2026-01-20T00:05:27.8232345Z Current runner version: '2.331.0'
2026-01-20T00:05:27.8262195Z ##[group]Runner Image Provisioner
2026-01-20T00:05:27.8263487Z Hosted Compute Agent
2026-01-20T00:05:27.8264463Z Version: 20251211.462
2026-01-20T00:05:27.8265534Z Commit: 6cbad8c2bb55d58165063d031ccabf57e2d2db61
2026-01-20T00:05:27.8266719Z Build Date: 2025-12-11T16:28:49Z
2026-01-20T00:05:27.8267837Z Worker ID: {9f9e8ae9-1384-4a2e-b26f-85ca0fb20ee2}
2026-01-20T00:05:27.8269310Z ##[endgroup]
2026-01-20T00:05:27.8270540Z ##[group]Operating System
2026-01-20T00:05:27.8271545Z Ubuntu
2026-01-20T00:05:27.8272395Z 24.04.3
2026-01-20T00:05:27.8273294Z LTS
2026-01-20T00:05:27.8274132Z ##[endgroup]
2026-01-20T00:05:27.8275110Z ##[group]Runner Image
2026-01-20T00:05:27.8276043Z Image: ubuntu-24.04
2026-01-20T00:05:27.8276802Z Version: 20260111.209.1
2026-01-20T00:05:27.8278631Z Included Software: https://github.com/actions/runner-images/blob/ubuntu24/20260111.209/images/ubuntu/Ubuntu2404-Readme.md
2026-01-20T00:05:27.8281531Z Image Release: https://github.com/actions/runner-images/releases/tag/ubuntu24%2F20260111.209
2026-01-20T00:05:27.8283538Z ##[endgroup]
2026-01-20T00:05:27.8285491Z ##[group]GITHUB_TOKEN Permissions
2026-01-20T00:05:27.8288213Z Contents: read
2026-01-20T00:05:27.8289070Z Metadata: read
2026-01-20T00:05:27.8290015Z Packages: read
2026-01-20T00:05:27.8291216Z ##[endgroup]
2026-01-20T00:05:27.8294038Z Secret source: Actions
2026-01-20T00:05:27.8295196Z Prepare workflow directory
2026-01-20T00:05:27.8653039Z Prepare all required actions
2026-01-20T00:05:27.8708398Z Getting action download info
2026-01-20T00:05:28.1907398Z Download action repository 'actions/checkout@v4' (SHA:34e114876b0b11c390a56381ad16ebd13914f8d5)
2026-01-20T00:05:28.2823988Z Download action repository 'actions/setup-python@v5' (SHA:a26af69be951a213d495a4c3e4e4022e16d87065)
2026-01-20T00:05:28.3691314Z Download action repository 'actions/upload-artifact@v4' (SHA:ea165f8d65b6e75b540449e92b4886f43607fa02)
2026-01-20T00:05:28.5899384Z Complete job name: test-edge-cases (grafana_play, https://play.grafana.org/, Navigate to dashboard, explore panels, ...
2026-01-20T00:05:28.6599904Z ##[group]Run actions/checkout@v4
2026-01-20T00:05:28.6601005Z with:
2026-01-20T00:05:28.6601464Z   repository: vishvasmca-cmd/build_qa_automation
2026-01-20T00:05:28.6602231Z   token: ***
2026-01-20T00:05:28.6602620Z   ssh-strict: true
2026-01-20T00:05:28.6603022Z   ssh-user: git
2026-01-20T00:05:28.6603412Z   persist-credentials: true
2026-01-20T00:05:28.6603856Z   clean: true
2026-01-20T00:05:28.6604249Z   sparse-checkout-cone-mode: true
2026-01-20T00:05:28.6604729Z   fetch-depth: 1
2026-01-20T00:05:28.6605128Z   fetch-tags: false
2026-01-20T00:05:28.6605517Z   show-progress: true
2026-01-20T00:05:28.6605927Z   lfs: false
2026-01-20T00:05:28.6606335Z   submodules: false
2026-01-20T00:05:28.6606744Z   set-safe-directory: true
2026-01-20T00:05:28.6607411Z ##[endgroup]
2026-01-20T00:05:28.7664727Z Syncing repository: vishvasmca-cmd/build_qa_automation
2026-01-20T00:05:28.7666498Z ##[group]Getting Git version info
2026-01-20T00:05:28.7667374Z Working directory is '/home/runner/work/build_qa_automation/build_qa_automation'
2026-01-20T00:05:28.7668431Z [command]/usr/bin/git version
2026-01-20T00:05:28.7734502Z git version 2.52.0
2026-01-20T00:05:28.7760357Z ##[endgroup]
2026-01-20T00:05:28.7775820Z Temporarily overriding HOME='/home/runner/work/_temp/83cc4802-9be0-4dde-ab52-1a7465b81ea7' before making global git config changes
2026-01-20T00:05:28.7778216Z Adding repository directory to the temporary git global config as a safe directory
2026-01-20T00:05:28.7789713Z [command]/usr/bin/git config --global --add safe.directory /home/runner/work/build_qa_automation/build_qa_automation
2026-01-20T00:05:28.7827928Z Deleting the contents of '/home/runner/work/build_qa_automation/build_qa_automation'
2026-01-20T00:05:28.7832223Z ##[group]Initializing the repository
2026-01-20T00:05:28.7836881Z [command]/usr/bin/git init /home/runner/work/build_qa_automation/build_qa_automation
2026-01-20T00:05:28.7920244Z hint: Using 'master' as the name for the initial branch. This default branch name
2026-01-20T00:05:28.7922496Z hint: will change to "main" in Git 3.0. To configure the initial branch name
2026-01-20T00:05:28.7924398Z hint: to use in all of your new repositories, which will suppress this warning,
2026-01-20T00:05:28.7925878Z hint: call:
2026-01-20T00:05:28.7926688Z hint:
2026-01-20T00:05:28.7927565Z hint: 	git config --global init.defaultBranch <name>
2026-01-20T00:05:28.7928588Z hint:
2026-01-20T00:05:28.7929591Z hint: Names commonly chosen instead of 'master' are 'main', 'trunk' and
2026-01-20T00:05:28.7931230Z hint: 'development'. The just-created branch can be renamed via this command:
2026-01-20T00:05:28.7931966Z hint:
2026-01-20T00:05:28.7932350Z hint: 	git branch -m <name>
2026-01-20T00:05:28.7932882Z hint:
2026-01-20T00:05:28.7933610Z hint: Disable this message with "git config set advice.defaultBranchName false"
2026-01-20T00:05:28.7935825Z Initialized empty Git repository in /home/runner/work/build_qa_automation/build_qa_automation/.git/
2026-01-20T00:05:28.7938964Z [command]/usr/bin/git remote add origin https://github.com/vishvasmca-cmd/build_qa_automation
2026-01-20T00:05:28.7972138Z ##[endgroup]
2026-01-20T00:05:28.7974739Z ##[group]Disabling automatic garbage collection
2026-01-20T00:05:28.7976206Z [command]/usr/bin/git config --local gc.auto 0
2026-01-20T00:05:28.8007123Z ##[endgroup]
2026-01-20T00:05:28.8008413Z ##[group]Setting up auth
2026-01-20T00:05:28.8014842Z [command]/usr/bin/git config --local --name-only --get-regexp core\.sshCommand
2026-01-20T00:05:28.8045461Z [command]/usr/bin/git submodule foreach --recursive sh -c "git config --local --name-only --get-regexp 'core\.sshCommand' && git config --local --unset-all 'core.sshCommand' || :"
2026-01-20T00:05:28.8369375Z [command]/usr/bin/git config --local --name-only --get-regexp http\.https\:\/\/github\.com\/\.extraheader
2026-01-20T00:05:28.8402392Z [command]/usr/bin/git submodule foreach --recursive sh -c "git config --local --name-only --get-regexp 'http\.https\:\/\/github\.com\/\.extraheader' && git config --local --unset-all 'http.https://github.com/.extraheader' || :"
2026-01-20T00:05:28.8636909Z [command]/usr/bin/git config --local --name-only --get-regexp ^includeIf\.gitdir:
2026-01-20T00:05:28.8677237Z [command]/usr/bin/git submodule foreach --recursive git config --local --show-origin --name-only --get-regexp remote.origin.url
2026-01-20T00:05:28.8936650Z [command]/usr/bin/git config --local http.https://github.com/.extraheader AUTHORIZATION: basic ***
2026-01-20T00:05:28.8973408Z ##[endgroup]
2026-01-20T00:05:28.8974682Z ##[group]Fetching the repository
2026-01-20T00:05:28.8982592Z [command]/usr/bin/git -c protocol.version=2 fetch --no-tags --prune --no-recurse-submodules --depth=1 origin +5a677122f89898e32026444dee4d4fdc35502b0f:refs/remotes/origin/main
2026-01-20T00:05:30.0682997Z From https://github.com/vishvasmca-cmd/build_qa_automation
2026-01-20T00:05:30.0685368Z  * [new ref]         5a677122f89898e32026444dee4d4fdc35502b0f -> origin/main
2026-01-20T00:05:30.0725225Z ##[endgroup]
2026-01-20T00:05:30.0726926Z ##[group]Determining the checkout info
2026-01-20T00:05:30.0728975Z ##[endgroup]
2026-01-20T00:05:30.0730834Z [command]/usr/bin/git sparse-checkout disable
2026-01-20T00:05:30.0787974Z [command]/usr/bin/git config --local --unset-all extensions.worktreeConfig
2026-01-20T00:05:30.0818774Z ##[group]Checking out the ref
2026-01-20T00:05:30.0825593Z [command]/usr/bin/git checkout --progress --force -B main refs/remotes/origin/main
2026-01-20T00:05:30.2392687Z Switched to a new branch 'main'
2026-01-20T00:05:30.2394254Z branch 'main' set up to track 'origin/main'.
2026-01-20T00:05:30.2448472Z ##[endgroup]
2026-01-20T00:05:30.2451720Z [command]/usr/bin/git log -1 --format=%H
2026-01-20T00:05:30.2474713Z 5a677122f89898e32026444dee4d4fdc35502b0f
2026-01-20T00:05:30.2789322Z ##[group]Run actions/setup-python@v5
2026-01-20T00:05:30.2790613Z with:
2026-01-20T00:05:30.2791484Z   python-version: 3.11
2026-01-20T00:05:30.2792426Z   cache: pip
2026-01-20T00:05:30.2793490Z   check-latest: false
2026-01-20T00:05:30.2794693Z   token: ***
2026-01-20T00:05:30.2795571Z   update-environment: true
2026-01-20T00:05:30.2796632Z   allow-prereleases: false
2026-01-20T00:05:30.2797615Z   freethreaded: false
2026-01-20T00:05:30.2798512Z ##[endgroup]
2026-01-20T00:05:30.4529876Z ##[group]Installed versions
2026-01-20T00:05:30.4625635Z Successfully set up CPython (3.11.14)
2026-01-20T00:05:30.4626496Z ##[endgroup]
2026-01-20T00:05:30.5733452Z [command]/opt/hostedtoolcache/Python/3.11.14/x64/bin/pip cache dir
2026-01-20T00:05:30.8661849Z /home/runner/.cache/pip
2026-01-20T00:05:31.0189240Z Cache hit for: setup-python-Linux-x64-24.04-Ubuntu-python-3.11.14-pip-dde08d0e0b672972dcda9f1a063036a2e0c226f5d0a20362e9401931676d80a4
2026-01-20T00:05:32.1808778Z Received 134217728 of 254742636 (52.7%), 124.5 MBs/sec
2026-01-20T00:05:32.7659813Z Received 254742636 of 254742636 (100.0%), 150.6 MBs/sec
2026-01-20T00:05:32.7661373Z Cache Size: ~243 MB (254742636 B)
2026-01-20T00:05:32.7784710Z [command]/usr/bin/tar -xf /home/runner/work/_temp/bec2c64e-8006-414c-80be-ef7dbfa8878e/cache.tzst -P -C /home/runner/work/build_qa_automation/build_qa_automation --use-compress-program unzstd
2026-01-20T00:05:33.1636817Z Cache restored successfully
2026-01-20T00:05:33.2133709Z Cache restored from key: setup-python-Linux-x64-24.04-Ubuntu-python-3.11.14-pip-dde08d0e0b672972dcda9f1a063036a2e0c226f5d0a20362e9401931676d80a4
2026-01-20T00:05:33.2377670Z ##[group]Run pip install -r requirements.txt
2026-01-20T00:05:33.2378098Z [36;1mpip install -r requirements.txt[0m
2026-01-20T00:05:33.2378412Z [36;1mplaywright install chromium[0m
2026-01-20T00:05:33.2417664Z shell: /usr/bin/bash -e {0}
2026-01-20T00:05:33.2417941Z env:
2026-01-20T00:05:33.2418213Z   pythonLocation: /opt/hostedtoolcache/Python/3.11.14/x64
2026-01-20T00:05:33.2418672Z   PKG_CONFIG_PATH: /opt/hostedtoolcache/Python/3.11.14/x64/lib/pkgconfig
2026-01-20T00:05:33.2419127Z   Python_ROOT_DIR: /opt/hostedtoolcache/Python/3.11.14/x64
2026-01-20T00:05:33.2419540Z   Python2_ROOT_DIR: /opt/hostedtoolcache/Python/3.11.14/x64
2026-01-20T00:05:33.2419932Z   Python3_ROOT_DIR: /opt/hostedtoolcache/Python/3.11.14/x64
2026-01-20T00:05:33.2420534Z   LD_LIBRARY_PATH: /opt/hostedtoolcache/Python/3.11.14/x64/lib
2026-01-20T00:05:33.2420877Z ##[endgroup]
2026-01-20T00:05:33.9123665Z Collecting playwright (from -r requirements.txt (line 1))
2026-01-20T00:05:33.9139938Z   Using cached playwright-1.57.0-py3-none-manylinux1_x86_64.whl.metadata (3.5 kB)
2026-01-20T00:05:33.9397769Z Collecting python-dotenv (from -r requirements.txt (line 2))
2026-01-20T00:05:33.9412505Z   Using cached python_dotenv-1.2.1-py3-none-any.whl.metadata (25 kB)
2026-01-20T00:05:33.9770381Z Collecting requests (from -r requirements.txt (line 3))
2026-01-20T00:05:33.9784420Z   Using cached requests-2.32.5-py3-none-any.whl.metadata (4.9 kB)
2026-01-20T00:05:34.2240751Z Collecting pillow (from -r requirements.txt (line 4))
2026-01-20T00:05:34.2257561Z   Using cached pillow-12.1.0-cp311-cp311-manylinux_2_27_x86_64.manylinux_2_28_x86_64.whl.metadata (8.8 kB)
2026-01-20T00:05:34.2594627Z Collecting google-genai>=0.3.0 (from -r requirements.txt (line 5))
2026-01-20T00:05:34.2608300Z   Using cached google_genai-1.59.0-py3-none-any.whl.metadata (53 kB)
2026-01-20T00:05:34.2839262Z Collecting termcolor (from -r requirements.txt (line 6))
2026-01-20T00:05:34.2853285Z   Using cached termcolor-3.3.0-py3-none-any.whl.metadata (6.5 kB)
2026-01-20T00:05:34.3297663Z Collecting PyYAML (from -r requirements.txt (line 7))
2026-01-20T00:05:34.3312146Z   Using cached pyyaml-6.0.3-cp311-cp311-manylinux2014_x86_64.manylinux_2_17_x86_64.manylinux_2_28_x86_64.whl.metadata (2.4 kB)
2026-01-20T00:05:34.3951475Z Collecting opencv-python-headless (from -r requirements.txt (line 8))
2026-01-20T00:05:34.3965602Z   Using cached opencv_python_headless-4.13.0.90-cp37-abi3-manylinux_2_28_x86_64.whl.metadata (19 kB)
2026-01-20T00:05:34.6085592Z Collecting numpy (from -r requirements.txt (line 9))
2026-01-20T00:05:34.6100650Z   Using cached numpy-2.4.1-cp311-cp311-manylinux_2_27_x86_64.manylinux_2_28_x86_64.whl.metadata (6.6 kB)
2026-01-20T00:05:34.8352776Z Collecting faker (from -r requirements.txt (line 10))
2026-01-20T00:05:34.8367775Z   Using cached faker-40.1.2-py3-none-any.whl.metadata (16 kB)
2026-01-20T00:05:34.8633702Z Collecting pyee<14,>=13 (from playwright->-r requirements.txt (line 1))
2026-01-20T00:05:34.8646717Z   Using cached pyee-13.0.0-py3-none-any.whl.metadata (2.9 kB)
2026-01-20T00:05:34.9897680Z Collecting greenlet<4.0.0,>=3.1.1 (from playwright->-r requirements.txt (line 1))
2026-01-20T00:05:34.9912417Z   Using cached greenlet-3.3.0-cp311-cp311-manylinux_2_24_x86_64.manylinux_2_28_x86_64.whl.metadata (4.1 kB)
2026-01-20T00:05:35.0178673Z Collecting typing-extensions (from pyee<14,>=13->playwright->-r requirements.txt (line 1))
2026-01-20T00:05:35.0191483Z   Using cached typing_extensions-4.15.0-py3-none-any.whl.metadata (3.3 kB)
2026-01-20T00:05:35.1083887Z Collecting charset_normalizer<4,>=2 (from requests->-r requirements.txt (line 3))
2026-01-20T00:05:35.1098842Z   Using cached charset_normalizer-3.4.4-cp311-cp311-manylinux2014_x86_64.manylinux_2_17_x86_64.manylinux_2_28_x86_64.whl.metadata (37 kB)
2026-01-20T00:05:35.1336452Z Collecting idna<4,>=2.5 (from requests->-r requirements.txt (line 3))
2026-01-20T00:05:35.1349190Z   Using cached idna-3.11-py3-none-any.whl.metadata (8.4 kB)
2026-01-20T00:05:35.1702450Z Collecting urllib3<3,>=1.21.1 (from requests->-r requirements.txt (line 3))
2026-01-20T00:05:35.1715557Z   Using cached urllib3-2.6.3-py3-none-any.whl.metadata (6.9 kB)
2026-01-20T00:05:35.2014475Z Collecting certifi>=2017.4.17 (from requests->-r requirements.txt (line 3))
2026-01-20T00:05:35.2027658Z   Using cached certifi-2026.1.4-py3-none-any.whl.metadata (2.5 kB)
2026-01-20T00:05:35.2326683Z Collecting anyio<5.0.0,>=4.8.0 (from google-genai>=0.3.0->-r requirements.txt (line 5))
2026-01-20T00:05:35.2339813Z   Using cached anyio-4.12.1-py3-none-any.whl.metadata (4.3 kB)
2026-01-20T00:05:35.2804794Z Collecting google-auth<3.0.0,>=2.47.0 (from google-auth[requests]<3.0.0,>=2.47.0->google-genai>=0.3.0->-r requirements.txt (line 5))
2026-01-20T00:05:35.2817876Z   Using cached google_auth-2.47.0-py3-none-any.whl.metadata (6.4 kB)
2026-01-20T00:05:35.3240657Z Collecting httpx<1.0.0,>=0.28.1 (from google-genai>=0.3.0->-r requirements.txt (line 5))
2026-01-20T00:05:35.3254169Z   Using cached httpx-0.28.1-py3-none-any.whl.metadata (7.1 kB)
2026-01-20T00:05:35.4733653Z Collecting pydantic<3.0.0,>=2.9.0 (from google-genai>=0.3.0->-r requirements.txt (line 5))
2026-01-20T00:05:35.4748174Z   Using cached pydantic-2.12.5-py3-none-any.whl.metadata (90 kB)
2026-01-20T00:05:35.5102964Z Collecting tenacity<9.2.0,>=8.2.3 (from google-genai>=0.3.0->-r requirements.txt (line 5))
2026-01-20T00:05:35.5115799Z   Using cached tenacity-9.1.2-py3-none-any.whl.metadata (1.2 kB)
2026-01-20T00:05:35.6036470Z Collecting websockets<15.1.0,>=13.0.0 (from google-genai>=0.3.0->-r requirements.txt (line 5))
2026-01-20T00:05:35.6050590Z   Using cached websockets-15.0.1-cp311-cp311-manylinux_2_5_x86_64.manylinux1_x86_64.manylinux_2_17_x86_64.manylinux2014_x86_64.whl.metadata (6.8 kB)
2026-01-20T00:05:35.6272882Z Collecting distro<2,>=1.7.0 (from google-genai>=0.3.0->-r requirements.txt (line 5))
2026-01-20T00:05:35.6285141Z   Using cached distro-1.9.0-py3-none-any.whl.metadata (6.8 kB)
2026-01-20T00:05:35.6461886Z Collecting sniffio (from google-genai>=0.3.0->-r requirements.txt (line 5))
2026-01-20T00:05:35.6474493Z   Using cached sniffio-1.3.1-py3-none-any.whl.metadata (3.9 kB)
2026-01-20T00:05:35.6825893Z Collecting pyasn1-modules>=0.2.1 (from google-auth<3.0.0,>=2.47.0->google-auth[requests]<3.0.0,>=2.47.0->google-genai>=0.3.0->-r requirements.txt (line 5))
2026-01-20T00:05:35.6838151Z   Using cached pyasn1_modules-0.4.2-py3-none-any.whl.metadata (3.5 kB)
2026-01-20T00:05:35.7073122Z Collecting rsa<5,>=3.1.4 (from google-auth<3.0.0,>=2.47.0->google-auth[requests]<3.0.0,>=2.47.0->google-genai>=0.3.0->-r requirements.txt (line 5))
2026-01-20T00:05:35.7085572Z   Using cached rsa-4.9.1-py3-none-any.whl.metadata (5.6 kB)
2026-01-20T00:05:35.7458762Z Collecting httpcore==1.* (from httpx<1.0.0,>=0.28.1->google-genai>=0.3.0->-r requirements.txt (line 5))
2026-01-20T00:05:35.7471768Z   Using cached httpcore-1.0.9-py3-none-any.whl.metadata (21 kB)
2026-01-20T00:05:35.7676907Z Collecting h11>=0.16 (from httpcore==1.*->httpx<1.0.0,>=0.28.1->google-genai>=0.3.0->-r requirements.txt (line 5))
2026-01-20T00:05:35.7689432Z   Using cached h11-0.16.0-py3-none-any.whl.metadata (8.3 kB)
2026-01-20T00:05:35.7878999Z Collecting annotated-types>=0.6.0 (from pydantic<3.0.0,>=2.9.0->google-genai>=0.3.0->-r requirements.txt (line 5))
2026-01-20T00:05:35.7891897Z   Using cached annotated_types-0.7.0-py3-none-any.whl.metadata (15 kB)
2026-01-20T00:05:36.4527509Z Collecting pydantic-core==2.41.5 (from pydantic<3.0.0,>=2.9.0->google-genai>=0.3.0->-r requirements.txt (line 5))
2026-01-20T00:05:36.4543343Z   Using cached pydantic_core-2.41.5-cp311-cp311-manylinux_2_17_x86_64.manylinux2014_x86_64.whl.metadata (7.3 kB)
2026-01-20T00:05:36.4773879Z Collecting typing-inspection>=0.4.2 (from pydantic<3.0.0,>=2.9.0->google-genai>=0.3.0->-r requirements.txt (line 5))
2026-01-20T00:05:36.4787003Z   Using cached typing_inspection-0.4.2-py3-none-any.whl.metadata (2.6 kB)
2026-01-20T00:05:36.5512993Z Collecting pyasn1>=0.1.3 (from rsa<5,>=3.1.4->google-auth<3.0.0,>=2.47.0->google-auth[requests]<3.0.0,>=2.47.0->google-genai>=0.3.0->-r requirements.txt (line 5))
2026-01-20T00:05:36.5528903Z   Using cached pyasn1-0.6.2-py3-none-any.whl.metadata (8.4 kB)
2026-01-20T00:05:36.5803551Z Using cached playwright-1.57.0-py3-none-manylinux1_x86_64.whl (46.0 MB)
2026-01-20T00:05:36.6148171Z Using cached greenlet-3.3.0-cp311-cp311-manylinux_2_24_x86_64.manylinux_2_28_x86_64.whl (590 kB)
2026-01-20T00:05:36.6165980Z Using cached pyee-13.0.0-py3-none-any.whl (15 kB)
2026-01-20T00:05:36.6179354Z Using cached python_dotenv-1.2.1-py3-none-any.whl (21 kB)
2026-01-20T00:05:36.6192577Z Using cached requests-2.32.5-py3-none-any.whl (64 kB)
2026-01-20T00:05:36.6211208Z Using cached charset_normalizer-3.4.4-cp311-cp311-manylinux2014_x86_64.manylinux_2_17_x86_64.manylinux_2_28_x86_64.whl (151 kB)
2026-01-20T00:05:36.6225847Z Using cached idna-3.11-py3-none-any.whl (71 kB)
2026-01-20T00:05:36.6242160Z Using cached urllib3-2.6.3-py3-none-any.whl (131 kB)
2026-01-20T00:05:36.6261001Z Using cached pillow-12.1.0-cp311-cp311-manylinux_2_27_x86_64.manylinux_2_28_x86_64.whl (7.0 MB)
2026-01-20T00:05:36.6329253Z Using cached google_genai-1.59.0-py3-none-any.whl (719 kB)
2026-01-20T00:05:36.6351345Z Using cached anyio-4.12.1-py3-none-any.whl (113 kB)
2026-01-20T00:05:36.6365037Z Using cached distro-1.9.0-py3-none-any.whl (20 kB)
2026-01-20T00:05:36.6378180Z Using cached google_auth-2.47.0-py3-none-any.whl (234 kB)
2026-01-20T00:05:36.6392622Z Using cached httpx-0.28.1-py3-none-any.whl (73 kB)
2026-01-20T00:05:36.6405921Z Using cached httpcore-1.0.9-py3-none-any.whl (78 kB)
2026-01-20T00:05:36.6419202Z Using cached pydantic-2.12.5-py3-none-any.whl (463 kB)
2026-01-20T00:05:36.6435689Z Using cached pydantic_core-2.41.5-cp311-cp311-manylinux_2_17_x86_64.manylinux2014_x86_64.whl (2.1 MB)
2026-01-20T00:05:36.6462649Z Using cached rsa-4.9.1-py3-none-any.whl (34 kB)
2026-01-20T00:05:36.6475615Z Using cached tenacity-9.1.2-py3-none-any.whl (28 kB)
2026-01-20T00:05:36.6488784Z Using cached typing_extensions-4.15.0-py3-none-any.whl (44 kB)
2026-01-20T00:05:36.6502827Z Using cached websockets-15.0.1-cp311-cp311-manylinux_2_5_x86_64.manylinux1_x86_64.manylinux_2_17_x86_64.manylinux2014_x86_64.whl (182 kB)
2026-01-20T00:05:36.6516494Z Using cached termcolor-3.3.0-py3-none-any.whl (7.7 kB)
2026-01-20T00:05:36.6529941Z Using cached pyyaml-6.0.3-cp311-cp311-manylinux2014_x86_64.manylinux_2_17_x86_64.manylinux_2_28_x86_64.whl (806 kB)
2026-01-20T00:05:36.6548684Z Using cached opencv_python_headless-4.13.0.90-cp37-abi3-manylinux_2_28_x86_64.whl (62.5 MB)
2026-01-20T00:05:36.6999350Z Using cached numpy-2.4.1-cp311-cp311-manylinux_2_27_x86_64.manylinux_2_28_x86_64.whl (16.7 MB)
2026-01-20T00:05:36.7127574Z Using cached faker-40.1.2-py3-none-any.whl (2.0 MB)
2026-01-20T00:05:36.7155237Z Using cached annotated_types-0.7.0-py3-none-any.whl (13 kB)
2026-01-20T00:05:36.7168451Z Using cached certifi-2026.1.4-py3-none-any.whl (152 kB)
2026-01-20T00:05:36.7181889Z Using cached h11-0.16.0-py3-none-any.whl (37 kB)
2026-01-20T00:05:36.7194493Z Using cached pyasn1-0.6.2-py3-none-any.whl (83 kB)
2026-01-20T00:05:36.7207386Z Using cached pyasn1_modules-0.4.2-py3-none-any.whl (181 kB)
2026-01-20T00:05:36.7221204Z Using cached typing_inspection-0.4.2-py3-none-any.whl (14 kB)
2026-01-20T00:05:36.7233646Z Using cached sniffio-1.3.1-py3-none-any.whl (10 kB)
2026-01-20T00:05:37.1785293Z Installing collected packages: websockets, urllib3, typing-extensions, termcolor, tenacity, sniffio, PyYAML, python-dotenv, pyasn1, pillow, numpy, idna, h11, greenlet, faker, distro, charset_normalizer, certifi, annotated-types, typing-inspection, rsa, requests, pyee, pydantic-core, pyasn1-modules, opencv-python-headless, httpcore, anyio, pydantic, playwright, httpx, google-auth, google-genai
2026-01-20T00:05:43.8411930Z 
2026-01-20T00:05:43.8435069Z Successfully installed PyYAML-6.0.3 annotated-types-0.7.0 anyio-4.12.1 certifi-2026.1.4 charset_normalizer-3.4.4 distro-1.9.0 faker-40.1.2 google-auth-2.47.0 google-genai-1.59.0 greenlet-3.3.0 h11-0.16.0 httpcore-1.0.9 httpx-0.28.1 idna-3.11 numpy-2.4.1 opencv-python-headless-4.13.0.90 pillow-12.1.0 playwright-1.57.0 pyasn1-0.6.2 pyasn1-modules-0.4.2 pydantic-2.12.5 pydantic-core-2.41.5 pyee-13.0.0 python-dotenv-1.2.1 requests-2.32.5 rsa-4.9.1 sniffio-1.3.1 tenacity-9.1.2 termcolor-3.3.0 typing-extensions-4.15.0 typing-inspection-0.4.2 urllib3-2.6.3 websockets-15.0.1
2026-01-20T00:05:44.4193690Z Downloading Chromium 143.0.7499.4 (playwright build v1200) from https://cdn.playwright.dev/dbazure/download/playwright/builds/chromium/1200/chromium-linux.zip
2026-01-20T00:05:44.5139256Z (node:2196) [DEP0169] DeprecationWarning: `url.parse()` behavior is not standardized and prone to errors that have security implications. Use the WHATWG URL API instead. CVEs are not issued for `url.parse()` vulnerabilities.
2026-01-20T00:05:44.5141202Z (Use `node --trace-deprecation ...` to show where the warning was created)
2026-01-20T00:05:44.6474890Z |                                                                                |   0% of 164.7 MiB
2026-01-20T00:05:44.9331195Z |■■■■■■■■                                                                        |  10% of 164.7 MiB
2026-01-20T00:05:45.0460647Z |■■■■■■■■■■■■■■■■                                                                |  20% of 164.7 MiB
2026-01-20T00:05:45.1491150Z |■■■■■■■■■■■■■■■■■■■■■■■■                                                        |  30% of 164.7 MiB
2026-01-20T00:05:45.2477952Z |■■■■■■■■■■■■■■■■■■■■■■■■■■■■■■■■                                                |  40% of 164.7 MiB
2026-01-20T00:05:45.3439374Z |■■■■■■■■■■■■■■■■■■■■■■■■■■■■■■■■■■■■■■■■                                        |  50% of 164.7 MiB
2026-01-20T00:05:45.4449545Z |■■■■■■■■■■■■■■■■■■■■■■■■■■■■■■■■■■■■■■■■■■■■■■■■                                |  60% of 164.7 MiB
2026-01-20T00:05:45.5407354Z |■■■■■■■■■■■■■■■■■■■■■■■■■■■■■■■■■■■■■■■■■■■■■■■■■■■■■■■■                        |  70% of 164.7 MiB
2026-01-20T00:05:45.6381345Z |■■■■■■■■■■■■■■■■■■■■■■■■■■■■■■■■■■■■■■■■■■■■■■■■■■■■■■■■■■■■■■■■                |  80% of 164.7 MiB
2026-01-20T00:05:45.7374148Z |■■■■■■■■■■■■■■■■■■■■■■■■■■■■■■■■■■■■■■■■■■■■■■■■■■■■■■■■■■■■■■■■■■■■■■■■        |  90% of 164.7 MiB
2026-01-20T00:05:45.8334815Z |■■■■■■■■■■■■■■■■■■■■■■■■■■■■■■■■■■■■■■■■■■■■■■■■■■■■■■■■■■■■■■■■■■■■■■■■■■■■■■■■| 100% of 164.7 MiB
2026-01-20T00:05:48.2494572Z Chromium 143.0.7499.4 (playwright build v1200) downloaded to /home/runner/.cache/ms-playwright/chromium-1200
2026-01-20T00:05:48.2498711Z Downloading FFMPEG playwright build v1011 from https://cdn.playwright.dev/dbazure/download/playwright/builds/ffmpeg/1011/ffmpeg-linux.zip
2026-01-20T00:05:48.3447064Z (node:2207) [DEP0169] DeprecationWarning: `url.parse()` behavior is not standardized and prone to errors that have security implications. Use the WHATWG URL API instead. CVEs are not issued for `url.parse()` vulnerabilities.
2026-01-20T00:05:48.3449497Z (Use `node --trace-deprecation ...` to show where the warning was created)
2026-01-20T00:05:48.5203747Z |                                                                                |   0% of 2.3 MiB
2026-01-20T00:05:48.5474163Z |■■■■■■■■                                                                        |  10% of 2.3 MiB
2026-01-20T00:05:48.5594163Z |■■■■■■■■■■■■■■■■                                                                |  20% of 2.3 MiB
2026-01-20T00:05:48.5673576Z |■■■■■■■■■■■■■■■■■■■■■■■■                                                        |  30% of 2.3 MiB
2026-01-20T00:05:48.5722976Z |■■■■■■■■■■■■■■■■■■■■■■■■■■■■■■■■                                                |  40% of 2.3 MiB
2026-01-20T00:05:48.5768852Z |■■■■■■■■■■■■■■■■■■■■■■■■■■■■■■■■■■■■■■■■                                        |  50% of 2.3 MiB
2026-01-20T00:05:48.5836358Z |■■■■■■■■■■■■■■■■■■■■■■■■■■■■■■■■■■■■■■■■■■■■■■■■                                |  60% of 2.3 MiB
2026-01-20T00:05:48.5863895Z |■■■■■■■■■■■■■■■■■■■■■■■■■■■■■■■■■■■■■■■■■■■■■■■■■■■■■■■■                        |  70% of 2.3 MiB
2026-01-20T00:05:48.5886473Z |■■■■■■■■■■■■■■■■■■■■■■■■■■■■■■■■■■■■■■■■■■■■■■■■■■■■■■■■■■■■■■■■                |  80% of 2.3 MiB
2026-01-20T00:05:48.5911568Z |■■■■■■■■■■■■■■■■■■■■■■■■■■■■■■■■■■■■■■■■■■■■■■■■■■■■■■■■■■■■■■■■■■■■■■■■        |  90% of 2.3 MiB
2026-01-20T00:05:48.5961091Z |■■■■■■■■■■■■■■■■■■■■■■■■■■■■■■■■■■■■■■■■■■■■■■■■■■■■■■■■■■■■■■■■■■■■■■■■■■■■■■■■| 100% of 2.3 MiB
2026-01-20T00:05:48.6508376Z FFMPEG playwright build v1011 downloaded to /home/runner/.cache/ms-playwright/ffmpeg-1011
2026-01-20T00:05:48.6512398Z Downloading Chromium Headless Shell 143.0.7499.4 (playwright build v1200) from https://cdn.playwright.dev/dbazure/download/playwright/builds/chromium/1200/chromium-headless-shell-linux.zip
2026-01-20T00:05:48.7470651Z (node:2218) [DEP0169] DeprecationWarning: `url.parse()` behavior is not standardized and prone to errors that have security implications. Use the WHATWG URL API instead. CVEs are not issued for `url.parse()` vulnerabilities.
2026-01-20T00:05:48.7472040Z (Use `node --trace-deprecation ...` to show where the warning was created)
2026-01-20T00:05:48.8784963Z |                                                                                |   0% of 109.7 MiB
2026-01-20T00:05:49.1468172Z |■■■■■■■■                                                                        |  10% of 109.7 MiB
2026-01-20T00:05:49.2253179Z |■■■■■■■■■■■■■■■■                                                                |  20% of 109.7 MiB
2026-01-20T00:05:49.3029393Z |■■■■■■■■■■■■■■■■■■■■■■■■                                                        |  30% of 109.7 MiB
2026-01-20T00:05:49.3778376Z |■■■■■■■■■■■■■■■■■■■■■■■■■■■■■■■■                                                |  40% of 109.7 MiB
2026-01-20T00:05:49.4540836Z |■■■■■■■■■■■■■■■■■■■■■■■■■■■■■■■■■■■■■■■■                                        |  50% of 109.7 MiB
2026-01-20T00:05:49.5381942Z |■■■■■■■■■■■■■■■■■■■■■■■■■■■■■■■■■■■■■■■■■■■■■■■■                                |  60% of 109.7 MiB
2026-01-20T00:05:49.6106696Z |■■■■■■■■■■■■■■■■■■■■■■■■■■■■■■■■■■■■■■■■■■■■■■■■■■■■■■■■                        |  70% of 109.7 MiB
2026-01-20T00:05:49.6849744Z |■■■■■■■■■■■■■■■■■■■■■■■■■■■■■■■■■■■■■■■■■■■■■■■■■■■■■■■■■■■■■■■■                |  80% of 109.7 MiB
2026-01-20T00:05:49.7682428Z |■■■■■■■■■■■■■■■■■■■■■■■■■■■■■■■■■■■■■■■■■■■■■■■■■■■■■■■■■■■■■■■■■■■■■■■■        |  90% of 109.7 MiB
2026-01-20T00:05:49.8409820Z |■■■■■■■■■■■■■■■■■■■■■■■■■■■■■■■■■■■■■■■■■■■■■■■■■■■■■■■■■■■■■■■■■■■■■■■■■■■■■■■■| 100% of 109.7 MiB
2026-01-20T00:05:51.6489834Z Chromium Headless Shell 143.0.7499.4 (playwright build v1200) downloaded to /home/runner/.cache/ms-playwright/chromium_headless_shell-1200
2026-01-20T00:05:51.6715473Z ##[group]Run mkdir -p projects/edge_grafana_play
2026-01-20T00:05:51.6715909Z [36;1mmkdir -p projects/edge_grafana_play[0m
2026-01-20T00:05:51.6716323Z [36;1mcat > projects/edge_grafana_play/config.json << 'EOF'[0m
2026-01-20T00:05:51.6716648Z [36;1m{[0m
2026-01-20T00:05:51.6716861Z [36;1m  "project_name": "edge_grafana_play",[0m
2026-01-20T00:05:51.6717217Z [36;1m  "target_url": "https://play.grafana.org/",[0m
2026-01-20T00:05:51.6717756Z [36;1m  "goal": "Navigate to dashboard, explore panels, click different visualizations, verify data displays",[0m
2026-01-20T00:05:51.6718243Z [36;1m  "headless": true[0m
2026-01-20T00:05:51.6718458Z [36;1m}[0m
2026-01-20T00:05:51.6718631Z [36;1mEOF[0m
2026-01-20T00:05:51.6752254Z shell: /usr/bin/bash -e {0}
2026-01-20T00:05:51.6752493Z env:
2026-01-20T00:05:51.6752752Z   pythonLocation: /opt/hostedtoolcache/Python/3.11.14/x64
2026-01-20T00:05:51.6753185Z   PKG_CONFIG_PATH: /opt/hostedtoolcache/Python/3.11.14/x64/lib/pkgconfig
2026-01-20T00:05:51.6753645Z   Python_ROOT_DIR: /opt/hostedtoolcache/Python/3.11.14/x64
2026-01-20T00:05:51.6754033Z   Python2_ROOT_DIR: /opt/hostedtoolcache/Python/3.11.14/x64
2026-01-20T00:05:51.6754398Z   Python3_ROOT_DIR: /opt/hostedtoolcache/Python/3.11.14/x64
2026-01-20T00:05:51.6754797Z   LD_LIBRARY_PATH: /opt/hostedtoolcache/Python/3.11.14/x64/lib
2026-01-20T00:05:51.6755125Z ##[endgroup]
2026-01-20T00:05:51.6862833Z ##[group]Run echo "🧪 Testing Edge Case: grafana_play"
2026-01-20T00:05:51.6863227Z [36;1mecho "🧪 Testing Edge Case: grafana_play"[0m
2026-01-20T00:05:51.6863768Z [36;1mecho "🎯 Goal: Navigate to dashboard, explore panels, click different visualizations, verify data displays"[0m
2026-01-20T00:05:51.6864278Z [36;1mecho ""[0m
2026-01-20T00:05:51.6864515Z [36;1m# Use --deep for comprehensive testing[0m
2026-01-20T00:05:51.6864945Z [36;1mpython orchestrator.py --project projects/edge_grafana_play --deep --force[0m
2026-01-20T00:05:51.6894765Z shell: /usr/bin/bash -e {0}
2026-01-20T00:05:51.6895002Z env:
2026-01-20T00:05:51.6895265Z   pythonLocation: /opt/hostedtoolcache/Python/3.11.14/x64
2026-01-20T00:05:51.6895862Z   PKG_CONFIG_PATH: /opt/hostedtoolcache/Python/3.11.14/x64/lib/pkgconfig
2026-01-20T00:05:51.6896299Z   Python_ROOT_DIR: /opt/hostedtoolcache/Python/3.11.14/x64
2026-01-20T00:05:51.6896680Z   Python2_ROOT_DIR: /opt/hostedtoolcache/Python/3.11.14/x64
2026-01-20T00:05:51.6897094Z   Python3_ROOT_DIR: /opt/hostedtoolcache/Python/3.11.14/x64
2026-01-20T00:05:51.6897478Z   LD_LIBRARY_PATH: /opt/hostedtoolcache/Python/3.11.14/x64/lib
2026-01-20T00:05:51.6897997Z   GOOGLE_API_KEY: ***
2026-01-20T00:05:51.6898209Z   PYTHONPATH: .
2026-01-20T00:05:51.6898403Z ##[endgroup]
2026-01-20T00:05:51.6947548Z 🧪 Testing Edge Case: grafana_play
2026-01-20T00:05:51.6948302Z 🎯 Goal: Navigate to dashboard, explore panels, click different visualizations, verify data displays
2026-01-20T00:05:51.6948726Z 
2026-01-20T00:05:53.3239968Z 🚀 [DEEP] Extensive mapping enabled (Depth: 3, Pages: 50)
2026-01-20T00:05:53.3240797Z 
2026-01-20T00:05:53.3241497Z 🗺️ [DISCOVERY] Starting Parallel Semantic Crawl on https://play.grafana.org/ (Workers: 3)
2026-01-20T00:05:53.7299475Z   🔍 [Worker 0] Visiting (0): https://play.grafana.org/
2026-01-20T00:05:55.9995349Z [DEBUG] Sending request to gemini-2.0-flash. Number of parts: 1
2026-01-20T00:05:55.9996077Z [DEBUG] Received response (Length: 297)
2026-01-20T00:05:55.9996966Z ✅ Discovery Complete. Mapped 1 pages.
2026-01-20T00:06:01.5667763Z 
2026-01-20T00:06:01.5668794Z [PLAN] PLANNER: Planning goal -> 'Navigate to dashboard, explore panels, click different visualizations, verify data displays' (Deep Mode: True)
2026-01-20T00:06:01.5669964Z 🗺️ [PLAN] Loaded Sitemap with 1 pages.
2026-01-20T00:06:01.5670763Z 📊 [KNOWLEDGE] Page types: ['homepage']
2026-01-20T00:06:01.5671191Z 🔄 [KNOWLEDGE] Flows: 0, Forms: 0
2026-01-20T00:06:01.5672064Z 🎭 [EXPERT] Detected Domain: SAAS. Persona: Act as a Senior SDET focusing on SaaS platform stability and functional coverage
2026-01-20T00:06:01.5672969Z [DEBUG] Sending request to gemini-2.0-flash. Number of parts: 1
2026-01-20T00:06:01.5673494Z [DEBUG] Received response (Length: 756)
2026-01-20T00:06:01.5673979Z ✅ Planner generated 1 scenarios. Workflow updated.
2026-01-20T00:06:02.5806939Z 
2026-01-20T00:06:02.5807971Z 🕵️ [DEEP EXPLORER] Starting Multi-Scenario Exploration
2026-01-20T00:06:02.5808761Z 📋 Found 1 scenarios to explore.
2026-01-20T00:06:02.9419161Z 
2026-01-20T00:06:02.9419960Z [1/1] Exploring Scenario: Dashboard Exploration and Visualization Verification
2026-01-20T00:06:02.9422298Z     🧠 Initialized exploration context for goal: 'Navigates to the Grafana Play dashboard, explores different panels, clicks on visualizations, and verifies that data is displayed.'
2026-01-20T00:06:02.9423942Z     🎯 Scenario: Dashboard Exploration and Visualization Verification
2026-01-20T00:06:02.9439628Z   ▶️ [STEP step_1] NAVIGATE: 
2026-01-20T00:06:04.4586022Z     ✅ Navigated to https://play.grafana.org/
2026-01-20T00:06:04.4615566Z   ▶️ [STEP step_2] ASSERT_URL: 
2026-01-20T00:06:09.8531479Z     ⚠️ Scroll into view failed for text=None. Proceeding anyway.
2026-01-20T00:06:11.8554187Z     ✅ State transitioned.
2026-01-20T00:06:13.7138094Z [DEBUG] Sending request to gemini-2.0-flash. Number of parts: 2
2026-01-20T00:06:13.7138854Z [DEBUG] Received response (Length: 235)
2026-01-20T00:06:13.7140336Z     🤖 AI Next Step Suggestion: click -> Dashboards
2026-01-20T00:06:13.7140889Z     🧩 Suggested Locator: a[href='/dashboards']
2026-01-20T00:06:13.7141807Z     💭 Reasoning: To explore different panels and visualizations, clicking on 'Dashboards' is the next logical step after landing on the home page.
2026-01-20T00:06:13.7142627Z     ➕ Injected AI step: click -> Dashboards
2026-01-20T00:06:13.7143020Z   ▶️ [STEP step_2_ai_1] CLICK: Dashboards
2026-01-20T00:06:13.7215375Z     🎯 Using AI-provided locator: a[href='/dashboards']
2026-01-20T00:06:13.7290302Z     ✅ Found 1 verified locators
2026-01-20T00:06:17.8286864Z     ✅ State transitioned.
2026-01-20T00:06:19.6823566Z [DEBUG] Sending request to gemini-2.0-flash. Number of parts: 2
2026-01-20T00:06:19.6824486Z [DEBUG] Received response (Length: 256)
2026-01-20T00:06:19.6825206Z     🤖 AI Next Step Suggestion: click -> Explore
2026-01-20T00:06:19.6825668Z     🧩 Suggested Locator: a:contains('Explore')
2026-01-20T00:06:19.6826772Z     💭 Reasoning: The goal is to explore different panels and visualizations. Clicking 'Explore' will allow us to view and interact with different data sources and panels.
2026-01-20T00:06:19.6827750Z     ➕ Injected AI step: click -> Explore
2026-01-20T00:06:19.6828150Z   ▶️ [STEP step_2_ai_2] CLICK: Explore
2026-01-20T00:06:19.6887040Z     🎯 Using AI-provided locator: a:contains('Explore')
2026-01-20T00:06:19.6926252Z     🔍 Mining locators for: 'Explore'
2026-01-20T00:06:19.7723409Z     ✅ Found 2 verified locators
2026-01-20T00:06:23.3564205Z     ✅ State transitioned.
2026-01-20T00:07:11.8633252Z [DEBUG] Sending request to gemini-2.0-flash. Number of parts: 2
2026-01-20T00:07:11.8633984Z [DEBUG] Received response (Length: 17306)
2026-01-20T00:07:11.8635053Z   ▶️ [STEP step_3] ASSERT_VISIBLE: Grafana Play Home - Examples - Dashboards - Grafana
2026-01-20T00:07:11.8695884Z     🔍 Mining locators for: 'Grafana Play Home - Examples - Dashboards - Grafana'
2026-01-20T00:07:11.9252647Z     🧠 Consulting AI (Vision-First) to find 'Grafana Play Home - Examples - Dashboards - Grafana'...
2026-01-20T00:07:11.9281290Z     🔍 Trying smart selectors for 'Grafana Play Home - Examples - Dashboards - Grafana'...
2026-01-20T00:07:12.0554023Z     🔍 [SMART] Searching for: 'Grafana Play Home - Examples - Dashboards - Grafana' (trying 15+ strategies)
2026-01-20T00:07:12.0555130Z     ⚠️ Smart selectors failed (no unique match). Falling back to AI Vision...
2026-01-20T00:07:12.0556414Z     🧠 [EXPERT] Strategy: Act as a Senior SDET focusing on SaaS platform stability and functional coverage. Focus on user onboarding flows and dashboard state transitions. Prioritize 'Sign Up', 'Upgrade', and navigation sidebar items as critical automation paths.
2026-01-20T00:07:13.5013632Z [DEBUG] Sending request to gemini-2.0-flash. Number of parts: 2
2026-01-20T00:07:13.5014652Z [DEBUG] Received response (Length: 247)
2026-01-20T00:07:13.5016922Z     💡 Expert Suggestion: The target 'Grafana Play Home - Examples - Dashboards - Grafana' is likely within the Dashboards section.
2026-01-20T00:07:13.5018996Z     🛠️ Executing corrective action: click -> 'Dashboards'
2026-01-20T00:07:14.1553940Z     ✅ Executed corrective navigation
2026-01-20T00:07:16.1577592Z     🔄 Retry 1/3 mining locators for 'Grafana Play Home - Examples - Dashboards - Grafana'...
2026-01-20T00:07:17.2081024Z     🧠 Consulting AI (Vision-First) to find 'Grafana Play Home - Examples - Dashboards - Grafana'...
2026-01-20T00:07:17.2082419Z     🔍 Trying smart selectors for 'Grafana Play Home - Examples - Dashboards - Grafana'...
2026-01-20T00:07:17.3236523Z     🔍 [SMART] Searching for: 'Grafana Play Home - Examples - Dashboards - Grafana' (trying 15+ strategies)
2026-01-20T00:07:17.3237780Z     ⚠️ Smart selectors failed (no unique match). Falling back to AI Vision...
2026-01-20T00:07:17.3241044Z     🧠 [EXPERT] Strategy: Act as a Senior SDET focusing on SaaS platform stability and functional coverage. Focus on user onboarding flows and dashboard state transitions. Prioritize 'Sign Up', 'Upgrade', and navigation sidebar items as critical automation paths.
2026-01-20T00:07:17.3242867Z [CACHE HIT] 3c80f0c0... (hits: 1, misses: 4)
2026-01-20T00:07:17.3243517Z     ⚠️ Skipping duplicate injection: Dashboards
2026-01-20T00:07:17.3244059Z     🔄 Retry 2/3 mining locators for 'Grafana Play Home - Examples - Dashboards - Grafana'...
2026-01-20T00:07:18.3256563Z     🗑️ Invalidating stale AI cache (retry 2)...
2026-01-20T00:07:18.4067402Z     🧠 Consulting AI (Vision-First) to find 'Grafana Play Home - Examples - Dashboards - Grafana'...
2026-01-20T00:07:18.4069513Z     🔍 Trying smart selectors for 'Grafana Play Home - Examples - Dashboards - Grafana'...
2026-01-20T00:07:18.5232849Z     🔍 [SMART] Searching for: 'Grafana Play Home - Examples - Dashboards - Grafana' (trying 15+ strategies)
2026-01-20T00:07:18.5235029Z     ⚠️ Smart selectors failed (no unique match). Falling back to AI Vision...
2026-01-20T00:07:18.5237660Z     🧠 [EXPERT] Strategy: Act as a Senior SDET focusing on SaaS platform stability and functional coverage. Focus on user onboarding flows and dashboard state transitions. Prioritize 'Sign Up', 'Upgrade', and navigation sidebar items as critical automation paths.
2026-01-20T00:07:18.5240514Z [CACHE HIT] 3c80f0c0... (hits: 2, misses: 4)
2026-01-20T00:07:18.5241334Z     ⚠️ Skipping duplicate injection: Dashboards
2026-01-20T00:07:18.5242787Z     🧠 Verifying step validity for 'Grafana Play Home - Examples - Dashboards - Grafana' after no candidates found...
2026-01-20T00:07:20.3032564Z [DEBUG] Sending request to gemini-2.0-flash. Number of parts: 2
2026-01-20T00:07:20.3032994Z [DEBUG] Received response (Length: 333)
2026-01-20T00:07:20.3034704Z     🗑️ Step deemed INVALID: The target element 'Grafana Play Home - Examples - Dashboards - Grafana' is not visible in the current view. The screenshot shows the main navigation menu, and the target element is likely a dashboard link, which would appear after navigating to the 'Dashboards' section.. Removing from workflow.
2026-01-20T00:07:20.3036322Z     ⏭️ Skipping execution of invalid step: Grafana Play Home - Examples - Dashboards - Grafana
2026-01-20T00:07:22.3349107Z 🗂️  All generated tests written to /home/runner/work/build_qa_automation/build_qa_automation/projects/edge_grafana_play/tests/generated_scenarios.json
2026-01-20T00:07:22.3351298Z 
2026-01-20T00:07:22.3352404Z 📝 Processing scenario 'Dashboard Exploration and Visualization Verification' with 4 steps
2026-01-20T00:07:22.3353355Z   🔍 Step 2 (click): Found 1 mined locators
2026-01-20T00:07:22.3354033Z       ✅ Kept robust locator (0.95): a[href='/dashboards']...
2026-01-20T00:07:22.3354709Z   💾 Saved 1 robust locators (top stability: 0.95)
2026-01-20T00:07:22.3355361Z   🔍 Step 3 (click): Found 2 mined locators
2026-01-20T00:07:22.3356092Z       ✅ Kept robust locator (0.80): role=link[name='Explore']...
2026-01-20T00:07:22.3357177Z       ✅ Kept robust locator (0.70): text='Explore'...
2026-01-20T00:07:22.3357898Z   💾 Saved 2 robust locators (top stability: 0.80)
2026-01-20T00:07:22.3358982Z ✅ Updated scenario 'Dashboard Exploration and Visualization Verification' with 4 validated steps
2026-01-20T00:07:22.3360269Z 🔄 Updated workflow.json with discovered steps and locators.
2026-01-20T00:07:22.3360691Z 
2026-01-20T00:07:22.3360861Z ============================================================
2026-01-20T00:07:22.3361405Z 📊 EXPLORER PERFORMANCE SUMMARY
2026-01-20T00:07:22.3361824Z ============================================================
2026-01-20T00:07:22.3362030Z 
2026-01-20T00:07:22.3362135Z 🔍 Locator Mining:
2026-01-20T00:07:22.3362371Z    • Total Locators Mined: 3
2026-01-20T00:07:22.3362691Z    • Filtered Out (Brittle): 0 (0.0%)
2026-01-20T00:07:22.3363236Z    • Saved to Golden Path: 3 (100.0%)
2026-01-20T00:07:22.3363560Z 
2026-01-20T00:07:22.3363801Z ✅ Golden Path Quality:
2026-01-20T00:07:22.3364407Z    🌟 EXCELLENT - 100.0% of mined locators are robust!
2026-01-20T00:07:22.3364648Z 
2026-01-20T00:07:22.3364749Z ============================================================
2026-01-20T00:07:22.3364944Z 
2026-01-20T00:07:22.3365325Z ✅ Deep Exploration Complete.
2026-01-20T00:07:30.1396028Z 
2026-01-20T00:07:30.1396841Z 🚀 [EXECUTE] Starting Automation Execution Engine
2026-01-20T00:07:30.1397487Z 📍 Project: edge_grafana_play
2026-01-20T00:07:30.1397901Z 🎬 Mode: Headless
2026-01-20T00:07:30.1398086Z 
2026-01-20T00:07:30.1398409Z --- Scenario: Dashboard Exploration and Visualization Verification ---
2026-01-20T00:07:30.1399108Z   ▶️  [STEP step_1] NAVIGATE: NAVIGATE
2026-01-20T00:07:30.1399555Z     ✅ Step step_1 Passed.
2026-01-20T00:07:30.1399982Z   ▶️  [STEP step_2] ASSERT_URL: ASSERT_URL
2026-01-20T00:07:30.1400638Z     ✅ Step step_2 Passed.
2026-01-20T00:07:30.1401053Z   ▶️  [STEP step_2_ai_1] CLICK: Dashboards
2026-01-20T00:07:30.1401603Z     🔍 Trying 1 validated locators from golden path...
2026-01-20T00:07:30.1404477Z     ✅ SUCCESS! Locator #1: a[href='/dashboards']... (method: unknown, stability: 0.95)
2026-01-20T00:07:30.1405154Z     ✅ Step step_2_ai_1 Passed.
2026-01-20T00:07:30.1405627Z   ▶️  [STEP step_2_ai_2] CLICK: Explore
2026-01-20T00:07:30.1406163Z     🔍 Trying 2 validated locators from golden path...
2026-01-20T00:07:30.1406933Z     ✅ SUCCESS! Locator #1: role=link[name='Explore']... (method: unknown, stability: 0.80)
2026-01-20T00:07:30.1407598Z     ✅ Step step_2_ai_2 Passed.
2026-01-20T00:07:30.1408303Z ✅ Scenario 'Dashboard Exploration and Visualization Verification' completed successfully!
2026-01-20T00:07:30.1408849Z 
2026-01-20T00:07:30.1408999Z ============================================================
2026-01-20T00:07:30.1409464Z 🎯 EXECUTION SUMMARY
2026-01-20T00:07:30.1409781Z ============================================================
2026-01-20T00:07:30.1410262Z 
2026-01-20T00:07:30.1410449Z 📋 Scenario Overview:
2026-01-20T00:07:30.1410958Z    • Total Scenarios Planned: 1
2026-01-20T00:07:30.1411403Z    • Scenarios Executed: 1
2026-01-20T00:07:30.1411776Z    • Total Steps Executed: 4
2026-01-20T00:07:30.1411994Z 
2026-01-20T00:07:30.1412131Z ✅ Results:
2026-01-20T00:07:30.1412420Z    ✅ Passed: 1 (100%)
2026-01-20T00:07:30.1412622Z 
2026-01-20T00:07:30.1412768Z ============================================================
2026-01-20T00:07:30.1413070Z 
2026-01-20T00:07:30.1413812Z 🏁 Execution Finished. Report: /home/runner/work/build_qa_automation/build_qa_automation/projects/edge_grafana_play/execution.json
2026-01-20T00:07:30.1414579Z 
2026-01-20T00:07:30.1414732Z ============================================================
2026-01-20T00:07:30.1415212Z 📊 EXECUTOR PERFORMANCE SUMMARY
2026-01-20T00:07:30.1415596Z ============================================================
2026-01-20T00:07:30.1415887Z 
2026-01-20T00:07:30.1416046Z 🎯 Execution Results:
2026-01-20T00:07:30.1416377Z    • Total Steps: 4
2026-01-20T00:07:30.1416761Z    • First-Attempt Success: 4 (100.0%)
2026-01-20T00:07:30.1417196Z    • Required AI Healing: 0 (0.0%)
2026-01-20T00:07:30.1417612Z    • Final Failures: 0 (0.0%)
2026-01-20T00:07:30.1417834Z 
2026-01-20T00:07:30.1418011Z 🛤️  Golden Path Effectiveness:
2026-01-20T00:07:30.1418421Z    • Steps with Mined Locators: 2
2026-01-20T00:07:30.1418829Z    • Golden Path Hits: 2 (100.0%)
2026-01-20T00:07:30.1419214Z    • Golden Path Misses: 0
2026-01-20T00:07:30.1419600Z    • Fallback Used (No Locators): 2
2026-01-20T00:07:30.1419854Z 
2026-01-20T00:07:30.1420018Z 📈 Overall Assessment:
2026-01-20T00:07:30.1420785Z    🌟 EXCELLENT! Golden path is working perfectly.
2026-01-20T00:07:30.1421111Z 
2026-01-20T00:07:30.1421295Z 🎯 vs Target (100% Flawless):
2026-01-20T00:07:30.1421752Z    ✅ TARGET ACHIEVED! 100% first-attempt success!
2026-01-20T00:07:30.1422066Z 
2026-01-20T00:07:30.1422203Z ============================================================
2026-01-20T00:07:30.2783174Z 
2026-01-20T00:07:30.2783717Z [PHASE] Running Phase: DISCOVERY
2026-01-20T00:07:30.2786419Z    Command: /opt/hostedtoolcache/Python/3.11.14/x64/bin/python /home/runner/work/build_qa_automation/build_qa_automation/core/agents/discovery.py --project /home/runner/work/build_qa_automation/build_qa_automation/projects/edge_grafana_play --url https://play.grafana.org/ --deep
2026-01-20T00:07:30.2789134Z ✅ Phase 'discovery' completed successfully.
2026-01-20T00:07:30.2789476Z 
2026-01-20T00:07:30.2789639Z [PHASE] Running Phase: PLANNING
2026-01-20T00:07:30.2792348Z    Command: /opt/hostedtoolcache/Python/3.11.14/x64/bin/python /home/runner/work/build_qa_automation/build_qa_automation/core/agents/planner.py --project /home/runner/work/build_qa_automation/build_qa_automation/projects/edge_grafana_play --goal Navigate to dashboard, explore panels, click different visualizations, verify data displays --url https://play.grafana.org/ --deep
2026-01-20T00:07:30.2794981Z ✅ Phase 'planning' completed successfully.
2026-01-20T00:07:30.2795305Z 
2026-01-20T00:07:30.2795719Z [PHASE] Running Phase: EXPLORATION
2026-01-20T00:07:30.2797303Z    Command: /opt/hostedtoolcache/Python/3.11.14/x64/bin/python /home/runner/work/build_qa_automation/build_qa_automation/core/agents/deep_explorer.py --project /home/runner/work/build_qa_automation/build_qa_automation/projects/edge_grafana_play
2026-01-20T00:07:30.2798939Z ✅ Phase 'exploration' completed successfully.
2026-01-20T00:07:30.2799500Z 📊 Exploration Discovery Success Rate: 66.7%
2026-01-20T00:07:30.2799799Z 
2026-01-20T00:07:30.2799936Z [PHASE] Running Phase: EXECUTION
2026-01-20T00:07:30.2801532Z    Command: /opt/hostedtoolcache/Python/3.11.14/x64/bin/python /home/runner/work/build_qa_automation/build_qa_automation/core/agents/executor.py --project /home/runner/work/build_qa_automation/build_qa_automation/projects/edge_grafana_play
2026-01-20T00:07:30.2803106Z ✅ Phase 'execution' completed successfully.
2026-01-20T00:07:30.2803402Z 
2026-01-20T00:07:30.2803551Z [DONE] Pipeline Execution Finished! [DONE]
2026-01-20T00:07:30.3739812Z ##[group]Run RESULT_FILE="projects/edge_grafana_play/execution.json"
2026-01-20T00:07:30.3740707Z [36;1mRESULT_FILE="projects/edge_grafana_play/execution.json"[0m
2026-01-20T00:07:30.3741182Z [36;1mWORKFLOW_FILE="projects/edge_grafana_play/workflow.json"[0m
2026-01-20T00:07:30.3741552Z [36;1m[0m
2026-01-20T00:07:30.3741860Z [36;1mecho "## 📊 Results for grafana_play" >> $GITHUB_STEP_SUMMARY[0m
2026-01-20T00:07:30.3742289Z [36;1mecho "" >> $GITHUB_STEP_SUMMARY[0m
2026-01-20T00:07:30.3742600Z [36;1m[0m
2026-01-20T00:07:30.3742807Z [36;1mif [ -f "$RESULT_FILE" ]; then[0m
2026-01-20T00:07:30.3743172Z [36;1m  echo "✅ Execution completed" >> $GITHUB_STEP_SUMMARY[0m
2026-01-20T00:07:30.3743513Z [36;1m  [0m
2026-01-20T00:07:30.3743713Z [36;1m  # Extract metrics[0m
2026-01-20T00:07:30.3744096Z [36;1m  TOTAL=$(jq -r '.scenarios | length' "$RESULT_FILE" 2>/dev/null || echo "0")[0m
2026-01-20T00:07:30.3744802Z [36;1m  PASSED=$(jq -r '[.scenarios[] | select(.status=="passed")] | length' "$RESULT_FILE" 2>/dev/null || echo "0")[0m
2026-01-20T00:07:30.3745342Z [36;1m  [0m
2026-01-20T00:07:30.3745614Z [36;1m  echo "- **Scenarios:** ${TOTAL}" >> $GITHUB_STEP_SUMMARY[0m
2026-01-20T00:07:30.3746040Z [36;1m  echo "- **Passed:** ${PASSED}" >> $GITHUB_STEP_SUMMARY[0m
2026-01-20T00:07:30.3746515Z [36;1m  echo "- **Success Rate:** $((PASSED * 100 / TOTAL))%" >> $GITHUB_STEP_SUMMARY[0m
2026-01-20T00:07:30.3746947Z [36;1m  echo "" >> $GITHUB_STEP_SUMMARY[0m
2026-01-20T00:07:30.3747222Z [36;1m  [0m
2026-01-20T00:07:30.3747424Z [36;1m  # Show scenarios generated[0m
2026-01-20T00:07:30.3747712Z [36;1m  if [ -f "$WORKFLOW_FILE" ]; then[0m
2026-01-20T00:07:30.3748147Z [36;1m    SCENARIO_COUNT=$(jq -r '.scenarios | length' "$WORKFLOW_FILE" 2>/dev/null || echo "0")[0m
2026-01-20T00:07:30.3748732Z [36;1m    echo "📋 **Generated Scenarios:** ${SCENARIO_COUNT}" >> $GITHUB_STEP_SUMMARY[0m
2026-01-20T00:07:30.3749331Z [36;1m    jq -r '.scenarios[] | "  - \(.name)"' "$WORKFLOW_FILE" 2>/dev/null >> $GITHUB_STEP_SUMMARY || true[0m
2026-01-20T00:07:30.3749782Z [36;1m  fi[0m
2026-01-20T00:07:30.3749959Z [36;1melse[0m
2026-01-20T00:07:30.3750408Z [36;1m  echo "❌ No execution results found" >> $GITHUB_STEP_SUMMARY[0m
2026-01-20T00:07:30.3750749Z [36;1m  exit 1[0m
2026-01-20T00:07:30.3750931Z [36;1mfi[0m
2026-01-20T00:07:30.3783725Z shell: /usr/bin/bash -e {0}
2026-01-20T00:07:30.3783971Z env:
2026-01-20T00:07:30.3784230Z   pythonLocation: /opt/hostedtoolcache/Python/3.11.14/x64
2026-01-20T00:07:30.3784685Z   PKG_CONFIG_PATH: /opt/hostedtoolcache/Python/3.11.14/x64/lib/pkgconfig
2026-01-20T00:07:30.3785131Z   Python_ROOT_DIR: /opt/hostedtoolcache/Python/3.11.14/x64
2026-01-20T00:07:30.3785519Z   Python2_ROOT_DIR: /opt/hostedtoolcache/Python/3.11.14/x64
2026-01-20T00:07:30.3785904Z   Python3_ROOT_DIR: /opt/hostedtoolcache/Python/3.11.14/x64
2026-01-20T00:07:30.3786298Z   LD_LIBRARY_PATH: /opt/hostedtoolcache/Python/3.11.14/x64/lib
2026-01-20T00:07:30.3786617Z ##[endgroup]
2026-01-20T00:07:30.4050560Z ##[group]Run actions/upload-artifact@v4
2026-01-20T00:07:30.4050857Z with:
2026-01-20T00:07:30.4051051Z   name: edge-grafana_play-results
2026-01-20T00:07:30.4051629Z   path: projects/edge_grafana_play/execution.json
projects/edge_grafana_play/workflow.json
projects/edge_grafana_play/sitemap.json

2026-01-20T00:07:30.4052217Z   retention-days: 30
2026-01-20T00:07:30.4052428Z   if-no-files-found: warn
2026-01-20T00:07:30.4052658Z   compression-level: 6
2026-01-20T00:07:30.4052863Z   overwrite: false
2026-01-20T00:07:30.4053058Z   include-hidden-files: false
2026-01-20T00:07:30.4053278Z env:
2026-01-20T00:07:30.4053520Z   pythonLocation: /opt/hostedtoolcache/Python/3.11.14/x64
2026-01-20T00:07:30.4053949Z   PKG_CONFIG_PATH: /opt/hostedtoolcache/Python/3.11.14/x64/lib/pkgconfig
2026-01-20T00:07:30.4054364Z   Python_ROOT_DIR: /opt/hostedtoolcache/Python/3.11.14/x64
2026-01-20T00:07:30.4054726Z   Python2_ROOT_DIR: /opt/hostedtoolcache/Python/3.11.14/x64
2026-01-20T00:07:30.4055125Z   Python3_ROOT_DIR: /opt/hostedtoolcache/Python/3.11.14/x64
2026-01-20T00:07:30.4055510Z   LD_LIBRARY_PATH: /opt/hostedtoolcache/Python/3.11.14/x64/lib
2026-01-20T00:07:30.4055814Z ##[endgroup]
2026-01-20T00:07:30.6179737Z Multiple search paths detected. Calculating the least common ancestor of all paths
2026-01-20T00:07:30.6186685Z The least common ancestor is /home/runner/work/build_qa_automation/build_qa_automation/projects/edge_grafana_play. This will be the root directory of the artifact
2026-01-20T00:07:30.6189090Z With the provided path, there will be 3 files uploaded
2026-01-20T00:07:30.6193299Z Artifact name is valid!
2026-01-20T00:07:30.6194659Z Root directory input is valid!
2026-01-20T00:07:30.7671260Z Beginning upload of artifact content to blob storage
2026-01-20T00:07:30.9311298Z Uploaded bytes 1593
2026-01-20T00:07:30.9743108Z Finished uploading artifact content to blob storage!
2026-01-20T00:07:30.9746491Z SHA256 digest of uploaded artifact zip is cea74f9f2439f4ae34752768a0e9520796cd00033fee4fb756e579846a679ea2
2026-01-20T00:07:30.9749382Z Finalizing artifact upload
2026-01-20T00:07:31.0650830Z Artifact edge-grafana_play-results.zip successfully finalized. Artifact ID 5183134656
2026-01-20T00:07:31.0652958Z Artifact edge-grafana_play-results has been successfully uploaded! Final size is 1593 bytes. Artifact ID is 5183134656
2026-01-20T00:07:31.0661006Z Artifact download URL: https://github.com/vishvasmca-cmd/build_qa_automation/actions/runs/21154782266/artifacts/5183134656
2026-01-20T00:07:31.0795794Z Post job cleanup.
2026-01-20T00:07:31.2303331Z Cache hit occurred on the primary key setup-python-Linux-x64-24.04-Ubuntu-python-3.11.14-pip-dde08d0e0b672972dcda9f1a063036a2e0c226f5d0a20362e9401931676d80a4, not saving cache.
2026-01-20T00:07:31.2417990Z Post job cleanup.
2026-01-20T00:07:31.3375743Z [command]/usr/bin/git version
2026-01-20T00:07:31.3411201Z git version 2.52.0
2026-01-20T00:07:31.3452972Z Temporarily overriding HOME='/home/runner/work/_temp/be2a5ae2-9ccd-4515-a50c-d6f3eb74b020' before making global git config changes
2026-01-20T00:07:31.3454379Z Adding repository directory to the temporary git global config as a safe directory
2026-01-20T00:07:31.3458477Z [command]/usr/bin/git config --global --add safe.directory /home/runner/work/build_qa_automation/build_qa_automation
2026-01-20T00:07:31.3496177Z [command]/usr/bin/git config --local --name-only --get-regexp core\.sshCommand
2026-01-20T00:07:31.3529350Z [command]/usr/bin/git submodule foreach --recursive sh -c "git config --local --name-only --get-regexp 'core\.sshCommand' && git config --local --unset-all 'core.sshCommand' || :"
2026-01-20T00:07:31.3765207Z [command]/usr/bin/git config --local --name-only --get-regexp http\.https\:\/\/github\.com\/\.extraheader
2026-01-20T00:07:31.3787491Z http.https://github.com/.extraheader
2026-01-20T00:07:31.3804627Z [command]/usr/bin/git config --local --unset-all http.https://github.com/.extraheader
2026-01-20T00:07:31.3839500Z [command]/usr/bin/git submodule foreach --recursive sh -c "git config --local --name-only --get-regexp 'http\.https\:\/\/github\.com\/\.extraheader' && git config --local --unset-all 'http.https://github.com/.extraheader' || :"
2026-01-20T00:07:31.4086023Z [command]/usr/bin/git config --local --name-only --get-regexp ^includeIf\.gitdir:
2026-01-20T00:07:31.4120739Z [command]/usr/bin/git submodule foreach --recursive git config --local --show-origin --name-only --get-regexp remote.origin.url
2026-01-20T00:07:31.4483380Z Cleaning up orphan processes
