2026-01-20T00:00:19.3853392Z Current runner version: '2.331.0'
2026-01-20T00:00:19.3877673Z ##[group]Runner Image Provisioner
2026-01-20T00:00:19.3878764Z Hosted Compute Agent
2026-01-20T00:00:19.3879262Z Version: 20251211.462
2026-01-20T00:00:19.3880022Z Commit: 6cbad8c2bb55d58165063d031ccabf57e2d2db61
2026-01-20T00:00:19.3881040Z Build Date: 2025-12-11T16:28:49Z
2026-01-20T00:00:19.3881716Z Worker ID: {799b80b5-3442-4c65-af15-069a592ceec9}
2026-01-20T00:00:19.3882512Z ##[endgroup]
2026-01-20T00:00:19.3883000Z ##[group]Operating System
2026-01-20T00:00:19.3883524Z Ubuntu
2026-01-20T00:00:19.3884016Z 24.04.3
2026-01-20T00:00:19.3884478Z LTS
2026-01-20T00:00:19.3884916Z ##[endgroup]
2026-01-20T00:00:19.3885468Z ##[group]Runner Image
2026-01-20T00:00:19.3886014Z Image: ubuntu-24.04
2026-01-20T00:00:19.3886502Z Version: 20260111.209.1
2026-01-20T00:00:19.3887536Z Included Software: https://github.com/actions/runner-images/blob/ubuntu24/20260111.209/images/ubuntu/Ubuntu2404-Readme.md
2026-01-20T00:00:19.3889066Z Image Release: https://github.com/actions/runner-images/releases/tag/ubuntu24%2F20260111.209
2026-01-20T00:00:19.3890365Z ##[endgroup]
2026-01-20T00:00:19.3891486Z ##[group]GITHUB_TOKEN Permissions
2026-01-20T00:00:19.3893599Z Contents: read
2026-01-20T00:00:19.3894147Z Metadata: read
2026-01-20T00:00:19.3894614Z Packages: read
2026-01-20T00:00:19.3895194Z ##[endgroup]
2026-01-20T00:00:19.3897436Z Secret source: Actions
2026-01-20T00:00:19.3898133Z Prepare workflow directory
2026-01-20T00:00:19.4240562Z Prepare all required actions
2026-01-20T00:00:19.4279464Z Getting action download info
2026-01-20T00:00:19.8732903Z Download action repository 'actions/checkout@v4' (SHA:34e114876b0b11c390a56381ad16ebd13914f8d5)
2026-01-20T00:00:19.9780730Z Download action repository 'actions/setup-python@v5' (SHA:a26af69be951a213d495a4c3e4e4022e16d87065)
2026-01-20T00:00:20.1947563Z Download action repository 'actions/upload-artifact@v4' (SHA:ea165f8d65b6e75b540449e92b4886f43607fa02)
2026-01-20T00:00:20.4843254Z Complete job name: test-edge-cases (react_shopping_cart, https://react-shopping-cart-67954.firebaseapp.com/, Browse ...
2026-01-20T00:00:20.5707801Z ##[group]Run actions/checkout@v4
2026-01-20T00:00:20.5709120Z with:
2026-01-20T00:00:20.5709961Z   repository: vishvasmca-cmd/build_qa_automation
2026-01-20T00:00:20.5711594Z   token: ***
2026-01-20T00:00:20.5712314Z   ssh-strict: true
2026-01-20T00:00:20.5713048Z   ssh-user: git
2026-01-20T00:00:20.5713817Z   persist-credentials: true
2026-01-20T00:00:20.5714673Z   clean: true
2026-01-20T00:00:20.5715437Z   sparse-checkout-cone-mode: true
2026-01-20T00:00:20.5716399Z   fetch-depth: 1
2026-01-20T00:00:20.5717134Z   fetch-tags: false
2026-01-20T00:00:20.5717896Z   show-progress: true
2026-01-20T00:00:20.5718710Z   lfs: false
2026-01-20T00:00:20.5719414Z   submodules: false
2026-01-20T00:00:20.5720309Z   set-safe-directory: true
2026-01-20T00:00:20.5721447Z ##[endgroup]
2026-01-20T00:00:20.6819437Z Syncing repository: vishvasmca-cmd/build_qa_automation
2026-01-20T00:00:20.6822645Z ##[group]Getting Git version info
2026-01-20T00:00:20.6824256Z Working directory is '/home/runner/work/build_qa_automation/build_qa_automation'
2026-01-20T00:00:20.6826306Z [command]/usr/bin/git version
2026-01-20T00:00:20.6900484Z git version 2.52.0
2026-01-20T00:00:20.6928555Z ##[endgroup]
2026-01-20T00:00:20.6950515Z Temporarily overriding HOME='/home/runner/work/_temp/052c59d3-1b52-4375-b37b-c1898c2b2cf2' before making global git config changes
2026-01-20T00:00:20.6955774Z Adding repository directory to the temporary git global config as a safe directory
2026-01-20T00:00:20.6958241Z [command]/usr/bin/git config --global --add safe.directory /home/runner/work/build_qa_automation/build_qa_automation
2026-01-20T00:00:20.6998339Z Deleting the contents of '/home/runner/work/build_qa_automation/build_qa_automation'
2026-01-20T00:00:20.7001545Z ##[group]Initializing the repository
2026-01-20T00:00:20.7006206Z [command]/usr/bin/git init /home/runner/work/build_qa_automation/build_qa_automation
2026-01-20T00:00:20.7119423Z hint: Using 'master' as the name for the initial branch. This default branch name
2026-01-20T00:00:20.7122763Z hint: will change to "main" in Git 3.0. To configure the initial branch name
2026-01-20T00:00:20.7125952Z hint: to use in all of your new repositories, which will suppress this warning,
2026-01-20T00:00:20.7128443Z hint: call:
2026-01-20T00:00:20.7129597Z hint:
2026-01-20T00:00:20.7131398Z hint: 	git config --global init.defaultBranch <name>
2026-01-20T00:00:20.7133253Z hint:
2026-01-20T00:00:20.7135011Z hint: Names commonly chosen instead of 'master' are 'main', 'trunk' and
2026-01-20T00:00:20.7138097Z hint: 'development'. The just-created branch can be renamed via this command:
2026-01-20T00:00:20.7140589Z hint:
2026-01-20T00:00:20.7141710Z hint: 	git branch -m <name>
2026-01-20T00:00:20.7143030Z hint:
2026-01-20T00:00:20.7144890Z hint: Disable this message with "git config set advice.defaultBranchName false"
2026-01-20T00:00:20.7147185Z Initialized empty Git repository in /home/runner/work/build_qa_automation/build_qa_automation/.git/
2026-01-20T00:00:20.7151482Z [command]/usr/bin/git remote add origin https://github.com/vishvasmca-cmd/build_qa_automation
2026-01-20T00:00:20.7176978Z ##[endgroup]
2026-01-20T00:00:20.7179228Z ##[group]Disabling automatic garbage collection
2026-01-20T00:00:20.7181620Z [command]/usr/bin/git config --local gc.auto 0
2026-01-20T00:00:20.7213815Z ##[endgroup]
2026-01-20T00:00:20.7215889Z ##[group]Setting up auth
2026-01-20T00:00:20.7222862Z [command]/usr/bin/git config --local --name-only --get-regexp core\.sshCommand
2026-01-20T00:00:20.7257655Z [command]/usr/bin/git submodule foreach --recursive sh -c "git config --local --name-only --get-regexp 'core\.sshCommand' && git config --local --unset-all 'core.sshCommand' || :"
2026-01-20T00:00:20.7629024Z [command]/usr/bin/git config --local --name-only --get-regexp http\.https\:\/\/github\.com\/\.extraheader
2026-01-20T00:00:20.7663975Z [command]/usr/bin/git submodule foreach --recursive sh -c "git config --local --name-only --get-regexp 'http\.https\:\/\/github\.com\/\.extraheader' && git config --local --unset-all 'http.https://github.com/.extraheader' || :"
2026-01-20T00:00:20.7884450Z [command]/usr/bin/git config --local --name-only --get-regexp ^includeIf\.gitdir:
2026-01-20T00:00:20.7918803Z [command]/usr/bin/git submodule foreach --recursive git config --local --show-origin --name-only --get-regexp remote.origin.url
2026-01-20T00:00:20.8144300Z [command]/usr/bin/git config --local http.https://github.com/.extraheader AUTHORIZATION: basic ***
2026-01-20T00:00:20.8180290Z ##[endgroup]
2026-01-20T00:00:20.8182594Z ##[group]Fetching the repository
2026-01-20T00:00:20.8192009Z [command]/usr/bin/git -c protocol.version=2 fetch --no-tags --prune --no-recurse-submodules --depth=1 origin +5a677122f89898e32026444dee4d4fdc35502b0f:refs/remotes/origin/main
2026-01-20T00:00:22.4156954Z From https://github.com/vishvasmca-cmd/build_qa_automation
2026-01-20T00:00:22.4159262Z  * [new ref]         5a677122f89898e32026444dee4d4fdc35502b0f -> origin/main
2026-01-20T00:00:22.4191358Z ##[endgroup]
2026-01-20T00:00:22.4194578Z ##[group]Determining the checkout info
2026-01-20T00:00:22.4195403Z ##[endgroup]
2026-01-20T00:00:22.4200811Z [command]/usr/bin/git sparse-checkout disable
2026-01-20T00:00:22.4247360Z [command]/usr/bin/git config --local --unset-all extensions.worktreeConfig
2026-01-20T00:00:22.4275054Z ##[group]Checking out the ref
2026-01-20T00:00:22.4278533Z [command]/usr/bin/git checkout --progress --force -B main refs/remotes/origin/main
2026-01-20T00:00:22.5871260Z Switched to a new branch 'main'
2026-01-20T00:00:22.5873530Z branch 'main' set up to track 'origin/main'.
2026-01-20T00:00:22.5893300Z ##[endgroup]
2026-01-20T00:00:22.5935125Z [command]/usr/bin/git log -1 --format=%H
2026-01-20T00:00:22.5958389Z 5a677122f89898e32026444dee4d4fdc35502b0f
2026-01-20T00:00:22.6202666Z ##[group]Run actions/setup-python@v5
2026-01-20T00:00:22.6202992Z with:
2026-01-20T00:00:22.6203182Z   python-version: 3.11
2026-01-20T00:00:22.6203384Z   cache: pip
2026-01-20T00:00:22.6203815Z   check-latest: false
2026-01-20T00:00:22.6204154Z   token: ***
2026-01-20T00:00:22.6204390Z   update-environment: true
2026-01-20T00:00:22.6204627Z   allow-prereleases: false
2026-01-20T00:00:22.6204845Z   freethreaded: false
2026-01-20T00:00:22.6205038Z ##[endgroup]
2026-01-20T00:00:22.7863654Z ##[group]Installed versions
2026-01-20T00:00:22.7991016Z Successfully set up CPython (3.11.14)
2026-01-20T00:00:22.7991606Z ##[endgroup]
2026-01-20T00:00:22.9129028Z [command]/opt/hostedtoolcache/Python/3.11.14/x64/bin/pip cache dir
2026-01-20T00:00:24.4225569Z /home/runner/.cache/pip
2026-01-20T00:00:24.7148668Z Cache hit for: setup-python-Linux-x64-24.04-Ubuntu-python-3.11.14-pip-dde08d0e0b672972dcda9f1a063036a2e0c226f5d0a20362e9401931676d80a4
2026-01-20T00:00:25.9619186Z Received 25165824 of 254742636 (9.9%), 24.0 MBs/sec
2026-01-20T00:00:26.9625517Z Received 163577856 of 254742636 (64.2%), 78.0 MBs/sec
2026-01-20T00:00:27.5067666Z Received 254742636 of 254742636 (100.0%), 95.5 MBs/sec
2026-01-20T00:00:27.5069231Z Cache Size: ~243 MB (254742636 B)
2026-01-20T00:00:27.5106543Z [command]/usr/bin/tar -xf /home/runner/work/_temp/30e7eeb2-6eb0-46ad-b663-e03b78580e9b/cache.tzst -P -C /home/runner/work/build_qa_automation/build_qa_automation --use-compress-program unzstd
2026-01-20T00:00:27.8864532Z Cache restored successfully
2026-01-20T00:00:27.9361904Z Cache restored from key: setup-python-Linux-x64-24.04-Ubuntu-python-3.11.14-pip-dde08d0e0b672972dcda9f1a063036a2e0c226f5d0a20362e9401931676d80a4
2026-01-20T00:00:27.9627217Z ##[group]Run pip install -r requirements.txt
2026-01-20T00:00:27.9627614Z [36;1mpip install -r requirements.txt[0m
2026-01-20T00:00:27.9627909Z [36;1mplaywright install chromium[0m
2026-01-20T00:00:27.9668049Z shell: /usr/bin/bash -e {0}
2026-01-20T00:00:27.9668305Z env:
2026-01-20T00:00:27.9668565Z   pythonLocation: /opt/hostedtoolcache/Python/3.11.14/x64
2026-01-20T00:00:27.9668989Z   PKG_CONFIG_PATH: /opt/hostedtoolcache/Python/3.11.14/x64/lib/pkgconfig
2026-01-20T00:00:27.9669419Z   Python_ROOT_DIR: /opt/hostedtoolcache/Python/3.11.14/x64
2026-01-20T00:00:27.9669798Z   Python2_ROOT_DIR: /opt/hostedtoolcache/Python/3.11.14/x64
2026-01-20T00:00:27.9670430Z   Python3_ROOT_DIR: /opt/hostedtoolcache/Python/3.11.14/x64
2026-01-20T00:00:27.9670817Z   LD_LIBRARY_PATH: /opt/hostedtoolcache/Python/3.11.14/x64/lib
2026-01-20T00:00:27.9671128Z ##[endgroup]
2026-01-20T00:00:29.3801266Z Collecting playwright (from -r requirements.txt (line 1))
2026-01-20T00:00:29.3819260Z   Using cached playwright-1.57.0-py3-none-manylinux1_x86_64.whl.metadata (3.5 kB)
2026-01-20T00:00:29.4047242Z Collecting python-dotenv (from -r requirements.txt (line 2))
2026-01-20T00:00:29.4062315Z   Using cached python_dotenv-1.2.1-py3-none-any.whl.metadata (25 kB)
2026-01-20T00:00:29.4386916Z Collecting requests (from -r requirements.txt (line 3))
2026-01-20T00:00:29.4401757Z   Using cached requests-2.32.5-py3-none-any.whl.metadata (4.9 kB)
2026-01-20T00:00:29.6524127Z Collecting pillow (from -r requirements.txt (line 4))
2026-01-20T00:00:29.6542081Z   Using cached pillow-12.1.0-cp311-cp311-manylinux_2_27_x86_64.manylinux_2_28_x86_64.whl.metadata (8.8 kB)
2026-01-20T00:00:29.6855899Z Collecting google-genai>=0.3.0 (from -r requirements.txt (line 5))
2026-01-20T00:00:29.6870249Z   Using cached google_genai-1.59.0-py3-none-any.whl.metadata (53 kB)
2026-01-20T00:00:29.7077539Z Collecting termcolor (from -r requirements.txt (line 6))
2026-01-20T00:00:29.7091563Z   Using cached termcolor-3.3.0-py3-none-any.whl.metadata (6.5 kB)
2026-01-20T00:00:29.7504431Z Collecting PyYAML (from -r requirements.txt (line 7))
2026-01-20T00:00:29.7519234Z   Using cached pyyaml-6.0.3-cp311-cp311-manylinux2014_x86_64.manylinux_2_17_x86_64.manylinux_2_28_x86_64.whl.metadata (2.4 kB)
2026-01-20T00:00:29.8154569Z Collecting opencv-python-headless (from -r requirements.txt (line 8))
2026-01-20T00:00:29.8169965Z   Using cached opencv_python_headless-4.13.0.90-cp37-abi3-manylinux_2_28_x86_64.whl.metadata (19 kB)
2026-01-20T00:00:30.0244433Z Collecting numpy (from -r requirements.txt (line 9))
2026-01-20T00:00:30.0261380Z   Using cached numpy-2.4.1-cp311-cp311-manylinux_2_27_x86_64.manylinux_2_28_x86_64.whl.metadata (6.6 kB)
2026-01-20T00:00:30.1092141Z Collecting faker (from -r requirements.txt (line 10))
2026-01-20T00:00:30.1107217Z   Using cached faker-40.1.2-py3-none-any.whl.metadata (16 kB)
2026-01-20T00:00:30.1318659Z Collecting pyee<14,>=13 (from playwright->-r requirements.txt (line 1))
2026-01-20T00:00:30.1332591Z   Using cached pyee-13.0.0-py3-none-any.whl.metadata (2.9 kB)
2026-01-20T00:00:30.2575779Z Collecting greenlet<4.0.0,>=3.1.1 (from playwright->-r requirements.txt (line 1))
2026-01-20T00:00:30.2592354Z   Using cached greenlet-3.3.0-cp311-cp311-manylinux_2_24_x86_64.manylinux_2_28_x86_64.whl.metadata (4.1 kB)
2026-01-20T00:00:30.2833689Z Collecting typing-extensions (from pyee<14,>=13->playwright->-r requirements.txt (line 1))
2026-01-20T00:00:30.2848316Z   Using cached typing_extensions-4.15.0-py3-none-any.whl.metadata (3.3 kB)
2026-01-20T00:00:30.3710665Z Collecting charset_normalizer<4,>=2 (from requests->-r requirements.txt (line 3))
2026-01-20T00:00:30.3727645Z   Using cached charset_normalizer-3.4.4-cp311-cp311-manylinux2014_x86_64.manylinux_2_17_x86_64.manylinux_2_28_x86_64.whl.metadata (37 kB)
2026-01-20T00:00:30.3943031Z Collecting idna<4,>=2.5 (from requests->-r requirements.txt (line 3))
2026-01-20T00:00:30.3957480Z   Using cached idna-3.11-py3-none-any.whl.metadata (8.4 kB)
2026-01-20T00:00:30.4298843Z Collecting urllib3<3,>=1.21.1 (from requests->-r requirements.txt (line 3))
2026-01-20T00:00:30.4313211Z   Using cached urllib3-2.6.3-py3-none-any.whl.metadata (6.9 kB)
2026-01-20T00:00:30.4576606Z Collecting certifi>=2017.4.17 (from requests->-r requirements.txt (line 3))
2026-01-20T00:00:30.4590771Z   Using cached certifi-2026.1.4-py3-none-any.whl.metadata (2.5 kB)
2026-01-20T00:00:30.4859245Z Collecting anyio<5.0.0,>=4.8.0 (from google-genai>=0.3.0->-r requirements.txt (line 5))
2026-01-20T00:00:30.4873449Z   Using cached anyio-4.12.1-py3-none-any.whl.metadata (4.3 kB)
2026-01-20T00:00:30.5280987Z Collecting google-auth<3.0.0,>=2.47.0 (from google-auth[requests]<3.0.0,>=2.47.0->google-genai>=0.3.0->-r requirements.txt (line 5))
2026-01-20T00:00:30.5296024Z   Using cached google_auth-2.47.0-py3-none-any.whl.metadata (6.4 kB)
2026-01-20T00:00:30.5605799Z Collecting httpx<1.0.0,>=0.28.1 (from google-genai>=0.3.0->-r requirements.txt (line 5))
2026-01-20T00:00:30.5619794Z   Using cached httpx-0.28.1-py3-none-any.whl.metadata (7.1 kB)
2026-01-20T00:00:30.7111367Z Collecting pydantic<3.0.0,>=2.9.0 (from google-genai>=0.3.0->-r requirements.txt (line 5))
2026-01-20T00:00:30.7127722Z   Using cached pydantic-2.12.5-py3-none-any.whl.metadata (90 kB)
2026-01-20T00:00:30.7456196Z Collecting tenacity<9.2.0,>=8.2.3 (from google-genai>=0.3.0->-r requirements.txt (line 5))
2026-01-20T00:00:30.7470525Z   Using cached tenacity-9.1.2-py3-none-any.whl.metadata (1.2 kB)
2026-01-20T00:00:30.8369515Z Collecting websockets<15.1.0,>=13.0.0 (from google-genai>=0.3.0->-r requirements.txt (line 5))
2026-01-20T00:00:30.8386239Z   Using cached websockets-15.0.1-cp311-cp311-manylinux_2_5_x86_64.manylinux1_x86_64.manylinux_2_17_x86_64.manylinux2014_x86_64.whl.metadata (6.8 kB)
2026-01-20T00:00:30.8586192Z Collecting distro<2,>=1.7.0 (from google-genai>=0.3.0->-r requirements.txt (line 5))
2026-01-20T00:00:30.8600975Z   Using cached distro-1.9.0-py3-none-any.whl.metadata (6.8 kB)
2026-01-20T00:00:30.8748045Z Collecting sniffio (from google-genai>=0.3.0->-r requirements.txt (line 5))
2026-01-20T00:00:30.8761801Z   Using cached sniffio-1.3.1-py3-none-any.whl.metadata (3.9 kB)
2026-01-20T00:00:30.9104011Z Collecting pyasn1-modules>=0.2.1 (from google-auth<3.0.0,>=2.47.0->google-auth[requests]<3.0.0,>=2.47.0->google-genai>=0.3.0->-r requirements.txt (line 5))
2026-01-20T00:00:30.9118232Z   Using cached pyasn1_modules-0.4.2-py3-none-any.whl.metadata (3.5 kB)
2026-01-20T00:00:30.9323476Z Collecting rsa<5,>=3.1.4 (from google-auth<3.0.0,>=2.47.0->google-auth[requests]<3.0.0,>=2.47.0->google-genai>=0.3.0->-r requirements.txt (line 5))
2026-01-20T00:00:30.9337363Z   Using cached rsa-4.9.1-py3-none-any.whl.metadata (5.6 kB)
2026-01-20T00:00:30.9685569Z Collecting httpcore==1.* (from httpx<1.0.0,>=0.28.1->google-genai>=0.3.0->-r requirements.txt (line 5))
2026-01-20T00:00:30.9699816Z   Using cached httpcore-1.0.9-py3-none-any.whl.metadata (21 kB)
2026-01-20T00:00:30.9894197Z Collecting h11>=0.16 (from httpcore==1.*->httpx<1.0.0,>=0.28.1->google-genai>=0.3.0->-r requirements.txt (line 5))
2026-01-20T00:00:30.9907362Z   Using cached h11-0.16.0-py3-none-any.whl.metadata (8.3 kB)
2026-01-20T00:00:31.0069884Z Collecting annotated-types>=0.6.0 (from pydantic<3.0.0,>=2.9.0->google-genai>=0.3.0->-r requirements.txt (line 5))
2026-01-20T00:00:31.0083605Z   Using cached annotated_types-0.7.0-py3-none-any.whl.metadata (15 kB)
2026-01-20T00:00:31.6625062Z Collecting pydantic-core==2.41.5 (from pydantic<3.0.0,>=2.9.0->google-genai>=0.3.0->-r requirements.txt (line 5))
2026-01-20T00:00:31.6641218Z   Using cached pydantic_core-2.41.5-cp311-cp311-manylinux_2_17_x86_64.manylinux2014_x86_64.whl.metadata (7.3 kB)
2026-01-20T00:00:31.6837050Z Collecting typing-inspection>=0.4.2 (from pydantic<3.0.0,>=2.9.0->google-genai>=0.3.0->-r requirements.txt (line 5))
2026-01-20T00:00:31.6850924Z   Using cached typing_inspection-0.4.2-py3-none-any.whl.metadata (2.6 kB)
2026-01-20T00:00:31.7645773Z Collecting pyasn1>=0.1.3 (from rsa<5,>=3.1.4->google-auth<3.0.0,>=2.47.0->google-auth[requests]<3.0.0,>=2.47.0->google-genai>=0.3.0->-r requirements.txt (line 5))
2026-01-20T00:00:31.7661774Z   Using cached pyasn1-0.6.2-py3-none-any.whl.metadata (8.4 kB)
2026-01-20T00:00:31.7921783Z Using cached playwright-1.57.0-py3-none-manylinux1_x86_64.whl (46.0 MB)
2026-01-20T00:00:31.8266347Z Using cached greenlet-3.3.0-cp311-cp311-manylinux_2_24_x86_64.manylinux_2_28_x86_64.whl (590 kB)
2026-01-20T00:00:31.8283021Z Using cached pyee-13.0.0-py3-none-any.whl (15 kB)
2026-01-20T00:00:31.8296109Z Using cached python_dotenv-1.2.1-py3-none-any.whl (21 kB)
2026-01-20T00:00:31.8309458Z Using cached requests-2.32.5-py3-none-any.whl (64 kB)
2026-01-20T00:00:31.8323298Z Using cached charset_normalizer-3.4.4-cp311-cp311-manylinux2014_x86_64.manylinux_2_17_x86_64.manylinux_2_28_x86_64.whl (151 kB)
2026-01-20T00:00:31.8337309Z Using cached idna-3.11-py3-none-any.whl (71 kB)
2026-01-20T00:00:31.8350724Z Using cached urllib3-2.6.3-py3-none-any.whl (131 kB)
2026-01-20T00:00:31.8365586Z Using cached pillow-12.1.0-cp311-cp311-manylinux_2_27_x86_64.manylinux_2_28_x86_64.whl (7.0 MB)
2026-01-20T00:00:31.8428289Z Using cached google_genai-1.59.0-py3-none-any.whl (719 kB)
2026-01-20T00:00:31.8445983Z Using cached anyio-4.12.1-py3-none-any.whl (113 kB)
2026-01-20T00:00:31.8459334Z Using cached distro-1.9.0-py3-none-any.whl (20 kB)
2026-01-20T00:00:31.8472495Z Using cached google_auth-2.47.0-py3-none-any.whl (234 kB)
2026-01-20T00:00:31.8486587Z Using cached httpx-0.28.1-py3-none-any.whl (73 kB)
2026-01-20T00:00:31.8499676Z Using cached httpcore-1.0.9-py3-none-any.whl (78 kB)
2026-01-20T00:00:31.8513419Z Using cached pydantic-2.12.5-py3-none-any.whl (463 kB)
2026-01-20T00:00:31.8529615Z Using cached pydantic_core-2.41.5-cp311-cp311-manylinux_2_17_x86_64.manylinux2014_x86_64.whl (2.1 MB)
2026-01-20T00:00:31.8557169Z Using cached rsa-4.9.1-py3-none-any.whl (34 kB)
2026-01-20T00:00:31.8570263Z Using cached tenacity-9.1.2-py3-none-any.whl (28 kB)
2026-01-20T00:00:31.8583249Z Using cached typing_extensions-4.15.0-py3-none-any.whl (44 kB)
2026-01-20T00:00:31.8597117Z Using cached websockets-15.0.1-cp311-cp311-manylinux_2_5_x86_64.manylinux1_x86_64.manylinux_2_17_x86_64.manylinux2014_x86_64.whl (182 kB)
2026-01-20T00:00:31.8611144Z Using cached termcolor-3.3.0-py3-none-any.whl (7.7 kB)
2026-01-20T00:00:31.8624575Z Using cached pyyaml-6.0.3-cp311-cp311-manylinux2014_x86_64.manylinux_2_17_x86_64.manylinux_2_28_x86_64.whl (806 kB)
2026-01-20T00:00:31.8643657Z Using cached opencv_python_headless-4.13.0.90-cp37-abi3-manylinux_2_28_x86_64.whl (62.5 MB)
2026-01-20T00:00:31.9104835Z Using cached numpy-2.4.1-cp311-cp311-manylinux_2_27_x86_64.manylinux_2_28_x86_64.whl (16.7 MB)
2026-01-20T00:00:31.9238237Z Using cached faker-40.1.2-py3-none-any.whl (2.0 MB)
2026-01-20T00:00:31.9264886Z Using cached annotated_types-0.7.0-py3-none-any.whl (13 kB)
2026-01-20T00:00:31.9278294Z Using cached certifi-2026.1.4-py3-none-any.whl (152 kB)
2026-01-20T00:00:31.9292155Z Using cached h11-0.16.0-py3-none-any.whl (37 kB)
2026-01-20T00:00:31.9305444Z Using cached pyasn1-0.6.2-py3-none-any.whl (83 kB)
2026-01-20T00:00:31.9318810Z Using cached pyasn1_modules-0.4.2-py3-none-any.whl (181 kB)
2026-01-20T00:00:31.9333047Z Using cached typing_inspection-0.4.2-py3-none-any.whl (14 kB)
2026-01-20T00:00:31.9346010Z Using cached sniffio-1.3.1-py3-none-any.whl (10 kB)
2026-01-20T00:00:32.1761477Z Installing collected packages: websockets, urllib3, typing-extensions, termcolor, tenacity, sniffio, PyYAML, python-dotenv, pyasn1, pillow, numpy, idna, h11, greenlet, faker, distro, charset_normalizer, certifi, annotated-types, typing-inspection, rsa, requests, pyee, pydantic-core, pyasn1-modules, opencv-python-headless, httpcore, anyio, pydantic, playwright, httpx, google-auth, google-genai
2026-01-20T00:00:38.9947757Z 
2026-01-20T00:00:38.9972038Z Successfully installed PyYAML-6.0.3 annotated-types-0.7.0 anyio-4.12.1 certifi-2026.1.4 charset_normalizer-3.4.4 distro-1.9.0 faker-40.1.2 google-auth-2.47.0 google-genai-1.59.0 greenlet-3.3.0 h11-0.16.0 httpcore-1.0.9 httpx-0.28.1 idna-3.11 numpy-2.4.1 opencv-python-headless-4.13.0.90 pillow-12.1.0 playwright-1.57.0 pyasn1-0.6.2 pyasn1-modules-0.4.2 pydantic-2.12.5 pydantic-core-2.41.5 pyee-13.0.0 python-dotenv-1.2.1 requests-2.32.5 rsa-4.9.1 sniffio-1.3.1 tenacity-9.1.2 termcolor-3.3.0 typing-extensions-4.15.0 typing-inspection-0.4.2 urllib3-2.6.3 websockets-15.0.1
2026-01-20T00:00:39.6315977Z Downloading Chromium 143.0.7499.4 (playwright build v1200) from https://cdn.playwright.dev/dbazure/download/playwright/builds/chromium/1200/chromium-linux.zip
2026-01-20T00:00:39.7303799Z (node:2226) [DEP0169] DeprecationWarning: `url.parse()` behavior is not standardized and prone to errors that have security implications. Use the WHATWG URL API instead. CVEs are not issued for `url.parse()` vulnerabilities.
2026-01-20T00:00:39.7304893Z (Use `node --trace-deprecation ...` to show where the warning was created)
2026-01-20T00:00:39.9500478Z |                                                                                |   0% of 164.7 MiB
2026-01-20T00:00:40.1866240Z |■■■■■■■■                                                                        |  10% of 164.7 MiB
2026-01-20T00:00:40.3587953Z |■■■■■■■■■■■■■■■■                                                                |  20% of 164.7 MiB
2026-01-20T00:00:40.4673249Z |■■■■■■■■■■■■■■■■■■■■■■■■                                                        |  30% of 164.7 MiB
2026-01-20T00:00:40.6085545Z |■■■■■■■■■■■■■■■■■■■■■■■■■■■■■■■■                                                |  40% of 164.7 MiB
2026-01-20T00:00:40.7488224Z |■■■■■■■■■■■■■■■■■■■■■■■■■■■■■■■■■■■■■■■■                                        |  50% of 164.7 MiB
2026-01-20T00:00:40.9009839Z |■■■■■■■■■■■■■■■■■■■■■■■■■■■■■■■■■■■■■■■■■■■■■■■■                                |  60% of 164.7 MiB
2026-01-20T00:00:41.0399852Z |■■■■■■■■■■■■■■■■■■■■■■■■■■■■■■■■■■■■■■■■■■■■■■■■■■■■■■■■                        |  70% of 164.7 MiB
2026-01-20T00:00:41.1699008Z |■■■■■■■■■■■■■■■■■■■■■■■■■■■■■■■■■■■■■■■■■■■■■■■■■■■■■■■■■■■■■■■■                |  80% of 164.7 MiB
2026-01-20T00:00:41.2912656Z |■■■■■■■■■■■■■■■■■■■■■■■■■■■■■■■■■■■■■■■■■■■■■■■■■■■■■■■■■■■■■■■■■■■■■■■■        |  90% of 164.7 MiB
2026-01-20T00:00:41.4228068Z |■■■■■■■■■■■■■■■■■■■■■■■■■■■■■■■■■■■■■■■■■■■■■■■■■■■■■■■■■■■■■■■■■■■■■■■■■■■■■■■■| 100% of 164.7 MiB
2026-01-20T00:00:43.9406972Z Chromium 143.0.7499.4 (playwright build v1200) downloaded to /home/runner/.cache/ms-playwright/chromium-1200
2026-01-20T00:00:43.9412342Z Downloading FFMPEG playwright build v1011 from https://cdn.playwright.dev/dbazure/download/playwright/builds/ffmpeg/1011/ffmpeg-linux.zip
2026-01-20T00:00:44.0461099Z (node:2237) [DEP0169] DeprecationWarning: `url.parse()` behavior is not standardized and prone to errors that have security implications. Use the WHATWG URL API instead. CVEs are not issued for `url.parse()` vulnerabilities.
2026-01-20T00:00:44.0463926Z (Use `node --trace-deprecation ...` to show where the warning was created)
2026-01-20T00:00:44.2081510Z |                                                                                |   0% of 2.3 MiB
2026-01-20T00:00:44.2262150Z |■■■■■■■■                                                                        |  10% of 2.3 MiB
2026-01-20T00:00:44.2341356Z |■■■■■■■■■■■■■■■■                                                                |  20% of 2.3 MiB
2026-01-20T00:00:44.2405389Z |■■■■■■■■■■■■■■■■■■■■■■■■                                                        |  30% of 2.3 MiB
2026-01-20T00:00:44.2431406Z |■■■■■■■■■■■■■■■■■■■■■■■■■■■■■■■■                                                |  40% of 2.3 MiB
2026-01-20T00:00:44.2475642Z |■■■■■■■■■■■■■■■■■■■■■■■■■■■■■■■■■■■■■■■■                                        |  50% of 2.3 MiB
2026-01-20T00:00:44.2512621Z |■■■■■■■■■■■■■■■■■■■■■■■■■■■■■■■■■■■■■■■■■■■■■■■■                                |  60% of 2.3 MiB
2026-01-20T00:00:44.2522966Z |■■■■■■■■■■■■■■■■■■■■■■■■■■■■■■■■■■■■■■■■■■■■■■■■■■■■■■■■                        |  70% of 2.3 MiB
2026-01-20T00:00:44.2542507Z |■■■■■■■■■■■■■■■■■■■■■■■■■■■■■■■■■■■■■■■■■■■■■■■■■■■■■■■■■■■■■■■■                |  80% of 2.3 MiB
2026-01-20T00:00:44.2565385Z |■■■■■■■■■■■■■■■■■■■■■■■■■■■■■■■■■■■■■■■■■■■■■■■■■■■■■■■■■■■■■■■■■■■■■■■■        |  90% of 2.3 MiB
2026-01-20T00:00:44.2574706Z |■■■■■■■■■■■■■■■■■■■■■■■■■■■■■■■■■■■■■■■■■■■■■■■■■■■■■■■■■■■■■■■■■■■■■■■■■■■■■■■■| 100% of 2.3 MiB
2026-01-20T00:00:44.3160399Z FFMPEG playwright build v1011 downloaded to /home/runner/.cache/ms-playwright/ffmpeg-1011
2026-01-20T00:00:44.3164448Z Downloading Chromium Headless Shell 143.0.7499.4 (playwright build v1200) from https://cdn.playwright.dev/dbazure/download/playwright/builds/chromium/1200/chromium-headless-shell-linux.zip
2026-01-20T00:00:44.4144630Z (node:2248) [DEP0169] DeprecationWarning: `url.parse()` behavior is not standardized and prone to errors that have security implications. Use the WHATWG URL API instead. CVEs are not issued for `url.parse()` vulnerabilities.
2026-01-20T00:00:44.4146368Z (Use `node --trace-deprecation ...` to show where the warning was created)
2026-01-20T00:00:44.6229706Z |                                                                                |   0% of 109.7 MiB
2026-01-20T00:00:44.7456185Z |■■■■■■■■                                                                        |  10% of 109.7 MiB
2026-01-20T00:00:44.8074740Z |■■■■■■■■■■■■■■■■                                                                |  20% of 109.7 MiB
2026-01-20T00:00:44.8845572Z |■■■■■■■■■■■■■■■■■■■■■■■■                                                        |  30% of 109.7 MiB
2026-01-20T00:00:44.9789422Z |■■■■■■■■■■■■■■■■■■■■■■■■■■■■■■■■                                                |  40% of 109.7 MiB
2026-01-20T00:00:45.0676357Z |■■■■■■■■■■■■■■■■■■■■■■■■■■■■■■■■■■■■■■■■                                        |  50% of 109.7 MiB
2026-01-20T00:00:45.1349276Z |■■■■■■■■■■■■■■■■■■■■■■■■■■■■■■■■■■■■■■■■■■■■■■■■                                |  60% of 109.7 MiB
2026-01-20T00:00:45.2339549Z |■■■■■■■■■■■■■■■■■■■■■■■■■■■■■■■■■■■■■■■■■■■■■■■■■■■■■■■■                        |  70% of 109.7 MiB
2026-01-20T00:00:45.2961931Z |■■■■■■■■■■■■■■■■■■■■■■■■■■■■■■■■■■■■■■■■■■■■■■■■■■■■■■■■■■■■■■■■                |  80% of 109.7 MiB
2026-01-20T00:00:45.3619761Z |■■■■■■■■■■■■■■■■■■■■■■■■■■■■■■■■■■■■■■■■■■■■■■■■■■■■■■■■■■■■■■■■■■■■■■■■        |  90% of 109.7 MiB
2026-01-20T00:00:45.4287496Z |■■■■■■■■■■■■■■■■■■■■■■■■■■■■■■■■■■■■■■■■■■■■■■■■■■■■■■■■■■■■■■■■■■■■■■■■■■■■■■■■| 100% of 109.7 MiB
2026-01-20T00:00:47.2147654Z Chromium Headless Shell 143.0.7499.4 (playwright build v1200) downloaded to /home/runner/.cache/ms-playwright/chromium_headless_shell-1200
2026-01-20T00:00:47.2375918Z ##[group]Run mkdir -p projects/edge_react_shopping_cart
2026-01-20T00:00:47.2376386Z [36;1mmkdir -p projects/edge_react_shopping_cart[0m
2026-01-20T00:00:47.2376796Z [36;1mcat > projects/edge_react_shopping_cart/config.json << 'EOF'[0m
2026-01-20T00:00:47.2377130Z [36;1m{[0m
2026-01-20T00:00:47.2377356Z [36;1m  "project_name": "edge_react_shopping_cart",[0m
2026-01-20T00:00:47.2377782Z [36;1m  "target_url": "https://react-shopping-cart-67954.firebaseapp.com/",[0m
2026-01-20T00:00:47.2378363Z [36;1m  "goal": "Browse products by category 'All', add 2 items to cart, verify cart shows correct total",[0m
2026-01-20T00:00:47.2378814Z [36;1m  "headless": true[0m
2026-01-20T00:00:47.2379018Z [36;1m}[0m
2026-01-20T00:00:47.2379183Z [36;1mEOF[0m
2026-01-20T00:00:47.2416072Z shell: /usr/bin/bash -e {0}
2026-01-20T00:00:47.2416303Z env:
2026-01-20T00:00:47.2416558Z   pythonLocation: /opt/hostedtoolcache/Python/3.11.14/x64
2026-01-20T00:00:47.2417029Z   PKG_CONFIG_PATH: /opt/hostedtoolcache/Python/3.11.14/x64/lib/pkgconfig
2026-01-20T00:00:47.2417450Z   Python_ROOT_DIR: /opt/hostedtoolcache/Python/3.11.14/x64
2026-01-20T00:00:47.2417819Z   Python2_ROOT_DIR: /opt/hostedtoolcache/Python/3.11.14/x64
2026-01-20T00:00:47.2418198Z   Python3_ROOT_DIR: /opt/hostedtoolcache/Python/3.11.14/x64
2026-01-20T00:00:47.2418582Z   LD_LIBRARY_PATH: /opt/hostedtoolcache/Python/3.11.14/x64/lib
2026-01-20T00:00:47.2418888Z ##[endgroup]
2026-01-20T00:00:47.2526302Z ##[group]Run echo "🧪 Testing Edge Case: react_shopping_cart"
2026-01-20T00:00:47.2526763Z [36;1mecho "🧪 Testing Edge Case: react_shopping_cart"[0m
2026-01-20T00:00:47.2527314Z [36;1mecho "🎯 Goal: Browse products by category 'All', add 2 items to cart, verify cart shows correct total"[0m
2026-01-20T00:00:47.2527781Z [36;1mecho ""[0m
2026-01-20T00:00:47.2528015Z [36;1m# Use --deep for comprehensive testing[0m
2026-01-20T00:00:47.2528472Z [36;1mpython orchestrator.py --project projects/edge_react_shopping_cart --deep --force[0m
2026-01-20T00:00:47.2558452Z shell: /usr/bin/bash -e {0}
2026-01-20T00:00:47.2558859Z env:
2026-01-20T00:00:47.2559109Z   pythonLocation: /opt/hostedtoolcache/Python/3.11.14/x64
2026-01-20T00:00:47.2559543Z   PKG_CONFIG_PATH: /opt/hostedtoolcache/Python/3.11.14/x64/lib/pkgconfig
2026-01-20T00:00:47.2559955Z   Python_ROOT_DIR: /opt/hostedtoolcache/Python/3.11.14/x64
2026-01-20T00:00:47.2560556Z   Python2_ROOT_DIR: /opt/hostedtoolcache/Python/3.11.14/x64
2026-01-20T00:00:47.2560913Z   Python3_ROOT_DIR: /opt/hostedtoolcache/Python/3.11.14/x64
2026-01-20T00:00:47.2561264Z   LD_LIBRARY_PATH: /opt/hostedtoolcache/Python/3.11.14/x64/lib
2026-01-20T00:00:47.2561740Z   GOOGLE_API_KEY: ***
2026-01-20T00:00:47.2561941Z   PYTHONPATH: .
2026-01-20T00:00:47.2562127Z ##[endgroup]
2026-01-20T00:00:47.2612713Z 🧪 Testing Edge Case: react_shopping_cart
2026-01-20T00:00:47.2613647Z 🎯 Goal: Browse products by category 'All', add 2 items to cart, verify cart shows correct total
2026-01-20T00:00:47.2614220Z 
2026-01-20T00:00:49.1075587Z 🚀 [DEEP] Extensive mapping enabled (Depth: 3, Pages: 50)
2026-01-20T00:00:49.1076015Z 
2026-01-20T00:00:49.1076714Z 🗺️ [DISCOVERY] Starting Parallel Semantic Crawl on https://react-shopping-cart-67954.firebaseapp.com/ (Workers: 3)
2026-01-20T00:00:50.9529075Z   🔍 [Worker 0] Visiting (0): https://react-shopping-cart-67954.firebaseapp.com/
2026-01-20T00:00:52.5598482Z [DEBUG] Sending request to gemini-2.0-flash. Number of parts: 1
2026-01-20T00:00:52.5601295Z [DEBUG] Received response (Length: 391)
2026-01-20T00:00:52.5602094Z ✅ Discovery Complete. Mapped 1 pages.
2026-01-20T00:00:59.6273870Z 
2026-01-20T00:00:59.6274877Z [PLAN] PLANNER: Planning goal -> 'Browse products by category 'All', add 2 items to cart, verify cart shows correct total' (Deep Mode: True)
2026-01-20T00:00:59.6275941Z 🗺️ [PLAN] Loaded Sitemap with 1 pages.
2026-01-20T00:00:59.6276334Z 📊 [KNOWLEDGE] Page types: ['homepage']
2026-01-20T00:00:59.6276701Z 🔄 [KNOWLEDGE] Flows: 0, Forms: 0
2026-01-20T00:00:59.6277536Z 🎭 [EXPERT] Detected Domain: ECOMMERCE. Persona: Act as a Senior SDET focusing on e-commerce flow automation and conversion funnel reliability
2026-01-20T00:00:59.6278421Z [DEBUG] Sending request to gemini-2.0-flash. Number of parts: 1
2026-01-20T00:00:59.6278860Z [DEBUG] Received response (Length: 1510)
2026-01-20T00:00:59.6279318Z ✅ Planner generated 1 scenarios. Workflow updated.
2026-01-20T00:01:00.7046474Z 
2026-01-20T00:01:00.7047575Z 🕵️ [DEEP EXPLORER] Starting Multi-Scenario Exploration
2026-01-20T00:01:00.7048288Z 📋 Found 1 scenarios to explore.
2026-01-20T00:01:01.1874241Z 
2026-01-20T00:01:01.1874860Z [1/1] Exploring Scenario: Browse products and add two items to cart
2026-01-20T00:01:01.1878239Z     🧠 Initialized exploration context for goal: 'Browse products on the homepage, add the first two available items to the cart, and verify the cart total.'
2026-01-20T00:01:01.1879111Z     🎯 Scenario: Browse products and add two items to cart
2026-01-20T00:01:01.1885078Z   ▶️ [STEP step_1] NAVIGATE: 
2026-01-20T00:01:01.8084467Z     ✅ Navigated to https://react-shopping-cart-67954.firebaseapp.com/
2026-01-20T00:01:01.8085313Z   ▶️ [STEP step_2] ASSERT_URL: 
2026-01-20T00:01:06.9091322Z     ⚠️ Scroll into view failed for text=None. Proceeding anyway.
2026-01-20T00:01:08.9114579Z     ✅ State transitioned.
2026-01-20T00:01:10.5492113Z [DEBUG] Sending request to gemini-2.0-flash. Number of parts: 2
2026-01-20T00:01:10.5493120Z [DEBUG] Received response (Length: 292)
2026-01-20T00:01:10.5493978Z     🤖 AI Next Step Suggestion: click -> Add to cart
2026-01-20T00:01:10.5494645Z     🧩 Suggested Locator: div:nth-of-type(1) > div > button
2026-01-20T00:01:10.5497619Z     💭 Reasoning: The goal is to add two items to the cart. The first item on the page is 'Free shipping Cropped Stay Groovy off white'. Clicking 'Add to cart' will add this item to the cart.
2026-01-20T00:01:10.5499176Z     ➕ Injected AI step: click -> Add to cart
2026-01-20T00:01:10.5499777Z   ▶️ [STEP step_2_ai_1] CLICK: Add to cart
2026-01-20T00:01:10.5563323Z     🎯 Using AI-provided locator: div:nth-of-type(1) > div > button
2026-01-20T00:01:10.5645694Z     ✅ Found 1 verified locators
2026-01-20T00:01:14.6352771Z     ✅ State transitioned.
2026-01-20T00:01:16.1335075Z [DEBUG] Sending request to gemini-2.0-flash. Number of parts: 2
2026-01-20T00:01:16.1335702Z [DEBUG] Received response (Length: 277)
2026-01-20T00:01:16.1336499Z     🤖 AI Next Step Suggestion: click -> Add to cart
2026-01-20T00:01:16.1337203Z     🧩 Suggested Locator: div:nth-of-type(2) > div > button
2026-01-20T00:01:16.1338578Z     💭 Reasoning: The goal is to add two items to the cart. We've added one, so we need to add another. The first available 'Add to cart' button is for 'Tropical Wine T-shirt'.
2026-01-20T00:01:16.1339912Z     🔄 Same AI suggestion but state changed (URL or DOM). Resetting loop counter.
2026-01-20T00:01:16.1340685Z     ⚠️ Skipping duplicate AI suggestion (just executed): ('click', 'add to cart')
2026-01-20T00:01:16.1341112Z   ▶️ [STEP step_3] CLICK: product image
2026-01-20T00:01:16.1397494Z     🔍 Mining locators for: 'product image'
2026-01-20T00:01:16.2005855Z     🧠 Consulting AI (Vision-First) to find 'product image'...
2026-01-20T00:01:16.2036707Z     🔍 Trying smart selectors for 'product image'...
2026-01-20T00:01:16.3191385Z     🔍 [SMART] Searching for: 'product image' (trying 15+ strategies)
2026-01-20T00:01:16.3192067Z     ⚠️ Smart selectors failed (no unique match). Falling back to AI Vision...
2026-01-20T00:01:16.3195533Z     🧠 [EXPERT] Strategy: Act as a Senior SDET focusing on e-commerce flow automation and conversion funnel reliability. Focus on the complete shopping funnel (Search -> Product Selection -> Add to Cart -> Checkout). CRITICAL: Identify SEARCH BARS, magnifying glass icons, and 'Add to Cart' buttons as primary automation targets. Dismiss popups that block the flow. For product lists, default to selecting the FIRST available item for consistent automation.
2026-01-20T00:01:21.4267987Z [DEBUG] Sending request to gemini-2.0-flash. Number of parts: 2
2026-01-20T00:01:21.4268410Z [DEBUG] Received response (Length: 397)
2026-01-20T00:01:21.4269053Z     🔄 Retry 1/3 mining locators for 'product image'...
2026-01-20T00:01:22.5007386Z     🧠 Consulting AI (Vision-First) to find 'product image'...
2026-01-20T00:01:22.5008212Z     🔍 Trying smart selectors for 'product image'...
2026-01-20T00:01:22.6092123Z     🔍 [SMART] Searching for: 'product image' (trying 15+ strategies)
2026-01-20T00:01:22.6093094Z     ⚠️ Smart selectors failed (no unique match). Falling back to AI Vision...
2026-01-20T00:01:22.6095156Z     🧠 [EXPERT] Strategy: Act as a Senior SDET focusing on e-commerce flow automation and conversion funnel reliability. Focus on the complete shopping funnel (Search -> Product Selection -> Add to Cart -> Checkout). CRITICAL: Identify SEARCH BARS, magnifying glass icons, and 'Add to Cart' buttons as primary automation targets. Dismiss popups that block the flow. For product lists, default to selecting the FIRST available item for consistent automation.
2026-01-20T00:01:22.6097763Z [CACHE HIT] 312b5edc... (hits: 1, misses: 3)
2026-01-20T00:01:22.6098214Z     🔄 Retry 2/3 mining locators for 'product image'...
2026-01-20T00:01:23.6111453Z     🗑️ Invalidating stale AI cache (retry 2)...
2026-01-20T00:01:23.6829531Z     🧠 Consulting AI (Vision-First) to find 'product image'...
2026-01-20T00:01:23.6830559Z     🔍 Trying smart selectors for 'product image'...
2026-01-20T00:01:23.8370819Z     🔍 [SMART] Searching for: 'product image' (trying 15+ strategies)
2026-01-20T00:01:23.8371677Z     ⚠️ Smart selectors failed (no unique match). Falling back to AI Vision...
2026-01-20T00:01:23.8373879Z     🧠 [EXPERT] Strategy: Act as a Senior SDET focusing on e-commerce flow automation and conversion funnel reliability. Focus on the complete shopping funnel (Search -> Product Selection -> Add to Cart -> Checkout). CRITICAL: Identify SEARCH BARS, magnifying glass icons, and 'Add to Cart' buttons as primary automation targets. Dismiss popups that block the flow. For product lists, default to selecting the FIRST available item for consistent automation.
2026-01-20T00:01:23.8376405Z [CACHE HIT] 312b5edc... (hits: 2, misses: 3)
2026-01-20T00:01:23.8376861Z     🧠 Verifying step validity for 'product image' after mining failure...
2026-01-20T00:01:26.1086000Z [DEBUG] Sending request to gemini-2.0-flash. Number of parts: 2
2026-01-20T00:01:26.1086551Z [DEBUG] Received response (Length: 249)
2026-01-20T00:01:26.1087328Z     🛠️ Self-Correction: Step is valid. Using new locator: img[alt='Cropped Stay Groovy off white']
2026-01-20T00:01:30.1552239Z     ✅ State transitioned.
2026-01-20T00:01:30.1609620Z     🔄 Revisited state detected (count: 1)
2026-01-20T00:01:31.7943146Z [DEBUG] Sending request to gemini-2.0-flash. Number of parts: 2
2026-01-20T00:01:31.7943639Z [DEBUG] Received response (Length: 253)
2026-01-20T00:01:31.7944336Z     🤖 AI Next Step Suggestion: click -> Add to cart
2026-01-20T00:01:31.7944749Z     🧩 Suggested Locator: div:nth-of-type(1) > button
2026-01-20T00:01:31.7945523Z     💭 Reasoning: The goal is to add two items to the cart. The first item on the page has an 'Add to cart' button. Clicking it will add the item to the cart.
2026-01-20T00:01:31.7946440Z ⚠️ Loop detected: same AI suggestion repeated 2 times without state change. Moving to next step.
2026-01-20T00:01:31.7946995Z   ▶️ [STEP step_4] ASSERT_VISIBLE: product details
2026-01-20T00:01:31.8003277Z     🔍 Mining locators for: 'product details'
2026-01-20T00:01:31.8672078Z     🧠 Consulting AI (Vision-First) to find 'product details'...
2026-01-20T00:01:31.8672585Z     🔍 Trying smart selectors for 'product details'...
2026-01-20T00:01:31.9748664Z     🔍 [SMART] Searching for: 'product details' (trying 15+ strategies)
2026-01-20T00:01:31.9749616Z     ⚠️ Smart selectors failed (no unique match). Falling back to AI Vision...
2026-01-20T00:01:31.9751832Z     🧠 [EXPERT] Strategy: Act as a Senior SDET focusing on e-commerce flow automation and conversion funnel reliability. Focus on the complete shopping funnel (Search -> Product Selection -> Add to Cart -> Checkout). CRITICAL: Identify SEARCH BARS, magnifying glass icons, and 'Add to Cart' buttons as primary automation targets. Dismiss popups that block the flow. For product lists, default to selecting the FIRST available item for consistent automation.
2026-01-20T00:01:38.5380452Z [DEBUG] Sending request to gemini-2.0-flash. Number of parts: 2
2026-01-20T00:01:38.5381120Z [DEBUG] Received response (Length: 963)
2026-01-20T00:01:38.5381720Z     ⚠️ Critical step failure: 'priority'
2026-01-20T00:01:38.5382032Z   ▶️ [STEP step_5] CLICK: 0
2026-01-20T00:01:38.5432617Z     🔍 Mining locators for: '0'
2026-01-20T00:01:38.7236239Z     ✅ Found 13 verified locators
2026-01-20T00:01:42.2716335Z     ✅ State transitioned.
2026-01-20T00:01:42.2770721Z     🔄 Revisited state detected (count: 2)
2026-01-20T00:01:43.8386662Z [DEBUG] Sending request to gemini-2.0-flash. Number of parts: 2
2026-01-20T00:01:43.8387325Z [DEBUG] Received response (Length: 293)
2026-01-20T00:01:43.8388018Z     🤖 AI Next Step Suggestion: click -> Add to cart
2026-01-20T00:01:43.8391028Z     🧩 Suggested Locator: div:nth-child(2) > div > button
2026-01-20T00:01:43.8391921Z     💭 Reasoning: The goal is to add two items to the cart. One item is already in the cart. Clicking the 'Add to cart' button for the 'Tropical Wine T-shirt' will add a second item to the cart.
2026-01-20T00:01:43.8392679Z     ➕ Injected AI step: click -> Add to cart
2026-01-20T00:01:43.8393262Z   ▶️ [STEP step_5_ai_1] CLICK: Add to cart
2026-01-20T00:01:43.8448312Z     🎯 Using AI-provided locator: div:nth-child(2) > div > button
2026-01-20T00:01:43.8511357Z     ✅ Found 1 verified locators
2026-01-20T00:01:47.9075979Z     ✅ State transitioned.
2026-01-20T00:01:47.9129548Z     🔄 Revisited state detected (count: 3)
2026-01-20T00:01:47.9130651Z     ⚠️ Too many revisits (3). Stopping AI step injection to prevent loops.
2026-01-20T00:01:47.9131386Z   ▶️ [STEP step_6] NAVIGATE: 
2026-01-20T00:01:48.4406518Z     ✅ Navigated to https://react-shopping-cart-67954.firebaseapp.com/
2026-01-20T00:01:48.4409208Z   ▶️ [STEP step_7] CLICK: product image
2026-01-20T00:01:48.4583196Z     🔍 Mining locators for: 'product image'
2026-01-20T00:01:48.5686979Z     🧠 Consulting AI (Vision-First) to find 'product image'...
2026-01-20T00:01:48.5687811Z     🔍 Trying smart selectors for 'product image'...
2026-01-20T00:01:48.6829066Z     🔍 [SMART] Searching for: 'product image' (trying 15+ strategies)
2026-01-20T00:01:48.6829890Z     ⚠️ Smart selectors failed (no unique match). Falling back to AI Vision...
2026-01-20T00:01:48.6833822Z     🧠 [EXPERT] Strategy: Act as a Senior SDET focusing on e-commerce flow automation and conversion funnel reliability. Focus on the complete shopping funnel (Search -> Product Selection -> Add to Cart -> Checkout). CRITICAL: Identify SEARCH BARS, magnifying glass icons, and 'Add to Cart' buttons as primary automation targets. Dismiss popups that block the flow. For product lists, default to selecting the FIRST available item for consistent automation.
2026-01-20T00:01:49.9968405Z [DEBUG] Sending request to gemini-2.0-flash. Number of parts: 2
2026-01-20T00:01:49.9969139Z [DEBUG] Received response (Length: 190)
2026-01-20T00:01:49.9970489Z     💡 Expert Suggestion: The product image is likely on the 'All' category page.
2026-01-20T00:01:49.9971482Z     🛠️ Executing corrective action: click -> 'All'
2026-01-20T00:01:50.5845896Z     ✅ Executed corrective navigation
2026-01-20T00:01:52.5869901Z     🔄 Retry 1/3 mining locators for 'product image'...
2026-01-20T00:01:53.6496868Z     🧠 Consulting AI (Vision-First) to find 'product image'...
2026-01-20T00:01:53.6497475Z     🔍 Trying smart selectors for 'product image'...
2026-01-20T00:01:53.7512428Z     🔍 [SMART] Searching for: 'product image' (trying 15+ strategies)
2026-01-20T00:01:53.7513389Z     ⚠️ Smart selectors failed (no unique match). Falling back to AI Vision...
2026-01-20T00:01:53.7515437Z     🧠 [EXPERT] Strategy: Act as a Senior SDET focusing on e-commerce flow automation and conversion funnel reliability. Focus on the complete shopping funnel (Search -> Product Selection -> Add to Cart -> Checkout). CRITICAL: Identify SEARCH BARS, magnifying glass icons, and 'Add to Cart' buttons as primary automation targets. Dismiss popups that block the flow. For product lists, default to selecting the FIRST available item for consistent automation.
2026-01-20T00:01:55.3366191Z [DEBUG] Sending request to gemini-2.0-flash. Number of parts: 2
2026-01-20T00:01:55.3366965Z [DEBUG] Received response (Length: 273)
2026-01-20T00:01:55.3368889Z     💡 Expert Suggestion: Product images are typically found on product listing or detail pages, which are accessible from a 'Products' or 'All' category page.
2026-01-20T00:01:55.3370833Z     🛠️ Executing corrective action: click -> 'Products'
2026-01-20T00:01:55.3992867Z     🔄 Retry 2/3 mining locators for 'product image'...
2026-01-20T00:01:56.4005722Z     🗑️ Invalidating stale AI cache (retry 2)...
2026-01-20T00:01:56.4651492Z     🧠 Consulting AI (Vision-First) to find 'product image'...
2026-01-20T00:01:56.4652319Z     🔍 Trying smart selectors for 'product image'...
2026-01-20T00:01:56.5675585Z     🔍 [SMART] Searching for: 'product image' (trying 15+ strategies)
2026-01-20T00:01:56.5676473Z     ⚠️ Smart selectors failed (no unique match). Falling back to AI Vision...
2026-01-20T00:01:56.5678955Z     🧠 [EXPERT] Strategy: Act as a Senior SDET focusing on e-commerce flow automation and conversion funnel reliability. Focus on the complete shopping funnel (Search -> Product Selection -> Add to Cart -> Checkout). CRITICAL: Identify SEARCH BARS, magnifying glass icons, and 'Add to Cart' buttons as primary automation targets. Dismiss popups that block the flow. For product lists, default to selecting the FIRST available item for consistent automation.
2026-01-20T00:01:56.5682139Z [CACHE HIT] bdfe37bc... (hits: 3, misses: 9)
2026-01-20T00:01:56.5682737Z     ⚠️ Skipping duplicate injection: Products
2026-01-20T00:01:56.5683248Z     🧠 Verifying step validity for 'product image' after no candidates found...
2026-01-20T00:02:00.3848636Z [DEBUG] Sending request to gemini-2.0-flash. Number of parts: 2
2026-01-20T00:02:00.3849331Z [DEBUG] Received response (Length: 300)
2026-01-20T00:02:00.3852688Z     🗑️ Step deemed INVALID: The current page only displays product names, prices, and 'Add to cart' buttons. There are no product images visible in the screenshot. Therefore, attempting to locate and interact with a 'product image' is not a valid step at this point.. Removing from workflow.
2026-01-20T00:02:00.3855453Z     ⏭️ Skipping execution of invalid step: product image
2026-01-20T00:02:00.3856287Z   ▶️ [STEP step_8] ASSERT_VISIBLE: product details
2026-01-20T00:02:00.3911579Z     🔍 Mining locators for: 'product details'
2026-01-20T00:02:00.5000034Z     🧠 Consulting AI (Vision-First) to find 'product details'...
2026-01-20T00:02:00.5001075Z     🔍 Trying smart selectors for 'product details'...
2026-01-20T00:02:00.6017557Z     🔍 [SMART] Searching for: 'product details' (trying 15+ strategies)
2026-01-20T00:02:00.6018522Z     ⚠️ Smart selectors failed (no unique match). Falling back to AI Vision...
2026-01-20T00:02:00.6020833Z     🧠 [EXPERT] Strategy: Act as a Senior SDET focusing on e-commerce flow automation and conversion funnel reliability. Focus on the complete shopping funnel (Search -> Product Selection -> Add to Cart -> Checkout). CRITICAL: Identify SEARCH BARS, magnifying glass icons, and 'Add to Cart' buttons as primary automation targets. Dismiss popups that block the flow. For product lists, default to selecting the FIRST available item for consistent automation.
2026-01-20T00:02:08.7196014Z [DEBUG] Sending request to gemini-2.0-flash. Number of parts: 2
2026-01-20T00:02:08.7196440Z [DEBUG] Received response (Length: 2110)
2026-01-20T00:02:08.7197045Z     🔄 Retry 1/3 mining locators for 'product details'...
2026-01-20T00:02:09.7819757Z     🧠 Consulting AI (Vision-First) to find 'product details'...
2026-01-20T00:02:09.7820534Z     🔍 Trying smart selectors for 'product details'...
2026-01-20T00:02:09.8826980Z     🔍 [SMART] Searching for: 'product details' (trying 15+ strategies)
2026-01-20T00:02:09.8827882Z     ⚠️ Smart selectors failed (no unique match). Falling back to AI Vision...
2026-01-20T00:02:09.8829916Z     🧠 [EXPERT] Strategy: Act as a Senior SDET focusing on e-commerce flow automation and conversion funnel reliability. Focus on the complete shopping funnel (Search -> Product Selection -> Add to Cart -> Checkout). CRITICAL: Identify SEARCH BARS, magnifying glass icons, and 'Add to Cart' buttons as primary automation targets. Dismiss popups that block the flow. For product lists, default to selecting the FIRST available item for consistent automation.
2026-01-20T00:02:09.8832920Z [CACHE HIT] 746e7b80... (hits: 4, misses: 11)
2026-01-20T00:02:09.8833538Z     🔄 Retry 2/3 mining locators for 'product details'...
2026-01-20T00:02:10.8847007Z     🗑️ Invalidating stale AI cache (retry 2)...
2026-01-20T00:02:10.9486900Z     🧠 Consulting AI (Vision-First) to find 'product details'...
2026-01-20T00:02:10.9487444Z     🔍 Trying smart selectors for 'product details'...
2026-01-20T00:02:11.0520704Z     🔍 [SMART] Searching for: 'product details' (trying 15+ strategies)
2026-01-20T00:02:11.0521639Z     ⚠️ Smart selectors failed (no unique match). Falling back to AI Vision...
2026-01-20T00:02:11.0524014Z     🧠 [EXPERT] Strategy: Act as a Senior SDET focusing on e-commerce flow automation and conversion funnel reliability. Focus on the complete shopping funnel (Search -> Product Selection -> Add to Cart -> Checkout). CRITICAL: Identify SEARCH BARS, magnifying glass icons, and 'Add to Cart' buttons as primary automation targets. Dismiss popups that block the flow. For product lists, default to selecting the FIRST available item for consistent automation.
2026-01-20T00:02:11.0525957Z [CACHE HIT] 746e7b80... (hits: 5, misses: 11)
2026-01-20T00:02:11.0526686Z     🧠 Verifying step validity for 'product details' after mining failure...
2026-01-20T00:02:12.8617222Z [DEBUG] Sending request to gemini-2.0-flash. Number of parts: 2
2026-01-20T00:02:12.8618288Z [DEBUG] Received response (Length: 475)
2026-01-20T00:02:12.8621537Z     🗑️ Step deemed INVALID: The task is to locate and interact with 'product details'. However, the current page displays a list of products with their names, prices, and 'Add to cart' buttons. There are no specific 'product details' links or elements visible on this page. To view product details, we would typically need to click on the product name or image, which is not the current instruction. Therefore, the current step is not valid.. Removing from workflow.
2026-01-20T00:02:12.8623561Z     ⏭️ Skipping execution of invalid step: product details
2026-01-20T00:02:12.8623948Z   ▶️ [STEP step_9] CLICK: 0
2026-01-20T00:02:12.8673755Z     🔍 Mining locators for: '0'
2026-01-20T00:02:13.0492110Z     ✅ Found 13 verified locators
2026-01-20T00:02:16.6029291Z     ✅ State transitioned.
2026-01-20T00:02:16.6082919Z     🔄 Revisited state detected (count: 4)
2026-01-20T00:02:16.6083787Z     ⚠️ Too many revisits (4). Stopping AI step injection to prevent loops.
2026-01-20T00:02:18.6425378Z 🗂️  All generated tests written to /home/runner/work/build_qa_automation/build_qa_automation/projects/edge_react_shopping_cart/tests/generated_scenarios.json
2026-01-20T00:02:18.6426476Z 
2026-01-20T00:02:18.6427035Z 📝 Processing scenario 'Browse products and add two items to cart' with 9 steps
2026-01-20T00:02:18.6427947Z   🔍 Step 2 (click): Found 1 mined locators
2026-01-20T00:02:18.6428754Z       ⚠️ Skipping positional locator: div:nth-of-type(1) > div > button...
2026-01-20T00:02:18.6429779Z   ⚠️  No robust locators passed filtering. Executor will use fallback strategies.
2026-01-20T00:02:18.6431220Z   🔍 Step 3 (click): Found 1 mined locators
2026-01-20T00:02:18.6432051Z       ✅ Kept robust locator (0.90): img[alt='Cropped Stay Groovy off white']...
2026-01-20T00:02:18.6432886Z   💾 Saved 1 robust locators (top stability: 0.90)
2026-01-20T00:02:18.6433520Z   🔍 Step 5 (click): Found 13 mined locators
2026-01-20T00:02:18.6434199Z       ✅ Kept robust locator (0.70): text=$49.00...
2026-01-20T00:02:18.6434849Z       ✅ Kept robust locator (0.70): text=$134.90...
2026-01-20T00:02:18.6435486Z       ✅ Kept robust locator (0.70): text=$ 10.90...
2026-01-20T00:02:18.6436115Z       ✅ Kept robust locator (0.70): text=$18.70...
2026-01-20T00:02:18.6438329Z       ✅ Kept robust locator (0.70): text=$22.50...
2026-01-20T00:02:18.6438978Z       ✅ Kept robust locator (0.70): text=$49.90...
2026-01-20T00:02:18.6439547Z       ✅ Kept robust locator (0.70): text=$10.90...
2026-01-20T00:02:18.6440237Z       ✅ Kept robust locator (0.70): text=$14.90...
2026-01-20T00:02:18.6440846Z       ✅ Kept robust locator (0.70): text=or 5 x$2.80...
2026-01-20T00:02:18.6441428Z       ✅ Kept robust locator (0.70): text=$14.00...
2026-01-20T00:02:18.6441998Z       ✅ Kept robust locator (0.70): text=or 3 x$3.00...
2026-01-20T00:02:18.6442565Z       ✅ Kept robust locator (0.70): text=$9.00...
2026-01-20T00:02:18.6443111Z       ✅ Kept robust locator (0.70): text=$25.90...
2026-01-20T00:02:18.6443697Z   💾 Saved 3 robust locators (top stability: 0.70)
2026-01-20T00:02:18.6444250Z   🔍 Step 6 (click): Found 1 mined locators
2026-01-20T00:02:18.6444937Z       ⚠️ Skipping positional locator: div:nth-child(2) > div > button...
2026-01-20T00:02:18.6445829Z   ⚠️  No robust locators passed filtering. Executor will use fallback strategies.
2026-01-20T00:02:18.6446878Z   🔍 Step 8 (click): Found 13 mined locators
2026-01-20T00:02:18.6447421Z       ✅ Kept robust locator (0.70): text=$10.90...
2026-01-20T00:02:18.6448011Z       ✅ Kept robust locator (0.70): text=or 5 x$2.80...
2026-01-20T00:02:18.6448585Z       ✅ Kept robust locator (0.70): text=$14.00...
2026-01-20T00:02:18.6449153Z       ✅ Kept robust locator (0.70): text=$14.90...
2026-01-20T00:02:18.6449722Z       ✅ Kept robust locator (0.70): text=or 3 x$3.00...
2026-01-20T00:02:18.6450443Z       ✅ Kept robust locator (0.70): text=$9.00...
2026-01-20T00:02:18.6450995Z       ✅ Kept robust locator (0.70): text=$49.90...
2026-01-20T00:02:18.6451807Z       ✅ Kept robust locator (0.70): text=$25.90...
2026-01-20T00:02:18.6452344Z       ✅ Kept robust locator (0.70): text=$22.50...
2026-01-20T00:02:18.6452886Z       ✅ Kept robust locator (0.70): text=$18.70...
2026-01-20T00:02:18.6453441Z       ✅ Kept robust locator (0.70): text=$134.90...
2026-01-20T00:02:18.6453992Z       ✅ Kept robust locator (0.70): text=$49.00...
2026-01-20T00:02:18.6454466Z       ✅ Kept robust locator (0.70): text=.90...
2026-01-20T00:02:18.6454890Z   💾 Saved 3 robust locators (top stability: 0.70)
2026-01-20T00:02:18.6455483Z ✅ Updated scenario 'Browse products and add two items to cart' with 9 validated steps
2026-01-20T00:02:18.6456025Z 🔄 Updated workflow.json with discovered steps and locators.
2026-01-20T00:02:18.6456454Z 
2026-01-20T00:02:18.6456634Z ============================================================
2026-01-20T00:02:18.6457219Z 📊 EXPLORER PERFORMANCE SUMMARY
2026-01-20T00:02:18.6457659Z ============================================================
2026-01-20T00:02:18.6458019Z 
2026-01-20T00:02:18.6458234Z 🔍 Locator Mining:
2026-01-20T00:02:18.6458686Z    • Total Locators Mined: 29
2026-01-20T00:02:18.6459050Z    • Filtered Out (Brittle): 2 (6.9%)
2026-01-20T00:02:18.6459473Z    • Saved to Golden Path: 7 (24.1%)
2026-01-20T00:02:18.6459756Z 
2026-01-20T00:02:18.6459935Z ⚠️  Filtering Breakdown:
2026-01-20T00:02:18.6460489Z    • Positional Selectors: 2
2026-01-20T00:02:18.6460743Z 
2026-01-20T00:02:18.6460920Z ✅ Golden Path Quality:
2026-01-20T00:02:18.6461592Z    ❌ POOR - Only 24.1% of mined locators are robust. Site may have weak semantic HTML.
2026-01-20T00:02:18.6462079Z 
2026-01-20T00:02:18.6462235Z ============================================================
2026-01-20T00:02:18.6462576Z 
2026-01-20T00:02:18.6462759Z ✅ Deep Exploration Complete.
2026-01-20T00:02:57.9825951Z 
2026-01-20T00:02:57.9826818Z 🚀 [EXECUTE] Starting Automation Execution Engine
2026-01-20T00:02:57.9827434Z 📍 Project: edge_react_shopping_cart
2026-01-20T00:02:57.9827929Z 🎬 Mode: Headless
2026-01-20T00:02:57.9828108Z 
2026-01-20T00:02:57.9828359Z --- Scenario: Browse products and add two items to cart ---
2026-01-20T00:02:57.9828988Z   ▶️  [STEP step_1] NAVIGATE: NAVIGATE
2026-01-20T00:02:57.9829446Z     ✅ Step step_1 Passed.
2026-01-20T00:02:57.9829846Z   ▶️  [STEP step_2] ASSERT_URL: ASSERT_URL
2026-01-20T00:02:57.9830902Z     ✅ Step step_2 Passed.
2026-01-20T00:02:57.9831345Z   ▶️  [STEP step_2_ai_1] CLICK: Add to cart
2026-01-20T00:02:57.9831791Z     ✅ Step step_2_ai_1 Passed.
2026-01-20T00:02:57.9832204Z   ▶️  [STEP step_3] CLICK: product image
2026-01-20T00:02:57.9832725Z     🔍 Trying 1 validated locators from golden path...
2026-01-20T00:02:57.9833587Z     ✅ SUCCESS! Locator #1: img[alt='Cropped Stay Groovy off white']... (method: unknown, stability: 0.90)
2026-01-20T00:02:57.9834380Z     ✅ Step step_3 Passed.
2026-01-20T00:02:57.9834823Z   ▶️  [STEP step_4] ASSERT_VISIBLE: product details
2026-01-20T00:02:57.9835501Z     ❌ Attempt 1 failed (element_not_found): Locator expected to be visible
2026-01-20T00:02:57.9838045Z Actual value: None
2026-01-20T00:02:57.9838356Z Error: element(s) not found 
2026-01-20T00:02:57.9838691Z Call log:
2026-01-20T00:02:57.9838947Z   - Expect ...
2026-01-20T00:02:57.9839461Z     🔧 [AUTO-HEAL] Re-mining page to find 'product details'...
2026-01-20T00:02:57.9840067Z [DEBUG] Sending request to gemini-2.0-flash. Number of parts: 2
2026-01-20T00:02:57.9841007Z [DEBUG] Received response (Length: 38)
2026-01-20T00:02:57.9841634Z     ❌ AI could not re-locate the element. Waiting 1s before next retry.
2026-01-20T00:02:57.9842382Z     ❌ Attempt 2 failed (element_not_found): Locator expected to be visible
2026-01-20T00:02:57.9842908Z Actual value: None
2026-01-20T00:02:57.9843200Z Error: element(s) not found 
2026-01-20T00:02:57.9843515Z Call log:
2026-01-20T00:02:57.9843765Z   - Expect ...
2026-01-20T00:02:57.9844229Z     🔧 [AUTO-HEAL] Re-mining page to find 'product details'...
2026-01-20T00:02:57.9844710Z [CACHE HIT] e6b813dc... (hits: 1, misses: 1)
2026-01-20T00:02:57.9845355Z     ❌ AI could not re-locate the element. Waiting 1s before next retry.
2026-01-20T00:02:57.9846107Z     ❌ Attempt 3 failed (element_not_found): Locator expected to be visible
2026-01-20T00:02:57.9846621Z Actual value: None
2026-01-20T00:02:57.9846915Z Error: element(s) not found 
2026-01-20T00:02:57.9847214Z Call log:
2026-01-20T00:02:57.9847465Z   - Expect ...
2026-01-20T00:02:57.9847849Z     💀 Step step_4 failed after all retries.
2026-01-20T00:02:57.9848534Z 🛑 Scenario 'Browse products and add two items to cart' aborted due to step failure.
2026-01-20T00:02:57.9849013Z 
2026-01-20T00:02:57.9849157Z ============================================================
2026-01-20T00:02:57.9849595Z 🎯 EXECUTION SUMMARY
2026-01-20T00:02:57.9849916Z ============================================================
2026-01-20T00:02:57.9850363Z 
2026-01-20T00:02:57.9850550Z 📋 Scenario Overview:
2026-01-20T00:02:57.9850951Z    • Total Scenarios Planned: 1
2026-01-20T00:02:57.9851377Z    • Scenarios Executed: 1
2026-01-20T00:02:57.9851784Z    • Total Steps Executed: 5
2026-01-20T00:02:57.9852005Z 
2026-01-20T00:02:57.9852150Z ✅ Results:
2026-01-20T00:02:57.9852455Z    ❌ Failed: 1 (100%)
2026-01-20T00:02:57.9852649Z 
2026-01-20T00:02:57.9852820Z ⚠️  Failed Scenarios:
2026-01-20T00:02:57.9853254Z    • Browse products and add two items to cart
2026-01-20T00:02:57.9853566Z 
2026-01-20T00:02:57.9853742Z ============================================================
2026-01-20T00:02:57.9854040Z 
2026-01-20T00:02:57.9854853Z 🏁 Execution Finished. Report: /home/runner/work/build_qa_automation/build_qa_automation/projects/edge_react_shopping_cart/execution.json
2026-01-20T00:02:57.9855622Z 
2026-01-20T00:02:57.9855768Z ============================================================
2026-01-20T00:02:57.9856264Z 📊 EXECUTOR PERFORMANCE SUMMARY
2026-01-20T00:02:57.9856633Z ============================================================
2026-01-20T00:02:57.9856914Z 
2026-01-20T00:02:57.9857070Z 🎯 Execution Results:
2026-01-20T00:02:57.9857408Z    • Total Steps: 5
2026-01-20T00:02:57.9857751Z    • First-Attempt Success: 4 (80.0%)
2026-01-20T00:02:57.9858176Z    • Required AI Healing: 2 (40.0%)
2026-01-20T00:02:57.9858589Z    • Final Failures: 1 (20.0%)
2026-01-20T00:02:57.9858809Z 
2026-01-20T00:02:57.9858989Z 🛤️  Golden Path Effectiveness:
2026-01-20T00:02:57.9859377Z    • Steps with Mined Locators: 1
2026-01-20T00:02:57.9859797Z    • Golden Path Hits: 1 (100.0%)
2026-01-20T00:02:57.9860364Z    • Golden Path Misses: 0
2026-01-20T00:02:57.9860768Z    • Fallback Used (No Locators): 4
2026-01-20T00:02:57.9861089Z 
2026-01-20T00:02:57.9861257Z 📈 Overall Assessment:
2026-01-20T00:02:57.9861755Z    ✅ GOOD! Most steps following golden path successfully.
2026-01-20T00:02:57.9862081Z 
2026-01-20T00:02:57.9862245Z 🎯 vs Target (100% Flawless):
2026-01-20T00:02:57.9862633Z    📊 Gap: 20.0% from target
2026-01-20T00:02:57.9863149Z    💡 Recommendation: Explorer needs to mine locators for 4 steps
2026-01-20T00:02:57.9863767Z 
2026-01-20T00:02:57.9863904Z ============================================================
2026-01-20T00:02:58.1176423Z 
2026-01-20T00:02:58.1176926Z [PHASE] Running Phase: DISCOVERY
2026-01-20T00:02:58.1179038Z    Command: /opt/hostedtoolcache/Python/3.11.14/x64/bin/python /home/runner/work/build_qa_automation/build_qa_automation/core/agents/discovery.py --project /home/runner/work/build_qa_automation/build_qa_automation/projects/edge_react_shopping_cart --url https://react-shopping-cart-67954.firebaseapp.com/ --deep
2026-01-20T00:02:58.1181078Z ✅ Phase 'discovery' completed successfully.
2026-01-20T00:02:58.1181336Z 
2026-01-20T00:02:58.1181461Z [PHASE] Running Phase: PLANNING
2026-01-20T00:02:58.1183222Z    Command: /opt/hostedtoolcache/Python/3.11.14/x64/bin/python /home/runner/work/build_qa_automation/build_qa_automation/core/agents/planner.py --project /home/runner/work/build_qa_automation/build_qa_automation/projects/edge_react_shopping_cart --goal Browse products by category 'All', add 2 items to cart, verify cart shows correct total --url https://react-shopping-cart-67954.firebaseapp.com/ --deep
2026-01-20T00:02:58.1185056Z ✅ Phase 'planning' completed successfully.
2026-01-20T00:02:58.1185300Z 
2026-01-20T00:02:58.1185435Z [PHASE] Running Phase: EXPLORATION
2026-01-20T00:02:58.1186579Z    Command: /opt/hostedtoolcache/Python/3.11.14/x64/bin/python /home/runner/work/build_qa_automation/build_qa_automation/core/agents/deep_explorer.py --project /home/runner/work/build_qa_automation/build_qa_automation/projects/edge_react_shopping_cart
2026-01-20T00:02:58.1187791Z ✅ Phase 'exploration' completed successfully.
2026-01-20T00:02:58.1188250Z 📊 Exploration Discovery Success Rate: 42.9%
2026-01-20T00:02:58.1188838Z ⚠️ Exploration failed to find stable locators for key steps. Execution might fail.
2026-01-20T00:02:58.1189213Z 
2026-01-20T00:02:58.1189344Z [PHASE] Running Phase: EXECUTION
2026-01-20T00:02:58.1190525Z    Command: /opt/hostedtoolcache/Python/3.11.14/x64/bin/python /home/runner/work/build_qa_automation/build_qa_automation/core/agents/executor.py --project /home/runner/work/build_qa_automation/build_qa_automation/projects/edge_react_shopping_cart
2026-01-20T00:02:58.1191664Z ✅ Phase 'execution' completed successfully.
2026-01-20T00:02:58.1191896Z 
2026-01-20T00:02:58.1192034Z [DONE] Pipeline Execution Finished! [DONE]
2026-01-20T00:02:58.2362182Z ##[group]Run RESULT_FILE="projects/edge_react_shopping_cart/execution.json"
2026-01-20T00:02:58.2362753Z [36;1mRESULT_FILE="projects/edge_react_shopping_cart/execution.json"[0m
2026-01-20T00:02:58.2363208Z [36;1mWORKFLOW_FILE="projects/edge_react_shopping_cart/workflow.json"[0m
2026-01-20T00:02:58.2363538Z [36;1m[0m
2026-01-20T00:02:58.2363828Z [36;1mecho "## 📊 Results for react_shopping_cart" >> $GITHUB_STEP_SUMMARY[0m
2026-01-20T00:02:58.2364213Z [36;1mecho "" >> $GITHUB_STEP_SUMMARY[0m
2026-01-20T00:02:58.2364446Z [36;1m[0m
2026-01-20T00:02:58.2364623Z [36;1mif [ -f "$RESULT_FILE" ]; then[0m
2026-01-20T00:02:58.2364935Z [36;1m  echo "✅ Execution completed" >> $GITHUB_STEP_SUMMARY[0m
2026-01-20T00:02:58.2365255Z [36;1m  [0m
2026-01-20T00:02:58.2365430Z [36;1m  # Extract metrics[0m
2026-01-20T00:02:58.2365764Z [36;1m  TOTAL=$(jq -r '.scenarios | length' "$RESULT_FILE" 2>/dev/null || echo "0")[0m
2026-01-20T00:02:58.2366364Z [36;1m  PASSED=$(jq -r '[.scenarios[] | select(.status=="passed")] | length' "$RESULT_FILE" 2>/dev/null || echo "0")[0m
2026-01-20T00:02:58.2366831Z [36;1m  [0m
2026-01-20T00:02:58.2367074Z [36;1m  echo "- **Scenarios:** ${TOTAL}" >> $GITHUB_STEP_SUMMARY[0m
2026-01-20T00:02:58.2367449Z [36;1m  echo "- **Passed:** ${PASSED}" >> $GITHUB_STEP_SUMMARY[0m
2026-01-20T00:02:58.2367861Z [36;1m  echo "- **Success Rate:** $((PASSED * 100 / TOTAL))%" >> $GITHUB_STEP_SUMMARY[0m
2026-01-20T00:02:58.2368237Z [36;1m  echo "" >> $GITHUB_STEP_SUMMARY[0m
2026-01-20T00:02:58.2368470Z [36;1m  [0m
2026-01-20T00:02:58.2368648Z [36;1m  # Show scenarios generated[0m
2026-01-20T00:02:58.2368901Z [36;1m  if [ -f "$WORKFLOW_FILE" ]; then[0m
2026-01-20T00:02:58.2369492Z [36;1m    SCENARIO_COUNT=$(jq -r '.scenarios | length' "$WORKFLOW_FILE" 2>/dev/null || echo "0")[0m
2026-01-20T00:02:58.2370034Z [36;1m    echo "📋 **Generated Scenarios:** ${SCENARIO_COUNT}" >> $GITHUB_STEP_SUMMARY[0m
2026-01-20T00:02:58.2370980Z [36;1m    jq -r '.scenarios[] | "  - \(.name)"' "$WORKFLOW_FILE" 2>/dev/null >> $GITHUB_STEP_SUMMARY || true[0m
2026-01-20T00:02:58.2371424Z [36;1m  fi[0m
2026-01-20T00:02:58.2371597Z [36;1melse[0m
2026-01-20T00:02:58.2371856Z [36;1m  echo "❌ No execution results found" >> $GITHUB_STEP_SUMMARY[0m
2026-01-20T00:02:58.2372180Z [36;1m  exit 1[0m
2026-01-20T00:02:58.2372354Z [36;1mfi[0m
2026-01-20T00:02:58.2403623Z shell: /usr/bin/bash -e {0}
2026-01-20T00:02:58.2403849Z env:
2026-01-20T00:02:58.2404094Z   pythonLocation: /opt/hostedtoolcache/Python/3.11.14/x64
2026-01-20T00:02:58.2404524Z   PKG_CONFIG_PATH: /opt/hostedtoolcache/Python/3.11.14/x64/lib/pkgconfig
2026-01-20T00:02:58.2404932Z   Python_ROOT_DIR: /opt/hostedtoolcache/Python/3.11.14/x64
2026-01-20T00:02:58.2405301Z   Python2_ROOT_DIR: /opt/hostedtoolcache/Python/3.11.14/x64
2026-01-20T00:02:58.2405657Z   Python3_ROOT_DIR: /opt/hostedtoolcache/Python/3.11.14/x64
2026-01-20T00:02:58.2406021Z   LD_LIBRARY_PATH: /opt/hostedtoolcache/Python/3.11.14/x64/lib
2026-01-20T00:02:58.2406325Z ##[endgroup]
2026-01-20T00:02:58.2639666Z ##[group]Run actions/upload-artifact@v4
2026-01-20T00:02:58.2639936Z with:
2026-01-20T00:02:58.2640373Z   name: edge-react_shopping_cart-results
2026-01-20T00:02:58.2641021Z   path: projects/edge_react_shopping_cart/execution.json
projects/edge_react_shopping_cart/workflow.json
projects/edge_react_shopping_cart/sitemap.json

2026-01-20T00:02:58.2641649Z   retention-days: 30
2026-01-20T00:02:58.2641846Z   if-no-files-found: warn
2026-01-20T00:02:58.2642059Z   compression-level: 6
2026-01-20T00:02:58.2642253Z   overwrite: false
2026-01-20T00:02:58.2642443Z   include-hidden-files: false
2026-01-20T00:02:58.2642649Z env:
2026-01-20T00:02:58.2642900Z   pythonLocation: /opt/hostedtoolcache/Python/3.11.14/x64
2026-01-20T00:02:58.2643302Z   PKG_CONFIG_PATH: /opt/hostedtoolcache/Python/3.11.14/x64/lib/pkgconfig
2026-01-20T00:02:58.2643714Z   Python_ROOT_DIR: /opt/hostedtoolcache/Python/3.11.14/x64
2026-01-20T00:02:58.2644066Z   Python2_ROOT_DIR: /opt/hostedtoolcache/Python/3.11.14/x64
2026-01-20T00:02:58.2644439Z   Python3_ROOT_DIR: /opt/hostedtoolcache/Python/3.11.14/x64
2026-01-20T00:02:58.2644795Z   LD_LIBRARY_PATH: /opt/hostedtoolcache/Python/3.11.14/x64/lib
2026-01-20T00:02:58.2645087Z ##[endgroup]
2026-01-20T00:02:58.4839864Z Multiple search paths detected. Calculating the least common ancestor of all paths
2026-01-20T00:02:58.4846835Z The least common ancestor is /home/runner/work/build_qa_automation/build_qa_automation/projects/edge_react_shopping_cart. This will be the root directory of the artifact
2026-01-20T00:02:58.4848368Z With the provided path, there will be 3 files uploaded
2026-01-20T00:02:58.4854762Z Artifact name is valid!
2026-01-20T00:02:58.4858648Z Root directory input is valid!
2026-01-20T00:02:58.7416082Z Beginning upload of artifact content to blob storage
2026-01-20T00:02:58.9891175Z Uploaded bytes 2072
2026-01-20T00:02:59.0518174Z Finished uploading artifact content to blob storage!
2026-01-20T00:02:59.0521063Z SHA256 digest of uploaded artifact zip is 8125d13b69aafef078dee56c276a4e25ee0b337190cef9ea4e0fd9ef93784d13
2026-01-20T00:02:59.0523190Z Finalizing artifact upload
2026-01-20T00:02:59.1958850Z Artifact edge-react_shopping_cart-results.zip successfully finalized. Artifact ID 5183109298
2026-01-20T00:02:59.1959993Z Artifact edge-react_shopping_cart-results has been successfully uploaded! Final size is 2072 bytes. Artifact ID is 5183109298
2026-01-20T00:02:59.1966252Z Artifact download URL: https://github.com/vishvasmca-cmd/build_qa_automation/actions/runs/21154782266/artifacts/5183109298
2026-01-20T00:02:59.2093596Z Post job cleanup.
2026-01-20T00:02:59.3637157Z Cache hit occurred on the primary key setup-python-Linux-x64-24.04-Ubuntu-python-3.11.14-pip-dde08d0e0b672972dcda9f1a063036a2e0c226f5d0a20362e9401931676d80a4, not saving cache.
2026-01-20T00:02:59.3744133Z Post job cleanup.
2026-01-20T00:02:59.4705625Z [command]/usr/bin/git version
2026-01-20T00:02:59.4742513Z git version 2.52.0
2026-01-20T00:02:59.4785075Z Temporarily overriding HOME='/home/runner/work/_temp/886dd334-9ded-49c2-af23-fcdeafb9e50d' before making global git config changes
2026-01-20T00:02:59.4786255Z Adding repository directory to the temporary git global config as a safe directory
2026-01-20T00:02:59.4798053Z [command]/usr/bin/git config --global --add safe.directory /home/runner/work/build_qa_automation/build_qa_automation
2026-01-20T00:02:59.4833273Z [command]/usr/bin/git config --local --name-only --get-regexp core\.sshCommand
2026-01-20T00:02:59.4865893Z [command]/usr/bin/git submodule foreach --recursive sh -c "git config --local --name-only --get-regexp 'core\.sshCommand' && git config --local --unset-all 'core.sshCommand' || :"
2026-01-20T00:02:59.5105313Z [command]/usr/bin/git config --local --name-only --get-regexp http\.https\:\/\/github\.com\/\.extraheader
2026-01-20T00:02:59.5128358Z http.https://github.com/.extraheader
2026-01-20T00:02:59.5140742Z [command]/usr/bin/git config --local --unset-all http.https://github.com/.extraheader
2026-01-20T00:02:59.5171597Z [command]/usr/bin/git submodule foreach --recursive sh -c "git config --local --name-only --get-regexp 'http\.https\:\/\/github\.com\/\.extraheader' && git config --local --unset-all 'http.https://github.com/.extraheader' || :"
2026-01-20T00:02:59.5395280Z [command]/usr/bin/git config --local --name-only --get-regexp ^includeIf\.gitdir:
2026-01-20T00:02:59.5426735Z [command]/usr/bin/git submodule foreach --recursive git config --local --show-origin --name-only --get-regexp remote.origin.url
2026-01-20T00:02:59.5763869Z Cleaning up orphan processes
