2026-01-20T00:07:36.3560951Z Current runner version: '2.331.0'
2026-01-20T00:07:36.3583883Z ##[group]Runner Image Provisioner
2026-01-20T00:07:36.3584770Z Hosted Compute Agent
2026-01-20T00:07:36.3585346Z Version: 20251211.462
2026-01-20T00:07:36.3585961Z Commit: 6cbad8c2bb55d58165063d031ccabf57e2d2db61
2026-01-20T00:07:36.3586692Z Build Date: 2025-12-11T16:28:49Z
2026-01-20T00:07:36.3587326Z Worker ID: {71be72c5-5331-467c-a683-de85bf0e2bcb}
2026-01-20T00:07:36.3588512Z ##[endgroup]
2026-01-20T00:07:36.3589202Z ##[group]Operating System
2026-01-20T00:07:36.3590595Z Ubuntu
2026-01-20T00:07:36.3591471Z 24.04.3
2026-01-20T00:07:36.3592201Z LTS
2026-01-20T00:07:36.3593206Z ##[endgroup]
2026-01-20T00:07:36.3594093Z ##[group]Runner Image
2026-01-20T00:07:36.3595104Z Image: ubuntu-24.04
2026-01-20T00:07:36.3596220Z Version: 20260111.209.1
2026-01-20T00:07:36.3598015Z Included Software: https://github.com/actions/runner-images/blob/ubuntu24/20260111.209/images/ubuntu/Ubuntu2404-Readme.md
2026-01-20T00:07:36.3601257Z Image Release: https://github.com/actions/runner-images/releases/tag/ubuntu24%2F20260111.209
2026-01-20T00:07:36.3602942Z ##[endgroup]
2026-01-20T00:07:36.3604923Z ##[group]GITHUB_TOKEN Permissions
2026-01-20T00:07:36.3607077Z Contents: read
2026-01-20T00:07:36.3607634Z Metadata: read
2026-01-20T00:07:36.3608224Z Packages: read
2026-01-20T00:07:36.3608775Z ##[endgroup]
2026-01-20T00:07:36.3611039Z Secret source: Actions
2026-01-20T00:07:36.3611844Z Prepare workflow directory
2026-01-20T00:07:36.4062472Z Prepare all required actions
2026-01-20T00:07:36.4117871Z Getting action download info
2026-01-20T00:07:36.7188593Z Download action repository 'actions/checkout@v4' (SHA:34e114876b0b11c390a56381ad16ebd13914f8d5)
2026-01-20T00:07:36.8219280Z Download action repository 'actions/setup-python@v5' (SHA:a26af69be951a213d495a4c3e4e4022e16d87065)
2026-01-20T00:07:36.9038187Z Download action repository 'actions/upload-artifact@v4' (SHA:ea165f8d65b6e75b540449e92b4886f43607fa02)
2026-01-20T00:07:37.1213383Z Complete job name: test-edge-cases (todomvc_react, https://todomvc.com/, Navigate to React example, add 3 todos with...
2026-01-20T00:07:37.1902688Z ##[group]Run actions/checkout@v4
2026-01-20T00:07:37.1903509Z with:
2026-01-20T00:07:37.1903961Z   repository: vishvasmca-cmd/build_qa_automation
2026-01-20T00:07:37.1904664Z   token: ***
2026-01-20T00:07:37.1905045Z   ssh-strict: true
2026-01-20T00:07:37.1905434Z   ssh-user: git
2026-01-20T00:07:37.1905821Z   persist-credentials: true
2026-01-20T00:07:37.1906252Z   clean: true
2026-01-20T00:07:37.1906637Z   sparse-checkout-cone-mode: true
2026-01-20T00:07:37.1907105Z   fetch-depth: 1
2026-01-20T00:07:37.1907496Z   fetch-tags: false
2026-01-20T00:07:37.1907876Z   show-progress: true
2026-01-20T00:07:37.1908269Z   lfs: false
2026-01-20T00:07:37.1908616Z   submodules: false
2026-01-20T00:07:37.1909006Z   set-safe-directory: true
2026-01-20T00:07:37.1909700Z ##[endgroup]
2026-01-20T00:07:37.2958187Z Syncing repository: vishvasmca-cmd/build_qa_automation
2026-01-20T00:07:37.2959940Z ##[group]Getting Git version info
2026-01-20T00:07:37.2961185Z Working directory is '/home/runner/work/build_qa_automation/build_qa_automation'
2026-01-20T00:07:37.2962254Z [command]/usr/bin/git version
2026-01-20T00:07:37.3024988Z git version 2.52.0
2026-01-20T00:07:37.3050603Z ##[endgroup]
2026-01-20T00:07:37.3063972Z Temporarily overriding HOME='/home/runner/work/_temp/2b74ca2d-0a71-4aec-94b3-c9e1ded64468' before making global git config changes
2026-01-20T00:07:37.3065303Z Adding repository directory to the temporary git global config as a safe directory
2026-01-20T00:07:37.3075717Z [command]/usr/bin/git config --global --add safe.directory /home/runner/work/build_qa_automation/build_qa_automation
2026-01-20T00:07:37.3110973Z Deleting the contents of '/home/runner/work/build_qa_automation/build_qa_automation'
2026-01-20T00:07:37.3114432Z ##[group]Initializing the repository
2026-01-20T00:07:37.3118216Z [command]/usr/bin/git init /home/runner/work/build_qa_automation/build_qa_automation
2026-01-20T00:07:37.3210522Z hint: Using 'master' as the name for the initial branch. This default branch name
2026-01-20T00:07:37.3212606Z hint: will change to "main" in Git 3.0. To configure the initial branch name
2026-01-20T00:07:37.3214249Z hint: to use in all of your new repositories, which will suppress this warning,
2026-01-20T00:07:37.3215468Z hint: call:
2026-01-20T00:07:37.3216270Z hint:
2026-01-20T00:07:37.3217059Z hint: 	git config --global init.defaultBranch <name>
2026-01-20T00:07:37.3218055Z hint:
2026-01-20T00:07:37.3219003Z hint: Names commonly chosen instead of 'master' are 'main', 'trunk' and
2026-01-20T00:07:37.3220830Z hint: 'development'. The just-created branch can be renamed via this command:
2026-01-20T00:07:37.3222144Z hint:
2026-01-20T00:07:37.3222832Z hint: 	git branch -m <name>
2026-01-20T00:07:37.3223612Z hint:
2026-01-20T00:07:37.3224639Z hint: Disable this message with "git config set advice.defaultBranchName false"
2026-01-20T00:07:37.3226559Z Initialized empty Git repository in /home/runner/work/build_qa_automation/build_qa_automation/.git/
2026-01-20T00:07:37.3229588Z [command]/usr/bin/git remote add origin https://github.com/vishvasmca-cmd/build_qa_automation
2026-01-20T00:07:37.3259604Z ##[endgroup]
2026-01-20T00:07:37.3261201Z ##[group]Disabling automatic garbage collection
2026-01-20T00:07:37.3264086Z [command]/usr/bin/git config --local gc.auto 0
2026-01-20T00:07:37.3293761Z ##[endgroup]
2026-01-20T00:07:37.3294410Z ##[group]Setting up auth
2026-01-20T00:07:37.3300601Z [command]/usr/bin/git config --local --name-only --get-regexp core\.sshCommand
2026-01-20T00:07:37.3329504Z [command]/usr/bin/git submodule foreach --recursive sh -c "git config --local --name-only --get-regexp 'core\.sshCommand' && git config --local --unset-all 'core.sshCommand' || :"
2026-01-20T00:07:37.3650000Z [command]/usr/bin/git config --local --name-only --get-regexp http\.https\:\/\/github\.com\/\.extraheader
2026-01-20T00:07:37.3681059Z [command]/usr/bin/git submodule foreach --recursive sh -c "git config --local --name-only --get-regexp 'http\.https\:\/\/github\.com\/\.extraheader' && git config --local --unset-all 'http.https://github.com/.extraheader' || :"
2026-01-20T00:07:37.3914917Z [command]/usr/bin/git config --local --name-only --get-regexp ^includeIf\.gitdir:
2026-01-20T00:07:37.3954740Z [command]/usr/bin/git submodule foreach --recursive git config --local --show-origin --name-only --get-regexp remote.origin.url
2026-01-20T00:07:37.4191812Z [command]/usr/bin/git config --local http.https://github.com/.extraheader AUTHORIZATION: basic ***
2026-01-20T00:07:37.4224449Z ##[endgroup]
2026-01-20T00:07:37.4232886Z ##[group]Fetching the repository
2026-01-20T00:07:37.4235184Z [command]/usr/bin/git -c protocol.version=2 fetch --no-tags --prune --no-recurse-submodules --depth=1 origin +5a677122f89898e32026444dee4d4fdc35502b0f:refs/remotes/origin/main
2026-01-20T00:07:38.4783890Z From https://github.com/vishvasmca-cmd/build_qa_automation
2026-01-20T00:07:38.4785046Z  * [new ref]         5a677122f89898e32026444dee4d4fdc35502b0f -> origin/main
2026-01-20T00:07:38.4817022Z ##[endgroup]
2026-01-20T00:07:38.4818324Z ##[group]Determining the checkout info
2026-01-20T00:07:38.4819838Z ##[endgroup]
2026-01-20T00:07:38.4825325Z [command]/usr/bin/git sparse-checkout disable
2026-01-20T00:07:38.4866485Z [command]/usr/bin/git config --local --unset-all extensions.worktreeConfig
2026-01-20T00:07:38.4898680Z ##[group]Checking out the ref
2026-01-20T00:07:38.4901731Z [command]/usr/bin/git checkout --progress --force -B main refs/remotes/origin/main
2026-01-20T00:07:38.6459914Z Switched to a new branch 'main'
2026-01-20T00:07:38.6461788Z branch 'main' set up to track 'origin/main'.
2026-01-20T00:07:38.6481711Z ##[endgroup]
2026-01-20T00:07:38.6518642Z [command]/usr/bin/git log -1 --format=%H
2026-01-20T00:07:38.6540878Z 5a677122f89898e32026444dee4d4fdc35502b0f
2026-01-20T00:07:38.6847287Z ##[group]Run actions/setup-python@v5
2026-01-20T00:07:38.6848420Z with:
2026-01-20T00:07:38.6849242Z   python-version: 3.11
2026-01-20T00:07:38.6850158Z   cache: pip
2026-01-20T00:07:38.6851407Z   check-latest: false
2026-01-20T00:07:38.6852602Z   token: ***
2026-01-20T00:07:38.6853485Z   update-environment: true
2026-01-20T00:07:38.6854505Z   allow-prereleases: false
2026-01-20T00:07:38.6855544Z   freethreaded: false
2026-01-20T00:07:38.6856437Z ##[endgroup]
2026-01-20T00:07:38.8503913Z ##[group]Installed versions
2026-01-20T00:07:38.8602956Z Successfully set up CPython (3.11.14)
2026-01-20T00:07:38.8604652Z ##[endgroup]
2026-01-20T00:07:38.9832476Z [command]/opt/hostedtoolcache/Python/3.11.14/x64/bin/pip cache dir
2026-01-20T00:07:39.2599628Z /home/runner/.cache/pip
2026-01-20T00:07:39.3938408Z Cache hit for: setup-python-Linux-x64-24.04-Ubuntu-python-3.11.14-pip-dde08d0e0b672972dcda9f1a063036a2e0c226f5d0a20362e9401931676d80a4
2026-01-20T00:07:40.4900547Z Received 134217728 of 254742636 (52.7%), 127.9 MBs/sec
2026-01-20T00:07:40.9829136Z Received 254742636 of 254742636 (100.0%), 162.6 MBs/sec
2026-01-20T00:07:40.9830748Z Cache Size: ~243 MB (254742636 B)
2026-01-20T00:07:40.9871169Z [command]/usr/bin/tar -xf /home/runner/work/_temp/8ac2f3a7-6561-4dc7-ab61-1db9e2e4819d/cache.tzst -P -C /home/runner/work/build_qa_automation/build_qa_automation --use-compress-program unzstd
2026-01-20T00:07:41.3698253Z Cache restored successfully
2026-01-20T00:07:41.4198051Z Cache restored from key: setup-python-Linux-x64-24.04-Ubuntu-python-3.11.14-pip-dde08d0e0b672972dcda9f1a063036a2e0c226f5d0a20362e9401931676d80a4
2026-01-20T00:07:41.4453866Z ##[group]Run pip install -r requirements.txt
2026-01-20T00:07:41.4454311Z [36;1mpip install -r requirements.txt[0m
2026-01-20T00:07:41.4454623Z [36;1mplaywright install chromium[0m
2026-01-20T00:07:41.4492981Z shell: /usr/bin/bash -e {0}
2026-01-20T00:07:41.4493253Z env:
2026-01-20T00:07:41.4493520Z   pythonLocation: /opt/hostedtoolcache/Python/3.11.14/x64
2026-01-20T00:07:41.4493973Z   PKG_CONFIG_PATH: /opt/hostedtoolcache/Python/3.11.14/x64/lib/pkgconfig
2026-01-20T00:07:41.4494416Z   Python_ROOT_DIR: /opt/hostedtoolcache/Python/3.11.14/x64
2026-01-20T00:07:41.4494826Z   Python2_ROOT_DIR: /opt/hostedtoolcache/Python/3.11.14/x64
2026-01-20T00:07:41.4495189Z   Python3_ROOT_DIR: /opt/hostedtoolcache/Python/3.11.14/x64
2026-01-20T00:07:41.4495564Z   LD_LIBRARY_PATH: /opt/hostedtoolcache/Python/3.11.14/x64/lib
2026-01-20T00:07:41.4495876Z ##[endgroup]
2026-01-20T00:07:42.0816362Z Collecting playwright (from -r requirements.txt (line 1))
2026-01-20T00:07:42.0831477Z   Using cached playwright-1.57.0-py3-none-manylinux1_x86_64.whl.metadata (3.5 kB)
2026-01-20T00:07:42.0985636Z Collecting python-dotenv (from -r requirements.txt (line 2))
2026-01-20T00:07:42.0999409Z   Using cached python_dotenv-1.2.1-py3-none-any.whl.metadata (25 kB)
2026-01-20T00:07:42.1260677Z Collecting requests (from -r requirements.txt (line 3))
2026-01-20T00:07:42.1274042Z   Using cached requests-2.32.5-py3-none-any.whl.metadata (4.9 kB)
2026-01-20T00:07:42.3125022Z Collecting pillow (from -r requirements.txt (line 4))
2026-01-20T00:07:42.3141531Z   Using cached pillow-12.1.0-cp311-cp311-manylinux_2_27_x86_64.manylinux_2_28_x86_64.whl.metadata (8.8 kB)
2026-01-20T00:07:42.3382494Z Collecting google-genai>=0.3.0 (from -r requirements.txt (line 5))
2026-01-20T00:07:42.3395580Z   Using cached google_genai-1.59.0-py3-none-any.whl.metadata (53 kB)
2026-01-20T00:07:42.3533906Z Collecting termcolor (from -r requirements.txt (line 6))
2026-01-20T00:07:42.3547170Z   Using cached termcolor-3.3.0-py3-none-any.whl.metadata (6.5 kB)
2026-01-20T00:07:42.3891938Z Collecting PyYAML (from -r requirements.txt (line 7))
2026-01-20T00:07:42.3905910Z   Using cached pyyaml-6.0.3-cp311-cp311-manylinux2014_x86_64.manylinux_2_17_x86_64.manylinux_2_28_x86_64.whl.metadata (2.4 kB)
2026-01-20T00:07:42.4425603Z Collecting opencv-python-headless (from -r requirements.txt (line 8))
2026-01-20T00:07:42.4438541Z   Using cached opencv_python_headless-4.13.0.90-cp37-abi3-manylinux_2_28_x86_64.whl.metadata (19 kB)
2026-01-20T00:07:42.6320195Z Collecting numpy (from -r requirements.txt (line 9))
2026-01-20T00:07:42.6334776Z   Using cached numpy-2.4.1-cp311-cp311-manylinux_2_27_x86_64.manylinux_2_28_x86_64.whl.metadata (6.6 kB)
2026-01-20T00:07:42.7102455Z Collecting faker (from -r requirements.txt (line 10))
2026-01-20T00:07:42.7115514Z   Using cached faker-40.1.2-py3-none-any.whl.metadata (16 kB)
2026-01-20T00:07:42.7267117Z Collecting pyee<14,>=13 (from playwright->-r requirements.txt (line 1))
2026-01-20T00:07:42.7279075Z   Using cached pyee-13.0.0-py3-none-any.whl.metadata (2.9 kB)
2026-01-20T00:07:42.8456490Z Collecting greenlet<4.0.0,>=3.1.1 (from playwright->-r requirements.txt (line 1))
2026-01-20T00:07:42.8471023Z   Using cached greenlet-3.3.0-cp311-cp311-manylinux_2_24_x86_64.manylinux_2_28_x86_64.whl.metadata (4.1 kB)
2026-01-20T00:07:42.8632222Z Collecting typing-extensions (from pyee<14,>=13->playwright->-r requirements.txt (line 1))
2026-01-20T00:07:42.8644897Z   Using cached typing_extensions-4.15.0-py3-none-any.whl.metadata (3.3 kB)
2026-01-20T00:07:42.9408449Z Collecting charset_normalizer<4,>=2 (from requests->-r requirements.txt (line 3))
2026-01-20T00:07:42.9422302Z   Using cached charset_normalizer-3.4.4-cp311-cp311-manylinux2014_x86_64.manylinux_2_17_x86_64.manylinux_2_28_x86_64.whl.metadata (37 kB)
2026-01-20T00:07:42.9561016Z Collecting idna<4,>=2.5 (from requests->-r requirements.txt (line 3))
2026-01-20T00:07:42.9573927Z   Using cached idna-3.11-py3-none-any.whl.metadata (8.4 kB)
2026-01-20T00:07:42.9834231Z Collecting urllib3<3,>=1.21.1 (from requests->-r requirements.txt (line 3))
2026-01-20T00:07:42.9846574Z   Using cached urllib3-2.6.3-py3-none-any.whl.metadata (6.9 kB)
2026-01-20T00:07:43.0035428Z Collecting certifi>=2017.4.17 (from requests->-r requirements.txt (line 3))
2026-01-20T00:07:43.0047958Z   Using cached certifi-2026.1.4-py3-none-any.whl.metadata (2.5 kB)
2026-01-20T00:07:43.0244116Z Collecting anyio<5.0.0,>=4.8.0 (from google-genai>=0.3.0->-r requirements.txt (line 5))
2026-01-20T00:07:43.0257756Z   Using cached anyio-4.12.1-py3-none-any.whl.metadata (4.3 kB)
2026-01-20T00:07:43.0623180Z Collecting google-auth<3.0.0,>=2.47.0 (from google-auth[requests]<3.0.0,>=2.47.0->google-genai>=0.3.0->-r requirements.txt (line 5))
2026-01-20T00:07:43.0635723Z   Using cached google_auth-2.47.0-py3-none-any.whl.metadata (6.4 kB)
2026-01-20T00:07:43.0862953Z Collecting httpx<1.0.0,>=0.28.1 (from google-genai>=0.3.0->-r requirements.txt (line 5))
2026-01-20T00:07:43.0875652Z   Using cached httpx-0.28.1-py3-none-any.whl.metadata (7.1 kB)
2026-01-20T00:07:43.2257871Z Collecting pydantic<3.0.0,>=2.9.0 (from google-genai>=0.3.0->-r requirements.txt (line 5))
2026-01-20T00:07:43.2271820Z   Using cached pydantic-2.12.5-py3-none-any.whl.metadata (90 kB)
2026-01-20T00:07:43.2525214Z Collecting tenacity<9.2.0,>=8.2.3 (from google-genai>=0.3.0->-r requirements.txt (line 5))
2026-01-20T00:07:43.2537518Z   Using cached tenacity-9.1.2-py3-none-any.whl.metadata (1.2 kB)
2026-01-20T00:07:43.3392368Z Collecting websockets<15.1.0,>=13.0.0 (from google-genai>=0.3.0->-r requirements.txt (line 5))
2026-01-20T00:07:43.3410054Z   Using cached websockets-15.0.1-cp311-cp311-manylinux_2_5_x86_64.manylinux1_x86_64.manylinux_2_17_x86_64.manylinux2014_x86_64.whl.metadata (6.8 kB)
2026-01-20T00:07:43.3551926Z Collecting distro<2,>=1.7.0 (from google-genai>=0.3.0->-r requirements.txt (line 5))
2026-01-20T00:07:43.3564571Z   Using cached distro-1.9.0-py3-none-any.whl.metadata (6.8 kB)
2026-01-20T00:07:43.3647049Z Collecting sniffio (from google-genai>=0.3.0->-r requirements.txt (line 5))
2026-01-20T00:07:43.3659520Z   Using cached sniffio-1.3.1-py3-none-any.whl.metadata (3.9 kB)
2026-01-20T00:07:43.3908471Z Collecting pyasn1-modules>=0.2.1 (from google-auth<3.0.0,>=2.47.0->google-auth[requests]<3.0.0,>=2.47.0->google-genai>=0.3.0->-r requirements.txt (line 5))
2026-01-20T00:07:43.3920737Z   Using cached pyasn1_modules-0.4.2-py3-none-any.whl.metadata (3.5 kB)
2026-01-20T00:07:43.4058151Z Collecting rsa<5,>=3.1.4 (from google-auth<3.0.0,>=2.47.0->google-auth[requests]<3.0.0,>=2.47.0->google-genai>=0.3.0->-r requirements.txt (line 5))
2026-01-20T00:07:43.4070554Z   Using cached rsa-4.9.1-py3-none-any.whl.metadata (5.6 kB)
2026-01-20T00:07:43.4361727Z Collecting httpcore==1.* (from httpx<1.0.0,>=0.28.1->google-genai>=0.3.0->-r requirements.txt (line 5))
2026-01-20T00:07:43.4374227Z   Using cached httpcore-1.0.9-py3-none-any.whl.metadata (21 kB)
2026-01-20T00:07:43.4485480Z Collecting h11>=0.16 (from httpcore==1.*->httpx<1.0.0,>=0.28.1->google-genai>=0.3.0->-r requirements.txt (line 5))
2026-01-20T00:07:43.4497678Z   Using cached h11-0.16.0-py3-none-any.whl.metadata (8.3 kB)
2026-01-20T00:07:43.4601280Z Collecting annotated-types>=0.6.0 (from pydantic<3.0.0,>=2.9.0->google-genai>=0.3.0->-r requirements.txt (line 5))
2026-01-20T00:07:43.4614171Z   Using cached annotated_types-0.7.0-py3-none-any.whl.metadata (15 kB)
2026-01-20T00:07:44.0995611Z Collecting pydantic-core==2.41.5 (from pydantic<3.0.0,>=2.9.0->google-genai>=0.3.0->-r requirements.txt (line 5))
2026-01-20T00:07:44.1010732Z   Using cached pydantic_core-2.41.5-cp311-cp311-manylinux_2_17_x86_64.manylinux2014_x86_64.whl.metadata (7.3 kB)
2026-01-20T00:07:44.1144568Z Collecting typing-inspection>=0.4.2 (from pydantic<3.0.0,>=2.9.0->google-genai>=0.3.0->-r requirements.txt (line 5))
2026-01-20T00:07:44.1157665Z   Using cached typing_inspection-0.4.2-py3-none-any.whl.metadata (2.6 kB)
2026-01-20T00:07:44.1777549Z Collecting pyasn1>=0.1.3 (from rsa<5,>=3.1.4->google-auth<3.0.0,>=2.47.0->google-auth[requests]<3.0.0,>=2.47.0->google-genai>=0.3.0->-r requirements.txt (line 5))
2026-01-20T00:07:44.1792547Z   Using cached pyasn1-0.6.2-py3-none-any.whl.metadata (8.4 kB)
2026-01-20T00:07:44.2045981Z Using cached playwright-1.57.0-py3-none-manylinux1_x86_64.whl (46.0 MB)
2026-01-20T00:07:44.2386224Z Using cached greenlet-3.3.0-cp311-cp311-manylinux_2_24_x86_64.manylinux_2_28_x86_64.whl (590 kB)
2026-01-20T00:07:44.2403545Z Using cached pyee-13.0.0-py3-none-any.whl (15 kB)
2026-01-20T00:07:44.2416733Z Using cached python_dotenv-1.2.1-py3-none-any.whl (21 kB)
2026-01-20T00:07:44.2429747Z Using cached requests-2.32.5-py3-none-any.whl (64 kB)
2026-01-20T00:07:44.2444071Z Using cached charset_normalizer-3.4.4-cp311-cp311-manylinux2014_x86_64.manylinux_2_17_x86_64.manylinux_2_28_x86_64.whl (151 kB)
2026-01-20T00:07:44.2457506Z Using cached idna-3.11-py3-none-any.whl (71 kB)
2026-01-20T00:07:44.2471016Z Using cached urllib3-2.6.3-py3-none-any.whl (131 kB)
2026-01-20T00:07:44.2485313Z Using cached pillow-12.1.0-cp311-cp311-manylinux_2_27_x86_64.manylinux_2_28_x86_64.whl (7.0 MB)
2026-01-20T00:07:44.2546952Z Using cached google_genai-1.59.0-py3-none-any.whl (719 kB)
2026-01-20T00:07:44.2564741Z Using cached anyio-4.12.1-py3-none-any.whl (113 kB)
2026-01-20T00:07:44.2578166Z Using cached distro-1.9.0-py3-none-any.whl (20 kB)
2026-01-20T00:07:44.2591061Z Using cached google_auth-2.47.0-py3-none-any.whl (234 kB)
2026-01-20T00:07:44.2605529Z Using cached httpx-0.28.1-py3-none-any.whl (73 kB)
2026-01-20T00:07:44.2618613Z Using cached httpcore-1.0.9-py3-none-any.whl (78 kB)
2026-01-20T00:07:44.2632047Z Using cached pydantic-2.12.5-py3-none-any.whl (463 kB)
2026-01-20T00:07:44.2648289Z Using cached pydantic_core-2.41.5-cp311-cp311-manylinux_2_17_x86_64.manylinux2014_x86_64.whl (2.1 MB)
2026-01-20T00:07:44.2676981Z Using cached rsa-4.9.1-py3-none-any.whl (34 kB)
2026-01-20T00:07:44.2689900Z Using cached tenacity-9.1.2-py3-none-any.whl (28 kB)
2026-01-20T00:07:44.2703142Z Using cached typing_extensions-4.15.0-py3-none-any.whl (44 kB)
2026-01-20T00:07:44.2716847Z Using cached websockets-15.0.1-cp311-cp311-manylinux_2_5_x86_64.manylinux1_x86_64.manylinux_2_17_x86_64.manylinux2014_x86_64.whl (182 kB)
2026-01-20T00:07:44.2730665Z Using cached termcolor-3.3.0-py3-none-any.whl (7.7 kB)
2026-01-20T00:07:44.2744098Z Using cached pyyaml-6.0.3-cp311-cp311-manylinux2014_x86_64.manylinux_2_17_x86_64.manylinux_2_28_x86_64.whl (806 kB)
2026-01-20T00:07:44.2762835Z Using cached opencv_python_headless-4.13.0.90-cp37-abi3-manylinux_2_28_x86_64.whl (62.5 MB)
2026-01-20T00:07:44.3214062Z Using cached numpy-2.4.1-cp311-cp311-manylinux_2_27_x86_64.manylinux_2_28_x86_64.whl (16.7 MB)
2026-01-20T00:07:44.3343207Z Using cached faker-40.1.2-py3-none-any.whl (2.0 MB)
2026-01-20T00:07:44.3370843Z Using cached annotated_types-0.7.0-py3-none-any.whl (13 kB)
2026-01-20T00:07:44.3384007Z Using cached certifi-2026.1.4-py3-none-any.whl (152 kB)
2026-01-20T00:07:44.3397696Z Using cached h11-0.16.0-py3-none-any.whl (37 kB)
2026-01-20T00:07:44.3410847Z Using cached pyasn1-0.6.2-py3-none-any.whl (83 kB)
2026-01-20T00:07:44.3424332Z Using cached pyasn1_modules-0.4.2-py3-none-any.whl (181 kB)
2026-01-20T00:07:44.3438564Z Using cached typing_inspection-0.4.2-py3-none-any.whl (14 kB)
2026-01-20T00:07:44.3451872Z Using cached sniffio-1.3.1-py3-none-any.whl (10 kB)
2026-01-20T00:07:44.5449916Z Installing collected packages: websockets, urllib3, typing-extensions, termcolor, tenacity, sniffio, PyYAML, python-dotenv, pyasn1, pillow, numpy, idna, h11, greenlet, faker, distro, charset_normalizer, certifi, annotated-types, typing-inspection, rsa, requests, pyee, pydantic-core, pyasn1-modules, opencv-python-headless, httpcore, anyio, pydantic, playwright, httpx, google-auth, google-genai
2026-01-20T00:07:51.2652786Z 
2026-01-20T00:07:51.2675174Z Successfully installed PyYAML-6.0.3 annotated-types-0.7.0 anyio-4.12.1 certifi-2026.1.4 charset_normalizer-3.4.4 distro-1.9.0 faker-40.1.2 google-auth-2.47.0 google-genai-1.59.0 greenlet-3.3.0 h11-0.16.0 httpcore-1.0.9 httpx-0.28.1 idna-3.11 numpy-2.4.1 opencv-python-headless-4.13.0.90 pillow-12.1.0 playwright-1.57.0 pyasn1-0.6.2 pyasn1-modules-0.4.2 pydantic-2.12.5 pydantic-core-2.41.5 pyee-13.0.0 python-dotenv-1.2.1 requests-2.32.5 rsa-4.9.1 sniffio-1.3.1 tenacity-9.1.2 termcolor-3.3.0 typing-extensions-4.15.0 typing-inspection-0.4.2 urllib3-2.6.3 websockets-15.0.1
2026-01-20T00:07:51.8274650Z Downloading Chromium 143.0.7499.4 (playwright build v1200) from https://cdn.playwright.dev/dbazure/download/playwright/builds/chromium/1200/chromium-linux.zip
2026-01-20T00:07:51.9249556Z (node:2188) [DEP0169] DeprecationWarning: `url.parse()` behavior is not standardized and prone to errors that have security implications. Use the WHATWG URL API instead. CVEs are not issued for `url.parse()` vulnerabilities.
2026-01-20T00:07:51.9251236Z (Use `node --trace-deprecation ...` to show where the warning was created)
2026-01-20T00:07:52.0169549Z |                                                                                |   0% of 164.7 MiB
2026-01-20T00:07:52.6663944Z |■■■■■■■■                                                                        |  10% of 164.7 MiB
2026-01-20T00:07:52.8522832Z |■■■■■■■■■■■■■■■■                                                                |  20% of 164.7 MiB
2026-01-20T00:07:53.0165458Z |■■■■■■■■■■■■■■■■■■■■■■■■                                                        |  30% of 164.7 MiB
2026-01-20T00:07:53.1290792Z |■■■■■■■■■■■■■■■■■■■■■■■■■■■■■■■■                                                |  40% of 164.7 MiB
2026-01-20T00:07:53.2295188Z |■■■■■■■■■■■■■■■■■■■■■■■■■■■■■■■■■■■■■■■■                                        |  50% of 164.7 MiB
2026-01-20T00:07:53.3531809Z |■■■■■■■■■■■■■■■■■■■■■■■■■■■■■■■■■■■■■■■■■■■■■■■■                                |  60% of 164.7 MiB
2026-01-20T00:07:53.4544276Z |■■■■■■■■■■■■■■■■■■■■■■■■■■■■■■■■■■■■■■■■■■■■■■■■■■■■■■■■                        |  70% of 164.7 MiB
2026-01-20T00:07:53.5457276Z |■■■■■■■■■■■■■■■■■■■■■■■■■■■■■■■■■■■■■■■■■■■■■■■■■■■■■■■■■■■■■■■■                |  80% of 164.7 MiB
2026-01-20T00:07:53.6827206Z |■■■■■■■■■■■■■■■■■■■■■■■■■■■■■■■■■■■■■■■■■■■■■■■■■■■■■■■■■■■■■■■■■■■■■■■■        |  90% of 164.7 MiB
2026-01-20T00:07:53.7856980Z |■■■■■■■■■■■■■■■■■■■■■■■■■■■■■■■■■■■■■■■■■■■■■■■■■■■■■■■■■■■■■■■■■■■■■■■■■■■■■■■■| 100% of 164.7 MiB
2026-01-20T00:07:56.1485444Z Chromium 143.0.7499.4 (playwright build v1200) downloaded to /home/runner/.cache/ms-playwright/chromium-1200
2026-01-20T00:07:56.1489202Z Downloading FFMPEG playwright build v1011 from https://cdn.playwright.dev/dbazure/download/playwright/builds/ffmpeg/1011/ffmpeg-linux.zip
2026-01-20T00:07:56.2425365Z (node:2199) [DEP0169] DeprecationWarning: `url.parse()` behavior is not standardized and prone to errors that have security implications. Use the WHATWG URL API instead. CVEs are not issued for `url.parse()` vulnerabilities.
2026-01-20T00:07:56.2426986Z (Use `node --trace-deprecation ...` to show where the warning was created)
2026-01-20T00:07:56.2786172Z |                                                                                |   0% of 2.3 MiB
2026-01-20T00:07:56.2838785Z |■■■■■■■■                                                                        |  10% of 2.3 MiB
2026-01-20T00:07:56.2857060Z |■■■■■■■■■■■■■■■■                                                                |  20% of 2.3 MiB
2026-01-20T00:07:56.2882215Z |■■■■■■■■■■■■■■■■■■■■■■■■                                                        |  30% of 2.3 MiB
2026-01-20T00:07:56.2897115Z |■■■■■■■■■■■■■■■■■■■■■■■■■■■■■■■■                                                |  40% of 2.3 MiB
2026-01-20T00:07:56.2908292Z |■■■■■■■■■■■■■■■■■■■■■■■■■■■■■■■■■■■■■■■■                                        |  50% of 2.3 MiB
2026-01-20T00:07:56.2924712Z |■■■■■■■■■■■■■■■■■■■■■■■■■■■■■■■■■■■■■■■■■■■■■■■■                                |  60% of 2.3 MiB
2026-01-20T00:07:56.2942654Z |■■■■■■■■■■■■■■■■■■■■■■■■■■■■■■■■■■■■■■■■■■■■■■■■■■■■■■■■                        |  70% of 2.3 MiB
2026-01-20T00:07:56.2956717Z |■■■■■■■■■■■■■■■■■■■■■■■■■■■■■■■■■■■■■■■■■■■■■■■■■■■■■■■■■■■■■■■■                |  80% of 2.3 MiB
2026-01-20T00:07:56.2971533Z |■■■■■■■■■■■■■■■■■■■■■■■■■■■■■■■■■■■■■■■■■■■■■■■■■■■■■■■■■■■■■■■■■■■■■■■■        |  90% of 2.3 MiB
2026-01-20T00:07:56.2983124Z |■■■■■■■■■■■■■■■■■■■■■■■■■■■■■■■■■■■■■■■■■■■■■■■■■■■■■■■■■■■■■■■■■■■■■■■■■■■■■■■■| 100% of 2.3 MiB
2026-01-20T00:07:56.3511499Z FFMPEG playwright build v1011 downloaded to /home/runner/.cache/ms-playwright/ffmpeg-1011
2026-01-20T00:07:56.3515175Z Downloading Chromium Headless Shell 143.0.7499.4 (playwright build v1200) from https://cdn.playwright.dev/dbazure/download/playwright/builds/chromium/1200/chromium-headless-shell-linux.zip
2026-01-20T00:07:56.4454668Z (node:2210) [DEP0169] DeprecationWarning: `url.parse()` behavior is not standardized and prone to errors that have security implications. Use the WHATWG URL API instead. CVEs are not issued for `url.parse()` vulnerabilities.
2026-01-20T00:07:56.4455860Z (Use `node --trace-deprecation ...` to show where the warning was created)
2026-01-20T00:07:56.5252002Z |                                                                                |   0% of 109.7 MiB
2026-01-20T00:07:56.7062073Z |■■■■■■■■                                                                        |  10% of 109.7 MiB
2026-01-20T00:07:56.8031867Z |■■■■■■■■■■■■■■■■                                                                |  20% of 109.7 MiB
2026-01-20T00:07:56.8949165Z |■■■■■■■■■■■■■■■■■■■■■■■■                                                        |  30% of 109.7 MiB
2026-01-20T00:07:57.0194673Z |■■■■■■■■■■■■■■■■■■■■■■■■■■■■■■■■                                                |  40% of 109.7 MiB
2026-01-20T00:07:57.1357921Z |■■■■■■■■■■■■■■■■■■■■■■■■■■■■■■■■■■■■■■■■                                        |  50% of 109.7 MiB
2026-01-20T00:07:57.2511941Z |■■■■■■■■■■■■■■■■■■■■■■■■■■■■■■■■■■■■■■■■■■■■■■■■                                |  60% of 109.7 MiB
2026-01-20T00:07:57.3534556Z |■■■■■■■■■■■■■■■■■■■■■■■■■■■■■■■■■■■■■■■■■■■■■■■■■■■■■■■■                        |  70% of 109.7 MiB
2026-01-20T00:07:57.4444633Z |■■■■■■■■■■■■■■■■■■■■■■■■■■■■■■■■■■■■■■■■■■■■■■■■■■■■■■■■■■■■■■■■                |  80% of 109.7 MiB
2026-01-20T00:07:57.5569876Z |■■■■■■■■■■■■■■■■■■■■■■■■■■■■■■■■■■■■■■■■■■■■■■■■■■■■■■■■■■■■■■■■■■■■■■■■        |  90% of 109.7 MiB
2026-01-20T00:07:57.6587110Z |■■■■■■■■■■■■■■■■■■■■■■■■■■■■■■■■■■■■■■■■■■■■■■■■■■■■■■■■■■■■■■■■■■■■■■■■■■■■■■■■| 100% of 109.7 MiB
2026-01-20T00:07:59.4240628Z Chromium Headless Shell 143.0.7499.4 (playwright build v1200) downloaded to /home/runner/.cache/ms-playwright/chromium_headless_shell-1200
2026-01-20T00:07:59.4453146Z ##[group]Run mkdir -p projects/edge_todomvc_react
2026-01-20T00:07:59.4453576Z [36;1mmkdir -p projects/edge_todomvc_react[0m
2026-01-20T00:07:59.4453979Z [36;1mcat > projects/edge_todomvc_react/config.json << 'EOF'[0m
2026-01-20T00:07:59.4454309Z [36;1m{[0m
2026-01-20T00:07:59.4454517Z [36;1m  "project_name": "edge_todomvc_react",[0m
2026-01-20T00:07:59.4454839Z [36;1m  "target_url": "https://todomvc.com/",[0m
2026-01-20T00:07:59.4455438Z [36;1m  "goal": "Navigate to React example, add 3 todos with text 'Task 1', 'Task 2', 'Task 3', mark Task 1 as complete, verify 2 active items",[0m
2026-01-20T00:07:59.4456009Z [36;1m  "headless": true[0m
2026-01-20T00:07:59.4456220Z [36;1m}[0m
2026-01-20T00:07:59.4456382Z [36;1mEOF[0m
2026-01-20T00:07:59.4489521Z shell: /usr/bin/bash -e {0}
2026-01-20T00:07:59.4489750Z env:
2026-01-20T00:07:59.4490003Z   pythonLocation: /opt/hostedtoolcache/Python/3.11.14/x64
2026-01-20T00:07:59.4490656Z   PKG_CONFIG_PATH: /opt/hostedtoolcache/Python/3.11.14/x64/lib/pkgconfig
2026-01-20T00:07:59.4491067Z   Python_ROOT_DIR: /opt/hostedtoolcache/Python/3.11.14/x64
2026-01-20T00:07:59.4491439Z   Python2_ROOT_DIR: /opt/hostedtoolcache/Python/3.11.14/x64
2026-01-20T00:07:59.4491807Z   Python3_ROOT_DIR: /opt/hostedtoolcache/Python/3.11.14/x64
2026-01-20T00:07:59.4492175Z   LD_LIBRARY_PATH: /opt/hostedtoolcache/Python/3.11.14/x64/lib
2026-01-20T00:07:59.4492477Z ##[endgroup]
2026-01-20T00:07:59.4596169Z ##[group]Run echo "🧪 Testing Edge Case: todomvc_react"
2026-01-20T00:07:59.4596554Z [36;1mecho "🧪 Testing Edge Case: todomvc_react"[0m
2026-01-20T00:07:59.4597165Z [36;1mecho "🎯 Goal: Navigate to React example, add 3 todos with text 'Task 1', 'Task 2', 'Task 3', mark Task 1 as complete, verify 2 active items"[0m
2026-01-20T00:07:59.4597737Z [36;1mecho ""[0m
2026-01-20T00:07:59.4597981Z [36;1m# Use --deep for comprehensive testing[0m
2026-01-20T00:07:59.4598441Z [36;1mpython orchestrator.py --project projects/edge_todomvc_react --deep --force[0m
2026-01-20T00:07:59.4628431Z shell: /usr/bin/bash -e {0}
2026-01-20T00:07:59.4628655Z env:
2026-01-20T00:07:59.4629077Z   pythonLocation: /opt/hostedtoolcache/Python/3.11.14/x64
2026-01-20T00:07:59.4629512Z   PKG_CONFIG_PATH: /opt/hostedtoolcache/Python/3.11.14/x64/lib/pkgconfig
2026-01-20T00:07:59.4629933Z   Python_ROOT_DIR: /opt/hostedtoolcache/Python/3.11.14/x64
2026-01-20T00:07:59.4630552Z   Python2_ROOT_DIR: /opt/hostedtoolcache/Python/3.11.14/x64
2026-01-20T00:07:59.4630953Z   Python3_ROOT_DIR: /opt/hostedtoolcache/Python/3.11.14/x64
2026-01-20T00:07:59.4631339Z   LD_LIBRARY_PATH: /opt/hostedtoolcache/Python/3.11.14/x64/lib
2026-01-20T00:07:59.4631875Z   GOOGLE_API_KEY: ***
2026-01-20T00:07:59.4632082Z   PYTHONPATH: .
2026-01-20T00:07:59.4632263Z ##[endgroup]
2026-01-20T00:07:59.4680857Z 🧪 Testing Edge Case: todomvc_react
2026-01-20T00:07:59.4681911Z 🎯 Goal: Navigate to React example, add 3 todos with text 'Task 1', 'Task 2', 'Task 3', mark Task 1 as complete, verify 2 active items
2026-01-20T00:07:59.4682377Z 
2026-01-20T00:08:01.2665964Z 🚀 [DEEP] Extensive mapping enabled (Depth: 3, Pages: 50)
2026-01-20T00:08:01.2666363Z 
2026-01-20T00:08:01.2666780Z 🗺️ [DISCOVERY] Starting Parallel Semantic Crawl on https://todomvc.com/ (Workers: 3)
2026-01-20T00:08:02.5775018Z   🔍 [Worker 0] Visiting (0): https://todomvc.com/
2026-01-20T00:08:03.7641242Z [DEBUG] Sending request to gemini-2.0-flash. Number of parts: 1
2026-01-20T00:08:03.7641961Z [DEBUG] Received response (Length: 228)
2026-01-20T00:08:03.7642776Z   🔍 [Worker 1] Visiting (1): https://todomvc.com/examples/mithril
2026-01-20T00:08:03.7658093Z   🔍 [Worker 2] Visiting (1): https://todomvc.com/examples/javascript-es5/dist
2026-01-20T00:08:03.7686735Z   🔍 [Worker 0] Visiting (1): https://todomvc.com/examples/svelte/dist
2026-01-20T00:08:08.7307777Z [DEBUG] Sending request to gemini-2.0-flash. Number of parts: 1
2026-01-20T00:08:08.8340788Z [DEBUG] Sending request to gemini-2.0-flash. Number of parts: 1
2026-01-20T00:08:08.8341641Z [DEBUG] Sending request to gemini-2.0-flash. Number of parts: 1
2026-01-20T00:08:08.8342249Z [DEBUG] Received response (Length: 195)
2026-01-20T00:08:08.8343213Z   🔍 [Worker 0] Visiting (1): https://todomvc.com/examples/humble
2026-01-20T00:08:08.8343815Z [DEBUG] Received response (Length: 340)
2026-01-20T00:08:08.8344611Z   🔍 [Worker 1] Visiting (1): https://todomvc.com/examples/polymer/index.html
2026-01-20T00:08:09.0142727Z [DEBUG] Received response (Length: 344)
2026-01-20T00:08:09.0146096Z   🔍 [Worker 2] Visiting (1): https://todomvc.com/examples/lavaca_require
2026-01-20T00:08:13.8131807Z [DEBUG] Sending request to gemini-2.0-flash. Number of parts: 1
2026-01-20T00:08:13.8137536Z [DEBUG] Sending request to gemini-2.0-flash. Number of parts: 1
2026-01-20T00:08:13.8139851Z [DEBUG] Sending request to gemini-2.0-flash. Number of parts: 1
2026-01-20T00:08:13.8140661Z [DEBUG] Received response (Length: 334)
2026-01-20T00:08:13.8141661Z   🔍 [Worker 1] Visiting (1): https://todomvc.com/examples/enyo_backbone
2026-01-20T00:08:13.8429199Z [DEBUG] Received response (Length: 321)
2026-01-20T00:08:13.8436714Z   🔍 [Worker 0] Visiting (1): https://todomvc.com/examples/react-redux/dist
2026-01-20T00:08:13.9151636Z [DEBUG] Received response (Length: 344)
2026-01-20T00:08:13.9153873Z   🔍 [Worker 2] Visiting (1): https://todomvc.com/examples/backbone_require
2026-01-20T00:08:18.7149607Z [DEBUG] Sending request to gemini-2.0-flash. Number of parts: 1
2026-01-20T00:08:18.7159963Z [DEBUG] Sending request to gemini-2.0-flash. Number of parts: 1
2026-01-20T00:08:18.7162032Z [DEBUG] Sending request to gemini-2.0-flash. Number of parts: 1
2026-01-20T00:08:18.7162601Z [DEBUG] Received response (Length: 181)
2026-01-20T00:08:18.7163478Z   🔍 [Worker 0] Visiting (1): https://todomvc.com/examples/lit/dist
2026-01-20T00:08:18.8686453Z [DEBUG] Received response (Length: 281)
2026-01-20T00:08:18.8687495Z   🔍 [Worker 1] Visiting (1): https://todomvc.com/examples/closure
2026-01-20T00:08:18.9197862Z [DEBUG] Received response (Length: 249)
2026-01-20T00:08:18.9198950Z   🔍 [Worker 2] Visiting (1): https://todomvc.com/examples/aurelia
2026-01-20T00:08:23.6669456Z [DEBUG] Sending request to gemini-2.0-flash. Number of parts: 1
2026-01-20T00:08:23.6670804Z [DEBUG] Sending request to gemini-2.0-flash. Number of parts: 1
2026-01-20T00:08:23.6672563Z [DEBUG] Sending request to gemini-2.0-flash. Number of parts: 1
2026-01-20T00:08:23.6673271Z [DEBUG] Received response (Length: 168)
2026-01-20T00:08:23.6674378Z   🔍 [Worker 0] Visiting (1): https://todomvc.com/examples/canjs_require
2026-01-20T00:08:23.8855169Z [DEBUG] Sending request to gemini-2.0-flash. Number of parts: 1
2026-01-20T00:08:23.8856815Z [DEBUG] Received response (Length: 293)
2026-01-20T00:08:23.8857799Z   🔍 [Worker 1] Visiting (1): https://todomvc.com/examples/canjs
2026-01-20T00:08:24.0949973Z [DEBUG] Received response (Length: 404)
2026-01-20T00:08:24.0955513Z   🔍 [Worker 2] Visiting (1): https://todomvc.com/examples/vue/dist
2026-01-20T00:08:24.7269154Z [DEBUG] Received response (Length: 333)
2026-01-20T00:08:24.7271728Z   🔍 [Worker 0] Visiting (1): https://todomvc.com/examples/ractive
2026-01-20T00:08:29.5363730Z [DEBUG] Sending request to gemini-2.0-flash. Number of parts: 1
2026-01-20T00:08:29.5364444Z [DEBUG] Sending request to gemini-2.0-flash. Number of parts: 1
2026-01-20T00:08:29.5365067Z [DEBUG] Sending request to gemini-2.0-flash. Number of parts: 1
2026-01-20T00:08:29.5365667Z [DEBUG] Received response (Length: 236)
2026-01-20T00:08:29.5366126Z [DEBUG] Received response (Length: 249)
2026-01-20T00:08:29.5367097Z   🔍 [Worker 2] Visiting (1): https://todomvc.com/examples/web-components/dist
2026-01-20T00:08:29.5375321Z   🔍 [Worker 1] Visiting (1): https://todomvc.com/examples/emberjs/todomvc/dist
2026-01-20T00:08:29.5915726Z [DEBUG] Received response (Length: 314)
2026-01-20T00:08:29.5916781Z   🔍 [Worker 0] Visiting (1): https://todomvc.com/examples/javascript-es6
2026-01-20T00:08:29.7172300Z [CACHE HIT] d7297652... (hits: 1, misses: 17)
2026-01-20T00:08:29.7173666Z   🔍 [Worker 0] Visiting (1): https://todomvc.com/examples/typescript-backbone
2026-01-20T00:08:34.4048377Z [DEBUG] Sending request to gemini-2.0-flash. Number of parts: 1
2026-01-20T00:08:34.4049531Z [DEBUG] Sending request to gemini-2.0-flash. Number of parts: 1
2026-01-20T00:08:34.4061046Z [DEBUG] Sending request to gemini-2.0-flash. Number of parts: 1
2026-01-20T00:08:34.4061664Z [DEBUG] Received response (Length: 161)
2026-01-20T00:08:34.4062585Z   🔍 [Worker 2] Visiting (1): https://todomvc.com/examples/angular/dist/browser
2026-01-20T00:08:34.5853200Z [DEBUG] Received response (Length: 219)
2026-01-20T00:08:34.5854305Z   🔍 [Worker 1] Visiting (1): https://todomvc.com/examples/duel/www
2026-01-20T00:08:34.7335103Z [DEBUG] Sending request to gemini-2.0-flash. Number of parts: 1
2026-01-20T00:08:34.7335736Z [DEBUG] Received response (Length: 315)
2026-01-20T00:08:34.7336661Z   🔍 [Worker 0] Visiting (1): https://todomvc.com/examples/knockoutjs
2026-01-20T00:08:35.2964199Z [DEBUG] Received response (Length: 229)
2026-01-20T00:08:35.2970550Z   🔍 [Worker 2] Visiting (1): https://todomvc.com/examples/binding-scala
2026-01-20T00:08:40.3357264Z [DEBUG] Sending request to gemini-2.0-flash. Number of parts: 1
2026-01-20T00:08:40.3359230Z [DEBUG] Sending request to gemini-2.0-flash. Number of parts: 1
2026-01-20T00:08:40.3359962Z [DEBUG] Sending request to gemini-2.0-flash. Number of parts: 1
2026-01-20T00:08:40.3361111Z [DEBUG] Received response (Length: 290)
2026-01-20T00:08:40.3362056Z   🔍 [Worker 2] Visiting (1): https://todomvc.com/examples/dojo
2026-01-20T00:08:40.4346626Z [DEBUG] Received response (Length: 321)
2026-01-20T00:08:40.4348840Z   🔍 [Worker 0] Visiting (1): https://todomvc.com/examples/reagent
2026-01-20T00:08:40.4541567Z [DEBUG] Received response (Length: 308)
2026-01-20T00:08:40.4542885Z   🔍 [Worker 1] Visiting (1): https://todomvc.com/examples/exoskeleton
2026-01-20T00:08:45.2330420Z [DEBUG] Sending request to gemini-2.0-flash. Number of parts: 1
2026-01-20T00:08:45.2331224Z [DEBUG] Sending request to gemini-2.0-flash. Number of parts: 1
2026-01-20T00:08:45.2332114Z [DEBUG] Sending request to gemini-2.0-flash. Number of parts: 1
2026-01-20T00:08:45.2333246Z [DEBUG] Received response (Length: 204)
2026-01-20T00:08:45.2334322Z   🔍 [Worker 1] Visiting (1): https://todomvc.com/examples/javascript-es5
2026-01-20T00:08:45.3671141Z [DEBUG] Received response (Length: 330)
2026-01-20T00:08:45.3673500Z   🔍 [Worker 2] Visiting (1): https://todomvc.com/examples/react/dist
2026-01-20T00:08:45.4126198Z [DEBUG] Received response (Length: 371)
2026-01-20T00:08:45.4127168Z   🔍 [Worker 0] Visiting (1): https://todomvc.com/examples/gwt
2026-01-20T00:08:50.4480786Z [DEBUG] Sending request to gemini-2.0-flash. Number of parts: 1
2026-01-20T00:08:50.4481572Z [DEBUG] Sending request to gemini-2.0-flash. Number of parts: 1
2026-01-20T00:08:50.4482238Z [DEBUG] Sending request to gemini-2.0-flash. Number of parts: 1
2026-01-20T00:08:50.4482792Z [DEBUG] Received response (Length: 356)
2026-01-20T00:08:50.4483750Z   🔍 [Worker 2] Visiting (1): https://todomvc.com/examples/knockoutjs_require
2026-01-20T00:08:50.4899679Z [DEBUG] Received response (Length: 433)
2026-01-20T00:08:50.4901007Z   🔍 [Worker 0] Visiting (1): https://todomvc.com/examples/typescript-angular
2026-01-20T00:08:50.6413926Z [DEBUG] Received response (Length: 314)
2026-01-20T00:08:50.6414958Z   🔍 [Worker 1] Visiting (1): https://todomvc.com/examples/javascript-es6/dist
2026-01-20T00:08:55.3654830Z [DEBUG] Sending request to gemini-2.0-flash. Number of parts: 1
2026-01-20T00:08:55.3659780Z [DEBUG] Sending request to gemini-2.0-flash. Number of parts: 1
2026-01-20T00:08:55.3660601Z [DEBUG] Sending request to gemini-2.0-flash. Number of parts: 1
2026-01-20T00:08:55.3661197Z [DEBUG] Received response (Length: 198)
2026-01-20T00:08:55.3662056Z   🔍 [Worker 1] Visiting (1): https://todomvc.com/examples/riotjs
2026-01-20T00:08:55.5904161Z [DEBUG] Sending request to gemini-2.0-flash. Number of parts: 1
2026-01-20T00:08:55.5908542Z [DEBUG] Received response (Length: 320)
2026-01-20T00:08:55.5909804Z   🔍 [Worker 2] Visiting (1): https://todomvc.com/examples/elm
2026-01-20T00:08:55.6836878Z [DEBUG] Received response (Length: 377)
2026-01-20T00:08:55.6837976Z   🔍 [Worker 0] Visiting (1): https://todomvc.com/examples/preact/dist
2026-01-20T00:08:56.1330820Z [DEBUG] Received response (Length: 204)
2026-01-20T00:08:56.1338858Z   🔍 [Worker 1] Visiting (1): https://todomvc.com/examples/cujo/index.html
2026-01-20T00:09:01.1077520Z [DEBUG] Sending request to gemini-2.0-flash. Number of parts: 1
2026-01-20T00:09:01.1084539Z [DEBUG] Sending request to gemini-2.0-flash. Number of parts: 1
2026-01-20T00:09:01.1085257Z [DEBUG] Sending request to gemini-2.0-flash. Number of parts: 1
2026-01-20T00:09:01.1085822Z [DEBUG] Received response (Length: 120)
2026-01-20T00:09:01.1086698Z   🔍 [Worker 2] Visiting (1): https://todomvc.com/examples/somajs
2026-01-20T00:09:01.1924986Z [CACHE HIT] d7297652... (hits: 2, misses: 37)
2026-01-20T00:09:01.1926116Z   🔍 [Worker 2] Visiting (1): https://todomvc.com/examples/angularjs_require
2026-01-20T00:09:01.2291600Z [DEBUG] Received response (Length: 219)
2026-01-20T00:09:01.2300055Z   🔍 [Worker 1] Visiting (1): https://todomvc.com/examples/js_of_ocaml
2026-01-20T00:09:01.3077650Z [DEBUG] Received response (Length: 221)
2026-01-20T00:09:01.3081932Z   🔍 [Worker 0] Visiting (1): https://todomvc.com/examples/jquery/dist
2026-01-20T00:09:06.2620626Z [DEBUG] Sending request to gemini-2.0-flash. Number of parts: 1
2026-01-20T00:09:06.2621424Z [DEBUG] Sending request to gemini-2.0-flash. Number of parts: 1
2026-01-20T00:09:06.2622046Z [DEBUG] Sending request to gemini-2.0-flash. Number of parts: 1
2026-01-20T00:09:06.2622560Z [DEBUG] Received response (Length: 260)
2026-01-20T00:09:06.2623409Z   🔍 [Worker 1] Visiting (1): https://todomvc.com/examples/dijon
2026-01-20T00:09:06.3602354Z [DEBUG] Received response (Length: 346)
2026-01-20T00:09:06.3603738Z   🔍 [Worker 0] Visiting (1): https://todomvc.com/examples/knockback
2026-01-20T00:09:06.3797577Z [DEBUG] Received response (Length: 324)
2026-01-20T00:09:06.3800595Z   🔍 [Worker 2] Visiting (1): https://todomvc.com/examples/angular-dart/web
2026-01-20T00:09:11.1316310Z [DEBUG] Sending request to gemini-2.0-flash. Number of parts: 1
2026-01-20T00:09:11.1317062Z [DEBUG] Sending request to gemini-2.0-flash. Number of parts: 1
2026-01-20T00:09:11.1317672Z [DEBUG] Sending request to gemini-2.0-flash. Number of parts: 1
2026-01-20T00:09:11.1318228Z [DEBUG] Received response (Length: 164)
2026-01-20T00:09:11.1319187Z   🔍 [Worker 1] Visiting (1): https://todomvc.com/examples/backbone_marionette
2026-01-20T00:09:11.3175312Z [DEBUG] Received response (Length: 325)
2026-01-20T00:09:11.3176311Z [DEBUG] Received response (Length: 259)
2026-01-20T00:09:11.3177639Z   🔍 [Worker 0] Visiting (1): https://todomvc.com/examples/backbone/dist
2026-01-20T00:09:11.3196348Z   🔍 [Worker 2] Visiting (1): https://todomvc.com/examples/typescript-react
2026-01-20T00:09:16.2519174Z [DEBUG] Sending request to gemini-2.0-flash. Number of parts: 1
2026-01-20T00:09:16.2520103Z [DEBUG] Sending request to gemini-2.0-flash. Number of parts: 1
2026-01-20T00:09:16.2521182Z [DEBUG] Sending request to gemini-2.0-flash. Number of parts: 1
2026-01-20T00:09:16.2521891Z [DEBUG] Received response (Length: 203)
2026-01-20T00:09:16.2522870Z   🔍 [Worker 2] Visiting (1): https://todomvc.com/examples/jsblocks
2026-01-20T00:09:16.2989966Z [DEBUG] Received response (Length: 385)
2026-01-20T00:09:16.2996149Z   🔍 [Worker 0] Visiting (2): http://todomvc.com
2026-01-20T00:09:16.3651218Z [DEBUG] Received response (Length: 364)
2026-01-20T00:09:16.3652984Z   🔍 [Worker 1] Visiting (2): https://todomvc.com
2026-01-20T00:09:21.6346531Z [CACHE HIT] f9afeb15... (hits: 3, misses: 47)
2026-01-20T00:09:21.6347047Z [CACHE HIT] f9afeb15... (hits: 4, misses: 47)
2026-01-20T00:09:21.6347671Z [DEBUG] Sending request to gemini-2.0-flash. Number of parts: 1
2026-01-20T00:09:21.6348313Z [DEBUG] Received response (Length: 387)
2026-01-20T00:09:21.6349092Z ✅ Discovery Complete. Mapped 50 pages.
2026-01-20T00:09:30.1344470Z 
2026-01-20T00:09:30.1345427Z [PLAN] PLANNER: Planning goal -> 'Navigate to React example, add 3 todos with text 'Task 1', 'Task 2', 'Task 3', mark Task 1 as complete, verify 2 active items' (Deep Mode: True)
2026-01-20T00:09:30.1346623Z 🗺️ [PLAN] Loaded Sitemap with 50 pages.
2026-01-20T00:09:30.1347065Z 📊 [KNOWLEDGE] Page types: ['homepage', 'unknown']
2026-01-20T00:09:30.1347503Z 🔄 [KNOWLEDGE] Flows: 0, Forms: 5
2026-01-20T00:09:30.1348609Z 🎭 [EXPERT] Detected Domain: GENERAL. Persona: Act as Senior SDET focusing on exploring the application to understand functional flow and identifying critical paths for end-to-end automation
2026-01-20T00:09:30.1349513Z [DEBUG] Sending request to gemini-2.0-flash. Number of parts: 1
2026-01-20T00:09:30.1349864Z [DEBUG] Received response (Length: 4614)
2026-01-20T00:09:30.1350213Z ✅ Planner generated 3 scenarios. Workflow updated.
2026-01-20T00:09:31.1396741Z 
2026-01-20T00:09:31.1397708Z 🕵️ [DEEP EXPLORER] Starting Multi-Scenario Exploration
2026-01-20T00:09:31.1398282Z 📋 Found 3 scenarios to explore.
2026-01-20T00:09:31.4970966Z 
2026-01-20T00:09:31.4971789Z [1/3] Exploring Scenario: Add and Complete Todos in React
2026-01-20T00:09:31.4973474Z     🧠 Initialized exploration context for goal: 'Navigates to the React example, adds 3 todos, marks one as complete, and verifies the active item count.'
2026-01-20T00:09:31.4975076Z     🎯 Scenario: Add and Complete Todos in React
2026-01-20T00:09:31.4982758Z   ▶️ [STEP step_1] NAVIGATE: 
2026-01-20T00:09:32.1578880Z     ✅ Navigated to https://todomvc.com/
2026-01-20T00:09:32.1579516Z   ▶️ [STEP step_2] ASSERT_URL: 
2026-01-20T00:09:37.1994042Z     ⚠️ Scroll into view failed for text=None. Proceeding anyway.
2026-01-20T00:09:39.2017368Z     ✅ State transitioned.
2026-01-20T00:09:40.9504390Z [DEBUG] Sending request to gemini-2.0-flash. Number of parts: 2
2026-01-20T00:09:40.9505246Z [DEBUG] Received response (Length: 193)
2026-01-20T00:09:40.9506287Z     🤖 AI Next Step Suggestion: click -> Compile-to-JS
2026-01-20T00:09:40.9507110Z     🧩 Suggested Locator: paper-tab:nth-child(2)
2026-01-20T00:09:40.9508344Z     💭 Reasoning: The goal is to navigate to the React example, which is under the Compile-to-JS tab.
2026-01-20T00:09:40.9509916Z     ➕ Injected AI step: click -> Compile-to-JS
2026-01-20T00:09:40.9511026Z   ▶️ [STEP step_2_ai_1] CLICK: Compile-to-JS
2026-01-20T00:09:40.9575451Z     🎯 Using AI-provided locator: paper-tab:nth-child(2)
2026-01-20T00:09:40.9649679Z     ✅ Found 1 verified locators
2026-01-20T00:09:45.0448742Z     ✅ State transitioned.
2026-01-20T00:09:46.6418784Z [DEBUG] Sending request to gemini-2.0-flash. Number of parts: 2
2026-01-20T00:09:46.6419196Z [DEBUG] Received response (Length: 252)
2026-01-20T00:09:46.6419849Z     🤖 AI Next Step Suggestion: click -> JavaScript
2026-01-20T00:09:46.6420635Z     🧩 Suggested Locator: paper-tab[aria-label='JavaScript']
2026-01-20T00:09:46.6421403Z     💭 Reasoning: The goal is to navigate to the React example. First, we need to click on the JavaScript tab to see the list of JavaScript frameworks.
2026-01-20T00:09:46.6422045Z     ➕ Injected AI step: click -> JavaScript
2026-01-20T00:09:46.6422398Z   ▶️ [STEP step_2_ai_2] CLICK: JavaScript
2026-01-20T00:09:46.6479625Z     🎯 Using AI-provided locator: paper-tab[aria-label='JavaScript']
2026-01-20T00:09:46.6502018Z     🔍 Mining locators for: 'JavaScript'
2026-01-20T00:09:46.8284477Z     ✅ Found 13 verified locators
2026-01-20T00:09:50.4075451Z     ✅ State transitioned.
2026-01-20T00:09:50.4160100Z     🔄 Revisited state detected (count: 1)
2026-01-20T00:09:52.2019570Z [DEBUG] Sending request to gemini-2.0-flash. Number of parts: 2
2026-01-20T00:09:52.2020218Z [DEBUG] Received response (Length: 233)
2026-01-20T00:09:52.2021178Z     🤖 AI Next Step Suggestion: click -> React New
2026-01-20T00:09:52.2022049Z     🧩 Suggested Locator: a[href='http://tastejs.github.io/todomvc/examples/react/']
2026-01-20T00:09:52.2023207Z     💭 Reasoning: The goal is to navigate to the React example. 'React New' is the link to the React example.
2026-01-20T00:09:52.2024084Z     ➕ Injected AI step: click -> React New
2026-01-20T00:09:52.2024546Z   ▶️ [STEP step_2_ai_3] CLICK: React New
2026-01-20T00:09:52.2079034Z     🎯 Using AI-provided locator: a[href='http://tastejs.github.io/todomvc/examples/react/']
2026-01-20T00:09:52.2099323Z     🔍 Mining locators for: 'React New'
2026-01-20T00:09:52.3045845Z     ✅ Found 3 verified locators
2026-01-20T00:09:55.8756768Z     ✅ State transitioned.
2026-01-20T00:09:57.4299151Z [DEBUG] Sending request to gemini-2.0-flash. Number of parts: 2
2026-01-20T00:09:57.4299979Z [DEBUG] Received response (Length: 214)
2026-01-20T00:09:57.4301391Z     🤖 AI Next Step Suggestion: fill -> What needs to be done?
2026-01-20T00:09:57.4302445Z     🧩 Suggested Locator: input[placeholder='What needs to be done?']
2026-01-20T00:09:57.4303560Z     💭 Reasoning: The goal is to add 3 todos. This fills the first todo.
2026-01-20T00:09:57.4304545Z     ➕ Injected AI step: fill -> What needs to be done?
2026-01-20T00:09:57.4305342Z   ▶️ [STEP step_2_ai_4] FILL: What needs to be done?
2026-01-20T00:09:57.4448456Z     🎯 Using AI-provided locator: input[placeholder='What needs to be done?']
2026-01-20T00:09:57.4507610Z     ✅ Found 1 verified locators
2026-01-20T00:10:03.4022728Z     ✅ State transitioned.
2026-01-20T00:10:05.0064239Z [DEBUG] Sending request to gemini-2.0-flash. Number of parts: 2
2026-01-20T00:10:05.0065283Z [DEBUG] Received response (Length: 171)
2026-01-20T00:10:05.0066280Z     🤖 AI Next Step Suggestion: fill -> What needs to be done?
2026-01-20T00:10:05.0066962Z     🧩 Suggested Locator: input
2026-01-20T00:10:05.0067686Z     💭 Reasoning: Need to add the second todo item as per the goal.
2026-01-20T00:10:05.0068820Z     🔄 Same AI suggestion but state changed (URL or DOM). Resetting loop counter.
2026-01-20T00:10:05.0070186Z     ⚠️ Skipping duplicate AI suggestion (just executed): ('fill', 'what needs to be done?')
2026-01-20T00:10:05.0071492Z   ▶️ [STEP step_3] CLICK: React
2026-01-20T00:10:05.0071934Z 										New
2026-01-20T00:10:05.0126179Z     🔍 Mining locators for: 'React
2026-01-20T00:10:05.0126635Z 										New'
2026-01-20T00:10:05.0444535Z     🧠 Consulting AI (Vision-First) to find 'React
2026-01-20T00:10:05.0445073Z 										New'...
2026-01-20T00:10:05.0473838Z     🔍 Trying smart selectors for 'React
2026-01-20T00:10:05.0474277Z 										New'...
2026-01-20T00:10:05.0496136Z     🔍 [SMART] Searching for: 'React
2026-01-20T00:10:05.0496625Z 										New' (trying 15+ strategies)
2026-01-20T00:10:05.0497681Z     ⚠️ Smart selector error: Locator.count: Unsupported token "BADSTRING" while parsing css selector "[data-testid='react
2026-01-20T00:10:05.0498738Z 										new']". Did you mean to CSS.escape it?. Falling back to AI Vision...
2026-01-20T00:10:05.0500044Z     🧠 [EXPERT] Strategy: Act as Senior SDET focusing on exploring the application to understand functional flow and identifying critical paths for end-to-end automation.
2026-01-20T00:10:10.1236392Z [DEBUG] Sending request to gemini-2.0-flash. Number of parts: 2
2026-01-20T00:10:10.1237157Z [DEBUG] Received response (Length: 253)
2026-01-20T00:10:10.1238879Z     💡 Expert Suggestion: The text 'React' is mentioned in the description of 'Preact'. Clicking on 'Preact' might lead to the React example.
2026-01-20T00:10:10.1240210Z     🛠️ Executing corrective action: click -> 'Preact'
2026-01-20T00:10:10.6720049Z     ✅ Executed corrective navigation
2026-01-20T00:10:12.6743481Z     🔄 Retry 1/3 mining locators for 'React
2026-01-20T00:10:12.6743934Z 										New'...
2026-01-20T00:10:13.7109788Z     🧠 Consulting AI (Vision-First) to find 'React
2026-01-20T00:10:13.7110559Z 										New'...
2026-01-20T00:10:13.7111049Z     🔍 Trying smart selectors for 'React
2026-01-20T00:10:13.7111506Z 										New'...
2026-01-20T00:10:13.7126199Z     🔍 [SMART] Searching for: 'React
2026-01-20T00:10:13.7126698Z 										New' (trying 15+ strategies)
2026-01-20T00:10:13.7127773Z     ⚠️ Smart selector error: Locator.count: Unsupported token "BADSTRING" while parsing css selector "[data-testid='react
2026-01-20T00:10:13.7128843Z 										new']". Did you mean to CSS.escape it?. Falling back to AI Vision...
2026-01-20T00:10:13.7130733Z     🧠 [EXPERT] Strategy: Act as Senior SDET focusing on exploring the application to understand functional flow and identifying critical paths for end-to-end automation.
2026-01-20T00:10:15.3538175Z [DEBUG] Sending request to gemini-2.0-flash. Number of parts: 2
2026-01-20T00:10:15.3538605Z [DEBUG] Received response (Length: 249)
2026-01-20T00:10:15.3539139Z     ⚠️ Skipping duplicate injection: Preact
2026-01-20T00:10:15.3539481Z     🔄 Retry 2/3 mining locators for 'React
2026-01-20T00:10:15.3539725Z 										New'...
2026-01-20T00:10:16.3551563Z     🗑️ Invalidating stale AI cache (retry 2)...
2026-01-20T00:10:16.3939821Z     🧠 Consulting AI (Vision-First) to find 'React
2026-01-20T00:10:16.3940594Z 										New'...
2026-01-20T00:10:16.3941071Z     🔍 Trying smart selectors for 'React
2026-01-20T00:10:16.3941498Z 										New'...
2026-01-20T00:10:16.3956623Z     🔍 [SMART] Searching for: 'React
2026-01-20T00:10:16.3957104Z 										New' (trying 15+ strategies)
2026-01-20T00:10:16.3957921Z     ⚠️ Smart selector error: Locator.count: Unsupported token "BADSTRING" while parsing css selector "[data-testid='react
2026-01-20T00:10:16.3958965Z 										new']". Did you mean to CSS.escape it?. Falling back to AI Vision...
2026-01-20T00:10:16.3960952Z     🧠 [EXPERT] Strategy: Act as Senior SDET focusing on exploring the application to understand functional flow and identifying critical paths for end-to-end automation.
2026-01-20T00:10:16.3963292Z [CACHE HIT] ddcfbe23... (hits: 1, misses: 7)
2026-01-20T00:10:16.3963903Z     ⚠️ Skipping duplicate injection: Preact
2026-01-20T00:10:16.3964501Z     🧠 Verifying step validity for 'React
2026-01-20T00:10:16.3964956Z 										New' after no candidates found...
2026-01-20T00:10:20.3990711Z [DEBUG] Sending request to gemini-2.0-flash. Number of parts: 2
2026-01-20T00:10:20.3991351Z [DEBUG] Received response (Length: 248)
2026-01-20T00:10:20.3992725Z     🗑️ Step deemed INVALID: The target element 'React New' does not exist on the page. The page is currently displaying the Preact example, not the React example. The task is to navigate to the React example first.. Removing from workflow.
2026-01-20T00:10:20.3994018Z     ⏭️ Skipping execution of invalid step: React
2026-01-20T00:10:20.3994280Z 										New
2026-01-20T00:10:20.3994519Z   ▶️ [STEP step_4] ASSERT_URL: 
2026-01-20T00:10:25.4152020Z     ⚠️ Scroll into view failed for text=None. Proceeding anyway.
2026-01-20T00:10:27.4174799Z     ✅ State transitioned.
2026-01-20T00:10:27.4220826Z     🔄 Revisited state detected (count: 1)
2026-01-20T00:10:28.6966332Z [DEBUG] Sending request to gemini-2.0-flash. Number of parts: 2
2026-01-20T00:10:28.6967170Z [DEBUG] Received response (Length: 171)
2026-01-20T00:10:28.6968004Z     🤖 AI Next Step Suggestion: fill -> What needs to be done?
2026-01-20T00:10:28.6968544Z     🧩 Suggested Locator: input
2026-01-20T00:10:28.6969088Z     💭 Reasoning: Need to add the second todo item as per the goal.
2026-01-20T00:10:28.6970007Z ⚠️ Loop detected: same AI suggestion repeated 2 times without state change. Moving to next step.
2026-01-20T00:10:28.6971083Z   ▶️ [STEP step_5] FILL: What needs to be done?
2026-01-20T00:10:28.7024433Z     🔍 Mining locators for: 'What needs to be done?'
2026-01-20T00:10:28.7539144Z     ✅ Found 2 verified locators
2026-01-20T00:10:33.6851873Z     ✅ State transitioned.
2026-01-20T00:10:33.6896567Z     🔄 Revisited state detected (count: 2)
2026-01-20T00:10:35.2764820Z [DEBUG] Sending request to gemini-2.0-flash. Number of parts: 2
2026-01-20T00:10:35.2765474Z [DEBUG] Received response (Length: 174)
2026-01-20T00:10:35.2766197Z     🤖 AI Next Step Suggestion: fill -> What needs to be done?
2026-01-20T00:10:35.2766579Z     🧩 Suggested Locator: input
2026-01-20T00:10:35.2766967Z     💭 Reasoning: We need to add the second todo item as per the goal.
2026-01-20T00:10:35.2767554Z     ⚠️ Skipping duplicate AI suggestion (just executed): ('fill', 'what needs to be done?')
2026-01-20T00:10:35.2768020Z   ▶️ [STEP step_6] PRESS: Enter
2026-01-20T00:10:35.2822915Z     🔍 Mining locators for: 'Enter'
2026-01-20T00:10:35.3273099Z     🧠 Consulting AI (Vision-First) to find 'Enter'...
2026-01-20T00:10:35.3273772Z     🔍 Trying smart selectors for 'Enter'...
2026-01-20T00:10:35.4007362Z     🔍 [SMART] Searching for: 'Enter' (trying 15+ strategies)
2026-01-20T00:10:35.4008455Z     ⚠️ Smart selectors failed (no unique match). Falling back to AI Vision...
2026-01-20T00:10:35.4010457Z     🧠 [EXPERT] Strategy: Act as Senior SDET focusing on exploring the application to understand functional flow and identifying critical paths for end-to-end automation.
2026-01-20T00:10:40.6601926Z [DEBUG] Sending request to gemini-2.0-flash. Number of parts: 2
2026-01-20T00:10:40.6602508Z [DEBUG] Received response (Length: 356)
2026-01-20T00:10:40.6603877Z     💡 Expert Suggestion: The 'Enter' action typically involves filling an input field to add a new todo item. The current view shows an input field where 'Task 1' is written. We can assume that this is the input field where we can add new tasks.
2026-01-20T00:10:40.6604983Z     🛠️ Executing corrective action: fill -> 'input'
2026-01-20T00:10:40.7108812Z     🔄 Retry 1/3 mining locators for 'Enter'...
2026-01-20T00:10:41.7429538Z     🧠 Consulting AI (Vision-First) to find 'Enter'...
2026-01-20T00:10:41.7430716Z     🔍 Trying smart selectors for 'Enter'...
2026-01-20T00:10:41.8145106Z     🔍 [SMART] Searching for: 'Enter' (trying 15+ strategies)
2026-01-20T00:10:41.8146035Z     ⚠️ Smart selectors failed (no unique match). Falling back to AI Vision...
2026-01-20T00:10:41.8147222Z     🧠 [EXPERT] Strategy: Act as Senior SDET focusing on exploring the application to understand functional flow and identifying critical paths for end-to-end automation.
2026-01-20T00:10:41.8150758Z [CACHE HIT] c7b8d530... (hits: 2, misses: 11)
2026-01-20T00:10:41.8151344Z     ⚠️ Skipping duplicate injection: input
2026-01-20T00:10:41.8151706Z     🔄 Retry 2/3 mining locators for 'Enter'...
2026-01-20T00:10:42.8164180Z     🗑️ Invalidating stale AI cache (retry 2)...
2026-01-20T00:10:42.8588608Z     🧠 Consulting AI (Vision-First) to find 'Enter'...
2026-01-20T00:10:42.8589501Z     🔍 Trying smart selectors for 'Enter'...
2026-01-20T00:10:42.9300815Z     🔍 [SMART] Searching for: 'Enter' (trying 15+ strategies)
2026-01-20T00:10:42.9301824Z     ⚠️ Smart selectors failed (no unique match). Falling back to AI Vision...
2026-01-20T00:10:42.9302792Z     🧠 [EXPERT] Strategy: Act as Senior SDET focusing on exploring the application to understand functional flow and identifying critical paths for end-to-end automation.
2026-01-20T00:10:42.9305806Z [CACHE HIT] c7b8d530... (hits: 3, misses: 11)
2026-01-20T00:10:42.9306472Z     ⚠️ Skipping duplicate injection: input
2026-01-20T00:10:42.9306996Z     🧠 Verifying step validity for 'Enter' after no candidates found...
2026-01-20T00:10:44.9651624Z [DEBUG] Sending request to gemini-2.0-flash. Number of parts: 2
2026-01-20T00:10:44.9652350Z [DEBUG] Received response (Length: 212)
2026-01-20T00:10:44.9653443Z     🛠️ Self-Correction: Step is valid. Using new locator: .new-todo
2026-01-20T00:10:47.9965170Z     ✅ State transitioned.
2026-01-20T00:10:48.0011853Z     🔄 Revisited state detected (count: 3)
2026-01-20T00:10:48.0012704Z     ⚠️ Too many revisits (3). Stopping AI step injection to prevent loops.
2026-01-20T00:10:48.0013551Z   ▶️ [STEP step_7] FILL: What needs to be done?
2026-01-20T00:10:48.0059708Z     🔍 Mining locators for: 'What needs to be done?'
2026-01-20T00:10:48.0535580Z     ✅ Found 2 verified locators
2026-01-20T00:10:53.0727501Z     ✅ State transitioned.
2026-01-20T00:10:54.6648651Z [DEBUG] Sending request to gemini-2.0-flash. Number of parts: 2
2026-01-20T00:10:54.6649459Z [DEBUG] Received response (Length: 236)
2026-01-20T00:10:54.6650679Z     🤖 AI Next Step Suggestion: fill -> What needs to be done?
2026-01-20T00:10:54.6651389Z     🧩 Suggested Locator: input.new-todo
2026-01-20T00:10:54.6652429Z     💭 Reasoning: The previous action was filling the todo input. We need to add 'Task 2' to the todo list as per the goal.
2026-01-20T00:10:54.6653712Z     🔄 Same AI suggestion but state changed (URL or DOM). Resetting loop counter.
2026-01-20T00:10:54.6654774Z     ⚠️ Skipping duplicate AI suggestion (just executed): ('fill', 'what needs to be done?')
2026-01-20T00:10:54.6655592Z   ▶️ [STEP step_8] PRESS: Enter
2026-01-20T00:10:54.6707518Z     🔍 Mining locators for: 'Enter'
2026-01-20T00:10:54.7091229Z     🧠 Consulting AI (Vision-First) to find 'Enter'...
2026-01-20T00:10:54.7091948Z     🔍 Trying smart selectors for 'Enter'...
2026-01-20T00:10:54.7794177Z     🔍 [SMART] Searching for: 'Enter' (trying 15+ strategies)
2026-01-20T00:10:54.7795091Z     ⚠️ Smart selectors failed (no unique match). Falling back to AI Vision...
2026-01-20T00:10:54.7796041Z     🧠 [EXPERT] Strategy: Act as Senior SDET focusing on exploring the application to understand functional flow and identifying critical paths for end-to-end automation.
2026-01-20T00:10:59.4888001Z [DEBUG] Sending request to gemini-2.0-flash. Number of parts: 2
2026-01-20T00:10:59.4888859Z [DEBUG] Received response (Length: 240)
2026-01-20T00:10:59.4889706Z     💡 Expert Suggestion: Clicking 'Example' under 'Preact' should lead to the React example with the input field to add todos.
2026-01-20T00:10:59.4890813Z     🛠️ Executing corrective action: click -> 'Example'
2026-01-20T00:11:00.0356412Z     ✅ Executed corrective navigation
2026-01-20T00:11:02.0379506Z     🔄 Retry 1/3 mining locators for 'Enter'...
2026-01-20T00:11:03.0764629Z     🧠 Consulting AI (Vision-First) to find 'Enter'...
2026-01-20T00:11:03.0765073Z     🔍 Trying smart selectors for 'Enter'...
2026-01-20T00:11:03.1481510Z     🔍 [SMART] Searching for: 'Enter' (trying 15+ strategies)
2026-01-20T00:11:03.1482174Z     ⚠️ Smart selectors failed (no unique match). Falling back to AI Vision...
2026-01-20T00:11:03.1484039Z     🧠 [EXPERT] Strategy: Act as Senior SDET focusing on exploring the application to understand functional flow and identifying critical paths for end-to-end automation.
2026-01-20T00:11:04.5442907Z [DEBUG] Sending request to gemini-2.0-flash. Number of parts: 2
2026-01-20T00:11:04.5443385Z [DEBUG] Received response (Length: 240)
2026-01-20T00:11:04.5443963Z     ⚠️ Skipping duplicate injection: Example
2026-01-20T00:11:04.5444473Z     🔄 Retry 2/3 mining locators for 'Enter'...
2026-01-20T00:11:05.5456777Z     🗑️ Invalidating stale AI cache (retry 2)...
2026-01-20T00:11:05.5762140Z     🧠 Consulting AI (Vision-First) to find 'Enter'...
2026-01-20T00:11:05.5762578Z     🔍 Trying smart selectors for 'Enter'...
2026-01-20T00:11:05.6479002Z     🔍 [SMART] Searching for: 'Enter' (trying 15+ strategies)
2026-01-20T00:11:05.6480763Z     ⚠️ Smart selectors failed (no unique match). Falling back to AI Vision...
2026-01-20T00:11:05.6482719Z     🧠 [EXPERT] Strategy: Act as Senior SDET focusing on exploring the application to understand functional flow and identifying critical paths for end-to-end automation.
2026-01-20T00:11:05.6485177Z [CACHE HIT] c849a6d3... (hits: 4, misses: 15)
2026-01-20T00:11:05.6485989Z     ⚠️ Skipping duplicate injection: Example
2026-01-20T00:11:05.6486726Z     🧠 Verifying step validity for 'Enter' after no candidates found...
2026-01-20T00:11:09.5553330Z [DEBUG] Sending request to gemini-2.0-flash. Number of parts: 2
2026-01-20T00:11:09.5553941Z [DEBUG] Received response (Length: 239)
2026-01-20T00:11:09.5555303Z     🗑️ Step deemed INVALID: The task is to locate and interact with 'Enter'. 'Enter' is not visible on the page. The input field is present, but the 'Enter' key is a keyboard action, not a visible element.. Removing from workflow.
2026-01-20T00:11:09.5556394Z     ⏭️ Skipping execution of invalid step: Enter
2026-01-20T00:11:09.5556777Z   ▶️ [STEP step_9] FILL: What needs to be done?
2026-01-20T00:11:09.5611122Z     🔍 Mining locators for: 'What needs to be done?'
2026-01-20T00:11:09.6015270Z     ✅ Found 2 verified locators
2026-01-20T00:11:15.0526177Z     ✅ State transitioned.
2026-01-20T00:11:16.6536901Z [DEBUG] Sending request to gemini-2.0-flash. Number of parts: 2
2026-01-20T00:11:16.6537504Z [DEBUG] Received response (Length: 179)
2026-01-20T00:11:16.6538214Z     🤖 AI Next Step Suggestion: fill -> What needs to be done?
2026-01-20T00:11:16.6538770Z     🧩 Suggested Locator: input.new-todo
2026-01-20T00:11:16.6539359Z     💭 Reasoning: Need to add the first todo item as per the goal.
2026-01-20T00:11:16.6539932Z     🔄 Same AI suggestion but state changed (URL or DOM). Resetting loop counter.
2026-01-20T00:11:16.6540838Z     ⚠️ Skipping duplicate AI suggestion (just executed): ('fill', 'what needs to be done?')
2026-01-20T00:11:16.6541357Z   ▶️ [STEP step_10] PRESS: Enter
2026-01-20T00:11:16.6592445Z     🔍 Mining locators for: 'Enter'
2026-01-20T00:11:16.6915644Z     🧠 Consulting AI (Vision-First) to find 'Enter'...
2026-01-20T00:11:16.6916309Z     🔍 Trying smart selectors for 'Enter'...
2026-01-20T00:11:16.7786703Z     🔍 [SMART] Searching for: 'Enter' (trying 15+ strategies)
2026-01-20T00:11:16.7787415Z     ⚠️ Smart selectors failed (no unique match). Falling back to AI Vision...
2026-01-20T00:11:16.7789535Z     🧠 [EXPERT] Strategy: Act as Senior SDET focusing on exploring the application to understand functional flow and identifying critical paths for end-to-end automation.
2026-01-20T00:11:21.5633419Z [DEBUG] Sending request to gemini-2.0-flash. Number of parts: 2
2026-01-20T00:11:21.5634036Z [DEBUG] Received response (Length: 259)
2026-01-20T00:11:21.5635451Z     💡 Expert Suggestion: The 'Enter' key is used to submit the todo item. The input field to enter the todo item is likely on the 'Example' page.
2026-01-20T00:11:21.5636647Z     🛠️ Executing corrective action: click -> 'Example'
2026-01-20T00:11:22.1178179Z     ✅ Executed corrective navigation
2026-01-20T00:11:24.1201634Z     🔄 Retry 1/3 mining locators for 'Enter'...
2026-01-20T00:11:25.1578807Z     🧠 Consulting AI (Vision-First) to find 'Enter'...
2026-01-20T00:11:25.1579487Z     🔍 Trying smart selectors for 'Enter'...
2026-01-20T00:11:25.2298308Z     🔍 [SMART] Searching for: 'Enter' (trying 15+ strategies)
2026-01-20T00:11:25.2299173Z     ⚠️ Smart selectors failed (no unique match). Falling back to AI Vision...
2026-01-20T00:11:25.2301451Z     🧠 [EXPERT] Strategy: Act as Senior SDET focusing on exploring the application to understand functional flow and identifying critical paths for end-to-end automation.
2026-01-20T00:11:26.6934561Z [DEBUG] Sending request to gemini-2.0-flash. Number of parts: 2
2026-01-20T00:11:26.6935217Z [DEBUG] Received response (Length: 272)
2026-01-20T00:11:26.6935874Z     ⚠️ Skipping duplicate injection: Example
2026-01-20T00:11:26.6936358Z     🔄 Retry 2/3 mining locators for 'Enter'...
2026-01-20T00:11:27.6947132Z     🗑️ Invalidating stale AI cache (retry 2)...
2026-01-20T00:11:27.7253268Z     🧠 Consulting AI (Vision-First) to find 'Enter'...
2026-01-20T00:11:27.7254007Z     🔍 Trying smart selectors for 'Enter'...
2026-01-20T00:11:27.7969456Z     🔍 [SMART] Searching for: 'Enter' (trying 15+ strategies)
2026-01-20T00:11:27.7970596Z     ⚠️ Smart selectors failed (no unique match). Falling back to AI Vision...
2026-01-20T00:11:27.7971631Z     🧠 [EXPERT] Strategy: Act as Senior SDET focusing on exploring the application to understand functional flow and identifying critical paths for end-to-end automation.
2026-01-20T00:11:27.7975179Z [CACHE HIT] 4cfc5edc... (hits: 5, misses: 19)
2026-01-20T00:11:27.7975869Z     ⚠️ Skipping duplicate injection: Example
2026-01-20T00:11:27.7976473Z     🧠 Verifying step validity for 'Enter' after no candidates found...
2026-01-20T00:11:32.2342237Z [DEBUG] Sending request to gemini-2.0-flash. Number of parts: 2
2026-01-20T00:11:32.2342823Z [DEBUG] Received response (Length: 288)
2026-01-20T00:11:32.2344302Z     🗑️ Step deemed INVALID: The 'Enter' key is not a visible element on the page. The task is to add todos, which requires typing into the input field and pressing the 'Enter' key on the keyboard. The focus should be on the input field to add a new todo.. Removing from workflow.
2026-01-20T00:11:32.2345585Z     ⏭️ Skipping execution of invalid step: Enter
2026-01-20T00:11:32.2345906Z   ▶️ [STEP step_11] CHECK: Task 1
2026-01-20T00:11:32.2398281Z     🔍 Mining locators for: 'Task 1'
2026-01-20T00:11:32.2743915Z     🧠 Consulting AI (Vision-First) to find 'Task 1'...
2026-01-20T00:11:32.2745122Z     🔍 Trying smart selectors for 'Task 1'...
2026-01-20T00:11:32.3538537Z     🔍 [SMART] Searching for: 'Task 1' (trying 15+ strategies)
2026-01-20T00:11:32.3539565Z     ⚠️ Smart selectors failed (no unique match). Falling back to AI Vision...
2026-01-20T00:11:32.3540924Z     🧠 [EXPERT] Strategy: Act as Senior SDET focusing on exploring the application to understand functional flow and identifying critical paths for end-to-end automation.
2026-01-20T00:11:37.1756084Z [DEBUG] Sending request to gemini-2.0-flash. Number of parts: 2
2026-01-20T00:11:37.1756863Z [DEBUG] Received response (Length: 187)
2026-01-20T00:11:37.1757993Z     💡 Expert Suggestion: The React example is likely on the Example page.
2026-01-20T00:11:37.1759363Z     🛠️ Executing corrective action: click -> 'Example'
2026-01-20T00:11:37.7341813Z     ✅ Executed corrective navigation
2026-01-20T00:11:39.7365789Z     🔄 Retry 1/3 mining locators for 'Task 1'...
2026-01-20T00:11:40.7742024Z     🧠 Consulting AI (Vision-First) to find 'Task 1'...
2026-01-20T00:11:40.7743208Z     🔍 Trying smart selectors for 'Task 1'...
2026-01-20T00:11:40.8533472Z     🔍 [SMART] Searching for: 'Task 1' (trying 15+ strategies)
2026-01-20T00:11:40.8534343Z     ⚠️ Smart selectors failed (no unique match). Falling back to AI Vision...
2026-01-20T00:11:40.8535308Z     🧠 [EXPERT] Strategy: Act as Senior SDET focusing on exploring the application to understand functional flow and identifying critical paths for end-to-end automation.
2026-01-20T00:11:40.8538310Z [CACHE HIT] ca993bec... (hits: 6, misses: 21)
2026-01-20T00:11:40.8538890Z     ⚠️ Skipping duplicate injection: Example
2026-01-20T00:11:40.8539424Z     🔄 Retry 2/3 mining locators for 'Task 1'...
2026-01-20T00:11:41.8556721Z     🗑️ Invalidating stale AI cache (retry 2)...
2026-01-20T00:11:41.8908900Z     🧠 Consulting AI (Vision-First) to find 'Task 1'...
2026-01-20T00:11:41.8909578Z     🔍 Trying smart selectors for 'Task 1'...
2026-01-20T00:11:41.9674668Z     🔍 [SMART] Searching for: 'Task 1' (trying 15+ strategies)
2026-01-20T00:11:41.9675613Z     ⚠️ Smart selectors failed (no unique match). Falling back to AI Vision...
2026-01-20T00:11:41.9677361Z     🧠 [EXPERT] Strategy: Act as Senior SDET focusing on exploring the application to understand functional flow and identifying critical paths for end-to-end automation.
2026-01-20T00:11:41.9681210Z [CACHE HIT] ca993bec... (hits: 7, misses: 21)
2026-01-20T00:11:41.9681844Z     ⚠️ Skipping duplicate injection: Example
2026-01-20T00:11:41.9682595Z     🧠 Verifying step validity for 'Task 1' after no candidates found...
2026-01-20T00:11:43.2231283Z [DEBUG] Sending request to gemini-2.0-flash. Number of parts: 2
2026-01-20T00:11:43.2231780Z [DEBUG] Received response (Length: 187)
2026-01-20T00:11:43.2232845Z     🗑️ Step deemed INVALID: The current page only shows 'Task 3'. 'Task 1' does not exist, so we cannot interact with it. We need to add the todos first.. Removing from workflow.
2026-01-20T00:11:43.2233595Z     ⏭️ Skipping execution of invalid step: Task 1
2026-01-20T00:11:43.2233950Z   ▶️ [STEP step_12] ASSERT_VISIBLE: Task 1
2026-01-20T00:11:43.2286157Z     🔍 Mining locators for: 'Task 1'
2026-01-20T00:11:43.2572060Z     🧠 Consulting AI (Vision-First) to find 'Task 1'...
2026-01-20T00:11:43.2572723Z     🔍 Trying smart selectors for 'Task 1'...
2026-01-20T00:11:43.3341896Z     🔍 [SMART] Searching for: 'Task 1' (trying 15+ strategies)
2026-01-20T00:11:43.3342920Z     ⚠️ Smart selectors failed (no unique match). Falling back to AI Vision...
2026-01-20T00:11:43.3343892Z     🧠 [EXPERT] Strategy: Act as Senior SDET focusing on exploring the application to understand functional flow and identifying critical paths for end-to-end automation.
2026-01-20T00:11:43.3346824Z [CACHE HIT] ca993bec... (hits: 8, misses: 22)
2026-01-20T00:11:43.3347745Z     💡 Expert Suggestion: The React example is likely on the Example page.
2026-01-20T00:11:43.3348602Z     🛠️ Executing corrective action: click -> 'Example'
2026-01-20T00:11:43.8844056Z     ✅ Executed corrective navigation
2026-01-20T00:11:45.8854358Z     🔄 Retry 1/3 mining locators for 'Task 1'...
2026-01-20T00:11:46.9240947Z     🧠 Consulting AI (Vision-First) to find 'Task 1'...
2026-01-20T00:11:46.9241727Z     🔍 Trying smart selectors for 'Task 1'...
2026-01-20T00:11:47.0001054Z     🔍 [SMART] Searching for: 'Task 1' (trying 15+ strategies)
2026-01-20T00:11:47.0001979Z     ⚠️ Smart selectors failed (no unique match). Falling back to AI Vision...
2026-01-20T00:11:47.0003631Z     🧠 [EXPERT] Strategy: Act as Senior SDET focusing on exploring the application to understand functional flow and identifying critical paths for end-to-end automation.
2026-01-20T00:11:47.0006896Z [CACHE HIT] ca993bec... (hits: 9, misses: 22)
2026-01-20T00:11:47.0007898Z     ⚠️ Skipping duplicate injection: Example
2026-01-20T00:11:47.0008475Z     🔄 Retry 2/3 mining locators for 'Task 1'...
2026-01-20T00:11:48.0021225Z     🗑️ Invalidating stale AI cache (retry 2)...
2026-01-20T00:11:48.0414027Z     🧠 Consulting AI (Vision-First) to find 'Task 1'...
2026-01-20T00:11:48.0415103Z     🔍 Trying smart selectors for 'Task 1'...
2026-01-20T00:11:48.1177093Z     🔍 [SMART] Searching for: 'Task 1' (trying 15+ strategies)
2026-01-20T00:11:48.1177833Z     ⚠️ Smart selectors failed (no unique match). Falling back to AI Vision...
2026-01-20T00:11:48.1178839Z     🧠 [EXPERT] Strategy: Act as Senior SDET focusing on exploring the application to understand functional flow and identifying critical paths for end-to-end automation.
2026-01-20T00:11:48.1183801Z [CACHE HIT] ca993bec... (hits: 10, misses: 22)
2026-01-20T00:11:48.1184357Z     ⚠️ Skipping duplicate injection: Example
2026-01-20T00:11:48.1185148Z     🧠 Verifying step validity for 'Task 1' after no candidates found...
2026-01-20T00:11:48.1188607Z [CACHE HIT] e0f1623d... (hits: 11, misses: 22)
2026-01-20T00:11:48.1189998Z     🗑️ Step deemed INVALID: The current page only shows 'Task 3'. 'Task 1' does not exist, so we cannot interact with it. We need to add the todos first.. Removing from workflow.
2026-01-20T00:11:48.1191003Z     ⏭️ Skipping execution of invalid step: Task 1
2026-01-20T00:11:48.1191354Z   ▶️ [STEP step_13] ASSERT_TEXT: 2 items left
2026-01-20T00:11:48.1235789Z     🔍 Mining locators for: '2 items left'
2026-01-20T00:11:48.1575465Z     🧠 Consulting AI (Vision-First) to find '2 items left'...
2026-01-20T00:11:48.1576281Z     🔍 Trying smart selectors for '2 items left'...
2026-01-20T00:11:48.1765715Z     🔍 [SMART] Searching for: '2 items left' (trying 15+ strategies)
2026-01-20T00:11:48.1767053Z     ⚠️ Smart selector error: Locator.count: SyntaxError: Failed to execute 'querySelectorAll' on 'Document': '#2_items_left' is not a valid selector.
2026-01-20T00:11:48.1767693Z     at query (<anonymous>:5232:41)
2026-01-20T00:11:48.1767980Z     at <anonymous>:5242:7
2026-01-20T00:11:48.1768264Z     at SelectorEvaluatorImpl._cached (<anonymous>:5019:20)
2026-01-20T00:11:48.1768636Z     at SelectorEvaluatorImpl._queryCSS (<anonymous>:5229:17)
2026-01-20T00:11:48.1769020Z     at SelectorEvaluatorImpl._querySimple (<anonymous>:5109:19)
2026-01-20T00:11:48.1769368Z     at <anonymous>:5057:29
2026-01-20T00:11:48.1769635Z     at SelectorEvaluatorImpl._cached (<anonymous>:5019:20)
2026-01-20T00:11:48.1769989Z     at SelectorEvaluatorImpl.query (<anonymous>:5050:19)
2026-01-20T00:11:48.1770497Z     at Object.query (<anonymous>:5264:44)
2026-01-20T00:11:48.1770802Z     at <anonymous>:5222:21. Falling back to AI Vision...
2026-01-20T00:11:48.1771669Z     🧠 [EXPERT] Strategy: Act as Senior SDET focusing on exploring the application to understand functional flow and identifying critical paths for end-to-end automation.
2026-01-20T00:11:49.7064577Z [DEBUG] Sending request to gemini-2.0-flash. Number of parts: 2
2026-01-20T00:11:49.7065012Z [DEBUG] Received response (Length: 248)
2026-01-20T00:11:49.7065904Z     💡 Expert Suggestion: The '2 items left' element is part of the TodoMVC example, which is likely accessible via the 'Example' link.
2026-01-20T00:11:49.7066588Z     🛠️ Executing corrective action: click -> 'Example'
2026-01-20T00:11:50.2663170Z     ✅ Executed corrective navigation
2026-01-20T00:11:52.2686721Z     🔄 Retry 1/3 mining locators for '2 items left'...
2026-01-20T00:11:53.3068174Z     🧠 Consulting AI (Vision-First) to find '2 items left'...
2026-01-20T00:11:53.3068894Z     🔍 Trying smart selectors for '2 items left'...
2026-01-20T00:11:53.3250908Z     🔍 [SMART] Searching for: '2 items left' (trying 15+ strategies)
2026-01-20T00:11:53.3252162Z     ⚠️ Smart selector error: Locator.count: SyntaxError: Failed to execute 'querySelectorAll' on 'Document': '#2_items_left' is not a valid selector.
2026-01-20T00:11:53.3252804Z     at query (<anonymous>:5232:41)
2026-01-20T00:11:53.3253067Z     at <anonymous>:5242:7
2026-01-20T00:11:53.3253618Z     at SelectorEvaluatorImpl._cached (<anonymous>:5019:20)
2026-01-20T00:11:53.3254110Z     at SelectorEvaluatorImpl._queryCSS (<anonymous>:5229:17)
2026-01-20T00:11:53.3254796Z     at SelectorEvaluatorImpl._querySimple (<anonymous>:5109:19)
2026-01-20T00:11:53.3255400Z     at <anonymous>:5057:29
2026-01-20T00:11:53.3256199Z     at SelectorEvaluatorImpl._cached (<anonymous>:5019:20)
2026-01-20T00:11:53.3256761Z     at SelectorEvaluatorImpl.query (<anonymous>:5050:19)
2026-01-20T00:11:53.3257086Z     at Object.query (<anonymous>:5264:44)
2026-01-20T00:11:53.3257387Z     at <anonymous>:5222:21. Falling back to AI Vision...
2026-01-20T00:11:53.3258264Z     🧠 [EXPERT] Strategy: Act as Senior SDET focusing on exploring the application to understand functional flow and identifying critical paths for end-to-end automation.
2026-01-20T00:11:53.3258971Z [CACHE HIT] 066b58a4... (hits: 12, misses: 23)
2026-01-20T00:11:53.3259303Z     ⚠️ Skipping duplicate injection: Example
2026-01-20T00:11:53.3259677Z     🔄 Retry 2/3 mining locators for '2 items left'...
2026-01-20T00:11:54.3269091Z     🗑️ Invalidating stale AI cache (retry 2)...
2026-01-20T00:11:54.3566779Z     🧠 Consulting AI (Vision-First) to find '2 items left'...
2026-01-20T00:11:54.3567585Z     🔍 Trying smart selectors for '2 items left'...
2026-01-20T00:11:54.3741571Z     🔍 [SMART] Searching for: '2 items left' (trying 15+ strategies)
2026-01-20T00:11:54.3742803Z     ⚠️ Smart selector error: Locator.count: SyntaxError: Failed to execute 'querySelectorAll' on 'Document': '#2_items_left' is not a valid selector.
2026-01-20T00:11:54.3743911Z     at query (<anonymous>:5232:41)
2026-01-20T00:11:54.3744303Z     at <anonymous>:5242:7
2026-01-20T00:11:54.3744740Z     at SelectorEvaluatorImpl._cached (<anonymous>:5019:20)
2026-01-20T00:11:54.3745384Z     at SelectorEvaluatorImpl._queryCSS (<anonymous>:5229:17)
2026-01-20T00:11:54.3746007Z     at SelectorEvaluatorImpl._querySimple (<anonymous>:5109:19)
2026-01-20T00:11:54.3746339Z     at <anonymous>:5057:29
2026-01-20T00:11:54.3746718Z     at SelectorEvaluatorImpl._cached (<anonymous>:5019:20)
2026-01-20T00:11:54.3747299Z     at SelectorEvaluatorImpl.query (<anonymous>:5050:19)
2026-01-20T00:11:54.3747684Z     at Object.query (<anonymous>:5264:44)
2026-01-20T00:11:54.3748237Z     at <anonymous>:5222:21. Falling back to AI Vision...
2026-01-20T00:11:54.3749735Z     🧠 [EXPERT] Strategy: Act as Senior SDET focusing on exploring the application to understand functional flow and identifying critical paths for end-to-end automation.
2026-01-20T00:11:54.3751203Z [CACHE HIT] 066b58a4... (hits: 13, misses: 23)
2026-01-20T00:11:54.3751819Z     ⚠️ Skipping duplicate injection: Example
2026-01-20T00:11:54.3752575Z     🧠 Verifying step validity for '2 items left' after no candidates found...
2026-01-20T00:11:55.9992569Z [DEBUG] Sending request to gemini-2.0-flash. Number of parts: 2
2026-01-20T00:11:55.9993059Z [DEBUG] Received response (Length: 279)
2026-01-20T00:11:55.9994440Z     🗑️ Step deemed INVALID: Based on the screenshot, only 'Task 3' has been added. The task requires adding 'Task 1', 'Task 2', and 'Task 3', then marking 'Task 1' as complete. Therefore, '2 items left' does not exist yet. The step is not valid.. Removing from workflow.
2026-01-20T00:11:55.9995571Z     ⏭️ Skipping execution of invalid step: 2 items left
2026-01-20T00:11:58.0420704Z 
2026-01-20T00:11:58.0421169Z [2/3] Exploring Scenario: Edit a Todo Item
2026-01-20T00:11:58.0431722Z     🧠 Initialized exploration context for goal: 'Adds a todo, then edits it.'
2026-01-20T00:11:58.0432579Z     🎯 Scenario: Edit a Todo Item
2026-01-20T00:11:58.0433072Z   ▶️ [STEP step_1] NAVIGATE: 
2026-01-20T00:11:58.6780755Z     ✅ Navigated to https://todomvc.com/
2026-01-20T00:11:58.6781619Z   ▶️ [STEP step_2] CLICK: React
2026-01-20T00:11:58.6782122Z 										New
2026-01-20T00:11:58.6948086Z     🔍 Mining locators for: 'React
2026-01-20T00:11:58.6948567Z 										New'
2026-01-20T00:11:58.7757329Z     🧠 Consulting AI (Vision-First) to find 'React
2026-01-20T00:11:58.7758203Z 										New'...
2026-01-20T00:11:58.7758643Z     🔍 Trying smart selectors for 'React
2026-01-20T00:11:58.7759051Z 										New'...
2026-01-20T00:11:58.7773435Z     🔍 [SMART] Searching for: 'React
2026-01-20T00:11:58.7773873Z 										New' (trying 15+ strategies)
2026-01-20T00:11:58.7775204Z     ⚠️ Smart selector error: Locator.count: Unsupported token "BADSTRING" while parsing css selector "[data-testid='react
2026-01-20T00:11:58.7776268Z 										new']". Did you mean to CSS.escape it?. Falling back to AI Vision...
2026-01-20T00:11:58.7777467Z     🧠 [EXPERT] Strategy: Act as Senior SDET focusing on exploring the application to understand functional flow and identifying critical paths for end-to-end automation.
2026-01-20T00:12:01.0423652Z [DEBUG] Sending request to gemini-2.0-flash. Number of parts: 2
2026-01-20T00:12:01.0424283Z [DEBUG] Received response (Length: 229)
2026-01-20T00:12:01.0425022Z     💡 Expert Suggestion: The target 'React New' is likely a link within the GitHub repository.
2026-01-20T00:12:01.0425685Z     🛠️ Executing corrective action: click -> 'Download View on GitHub Blog'
2026-01-20T00:12:01.1079374Z     🔄 Retry 1/3 mining locators for 'React
2026-01-20T00:12:01.1079694Z 										New'...
2026-01-20T00:12:02.1766079Z     🧠 Consulting AI (Vision-First) to find 'React
2026-01-20T00:12:02.1766653Z 										New'...
2026-01-20T00:12:02.1766938Z     🔍 Trying smart selectors for 'React
2026-01-20T00:12:02.1767190Z 										New'...
2026-01-20T00:12:02.1783393Z     🔍 [SMART] Searching for: 'React
2026-01-20T00:12:02.1783920Z 										New' (trying 15+ strategies)
2026-01-20T00:12:02.1784942Z     ⚠️ Smart selector error: Locator.count: Unsupported token "BADSTRING" while parsing css selector "[data-testid='react
2026-01-20T00:12:02.1785578Z 										new']". Did you mean to CSS.escape it?. Falling back to AI Vision...
2026-01-20T00:12:02.1786491Z     🧠 [EXPERT] Strategy: Act as Senior SDET focusing on exploring the application to understand functional flow and identifying critical paths for end-to-end automation.
2026-01-20T00:12:02.1789626Z [CACHE HIT] c2ff83c6... (hits: 14, misses: 25)
2026-01-20T00:12:02.1790586Z     ⚠️ Skipping duplicate injection: Download View on GitHub Blog
2026-01-20T00:12:02.1791007Z     🔄 Retry 2/3 mining locators for 'React
2026-01-20T00:12:02.1791278Z 										New'...
2026-01-20T00:12:03.1803752Z     🗑️ Invalidating stale AI cache (retry 2)...
2026-01-20T00:12:03.2914984Z     🧠 Consulting AI (Vision-First) to find 'React
2026-01-20T00:12:03.2915562Z 										New'...
2026-01-20T00:12:03.2916035Z     🔍 Trying smart selectors for 'React
2026-01-20T00:12:03.2916471Z 										New'...
2026-01-20T00:12:03.2932415Z     🔍 [SMART] Searching for: 'React
2026-01-20T00:12:03.2932932Z 										New' (trying 15+ strategies)
2026-01-20T00:12:03.2933939Z     ⚠️ Smart selector error: Locator.count: Unsupported token "BADSTRING" while parsing css selector "[data-testid='react
2026-01-20T00:12:03.2934605Z 										new']". Did you mean to CSS.escape it?. Falling back to AI Vision...
2026-01-20T00:12:03.2935558Z     🧠 [EXPERT] Strategy: Act as Senior SDET focusing on exploring the application to understand functional flow and identifying critical paths for end-to-end automation.
2026-01-20T00:12:03.2938466Z [CACHE HIT] c2ff83c6... (hits: 15, misses: 25)
2026-01-20T00:12:03.2939242Z     ⚠️ Skipping duplicate injection: Download View on GitHub Blog
2026-01-20T00:12:03.2939963Z     🧠 Verifying step validity for 'React
2026-01-20T00:12:03.2940598Z 										New' after no candidates found...
2026-01-20T00:12:05.7498916Z [DEBUG] Sending request to gemini-2.0-flash. Number of parts: 2
2026-01-20T00:12:05.7499614Z [DEBUG] Received response (Length: 262)
2026-01-20T00:12:05.7502323Z     🗑️ Step deemed INVALID: The element 'React New' is not visible on the current page. The page displays introductory text about TodoMVC and a link to the GitHub blog. We need to navigate to the actual React example page first.. Removing from workflow.
2026-01-20T00:12:05.7504534Z     ⏭️ Skipping execution of invalid step: React
2026-01-20T00:12:05.7505464Z 										New
2026-01-20T00:12:05.7505971Z   ▶️ [STEP step_3] FILL: What needs to be done?
2026-01-20T00:12:05.7562944Z     🔍 Mining locators for: 'What needs to be done?'
2026-01-20T00:12:05.8249016Z     🧠 Consulting AI (Vision-First) to find 'What needs to be done?'...
2026-01-20T00:12:05.8249968Z     🔍 Trying smart selectors for 'What needs to be done?'...
2026-01-20T00:12:05.9272761Z     🔍 [SMART] Searching for: 'What needs to be done?' (trying 15+ strategies)
2026-01-20T00:12:05.9273623Z     ⚠️ Smart selectors failed (no unique match). Falling back to AI Vision...
2026-01-20T00:12:05.9274547Z     🧠 [EXPERT] Strategy: Act as Senior SDET focusing on exploring the application to understand functional flow and identifying critical paths for end-to-end automation.
2026-01-20T00:12:10.7354618Z [DEBUG] Sending request to gemini-2.0-flash. Number of parts: 2
2026-01-20T00:12:10.7355310Z [DEBUG] Received response (Length: 268)
2026-01-20T00:12:10.7356758Z     💡 Expert Suggestion: The target 'What needs to be done?' is part of the React example, which is likely hosted on the GitHub Blog.
2026-01-20T00:12:10.7357882Z     🛠️ Executing corrective action: click -> 'Download View on GitHub Blog'
2026-01-20T00:12:10.8092274Z     🔄 Retry 1/3 mining locators for 'What needs to be done?'...
2026-01-20T00:12:11.8748949Z     🧠 Consulting AI (Vision-First) to find 'What needs to be done?'...
2026-01-20T00:12:11.8749809Z     🔍 Trying smart selectors for 'What needs to be done?'...
2026-01-20T00:12:11.9729914Z     🔍 [SMART] Searching for: 'What needs to be done?' (trying 15+ strategies)
2026-01-20T00:12:11.9731071Z     ⚠️ Smart selectors failed (no unique match). Falling back to AI Vision...
2026-01-20T00:12:11.9732020Z     🧠 [EXPERT] Strategy: Act as Senior SDET focusing on exploring the application to understand functional flow and identifying critical paths for end-to-end automation.
2026-01-20T00:12:11.9735946Z [CACHE HIT] 7ebbec17... (hits: 16, misses: 27)
2026-01-20T00:12:11.9736702Z     ⚠️ Skipping duplicate injection: Download View on GitHub Blog
2026-01-20T00:12:11.9737185Z     🔄 Retry 2/3 mining locators for 'What needs to be done?'...
2026-01-20T00:12:12.9750001Z     🗑️ Invalidating stale AI cache (retry 2)...
2026-01-20T00:12:13.0416395Z     🧠 Consulting AI (Vision-First) to find 'What needs to be done?'...
2026-01-20T00:12:13.0417339Z     🔍 Trying smart selectors for 'What needs to be done?'...
2026-01-20T00:12:13.1391412Z     🔍 [SMART] Searching for: 'What needs to be done?' (trying 15+ strategies)
2026-01-20T00:12:13.1392159Z     ⚠️ Smart selectors failed (no unique match). Falling back to AI Vision...
2026-01-20T00:12:13.1394084Z     🧠 [EXPERT] Strategy: Act as Senior SDET focusing on exploring the application to understand functional flow and identifying critical paths for end-to-end automation.
2026-01-20T00:12:13.1398992Z [CACHE HIT] 7ebbec17... (hits: 17, misses: 27)
2026-01-20T00:12:13.1399599Z     ⚠️ Skipping duplicate injection: Download View on GitHub Blog
2026-01-20T00:12:13.1400817Z     🧠 Verifying step validity for 'What needs to be done?' after no candidates found...
2026-01-20T00:12:15.6486382Z [DEBUG] Sending request to gemini-2.0-flash. Number of parts: 2
2026-01-20T00:12:15.6487282Z [DEBUG] Received response (Length: 244)
2026-01-20T00:12:15.6490704Z     🗑️ Step deemed INVALID: The current page is the TodoMVC landing page, not the React example. The element 'What needs to be done?' does not exist on this page. We need to navigate to the React example first.. Removing from workflow.
2026-01-20T00:12:15.6493637Z     ⏭️ Skipping execution of invalid step: What needs to be done?
2026-01-20T00:12:15.6494665Z   ▶️ [STEP step_4] PRESS: Enter
2026-01-20T00:12:15.6548407Z     🔍 Mining locators for: 'Enter'
2026-01-20T00:12:15.7580000Z     🧠 Consulting AI (Vision-First) to find 'Enter'...
2026-01-20T00:12:15.7580973Z     🔍 Trying smart selectors for 'Enter'...
2026-01-20T00:12:15.8359299Z     🔍 [SMART] Searching for: 'Enter' (trying 15+ strategies)
2026-01-20T00:12:15.8360613Z     ⚠️ Smart selectors failed (no unique match). Falling back to AI Vision...
2026-01-20T00:12:15.8361807Z     🧠 [EXPERT] Strategy: Act as Senior SDET focusing on exploring the application to understand functional flow and identifying critical paths for end-to-end automation.
2026-01-20T00:12:20.9093021Z [DEBUG] Sending request to gemini-2.0-flash. Number of parts: 2
2026-01-20T00:12:20.9093468Z [DEBUG] Received response (Length: 335)
2026-01-20T00:12:20.9094700Z     💡 Expert Suggestion: The 'Enter' key functionality is related to adding todos, which is likely within the React example. The GitHub blog might contain links or information about the React example.
2026-01-20T00:12:20.9095668Z     🛠️ Executing corrective action: click -> 'Download View on GitHub Blog'
2026-01-20T00:12:20.9749773Z     🔄 Retry 1/3 mining locators for 'Enter'...
2026-01-20T00:12:22.0411600Z     🧠 Consulting AI (Vision-First) to find 'Enter'...
2026-01-20T00:12:22.0412394Z     🔍 Trying smart selectors for 'Enter'...
2026-01-20T00:12:22.1173466Z     🔍 [SMART] Searching for: 'Enter' (trying 15+ strategies)
2026-01-20T00:12:22.1174098Z     ⚠️ Smart selectors failed (no unique match). Falling back to AI Vision...
2026-01-20T00:12:22.1175781Z     🧠 [EXPERT] Strategy: Act as Senior SDET focusing on exploring the application to understand functional flow and identifying critical paths for end-to-end automation.
2026-01-20T00:12:22.1181086Z [CACHE HIT] 44ac8991... (hits: 18, misses: 29)
2026-01-20T00:12:22.1181648Z     ⚠️ Skipping duplicate injection: Download View on GitHub Blog
2026-01-20T00:12:22.1182062Z     🔄 Retry 2/3 mining locators for 'Enter'...
2026-01-20T00:12:23.1195163Z     🗑️ Invalidating stale AI cache (retry 2)...
2026-01-20T00:12:23.1746166Z     🧠 Consulting AI (Vision-First) to find 'Enter'...
2026-01-20T00:12:23.1746643Z     🔍 Trying smart selectors for 'Enter'...
2026-01-20T00:12:23.2497178Z     🔍 [SMART] Searching for: 'Enter' (trying 15+ strategies)
2026-01-20T00:12:23.2498034Z     ⚠️ Smart selectors failed (no unique match). Falling back to AI Vision...
2026-01-20T00:12:23.2499910Z     🧠 [EXPERT] Strategy: Act as Senior SDET focusing on exploring the application to understand functional flow and identifying critical paths for end-to-end automation.
2026-01-20T00:12:23.2504733Z [CACHE HIT] 44ac8991... (hits: 19, misses: 29)
2026-01-20T00:12:23.2505372Z     ⚠️ Skipping duplicate injection: Download View on GitHub Blog
2026-01-20T00:12:23.2506357Z     🧠 Verifying step validity for 'Enter' after no candidates found...
2026-01-20T00:12:25.7933876Z [DEBUG] Sending request to gemini-2.0-flash. Number of parts: 2
2026-01-20T00:12:25.7934450Z [DEBUG] Received response (Length: 271)
2026-01-20T00:12:25.7936068Z     🗑️ Step deemed INVALID: The current page is the TodoMVC landing page, not the React example. The 'Enter' element, which is the input field for adding todos, does not exist on this page. We need to navigate to the React example first.. Removing from workflow.
2026-01-20T00:12:25.7937357Z     ⏭️ Skipping execution of invalid step: Enter
2026-01-20T00:12:25.7937697Z   ▶️ [STEP step_5] DOUBLE_CLICK: Initial Task
2026-01-20T00:12:25.7994499Z     🔍 Mining locators for: 'Initial Task'
2026-01-20T00:12:25.8589942Z     🧠 Consulting AI (Vision-First) to find 'Initial Task'...
2026-01-20T00:12:25.8590943Z     🔍 Trying smart selectors for 'Initial Task'...
2026-01-20T00:12:25.9508827Z     🔍 [SMART] Searching for: 'Initial Task' (trying 15+ strategies)
2026-01-20T00:12:25.9511850Z     ⚠️ Smart selectors failed (no unique match). Falling back to AI Vision...
2026-01-20T00:12:25.9513520Z     🧠 [EXPERT] Strategy: Act as Senior SDET focusing on exploring the application to understand functional flow and identifying critical paths for end-to-end automation.
2026-01-20T00:12:30.5812945Z [DEBUG] Sending request to gemini-2.0-flash. Number of parts: 2
2026-01-20T00:12:30.5813573Z [DEBUG] Received response (Length: 255)
2026-01-20T00:12:30.5814416Z     💡 Expert Suggestion: The React example is likely linked from the GitHub repository or a demo page linked from there.
2026-01-20T00:12:30.5815419Z     🛠️ Executing corrective action: click -> 'Download View on GitHub Blog'
2026-01-20T00:12:30.6916177Z     🔄 Retry 1/3 mining locators for 'Initial Task'...
2026-01-20T00:12:31.7573718Z     🧠 Consulting AI (Vision-First) to find 'Initial Task'...
2026-01-20T00:12:31.7574522Z     🔍 Trying smart selectors for 'Initial Task'...
2026-01-20T00:12:31.8484443Z     🔍 [SMART] Searching for: 'Initial Task' (trying 15+ strategies)
2026-01-20T00:12:31.8485371Z     ⚠️ Smart selectors failed (no unique match). Falling back to AI Vision...
2026-01-20T00:12:31.8486971Z     🧠 [EXPERT] Strategy: Act as Senior SDET focusing on exploring the application to understand functional flow and identifying critical paths for end-to-end automation.
2026-01-20T00:12:31.8490107Z [CACHE HIT] 8d8f0046... (hits: 20, misses: 31)
2026-01-20T00:12:31.8491015Z     ⚠️ Skipping duplicate injection: Download View on GitHub Blog
2026-01-20T00:12:31.8491788Z     🔄 Retry 2/3 mining locators for 'Initial Task'...
2026-01-20T00:12:32.8504629Z     🗑️ Invalidating stale AI cache (retry 2)...
2026-01-20T00:12:32.9137003Z     🧠 Consulting AI (Vision-First) to find 'Initial Task'...
2026-01-20T00:12:32.9137542Z     🔍 Trying smart selectors for 'Initial Task'...
2026-01-20T00:12:33.0057782Z     🔍 [SMART] Searching for: 'Initial Task' (trying 15+ strategies)
2026-01-20T00:12:33.0058701Z     ⚠️ Smart selectors failed (no unique match). Falling back to AI Vision...
2026-01-20T00:12:33.0060431Z     🧠 [EXPERT] Strategy: Act as Senior SDET focusing on exploring the application to understand functional flow and identifying critical paths for end-to-end automation.
2026-01-20T00:12:33.0063825Z [CACHE HIT] 8d8f0046... (hits: 21, misses: 31)
2026-01-20T00:12:33.0064529Z     ⚠️ Skipping duplicate injection: Download View on GitHub Blog
2026-01-20T00:12:33.0065379Z     🧠 Verifying step validity for 'Initial Task' after no candidates found...
2026-01-20T00:12:35.7252940Z [DEBUG] Sending request to gemini-2.0-flash. Number of parts: 2
2026-01-20T00:12:35.7253372Z [DEBUG] Received response (Length: 251)
2026-01-20T00:12:35.7254685Z     🗑️ Step deemed INVALID: The current page is the TodoMVC landing page, not a specific Todo application (e.g., React). There is no 'Initial Task' element on this page. We need to navigate to the React example first.. Removing from workflow.
2026-01-20T00:12:35.7255742Z     ⏭️ Skipping execution of invalid step: Initial Task
2026-01-20T00:12:35.7256092Z   ▶️ [STEP step_6] TYPE: Initial Task
2026-01-20T00:12:35.7313003Z     🔍 Mining locators for: 'Initial Task'
2026-01-20T00:12:35.7908043Z     🧠 Consulting AI (Vision-First) to find 'Initial Task'...
2026-01-20T00:12:35.7908665Z     🔍 Trying smart selectors for 'Initial Task'...
2026-01-20T00:12:35.8799241Z     🔍 [SMART] Searching for: 'Initial Task' (trying 15+ strategies)
2026-01-20T00:12:35.8799885Z     ⚠️ Smart selectors failed (no unique match). Falling back to AI Vision...
2026-01-20T00:12:35.8801653Z     🧠 [EXPERT] Strategy: Act as Senior SDET focusing on exploring the application to understand functional flow and identifying critical paths for end-to-end automation.
2026-01-20T00:12:35.8806912Z [CACHE HIT] 8d8f0046... (hits: 22, misses: 32)
2026-01-20T00:12:35.8807943Z     💡 Expert Suggestion: The React example is likely linked from the GitHub repository or a demo page linked from there.
2026-01-20T00:12:35.8808673Z     🛠️ Executing corrective action: click -> 'Download View on GitHub Blog'
2026-01-20T00:12:35.9412778Z     🔄 Retry 1/3 mining locators for 'Initial Task'...
2026-01-20T00:12:37.0077858Z     🧠 Consulting AI (Vision-First) to find 'Initial Task'...
2026-01-20T00:12:37.0078687Z     🔍 Trying smart selectors for 'Initial Task'...
2026-01-20T00:12:37.0965661Z     🔍 [SMART] Searching for: 'Initial Task' (trying 15+ strategies)
2026-01-20T00:12:37.0966635Z     ⚠️ Smart selectors failed (no unique match). Falling back to AI Vision...
2026-01-20T00:12:37.0967920Z     🧠 [EXPERT] Strategy: Act as Senior SDET focusing on exploring the application to understand functional flow and identifying critical paths for end-to-end automation.
2026-01-20T00:12:37.0972272Z [CACHE HIT] 8d8f0046... (hits: 23, misses: 32)
2026-01-20T00:12:37.0973026Z     ⚠️ Skipping duplicate injection: Download View on GitHub Blog
2026-01-20T00:12:37.0973493Z     🔄 Retry 2/3 mining locators for 'Initial Task'...
2026-01-20T00:12:38.0985916Z     🗑️ Invalidating stale AI cache (retry 2)...
2026-01-20T00:12:38.2073516Z     🧠 Consulting AI (Vision-First) to find 'Initial Task'...
2026-01-20T00:12:38.2074326Z     🔍 Trying smart selectors for 'Initial Task'...
2026-01-20T00:12:38.2958251Z     🔍 [SMART] Searching for: 'Initial Task' (trying 15+ strategies)
2026-01-20T00:12:38.2959115Z     ⚠️ Smart selectors failed (no unique match). Falling back to AI Vision...
2026-01-20T00:12:38.2960051Z     🧠 [EXPERT] Strategy: Act as Senior SDET focusing on exploring the application to understand functional flow and identifying critical paths for end-to-end automation.
2026-01-20T00:12:38.2963860Z [CACHE HIT] 8d8f0046... (hits: 24, misses: 32)
2026-01-20T00:12:38.2964721Z     ⚠️ Skipping duplicate injection: Download View on GitHub Blog
2026-01-20T00:12:38.2965307Z     🧠 Verifying step validity for 'Initial Task' after no candidates found...
2026-01-20T00:12:38.2969010Z [CACHE HIT] 5c54b4c4... (hits: 25, misses: 32)
2026-01-20T00:12:38.2971231Z     🗑️ Step deemed INVALID: The current page is the TodoMVC landing page, not a specific Todo application (e.g., React). There is no 'Initial Task' element on this page. We need to navigate to the React example first.. Removing from workflow.
2026-01-20T00:12:38.2973037Z     ⏭️ Skipping execution of invalid step: Initial Task
2026-01-20T00:12:38.2973630Z   ▶️ [STEP step_7] PRESS: Enter
2026-01-20T00:12:38.3021170Z     🔍 Mining locators for: 'Enter'
2026-01-20T00:12:38.3744070Z     🧠 Consulting AI (Vision-First) to find 'Enter'...
2026-01-20T00:12:38.3744560Z     🔍 Trying smart selectors for 'Enter'...
2026-01-20T00:12:38.4503593Z     🔍 [SMART] Searching for: 'Enter' (trying 15+ strategies)
2026-01-20T00:12:38.4504397Z     ⚠️ Smart selectors failed (no unique match). Falling back to AI Vision...
2026-01-20T00:12:38.4505429Z     🧠 [EXPERT] Strategy: Act as Senior SDET focusing on exploring the application to understand functional flow and identifying critical paths for end-to-end automation.
2026-01-20T00:12:38.4509207Z [CACHE HIT] 44ac8991... (hits: 26, misses: 32)
2026-01-20T00:12:38.4510806Z     💡 Expert Suggestion: The 'Enter' key functionality is related to adding todos, which is likely within the React example. The GitHub blog might contain links or information about the React example.
2026-01-20T00:12:38.4511861Z     🛠️ Executing corrective action: click -> 'Download View on GitHub Blog'
2026-01-20T00:12:38.5239514Z     🔄 Retry 1/3 mining locators for 'Enter'...
2026-01-20T00:12:39.5902758Z     🧠 Consulting AI (Vision-First) to find 'Enter'...
2026-01-20T00:12:39.5903243Z     🔍 Trying smart selectors for 'Enter'...
2026-01-20T00:12:39.6652217Z     🔍 [SMART] Searching for: 'Enter' (trying 15+ strategies)
2026-01-20T00:12:39.6653168Z     ⚠️ Smart selectors failed (no unique match). Falling back to AI Vision...
2026-01-20T00:12:39.6654466Z     🧠 [EXPERT] Strategy: Act as Senior SDET focusing on exploring the application to understand functional flow and identifying critical paths for end-to-end automation.
2026-01-20T00:12:39.6658171Z [CACHE HIT] 44ac8991... (hits: 27, misses: 32)
2026-01-20T00:12:39.6658884Z     ⚠️ Skipping duplicate injection: Download View on GitHub Blog
2026-01-20T00:12:39.6659313Z     🔄 Retry 2/3 mining locators for 'Enter'...
2026-01-20T00:12:40.6672316Z     🗑️ Invalidating stale AI cache (retry 2)...
2026-01-20T00:12:40.7241568Z     🧠 Consulting AI (Vision-First) to find 'Enter'...
2026-01-20T00:12:40.7242245Z     🔍 Trying smart selectors for 'Enter'...
2026-01-20T00:12:40.8083999Z     🔍 [SMART] Searching for: 'Enter' (trying 15+ strategies)
2026-01-20T00:12:40.8085172Z     ⚠️ Smart selectors failed (no unique match). Falling back to AI Vision...
2026-01-20T00:12:40.8086100Z     🧠 [EXPERT] Strategy: Act as Senior SDET focusing on exploring the application to understand functional flow and identifying critical paths for end-to-end automation.
2026-01-20T00:12:40.8089588Z [CACHE HIT] 44ac8991... (hits: 28, misses: 32)
2026-01-20T00:12:40.8090587Z     ⚠️ Skipping duplicate injection: Download View on GitHub Blog
2026-01-20T00:12:40.8091133Z     🧠 Verifying step validity for 'Enter' after no candidates found...
2026-01-20T00:12:40.8094997Z [CACHE HIT] 2ba58dec... (hits: 29, misses: 32)
2026-01-20T00:12:40.8097133Z     🗑️ Step deemed INVALID: The current page is the TodoMVC landing page, not the React example. The 'Enter' element, which is the input field for adding todos, does not exist on this page. We need to navigate to the React example first.. Removing from workflow.
2026-01-20T00:12:40.8099015Z     ⏭️ Skipping execution of invalid step: Enter
2026-01-20T00:12:40.8099703Z   ▶️ [STEP step_8] ASSERT_VISIBLE: Initial Task (Edited)
2026-01-20T00:12:40.8147156Z     🔍 Mining locators for: 'Initial Task (Edited)'
2026-01-20T00:12:40.9242844Z     🧠 Consulting AI (Vision-First) to find 'Initial Task (Edited)'...
2026-01-20T00:12:40.9243817Z     🔍 Trying smart selectors for 'Initial Task (Edited)'...
2026-01-20T00:12:41.0196455Z     🔍 [SMART] Searching for: 'Initial Task (Edited)' (trying 15+ strategies)
2026-01-20T00:12:41.0197483Z     ⚠️ Smart selectors failed (no unique match). Falling back to AI Vision...
2026-01-20T00:12:41.0198434Z     🧠 [EXPERT] Strategy: Act as Senior SDET focusing on exploring the application to understand functional flow and identifying critical paths for end-to-end automation.
2026-01-20T00:12:42.4573606Z [DEBUG] Sending request to gemini-2.0-flash. Number of parts: 2
2026-01-20T00:12:42.4574039Z [DEBUG] Received response (Length: 279)
2026-01-20T00:12:42.4575000Z     💡 Expert Suggestion: The target 'Initial Task (Edited)' is likely within one of the TodoMVC examples, which are linked from the GitHub blog.
2026-01-20T00:12:42.4575869Z     🛠️ Executing corrective action: click -> 'Download View on GitHub Blog'
2026-01-20T00:12:42.5245788Z     🔄 Retry 1/3 mining locators for 'Initial Task (Edited)'...
2026-01-20T00:12:43.5911856Z     🧠 Consulting AI (Vision-First) to find 'Initial Task (Edited)'...
2026-01-20T00:12:43.5912453Z     🔍 Trying smart selectors for 'Initial Task (Edited)'...
2026-01-20T00:12:43.6877143Z     🔍 [SMART] Searching for: 'Initial Task (Edited)' (trying 15+ strategies)
2026-01-20T00:12:43.6878324Z     ⚠️ Smart selectors failed (no unique match). Falling back to AI Vision...
2026-01-20T00:12:43.6880527Z     🧠 [EXPERT] Strategy: Act as Senior SDET focusing on exploring the application to understand functional flow and identifying critical paths for end-to-end automation.
2026-01-20T00:12:43.6884956Z [CACHE HIT] 9077e5c3... (hits: 30, misses: 33)
2026-01-20T00:12:43.6885628Z     ⚠️ Skipping duplicate injection: Download View on GitHub Blog
2026-01-20T00:12:43.6886136Z     🔄 Retry 2/3 mining locators for 'Initial Task (Edited)'...
2026-01-20T00:12:44.6898748Z     🗑️ Invalidating stale AI cache (retry 2)...
2026-01-20T00:12:44.7574193Z     🧠 Consulting AI (Vision-First) to find 'Initial Task (Edited)'...
2026-01-20T00:12:44.7575001Z     🔍 Trying smart selectors for 'Initial Task (Edited)'...
2026-01-20T00:12:44.8547850Z     🔍 [SMART] Searching for: 'Initial Task (Edited)' (trying 15+ strategies)
2026-01-20T00:12:44.8548805Z     ⚠️ Smart selectors failed (no unique match). Falling back to AI Vision...
2026-01-20T00:12:44.8549754Z     🧠 [EXPERT] Strategy: Act as Senior SDET focusing on exploring the application to understand functional flow and identifying critical paths for end-to-end automation.
2026-01-20T00:12:44.8553476Z [CACHE HIT] 9077e5c3... (hits: 31, misses: 33)
2026-01-20T00:12:44.8554331Z     ⚠️ Skipping duplicate injection: Download View on GitHub Blog
2026-01-20T00:12:44.8555233Z     🧠 Verifying step validity for 'Initial Task (Edited)' after no candidates found...
2026-01-20T00:12:47.3881112Z [DEBUG] Sending request to gemini-2.0-flash. Number of parts: 2
2026-01-20T00:12:47.3881765Z [DEBUG] Received response (Length: 288)
2026-01-20T00:12:47.3883271Z     🗑️ Step deemed INVALID: The current page is the TodoMVC landing page, not the React example. Therefore, there are no todo items to interact with, and 'Initial Task (Edited)' does not exist on this page. We need to navigate to the React example first.. Removing from workflow.
2026-01-20T00:12:47.3884512Z     ⏭️ Skipping execution of invalid step: Initial Task (Edited)
2026-01-20T00:12:49.4243492Z 
2026-01-20T00:12:49.4243979Z [3/3] Exploring Scenario: Delete a Todo Item
2026-01-20T00:12:49.4245096Z     🧠 Initialized exploration context for goal: 'Adds a todo, then deletes it.'
2026-01-20T00:12:49.4245856Z     🎯 Scenario: Delete a Todo Item
2026-01-20T00:12:49.4246373Z   ▶️ [STEP step_1] NAVIGATE: 
2026-01-20T00:12:50.0632428Z     ✅ Navigated to https://todomvc.com/
2026-01-20T00:12:50.0633153Z   ▶️ [STEP step_2] CLICK: React
2026-01-20T00:12:50.0633465Z 										New
2026-01-20T00:12:50.0800164Z     🔍 Mining locators for: 'React
2026-01-20T00:12:50.0800865Z 										New'
2026-01-20T00:12:50.1569878Z     🧠 Consulting AI (Vision-First) to find 'React
2026-01-20T00:12:50.1570389Z 										New'...
2026-01-20T00:12:50.1570774Z     🔍 Trying smart selectors for 'React
2026-01-20T00:12:50.1571023Z 										New'...
2026-01-20T00:12:50.1585630Z     🔍 [SMART] Searching for: 'React
2026-01-20T00:12:50.1586108Z 										New' (trying 15+ strategies)
2026-01-20T00:12:50.1586932Z     ⚠️ Smart selector error: Locator.count: Unsupported token "BADSTRING" while parsing css selector "[data-testid='react
2026-01-20T00:12:50.1588014Z 										new']". Did you mean to CSS.escape it?. Falling back to AI Vision...
2026-01-20T00:12:50.1589562Z     🧠 [EXPERT] Strategy: Act as Senior SDET focusing on exploring the application to understand functional flow and identifying critical paths for end-to-end automation.
2026-01-20T00:12:50.1593616Z [CACHE HIT] c2ff83c6... (hits: 32, misses: 34)
2026-01-20T00:12:50.1594572Z     💡 Expert Suggestion: The target 'React New' is likely a link within the GitHub repository.
2026-01-20T00:12:50.1595256Z     🛠️ Executing corrective action: click -> 'Download View on GitHub Blog'
2026-01-20T00:12:50.2233501Z     🔄 Retry 1/3 mining locators for 'React
2026-01-20T00:12:50.2233863Z 										New'...
2026-01-20T00:12:51.3237847Z     🧠 Consulting AI (Vision-First) to find 'React
2026-01-20T00:12:51.3238340Z 										New'...
2026-01-20T00:12:51.3238603Z     🔍 Trying smart selectors for 'React
2026-01-20T00:12:51.3238965Z 										New'...
2026-01-20T00:12:51.3253768Z     🔍 [SMART] Searching for: 'React
2026-01-20T00:12:51.3254300Z 										New' (trying 15+ strategies)
2026-01-20T00:12:51.3255383Z     ⚠️ Smart selector error: Locator.count: Unsupported token "BADSTRING" while parsing css selector "[data-testid='react
2026-01-20T00:12:51.3256145Z 										new']". Did you mean to CSS.escape it?. Falling back to AI Vision...
2026-01-20T00:12:51.3257126Z     🧠 [EXPERT] Strategy: Act as Senior SDET focusing on exploring the application to understand functional flow and identifying critical paths for end-to-end automation.
2026-01-20T00:12:51.3260102Z [CACHE HIT] c2ff83c6... (hits: 33, misses: 34)
2026-01-20T00:12:51.3261176Z     ⚠️ Skipping duplicate injection: Download View on GitHub Blog
2026-01-20T00:12:51.3307748Z     🔄 Retry 2/3 mining locators for 'React
2026-01-20T00:12:51.3308027Z 										New'...
2026-01-20T00:12:52.3274378Z     🗑️ Invalidating stale AI cache (retry 2)...
2026-01-20T00:12:52.4066778Z     🧠 Consulting AI (Vision-First) to find 'React
2026-01-20T00:12:52.4067122Z 										New'...
2026-01-20T00:12:52.4067395Z     🔍 Trying smart selectors for 'React
2026-01-20T00:12:52.4067647Z 										New'...
2026-01-20T00:12:52.4082894Z     🔍 [SMART] Searching for: 'React
2026-01-20T00:12:52.4083412Z 										New' (trying 15+ strategies)
2026-01-20T00:12:52.4084693Z     ⚠️ Smart selector error: Locator.count: Unsupported token "BADSTRING" while parsing css selector "[data-testid='react
2026-01-20T00:12:52.4085334Z 										new']". Did you mean to CSS.escape it?. Falling back to AI Vision...
2026-01-20T00:12:52.4086247Z     🧠 [EXPERT] Strategy: Act as Senior SDET focusing on exploring the application to understand functional flow and identifying critical paths for end-to-end automation.
2026-01-20T00:12:52.4089147Z [CACHE HIT] c2ff83c6... (hits: 34, misses: 34)
2026-01-20T00:12:52.4089976Z     ⚠️ Skipping duplicate injection: Download View on GitHub Blog
2026-01-20T00:12:52.4090607Z     🧠 Verifying step validity for 'React
2026-01-20T00:12:52.4090890Z 										New' after no candidates found...
2026-01-20T00:12:52.4094354Z [CACHE HIT] 95c6c581... (hits: 35, misses: 34)
2026-01-20T00:12:52.4096455Z     🗑️ Step deemed INVALID: The element 'React New' is not visible on the current page. The page displays introductory text about TodoMVC and a link to the GitHub blog. We need to navigate to the actual React example page first.. Removing from workflow.
2026-01-20T00:12:52.4098326Z     ⏭️ Skipping execution of invalid step: React
2026-01-20T00:12:52.4098792Z 										New
2026-01-20T00:12:52.4099247Z   ▶️ [STEP step_3] FILL: What needs to be done?
2026-01-20T00:12:52.4149090Z     🔍 Mining locators for: 'What needs to be done?'
2026-01-20T00:12:52.4738276Z     🧠 Consulting AI (Vision-First) to find 'What needs to be done?'...
2026-01-20T00:12:52.4739208Z     🔍 Trying smart selectors for 'What needs to be done?'...
2026-01-20T00:12:52.5744431Z     🔍 [SMART] Searching for: 'What needs to be done?' (trying 15+ strategies)
2026-01-20T00:12:52.5745375Z     ⚠️ Smart selectors failed (no unique match). Falling back to AI Vision...
2026-01-20T00:12:52.5746520Z     🧠 [EXPERT] Strategy: Act as Senior SDET focusing on exploring the application to understand functional flow and identifying critical paths for end-to-end automation.
2026-01-20T00:12:52.5749657Z [CACHE HIT] 7ebbec17... (hits: 36, misses: 34)
2026-01-20T00:12:52.5750939Z     💡 Expert Suggestion: The target 'What needs to be done?' is part of the React example, which is likely hosted on the GitHub Blog.
2026-01-20T00:12:52.5751687Z     🛠️ Executing corrective action: click -> 'Download View on GitHub Blog'
2026-01-20T00:12:52.6402973Z     🔄 Retry 1/3 mining locators for 'What needs to be done?'...
2026-01-20T00:12:53.7081981Z     🧠 Consulting AI (Vision-First) to find 'What needs to be done?'...
2026-01-20T00:12:53.7082965Z     🔍 Trying smart selectors for 'What needs to be done?'...
2026-01-20T00:12:53.8039622Z     🔍 [SMART] Searching for: 'What needs to be done?' (trying 15+ strategies)
2026-01-20T00:12:53.8040551Z     ⚠️ Smart selectors failed (no unique match). Falling back to AI Vision...
2026-01-20T00:12:53.8042186Z     🧠 [EXPERT] Strategy: Act as Senior SDET focusing on exploring the application to understand functional flow and identifying critical paths for end-to-end automation.
2026-01-20T00:12:53.8047049Z [CACHE HIT] 7ebbec17... (hits: 37, misses: 34)
2026-01-20T00:12:53.8047649Z     ⚠️ Skipping duplicate injection: Download View on GitHub Blog
2026-01-20T00:12:53.8048131Z     🔄 Retry 2/3 mining locators for 'What needs to be done?'...
2026-01-20T00:12:54.8061844Z     🗑️ Invalidating stale AI cache (retry 2)...
2026-01-20T00:12:54.8734823Z     🧠 Consulting AI (Vision-First) to find 'What needs to be done?'...
2026-01-20T00:12:54.8735355Z     🔍 Trying smart selectors for 'What needs to be done?'...
2026-01-20T00:12:55.0113792Z     🔍 [SMART] Searching for: 'What needs to be done?' (trying 15+ strategies)
2026-01-20T00:12:55.0114930Z     ⚠️ Smart selectors failed (no unique match). Falling back to AI Vision...
2026-01-20T00:12:55.0115924Z     🧠 [EXPERT] Strategy: Act as Senior SDET focusing on exploring the application to understand functional flow and identifying critical paths for end-to-end automation.
2026-01-20T00:12:55.0120655Z [CACHE HIT] 7ebbec17... (hits: 38, misses: 34)
2026-01-20T00:12:55.0121537Z     ⚠️ Skipping duplicate injection: Download View on GitHub Blog
2026-01-20T00:12:55.0122119Z     🧠 Verifying step validity for 'What needs to be done?' after no candidates found...
2026-01-20T00:12:55.0125782Z [CACHE HIT] 936d69d9... (hits: 39, misses: 34)
2026-01-20T00:12:55.0128561Z     🗑️ Step deemed INVALID: The current page is the TodoMVC landing page, not the React example. The element 'What needs to be done?' does not exist on this page. We need to navigate to the React example first.. Removing from workflow.
2026-01-20T00:12:55.0130691Z     ⏭️ Skipping execution of invalid step: What needs to be done?
2026-01-20T00:12:55.0131345Z   ▶️ [STEP step_4] PRESS: Enter
2026-01-20T00:12:55.0177725Z     🔍 Mining locators for: 'Enter'
2026-01-20T00:12:55.0724445Z     🧠 Consulting AI (Vision-First) to find 'Enter'...
2026-01-20T00:12:55.0724887Z     🔍 Trying smart selectors for 'Enter'...
2026-01-20T00:12:55.1493613Z     🔍 [SMART] Searching for: 'Enter' (trying 15+ strategies)
2026-01-20T00:12:55.1494473Z     ⚠️ Smart selectors failed (no unique match). Falling back to AI Vision...
2026-01-20T00:12:55.1495457Z     🧠 [EXPERT] Strategy: Act as Senior SDET focusing on exploring the application to understand functional flow and identifying critical paths for end-to-end automation.
2026-01-20T00:12:55.1499300Z [CACHE HIT] 44ac8991... (hits: 40, misses: 34)
2026-01-20T00:12:55.1500802Z     💡 Expert Suggestion: The 'Enter' key functionality is related to adding todos, which is likely within the React example. The GitHub blog might contain links or information about the React example.
2026-01-20T00:12:55.1501790Z     🛠️ Executing corrective action: click -> 'Download View on GitHub Blog'
2026-01-20T00:12:55.2228858Z     🔄 Retry 1/3 mining locators for 'Enter'...
2026-01-20T00:12:56.2896669Z     🧠 Consulting AI (Vision-First) to find 'Enter'...
2026-01-20T00:12:56.2897098Z     🔍 Trying smart selectors for 'Enter'...
2026-01-20T00:12:56.3705748Z     🔍 [SMART] Searching for: 'Enter' (trying 15+ strategies)
2026-01-20T00:12:56.3706724Z     ⚠️ Smart selectors failed (no unique match). Falling back to AI Vision...
2026-01-20T00:12:56.3707696Z     🧠 [EXPERT] Strategy: Act as Senior SDET focusing on exploring the application to understand functional flow and identifying critical paths for end-to-end automation.
2026-01-20T00:12:56.3711488Z [CACHE HIT] 44ac8991... (hits: 41, misses: 34)
2026-01-20T00:12:56.3712228Z     ⚠️ Skipping duplicate injection: Download View on GitHub Blog
2026-01-20T00:12:56.3712650Z     🔄 Retry 2/3 mining locators for 'Enter'...
2026-01-20T00:12:57.3724810Z     🗑️ Invalidating stale AI cache (retry 2)...
2026-01-20T00:12:57.4396624Z     🧠 Consulting AI (Vision-First) to find 'Enter'...
2026-01-20T00:12:57.4397373Z     🔍 Trying smart selectors for 'Enter'...
2026-01-20T00:12:57.5148056Z     🔍 [SMART] Searching for: 'Enter' (trying 15+ strategies)
2026-01-20T00:12:57.5148931Z     ⚠️ Smart selectors failed (no unique match). Falling back to AI Vision...
2026-01-20T00:12:57.5151001Z     🧠 [EXPERT] Strategy: Act as Senior SDET focusing on exploring the application to understand functional flow and identifying critical paths for end-to-end automation.
2026-01-20T00:12:57.5153943Z [CACHE HIT] 44ac8991... (hits: 42, misses: 34)
2026-01-20T00:12:57.5154905Z     ⚠️ Skipping duplicate injection: Download View on GitHub Blog
2026-01-20T00:12:57.5155493Z     🧠 Verifying step validity for 'Enter' after no candidates found...
2026-01-20T00:12:57.5159133Z [CACHE HIT] 2ba58dec... (hits: 43, misses: 34)
2026-01-20T00:12:57.5161079Z     🗑️ Step deemed INVALID: The current page is the TodoMVC landing page, not the React example. The 'Enter' element, which is the input field for adding todos, does not exist on this page. We need to navigate to the React example first.. Removing from workflow.
2026-01-20T00:12:57.5162153Z     ⏭️ Skipping execution of invalid step: Enter
2026-01-20T00:12:57.5162488Z   ▶️ [STEP step_5] HOVER: Task to Delete
2026-01-20T00:12:57.5209239Z     🔍 Mining locators for: 'Task to Delete'
2026-01-20T00:12:57.5901085Z     🧠 Consulting AI (Vision-First) to find 'Task to Delete'...
2026-01-20T00:12:57.5901937Z     🔍 Trying smart selectors for 'Task to Delete'...
2026-01-20T00:12:57.6806957Z     🔍 [SMART] Searching for: 'Task to Delete' (trying 15+ strategies)
2026-01-20T00:12:57.6807828Z     ⚠️ Smart selectors failed (no unique match). Falling back to AI Vision...
2026-01-20T00:12:57.6808782Z     🧠 [EXPERT] Strategy: Act as Senior SDET focusing on exploring the application to understand functional flow and identifying critical paths for end-to-end automation.
2026-01-20T00:12:59.1293891Z [DEBUG] Sending request to gemini-2.0-flash. Number of parts: 2
2026-01-20T00:12:59.1294684Z [DEBUG] Received response (Length: 274)
2026-01-20T00:12:59.1296341Z     💡 Expert Suggestion: The target 'Task to Delete' is part of the React example, which is likely accessible through the GitHub Blog link.
2026-01-20T00:12:59.1297690Z     🛠️ Executing corrective action: click -> 'Download View on GitHub Blog'
2026-01-20T00:12:59.2394103Z     🔄 Retry 1/3 mining locators for 'Task to Delete'...
2026-01-20T00:13:00.3061965Z     🧠 Consulting AI (Vision-First) to find 'Task to Delete'...
2026-01-20T00:13:00.3062800Z     🔍 Trying smart selectors for 'Task to Delete'...
2026-01-20T00:13:00.3941191Z     🔍 [SMART] Searching for: 'Task to Delete' (trying 15+ strategies)
2026-01-20T00:13:00.3941891Z     ⚠️ Smart selectors failed (no unique match). Falling back to AI Vision...
2026-01-20T00:13:00.3943465Z     🧠 [EXPERT] Strategy: Act as Senior SDET focusing on exploring the application to understand functional flow and identifying critical paths for end-to-end automation.
2026-01-20T00:13:00.3948799Z [CACHE HIT] d8914758... (hits: 44, misses: 35)
2026-01-20T00:13:00.3949356Z     ⚠️ Skipping duplicate injection: Download View on GitHub Blog
2026-01-20T00:13:00.3949810Z     🔄 Retry 2/3 mining locators for 'Task to Delete'...
2026-01-20T00:13:01.3962402Z     🗑️ Invalidating stale AI cache (retry 2)...
2026-01-20T00:13:01.4561495Z     🧠 Consulting AI (Vision-First) to find 'Task to Delete'...
2026-01-20T00:13:01.4561990Z     🔍 Trying smart selectors for 'Task to Delete'...
2026-01-20T00:13:01.5447851Z     🔍 [SMART] Searching for: 'Task to Delete' (trying 15+ strategies)
2026-01-20T00:13:01.5448499Z     ⚠️ Smart selectors failed (no unique match). Falling back to AI Vision...
2026-01-20T00:13:01.5450490Z     🧠 [EXPERT] Strategy: Act as Senior SDET focusing on exploring the application to understand functional flow and identifying critical paths for end-to-end automation.
2026-01-20T00:13:01.5455840Z [CACHE HIT] d8914758... (hits: 45, misses: 35)
2026-01-20T00:13:01.5456599Z     ⚠️ Skipping duplicate injection: Download View on GitHub Blog
2026-01-20T00:13:01.5457486Z     🧠 Verifying step validity for 'Task to Delete' after no candidates found...
2026-01-20T00:13:04.1211037Z [DEBUG] Sending request to gemini-2.0-flash. Number of parts: 2
2026-01-20T00:13:04.1211674Z [DEBUG] Received response (Length: 284)
2026-01-20T00:13:04.1214373Z     🗑️ Step deemed INVALID: The current page is the landing page of TodoMVC, not the React example. Therefore, there are no todo items to interact with, and 'Task to Delete' does not exist on this page. We need to navigate to the React example first.. Removing from workflow.
2026-01-20T00:13:04.1215609Z     ⏭️ Skipping execution of invalid step: Task to Delete
2026-01-20T00:13:04.1215979Z   ▶️ [STEP step_6] CLICK: delete
2026-01-20T00:13:04.1269789Z     🔍 Mining locators for: 'delete'
2026-01-20T00:13:04.1892146Z     🧠 Consulting AI (Vision-First) to find 'delete'...
2026-01-20T00:13:04.1892770Z     🔍 Trying smart selectors for 'delete'...
2026-01-20T00:13:04.2652989Z     🔍 [SMART] Searching for: 'delete' (trying 15+ strategies)
2026-01-20T00:13:04.2653746Z     ⚠️ Smart selectors failed (no unique match). Falling back to AI Vision...
2026-01-20T00:13:04.2655698Z     🧠 [EXPERT] Strategy: Act as Senior SDET focusing on exploring the application to understand functional flow and identifying critical paths for end-to-end automation.
2026-01-20T00:13:09.2566490Z [DEBUG] Sending request to gemini-2.0-flash. Number of parts: 2
2026-01-20T00:13:09.2567360Z [DEBUG] Received response (Length: 431)
2026-01-20T00:13:09.2570971Z     💡 Expert Suggestion: The current page is the landing page for TodoMVC. To find the React example and the 'delete' button, we need to navigate to one of the example applications. Clicking the 'Download View on GitHub Blog' link might lead to a page with links to the different implementations.
2026-01-20T00:13:09.2573754Z     🛠️ Executing corrective action: click -> 'Download View on GitHub Blog'
2026-01-20T00:13:09.3228645Z     🔄 Retry 1/3 mining locators for 'delete'...
2026-01-20T00:13:10.4219402Z     🧠 Consulting AI (Vision-First) to find 'delete'...
2026-01-20T00:13:10.4219836Z     🔍 Trying smart selectors for 'delete'...
2026-01-20T00:13:10.4969702Z     🔍 [SMART] Searching for: 'delete' (trying 15+ strategies)
2026-01-20T00:13:10.4970596Z     ⚠️ Smart selectors failed (no unique match). Falling back to AI Vision...
2026-01-20T00:13:10.4972504Z     🧠 [EXPERT] Strategy: Act as Senior SDET focusing on exploring the application to understand functional flow and identifying critical paths for end-to-end automation.
2026-01-20T00:13:10.4977540Z [CACHE HIT] 8acb17cf... (hits: 46, misses: 37)
2026-01-20T00:13:10.4978071Z     ⚠️ Skipping duplicate injection: Download View on GitHub Blog
2026-01-20T00:13:10.4978536Z     🔄 Retry 2/3 mining locators for 'delete'...
2026-01-20T00:13:11.4991379Z     🗑️ Invalidating stale AI cache (retry 2)...
2026-01-20T00:13:11.5723892Z     🧠 Consulting AI (Vision-First) to find 'delete'...
2026-01-20T00:13:11.5724343Z     🔍 Trying smart selectors for 'delete'...
2026-01-20T00:13:11.6490885Z     🔍 [SMART] Searching for: 'delete' (trying 15+ strategies)
2026-01-20T00:13:11.6491858Z     ⚠️ Smart selectors failed (no unique match). Falling back to AI Vision...
2026-01-20T00:13:11.6492801Z     🧠 [EXPERT] Strategy: Act as Senior SDET focusing on exploring the application to understand functional flow and identifying critical paths for end-to-end automation.
2026-01-20T00:13:11.6497200Z [CACHE HIT] 8acb17cf... (hits: 47, misses: 37)
2026-01-20T00:13:11.6498039Z     ⚠️ Skipping duplicate injection: Download View on GitHub Blog
2026-01-20T00:13:11.6498557Z     🧠 Verifying step validity for 'delete' after no candidates found...
2026-01-20T00:13:13.9425199Z [DEBUG] Sending request to gemini-2.0-flash. Number of parts: 2
2026-01-20T00:13:13.9425877Z [DEBUG] Received response (Length: 204)
2026-01-20T00:13:13.9427908Z     🗑️ Step deemed INVALID: The current page is the landing page of TodoMVC, not the React example. Therefore, there are no todo items or delete buttons to interact with.. Removing from workflow.
2026-01-20T00:13:13.9429675Z     ⏭️ Skipping execution of invalid step: delete
2026-01-20T00:13:13.9430638Z   ▶️ [STEP step_7] ASSERT_VISIBLE: No items left
2026-01-20T00:13:13.9486893Z     🔍 Mining locators for: 'No items left'
2026-01-20T00:13:14.0056158Z     🧠 Consulting AI (Vision-First) to find 'No items left'...
2026-01-20T00:13:14.0056982Z     🔍 Trying smart selectors for 'No items left'...
2026-01-20T00:13:14.1059914Z     🔍 [SMART] Searching for: 'No items left' (trying 15+ strategies)
2026-01-20T00:13:14.1061338Z     ⚠️ Smart selectors failed (no unique match). Falling back to AI Vision...
2026-01-20T00:13:14.1062297Z     🧠 [EXPERT] Strategy: Act as Senior SDET focusing on exploring the application to understand functional flow and identifying critical paths for end-to-end automation.
2026-01-20T00:13:19.0746331Z [DEBUG] Sending request to gemini-2.0-flash. Number of parts: 2
2026-01-20T00:13:19.0747003Z [DEBUG] Received response (Length: 317)
2026-01-20T00:13:19.0749006Z     💡 Expert Suggestion: The 'No items left' message is part of the React TodoMVC example, which is likely linked from the GitHub blog or from the main page by selecting a framework.
2026-01-20T00:13:19.0751193Z     🛠️ Executing corrective action: click -> 'Download View on GitHub Blog'
2026-01-20T00:13:19.1394202Z     🔄 Retry 1/3 mining locators for 'No items left'...
2026-01-20T00:13:20.2118331Z     🧠 Consulting AI (Vision-First) to find 'No items left'...
2026-01-20T00:13:20.2119153Z     🔍 Trying smart selectors for 'No items left'...
2026-01-20T00:13:20.3115172Z     🔍 [SMART] Searching for: 'No items left' (trying 15+ strategies)
2026-01-20T00:13:20.3115921Z     ⚠️ Smart selectors failed (no unique match). Falling back to AI Vision...
2026-01-20T00:13:20.3117312Z     🧠 [EXPERT] Strategy: Act as Senior SDET focusing on exploring the application to understand functional flow and identifying critical paths for end-to-end automation.
2026-01-20T00:13:20.3121358Z [CACHE HIT] 387e23cf... (hits: 48, misses: 39)
2026-01-20T00:13:20.3122077Z     ⚠️ Skipping duplicate injection: Download View on GitHub Blog
2026-01-20T00:13:20.3122791Z     🔄 Retry 2/3 mining locators for 'No items left'...
2026-01-20T00:13:21.3135187Z     🗑️ Invalidating stale AI cache (retry 2)...
2026-01-20T00:13:21.3715833Z     🧠 Consulting AI (Vision-First) to find 'No items left'...
2026-01-20T00:13:21.3716582Z     🔍 Trying smart selectors for 'No items left'...
2026-01-20T00:13:21.5135602Z     🔍 [SMART] Searching for: 'No items left' (trying 15+ strategies)
2026-01-20T00:13:21.5136443Z     ⚠️ Smart selectors failed (no unique match). Falling back to AI Vision...
2026-01-20T00:13:21.5137379Z     🧠 [EXPERT] Strategy: Act as Senior SDET focusing on exploring the application to understand functional flow and identifying critical paths for end-to-end automation.
2026-01-20T00:13:21.5141504Z [CACHE HIT] 387e23cf... (hits: 49, misses: 39)
2026-01-20T00:13:21.5142357Z     ⚠️ Skipping duplicate injection: Download View on GitHub Blog
2026-01-20T00:13:21.5142921Z     🧠 Verifying step validity for 'No items left' after no candidates found...
2026-01-20T00:13:23.9306730Z [DEBUG] Sending request to gemini-2.0-flash. Number of parts: 2
2026-01-20T00:13:23.9307359Z [DEBUG] Received response (Length: 249)
2026-01-20T00:13:23.9309559Z     🗑️ Step deemed INVALID: The current page is the landing page of TodoMVC, not the React example. Therefore, the element 'No items left' does not exist on this page. We need to navigate to the React example first.. Removing from workflow.
2026-01-20T00:13:23.9311485Z     ⏭️ Skipping execution of invalid step: No items left
2026-01-20T00:13:25.9660651Z 🗂️  All generated tests written to /home/runner/work/build_qa_automation/build_qa_automation/projects/edge_todomvc_react/tests/generated_scenarios.json
2026-01-20T00:13:25.9661759Z 
2026-01-20T00:13:25.9662286Z 📝 Processing scenario 'Add and Complete Todos in React' with 11 steps
2026-01-20T00:13:25.9663104Z   🔍 Step 2 (click): Found 1 mined locators
2026-01-20T00:13:25.9663863Z       ⚠️ Skipping positional locator: paper-tab:nth-child(2)...
2026-01-20T00:13:25.9666384Z   ⚠️  No robust locators passed filtering. Executor will use fallback strategies.
2026-01-20T00:13:25.9667206Z   🔍 Step 3 (click): Found 13 mined locators
2026-01-20T00:13:25.9670096Z       ✅ Kept robust locator (0.80): role=tab[name='JavaScript']...
2026-01-20T00:13:25.9671380Z       ✅ Kept robust locator (0.80): role=link[name='JavaScript ES5 New']...
2026-01-20T00:13:25.9674009Z       ✅ Kept robust locator (0.80): role=link[name='JavaScript ES6 New']...
2026-01-20T00:13:25.9674995Z       ✅ Kept robust locator (0.80): role=link[name='JavaScript ES5']...
2026-01-20T00:13:25.9675850Z       ✅ Kept robust locator (0.80): role=link[name='JavaScript ES6']...
2026-01-20T00:13:25.9676619Z       ✅ Kept robust locator (0.70): text='JavaScript'...
2026-01-20T00:13:25.9677293Z       ✅ Kept robust locator (0.70): text=JavaScript Compile-to-JS Labs...
2026-01-20T00:13:25.9678132Z       ✅ Kept robust locator (0.70): text=These are applications written in programming...
2026-01-20T00:13:25.9679040Z       ✅ Kept robust locator (0.70): text=Developers have a number of choices today whe...
2026-01-20T00:13:25.9679840Z       ✅ Kept robust locator (0.70): text=JavaScript ES5 New...
2026-01-20T00:13:25.9680483Z       ✅ Kept robust locator (0.70): text=JavaScript ES6 New...
2026-01-20T00:13:25.9680920Z       ✅ Kept robust locator (0.70): text=JavaScript ES5...
2026-01-20T00:13:25.9681294Z       ✅ Kept robust locator (0.70): text=JavaScript ES6...
2026-01-20T00:13:25.9681674Z   💾 Saved 3 robust locators (top stability: 0.80)
2026-01-20T00:13:25.9682013Z   🔍 Step 4 (click): Found 3 mined locators
2026-01-20T00:13:25.9682395Z       ✅ Kept robust locator (0.80): role=link[name='Preact New']...
2026-01-20T00:13:25.9682840Z       ✅ Kept robust locator (0.80): role=link[name='React New']...
2026-01-20T00:13:25.9683228Z       ✅ Kept robust locator (0.70): text=Preact New...
2026-01-20T00:13:25.9683577Z   💾 Saved 3 robust locators (top stability: 0.80)
2026-01-20T00:13:25.9683896Z   🔍 Step 5 (fill): Found 1 mined locators
2026-01-20T00:13:25.9684314Z       ✅ Kept robust locator (0.95): input[placeholder='What needs to be done?']...
2026-01-20T00:13:25.9684813Z   💾 Saved 1 robust locators (top stability: 0.95)
2026-01-20T00:13:25.9685329Z   🔍 Step 7 (fill): Found 2 mined locators
2026-01-20T00:13:25.9686084Z       ✅ Kept robust locator (0.80): role=textbox[name='What needs to be done?']...
2026-01-20T00:13:25.9686847Z       ⚠️ Skipping low-confidence locator (0.60): [placeholder='What needs to be done?']...
2026-01-20T00:13:25.9687622Z   💾 Saved 1 robust locators (top stability: 0.80)
2026-01-20T00:13:25.9688098Z   🔍 Step 8 (press): Found 1 mined locators
2026-01-20T00:13:25.9688568Z       ✅ Kept robust locator (0.90): .new-todo...
2026-01-20T00:13:25.9689015Z   💾 Saved 1 robust locators (top stability: 0.90)
2026-01-20T00:13:25.9689496Z   🔍 Step 9 (fill): Found 2 mined locators
2026-01-20T00:13:25.9690049Z       ✅ Kept robust locator (0.80): role=textbox[name='What needs to be done?']...
2026-01-20T00:13:25.9690959Z       ⚠️ Skipping low-confidence locator (0.60): [placeholder='What needs to be done?']...
2026-01-20T00:13:25.9691574Z   💾 Saved 1 robust locators (top stability: 0.80)
2026-01-20T00:13:25.9692195Z   🔍 Step 10 (fill): Found 2 mined locators
2026-01-20T00:13:25.9693004Z       ✅ Kept robust locator (0.80): role=textbox[name='What needs to be done?']...
2026-01-20T00:13:25.9694125Z       ⚠️ Skipping low-confidence locator (0.60): [placeholder='What needs to be done?']...
2026-01-20T00:13:25.9695079Z   💾 Saved 1 robust locators (top stability: 0.80)
2026-01-20T00:13:25.9695992Z ✅ Updated scenario 'Add and Complete Todos in React' with 11 validated steps
2026-01-20T00:13:25.9696548Z 
2026-01-20T00:13:25.9696909Z 📝 Processing scenario 'Edit a Todo Item' with 1 steps
2026-01-20T00:13:25.9697691Z ✅ Updated scenario 'Edit a Todo Item' with 1 validated steps
2026-01-20T00:13:25.9698105Z 
2026-01-20T00:13:25.9698398Z 📝 Processing scenario 'Delete a Todo Item' with 1 steps
2026-01-20T00:13:25.9699093Z ✅ Updated scenario 'Delete a Todo Item' with 1 validated steps
2026-01-20T00:13:25.9699859Z 🔄 Updated workflow.json with discovered steps and locators.
2026-01-20T00:13:25.9700547Z 
2026-01-20T00:13:25.9700652Z ============================================================
2026-01-20T00:13:25.9701011Z 📊 EXPLORER PERFORMANCE SUMMARY
2026-01-20T00:13:25.9701261Z ============================================================
2026-01-20T00:13:25.9701443Z 
2026-01-20T00:13:25.9701672Z 🔍 Locator Mining:
2026-01-20T00:13:25.9701907Z    • Total Locators Mined: 25
2026-01-20T00:13:25.9702171Z    • Filtered Out (Brittle): 4 (16.0%)
2026-01-20T00:13:25.9702454Z    • Saved to Golden Path: 11 (44.0%)
2026-01-20T00:13:25.9702617Z 
2026-01-20T00:13:25.9702723Z ⚠️  Filtering Breakdown:
2026-01-20T00:13:25.9702966Z    • Low Confidence (<0.75): 3
2026-01-20T00:13:25.9703214Z    • Positional Selectors: 1
2026-01-20T00:13:25.9703352Z 
2026-01-20T00:13:25.9703455Z ✅ Golden Path Quality:
2026-01-20T00:13:25.9703737Z    ⚠️  FAIR - Only 44.0% of mined locators are robust.
2026-01-20T00:13:25.9703948Z 
2026-01-20T00:13:25.9704040Z ============================================================
2026-01-20T00:13:25.9704242Z 
2026-01-20T00:13:25.9704356Z ✅ Deep Exploration Complete.
2026-01-20T00:13:53.7181229Z 
2026-01-20T00:13:53.7182001Z 🚀 [EXECUTE] Starting Automation Execution Engine
2026-01-20T00:13:53.7182547Z 📍 Project: edge_todomvc_react
2026-01-20T00:13:53.7182982Z 🎬 Mode: Headless
2026-01-20T00:13:53.7183221Z 
2026-01-20T00:13:53.7183444Z --- Scenario: Add and Complete Todos in React ---
2026-01-20T00:13:53.7184069Z   ▶️  [STEP step_1] NAVIGATE: NAVIGATE
2026-01-20T00:13:53.7184544Z     ✅ Step step_1 Passed.
2026-01-20T00:13:53.7184991Z   ▶️  [STEP step_2] ASSERT_URL: ASSERT_URL
2026-01-20T00:13:53.7185460Z     ✅ Step step_2 Passed.
2026-01-20T00:13:53.7185889Z   ▶️  [STEP step_2_ai_1] CLICK: Compile-to-JS
2026-01-20T00:13:53.7186185Z     ✅ Step step_2_ai_1 Passed.
2026-01-20T00:13:53.7186452Z   ▶️  [STEP step_2_ai_2] CLICK: JavaScript
2026-01-20T00:13:53.7186798Z     🔍 Trying 3 validated locators from golden path...
2026-01-20T00:13:53.7187312Z     ✅ SUCCESS! Locator #1: role=tab[name='JavaScript']... (method: unknown, stability: 0.80)
2026-01-20T00:13:53.7187769Z     ✅ Step step_2_ai_2 Passed.
2026-01-20T00:13:53.7188041Z   ▶️  [STEP step_2_ai_3] CLICK: React New
2026-01-20T00:13:53.7188374Z     🔍 Trying 3 validated locators from golden path...
2026-01-20T00:13:53.7188891Z     ✅ SUCCESS! Locator #1: role=link[name='Preact New']... (method: unknown, stability: 0.80)
2026-01-20T00:13:53.7189325Z     ✅ Step step_2_ai_3 Passed.
2026-01-20T00:13:53.7189622Z   ▶️  [STEP step_2_ai_4] FILL: What needs to be done?
2026-01-20T00:13:53.7189976Z     🔍 Trying 1 validated locators from golden path...
2026-01-20T00:13:53.7190827Z     ✅ SUCCESS! Locator #1: input[placeholder='What needs to be done?']... (method: unknown, stability: 0.95)
2026-01-20T00:13:53.7191318Z     ✅ Step step_2_ai_4 Passed.
2026-01-20T00:13:53.7191585Z   ▶️  [STEP step_4] ASSERT_URL: ASSERT_URL
2026-01-20T00:13:53.7191868Z     ✅ Step step_4 Passed.
2026-01-20T00:13:53.7192137Z   ▶️  [STEP step_5] FILL: What needs to be done?
2026-01-20T00:13:53.7192496Z     🔍 Trying 1 validated locators from golden path...
2026-01-20T00:13:53.7193035Z     ✅ SUCCESS! Locator #1: role=textbox[name='What needs to be done?']... (method: unknown, stability: 0.80)
2026-01-20T00:13:53.7193499Z     ✅ Step step_5 Passed.
2026-01-20T00:13:53.7193967Z   ▶️  [STEP step_6] PRESS: Enter
2026-01-20T00:13:53.7194300Z     🔍 Trying 1 validated locators from golden path...
2026-01-20T00:13:53.7194733Z     ✅ SUCCESS! Locator #1: .new-todo... (method: unknown, stability: 0.90)
2026-01-20T00:13:53.7195114Z     ✅ Step step_6 Passed.
2026-01-20T00:13:53.7195393Z   ▶️  [STEP step_7] FILL: What needs to be done?
2026-01-20T00:13:53.7195766Z     🔍 Trying 1 validated locators from golden path...
2026-01-20T00:13:53.7196319Z     ✅ SUCCESS! Locator #1: role=textbox[name='What needs to be done?']... (method: unknown, stability: 0.80)
2026-01-20T00:13:53.7196794Z     ✅ Step step_7 Passed.
2026-01-20T00:13:53.7197062Z   ▶️  [STEP step_9] FILL: What needs to be done?
2026-01-20T00:13:53.7197583Z     🔍 Trying 1 validated locators from golden path...
2026-01-20T00:13:53.7198153Z     ✅ SUCCESS! Locator #1: role=textbox[name='What needs to be done?']... (method: unknown, stability: 0.80)
2026-01-20T00:13:53.7198618Z     ✅ Step step_9 Passed.
2026-01-20T00:13:53.7198978Z ✅ Scenario 'Add and Complete Todos in React' completed successfully!
2026-01-20T00:13:53.7199243Z 
2026-01-20T00:13:53.7199341Z --- Scenario: Edit a Todo Item ---
2026-01-20T00:13:53.7199627Z   ▶️  [STEP step_1] NAVIGATE: NAVIGATE
2026-01-20T00:13:53.7199890Z     ✅ Step step_1 Passed.
2026-01-20T00:13:53.7200179Z ✅ Scenario 'Edit a Todo Item' completed successfully!
2026-01-20T00:13:53.7200653Z 
2026-01-20T00:13:53.7200755Z --- Scenario: Delete a Todo Item ---
2026-01-20T00:13:53.7201055Z   ▶️  [STEP step_1] NAVIGATE: NAVIGATE
2026-01-20T00:13:53.7201314Z     ✅ Step step_1 Passed.
2026-01-20T00:13:53.7201618Z ✅ Scenario 'Delete a Todo Item' completed successfully!
2026-01-20T00:13:53.7201836Z 
2026-01-20T00:13:53.7201958Z ============================================================
2026-01-20T00:13:53.7202256Z 🎯 EXECUTION SUMMARY
2026-01-20T00:13:53.7202464Z ============================================================
2026-01-20T00:13:53.7202656Z 
2026-01-20T00:13:53.7202753Z 📋 Scenario Overview:
2026-01-20T00:13:53.7203007Z    • Total Scenarios Planned: 3
2026-01-20T00:13:53.7203264Z    • Scenarios Executed: 3
2026-01-20T00:13:53.7203504Z    • Total Steps Executed: 13
2026-01-20T00:13:53.7203651Z 
2026-01-20T00:13:53.7203734Z ✅ Results:
2026-01-20T00:13:53.7203926Z    ✅ Passed: 3 (100%)
2026-01-20T00:13:53.7204041Z 
2026-01-20T00:13:53.7204139Z ============================================================
2026-01-20T00:13:53.7204318Z 
2026-01-20T00:13:53.7204809Z 🏁 Execution Finished. Report: /home/runner/work/build_qa_automation/build_qa_automation/projects/edge_todomvc_react/execution.json
2026-01-20T00:13:53.7205293Z 
2026-01-20T00:13:53.7205384Z ============================================================
2026-01-20T00:13:53.7205697Z 📊 EXECUTOR PERFORMANCE SUMMARY
2026-01-20T00:13:53.7205934Z ============================================================
2026-01-20T00:13:53.7206108Z 
2026-01-20T00:13:53.7206212Z 🎯 Execution Results:
2026-01-20T00:13:53.7206422Z    • Total Steps: 13
2026-01-20T00:13:53.7206694Z    • First-Attempt Success: 13 (100.0%)
2026-01-20T00:13:53.7207085Z    • Required AI Healing: 0 (0.0%)
2026-01-20T00:13:53.7207355Z    • Final Failures: 0 (0.0%)
2026-01-20T00:13:53.7207499Z 
2026-01-20T00:13:53.7207614Z 🛤️  Golden Path Effectiveness:
2026-01-20T00:13:53.7207873Z    • Steps with Mined Locators: 7
2026-01-20T00:13:53.7208129Z    • Golden Path Hits: 7 (100.0%)
2026-01-20T00:13:53.7208377Z    • Golden Path Misses: 0
2026-01-20T00:13:53.7208625Z    • Fallback Used (No Locators): 6
2026-01-20T00:13:53.7208783Z 
2026-01-20T00:13:53.7208887Z 📈 Overall Assessment:
2026-01-20T00:13:53.7209160Z    🌟 EXCELLENT! Golden path is working perfectly.
2026-01-20T00:13:53.7209362Z 
2026-01-20T00:13:53.7209494Z 🎯 vs Target (100% Flawless):
2026-01-20T00:13:53.7209789Z    ✅ TARGET ACHIEVED! 100% first-attempt success!
2026-01-20T00:13:53.7209991Z 
2026-01-20T00:13:53.7210082Z ============================================================
2026-01-20T00:13:53.8358277Z 
2026-01-20T00:13:53.8358858Z [PHASE] Running Phase: DISCOVERY
2026-01-20T00:13:53.8361304Z    Command: /opt/hostedtoolcache/Python/3.11.14/x64/bin/python /home/runner/work/build_qa_automation/build_qa_automation/core/agents/discovery.py --project /home/runner/work/build_qa_automation/build_qa_automation/projects/edge_todomvc_react --url https://todomvc.com/ --deep
2026-01-20T00:13:53.8365045Z ✅ Phase 'discovery' completed successfully.
2026-01-20T00:13:53.8365370Z 
2026-01-20T00:13:53.8365521Z [PHASE] Running Phase: PLANNING
2026-01-20T00:13:53.8367883Z    Command: /opt/hostedtoolcache/Python/3.11.14/x64/bin/python /home/runner/work/build_qa_automation/build_qa_automation/core/agents/planner.py --project /home/runner/work/build_qa_automation/build_qa_automation/projects/edge_todomvc_react --goal Navigate to React example, add 3 todos with text 'Task 1', 'Task 2', 'Task 3', mark Task 1 as complete, verify 2 active items --url https://todomvc.com/ --deep
2026-01-20T00:13:53.8369746Z ✅ Phase 'planning' completed successfully.
2026-01-20T00:13:53.8369953Z 
2026-01-20T00:13:53.8370056Z [PHASE] Running Phase: EXPLORATION
2026-01-20T00:13:53.8371311Z    Command: /opt/hostedtoolcache/Python/3.11.14/x64/bin/python /home/runner/work/build_qa_automation/build_qa_automation/core/agents/deep_explorer.py --project /home/runner/work/build_qa_automation/build_qa_automation/projects/edge_todomvc_react
2026-01-20T00:13:53.8372346Z ✅ Phase 'exploration' completed successfully.
2026-01-20T00:13:53.8372724Z 📊 Exploration Discovery Success Rate: 70.0%
2026-01-20T00:13:53.8372914Z 
2026-01-20T00:13:53.8373009Z [PHASE] Running Phase: EXECUTION
2026-01-20T00:13:53.8373911Z    Command: /opt/hostedtoolcache/Python/3.11.14/x64/bin/python /home/runner/work/build_qa_automation/build_qa_automation/core/agents/executor.py --project /home/runner/work/build_qa_automation/build_qa_automation/projects/edge_todomvc_react
2026-01-20T00:13:53.8374897Z ✅ Phase 'execution' completed successfully.
2026-01-20T00:13:53.8375085Z 
2026-01-20T00:13:53.8375184Z [DONE] Pipeline Execution Finished! [DONE]
2026-01-20T00:13:53.9244921Z ##[group]Run RESULT_FILE="projects/edge_todomvc_react/execution.json"
2026-01-20T00:13:53.9245457Z [36;1mRESULT_FILE="projects/edge_todomvc_react/execution.json"[0m
2026-01-20T00:13:53.9245889Z [36;1mWORKFLOW_FILE="projects/edge_todomvc_react/workflow.json"[0m
2026-01-20T00:13:53.9246213Z [36;1m[0m
2026-01-20T00:13:53.9246487Z [36;1mecho "## 📊 Results for todomvc_react" >> $GITHUB_STEP_SUMMARY[0m
2026-01-20T00:13:53.9246855Z [36;1mecho "" >> $GITHUB_STEP_SUMMARY[0m
2026-01-20T00:13:53.9247098Z [36;1m[0m
2026-01-20T00:13:53.9247332Z [36;1mif [ -f "$RESULT_FILE" ]; then[0m
2026-01-20T00:13:53.9247656Z [36;1m  echo "✅ Execution completed" >> $GITHUB_STEP_SUMMARY[0m
2026-01-20T00:13:53.9247996Z [36;1m  [0m
2026-01-20T00:13:53.9248180Z [36;1m  # Extract metrics[0m
2026-01-20T00:13:53.9248531Z [36;1m  TOTAL=$(jq -r '.scenarios | length' "$RESULT_FILE" 2>/dev/null || echo "0")[0m
2026-01-20T00:13:53.9249163Z [36;1m  PASSED=$(jq -r '[.scenarios[] | select(.status=="passed")] | length' "$RESULT_FILE" 2>/dev/null || echo "0")[0m
2026-01-20T00:13:53.9249624Z [36;1m  [0m
2026-01-20T00:13:53.9249864Z [36;1m  echo "- **Scenarios:** ${TOTAL}" >> $GITHUB_STEP_SUMMARY[0m
2026-01-20T00:13:53.9250458Z [36;1m  echo "- **Passed:** ${PASSED}" >> $GITHUB_STEP_SUMMARY[0m
2026-01-20T00:13:53.9250893Z [36;1m  echo "- **Success Rate:** $((PASSED * 100 / TOTAL))%" >> $GITHUB_STEP_SUMMARY[0m
2026-01-20T00:13:53.9251276Z [36;1m  echo "" >> $GITHUB_STEP_SUMMARY[0m
2026-01-20T00:13:53.9251513Z [36;1m  [0m
2026-01-20T00:13:53.9251690Z [36;1m  # Show scenarios generated[0m
2026-01-20T00:13:53.9251948Z [36;1m  if [ -f "$WORKFLOW_FILE" ]; then[0m
2026-01-20T00:13:53.9252363Z [36;1m    SCENARIO_COUNT=$(jq -r '.scenarios | length' "$WORKFLOW_FILE" 2>/dev/null || echo "0")[0m
2026-01-20T00:13:53.9252917Z [36;1m    echo "📋 **Generated Scenarios:** ${SCENARIO_COUNT}" >> $GITHUB_STEP_SUMMARY[0m
2026-01-20T00:13:53.9253494Z [36;1m    jq -r '.scenarios[] | "  - \(.name)"' "$WORKFLOW_FILE" 2>/dev/null >> $GITHUB_STEP_SUMMARY || true[0m
2026-01-20T00:13:53.9253917Z [36;1m  fi[0m
2026-01-20T00:13:53.9254087Z [36;1melse[0m
2026-01-20T00:13:53.9254344Z [36;1m  echo "❌ No execution results found" >> $GITHUB_STEP_SUMMARY[0m
2026-01-20T00:13:53.9254658Z [36;1m  exit 1[0m
2026-01-20T00:13:53.9254831Z [36;1mfi[0m
2026-01-20T00:13:53.9287018Z shell: /usr/bin/bash -e {0}
2026-01-20T00:13:53.9287245Z env:
2026-01-20T00:13:53.9287493Z   pythonLocation: /opt/hostedtoolcache/Python/3.11.14/x64
2026-01-20T00:13:53.9287922Z   PKG_CONFIG_PATH: /opt/hostedtoolcache/Python/3.11.14/x64/lib/pkgconfig
2026-01-20T00:13:53.9288337Z   Python_ROOT_DIR: /opt/hostedtoolcache/Python/3.11.14/x64
2026-01-20T00:13:53.9288881Z   Python2_ROOT_DIR: /opt/hostedtoolcache/Python/3.11.14/x64
2026-01-20T00:13:53.9289254Z   Python3_ROOT_DIR: /opt/hostedtoolcache/Python/3.11.14/x64
2026-01-20T00:13:53.9289629Z   LD_LIBRARY_PATH: /opt/hostedtoolcache/Python/3.11.14/x64/lib
2026-01-20T00:13:53.9289935Z ##[endgroup]
2026-01-20T00:13:53.9522259Z ##[group]Run actions/upload-artifact@v4
2026-01-20T00:13:53.9522531Z with:
2026-01-20T00:13:53.9522713Z   name: edge-todomvc_react-results
2026-01-20T00:13:53.9523290Z   path: projects/edge_todomvc_react/execution.json
projects/edge_todomvc_react/workflow.json
projects/edge_todomvc_react/sitemap.json

2026-01-20T00:13:53.9523865Z   retention-days: 30
2026-01-20T00:13:53.9524065Z   if-no-files-found: warn
2026-01-20T00:13:53.9524273Z   compression-level: 6
2026-01-20T00:13:53.9524471Z   overwrite: false
2026-01-20T00:13:53.9524669Z   include-hidden-files: false
2026-01-20T00:13:53.9524882Z env:
2026-01-20T00:13:53.9525109Z   pythonLocation: /opt/hostedtoolcache/Python/3.11.14/x64
2026-01-20T00:13:53.9525553Z   PKG_CONFIG_PATH: /opt/hostedtoolcache/Python/3.11.14/x64/lib/pkgconfig
2026-01-20T00:13:53.9525967Z   Python_ROOT_DIR: /opt/hostedtoolcache/Python/3.11.14/x64
2026-01-20T00:13:53.9526328Z   Python2_ROOT_DIR: /opt/hostedtoolcache/Python/3.11.14/x64
2026-01-20T00:13:53.9526705Z   Python3_ROOT_DIR: /opt/hostedtoolcache/Python/3.11.14/x64
2026-01-20T00:13:53.9527073Z   LD_LIBRARY_PATH: /opt/hostedtoolcache/Python/3.11.14/x64/lib
2026-01-20T00:13:53.9527369Z ##[endgroup]
2026-01-20T00:13:54.1678647Z Multiple search paths detected. Calculating the least common ancestor of all paths
2026-01-20T00:13:54.1685069Z The least common ancestor is /home/runner/work/build_qa_automation/build_qa_automation/projects/edge_todomvc_react. This will be the root directory of the artifact
2026-01-20T00:13:54.1686918Z With the provided path, there will be 3 files uploaded
2026-01-20T00:13:54.1690462Z Artifact name is valid!
2026-01-20T00:13:54.1692464Z Root directory input is valid!
2026-01-20T00:13:54.2965887Z Beginning upload of artifact content to blob storage
2026-01-20T00:13:54.4656698Z Uploaded bytes 14369
2026-01-20T00:13:54.5027248Z Finished uploading artifact content to blob storage!
2026-01-20T00:13:54.5031196Z SHA256 digest of uploaded artifact zip is e7b595ffb7dab68d0a6953bb82c8b10bf78bef4ae37e00e2705e4f6725a223f4
2026-01-20T00:13:54.5033939Z Finalizing artifact upload
2026-01-20T00:13:54.5996435Z Artifact edge-todomvc_react-results.zip successfully finalized. Artifact ID 5183171698
2026-01-20T00:13:54.5997485Z Artifact edge-todomvc_react-results has been successfully uploaded! Final size is 14369 bytes. Artifact ID is 5183171698
2026-01-20T00:13:54.6003738Z Artifact download URL: https://github.com/vishvasmca-cmd/build_qa_automation/actions/runs/21154782266/artifacts/5183171698
2026-01-20T00:13:54.6137412Z Post job cleanup.
2026-01-20T00:13:54.7618065Z Cache hit occurred on the primary key setup-python-Linux-x64-24.04-Ubuntu-python-3.11.14-pip-dde08d0e0b672972dcda9f1a063036a2e0c226f5d0a20362e9401931676d80a4, not saving cache.
2026-01-20T00:13:54.7745729Z Post job cleanup.
2026-01-20T00:13:54.8672576Z [command]/usr/bin/git version
2026-01-20T00:13:54.8707517Z git version 2.52.0
2026-01-20T00:13:54.8749672Z Temporarily overriding HOME='/home/runner/work/_temp/bf6cebb7-0943-43ed-86c6-4657b8b262f2' before making global git config changes
2026-01-20T00:13:54.8751211Z Adding repository directory to the temporary git global config as a safe directory
2026-01-20T00:13:54.8756939Z [command]/usr/bin/git config --global --add safe.directory /home/runner/work/build_qa_automation/build_qa_automation
2026-01-20T00:13:54.8794405Z [command]/usr/bin/git config --local --name-only --get-regexp core\.sshCommand
2026-01-20T00:13:54.8828175Z [command]/usr/bin/git submodule foreach --recursive sh -c "git config --local --name-only --get-regexp 'core\.sshCommand' && git config --local --unset-all 'core.sshCommand' || :"
2026-01-20T00:13:54.9079281Z [command]/usr/bin/git config --local --name-only --get-regexp http\.https\:\/\/github\.com\/\.extraheader
2026-01-20T00:13:54.9101706Z http.https://github.com/.extraheader
2026-01-20T00:13:54.9119809Z [command]/usr/bin/git config --local --unset-all http.https://github.com/.extraheader
2026-01-20T00:13:54.9154593Z [command]/usr/bin/git submodule foreach --recursive sh -c "git config --local --name-only --get-regexp 'http\.https\:\/\/github\.com\/\.extraheader' && git config --local --unset-all 'http.https://github.com/.extraheader' || :"
2026-01-20T00:13:54.9395729Z [command]/usr/bin/git config --local --name-only --get-regexp ^includeIf\.gitdir:
2026-01-20T00:13:54.9428360Z [command]/usr/bin/git submodule foreach --recursive git config --local --show-origin --name-only --get-regexp remote.origin.url
2026-01-20T00:13:54.9773003Z Cleaning up orphan processes
