2026-01-19T02:09:10.9053771Z Current runner version: '2.331.0'
2026-01-19T02:09:10.9079674Z ##[group]Runner Image Provisioner
2026-01-19T02:09:10.9080441Z Hosted Compute Agent
2026-01-19T02:09:10.9081665Z Version: 20251211.462
2026-01-19T02:09:10.9082349Z Commit: 6cbad8c2bb55d58165063d031ccabf57e2d2db61
2026-01-19T02:09:10.9083027Z Build Date: 2025-12-11T16:28:49Z
2026-01-19T02:09:10.9083748Z Worker ID: {ab66aac3-fd84-42c4-afb8-3ccab2a79dd9}
2026-01-19T02:09:10.9084456Z ##[endgroup]
2026-01-19T02:09:10.9085034Z ##[group]Operating System
2026-01-19T02:09:10.9085687Z Ubuntu
2026-01-19T02:09:10.9086145Z 24.04.3
2026-01-19T02:09:10.9086634Z LTS
2026-01-19T02:09:10.9087197Z ##[endgroup]
2026-01-19T02:09:10.9087719Z ##[group]Runner Image
2026-01-19T02:09:10.9088284Z Image: ubuntu-24.04
2026-01-19T02:09:10.9088751Z Version: 20260111.209.1
2026-01-19T02:09:10.9090118Z Included Software: https://github.com/actions/runner-images/blob/ubuntu24/20260111.209/images/ubuntu/Ubuntu2404-Readme.md
2026-01-19T02:09:10.9091851Z Image Release: https://github.com/actions/runner-images/releases/tag/ubuntu24%2F20260111.209
2026-01-19T02:09:10.9092908Z ##[endgroup]
2026-01-19T02:09:10.9093982Z ##[group]GITHUB_TOKEN Permissions
2026-01-19T02:09:10.9096305Z Contents: read
2026-01-19T02:09:10.9096821Z Metadata: read
2026-01-19T02:09:10.9097356Z Packages: read
2026-01-19T02:09:10.9097973Z ##[endgroup]
2026-01-19T02:09:10.9100586Z Secret source: Actions
2026-01-19T02:09:10.9101820Z Prepare workflow directory
2026-01-19T02:09:10.9419892Z Prepare all required actions
2026-01-19T02:09:10.9458229Z Getting action download info
2026-01-19T02:09:11.2212646Z Download action repository 'actions/checkout@v4' (SHA:34e114876b0b11c390a56381ad16ebd13914f8d5)
2026-01-19T02:09:11.3043619Z Download action repository 'actions/setup-python@v5' (SHA:a26af69be951a213d495a4c3e4e4022e16d87065)
2026-01-19T02:09:11.3884558Z Download action repository 'actions/upload-artifact@v4' (SHA:ea165f8d65b6e75b540449e92b4886f43607fa02)
2026-01-19T02:09:11.6104334Z Complete job name: test-websites-deep (globalsqa_bank, https://www.globalsqa.com/angularJs-protractor/BankingProject...
2026-01-19T02:09:11.6778953Z ##[group]Run actions/checkout@v4
2026-01-19T02:09:11.6779709Z with:
2026-01-19T02:09:11.6780147Z   repository: vishvasmca-cmd/build_qa_automation
2026-01-19T02:09:11.6780877Z   token: ***
2026-01-19T02:09:11.6781541Z   ssh-strict: true
2026-01-19T02:09:11.6781929Z   ssh-user: git
2026-01-19T02:09:11.6782343Z   persist-credentials: true
2026-01-19T02:09:11.6782780Z   clean: true
2026-01-19T02:09:11.6783182Z   sparse-checkout-cone-mode: true
2026-01-19T02:09:11.6783656Z   fetch-depth: 1
2026-01-19T02:09:11.6784043Z   fetch-tags: false
2026-01-19T02:09:11.6784442Z   show-progress: true
2026-01-19T02:09:11.6784841Z   lfs: false
2026-01-19T02:09:11.6785213Z   submodules: false
2026-01-19T02:09:11.6785616Z   set-safe-directory: true
2026-01-19T02:09:11.6786289Z ##[endgroup]
2026-01-19T02:09:11.7849966Z Syncing repository: vishvasmca-cmd/build_qa_automation
2026-01-19T02:09:11.7852094Z ##[group]Getting Git version info
2026-01-19T02:09:11.7852971Z Working directory is '/home/runner/work/build_qa_automation/build_qa_automation'
2026-01-19T02:09:11.7854025Z [command]/usr/bin/git version
2026-01-19T02:09:11.7907501Z git version 2.52.0
2026-01-19T02:09:11.7931554Z ##[endgroup]
2026-01-19T02:09:11.7945032Z Temporarily overriding HOME='/home/runner/work/_temp/43a97ff3-53da-4349-b3cf-b13d2a04144a' before making global git config changes
2026-01-19T02:09:11.7946373Z Adding repository directory to the temporary git global config as a safe directory
2026-01-19T02:09:11.7957478Z [command]/usr/bin/git config --global --add safe.directory /home/runner/work/build_qa_automation/build_qa_automation
2026-01-19T02:09:11.7994865Z Deleting the contents of '/home/runner/work/build_qa_automation/build_qa_automation'
2026-01-19T02:09:11.7998315Z ##[group]Initializing the repository
2026-01-19T02:09:11.8002558Z [command]/usr/bin/git init /home/runner/work/build_qa_automation/build_qa_automation
2026-01-19T02:09:11.8072774Z hint: Using 'master' as the name for the initial branch. This default branch name
2026-01-19T02:09:11.8074081Z hint: will change to "main" in Git 3.0. To configure the initial branch name
2026-01-19T02:09:11.8074936Z hint: to use in all of your new repositories, which will suppress this warning,
2026-01-19T02:09:11.8075770Z hint: call:
2026-01-19T02:09:11.8076297Z hint:
2026-01-19T02:09:11.8077027Z hint: 	git config --global init.defaultBranch <name>
2026-01-19T02:09:11.8077615Z hint:
2026-01-19T02:09:11.8078147Z hint: Names commonly chosen instead of 'master' are 'main', 'trunk' and
2026-01-19T02:09:11.8078991Z hint: 'development'. The just-created branch can be renamed via this command:
2026-01-19T02:09:11.8079663Z hint:
2026-01-19T02:09:11.8080022Z hint: 	git branch -m <name>
2026-01-19T02:09:11.8080454Z hint:
2026-01-19T02:09:11.8081371Z hint: Disable this message with "git config set advice.defaultBranchName false"
2026-01-19T02:09:11.8082468Z Initialized empty Git repository in /home/runner/work/build_qa_automation/build_qa_automation/.git/
2026-01-19T02:09:11.8087306Z [command]/usr/bin/git remote add origin https://github.com/vishvasmca-cmd/build_qa_automation
2026-01-19T02:09:11.8120345Z ##[endgroup]
2026-01-19T02:09:11.8121053Z ##[group]Disabling automatic garbage collection
2026-01-19T02:09:11.8124611Z [command]/usr/bin/git config --local gc.auto 0
2026-01-19T02:09:11.8152870Z ##[endgroup]
2026-01-19T02:09:11.8153511Z ##[group]Setting up auth
2026-01-19T02:09:11.8159588Z [command]/usr/bin/git config --local --name-only --get-regexp core\.sshCommand
2026-01-19T02:09:11.8190267Z [command]/usr/bin/git submodule foreach --recursive sh -c "git config --local --name-only --get-regexp 'core\.sshCommand' && git config --local --unset-all 'core.sshCommand' || :"
2026-01-19T02:09:11.8498622Z [command]/usr/bin/git config --local --name-only --get-regexp http\.https\:\/\/github\.com\/\.extraheader
2026-01-19T02:09:11.8532746Z [command]/usr/bin/git submodule foreach --recursive sh -c "git config --local --name-only --get-regexp 'http\.https\:\/\/github\.com\/\.extraheader' && git config --local --unset-all 'http.https://github.com/.extraheader' || :"
2026-01-19T02:09:11.8764545Z [command]/usr/bin/git config --local --name-only --get-regexp ^includeIf\.gitdir:
2026-01-19T02:09:11.8801018Z [command]/usr/bin/git submodule foreach --recursive git config --local --show-origin --name-only --get-regexp remote.origin.url
2026-01-19T02:09:11.9058994Z [command]/usr/bin/git config --local http.https://github.com/.extraheader AUTHORIZATION: basic ***
2026-01-19T02:09:11.9095871Z ##[endgroup]
2026-01-19T02:09:11.9096944Z ##[group]Fetching the repository
2026-01-19T02:09:11.9105721Z [command]/usr/bin/git -c protocol.version=2 fetch --no-tags --prune --no-recurse-submodules --depth=1 origin +8ae9e7a98960844bdcef67161cbe93442a7431bc:refs/remotes/origin/main
2026-01-19T02:09:12.6956752Z From https://github.com/vishvasmca-cmd/build_qa_automation
2026-01-19T02:09:12.6958444Z  * [new ref]         8ae9e7a98960844bdcef67161cbe93442a7431bc -> origin/main
2026-01-19T02:09:12.6991449Z ##[endgroup]
2026-01-19T02:09:12.6992594Z ##[group]Determining the checkout info
2026-01-19T02:09:12.6994662Z ##[endgroup]
2026-01-19T02:09:12.6999248Z [command]/usr/bin/git sparse-checkout disable
2026-01-19T02:09:12.7042039Z [command]/usr/bin/git config --local --unset-all extensions.worktreeConfig
2026-01-19T02:09:12.7070861Z ##[group]Checking out the ref
2026-01-19T02:09:12.7075660Z [command]/usr/bin/git checkout --progress --force -B main refs/remotes/origin/main
2026-01-19T02:09:12.8495310Z Switched to a new branch 'main'
2026-01-19T02:09:12.8496462Z branch 'main' set up to track 'origin/main'.
2026-01-19T02:09:12.8513400Z ##[endgroup]
2026-01-19T02:09:12.8553374Z [command]/usr/bin/git log -1 --format=%H
2026-01-19T02:09:12.8577610Z 8ae9e7a98960844bdcef67161cbe93442a7431bc
2026-01-19T02:09:12.8888736Z ##[group]Run actions/setup-python@v5
2026-01-19T02:09:12.8889846Z with:
2026-01-19T02:09:12.8890666Z   python-version: 3.11
2026-01-19T02:09:12.8891718Z   cache: pip
2026-01-19T02:09:12.8892748Z   check-latest: false
2026-01-19T02:09:12.8893905Z   token: ***
2026-01-19T02:09:12.8894820Z   update-environment: true
2026-01-19T02:09:12.8895827Z   allow-prereleases: false
2026-01-19T02:09:12.8896819Z   freethreaded: false
2026-01-19T02:09:12.8897728Z ##[endgroup]
2026-01-19T02:09:13.0543515Z ##[group]Installed versions
2026-01-19T02:09:13.0638450Z Successfully set up CPython (3.11.14)
2026-01-19T02:09:13.0639870Z ##[endgroup]
2026-01-19T02:09:13.1631230Z [command]/opt/hostedtoolcache/Python/3.11.14/x64/bin/pip cache dir
2026-01-19T02:09:13.4379662Z /home/runner/.cache/pip
2026-01-19T02:09:13.5294318Z Cache hit for: setup-python-Linux-x64-24.04-Ubuntu-python-3.11.14-pip-dde08d0e0b672972dcda9f1a063036a2e0c226f5d0a20362e9401931676d80a4
2026-01-19T02:09:14.6399132Z Received 254742636 of 254742636 (100.0%), 226.2 MBs/sec
2026-01-19T02:09:14.6400017Z Cache Size: ~243 MB (254742636 B)
2026-01-19T02:09:14.6438707Z [command]/usr/bin/tar -xf /home/runner/work/_temp/5de95685-3bfc-42b3-818a-36a40f44b5a6/cache.tzst -P -C /home/runner/work/build_qa_automation/build_qa_automation --use-compress-program unzstd
2026-01-19T02:09:15.0603974Z Cache restored successfully
2026-01-19T02:09:15.1118026Z Cache restored from key: setup-python-Linux-x64-24.04-Ubuntu-python-3.11.14-pip-dde08d0e0b672972dcda9f1a063036a2e0c226f5d0a20362e9401931676d80a4
2026-01-19T02:09:15.1394560Z ##[group]Run pip install -r requirements.txt
2026-01-19T02:09:15.1395007Z [36;1mpip install -r requirements.txt[0m
2026-01-19T02:09:15.1395310Z [36;1mplaywright install chromium[0m
2026-01-19T02:09:15.1436700Z shell: /usr/bin/bash -e {0}
2026-01-19T02:09:15.1436979Z env:
2026-01-19T02:09:15.1437254Z   pythonLocation: /opt/hostedtoolcache/Python/3.11.14/x64
2026-01-19T02:09:15.1437693Z   PKG_CONFIG_PATH: /opt/hostedtoolcache/Python/3.11.14/x64/lib/pkgconfig
2026-01-19T02:09:15.1438114Z   Python_ROOT_DIR: /opt/hostedtoolcache/Python/3.11.14/x64
2026-01-19T02:09:15.1438498Z   Python2_ROOT_DIR: /opt/hostedtoolcache/Python/3.11.14/x64
2026-01-19T02:09:15.1438878Z   Python3_ROOT_DIR: /opt/hostedtoolcache/Python/3.11.14/x64
2026-01-19T02:09:15.1439240Z   LD_LIBRARY_PATH: /opt/hostedtoolcache/Python/3.11.14/x64/lib
2026-01-19T02:09:15.1439549Z ##[endgroup]
2026-01-19T02:09:15.7400969Z Collecting playwright (from -r requirements.txt (line 1))
2026-01-19T02:09:15.7417776Z   Using cached playwright-1.57.0-py3-none-manylinux1_x86_64.whl.metadata (3.5 kB)
2026-01-19T02:09:15.7579796Z Collecting python-dotenv (from -r requirements.txt (line 2))
2026-01-19T02:09:15.7594694Z   Using cached python_dotenv-1.2.1-py3-none-any.whl.metadata (25 kB)
2026-01-19T02:09:15.7882331Z Collecting requests (from -r requirements.txt (line 3))
2026-01-19T02:09:15.7897096Z   Using cached requests-2.32.5-py3-none-any.whl.metadata (4.9 kB)
2026-01-19T02:09:15.9368004Z Collecting pillow (from -r requirements.txt (line 4))
2026-01-19T02:09:15.9384865Z   Using cached pillow-12.1.0-cp311-cp311-manylinux_2_27_x86_64.manylinux_2_28_x86_64.whl.metadata (8.8 kB)
2026-01-19T02:09:15.9611609Z Collecting google-genai>=0.3.0 (from -r requirements.txt (line 5))
2026-01-19T02:09:15.9625350Z   Using cached google_genai-1.59.0-py3-none-any.whl.metadata (53 kB)
2026-01-19T02:09:15.9764520Z Collecting termcolor (from -r requirements.txt (line 6))
2026-01-19T02:09:15.9777545Z   Using cached termcolor-3.3.0-py3-none-any.whl.metadata (6.5 kB)
2026-01-19T02:09:16.0094238Z Collecting PyYAML (from -r requirements.txt (line 7))
2026-01-19T02:09:16.0108507Z   Using cached pyyaml-6.0.3-cp311-cp311-manylinux2014_x86_64.manylinux_2_17_x86_64.manylinux_2_28_x86_64.whl.metadata (2.4 kB)
2026-01-19T02:09:16.0569067Z Collecting opencv-python-headless (from -r requirements.txt (line 8))
2026-01-19T02:09:16.0584578Z   Using cached opencv_python_headless-4.13.0.90-cp37-abi3-manylinux_2_28_x86_64.whl.metadata (19 kB)
2026-01-19T02:09:16.2254431Z Collecting numpy (from -r requirements.txt (line 9))
2026-01-19T02:09:16.2269128Z   Using cached numpy-2.4.1-cp311-cp311-manylinux_2_27_x86_64.manylinux_2_28_x86_64.whl.metadata (6.6 kB)
2026-01-19T02:09:16.2977182Z Collecting faker (from -r requirements.txt (line 10))
2026-01-19T02:09:16.2991509Z   Using cached faker-40.1.2-py3-none-any.whl.metadata (16 kB)
2026-01-19T02:09:16.3153815Z Collecting pyee<14,>=13 (from playwright->-r requirements.txt (line 1))
2026-01-19T02:09:16.3166901Z   Using cached pyee-13.0.0-py3-none-any.whl.metadata (2.9 kB)
2026-01-19T02:09:16.4164199Z Collecting greenlet<4.0.0,>=3.1.1 (from playwright->-r requirements.txt (line 1))
2026-01-19T02:09:16.4179019Z   Using cached greenlet-3.3.0-cp311-cp311-manylinux_2_24_x86_64.manylinux_2_28_x86_64.whl.metadata (4.1 kB)
2026-01-19T02:09:16.4335998Z Collecting typing-extensions (from pyee<14,>=13->playwright->-r requirements.txt (line 1))
2026-01-19T02:09:16.4349056Z   Using cached typing_extensions-4.15.0-py3-none-any.whl.metadata (3.3 kB)
2026-01-19T02:09:16.5034129Z Collecting charset_normalizer<4,>=2 (from requests->-r requirements.txt (line 3))
2026-01-19T02:09:16.5048933Z   Using cached charset_normalizer-3.4.4-cp311-cp311-manylinux2014_x86_64.manylinux_2_17_x86_64.manylinux_2_28_x86_64.whl.metadata (37 kB)
2026-01-19T02:09:16.5181612Z Collecting idna<4,>=2.5 (from requests->-r requirements.txt (line 3))
2026-01-19T02:09:16.5194758Z   Using cached idna-3.11-py3-none-any.whl.metadata (8.4 kB)
2026-01-19T02:09:16.5420353Z Collecting urllib3<3,>=1.21.1 (from requests->-r requirements.txt (line 3))
2026-01-19T02:09:16.5433530Z   Using cached urllib3-2.6.3-py3-none-any.whl.metadata (6.9 kB)
2026-01-19T02:09:16.5626613Z Collecting certifi>=2017.4.17 (from requests->-r requirements.txt (line 3))
2026-01-19T02:09:16.5639622Z   Using cached certifi-2026.1.4-py3-none-any.whl.metadata (2.5 kB)
2026-01-19T02:09:16.5867350Z Collecting anyio<5.0.0,>=4.8.0 (from google-genai>=0.3.0->-r requirements.txt (line 5))
2026-01-19T02:09:16.5880157Z   Using cached anyio-4.12.1-py3-none-any.whl.metadata (4.3 kB)
2026-01-19T02:09:16.6180312Z Collecting google-auth<3.0.0,>=2.47.0 (from google-auth[requests]<3.0.0,>=2.47.0->google-genai>=0.3.0->-r requirements.txt (line 5))
2026-01-19T02:09:16.6193750Z   Using cached google_auth-2.47.0-py3-none-any.whl.metadata (6.4 kB)
2026-01-19T02:09:16.6437145Z Collecting httpx<1.0.0,>=0.28.1 (from google-genai>=0.3.0->-r requirements.txt (line 5))
2026-01-19T02:09:16.6450511Z   Using cached httpx-0.28.1-py3-none-any.whl.metadata (7.1 kB)
2026-01-19T02:09:16.7677694Z Collecting pydantic<3.0.0,>=2.9.0 (from google-genai>=0.3.0->-r requirements.txt (line 5))
2026-01-19T02:09:16.7692142Z   Using cached pydantic-2.12.5-py3-none-any.whl.metadata (90 kB)
2026-01-19T02:09:16.7992409Z Collecting tenacity<9.2.0,>=8.2.3 (from google-genai>=0.3.0->-r requirements.txt (line 5))
2026-01-19T02:09:16.8005032Z   Using cached tenacity-9.1.2-py3-none-any.whl.metadata (1.2 kB)
2026-01-19T02:09:16.8713843Z Collecting websockets<15.1.0,>=13.0.0 (from google-genai>=0.3.0->-r requirements.txt (line 5))
2026-01-19T02:09:16.8727970Z   Using cached websockets-15.0.1-cp311-cp311-manylinux_2_5_x86_64.manylinux1_x86_64.manylinux_2_17_x86_64.manylinux2014_x86_64.whl.metadata (6.8 kB)
2026-01-19T02:09:16.8858989Z Collecting distro<2,>=1.7.0 (from google-genai>=0.3.0->-r requirements.txt (line 5))
2026-01-19T02:09:16.8871736Z   Using cached distro-1.9.0-py3-none-any.whl.metadata (6.8 kB)
2026-01-19T02:09:16.8977206Z Collecting sniffio (from google-genai>=0.3.0->-r requirements.txt (line 5))
2026-01-19T02:09:16.8990926Z   Using cached sniffio-1.3.1-py3-none-any.whl.metadata (3.9 kB)
2026-01-19T02:09:16.9312299Z Collecting pyasn1-modules>=0.2.1 (from google-auth<3.0.0,>=2.47.0->google-auth[requests]<3.0.0,>=2.47.0->google-genai>=0.3.0->-r requirements.txt (line 5))
2026-01-19T02:09:16.9325407Z   Using cached pyasn1_modules-0.4.2-py3-none-any.whl.metadata (3.5 kB)
2026-01-19T02:09:16.9469876Z Collecting rsa<5,>=3.1.4 (from google-auth<3.0.0,>=2.47.0->google-auth[requests]<3.0.0,>=2.47.0->google-genai>=0.3.0->-r requirements.txt (line 5))
2026-01-19T02:09:16.9483052Z   Using cached rsa-4.9.1-py3-none-any.whl.metadata (5.6 kB)
2026-01-19T02:09:16.9733625Z Collecting httpcore==1.* (from httpx<1.0.0,>=0.28.1->google-genai>=0.3.0->-r requirements.txt (line 5))
2026-01-19T02:09:16.9746895Z   Using cached httpcore-1.0.9-py3-none-any.whl.metadata (21 kB)
2026-01-19T02:09:16.9869233Z Collecting h11>=0.16 (from httpcore==1.*->httpx<1.0.0,>=0.28.1->google-genai>=0.3.0->-r requirements.txt (line 5))
2026-01-19T02:09:16.9881789Z   Using cached h11-0.16.0-py3-none-any.whl.metadata (8.3 kB)
2026-01-19T02:09:16.9984569Z Collecting annotated-types>=0.6.0 (from pydantic<3.0.0,>=2.9.0->google-genai>=0.3.0->-r requirements.txt (line 5))
2026-01-19T02:09:16.9997529Z   Using cached annotated_types-0.7.0-py3-none-any.whl.metadata (15 kB)
2026-01-19T02:09:17.5648880Z Collecting pydantic-core==2.41.5 (from pydantic<3.0.0,>=2.9.0->google-genai>=0.3.0->-r requirements.txt (line 5))
2026-01-19T02:09:17.5664310Z   Using cached pydantic_core-2.41.5-cp311-cp311-manylinux_2_17_x86_64.manylinux2014_x86_64.whl.metadata (7.3 kB)
2026-01-19T02:09:17.5794448Z Collecting typing-inspection>=0.4.2 (from pydantic<3.0.0,>=2.9.0->google-genai>=0.3.0->-r requirements.txt (line 5))
2026-01-19T02:09:17.5807478Z   Using cached typing_inspection-0.4.2-py3-none-any.whl.metadata (2.6 kB)
2026-01-19T02:09:17.6469327Z Collecting pyasn1>=0.1.3 (from rsa<5,>=3.1.4->google-auth<3.0.0,>=2.47.0->google-auth[requests]<3.0.0,>=2.47.0->google-genai>=0.3.0->-r requirements.txt (line 5))
2026-01-19T02:09:17.6484970Z   Using cached pyasn1-0.6.2-py3-none-any.whl.metadata (8.4 kB)
2026-01-19T02:09:17.6748820Z Using cached playwright-1.57.0-py3-none-manylinux1_x86_64.whl (46.0 MB)
2026-01-19T02:09:17.7080597Z Using cached greenlet-3.3.0-cp311-cp311-manylinux_2_24_x86_64.manylinux_2_28_x86_64.whl (590 kB)
2026-01-19T02:09:17.7096687Z Using cached pyee-13.0.0-py3-none-any.whl (15 kB)
2026-01-19T02:09:17.7109032Z Using cached python_dotenv-1.2.1-py3-none-any.whl (21 kB)
2026-01-19T02:09:17.7122574Z Using cached requests-2.32.5-py3-none-any.whl (64 kB)
2026-01-19T02:09:17.7136051Z Using cached charset_normalizer-3.4.4-cp311-cp311-manylinux2014_x86_64.manylinux_2_17_x86_64.manylinux_2_28_x86_64.whl (151 kB)
2026-01-19T02:09:17.7149018Z Using cached idna-3.11-py3-none-any.whl (71 kB)
2026-01-19T02:09:17.7161755Z Using cached urllib3-2.6.3-py3-none-any.whl (131 kB)
2026-01-19T02:09:17.7175398Z Using cached pillow-12.1.0-cp311-cp311-manylinux_2_27_x86_64.manylinux_2_28_x86_64.whl (7.0 MB)
2026-01-19T02:09:17.7235622Z Using cached google_genai-1.59.0-py3-none-any.whl (719 kB)
2026-01-19T02:09:17.7253036Z Using cached anyio-4.12.1-py3-none-any.whl (113 kB)
2026-01-19T02:09:17.7267165Z Using cached distro-1.9.0-py3-none-any.whl (20 kB)
2026-01-19T02:09:17.7280209Z Using cached google_auth-2.47.0-py3-none-any.whl (234 kB)
2026-01-19T02:09:17.7294224Z Using cached httpx-0.28.1-py3-none-any.whl (73 kB)
2026-01-19T02:09:17.7306809Z Using cached httpcore-1.0.9-py3-none-any.whl (78 kB)
2026-01-19T02:09:17.7319673Z Using cached pydantic-2.12.5-py3-none-any.whl (463 kB)
2026-01-19T02:09:17.7335650Z Using cached pydantic_core-2.41.5-cp311-cp311-manylinux_2_17_x86_64.manylinux2014_x86_64.whl (2.1 MB)
2026-01-19T02:09:17.7361738Z Using cached rsa-4.9.1-py3-none-any.whl (34 kB)
2026-01-19T02:09:17.7374245Z Using cached tenacity-9.1.2-py3-none-any.whl (28 kB)
2026-01-19T02:09:17.7386613Z Using cached typing_extensions-4.15.0-py3-none-any.whl (44 kB)
2026-01-19T02:09:17.7399609Z Using cached websockets-15.0.1-cp311-cp311-manylinux_2_5_x86_64.manylinux1_x86_64.manylinux_2_17_x86_64.manylinux2014_x86_64.whl (182 kB)
2026-01-19T02:09:17.7412946Z Using cached termcolor-3.3.0-py3-none-any.whl (7.7 kB)
2026-01-19T02:09:17.7425851Z Using cached pyyaml-6.0.3-cp311-cp311-manylinux2014_x86_64.manylinux_2_17_x86_64.manylinux_2_28_x86_64.whl (806 kB)
2026-01-19T02:09:17.7443906Z Using cached opencv_python_headless-4.13.0.90-cp37-abi3-manylinux_2_28_x86_64.whl (62.5 MB)
2026-01-19T02:09:17.7888032Z Using cached numpy-2.4.1-cp311-cp311-manylinux_2_27_x86_64.manylinux_2_28_x86_64.whl (16.7 MB)
2026-01-19T02:09:17.8016593Z Using cached faker-40.1.2-py3-none-any.whl (2.0 MB)
2026-01-19T02:09:17.8042690Z Using cached annotated_types-0.7.0-py3-none-any.whl (13 kB)
2026-01-19T02:09:17.8055260Z Using cached certifi-2026.1.4-py3-none-any.whl (152 kB)
2026-01-19T02:09:17.8068648Z Using cached h11-0.16.0-py3-none-any.whl (37 kB)
2026-01-19T02:09:17.8081450Z Using cached pyasn1-0.6.2-py3-none-any.whl (83 kB)
2026-01-19T02:09:17.8094182Z Using cached pyasn1_modules-0.4.2-py3-none-any.whl (181 kB)
2026-01-19T02:09:17.8107876Z Using cached typing_inspection-0.4.2-py3-none-any.whl (14 kB)
2026-01-19T02:09:17.8120153Z Using cached sniffio-1.3.1-py3-none-any.whl (10 kB)
2026-01-19T02:09:18.0207092Z Installing collected packages: websockets, urllib3, typing-extensions, termcolor, tenacity, sniffio, PyYAML, python-dotenv, pyasn1, pillow, numpy, idna, h11, greenlet, faker, distro, charset_normalizer, certifi, annotated-types, typing-inspection, rsa, requests, pyee, pydantic-core, pyasn1-modules, opencv-python-headless, httpcore, anyio, pydantic, playwright, httpx, google-auth, google-genai
2026-01-19T02:09:24.9573195Z 
2026-01-19T02:09:24.9596507Z Successfully installed PyYAML-6.0.3 annotated-types-0.7.0 anyio-4.12.1 certifi-2026.1.4 charset_normalizer-3.4.4 distro-1.9.0 faker-40.1.2 google-auth-2.47.0 google-genai-1.59.0 greenlet-3.3.0 h11-0.16.0 httpcore-1.0.9 httpx-0.28.1 idna-3.11 numpy-2.4.1 opencv-python-headless-4.13.0.90 pillow-12.1.0 playwright-1.57.0 pyasn1-0.6.2 pyasn1-modules-0.4.2 pydantic-2.12.5 pydantic-core-2.41.5 pyee-13.0.0 python-dotenv-1.2.1 requests-2.32.5 rsa-4.9.1 sniffio-1.3.1 tenacity-9.1.2 termcolor-3.3.0 typing-extensions-4.15.0 typing-inspection-0.4.2 urllib3-2.6.3 websockets-15.0.1
2026-01-19T02:09:25.5631466Z Downloading Chromium 143.0.7499.4 (playwright build v1200) from https://cdn.playwright.dev/dbazure/download/playwright/builds/chromium/1200/chromium-linux.zip
2026-01-19T02:09:25.6603737Z (node:2266) [DEP0169] DeprecationWarning: `url.parse()` behavior is not standardized and prone to errors that have security implications. Use the WHATWG URL API instead. CVEs are not issued for `url.parse()` vulnerabilities.
2026-01-19T02:09:25.6605545Z (Use `node --trace-deprecation ...` to show where the warning was created)
2026-01-19T02:09:25.7408050Z |                                                                                |   0% of 164.7 MiB
2026-01-19T02:09:25.8588110Z |■■■■■■■■                                                                        |  10% of 164.7 MiB
2026-01-19T02:09:25.9471327Z |■■■■■■■■■■■■■■■■                                                                |  20% of 164.7 MiB
2026-01-19T02:09:26.0257624Z |■■■■■■■■■■■■■■■■■■■■■■■■                                                        |  30% of 164.7 MiB
2026-01-19T02:09:26.0852447Z |■■■■■■■■■■■■■■■■■■■■■■■■■■■■■■■■                                                |  40% of 164.7 MiB
2026-01-19T02:09:26.1418603Z |■■■■■■■■■■■■■■■■■■■■■■■■■■■■■■■■■■■■■■■■                                        |  50% of 164.7 MiB
2026-01-19T02:09:26.1967610Z |■■■■■■■■■■■■■■■■■■■■■■■■■■■■■■■■■■■■■■■■■■■■■■■■                                |  60% of 164.7 MiB
2026-01-19T02:09:26.2603947Z |■■■■■■■■■■■■■■■■■■■■■■■■■■■■■■■■■■■■■■■■■■■■■■■■■■■■■■■■                        |  70% of 164.7 MiB
2026-01-19T02:09:26.3150082Z |■■■■■■■■■■■■■■■■■■■■■■■■■■■■■■■■■■■■■■■■■■■■■■■■■■■■■■■■■■■■■■■■                |  80% of 164.7 MiB
2026-01-19T02:09:26.3782982Z |■■■■■■■■■■■■■■■■■■■■■■■■■■■■■■■■■■■■■■■■■■■■■■■■■■■■■■■■■■■■■■■■■■■■■■■■        |  90% of 164.7 MiB
2026-01-19T02:09:26.4331908Z |■■■■■■■■■■■■■■■■■■■■■■■■■■■■■■■■■■■■■■■■■■■■■■■■■■■■■■■■■■■■■■■■■■■■■■■■■■■■■■■■| 100% of 164.7 MiB
2026-01-19T02:09:28.9268805Z Chromium 143.0.7499.4 (playwright build v1200) downloaded to /home/runner/.cache/ms-playwright/chromium-1200
2026-01-19T02:09:28.9273920Z Downloading FFMPEG playwright build v1011 from https://cdn.playwright.dev/dbazure/download/playwright/builds/ffmpeg/1011/ffmpeg-linux.zip
2026-01-19T02:09:29.0268307Z (node:2277) [DEP0169] DeprecationWarning: `url.parse()` behavior is not standardized and prone to errors that have security implications. Use the WHATWG URL API instead. CVEs are not issued for `url.parse()` vulnerabilities.
2026-01-19T02:09:29.0270493Z (Use `node --trace-deprecation ...` to show where the warning was created)
2026-01-19T02:09:29.0979649Z |                                                                                |   0% of 2.3 MiB
2026-01-19T02:09:29.1022396Z |■■■■■■■■                                                                        |  10% of 2.3 MiB
2026-01-19T02:09:29.1057612Z |■■■■■■■■■■■■■■■■                                                                |  20% of 2.3 MiB
2026-01-19T02:09:29.1071640Z |■■■■■■■■■■■■■■■■■■■■■■■■                                                        |  30% of 2.3 MiB
2026-01-19T02:09:29.1087800Z |■■■■■■■■■■■■■■■■■■■■■■■■■■■■■■■■                                                |  40% of 2.3 MiB
2026-01-19T02:09:29.1174779Z |■■■■■■■■■■■■■■■■■■■■■■■■■■■■■■■■■■■■■■■■                                        |  50% of 2.3 MiB
2026-01-19T02:09:29.1217335Z |■■■■■■■■■■■■■■■■■■■■■■■■■■■■■■■■■■■■■■■■■■■■■■■■                                |  60% of 2.3 MiB
2026-01-19T02:09:29.1230549Z |■■■■■■■■■■■■■■■■■■■■■■■■■■■■■■■■■■■■■■■■■■■■■■■■■■■■■■■■                        |  70% of 2.3 MiB
2026-01-19T02:09:29.1271500Z |■■■■■■■■■■■■■■■■■■■■■■■■■■■■■■■■■■■■■■■■■■■■■■■■■■■■■■■■■■■■■■■■                |  80% of 2.3 MiB
2026-01-19T02:09:29.1298071Z |■■■■■■■■■■■■■■■■■■■■■■■■■■■■■■■■■■■■■■■■■■■■■■■■■■■■■■■■■■■■■■■■■■■■■■■■        |  90% of 2.3 MiB
2026-01-19T02:09:29.1349229Z |■■■■■■■■■■■■■■■■■■■■■■■■■■■■■■■■■■■■■■■■■■■■■■■■■■■■■■■■■■■■■■■■■■■■■■■■■■■■■■■■| 100% of 2.3 MiB
2026-01-19T02:09:29.1968047Z FFMPEG playwright build v1011 downloaded to /home/runner/.cache/ms-playwright/ffmpeg-1011
2026-01-19T02:09:29.1971974Z Downloading Chromium Headless Shell 143.0.7499.4 (playwright build v1200) from https://cdn.playwright.dev/dbazure/download/playwright/builds/chromium/1200/chromium-headless-shell-linux.zip
2026-01-19T02:09:29.2981244Z (node:2288) [DEP0169] DeprecationWarning: `url.parse()` behavior is not standardized and prone to errors that have security implications. Use the WHATWG URL API instead. CVEs are not issued for `url.parse()` vulnerabilities.
2026-01-19T02:09:29.2983013Z (Use `node --trace-deprecation ...` to show where the warning was created)
2026-01-19T02:09:29.3574976Z |                                                                                |   0% of 109.7 MiB
2026-01-19T02:09:29.4440650Z |■■■■■■■■                                                                        |  10% of 109.7 MiB
2026-01-19T02:09:29.5079285Z |■■■■■■■■■■■■■■■■                                                                |  20% of 109.7 MiB
2026-01-19T02:09:29.5572619Z |■■■■■■■■■■■■■■■■■■■■■■■■                                                        |  30% of 109.7 MiB
2026-01-19T02:09:29.5990623Z |■■■■■■■■■■■■■■■■■■■■■■■■■■■■■■■■                                                |  40% of 109.7 MiB
2026-01-19T02:09:29.6500226Z |■■■■■■■■■■■■■■■■■■■■■■■■■■■■■■■■■■■■■■■■                                        |  50% of 109.7 MiB
2026-01-19T02:09:29.6833523Z |■■■■■■■■■■■■■■■■■■■■■■■■■■■■■■■■■■■■■■■■■■■■■■■■                                |  60% of 109.7 MiB
2026-01-19T02:09:29.7255817Z |■■■■■■■■■■■■■■■■■■■■■■■■■■■■■■■■■■■■■■■■■■■■■■■■■■■■■■■■                        |  70% of 109.7 MiB
2026-01-19T02:09:29.7575120Z |■■■■■■■■■■■■■■■■■■■■■■■■■■■■■■■■■■■■■■■■■■■■■■■■■■■■■■■■■■■■■■■■                |  80% of 109.7 MiB
2026-01-19T02:09:29.7955347Z |■■■■■■■■■■■■■■■■■■■■■■■■■■■■■■■■■■■■■■■■■■■■■■■■■■■■■■■■■■■■■■■■■■■■■■■■        |  90% of 109.7 MiB
2026-01-19T02:09:29.8329243Z |■■■■■■■■■■■■■■■■■■■■■■■■■■■■■■■■■■■■■■■■■■■■■■■■■■■■■■■■■■■■■■■■■■■■■■■■■■■■■■■■| 100% of 109.7 MiB
2026-01-19T02:09:31.6387751Z Chromium Headless Shell 143.0.7499.4 (playwright build v1200) downloaded to /home/runner/.cache/ms-playwright/chromium_headless_shell-1200
2026-01-19T02:09:31.6633207Z ##[group]Run mkdir -p projects/ci_globalsqa_bank
2026-01-19T02:09:31.6633604Z [36;1mmkdir -p projects/ci_globalsqa_bank[0m
2026-01-19T02:09:31.6633980Z [36;1mcat > projects/ci_globalsqa_bank/config.json << 'EOF'[0m
2026-01-19T02:09:31.6634325Z [36;1m{[0m
2026-01-19T02:09:31.6634544Z [36;1m  "project_name": "ci_globalsqa_bank",[0m
2026-01-19T02:09:31.6635006Z [36;1m  "target_url": "https://www.globalsqa.com/angularJs-protractor/BankingProject/",[0m
2026-01-19T02:09:31.6635497Z [36;1m  "goal": "Customer and manager banking flows",[0m
2026-01-19T02:09:31.6635791Z [36;1m  "headless": true[0m
2026-01-19T02:09:31.6636006Z [36;1m}[0m
2026-01-19T02:09:31.6636177Z [36;1mEOF[0m
2026-01-19T02:09:31.6672134Z shell: /usr/bin/bash -e {0}
2026-01-19T02:09:31.6672376Z env:
2026-01-19T02:09:31.6672636Z   pythonLocation: /opt/hostedtoolcache/Python/3.11.14/x64
2026-01-19T02:09:31.6673053Z   PKG_CONFIG_PATH: /opt/hostedtoolcache/Python/3.11.14/x64/lib/pkgconfig
2026-01-19T02:09:31.6673501Z   Python_ROOT_DIR: /opt/hostedtoolcache/Python/3.11.14/x64
2026-01-19T02:09:31.6673859Z   Python2_ROOT_DIR: /opt/hostedtoolcache/Python/3.11.14/x64
2026-01-19T02:09:31.6674217Z   Python3_ROOT_DIR: /opt/hostedtoolcache/Python/3.11.14/x64
2026-01-19T02:09:31.6674591Z   LD_LIBRARY_PATH: /opt/hostedtoolcache/Python/3.11.14/x64/lib
2026-01-19T02:09:31.6674893Z ##[endgroup]
2026-01-19T02:09:31.6788480Z ##[group]Run # Use --deep for comprehensive regression suite
2026-01-19T02:09:31.6788937Z [36;1m# Use --deep for comprehensive regression suite[0m
2026-01-19T02:09:31.6789395Z [36;1mpython orchestrator.py --project projects/ci_globalsqa_bank --deep --force[0m
2026-01-19T02:09:31.6821797Z shell: /usr/bin/bash -e {0}
2026-01-19T02:09:31.6822038Z env:
2026-01-19T02:09:31.6822304Z   pythonLocation: /opt/hostedtoolcache/Python/3.11.14/x64
2026-01-19T02:09:31.6822724Z   PKG_CONFIG_PATH: /opt/hostedtoolcache/Python/3.11.14/x64/lib/pkgconfig
2026-01-19T02:09:31.6823125Z   Python_ROOT_DIR: /opt/hostedtoolcache/Python/3.11.14/x64
2026-01-19T02:09:31.6823485Z   Python2_ROOT_DIR: /opt/hostedtoolcache/Python/3.11.14/x64
2026-01-19T02:09:31.6823841Z   Python3_ROOT_DIR: /opt/hostedtoolcache/Python/3.11.14/x64
2026-01-19T02:09:31.6824425Z   LD_LIBRARY_PATH: /opt/hostedtoolcache/Python/3.11.14/x64/lib
2026-01-19T02:09:31.6824947Z   GOOGLE_API_KEY: ***
2026-01-19T02:09:31.6825198Z   PYTHONPATH: .
2026-01-19T02:09:31.6825398Z ##[endgroup]
2026-01-19T02:09:33.2602180Z 🚀 [DEEP] Extensive mapping enabled (Depth: 3, Pages: 50)
2026-01-19T02:09:33.2602594Z 
2026-01-19T02:09:33.2603112Z 🗺️ [DISCOVERY] Starting Parallel Semantic Crawl on https://www.globalsqa.com/angularJs-protractor/BankingProject/ (Workers: 3)
2026-01-19T02:09:33.6773986Z   🔍 [Worker 0] Visiting (0): https://www.globalsqa.com/angularJs-protractor/BankingProject/
2026-01-19T02:09:34.7814068Z [DEBUG] Sending request to gemini-2.0-flash. Number of parts: 1
2026-01-19T02:09:34.7814566Z [DEBUG] Received response (Length: 198)
2026-01-19T02:09:34.7815139Z ✅ Discovery Complete. Mapped 1 pages.
2026-01-19T02:09:45.8605990Z 
2026-01-19T02:09:45.8606777Z [PLAN] PLANNER: Planning goal -> 'Customer and manager banking flows' (Deep Mode: True)
2026-01-19T02:09:45.8607679Z 🗺️ [PLAN] Loaded Sitemap with 1 pages.
2026-01-19T02:09:45.8608505Z 🎭 [EXPERT] Detected Domain: FINANCE. Persona: Act as a Senior SDET focusing on exploring application to understand functional flow and automating FinTech scenarios
2026-01-19T02:09:45.8609240Z [DEBUG] Sending request to gemini-2.0-flash. Number of parts: 1
2026-01-19T02:09:45.8609596Z [DEBUG] Received response (Length: 4352)
2026-01-19T02:09:45.8609956Z ✅ Planner generated 3 scenarios. Workflow updated.
2026-01-19T02:09:46.8455306Z 
2026-01-19T02:09:46.8456140Z 🕵️ [DEEP EXPLORER] Starting Multi-Scenario Exploration
2026-01-19T02:09:46.8456590Z 📋 Found 3 scenarios to explore.
2026-01-19T02:09:47.2102637Z 
2026-01-19T02:09:47.2103312Z [1/3] Exploring Scenario: Customer Login and Account Summary
2026-01-19T02:09:47.2104622Z     🧠 Initialized exploration context for goal: 'Customer and manager banking flows'
2026-01-19T02:09:47.2105476Z   ▶️ [STEP step_1] NAVIGATE: 
2026-01-19T02:09:48.0243609Z     ✅ Navigated to https://www.globalsqa.com/angularJs-protractor/BankingProject/
2026-01-19T02:09:48.0244223Z   ▶️ [STEP step_2] CLICK: Customer Login
2026-01-19T02:09:48.0419932Z     🔍 Mining locators for: 'Customer Login'
2026-01-19T02:09:48.0878690Z     ✅ Found 2 verified locators
2026-01-19T02:09:51.6681899Z     ✅ State transitioned.
2026-01-19T02:09:53.3436323Z [DEBUG] Sending request to gemini-2.0-flash. Number of parts: 2
2026-01-19T02:09:53.3436937Z [DEBUG] Received response (Length: 201)
2026-01-19T02:09:53.3437670Z     🤖 AI Next Step Suggestion: fill -> select user
2026-01-19T02:09:53.3438054Z     🧩 Suggested Locator: #userSelect
2026-01-19T02:09:53.3438541Z     💭 Reasoning: Select a user to login as. Hermoine Granger is the first user in the list.
2026-01-19T02:09:53.3438998Z     ➕ Injected AI step: fill -> select user
2026-01-19T02:09:53.3442105Z   ▶️ [STEP step_2_ai_1] FILL: select user
2026-01-19T02:09:53.3505981Z     🎯 Using AI-provided locator: #userSelect
2026-01-19T02:09:53.3569223Z     ✅ Found 1 verified locators
2026-01-19T02:10:00.3658309Z     ✅ State transitioned.
2026-01-19T02:10:02.0165062Z [DEBUG] Sending request to gemini-2.0-flash. Number of parts: 2
2026-01-19T02:10:02.0166030Z [DEBUG] Received response (Length: 172)
2026-01-19T02:10:02.0166875Z     🤖 AI Next Step Suggestion: click -> Login
2026-01-19T02:10:02.0167407Z     🧩 Suggested Locator: button
2026-01-19T02:10:02.0168274Z     💭 Reasoning: After selecting a user, the next logical step is to click the Login button to proceed.
2026-01-19T02:10:02.0169117Z     ➕ Injected AI step: click -> Login
2026-01-19T02:10:02.0169616Z   ▶️ [STEP step_2_ai_2] CLICK: Login
2026-01-19T02:10:02.0228117Z     🎯 Using AI-provided locator: button
2026-01-19T02:10:02.0293303Z     ✅ Found 1 verified locators
2026-01-19T02:10:06.0851362Z     ✅ State transitioned.
2026-01-19T02:10:07.3919059Z [DEBUG] Sending request to gemini-2.0-flash. Number of parts: 2
2026-01-19T02:10:07.3919591Z [DEBUG] Received response (Length: 151)
2026-01-19T02:10:07.3920171Z     🤖 AI Next Step Suggestion: click -> Home
2026-01-19T02:10:07.3920794Z     🧩 Suggested Locator: button
2026-01-19T02:10:07.3921524Z     💭 Reasoning: To go back to the main page and explore the manager banking flows.
2026-01-19T02:10:07.3921984Z     ➕ Injected AI step: click -> Home
2026-01-19T02:10:07.3922304Z   ▶️ [STEP step_2_ai_3] CLICK: Home
2026-01-19T02:10:07.3978380Z     🎯 Using AI-provided locator: button
2026-01-19T02:10:07.4031502Z     ✅ Found 1 verified locators
2026-01-19T02:10:11.4478943Z     ✅ State transitioned.
2026-01-19T02:10:12.8281859Z [DEBUG] Sending request to gemini-2.0-flash. Number of parts: 2
2026-01-19T02:10:12.8282470Z [DEBUG] Received response (Length: 283)
2026-01-19T02:10:12.8283357Z     🤖 AI Next Step Suggestion: click -> Bank Manager Login
2026-01-19T02:10:12.8284084Z     🧩 Suggested Locator: button:contains('Bank Manager Login')
2026-01-19T02:10:12.8285510Z     💭 Reasoning: The goal is to explore both customer and manager banking flows. We've already explored the customer flow, so now we should explore the bank manager flow.
2026-01-19T02:10:12.8286794Z     ➕ Injected AI step: click -> Bank Manager Login
2026-01-19T02:10:12.8287417Z   ▶️ [STEP step_2_ai_4] CLICK: Bank Manager Login
2026-01-19T02:10:12.8348171Z     🎯 Using AI-provided locator: button:contains('Bank Manager Login')
2026-01-19T02:10:12.8389956Z     🔍 Mining locators for: 'Bank Manager Login'
2026-01-19T02:10:12.8721303Z     ✅ Found 2 verified locators
2026-01-19T02:10:16.4295265Z     ✅ State transitioned.
2026-01-19T02:10:17.9834806Z [DEBUG] Sending request to gemini-2.0-flash. Number of parts: 2
2026-01-19T02:10:17.9835412Z [DEBUG] Received response (Length: 220)
2026-01-19T02:10:17.9836157Z     🤖 AI Next Step Suggestion: click -> Add Customer
2026-01-19T02:10:17.9836877Z     💭 Reasoning: To explore the manager banking flows, adding a customer is a logical next step after logging in as a bank manager.
2026-01-19T02:10:17.9837468Z     ➕ Injected AI step: click -> Add Customer
2026-01-19T02:10:17.9837806Z   ▶️ [STEP step_2_ai_5] CLICK: Add Customer
2026-01-19T02:10:17.9895781Z     🔍 Mining locators for: 'Add Customer'
2026-01-19T02:10:18.0230594Z     ✅ Found 2 verified locators
2026-01-19T02:10:21.5806728Z     ✅ State transitioned.
2026-01-19T02:10:23.2559364Z [DEBUG] Sending request to gemini-2.0-flash. Number of parts: 2
2026-01-19T02:10:23.2559952Z [DEBUG] Received response (Length: 179)
2026-01-19T02:10:23.2560744Z     🤖 AI Next Step Suggestion: fill -> First Name
2026-01-19T02:10:23.2561675Z     🧩 Suggested Locator: input[placeholder='First Name']
2026-01-19T02:10:23.2562371Z     💭 Reasoning: Need to fill the first name to add a customer
2026-01-19T02:10:23.2563001Z     ➕ Injected AI step: fill -> First Name
2026-01-19T02:10:23.2563511Z   ▶️ [STEP step_2_ai_6] FILL: First Name
2026-01-19T02:10:23.2619711Z     🎯 Using AI-provided locator: input[placeholder='First Name']
2026-01-19T02:10:23.2682077Z     ✅ Found 1 verified locators
2026-01-19T02:10:28.7954226Z     ✅ State transitioned.
2026-01-19T02:10:30.2235751Z [DEBUG] Sending request to gemini-2.0-flash. Number of parts: 2
2026-01-19T02:10:30.2236454Z [DEBUG] Received response (Length: 205)
2026-01-19T02:10:30.2237598Z     🤖 AI Next Step Suggestion: fill -> Last Name
2026-01-19T02:10:30.2238106Z     🧩 Suggested Locator: input[placeholder='Last Name']
2026-01-19T02:10:30.2238643Z     💭 Reasoning: Need to fill out the last name field to complete the customer information.
2026-01-19T02:10:30.2239109Z     ➕ Injected AI step: fill -> Last Name
2026-01-19T02:10:30.2239431Z   ▶️ [STEP step_2_ai_7] FILL: Last Name
2026-01-19T02:10:30.2294470Z     🎯 Using AI-provided locator: input[placeholder='Last Name']
2026-01-19T02:10:30.2353943Z     ✅ Found 1 verified locators
2026-01-19T02:10:35.6312907Z     ✅ State transitioned.
2026-01-19T02:10:37.3973593Z [DEBUG] Sending request to gemini-2.0-flash. Number of parts: 2
2026-01-19T02:10:37.3974228Z [DEBUG] Received response (Length: 259)
2026-01-19T02:10:37.3974942Z     🤖 AI Next Step Suggestion: fill -> Post Code
2026-01-19T02:10:37.3975358Z     🧩 Suggested Locator: input[ng-model='postalCode']
2026-01-19T02:10:37.3976416Z     💭 Reasoning: The First Name and Last Name fields have been filled. The next logical step is to fill the Post Code field to complete the form.
2026-01-19T02:10:37.3977033Z     ➕ Injected AI step: fill -> Post Code
2026-01-19T02:10:37.3977634Z   ▶️ [STEP step_2_ai_8] FILL: Post Code
2026-01-19T02:10:37.4034855Z     🎯 Using AI-provided locator: input[ng-model='postalCode']
2026-01-19T02:10:37.4053475Z     🔍 Mining locators for: 'Post Code'
2026-01-19T02:10:37.4510074Z     ✅ Found 2 verified locators
2026-01-19T02:10:42.3200290Z     ✅ State transitioned.
2026-01-19T02:10:44.0257225Z [DEBUG] Sending request to gemini-2.0-flash. Number of parts: 2
2026-01-19T02:10:44.0257853Z [DEBUG] Received response (Length: 183)
2026-01-19T02:10:44.0258659Z     🤖 AI Next Step Suggestion: click -> Add Customer
2026-01-19T02:10:44.0259284Z     🧩 Suggested Locator: button:contains('Add Customer')
2026-01-19T02:10:44.0260043Z     💭 Reasoning: The form is complete, so we should submit it to add the customer.
2026-01-19T02:10:44.0260784Z     ➕ Injected AI step: click -> Add Customer
2026-01-19T02:10:44.0261525Z   ▶️ [STEP step_2_ai_9] CLICK: Add Customer
2026-01-19T02:10:44.0314766Z     🎯 Using AI-provided locator: button:contains('Add Customer')
2026-01-19T02:10:44.0340140Z     🔍 Mining locators for: 'Add Customer'
2026-01-19T02:10:44.0902042Z     ✅ Found 2 verified locators
2026-01-19T02:10:47.6287239Z     ✅ State transitioned.
2026-01-19T02:10:49.1536001Z [DEBUG] Sending request to gemini-2.0-flash. Number of parts: 2
2026-01-19T02:10:49.1536631Z [DEBUG] Received response (Length: 229)
2026-01-19T02:10:49.1537435Z     🤖 AI Next Step Suggestion: click -> Add Customer
2026-01-19T02:10:49.1538090Z     🧩 Suggested Locator: button:contains('Add Customer')
2026-01-19T02:10:49.1539058Z     💭 Reasoning: The form is complete, so clicking 'Add Customer' will submit the form and create the customer.
2026-01-19T02:10:49.1540150Z ⚠️ Loop detected: same AI suggestion repeated 2 times. Moving to next step.
2026-01-19T02:10:49.1540888Z   ▶️ [STEP step_3] SELECT: Your Name
2026-01-19T02:10:49.1594371Z     🔍 Mining locators for: 'Your Name'
2026-01-19T02:10:49.1902355Z     🧠 Consulting AI (Vision-First) to find 'Your Name'...
2026-01-19T02:10:49.1913661Z     🔍 Trying smart selectors for 'Your Name'...
2026-01-19T02:10:49.2141285Z     ⚠️ Smart selectors failed (no unique match). Falling back to AI Vision...
2026-01-19T02:10:49.2142159Z     ⚠️ Critical step failure: name 'time' is not defined
2026-01-19T02:10:49.2142726Z   ▶️ [STEP step_4] CLICK: Login
2026-01-19T02:10:49.2191054Z     🔍 Mining locators for: 'Login'
2026-01-19T02:10:49.2581944Z     🧠 Consulting AI (Vision-First) to find 'Login'...
2026-01-19T02:10:49.2582648Z     🔍 Trying smart selectors for 'Login'...
2026-01-19T02:10:49.2797124Z     ⚠️ Smart selectors failed (no unique match). Falling back to AI Vision...
2026-01-19T02:10:49.2797955Z     ⚠️ Critical step failure: name 'time' is not defined
2026-01-19T02:10:49.2798609Z   ▶️ [STEP step_5] ASSERT_VISIBLE: Account
2026-01-19T02:10:49.2847473Z     🔍 Mining locators for: 'Account'
2026-01-19T02:10:49.3328790Z     ✅ Found 2 verified locators
2026-01-19T02:10:51.8606147Z     ✅ State transitioned.
2026-01-19T02:10:51.8651251Z     🔄 Revisited state detected (count: 1)
2026-01-19T02:10:53.8379090Z [DEBUG] Sending request to gemini-2.0-flash. Number of parts: 2
2026-01-19T02:10:53.8379647Z [DEBUG] Received response (Length: 184)
2026-01-19T02:10:53.8380424Z     🤖 AI Next Step Suggestion: click -> Add Customer
2026-01-19T02:10:53.8380914Z     🧩 Suggested Locator: button:nth-of-type(2)
2026-01-19T02:10:53.8381777Z     💭 Reasoning: The form is complete, so click the 'Add Customer' button to submit the form.
2026-01-19T02:10:53.8382516Z     ➕ Injected AI step: click -> Add Customer
2026-01-19T02:10:53.8382987Z   ▶️ [STEP step_5_ai_1] CLICK: Add Customer
2026-01-19T02:10:53.8435327Z     🎯 Using AI-provided locator: button:nth-of-type(2)
2026-01-19T02:10:53.8501531Z     ✅ Found 1 verified locators
2026-01-19T02:10:57.8962499Z     ✅ State transitioned.
2026-01-19T02:10:59.6067509Z [DEBUG] Sending request to gemini-2.0-flash. Number of parts: 2
2026-01-19T02:10:59.6068093Z [DEBUG] Received response (Length: 251)
2026-01-19T02:10:59.6068889Z     🤖 AI Next Step Suggestion: click -> Login
2026-01-19T02:10:59.6070223Z     💭 Reasoning: After adding a customer as a manager, the next step is to log in as a customer to view the account. The 'Login' button is available on the current page.
2026-01-19T02:10:59.6071619Z     ➕ Injected AI step: click -> Login
2026-01-19T02:10:59.6072115Z   ▶️ [STEP step_5_ai_2] CLICK: Login
2026-01-19T02:10:59.6125818Z     🔍 Mining locators for: 'Login'
2026-01-19T02:10:59.6462242Z     ✅ Found 2 verified locators
2026-01-19T02:11:03.1959335Z     ✅ State transitioned.
2026-01-19T02:11:04.8856934Z [DEBUG] Sending request to gemini-2.0-flash. Number of parts: 2
2026-01-19T02:11:04.8857555Z [DEBUG] Received response (Length: 262)
2026-01-19T02:11:04.8858423Z     🤖 AI Next Step Suggestion: done -> N/A
2026-01-19T02:11:04.8860222Z     💭 Reasoning: The current page indicates that an account needs to be opened. However, there are no actions available on this page to open an account. The user needs to navigate back to the manager or customer page to create an account.
2026-01-19T02:11:04.8862101Z   ▶️ [STEP step_6] ASSERT_VISIBLE: Transactions
2026-01-19T02:11:04.8914558Z     🔍 Mining locators for: 'Transactions'
2026-01-19T02:11:04.9298436Z     ✅ Found 2 verified locators
2026-01-19T02:11:07.4599348Z     ✅ State transitioned.
2026-01-19T02:11:09.7628695Z [DEBUG] Sending request to gemini-2.0-flash. Number of parts: 2
2026-01-19T02:11:09.7629311Z [DEBUG] Received response (Length: 282)
2026-01-19T02:11:09.7630216Z     🤖 AI Next Step Suggestion: click -> Please open an account with us.
2026-01-19T02:11:09.7631294Z     💭 Reasoning: The page says 'Please open an account with us.' which implies that an account needs to be selected. Clicking the dropdown will reveal the available accounts.
2026-01-19T02:11:09.7632125Z     ➕ Injected AI step: click -> Please open an account with us.
2026-01-19T02:11:09.7632597Z   ▶️ [STEP step_6_ai_1] CLICK: Please open an account with us.
2026-01-19T02:11:09.7686380Z     🔍 Mining locators for: 'Please open an account with us.'
2026-01-19T02:11:09.7985014Z     ✅ Found 1 verified locators
2026-01-19T02:11:13.3607529Z     ✅ State transitioned.
2026-01-19T02:11:13.3652322Z     🔄 Revisited state detected (count: 1)
2026-01-19T02:11:14.9118275Z [DEBUG] Sending request to gemini-2.0-flash. Number of parts: 2
2026-01-19T02:11:14.9118876Z [DEBUG] Received response (Length: 482)
2026-01-19T02:11:14.9119599Z     🤖 AI Next Step Suggestion: done -> N/A
2026-01-19T02:11:14.9121896Z     💭 Reasoning: The user is on the account page, but no account is open. The only option is to select an account from the dropdown, but there are no accounts to select. The user needs to create an account first. Since the previous steps involved creating a customer and logging in, the next logical step would be to open an account. However, there is no direct way to open an account from this page. Therefore, the goal is unlikely to be achieved from here.
2026-01-19T02:11:14.9123486Z   ▶️ [STEP step_7] ASSERT_VISIBLE: Logout
2026-01-19T02:11:14.9172967Z     🔍 Mining locators for: 'Logout'
2026-01-19T02:11:14.9507093Z     ✅ Found 2 verified locators
2026-01-19T02:11:17.4910038Z     ✅ State transitioned.
2026-01-19T02:11:17.4964568Z     🔄 Revisited state detected (count: 2)
2026-01-19T02:11:19.5328500Z [DEBUG] Sending request to gemini-2.0-flash. Number of parts: 2
2026-01-19T02:11:19.5329106Z [DEBUG] Received response (Length: 207)
2026-01-19T02:11:19.5329910Z     🤖 AI Next Step Suggestion: click -> Please open an account with us.
2026-01-19T02:11:19.5330337Z     🧩 Suggested Locator: span
2026-01-19T02:11:19.5330899Z     💭 Reasoning: The user needs to open an account. Clicking this link will navigate to the account creation page.
2026-01-19T02:11:19.5332130Z ⚠️ Loop detected: same AI suggestion repeated 2 times. Moving to next step.
2026-01-19T02:11:21.5677682Z 
2026-01-19T02:11:21.5679672Z [2/3] Exploring Scenario: Manager Login and Customer Creation
2026-01-19T02:11:21.5680960Z     🧠 Initialized exploration context for goal: 'Customer and manager banking flows'
2026-01-19T02:11:21.5681912Z   ▶️ [STEP step_1] NAVIGATE: 
2026-01-19T02:11:22.3970884Z     ✅ Navigated to https://www.globalsqa.com/angularJs-protractor/BankingProject/
2026-01-19T02:11:22.3971741Z   ▶️ [STEP step_2] CLICK: Bank Manager Login
2026-01-19T02:11:22.4133977Z     🔍 Mining locators for: 'Bank Manager Login'
2026-01-19T02:11:22.4662139Z     ✅ Found 2 verified locators
2026-01-19T02:11:26.0468237Z     ✅ State transitioned.
2026-01-19T02:11:27.4021513Z [DEBUG] Sending request to gemini-2.0-flash. Number of parts: 2
2026-01-19T02:11:27.4022161Z [DEBUG] Received response (Length: 257)
2026-01-19T02:11:27.4022797Z     🤖 AI Next Step Suggestion: click -> Add Customer
2026-01-19T02:11:27.4023659Z     💭 Reasoning: To progress towards the goal of exploring customer and manager banking flows, the next logical step after logging in as a manager is to add a customer.
2026-01-19T02:11:27.4024367Z     ➕ Injected AI step: click -> Add Customer
2026-01-19T02:11:27.4024692Z   ▶️ [STEP step_2_ai_1] CLICK: Add Customer
2026-01-19T02:11:27.4081552Z     🔍 Mining locators for: 'Add Customer'
2026-01-19T02:11:27.4455413Z     ✅ Found 2 verified locators
2026-01-19T02:11:30.9916950Z     ✅ State transitioned.
2026-01-19T02:11:32.2641772Z [DEBUG] Sending request to gemini-2.0-flash. Number of parts: 2
2026-01-19T02:11:32.2642381Z [DEBUG] Received response (Length: 179)
2026-01-19T02:11:32.2643156Z     🤖 AI Next Step Suggestion: fill -> First Name
2026-01-19T02:11:32.2643799Z     🧩 Suggested Locator: input[placeholder='First Name']
2026-01-19T02:11:32.2644489Z     💭 Reasoning: Need to fill the first name to add a customer
2026-01-19T02:11:32.2645134Z     ➕ Injected AI step: fill -> First Name
2026-01-19T02:11:32.2645712Z   ▶️ [STEP step_2_ai_2] FILL: First Name
2026-01-19T02:11:32.2700219Z     🎯 Using AI-provided locator: input[placeholder='First Name']
2026-01-19T02:11:32.2761322Z     ✅ Found 1 verified locators
2026-01-19T02:11:37.9150827Z     ✅ State transitioned.
2026-01-19T02:11:39.1610525Z [DEBUG] Sending request to gemini-2.0-flash. Number of parts: 2
2026-01-19T02:11:39.1611040Z [DEBUG] Received response (Length: 186)
2026-01-19T02:11:39.1611889Z     🤖 AI Next Step Suggestion: fill -> Last Name
2026-01-19T02:11:39.1612299Z     🧩 Suggested Locator: input[placeholder='Last Name']
2026-01-19T02:11:39.1612758Z     💭 Reasoning: Need to fill out the last name field to add a customer.
2026-01-19T02:11:39.1613170Z     ➕ Injected AI step: fill -> Last Name
2026-01-19T02:11:39.1613485Z   ▶️ [STEP step_2_ai_3] FILL: Last Name
2026-01-19T02:11:39.1669901Z     🎯 Using AI-provided locator: input[placeholder='Last Name']
2026-01-19T02:11:39.1729666Z     ✅ Found 1 verified locators
2026-01-19T02:11:44.6902521Z     ✅ State transitioned.
2026-01-19T02:11:45.9813659Z [DEBUG] Sending request to gemini-2.0-flash. Number of parts: 2
2026-01-19T02:11:45.9814165Z [DEBUG] Received response (Length: 228)
2026-01-19T02:11:45.9815076Z     🤖 AI Next Step Suggestion: fill -> Post Code
2026-01-19T02:11:45.9815503Z     🧩 Suggested Locator: input[placeholder='Post Code']
2026-01-19T02:11:45.9816102Z     💭 Reasoning: The 'Post Code' field is visible and needs to be filled to complete the customer creation form.
2026-01-19T02:11:45.9816618Z     ➕ Injected AI step: fill -> Post Code
2026-01-19T02:11:45.9816939Z   ▶️ [STEP step_2_ai_4] FILL: Post Code
2026-01-19T02:11:45.9872018Z     🎯 Using AI-provided locator: input[placeholder='Post Code']
2026-01-19T02:11:45.9931528Z     ✅ Found 1 verified locators
2026-01-19T02:11:51.3894800Z     ✅ State transitioned.
2026-01-19T02:11:52.8705042Z [DEBUG] Sending request to gemini-2.0-flash. Number of parts: 2
2026-01-19T02:11:52.8705823Z [DEBUG] Received response (Length: 251)
2026-01-19T02:11:52.8707031Z     🤖 AI Next Step Suggestion: click -> Add Customer
2026-01-19T02:11:52.8707680Z     🧩 Suggested Locator: button:contains('Add Customer')
2026-01-19T02:11:52.8708955Z     💭 Reasoning: All the required fields for adding a customer have been filled. Clicking 'Add Customer' will submit the form and create the customer.
2026-01-19T02:11:52.8710078Z     ➕ Injected AI step: click -> Add Customer
2026-01-19T02:11:52.8712259Z   ▶️ [STEP step_2_ai_5] CLICK: Add Customer
2026-01-19T02:11:52.8767840Z     🎯 Using AI-provided locator: button:contains('Add Customer')
2026-01-19T02:11:52.8801978Z     🔍 Mining locators for: 'Add Customer'
2026-01-19T02:11:52.9380558Z     ✅ Found 2 verified locators
2026-01-19T02:11:56.4758705Z     ✅ State transitioned.
2026-01-19T02:11:58.1920278Z [DEBUG] Sending request to gemini-2.0-flash. Number of parts: 2
2026-01-19T02:11:58.1920901Z [DEBUG] Received response (Length: 207)
2026-01-19T02:11:58.1922022Z     🤖 AI Next Step Suggestion: click -> Add Customer
2026-01-19T02:11:58.1922757Z     🧩 Suggested Locator: button:contains('Add Customer')
2026-01-19T02:11:58.1923713Z     💭 Reasoning: The form is filled, so clicking 'Add Customer' will submit the form and add the customer.
2026-01-19T02:11:58.1924771Z ⚠️ Loop detected: same AI suggestion repeated 2 times. Moving to next step.
2026-01-19T02:11:58.1925458Z   ▶️ [STEP step_3] CLICK: Add Customer
2026-01-19T02:11:58.1981435Z     🔍 Mining locators for: 'Add Customer'
2026-01-19T02:11:58.2534175Z     ✅ Found 2 verified locators
2026-01-19T02:12:01.7898978Z     ✅ State transitioned.
2026-01-19T02:12:01.7944571Z     🔄 Revisited state detected (count: 1)
2026-01-19T02:12:03.2210137Z [DEBUG] Sending request to gemini-2.0-flash. Number of parts: 2
2026-01-19T02:12:03.2210686Z [DEBUG] Received response (Length: 197)
2026-01-19T02:12:03.2211579Z     🤖 AI Next Step Suggestion: click -> Add Customer
2026-01-19T02:12:03.2212525Z     💭 Reasoning: The form is complete, so clicking 'Add Customer' will submit the form and add the customer.
2026-01-19T02:12:03.2213296Z     ⚠️ Skipping duplicate AI suggestion (just executed): ('click', 'add customer')
2026-01-19T02:12:03.2213744Z   ▶️ [STEP step_4] FILL: First Name
2026-01-19T02:12:03.2266450Z     🔍 Mining locators for: 'First Name'
2026-01-19T02:12:03.2804457Z     ✅ Found 2 verified locators
2026-01-19T02:12:08.5066012Z     ✅ State transitioned.
2026-01-19T02:12:10.0553036Z [DEBUG] Sending request to gemini-2.0-flash. Number of parts: 2
2026-01-19T02:12:10.0553647Z [DEBUG] Received response (Length: 203)
2026-01-19T02:12:10.0554447Z     🤖 AI Next Step Suggestion: fill -> First Name
2026-01-19T02:12:10.0555071Z     💭 Reasoning: The form requires a first name to be filled. Filling the first name will complete the form.
2026-01-19T02:12:10.0555711Z     ⚠️ Skipping duplicate AI suggestion (just executed): ('fill', 'first name')
2026-01-19T02:12:10.0556138Z   ▶️ [STEP step_5] FILL: Last Name
2026-01-19T02:12:10.0610687Z     🔍 Mining locators for: 'Last Name'
2026-01-19T02:12:10.1135195Z     ✅ Found 2 verified locators
2026-01-19T02:12:15.7320560Z     ✅ State transitioned.
2026-01-19T02:12:17.4671740Z [DEBUG] Sending request to gemini-2.0-flash. Number of parts: 2
2026-01-19T02:12:17.4672649Z [DEBUG] Received response (Length: 256)
2026-01-19T02:12:17.4673445Z     🤖 AI Next Step Suggestion: click -> Add Customer
2026-01-19T02:12:17.4674009Z     🧩 Suggested Locator: button:contains('Add Customer')
2026-01-19T02:12:17.4675033Z     💭 Reasoning: The form is complete (First Name, Last Name, and Post Code are filled). Clicking 'Add Customer' will submit the form and add the customer.
2026-01-19T02:12:17.4676042Z     ➕ Injected AI step: click -> Add Customer
2026-01-19T02:12:17.4676551Z   ▶️ [STEP step_5_ai_1] CLICK: Add Customer
2026-01-19T02:12:17.4733696Z     🎯 Using AI-provided locator: button:contains('Add Customer')
2026-01-19T02:12:17.4758129Z     🔍 Mining locators for: 'Add Customer'
2026-01-19T02:12:17.5355908Z     ✅ Found 2 verified locators
2026-01-19T02:12:21.0750411Z     ✅ State transitioned.
2026-01-19T02:12:21.0795606Z     🔄 Revisited state detected (count: 1)
2026-01-19T02:12:22.6640684Z [DEBUG] Sending request to gemini-2.0-flash. Number of parts: 2
2026-01-19T02:12:22.6641512Z [DEBUG] Received response (Length: 219)
2026-01-19T02:12:22.6642326Z     🤖 AI Next Step Suggestion: fill -> Post Code
2026-01-19T02:12:22.6643005Z     🧩 Suggested Locator: input[placeholder='Post Code']
2026-01-19T02:12:22.6643946Z     💭 Reasoning: The 'Post Code' field is the next logical field to fill in the form to add a customer.
2026-01-19T02:12:22.6644779Z     ➕ Injected AI step: fill -> Post Code
2026-01-19T02:12:22.6645299Z   ▶️ [STEP step_5_ai_2] FILL: Post Code
2026-01-19T02:12:22.6699796Z     🎯 Using AI-provided locator: input[placeholder='Post Code']
2026-01-19T02:12:22.6758804Z     ✅ Found 1 verified locators
2026-01-19T02:12:28.2141735Z     ✅ State transitioned.
2026-01-19T02:12:29.6920739Z [DEBUG] Sending request to gemini-2.0-flash. Number of parts: 2
2026-01-19T02:12:29.6921513Z [DEBUG] Received response (Length: 224)
2026-01-19T02:12:29.6922355Z     🤖 AI Next Step Suggestion: click -> Add Customer
2026-01-19T02:12:29.6922801Z     🧩 Suggested Locator: button:contains('Add Customer')
2026-01-19T02:12:29.6923443Z     💭 Reasoning: All the customer details are filled. Clicking on 'Add Customer' will submit the form and add the customer.
2026-01-19T02:12:29.6923997Z     ➕ Injected AI step: click -> Add Customer
2026-01-19T02:12:29.6926840Z   ▶️ [STEP step_5_ai_3] CLICK: Add Customer
2026-01-19T02:12:29.6979119Z     🎯 Using AI-provided locator: button:contains('Add Customer')
2026-01-19T02:12:29.7003036Z     🔍 Mining locators for: 'Add Customer'
2026-01-19T02:12:29.7522643Z     ✅ Found 2 verified locators
2026-01-19T02:12:33.3249010Z     ✅ State transitioned.
2026-01-19T02:12:33.3293610Z     🔄 Revisited state detected (count: 1)
2026-01-19T02:12:34.8226338Z [DEBUG] Sending request to gemini-2.0-flash. Number of parts: 2
2026-01-19T02:12:34.8226926Z [DEBUG] Received response (Length: 225)
2026-01-19T02:12:34.8227853Z     🤖 AI Next Step Suggestion: click -> Add Customer
2026-01-19T02:12:34.8228482Z     🧩 Suggested Locator: button:nth-of-type(2)
2026-01-19T02:12:34.8229597Z     💭 Reasoning: The form is complete (First Name, Last Name, and Post Code are filled). Clicking 'Add Customer' will submit the form.
2026-01-19T02:12:34.8230806Z ⚠️ Loop detected: same AI suggestion repeated 2 times. Moving to next step.
2026-01-19T02:12:34.8231761Z   ▶️ [STEP step_6] FILL: Post Code
2026-01-19T02:12:34.8284163Z     🔍 Mining locators for: 'Post Code'
2026-01-19T02:12:34.8793857Z     ✅ Found 2 verified locators
2026-01-19T02:12:39.7759133Z     ✅ State transitioned.
2026-01-19T02:12:41.2084143Z [DEBUG] Sending request to gemini-2.0-flash. Number of parts: 2
2026-01-19T02:12:41.2084714Z [DEBUG] Received response (Length: 179)
2026-01-19T02:12:41.2085314Z     🤖 AI Next Step Suggestion: fill -> First Name
2026-01-19T02:12:41.2085830Z     💭 Reasoning: The form requires the first name to be filled in to add a customer.
2026-01-19T02:12:41.2086609Z     ➕ Injected AI step: fill -> First Name
2026-01-19T02:12:41.2086952Z   ▶️ [STEP step_6_ai_1] FILL: First Name
2026-01-19T02:12:41.2141048Z     🔍 Mining locators for: 'First Name'
2026-01-19T02:12:41.2624680Z     ✅ Found 2 verified locators
2026-01-19T02:12:46.4241945Z     ✅ State transitioned.
2026-01-19T02:12:47.8568945Z [DEBUG] Sending request to gemini-2.0-flash. Number of parts: 2
2026-01-19T02:12:47.8569556Z [DEBUG] Received response (Length: 206)
2026-01-19T02:12:47.8570355Z     🤖 AI Next Step Suggestion: fill -> Last Name
2026-01-19T02:12:47.8571984Z     💭 Reasoning: The 'Last Name' field is visible and needs to be filled to complete the customer creation form.
2026-01-19T02:12:47.8573141Z     ➕ Injected AI step: fill -> Last Name
2026-01-19T02:12:47.8573833Z   ▶️ [STEP step_6_ai_2] FILL: Last Name
2026-01-19T02:12:47.8626427Z     🔍 Mining locators for: 'Last Name'
2026-01-19T02:12:47.9124274Z     ✅ Found 2 verified locators
2026-01-19T02:12:53.2816929Z     ✅ State transitioned.
2026-01-19T02:12:54.7280107Z [DEBUG] Sending request to gemini-2.0-flash. Number of parts: 2
2026-01-19T02:12:54.7280770Z [DEBUG] Received response (Length: 176)
2026-01-19T02:12:54.7281854Z     🤖 AI Next Step Suggestion: click -> Add Customer
2026-01-19T02:12:54.7282483Z     🧩 Suggested Locator: button:nth-of-type(2)
2026-01-19T02:12:54.7283244Z     💭 Reasoning: The form is filled, so clicking 'Add Customer' will submit the form.
2026-01-19T02:12:54.7283992Z     ➕ Injected AI step: click -> Add Customer
2026-01-19T02:12:54.7284524Z   ▶️ [STEP step_6_ai_3] CLICK: Add Customer
2026-01-19T02:12:54.7337904Z     🎯 Using AI-provided locator: button:nth-of-type(2)
2026-01-19T02:12:54.7394664Z     ✅ Found 1 verified locators
2026-01-19T02:12:58.7917418Z     ✅ State transitioned.
2026-01-19T02:13:00.2881494Z [DEBUG] Sending request to gemini-2.0-flash. Number of parts: 2
2026-01-19T02:13:00.2882093Z [DEBUG] Received response (Length: 290)
2026-01-19T02:13:00.2882876Z     🤖 AI Next Step Suggestion: click -> Login
2026-01-19T02:13:00.2884485Z     💭 Reasoning: After adding a customer as a manager, the next step is to log in as a customer to verify the account and perform customer-related actions. The 'Login' button is available on the current page.
2026-01-19T02:13:00.2885453Z     ➕ Injected AI step: click -> Login
2026-01-19T02:13:00.2885773Z   ▶️ [STEP step_6_ai_4] CLICK: Login
2026-01-19T02:13:00.2940005Z     🔍 Mining locators for: 'Login'
2026-01-19T02:13:00.3262935Z     ✅ Found 2 verified locators
2026-01-19T02:13:03.8741552Z     ✅ State transitioned.
2026-01-19T02:13:05.4577795Z [DEBUG] Sending request to gemini-2.0-flash. Number of parts: 2
2026-01-19T02:13:05.4578409Z [DEBUG] Received response (Length: 457)
2026-01-19T02:13:05.4579092Z     🤖 AI Next Step Suggestion: done -> N/A
2026-01-19T02:13:05.4580974Z     💭 Reasoning: The current page indicates that an account needs to be opened. However, the previous steps focused on adding a customer. Since the goal is to explore customer and manager banking flows, and a customer has been added, the next logical step would be to create an account for that customer. However, there is no option to create an account on this page. Therefore, the current goal is unlikely to be achieved from here.
2026-01-19T02:13:05.4582817Z   ▶️ [STEP step_7] CLICK: Add Customer
2026-01-19T02:13:05.4632577Z     🔍 Mining locators for: 'Add Customer'
2026-01-19T02:13:05.4894360Z     🧠 Consulting AI (Vision-First) to find 'Add Customer'...
2026-01-19T02:13:05.4894979Z     🔍 Trying smart selectors for 'Add Customer'...
2026-01-19T02:13:05.5113925Z     ⚠️ Smart selectors failed (no unique match). Falling back to AI Vision...
2026-01-19T02:13:05.5114731Z     ⚠️ Critical step failure: name 'time' is not defined
2026-01-19T02:13:05.5115176Z   ▶️ [STEP step_8] WAIT: 
2026-01-19T02:13:10.5263394Z     ⚠️ Scroll into view failed for text=None. Proceeding anyway.
2026-01-19T02:13:12.5287140Z     ✅ State transitioned.
2026-01-19T02:13:14.0741042Z [DEBUG] Sending request to gemini-2.0-flash. Number of parts: 2
2026-01-19T02:13:14.0742218Z [DEBUG] Received response (Length: 379)
2026-01-19T02:13:14.0742984Z     🤖 AI Next Step Suggestion: done -> N/A
2026-01-19T02:13:14.0744995Z     💭 Reasoning: The user is on the account page, but there is no account opened. The user needs to open an account first. Since the goal is customer and manager banking flows, and the user is logged in, the next step would be to interact with the account. However, there is no account. The user needs to go back to the manager page and create an account.
2026-01-19T02:13:16.1174246Z 
2026-01-19T02:13:16.1175169Z [3/3] Exploring Scenario: Customer Deposit and Withdrawal
2026-01-19T02:13:16.1176324Z     🧠 Initialized exploration context for goal: 'Customer and manager banking flows'
2026-01-19T02:13:16.1177055Z   ▶️ [STEP step_1] NAVIGATE: 
2026-01-19T02:13:16.9480209Z     ✅ Navigated to https://www.globalsqa.com/angularJs-protractor/BankingProject/
2026-01-19T02:13:16.9480767Z   ▶️ [STEP step_2] CLICK: Customer Login
2026-01-19T02:13:16.9651351Z     🔍 Mining locators for: 'Customer Login'
2026-01-19T02:13:17.0117654Z     ✅ Found 2 verified locators
2026-01-19T02:13:20.5923017Z     ✅ State transitioned.
2026-01-19T02:13:20.6262644Z [CACHE HIT] 595a91d4... (hits: 1, misses: 34)
2026-01-19T02:13:20.6263473Z     🤖 AI Next Step Suggestion: fill -> select user
2026-01-19T02:13:20.6263850Z     🧩 Suggested Locator: #userSelect
2026-01-19T02:13:20.6264356Z     💭 Reasoning: Select a user to login as. Hermoine Granger is the first user in the list.
2026-01-19T02:13:20.6264835Z     ➕ Injected AI step: fill -> select user
2026-01-19T02:13:20.6265161Z   ▶️ [STEP step_2_ai_1] FILL: select user
2026-01-19T02:13:20.6320252Z     🎯 Using AI-provided locator: #userSelect
2026-01-19T02:13:20.6379464Z     ✅ Found 1 verified locators
2026-01-19T02:13:26.5431558Z     ✅ State transitioned.
2026-01-19T02:13:26.5775979Z [CACHE HIT] f8ab37fd... (hits: 2, misses: 34)
2026-01-19T02:13:26.5776803Z     🤖 AI Next Step Suggestion: click -> Login
2026-01-19T02:13:26.5777186Z     🧩 Suggested Locator: button
2026-01-19T02:13:26.5777744Z     💭 Reasoning: After selecting a user, the next logical step is to click the Login button to proceed.
2026-01-19T02:13:26.5778265Z     ➕ Injected AI step: click -> Login
2026-01-19T02:13:26.5778577Z   ▶️ [STEP step_2_ai_2] CLICK: Login
2026-01-19T02:13:26.5829048Z     🎯 Using AI-provided locator: button
2026-01-19T02:13:26.5889384Z     ✅ Found 1 verified locators
2026-01-19T02:13:30.6410087Z     ✅ State transitioned.
2026-01-19T02:13:30.6713697Z [CACHE HIT] 5ff4ebca... (hits: 3, misses: 34)
2026-01-19T02:13:30.6714602Z     🤖 AI Next Step Suggestion: click -> Home
2026-01-19T02:13:30.6714958Z     🧩 Suggested Locator: button
2026-01-19T02:13:30.6715428Z     💭 Reasoning: To go back to the main page and explore the manager banking flows.
2026-01-19T02:13:30.6715866Z     ➕ Injected AI step: click -> Home
2026-01-19T02:13:30.6716186Z   ▶️ [STEP step_2_ai_3] CLICK: Home
2026-01-19T02:13:30.6765742Z     🎯 Using AI-provided locator: button
2026-01-19T02:13:30.6820246Z     ✅ Found 1 verified locators
2026-01-19T02:13:34.7174920Z     ✅ State transitioned.
2026-01-19T02:13:34.7504388Z [CACHE HIT] 32b0a30f... (hits: 4, misses: 34)
2026-01-19T02:13:34.7505204Z     🤖 AI Next Step Suggestion: click -> Bank Manager Login
2026-01-19T02:13:34.7505712Z     🧩 Suggested Locator: button:contains('Bank Manager Login')
2026-01-19T02:13:34.7506553Z     💭 Reasoning: The goal is to explore both customer and manager banking flows. We've already explored the customer flow, so now we should explore the bank manager flow.
2026-01-19T02:13:34.7507271Z     ➕ Injected AI step: click -> Bank Manager Login
2026-01-19T02:13:34.7507740Z   ▶️ [STEP step_2_ai_4] CLICK: Bank Manager Login
2026-01-19T02:13:34.7553999Z     🎯 Using AI-provided locator: button:contains('Bank Manager Login')
2026-01-19T02:13:34.7591627Z     🔍 Mining locators for: 'Bank Manager Login'
2026-01-19T02:13:34.8064950Z     ✅ Found 2 verified locators
2026-01-19T02:13:38.3544982Z     ✅ State transitioned.
2026-01-19T02:13:38.3869355Z [CACHE HIT] f805dd6a... (hits: 5, misses: 34)
2026-01-19T02:13:38.3870136Z     🤖 AI Next Step Suggestion: click -> Add Customer
2026-01-19T02:13:38.3871366Z     💭 Reasoning: To explore the manager banking flows, adding a customer is a logical next step after logging in as a bank manager.
2026-01-19T02:13:38.3872047Z     ➕ Injected AI step: click -> Add Customer
2026-01-19T02:13:38.3872397Z   ▶️ [STEP step_2_ai_5] CLICK: Add Customer
2026-01-19T02:13:38.3918595Z     🔍 Mining locators for: 'Add Customer'
2026-01-19T02:13:38.4397534Z     ✅ Found 2 verified locators
2026-01-19T02:13:41.9873709Z     ✅ State transitioned.
2026-01-19T02:13:42.0337965Z [CACHE HIT] 87626f03... (hits: 6, misses: 34)
2026-01-19T02:13:42.0338857Z     🤖 AI Next Step Suggestion: fill -> First Name
2026-01-19T02:13:42.0339511Z     🧩 Suggested Locator: input[placeholder='First Name']
2026-01-19T02:13:42.0340200Z     💭 Reasoning: Need to fill the first name to add a customer
2026-01-19T02:13:42.0340846Z     ➕ Injected AI step: fill -> First Name
2026-01-19T02:13:42.0341535Z   ▶️ [STEP step_2_ai_6] FILL: First Name
2026-01-19T02:13:42.0387724Z     🎯 Using AI-provided locator: input[placeholder='First Name']
2026-01-19T02:13:42.0442978Z     ✅ Found 1 verified locators
2026-01-19T02:13:47.3269050Z     ✅ State transitioned.
2026-01-19T02:13:47.3669069Z [CACHE HIT] 0e418e75... (hits: 7, misses: 34)
2026-01-19T02:13:47.3669944Z     🤖 AI Next Step Suggestion: fill -> Last Name
2026-01-19T02:13:47.3670558Z     🧩 Suggested Locator: input[placeholder='Last Name']
2026-01-19T02:13:47.3672481Z     💭 Reasoning: Need to fill out the last name field to complete the customer information.
2026-01-19T02:13:47.3673196Z     ➕ Injected AI step: fill -> Last Name
2026-01-19T02:13:47.3673690Z   ▶️ [STEP step_2_ai_7] FILL: Last Name
2026-01-19T02:13:47.3727680Z     🎯 Using AI-provided locator: input[placeholder='Last Name']
2026-01-19T02:13:47.3781976Z     ✅ Found 1 verified locators
2026-01-19T02:13:52.8472760Z     ✅ State transitioned.
2026-01-19T02:13:52.8834737Z [CACHE HIT] 9b3efe7a... (hits: 8, misses: 34)
2026-01-19T02:13:52.8835662Z     🤖 AI Next Step Suggestion: fill -> Post Code
2026-01-19T02:13:52.8836362Z     🧩 Suggested Locator: input[ng-model='postalCode']
2026-01-19T02:13:52.8837597Z     💭 Reasoning: The First Name and Last Name fields have been filled. The next logical step is to fill the Post Code field to complete the form.
2026-01-19T02:13:52.8838662Z     ➕ Injected AI step: fill -> Post Code
2026-01-19T02:13:52.8839177Z   ▶️ [STEP step_2_ai_8] FILL: Post Code
2026-01-19T02:13:52.8888132Z     🎯 Using AI-provided locator: input[ng-model='postalCode']
2026-01-19T02:13:52.8906967Z     🔍 Mining locators for: 'Post Code'
2026-01-19T02:13:52.9425305Z     ✅ Found 2 verified locators
2026-01-19T02:13:58.1652150Z     ✅ State transitioned.
2026-01-19T02:13:58.1998246Z [CACHE HIT] f5a07189... (hits: 9, misses: 34)
2026-01-19T02:13:58.1999151Z     🤖 AI Next Step Suggestion: click -> Add Customer
2026-01-19T02:13:58.1999798Z     🧩 Suggested Locator: button:contains('Add Customer')
2026-01-19T02:13:58.2000531Z     💭 Reasoning: The form is complete, so we should submit it to add the customer.
2026-01-19T02:13:58.2001432Z     ➕ Injected AI step: click -> Add Customer
2026-01-19T02:13:58.2001952Z   ▶️ [STEP step_2_ai_9] CLICK: Add Customer
2026-01-19T02:13:58.2049760Z     🎯 Using AI-provided locator: button:contains('Add Customer')
2026-01-19T02:13:58.2075490Z     🔍 Mining locators for: 'Add Customer'
2026-01-19T02:13:58.2647409Z     ✅ Found 2 verified locators
2026-01-19T02:14:01.8025651Z     ✅ State transitioned.
2026-01-19T02:14:01.8498069Z [CACHE HIT] 1fabdd4f... (hits: 10, misses: 34)
2026-01-19T02:14:01.8499172Z     🤖 AI Next Step Suggestion: click -> Add Customer
2026-01-19T02:14:01.8499796Z     🧩 Suggested Locator: button:contains('Add Customer')
2026-01-19T02:14:01.8500753Z     💭 Reasoning: The form is complete, so clicking 'Add Customer' will submit the form and create the customer.
2026-01-19T02:14:01.8502242Z ⚠️ Loop detected: same AI suggestion repeated 2 times. Moving to next step.
2026-01-19T02:14:01.8502677Z   ▶️ [STEP step_3] SELECT: Your Name
2026-01-19T02:14:01.8549887Z     🔍 Mining locators for: 'Your Name'
2026-01-19T02:14:01.8823922Z     🧠 Consulting AI (Vision-First) to find 'Your Name'...
2026-01-19T02:14:01.8824625Z     🔍 Trying smart selectors for 'Your Name'...
2026-01-19T02:14:01.9045890Z     ⚠️ Smart selectors failed (no unique match). Falling back to AI Vision...
2026-01-19T02:14:01.9046886Z     ⚠️ Critical step failure: name 'time' is not defined
2026-01-19T02:14:01.9047446Z   ▶️ [STEP step_4] CLICK: Login
2026-01-19T02:14:01.9095225Z     🔍 Mining locators for: 'Login'
2026-01-19T02:14:01.9490808Z     🧠 Consulting AI (Vision-First) to find 'Login'...
2026-01-19T02:14:01.9492740Z     🔍 Trying smart selectors for 'Login'...
2026-01-19T02:14:01.9704105Z     ⚠️ Smart selectors failed (no unique match). Falling back to AI Vision...
2026-01-19T02:14:01.9704780Z     ⚠️ Critical step failure: name 'time' is not defined
2026-01-19T02:14:01.9705193Z   ▶️ [STEP step_5] CLICK: Deposit
2026-01-19T02:14:01.9753642Z     🔍 Mining locators for: 'Deposit'
2026-01-19T02:14:02.0156992Z     🧠 Consulting AI (Vision-First) to find 'Deposit'...
2026-01-19T02:14:02.0157696Z     🔍 Trying smart selectors for 'Deposit'...
2026-01-19T02:14:02.0368895Z     ⚠️ Smart selectors failed (no unique match). Falling back to AI Vision...
2026-01-19T02:14:02.0369438Z     ⚠️ Critical step failure: name 'time' is not defined
2026-01-19T02:14:02.0369822Z   ▶️ [STEP step_6] FILL: Amount to be Deposited
2026-01-19T02:14:02.0423981Z     🔍 Mining locators for: 'Amount to be Deposited'
2026-01-19T02:14:02.0830515Z     🧠 Consulting AI (Vision-First) to find 'Amount to be Deposited'...
2026-01-19T02:14:02.0831626Z     🔍 Trying smart selectors for 'Amount to be Deposited'...
2026-01-19T02:14:02.1052279Z     ⚠️ Smart selectors failed (no unique match). Falling back to AI Vision...
2026-01-19T02:14:02.1053106Z     ⚠️ Critical step failure: name 'time' is not defined
2026-01-19T02:14:02.1053731Z   ▶️ [STEP step_7] CLICK: Deposit
2026-01-19T02:14:02.1104019Z     🔍 Mining locators for: 'Deposit'
2026-01-19T02:14:02.1490796Z     🧠 Consulting AI (Vision-First) to find 'Deposit'...
2026-01-19T02:14:02.1492255Z     🔍 Trying smart selectors for 'Deposit'...
2026-01-19T02:14:02.1702417Z     ⚠️ Smart selectors failed (no unique match). Falling back to AI Vision...
2026-01-19T02:14:02.1703216Z     ⚠️ Critical step failure: name 'time' is not defined
2026-01-19T02:14:02.1703834Z   ▶️ [STEP step_8] ASSERT_VISIBLE: Deposit Successful
2026-01-19T02:14:02.1753423Z     🔍 Mining locators for: 'Deposit Successful'
2026-01-19T02:14:02.2157545Z     🧠 Consulting AI (Vision-First) to find 'Deposit Successful'...
2026-01-19T02:14:02.2158293Z     🔍 Trying smart selectors for 'Deposit Successful'...
2026-01-19T02:14:02.2372253Z     ⚠️ Smart selectors failed (no unique match). Falling back to AI Vision...
2026-01-19T02:14:02.2373056Z     ⚠️ Critical step failure: name 'time' is not defined
2026-01-19T02:14:02.2373583Z   ▶️ [STEP step_9] CLICK: Withdrawl
2026-01-19T02:14:02.2420397Z     🔍 Mining locators for: 'Withdrawl'
2026-01-19T02:14:02.2825803Z     🧠 Consulting AI (Vision-First) to find 'Withdrawl'...
2026-01-19T02:14:02.2826490Z     🔍 Trying smart selectors for 'Withdrawl'...
2026-01-19T02:14:02.3041408Z     ⚠️ Smart selectors failed (no unique match). Falling back to AI Vision...
2026-01-19T02:14:02.3042227Z     ⚠️ Critical step failure: name 'time' is not defined
2026-01-19T02:14:02.3042626Z   ▶️ [STEP step_10] FILL: Amount to be Withdrawn
2026-01-19T02:14:02.3089222Z     🔍 Mining locators for: 'Amount to be Withdrawn'
2026-01-19T02:14:02.3490989Z     🧠 Consulting AI (Vision-First) to find 'Amount to be Withdrawn'...
2026-01-19T02:14:02.3493197Z     🔍 Trying smart selectors for 'Amount to be Withdrawn'...
2026-01-19T02:14:02.3702398Z     ⚠️ Smart selectors failed (no unique match). Falling back to AI Vision...
2026-01-19T02:14:02.3703007Z     ⚠️ Critical step failure: name 'time' is not defined
2026-01-19T02:14:02.3703675Z   ▶️ [STEP step_11] CLICK: Withdraw
2026-01-19T02:14:02.3753401Z     🔍 Mining locators for: 'Withdraw'
2026-01-19T02:14:02.4161753Z     🧠 Consulting AI (Vision-First) to find 'Withdraw'...
2026-01-19T02:14:02.4162300Z     🔍 Trying smart selectors for 'Withdraw'...
2026-01-19T02:14:02.4373549Z     ⚠️ Smart selectors failed (no unique match). Falling back to AI Vision...
2026-01-19T02:14:02.4374203Z     ⚠️ Critical step failure: name 'time' is not defined
2026-01-19T02:14:02.4374641Z   ▶️ [STEP step_12] ASSERT_VISIBLE: Transaction successful
2026-01-19T02:14:02.4422182Z     🔍 Mining locators for: 'Transaction successful'
2026-01-19T02:14:02.4823736Z     🧠 Consulting AI (Vision-First) to find 'Transaction successful'...
2026-01-19T02:14:02.4824571Z     🔍 Trying smart selectors for 'Transaction successful'...
2026-01-19T02:14:02.5035591Z     ⚠️ Smart selectors failed (no unique match). Falling back to AI Vision...
2026-01-19T02:14:02.5036417Z     ⚠️ Critical step failure: name 'time' is not defined
2026-01-19T02:14:04.5377891Z 🗂️  All generated tests written to /home/runner/work/build_qa_automation/build_qa_automation/projects/ci_globalsqa_bank/tests/generated_scenarios.json
2026-01-19T02:14:04.5393069Z 🔄 Updated workflow.json with discovered steps and locators.
2026-01-19T02:14:04.5393459Z 
2026-01-19T02:14:04.5393687Z ✅ Deep Exploration Complete.
2026-01-19T02:20:09.8716716Z 
2026-01-19T02:20:09.8720141Z 🚀 [EXECUTE] Starting Automation Execution Engine
2026-01-19T02:20:09.8720773Z 📍 Project: ci_globalsqa_bank
2026-01-19T02:20:09.8721391Z 🎬 Mode: Headless
2026-01-19T02:20:09.8721586Z 
2026-01-19T02:20:09.8721813Z --- Scenario: Customer Login and Account Summary ---
2026-01-19T02:20:09.8722452Z   ▶️ [STEP step_1] NAVIGATE: Step step_1
2026-01-19T02:20:09.8722923Z     ✅ Step step_1 Passed.
2026-01-19T02:20:09.8723340Z   ▶️ [STEP step_2] CLICK: Customer Login
2026-01-19T02:20:09.8723952Z     🎯 Using mined locator: role=button[name='Customer Login']
2026-01-19T02:20:09.8724532Z     ✅ Step step_2 Passed.
2026-01-19T02:20:09.8724938Z   ▶️ [STEP step_2_ai_1] FILL: select user
2026-01-19T02:20:09.8725428Z     🎯 Using mined locator: #userSelect
2026-01-19T02:20:09.8725884Z     ✅ Step step_2_ai_1 Passed.
2026-01-19T02:20:09.8726301Z   ▶️ [STEP step_2_ai_2] CLICK: Login
2026-01-19T02:20:09.8726767Z     🎯 Using mined locator: button
2026-01-19T02:20:09.8727082Z     ✅ Step step_2_ai_2 Passed.
2026-01-19T02:20:09.8727348Z   ▶️ [STEP step_2_ai_3] CLICK: Home
2026-01-19T02:20:09.8727627Z     🎯 Using mined locator: button
2026-01-19T02:20:09.8727892Z     ✅ Step step_2_ai_3 Passed.
2026-01-19T02:20:09.8728186Z   ▶️ [STEP step_2_ai_4] CLICK: Bank Manager Login
2026-01-19T02:20:09.8728598Z     🎯 Using mined locator: role=button[name='Bank Manager Login']
2026-01-19T02:20:09.8729093Z     ✅ Step step_2_ai_4 Passed.
2026-01-19T02:20:09.8729517Z   ▶️ [STEP step_2_ai_5] CLICK: Add Customer
2026-01-19T02:20:09.8730053Z     🎯 Using mined locator: role=button[name='Add Customer']
2026-01-19T02:20:09.8730420Z     ✅ Step step_2_ai_5 Passed.
2026-01-19T02:20:09.8730744Z   ▶️ [STEP step_2_ai_6] FILL: First Name
2026-01-19T02:20:09.8731775Z     🎯 Using mined locator: input[placeholder='First Name']
2026-01-19T02:20:09.8732351Z     ✅ Step step_2_ai_6 Passed.
2026-01-19T02:20:09.8732646Z   ▶️ [STEP step_2_ai_7] FILL: Last Name
2026-01-19T02:20:09.8733001Z     🎯 Using mined locator: input[placeholder='Last Name']
2026-01-19T02:20:09.8733332Z     ✅ Step step_2_ai_7 Passed.
2026-01-19T02:20:09.8733674Z   ▶️ [STEP step_2_ai_8] FILL: Post Code
2026-01-19T02:20:09.8734211Z     🎯 Using mined locator: role=textbox[name='Post Code']
2026-01-19T02:20:09.8734733Z     ✅ Step step_2_ai_8 Passed.
2026-01-19T02:20:09.8735116Z   ▶️ [STEP step_2_ai_9] CLICK: Add Customer
2026-01-19T02:20:09.8735472Z     🎯 Using mined locator: role=button[name='Add Customer']
2026-01-19T02:20:09.8735789Z     ✅ Step step_2_ai_9 Passed.
2026-01-19T02:20:09.8736053Z   ▶️ [STEP step_3] SELECT: Your Name
2026-01-19T02:20:09.8736567Z     ✅ Step step_3 Passed.
2026-01-19T02:20:09.8736819Z   ▶️ [STEP step_4] CLICK: Login
2026-01-19T02:20:09.8737284Z     ❌ Attempt 1 failed (element_not_found): Locator.bounding_box: Timeout 30000ms exceeded.
2026-01-19T02:20:09.8737685Z Call log:
2026-01-19T02:20:09.8737884Z   - waiting for locator("text=Login")
2026-01-19T02:20:09.8738120Z ...
2026-01-19T02:20:09.8738384Z     🔧 [AUTO-HEAL] Re-mining page to find 'Login'...
2026-01-19T02:20:09.8738749Z [DEBUG] Sending request to gemini-2.0-flash. Number of parts: 2
2026-01-19T02:20:09.8739088Z [DEBUG] Received response (Length: 578)
2026-01-19T02:20:09.8739463Z     ✨ AI successfully healed the step! Found 2 alternatives.
2026-01-19T02:20:09.8739943Z     ✨ AI successfully healed the step! New selector: input[value='Add Customer']
2026-01-19T02:20:09.8740537Z     ❌ Attempt 2 failed (element_not_found): Locator.bounding_box: Timeout 30000ms exceeded.
2026-01-19T02:20:09.8740921Z Call log:
2026-01-19T02:20:09.8741364Z   - waiting for locator("input[value='Add ...
2026-01-19T02:20:09.8741741Z     🔧 [AUTO-HEAL] Re-mining page to find 'Login'...
2026-01-19T02:20:09.8742048Z [CACHE HIT] edf8333c... (hits: 1, misses: 1)
2026-01-19T02:20:09.8742405Z     ✨ AI successfully healed the step! Found 2 alternatives.
2026-01-19T02:20:09.8742865Z     ✨ AI successfully healed the step! New selector: input[value='Add Customer']
2026-01-19T02:20:09.8743425Z     ❌ Attempt 3 failed (element_not_found): Locator.bounding_box: Timeout 30000ms exceeded.
2026-01-19T02:20:09.8743808Z Call log:
2026-01-19T02:20:09.8744002Z   - waiting for locator("input[value='Add ...
2026-01-19T02:20:09.8744326Z     💀 Step step_4 failed after all retries.
2026-01-19T02:20:09.8744751Z 🛑 Scenario 'Customer Login and Account Summary' aborted due to step failure.
2026-01-19T02:20:09.8745035Z 
2026-01-19T02:20:09.8745172Z --- Scenario: Manager Login and Customer Creation ---
2026-01-19T02:20:09.8745511Z   ▶️ [STEP step_1] NAVIGATE: Step step_1
2026-01-19T02:20:09.8745808Z     ✅ Step step_1 Passed.
2026-01-19T02:20:09.8746077Z   ▶️ [STEP step_2] CLICK: Bank Manager Login
2026-01-19T02:20:09.8746462Z     🎯 Using mined locator: role=button[name='Bank Manager Login']
2026-01-19T02:20:09.8746856Z     ✅ Step step_2 Passed.
2026-01-19T02:20:09.8747241Z   ▶️ [STEP step_2_ai_1] CLICK: Add Customer
2026-01-19T02:20:09.8747599Z     🎯 Using mined locator: role=button[name='Add Customer']
2026-01-19T02:20:09.8747929Z     ✅ Step step_2_ai_1 Passed.
2026-01-19T02:20:09.8748200Z   ▶️ [STEP step_2_ai_2] FILL: First Name
2026-01-19T02:20:09.8748544Z     🎯 Using mined locator: input[placeholder='First Name']
2026-01-19T02:20:09.8748858Z     ✅ Step step_2_ai_2 Passed.
2026-01-19T02:20:09.8749115Z   ▶️ [STEP step_2_ai_3] FILL: Last Name
2026-01-19T02:20:09.8749457Z     🎯 Using mined locator: input[placeholder='Last Name']
2026-01-19T02:20:09.8749773Z     ✅ Step step_2_ai_3 Passed.
2026-01-19T02:20:09.8750021Z   ▶️ [STEP step_2_ai_4] FILL: Post Code
2026-01-19T02:20:09.8750342Z     🎯 Using mined locator: input[placeholder='Post Code']
2026-01-19T02:20:09.8750663Z     ✅ Step step_2_ai_4 Passed.
2026-01-19T02:20:09.8750922Z   ▶️ [STEP step_2_ai_5] CLICK: Add Customer
2026-01-19T02:20:09.8751675Z     🎯 Using mined locator: role=button[name='Add Customer']
2026-01-19T02:20:09.8752020Z     ✅ Step step_2_ai_5 Passed.
2026-01-19T02:20:09.8752278Z   ▶️ [STEP step_3] CLICK: Add Customer
2026-01-19T02:20:09.8752610Z     🎯 Using mined locator: role=button[name='Add Customer']
2026-01-19T02:20:09.8752915Z     ✅ Step step_3 Passed.
2026-01-19T02:20:09.8753165Z   ▶️ [STEP step_4] FILL: First Name
2026-01-19T02:20:09.8753505Z     🎯 Using mined locator: role=textbox[name='First Name']
2026-01-19T02:20:09.8753836Z     ✅ Step step_4 Passed.
2026-01-19T02:20:09.8754088Z   ▶️ [STEP step_5] FILL: Last Name
2026-01-19T02:20:09.8754416Z     🎯 Using mined locator: role=textbox[name='Last Name']
2026-01-19T02:20:09.8754732Z     ✅ Step step_5 Passed.
2026-01-19T02:20:09.8754998Z   ▶️ [STEP step_5_ai_1] CLICK: Add Customer
2026-01-19T02:20:09.8755489Z     🎯 Using mined locator: role=button[name='Add Customer']
2026-01-19T02:20:09.8755822Z     ✅ Step step_5_ai_1 Passed.
2026-01-19T02:20:09.8756109Z   ▶️ [STEP step_5_ai_2] FILL: Post Code
2026-01-19T02:20:09.8756449Z     🎯 Using mined locator: input[placeholder='Post Code']
2026-01-19T02:20:09.8756766Z     ✅ Step step_5_ai_2 Passed.
2026-01-19T02:20:09.8757029Z   ▶️ [STEP step_5_ai_3] CLICK: Add Customer
2026-01-19T02:20:09.8757362Z     🎯 Using mined locator: role=button[name='Add Customer']
2026-01-19T02:20:09.8757675Z     ✅ Step step_5_ai_3 Passed.
2026-01-19T02:20:09.8757928Z   ▶️ [STEP step_6] FILL: Post Code
2026-01-19T02:20:09.8758240Z     🎯 Using mined locator: role=textbox[name='Post Code']
2026-01-19T02:20:09.8758544Z     ✅ Step step_6 Passed.
2026-01-19T02:20:09.8758804Z   ▶️ [STEP step_6_ai_1] FILL: First Name
2026-01-19T02:20:09.8759150Z     🎯 Using mined locator: role=textbox[name='First Name']
2026-01-19T02:20:09.8759473Z     ✅ Step step_6_ai_1 Passed.
2026-01-19T02:20:09.8759749Z   ▶️ [STEP step_6_ai_2] FILL: Last Name
2026-01-19T02:20:09.8760084Z     🎯 Using mined locator: role=textbox[name='Last Name']
2026-01-19T02:20:09.8760409Z     ✅ Step step_6_ai_2 Passed.
2026-01-19T02:20:09.8760667Z   ▶️ [STEP step_6_ai_3] CLICK: Add Customer
2026-01-19T02:20:09.8760994Z     🎯 Using mined locator: button:nth-of-type(2)
2026-01-19T02:20:09.8761674Z     ❌ Attempt 1 failed (element_not_found): Locator.click: Timeout 10000ms exceeded.
2026-01-19T02:20:09.8762044Z Call log:
2026-01-19T02:20:09.8762265Z   - waiting for locator("button:nth-of-type(2)")....
2026-01-19T02:20:09.8762655Z     🔧 [AUTO-HEAL] Re-mining page to find 'Add Customer'...
2026-01-19T02:20:09.8763025Z [DEBUG] Sending request to gemini-2.0-flash. Number of parts: 2
2026-01-19T02:20:09.8763357Z [DEBUG] Received response (Length: 523)
2026-01-19T02:20:09.8763716Z     ✨ AI successfully healed the step! Found 2 alternatives.
2026-01-19T02:20:09.8764176Z     ✨ AI successfully healed the step! New selector: input[value='Add Customer']
2026-01-19T02:20:09.8764759Z     ❌ Attempt 2 failed (element_not_found): Locator.bounding_box: Timeout 30000ms exceeded.
2026-01-19T02:20:09.8765159Z Call log:
2026-01-19T02:20:09.8765359Z   - waiting for locator("input[value='Add ...
2026-01-19T02:20:09.8765716Z     🔧 [AUTO-HEAL] Re-mining page to find 'Add Customer'...
2026-01-19T02:20:09.8766023Z [CACHE HIT] d5d166d5... (hits: 2, misses: 2)
2026-01-19T02:20:09.8766369Z     ✨ AI successfully healed the step! Found 2 alternatives.
2026-01-19T02:20:09.8766816Z     ✨ AI successfully healed the step! New selector: input[value='Add Customer']
2026-01-19T02:20:09.8767354Z     ❌ Attempt 3 failed (element_not_found): Locator.bounding_box: Timeout 30000ms exceeded.
2026-01-19T02:20:09.8767744Z Call log:
2026-01-19T02:20:09.8767950Z   - waiting for locator("input[value='Add ...
2026-01-19T02:20:09.8768287Z     💀 Step step_6_ai_3 failed after all retries.
2026-01-19T02:20:09.8768723Z 🛑 Scenario 'Manager Login and Customer Creation' aborted due to step failure.
2026-01-19T02:20:09.8769018Z 
2026-01-19T02:20:09.8769141Z --- Scenario: Customer Deposit and Withdrawal ---
2026-01-19T02:20:09.8769630Z   ▶️ [STEP step_1] NAVIGATE: Step step_1
2026-01-19T02:20:09.8769932Z     ✅ Step step_1 Passed.
2026-01-19T02:20:09.8770194Z   ▶️ [STEP step_2] CLICK: Customer Login
2026-01-19T02:20:09.8770538Z     🎯 Using mined locator: role=button[name='Customer Login']
2026-01-19T02:20:09.8770871Z     ✅ Step step_2 Passed.
2026-01-19T02:20:09.8771374Z   ▶️ [STEP step_2_ai_1] FILL: select user
2026-01-19T02:20:09.8771681Z     🎯 Using mined locator: #userSelect
2026-01-19T02:20:09.8771958Z     ✅ Step step_2_ai_1 Passed.
2026-01-19T02:20:09.8772218Z   ▶️ [STEP step_2_ai_2] CLICK: Login
2026-01-19T02:20:09.8772501Z     🎯 Using mined locator: button
2026-01-19T02:20:09.8772772Z     ✅ Step step_2_ai_2 Passed.
2026-01-19T02:20:09.8773023Z   ▶️ [STEP step_2_ai_3] CLICK: Home
2026-01-19T02:20:09.8773294Z     🎯 Using mined locator: button
2026-01-19T02:20:09.8773552Z     ✅ Step step_2_ai_3 Passed.
2026-01-19T02:20:09.8773989Z   ▶️ [STEP step_2_ai_4] CLICK: Bank Manager Login
2026-01-19T02:20:09.8774385Z     🎯 Using mined locator: role=button[name='Bank Manager Login']
2026-01-19T02:20:09.8774730Z     ✅ Step step_2_ai_4 Passed.
2026-01-19T02:20:09.8774998Z   ▶️ [STEP step_2_ai_5] CLICK: Add Customer
2026-01-19T02:20:09.8775348Z     🎯 Using mined locator: role=button[name='Add Customer']
2026-01-19T02:20:09.8775671Z     ✅ Step step_2_ai_5 Passed.
2026-01-19T02:20:09.8775926Z   ▶️ [STEP step_2_ai_6] FILL: First Name
2026-01-19T02:20:09.8776269Z     🎯 Using mined locator: input[placeholder='First Name']
2026-01-19T02:20:09.8776591Z     ✅ Step step_2_ai_6 Passed.
2026-01-19T02:20:09.8776847Z   ▶️ [STEP step_2_ai_7] FILL: Last Name
2026-01-19T02:20:09.8777175Z     🎯 Using mined locator: input[placeholder='Last Name']
2026-01-19T02:20:09.8777493Z     ✅ Step step_2_ai_7 Passed.
2026-01-19T02:20:09.8777749Z   ▶️ [STEP step_2_ai_8] FILL: Post Code
2026-01-19T02:20:09.8778068Z     🎯 Using mined locator: role=textbox[name='Post Code']
2026-01-19T02:20:09.8778384Z     ✅ Step step_2_ai_8 Passed.
2026-01-19T02:20:09.8778651Z   ▶️ [STEP step_2_ai_9] CLICK: Add Customer
2026-01-19T02:20:09.8778990Z     🎯 Using mined locator: role=button[name='Add Customer']
2026-01-19T02:20:09.8779306Z     ✅ Step step_2_ai_9 Passed.
2026-01-19T02:20:09.8779553Z   ▶️ [STEP step_3] SELECT: Your Name
2026-01-19T02:20:09.8779820Z     ✅ Step step_3 Passed.
2026-01-19T02:20:09.8780067Z   ▶️ [STEP step_4] CLICK: Login
2026-01-19T02:20:09.8780504Z     ❌ Attempt 1 failed (element_not_found): Locator.bounding_box: Timeout 30000ms exceeded.
2026-01-19T02:20:09.8780887Z Call log:
2026-01-19T02:20:09.8781190Z   - waiting for locator("text=Login")
2026-01-19T02:20:09.8781425Z ...
2026-01-19T02:20:09.8781689Z     🔧 [AUTO-HEAL] Re-mining page to find 'Login'...
2026-01-19T02:20:09.8781987Z [CACHE HIT] edf8333c... (hits: 3, misses: 2)
2026-01-19T02:20:09.8782337Z     ✨ AI successfully healed the step! Found 2 alternatives.
2026-01-19T02:21:20.9662589Z     ✨ AI successfully healed the step! New selector: input[value='Add Customer']
2026-01-19T02:21:20.9663685Z     ❌ Attempt 2 failed (element_not_found): Locator.bounding_box: Timeout 30000ms exceeded.
2026-01-19T02:21:20.9664322Z Call log:
2026-01-19T02:21:20.9664635Z   - waiting for locator("input[value='Add ...
2026-01-19T02:21:20.9665231Z     🔧 [AUTO-HEAL] Re-mining page to find 'Login'...
2026-01-19T02:21:20.9665704Z [CACHE HIT] edf8333c... (hits: 4, misses: 2)
2026-01-19T02:21:20.9666288Z     ✨ AI successfully healed the step! Found 2 alternatives.
2026-01-19T02:21:20.9667039Z     ✨ AI successfully healed the step! New selector: input[value='Add Customer']
2026-01-19T02:21:20.9667685Z     ❌ Attempt 3 failed (element_not_found): Locator.bounding_box: Timeout 30000ms exceeded.
2026-01-19T02:21:20.9668091Z Call log:
2026-01-19T02:21:20.9668300Z   - waiting for locator("input[value='Add ...
2026-01-19T02:21:20.9668634Z     💀 Step step_4 failed after all retries.
2026-01-19T02:21:20.9669344Z 🛑 Scenario 'Customer Deposit and Withdrawal' aborted due to step failure.
2026-01-19T02:21:20.9669631Z 
2026-01-19T02:21:20.9669906Z ============================================================
2026-01-19T02:21:20.9670213Z 🎯 EXECUTION SUMMARY
2026-01-19T02:21:20.9670434Z ============================================================
2026-01-19T02:21:20.9670607Z 
2026-01-19T02:21:20.9670714Z 📋 Scenario Overview:
2026-01-19T02:21:20.9670973Z    • Total Scenarios Planned: 3
2026-01-19T02:21:20.9671529Z    • Scenarios Executed: 3
2026-01-19T02:21:20.9671803Z    • Total Steps Executed: 43
2026-01-19T02:21:20.9671948Z 
2026-01-19T02:21:20.9672048Z ✅ Results:
2026-01-19T02:21:20.9672248Z    ❌ Failed: 3 (100%)
2026-01-19T02:21:20.9672370Z 
2026-01-19T02:21:20.9672475Z ⚠️  Failed Scenarios:
2026-01-19T02:21:20.9672716Z    • Customer Login and Account Summary
2026-01-19T02:21:20.9673013Z    • Manager Login and Customer Creation
2026-01-19T02:21:20.9673300Z    • Customer Deposit and Withdrawal
2026-01-19T02:21:20.9673484Z 
2026-01-19T02:21:20.9673580Z ============================================================
2026-01-19T02:21:20.9673761Z 
2026-01-19T02:21:20.9674244Z 🏁 Execution Finished. Report: /home/runner/work/build_qa_automation/build_qa_automation/projects/ci_globalsqa_bank/execution.json
2026-01-19T02:21:21.0901454Z 
2026-01-19T02:21:21.0902041Z [PHASE] Running Phase: DISCOVERY
2026-01-19T02:21:21.0903590Z    Command: /opt/hostedtoolcache/Python/3.11.14/x64/bin/python /home/runner/work/build_qa_automation/build_qa_automation/core/agents/discovery.py --project /home/runner/work/build_qa_automation/build_qa_automation/projects/ci_globalsqa_bank --url https://www.globalsqa.com/angularJs-protractor/BankingProject/ --deep
2026-01-19T02:21:21.0905157Z ✅ Phase 'discovery' completed successfully.
2026-01-19T02:21:21.0905361Z 
2026-01-19T02:21:21.0905464Z [PHASE] Running Phase: PLANNING
2026-01-19T02:21:21.0906833Z    Command: /opt/hostedtoolcache/Python/3.11.14/x64/bin/python /home/runner/work/build_qa_automation/build_qa_automation/core/agents/planner.py --project /home/runner/work/build_qa_automation/build_qa_automation/projects/ci_globalsqa_bank --goal Customer and manager banking flows --url https://www.globalsqa.com/angularJs-protractor/BankingProject/ --deep
2026-01-19T02:21:21.0908145Z ✅ Phase 'planning' completed successfully.
2026-01-19T02:21:21.0908335Z 
2026-01-19T02:21:21.0908430Z [PHASE] Running Phase: EXPLORATION
2026-01-19T02:21:21.0909324Z    Command: /opt/hostedtoolcache/Python/3.11.14/x64/bin/python /home/runner/work/build_qa_automation/build_qa_automation/core/agents/deep_explorer.py --project /home/runner/work/build_qa_automation/build_qa_automation/projects/ci_globalsqa_bank
2026-01-19T02:21:21.0910268Z ✅ Phase 'exploration' completed successfully.
2026-01-19T02:21:21.0910642Z 📊 Exploration Discovery Success Rate: 75.4%
2026-01-19T02:21:21.0910824Z 
2026-01-19T02:21:21.0910922Z [PHASE] Running Phase: EXECUTION
2026-01-19T02:21:21.0912017Z    Command: /opt/hostedtoolcache/Python/3.11.14/x64/bin/python /home/runner/work/build_qa_automation/build_qa_automation/core/agents/executor.py --project /home/runner/work/build_qa_automation/build_qa_automation/projects/ci_globalsqa_bank
2026-01-19T02:21:21.0912995Z ✅ Phase 'execution' completed successfully.
2026-01-19T02:21:21.0913192Z 
2026-01-19T02:21:21.0913294Z [DONE] Pipeline Execution Finished! [DONE]
2026-01-19T02:21:21.1956916Z ##[group]Run RESULT_FILE="projects/ci_globalsqa_bank/execution.json"
2026-01-19T02:21:21.1957423Z [36;1mRESULT_FILE="projects/ci_globalsqa_bank/execution.json"[0m
2026-01-19T02:21:21.1957775Z [36;1mif [ -f "$RESULT_FILE" ]; then[0m
2026-01-19T02:21:21.1958104Z [36;1m  echo "✅ Results generated successfully: $RESULT_FILE"[0m
2026-01-19T02:21:21.1958540Z [36;1m  cat "$RESULT_FILE" | jq '.scenarios | length' || echo "Result file exists"[0m
2026-01-19T02:21:21.1958894Z [36;1melse[0m
2026-01-19T02:21:21.1959130Z [36;1m  echo "❌ No result file found at $RESULT_FILE"[0m
2026-01-19T02:21:21.1959400Z [36;1m  exit 1[0m
2026-01-19T02:21:21.1959752Z [36;1mfi[0m
2026-01-19T02:21:21.1993686Z shell: /usr/bin/bash -e {0}
2026-01-19T02:21:21.1993918Z env:
2026-01-19T02:21:21.1994174Z   pythonLocation: /opt/hostedtoolcache/Python/3.11.14/x64
2026-01-19T02:21:21.1994586Z   PKG_CONFIG_PATH: /opt/hostedtoolcache/Python/3.11.14/x64/lib/pkgconfig
2026-01-19T02:21:21.1995025Z   Python_ROOT_DIR: /opt/hostedtoolcache/Python/3.11.14/x64
2026-01-19T02:21:21.1995398Z   Python2_ROOT_DIR: /opt/hostedtoolcache/Python/3.11.14/x64
2026-01-19T02:21:21.1995754Z   Python3_ROOT_DIR: /opt/hostedtoolcache/Python/3.11.14/x64
2026-01-19T02:21:21.1996106Z   LD_LIBRARY_PATH: /opt/hostedtoolcache/Python/3.11.14/x64/lib
2026-01-19T02:21:21.1996408Z ##[endgroup]
2026-01-19T02:21:21.2050930Z ✅ Results generated successfully: projects/ci_globalsqa_bank/execution.json
2026-01-19T02:21:21.2079219Z 3
2026-01-19T02:21:21.2143590Z ##[group]Run actions/upload-artifact@v4
2026-01-19T02:21:21.2143862Z with:
2026-01-19T02:21:21.2144067Z   name: globalsqa_bank-execution-results
2026-01-19T02:21:21.2144517Z   path: projects/ci_globalsqa_bank/execution.json
projects/ci_globalsqa_bank/workflow.json

2026-01-19T02:21:21.2144945Z   retention-days: 30
2026-01-19T02:21:21.2145160Z   if-no-files-found: warn
2026-01-19T02:21:21.2145387Z   compression-level: 6
2026-01-19T02:21:21.2145593Z   overwrite: false
2026-01-19T02:21:21.2145801Z   include-hidden-files: false
2026-01-19T02:21:21.2146023Z env:
2026-01-19T02:21:21.2146263Z   pythonLocation: /opt/hostedtoolcache/Python/3.11.14/x64
2026-01-19T02:21:21.2146717Z   PKG_CONFIG_PATH: /opt/hostedtoolcache/Python/3.11.14/x64/lib/pkgconfig
2026-01-19T02:21:21.2147120Z   Python_ROOT_DIR: /opt/hostedtoolcache/Python/3.11.14/x64
2026-01-19T02:21:21.2147481Z   Python2_ROOT_DIR: /opt/hostedtoolcache/Python/3.11.14/x64
2026-01-19T02:21:21.2147863Z   Python3_ROOT_DIR: /opt/hostedtoolcache/Python/3.11.14/x64
2026-01-19T02:21:21.2148217Z   LD_LIBRARY_PATH: /opt/hostedtoolcache/Python/3.11.14/x64/lib
2026-01-19T02:21:21.2148521Z ##[endgroup]
2026-01-19T02:21:21.4259930Z Multiple search paths detected. Calculating the least common ancestor of all paths
2026-01-19T02:21:21.4264469Z The least common ancestor is /home/runner/work/build_qa_automation/build_qa_automation/projects/ci_globalsqa_bank. This will be the root directory of the artifact
2026-01-19T02:21:21.4266469Z With the provided path, there will be 2 files uploaded
2026-01-19T02:21:21.4269358Z Artifact name is valid!
2026-01-19T02:21:21.4270429Z Root directory input is valid!
2026-01-19T02:21:21.5052581Z Beginning upload of artifact content to blob storage
2026-01-19T02:21:21.5788295Z Uploaded bytes 2548
2026-01-19T02:21:21.5988358Z Finished uploading artifact content to blob storage!
2026-01-19T02:21:21.5990978Z SHA256 digest of uploaded artifact zip is fed236877388f570b952726c78a1cee170216ca798fa62e768c68046de4ab6d7
2026-01-19T02:21:21.5994304Z Finalizing artifact upload
2026-01-19T02:21:21.6844537Z Artifact globalsqa_bank-execution-results.zip successfully finalized. Artifact ID 5171747387
2026-01-19T02:21:21.6845807Z Artifact globalsqa_bank-execution-results has been successfully uploaded! Final size is 2548 bytes. Artifact ID is 5171747387
2026-01-19T02:21:21.6855124Z Artifact download URL: https://github.com/vishvasmca-cmd/build_qa_automation/actions/runs/21122730879/artifacts/5171747387
2026-01-19T02:21:21.7001267Z Post job cleanup.
2026-01-19T02:21:21.8472459Z Cache hit occurred on the primary key setup-python-Linux-x64-24.04-Ubuntu-python-3.11.14-pip-dde08d0e0b672972dcda9f1a063036a2e0c226f5d0a20362e9401931676d80a4, not saving cache.
2026-01-19T02:21:21.8580480Z Post job cleanup.
2026-01-19T02:21:21.9524244Z [command]/usr/bin/git version
2026-01-19T02:21:21.9560450Z git version 2.52.0
2026-01-19T02:21:21.9602681Z Temporarily overriding HOME='/home/runner/work/_temp/69e57268-b265-4bb0-b4d1-4ad352bd9545' before making global git config changes
2026-01-19T02:21:21.9603907Z Adding repository directory to the temporary git global config as a safe directory
2026-01-19T02:21:21.9609102Z [command]/usr/bin/git config --global --add safe.directory /home/runner/work/build_qa_automation/build_qa_automation
2026-01-19T02:21:21.9647432Z [command]/usr/bin/git config --local --name-only --get-regexp core\.sshCommand
2026-01-19T02:21:21.9681585Z [command]/usr/bin/git submodule foreach --recursive sh -c "git config --local --name-only --get-regexp 'core\.sshCommand' && git config --local --unset-all 'core.sshCommand' || :"
2026-01-19T02:21:21.9923998Z [command]/usr/bin/git config --local --name-only --get-regexp http\.https\:\/\/github\.com\/\.extraheader
2026-01-19T02:21:21.9946616Z http.https://github.com/.extraheader
2026-01-19T02:21:21.9959028Z [command]/usr/bin/git config --local --unset-all http.https://github.com/.extraheader
2026-01-19T02:21:21.9990774Z [command]/usr/bin/git submodule foreach --recursive sh -c "git config --local --name-only --get-regexp 'http\.https\:\/\/github\.com\/\.extraheader' && git config --local --unset-all 'http.https://github.com/.extraheader' || :"
2026-01-19T02:21:22.0228913Z [command]/usr/bin/git config --local --name-only --get-regexp ^includeIf\.gitdir:
2026-01-19T02:21:22.0261312Z [command]/usr/bin/git submodule foreach --recursive git config --local --show-origin --name-only --get-regexp remote.origin.url
2026-01-19T02:21:22.0602611Z Cleaning up orphan processes
