2026-01-19T03:36:48.1996461Z Current runner version: '2.331.0'
2026-01-19T03:36:48.2021704Z ##[group]Runner Image Provisioner
2026-01-19T03:36:48.2022632Z Hosted Compute Agent
2026-01-19T03:36:48.2023223Z Version: 20251211.462
2026-01-19T03:36:48.2023844Z Commit: 6cbad8c2bb55d58165063d031ccabf57e2d2db61
2026-01-19T03:36:48.2024606Z Build Date: 2025-12-11T16:28:49Z
2026-01-19T03:36:48.2025291Z Worker ID: {95d17927-79ea-4161-9afc-e6661d804c77}
2026-01-19T03:36:48.2026007Z ##[endgroup]
2026-01-19T03:36:48.2026601Z ##[group]Operating System
2026-01-19T03:36:48.2027179Z Ubuntu
2026-01-19T03:36:48.2027625Z 24.04.3
2026-01-19T03:36:48.2028154Z LTS
2026-01-19T03:36:48.2028659Z ##[endgroup]
2026-01-19T03:36:48.2029139Z ##[group]Runner Image
2026-01-19T03:36:48.2029780Z Image: ubuntu-24.04
2026-01-19T03:36:48.2030299Z Version: 20260111.209.1
2026-01-19T03:36:48.2031512Z Included Software: https://github.com/actions/runner-images/blob/ubuntu24/20260111.209/images/ubuntu/Ubuntu2404-Readme.md
2026-01-19T03:36:48.2033166Z Image Release: https://github.com/actions/runner-images/releases/tag/ubuntu24%2F20260111.209
2026-01-19T03:36:48.2034149Z ##[endgroup]
2026-01-19T03:36:48.2035389Z ##[group]GITHUB_TOKEN Permissions
2026-01-19T03:36:48.2037265Z Contents: read
2026-01-19T03:36:48.2037890Z Metadata: read
2026-01-19T03:36:48.2038480Z Packages: read
2026-01-19T03:36:48.2038996Z ##[endgroup]
2026-01-19T03:36:48.2041786Z Secret source: Actions
2026-01-19T03:36:48.2042570Z Prepare workflow directory
2026-01-19T03:36:48.3131667Z Prepare all required actions
2026-01-19T03:36:48.3187064Z Getting action download info
2026-01-19T03:36:48.7333495Z Download action repository 'actions/checkout@v4' (SHA:34e114876b0b11c390a56381ad16ebd13914f8d5)
2026-01-19T03:36:48.8219305Z Download action repository 'actions/setup-python@v5' (SHA:a26af69be951a213d495a4c3e4e4022e16d87065)
2026-01-19T03:36:48.9048641Z Download action repository 'actions/upload-artifact@v4' (SHA:ea165f8d65b6e75b540449e92b4886f43607fa02)
2026-01-19T03:36:49.2284923Z Complete job name: test-websites-deep (automationexercise_shop, https://www.automationexercise.com/, Explore shoppin...
2026-01-19T03:36:49.4324024Z ##[group]Run actions/checkout@v4
2026-01-19T03:36:49.4324907Z with:
2026-01-19T03:36:49.4325377Z   repository: vishvasmca-cmd/build_qa_automation
2026-01-19T03:36:49.4326173Z   token: ***
2026-01-19T03:36:49.4326576Z   ssh-strict: true
2026-01-19T03:36:49.4326985Z   ssh-user: git
2026-01-19T03:36:49.4327407Z   persist-credentials: true
2026-01-19T03:36:49.4327887Z   clean: true
2026-01-19T03:36:49.4328297Z   sparse-checkout-cone-mode: true
2026-01-19T03:36:49.4328797Z   fetch-depth: 1
2026-01-19T03:36:49.4329188Z   fetch-tags: false
2026-01-19T03:36:49.4329599Z   show-progress: true
2026-01-19T03:36:49.4330021Z   lfs: false
2026-01-19T03:36:49.4330561Z   submodules: false
2026-01-19T03:36:49.4330991Z   set-safe-directory: true
2026-01-19T03:36:49.4331695Z ##[endgroup]
2026-01-19T03:36:49.5469336Z Syncing repository: vishvasmca-cmd/build_qa_automation
2026-01-19T03:36:49.5471602Z ##[group]Getting Git version info
2026-01-19T03:36:49.5472526Z Working directory is '/home/runner/work/build_qa_automation/build_qa_automation'
2026-01-19T03:36:49.5473611Z [command]/usr/bin/git version
2026-01-19T03:36:49.5569609Z git version 2.52.0
2026-01-19T03:36:49.5597907Z ##[endgroup]
2026-01-19T03:36:49.5615274Z Temporarily overriding HOME='/home/runner/work/_temp/8cb9eb1f-a2b5-4e95-8891-09e08e338210' before making global git config changes
2026-01-19T03:36:49.5617606Z Adding repository directory to the temporary git global config as a safe directory
2026-01-19T03:36:49.5630376Z [command]/usr/bin/git config --global --add safe.directory /home/runner/work/build_qa_automation/build_qa_automation
2026-01-19T03:36:49.5671708Z Deleting the contents of '/home/runner/work/build_qa_automation/build_qa_automation'
2026-01-19T03:36:49.5675607Z ##[group]Initializing the repository
2026-01-19T03:36:49.5680753Z [command]/usr/bin/git init /home/runner/work/build_qa_automation/build_qa_automation
2026-01-19T03:36:49.5782807Z hint: Using 'master' as the name for the initial branch. This default branch name
2026-01-19T03:36:49.5784379Z hint: will change to "main" in Git 3.0. To configure the initial branch name
2026-01-19T03:36:49.5785614Z hint: to use in all of your new repositories, which will suppress this warning,
2026-01-19T03:36:49.5786725Z hint: call:
2026-01-19T03:36:49.5787113Z hint:
2026-01-19T03:36:49.5787824Z hint: 	git config --global init.defaultBranch <name>
2026-01-19T03:36:49.5788855Z hint:
2026-01-19T03:36:49.5789861Z hint: Names commonly chosen instead of 'master' are 'main', 'trunk' and
2026-01-19T03:36:49.5791703Z hint: 'development'. The just-created branch can be renamed via this command:
2026-01-19T03:36:49.5792976Z hint:
2026-01-19T03:36:49.5793673Z hint: 	git branch -m <name>
2026-01-19T03:36:49.5794453Z hint:
2026-01-19T03:36:49.5795488Z hint: Disable this message with "git config set advice.defaultBranchName false"
2026-01-19T03:36:49.5797334Z Initialized empty Git repository in /home/runner/work/build_qa_automation/build_qa_automation/.git/
2026-01-19T03:36:49.5801559Z [command]/usr/bin/git remote add origin https://github.com/vishvasmca-cmd/build_qa_automation
2026-01-19T03:36:49.5837464Z ##[endgroup]
2026-01-19T03:36:49.5838661Z ##[group]Disabling automatic garbage collection
2026-01-19T03:36:49.5842690Z [command]/usr/bin/git config --local gc.auto 0
2026-01-19T03:36:49.5871701Z ##[endgroup]
2026-01-19T03:36:49.5872893Z ##[group]Setting up auth
2026-01-19T03:36:49.5879441Z [command]/usr/bin/git config --local --name-only --get-regexp core\.sshCommand
2026-01-19T03:36:49.5911348Z [command]/usr/bin/git submodule foreach --recursive sh -c "git config --local --name-only --get-regexp 'core\.sshCommand' && git config --local --unset-all 'core.sshCommand' || :"
2026-01-19T03:36:49.6239140Z [command]/usr/bin/git config --local --name-only --get-regexp http\.https\:\/\/github\.com\/\.extraheader
2026-01-19T03:36:49.6270261Z [command]/usr/bin/git submodule foreach --recursive sh -c "git config --local --name-only --get-regexp 'http\.https\:\/\/github\.com\/\.extraheader' && git config --local --unset-all 'http.https://github.com/.extraheader' || :"
2026-01-19T03:36:49.6493838Z [command]/usr/bin/git config --local --name-only --get-regexp ^includeIf\.gitdir:
2026-01-19T03:36:49.6525103Z [command]/usr/bin/git submodule foreach --recursive git config --local --show-origin --name-only --get-regexp remote.origin.url
2026-01-19T03:36:49.6763703Z [command]/usr/bin/git config --local http.https://github.com/.extraheader AUTHORIZATION: basic ***
2026-01-19T03:36:49.6800285Z ##[endgroup]
2026-01-19T03:36:49.6801834Z ##[group]Fetching the repository
2026-01-19T03:36:49.6810320Z [command]/usr/bin/git -c protocol.version=2 fetch --no-tags --prune --no-recurse-submodules --depth=1 origin +2f305d435d899f67f11ae5adc61ad536fdd999e8:refs/remotes/origin/main
2026-01-19T03:36:51.0717021Z From https://github.com/vishvasmca-cmd/build_qa_automation
2026-01-19T03:36:51.0718275Z  * [new ref]         2f305d435d899f67f11ae5adc61ad536fdd999e8 -> origin/main
2026-01-19T03:36:51.0752986Z ##[endgroup]
2026-01-19T03:36:51.0753927Z ##[group]Determining the checkout info
2026-01-19T03:36:51.0755101Z ##[endgroup]
2026-01-19T03:36:51.0760643Z [command]/usr/bin/git sparse-checkout disable
2026-01-19T03:36:51.0818063Z [command]/usr/bin/git config --local --unset-all extensions.worktreeConfig
2026-01-19T03:36:51.0845118Z ##[group]Checking out the ref
2026-01-19T03:36:51.0849035Z [command]/usr/bin/git checkout --progress --force -B main refs/remotes/origin/main
2026-01-19T03:36:51.2275425Z Switched to a new branch 'main'
2026-01-19T03:36:51.2276215Z branch 'main' set up to track 'origin/main'.
2026-01-19T03:36:51.2295323Z ##[endgroup]
2026-01-19T03:36:51.2335704Z [command]/usr/bin/git log -1 --format=%H
2026-01-19T03:36:51.2359115Z 2f305d435d899f67f11ae5adc61ad536fdd999e8
2026-01-19T03:36:51.3381132Z ##[group]Run actions/setup-python@v5
2026-01-19T03:36:51.3381591Z with:
2026-01-19T03:36:51.3381836Z   python-version: 3.11
2026-01-19T03:36:51.3382107Z   cache: pip
2026-01-19T03:36:51.3382596Z   check-latest: false
2026-01-19T03:36:51.3383130Z   token: ***
2026-01-19T03:36:51.3383396Z   update-environment: true
2026-01-19T03:36:51.3383691Z   allow-prereleases: false
2026-01-19T03:36:51.3383987Z   freethreaded: false
2026-01-19T03:36:51.3384253Z ##[endgroup]
2026-01-19T03:36:51.5206517Z ##[group]Installed versions
2026-01-19T03:36:51.5312083Z Successfully set up CPython (3.11.14)
2026-01-19T03:36:51.5313031Z ##[endgroup]
2026-01-19T03:36:51.6409919Z [command]/opt/hostedtoolcache/Python/3.11.14/x64/bin/pip cache dir
2026-01-19T03:36:51.9448498Z /home/runner/.cache/pip
2026-01-19T03:36:52.2299059Z Cache hit for: setup-python-Linux-x64-24.04-Ubuntu-python-3.11.14-pip-dde08d0e0b672972dcda9f1a063036a2e0c226f5d0a20362e9401931676d80a4
2026-01-19T03:36:53.5338120Z Received 8388608 of 254742636 (3.3%), 8.0 MBs/sec
2026-01-19T03:36:54.5386765Z Received 134217728 of 254742636 (52.7%), 63.8 MBs/sec
2026-01-19T03:36:55.4252041Z Received 254742636 of 254742636 (100.0%), 84.0 MBs/sec
2026-01-19T03:36:55.4253208Z Cache Size: ~243 MB (254742636 B)
2026-01-19T03:36:55.4294241Z [command]/usr/bin/tar -xf /home/runner/work/_temp/69e97ead-ba02-4de4-8397-ea79fbbb47df/cache.tzst -P -C /home/runner/work/build_qa_automation/build_qa_automation --use-compress-program unzstd
2026-01-19T03:36:55.8369535Z Cache restored successfully
2026-01-19T03:36:55.8858137Z Cache restored from key: setup-python-Linux-x64-24.04-Ubuntu-python-3.11.14-pip-dde08d0e0b672972dcda9f1a063036a2e0c226f5d0a20362e9401931676d80a4
2026-01-19T03:36:55.9424222Z ##[group]Run pip install -r requirements.txt
2026-01-19T03:36:55.9424702Z [36;1mpip install -r requirements.txt[0m
2026-01-19T03:36:55.9425005Z [36;1mplaywright install chromium[0m
2026-01-19T03:36:55.9463970Z shell: /usr/bin/bash -e {0}
2026-01-19T03:36:55.9464231Z env:
2026-01-19T03:36:55.9464502Z   pythonLocation: /opt/hostedtoolcache/Python/3.11.14/x64
2026-01-19T03:36:55.9464965Z   PKG_CONFIG_PATH: /opt/hostedtoolcache/Python/3.11.14/x64/lib/pkgconfig
2026-01-19T03:36:55.9465455Z   Python_ROOT_DIR: /opt/hostedtoolcache/Python/3.11.14/x64
2026-01-19T03:36:55.9465844Z   Python2_ROOT_DIR: /opt/hostedtoolcache/Python/3.11.14/x64
2026-01-19T03:36:55.9466231Z   Python3_ROOT_DIR: /opt/hostedtoolcache/Python/3.11.14/x64
2026-01-19T03:36:55.9466613Z   LD_LIBRARY_PATH: /opt/hostedtoolcache/Python/3.11.14/x64/lib
2026-01-19T03:36:55.9466936Z ##[endgroup]
2026-01-19T03:36:56.6035648Z Collecting playwright (from -r requirements.txt (line 1))
2026-01-19T03:36:56.6053360Z   Using cached playwright-1.57.0-py3-none-manylinux1_x86_64.whl.metadata (3.5 kB)
2026-01-19T03:36:56.6242724Z Collecting python-dotenv (from -r requirements.txt (line 2))
2026-01-19T03:36:56.6258498Z   Using cached python_dotenv-1.2.1-py3-none-any.whl.metadata (25 kB)
2026-01-19T03:36:56.6524719Z Collecting requests (from -r requirements.txt (line 3))
2026-01-19T03:36:56.6540583Z   Using cached requests-2.32.5-py3-none-any.whl.metadata (4.9 kB)
2026-01-19T03:36:56.8229866Z Collecting pillow (from -r requirements.txt (line 4))
2026-01-19T03:36:56.8247595Z   Using cached pillow-12.1.0-cp311-cp311-manylinux_2_27_x86_64.manylinux_2_28_x86_64.whl.metadata (8.8 kB)
2026-01-19T03:36:56.8497998Z Collecting google-genai>=0.3.0 (from -r requirements.txt (line 5))
2026-01-19T03:36:56.8512834Z   Using cached google_genai-1.59.0-py3-none-any.whl.metadata (53 kB)
2026-01-19T03:36:56.8673774Z Collecting termcolor (from -r requirements.txt (line 6))
2026-01-19T03:36:56.8689047Z   Using cached termcolor-3.3.0-py3-none-any.whl.metadata (6.5 kB)
2026-01-19T03:36:56.9037082Z Collecting PyYAML (from -r requirements.txt (line 7))
2026-01-19T03:36:56.9052787Z   Using cached pyyaml-6.0.3-cp311-cp311-manylinux2014_x86_64.manylinux_2_17_x86_64.manylinux_2_28_x86_64.whl.metadata (2.4 kB)
2026-01-19T03:36:56.9673155Z Collecting opencv-python-headless (from -r requirements.txt (line 8))
2026-01-19T03:36:56.9692334Z   Using cached opencv_python_headless-4.13.0.90-cp37-abi3-manylinux_2_28_x86_64.whl.metadata (19 kB)
2026-01-19T03:36:57.1799548Z Collecting numpy (from -r requirements.txt (line 9))
2026-01-19T03:36:57.1815706Z   Using cached numpy-2.4.1-cp311-cp311-manylinux_2_27_x86_64.manylinux_2_28_x86_64.whl.metadata (6.6 kB)
2026-01-19T03:36:57.2698968Z Collecting faker (from -r requirements.txt (line 10))
2026-01-19T03:36:57.2714431Z   Using cached faker-40.1.2-py3-none-any.whl.metadata (16 kB)
2026-01-19T03:36:57.2862996Z Collecting pyee<14,>=13 (from playwright->-r requirements.txt (line 1))
2026-01-19T03:36:57.2876510Z   Using cached pyee-13.0.0-py3-none-any.whl.metadata (2.9 kB)
2026-01-19T03:36:57.4057753Z Collecting greenlet<4.0.0,>=3.1.1 (from playwright->-r requirements.txt (line 1))
2026-01-19T03:36:57.4073899Z   Using cached greenlet-3.3.0-cp311-cp311-manylinux_2_24_x86_64.manylinux_2_28_x86_64.whl.metadata (4.1 kB)
2026-01-19T03:36:57.4250733Z Collecting typing-extensions (from pyee<14,>=13->playwright->-r requirements.txt (line 1))
2026-01-19T03:36:57.4265140Z   Using cached typing_extensions-4.15.0-py3-none-any.whl.metadata (3.3 kB)
2026-01-19T03:36:57.5084623Z Collecting charset_normalizer<4,>=2 (from requests->-r requirements.txt (line 3))
2026-01-19T03:36:57.5101194Z   Using cached charset_normalizer-3.4.4-cp311-cp311-manylinux2014_x86_64.manylinux_2_17_x86_64.manylinux_2_28_x86_64.whl.metadata (37 kB)
2026-01-19T03:36:57.5243534Z Collecting idna<4,>=2.5 (from requests->-r requirements.txt (line 3))
2026-01-19T03:36:57.5257199Z   Using cached idna-3.11-py3-none-any.whl.metadata (8.4 kB)
2026-01-19T03:36:57.5510250Z Collecting urllib3<3,>=1.21.1 (from requests->-r requirements.txt (line 3))
2026-01-19T03:36:57.5524800Z   Using cached urllib3-2.6.3-py3-none-any.whl.metadata (6.9 kB)
2026-01-19T03:36:57.5743288Z Collecting certifi>=2017.4.17 (from requests->-r requirements.txt (line 3))
2026-01-19T03:36:57.5758032Z   Using cached certifi-2026.1.4-py3-none-any.whl.metadata (2.5 kB)
2026-01-19T03:36:57.5943909Z Collecting anyio<5.0.0,>=4.8.0 (from google-genai>=0.3.0->-r requirements.txt (line 5))
2026-01-19T03:36:57.5957993Z   Using cached anyio-4.12.1-py3-none-any.whl.metadata (4.3 kB)
2026-01-19T03:36:57.6303221Z Collecting google-auth<3.0.0,>=2.47.0 (from google-auth[requests]<3.0.0,>=2.47.0->google-genai>=0.3.0->-r requirements.txt (line 5))
2026-01-19T03:36:57.6319054Z   Using cached google_auth-2.47.0-py3-none-any.whl.metadata (6.4 kB)
2026-01-19T03:36:57.6554459Z Collecting httpx<1.0.0,>=0.28.1 (from google-genai>=0.3.0->-r requirements.txt (line 5))
2026-01-19T03:36:57.6569181Z   Using cached httpx-0.28.1-py3-none-any.whl.metadata (7.1 kB)
2026-01-19T03:36:57.7951481Z Collecting pydantic<3.0.0,>=2.9.0 (from google-genai>=0.3.0->-r requirements.txt (line 5))
2026-01-19T03:36:57.7966845Z   Using cached pydantic-2.12.5-py3-none-any.whl.metadata (90 kB)
2026-01-19T03:36:57.8195654Z Collecting tenacity<9.2.0,>=8.2.3 (from google-genai>=0.3.0->-r requirements.txt (line 5))
2026-01-19T03:36:57.8209415Z   Using cached tenacity-9.1.2-py3-none-any.whl.metadata (1.2 kB)
2026-01-19T03:36:57.9046239Z Collecting websockets<15.1.0,>=13.0.0 (from google-genai>=0.3.0->-r requirements.txt (line 5))
2026-01-19T03:36:57.9062019Z   Using cached websockets-15.0.1-cp311-cp311-manylinux_2_5_x86_64.manylinux1_x86_64.manylinux_2_17_x86_64.manylinux2014_x86_64.whl.metadata (6.8 kB)
2026-01-19T03:36:57.9187037Z Collecting distro<2,>=1.7.0 (from google-genai>=0.3.0->-r requirements.txt (line 5))
2026-01-19T03:36:57.9199703Z   Using cached distro-1.9.0-py3-none-any.whl.metadata (6.8 kB)
2026-01-19T03:36:57.9278551Z Collecting sniffio (from google-genai>=0.3.0->-r requirements.txt (line 5))
2026-01-19T03:36:57.9292228Z   Using cached sniffio-1.3.1-py3-none-any.whl.metadata (3.9 kB)
2026-01-19T03:36:57.9539619Z Collecting pyasn1-modules>=0.2.1 (from google-auth<3.0.0,>=2.47.0->google-auth[requests]<3.0.0,>=2.47.0->google-genai>=0.3.0->-r requirements.txt (line 5))
2026-01-19T03:36:57.9558692Z   Using cached pyasn1_modules-0.4.2-py3-none-any.whl.metadata (3.5 kB)
2026-01-19T03:36:57.9695764Z Collecting rsa<5,>=3.1.4 (from google-auth<3.0.0,>=2.47.0->google-auth[requests]<3.0.0,>=2.47.0->google-genai>=0.3.0->-r requirements.txt (line 5))
2026-01-19T03:36:57.9709519Z   Using cached rsa-4.9.1-py3-none-any.whl.metadata (5.6 kB)
2026-01-19T03:36:57.9983915Z Collecting httpcore==1.* (from httpx<1.0.0,>=0.28.1->google-genai>=0.3.0->-r requirements.txt (line 5))
2026-01-19T03:36:57.9996971Z   Using cached httpcore-1.0.9-py3-none-any.whl.metadata (21 kB)
2026-01-19T03:36:58.0115313Z Collecting h11>=0.16 (from httpcore==1.*->httpx<1.0.0,>=0.28.1->google-genai>=0.3.0->-r requirements.txt (line 5))
2026-01-19T03:36:58.0128270Z   Using cached h11-0.16.0-py3-none-any.whl.metadata (8.3 kB)
2026-01-19T03:36:58.0217177Z Collecting annotated-types>=0.6.0 (from pydantic<3.0.0,>=2.9.0->google-genai>=0.3.0->-r requirements.txt (line 5))
2026-01-19T03:36:58.0230136Z   Using cached annotated_types-0.7.0-py3-none-any.whl.metadata (15 kB)
2026-01-19T03:36:58.6907103Z Collecting pydantic-core==2.41.5 (from pydantic<3.0.0,>=2.9.0->google-genai>=0.3.0->-r requirements.txt (line 5))
2026-01-19T03:36:58.6923585Z   Using cached pydantic_core-2.41.5-cp311-cp311-manylinux_2_17_x86_64.manylinux2014_x86_64.whl.metadata (7.3 kB)
2026-01-19T03:36:58.7045003Z Collecting typing-inspection>=0.4.2 (from pydantic<3.0.0,>=2.9.0->google-genai>=0.3.0->-r requirements.txt (line 5))
2026-01-19T03:36:58.7060631Z   Using cached typing_inspection-0.4.2-py3-none-any.whl.metadata (2.6 kB)
2026-01-19T03:36:58.7821325Z Collecting pyasn1>=0.1.3 (from rsa<5,>=3.1.4->google-auth<3.0.0,>=2.47.0->google-auth[requests]<3.0.0,>=2.47.0->google-genai>=0.3.0->-r requirements.txt (line 5))
2026-01-19T03:36:58.7837198Z   Using cached pyasn1-0.6.2-py3-none-any.whl.metadata (8.4 kB)
2026-01-19T03:36:58.8089881Z Using cached playwright-1.57.0-py3-none-manylinux1_x86_64.whl (46.0 MB)
2026-01-19T03:36:58.8435927Z Using cached greenlet-3.3.0-cp311-cp311-manylinux_2_24_x86_64.manylinux_2_28_x86_64.whl (590 kB)
2026-01-19T03:36:58.8454259Z Using cached pyee-13.0.0-py3-none-any.whl (15 kB)
2026-01-19T03:36:58.8468570Z Using cached python_dotenv-1.2.1-py3-none-any.whl (21 kB)
2026-01-19T03:36:58.8481712Z Using cached requests-2.32.5-py3-none-any.whl (64 kB)
2026-01-19T03:36:58.8495470Z Using cached charset_normalizer-3.4.4-cp311-cp311-manylinux2014_x86_64.manylinux_2_17_x86_64.manylinux_2_28_x86_64.whl (151 kB)
2026-01-19T03:36:58.8508595Z Using cached idna-3.11-py3-none-any.whl (71 kB)
2026-01-19T03:36:58.8521900Z Using cached urllib3-2.6.3-py3-none-any.whl (131 kB)
2026-01-19T03:36:58.8535860Z Using cached pillow-12.1.0-cp311-cp311-manylinux_2_27_x86_64.manylinux_2_28_x86_64.whl (7.0 MB)
2026-01-19T03:36:58.8598027Z Using cached google_genai-1.59.0-py3-none-any.whl (719 kB)
2026-01-19T03:36:58.8615492Z Using cached anyio-4.12.1-py3-none-any.whl (113 kB)
2026-01-19T03:36:58.8628941Z Using cached distro-1.9.0-py3-none-any.whl (20 kB)
2026-01-19T03:36:58.8641852Z Using cached google_auth-2.47.0-py3-none-any.whl (234 kB)
2026-01-19T03:36:58.8655868Z Using cached httpx-0.28.1-py3-none-any.whl (73 kB)
2026-01-19T03:36:58.8668808Z Using cached httpcore-1.0.9-py3-none-any.whl (78 kB)
2026-01-19T03:36:58.8681942Z Using cached pydantic-2.12.5-py3-none-any.whl (463 kB)
2026-01-19T03:36:58.8697894Z Using cached pydantic_core-2.41.5-cp311-cp311-manylinux_2_17_x86_64.manylinux2014_x86_64.whl (2.1 MB)
2026-01-19T03:36:58.8725782Z Using cached rsa-4.9.1-py3-none-any.whl (34 kB)
2026-01-19T03:36:58.8738493Z Using cached tenacity-9.1.2-py3-none-any.whl (28 kB)
2026-01-19T03:36:58.8751890Z Using cached typing_extensions-4.15.0-py3-none-any.whl (44 kB)
2026-01-19T03:36:58.8765182Z Using cached websockets-15.0.1-cp311-cp311-manylinux_2_5_x86_64.manylinux1_x86_64.manylinux_2_17_x86_64.manylinux2014_x86_64.whl (182 kB)
2026-01-19T03:36:58.8778461Z Using cached termcolor-3.3.0-py3-none-any.whl (7.7 kB)
2026-01-19T03:36:58.8791611Z Using cached pyyaml-6.0.3-cp311-cp311-manylinux2014_x86_64.manylinux_2_17_x86_64.manylinux_2_28_x86_64.whl (806 kB)
2026-01-19T03:36:58.8809851Z Using cached opencv_python_headless-4.13.0.90-cp37-abi3-manylinux_2_28_x86_64.whl (62.5 MB)
2026-01-19T03:36:58.9263679Z Using cached numpy-2.4.1-cp311-cp311-manylinux_2_27_x86_64.manylinux_2_28_x86_64.whl (16.7 MB)
2026-01-19T03:36:58.9396509Z Using cached faker-40.1.2-py3-none-any.whl (2.0 MB)
2026-01-19T03:36:58.9424104Z Using cached annotated_types-0.7.0-py3-none-any.whl (13 kB)
2026-01-19T03:36:58.9436248Z Using cached certifi-2026.1.4-py3-none-any.whl (152 kB)
2026-01-19T03:36:58.9449830Z Using cached h11-0.16.0-py3-none-any.whl (37 kB)
2026-01-19T03:36:58.9462864Z Using cached pyasn1-0.6.2-py3-none-any.whl (83 kB)
2026-01-19T03:36:58.9476122Z Using cached pyasn1_modules-0.4.2-py3-none-any.whl (181 kB)
2026-01-19T03:36:58.9489991Z Using cached typing_inspection-0.4.2-py3-none-any.whl (14 kB)
2026-01-19T03:36:58.9502939Z Using cached sniffio-1.3.1-py3-none-any.whl (10 kB)
2026-01-19T03:36:59.1523245Z Installing collected packages: websockets, urllib3, typing-extensions, termcolor, tenacity, sniffio, PyYAML, python-dotenv, pyasn1, pillow, numpy, idna, h11, greenlet, faker, distro, charset_normalizer, certifi, annotated-types, typing-inspection, rsa, requests, pyee, pydantic-core, pyasn1-modules, opencv-python-headless, httpcore, anyio, pydantic, playwright, httpx, google-auth, google-genai
2026-01-19T03:37:05.9137815Z 
2026-01-19T03:37:05.9161508Z Successfully installed PyYAML-6.0.3 annotated-types-0.7.0 anyio-4.12.1 certifi-2026.1.4 charset_normalizer-3.4.4 distro-1.9.0 faker-40.1.2 google-auth-2.47.0 google-genai-1.59.0 greenlet-3.3.0 h11-0.16.0 httpcore-1.0.9 httpx-0.28.1 idna-3.11 numpy-2.4.1 opencv-python-headless-4.13.0.90 pillow-12.1.0 playwright-1.57.0 pyasn1-0.6.2 pyasn1-modules-0.4.2 pydantic-2.12.5 pydantic-core-2.41.5 pyee-13.0.0 python-dotenv-1.2.1 requests-2.32.5 rsa-4.9.1 sniffio-1.3.1 tenacity-9.1.2 termcolor-3.3.0 typing-extensions-4.15.0 typing-inspection-0.4.2 urllib3-2.6.3 websockets-15.0.1
2026-01-19T03:37:06.6796818Z Downloading Chromium 143.0.7499.4 (playwright build v1200) from https://cdn.playwright.dev/dbazure/download/playwright/builds/chromium/1200/chromium-linux.zip
2026-01-19T03:37:06.7817569Z (node:2182) [DEP0169] DeprecationWarning: `url.parse()` behavior is not standardized and prone to errors that have security implications. Use the WHATWG URL API instead. CVEs are not issued for `url.parse()` vulnerabilities.
2026-01-19T03:37:06.7819526Z (Use `node --trace-deprecation ...` to show where the warning was created)
2026-01-19T03:37:06.9119692Z |                                                                                |   0% of 164.7 MiB
2026-01-19T03:37:07.0402367Z |■■■■■■■■                                                                        |  10% of 164.7 MiB
2026-01-19T03:37:07.1417581Z |■■■■■■■■■■■■■■■■                                                                |  20% of 164.7 MiB
2026-01-19T03:37:07.2369401Z |■■■■■■■■■■■■■■■■■■■■■■■■                                                        |  30% of 164.7 MiB
2026-01-19T03:37:07.3374673Z |■■■■■■■■■■■■■■■■■■■■■■■■■■■■■■■■                                                |  40% of 164.7 MiB
2026-01-19T03:37:07.4332315Z |■■■■■■■■■■■■■■■■■■■■■■■■■■■■■■■■■■■■■■■■                                        |  50% of 164.7 MiB
2026-01-19T03:37:07.5274746Z |■■■■■■■■■■■■■■■■■■■■■■■■■■■■■■■■■■■■■■■■■■■■■■■■                                |  60% of 164.7 MiB
2026-01-19T03:37:07.6215895Z |■■■■■■■■■■■■■■■■■■■■■■■■■■■■■■■■■■■■■■■■■■■■■■■■■■■■■■■■                        |  70% of 164.7 MiB
2026-01-19T03:37:07.7284677Z |■■■■■■■■■■■■■■■■■■■■■■■■■■■■■■■■■■■■■■■■■■■■■■■■■■■■■■■■■■■■■■■■                |  80% of 164.7 MiB
2026-01-19T03:37:07.8245584Z |■■■■■■■■■■■■■■■■■■■■■■■■■■■■■■■■■■■■■■■■■■■■■■■■■■■■■■■■■■■■■■■■■■■■■■■■        |  90% of 164.7 MiB
2026-01-19T03:37:07.9235845Z |■■■■■■■■■■■■■■■■■■■■■■■■■■■■■■■■■■■■■■■■■■■■■■■■■■■■■■■■■■■■■■■■■■■■■■■■■■■■■■■■| 100% of 164.7 MiB
2026-01-19T03:37:10.3801269Z Chromium 143.0.7499.4 (playwright build v1200) downloaded to /home/runner/.cache/ms-playwright/chromium-1200
2026-01-19T03:37:10.3805917Z Downloading FFMPEG playwright build v1011 from https://cdn.playwright.dev/dbazure/download/playwright/builds/ffmpeg/1011/ffmpeg-linux.zip
2026-01-19T03:37:10.4790595Z (node:2193) [DEP0169] DeprecationWarning: `url.parse()` behavior is not standardized and prone to errors that have security implications. Use the WHATWG URL API instead. CVEs are not issued for `url.parse()` vulnerabilities.
2026-01-19T03:37:10.4791886Z (Use `node --trace-deprecation ...` to show where the warning was created)
2026-01-19T03:37:10.5194214Z |                                                                                |   0% of 2.3 MiB
2026-01-19T03:37:10.5267524Z |■■■■■■■■                                                                        |  10% of 2.3 MiB
2026-01-19T03:37:10.5283692Z |■■■■■■■■■■■■■■■■                                                                |  20% of 2.3 MiB
2026-01-19T03:37:10.5313119Z |■■■■■■■■■■■■■■■■■■■■■■■■                                                        |  30% of 2.3 MiB
2026-01-19T03:37:10.5326593Z |■■■■■■■■■■■■■■■■■■■■■■■■■■■■■■■■                                                |  40% of 2.3 MiB
2026-01-19T03:37:10.5341710Z |■■■■■■■■■■■■■■■■■■■■■■■■■■■■■■■■■■■■■■■■                                        |  50% of 2.3 MiB
2026-01-19T03:37:10.5361204Z |■■■■■■■■■■■■■■■■■■■■■■■■■■■■■■■■■■■■■■■■■■■■■■■■                                |  60% of 2.3 MiB
2026-01-19T03:37:10.5375090Z |■■■■■■■■■■■■■■■■■■■■■■■■■■■■■■■■■■■■■■■■■■■■■■■■■■■■■■■■                        |  70% of 2.3 MiB
2026-01-19T03:37:10.5391190Z |■■■■■■■■■■■■■■■■■■■■■■■■■■■■■■■■■■■■■■■■■■■■■■■■■■■■■■■■■■■■■■■■                |  80% of 2.3 MiB
2026-01-19T03:37:10.5406646Z |■■■■■■■■■■■■■■■■■■■■■■■■■■■■■■■■■■■■■■■■■■■■■■■■■■■■■■■■■■■■■■■■■■■■■■■■        |  90% of 2.3 MiB
2026-01-19T03:37:10.5419425Z |■■■■■■■■■■■■■■■■■■■■■■■■■■■■■■■■■■■■■■■■■■■■■■■■■■■■■■■■■■■■■■■■■■■■■■■■■■■■■■■■| 100% of 2.3 MiB
2026-01-19T03:37:10.5993685Z FFMPEG playwright build v1011 downloaded to /home/runner/.cache/ms-playwright/ffmpeg-1011
2026-01-19T03:37:10.5995507Z Downloading Chromium Headless Shell 143.0.7499.4 (playwright build v1200) from https://cdn.playwright.dev/dbazure/download/playwright/builds/chromium/1200/chromium-headless-shell-linux.zip
2026-01-19T03:37:10.6978230Z (node:2204) [DEP0169] DeprecationWarning: `url.parse()` behavior is not standardized and prone to errors that have security implications. Use the WHATWG URL API instead. CVEs are not issued for `url.parse()` vulnerabilities.
2026-01-19T03:37:10.6980063Z (Use `node --trace-deprecation ...` to show where the warning was created)
2026-01-19T03:37:10.8040145Z |                                                                                |   0% of 109.7 MiB
2026-01-19T03:37:10.9149623Z |■■■■■■■■                                                                        |  10% of 109.7 MiB
2026-01-19T03:37:11.0332503Z |■■■■■■■■■■■■■■■■                                                                |  20% of 109.7 MiB
2026-01-19T03:37:11.1275419Z |■■■■■■■■■■■■■■■■■■■■■■■■                                                        |  30% of 109.7 MiB
2026-01-19T03:37:11.2153485Z |■■■■■■■■■■■■■■■■■■■■■■■■■■■■■■■■                                                |  40% of 109.7 MiB
2026-01-19T03:37:11.2851316Z |■■■■■■■■■■■■■■■■■■■■■■■■■■■■■■■■■■■■■■■■                                        |  50% of 109.7 MiB
2026-01-19T03:37:11.3780370Z |■■■■■■■■■■■■■■■■■■■■■■■■■■■■■■■■■■■■■■■■■■■■■■■■                                |  60% of 109.7 MiB
2026-01-19T03:37:11.4615662Z |■■■■■■■■■■■■■■■■■■■■■■■■■■■■■■■■■■■■■■■■■■■■■■■■■■■■■■■■                        |  70% of 109.7 MiB
2026-01-19T03:37:11.5401719Z |■■■■■■■■■■■■■■■■■■■■■■■■■■■■■■■■■■■■■■■■■■■■■■■■■■■■■■■■■■■■■■■■                |  80% of 109.7 MiB
2026-01-19T03:37:11.6208496Z |■■■■■■■■■■■■■■■■■■■■■■■■■■■■■■■■■■■■■■■■■■■■■■■■■■■■■■■■■■■■■■■■■■■■■■■■        |  90% of 109.7 MiB
2026-01-19T03:37:11.6972279Z |■■■■■■■■■■■■■■■■■■■■■■■■■■■■■■■■■■■■■■■■■■■■■■■■■■■■■■■■■■■■■■■■■■■■■■■■■■■■■■■■| 100% of 109.7 MiB
2026-01-19T03:37:13.5409134Z Chromium Headless Shell 143.0.7499.4 (playwright build v1200) downloaded to /home/runner/.cache/ms-playwright/chromium_headless_shell-1200
2026-01-19T03:37:13.5781990Z ##[group]Run mkdir -p projects/ci_automationexercise_shop
2026-01-19T03:37:13.5782487Z [36;1mmkdir -p projects/ci_automationexercise_shop[0m
2026-01-19T03:37:13.5782911Z [36;1mcat > projects/ci_automationexercise_shop/config.json << 'EOF'[0m
2026-01-19T03:37:13.5783261Z [36;1m{[0m
2026-01-19T03:37:13.5783500Z [36;1m  "project_name": "ci_automationexercise_shop",[0m
2026-01-19T03:37:13.5783894Z [36;1m  "target_url": "https://www.automationexercise.com/",[0m
2026-01-19T03:37:13.5784272Z [36;1m  "goal": "Explore shopping features and cart",[0m
2026-01-19T03:37:13.5784571Z [36;1m  "headless": true[0m
2026-01-19T03:37:13.5784788Z [36;1m}[0m
2026-01-19T03:37:13.5784949Z [36;1mEOF[0m
2026-01-19T03:37:13.5819482Z shell: /usr/bin/bash -e {0}
2026-01-19T03:37:13.5819721Z env:
2026-01-19T03:37:13.5819988Z   pythonLocation: /opt/hostedtoolcache/Python/3.11.14/x64
2026-01-19T03:37:13.5820542Z   PKG_CONFIG_PATH: /opt/hostedtoolcache/Python/3.11.14/x64/lib/pkgconfig
2026-01-19T03:37:13.5821010Z   Python_ROOT_DIR: /opt/hostedtoolcache/Python/3.11.14/x64
2026-01-19T03:37:13.5821377Z   Python2_ROOT_DIR: /opt/hostedtoolcache/Python/3.11.14/x64
2026-01-19T03:37:13.5821748Z   Python3_ROOT_DIR: /opt/hostedtoolcache/Python/3.11.14/x64
2026-01-19T03:37:13.5822124Z   LD_LIBRARY_PATH: /opt/hostedtoolcache/Python/3.11.14/x64/lib
2026-01-19T03:37:13.5822428Z ##[endgroup]
2026-01-19T03:37:13.5995694Z ##[group]Run # Use --deep for comprehensive regression suite
2026-01-19T03:37:13.5996162Z [36;1m# Use --deep for comprehensive regression suite[0m
2026-01-19T03:37:13.5996664Z [36;1mpython orchestrator.py --project projects/ci_automationexercise_shop --deep --force[0m
2026-01-19T03:37:13.6030078Z shell: /usr/bin/bash -e {0}
2026-01-19T03:37:13.6030320Z env:
2026-01-19T03:37:13.6030829Z   pythonLocation: /opt/hostedtoolcache/Python/3.11.14/x64
2026-01-19T03:37:13.6031260Z   PKG_CONFIG_PATH: /opt/hostedtoolcache/Python/3.11.14/x64/lib/pkgconfig
2026-01-19T03:37:13.6031679Z   Python_ROOT_DIR: /opt/hostedtoolcache/Python/3.11.14/x64
2026-01-19T03:37:13.6032244Z   Python2_ROOT_DIR: /opt/hostedtoolcache/Python/3.11.14/x64
2026-01-19T03:37:13.6032604Z   Python3_ROOT_DIR: /opt/hostedtoolcache/Python/3.11.14/x64
2026-01-19T03:37:13.6032976Z   LD_LIBRARY_PATH: /opt/hostedtoolcache/Python/3.11.14/x64/lib
2026-01-19T03:37:13.6033457Z   GOOGLE_API_KEY: ***
2026-01-19T03:37:13.6033695Z   PYTHONPATH: .
2026-01-19T03:37:13.6033876Z ##[endgroup]
2026-01-19T03:37:15.3499501Z 🚀 [DEEP] Extensive mapping enabled (Depth: 3, Pages: 50)
2026-01-19T03:37:15.3500060Z 
2026-01-19T03:37:15.3500962Z 🗺️ [DISCOVERY] Starting Parallel Semantic Crawl on https://www.automationexercise.com/ (Workers: 3)
2026-01-19T03:37:15.7912053Z   🔍 [Worker 0] Visiting (0): https://www.automationexercise.com/
2026-01-19T03:37:16.4561893Z [CACHE HIT] 2a907338... (hits: 1, misses: 0)
2026-01-19T03:37:16.4563512Z   🔍 [Worker 1] Visiting (1): https://www.automationexercise.com/brand_products/Polo
2026-01-19T03:37:16.4567919Z   🔍 [Worker 2] Visiting (1): https://www.automationexercise.com/product_details/21
2026-01-19T03:37:16.4604813Z   🔍 [Worker 0] Visiting (1): https://www.automationexercise.com/product_details/39
2026-01-19T03:37:16.8694740Z [CACHE HIT] 056f2e12... (hits: 2, misses: 0)
2026-01-19T03:37:16.8698590Z [DEBUG] Sending request to gemini-2.0-flash. Number of parts: 1
2026-01-19T03:37:16.8701239Z [CACHE HIT] 395e1eaa... (hits: 3, misses: 1)
2026-01-19T03:37:16.8704183Z   🔍 [Worker 0] Visiting (1): https://www.automationexercise.com/product_details/4
2026-01-19T03:37:16.9097799Z   🔍 [Worker 1] Visiting (1): https://www.automationexercise.com/product_details/6
2026-01-19T03:37:17.1981584Z [CACHE HIT] 26aa0a2a... (hits: 4, misses: 2)
2026-01-19T03:37:17.1996068Z   🔍 [Worker 0] Visiting (1): https://www.automationexercise.com/category_products/4
2026-01-19T03:37:18.1465298Z [DEBUG] Received response (Length: 543)
2026-01-19T03:37:18.1467755Z   🔍 [Worker 2] Visiting (1): https://www.automationexercise.com/test_cases
2026-01-19T03:37:22.5661231Z [DEBUG] Sending request to gemini-2.0-flash. Number of parts: 1
2026-01-19T03:37:22.5664822Z [DEBUG] Sending request to gemini-2.0-flash. Number of parts: 1
2026-01-19T03:37:22.5666115Z [DEBUG] Sending request to gemini-2.0-flash. Number of parts: 1
2026-01-19T03:37:22.5668005Z [DEBUG] Received response (Length: 218)
2026-01-19T03:37:22.5669105Z   🔍 [Worker 2] Visiting (1): https://www.automationexercise.com/category_products/1
2026-01-19T03:37:22.7901648Z [CACHE HIT] f23aa454... (hits: 5, misses: 4)
2026-01-19T03:37:22.7903920Z   🔍 [Worker 2] Visiting (1): https://www.automationexercise.com/product_details/24
2026-01-19T03:37:22.9201243Z [DEBUG] Received response (Length: 460)
2026-01-19T03:37:22.9202852Z   🔍 [Worker 0] Visiting (1): https://www.automationexercise.com/brand_products/Babyhug
2026-01-19T03:37:23.0200053Z [DEBUG] Received response (Length: 536)
2026-01-19T03:37:23.0201000Z [DEBUG] Sending request to gemini-2.0-flash. Number of parts: 1
2026-01-19T03:37:23.0202221Z   🔍 [Worker 1] Visiting (1): https://www.automationexercise.com/product_details/33
2026-01-19T03:37:23.2088421Z [CACHE HIT] f1e9969d... (hits: 6, misses: 5)
2026-01-19T03:37:23.2089642Z   🔍 [Worker 0] Visiting (1): https://www.automationexercise.com/contact_us
2026-01-19T03:37:23.5642466Z [CACHE HIT] 0737564f... (hits: 7, misses: 6)
2026-01-19T03:37:23.5644122Z   🔍 [Worker 0] Visiting (1): https://www.automationexercise.com/product_details/15
2026-01-19T03:37:23.9484671Z [DEBUG] Received response (Length: 368)
2026-01-19T03:37:23.9509981Z   🔍 [Worker 2] Visiting (1): https://www.automationexercise.com/product_details/11
2026-01-19T03:37:28.9240607Z [DEBUG] Sending request to gemini-2.0-flash. Number of parts: 1
2026-01-19T03:37:28.9244325Z [DEBUG] Sending request to gemini-2.0-flash. Number of parts: 1
2026-01-19T03:37:28.9245128Z [DEBUG] Sending request to gemini-2.0-flash. Number of parts: 1
2026-01-19T03:37:28.9245745Z [DEBUG] Received response (Length: 340)
2026-01-19T03:37:28.9246830Z   🔍 [Worker 0] Visiting (1): https://www.automationexercise.com/product_details/31
2026-01-19T03:37:28.9758721Z [DEBUG] Received response (Length: 358)
2026-01-19T03:37:28.9759954Z   🔍 [Worker 2] Visiting (1): https://www.automationexercise.com/category_products/3
2026-01-19T03:37:29.2107476Z [DEBUG] Received response (Length: 509)
2026-01-19T03:37:29.2108055Z [CACHE HIT] e8f36680... (hits: 8, misses: 8)
2026-01-19T03:37:29.2109083Z   🔍 [Worker 1] Visiting (1): https://www.automationexercise.com/products
2026-01-19T03:37:29.2802790Z   🔍 [Worker 0] Visiting (1): https://www.automationexercise.com/view_cart
2026-01-19T03:37:33.8010056Z [DEBUG] Sending request to gemini-2.0-flash. Number of parts: 1
2026-01-19T03:37:33.8013289Z [DEBUG] Sending request to gemini-2.0-flash. Number of parts: 1
2026-01-19T03:37:33.8013974Z [DEBUG] Sending request to gemini-2.0-flash. Number of parts: 1
2026-01-19T03:37:33.8014512Z [DEBUG] Received response (Length: 235)
2026-01-19T03:37:33.8015576Z   🔍 [Worker 0] Visiting (1): https://www.automationexercise.com/brand_products/Allen%20Solly%20Junior
2026-01-19T03:37:33.9965871Z [DEBUG] Received response (Length: 303)
2026-01-19T03:37:33.9975971Z   🔍 [Worker 1] Visiting (1): https://www.automationexercise.com/product_details/41
2026-01-19T03:37:34.0655767Z [DEBUG] Received response (Length: 447)
2026-01-19T03:37:34.0657472Z   🔍 [Worker 2] Visiting (1): https://www.automationexercise.com/product_details/43
2026-01-19T03:37:38.7745638Z [DEBUG] Sending request to gemini-2.0-flash. Number of parts: 1
2026-01-19T03:37:38.7749624Z [DEBUG] Sending request to gemini-2.0-flash. Number of parts: 1
2026-01-19T03:37:38.7758108Z [DEBUG] Sending request to gemini-2.0-flash. Number of parts: 1
2026-01-19T03:37:38.7758707Z [DEBUG] Received response (Length: 337)
2026-01-19T03:37:38.7759740Z   🔍 [Worker 1] Visiting (1): https://www.automationexercise.com/product_details/42
2026-01-19T03:37:38.8231662Z [DEBUG] Received response (Length: 325)
2026-01-19T03:37:38.8233006Z   🔍 [Worker 2] Visiting (1): https://www.automationexercise.com/category_products/5
2026-01-19T03:37:39.1228904Z [DEBUG] Sending request to gemini-2.0-flash. Number of parts: 1
2026-01-19T03:37:39.1233008Z [CACHE HIT] 83284235... (hits: 9, misses: 15)
2026-01-19T03:37:39.1234046Z   🔍 [Worker 2] Visiting (1): https://www.automationexercise.com/product_details/23
2026-01-19T03:37:39.1433284Z [DEBUG] Received response (Length: 424)
2026-01-19T03:37:39.1434420Z   🔍 [Worker 0] Visiting (1): https://www.automationexercise.com/product_details/28
2026-01-19T03:37:39.3939875Z [CACHE HIT] d844c3a3... (hits: 10, misses: 15)
2026-01-19T03:37:39.3941376Z   🔍 [Worker 2] Visiting (1): https://www.automationexercise.com/brand_products/Biba
2026-01-19T03:37:39.6224223Z [CACHE HIT] ae99648d... (hits: 11, misses: 16)
2026-01-19T03:37:39.6225629Z   🔍 [Worker 2] Visiting (1): https://www.automationexercise.com/product_details/37
2026-01-19T03:37:39.8833847Z [CACHE HIT] 37378198... (hits: 12, misses: 16)
2026-01-19T03:37:39.8834945Z   🔍 [Worker 2] Visiting (1): https://www.automationexercise.com/api_list
2026-01-19T03:37:40.0797152Z [DEBUG] Received response (Length: 457)
2026-01-19T03:37:40.0798382Z   🔍 [Worker 1] Visiting (1): https://www.automationexercise.com/login
2026-01-19T03:37:40.1200765Z [CACHE HIT] 22eac6ed... (hits: 13, misses: 16)
2026-01-19T03:37:40.1201955Z   🔍 [Worker 2] Visiting (1): https://www.automationexercise.com/category_products/7
2026-01-19T03:37:44.7995386Z [DEBUG] Sending request to gemini-2.0-flash. Number of parts: 1
2026-01-19T03:37:44.7997112Z [DEBUG] Sending request to gemini-2.0-flash. Number of parts: 1
2026-01-19T03:37:44.7997779Z [DEBUG] Sending request to gemini-2.0-flash. Number of parts: 1
2026-01-19T03:37:44.7998326Z [DEBUG] Received response (Length: 334)
2026-01-19T03:37:44.7999321Z   🔍 [Worker 1] Visiting (1): https://www.automationexercise.com/brand_products/Madame
2026-01-19T03:37:45.0986070Z [DEBUG] Received response (Length: 510)
2026-01-19T03:37:45.0987171Z   🔍 [Worker 0] Visiting (1): https://www.automationexercise.com/product_details/19
2026-01-19T03:37:45.2014872Z [DEBUG] Received response (Length: 539)
2026-01-19T03:37:45.2016559Z   🔍 [Worker 2] Visiting (1): https://www.automationexercise.com/product_details/29
2026-01-19T03:37:45.5986785Z [CACHE HIT] 26085524... (hits: 14, misses: 20)
2026-01-19T03:37:45.5988200Z   🔍 [Worker 0] Visiting (1): https://www.automationexercise.com/product_details/35
2026-01-19T03:37:49.9205154Z [DEBUG] Sending request to gemini-2.0-flash. Number of parts: 1
2026-01-19T03:37:49.9206445Z [DEBUG] Sending request to gemini-2.0-flash. Number of parts: 1
2026-01-19T03:37:49.9207397Z [DEBUG] Sending request to gemini-2.0-flash. Number of parts: 1
2026-01-19T03:37:49.9208025Z [DEBUG] Received response (Length: 322)
2026-01-19T03:37:49.9209088Z   🔍 [Worker 0] Visiting (1): https://www.automationexercise.com/brand_products/H&M
2026-01-19T03:37:50.0244501Z [DEBUG] Received response (Length: 324)
2026-01-19T03:37:50.0246582Z   🔍 [Worker 2] Visiting (1): https://www.automationexercise.com/brand_products/Mast%20&%20Harbour
2026-01-19T03:37:50.1811671Z [DEBUG] Received response (Length: 510)
2026-01-19T03:37:50.1813084Z   🔍 [Worker 1] Visiting (1): https://www.automationexercise.com/product_details/12
2026-01-19T03:37:50.3624492Z [CACHE HIT] ff268896... (hits: 15, misses: 22)
2026-01-19T03:37:50.3625750Z   🔍 [Worker 2] Visiting (1): https://www.automationexercise.com/product_details/16
2026-01-19T03:37:50.6277071Z [CACHE HIT] edb825cf... (hits: 16, misses: 23)
2026-01-19T03:37:50.6279273Z   🔍 [Worker 2] Visiting (1): https://www.automationexercise.com/product_details/22
2026-01-19T03:37:50.8511756Z [CACHE HIT] c0502b1c... (hits: 17, misses: 23)
2026-01-19T03:37:50.8514255Z   🔍 [Worker 2] Visiting (1): https://www.automationexercise.com/product_details/1
2026-01-19T03:37:54.9371197Z [DEBUG] Sending request to gemini-2.0-flash. Number of parts: 1
2026-01-19T03:37:54.9374749Z [DEBUG] Sending request to gemini-2.0-flash. Number of parts: 1
2026-01-19T03:37:54.9375469Z [DEBUG] Sending request to gemini-2.0-flash. Number of parts: 1
2026-01-19T03:37:54.9376075Z [DEBUG] Received response (Length: 354)
2026-01-19T03:37:54.9377094Z   🔍 [Worker 0] Visiting (1): https://www.automationexercise.com/product_details/30
2026-01-19T03:37:55.1488290Z [DEBUG] Received response (Length: 528)
2026-01-19T03:37:55.1489394Z   🔍 [Worker 2] Visiting (1): https://www.automationexercise.com/category_products/6
2026-01-19T03:37:55.2211188Z [CACHE HIT] 5ea77373... (hits: 18, misses: 24)
2026-01-19T03:37:55.2218603Z   🔍 [Worker 0] Visiting (1): https://www.automationexercise.com/product_details/8
2026-01-19T03:37:55.2501578Z [DEBUG] Received response (Length: 533)
2026-01-19T03:37:55.2503185Z   🔍 [Worker 1] Visiting (1): https://www.automationexercise.com/product_details/18
2026-01-19T03:37:56.4440239Z [DEBUG] Sending request to gemini-2.0-flash. Number of parts: 1
2026-01-19T03:37:56.4441774Z [DEBUG] Received response (Length: 397)
2026-01-19T03:37:56.4443155Z   🔍 [Worker 2] Visiting (1): https://www.automationexercise.com/product_details/3
2026-01-19T03:38:01.3180002Z [DEBUG] Sending request to gemini-2.0-flash. Number of parts: 1
2026-01-19T03:38:01.3182643Z [DEBUG] Sending request to gemini-2.0-flash. Number of parts: 1
2026-01-19T03:38:01.3183466Z [DEBUG] Sending request to gemini-2.0-flash. Number of parts: 1
2026-01-19T03:38:01.3184046Z [DEBUG] Received response (Length: 300)
2026-01-19T03:38:01.3186810Z   🔍 [Worker 2] Visiting (1): https://www.automationexercise.com/product_details/40
2026-01-19T03:38:01.4268958Z [DEBUG] Received response (Length: 341)
2026-01-19T03:38:01.4269757Z [DEBUG] Received response (Length: 337)
2026-01-19T03:38:01.4271106Z   🔍 [Worker 1] Visiting (1): https://www.automationexercise.com/product_details/13
2026-01-19T03:38:01.4319644Z   🔍 [Worker 0] Visiting (1): https://www.automationexercise.com/product_details/20
2026-01-19T03:38:01.5815944Z [CACHE HIT] 74337f6a... (hits: 19, misses: 28)
2026-01-19T03:38:01.5818328Z   🔍 [Worker 2] Visiting (1): https://www.automationexercise.com/brand_products/Kookie%20Kids
2026-01-19T03:38:01.7576941Z [CACHE HIT] 60dc93ab... (hits: 20, misses: 29)
2026-01-19T03:38:01.7579095Z   🔍 [Worker 0] Visiting (1): https://www.automationexercise.com/product_details/7
2026-01-19T03:38:06.3155943Z [DEBUG] Sending request to gemini-2.0-flash. Number of parts: 1
2026-01-19T03:38:06.3166768Z [DEBUG] Sending request to gemini-2.0-flash. Number of parts: 1
2026-01-19T03:38:06.3167697Z [DEBUG] Sending request to gemini-2.0-flash. Number of parts: 1
2026-01-19T03:38:06.3168466Z [DEBUG] Received response (Length: 326)
2026-01-19T03:38:06.3169642Z   🔍 [Worker 1] Visiting (1): https://www.automationexercise.com/product_details/38
2026-01-19T03:38:11.3937478Z [DEBUG] Received response (Length: 555)
2026-01-19T03:38:11.3938728Z [DEBUG] Received response (Length: 608)
2026-01-19T03:38:11.3939600Z [DEBUG] Sending request to gemini-2.0-flash. Number of parts: 1
2026-01-19T03:38:11.3942178Z [DEBUG] Received response (Length: 335)
2026-01-19T03:38:11.3943010Z ✅ Discovery Complete. Mapped 50 pages.
2026-01-19T03:38:22.9595737Z 
2026-01-19T03:38:22.9596484Z [PLAN] PLANNER: Planning goal -> 'Explore shopping features and cart' (Deep Mode: True)
2026-01-19T03:38:22.9597344Z 🗺️ [PLAN] Loaded Sitemap with 50 pages.
2026-01-19T03:38:22.9598287Z 🎭 [EXPERT] Detected Domain: ECOMMERCE. Persona: Act as a Senior SDET focusing on e-commerce flow automation and conversion funnel reliability
2026-01-19T03:38:22.9599273Z [DEBUG] Sending request to gemini-2.0-flash. Number of parts: 1
2026-01-19T03:38:22.9599729Z [DEBUG] Received response (Length: 5939)
2026-01-19T03:38:22.9600180Z ✅ Planner generated 4 scenarios. Workflow updated.
2026-01-19T03:38:24.0074226Z 
2026-01-19T03:38:24.0075128Z 🕵️ [DEEP EXPLORER] Starting Multi-Scenario Exploration
2026-01-19T03:38:24.0075886Z 📋 Found 4 scenarios to explore.
2026-01-19T03:38:24.3796213Z 
2026-01-19T03:38:24.3796965Z [1/4] Exploring Scenario: Search, Add to Cart, and View Cart
2026-01-19T03:38:24.3797945Z     🧠 Initialized exploration context for goal: 'Explore shopping features and cart'
2026-01-19T03:38:24.3798689Z   ▶️ [STEP step_1] NAVIGATE: 
2026-01-19T03:38:25.2171851Z     ✅ Navigated to https://www.automationexercise.com/
2026-01-19T03:38:25.2172710Z   ▶️ [STEP step_2] ASSERT_URL: 
2026-01-19T03:38:30.2606160Z     ⚠️ Scroll into view failed for text=None. Proceeding anyway.
2026-01-19T03:38:32.2629020Z     ✅ State transitioned.
2026-01-19T03:38:33.8924678Z [DEBUG] Sending request to gemini-2.0-flash. Number of parts: 2
2026-01-19T03:38:33.8925482Z [DEBUG] Received response (Length: 216)
2026-01-19T03:38:33.8926439Z     🤖 AI Next Step Suggestion: click -> Add to cart
2026-01-19T03:38:33.8927268Z     🧩 Suggested Locator: a[data-product-id='1']
2026-01-19T03:38:33.8928748Z     💭 Reasoning: To explore shopping features and cart, adding the first available item to the cart is the next logical step.
2026-01-19T03:38:33.8930107Z     ➕ Injected AI step: click -> Add to cart
2026-01-19T03:38:33.8931038Z   ▶️ [STEP step_2_ai_1] CLICK: Add to cart
2026-01-19T03:38:33.9003829Z     📢 Detected overlay (ins.adsbygoogle). Dismissing...
2026-01-19T03:38:35.4102268Z     🎯 Using AI-provided locator: a[data-product-id='1']
2026-01-19T03:38:35.4170656Z     ✅ Found 1 verified locators
2026-01-19T03:38:35.4236480Z     📢 Detected overlay (ins.adsbygoogle). Dismissing...
2026-01-19T03:38:41.0023575Z     ✅ State transitioned.
2026-01-19T03:38:42.9141272Z [DEBUG] Sending request to gemini-2.0-flash. Number of parts: 2
2026-01-19T03:38:42.9141948Z [DEBUG] Received response (Length: 253)
2026-01-19T03:38:42.9142791Z     🤖 AI Next Step Suggestion: click -> Continue Shopping
2026-01-19T03:38:42.9143412Z     🧩 Suggested Locator: button
2026-01-19T03:38:42.9144716Z     💭 Reasoning: The 'Added!' popup is currently displayed. Clicking 'Continue Shopping' will close the popup and allow further exploration of the website.
2026-01-19T03:38:42.9145861Z     ➕ Injected AI step: click -> Continue Shopping
2026-01-19T03:38:42.9146264Z   ▶️ [STEP step_2_ai_2] CLICK: Continue Shopping
2026-01-19T03:38:42.9209196Z     📢 Detected overlay (ins.adsbygoogle). Dismissing...
2026-01-19T03:38:44.4270962Z     🎯 Using AI-provided locator: button
2026-01-19T03:38:44.4336713Z     ✅ Found 1 verified locators
2026-01-19T03:38:44.4416528Z     📢 Detected overlay (ins.adsbygoogle). Dismissing...
2026-01-19T03:38:51.9565680Z     ⚠️ Scroll into view failed for button. Proceeding anyway.
2026-01-19T03:38:52.4709632Z     ⚠️ Action failed: Locator.click: Element is not visible
2026-01-19T03:38:52.4710229Z Call log:
2026-01-19T03:38:52.4710708Z   ...
2026-01-19T03:38:54.6482366Z [DEBUG] Sending request to gemini-2.0-flash. Number of parts: 2
2026-01-19T03:38:54.6482992Z [DEBUG] Received response (Length: 219)
2026-01-19T03:38:54.6483875Z     ✨ AI Heal Reasoning: The element with the text 'Continue Shopping' is a button and is visible on the page.
2026-01-19T03:38:54.6485448Z     ✨ AI healed exploration action! New selector: body > div.sweet-alert.showSweetAlert > div.sa-button-container > div > button
2026-01-19T03:39:00.1548724Z     ⚠️ Scroll into view failed for body > div.sweet-alert.showSweetAlert > div.sa-button-container > div > button. Proceeding anyway.
2026-01-19T03:39:05.1574078Z   ▶️ [STEP step_3] CLICK: Products
2026-01-19T03:39:05.1642582Z     📢 Detected overlay (ins.adsbygoogle). Dismissing...
2026-01-19T03:39:06.6701342Z     🔍 Mining locators for: 'Products'
2026-01-19T03:39:06.8943303Z     🧠 Consulting AI (Vision-First) to find 'Products'...
2026-01-19T03:39:06.8959119Z     🔍 Trying smart selectors for 'Products'...
2026-01-19T03:39:06.9241041Z     ✅ Smart selector found 'Products' via a-text-exact (confidence: 0.9)
2026-01-19T03:39:06.9297207Z     ✅ Found 1 verified locators
2026-01-19T03:39:06.9363275Z     📢 Detected overlay (ins.adsbygoogle). Dismissing...
2026-01-19T03:39:12.0116650Z     ✅ State transitioned.
2026-01-19T03:39:12.0534932Z     🔄 Revisited state detected (count: 1)
2026-01-19T03:39:13.7473313Z [DEBUG] Sending request to gemini-2.0-flash. Number of parts: 2
2026-01-19T03:39:13.7474027Z [DEBUG] Received response (Length: 266)
2026-01-19T03:39:13.7474947Z     🤖 AI Next Step Suggestion: click -> View Cart
2026-01-19T03:39:13.7475575Z     🧩 Suggested Locator: a:contains('View Cart')
2026-01-19T03:39:13.7476832Z     💭 Reasoning: The product has been added to the cart, and the goal is to explore shopping features and the cart. Clicking 'View Cart' will allow us to see the cart contents.
2026-01-19T03:39:13.7477750Z     ➕ Injected AI step: click -> View Cart
2026-01-19T03:39:13.7478122Z   ▶️ [STEP step_3_ai_1] CLICK: View Cart
2026-01-19T03:39:13.7539349Z     📢 Detected overlay (ins.adsbygoogle). Dismissing...
2026-01-19T03:39:15.2600309Z     🎯 Using AI-provided locator: a:contains('View Cart')
2026-01-19T03:39:15.2638357Z     🔍 Mining locators for: 'View Cart'
2026-01-19T03:39:15.5066256Z     ✅ Found 2 verified locators
2026-01-19T03:39:15.5133147Z     📢 Detected overlay (ins.adsbygoogle). Dismissing...
2026-01-19T03:39:20.5617405Z     ✅ State transitioned.
2026-01-19T03:39:22.5672288Z [DEBUG] Sending request to gemini-2.0-flash. Number of parts: 2
2026-01-19T03:39:22.5672977Z [DEBUG] Received response (Length: 234)
2026-01-19T03:39:22.5673764Z     🤖 AI Next Step Suggestion: click -> Proceed To Checkout
2026-01-19T03:39:22.5674694Z     💭 Reasoning: The goal is to explore shopping features and cart. The cart has an item. The next logical step is to proceed to checkout.
2026-01-19T03:39:22.5675728Z     ➕ Injected AI step: click -> Proceed To Checkout
2026-01-19T03:39:22.5676175Z   ▶️ [STEP step_3_ai_2] CLICK: Proceed To Checkout
2026-01-19T03:39:22.5894547Z     🔍 Mining locators for: 'Proceed To Checkout'
2026-01-19T03:39:22.6523310Z     ✅ Found 1 verified locators
2026-01-19T03:39:26.2310940Z     ✅ State transitioned.
2026-01-19T03:39:28.1884632Z [DEBUG] Sending request to gemini-2.0-flash. Number of parts: 2
2026-01-19T03:39:28.1885385Z [DEBUG] Received response (Length: 259)
2026-01-19T03:39:28.1886335Z     🤖 AI Next Step Suggestion: click -> Register / Login
2026-01-19T03:39:28.1888258Z     💭 Reasoning: The page requires registration/login to proceed with checkout. Clicking 'Register / Login' is the next logical step to continue the checkout process.
2026-01-19T03:39:28.1890317Z     ➕ Injected AI step: click -> Register / Login
2026-01-19T03:39:28.1891320Z   ▶️ [STEP step_3_ai_3] CLICK: Register / Login
2026-01-19T03:39:28.1947388Z     🔍 Mining locators for: 'Register / Login'
2026-01-19T03:39:28.2631731Z     ✅ Found 3 verified locators
2026-01-19T03:39:31.8271330Z     ✅ State transitioned.
2026-01-19T03:39:33.4696665Z [DEBUG] Sending request to gemini-2.0-flash. Number of parts: 2
2026-01-19T03:39:33.4697463Z [DEBUG] Received response (Length: 203)
2026-01-19T03:39:33.4698326Z     🤖 AI Next Step Suggestion: fill -> Name
2026-01-19T03:39:33.4699017Z     🧩 Suggested Locator: [name='name']
2026-01-19T03:39:33.4700629Z     💭 Reasoning: Need to fill the signup form to proceed with the checkout flow. Filling the name field first.
2026-01-19T03:39:33.4701628Z     ➕ Injected AI step: fill -> Name
2026-01-19T03:39:33.4702139Z   ▶️ [STEP step_3_ai_4] FILL: Name
2026-01-19T03:39:33.4866320Z     🎯 Using AI-provided locator: [name='name']
2026-01-19T03:39:33.4923130Z     ✅ Found 1 verified locators
2026-01-19T03:39:39.0139847Z     ✅ State transitioned.
2026-01-19T03:39:40.5714615Z [DEBUG] Sending request to gemini-2.0-flash. Number of parts: 2
2026-01-19T03:39:40.5715300Z [DEBUG] Received response (Length: 191)
2026-01-19T03:39:40.5716108Z     🤖 AI Next Step Suggestion: fill -> Email Address
2026-01-19T03:39:40.5731926Z     🧩 Suggested Locator: input[name='email']
2026-01-19T03:39:40.5732794Z     💭 Reasoning: Need to fill the email address to proceed with signup.
2026-01-19T03:39:40.5733585Z     ➕ Injected AI step: fill -> Email Address
2026-01-19T03:39:40.5734076Z   ▶️ [STEP step_3_ai_5] FILL: Email Address
2026-01-19T03:39:40.5778720Z     🎯 Using AI-provided locator: input[name='email']
2026-01-19T03:39:40.5836579Z     ✅ Found 1 verified locators
2026-01-19T03:39:47.1652473Z     ✅ State transitioned.
2026-01-19T03:39:48.8697954Z [DEBUG] Sending request to gemini-2.0-flash. Number of parts: 2
2026-01-19T03:39:48.8698746Z [DEBUG] Received response (Length: 293)
2026-01-19T03:39:48.8699679Z     🤖 AI Next Step Suggestion: click -> Signup
2026-01-19T03:39:48.8700744Z     🧩 Suggested Locator: button
2026-01-19T03:39:48.8702780Z     💭 Reasoning: The form for new user signup is visible. Since the goal is to explore shopping features and cart, creating a new account is a valid step to proceed. The 'Signup' button will submit the new user information.
2026-01-19T03:39:48.8704469Z     ➕ Injected AI step: click -> Signup
2026-01-19T03:39:48.8705036Z   ▶️ [STEP step_3_ai_6] CLICK: Signup
2026-01-19T03:39:48.8762254Z     🎯 Using AI-provided locator: button
2026-01-19T03:39:48.8818538Z     ✅ Found 1 verified locators
2026-01-19T03:39:52.9286452Z     ✅ State transitioned.
2026-01-19T03:39:52.9610701Z     🔄 Revisited state detected (count: 1)
2026-01-19T03:39:54.7893935Z [DEBUG] Sending request to gemini-2.0-flash. Number of parts: 2
2026-01-19T03:39:54.7894490Z [DEBUG] Received response (Length: 191)
2026-01-19T03:39:54.7895086Z     🤖 AI Next Step Suggestion: fill -> Password
2026-01-19T03:39:54.7896014Z     🧩 Suggested Locator: input[name='password']
2026-01-19T03:39:54.7896866Z     💭 Reasoning: The password field is empty and needs to be filled to attempt login.
2026-01-19T03:39:54.7897957Z     ➕ Injected AI step: fill -> Password
2026-01-19T03:39:54.7898518Z   ▶️ [STEP step_3_ai_7] FILL: Password
2026-01-19T03:39:54.7961409Z     🎯 Using AI-provided locator: input[name='password']
2026-01-19T03:39:54.8019663Z     ✅ Found 1 verified locators
2026-01-19T03:40:00.2498357Z     ✅ State transitioned.
2026-01-19T03:40:01.8149809Z [DEBUG] Sending request to gemini-2.0-flash. Number of parts: 2
2026-01-19T03:40:01.8150657Z [DEBUG] Received response (Length: 191)
2026-01-19T03:40:01.8151489Z     🤖 AI Next Step Suggestion: fill -> Email Address
2026-01-19T03:40:01.8151903Z     🧩 Suggested Locator: input[name='email']
2026-01-19T03:40:01.8152335Z     💭 Reasoning: Need to fill in the email address for the signup form.
2026-01-19T03:40:01.8153053Z     ➕ Injected AI step: fill -> Email Address
2026-01-19T03:40:01.8153391Z   ▶️ [STEP step_3_ai_8] FILL: Email Address
2026-01-19T03:40:01.8210083Z     🎯 Using AI-provided locator: input[name='email']
2026-01-19T03:40:01.8265716Z     ✅ Found 1 verified locators
2026-01-19T03:40:07.7287460Z     ✅ State transitioned.
2026-01-19T03:40:07.7603776Z     🔄 Revisited state detected (count: 1)
2026-01-19T03:42:12.1891563Z [DEBUG] Sending request to gemini-2.0-flash. Number of parts: 2
2026-01-19T03:42:12.1893149Z [DEBUG] LLM Error: 429 RESOURCE_EXHAUSTED. {'error': {'code': 429, 'message': 'Resource exhausted. Please try again later. Please refer to https://cloud.google.com/vertex-ai/generative-ai/docs/error-code-429 for more details.', 'status': 'RESOURCE_EXHAUSTED'}}
2026-01-19T03:42:12.1895057Z ⚠️ 429 Rate Limit Hit. Cooling down for 60s...
2026-01-19T03:42:12.1895659Z [DEBUG] Sending request to gemini-2.0-flash. Number of parts: 2
2026-01-19T03:42:12.1897042Z [DEBUG] LLM Error: 429 RESOURCE_EXHAUSTED. {'error': {'code': 429, 'message': 'Resource exhausted. Please try again later. Please refer to https://cloud.google.com/vertex-ai/generative-ai/docs/error-code-429 for more details.', 'status': 'RESOURCE_EXHAUSTED'}}
2026-01-19T03:42:12.1898315Z ⚠️ 429 Rate Limit Hit. Cooling down for 60s...
2026-01-19T03:42:12.1898703Z [DEBUG] Sending request to gemini-2.0-flash. Number of parts: 2
2026-01-19T03:42:12.1899086Z [DEBUG] Received response (Length: 263)
2026-01-19T03:42:12.1899463Z     🤖 AI Next Step Suggestion: click -> Products
2026-01-19T03:42:12.1900700Z     💭 Reasoning: The goal is to explore shopping features and cart. Clicking on 'Products' will navigate to the products page, which is a necessary step to add items to the cart.
2026-01-19T03:42:12.1901646Z     ➕ Injected AI step: click -> Products
2026-01-19T03:42:12.1901985Z   ▶️ [STEP step_3_ai_9] CLICK: Products
2026-01-19T03:42:12.1959181Z     🔍 Mining locators for: 'Products'
2026-01-19T03:42:12.2612857Z     ✅ Found 2 verified locators
2026-01-19T03:42:15.8066996Z     ✅ State transitioned.
2026-01-19T03:42:17.6160302Z [DEBUG] Sending request to gemini-2.0-flash. Number of parts: 2
2026-01-19T03:42:17.6161248Z [DEBUG] Received response (Length: 286)
2026-01-19T03:42:17.6162174Z     🤖 AI Next Step Suggestion: click -> Products
2026-01-19T03:42:17.6164371Z     💭 Reasoning: The goal is to explore shopping features and cart. We are currently on the login page. Clicking 'Products' will navigate to the products page, allowing us to explore shopping features.
2026-01-19T03:42:17.6166578Z ⚠️ Loop detected: same AI suggestion repeated 2 times. Moving to next step.
2026-01-19T03:42:17.6167508Z   ▶️ [STEP step_4] ASSERT_URL: 
2026-01-19T03:42:22.6325041Z     ⚠️ Scroll into view failed for text=None. Proceeding anyway.
2026-01-19T03:42:24.6348115Z     ✅ State transitioned.
2026-01-19T03:42:24.6661483Z     🔄 Revisited state detected (count: 1)
2026-01-19T03:42:26.2920821Z [DEBUG] Sending request to gemini-2.0-flash. Number of parts: 2
2026-01-19T03:42:26.2921627Z [DEBUG] Received response (Length: 311)
2026-01-19T03:42:26.2922506Z     🤖 AI Next Step Suggestion: click -> Products
2026-01-19T03:42:26.2922987Z     🧩 Suggested Locator: a[href='/products']
2026-01-19T03:42:26.2924536Z     💭 Reasoning: The goal is to explore shopping features and cart. We are currently on the login page. Clicking 'Products' will navigate to the product listing page, which is a necessary step towards adding items to the cart.
2026-01-19T03:42:26.2925632Z     ➕ Injected AI step: click -> Products
2026-01-19T03:42:26.2925980Z   ▶️ [STEP step_4_ai_1] CLICK: Products
2026-01-19T03:42:26.2982214Z     🎯 Using AI-provided locator: a[href='/products']
2026-01-19T03:42:26.3042549Z     ✅ Found 1 verified locators
2026-01-19T03:42:30.3511666Z     ✅ State transitioned.
2026-01-19T03:42:31.8635470Z [DEBUG] Sending request to gemini-2.0-flash. Number of parts: 2
2026-01-19T03:42:31.8636292Z [DEBUG] Received response (Length: 360)
2026-01-19T03:42:31.8637664Z     🤖 AI Next Step Suggestion: click -> Products
2026-01-19T03:42:31.8638517Z     🧩 Suggested Locator: a[href='/products']
2026-01-19T03:42:31.8641492Z     💭 Reasoning: The goal is to explore shopping features and cart. We are currently on the login page. Clicking 'Products' will navigate to the product listing page, which is a necessary step towards exploring shopping features and adding items to the cart.
2026-01-19T03:42:31.8644136Z ⚠️ Loop detected: same AI suggestion repeated 2 times. Moving to next step.
2026-01-19T03:42:31.8645082Z   ▶️ [STEP step_5] FILL: Search Product
2026-01-19T03:42:31.8700665Z     🔍 Mining locators for: 'Search Product'
2026-01-19T03:42:31.9147217Z     🧠 Consulting AI (Vision-First) to find 'Search Product'...
2026-01-19T03:42:31.9148041Z     🔍 Trying smart selectors for 'Search Product'...
2026-01-19T03:42:31.9698353Z     ⚠️ Smart selectors failed (no unique match). Falling back to AI Vision...
2026-01-19T03:42:31.9701679Z     🧠 [EXPERT] Strategy: Act as a Senior SDET focusing on e-commerce flow automation and conversion funnel reliability. Focus on the complete shopping funnel (Search -> Product Selection -> Add to Cart -> Checkout). CRITICAL: Identify SEARCH BARS, magnifying glass icons, and 'Add to Cart' buttons as primary automation targets. Dismiss popups that block the flow. For product lists, default to selecting the FIRST available item for consistent automation.
2026-01-19T03:42:36.5811220Z [DEBUG] Sending request to gemini-2.0-flash. Number of parts: 2
2026-01-19T03:42:36.5811721Z [DEBUG] Received response (Length: 182)
2026-01-19T03:42:36.5812375Z     ⚠️ Skipping duplicate injection: Products
2026-01-19T03:42:36.5812890Z     🔄 Retry 1/3 mining locators for 'Search Product'...
2026-01-19T03:42:37.6308869Z     🧠 Consulting AI (Vision-First) to find 'Search Product'...
2026-01-19T03:42:37.6309726Z     🔍 Trying smart selectors for 'Search Product'...
2026-01-19T03:42:37.7236701Z     ⚠️ Smart selectors failed (no unique match). Falling back to AI Vision...
2026-01-19T03:42:37.7241280Z     🧠 [EXPERT] Strategy: Act as a Senior SDET focusing on e-commerce flow automation and conversion funnel reliability. Focus on the complete shopping funnel (Search -> Product Selection -> Add to Cart -> Checkout). CRITICAL: Identify SEARCH BARS, magnifying glass icons, and 'Add to Cart' buttons as primary automation targets. Dismiss popups that block the flow. For product lists, default to selecting the FIRST available item for consistent automation.
2026-01-19T03:42:37.7244183Z [CACHE HIT] c0d88433... (hits: 1, misses: 18)
2026-01-19T03:42:37.7244646Z     ⚠️ Skipping duplicate injection: Products
2026-01-19T03:42:37.7245091Z     🔄 Retry 2/3 mining locators for 'Search Product'...
2026-01-19T03:42:38.7256547Z     🗑️ Invalidating stale AI cache (retry 2)...
2026-01-19T03:42:38.7257786Z     ⚠️ Cache invalidation warning: No module named 'core.agents.domain_expert'
2026-01-19T03:42:38.7824087Z     🧠 Consulting AI (Vision-First) to find 'Search Product'...
2026-01-19T03:42:38.7824929Z     🔍 Trying smart selectors for 'Search Product'...
2026-01-19T03:42:38.8333951Z     ⚠️ Smart selectors failed (no unique match). Falling back to AI Vision...
2026-01-19T03:42:38.8336738Z     🧠 [EXPERT] Strategy: Act as a Senior SDET focusing on e-commerce flow automation and conversion funnel reliability. Focus on the complete shopping funnel (Search -> Product Selection -> Add to Cart -> Checkout). CRITICAL: Identify SEARCH BARS, magnifying glass icons, and 'Add to Cart' buttons as primary automation targets. Dismiss popups that block the flow. For product lists, default to selecting the FIRST available item for consistent automation.
2026-01-19T03:42:38.8339768Z [CACHE HIT] c0d88433... (hits: 2, misses: 18)
2026-01-19T03:42:38.8340590Z     ⚠️ Skipping duplicate injection: Products
2026-01-19T03:42:38.8341421Z     🧠 Verifying step validity for 'Search Product' after no candidates found...
2026-01-19T03:42:41.7644185Z [DEBUG] Sending request to gemini-2.0-flash. Number of parts: 2
2026-01-19T03:42:41.7644783Z [DEBUG] Received response (Length: 264)
2026-01-19T03:42:41.7646507Z     🗑️ Step deemed INVALID: The current page is the login/signup page. The 'Search Product' element is not present on this page. We need to navigate to a page where products are displayed to interact with the search functionality.. Removing from workflow.
2026-01-19T03:42:41.7647672Z     ⏭️ Skipping execution of invalid step: Search Product
2026-01-19T03:42:41.7648035Z   ▶️ [STEP step_6] CLICK: submit
2026-01-19T03:42:41.7701805Z     🔍 Mining locators for: 'submit'
2026-01-19T03:42:41.8148367Z     🧠 Consulting AI (Vision-First) to find 'submit'...
2026-01-19T03:42:41.8148829Z     🔍 Trying smart selectors for 'submit'...
2026-01-19T03:42:41.8558536Z     ⚠️ Smart selectors failed (no unique match). Falling back to AI Vision...
2026-01-19T03:42:41.8561194Z     🧠 [EXPERT] Strategy: Act as a Senior SDET focusing on e-commerce flow automation and conversion funnel reliability. Focus on the complete shopping funnel (Search -> Product Selection -> Add to Cart -> Checkout). CRITICAL: Identify SEARCH BARS, magnifying glass icons, and 'Add to Cart' buttons as primary automation targets. Dismiss popups that block the flow. For product lists, default to selecting the FIRST available item for consistent automation.
2026-01-19T03:42:47.8691420Z [DEBUG] Sending request to gemini-2.0-flash. Number of parts: 2
2026-01-19T03:42:47.8691849Z [DEBUG] Received response (Length: 619)
2026-01-19T03:42:47.8692401Z     🔄 Retry 1/3 mining locators for 'submit'...
2026-01-19T03:42:48.9144884Z     🧠 Consulting AI (Vision-First) to find 'submit'...
2026-01-19T03:42:48.9145491Z     🔍 Trying smart selectors for 'submit'...
2026-01-19T03:42:48.9535242Z     ⚠️ Smart selectors failed (no unique match). Falling back to AI Vision...
2026-01-19T03:42:48.9537621Z     🧠 [EXPERT] Strategy: Act as a Senior SDET focusing on e-commerce flow automation and conversion funnel reliability. Focus on the complete shopping funnel (Search -> Product Selection -> Add to Cart -> Checkout). CRITICAL: Identify SEARCH BARS, magnifying glass icons, and 'Add to Cart' buttons as primary automation targets. Dismiss popups that block the flow. For product lists, default to selecting the FIRST available item for consistent automation.
2026-01-19T03:42:48.9613186Z [CACHE HIT] 2bcfad83... (hits: 3, misses: 20)
2026-01-19T03:42:48.9613765Z     🔄 Retry 2/3 mining locators for 'submit'...
2026-01-19T03:42:49.9626802Z     🗑️ Invalidating stale AI cache (retry 2)...
2026-01-19T03:42:49.9628070Z     ⚠️ Cache invalidation warning: No module named 'core.agents.domain_expert'
2026-01-19T03:42:50.0147619Z     🧠 Consulting AI (Vision-First) to find 'submit'...
2026-01-19T03:42:50.0148376Z     🔍 Trying smart selectors for 'submit'...
2026-01-19T03:42:50.0523984Z     ⚠️ Smart selectors failed (no unique match). Falling back to AI Vision...
2026-01-19T03:42:50.0526433Z     🧠 [EXPERT] Strategy: Act as a Senior SDET focusing on e-commerce flow automation and conversion funnel reliability. Focus on the complete shopping funnel (Search -> Product Selection -> Add to Cart -> Checkout). CRITICAL: Identify SEARCH BARS, magnifying glass icons, and 'Add to Cart' buttons as primary automation targets. Dismiss popups that block the flow. For product lists, default to selecting the FIRST available item for consistent automation.
2026-01-19T03:42:50.0602605Z [CACHE HIT] 2bcfad83... (hits: 4, misses: 20)
2026-01-19T03:42:50.0603273Z     🧠 Verifying step validity for 'submit' after mining failure...
2026-01-19T03:42:52.0830717Z [DEBUG] Sending request to gemini-2.0-flash. Number of parts: 2
2026-01-19T03:42:52.0831264Z [DEBUG] Received response (Length: 293)
2026-01-19T03:42:52.0832114Z     🛠️ Self-Correction: Step is valid. Using new locator: button[data-qa='signup-button']
2026-01-19T03:42:56.1342023Z     ✅ State transitioned.
2026-01-19T03:42:56.1653779Z     🔄 Revisited state detected (count: 1)
2026-01-19T03:42:57.6514792Z [DEBUG] Sending request to gemini-2.0-flash. Number of parts: 2
2026-01-19T03:42:57.6515429Z [DEBUG] Received response (Length: 171)
2026-01-19T03:42:57.6515994Z     🤖 AI Next Step Suggestion: click -> Signup
2026-01-19T03:42:57.6516329Z     🧩 Suggested Locator: button
2026-01-19T03:42:57.6516857Z     💭 Reasoning: To create a new account and proceed with the shopping flow, click the Signup button.
2026-01-19T03:42:57.6517381Z     ➕ Injected AI step: click -> Signup
2026-01-19T03:42:57.6517692Z   ▶️ [STEP step_6_ai_1] CLICK: Signup
2026-01-19T03:42:57.6578006Z     🎯 Using AI-provided locator: button
2026-01-19T03:42:57.6636005Z     ✅ Found 1 verified locators
2026-01-19T03:43:01.7143736Z     ✅ State transitioned.
2026-01-19T03:43:01.7455014Z     🔄 Revisited state detected (count: 2)
2026-01-19T03:44:04.7205836Z [DEBUG] Sending request to gemini-2.0-flash. Number of parts: 2
2026-01-19T03:44:04.7208043Z [DEBUG] LLM Error: 429 RESOURCE_EXHAUSTED. {'error': {'code': 429, 'message': 'Resource exhausted. Please try again later. Please refer to https://cloud.google.com/vertex-ai/generative-ai/docs/error-code-429 for more details.', 'status': 'RESOURCE_EXHAUSTED'}}
2026-01-19T03:44:04.7209801Z ⚠️ 429 Rate Limit Hit. Cooling down for 60s...
2026-01-19T03:44:04.7210278Z [DEBUG] Sending request to gemini-2.0-flash. Number of parts: 2
2026-01-19T03:44:04.7210936Z [DEBUG] Received response (Length: 146)
2026-01-19T03:44:04.7211371Z     🤖 AI Next Step Suggestion: fill -> Name
2026-01-19T03:44:04.7211793Z     🧩 Suggested Locator: input[name='name']
2026-01-19T03:44:04.7212205Z     💭 Reasoning: Fill the name field for signup.
2026-01-19T03:44:04.7212547Z     ➕ Injected AI step: fill -> Name
2026-01-19T03:44:04.7212852Z   ▶️ [STEP step_6_ai_2] FILL: Name
2026-01-19T03:44:04.7267475Z     🎯 Using AI-provided locator: input[name='name']
2026-01-19T03:44:04.7322845Z     ✅ Found 1 verified locators
2026-01-19T03:44:11.2653110Z     ⚠️ Action failed: Locator.click: Timeout 5000ms exceeded.
2026-01-19T03:44:11.2653783Z Call log:
2026-01-19T03:44:11.2654105Z ...
2026-01-19T03:44:12.5998714Z [DEBUG] Sending request to gemini-2.0-flash. Number of parts: 2
2026-01-19T03:44:12.5999536Z [DEBUG] Received response (Length: 210)
2026-01-19T03:44:12.6001440Z     ✨ AI Heal Reasoning: The input field labeled 'test' under 'New User Signup!' is the most appropriate element to fill for 'Name'. It is a visible input field.
2026-01-19T03:44:12.6002330Z     ✨ AI healed exploration action! New selector: input[name='name']
2026-01-19T03:44:19.1314522Z   ▶️ [STEP step_7] ASSERT_VISIBLE: Searched Products
2026-01-19T03:44:19.1368420Z     🔍 Mining locators for: 'Searched Products'
2026-01-19T03:44:19.1939135Z     🧠 Consulting AI (Vision-First) to find 'Searched Products'...
2026-01-19T03:44:19.1939678Z     🔍 Trying smart selectors for 'Searched Products'...
2026-01-19T03:44:19.2450216Z     ⚠️ Smart selectors failed (no unique match). Falling back to AI Vision...
2026-01-19T03:44:19.2453190Z     🧠 [EXPERT] Strategy: Act as a Senior SDET focusing on e-commerce flow automation and conversion funnel reliability. Focus on the complete shopping funnel (Search -> Product Selection -> Add to Cart -> Checkout). CRITICAL: Identify SEARCH BARS, magnifying glass icons, and 'Add to Cart' buttons as primary automation targets. Dismiss popups that block the flow. For product lists, default to selecting the FIRST available item for consistent automation.
2026-01-19T03:44:20.4960728Z [DEBUG] Sending request to gemini-2.0-flash. Number of parts: 2
2026-01-19T03:44:20.4961407Z [DEBUG] Received response (Length: 182)
2026-01-19T03:44:20.4962368Z     💡 Expert Suggestion: Search bar is likely on the Products page.
2026-01-19T03:44:20.4963226Z     🛠️ Executing corrective action: click -> 'Products'
2026-01-19T03:44:21.0559922Z     ✅ Executed corrective navigation
2026-01-19T03:44:23.0583066Z     🔄 Retry 1/3 mining locators for 'Searched Products'...
2026-01-19T03:44:24.1105282Z     🧠 Consulting AI (Vision-First) to find 'Searched Products'...
2026-01-19T03:44:24.1106176Z     🔍 Trying smart selectors for 'Searched Products'...
2026-01-19T03:44:24.1611819Z     ⚠️ Smart selectors failed (no unique match). Falling back to AI Vision...
2026-01-19T03:44:24.1614314Z     🧠 [EXPERT] Strategy: Act as a Senior SDET focusing on e-commerce flow automation and conversion funnel reliability. Focus on the complete shopping funnel (Search -> Product Selection -> Add to Cart -> Checkout). CRITICAL: Identify SEARCH BARS, magnifying glass icons, and 'Add to Cart' buttons as primary automation targets. Dismiss popups that block the flow. For product lists, default to selecting the FIRST available item for consistent automation.
2026-01-19T03:44:24.1617149Z [CACHE HIT] c50d6125... (hits: 5, misses: 26)
2026-01-19T03:44:24.1617568Z     ⚠️ Skipping duplicate injection: Products
2026-01-19T03:44:24.1617993Z     🔄 Retry 2/3 mining locators for 'Searched Products'...
2026-01-19T03:44:25.1630139Z     🗑️ Invalidating stale AI cache (retry 2)...
2026-01-19T03:44:25.1631700Z     ⚠️ Cache invalidation warning: No module named 'core.agents.domain_expert'
2026-01-19T03:44:25.2432018Z     🧠 Consulting AI (Vision-First) to find 'Searched Products'...
2026-01-19T03:44:25.2432926Z     🔍 Trying smart selectors for 'Searched Products'...
2026-01-19T03:44:25.2932769Z     ⚠️ Smart selectors failed (no unique match). Falling back to AI Vision...
2026-01-19T03:44:25.2936262Z     🧠 [EXPERT] Strategy: Act as a Senior SDET focusing on e-commerce flow automation and conversion funnel reliability. Focus on the complete shopping funnel (Search -> Product Selection -> Add to Cart -> Checkout). CRITICAL: Identify SEARCH BARS, magnifying glass icons, and 'Add to Cart' buttons as primary automation targets. Dismiss popups that block the flow. For product lists, default to selecting the FIRST available item for consistent automation.
2026-01-19T03:44:25.2938866Z [CACHE HIT] c50d6125... (hits: 6, misses: 26)
2026-01-19T03:44:25.2939448Z     ⚠️ Skipping duplicate injection: Products
2026-01-19T03:44:25.2940257Z     🧠 Verifying step validity for 'Searched Products' after no candidates found...
2026-01-19T03:44:26.7408842Z [DEBUG] Sending request to gemini-2.0-flash. Number of parts: 2
2026-01-19T03:44:26.7409549Z [DEBUG] Received response (Length: 258)
2026-01-19T03:44:26.7411424Z     🗑️ Step deemed INVALID: The current page is the login page. The 'Searched Products' section is not present on this page. It would appear after searching for products, which requires navigating to the products page first.. Removing from workflow.
2026-01-19T03:44:26.7412900Z     ⏭️ Skipping execution of invalid step: Searched Products
2026-01-19T03:44:26.7413349Z   ▶️ [STEP step_8] CLICK: Add to cart
2026-01-19T03:44:26.7466057Z     🔍 Mining locators for: 'Add to cart'
2026-01-19T03:44:26.7947709Z     🧠 Consulting AI (Vision-First) to find 'Add to cart'...
2026-01-19T03:44:26.7948248Z     🔍 Trying smart selectors for 'Add to cart'...
2026-01-19T03:44:26.8466065Z     ⚠️ Smart selectors failed (no unique match). Falling back to AI Vision...
2026-01-19T03:44:26.8468745Z     🧠 [EXPERT] Strategy: Act as a Senior SDET focusing on e-commerce flow automation and conversion funnel reliability. Focus on the complete shopping funnel (Search -> Product Selection -> Add to Cart -> Checkout). CRITICAL: Identify SEARCH BARS, magnifying glass icons, and 'Add to Cart' buttons as primary automation targets. Dismiss popups that block the flow. For product lists, default to selecting the FIRST available item for consistent automation.
2026-01-19T03:45:33.0081335Z [DEBUG] Sending request to gemini-2.0-flash. Number of parts: 2
2026-01-19T03:45:33.0082521Z [DEBUG] LLM Error: 429 RESOURCE_EXHAUSTED. {'error': {'code': 429, 'message': 'Resource exhausted. Please try again later. Please refer to https://cloud.google.com/vertex-ai/generative-ai/docs/error-code-429 for more details.', 'status': 'RESOURCE_EXHAUSTED'}}
2026-01-19T03:45:33.0083866Z ⚠️ 429 Rate Limit Hit. Cooling down for 60s...
2026-01-19T03:45:33.0084239Z [DEBUG] Sending request to gemini-2.0-flash. Number of parts: 2
2026-01-19T03:45:33.0084601Z [DEBUG] Received response (Length: 197)
2026-01-19T03:45:33.0085111Z     💡 Expert Suggestion: Add to cart functionality is likely on the Products page.
2026-01-19T03:45:33.0085624Z     🛠️ Executing corrective action: click -> 'Products'
2026-01-19T03:45:33.5705559Z     ✅ Executed corrective navigation
2026-01-19T03:45:35.5728271Z     🔄 Retry 1/3 mining locators for 'Add to cart'...
2026-01-19T03:45:36.6243010Z     🧠 Consulting AI (Vision-First) to find 'Add to cart'...
2026-01-19T03:45:36.6243505Z     🔍 Trying smart selectors for 'Add to cart'...
2026-01-19T03:45:36.6733110Z     ⚠️ Smart selectors failed (no unique match). Falling back to AI Vision...
2026-01-19T03:45:36.6736927Z     🧠 [EXPERT] Strategy: Act as a Senior SDET focusing on e-commerce flow automation and conversion funnel reliability. Focus on the complete shopping funnel (Search -> Product Selection -> Add to Cart -> Checkout). CRITICAL: Identify SEARCH BARS, magnifying glass icons, and 'Add to Cart' buttons as primary automation targets. Dismiss popups that block the flow. For product lists, default to selecting the FIRST available item for consistent automation.
2026-01-19T03:45:36.6739491Z [CACHE HIT] 3818aca8... (hits: 7, misses: 29)
2026-01-19T03:45:36.6739926Z     ⚠️ Skipping duplicate injection: Products
2026-01-19T03:45:36.6740313Z     🔄 Retry 2/3 mining locators for 'Add to cart'...
2026-01-19T03:45:37.6752958Z     🗑️ Invalidating stale AI cache (retry 2)...
2026-01-19T03:45:37.6754310Z     ⚠️ Cache invalidation warning: No module named 'core.agents.domain_expert'
2026-01-19T03:45:37.7242450Z     🧠 Consulting AI (Vision-First) to find 'Add to cart'...
2026-01-19T03:45:37.7243054Z     🔍 Trying smart selectors for 'Add to cart'...
2026-01-19T03:45:37.7738622Z     ⚠️ Smart selectors failed (no unique match). Falling back to AI Vision...
2026-01-19T03:45:37.7743204Z     🧠 [EXPERT] Strategy: Act as a Senior SDET focusing on e-commerce flow automation and conversion funnel reliability. Focus on the complete shopping funnel (Search -> Product Selection -> Add to Cart -> Checkout). CRITICAL: Identify SEARCH BARS, magnifying glass icons, and 'Add to Cart' buttons as primary automation targets. Dismiss popups that block the flow. For product lists, default to selecting the FIRST available item for consistent automation.
2026-01-19T03:45:37.7746473Z [CACHE HIT] 3818aca8... (hits: 8, misses: 29)
2026-01-19T03:45:37.7747334Z     ⚠️ Skipping duplicate injection: Products
2026-01-19T03:45:37.7748246Z     🧠 Verifying step validity for 'Add to cart' after no candidates found...
2026-01-19T03:45:39.0151131Z [DEBUG] Sending request to gemini-2.0-flash. Number of parts: 2
2026-01-19T03:45:39.0151652Z [DEBUG] Received response (Length: 198)
2026-01-19T03:45:39.0153011Z     🗑️ Step deemed INVALID: The current page is the login/signup page. There are no 'Add to cart' buttons on this page. We need to navigate to a product page first.. Removing from workflow.
2026-01-19T03:45:39.0154069Z     ⏭️ Skipping execution of invalid step: Add to cart
2026-01-19T03:45:39.0154437Z   ▶️ [STEP step_9] CLICK: View Cart
2026-01-19T03:45:39.0206872Z     🔍 Mining locators for: 'View Cart'
2026-01-19T03:45:39.0745279Z     🧠 Consulting AI (Vision-First) to find 'View Cart'...
2026-01-19T03:45:39.0746069Z     🔍 Trying smart selectors for 'View Cart'...
2026-01-19T03:45:39.1348442Z     ⚠️ Smart selectors failed (no unique match). Falling back to AI Vision...
2026-01-19T03:45:39.1352478Z     🧠 [EXPERT] Strategy: Act as a Senior SDET focusing on e-commerce flow automation and conversion funnel reliability. Focus on the complete shopping funnel (Search -> Product Selection -> Add to Cart -> Checkout). CRITICAL: Identify SEARCH BARS, magnifying glass icons, and 'Add to Cart' buttons as primary automation targets. Dismiss popups that block the flow. For product lists, default to selecting the FIRST available item for consistent automation.
2026-01-19T03:45:44.5003397Z [DEBUG] Sending request to gemini-2.0-flash. Number of parts: 2
2026-01-19T03:45:44.5004072Z [DEBUG] Received response (Length: 453)
2026-01-19T03:45:44.5004742Z     🔄 Retry 1/3 mining locators for 'View Cart'...
2026-01-19T03:45:45.5740232Z     🧠 Consulting AI (Vision-First) to find 'View Cart'...
2026-01-19T03:45:45.5741067Z     🔍 Trying smart selectors for 'View Cart'...
2026-01-19T03:45:45.6244473Z     ⚠️ Smart selectors failed (no unique match). Falling back to AI Vision...
2026-01-19T03:45:45.6247081Z     🧠 [EXPERT] Strategy: Act as a Senior SDET focusing on e-commerce flow automation and conversion funnel reliability. Focus on the complete shopping funnel (Search -> Product Selection -> Add to Cart -> Checkout). CRITICAL: Identify SEARCH BARS, magnifying glass icons, and 'Add to Cart' buttons as primary automation targets. Dismiss popups that block the flow. For product lists, default to selecting the FIRST available item for consistent automation.
2026-01-19T03:45:45.6249737Z [CACHE HIT] c0b2e306... (hits: 9, misses: 31)
2026-01-19T03:45:45.6250214Z     🔄 Retry 2/3 mining locators for 'View Cart'...
2026-01-19T03:45:46.6263106Z     🗑️ Invalidating stale AI cache (retry 2)...
2026-01-19T03:45:46.6264210Z     ⚠️ Cache invalidation warning: No module named 'core.agents.domain_expert'
2026-01-19T03:45:46.6734633Z     🧠 Consulting AI (Vision-First) to find 'View Cart'...
2026-01-19T03:45:46.6735417Z     🔍 Trying smart selectors for 'View Cart'...
2026-01-19T03:45:46.7296328Z     ⚠️ Smart selectors failed (no unique match). Falling back to AI Vision...
2026-01-19T03:45:46.7298936Z     🧠 [EXPERT] Strategy: Act as a Senior SDET focusing on e-commerce flow automation and conversion funnel reliability. Focus on the complete shopping funnel (Search -> Product Selection -> Add to Cart -> Checkout). CRITICAL: Identify SEARCH BARS, magnifying glass icons, and 'Add to Cart' buttons as primary automation targets. Dismiss popups that block the flow. For product lists, default to selecting the FIRST available item for consistent automation.
2026-01-19T03:45:46.7301285Z [CACHE HIT] c0b2e306... (hits: 10, misses: 31)
2026-01-19T03:45:46.7301919Z     🧠 Verifying step validity for 'View Cart' after mining failure...
2026-01-19T03:45:49.0657667Z [DEBUG] Sending request to gemini-2.0-flash. Number of parts: 2
2026-01-19T03:45:49.0658442Z [DEBUG] Received response (Length: 183)
2026-01-19T03:45:49.0659554Z     🛠️ Self-Correction: Step is valid. Using new locator: a[href='/view_cart']
2026-01-19T03:45:53.1099540Z     ✅ State transitioned.
2026-01-19T03:45:54.6135846Z [DEBUG] Sending request to gemini-2.0-flash. Number of parts: 2
2026-01-19T03:45:54.6136536Z [DEBUG] Received response (Length: 237)
2026-01-19T03:45:54.6137341Z     🤖 AI Next Step Suggestion: fill -> Name
2026-01-19T03:45:54.6137941Z     🧩 Suggested Locator: input[name='name']
2026-01-19T03:45:54.6139169Z     💭 Reasoning: The 'Name' field is visible and needs to be filled for signup. The previous attempt to fill it failed, so we are retrying.
2026-01-19T03:45:54.6140285Z ⚠️ Loop detected: same AI suggestion repeated 2 times. Moving to next step.
2026-01-19T03:45:54.6140964Z   ▶️ [STEP step_10] ASSERT_URL: 
2026-01-19T03:45:59.6285343Z     ⚠️ Scroll into view failed for text=None. Proceeding anyway.
2026-01-19T03:46:01.6308241Z     ✅ State transitioned.
2026-01-19T03:46:01.6622501Z     🔄 Revisited state detected (count: 1)
2026-01-19T03:46:03.1680611Z [DEBUG] Sending request to gemini-2.0-flash. Number of parts: 2
2026-01-19T03:46:03.1681559Z [DEBUG] Received response (Length: 237)
2026-01-19T03:46:03.1682210Z     🤖 AI Next Step Suggestion: fill -> Name
2026-01-19T03:46:03.1682549Z     🧩 Suggested Locator: input[name='name']
2026-01-19T03:46:03.1683235Z     💭 Reasoning: The 'Name' field is visible and needs to be filled for signup. The previous attempt to fill it failed, so we are retrying.
2026-01-19T03:46:03.1683856Z     ➕ Injected AI step: fill -> Name
2026-01-19T03:46:03.1684154Z   ▶️ [STEP step_10_ai_1] FILL: Name
2026-01-19T03:46:03.1740253Z     🎯 Using AI-provided locator: input[name='name']
2026-01-19T03:46:03.1792938Z     ✅ Found 1 verified locators
2026-01-19T03:46:09.7084852Z     ⚠️ Action failed: Locator.click: Timeout 5000ms exceeded.
2026-01-19T03:46:09.7085666Z Call log:
2026-01-19T03:46:09.7086052Z ...
2026-01-19T03:46:09.7563073Z [CACHE HIT] 840e6c26... (hits: 11, misses: 34)
2026-01-19T03:46:09.7564849Z     ✨ AI Heal Reasoning: The input field labeled 'test' under 'New User Signup!' is the most appropriate element to fill for 'Name'. It is a visible input field.
2026-01-19T03:46:09.7565678Z     ✨ AI healed exploration action! New selector: input[name='name']
2026-01-19T03:46:18.3396989Z 
2026-01-19T03:46:18.3397815Z [2/4] Exploring Scenario: Add product from product details page to cart
2026-01-19T03:46:18.3399122Z     🧠 Initialized exploration context for goal: 'Explore shopping features and cart'
2026-01-19T03:46:18.3401372Z   ▶️ [STEP step_1] NAVIGATE: 
2026-01-19T03:46:19.2792657Z     ✅ Navigated to https://www.automationexercise.com/
2026-01-19T03:46:19.2793848Z   ▶️ [STEP step_2] ASSERT_URL: 
2026-01-19T03:46:19.3874821Z     📢 Detected overlay (ins.adsbygoogle). Dismissing...
2026-01-19T03:46:20.9059237Z     📢 Detected overlay (ins.adsbygoogle). Dismissing...
2026-01-19T03:46:27.4181509Z     ⚠️ Scroll into view failed for text=None. Proceeding anyway.
2026-01-19T03:46:29.4203899Z     ✅ State transitioned.
2026-01-19T03:46:31.4091640Z [DEBUG] Sending request to gemini-2.0-flash. Number of parts: 2
2026-01-19T03:46:31.4092233Z [DEBUG] Received response (Length: 198)
2026-01-19T03:46:31.4093065Z     🤖 AI Next Step Suggestion: click -> Add to cart
2026-01-19T03:46:31.4093520Z     🧩 Suggested Locator: a[data-product-id='1']
2026-01-19T03:46:31.4094114Z     💭 Reasoning: To explore shopping features and cart, I will add the first available product to the cart.
2026-01-19T03:46:31.4094649Z     ➕ Injected AI step: click -> Add to cart
2026-01-19T03:46:31.4094964Z   ▶️ [STEP step_2_ai_1] CLICK: Add to cart
2026-01-19T03:46:31.4159834Z     📢 Detected overlay (ins.adsbygoogle). Dismissing...
2026-01-19T03:46:32.9227207Z     🎯 Using AI-provided locator: a[data-product-id='1']
2026-01-19T03:46:32.9295741Z     ✅ Found 1 verified locators
2026-01-19T03:46:32.9365306Z     📢 Detected overlay (ins.adsbygoogle). Dismissing...
2026-01-19T03:46:38.5345433Z     ✅ State transitioned.
2026-01-19T03:46:40.7062973Z [DEBUG] Sending request to gemini-2.0-flash. Number of parts: 2
2026-01-19T03:46:40.7063533Z [DEBUG] Received response (Length: 253)
2026-01-19T03:46:40.7064333Z     🤖 AI Next Step Suggestion: click -> Continue Shopping
2026-01-19T03:46:40.7064928Z     🧩 Suggested Locator: button
2026-01-19T03:46:40.7066100Z     💭 Reasoning: The 'Added!' popup is currently displayed. Clicking 'Continue Shopping' will close the popup and allow further exploration of the website.
2026-01-19T03:46:40.7066879Z     ➕ Injected AI step: click -> Continue Shopping
2026-01-19T03:46:40.7067254Z   ▶️ [STEP step_2_ai_2] CLICK: Continue Shopping
2026-01-19T03:46:40.7131833Z     📢 Detected overlay (ins.adsbygoogle). Dismissing...
2026-01-19T03:46:42.2193801Z     🎯 Using AI-provided locator: button
2026-01-19T03:46:42.2216268Z     🔍 Mining locators for: 'Continue Shopping'
2026-01-19T03:46:42.3802198Z     ✅ Found 2 verified locators
2026-01-19T03:46:42.3870368Z     📢 Detected overlay (ins.adsbygoogle). Dismissing...
2026-01-19T03:46:47.4634679Z     ✅ State transitioned.
2026-01-19T03:46:47.4984984Z     🔄 Revisited state detected (count: 1)
2026-01-19T03:46:49.5326283Z [DEBUG] Sending request to gemini-2.0-flash. Number of parts: 2
2026-01-19T03:46:49.5326915Z [DEBUG] Received response (Length: 200)
2026-01-19T03:46:49.5327775Z     🤖 AI Next Step Suggestion: click -> Add to cart
2026-01-19T03:46:49.5328477Z     🧩 Suggested Locator: a[data-product-id='2']
2026-01-19T03:46:49.5329558Z     💭 Reasoning: To add another product to the cart and continue exploring shopping features as per the goal.
2026-01-19T03:46:49.5330831Z     ➕ Injected AI step: click -> Add to cart
2026-01-19T03:46:49.5331442Z   ▶️ [STEP step_2_ai_3] CLICK: Add to cart
2026-01-19T03:46:49.5394769Z     📢 Detected overlay (ins.adsbygoogle). Dismissing...
2026-01-19T03:46:51.0459375Z     🎯 Using AI-provided locator: a[data-product-id='2']
2026-01-19T03:46:51.0529498Z     ✅ Found 1 verified locators
2026-01-19T03:46:51.0593608Z     📢 Detected overlay (ins.adsbygoogle). Dismissing...
2026-01-19T03:46:56.6312963Z     ✅ State transitioned.
2026-01-19T03:46:56.6668058Z     🔄 Revisited state detected (count: 2)
2026-01-19T03:46:59.0241077Z [DEBUG] Sending request to gemini-2.0-flash. Number of parts: 2
2026-01-19T03:46:59.0241627Z [DEBUG] Received response (Length: 292)
2026-01-19T03:46:59.0242314Z     🤖 AI Next Step Suggestion: click -> View Cart
2026-01-19T03:46:59.0242734Z     🧩 Suggested Locator: a:contains('View Cart')
2026-01-19T03:46:59.0243729Z     💭 Reasoning: The 'Added!' popup is visible, and the goal is to explore shopping features and cart. Clicking 'View Cart' will navigate to the cart page, progressing towards the goal.
2026-01-19T03:46:59.0244613Z     ➕ Injected AI step: click -> View Cart
2026-01-19T03:46:59.0244974Z   ▶️ [STEP step_2_ai_4] CLICK: View Cart
2026-01-19T03:46:59.0307908Z     📢 Detected overlay (ins.adsbygoogle). Dismissing...
2026-01-19T03:47:00.5431701Z     🎯 Using AI-provided locator: a:contains('View Cart')
2026-01-19T03:47:00.5465274Z     🔍 Mining locators for: 'View Cart'
2026-01-19T03:47:00.7405451Z     ✅ Found 1 verified locators
2026-01-19T03:47:00.7469616Z     📢 Detected overlay (ins.adsbygoogle). Dismissing...
2026-01-19T03:47:05.8271263Z     ✅ State transitioned.
2026-01-19T03:47:07.6494114Z [DEBUG] Sending request to gemini-2.0-flash. Number of parts: 2
2026-01-19T03:47:07.6494868Z [DEBUG] Received response (Length: 274)
2026-01-19T03:47:07.6495735Z     🤖 AI Next Step Suggestion: click -> Proceed To Checkout
2026-01-19T03:47:07.6496545Z     🧩 Suggested Locator: a[href='/checkout']
2026-01-19T03:47:07.6498437Z     💭 Reasoning: The cart has items, and the goal is to explore shopping features and cart. Proceeding to checkout is the next logical step in the shopping flow.
2026-01-19T03:47:07.6500269Z     ➕ Injected AI step: click -> Proceed To Checkout
2026-01-19T03:47:07.6501466Z   ▶️ [STEP step_2_ai_5] CLICK: Proceed To Checkout
2026-01-19T03:47:07.6701056Z     🎯 Using AI-provided locator: a[href='/checkout']
2026-01-19T03:47:07.6719216Z     🔍 Mining locators for: 'Proceed To Checkout'
2026-01-19T03:47:07.7305527Z     ✅ Found 1 verified locators
2026-01-19T03:47:11.3110821Z     ✅ State transitioned.
2026-01-19T03:47:13.0057507Z [DEBUG] Sending request to gemini-2.0-flash. Number of parts: 2
2026-01-19T03:47:13.0058196Z [DEBUG] Received response (Length: 261)
2026-01-19T03:47:13.0059073Z     🤖 AI Next Step Suggestion: click -> Register / Login
2026-01-19T03:47:13.0059610Z     🧩 Suggested Locator: a[href='/login']
2026-01-19T03:47:13.0060618Z     💭 Reasoning: The popup is asking to Register / Login to proceed to checkout. Clicking 'Register / Login' is the next logical step to proceed with the checkout process.
2026-01-19T03:47:13.0061403Z     ➕ Injected AI step: click -> Register / Login
2026-01-19T03:47:13.0061778Z   ▶️ [STEP step_2_ai_6] CLICK: Register / Login
2026-01-19T03:47:13.0116812Z     🎯 Using AI-provided locator: a[href='/login']
2026-01-19T03:47:13.0178907Z     ✅ Found 1 verified locators
2026-01-19T03:47:17.0541297Z     ✅ State transitioned.
2026-01-19T03:47:18.7913978Z [DEBUG] Sending request to gemini-2.0-flash. Number of parts: 2
2026-01-19T03:47:18.7914963Z [DEBUG] Received response (Length: 250)
2026-01-19T03:47:18.7915855Z     🤖 AI Next Step Suggestion: click -> Continue On Cart
2026-01-19T03:47:18.7916631Z     🧩 Suggested Locator: button:contains('Continue On Cart')
2026-01-19T03:47:18.7918032Z     💭 Reasoning: The popup is blocking the cart. Clicking 'Continue On Cart' will dismiss the popup and allow interaction with the cart page.
2026-01-19T03:47:18.7918896Z     ➕ Injected AI step: click -> Continue On Cart
2026-01-19T03:47:18.7919274Z   ▶️ [STEP step_2_ai_7] CLICK: Continue On Cart
2026-01-19T03:47:18.7972438Z     🎯 Using AI-provided locator: button:contains('Continue On Cart')
2026-01-19T03:47:18.7996305Z     🔍 Mining locators for: 'Continue On Cart'
2026-01-19T03:47:18.8963542Z     ✅ Found 2 verified locators
2026-01-19T03:47:22.4393152Z     ✅ State transitioned.
2026-01-19T03:47:22.4717546Z     🔄 Revisited state detected (count: 1)
2026-01-19T03:47:24.6652454Z [DEBUG] Sending request to gemini-2.0-flash. Number of parts: 2
2026-01-19T03:47:24.6653183Z [DEBUG] Received response (Length: 236)
2026-01-19T03:47:24.6654069Z     🤖 AI Next Step Suggestion: click -> Proceed To Checkout
2026-01-19T03:47:24.6654975Z     💭 Reasoning: The goal is to explore shopping features and cart, and the cart has items. The next logical step is to proceed to checkout.
2026-01-19T03:47:24.6655772Z     ➕ Injected AI step: click -> Proceed To Checkout
2026-01-19T03:47:24.6656211Z   ▶️ [STEP step_2_ai_8] CLICK: Proceed To Checkout
2026-01-19T03:47:24.6709342Z     🔍 Mining locators for: 'Proceed To Checkout'
2026-01-19T03:47:24.7272525Z     ✅ Found 1 verified locators
2026-01-19T03:47:28.2724093Z     ✅ State transitioned.
2026-01-19T03:47:28.3046674Z     🔄 Revisited state detected (count: 2)
2026-01-19T03:47:29.8972682Z [DEBUG] Sending request to gemini-2.0-flash. Number of parts: 2
2026-01-19T03:47:29.8973434Z [DEBUG] Received response (Length: 263)
2026-01-19T03:47:29.8974299Z     🤖 AI Next Step Suggestion: click -> Register / Login
2026-01-19T03:47:29.8975238Z     🧩 Suggested Locator: a:contains('Register / Login')
2026-01-19T03:47:29.8977073Z     💭 Reasoning: The page requires registration/login to proceed with checkout. The 'Register / Login' link is visible and directly addresses this requirement.
2026-01-19T03:47:29.8978749Z     ➕ Injected AI step: click -> Register / Login
2026-01-19T03:47:29.8979509Z   ▶️ [STEP step_2_ai_9] CLICK: Register / Login
2026-01-19T03:47:29.9036090Z     🎯 Using AI-provided locator: a:contains('Register / Login')
2026-01-19T03:47:29.9061128Z     🔍 Mining locators for: 'Register / Login'
2026-01-19T03:47:29.9777507Z     ✅ Found 3 verified locators
2026-01-19T03:47:33.5421561Z     ✅ State transitioned.
2026-01-19T03:47:35.3699619Z [DEBUG] Sending request to gemini-2.0-flash. Number of parts: 2
2026-01-19T03:47:35.3700372Z [DEBUG] Received response (Length: 204)
2026-01-19T03:47:35.3701448Z     🤖 AI Next Step Suggestion: fill -> Email Address
2026-01-19T03:47:35.3701967Z     🧩 Suggested Locator: input[name='email'][data-qa='login-email']
2026-01-19T03:47:35.3702733Z     💭 Reasoning: Need to fill in the email address for login.
2026-01-19T03:47:35.3703141Z     ➕ Injected AI step: fill -> Email Address
2026-01-19T03:47:35.3703468Z   ▶️ [STEP step_2_ai_10] FILL: Email Address
2026-01-19T03:47:35.3873493Z     🎯 Using AI-provided locator: input[name='email'][data-qa='login-email']
2026-01-19T03:47:35.3931035Z     ✅ Found 1 verified locators
2026-01-19T03:47:42.6615813Z     ✅ State transitioned.
2026-01-19T03:47:44.3267087Z [DEBUG] Sending request to gemini-2.0-flash. Number of parts: 2
2026-01-19T03:47:44.3267701Z [DEBUG] Received response (Length: 174)
2026-01-19T03:47:44.3268431Z     🤖 AI Next Step Suggestion: fill -> Password
2026-01-19T03:47:44.3269200Z     🧩 Suggested Locator: [name='password']
2026-01-19T03:47:44.3269756Z     💭 Reasoning: Need to fill in the password field to attempt login.
2026-01-19T03:47:44.3270283Z     ➕ Injected AI step: fill -> Password
2026-01-19T03:47:44.3270918Z   ▶️ [STEP step_2_ai_11] FILL: Password
2026-01-19T03:47:44.3328529Z     🎯 Using AI-provided locator: [name='password']
2026-01-19T03:47:44.3390863Z     ✅ Found 1 verified locators
2026-01-19T03:47:50.1105782Z     ✅ State transitioned.
2026-01-19T03:47:51.8924313Z [DEBUG] Sending request to gemini-2.0-flash. Number of parts: 2
2026-01-19T03:47:51.8925035Z [DEBUG] Received response (Length: 229)
2026-01-19T03:47:51.8925821Z     🤖 AI Next Step Suggestion: click -> Login
2026-01-19T03:47:51.8927101Z     💭 Reasoning: The email and password fields are filled, so clicking the Login button is the next logical step to proceed with the login process.
2026-01-19T03:47:51.8928245Z     ➕ Injected AI step: click -> Login
2026-01-19T03:47:51.8928682Z   ▶️ [STEP step_2_ai_12] CLICK: Login
2026-01-19T03:47:51.8986239Z     🔍 Mining locators for: 'Login'
2026-01-19T03:47:51.9736636Z     ✅ Found 4 verified locators
2026-01-19T03:47:55.5463643Z     ✅ State transitioned.
2026-01-19T03:47:57.1379784Z [DEBUG] Sending request to gemini-2.0-flash. Number of parts: 2
2026-01-19T03:47:57.1380371Z [DEBUG] Received response (Length: 212)
2026-01-19T03:47:57.1381335Z     🤖 AI Next Step Suggestion: click -> Signup
2026-01-19T03:47:57.1382291Z     💭 Reasoning: The login failed, so try to create a new account. Click the signup button to proceed with new user registration.
2026-01-19T03:47:57.1383016Z     ➕ Injected AI step: click -> Signup
2026-01-19T03:47:57.1383380Z   ▶️ [STEP step_2_ai_13] CLICK: Signup
2026-01-19T03:47:57.1533447Z     🔍 Mining locators for: 'Signup'
2026-01-19T03:47:57.2239576Z     ✅ Found 4 verified locators
2026-01-19T03:48:00.7928665Z     ✅ State transitioned.
2026-01-19T03:48:02.4883563Z [DEBUG] Sending request to gemini-2.0-flash. Number of parts: 2
2026-01-19T03:48:02.4884302Z [DEBUG] Received response (Length: 225)
2026-01-19T03:48:02.4885147Z     🤖 AI Next Step Suggestion: fill -> Name
2026-01-19T03:48:02.4885627Z     🧩 Suggested Locator: input[name='name']
2026-01-19T03:48:02.4886553Z     💭 Reasoning: The signup form is incomplete. Filling the name field is the next logical step to complete the signup process.
2026-01-19T03:48:02.4887403Z     ➕ Injected AI step: fill -> Name
2026-01-19T03:48:02.4887810Z   ▶️ [STEP step_2_ai_14] FILL: Name
2026-01-19T03:48:02.4948625Z     🎯 Using AI-provided locator: input[name='name']
2026-01-19T03:48:02.5012914Z     ✅ Found 1 verified locators
2026-01-19T03:48:07.9837344Z     ✅ State transitioned.
2026-01-19T03:48:09.5620782Z [DEBUG] Sending request to gemini-2.0-flash. Number of parts: 2
2026-01-19T03:48:09.5621600Z [DEBUG] Received response (Length: 185)
2026-01-19T03:48:09.5622564Z     🤖 AI Next Step Suggestion: fill -> Email Address
2026-01-19T03:48:09.5623324Z     🧩 Suggested Locator: input[name='email']
2026-01-19T03:48:09.5624348Z     💭 Reasoning: Need to fill the email address field for signup.
2026-01-19T03:48:09.5625297Z     ➕ Injected AI step: fill -> Email Address
2026-01-19T03:48:09.5626088Z   ▶️ [STEP step_2_ai_15] FILL: Email Address
2026-01-19T03:48:09.5684373Z     🎯 Using AI-provided locator: input[name='email']
2026-01-19T03:48:09.5742785Z     ✅ Found 1 verified locators
2026-01-19T03:48:16.6433248Z     ✅ State transitioned.
2026-01-19T03:48:16.6741774Z     🔄 Revisited state detected (count: 1)
2026-01-19T03:48:18.0529203Z [DEBUG] Sending request to gemini-2.0-flash. Number of parts: 2
2026-01-19T03:48:18.0529995Z [DEBUG] Received response (Length: 177)
2026-01-19T03:48:18.0531162Z     🤖 AI Next Step Suggestion: click -> Signup
2026-01-19T03:48:18.0531865Z     🧩 Suggested Locator: button
2026-01-19T03:48:18.0532561Z     💭 Reasoning: The signup form is partially filled. Clicking 'Signup' will attempt to create the account.
2026-01-19T03:48:18.0533242Z     ➕ Injected AI step: click -> Signup
2026-01-19T03:48:18.0533960Z   ▶️ [STEP step_2_ai_16] CLICK: Signup
2026-01-19T03:48:18.0586677Z     🎯 Using AI-provided locator: button
2026-01-19T03:48:18.0643648Z     ✅ Found 1 verified locators
2026-01-19T03:48:22.1045336Z     ✅ State transitioned.
2026-01-19T03:48:23.8476438Z [DEBUG] Sending request to gemini-2.0-flash. Number of parts: 2
2026-01-19T03:48:23.8477041Z [DEBUG] Received response (Length: 270)
2026-01-19T03:48:23.8477681Z     🤖 AI Next Step Suggestion: click -> Products
2026-01-19T03:48:23.8478162Z     🧩 Suggested Locator: a[href='/products']
2026-01-19T03:48:23.8479327Z     💭 Reasoning: The goal is to explore shopping features and cart. Clicking on 'Products' will navigate to the product listing page, which is a necessary step to add items to the cart.
2026-01-19T03:48:23.8480360Z     ➕ Injected AI step: click -> Products
2026-01-19T03:48:23.8480967Z   ▶️ [STEP step_2_ai_17] CLICK: Products
2026-01-19T03:48:23.8629619Z     🎯 Using AI-provided locator: a[href='/products']
2026-01-19T03:48:23.8688282Z     ✅ Found 1 verified locators
2026-01-19T03:48:27.9208405Z     ✅ State transitioned.
2026-01-19T03:48:29.6193267Z [DEBUG] Sending request to gemini-2.0-flash. Number of parts: 2
2026-01-19T03:48:29.6193918Z [DEBUG] Received response (Length: 272)
2026-01-19T03:48:29.6194602Z     🤖 AI Next Step Suggestion: click -> Products
2026-01-19T03:48:29.6195055Z     🧩 Suggested Locator: a[href='/products']
2026-01-19T03:48:29.6196123Z     💭 Reasoning: The goal is to explore shopping features and cart. Since we are on the login page, clicking 'Products' will allow us to browse items and potentially add them to the cart.
2026-01-19T03:48:29.6197178Z ⚠️ Loop detected: same AI suggestion repeated 2 times. Moving to next step.
2026-01-19T03:48:29.6197618Z   ▶️ [STEP step_3] CLICK: View Product
2026-01-19T03:48:29.6254364Z     🔍 Mining locators for: 'View Product'
2026-01-19T03:48:29.6665397Z     🧠 Consulting AI (Vision-First) to find 'View Product'...
2026-01-19T03:48:29.6668847Z     🔍 Trying smart selectors for 'View Product'...
2026-01-19T03:48:29.7192217Z     ⚠️ Smart selectors failed (no unique match). Falling back to AI Vision...
2026-01-19T03:48:29.7194792Z     🧠 [EXPERT] Strategy: Act as a Senior SDET focusing on e-commerce flow automation and conversion funnel reliability. Focus on the complete shopping funnel (Search -> Product Selection -> Add to Cart -> Checkout). CRITICAL: Identify SEARCH BARS, magnifying glass icons, and 'Add to Cart' buttons as primary automation targets. Dismiss popups that block the flow. For product lists, default to selecting the FIRST available item for consistent automation.
2026-01-19T03:48:34.6543471Z [DEBUG] Sending request to gemini-2.0-flash. Number of parts: 2
2026-01-19T03:48:34.6544007Z [DEBUG] Received response (Length: 182)
2026-01-19T03:48:34.6544641Z     ⚠️ Skipping duplicate injection: Products
2026-01-19T03:48:34.6553929Z     🔄 Retry 1/3 mining locators for 'View Product'...
2026-01-19T03:48:35.7005292Z     🧠 Consulting AI (Vision-First) to find 'View Product'...
2026-01-19T03:48:35.7005843Z     🔍 Trying smart selectors for 'View Product'...
2026-01-19T03:48:35.7501091Z     ⚠️ Smart selectors failed (no unique match). Falling back to AI Vision...
2026-01-19T03:48:35.7503900Z     🧠 [EXPERT] Strategy: Act as a Senior SDET focusing on e-commerce flow automation and conversion funnel reliability. Focus on the complete shopping funnel (Search -> Product Selection -> Add to Cart -> Checkout). CRITICAL: Identify SEARCH BARS, magnifying glass icons, and 'Add to Cart' buttons as primary automation targets. Dismiss popups that block the flow. For product lists, default to selecting the FIRST available item for consistent automation.
2026-01-19T03:48:35.7506889Z [CACHE HIT] 2a13f56e... (hits: 12, misses: 53)
2026-01-19T03:48:35.7507318Z     ⚠️ Skipping duplicate injection: Products
2026-01-19T03:48:35.7507706Z     🔄 Retry 2/3 mining locators for 'View Product'...
2026-01-19T03:48:36.7519608Z     🗑️ Invalidating stale AI cache (retry 2)...
2026-01-19T03:48:36.7521285Z     ⚠️ Cache invalidation warning: No module named 'core.agents.domain_expert'
2026-01-19T03:48:36.8007464Z     🧠 Consulting AI (Vision-First) to find 'View Product'...
2026-01-19T03:48:36.8008295Z     🔍 Trying smart selectors for 'View Product'...
2026-01-19T03:48:36.8501523Z     ⚠️ Smart selectors failed (no unique match). Falling back to AI Vision...
2026-01-19T03:48:36.8504185Z     🧠 [EXPERT] Strategy: Act as a Senior SDET focusing on e-commerce flow automation and conversion funnel reliability. Focus on the complete shopping funnel (Search -> Product Selection -> Add to Cart -> Checkout). CRITICAL: Identify SEARCH BARS, magnifying glass icons, and 'Add to Cart' buttons as primary automation targets. Dismiss popups that block the flow. For product lists, default to selecting the FIRST available item for consistent automation.
2026-01-19T03:48:36.8507062Z [CACHE HIT] 2a13f56e... (hits: 13, misses: 53)
2026-01-19T03:48:36.8507770Z     ⚠️ Skipping duplicate injection: Products
2026-01-19T03:48:36.8508535Z     🧠 Verifying step validity for 'View Product' after no candidates found...
2026-01-19T03:48:39.3754271Z [DEBUG] Sending request to gemini-2.0-flash. Number of parts: 2
2026-01-19T03:48:39.3754777Z [DEBUG] Received response (Length: 291)
2026-01-19T03:48:39.3756544Z     🗑️ Step deemed INVALID: The current page is the login/signup page. 'View Product' is associated with product listings, which are not present on this page. Therefore, attempting to locate and interact with 'View Product' on this page is not a valid step.. Removing from workflow.
2026-01-19T03:48:39.3758001Z     ⏭️ Skipping execution of invalid step: View Product
2026-01-19T03:48:39.3758459Z   ▶️ [STEP step_4] ASSERT_VISIBLE: Write Your Review
2026-01-19T03:48:39.3810912Z     🔍 Mining locators for: 'Write Your Review'
2026-01-19T03:48:39.4327692Z     🧠 Consulting AI (Vision-First) to find 'Write Your Review'...
2026-01-19T03:48:39.4328634Z     🔍 Trying smart selectors for 'Write Your Review'...
2026-01-19T03:48:39.4909683Z     ⚠️ Smart selectors failed (no unique match). Falling back to AI Vision...
2026-01-19T03:48:39.4914303Z     🧠 [EXPERT] Strategy: Act as a Senior SDET focusing on e-commerce flow automation and conversion funnel reliability. Focus on the complete shopping funnel (Search -> Product Selection -> Add to Cart -> Checkout). CRITICAL: Identify SEARCH BARS, magnifying glass icons, and 'Add to Cart' buttons as primary automation targets. Dismiss popups that block the flow. For product lists, default to selecting the FIRST available item for consistent automation.
2026-01-19T03:48:44.4665629Z [DEBUG] Sending request to gemini-2.0-flash. Number of parts: 2
2026-01-19T03:48:44.4666504Z [DEBUG] Received response (Length: 259)
2026-01-19T03:48:44.4668102Z     💡 Expert Suggestion: "Write Your Review" is likely on a product details page, accessible after selecting a product from the Products page.
2026-01-19T03:48:44.4669365Z     🛠️ Executing corrective action: click -> 'Products'
2026-01-19T03:48:45.0295437Z     ✅ Executed corrective navigation
2026-01-19T03:48:47.0318382Z     🔄 Retry 1/3 mining locators for 'Write Your Review'...
2026-01-19T03:48:48.0832868Z     🧠 Consulting AI (Vision-First) to find 'Write Your Review'...
2026-01-19T03:48:48.0833590Z     🔍 Trying smart selectors for 'Write Your Review'...
2026-01-19T03:48:48.1380980Z     ⚠️ Smart selectors failed (no unique match). Falling back to AI Vision...
2026-01-19T03:48:48.1383385Z     🧠 [EXPERT] Strategy: Act as a Senior SDET focusing on e-commerce flow automation and conversion funnel reliability. Focus on the complete shopping funnel (Search -> Product Selection -> Add to Cart -> Checkout). CRITICAL: Identify SEARCH BARS, magnifying glass icons, and 'Add to Cart' buttons as primary automation targets. Dismiss popups that block the flow. For product lists, default to selecting the FIRST available item for consistent automation.
2026-01-19T03:48:49.5848447Z [DEBUG] Sending request to gemini-2.0-flash. Number of parts: 2
2026-01-19T03:48:49.5849221Z [DEBUG] Received response (Length: 251)
2026-01-19T03:48:49.5849901Z     ⚠️ Skipping duplicate injection: Products
2026-01-19T03:48:49.5850631Z     🔄 Retry 2/3 mining locators for 'Write Your Review'...
2026-01-19T03:48:50.5861576Z     🗑️ Invalidating stale AI cache (retry 2)...
2026-01-19T03:48:50.5863283Z     ⚠️ Cache invalidation warning: No module named 'core.agents.domain_expert'
2026-01-19T03:48:50.6826694Z     🧠 Consulting AI (Vision-First) to find 'Write Your Review'...
2026-01-19T03:48:50.6828577Z     🔍 Trying smart selectors for 'Write Your Review'...
2026-01-19T03:48:50.7377800Z     ⚠️ Smart selectors failed (no unique match). Falling back to AI Vision...
2026-01-19T03:48:50.7380591Z     🧠 [EXPERT] Strategy: Act as a Senior SDET focusing on e-commerce flow automation and conversion funnel reliability. Focus on the complete shopping funnel (Search -> Product Selection -> Add to Cart -> Checkout). CRITICAL: Identify SEARCH BARS, magnifying glass icons, and 'Add to Cart' buttons as primary automation targets. Dismiss popups that block the flow. For product lists, default to selecting the FIRST available item for consistent automation.
2026-01-19T03:48:50.7383361Z [CACHE HIT] 91878d1c... (hits: 14, misses: 56)
2026-01-19T03:48:50.7384034Z     ⚠️ Skipping duplicate injection: Products
2026-01-19T03:48:50.7384567Z     🧠 Verifying step validity for 'Write Your Review' after no candidates found...
2026-01-19T03:48:54.7518394Z [DEBUG] Sending request to gemini-2.0-flash. Number of parts: 2
2026-01-19T03:48:54.7518915Z [DEBUG] Received response (Length: 324)
2026-01-19T03:48:54.7521064Z     🗑️ Step deemed INVALID: The current page is the login/signup page. The 'Write Your Review' element is typically found on a product details page after a user has logged in and navigated to a specific product. Therefore, attempting to locate 'Write Your Review' on this page is not valid.. Removing from workflow.
2026-01-19T03:48:54.7522434Z     ⏭️ Skipping execution of invalid step: Write Your Review
2026-01-19T03:48:54.7522852Z   ▶️ [STEP step_5] CLICK: Add to cart
2026-01-19T03:48:54.7576708Z     🔍 Mining locators for: 'Add to cart'
2026-01-19T03:48:54.7995456Z     🧠 Consulting AI (Vision-First) to find 'Add to cart'...
2026-01-19T03:48:54.7995936Z     🔍 Trying smart selectors for 'Add to cart'...
2026-01-19T03:48:54.8499368Z     ⚠️ Smart selectors failed (no unique match). Falling back to AI Vision...
2026-01-19T03:48:54.8502837Z     🧠 [EXPERT] Strategy: Act as a Senior SDET focusing on e-commerce flow automation and conversion funnel reliability. Focus on the complete shopping funnel (Search -> Product Selection -> Add to Cart -> Checkout). CRITICAL: Identify SEARCH BARS, magnifying glass icons, and 'Add to Cart' buttons as primary automation targets. Dismiss popups that block the flow. For product lists, default to selecting the FIRST available item for consistent automation.
2026-01-19T03:48:59.8577983Z [DEBUG] Sending request to gemini-2.0-flash. Number of parts: 2
2026-01-19T03:48:59.8578492Z [DEBUG] Received response (Length: 197)
2026-01-19T03:48:59.8579344Z     💡 Expert Suggestion: Add to cart functionality is likely on the Products page.
2026-01-19T03:48:59.8580015Z     🛠️ Executing corrective action: click -> 'Products'
2026-01-19T03:49:00.4280057Z     ✅ Executed corrective navigation
2026-01-19T03:49:02.4303636Z     🔄 Retry 1/3 mining locators for 'Add to cart'...
2026-01-19T03:49:03.4827057Z     🧠 Consulting AI (Vision-First) to find 'Add to cart'...
2026-01-19T03:49:03.4827550Z     🔍 Trying smart selectors for 'Add to cart'...
2026-01-19T03:49:03.5330239Z     ⚠️ Smart selectors failed (no unique match). Falling back to AI Vision...
2026-01-19T03:49:03.5332905Z     🧠 [EXPERT] Strategy: Act as a Senior SDET focusing on e-commerce flow automation and conversion funnel reliability. Focus on the complete shopping funnel (Search -> Product Selection -> Add to Cart -> Checkout). CRITICAL: Identify SEARCH BARS, magnifying glass icons, and 'Add to Cart' buttons as primary automation targets. Dismiss popups that block the flow. For product lists, default to selecting the FIRST available item for consistent automation.
2026-01-19T03:49:03.5336139Z [CACHE HIT] 13e3849e... (hits: 15, misses: 58)
2026-01-19T03:49:03.5336550Z     ⚠️ Skipping duplicate injection: Products
2026-01-19T03:49:03.5336943Z     🔄 Retry 2/3 mining locators for 'Add to cart'...
2026-01-19T03:49:04.5348944Z     🗑️ Invalidating stale AI cache (retry 2)...
2026-01-19T03:49:04.5350392Z     ⚠️ Cache invalidation warning: No module named 'core.agents.domain_expert'
2026-01-19T03:49:04.5817621Z     🧠 Consulting AI (Vision-First) to find 'Add to cart'...
2026-01-19T03:49:04.5818370Z     🔍 Trying smart selectors for 'Add to cart'...
2026-01-19T03:49:04.6308413Z     ⚠️ Smart selectors failed (no unique match). Falling back to AI Vision...
2026-01-19T03:49:04.6311591Z     🧠 [EXPERT] Strategy: Act as a Senior SDET focusing on e-commerce flow automation and conversion funnel reliability. Focus on the complete shopping funnel (Search -> Product Selection -> Add to Cart -> Checkout). CRITICAL: Identify SEARCH BARS, magnifying glass icons, and 'Add to Cart' buttons as primary automation targets. Dismiss popups that block the flow. For product lists, default to selecting the FIRST available item for consistent automation.
2026-01-19T03:49:04.6314532Z [CACHE HIT] 13e3849e... (hits: 16, misses: 58)
2026-01-19T03:49:04.6315234Z     ⚠️ Skipping duplicate injection: Products
2026-01-19T03:49:04.6316131Z     🧠 Verifying step validity for 'Add to cart' after no candidates found...
2026-01-19T03:49:06.2021117Z [DEBUG] Sending request to gemini-2.0-flash. Number of parts: 2
2026-01-19T03:49:06.2021893Z [DEBUG] Received response (Length: 251)
2026-01-19T03:49:06.2024310Z     🗑️ Step deemed INVALID: The current page is the login/signup page. There are no products displayed, so there is no 'Add to cart' button to interact with. We need to navigate to a page that displays products first.. Removing from workflow.
2026-01-19T03:49:06.2025670Z     ⏭️ Skipping execution of invalid step: Add to cart
2026-01-19T03:49:06.2026151Z   ▶️ [STEP step_6] CLICK: View Cart
2026-01-19T03:49:06.2078457Z     🔍 Mining locators for: 'View Cart'
2026-01-19T03:49:06.2486447Z     🧠 Consulting AI (Vision-First) to find 'View Cart'...
2026-01-19T03:49:06.2487227Z     🔍 Trying smart selectors for 'View Cart'...
2026-01-19T03:49:06.2973285Z     ⚠️ Smart selectors failed (no unique match). Falling back to AI Vision...
2026-01-19T03:49:06.2975718Z     🧠 [EXPERT] Strategy: Act as a Senior SDET focusing on e-commerce flow automation and conversion funnel reliability. Focus on the complete shopping funnel (Search -> Product Selection -> Add to Cart -> Checkout). CRITICAL: Identify SEARCH BARS, magnifying glass icons, and 'Add to Cart' buttons as primary automation targets. Dismiss popups that block the flow. For product lists, default to selecting the FIRST available item for consistent automation.
2026-01-19T03:49:11.3297337Z [DEBUG] Sending request to gemini-2.0-flash. Number of parts: 2
2026-01-19T03:49:11.3298124Z [DEBUG] Received response (Length: 465)
2026-01-19T03:49:11.3298730Z     🔄 Retry 1/3 mining locators for 'View Cart'...
2026-01-19T03:49:12.3816564Z     🧠 Consulting AI (Vision-First) to find 'View Cart'...
2026-01-19T03:49:12.3817343Z     🔍 Trying smart selectors for 'View Cart'...
2026-01-19T03:49:12.4303367Z     ⚠️ Smart selectors failed (no unique match). Falling back to AI Vision...
2026-01-19T03:49:12.4307751Z     🧠 [EXPERT] Strategy: Act as a Senior SDET focusing on e-commerce flow automation and conversion funnel reliability. Focus on the complete shopping funnel (Search -> Product Selection -> Add to Cart -> Checkout). CRITICAL: Identify SEARCH BARS, magnifying glass icons, and 'Add to Cart' buttons as primary automation targets. Dismiss popups that block the flow. For product lists, default to selecting the FIRST available item for consistent automation.
2026-01-19T03:49:12.4310349Z [CACHE HIT] efd1da13... (hits: 17, misses: 60)
2026-01-19T03:49:12.4311092Z     🔄 Retry 2/3 mining locators for 'View Cart'...
2026-01-19T03:49:13.4322276Z     🗑️ Invalidating stale AI cache (retry 2)...
2026-01-19T03:49:13.4323852Z     ⚠️ Cache invalidation warning: No module named 'core.agents.domain_expert'
2026-01-19T03:49:13.4825304Z     🧠 Consulting AI (Vision-First) to find 'View Cart'...
2026-01-19T03:49:13.4825812Z     🔍 Trying smart selectors for 'View Cart'...
2026-01-19T03:49:13.5321053Z     ⚠️ Smart selectors failed (no unique match). Falling back to AI Vision...
2026-01-19T03:49:13.5323566Z     🧠 [EXPERT] Strategy: Act as a Senior SDET focusing on e-commerce flow automation and conversion funnel reliability. Focus on the complete shopping funnel (Search -> Product Selection -> Add to Cart -> Checkout). CRITICAL: Identify SEARCH BARS, magnifying glass icons, and 'Add to Cart' buttons as primary automation targets. Dismiss popups that block the flow. For product lists, default to selecting the FIRST available item for consistent automation.
2026-01-19T03:49:13.5326401Z [CACHE HIT] efd1da13... (hits: 18, misses: 60)
2026-01-19T03:49:13.5328958Z     🧠 Verifying step validity for 'View Cart' after mining failure...
2026-01-19T03:49:16.0128927Z [DEBUG] Sending request to gemini-2.0-flash. Number of parts: 2
2026-01-19T03:49:16.0129751Z [DEBUG] Received response (Length: 271)
2026-01-19T03:49:16.0131306Z     🛠️ Self-Correction: Step is valid. Using new locator: a[href='/view_cart']
2026-01-19T03:49:20.0674837Z     ✅ State transitioned.
2026-01-19T03:49:21.4185284Z [DEBUG] Sending request to gemini-2.0-flash. Number of parts: 2
2026-01-19T03:49:21.4186110Z [DEBUG] Received response (Length: 263)
2026-01-19T03:49:21.4187076Z     🤖 AI Next Step Suggestion: click -> Products
2026-01-19T03:49:21.4187831Z     🧩 Suggested Locator: a[href='/products']
2026-01-19T03:49:21.4189650Z     💭 Reasoning: The goal is to explore shopping features and cart. We have already signed up and viewed the cart. Now we should go to the products page to add items to the cart.
2026-01-19T03:49:21.4191146Z     ➕ Injected AI step: click -> Products
2026-01-19T03:49:21.4191636Z   ▶️ [STEP step_6_ai_1] CLICK: Products
2026-01-19T03:49:21.4241537Z     🎯 Using AI-provided locator: a[href='/products']
2026-01-19T03:49:21.4295928Z     ✅ Found 1 verified locators
2026-01-19T03:49:25.4668524Z     ✅ State transitioned.
2026-01-19T03:49:25.4944540Z     🔄 Revisited state detected (count: 1)
2026-01-19T03:49:27.0276448Z [DEBUG] Sending request to gemini-2.0-flash. Number of parts: 2
2026-01-19T03:49:27.0277151Z [DEBUG] Received response (Length: 365)
2026-01-19T03:49:27.0277972Z     🤖 AI Next Step Suggestion: click -> Products
2026-01-19T03:49:27.0278594Z     🧩 Suggested Locator: a[href='/products']
2026-01-19T03:49:27.0280102Z     💭 Reasoning: The goal is to explore shopping features and cart. We were previously on the products page, then viewed the cart, and then clicked products again. Since we are back on the login page, we should go back to the products page to continue exploring shopping features.
2026-01-19T03:49:27.0281877Z ⚠️ Loop detected: same AI suggestion repeated 2 times. Moving to next step.
2026-01-19T03:49:27.0282320Z   ▶️ [STEP step_7] ASSERT_URL: 
2026-01-19T03:49:32.0441510Z     ⚠️ Scroll into view failed for text=None. Proceeding anyway.
2026-01-19T03:49:34.0464189Z     ✅ State transitioned.
2026-01-19T03:49:34.0747373Z     🔄 Revisited state detected (count: 2)
2026-01-19T03:49:35.4122741Z [DEBUG] Sending request to gemini-2.0-flash. Number of parts: 2
2026-01-19T03:49:35.4123444Z [DEBUG] Received response (Length: 267)
2026-01-19T03:49:35.4124287Z     🤖 AI Next Step Suggestion: click -> Products
2026-01-19T03:49:35.4124937Z     🧩 Suggested Locator: a[href='/products']
2026-01-19T03:49:35.4126549Z     💭 Reasoning: The goal is to explore shopping features and cart. Clicking 'Products' will navigate to the product listing page, which is a necessary step to add items to the cart.
2026-01-19T03:49:35.4127686Z     ➕ Injected AI step: click -> Products
2026-01-19T03:49:35.4128060Z   ▶️ [STEP step_7_ai_1] CLICK: Products
2026-01-19T03:49:35.4182307Z     🎯 Using AI-provided locator: a[href='/products']
2026-01-19T03:49:35.4236385Z     ✅ Found 1 verified locators
2026-01-19T03:49:39.4670954Z     ✅ State transitioned.
2026-01-19T03:49:39.4936900Z     🔄 Revisited state detected (count: 3)
2026-01-19T03:49:39.4937750Z     ⚠️ Too many revisits (3). Stopping AI step injection to prevent loops.
2026-01-19T03:49:41.5310234Z 
2026-01-19T03:49:41.5311231Z [3/4] Exploring Scenario: Browse Category and Add to Cart
2026-01-19T03:49:41.5312408Z     🧠 Initialized exploration context for goal: 'Explore shopping features and cart'
2026-01-19T03:49:41.5313200Z   ▶️ [STEP step_1] NAVIGATE: 
2026-01-19T03:49:42.3110954Z     ✅ Navigated to https://www.automationexercise.com/
2026-01-19T03:49:42.3111673Z   ▶️ [STEP step_2] ASSERT_URL: 
2026-01-19T03:49:42.3754921Z     📢 Detected overlay (ins.adsbygoogle). Dismissing...
2026-01-19T03:49:43.8903910Z     📢 Detected overlay (ins.adsbygoogle). Dismissing...
2026-01-19T03:49:50.4025908Z     ⚠️ Scroll into view failed for text=None. Proceeding anyway.
2026-01-19T03:49:52.4048605Z     ✅ State transitioned.
2026-01-19T03:49:54.0112320Z [DEBUG] Sending request to gemini-2.0-flash. Number of parts: 2
2026-01-19T03:49:54.0112891Z [DEBUG] Received response (Length: 219)
2026-01-19T03:49:54.0113600Z     🤖 AI Next Step Suggestion: click -> Add to cart
2026-01-19T03:49:54.0114002Z     🧩 Suggested Locator: a[data-product-id='1']
2026-01-19T03:49:54.0114696Z     💭 Reasoning: To explore shopping features and cart, adding the first available product to the cart is the next logical step.
2026-01-19T03:49:54.0115330Z     ➕ Injected AI step: click -> Add to cart
2026-01-19T03:49:54.0115667Z   ▶️ [STEP step_2_ai_1] CLICK: Add to cart
2026-01-19T03:49:54.0179441Z     📢 Detected overlay (ins.adsbygoogle). Dismissing...
2026-01-19T03:49:55.5239152Z     🎯 Using AI-provided locator: a[data-product-id='1']
2026-01-19T03:49:55.5302387Z     ✅ Found 1 verified locators
2026-01-19T03:49:55.5369507Z     📢 Detected overlay (ins.adsbygoogle). Dismissing...
2026-01-19T03:50:01.1073712Z     ✅ State transitioned.
2026-01-19T03:50:02.9633747Z [DEBUG] Sending request to gemini-2.0-flash. Number of parts: 2
2026-01-19T03:50:02.9634399Z [DEBUG] Received response (Length: 250)
2026-01-19T03:50:02.9635247Z     🤖 AI Next Step Suggestion: click -> Continue Shopping
2026-01-19T03:50:02.9635896Z     🧩 Suggested Locator: button
2026-01-19T03:50:02.9637143Z     💭 Reasoning: The 'Added!' popup is currently displayed. Clicking 'Continue Shopping' will close the popup and allow further exploration of the site.
2026-01-19T03:50:02.9638420Z     ➕ Injected AI step: click -> Continue Shopping
2026-01-19T03:50:02.9639041Z   ▶️ [STEP step_2_ai_2] CLICK: Continue Shopping
2026-01-19T03:50:02.9716298Z     📢 Detected overlay (ins.adsbygoogle). Dismissing...
2026-01-19T03:50:04.4783429Z     🎯 Using AI-provided locator: button
2026-01-19T03:50:04.4806846Z     🔍 Mining locators for: 'Continue Shopping'
2026-01-19T03:50:04.6610061Z     ✅ Found 2 verified locators
2026-01-19T03:50:04.6754884Z     📢 Detected overlay (ins.adsbygoogle). Dismissing...
2026-01-19T03:50:09.7385011Z     ✅ State transitioned.
2026-01-19T03:50:09.7711729Z     🔄 Revisited state detected (count: 1)
2026-01-19T03:50:11.5430973Z [DEBUG] Sending request to gemini-2.0-flash. Number of parts: 2
2026-01-19T03:50:11.5431785Z [DEBUG] Received response (Length: 188)
2026-01-19T03:50:11.5432561Z     🤖 AI Next Step Suggestion: click -> Add to cart
2026-01-19T03:50:11.5433063Z     🧩 Suggested Locator: a[data-product-id='2']
2026-01-19T03:50:11.5435015Z     💭 Reasoning: To add another product to the cart and continue exploring the shopping features.
2026-01-19T03:50:11.5435921Z     ➕ Injected AI step: click -> Add to cart
2026-01-19T03:50:11.5436474Z   ▶️ [STEP step_2_ai_3] CLICK: Add to cart
2026-01-19T03:50:11.5499285Z     📢 Detected overlay (ins.adsbygoogle). Dismissing...
2026-01-19T03:50:13.0566988Z     🎯 Using AI-provided locator: a[data-product-id='2']
2026-01-19T03:50:13.0645894Z     ✅ Found 1 verified locators
2026-01-19T03:50:13.0715613Z     📢 Detected overlay (ins.adsbygoogle). Dismissing...
2026-01-19T03:50:18.6386028Z     ✅ State transitioned.
2026-01-19T03:50:18.6726346Z     🔄 Revisited state detected (count: 2)
2026-01-19T03:50:20.3878632Z [DEBUG] Sending request to gemini-2.0-flash. Number of parts: 2
2026-01-19T03:50:20.3879357Z [DEBUG] Received response (Length: 233)
2026-01-19T03:50:20.3880015Z     🤖 AI Next Step Suggestion: click -> View Cart
2026-01-19T03:50:20.3880731Z     🧩 Suggested Locator: a:contains('View Cart')
2026-01-19T03:50:20.3881697Z     💭 Reasoning: The 'Continue Shopping' button was clicked previously. Now, the next logical step to explore the cart is to click 'View Cart'.
2026-01-19T03:50:20.3882562Z     ➕ Injected AI step: click -> View Cart
2026-01-19T03:50:20.3882963Z   ▶️ [STEP step_2_ai_4] CLICK: View Cart
2026-01-19T03:50:20.3947059Z     📢 Detected overlay (ins.adsbygoogle). Dismissing...
2026-01-19T03:50:21.9008707Z     🎯 Using AI-provided locator: a:contains('View Cart')
2026-01-19T03:50:21.9042223Z     🔍 Mining locators for: 'View Cart'
2026-01-19T03:50:22.0964811Z     ✅ Found 1 verified locators
2026-01-19T03:50:22.1123912Z     📢 Detected overlay (ins.adsbygoogle). Dismissing...
2026-01-19T03:50:27.1870375Z     ✅ State transitioned.
2026-01-19T03:50:28.7996138Z [DEBUG] Sending request to gemini-2.0-flash. Number of parts: 2
2026-01-19T03:50:28.7996849Z [DEBUG] Received response (Length: 236)
2026-01-19T03:50:28.7997571Z     🤖 AI Next Step Suggestion: click -> Proceed To Checkout
2026-01-19T03:50:28.7998481Z     💭 Reasoning: The cart has items, and the goal is to explore shopping features and cart. Proceeding to checkout is the next logical step.
2026-01-19T03:50:28.7999286Z     ➕ Injected AI step: click -> Proceed To Checkout
2026-01-19T03:50:28.7999727Z   ▶️ [STEP step_2_ai_5] CLICK: Proceed To Checkout
2026-01-19T03:50:28.8210102Z     🔍 Mining locators for: 'Proceed To Checkout'
2026-01-19T03:50:28.8912758Z     ✅ Found 1 verified locators
2026-01-19T03:50:32.4693582Z     ✅ State transitioned.
2026-01-19T03:50:33.9043748Z [DEBUG] Sending request to gemini-2.0-flash. Number of parts: 2
2026-01-19T03:50:33.9044554Z [DEBUG] Received response (Length: 221)
2026-01-19T03:50:33.9045437Z     🤖 AI Next Step Suggestion: click -> Register / Login
2026-01-19T03:50:33.9046403Z     💭 Reasoning: The page requires login to proceed to checkout. Clicking 'Register / Login' will allow the process to continue.
2026-01-19T03:50:33.9047226Z     ➕ Injected AI step: click -> Register / Login
2026-01-19T03:50:33.9047688Z   ▶️ [STEP step_2_ai_6] CLICK: Register / Login
2026-01-19T03:50:33.9103433Z     🔍 Mining locators for: 'Register / Login'
2026-01-19T03:50:33.9868590Z     ✅ Found 3 verified locators
2026-01-19T03:50:37.5527106Z     ✅ State transitioned.
2026-01-19T03:50:39.0624494Z [DEBUG] Sending request to gemini-2.0-flash. Number of parts: 2
2026-01-19T03:50:39.0625111Z [DEBUG] Received response (Length: 296)
2026-01-19T03:50:39.0625956Z     🤖 AI Next Step Suggestion: navigate -> Products
2026-01-19T03:50:39.0626788Z     🧩 Suggested Locator: a[href='/products']
2026-01-19T03:50:39.0628195Z     💭 Reasoning: The goal is to explore shopping features and cart. We are currently on the login page. Navigating to the products page will allow us to add items to the cart and proceed with the exploration.
2026-01-19T03:50:39.0629622Z     ➕ Injected AI step: navigate -> Products
2026-01-19T03:50:39.0630086Z   ▶️ [STEP step_2_ai_7] NAVIGATE: Products
2026-01-19T03:50:39.5805898Z     ❌ Navigation failed to Products: Page.goto: Protocol error (Page.navigate): Cannot navigate to invalid URL
2026-01-19T03:50:39.5807127Z Call log:
2026-01-19T03:50:39.5807779Z   - navigating to "Products", waiting until "domcontentloaded"
2026-01-19T03:50:39.5808450Z 
2026-01-19T03:50:39.5809449Z     ⚠️ Critical step failure: Page.goto: Protocol error (Page.navigate): Cannot navigate to invalid URL
2026-01-19T03:50:39.5810628Z Call log:
2026-01-19T03:50:39.5810982Z   - navigating t
2026-01-19T03:50:39.5811480Z   ▶️ [STEP step_3] CLICK: Women
2026-01-19T03:50:39.6281239Z     🔍 Mining locators for: 'Women'
2026-01-19T03:50:39.6782737Z     🧠 Consulting AI (Vision-First) to find 'Women'...
2026-01-19T03:50:39.6783451Z     🔍 Trying smart selectors for 'Women'...
2026-01-19T03:50:39.7189805Z     ⚠️ Smart selectors failed (no unique match). Falling back to AI Vision...
2026-01-19T03:50:39.7193958Z     🧠 [EXPERT] Strategy: Act as a Senior SDET focusing on e-commerce flow automation and conversion funnel reliability. Focus on the complete shopping funnel (Search -> Product Selection -> Add to Cart -> Checkout). CRITICAL: Identify SEARCH BARS, magnifying glass icons, and 'Add to Cart' buttons as primary automation targets. Dismiss popups that block the flow. For product lists, default to selecting the FIRST available item for consistent automation.
2026-01-19T03:50:43.8428548Z [DEBUG] Sending request to gemini-2.0-flash. Number of parts: 2
2026-01-19T03:50:43.8429057Z [DEBUG] Received response (Length: 200)
2026-01-19T03:50:43.8429905Z     💡 Expert Suggestion: The 'Women' category is likely located on the Products page.
2026-01-19T03:50:43.8430834Z     🛠️ Executing corrective action: click -> 'Products'
2026-01-19T03:50:44.5708665Z     ✅ Executed corrective navigation
2026-01-19T03:50:46.5724682Z     🔄 Retry 1/3 mining locators for 'Women'...
2026-01-19T03:50:47.7404180Z     ✅ Found 1 verified locators
2026-01-19T03:50:47.7467816Z     📢 Detected overlay (ins.adsbygoogle). Dismissing...
2026-01-19T03:50:52.8051452Z     ✅ State transitioned.
2026-01-19T03:50:54.5322884Z [DEBUG] Sending request to gemini-2.0-flash. Number of parts: 2
2026-01-19T03:50:54.5323491Z [DEBUG] Received response (Length: 286)
2026-01-19T03:50:54.5324165Z     🤖 AI Next Step Suggestion: fill -> Search Product
2026-01-19T03:50:54.5324546Z     🧩 Suggested Locator: #search_product
2026-01-19T03:50:54.5325387Z     💭 Reasoning: The goal is to explore shopping features and cart. Filling the search bar with 'top' will allow us to explore the search functionality and add a product to the cart.
2026-01-19T03:50:54.5326204Z     ➕ Injected AI step: fill -> Search Product
2026-01-19T03:50:54.5326542Z   ▶️ [STEP step_3_ai_1] FILL: Search Product
2026-01-19T03:50:54.5385661Z     📢 Detected overlay (ins.adsbygoogle). Dismissing...
2026-01-19T03:50:56.0453046Z     🎯 Using AI-provided locator: #search_product
2026-01-19T03:50:56.0511066Z     ✅ Found 1 verified locators
2026-01-19T03:50:56.0573470Z     📢 Detected overlay (ins.adsbygoogle). Dismissing...
2026-01-19T03:51:02.8178817Z     ✅ State transitioned.
2026-01-19T03:51:04.5016313Z [DEBUG] Sending request to gemini-2.0-flash. Number of parts: 2
2026-01-19T03:51:04.5017074Z [DEBUG] Received response (Length: 259)
2026-01-19T03:51:04.5018007Z     🤖 AI Next Step Suggestion: click -> Add to cart
2026-01-19T03:51:04.5019388Z     🧩 Suggested Locator: a:nth-of-type(10)
2026-01-19T03:51:04.5021095Z     💭 Reasoning: After searching for a product, the next logical step is to add the first available item to the cart to explore the shopping features and cart functionality.
2026-01-19T03:51:04.5022781Z     ➕ Injected AI step: click -> Add to cart
2026-01-19T03:51:04.5023318Z   ▶️ [STEP step_3_ai_2] CLICK: Add to cart
2026-01-19T03:51:04.5134581Z     📢 Detected overlay (ins.adsbygoogle). Dismissing...
2026-01-19T03:51:06.0230146Z     🎯 Using AI-provided locator: a:nth-of-type(10)
2026-01-19T03:51:06.0257052Z     🔍 Mining locators for: 'Add to cart'
2026-01-19T03:51:06.4715380Z     ✅ Found 1 verified locators
2026-01-19T03:51:06.4783831Z     📢 Detected overlay (ins.adsbygoogle). Dismissing...
2026-01-19T03:51:11.5558983Z     ✅ State transitioned.
2026-01-19T03:51:11.5860757Z     🔄 Revisited state detected (count: 1)
2026-01-19T03:51:13.1356154Z [DEBUG] Sending request to gemini-2.0-flash. Number of parts: 2
2026-01-19T03:51:13.1356853Z [DEBUG] Received response (Length: 255)
2026-01-19T03:51:13.1357940Z     🤖 AI Next Step Suggestion: click -> Continue Shopping
2026-01-19T03:51:13.1359466Z     💭 Reasoning: The 'Added!' popup is currently displayed. Clicking 'Continue Shopping' will close the popup and allow further exploration of the products page.
2026-01-19T03:51:13.1362944Z     ➕ Injected AI step: click -> Continue Shopping
2026-01-19T03:51:13.1363618Z   ▶️ [STEP step_3_ai_3] CLICK: Continue Shopping
2026-01-19T03:51:13.1421213Z     📢 Detected overlay (ins.adsbygoogle). Dismissing...
2026-01-19T03:51:14.6471590Z     🔍 Mining locators for: 'Continue Shopping'
2026-01-19T03:51:14.8339625Z     ✅ Found 2 verified locators
2026-01-19T03:51:14.8407492Z     📢 Detected overlay (ins.adsbygoogle). Dismissing...
2026-01-19T03:51:19.9002119Z     ✅ State transitioned.
2026-01-19T03:51:19.9311846Z     🔄 Revisited state detected (count: 2)
2026-01-19T03:51:21.7683611Z [DEBUG] Sending request to gemini-2.0-flash. Number of parts: 2
2026-01-19T03:51:21.7684311Z [DEBUG] Received response (Length: 181)
2026-01-19T03:51:21.7685260Z     🤖 AI Next Step Suggestion: click -> Add to cart
2026-01-19T03:51:21.7686492Z     💭 Reasoning: To add another product to the cart and continue exploring shopping features.
2026-01-19T03:51:21.7687741Z     ➕ Injected AI step: click -> Add to cart
2026-01-19T03:51:21.7688494Z   ▶️ [STEP step_3_ai_4] CLICK: Add to cart
2026-01-19T03:51:21.7752465Z     📢 Detected overlay (ins.adsbygoogle). Dismissing...
2026-01-19T03:51:23.2819195Z     🔍 Mining locators for: 'Add to cart'
2026-01-19T03:51:23.7039070Z     ✅ Found 1 verified locators
2026-01-19T03:51:23.7103628Z     📢 Detected overlay (ins.adsbygoogle). Dismissing...
2026-01-19T03:51:28.7851301Z     ✅ State transitioned.
2026-01-19T03:51:28.8152870Z     🔄 Revisited state detected (count: 3)
2026-01-19T03:51:28.8153553Z     ⚠️ Too many revisits (3). Stopping AI step injection to prevent loops.
2026-01-19T03:51:28.8154012Z   ▶️ [STEP step_4] CLICK: Dress
2026-01-19T03:51:28.8211988Z     📢 Detected overlay (ins.adsbygoogle). Dismissing...
2026-01-19T03:51:30.3272782Z     🔍 Mining locators for: 'Dress'
2026-01-19T03:51:30.6030141Z     ✅ Found 5 verified locators
2026-01-19T03:51:30.6094074Z     📢 Detected overlay (ins.adsbygoogle). Dismissing...
2026-01-19T03:51:35.6843739Z     ✅ State transitioned.
2026-01-19T03:51:35.7152556Z     🔄 Revisited state detected (count: 4)
2026-01-19T03:51:35.7153085Z     ⚠️ Too many revisits (4). Stopping AI step injection to prevent loops.
2026-01-19T03:51:35.7153533Z   ▶️ [STEP step_5] ASSERT_URL: 
2026-01-19T03:51:35.7209726Z     📢 Detected overlay (ins.adsbygoogle). Dismissing...
2026-01-19T03:51:37.2336983Z     📢 Detected overlay (ins.adsbygoogle). Dismissing...
2026-01-19T03:51:43.7447355Z     ⚠️ Scroll into view failed for text=None. Proceeding anyway.
2026-01-19T03:51:45.7470662Z     ✅ State transitioned.
2026-01-19T03:51:45.7799660Z     🔄 Revisited state detected (count: 5)
2026-01-19T03:51:45.7800729Z     ⚠️ Too many revisits (5). Stopping AI step injection to prevent loops.
2026-01-19T03:51:45.7801520Z   ▶️ [STEP step_6] CLICK: Add to cart
2026-01-19T03:51:45.7858265Z     📢 Detected overlay (ins.adsbygoogle). Dismissing...
2026-01-19T03:51:47.2918257Z     🔍 Mining locators for: 'Add to cart'
2026-01-19T03:51:47.6551679Z     ✅ Found 1 verified locators
2026-01-19T03:51:47.6761169Z     📢 Detected overlay (ins.adsbygoogle). Dismissing...
2026-01-19T03:51:52.7498094Z     ✅ State transitioned.
2026-01-19T03:51:52.7803706Z     🔄 Revisited state detected (count: 6)
2026-01-19T03:51:52.7804449Z     ⚠️ Too many revisits (6). Stopping AI step injection to prevent loops.
2026-01-19T03:51:52.7804874Z   ▶️ [STEP step_7] CLICK: View Cart
2026-01-19T03:51:52.7857709Z     📢 Detected overlay (ins.adsbygoogle). Dismissing...
2026-01-19T03:51:54.2920101Z     🔍 Mining locators for: 'View Cart'
2026-01-19T03:51:54.5093739Z     ✅ Found 2 verified locators
2026-01-19T03:51:54.5170819Z     📢 Detected overlay (ins.adsbygoogle). Dismissing...
2026-01-19T03:51:59.5829444Z     ✅ State transitioned.
2026-01-19T03:52:01.2353729Z [DEBUG] Sending request to gemini-2.0-flash. Number of parts: 2
2026-01-19T03:52:01.2354337Z [DEBUG] Received response (Length: 249)
2026-01-19T03:52:01.2355030Z     🤖 AI Next Step Suggestion: click -> Proceed To Checkout
2026-01-19T03:52:01.2355469Z     🧩 Suggested Locator: a:contains('Proceed To Checkout')
2026-01-19T03:52:01.2356182Z     💭 Reasoning: The goal is to explore shopping features and cart. The cart has items, so the next logical step is to proceed to checkout.
2026-01-19T03:52:01.2356823Z     ➕ Injected AI step: click -> Proceed To Checkout
2026-01-19T03:52:01.2357196Z   ▶️ [STEP step_7_ai_1] CLICK: Proceed To Checkout
2026-01-19T03:52:01.2564749Z     🎯 Using AI-provided locator: a:contains('Proceed To Checkout')
2026-01-19T03:52:01.2595403Z     🔍 Mining locators for: 'Proceed To Checkout'
2026-01-19T03:52:01.3184159Z     ✅ Found 1 verified locators
2026-01-19T03:52:04.9016969Z     ✅ State transitioned.
2026-01-19T03:52:06.7351092Z [DEBUG] Sending request to gemini-2.0-flash. Number of parts: 2
2026-01-19T03:52:06.7351871Z [DEBUG] Received response (Length: 237)
2026-01-19T03:52:06.7352974Z     🤖 AI Next Step Suggestion: click -> Register / Login
2026-01-19T03:52:06.7354815Z     💭 Reasoning: The cart requires login to proceed to checkout. Clicking 'Register / Login' will allow us to proceed with the checkout process.
2026-01-19T03:52:06.7356485Z     ➕ Injected AI step: click -> Register / Login
2026-01-19T03:52:06.7357343Z   ▶️ [STEP step_7_ai_2] CLICK: Register / Login
2026-01-19T03:52:06.7416663Z     🔍 Mining locators for: 'Register / Login'
2026-01-19T03:52:06.8153375Z     ✅ Found 3 verified locators
2026-01-19T03:52:10.3818445Z     ✅ State transitioned.
2026-01-19T03:52:11.7892319Z [DEBUG] Sending request to gemini-2.0-flash. Number of parts: 2
2026-01-19T03:52:11.7892976Z [DEBUG] Received response (Length: 180)
2026-01-19T03:52:11.7893811Z     🤖 AI Next Step Suggestion: fill -> Email Address
2026-01-19T03:52:11.7894435Z     🧩 Suggested Locator: input[name='email']
2026-01-19T03:52:11.7894837Z     💭 Reasoning: Need to fill in the email address to login.
2026-01-19T03:52:11.7895257Z     ➕ Injected AI step: fill -> Email Address
2026-01-19T03:52:11.7895589Z   ▶️ [STEP step_7_ai_3] FILL: Email Address
2026-01-19T03:52:11.8057494Z     🎯 Using AI-provided locator: input[name='email']
2026-01-19T03:52:11.8114790Z     ✅ Found 1 verified locators
2026-01-19T03:52:19.1073642Z     ✅ State transitioned.
2026-01-19T03:52:20.7229329Z [DEBUG] Sending request to gemini-2.0-flash. Number of parts: 2
2026-01-19T03:52:20.7230034Z [DEBUG] Received response (Length: 179)
2026-01-19T03:52:20.7231031Z     🤖 AI Next Step Suggestion: fill -> Password
2026-01-19T03:52:20.7231667Z     🧩 Suggested Locator: input[name='password']
2026-01-19T03:52:20.7232416Z     💭 Reasoning: Need to fill in the password field to attempt login.
2026-01-19T03:52:20.7233072Z     ➕ Injected AI step: fill -> Password
2026-01-19T03:52:20.7233405Z   ▶️ [STEP step_7_ai_4] FILL: Password
2026-01-19T03:52:20.7287015Z     🎯 Using AI-provided locator: input[name='password']
2026-01-19T03:52:20.7346556Z     ✅ Found 1 verified locators
2026-01-19T03:52:26.9946820Z     ✅ State transitioned.
2026-01-19T03:52:28.4998349Z [DEBUG] Sending request to gemini-2.0-flash. Number of parts: 2
2026-01-19T03:52:28.4999181Z [DEBUG] Received response (Length: 195)
2026-01-19T03:52:28.5000011Z     🤖 AI Next Step Suggestion: click -> Login
2026-01-19T03:52:28.5000943Z     🧩 Suggested Locator: button
2026-01-19T03:52:28.5002745Z     💭 Reasoning: The email and password fields are filled, so the next logical step is to click the 'Login' button to proceed.
2026-01-19T03:52:28.5004214Z     ➕ Injected AI step: click -> Login
2026-01-19T03:52:28.5004921Z   ▶️ [STEP step_7_ai_5] CLICK: Login
2026-01-19T03:52:28.5061803Z     🎯 Using AI-provided locator: button
2026-01-19T03:52:28.5117785Z     ✅ Found 1 verified locators
2026-01-19T03:52:32.5603744Z     ✅ State transitioned.
2026-01-19T03:52:33.9682142Z [DEBUG] Sending request to gemini-2.0-flash. Number of parts: 2
2026-01-19T03:52:33.9682651Z [DEBUG] Received response (Length: 257)
2026-01-19T03:52:33.9683358Z     🤖 AI Next Step Suggestion: click -> Products
2026-01-19T03:52:33.9683782Z     🧩 Suggested Locator: a[href='/products']
2026-01-19T03:52:33.9684589Z     💭 Reasoning: The login failed, and the goal is to explore shopping features and cart. Navigating to the products page is the next logical step to add items to the cart.
2026-01-19T03:52:33.9685333Z     ➕ Injected AI step: click -> Products
2026-01-19T03:52:33.9685672Z   ▶️ [STEP step_7_ai_6] CLICK: Products
2026-01-19T03:52:33.9829520Z     🎯 Using AI-provided locator: a[href='/products']
2026-01-19T03:52:33.9885046Z     ✅ Found 1 verified locators
2026-01-19T03:52:38.0938735Z     ✅ State transitioned.
2026-01-19T03:52:39.7939231Z [DEBUG] Sending request to gemini-2.0-flash. Number of parts: 2
2026-01-19T03:52:39.7940021Z [DEBUG] Received response (Length: 205)
2026-01-19T03:52:39.7941247Z     🤖 AI Next Step Suggestion: fill -> Search Product
2026-01-19T03:52:39.7941984Z     🧩 Suggested Locator: #search_product
2026-01-19T03:52:39.7943290Z     💭 Reasoning: To find a product to add to the cart, I will search for 'dress' in the search bar.
2026-01-19T03:52:39.7944547Z     ➕ Injected AI step: fill -> Search Product
2026-01-19T03:52:39.7946722Z   ▶️ [STEP step_7_ai_7] FILL: Search Product
2026-01-19T03:52:39.8117938Z     📢 Detected overlay (ins.adsbygoogle). Dismissing...
2026-01-19T03:52:41.3181523Z     🎯 Using AI-provided locator: #search_product
2026-01-19T03:52:41.3242899Z     ✅ Found 1 verified locators
2026-01-19T03:52:41.3302533Z     📢 Detected overlay (ins.adsbygoogle). Dismissing...
2026-01-19T03:52:48.3866300Z     ✅ State transitioned.
2026-01-19T03:52:50.1965972Z [DEBUG] Sending request to gemini-2.0-flash. Number of parts: 2
2026-01-19T03:52:50.1966750Z [DEBUG] Received response (Length: 284)
2026-01-19T03:52:50.1967580Z     🤖 AI Next Step Suggestion: click -> Add to cart
2026-01-19T03:52:50.1968228Z     🧩 Suggested Locator: a:contains('Add to cart')
2026-01-19T03:52:50.1969772Z     💭 Reasoning: After searching for a product, the next logical step is to add an item to the cart. Clicking the first 'Add to cart' button will add the first available product to the cart.
2026-01-19T03:52:50.1970963Z     ➕ Injected AI step: click -> Add to cart
2026-01-19T03:52:50.1971291Z   ▶️ [STEP step_7_ai_8] CLICK: Add to cart
2026-01-19T03:52:50.2036177Z     📢 Detected overlay (ins.adsbygoogle). Dismissing...
2026-01-19T03:52:51.7101565Z     🎯 Using AI-provided locator: a:contains('Add to cart')
2026-01-19T03:52:51.7126925Z     🔍 Mining locators for: 'Add to cart'
2026-01-19T03:52:52.1212468Z     ✅ Found 1 verified locators
2026-01-19T03:52:52.1280077Z     📢 Detected overlay (ins.adsbygoogle). Dismissing...
2026-01-19T03:52:57.2179533Z     ✅ State transitioned.
2026-01-19T03:52:57.2551966Z     🔄 Revisited state detected (count: 1)
2026-01-19T03:52:59.0688119Z [DEBUG] Sending request to gemini-2.0-flash. Number of parts: 2
2026-01-19T03:52:59.0688903Z [DEBUG] Received response (Length: 298)
2026-01-19T03:52:59.0689908Z     🤖 AI Next Step Suggestion: click -> Continue Shopping
2026-01-19T03:52:59.0693025Z     💭 Reasoning: The 'Added!' popup is currently blocking further interaction with the products page. Clicking 'Continue Shopping' will dismiss the popup and allow further exploration of the product list.
2026-01-19T03:52:59.0695284Z     ➕ Injected AI step: click -> Continue Shopping
2026-01-19T03:52:59.0696177Z   ▶️ [STEP step_7_ai_9] CLICK: Continue Shopping
2026-01-19T03:52:59.0757492Z     📢 Detected overlay (ins.adsbygoogle). Dismissing...
2026-01-19T03:53:00.5829791Z     🔍 Mining locators for: 'Continue Shopping'
2026-01-19T03:53:00.7460978Z     ✅ Found 2 verified locators
2026-01-19T03:53:00.7532258Z     📢 Detected overlay (ins.adsbygoogle). Dismissing...
2026-01-19T03:53:05.8140863Z     ✅ State transitioned.
2026-01-19T03:53:05.8513189Z     🔄 Revisited state detected (count: 2)
2026-01-19T03:53:07.7535591Z [DEBUG] Sending request to gemini-2.0-flash. Number of parts: 2
2026-01-19T03:53:07.7536290Z [DEBUG] Received response (Length: 292)
2026-01-19T03:53:07.7537086Z     🤖 AI Next Step Suggestion: click -> Add to cart
2026-01-19T03:53:07.7537576Z     🧩 Suggested Locator: a[data-product-id='1']
2026-01-19T03:53:07.7538709Z     💭 Reasoning: The goal is to explore shopping features and cart. After searching for a product, the next logical step is to add it to the cart. This will allow us to proceed to the checkout process.
2026-01-19T03:53:07.7539597Z     ➕ Injected AI step: click -> Add to cart
2026-01-19T03:53:07.7539934Z   ▶️ [STEP step_7_ai_10] CLICK: Add to cart
2026-01-19T03:53:07.7601557Z     📢 Detected overlay (ins.adsbygoogle). Dismissing...
2026-01-19T03:53:09.2666670Z     🎯 Using AI-provided locator: a[data-product-id='1']
2026-01-19T03:53:09.2732007Z     ✅ Found 1 verified locators
2026-01-19T03:53:09.2797909Z     📢 Detected overlay (ins.adsbygoogle). Dismissing...
2026-01-19T03:53:14.8488573Z     ✅ State transitioned.
2026-01-19T03:53:14.8857114Z     🔄 Revisited state detected (count: 3)
2026-01-19T03:53:14.8857792Z     ⚠️ Too many revisits (3). Stopping AI step injection to prevent loops.
2026-01-19T03:53:14.8858368Z   ▶️ [STEP step_8] ASSERT_URL: 
2026-01-19T03:53:14.8916579Z     📢 Detected overlay (ins.adsbygoogle). Dismissing...
2026-01-19T03:53:16.4046686Z     📢 Detected overlay (ins.adsbygoogle). Dismissing...
2026-01-19T03:53:22.9161719Z     ⚠️ Scroll into view failed for text=None. Proceeding anyway.
2026-01-19T03:53:24.9183956Z     ✅ State transitioned.
2026-01-19T03:53:24.9559635Z     🔄 Revisited state detected (count: 4)
2026-01-19T03:53:24.9560180Z     ⚠️ Too many revisits (4). Stopping AI step injection to prevent loops.
2026-01-19T03:53:26.9955766Z 
2026-01-19T03:53:26.9956711Z [4/4] Exploring Scenario: Contact Us Form Submission
2026-01-19T03:53:26.9958109Z     🧠 Initialized exploration context for goal: 'Explore shopping features and cart'
2026-01-19T03:53:26.9962973Z   ▶️ [STEP step_1] NAVIGATE: 
2026-01-19T03:53:27.8002610Z     ✅ Navigated to https://www.automationexercise.com/
2026-01-19T03:53:27.8003681Z   ▶️ [STEP step_2] ASSERT_URL: 
2026-01-19T03:53:32.8321739Z     ⚠️ Scroll into view failed for text=None. Proceeding anyway.
2026-01-19T03:53:34.8344105Z     ✅ State transitioned.
2026-01-19T03:53:36.5086778Z [DEBUG] Sending request to gemini-2.0-flash. Number of parts: 2
2026-01-19T03:53:36.5087643Z [DEBUG] Received response (Length: 269)
2026-01-19T03:53:36.5088956Z     🤖 AI Next Step Suggestion: click -> Add to cart
2026-01-19T03:53:36.5089535Z     🧩 Suggested Locator: a[data-product-id='1']
2026-01-19T03:53:36.5091052Z     💭 Reasoning: To explore shopping features and cart, adding a product to the cart is a logical next step. The first 'Add to cart' button is targeted for consistent automation.
2026-01-19T03:53:36.5092079Z ⚠️ Loop detected: same AI suggestion repeated 2 times. Moving to next step.
2026-01-19T03:53:36.5092540Z   ▶️ [STEP step_3] CLICK: Contact us
2026-01-19T03:53:36.5156686Z     📢 Detected overlay (ins.adsbygoogle). Dismissing...
2026-01-19T03:53:38.0233387Z     🔍 Mining locators for: 'Contact us'
2026-01-19T03:53:38.2412826Z     ✅ Found 1 verified locators
2026-01-19T03:53:38.2480275Z     📢 Detected overlay (ins.adsbygoogle). Dismissing...
2026-01-19T03:53:43.3264013Z     ✅ State transitioned.
2026-01-19T03:53:45.0021243Z [DEBUG] Sending request to gemini-2.0-flash. Number of parts: 2
2026-01-19T03:53:45.0022187Z [DEBUG] Received response (Length: 264)
2026-01-19T03:53:45.0023187Z     🤖 AI Next Step Suggestion: navigate -> Products
2026-01-19T03:53:45.0024081Z     🧩 Suggested Locator: a[href='/products']
2026-01-19T03:53:45.0026210Z     💭 Reasoning: The goal is to explore shopping features and cart. Navigating to the products page is the next logical step to start adding items to the cart.
2026-01-19T03:53:45.0028156Z     ➕ Injected AI step: navigate -> Products
2026-01-19T03:53:45.0028993Z   ▶️ [STEP step_3_ai_1] NAVIGATE: Products
2026-01-19T03:53:45.5201146Z     ❌ Navigation failed to Products: Page.goto: Protocol error (Page.navigate): Cannot navigate to invalid URL
2026-01-19T03:53:45.5202266Z Call log:
2026-01-19T03:53:45.5202878Z   - navigating to "Products", waiting until "domcontentloaded"
2026-01-19T03:53:45.5203477Z 
2026-01-19T03:53:45.5204413Z     ⚠️ Critical step failure: Page.goto: Protocol error (Page.navigate): Cannot navigate to invalid URL
2026-01-19T03:53:45.5205533Z Call log:
2026-01-19T03:53:45.5205918Z   - navigating t
2026-01-19T03:53:45.5206483Z   ▶️ [STEP step_4] ASSERT_URL: 
2026-01-19T03:53:50.5355302Z     ⚠️ Scroll into view failed for text=None. Proceeding anyway.
2026-01-19T03:53:52.5378195Z     ✅ State transitioned.
2026-01-19T03:53:54.0883480Z [DEBUG] Sending request to gemini-2.0-flash. Number of parts: 2
2026-01-19T03:53:54.0884128Z [DEBUG] Received response (Length: 244)
2026-01-19T03:53:54.0884918Z     🤖 AI Next Step Suggestion: click -> Products
2026-01-19T03:53:54.0885414Z     🧩 Suggested Locator: a[href='/products']
2026-01-19T03:53:54.0886202Z     💭 Reasoning: The goal is to explore shopping features and cart. Navigating to the products page is the next logical step to start adding items to the cart.
2026-01-19T03:53:54.0886945Z     ➕ Injected AI step: click -> Products
2026-01-19T03:53:54.0887260Z   ▶️ [STEP step_4_ai_1] CLICK: Products
2026-01-19T03:53:54.0940276Z     🎯 Using AI-provided locator: a[href='/products']
2026-01-19T03:53:54.0999932Z     ✅ Found 1 verified locators
2026-01-19T03:53:58.1629759Z     ✅ State transitioned.
2026-01-19T03:53:59.7736770Z [DEBUG] Sending request to gemini-2.0-flash. Number of parts: 2
2026-01-19T03:53:59.7737478Z [DEBUG] Received response (Length: 253)
2026-01-19T03:53:59.7738127Z     🤖 AI Next Step Suggestion: click -> Products
2026-01-19T03:53:59.7739211Z     💭 Reasoning: The goal is to explore shopping features and cart. We were on the contact us page. Now we should go back to the products page to add items to the cart.
2026-01-19T03:53:59.7740332Z ⚠️ Loop detected: same AI suggestion repeated 2 times. Moving to next step.
2026-01-19T03:53:59.7741129Z   ▶️ [STEP step_5] FILL: Name
2026-01-19T03:53:59.7796338Z     🔍 Mining locators for: 'Name'
2026-01-19T03:53:59.8340235Z     ✅ Found 2 verified locators
2026-01-19T03:54:06.3568427Z     ⚠️ Action failed: Locator.click: Timeout 5000ms exceeded.
2026-01-19T03:54:06.3569098Z Call log:
2026-01-19T03:54:06.3569418Z ...
2026-01-19T03:54:07.6881650Z [DEBUG] Sending request to gemini-2.0-flash. Number of parts: 2
2026-01-19T03:54:07.6882471Z [DEBUG] Received response (Length: 191)
2026-01-19T03:54:07.6883438Z     ✨ AI Heal Reasoning: The input field with the label 'Name' is the most suitable element for filling the name. It is a visible input field.
2026-01-19T03:54:07.6884257Z     ✨ AI healed exploration action! New selector: input[name='name']
2026-01-19T03:54:14.2080086Z   ▶️ [STEP step_6] FILL: Email
2026-01-19T03:54:14.2135159Z     🔍 Mining locators for: 'Email'
2026-01-19T03:54:14.2770962Z     ✅ Found 4 verified locators
2026-01-19T03:54:20.8063614Z     ⚠️ Action failed: Locator.click: Timeout 5000ms exceeded.
2026-01-19T03:54:20.8064366Z Call log:
2026-01-19T03:54:20.8065192Z ...
2026-01-19T03:54:22.7907639Z [DEBUG] Sending request to gemini-2.0-flash. Number of parts: 2
2026-01-19T03:54:22.7908332Z [DEBUG] Received response (Length: 232)
2026-01-19T03:54:22.7910206Z     ✨ AI Heal Reasoning: The element with the label 'Email' is an input field, which is appropriate for filling in the email address. It is also visible on the page.
2026-01-19T03:54:22.7911709Z     ✨ AI healed exploration action! New selector: input[type="text"][name="email"]
2026-01-19T03:54:28.2957712Z     ⚠️ Scroll into view failed for input[type="text"][name="email"]. Proceeding anyway.
2026-01-19T03:54:33.7981470Z   ▶️ [STEP step_7] FILL: Subject
2026-01-19T03:54:33.8041125Z     🔍 Mining locators for: 'Subject'
2026-01-19T03:54:33.8651558Z     ✅ Found 2 verified locators
2026-01-19T03:54:40.3879568Z     ⚠️ Action failed: Locator.click: Timeout 5000ms exceeded.
2026-01-19T03:54:40.3880341Z Call log:
2026-01-19T03:54:40.3880989Z ...
2026-01-19T03:54:41.9318228Z [DEBUG] Sending request to gemini-2.0-flash. Number of parts: 2
2026-01-19T03:54:41.9319103Z [DEBUG] Received response (Length: 181)
2026-01-19T03:54:41.9321112Z     ✨ AI Heal Reasoning: The input field with the label 'Subject' is the best element to fill in the subject of the contact form.
2026-01-19T03:54:41.9322802Z     ✨ AI healed exploration action! New selector: input[name='subject']
2026-01-19T03:54:48.4575037Z   ▶️ [STEP step_8] FILL: Your Message Here
2026-01-19T03:54:48.4627866Z     🔍 Mining locators for: 'Your Message Here'
2026-01-19T03:54:48.5174922Z     ✅ Found 3 verified locators
2026-01-19T03:54:55.0543214Z     ⚠️ Action failed: Locator.click: Timeout 5000ms exceeded.
2026-01-19T03:54:55.0543761Z Call log:
2026-01-19T03:54:55.0543975Z ...
2026-01-19T03:54:56.3011192Z [DEBUG] Sending request to gemini-2.0-flash. Number of parts: 2
2026-01-19T03:54:56.3011667Z [DEBUG] Received response (Length: 179)
2026-01-19T03:54:56.3012692Z     ✨ AI Heal Reasoning: The textarea with name 'message' is labeled 'Your Message Here' and is the correct element to fill.
2026-01-19T03:54:56.3013578Z     ✨ AI healed exploration action! New selector: textarea[name='message']
2026-01-19T03:55:02.8219044Z   ▶️ [STEP step_9] CLICK: Submit
2026-01-19T03:55:02.8271886Z     🔍 Mining locators for: 'Submit'
2026-01-19T03:55:02.8746401Z     ✅ Found 1 verified locators
2026-01-19T03:55:06.9210814Z     ✅ State transitioned.
2026-01-19T03:55:06.9328359Z     🔄 Revisited state detected (count: 1)
2026-01-19T03:55:08.7276679Z [DEBUG] Sending request to gemini-2.0-flash. Number of parts: 2
2026-01-19T03:55:08.7277449Z [DEBUG] Received response (Length: 294)
2026-01-19T03:55:08.7278353Z     🤖 AI Next Step Suggestion: navigate -> Products
2026-01-19T03:55:08.7279072Z     🧩 Suggested Locator: a[href='/products']
2026-01-19T03:55:08.7281295Z     💭 Reasoning: The goal is to explore shopping features and cart. The contact form submission failed, so it's time to move on to the main shopping flow by navigating to the Products page.
2026-01-19T03:55:08.7283145Z     ➕ Injected AI step: navigate -> Products
2026-01-19T03:55:08.7283910Z   ▶️ [STEP step_9_ai_1] NAVIGATE: Products
2026-01-19T03:55:09.2352467Z     ❌ Navigation failed to Products: Page.goto: Protocol error (Page.navigate): Cannot navigate to invalid URL
2026-01-19T03:55:09.2353253Z Call log:
2026-01-19T03:55:09.2354081Z   - navigating to "Products", waiting until "domcontentloaded"
2026-01-19T03:55:09.2354539Z 
2026-01-19T03:55:09.2355254Z     ⚠️ Critical step failure: Page.goto: Protocol error (Page.navigate): Cannot navigate to invalid URL
2026-01-19T03:55:09.2355801Z Call log:
2026-01-19T03:55:09.2355994Z   - navigating t
2026-01-19T03:55:09.2356268Z   ▶️ [STEP step_10] CLICK: OK
2026-01-19T03:55:09.2410916Z     🔍 Mining locators for: 'OK'
2026-01-19T03:55:09.2859017Z     🧠 Consulting AI (Vision-First) to find 'OK'...
2026-01-19T03:55:09.2859502Z     🔍 Trying smart selectors for 'OK'...
2026-01-19T03:55:09.3313018Z     ⚠️ Smart selectors failed (no unique match). Falling back to AI Vision...
2026-01-19T03:55:09.3316747Z     🧠 [EXPERT] Strategy: Act as a Senior SDET focusing on e-commerce flow automation and conversion funnel reliability. Focus on the complete shopping funnel (Search -> Product Selection -> Add to Cart -> Checkout). CRITICAL: Identify SEARCH BARS, magnifying glass icons, and 'Add to Cart' buttons as primary automation targets. Dismiss popups that block the flow. For product lists, default to selecting the FIRST available item for consistent automation.
2026-01-19T03:55:13.1951036Z [DEBUG] Sending request to gemini-2.0-flash. Number of parts: 2
2026-01-19T03:55:13.1951874Z [DEBUG] Received response (Length: 231)
2026-01-19T03:55:13.1952948Z     💡 Expert Suggestion: The 'OK' button might be part of a confirmation dialog after submitting the contact form.
2026-01-19T03:55:13.1953694Z     🛠️ Executing corrective action: click -> 'Contact us'
2026-01-19T03:55:13.7685089Z     ✅ Executed corrective navigation
2026-01-19T03:55:15.7707965Z     🔄 Retry 1/3 mining locators for 'OK'...
2026-01-19T03:55:16.8179885Z     🧠 Consulting AI (Vision-First) to find 'OK'...
2026-01-19T03:55:16.8180917Z     🔍 Trying smart selectors for 'OK'...
2026-01-19T03:55:16.8611309Z     ⚠️ Smart selectors failed (no unique match). Falling back to AI Vision...
2026-01-19T03:55:16.8613832Z     🧠 [EXPERT] Strategy: Act as a Senior SDET focusing on e-commerce flow automation and conversion funnel reliability. Focus on the complete shopping funnel (Search -> Product Selection -> Add to Cart -> Checkout). CRITICAL: Identify SEARCH BARS, magnifying glass icons, and 'Add to Cart' buttons as primary automation targets. Dismiss popups that block the flow. For product lists, default to selecting the FIRST available item for consistent automation.
2026-01-19T03:55:16.8616250Z [CACHE HIT] bae82b6f... (hits: 19, misses: 96)
2026-01-19T03:55:16.8616952Z     ⚠️ Skipping duplicate injection: Contact us
2026-01-19T03:55:16.8617507Z     🔄 Retry 2/3 mining locators for 'OK'...
2026-01-19T03:55:17.8631187Z     🗑️ Invalidating stale AI cache (retry 2)...
2026-01-19T03:55:17.8632517Z     ⚠️ Cache invalidation warning: No module named 'core.agents.domain_expert'
2026-01-19T03:55:17.9181385Z     🧠 Consulting AI (Vision-First) to find 'OK'...
2026-01-19T03:55:17.9182121Z     🔍 Trying smart selectors for 'OK'...
2026-01-19T03:55:17.9614094Z     ⚠️ Smart selectors failed (no unique match). Falling back to AI Vision...
2026-01-19T03:55:17.9616595Z     🧠 [EXPERT] Strategy: Act as a Senior SDET focusing on e-commerce flow automation and conversion funnel reliability. Focus on the complete shopping funnel (Search -> Product Selection -> Add to Cart -> Checkout). CRITICAL: Identify SEARCH BARS, magnifying glass icons, and 'Add to Cart' buttons as primary automation targets. Dismiss popups that block the flow. For product lists, default to selecting the FIRST available item for consistent automation.
2026-01-19T03:55:17.9619227Z [CACHE HIT] bae82b6f... (hits: 20, misses: 96)
2026-01-19T03:55:17.9619946Z     ⚠️ Skipping duplicate injection: Contact us
2026-01-19T03:55:17.9620809Z     🧠 Verifying step validity for 'OK' after no candidates found...
2026-01-19T03:55:19.3218689Z [DEBUG] Sending request to gemini-2.0-flash. Number of parts: 2
2026-01-19T03:55:19.3219271Z [DEBUG] Received response (Length: 202)
2026-01-19T03:55:19.3221011Z     🗑️ Step deemed INVALID: The target element 'OK' is not visible on the current page. The page is the contact us page, and there is no 'OK' button or element present.. Removing from workflow.
2026-01-19T03:55:19.3222027Z     ⏭️ Skipping execution of invalid step: OK
2026-01-19T03:55:19.3222630Z   ▶️ [STEP step_11] ASSERT_VISIBLE: Success! Your details have been submitted successfully.
2026-01-19T03:55:19.3277016Z     🔍 Mining locators for: 'Success! Your details have been submitted successfully.'
2026-01-19T03:55:19.3683522Z     🧠 Consulting AI (Vision-First) to find 'Success! Your details have been submitted successfully.'...
2026-01-19T03:55:19.3684327Z     🔍 Trying smart selectors for 'Success! Your details have been submitted successfully.'...
2026-01-19T03:55:19.4503636Z     ⚠️ Smart selectors failed (no unique match). Falling back to AI Vision...
2026-01-19T03:55:19.4507918Z     🧠 [EXPERT] Strategy: Act as a Senior SDET focusing on e-commerce flow automation and conversion funnel reliability. Focus on the complete shopping funnel (Search -> Product Selection -> Add to Cart -> Checkout). CRITICAL: Identify SEARCH BARS, magnifying glass icons, and 'Add to Cart' buttons as primary automation targets. Dismiss popups that block the flow. For product lists, default to selecting the FIRST available item for consistent automation.
2026-01-19T03:55:24.2502050Z [DEBUG] Sending request to gemini-2.0-flash. Number of parts: 2
2026-01-19T03:55:24.2502535Z [DEBUG] Received response (Length: 182)
2026-01-19T03:55:24.2503242Z     💡 Expert Suggestion: Search bar is likely on the Products page.
2026-01-19T03:55:24.2503793Z     🛠️ Executing corrective action: click -> 'Products'
2026-01-19T03:55:24.8130074Z     ✅ Executed corrective navigation
2026-01-19T03:55:26.8153159Z     🔄 Retry 1/3 mining locators for 'Success! Your details have been submitted successfully.'...
2026-01-19T03:55:27.8674940Z     🧠 Consulting AI (Vision-First) to find 'Success! Your details have been submitted successfully.'...
2026-01-19T03:55:27.8675754Z     🔍 Trying smart selectors for 'Success! Your details have been submitted successfully.'...
2026-01-19T03:55:27.9456654Z     ⚠️ Smart selectors failed (no unique match). Falling back to AI Vision...
2026-01-19T03:55:27.9460096Z     🧠 [EXPERT] Strategy: Act as a Senior SDET focusing on e-commerce flow automation and conversion funnel reliability. Focus on the complete shopping funnel (Search -> Product Selection -> Add to Cart -> Checkout). CRITICAL: Identify SEARCH BARS, magnifying glass icons, and 'Add to Cart' buttons as primary automation targets. Dismiss popups that block the flow. For product lists, default to selecting the FIRST available item for consistent automation.
2026-01-19T03:55:27.9462227Z [CACHE HIT] 01ca642e... (hits: 21, misses: 98)
2026-01-19T03:55:27.9462891Z     ⚠️ Skipping duplicate injection: Products
2026-01-19T03:55:27.9463799Z     🔄 Retry 2/3 mining locators for 'Success! Your details have been submitted successfully.'...
2026-01-19T03:55:28.9476248Z     🗑️ Invalidating stale AI cache (retry 2)...
2026-01-19T03:55:28.9477491Z     ⚠️ Cache invalidation warning: No module named 'core.agents.domain_expert'
2026-01-19T03:55:29.0012112Z     🧠 Consulting AI (Vision-First) to find 'Success! Your details have been submitted successfully.'...
2026-01-19T03:55:29.0012898Z     🔍 Trying smart selectors for 'Success! Your details have been submitted successfully.'...
2026-01-19T03:55:29.0788592Z     ⚠️ Smart selectors failed (no unique match). Falling back to AI Vision...
2026-01-19T03:55:29.0792984Z     🧠 [EXPERT] Strategy: Act as a Senior SDET focusing on e-commerce flow automation and conversion funnel reliability. Focus on the complete shopping funnel (Search -> Product Selection -> Add to Cart -> Checkout). CRITICAL: Identify SEARCH BARS, magnifying glass icons, and 'Add to Cart' buttons as primary automation targets. Dismiss popups that block the flow. For product lists, default to selecting the FIRST available item for consistent automation.
2026-01-19T03:55:29.0797450Z [CACHE HIT] 01ca642e... (hits: 22, misses: 98)
2026-01-19T03:55:29.0798149Z     ⚠️ Skipping duplicate injection: Products
2026-01-19T03:55:29.0798964Z     🧠 Verifying step validity for 'Success! Your details have been submitted successfully.' after no candidates found...
2026-01-19T03:55:30.7351095Z [DEBUG] Sending request to gemini-2.0-flash. Number of parts: 2
2026-01-19T03:55:30.7351681Z [DEBUG] Received response (Length: 251)
2026-01-19T03:55:30.7353327Z     🗑️ Step deemed INVALID: The success message is not visible on the page. The contact form is displayed, but it hasn't been submitted yet. Therefore, the success message won't be present until the form is submitted.. Removing from workflow.
2026-01-19T03:55:30.7354916Z     ⏭️ Skipping execution of invalid step: Success! Your details have been submitted successfully.
2026-01-19T03:55:32.7738972Z 🗂️  All generated tests written to /home/runner/work/build_qa_automation/build_qa_automation/projects/ci_automationexercise_shop/tests/generated_scenarios.json
2026-01-19T03:55:32.7758930Z 🔄 Updated workflow.json with discovered steps and locators.
2026-01-19T03:55:32.7759434Z 
2026-01-19T03:55:32.7759657Z ✅ Deep Exploration Complete.
2026-01-19T03:58:59.5100913Z 
2026-01-19T03:58:59.5101711Z 🚀 [EXECUTE] Starting Automation Execution Engine
2026-01-19T03:58:59.5102312Z 📍 Project: ci_automationexercise_shop
2026-01-19T03:58:59.5102603Z 🎬 Mode: Headless
2026-01-19T03:58:59.5102716Z 
2026-01-19T03:58:59.5102859Z --- Scenario: Search, Add to Cart, and View Cart ---
2026-01-19T03:58:59.5103217Z   ▶️ [STEP step_1] NAVIGATE: Step step_1
2026-01-19T03:58:59.5103506Z     ✅ Step step_1 Passed.
2026-01-19T03:58:59.5103772Z   ▶️ [STEP step_2] ASSERT_URL: Step step_2
2026-01-19T03:58:59.5104055Z     ✅ Step step_2 Passed.
2026-01-19T03:58:59.5104345Z   ▶️ [STEP step_2_ai_1] CLICK: Add to cart
2026-01-19T03:58:59.5104672Z     🎯 Using mined locator: a[data-product-id='1']
2026-01-19T03:58:59.5104989Z     ✅ Step step_2_ai_1 Passed.
2026-01-19T03:58:59.5105343Z     📢 Detected overlay (ins.adsbygoogle). Attempting to dismiss...
2026-01-19T03:58:59.5105746Z   ▶️ [STEP step_2_ai_2] CLICK: Continue Shopping
2026-01-19T03:58:59.5106053Z     🎯 Using mined locator: button
2026-01-19T03:58:59.5106314Z     ✅ Step step_2_ai_2 Passed.
2026-01-19T03:58:59.5106663Z     📢 Detected overlay (ins.adsbygoogle). Attempting to dismiss...
2026-01-19T03:58:59.5107021Z   ▶️ [STEP step_3] CLICK: Products
2026-01-19T03:58:59.5107337Z     🎯 Using mined locator: a:has-text('Products')
2026-01-19T03:58:59.5107641Z     ✅ Step step_3 Passed.
2026-01-19T03:58:59.5107976Z     📢 Detected overlay (ins.adsbygoogle). Attempting to dismiss...
2026-01-19T03:58:59.5108341Z   ▶️ [STEP step_3_ai_1] CLICK: View Cart
2026-01-19T03:58:59.5108670Z     🎯 Using mined locator: role=link[name='View Cart']
2026-01-19T03:58:59.5109100Z     ✅ Step step_3_ai_1 Passed.
2026-01-19T03:58:59.5109656Z   ▶️ [STEP step_3_ai_2] CLICK: Proceed To Checkout
2026-01-19T03:58:59.5110322Z     🎯 Using mined locator: text='Proceed To Checkout'
2026-01-19T03:58:59.5111165Z     ✅ Step step_3_ai_2 Passed.
2026-01-19T03:58:59.5111735Z   ▶️ [STEP step_3_ai_3] CLICK: Register / Login
2026-01-19T03:58:59.5112467Z     🎯 Using mined locator: role=link[name='Register / Login']
2026-01-19T03:58:59.5113118Z     ✅ Step step_3_ai_3 Passed.
2026-01-19T03:58:59.5113547Z   ▶️ [STEP step_3_ai_4] FILL: Name
2026-01-19T03:58:59.5114020Z     🎯 Using mined locator: [name='name']
2026-01-19T03:58:59.5114508Z     ✅ Step step_3_ai_4 Passed.
2026-01-19T03:58:59.5115012Z   ▶️ [STEP step_3_ai_5] FILL: Email Address
2026-01-19T03:58:59.5115552Z     🎯 Using mined locator: input[name='email']
2026-01-19T03:58:59.5116069Z     ✅ Step step_3_ai_5 Passed.
2026-01-19T03:58:59.5116528Z   ▶️ [STEP step_3_ai_6] CLICK: Signup
2026-01-19T03:58:59.5117393Z     🎯 Using mined locator: button
2026-01-19T03:58:59.5117850Z     ✅ Step step_3_ai_6 Passed.
2026-01-19T03:58:59.5118294Z   ▶️ [STEP step_3_ai_7] FILL: Password
2026-01-19T03:58:59.5118837Z     🎯 Using mined locator: input[name='password']
2026-01-19T03:58:59.5119367Z     ✅ Step step_3_ai_7 Passed.
2026-01-19T03:58:59.5120121Z   ▶️ [STEP step_3_ai_8] FILL: Email Address
2026-01-19T03:58:59.5121017Z     🎯 Using mined locator: input[name='email']
2026-01-19T03:58:59.5121493Z     ✅ Step step_3_ai_8 Passed.
2026-01-19T03:58:59.5121767Z   ▶️ [STEP step_3_ai_9] CLICK: Products
2026-01-19T03:58:59.5122116Z     🎯 Using mined locator: role=link[name=' Products']
2026-01-19T03:58:59.5122451Z     ✅ Step step_3_ai_9 Passed.
2026-01-19T03:58:59.5122741Z   ▶️ [STEP step_4] ASSERT_URL: Step step_4
2026-01-19T03:58:59.5123015Z     ✅ Step step_4 Passed.
2026-01-19T03:58:59.5123273Z   ▶️ [STEP step_4_ai_1] CLICK: Products
2026-01-19T03:58:59.5123581Z     🎯 Using mined locator: a[href='/products']
2026-01-19T03:58:59.5123898Z     ✅ Step step_4_ai_1 Passed.
2026-01-19T03:58:59.5124245Z     📢 Detected overlay (ins.adsbygoogle). Attempting to dismiss...
2026-01-19T03:58:59.5124611Z   ▶️ [STEP step_6] CLICK: submit
2026-01-19T03:58:59.5124986Z     ⚠️ Mined locators not found on page. Falling back to semantic search.
2026-01-19T03:58:59.5125560Z     ❌ Attempt 1 failed (element_not_found): Locator.bounding_box: Timeout 30000ms exceeded.
2026-01-19T03:58:59.5125954Z Call log:
2026-01-19T03:58:59.5126142Z   - waiting for locator("text=submit")
2026-01-19T03:58:59.5126377Z ...
2026-01-19T03:58:59.5126653Z     🔧 [AUTO-HEAL] Re-mining page to find 'submit'...
2026-01-19T03:58:59.5127005Z [DEBUG] Sending request to gemini-2.0-flash. Number of parts: 2
2026-01-19T03:58:59.5127353Z [DEBUG] Received response (Length: 828)
2026-01-19T03:58:59.5127710Z     ✨ AI successfully healed the step! Found 4 alternatives.
2026-01-19T03:58:59.5128148Z     ✨ AI successfully healed the step! New selector: a[href='/products']
2026-01-19T03:58:59.5128536Z     ✅ Step step_6 Passed.
2026-01-19T03:58:59.5128812Z   ▶️ [STEP step_6_ai_1] CLICK: Signup
2026-01-19T03:58:59.5129204Z     🎯 Using mined locator: button
2026-01-19T03:58:59.5129474Z     ✅ Step step_6_ai_1 Passed.
2026-01-19T03:58:59.5129827Z     📢 Detected overlay (ins.adsbygoogle). Attempting to dismiss...
2026-01-19T03:58:59.5130199Z   ▶️ [STEP step_6_ai_2] FILL: Name
2026-01-19T03:58:59.5130882Z     ⚠️ Mined locators not found on page. Falling back to semantic search.
2026-01-19T03:58:59.5132021Z     ❌ Attempt 1 failed (element_not_found): Locator.scroll_into_view_if_needed: Timeout 10000ms exceeded.
2026-01-19T03:58:59.5132819Z Call log:
2026-01-19T03:58:59.5133154Z   - waiting for locator("tex...
2026-01-19T03:58:59.5133738Z     🔧 [AUTO-HEAL] Re-mining page to find 'Name'...
2026-01-19T03:58:59.5134207Z [DEBUG] Sending request to gemini-2.0-flash. Number of parts: 2
2026-01-19T03:58:59.5134562Z [DEBUG] Received response (Length: 406)
2026-01-19T03:58:59.5135213Z     ✨ AI successfully healed the step! Found 2 alternatives.
2026-01-19T03:58:59.5135747Z     ✨ AI successfully healed the step! New selector: a[href='/products']
2026-01-19T03:58:59.5136134Z     ✅ Step step_6_ai_2 Passed.
2026-01-19T03:58:59.5138580Z     📢 Detected overlay (ins.adsbygoogle). Attempting to dismiss...
2026-01-19T03:58:59.5139081Z   ▶️ [STEP step_9] CLICK: View Cart
2026-01-19T03:58:59.5139400Z     🎯 Using mined locator: a[href='/view_cart']
2026-01-19T03:58:59.5139708Z     ✅ Step step_9 Passed.
2026-01-19T03:58:59.5140205Z     📢 Detected overlay (ins.adsbygoogle). Attempting to dismiss...
2026-01-19T03:58:59.5141141Z   ▶️ [STEP step_10] ASSERT_URL: Step step_10
2026-01-19T03:58:59.5141549Z     ✅ Step step_10 Passed.
2026-01-19T03:58:59.5141947Z     📢 Detected overlay (ins.adsbygoogle). Attempting to dismiss...
2026-01-19T03:58:59.5142375Z   ▶️ [STEP step_10_ai_1] FILL: Name
2026-01-19T03:58:59.5143032Z     ⚠️ Mined locators not found on page. Falling back to semantic search.
2026-01-19T03:58:59.5144353Z     ❌ Attempt 1 failed (element_not_found): Locator.scroll_into_view_if_needed: Timeout 10000ms exceeded.
2026-01-19T03:58:59.5145197Z Call log:
2026-01-19T03:58:59.5145523Z   - waiting for locator("tex...
2026-01-19T03:58:59.5146142Z     🔧 [AUTO-HEAL] Re-mining page to find 'Name'...
2026-01-19T03:58:59.5146755Z [DEBUG] Sending request to gemini-2.0-flash. Number of parts: 2
2026-01-19T03:58:59.5147109Z [DEBUG] Received response (Length: 862)
2026-01-19T03:58:59.5147479Z     ✨ AI successfully healed the step! Found 4 alternatives.
2026-01-19T03:58:59.5147934Z     ✨ AI successfully healed the step! New selector: a[href='/checkout']
2026-01-19T03:58:59.5148548Z     ❌ Attempt 2 failed (element_not_found): Locator.scroll_into_view_if_needed: Timeout 10000ms exceeded.
2026-01-19T03:58:59.5149191Z Call log:
2026-01-19T03:58:59.5149486Z   - waiting for locator("a[h...
2026-01-19T03:58:59.5149986Z     🔧 [AUTO-HEAL] Re-mining page to find 'Name'...
2026-01-19T03:58:59.5150773Z [DEBUG] Sending request to gemini-2.0-flash. Number of parts: 2
2026-01-19T03:58:59.5151367Z [DEBUG] Received response (Length: 661)
2026-01-19T03:58:59.5151756Z     ✨ AI successfully healed the step! Found 3 alternatives.
2026-01-19T03:58:59.5152520Z     ✨ AI successfully healed the step! New selector: a[href='checkout.html']
2026-01-19T03:58:59.5153607Z     ❌ Attempt 3 failed (element_not_found): Locator.scroll_into_view_if_needed: Timeout 10000ms exceeded.
2026-01-19T03:58:59.5154344Z Call log:
2026-01-19T03:58:59.5154623Z   - waiting for locator("a[h...
2026-01-19T03:58:59.5155161Z     💀 Step step_10_ai_1 failed after all retries.
2026-01-19T03:58:59.5155968Z 🛑 Scenario 'Search, Add to Cart, and View Cart' aborted due to step failure.
2026-01-19T03:58:59.5156465Z 
2026-01-19T03:58:59.5156727Z --- Scenario: Add product from product details page to cart ---
2026-01-19T03:58:59.5157387Z   ▶️ [STEP step_1] NAVIGATE: Step step_1
2026-01-19T03:58:59.5157878Z     ✅ Step step_1 Passed.
2026-01-19T03:58:59.5158463Z     📢 Detected overlay (ins.adsbygoogle). Attempting to dismiss...
2026-01-19T03:58:59.5159160Z   ▶️ [STEP step_2] ASSERT_URL: Step step_2
2026-01-19T03:58:59.5159640Z     ✅ Step step_2 Passed.
2026-01-19T03:58:59.5160218Z     📢 Detected overlay (ins.adsbygoogle). Attempting to dismiss...
2026-01-19T03:58:59.5161060Z   ▶️ [STEP step_2_ai_1] CLICK: Add to cart
2026-01-19T03:58:59.5161626Z     🎯 Using mined locator: a[data-product-id='1']
2026-01-19T03:58:59.5162045Z     ✅ Step step_2_ai_1 Passed.
2026-01-19T03:58:59.5162397Z     📢 Detected overlay (ins.adsbygoogle). Attempting to dismiss...
2026-01-19T03:58:59.5162787Z   ▶️ [STEP step_2_ai_2] CLICK: Continue Shopping
2026-01-19T03:58:59.5163190Z     🎯 Using mined locator: role=button[name='Continue Shopping']
2026-01-19T03:58:59.5163544Z     ✅ Step step_2_ai_2 Passed.
2026-01-19T03:58:59.5163890Z     📢 Detected overlay (ins.adsbygoogle). Attempting to dismiss...
2026-01-19T03:58:59.5164256Z   ▶️ [STEP step_2_ai_3] CLICK: Add to cart
2026-01-19T03:58:59.5164575Z     🎯 Using mined locator: a[data-product-id='2']
2026-01-19T03:58:59.5164885Z     ✅ Step step_2_ai_3 Passed.
2026-01-19T03:58:59.5165221Z     📢 Detected overlay (ins.adsbygoogle). Attempting to dismiss...
2026-01-19T03:58:59.5165573Z   ▶️ [STEP step_2_ai_4] CLICK: View Cart
2026-01-19T03:58:59.5165866Z     🎯 Using mined locator: text='View Cart'
2026-01-19T03:58:59.5166154Z     ✅ Step step_2_ai_4 Passed.
2026-01-19T03:58:59.5166440Z   ▶️ [STEP step_2_ai_5] CLICK: Proceed To Checkout
2026-01-19T03:58:59.5166789Z     🎯 Using mined locator: text='Proceed To Checkout'
2026-01-19T03:58:59.5167091Z     ✅ Step step_2_ai_5 Passed.
2026-01-19T03:58:59.5167368Z   ▶️ [STEP step_2_ai_6] CLICK: Register / Login
2026-01-19T03:58:59.5167681Z     🎯 Using mined locator: a[href='/login']
2026-01-19T03:58:59.5167960Z     ✅ Step step_2_ai_6 Passed.
2026-01-19T03:58:59.5168229Z   ▶️ [STEP step_2_ai_7] CLICK: Continue On Cart
2026-01-19T03:58:59.5168598Z     🎯 Using mined locator: role=button[name='Continue On Cart']
2026-01-19T03:58:59.5169142Z     ✅ Step step_2_ai_7 Passed.
2026-01-19T03:58:59.5169429Z   ▶️ [STEP step_2_ai_8] CLICK: Proceed To Checkout
2026-01-19T03:58:59.5169769Z     🎯 Using mined locator: text='Proceed To Checkout'
2026-01-19T03:58:59.5170076Z     ✅ Step step_2_ai_8 Passed.
2026-01-19T03:58:59.5170345Z   ▶️ [STEP step_2_ai_9] CLICK: Register / Login
2026-01-19T03:58:59.5171073Z     🎯 Using mined locator: role=link[name='Register / Login']
2026-01-19T03:58:59.5171437Z     ✅ Step step_2_ai_9 Passed.
2026-01-19T03:58:59.5171710Z   ▶️ [STEP step_2_ai_10] FILL: Email Address
2026-01-19T03:58:59.5172095Z     🎯 Using mined locator: input[name='email'][data-qa='login-email']
2026-01-19T03:58:59.5172457Z     ✅ Step step_2_ai_10 Passed.
2026-01-19T03:58:59.5172723Z   ▶️ [STEP step_2_ai_11] FILL: Password
2026-01-19T03:58:59.5173052Z     🎯 Using mined locator: [name='password']
2026-01-19T03:58:59.5173340Z     ✅ Step step_2_ai_11 Passed.
2026-01-19T03:58:59.5173596Z   ▶️ [STEP step_2_ai_12] CLICK: Login
2026-01-19T03:58:59.5173926Z     🎯 Using mined locator: role=button[name='Login']
2026-01-19T03:58:59.5174237Z     ✅ Step step_2_ai_12 Passed.
2026-01-19T03:58:59.5174497Z   ▶️ [STEP step_2_ai_13] CLICK: Signup
2026-01-19T03:58:59.5174808Z     🎯 Using mined locator: role=button[name='Signup']
2026-01-19T03:58:59.5175111Z     ✅ Step step_2_ai_13 Passed.
2026-01-19T03:58:59.5175369Z   ▶️ [STEP step_2_ai_14] FILL: Name
2026-01-19T03:58:59.5175656Z     🎯 Using mined locator: input[name='name']
2026-01-19T03:58:59.5175937Z     ✅ Step step_2_ai_14 Passed.
2026-01-19T03:58:59.5176201Z   ▶️ [STEP step_2_ai_15] FILL: Email Address
2026-01-19T03:58:59.5176505Z     🎯 Using mined locator: input[name='email']
2026-01-19T03:58:59.5176793Z     ✅ Step step_2_ai_15 Passed.
2026-01-19T03:58:59.5177042Z   ▶️ [STEP step_2_ai_16] CLICK: Signup
2026-01-19T03:58:59.5177311Z     🎯 Using mined locator: button
2026-01-19T03:58:59.5177569Z     ✅ Step step_2_ai_16 Passed.
2026-01-19T03:59:50.9971572Z   ▶️ [STEP step_2_ai_17] CLICK: Products
2026-01-19T03:59:50.9972250Z     🎯 Using mined locator: a[href='/products']
2026-01-19T03:59:50.9972777Z     ✅ Step step_2_ai_17 Passed.
2026-01-19T03:59:50.9973232Z   ▶️ [STEP step_6] CLICK: View Cart
2026-01-19T03:59:50.9973770Z     🎯 Using mined locator: a[href='/view_cart']
2026-01-19T03:59:50.9974302Z     ✅ Step step_6 Passed.
2026-01-19T03:59:50.9974662Z   ▶️ [STEP step_6_ai_1] CLICK: Products
2026-01-19T03:59:50.9975293Z     🎯 Using mined locator: a[href='/products']
2026-01-19T03:59:50.9975841Z     ✅ Step step_6_ai_1 Passed.
2026-01-19T03:59:50.9976474Z     📢 Detected overlay (ins.adsbygoogle). Attempting to dismiss...
2026-01-19T03:59:50.9977149Z   ▶️ [STEP step_7] ASSERT_URL: Step step_7
2026-01-19T03:59:50.9977638Z     ✅ Step step_7 Passed.
2026-01-19T03:59:50.9978158Z     📢 Detected overlay (ins.adsbygoogle). Attempting to dismiss...
2026-01-19T03:59:50.9978543Z   ▶️ [STEP step_7_ai_1] CLICK: Products
2026-01-19T03:59:50.9978857Z     🎯 Using mined locator: a[href='/products']
2026-01-19T03:59:50.9979180Z     ✅ Step step_7_ai_1 Passed.
2026-01-19T03:59:50.9979629Z ✅ Scenario 'Add product from product details page to cart' completed successfully!
2026-01-19T03:59:50.9979946Z 
2026-01-19T03:59:50.9980082Z --- Scenario: Browse Category and Add to Cart ---
2026-01-19T03:59:50.9980620Z   ▶️ [STEP step_1] NAVIGATE: Step step_1
2026-01-19T03:59:50.9980939Z     ✅ Step step_1 Passed.
2026-01-19T03:59:50.9981291Z     📢 Detected overlay (ins.adsbygoogle). Attempting to dismiss...
2026-01-19T03:59:50.9981676Z   ▶️ [STEP step_2] ASSERT_URL: Step step_2
2026-01-19T03:59:50.9981949Z     ✅ Step step_2 Passed.
2026-01-19T03:59:50.9982281Z     📢 Detected overlay (ins.adsbygoogle). Attempting to dismiss...
2026-01-19T03:59:50.9982647Z   ▶️ [STEP step_2_ai_1] CLICK: Add to cart
2026-01-19T03:59:50.9982969Z     🎯 Using mined locator: a[data-product-id='1']
2026-01-19T03:59:50.9983281Z     ✅ Step step_2_ai_1 Passed.
2026-01-19T03:59:50.9983629Z     📢 Detected overlay (ins.adsbygoogle). Attempting to dismiss...
2026-01-19T03:59:50.9984351Z   ▶️ [STEP step_2_ai_2] CLICK: Continue Shopping
2026-01-19T03:59:50.9984745Z     🎯 Using mined locator: role=button[name='Continue Shopping']
2026-01-19T03:59:50.9985092Z     ✅ Step step_2_ai_2 Passed.
2026-01-19T03:59:50.9985426Z     📢 Detected overlay (ins.adsbygoogle). Attempting to dismiss...
2026-01-19T03:59:50.9985928Z   ▶️ [STEP step_2_ai_3] CLICK: Add to cart
2026-01-19T03:59:50.9986260Z     🎯 Using mined locator: a[data-product-id='2']
2026-01-19T03:59:50.9986570Z     ✅ Step step_2_ai_3 Passed.
2026-01-19T03:59:50.9986902Z     📢 Detected overlay (ins.adsbygoogle). Attempting to dismiss...
2026-01-19T03:59:50.9987269Z   ▶️ [STEP step_2_ai_4] CLICK: View Cart
2026-01-19T03:59:50.9987568Z     🎯 Using mined locator: text='View Cart'
2026-01-19T03:59:50.9987850Z     ✅ Step step_2_ai_4 Passed.
2026-01-19T03:59:50.9988180Z     📢 Detected overlay (ins.adsbygoogle). Attempting to dismiss...
2026-01-19T03:59:50.9988565Z   ▶️ [STEP step_2_ai_5] CLICK: Proceed To Checkout
2026-01-19T03:59:50.9988929Z     🎯 Using mined locator: text='Proceed To Checkout'
2026-01-19T03:59:50.9989239Z     ✅ Step step_2_ai_5 Passed.
2026-01-19T03:59:50.9989572Z     📢 Detected overlay (ins.adsbygoogle). Attempting to dismiss...
2026-01-19T03:59:50.9989946Z   ▶️ [STEP step_2_ai_6] CLICK: Register / Login
2026-01-19T03:59:50.9990315Z     🎯 Using mined locator: role=link[name='Register / Login']
2026-01-19T03:59:50.9990858Z     ✅ Step step_2_ai_6 Passed.
2026-01-19T03:59:50.9991124Z   ▶️ [STEP step_2_ai_7] NAVIGATE: Products
2026-01-19T03:59:50.9991653Z     ❌ Attempt 1 failed (unknown): Page.goto: Protocol error (Page.navigate): Cannot navigate to invalid URL
2026-01-19T03:59:50.9992107Z Call log:
2026-01-19T03:59:50.9992274Z   - navigating t...
2026-01-19T03:59:50.9992561Z     🔧 [AUTO-HEAL] Re-mining page to find 'Products'...
2026-01-19T03:59:50.9992927Z [DEBUG] Sending request to gemini-2.0-flash. Number of parts: 2
2026-01-19T03:59:50.9993263Z [DEBUG] Received response (Length: 603)
2026-01-19T03:59:50.9993620Z     ✨ AI successfully healed the step! Found 3 alternatives.
2026-01-19T03:59:50.9994084Z     ✨ AI successfully healed the step! New selector: a[href='products.php']
2026-01-19T03:59:50.9994711Z     ❌ Attempt 2 failed (unknown): Page.goto: Protocol error (Page.navigate): Cannot navigate to invalid URL
2026-01-19T03:59:50.9995149Z Call log:
2026-01-19T03:59:50.9995324Z   - navigating t...
2026-01-19T03:59:50.9995603Z     🔧 [AUTO-HEAL] Re-mining page to find 'Products'...
2026-01-19T03:59:50.9995904Z [CACHE HIT] a547e65a... (hits: 1, misses: 5)
2026-01-19T03:59:50.9996255Z     ✨ AI successfully healed the step! Found 3 alternatives.
2026-01-19T03:59:50.9996708Z     ✨ AI successfully healed the step! New selector: a[href='products.php']
2026-01-19T03:59:50.9997322Z     ❌ Attempt 3 failed (unknown): Page.goto: Protocol error (Page.navigate): Cannot navigate to invalid URL
2026-01-19T03:59:50.9997763Z Call log:
2026-01-19T03:59:50.9997921Z   - navigating t...
2026-01-19T03:59:50.9998177Z     💀 Step step_2_ai_7 failed after all retries.
2026-01-19T03:59:50.9998610Z 🛑 Scenario 'Browse Category and Add to Cart' aborted due to step failure.
2026-01-19T03:59:50.9998884Z 
2026-01-19T03:59:50.9998993Z --- Scenario: Contact Us Form Submission ---
2026-01-19T03:59:50.9999305Z   ▶️ [STEP step_1] NAVIGATE: Step step_1
2026-01-19T03:59:50.9999584Z     ✅ Step step_1 Passed.
2026-01-19T03:59:50.9999925Z     📢 Detected overlay (ins.adsbygoogle). Attempting to dismiss...
2026-01-19T03:59:51.0000301Z   ▶️ [STEP step_2] ASSERT_URL: Step step_2
2026-01-19T03:59:51.0001721Z     ✅ Step step_2 Passed.
2026-01-19T03:59:51.0002300Z     📢 Detected overlay (ins.adsbygoogle). Attempting to dismiss...
2026-01-19T03:59:51.0002923Z   ▶️ [STEP step_3] CLICK: Contact us
2026-01-19T03:59:51.0003420Z     🎯 Using mined locator: text='Contact us'
2026-01-19T03:59:51.0003766Z     ✅ Step step_3 Passed.
2026-01-19T03:59:51.0004110Z     📢 Detected overlay (ins.adsbygoogle). Attempting to dismiss...
2026-01-19T03:59:51.0004582Z   ▶️ [STEP step_3_ai_1] NAVIGATE: Products
2026-01-19T03:59:51.0005523Z     ❌ Attempt 1 failed (unknown): Page.goto: Protocol error (Page.navigate): Cannot navigate to invalid URL
2026-01-19T03:59:51.0005983Z Call log:
2026-01-19T03:59:51.0006145Z   - navigating t...
2026-01-19T03:59:51.0006437Z     🔧 [AUTO-HEAL] Re-mining page to find 'Products'...
2026-01-19T03:59:51.0006934Z [DEBUG] Sending request to gemini-2.0-flash. Number of parts: 2
2026-01-19T03:59:51.0007275Z [DEBUG] Received response (Length: 503)
2026-01-19T03:59:51.0007635Z     ✨ AI successfully healed the step! Found 2 alternatives.
2026-01-19T03:59:51.0008091Z     ✨ AI successfully healed the step! New selector: a[href='Products.html']
2026-01-19T03:59:51.0008723Z     ❌ Attempt 2 failed (unknown): Page.goto: Protocol error (Page.navigate): Cannot navigate to invalid URL
2026-01-19T03:59:51.0009168Z Call log:
2026-01-19T03:59:51.0009331Z   - navigating t...
2026-01-19T03:59:51.0009604Z     🔧 [AUTO-HEAL] Re-mining page to find 'Products'...
2026-01-19T03:59:51.0009916Z [CACHE HIT] bf0cc490... (hits: 2, misses: 6)
2026-01-19T03:59:51.0010273Z     ✨ AI successfully healed the step! Found 2 alternatives.
2026-01-19T03:59:51.0010967Z     ✨ AI successfully healed the step! New selector: a[href='Products.html']
2026-01-19T03:59:51.0011597Z     ❌ Attempt 3 failed (unknown): Page.goto: Protocol error (Page.navigate): Cannot navigate to invalid URL
2026-01-19T03:59:51.0012038Z Call log:
2026-01-19T03:59:51.0012198Z   - navigating t...
2026-01-19T03:59:51.0012457Z     💀 Step step_3_ai_1 failed after all retries.
2026-01-19T03:59:51.0012871Z 🛑 Scenario 'Contact Us Form Submission' aborted due to step failure.
2026-01-19T03:59:51.0013139Z 
2026-01-19T03:59:51.0013350Z ============================================================
2026-01-19T03:59:51.0013755Z 🎯 EXECUTION SUMMARY
2026-01-19T03:59:51.0013972Z ============================================================
2026-01-19T03:59:51.0014151Z 
2026-01-19T03:59:51.0014257Z 📋 Scenario Overview:
2026-01-19T03:59:51.0014495Z    • Total Scenarios Planned: 4
2026-01-19T03:59:51.0014767Z    • Scenarios Executed: 4
2026-01-19T03:59:51.0015018Z    • Total Steps Executed: 58
2026-01-19T03:59:51.0015162Z 
2026-01-19T03:59:51.0015253Z ✅ Results:
2026-01-19T03:59:51.0015443Z    ✅ Passed: 1 (25%)
2026-01-19T03:59:51.0015659Z    ❌ Failed: 3 (75%)
2026-01-19T03:59:51.0015774Z 
2026-01-19T03:59:51.0015887Z ⚠️  Failed Scenarios:
2026-01-19T03:59:51.0016130Z    • Search, Add to Cart, and View Cart
2026-01-19T03:59:51.0016410Z    • Browse Category and Add to Cart
2026-01-19T03:59:51.0016682Z    • Contact Us Form Submission
2026-01-19T03:59:51.0016829Z 
2026-01-19T03:59:51.0016966Z ============================================================
2026-01-19T03:59:51.0017268Z 
2026-01-19T03:59:51.0017800Z 🏁 Execution Finished. Report: /home/runner/work/build_qa_automation/build_qa_automation/projects/ci_automationexercise_shop/execution.json
2026-01-19T03:59:51.1430954Z 
2026-01-19T03:59:51.1431405Z [PHASE] Running Phase: DISCOVERY
2026-01-19T03:59:51.1433677Z    Command: /opt/hostedtoolcache/Python/3.11.14/x64/bin/python /home/runner/work/build_qa_automation/build_qa_automation/core/agents/discovery.py --project /home/runner/work/build_qa_automation/build_qa_automation/projects/ci_automationexercise_shop --url https://www.automationexercise.com/ --deep
2026-01-19T03:59:51.1435606Z ✅ Phase 'discovery' completed successfully.
2026-01-19T03:59:51.1435832Z 
2026-01-19T03:59:51.1435935Z [PHASE] Running Phase: PLANNING
2026-01-19T03:59:51.1437349Z    Command: /opt/hostedtoolcache/Python/3.11.14/x64/bin/python /home/runner/work/build_qa_automation/build_qa_automation/core/agents/planner.py --project /home/runner/work/build_qa_automation/build_qa_automation/projects/ci_automationexercise_shop --goal Explore shopping features and cart --url https://www.automationexercise.com/ --deep
2026-01-19T03:59:51.1438824Z ✅ Phase 'planning' completed successfully.
2026-01-19T03:59:51.1439033Z 
2026-01-19T03:59:51.1439127Z [PHASE] Running Phase: EXPLORATION
2026-01-19T03:59:51.1440336Z    Command: /opt/hostedtoolcache/Python/3.11.14/x64/bin/python /home/runner/work/build_qa_automation/build_qa_automation/core/agents/deep_explorer.py --project /home/runner/work/build_qa_automation/build_qa_automation/projects/ci_automationexercise_shop
2026-01-19T03:59:51.1441744Z ✅ Phase 'exploration' completed successfully.
2026-01-19T03:59:51.1442142Z 📊 Exploration Discovery Success Rate: 87.3%
2026-01-19T03:59:51.1442350Z 
2026-01-19T03:59:51.1442445Z [PHASE] Running Phase: EXECUTION
2026-01-19T03:59:51.1443485Z    Command: /opt/hostedtoolcache/Python/3.11.14/x64/bin/python /home/runner/work/build_qa_automation/build_qa_automation/core/agents/executor.py --project /home/runner/work/build_qa_automation/build_qa_automation/projects/ci_automationexercise_shop
2026-01-19T03:59:51.1444644Z ✅ Phase 'execution' completed successfully.
2026-01-19T03:59:51.1444843Z 
2026-01-19T03:59:51.1444952Z [DONE] Pipeline Execution Finished! [DONE]
2026-01-19T03:59:51.2678092Z ##[group]Run RESULT_FILE="projects/ci_automationexercise_shop/execution.json"
2026-01-19T03:59:51.2678664Z [36;1mRESULT_FILE="projects/ci_automationexercise_shop/execution.json"[0m
2026-01-19T03:59:51.2679046Z [36;1mif [ -f "$RESULT_FILE" ]; then[0m
2026-01-19T03:59:51.2679387Z [36;1m  echo "✅ Results generated successfully: $RESULT_FILE"[0m
2026-01-19T03:59:51.2679847Z [36;1m  cat "$RESULT_FILE" | jq '.scenarios | length' || echo "Result file exists"[0m
2026-01-19T03:59:51.2680228Z [36;1melse[0m
2026-01-19T03:59:51.2680694Z [36;1m  echo "❌ No result file found at $RESULT_FILE"[0m
2026-01-19T03:59:51.2680983Z [36;1m  exit 1[0m
2026-01-19T03:59:51.2681166Z [36;1mfi[0m
2026-01-19T03:59:51.2713098Z shell: /usr/bin/bash -e {0}
2026-01-19T03:59:51.2713324Z env:
2026-01-19T03:59:51.2713578Z   pythonLocation: /opt/hostedtoolcache/Python/3.11.14/x64
2026-01-19T03:59:51.2714001Z   PKG_CONFIG_PATH: /opt/hostedtoolcache/Python/3.11.14/x64/lib/pkgconfig
2026-01-19T03:59:51.2714482Z   Python_ROOT_DIR: /opt/hostedtoolcache/Python/3.11.14/x64
2026-01-19T03:59:51.2714853Z   Python2_ROOT_DIR: /opt/hostedtoolcache/Python/3.11.14/x64
2026-01-19T03:59:51.2715213Z   Python3_ROOT_DIR: /opt/hostedtoolcache/Python/3.11.14/x64
2026-01-19T03:59:51.2715575Z   LD_LIBRARY_PATH: /opt/hostedtoolcache/Python/3.11.14/x64/lib
2026-01-19T03:59:51.2715875Z ##[endgroup]
2026-01-19T03:59:51.2767717Z ✅ Results generated successfully: projects/ci_automationexercise_shop/execution.json
2026-01-19T03:59:51.2795653Z 4
2026-01-19T03:59:51.3029716Z ##[group]Run actions/upload-artifact@v4
2026-01-19T03:59:51.3030043Z with:
2026-01-19T03:59:51.3030285Z   name: automationexercise_shop-execution-results
2026-01-19T03:59:51.3031171Z   path: projects/ci_automationexercise_shop/execution.json
projects/ci_automationexercise_shop/workflow.json

2026-01-19T03:59:51.3032049Z   retention-days: 30
2026-01-19T03:59:51.3032331Z   if-no-files-found: warn
2026-01-19T03:59:51.3032579Z   compression-level: 6
2026-01-19T03:59:51.3032790Z   overwrite: false
2026-01-19T03:59:51.3033000Z   include-hidden-files: false
2026-01-19T03:59:51.3033255Z env:
2026-01-19T03:59:51.3033504Z   pythonLocation: /opt/hostedtoolcache/Python/3.11.14/x64
2026-01-19T03:59:51.3033936Z   PKG_CONFIG_PATH: /opt/hostedtoolcache/Python/3.11.14/x64/lib/pkgconfig
2026-01-19T03:59:51.3034340Z   Python_ROOT_DIR: /opt/hostedtoolcache/Python/3.11.14/x64
2026-01-19T03:59:51.3034709Z   Python2_ROOT_DIR: /opt/hostedtoolcache/Python/3.11.14/x64
2026-01-19T03:59:51.3035107Z   Python3_ROOT_DIR: /opt/hostedtoolcache/Python/3.11.14/x64
2026-01-19T03:59:51.3035479Z   LD_LIBRARY_PATH: /opt/hostedtoolcache/Python/3.11.14/x64/lib
2026-01-19T03:59:51.3035783Z ##[endgroup]
2026-01-19T03:59:51.5313419Z Multiple search paths detected. Calculating the least common ancestor of all paths
2026-01-19T03:59:51.5318278Z The least common ancestor is /home/runner/work/build_qa_automation/build_qa_automation/projects/ci_automationexercise_shop. This will be the root directory of the artifact
2026-01-19T03:59:51.5319714Z With the provided path, there will be 2 files uploaded
2026-01-19T03:59:51.5325386Z Artifact name is valid!
2026-01-19T03:59:51.5327067Z Root directory input is valid!
2026-01-19T03:59:51.8024532Z Beginning upload of artifact content to blob storage
2026-01-19T03:59:52.1149768Z Uploaded bytes 3594
2026-01-19T03:59:52.1948772Z Finished uploading artifact content to blob storage!
2026-01-19T03:59:52.1952123Z SHA256 digest of uploaded artifact zip is bfeb1ad5ff57176202d7effca295778da3e99c9a2977f96a49ac92132bde5e0f
2026-01-19T03:59:52.1954836Z Finalizing artifact upload
2026-01-19T03:59:52.3778410Z Artifact automationexercise_shop-execution-results.zip successfully finalized. Artifact ID 5172275991
2026-01-19T03:59:52.3780654Z Artifact automationexercise_shop-execution-results has been successfully uploaded! Final size is 3594 bytes. Artifact ID is 5172275991
2026-01-19T03:59:52.3788416Z Artifact download URL: https://github.com/vishvasmca-cmd/build_qa_automation/actions/runs/21124435194/artifacts/5172275991
2026-01-19T03:59:52.4113513Z Post job cleanup.
2026-01-19T03:59:52.5636296Z Cache hit occurred on the primary key setup-python-Linux-x64-24.04-Ubuntu-python-3.11.14-pip-dde08d0e0b672972dcda9f1a063036a2e0c226f5d0a20362e9401931676d80a4, not saving cache.
2026-01-19T03:59:52.6071013Z Post job cleanup.
2026-01-19T03:59:52.7084340Z [command]/usr/bin/git version
2026-01-19T03:59:52.7125915Z git version 2.52.0
2026-01-19T03:59:52.7171771Z Temporarily overriding HOME='/home/runner/work/_temp/fbad3d5d-36cf-4f96-8b00-340fb465d7b9' before making global git config changes
2026-01-19T03:59:52.7173203Z Adding repository directory to the temporary git global config as a safe directory
2026-01-19T03:59:52.7179060Z [command]/usr/bin/git config --global --add safe.directory /home/runner/work/build_qa_automation/build_qa_automation
2026-01-19T03:59:52.7218866Z [command]/usr/bin/git config --local --name-only --get-regexp core\.sshCommand
2026-01-19T03:59:52.7255010Z [command]/usr/bin/git submodule foreach --recursive sh -c "git config --local --name-only --get-regexp 'core\.sshCommand' && git config --local --unset-all 'core.sshCommand' || :"
2026-01-19T03:59:52.7509842Z [command]/usr/bin/git config --local --name-only --get-regexp http\.https\:\/\/github\.com\/\.extraheader
2026-01-19T03:59:52.7531983Z http.https://github.com/.extraheader
2026-01-19T03:59:52.7549419Z [command]/usr/bin/git config --local --unset-all http.https://github.com/.extraheader
2026-01-19T03:59:52.7586026Z [command]/usr/bin/git submodule foreach --recursive sh -c "git config --local --name-only --get-regexp 'http\.https\:\/\/github\.com\/\.extraheader' && git config --local --unset-all 'http.https://github.com/.extraheader' || :"
2026-01-19T03:59:52.7836905Z [command]/usr/bin/git config --local --name-only --get-regexp ^includeIf\.gitdir:
2026-01-19T03:59:52.7873766Z [command]/usr/bin/git submodule foreach --recursive git config --local --show-origin --name-only --get-regexp remote.origin.url
2026-01-19T03:59:52.8247651Z Cleaning up orphan processes
