2026-01-18T18:53:16.6003803Z Current runner version: '2.331.0'
2026-01-18T18:53:16.6028082Z ##[group]Runner Image Provisioner
2026-01-18T18:53:16.6028890Z Hosted Compute Agent
2026-01-18T18:53:16.6029957Z Version: 20251211.462
2026-01-18T18:53:16.6030544Z Commit: 6cbad8c2bb55d58165063d031ccabf57e2d2db61
2026-01-18T18:53:16.6031287Z Build Date: 2025-12-11T16:28:49Z
2026-01-18T18:53:16.6032012Z Worker ID: {387eb3e4-634c-4a87-a64b-9a04cbe34242}
2026-01-18T18:53:16.6032668Z ##[endgroup]
2026-01-18T18:53:16.6033192Z ##[group]Operating System
2026-01-18T18:53:16.6033744Z Ubuntu
2026-01-18T18:53:16.6034224Z 24.04.3
2026-01-18T18:53:16.6034707Z LTS
2026-01-18T18:53:16.6035155Z ##[endgroup]
2026-01-18T18:53:16.6035661Z ##[group]Runner Image
2026-01-18T18:53:16.6036160Z Image: ubuntu-24.04
2026-01-18T18:53:16.6036706Z Version: 20260111.209.1
2026-01-18T18:53:16.6037729Z Included Software: https://github.com/actions/runner-images/blob/ubuntu24/20260111.209/images/ubuntu/Ubuntu2404-Readme.md
2026-01-18T18:53:16.6039562Z Image Release: https://github.com/actions/runner-images/releases/tag/ubuntu24%2F20260111.209
2026-01-18T18:53:16.6040587Z ##[endgroup]
2026-01-18T18:53:16.6041729Z ##[group]GITHUB_TOKEN Permissions
2026-01-18T18:53:16.6043559Z Contents: read
2026-01-18T18:53:16.6044111Z Metadata: read
2026-01-18T18:53:16.6045109Z Packages: read
2026-01-18T18:53:16.6045591Z ##[endgroup]
2026-01-18T18:53:16.6047978Z Secret source: Actions
2026-01-18T18:53:16.6049188Z Prepare workflow directory
2026-01-18T18:53:16.6371635Z Prepare all required actions
2026-01-18T18:53:16.6411767Z Getting action download info
2026-01-18T18:53:16.9493299Z Download action repository 'actions/checkout@v4' (SHA:34e114876b0b11c390a56381ad16ebd13914f8d5)
2026-01-18T18:53:17.0640426Z Download action repository 'actions/setup-python@v5' (SHA:a26af69be951a213d495a4c3e4e4022e16d87065)
2026-01-18T18:53:17.1480279Z Download action repository 'actions/upload-artifact@v4' (SHA:ea165f8d65b6e75b540449e92b4886f43607fa02)
2026-01-18T18:53:17.3659603Z Complete job name: test-websites-deep (globalsqa_bank, https://www.globalsqa.com/angularJs-protractor/BankingProject...
2026-01-18T18:53:17.4363076Z ##[group]Run actions/checkout@v4
2026-01-18T18:53:17.4363909Z with:
2026-01-18T18:53:17.4364369Z   repository: vishvasmca-cmd/build_qa_automation
2026-01-18T18:53:17.4365104Z   token: ***
2026-01-18T18:53:17.4365492Z   ssh-strict: true
2026-01-18T18:53:17.4365880Z   ssh-user: git
2026-01-18T18:53:17.4366278Z   persist-credentials: true
2026-01-18T18:53:17.4366724Z   clean: true
2026-01-18T18:53:17.4367116Z   sparse-checkout-cone-mode: true
2026-01-18T18:53:17.4367590Z   fetch-depth: 1
2026-01-18T18:53:17.4367978Z   fetch-tags: false
2026-01-18T18:53:17.4368380Z   show-progress: true
2026-01-18T18:53:17.4368791Z   lfs: false
2026-01-18T18:53:17.4369380Z   submodules: false
2026-01-18T18:53:17.4369790Z   set-safe-directory: true
2026-01-18T18:53:17.4370477Z ##[endgroup]
2026-01-18T18:53:17.5426335Z Syncing repository: vishvasmca-cmd/build_qa_automation
2026-01-18T18:53:17.5428160Z ##[group]Getting Git version info
2026-01-18T18:53:17.5429281Z Working directory is '/home/runner/work/build_qa_automation/build_qa_automation'
2026-01-18T18:53:17.5430463Z [command]/usr/bin/git version
2026-01-18T18:53:17.5534875Z git version 2.52.0
2026-01-18T18:53:17.5560742Z ##[endgroup]
2026-01-18T18:53:17.5582240Z Temporarily overriding HOME='/home/runner/work/_temp/025dc006-01b9-410a-aa53-ef730b39c3a3' before making global git config changes
2026-01-18T18:53:17.5583604Z Adding repository directory to the temporary git global config as a safe directory
2026-01-18T18:53:17.5587455Z [command]/usr/bin/git config --global --add safe.directory /home/runner/work/build_qa_automation/build_qa_automation
2026-01-18T18:53:17.5629164Z Deleting the contents of '/home/runner/work/build_qa_automation/build_qa_automation'
2026-01-18T18:53:17.5632548Z ##[group]Initializing the repository
2026-01-18T18:53:17.5636425Z [command]/usr/bin/git init /home/runner/work/build_qa_automation/build_qa_automation
2026-01-18T18:53:17.5787959Z hint: Using 'master' as the name for the initial branch. This default branch name
2026-01-18T18:53:17.5790013Z hint: will change to "main" in Git 3.0. To configure the initial branch name
2026-01-18T18:53:17.5790940Z hint: to use in all of your new repositories, which will suppress this warning,
2026-01-18T18:53:17.5792003Z hint: call:
2026-01-18T18:53:17.5792661Z hint:
2026-01-18T18:53:17.5793171Z hint: 	git config --global init.defaultBranch <name>
2026-01-18T18:53:17.5793907Z hint:
2026-01-18T18:53:17.5794919Z hint: Names commonly chosen instead of 'master' are 'main', 'trunk' and
2026-01-18T18:53:17.5796522Z hint: 'development'. The just-created branch can be renamed via this command:
2026-01-18T18:53:17.5797773Z hint:
2026-01-18T18:53:17.5798442Z hint: 	git branch -m <name>
2026-01-18T18:53:17.5799456Z hint:
2026-01-18T18:53:17.5800519Z hint: Disable this message with "git config set advice.defaultBranchName false"
2026-01-18T18:53:17.5802406Z Initialized empty Git repository in /home/runner/work/build_qa_automation/build_qa_automation/.git/
2026-01-18T18:53:17.5808093Z [command]/usr/bin/git remote add origin https://github.com/vishvasmca-cmd/build_qa_automation
2026-01-18T18:53:17.5846192Z ##[endgroup]
2026-01-18T18:53:17.5847420Z ##[group]Disabling automatic garbage collection
2026-01-18T18:53:17.5850958Z [command]/usr/bin/git config --local gc.auto 0
2026-01-18T18:53:17.5882214Z ##[endgroup]
2026-01-18T18:53:17.5883336Z ##[group]Setting up auth
2026-01-18T18:53:17.5888704Z [command]/usr/bin/git config --local --name-only --get-regexp core\.sshCommand
2026-01-18T18:53:17.5921736Z [command]/usr/bin/git submodule foreach --recursive sh -c "git config --local --name-only --get-regexp 'core\.sshCommand' && git config --local --unset-all 'core.sshCommand' || :"
2026-01-18T18:53:17.6349365Z [command]/usr/bin/git config --local --name-only --get-regexp http\.https\:\/\/github\.com\/\.extraheader
2026-01-18T18:53:17.6384722Z [command]/usr/bin/git submodule foreach --recursive sh -c "git config --local --name-only --get-regexp 'http\.https\:\/\/github\.com\/\.extraheader' && git config --local --unset-all 'http.https://github.com/.extraheader' || :"
2026-01-18T18:53:17.6613076Z [command]/usr/bin/git config --local --name-only --get-regexp ^includeIf\.gitdir:
2026-01-18T18:53:17.6643659Z [command]/usr/bin/git submodule foreach --recursive git config --local --show-origin --name-only --get-regexp remote.origin.url
2026-01-18T18:53:17.6881655Z [command]/usr/bin/git config --local http.https://github.com/.extraheader AUTHORIZATION: basic ***
2026-01-18T18:53:17.6915775Z ##[endgroup]
2026-01-18T18:53:17.6917018Z ##[group]Fetching the repository
2026-01-18T18:53:17.6925368Z [command]/usr/bin/git -c protocol.version=2 fetch --no-tags --prune --no-recurse-submodules --depth=1 origin +c9fb31d387d3134fb416430b3b3a9e89b3921439:refs/remotes/origin/main
2026-01-18T18:53:18.3710784Z From https://github.com/vishvasmca-cmd/build_qa_automation
2026-01-18T18:53:18.3712800Z  * [new ref]         c9fb31d387d3134fb416430b3b3a9e89b3921439 -> origin/main
2026-01-18T18:53:18.3751088Z ##[endgroup]
2026-01-18T18:53:18.3752522Z ##[group]Determining the checkout info
2026-01-18T18:53:18.3754039Z ##[endgroup]
2026-01-18T18:53:18.3758845Z [command]/usr/bin/git sparse-checkout disable
2026-01-18T18:53:18.3808576Z [command]/usr/bin/git config --local --unset-all extensions.worktreeConfig
2026-01-18T18:53:18.3837680Z ##[group]Checking out the ref
2026-01-18T18:53:18.3841991Z [command]/usr/bin/git checkout --progress --force -B main refs/remotes/origin/main
2026-01-18T18:53:18.4774921Z Switched to a new branch 'main'
2026-01-18T18:53:18.4776621Z branch 'main' set up to track 'origin/main'.
2026-01-18T18:53:18.4791184Z ##[endgroup]
2026-01-18T18:53:18.4827452Z [command]/usr/bin/git log -1 --format=%H
2026-01-18T18:53:18.4849232Z c9fb31d387d3134fb416430b3b3a9e89b3921439
2026-01-18T18:53:18.5158625Z ##[group]Run actions/setup-python@v5
2026-01-18T18:53:18.5159920Z with:
2026-01-18T18:53:18.5160745Z   python-version: 3.11
2026-01-18T18:53:18.5161663Z   cache: pip
2026-01-18T18:53:18.5162715Z   check-latest: false
2026-01-18T18:53:18.5163920Z   token: ***
2026-01-18T18:53:18.5164784Z   update-environment: true
2026-01-18T18:53:18.5165812Z   allow-prereleases: false
2026-01-18T18:53:18.5166787Z   freethreaded: false
2026-01-18T18:53:18.5167688Z ##[endgroup]
2026-01-18T18:53:18.6840859Z ##[group]Installed versions
2026-01-18T18:53:18.6958088Z Successfully set up CPython (3.11.14)
2026-01-18T18:53:18.6960058Z ##[endgroup]
2026-01-18T18:53:18.7423790Z [command]/opt/hostedtoolcache/Python/3.11.14/x64/bin/pip cache dir
2026-01-18T18:53:19.1044005Z /home/runner/.cache/pip
2026-01-18T18:53:19.2047436Z Cache hit for: setup-python-Linux-x64-24.04-Ubuntu-python-3.11.14-pip-dde08d0e0b672972dcda9f1a063036a2e0c226f5d0a20362e9401931676d80a4
2026-01-18T18:53:20.2557971Z Received 222298112 of 254742636 (87.3%), 212.0 MBs/sec
2026-01-18T18:53:20.3961400Z Received 254742636 of 254742636 (100.0%), 213.1 MBs/sec
2026-01-18T18:53:20.3963017Z Cache Size: ~243 MB (254742636 B)
2026-01-18T18:53:20.4027794Z [command]/usr/bin/tar -xf /home/runner/work/_temp/f6b024d8-8924-43c6-9bf0-4601e16ff80a/cache.tzst -P -C /home/runner/work/build_qa_automation/build_qa_automation --use-compress-program unzstd
2026-01-18T18:53:20.7856007Z Cache restored successfully
2026-01-18T18:53:20.8364446Z Cache restored from key: setup-python-Linux-x64-24.04-Ubuntu-python-3.11.14-pip-dde08d0e0b672972dcda9f1a063036a2e0c226f5d0a20362e9401931676d80a4
2026-01-18T18:53:20.8603541Z ##[group]Run pip install -r requirements.txt
2026-01-18T18:53:20.8603991Z [36;1mpip install -r requirements.txt[0m
2026-01-18T18:53:20.8604299Z [36;1mplaywright install chromium[0m
2026-01-18T18:53:20.8643318Z shell: /usr/bin/bash -e {0}
2026-01-18T18:53:20.8643598Z env:
2026-01-18T18:53:20.8643868Z   pythonLocation: /opt/hostedtoolcache/Python/3.11.14/x64
2026-01-18T18:53:20.8644320Z   PKG_CONFIG_PATH: /opt/hostedtoolcache/Python/3.11.14/x64/lib/pkgconfig
2026-01-18T18:53:20.8644749Z   Python_ROOT_DIR: /opt/hostedtoolcache/Python/3.11.14/x64
2026-01-18T18:53:20.8645137Z   Python2_ROOT_DIR: /opt/hostedtoolcache/Python/3.11.14/x64
2026-01-18T18:53:20.8645518Z   Python3_ROOT_DIR: /opt/hostedtoolcache/Python/3.11.14/x64
2026-01-18T18:53:20.8645899Z   LD_LIBRARY_PATH: /opt/hostedtoolcache/Python/3.11.14/x64/lib
2026-01-18T18:53:20.8646202Z ##[endgroup]
2026-01-18T18:53:21.6263777Z Collecting playwright (from -r requirements.txt (line 1))
2026-01-18T18:53:21.6279290Z   Using cached playwright-1.57.0-py3-none-manylinux1_x86_64.whl.metadata (3.5 kB)
2026-01-18T18:53:21.6471390Z Collecting python-dotenv (from -r requirements.txt (line 2))
2026-01-18T18:53:21.6485599Z   Using cached python_dotenv-1.2.1-py3-none-any.whl.metadata (25 kB)
2026-01-18T18:53:21.6799688Z Collecting requests (from -r requirements.txt (line 3))
2026-01-18T18:53:21.6813963Z   Using cached requests-2.32.5-py3-none-any.whl.metadata (4.9 kB)
2026-01-18T18:53:21.8487796Z Collecting pillow (from -r requirements.txt (line 4))
2026-01-18T18:53:21.8505098Z   Using cached pillow-12.1.0-cp311-cp311-manylinux_2_27_x86_64.manylinux_2_28_x86_64.whl.metadata (8.8 kB)
2026-01-18T18:53:21.8781655Z Collecting google-genai>=0.3.0 (from -r requirements.txt (line 5))
2026-01-18T18:53:21.8795149Z   Using cached google_genai-1.59.0-py3-none-any.whl.metadata (53 kB)
2026-01-18T18:53:21.8989910Z Collecting termcolor (from -r requirements.txt (line 6))
2026-01-18T18:53:21.9003488Z   Using cached termcolor-3.3.0-py3-none-any.whl.metadata (6.5 kB)
2026-01-18T18:53:21.9384344Z Collecting PyYAML (from -r requirements.txt (line 7))
2026-01-18T18:53:21.9399961Z   Using cached pyyaml-6.0.3-cp311-cp311-manylinux2014_x86_64.manylinux_2_17_x86_64.manylinux_2_28_x86_64.whl.metadata (2.4 kB)
2026-01-18T18:53:21.9975469Z Collecting opencv-python-headless (from -r requirements.txt (line 8))
2026-01-18T18:53:21.9990453Z   Using cached opencv_python_headless-4.13.0.90-cp37-abi3-manylinux_2_28_x86_64.whl.metadata (19 kB)
2026-01-18T18:53:22.1986521Z Collecting numpy (from -r requirements.txt (line 9))
2026-01-18T18:53:22.2002199Z   Using cached numpy-2.4.1-cp311-cp311-manylinux_2_27_x86_64.manylinux_2_28_x86_64.whl.metadata (6.6 kB)
2026-01-18T18:53:22.2795849Z Collecting faker (from -r requirements.txt (line 10))
2026-01-18T18:53:22.2810673Z   Using cached faker-40.1.2-py3-none-any.whl.metadata (16 kB)
2026-01-18T18:53:22.2992279Z Collecting pyee<14,>=13 (from playwright->-r requirements.txt (line 1))
2026-01-18T18:53:22.3005754Z   Using cached pyee-13.0.0-py3-none-any.whl.metadata (2.9 kB)
2026-01-18T18:53:22.4329751Z Collecting greenlet<4.0.0,>=3.1.1 (from playwright->-r requirements.txt (line 1))
2026-01-18T18:53:22.4344557Z   Using cached greenlet-3.3.0-cp311-cp311-manylinux_2_24_x86_64.manylinux_2_28_x86_64.whl.metadata (4.1 kB)
2026-01-18T18:53:22.4562757Z Collecting typing-extensions (from pyee<14,>=13->playwright->-r requirements.txt (line 1))
2026-01-18T18:53:22.4576731Z   Using cached typing_extensions-4.15.0-py3-none-any.whl.metadata (3.3 kB)
2026-01-18T18:53:22.5412603Z Collecting charset_normalizer<4,>=2 (from requests->-r requirements.txt (line 3))
2026-01-18T18:53:22.5427148Z   Using cached charset_normalizer-3.4.4-cp311-cp311-manylinux2014_x86_64.manylinux_2_17_x86_64.manylinux_2_28_x86_64.whl.metadata (37 kB)
2026-01-18T18:53:22.5608319Z Collecting idna<4,>=2.5 (from requests->-r requirements.txt (line 3))
2026-01-18T18:53:22.5621630Z   Using cached idna-3.11-py3-none-any.whl.metadata (8.4 kB)
2026-01-18T18:53:22.5951290Z Collecting urllib3<3,>=1.21.1 (from requests->-r requirements.txt (line 3))
2026-01-18T18:53:22.5964220Z   Using cached urllib3-2.6.3-py3-none-any.whl.metadata (6.9 kB)
2026-01-18T18:53:22.6223362Z Collecting certifi>=2017.4.17 (from requests->-r requirements.txt (line 3))
2026-01-18T18:53:22.6236127Z   Using cached certifi-2026.1.4-py3-none-any.whl.metadata (2.5 kB)
2026-01-18T18:53:22.6464087Z Collecting anyio<5.0.0,>=4.8.0 (from google-genai>=0.3.0->-r requirements.txt (line 5))
2026-01-18T18:53:22.6476830Z   Using cached anyio-4.12.1-py3-none-any.whl.metadata (4.3 kB)
2026-01-18T18:53:22.6835474Z Collecting google-auth<3.0.0,>=2.47.0 (from google-auth[requests]<3.0.0,>=2.47.0->google-genai>=0.3.0->-r requirements.txt (line 5))
2026-01-18T18:53:22.6848225Z   Using cached google_auth-2.47.0-py3-none-any.whl.metadata (6.4 kB)
2026-01-18T18:53:22.7117942Z Collecting httpx<1.0.0,>=0.28.1 (from google-genai>=0.3.0->-r requirements.txt (line 5))
2026-01-18T18:53:22.7131229Z   Using cached httpx-0.28.1-py3-none-any.whl.metadata (7.1 kB)
2026-01-18T18:53:22.8525975Z Collecting pydantic<3.0.0,>=2.9.0 (from google-genai>=0.3.0->-r requirements.txt (line 5))
2026-01-18T18:53:22.8541012Z   Using cached pydantic-2.12.5-py3-none-any.whl.metadata (90 kB)
2026-01-18T18:53:22.8819948Z Collecting tenacity<9.2.0,>=8.2.3 (from google-genai>=0.3.0->-r requirements.txt (line 5))
2026-01-18T18:53:22.8832616Z   Using cached tenacity-9.1.2-py3-none-any.whl.metadata (1.2 kB)
2026-01-18T18:53:22.9775973Z Collecting websockets<15.1.0,>=13.0.0 (from google-genai>=0.3.0->-r requirements.txt (line 5))
2026-01-18T18:53:22.9790542Z   Using cached websockets-15.0.1-cp311-cp311-manylinux_2_5_x86_64.manylinux1_x86_64.manylinux_2_17_x86_64.manylinux2014_x86_64.whl.metadata (6.8 kB)
2026-01-18T18:53:22.9978585Z Collecting distro<2,>=1.7.0 (from google-genai>=0.3.0->-r requirements.txt (line 5))
2026-01-18T18:53:22.9991373Z   Using cached distro-1.9.0-py3-none-any.whl.metadata (6.8 kB)
2026-01-18T18:53:23.0109367Z Collecting sniffio (from google-genai>=0.3.0->-r requirements.txt (line 5))
2026-01-18T18:53:23.0122156Z   Using cached sniffio-1.3.1-py3-none-any.whl.metadata (3.9 kB)
2026-01-18T18:53:23.0425583Z Collecting pyasn1-modules>=0.2.1 (from google-auth<3.0.0,>=2.47.0->google-auth[requests]<3.0.0,>=2.47.0->google-genai>=0.3.0->-r requirements.txt (line 5))
2026-01-18T18:53:23.0438123Z   Using cached pyasn1_modules-0.4.2-py3-none-any.whl.metadata (3.5 kB)
2026-01-18T18:53:23.0640956Z Collecting rsa<5,>=3.1.4 (from google-auth<3.0.0,>=2.47.0->google-auth[requests]<3.0.0,>=2.47.0->google-genai>=0.3.0->-r requirements.txt (line 5))
2026-01-18T18:53:23.0653321Z   Using cached rsa-4.9.1-py3-none-any.whl.metadata (5.6 kB)
2026-01-18T18:53:23.0949661Z Collecting httpcore==1.* (from httpx<1.0.0,>=0.28.1->google-genai>=0.3.0->-r requirements.txt (line 5))
2026-01-18T18:53:23.0970706Z   Using cached httpcore-1.0.9-py3-none-any.whl.metadata (21 kB)
2026-01-18T18:53:23.1159812Z Collecting h11>=0.16 (from httpcore==1.*->httpx<1.0.0,>=0.28.1->google-genai>=0.3.0->-r requirements.txt (line 5))
2026-01-18T18:53:23.1172360Z   Using cached h11-0.16.0-py3-none-any.whl.metadata (8.3 kB)
2026-01-18T18:53:23.1301653Z Collecting annotated-types>=0.6.0 (from pydantic<3.0.0,>=2.9.0->google-genai>=0.3.0->-r requirements.txt (line 5))
2026-01-18T18:53:23.1314357Z   Using cached annotated_types-0.7.0-py3-none-any.whl.metadata (15 kB)
2026-01-18T18:53:23.7750956Z Collecting pydantic-core==2.41.5 (from pydantic<3.0.0,>=2.9.0->google-genai>=0.3.0->-r requirements.txt (line 5))
2026-01-18T18:53:23.7766780Z   Using cached pydantic_core-2.41.5-cp311-cp311-manylinux_2_17_x86_64.manylinux2014_x86_64.whl.metadata (7.3 kB)
2026-01-18T18:53:23.7931700Z Collecting typing-inspection>=0.4.2 (from pydantic<3.0.0,>=2.9.0->google-genai>=0.3.0->-r requirements.txt (line 5))
2026-01-18T18:53:23.7945287Z   Using cached typing_inspection-0.4.2-py3-none-any.whl.metadata (2.6 kB)
2026-01-18T18:53:23.8613192Z Collecting pyasn1>=0.1.3 (from rsa<5,>=3.1.4->google-auth<3.0.0,>=2.47.0->google-auth[requests]<3.0.0,>=2.47.0->google-genai>=0.3.0->-r requirements.txt (line 5))
2026-01-18T18:53:23.8628022Z   Using cached pyasn1-0.6.2-py3-none-any.whl.metadata (8.4 kB)
2026-01-18T18:53:23.8892738Z Using cached playwright-1.57.0-py3-none-manylinux1_x86_64.whl (46.0 MB)
2026-01-18T18:53:23.9227674Z Using cached greenlet-3.3.0-cp311-cp311-manylinux_2_24_x86_64.manylinux_2_28_x86_64.whl (590 kB)
2026-01-18T18:53:23.9244452Z Using cached pyee-13.0.0-py3-none-any.whl (15 kB)
2026-01-18T18:53:23.9257581Z Using cached python_dotenv-1.2.1-py3-none-any.whl (21 kB)
2026-01-18T18:53:23.9270815Z Using cached requests-2.32.5-py3-none-any.whl (64 kB)
2026-01-18T18:53:23.9284860Z Using cached charset_normalizer-3.4.4-cp311-cp311-manylinux2014_x86_64.manylinux_2_17_x86_64.manylinux_2_28_x86_64.whl (151 kB)
2026-01-18T18:53:23.9298386Z Using cached idna-3.11-py3-none-any.whl (71 kB)
2026-01-18T18:53:23.9311687Z Using cached urllib3-2.6.3-py3-none-any.whl (131 kB)
2026-01-18T18:53:23.9325743Z Using cached pillow-12.1.0-cp311-cp311-manylinux_2_27_x86_64.manylinux_2_28_x86_64.whl (7.0 MB)
2026-01-18T18:53:23.9386965Z Using cached google_genai-1.59.0-py3-none-any.whl (719 kB)
2026-01-18T18:53:23.9404546Z Using cached anyio-4.12.1-py3-none-any.whl (113 kB)
2026-01-18T18:53:23.9418149Z Using cached distro-1.9.0-py3-none-any.whl (20 kB)
2026-01-18T18:53:23.9431438Z Using cached google_auth-2.47.0-py3-none-any.whl (234 kB)
2026-01-18T18:53:23.9445853Z Using cached httpx-0.28.1-py3-none-any.whl (73 kB)
2026-01-18T18:53:23.9459170Z Using cached httpcore-1.0.9-py3-none-any.whl (78 kB)
2026-01-18T18:53:23.9472550Z Using cached pydantic-2.12.5-py3-none-any.whl (463 kB)
2026-01-18T18:53:23.9488676Z Using cached pydantic_core-2.41.5-cp311-cp311-manylinux_2_17_x86_64.manylinux2014_x86_64.whl (2.1 MB)
2026-01-18T18:53:23.9515552Z Using cached rsa-4.9.1-py3-none-any.whl (34 kB)
2026-01-18T18:53:23.9528463Z Using cached tenacity-9.1.2-py3-none-any.whl (28 kB)
2026-01-18T18:53:23.9541744Z Using cached typing_extensions-4.15.0-py3-none-any.whl (44 kB)
2026-01-18T18:53:23.9555610Z Using cached websockets-15.0.1-cp311-cp311-manylinux_2_5_x86_64.manylinux1_x86_64.manylinux_2_17_x86_64.manylinux2014_x86_64.whl (182 kB)
2026-01-18T18:53:23.9569337Z Using cached termcolor-3.3.0-py3-none-any.whl (7.7 kB)
2026-01-18T18:53:23.9582762Z Using cached pyyaml-6.0.3-cp311-cp311-manylinux2014_x86_64.manylinux_2_17_x86_64.manylinux_2_28_x86_64.whl (806 kB)
2026-01-18T18:53:23.9601407Z Using cached opencv_python_headless-4.13.0.90-cp37-abi3-manylinux_2_28_x86_64.whl (62.5 MB)
2026-01-18T18:53:24.0047711Z Using cached numpy-2.4.1-cp311-cp311-manylinux_2_27_x86_64.manylinux_2_28_x86_64.whl (16.7 MB)
2026-01-18T18:53:24.0176404Z Using cached faker-40.1.2-py3-none-any.whl (2.0 MB)
2026-01-18T18:53:24.0202942Z Using cached annotated_types-0.7.0-py3-none-any.whl (13 kB)
2026-01-18T18:53:24.0215976Z Using cached certifi-2026.1.4-py3-none-any.whl (152 kB)
2026-01-18T18:53:24.0229759Z Using cached h11-0.16.0-py3-none-any.whl (37 kB)
2026-01-18T18:53:24.0243166Z Using cached pyasn1-0.6.2-py3-none-any.whl (83 kB)
2026-01-18T18:53:24.0256427Z Using cached pyasn1_modules-0.4.2-py3-none-any.whl (181 kB)
2026-01-18T18:53:24.0270702Z Using cached typing_inspection-0.4.2-py3-none-any.whl (14 kB)
2026-01-18T18:53:24.0283614Z Using cached sniffio-1.3.1-py3-none-any.whl (10 kB)
2026-01-18T18:53:24.2283602Z Installing collected packages: websockets, urllib3, typing-extensions, termcolor, tenacity, sniffio, PyYAML, python-dotenv, pyasn1, pillow, numpy, idna, h11, greenlet, faker, distro, charset_normalizer, certifi, annotated-types, typing-inspection, rsa, requests, pyee, pydantic-core, pyasn1-modules, opencv-python-headless, httpcore, anyio, pydantic, playwright, httpx, google-auth, google-genai
2026-01-18T18:53:30.8982647Z 
2026-01-18T18:53:30.9006089Z Successfully installed PyYAML-6.0.3 annotated-types-0.7.0 anyio-4.12.1 certifi-2026.1.4 charset_normalizer-3.4.4 distro-1.9.0 faker-40.1.2 google-auth-2.47.0 google-genai-1.59.0 greenlet-3.3.0 h11-0.16.0 httpcore-1.0.9 httpx-0.28.1 idna-3.11 numpy-2.4.1 opencv-python-headless-4.13.0.90 pillow-12.1.0 playwright-1.57.0 pyasn1-0.6.2 pyasn1-modules-0.4.2 pydantic-2.12.5 pydantic-core-2.41.5 pyee-13.0.0 python-dotenv-1.2.1 requests-2.32.5 rsa-4.9.1 sniffio-1.3.1 tenacity-9.1.2 termcolor-3.3.0 typing-extensions-4.15.0 typing-inspection-0.4.2 urllib3-2.6.3 websockets-15.0.1
2026-01-18T18:53:31.4824351Z Downloading Chromium 143.0.7499.4 (playwright build v1200) from https://cdn.playwright.dev/dbazure/download/playwright/builds/chromium/1200/chromium-linux.zip
2026-01-18T18:53:31.5780022Z (node:2255) [DEP0169] DeprecationWarning: `url.parse()` behavior is not standardized and prone to errors that have security implications. Use the WHATWG URL API instead. CVEs are not issued for `url.parse()` vulnerabilities.
2026-01-18T18:53:31.5782024Z (Use `node --trace-deprecation ...` to show where the warning was created)
2026-01-18T18:53:31.6711214Z |                                                                                |   0% of 164.7 MiB
2026-01-18T18:53:31.8001231Z |■■■■■■■■                                                                        |  10% of 164.7 MiB
2026-01-18T18:53:31.8779119Z |■■■■■■■■■■■■■■■■                                                                |  20% of 164.7 MiB
2026-01-18T18:53:31.9517841Z |■■■■■■■■■■■■■■■■■■■■■■■■                                                        |  30% of 164.7 MiB
2026-01-18T18:53:32.0090305Z |■■■■■■■■■■■■■■■■■■■■■■■■■■■■■■■■                                                |  40% of 164.7 MiB
2026-01-18T18:53:32.0690434Z |■■■■■■■■■■■■■■■■■■■■■■■■■■■■■■■■■■■■■■■■                                        |  50% of 164.7 MiB
2026-01-18T18:53:32.1277398Z |■■■■■■■■■■■■■■■■■■■■■■■■■■■■■■■■■■■■■■■■■■■■■■■■                                |  60% of 164.7 MiB
2026-01-18T18:53:32.1822843Z |■■■■■■■■■■■■■■■■■■■■■■■■■■■■■■■■■■■■■■■■■■■■■■■■■■■■■■■■                        |  70% of 164.7 MiB
2026-01-18T18:53:32.2426338Z |■■■■■■■■■■■■■■■■■■■■■■■■■■■■■■■■■■■■■■■■■■■■■■■■■■■■■■■■■■■■■■■■                |  80% of 164.7 MiB
2026-01-18T18:53:32.2991473Z |■■■■■■■■■■■■■■■■■■■■■■■■■■■■■■■■■■■■■■■■■■■■■■■■■■■■■■■■■■■■■■■■■■■■■■■■        |  90% of 164.7 MiB
2026-01-18T18:53:32.3623162Z |■■■■■■■■■■■■■■■■■■■■■■■■■■■■■■■■■■■■■■■■■■■■■■■■■■■■■■■■■■■■■■■■■■■■■■■■■■■■■■■■| 100% of 164.7 MiB
2026-01-18T18:53:34.6892960Z Chromium 143.0.7499.4 (playwright build v1200) downloaded to /home/runner/.cache/ms-playwright/chromium-1200
2026-01-18T18:53:34.6897518Z Downloading FFMPEG playwright build v1011 from https://cdn.playwright.dev/dbazure/download/playwright/builds/ffmpeg/1011/ffmpeg-linux.zip
2026-01-18T18:53:34.7886369Z (node:2267) [DEP0169] DeprecationWarning: `url.parse()` behavior is not standardized and prone to errors that have security implications. Use the WHATWG URL API instead. CVEs are not issued for `url.parse()` vulnerabilities.
2026-01-18T18:53:34.7888259Z (Use `node --trace-deprecation ...` to show where the warning was created)
2026-01-18T18:53:34.8766588Z |                                                                                |   0% of 2.3 MiB
2026-01-18T18:53:34.8876113Z |■■■■■■■■                                                                        |  10% of 2.3 MiB
2026-01-18T18:53:34.8927446Z |■■■■■■■■■■■■■■■■                                                                |  20% of 2.3 MiB
2026-01-18T18:53:34.8955204Z |■■■■■■■■■■■■■■■■■■■■■■■■                                                        |  30% of 2.3 MiB
2026-01-18T18:53:34.9003306Z |■■■■■■■■■■■■■■■■■■■■■■■■■■■■■■■■                                                |  40% of 2.3 MiB
2026-01-18T18:53:34.9019512Z |■■■■■■■■■■■■■■■■■■■■■■■■■■■■■■■■■■■■■■■■                                        |  50% of 2.3 MiB
2026-01-18T18:53:34.9040849Z |■■■■■■■■■■■■■■■■■■■■■■■■■■■■■■■■■■■■■■■■■■■■■■■■                                |  60% of 2.3 MiB
2026-01-18T18:53:34.9053703Z |■■■■■■■■■■■■■■■■■■■■■■■■■■■■■■■■■■■■■■■■■■■■■■■■■■■■■■■■                        |  70% of 2.3 MiB
2026-01-18T18:53:34.9065869Z |■■■■■■■■■■■■■■■■■■■■■■■■■■■■■■■■■■■■■■■■■■■■■■■■■■■■■■■■■■■■■■■■                |  80% of 2.3 MiB
2026-01-18T18:53:34.9077083Z |■■■■■■■■■■■■■■■■■■■■■■■■■■■■■■■■■■■■■■■■■■■■■■■■■■■■■■■■■■■■■■■■■■■■■■■■        |  90% of 2.3 MiB
2026-01-18T18:53:34.9095080Z |■■■■■■■■■■■■■■■■■■■■■■■■■■■■■■■■■■■■■■■■■■■■■■■■■■■■■■■■■■■■■■■■■■■■■■■■■■■■■■■■| 100% of 2.3 MiB
2026-01-18T18:53:34.9632576Z FFMPEG playwright build v1011 downloaded to /home/runner/.cache/ms-playwright/ffmpeg-1011
2026-01-18T18:53:34.9635924Z Downloading Chromium Headless Shell 143.0.7499.4 (playwright build v1200) from https://cdn.playwright.dev/dbazure/download/playwright/builds/chromium/1200/chromium-headless-shell-linux.zip
2026-01-18T18:53:35.0587577Z (node:2278) [DEP0169] DeprecationWarning: `url.parse()` behavior is not standardized and prone to errors that have security implications. Use the WHATWG URL API instead. CVEs are not issued for `url.parse()` vulnerabilities.
2026-01-18T18:53:35.0589234Z (Use `node --trace-deprecation ...` to show where the warning was created)
2026-01-18T18:53:35.1332427Z |                                                                                |   0% of 109.7 MiB
2026-01-18T18:53:35.2321351Z |■■■■■■■■                                                                        |  10% of 109.7 MiB
2026-01-18T18:53:35.3441223Z |■■■■■■■■■■■■■■■■                                                                |  20% of 109.7 MiB
2026-01-18T18:53:35.3884761Z |■■■■■■■■■■■■■■■■■■■■■■■■                                                        |  30% of 109.7 MiB
2026-01-18T18:53:35.4393640Z |■■■■■■■■■■■■■■■■■■■■■■■■■■■■■■■■                                                |  40% of 109.7 MiB
2026-01-18T18:53:35.4899959Z |■■■■■■■■■■■■■■■■■■■■■■■■■■■■■■■■■■■■■■■■                                        |  50% of 109.7 MiB
2026-01-18T18:53:35.5396994Z |■■■■■■■■■■■■■■■■■■■■■■■■■■■■■■■■■■■■■■■■■■■■■■■■                                |  60% of 109.7 MiB
2026-01-18T18:53:35.5787610Z |■■■■■■■■■■■■■■■■■■■■■■■■■■■■■■■■■■■■■■■■■■■■■■■■■■■■■■■■                        |  70% of 109.7 MiB
2026-01-18T18:53:35.6256375Z |■■■■■■■■■■■■■■■■■■■■■■■■■■■■■■■■■■■■■■■■■■■■■■■■■■■■■■■■■■■■■■■■                |  80% of 109.7 MiB
2026-01-18T18:53:35.6626620Z |■■■■■■■■■■■■■■■■■■■■■■■■■■■■■■■■■■■■■■■■■■■■■■■■■■■■■■■■■■■■■■■■■■■■■■■■        |  90% of 109.7 MiB
2026-01-18T18:53:35.6974306Z |■■■■■■■■■■■■■■■■■■■■■■■■■■■■■■■■■■■■■■■■■■■■■■■■■■■■■■■■■■■■■■■■■■■■■■■■■■■■■■■■| 100% of 109.7 MiB
2026-01-18T18:53:37.4295211Z Chromium Headless Shell 143.0.7499.4 (playwright build v1200) downloaded to /home/runner/.cache/ms-playwright/chromium_headless_shell-1200
2026-01-18T18:53:37.4512855Z ##[group]Run mkdir -p projects/ci_globalsqa_bank
2026-01-18T18:53:37.4513254Z [36;1mmkdir -p projects/ci_globalsqa_bank[0m
2026-01-18T18:53:37.4513653Z [36;1mcat > projects/ci_globalsqa_bank/config.json << 'EOF'[0m
2026-01-18T18:53:37.4513960Z [36;1m{[0m
2026-01-18T18:53:37.4514165Z [36;1m  "project_name": "ci_globalsqa_bank",[0m
2026-01-18T18:53:37.4514607Z [36;1m  "target_url": "https://www.globalsqa.com/angularJs-protractor/BankingProject/",[0m
2026-01-18T18:53:37.4515080Z [36;1m  "goal": "Customer and manager banking flows",[0m
2026-01-18T18:53:37.4515372Z [36;1m  "headless": true[0m
2026-01-18T18:53:37.4515579Z [36;1m}[0m
2026-01-18T18:53:37.4515736Z [36;1mEOF[0m
2026-01-18T18:53:37.4548513Z shell: /usr/bin/bash -e {0}
2026-01-18T18:53:37.4548747Z env:
2026-01-18T18:53:37.4549157Z   pythonLocation: /opt/hostedtoolcache/Python/3.11.14/x64
2026-01-18T18:53:37.4549595Z   PKG_CONFIG_PATH: /opt/hostedtoolcache/Python/3.11.14/x64/lib/pkgconfig
2026-01-18T18:53:37.4550037Z   Python_ROOT_DIR: /opt/hostedtoolcache/Python/3.11.14/x64
2026-01-18T18:53:37.4550393Z   Python2_ROOT_DIR: /opt/hostedtoolcache/Python/3.11.14/x64
2026-01-18T18:53:37.4550762Z   Python3_ROOT_DIR: /opt/hostedtoolcache/Python/3.11.14/x64
2026-01-18T18:53:37.4551130Z   LD_LIBRARY_PATH: /opt/hostedtoolcache/Python/3.11.14/x64/lib
2026-01-18T18:53:37.4551433Z ##[endgroup]
2026-01-18T18:53:37.4655308Z ##[group]Run # Use --deep for comprehensive regression suite
2026-01-18T18:53:37.4655755Z [36;1m# Use --deep for comprehensive regression suite[0m
2026-01-18T18:53:37.4656210Z [36;1mpython orchestrator.py --project projects/ci_globalsqa_bank --deep --force[0m
2026-01-18T18:53:37.4686544Z shell: /usr/bin/bash -e {0}
2026-01-18T18:53:37.4686777Z env:
2026-01-18T18:53:37.4687031Z   pythonLocation: /opt/hostedtoolcache/Python/3.11.14/x64
2026-01-18T18:53:37.4687453Z   PKG_CONFIG_PATH: /opt/hostedtoolcache/Python/3.11.14/x64/lib/pkgconfig
2026-01-18T18:53:37.4687857Z   Python_ROOT_DIR: /opt/hostedtoolcache/Python/3.11.14/x64
2026-01-18T18:53:37.4688244Z   Python2_ROOT_DIR: /opt/hostedtoolcache/Python/3.11.14/x64
2026-01-18T18:53:37.4688776Z   Python3_ROOT_DIR: /opt/hostedtoolcache/Python/3.11.14/x64
2026-01-18T18:53:37.4689430Z   LD_LIBRARY_PATH: /opt/hostedtoolcache/Python/3.11.14/x64/lib
2026-01-18T18:53:37.4690098Z   GOOGLE_API_KEY: ***
2026-01-18T18:53:37.4690322Z   PYTHONPATH: .
2026-01-18T18:53:37.4690498Z ##[endgroup]
2026-01-18T18:53:39.2117156Z usage: discovery.py [-h] --project PROJECT --url URL
2026-01-18T18:53:39.2117878Z discovery.py: error: unrecognized arguments: --deep
2026-01-18T18:53:48.7534311Z 
2026-01-18T18:53:48.7535054Z [PLAN] PLANNER: Planning goal -> 'Customer and manager banking flows' (Deep Mode: True)
2026-01-18T18:53:48.7537808Z 🎭 [EXPERT] Detected Domain: FINANCE. Persona: Act as a Senior SDET focusing on exploring application to understand functional flow and automating FinTech scenarios
2026-01-18T18:53:48.7538641Z [DEBUG] Sending request to gemini-2.0-flash. Number of parts: 1
2026-01-18T18:53:48.7539226Z [DEBUG] Received response (Length: 5841)
2026-01-18T18:53:48.7539623Z ✅ Planner generated 4 scenarios. Workflow updated.
2026-01-18T18:53:49.7731467Z 
2026-01-18T18:53:49.7732405Z 🕵️ [DEEP EXPLORER] Starting Multi-Scenario Exploration
2026-01-18T18:53:49.7733130Z 📋 Found 4 scenarios to explore.
2026-01-18T18:53:52.0145976Z 
2026-01-18T18:53:52.0146851Z [1/4] Exploring Scenario: Customer Login and Account Summary
2026-01-18T18:53:52.0148097Z     🧠 Initialized exploration context for goal: 'Customer and manager banking flows'
2026-01-18T18:53:52.0148937Z   ▶️ [STEP step_1] NAVIGATE: 
2026-01-18T18:53:52.9893035Z     ✅ Navigated to https://www.globalsqa.com/angularJs-protractor/BankingProject/
2026-01-18T18:53:52.9893751Z   ▶️ [STEP step_2] CLICK: Customer Login
2026-01-18T18:53:53.0066929Z     🔍 Mining locators for: 'Customer Login'
2026-01-18T18:53:53.0546468Z     ✅ Found 2 verified locators
2026-01-18T18:53:56.6345541Z     ✅ State transitioned.
2026-01-18T18:53:58.0178504Z [DEBUG] Sending request to gemini-2.0-flash. Number of parts: 2
2026-01-18T18:53:58.0179243Z [DEBUG] Received response (Length: 193)
2026-01-18T18:53:58.0180003Z     🤖 AI Next Step Suggestion: fill -> user selection dropdown
2026-01-18T18:53:58.0180408Z     🧩 Suggested Locator: #userSelect
2026-01-18T18:53:58.0180840Z     💭 Reasoning: Select a user from the dropdown to proceed with login.
2026-01-18T18:53:58.0181284Z     ➕ Injected AI step: fill -> user selection dropdown
2026-01-18T18:53:58.0181676Z   ▶️ [STEP step_2_ai_1] FILL: user selection dropdown
2026-01-18T18:53:58.0248748Z     🎯 Using AI-provided locator: #userSelect
2026-01-18T18:53:58.0324973Z     ✅ Found 1 verified locators
2026-01-18T18:54:04.3728587Z     ✅ State transitioned.
2026-01-18T18:54:05.8271122Z [DEBUG] Sending request to gemini-2.0-flash. Number of parts: 2
2026-01-18T18:54:05.8271837Z [DEBUG] Received response (Length: 187)
2026-01-18T18:54:05.8272633Z     🤖 AI Next Step Suggestion: click -> Login
2026-01-18T18:54:05.8273258Z     🧩 Suggested Locator: button[type='submit']
2026-01-18T18:54:05.8274286Z     💭 Reasoning: After selecting a user, the next logical step is to click the Login button to proceed.
2026-01-18T18:54:05.8275255Z     ➕ Injected AI step: click -> Login
2026-01-18T18:54:05.8275832Z   ▶️ [STEP step_2_ai_2] CLICK: Login
2026-01-18T18:54:05.8337276Z     🎯 Using AI-provided locator: button[type='submit']
2026-01-18T18:54:05.8401630Z     ✅ Found 1 verified locators
2026-01-18T18:54:09.8822071Z     ✅ State transitioned.
2026-01-18T18:54:11.3354295Z [DEBUG] Sending request to gemini-2.0-flash. Number of parts: 2
2026-01-18T18:54:11.3354950Z [DEBUG] Received response (Length: 183)
2026-01-18T18:54:11.3355775Z     🤖 AI Next Step Suggestion: click -> Deposit
2026-01-18T18:54:11.3356404Z     🧩 Suggested Locator: button:contains('Deposit')
2026-01-18T18:54:11.3357002Z     💭 Reasoning: To explore the deposit functionality as part of the customer banking flows.
2026-01-18T18:54:11.3357486Z     ➕ Injected AI step: click -> Deposit
2026-01-18T18:54:11.3357808Z   ▶️ [STEP step_2_ai_3] CLICK: Deposit
2026-01-18T18:54:11.3412285Z     🎯 Using AI-provided locator: button:contains('Deposit')
2026-01-18T18:54:11.3447872Z     🔍 Mining locators for: 'Deposit'
2026-01-18T18:54:11.3815833Z     ✅ Found 2 verified locators
2026-01-18T18:54:14.9318560Z     ✅ State transitioned.
2026-01-18T18:54:16.4805191Z [DEBUG] Sending request to gemini-2.0-flash. Number of parts: 2
2026-01-18T18:54:16.4805852Z [DEBUG] Received response (Length: 198)
2026-01-18T18:54:16.4806618Z     🤖 AI Next Step Suggestion: fill -> amount
2026-01-18T18:54:16.4807250Z     🧩 Suggested Locator: input[placeholder='amount']
2026-01-18T18:54:16.4808131Z     💭 Reasoning: To deposit funds, we need to enter an amount in the 'amount' input field.
2026-01-18T18:54:16.4808919Z     ➕ Injected AI step: fill -> amount
2026-01-18T18:54:16.4809603Z   ▶️ [STEP step_2_ai_4] FILL: amount
2026-01-18T18:54:16.4861760Z     🎯 Using AI-provided locator: input[placeholder='amount']
2026-01-18T18:54:16.4920039Z     ✅ Found 1 verified locators
2026-01-18T18:54:21.7298492Z     ✅ State transitioned.
2026-01-18T18:54:23.2291724Z [DEBUG] Sending request to gemini-2.0-flash. Number of parts: 2
2026-01-18T18:54:23.2292374Z [DEBUG] Received response (Length: 218)
2026-01-18T18:54:23.2293128Z     🤖 AI Next Step Suggestion: click -> Deposit
2026-01-18T18:54:23.2293758Z     🧩 Suggested Locator: button:nth-of-type(2)
2026-01-18T18:54:23.2294437Z     💭 Reasoning: After filling the amount, the next logical step is to click the deposit button to complete the deposit transaction.
2026-01-18T18:54:23.2295032Z     ➕ Injected AI step: click -> Deposit
2026-01-18T18:54:23.2296811Z   ▶️ [STEP step_2_ai_5] CLICK: Deposit
2026-01-18T18:54:23.2351950Z     🎯 Using AI-provided locator: button:nth-of-type(2)
2026-01-18T18:54:23.2409308Z     ✅ Found 1 verified locators
2026-01-18T18:54:27.2835480Z     ✅ State transitioned.
2026-01-18T18:54:28.9448744Z [DEBUG] Sending request to gemini-2.0-flash. Number of parts: 2
2026-01-18T18:54:28.9449556Z [DEBUG] Received response (Length: 274)
2026-01-18T18:54:28.9450326Z     🤖 AI Next Step Suggestion: click -> Logout
2026-01-18T18:54:28.9451497Z     💭 Reasoning: Since we are logged in as a customer, and the goal is to explore both customer and manager flows, we should log out to get back to the main page and then log in as a manager.
2026-01-18T18:54:28.9452273Z     ➕ Injected AI step: click -> Logout
2026-01-18T18:54:28.9452583Z   ▶️ [STEP step_2_ai_6] CLICK: Logout
2026-01-18T18:54:28.9506078Z     🔍 Mining locators for: 'Logout'
2026-01-18T18:54:28.9821559Z     ✅ Found 2 verified locators
2026-01-18T18:54:32.5287550Z     ✅ State transitioned.
2026-01-18T18:54:33.7313927Z [DEBUG] Sending request to gemini-2.0-flash. Number of parts: 2
2026-01-18T18:54:33.7314563Z [DEBUG] Received response (Length: 218)
2026-01-18T18:54:33.7315313Z     🤖 AI Next Step Suggestion: click -> Login
2026-01-18T18:54:33.7316492Z     💭 Reasoning: Need to login again to continue with the customer banking flows. The last action was logout, so we need to log back in.
2026-01-18T18:54:33.7317532Z     ➕ Injected AI step: click -> Login
2026-01-18T18:54:33.7318096Z   ▶️ [STEP step_2_ai_7] CLICK: Login
2026-01-18T18:54:33.7369689Z     🔍 Mining locators for: 'Login'
2026-01-18T18:54:33.7677503Z     ✅ Found 2 verified locators
2026-01-18T18:54:37.3333983Z     ✅ State transitioned.
2026-01-18T18:54:39.0442369Z [DEBUG] Sending request to gemini-2.0-flash. Number of parts: 2
2026-01-18T18:54:39.0443041Z [DEBUG] Received response (Length: 216)
2026-01-18T18:54:39.0443824Z     🤖 AI Next Step Suggestion: click -> Withdrawl
2026-01-18T18:54:39.0444425Z     🧩 Suggested Locator: button:contains('Withdrawl')
2026-01-18T18:54:39.0445010Z     💭 Reasoning: To test the withdrawl functionality and ensure funds can be withdrawn from the account.
2026-01-18T18:54:39.0445532Z     ➕ Injected AI step: click -> Withdrawl
2026-01-18T18:54:39.0445847Z   ▶️ [STEP step_2_ai_8] CLICK: Withdrawl
2026-01-18T18:54:39.0496809Z     🎯 Using AI-provided locator: button:contains('Withdrawl')
2026-01-18T18:54:39.0522571Z     🔍 Mining locators for: 'Withdrawl'
2026-01-18T18:54:39.0846576Z     ✅ Found 2 verified locators
2026-01-18T18:54:42.6452631Z     ✅ State transitioned.
2026-01-18T18:54:44.3380364Z [DEBUG] Sending request to gemini-2.0-flash. Number of parts: 2
2026-01-18T18:54:44.3381041Z [DEBUG] Received response (Length: 243)
2026-01-18T18:54:44.3381791Z     🤖 AI Next Step Suggestion: fill -> amount
2026-01-18T18:54:44.3382401Z     🧩 Suggested Locator: input[placeholder='amount']
2026-01-18T18:54:44.3383214Z     💭 Reasoning: To withdraw, we need to specify an amount. Filling the amount field is the next logical step after clicking Withdrawl.
2026-01-18T18:54:44.3383825Z     ➕ Injected AI step: fill -> amount
2026-01-18T18:54:44.3384126Z   ▶️ [STEP step_2_ai_9] FILL: amount
2026-01-18T18:54:44.3440133Z     🎯 Using AI-provided locator: input[placeholder='amount']
2026-01-18T18:54:44.3490958Z     ✅ Found 1 verified locators
2026-01-18T18:54:49.6009507Z     ✅ State transitioned.
2026-01-18T18:54:51.2817513Z [DEBUG] Sending request to gemini-2.0-flash. Number of parts: 2
2026-01-18T18:54:51.2818325Z [DEBUG] Received response (Length: 248)
2026-01-18T18:54:51.2819346Z     🤖 AI Next Step Suggestion: click -> Withdraw
2026-01-18T18:54:51.2820167Z     🧩 Suggested Locator: button:contains('Withdraw')
2026-01-18T18:54:51.2821761Z     💭 Reasoning: After filling the amount, the next logical step is to click the 'Withdraw' button to complete the withdrawal transaction.
2026-01-18T18:54:51.2823157Z     ➕ Injected AI step: click -> Withdraw
2026-01-18T18:54:51.2823822Z   ▶️ [STEP step_2_ai_10] CLICK: Withdraw
2026-01-18T18:54:51.2875547Z     🎯 Using AI-provided locator: button:contains('Withdraw')
2026-01-18T18:54:51.2899485Z     🔍 Mining locators for: 'Withdraw'
2026-01-18T18:54:51.3400497Z     ✅ Found 4 verified locators
2026-01-18T18:54:54.8804166Z     ✅ State transitioned.
2026-01-18T18:54:56.4778897Z [DEBUG] Sending request to gemini-2.0-flash. Number of parts: 2
2026-01-18T18:54:56.4779561Z [DEBUG] Received response (Length: 265)
2026-01-18T18:54:56.4780355Z     🤖 AI Next Step Suggestion: click -> Withdraw
2026-01-18T18:54:56.4780806Z     🧩 Suggested Locator: button:contains('Withdraw')
2026-01-18T18:54:56.4781599Z     💭 Reasoning: The last action was filling the amount for withdrawal. Now, we need to click the 'Withdraw' button to complete the withdrawal transaction.
2026-01-18T18:54:56.4782403Z     ⚠️ Skipping duplicate AI suggestion (just executed): ('click', 'withdraw')
2026-01-18T18:54:56.4782832Z   ▶️ [STEP step_3] SELECT: Your Name
2026-01-18T18:54:56.4835338Z     🔍 Mining locators for: 'Your Name'
2026-01-18T18:54:56.5242541Z     🧠 Consulting AI (Vision-First) to find 'Your Name'...
2026-01-18T18:54:56.5245576Z     🧠 [EXPERT] Strategy: Act as a Senior SDET focusing on exploring application to understand functional flow and automating FinTech scenarios. Focus on the end-to-end functional flow (e.g., Account Creation, Login, Funds Transfer, Loan Application). Prioritize identifying stable locators and interactive elements for automation. Ensure core banking features are accessible and functional.
2026-01-18T18:55:02.5757214Z [DEBUG] Sending request to gemini-2.0-flash. Number of parts: 2
2026-01-18T18:55:02.5757643Z [DEBUG] Received response (Length: 794)
2026-01-18T18:55:02.5760294Z     🔄 Retry 1/3 mining locators for 'Your Name'...
2026-01-18T18:55:03.6072535Z     🧠 Consulting AI (Vision-First) to find 'Your Name'...
2026-01-18T18:55:03.6076056Z     🧠 [EXPERT] Strategy: Act as a Senior SDET focusing on exploring application to understand functional flow and automating FinTech scenarios. Focus on the end-to-end functional flow (e.g., Account Creation, Login, Funds Transfer, Loan Application). Prioritize identifying stable locators and interactive elements for automation. Ensure core banking features are accessible and functional.
2026-01-18T18:55:03.6134192Z [CACHE HIT] be0159fd... (hits: 1, misses: 12)
2026-01-18T18:55:03.6134668Z     🔄 Retry 2/3 mining locators for 'Your Name'...
2026-01-18T18:55:04.6572219Z     🧠 Consulting AI (Vision-First) to find 'Your Name'...
2026-01-18T18:55:04.6574917Z     🧠 [EXPERT] Strategy: Act as a Senior SDET focusing on exploring application to understand functional flow and automating FinTech scenarios. Focus on the end-to-end functional flow (e.g., Account Creation, Login, Funds Transfer, Loan Application). Prioritize identifying stable locators and interactive elements for automation. Ensure core banking features are accessible and functional.
2026-01-18T18:55:04.6635895Z [CACHE HIT] be0159fd... (hits: 2, misses: 12)
2026-01-18T18:55:04.6636614Z     🧠 Verifying step validity for 'Your Name' after mining failure...
2026-01-18T18:55:06.3061762Z [DEBUG] Sending request to gemini-2.0-flash. Number of parts: 2
2026-01-18T18:55:06.3062672Z [DEBUG] Received response (Length: 240)
2026-01-18T18:55:06.3063947Z     🛠️ Self-Correction: Step is valid. Using new locator: strong.ng-binding
2026-01-18T18:55:09.3282895Z     ✅ State transitioned.
2026-01-18T18:55:11.6231172Z [DEBUG] Sending request to gemini-2.0-flash. Number of parts: 2
2026-01-18T18:55:11.6232054Z [DEBUG] Received response (Length: 216)
2026-01-18T18:55:11.6232989Z     🤖 AI Next Step Suggestion: click -> Withdraw
2026-01-18T18:55:11.6233691Z     🧩 Suggested Locator: button:contains('Withdraw')
2026-01-18T18:55:11.6234851Z     💭 Reasoning: The amount has been entered, so the next step is to click the Withdraw button to complete the transaction.
2026-01-18T18:55:11.6236076Z ⚠️ Loop detected: same AI suggestion repeated 3 times. Moving to next step.
2026-01-18T18:55:11.6236786Z   ▶️ [STEP step_4] CLICK: Login
2026-01-18T18:55:11.6288232Z     🔍 Mining locators for: 'Login'
2026-01-18T18:55:11.6573330Z     🧠 Consulting AI (Vision-First) to find 'Login'...
2026-01-18T18:55:11.6576094Z     🧠 [EXPERT] Strategy: Act as a Senior SDET focusing on exploring application to understand functional flow and automating FinTech scenarios. Focus on the end-to-end functional flow (e.g., Account Creation, Login, Funds Transfer, Loan Application). Prioritize identifying stable locators and interactive elements for automation. Ensure core banking features are accessible and functional.
2026-01-18T18:55:15.9910517Z [DEBUG] Sending request to gemini-2.0-flash. Number of parts: 2
2026-01-18T18:55:15.9911083Z [DEBUG] Received response (Length: 89)
2026-01-18T18:55:15.9911734Z     🔄 Retry 1/3 mining locators for 'Login'...
2026-01-18T18:55:17.0227922Z     🧠 Consulting AI (Vision-First) to find 'Login'...
2026-01-18T18:55:17.0231197Z     🧠 [EXPERT] Strategy: Act as a Senior SDET focusing on exploring application to understand functional flow and automating FinTech scenarios. Focus on the end-to-end functional flow (e.g., Account Creation, Login, Funds Transfer, Loan Application). Prioritize identifying stable locators and interactive elements for automation. Ensure core banking features are accessible and functional.
2026-01-18T18:55:17.0234319Z [CACHE HIT] 57b3959d... (hits: 3, misses: 15)
2026-01-18T18:55:17.0235024Z     🔄 Retry 2/3 mining locators for 'Login'...
2026-01-18T18:55:18.0567142Z     🧠 Consulting AI (Vision-First) to find 'Login'...
2026-01-18T18:55:18.0571645Z     🧠 [EXPERT] Strategy: Act as a Senior SDET focusing on exploring application to understand functional flow and automating FinTech scenarios. Focus on the end-to-end functional flow (e.g., Account Creation, Login, Funds Transfer, Loan Application). Prioritize identifying stable locators and interactive elements for automation. Ensure core banking features are accessible and functional.
2026-01-18T18:55:18.0574235Z [CACHE HIT] 57b3959d... (hits: 4, misses: 15)
2026-01-18T18:55:18.0575008Z     🧠 Verifying step validity for 'Login' after no candidates found...
2026-01-18T18:55:21.4228394Z [DEBUG] Sending request to gemini-2.0-flash. Number of parts: 2
2026-01-18T18:55:21.4229267Z [DEBUG] Received response (Length: 312)
2026-01-18T18:55:21.4231660Z     🗑️ Step deemed INVALID: The page shows that the user is already logged in (Welcome Hermoine Granger). Therefore, there is no 'Login' button on this page. The logical next step would be to interact with elements related to the account, such as making a deposit or withdrawal.. Removing from workflow.
2026-01-18T18:55:21.4233692Z     ⏭️ Skipping execution of invalid step: Login
2026-01-18T18:55:21.4234108Z   ▶️ [STEP step_5] ASSERT_VISIBLE: Account Number
2026-01-18T18:55:21.4286459Z     🔍 Mining locators for: 'Account Number'
2026-01-18T18:55:21.4569540Z     🧠 Consulting AI (Vision-First) to find 'Account Number'...
2026-01-18T18:55:21.4572655Z     🧠 [EXPERT] Strategy: Act as a Senior SDET focusing on exploring application to understand functional flow and automating FinTech scenarios. Focus on the end-to-end functional flow (e.g., Account Creation, Login, Funds Transfer, Loan Application). Prioritize identifying stable locators and interactive elements for automation. Ensure core banking features are accessible and functional.
2026-01-18T18:55:27.0068656Z [DEBUG] Sending request to gemini-2.0-flash. Number of parts: 2
2026-01-18T18:55:27.0069271Z [DEBUG] Received response (Length: 650)
2026-01-18T18:55:27.0069880Z     🔄 Retry 1/3 mining locators for 'Account Number'...
2026-01-18T18:55:28.0395241Z     🧠 Consulting AI (Vision-First) to find 'Account Number'...
2026-01-18T18:55:28.0398388Z     🧠 [EXPERT] Strategy: Act as a Senior SDET focusing on exploring application to understand functional flow and automating FinTech scenarios. Focus on the end-to-end functional flow (e.g., Account Creation, Login, Funds Transfer, Loan Application). Prioritize identifying stable locators and interactive elements for automation. Ensure core banking features are accessible and functional.
2026-01-18T18:55:28.0462471Z [CACHE HIT] 6b23e8f5... (hits: 5, misses: 17)
2026-01-18T18:55:28.0463217Z     🔄 Retry 2/3 mining locators for 'Account Number'...
2026-01-18T18:55:29.0897854Z     🧠 Consulting AI (Vision-First) to find 'Account Number'...
2026-01-18T18:55:29.0901192Z     🧠 [EXPERT] Strategy: Act as a Senior SDET focusing on exploring application to understand functional flow and automating FinTech scenarios. Focus on the end-to-end functional flow (e.g., Account Creation, Login, Funds Transfer, Loan Application). Prioritize identifying stable locators and interactive elements for automation. Ensure core banking features are accessible and functional.
2026-01-18T18:55:29.0964483Z [CACHE HIT] 6b23e8f5... (hits: 6, misses: 17)
2026-01-18T18:55:29.0965389Z     🧠 Verifying step validity for 'Account Number' after mining failure...
2026-01-18T18:55:31.2609488Z [DEBUG] Sending request to gemini-2.0-flash. Number of parts: 2
2026-01-18T18:55:31.2610067Z [DEBUG] Received response (Length: 205)
2026-01-18T18:55:31.2610736Z     🛠️ Self-Correction: Step is valid. Using new locator: strong:nth-child(1)
2026-01-18T18:55:34.2941836Z     ✅ State transitioned.
2026-01-18T18:55:36.1941077Z [DEBUG] Sending request to gemini-2.0-flash. Number of parts: 2
2026-01-18T18:55:36.1941721Z [DEBUG] Received response (Length: 216)
2026-01-18T18:55:36.1942519Z     🤖 AI Next Step Suggestion: click -> Withdraw
2026-01-18T18:55:36.1943120Z     🧩 Suggested Locator: button:contains('Withdraw')
2026-01-18T18:55:36.1943847Z     💭 Reasoning: The amount has been entered, so the next step is to click the Withdraw button to complete the transaction.
2026-01-18T18:55:36.1944669Z     ➕ Injected AI step: click -> Withdraw
2026-01-18T18:55:36.1944995Z   ▶️ [STEP step_5_ai_1] CLICK: Withdraw
2026-01-18T18:55:36.1999948Z     🎯 Using AI-provided locator: button:contains('Withdraw')
2026-01-18T18:55:36.2024309Z     🔍 Mining locators for: 'Withdraw'
2026-01-18T18:55:36.2543012Z     ✅ Found 4 verified locators
2026-01-18T18:55:39.7932427Z     ✅ State transitioned.
2026-01-18T18:55:39.7960194Z     🔄 Revisited state detected (count: 1)
2026-01-18T18:55:41.1888292Z [DEBUG] Sending request to gemini-2.0-flash. Number of parts: 2
2026-01-18T18:55:41.1889194Z [DEBUG] Received response (Length: 225)
2026-01-18T18:55:41.1889988Z     🤖 AI Next Step Suggestion: click -> Withdraw
2026-01-18T18:55:41.1890681Z     🧩 Suggested Locator: button:contains('Withdraw')
2026-01-18T18:55:41.1892263Z     💭 Reasoning: The amount has been filled, and the next logical step is to click the 'Withdraw' button to complete the withdrawal.
2026-01-18T18:55:41.1893571Z     ⚠️ Skipping duplicate AI suggestion (just executed): ('click', 'withdraw')
2026-01-18T18:55:41.1894321Z   ▶️ [STEP step_6] ASSERT_VISIBLE: Balance
2026-01-18T18:55:41.1945300Z     🔍 Mining locators for: 'Balance'
2026-01-18T18:55:41.2223664Z     🧠 Consulting AI (Vision-First) to find 'Balance'...
2026-01-18T18:55:41.2226773Z     🧠 [EXPERT] Strategy: Act as a Senior SDET focusing on exploring application to understand functional flow and automating FinTech scenarios. Focus on the end-to-end functional flow (e.g., Account Creation, Login, Funds Transfer, Loan Application). Prioritize identifying stable locators and interactive elements for automation. Ensure core banking features are accessible and functional.
2026-01-18T18:55:47.4918555Z [DEBUG] Sending request to gemini-2.0-flash. Number of parts: 2
2026-01-18T18:55:47.4919400Z [DEBUG] Received response (Length: 760)
2026-01-18T18:55:47.4919958Z     🔄 Retry 1/3 mining locators for 'Balance'...
2026-01-18T18:55:48.5215346Z     🧠 Consulting AI (Vision-First) to find 'Balance'...
2026-01-18T18:55:48.5220164Z     🧠 [EXPERT] Strategy: Act as a Senior SDET focusing on exploring application to understand functional flow and automating FinTech scenarios. Focus on the end-to-end functional flow (e.g., Account Creation, Login, Funds Transfer, Loan Application). Prioritize identifying stable locators and interactive elements for automation. Ensure core banking features are accessible and functional.
2026-01-18T18:55:48.5284945Z [CACHE HIT] faa8be92... (hits: 7, misses: 21)
2026-01-18T18:55:48.5285530Z     🔄 Retry 2/3 mining locators for 'Balance'...
2026-01-18T18:55:49.5723295Z     🧠 Consulting AI (Vision-First) to find 'Balance'...
2026-01-18T18:55:49.5725717Z     🧠 [EXPERT] Strategy: Act as a Senior SDET focusing on exploring application to understand functional flow and automating FinTech scenarios. Focus on the end-to-end functional flow (e.g., Account Creation, Login, Funds Transfer, Loan Application). Prioritize identifying stable locators and interactive elements for automation. Ensure core banking features are accessible and functional.
2026-01-18T18:55:49.5790286Z [CACHE HIT] faa8be92... (hits: 8, misses: 21)
2026-01-18T18:55:49.5791011Z     🧠 Verifying step validity for 'Balance' after mining failure...
2026-01-18T18:55:51.1877435Z [DEBUG] Sending request to gemini-2.0-flash. Number of parts: 2
2026-01-18T18:55:51.1878263Z [DEBUG] Received response (Length: 230)
2026-01-18T18:55:51.1879678Z     🛠️ Self-Correction: Step is valid. Using new locator: strong:nth-child(2)
2026-01-18T18:55:54.2250441Z     ✅ State transitioned.
2026-01-18T18:55:56.1675570Z [DEBUG] Sending request to gemini-2.0-flash. Number of parts: 2
2026-01-18T18:55:56.1676331Z [DEBUG] Received response (Length: 171)
2026-01-18T18:55:56.1677218Z     🤖 AI Next Step Suggestion: click -> Withdraw
2026-01-18T18:55:56.1678095Z     🧩 Suggested Locator: button:contains('Withdraw')
2026-01-18T18:55:56.1679316Z     💭 Reasoning: To complete the withdrawal process after entering the amount.
2026-01-18T18:55:56.1680865Z ⚠️ Loop detected: same AI suggestion repeated 3 times. Moving to next step.
2026-01-18T18:55:56.1681782Z   ▶️ [STEP step_7] CLICK: Logout
2026-01-18T18:55:56.1734245Z     🔍 Mining locators for: 'Logout'
2026-01-18T18:55:56.2130306Z     ✅ Found 2 verified locators
2026-01-18T18:55:59.7608441Z     ✅ State transitioned.
2026-01-18T18:56:01.1994562Z [DEBUG] Sending request to gemini-2.0-flash. Number of parts: 2
2026-01-18T18:56:01.1995081Z [DEBUG] Received response (Length: 217)
2026-01-18T18:56:01.1995691Z     🤖 AI Next Step Suggestion: select -> Your Name
2026-01-18T18:56:01.1996074Z     🧩 Suggested Locator: select[id='userSelect']
2026-01-18T18:56:01.1996610Z     💭 Reasoning: To select a user to log in as. Hermoine Granger is the first user in the list.
2026-01-18T18:56:01.1997085Z     ➕ Injected AI step: select -> Your Name
2026-01-18T18:56:01.1997694Z   ▶️ [STEP step_7_ai_1] SELECT: Your Name
2026-01-18T18:56:01.2054398Z     🎯 Using AI-provided locator: select[id='userSelect']
2026-01-18T18:56:01.2105343Z     ✅ Found 1 verified locators
2026-01-18T18:56:04.2407878Z     ✅ State transitioned.
2026-01-18T18:56:06.1705788Z [DEBUG] Sending request to gemini-2.0-flash. Number of parts: 2
2026-01-18T18:56:06.1706312Z [DEBUG] Received response (Length: 203)
2026-01-18T18:56:06.1706955Z     🤖 AI Next Step Suggestion: click -> Login
2026-01-18T18:56:06.1707612Z     💭 Reasoning: After selecting a user, the next logical step is to click the Login button to access the user's account.
2026-01-18T18:56:06.1708168Z     ➕ Injected AI step: click -> Login
2026-01-18T18:56:06.1708470Z   ▶️ [STEP step_7_ai_2] CLICK: Login
2026-01-18T18:56:06.1760827Z     🔍 Mining locators for: 'Login'
2026-01-18T18:56:06.2103116Z     ✅ Found 2 verified locators
2026-01-18T18:56:09.7611733Z     ✅ State transitioned.
2026-01-18T18:56:11.1343830Z [DEBUG] Sending request to gemini-2.0-flash. Number of parts: 2
2026-01-18T18:56:11.1344390Z [DEBUG] Received response (Length: 195)
2026-01-18T18:56:11.1344946Z     🤖 AI Next Step Suggestion: click -> Deposit
2026-01-18T18:56:11.1345606Z     💭 Reasoning: To test the deposit functionality and move towards the goal of testing customer banking flows.
2026-01-18T18:56:11.1346139Z     ➕ Injected AI step: click -> Deposit
2026-01-18T18:56:11.1346443Z   ▶️ [STEP step_7_ai_3] CLICK: Deposit
2026-01-18T18:56:11.1398736Z     🔍 Mining locators for: 'Deposit'
2026-01-18T18:56:11.1780911Z     ✅ Found 2 verified locators
2026-01-18T18:56:14.7239969Z     ✅ State transitioned.
2026-01-18T18:56:16.2224542Z [DEBUG] Sending request to gemini-2.0-flash. Number of parts: 2
2026-01-18T18:56:16.2225278Z [DEBUG] Received response (Length: 169)
2026-01-18T18:56:16.2226104Z     🤖 AI Next Step Suggestion: fill -> amount
2026-01-18T18:56:16.2226805Z     🧩 Suggested Locator: input
2026-01-18T18:56:16.2227748Z     💭 Reasoning: To deposit funds, an amount must be entered into the amount field.
2026-01-18T18:56:16.2228595Z     ➕ Injected AI step: fill -> amount
2026-01-18T18:56:16.2229330Z   ▶️ [STEP step_7_ai_4] FILL: amount
2026-01-18T18:56:16.2281909Z     🎯 Using AI-provided locator: input
2026-01-18T18:56:16.2341563Z     ✅ Found 1 verified locators
2026-01-18T18:56:21.4944221Z     ✅ State transitioned.
2026-01-18T18:56:23.0535902Z [DEBUG] Sending request to gemini-2.0-flash. Number of parts: 2
2026-01-18T18:56:23.0536830Z [DEBUG] Received response (Length: 216)
2026-01-18T18:56:23.0537712Z     🤖 AI Next Step Suggestion: click -> Deposit
2026-01-18T18:56:23.0538381Z     🧩 Suggested Locator: button:nth-child(2)
2026-01-18T18:56:23.0539942Z     💭 Reasoning: After filling the amount, the next logical step is to click the deposit button to complete the deposit transaction.
2026-01-18T18:56:23.0541054Z     ➕ Injected AI step: click -> Deposit
2026-01-18T18:56:23.0543205Z   ▶️ [STEP step_7_ai_5] CLICK: Deposit
2026-01-18T18:56:23.0595629Z     🎯 Using AI-provided locator: button:nth-child(2)
2026-01-18T18:56:23.0651096Z     ✅ Found 1 verified locators
2026-01-18T18:56:27.1071535Z     ✅ State transitioned.
2026-01-18T18:56:29.4156958Z [DEBUG] Sending request to gemini-2.0-flash. Number of parts: 2
2026-01-18T18:56:29.4157527Z [DEBUG] Received response (Length: 200)
2026-01-18T18:56:29.4158191Z     🤖 AI Next Step Suggestion: click -> Deposit
2026-01-18T18:56:29.4158564Z     🧩 Suggested Locator: button:nth-child(2)
2026-01-18T18:56:29.4159411Z     💭 Reasoning: The last action was filling the amount and clicking deposit. This action is to confirm the deposit.
2026-01-18T18:56:29.4160084Z     ⚠️ Skipping duplicate AI suggestion (just executed): ('click', 'deposit')
2026-01-18T18:56:29.4160511Z   ▶️ [STEP step_8] ASSERT_VISIBLE: Your Name
2026-01-18T18:56:29.4214397Z     🔍 Mining locators for: 'Your Name'
2026-01-18T18:56:29.4539984Z     🧠 Consulting AI (Vision-First) to find 'Your Name'...
2026-01-18T18:56:29.4543000Z     🧠 [EXPERT] Strategy: Act as a Senior SDET focusing on exploring application to understand functional flow and automating FinTech scenarios. Focus on the end-to-end functional flow (e.g., Account Creation, Login, Funds Transfer, Loan Application). Prioritize identifying stable locators and interactive elements for automation. Ensure core banking features are accessible and functional.
2026-01-18T18:56:33.9373003Z [DEBUG] Sending request to gemini-2.0-flash. Number of parts: 2
2026-01-18T18:56:33.9374946Z [DEBUG] Received response (Length: 435)
2026-01-18T18:56:33.9375507Z     🔄 Retry 1/3 mining locators for 'Your Name'...
2026-01-18T18:56:34.9695203Z     🧠 Consulting AI (Vision-First) to find 'Your Name'...
2026-01-18T18:56:34.9698267Z     🧠 [EXPERT] Strategy: Act as a Senior SDET focusing on exploring application to understand functional flow and automating FinTech scenarios. Focus on the end-to-end functional flow (e.g., Account Creation, Login, Funds Transfer, Loan Application). Prioritize identifying stable locators and interactive elements for automation. Ensure core banking features are accessible and functional.
2026-01-18T18:56:34.9750962Z [CACHE HIT] 7e2c0017... (hits: 9, misses: 30)
2026-01-18T18:56:34.9751572Z     🔄 Retry 2/3 mining locators for 'Your Name'...
2026-01-18T18:56:36.0205190Z     🧠 Consulting AI (Vision-First) to find 'Your Name'...
2026-01-18T18:56:36.0208818Z     🧠 [EXPERT] Strategy: Act as a Senior SDET focusing on exploring application to understand functional flow and automating FinTech scenarios. Focus on the end-to-end functional flow (e.g., Account Creation, Login, Funds Transfer, Loan Application). Prioritize identifying stable locators and interactive elements for automation. Ensure core banking features are accessible and functional.
2026-01-18T18:56:36.0260681Z [CACHE HIT] 7e2c0017... (hits: 10, misses: 30)
2026-01-18T18:56:36.0261590Z     🧠 Verifying step validity for 'Your Name' after mining failure...
2026-01-18T18:56:38.7967644Z [DEBUG] Sending request to gemini-2.0-flash. Number of parts: 2
2026-01-18T18:56:38.7968080Z [DEBUG] Received response (Length: 230)
2026-01-18T18:56:38.7968714Z     🛠️ Self-Correction: Step is valid. Using new locator: span.fontM.bold
2026-01-18T18:56:44.3082216Z     ⚠️ Scroll into view failed for span.fontM.bold. Proceeding anyway.
2026-01-18T18:56:46.3104840Z     ✅ State transitioned.
2026-01-18T18:56:46.3131627Z     🔄 Revisited state detected (count: 1)
2026-01-18T18:56:47.5931194Z [DEBUG] Sending request to gemini-2.0-flash. Number of parts: 2
2026-01-18T18:56:47.5931822Z [DEBUG] Received response (Length: 197)
2026-01-18T18:56:47.5932485Z     🤖 AI Next Step Suggestion: done -> N/A
2026-01-18T18:56:47.5933472Z     💭 Reasoning: The last action was a successful deposit. There are no more actions to take on this page to progress towards the goal of customer and manager banking flows.
2026-01-18T18:56:49.6346315Z 
2026-01-18T18:56:49.6347076Z [2/4] Exploring Scenario: Manager Login and Add Customer
2026-01-18T18:56:49.6350011Z     🧠 Initialized exploration context for goal: 'Customer and manager banking flows'
2026-01-18T18:56:49.6351191Z   ▶️ [STEP step_1] NAVIGATE: 
2026-01-18T18:56:50.4706398Z     ✅ Navigated to https://www.globalsqa.com/angularJs-protractor/BankingProject/
2026-01-18T18:56:50.4708181Z   ▶️ [STEP step_2] CLICK: Bank Manager Login
2026-01-18T18:56:50.4869539Z     🔍 Mining locators for: 'Bank Manager Login'
2026-01-18T18:56:50.5290231Z     ✅ Found 2 verified locators
2026-01-18T18:56:54.1087201Z     ✅ State transitioned.
2026-01-18T18:56:55.6771651Z [DEBUG] Sending request to gemini-2.0-flash. Number of parts: 2
2026-01-18T18:56:55.6772283Z [DEBUG] Received response (Length: 178)
2026-01-18T18:56:55.6773090Z     🤖 AI Next Step Suggestion: click -> Add Customer
2026-01-18T18:56:55.6773730Z     🧩 Suggested Locator: button:contains('Add Customer')
2026-01-18T18:56:55.6774536Z     💭 Reasoning: To start the process of adding a customer as a bank manager.
2026-01-18T18:56:55.6775030Z     ➕ Injected AI step: click -> Add Customer
2026-01-18T18:56:55.6775401Z   ▶️ [STEP step_2_ai_1] CLICK: Add Customer
2026-01-18T18:56:55.6827863Z     🎯 Using AI-provided locator: button:contains('Add Customer')
2026-01-18T18:56:55.6859317Z     🔍 Mining locators for: 'Add Customer'
2026-01-18T18:56:55.7185481Z     ✅ Found 2 verified locators
2026-01-18T18:56:59.2735846Z     ✅ State transitioned.
2026-01-18T18:57:00.7756707Z [DEBUG] Sending request to gemini-2.0-flash. Number of parts: 2
2026-01-18T18:57:00.7757575Z [DEBUG] Received response (Length: 193)
2026-01-18T18:57:00.7758584Z     🤖 AI Next Step Suggestion: fill -> First Name
2026-01-18T18:57:00.7759879Z     🧩 Suggested Locator: input[placeholder='First Name']
2026-01-18T18:57:00.7760936Z     💭 Reasoning: To add a customer, we need to fill in the first name field.
2026-01-18T18:57:00.7761871Z     ➕ Injected AI step: fill -> First Name
2026-01-18T18:57:00.7762539Z   ▶️ [STEP step_2_ai_2] FILL: First Name
2026-01-18T18:57:00.7815994Z     🎯 Using AI-provided locator: input[placeholder='First Name']
2026-01-18T18:57:00.7874456Z     ✅ Found 1 verified locators
2026-01-18T18:57:06.1084866Z     ✅ State transitioned.
2026-01-18T18:57:07.9317446Z [DEBUG] Sending request to gemini-2.0-flash. Number of parts: 2
2026-01-18T18:57:07.9318235Z [DEBUG] Received response (Length: 208)
2026-01-18T18:57:07.9319332Z     🤖 AI Next Step Suggestion: fill -> Last Name
2026-01-18T18:57:07.9320191Z     🧩 Suggested Locator: input[placeholder='Last Name']
2026-01-18T18:57:07.9321378Z     💭 Reasoning: The next logical step in adding a customer is to fill in the last name field.
2026-01-18T18:57:07.9322428Z     ➕ Injected AI step: fill -> Last Name
2026-01-18T18:57:07.9323094Z   ▶️ [STEP step_2_ai_3] FILL: Last Name
2026-01-18T18:57:07.9374604Z     🎯 Using AI-provided locator: input[placeholder='Last Name']
2026-01-18T18:57:07.9434114Z     ✅ Found 1 verified locators
2026-01-18T18:57:13.2845002Z     ✅ State transitioned.
2026-01-18T18:57:14.9540954Z [DEBUG] Sending request to gemini-2.0-flash. Number of parts: 2
2026-01-18T18:57:14.9541652Z [DEBUG] Received response (Length: 204)
2026-01-18T18:57:14.9542469Z     🤖 AI Next Step Suggestion: fill -> Post Code
2026-01-18T18:57:14.9543315Z     🧩 Suggested Locator: input[placeholder='Post Code']
2026-01-18T18:57:14.9544435Z     💭 Reasoning: The next logical step in adding a customer is to fill in the post code.
2026-01-18T18:57:14.9545353Z     ➕ Injected AI step: fill -> Post Code
2026-01-18T18:57:14.9545761Z   ▶️ [STEP step_2_ai_4] FILL: Post Code
2026-01-18T18:57:14.9595493Z     🎯 Using AI-provided locator: input[placeholder='Post Code']
2026-01-18T18:57:14.9648515Z     ✅ Found 1 verified locators
2026-01-18T18:57:20.7439899Z     ✅ State transitioned.
2026-01-18T18:57:22.1084825Z [DEBUG] Sending request to gemini-2.0-flash. Number of parts: 2
2026-01-18T18:57:22.1085536Z [DEBUG] Received response (Length: 215)
2026-01-18T18:57:22.1086352Z     🤖 AI Next Step Suggestion: click -> Add Customer
2026-01-18T18:57:22.1087074Z     🧩 Suggested Locator: button:contains('Add Customer')
2026-01-18T18:57:22.1088586Z     💭 Reasoning: All the customer details are filled. Now, click on the 'Add Customer' button to add the customer.
2026-01-18T18:57:22.1089798Z     ➕ Injected AI step: click -> Add Customer
2026-01-18T18:57:22.1090610Z   ▶️ [STEP step_2_ai_5] CLICK: Add Customer
2026-01-18T18:57:22.1149299Z     🎯 Using AI-provided locator: button:contains('Add Customer')
2026-01-18T18:57:22.1173793Z     🔍 Mining locators for: 'Add Customer'
2026-01-18T18:57:22.1675244Z     ✅ Found 2 verified locators
2026-01-18T18:57:25.7062439Z     ✅ State transitioned.
2026-01-18T18:57:27.4797574Z [DEBUG] Sending request to gemini-2.0-flash. Number of parts: 2
2026-01-18T18:57:27.4798214Z [DEBUG] Received response (Length: 209)
2026-01-18T18:57:27.4799237Z     🤖 AI Next Step Suggestion: click -> Add Customer
2026-01-18T18:57:27.4799878Z     🧩 Suggested Locator: button:nth-of-type(3)
2026-01-18T18:57:27.4800897Z     💭 Reasoning: The form is filled, so clicking 'Add Customer' will submit the form and (hopefully) add the customer.
2026-01-18T18:57:27.4802086Z     ⚠️ Skipping duplicate AI suggestion (just executed): ('click', 'add customer')
2026-01-18T18:57:27.4802537Z   ▶️ [STEP step_3] CLICK: Add Customer
2026-01-18T18:57:27.4855570Z     🔍 Mining locators for: 'Add Customer'
2026-01-18T18:57:27.5331110Z     ✅ Found 2 verified locators
2026-01-18T18:57:31.0732301Z     ✅ State transitioned.
2026-01-18T18:57:31.0758367Z     🔄 Revisited state detected (count: 1)
2026-01-18T18:57:32.9172884Z [DEBUG] Sending request to gemini-2.0-flash. Number of parts: 2
2026-01-18T18:57:32.9173434Z [DEBUG] Received response (Length: 301)
2026-01-18T18:57:32.9174006Z     🤖 AI Next Step Suggestion: click -> Add Customer
2026-01-18T18:57:32.9174977Z     💭 Reasoning: The form is filled, and the 'Add Customer' button needs to be clicked to submit the data. The action history shows that the button was clicked before, but it needs to be clicked again to proceed.
2026-01-18T18:57:32.9175947Z ⚠️ Loop detected: same AI suggestion repeated 3 times. Moving to next step.
2026-01-18T18:57:32.9176398Z   ▶️ [STEP step_4] FILL: First Name
2026-01-18T18:57:32.9227436Z     🔍 Mining locators for: 'First Name'
2026-01-18T18:57:32.9601411Z     ✅ Found 2 verified locators
2026-01-18T18:57:38.9445550Z     ✅ State transitioned.
2026-01-18T18:57:40.6127596Z [DEBUG] Sending request to gemini-2.0-flash. Number of parts: 2
2026-01-18T18:57:40.6128146Z [DEBUG] Received response (Length: 240)
2026-01-18T18:57:40.6128812Z     🤖 AI Next Step Suggestion: click -> Add Customer
2026-01-18T18:57:40.6129611Z     🧩 Suggested Locator: button:nth-of-type(2)
2026-01-18T18:57:40.6130345Z     💭 Reasoning: After filling in the customer details, the 'Add Customer' button needs to be clicked to submit the information and add the customer.
2026-01-18T18:57:40.6131015Z     ➕ Injected AI step: click -> Add Customer
2026-01-18T18:57:40.6131351Z   ▶️ [STEP step_4_ai_1] CLICK: Add Customer
2026-01-18T18:57:40.6185705Z     🎯 Using AI-provided locator: button:nth-of-type(2)
2026-01-18T18:57:40.6240837Z     ✅ Found 1 verified locators
2026-01-18T18:57:44.6713880Z     ✅ State transitioned.
2026-01-18T18:57:45.7730717Z [DEBUG] Sending request to gemini-2.0-flash. Number of parts: 2
2026-01-18T18:57:45.7731401Z [DEBUG] Received response (Length: 207)
2026-01-18T18:57:45.7732174Z     🤖 AI Next Step Suggestion: click -> Login
2026-01-18T18:57:45.7732939Z     💭 Reasoning: After selecting a user, the next logical step is to click the 'Login' button to access the customer account.
2026-01-18T18:57:45.7733583Z     ➕ Injected AI step: click -> Login
2026-01-18T18:57:45.7733923Z   ▶️ [STEP step_4_ai_2] CLICK: Login
2026-01-18T18:57:45.7784428Z     🔍 Mining locators for: 'Login'
2026-01-18T18:57:45.8089985Z     ✅ Found 2 verified locators
2026-01-18T18:57:49.3555772Z     ✅ State transitioned.
2026-01-18T18:57:51.1842913Z [DEBUG] Sending request to gemini-2.0-flash. Number of parts: 2
2026-01-18T18:57:51.1843551Z [DEBUG] Received response (Length: 314)
2026-01-18T18:57:51.1844554Z     🤖 AI Next Step Suggestion: click -> Please open an account with us.
2026-01-18T18:57:51.1845672Z     🧩 Suggested Locator: select[name='accountSelect']
2026-01-18T18:57:51.1849196Z     💭 Reasoning: The current page state indicates that the user needs to open an account. The select element with name 'accountSelect' is the only interactive element related to opening an account.
2026-01-18T18:57:51.1850756Z     ➕ Injected AI step: click -> Please open an account with us.
2026-01-18T18:57:51.1851540Z   ▶️ [STEP step_4_ai_3] CLICK: Please open an account with us.
2026-01-18T18:57:51.1900444Z     🎯 Using AI-provided locator: select[name='accountSelect']
2026-01-18T18:57:51.1955253Z     ✅ Found 1 verified locators
2026-01-18T18:57:55.2410220Z     ✅ State transitioned.
2026-01-18T18:57:56.7360610Z [DEBUG] Sending request to gemini-2.0-flash. Number of parts: 2
2026-01-18T18:57:56.7361490Z [DEBUG] Received response (Length: 311)
2026-01-18T18:57:56.7362652Z     🤖 AI Next Step Suggestion: click -> Please open an account with us.
2026-01-18T18:57:56.7363857Z     🧩 Suggested Locator: span:contains('Please open an account with us.')
2026-01-18T18:57:56.7365919Z     💭 Reasoning: The goal is customer and manager banking flows. The current page shows 'Please open an account with us.' which is the next logical step to create an account.
2026-01-18T18:57:56.7368013Z     ⚠️ Skipping duplicate AI suggestion (just executed): ('click', 'please open an account with us.')
2026-01-18T18:57:56.7369362Z   ▶️ [STEP step_5] FILL: Last Name
2026-01-18T18:57:56.7419999Z     🔍 Mining locators for: 'Last Name'
2026-01-18T18:57:56.7752188Z     🧠 Consulting AI (Vision-First) to find 'Last Name'...
2026-01-18T18:57:56.7754262Z     🧠 [EXPERT] Strategy: Act as a Senior SDET focusing on exploring application to understand functional flow and automating FinTech scenarios. Focus on the end-to-end functional flow (e.g., Account Creation, Login, Funds Transfer, Loan Application). Prioritize identifying stable locators and interactive elements for automation. Ensure core banking features are accessible and functional.
2026-01-18T18:58:01.5141925Z [DEBUG] Sending request to gemini-2.0-flash. Number of parts: 2
2026-01-18T18:58:01.5142448Z [DEBUG] Received response (Length: 294)
2026-01-18T18:58:01.5143193Z     ⚠️ Skipping duplicate injection: Please open an account with us.
2026-01-18T18:58:01.5143721Z     🔄 Retry 1/3 mining locators for 'Last Name'...
2026-01-18T18:58:02.5434429Z     🧠 Consulting AI (Vision-First) to find 'Last Name'...
2026-01-18T18:58:02.5436446Z     🧠 [EXPERT] Strategy: Act as a Senior SDET focusing on exploring application to understand functional flow and automating FinTech scenarios. Focus on the end-to-end functional flow (e.g., Account Creation, Login, Funds Transfer, Loan Application). Prioritize identifying stable locators and interactive elements for automation. Ensure core banking features are accessible and functional.
2026-01-18T18:58:02.5438790Z [CACHE HIT] 282befb9... (hits: 11, misses: 44)
2026-01-18T18:58:02.5439734Z     ⚠️ Skipping duplicate injection: Please open an account with us.
2026-01-18T18:58:02.5440228Z     🔄 Retry 2/3 mining locators for 'Last Name'...
2026-01-18T18:58:03.5750977Z     🧠 Consulting AI (Vision-First) to find 'Last Name'...
2026-01-18T18:58:03.5753689Z     🧠 [EXPERT] Strategy: Act as a Senior SDET focusing on exploring application to understand functional flow and automating FinTech scenarios. Focus on the end-to-end functional flow (e.g., Account Creation, Login, Funds Transfer, Loan Application). Prioritize identifying stable locators and interactive elements for automation. Ensure core banking features are accessible and functional.
2026-01-18T18:58:03.5756004Z [CACHE HIT] 282befb9... (hits: 12, misses: 44)
2026-01-18T18:58:03.5756690Z     ⚠️ Skipping duplicate injection: Please open an account with us.
2026-01-18T18:58:03.5757509Z     🧠 Verifying step validity for 'Last Name' after no candidates found...
2026-01-18T18:58:06.5013363Z [DEBUG] Sending request to gemini-2.0-flash. Number of parts: 2
2026-01-18T18:58:06.5014606Z [DEBUG] Received response (Length: 232)
2026-01-18T18:58:06.5017377Z     🗑️ Step deemed INVALID: The 'Last Name' field is not visible on the current page (account page). It is likely part of the 'Add Customer' or 'Open Account' flow, which is not currently displayed.. Removing from workflow.
2026-01-18T18:58:06.5019818Z     ⏭️ Skipping execution of invalid step: Last Name
2026-01-18T18:58:06.5020591Z   ▶️ [STEP step_6] FILL: Post Code
2026-01-18T18:58:06.5072118Z     🔍 Mining locators for: 'Post Code'
2026-01-18T18:58:06.5416399Z     🧠 Consulting AI (Vision-First) to find 'Post Code'...
2026-01-18T18:58:06.5418429Z     🧠 [EXPERT] Strategy: Act as a Senior SDET focusing on exploring application to understand functional flow and automating FinTech scenarios. Focus on the end-to-end functional flow (e.g., Account Creation, Login, Funds Transfer, Loan Application). Prioritize identifying stable locators and interactive elements for automation. Ensure core banking features are accessible and functional.
2026-01-18T18:58:12.1131504Z [DEBUG] Sending request to gemini-2.0-flash. Number of parts: 2
2026-01-18T18:58:12.1131969Z [DEBUG] Received response (Length: 367)
2026-01-18T18:58:12.1133463Z     💡 Expert Suggestion: The 'Post Code' field is likely part of the account creation process. Clicking 'Please open an account with us.' should navigate to the account creation form, where the 'Post Code' field might be located.
2026-01-18T18:58:12.1134793Z     🛠️ Executing corrective action: click -> 'Please open an account with us.'
2026-01-18T18:58:12.6672334Z     ✅ Executed corrective navigation
2026-01-18T18:58:14.6695360Z     🔄 Retry 1/3 mining locators for 'Post Code'...
2026-01-18T18:58:15.6988477Z     🧠 Consulting AI (Vision-First) to find 'Post Code'...
2026-01-18T18:58:15.6991404Z     🧠 [EXPERT] Strategy: Act as a Senior SDET focusing on exploring application to understand functional flow and automating FinTech scenarios. Focus on the end-to-end functional flow (e.g., Account Creation, Login, Funds Transfer, Loan Application). Prioritize identifying stable locators and interactive elements for automation. Ensure core banking features are accessible and functional.
2026-01-18T18:58:17.3511207Z [DEBUG] Sending request to gemini-2.0-flash. Number of parts: 2
2026-01-18T18:58:17.3511612Z [DEBUG] Received response (Length: 217)
2026-01-18T18:58:17.3512275Z     ⚠️ Skipping duplicate injection: Please open an account with us.
2026-01-18T18:58:17.3512722Z     🔄 Retry 2/3 mining locators for 'Post Code'...
2026-01-18T18:58:18.3812349Z     🧠 Consulting AI (Vision-First) to find 'Post Code'...
2026-01-18T18:58:18.3815533Z     🧠 [EXPERT] Strategy: Act as a Senior SDET focusing on exploring application to understand functional flow and automating FinTech scenarios. Focus on the end-to-end functional flow (e.g., Account Creation, Login, Funds Transfer, Loan Application). Prioritize identifying stable locators and interactive elements for automation. Ensure core banking features are accessible and functional.
2026-01-18T18:58:18.3818389Z [CACHE HIT] 89842394... (hits: 13, misses: 47)
2026-01-18T18:58:18.3819582Z     ⚠️ Skipping duplicate injection: Please open an account with us.
2026-01-18T18:58:18.3820595Z     🧠 Verifying step validity for 'Post Code' after no candidates found...
2026-01-18T18:58:22.2128869Z [DEBUG] Sending request to gemini-2.0-flash. Number of parts: 2
2026-01-18T18:58:22.2129726Z [DEBUG] Received response (Length: 284)
2026-01-18T18:58:22.2131146Z     🗑️ Step deemed INVALID: The current page is the account details page. The 'Post Code' field is part of the 'Add Customer' form, which is not visible on this page. Therefore, interacting with 'Post Code' is not a valid step in the current context.. Removing from workflow.
2026-01-18T18:58:22.2132251Z     ⏭️ Skipping execution of invalid step: Post Code
2026-01-18T18:58:22.2132608Z   ▶️ [STEP step_7] CLICK: Add Customer
2026-01-18T18:58:22.2184664Z     🔍 Mining locators for: 'Add Customer'
2026-01-18T18:58:22.2476102Z     🧠 Consulting AI (Vision-First) to find 'Add Customer'...
2026-01-18T18:58:22.2480175Z     🧠 [EXPERT] Strategy: Act as a Senior SDET focusing on exploring application to understand functional flow and automating FinTech scenarios. Focus on the end-to-end functional flow (e.g., Account Creation, Login, Funds Transfer, Loan Application). Prioritize identifying stable locators and interactive elements for automation. Ensure core banking features are accessible and functional.
2026-01-18T18:58:27.0238567Z [DEBUG] Sending request to gemini-2.0-flash. Number of parts: 2
2026-01-18T18:58:27.0239388Z [DEBUG] Received response (Length: 249)
2026-01-18T18:58:27.0240474Z     💡 Expert Suggestion: "Add Customer" functionality is typically found under the 'Home' or 'Manage' sections for administrative tasks.
2026-01-18T18:58:27.0241238Z     🛠️ Executing corrective action: click -> 'Home'
2026-01-18T18:58:27.5673849Z     ✅ Executed corrective navigation
2026-01-18T18:58:29.5696799Z     🔄 Retry 1/3 mining locators for 'Add Customer'...
2026-01-18T18:58:30.5979334Z     🧠 Consulting AI (Vision-First) to find 'Add Customer'...
2026-01-18T18:58:30.5982196Z     🧠 [EXPERT] Strategy: Act as a Senior SDET focusing on exploring application to understand functional flow and automating FinTech scenarios. Focus on the end-to-end functional flow (e.g., Account Creation, Login, Funds Transfer, Loan Application). Prioritize identifying stable locators and interactive elements for automation. Ensure core banking features are accessible and functional.
2026-01-18T18:58:32.1620199Z [DEBUG] Sending request to gemini-2.0-flash. Number of parts: 2
2026-01-18T18:58:32.1620888Z [DEBUG] Received response (Length: 225)
2026-01-18T18:58:32.1622263Z     💡 Expert Suggestion: The 'Add Customer' functionality is likely within the Bank Manager section.
2026-01-18T18:58:32.1623507Z     🛠️ Executing corrective action: click -> 'Bank Manager Login'
2026-01-18T18:58:32.7085325Z     ✅ Executed corrective navigation
2026-01-18T18:58:34.7108715Z     🔄 Retry 2/3 mining locators for 'Add Customer'...
2026-01-18T18:58:35.7446276Z     ✅ Found 2 verified locators
2026-01-18T18:58:39.3041586Z     ✅ State transitioned.
2026-01-18T18:58:40.7850067Z [DEBUG] Sending request to gemini-2.0-flash. Number of parts: 2
2026-01-18T18:58:40.7850719Z [DEBUG] Received response (Length: 248)
2026-01-18T18:58:40.7851464Z     🤖 AI Next Step Suggestion: fill -> Last Name
2026-01-18T18:58:40.7851890Z     🧩 Suggested Locator: input[ng-model='lName']
2026-01-18T18:58:40.7852707Z     💭 Reasoning: The form requires First Name, Last Name, and Post Code. First Name was filled in the previous step. Now filling Last Name.
2026-01-18T18:58:40.7853447Z     ➕ Injected AI step: fill -> Last Name
2026-01-18T18:58:40.7853821Z   ▶️ [STEP step_7_ai_1] FILL: Last Name
2026-01-18T18:58:40.7903849Z     🎯 Using AI-provided locator: input[ng-model='lName']
2026-01-18T18:58:40.7958121Z     ✅ Found 1 verified locators
2026-01-18T18:58:46.5168522Z     ✅ State transitioned.
2026-01-18T18:58:48.0699871Z [DEBUG] Sending request to gemini-2.0-flash. Number of parts: 2
2026-01-18T18:58:48.0700654Z [DEBUG] Received response (Length: 233)
2026-01-18T18:58:48.0701691Z     🤖 AI Next Step Suggestion: fill -> First Name
2026-01-18T18:58:48.0702718Z     🧩 Suggested Locator: input[placeholder='First Name']
2026-01-18T18:58:48.0704310Z     💭 Reasoning: The last name is already filled. Filling the first name is the next logical step to add a customer.
2026-01-18T18:58:48.0705511Z     ➕ Injected AI step: fill -> First Name
2026-01-18T18:58:48.0705910Z   ▶️ [STEP step_7_ai_2] FILL: First Name
2026-01-18T18:58:48.0757435Z     🎯 Using AI-provided locator: input[placeholder='First Name']
2026-01-18T18:58:48.0812747Z     ✅ Found 1 verified locators
2026-01-18T18:58:53.4576494Z     ✅ State transitioned.
2026-01-18T18:58:54.9712276Z [DEBUG] Sending request to gemini-2.0-flash. Number of parts: 2
2026-01-18T18:58:54.9712986Z [DEBUG] Received response (Length: 210)
2026-01-18T18:58:54.9713627Z     🤖 AI Next Step Suggestion: fill -> Post Code
2026-01-18T18:58:54.9714430Z     🧩 Suggested Locator: input[placeholder='Post Code']
2026-01-18T18:58:54.9715126Z     💭 Reasoning: The next logical step in adding a customer is to fill in the Post Code field.
2026-01-18T18:58:54.9715905Z     ➕ Injected AI step: fill -> Post Code
2026-01-18T18:58:54.9716255Z   ▶️ [STEP step_7_ai_3] FILL: Post Code
2026-01-18T18:58:54.9767454Z     🎯 Using AI-provided locator: input[placeholder='Post Code']
2026-01-18T18:58:54.9820690Z     ✅ Found 1 verified locators
2026-01-18T18:59:00.6222270Z     ✅ State transitioned.
2026-01-18T18:59:02.0780101Z [DEBUG] Sending request to gemini-2.0-flash. Number of parts: 2
2026-01-18T18:59:02.0780810Z [DEBUG] Received response (Length: 205)
2026-01-18T18:59:02.0781639Z     🤖 AI Next Step Suggestion: click -> Add Customer
2026-01-18T18:59:02.0782317Z     🧩 Suggested Locator: button:nth-of-type(2)
2026-01-18T18:59:02.0783436Z     💭 Reasoning: All the customer details are filled. Now, click on the 'Add Customer' button to add the customer.
2026-01-18T18:59:02.0784456Z     ➕ Injected AI step: click -> Add Customer
2026-01-18T18:59:02.0785005Z   ▶️ [STEP step_7_ai_4] CLICK: Add Customer
2026-01-18T18:59:02.0835795Z     🎯 Using AI-provided locator: button:nth-of-type(2)
2026-01-18T18:59:02.0888774Z     ✅ Found 1 verified locators
2026-01-18T18:59:06.1388872Z     ✅ State transitioned.
2026-01-18T18:59:06.1414055Z     🔄 Revisited state detected (count: 1)
2026-01-18T18:59:07.4576627Z [DEBUG] Sending request to gemini-2.0-flash. Number of parts: 2
2026-01-18T18:59:07.4577143Z [DEBUG] Received response (Length: 198)
2026-01-18T18:59:07.4577772Z     🤖 AI Next Step Suggestion: click -> Login
2026-01-18T18:59:07.4578533Z     💭 Reasoning: To access customer banking flows, we need to log in as a customer. The 'Login' button is available.
2026-01-18T18:59:07.4579505Z     ➕ Injected AI step: click -> Login
2026-01-18T18:59:07.4579900Z   ▶️ [STEP step_7_ai_5] CLICK: Login
2026-01-18T18:59:07.4630357Z     🔍 Mining locators for: 'Login'
2026-01-18T18:59:07.4936173Z     ✅ Found 2 verified locators
2026-01-18T18:59:11.0539518Z     ✅ State transitioned.
2026-01-18T18:59:11.0566551Z     🔄 Revisited state detected (count: 2)
2026-01-18T18:59:12.3910749Z [DEBUG] Sending request to gemini-2.0-flash. Number of parts: 2
2026-01-18T18:59:12.3911345Z [DEBUG] Received response (Length: 161)
2026-01-18T18:59:12.3912051Z     🤖 AI Next Step Suggestion: click -> Please open an account with us.
2026-01-18T18:59:12.3912587Z     💭 Reasoning: To open an account for the customer.
2026-01-18T18:59:12.3913092Z     ➕ Injected AI step: click -> Please open an account with us.
2026-01-18T18:59:12.3913613Z   ▶️ [STEP step_7_ai_6] CLICK: Please open an account with us.
2026-01-18T18:59:12.3965636Z     🔍 Mining locators for: 'Please open an account with us.'
2026-01-18T18:59:12.4241999Z     ✅ Found 1 verified locators
2026-01-18T18:59:15.9829325Z     ✅ State transitioned.
2026-01-18T18:59:17.4549821Z [DEBUG] Sending request to gemini-2.0-flash. Number of parts: 2
2026-01-18T18:59:17.4550495Z [DEBUG] Received response (Length: 264)
2026-01-18T18:59:17.4551474Z     🤖 AI Next Step Suggestion: click -> Please open an account with us.
2026-01-18T18:59:17.4552610Z     💭 Reasoning: The goal is customer and manager banking flows. The current page has the option to open an account. Clicking this is the next logical step.
2026-01-18T18:59:17.4553614Z     ⚠️ Skipping duplicate AI suggestion (just executed): ('click', 'please open an account with us.')
2026-01-18T18:59:17.4554142Z   ▶️ [STEP step_8] WAIT: 
2026-01-18T18:59:22.4692803Z     ⚠️ Scroll into view failed for text=None. Proceeding anyway.
2026-01-18T18:59:24.4716145Z     ✅ State transitioned.
2026-01-18T18:59:24.4741636Z     🔄 Revisited state detected (count: 1)
2026-01-18T18:59:25.7173652Z [DEBUG] Sending request to gemini-2.0-flash. Number of parts: 2
2026-01-18T18:59:25.7174207Z [DEBUG] Received response (Length: 282)
2026-01-18T18:59:25.7174848Z     🤖 AI Next Step Suggestion: click -> Please open an account with us.
2026-01-18T18:59:25.7176105Z     💭 Reasoning: The goal is customer and manager banking flows. The current page shows 'Please open an account with us.' which is the next logical step to create an account.
2026-01-18T18:59:25.7177154Z ⚠️ Loop detected: same AI suggestion repeated 3 times. Moving to next step.
2026-01-18T18:59:25.7177582Z   ▶️ [STEP step_9] CLICK: OK
2026-01-18T18:59:25.7226853Z     🔍 Mining locators for: 'OK'
2026-01-18T18:59:25.7471493Z     🧠 Consulting AI (Vision-First) to find 'OK'...
2026-01-18T18:59:25.7474259Z     🧠 [EXPERT] Strategy: Act as a Senior SDET focusing on exploring application to understand functional flow and automating FinTech scenarios. Focus on the end-to-end functional flow (e.g., Account Creation, Login, Funds Transfer, Loan Application). Prioritize identifying stable locators and interactive elements for automation. Ensure core banking features are accessible and functional.
2026-01-18T18:59:30.6863128Z [DEBUG] Sending request to gemini-2.0-flash. Number of parts: 2
2026-01-18T18:59:30.6863571Z [DEBUG] Received response (Length: 261)
2026-01-18T18:59:30.6864483Z     💡 Expert Suggestion: The 'OK' button is likely associated with completing a transaction or confirming details within the transaction flow.
2026-01-18T18:59:30.6865265Z     🛠️ Executing corrective action: click -> 'Transactions'
2026-01-18T18:59:31.2271046Z     ✅ Executed corrective navigation
2026-01-18T18:59:33.2294062Z     🔄 Retry 1/3 mining locators for 'OK'...
2026-01-18T18:59:34.2616803Z     🧠 Consulting AI (Vision-First) to find 'OK'...
2026-01-18T18:59:34.2620334Z     🧠 [EXPERT] Strategy: Act as a Senior SDET focusing on exploring application to understand functional flow and automating FinTech scenarios. Focus on the end-to-end functional flow (e.g., Account Creation, Login, Funds Transfer, Loan Application). Prioritize identifying stable locators and interactive elements for automation. Ensure core banking features are accessible and functional.
2026-01-18T18:59:35.8622422Z [DEBUG] Sending request to gemini-2.0-flash. Number of parts: 2
2026-01-18T18:59:35.8622878Z [DEBUG] Received response (Length: 261)
2026-01-18T18:59:35.8623470Z     ⚠️ Skipping duplicate injection: Transactions
2026-01-18T18:59:35.8623863Z     🔄 Retry 2/3 mining locators for 'OK'...
2026-01-18T18:59:36.8943298Z     🧠 Consulting AI (Vision-First) to find 'OK'...
2026-01-18T18:59:36.8945298Z     🧠 [EXPERT] Strategy: Act as a Senior SDET focusing on exploring application to understand functional flow and automating FinTech scenarios. Focus on the end-to-end functional flow (e.g., Account Creation, Login, Funds Transfer, Loan Application). Prioritize identifying stable locators and interactive elements for automation. Ensure core banking features are accessible and functional.
2026-01-18T18:59:36.8947701Z [CACHE HIT] d60c57fa... (hits: 14, misses: 60)
2026-01-18T18:59:36.8948418Z     ⚠️ Skipping duplicate injection: Transactions
2026-01-18T18:59:36.8949379Z     🧠 Verifying step validity for 'OK' after no candidates found...
2026-01-18T18:59:40.7486162Z [DEBUG] Sending request to gemini-2.0-flash. Number of parts: 2
2026-01-18T18:59:40.7486578Z [DEBUG] Received response (Length: 237)
2026-01-18T18:59:40.7488089Z     🗑️ Step deemed INVALID: The 'OK' button is not visible on the current page. The page displays account information and options for transactions, deposit, and withdrawal, but no 'OK' button is present.. Removing from workflow.
2026-01-18T18:59:40.7491211Z     ⏭️ Skipping execution of invalid step: OK
2026-01-18T18:59:42.7812822Z 
2026-01-18T18:59:42.7813572Z [3/4] Exploring Scenario: Manager Login and Open Account
2026-01-18T18:59:42.7814785Z     🧠 Initialized exploration context for goal: 'Customer and manager banking flows'
2026-01-18T18:59:42.7815589Z   ▶️ [STEP step_1] NAVIGATE: 
2026-01-18T18:59:43.6722535Z     ✅ Navigated to https://www.globalsqa.com/angularJs-protractor/BankingProject/
2026-01-18T18:59:43.6723304Z   ▶️ [STEP step_2] CLICK: Bank Manager Login
2026-01-18T18:59:43.6884473Z     🔍 Mining locators for: 'Bank Manager Login'
2026-01-18T18:59:43.7382517Z     ✅ Found 2 verified locators
2026-01-18T18:59:47.3207612Z     ✅ State transitioned.
2026-01-18T18:59:47.3526282Z [CACHE HIT] e7ddf031... (hits: 15, misses: 61)
2026-01-18T18:59:47.3527143Z     🤖 AI Next Step Suggestion: click -> Add Customer
2026-01-18T18:59:47.3527682Z     🧩 Suggested Locator: button:contains('Add Customer')
2026-01-18T18:59:47.3528149Z     💭 Reasoning: To start the process of adding a customer as a bank manager.
2026-01-18T18:59:47.3528596Z     ➕ Injected AI step: click -> Add Customer
2026-01-18T18:59:47.3528920Z   ▶️ [STEP step_2_ai_1] CLICK: Add Customer
2026-01-18T18:59:47.3577364Z     🎯 Using AI-provided locator: button:contains('Add Customer')
2026-01-18T18:59:47.3608365Z     🔍 Mining locators for: 'Add Customer'
2026-01-18T18:59:47.4007785Z     ✅ Found 2 verified locators
2026-01-18T18:59:50.9495599Z     ✅ State transitioned.
2026-01-18T18:59:50.9973325Z [CACHE HIT] 7654cc2f... (hits: 16, misses: 61)
2026-01-18T18:59:50.9974324Z     🤖 AI Next Step Suggestion: fill -> First Name
2026-01-18T18:59:50.9975080Z     🧩 Suggested Locator: input[placeholder='First Name']
2026-01-18T18:59:50.9975989Z     💭 Reasoning: To add a customer, we need to fill in the first name field.
2026-01-18T18:59:50.9976751Z     ➕ Injected AI step: fill -> First Name
2026-01-18T18:59:50.9977302Z   ▶️ [STEP step_2_ai_2] FILL: First Name
2026-01-18T18:59:51.0023786Z     🎯 Using AI-provided locator: input[placeholder='First Name']
2026-01-18T18:59:51.0077038Z     ✅ Found 1 verified locators
2026-01-18T18:59:56.5295504Z     ✅ State transitioned.
2026-01-18T18:59:56.5626286Z [CACHE HIT] 7f7be57a... (hits: 17, misses: 61)
2026-01-18T18:59:56.5627220Z     🤖 AI Next Step Suggestion: fill -> Last Name
2026-01-18T18:59:56.5627896Z     🧩 Suggested Locator: input[placeholder='Last Name']
2026-01-18T18:59:56.5629729Z     💭 Reasoning: The next logical step in adding a customer is to fill in the last name field.
2026-01-18T18:59:56.5630310Z     ➕ Injected AI step: fill -> Last Name
2026-01-18T18:59:56.5630663Z   ▶️ [STEP step_2_ai_3] FILL: Last Name
2026-01-18T18:59:56.5675641Z     🎯 Using AI-provided locator: input[placeholder='Last Name']
2026-01-18T18:59:56.5728826Z     ✅ Found 1 verified locators
2026-01-18T19:00:02.0583011Z     ✅ State transitioned.
2026-01-18T19:00:02.0958562Z [CACHE HIT] 8b63cff7... (hits: 18, misses: 61)
2026-01-18T19:00:02.0959994Z     🤖 AI Next Step Suggestion: fill -> Post Code
2026-01-18T19:00:02.0960908Z     🧩 Suggested Locator: input[placeholder='Post Code']
2026-01-18T19:00:02.0961909Z     💭 Reasoning: The next logical step in adding a customer is to fill in the post code.
2026-01-18T19:00:02.0962905Z     ➕ Injected AI step: fill -> Post Code
2026-01-18T19:00:02.0963314Z   ▶️ [STEP step_2_ai_4] FILL: Post Code
2026-01-18T19:00:02.1008525Z     🎯 Using AI-provided locator: input[placeholder='Post Code']
2026-01-18T19:00:02.1058848Z     ✅ Found 1 verified locators
2026-01-18T19:00:07.6867993Z     ✅ State transitioned.
2026-01-18T19:00:07.7290636Z [CACHE HIT] cb8b274f... (hits: 19, misses: 61)
2026-01-18T19:00:07.7291550Z     🤖 AI Next Step Suggestion: click -> Add Customer
2026-01-18T19:00:07.7292236Z     🧩 Suggested Locator: button:contains('Add Customer')
2026-01-18T19:00:07.7293621Z     💭 Reasoning: All the customer details are filled. Now, click on the 'Add Customer' button to add the customer.
2026-01-18T19:00:07.7294230Z     ➕ Injected AI step: click -> Add Customer
2026-01-18T19:00:07.7294573Z   ▶️ [STEP step_2_ai_5] CLICK: Add Customer
2026-01-18T19:00:07.7339902Z     🎯 Using AI-provided locator: button:contains('Add Customer')
2026-01-18T19:00:07.7361927Z     🔍 Mining locators for: 'Add Customer'
2026-01-18T19:00:07.7920575Z     ✅ Found 2 verified locators
2026-01-18T19:00:11.3307063Z     ✅ State transitioned.
2026-01-18T19:00:11.3620167Z [CACHE HIT] 4bd8cfa1... (hits: 20, misses: 61)
2026-01-18T19:00:11.3621049Z     🤖 AI Next Step Suggestion: click -> Add Customer
2026-01-18T19:00:11.3622928Z     🧩 Suggested Locator: button:nth-of-type(3)
2026-01-18T19:00:11.3624281Z     💭 Reasoning: The form is filled, so clicking 'Add Customer' will submit the form and (hopefully) add the customer.
2026-01-18T19:00:11.3625012Z     ⚠️ Skipping duplicate AI suggestion (just executed): ('click', 'add customer')
2026-01-18T19:00:11.3625461Z   ▶️ [STEP step_3] CLICK: Open Account
2026-01-18T19:00:11.3668833Z     🔍 Mining locators for: 'Open Account'
2026-01-18T19:00:11.4029928Z     ✅ Found 2 verified locators
2026-01-18T19:00:14.9464940Z     ✅ State transitioned.
2026-01-18T19:00:16.7987306Z [DEBUG] Sending request to gemini-2.0-flash. Number of parts: 2
2026-01-18T19:00:16.7987989Z [DEBUG] Received response (Length: 232)
2026-01-18T19:00:16.7988825Z     🤖 AI Next Step Suggestion: fill -> Customer Name
2026-01-18T19:00:16.7989674Z     🧩 Suggested Locator: select[id='userSelect']
2026-01-18T19:00:16.7990650Z     💭 Reasoning: Need to select a customer to open an account for. Selecting the first customer in the list.
2026-01-18T19:00:16.7991593Z     ➕ Injected AI step: fill -> Customer Name
2026-01-18T19:00:16.7992195Z   ▶️ [STEP step_3_ai_1] FILL: Customer Name
2026-01-18T19:00:16.8041974Z     🎯 Using AI-provided locator: select[id='userSelect']
2026-01-18T19:00:16.8094806Z     ✅ Found 1 verified locators
2026-01-18T19:00:23.0844840Z     ✅ State transitioned.
2026-01-18T19:00:24.7789503Z [DEBUG] Sending request to gemini-2.0-flash. Number of parts: 2
2026-01-18T19:00:24.7790207Z [DEBUG] Received response (Length: 187)
2026-01-18T19:00:24.7790899Z     🤖 AI Next Step Suggestion: fill -> Customer Name
2026-01-18T19:00:24.7791382Z     🧩 Suggested Locator: select[id='userSelect']
2026-01-18T19:00:24.7791893Z     💭 Reasoning: Select a customer name to open an account for.
2026-01-18T19:00:24.7792518Z     ⚠️ Skipping duplicate AI suggestion (just executed): ('fill', 'customer name')
2026-01-18T19:00:24.7793070Z   ▶️ [STEP step_4] SELECT: Customer
2026-01-18T19:00:24.7843962Z     🔍 Mining locators for: 'Customer'
2026-01-18T19:00:24.8438398Z     ✅ Found 6 verified locators
2026-01-18T19:00:27.3638019Z     ✅ State transitioned.
2026-01-18T19:00:27.3671625Z     🔄 Revisited state detected (count: 1)
2026-01-18T19:00:29.4977904Z [DEBUG] Sending request to gemini-2.0-flash. Number of parts: 2
2026-01-18T19:00:29.4978590Z [DEBUG] Received response (Length: 214)
2026-01-18T19:00:29.4979514Z     🤖 AI Next Step Suggestion: SELECT -> Currency
2026-01-18T19:00:29.4980169Z     🧩 Suggested Locator: select[name='currency']
2026-01-18T19:00:29.4981133Z     💭 Reasoning: After selecting the customer, the next step is to select the currency for the account.
2026-01-18T19:00:29.4982015Z     ➕ Injected AI step: SELECT -> Currency
2026-01-18T19:00:29.4982541Z   ▶️ [STEP step_4_ai_1] SELECT: Currency
2026-01-18T19:00:29.5035178Z     🎯 Using AI-provided locator: select[name='currency']
2026-01-18T19:00:29.5087434Z     ✅ Found 1 verified locators
2026-01-18T19:00:32.5311242Z     ✅ State transitioned.
2026-01-18T19:00:34.2916815Z [DEBUG] Sending request to gemini-2.0-flash. Number of parts: 2
2026-01-18T19:00:34.2917624Z [DEBUG] Received response (Length: 206)
2026-01-18T19:00:34.2918309Z     🤖 AI Next Step Suggestion: click -> Process
2026-01-18T19:00:34.2918747Z     🧩 Suggested Locator: button
2026-01-18T19:00:34.2920011Z     💭 Reasoning: After selecting the customer and currency, the next logical step is to click the 'Process' button to open the account.
2026-01-18T19:00:34.2920826Z     ➕ Injected AI step: click -> Process
2026-01-18T19:00:34.2921214Z   ▶️ [STEP step_4_ai_2] CLICK: Process
2026-01-18T19:00:34.2969971Z     🎯 Using AI-provided locator: button
2026-01-18T19:00:34.3021925Z     ✅ Found 1 verified locators
2026-01-18T19:00:38.3482319Z     ✅ State transitioned.
2026-01-18T19:00:39.5061765Z [DEBUG] Sending request to gemini-2.0-flash. Number of parts: 2
2026-01-18T19:00:39.5062398Z [DEBUG] Received response (Length: 208)
2026-01-18T19:00:39.5063118Z     🤖 AI Next Step Suggestion: click -> Bank Manager Login
2026-01-18T19:00:39.5063613Z     🧩 Suggested Locator: button:contains('Bank Manager Login')
2026-01-18T19:00:39.5064573Z     💭 Reasoning: To proceed with the manager banking flows, I need to log in as a bank manager.
2026-01-18T19:00:39.5065157Z     ➕ Injected AI step: click -> Bank Manager Login
2026-01-18T19:00:39.5065576Z   ▶️ [STEP step_4_ai_3] CLICK: Bank Manager Login
2026-01-18T19:00:39.5115042Z     🎯 Using AI-provided locator: button:contains('Bank Manager Login')
2026-01-18T19:00:39.5136955Z     🔍 Mining locators for: 'Bank Manager Login'
2026-01-18T19:00:39.5489749Z     ✅ Found 2 verified locators
2026-01-18T19:00:43.0975552Z     ✅ State transitioned.
2026-01-18T19:00:44.8555609Z [DEBUG] Sending request to gemini-2.0-flash. Number of parts: 2
2026-01-18T19:00:44.8556305Z [DEBUG] Received response (Length: 235)
2026-01-18T19:00:44.8557153Z     🤖 AI Next Step Suggestion: click -> Open Account
2026-01-18T19:00:44.8557777Z     🧩 Suggested Locator: button:nth-child(2)
2026-01-18T19:00:44.8558556Z     💭 Reasoning: To proceed with the manager banking flows, the next logical step after adding a customer is to open an account for that customer.
2026-01-18T19:00:44.8559550Z     ➕ Injected AI step: click -> Open Account
2026-01-18T19:00:44.8559885Z   ▶️ [STEP step_4_ai_4] CLICK: Open Account
2026-01-18T19:00:44.8614149Z     🎯 Using AI-provided locator: button:nth-child(2)
2026-01-18T19:00:44.8663237Z     ✅ Found 1 verified locators
2026-01-18T19:00:48.9168805Z     ✅ State transitioned.
2026-01-18T19:00:50.2096201Z [DEBUG] Sending request to gemini-2.0-flash. Number of parts: 2
2026-01-18T19:00:50.2096959Z [DEBUG] Received response (Length: 246)
2026-01-18T19:00:50.2097898Z     🤖 AI Next Step Suggestion: SELECT -> Customer
2026-01-18T19:00:50.2098740Z     🧩 Suggested Locator: select#userSelect
2026-01-18T19:00:50.2100532Z     💭 Reasoning: To open an account, we need to select a customer. Selecting 'Hermoine Granger' to proceed with opening an account.
2026-01-18T19:00:50.2101903Z     ➕ Injected AI step: SELECT -> Customer
2026-01-18T19:00:50.2102586Z   ▶️ [STEP step_4_ai_5] SELECT: Customer
2026-01-18T19:00:50.2154885Z     🎯 Using AI-provided locator: select#userSelect
2026-01-18T19:00:50.2208471Z     ✅ Found 1 verified locators
2026-01-18T19:00:53.2470629Z     ✅ State transitioned.
2026-01-18T19:00:55.3394609Z [DEBUG] Sending request to gemini-2.0-flash. Number of parts: 2
2026-01-18T19:00:55.3395398Z [DEBUG] Received response (Length: 208)
2026-01-18T19:00:55.3396271Z     🤖 AI Next Step Suggestion: SELECT -> Currency
2026-01-18T19:00:55.3396962Z     🧩 Suggested Locator: select[name='currency']
2026-01-18T19:00:55.3397961Z     💭 Reasoning: To open an account, we need to select a currency. Selecting 'Dollar' to proceed.
2026-01-18T19:00:55.3398885Z     ➕ Injected AI step: SELECT -> Currency
2026-01-18T19:00:55.3399831Z   ▶️ [STEP step_4_ai_6] SELECT: Currency
2026-01-18T19:00:55.3448480Z     🎯 Using AI-provided locator: select[name='currency']
2026-01-18T19:00:55.3497029Z     ✅ Found 1 verified locators
2026-01-18T19:00:58.3798605Z     ✅ State transitioned.
2026-01-18T19:01:00.3227136Z [DEBUG] Sending request to gemini-2.0-flash. Number of parts: 2
2026-01-18T19:01:00.3227715Z [DEBUG] Received response (Length: 189)
2026-01-18T19:01:00.3228384Z     🤖 AI Next Step Suggestion: click -> Process
2026-01-18T19:01:00.3229500Z     💭 Reasoning: The customer and currency have been selected. Clicking process will complete the action.
2026-01-18T19:01:00.3230060Z     ➕ Injected AI step: click -> Process
2026-01-18T19:01:00.3230379Z   ▶️ [STEP step_4_ai_7] CLICK: Process
2026-01-18T19:01:00.3294963Z     🔍 Mining locators for: 'Process'
2026-01-18T19:01:00.3650987Z     ✅ Found 2 verified locators
2026-01-18T19:01:03.9163161Z     ✅ State transitioned.
2026-01-18T19:01:03.9187610Z     🔄 Revisited state detected (count: 1)
2026-01-18T19:01:05.3821164Z [DEBUG] Sending request to gemini-2.0-flash. Number of parts: 2
2026-01-18T19:01:05.3821694Z [DEBUG] Received response (Length: 242)
2026-01-18T19:01:05.3822553Z     🤖 AI Next Step Suggestion: select -> Currency
2026-01-18T19:01:05.3823299Z     🧩 Suggested Locator: #currency
2026-01-18T19:01:05.3824204Z     💭 Reasoning: The currency needs to be selected to proceed with opening an account. Selecting 'Dollar' is an arbitrary choice to move forward.
2026-01-18T19:01:05.3825051Z     ➕ Injected AI step: select -> Currency
2026-01-18T19:01:05.3825442Z   ▶️ [STEP step_4_ai_8] SELECT: Currency
2026-01-18T19:01:05.3874750Z     🎯 Using AI-provided locator: #currency
2026-01-18T19:01:05.3930193Z     ✅ Found 1 verified locators
2026-01-18T19:01:08.4489805Z     ✅ State transitioned.
2026-01-18T19:01:08.4513848Z     🔄 Revisited state detected (count: 2)
2026-01-18T19:01:10.3789138Z [DEBUG] Sending request to gemini-2.0-flash. Number of parts: 2
2026-01-18T19:01:10.3790127Z [DEBUG] Received response (Length: 239)
2026-01-18T19:01:10.3790916Z     🤖 AI Next Step Suggestion: select -> Currency
2026-01-18T19:01:10.3798672Z     🧩 Suggested Locator: select[name='currency']
2026-01-18T19:01:10.3800000Z     💭 Reasoning: The last action was selecting currency, but it seems to have failed. I will select a valid currency to proceed.
2026-01-18T19:01:10.3801063Z     ⚠️ Skipping duplicate AI suggestion (just executed): ('select', 'currency')
2026-01-18T19:01:10.3801726Z   ▶️ [STEP step_5] SELECT: Currency
2026-01-18T19:01:10.3845581Z     🔍 Mining locators for: 'Currency'
2026-01-18T19:01:10.4548700Z     ✅ Found 3 verified locators
2026-01-18T19:01:13.4961529Z     ✅ State transitioned.
2026-01-18T19:01:13.4986787Z     🔄 Revisited state detected (count: 3)
2026-01-18T19:01:15.0996164Z [DEBUG] Sending request to gemini-2.0-flash. Number of parts: 2
2026-01-18T19:01:15.0996896Z [DEBUG] Received response (Length: 217)
2026-01-18T19:01:15.0997686Z     🤖 AI Next Step Suggestion: SELECT -> Customer
2026-01-18T19:01:15.0998309Z     🧩 Suggested Locator: #userSelect
2026-01-18T19:01:15.0999492Z     💭 Reasoning: Need to select a customer to open an account for. Selecting the first customer in the list.
2026-01-18T19:01:15.1000451Z     ➕ Injected AI step: SELECT -> Customer
2026-01-18T19:01:15.1001039Z   ▶️ [STEP step_5_ai_1] SELECT: Customer
2026-01-18T19:01:15.1051814Z     🎯 Using AI-provided locator: #userSelect
2026-01-18T19:01:15.1114376Z     ✅ Found 1 verified locators
2026-01-18T19:01:18.1628453Z     ✅ State transitioned.
2026-01-18T19:01:18.1653330Z     🔄 Revisited state detected (count: 4)
2026-01-18T19:01:20.3426101Z [DEBUG] Sending request to gemini-2.0-flash. Number of parts: 2
2026-01-18T19:01:20.3426812Z [DEBUG] Received response (Length: 231)
2026-01-18T19:01:20.3427619Z     🤖 AI Next Step Suggestion: SELECT -> Customer
2026-01-18T19:01:20.3428310Z     🧩 Suggested Locator: select[name='userSelect']
2026-01-18T19:01:20.3429558Z     💭 Reasoning: Need to select a customer to open an account for. Selecting the first customer in the list.
2026-01-18T19:01:20.3430732Z     ⚠️ Skipping duplicate AI suggestion (just executed): ('select', 'customer')
2026-01-18T19:01:20.3431465Z   ▶️ [STEP step_6] CLICK: Process
2026-01-18T19:01:20.3481674Z     🔍 Mining locators for: 'Process'
2026-01-18T19:01:20.4018672Z     ✅ Found 2 verified locators
2026-01-18T19:01:23.9700693Z     ✅ State transitioned.
2026-01-18T19:01:25.3786105Z [DEBUG] Sending request to gemini-2.0-flash. Number of parts: 2
2026-01-18T19:01:25.3787126Z [DEBUG] Received response (Length: 218)
2026-01-18T19:01:25.3787989Z     🤖 AI Next Step Suggestion: SELECT -> Customer
2026-01-18T19:01:25.3788691Z     🧩 Suggested Locator: select#userSelect
2026-01-18T19:01:25.3790036Z     💭 Reasoning: Need to select a customer before processing. Selecting the first customer in the list.
2026-01-18T19:01:25.3791357Z ⚠️ Loop detected: same AI suggestion repeated 3 times. Moving to next step.
2026-01-18T19:01:25.3792158Z   ▶️ [STEP step_7] WAIT: 
2026-01-18T19:01:30.3943168Z     ⚠️ Scroll into view failed for text=None. Proceeding anyway.
2026-01-18T19:01:32.3965920Z     ✅ State transitioned.
2026-01-18T19:01:32.3993733Z     🔄 Revisited state detected (count: 1)
2026-01-18T19:01:33.7454800Z [DEBUG] Sending request to gemini-2.0-flash. Number of parts: 2
2026-01-18T19:01:33.7456149Z [DEBUG] Received response (Length: 236)
2026-01-18T19:01:33.7457217Z     🤖 AI Next Step Suggestion: select -> Customer Name
2026-01-18T19:01:33.7458074Z     🧩 Suggested Locator: select[name='userSelect']
2026-01-18T19:01:33.7459674Z     💭 Reasoning: Need to select a customer name before processing. Selecting the first customer in the list.
2026-01-18T19:01:33.7460907Z     ➕ Injected AI step: select -> Customer Name
2026-01-18T19:01:33.7461639Z   ▶️ [STEP step_7_ai_1] SELECT: Customer Name
2026-01-18T19:01:33.7511644Z     🎯 Using AI-provided locator: select[name='userSelect']
2026-01-18T19:01:33.7564278Z     ✅ Found 1 verified locators
2026-01-18T19:01:36.7969601Z     ✅ State transitioned.
2026-01-18T19:01:36.7993906Z     🔄 Revisited state detected (count: 2)
2026-01-18T19:01:38.7007237Z [DEBUG] Sending request to gemini-2.0-flash. Number of parts: 2
2026-01-18T19:01:38.7007820Z [DEBUG] Received response (Length: 251)
2026-01-18T19:01:38.7008672Z     🤖 AI Next Step Suggestion: select -> Customer Name
2026-01-18T19:01:38.7009306Z     🧩 Suggested Locator: select[name='userSelect']
2026-01-18T19:01:38.7009983Z     💭 Reasoning: To open an account, we need to select a customer name. Hermoine Granger is the first customer in the list.
2026-01-18T19:01:38.7010676Z     ⚠️ Skipping duplicate AI suggestion (just executed): ('select', 'customer name')
2026-01-18T19:01:38.7011114Z   ▶️ [STEP step_8] CLICK: OK
2026-01-18T19:01:38.7061375Z     🔍 Mining locators for: 'OK'
2026-01-18T19:01:38.7593575Z     🧠 Consulting AI (Vision-First) to find 'OK'...
2026-01-18T19:01:38.7596695Z     🧠 [EXPERT] Strategy: Act as a Senior SDET focusing on exploring application to understand functional flow and automating FinTech scenarios. Focus on the end-to-end functional flow (e.g., Account Creation, Login, Funds Transfer, Loan Application). Prioritize identifying stable locators and interactive elements for automation. Ensure core banking features are accessible and functional.
2026-01-18T19:01:43.7998338Z [DEBUG] Sending request to gemini-2.0-flash. Number of parts: 2
2026-01-18T19:01:43.7998881Z [DEBUG] Received response (Length: 246)
2026-01-18T19:01:43.8000045Z     💡 Expert Suggestion: Clicking 'Process' might lead to a confirmation page with an 'OK' button or a similar confirmation element.
2026-01-18T19:01:43.8000728Z     🛠️ Executing corrective action: click -> 'Process'
2026-01-18T19:01:44.3708137Z     ✅ Executed corrective navigation
2026-01-18T19:01:46.3730896Z     🔄 Retry 1/3 mining locators for 'OK'...
2026-01-18T19:01:47.4253920Z     🧠 Consulting AI (Vision-First) to find 'OK'...
2026-01-18T19:01:47.4257171Z     🧠 [EXPERT] Strategy: Act as a Senior SDET focusing on exploring application to understand functional flow and automating FinTech scenarios. Focus on the end-to-end functional flow (e.g., Account Creation, Login, Funds Transfer, Loan Application). Prioritize identifying stable locators and interactive elements for automation. Ensure core banking features are accessible and functional.
2026-01-18T19:01:47.4260076Z [CACHE HIT] c78a0a50... (hits: 21, misses: 78)
2026-01-18T19:01:47.4260724Z     ⚠️ Skipping duplicate injection: Process
2026-01-18T19:01:47.4261319Z     🔄 Retry 2/3 mining locators for 'OK'...
2026-01-18T19:01:48.4745442Z     🧠 Consulting AI (Vision-First) to find 'OK'...
2026-01-18T19:01:48.4748558Z     🧠 [EXPERT] Strategy: Act as a Senior SDET focusing on exploring application to understand functional flow and automating FinTech scenarios. Focus on the end-to-end functional flow (e.g., Account Creation, Login, Funds Transfer, Loan Application). Prioritize identifying stable locators and interactive elements for automation. Ensure core banking features are accessible and functional.
2026-01-18T19:01:48.4750834Z [CACHE HIT] c78a0a50... (hits: 22, misses: 78)
2026-01-18T19:01:48.4751593Z     ⚠️ Skipping duplicate injection: Process
2026-01-18T19:01:48.4753155Z     🧠 Verifying step validity for 'OK' after no candidates found...
2026-01-18T19:01:49.8483637Z [DEBUG] Sending request to gemini-2.0-flash. Number of parts: 2
2026-01-18T19:01:49.8484295Z [DEBUG] Received response (Length: 329)
2026-01-18T19:01:49.8486026Z     🗑️ Step deemed INVALID: The 'OK' button is not visible on the 'Open Account' page. The page displays a form for opening an account, requiring the selection of a customer and currency. The 'OK' button typically appears in confirmation dialogs, which are not present in the current page state.. Removing from workflow.
2026-01-18T19:01:49.8487279Z     ⏭️ Skipping execution of invalid step: OK
2026-01-18T19:01:51.8812080Z 
2026-01-18T19:01:51.8813134Z [4/4] Exploring Scenario: Customer Deposit and Withdrawl
2026-01-18T19:01:51.8815505Z     🧠 Initialized exploration context for goal: 'Customer and manager banking flows'
2026-01-18T19:01:51.8816656Z   ▶️ [STEP step_1] NAVIGATE: 
2026-01-18T19:01:52.7256783Z     ✅ Navigated to https://www.globalsqa.com/angularJs-protractor/BankingProject/
2026-01-18T19:01:52.7257376Z   ▶️ [STEP step_2] CLICK: Customer Login
2026-01-18T19:01:52.7425101Z     🔍 Mining locators for: 'Customer Login'
2026-01-18T19:01:52.7848344Z     ✅ Found 2 verified locators
2026-01-18T19:01:56.3640279Z     ✅ State transitioned.
2026-01-18T19:01:56.3923949Z [CACHE HIT] eb901c6e... (hits: 23, misses: 79)
2026-01-18T19:01:56.3925023Z     🤖 AI Next Step Suggestion: fill -> user selection dropdown
2026-01-18T19:01:56.3925726Z     🧩 Suggested Locator: #userSelect
2026-01-18T19:01:56.3926478Z     💭 Reasoning: Select a user from the dropdown to proceed with login.
2026-01-18T19:01:56.3927278Z     ➕ Injected AI step: fill -> user selection dropdown
2026-01-18T19:01:56.3927960Z   ▶️ [STEP step_2_ai_1] FILL: user selection dropdown
2026-01-18T19:01:56.3978522Z     🎯 Using AI-provided locator: #userSelect
2026-01-18T19:01:56.4027950Z     ✅ Found 1 verified locators
2026-01-18T19:02:03.0329480Z     ✅ State transitioned.
2026-01-18T19:02:03.0668829Z [CACHE HIT] 0aba7083... (hits: 24, misses: 79)
2026-01-18T19:02:03.0670095Z     🤖 AI Next Step Suggestion: click -> Login
2026-01-18T19:02:03.0670795Z     🧩 Suggested Locator: button[type='submit']
2026-01-18T19:02:03.0671804Z     💭 Reasoning: After selecting a user, the next logical step is to click the Login button to proceed.
2026-01-18T19:02:03.0672742Z     ➕ Injected AI step: click -> Login
2026-01-18T19:02:03.0673266Z   ▶️ [STEP step_2_ai_2] CLICK: Login
2026-01-18T19:02:03.0718767Z     🎯 Using AI-provided locator: button[type='submit']
2026-01-18T19:02:03.0772061Z     ✅ Found 1 verified locators
2026-01-18T19:02:07.1301033Z     ✅ State transitioned.
2026-01-18T19:02:07.1605027Z [CACHE HIT] 7f9fbb8d... (hits: 25, misses: 79)
2026-01-18T19:02:07.1605795Z     🤖 AI Next Step Suggestion: click -> Deposit
2026-01-18T19:02:07.1606214Z     🧩 Suggested Locator: button:contains('Deposit')
2026-01-18T19:02:07.1606737Z     💭 Reasoning: To explore the deposit functionality as part of the customer banking flows.
2026-01-18T19:02:07.1607230Z     ➕ Injected AI step: click -> Deposit
2026-01-18T19:02:07.1607874Z   ▶️ [STEP step_2_ai_3] CLICK: Deposit
2026-01-18T19:02:07.1651709Z     🎯 Using AI-provided locator: button:contains('Deposit')
2026-01-18T19:02:07.1682391Z     🔍 Mining locators for: 'Deposit'
2026-01-18T19:02:07.2129295Z     ✅ Found 2 verified locators
2026-01-18T19:02:10.7608622Z     ✅ State transitioned.
2026-01-18T19:02:10.8080932Z [CACHE HIT] 8b2692d1... (hits: 26, misses: 79)
2026-01-18T19:02:10.8081793Z     🤖 AI Next Step Suggestion: fill -> amount
2026-01-18T19:02:10.8082421Z     🧩 Suggested Locator: input[placeholder='amount']
2026-01-18T19:02:10.8083128Z     💭 Reasoning: To deposit funds, we need to enter an amount in the 'amount' input field.
2026-01-18T19:02:10.8083616Z     ➕ Injected AI step: fill -> amount
2026-01-18T19:02:10.8083934Z   ▶️ [STEP step_2_ai_4] FILL: amount
2026-01-18T19:02:10.8129429Z     🎯 Using AI-provided locator: input[placeholder='amount']
2026-01-18T19:02:10.8179229Z     ✅ Found 1 verified locators
2026-01-18T19:02:16.2740611Z     ✅ State transitioned.
2026-01-18T19:02:16.3082384Z [CACHE HIT] 87435ac9... (hits: 27, misses: 79)
2026-01-18T19:02:16.3083212Z     🤖 AI Next Step Suggestion: click -> Deposit
2026-01-18T19:02:16.3083702Z     🧩 Suggested Locator: button:nth-of-type(2)
2026-01-18T19:02:16.3084415Z     💭 Reasoning: After filling the amount, the next logical step is to click the deposit button to complete the deposit transaction.
2026-01-18T19:02:16.3085013Z     ➕ Injected AI step: click -> Deposit
2026-01-18T19:02:16.3085312Z   ▶️ [STEP step_2_ai_5] CLICK: Deposit
2026-01-18T19:02:16.3128930Z     🎯 Using AI-provided locator: button:nth-of-type(2)
2026-01-18T19:02:16.3179967Z     ✅ Found 1 verified locators
2026-01-18T19:02:20.3622446Z     ✅ State transitioned.
2026-01-18T19:02:20.3909392Z [CACHE HIT] 93b72e1e... (hits: 28, misses: 79)
2026-01-18T19:02:20.3910357Z     🤖 AI Next Step Suggestion: click -> Logout
2026-01-18T19:02:20.3911990Z     💭 Reasoning: Since we are logged in as a customer, and the goal is to explore both customer and manager flows, we should log out to get back to the main page and then log in as a manager.
2026-01-18T19:02:20.3913423Z     ➕ Injected AI step: click -> Logout
2026-01-18T19:02:20.3913946Z   ▶️ [STEP step_2_ai_6] CLICK: Logout
2026-01-18T19:02:20.3958206Z     🔍 Mining locators for: 'Logout'
2026-01-18T19:02:20.4287926Z     ✅ Found 2 verified locators
2026-01-18T19:02:23.9744835Z     ✅ State transitioned.
2026-01-18T19:02:24.0068441Z [CACHE HIT] 5ab69346... (hits: 29, misses: 79)
2026-01-18T19:02:24.0069442Z     🤖 AI Next Step Suggestion: click -> Login
2026-01-18T19:02:24.0070586Z     💭 Reasoning: Need to login again to continue with the customer banking flows. The last action was logout, so we need to log back in.
2026-01-18T19:02:24.0071225Z     ➕ Injected AI step: click -> Login
2026-01-18T19:02:24.0071544Z   ▶️ [STEP step_2_ai_7] CLICK: Login
2026-01-18T19:02:24.0115504Z     🔍 Mining locators for: 'Login'
2026-01-18T19:02:24.0451418Z     ✅ Found 2 verified locators
2026-01-18T19:02:27.5985139Z     ✅ State transitioned.
2026-01-18T19:02:27.6278634Z [CACHE HIT] 5bd37a05... (hits: 30, misses: 79)
2026-01-18T19:02:27.6279795Z     🤖 AI Next Step Suggestion: click -> Withdrawl
2026-01-18T19:02:27.6280519Z     🧩 Suggested Locator: button:contains('Withdrawl')
2026-01-18T19:02:27.6281637Z     💭 Reasoning: To test the withdrawl functionality and ensure funds can be withdrawn from the account.
2026-01-18T19:02:27.6282580Z     ➕ Injected AI step: click -> Withdrawl
2026-01-18T19:02:27.6283138Z   ▶️ [STEP step_2_ai_8] CLICK: Withdrawl
2026-01-18T19:02:27.6328414Z     🎯 Using AI-provided locator: button:contains('Withdrawl')
2026-01-18T19:02:27.6351909Z     🔍 Mining locators for: 'Withdrawl'
2026-01-18T19:02:27.6783312Z     ✅ Found 2 verified locators
2026-01-18T19:02:31.2259322Z     ✅ State transitioned.
2026-01-18T19:02:31.2737687Z [CACHE HIT] 10d7d619... (hits: 31, misses: 79)
2026-01-18T19:02:31.2738622Z     🤖 AI Next Step Suggestion: fill -> amount
2026-01-18T19:02:31.2739517Z     🧩 Suggested Locator: input[placeholder='amount']
2026-01-18T19:02:31.2741202Z     💭 Reasoning: To withdraw, we need to specify an amount. Filling the amount field is the next logical step after clicking Withdrawl.
2026-01-18T19:02:31.2742278Z     ➕ Injected AI step: fill -> amount
2026-01-18T19:02:31.2743007Z   ▶️ [STEP step_2_ai_9] FILL: amount
2026-01-18T19:02:31.2787728Z     🎯 Using AI-provided locator: input[placeholder='amount']
2026-01-18T19:02:31.2837310Z     ✅ Found 1 verified locators
2026-01-18T19:02:36.5727103Z     ✅ State transitioned.
2026-01-18T19:02:36.6072895Z [CACHE HIT] 4e077115... (hits: 32, misses: 79)
2026-01-18T19:02:36.6073662Z     🤖 AI Next Step Suggestion: click -> Withdraw
2026-01-18T19:02:36.6074182Z     🧩 Suggested Locator: button:contains('Withdraw')
2026-01-18T19:02:36.6074886Z     💭 Reasoning: After filling the amount, the next logical step is to click the 'Withdraw' button to complete the withdrawal transaction.
2026-01-18T19:02:36.6075515Z     ➕ Injected AI step: click -> Withdraw
2026-01-18T19:02:36.6075881Z   ▶️ [STEP step_2_ai_10] CLICK: Withdraw
2026-01-18T19:02:36.6120873Z     🎯 Using AI-provided locator: button:contains('Withdraw')
2026-01-18T19:02:36.6143009Z     🔍 Mining locators for: 'Withdraw'
2026-01-18T19:02:36.6711695Z     ✅ Found 4 verified locators
2026-01-18T19:02:40.2093936Z     ✅ State transitioned.
2026-01-18T19:02:40.2560471Z [CACHE HIT] 4ae100cb... (hits: 33, misses: 79)
2026-01-18T19:02:40.2561423Z     🤖 AI Next Step Suggestion: click -> Withdraw
2026-01-18T19:02:40.2562138Z     🧩 Suggested Locator: button:contains('Withdraw')
2026-01-18T19:02:40.2563609Z     💭 Reasoning: The last action was filling the amount for withdrawal. Now, we need to click the 'Withdraw' button to complete the withdrawal transaction.
2026-01-18T19:02:40.2565032Z     ⚠️ Skipping duplicate AI suggestion (just executed): ('click', 'withdraw')
2026-01-18T19:02:40.2565755Z   ▶️ [STEP step_3] SELECT: Your Name
2026-01-18T19:02:40.2609991Z     🔍 Mining locators for: 'Your Name'
2026-01-18T19:02:40.2890060Z     🧠 Consulting AI (Vision-First) to find 'Your Name'...
2026-01-18T19:02:40.2893351Z     🧠 [EXPERT] Strategy: Act as a Senior SDET focusing on exploring application to understand functional flow and automating FinTech scenarios. Focus on the end-to-end functional flow (e.g., Account Creation, Login, Funds Transfer, Loan Application). Prioritize identifying stable locators and interactive elements for automation. Ensure core banking features are accessible and functional.
2026-01-18T19:02:40.2954874Z [CACHE HIT] be0159fd... (hits: 34, misses: 79)
2026-01-18T19:02:40.2955576Z     🔄 Retry 1/3 mining locators for 'Your Name'...
2026-01-18T19:02:41.3389624Z     🧠 Consulting AI (Vision-First) to find 'Your Name'...
2026-01-18T19:02:41.3392816Z     🧠 [EXPERT] Strategy: Act as a Senior SDET focusing on exploring application to understand functional flow and automating FinTech scenarios. Focus on the end-to-end functional flow (e.g., Account Creation, Login, Funds Transfer, Loan Application). Prioritize identifying stable locators and interactive elements for automation. Ensure core banking features are accessible and functional.
2026-01-18T19:02:41.3452527Z [CACHE HIT] be0159fd... (hits: 35, misses: 79)
2026-01-18T19:02:41.3453026Z     🔄 Retry 2/3 mining locators for 'Your Name'...
2026-01-18T19:02:42.3888750Z     🧠 Consulting AI (Vision-First) to find 'Your Name'...
2026-01-18T19:02:42.3891063Z     🧠 [EXPERT] Strategy: Act as a Senior SDET focusing on exploring application to understand functional flow and automating FinTech scenarios. Focus on the end-to-end functional flow (e.g., Account Creation, Login, Funds Transfer, Loan Application). Prioritize identifying stable locators and interactive elements for automation. Ensure core banking features are accessible and functional.
2026-01-18T19:02:42.3950601Z [CACHE HIT] be0159fd... (hits: 36, misses: 79)
2026-01-18T19:02:42.3951346Z     🧠 Verifying step validity for 'Your Name' after mining failure...
2026-01-18T19:02:42.3955047Z [CACHE HIT] 6c668973... (hits: 37, misses: 79)
2026-01-18T19:02:42.3955842Z     🛠️ Self-Correction: Step is valid. Using new locator: strong.ng-binding
2026-01-18T19:02:45.4255296Z     ✅ State transitioned.
2026-01-18T19:02:45.4733042Z [CACHE HIT] 7b4d8178... (hits: 38, misses: 79)
2026-01-18T19:02:45.4734309Z     🤖 AI Next Step Suggestion: click -> Withdraw
2026-01-18T19:02:45.4735059Z     🧩 Suggested Locator: button:contains('Withdraw')
2026-01-18T19:02:45.4736204Z     💭 Reasoning: The amount has been entered, so the next step is to click the Withdraw button to complete the transaction.
2026-01-18T19:02:45.4737436Z ⚠️ Loop detected: same AI suggestion repeated 3 times. Moving to next step.
2026-01-18T19:02:45.4738143Z   ▶️ [STEP step_4] CLICK: Login
2026-01-18T19:02:45.4782815Z     🔍 Mining locators for: 'Login'
2026-01-18T19:02:45.5058186Z     🧠 Consulting AI (Vision-First) to find 'Login'...
2026-01-18T19:02:45.5061306Z     🧠 [EXPERT] Strategy: Act as a Senior SDET focusing on exploring application to understand functional flow and automating FinTech scenarios. Focus on the end-to-end functional flow (e.g., Account Creation, Login, Funds Transfer, Loan Application). Prioritize identifying stable locators and interactive elements for automation. Ensure core banking features are accessible and functional.
2026-01-18T19:02:45.5063950Z [CACHE HIT] 57b3959d... (hits: 39, misses: 79)
2026-01-18T19:02:45.5064565Z     🔄 Retry 1/3 mining locators for 'Login'...
2026-01-18T19:02:46.5393301Z     🧠 Consulting AI (Vision-First) to find 'Login'...
2026-01-18T19:02:46.5395756Z     🧠 [EXPERT] Strategy: Act as a Senior SDET focusing on exploring application to understand functional flow and automating FinTech scenarios. Focus on the end-to-end functional flow (e.g., Account Creation, Login, Funds Transfer, Loan Application). Prioritize identifying stable locators and interactive elements for automation. Ensure core banking features are accessible and functional.
2026-01-18T19:02:46.5397851Z [CACHE HIT] 57b3959d... (hits: 40, misses: 79)
2026-01-18T19:02:46.5398508Z     🔄 Retry 2/3 mining locators for 'Login'...
2026-01-18T19:02:47.5709568Z     🧠 Consulting AI (Vision-First) to find 'Login'...
2026-01-18T19:02:47.5712362Z     🧠 [EXPERT] Strategy: Act as a Senior SDET focusing on exploring application to understand functional flow and automating FinTech scenarios. Focus on the end-to-end functional flow (e.g., Account Creation, Login, Funds Transfer, Loan Application). Prioritize identifying stable locators and interactive elements for automation. Ensure core banking features are accessible and functional.
2026-01-18T19:02:47.5714616Z [CACHE HIT] 57b3959d... (hits: 41, misses: 79)
2026-01-18T19:02:47.5715676Z     🧠 Verifying step validity for 'Login' after no candidates found...
2026-01-18T19:02:47.5719856Z [CACHE HIT] 8ca58374... (hits: 42, misses: 79)
2026-01-18T19:02:47.5722475Z     🗑️ Step deemed INVALID: The page shows that the user is already logged in (Welcome Hermoine Granger). Therefore, there is no 'Login' button on this page. The logical next step would be to interact with elements related to the account, such as making a deposit or withdrawal.. Removing from workflow.
2026-01-18T19:02:47.5724884Z     ⏭️ Skipping execution of invalid step: Login
2026-01-18T19:02:47.5725490Z   ▶️ [STEP step_5] CLICK: Deposit
2026-01-18T19:02:47.5770230Z     🔍 Mining locators for: 'Deposit'
2026-01-18T19:02:47.6131500Z     ✅ Found 2 verified locators
2026-01-18T19:02:51.1601282Z     ✅ State transitioned.
2026-01-18T19:02:52.4330290Z [DEBUG] Sending request to gemini-2.0-flash. Number of parts: 2
2026-01-18T19:02:52.4330973Z [DEBUG] Received response (Length: 206)
2026-01-18T19:02:52.4331632Z     🤖 AI Next Step Suggestion: fill -> amount
2026-01-18T19:02:52.4332012Z     🧩 Suggested Locator: input[type='number']
2026-01-18T19:02:52.4332626Z     💭 Reasoning: The current page is the account page. The next step is to fill in the amount to deposit.
2026-01-18T19:02:52.4333198Z     ➕ Injected AI step: fill -> amount
2026-01-18T19:02:52.4333532Z   ▶️ [STEP step_5_ai_1] FILL: amount
2026-01-18T19:02:52.4385131Z     🎯 Using AI-provided locator: input[type='number']
2026-01-18T19:02:52.4437537Z     ✅ Found 1 verified locators
2026-01-18T19:02:57.6896981Z     ✅ State transitioned.
2026-01-18T19:02:59.1619563Z [DEBUG] Sending request to gemini-2.0-flash. Number of parts: 2
2026-01-18T19:02:59.1620251Z [DEBUG] Received response (Length: 216)
2026-01-18T19:02:59.1620946Z     🤖 AI Next Step Suggestion: click -> Deposit
2026-01-18T19:02:59.1621555Z     🧩 Suggested Locator: button:nth-child(2)
2026-01-18T19:02:59.1622267Z     💭 Reasoning: After filling the amount, the next logical step is to click the deposit button to complete the deposit transaction.
2026-01-18T19:02:59.1622851Z     ➕ Injected AI step: click -> Deposit
2026-01-18T19:02:59.1623156Z   ▶️ [STEP step_5_ai_2] CLICK: Deposit
2026-01-18T19:02:59.1673226Z     🎯 Using AI-provided locator: button:nth-child(2)
2026-01-18T19:02:59.1732437Z     ✅ Found 1 verified locators
2026-01-18T19:03:03.2255403Z     ✅ State transitioned.
2026-01-18T19:03:04.5332929Z [DEBUG] Sending request to gemini-2.0-flash. Number of parts: 2
2026-01-18T19:03:04.5333441Z [DEBUG] Received response (Length: 230)
2026-01-18T19:03:04.5334046Z     🤖 AI Next Step Suggestion: click -> Deposit
2026-01-18T19:03:04.5334594Z     🧩 Suggested Locator: button:contains('Deposit')
2026-01-18T19:03:04.5335306Z     💭 Reasoning: The last action was filling the amount and clicking deposit. Clicking deposit again will complete the deposit transaction.
2026-01-18T19:03:04.5336046Z     ⚠️ Skipping duplicate AI suggestion (just executed): ('click', 'deposit')
2026-01-18T19:03:04.5336480Z   ▶️ [STEP step_6] FILL: Amount to be Deposited
2026-01-18T19:03:04.5386390Z     🔍 Mining locators for: 'Amount to be Deposited'
2026-01-18T19:03:04.5714062Z     🧠 Consulting AI (Vision-First) to find 'Amount to be Deposited'...
2026-01-18T19:03:04.5716408Z     🧠 [EXPERT] Strategy: Act as a Senior SDET focusing on exploring application to understand functional flow and automating FinTech scenarios. Focus on the end-to-end functional flow (e.g., Account Creation, Login, Funds Transfer, Loan Application). Prioritize identifying stable locators and interactive elements for automation. Ensure core banking features are accessible and functional.
2026-01-18T19:03:09.7530234Z [DEBUG] Sending request to gemini-2.0-flash. Number of parts: 2
2026-01-18T19:03:09.7530674Z [DEBUG] Received response (Length: 321)
2026-01-18T19:03:09.7531302Z     🔄 Retry 1/3 mining locators for 'Amount to be Deposited'...
2026-01-18T19:03:10.7882502Z     🧠 Consulting AI (Vision-First) to find 'Amount to be Deposited'...
2026-01-18T19:03:10.7884780Z     🧠 [EXPERT] Strategy: Act as a Senior SDET focusing on exploring application to understand functional flow and automating FinTech scenarios. Focus on the end-to-end functional flow (e.g., Account Creation, Login, Funds Transfer, Loan Application). Prioritize identifying stable locators and interactive elements for automation. Ensure core banking features are accessible and functional.
2026-01-18T19:03:10.7887244Z [CACHE HIT] 92f8e96d... (hits: 43, misses: 83)
2026-01-18T19:03:10.7887887Z     🔄 Retry 2/3 mining locators for 'Amount to be Deposited'...
2026-01-18T19:03:11.8203946Z     🧠 Consulting AI (Vision-First) to find 'Amount to be Deposited'...
2026-01-18T19:03:11.8206969Z     🧠 [EXPERT] Strategy: Act as a Senior SDET focusing on exploring application to understand functional flow and automating FinTech scenarios. Focus on the end-to-end functional flow (e.g., Account Creation, Login, Funds Transfer, Loan Application). Prioritize identifying stable locators and interactive elements for automation. Ensure core banking features are accessible and functional.
2026-01-18T19:03:11.8210037Z [CACHE HIT] 92f8e96d... (hits: 44, misses: 83)
2026-01-18T19:03:11.8212181Z     🧠 Verifying step validity for 'Amount to be Deposited' after mining failure...
2026-01-18T19:03:14.4064345Z [DEBUG] Sending request to gemini-2.0-flash. Number of parts: 2
2026-01-18T19:03:14.4064739Z [DEBUG] Received response (Length: 213)
2026-01-18T19:03:14.4065667Z     🛠️ Self-Correction: Step is valid. Using new locator: input[placeholder='amount']
2026-01-18T19:03:19.7506788Z     ✅ State transitioned.
2026-01-18T19:03:21.0529975Z [DEBUG] Sending request to gemini-2.0-flash. Number of parts: 2
2026-01-18T19:03:21.0530693Z [DEBUG] Received response (Length: 202)
2026-01-18T19:03:21.0531518Z     🤖 AI Next Step Suggestion: click -> Deposit
2026-01-18T19:03:21.0532165Z     🧩 Suggested Locator: button:nth-of-type(2)
2026-01-18T19:03:21.0533312Z     💭 Reasoning: The amount has been entered, now we need to click the final deposit button to complete the deposit.
2026-01-18T19:03:21.0534490Z ⚠️ Loop detected: same AI suggestion repeated 3 times. Moving to next step.
2026-01-18T19:03:21.0535195Z   ▶️ [STEP step_7] CLICK: Deposit
2026-01-18T19:03:21.0585003Z     🔍 Mining locators for: 'Deposit'
2026-01-18T19:03:21.1016524Z     ✅ Found 2 verified locators
2026-01-18T19:03:24.6411637Z     ✅ State transitioned.
2026-01-18T19:03:24.6437470Z     🔄 Revisited state detected (count: 1)
2026-01-18T19:03:25.9669929Z [DEBUG] Sending request to gemini-2.0-flash. Number of parts: 2
2026-01-18T19:03:25.9670671Z [DEBUG] Received response (Length: 199)
2026-01-18T19:03:25.9673609Z     🤖 AI Next Step Suggestion: click -> Deposit
2026-01-18T19:03:25.9674337Z     🧩 Suggested Locator: button:nth-of-type(2)
2026-01-18T19:03:25.9675244Z     💭 Reasoning: The amount has been entered, and the deposit button needs to be clicked to complete the deposit.
2026-01-18T19:03:25.9676254Z     ⚠️ Skipping duplicate AI suggestion (just executed): ('click', 'deposit')
2026-01-18T19:03:25.9676724Z   ▶️ [STEP step_8] ASSERT_VISIBLE: Deposit Successful
2026-01-18T19:03:25.9725123Z     🔍 Mining locators for: 'Deposit Successful'
2026-01-18T19:03:26.0038685Z     🧠 Consulting AI (Vision-First) to find 'Deposit Successful'...
2026-01-18T19:03:26.0041174Z     🧠 [EXPERT] Strategy: Act as a Senior SDET focusing on exploring application to understand functional flow and automating FinTech scenarios. Focus on the end-to-end functional flow (e.g., Account Creation, Login, Funds Transfer, Loan Application). Prioritize identifying stable locators and interactive elements for automation. Ensure core banking features are accessible and functional.
2026-01-18T19:03:31.0220967Z [DEBUG] Sending request to gemini-2.0-flash. Number of parts: 2
2026-01-18T19:03:31.0221515Z [DEBUG] Received response (Length: 221)
2026-01-18T19:03:31.0222042Z     ⚠️ Skipping duplicate injection: Deposit
2026-01-18T19:03:31.0222462Z     🔄 Retry 1/3 mining locators for 'Deposit Successful'...
2026-01-18T19:03:32.0527178Z     🧠 Consulting AI (Vision-First) to find 'Deposit Successful'...
2026-01-18T19:03:32.0530392Z     🧠 [EXPERT] Strategy: Act as a Senior SDET focusing on exploring application to understand functional flow and automating FinTech scenarios. Focus on the end-to-end functional flow (e.g., Account Creation, Login, Funds Transfer, Loan Application). Prioritize identifying stable locators and interactive elements for automation. Ensure core banking features are accessible and functional.
2026-01-18T19:03:32.0532972Z [CACHE HIT] 8b901520... (hits: 45, misses: 87)
2026-01-18T19:03:32.0533638Z     ⚠️ Skipping duplicate injection: Deposit
2026-01-18T19:03:32.0534343Z     🔄 Retry 2/3 mining locators for 'Deposit Successful'...
2026-01-18T19:03:33.0862909Z     🧠 Consulting AI (Vision-First) to find 'Deposit Successful'...
2026-01-18T19:03:33.0865932Z     🧠 [EXPERT] Strategy: Act as a Senior SDET focusing on exploring application to understand functional flow and automating FinTech scenarios. Focus on the end-to-end functional flow (e.g., Account Creation, Login, Funds Transfer, Loan Application). Prioritize identifying stable locators and interactive elements for automation. Ensure core banking features are accessible and functional.
2026-01-18T19:03:33.0868328Z [CACHE HIT] 8b901520... (hits: 46, misses: 87)
2026-01-18T19:03:33.0869872Z     ⚠️ Skipping duplicate injection: Deposit
2026-01-18T19:03:33.0871089Z     🧠 Verifying step validity for 'Deposit Successful' after no candidates found...
2026-01-18T19:03:35.9146242Z [DEBUG] Sending request to gemini-2.0-flash. Number of parts: 2
2026-01-18T19:03:35.9147312Z [DEBUG] Received response (Length: 189)
2026-01-18T19:03:35.9149441Z     🗑️ Step deemed INVALID: "Deposit Successful" is not visible on the page. The deposit button needs to be clicked first to trigger the success message.. Removing from workflow.
2026-01-18T19:03:35.9150930Z     ⏭️ Skipping execution of invalid step: Deposit Successful
2026-01-18T19:03:35.9151566Z   ▶️ [STEP step_9] CLICK: Withdrawl
2026-01-18T19:03:35.9201227Z     🔍 Mining locators for: 'Withdrawl'
2026-01-18T19:03:35.9607203Z     ✅ Found 2 verified locators
2026-01-18T19:03:39.5083279Z     ✅ State transitioned.
2026-01-18T19:03:41.3079443Z [DEBUG] Sending request to gemini-2.0-flash. Number of parts: 2
2026-01-18T19:03:41.3080200Z [DEBUG] Received response (Length: 184)
2026-01-18T19:03:41.3080977Z     🤖 AI Next Step Suggestion: fill -> amount
2026-01-18T19:03:41.3081713Z     🧩 Suggested Locator: input[placeholder='amount']
2026-01-18T19:03:41.3082568Z     💭 Reasoning: To withdraw, we need to specify the amount to be withdrawn.
2026-01-18T19:03:41.3083326Z     ➕ Injected AI step: fill -> amount
2026-01-18T19:03:41.3083839Z   ▶️ [STEP step_9_ai_1] FILL: amount
2026-01-18T19:03:41.3135243Z     🎯 Using AI-provided locator: input[placeholder='amount']
2026-01-18T19:03:41.3190099Z     ✅ Found 1 verified locators
2026-01-18T19:03:46.5884503Z     ✅ State transitioned.
2026-01-18T19:03:48.0952486Z [DEBUG] Sending request to gemini-2.0-flash. Number of parts: 2
2026-01-18T19:03:48.0952997Z [DEBUG] Received response (Length: 247)
2026-01-18T19:03:48.0953619Z     🤖 AI Next Step Suggestion: click -> Withdraw
2026-01-18T19:03:48.0954023Z     🧩 Suggested Locator: //button[text()='Withdraw']
2026-01-18T19:03:48.0954777Z     💭 Reasoning: After filling the amount to be withdrawn, the next logical step is to click the 'Withdraw' button to complete the withdrawal transaction.
2026-01-18T19:03:48.0955462Z     ➕ Injected AI step: click -> Withdraw
2026-01-18T19:03:48.0955777Z   ▶️ [STEP step_9_ai_2] CLICK: Withdraw
2026-01-18T19:03:48.1005398Z     🎯 Using AI-provided locator: //button[text()='Withdraw']
2026-01-18T19:03:48.1055141Z     ✅ Found 1 verified locators
2026-01-18T19:03:51.6565846Z     ✅ State transitioned.
2026-01-18T19:03:53.5301798Z [DEBUG] Sending request to gemini-2.0-flash. Number of parts: 2
2026-01-18T19:03:53.5302430Z [DEBUG] Received response (Length: 172)
2026-01-18T19:03:53.5303196Z     🤖 AI Next Step Suggestion: fill -> amount
2026-01-18T19:03:53.5303738Z     🧩 Suggested Locator: input
2026-01-18T19:03:53.5304491Z     💭 Reasoning: To withdraw money, an amount needs to be entered in the amount field.
2026-01-18T19:03:53.5305258Z     ➕ Injected AI step: fill -> amount
2026-01-18T19:03:53.5305757Z   ▶️ [STEP step_9_ai_3] FILL: amount
2026-01-18T19:03:53.5355594Z     🎯 Using AI-provided locator: input
2026-01-18T19:03:53.5407244Z     ✅ Found 1 verified locators
2026-01-18T19:03:58.7837294Z     ✅ State transitioned.
2026-01-18T19:04:00.3161485Z [DEBUG] Sending request to gemini-2.0-flash. Number of parts: 2
2026-01-18T19:04:00.3162287Z [DEBUG] Received response (Length: 229)
2026-01-18T19:04:00.3162952Z     🤖 AI Next Step Suggestion: click -> Withdraw
2026-01-18T19:04:00.3163351Z     🧩 Suggested Locator: button:contains('Withdraw')
2026-01-18T19:04:00.3164049Z     💭 Reasoning: The amount has been entered, so the next step is to click the 'Withdraw' button to complete the withdrawal transaction.
2026-01-18T19:04:00.3164644Z     ➕ Injected AI step: click -> Withdraw
2026-01-18T19:04:00.3164958Z   ▶️ [STEP step_9_ai_4] CLICK: Withdraw
2026-01-18T19:04:00.3214927Z     🎯 Using AI-provided locator: button:contains('Withdraw')
2026-01-18T19:04:00.3237689Z     🔍 Mining locators for: 'Withdraw'
2026-01-18T19:04:00.3667421Z     ✅ Found 4 verified locators
2026-01-18T19:04:03.9079784Z     ✅ State transitioned.
2026-01-18T19:04:03.9106151Z     🔄 Revisited state detected (count: 1)
2026-01-18T19:04:05.3158554Z [DEBUG] Sending request to gemini-2.0-flash. Number of parts: 2
2026-01-18T19:04:05.3159547Z [DEBUG] Received response (Length: 203)
2026-01-18T19:04:05.3160497Z     🤖 AI Next Step Suggestion: done -> N/A
2026-01-18T19:04:05.3162238Z     💭 Reasoning: The last action was a successful withdrawal. There are no further actions to take on this page to progress towards the goal of customer and manager banking flows.
2026-01-18T19:04:05.3163502Z   ▶️ [STEP step_10] FILL: Amount to be Withdrawn
2026-01-18T19:04:05.3211653Z     🔍 Mining locators for: 'Amount to be Withdrawn'
2026-01-18T19:04:05.3514137Z     🧠 Consulting AI (Vision-First) to find 'Amount to be Withdrawn'...
2026-01-18T19:04:05.3517100Z     🧠 [EXPERT] Strategy: Act as a Senior SDET focusing on exploring application to understand functional flow and automating FinTech scenarios. Focus on the end-to-end functional flow (e.g., Account Creation, Login, Funds Transfer, Loan Application). Prioritize identifying stable locators and interactive elements for automation. Ensure core banking features are accessible and functional.
2026-01-18T19:04:10.4385222Z [DEBUG] Sending request to gemini-2.0-flash. Number of parts: 2
2026-01-18T19:04:10.4385688Z [DEBUG] Received response (Length: 321)
2026-01-18T19:04:10.4386311Z     🔄 Retry 1/3 mining locators for 'Amount to be Withdrawn'...
2026-01-18T19:04:11.4853214Z     🧠 Consulting AI (Vision-First) to find 'Amount to be Withdrawn'...
2026-01-18T19:04:11.4855575Z     🧠 [EXPERT] Strategy: Act as a Senior SDET focusing on exploring application to understand functional flow and automating FinTech scenarios. Focus on the end-to-end functional flow (e.g., Account Creation, Login, Funds Transfer, Loan Application). Prioritize identifying stable locators and interactive elements for automation. Ensure core banking features are accessible and functional.
2026-01-18T19:04:11.4859133Z [CACHE HIT] 88998a05... (hits: 47, misses: 94)
2026-01-18T19:04:12.5186444Z     🔄 Retry 2/3 mining locators for 'Amount to be Withdrawn'...
2026-01-18T19:04:12.5187478Z     🧠 Consulting AI (Vision-First) to find 'Amount to be Withdrawn'...
2026-01-18T19:04:12.5190872Z     🧠 [EXPERT] Strategy: Act as a Senior SDET focusing on exploring application to understand functional flow and automating FinTech scenarios. Focus on the end-to-end functional flow (e.g., Account Creation, Login, Funds Transfer, Loan Application). Prioritize identifying stable locators and interactive elements for automation. Ensure core banking features are accessible and functional.
2026-01-18T19:04:12.5193521Z [CACHE HIT] 88998a05... (hits: 48, misses: 94)
2026-01-18T19:04:12.5195678Z     🧠 Verifying step validity for 'Amount to be Withdrawn' after mining failure...
2026-01-18T19:04:15.3451585Z [DEBUG] Sending request to gemini-2.0-flash. Number of parts: 2
2026-01-18T19:04:15.3452387Z [DEBUG] Received response (Length: 240)
2026-01-18T19:04:15.3453467Z     🛠️ Self-Correction: Step is valid. Using new locator: input[ng-model='amount']
2026-01-18T19:04:20.6635382Z     ✅ State transitioned.
2026-01-18T19:04:20.6660962Z     🔄 Revisited state detected (count: 2)
2026-01-18T19:04:22.1479504Z [DEBUG] Sending request to gemini-2.0-flash. Number of parts: 2
2026-01-18T19:04:22.1480126Z [DEBUG] Received response (Length: 231)
2026-01-18T19:04:22.1480725Z     🤖 AI Next Step Suggestion: click -> Withdraw
2026-01-18T19:04:22.1481169Z     🧩 Suggested Locator: button:contains('Withdraw')
2026-01-18T19:04:22.1482002Z     💭 Reasoning: After filling the amount, the next logical step is to click the 'Withdraw' button to complete the withdrawal transaction.
2026-01-18T19:04:22.1482737Z     ➕ Injected AI step: click -> Withdraw
2026-01-18T19:04:22.1483103Z   ▶️ [STEP step_10_ai_1] CLICK: Withdraw
2026-01-18T19:04:22.1531209Z     🎯 Using AI-provided locator: button:contains('Withdraw')
2026-01-18T19:04:22.1553041Z     🔍 Mining locators for: 'Withdraw'
2026-01-18T19:04:22.1994387Z     ✅ Found 4 verified locators
2026-01-18T19:04:25.7369238Z     ✅ State transitioned.
2026-01-18T19:04:25.7394154Z     🔄 Revisited state detected (count: 3)
2026-01-18T19:04:27.1579823Z [DEBUG] Sending request to gemini-2.0-flash. Number of parts: 2
2026-01-18T19:04:27.1580294Z [DEBUG] Received response (Length: 221)
2026-01-18T19:04:27.1580856Z     🤖 AI Next Step Suggestion: done -> N/A
2026-01-18T19:04:27.1581901Z     💭 Reasoning: The last action was a successful withdrawal. There are no further actions to take on this page to progress towards the overall goal of exploring customer and manager banking flows.
2026-01-18T19:04:27.1582831Z   ▶️ [STEP step_11] CLICK: Withdraw
2026-01-18T19:04:27.1631306Z     🔍 Mining locators for: 'Withdraw'
2026-01-18T19:04:27.2159980Z     ✅ Found 4 verified locators
2026-01-18T19:04:30.7527482Z     ✅ State transitioned.
2026-01-18T19:04:30.7553392Z     🔄 Revisited state detected (count: 4)
2026-01-18T19:04:32.5352952Z [DEBUG] Sending request to gemini-2.0-flash. Number of parts: 2
2026-01-18T19:04:32.5353719Z [DEBUG] Received response (Length: 313)
2026-01-18T19:04:32.5354338Z     🤖 AI Next Step Suggestion: click -> Withdraw
2026-01-18T19:04:32.5354787Z     🧩 Suggested Locator: button:contains('Withdraw')
2026-01-18T19:04:32.5355770Z     💭 Reasoning: The last few actions involved filling the amount and clicking withdraw. Since the transaction was successful, it's logical to try another withdrawal to further explore the functionality.
2026-01-18T19:04:32.5356727Z ⚠️ Loop detected: same AI suggestion repeated 3 times. Moving to next step.
2026-01-18T19:04:32.5357198Z   ▶️ [STEP step_12] ASSERT_VISIBLE: Transaction successful
2026-01-18T19:04:32.5406319Z     🔍 Mining locators for: 'Transaction successful'
2026-01-18T19:04:32.5878249Z     ✅ Found 1 verified locators
2026-01-18T19:04:35.1201869Z     ✅ State transitioned.
2026-01-18T19:04:35.1225899Z     🔄 Revisited state detected (count: 5)
2026-01-18T19:04:35.1226458Z     ⚠️ Too many revisits (5). Stopping AI step injection to prevent loops.
2026-01-18T19:04:37.1578804Z 🗂️  All generated tests written to /home/runner/work/build_qa_automation/build_qa_automation/projects/ci_globalsqa_bank/tests/generated_scenarios.json
2026-01-18T19:04:37.1605244Z 🔄 Updated workflow.json with discovered steps and locators.
2026-01-18T19:04:37.1605709Z 
2026-01-18T19:04:37.1605958Z ✅ Deep Exploration Complete.
2026-01-18T19:09:30.6902837Z 
2026-01-18T19:09:30.6905637Z 🚀 [EXECUTE] Starting Automation Execution Engine
2026-01-18T19:09:30.6906329Z 📍 Project: ci_globalsqa_bank
2026-01-18T19:09:30.6906746Z 🎬 Mode: Headless
2026-01-18T19:09:30.6906911Z 
2026-01-18T19:09:30.6907126Z --- Scenario: Customer Login and Account Summary ---
2026-01-18T19:09:30.6907667Z   ▶️ [STEP step_1] NAVIGATE: Step step_1
2026-01-18T19:09:30.6907988Z     ✅ Step step_1 Passed.
2026-01-18T19:09:30.6908287Z   ▶️ [STEP step_2] CLICK: Customer Login
2026-01-18T19:09:30.6908696Z     🎯 Using mined locator: role=button[name='Customer Login']
2026-01-18T19:09:30.6909289Z     ✅ Step step_2 Passed.
2026-01-18T19:09:30.6909642Z   ▶️ [STEP step_2_ai_1] FILL: user selection dropdown
2026-01-18T19:09:30.6909980Z     🎯 Using mined locator: #userSelect
2026-01-18T19:09:30.6910279Z     ✅ Step step_2_ai_1 Passed.
2026-01-18T19:09:30.6910837Z   ▶️ [STEP step_2_ai_2] CLICK: Login
2026-01-18T19:09:30.6911168Z     🎯 Using mined locator: button[type='submit']
2026-01-18T19:09:30.6911484Z     ✅ Step step_2_ai_2 Passed.
2026-01-18T19:09:30.6911758Z   ▶️ [STEP step_2_ai_3] CLICK: Deposit
2026-01-18T19:09:30.6912101Z     🎯 Using mined locator: role=button[name='Deposit']
2026-01-18T19:09:30.6912425Z     ✅ Step step_2_ai_3 Passed.
2026-01-18T19:09:30.6912688Z   ▶️ [STEP step_2_ai_4] FILL: amount
2026-01-18T19:09:30.6913021Z     🎯 Using mined locator: input[placeholder='amount']
2026-01-18T19:09:30.6913348Z     ✅ Step step_2_ai_4 Passed.
2026-01-18T19:09:30.6913609Z   ▶️ [STEP step_2_ai_5] CLICK: Deposit
2026-01-18T19:09:30.6914038Z     🎯 Using mined locator: button:nth-of-type(2)
2026-01-18T19:09:30.6914450Z     ✅ Step step_2_ai_5 Passed.
2026-01-18T19:09:30.6914969Z   ▶️ [STEP step_2_ai_6] CLICK: Logout
2026-01-18T19:09:30.6915396Z     🎯 Using mined locator: text='Logout'
2026-01-18T19:09:30.6915876Z     ❌ Attempt 1 failed (element_not_found): Locator.click: Timeout 10000ms exceeded.
2026-01-18T19:09:30.6916273Z Call log:
2026-01-18T19:09:30.6916467Z   - waiting for locator("text='Logout'")
2026-01-18T19:09:30.6916846Z     - lo...
2026-01-18T19:09:30.6917210Z     🔧 [AUTO-HEAL] Re-mining page to find 'Logout'...
2026-01-18T19:09:30.6917593Z [DEBUG] Sending request to gemini-2.0-flash. Number of parts: 2
2026-01-18T19:09:30.6918050Z [DEBUG] Received response (Length: 633)
2026-01-18T19:09:30.6918488Z     ✨ AI successfully healed the step! Found 2 alternatives.
2026-01-18T19:09:30.6919242Z     ✨ AI successfully healed the step! New selector: body > div > div:nth-child(1) > a:nth-child(3)
2026-01-18T19:09:30.6920016Z     ❌ Attempt 2 failed (element_not_found): Locator.bounding_box: Timeout 30000ms exceeded.
2026-01-18T19:09:30.6920439Z Call log:
2026-01-18T19:09:30.6920638Z   - waiting for locator("body > div > div:...
2026-01-18T19:09:30.6920986Z     🔧 [AUTO-HEAL] Re-mining page to find 'Logout'...
2026-01-18T19:09:30.6921292Z [CACHE HIT] 472caa56... (hits: 1, misses: 1)
2026-01-18T19:09:30.6921660Z     ✨ AI successfully healed the step! Found 2 alternatives.
2026-01-18T19:09:30.6922194Z     ✨ AI successfully healed the step! New selector: body > div > div:nth-child(1) > a:nth-child(3)
2026-01-18T19:09:30.6922822Z     ❌ Attempt 3 failed (element_not_found): Locator.bounding_box: Timeout 30000ms exceeded.
2026-01-18T19:09:30.6923213Z Call log:
2026-01-18T19:09:30.6923401Z   - waiting for locator("body > div > div:...
2026-01-18T19:09:30.6923726Z     💀 Step step_2_ai_6 failed after all retries.
2026-01-18T19:09:30.6924159Z 🛑 Scenario 'Customer Login and Account Summary' aborted due to step failure.
2026-01-18T19:09:30.6924456Z 
2026-01-18T19:09:30.6924568Z --- Scenario: Manager Login and Add Customer ---
2026-01-18T19:09:30.6924899Z   ▶️ [STEP step_1] NAVIGATE: Step step_1
2026-01-18T19:09:30.6925178Z     ✅ Step step_1 Passed.
2026-01-18T19:09:30.6925441Z   ▶️ [STEP step_2] CLICK: Bank Manager Login
2026-01-18T19:09:30.6925814Z     🎯 Using mined locator: role=button[name='Bank Manager Login']
2026-01-18T19:09:30.6926157Z     ✅ Step step_2 Passed.
2026-01-18T19:09:30.6926416Z   ▶️ [STEP step_2_ai_1] CLICK: Add Customer
2026-01-18T19:09:30.6926766Z     🎯 Using mined locator: role=button[name='Add Customer']
2026-01-18T19:09:30.6927095Z     ✅ Step step_2_ai_1 Passed.
2026-01-18T19:09:30.6927363Z   ▶️ [STEP step_2_ai_2] FILL: First Name
2026-01-18T19:09:30.6927709Z     🎯 Using mined locator: input[placeholder='First Name']
2026-01-18T19:09:30.6928047Z     ✅ Step step_2_ai_2 Passed.
2026-01-18T19:09:30.6928299Z   ▶️ [STEP step_2_ai_3] FILL: Last Name
2026-01-18T19:09:30.6928629Z     🎯 Using mined locator: input[placeholder='Last Name']
2026-01-18T19:09:30.6929329Z     ✅ Step step_2_ai_3 Passed.
2026-01-18T19:09:30.6929612Z   ▶️ [STEP step_2_ai_4] FILL: Post Code
2026-01-18T19:09:30.6930153Z     🎯 Using mined locator: input[placeholder='Post Code']
2026-01-18T19:09:30.6930492Z     ✅ Step step_2_ai_4 Passed.
2026-01-18T19:09:30.6930777Z   ▶️ [STEP step_2_ai_5] CLICK: Add Customer
2026-01-18T19:09:30.6931295Z     🎯 Using mined locator: role=button[name='Add Customer']
2026-01-18T19:09:30.6931857Z     ✅ Step step_2_ai_5 Passed.
2026-01-18T19:09:30.6932125Z   ▶️ [STEP step_3] CLICK: Add Customer
2026-01-18T19:09:30.6932457Z     🎯 Using mined locator: role=button[name='Add Customer']
2026-01-18T19:09:30.6932961Z     ✅ Step step_3 Passed.
2026-01-18T19:09:30.6933222Z   ▶️ [STEP step_4] FILL: First Name
2026-01-18T19:09:30.6933559Z     🎯 Using mined locator: role=textbox[name='First Name']
2026-01-18T19:09:30.6933882Z     ✅ Step step_4 Passed.
2026-01-18T19:09:30.6934141Z   ▶️ [STEP step_4_ai_1] CLICK: Add Customer
2026-01-18T19:09:30.6934467Z     🎯 Using mined locator: button:nth-of-type(2)
2026-01-18T19:09:30.6934927Z     ❌ Attempt 1 failed (element_not_found): Locator.click: Timeout 10000ms exceeded.
2026-01-18T19:09:30.6935441Z Call log:
2026-01-18T19:09:30.6935679Z   - waiting for locator("button:nth-of-type(2)")....
2026-01-18T19:09:30.6936079Z     🔧 [AUTO-HEAL] Re-mining page to find 'Add Customer'...
2026-01-18T19:09:30.6936455Z [DEBUG] Sending request to gemini-2.0-flash. Number of parts: 2
2026-01-18T19:09:30.6936782Z [DEBUG] Received response (Length: 732)
2026-01-18T19:09:30.6937140Z     ✨ AI successfully healed the step! Found 2 alternatives.
2026-01-18T19:09:30.6937609Z     ✨ AI successfully healed the step! New selector: input[value='Add Customer']
2026-01-18T19:09:30.6938192Z     ❌ Attempt 2 failed (element_not_found): Locator.bounding_box: Timeout 30000ms exceeded.
2026-01-18T19:09:30.6938583Z Call log:
2026-01-18T19:09:30.6938770Z   - waiting for locator("input[value='Add ...
2026-01-18T19:09:30.6939328Z     🔧 [AUTO-HEAL] Re-mining page to find 'Add Customer'...
2026-01-18T19:09:30.6939639Z [CACHE HIT] 4ce916b5... (hits: 2, misses: 2)
2026-01-18T19:09:30.6940000Z     ✨ AI successfully healed the step! Found 2 alternatives.
2026-01-18T19:09:30.6940462Z     ✨ AI successfully healed the step! New selector: input[value='Add Customer']
2026-01-18T19:09:30.6941044Z     ❌ Attempt 3 failed (element_not_found): Locator.bounding_box: Timeout 30000ms exceeded.
2026-01-18T19:09:30.6941432Z Call log:
2026-01-18T19:09:30.6941621Z   - waiting for locator("input[value='Add ...
2026-01-18T19:09:30.6941951Z     💀 Step step_4_ai_1 failed after all retries.
2026-01-18T19:09:30.6942378Z 🛑 Scenario 'Manager Login and Add Customer' aborted due to step failure.
2026-01-18T19:09:30.6942658Z 
2026-01-18T19:09:30.6942769Z --- Scenario: Manager Login and Open Account ---
2026-01-18T19:09:30.6943115Z   ▶️ [STEP step_1] NAVIGATE: Step step_1
2026-01-18T19:09:30.6943396Z     ✅ Step step_1 Passed.
2026-01-18T19:09:30.6943657Z   ▶️ [STEP step_2] CLICK: Bank Manager Login
2026-01-18T19:09:30.6944030Z     🎯 Using mined locator: role=button[name='Bank Manager Login']
2026-01-18T19:09:30.6944391Z     ✅ Step step_2 Passed.
2026-01-18T19:09:30.6944653Z   ▶️ [STEP step_2_ai_1] CLICK: Add Customer
2026-01-18T19:09:30.6945001Z     🎯 Using mined locator: role=button[name='Add Customer']
2026-01-18T19:09:30.6945519Z     ✅ Step step_2_ai_1 Passed.
2026-01-18T19:09:30.6945800Z   ▶️ [STEP step_2_ai_2] FILL: First Name
2026-01-18T19:09:30.6953983Z     🎯 Using mined locator: input[placeholder='First Name']
2026-01-18T19:09:30.6954470Z     ✅ Step step_2_ai_2 Passed.
2026-01-18T19:09:30.6954761Z   ▶️ [STEP step_2_ai_3] FILL: Last Name
2026-01-18T19:09:30.6955128Z     🎯 Using mined locator: input[placeholder='Last Name']
2026-01-18T19:09:30.6955465Z     ✅ Step step_2_ai_3 Passed.
2026-01-18T19:09:30.6955732Z   ▶️ [STEP step_2_ai_4] FILL: Post Code
2026-01-18T19:09:30.6956069Z     🎯 Using mined locator: input[placeholder='Post Code']
2026-01-18T19:09:30.6956385Z     ✅ Step step_2_ai_4 Passed.
2026-01-18T19:09:30.6956653Z   ▶️ [STEP step_2_ai_5] CLICK: Add Customer
2026-01-18T19:09:30.6957022Z     🎯 Using mined locator: role=button[name='Add Customer']
2026-01-18T19:09:30.6957354Z     ✅ Step step_2_ai_5 Passed.
2026-01-18T19:09:30.6957607Z   ▶️ [STEP step_3] CLICK: Open Account
2026-01-18T19:09:30.6958117Z     🎯 Using mined locator: role=button[name='Open Account']
2026-01-18T19:09:30.6958450Z     ✅ Step step_3 Passed.
2026-01-18T19:09:30.6958716Z   ▶️ [STEP step_3_ai_1] FILL: Customer Name
2026-01-18T19:09:30.6959276Z     🎯 Using mined locator: select[id='userSelect']
2026-01-18T19:09:30.6959607Z     ✅ Step step_3_ai_1 Passed.
2026-01-18T19:09:30.6959871Z   ▶️ [STEP step_4] SELECT: Customer
2026-01-18T19:09:30.6960203Z     🎯 Using mined locator: role=button[name='Add Customer']
2026-01-18T19:09:30.6960519Z     ✅ Step step_4 Passed.
2026-01-18T19:09:30.6960770Z   ▶️ [STEP step_4_ai_1] SELECT: Currency
2026-01-18T19:09:30.6961085Z     🎯 Using mined locator: select[name='currency']
2026-01-18T19:09:30.6961598Z     ✅ Step step_4_ai_1 Passed.
2026-01-18T19:09:30.6961884Z   ▶️ [STEP step_4_ai_2] CLICK: Process
2026-01-18T19:09:30.6962476Z     🎯 Using mined locator: button
2026-01-18T19:09:30.6962816Z     ✅ Step step_4_ai_2 Passed.
2026-01-18T19:09:30.6963103Z   ▶️ [STEP step_4_ai_3] CLICK: Bank Manager Login
2026-01-18T19:09:30.6963494Z     🎯 Using mined locator: role=button[name='Bank Manager Login']
2026-01-18T19:09:30.6963844Z     ✅ Step step_4_ai_3 Passed.
2026-01-18T19:09:30.6964108Z   ▶️ [STEP step_4_ai_4] CLICK: Open Account
2026-01-18T19:09:30.6964652Z     🎯 Using mined locator: button:nth-child(2)
2026-01-18T19:09:30.6965018Z     ✅ Step step_4_ai_4 Passed.
2026-01-18T19:09:30.6965288Z   ▶️ [STEP step_4_ai_5] SELECT: Customer
2026-01-18T19:09:30.6965597Z     🎯 Using mined locator: select#userSelect
2026-01-18T19:09:30.6966107Z     ✅ Step step_4_ai_5 Passed.
2026-01-18T19:09:30.6966384Z   ▶️ [STEP step_4_ai_6] SELECT: Currency
2026-01-18T19:09:30.6966703Z     🎯 Using mined locator: select[name='currency']
2026-01-18T19:09:30.6967007Z     ✅ Step step_4_ai_6 Passed.
2026-01-18T19:09:30.6967280Z   ▶️ [STEP step_4_ai_7] CLICK: Process
2026-01-18T19:09:30.6967602Z     🎯 Using mined locator: role=button[name='Process']
2026-01-18T19:09:30.6967917Z     ✅ Step step_4_ai_7 Passed.
2026-01-18T19:09:30.6968184Z   ▶️ [STEP step_4_ai_8] SELECT: Currency
2026-01-18T19:09:30.6968466Z     🎯 Using mined locator: #currency
2026-01-18T19:09:30.6968734Z     ✅ Step step_4_ai_8 Passed.
2026-01-18T19:09:30.6969136Z   ▶️ [STEP step_5] SELECT: Currency
2026-01-18T19:09:30.6969416Z     🎯 Using mined locator: #currency
2026-01-18T19:09:30.6969678Z     ✅ Step step_5 Passed.
2026-01-18T19:09:30.6969928Z   ▶️ [STEP step_5_ai_1] SELECT: Customer
2026-01-18T19:09:30.6970209Z     🎯 Using mined locator: #userSelect
2026-01-18T19:09:30.6970478Z     ✅ Step step_5_ai_1 Passed.
2026-01-18T19:09:30.6970727Z   ▶️ [STEP step_6] CLICK: Process
2026-01-18T19:09:30.6971043Z     🎯 Using mined locator: role=button[name='Process']
2026-01-18T19:09:30.6971350Z     ✅ Step step_6 Passed.
2026-01-18T19:09:30.6971602Z   ▶️ [STEP step_7] WAIT: Step step_7
2026-01-18T19:09:30.6971860Z     ✅ Step step_7 Passed.
2026-01-18T19:09:30.6972121Z   ▶️ [STEP step_7_ai_1] SELECT: Customer Name
2026-01-18T19:09:30.6972454Z     🎯 Using mined locator: select[name='userSelect']
2026-01-18T19:09:30.6972769Z     ✅ Step step_7_ai_1 Passed.
2026-01-18T19:09:30.6973125Z ✅ Scenario 'Manager Login and Open Account' completed successfully!
2026-01-18T19:09:30.6973393Z 
2026-01-18T19:09:30.6973511Z --- Scenario: Customer Deposit and Withdrawl ---
2026-01-18T19:09:30.6973836Z   ▶️ [STEP step_1] NAVIGATE: Step step_1
2026-01-18T19:09:30.6974112Z     ✅ Step step_1 Passed.
2026-01-18T19:09:30.6974358Z   ▶️ [STEP step_2] CLICK: Customer Login
2026-01-18T19:09:30.6974704Z     🎯 Using mined locator: role=button[name='Customer Login']
2026-01-18T19:09:30.6975035Z     ✅ Step step_2 Passed.
2026-01-18T19:09:30.6975316Z   ▶️ [STEP step_2_ai_1] FILL: user selection dropdown
2026-01-18T19:09:30.6975629Z     🎯 Using mined locator: #userSelect
2026-01-18T19:11:08.6720997Z     ✅ Step step_2_ai_1 Passed.
2026-01-18T19:11:08.6721680Z   ▶️ [STEP step_2_ai_2] CLICK: Login
2026-01-18T19:11:08.6722286Z     🎯 Using mined locator: button[type='submit']
2026-01-18T19:11:08.6722806Z     ✅ Step step_2_ai_2 Passed.
2026-01-18T19:11:08.6723587Z   ▶️ [STEP step_2_ai_3] CLICK: Deposit
2026-01-18T19:11:08.6724142Z     🎯 Using mined locator: role=button[name='Deposit']
2026-01-18T19:11:08.6724651Z     ✅ Step step_2_ai_3 Passed.
2026-01-18T19:11:08.6725072Z   ▶️ [STEP step_2_ai_4] FILL: amount
2026-01-18T19:11:08.6725604Z     🎯 Using mined locator: input[placeholder='amount']
2026-01-18T19:11:08.6726100Z     ✅ Step step_2_ai_4 Passed.
2026-01-18T19:11:08.6726517Z   ▶️ [STEP step_2_ai_5] CLICK: Deposit
2026-01-18T19:11:08.6726996Z     🎯 Using mined locator: button:nth-of-type(2)
2026-01-18T19:11:08.6727470Z     ✅ Step step_2_ai_5 Passed.
2026-01-18T19:11:08.6727873Z   ▶️ [STEP step_2_ai_6] CLICK: Logout
2026-01-18T19:11:08.6728340Z     🎯 Using mined locator: text='Logout'
2026-01-18T19:11:08.6729376Z     ❌ Attempt 1 failed (element_not_found): Locator.click: Timeout 10000ms exceeded.
2026-01-18T19:11:08.6730010Z Call log:
2026-01-18T19:11:08.6730298Z   - waiting for locator("text='Logout'")
2026-01-18T19:11:08.6730679Z     - lo...
2026-01-18T19:11:08.6731124Z     🔧 [AUTO-HEAL] Re-mining page to find 'Logout'...
2026-01-18T19:11:08.6731599Z [CACHE HIT] 472caa56... (hits: 3, misses: 2)
2026-01-18T19:11:08.6732164Z     ✨ AI successfully healed the step! Found 2 alternatives.
2026-01-18T19:11:08.6733044Z     ✨ AI successfully healed the step! New selector: body > div > div:nth-child(1) > a:nth-child(3)
2026-01-18T19:11:08.6734052Z     ❌ Attempt 2 failed (element_not_found): Locator.bounding_box: Timeout 30000ms exceeded.
2026-01-18T19:11:08.6734658Z Call log:
2026-01-18T19:11:08.6734947Z   - waiting for locator("body > div > div:...
2026-01-18T19:11:08.6735485Z     🔧 [AUTO-HEAL] Re-mining page to find 'Logout'...
2026-01-18T19:11:08.6735947Z [CACHE HIT] 472caa56... (hits: 4, misses: 2)
2026-01-18T19:11:08.6736626Z     ✨ AI successfully healed the step! Found 2 alternatives.
2026-01-18T19:11:08.6737459Z     ✨ AI successfully healed the step! New selector: body > div > div:nth-child(1) > a:nth-child(3)
2026-01-18T19:11:08.6738526Z     ❌ Attempt 3 failed (element_not_found): Locator.bounding_box: Timeout 30000ms exceeded.
2026-01-18T19:11:08.6739304Z Call log:
2026-01-18T19:11:08.6739596Z   - waiting for locator("body > div > div:...
2026-01-18T19:11:08.6740122Z     💀 Step step_2_ai_6 failed after all retries.
2026-01-18T19:11:08.6740800Z 🛑 Scenario 'Customer Deposit and Withdrawl' aborted due to step failure.
2026-01-18T19:11:08.6741241Z 
2026-01-18T19:11:08.6741388Z ============================================================
2026-01-18T19:11:08.6741838Z 🎯 EXECUTION SUMMARY
2026-01-18T19:11:08.6742166Z ============================================================
2026-01-18T19:11:08.6742450Z 
2026-01-18T19:11:08.6742624Z 📋 Scenario Overview:
2026-01-18T19:11:08.6742981Z    • Total Scenarios Planned: 4
2026-01-18T19:11:08.6743396Z    • Scenarios Executed: 4
2026-01-18T19:11:08.6743781Z    • Total Steps Executed: 49
2026-01-18T19:11:08.6744000Z 
2026-01-18T19:11:08.6744139Z ✅ Results:
2026-01-18T19:11:08.6744424Z    ✅ Passed: 1 (25%)
2026-01-18T19:11:08.6744761Z    ❌ Failed: 3 (75%)
2026-01-18T19:11:08.6744937Z 
2026-01-18T19:11:08.6745086Z ⚠️  Failed Scenarios:
2026-01-18T19:11:08.6745456Z    • Customer Login and Account Summary
2026-01-18T19:11:08.6745920Z    • Manager Login and Add Customer
2026-01-18T19:11:08.6746355Z    • Customer Deposit and Withdrawl
2026-01-18T19:11:08.6746605Z 
2026-01-18T19:11:08.6746745Z ============================================================
2026-01-18T19:11:08.6747033Z 
2026-01-18T19:11:08.6747798Z 🏁 Execution Finished. Report: /home/runner/work/build_qa_automation/build_qa_automation/projects/ci_globalsqa_bank/execution.json
2026-01-18T19:11:08.7765183Z 
2026-01-18T19:11:08.7765869Z [PHASE] Running Phase: DISCOVERY
2026-01-18T19:11:08.7768340Z    Command: /opt/hostedtoolcache/Python/3.11.14/x64/bin/python /home/runner/work/build_qa_automation/build_qa_automation/core/agents/discovery.py --project /home/runner/work/build_qa_automation/build_qa_automation/projects/ci_globalsqa_bank --url https://www.globalsqa.com/angularJs-protractor/BankingProject/ --deep
2026-01-18T19:11:08.7773305Z ❌ Phase 'discovery' failed with error: Command '['/opt/hostedtoolcache/Python/3.11.14/x64/bin/python', '/home/runner/work/build_qa_automation/build_qa_automation/core/agents/discovery.py', '--project', '/home/runner/work/build_qa_automation/build_qa_automation/projects/ci_globalsqa_bank', '--url', 'https://www.globalsqa.com/angularJs-protractor/BankingProject/', '--deep']' returned non-zero exit status 2.
2026-01-18T19:11:08.7775420Z ⚠️ Initial discovery failed, but proceeding to planning...
2026-01-18T19:11:08.7775692Z 
2026-01-18T19:11:08.7775792Z [PHASE] Running Phase: PLANNING
2026-01-18T19:11:08.7777323Z    Command: /opt/hostedtoolcache/Python/3.11.14/x64/bin/python /home/runner/work/build_qa_automation/build_qa_automation/core/agents/planner.py --project /home/runner/work/build_qa_automation/build_qa_automation/projects/ci_globalsqa_bank --goal Customer and manager banking flows --url https://www.globalsqa.com/angularJs-protractor/BankingProject/ --deep
2026-01-18T19:11:08.7778930Z ✅ Phase 'planning' completed successfully.
2026-01-18T19:11:08.7779356Z 
2026-01-18T19:11:08.7779461Z [PHASE] Running Phase: EXPLORATION
2026-01-18T19:11:08.7780526Z    Command: /opt/hostedtoolcache/Python/3.11.14/x64/bin/python /home/runner/work/build_qa_automation/build_qa_automation/core/agents/deep_explorer.py --project /home/runner/work/build_qa_automation/build_qa_automation/projects/ci_globalsqa_bank
2026-01-18T19:11:08.7781684Z ✅ Phase 'exploration' completed successfully.
2026-01-18T19:11:08.7782058Z 📊 Exploration Discovery Success Rate: 97.8%
2026-01-18T19:11:08.7782273Z 
2026-01-18T19:11:08.7782369Z [PHASE] Running Phase: EXECUTION
2026-01-18T19:11:08.7783397Z    Command: /opt/hostedtoolcache/Python/3.11.14/x64/bin/python /home/runner/work/build_qa_automation/build_qa_automation/core/agents/executor.py --project /home/runner/work/build_qa_automation/build_qa_automation/projects/ci_globalsqa_bank
2026-01-18T19:11:08.7784531Z ✅ Phase 'execution' completed successfully.
2026-01-18T19:11:08.7784739Z 
2026-01-18T19:11:08.7784852Z [DONE] Pipeline Execution Finished! [DONE]
2026-01-18T19:11:08.8726980Z ##[group]Run RESULT_FILE="projects/ci_globalsqa_bank/execution.json"
2026-01-18T19:11:08.8727486Z [36;1mRESULT_FILE="projects/ci_globalsqa_bank/execution.json"[0m
2026-01-18T19:11:08.8727846Z [36;1mif [ -f "$RESULT_FILE" ]; then[0m
2026-01-18T19:11:08.8728165Z [36;1m  echo "✅ Results generated successfully: $RESULT_FILE"[0m
2026-01-18T19:11:08.8728596Z [36;1m  cat "$RESULT_FILE" | jq '.scenarios | length' || echo "Result file exists"[0m
2026-01-18T19:11:08.8728950Z [36;1melse[0m
2026-01-18T19:11:08.8729486Z [36;1m  echo "❌ No result file found at $RESULT_FILE"[0m
2026-01-18T19:11:08.8729788Z [36;1m  exit 1[0m
2026-01-18T19:11:08.8729958Z [36;1mfi[0m
2026-01-18T19:11:08.8761238Z shell: /usr/bin/bash -e {0}
2026-01-18T19:11:08.8761455Z env:
2026-01-18T19:11:08.8761700Z   pythonLocation: /opt/hostedtoolcache/Python/3.11.14/x64
2026-01-18T19:11:08.8762130Z   PKG_CONFIG_PATH: /opt/hostedtoolcache/Python/3.11.14/x64/lib/pkgconfig
2026-01-18T19:11:08.8762585Z   Python_ROOT_DIR: /opt/hostedtoolcache/Python/3.11.14/x64
2026-01-18T19:11:08.8762949Z   Python2_ROOT_DIR: /opt/hostedtoolcache/Python/3.11.14/x64
2026-01-18T19:11:08.8763308Z   Python3_ROOT_DIR: /opt/hostedtoolcache/Python/3.11.14/x64
2026-01-18T19:11:08.8763669Z   LD_LIBRARY_PATH: /opt/hostedtoolcache/Python/3.11.14/x64/lib
2026-01-18T19:11:08.8763966Z ##[endgroup]
2026-01-18T19:11:08.8815105Z ✅ Results generated successfully: projects/ci_globalsqa_bank/execution.json
2026-01-18T19:11:08.8841996Z 4
2026-01-18T19:11:08.8904455Z ##[group]Run actions/upload-artifact@v4
2026-01-18T19:11:08.8904726Z with:
2026-01-18T19:11:08.8904921Z   name: globalsqa_bank-execution-results
2026-01-18T19:11:08.8905513Z   path: projects/ci_globalsqa_bank/execution.json
projects/ci_globalsqa_bank/workflow.json

2026-01-18T19:11:08.8905956Z   retention-days: 30
2026-01-18T19:11:08.8906167Z   if-no-files-found: warn
2026-01-18T19:11:08.8906382Z   compression-level: 6
2026-01-18T19:11:08.8906580Z   overwrite: false
2026-01-18T19:11:08.8906774Z   include-hidden-files: false
2026-01-18T19:11:08.8906985Z env:
2026-01-18T19:11:08.8907215Z   pythonLocation: /opt/hostedtoolcache/Python/3.11.14/x64
2026-01-18T19:11:08.8907614Z   PKG_CONFIG_PATH: /opt/hostedtoolcache/Python/3.11.14/x64/lib/pkgconfig
2026-01-18T19:11:08.8908012Z   Python_ROOT_DIR: /opt/hostedtoolcache/Python/3.11.14/x64
2026-01-18T19:11:08.8908373Z   Python2_ROOT_DIR: /opt/hostedtoolcache/Python/3.11.14/x64
2026-01-18T19:11:08.8908761Z   Python3_ROOT_DIR: /opt/hostedtoolcache/Python/3.11.14/x64
2026-01-18T19:11:08.8909319Z   LD_LIBRARY_PATH: /opt/hostedtoolcache/Python/3.11.14/x64/lib
2026-01-18T19:11:08.8909635Z ##[endgroup]
2026-01-18T19:11:09.1066873Z Multiple search paths detected. Calculating the least common ancestor of all paths
2026-01-18T19:11:09.1070836Z The least common ancestor is /home/runner/work/build_qa_automation/build_qa_automation/projects/ci_globalsqa_bank. This will be the root directory of the artifact
2026-01-18T19:11:09.1071909Z With the provided path, there will be 2 files uploaded
2026-01-18T19:11:09.1076511Z Artifact name is valid!
2026-01-18T19:11:09.1077835Z Root directory input is valid!
2026-01-18T19:11:09.1999219Z Beginning upload of artifact content to blob storage
2026-01-18T19:11:09.2877301Z Uploaded bytes 3819
2026-01-18T19:11:09.3073505Z Finished uploading artifact content to blob storage!
2026-01-18T19:11:09.3077081Z SHA256 digest of uploaded artifact zip is e795944dce8d4a9735a20aa7e62fd135a33835d09816faf9ea9f115c8660a2ac
2026-01-18T19:11:09.3080027Z Finalizing artifact upload
2026-01-18T19:11:09.3878583Z Artifact globalsqa_bank-execution-results.zip successfully finalized. Artifact ID 5170026665
2026-01-18T19:11:09.3880318Z Artifact globalsqa_bank-execution-results has been successfully uploaded! Final size is 3819 bytes. Artifact ID is 5170026665
2026-01-18T19:11:09.3886702Z Artifact download URL: https://github.com/vishvasmca-cmd/build_qa_automation/actions/runs/21116744370/artifacts/5170026665
2026-01-18T19:11:09.4024020Z Post job cleanup.
2026-01-18T19:11:09.5495316Z Cache hit occurred on the primary key setup-python-Linux-x64-24.04-Ubuntu-python-3.11.14-pip-dde08d0e0b672972dcda9f1a063036a2e0c226f5d0a20362e9401931676d80a4, not saving cache.
2026-01-18T19:11:09.5617357Z Post job cleanup.
2026-01-18T19:11:09.6585776Z [command]/usr/bin/git version
2026-01-18T19:11:09.6626535Z git version 2.52.0
2026-01-18T19:11:09.6667936Z Temporarily overriding HOME='/home/runner/work/_temp/8e0ae255-719b-4a6b-af5f-eb2cd0faa007' before making global git config changes
2026-01-18T19:11:09.6669394Z Adding repository directory to the temporary git global config as a safe directory
2026-01-18T19:11:09.6673845Z [command]/usr/bin/git config --global --add safe.directory /home/runner/work/build_qa_automation/build_qa_automation
2026-01-18T19:11:09.6720150Z [command]/usr/bin/git config --local --name-only --get-regexp core\.sshCommand
2026-01-18T19:11:09.6748560Z [command]/usr/bin/git submodule foreach --recursive sh -c "git config --local --name-only --get-regexp 'core\.sshCommand' && git config --local --unset-all 'core.sshCommand' || :"
2026-01-18T19:11:09.6977246Z [command]/usr/bin/git config --local --name-only --get-regexp http\.https\:\/\/github\.com\/\.extraheader
2026-01-18T19:11:09.6997170Z http.https://github.com/.extraheader
2026-01-18T19:11:09.7009362Z [command]/usr/bin/git config --local --unset-all http.https://github.com/.extraheader
2026-01-18T19:11:09.7038787Z [command]/usr/bin/git submodule foreach --recursive sh -c "git config --local --name-only --get-regexp 'http\.https\:\/\/github\.com\/\.extraheader' && git config --local --unset-all 'http.https://github.com/.extraheader' || :"
2026-01-18T19:11:09.7256738Z [command]/usr/bin/git config --local --name-only --get-regexp ^includeIf\.gitdir:
2026-01-18T19:11:09.7286336Z [command]/usr/bin/git submodule foreach --recursive git config --local --show-origin --name-only --get-regexp remote.origin.url
2026-01-18T19:11:09.7606506Z Cleaning up orphan processes
