2026-01-19T02:18:25.5705617Z Current runner version: '2.331.0'
2026-01-19T02:18:25.5732442Z ##[group]Runner Image Provisioner
2026-01-19T02:18:25.5733304Z Hosted Compute Agent
2026-01-19T02:18:25.5733974Z Version: 20251211.462
2026-01-19T02:18:25.5734542Z Commit: 6cbad8c2bb55d58165063d031ccabf57e2d2db61
2026-01-19T02:18:25.5735229Z Build Date: 2025-12-11T16:28:49Z
2026-01-19T02:18:25.5735946Z Worker ID: {1eef44e6-3070-4b5a-b5ad-93133dced792}
2026-01-19T02:18:25.5736658Z ##[endgroup]
2026-01-19T02:18:25.5737166Z ##[group]Operating System
2026-01-19T02:18:25.5737739Z Ubuntu
2026-01-19T02:18:25.5738205Z 24.04.3
2026-01-19T02:18:25.5738624Z LTS
2026-01-19T02:18:25.5739127Z ##[endgroup]
2026-01-19T02:18:25.5739655Z ##[group]Runner Image
2026-01-19T02:18:25.5740171Z Image: ubuntu-24.04
2026-01-19T02:18:25.5740730Z Version: 20260111.209.1
2026-01-19T02:18:25.5742363Z Included Software: https://github.com/actions/runner-images/blob/ubuntu24/20260111.209/images/ubuntu/Ubuntu2404-Readme.md
2026-01-19T02:18:25.5744034Z Image Release: https://github.com/actions/runner-images/releases/tag/ubuntu24%2F20260111.209
2026-01-19T02:18:25.5745034Z ##[endgroup]
2026-01-19T02:18:25.5746137Z ##[group]GITHUB_TOKEN Permissions
2026-01-19T02:18:25.5748164Z Contents: read
2026-01-19T02:18:25.5748714Z Metadata: read
2026-01-19T02:18:25.5749334Z Packages: read
2026-01-19T02:18:25.5749794Z ##[endgroup]
2026-01-19T02:18:25.5752644Z Secret source: Actions
2026-01-19T02:18:25.5753419Z Prepare workflow directory
2026-01-19T02:18:25.6093363Z Prepare all required actions
2026-01-19T02:18:25.6137777Z Getting action download info
2026-01-19T02:18:26.0728859Z Download action repository 'actions/checkout@v4' (SHA:34e114876b0b11c390a56381ad16ebd13914f8d5)
2026-01-19T02:18:26.1751414Z Download action repository 'actions/setup-python@v5' (SHA:a26af69be951a213d495a4c3e4e4022e16d87065)
2026-01-19T02:18:26.2607355Z Download action repository 'actions/upload-artifact@v4' (SHA:ea165f8d65b6e75b540449e92b4886f43607fa02)
2026-01-19T02:18:26.5006041Z Complete job name: test-websites-deep (seleniumeasy_forms, https://demo.seleniumeasy.com/basic-first-form-demo.html,...
2026-01-19T02:18:26.5795391Z ##[group]Run actions/checkout@v4
2026-01-19T02:18:26.5796251Z with:
2026-01-19T02:18:26.5796712Z   repository: vishvasmca-cmd/build_qa_automation
2026-01-19T02:18:26.5797527Z   token: ***
2026-01-19T02:18:26.5797903Z   ssh-strict: true
2026-01-19T02:18:26.5798284Z   ssh-user: git
2026-01-19T02:18:26.5798679Z   persist-credentials: true
2026-01-19T02:18:26.5799115Z   clean: true
2026-01-19T02:18:26.5799582Z   sparse-checkout-cone-mode: true
2026-01-19T02:18:26.5800084Z   fetch-depth: 1
2026-01-19T02:18:26.5800465Z   fetch-tags: false
2026-01-19T02:18:26.5800862Z   show-progress: true
2026-01-19T02:18:26.5801269Z   lfs: false
2026-01-19T02:18:26.5801637Z   submodules: false
2026-01-19T02:18:26.5802497Z   set-safe-directory: true
2026-01-19T02:18:26.5803264Z ##[endgroup]
2026-01-19T02:18:26.7008994Z Syncing repository: vishvasmca-cmd/build_qa_automation
2026-01-19T02:18:26.7011073Z ##[group]Getting Git version info
2026-01-19T02:18:26.7012295Z Working directory is '/home/runner/work/build_qa_automation/build_qa_automation'
2026-01-19T02:18:26.7013381Z [command]/usr/bin/git version
2026-01-19T02:18:26.7094328Z git version 2.52.0
2026-01-19T02:18:26.7122378Z ##[endgroup]
2026-01-19T02:18:26.7138583Z Temporarily overriding HOME='/home/runner/work/_temp/b0ed8144-b989-4ee0-af0c-1df35f03e0a6' before making global git config changes
2026-01-19T02:18:26.7139996Z Adding repository directory to the temporary git global config as a safe directory
2026-01-19T02:18:26.7152912Z [command]/usr/bin/git config --global --add safe.directory /home/runner/work/build_qa_automation/build_qa_automation
2026-01-19T02:18:26.7196092Z Deleting the contents of '/home/runner/work/build_qa_automation/build_qa_automation'
2026-01-19T02:18:26.7199776Z ##[group]Initializing the repository
2026-01-19T02:18:26.7204596Z [command]/usr/bin/git init /home/runner/work/build_qa_automation/build_qa_automation
2026-01-19T02:18:26.7317549Z hint: Using 'master' as the name for the initial branch. This default branch name
2026-01-19T02:18:26.7319611Z hint: will change to "main" in Git 3.0. To configure the initial branch name
2026-01-19T02:18:26.7321052Z hint: to use in all of your new repositories, which will suppress this warning,
2026-01-19T02:18:26.7322379Z hint: call:
2026-01-19T02:18:26.7322848Z hint:
2026-01-19T02:18:26.7323349Z hint: 	git config --global init.defaultBranch <name>
2026-01-19T02:18:26.7323930Z hint:
2026-01-19T02:18:26.7324466Z hint: Names commonly chosen instead of 'master' are 'main', 'trunk' and
2026-01-19T02:18:26.7325362Z hint: 'development'. The just-created branch can be renamed via this command:
2026-01-19T02:18:26.7326064Z hint:
2026-01-19T02:18:26.7326422Z hint: 	git branch -m <name>
2026-01-19T02:18:26.7326854Z hint:
2026-01-19T02:18:26.7327769Z hint: Disable this message with "git config set advice.defaultBranchName false"
2026-01-19T02:18:26.7329110Z Initialized empty Git repository in /home/runner/work/build_qa_automation/build_qa_automation/.git/
2026-01-19T02:18:26.7334851Z [command]/usr/bin/git remote add origin https://github.com/vishvasmca-cmd/build_qa_automation
2026-01-19T02:18:26.7398144Z ##[endgroup]
2026-01-19T02:18:26.7398891Z ##[group]Disabling automatic garbage collection
2026-01-19T02:18:26.7402468Z [command]/usr/bin/git config --local gc.auto 0
2026-01-19T02:18:26.7437080Z ##[endgroup]
2026-01-19T02:18:26.7437734Z ##[group]Setting up auth
2026-01-19T02:18:26.7445103Z [command]/usr/bin/git config --local --name-only --get-regexp core\.sshCommand
2026-01-19T02:18:26.7478542Z [command]/usr/bin/git submodule foreach --recursive sh -c "git config --local --name-only --get-regexp 'core\.sshCommand' && git config --local --unset-all 'core.sshCommand' || :"
2026-01-19T02:18:26.7812905Z [command]/usr/bin/git config --local --name-only --get-regexp http\.https\:\/\/github\.com\/\.extraheader
2026-01-19T02:18:26.7845292Z [command]/usr/bin/git submodule foreach --recursive sh -c "git config --local --name-only --get-regexp 'http\.https\:\/\/github\.com\/\.extraheader' && git config --local --unset-all 'http.https://github.com/.extraheader' || :"
2026-01-19T02:18:26.8078137Z [command]/usr/bin/git config --local --name-only --get-regexp ^includeIf\.gitdir:
2026-01-19T02:18:26.8110285Z [command]/usr/bin/git submodule foreach --recursive git config --local --show-origin --name-only --get-regexp remote.origin.url
2026-01-19T02:18:26.8358330Z [command]/usr/bin/git config --local http.https://github.com/.extraheader AUTHORIZATION: basic ***
2026-01-19T02:18:26.8397611Z ##[endgroup]
2026-01-19T02:18:26.8398544Z ##[group]Fetching the repository
2026-01-19T02:18:26.8407454Z [command]/usr/bin/git -c protocol.version=2 fetch --no-tags --prune --no-recurse-submodules --depth=1 origin +8ae9e7a98960844bdcef67161cbe93442a7431bc:refs/remotes/origin/main
2026-01-19T02:18:27.9038682Z From https://github.com/vishvasmca-cmd/build_qa_automation
2026-01-19T02:18:27.9040472Z  * [new ref]         8ae9e7a98960844bdcef67161cbe93442a7431bc -> origin/main
2026-01-19T02:18:27.9075266Z ##[endgroup]
2026-01-19T02:18:27.9076648Z ##[group]Determining the checkout info
2026-01-19T02:18:27.9078279Z ##[endgroup]
2026-01-19T02:18:27.9083844Z [command]/usr/bin/git sparse-checkout disable
2026-01-19T02:18:27.9130969Z [command]/usr/bin/git config --local --unset-all extensions.worktreeConfig
2026-01-19T02:18:27.9163760Z ##[group]Checking out the ref
2026-01-19T02:18:27.9166302Z [command]/usr/bin/git checkout --progress --force -B main refs/remotes/origin/main
2026-01-19T02:18:28.0523554Z Switched to a new branch 'main'
2026-01-19T02:18:28.0525097Z branch 'main' set up to track 'origin/main'.
2026-01-19T02:18:28.0544003Z ##[endgroup]
2026-01-19T02:18:28.0584647Z [command]/usr/bin/git log -1 --format=%H
2026-01-19T02:18:28.0609210Z 8ae9e7a98960844bdcef67161cbe93442a7431bc
2026-01-19T02:18:28.0949398Z ##[group]Run actions/setup-python@v5
2026-01-19T02:18:28.0950563Z with:
2026-01-19T02:18:28.0951302Z   python-version: 3.11
2026-01-19T02:18:28.0952491Z   cache: pip
2026-01-19T02:18:28.0953522Z   check-latest: false
2026-01-19T02:18:28.0954722Z   token: ***
2026-01-19T02:18:28.0955510Z   update-environment: true
2026-01-19T02:18:28.0956464Z   allow-prereleases: false
2026-01-19T02:18:28.0957406Z   freethreaded: false
2026-01-19T02:18:28.0958248Z ##[endgroup]
2026-01-19T02:18:28.2846187Z ##[group]Installed versions
2026-01-19T02:18:28.2947580Z Successfully set up CPython (3.11.14)
2026-01-19T02:18:28.2949328Z ##[endgroup]
2026-01-19T02:18:28.3994811Z [command]/opt/hostedtoolcache/Python/3.11.14/x64/bin/pip cache dir
2026-01-19T02:18:28.7155280Z /home/runner/.cache/pip
2026-01-19T02:18:29.0058303Z Cache hit for: setup-python-Linux-x64-24.04-Ubuntu-python-3.11.14-pip-dde08d0e0b672972dcda9f1a063036a2e0c226f5d0a20362e9401931676d80a4
2026-01-19T02:18:30.3252161Z Received 0 of 254742636 (0.0%), 0.0 MBs/sec
2026-01-19T02:18:31.3708518Z Received 134217728 of 254742636 (52.7%), 62.6 MBs/sec
2026-01-19T02:18:32.2288059Z Received 254742636 of 254742636 (100.0%), 83.7 MBs/sec
2026-01-19T02:18:32.2289113Z Cache Size: ~243 MB (254742636 B)
2026-01-19T02:18:32.2331650Z [command]/usr/bin/tar -xf /home/runner/work/_temp/4ed02c24-85c1-47cb-ac7a-3ba9da536543/cache.tzst -P -C /home/runner/work/build_qa_automation/build_qa_automation --use-compress-program unzstd
2026-01-19T02:18:32.6177316Z Cache restored successfully
2026-01-19T02:18:32.6679526Z Cache restored from key: setup-python-Linux-x64-24.04-Ubuntu-python-3.11.14-pip-dde08d0e0b672972dcda9f1a063036a2e0c226f5d0a20362e9401931676d80a4
2026-01-19T02:18:32.6958403Z ##[group]Run pip install -r requirements.txt
2026-01-19T02:18:32.6958878Z [36;1mpip install -r requirements.txt[0m
2026-01-19T02:18:32.6959180Z [36;1mplaywright install chromium[0m
2026-01-19T02:18:32.6999391Z shell: /usr/bin/bash -e {0}
2026-01-19T02:18:32.6999666Z env:
2026-01-19T02:18:32.6999943Z   pythonLocation: /opt/hostedtoolcache/Python/3.11.14/x64
2026-01-19T02:18:32.7000398Z   PKG_CONFIG_PATH: /opt/hostedtoolcache/Python/3.11.14/x64/lib/pkgconfig
2026-01-19T02:18:32.7000825Z   Python_ROOT_DIR: /opt/hostedtoolcache/Python/3.11.14/x64
2026-01-19T02:18:32.7001235Z   Python2_ROOT_DIR: /opt/hostedtoolcache/Python/3.11.14/x64
2026-01-19T02:18:32.7001601Z   Python3_ROOT_DIR: /opt/hostedtoolcache/Python/3.11.14/x64
2026-01-19T02:18:32.7002250Z   LD_LIBRARY_PATH: /opt/hostedtoolcache/Python/3.11.14/x64/lib
2026-01-19T02:18:32.7002573Z ##[endgroup]
2026-01-19T02:18:33.3476136Z Collecting playwright (from -r requirements.txt (line 1))
2026-01-19T02:18:33.3494403Z   Using cached playwright-1.57.0-py3-none-manylinux1_x86_64.whl.metadata (3.5 kB)
2026-01-19T02:18:33.3676837Z Collecting python-dotenv (from -r requirements.txt (line 2))
2026-01-19T02:18:33.3694140Z   Using cached python_dotenv-1.2.1-py3-none-any.whl.metadata (25 kB)
2026-01-19T02:18:33.3967509Z Collecting requests (from -r requirements.txt (line 3))
2026-01-19T02:18:33.3983883Z   Using cached requests-2.32.5-py3-none-any.whl.metadata (4.9 kB)
2026-01-19T02:18:33.5722140Z Collecting pillow (from -r requirements.txt (line 4))
2026-01-19T02:18:33.5739498Z   Using cached pillow-12.1.0-cp311-cp311-manylinux_2_27_x86_64.manylinux_2_28_x86_64.whl.metadata (8.8 kB)
2026-01-19T02:18:33.5988252Z Collecting google-genai>=0.3.0 (from -r requirements.txt (line 5))
2026-01-19T02:18:33.6004018Z   Using cached google_genai-1.59.0-py3-none-any.whl.metadata (53 kB)
2026-01-19T02:18:33.6143992Z Collecting termcolor (from -r requirements.txt (line 6))
2026-01-19T02:18:33.6158500Z   Using cached termcolor-3.3.0-py3-none-any.whl.metadata (6.5 kB)
2026-01-19T02:18:33.6503067Z Collecting PyYAML (from -r requirements.txt (line 7))
2026-01-19T02:18:33.6519122Z   Using cached pyyaml-6.0.3-cp311-cp311-manylinux2014_x86_64.manylinux_2_17_x86_64.manylinux_2_28_x86_64.whl.metadata (2.4 kB)
2026-01-19T02:18:33.7095760Z Collecting opencv-python-headless (from -r requirements.txt (line 8))
2026-01-19T02:18:33.7111894Z   Using cached opencv_python_headless-4.13.0.90-cp37-abi3-manylinux_2_28_x86_64.whl.metadata (19 kB)
2026-01-19T02:18:33.9173109Z Collecting numpy (from -r requirements.txt (line 9))
2026-01-19T02:18:33.9189506Z   Using cached numpy-2.4.1-cp311-cp311-manylinux_2_27_x86_64.manylinux_2_28_x86_64.whl.metadata (6.6 kB)
2026-01-19T02:18:33.9990563Z Collecting faker (from -r requirements.txt (line 10))
2026-01-19T02:18:34.0007044Z   Using cached faker-40.1.2-py3-none-any.whl.metadata (16 kB)
2026-01-19T02:18:34.0151994Z Collecting pyee<14,>=13 (from playwright->-r requirements.txt (line 1))
2026-01-19T02:18:34.0166415Z   Using cached pyee-13.0.0-py3-none-any.whl.metadata (2.9 kB)
2026-01-19T02:18:34.1386395Z Collecting greenlet<4.0.0,>=3.1.1 (from playwright->-r requirements.txt (line 1))
2026-01-19T02:18:34.1402604Z   Using cached greenlet-3.3.0-cp311-cp311-manylinux_2_24_x86_64.manylinux_2_28_x86_64.whl.metadata (4.1 kB)
2026-01-19T02:18:34.1575629Z Collecting typing-extensions (from pyee<14,>=13->playwright->-r requirements.txt (line 1))
2026-01-19T02:18:34.1590820Z   Using cached typing_extensions-4.15.0-py3-none-any.whl.metadata (3.3 kB)
2026-01-19T02:18:34.2429351Z Collecting charset_normalizer<4,>=2 (from requests->-r requirements.txt (line 3))
2026-01-19T02:18:34.2444913Z   Using cached charset_normalizer-3.4.4-cp311-cp311-manylinux2014_x86_64.manylinux_2_17_x86_64.manylinux_2_28_x86_64.whl.metadata (37 kB)
2026-01-19T02:18:34.2591507Z Collecting idna<4,>=2.5 (from requests->-r requirements.txt (line 3))
2026-01-19T02:18:34.2605493Z   Using cached idna-3.11-py3-none-any.whl.metadata (8.4 kB)
2026-01-19T02:18:34.2880974Z Collecting urllib3<3,>=1.21.1 (from requests->-r requirements.txt (line 3))
2026-01-19T02:18:34.2896765Z   Using cached urllib3-2.6.3-py3-none-any.whl.metadata (6.9 kB)
2026-01-19T02:18:34.3107733Z Collecting certifi>=2017.4.17 (from requests->-r requirements.txt (line 3))
2026-01-19T02:18:34.3124400Z   Using cached certifi-2026.1.4-py3-none-any.whl.metadata (2.5 kB)
2026-01-19T02:18:34.3332644Z Collecting anyio<5.0.0,>=4.8.0 (from google-genai>=0.3.0->-r requirements.txt (line 5))
2026-01-19T02:18:34.3347454Z   Using cached anyio-4.12.1-py3-none-any.whl.metadata (4.3 kB)
2026-01-19T02:18:34.3679028Z Collecting google-auth<3.0.0,>=2.47.0 (from google-auth[requests]<3.0.0,>=2.47.0->google-genai>=0.3.0->-r requirements.txt (line 5))
2026-01-19T02:18:34.3694242Z   Using cached google_auth-2.47.0-py3-none-any.whl.metadata (6.4 kB)
2026-01-19T02:18:34.3941331Z Collecting httpx<1.0.0,>=0.28.1 (from google-genai>=0.3.0->-r requirements.txt (line 5))
2026-01-19T02:18:34.3956891Z   Using cached httpx-0.28.1-py3-none-any.whl.metadata (7.1 kB)
2026-01-19T02:18:34.5492684Z Collecting pydantic<3.0.0,>=2.9.0 (from google-genai>=0.3.0->-r requirements.txt (line 5))
2026-01-19T02:18:34.5508229Z   Using cached pydantic-2.12.5-py3-none-any.whl.metadata (90 kB)
2026-01-19T02:18:34.5786131Z Collecting tenacity<9.2.0,>=8.2.3 (from google-genai>=0.3.0->-r requirements.txt (line 5))
2026-01-19T02:18:34.5801142Z   Using cached tenacity-9.1.2-py3-none-any.whl.metadata (1.2 kB)
2026-01-19T02:18:34.6663336Z Collecting websockets<15.1.0,>=13.0.0 (from google-genai>=0.3.0->-r requirements.txt (line 5))
2026-01-19T02:18:34.6680749Z   Using cached websockets-15.0.1-cp311-cp311-manylinux_2_5_x86_64.manylinux1_x86_64.manylinux_2_17_x86_64.manylinux2014_x86_64.whl.metadata (6.8 kB)
2026-01-19T02:18:34.6814941Z Collecting distro<2,>=1.7.0 (from google-genai>=0.3.0->-r requirements.txt (line 5))
2026-01-19T02:18:34.6829883Z   Using cached distro-1.9.0-py3-none-any.whl.metadata (6.8 kB)
2026-01-19T02:18:34.6924846Z Collecting sniffio (from google-genai>=0.3.0->-r requirements.txt (line 5))
2026-01-19T02:18:34.6943108Z   Using cached sniffio-1.3.1-py3-none-any.whl.metadata (3.9 kB)
2026-01-19T02:18:34.7232307Z Collecting pyasn1-modules>=0.2.1 (from google-auth<3.0.0,>=2.47.0->google-auth[requests]<3.0.0,>=2.47.0->google-genai>=0.3.0->-r requirements.txt (line 5))
2026-01-19T02:18:34.7247377Z   Using cached pyasn1_modules-0.4.2-py3-none-any.whl.metadata (3.5 kB)
2026-01-19T02:18:34.7386361Z Collecting rsa<5,>=3.1.4 (from google-auth<3.0.0,>=2.47.0->google-auth[requests]<3.0.0,>=2.47.0->google-genai>=0.3.0->-r requirements.txt (line 5))
2026-01-19T02:18:34.7401570Z   Using cached rsa-4.9.1-py3-none-any.whl.metadata (5.6 kB)
2026-01-19T02:18:34.7727126Z Collecting httpcore==1.* (from httpx<1.0.0,>=0.28.1->google-genai>=0.3.0->-r requirements.txt (line 5))
2026-01-19T02:18:34.7741517Z   Using cached httpcore-1.0.9-py3-none-any.whl.metadata (21 kB)
2026-01-19T02:18:34.7864221Z Collecting h11>=0.16 (from httpcore==1.*->httpx<1.0.0,>=0.28.1->google-genai>=0.3.0->-r requirements.txt (line 5))
2026-01-19T02:18:34.7877478Z   Using cached h11-0.16.0-py3-none-any.whl.metadata (8.3 kB)
2026-01-19T02:18:34.7983849Z Collecting annotated-types>=0.6.0 (from pydantic<3.0.0,>=2.9.0->google-genai>=0.3.0->-r requirements.txt (line 5))
2026-01-19T02:18:34.7996865Z   Using cached annotated_types-0.7.0-py3-none-any.whl.metadata (15 kB)
2026-01-19T02:18:35.4771516Z Collecting pydantic-core==2.41.5 (from pydantic<3.0.0,>=2.9.0->google-genai>=0.3.0->-r requirements.txt (line 5))
2026-01-19T02:18:35.4786510Z   Using cached pydantic_core-2.41.5-cp311-cp311-manylinux_2_17_x86_64.manylinux2014_x86_64.whl.metadata (7.3 kB)
2026-01-19T02:18:35.4922964Z Collecting typing-inspection>=0.4.2 (from pydantic<3.0.0,>=2.9.0->google-genai>=0.3.0->-r requirements.txt (line 5))
2026-01-19T02:18:35.4936764Z   Using cached typing_inspection-0.4.2-py3-none-any.whl.metadata (2.6 kB)
2026-01-19T02:18:35.5728906Z Collecting pyasn1>=0.1.3 (from rsa<5,>=3.1.4->google-auth<3.0.0,>=2.47.0->google-auth[requests]<3.0.0,>=2.47.0->google-genai>=0.3.0->-r requirements.txt (line 5))
2026-01-19T02:18:35.5745527Z   Using cached pyasn1-0.6.2-py3-none-any.whl.metadata (8.4 kB)
2026-01-19T02:18:35.6025033Z Using cached playwright-1.57.0-py3-none-manylinux1_x86_64.whl (46.0 MB)
2026-01-19T02:18:35.6362638Z Using cached greenlet-3.3.0-cp311-cp311-manylinux_2_24_x86_64.manylinux_2_28_x86_64.whl (590 kB)
2026-01-19T02:18:35.6379055Z Using cached pyee-13.0.0-py3-none-any.whl (15 kB)
2026-01-19T02:18:35.6393141Z Using cached python_dotenv-1.2.1-py3-none-any.whl (21 kB)
2026-01-19T02:18:35.6407267Z Using cached requests-2.32.5-py3-none-any.whl (64 kB)
2026-01-19T02:18:35.6421372Z Using cached charset_normalizer-3.4.4-cp311-cp311-manylinux2014_x86_64.manylinux_2_17_x86_64.manylinux_2_28_x86_64.whl (151 kB)
2026-01-19T02:18:35.6435424Z Using cached idna-3.11-py3-none-any.whl (71 kB)
2026-01-19T02:18:35.6448837Z Using cached urllib3-2.6.3-py3-none-any.whl (131 kB)
2026-01-19T02:18:35.6463427Z Using cached pillow-12.1.0-cp311-cp311-manylinux_2_27_x86_64.manylinux_2_28_x86_64.whl (7.0 MB)
2026-01-19T02:18:35.6529737Z Using cached google_genai-1.59.0-py3-none-any.whl (719 kB)
2026-01-19T02:18:35.6547773Z Using cached anyio-4.12.1-py3-none-any.whl (113 kB)
2026-01-19T02:18:35.6561583Z Using cached distro-1.9.0-py3-none-any.whl (20 kB)
2026-01-19T02:18:35.6575038Z Using cached google_auth-2.47.0-py3-none-any.whl (234 kB)
2026-01-19T02:18:35.6589686Z Using cached httpx-0.28.1-py3-none-any.whl (73 kB)
2026-01-19T02:18:35.6603259Z Using cached httpcore-1.0.9-py3-none-any.whl (78 kB)
2026-01-19T02:18:35.6616855Z Using cached pydantic-2.12.5-py3-none-any.whl (463 kB)
2026-01-19T02:18:35.6633568Z Using cached pydantic_core-2.41.5-cp311-cp311-manylinux_2_17_x86_64.manylinux2014_x86_64.whl (2.1 MB)
2026-01-19T02:18:35.6662342Z Using cached rsa-4.9.1-py3-none-any.whl (34 kB)
2026-01-19T02:18:35.6675561Z Using cached tenacity-9.1.2-py3-none-any.whl (28 kB)
2026-01-19T02:18:35.6689182Z Using cached typing_extensions-4.15.0-py3-none-any.whl (44 kB)
2026-01-19T02:18:35.6703066Z Using cached websockets-15.0.1-cp311-cp311-manylinux_2_5_x86_64.manylinux1_x86_64.manylinux_2_17_x86_64.manylinux2014_x86_64.whl (182 kB)
2026-01-19T02:18:35.6716902Z Using cached termcolor-3.3.0-py3-none-any.whl (7.7 kB)
2026-01-19T02:18:35.6731147Z Using cached pyyaml-6.0.3-cp311-cp311-manylinux2014_x86_64.manylinux_2_17_x86_64.manylinux_2_28_x86_64.whl (806 kB)
2026-01-19T02:18:35.6750370Z Using cached opencv_python_headless-4.13.0.90-cp37-abi3-manylinux_2_28_x86_64.whl (62.5 MB)
2026-01-19T02:18:35.7209137Z Using cached numpy-2.4.1-cp311-cp311-manylinux_2_27_x86_64.manylinux_2_28_x86_64.whl (16.7 MB)
2026-01-19T02:18:35.7346290Z Using cached faker-40.1.2-py3-none-any.whl (2.0 MB)
2026-01-19T02:18:35.7375866Z Using cached annotated_types-0.7.0-py3-none-any.whl (13 kB)
2026-01-19T02:18:35.7389889Z Using cached certifi-2026.1.4-py3-none-any.whl (152 kB)
2026-01-19T02:18:35.7404297Z Using cached h11-0.16.0-py3-none-any.whl (37 kB)
2026-01-19T02:18:35.7417874Z Using cached pyasn1-0.6.2-py3-none-any.whl (83 kB)
2026-01-19T02:18:35.7431386Z Using cached pyasn1_modules-0.4.2-py3-none-any.whl (181 kB)
2026-01-19T02:18:35.7446460Z Using cached typing_inspection-0.4.2-py3-none-any.whl (14 kB)
2026-01-19T02:18:35.7459582Z Using cached sniffio-1.3.1-py3-none-any.whl (10 kB)
2026-01-19T02:18:35.9518372Z Installing collected packages: websockets, urllib3, typing-extensions, termcolor, tenacity, sniffio, PyYAML, python-dotenv, pyasn1, pillow, numpy, idna, h11, greenlet, faker, distro, charset_normalizer, certifi, annotated-types, typing-inspection, rsa, requests, pyee, pydantic-core, pyasn1-modules, opencv-python-headless, httpcore, anyio, pydantic, playwright, httpx, google-auth, google-genai
2026-01-19T02:18:42.9948943Z 
2026-01-19T02:18:42.9974636Z Successfully installed PyYAML-6.0.3 annotated-types-0.7.0 anyio-4.12.1 certifi-2026.1.4 charset_normalizer-3.4.4 distro-1.9.0 faker-40.1.2 google-auth-2.47.0 google-genai-1.59.0 greenlet-3.3.0 h11-0.16.0 httpcore-1.0.9 httpx-0.28.1 idna-3.11 numpy-2.4.1 opencv-python-headless-4.13.0.90 pillow-12.1.0 playwright-1.57.0 pyasn1-0.6.2 pyasn1-modules-0.4.2 pydantic-2.12.5 pydantic-core-2.41.5 pyee-13.0.0 python-dotenv-1.2.1 requests-2.32.5 rsa-4.9.1 sniffio-1.3.1 tenacity-9.1.2 termcolor-3.3.0 typing-extensions-4.15.0 typing-inspection-0.4.2 urllib3-2.6.3 websockets-15.0.1
2026-01-19T02:18:43.7913100Z Downloading Chromium 143.0.7499.4 (playwright build v1200) from https://cdn.playwright.dev/dbazure/download/playwright/builds/chromium/1200/chromium-linux.zip
2026-01-19T02:18:43.8960762Z (node:2195) [DEP0169] DeprecationWarning: `url.parse()` behavior is not standardized and prone to errors that have security implications. Use the WHATWG URL API instead. CVEs are not issued for `url.parse()` vulnerabilities.
2026-01-19T02:18:44.0214778Z (Use `node --trace-deprecation ...` to show where the warning was created)
2026-01-19T02:18:44.0215693Z |                                                                                |   0% of 164.7 MiB
2026-01-19T02:18:44.2079052Z |■■■■■■■■                                                                        |  10% of 164.7 MiB
2026-01-19T02:18:44.3124684Z |■■■■■■■■■■■■■■■■                                                                |  20% of 164.7 MiB
2026-01-19T02:18:44.4663329Z |■■■■■■■■■■■■■■■■■■■■■■■■                                                        |  30% of 164.7 MiB
2026-01-19T02:18:44.5658044Z |■■■■■■■■■■■■■■■■■■■■■■■■■■■■■■■■                                                |  40% of 164.7 MiB
2026-01-19T02:18:44.7072340Z |■■■■■■■■■■■■■■■■■■■■■■■■■■■■■■■■■■■■■■■■                                        |  50% of 164.7 MiB
2026-01-19T02:18:44.8749917Z |■■■■■■■■■■■■■■■■■■■■■■■■■■■■■■■■■■■■■■■■■■■■■■■■                                |  60% of 164.7 MiB
2026-01-19T02:18:45.0161932Z |■■■■■■■■■■■■■■■■■■■■■■■■■■■■■■■■■■■■■■■■■■■■■■■■■■■■■■■■                        |  70% of 164.7 MiB
2026-01-19T02:18:45.1741420Z |■■■■■■■■■■■■■■■■■■■■■■■■■■■■■■■■■■■■■■■■■■■■■■■■■■■■■■■■■■■■■■■■                |  80% of 164.7 MiB
2026-01-19T02:18:45.3042478Z |■■■■■■■■■■■■■■■■■■■■■■■■■■■■■■■■■■■■■■■■■■■■■■■■■■■■■■■■■■■■■■■■■■■■■■■■        |  90% of 164.7 MiB
2026-01-19T02:18:45.4212013Z |■■■■■■■■■■■■■■■■■■■■■■■■■■■■■■■■■■■■■■■■■■■■■■■■■■■■■■■■■■■■■■■■■■■■■■■■■■■■■■■■| 100% of 164.7 MiB
2026-01-19T02:18:47.9771634Z Chromium 143.0.7499.4 (playwright build v1200) downloaded to /home/runner/.cache/ms-playwright/chromium-1200
2026-01-19T02:18:47.9776787Z Downloading FFMPEG playwright build v1011 from https://cdn.playwright.dev/dbazure/download/playwright/builds/ffmpeg/1011/ffmpeg-linux.zip
2026-01-19T02:18:48.0828832Z (node:2206) [DEP0169] DeprecationWarning: `url.parse()` behavior is not standardized and prone to errors that have security implications. Use the WHATWG URL API instead. CVEs are not issued for `url.parse()` vulnerabilities.
2026-01-19T02:18:48.0830500Z (Use `node --trace-deprecation ...` to show where the warning was created)
2026-01-19T02:18:48.1338361Z |                                                                                |   0% of 2.3 MiB
2026-01-19T02:18:48.1708866Z |■■■■■■■■                                                                        |  10% of 2.3 MiB
2026-01-19T02:18:48.2029914Z |■■■■■■■■■■■■■■■■                                                                |  20% of 2.3 MiB
2026-01-19T02:18:48.2332716Z |■■■■■■■■■■■■■■■■■■■■■■■■                                                        |  30% of 2.3 MiB
2026-01-19T02:18:48.2465335Z |■■■■■■■■■■■■■■■■■■■■■■■■■■■■■■■■                                                |  40% of 2.3 MiB
2026-01-19T02:18:48.2593743Z |■■■■■■■■■■■■■■■■■■■■■■■■■■■■■■■■■■■■■■■■                                        |  50% of 2.3 MiB
2026-01-19T02:18:48.2659864Z |■■■■■■■■■■■■■■■■■■■■■■■■■■■■■■■■■■■■■■■■■■■■■■■■                                |  60% of 2.3 MiB
2026-01-19T02:18:48.2678974Z |■■■■■■■■■■■■■■■■■■■■■■■■■■■■■■■■■■■■■■■■■■■■■■■■■■■■■■■■                        |  70% of 2.3 MiB
2026-01-19T02:18:48.2705256Z |■■■■■■■■■■■■■■■■■■■■■■■■■■■■■■■■■■■■■■■■■■■■■■■■■■■■■■■■■■■■■■■■                |  80% of 2.3 MiB
2026-01-19T02:18:48.2717533Z |■■■■■■■■■■■■■■■■■■■■■■■■■■■■■■■■■■■■■■■■■■■■■■■■■■■■■■■■■■■■■■■■■■■■■■■■        |  90% of 2.3 MiB
2026-01-19T02:18:48.2731641Z |■■■■■■■■■■■■■■■■■■■■■■■■■■■■■■■■■■■■■■■■■■■■■■■■■■■■■■■■■■■■■■■■■■■■■■■■■■■■■■■■| 100% of 2.3 MiB
2026-01-19T02:18:48.3301514Z FFMPEG playwright build v1011 downloaded to /home/runner/.cache/ms-playwright/ffmpeg-1011
2026-01-19T02:18:48.3306988Z Downloading Chromium Headless Shell 143.0.7499.4 (playwright build v1200) from https://cdn.playwright.dev/dbazure/download/playwright/builds/chromium/1200/chromium-headless-shell-linux.zip
2026-01-19T02:18:48.4339694Z (node:2217) [DEP0169] DeprecationWarning: `url.parse()` behavior is not standardized and prone to errors that have security implications. Use the WHATWG URL API instead. CVEs are not issued for `url.parse()` vulnerabilities.
2026-01-19T02:18:48.4340770Z (Use `node --trace-deprecation ...` to show where the warning was created)
2026-01-19T02:18:48.5461373Z |                                                                                |   0% of 109.7 MiB
2026-01-19T02:18:48.6593829Z |■■■■■■■■                                                                        |  10% of 109.7 MiB
2026-01-19T02:18:48.7359253Z |■■■■■■■■■■■■■■■■                                                                |  20% of 109.7 MiB
2026-01-19T02:18:48.8212135Z |■■■■■■■■■■■■■■■■■■■■■■■■                                                        |  30% of 109.7 MiB
2026-01-19T02:18:48.9113722Z |■■■■■■■■■■■■■■■■■■■■■■■■■■■■■■■■                                                |  40% of 109.7 MiB
2026-01-19T02:18:48.9850810Z |■■■■■■■■■■■■■■■■■■■■■■■■■■■■■■■■■■■■■■■■                                        |  50% of 109.7 MiB
2026-01-19T02:18:49.0560435Z |■■■■■■■■■■■■■■■■■■■■■■■■■■■■■■■■■■■■■■■■■■■■■■■■                                |  60% of 109.7 MiB
2026-01-19T02:18:49.1299913Z |■■■■■■■■■■■■■■■■■■■■■■■■■■■■■■■■■■■■■■■■■■■■■■■■■■■■■■■■                        |  70% of 109.7 MiB
2026-01-19T02:18:49.2156679Z |■■■■■■■■■■■■■■■■■■■■■■■■■■■■■■■■■■■■■■■■■■■■■■■■■■■■■■■■■■■■■■■■                |  80% of 109.7 MiB
2026-01-19T02:18:49.2957502Z |■■■■■■■■■■■■■■■■■■■■■■■■■■■■■■■■■■■■■■■■■■■■■■■■■■■■■■■■■■■■■■■■■■■■■■■■        |  90% of 109.7 MiB
2026-01-19T02:18:49.4113091Z |■■■■■■■■■■■■■■■■■■■■■■■■■■■■■■■■■■■■■■■■■■■■■■■■■■■■■■■■■■■■■■■■■■■■■■■■■■■■■■■■| 100% of 109.7 MiB
2026-01-19T02:18:51.3800358Z Chromium Headless Shell 143.0.7499.4 (playwright build v1200) downloaded to /home/runner/.cache/ms-playwright/chromium_headless_shell-1200
2026-01-19T02:18:51.4043718Z ##[group]Run mkdir -p projects/ci_seleniumeasy_forms
2026-01-19T02:18:51.4044176Z [36;1mmkdir -p projects/ci_seleniumeasy_forms[0m
2026-01-19T02:18:51.4044558Z [36;1mcat > projects/ci_seleniumeasy_forms/config.json << 'EOF'[0m
2026-01-19T02:18:51.4044892Z [36;1m{[0m
2026-01-19T02:18:51.4045121Z [36;1m  "project_name": "ci_seleniumeasy_forms",[0m
2026-01-19T02:18:51.4045556Z [36;1m  "target_url": "https://demo.seleniumeasy.com/basic-first-form-demo.html",[0m
2026-01-19T02:18:51.4045996Z [36;1m  "goal": "Validate input forms",[0m
2026-01-19T02:18:51.4046260Z [36;1m  "headless": true[0m
2026-01-19T02:18:51.4046468Z [36;1m}[0m
2026-01-19T02:18:51.4046630Z [36;1mEOF[0m
2026-01-19T02:18:51.4080864Z shell: /usr/bin/bash -e {0}
2026-01-19T02:18:51.4081110Z env:
2026-01-19T02:18:51.4081367Z   pythonLocation: /opt/hostedtoolcache/Python/3.11.14/x64
2026-01-19T02:18:51.4082019Z   PKG_CONFIG_PATH: /opt/hostedtoolcache/Python/3.11.14/x64/lib/pkgconfig
2026-01-19T02:18:51.4082502Z   Python_ROOT_DIR: /opt/hostedtoolcache/Python/3.11.14/x64
2026-01-19T02:18:51.4082889Z   Python2_ROOT_DIR: /opt/hostedtoolcache/Python/3.11.14/x64
2026-01-19T02:18:51.4083250Z   Python3_ROOT_DIR: /opt/hostedtoolcache/Python/3.11.14/x64
2026-01-19T02:18:51.4083613Z   LD_LIBRARY_PATH: /opt/hostedtoolcache/Python/3.11.14/x64/lib
2026-01-19T02:18:51.4083916Z ##[endgroup]
2026-01-19T02:18:51.4205148Z ##[group]Run # Use --deep for comprehensive regression suite
2026-01-19T02:18:51.4205620Z [36;1m# Use --deep for comprehensive regression suite[0m
2026-01-19T02:18:51.4206098Z [36;1mpython orchestrator.py --project projects/ci_seleniumeasy_forms --deep --force[0m
2026-01-19T02:18:51.4240041Z shell: /usr/bin/bash -e {0}
2026-01-19T02:18:51.4240282Z env:
2026-01-19T02:18:51.4240535Z   pythonLocation: /opt/hostedtoolcache/Python/3.11.14/x64
2026-01-19T02:18:51.4240960Z   PKG_CONFIG_PATH: /opt/hostedtoolcache/Python/3.11.14/x64/lib/pkgconfig
2026-01-19T02:18:51.4241390Z   Python_ROOT_DIR: /opt/hostedtoolcache/Python/3.11.14/x64
2026-01-19T02:18:51.4242151Z   Python2_ROOT_DIR: /opt/hostedtoolcache/Python/3.11.14/x64
2026-01-19T02:18:51.4242525Z   Python3_ROOT_DIR: /opt/hostedtoolcache/Python/3.11.14/x64
2026-01-19T02:18:51.4242884Z   LD_LIBRARY_PATH: /opt/hostedtoolcache/Python/3.11.14/x64/lib
2026-01-19T02:18:51.4243471Z   GOOGLE_API_KEY: ***
2026-01-19T02:18:51.4243719Z   PYTHONPATH: .
2026-01-19T02:18:51.4243909Z ##[endgroup]
2026-01-19T02:18:53.3223870Z 🚀 [DEEP] Extensive mapping enabled (Depth: 3, Pages: 50)
2026-01-19T02:18:53.3224334Z 
2026-01-19T02:18:53.3225173Z 🗺️ [DISCOVERY] Starting Parallel Semantic Crawl on https://demo.seleniumeasy.com/basic-first-form-demo.html (Workers: 3)
2026-01-19T02:18:54.4039940Z   🔍 [Worker 0] Visiting (0): https://demo.seleniumeasy.com/basic-first-form-demo.html
2026-01-19T02:18:54.5440933Z     ❌ [Worker 0] Failed https://demo.seleniumeasy.com/basic-first-form-demo.html: Page.goto: net::ERR_NAME_NOT_RESOLVED at https://demo.seleniumeasy.com/basic-first-form-demo.html
2026-01-19T02:18:54.5442582Z Call log:
2026-01-19T02:18:54.5443420Z   - navigating to "https://demo.seleniumeasy.com/basic-first-form-demo.html", waiting until "domcontentloaded"
2026-01-19T02:18:54.5444242Z 
2026-01-19T02:18:54.5725149Z ✅ Discovery Complete. Mapped 0 pages.
2026-01-19T02:19:00.9271576Z 
2026-01-19T02:19:00.9272513Z [PLAN] PLANNER: Planning goal -> 'Validate input forms' (Deep Mode: True)
2026-01-19T02:19:00.9273345Z 🗺️ [PLAN] Loaded Sitemap with 0 pages.
2026-01-19T02:19:00.9274274Z 🎭 [EXPERT] Detected Domain: GENERAL. Persona: Act as Senior SDET focusing on exploring the application to understand functional flow and identifying critical paths for end-to-end automation
2026-01-19T02:19:00.9275120Z [DEBUG] Sending request to gemini-2.0-flash. Number of parts: 1
2026-01-19T02:19:00.9275475Z [DEBUG] Received response (Length: 3976)
2026-01-19T02:19:00.9275832Z ✅ Planner generated 3 scenarios. Workflow updated.
2026-01-19T02:19:02.1102441Z 
2026-01-19T02:19:02.1103981Z 🕵️ [DEEP EXPLORER] Starting Multi-Scenario Exploration
2026-01-19T02:19:02.1104719Z 📋 Found 3 scenarios to explore.
2026-01-19T02:19:02.4995991Z 
2026-01-19T02:19:02.4996712Z [1/3] Exploring Scenario: Validate Single Input Form
2026-01-19T02:19:02.4997811Z     🧠 Initialized exploration context for goal: 'Validate input forms'
2026-01-19T02:19:02.4998510Z   ▶️ [STEP step_1] NAVIGATE: 
2026-01-19T02:19:03.0722164Z     ❌ Navigation failed to https://demo.seleniumeasy.com/basic-first-form-demo.html: Page.goto: net::ERR_NAME_NOT_RESOLVED at https://demo.seleniumeasy.com/basic-first-form-demo.html
2026-01-19T02:19:03.0723277Z Call log:
2026-01-19T02:19:03.0723826Z   - navigating to "https://demo.seleniumeasy.com/basic-first-form-demo.html", waiting until "domcontentloaded"
2026-01-19T02:19:03.0724597Z 
2026-01-19T02:19:03.0725839Z     ⚠️ Critical step failure: Page.goto: net::ERR_NAME_NOT_RESOLVED at https://demo.seleniumeasy.com/basic-first-form-demo.html
2026-01-19T02:19:03.0726897Z Ca
2026-01-19T02:19:03.0727480Z   ▶️ [STEP step_2] ASSERT_VISIBLE: Single Input Field
2026-01-19T02:19:03.0984626Z     🔍 Mining locators for: 'Single Input Field'
2026-01-19T02:19:03.1471631Z     🧠 Consulting AI (Vision-First) to find 'Single Input Field'...
2026-01-19T02:19:03.1483434Z     🔍 Trying smart selectors for 'Single Input Field'...
2026-01-19T02:19:03.1765307Z     ⚠️ Smart selectors failed (no unique match). Falling back to AI Vision...
2026-01-19T02:19:03.1766006Z     ⚠️ Critical step failure: name 'time' is not defined
2026-01-19T02:19:03.1766397Z   ▶️ [STEP step_3] FILL: Single Input Field
2026-01-19T02:19:03.1822529Z     🔍 Mining locators for: 'Single Input Field'
2026-01-19T02:19:03.2092942Z     🧠 Consulting AI (Vision-First) to find 'Single Input Field'...
2026-01-19T02:19:03.2093934Z     🔍 Trying smart selectors for 'Single Input Field'...
2026-01-19T02:19:03.2346525Z     ⚠️ Smart selectors failed (no unique match). Falling back to AI Vision...
2026-01-19T02:19:03.2347397Z     ⚠️ Critical step failure: name 'time' is not defined
2026-01-19T02:19:03.2348015Z   ▶️ [STEP step_4] CLICK: Show Message
2026-01-19T02:19:03.2406988Z     🔍 Mining locators for: 'Show Message'
2026-01-19T02:19:03.2624817Z     🧠 Consulting AI (Vision-First) to find 'Show Message'...
2026-01-19T02:19:03.2625532Z     🔍 Trying smart selectors for 'Show Message'...
2026-01-19T02:19:03.2893133Z     ⚠️ Smart selectors failed (no unique match). Falling back to AI Vision...
2026-01-19T02:19:03.2894035Z     ⚠️ Critical step failure: name 'time' is not defined
2026-01-19T02:19:03.2894513Z   ▶️ [STEP step_5] ASSERT_VISIBLE: Your Message:
2026-01-19T02:19:03.2951571Z     🔍 Mining locators for: 'Your Message:'
2026-01-19T02:19:03.3671953Z     🧠 Consulting AI (Vision-First) to find 'Your Message:'...
2026-01-19T02:19:03.3672793Z     🔍 Trying smart selectors for 'Your Message:'...
2026-01-19T02:19:03.3915040Z     ⚠️ Smart selectors failed (no unique match). Falling back to AI Vision...
2026-01-19T02:19:03.3916020Z     ⚠️ Critical step failure: name 'time' is not defined
2026-01-19T02:19:03.3916702Z   ▶️ [STEP step_6] ASSERT_TEXT: Your Message:
2026-01-19T02:19:03.3968705Z     🔍 Mining locators for: 'Your Message:'
2026-01-19T02:19:03.4259918Z     🧠 Consulting AI (Vision-First) to find 'Your Message:'...
2026-01-19T02:19:03.4260438Z     🔍 Trying smart selectors for 'Your Message:'...
2026-01-19T02:19:03.4530124Z     ⚠️ Smart selectors failed (no unique match). Falling back to AI Vision...
2026-01-19T02:19:03.4530716Z     ⚠️ Critical step failure: name 'time' is not defined
2026-01-19T02:19:05.4937176Z 
2026-01-19T02:19:05.4937764Z [2/3] Exploring Scenario: Validate Two Input Fields Form
2026-01-19T02:19:05.4938900Z     🧠 Initialized exploration context for goal: 'Validate input forms'
2026-01-19T02:19:05.4939844Z   ▶️ [STEP step_1] NAVIGATE: 
2026-01-19T02:19:06.0694481Z     ❌ Navigation failed to https://demo.seleniumeasy.com/basic-first-form-demo.html: Page.goto: net::ERR_NAME_NOT_RESOLVED at https://demo.seleniumeasy.com/basic-first-form-demo.html
2026-01-19T02:19:06.0695747Z Call log:
2026-01-19T02:19:06.0696484Z   - navigating to "https://demo.seleniumeasy.com/basic-first-form-demo.html", waiting until "domcontentloaded"
2026-01-19T02:19:06.0697328Z 
2026-01-19T02:19:06.0698366Z     ⚠️ Critical step failure: Page.goto: net::ERR_NAME_NOT_RESOLVED at https://demo.seleniumeasy.com/basic-first-form-demo.html
2026-01-19T02:19:06.0699039Z Ca
2026-01-19T02:19:06.0699355Z   ▶️ [STEP step_2] ASSERT_VISIBLE: Enter value a
2026-01-19T02:19:06.0959428Z     🔍 Mining locators for: 'Enter value a'
2026-01-19T02:19:06.1275629Z     🧠 Consulting AI (Vision-First) to find 'Enter value a'...
2026-01-19T02:19:06.1276461Z     🔍 Trying smart selectors for 'Enter value a'...
2026-01-19T02:19:06.1515987Z     ⚠️ Smart selectors failed (no unique match). Falling back to AI Vision...
2026-01-19T02:19:06.1516968Z     ⚠️ Critical step failure: name 'time' is not defined
2026-01-19T02:19:06.1517611Z   ▶️ [STEP step_3] FILL: Enter value a
2026-01-19T02:19:06.1572450Z     🔍 Mining locators for: 'Enter value a'
2026-01-19T02:19:06.1790694Z     🧠 Consulting AI (Vision-First) to find 'Enter value a'...
2026-01-19T02:19:06.1791247Z     🔍 Trying smart selectors for 'Enter value a'...
2026-01-19T02:19:06.2067447Z     ⚠️ Smart selectors failed (no unique match). Falling back to AI Vision...
2026-01-19T02:19:06.2068335Z     ⚠️ Critical step failure: name 'time' is not defined
2026-01-19T02:19:06.2069347Z   ▶️ [STEP step_4] ASSERT_VISIBLE: Enter value b
2026-01-19T02:19:06.2134855Z     🔍 Mining locators for: 'Enter value b'
2026-01-19T02:19:06.2427074Z     🧠 Consulting AI (Vision-First) to find 'Enter value b'...
2026-01-19T02:19:06.2427857Z     🔍 Trying smart selectors for 'Enter value b'...
2026-01-19T02:19:06.2706311Z     ⚠️ Smart selectors failed (no unique match). Falling back to AI Vision...
2026-01-19T02:19:06.2706891Z     ⚠️ Critical step failure: name 'time' is not defined
2026-01-19T02:19:06.2707255Z   ▶️ [STEP step_5] FILL: Enter value b
2026-01-19T02:19:06.2758276Z     🔍 Mining locators for: 'Enter value b'
2026-01-19T02:19:06.3089040Z     🧠 Consulting AI (Vision-First) to find 'Enter value b'...
2026-01-19T02:19:06.3090291Z     🔍 Trying smart selectors for 'Enter value b'...
2026-01-19T02:19:06.3314937Z     ⚠️ Smart selectors failed (no unique match). Falling back to AI Vision...
2026-01-19T02:19:06.3315516Z     ⚠️ Critical step failure: name 'time' is not defined
2026-01-19T02:19:06.3315915Z   ▶️ [STEP step_6] CLICK: Get Total
2026-01-19T02:19:06.3366606Z     🔍 Mining locators for: 'Get Total'
2026-01-19T02:19:06.3590461Z     🧠 Consulting AI (Vision-First) to find 'Get Total'...
2026-01-19T02:19:06.3590944Z     🔍 Trying smart selectors for 'Get Total'...
2026-01-19T02:19:06.3817724Z     ⚠️ Smart selectors failed (no unique match). Falling back to AI Vision...
2026-01-19T02:19:06.3818597Z     ⚠️ Critical step failure: name 'time' is not defined
2026-01-19T02:19:06.3819205Z   ▶️ [STEP step_7] ASSERT_VISIBLE: Total
2026-01-19T02:19:06.3873669Z     🔍 Mining locators for: 'Total'
2026-01-19T02:19:06.4094520Z     🧠 Consulting AI (Vision-First) to find 'Total'...
2026-01-19T02:19:06.4095089Z     🔍 Trying smart selectors for 'Total'...
2026-01-19T02:19:06.4344919Z     ⚠️ Smart selectors failed (no unique match). Falling back to AI Vision...
2026-01-19T02:19:06.4345821Z     ⚠️ Critical step failure: name 'time' is not defined
2026-01-19T02:19:06.4346266Z   ▶️ [STEP step_8] ASSERT_TEXT: Total
2026-01-19T02:19:06.4396832Z     🔍 Mining locators for: 'Total'
2026-01-19T02:19:06.4753087Z     🧠 Consulting AI (Vision-First) to find 'Total'...
2026-01-19T02:19:06.4753577Z     🔍 Trying smart selectors for 'Total'...
2026-01-19T02:19:06.4998991Z     ⚠️ Smart selectors failed (no unique match). Falling back to AI Vision...
2026-01-19T02:19:06.4999590Z     ⚠️ Critical step failure: name 'time' is not defined
2026-01-19T02:19:08.5362139Z 
2026-01-19T02:19:08.5363649Z [3/3] Exploring Scenario: Validate Two Input Fields Form with Invalid Input
2026-01-19T02:19:08.5365491Z     🧠 Initialized exploration context for goal: 'Validate input forms'
2026-01-19T02:19:08.5366270Z   ▶️ [STEP step_1] NAVIGATE: 
2026-01-19T02:19:09.0747779Z     ❌ Navigation failed to https://demo.seleniumeasy.com/basic-first-form-demo.html: Page.goto: net::ERR_NAME_NOT_RESOLVED at https://demo.seleniumeasy.com/basic-first-form-demo.html
2026-01-19T02:19:09.0749198Z Call log:
2026-01-19T02:19:09.0750010Z   - navigating to "https://demo.seleniumeasy.com/basic-first-form-demo.html", waiting until "domcontentloaded"
2026-01-19T02:19:09.0750534Z 
2026-01-19T02:19:09.0751563Z     ⚠️ Critical step failure: Page.goto: net::ERR_NAME_NOT_RESOLVED at https://demo.seleniumeasy.com/basic-first-form-demo.html
2026-01-19T02:19:09.0752701Z Ca
2026-01-19T02:19:09.0753213Z   ▶️ [STEP step_2] ASSERT_VISIBLE: Enter value a
2026-01-19T02:19:09.0998634Z     🔍 Mining locators for: 'Enter value a'
2026-01-19T02:19:09.1274729Z     🧠 Consulting AI (Vision-First) to find 'Enter value a'...
2026-01-19T02:19:09.1275735Z     🔍 Trying smart selectors for 'Enter value a'...
2026-01-19T02:19:09.1564370Z     ⚠️ Smart selectors failed (no unique match). Falling back to AI Vision...
2026-01-19T02:19:09.1565387Z     ⚠️ Critical step failure: name 'time' is not defined
2026-01-19T02:19:09.1565972Z   ▶️ [STEP step_3] FILL: Enter value a
2026-01-19T02:19:09.1639424Z     🔍 Mining locators for: 'Enter value a'
2026-01-19T02:19:09.1927400Z     🧠 Consulting AI (Vision-First) to find 'Enter value a'...
2026-01-19T02:19:09.1928279Z     🔍 Trying smart selectors for 'Enter value a'...
2026-01-19T02:19:09.2190344Z     ⚠️ Smart selectors failed (no unique match). Falling back to AI Vision...
2026-01-19T02:19:09.2191237Z     ⚠️ Critical step failure: name 'time' is not defined
2026-01-19T02:19:09.2192044Z   ▶️ [STEP step_4] ASSERT_VISIBLE: Enter value b
2026-01-19T02:19:09.2250862Z     🔍 Mining locators for: 'Enter value b'
2026-01-19T02:19:09.2481214Z     🧠 Consulting AI (Vision-First) to find 'Enter value b'...
2026-01-19T02:19:09.2482387Z     🔍 Trying smart selectors for 'Enter value b'...
2026-01-19T02:19:09.2713034Z     ⚠️ Smart selectors failed (no unique match). Falling back to AI Vision...
2026-01-19T02:19:09.2715759Z     ⚠️ Critical step failure: name 'time' is not defined
2026-01-19T02:19:09.2716210Z   ▶️ [STEP step_5] FILL: Enter value b
2026-01-19T02:19:09.2772006Z     🔍 Mining locators for: 'Enter value b'
2026-01-19T02:19:09.3096400Z     🧠 Consulting AI (Vision-First) to find 'Enter value b'...
2026-01-19T02:19:09.3097023Z     🔍 Trying smart selectors for 'Enter value b'...
2026-01-19T02:19:09.3348253Z     ⚠️ Smart selectors failed (no unique match). Falling back to AI Vision...
2026-01-19T02:19:09.3349192Z     ⚠️ Critical step failure: name 'time' is not defined
2026-01-19T02:19:09.3349773Z   ▶️ [STEP step_6] CLICK: Get Total
2026-01-19T02:19:09.3402847Z     🔍 Mining locators for: 'Get Total'
2026-01-19T02:19:09.3765403Z     🧠 Consulting AI (Vision-First) to find 'Get Total'...
2026-01-19T02:19:09.3766475Z     🔍 Trying smart selectors for 'Get Total'...
2026-01-19T02:19:09.4042941Z     ⚠️ Smart selectors failed (no unique match). Falling back to AI Vision...
2026-01-19T02:19:09.4043993Z     ⚠️ Critical step failure: name 'time' is not defined
2026-01-19T02:19:09.4044442Z   ▶️ [STEP step_7] ASSERT_VISIBLE: Total
2026-01-19T02:19:09.4098806Z     🔍 Mining locators for: 'Total'
2026-01-19T02:19:09.4432573Z     🧠 Consulting AI (Vision-First) to find 'Total'...
2026-01-19T02:19:09.4433150Z     🔍 Trying smart selectors for 'Total'...
2026-01-19T02:19:09.4675923Z     ⚠️ Smart selectors failed (no unique match). Falling back to AI Vision...
2026-01-19T02:19:09.4676824Z     ⚠️ Critical step failure: name 'time' is not defined
2026-01-19T02:19:09.4677218Z   ▶️ [STEP step_8] ASSERT_TEXT: Total
2026-01-19T02:19:09.4732196Z     🔍 Mining locators for: 'Total'
2026-01-19T02:19:09.5092083Z     🧠 Consulting AI (Vision-First) to find 'Total'...
2026-01-19T02:19:09.5092700Z     🔍 Trying smart selectors for 'Total'...
2026-01-19T02:19:09.5317077Z     ⚠️ Smart selectors failed (no unique match). Falling back to AI Vision...
2026-01-19T02:19:09.5317718Z     ⚠️ Critical step failure: name 'time' is not defined
2026-01-19T02:19:11.5668797Z 🗂️  All generated tests written to /home/runner/work/build_qa_automation/build_qa_automation/projects/ci_seleniumeasy_forms/tests/generated_scenarios.json
2026-01-19T02:19:11.5673636Z 🔄 Updated workflow.json with discovered steps and locators.
2026-01-19T02:19:11.5674041Z 
2026-01-19T02:19:11.5674193Z ✅ Deep Exploration Complete.
2026-01-19T02:19:25.2701311Z 
2026-01-19T02:19:25.2702346Z 🚀 [EXECUTE] Starting Automation Execution Engine
2026-01-19T02:19:25.2703007Z 📍 Project: ci_seleniumeasy_forms
2026-01-19T02:19:25.2703302Z 🎬 Mode: Headless
2026-01-19T02:19:25.2703422Z 
2026-01-19T02:19:25.2703550Z --- Scenario: Validate Single Input Form ---
2026-01-19T02:19:25.2703899Z   ▶️ [STEP step_1] NAVIGATE: Step step_1
2026-01-19T02:19:25.2704761Z     ❌ Attempt 1 failed (unknown): Page.goto: net::ERR_NAME_NOT_RESOLVED at https://demo.seleniumeasy.com/basic-first-form-demo.html
2026-01-19T02:19:25.2705300Z Ca...
2026-01-19T02:19:25.2705640Z     🔧 [AUTO-HEAL] Re-mining page to find 'Step step_1'...
2026-01-19T02:19:25.2706029Z [DEBUG] Sending request to gemini-2.0-flash. Number of parts: 2
2026-01-19T02:19:25.2706374Z [DEBUG] Received response (Length: 38)
2026-01-19T02:19:25.2707143Z     ❌ AI could not re-locate the element. Waiting 1s before next retry.
2026-01-19T02:19:25.2707982Z     ❌ Attempt 2 failed (unknown): Page.goto: net::ERR_NAME_NOT_RESOLVED at https://demo.seleniumeasy.com/basic-first-form-demo.html
2026-01-19T02:19:25.2708515Z Ca...
2026-01-19T02:19:25.2708778Z     🔧 [AUTO-HEAL] Re-mining page to find 'navigate'...
2026-01-19T02:19:25.2709088Z [CACHE HIT] 2cd6a610... (hits: 1, misses: 1)
2026-01-19T02:19:25.2709483Z     ❌ AI could not re-locate the element. Waiting 1s before next retry.
2026-01-19T02:19:25.2710240Z     ❌ Attempt 3 failed (unknown): Page.goto: net::ERR_NAME_NOT_RESOLVED at https://demo.seleniumeasy.com/basic-first-form-demo.html
2026-01-19T02:19:25.2710766Z Ca...
2026-01-19T02:19:25.2711202Z     💀 Step step_1 failed after all retries.
2026-01-19T02:19:25.2711604Z 🛑 Scenario 'Validate Single Input Form' aborted due to step failure.
2026-01-19T02:19:25.2712281Z 
2026-01-19T02:19:25.2712409Z --- Scenario: Validate Two Input Fields Form ---
2026-01-19T02:19:25.2712765Z   ▶️ [STEP step_1] NAVIGATE: Step step_1
2026-01-19T02:19:25.2713485Z     ❌ Attempt 1 failed (unknown): Page.goto: net::ERR_NAME_NOT_RESOLVED at https://demo.seleniumeasy.com/basic-first-form-demo.html
2026-01-19T02:19:25.2714018Z Ca...
2026-01-19T02:19:25.2714286Z     🔧 [AUTO-HEAL] Re-mining page to find 'Step step_1'...
2026-01-19T02:19:25.2714606Z [CACHE HIT] 2cd6a610... (hits: 2, misses: 1)
2026-01-19T02:19:25.2715009Z     ❌ AI could not re-locate the element. Waiting 1s before next retry.
2026-01-19T02:19:25.2715756Z     ❌ Attempt 2 failed (unknown): Page.goto: net::ERR_NAME_NOT_RESOLVED at https://demo.seleniumeasy.com/basic-first-form-demo.html
2026-01-19T02:19:25.2716275Z Ca...
2026-01-19T02:19:25.2716530Z     🔧 [AUTO-HEAL] Re-mining page to find 'navigate'...
2026-01-19T02:19:25.2716848Z [CACHE HIT] 2cd6a610... (hits: 3, misses: 1)
2026-01-19T02:19:25.2717237Z     ❌ AI could not re-locate the element. Waiting 1s before next retry.
2026-01-19T02:19:25.2717978Z     ❌ Attempt 3 failed (unknown): Page.goto: net::ERR_NAME_NOT_RESOLVED at https://demo.seleniumeasy.com/basic-first-form-demo.html
2026-01-19T02:19:25.2718495Z Ca...
2026-01-19T02:19:25.2718717Z     💀 Step step_1 failed after all retries.
2026-01-19T02:19:25.2719127Z 🛑 Scenario 'Validate Two Input Fields Form' aborted due to step failure.
2026-01-19T02:19:25.2719401Z 
2026-01-19T02:19:25.2719576Z --- Scenario: Validate Two Input Fields Form with Invalid Input ---
2026-01-19T02:19:25.2719959Z   ▶️ [STEP step_1] NAVIGATE: Step step_1
2026-01-19T02:19:25.2720625Z     ❌ Attempt 1 failed (unknown): Page.goto: net::ERR_NAME_NOT_RESOLVED at https://demo.seleniumeasy.com/basic-first-form-demo.html
2026-01-19T02:19:25.2721167Z Ca...
2026-01-19T02:19:25.2721441Z     🔧 [AUTO-HEAL] Re-mining page to find 'Step step_1'...
2026-01-19T02:19:25.2722083Z [CACHE HIT] 2cd6a610... (hits: 4, misses: 1)
2026-01-19T02:19:25.2722530Z     ❌ AI could not re-locate the element. Waiting 1s before next retry.
2026-01-19T02:19:25.2723305Z     ❌ Attempt 2 failed (unknown): Page.goto: net::ERR_NAME_NOT_RESOLVED at https://demo.seleniumeasy.com/basic-first-form-demo.html
2026-01-19T02:19:25.2723834Z Ca...
2026-01-19T02:19:25.2724091Z     🔧 [AUTO-HEAL] Re-mining page to find 'navigate'...
2026-01-19T02:19:25.2724386Z [CACHE HIT] 2cd6a610... (hits: 5, misses: 1)
2026-01-19T02:19:25.2724775Z     ❌ AI could not re-locate the element. Waiting 1s before next retry.
2026-01-19T02:19:25.2725505Z     ❌ Attempt 3 failed (unknown): Page.goto: net::ERR_NAME_NOT_RESOLVED at https://demo.seleniumeasy.com/basic-first-form-demo.html
2026-01-19T02:19:25.2726029Z Ca...
2026-01-19T02:19:25.2726253Z     💀 Step step_1 failed after all retries.
2026-01-19T02:19:25.2726733Z 🛑 Scenario 'Validate Two Input Fields Form with Invalid Input' aborted due to step failure.
2026-01-19T02:19:25.2727277Z 
2026-01-19T02:19:25.2727383Z ============================================================
2026-01-19T02:19:25.2727677Z 🎯 EXECUTION SUMMARY
2026-01-19T02:19:25.2727894Z ============================================================
2026-01-19T02:19:25.2728075Z 
2026-01-19T02:19:25.2728319Z 📋 Scenario Overview:
2026-01-19T02:19:25.2728565Z    • Total Scenarios Planned: 3
2026-01-19T02:19:25.2728827Z    • Scenarios Executed: 3
2026-01-19T02:19:25.2729077Z    • Total Steps Executed: 3
2026-01-19T02:19:25.2729216Z 
2026-01-19T02:19:25.2729311Z ✅ Results:
2026-01-19T02:19:25.2729504Z    ❌ Failed: 3 (100%)
2026-01-19T02:19:25.2729628Z 
2026-01-19T02:19:25.2729734Z ⚠️  Failed Scenarios:
2026-01-19T02:19:25.2729968Z    • Validate Single Input Form
2026-01-19T02:19:25.2730234Z    • Validate Two Input Fields Form
2026-01-19T02:19:25.2730556Z    • Validate Two Input Fields Form with Invalid Input
2026-01-19T02:19:25.2730802Z 
2026-01-19T02:19:25.2730909Z ============================================================
2026-01-19T02:19:25.2731223Z 
2026-01-19T02:19:25.2734379Z 🏁 Execution Finished. Report: /home/runner/work/build_qa_automation/build_qa_automation/projects/ci_seleniumeasy_forms/execution.json
2026-01-19T02:19:25.4797273Z 
2026-01-19T02:19:25.4797806Z [PHASE] Running Phase: DISCOVERY
2026-01-19T02:19:25.4799269Z    Command: /opt/hostedtoolcache/Python/3.11.14/x64/bin/python /home/runner/work/build_qa_automation/build_qa_automation/core/agents/discovery.py --project /home/runner/work/build_qa_automation/build_qa_automation/projects/ci_seleniumeasy_forms --url https://demo.seleniumeasy.com/basic-first-form-demo.html --deep
2026-01-19T02:19:25.4800785Z ✅ Phase 'discovery' completed successfully.
2026-01-19T02:19:25.4800997Z 
2026-01-19T02:19:25.4801091Z [PHASE] Running Phase: PLANNING
2026-01-19T02:19:25.4802559Z    Command: /opt/hostedtoolcache/Python/3.11.14/x64/bin/python /home/runner/work/build_qa_automation/build_qa_automation/core/agents/planner.py --project /home/runner/work/build_qa_automation/build_qa_automation/projects/ci_seleniumeasy_forms --goal Validate input forms --url https://demo.seleniumeasy.com/basic-first-form-demo.html --deep
2026-01-19T02:19:25.4803930Z ✅ Phase 'planning' completed successfully.
2026-01-19T02:19:25.4804117Z 
2026-01-19T02:19:25.4804219Z [PHASE] Running Phase: EXPLORATION
2026-01-19T02:19:25.4805154Z    Command: /opt/hostedtoolcache/Python/3.11.14/x64/bin/python /home/runner/work/build_qa_automation/build_qa_automation/core/agents/deep_explorer.py --project /home/runner/work/build_qa_automation/build_qa_automation/projects/ci_seleniumeasy_forms
2026-01-19T02:19:25.4806164Z ✅ Phase 'exploration' completed successfully.
2026-01-19T02:19:25.4806535Z 📊 Exploration Discovery Success Rate: 0.0%
2026-01-19T02:19:25.4807010Z ⚠️ Exploration failed to find stable locators for key steps. Execution might fail.
2026-01-19T02:19:25.4807324Z 
2026-01-19T02:19:25.4807417Z [PHASE] Running Phase: EXECUTION
2026-01-19T02:19:25.4808349Z    Command: /opt/hostedtoolcache/Python/3.11.14/x64/bin/python /home/runner/work/build_qa_automation/build_qa_automation/core/agents/executor.py --project /home/runner/work/build_qa_automation/build_qa_automation/projects/ci_seleniumeasy_forms
2026-01-19T02:19:25.4810203Z ✅ Phase 'execution' completed successfully.
2026-01-19T02:19:25.4810538Z 
2026-01-19T02:19:25.4810737Z [DONE] Pipeline Execution Finished! [DONE]
2026-01-19T02:19:25.6629366Z ##[group]Run RESULT_FILE="projects/ci_seleniumeasy_forms/execution.json"
2026-01-19T02:19:25.6629924Z [36;1mRESULT_FILE="projects/ci_seleniumeasy_forms/execution.json"[0m
2026-01-19T02:19:25.6630296Z [36;1mif [ -f "$RESULT_FILE" ]; then[0m
2026-01-19T02:19:25.6630639Z [36;1m  echo "✅ Results generated successfully: $RESULT_FILE"[0m
2026-01-19T02:19:25.6631078Z [36;1m  cat "$RESULT_FILE" | jq '.scenarios | length' || echo "Result file exists"[0m
2026-01-19T02:19:25.6631441Z [36;1melse[0m
2026-01-19T02:19:25.6631867Z [36;1m  echo "❌ No result file found at $RESULT_FILE"[0m
2026-01-19T02:19:25.6632557Z [36;1m  exit 1[0m
2026-01-19T02:19:25.6632736Z [36;1mfi[0m
2026-01-19T02:19:25.6665134Z shell: /usr/bin/bash -e {0}
2026-01-19T02:19:25.6665371Z env:
2026-01-19T02:19:25.6665622Z   pythonLocation: /opt/hostedtoolcache/Python/3.11.14/x64
2026-01-19T02:19:25.6666041Z   PKG_CONFIG_PATH: /opt/hostedtoolcache/Python/3.11.14/x64/lib/pkgconfig
2026-01-19T02:19:25.6666485Z   Python_ROOT_DIR: /opt/hostedtoolcache/Python/3.11.14/x64
2026-01-19T02:19:25.6666855Z   Python2_ROOT_DIR: /opt/hostedtoolcache/Python/3.11.14/x64
2026-01-19T02:19:25.6667221Z   Python3_ROOT_DIR: /opt/hostedtoolcache/Python/3.11.14/x64
2026-01-19T02:19:25.6667585Z   LD_LIBRARY_PATH: /opt/hostedtoolcache/Python/3.11.14/x64/lib
2026-01-19T02:19:25.6667887Z ##[endgroup]
2026-01-19T02:19:25.6723693Z ✅ Results generated successfully: projects/ci_seleniumeasy_forms/execution.json
2026-01-19T02:19:25.6750248Z 3
2026-01-19T02:19:25.6822931Z ##[group]Run actions/upload-artifact@v4
2026-01-19T02:19:25.6823239Z with:
2026-01-19T02:19:25.6823446Z   name: seleniumeasy_forms-execution-results
2026-01-19T02:19:25.6823932Z   path: projects/ci_seleniumeasy_forms/execution.json
projects/ci_seleniumeasy_forms/workflow.json

2026-01-19T02:19:25.6824400Z   retention-days: 30
2026-01-19T02:19:25.6824608Z   if-no-files-found: warn
2026-01-19T02:19:25.6824818Z   compression-level: 6
2026-01-19T02:19:25.6825014Z   overwrite: false
2026-01-19T02:19:25.6825211Z   include-hidden-files: false
2026-01-19T02:19:25.6825426Z env:
2026-01-19T02:19:25.6825655Z   pythonLocation: /opt/hostedtoolcache/Python/3.11.14/x64
2026-01-19T02:19:25.6826076Z   PKG_CONFIG_PATH: /opt/hostedtoolcache/Python/3.11.14/x64/lib/pkgconfig
2026-01-19T02:19:25.6826479Z   Python_ROOT_DIR: /opt/hostedtoolcache/Python/3.11.14/x64
2026-01-19T02:19:25.6826841Z   Python2_ROOT_DIR: /opt/hostedtoolcache/Python/3.11.14/x64
2026-01-19T02:19:25.6827231Z   Python3_ROOT_DIR: /opt/hostedtoolcache/Python/3.11.14/x64
2026-01-19T02:19:25.6827595Z   LD_LIBRARY_PATH: /opt/hostedtoolcache/Python/3.11.14/x64/lib
2026-01-19T02:19:25.6827900Z ##[endgroup]
2026-01-19T02:19:25.9085690Z Multiple search paths detected. Calculating the least common ancestor of all paths
2026-01-19T02:19:25.9088082Z The least common ancestor is /home/runner/work/build_qa_automation/build_qa_automation/projects/ci_seleniumeasy_forms. This will be the root directory of the artifact
2026-01-19T02:19:25.9089418Z With the provided path, there will be 2 files uploaded
2026-01-19T02:19:25.9095699Z Artifact name is valid!
2026-01-19T02:19:25.9096741Z Root directory input is valid!
2026-01-19T02:19:26.1813928Z Beginning upload of artifact content to blob storage
2026-01-19T02:19:26.4977414Z Uploaded bytes 1168
2026-01-19T02:19:26.5803322Z Finished uploading artifact content to blob storage!
2026-01-19T02:19:26.5805814Z SHA256 digest of uploaded artifact zip is 2cd9dafaac7d98ee4c0f58864a19b6d71cbe5a5c30043ecd6976c110f70a06fd
2026-01-19T02:19:26.5808982Z Finalizing artifact upload
2026-01-19T02:19:26.7425310Z Artifact seleniumeasy_forms-execution-results.zip successfully finalized. Artifact ID 5171739465
2026-01-19T02:19:26.7426918Z Artifact seleniumeasy_forms-execution-results has been successfully uploaded! Final size is 1168 bytes. Artifact ID is 5171739465
2026-01-19T02:19:26.7434771Z Artifact download URL: https://github.com/vishvasmca-cmd/build_qa_automation/actions/runs/21122730879/artifacts/5171739465
2026-01-19T02:19:26.7566294Z Post job cleanup.
2026-01-19T02:19:26.9152813Z Cache hit occurred on the primary key setup-python-Linux-x64-24.04-Ubuntu-python-3.11.14-pip-dde08d0e0b672972dcda9f1a063036a2e0c226f5d0a20362e9401931676d80a4, not saving cache.
2026-01-19T02:19:26.9265984Z Post job cleanup.
2026-01-19T02:19:27.0277292Z [command]/usr/bin/git version
2026-01-19T02:19:27.0320570Z git version 2.52.0
2026-01-19T02:19:27.0368856Z Temporarily overriding HOME='/home/runner/work/_temp/624eac7e-9b03-465b-9645-bfe81014de7c' before making global git config changes
2026-01-19T02:19:27.0370241Z Adding repository directory to the temporary git global config as a safe directory
2026-01-19T02:19:27.0386001Z [command]/usr/bin/git config --global --add safe.directory /home/runner/work/build_qa_automation/build_qa_automation
2026-01-19T02:19:27.0429265Z [command]/usr/bin/git config --local --name-only --get-regexp core\.sshCommand
2026-01-19T02:19:27.0471212Z [command]/usr/bin/git submodule foreach --recursive sh -c "git config --local --name-only --get-regexp 'core\.sshCommand' && git config --local --unset-all 'core.sshCommand' || :"
2026-01-19T02:19:27.0736245Z [command]/usr/bin/git config --local --name-only --get-regexp http\.https\:\/\/github\.com\/\.extraheader
2026-01-19T02:19:27.0760703Z http.https://github.com/.extraheader
2026-01-19T02:19:27.0775089Z [command]/usr/bin/git config --local --unset-all http.https://github.com/.extraheader
2026-01-19T02:19:27.0810061Z [command]/usr/bin/git submodule foreach --recursive sh -c "git config --local --name-only --get-regexp 'http\.https\:\/\/github\.com\/\.extraheader' && git config --local --unset-all 'http.https://github.com/.extraheader' || :"
2026-01-19T02:19:27.1054259Z [command]/usr/bin/git config --local --name-only --get-regexp ^includeIf\.gitdir:
2026-01-19T02:19:27.1094667Z [command]/usr/bin/git submodule foreach --recursive git config --local --show-origin --name-only --get-regexp remote.origin.url
2026-01-19T02:19:27.1458468Z Cleaning up orphan processes
