2026-01-18T18:56:49.3109308Z Current runner version: '2.331.0'
2026-01-18T18:56:49.3131172Z ##[group]Runner Image Provisioner
2026-01-18T18:56:49.3132159Z Hosted Compute Agent
2026-01-18T18:56:49.3132691Z Version: 20251211.462
2026-01-18T18:56:49.3133232Z Commit: 6cbad8c2bb55d58165063d031ccabf57e2d2db61
2026-01-18T18:56:49.3133891Z Build Date: 2025-12-11T16:28:49Z
2026-01-18T18:56:49.3134493Z Worker ID: {d3e40dcc-96c1-4c77-8873-d5ca739cb3ea}
2026-01-18T18:56:49.3135099Z ##[endgroup]
2026-01-18T18:56:49.3135588Z ##[group]Operating System
2026-01-18T18:56:49.3136063Z Ubuntu
2026-01-18T18:56:49.3136486Z 24.04.3
2026-01-18T18:56:49.3136920Z LTS
2026-01-18T18:56:49.3137319Z ##[endgroup]
2026-01-18T18:56:49.3137780Z ##[group]Runner Image
2026-01-18T18:56:49.3138289Z Image: ubuntu-24.04
2026-01-18T18:56:49.3138729Z Version: 20260111.209.1
2026-01-18T18:56:49.3139623Z Included Software: https://github.com/actions/runner-images/blob/ubuntu24/20260111.209/images/ubuntu/Ubuntu2404-Readme.md
2026-01-18T18:56:49.3140967Z Image Release: https://github.com/actions/runner-images/releases/tag/ubuntu24%2F20260111.209
2026-01-18T18:56:49.3141958Z ##[endgroup]
2026-01-18T18:56:49.3142953Z ##[group]GITHUB_TOKEN Permissions
2026-01-18T18:56:49.3144705Z Contents: read
2026-01-18T18:56:49.3145137Z Metadata: read
2026-01-18T18:56:49.3145701Z Packages: read
2026-01-18T18:56:49.3146141Z ##[endgroup]
2026-01-18T18:56:49.3148651Z Secret source: Actions
2026-01-18T18:56:49.3149338Z Prepare workflow directory
2026-01-18T18:56:49.3496410Z Prepare all required actions
2026-01-18T18:56:49.3532893Z Getting action download info
2026-01-18T18:56:49.7346206Z Download action repository 'actions/checkout@v4' (SHA:34e114876b0b11c390a56381ad16ebd13914f8d5)
2026-01-18T18:56:49.8056738Z Download action repository 'actions/setup-python@v5' (SHA:a26af69be951a213d495a4c3e4e4022e16d87065)
2026-01-18T18:56:49.9164426Z Download action repository 'actions/upload-artifact@v4' (SHA:ea165f8d65b6e75b540449e92b4886f43607fa02)
2026-01-18T18:56:50.0966313Z Complete job name: test-websites-deep (the_internet_forms, https://the-internet.herokuapp.com/, Test authentication ...
2026-01-18T18:56:50.1691747Z ##[group]Run actions/checkout@v4
2026-01-18T18:56:50.1692960Z with:
2026-01-18T18:56:50.1693384Z   repository: vishvasmca-cmd/build_qa_automation
2026-01-18T18:56:50.1694079Z   token: ***
2026-01-18T18:56:50.1694416Z   ssh-strict: true
2026-01-18T18:56:50.1694777Z   ssh-user: git
2026-01-18T18:56:50.1695140Z   persist-credentials: true
2026-01-18T18:56:50.1695533Z   clean: true
2026-01-18T18:56:50.1695904Z   sparse-checkout-cone-mode: true
2026-01-18T18:56:50.1696326Z   fetch-depth: 1
2026-01-18T18:56:50.1696676Z   fetch-tags: false
2026-01-18T18:56:50.1697041Z   show-progress: true
2026-01-18T18:56:50.1697399Z   lfs: false
2026-01-18T18:56:50.1697727Z   submodules: false
2026-01-18T18:56:50.1698090Z   set-safe-directory: true
2026-01-18T18:56:50.1698759Z ##[endgroup]
2026-01-18T18:56:50.2683225Z Syncing repository: vishvasmca-cmd/build_qa_automation
2026-01-18T18:56:50.2684842Z ##[group]Getting Git version info
2026-01-18T18:56:50.2685629Z Working directory is '/home/runner/work/build_qa_automation/build_qa_automation'
2026-01-18T18:56:50.2686624Z [command]/usr/bin/git version
2026-01-18T18:56:50.2739557Z git version 2.52.0
2026-01-18T18:56:50.2761722Z ##[endgroup]
2026-01-18T18:56:50.2774641Z Temporarily overriding HOME='/home/runner/work/_temp/6006a8f7-1a67-4798-a8a6-be8e7c9aef65' before making global git config changes
2026-01-18T18:56:50.2775823Z Adding repository directory to the temporary git global config as a safe directory
2026-01-18T18:56:50.2787296Z [command]/usr/bin/git config --global --add safe.directory /home/runner/work/build_qa_automation/build_qa_automation
2026-01-18T18:56:50.2822873Z Deleting the contents of '/home/runner/work/build_qa_automation/build_qa_automation'
2026-01-18T18:56:50.2826089Z ##[group]Initializing the repository
2026-01-18T18:56:50.2830933Z [command]/usr/bin/git init /home/runner/work/build_qa_automation/build_qa_automation
2026-01-18T18:56:50.2914865Z hint: Using 'master' as the name for the initial branch. This default branch name
2026-01-18T18:56:50.2915983Z hint: will change to "main" in Git 3.0. To configure the initial branch name
2026-01-18T18:56:50.2916776Z hint: to use in all of your new repositories, which will suppress this warning,
2026-01-18T18:56:50.2917648Z hint: call:
2026-01-18T18:56:50.2918267Z hint:
2026-01-18T18:56:50.2918725Z hint: 	git config --global init.defaultBranch <name>
2026-01-18T18:56:50.2919236Z hint:
2026-01-18T18:56:50.2919720Z hint: Names commonly chosen instead of 'master' are 'main', 'trunk' and
2026-01-18T18:56:50.2920525Z hint: 'development'. The just-created branch can be renamed via this command:
2026-01-18T18:56:50.2921134Z hint:
2026-01-18T18:56:50.2921643Z hint: 	git branch -m <name>
2026-01-18T18:56:50.2922233Z hint:
2026-01-18T18:56:50.2922753Z hint: Disable this message with "git config set advice.defaultBranchName false"
2026-01-18T18:56:50.2923691Z Initialized empty Git repository in /home/runner/work/build_qa_automation/build_qa_automation/.git/
2026-01-18T18:56:50.2927386Z [command]/usr/bin/git remote add origin https://github.com/vishvasmca-cmd/build_qa_automation
2026-01-18T18:56:50.2954624Z ##[endgroup]
2026-01-18T18:56:50.2955285Z ##[group]Disabling automatic garbage collection
2026-01-18T18:56:50.2958275Z [command]/usr/bin/git config --local gc.auto 0
2026-01-18T18:56:50.2980178Z ##[endgroup]
2026-01-18T18:56:50.2980790Z ##[group]Setting up auth
2026-01-18T18:56:50.2986716Z [command]/usr/bin/git config --local --name-only --get-regexp core\.sshCommand
2026-01-18T18:56:50.3009900Z [command]/usr/bin/git submodule foreach --recursive sh -c "git config --local --name-only --get-regexp 'core\.sshCommand' && git config --local --unset-all 'core.sshCommand' || :"
2026-01-18T18:56:50.3291509Z [command]/usr/bin/git config --local --name-only --get-regexp http\.https\:\/\/github\.com\/\.extraheader
2026-01-18T18:56:50.3318457Z [command]/usr/bin/git submodule foreach --recursive sh -c "git config --local --name-only --get-regexp 'http\.https\:\/\/github\.com\/\.extraheader' && git config --local --unset-all 'http.https://github.com/.extraheader' || :"
2026-01-18T18:56:50.3484770Z [command]/usr/bin/git config --local --name-only --get-regexp ^includeIf\.gitdir:
2026-01-18T18:56:50.3509834Z [command]/usr/bin/git submodule foreach --recursive git config --local --show-origin --name-only --get-regexp remote.origin.url
2026-01-18T18:56:50.3700082Z [command]/usr/bin/git config --local http.https://github.com/.extraheader AUTHORIZATION: basic ***
2026-01-18T18:56:50.3730101Z ##[endgroup]
2026-01-18T18:56:50.3731016Z ##[group]Fetching the repository
2026-01-18T18:56:50.3741939Z [command]/usr/bin/git -c protocol.version=2 fetch --no-tags --prune --no-recurse-submodules --depth=1 origin +c9fb31d387d3134fb416430b3b3a9e89b3921439:refs/remotes/origin/main
2026-01-18T18:56:51.4298686Z From https://github.com/vishvasmca-cmd/build_qa_automation
2026-01-18T18:56:51.4301302Z  * [new ref]         c9fb31d387d3134fb416430b3b3a9e89b3921439 -> origin/main
2026-01-18T18:56:51.4324879Z ##[endgroup]
2026-01-18T18:56:51.4326475Z ##[group]Determining the checkout info
2026-01-18T18:56:51.4327998Z ##[endgroup]
2026-01-18T18:56:51.4331547Z [command]/usr/bin/git sparse-checkout disable
2026-01-18T18:56:51.4366143Z [command]/usr/bin/git config --local --unset-all extensions.worktreeConfig
2026-01-18T18:56:51.4388239Z ##[group]Checking out the ref
2026-01-18T18:56:51.4392252Z [command]/usr/bin/git checkout --progress --force -B main refs/remotes/origin/main
2026-01-18T18:56:51.5285321Z Switched to a new branch 'main'
2026-01-18T18:56:51.5286906Z branch 'main' set up to track 'origin/main'.
2026-01-18T18:56:51.5297256Z ##[endgroup]
2026-01-18T18:56:51.5329149Z [command]/usr/bin/git log -1 --format=%H
2026-01-18T18:56:51.5347205Z c9fb31d387d3134fb416430b3b3a9e89b3921439
2026-01-18T18:56:51.5637295Z ##[group]Run actions/setup-python@v5
2026-01-18T18:56:51.5638459Z with:
2026-01-18T18:56:51.5639268Z   python-version: 3.11
2026-01-18T18:56:51.5640174Z   cache: pip
2026-01-18T18:56:51.5641144Z   check-latest: false
2026-01-18T18:56:51.5642610Z   token: ***
2026-01-18T18:56:51.5643463Z   update-environment: true
2026-01-18T18:56:51.5644479Z   allow-prereleases: false
2026-01-18T18:56:51.5645461Z   freethreaded: false
2026-01-18T18:56:51.5646353Z ##[endgroup]
2026-01-18T18:56:51.7204053Z ##[group]Installed versions
2026-01-18T18:56:51.7644863Z Successfully set up CPython (3.11.14)
2026-01-18T18:56:51.7645885Z ##[endgroup]
2026-01-18T18:56:51.8098199Z [command]/opt/hostedtoolcache/Python/3.11.14/x64/bin/pip cache dir
2026-01-18T18:56:52.9553339Z /home/runner/.cache/pip
2026-01-18T18:56:53.1869526Z Cache hit for: setup-python-Linux-x64-24.04-Ubuntu-python-3.11.14-pip-dde08d0e0b672972dcda9f1a063036a2e0c226f5d0a20362e9401931676d80a4
2026-01-18T18:56:54.3906047Z Received 67108864 of 254742636 (26.3%), 63.9 MBs/sec
2026-01-18T18:56:55.4287386Z Received 254742636 of 254742636 (100.0%), 119.1 MBs/sec
2026-01-18T18:56:55.4288366Z Cache Size: ~243 MB (254742636 B)
2026-01-18T18:56:55.4325523Z [command]/usr/bin/tar -xf /home/runner/work/_temp/b5cd9835-19e5-4412-9f18-32ea8e8b2e4f/cache.tzst -P -C /home/runner/work/build_qa_automation/build_qa_automation --use-compress-program unzstd
2026-01-18T18:56:55.6809953Z Cache restored successfully
2026-01-18T18:56:55.7096765Z Cache restored from key: setup-python-Linux-x64-24.04-Ubuntu-python-3.11.14-pip-dde08d0e0b672972dcda9f1a063036a2e0c226f5d0a20362e9401931676d80a4
2026-01-18T18:56:55.7218371Z ##[group]Run pip install -r requirements.txt
2026-01-18T18:56:55.7218841Z [36;1mpip install -r requirements.txt[0m
2026-01-18T18:56:55.7219181Z [36;1mplaywright install chromium[0m
2026-01-18T18:56:55.7244238Z shell: /usr/bin/bash -e {0}
2026-01-18T18:56:55.7244512Z env:
2026-01-18T18:56:55.7244769Z   pythonLocation: /opt/hostedtoolcache/Python/3.11.14/x64
2026-01-18T18:56:55.7245193Z   PKG_CONFIG_PATH: /opt/hostedtoolcache/Python/3.11.14/x64/lib/pkgconfig
2026-01-18T18:56:55.7245617Z   Python_ROOT_DIR: /opt/hostedtoolcache/Python/3.11.14/x64
2026-01-18T18:56:55.7246003Z   Python2_ROOT_DIR: /opt/hostedtoolcache/Python/3.11.14/x64
2026-01-18T18:56:55.7246362Z   Python3_ROOT_DIR: /opt/hostedtoolcache/Python/3.11.14/x64
2026-01-18T18:56:55.7246725Z   LD_LIBRARY_PATH: /opt/hostedtoolcache/Python/3.11.14/x64/lib
2026-01-18T18:56:55.7247017Z ##[endgroup]
2026-01-18T18:56:56.9669867Z Collecting playwright (from -r requirements.txt (line 1))
2026-01-18T18:56:56.9686677Z   Using cached playwright-1.57.0-py3-none-manylinux1_x86_64.whl.metadata (3.5 kB)
2026-01-18T18:56:56.9998476Z Collecting python-dotenv (from -r requirements.txt (line 2))
2026-01-18T18:56:57.0013509Z   Using cached python_dotenv-1.2.1-py3-none-any.whl.metadata (25 kB)
2026-01-18T18:56:57.0400201Z Collecting requests (from -r requirements.txt (line 3))
2026-01-18T18:56:57.0415288Z   Using cached requests-2.32.5-py3-none-any.whl.metadata (4.9 kB)
2026-01-18T18:56:57.2028284Z Collecting pillow (from -r requirements.txt (line 4))
2026-01-18T18:56:57.2045658Z   Using cached pillow-12.1.0-cp311-cp311-manylinux_2_27_x86_64.manylinux_2_28_x86_64.whl.metadata (8.8 kB)
2026-01-18T18:56:57.2427420Z Collecting google-genai>=0.3.0 (from -r requirements.txt (line 5))
2026-01-18T18:56:57.2440319Z   Using cached google_genai-1.59.0-py3-none-any.whl.metadata (53 kB)
2026-01-18T18:56:57.2724962Z Collecting termcolor (from -r requirements.txt (line 6))
2026-01-18T18:56:57.2738376Z   Using cached termcolor-3.3.0-py3-none-any.whl.metadata (6.5 kB)
2026-01-18T18:56:57.3193823Z Collecting PyYAML (from -r requirements.txt (line 7))
2026-01-18T18:56:57.3205954Z   Using cached pyyaml-6.0.3-cp311-cp311-manylinux2014_x86_64.manylinux_2_17_x86_64.manylinux_2_28_x86_64.whl.metadata (2.4 kB)
2026-01-18T18:56:57.3838682Z Collecting opencv-python-headless (from -r requirements.txt (line 8))
2026-01-18T18:56:57.3852536Z   Using cached opencv_python_headless-4.13.0.90-cp37-abi3-manylinux_2_28_x86_64.whl.metadata (19 kB)
2026-01-18T18:56:57.5703229Z Collecting numpy (from -r requirements.txt (line 9))
2026-01-18T18:56:57.5717081Z   Using cached numpy-2.4.1-cp311-cp311-manylinux_2_27_x86_64.manylinux_2_28_x86_64.whl.metadata (6.6 kB)
2026-01-18T18:56:57.6549616Z Collecting faker (from -r requirements.txt (line 10))
2026-01-18T18:56:57.6561663Z   Using cached faker-40.1.2-py3-none-any.whl.metadata (16 kB)
2026-01-18T18:56:57.6890694Z Collecting pyee<14,>=13 (from playwright->-r requirements.txt (line 1))
2026-01-18T18:56:57.6908987Z   Using cached pyee-13.0.0-py3-none-any.whl.metadata (2.9 kB)
2026-01-18T18:56:57.8056527Z Collecting greenlet<4.0.0,>=3.1.1 (from playwright->-r requirements.txt (line 1))
2026-01-18T18:56:57.8068466Z   Using cached greenlet-3.3.0-cp311-cp311-manylinux_2_24_x86_64.manylinux_2_28_x86_64.whl.metadata (4.1 kB)
2026-01-18T18:56:57.8386190Z Collecting typing-extensions (from pyee<14,>=13->playwright->-r requirements.txt (line 1))
2026-01-18T18:56:57.8399870Z   Using cached typing_extensions-4.15.0-py3-none-any.whl.metadata (3.3 kB)
2026-01-18T18:56:57.9223687Z Collecting charset_normalizer<4,>=2 (from requests->-r requirements.txt (line 3))
2026-01-18T18:56:57.9238407Z   Using cached charset_normalizer-3.4.4-cp311-cp311-manylinux2014_x86_64.manylinux_2_17_x86_64.manylinux_2_28_x86_64.whl.metadata (37 kB)
2026-01-18T18:56:57.9520774Z Collecting idna<4,>=2.5 (from requests->-r requirements.txt (line 3))
2026-01-18T18:56:57.9533190Z   Using cached idna-3.11-py3-none-any.whl.metadata (8.4 kB)
2026-01-18T18:56:57.9916320Z Collecting urllib3<3,>=1.21.1 (from requests->-r requirements.txt (line 3))
2026-01-18T18:56:57.9928952Z   Using cached urllib3-2.6.3-py3-none-any.whl.metadata (6.9 kB)
2026-01-18T18:56:58.0257461Z Collecting certifi>=2017.4.17 (from requests->-r requirements.txt (line 3))
2026-01-18T18:56:58.0269715Z   Using cached certifi-2026.1.4-py3-none-any.whl.metadata (2.5 kB)
2026-01-18T18:56:58.0600273Z Collecting anyio<5.0.0,>=4.8.0 (from google-genai>=0.3.0->-r requirements.txt (line 5))
2026-01-18T18:56:58.0612608Z   Using cached anyio-4.12.1-py3-none-any.whl.metadata (4.3 kB)
2026-01-18T18:56:58.1145805Z Collecting google-auth<3.0.0,>=2.47.0 (from google-auth[requests]<3.0.0,>=2.47.0->google-genai>=0.3.0->-r requirements.txt (line 5))
2026-01-18T18:56:58.1157075Z   Using cached google_auth-2.47.0-py3-none-any.whl.metadata (6.4 kB)
2026-01-18T18:56:58.1503540Z Collecting httpx<1.0.0,>=0.28.1 (from google-genai>=0.3.0->-r requirements.txt (line 5))
2026-01-18T18:56:58.1515947Z   Using cached httpx-0.28.1-py3-none-any.whl.metadata (7.1 kB)
2026-01-18T18:56:58.2856953Z Collecting pydantic<3.0.0,>=2.9.0 (from google-genai>=0.3.0->-r requirements.txt (line 5))
2026-01-18T18:56:58.2872408Z   Using cached pydantic-2.12.5-py3-none-any.whl.metadata (90 kB)
2026-01-18T18:56:58.3264644Z Collecting tenacity<9.2.0,>=8.2.3 (from google-genai>=0.3.0->-r requirements.txt (line 5))
2026-01-18T18:56:58.3276397Z   Using cached tenacity-9.1.2-py3-none-any.whl.metadata (1.2 kB)
2026-01-18T18:56:58.4129196Z Collecting websockets<15.1.0,>=13.0.0 (from google-genai>=0.3.0->-r requirements.txt (line 5))
2026-01-18T18:56:58.4141780Z   Using cached websockets-15.0.1-cp311-cp311-manylinux_2_5_x86_64.manylinux1_x86_64.manylinux_2_17_x86_64.manylinux2014_x86_64.whl.metadata (6.8 kB)
2026-01-18T18:56:58.4424465Z Collecting distro<2,>=1.7.0 (from google-genai>=0.3.0->-r requirements.txt (line 5))
2026-01-18T18:56:58.4436936Z   Using cached distro-1.9.0-py3-none-any.whl.metadata (6.8 kB)
2026-01-18T18:56:58.4657978Z Collecting sniffio (from google-genai>=0.3.0->-r requirements.txt (line 5))
2026-01-18T18:56:58.4671239Z   Using cached sniffio-1.3.1-py3-none-any.whl.metadata (3.9 kB)
2026-01-18T18:56:58.5056956Z Collecting pyasn1-modules>=0.2.1 (from google-auth<3.0.0,>=2.47.0->google-auth[requests]<3.0.0,>=2.47.0->google-genai>=0.3.0->-r requirements.txt (line 5))
2026-01-18T18:56:58.5070049Z   Using cached pyasn1_modules-0.4.2-py3-none-any.whl.metadata (3.5 kB)
2026-01-18T18:56:58.5364277Z Collecting rsa<5,>=3.1.4 (from google-auth<3.0.0,>=2.47.0->google-auth[requests]<3.0.0,>=2.47.0->google-genai>=0.3.0->-r requirements.txt (line 5))
2026-01-18T18:56:58.5377891Z   Using cached rsa-4.9.1-py3-none-any.whl.metadata (5.6 kB)
2026-01-18T18:56:58.5774925Z Collecting httpcore==1.* (from httpx<1.0.0,>=0.28.1->google-genai>=0.3.0->-r requirements.txt (line 5))
2026-01-18T18:56:58.5788725Z   Using cached httpcore-1.0.9-py3-none-any.whl.metadata (21 kB)
2026-01-18T18:56:58.6050407Z Collecting h11>=0.16 (from httpcore==1.*->httpx<1.0.0,>=0.28.1->google-genai>=0.3.0->-r requirements.txt (line 5))
2026-01-18T18:56:58.6063650Z   Using cached h11-0.16.0-py3-none-any.whl.metadata (8.3 kB)
2026-01-18T18:56:58.6323933Z Collecting annotated-types>=0.6.0 (from pydantic<3.0.0,>=2.9.0->google-genai>=0.3.0->-r requirements.txt (line 5))
2026-01-18T18:56:58.6336839Z   Using cached annotated_types-0.7.0-py3-none-any.whl.metadata (15 kB)
2026-01-18T18:56:59.2020584Z Collecting pydantic-core==2.41.5 (from pydantic<3.0.0,>=2.9.0->google-genai>=0.3.0->-r requirements.txt (line 5))
2026-01-18T18:56:59.2035524Z   Using cached pydantic_core-2.41.5-cp311-cp311-manylinux_2_17_x86_64.manylinux2014_x86_64.whl.metadata (7.3 kB)
2026-01-18T18:56:59.2292326Z Collecting typing-inspection>=0.4.2 (from pydantic<3.0.0,>=2.9.0->google-genai>=0.3.0->-r requirements.txt (line 5))
2026-01-18T18:56:59.2305250Z   Using cached typing_inspection-0.4.2-py3-none-any.whl.metadata (2.6 kB)
2026-01-18T18:56:59.3052205Z Collecting pyasn1>=0.1.3 (from rsa<5,>=3.1.4->google-auth<3.0.0,>=2.47.0->google-auth[requests]<3.0.0,>=2.47.0->google-genai>=0.3.0->-r requirements.txt (line 5))
2026-01-18T18:56:59.3066698Z   Using cached pyasn1-0.6.2-py3-none-any.whl.metadata (8.4 kB)
2026-01-18T18:56:59.3288874Z Using cached playwright-1.57.0-py3-none-manylinux1_x86_64.whl (46.0 MB)
2026-01-18T18:56:59.3527341Z Using cached greenlet-3.3.0-cp311-cp311-manylinux_2_24_x86_64.manylinux_2_28_x86_64.whl (590 kB)
2026-01-18T18:56:59.3543185Z Using cached pyee-13.0.0-py3-none-any.whl (15 kB)
2026-01-18T18:56:59.3555231Z Using cached python_dotenv-1.2.1-py3-none-any.whl (21 kB)
2026-01-18T18:56:59.3567721Z Using cached requests-2.32.5-py3-none-any.whl (64 kB)
2026-01-18T18:56:59.3580949Z Using cached charset_normalizer-3.4.4-cp311-cp311-manylinux2014_x86_64.manylinux_2_17_x86_64.manylinux_2_28_x86_64.whl (151 kB)
2026-01-18T18:56:59.3593917Z Using cached idna-3.11-py3-none-any.whl (71 kB)
2026-01-18T18:56:59.3606271Z Using cached urllib3-2.6.3-py3-none-any.whl (131 kB)
2026-01-18T18:56:59.3619729Z Using cached pillow-12.1.0-cp311-cp311-manylinux_2_27_x86_64.manylinux_2_28_x86_64.whl (7.0 MB)
2026-01-18T18:56:59.3666704Z Using cached google_genai-1.59.0-py3-none-any.whl (719 kB)
2026-01-18T18:56:59.3682581Z Using cached anyio-4.12.1-py3-none-any.whl (113 kB)
2026-01-18T18:56:59.3695198Z Using cached distro-1.9.0-py3-none-any.whl (20 kB)
2026-01-18T18:56:59.3707306Z Using cached google_auth-2.47.0-py3-none-any.whl (234 kB)
2026-01-18T18:56:59.3720414Z Using cached httpx-0.28.1-py3-none-any.whl (73 kB)
2026-01-18T18:56:59.3732782Z Using cached httpcore-1.0.9-py3-none-any.whl (78 kB)
2026-01-18T18:56:59.3744904Z Using cached pydantic-2.12.5-py3-none-any.whl (463 kB)
2026-01-18T18:56:59.3760277Z Using cached pydantic_core-2.41.5-cp311-cp311-manylinux_2_17_x86_64.manylinux2014_x86_64.whl (2.1 MB)
2026-01-18T18:56:59.3781992Z Using cached rsa-4.9.1-py3-none-any.whl (34 kB)
2026-01-18T18:56:59.3794029Z Using cached tenacity-9.1.2-py3-none-any.whl (28 kB)
2026-01-18T18:56:59.3806235Z Using cached typing_extensions-4.15.0-py3-none-any.whl (44 kB)
2026-01-18T18:56:59.3818970Z Using cached websockets-15.0.1-cp311-cp311-manylinux_2_5_x86_64.manylinux1_x86_64.manylinux_2_17_x86_64.manylinux2014_x86_64.whl (182 kB)
2026-01-18T18:56:59.3832052Z Using cached termcolor-3.3.0-py3-none-any.whl (7.7 kB)
2026-01-18T18:56:59.3844514Z Using cached pyyaml-6.0.3-cp311-cp311-manylinux2014_x86_64.manylinux_2_17_x86_64.manylinux_2_28_x86_64.whl (806 kB)
2026-01-18T18:56:59.3861910Z Using cached opencv_python_headless-4.13.0.90-cp37-abi3-manylinux_2_28_x86_64.whl (62.5 MB)
2026-01-18T18:56:59.4182722Z Using cached numpy-2.4.1-cp311-cp311-manylinux_2_27_x86_64.manylinux_2_28_x86_64.whl (16.7 MB)
2026-01-18T18:56:59.4274779Z Using cached faker-40.1.2-py3-none-any.whl (2.0 MB)
2026-01-18T18:56:59.4296750Z Using cached annotated_types-0.7.0-py3-none-any.whl (13 kB)
2026-01-18T18:56:59.4307989Z Using cached certifi-2026.1.4-py3-none-any.whl (152 kB)
2026-01-18T18:56:59.4319829Z Using cached h11-0.16.0-py3-none-any.whl (37 kB)
2026-01-18T18:56:59.4331138Z Using cached pyasn1-0.6.2-py3-none-any.whl (83 kB)
2026-01-18T18:56:59.4342868Z Using cached pyasn1_modules-0.4.2-py3-none-any.whl (181 kB)
2026-01-18T18:56:59.4354997Z Using cached typing_inspection-0.4.2-py3-none-any.whl (14 kB)
2026-01-18T18:56:59.4366000Z Using cached sniffio-1.3.1-py3-none-any.whl (10 kB)
2026-01-18T18:56:59.6675835Z Installing collected packages: websockets, urllib3, typing-extensions, termcolor, tenacity, sniffio, PyYAML, python-dotenv, pyasn1, pillow, numpy, idna, h11, greenlet, faker, distro, charset_normalizer, certifi, annotated-types, typing-inspection, rsa, requests, pyee, pydantic-core, pyasn1-modules, opencv-python-headless, httpcore, anyio, pydantic, playwright, httpx, google-auth, google-genai
2026-01-18T18:57:05.7208602Z 
2026-01-18T18:57:05.7228866Z Successfully installed PyYAML-6.0.3 annotated-types-0.7.0 anyio-4.12.1 certifi-2026.1.4 charset_normalizer-3.4.4 distro-1.9.0 faker-40.1.2 google-auth-2.47.0 google-genai-1.59.0 greenlet-3.3.0 h11-0.16.0 httpcore-1.0.9 httpx-0.28.1 idna-3.11 numpy-2.4.1 opencv-python-headless-4.13.0.90 pillow-12.1.0 playwright-1.57.0 pyasn1-0.6.2 pyasn1-modules-0.4.2 pydantic-2.12.5 pydantic-core-2.41.5 pyee-13.0.0 python-dotenv-1.2.1 requests-2.32.5 rsa-4.9.1 sniffio-1.3.1 tenacity-9.1.2 termcolor-3.3.0 typing-extensions-4.15.0 typing-inspection-0.4.2 urllib3-2.6.3 websockets-15.0.1
2026-01-18T18:57:06.3995885Z Downloading Chromium 143.0.7499.4 (playwright build v1200) from https://cdn.playwright.dev/dbazure/download/playwright/builds/chromium/1200/chromium-linux.zip
2026-01-18T18:57:06.4963560Z (node:2216) [DEP0169] DeprecationWarning: `url.parse()` behavior is not standardized and prone to errors that have security implications. Use the WHATWG URL API instead. CVEs are not issued for `url.parse()` vulnerabilities.
2026-01-18T18:57:06.4964619Z (Use `node --trace-deprecation ...` to show where the warning was created)
2026-01-18T18:57:06.6123427Z |                                                                                |   0% of 164.7 MiB
2026-01-18T18:57:06.7587975Z |■■■■■■■■                                                                        |  10% of 164.7 MiB
2026-01-18T18:57:06.8298162Z |■■■■■■■■■■■■■■■■                                                                |  20% of 164.7 MiB
2026-01-18T18:57:06.8878717Z |■■■■■■■■■■■■■■■■■■■■■■■■                                                        |  30% of 164.7 MiB
2026-01-18T18:57:06.9424010Z |■■■■■■■■■■■■■■■■■■■■■■■■■■■■■■■■                                                |  40% of 164.7 MiB
2026-01-18T18:57:06.9905271Z |■■■■■■■■■■■■■■■■■■■■■■■■■■■■■■■■■■■■■■■■                                        |  50% of 164.7 MiB
2026-01-18T18:57:07.0352553Z |■■■■■■■■■■■■■■■■■■■■■■■■■■■■■■■■■■■■■■■■■■■■■■■■                                |  60% of 164.7 MiB
2026-01-18T18:57:07.0807810Z |■■■■■■■■■■■■■■■■■■■■■■■■■■■■■■■■■■■■■■■■■■■■■■■■■■■■■■■■                        |  70% of 164.7 MiB
2026-01-18T18:57:07.1298857Z |■■■■■■■■■■■■■■■■■■■■■■■■■■■■■■■■■■■■■■■■■■■■■■■■■■■■■■■■■■■■■■■■                |  80% of 164.7 MiB
2026-01-18T18:57:07.1787921Z |■■■■■■■■■■■■■■■■■■■■■■■■■■■■■■■■■■■■■■■■■■■■■■■■■■■■■■■■■■■■■■■■■■■■■■■■        |  90% of 164.7 MiB
2026-01-18T18:57:07.2297501Z |■■■■■■■■■■■■■■■■■■■■■■■■■■■■■■■■■■■■■■■■■■■■■■■■■■■■■■■■■■■■■■■■■■■■■■■■■■■■■■■■| 100% of 164.7 MiB
2026-01-18T18:57:09.5970957Z Chromium 143.0.7499.4 (playwright build v1200) downloaded to /home/runner/.cache/ms-playwright/chromium-1200
2026-01-18T18:57:09.5975863Z Downloading FFMPEG playwright build v1011 from https://cdn.playwright.dev/dbazure/download/playwright/builds/ffmpeg/1011/ffmpeg-linux.zip
2026-01-18T18:57:09.6917756Z (node:2227) [DEP0169] DeprecationWarning: `url.parse()` behavior is not standardized and prone to errors that have security implications. Use the WHATWG URL API instead. CVEs are not issued for `url.parse()` vulnerabilities.
2026-01-18T18:57:09.6919180Z (Use `node --trace-deprecation ...` to show where the warning was created)
2026-01-18T18:57:09.7910318Z |                                                                                |   0% of 2.3 MiB
2026-01-18T18:57:09.8313591Z |■■■■■■■■                                                                        |  10% of 2.3 MiB
2026-01-18T18:57:09.8473104Z |■■■■■■■■■■■■■■■■                                                                |  20% of 2.3 MiB
2026-01-18T18:57:09.8592500Z |■■■■■■■■■■■■■■■■■■■■■■■■                                                        |  30% of 2.3 MiB
2026-01-18T18:57:09.8636340Z |■■■■■■■■■■■■■■■■■■■■■■■■■■■■■■■■                                                |  40% of 2.3 MiB
2026-01-18T18:57:09.8669765Z |■■■■■■■■■■■■■■■■■■■■■■■■■■■■■■■■■■■■■■■■                                        |  50% of 2.3 MiB
2026-01-18T18:57:09.8760202Z |■■■■■■■■■■■■■■■■■■■■■■■■■■■■■■■■■■■■■■■■■■■■■■■■                                |  60% of 2.3 MiB
2026-01-18T18:57:09.8786869Z |■■■■■■■■■■■■■■■■■■■■■■■■■■■■■■■■■■■■■■■■■■■■■■■■■■■■■■■■                        |  70% of 2.3 MiB
2026-01-18T18:57:09.8801661Z |■■■■■■■■■■■■■■■■■■■■■■■■■■■■■■■■■■■■■■■■■■■■■■■■■■■■■■■■■■■■■■■■                |  80% of 2.3 MiB
2026-01-18T18:57:09.8822197Z |■■■■■■■■■■■■■■■■■■■■■■■■■■■■■■■■■■■■■■■■■■■■■■■■■■■■■■■■■■■■■■■■■■■■■■■■        |  90% of 2.3 MiB
2026-01-18T18:57:09.8839763Z |■■■■■■■■■■■■■■■■■■■■■■■■■■■■■■■■■■■■■■■■■■■■■■■■■■■■■■■■■■■■■■■■■■■■■■■■■■■■■■■■| 100% of 2.3 MiB
2026-01-18T18:57:09.9391196Z FFMPEG playwright build v1011 downloaded to /home/runner/.cache/ms-playwright/ffmpeg-1011
2026-01-18T18:57:09.9394503Z Downloading Chromium Headless Shell 143.0.7499.4 (playwright build v1200) from https://cdn.playwright.dev/dbazure/download/playwright/builds/chromium/1200/chromium-headless-shell-linux.zip
2026-01-18T18:57:10.0345682Z (node:2238) [DEP0169] DeprecationWarning: `url.parse()` behavior is not standardized and prone to errors that have security implications. Use the WHATWG URL API instead. CVEs are not issued for `url.parse()` vulnerabilities.
2026-01-18T18:57:10.0347253Z (Use `node --trace-deprecation ...` to show where the warning was created)
2026-01-18T18:57:10.1464621Z |                                                                                |   0% of 109.7 MiB
2026-01-18T18:57:10.2625097Z |■■■■■■■■                                                                        |  10% of 109.7 MiB
2026-01-18T18:57:10.3118784Z |■■■■■■■■■■■■■■■■                                                                |  20% of 109.7 MiB
2026-01-18T18:57:10.3546158Z |■■■■■■■■■■■■■■■■■■■■■■■■                                                        |  30% of 109.7 MiB
2026-01-18T18:57:10.3947240Z |■■■■■■■■■■■■■■■■■■■■■■■■■■■■■■■■                                                |  40% of 109.7 MiB
2026-01-18T18:57:10.4298313Z |■■■■■■■■■■■■■■■■■■■■■■■■■■■■■■■■■■■■■■■■                                        |  50% of 109.7 MiB
2026-01-18T18:57:10.4720777Z |■■■■■■■■■■■■■■■■■■■■■■■■■■■■■■■■■■■■■■■■■■■■■■■■                                |  60% of 109.7 MiB
2026-01-18T18:57:10.5054073Z |■■■■■■■■■■■■■■■■■■■■■■■■■■■■■■■■■■■■■■■■■■■■■■■■■■■■■■■■                        |  70% of 109.7 MiB
2026-01-18T18:57:10.5370263Z |■■■■■■■■■■■■■■■■■■■■■■■■■■■■■■■■■■■■■■■■■■■■■■■■■■■■■■■■■■■■■■■■                |  80% of 109.7 MiB
2026-01-18T18:57:10.5665726Z |■■■■■■■■■■■■■■■■■■■■■■■■■■■■■■■■■■■■■■■■■■■■■■■■■■■■■■■■■■■■■■■■■■■■■■■■        |  90% of 109.7 MiB
2026-01-18T18:57:10.5956129Z |■■■■■■■■■■■■■■■■■■■■■■■■■■■■■■■■■■■■■■■■■■■■■■■■■■■■■■■■■■■■■■■■■■■■■■■■■■■■■■■■| 100% of 109.7 MiB
2026-01-18T18:57:12.4010016Z Chromium Headless Shell 143.0.7499.4 (playwright build v1200) downloaded to /home/runner/.cache/ms-playwright/chromium_headless_shell-1200
2026-01-18T18:57:12.4206617Z ##[group]Run mkdir -p projects/ci_the_internet_forms
2026-01-18T18:57:12.4207016Z [36;1mmkdir -p projects/ci_the_internet_forms[0m
2026-01-18T18:57:12.4207416Z [36;1mcat > projects/ci_the_internet_forms/config.json << 'EOF'[0m
2026-01-18T18:57:12.4207733Z [36;1m{[0m
2026-01-18T18:57:12.4207943Z [36;1m  "project_name": "ci_the_internet_forms",[0m
2026-01-18T18:57:12.4208313Z [36;1m  "target_url": "https://the-internet.herokuapp.com/",[0m
2026-01-18T18:57:12.4208669Z [36;1m  "goal": "Test authentication and forms",[0m
2026-01-18T18:57:12.4208949Z [36;1m  "headless": true[0m
2026-01-18T18:57:12.4209149Z [36;1m}[0m
2026-01-18T18:57:12.4209318Z [36;1mEOF[0m
2026-01-18T18:57:12.4230513Z shell: /usr/bin/bash -e {0}
2026-01-18T18:57:12.4230766Z env:
2026-01-18T18:57:12.4231040Z   pythonLocation: /opt/hostedtoolcache/Python/3.11.14/x64
2026-01-18T18:57:12.4231597Z   PKG_CONFIG_PATH: /opt/hostedtoolcache/Python/3.11.14/x64/lib/pkgconfig
2026-01-18T18:57:12.4232051Z   Python_ROOT_DIR: /opt/hostedtoolcache/Python/3.11.14/x64
2026-01-18T18:57:12.4232416Z   Python2_ROOT_DIR: /opt/hostedtoolcache/Python/3.11.14/x64
2026-01-18T18:57:12.4232775Z   Python3_ROOT_DIR: /opt/hostedtoolcache/Python/3.11.14/x64
2026-01-18T18:57:12.4233131Z   LD_LIBRARY_PATH: /opt/hostedtoolcache/Python/3.11.14/x64/lib
2026-01-18T18:57:12.4233417Z ##[endgroup]
2026-01-18T18:57:12.4328335Z ##[group]Run # Use --deep for comprehensive regression suite
2026-01-18T18:57:12.4328780Z [36;1m# Use --deep for comprehensive regression suite[0m
2026-01-18T18:57:12.4329239Z [36;1mpython orchestrator.py --project projects/ci_the_internet_forms --deep --force[0m
2026-01-18T18:57:12.4349256Z shell: /usr/bin/bash -e {0}
2026-01-18T18:57:12.4349514Z env:
2026-01-18T18:57:12.4349763Z   pythonLocation: /opt/hostedtoolcache/Python/3.11.14/x64
2026-01-18T18:57:12.4350165Z   PKG_CONFIG_PATH: /opt/hostedtoolcache/Python/3.11.14/x64/lib/pkgconfig
2026-01-18T18:57:12.4350557Z   Python_ROOT_DIR: /opt/hostedtoolcache/Python/3.11.14/x64
2026-01-18T18:57:12.4350909Z   Python2_ROOT_DIR: /opt/hostedtoolcache/Python/3.11.14/x64
2026-01-18T18:57:12.4351582Z   Python3_ROOT_DIR: /opt/hostedtoolcache/Python/3.11.14/x64
2026-01-18T18:57:12.4352013Z   LD_LIBRARY_PATH: /opt/hostedtoolcache/Python/3.11.14/x64/lib
2026-01-18T18:57:12.4352538Z   GOOGLE_API_KEY: ***
2026-01-18T18:57:12.4352781Z   PYTHONPATH: .
2026-01-18T18:57:12.4352955Z ##[endgroup]
2026-01-18T18:57:14.0020725Z usage: discovery.py [-h] --project PROJECT --url URL
2026-01-18T18:57:14.0021539Z discovery.py: error: unrecognized arguments: --deep
2026-01-18T18:57:21.1549334Z 
2026-01-18T18:57:21.1549819Z [PLAN] PLANNER: Planning goal -> 'Test authentication and forms' (Deep Mode: True)
2026-01-18T18:57:21.1551015Z 🎭 [EXPERT] Detected Domain: GENERAL. Persona: Act as Senior SDET focusing on exploring the application to understand functional flow and identifying critical paths for end-to-end automation
2026-01-18T18:57:21.1552023Z [DEBUG] Sending request to gemini-2.0-flash. Number of parts: 1
2026-01-18T18:57:21.1552412Z [DEBUG] Received response (Length: 3925)
2026-01-18T18:57:21.1552752Z ✅ Planner generated 3 scenarios. Workflow updated.
2026-01-18T18:57:22.1234697Z 
2026-01-18T18:57:22.1235508Z 🕵️ [DEEP EXPLORER] Starting Multi-Scenario Exploration
2026-01-18T18:57:22.1236132Z 📋 Found 3 scenarios to explore.
2026-01-18T18:57:22.5492821Z 
2026-01-18T18:57:22.5493791Z [1/3] Exploring Scenario: Authentication - Successful Login
2026-01-18T18:57:22.5494592Z     🧠 Initialized exploration context for goal: 'Test authentication and forms'
2026-01-18T18:57:22.5495024Z   ▶️ [STEP step_1] NAVIGATE: 
2026-01-18T18:57:23.7542623Z     ✅ Navigated to https://the-internet.herokuapp.com/
2026-01-18T18:57:23.7543344Z   ▶️ [STEP step_2] CLICK: Form Authentication
2026-01-18T18:57:23.7715064Z     🔍 Mining locators for: 'Form Authentication'
2026-01-18T18:57:23.8325754Z     ✅ Found 2 verified locators
2026-01-18T18:57:27.4445198Z     ✅ State transitioned.
2026-01-18T18:57:29.1124405Z [DEBUG] Sending request to gemini-2.0-flash. Number of parts: 2
2026-01-18T18:57:29.1124995Z [DEBUG] Received response (Length: 179)
2026-01-18T18:57:29.1125804Z     🤖 AI Next Step Suggestion: fill -> Username
2026-01-18T18:57:29.1126304Z     🧩 Suggested Locator: #username
2026-01-18T18:57:29.1127010Z     💭 Reasoning: The page description indicates to use 'tomsmith' as the username.
2026-01-18T18:57:29.1127732Z     ➕ Injected AI step: fill -> Username
2026-01-18T18:57:29.1128219Z   ▶️ [STEP step_2_ai_1] FILL: Username
2026-01-18T18:57:29.1274441Z     🎯 Using AI-provided locator: #username
2026-01-18T18:57:29.1333431Z     ✅ Found 1 verified locators
2026-01-18T18:57:35.0355352Z     ✅ State transitioned.
2026-01-18T18:57:36.6428542Z [DEBUG] Sending request to gemini-2.0-flash. Number of parts: 2
2026-01-18T18:57:36.6429294Z [DEBUG] Received response (Length: 201)
2026-01-18T18:57:36.6429905Z     🤖 AI Next Step Suggestion: fill -> Password
2026-01-18T18:57:36.6430244Z     🧩 Suggested Locator: #password
2026-01-18T18:57:36.6430705Z     💭 Reasoning: The next step is to fill in the password field before attempting to log in.
2026-01-18T18:57:36.6431204Z     ➕ Injected AI step: fill -> Password
2026-01-18T18:57:36.6431737Z   ▶️ [STEP step_2_ai_2] FILL: Password
2026-01-18T18:57:36.6485657Z     🎯 Using AI-provided locator: #password
2026-01-18T18:57:36.6539524Z     ✅ Found 1 verified locators
2026-01-18T18:57:43.5664241Z     ✅ State transitioned.
2026-01-18T18:57:43.5689186Z     🔄 Revisited state detected (count: 1)
2026-01-18T18:57:45.1930004Z [DEBUG] Sending request to gemini-2.0-flash. Number of parts: 2
2026-01-18T18:57:45.1930689Z [DEBUG] Received response (Length: 219)
2026-01-18T18:57:45.1931608Z     🤖 AI Next Step Suggestion: click -> Login
2026-01-18T18:57:45.1932169Z     🧩 Suggested Locator: button
2026-01-18T18:57:45.1933078Z     💭 Reasoning: Now that the username and password fields are filled, the next logical step is to click the 'Login' button to attempt authentication.
2026-01-18T18:57:45.1933823Z     ➕ Injected AI step: click -> Login
2026-01-18T18:57:45.1934179Z   ▶️ [STEP step_2_ai_3] CLICK: Login
2026-01-18T18:57:45.1991043Z     🎯 Using AI-provided locator: button
2026-01-18T18:57:45.2045027Z     ✅ Found 1 verified locators
2026-01-18T18:57:49.2498817Z     ✅ State transitioned.
2026-01-18T18:57:50.7766543Z [DEBUG] Sending request to gemini-2.0-flash. Number of parts: 2
2026-01-18T18:57:50.7767175Z [DEBUG] Received response (Length: 243)
2026-01-18T18:57:50.7767699Z     🤖 AI Next Step Suggestion: click -> Logout
2026-01-18T18:57:50.7768057Z     🧩 Suggested Locator: a[href="/logout"]
2026-01-18T18:57:50.7768731Z     💭 Reasoning: Now that we've logged in and are in the secure area, the next logical step to test the full authentication flow is to log out.
2026-01-18T18:57:50.7769311Z     ➕ Injected AI step: click -> Logout
2026-01-18T18:57:50.7769625Z   ▶️ [STEP step_2_ai_4] CLICK: Logout
2026-01-18T18:57:50.7910903Z     🎯 Using AI-provided locator: a[href="/logout"]
2026-01-18T18:57:50.7972217Z     ✅ Found 1 verified locators
2026-01-18T18:57:54.8516290Z     ✅ State transitioned.
2026-01-18T18:57:56.4468287Z [DEBUG] Sending request to gemini-2.0-flash. Number of parts: 2
2026-01-18T18:57:56.4468994Z [DEBUG] Received response (Length: 167)
2026-01-18T18:57:56.4469642Z     🤖 AI Next Step Suggestion: fill -> Username
2026-01-18T18:57:56.4469976Z     🧩 Suggested Locator: #username
2026-01-18T18:57:56.4470355Z     💭 Reasoning: The page instructs to use 'tomsmith' as the username.
2026-01-18T18:57:56.4470745Z     ➕ Injected AI step: fill -> Username
2026-01-18T18:57:56.4471058Z   ▶️ [STEP step_2_ai_5] FILL: Username
2026-01-18T18:57:56.4616214Z     🎯 Using AI-provided locator: #username
2026-01-18T18:57:56.4671866Z     ✅ Found 1 verified locators
2026-01-18T18:58:02.5499585Z     ✅ State transitioned.
2026-01-18T18:58:04.2070623Z [DEBUG] Sending request to gemini-2.0-flash. Number of parts: 2
2026-01-18T18:58:04.2071258Z [DEBUG] Received response (Length: 198)
2026-01-18T18:58:04.2072136Z     🤖 AI Next Step Suggestion: fill -> Password
2026-01-18T18:58:04.2072464Z     🧩 Suggested Locator: #password
2026-01-18T18:58:04.2072955Z     💭 Reasoning: The username has been filled, now filling the password to attempt login.
2026-01-18T18:58:04.2073399Z     ➕ Injected AI step: fill -> Password
2026-01-18T18:58:04.2073703Z   ▶️ [STEP step_2_ai_6] FILL: Password
2026-01-18T18:58:04.2134421Z     🎯 Using AI-provided locator: #password
2026-01-18T18:58:04.2191289Z     ✅ Found 1 verified locators
2026-01-18T18:58:11.0098113Z     ✅ State transitioned.
2026-01-18T18:58:11.0122267Z     🔄 Revisited state detected (count: 1)
2026-01-18T18:58:12.5646291Z [DEBUG] Sending request to gemini-2.0-flash. Number of parts: 2
2026-01-18T18:58:12.5646936Z [DEBUG] Received response (Length: 209)
2026-01-18T18:58:12.5647707Z     🤖 AI Next Step Suggestion: click -> Login
2026-01-18T18:58:12.5648282Z     🧩 Suggested Locator: button
2026-01-18T18:58:12.5649507Z     💭 Reasoning: After filling in the username and password, the next logical step is to click the 'Login' button to attempt authentication.
2026-01-18T18:58:12.5650666Z     ➕ Injected AI step: click -> Login
2026-01-18T18:58:12.5651265Z   ▶️ [STEP step_2_ai_7] CLICK: Login
2026-01-18T18:58:12.5702792Z     🎯 Using AI-provided locator: button
2026-01-18T18:58:12.5755905Z     ✅ Found 1 verified locators
2026-01-18T18:58:16.6145249Z     ✅ State transitioned.
2026-01-18T18:58:16.6179068Z     🔄 Revisited state detected (count: 2)
2026-01-18T18:58:17.9810119Z [DEBUG] Sending request to gemini-2.0-flash. Number of parts: 2
2026-01-18T18:58:17.9810738Z [DEBUG] Received response (Length: 266)
2026-01-18T18:58:17.9811653Z     🤖 AI Next Step Suggestion: click -> Logout
2026-01-18T18:58:17.9812261Z     🧩 Suggested Locator: a[href='/logout']
2026-01-18T18:58:17.9813731Z     💭 Reasoning: Now that we are logged in, we should test the logout functionality to ensure it works as expected. The logout button is visible and available to click.
2026-01-18T18:58:17.9815100Z     ➕ Injected AI step: click -> Logout
2026-01-18T18:58:17.9817028Z   ▶️ [STEP step_2_ai_8] CLICK: Logout
2026-01-18T18:58:17.9949773Z     🎯 Using AI-provided locator: a[href='/logout']
2026-01-18T18:58:18.0005217Z     ✅ Found 1 verified locators
2026-01-18T18:58:22.0519569Z     ✅ State transitioned.
2026-01-18T18:58:22.0552823Z     🔄 Revisited state detected (count: 3)
2026-01-18T18:58:23.5442471Z [DEBUG] Sending request to gemini-2.0-flash. Number of parts: 2
2026-01-18T18:58:23.5443108Z [DEBUG] Received response (Length: 231)
2026-01-18T18:58:23.5443874Z     🤖 AI Next Step Suggestion: fill -> Username
2026-01-18T18:58:23.5444458Z     🧩 Suggested Locator: #username
2026-01-18T18:58:23.5445648Z     💭 Reasoning: The page is the login page, and the username field needs to be filled with the username provided in the instructions.
2026-01-18T18:58:23.5446797Z     ➕ Injected AI step: fill -> Username
2026-01-18T18:58:23.5447361Z   ▶️ [STEP step_2_ai_9] FILL: Username
2026-01-18T18:58:23.5506681Z     🎯 Using AI-provided locator: #username
2026-01-18T18:58:23.5558430Z     ✅ Found 1 verified locators
2026-01-18T18:58:29.3125337Z     ✅ State transitioned.
2026-01-18T18:58:29.3151654Z     🔄 Revisited state detected (count: 4)
2026-01-18T18:58:30.6752545Z [DEBUG] Sending request to gemini-2.0-flash. Number of parts: 2
2026-01-18T18:58:30.6753194Z [DEBUG] Received response (Length: 214)
2026-01-18T18:58:30.6753921Z     🤖 AI Next Step Suggestion: fill -> Password
2026-01-18T18:58:30.6754242Z     🧩 Suggested Locator: #password
2026-01-18T18:58:30.6754750Z     💭 Reasoning: The username has been filled, now filling the password field as the next step to log in.
2026-01-18T18:58:30.6755237Z     ➕ Injected AI step: fill -> Password
2026-01-18T18:58:30.6755539Z   ▶️ [STEP step_2_ai_10] FILL: Password
2026-01-18T18:58:30.6810407Z     🎯 Using AI-provided locator: #password
2026-01-18T18:58:30.6865928Z     ✅ Found 1 verified locators
2026-01-18T18:58:37.9431842Z     ✅ State transitioned.
2026-01-18T18:58:37.9457121Z     🔄 Revisited state detected (count: 5)
2026-01-18T18:58:37.9457762Z     ⚠️ Too many revisits (5). Stopping AI step injection to prevent loops.
2026-01-18T18:58:37.9458188Z   ▶️ [STEP step_3] ASSERT_URL: 
2026-01-18T18:58:42.9605538Z     ⚠️ Scroll into view failed for text=None. Proceeding anyway.
2026-01-18T18:58:44.9625773Z     ✅ State transitioned.
2026-01-18T18:58:44.9665811Z     🔄 Revisited state detected (count: 6)
2026-01-18T18:58:44.9666636Z     ⚠️ Too many revisits (6). Stopping AI step injection to prevent loops.
2026-01-18T18:58:44.9667375Z   ▶️ [STEP step_4] FILL: username
2026-01-18T18:58:44.9720245Z     🔍 Mining locators for: 'username'
2026-01-18T18:58:45.0310604Z     ✅ Found 5 verified locators
2026-01-18T18:58:50.7034088Z     ✅ State transitioned.
2026-01-18T18:58:50.7060319Z     🔄 Revisited state detected (count: 7)
2026-01-18T18:58:50.7061173Z     ⚠️ Too many revisits (7). Stopping AI step injection to prevent loops.
2026-01-18T18:58:50.7062078Z   ▶️ [STEP step_5] FILL: password
2026-01-18T18:58:50.7108080Z     🔍 Mining locators for: 'password'
2026-01-18T18:58:50.7614729Z     ✅ Found 4 verified locators
2026-01-18T18:58:57.5774333Z     ✅ State transitioned.
2026-01-18T18:58:57.5797563Z     🔄 Revisited state detected (count: 8)
2026-01-18T18:58:57.5798438Z     ⚠️ Too many revisits (8). Stopping AI step injection to prevent loops.
2026-01-18T18:58:57.5800834Z   ▶️ [STEP step_6] CLICK: Login
2026-01-18T18:58:57.5848320Z     🔍 Mining locators for: 'Login'
2026-01-18T18:58:57.6386080Z     ✅ Found 2 verified locators
2026-01-18T18:59:01.1814771Z     ✅ State transitioned.
2026-01-18T18:59:01.1848438Z     🔄 Revisited state detected (count: 9)
2026-01-18T18:59:01.1848962Z     ⚠️ Too many revisits (9). Stopping AI step injection to prevent loops.
2026-01-18T18:59:01.1849686Z   ▶️ [STEP step_7] ASSERT_VISIBLE: You logged into a secure area!
2026-01-18T18:59:01.1982011Z     🔍 Mining locators for: 'You logged into a secure area!'
2026-01-18T18:59:01.2232757Z     🧠 Consulting AI (Vision-First) to find 'You logged into a secure area!'...
2026-01-18T18:59:01.2233844Z     🧠 [EXPERT] Strategy: Act as Senior SDET focusing on exploring the application to understand functional flow and identifying critical paths for end-to-end automation.
2026-01-18T18:59:04.3661004Z [DEBUG] Sending request to gemini-2.0-flash. Number of parts: 2
2026-01-18T18:59:04.3661731Z [DEBUG] Received response (Length: 1082)
2026-01-18T18:59:04.3662357Z     🔄 Retry 1/3 mining locators for 'You logged into a secure area!'...
2026-01-18T18:59:05.3915846Z     🧠 Consulting AI (Vision-First) to find 'You logged into a secure area!'...
2026-01-18T18:59:05.3917589Z     🧠 [EXPERT] Strategy: Act as Senior SDET focusing on exploring the application to understand functional flow and identifying critical paths for end-to-end automation.
2026-01-18T18:59:05.3922706Z [CACHE HIT] 4df47702... (hits: 1, misses: 11)
2026-01-18T18:59:05.3923453Z     🔄 Retry 2/3 mining locators for 'You logged into a secure area!'...
2026-01-18T18:59:06.4179779Z     🧠 Consulting AI (Vision-First) to find 'You logged into a secure area!'...
2026-01-18T18:59:06.4181489Z     🧠 [EXPERT] Strategy: Act as Senior SDET focusing on exploring the application to understand functional flow and identifying critical paths for end-to-end automation.
2026-01-18T18:59:06.4185979Z [CACHE HIT] 4df47702... (hits: 2, misses: 11)
2026-01-18T18:59:06.4186960Z     🧠 Verifying step validity for 'You logged into a secure area!' after mining failure...
2026-01-18T18:59:07.7448125Z [DEBUG] Sending request to gemini-2.0-flash. Number of parts: 2
2026-01-18T18:59:07.7448545Z [DEBUG] Received response (Length: 203)
2026-01-18T18:59:07.7449127Z     🛠️ Self-Correction: Step is valid. Using new locator: #flash
2026-01-18T18:59:10.7798858Z     ✅ State transitioned.
2026-01-18T18:59:12.7181982Z [DEBUG] Sending request to gemini-2.0-flash. Number of parts: 2
2026-01-18T18:59:12.7182641Z [DEBUG] Received response (Length: 262)
2026-01-18T18:59:12.7183182Z     🤖 AI Next Step Suggestion: click -> Logout
2026-01-18T18:59:12.7183504Z     🧩 Suggested Locator: a[href="/logout"]
2026-01-18T18:59:12.7184226Z     💭 Reasoning: The goal is to test authentication and forms. We have successfully logged in and asserted the login. Now we should test the logout functionality.
2026-01-18T18:59:12.7184902Z     ➕ Injected AI step: click -> Logout
2026-01-18T18:59:12.7185204Z   ▶️ [STEP step_7_ai_1] CLICK: Logout
2026-01-18T18:59:12.7238259Z     🎯 Using AI-provided locator: a[href="/logout"]
2026-01-18T18:59:12.7291456Z     ✅ Found 1 verified locators
2026-01-18T18:59:16.7822718Z     ✅ State transitioned.
2026-01-18T18:59:16.7856397Z     🔄 Revisited state detected (count: 1)
2026-01-18T18:59:18.1151314Z [DEBUG] Sending request to gemini-2.0-flash. Number of parts: 2
2026-01-18T18:59:18.1152087Z [DEBUG] Received response (Length: 238)
2026-01-18T18:59:18.1152804Z     🤖 AI Next Step Suggestion: fill -> Password
2026-01-18T18:59:18.1153379Z     🧩 Suggested Locator: #password
2026-01-18T18:59:18.1154531Z     💭 Reasoning: Need to fill the password field to attempt login. The username field has already been filled in a previous step.
2026-01-18T18:59:18.1155664Z     ➕ Injected AI step: fill -> Password
2026-01-18T18:59:18.1156302Z   ▶️ [STEP step_7_ai_2] FILL: Password
2026-01-18T18:59:18.1294253Z     🎯 Using AI-provided locator: #password
2026-01-18T18:59:18.1348813Z     ✅ Found 1 verified locators
2026-01-18T18:59:25.4955535Z     ✅ State transitioned.
2026-01-18T18:59:25.4976854Z     🔄 Revisited state detected (count: 2)
2026-01-18T18:59:27.1265375Z [DEBUG] Sending request to gemini-2.0-flash. Number of parts: 2
2026-01-18T18:59:27.1266033Z [DEBUG] Received response (Length: 177)
2026-01-18T18:59:27.1266799Z     🤖 AI Next Step Suggestion: fill -> Username
2026-01-18T18:59:27.1267415Z     🧩 Suggested Locator: #username
2026-01-18T18:59:27.1268220Z     💭 Reasoning: The page instructs to use 'tomsmith' as the username for login.
2026-01-18T18:59:27.1269053Z     ➕ Injected AI step: fill -> Username
2026-01-18T18:59:27.1269650Z   ▶️ [STEP step_7_ai_3] FILL: Username
2026-01-18T18:59:27.1323962Z     🎯 Using AI-provided locator: #username
2026-01-18T18:59:27.1376548Z     ✅ Found 1 verified locators
2026-01-18T18:59:33.1272670Z     ✅ State transitioned.
2026-01-18T18:59:33.1296115Z     🔄 Revisited state detected (count: 3)
2026-01-18T18:59:34.6145998Z [DEBUG] Sending request to gemini-2.0-flash. Number of parts: 2
2026-01-18T18:59:34.6146682Z [DEBUG] Received response (Length: 181)
2026-01-18T18:59:34.6147426Z     🤖 AI Next Step Suggestion: fill -> Password
2026-01-18T18:59:34.6148026Z     🧩 Suggested Locator: #password
2026-01-18T18:59:34.6148796Z     💭 Reasoning: The password field needs to be filled to attempt login.
2026-01-18T18:59:34.6149565Z     ➕ Injected AI step: fill -> Password
2026-01-18T18:59:34.6150149Z   ▶️ [STEP step_7_ai_4] FILL: Password
2026-01-18T18:59:34.6204648Z     🎯 Using AI-provided locator: #password
2026-01-18T18:59:34.6257322Z     ✅ Found 1 verified locators
2026-01-18T18:59:41.1864863Z     ✅ State transitioned.
2026-01-18T18:59:41.1887242Z     🔄 Revisited state detected (count: 4)
2026-01-18T18:59:42.7895496Z [DEBUG] Sending request to gemini-2.0-flash. Number of parts: 2
2026-01-18T18:59:42.7896211Z [DEBUG] Received response (Length: 219)
2026-01-18T18:59:42.7896978Z     🤖 AI Next Step Suggestion: click -> Login
2026-01-18T18:59:42.7898284Z     💭 Reasoning: After filling the username and password, the next logical step is to click the 'Login' button to attempt authentication.
2026-01-18T18:59:42.7899476Z     ➕ Injected AI step: click -> Login
2026-01-18T18:59:42.7900055Z   ▶️ [STEP step_7_ai_5] CLICK: Login
2026-01-18T18:59:42.7950971Z     🔍 Mining locators for: 'Login'
2026-01-18T18:59:42.8373383Z     ✅ Found 2 verified locators
2026-01-18T18:59:46.3763137Z     ✅ State transitioned.
2026-01-18T18:59:46.3797489Z     🔄 Revisited state detected (count: 5)
2026-01-18T18:59:46.3798109Z     ⚠️ Too many revisits (5). Stopping AI step injection to prevent loops.
2026-01-18T18:59:48.4162483Z 
2026-01-18T18:59:48.4163415Z [2/3] Exploring Scenario: Authentication - Failed Login
2026-01-18T18:59:48.4164910Z     🧠 Initialized exploration context for goal: 'Test authentication and forms'
2026-01-18T18:59:48.4168227Z   ▶️ [STEP step_1] NAVIGATE: 
2026-01-18T18:59:49.5939682Z     ✅ Navigated to https://the-internet.herokuapp.com/
2026-01-18T18:59:49.5940461Z   ▶️ [STEP step_2] CLICK: Form Authentication
2026-01-18T18:59:49.6033134Z     🔍 Mining locators for: 'Form Authentication'
2026-01-18T18:59:49.6694155Z     ✅ Found 2 verified locators
2026-01-18T18:59:53.2503931Z     ✅ State transitioned.
2026-01-18T18:59:53.2894459Z [CACHE HIT] 4b86de81... (hits: 3, misses: 17)
2026-01-18T18:59:53.2895421Z     🤖 AI Next Step Suggestion: fill -> Username
2026-01-18T18:59:53.2896083Z     🧩 Suggested Locator: #username
2026-01-18T18:59:53.2896981Z     💭 Reasoning: The page description indicates to use 'tomsmith' as the username.
2026-01-18T18:59:53.2897838Z     ➕ Injected AI step: fill -> Username
2026-01-18T18:59:53.2898426Z   ▶️ [STEP step_2_ai_1] FILL: Username
2026-01-18T18:59:53.3025537Z     🎯 Using AI-provided locator: #username
2026-01-18T18:59:53.3083502Z     ✅ Found 1 verified locators
2026-01-18T18:59:59.5693400Z     ✅ State transitioned.
2026-01-18T18:59:59.6060539Z [CACHE HIT] 869f43a5... (hits: 4, misses: 17)
2026-01-18T18:59:59.6061655Z     🤖 AI Next Step Suggestion: fill -> Password
2026-01-18T18:59:59.6062629Z     🧩 Suggested Locator: #password
2026-01-18T18:59:59.6063564Z     💭 Reasoning: The next step is to fill in the password field before attempting to log in.
2026-01-18T18:59:59.6064457Z     ➕ Injected AI step: fill -> Password
2026-01-18T18:59:59.6065045Z   ▶️ [STEP step_2_ai_2] FILL: Password
2026-01-18T18:59:59.6114169Z     🎯 Using AI-provided locator: #password
2026-01-18T18:59:59.6165388Z     ✅ Found 1 verified locators
2026-01-18T19:00:05.7792556Z     ✅ State transitioned.
2026-01-18T19:00:05.7816067Z     🔄 Revisited state detected (count: 1)
2026-01-18T19:00:05.8246195Z [CACHE HIT] 54b46bcb... (hits: 5, misses: 17)
2026-01-18T19:00:05.8247118Z     🤖 AI Next Step Suggestion: click -> Login
2026-01-18T19:00:05.8247642Z     🧩 Suggested Locator: button
2026-01-18T19:00:05.8249029Z     💭 Reasoning: Now that the username and password fields are filled, the next logical step is to click the 'Login' button to attempt authentication.
2026-01-18T19:00:05.8250306Z     ➕ Injected AI step: click -> Login
2026-01-18T19:00:05.8250877Z   ▶️ [STEP step_2_ai_3] CLICK: Login
2026-01-18T19:00:05.8300801Z     🎯 Using AI-provided locator: button
2026-01-18T19:00:05.8352824Z     ✅ Found 1 verified locators
2026-01-18T19:00:09.8768064Z     ✅ State transitioned.
2026-01-18T19:00:09.9065673Z [CACHE HIT] fb7954dd... (hits: 6, misses: 17)
2026-01-18T19:00:09.9066523Z     🤖 AI Next Step Suggestion: click -> Logout
2026-01-18T19:00:09.9066913Z     🧩 Suggested Locator: a[href="/logout"]
2026-01-18T19:00:09.9067699Z     💭 Reasoning: Now that we've logged in and are in the secure area, the next logical step to test the full authentication flow is to log out.
2026-01-18T19:00:09.9068361Z     ➕ Injected AI step: click -> Logout
2026-01-18T19:00:09.9068700Z   ▶️ [STEP step_2_ai_4] CLICK: Logout
2026-01-18T19:00:09.9194995Z     🎯 Using AI-provided locator: a[href="/logout"]
2026-01-18T19:00:09.9253755Z     ✅ Found 1 verified locators
2026-01-18T19:00:13.9775291Z     ✅ State transitioned.
2026-01-18T19:00:14.0232860Z [CACHE HIT] f725e706... (hits: 7, misses: 17)
2026-01-18T19:00:14.0233741Z     🤖 AI Next Step Suggestion: fill -> Username
2026-01-18T19:00:14.0234157Z     🧩 Suggested Locator: #username
2026-01-18T19:00:14.0234582Z     💭 Reasoning: The page instructs to use 'tomsmith' as the username.
2026-01-18T19:00:14.0234985Z     ➕ Injected AI step: fill -> Username
2026-01-18T19:00:14.0235304Z   ▶️ [STEP step_2_ai_5] FILL: Username
2026-01-18T19:00:14.0362285Z     🎯 Using AI-provided locator: #username
2026-01-18T19:00:14.0411640Z     ✅ Found 1 verified locators
2026-01-18T19:00:20.1712489Z     ✅ State transitioned.
2026-01-18T19:00:20.2058868Z [CACHE HIT] 198b4d53... (hits: 8, misses: 17)
2026-01-18T19:00:20.2059784Z     🤖 AI Next Step Suggestion: fill -> Password
2026-01-18T19:00:20.2060483Z     🧩 Suggested Locator: #password
2026-01-18T19:00:20.2061578Z     💭 Reasoning: The username has been filled, now filling the password to attempt login.
2026-01-18T19:00:20.2062518Z     ➕ Injected AI step: fill -> Password
2026-01-18T19:00:20.2063133Z   ▶️ [STEP step_2_ai_6] FILL: Password
2026-01-18T19:00:20.2114456Z     🎯 Using AI-provided locator: #password
2026-01-18T19:00:20.2163928Z     ✅ Found 1 verified locators
2026-01-18T19:00:28.1980258Z     ✅ State transitioned.
2026-01-18T19:00:28.2006377Z     🔄 Revisited state detected (count: 1)
2026-01-18T19:00:28.2390098Z [CACHE HIT] f4103ee5... (hits: 9, misses: 17)
2026-01-18T19:00:28.2390949Z     🤖 AI Next Step Suggestion: click -> Login
2026-01-18T19:00:28.2391946Z     🧩 Suggested Locator: button
2026-01-18T19:00:28.2393098Z     💭 Reasoning: After filling in the username and password, the next logical step is to click the 'Login' button to attempt authentication.
2026-01-18T19:00:28.2394120Z     ➕ Injected AI step: click -> Login
2026-01-18T19:00:28.2394907Z   ▶️ [STEP step_2_ai_7] CLICK: Login
2026-01-18T19:00:28.2443312Z     🎯 Using AI-provided locator: button
2026-01-18T19:00:28.2493398Z     ✅ Found 1 verified locators
2026-01-18T19:00:32.2904032Z     ✅ State transitioned.
2026-01-18T19:00:32.2938675Z     🔄 Revisited state detected (count: 2)
2026-01-18T19:00:32.3211141Z [CACHE HIT] 4eccf2b3... (hits: 10, misses: 17)
2026-01-18T19:00:32.3212223Z     🤖 AI Next Step Suggestion: click -> Logout
2026-01-18T19:00:32.3212776Z     🧩 Suggested Locator: a[href='/logout']
2026-01-18T19:00:32.3214231Z     💭 Reasoning: Now that we are logged in, we should test the logout functionality to ensure it works as expected. The logout button is visible and available to click.
2026-01-18T19:00:32.3215536Z     ➕ Injected AI step: click -> Logout
2026-01-18T19:00:32.3216089Z   ▶️ [STEP step_2_ai_8] CLICK: Logout
2026-01-18T19:00:32.3344374Z     🎯 Using AI-provided locator: a[href='/logout']
2026-01-18T19:00:32.3398688Z     ✅ Found 1 verified locators
2026-01-18T19:00:36.3958287Z     ✅ State transitioned.
2026-01-18T19:00:36.3990583Z     🔄 Revisited state detected (count: 3)
2026-01-18T19:00:36.4530964Z [CACHE HIT] 2ea6e46a... (hits: 11, misses: 17)
2026-01-18T19:00:36.4531957Z     🤖 AI Next Step Suggestion: fill -> Username
2026-01-18T19:00:36.4532331Z     🧩 Suggested Locator: #username
2026-01-18T19:00:36.4533082Z     💭 Reasoning: The page is the login page, and the username field needs to be filled with the username provided in the instructions.
2026-01-18T19:00:36.4533757Z     ➕ Injected AI step: fill -> Username
2026-01-18T19:00:36.4534102Z   ▶️ [STEP step_2_ai_9] FILL: Username
2026-01-18T19:00:36.4582646Z     🎯 Using AI-provided locator: #username
2026-01-18T19:00:36.4632062Z     ✅ Found 1 verified locators
2026-01-18T19:00:42.5788029Z     ✅ State transitioned.
2026-01-18T19:00:42.5811791Z     🔄 Revisited state detected (count: 4)
2026-01-18T19:00:42.6261490Z [CACHE HIT] 6db7ce80... (hits: 12, misses: 17)
2026-01-18T19:00:42.6262341Z     🤖 AI Next Step Suggestion: fill -> Password
2026-01-18T19:00:42.6262783Z     🧩 Suggested Locator: #password
2026-01-18T19:00:42.6263402Z     💭 Reasoning: The username has been filled, now filling the password field as the next step to log in.
2026-01-18T19:00:42.6263992Z     ➕ Injected AI step: fill -> Password
2026-01-18T19:00:42.6264344Z   ▶️ [STEP step_2_ai_10] FILL: Password
2026-01-18T19:00:42.6305925Z     🎯 Using AI-provided locator: #password
2026-01-18T19:00:42.6361269Z     ✅ Found 1 verified locators
2026-01-18T19:00:48.8655157Z     ✅ State transitioned.
2026-01-18T19:00:48.8679241Z     🔄 Revisited state detected (count: 5)
2026-01-18T19:00:48.8680038Z     ⚠️ Too many revisits (5). Stopping AI step injection to prevent loops.
2026-01-18T19:00:48.8680778Z   ▶️ [STEP step_3] ASSERT_URL: 
2026-01-18T19:00:53.8832205Z     ⚠️ Scroll into view failed for text=None. Proceeding anyway.
2026-01-18T19:00:55.8852697Z     ✅ State transitioned.
2026-01-18T19:00:55.8877841Z     🔄 Revisited state detected (count: 6)
2026-01-18T19:00:55.8878664Z     ⚠️ Too many revisits (6). Stopping AI step injection to prevent loops.
2026-01-18T19:00:55.8879403Z   ▶️ [STEP step_4] FILL: username
2026-01-18T19:00:55.8929534Z     🔍 Mining locators for: 'username'
2026-01-18T19:00:55.9415168Z     ✅ Found 5 verified locators
2026-01-18T19:01:01.6765666Z     ✅ State transitioned.
2026-01-18T19:01:01.6789161Z     🔄 Revisited state detected (count: 7)
2026-01-18T19:01:01.6789981Z     ⚠️ Too many revisits (7). Stopping AI step injection to prevent loops.
2026-01-18T19:01:01.6790739Z   ▶️ [STEP step_5] FILL: password
2026-01-18T19:01:01.6838097Z     🔍 Mining locators for: 'password'
2026-01-18T19:01:01.7395285Z     ✅ Found 4 verified locators
2026-01-18T19:01:07.1561764Z     ✅ State transitioned.
2026-01-18T19:01:07.1585950Z     🔄 Revisited state detected (count: 8)
2026-01-18T19:01:07.1586500Z     ⚠️ Too many revisits (8). Stopping AI step injection to prevent loops.
2026-01-18T19:01:07.1587056Z   ▶️ [STEP step_6] CLICK: Login
2026-01-18T19:01:07.1635800Z     🔍 Mining locators for: 'Login'
2026-01-18T19:01:07.2190248Z     ✅ Found 2 verified locators
2026-01-18T19:01:10.7574890Z     ✅ State transitioned.
2026-01-18T19:01:12.3482012Z [DEBUG] Sending request to gemini-2.0-flash. Number of parts: 2
2026-01-18T19:01:12.3483479Z [DEBUG] Received response (Length: 179)
2026-01-18T19:01:12.3484019Z     🤖 AI Next Step Suggestion: fill -> Username
2026-01-18T19:01:12.3484345Z     🧩 Suggested Locator: #username
2026-01-18T19:01:12.3484783Z     💭 Reasoning: The page description indicates the username should be 'tomsmith'.
2026-01-18T19:01:12.3485213Z     ➕ Injected AI step: fill -> Username
2026-01-18T19:01:12.3485773Z   ▶️ [STEP step_6_ai_1] FILL: Username
2026-01-18T19:01:12.3642887Z     🎯 Using AI-provided locator: #username
2026-01-18T19:01:12.3697052Z     ✅ Found 1 verified locators
2026-01-18T19:01:18.1113774Z     ✅ State transitioned.
2026-01-18T19:01:19.7039895Z [DEBUG] Sending request to gemini-2.0-flash. Number of parts: 2
2026-01-18T19:01:19.7040601Z [DEBUG] Received response (Length: 198)
2026-01-18T19:01:19.7041324Z     🤖 AI Next Step Suggestion: fill -> Password
2026-01-18T19:01:19.7041957Z     🧩 Suggested Locator: #password
2026-01-18T19:01:19.7042732Z     💭 Reasoning: The username has been filled. Now filling the password to attempt login.
2026-01-18T19:01:19.7043363Z     ➕ Injected AI step: fill -> Password
2026-01-18T19:01:19.7043666Z   ▶️ [STEP step_6_ai_2] FILL: Password
2026-01-18T19:01:19.7097053Z     🎯 Using AI-provided locator: #password
2026-01-18T19:01:19.7148578Z     ✅ Found 1 verified locators
2026-01-18T19:01:26.3785242Z     ✅ State transitioned.
2026-01-18T19:01:26.3807520Z     🔄 Revisited state detected (count: 1)
2026-01-18T19:01:28.0849727Z [DEBUG] Sending request to gemini-2.0-flash. Number of parts: 2
2026-01-18T19:01:28.0850337Z [DEBUG] Received response (Length: 223)
2026-01-18T19:01:28.0851000Z     🤖 AI Next Step Suggestion: click -> Login
2026-01-18T19:01:28.0851313Z     🧩 Suggested Locator: button
2026-01-18T19:01:28.0852124Z     💭 Reasoning: After filling the username and password, the next logical step is to click the 'Login' button to attempt authentication.
2026-01-18T19:01:28.0852703Z     ➕ Injected AI step: click -> Login
2026-01-18T19:01:28.0853015Z   ▶️ [STEP step_6_ai_3] CLICK: Login
2026-01-18T19:01:28.0907486Z     🎯 Using AI-provided locator: button
2026-01-18T19:01:28.0961771Z     ✅ Found 1 verified locators
2026-01-18T19:01:32.1382181Z     ✅ State transitioned.
2026-01-18T19:01:32.1415732Z     🔄 Revisited state detected (count: 2)
2026-01-18T19:01:33.4167875Z [DEBUG] Sending request to gemini-2.0-flash. Number of parts: 2
2026-01-18T19:01:33.4168538Z [DEBUG] Received response (Length: 225)
2026-01-18T19:01:33.4169164Z     🤖 AI Next Step Suggestion: click -> Logout
2026-01-18T19:01:33.4169519Z     🧩 Suggested Locator: a[href="/logout"]
2026-01-18T19:01:33.4170202Z     💭 Reasoning: Now that we've successfully logged in, we should test the logout functionality to ensure the authentication flow is complete.
2026-01-18T19:01:33.4170828Z     ➕ Injected AI step: click -> Logout
2026-01-18T19:01:33.4171128Z   ▶️ [STEP step_6_ai_4] CLICK: Logout
2026-01-18T19:01:33.4309234Z     🎯 Using AI-provided locator: a[href="/logout"]
2026-01-18T19:01:33.4363582Z     ✅ Found 1 verified locators
2026-01-18T19:01:37.4925165Z     ✅ State transitioned.
2026-01-18T19:01:37.4963990Z     🔄 Revisited state detected (count: 3)
2026-01-18T19:01:38.7350858Z [DEBUG] Sending request to gemini-2.0-flash. Number of parts: 2
2026-01-18T19:01:38.7351619Z [DEBUG] Received response (Length: 167)
2026-01-18T19:01:38.7352382Z     🤖 AI Next Step Suggestion: fill -> Username
2026-01-18T19:01:38.7352795Z     🧩 Suggested Locator: #username
2026-01-18T19:01:38.7353204Z     💭 Reasoning: The page instructs to use 'tomsmith' as the username.
2026-01-18T19:01:38.7353617Z     ➕ Injected AI step: fill -> Username
2026-01-18T19:01:38.7353925Z   ▶️ [STEP step_6_ai_5] FILL: Username
2026-01-18T19:01:38.7409948Z     🎯 Using AI-provided locator: #username
2026-01-18T19:01:38.7458105Z     ✅ Found 1 verified locators
2026-01-18T19:01:44.5166580Z     ✅ State transitioned.
2026-01-18T19:01:44.5194238Z     🔄 Revisited state detected (count: 4)
2026-01-18T19:01:45.8927934Z [DEBUG] Sending request to gemini-2.0-flash. Number of parts: 2
2026-01-18T19:01:45.8928419Z [DEBUG] Received response (Length: 198)
2026-01-18T19:01:45.8928982Z     🤖 AI Next Step Suggestion: fill -> Password
2026-01-18T19:01:45.8929350Z     🧩 Suggested Locator: #password
2026-01-18T19:01:45.8929805Z     💭 Reasoning: The username has been filled, now filling the password to attempt login.
2026-01-18T19:01:45.8930238Z     ➕ Injected AI step: fill -> Password
2026-01-18T19:01:45.8930543Z   ▶️ [STEP step_6_ai_6] FILL: Password
2026-01-18T19:01:45.8982384Z     🎯 Using AI-provided locator: #password
2026-01-18T19:01:45.9033260Z     ✅ Found 1 verified locators
2026-01-18T19:01:52.2919504Z     ✅ State transitioned.
2026-01-18T19:01:52.2943120Z     🔄 Revisited state detected (count: 5)
2026-01-18T19:01:52.2943925Z     ⚠️ Too many revisits (5). Stopping AI step injection to prevent loops.
2026-01-18T19:01:52.2944784Z   ▶️ [STEP step_7] ASSERT_VISIBLE: Your username is invalid!
2026-01-18T19:01:52.2996266Z     🔍 Mining locators for: 'Your username is invalid!'
2026-01-18T19:01:52.3365299Z     🧠 Consulting AI (Vision-First) to find 'Your username is invalid!'...
2026-01-18T19:01:52.3367067Z     🧠 [EXPERT] Strategy: Act as Senior SDET focusing on exploring the application to understand functional flow and identifying critical paths for end-to-end automation.
2026-01-18T19:01:53.8933006Z [DEBUG] Sending request to gemini-2.0-flash. Number of parts: 2
2026-01-18T19:01:53.8933797Z [DEBUG] Received response (Length: 354)
2026-01-18T19:01:53.8936200Z     💡 Expert Suggestion: The error message 'Your username is invalid!' is likely displayed after attempting to log in with incorrect credentials. Clicking the 'Login' button after entering invalid credentials should trigger the error message.
2026-01-18T19:01:53.8938247Z     🛠️ Executing corrective action: click -> 'Login'
2026-01-18T19:01:54.4431680Z     ✅ Executed corrective navigation
2026-01-18T19:01:56.4457783Z     🔄 Retry 1/3 mining locators for 'Your username is invalid!'...
2026-01-18T19:01:57.4863941Z     🧠 Consulting AI (Vision-First) to find 'Your username is invalid!'...
2026-01-18T19:01:57.4865399Z     🧠 [EXPERT] Strategy: Act as Senior SDET focusing on exploring the application to understand functional flow and identifying critical paths for end-to-end automation.
2026-01-18T19:01:59.1808397Z [DEBUG] Sending request to gemini-2.0-flash. Number of parts: 2
2026-01-18T19:01:59.1808854Z [DEBUG] Received response (Length: 351)
2026-01-18T19:01:59.1809658Z     ⚠️ Skipping duplicate injection: Login
2026-01-18T19:01:59.1810080Z     🔄 Retry 2/3 mining locators for 'Your username is invalid!'...
2026-01-18T19:02:00.2188347Z     🧠 Consulting AI (Vision-First) to find 'Your username is invalid!'...
2026-01-18T19:02:00.2189936Z     🧠 [EXPERT] Strategy: Act as Senior SDET focusing on exploring the application to understand functional flow and identifying critical paths for end-to-end automation.
2026-01-18T19:02:00.2194581Z [CACHE HIT] a4c6864d... (hits: 13, misses: 25)
2026-01-18T19:02:00.2195248Z     ⚠️ Skipping duplicate injection: Login
2026-01-18T19:02:00.2195880Z     🧠 Verifying step validity for 'Your username is invalid!' after no candidates found...
2026-01-18T19:02:03.9531478Z [DEBUG] Sending request to gemini-2.0-flash. Number of parts: 2
2026-01-18T19:02:03.9532040Z [DEBUG] Received response (Length: 361)
2026-01-18T19:02:03.9534373Z     🗑️ Step deemed INVALID: The message "Your username is invalid!" is not visible on the page. The page shows the login form with username 'tomsmith' and password fields filled in, and a message at the top indicating the user has logged out of the secure area. The target element only appears after an invalid login attempt.. Removing from workflow.
2026-01-18T19:02:03.9535684Z     ⏭️ Skipping execution of invalid step: Your username is invalid!
2026-01-18T19:02:05.9861649Z 
2026-01-18T19:02:05.9862606Z [3/3] Exploring Scenario: Form - Filling and Submitting a Form
2026-01-18T19:02:05.9864820Z     🧠 Initialized exploration context for goal: 'Test authentication and forms'
2026-01-18T19:02:05.9865997Z   ▶️ [STEP step_1] NAVIGATE: 
2026-01-18T19:02:07.1576781Z     ✅ Navigated to https://the-internet.herokuapp.com/
2026-01-18T19:02:07.1577258Z   ▶️ [STEP step_2] CLICK: Form Authentication
2026-01-18T19:02:07.1755091Z     🔍 Mining locators for: 'Form Authentication'
2026-01-18T19:02:07.2372432Z     ✅ Found 2 verified locators
2026-01-18T19:02:10.7931312Z     ✅ State transitioned.
2026-01-18T19:02:10.8360150Z [CACHE HIT] 4b86de81... (hits: 14, misses: 26)
2026-01-18T19:02:10.8361040Z     🤖 AI Next Step Suggestion: fill -> Username
2026-01-18T19:02:10.8361792Z     🧩 Suggested Locator: #username
2026-01-18T19:02:10.8362635Z     💭 Reasoning: The page description indicates to use 'tomsmith' as the username.
2026-01-18T19:02:10.8363525Z     ➕ Injected AI step: fill -> Username
2026-01-18T19:02:10.8364108Z   ▶️ [STEP step_2_ai_1] FILL: Username
2026-01-18T19:02:10.8496817Z     🎯 Using AI-provided locator: #username
2026-01-18T19:02:10.8556623Z     ✅ Found 1 verified locators
2026-01-18T19:02:17.0155677Z     ✅ State transitioned.
2026-01-18T19:02:17.0518066Z [CACHE HIT] 869f43a5... (hits: 15, misses: 26)
2026-01-18T19:02:17.0518914Z     🤖 AI Next Step Suggestion: fill -> Password
2026-01-18T19:02:17.0519513Z     🧩 Suggested Locator: #password
2026-01-18T19:02:17.0520400Z     💭 Reasoning: The next step is to fill in the password field before attempting to log in.
2026-01-18T19:02:17.0521304Z     ➕ Injected AI step: fill -> Password
2026-01-18T19:02:17.0523691Z   ▶️ [STEP step_2_ai_2] FILL: Password
2026-01-18T19:02:17.0578320Z     🎯 Using AI-provided locator: #password
2026-01-18T19:02:17.0636147Z     ✅ Found 1 verified locators
2026-01-18T19:02:23.3155858Z     ✅ State transitioned.
2026-01-18T19:02:23.3179698Z     🔄 Revisited state detected (count: 1)
2026-01-18T19:02:23.3525862Z [CACHE HIT] 54b46bcb... (hits: 16, misses: 26)
2026-01-18T19:02:23.3526811Z     🤖 AI Next Step Suggestion: click -> Login
2026-01-18T19:02:23.3527332Z     🧩 Suggested Locator: button
2026-01-18T19:02:23.3528053Z     💭 Reasoning: Now that the username and password fields are filled, the next logical step is to click the 'Login' button to attempt authentication.
2026-01-18T19:02:23.3528670Z     ➕ Injected AI step: click -> Login
2026-01-18T19:02:23.3528968Z   ▶️ [STEP step_2_ai_3] CLICK: Login
2026-01-18T19:02:23.3583804Z     🎯 Using AI-provided locator: button
2026-01-18T19:02:23.3634924Z     ✅ Found 1 verified locators
2026-01-18T19:02:27.4053327Z     ✅ State transitioned.
2026-01-18T19:02:27.4522980Z [CACHE HIT] fb7954dd... (hits: 17, misses: 26)
2026-01-18T19:02:27.4523904Z     🤖 AI Next Step Suggestion: click -> Logout
2026-01-18T19:02:27.4524448Z     🧩 Suggested Locator: a[href="/logout"]
2026-01-18T19:02:27.4525698Z     💭 Reasoning: Now that we've logged in and are in the secure area, the next logical step to test the full authentication flow is to log out.
2026-01-18T19:02:27.4526919Z     ➕ Injected AI step: click -> Logout
2026-01-18T19:02:27.4527528Z   ▶️ [STEP step_2_ai_4] CLICK: Logout
2026-01-18T19:02:27.4666395Z     🎯 Using AI-provided locator: a[href="/logout"]
2026-01-18T19:02:27.4726274Z     ✅ Found 1 verified locators
2026-01-18T19:02:31.5228696Z     ✅ State transitioned.
2026-01-18T19:02:31.5677112Z [CACHE HIT] f725e706... (hits: 18, misses: 26)
2026-01-18T19:02:31.5677982Z     🤖 AI Next Step Suggestion: fill -> Username
2026-01-18T19:02:31.5678597Z     🧩 Suggested Locator: #username
2026-01-18T19:02:31.5679340Z     💭 Reasoning: The page instructs to use 'tomsmith' as the username.
2026-01-18T19:02:31.5680107Z     ➕ Injected AI step: fill -> Username
2026-01-18T19:02:31.5680688Z   ▶️ [STEP step_2_ai_5] FILL: Username
2026-01-18T19:02:31.5807488Z     🎯 Using AI-provided locator: #username
2026-01-18T19:02:31.5858754Z     ✅ Found 1 verified locators
2026-01-18T19:02:37.7663000Z     ✅ State transitioned.
2026-01-18T19:02:37.8002010Z [CACHE HIT] 198b4d53... (hits: 19, misses: 26)
2026-01-18T19:02:37.8003003Z     🤖 AI Next Step Suggestion: fill -> Password
2026-01-18T19:02:37.8005807Z     🧩 Suggested Locator: #password
2026-01-18T19:02:37.8006685Z     💭 Reasoning: The username has been filled, now filling the password to attempt login.
2026-01-18T19:02:37.8007376Z     ➕ Injected AI step: fill -> Password
2026-01-18T19:02:37.8007860Z   ▶️ [STEP step_2_ai_6] FILL: Password
2026-01-18T19:02:37.8055287Z     🎯 Using AI-provided locator: #password
2026-01-18T19:02:37.8107151Z     ✅ Found 1 verified locators
2026-01-18T19:02:44.5838018Z     ✅ State transitioned.
2026-01-18T19:02:44.5862292Z     🔄 Revisited state detected (count: 1)
2026-01-18T19:02:44.6178074Z [CACHE HIT] f4103ee5... (hits: 20, misses: 26)
2026-01-18T19:02:44.6178960Z     🤖 AI Next Step Suggestion: click -> Login
2026-01-18T19:02:44.6179546Z     🧩 Suggested Locator: button
2026-01-18T19:02:44.6180639Z     💭 Reasoning: After filling in the username and password, the next logical step is to click the 'Login' button to attempt authentication.
2026-01-18T19:02:44.6181952Z     ➕ Injected AI step: click -> Login
2026-01-18T19:02:44.6182509Z   ▶️ [STEP step_2_ai_7] CLICK: Login
2026-01-18T19:02:44.6230594Z     🎯 Using AI-provided locator: button
2026-01-18T19:02:44.6277228Z     ✅ Found 1 verified locators
2026-01-18T19:02:48.6705385Z     ✅ State transitioned.
2026-01-18T19:02:48.6739288Z     🔄 Revisited state detected (count: 2)
2026-01-18T19:02:48.7154504Z [CACHE HIT] 4eccf2b3... (hits: 21, misses: 26)
2026-01-18T19:02:48.7155354Z     🤖 AI Next Step Suggestion: click -> Logout
2026-01-18T19:02:48.7155686Z     🧩 Suggested Locator: a[href='/logout']
2026-01-18T19:02:48.7156441Z     💭 Reasoning: Now that we are logged in, we should test the logout functionality to ensure it works as expected. The logout button is visible and available to click.
2026-01-18T19:02:48.7157143Z     ➕ Injected AI step: click -> Logout
2026-01-18T19:02:48.7157444Z   ▶️ [STEP step_2_ai_8] CLICK: Logout
2026-01-18T19:02:48.7288149Z     🎯 Using AI-provided locator: a[href='/logout']
2026-01-18T19:02:48.7349684Z     ✅ Found 1 verified locators
2026-01-18T19:02:52.7871801Z     ✅ State transitioned.
2026-01-18T19:02:52.7905794Z     🔄 Revisited state detected (count: 3)
2026-01-18T19:02:52.8461618Z [CACHE HIT] 2ea6e46a... (hits: 22, misses: 26)
2026-01-18T19:02:52.8462599Z     🤖 AI Next Step Suggestion: fill -> Username
2026-01-18T19:02:52.8463185Z     🧩 Suggested Locator: #username
2026-01-18T19:02:52.8463903Z     💭 Reasoning: The page is the login page, and the username field needs to be filled with the username provided in the instructions.
2026-01-18T19:02:52.8464571Z     ➕ Injected AI step: fill -> Username
2026-01-18T19:02:52.8464929Z   ▶️ [STEP step_2_ai_9] FILL: Username
2026-01-18T19:02:52.8510596Z     🎯 Using AI-provided locator: #username
2026-01-18T19:02:52.8559759Z     ✅ Found 1 verified locators
2026-01-18T19:02:58.8336229Z     ✅ State transitioned.
2026-01-18T19:02:58.8362004Z     🔄 Revisited state detected (count: 4)
2026-01-18T19:02:58.8722560Z [CACHE HIT] 6db7ce80... (hits: 23, misses: 26)
2026-01-18T19:02:58.8723752Z     🤖 AI Next Step Suggestion: fill -> Password
2026-01-18T19:02:58.8724300Z     🧩 Suggested Locator: #password
2026-01-18T19:02:58.8724924Z     💭 Reasoning: The username has been filled, now filling the password field as the next step to log in.
2026-01-18T19:02:58.8725515Z     ➕ Injected AI step: fill -> Password
2026-01-18T19:02:58.8725853Z   ▶️ [STEP step_2_ai_10] FILL: Password
2026-01-18T19:02:58.8769202Z     🎯 Using AI-provided locator: #password
2026-01-18T19:02:58.8823133Z     ✅ Found 1 verified locators
2026-01-18T19:03:06.9262678Z     ✅ State transitioned.
2026-01-18T19:03:06.9288363Z     🔄 Revisited state detected (count: 5)
2026-01-18T19:03:06.9288926Z     ⚠️ Too many revisits (5). Stopping AI step injection to prevent loops.
2026-01-18T19:03:06.9289653Z   ▶️ [STEP step_3] ASSERT_URL: 
2026-01-18T19:03:11.9422071Z     ⚠️ Scroll into view failed for text=None. Proceeding anyway.
2026-01-18T19:03:13.9439811Z     ✅ State transitioned.
2026-01-18T19:03:13.9464605Z     🔄 Revisited state detected (count: 6)
2026-01-18T19:03:13.9465150Z     ⚠️ Too many revisits (6). Stopping AI step injection to prevent loops.
2026-01-18T19:03:13.9465535Z   ▶️ [STEP step_4] FILL: username
2026-01-18T19:03:13.9514466Z     🔍 Mining locators for: 'username'
2026-01-18T19:03:14.0034625Z     ✅ Found 5 verified locators
2026-01-18T19:03:19.5789893Z     ✅ State transitioned.
2026-01-18T19:03:19.5812227Z     🔄 Revisited state detected (count: 7)
2026-01-18T19:03:19.5812971Z     ⚠️ Too many revisits (7). Stopping AI step injection to prevent loops.
2026-01-18T19:03:19.5813665Z   ▶️ [STEP step_5] FILL: password
2026-01-18T19:03:19.5865436Z     🔍 Mining locators for: 'password'
2026-01-18T19:03:19.6339824Z     ✅ Found 4 verified locators
2026-01-18T19:03:25.5180944Z     ✅ State transitioned.
2026-01-18T19:03:25.5206687Z     🔄 Revisited state detected (count: 8)
2026-01-18T19:03:25.5207367Z     ⚠️ Too many revisits (8). Stopping AI step injection to prevent loops.
2026-01-18T19:03:25.5207760Z   ▶️ [STEP step_6] CLICK: Login
2026-01-18T19:03:25.5260459Z     🔍 Mining locators for: 'Login'
2026-01-18T19:03:25.5782272Z     ✅ Found 2 verified locators
2026-01-18T19:03:29.1183434Z     ✅ State transitioned.
2026-01-18T19:03:29.1216729Z     🔄 Revisited state detected (count: 9)
2026-01-18T19:03:29.1217267Z     ⚠️ Too many revisits (9). Stopping AI step injection to prevent loops.
2026-01-18T19:03:29.1217751Z   ▶️ [STEP step_7] ASSERT_VISIBLE: You logged into a secure area!
2026-01-18T19:03:29.1353894Z     🔍 Mining locators for: 'You logged into a secure area!'
2026-01-18T19:03:29.1631829Z     🧠 Consulting AI (Vision-First) to find 'You logged into a secure area!'...
2026-01-18T19:03:29.1632798Z     🧠 [EXPERT] Strategy: Act as Senior SDET focusing on exploring the application to understand functional flow and identifying critical paths for end-to-end automation.
2026-01-18T19:03:29.1636075Z [CACHE HIT] 4df47702... (hits: 24, misses: 26)
2026-01-18T19:03:29.1636598Z     🔄 Retry 1/3 mining locators for 'You logged into a secure area!'...
2026-01-18T19:03:30.1867574Z     🧠 Consulting AI (Vision-First) to find 'You logged into a secure area!'...
2026-01-18T19:03:30.1868543Z     🧠 [EXPERT] Strategy: Act as Senior SDET focusing on exploring the application to understand functional flow and identifying critical paths for end-to-end automation.
2026-01-18T19:03:30.1872141Z [CACHE HIT] 4df47702... (hits: 25, misses: 26)
2026-01-18T19:03:30.1872761Z     🔄 Retry 2/3 mining locators for 'You logged into a secure area!'...
2026-01-18T19:03:31.2124669Z     🧠 Consulting AI (Vision-First) to find 'You logged into a secure area!'...
2026-01-18T19:03:31.2125675Z     🧠 [EXPERT] Strategy: Act as Senior SDET focusing on exploring the application to understand functional flow and identifying critical paths for end-to-end automation.
2026-01-18T19:03:31.2129256Z [CACHE HIT] 4df47702... (hits: 26, misses: 26)
2026-01-18T19:03:31.2129950Z     🧠 Verifying step validity for 'You logged into a secure area!' after mining failure...
2026-01-18T19:03:31.2133440Z [CACHE HIT] 5b89fbc1... (hits: 27, misses: 26)
2026-01-18T19:03:31.2134079Z     🛠️ Self-Correction: Step is valid. Using new locator: #flash
2026-01-18T19:03:34.2519143Z     ✅ State transitioned.
2026-01-18T19:03:34.2800084Z [CACHE HIT] 3a92d82a... (hits: 28, misses: 26)
2026-01-18T19:03:34.2801073Z     🤖 AI Next Step Suggestion: click -> Logout
2026-01-18T19:03:34.2801878Z     🧩 Suggested Locator: a[href="/logout"]
2026-01-18T19:03:34.2803449Z     💭 Reasoning: The goal is to test authentication and forms. We have successfully logged in and asserted the login. Now we should test the logout functionality.
2026-01-18T19:03:34.2804804Z     ➕ Injected AI step: click -> Logout
2026-01-18T19:03:34.2805396Z   ▶️ [STEP step_7_ai_1] CLICK: Logout
2026-01-18T19:03:34.2854997Z     🎯 Using AI-provided locator: a[href="/logout"]
2026-01-18T19:03:34.2909536Z     ✅ Found 1 verified locators
2026-01-18T19:03:38.3370588Z     ✅ State transitioned.
2026-01-18T19:03:38.3405221Z     🔄 Revisited state detected (count: 1)
2026-01-18T19:03:38.3819477Z [CACHE HIT] 9486b3df... (hits: 29, misses: 26)
2026-01-18T19:03:38.3820164Z     🤖 AI Next Step Suggestion: fill -> Password
2026-01-18T19:03:38.3820502Z     🧩 Suggested Locator: #password
2026-01-18T19:03:38.3821098Z     💭 Reasoning: Need to fill the password field to attempt login. The username field has already been filled in a previous step.
2026-01-18T19:03:38.3821816Z     ➕ Injected AI step: fill -> Password
2026-01-18T19:03:38.3822130Z   ▶️ [STEP step_7_ai_2] FILL: Password
2026-01-18T19:03:38.3946567Z     🎯 Using AI-provided locator: #password
2026-01-18T19:03:38.3998639Z     ✅ Found 1 verified locators
2026-01-18T19:03:45.7193920Z     ✅ State transitioned.
2026-01-18T19:03:45.7216321Z     🔄 Revisited state detected (count: 2)
2026-01-18T19:03:45.7641903Z [CACHE HIT] 59b4b7a1... (hits: 30, misses: 26)
2026-01-18T19:03:45.7642751Z     🤖 AI Next Step Suggestion: fill -> Username
2026-01-18T19:03:45.7643229Z     🧩 Suggested Locator: #username
2026-01-18T19:03:45.7643885Z     💭 Reasoning: The page instructs to use 'tomsmith' as the username for login.
2026-01-18T19:03:45.7644493Z     ➕ Injected AI step: fill -> Username
2026-01-18T19:03:45.7644951Z   ▶️ [STEP step_7_ai_3] FILL: Username
2026-01-18T19:03:45.7692166Z     🎯 Using AI-provided locator: #username
2026-01-18T19:03:45.7739405Z     ✅ Found 1 verified locators
2026-01-18T19:03:51.9526487Z     ✅ State transitioned.
2026-01-18T19:03:51.9549127Z     🔄 Revisited state detected (count: 3)
2026-01-18T19:03:52.0026855Z [CACHE HIT] 72cea10b... (hits: 31, misses: 26)
2026-01-18T19:03:52.0027720Z     🤖 AI Next Step Suggestion: fill -> Password
2026-01-18T19:03:52.0028101Z     🧩 Suggested Locator: #password
2026-01-18T19:03:52.0028568Z     💭 Reasoning: The password field needs to be filled to attempt login.
2026-01-18T19:03:52.0029074Z     ➕ Injected AI step: fill -> Password
2026-01-18T19:03:52.0029417Z   ▶️ [STEP step_7_ai_4] FILL: Password
2026-01-18T19:03:52.0070834Z     🎯 Using AI-provided locator: #password
2026-01-18T19:03:52.0117441Z     ✅ Found 1 verified locators
2026-01-18T19:03:59.3178523Z     ✅ State transitioned.
2026-01-18T19:03:59.3203503Z     🔄 Revisited state detected (count: 4)
2026-01-18T19:03:59.3683959Z [CACHE HIT] 00823ca0... (hits: 32, misses: 26)
2026-01-18T19:03:59.3684640Z     🤖 AI Next Step Suggestion: click -> Login
2026-01-18T19:03:59.3685407Z     💭 Reasoning: After filling the username and password, the next logical step is to click the 'Login' button to attempt authentication.
2026-01-18T19:03:59.3686086Z     ➕ Injected AI step: click -> Login
2026-01-18T19:03:59.3686419Z   ▶️ [STEP step_7_ai_5] CLICK: Login
2026-01-18T19:03:59.3727451Z     🔍 Mining locators for: 'Login'
2026-01-18T19:03:59.4265239Z     ✅ Found 2 verified locators
2026-01-18T19:04:02.9650701Z     ✅ State transitioned.
2026-01-18T19:04:02.9685365Z     🔄 Revisited state detected (count: 5)
2026-01-18T19:04:02.9686165Z     ⚠️ Too many revisits (5). Stopping AI step injection to prevent loops.
2026-01-18T19:04:02.9687186Z   ▶️ [STEP step_8] CLICK: Logout
2026-01-18T19:04:02.9821770Z     🔍 Mining locators for: 'Logout'
2026-01-18T19:04:03.0293867Z     ✅ Found 3 verified locators
2026-01-18T19:04:06.6013965Z     ✅ State transitioned.
2026-01-18T19:04:06.6048503Z     🔄 Revisited state detected (count: 6)
2026-01-18T19:04:06.6048992Z     ⚠️ Too many revisits (6). Stopping AI step injection to prevent loops.
2026-01-18T19:04:06.6049477Z   ▶️ [STEP step_9] ASSERT_VISIBLE: You logged out of the secure area!
2026-01-18T19:04:06.6185051Z     🔍 Mining locators for: 'You logged out of the secure area!'
2026-01-18T19:04:06.6476338Z     🧠 Consulting AI (Vision-First) to find 'You logged out of the secure area!'...
2026-01-18T19:04:06.6477342Z     🧠 [EXPERT] Strategy: Act as Senior SDET focusing on exploring the application to understand functional flow and identifying critical paths for end-to-end automation.
2026-01-18T19:04:08.7279154Z [DEBUG] Sending request to gemini-2.0-flash. Number of parts: 2
2026-01-18T19:04:08.7279566Z [DEBUG] Received response (Length: 663)
2026-01-18T19:04:08.7280053Z     ⚠️ Critical step failure: 'priority'
2026-01-18T19:04:10.7576529Z 🗂️  All generated tests written to /home/runner/work/build_qa_automation/build_qa_automation/projects/ci_the_internet_forms/tests/generated_scenarios.json
2026-01-18T19:04:10.7596190Z 🔄 Updated workflow.json with discovered steps and locators.
2026-01-18T19:04:10.7596626Z 
2026-01-18T19:04:10.7596794Z ✅ Deep Exploration Complete.
2026-01-18T19:08:26.1082838Z 
2026-01-18T19:08:26.1083835Z 🚀 [EXECUTE] Starting Automation Execution Engine
2026-01-18T19:08:26.1084389Z 📍 Project: ci_the_internet_forms
2026-01-18T19:08:26.1084813Z 🎬 Mode: Headless
2026-01-18T19:08:26.1085004Z 
2026-01-18T19:08:26.1085211Z --- Scenario: Authentication - Successful Login ---
2026-01-18T19:08:26.1085865Z   ▶️ [STEP step_1] NAVIGATE: Step step_1
2026-01-18T19:08:26.1086350Z     ✅ Step step_1 Passed.
2026-01-18T19:08:26.1086826Z   ▶️ [STEP step_2] CLICK: Form Authentication
2026-01-18T19:08:26.1087514Z     🎯 Using mined locator: role=link[name='Form Authentication']
2026-01-18T19:08:26.1087988Z     ✅ Step step_2 Passed.
2026-01-18T19:08:26.1088297Z   ▶️ [STEP step_2_ai_1] FILL: Username
2026-01-18T19:08:26.1088814Z     🎯 Using mined locator: #username
2026-01-18T19:08:26.1089216Z     ✅ Step step_2_ai_1 Passed.
2026-01-18T19:08:26.1089490Z   ▶️ [STEP step_2_ai_2] FILL: Password
2026-01-18T19:08:26.1089770Z     🎯 Using mined locator: #password
2026-01-18T19:08:26.1090042Z     ✅ Step step_2_ai_2 Passed.
2026-01-18T19:08:26.1090296Z   ▶️ [STEP step_2_ai_3] CLICK: Login
2026-01-18T19:08:26.1090567Z     🎯 Using mined locator: button
2026-01-18T19:08:26.1090830Z     ✅ Step step_2_ai_3 Passed.
2026-01-18T19:08:26.1091087Z   ▶️ [STEP step_2_ai_4] CLICK: Logout
2026-01-18T19:08:26.1091548Z     🎯 Using mined locator: a[href="/logout"]
2026-01-18T19:08:26.1091849Z     ✅ Step step_2_ai_4 Passed.
2026-01-18T19:08:26.1092110Z   ▶️ [STEP step_2_ai_5] FILL: Username
2026-01-18T19:08:26.1092401Z     🎯 Using mined locator: #username
2026-01-18T19:08:26.1092659Z     ✅ Step step_2_ai_5 Passed.
2026-01-18T19:08:26.1092920Z   ▶️ [STEP step_2_ai_6] FILL: Password
2026-01-18T19:08:26.1093202Z     🎯 Using mined locator: #password
2026-01-18T19:08:26.1093462Z     ✅ Step step_2_ai_6 Passed.
2026-01-18T19:08:26.1093758Z   ▶️ [STEP step_2_ai_7] CLICK: Login
2026-01-18T19:08:26.1094155Z     🎯 Using mined locator: button
2026-01-18T19:08:26.1094464Z     ✅ Step step_2_ai_7 Passed.
2026-01-18T19:08:26.1094714Z   ▶️ [STEP step_2_ai_8] CLICK: Logout
2026-01-18T19:08:26.1095000Z     🎯 Using mined locator: a[href='/logout']
2026-01-18T19:08:26.1095423Z     ✅ Step step_2_ai_8 Passed.
2026-01-18T19:08:26.1095667Z   ▶️ [STEP step_2_ai_9] FILL: Username
2026-01-18T19:08:26.1096042Z     🎯 Using mined locator: #username
2026-01-18T19:08:26.1096341Z     ✅ Step step_2_ai_9 Passed.
2026-01-18T19:08:26.1096602Z   ▶️ [STEP step_2_ai_10] FILL: Password
2026-01-18T19:08:26.1096882Z     🎯 Using mined locator: #password
2026-01-18T19:08:26.1097400Z     ✅ Step step_2_ai_10 Passed.
2026-01-18T19:08:26.1097843Z   ▶️ [STEP step_3] ASSERT_URL: Step step_3
2026-01-18T19:08:26.1098167Z     ✅ Step step_3 Passed.
2026-01-18T19:08:26.1098415Z   ▶️ [STEP step_4] FILL: username
2026-01-18T19:08:26.1098726Z     🎯 Using mined locator: role=textbox[name='Username']
2026-01-18T19:08:26.1099038Z     ✅ Step step_4 Passed.
2026-01-18T19:08:26.1099281Z   ▶️ [STEP step_5] FILL: password
2026-01-18T19:08:26.1099599Z     🎯 Using mined locator: role=textbox[name='Password']
2026-01-18T19:08:26.1099901Z     ✅ Step step_5 Passed.
2026-01-18T19:08:26.1100142Z   ▶️ [STEP step_6] CLICK: Login
2026-01-18T19:08:26.1100407Z     🎯 Using mined locator: text='Login'
2026-01-18T19:08:26.1100676Z     ✅ Step step_6 Passed.
2026-01-18T19:08:26.1101288Z   ▶️ [STEP step_7] ASSERT_VISIBLE: You logged into a secure area!
2026-01-18T19:08:26.1101875Z     🎯 Using mined locator: #flash
2026-01-18T19:08:26.1102135Z     ✅ Step step_7 Passed.
2026-01-18T19:08:26.1102399Z   ▶️ [STEP step_7_ai_1] CLICK: Logout
2026-01-18T19:08:26.1102687Z     🎯 Using mined locator: a[href="/logout"]
2026-01-18T19:08:26.1102984Z     ✅ Step step_7_ai_1 Passed.
2026-01-18T19:08:26.1103260Z   ▶️ [STEP step_7_ai_2] FILL: Password
2026-01-18T19:08:26.1103555Z     🎯 Using mined locator: #password
2026-01-18T19:08:26.1103811Z     ✅ Step step_7_ai_2 Passed.
2026-01-18T19:08:26.1104070Z   ▶️ [STEP step_7_ai_3] FILL: Username
2026-01-18T19:08:26.1104344Z     🎯 Using mined locator: #username
2026-01-18T19:08:26.1104604Z     ✅ Step step_7_ai_3 Passed.
2026-01-18T19:08:26.1104856Z   ▶️ [STEP step_7_ai_4] FILL: Password
2026-01-18T19:08:26.1105138Z     🎯 Using mined locator: #password
2026-01-18T19:08:26.1105398Z     ✅ Step step_7_ai_4 Passed.
2026-01-18T19:08:26.1105672Z   ▶️ [STEP step_7_ai_5] CLICK: Login
2026-01-18T19:08:26.1106053Z     🎯 Using mined locator: text='Login'
2026-01-18T19:08:26.1106318Z     ✅ Step step_7_ai_5 Passed.
2026-01-18T19:08:26.1106702Z ✅ Scenario 'Authentication - Successful Login' completed successfully!
2026-01-18T19:08:26.1106987Z 
2026-01-18T19:08:26.1107102Z --- Scenario: Authentication - Failed Login ---
2026-01-18T19:08:26.1107422Z   ▶️ [STEP step_1] NAVIGATE: Step step_1
2026-01-18T19:08:26.1107693Z     ✅ Step step_1 Passed.
2026-01-18T19:08:26.1107953Z   ▶️ [STEP step_2] CLICK: Form Authentication
2026-01-18T19:08:26.1108324Z     🎯 Using mined locator: role=link[name='Form Authentication']
2026-01-18T19:08:26.1108655Z     ✅ Step step_2 Passed.
2026-01-18T19:08:26.1108900Z   ▶️ [STEP step_2_ai_1] FILL: Username
2026-01-18T19:08:26.1109167Z     🎯 Using mined locator: #username
2026-01-18T19:08:26.1109429Z     ✅ Step step_2_ai_1 Passed.
2026-01-18T19:08:26.1109687Z   ▶️ [STEP step_2_ai_2] FILL: Password
2026-01-18T19:08:26.1109969Z     🎯 Using mined locator: #password
2026-01-18T19:08:26.1110258Z     ✅ Step step_2_ai_2 Passed.
2026-01-18T19:08:26.1110509Z   ▶️ [STEP step_2_ai_3] CLICK: Login
2026-01-18T19:08:26.1110783Z     🎯 Using mined locator: button
2026-01-18T19:08:26.1111048Z     ✅ Step step_2_ai_3 Passed.
2026-01-18T19:08:26.1111296Z   ▶️ [STEP step_2_ai_4] CLICK: Logout
2026-01-18T19:08:26.1111748Z     🎯 Using mined locator: a[href="/logout"]
2026-01-18T19:08:26.1112031Z     ✅ Step step_2_ai_4 Passed.
2026-01-18T19:08:26.1112287Z   ▶️ [STEP step_2_ai_5] FILL: Username
2026-01-18T19:08:26.1112552Z     🎯 Using mined locator: #username
2026-01-18T19:08:26.1112817Z     ✅ Step step_2_ai_5 Passed.
2026-01-18T19:08:26.1113075Z   ▶️ [STEP step_2_ai_6] FILL: Password
2026-01-18T19:08:26.1113347Z     🎯 Using mined locator: #password
2026-01-18T19:08:26.1113608Z     ✅ Step step_2_ai_6 Passed.
2026-01-18T19:08:26.1113861Z   ▶️ [STEP step_2_ai_7] CLICK: Login
2026-01-18T19:08:26.1114138Z     🎯 Using mined locator: button
2026-01-18T19:08:26.1114394Z     ✅ Step step_2_ai_7 Passed.
2026-01-18T19:08:26.1114906Z   ▶️ [STEP step_2_ai_8] CLICK: Logout
2026-01-18T19:08:26.1115239Z     🎯 Using mined locator: a[href='/logout']
2026-01-18T19:08:26.1115546Z     ✅ Step step_2_ai_8 Passed.
2026-01-18T19:08:26.1116014Z   ▶️ [STEP step_2_ai_9] FILL: Username
2026-01-18T19:08:26.1116294Z     🎯 Using mined locator: #username
2026-01-18T19:08:26.1116556Z     ✅ Step step_2_ai_9 Passed.
2026-01-18T19:08:26.1116836Z   ▶️ [STEP step_2_ai_10] FILL: Password
2026-01-18T19:08:26.1117123Z     🎯 Using mined locator: #password
2026-01-18T19:08:26.1117402Z     ✅ Step step_2_ai_10 Passed.
2026-01-18T19:08:26.1117765Z   ▶️ [STEP step_3] ASSERT_URL: Step step_3
2026-01-18T19:08:26.1118091Z     ✅ Step step_3 Passed.
2026-01-18T19:08:26.1118334Z   ▶️ [STEP step_4] FILL: username
2026-01-18T19:08:26.1118651Z     🎯 Using mined locator: role=textbox[name='Username']
2026-01-18T19:08:26.1118955Z     ✅ Step step_4 Passed.
2026-01-18T19:08:26.1119197Z   ▶️ [STEP step_5] FILL: password
2026-01-18T19:08:26.1119526Z     🎯 Using mined locator: role=textbox[name='Password']
2026-01-18T19:08:26.1119827Z     ✅ Step step_5 Passed.
2026-01-18T19:08:26.1120057Z   ▶️ [STEP step_6] CLICK: Login
2026-01-18T19:08:26.1120326Z     🎯 Using mined locator: text='Login'
2026-01-18T19:08:26.1120596Z     ✅ Step step_6 Passed.
2026-01-18T19:08:26.1120841Z   ▶️ [STEP step_6_ai_1] FILL: Username
2026-01-18T19:08:26.1121107Z     🎯 Using mined locator: #username
2026-01-18T19:08:26.1121619Z     ✅ Step step_6_ai_1 Passed.
2026-01-18T19:08:26.1121889Z   ▶️ [STEP step_6_ai_2] FILL: Password
2026-01-18T19:08:26.1122168Z     🎯 Using mined locator: #password
2026-01-18T19:08:26.1122431Z     ✅ Step step_6_ai_2 Passed.
2026-01-18T19:08:26.1122688Z   ▶️ [STEP step_6_ai_3] CLICK: Login
2026-01-18T19:08:26.1123098Z     🎯 Using mined locator: button
2026-01-18T19:08:26.1123439Z     ✅ Step step_6_ai_3 Passed.
2026-01-18T19:08:26.1123764Z   ▶️ [STEP step_6_ai_4] CLICK: Logout
2026-01-18T19:08:26.1124052Z     🎯 Using mined locator: a[href="/logout"]
2026-01-18T19:08:26.1124340Z     ✅ Step step_6_ai_4 Passed.
2026-01-18T19:08:26.1124592Z   ▶️ [STEP step_6_ai_5] FILL: Username
2026-01-18T19:08:26.1124857Z     🎯 Using mined locator: #username
2026-01-18T19:08:26.1125126Z     ✅ Step step_6_ai_5 Passed.
2026-01-18T19:08:26.1125380Z   ▶️ [STEP step_6_ai_6] FILL: Password
2026-01-18T19:08:26.1125655Z     🎯 Using mined locator: #password
2026-01-18T19:08:26.1125907Z     ✅ Step step_6_ai_6 Passed.
2026-01-18T19:08:26.1126270Z ✅ Scenario 'Authentication - Failed Login' completed successfully!
2026-01-18T19:08:26.1126525Z 
2026-01-18T19:08:26.1126655Z --- Scenario: Form - Filling and Submitting a Form ---
2026-01-18T19:08:26.1126986Z   ▶️ [STEP step_1] NAVIGATE: Step step_1
2026-01-18T19:08:26.1127253Z     ✅ Step step_1 Passed.
2026-01-18T19:08:26.1127513Z   ▶️ [STEP step_2] CLICK: Form Authentication
2026-01-18T19:08:26.1127883Z     🎯 Using mined locator: role=link[name='Form Authentication']
2026-01-18T19:08:26.1128216Z     ✅ Step step_2 Passed.
2026-01-18T19:08:26.1128478Z   ▶️ [STEP step_2_ai_1] FILL: Username
2026-01-18T19:08:26.1128748Z     🎯 Using mined locator: #username
2026-01-18T19:08:26.1129016Z     ✅ Step step_2_ai_1 Passed.
2026-01-18T19:08:26.1129293Z   ▶️ [STEP step_2_ai_2] FILL: Password
2026-01-18T19:08:26.1129569Z     🎯 Using mined locator: #password
2026-01-18T19:08:26.1129821Z     ✅ Step step_2_ai_2 Passed.
2026-01-18T19:08:26.1130077Z   ▶️ [STEP step_2_ai_3] CLICK: Login
2026-01-18T19:08:26.1130345Z     🎯 Using mined locator: button
2026-01-18T19:08:26.1130609Z     ✅ Step step_2_ai_3 Passed.
2026-01-18T19:08:26.1130857Z   ▶️ [STEP step_2_ai_4] CLICK: Logout
2026-01-18T19:08:26.1131147Z     🎯 Using mined locator: a[href="/logout"]
2026-01-18T19:08:26.1131588Z     ✅ Step step_2_ai_4 Passed.
2026-01-18T19:08:26.1131855Z   ▶️ [STEP step_2_ai_5] FILL: Username
2026-01-18T19:08:26.1132123Z     🎯 Using mined locator: #username
2026-01-18T19:08:26.1132388Z     ✅ Step step_2_ai_5 Passed.
2026-01-18T19:08:26.1132650Z   ▶️ [STEP step_2_ai_6] FILL: Password
2026-01-18T19:08:26.1133071Z     🎯 Using mined locator: #password
2026-01-18T19:08:26.1133332Z     ✅ Step step_2_ai_6 Passed.
2026-01-18T19:08:26.1133587Z   ▶️ [STEP step_2_ai_7] CLICK: Login
2026-01-18T19:08:26.1133941Z     🎯 Using mined locator: button
2026-01-18T19:08:26.1134204Z     ✅ Step step_2_ai_7 Passed.
2026-01-18T19:08:26.1134446Z   ▶️ [STEP step_2_ai_8] CLICK: Logout
2026-01-18T19:08:26.1134730Z     🎯 Using mined locator: a[href='/logout']
2026-01-18T19:08:26.1135014Z     ✅ Step step_2_ai_8 Passed.
2026-01-18T19:08:26.1135265Z   ▶️ [STEP step_2_ai_9] FILL: Username
2026-01-18T19:08:26.1135701Z     🎯 Using mined locator: #username
2026-01-18T19:08:26.1135963Z     ✅ Step step_2_ai_9 Passed.
2026-01-18T19:08:26.1136214Z   ▶️ [STEP step_2_ai_10] FILL: Password
2026-01-18T19:08:26.1136557Z     🎯 Using mined locator: #password
2026-01-18T19:08:26.1136971Z     ✅ Step step_2_ai_10 Passed.
2026-01-18T19:08:26.1137233Z   ▶️ [STEP step_3] ASSERT_URL: Step step_3
2026-01-18T19:08:26.1137511Z     ✅ Step step_3 Passed.
2026-01-18T19:08:26.1137750Z   ▶️ [STEP step_4] FILL: username
2026-01-18T19:08:26.1138063Z     🎯 Using mined locator: role=textbox[name='Username']
2026-01-18T19:08:26.1138354Z     ✅ Step step_4 Passed.
2026-01-18T19:08:26.1138604Z   ▶️ [STEP step_5] FILL: password
2026-01-18T19:08:26.1139058Z     🎯 Using mined locator: role=textbox[name='Password']
2026-01-18T19:08:26.1139371Z     ✅ Step step_5 Passed.
2026-01-18T19:08:26.1139600Z   ▶️ [STEP step_6] CLICK: Login
2026-01-18T19:08:26.1139869Z     🎯 Using mined locator: text='Login'
2026-01-18T19:08:26.1140135Z     ✅ Step step_6 Passed.
2026-01-18T19:08:26.1140459Z   ▶️ [STEP step_7] ASSERT_VISIBLE: You logged into a secure area!
2026-01-18T19:08:26.1140793Z     🎯 Using mined locator: #flash
2026-01-18T19:08:26.1141050Z     ✅ Step step_7 Passed.
2026-01-18T19:08:26.1141291Z   ▶️ [STEP step_7_ai_1] CLICK: Logout
2026-01-18T19:08:26.1141861Z     🎯 Using mined locator: a[href="/logout"]
2026-01-18T19:08:26.1142141Z     ✅ Step step_7_ai_1 Passed.
2026-01-18T19:08:26.1142413Z   ▶️ [STEP step_7_ai_2] FILL: Password
2026-01-18T19:08:26.1142693Z     🎯 Using mined locator: #password
2026-01-18T19:08:26.1142963Z     ✅ Step step_7_ai_2 Passed.
2026-01-18T19:08:26.1143220Z   ▶️ [STEP step_7_ai_3] FILL: Username
2026-01-18T19:08:26.1143496Z     🎯 Using mined locator: #username
2026-01-18T19:08:26.1143783Z     ✅ Step step_7_ai_3 Passed.
2026-01-18T19:08:26.1144042Z   ▶️ [STEP step_7_ai_4] FILL: Password
2026-01-18T19:08:26.1144316Z     🎯 Using mined locator: #password
2026-01-18T19:08:26.1144581Z     ✅ Step step_7_ai_4 Passed.
2026-01-18T19:08:26.1144922Z   ▶️ [STEP step_7_ai_5] CLICK: Login
2026-01-18T19:08:26.1145392Z     🎯 Using mined locator: text='Login'
2026-01-18T19:08:26.1145706Z     ✅ Step step_7_ai_5 Passed.
2026-01-18T19:08:26.1145957Z   ▶️ [STEP step_8] CLICK: Logout
2026-01-18T19:08:26.1146263Z     🎯 Using mined locator: role=link[name='Logout']
2026-01-18T19:08:26.1146552Z     ✅ Step step_8 Passed.
2026-01-18T19:08:26.1478942Z   ▶️ [STEP step_9] ASSERT_VISIBLE: You logged out of the secure area!
2026-01-18T19:08:26.1479446Z     ✅ Step step_9 Passed.
2026-01-18T19:08:26.1479853Z ✅ Scenario 'Form - Filling and Submitting a Form' completed successfully!
2026-01-18T19:08:26.1480161Z 
2026-01-18T19:08:26.1480275Z ============================================================
2026-01-18T19:08:26.1480569Z 🎯 EXECUTION SUMMARY
2026-01-18T19:08:26.1480787Z ============================================================
2026-01-18T19:08:26.1480964Z 
2026-01-18T19:08:26.1481072Z 📋 Scenario Overview:
2026-01-18T19:08:26.1481316Z    • Total Scenarios Planned: 3
2026-01-18T19:08:26.1481781Z    • Scenarios Executed: 3
2026-01-18T19:08:26.1482111Z    • Total Steps Executed: 68
2026-01-18T19:08:26.1482317Z 
2026-01-18T19:08:26.1482452Z ✅ Results:
2026-01-18T19:08:26.1482663Z    ✅ Passed: 3 (100%)
2026-01-18T19:08:26.1482779Z 
2026-01-18T19:08:26.1482872Z ============================================================
2026-01-18T19:08:26.1483051Z 
2026-01-18T19:08:26.1483795Z 🏁 Execution Finished. Report: /home/runner/work/build_qa_automation/build_qa_automation/projects/ci_the_internet_forms/execution.json
2026-01-18T19:08:26.2828335Z 
2026-01-18T19:08:26.2828990Z [PHASE] Running Phase: DISCOVERY
2026-01-18T19:08:26.2830373Z    Command: /opt/hostedtoolcache/Python/3.11.14/x64/bin/python /home/runner/work/build_qa_automation/build_qa_automation/core/agents/discovery.py --project /home/runner/work/build_qa_automation/build_qa_automation/projects/ci_the_internet_forms --url https://the-internet.herokuapp.com/ --deep
2026-01-18T19:08:26.2833105Z ❌ Phase 'discovery' failed with error: Command '['/opt/hostedtoolcache/Python/3.11.14/x64/bin/python', '/home/runner/work/build_qa_automation/build_qa_automation/core/agents/discovery.py', '--project', '/home/runner/work/build_qa_automation/build_qa_automation/projects/ci_the_internet_forms', '--url', 'https://the-internet.herokuapp.com/', '--deep']' returned non-zero exit status 2.
2026-01-18T19:08:26.2834486Z ⚠️ Initial discovery failed, but proceeding to planning...
2026-01-18T19:08:26.2834730Z 
2026-01-18T19:08:26.2834822Z [PHASE] Running Phase: PLANNING
2026-01-18T19:08:26.2835961Z    Command: /opt/hostedtoolcache/Python/3.11.14/x64/bin/python /home/runner/work/build_qa_automation/build_qa_automation/core/agents/planner.py --project /home/runner/work/build_qa_automation/build_qa_automation/projects/ci_the_internet_forms --goal Test authentication and forms --url https://the-internet.herokuapp.com/ --deep
2026-01-18T19:08:26.2837140Z ✅ Phase 'planning' completed successfully.
2026-01-18T19:08:26.2837331Z 
2026-01-18T19:08:26.2837426Z [PHASE] Running Phase: EXPLORATION
2026-01-18T19:08:26.2838285Z    Command: /opt/hostedtoolcache/Python/3.11.14/x64/bin/python /home/runner/work/build_qa_automation/build_qa_automation/core/agents/deep_explorer.py --project /home/runner/work/build_qa_automation/build_qa_automation/projects/ci_the_internet_forms
2026-01-18T19:08:26.2839225Z ✅ Phase 'exploration' completed successfully.
2026-01-18T19:08:26.2839561Z 📊 Exploration Discovery Success Rate: 93.8%
2026-01-18T19:08:26.2839744Z 
2026-01-18T19:08:26.2839830Z [PHASE] Running Phase: EXECUTION
2026-01-18T19:08:26.2840667Z    Command: /opt/hostedtoolcache/Python/3.11.14/x64/bin/python /home/runner/work/build_qa_automation/build_qa_automation/core/agents/executor.py --project /home/runner/work/build_qa_automation/build_qa_automation/projects/ci_the_internet_forms
2026-01-18T19:08:26.2841699Z ✅ Phase 'execution' completed successfully.
2026-01-18T19:08:26.2841878Z 
2026-01-18T19:08:26.2841983Z [DONE] Pipeline Execution Finished! [DONE]
2026-01-18T19:08:26.4014220Z ##[group]Run RESULT_FILE="projects/ci_the_internet_forms/execution.json"
2026-01-18T19:08:26.4014715Z [36;1mRESULT_FILE="projects/ci_the_internet_forms/execution.json"[0m
2026-01-18T19:08:26.4015066Z [36;1mif [ -f "$RESULT_FILE" ]; then[0m
2026-01-18T19:08:26.4015380Z [36;1m  echo "✅ Results generated successfully: $RESULT_FILE"[0m
2026-01-18T19:08:26.4015791Z [36;1m  cat "$RESULT_FILE" | jq '.scenarios | length' || echo "Result file exists"[0m
2026-01-18T19:08:26.4016157Z [36;1melse[0m
2026-01-18T19:08:26.4016391Z [36;1m  echo "❌ No result file found at $RESULT_FILE"[0m
2026-01-18T19:08:26.4016658Z [36;1m  exit 1[0m
2026-01-18T19:08:26.4016842Z [36;1mfi[0m
2026-01-18T19:08:26.4035941Z shell: /usr/bin/bash -e {0}
2026-01-18T19:08:26.4036178Z env:
2026-01-18T19:08:26.4036434Z   pythonLocation: /opt/hostedtoolcache/Python/3.11.14/x64
2026-01-18T19:08:26.4036838Z   PKG_CONFIG_PATH: /opt/hostedtoolcache/Python/3.11.14/x64/lib/pkgconfig
2026-01-18T19:08:26.4037271Z   Python_ROOT_DIR: /opt/hostedtoolcache/Python/3.11.14/x64
2026-01-18T19:08:26.4037617Z   Python2_ROOT_DIR: /opt/hostedtoolcache/Python/3.11.14/x64
2026-01-18T19:08:26.4037963Z   Python3_ROOT_DIR: /opt/hostedtoolcache/Python/3.11.14/x64
2026-01-18T19:08:26.4038312Z   LD_LIBRARY_PATH: /opt/hostedtoolcache/Python/3.11.14/x64/lib
2026-01-18T19:08:26.4038603Z ##[endgroup]
2026-01-18T19:08:26.4076449Z ✅ Results generated successfully: projects/ci_the_internet_forms/execution.json
2026-01-18T19:08:26.4099727Z 3
2026-01-18T19:08:26.4159520Z ##[group]Run actions/upload-artifact@v4
2026-01-18T19:08:26.4159779Z with:
2026-01-18T19:08:26.4159978Z   name: the_internet_forms-execution-results
2026-01-18T19:08:26.4160416Z   path: projects/ci_the_internet_forms/execution.json
projects/ci_the_internet_forms/workflow.json

2026-01-18T19:08:26.4160842Z   retention-days: 30
2026-01-18T19:08:26.4161044Z   if-no-files-found: warn
2026-01-18T19:08:26.4161264Z   compression-level: 6
2026-01-18T19:08:26.4161581Z   overwrite: false
2026-01-18T19:08:26.4161779Z   include-hidden-files: false
2026-01-18T19:08:26.4161994Z env:
2026-01-18T19:08:26.4162228Z   pythonLocation: /opt/hostedtoolcache/Python/3.11.14/x64
2026-01-18T19:08:26.4162611Z   PKG_CONFIG_PATH: /opt/hostedtoolcache/Python/3.11.14/x64/lib/pkgconfig
2026-01-18T19:08:26.4163003Z   Python_ROOT_DIR: /opt/hostedtoolcache/Python/3.11.14/x64
2026-01-18T19:08:26.4163348Z   Python2_ROOT_DIR: /opt/hostedtoolcache/Python/3.11.14/x64
2026-01-18T19:08:26.4163739Z   Python3_ROOT_DIR: /opt/hostedtoolcache/Python/3.11.14/x64
2026-01-18T19:08:26.4164080Z   LD_LIBRARY_PATH: /opt/hostedtoolcache/Python/3.11.14/x64/lib
2026-01-18T19:08:26.4164366Z ##[endgroup]
2026-01-18T19:08:26.6200741Z Multiple search paths detected. Calculating the least common ancestor of all paths
2026-01-18T19:08:26.6204937Z The least common ancestor is /home/runner/work/build_qa_automation/build_qa_automation/projects/ci_the_internet_forms. This will be the root directory of the artifact
2026-01-18T19:08:26.6206202Z With the provided path, there will be 2 files uploaded
2026-01-18T19:08:26.6211217Z Artifact name is valid!
2026-01-18T19:08:26.6212648Z Root directory input is valid!
2026-01-18T19:08:26.8318193Z Beginning upload of artifact content to blob storage
2026-01-18T19:08:27.0631131Z Uploaded bytes 2070
2026-01-18T19:08:27.1212275Z Finished uploading artifact content to blob storage!
2026-01-18T19:08:27.1215283Z SHA256 digest of uploaded artifact zip is 73b51c52c96a21a25eaf037f33ac33e1f2708c9f4744f3e9fe62548a0ba0be49
2026-01-18T19:08:27.1218132Z Finalizing artifact upload
2026-01-18T19:08:27.2403117Z Artifact the_internet_forms-execution-results.zip successfully finalized. Artifact ID 5170015967
2026-01-18T19:08:27.2404424Z Artifact the_internet_forms-execution-results has been successfully uploaded! Final size is 2070 bytes. Artifact ID is 5170015967
2026-01-18T19:08:27.2409194Z Artifact download URL: https://github.com/vishvasmca-cmd/build_qa_automation/actions/runs/21116744370/artifacts/5170015967
2026-01-18T19:08:27.2508133Z Post job cleanup.
2026-01-18T19:08:27.3946736Z Cache hit occurred on the primary key setup-python-Linux-x64-24.04-Ubuntu-python-3.11.14-pip-dde08d0e0b672972dcda9f1a063036a2e0c226f5d0a20362e9401931676d80a4, not saving cache.
2026-01-18T19:08:27.4036785Z Post job cleanup.
2026-01-18T19:08:27.4915789Z [command]/usr/bin/git version
2026-01-18T19:08:27.4952041Z git version 2.52.0
2026-01-18T19:08:27.4992518Z Temporarily overriding HOME='/home/runner/work/_temp/36bc0c26-57c5-4c2d-944b-9e4e31fcde92' before making global git config changes
2026-01-18T19:08:27.4993817Z Adding repository directory to the temporary git global config as a safe directory
2026-01-18T19:08:27.5007486Z [command]/usr/bin/git config --global --add safe.directory /home/runner/work/build_qa_automation/build_qa_automation
2026-01-18T19:08:27.5042407Z [command]/usr/bin/git config --local --name-only --get-regexp core\.sshCommand
2026-01-18T19:08:27.5071502Z [command]/usr/bin/git submodule foreach --recursive sh -c "git config --local --name-only --get-regexp 'core\.sshCommand' && git config --local --unset-all 'core.sshCommand' || :"
2026-01-18T19:08:27.5273090Z [command]/usr/bin/git config --local --name-only --get-regexp http\.https\:\/\/github\.com\/\.extraheader
2026-01-18T19:08:27.5294005Z http.https://github.com/.extraheader
2026-01-18T19:08:27.5309094Z [command]/usr/bin/git config --local --unset-all http.https://github.com/.extraheader
2026-01-18T19:08:27.5337136Z [command]/usr/bin/git submodule foreach --recursive sh -c "git config --local --name-only --get-regexp 'http\.https\:\/\/github\.com\/\.extraheader' && git config --local --unset-all 'http.https://github.com/.extraheader' || :"
2026-01-18T19:08:27.5525387Z [command]/usr/bin/git config --local --name-only --get-regexp ^includeIf\.gitdir:
2026-01-18T19:08:27.5553917Z [command]/usr/bin/git submodule foreach --recursive git config --local --show-origin --name-only --get-regexp remote.origin.url
2026-01-18T19:08:27.5834212Z Cleaning up orphan processes
