2026-01-19T03:59:58.3697483Z Current runner version: '2.331.0'
2026-01-19T03:59:58.3719626Z ##[group]Runner Image Provisioner
2026-01-19T03:59:58.3720421Z Hosted Compute Agent
2026-01-19T03:59:58.3721088Z Version: 20251211.462
2026-01-19T03:59:58.3721672Z Commit: 6cbad8c2bb55d58165063d031ccabf57e2d2db61
2026-01-19T03:59:58.3722372Z Build Date: 2025-12-11T16:28:49Z
2026-01-19T03:59:58.3723080Z Worker ID: {f3a911cb-07f4-409a-a55f-62ff18ef3ac9}
2026-01-19T03:59:58.3723791Z ##[endgroup]
2026-01-19T03:59:58.3724293Z ##[group]Operating System
2026-01-19T03:59:58.3724861Z Ubuntu
2026-01-19T03:59:58.3725311Z 24.04.3
2026-01-19T03:59:58.3725724Z LTS
2026-01-19T03:59:58.3726223Z ##[endgroup]
2026-01-19T03:59:58.3726761Z ##[group]Runner Image
2026-01-19T03:59:58.3727259Z Image: ubuntu-24.04
2026-01-19T03:59:58.3727825Z Version: 20260111.209.1
2026-01-19T03:59:58.3729019Z Included Software: https://github.com/actions/runner-images/blob/ubuntu24/20260111.209/images/ubuntu/Ubuntu2404-Readme.md
2026-01-19T03:59:58.3730545Z Image Release: https://github.com/actions/runner-images/releases/tag/ubuntu24%2F20260111.209
2026-01-19T03:59:58.3731544Z ##[endgroup]
2026-01-19T03:59:58.3732633Z ##[group]GITHUB_TOKEN Permissions
2026-01-19T03:59:58.3734397Z Contents: read
2026-01-19T03:59:58.3734940Z Metadata: read
2026-01-19T03:59:58.3735563Z Packages: read
2026-01-19T03:59:58.3736057Z ##[endgroup]
2026-01-19T03:59:58.3738601Z Secret source: Actions
2026-01-19T03:59:58.3739337Z Prepare workflow directory
2026-01-19T03:59:58.4707368Z Prepare all required actions
2026-01-19T03:59:58.4746653Z Getting action download info
2026-01-19T03:59:58.8703005Z Download action repository 'actions/checkout@v4' (SHA:34e114876b0b11c390a56381ad16ebd13914f8d5)
2026-01-19T03:59:58.9902708Z Download action repository 'actions/setup-python@v5' (SHA:a26af69be951a213d495a4c3e4e4022e16d87065)
2026-01-19T03:59:59.0727683Z Download action repository 'actions/upload-artifact@v4' (SHA:ea165f8d65b6e75b540449e92b4886f43607fa02)
2026-01-19T03:59:59.4401770Z Complete job name: test-websites-deep (the_internet_forms, https://the-internet.herokuapp.com/, Test authentication ...
2026-01-19T03:59:59.6719636Z ##[group]Run actions/checkout@v4
2026-01-19T03:59:59.6720662Z with:
2026-01-19T03:59:59.6721196Z   repository: vishvasmca-cmd/build_qa_automation
2026-01-19T03:59:59.6722215Z   token: ***
2026-01-19T03:59:59.6722641Z   ssh-strict: true
2026-01-19T03:59:59.6723097Z   ssh-user: git
2026-01-19T03:59:59.6723573Z   persist-credentials: true
2026-01-19T03:59:59.6724127Z   clean: true
2026-01-19T03:59:59.6724605Z   sparse-checkout-cone-mode: true
2026-01-19T03:59:59.6725234Z   fetch-depth: 1
2026-01-19T03:59:59.6725683Z   fetch-tags: false
2026-01-19T03:59:59.6726169Z   show-progress: true
2026-01-19T03:59:59.6726647Z   lfs: false
2026-01-19T03:59:59.6727075Z   submodules: false
2026-01-19T03:59:59.6727573Z   set-safe-directory: true
2026-01-19T03:59:59.6728627Z ##[endgroup]
2026-01-19T03:59:59.7803942Z Syncing repository: vishvasmca-cmd/build_qa_automation
2026-01-19T03:59:59.7806217Z ##[group]Getting Git version info
2026-01-19T03:59:59.7807772Z Working directory is '/home/runner/work/build_qa_automation/build_qa_automation'
2026-01-19T03:59:59.7809696Z [command]/usr/bin/git version
2026-01-19T03:59:59.7902552Z git version 2.52.0
2026-01-19T03:59:59.7928682Z ##[endgroup]
2026-01-19T03:59:59.7942894Z Temporarily overriding HOME='/home/runner/work/_temp/d5aa179d-facc-4985-b2a2-5c08a69a0d91' before making global git config changes
2026-01-19T03:59:59.7945062Z Adding repository directory to the temporary git global config as a safe directory
2026-01-19T03:59:59.7954757Z [command]/usr/bin/git config --global --add safe.directory /home/runner/work/build_qa_automation/build_qa_automation
2026-01-19T03:59:59.7992703Z Deleting the contents of '/home/runner/work/build_qa_automation/build_qa_automation'
2026-01-19T03:59:59.7996010Z ##[group]Initializing the repository
2026-01-19T03:59:59.8000399Z [command]/usr/bin/git init /home/runner/work/build_qa_automation/build_qa_automation
2026-01-19T03:59:59.8118929Z hint: Using 'master' as the name for the initial branch. This default branch name
2026-01-19T03:59:59.8121719Z hint: will change to "main" in Git 3.0. To configure the initial branch name
2026-01-19T03:59:59.8123984Z hint: to use in all of your new repositories, which will suppress this warning,
2026-01-19T03:59:59.8125895Z hint: call:
2026-01-19T03:59:59.8126642Z hint:
2026-01-19T03:59:59.8127712Z hint: 	git config --global init.defaultBranch <name>
2026-01-19T03:59:59.8129472Z hint:
2026-01-19T03:59:59.8130772Z hint: Names commonly chosen instead of 'master' are 'main', 'trunk' and
2026-01-19T03:59:59.8133184Z hint: 'development'. The just-created branch can be renamed via this command:
2026-01-19T03:59:59.8135113Z hint:
2026-01-19T03:59:59.8135956Z hint: 	git branch -m <name>
2026-01-19T03:59:59.8136943Z hint:
2026-01-19T03:59:59.8138635Z hint: Disable this message with "git config set advice.defaultBranchName false"
2026-01-19T03:59:59.8141655Z Initialized empty Git repository in /home/runner/work/build_qa_automation/build_qa_automation/.git/
2026-01-19T03:59:59.8144913Z [command]/usr/bin/git remote add origin https://github.com/vishvasmca-cmd/build_qa_automation
2026-01-19T03:59:59.8171282Z ##[endgroup]
2026-01-19T03:59:59.8172221Z ##[group]Disabling automatic garbage collection
2026-01-19T03:59:59.8175083Z [command]/usr/bin/git config --local gc.auto 0
2026-01-19T03:59:59.8202688Z ##[endgroup]
2026-01-19T03:59:59.8203497Z ##[group]Setting up auth
2026-01-19T03:59:59.8208952Z [command]/usr/bin/git config --local --name-only --get-regexp core\.sshCommand
2026-01-19T03:59:59.8238514Z [command]/usr/bin/git submodule foreach --recursive sh -c "git config --local --name-only --get-regexp 'core\.sshCommand' && git config --local --unset-all 'core.sshCommand' || :"
2026-01-19T03:59:59.8595484Z [command]/usr/bin/git config --local --name-only --get-regexp http\.https\:\/\/github\.com\/\.extraheader
2026-01-19T03:59:59.8624552Z [command]/usr/bin/git submodule foreach --recursive sh -c "git config --local --name-only --get-regexp 'http\.https\:\/\/github\.com\/\.extraheader' && git config --local --unset-all 'http.https://github.com/.extraheader' || :"
2026-01-19T03:59:59.8842002Z [command]/usr/bin/git config --local --name-only --get-regexp ^includeIf\.gitdir:
2026-01-19T03:59:59.8873371Z [command]/usr/bin/git submodule foreach --recursive git config --local --show-origin --name-only --get-regexp remote.origin.url
2026-01-19T03:59:59.9098821Z [command]/usr/bin/git config --local http.https://github.com/.extraheader AUTHORIZATION: basic ***
2026-01-19T03:59:59.9133223Z ##[endgroup]
2026-01-19T03:59:59.9134788Z ##[group]Fetching the repository
2026-01-19T03:59:59.9144160Z [command]/usr/bin/git -c protocol.version=2 fetch --no-tags --prune --no-recurse-submodules --depth=1 origin +2f305d435d899f67f11ae5adc61ad536fdd999e8:refs/remotes/origin/main
2026-01-19T04:00:01.3027344Z From https://github.com/vishvasmca-cmd/build_qa_automation
2026-01-19T04:00:01.3030157Z  * [new ref]         2f305d435d899f67f11ae5adc61ad536fdd999e8 -> origin/main
2026-01-19T04:00:01.3061767Z ##[endgroup]
2026-01-19T04:00:01.3066721Z ##[group]Determining the checkout info
2026-01-19T04:00:01.3068415Z ##[endgroup]
2026-01-19T04:00:01.3071077Z [command]/usr/bin/git sparse-checkout disable
2026-01-19T04:00:01.3118859Z [command]/usr/bin/git config --local --unset-all extensions.worktreeConfig
2026-01-19T04:00:01.3146749Z ##[group]Checking out the ref
2026-01-19T04:00:01.3151357Z [command]/usr/bin/git checkout --progress --force -B main refs/remotes/origin/main
2026-01-19T04:00:01.4577451Z Switched to a new branch 'main'
2026-01-19T04:00:01.4578887Z branch 'main' set up to track 'origin/main'.
2026-01-19T04:00:01.4597859Z ##[endgroup]
2026-01-19T04:00:01.4634269Z [command]/usr/bin/git log -1 --format=%H
2026-01-19T04:00:01.4655197Z 2f305d435d899f67f11ae5adc61ad536fdd999e8
2026-01-19T04:00:01.6190687Z ##[group]Run actions/setup-python@v5
2026-01-19T04:00:01.6191558Z with:
2026-01-19T04:00:01.6192232Z   python-version: 3.11
2026-01-19T04:00:01.6192948Z   cache: pip
2026-01-19T04:00:01.6193889Z   check-latest: false
2026-01-19T04:00:01.6194775Z   token: ***
2026-01-19T04:00:01.6195474Z   update-environment: true
2026-01-19T04:00:01.6196236Z   allow-prereleases: false
2026-01-19T04:00:01.6196983Z   freethreaded: false
2026-01-19T04:00:01.6197684Z ##[endgroup]
2026-01-19T04:00:01.7953511Z ##[group]Installed versions
2026-01-19T04:00:01.8068466Z Successfully set up CPython (3.11.14)
2026-01-19T04:00:01.8069802Z ##[endgroup]
2026-01-19T04:00:01.9101803Z [command]/opt/hostedtoolcache/Python/3.11.14/x64/bin/pip cache dir
2026-01-19T04:00:02.2374819Z /home/runner/.cache/pip
2026-01-19T04:00:02.4532244Z Cache hit for: setup-python-Linux-x64-24.04-Ubuntu-python-3.11.14-pip-dde08d0e0b672972dcda9f1a063036a2e0c226f5d0a20362e9401931676d80a4
2026-01-19T04:00:03.6583907Z Received 50331648 of 254742636 (19.8%), 48.0 MBs/sec
2026-01-19T04:00:04.6586061Z Received 163577856 of 254742636 (64.2%), 78.0 MBs/sec
2026-01-19T04:00:05.3104371Z Received 254742636 of 254742636 (100.0%), 91.6 MBs/sec
2026-01-19T04:00:05.3105813Z Cache Size: ~243 MB (254742636 B)
2026-01-19T04:00:05.3230720Z [command]/usr/bin/tar -xf /home/runner/work/_temp/827494be-5384-449a-8ad2-64e5eff9c06f/cache.tzst -P -C /home/runner/work/build_qa_automation/build_qa_automation --use-compress-program unzstd
2026-01-19T04:00:05.7484214Z Cache restored successfully
2026-01-19T04:00:05.7966591Z Cache restored from key: setup-python-Linux-x64-24.04-Ubuntu-python-3.11.14-pip-dde08d0e0b672972dcda9f1a063036a2e0c226f5d0a20362e9401931676d80a4
2026-01-19T04:00:05.8205692Z ##[group]Run pip install -r requirements.txt
2026-01-19T04:00:05.8206254Z [36;1mpip install -r requirements.txt[0m
2026-01-19T04:00:05.8206638Z [36;1mplaywright install chromium[0m
2026-01-19T04:00:05.8246342Z shell: /usr/bin/bash -e {0}
2026-01-19T04:00:05.8246707Z env:
2026-01-19T04:00:05.8247038Z   pythonLocation: /opt/hostedtoolcache/Python/3.11.14/x64
2026-01-19T04:00:05.8247667Z   PKG_CONFIG_PATH: /opt/hostedtoolcache/Python/3.11.14/x64/lib/pkgconfig
2026-01-19T04:00:05.8248565Z   Python_ROOT_DIR: /opt/hostedtoolcache/Python/3.11.14/x64
2026-01-19T04:00:05.8249028Z   Python2_ROOT_DIR: /opt/hostedtoolcache/Python/3.11.14/x64
2026-01-19T04:00:05.8249580Z   Python3_ROOT_DIR: /opt/hostedtoolcache/Python/3.11.14/x64
2026-01-19T04:00:05.8250016Z   LD_LIBRARY_PATH: /opt/hostedtoolcache/Python/3.11.14/x64/lib
2026-01-19T04:00:05.8250408Z ##[endgroup]
2026-01-19T04:00:06.5437929Z Collecting playwright (from -r requirements.txt (line 1))
2026-01-19T04:00:06.5454086Z   Using cached playwright-1.57.0-py3-none-manylinux1_x86_64.whl.metadata (3.5 kB)
2026-01-19T04:00:06.5761220Z Collecting python-dotenv (from -r requirements.txt (line 2))
2026-01-19T04:00:06.5775227Z   Using cached python_dotenv-1.2.1-py3-none-any.whl.metadata (25 kB)
2026-01-19T04:00:06.6189748Z Collecting requests (from -r requirements.txt (line 3))
2026-01-19T04:00:06.6203224Z   Using cached requests-2.32.5-py3-none-any.whl.metadata (4.9 kB)
2026-01-19T04:00:06.8146679Z Collecting pillow (from -r requirements.txt (line 4))
2026-01-19T04:00:06.8171991Z   Using cached pillow-12.1.0-cp311-cp311-manylinux_2_27_x86_64.manylinux_2_28_x86_64.whl.metadata (8.8 kB)
2026-01-19T04:00:06.8619164Z Collecting google-genai>=0.3.0 (from -r requirements.txt (line 5))
2026-01-19T04:00:06.8633254Z   Using cached google_genai-1.59.0-py3-none-any.whl.metadata (53 kB)
2026-01-19T04:00:06.8941339Z Collecting termcolor (from -r requirements.txt (line 6))
2026-01-19T04:00:06.8954612Z   Using cached termcolor-3.3.0-py3-none-any.whl.metadata (6.5 kB)
2026-01-19T04:00:06.9447503Z Collecting PyYAML (from -r requirements.txt (line 7))
2026-01-19T04:00:06.9461839Z   Using cached pyyaml-6.0.3-cp311-cp311-manylinux2014_x86_64.manylinux_2_17_x86_64.manylinux_2_28_x86_64.whl.metadata (2.4 kB)
2026-01-19T04:00:07.0150918Z Collecting opencv-python-headless (from -r requirements.txt (line 8))
2026-01-19T04:00:07.0164827Z   Using cached opencv_python_headless-4.13.0.90-cp37-abi3-manylinux_2_28_x86_64.whl.metadata (19 kB)
2026-01-19T04:00:07.2191135Z Collecting numpy (from -r requirements.txt (line 9))
2026-01-19T04:00:07.2206197Z   Using cached numpy-2.4.1-cp311-cp311-manylinux_2_27_x86_64.manylinux_2_28_x86_64.whl.metadata (6.6 kB)
2026-01-19T04:00:07.3166634Z Collecting faker (from -r requirements.txt (line 10))
2026-01-19T04:00:07.3180441Z   Using cached faker-40.1.2-py3-none-any.whl.metadata (16 kB)
2026-01-19T04:00:07.3495177Z Collecting pyee<14,>=13 (from playwright->-r requirements.txt (line 1))
2026-01-19T04:00:07.3507929Z   Using cached pyee-13.0.0-py3-none-any.whl.metadata (2.9 kB)
2026-01-19T04:00:07.4802656Z Collecting greenlet<4.0.0,>=3.1.1 (from playwright->-r requirements.txt (line 1))
2026-01-19T04:00:07.4816056Z   Using cached greenlet-3.3.0-cp311-cp311-manylinux_2_24_x86_64.manylinux_2_28_x86_64.whl.metadata (4.1 kB)
2026-01-19T04:00:07.5127946Z Collecting typing-extensions (from pyee<14,>=13->playwright->-r requirements.txt (line 1))
2026-01-19T04:00:07.5141090Z   Using cached typing_extensions-4.15.0-py3-none-any.whl.metadata (3.3 kB)
2026-01-19T04:00:07.6051041Z Collecting charset_normalizer<4,>=2 (from requests->-r requirements.txt (line 3))
2026-01-19T04:00:07.6064523Z   Using cached charset_normalizer-3.4.4-cp311-cp311-manylinux2014_x86_64.manylinux_2_17_x86_64.manylinux_2_28_x86_64.whl.metadata (37 kB)
2026-01-19T04:00:07.6353932Z Collecting idna<4,>=2.5 (from requests->-r requirements.txt (line 3))
2026-01-19T04:00:07.6366801Z   Using cached idna-3.11-py3-none-any.whl.metadata (8.4 kB)
2026-01-19T04:00:07.6782955Z Collecting urllib3<3,>=1.21.1 (from requests->-r requirements.txt (line 3))
2026-01-19T04:00:07.6795273Z   Using cached urllib3-2.6.3-py3-none-any.whl.metadata (6.9 kB)
2026-01-19T04:00:07.7135517Z Collecting certifi>=2017.4.17 (from requests->-r requirements.txt (line 3))
2026-01-19T04:00:07.7148781Z   Using cached certifi-2026.1.4-py3-none-any.whl.metadata (2.5 kB)
2026-01-19T04:00:07.7490520Z Collecting anyio<5.0.0,>=4.8.0 (from google-genai>=0.3.0->-r requirements.txt (line 5))
2026-01-19T04:00:07.7503344Z   Using cached anyio-4.12.1-py3-none-any.whl.metadata (4.3 kB)
2026-01-19T04:00:07.8011743Z Collecting google-auth<3.0.0,>=2.47.0 (from google-auth[requests]<3.0.0,>=2.47.0->google-genai>=0.3.0->-r requirements.txt (line 5))
2026-01-19T04:00:07.8024061Z   Using cached google_auth-2.47.0-py3-none-any.whl.metadata (6.4 kB)
2026-01-19T04:00:07.8405801Z Collecting httpx<1.0.0,>=0.28.1 (from google-genai>=0.3.0->-r requirements.txt (line 5))
2026-01-19T04:00:07.8419538Z   Using cached httpx-0.28.1-py3-none-any.whl.metadata (7.1 kB)
2026-01-19T04:00:07.9869419Z Collecting pydantic<3.0.0,>=2.9.0 (from google-genai>=0.3.0->-r requirements.txt (line 5))
2026-01-19T04:00:07.9884159Z   Using cached pydantic-2.12.5-py3-none-any.whl.metadata (90 kB)
2026-01-19T04:00:08.0268483Z Collecting tenacity<9.2.0,>=8.2.3 (from google-genai>=0.3.0->-r requirements.txt (line 5))
2026-01-19T04:00:08.0281627Z   Using cached tenacity-9.1.2-py3-none-any.whl.metadata (1.2 kB)
2026-01-19T04:00:08.1250491Z Collecting websockets<15.1.0,>=13.0.0 (from google-genai>=0.3.0->-r requirements.txt (line 5))
2026-01-19T04:00:08.1267748Z   Using cached websockets-15.0.1-cp311-cp311-manylinux_2_5_x86_64.manylinux1_x86_64.manylinux_2_17_x86_64.manylinux2014_x86_64.whl.metadata (6.8 kB)
2026-01-19T04:00:08.1540287Z Collecting distro<2,>=1.7.0 (from google-genai>=0.3.0->-r requirements.txt (line 5))
2026-01-19T04:00:08.1552807Z   Using cached distro-1.9.0-py3-none-any.whl.metadata (6.8 kB)
2026-01-19T04:00:08.1840405Z Collecting sniffio (from google-genai>=0.3.0->-r requirements.txt (line 5))
2026-01-19T04:00:08.1852906Z   Using cached sniffio-1.3.1-py3-none-any.whl.metadata (3.9 kB)
2026-01-19T04:00:08.2249815Z Collecting pyasn1-modules>=0.2.1 (from google-auth<3.0.0,>=2.47.0->google-auth[requests]<3.0.0,>=2.47.0->google-genai>=0.3.0->-r requirements.txt (line 5))
2026-01-19T04:00:08.2268203Z   Using cached pyasn1_modules-0.4.2-py3-none-any.whl.metadata (3.5 kB)
2026-01-19T04:00:08.2568581Z Collecting rsa<5,>=3.1.4 (from google-auth<3.0.0,>=2.47.0->google-auth[requests]<3.0.0,>=2.47.0->google-genai>=0.3.0->-r requirements.txt (line 5))
2026-01-19T04:00:08.2581242Z   Using cached rsa-4.9.1-py3-none-any.whl.metadata (5.6 kB)
2026-01-19T04:00:08.3013034Z Collecting httpcore==1.* (from httpx<1.0.0,>=0.28.1->google-genai>=0.3.0->-r requirements.txt (line 5))
2026-01-19T04:00:08.3025467Z   Using cached httpcore-1.0.9-py3-none-any.whl.metadata (21 kB)
2026-01-19T04:00:08.3316695Z Collecting h11>=0.16 (from httpcore==1.*->httpx<1.0.0,>=0.28.1->google-genai>=0.3.0->-r requirements.txt (line 5))
2026-01-19T04:00:08.3329726Z   Using cached h11-0.16.0-py3-none-any.whl.metadata (8.3 kB)
2026-01-19T04:00:08.3580457Z Collecting annotated-types>=0.6.0 (from pydantic<3.0.0,>=2.9.0->google-genai>=0.3.0->-r requirements.txt (line 5))
2026-01-19T04:00:08.3593700Z   Using cached annotated_types-0.7.0-py3-none-any.whl.metadata (15 kB)
2026-01-19T04:00:09.0113282Z Collecting pydantic-core==2.41.5 (from pydantic<3.0.0,>=2.9.0->google-genai>=0.3.0->-r requirements.txt (line 5))
2026-01-19T04:00:09.0128534Z   Using cached pydantic_core-2.41.5-cp311-cp311-manylinux_2_17_x86_64.manylinux2014_x86_64.whl.metadata (7.3 kB)
2026-01-19T04:00:09.0396249Z Collecting typing-inspection>=0.4.2 (from pydantic<3.0.0,>=2.9.0->google-genai>=0.3.0->-r requirements.txt (line 5))
2026-01-19T04:00:09.0409483Z   Using cached typing_inspection-0.4.2-py3-none-any.whl.metadata (2.6 kB)
2026-01-19T04:00:09.1196056Z Collecting pyasn1>=0.1.3 (from rsa<5,>=3.1.4->google-auth<3.0.0,>=2.47.0->google-auth[requests]<3.0.0,>=2.47.0->google-genai>=0.3.0->-r requirements.txt (line 5))
2026-01-19T04:00:09.1210455Z   Using cached pyasn1-0.6.2-py3-none-any.whl.metadata (8.4 kB)
2026-01-19T04:00:09.1475420Z Using cached playwright-1.57.0-py3-none-manylinux1_x86_64.whl (46.0 MB)
2026-01-19T04:00:09.1811020Z Using cached greenlet-3.3.0-cp311-cp311-manylinux_2_24_x86_64.manylinux_2_28_x86_64.whl (590 kB)
2026-01-19T04:00:09.1826806Z Using cached pyee-13.0.0-py3-none-any.whl (15 kB)
2026-01-19T04:00:09.1839892Z Using cached python_dotenv-1.2.1-py3-none-any.whl (21 kB)
2026-01-19T04:00:09.1852656Z Using cached requests-2.32.5-py3-none-any.whl (64 kB)
2026-01-19T04:00:09.1866196Z Using cached charset_normalizer-3.4.4-cp311-cp311-manylinux2014_x86_64.manylinux_2_17_x86_64.manylinux_2_28_x86_64.whl (151 kB)
2026-01-19T04:00:09.1879638Z Using cached idna-3.11-py3-none-any.whl (71 kB)
2026-01-19T04:00:09.1893218Z Using cached urllib3-2.6.3-py3-none-any.whl (131 kB)
2026-01-19T04:00:09.1907952Z Using cached pillow-12.1.0-cp311-cp311-manylinux_2_27_x86_64.manylinux_2_28_x86_64.whl (7.0 MB)
2026-01-19T04:00:09.1969301Z Using cached google_genai-1.59.0-py3-none-any.whl (719 kB)
2026-01-19T04:00:09.1987067Z Using cached anyio-4.12.1-py3-none-any.whl (113 kB)
2026-01-19T04:00:09.2000705Z Using cached distro-1.9.0-py3-none-any.whl (20 kB)
2026-01-19T04:00:09.2013815Z Using cached google_auth-2.47.0-py3-none-any.whl (234 kB)
2026-01-19T04:00:09.2028422Z Using cached httpx-0.28.1-py3-none-any.whl (73 kB)
2026-01-19T04:00:09.2041716Z Using cached httpcore-1.0.9-py3-none-any.whl (78 kB)
2026-01-19T04:00:09.2054906Z Using cached pydantic-2.12.5-py3-none-any.whl (463 kB)
2026-01-19T04:00:09.2071113Z Using cached pydantic_core-2.41.5-cp311-cp311-manylinux_2_17_x86_64.manylinux2014_x86_64.whl (2.1 MB)
2026-01-19T04:00:09.2097699Z Using cached rsa-4.9.1-py3-none-any.whl (34 kB)
2026-01-19T04:00:09.2110861Z Using cached tenacity-9.1.2-py3-none-any.whl (28 kB)
2026-01-19T04:00:09.2123973Z Using cached typing_extensions-4.15.0-py3-none-any.whl (44 kB)
2026-01-19T04:00:09.2137580Z Using cached websockets-15.0.1-cp311-cp311-manylinux_2_5_x86_64.manylinux1_x86_64.manylinux_2_17_x86_64.manylinux2014_x86_64.whl (182 kB)
2026-01-19T04:00:09.2151416Z Using cached termcolor-3.3.0-py3-none-any.whl (7.7 kB)
2026-01-19T04:00:09.2164849Z Using cached pyyaml-6.0.3-cp311-cp311-manylinux2014_x86_64.manylinux_2_17_x86_64.manylinux_2_28_x86_64.whl (806 kB)
2026-01-19T04:00:09.2184442Z Using cached opencv_python_headless-4.13.0.90-cp37-abi3-manylinux_2_28_x86_64.whl (62.5 MB)
2026-01-19T04:00:09.2633234Z Using cached numpy-2.4.1-cp311-cp311-manylinux_2_27_x86_64.manylinux_2_28_x86_64.whl (16.7 MB)
2026-01-19T04:00:09.2761766Z Using cached faker-40.1.2-py3-none-any.whl (2.0 MB)
2026-01-19T04:00:09.2788424Z Using cached annotated_types-0.7.0-py3-none-any.whl (13 kB)
2026-01-19T04:00:09.2801526Z Using cached certifi-2026.1.4-py3-none-any.whl (152 kB)
2026-01-19T04:00:09.2815311Z Using cached h11-0.16.0-py3-none-any.whl (37 kB)
2026-01-19T04:00:09.2828343Z Using cached pyasn1-0.6.2-py3-none-any.whl (83 kB)
2026-01-19T04:00:09.2841821Z Using cached pyasn1_modules-0.4.2-py3-none-any.whl (181 kB)
2026-01-19T04:00:09.2855873Z Using cached typing_inspection-0.4.2-py3-none-any.whl (14 kB)
2026-01-19T04:00:09.2868699Z Using cached sniffio-1.3.1-py3-none-any.whl (10 kB)
2026-01-19T04:00:09.4862164Z Installing collected packages: websockets, urllib3, typing-extensions, termcolor, tenacity, sniffio, PyYAML, python-dotenv, pyasn1, pillow, numpy, idna, h11, greenlet, faker, distro, charset_normalizer, certifi, annotated-types, typing-inspection, rsa, requests, pyee, pydantic-core, pyasn1-modules, opencv-python-headless, httpcore, anyio, pydantic, playwright, httpx, google-auth, google-genai
2026-01-19T04:00:16.1764023Z 
2026-01-19T04:00:16.1786997Z Successfully installed PyYAML-6.0.3 annotated-types-0.7.0 anyio-4.12.1 certifi-2026.1.4 charset_normalizer-3.4.4 distro-1.9.0 faker-40.1.2 google-auth-2.47.0 google-genai-1.59.0 greenlet-3.3.0 h11-0.16.0 httpcore-1.0.9 httpx-0.28.1 idna-3.11 numpy-2.4.1 opencv-python-headless-4.13.0.90 pillow-12.1.0 playwright-1.57.0 pyasn1-0.6.2 pyasn1-modules-0.4.2 pydantic-2.12.5 pydantic-core-2.41.5 pyee-13.0.0 python-dotenv-1.2.1 requests-2.32.5 rsa-4.9.1 sniffio-1.3.1 tenacity-9.1.2 termcolor-3.3.0 typing-extensions-4.15.0 typing-inspection-0.4.2 urllib3-2.6.3 websockets-15.0.1
2026-01-19T04:00:16.7634563Z Downloading Chromium 143.0.7499.4 (playwright build v1200) from https://cdn.playwright.dev/dbazure/download/playwright/builds/chromium/1200/chromium-linux.zip
2026-01-19T04:00:16.8585446Z (node:2188) [DEP0169] DeprecationWarning: `url.parse()` behavior is not standardized and prone to errors that have security implications. Use the WHATWG URL API instead. CVEs are not issued for `url.parse()` vulnerabilities.
2026-01-19T04:00:16.8587050Z (Use `node --trace-deprecation ...` to show where the warning was created)
2026-01-19T04:00:16.9724308Z |                                                                                |   0% of 164.7 MiB
2026-01-19T04:00:17.1267412Z |■■■■■■■■                                                                        |  10% of 164.7 MiB
2026-01-19T04:00:17.2082607Z |■■■■■■■■■■■■■■■■                                                                |  20% of 164.7 MiB
2026-01-19T04:00:17.2851557Z |■■■■■■■■■■■■■■■■■■■■■■■■                                                        |  30% of 164.7 MiB
2026-01-19T04:00:17.3529039Z |■■■■■■■■■■■■■■■■■■■■■■■■■■■■■■■■                                                |  40% of 164.7 MiB
2026-01-19T04:00:17.4117030Z |■■■■■■■■■■■■■■■■■■■■■■■■■■■■■■■■■■■■■■■■                                        |  50% of 164.7 MiB
2026-01-19T04:00:17.4736757Z |■■■■■■■■■■■■■■■■■■■■■■■■■■■■■■■■■■■■■■■■■■■■■■■■                                |  60% of 164.7 MiB
2026-01-19T04:00:17.5429516Z |■■■■■■■■■■■■■■■■■■■■■■■■■■■■■■■■■■■■■■■■■■■■■■■■■■■■■■■■                        |  70% of 164.7 MiB
2026-01-19T04:00:17.6098404Z |■■■■■■■■■■■■■■■■■■■■■■■■■■■■■■■■■■■■■■■■■■■■■■■■■■■■■■■■■■■■■■■■                |  80% of 164.7 MiB
2026-01-19T04:00:17.6656525Z |■■■■■■■■■■■■■■■■■■■■■■■■■■■■■■■■■■■■■■■■■■■■■■■■■■■■■■■■■■■■■■■■■■■■■■■■        |  90% of 164.7 MiB
2026-01-19T04:00:17.7338767Z |■■■■■■■■■■■■■■■■■■■■■■■■■■■■■■■■■■■■■■■■■■■■■■■■■■■■■■■■■■■■■■■■■■■■■■■■■■■■■■■■| 100% of 164.7 MiB
2026-01-19T04:00:20.1870893Z Chromium 143.0.7499.4 (playwright build v1200) downloaded to /home/runner/.cache/ms-playwright/chromium-1200
2026-01-19T04:00:20.1875275Z Downloading FFMPEG playwright build v1011 from https://cdn.playwright.dev/dbazure/download/playwright/builds/ffmpeg/1011/ffmpeg-linux.zip
2026-01-19T04:00:20.2826902Z (node:2199) [DEP0169] DeprecationWarning: `url.parse()` behavior is not standardized and prone to errors that have security implications. Use the WHATWG URL API instead. CVEs are not issued for `url.parse()` vulnerabilities.
2026-01-19T04:00:20.2828859Z (Use `node --trace-deprecation ...` to show where the warning was created)
2026-01-19T04:00:20.3843581Z |                                                                                |   0% of 2.3 MiB
2026-01-19T04:00:20.4253766Z |■■■■■■■■                                                                        |  10% of 2.3 MiB
2026-01-19T04:00:20.4418636Z |■■■■■■■■■■■■■■■■                                                                |  20% of 2.3 MiB
2026-01-19T04:00:20.4541390Z |■■■■■■■■■■■■■■■■■■■■■■■■                                                        |  30% of 2.3 MiB
2026-01-19T04:00:20.4610089Z |■■■■■■■■■■■■■■■■■■■■■■■■■■■■■■■■                                                |  40% of 2.3 MiB
2026-01-19T04:00:20.4621956Z |■■■■■■■■■■■■■■■■■■■■■■■■■■■■■■■■■■■■■■■■                                        |  50% of 2.3 MiB
2026-01-19T04:00:20.4710656Z |■■■■■■■■■■■■■■■■■■■■■■■■■■■■■■■■■■■■■■■■■■■■■■■■                                |  60% of 2.3 MiB
2026-01-19T04:00:20.4735894Z |■■■■■■■■■■■■■■■■■■■■■■■■■■■■■■■■■■■■■■■■■■■■■■■■■■■■■■■■                        |  70% of 2.3 MiB
2026-01-19T04:00:20.4791895Z |■■■■■■■■■■■■■■■■■■■■■■■■■■■■■■■■■■■■■■■■■■■■■■■■■■■■■■■■■■■■■■■■                |  80% of 2.3 MiB
2026-01-19T04:00:20.4815659Z |■■■■■■■■■■■■■■■■■■■■■■■■■■■■■■■■■■■■■■■■■■■■■■■■■■■■■■■■■■■■■■■■■■■■■■■■        |  90% of 2.3 MiB
2026-01-19T04:00:20.4825464Z |■■■■■■■■■■■■■■■■■■■■■■■■■■■■■■■■■■■■■■■■■■■■■■■■■■■■■■■■■■■■■■■■■■■■■■■■■■■■■■■■| 100% of 2.3 MiB
2026-01-19T04:00:20.5359903Z FFMPEG playwright build v1011 downloaded to /home/runner/.cache/ms-playwright/ffmpeg-1011
2026-01-19T04:00:20.5363786Z Downloading Chromium Headless Shell 143.0.7499.4 (playwright build v1200) from https://cdn.playwright.dev/dbazure/download/playwright/builds/chromium/1200/chromium-headless-shell-linux.zip
2026-01-19T04:00:20.6314301Z (node:2210) [DEP0169] DeprecationWarning: `url.parse()` behavior is not standardized and prone to errors that have security implications. Use the WHATWG URL API instead. CVEs are not issued for `url.parse()` vulnerabilities.
2026-01-19T04:00:20.6315430Z (Use `node --trace-deprecation ...` to show where the warning was created)
2026-01-19T04:00:20.7411274Z |                                                                                |   0% of 109.7 MiB
2026-01-19T04:00:20.8815190Z |■■■■■■■■                                                                        |  10% of 109.7 MiB
2026-01-19T04:00:20.9529721Z |■■■■■■■■■■■■■■■■                                                                |  20% of 109.7 MiB
2026-01-19T04:00:21.0115128Z |■■■■■■■■■■■■■■■■■■■■■■■■                                                        |  30% of 109.7 MiB
2026-01-19T04:00:21.0664660Z |■■■■■■■■■■■■■■■■■■■■■■■■■■■■■■■■                                                |  40% of 109.7 MiB
2026-01-19T04:00:21.1110635Z |■■■■■■■■■■■■■■■■■■■■■■■■■■■■■■■■■■■■■■■■                                        |  50% of 109.7 MiB
2026-01-19T04:00:21.1583187Z |■■■■■■■■■■■■■■■■■■■■■■■■■■■■■■■■■■■■■■■■■■■■■■■■                                |  60% of 109.7 MiB
2026-01-19T04:00:21.2062986Z |■■■■■■■■■■■■■■■■■■■■■■■■■■■■■■■■■■■■■■■■■■■■■■■■■■■■■■■■                        |  70% of 109.7 MiB
2026-01-19T04:00:21.2555485Z |■■■■■■■■■■■■■■■■■■■■■■■■■■■■■■■■■■■■■■■■■■■■■■■■■■■■■■■■■■■■■■■■                |  80% of 109.7 MiB
2026-01-19T04:00:21.2946139Z |■■■■■■■■■■■■■■■■■■■■■■■■■■■■■■■■■■■■■■■■■■■■■■■■■■■■■■■■■■■■■■■■■■■■■■■■        |  90% of 109.7 MiB
2026-01-19T04:00:21.3349368Z |■■■■■■■■■■■■■■■■■■■■■■■■■■■■■■■■■■■■■■■■■■■■■■■■■■■■■■■■■■■■■■■■■■■■■■■■■■■■■■■■| 100% of 109.7 MiB
2026-01-19T04:00:23.2019247Z Chromium Headless Shell 143.0.7499.4 (playwright build v1200) downloaded to /home/runner/.cache/ms-playwright/chromium_headless_shell-1200
2026-01-19T04:00:23.2344732Z ##[group]Run mkdir -p projects/ci_the_internet_forms
2026-01-19T04:00:23.2345423Z [36;1mmkdir -p projects/ci_the_internet_forms[0m
2026-01-19T04:00:23.2346066Z [36;1mcat > projects/ci_the_internet_forms/config.json << 'EOF'[0m
2026-01-19T04:00:23.2346611Z [36;1m{[0m
2026-01-19T04:00:23.2346967Z [36;1m  "project_name": "ci_the_internet_forms",[0m
2026-01-19T04:00:23.2347597Z [36;1m  "target_url": "https://the-internet.herokuapp.com/",[0m
2026-01-19T04:00:23.2348375Z [36;1m  "goal": "Test authentication and forms",[0m
2026-01-19T04:00:23.2348843Z [36;1m  "headless": true[0m
2026-01-19T04:00:23.2349190Z [36;1m}[0m
2026-01-19T04:00:23.2349460Z [36;1mEOF[0m
2026-01-19T04:00:23.2390992Z shell: /usr/bin/bash -e {0}
2026-01-19T04:00:23.2391361Z env:
2026-01-19T04:00:23.2391757Z   pythonLocation: /opt/hostedtoolcache/Python/3.11.14/x64
2026-01-19T04:00:23.2392458Z   PKG_CONFIG_PATH: /opt/hostedtoolcache/Python/3.11.14/x64/lib/pkgconfig
2026-01-19T04:00:23.2393186Z   Python_ROOT_DIR: /opt/hostedtoolcache/Python/3.11.14/x64
2026-01-19T04:00:23.2393807Z   Python2_ROOT_DIR: /opt/hostedtoolcache/Python/3.11.14/x64
2026-01-19T04:00:23.2394411Z   Python3_ROOT_DIR: /opt/hostedtoolcache/Python/3.11.14/x64
2026-01-19T04:00:23.2395035Z   LD_LIBRARY_PATH: /opt/hostedtoolcache/Python/3.11.14/x64/lib
2026-01-19T04:00:23.2395565Z ##[endgroup]
2026-01-19T04:00:23.2566229Z ##[group]Run # Use --deep for comprehensive regression suite
2026-01-19T04:00:23.2566667Z [36;1m# Use --deep for comprehensive regression suite[0m
2026-01-19T04:00:23.2567133Z [36;1mpython orchestrator.py --project projects/ci_the_internet_forms --deep --force[0m
2026-01-19T04:00:23.2598295Z shell: /usr/bin/bash -e {0}
2026-01-19T04:00:23.2598541Z env:
2026-01-19T04:00:23.2598789Z   pythonLocation: /opt/hostedtoolcache/Python/3.11.14/x64
2026-01-19T04:00:23.2599203Z   PKG_CONFIG_PATH: /opt/hostedtoolcache/Python/3.11.14/x64/lib/pkgconfig
2026-01-19T04:00:23.2599612Z   Python_ROOT_DIR: /opt/hostedtoolcache/Python/3.11.14/x64
2026-01-19T04:00:23.2600150Z   Python2_ROOT_DIR: /opt/hostedtoolcache/Python/3.11.14/x64
2026-01-19T04:00:23.2600507Z   Python3_ROOT_DIR: /opt/hostedtoolcache/Python/3.11.14/x64
2026-01-19T04:00:23.2600874Z   LD_LIBRARY_PATH: /opt/hostedtoolcache/Python/3.11.14/x64/lib
2026-01-19T04:00:23.2601494Z   GOOGLE_API_KEY: ***
2026-01-19T04:00:23.2601748Z   PYTHONPATH: .
2026-01-19T04:00:23.2601930Z ##[endgroup]
2026-01-19T04:00:25.0521757Z 🚀 [DEEP] Extensive mapping enabled (Depth: 3, Pages: 50)
2026-01-19T04:00:25.0522238Z 
2026-01-19T04:00:25.0522933Z 🗺️ [DISCOVERY] Starting Parallel Semantic Crawl on https://the-internet.herokuapp.com/ (Workers: 3)
2026-01-19T04:00:25.4934953Z   🔍 [Worker 0] Visiting (0): https://the-internet.herokuapp.com/
2026-01-19T04:00:27.0718355Z [DEBUG] Sending request to gemini-2.0-flash. Number of parts: 1
2026-01-19T04:00:27.0719011Z [DEBUG] Received response (Length: 307)
2026-01-19T04:00:27.0720015Z   🔍 [Worker 1] Visiting (1): https://the-internet.herokuapp.com/horizontal_slider
2026-01-19T04:00:27.0730807Z   🔍 [Worker 2] Visiting (1): https://the-internet.herokuapp.com/dynamic_loading
2026-01-19T04:00:27.0753597Z   🔍 [Worker 0] Visiting (1): https://the-internet.herokuapp.com/upload
2026-01-19T04:00:31.8881038Z [DEBUG] Sending request to gemini-2.0-flash. Number of parts: 1
2026-01-19T04:00:31.8883426Z [DEBUG] Sending request to gemini-2.0-flash. Number of parts: 1
2026-01-19T04:00:31.8884142Z [DEBUG] Sending request to gemini-2.0-flash. Number of parts: 1
2026-01-19T04:00:31.8884706Z [DEBUG] Received response (Length: 157)
2026-01-19T04:00:31.8885663Z   🔍 [Worker 1] Visiting (1): https://the-internet.herokuapp.com/abtest
2026-01-19T04:00:31.9269801Z [DEBUG] Received response (Length: 180)
2026-01-19T04:00:31.9271237Z   🔍 [Worker 0] Visiting (1): https://the-internet.herokuapp.com/hovers
2026-01-19T04:00:31.9424721Z [DEBUG] Received response (Length: 201)
2026-01-19T04:00:31.9426367Z   🔍 [Worker 2] Visiting (1): https://the-internet.herokuapp.com/frames
2026-01-19T04:00:36.8162327Z [DEBUG] Sending request to gemini-2.0-flash. Number of parts: 1
2026-01-19T04:00:36.8164078Z [DEBUG] Sending request to gemini-2.0-flash. Number of parts: 1
2026-01-19T04:00:36.8164980Z [DEBUG] Sending request to gemini-2.0-flash. Number of parts: 1
2026-01-19T04:00:36.8165659Z [DEBUG] Received response (Length: 192)
2026-01-19T04:00:36.8166258Z [DEBUG] Received response (Length: 162)
2026-01-19T04:00:36.8167321Z   🔍 [Worker 0] Visiting (1): https://the-internet.herokuapp.com/context_menu
2026-01-19T04:00:36.8180028Z   🔍 [Worker 2] Visiting (1): https://the-internet.herokuapp.com/drag_and_drop
2026-01-19T04:00:36.8544985Z [DEBUG] Received response (Length: 264)
2026-01-19T04:00:36.8546233Z   🔍 [Worker 1] Visiting (1): https://the-internet.herokuapp.com/redirector
2026-01-19T04:00:41.7666155Z [DEBUG] Sending request to gemini-2.0-flash. Number of parts: 1
2026-01-19T04:00:41.7666965Z [DEBUG] Sending request to gemini-2.0-flash. Number of parts: 1
2026-01-19T04:00:41.7667657Z [DEBUG] Sending request to gemini-2.0-flash. Number of parts: 1
2026-01-19T04:00:41.7668518Z [DEBUG] Received response (Length: 114)
2026-01-19T04:00:41.7669556Z   🔍 [Worker 2] Visiting (1): https://the-internet.herokuapp.com/status_codes
2026-01-19T04:00:41.8733554Z [DEBUG] Received response (Length: 280)
2026-01-19T04:00:41.8735753Z   🔍 [Worker 1] Visiting (1): https://the-internet.herokuapp.com/checkboxes
2026-01-19T04:00:41.9289462Z [DEBUG] Received response (Length: 177)
2026-01-19T04:00:41.9291318Z   🔍 [Worker 0] Visiting (1): https://the-internet.herokuapp.com/broken_images
2026-01-19T04:00:46.7102872Z [DEBUG] Sending request to gemini-2.0-flash. Number of parts: 1
2026-01-19T04:00:46.7105870Z [DEBUG] Sending request to gemini-2.0-flash. Number of parts: 1
2026-01-19T04:00:46.7106607Z [DEBUG] Sending request to gemini-2.0-flash. Number of parts: 1
2026-01-19T04:00:46.7107195Z [DEBUG] Received response (Length: 95)
2026-01-19T04:00:46.7108435Z   🔍 [Worker 0] Visiting (1): https://the-internet.herokuapp.com/challenging_dom
2026-01-19T04:00:46.9043125Z [DEBUG] Received response (Length: 199)
2026-01-19T04:00:46.9044394Z   🔍 [Worker 1] Visiting (1): https://the-internet.herokuapp.com/forgot_password
2026-01-19T04:00:46.9896675Z [DEBUG] Received response (Length: 249)
2026-01-19T04:00:46.9897661Z   🔍 [Worker 2] Visiting (1): https://the-internet.herokuapp.com/floating_menu
2026-01-19T04:00:51.9648916Z [DEBUG] Sending request to gemini-2.0-flash. Number of parts: 1
2026-01-19T04:00:51.9650769Z [DEBUG] Sending request to gemini-2.0-flash. Number of parts: 1
2026-01-19T04:00:51.9653441Z [DEBUG] Sending request to gemini-2.0-flash. Number of parts: 1
2026-01-19T04:00:51.9654251Z [DEBUG] Received response (Length: 252)
2026-01-19T04:00:51.9662577Z   🔍 [Worker 1] Visiting (1): https://the-internet.herokuapp.com/disappearing_elements
2026-01-19T04:00:52.0297793Z [DEBUG] Received response (Length: 258)
2026-01-19T04:00:52.0300542Z   🔍 [Worker 2] Visiting (1): https://the-internet.herokuapp.com/inputs
2026-01-19T04:00:52.1895636Z [DEBUG] Received response (Length: 362)
2026-01-19T04:00:52.1904721Z   🔍 [Worker 0] Visiting (1): https://the-internet.herokuapp.com/windows
2026-01-19T04:00:56.7310549Z [DEBUG] Sending request to gemini-2.0-flash. Number of parts: 1
2026-01-19T04:00:56.7312266Z [DEBUG] Sending request to gemini-2.0-flash. Number of parts: 1
2026-01-19T04:00:56.7312948Z [DEBUG] Sending request to gemini-2.0-flash. Number of parts: 1
2026-01-19T04:00:56.7313487Z [DEBUG] Received response (Length: 84)
2026-01-19T04:00:56.7314448Z   🔍 [Worker 2] Visiting (1): https://the-internet.herokuapp.com/dynamic_controls
2026-01-19T04:00:56.8685036Z [DEBUG] Received response (Length: 215)
2026-01-19T04:00:56.8686442Z   🔍 [Worker 1] Visiting (1): https://the-internet.herokuapp.com/geolocation
2026-01-19T04:00:56.8889280Z [DEBUG] Received response (Length: 150)
2026-01-19T04:00:56.8898780Z   🔍 [Worker 0] Visiting (1): https://the-internet.herokuapp.com/key_presses
2026-01-19T04:01:01.7847729Z [DEBUG] Sending request to gemini-2.0-flash. Number of parts: 1
2026-01-19T04:01:01.7848651Z [DEBUG] Sending request to gemini-2.0-flash. Number of parts: 1
2026-01-19T04:01:01.7849310Z [DEBUG] Sending request to gemini-2.0-flash. Number of parts: 1
2026-01-19T04:01:01.7849850Z [DEBUG] Received response (Length: 138)
2026-01-19T04:01:01.7850862Z   🔍 [Worker 1] Visiting (1): https://the-internet.herokuapp.com/shifting_content
2026-01-19T04:01:01.8658390Z [DEBUG] Received response (Length: 202)
2026-01-19T04:01:01.8663347Z   🔍 [Worker 0] Visiting (1): https://the-internet.herokuapp.com/login
2026-01-19T04:01:01.8867461Z [DEBUG] Received response (Length: 238)
2026-01-19T04:01:01.8874941Z   🔍 [Worker 2] Visiting (1): https://the-internet.herokuapp.com/entry_ad
2026-01-19T04:01:06.7912983Z [DEBUG] Sending request to gemini-2.0-flash. Number of parts: 1
2026-01-19T04:01:06.7917605Z [DEBUG] Sending request to gemini-2.0-flash. Number of parts: 1
2026-01-19T04:01:06.7918532Z [DEBUG] Sending request to gemini-2.0-flash. Number of parts: 1
2026-01-19T04:01:06.7919061Z [DEBUG] Received response (Length: 158)
2026-01-19T04:01:06.7920025Z   🔍 [Worker 2] Visiting (1): https://the-internet.herokuapp.com/digest_auth
2026-01-19T04:01:06.8456985Z [DEBUG] Received response (Length: 184)
2026-01-19T04:01:06.8460039Z   🔍 [Worker 0] Visiting (1): https://the-internet.herokuapp.com/typos
2026-01-19T04:01:06.9620045Z [DEBUG] Received response (Length: 320)
2026-01-19T04:01:06.9622106Z   🔍 [Worker 1] Visiting (1): https://the-internet.herokuapp.com/large
2026-01-19T04:01:11.8112375Z [DEBUG] Sending request to gemini-2.0-flash. Number of parts: 1
2026-01-19T04:01:11.8113092Z [DEBUG] Sending request to gemini-2.0-flash. Number of parts: 1
2026-01-19T04:01:11.8113724Z [DEBUG] Sending request to gemini-2.0-flash. Number of parts: 1
2026-01-19T04:01:11.8114237Z [DEBUG] Received response (Length: 199)
2026-01-19T04:01:11.8115231Z   🔍 [Worker 0] Visiting (1): https://the-internet.herokuapp.com/add_remove_elements
2026-01-19T04:01:11.8243368Z [DEBUG] Received response (Length: 143)
2026-01-19T04:01:11.8244763Z   🔍 [Worker 2] Visiting (1): https://the-internet.herokuapp.com/dynamic_content
2026-01-19T04:01:11.9029752Z [DEBUG] Received response (Length: 282)
2026-01-19T04:01:11.9045340Z   🔍 [Worker 1] Visiting (1): https://the-internet.herokuapp.com/tables
2026-01-19T04:01:12.4145992Z [DEBUG] Sending request to gemini-2.0-flash. Number of parts: 1
2026-01-19T04:01:12.4146641Z [DEBUG] Received response (Length: 89)
2026-01-19T04:01:12.4147628Z   🔍 [Worker 0] Visiting (1): https://the-internet.herokuapp.com/exit_intent
2026-01-19T04:01:17.5521069Z [DEBUG] Sending request to gemini-2.0-flash. Number of parts: 1
2026-01-19T04:01:17.5521963Z [DEBUG] Sending request to gemini-2.0-flash. Number of parts: 1
2026-01-19T04:01:17.5523045Z [DEBUG] Sending request to gemini-2.0-flash. Number of parts: 1
2026-01-19T04:01:17.5523628Z [DEBUG] Received response (Length: 174)
2026-01-19T04:01:17.5524635Z   🔍 [Worker 0] Visiting (1): https://the-internet.herokuapp.com/nested_frames
2026-01-19T04:01:17.6464937Z [CACHE HIT] 51265742... (hits: 1, misses: 32)
2026-01-19T04:01:17.6475961Z   🔍 [Worker 0] Visiting (1): https://the-internet.herokuapp.com/tinymce
2026-01-19T04:01:17.6607035Z [DEBUG] Received response (Length: 221)
2026-01-19T04:01:17.6609171Z   🔍 [Worker 2] Visiting (1): https://the-internet.herokuapp.com/infinite_scroll
2026-01-19T04:01:17.7459565Z [DEBUG] Received response (Length: 349)
2026-01-19T04:01:17.7464132Z   🔍 [Worker 1] Visiting (1): https://the-internet.herokuapp.com/dropdown
2026-01-19T04:01:22.5490110Z [DEBUG] Sending request to gemini-2.0-flash. Number of parts: 1
2026-01-19T04:01:22.5492023Z [DEBUG] Sending request to gemini-2.0-flash. Number of parts: 1
2026-01-19T04:01:22.5492685Z [DEBUG] Sending request to gemini-2.0-flash. Number of parts: 1
2026-01-19T04:01:22.5493217Z [DEBUG] Received response (Length: 152)
2026-01-19T04:01:22.5494125Z   🔍 [Worker 1] Visiting (1): https://the-internet.herokuapp.com/download
2026-01-19T04:01:22.5762908Z [DEBUG] Received response (Length: 183)
2026-01-19T04:01:22.5763930Z   🔍 [Worker 2] Visiting (1): https://the-internet.herokuapp.com/slow
2026-01-19T04:01:22.5982797Z [DEBUG] Received response (Length: 146)
2026-01-19T04:01:22.5984273Z   🔍 [Worker 0] Visiting (1): https://the-internet.herokuapp.com/javascript_error
2026-01-19T04:01:27.4620963Z [DEBUG] Sending request to gemini-2.0-flash. Number of parts: 1
2026-01-19T04:01:27.4622068Z [DEBUG] Sending request to gemini-2.0-flash. Number of parts: 1
2026-01-19T04:01:27.4623821Z [DEBUG] Sending request to gemini-2.0-flash. Number of parts: 1
2026-01-19T04:01:27.4624416Z [DEBUG] Received response (Length: 157)
2026-01-19T04:01:27.4625472Z   🔍 [Worker 0] Visiting (1): https://the-internet.herokuapp.com/shadowdom
2026-01-19T04:01:27.5604035Z [DEBUG] Received response (Length: 217)
2026-01-19T04:01:27.5606716Z   🔍 [Worker 2] Visiting (1): https://the-internet.herokuapp.com/javascript_alerts
2026-01-19T04:01:28.0778935Z [DEBUG] Sending request to gemini-2.0-flash. Number of parts: 1
2026-01-19T04:01:28.0779691Z [DEBUG] Received response (Length: 83)
2026-01-19T04:01:28.0780799Z   🔍 [Worker 0] Visiting (1): https://the-internet.herokuapp.com/basic_auth
2026-01-19T04:01:28.4749066Z [DEBUG] Received response (Length: 597)
2026-01-19T04:01:28.4750830Z   🔍 [Worker 1] Visiting (1): https://the-internet.herokuapp.com/download_secure
2026-01-19T04:01:33.1397331Z [DEBUG] Sending request to gemini-2.0-flash. Number of parts: 1
2026-01-19T04:01:33.1398312Z [DEBUG] Sending request to gemini-2.0-flash. Number of parts: 1
2026-01-19T04:01:33.1398960Z [DEBUG] Sending request to gemini-2.0-flash. Number of parts: 1
2026-01-19T04:01:33.1399511Z [DEBUG] Received response (Length: 141)
2026-01-19T04:01:33.1400484Z   🔍 [Worker 1] Visiting (1): https://the-internet.herokuapp.com/jqueryui/menu
2026-01-19T04:01:33.2627401Z [DEBUG] Received response (Length: 159)
2026-01-19T04:01:33.2629403Z   🔍 [Worker 2] Visiting (1): https://the-internet.herokuapp.com/notification_message
2026-01-19T04:01:33.2906181Z [DEBUG] Received response (Length: 141)
2026-01-19T04:01:33.2908506Z   🔍 [Worker 0] Visiting (2): https://the-internet.herokuapp.com/dynamic_loading/1
2026-01-19T04:01:38.1771711Z [DEBUG] Sending request to gemini-2.0-flash. Number of parts: 1
2026-01-19T04:01:38.1777480Z [DEBUG] Sending request to gemini-2.0-flash. Number of parts: 1
2026-01-19T04:01:38.1778722Z [DEBUG] Sending request to gemini-2.0-flash. Number of parts: 1
2026-01-19T04:01:38.1779326Z [DEBUG] Received response (Length: 118)
2026-01-19T04:01:38.1780267Z   🔍 [Worker 0] Visiting (2): https://the-internet.herokuapp.com/dynamic_loading/2
2026-01-19T04:01:38.3669182Z [DEBUG] Sending request to gemini-2.0-flash. Number of parts: 1
2026-01-19T04:01:38.3670792Z [DEBUG] Received response (Length: 292)
2026-01-19T04:01:38.3673572Z   🔍 [Worker 1] Visiting (2): https://the-internet.herokuapp.com/users/3
2026-01-19T04:01:38.4127992Z [DEBUG] Received response (Length: 266)
2026-01-19T04:01:38.4129235Z   🔍 [Worker 2] Visiting (2): https://the-internet.herokuapp.com/users/2
2026-01-19T04:01:38.4596899Z [CACHE HIT] 6f347a5c... (hits: 2, misses: 46)
2026-01-19T04:01:38.4597932Z   🔍 [Worker 1] Visiting (2): https://the-internet.herokuapp.com/users/1
2026-01-19T04:01:38.5004249Z [CACHE HIT] 6f347a5c... (hits: 3, misses: 46)
2026-01-19T04:01:38.5005685Z   🔍 [Worker 2] Visiting (2): https://the-internet.herokuapp.com/iframe
2026-01-19T04:01:38.5489636Z [CACHE HIT] 6f347a5c... (hits: 4, misses: 46)
2026-01-19T04:01:38.5491638Z   🔍 [Worker 1] Visiting (2): https://the-internet.herokuapp.com/redirect
2026-01-19T04:01:38.9135785Z [CACHE HIT] 773e5220... (hits: 5, misses: 46)
2026-01-19T04:01:38.9136306Z [CACHE HIT] 4d56377e... (hits: 6, misses: 46)
2026-01-19T04:01:38.9136712Z [DEBUG] Received response (Length: 100)
2026-01-19T04:01:38.9137321Z ✅ Discovery Complete. Mapped 50 pages.
2026-01-19T04:01:50.6832659Z 
2026-01-19T04:01:50.6833725Z [PLAN] PLANNER: Planning goal -> 'Test authentication and forms' (Deep Mode: True)
2026-01-19T04:01:50.6834904Z 🗺️ [PLAN] Loaded Sitemap with 50 pages.
2026-01-19T04:01:50.6836715Z 🎭 [EXPERT] Detected Domain: GENERAL. Persona: Act as Senior SDET focusing on exploring the application to understand functional flow and identifying critical paths for end-to-end automation
2026-01-19T04:01:50.6838009Z [DEBUG] Sending request to gemini-2.0-flash. Number of parts: 1
2026-01-19T04:01:50.6838667Z [DEBUG] Received response (Length: 5019)
2026-01-19T04:01:50.6839092Z ✅ Planner generated 4 scenarios. Workflow updated.
2026-01-19T04:01:51.7005722Z 
2026-01-19T04:01:51.7006802Z 🕵️ [DEEP EXPLORER] Starting Multi-Scenario Exploration
2026-01-19T04:01:51.7007248Z 📋 Found 4 scenarios to explore.
2026-01-19T04:01:52.0705570Z 
2026-01-19T04:01:52.0706102Z [1/4] Exploring Scenario: Successful Login and Logout
2026-01-19T04:01:52.0706945Z     🧠 Initialized exploration context for goal: 'Test authentication and forms'
2026-01-19T04:01:52.0707402Z   ▶️ [STEP step_1] NAVIGATE: 
2026-01-19T04:01:53.2510873Z     ✅ Navigated to https://the-internet.herokuapp.com/
2026-01-19T04:01:53.2511810Z   ▶️ [STEP step_2] CLICK: Form Authentication
2026-01-19T04:01:53.2689566Z     🔍 Mining locators for: 'Form Authentication'
2026-01-19T04:01:53.3658547Z     ✅ Found 2 verified locators
2026-01-19T04:01:56.9617906Z     ✅ State transitioned.
2026-01-19T04:01:58.4719560Z [DEBUG] Sending request to gemini-2.0-flash. Number of parts: 2
2026-01-19T04:01:58.4720594Z [DEBUG] Received response (Length: 215)
2026-01-19T04:01:58.4721404Z     🤖 AI Next Step Suggestion: fill -> Username
2026-01-19T04:01:58.4721984Z     🧩 Suggested Locator: #username
2026-01-19T04:01:58.4723014Z     💭 Reasoning: The page requires username and password. The text above the form suggests 'tomsmith' as the username.
2026-01-19T04:01:58.4723998Z     ➕ Injected AI step: fill -> Username
2026-01-19T04:01:58.4724518Z   ▶️ [STEP step_2_ai_1] FILL: Username
2026-01-19T04:01:58.4880347Z     🎯 Using AI-provided locator: #username
2026-01-19T04:01:58.4954186Z     ✅ Found 1 verified locators
2026-01-19T04:02:04.3731787Z     ✅ State transitioned.
2026-01-19T04:02:05.9524413Z [DEBUG] Sending request to gemini-2.0-flash. Number of parts: 2
2026-01-19T04:02:05.9525057Z [DEBUG] Received response (Length: 208)
2026-01-19T04:02:05.9525839Z     🤖 AI Next Step Suggestion: fill -> Password
2026-01-19T04:02:05.9526398Z     🧩 Suggested Locator: #password
2026-01-19T04:02:05.9527285Z     💭 Reasoning: The username has been filled. Now filling the password field to complete the form.
2026-01-19T04:02:05.9527848Z     ➕ Injected AI step: fill -> Password
2026-01-19T04:02:05.9528440Z   ▶️ [STEP step_2_ai_2] FILL: Password
2026-01-19T04:02:05.9583789Z     🎯 Using AI-provided locator: #password
2026-01-19T04:02:05.9641235Z     ✅ Found 1 verified locators
2026-01-19T04:02:13.2941565Z     ✅ State transitioned.
2026-01-19T04:02:14.7659054Z [DEBUG] Sending request to gemini-2.0-flash. Number of parts: 2
2026-01-19T04:02:14.7659706Z [DEBUG] Received response (Length: 217)
2026-01-19T04:02:14.7660535Z     🤖 AI Next Step Suggestion: click -> Login
2026-01-19T04:02:14.7661119Z     🧩 Suggested Locator: button
2026-01-19T04:02:14.7662507Z     💭 Reasoning: The username and password fields have been filled, so the next logical step is to click the Login button to attempt authentication.
2026-01-19T04:02:14.7663650Z     ➕ Injected AI step: click -> Login
2026-01-19T04:02:14.7664224Z   ▶️ [STEP step_2_ai_3] CLICK: Login
2026-01-19T04:02:14.7717700Z     🎯 Using AI-provided locator: button
2026-01-19T04:02:14.7776450Z     ✅ Found 1 verified locators
2026-01-19T04:02:18.8297408Z     ✅ State transitioned.
2026-01-19T04:02:20.2803125Z [DEBUG] Sending request to gemini-2.0-flash. Number of parts: 2
2026-01-19T04:02:20.2803789Z [DEBUG] Received response (Length: 260)
2026-01-19T04:02:20.2804611Z     🤖 AI Next Step Suggestion: click -> Logout
2026-01-19T04:02:20.2805216Z     🧩 Suggested Locator: a[href="/logout"]
2026-01-19T04:02:20.2806758Z     💭 Reasoning: The goal was to test authentication and forms. We have successfully logged in. Now, we should test the logout functionality to complete the authentication test.
2026-01-19T04:02:20.2808299Z     ➕ Injected AI step: click -> Logout
2026-01-19T04:02:20.2808829Z   ▶️ [STEP step_2_ai_4] CLICK: Logout
2026-01-19T04:02:20.2951495Z     🎯 Using AI-provided locator: a[href="/logout"]
2026-01-19T04:02:20.3012254Z     ✅ Found 1 verified locators
2026-01-19T04:02:24.3485343Z     ✅ State transitioned.
2026-01-19T04:02:25.8511747Z [DEBUG] Sending request to gemini-2.0-flash. Number of parts: 2
2026-01-19T04:02:25.8512356Z [DEBUG] Received response (Length: 225)
2026-01-19T04:02:25.8513192Z     🤖 AI Next Step Suggestion: fill -> Username
2026-01-19T04:02:25.8513739Z     🧩 Suggested Locator: #username
2026-01-19T04:02:25.8514797Z     💭 Reasoning: The page instructs to use 'tomsmith' as the username. Filling the username field is necessary to attempt login.
2026-01-19T04:02:25.8515836Z     ➕ Injected AI step: fill -> Username
2026-01-19T04:02:25.8516354Z   ▶️ [STEP step_2_ai_5] FILL: Username
2026-01-19T04:02:25.8658450Z     🎯 Using AI-provided locator: #username
2026-01-19T04:02:25.8713306Z     ✅ Found 1 verified locators
2026-01-19T04:02:31.9610593Z     ✅ State transitioned.
2026-01-19T04:02:33.5417855Z [DEBUG] Sending request to gemini-2.0-flash. Number of parts: 2
2026-01-19T04:02:33.5418767Z [DEBUG] Received response (Length: 198)
2026-01-19T04:02:33.5419971Z     🤖 AI Next Step Suggestion: fill -> Password
2026-01-19T04:02:33.5420644Z     🧩 Suggested Locator: #password
2026-01-19T04:02:33.5421574Z     💭 Reasoning: The username has been filled, now filling the password to attempt login.
2026-01-19T04:02:33.5422506Z     ➕ Injected AI step: fill -> Password
2026-01-19T04:02:33.5422992Z   ▶️ [STEP step_2_ai_6] FILL: Password
2026-01-19T04:02:33.5473337Z     🎯 Using AI-provided locator: #password
2026-01-19T04:02:33.5529886Z     ✅ Found 1 verified locators
2026-01-19T04:02:40.2924912Z     ✅ State transitioned.
2026-01-19T04:02:41.7715449Z [DEBUG] Sending request to gemini-2.0-flash. Number of parts: 2
2026-01-19T04:02:41.7716005Z [DEBUG] Received response (Length: 214)
2026-01-19T04:02:41.7717077Z     🤖 AI Next Step Suggestion: click -> Login
2026-01-19T04:02:41.7717485Z     🧩 Suggested Locator: button
2026-01-19T04:02:41.7718454Z     💭 Reasoning: The username and password fields have been filled. Clicking the login button is the next logical step to attempt authentication.
2026-01-19T04:02:41.7719142Z     ➕ Injected AI step: click -> Login
2026-01-19T04:02:41.7719447Z   ▶️ [STEP step_2_ai_7] CLICK: Login
2026-01-19T04:02:41.7772868Z     🎯 Using AI-provided locator: button
2026-01-19T04:02:41.7828288Z     ✅ Found 1 verified locators
2026-01-19T04:02:45.8282752Z     ✅ State transitioned.
2026-01-19T04:02:45.8343016Z     🔄 Revisited state detected (count: 1)
2026-01-19T04:02:47.1235073Z [DEBUG] Sending request to gemini-2.0-flash. Number of parts: 2
2026-01-19T04:02:47.1235757Z [DEBUG] Received response (Length: 254)
2026-01-19T04:02:47.1236589Z     🤖 AI Next Step Suggestion: click -> Logout
2026-01-19T04:02:47.1237229Z     🧩 Suggested Locator: a[href="/logout"]
2026-01-19T04:02:47.1239136Z     💭 Reasoning: The goal is to test authentication and forms. We have successfully logged in. Now, we should test the logout functionality to ensure it works as expected.
2026-01-19T04:02:47.1240651Z     ➕ Injected AI step: click -> Logout
2026-01-19T04:02:47.1241282Z   ▶️ [STEP step_2_ai_8] CLICK: Logout
2026-01-19T04:02:47.1383377Z     🎯 Using AI-provided locator: a[href="/logout"]
2026-01-19T04:02:47.1439721Z     ✅ Found 1 verified locators
2026-01-19T04:02:51.1972791Z     ✅ State transitioned.
2026-01-19T04:02:51.2031142Z     🔄 Revisited state detected (count: 2)
2026-01-19T04:02:52.4564438Z [DEBUG] Sending request to gemini-2.0-flash. Number of parts: 2
2026-01-19T04:02:52.4565321Z [DEBUG] Received response (Length: 188)
2026-01-19T04:02:52.4566309Z     🤖 AI Next Step Suggestion: click -> Login
2026-01-19T04:02:52.4566993Z     🧩 Suggested Locator: button
2026-01-19T04:02:52.4568634Z     💭 Reasoning: The form is complete, so clicking the Login button is the next logical step to attempt authentication.
2026-01-19T04:02:52.4570067Z     ➕ Injected AI step: click -> Login
2026-01-19T04:02:52.4570775Z   ▶️ [STEP step_2_ai_9] CLICK: Login
2026-01-19T04:02:52.4626544Z     🎯 Using AI-provided locator: button
2026-01-19T04:02:52.4679020Z     ✅ Found 1 verified locators
2026-01-19T04:02:56.5279313Z     ✅ State transitioned.
2026-01-19T04:02:57.9635273Z [DEBUG] Sending request to gemini-2.0-flash. Number of parts: 2
2026-01-19T04:02:57.9635972Z [DEBUG] Received response (Length: 284)
2026-01-19T04:02:57.9636814Z     🤖 AI Next Step Suggestion: fill -> Username
2026-01-19T04:02:57.9637418Z     🧩 Suggested Locator: #username
2026-01-19T04:02:57.9639271Z     💭 Reasoning: The page displays 'Your username is invalid!' and suggests using 'tomsmith' as the username. Filling the username field with the suggested value is the next logical step.
2026-01-19T04:02:57.9640663Z     ➕ Injected AI step: fill -> Username
2026-01-19T04:02:57.9641194Z   ▶️ [STEP step_2_ai_10] FILL: Username
2026-01-19T04:02:57.9778758Z     🎯 Using AI-provided locator: #username
2026-01-19T04:02:57.9831028Z     ✅ Found 1 verified locators
2026-01-19T04:03:03.9860050Z     ✅ State transitioned.
2026-01-19T04:03:05.4289772Z [DEBUG] Sending request to gemini-2.0-flash. Number of parts: 2
2026-01-19T04:03:05.4290764Z [DEBUG] Received response (Length: 200)
2026-01-19T04:03:05.4291397Z     🤖 AI Next Step Suggestion: fill -> Password
2026-01-19T04:03:05.4291765Z     🧩 Suggested Locator: #password
2026-01-19T04:03:05.4292286Z     💭 Reasoning: The username is already filled, now filling the password to attempt login.
2026-01-19T04:03:05.4292803Z     ➕ Injected AI step: fill -> Password
2026-01-19T04:03:05.4293140Z   ▶️ [STEP step_2_ai_11] FILL: Password
2026-01-19T04:03:05.4343586Z     🎯 Using AI-provided locator: #password
2026-01-19T04:03:05.4396519Z     ✅ Found 1 verified locators
2026-01-19T04:03:12.2951432Z     ✅ State transitioned.
2026-01-19T04:03:13.9419228Z [DEBUG] Sending request to gemini-2.0-flash. Number of parts: 2
2026-01-19T04:03:13.9420231Z [DEBUG] Received response (Length: 229)
2026-01-19T04:03:13.9421003Z     🤖 AI Next Step Suggestion: click -> Login
2026-01-19T04:03:13.9422013Z     💭 Reasoning: The username and password fields have been filled. Clicking the 'Login' button is the next logical step to attempt authentication.
2026-01-19T04:03:13.9422704Z     ➕ Injected AI step: click -> Login
2026-01-19T04:03:13.9423023Z   ▶️ [STEP step_2_ai_12] CLICK: Login
2026-01-19T04:03:13.9473223Z     🔍 Mining locators for: 'Login'
2026-01-19T04:03:13.9894019Z     ✅ Found 2 verified locators
2026-01-19T04:03:17.5281282Z     ✅ State transitioned.
2026-01-19T04:03:17.5339605Z     🔄 Revisited state detected (count: 1)
2026-01-19T04:03:18.8203305Z [DEBUG] Sending request to gemini-2.0-flash. Number of parts: 2
2026-01-19T04:03:18.8203960Z [DEBUG] Received response (Length: 222)
2026-01-19T04:03:18.8204557Z     🤖 AI Next Step Suggestion: click -> Logout
2026-01-19T04:03:18.8204935Z     🧩 Suggested Locator: a[href="/logout"]
2026-01-19T04:03:18.8205720Z     💭 Reasoning: The goal is to test authentication and forms. We have successfully logged in. Now we should log out to complete the cycle.
2026-01-19T04:03:18.8206418Z     ➕ Injected AI step: click -> Logout
2026-01-19T04:03:18.8206747Z   ▶️ [STEP step_2_ai_13] CLICK: Logout
2026-01-19T04:03:18.8346685Z     🎯 Using AI-provided locator: a[href="/logout"]
2026-01-19T04:03:18.8398856Z     ✅ Found 1 verified locators
2026-01-19T04:03:22.8956532Z     ✅ State transitioned.
2026-01-19T04:03:22.9020073Z     🔄 Revisited state detected (count: 2)
2026-01-19T04:03:24.0951500Z [DEBUG] Sending request to gemini-2.0-flash. Number of parts: 2
2026-01-19T04:03:24.0952105Z [DEBUG] Received response (Length: 178)
2026-01-19T04:03:24.0952869Z     🤖 AI Next Step Suggestion: click -> Login
2026-01-19T04:03:24.0953387Z     🧩 Suggested Locator: button
2026-01-19T04:03:24.0954061Z     💭 Reasoning: The form is filled, so the next logical step is to submit it by clicking the 'Login' button.
2026-01-19T04:03:24.0954614Z     ➕ Injected AI step: click -> Login
2026-01-19T04:03:24.0954922Z   ▶️ [STEP step_2_ai_14] CLICK: Login
2026-01-19T04:03:24.1005928Z     🎯 Using AI-provided locator: button
2026-01-19T04:03:24.1059466Z     ✅ Found 1 verified locators
2026-01-19T04:03:28.1606301Z     ✅ State transitioned.
2026-01-19T04:03:28.1672789Z     🔄 Revisited state detected (count: 3)
2026-01-19T04:03:28.1673642Z     ⚠️ Too many revisits (3). Stopping AI step injection to prevent loops.
2026-01-19T04:03:28.1674374Z   ▶️ [STEP step_3] ASSERT_URL: 
2026-01-19T04:03:33.1900856Z     ⚠️ Scroll into view failed for text=None. Proceeding anyway.
2026-01-19T04:03:35.1922917Z     ✅ State transitioned.
2026-01-19T04:03:35.1966540Z     🔄 Revisited state detected (count: 4)
2026-01-19T04:03:35.1967264Z     ⚠️ Too many revisits (4). Stopping AI step injection to prevent loops.
2026-01-19T04:03:35.1967689Z   ▶️ [STEP step_4] FILL: username
2026-01-19T04:03:35.2015755Z     🔍 Mining locators for: 'username'
2026-01-19T04:03:35.2648321Z     ✅ Found 5 verified locators
2026-01-19T04:03:40.7440532Z     ✅ State transitioned.
2026-01-19T04:03:40.7488278Z     🔄 Revisited state detected (count: 5)
2026-01-19T04:03:40.7488928Z     ⚠️ Too many revisits (5). Stopping AI step injection to prevent loops.
2026-01-19T04:03:40.7489620Z   ▶️ [STEP step_5] FILL: password
2026-01-19T04:03:40.7536610Z     🔍 Mining locators for: 'password'
2026-01-19T04:03:40.8095094Z     ✅ Found 4 verified locators
2026-01-19T04:03:47.1936280Z     ✅ State transitioned.
2026-01-19T04:03:47.1981755Z     🔄 Revisited state detected (count: 6)
2026-01-19T04:03:47.1982427Z     ⚠️ Too many revisits (6). Stopping AI step injection to prevent loops.
2026-01-19T04:03:47.1983112Z   ▶️ [STEP step_6] CLICK: Login
2026-01-19T04:03:47.2031517Z     🔍 Mining locators for: 'Login'
2026-01-19T04:03:47.2542828Z     ✅ Found 2 verified locators
2026-01-19T04:03:50.7921371Z     ✅ State transitioned.
2026-01-19T04:03:50.7981189Z     🔄 Revisited state detected (count: 7)
2026-01-19T04:03:50.7981900Z     ⚠️ Too many revisits (7). Stopping AI step injection to prevent loops.
2026-01-19T04:03:50.7982408Z   ▶️ [STEP step_7] ASSERT_VISIBLE: You logged into a secure area!
2026-01-19T04:03:50.8133523Z     🔍 Mining locators for: 'You logged into a secure area!'
2026-01-19T04:03:50.8400725Z     🧠 Consulting AI (Vision-First) to find 'You logged into a secure area!'...
2026-01-19T04:03:50.8418488Z     🔍 Trying smart selectors for 'You logged into a secure area!'...
2026-01-19T04:03:50.9157403Z     ⚠️ Smart selectors failed (no unique match). Falling back to AI Vision...
2026-01-19T04:03:50.9159159Z     🧠 [EXPERT] Strategy: Act as Senior SDET focusing on exploring the application to understand functional flow and identifying critical paths for end-to-end automation.
2026-01-19T04:03:52.8659905Z [DEBUG] Sending request to gemini-2.0-flash. Number of parts: 2
2026-01-19T04:03:52.8660661Z [DEBUG] Received response (Length: 555)
2026-01-19T04:03:52.8661394Z     🔄 Retry 1/3 mining locators for 'You logged into a secure area!'...
2026-01-19T04:03:53.8949448Z     🧠 Consulting AI (Vision-First) to find 'You logged into a secure area!'...
2026-01-19T04:03:53.8950381Z     🔍 Trying smart selectors for 'You logged into a secure area!'...
2026-01-19T04:03:53.9663952Z     ⚠️ Smart selectors failed (no unique match). Falling back to AI Vision...
2026-01-19T04:03:53.9665975Z     🧠 [EXPERT] Strategy: Act as Senior SDET focusing on exploring the application to understand functional flow and identifying critical paths for end-to-end automation.
2026-01-19T04:03:53.9670103Z [CACHE HIT] 48c58a9a... (hits: 1, misses: 15)
2026-01-19T04:03:53.9670751Z     🔄 Retry 2/3 mining locators for 'You logged into a secure area!'...
2026-01-19T04:03:54.9682169Z     🗑️ Invalidating stale AI cache (retry 2)...
2026-01-19T04:03:54.9683877Z     ⚠️ Cache invalidation warning: No module named 'core.agents.domain_expert'
2026-01-19T04:03:54.9934020Z     🧠 Consulting AI (Vision-First) to find 'You logged into a secure area!'...
2026-01-19T04:03:54.9934637Z     🔍 Trying smart selectors for 'You logged into a secure area!'...
2026-01-19T04:03:55.0637727Z     ⚠️ Smart selectors failed (no unique match). Falling back to AI Vision...
2026-01-19T04:03:55.0639273Z     🧠 [EXPERT] Strategy: Act as Senior SDET focusing on exploring the application to understand functional flow and identifying critical paths for end-to-end automation.
2026-01-19T04:03:55.0642615Z [CACHE HIT] 48c58a9a... (hits: 2, misses: 15)
2026-01-19T04:03:55.0643359Z     🧠 Verifying step validity for 'You logged into a secure area!' after mining failure...
2026-01-19T04:03:57.0506342Z [DEBUG] Sending request to gemini-2.0-flash. Number of parts: 2
2026-01-19T04:03:57.0507190Z [DEBUG] Received response (Length: 158)
2026-01-19T04:03:57.0508692Z     🛠️ Self-Correction: Step is valid. Using new locator: #flash
2026-01-19T04:04:00.0935422Z     ✅ State transitioned.
2026-01-19T04:04:02.4445696Z [DEBUG] Sending request to gemini-2.0-flash. Number of parts: 2
2026-01-19T04:04:02.4446737Z [DEBUG] Received response (Length: 288)
2026-01-19T04:04:02.4447394Z     🤖 AI Next Step Suggestion: click -> Logout
2026-01-19T04:04:02.4447852Z     🧩 Suggested Locator: a[href="/logout"]
2026-01-19T04:04:02.4449525Z     💭 Reasoning: The goal is to test authentication and forms. We have successfully logged in and asserted the secure area. Now, we should test the logout functionality to complete the authentication flow.
2026-01-19T04:04:02.4450755Z     ➕ Injected AI step: click -> Logout
2026-01-19T04:04:02.4451169Z   ▶️ [STEP step_7_ai_1] CLICK: Logout
2026-01-19T04:04:02.4498800Z     🎯 Using AI-provided locator: a[href="/logout"]
2026-01-19T04:04:02.4553874Z     ✅ Found 1 verified locators
2026-01-19T04:04:06.4968909Z     ✅ State transitioned.
2026-01-19T04:04:06.5031610Z     🔄 Revisited state detected (count: 1)
2026-01-19T04:04:08.2746294Z [DEBUG] Sending request to gemini-2.0-flash. Number of parts: 2
2026-01-19T04:04:08.2746921Z [DEBUG] Received response (Length: 177)
2026-01-19T04:04:08.2747702Z     🤖 AI Next Step Suggestion: fill -> Username
2026-01-19T04:04:08.2748263Z     🧩 Suggested Locator: #username
2026-01-19T04:04:08.2748931Z     💭 Reasoning: The page instructs to use 'tomsmith' as the username for login.
2026-01-19T04:04:08.2749557Z     ➕ Injected AI step: fill -> Username
2026-01-19T04:04:08.2749889Z   ▶️ [STEP step_7_ai_2] FILL: Username
2026-01-19T04:04:08.2909998Z     🎯 Using AI-provided locator: #username
2026-01-19T04:04:08.2963449Z     ✅ Found 1 verified locators
2026-01-19T04:04:14.2858403Z     ✅ State transitioned.
2026-01-19T04:04:14.2904685Z     🔄 Revisited state detected (count: 2)
2026-01-19T04:04:16.0008637Z [DEBUG] Sending request to gemini-2.0-flash. Number of parts: 2
2026-01-19T04:04:16.0009493Z [DEBUG] Received response (Length: 213)
2026-01-19T04:04:16.0010359Z     🤖 AI Next Step Suggestion: fill -> Password
2026-01-19T04:04:16.0010983Z     🧩 Suggested Locator: #password
2026-01-19T04:04:16.0012129Z     💭 Reasoning: The password field is empty. Filling it with the correct password to complete the form.
2026-01-19T04:04:16.0013306Z     ➕ Injected AI step: fill -> Password
2026-01-19T04:04:16.0013974Z   ▶️ [STEP step_7_ai_3] FILL: Password
2026-01-19T04:04:16.0067688Z     🎯 Using AI-provided locator: #password
2026-01-19T04:04:16.0121848Z     ✅ Found 1 verified locators
2026-01-19T04:04:22.8640722Z     ✅ State transitioned.
2026-01-19T04:04:22.8685899Z     🔄 Revisited state detected (count: 3)
2026-01-19T04:04:22.8686727Z     ⚠️ Too many revisits (3). Stopping AI step injection to prevent loops.
2026-01-19T04:04:22.8687225Z   ▶️ [STEP step_8] CLICK: Logout
2026-01-19T04:04:22.8736576Z     🔍 Mining locators for: 'Logout'
2026-01-19T04:04:22.9067240Z     🧠 Consulting AI (Vision-First) to find 'Logout'...
2026-01-19T04:04:22.9067974Z     🔍 Trying smart selectors for 'Logout'...
2026-01-19T04:04:22.9444739Z     ⚠️ Smart selectors failed (no unique match). Falling back to AI Vision...
2026-01-19T04:04:22.9446111Z     🧠 [EXPERT] Strategy: Act as Senior SDET focusing on exploring the application to understand functional flow and identifying critical paths for end-to-end automation.
2026-01-19T04:04:24.3053300Z [DEBUG] Sending request to gemini-2.0-flash. Number of parts: 2
2026-01-19T04:04:24.3054013Z [DEBUG] Received response (Length: 260)
2026-01-19T04:04:24.3055714Z     💡 Expert Suggestion: The page shows a login form, suggesting the user is not currently logged in. Need to login first to find the logout button.
2026-01-19T04:04:24.3057270Z     🛠️ Executing corrective action: click -> 'Login'
2026-01-19T04:04:24.8497367Z     ✅ Executed corrective navigation
2026-01-19T04:04:26.8519943Z     🔄 Retry 1/3 mining locators for 'Logout'...
2026-01-19T04:04:27.8889816Z     🧠 Consulting AI (Vision-First) to find 'Logout'...
2026-01-19T04:04:27.8890557Z     🔍 Trying smart selectors for 'Logout'...
2026-01-19T04:04:27.9245155Z     ⚠️ Smart selectors failed (no unique match). Falling back to AI Vision...
2026-01-19T04:04:27.9246578Z     🧠 [EXPERT] Strategy: Act as Senior SDET focusing on exploring the application to understand functional flow and identifying critical paths for end-to-end automation.
2026-01-19T04:04:29.5448280Z [DEBUG] Sending request to gemini-2.0-flash. Number of parts: 2
2026-01-19T04:04:29.5448899Z [DEBUG] Received response (Length: 299)
2026-01-19T04:04:29.5449738Z     ⚠️ Skipping duplicate injection: Login
2026-01-19T04:04:29.5450155Z     🔄 Retry 2/3 mining locators for 'Logout'...
2026-01-19T04:04:30.5461384Z     🗑️ Invalidating stale AI cache (retry 2)...
2026-01-19T04:04:30.5462634Z     ⚠️ Cache invalidation warning: No module named 'core.agents.domain_expert'
2026-01-19T04:04:30.5898718Z     🧠 Consulting AI (Vision-First) to find 'Logout'...
2026-01-19T04:04:30.5899358Z     🔍 Trying smart selectors for 'Logout'...
2026-01-19T04:04:30.6262334Z     ⚠️ Smart selectors failed (no unique match). Falling back to AI Vision...
2026-01-19T04:04:30.6263909Z     🧠 [EXPERT] Strategy: Act as Senior SDET focusing on exploring the application to understand functional flow and identifying critical paths for end-to-end automation.
2026-01-19T04:04:30.6267451Z [CACHE HIT] a265bcce... (hits: 3, misses: 21)
2026-01-19T04:04:30.6268233Z     ⚠️ Skipping duplicate injection: Login
2026-01-19T04:04:30.6268903Z     🧠 Verifying step validity for 'Logout' after no candidates found...
2026-01-19T04:04:34.5737208Z [DEBUG] Sending request to gemini-2.0-flash. Number of parts: 2
2026-01-19T04:04:34.5737830Z [DEBUG] Received response (Length: 276)
2026-01-19T04:04:34.5740124Z     🗑️ Step deemed INVALID: The page shows the login form. The 'Logout' button only appears after a successful login. The message 'You logged out of the secure area!' indicates a previous logout, and the page has returned to the login screen.. Removing from workflow.
2026-01-19T04:04:34.5741268Z     ⏭️ Skipping execution of invalid step: Logout
2026-01-19T04:04:34.5741590Z   ▶️ [STEP step_9] ASSERT_URL: 
2026-01-19T04:04:39.5890972Z     ⚠️ Scroll into view failed for text=None. Proceeding anyway.
2026-01-19T04:04:41.5913127Z     ✅ State transitioned.
2026-01-19T04:04:41.5956360Z     🔄 Revisited state detected (count: 4)
2026-01-19T04:04:41.5957109Z     ⚠️ Too many revisits (4). Stopping AI step injection to prevent loops.
2026-01-19T04:04:41.5957872Z   ▶️ [STEP step_10] ASSERT_VISIBLE: You logged out of the secure area!
2026-01-19T04:04:41.6003132Z     🔍 Mining locators for: 'You logged out of the secure area!'
2026-01-19T04:04:41.6398816Z     🧠 Consulting AI (Vision-First) to find 'You logged out of the secure area!'...
2026-01-19T04:04:41.6399895Z     🔍 Trying smart selectors for 'You logged out of the secure area!'...
2026-01-19T04:04:41.7167573Z     ⚠️ Smart selectors failed (no unique match). Falling back to AI Vision...
2026-01-19T04:04:41.7169363Z     🧠 [EXPERT] Strategy: Act as Senior SDET focusing on exploring the application to understand functional flow and identifying critical paths for end-to-end automation.
2026-01-19T04:04:43.6834282Z [DEBUG] Sending request to gemini-2.0-flash. Number of parts: 2
2026-01-19T04:04:43.6835086Z [DEBUG] Received response (Length: 679)
2026-01-19T04:04:43.6835682Z     ⚠️ Critical step failure: 'priority'
2026-01-19T04:04:45.7272491Z 
2026-01-19T04:04:45.7272990Z [2/4] Exploring Scenario: Failed Login Attempt
2026-01-19T04:04:45.7275574Z     🧠 Initialized exploration context for goal: 'Test authentication and forms'
2026-01-19T04:04:45.7276244Z   ▶️ [STEP step_1] NAVIGATE: 
2026-01-19T04:04:46.9025933Z     ✅ Navigated to https://the-internet.herokuapp.com/
2026-01-19T04:04:46.9026555Z   ▶️ [STEP step_2] CLICK: Form Authentication
2026-01-19T04:04:46.9187534Z     🔍 Mining locators for: 'Form Authentication'
2026-01-19T04:04:46.9853340Z     ✅ Found 2 verified locators
2026-01-19T04:04:50.5634116Z     ✅ State transitioned.
2026-01-19T04:04:50.6050067Z [CACHE HIT] af58249d... (hits: 4, misses: 23)
2026-01-19T04:04:50.6050897Z     🤖 AI Next Step Suggestion: fill -> Username
2026-01-19T04:04:50.6051456Z     🧩 Suggested Locator: #username
2026-01-19T04:04:50.6052704Z     💭 Reasoning: The page requires username and password. The text above the form suggests 'tomsmith' as the username.
2026-01-19T04:04:50.6053277Z     ➕ Injected AI step: fill -> Username
2026-01-19T04:04:50.6053590Z   ▶️ [STEP step_2_ai_1] FILL: Username
2026-01-19T04:04:50.6197825Z     🎯 Using AI-provided locator: #username
2026-01-19T04:04:50.6254401Z     ✅ Found 1 verified locators
2026-01-19T04:04:56.3141419Z     ✅ State transitioned.
2026-01-19T04:04:56.3547181Z [CACHE HIT] 38199815... (hits: 5, misses: 23)
2026-01-19T04:04:56.3548325Z     🤖 AI Next Step Suggestion: fill -> Password
2026-01-19T04:04:56.3548968Z     🧩 Suggested Locator: #password
2026-01-19T04:04:56.3549893Z     💭 Reasoning: The username has been filled. Now filling the password field to complete the form.
2026-01-19T04:04:56.3550779Z     ➕ Injected AI step: fill -> Password
2026-01-19T04:04:56.3551301Z   ▶️ [STEP step_2_ai_2] FILL: Password
2026-01-19T04:04:56.3599175Z     🎯 Using AI-provided locator: #password
2026-01-19T04:04:56.3659831Z     ✅ Found 1 verified locators
2026-01-19T04:05:03.2870505Z     ✅ State transitioned.
2026-01-19T04:05:04.5707864Z [DEBUG] Sending request to gemini-2.0-flash. Number of parts: 2
2026-01-19T04:05:04.5708584Z [DEBUG] Received response (Length: 214)
2026-01-19T04:05:04.5709310Z     🤖 AI Next Step Suggestion: click -> Login
2026-01-19T04:05:04.5709713Z     🧩 Suggested Locator: button
2026-01-19T04:05:04.5710584Z     💭 Reasoning: The username and password fields have been filled. Clicking the Login button is the next logical step to attempt authentication.
2026-01-19T04:05:04.5711403Z     ➕ Injected AI step: click -> Login
2026-01-19T04:05:04.5711785Z   ▶️ [STEP step_2_ai_3] CLICK: Login
2026-01-19T04:05:04.5764067Z     🎯 Using AI-provided locator: button
2026-01-19T04:05:04.5819236Z     ✅ Found 1 verified locators
2026-01-19T04:05:08.6253949Z     ✅ State transitioned.
2026-01-19T04:05:08.6584581Z [CACHE HIT] ae287cf6... (hits: 6, misses: 24)
2026-01-19T04:05:08.6585469Z     🤖 AI Next Step Suggestion: click -> Logout
2026-01-19T04:05:08.6585967Z     🧩 Suggested Locator: a[href="/logout"]
2026-01-19T04:05:08.6587045Z     💭 Reasoning: The goal was to test authentication and forms. We have successfully logged in. Now, we should test the logout functionality to complete the authentication test.
2026-01-19T04:05:08.6588021Z     ➕ Injected AI step: click -> Logout
2026-01-19T04:05:08.6588638Z   ▶️ [STEP step_2_ai_4] CLICK: Logout
2026-01-19T04:05:08.6744108Z     🎯 Using AI-provided locator: a[href="/logout"]
2026-01-19T04:05:08.6801705Z     ✅ Found 1 verified locators
2026-01-19T04:05:12.7425217Z     ✅ State transitioned.
2026-01-19T04:05:12.7890157Z [CACHE HIT] eb8d5bc2... (hits: 7, misses: 24)
2026-01-19T04:05:12.7890963Z     🤖 AI Next Step Suggestion: fill -> Username
2026-01-19T04:05:12.7891458Z     🧩 Suggested Locator: #username
2026-01-19T04:05:12.7892091Z     💭 Reasoning: The page instructs to use 'tomsmith' as the username. Filling the username field is necessary to attempt login.
2026-01-19T04:05:12.7892712Z     ➕ Injected AI step: fill -> Username
2026-01-19T04:05:12.7893022Z   ▶️ [STEP step_2_ai_5] FILL: Username
2026-01-19T04:05:12.8032202Z     🎯 Using AI-provided locator: #username
2026-01-19T04:05:12.8084867Z     ✅ Found 1 verified locators
2026-01-19T04:05:18.6402211Z     ✅ State transitioned.
2026-01-19T04:05:18.6885664Z [CACHE HIT] c6c67eab... (hits: 8, misses: 24)
2026-01-19T04:05:18.6886568Z     🤖 AI Next Step Suggestion: fill -> Password
2026-01-19T04:05:18.6886931Z     🧩 Suggested Locator: #password
2026-01-19T04:05:18.6887406Z     💭 Reasoning: The username has been filled, now filling the password to attempt login.
2026-01-19T04:05:18.6887865Z     ➕ Injected AI step: fill -> Password
2026-01-19T04:05:18.6888429Z   ▶️ [STEP step_2_ai_6] FILL: Password
2026-01-19T04:05:18.6934972Z     🎯 Using AI-provided locator: #password
2026-01-19T04:05:18.6988253Z     ✅ Found 1 verified locators
2026-01-19T04:05:25.1350010Z     ✅ State transitioned.
2026-01-19T04:05:25.1710672Z [CACHE HIT] d50f442f... (hits: 9, misses: 24)
2026-01-19T04:05:25.1711801Z     🤖 AI Next Step Suggestion: click -> Login
2026-01-19T04:05:25.1712140Z     🧩 Suggested Locator: button
2026-01-19T04:05:25.1713036Z     💭 Reasoning: The username and password fields have been filled. Clicking the login button is the next logical step to attempt authentication.
2026-01-19T04:05:25.1713700Z     ➕ Injected AI step: click -> Login
2026-01-19T04:05:25.1714010Z   ▶️ [STEP step_2_ai_7] CLICK: Login
2026-01-19T04:05:25.1763790Z     🎯 Using AI-provided locator: button
2026-01-19T04:05:25.1815021Z     ✅ Found 1 verified locators
2026-01-19T04:05:29.2243457Z     ✅ State transitioned.
2026-01-19T04:05:29.2303605Z     🔄 Revisited state detected (count: 1)
2026-01-19T04:05:29.2585581Z [CACHE HIT] 5ba45a79... (hits: 10, misses: 24)
2026-01-19T04:05:29.2586519Z     🤖 AI Next Step Suggestion: click -> Logout
2026-01-19T04:05:29.2586891Z     🧩 Suggested Locator: a[href="/logout"]
2026-01-19T04:05:29.2587693Z     💭 Reasoning: The goal is to test authentication and forms. We have successfully logged in. Now, we should test the logout functionality to ensure it works as expected.
2026-01-19T04:05:29.2588704Z     ➕ Injected AI step: click -> Logout
2026-01-19T04:05:29.2589023Z   ▶️ [STEP step_2_ai_8] CLICK: Logout
2026-01-19T04:05:29.2729369Z     🎯 Using AI-provided locator: a[href="/logout"]
2026-01-19T04:05:29.2785939Z     ✅ Found 1 verified locators
2026-01-19T04:05:33.3257755Z     ✅ State transitioned.
2026-01-19T04:05:33.3318673Z     🔄 Revisited state detected (count: 2)
2026-01-19T04:05:33.3881459Z [CACHE HIT] b27b0ecd... (hits: 11, misses: 24)
2026-01-19T04:05:33.3882396Z     🤖 AI Next Step Suggestion: click -> Login
2026-01-19T04:05:33.3882998Z     🧩 Suggested Locator: button
2026-01-19T04:05:33.3884099Z     💭 Reasoning: The form is complete, so clicking the Login button is the next logical step to attempt authentication.
2026-01-19T04:05:33.3885101Z     ➕ Injected AI step: click -> Login
2026-01-19T04:05:33.3885612Z   ▶️ [STEP step_2_ai_9] CLICK: Login
2026-01-19T04:05:33.3933074Z     🎯 Using AI-provided locator: button
2026-01-19T04:05:33.3983878Z     ✅ Found 1 verified locators
2026-01-19T04:05:37.4577878Z     ✅ State transitioned.
2026-01-19T04:05:37.5036825Z [CACHE HIT] db0c9db3... (hits: 12, misses: 24)
2026-01-19T04:05:37.5037861Z     🤖 AI Next Step Suggestion: fill -> Username
2026-01-19T04:05:37.5038469Z     🧩 Suggested Locator: #username
2026-01-19T04:05:37.5039363Z     💭 Reasoning: The page displays 'Your username is invalid!' and suggests using 'tomsmith' as the username. Filling the username field with the suggested value is the next logical step.
2026-01-19T04:05:37.5040168Z     ➕ Injected AI step: fill -> Username
2026-01-19T04:05:37.5040496Z   ▶️ [STEP step_2_ai_10] FILL: Username
2026-01-19T04:05:37.5176115Z     🎯 Using AI-provided locator: #username
2026-01-19T04:05:37.5228453Z     ✅ Found 1 verified locators
2026-01-19T04:05:43.0684944Z     ✅ State transitioned.
2026-01-19T04:05:43.1038614Z [CACHE HIT] feed4805... (hits: 13, misses: 24)
2026-01-19T04:05:43.1039548Z     🤖 AI Next Step Suggestion: fill -> Password
2026-01-19T04:05:43.1040101Z     🧩 Suggested Locator: #password
2026-01-19T04:05:43.1040873Z     💭 Reasoning: The username is already filled, now filling the password to attempt login.
2026-01-19T04:05:43.1041394Z     ➕ Injected AI step: fill -> Password
2026-01-19T04:05:43.1041719Z   ▶️ [STEP step_2_ai_11] FILL: Password
2026-01-19T04:05:43.1087635Z     🎯 Using AI-provided locator: #password
2026-01-19T04:05:43.1137706Z     ✅ Found 1 verified locators
2026-01-19T04:05:50.1705812Z     ✅ State transitioned.
2026-01-19T04:05:50.2199283Z [CACHE HIT] 4657f34a... (hits: 14, misses: 24)
2026-01-19T04:05:50.2200191Z     🤖 AI Next Step Suggestion: click -> Login
2026-01-19T04:05:50.2201496Z     💭 Reasoning: The username and password fields have been filled. Clicking the 'Login' button is the next logical step to attempt authentication.
2026-01-19T04:05:50.2202655Z     ➕ Injected AI step: click -> Login
2026-01-19T04:05:50.2203481Z   ▶️ [STEP step_2_ai_12] CLICK: Login
2026-01-19T04:05:50.2255372Z     🔍 Mining locators for: 'Login'
2026-01-19T04:05:50.2844800Z     ✅ Found 2 verified locators
2026-01-19T04:05:53.8247005Z     ✅ State transitioned.
2026-01-19T04:05:53.8306989Z     🔄 Revisited state detected (count: 1)
2026-01-19T04:05:53.8686032Z [CACHE HIT] a7586dd0... (hits: 15, misses: 24)
2026-01-19T04:05:53.8686891Z     🤖 AI Next Step Suggestion: click -> Logout
2026-01-19T04:05:53.8687459Z     🧩 Suggested Locator: a[href="/logout"]
2026-01-19T04:05:53.8688779Z     💭 Reasoning: The goal is to test authentication and forms. We have successfully logged in. Now we should log out to complete the cycle.
2026-01-19T04:05:53.8689750Z     ➕ Injected AI step: click -> Logout
2026-01-19T04:05:53.8690077Z   ▶️ [STEP step_2_ai_13] CLICK: Logout
2026-01-19T04:05:53.8831163Z     🎯 Using AI-provided locator: a[href="/logout"]
2026-01-19T04:05:53.8887233Z     ✅ Found 1 verified locators
2026-01-19T04:05:57.9422629Z     ✅ State transitioned.
2026-01-19T04:05:57.9487066Z     🔄 Revisited state detected (count: 2)
2026-01-19T04:05:58.0033728Z [CACHE HIT] 56dddd25... (hits: 16, misses: 24)
2026-01-19T04:05:58.0034655Z     🤖 AI Next Step Suggestion: click -> Login
2026-01-19T04:05:58.0035240Z     🧩 Suggested Locator: button
2026-01-19T04:05:58.0036257Z     💭 Reasoning: The form is filled, so the next logical step is to submit it by clicking the 'Login' button.
2026-01-19T04:05:58.0037211Z     ➕ Injected AI step: click -> Login
2026-01-19T04:05:58.0037722Z   ▶️ [STEP step_2_ai_14] CLICK: Login
2026-01-19T04:05:58.0084235Z     🎯 Using AI-provided locator: button
2026-01-19T04:05:58.0137217Z     ✅ Found 1 verified locators
2026-01-19T04:06:02.0744867Z     ✅ State transitioned.
2026-01-19T04:06:02.0805200Z     🔄 Revisited state detected (count: 3)
2026-01-19T04:06:02.0805959Z     ⚠️ Too many revisits (3). Stopping AI step injection to prevent loops.
2026-01-19T04:06:02.0806377Z   ▶️ [STEP step_3] ASSERT_URL: 
2026-01-19T04:06:07.1051601Z     ⚠️ Scroll into view failed for text=None. Proceeding anyway.
2026-01-19T04:06:09.1073625Z     ✅ State transitioned.
2026-01-19T04:06:09.1118455Z     🔄 Revisited state detected (count: 4)
2026-01-19T04:06:09.1119287Z     ⚠️ Too many revisits (4). Stopping AI step injection to prevent loops.
2026-01-19T04:06:09.1120049Z   ▶️ [STEP step_4] FILL: username
2026-01-19T04:06:09.1166315Z     🔍 Mining locators for: 'username'
2026-01-19T04:06:09.1749342Z     ✅ Found 5 verified locators
2026-01-19T04:06:15.1687829Z     ✅ State transitioned.
2026-01-19T04:06:16.9197541Z [DEBUG] Sending request to gemini-2.0-flash. Number of parts: 2
2026-01-19T04:06:16.9198407Z [DEBUG] Received response (Length: 291)
2026-01-19T04:06:16.9199229Z     🤖 AI Next Step Suggestion: fill -> Password
2026-01-19T04:06:16.9199828Z     🧩 Suggested Locator: #password
2026-01-19T04:06:16.9201328Z     💭 Reasoning: The username field was filled incorrectly, and the password field is still empty. Filling the password field with the correct password as suggested by the page text.
2026-01-19T04:06:16.9202705Z     ➕ Injected AI step: fill -> Password
2026-01-19T04:06:16.9203218Z   ▶️ [STEP step_4_ai_1] FILL: Password
2026-01-19T04:06:16.9254552Z     🎯 Using AI-provided locator: #password
2026-01-19T04:06:16.9310615Z     ✅ Found 1 verified locators
2026-01-19T04:06:24.0836711Z     ✅ State transitioned.
2026-01-19T04:06:25.6174978Z [DEBUG] Sending request to gemini-2.0-flash. Number of parts: 2
2026-01-19T04:06:25.6175608Z [DEBUG] Received response (Length: 206)
2026-01-19T04:06:25.6176408Z     🤖 AI Next Step Suggestion: click -> Login
2026-01-19T04:06:25.6176940Z     🧩 Suggested Locator: button
2026-01-19T04:06:25.6178213Z     💭 Reasoning: The username and password fields have been filled. Clicking the login button is the next step to attempt authentication.
2026-01-19T04:06:25.6179304Z     ➕ Injected AI step: click -> Login
2026-01-19T04:06:25.6179627Z   ▶️ [STEP step_4_ai_2] CLICK: Login
2026-01-19T04:06:25.6227164Z     🎯 Using AI-provided locator: button
2026-01-19T04:06:25.6287311Z     ✅ Found 1 verified locators
2026-01-19T04:06:29.6710851Z     ✅ State transitioned.
2026-01-19T04:06:29.6770935Z     🔄 Revisited state detected (count: 1)
2026-01-19T04:06:31.3295163Z [DEBUG] Sending request to gemini-2.0-flash. Number of parts: 2
2026-01-19T04:06:31.3295795Z [DEBUG] Received response (Length: 179)
2026-01-19T04:06:31.3296656Z     🤖 AI Next Step Suggestion: fill -> Username
2026-01-19T04:06:31.3297010Z     🧩 Suggested Locator: #username
2026-01-19T04:06:31.3297470Z     💭 Reasoning: The page description indicates the username should be 'tomsmith'.
2026-01-19T04:06:31.3297927Z     ➕ Injected AI step: fill -> Username
2026-01-19T04:06:31.3298504Z   ▶️ [STEP step_4_ai_3] FILL: Username
2026-01-19T04:06:31.3457831Z     🎯 Using AI-provided locator: #username
2026-01-19T04:06:31.3514068Z     ✅ Found 1 verified locators
2026-01-19T04:06:37.2582169Z     ✅ State transitioned.
2026-01-19T04:06:37.2624675Z     🔄 Revisited state detected (count: 2)
2026-01-19T04:06:39.0118447Z [DEBUG] Sending request to gemini-2.0-flash. Number of parts: 2
2026-01-19T04:06:39.0119049Z [DEBUG] Received response (Length: 210)
2026-01-19T04:06:39.0119921Z     🤖 AI Next Step Suggestion: fill -> Password
2026-01-19T04:06:39.0120627Z     🧩 Suggested Locator: #password
2026-01-19T04:06:39.0121780Z     💭 Reasoning: The username is already filled. Now filling the password field to complete the form.
2026-01-19T04:06:39.0122862Z     ➕ Injected AI step: fill -> Password
2026-01-19T04:06:39.0123510Z   ▶️ [STEP step_4_ai_4] FILL: Password
2026-01-19T04:06:39.0173702Z     🎯 Using AI-provided locator: #password
2026-01-19T04:06:39.0226124Z     ✅ Found 1 verified locators
2026-01-19T04:06:46.7454179Z     ✅ State transitioned.
2026-01-19T04:06:46.7500977Z     🔄 Revisited state detected (count: 3)
2026-01-19T04:06:46.7501717Z     ⚠️ Too many revisits (3). Stopping AI step injection to prevent loops.
2026-01-19T04:06:46.7502239Z   ▶️ [STEP step_5] FILL: password
2026-01-19T04:06:46.7548677Z     🔍 Mining locators for: 'password'
2026-01-19T04:06:46.8035746Z     ✅ Found 4 verified locators
2026-01-19T04:06:53.0607399Z     ✅ State transitioned.
2026-01-19T04:06:54.5852542Z [DEBUG] Sending request to gemini-2.0-flash. Number of parts: 2
2026-01-19T04:06:54.5853074Z [DEBUG] Received response (Length: 206)
2026-01-19T04:06:54.5853871Z     🤖 AI Next Step Suggestion: click -> Login
2026-01-19T04:06:54.5854212Z     🧩 Suggested Locator: button
2026-01-19T04:06:54.5854874Z     💭 Reasoning: The username and password fields have been filled. Clicking the login button is the next step to attempt authentication.
2026-01-19T04:06:54.5855497Z     ➕ Injected AI step: click -> Login
2026-01-19T04:06:54.5855791Z   ▶️ [STEP step_5_ai_1] CLICK: Login
2026-01-19T04:06:54.5904172Z     🎯 Using AI-provided locator: button
2026-01-19T04:06:54.5957278Z     ✅ Found 1 verified locators
2026-01-19T04:06:58.6361292Z     ✅ State transitioned.
2026-01-19T04:07:00.2050229Z [DEBUG] Sending request to gemini-2.0-flash. Number of parts: 2
2026-01-19T04:07:00.2050882Z [DEBUG] Received response (Length: 179)
2026-01-19T04:07:00.2051654Z     🤖 AI Next Step Suggestion: fill -> Username
2026-01-19T04:07:00.2052194Z     🧩 Suggested Locator: #username
2026-01-19T04:07:00.2053252Z     💭 Reasoning: The page description indicates the username should be 'tomsmith'.
2026-01-19T04:07:00.2054031Z     ➕ Injected AI step: fill -> Username
2026-01-19T04:07:00.2054561Z   ▶️ [STEP step_5_ai_2] FILL: Username
2026-01-19T04:07:00.2192518Z     🎯 Using AI-provided locator: #username
2026-01-19T04:07:00.2249693Z     ✅ Found 1 verified locators
2026-01-19T04:07:06.1143545Z     ✅ State transitioned.
2026-01-19T04:07:07.6724277Z [DEBUG] Sending request to gemini-2.0-flash. Number of parts: 2
2026-01-19T04:07:07.6725135Z [DEBUG] Received response (Length: 245)
2026-01-19T04:07:07.6726116Z     🤖 AI Next Step Suggestion: fill -> Password
2026-01-19T04:07:07.6726803Z     🧩 Suggested Locator: #password
2026-01-19T04:07:07.6728026Z     💭 Reasoning: The username has been filled, now filling the password field with the correct password as provided in the instructions.
2026-01-19T04:07:07.6729740Z     ➕ Injected AI step: fill -> Password
2026-01-19T04:07:07.6730152Z   ▶️ [STEP step_5_ai_3] FILL: Password
2026-01-19T04:07:07.6778571Z     🎯 Using AI-provided locator: #password
2026-01-19T04:07:07.6831817Z     ✅ Found 1 verified locators
2026-01-19T04:07:15.4069576Z     ✅ State transitioned.
2026-01-19T04:07:17.1631314Z [DEBUG] Sending request to gemini-2.0-flash. Number of parts: 2
2026-01-19T04:07:17.1631988Z [DEBUG] Received response (Length: 214)
2026-01-19T04:07:17.1632798Z     🤖 AI Next Step Suggestion: click -> Login
2026-01-19T04:07:17.1633363Z     🧩 Suggested Locator: button
2026-01-19T04:07:17.1634678Z     💭 Reasoning: The username and password fields have been filled. Clicking the login button is the next logical step to attempt authentication.
2026-01-19T04:07:17.1635802Z     ➕ Injected AI step: click -> Login
2026-01-19T04:07:17.1636302Z   ▶️ [STEP step_5_ai_4] CLICK: Login
2026-01-19T04:07:17.1687259Z     🎯 Using AI-provided locator: button
2026-01-19T04:07:17.1739880Z     ✅ Found 1 verified locators
2026-01-19T04:07:21.2181708Z     ✅ State transitioned.
2026-01-19T04:07:21.2242849Z     🔄 Revisited state detected (count: 1)
2026-01-19T04:07:22.5039845Z [DEBUG] Sending request to gemini-2.0-flash. Number of parts: 2
2026-01-19T04:07:22.5040552Z [DEBUG] Received response (Length: 223)
2026-01-19T04:07:22.5041391Z     🤖 AI Next Step Suggestion: click -> Logout
2026-01-19T04:07:22.5042087Z     🧩 Suggested Locator: a[href="/logout"]
2026-01-19T04:07:22.5043596Z     💭 Reasoning: The goal is to test authentication and forms. We have successfully logged in. Now, we should test the logout functionality.
2026-01-19T04:07:22.5044761Z     ➕ Injected AI step: click -> Logout
2026-01-19T04:07:22.5045273Z   ▶️ [STEP step_5_ai_5] CLICK: Logout
2026-01-19T04:07:22.5192181Z     🎯 Using AI-provided locator: a[href="/logout"]
2026-01-19T04:07:22.5247984Z     ✅ Found 1 verified locators
2026-01-19T04:07:26.5704848Z     ✅ State transitioned.
2026-01-19T04:07:26.5763595Z     🔄 Revisited state detected (count: 2)
2026-01-19T04:07:27.8088779Z [DEBUG] Sending request to gemini-2.0-flash. Number of parts: 2
2026-01-19T04:07:27.8089550Z [DEBUG] Received response (Length: 181)
2026-01-19T04:07:27.8090444Z     🤖 AI Next Step Suggestion: click -> Login
2026-01-19T04:07:27.8091201Z     🧩 Suggested Locator: button
2026-01-19T04:07:27.8092511Z     💭 Reasoning: The form is complete, and the next logical step is to submit it by clicking the 'Login' button.
2026-01-19T04:07:27.8093999Z     ➕ Injected AI step: click -> Login
2026-01-19T04:07:27.8094538Z   ▶️ [STEP step_5_ai_6] CLICK: Login
2026-01-19T04:07:27.8146225Z     🎯 Using AI-provided locator: button
2026-01-19T04:07:27.8196933Z     ✅ Found 1 verified locators
2026-01-19T04:07:31.8685619Z     ✅ State transitioned.
2026-01-19T04:07:31.8745243Z     🔄 Revisited state detected (count: 3)
2026-01-19T04:07:31.8745989Z     ⚠️ Too many revisits (3). Stopping AI step injection to prevent loops.
2026-01-19T04:07:31.8746652Z   ▶️ [STEP step_6] CLICK: Login
2026-01-19T04:07:31.8884689Z     🔍 Mining locators for: 'Login'
2026-01-19T04:07:31.9469715Z     ✅ Found 2 verified locators
2026-01-19T04:07:35.5192649Z     ✅ State transitioned.
2026-01-19T04:07:35.5249897Z     🔄 Revisited state detected (count: 4)
2026-01-19T04:07:35.5250695Z     ⚠️ Too many revisits (4). Stopping AI step injection to prevent loops.
2026-01-19T04:07:35.5251489Z   ▶️ [STEP step_7] ASSERT_VISIBLE: Your username is invalid!
2026-01-19T04:07:35.5386897Z     🔍 Mining locators for: 'Your username is invalid!'
2026-01-19T04:07:35.5816412Z     🧠 Consulting AI (Vision-First) to find 'Your username is invalid!'...
2026-01-19T04:07:35.5817289Z     🔍 Trying smart selectors for 'Your username is invalid!'...
2026-01-19T04:07:35.6070142Z     ✅ Smart selector found 'Your username is invalid!' via fuzzy-token (confidence: 0.75)
2026-01-19T04:07:35.6111548Z     ✅ Found 1 verified locators
2026-01-19T04:07:38.6511828Z     ✅ State transitioned.
2026-01-19T04:07:40.0549114Z [DEBUG] Sending request to gemini-2.0-flash. Number of parts: 2
2026-01-19T04:07:40.0549651Z [DEBUG] Received response (Length: 283)
2026-01-19T04:07:40.0550480Z     🤖 AI Next Step Suggestion: fill -> Username
2026-01-19T04:07:40.0550851Z     🧩 Suggested Locator: #username
2026-01-19T04:07:40.0551697Z     💭 Reasoning: The page description indicates that the username should be 'tomsmith'. Filling the username field with this value is the next logical step to attempt a successful login.
2026-01-19T04:07:40.0552467Z     ➕ Injected AI step: fill -> Username
2026-01-19T04:07:40.0552773Z   ▶️ [STEP step_7_ai_1] FILL: Username
2026-01-19T04:07:40.0606009Z     🎯 Using AI-provided locator: #username
2026-01-19T04:07:40.0658489Z     ✅ Found 1 verified locators
2026-01-19T04:07:45.5944954Z     ✅ State transitioned.
2026-01-19T04:07:45.5987765Z     🔄 Revisited state detected (count: 1)
2026-01-19T04:07:46.9602369Z [DEBUG] Sending request to gemini-2.0-flash. Number of parts: 2
2026-01-19T04:07:46.9602894Z [DEBUG] Received response (Length: 274)
2026-01-19T04:07:46.9603553Z     🤖 AI Next Step Suggestion: fill -> Password
2026-01-19T04:07:46.9604019Z     🧩 Suggested Locator: #password
2026-01-19T04:07:46.9604873Z     💭 Reasoning: The username is already filled, and the error message indicates it's invalid. Filling the password with the correct value from the page description.
2026-01-19T04:07:46.9605604Z     ➕ Injected AI step: fill -> Password
2026-01-19T04:07:46.9605929Z   ▶️ [STEP step_7_ai_2] FILL: Password
2026-01-19T04:07:46.9655912Z     🎯 Using AI-provided locator: #password
2026-01-19T04:07:46.9710448Z     ✅ Found 1 verified locators
2026-01-19T04:07:53.5056403Z     ✅ State transitioned.
2026-01-19T04:07:53.5100866Z     🔄 Revisited state detected (count: 2)
2026-01-19T04:07:55.4468835Z [DEBUG] Sending request to gemini-2.0-flash. Number of parts: 2
2026-01-19T04:07:55.4469486Z [DEBUG] Received response (Length: 206)
2026-01-19T04:07:55.4470255Z     🤖 AI Next Step Suggestion: click -> Login
2026-01-19T04:07:55.4470695Z     🧩 Suggested Locator: button
2026-01-19T04:07:55.4471618Z     💭 Reasoning: The username and password fields are filled. The next logical step is to submit the form by clicking the 'Login' button.
2026-01-19T04:07:55.4472458Z     ➕ Injected AI step: click -> Login
2026-01-19T04:07:55.4472845Z   ▶️ [STEP step_7_ai_3] CLICK: Login
2026-01-19T04:07:55.4521428Z     🎯 Using AI-provided locator: button
2026-01-19T04:07:55.4575675Z     ✅ Found 1 verified locators
2026-01-19T04:07:59.5166962Z     ✅ State transitioned.
2026-01-19T04:07:59.5227433Z     🔄 Revisited state detected (count: 3)
2026-01-19T04:07:59.5228394Z     ⚠️ Too many revisits (3). Stopping AI step injection to prevent loops.
2026-01-19T04:08:01.5550698Z 
2026-01-19T04:08:01.5551592Z [3/4] Exploring Scenario: Forgot Password Flow
2026-01-19T04:08:01.5553234Z     🧠 Initialized exploration context for goal: 'Test authentication and forms'
2026-01-19T04:08:01.5558420Z   ▶️ [STEP step_1] NAVIGATE: 
2026-01-19T04:08:02.6946447Z     ✅ Navigated to https://the-internet.herokuapp.com/
2026-01-19T04:08:02.6947078Z   ▶️ [STEP step_2] CLICK: Forgot Password
2026-01-19T04:08:02.7117168Z     🔍 Mining locators for: 'Forgot Password'
2026-01-19T04:08:02.7689094Z     ✅ Found 2 verified locators
2026-01-19T04:08:06.3536127Z     ✅ State transitioned.
2026-01-19T04:08:07.8601786Z [DEBUG] Sending request to gemini-2.0-flash. Number of parts: 2
2026-01-19T04:08:07.8602475Z [DEBUG] Received response (Length: 183)
2026-01-19T04:08:07.8603311Z     🤖 AI Next Step Suggestion: fill -> E-mail
2026-01-19T04:08:07.8603991Z     🧩 Suggested Locator: #email
2026-01-19T04:08:07.8604790Z     💭 Reasoning: The form requires an email to be entered to retrieve the password.
2026-01-19T04:08:07.8605574Z     ➕ Injected AI step: fill -> E-mail
2026-01-19T04:08:07.8606091Z   ▶️ [STEP step_2_ai_1] FILL: E-mail
2026-01-19T04:08:07.8742179Z     🎯 Using AI-provided locator: #email
2026-01-19T04:08:07.8805231Z     ✅ Found 1 verified locators
2026-01-19T04:08:14.6714992Z     ✅ State transitioned.
2026-01-19T04:08:16.1859199Z [DEBUG] Sending request to gemini-2.0-flash. Number of parts: 2
2026-01-19T04:08:16.1859870Z [DEBUG] Received response (Length: 188)
2026-01-19T04:08:16.1860790Z     🤖 AI Next Step Suggestion: click -> Retrieve password
2026-01-19T04:08:16.1861439Z     🧩 Suggested Locator: #form_submit
2026-01-19T04:08:16.1862415Z     💭 Reasoning: Now that the email is filled, click the retrieve password button to submit the form.
2026-01-19T04:08:16.1863340Z     ➕ Injected AI step: click -> Retrieve password
2026-01-19T04:08:16.1863966Z   ▶️ [STEP step_2_ai_2] CLICK: Retrieve password
2026-01-19T04:08:16.1912953Z     🎯 Using AI-provided locator: #form_submit
2026-01-19T04:08:16.1968247Z     ✅ Found 1 verified locators
2026-01-19T04:08:20.2492786Z     ✅ State transitioned.
2026-01-19T04:08:21.7574641Z [DEBUG] Sending request to gemini-2.0-flash. Number of parts: 2
2026-01-19T04:08:21.7575208Z [DEBUG] Received response (Length: 271)
2026-01-19T04:08:21.7575751Z     🤖 AI Next Step Suggestion: done -> N/A
2026-01-19T04:08:21.7576883Z     💭 Reasoning: The page shows an internal server error, indicating a problem on the server-side. There are no interactive elements available to proceed with testing authentication and forms. It's unlikely the goal can be achieved from this page.
2026-01-19T04:08:21.7577883Z   ▶️ [STEP step_3] ASSERT_URL: 
2026-01-19T04:08:26.7794731Z     ⚠️ Scroll into view failed for text=None. Proceeding anyway.
2026-01-19T04:08:28.7816768Z     ✅ State transitioned.
2026-01-19T04:08:31.0375287Z [DEBUG] Sending request to gemini-2.0-flash. Number of parts: 2
2026-01-19T04:08:31.0375840Z [DEBUG] Received response (Length: 355)
2026-01-19T04:08:31.0376808Z     🤖 AI Next Step Suggestion: navigate -> https://the-internet.herokuapp.com/
2026-01-19T04:08:31.0379963Z     💭 Reasoning: The current page shows an internal server error, indicating a problem with the previous action. Navigating back to the main page allows us to start over and continue testing authentication and forms from a known good state.
2026-01-19T04:08:31.0382033Z     ➕ Injected AI step: navigate -> https://the-internet.herokuapp.com/
2026-01-19T04:08:31.0382987Z   ▶️ [STEP step_3_ai_1] NAVIGATE: https://the-internet.herokuapp.com/
2026-01-19T04:08:31.6185951Z     ✅ Navigated to https://the-internet.herokuapp.com/
2026-01-19T04:08:31.6186884Z   ▶️ [STEP step_4] FILL: email
2026-01-19T04:08:31.6339516Z     🔍 Mining locators for: 'email'
2026-01-19T04:08:31.6792139Z     🧠 Consulting AI (Vision-First) to find 'email'...
2026-01-19T04:08:31.6792892Z     🔍 Trying smart selectors for 'email'...
2026-01-19T04:08:31.7235559Z     ⚠️ Smart selectors failed (no unique match). Falling back to AI Vision...
2026-01-19T04:08:31.7237162Z     🧠 [EXPERT] Strategy: Act as Senior SDET focusing on exploring the application to understand functional flow and identifying critical paths for end-to-end automation.
2026-01-19T04:08:35.3289366Z [DEBUG] Sending request to gemini-2.0-flash. Number of parts: 2
2026-01-19T04:08:35.3290058Z [DEBUG] Received response (Length: 256)
2026-01-19T04:08:35.3291662Z     💡 Expert Suggestion: The 'Form Authentication' link is likely to contain email and password fields for authentication testing.
2026-01-19T04:08:35.3293477Z     🛠️ Executing corrective action: click -> 'Form Authentication'
2026-01-19T04:08:35.9464331Z     ✅ Executed corrective navigation
2026-01-19T04:08:37.9494249Z     🔄 Retry 1/3 mining locators for 'email'...
2026-01-19T04:08:38.9948893Z     🧠 Consulting AI (Vision-First) to find 'email'...
2026-01-19T04:08:38.9949624Z     🔍 Trying smart selectors for 'email'...
2026-01-19T04:08:39.0411308Z     ⚠️ Smart selectors failed (no unique match). Falling back to AI Vision...
2026-01-19T04:08:39.0412634Z     🧠 [EXPERT] Strategy: Act as Senior SDET focusing on exploring the application to understand functional flow and identifying critical paths for end-to-end automation.
2026-01-19T04:08:40.8947881Z [DEBUG] Sending request to gemini-2.0-flash. Number of parts: 2
2026-01-19T04:08:40.8948659Z [DEBUG] Received response (Length: 71)
2026-01-19T04:08:40.8949251Z     🔄 Retry 2/3 mining locators for 'email'...
2026-01-19T04:08:41.8959987Z     🗑️ Invalidating stale AI cache (retry 2)...
2026-01-19T04:08:41.8961655Z     ⚠️ Cache invalidation warning: No module named 'core.agents.domain_expert'
2026-01-19T04:08:41.9286523Z     🧠 Consulting AI (Vision-First) to find 'email'...
2026-01-19T04:08:41.9287238Z     🔍 Trying smart selectors for 'email'...
2026-01-19T04:08:41.9652320Z     ⚠️ Smart selectors failed (no unique match). Falling back to AI Vision...
2026-01-19T04:08:41.9653669Z     🧠 [EXPERT] Strategy: Act as Senior SDET focusing on exploring the application to understand functional flow and identifying critical paths for end-to-end automation.
2026-01-19T04:08:41.9657080Z [CACHE HIT] b0e32ef7... (hits: 17, misses: 43)
2026-01-19T04:08:41.9657759Z     🧠 Verifying step validity for 'email' after no candidates found...
2026-01-19T04:08:45.6175016Z [DEBUG] Sending request to gemini-2.0-flash. Number of parts: 2
2026-01-19T04:08:45.6175675Z [DEBUG] Received response (Length: 182)
2026-01-19T04:08:45.6177408Z     🗑️ Step deemed INVALID: The page has fields for 'Username' and 'Password', not 'email'. Therefore, trying to locate 'email' is not a valid step.. Removing from workflow.
2026-01-19T04:08:45.6179169Z     ⏭️ Skipping execution of invalid step: email
2026-01-19T04:08:45.6179849Z   ▶️ [STEP step_5] CLICK: Retrieve password
2026-01-19T04:08:45.6226982Z     🔍 Mining locators for: 'Retrieve password'
2026-01-19T04:08:45.6602361Z     🧠 Consulting AI (Vision-First) to find 'Retrieve password'...
2026-01-19T04:08:45.6603394Z     🔍 Trying smart selectors for 'Retrieve password'...
2026-01-19T04:08:45.6855228Z     ✅ Smart selector found 'Retrieve password' via fuzzy-token (confidence: 0.75)
2026-01-19T04:08:45.6898814Z     ✅ Found 1 verified locators
2026-01-19T04:08:49.7487451Z     ✅ State transitioned.
2026-01-19T04:08:53.0247161Z [DEBUG] Sending request to gemini-2.0-flash. Number of parts: 2
2026-01-19T04:08:53.0247833Z [DEBUG] Received response (Length: 204)
2026-01-19T04:08:53.0248885Z     🤖 AI Next Step Suggestion: fill -> Username
2026-01-19T04:08:53.0249535Z     🧩 Suggested Locator: #username
2026-01-19T04:08:53.0250623Z     💭 Reasoning: The page is a login page, and the instructions indicate to use 'tomsmith' as the username.
2026-01-19T04:08:53.0251686Z     ➕ Injected AI step: fill -> Username
2026-01-19T04:08:53.0252295Z   ▶️ [STEP step_5_ai_1] FILL: Username
2026-01-19T04:08:53.0301069Z     🎯 Using AI-provided locator: #username
2026-01-19T04:08:53.0363585Z     ✅ Found 1 verified locators
2026-01-19T04:08:58.6819638Z     ✅ State transitioned.
2026-01-19T04:09:00.2724857Z [DEBUG] Sending request to gemini-2.0-flash. Number of parts: 2
2026-01-19T04:09:00.2725568Z [DEBUG] Received response (Length: 212)
2026-01-19T04:09:00.2726377Z     🤖 AI Next Step Suggestion: fill -> Password
2026-01-19T04:09:00.2727334Z     🧩 Suggested Locator: #password
2026-01-19T04:09:00.2728523Z     💭 Reasoning: The username field is already filled. Now filling the password field to attempt login.
2026-01-19T04:09:00.2729435Z     ➕ Injected AI step: fill -> Password
2026-01-19T04:09:00.2729969Z   ▶️ [STEP step_5_ai_2] FILL: Password
2026-01-19T04:09:00.2783307Z     🎯 Using AI-provided locator: #password
2026-01-19T04:09:00.2840139Z     ✅ Found 1 verified locators
2026-01-19T04:09:07.1014290Z     ✅ State transitioned.
2026-01-19T04:09:08.7277780Z [DEBUG] Sending request to gemini-2.0-flash. Number of parts: 2
2026-01-19T04:09:08.7278664Z [DEBUG] Received response (Length: 214)
2026-01-19T04:09:08.7279443Z     🤖 AI Next Step Suggestion: click -> Login
2026-01-19T04:09:08.7280014Z     🧩 Suggested Locator: button
2026-01-19T04:09:08.7281260Z     💭 Reasoning: The username and password fields have been filled. Clicking the login button is the next logical step to attempt authentication.
2026-01-19T04:09:08.7282434Z     ➕ Injected AI step: click -> Login
2026-01-19T04:09:08.7282943Z   ▶️ [STEP step_5_ai_3] CLICK: Login
2026-01-19T04:09:08.7342186Z     🎯 Using AI-provided locator: button
2026-01-19T04:09:08.7397704Z     ✅ Found 1 verified locators
2026-01-19T04:09:12.7816641Z     ✅ State transitioned.
2026-01-19T04:10:15.4351985Z [DEBUG] Sending request to gemini-2.0-flash. Number of parts: 2
2026-01-19T04:10:15.4353845Z [DEBUG] LLM Error: 429 RESOURCE_EXHAUSTED. {'error': {'code': 429, 'message': 'Resource exhausted. Please try again later. Please refer to https://cloud.google.com/vertex-ai/generative-ai/docs/error-code-429 for more details.', 'status': 'RESOURCE_EXHAUSTED'}}
2026-01-19T04:10:15.4355785Z ⚠️ 429 Rate Limit Hit. Cooling down for 60s...
2026-01-19T04:10:15.4356398Z [DEBUG] Sending request to gemini-2.0-flash. Number of parts: 2
2026-01-19T04:10:15.4356983Z [DEBUG] Received response (Length: 222)
2026-01-19T04:10:15.4357508Z     🤖 AI Next Step Suggestion: click -> Logout
2026-01-19T04:10:15.4358004Z     🧩 Suggested Locator: a[href="/logout"]
2026-01-19T04:10:15.4359253Z     💭 Reasoning: The goal is to test authentication and forms. We have successfully logged in. Now we should test the logout functionality.
2026-01-19T04:10:15.4360190Z     ➕ Injected AI step: click -> Logout
2026-01-19T04:10:15.4360678Z   ▶️ [STEP step_5_ai_4] CLICK: Logout
2026-01-19T04:10:15.4505179Z     🎯 Using AI-provided locator: a[href="/logout"]
2026-01-19T04:10:15.4561819Z     ✅ Found 1 verified locators
2026-01-19T04:10:19.5141031Z     ✅ State transitioned.
2026-01-19T04:10:20.9025949Z [DEBUG] Sending request to gemini-2.0-flash. Number of parts: 2
2026-01-19T04:10:20.9026798Z [DEBUG] Received response (Length: 187)
2026-01-19T04:10:20.9027737Z     🤖 AI Next Step Suggestion: fill -> Username
2026-01-19T04:10:20.9028744Z     🧩 Suggested Locator: #username
2026-01-19T04:10:20.9029819Z     💭 Reasoning: The page description suggests using 'tomsmith' as the username for login.
2026-01-19T04:10:20.9030871Z     ➕ Injected AI step: fill -> Username
2026-01-19T04:10:20.9031616Z   ▶️ [STEP step_5_ai_5] FILL: Username
2026-01-19T04:10:20.9171865Z     🎯 Using AI-provided locator: #username
2026-01-19T04:10:20.9226149Z     ✅ Found 1 verified locators
2026-01-19T04:10:27.0369067Z     ✅ State transitioned.
2026-01-19T04:10:28.5130176Z [DEBUG] Sending request to gemini-2.0-flash. Number of parts: 2
2026-01-19T04:10:28.5130732Z [DEBUG] Received response (Length: 198)
2026-01-19T04:10:28.5131373Z     🤖 AI Next Step Suggestion: fill -> Password
2026-01-19T04:10:28.5131889Z     🧩 Suggested Locator: #password
2026-01-19T04:10:28.5132359Z     💭 Reasoning: The username has been filled, now filling the password to attempt login.
2026-01-19T04:10:28.5132827Z     ➕ Injected AI step: fill -> Password
2026-01-19T04:10:28.5133129Z   ▶️ [STEP step_5_ai_6] FILL: Password
2026-01-19T04:10:28.5188347Z     🎯 Using AI-provided locator: #password
2026-01-19T04:10:28.5242806Z     ✅ Found 1 verified locators
2026-01-19T04:10:35.8660472Z     ✅ State transitioned.
2026-01-19T04:10:37.4962484Z [DEBUG] Sending request to gemini-2.0-flash. Number of parts: 2
2026-01-19T04:10:37.4963173Z [DEBUG] Received response (Length: 214)
2026-01-19T04:10:37.4963999Z     🤖 AI Next Step Suggestion: click -> Login
2026-01-19T04:10:37.4964541Z     🧩 Suggested Locator: button
2026-01-19T04:10:37.4966098Z     💭 Reasoning: The username and password fields have been filled. Clicking the Login button is the next logical step to attempt authentication.
2026-01-19T04:10:37.4967305Z     ➕ Injected AI step: click -> Login
2026-01-19T04:10:37.4967838Z   ▶️ [STEP step_5_ai_7] CLICK: Login
2026-01-19T04:10:37.5021193Z     🎯 Using AI-provided locator: button
2026-01-19T04:10:37.5074864Z     ✅ Found 1 verified locators
2026-01-19T04:10:41.5612877Z     ✅ State transitioned.
2026-01-19T04:10:41.5674212Z     🔄 Revisited state detected (count: 1)
2026-01-19T04:10:43.0397304Z [DEBUG] Sending request to gemini-2.0-flash. Number of parts: 2
2026-01-19T04:10:43.0397981Z [DEBUG] Received response (Length: 259)
2026-01-19T04:10:43.0399000Z     🤖 AI Next Step Suggestion: click -> Logout
2026-01-19T04:10:43.0399400Z     🧩 Suggested Locator: a[href="/logout"]
2026-01-19T04:10:43.0400391Z     💭 Reasoning: The goal is to test authentication and forms. We have successfully logged in. Now, we should test the logout functionality to complete the authentication test.
2026-01-19T04:10:43.0401258Z     ➕ Injected AI step: click -> Logout
2026-01-19T04:10:43.0401622Z   ▶️ [STEP step_5_ai_8] CLICK: Logout
2026-01-19T04:10:43.0538389Z     🎯 Using AI-provided locator: a[href="/logout"]
2026-01-19T04:10:43.0596419Z     ✅ Found 1 verified locators
2026-01-19T04:10:47.1124623Z     ✅ State transitioned.
2026-01-19T04:10:47.1186645Z     🔄 Revisited state detected (count: 2)
2026-01-19T04:10:48.3803307Z [DEBUG] Sending request to gemini-2.0-flash. Number of parts: 2
2026-01-19T04:10:48.3803941Z [DEBUG] Received response (Length: 179)
2026-01-19T04:10:48.3804763Z     🤖 AI Next Step Suggestion: click -> Login
2026-01-19T04:10:48.3805354Z     🧩 Suggested Locator: button
2026-01-19T04:10:48.3806268Z     💭 Reasoning: The form is filled, and the next logical step is to submit it by clicking the 'Login' button.
2026-01-19T04:10:48.3807146Z     ➕ Injected AI step: click -> Login
2026-01-19T04:10:48.3807639Z   ▶️ [STEP step_5_ai_9] CLICK: Login
2026-01-19T04:10:48.3870677Z     🎯 Using AI-provided locator: button
2026-01-19T04:10:48.3922635Z     ✅ Found 1 verified locators
2026-01-19T04:10:52.4437765Z     ✅ State transitioned.
2026-01-19T04:10:53.6496890Z [DEBUG] Sending request to gemini-2.0-flash. Number of parts: 2
2026-01-19T04:10:53.6497531Z [DEBUG] Received response (Length: 179)
2026-01-19T04:10:53.6498498Z     🤖 AI Next Step Suggestion: fill -> Username
2026-01-19T04:10:53.6499052Z     🧩 Suggested Locator: #username
2026-01-19T04:10:53.6499783Z     💭 Reasoning: The page description indicates the username should be 'tomsmith'.
2026-01-19T04:10:53.6500527Z     ➕ Injected AI step: fill -> Username
2026-01-19T04:10:53.6500902Z   ▶️ [STEP step_5_ai_10] FILL: Username
2026-01-19T04:10:53.6641849Z     🎯 Using AI-provided locator: #username
2026-01-19T04:10:53.6698528Z     ✅ Found 1 verified locators
2026-01-19T04:10:59.7799487Z     ✅ State transitioned.
2026-01-19T04:11:01.1352467Z [DEBUG] Sending request to gemini-2.0-flash. Number of parts: 2
2026-01-19T04:11:01.1353236Z [DEBUG] Received response (Length: 230)
2026-01-19T04:11:01.1354037Z     🤖 AI Next Step Suggestion: fill -> Password
2026-01-19T04:11:01.1354774Z     🧩 Suggested Locator: #password
2026-01-19T04:11:01.1356097Z     💭 Reasoning: The username has been filled. Now filling the password field with the correct password to attempt login.
2026-01-19T04:11:01.1357380Z     ➕ Injected AI step: fill -> Password
2026-01-19T04:11:01.1358263Z   ▶️ [STEP step_5_ai_11] FILL: Password
2026-01-19T04:11:01.1416038Z     🎯 Using AI-provided locator: #password
2026-01-19T04:11:01.1471042Z     ✅ Found 1 verified locators
2026-01-19T04:11:09.1816732Z     ✅ State transitioned.
2026-01-19T04:11:13.5378433Z [DEBUG] Sending request to gemini-2.0-flash. Number of parts: 2
2026-01-19T04:11:13.5379228Z [DEBUG] Received response (Length: 214)
2026-01-19T04:11:13.5380069Z     🤖 AI Next Step Suggestion: click -> Login
2026-01-19T04:11:13.5380491Z     🧩 Suggested Locator: button
2026-01-19T04:11:13.5381469Z     💭 Reasoning: The username and password fields have been filled. Clicking the Login button is the next logical step to attempt authentication.
2026-01-19T04:11:13.5382146Z     ➕ Injected AI step: click -> Login
2026-01-19T04:11:13.5382463Z   ▶️ [STEP step_5_ai_12] CLICK: Login
2026-01-19T04:11:13.5437482Z     🎯 Using AI-provided locator: button
2026-01-19T04:11:13.5490623Z     ✅ Found 1 verified locators
2026-01-19T04:11:17.6087102Z     ✅ State transitioned.
2026-01-19T04:11:17.6156064Z     🔄 Revisited state detected (count: 1)
2026-01-19T04:11:18.9766042Z [DEBUG] Sending request to gemini-2.0-flash. Number of parts: 2
2026-01-19T04:11:18.9766939Z [DEBUG] Received response (Length: 223)
2026-01-19T04:11:18.9768287Z     🤖 AI Next Step Suggestion: click -> Logout
2026-01-19T04:11:18.9768912Z     🧩 Suggested Locator: a[href="/logout"]
2026-01-19T04:11:18.9770413Z     💭 Reasoning: The goal is to test authentication and forms. We have successfully logged in. Now, we should log out to complete the cycle.
2026-01-19T04:11:18.9771836Z     ➕ Injected AI step: click -> Logout
2026-01-19T04:11:18.9772493Z   ▶️ [STEP step_5_ai_13] CLICK: Logout
2026-01-19T04:11:18.9922193Z     🎯 Using AI-provided locator: a[href="/logout"]
2026-01-19T04:11:18.9984715Z     ✅ Found 1 verified locators
2026-01-19T04:11:23.0440423Z     ✅ State transitioned.
2026-01-19T04:11:23.0510917Z     🔄 Revisited state detected (count: 2)
2026-01-19T04:11:24.3251406Z [DEBUG] Sending request to gemini-2.0-flash. Number of parts: 2
2026-01-19T04:11:24.3252177Z [DEBUG] Received response (Length: 188)
2026-01-19T04:11:24.3252730Z     🤖 AI Next Step Suggestion: click -> Login
2026-01-19T04:11:24.3253052Z     🧩 Suggested Locator: button
2026-01-19T04:11:24.3253680Z     💭 Reasoning: The form is complete, so clicking the Login button is the next logical step to attempt authentication.
2026-01-19T04:11:24.3254227Z     ➕ Injected AI step: click -> Login
2026-01-19T04:11:24.3254541Z   ▶️ [STEP step_5_ai_14] CLICK: Login
2026-01-19T04:11:24.3318982Z     🎯 Using AI-provided locator: button
2026-01-19T04:11:24.3373896Z     ✅ Found 1 verified locators
2026-01-19T04:11:28.3949732Z     ✅ State transitioned.
2026-01-19T04:11:28.4017592Z     🔄 Revisited state detected (count: 3)
2026-01-19T04:11:28.4018556Z     ⚠️ Too many revisits (3). Stopping AI step injection to prevent loops.
2026-01-19T04:11:28.4019192Z   ▶️ [STEP step_6] ASSERT_VISIBLE: Your e-mail's been sent!
2026-01-19T04:11:28.4167580Z     🔍 Mining locators for: 'Your e-mail's been sent!'
2026-01-19T04:11:28.4563903Z     🧠 Consulting AI (Vision-First) to find 'Your e-mail's been sent!'...
2026-01-19T04:11:28.4564824Z     🔍 Trying smart selectors for 'Your e-mail's been sent!'...
2026-01-19T04:11:28.4671075Z     ⚠️ Smart selector error: Locator.count: Unexpected token "" while parsing css selector "[aria-label*='Your e-mail's been sent!' i]". Did you mean to CSS.escape it?. Falling back to AI Vision...
2026-01-19T04:11:28.4673492Z     🧠 [EXPERT] Strategy: Act as Senior SDET focusing on exploring the application to understand functional flow and identifying critical paths for end-to-end automation.
2026-01-19T04:11:30.7810147Z [DEBUG] Sending request to gemini-2.0-flash. Number of parts: 2
2026-01-19T04:11:30.7810832Z [DEBUG] Received response (Length: 252)
2026-01-19T04:11:30.7811603Z     ⚠️ Skipping duplicate injection: Login
2026-01-19T04:11:30.7812242Z     🔄 Retry 1/3 mining locators for 'Your e-mail's been sent!'...
2026-01-19T04:11:31.8223485Z     🧠 Consulting AI (Vision-First) to find 'Your e-mail's been sent!'...
2026-01-19T04:11:31.8224420Z     🔍 Trying smart selectors for 'Your e-mail's been sent!'...
2026-01-19T04:11:31.8309508Z     ⚠️ Smart selector error: Locator.count: Unexpected token "" while parsing css selector "[aria-label*='Your e-mail's been sent!' i]". Did you mean to CSS.escape it?. Falling back to AI Vision...
2026-01-19T04:11:31.8311374Z     🧠 [EXPERT] Strategy: Act as Senior SDET focusing on exploring the application to understand functional flow and identifying critical paths for end-to-end automation.
2026-01-19T04:11:31.8314389Z [CACHE HIT] 5a50817c... (hits: 18, misses: 60)
2026-01-19T04:11:31.8315135Z     ⚠️ Skipping duplicate injection: Login
2026-01-19T04:11:31.8315597Z     🔄 Retry 2/3 mining locators for 'Your e-mail's been sent!'...
2026-01-19T04:11:32.8329770Z     🗑️ Invalidating stale AI cache (retry 2)...
2026-01-19T04:11:32.8330917Z     ⚠️ Cache invalidation warning: No module named 'core.agents.domain_expert'
2026-01-19T04:11:32.8727279Z     🧠 Consulting AI (Vision-First) to find 'Your e-mail's been sent!'...
2026-01-19T04:11:32.8728422Z     🔍 Trying smart selectors for 'Your e-mail's been sent!'...
2026-01-19T04:11:32.8813344Z     ⚠️ Smart selector error: Locator.count: Unexpected token "" while parsing css selector "[aria-label*='Your e-mail's been sent!' i]". Did you mean to CSS.escape it?. Falling back to AI Vision...
2026-01-19T04:11:32.8815710Z     🧠 [EXPERT] Strategy: Act as Senior SDET focusing on exploring the application to understand functional flow and identifying critical paths for end-to-end automation.
2026-01-19T04:11:32.8818644Z [CACHE HIT] 5a50817c... (hits: 19, misses: 60)
2026-01-19T04:11:32.8819199Z     ⚠️ Skipping duplicate injection: Login
2026-01-19T04:11:32.8820043Z     🧠 Verifying step validity for 'Your e-mail's been sent!' after no candidates found...
2026-01-19T04:11:34.7218545Z [DEBUG] Sending request to gemini-2.0-flash. Number of parts: 2
2026-01-19T04:11:34.7219036Z [DEBUG] Received response (Length: 208)
2026-01-19T04:11:34.7220166Z     🗑️ Step deemed INVALID: The message "Your e-mail's been sent!" is not present on the login page. The current page shows an error message: "Your username is invalid!".. Removing from workflow.
2026-01-19T04:11:34.7221092Z     ⏭️ Skipping execution of invalid step: Your e-mail's been sent!
2026-01-19T04:11:36.7546876Z 
2026-01-19T04:11:36.7547762Z [4/4] Exploring Scenario: Checkboxes Functionality
2026-01-19T04:11:36.7550289Z     🧠 Initialized exploration context for goal: 'Test authentication and forms'
2026-01-19T04:11:36.7551143Z   ▶️ [STEP step_1] NAVIGATE: 
2026-01-19T04:11:37.9264602Z     ✅ Navigated to https://the-internet.herokuapp.com/
2026-01-19T04:11:37.9265670Z   ▶️ [STEP step_2] CLICK: Checkboxes
2026-01-19T04:11:37.9428302Z     🔍 Mining locators for: 'Checkboxes'
2026-01-19T04:11:38.0036879Z     ✅ Found 2 verified locators
2026-01-19T04:11:41.5797383Z     ✅ State transitioned.
2026-01-19T04:11:43.2340737Z [DEBUG] Sending request to gemini-2.0-flash. Number of parts: 2
2026-01-19T04:11:43.2341338Z [DEBUG] Received response (Length: 220)
2026-01-19T04:11:43.2342085Z     🤖 AI Next Step Suggestion: click -> input
2026-01-19T04:11:43.2342686Z     🧩 Suggested Locator: input[type='checkbox']:nth-child(1)
2026-01-19T04:11:43.2343409Z     💭 Reasoning: Clicking the first checkbox to toggle its state. This is part of testing the functionality of checkboxes.
2026-01-19T04:11:43.2343972Z     ➕ Injected AI step: click -> input
2026-01-19T04:11:43.2344276Z   ▶️ [STEP step_2_ai_1] CLICK: input
2026-01-19T04:11:43.2483476Z     🎯 Using AI-provided locator: input[type='checkbox']:nth-child(1)
2026-01-19T04:11:43.2546349Z     ✅ Found 1 verified locators
2026-01-19T04:11:47.3106586Z     ✅ State transitioned.
2026-01-19T04:11:48.8994337Z [DEBUG] Sending request to gemini-2.0-flash. Number of parts: 2
2026-01-19T04:11:48.8994960Z [DEBUG] Received response (Length: 178)
2026-01-19T04:11:48.8995651Z     🤖 AI Next Step Suggestion: click -> input
2026-01-19T04:11:48.8995993Z     🧩 Suggested Locator: input
2026-01-19T04:11:48.8996480Z     💭 Reasoning: Clicking the input again to uncheck the checkbox and test the functionality.
2026-01-19T04:11:48.8997091Z ⚠️ Loop detected: same AI suggestion repeated 2 times. Moving to next step.
2026-01-19T04:11:48.8997794Z   ▶️ [STEP step_3] ASSERT_URL: 
2026-01-19T04:11:53.9147330Z     ⚠️ Scroll into view failed for text=None. Proceeding anyway.
2026-01-19T04:11:55.9169935Z     ✅ State transitioned.
2026-01-19T04:11:55.9213643Z     🔄 Revisited state detected (count: 1)
2026-01-19T04:11:57.1197058Z [DEBUG] Sending request to gemini-2.0-flash. Number of parts: 2
2026-01-19T04:11:57.1197783Z [DEBUG] Received response (Length: 182)
2026-01-19T04:11:57.1198775Z     🤖 AI Next Step Suggestion: click -> input
2026-01-19T04:11:57.1199436Z     🧩 Suggested Locator: input
2026-01-19T04:11:57.1200502Z     💭 Reasoning: Clicking the input will toggle the checkbox. The goal is to test the checkboxes.
2026-01-19T04:11:57.1201589Z     ➕ Injected AI step: click -> input
2026-01-19T04:11:57.1202227Z   ▶️ [STEP step_3_ai_1] CLICK: input
2026-01-19T04:11:57.1254724Z     🎯 Using AI-provided locator: input
2026-01-19T04:11:57.1306033Z     ✅ Found 1 verified locators
2026-01-19T04:12:01.1739786Z     ✅ State transitioned.
2026-01-19T04:12:02.9122076Z [DEBUG] Sending request to gemini-2.0-flash. Number of parts: 2
2026-01-19T04:12:02.9122690Z [DEBUG] Received response (Length: 299)
2026-01-19T04:12:02.9123478Z     🤖 AI Next Step Suggestion: click -> input
2026-01-19T04:12:02.9124264Z     🧩 Suggested Locator: input[type="checkbox"]:nth-child(1)
2026-01-19T04:12:02.9126377Z     💭 Reasoning: The goal is to test authentication and forms. The current page has checkboxes. The first checkbox has not been clicked yet. Clicking it will test the functionality of the checkboxes.
2026-01-19T04:12:02.9128597Z ⚠️ Loop detected: same AI suggestion repeated 2 times. Moving to next step.
2026-01-19T04:12:02.9129484Z   ▶️ [STEP step_4] UNCHECK: checkbox 1
2026-01-19T04:12:02.9177842Z     🔍 Mining locators for: 'checkbox 1'
2026-01-19T04:12:02.9508538Z     🧠 Consulting AI (Vision-First) to find 'checkbox 1'...
2026-01-19T04:12:02.9509162Z     🔍 Trying smart selectors for 'checkbox 1'...
2026-01-19T04:12:02.9981531Z     ⚠️ Smart selectors failed (no unique match). Falling back to AI Vision...
2026-01-19T04:12:02.9983203Z     🧠 [EXPERT] Strategy: Act as Senior SDET focusing on exploring the application to understand functional flow and identifying critical paths for end-to-end automation.
2026-01-19T04:12:08.1643348Z [DEBUG] Sending request to gemini-2.0-flash. Number of parts: 2
2026-01-19T04:12:08.1643765Z [DEBUG] Received response (Length: 530)
2026-01-19T04:12:08.1644291Z     ⚠️ Critical step failure: 'priority'
2026-01-19T04:12:08.1644625Z   ▶️ [STEP step_5] CHECK: checkbox 2
2026-01-19T04:12:08.1688560Z     🔍 Mining locators for: 'checkbox 2'
2026-01-19T04:12:08.2017765Z     🧠 Consulting AI (Vision-First) to find 'checkbox 2'...
2026-01-19T04:12:08.2018426Z     🔍 Trying smart selectors for 'checkbox 2'...
2026-01-19T04:12:08.2487702Z     ⚠️ Smart selectors failed (no unique match). Falling back to AI Vision...
2026-01-19T04:12:08.2489581Z     🧠 [EXPERT] Strategy: Act as Senior SDET focusing on exploring the application to understand functional flow and identifying critical paths for end-to-end automation.
2026-01-19T04:12:13.2093942Z [DEBUG] Sending request to gemini-2.0-flash. Number of parts: 2
2026-01-19T04:12:13.2094629Z [DEBUG] Received response (Length: 540)
2026-01-19T04:12:13.2095456Z     ⚠️ Critical step failure: 'priority'
2026-01-19T04:12:13.2096037Z   ▶️ [STEP step_6] ASSERT_VISIBLE: checkbox 1
2026-01-19T04:12:13.2142858Z     🔍 Mining locators for: 'checkbox 1'
2026-01-19T04:12:13.2521858Z     🧠 Consulting AI (Vision-First) to find 'checkbox 1'...
2026-01-19T04:12:13.2522658Z     🔍 Trying smart selectors for 'checkbox 1'...
2026-01-19T04:12:13.3004538Z     ⚠️ Smart selectors failed (no unique match). Falling back to AI Vision...
2026-01-19T04:12:13.3005957Z     🧠 [EXPERT] Strategy: Act as Senior SDET focusing on exploring the application to understand functional flow and identifying critical paths for end-to-end automation.
2026-01-19T04:12:13.3101526Z [CACHE HIT] 8e640943... (hits: 20, misses: 67)
2026-01-19T04:12:13.3102400Z     ⚠️ Critical step failure: 'priority'
2026-01-19T04:12:13.3102763Z   ▶️ [STEP step_7] ASSERT_VISIBLE: checkbox 2
2026-01-19T04:12:13.3148002Z     🔍 Mining locators for: 'checkbox 2'
2026-01-19T04:12:13.3511100Z     🧠 Consulting AI (Vision-First) to find 'checkbox 2'...
2026-01-19T04:12:13.3511923Z     🔍 Trying smart selectors for 'checkbox 2'...
2026-01-19T04:12:13.3987237Z     ⚠️ Smart selectors failed (no unique match). Falling back to AI Vision...
2026-01-19T04:12:13.3989124Z     🧠 [EXPERT] Strategy: Act as Senior SDET focusing on exploring the application to understand functional flow and identifying critical paths for end-to-end automation.
2026-01-19T04:12:13.4084169Z [CACHE HIT] 01bdd485... (hits: 21, misses: 67)
2026-01-19T04:12:13.4084689Z     ⚠️ Critical step failure: 'priority'
2026-01-19T04:12:15.4467335Z 🗂️  All generated tests written to /home/runner/work/build_qa_automation/build_qa_automation/projects/ci_the_internet_forms/tests/generated_scenarios.json
2026-01-19T04:12:15.4489892Z 🔄 Updated workflow.json with discovered steps and locators.
2026-01-19T04:12:15.4490306Z 
2026-01-19T04:12:15.4490558Z ✅ Deep Exploration Complete.
2026-01-19T04:16:31.8380371Z 
2026-01-19T04:16:31.8381149Z 🚀 [EXECUTE] Starting Automation Execution Engine
2026-01-19T04:16:31.8381829Z 📍 Project: ci_the_internet_forms
2026-01-19T04:16:31.8382125Z 🎬 Mode: Headless
2026-01-19T04:16:31.8382256Z 
2026-01-19T04:16:31.8382384Z --- Scenario: Successful Login and Logout ---
2026-01-19T04:16:31.8382784Z   ▶️ [STEP step_1] NAVIGATE: Step step_1
2026-01-19T04:16:31.8383103Z     ✅ Step step_1 Passed.
2026-01-19T04:16:31.8383405Z   ▶️ [STEP step_2] CLICK: Form Authentication
2026-01-19T04:16:31.8383833Z     🎯 Using mined locator: role=link[name='Form Authentication']
2026-01-19T04:16:31.8384222Z     ✅ Step step_2 Passed.
2026-01-19T04:16:31.8384499Z   ▶️ [STEP step_2_ai_1] FILL: Username
2026-01-19T04:16:31.8384809Z     🎯 Using mined locator: #username
2026-01-19T04:16:31.8385122Z     ✅ Step step_2_ai_1 Passed.
2026-01-19T04:16:31.8385416Z   ▶️ [STEP step_2_ai_2] FILL: Password
2026-01-19T04:16:31.8385725Z     🎯 Using mined locator: #password
2026-01-19T04:16:31.8386015Z     ✅ Step step_2_ai_2 Passed.
2026-01-19T04:16:31.8386299Z   ▶️ [STEP step_2_ai_3] CLICK: Login
2026-01-19T04:16:31.8386609Z     🎯 Using mined locator: button
2026-01-19T04:16:31.8386897Z     ✅ Step step_2_ai_3 Passed.
2026-01-19T04:16:31.8387173Z   ▶️ [STEP step_2_ai_4] CLICK: Logout
2026-01-19T04:16:31.8387494Z     🎯 Using mined locator: a[href="/logout"]
2026-01-19T04:16:31.8387814Z     ✅ Step step_2_ai_4 Passed.
2026-01-19T04:16:31.8388382Z   ▶️ [STEP step_2_ai_5] FILL: Username
2026-01-19T04:16:31.8388760Z     🎯 Using mined locator: #username
2026-01-19T04:16:31.8389059Z     ✅ Step step_2_ai_5 Passed.
2026-01-19T04:16:31.8389338Z   ▶️ [STEP step_2_ai_6] FILL: Password
2026-01-19T04:16:31.8389649Z     🎯 Using mined locator: #password
2026-01-19T04:16:31.8389948Z     ✅ Step step_2_ai_6 Passed.
2026-01-19T04:16:31.8390250Z   ▶️ [STEP step_2_ai_7] CLICK: Login
2026-01-19T04:16:31.8390544Z     🎯 Using mined locator: button
2026-01-19T04:16:31.8390832Z     ✅ Step step_2_ai_7 Passed.
2026-01-19T04:16:31.8391109Z   ▶️ [STEP step_2_ai_8] CLICK: Logout
2026-01-19T04:16:31.8391397Z     🎯 Using mined locator: a[href="/logout"]
2026-01-19T04:16:31.8391954Z     ✅ Step step_2_ai_8 Passed.
2026-01-19T04:16:31.8392223Z   ▶️ [STEP step_2_ai_9] CLICK: Login
2026-01-19T04:16:31.8392492Z     🎯 Using mined locator: button
2026-01-19T04:16:31.8392853Z     ✅ Step step_2_ai_9 Passed.
2026-01-19T04:16:31.8393337Z   ▶️ [STEP step_2_ai_10] FILL: Username
2026-01-19T04:16:31.8393845Z     🎯 Using mined locator: #username
2026-01-19T04:16:31.8394347Z     ✅ Step step_2_ai_10 Passed.
2026-01-19T04:16:31.8394832Z   ▶️ [STEP step_2_ai_11] FILL: Password
2026-01-19T04:16:31.8395383Z     🎯 Using mined locator: #password
2026-01-19T04:16:31.8395889Z     ✅ Step step_2_ai_11 Passed.
2026-01-19T04:16:31.8396358Z   ▶️ [STEP step_2_ai_12] CLICK: Login
2026-01-19T04:16:31.8397041Z     🎯 Using mined locator: text='Login'
2026-01-19T04:16:31.8397330Z     ✅ Step step_2_ai_12 Passed.
2026-01-19T04:16:31.8397594Z   ▶️ [STEP step_2_ai_13] CLICK: Logout
2026-01-19T04:16:31.8398282Z     🎯 Using mined locator: a[href="/logout"]
2026-01-19T04:16:31.8398847Z     ✅ Step step_2_ai_13 Passed.
2026-01-19T04:16:31.8399150Z   ▶️ [STEP step_2_ai_14] CLICK: Login
2026-01-19T04:16:31.8399423Z     🎯 Using mined locator: button
2026-01-19T04:16:31.8399685Z     ✅ Step step_2_ai_14 Passed.
2026-01-19T04:16:31.8400182Z   ▶️ [STEP step_3] ASSERT_URL: Step step_3
2026-01-19T04:16:31.8400665Z     ✅ Step step_3 Passed.
2026-01-19T04:16:31.8401180Z   ▶️ [STEP step_4] FILL: username
2026-01-19T04:16:31.8401806Z     🎯 Using mined locator: role=textbox[name='Username']
2026-01-19T04:16:31.8402349Z     ✅ Step step_4 Passed.
2026-01-19T04:16:31.8402605Z   ▶️ [STEP step_5] FILL: password
2026-01-19T04:16:31.8402925Z     🎯 Using mined locator: role=textbox[name='Password']
2026-01-19T04:16:31.8403264Z     ✅ Step step_5 Passed.
2026-01-19T04:16:31.8403503Z   ▶️ [STEP step_6] CLICK: Login
2026-01-19T04:16:31.8403771Z     🎯 Using mined locator: text='Login'
2026-01-19T04:16:31.8404036Z     ✅ Step step_6 Passed.
2026-01-19T04:16:31.8404355Z   ▶️ [STEP step_7] ASSERT_VISIBLE: You logged into a secure area!
2026-01-19T04:16:31.8404713Z     🎯 Using mined locator: #flash
2026-01-19T04:16:31.8404968Z     ✅ Step step_7 Passed.
2026-01-19T04:16:31.8405286Z   ▶️ [STEP step_7_ai_1] CLICK: Logout
2026-01-19T04:16:31.8405616Z     🎯 Using mined locator: a[href="/logout"]
2026-01-19T04:16:31.8405909Z     ✅ Step step_7_ai_1 Passed.
2026-01-19T04:16:31.8406172Z   ▶️ [STEP step_7_ai_2] FILL: Username
2026-01-19T04:16:31.8406450Z     🎯 Using mined locator: #username
2026-01-19T04:16:31.8406709Z     ✅ Step step_7_ai_2 Passed.
2026-01-19T04:16:31.8406967Z   ▶️ [STEP step_7_ai_3] FILL: Password
2026-01-19T04:16:31.8407260Z     🎯 Using mined locator: #password
2026-01-19T04:16:31.8407526Z     ✅ Step step_7_ai_3 Passed.
2026-01-19T04:16:31.8407808Z   ▶️ [STEP step_9] ASSERT_URL: Step step_9
2026-01-19T04:16:31.8408312Z     ✅ Step step_9 Passed.
2026-01-19T04:16:31.8408665Z   ▶️ [STEP step_10] ASSERT_VISIBLE: You logged out of the secure area!
2026-01-19T04:16:31.8409021Z     ✅ Step step_10 Passed.
2026-01-19T04:16:31.8409376Z ✅ Scenario 'Successful Login and Logout' completed successfully!
2026-01-19T04:16:31.8409631Z 
2026-01-19T04:16:31.8409734Z --- Scenario: Failed Login Attempt ---
2026-01-19T04:16:31.8411989Z   ▶️ [STEP step_1] NAVIGATE: Step step_1
2026-01-19T04:16:31.8412307Z     ✅ Step step_1 Passed.
2026-01-19T04:16:31.8412718Z   ▶️ [STEP step_2] CLICK: Form Authentication
2026-01-19T04:16:31.8413418Z     🎯 Using mined locator: role=link[name='Form Authentication']
2026-01-19T04:16:31.8414028Z     ✅ Step step_2 Passed.
2026-01-19T04:16:31.8414479Z   ▶️ [STEP step_2_ai_1] FILL: Username
2026-01-19T04:16:31.8414946Z     🎯 Using mined locator: #username
2026-01-19T04:16:31.8415443Z     ✅ Step step_2_ai_1 Passed.
2026-01-19T04:16:31.8415748Z   ▶️ [STEP step_2_ai_2] FILL: Password
2026-01-19T04:16:31.8416032Z     🎯 Using mined locator: #password
2026-01-19T04:16:31.8416328Z     ✅ Step step_2_ai_2 Passed.
2026-01-19T04:16:31.8416589Z   ▶️ [STEP step_2_ai_3] CLICK: Login
2026-01-19T04:16:31.8416861Z     🎯 Using mined locator: button
2026-01-19T04:16:31.8417307Z     ✅ Step step_2_ai_3 Passed.
2026-01-19T04:16:31.8417581Z   ▶️ [STEP step_2_ai_4] CLICK: Logout
2026-01-19T04:16:31.8418015Z     🎯 Using mined locator: a[href="/logout"]
2026-01-19T04:16:31.8418811Z     ✅ Step step_2_ai_4 Passed.
2026-01-19T04:16:31.8419192Z   ▶️ [STEP step_2_ai_5] FILL: Username
2026-01-19T04:16:31.8419474Z     🎯 Using mined locator: #username
2026-01-19T04:16:31.8419738Z     ✅ Step step_2_ai_5 Passed.
2026-01-19T04:16:31.8419994Z   ▶️ [STEP step_2_ai_6] FILL: Password
2026-01-19T04:16:31.8420264Z     🎯 Using mined locator: #password
2026-01-19T04:16:31.8420528Z     ✅ Step step_2_ai_6 Passed.
2026-01-19T04:16:31.8420777Z   ▶️ [STEP step_2_ai_7] CLICK: Login
2026-01-19T04:16:31.8421235Z     🎯 Using mined locator: button
2026-01-19T04:16:31.8421491Z     ✅ Step step_2_ai_7 Passed.
2026-01-19T04:16:31.8421741Z   ▶️ [STEP step_2_ai_8] CLICK: Logout
2026-01-19T04:16:31.8422031Z     🎯 Using mined locator: a[href="/logout"]
2026-01-19T04:16:31.8422325Z     ✅ Step step_2_ai_8 Passed.
2026-01-19T04:16:31.8422691Z   ▶️ [STEP step_2_ai_9] CLICK: Login
2026-01-19T04:16:31.8423139Z     🎯 Using mined locator: button
2026-01-19T04:16:31.8423478Z     ✅ Step step_2_ai_9 Passed.
2026-01-19T04:16:31.8423736Z   ▶️ [STEP step_2_ai_10] FILL: Username
2026-01-19T04:16:31.8424237Z     🎯 Using mined locator: #username
2026-01-19T04:16:31.8424688Z     ✅ Step step_2_ai_10 Passed.
2026-01-19T04:16:31.8424962Z   ▶️ [STEP step_2_ai_11] FILL: Password
2026-01-19T04:16:31.8425243Z     🎯 Using mined locator: #password
2026-01-19T04:16:31.8425501Z     ✅ Step step_2_ai_11 Passed.
2026-01-19T04:16:31.8425761Z   ▶️ [STEP step_2_ai_12] CLICK: Login
2026-01-19T04:16:31.8426055Z     🎯 Using mined locator: text='Login'
2026-01-19T04:16:31.8426334Z     ✅ Step step_2_ai_12 Passed.
2026-01-19T04:16:31.8426584Z   ▶️ [STEP step_2_ai_13] CLICK: Logout
2026-01-19T04:16:31.8426873Z     🎯 Using mined locator: a[href="/logout"]
2026-01-19T04:16:31.8427152Z     ✅ Step step_2_ai_13 Passed.
2026-01-19T04:16:31.8427413Z   ▶️ [STEP step_2_ai_14] CLICK: Login
2026-01-19T04:16:31.8427690Z     🎯 Using mined locator: button
2026-01-19T04:16:31.8427955Z     ✅ Step step_2_ai_14 Passed.
2026-01-19T04:16:31.8428505Z   ▶️ [STEP step_3] ASSERT_URL: Step step_3
2026-01-19T04:16:31.8428796Z     ✅ Step step_3 Passed.
2026-01-19T04:16:31.8429047Z   ▶️ [STEP step_4] FILL: username
2026-01-19T04:16:31.8429365Z     🎯 Using mined locator: role=textbox[name='Username']
2026-01-19T04:16:31.8429685Z     ✅ Step step_4 Passed.
2026-01-19T04:16:31.8429935Z   ▶️ [STEP step_4_ai_1] FILL: Password
2026-01-19T04:16:31.8430219Z     🎯 Using mined locator: #password
2026-01-19T04:16:31.8430486Z     ✅ Step step_4_ai_1 Passed.
2026-01-19T04:16:31.8430758Z   ▶️ [STEP step_4_ai_2] CLICK: Login
2026-01-19T04:16:31.8431033Z     🎯 Using mined locator: button
2026-01-19T04:16:31.8431297Z     ✅ Step step_4_ai_2 Passed.
2026-01-19T04:16:31.8431550Z   ▶️ [STEP step_4_ai_3] FILL: Username
2026-01-19T04:16:31.8431837Z     🎯 Using mined locator: #username
2026-01-19T04:16:31.8432105Z     ✅ Step step_4_ai_3 Passed.
2026-01-19T04:16:31.8432363Z   ▶️ [STEP step_4_ai_4] FILL: Password
2026-01-19T04:16:31.8432638Z     🎯 Using mined locator: #password
2026-01-19T04:16:31.8432902Z     ✅ Step step_4_ai_4 Passed.
2026-01-19T04:16:31.8433155Z   ▶️ [STEP step_5] FILL: password
2026-01-19T04:16:31.8433525Z     🎯 Using mined locator: role=textbox[name='Password']
2026-01-19T04:16:31.8434054Z     ✅ Step step_5 Passed.
2026-01-19T04:16:31.8434511Z   ▶️ [STEP step_5_ai_1] CLICK: Login
2026-01-19T04:16:31.8435068Z     🎯 Using mined locator: button
2026-01-19T04:16:31.8435371Z     ✅ Step step_5_ai_1 Passed.
2026-01-19T04:16:31.8435626Z   ▶️ [STEP step_5_ai_2] FILL: Username
2026-01-19T04:16:31.8435924Z     🎯 Using mined locator: #username
2026-01-19T04:16:31.8436190Z     ✅ Step step_5_ai_2 Passed.
2026-01-19T04:16:31.8436448Z   ▶️ [STEP step_5_ai_3] FILL: Password
2026-01-19T04:16:31.8436719Z     🎯 Using mined locator: #password
2026-01-19T04:16:31.8437156Z     ✅ Step step_5_ai_3 Passed.
2026-01-19T04:16:31.8437425Z   ▶️ [STEP step_5_ai_4] CLICK: Login
2026-01-19T04:16:31.8437700Z     🎯 Using mined locator: button
2026-01-19T04:16:31.8437953Z     ✅ Step step_5_ai_4 Passed.
2026-01-19T04:16:31.8438473Z   ▶️ [STEP step_5_ai_5] CLICK: Logout
2026-01-19T04:16:31.8438778Z     🎯 Using mined locator: a[href="/logout"]
2026-01-19T04:16:31.8439070Z     ✅ Step step_5_ai_5 Passed.
2026-01-19T04:16:31.8439315Z   ▶️ [STEP step_5_ai_6] CLICK: Login
2026-01-19T04:16:31.8439583Z     🎯 Using mined locator: button
2026-01-19T04:16:31.8439838Z     ✅ Step step_5_ai_6 Passed.
2026-01-19T04:16:31.8440084Z   ▶️ [STEP step_6] CLICK: Login
2026-01-19T04:16:31.8440347Z     🎯 Using mined locator: text='Login'
2026-01-19T04:16:31.8440784Z     ✅ Step step_6 Passed.
2026-01-19T04:16:31.8441103Z   ▶️ [STEP step_7] ASSERT_VISIBLE: Your username is invalid!
2026-01-19T04:16:31.8441668Z     🎯 Using mined locator: input[name*='username' i], input[id*='username' i], input[class*='username' i]
2026-01-19T04:16:31.8442142Z     ✅ Step step_7 Passed.
2026-01-19T04:16:31.8442393Z   ▶️ [STEP step_7_ai_1] FILL: Username
2026-01-19T04:16:31.8442679Z     🎯 Using mined locator: #username
2026-01-19T04:16:31.8442949Z     ✅ Step step_7_ai_1 Passed.
2026-01-19T04:16:31.8443211Z   ▶️ [STEP step_7_ai_2] FILL: Password
2026-01-19T04:16:31.8443484Z     🎯 Using mined locator: #password
2026-01-19T04:16:31.8443751Z     ✅ Step step_7_ai_2 Passed.
2026-01-19T04:16:31.8444005Z   ▶️ [STEP step_7_ai_3] CLICK: Login
2026-01-19T04:16:31.8444274Z     🎯 Using mined locator: button
2026-01-19T04:16:31.8444527Z     ✅ Step step_7_ai_3 Passed.
2026-01-19T04:16:31.8444904Z ✅ Scenario 'Failed Login Attempt' completed successfully!
2026-01-19T04:16:31.8445291Z 
2026-01-19T04:16:31.8445447Z --- Scenario: Forgot Password Flow ---
2026-01-19T04:16:31.8445945Z   ▶️ [STEP step_1] NAVIGATE: Step step_1
2026-01-19T04:16:31.8446223Z     ✅ Step step_1 Passed.
2026-01-19T04:16:31.8446485Z   ▶️ [STEP step_2] CLICK: Forgot Password
2026-01-19T04:16:31.8446857Z     🎯 Using mined locator: role=link[name='Forgot Password']
2026-01-19T04:16:31.8447199Z     ✅ Step step_2 Passed.
2026-01-19T04:16:31.8447440Z   ▶️ [STEP step_2_ai_1] FILL: E-mail
2026-01-19T04:16:31.8447716Z     🎯 Using mined locator: #email
2026-01-19T04:16:31.8448188Z     ✅ Step step_2_ai_1 Passed.
2026-01-19T04:16:31.8448672Z   ▶️ [STEP step_2_ai_2] CLICK: Retrieve password
2026-01-19T04:16:31.8449159Z     🎯 Using mined locator: #form_submit
2026-01-19T04:16:31.8449654Z     ✅ Step step_2_ai_2 Passed.
2026-01-19T04:16:31.8450044Z   ▶️ [STEP step_3] ASSERT_URL: Step step_3
2026-01-19T04:16:31.8450318Z     ✅ Step step_3 Passed.
2026-01-19T04:16:31.8450678Z   ▶️ [STEP step_3_ai_1] NAVIGATE: https://the-internet.herokuapp.com/
2026-01-19T04:16:31.8451069Z     ✅ Step step_3_ai_1 Passed.
2026-01-19T04:16:31.8451340Z   ▶️ [STEP step_5] CLICK: Retrieve password
2026-01-19T04:16:31.8451736Z     ⚠️ Mined locators not found on page. Falling back to semantic search.
2026-01-19T04:16:31.8452314Z     ❌ Attempt 1 failed (element_not_found): Locator.bounding_box: Timeout 30000ms exceeded.
2026-01-19T04:16:31.8452709Z Call log:
2026-01-19T04:18:56.8429377Z   - waiting for locator("text=Retrieve pas...
2026-01-19T04:18:56.8430413Z     🔧 [AUTO-HEAL] Re-mining page to find 'Retrieve password'...
2026-01-19T04:18:56.8431089Z [DEBUG] Sending request to gemini-2.0-flash. Number of parts: 2
2026-01-19T04:18:56.8431656Z [DEBUG] Received response (Length: 531)
2026-01-19T04:18:56.8432298Z     ✨ AI successfully healed the step! Found 2 alternatives.
2026-01-19T04:18:56.8433101Z     ✨ AI successfully healed the step! New selector: a[href='/forgot_password']
2026-01-19T04:18:56.8433728Z     ✅ Step step_5 Passed.
2026-01-19T04:18:56.8434328Z   ▶️ [STEP step_5_ai_1] FILL: Username
2026-01-19T04:18:56.8434748Z     ⚠️ Mined locators not found on page. Falling back to semantic search.
2026-01-19T04:18:56.8435373Z     ❌ Attempt 1 failed (element_not_found): Locator.scroll_into_view_if_needed: Timeout 10000ms exceeded.
2026-01-19T04:18:56.8435977Z Call log:
2026-01-19T04:18:56.8445440Z   - waiting for locator("tex...
2026-01-19T04:18:56.8446119Z     🔧 [AUTO-HEAL] Re-mining page to find 'Username'...
2026-01-19T04:18:56.8446590Z [DEBUG] Sending request to gemini-2.0-flash. Number of parts: 2
2026-01-19T04:18:56.8447171Z [DEBUG] Received response (Length: 511)
2026-01-19T04:18:56.8447769Z     ✨ AI successfully healed the step! Found 2 alternatives.
2026-01-19T04:18:56.8448554Z     ✨ AI successfully healed the step! New selector: input[name='email']
2026-01-19T04:18:56.8448975Z     ✅ Step step_5_ai_1 Passed.
2026-01-19T04:18:56.8449261Z   ▶️ [STEP step_5_ai_2] FILL: Password
2026-01-19T04:18:56.8449668Z     ⚠️ Mined locators not found on page. Falling back to semantic search.
2026-01-19T04:18:56.8450076Z     ✅ Step step_5_ai_2 Passed.
2026-01-19T04:18:56.8450338Z   ▶️ [STEP step_5_ai_3] CLICK: Login
2026-01-19T04:18:56.8450625Z     🎯 Using mined locator: button
2026-01-19T04:18:56.8450896Z     ✅ Step step_5_ai_3 Passed.
2026-01-19T04:18:56.8451169Z   ▶️ [STEP step_5_ai_4] CLICK: Logout
2026-01-19T04:18:56.8451546Z     ⚠️ Mined locators not found on page. Falling back to semantic search.
2026-01-19T04:18:56.8452104Z     ❌ Attempt 1 failed (element_not_found): Locator.bounding_box: Timeout 30000ms exceeded.
2026-01-19T04:18:56.8452498Z Call log:
2026-01-19T04:18:56.8452687Z   - waiting for locator("text=Logout")
2026-01-19T04:18:56.8452919Z ...
2026-01-19T04:18:56.8453187Z     🔧 [AUTO-HEAL] Re-mining page to find 'Logout'...
2026-01-19T04:18:56.8453545Z [DEBUG] Sending request to gemini-2.0-flash. Number of parts: 2
2026-01-19T04:18:56.8453880Z [DEBUG] Received response (Length: 38)
2026-01-19T04:18:56.8454264Z     ❌ AI could not re-locate the element. Waiting 1s before next retry.
2026-01-19T04:18:56.8454803Z     ❌ Attempt 2 failed (element_not_found): Locator.bounding_box: Timeout 30000ms exceeded.
2026-01-19T04:18:56.8455198Z Call log:
2026-01-19T04:18:56.8455382Z   - waiting for locator("text=Logout")
2026-01-19T04:18:56.8455608Z ...
2026-01-19T04:18:56.8455860Z     🔧 [AUTO-HEAL] Re-mining page to find 'Logout'...
2026-01-19T04:18:56.8456159Z [CACHE HIT] ac040894... (hits: 1, misses: 3)
2026-01-19T04:18:56.8456554Z     ❌ AI could not re-locate the element. Waiting 1s before next retry.
2026-01-19T04:18:56.8457090Z     ❌ Attempt 3 failed (element_not_found): Locator.bounding_box: Timeout 30000ms exceeded.
2026-01-19T04:18:56.8457471Z Call log:
2026-01-19T04:18:56.8457653Z   - waiting for locator("text=Logout")
2026-01-19T04:18:56.8457880Z ...
2026-01-19T04:18:56.8458304Z     💀 Step step_5_ai_4 failed after all retries.
2026-01-19T04:18:56.8458717Z 🛑 Scenario 'Forgot Password Flow' aborted due to step failure.
2026-01-19T04:18:56.8458980Z 
2026-01-19T04:18:56.8459086Z --- Scenario: Checkboxes Functionality ---
2026-01-19T04:18:56.8459403Z   ▶️ [STEP step_1] NAVIGATE: Step step_1
2026-01-19T04:18:56.8459696Z     ✅ Step step_1 Passed.
2026-01-19T04:18:56.8459958Z   ▶️ [STEP step_2] CLICK: Checkboxes
2026-01-19T04:18:56.8460300Z     🎯 Using mined locator: role=link[name='Checkboxes']
2026-01-19T04:18:56.8460622Z     ✅ Step step_2 Passed.
2026-01-19T04:18:56.8460875Z   ▶️ [STEP step_2_ai_1] CLICK: input
2026-01-19T04:18:56.8461226Z     🎯 Using mined locator: input[type='checkbox']:nth-child(1)
2026-01-19T04:18:56.8461566Z     ✅ Step step_2_ai_1 Passed.
2026-01-19T04:18:56.8461842Z   ▶️ [STEP step_3] ASSERT_URL: Step step_3
2026-01-19T04:18:56.8462127Z     ✅ Step step_3 Passed.
2026-01-19T04:18:56.8462380Z   ▶️ [STEP step_3_ai_1] CLICK: input
2026-01-19T04:18:56.8462650Z     🎯 Using mined locator: input
2026-01-19T04:18:56.8462916Z     ✅ Step step_3_ai_1 Passed.
2026-01-19T04:18:56.8463179Z   ▶️ [STEP step_4] UNCHECK: checkbox 1
2026-01-19T04:18:56.8463747Z     ✅ Step step_4 Passed.
2026-01-19T04:18:56.8463987Z   ▶️ [STEP step_5] CHECK: checkbox 2
2026-01-19T04:18:56.8464245Z     ✅ Step step_5 Passed.
2026-01-19T04:18:56.8464512Z   ▶️ [STEP step_6] ASSERT_VISIBLE: checkbox 1
2026-01-19T04:18:56.8464796Z     ✅ Step step_6 Passed.
2026-01-19T04:18:56.8465185Z   ▶️ [STEP step_7] ASSERT_VISIBLE: checkbox 2
2026-01-19T04:18:56.8465473Z     ✅ Step step_7 Passed.
2026-01-19T04:18:56.8465808Z ✅ Scenario 'Checkboxes Functionality' completed successfully!
2026-01-19T04:18:56.8466058Z 
2026-01-19T04:18:56.8466166Z ============================================================
2026-01-19T04:18:56.8466456Z 🎯 EXECUTION SUMMARY
2026-01-19T04:18:56.8466673Z ============================================================
2026-01-19T04:18:56.8466858Z 
2026-01-19T04:18:56.8466960Z 📋 Scenario Overview:
2026-01-19T04:18:56.8467213Z    • Total Scenarios Planned: 4
2026-01-19T04:18:56.8467478Z    • Scenarios Executed: 4
2026-01-19T04:18:56.8467744Z    • Total Steps Executed: 80
2026-01-19T04:18:56.8467893Z 
2026-01-19T04:18:56.8467982Z ✅ Results:
2026-01-19T04:18:56.8468667Z    ✅ Passed: 3 (75%)
2026-01-19T04:18:56.8469029Z    ❌ Failed: 1 (25%)
2026-01-19T04:18:56.8469218Z 
2026-01-19T04:18:56.8469386Z ⚠️  Failed Scenarios:
2026-01-19T04:18:56.8469786Z    • Forgot Password Flow
2026-01-19T04:18:56.8469992Z 
2026-01-19T04:18:56.8470129Z ============================================================
2026-01-19T04:18:56.8470409Z 
2026-01-19T04:18:56.8471233Z 🏁 Execution Finished. Report: /home/runner/work/build_qa_automation/build_qa_automation/projects/ci_the_internet_forms/execution.json
2026-01-19T04:18:56.9624439Z 
2026-01-19T04:18:56.9624902Z [PHASE] Running Phase: DISCOVERY
2026-01-19T04:18:56.9626765Z    Command: /opt/hostedtoolcache/Python/3.11.14/x64/bin/python /home/runner/work/build_qa_automation/build_qa_automation/core/agents/discovery.py --project /home/runner/work/build_qa_automation/build_qa_automation/projects/ci_the_internet_forms --url https://the-internet.herokuapp.com/ --deep
2026-01-19T04:18:56.9628880Z ✅ Phase 'discovery' completed successfully.
2026-01-19T04:18:56.9629095Z 
2026-01-19T04:18:56.9629192Z [PHASE] Running Phase: PLANNING
2026-01-19T04:18:56.9630449Z    Command: /opt/hostedtoolcache/Python/3.11.14/x64/bin/python /home/runner/work/build_qa_automation/build_qa_automation/core/agents/planner.py --project /home/runner/work/build_qa_automation/build_qa_automation/projects/ci_the_internet_forms --goal Test authentication and forms --url https://the-internet.herokuapp.com/ --deep
2026-01-19T04:18:56.9632655Z ✅ Phase 'planning' completed successfully.
2026-01-19T04:18:56.9632970Z 
2026-01-19T04:18:56.9633116Z [PHASE] Running Phase: EXPLORATION
2026-01-19T04:18:56.9634711Z    Command: /opt/hostedtoolcache/Python/3.11.14/x64/bin/python /home/runner/work/build_qa_automation/build_qa_automation/core/agents/deep_explorer.py --project /home/runner/work/build_qa_automation/build_qa_automation/projects/ci_the_internet_forms
2026-01-19T04:18:56.9636504Z ✅ Phase 'exploration' completed successfully.
2026-01-19T04:18:56.9637099Z 📊 Exploration Discovery Success Rate: 88.2%
2026-01-19T04:18:56.9637413Z 
2026-01-19T04:18:56.9637566Z [PHASE] Running Phase: EXECUTION
2026-01-19T04:18:56.9639339Z    Command: /opt/hostedtoolcache/Python/3.11.14/x64/bin/python /home/runner/work/build_qa_automation/build_qa_automation/core/agents/executor.py --project /home/runner/work/build_qa_automation/build_qa_automation/projects/ci_the_internet_forms
2026-01-19T04:18:56.9640836Z ✅ Phase 'execution' completed successfully.
2026-01-19T04:18:56.9641040Z 
2026-01-19T04:18:56.9641145Z [DONE] Pipeline Execution Finished! [DONE]
2026-01-19T04:18:57.0730796Z ##[group]Run RESULT_FILE="projects/ci_the_internet_forms/execution.json"
2026-01-19T04:18:57.0731328Z [36;1mRESULT_FILE="projects/ci_the_internet_forms/execution.json"[0m
2026-01-19T04:18:57.0731689Z [36;1mif [ -f "$RESULT_FILE" ]; then[0m
2026-01-19T04:18:57.0732023Z [36;1m  echo "✅ Results generated successfully: $RESULT_FILE"[0m
2026-01-19T04:18:57.0732653Z [36;1m  cat "$RESULT_FILE" | jq '.scenarios | length' || echo "Result file exists"[0m
2026-01-19T04:18:57.0733010Z [36;1melse[0m
2026-01-19T04:18:57.0733239Z [36;1m  echo "❌ No result file found at $RESULT_FILE"[0m
2026-01-19T04:18:57.0733514Z [36;1m  exit 1[0m
2026-01-19T04:18:57.0733685Z [36;1mfi[0m
2026-01-19T04:18:57.0765324Z shell: /usr/bin/bash -e {0}
2026-01-19T04:18:57.0765561Z env:
2026-01-19T04:18:57.0765811Z   pythonLocation: /opt/hostedtoolcache/Python/3.11.14/x64
2026-01-19T04:18:57.0766229Z   PKG_CONFIG_PATH: /opt/hostedtoolcache/Python/3.11.14/x64/lib/pkgconfig
2026-01-19T04:18:57.0766676Z   Python_ROOT_DIR: /opt/hostedtoolcache/Python/3.11.14/x64
2026-01-19T04:18:57.0767035Z   Python2_ROOT_DIR: /opt/hostedtoolcache/Python/3.11.14/x64
2026-01-19T04:18:57.0767424Z   Python3_ROOT_DIR: /opt/hostedtoolcache/Python/3.11.14/x64
2026-01-19T04:18:57.0767808Z   LD_LIBRARY_PATH: /opt/hostedtoolcache/Python/3.11.14/x64/lib
2026-01-19T04:18:57.0768346Z ##[endgroup]
2026-01-19T04:18:57.0821808Z ✅ Results generated successfully: projects/ci_the_internet_forms/execution.json
2026-01-19T04:18:57.0848893Z 4
2026-01-19T04:18:57.1075211Z ##[group]Run actions/upload-artifact@v4
2026-01-19T04:18:57.1075485Z with:
2026-01-19T04:18:57.1075689Z   name: the_internet_forms-execution-results
2026-01-19T04:18:57.1076157Z   path: projects/ci_the_internet_forms/execution.json
projects/ci_the_internet_forms/workflow.json

2026-01-19T04:18:57.1076614Z   retention-days: 30
2026-01-19T04:18:57.1076817Z   if-no-files-found: warn
2026-01-19T04:18:57.1077036Z   compression-level: 6
2026-01-19T04:18:57.1077233Z   overwrite: false
2026-01-19T04:18:57.1077428Z   include-hidden-files: false
2026-01-19T04:18:57.1077634Z env:
2026-01-19T04:18:57.1077871Z   pythonLocation: /opt/hostedtoolcache/Python/3.11.14/x64
2026-01-19T04:18:57.1078512Z   PKG_CONFIG_PATH: /opt/hostedtoolcache/Python/3.11.14/x64/lib/pkgconfig
2026-01-19T04:18:57.1078917Z   Python_ROOT_DIR: /opt/hostedtoolcache/Python/3.11.14/x64
2026-01-19T04:18:57.1079284Z   Python2_ROOT_DIR: /opt/hostedtoolcache/Python/3.11.14/x64
2026-01-19T04:18:57.1079675Z   Python3_ROOT_DIR: /opt/hostedtoolcache/Python/3.11.14/x64
2026-01-19T04:18:57.1080042Z   LD_LIBRARY_PATH: /opt/hostedtoolcache/Python/3.11.14/x64/lib
2026-01-19T04:18:57.1080336Z ##[endgroup]
2026-01-19T04:18:57.3278250Z Multiple search paths detected. Calculating the least common ancestor of all paths
2026-01-19T04:18:57.3282671Z The least common ancestor is /home/runner/work/build_qa_automation/build_qa_automation/projects/ci_the_internet_forms. This will be the root directory of the artifact
2026-01-19T04:18:57.3284033Z With the provided path, there will be 2 files uploaded
2026-01-19T04:18:57.3289917Z Artifact name is valid!
2026-01-19T04:18:57.3291027Z Root directory input is valid!
2026-01-19T04:18:57.5462522Z Beginning upload of artifact content to blob storage
2026-01-19T04:18:57.7943541Z Uploaded bytes 2916
2026-01-19T04:18:57.8535267Z Finished uploading artifact content to blob storage!
2026-01-19T04:18:57.8539900Z SHA256 digest of uploaded artifact zip is ab80e4c49d005d9f6a4a281c89a3cbe978a387d04ac7fa102358a7ac779950ad
2026-01-19T04:18:57.8543188Z Finalizing artifact upload
2026-01-19T04:18:57.9943520Z Artifact the_internet_forms-execution-results.zip successfully finalized. Artifact ID 5172380258
2026-01-19T04:18:57.9944520Z Artifact the_internet_forms-execution-results has been successfully uploaded! Final size is 2916 bytes. Artifact ID is 5172380258
2026-01-19T04:18:57.9950595Z Artifact download URL: https://github.com/vishvasmca-cmd/build_qa_automation/actions/runs/21124435194/artifacts/5172380258
2026-01-19T04:18:58.0248279Z Post job cleanup.
2026-01-19T04:18:58.1758028Z Cache hit occurred on the primary key setup-python-Linux-x64-24.04-Ubuntu-python-3.11.14-pip-dde08d0e0b672972dcda9f1a063036a2e0c226f5d0a20362e9401931676d80a4, not saving cache.
2026-01-19T04:18:58.2206164Z Post job cleanup.
2026-01-19T04:18:58.3212403Z [command]/usr/bin/git version
2026-01-19T04:18:58.3263292Z git version 2.52.0
2026-01-19T04:18:58.3307840Z Temporarily overriding HOME='/home/runner/work/_temp/af83d14f-e097-4ccc-bf62-93a5a3b83c4e' before making global git config changes
2026-01-19T04:18:58.3309376Z Adding repository directory to the temporary git global config as a safe directory
2026-01-19T04:18:58.3314537Z [command]/usr/bin/git config --global --add safe.directory /home/runner/work/build_qa_automation/build_qa_automation
2026-01-19T04:18:58.3350234Z [command]/usr/bin/git config --local --name-only --get-regexp core\.sshCommand
2026-01-19T04:18:58.3382840Z [command]/usr/bin/git submodule foreach --recursive sh -c "git config --local --name-only --get-regexp 'core\.sshCommand' && git config --local --unset-all 'core.sshCommand' || :"
2026-01-19T04:18:58.3612170Z [command]/usr/bin/git config --local --name-only --get-regexp http\.https\:\/\/github\.com\/\.extraheader
2026-01-19T04:18:58.3632485Z http.https://github.com/.extraheader
2026-01-19T04:18:58.3644312Z [command]/usr/bin/git config --local --unset-all http.https://github.com/.extraheader
2026-01-19T04:18:58.3674319Z [command]/usr/bin/git submodule foreach --recursive sh -c "git config --local --name-only --get-regexp 'http\.https\:\/\/github\.com\/\.extraheader' && git config --local --unset-all 'http.https://github.com/.extraheader' || :"
2026-01-19T04:18:58.3894491Z [command]/usr/bin/git config --local --name-only --get-regexp ^includeIf\.gitdir:
2026-01-19T04:18:58.3924395Z [command]/usr/bin/git submodule foreach --recursive git config --local --show-origin --name-only --get-regexp remote.origin.url
2026-01-19T04:18:58.4245683Z Cleaning up orphan processes
