2026-01-18T18:43:18.9858392Z Current runner version: '2.331.0'
2026-01-18T18:43:18.9886771Z ##[group]Runner Image Provisioner
2026-01-18T18:43:18.9887651Z Hosted Compute Agent
2026-01-18T18:43:18.9888288Z Version: 20251211.462
2026-01-18T18:43:18.9888892Z Commit: 6cbad8c2bb55d58165063d031ccabf57e2d2db61
2026-01-18T18:43:18.9889591Z Build Date: 2025-12-11T16:28:49Z
2026-01-18T18:43:18.9890195Z Worker ID: {0cb82790-0f1b-401a-815b-47f57f7404bd}
2026-01-18T18:43:18.9890993Z ##[endgroup]
2026-01-18T18:43:18.9891538Z ##[group]Operating System
2026-01-18T18:43:18.9892672Z Ubuntu
2026-01-18T18:43:18.9893301Z 24.04.3
2026-01-18T18:43:18.9893725Z LTS
2026-01-18T18:43:18.9894163Z ##[endgroup]
2026-01-18T18:43:18.9894753Z ##[group]Runner Image
2026-01-18T18:43:18.9895277Z Image: ubuntu-24.04
2026-01-18T18:43:18.9895768Z Version: 20260111.209.1
2026-01-18T18:43:18.9896835Z Included Software: https://github.com/actions/runner-images/blob/ubuntu24/20260111.209/images/ubuntu/Ubuntu2404-Readme.md
2026-01-18T18:43:18.9898358Z Image Release: https://github.com/actions/runner-images/releases/tag/ubuntu24%2F20260111.209
2026-01-18T18:43:18.9899410Z ##[endgroup]
2026-01-18T18:43:18.9900470Z ##[group]GITHUB_TOKEN Permissions
2026-01-18T18:43:18.9902724Z Contents: read
2026-01-18T18:43:18.9903291Z Metadata: read
2026-01-18T18:43:18.9903761Z Packages: read
2026-01-18T18:43:18.9904406Z ##[endgroup]
2026-01-18T18:43:18.9907126Z Secret source: Actions
2026-01-18T18:43:18.9907824Z Prepare workflow directory
2026-01-18T18:43:19.0274763Z Prepare all required actions
2026-01-18T18:43:19.0317560Z Getting action download info
2026-01-18T18:43:19.4575897Z Download action repository 'actions/checkout@v4' (SHA:34e114876b0b11c390a56381ad16ebd13914f8d5)
2026-01-18T18:43:19.6613092Z Download action repository 'actions/setup-python@v5' (SHA:a26af69be951a213d495a4c3e4e4022e16d87065)
2026-01-18T18:43:19.7451909Z Download action repository 'actions/upload-artifact@v4' (SHA:ea165f8d65b6e75b540449e92b4886f43607fa02)
2026-01-18T18:43:19.9857936Z Complete job name: test-websites-deep (automationexercise_shop, https://www.automationexercise.com/, Explore shoppin...
2026-01-18T18:43:20.0631473Z ##[group]Run actions/checkout@v4
2026-01-18T18:43:20.0632609Z with:
2026-01-18T18:43:20.0633081Z   repository: vishvasmca-cmd/build_qa_automation
2026-01-18T18:43:20.0633917Z   token: ***
2026-01-18T18:43:20.0634297Z   ssh-strict: true
2026-01-18T18:43:20.0634682Z   ssh-user: git
2026-01-18T18:43:20.0635066Z   persist-credentials: true
2026-01-18T18:43:20.0635499Z   clean: true
2026-01-18T18:43:20.0635887Z   sparse-checkout-cone-mode: true
2026-01-18T18:43:20.0636360Z   fetch-depth: 1
2026-01-18T18:43:20.0636733Z   fetch-tags: false
2026-01-18T18:43:20.0637183Z   show-progress: true
2026-01-18T18:43:20.0637579Z   lfs: false
2026-01-18T18:43:20.0637930Z   submodules: false
2026-01-18T18:43:20.0638335Z   set-safe-directory: true
2026-01-18T18:43:20.0639066Z ##[endgroup]
2026-01-18T18:43:20.1848555Z Syncing repository: vishvasmca-cmd/build_qa_automation
2026-01-18T18:43:20.1851724Z ##[group]Getting Git version info
2026-01-18T18:43:20.1853607Z Working directory is '/home/runner/work/build_qa_automation/build_qa_automation'
2026-01-18T18:43:20.1855588Z [command]/usr/bin/git version
2026-01-18T18:43:20.1953875Z git version 2.52.0
2026-01-18T18:43:20.1983947Z ##[endgroup]
2026-01-18T18:43:20.2012651Z Temporarily overriding HOME='/home/runner/work/_temp/390f72b7-f6be-4ac2-ab48-c500560bd686' before making global git config changes
2026-01-18T18:43:20.2014131Z Adding repository directory to the temporary git global config as a safe directory
2026-01-18T18:43:20.2018644Z [command]/usr/bin/git config --global --add safe.directory /home/runner/work/build_qa_automation/build_qa_automation
2026-01-18T18:43:20.2071491Z Deleting the contents of '/home/runner/work/build_qa_automation/build_qa_automation'
2026-01-18T18:43:20.2075455Z ##[group]Initializing the repository
2026-01-18T18:43:20.2080138Z [command]/usr/bin/git init /home/runner/work/build_qa_automation/build_qa_automation
2026-01-18T18:43:20.2213607Z hint: Using 'master' as the name for the initial branch. This default branch name
2026-01-18T18:43:20.2215738Z hint: will change to "main" in Git 3.0. To configure the initial branch name
2026-01-18T18:43:20.2217236Z hint: to use in all of your new repositories, which will suppress this warning,
2026-01-18T18:43:20.2218023Z hint: call:
2026-01-18T18:43:20.2218415Z hint:
2026-01-18T18:43:20.2218918Z hint: 	git config --global init.defaultBranch <name>
2026-01-18T18:43:20.2219525Z hint:
2026-01-18T18:43:20.2220076Z hint: Names commonly chosen instead of 'master' are 'main', 'trunk' and
2026-01-18T18:43:20.2221012Z hint: 'development'. The just-created branch can be renamed via this command:
2026-01-18T18:43:20.2221748Z hint:
2026-01-18T18:43:20.2222334Z hint: 	git branch -m <name>
2026-01-18T18:43:20.2222786Z hint:
2026-01-18T18:43:20.2223386Z hint: Disable this message with "git config set advice.defaultBranchName false"
2026-01-18T18:43:20.2224731Z Initialized empty Git repository in /home/runner/work/build_qa_automation/build_qa_automation/.git/
2026-01-18T18:43:20.2231494Z [command]/usr/bin/git remote add origin https://github.com/vishvasmca-cmd/build_qa_automation
2026-01-18T18:43:20.2272876Z ##[endgroup]
2026-01-18T18:43:20.2273625Z ##[group]Disabling automatic garbage collection
2026-01-18T18:43:20.2277642Z [command]/usr/bin/git config --local gc.auto 0
2026-01-18T18:43:20.2312142Z ##[endgroup]
2026-01-18T18:43:20.2313380Z ##[group]Setting up auth
2026-01-18T18:43:20.2321369Z [command]/usr/bin/git config --local --name-only --get-regexp core\.sshCommand
2026-01-18T18:43:20.2357473Z [command]/usr/bin/git submodule foreach --recursive sh -c "git config --local --name-only --get-regexp 'core\.sshCommand' && git config --local --unset-all 'core.sshCommand' || :"
2026-01-18T18:43:20.2796920Z [command]/usr/bin/git config --local --name-only --get-regexp http\.https\:\/\/github\.com\/\.extraheader
2026-01-18T18:43:20.2856077Z [command]/usr/bin/git submodule foreach --recursive sh -c "git config --local --name-only --get-regexp 'http\.https\:\/\/github\.com\/\.extraheader' && git config --local --unset-all 'http.https://github.com/.extraheader' || :"
2026-01-18T18:43:20.3103031Z [command]/usr/bin/git config --local --name-only --get-regexp ^includeIf\.gitdir:
2026-01-18T18:43:20.3139152Z [command]/usr/bin/git submodule foreach --recursive git config --local --show-origin --name-only --get-regexp remote.origin.url
2026-01-18T18:43:20.3380746Z [command]/usr/bin/git config --local http.https://github.com/.extraheader AUTHORIZATION: basic ***
2026-01-18T18:43:20.3422088Z ##[endgroup]
2026-01-18T18:43:20.3423119Z ##[group]Fetching the repository
2026-01-18T18:43:20.3432466Z [command]/usr/bin/git -c protocol.version=2 fetch --no-tags --prune --no-recurse-submodules --depth=1 origin +c9fb31d387d3134fb416430b3b3a9e89b3921439:refs/remotes/origin/main
2026-01-18T18:43:21.3745984Z From https://github.com/vishvasmca-cmd/build_qa_automation
2026-01-18T18:43:21.3746884Z  * [new ref]         c9fb31d387d3134fb416430b3b3a9e89b3921439 -> origin/main
2026-01-18T18:43:21.3778947Z ##[endgroup]
2026-01-18T18:43:21.3779914Z ##[group]Determining the checkout info
2026-01-18T18:43:21.3781817Z ##[endgroup]
2026-01-18T18:43:21.3787579Z [command]/usr/bin/git sparse-checkout disable
2026-01-18T18:43:21.3831448Z [command]/usr/bin/git config --local --unset-all extensions.worktreeConfig
2026-01-18T18:43:21.3859713Z ##[group]Checking out the ref
2026-01-18T18:43:21.3863831Z [command]/usr/bin/git checkout --progress --force -B main refs/remotes/origin/main
2026-01-18T18:43:21.4825088Z Switched to a new branch 'main'
2026-01-18T18:43:21.4825950Z branch 'main' set up to track 'origin/main'.
2026-01-18T18:43:21.4842464Z ##[endgroup]
2026-01-18T18:43:21.4882875Z [command]/usr/bin/git log -1 --format=%H
2026-01-18T18:43:21.4906551Z c9fb31d387d3134fb416430b3b3a9e89b3921439
2026-01-18T18:43:21.5172322Z ##[group]Run actions/setup-python@v5
2026-01-18T18:43:21.5172903Z with:
2026-01-18T18:43:21.5173268Z   python-version: 3.11
2026-01-18T18:43:21.5173663Z   cache: pip
2026-01-18T18:43:21.5174308Z   check-latest: false
2026-01-18T18:43:21.5174869Z   token: ***
2026-01-18T18:43:21.5175253Z   update-environment: true
2026-01-18T18:43:21.5175684Z   allow-prereleases: false
2026-01-18T18:43:21.5176107Z   freethreaded: false
2026-01-18T18:43:21.5176488Z ##[endgroup]
2026-01-18T18:43:21.7105690Z ##[group]Installed versions
2026-01-18T18:43:21.7270601Z Successfully set up CPython (3.11.14)
2026-01-18T18:43:21.7273476Z ##[endgroup]
2026-01-18T18:43:21.8046412Z [command]/opt/hostedtoolcache/Python/3.11.14/x64/bin/pip cache dir
2026-01-18T18:43:22.1776652Z /home/runner/.cache/pip
2026-01-18T18:43:22.4789927Z Cache hit for: setup-python-Linux-x64-24.04-Ubuntu-python-3.11.14-pip-dde08d0e0b672972dcda9f1a063036a2e0c226f5d0a20362e9401931676d80a4
2026-01-18T18:43:23.7508727Z Received 16777216 of 254742636 (6.6%), 16.0 MBs/sec
2026-01-18T18:43:24.7513490Z Received 134217728 of 254742636 (52.7%), 64.0 MBs/sec
2026-01-18T18:43:25.7418955Z Received 254742636 of 254742636 (100.0%), 81.2 MBs/sec
2026-01-18T18:43:25.7420347Z Cache Size: ~243 MB (254742636 B)
2026-01-18T18:43:25.7484299Z [command]/usr/bin/tar -xf /home/runner/work/_temp/e46b6bda-cd86-49e2-9978-88b1f48ac63f/cache.tzst -P -C /home/runner/work/build_qa_automation/build_qa_automation --use-compress-program unzstd
2026-01-18T18:43:26.1318859Z Cache restored successfully
2026-01-18T18:43:26.1803455Z Cache restored from key: setup-python-Linux-x64-24.04-Ubuntu-python-3.11.14-pip-dde08d0e0b672972dcda9f1a063036a2e0c226f5d0a20362e9401931676d80a4
2026-01-18T18:43:26.2035687Z ##[group]Run pip install -r requirements.txt
2026-01-18T18:43:26.2036147Z [36;1mpip install -r requirements.txt[0m
2026-01-18T18:43:26.2036464Z [36;1mplaywright install chromium[0m
2026-01-18T18:43:26.2075492Z shell: /usr/bin/bash -e {0}
2026-01-18T18:43:26.2075751Z env:
2026-01-18T18:43:26.2076022Z   pythonLocation: /opt/hostedtoolcache/Python/3.11.14/x64
2026-01-18T18:43:26.2076493Z   PKG_CONFIG_PATH: /opt/hostedtoolcache/Python/3.11.14/x64/lib/pkgconfig
2026-01-18T18:43:26.2076947Z   Python_ROOT_DIR: /opt/hostedtoolcache/Python/3.11.14/x64
2026-01-18T18:43:26.2077323Z   Python2_ROOT_DIR: /opt/hostedtoolcache/Python/3.11.14/x64
2026-01-18T18:43:26.2077690Z   Python3_ROOT_DIR: /opt/hostedtoolcache/Python/3.11.14/x64
2026-01-18T18:43:26.2078067Z   LD_LIBRARY_PATH: /opt/hostedtoolcache/Python/3.11.14/x64/lib
2026-01-18T18:43:26.2078379Z ##[endgroup]
2026-01-18T18:43:26.8622731Z Collecting playwright (from -r requirements.txt (line 1))
2026-01-18T18:43:26.8645562Z   Using cached playwright-1.57.0-py3-none-manylinux1_x86_64.whl.metadata (3.5 kB)
2026-01-18T18:43:26.8799066Z Collecting python-dotenv (from -r requirements.txt (line 2))
2026-01-18T18:43:26.8814210Z   Using cached python_dotenv-1.2.1-py3-none-any.whl.metadata (25 kB)
2026-01-18T18:43:26.9063645Z Collecting requests (from -r requirements.txt (line 3))
2026-01-18T18:43:26.9077891Z   Using cached requests-2.32.5-py3-none-any.whl.metadata (4.9 kB)
2026-01-18T18:43:27.0876404Z Collecting pillow (from -r requirements.txt (line 4))
2026-01-18T18:43:27.0893124Z   Using cached pillow-12.1.0-cp311-cp311-manylinux_2_27_x86_64.manylinux_2_28_x86_64.whl.metadata (8.8 kB)
2026-01-18T18:43:27.1138522Z Collecting google-genai>=0.3.0 (from -r requirements.txt (line 5))
2026-01-18T18:43:27.1152513Z   Using cached google_genai-1.59.0-py3-none-any.whl.metadata (53 kB)
2026-01-18T18:43:27.1293339Z Collecting termcolor (from -r requirements.txt (line 6))
2026-01-18T18:43:27.1307349Z   Using cached termcolor-3.3.0-py3-none-any.whl.metadata (6.5 kB)
2026-01-18T18:43:27.1646853Z Collecting PyYAML (from -r requirements.txt (line 7))
2026-01-18T18:43:27.1662440Z   Using cached pyyaml-6.0.3-cp311-cp311-manylinux2014_x86_64.manylinux_2_17_x86_64.manylinux_2_28_x86_64.whl.metadata (2.4 kB)
2026-01-18T18:43:27.2215493Z Collecting opencv-python-headless (from -r requirements.txt (line 8))
2026-01-18T18:43:27.2231829Z   Using cached opencv_python_headless-4.13.0.90-cp37-abi3-manylinux_2_28_x86_64.whl.metadata (19 kB)
2026-01-18T18:43:27.4212526Z Collecting numpy (from -r requirements.txt (line 9))
2026-01-18T18:43:27.4228515Z   Using cached numpy-2.4.1-cp311-cp311-manylinux_2_27_x86_64.manylinux_2_28_x86_64.whl.metadata (6.6 kB)
2026-01-18T18:43:27.4979751Z Collecting faker (from -r requirements.txt (line 10))
2026-01-18T18:43:27.4994708Z   Using cached faker-40.1.2-py3-none-any.whl.metadata (16 kB)
2026-01-18T18:43:27.5130254Z Collecting pyee<14,>=13 (from playwright->-r requirements.txt (line 1))
2026-01-18T18:43:27.5144017Z   Using cached pyee-13.0.0-py3-none-any.whl.metadata (2.9 kB)
2026-01-18T18:43:27.6329646Z Collecting greenlet<4.0.0,>=3.1.1 (from playwright->-r requirements.txt (line 1))
2026-01-18T18:43:27.6345486Z   Using cached greenlet-3.3.0-cp311-cp311-manylinux_2_24_x86_64.manylinux_2_28_x86_64.whl.metadata (4.1 kB)
2026-01-18T18:43:27.6509378Z Collecting typing-extensions (from pyee<14,>=13->playwright->-r requirements.txt (line 1))
2026-01-18T18:43:27.6523285Z   Using cached typing_extensions-4.15.0-py3-none-any.whl.metadata (3.3 kB)
2026-01-18T18:43:27.7304515Z Collecting charset_normalizer<4,>=2 (from requests->-r requirements.txt (line 3))
2026-01-18T18:43:27.7321622Z   Using cached charset_normalizer-3.4.4-cp311-cp311-manylinux2014_x86_64.manylinux_2_17_x86_64.manylinux_2_28_x86_64.whl.metadata (37 kB)
2026-01-18T18:43:27.7459480Z Collecting idna<4,>=2.5 (from requests->-r requirements.txt (line 3))
2026-01-18T18:43:27.7473859Z   Using cached idna-3.11-py3-none-any.whl.metadata (8.4 kB)
2026-01-18T18:43:27.7734771Z Collecting urllib3<3,>=1.21.1 (from requests->-r requirements.txt (line 3))
2026-01-18T18:43:27.7748229Z   Using cached urllib3-2.6.3-py3-none-any.whl.metadata (6.9 kB)
2026-01-18T18:43:27.7930902Z Collecting certifi>=2017.4.17 (from requests->-r requirements.txt (line 3))
2026-01-18T18:43:27.7945314Z   Using cached certifi-2026.1.4-py3-none-any.whl.metadata (2.5 kB)
2026-01-18T18:43:27.8129798Z Collecting anyio<5.0.0,>=4.8.0 (from google-genai>=0.3.0->-r requirements.txt (line 5))
2026-01-18T18:43:27.8143478Z   Using cached anyio-4.12.1-py3-none-any.whl.metadata (4.3 kB)
2026-01-18T18:43:27.8513172Z Collecting google-auth<3.0.0,>=2.47.0 (from google-auth[requests]<3.0.0,>=2.47.0->google-genai>=0.3.0->-r requirements.txt (line 5))
2026-01-18T18:43:27.8528318Z   Using cached google_auth-2.47.0-py3-none-any.whl.metadata (6.4 kB)
2026-01-18T18:43:27.8765839Z Collecting httpx<1.0.0,>=0.28.1 (from google-genai>=0.3.0->-r requirements.txt (line 5))
2026-01-18T18:43:27.8779863Z   Using cached httpx-0.28.1-py3-none-any.whl.metadata (7.1 kB)
2026-01-18T18:43:28.0218969Z Collecting pydantic<3.0.0,>=2.9.0 (from google-genai>=0.3.0->-r requirements.txt (line 5))
2026-01-18T18:43:28.0233999Z   Using cached pydantic-2.12.5-py3-none-any.whl.metadata (90 kB)
2026-01-18T18:43:28.0495744Z Collecting tenacity<9.2.0,>=8.2.3 (from google-genai>=0.3.0->-r requirements.txt (line 5))
2026-01-18T18:43:28.0509269Z   Using cached tenacity-9.1.2-py3-none-any.whl.metadata (1.2 kB)
2026-01-18T18:43:28.1329129Z Collecting websockets<15.1.0,>=13.0.0 (from google-genai>=0.3.0->-r requirements.txt (line 5))
2026-01-18T18:43:28.1345425Z   Using cached websockets-15.0.1-cp311-cp311-manylinux_2_5_x86_64.manylinux1_x86_64.manylinux_2_17_x86_64.manylinux2014_x86_64.whl.metadata (6.8 kB)
2026-01-18T18:43:28.1498917Z Collecting distro<2,>=1.7.0 (from google-genai>=0.3.0->-r requirements.txt (line 5))
2026-01-18T18:43:28.1512575Z   Using cached distro-1.9.0-py3-none-any.whl.metadata (6.8 kB)
2026-01-18T18:43:28.1584059Z Collecting sniffio (from google-genai>=0.3.0->-r requirements.txt (line 5))
2026-01-18T18:43:28.1597903Z   Using cached sniffio-1.3.1-py3-none-any.whl.metadata (3.9 kB)
2026-01-18T18:43:28.1866137Z Collecting pyasn1-modules>=0.2.1 (from google-auth<3.0.0,>=2.47.0->google-auth[requests]<3.0.0,>=2.47.0->google-genai>=0.3.0->-r requirements.txt (line 5))
2026-01-18T18:43:28.1879655Z   Using cached pyasn1_modules-0.4.2-py3-none-any.whl.metadata (3.5 kB)
2026-01-18T18:43:28.2007669Z Collecting rsa<5,>=3.1.4 (from google-auth<3.0.0,>=2.47.0->google-auth[requests]<3.0.0,>=2.47.0->google-genai>=0.3.0->-r requirements.txt (line 5))
2026-01-18T18:43:28.2020902Z   Using cached rsa-4.9.1-py3-none-any.whl.metadata (5.6 kB)
2026-01-18T18:43:28.2272693Z Collecting httpcore==1.* (from httpx<1.0.0,>=0.28.1->google-genai>=0.3.0->-r requirements.txt (line 5))
2026-01-18T18:43:28.2286014Z   Using cached httpcore-1.0.9-py3-none-any.whl.metadata (21 kB)
2026-01-18T18:43:28.2391848Z Collecting h11>=0.16 (from httpcore==1.*->httpx<1.0.0,>=0.28.1->google-genai>=0.3.0->-r requirements.txt (line 5))
2026-01-18T18:43:28.2405582Z   Using cached h11-0.16.0-py3-none-any.whl.metadata (8.3 kB)
2026-01-18T18:43:28.2506321Z Collecting annotated-types>=0.6.0 (from pydantic<3.0.0,>=2.9.0->google-genai>=0.3.0->-r requirements.txt (line 5))
2026-01-18T18:43:28.2519863Z   Using cached annotated_types-0.7.0-py3-none-any.whl.metadata (15 kB)
2026-01-18T18:43:28.9051376Z Collecting pydantic-core==2.41.5 (from pydantic<3.0.0,>=2.9.0->google-genai>=0.3.0->-r requirements.txt (line 5))
2026-01-18T18:43:28.9067519Z   Using cached pydantic_core-2.41.5-cp311-cp311-manylinux_2_17_x86_64.manylinux2014_x86_64.whl.metadata (7.3 kB)
2026-01-18T18:43:28.9178038Z Collecting typing-inspection>=0.4.2 (from pydantic<3.0.0,>=2.9.0->google-genai>=0.3.0->-r requirements.txt (line 5))
2026-01-18T18:43:28.9191585Z   Using cached typing_inspection-0.4.2-py3-none-any.whl.metadata (2.6 kB)
2026-01-18T18:43:28.9835514Z Collecting pyasn1>=0.1.3 (from rsa<5,>=3.1.4->google-auth<3.0.0,>=2.47.0->google-auth[requests]<3.0.0,>=2.47.0->google-genai>=0.3.0->-r requirements.txt (line 5))
2026-01-18T18:43:28.9850347Z   Using cached pyasn1-0.6.2-py3-none-any.whl.metadata (8.4 kB)
2026-01-18T18:43:29.0124977Z Using cached playwright-1.57.0-py3-none-manylinux1_x86_64.whl (46.0 MB)
2026-01-18T18:43:29.0468822Z Using cached greenlet-3.3.0-cp311-cp311-manylinux_2_24_x86_64.manylinux_2_28_x86_64.whl (590 kB)
2026-01-18T18:43:29.0485148Z Using cached pyee-13.0.0-py3-none-any.whl (15 kB)
2026-01-18T18:43:29.0498356Z Using cached python_dotenv-1.2.1-py3-none-any.whl (21 kB)
2026-01-18T18:43:29.0511357Z Using cached requests-2.32.5-py3-none-any.whl (64 kB)
2026-01-18T18:43:29.0525625Z Using cached charset_normalizer-3.4.4-cp311-cp311-manylinux2014_x86_64.manylinux_2_17_x86_64.manylinux_2_28_x86_64.whl (151 kB)
2026-01-18T18:43:29.0539128Z Using cached idna-3.11-py3-none-any.whl (71 kB)
2026-01-18T18:43:29.0552511Z Using cached urllib3-2.6.3-py3-none-any.whl (131 kB)
2026-01-18T18:43:29.0566423Z Using cached pillow-12.1.0-cp311-cp311-manylinux_2_27_x86_64.manylinux_2_28_x86_64.whl (7.0 MB)
2026-01-18T18:43:29.0629220Z Using cached google_genai-1.59.0-py3-none-any.whl (719 kB)
2026-01-18T18:43:29.0647089Z Using cached anyio-4.12.1-py3-none-any.whl (113 kB)
2026-01-18T18:43:29.0660498Z Using cached distro-1.9.0-py3-none-any.whl (20 kB)
2026-01-18T18:43:29.0673743Z Using cached google_auth-2.47.0-py3-none-any.whl (234 kB)
2026-01-18T18:43:29.0687958Z Using cached httpx-0.28.1-py3-none-any.whl (73 kB)
2026-01-18T18:43:29.0701152Z Using cached httpcore-1.0.9-py3-none-any.whl (78 kB)
2026-01-18T18:43:29.0714792Z Using cached pydantic-2.12.5-py3-none-any.whl (463 kB)
2026-01-18T18:43:29.0731171Z Using cached pydantic_core-2.41.5-cp311-cp311-manylinux_2_17_x86_64.manylinux2014_x86_64.whl (2.1 MB)
2026-01-18T18:43:29.0758186Z Using cached rsa-4.9.1-py3-none-any.whl (34 kB)
2026-01-18T18:43:29.0770989Z Using cached tenacity-9.1.2-py3-none-any.whl (28 kB)
2026-01-18T18:43:29.0784278Z Using cached typing_extensions-4.15.0-py3-none-any.whl (44 kB)
2026-01-18T18:43:29.0798067Z Using cached websockets-15.0.1-cp311-cp311-manylinux_2_5_x86_64.manylinux1_x86_64.manylinux_2_17_x86_64.manylinux2014_x86_64.whl (182 kB)
2026-01-18T18:43:29.0811715Z Using cached termcolor-3.3.0-py3-none-any.whl (7.7 kB)
2026-01-18T18:43:29.0825456Z Using cached pyyaml-6.0.3-cp311-cp311-manylinux2014_x86_64.manylinux_2_17_x86_64.manylinux_2_28_x86_64.whl (806 kB)
2026-01-18T18:43:29.0843912Z Using cached opencv_python_headless-4.13.0.90-cp37-abi3-manylinux_2_28_x86_64.whl (62.5 MB)
2026-01-18T18:43:29.1299026Z Using cached numpy-2.4.1-cp311-cp311-manylinux_2_27_x86_64.manylinux_2_28_x86_64.whl (16.7 MB)
2026-01-18T18:43:29.1428665Z Using cached faker-40.1.2-py3-none-any.whl (2.0 MB)
2026-01-18T18:43:29.1456025Z Using cached annotated_types-0.7.0-py3-none-any.whl (13 kB)
2026-01-18T18:43:29.1469137Z Using cached certifi-2026.1.4-py3-none-any.whl (152 kB)
2026-01-18T18:43:29.1483006Z Using cached h11-0.16.0-py3-none-any.whl (37 kB)
2026-01-18T18:43:29.1496108Z Using cached pyasn1-0.6.2-py3-none-any.whl (83 kB)
2026-01-18T18:43:29.1509506Z Using cached pyasn1_modules-0.4.2-py3-none-any.whl (181 kB)
2026-01-18T18:43:29.1523797Z Using cached typing_inspection-0.4.2-py3-none-any.whl (14 kB)
2026-01-18T18:43:29.1536844Z Using cached sniffio-1.3.1-py3-none-any.whl (10 kB)
2026-01-18T18:43:29.3550620Z Installing collected packages: websockets, urllib3, typing-extensions, termcolor, tenacity, sniffio, PyYAML, python-dotenv, pyasn1, pillow, numpy, idna, h11, greenlet, faker, distro, charset_normalizer, certifi, annotated-types, typing-inspection, rsa, requests, pyee, pydantic-core, pyasn1-modules, opencv-python-headless, httpcore, anyio, pydantic, playwright, httpx, google-auth, google-genai
2026-01-18T18:43:36.1080050Z 
2026-01-18T18:43:36.1104454Z Successfully installed PyYAML-6.0.3 annotated-types-0.7.0 anyio-4.12.1 certifi-2026.1.4 charset_normalizer-3.4.4 distro-1.9.0 faker-40.1.2 google-auth-2.47.0 google-genai-1.59.0 greenlet-3.3.0 h11-0.16.0 httpcore-1.0.9 httpx-0.28.1 idna-3.11 numpy-2.4.1 opencv-python-headless-4.13.0.90 pillow-12.1.0 playwright-1.57.0 pyasn1-0.6.2 pyasn1-modules-0.4.2 pydantic-2.12.5 pydantic-core-2.41.5 pyee-13.0.0 python-dotenv-1.2.1 requests-2.32.5 rsa-4.9.1 sniffio-1.3.1 tenacity-9.1.2 termcolor-3.3.0 typing-extensions-4.15.0 typing-inspection-0.4.2 urllib3-2.6.3 websockets-15.0.1
2026-01-18T18:43:36.7280003Z Downloading Chromium 143.0.7499.4 (playwright build v1200) from https://cdn.playwright.dev/dbazure/download/playwright/builds/chromium/1200/chromium-linux.zip
2026-01-18T18:43:36.8359293Z (node:2190) [DEP0169] DeprecationWarning: `url.parse()` behavior is not standardized and prone to errors that have security implications. Use the WHATWG URL API instead. CVEs are not issued for `url.parse()` vulnerabilities.
2026-01-18T18:43:36.8361141Z (Use `node --trace-deprecation ...` to show where the warning was created)
2026-01-18T18:43:36.9531331Z |                                                                                |   0% of 164.7 MiB
2026-01-18T18:43:37.0979456Z |■■■■■■■■                                                                        |  10% of 164.7 MiB
2026-01-18T18:43:37.2245257Z |■■■■■■■■■■■■■■■■                                                                |  20% of 164.7 MiB
2026-01-18T18:43:37.3360036Z |■■■■■■■■■■■■■■■■■■■■■■■■                                                        |  30% of 164.7 MiB
2026-01-18T18:43:37.4739887Z |■■■■■■■■■■■■■■■■■■■■■■■■■■■■■■■■                                                |  40% of 164.7 MiB
2026-01-18T18:43:37.5924405Z |■■■■■■■■■■■■■■■■■■■■■■■■■■■■■■■■■■■■■■■■                                        |  50% of 164.7 MiB
2026-01-18T18:43:37.7087360Z |■■■■■■■■■■■■■■■■■■■■■■■■■■■■■■■■■■■■■■■■■■■■■■■■                                |  60% of 164.7 MiB
2026-01-18T18:43:37.8183526Z |■■■■■■■■■■■■■■■■■■■■■■■■■■■■■■■■■■■■■■■■■■■■■■■■■■■■■■■■                        |  70% of 164.7 MiB
2026-01-18T18:43:37.9307081Z |■■■■■■■■■■■■■■■■■■■■■■■■■■■■■■■■■■■■■■■■■■■■■■■■■■■■■■■■■■■■■■■■                |  80% of 164.7 MiB
2026-01-18T18:43:38.0374728Z |■■■■■■■■■■■■■■■■■■■■■■■■■■■■■■■■■■■■■■■■■■■■■■■■■■■■■■■■■■■■■■■■■■■■■■■■        |  90% of 164.7 MiB
2026-01-18T18:43:38.1880230Z |■■■■■■■■■■■■■■■■■■■■■■■■■■■■■■■■■■■■■■■■■■■■■■■■■■■■■■■■■■■■■■■■■■■■■■■■■■■■■■■■| 100% of 164.7 MiB
2026-01-18T18:43:41.2550428Z Chromium 143.0.7499.4 (playwright build v1200) downloaded to /home/runner/.cache/ms-playwright/chromium-1200
2026-01-18T18:43:41.2555868Z Downloading FFMPEG playwright build v1011 from https://cdn.playwright.dev/dbazure/download/playwright/builds/ffmpeg/1011/ffmpeg-linux.zip
2026-01-18T18:43:41.3550026Z (node:2201) [DEP0169] DeprecationWarning: `url.parse()` behavior is not standardized and prone to errors that have security implications. Use the WHATWG URL API instead. CVEs are not issued for `url.parse()` vulnerabilities.
2026-01-18T18:43:41.3551245Z (Use `node --trace-deprecation ...` to show where the warning was created)
2026-01-18T18:43:41.6048136Z |                                                                                |   0% of 2.3 MiB
2026-01-18T18:43:41.6089180Z |■■■■■■■■                                                                        |  10% of 2.3 MiB
2026-01-18T18:43:41.6108606Z |■■■■■■■■■■■■■■■■                                                                |  20% of 2.3 MiB
2026-01-18T18:43:41.6131250Z |■■■■■■■■■■■■■■■■■■■■■■■■                                                        |  30% of 2.3 MiB
2026-01-18T18:43:41.6150112Z |■■■■■■■■■■■■■■■■■■■■■■■■■■■■■■■■                                                |  40% of 2.3 MiB
2026-01-18T18:43:41.6178391Z |■■■■■■■■■■■■■■■■■■■■■■■■■■■■■■■■■■■■■■■■                                        |  50% of 2.3 MiB
2026-01-18T18:43:41.6189437Z |■■■■■■■■■■■■■■■■■■■■■■■■■■■■■■■■■■■■■■■■■■■■■■■■                                |  60% of 2.3 MiB
2026-01-18T18:43:41.6208884Z |■■■■■■■■■■■■■■■■■■■■■■■■■■■■■■■■■■■■■■■■■■■■■■■■■■■■■■■■                        |  70% of 2.3 MiB
2026-01-18T18:43:41.6226915Z |■■■■■■■■■■■■■■■■■■■■■■■■■■■■■■■■■■■■■■■■■■■■■■■■■■■■■■■■■■■■■■■■                |  80% of 2.3 MiB
2026-01-18T18:43:41.6241445Z |■■■■■■■■■■■■■■■■■■■■■■■■■■■■■■■■■■■■■■■■■■■■■■■■■■■■■■■■■■■■■■■■■■■■■■■■        |  90% of 2.3 MiB
2026-01-18T18:43:41.6252749Z |■■■■■■■■■■■■■■■■■■■■■■■■■■■■■■■■■■■■■■■■■■■■■■■■■■■■■■■■■■■■■■■■■■■■■■■■■■■■■■■■| 100% of 2.3 MiB
2026-01-18T18:43:41.7088179Z FFMPEG playwright build v1011 downloaded to /home/runner/.cache/ms-playwright/ffmpeg-1011
2026-01-18T18:43:41.7091577Z Downloading Chromium Headless Shell 143.0.7499.4 (playwright build v1200) from https://cdn.playwright.dev/dbazure/download/playwright/builds/chromium/1200/chromium-headless-shell-linux.zip
2026-01-18T18:43:41.8322531Z (node:2212) [DEP0169] DeprecationWarning: `url.parse()` behavior is not standardized and prone to errors that have security implications. Use the WHATWG URL API instead. CVEs are not issued for `url.parse()` vulnerabilities.
2026-01-18T18:43:41.8324550Z (Use `node --trace-deprecation ...` to show where the warning was created)
2026-01-18T18:43:41.9446474Z |                                                                                |   0% of 109.7 MiB
2026-01-18T18:43:42.0759865Z |■■■■■■■■                                                                        |  10% of 109.7 MiB
2026-01-18T18:43:42.1672522Z |■■■■■■■■■■■■■■■■                                                                |  20% of 109.7 MiB
2026-01-18T18:43:42.2556570Z |■■■■■■■■■■■■■■■■■■■■■■■■                                                        |  30% of 109.7 MiB
2026-01-18T18:43:42.3435993Z |■■■■■■■■■■■■■■■■■■■■■■■■■■■■■■■■                                                |  40% of 109.7 MiB
2026-01-18T18:43:42.4675039Z |■■■■■■■■■■■■■■■■■■■■■■■■■■■■■■■■■■■■■■■■                                        |  50% of 109.7 MiB
2026-01-18T18:43:42.5618205Z |■■■■■■■■■■■■■■■■■■■■■■■■■■■■■■■■■■■■■■■■■■■■■■■■                                |  60% of 109.7 MiB
2026-01-18T18:43:42.6756171Z |■■■■■■■■■■■■■■■■■■■■■■■■■■■■■■■■■■■■■■■■■■■■■■■■■■■■■■■■                        |  70% of 109.7 MiB
2026-01-18T18:43:42.8334103Z |■■■■■■■■■■■■■■■■■■■■■■■■■■■■■■■■■■■■■■■■■■■■■■■■■■■■■■■■■■■■■■■■                |  80% of 109.7 MiB
2026-01-18T18:43:42.9403177Z |■■■■■■■■■■■■■■■■■■■■■■■■■■■■■■■■■■■■■■■■■■■■■■■■■■■■■■■■■■■■■■■■■■■■■■■■        |  90% of 109.7 MiB
2026-01-18T18:43:43.0079147Z |■■■■■■■■■■■■■■■■■■■■■■■■■■■■■■■■■■■■■■■■■■■■■■■■■■■■■■■■■■■■■■■■■■■■■■■■■■■■■■■■| 100% of 109.7 MiB
2026-01-18T18:43:45.2106448Z Chromium Headless Shell 143.0.7499.4 (playwright build v1200) downloaded to /home/runner/.cache/ms-playwright/chromium_headless_shell-1200
2026-01-18T18:43:45.2372252Z ##[group]Run mkdir -p projects/ci_automationexercise_shop
2026-01-18T18:43:45.2372769Z [36;1mmkdir -p projects/ci_automationexercise_shop[0m
2026-01-18T18:43:45.2373207Z [36;1mcat > projects/ci_automationexercise_shop/config.json << 'EOF'[0m
2026-01-18T18:43:45.2373555Z [36;1m{[0m
2026-01-18T18:43:45.2373791Z [36;1m  "project_name": "ci_automationexercise_shop",[0m
2026-01-18T18:43:45.2374180Z [36;1m  "target_url": "https://www.automationexercise.com/",[0m
2026-01-18T18:43:45.2374551Z [36;1m  "goal": "Explore shopping features and cart",[0m
2026-01-18T18:43:45.2374834Z [36;1m  "headless": true[0m
2026-01-18T18:43:45.2375045Z [36;1m}[0m
2026-01-18T18:43:45.2375211Z [36;1mEOF[0m
2026-01-18T18:43:45.2410618Z shell: /usr/bin/bash -e {0}
2026-01-18T18:43:45.2410891Z env:
2026-01-18T18:43:45.2411169Z   pythonLocation: /opt/hostedtoolcache/Python/3.11.14/x64
2026-01-18T18:43:45.2411589Z   PKG_CONFIG_PATH: /opt/hostedtoolcache/Python/3.11.14/x64/lib/pkgconfig
2026-01-18T18:43:45.2412167Z   Python_ROOT_DIR: /opt/hostedtoolcache/Python/3.11.14/x64
2026-01-18T18:43:45.2412551Z   Python2_ROOT_DIR: /opt/hostedtoolcache/Python/3.11.14/x64
2026-01-18T18:43:45.2412914Z   Python3_ROOT_DIR: /opt/hostedtoolcache/Python/3.11.14/x64
2026-01-18T18:43:45.2413291Z   LD_LIBRARY_PATH: /opt/hostedtoolcache/Python/3.11.14/x64/lib
2026-01-18T18:43:45.2413606Z ##[endgroup]
2026-01-18T18:43:45.2535815Z ##[group]Run # Use --deep for comprehensive regression suite
2026-01-18T18:43:45.2536293Z [36;1m# Use --deep for comprehensive regression suite[0m
2026-01-18T18:43:45.2536799Z [36;1mpython orchestrator.py --project projects/ci_automationexercise_shop --deep --force[0m
2026-01-18T18:43:45.2570821Z shell: /usr/bin/bash -e {0}
2026-01-18T18:43:45.2571052Z env:
2026-01-18T18:43:45.2571313Z   pythonLocation: /opt/hostedtoolcache/Python/3.11.14/x64
2026-01-18T18:43:45.2571741Z   PKG_CONFIG_PATH: /opt/hostedtoolcache/Python/3.11.14/x64/lib/pkgconfig
2026-01-18T18:43:45.2572450Z   Python_ROOT_DIR: /opt/hostedtoolcache/Python/3.11.14/x64
2026-01-18T18:43:45.2573107Z   Python2_ROOT_DIR: /opt/hostedtoolcache/Python/3.11.14/x64
2026-01-18T18:43:45.2573473Z   Python3_ROOT_DIR: /opt/hostedtoolcache/Python/3.11.14/x64
2026-01-18T18:43:45.2573838Z   LD_LIBRARY_PATH: /opt/hostedtoolcache/Python/3.11.14/x64/lib
2026-01-18T18:43:45.2574402Z   GOOGLE_API_KEY: ***
2026-01-18T18:43:45.2574661Z   PYTHONPATH: .
2026-01-18T18:43:45.2574863Z ##[endgroup]
2026-01-18T18:43:47.3616825Z usage: discovery.py [-h] --project PROJECT --url URL
2026-01-18T18:43:47.3617645Z discovery.py: error: unrecognized arguments: --deep
2026-01-18T18:43:54.2953591Z 
2026-01-18T18:43:54.2954365Z [PLAN] PLANNER: Planning goal -> 'Explore shopping features and cart' (Deep Mode: True)
2026-01-18T18:43:54.2955667Z 🎭 [EXPERT] Detected Domain: ECOMMERCE. Persona: Act as a Senior SDET focusing on e-commerce flow automation and conversion funnel reliability
2026-01-18T18:43:54.2956384Z [DEBUG] Sending request to gemini-2.0-flash. Number of parts: 1
2026-01-18T18:43:54.2956745Z [DEBUG] Received response (Length: 4390)
2026-01-18T18:43:54.2957180Z ✅ Planner generated 3 scenarios. Workflow updated.
2026-01-18T18:43:55.5353823Z 
2026-01-18T18:43:55.5354616Z 🕵️ [DEEP EXPLORER] Starting Multi-Scenario Exploration
2026-01-18T18:43:55.5355436Z 📋 Found 3 scenarios to explore.
2026-01-18T18:43:56.8818747Z 
2026-01-18T18:43:56.8819406Z [1/3] Exploring Scenario: Search, Add to Cart, and Checkout
2026-01-18T18:43:56.8822381Z     🧠 Initialized exploration context for goal: 'Explore shopping features and cart'
2026-01-18T18:43:56.8823260Z   ▶️ [STEP step_1] NAVIGATE: 
2026-01-18T18:43:57.8580813Z     ✅ Navigated to https://www.automationexercise.com/
2026-01-18T18:43:57.8581417Z   ▶️ [STEP step_2] ASSERT_URL: 
2026-01-18T18:44:02.8947939Z     ⚠️ Scroll into view failed for text=None. Proceeding anyway.
2026-01-18T18:44:04.8971291Z     ✅ State transitioned.
2026-01-18T18:44:06.7772563Z [DEBUG] Sending request to gemini-2.0-flash. Number of parts: 2
2026-01-18T18:44:06.7773354Z [DEBUG] Received response (Length: 222)
2026-01-18T18:44:06.7774315Z     🤖 AI Next Step Suggestion: click -> Products
2026-01-18T18:44:06.7774970Z     🧩 Suggested Locator: a[href='/products']
2026-01-18T18:44:06.7775828Z     💭 Reasoning: To explore shopping features, navigating to the products page is the next logical step to find items to add to the cart.
2026-01-18T18:44:06.7776569Z     ➕ Injected AI step: click -> Products
2026-01-18T18:44:06.7776933Z   ▶️ [STEP step_2_ai_1] CLICK: Products
2026-01-18T18:44:06.7862575Z     🎯 Using AI-provided locator: a[href='/products']
2026-01-18T18:44:06.7955953Z     ✅ Found 1 verified locators
2026-01-18T18:44:10.8701432Z     ✅ State transitioned.
2026-01-18T18:44:12.4129827Z [DEBUG] Sending request to gemini-2.0-flash. Number of parts: 2
2026-01-18T18:44:12.4130475Z [DEBUG] Received response (Length: 225)
2026-01-18T18:44:12.4131374Z     🤖 AI Next Step Suggestion: fill -> Search Product
2026-01-18T18:44:12.4132271Z     🧩 Suggested Locator: #search_product
2026-01-18T18:44:12.4133454Z     💭 Reasoning: To explore shopping features, I will search for a product. 'dress' is a common e-commerce search term.
2026-01-18T18:44:12.4134618Z     ➕ Injected AI step: fill -> Search Product
2026-01-18T18:44:12.4135245Z   ▶️ [STEP step_2_ai_2] FILL: Search Product
2026-01-18T18:44:12.4301757Z     📢 Detected overlay (ins.adsbygoogle). Dismissing...
2026-01-18T18:44:13.9396867Z     🎯 Using AI-provided locator: #search_product
2026-01-18T18:44:13.9458462Z     ✅ Found 1 verified locators
2026-01-18T18:44:13.9522447Z     📢 Detected overlay (ins.adsbygoogle). Dismissing...
2026-01-18T18:44:20.8836842Z     ✅ State transitioned.
2026-01-18T18:44:22.7533406Z [DEBUG] Sending request to gemini-2.0-flash. Number of parts: 2
2026-01-18T18:44:22.7534176Z [DEBUG] Received response (Length: 199)
2026-01-18T18:44:22.7535011Z     🤖 AI Next Step Suggestion: click -> Search
2026-01-18T18:44:22.7535638Z     🧩 Suggested Locator: #submit_search
2026-01-18T18:44:22.7536828Z     💭 Reasoning: The search term has been entered, now we need to submit the search to view the results.
2026-01-18T18:44:22.7538394Z     ➕ Injected AI step: click -> Search
2026-01-18T18:44:22.7539070Z   ▶️ [STEP step_2_ai_3] CLICK: Search
2026-01-18T18:44:22.7641209Z     📢 Detected overlay (ins.adsbygoogle). Dismissing...
2026-01-18T18:44:24.2717562Z     🎯 Using AI-provided locator: #submit_search
2026-01-18T18:44:24.2832688Z     ✅ Found 1 verified locators
2026-01-18T18:44:24.2930835Z     📢 Detected overlay (ins.adsbygoogle). Dismissing...
2026-01-18T18:44:29.8704575Z     ✅ State transitioned.
2026-01-18T18:44:31.3514991Z [DEBUG] Sending request to gemini-2.0-flash. Number of parts: 2
2026-01-18T18:44:31.3515728Z [DEBUG] Received response (Length: 242)
2026-01-18T18:44:31.3516556Z     🤖 AI Next Step Suggestion: done -> N/A
2026-01-18T18:44:31.3518592Z     💭 Reasoning: The search for 'dress' has been completed. There are no products displayed on the page to add to the cart. Therefore, the goal of exploring shopping features and cart cannot be achieved from this page.
2026-01-18T18:44:31.3520411Z   ▶️ [STEP step_3] FILL: Search Product
2026-01-18T18:44:31.3687610Z     📢 Detected overlay (ins.adsbygoogle). Dismissing...
2026-01-18T18:44:32.8757473Z     🔍 Mining locators for: 'Search Product'
2026-01-18T18:44:33.0567890Z     ✅ Found 4 verified locators
2026-01-18T18:44:33.0643491Z     📢 Detected overlay (ins.adsbygoogle). Dismissing...
2026-01-18T18:44:39.7883314Z     ✅ State transitioned.
2026-01-18T18:44:41.4839473Z [DEBUG] Sending request to gemini-2.0-flash. Number of parts: 2
2026-01-18T18:44:41.4840499Z [DEBUG] Received response (Length: 221)
2026-01-18T18:44:41.4841407Z     🤖 AI Next Step Suggestion: click -> first product in the list
2026-01-18T18:44:41.4842759Z     💭 Reasoning: Now that the search is complete, select the first product to view details and potentially add to cart.
2026-01-18T18:44:41.4843648Z     ➕ Injected AI step: click -> first product in the list
2026-01-18T18:44:41.4844185Z   ▶️ [STEP step_3_ai_1] CLICK: first product in the list
2026-01-18T18:44:41.4917365Z     📢 Detected overlay (ins.adsbygoogle). Dismissing...
2026-01-18T18:44:42.9981069Z     🔍 Mining locators for: 'first product in the list'
2026-01-18T18:44:43.0787236Z     🧠 Consulting AI (Vision-First) to find 'first product in the list'...
2026-01-18T18:44:43.0790987Z     🧠 [EXPERT] Strategy: Act as a Senior SDET focusing on e-commerce flow automation and conversion funnel reliability. Focus on the complete shopping funnel (Search -> Product Selection -> Add to Cart -> Checkout). CRITICAL: Identify SEARCH BARS, magnifying glass icons, and 'Add to Cart' buttons as primary automation targets. Dismiss popups that block the flow. For product lists, default to selecting the FIRST available item for consistent automation.
2026-01-18T18:44:47.2326914Z [DEBUG] Sending request to gemini-2.0-flash. Number of parts: 2
2026-01-18T18:44:47.2327573Z [DEBUG] Received response (Length: 584)
2026-01-18T18:44:47.2328213Z     🔄 Retry 1/3 mining locators for 'first product in the list'...
2026-01-18T18:44:48.3448659Z     🧠 Consulting AI (Vision-First) to find 'first product in the list'...
2026-01-18T18:44:48.3451741Z     🧠 [EXPERT] Strategy: Act as a Senior SDET focusing on e-commerce flow automation and conversion funnel reliability. Focus on the complete shopping funnel (Search -> Product Selection -> Add to Cart -> Checkout). CRITICAL: Identify SEARCH BARS, magnifying glass icons, and 'Add to Cart' buttons as primary automation targets. Dismiss popups that block the flow. For product lists, default to selecting the FIRST available item for consistent automation.
2026-01-18T18:44:52.8664548Z [DEBUG] Sending request to gemini-2.0-flash. Number of parts: 2
2026-01-18T18:44:52.8665075Z [DEBUG] Received response (Length: 1040)
2026-01-18T18:44:52.8665718Z     🔄 Retry 2/3 mining locators for 'first product in the list'...
2026-01-18T18:44:54.0286777Z     🧠 Consulting AI (Vision-First) to find 'first product in the list'...
2026-01-18T18:44:54.0290173Z     🧠 [EXPERT] Strategy: Act as a Senior SDET focusing on e-commerce flow automation and conversion funnel reliability. Focus on the complete shopping funnel (Search -> Product Selection -> Add to Cart -> Checkout). CRITICAL: Identify SEARCH BARS, magnifying glass icons, and 'Add to Cart' buttons as primary automation targets. Dismiss popups that block the flow. For product lists, default to selecting the FIRST available item for consistent automation.
2026-01-18T18:44:57.9105346Z [DEBUG] Sending request to gemini-2.0-flash. Number of parts: 2
2026-01-18T18:44:57.9106403Z [DEBUG] Received response (Length: 1031)
2026-01-18T18:44:57.9108022Z     🧠 Verifying step validity for 'first product in the list' after mining failure...
2026-01-18T18:45:01.5058509Z [DEBUG] Sending request to gemini-2.0-flash. Number of parts: 2
2026-01-18T18:45:01.5059514Z [DEBUG] Received response (Length: 296)
2026-01-18T18:45:01.5060946Z     🛠️ Self-Correction: Step is valid. Using new locator: .features_items > div:nth-child(3)
2026-01-18T18:45:01.5147539Z     📢 Detected overlay (ins.adsbygoogle). Dismissing...
2026-01-18T18:45:07.0999261Z     ✅ State transitioned.
2026-01-18T18:45:07.1623239Z     🔄 Revisited state detected (count: 1)
2026-01-18T18:45:08.8889961Z [DEBUG] Sending request to gemini-2.0-flash. Number of parts: 2
2026-01-18T18:45:08.8890533Z [DEBUG] Received response (Length: 315)
2026-01-18T18:45:08.8891179Z     🤖 AI Next Step Suggestion: click -> Add to cart
2026-01-18T18:45:08.8892569Z     💭 Reasoning: The goal is to explore shopping features and cart. After searching for a product, the next logical step is to add it to the cart. There are multiple 'Add to cart' buttons visible, so I will click the first one.
2026-01-18T18:45:08.8893511Z     ➕ Injected AI step: click -> Add to cart
2026-01-18T18:45:08.8893841Z   ▶️ [STEP step_3_ai_2] CLICK: Add to cart
2026-01-18T18:45:08.8959842Z     📢 Detected overlay (ins.adsbygoogle). Dismissing...
2026-01-18T18:45:10.4017662Z     🔍 Mining locators for: 'Add to cart'
2026-01-18T18:45:10.4939990Z     🧠 Consulting AI (Vision-First) to find 'Add to cart'...
2026-01-18T18:45:10.4942788Z     🧠 [EXPERT] Strategy: Act as a Senior SDET focusing on e-commerce flow automation and conversion funnel reliability. Focus on the complete shopping funnel (Search -> Product Selection -> Add to Cart -> Checkout). CRITICAL: Identify SEARCH BARS, magnifying glass icons, and 'Add to Cart' buttons as primary automation targets. Dismiss popups that block the flow. For product lists, default to selecting the FIRST available item for consistent automation.
2026-01-18T18:45:14.3450740Z [DEBUG] Sending request to gemini-2.0-flash. Number of parts: 2
2026-01-18T18:45:14.3451163Z [DEBUG] Received response (Length: 476)
2026-01-18T18:45:14.3451696Z     ⚠️ Critical step failure: 'priority'
2026-01-18T18:45:14.3452292Z   ▶️ [STEP step_4] CLICK: Search
2026-01-18T18:45:14.3507535Z     📢 Detected overlay (ins.adsbygoogle). Dismissing...
2026-01-18T18:45:15.8573875Z     🔍 Mining locators for: 'Search'
2026-01-18T18:45:15.9734670Z     ✅ Found 6 verified locators
2026-01-18T18:45:15.9793630Z     📢 Detected overlay (ins.adsbygoogle). Dismissing...
2026-01-18T18:45:21.0458712Z     ✅ State transitioned.
2026-01-18T18:45:21.1053709Z     🔄 Revisited state detected (count: 2)
2026-01-18T18:45:23.0980328Z [DEBUG] Sending request to gemini-2.0-flash. Number of parts: 2
2026-01-18T18:45:23.0983184Z [DEBUG] Received response (Length: 311)
2026-01-18T18:45:23.0984028Z     🤖 AI Next Step Suggestion: click -> Add to cart
2026-01-18T18:45:23.0985688Z     💭 Reasoning: The goal is to explore shopping features and cart. The page shows a list of products after searching for 'dress'. Clicking 'Add to cart' will add the first product to the cart, progressing towards the goal.
2026-01-18T18:45:23.0986967Z     ➕ Injected AI step: click -> Add to cart
2026-01-18T18:45:23.0987335Z   ▶️ [STEP step_4_ai_1] CLICK: Add to cart
2026-01-18T18:45:23.1042133Z     📢 Detected overlay (ins.adsbygoogle). Dismissing...
2026-01-18T18:45:24.6102391Z     🔍 Mining locators for: 'Add to cart'
2026-01-18T18:45:24.6927125Z     🧠 Consulting AI (Vision-First) to find 'Add to cart'...
2026-01-18T18:45:24.6930318Z     🧠 [EXPERT] Strategy: Act as a Senior SDET focusing on e-commerce flow automation and conversion funnel reliability. Focus on the complete shopping funnel (Search -> Product Selection -> Add to Cart -> Checkout). CRITICAL: Identify SEARCH BARS, magnifying glass icons, and 'Add to Cart' buttons as primary automation targets. Dismiss popups that block the flow. For product lists, default to selecting the FIRST available item for consistent automation.
2026-01-18T18:45:28.6280652Z [DEBUG] Sending request to gemini-2.0-flash. Number of parts: 2
2026-01-18T18:45:28.6281141Z [DEBUG] Received response (Length: 511)
2026-01-18T18:45:28.6281777Z     🔄 Retry 1/3 mining locators for 'Add to cart'...
2026-01-18T18:45:29.7092557Z     🧠 Consulting AI (Vision-First) to find 'Add to cart'...
2026-01-18T18:45:29.7096227Z     🧠 [EXPERT] Strategy: Act as a Senior SDET focusing on e-commerce flow automation and conversion funnel reliability. Focus on the complete shopping funnel (Search -> Product Selection -> Add to Cart -> Checkout). CRITICAL: Identify SEARCH BARS, magnifying glass icons, and 'Add to Cart' buttons as primary automation targets. Dismiss popups that block the flow. For product lists, default to selecting the FIRST available item for consistent automation.
2026-01-18T18:45:33.6669721Z [DEBUG] Sending request to gemini-2.0-flash. Number of parts: 2
2026-01-18T18:45:33.6670494Z [DEBUG] Received response (Length: 462)
2026-01-18T18:45:33.6672941Z     ⚠️ Critical step failure: 'priority'
2026-01-18T18:45:33.6674024Z   ▶️ [STEP step_5] ASSERT_VISIBLE: searched products
2026-01-18T18:45:33.6745374Z     📢 Detected overlay (ins.adsbygoogle). Dismissing...
2026-01-18T18:45:35.1810872Z     🔍 Mining locators for: 'searched products'
2026-01-18T18:45:35.2598653Z     🧠 Consulting AI (Vision-First) to find 'searched products'...
2026-01-18T18:45:35.2602422Z     🧠 [EXPERT] Strategy: Act as a Senior SDET focusing on e-commerce flow automation and conversion funnel reliability. Focus on the complete shopping funnel (Search -> Product Selection -> Add to Cart -> Checkout). CRITICAL: Identify SEARCH BARS, magnifying glass icons, and 'Add to Cart' buttons as primary automation targets. Dismiss popups that block the flow. For product lists, default to selecting the FIRST available item for consistent automation.
2026-01-18T18:45:38.9314795Z [DEBUG] Sending request to gemini-2.0-flash. Number of parts: 2
2026-01-18T18:45:38.9315483Z [DEBUG] Received response (Length: 796)
2026-01-18T18:45:38.9316236Z     ⚠️ Critical step failure: 'priority'
2026-01-18T18:45:38.9316768Z   ▶️ [STEP step_6] CLICK: View Product
2026-01-18T18:45:38.9374695Z     📢 Detected overlay (ins.adsbygoogle). Dismissing...
2026-01-18T18:45:40.4424574Z     🔍 Mining locators for: 'View Product'
2026-01-18T18:45:40.5585082Z     🧠 Consulting AI (Vision-First) to find 'View Product'...
2026-01-18T18:45:40.5588705Z     🧠 [EXPERT] Strategy: Act as a Senior SDET focusing on e-commerce flow automation and conversion funnel reliability. Focus on the complete shopping funnel (Search -> Product Selection -> Add to Cart -> Checkout). CRITICAL: Identify SEARCH BARS, magnifying glass icons, and 'Add to Cart' buttons as primary automation targets. Dismiss popups that block the flow. For product lists, default to selecting the FIRST available item for consistent automation.
2026-01-18T18:45:43.5468262Z [DEBUG] Sending request to gemini-2.0-flash. Number of parts: 2
2026-01-18T18:45:43.5468886Z [DEBUG] Received response (Length: 499)
2026-01-18T18:45:43.5469711Z     🔄 Retry 1/3 mining locators for 'View Product'...
2026-01-18T18:45:44.6363040Z     🧠 Consulting AI (Vision-First) to find 'View Product'...
2026-01-18T18:45:44.6366622Z     🧠 [EXPERT] Strategy: Act as a Senior SDET focusing on e-commerce flow automation and conversion funnel reliability. Focus on the complete shopping funnel (Search -> Product Selection -> Add to Cart -> Checkout). CRITICAL: Identify SEARCH BARS, magnifying glass icons, and 'Add to Cart' buttons as primary automation targets. Dismiss popups that block the flow. For product lists, default to selecting the FIRST available item for consistent automation.
2026-01-18T18:45:44.6450009Z [CACHE HIT] 78fef290... (hits: 1, misses: 16)
2026-01-18T18:45:44.6450743Z     🔄 Retry 2/3 mining locators for 'View Product'...
2026-01-18T18:45:45.7262554Z     🧠 Consulting AI (Vision-First) to find 'View Product'...
2026-01-18T18:45:45.7266069Z     🧠 [EXPERT] Strategy: Act as a Senior SDET focusing on e-commerce flow automation and conversion funnel reliability. Focus on the complete shopping funnel (Search -> Product Selection -> Add to Cart -> Checkout). CRITICAL: Identify SEARCH BARS, magnifying glass icons, and 'Add to Cart' buttons as primary automation targets. Dismiss popups that block the flow. For product lists, default to selecting the FIRST available item for consistent automation.
2026-01-18T18:45:48.5226983Z [DEBUG] Sending request to gemini-2.0-flash. Number of parts: 2
2026-01-18T18:45:48.5227473Z [DEBUG] Received response (Length: 523)
2026-01-18T18:45:48.5228119Z     🧠 Verifying step validity for 'View Product' after mining failure...
2026-01-18T18:45:52.9774504Z [DEBUG] Sending request to gemini-2.0-flash. Number of parts: 2
2026-01-18T18:45:52.9774988Z [DEBUG] Received response (Length: 212)
2026-01-18T18:45:52.9775837Z     🛠️ Self-Correction: Step is valid. Using new locator: div.product-overlay > div > a[data-product-id]
2026-01-18T18:45:52.9845252Z     📢 Detected overlay (ins.adsbygoogle). Dismissing...
2026-01-18T18:45:58.5461297Z     ✅ State transitioned.
2026-01-18T18:45:58.6073422Z     🔄 Revisited state detected (count: 3)
2026-01-18T18:46:00.4872649Z [DEBUG] Sending request to gemini-2.0-flash. Number of parts: 2
2026-01-18T18:46:00.4873423Z [DEBUG] Received response (Length: 318)
2026-01-18T18:46:00.4874300Z     🤖 AI Next Step Suggestion: click -> Add to cart
2026-01-18T18:46:00.4876414Z     💭 Reasoning: The goal is to explore shopping features and cart. The page shows a list of products after searching for 'dress'. Clicking 'Add to cart' for the first product will add it to the cart, progressing towards the goal.
2026-01-18T18:46:00.4879382Z ⚠️ Loop detected: same AI suggestion repeated 3 times. Moving to next step.
2026-01-18T18:46:00.4880267Z   ▶️ [STEP step_7] ASSERT_VISIBLE: product detail
2026-01-18T18:46:00.4946211Z     📢 Detected overlay (ins.adsbygoogle). Dismissing...
2026-01-18T18:46:02.0016027Z     🔍 Mining locators for: 'product detail'
2026-01-18T18:46:02.0908247Z     🧠 Consulting AI (Vision-First) to find 'product detail'...
2026-01-18T18:46:02.0910550Z     🧠 [EXPERT] Strategy: Act as a Senior SDET focusing on e-commerce flow automation and conversion funnel reliability. Focus on the complete shopping funnel (Search -> Product Selection -> Add to Cart -> Checkout). CRITICAL: Identify SEARCH BARS, magnifying glass icons, and 'Add to Cart' buttons as primary automation targets. Dismiss popups that block the flow. For product lists, default to selecting the FIRST available item for consistent automation.
2026-01-18T18:46:05.8954986Z [DEBUG] Sending request to gemini-2.0-flash. Number of parts: 2
2026-01-18T18:46:05.8955626Z [DEBUG] Received response (Length: 503)
2026-01-18T18:46:05.8956274Z     🔄 Retry 1/3 mining locators for 'product detail'...
2026-01-18T18:46:06.9743885Z     🧠 Consulting AI (Vision-First) to find 'product detail'...
2026-01-18T18:46:06.9746155Z     🧠 [EXPERT] Strategy: Act as a Senior SDET focusing on e-commerce flow automation and conversion funnel reliability. Focus on the complete shopping funnel (Search -> Product Selection -> Add to Cart -> Checkout). CRITICAL: Identify SEARCH BARS, magnifying glass icons, and 'Add to Cart' buttons as primary automation targets. Dismiss popups that block the flow. For product lists, default to selecting the FIRST available item for consistent automation.
2026-01-18T18:46:10.5372952Z [DEBUG] Sending request to gemini-2.0-flash. Number of parts: 2
2026-01-18T18:46:10.5373802Z [DEBUG] Received response (Length: 376)
2026-01-18T18:46:10.5374445Z     🔄 Retry 2/3 mining locators for 'product detail'...
2026-01-18T18:46:11.6278115Z     🧠 Consulting AI (Vision-First) to find 'product detail'...
2026-01-18T18:46:11.6281717Z     🧠 [EXPERT] Strategy: Act as a Senior SDET focusing on e-commerce flow automation and conversion funnel reliability. Focus on the complete shopping funnel (Search -> Product Selection -> Add to Cart -> Checkout). CRITICAL: Identify SEARCH BARS, magnifying glass icons, and 'Add to Cart' buttons as primary automation targets. Dismiss popups that block the flow. For product lists, default to selecting the FIRST available item for consistent automation.
2026-01-18T18:46:15.9308777Z [DEBUG] Sending request to gemini-2.0-flash. Number of parts: 2
2026-01-18T18:46:15.9309567Z [DEBUG] Received response (Length: 351)
2026-01-18T18:46:15.9310483Z     🧠 Verifying step validity for 'product detail' after mining failure...
2026-01-18T18:46:20.3937608Z [DEBUG] Sending request to gemini-2.0-flash. Number of parts: 2
2026-01-18T18:46:20.3938197Z [DEBUG] Received response (Length: 242)
2026-01-18T18:46:20.3939035Z     🛠️ Self-Correction: Step is valid. Using new locator: div.product-image-wrapper > div > a
2026-01-18T18:46:20.4002964Z     📢 Detected overlay (ins.adsbygoogle). Dismissing...
2026-01-18T18:46:27.4127643Z     ⚠️ Scroll into view failed for div.product-image-wrapper > div > a. Proceeding anyway.
2026-01-18T18:46:29.4150675Z     ✅ State transitioned.
2026-01-18T18:46:29.4752597Z     🔄 Revisited state detected (count: 4)
2026-01-18T18:46:31.3615214Z [DEBUG] Sending request to gemini-2.0-flash. Number of parts: 2
2026-01-18T18:46:31.3615881Z [DEBUG] Received response (Length: 314)
2026-01-18T18:46:31.3616738Z     🤖 AI Next Step Suggestion: click -> Add to cart
2026-01-18T18:46:31.3617472Z     🧩 Suggested Locator: a[data-product-id='1']
2026-01-18T18:46:31.3619386Z     💭 Reasoning: The goal is to explore shopping features and cart. The page shows a list of products after searching for 'dress'. Clicking 'Add to cart' will add the first product to the cart, progressing towards the goal.
2026-01-18T18:46:31.3621188Z     ➕ Injected AI step: click -> Add to cart
2026-01-18T18:46:31.3621764Z   ▶️ [STEP step_7_ai_1] CLICK: Add to cart
2026-01-18T18:46:31.3696475Z     📢 Detected overlay (ins.adsbygoogle). Dismissing...
2026-01-18T18:46:32.8763112Z     🎯 Using AI-provided locator: a[data-product-id='1']
2026-01-18T18:46:32.8786768Z     🔍 Mining locators for: 'Add to cart'
2026-01-18T18:46:32.9582969Z     🧠 Consulting AI (Vision-First) to find 'Add to cart'...
2026-01-18T18:46:32.9585284Z     🧠 [EXPERT] Strategy: Act as a Senior SDET focusing on e-commerce flow automation and conversion funnel reliability. Focus on the complete shopping funnel (Search -> Product Selection -> Add to Cart -> Checkout). CRITICAL: Identify SEARCH BARS, magnifying glass icons, and 'Add to Cart' buttons as primary automation targets. Dismiss popups that block the flow. For product lists, default to selecting the FIRST available item for consistent automation.
2026-01-18T18:46:36.6665754Z [DEBUG] Sending request to gemini-2.0-flash. Number of parts: 2
2026-01-18T18:46:36.6666396Z [DEBUG] Received response (Length: 476)
2026-01-18T18:46:36.6688764Z     ⚠️ Critical step failure: 'priority'
2026-01-18T18:46:36.6689864Z   ▶️ [STEP step_8] CLICK: Add to cart
2026-01-18T18:46:36.6720356Z     📢 Detected overlay (ins.adsbygoogle). Dismissing...
2026-01-18T18:46:38.1782572Z     🔍 Mining locators for: 'Add to cart'
2026-01-18T18:46:38.2572353Z     🧠 Consulting AI (Vision-First) to find 'Add to cart'...
2026-01-18T18:46:38.2574592Z     🧠 [EXPERT] Strategy: Act as a Senior SDET focusing on e-commerce flow automation and conversion funnel reliability. Focus on the complete shopping funnel (Search -> Product Selection -> Add to Cart -> Checkout). CRITICAL: Identify SEARCH BARS, magnifying glass icons, and 'Add to Cart' buttons as primary automation targets. Dismiss popups that block the flow. For product lists, default to selecting the FIRST available item for consistent automation.
2026-01-18T18:46:38.2655895Z [CACHE HIT] b6a21919... (hits: 2, misses: 25)
2026-01-18T18:46:38.2656581Z     ⚠️ Critical step failure: 'priority'
2026-01-18T18:46:38.2657027Z   ▶️ [STEP step_9] ASSERT_VISIBLE: View Cart
2026-01-18T18:46:38.2714904Z     📢 Detected overlay (ins.adsbygoogle). Dismissing...
2026-01-18T18:46:39.7761787Z     🔍 Mining locators for: 'View Cart'
2026-01-18T18:46:39.8566215Z     🧠 Consulting AI (Vision-First) to find 'View Cart'...
2026-01-18T18:46:39.8568521Z     🧠 [EXPERT] Strategy: Act as a Senior SDET focusing on e-commerce flow automation and conversion funnel reliability. Focus on the complete shopping funnel (Search -> Product Selection -> Add to Cart -> Checkout). CRITICAL: Identify SEARCH BARS, magnifying glass icons, and 'Add to Cart' buttons as primary automation targets. Dismiss popups that block the flow. For product lists, default to selecting the FIRST available item for consistent automation.
2026-01-18T18:46:41.4652526Z [DEBUG] Sending request to gemini-2.0-flash. Number of parts: 2
2026-01-18T18:46:41.4653037Z [DEBUG] Received response (Length: 224)
2026-01-18T18:46:41.4653607Z     ⚠️ Skipping duplicate injection: Add to cart
2026-01-18T18:46:41.4654118Z     🔄 Retry 1/3 mining locators for 'View Cart'...
2026-01-18T18:46:42.5897450Z     🧠 Consulting AI (Vision-First) to find 'View Cart'...
2026-01-18T18:46:42.5900685Z     🧠 [EXPERT] Strategy: Act as a Senior SDET focusing on e-commerce flow automation and conversion funnel reliability. Focus on the complete shopping funnel (Search -> Product Selection -> Add to Cart -> Checkout). CRITICAL: Identify SEARCH BARS, magnifying glass icons, and 'Add to Cart' buttons as primary automation targets. Dismiss popups that block the flow. For product lists, default to selecting the FIRST available item for consistent automation.
2026-01-18T18:46:46.6263526Z [DEBUG] Sending request to gemini-2.0-flash. Number of parts: 2
2026-01-18T18:46:46.6264251Z [DEBUG] Received response (Length: 282)
2026-01-18T18:46:46.6265044Z     ⚠️ Skipping duplicate injection: Add to cart
2026-01-18T18:46:46.6265697Z     🔄 Retry 2/3 mining locators for 'View Cart'...
2026-01-18T18:46:47.7221888Z     🧠 Consulting AI (Vision-First) to find 'View Cart'...
2026-01-18T18:46:47.7224491Z     🧠 [EXPERT] Strategy: Act as a Senior SDET focusing on e-commerce flow automation and conversion funnel reliability. Focus on the complete shopping funnel (Search -> Product Selection -> Add to Cart -> Checkout). CRITICAL: Identify SEARCH BARS, magnifying glass icons, and 'Add to Cart' buttons as primary automation targets. Dismiss popups that block the flow. For product lists, default to selecting the FIRST available item for consistent automation.
2026-01-18T18:46:51.5375155Z [DEBUG] Sending request to gemini-2.0-flash. Number of parts: 2
2026-01-18T18:46:51.5375782Z [DEBUG] Received response (Length: 282)
2026-01-18T18:46:51.5376394Z     ⚠️ Skipping duplicate injection: Add to cart
2026-01-18T18:46:51.5377003Z     🧠 Verifying step validity for 'View Cart' after no candidates found...
2026-01-18T18:46:56.5009985Z [DEBUG] Sending request to gemini-2.0-flash. Number of parts: 2
2026-01-18T18:46:56.5010770Z [DEBUG] Received response (Length: 271)
2026-01-18T18:46:56.5014102Z     🗑️ Step deemed INVALID: The 'View Cart' button is not visible on the current page. The page displays a list of products after searching for 'dress'. The next logical step would be to add a product to the cart before viewing the cart.. Removing from workflow.
2026-01-18T18:46:56.5016393Z     ⏭️ Skipping execution of invalid step: View Cart
2026-01-18T18:46:56.5017089Z   ▶️ [STEP step_10] CLICK: View Cart
2026-01-18T18:46:56.5139823Z     📢 Detected overlay (ins.adsbygoogle). Dismissing...
2026-01-18T18:46:58.0206610Z     🔍 Mining locators for: 'View Cart'
2026-01-18T18:46:58.1091568Z     🧠 Consulting AI (Vision-First) to find 'View Cart'...
2026-01-18T18:46:58.1094202Z     🧠 [EXPERT] Strategy: Act as a Senior SDET focusing on e-commerce flow automation and conversion funnel reliability. Focus on the complete shopping funnel (Search -> Product Selection -> Add to Cart -> Checkout). CRITICAL: Identify SEARCH BARS, magnifying glass icons, and 'Add to Cart' buttons as primary automation targets. Dismiss popups that block the flow. For product lists, default to selecting the FIRST available item for consistent automation.
2026-01-18T18:47:01.5258332Z [DEBUG] Sending request to gemini-2.0-flash. Number of parts: 2
2026-01-18T18:47:01.5258771Z [DEBUG] Received response (Length: 224)
2026-01-18T18:47:01.5259573Z     💡 Expert Suggestion: After adding a product to the cart, a 'View Cart' button or link usually appears.
2026-01-18T18:47:01.5260202Z     🛠️ Executing corrective action: click -> 'Add to cart'
2026-01-18T18:47:01.5342750Z     📢 Detected overlay (ins.adsbygoogle). Dismissing...
2026-01-18T18:47:03.1236637Z     🔄 Retry 1/3 mining locators for 'View Cart'...
2026-01-18T18:47:04.2054063Z     🧠 Consulting AI (Vision-First) to find 'View Cart'...
2026-01-18T18:47:04.2056424Z     🧠 [EXPERT] Strategy: Act as a Senior SDET focusing on e-commerce flow automation and conversion funnel reliability. Focus on the complete shopping funnel (Search -> Product Selection -> Add to Cart -> Checkout). CRITICAL: Identify SEARCH BARS, magnifying glass icons, and 'Add to Cart' buttons as primary automation targets. Dismiss popups that block the flow. For product lists, default to selecting the FIRST available item for consistent automation.
2026-01-18T18:47:06.4095791Z [DEBUG] Sending request to gemini-2.0-flash. Number of parts: 2
2026-01-18T18:47:06.4096441Z [DEBUG] Received response (Length: 255)
2026-01-18T18:47:06.4097233Z     ⚠️ Skipping duplicate injection: Add to cart
2026-01-18T18:47:06.4097923Z     🔄 Retry 2/3 mining locators for 'View Cart'...
2026-01-18T18:47:07.5545477Z     🧠 Consulting AI (Vision-First) to find 'View Cart'...
2026-01-18T18:47:07.5547803Z     🧠 [EXPERT] Strategy: Act as a Senior SDET focusing on e-commerce flow automation and conversion funnel reliability. Focus on the complete shopping funnel (Search -> Product Selection -> Add to Cart -> Checkout). CRITICAL: Identify SEARCH BARS, magnifying glass icons, and 'Add to Cart' buttons as primary automation targets. Dismiss popups that block the flow. For product lists, default to selecting the FIRST available item for consistent automation.
2026-01-18T18:47:11.4331027Z [DEBUG] Sending request to gemini-2.0-flash. Number of parts: 2
2026-01-18T18:47:11.4331750Z [DEBUG] Received response (Length: 222)
2026-01-18T18:47:11.4332748Z     ⚠️ Skipping duplicate injection: Add to cart
2026-01-18T18:47:11.4333306Z     🧠 Verifying step validity for 'View Cart' after no candidates found...
2026-01-18T18:47:16.2606657Z [DEBUG] Sending request to gemini-2.0-flash. Number of parts: 2
2026-01-18T18:47:16.2607475Z [DEBUG] Received response (Length: 193)
2026-01-18T18:47:16.2608811Z     🗑️ Step deemed INVALID: The 'View Cart' button is not visible on the product listing page. It typically appears after a product has been added to the cart.. Removing from workflow.
2026-01-18T18:47:16.2610257Z     ⏭️ Skipping execution of invalid step: View Cart
2026-01-18T18:47:16.2610703Z   ▶️ [STEP step_11] ASSERT_VISIBLE: Cart
2026-01-18T18:47:16.2671569Z     📢 Detected overlay (ins.adsbygoogle). Dismissing...
2026-01-18T18:47:17.7724979Z     🔍 Mining locators for: 'Cart'
2026-01-18T18:47:17.8655892Z     ✅ Found 1 verified locators
2026-01-18T18:47:17.8714513Z     📢 Detected overlay (ins.adsbygoogle). Dismissing...
2026-01-18T18:47:21.9208488Z     ✅ State transitioned.
2026-01-18T18:47:21.9816795Z     🔄 Revisited state detected (count: 5)
2026-01-18T18:47:21.9817550Z     ⚠️ Too many revisits (5). Stopping AI step injection to prevent loops.
2026-01-18T18:47:21.9818133Z   ▶️ [STEP step_12] CLICK: Proceed To Checkout
2026-01-18T18:47:21.9890829Z     📢 Detected overlay (ins.adsbygoogle). Dismissing...
2026-01-18T18:47:23.4965881Z     🔍 Mining locators for: 'Proceed To Checkout'
2026-01-18T18:47:23.5726524Z     🧠 Consulting AI (Vision-First) to find 'Proceed To Checkout'...
2026-01-18T18:47:23.5729690Z     🧠 [EXPERT] Strategy: Act as a Senior SDET focusing on e-commerce flow automation and conversion funnel reliability. Focus on the complete shopping funnel (Search -> Product Selection -> Add to Cart -> Checkout). CRITICAL: Identify SEARCH BARS, magnifying glass icons, and 'Add to Cart' buttons as primary automation targets. Dismiss popups that block the flow. For product lists, default to selecting the FIRST available item for consistent automation.
2026-01-18T18:47:24.8651745Z [DEBUG] Sending request to gemini-2.0-flash. Number of parts: 2
2026-01-18T18:47:24.8652729Z [DEBUG] Received response (Length: 222)
2026-01-18T18:47:24.8654353Z     💡 Expert Suggestion: The 'Proceed To Checkout' button is usually found on the cart page after adding items.
2026-01-18T18:47:24.8655687Z     🛠️ Executing corrective action: click -> 'Cart'
2026-01-18T18:47:24.8717521Z     📢 Detected overlay (ins.adsbygoogle). Dismissing...
2026-01-18T18:47:27.3586804Z     ✅ Executed corrective navigation
2026-01-18T18:47:29.3605576Z     🔄 Retry 1/3 mining locators for 'Proceed To Checkout'...
2026-01-18T18:47:30.4200285Z     🧠 Consulting AI (Vision-First) to find 'Proceed To Checkout'...
2026-01-18T18:47:30.4202919Z     🧠 [EXPERT] Strategy: Act as a Senior SDET focusing on e-commerce flow automation and conversion funnel reliability. Focus on the complete shopping funnel (Search -> Product Selection -> Add to Cart -> Checkout). CRITICAL: Identify SEARCH BARS, magnifying glass icons, and 'Add to Cart' buttons as primary automation targets. Dismiss popups that block the flow. For product lists, default to selecting the FIRST available item for consistent automation.
2026-01-18T18:47:32.0353136Z [DEBUG] Sending request to gemini-2.0-flash. Number of parts: 2
2026-01-18T18:47:32.0353560Z [DEBUG] Received response (Length: 212)
2026-01-18T18:47:32.0354326Z     💡 Expert Suggestion: The cart is empty. Need to add products first. Click 'here' to buy products.
2026-01-18T18:47:32.0355065Z     🛠️ Executing corrective action: click -> 'here'
2026-01-18T18:47:32.6025199Z     ✅ Executed corrective navigation
2026-01-18T18:47:34.6048097Z     🔄 Retry 2/3 mining locators for 'Proceed To Checkout'...
2026-01-18T18:47:35.6513057Z     🧠 Consulting AI (Vision-First) to find 'Proceed To Checkout'...
2026-01-18T18:47:35.6516457Z     🧠 [EXPERT] Strategy: Act as a Senior SDET focusing on e-commerce flow automation and conversion funnel reliability. Focus on the complete shopping funnel (Search -> Product Selection -> Add to Cart -> Checkout). CRITICAL: Identify SEARCH BARS, magnifying glass icons, and 'Add to Cart' buttons as primary automation targets. Dismiss popups that block the flow. For product lists, default to selecting the FIRST available item for consistent automation.
2026-01-18T18:47:35.6518575Z [CACHE HIT] 5fd703fa... (hits: 3, misses: 35)
2026-01-18T18:47:35.6519148Z     ⚠️ Skipping duplicate injection: here
2026-01-18T18:47:35.6520384Z     🧠 Verifying step validity for 'Proceed To Checkout' after no candidates found...
2026-01-18T18:47:36.9850184Z [DEBUG] Sending request to gemini-2.0-flash. Number of parts: 2
2026-01-18T18:47:36.9850860Z [DEBUG] Received response (Length: 205)
2026-01-18T18:47:36.9852569Z     🗑️ Step deemed INVALID: The cart is empty. The 'Proceed To Checkout' button is not displayed when the cart is empty. Therefore, it is not possible to interact with it.. Removing from workflow.
2026-01-18T18:47:36.9853512Z     ⏭️ Skipping execution of invalid step: Proceed To Checkout
2026-01-18T18:47:36.9853939Z   ▶️ [STEP step_13] ASSERT_VISIBLE: Login to your account
2026-01-18T18:47:36.9908522Z     🔍 Mining locators for: 'Login to your account'
2026-01-18T18:47:37.0338233Z     🧠 Consulting AI (Vision-First) to find 'Login to your account'...
2026-01-18T18:47:37.0341845Z     🧠 [EXPERT] Strategy: Act as a Senior SDET focusing on e-commerce flow automation and conversion funnel reliability. Focus on the complete shopping funnel (Search -> Product Selection -> Add to Cart -> Checkout). CRITICAL: Identify SEARCH BARS, magnifying glass icons, and 'Add to Cart' buttons as primary automation targets. Dismiss popups that block the flow. For product lists, default to selecting the FIRST available item for consistent automation.
2026-01-18T18:47:42.7122965Z [DEBUG] Sending request to gemini-2.0-flash. Number of parts: 2
2026-01-18T18:47:42.7123480Z [DEBUG] Received response (Length: 412)
2026-01-18T18:47:42.7124088Z     🔄 Retry 1/3 mining locators for 'Login to your account'...
2026-01-18T18:47:43.7503081Z     🧠 Consulting AI (Vision-First) to find 'Login to your account'...
2026-01-18T18:47:43.7505546Z     🧠 [EXPERT] Strategy: Act as a Senior SDET focusing on e-commerce flow automation and conversion funnel reliability. Focus on the complete shopping funnel (Search -> Product Selection -> Add to Cart -> Checkout). CRITICAL: Identify SEARCH BARS, magnifying glass icons, and 'Add to Cart' buttons as primary automation targets. Dismiss popups that block the flow. For product lists, default to selecting the FIRST available item for consistent automation.
2026-01-18T18:47:43.7508264Z [CACHE HIT] 26ebd25c... (hits: 4, misses: 37)
2026-01-18T18:47:43.7509000Z     🔄 Retry 2/3 mining locators for 'Login to your account'...
2026-01-18T18:47:44.8001473Z     🧠 Consulting AI (Vision-First) to find 'Login to your account'...
2026-01-18T18:47:44.8004010Z     🧠 [EXPERT] Strategy: Act as a Senior SDET focusing on e-commerce flow automation and conversion funnel reliability. Focus on the complete shopping funnel (Search -> Product Selection -> Add to Cart -> Checkout). CRITICAL: Identify SEARCH BARS, magnifying glass icons, and 'Add to Cart' buttons as primary automation targets. Dismiss popups that block the flow. For product lists, default to selecting the FIRST available item for consistent automation.
2026-01-18T18:47:44.8006894Z [CACHE HIT] 26ebd25c... (hits: 5, misses: 37)
2026-01-18T18:47:44.8007458Z     🧠 Verifying step validity for 'Login to your account' after mining failure...
2026-01-18T18:47:46.9979722Z [DEBUG] Sending request to gemini-2.0-flash. Number of parts: 2
2026-01-18T18:47:46.9980251Z [DEBUG] Received response (Length: 284)
2026-01-18T18:47:46.9982178Z     🗑️ Step deemed INVALID: The cart is empty. The 'Login to your account' element is not present on the cart page when the cart is empty. The user should add a product to the cart first, or the login should happen before adding products to the cart.. Removing from workflow.
2026-01-18T18:47:46.9983606Z     ⏭️ Skipping execution of invalid step: Login to your account
2026-01-18T18:47:49.0482894Z 
2026-01-18T18:47:49.0483503Z [2/3] Exploring Scenario: Contact Us Form Submission
2026-01-18T18:47:49.0484891Z     🧠 Initialized exploration context for goal: 'Explore shopping features and cart'
2026-01-18T18:47:49.0485588Z   ▶️ [STEP step_1] NAVIGATE: 
2026-01-18T18:47:49.8388457Z     ✅ Navigated to https://www.automationexercise.com/
2026-01-18T18:47:49.8389067Z   ▶️ [STEP step_2] CLICK: Contact us
2026-01-18T18:47:49.8607430Z     📢 Detected overlay (ins.adsbygoogle). Dismissing...
2026-01-18T18:47:51.3697207Z     🔍 Mining locators for: 'Contact us'
2026-01-18T18:47:51.5610192Z     ✅ Found 1 verified locators
2026-01-18T18:47:51.5672195Z     📢 Detected overlay (ins.adsbygoogle). Dismissing...
2026-01-18T18:47:56.6403167Z     ✅ State transitioned.
2026-01-18T18:47:58.4768512Z [DEBUG] Sending request to gemini-2.0-flash. Number of parts: 2
2026-01-18T18:47:58.4769235Z [DEBUG] Received response (Length: 243)
2026-01-18T18:47:58.4770027Z     🤖 AI Next Step Suggestion: navigate -> Home
2026-01-18T18:47:58.4770637Z     🧩 Suggested Locator: a[href="/"]
2026-01-18T18:47:58.4772109Z     💭 Reasoning: The current page is the contact us page. To explore shopping features and cart, navigating to the home page is a logical next step.
2026-01-18T18:47:58.4773338Z     ➕ Injected AI step: navigate -> Home
2026-01-18T18:47:58.4773873Z   ▶️ [STEP step_2_ai_1] NAVIGATE: Home
2026-01-18T18:47:58.4920753Z     📢 Detected overlay (ins.adsbygoogle). Dismissing...
2026-01-18T18:48:00.5001780Z     ❌ Navigation failed to Home: Page.goto: Protocol error (Page.navigate): Cannot navigate to invalid URL
2026-01-18T18:48:00.5002818Z Call log:
2026-01-18T18:48:00.5003147Z   - navigating to "Home", waiting until "domcontentloaded"
2026-01-18T18:48:00.5003463Z 
2026-01-18T18:48:00.5004000Z     ⚠️ Critical step failure: Page.goto: Protocol error (Page.navigate): Cannot navigate to invalid URL
2026-01-18T18:48:00.5004591Z Call log:
2026-01-18T18:48:00.5004805Z   - navigating t
2026-01-18T18:48:00.5005148Z   ▶️ [STEP step_3] ASSERT_VISIBLE: Get In Touch
2026-01-18T18:48:00.5058822Z     📢 Detected overlay (ins.adsbygoogle). Dismissing...
2026-01-18T18:48:02.0121675Z     🔍 Mining locators for: 'Get In Touch'
2026-01-18T18:48:02.1220717Z     🔄 Retry 1/3 mining locators for 'Get In Touch'...
2026-01-18T18:48:03.1764458Z     🔄 Retry 2/3 mining locators for 'Get In Touch'...
2026-01-18T18:48:04.2371416Z     🧠 Verifying step validity for 'Get In Touch' after mining failure...
2026-01-18T18:48:05.9185409Z [DEBUG] Sending request to gemini-2.0-flash. Number of parts: 2
2026-01-18T18:48:05.9186010Z [DEBUG] Received response (Length: 221)
2026-01-18T18:48:05.9186980Z     🛠️ Self-Correction: Step is valid. Using new locator: div.contact-form > h2
2026-01-18T18:48:05.9252723Z     📢 Detected overlay (ins.adsbygoogle). Dismissing...
2026-01-18T18:48:10.4697164Z     ✅ State transitioned.
2026-01-18T18:48:12.1331567Z [DEBUG] Sending request to gemini-2.0-flash. Number of parts: 2
2026-01-18T18:48:12.1332539Z [DEBUG] Received response (Length: 236)
2026-01-18T18:48:12.1333165Z     🤖 AI Next Step Suggestion: navigate -> Home
2026-01-18T18:48:12.1333559Z     🧩 Suggested Locator: a[href="/"]
2026-01-18T18:48:12.1334313Z     💭 Reasoning: The current page is the contact us page. To explore shopping features, navigating to the home page is the next logical step.
2026-01-18T18:48:12.1337507Z     ➕ Injected AI step: navigate -> Home
2026-01-18T18:48:12.1338134Z   ▶️ [STEP step_3_ai_1] NAVIGATE: Home
2026-01-18T18:48:12.1407257Z     📢 Detected overlay (ins.adsbygoogle). Dismissing...
2026-01-18T18:48:14.1501796Z     ❌ Navigation failed to Home: Page.goto: Protocol error (Page.navigate): Cannot navigate to invalid URL
2026-01-18T18:48:14.1503083Z Call log:
2026-01-18T18:48:14.1503623Z   - navigating to "Home", waiting until "domcontentloaded"
2026-01-18T18:48:14.1504105Z 
2026-01-18T18:48:14.1504866Z     ⚠️ Critical step failure: Page.goto: Protocol error (Page.navigate): Cannot navigate to invalid URL
2026-01-18T18:48:14.1505487Z Call log:
2026-01-18T18:48:14.1505712Z   - navigating t
2026-01-18T18:48:14.1506016Z   ▶️ [STEP step_4] FILL: Name
2026-01-18T18:48:14.1570544Z     📢 Detected overlay (ins.adsbygoogle). Dismissing...
2026-01-18T18:48:15.6633137Z     🔍 Mining locators for: 'Name'
2026-01-18T18:48:15.7525650Z     ✅ Found 3 verified locators
2026-01-18T18:48:15.7589003Z     📢 Detected overlay (ins.adsbygoogle). Dismissing...
2026-01-18T18:48:23.6767052Z     ✅ State transitioned.
2026-01-18T18:48:23.7039373Z     🔄 Revisited state detected (count: 1)
2026-01-18T18:48:25.2527205Z [DEBUG] Sending request to gemini-2.0-flash. Number of parts: 2
2026-01-18T18:48:25.2527952Z [DEBUG] Received response (Length: 269)
2026-01-18T18:48:25.2528753Z     🤖 AI Next Step Suggestion: fill -> Email
2026-01-18T18:48:25.2529671Z     🧩 Suggested Locator: input[name='email']
2026-01-18T18:48:25.2531111Z     💭 Reasoning: The 'Email' field is visible and needs to be filled to complete the contact form. Filling this field progresses towards completing the form.
2026-01-18T18:48:25.2532641Z     ➕ Injected AI step: fill -> Email
2026-01-18T18:48:25.2533170Z   ▶️ [STEP step_4_ai_1] FILL: Email
2026-01-18T18:48:25.2592706Z     📢 Detected overlay (ins.adsbygoogle). Dismissing...
2026-01-18T18:48:26.7654415Z     🎯 Using AI-provided locator: input[name='email']
2026-01-18T18:48:26.7711582Z     ✅ Found 1 verified locators
2026-01-18T18:48:26.7765638Z     📢 Detected overlay (ins.adsbygoogle). Dismissing...
2026-01-18T18:48:35.5917371Z     ✅ State transitioned.
2026-01-18T18:48:35.6206841Z     🔄 Revisited state detected (count: 2)
2026-01-18T18:48:37.1330814Z [DEBUG] Sending request to gemini-2.0-flash. Number of parts: 2
2026-01-18T18:48:37.1331522Z [DEBUG] Received response (Length: 181)
2026-01-18T18:48:37.1332650Z     🤖 AI Next Step Suggestion: fill -> Subject
2026-01-18T18:48:37.1333336Z     🧩 Suggested Locator: input[name='subject']
2026-01-18T18:48:37.1334163Z     💭 Reasoning: Fill the subject field to complete the contact form.
2026-01-18T18:48:37.1334931Z     ➕ Injected AI step: fill -> Subject
2026-01-18T18:48:37.1335513Z   ▶️ [STEP step_4_ai_2] FILL: Subject
2026-01-18T18:48:37.1395574Z     📢 Detected overlay (ins.adsbygoogle). Dismissing...
2026-01-18T18:48:38.6459229Z     🎯 Using AI-provided locator: input[name='subject']
2026-01-18T18:48:38.6520700Z     ✅ Found 1 verified locators
2026-01-18T18:48:38.6577295Z     📢 Detected overlay (ins.adsbygoogle). Dismissing...
2026-01-18T18:48:47.0097385Z     ✅ State transitioned.
2026-01-18T18:48:47.0377684Z     🔄 Revisited state detected (count: 3)
2026-01-18T18:48:48.8394849Z [DEBUG] Sending request to gemini-2.0-flash. Number of parts: 2
2026-01-18T18:48:48.8395393Z [DEBUG] Received response (Length: 187)
2026-01-18T18:48:48.8396028Z     🤖 AI Next Step Suggestion: fill -> Your Message Here
2026-01-18T18:48:48.8396572Z     💭 Reasoning: The form requires a message. Filling this field completes the form.
2026-01-18T18:48:48.8397066Z     ➕ Injected AI step: fill -> Your Message Here
2026-01-18T18:48:48.8397427Z   ▶️ [STEP step_4_ai_3] FILL: Your Message Here
2026-01-18T18:48:48.8456841Z     📢 Detected overlay (ins.adsbygoogle). Dismissing...
2026-01-18T18:48:50.3520491Z     🔍 Mining locators for: 'Your Message Here'
2026-01-18T18:48:50.4332997Z     ✅ Found 4 verified locators
2026-01-18T18:48:50.4395452Z     📢 Detected overlay (ins.adsbygoogle). Dismissing...
2026-01-18T18:48:57.9386420Z     ✅ State transitioned.
2026-01-18T18:48:57.9672957Z     🔄 Revisited state detected (count: 4)
2026-01-18T18:48:59.7007598Z [DEBUG] Sending request to gemini-2.0-flash. Number of parts: 2
2026-01-18T18:48:59.7008204Z [DEBUG] Received response (Length: 205)
2026-01-18T18:48:59.7008825Z     🤖 AI Next Step Suggestion: click -> Submit
2026-01-18T18:48:59.7009591Z     💭 Reasoning: All the fields in the contact form have been filled. Clicking the submit button is the next logical step.
2026-01-18T18:48:59.7010237Z     ➕ Injected AI step: click -> Submit
2026-01-18T18:48:59.7010591Z   ▶️ [STEP step_4_ai_4] CLICK: Submit
2026-01-18T18:48:59.7065087Z     📢 Detected overlay (ins.adsbygoogle). Dismissing...
2026-01-18T18:49:01.2130058Z     🔍 Mining locators for: 'Submit'
2026-01-18T18:49:01.2758117Z     ✅ Found 2 verified locators
2026-01-18T18:49:01.2836436Z     📢 Detected overlay (ins.adsbygoogle). Dismissing...
2026-01-18T18:49:06.8406914Z     ✅ State transitioned.
2026-01-18T18:49:06.8685252Z     🔄 Revisited state detected (count: 5)
2026-01-18T18:49:06.8686164Z     ⚠️ Too many revisits (5). Stopping AI step injection to prevent loops.
2026-01-18T18:49:06.8686595Z   ▶️ [STEP step_5] FILL: Email
2026-01-18T18:49:06.8739898Z     📢 Detected overlay (ins.adsbygoogle). Dismissing...
2026-01-18T18:49:08.3802892Z     🔍 Mining locators for: 'Email'
2026-01-18T18:49:08.4603204Z     ✅ Found 6 verified locators
2026-01-18T18:49:08.4666341Z     📢 Detected overlay (ins.adsbygoogle). Dismissing...
2026-01-18T18:49:15.7508488Z     ✅ State transitioned.
2026-01-18T18:49:15.7795778Z     🔄 Revisited state detected (count: 6)
2026-01-18T18:49:15.7796387Z     ⚠️ Too many revisits (6). Stopping AI step injection to prevent loops.
2026-01-18T18:49:15.7796815Z   ▶️ [STEP step_6] FILL: Subject
2026-01-18T18:49:15.7848828Z     📢 Detected overlay (ins.adsbygoogle). Dismissing...
2026-01-18T18:49:17.2909341Z     🔍 Mining locators for: 'Subject'
2026-01-18T18:49:17.3612796Z     ✅ Found 3 verified locators
2026-01-18T18:49:17.3668241Z     📢 Detected overlay (ins.adsbygoogle). Dismissing...
2026-01-18T18:49:23.7868521Z     ✅ State transitioned.
2026-01-18T18:49:23.8160627Z     🔄 Revisited state detected (count: 7)
2026-01-18T18:49:23.8161305Z     ⚠️ Too many revisits (7). Stopping AI step injection to prevent loops.
2026-01-18T18:49:23.8161741Z   ▶️ [STEP step_7] FILL: Message
2026-01-18T18:49:23.8218636Z     📢 Detected overlay (ins.adsbygoogle). Dismissing...
2026-01-18T18:49:25.3277914Z     🔍 Mining locators for: 'Message'
2026-01-18T18:49:25.3987130Z     ✅ Found 4 verified locators
2026-01-18T18:49:25.4038461Z     📢 Detected overlay (ins.adsbygoogle). Dismissing...
2026-01-18T18:49:32.3658580Z     ✅ State transitioned.
2026-01-18T18:49:32.3943588Z     🔄 Revisited state detected (count: 8)
2026-01-18T18:49:32.3944454Z     ⚠️ Too many revisits (8). Stopping AI step injection to prevent loops.
2026-01-18T18:49:32.3944948Z   ▶️ [STEP step_8] CLICK: Submit
2026-01-18T18:49:32.4011192Z     📢 Detected overlay (ins.adsbygoogle). Dismissing...
2026-01-18T18:49:33.9079117Z     🔍 Mining locators for: 'Submit'
2026-01-18T18:49:34.0416352Z     ✅ Found 2 verified locators
2026-01-18T18:49:34.0492177Z     📢 Detected overlay (ins.adsbygoogle). Dismissing...
2026-01-18T18:49:39.6014809Z     ✅ State transitioned.
2026-01-18T18:49:39.6373925Z     🔄 Revisited state detected (count: 9)
2026-01-18T18:49:39.6375204Z     ⚠️ Too many revisits (9). Stopping AI step injection to prevent loops.
2026-01-18T18:49:39.6381301Z   ▶️ [STEP step_9] CLICK: OK
2026-01-18T18:49:39.6472256Z     📢 Detected overlay (ins.adsbygoogle). Dismissing...
2026-01-18T18:49:41.1528256Z     🔍 Mining locators for: 'OK'
2026-01-18T18:49:41.2009140Z     🧠 Consulting AI (Vision-First) to find 'OK'...
2026-01-18T18:49:41.2011402Z     🧠 [EXPERT] Strategy: Act as a Senior SDET focusing on e-commerce flow automation and conversion funnel reliability. Focus on the complete shopping funnel (Search -> Product Selection -> Add to Cart -> Checkout). CRITICAL: Identify SEARCH BARS, magnifying glass icons, and 'Add to Cart' buttons as primary automation targets. Dismiss popups that block the flow. For product lists, default to selecting the FIRST available item for consistent automation.
2026-01-18T18:49:42.9198012Z [DEBUG] Sending request to gemini-2.0-flash. Number of parts: 2
2026-01-18T18:49:42.9198634Z [DEBUG] Received response (Length: 269)
2026-01-18T18:49:42.9199633Z     💡 Expert Suggestion: The 'OK' button is typically found during the checkout process after adding items to the cart, which starts on the Products page.
2026-01-18T18:49:42.9200398Z     🛠️ Executing corrective action: click -> 'Products'
2026-01-18T18:49:42.9258793Z     📢 Detected overlay (ins.adsbygoogle). Dismissing...
2026-01-18T18:49:44.9999119Z     ✅ Executed corrective navigation
2026-01-18T18:49:47.0022958Z     🔄 Retry 1/3 mining locators for 'OK'...
2026-01-18T18:49:48.0637135Z     🧠 Consulting AI (Vision-First) to find 'OK'...
2026-01-18T18:49:48.0640940Z     🧠 [EXPERT] Strategy: Act as a Senior SDET focusing on e-commerce flow automation and conversion funnel reliability. Focus on the complete shopping funnel (Search -> Product Selection -> Add to Cart -> Checkout). CRITICAL: Identify SEARCH BARS, magnifying glass icons, and 'Add to Cart' buttons as primary automation targets. Dismiss popups that block the flow. For product lists, default to selecting the FIRST available item for consistent automation.
2026-01-18T18:49:49.5831273Z [DEBUG] Sending request to gemini-2.0-flash. Number of parts: 2
2026-01-18T18:49:49.5832251Z [DEBUG] Received response (Length: 232)
2026-01-18T18:49:49.5833819Z     💡 Expert Suggestion: The 'OK' button might be part of a confirmation message after submitting the contact form.
2026-01-18T18:49:49.5835208Z     🛠️ Executing corrective action: click -> 'Contact us'
2026-01-18T18:49:49.5901262Z     📢 Detected overlay (ins.adsbygoogle). Dismissing...
2026-01-18T18:49:51.6602921Z     ✅ Executed corrective navigation
2026-01-18T18:49:53.6625021Z     🔄 Retry 2/3 mining locators for 'OK'...
2026-01-18T18:49:54.7137890Z     🧠 Consulting AI (Vision-First) to find 'OK'...
2026-01-18T18:49:54.7141281Z     🧠 [EXPERT] Strategy: Act as a Senior SDET focusing on e-commerce flow automation and conversion funnel reliability. Focus on the complete shopping funnel (Search -> Product Selection -> Add to Cart -> Checkout). CRITICAL: Identify SEARCH BARS, magnifying glass icons, and 'Add to Cart' buttons as primary automation targets. Dismiss popups that block the flow. For product lists, default to selecting the FIRST available item for consistent automation.
2026-01-18T18:49:56.1686813Z [DEBUG] Sending request to gemini-2.0-flash. Number of parts: 2
2026-01-18T18:49:56.1687469Z [DEBUG] Received response (Length: 251)
2026-01-18T18:49:56.1688322Z     ⚠️ Skipping duplicate injection: Products
2026-01-18T18:49:56.1689174Z     🧠 Verifying step validity for 'OK' after no candidates found...
2026-01-18T18:50:00.9556248Z [DEBUG] Sending request to gemini-2.0-flash. Number of parts: 2
2026-01-18T18:50:00.9556918Z [DEBUG] Received response (Length: 194)
2026-01-18T18:50:00.9558048Z     🗑️ Step deemed INVALID: The target "OK" is not visible on the current page. The page is the contact us page, and there is no element with the text "OK".. Removing from workflow.
2026-01-18T18:50:00.9558828Z     ⏭️ Skipping execution of invalid step: OK
2026-01-18T18:50:02.9906283Z 
2026-01-18T18:50:02.9906973Z [3/3] Exploring Scenario: Add to cart from Home page
2026-01-18T18:50:02.9908198Z     🧠 Initialized exploration context for goal: 'Explore shopping features and cart'
2026-01-18T18:50:02.9909019Z   ▶️ [STEP step_1] NAVIGATE: 
2026-01-18T18:50:04.1409581Z     ✅ Navigated to https://www.automationexercise.com/
2026-01-18T18:50:04.1412489Z   ▶️ [STEP step_2] HOVER: product1
2026-01-18T18:50:04.2296038Z     📢 Detected overlay (ins.adsbygoogle). Dismissing...
2026-01-18T18:50:05.7398868Z     🔍 Mining locators for: 'product1'
2026-01-18T18:50:05.9489368Z     🧠 Consulting AI (Vision-First) to find 'product1'...
2026-01-18T18:50:05.9493052Z     🧠 [EXPERT] Strategy: Act as a Senior SDET focusing on e-commerce flow automation and conversion funnel reliability. Focus on the complete shopping funnel (Search -> Product Selection -> Add to Cart -> Checkout). CRITICAL: Identify SEARCH BARS, magnifying glass icons, and 'Add to Cart' buttons as primary automation targets. Dismiss popups that block the flow. For product lists, default to selecting the FIRST available item for consistent automation.
2026-01-18T18:50:07.4174750Z [DEBUG] Sending request to gemini-2.0-flash. Number of parts: 2
2026-01-18T18:50:07.4175175Z [DEBUG] Received response (Length: 182)
2026-01-18T18:50:07.4175815Z     💡 Expert Suggestion: Search bar is likely on the Products page.
2026-01-18T18:50:07.4176291Z     🛠️ Executing corrective action: click -> 'Products'
2026-01-18T18:50:07.4244112Z     📢 Detected overlay (ins.adsbygoogle). Dismissing...
2026-01-18T18:50:09.7934310Z     ✅ Executed corrective navigation
2026-01-18T18:50:11.7951531Z     🔄 Retry 1/3 mining locators for 'product1'...
2026-01-18T18:50:12.9966008Z     🧠 Consulting AI (Vision-First) to find 'product1'...
2026-01-18T18:50:12.9969808Z     🧠 [EXPERT] Strategy: Act as a Senior SDET focusing on e-commerce flow automation and conversion funnel reliability. Focus on the complete shopping funnel (Search -> Product Selection -> Add to Cart -> Checkout). CRITICAL: Identify SEARCH BARS, magnifying glass icons, and 'Add to Cart' buttons as primary automation targets. Dismiss popups that block the flow. For product lists, default to selecting the FIRST available item for consistent automation.
2026-01-18T18:50:14.2151755Z [DEBUG] Sending request to gemini-2.0-flash. Number of parts: 2
2026-01-18T18:50:14.2152554Z [DEBUG] Received response (Length: 182)
2026-01-18T18:50:14.2153131Z     ⚠️ Skipping duplicate injection: Products
2026-01-18T18:50:14.2153574Z     🔄 Retry 2/3 mining locators for 'product1'...
2026-01-18T18:50:15.3481349Z     🧠 Consulting AI (Vision-First) to find 'product1'...
2026-01-18T18:50:15.3485166Z     🧠 [EXPERT] Strategy: Act as a Senior SDET focusing on e-commerce flow automation and conversion funnel reliability. Focus on the complete shopping funnel (Search -> Product Selection -> Add to Cart -> Checkout). CRITICAL: Identify SEARCH BARS, magnifying glass icons, and 'Add to Cart' buttons as primary automation targets. Dismiss popups that block the flow. For product lists, default to selecting the FIRST available item for consistent automation.
2026-01-18T18:50:15.3487493Z [CACHE HIT] 7cf344a0... (hits: 6, misses: 51)
2026-01-18T18:50:15.3488117Z     ⚠️ Skipping duplicate injection: Products
2026-01-18T18:50:15.3488884Z     🧠 Verifying step validity for 'product1' after no candidates found...
2026-01-18T18:50:19.3855586Z [DEBUG] Sending request to gemini-2.0-flash. Number of parts: 2
2026-01-18T18:50:19.3856241Z [DEBUG] Received response (Length: 260)
2026-01-18T18:50:19.3857631Z     🗑️ Step deemed INVALID: The screenshot only shows the header and a partial view of a 'SPECIAL OFFER' banner. There are no products visible on the page. Therefore, it's not possible to locate 'product1' on the current page.. Removing from workflow.
2026-01-18T18:50:19.3858753Z     ⏭️ Skipping execution of invalid step: product1
2026-01-18T18:50:19.3859096Z   ▶️ [STEP step_3] CLICK: Add to cart
2026-01-18T18:50:19.4038105Z     📢 Detected overlay (ins.adsbygoogle). Dismissing...
2026-01-18T18:50:20.9101345Z     🔍 Mining locators for: 'Add to cart'
2026-01-18T18:50:21.0956952Z     🧠 Consulting AI (Vision-First) to find 'Add to cart'...
2026-01-18T18:50:21.0960226Z     🧠 [EXPERT] Strategy: Act as a Senior SDET focusing on e-commerce flow automation and conversion funnel reliability. Focus on the complete shopping funnel (Search -> Product Selection -> Add to Cart -> Checkout). CRITICAL: Identify SEARCH BARS, magnifying glass icons, and 'Add to Cart' buttons as primary automation targets. Dismiss popups that block the flow. For product lists, default to selecting the FIRST available item for consistent automation.
2026-01-18T18:50:24.2078590Z [DEBUG] Sending request to gemini-2.0-flash. Number of parts: 2
2026-01-18T18:50:24.2079258Z [DEBUG] Received response (Length: 202)
2026-01-18T18:50:24.2080114Z     💡 Expert Suggestion: Add to cart functionality is typically found on product pages.
2026-01-18T18:50:24.2080757Z     🛠️ Executing corrective action: click -> 'Products'
2026-01-18T18:50:24.2160664Z     📢 Detected overlay (ins.adsbygoogle). Dismissing...
2026-01-18T18:50:26.5466524Z     ✅ Executed corrective navigation
2026-01-18T18:50:28.5488798Z     🔄 Retry 1/3 mining locators for 'Add to cart'...
2026-01-18T18:50:29.7636177Z     🧠 Consulting AI (Vision-First) to find 'Add to cart'...
2026-01-18T18:50:29.7639507Z     🧠 [EXPERT] Strategy: Act as a Senior SDET focusing on e-commerce flow automation and conversion funnel reliability. Focus on the complete shopping funnel (Search -> Product Selection -> Add to Cart -> Checkout). CRITICAL: Identify SEARCH BARS, magnifying glass icons, and 'Add to Cart' buttons as primary automation targets. Dismiss popups that block the flow. For product lists, default to selecting the FIRST available item for consistent automation.
2026-01-18T18:50:29.7642655Z [CACHE HIT] 522d6fd4... (hits: 7, misses: 53)
2026-01-18T18:50:29.7643223Z     ⚠️ Skipping duplicate injection: Products
2026-01-18T18:50:29.7645763Z     🔄 Retry 2/3 mining locators for 'Add to cart'...
2026-01-18T18:50:30.9459999Z     🧠 Consulting AI (Vision-First) to find 'Add to cart'...
2026-01-18T18:50:30.9462556Z     🧠 [EXPERT] Strategy: Act as a Senior SDET focusing on e-commerce flow automation and conversion funnel reliability. Focus on the complete shopping funnel (Search -> Product Selection -> Add to Cart -> Checkout). CRITICAL: Identify SEARCH BARS, magnifying glass icons, and 'Add to Cart' buttons as primary automation targets. Dismiss popups that block the flow. For product lists, default to selecting the FIRST available item for consistent automation.
2026-01-18T18:50:30.9465341Z [CACHE HIT] 522d6fd4... (hits: 8, misses: 53)
2026-01-18T18:50:30.9466016Z     ⚠️ Skipping duplicate injection: Products
2026-01-18T18:50:30.9466481Z     🧠 Verifying step validity for 'Add to cart' after no candidates found...
2026-01-18T18:50:32.5819440Z [DEBUG] Sending request to gemini-2.0-flash. Number of parts: 2
2026-01-18T18:50:32.5820091Z [DEBUG] Received response (Length: 379)
2026-01-18T18:50:32.5822186Z     🗑️ Step deemed INVALID: The screenshot only shows the header and a partial view of a 'SPECIAL OFFER' banner. There are no product listings visible, so there are no 'Add to cart' buttons to interact with. The page needs to be scrolled down or a different page element needs to be interacted with first to bring the product listings into view.. Removing from workflow.
2026-01-18T18:50:32.5823644Z     ⏭️ Skipping execution of invalid step: Add to cart
2026-01-18T18:50:32.5824013Z   ▶️ [STEP step_4] ASSERT_VISIBLE: View Cart
2026-01-18T18:50:32.5998176Z     📢 Detected overlay (ins.adsbygoogle). Dismissing...
2026-01-18T18:50:34.1067120Z     🔍 Mining locators for: 'View Cart'
2026-01-18T18:50:34.2286073Z     🧠 Consulting AI (Vision-First) to find 'View Cart'...
2026-01-18T18:50:34.2288656Z     🧠 [EXPERT] Strategy: Act as a Senior SDET focusing on e-commerce flow automation and conversion funnel reliability. Focus on the complete shopping funnel (Search -> Product Selection -> Add to Cart -> Checkout). CRITICAL: Identify SEARCH BARS, magnifying glass icons, and 'Add to Cart' buttons as primary automation targets. Dismiss popups that block the flow. For product lists, default to selecting the FIRST available item for consistent automation.
2026-01-18T18:50:38.0326603Z [DEBUG] Sending request to gemini-2.0-flash. Number of parts: 2
2026-01-18T18:50:38.0327079Z [DEBUG] Received response (Length: 621)
2026-01-18T18:50:38.0327685Z     🔄 Retry 1/3 mining locators for 'View Cart'...
2026-01-18T18:50:39.2116057Z     🧠 Consulting AI (Vision-First) to find 'View Cart'...
2026-01-18T18:50:39.2118624Z     🧠 [EXPERT] Strategy: Act as a Senior SDET focusing on e-commerce flow automation and conversion funnel reliability. Focus on the complete shopping funnel (Search -> Product Selection -> Add to Cart -> Checkout). CRITICAL: Identify SEARCH BARS, magnifying glass icons, and 'Add to Cart' buttons as primary automation targets. Dismiss popups that block the flow. For product lists, default to selecting the FIRST available item for consistent automation.
2026-01-18T18:50:39.2120910Z [CACHE HIT] ed7eb6ee... (hits: 9, misses: 55)
2026-01-18T18:50:39.2121547Z     🔄 Retry 2/3 mining locators for 'View Cart'...
2026-01-18T18:50:40.3454575Z     🧠 Consulting AI (Vision-First) to find 'View Cart'...
2026-01-18T18:50:40.3457069Z     🧠 [EXPERT] Strategy: Act as a Senior SDET focusing on e-commerce flow automation and conversion funnel reliability. Focus on the complete shopping funnel (Search -> Product Selection -> Add to Cart -> Checkout). CRITICAL: Identify SEARCH BARS, magnifying glass icons, and 'Add to Cart' buttons as primary automation targets. Dismiss popups that block the flow. For product lists, default to selecting the FIRST available item for consistent automation.
2026-01-18T18:50:40.3459955Z [CACHE HIT] ed7eb6ee... (hits: 10, misses: 55)
2026-01-18T18:50:40.3460706Z     🧠 Verifying step validity for 'View Cart' after mining failure...
2026-01-18T18:50:42.1936687Z [DEBUG] Sending request to gemini-2.0-flash. Number of parts: 2
2026-01-18T18:50:42.1937422Z [DEBUG] Received response (Length: 286)
2026-01-18T18:50:42.1938541Z     🛠️ Self-Correction: Step is valid. Using new locator: a[href='/view_cart']
2026-01-18T18:50:42.2009171Z     📢 Detected overlay (ins.adsbygoogle). Dismissing...
2026-01-18T18:50:46.7462582Z     ✅ State transitioned.
2026-01-18T18:50:48.2708061Z [DEBUG] Sending request to gemini-2.0-flash. Number of parts: 2
2026-01-18T18:50:48.2708680Z [DEBUG] Received response (Length: 216)
2026-01-18T18:50:48.2709517Z     🤖 AI Next Step Suggestion: fill -> Search Product
2026-01-18T18:50:48.2709932Z     🧩 Suggested Locator: #search_product
2026-01-18T18:50:48.2710600Z     💭 Reasoning: To explore shopping features, I should search for a product. 'dress' is a common search term.
2026-01-18T18:50:48.2711219Z     ➕ Injected AI step: fill -> Search Product
2026-01-18T18:50:48.2711584Z   ▶️ [STEP step_4_ai_1] FILL: Search Product
2026-01-18T18:50:48.2777295Z     📢 Detected overlay (ins.adsbygoogle). Dismissing...
2026-01-18T18:50:49.7844272Z     🎯 Using AI-provided locator: #search_product
2026-01-18T18:50:49.7904638Z     ✅ Found 1 verified locators
2026-01-18T18:50:49.7965535Z     📢 Detected overlay (ins.adsbygoogle). Dismissing...
2026-01-18T18:50:56.6603499Z     ✅ State transitioned.
2026-01-18T18:50:56.7326405Z     🔄 Revisited state detected (count: 1)
2026-01-18T18:50:58.3981454Z [DEBUG] Sending request to gemini-2.0-flash. Number of parts: 2
2026-01-18T18:50:58.3982368Z [DEBUG] Received response (Length: 177)
2026-01-18T18:50:58.3983228Z     🤖 AI Next Step Suggestion: click -> Search
2026-01-18T18:50:58.3983855Z     🧩 Suggested Locator: #submit_search
2026-01-18T18:50:58.3985051Z     💭 Reasoning: The search term has been entered, now click the search button to view the results.
2026-01-18T18:50:58.3986159Z     ➕ Injected AI step: click -> Search
2026-01-18T18:50:58.3988199Z   ▶️ [STEP step_4_ai_2] CLICK: Search
2026-01-18T18:50:58.4046195Z     📢 Detected overlay (ins.adsbygoogle). Dismissing...
2026-01-18T18:50:59.9101307Z     🎯 Using AI-provided locator: #submit_search
2026-01-18T18:50:59.9249558Z     ✅ Found 1 verified locators
2026-01-18T18:50:59.9305721Z     📢 Detected overlay (ins.adsbygoogle). Dismissing...
2026-01-18T18:51:05.5081029Z     ✅ State transitioned.
2026-01-18T18:51:07.0364124Z [DEBUG] Sending request to gemini-2.0-flash. Number of parts: 2
2026-01-18T18:51:07.0364821Z [DEBUG] Received response (Length: 241)
2026-01-18T18:51:07.0365588Z     🤖 AI Next Step Suggestion: done -> N/A
2026-01-18T18:51:07.0367323Z     💭 Reasoning: The search for 'dress' has been performed. The next step would be to add a product to the cart, but the product list is not visible in the current page state. Therefore, I will mark this goal as done.
2026-01-18T18:51:07.0368328Z   ▶️ [STEP step_5] CLICK: View Cart
2026-01-18T18:51:07.0551022Z     📢 Detected overlay (ins.adsbygoogle). Dismissing...
2026-01-18T18:51:08.5626899Z     🔍 Mining locators for: 'View Cart'
2026-01-18T18:51:08.6605740Z     🧠 Consulting AI (Vision-First) to find 'View Cart'...
2026-01-18T18:51:08.6609560Z     🧠 [EXPERT] Strategy: Act as a Senior SDET focusing on e-commerce flow automation and conversion funnel reliability. Focus on the complete shopping funnel (Search -> Product Selection -> Add to Cart -> Checkout). CRITICAL: Identify SEARCH BARS, magnifying glass icons, and 'Add to Cart' buttons as primary automation targets. Dismiss popups that block the flow. For product lists, default to selecting the FIRST available item for consistent automation.
2026-01-18T18:51:08.6612293Z [CACHE HIT] ed7eb6ee... (hits: 11, misses: 59)
2026-01-18T18:51:08.6612898Z     🔄 Retry 1/3 mining locators for 'View Cart'...
2026-01-18T18:51:09.7427506Z     🧠 Consulting AI (Vision-First) to find 'View Cart'...
2026-01-18T18:51:09.7431008Z     🧠 [EXPERT] Strategy: Act as a Senior SDET focusing on e-commerce flow automation and conversion funnel reliability. Focus on the complete shopping funnel (Search -> Product Selection -> Add to Cart -> Checkout). CRITICAL: Identify SEARCH BARS, magnifying glass icons, and 'Add to Cart' buttons as primary automation targets. Dismiss popups that block the flow. For product lists, default to selecting the FIRST available item for consistent automation.
2026-01-18T18:51:09.7433918Z [CACHE HIT] ed7eb6ee... (hits: 12, misses: 59)
2026-01-18T18:51:09.7434425Z     🔄 Retry 2/3 mining locators for 'View Cart'...
2026-01-18T18:51:10.8927659Z     🧠 Consulting AI (Vision-First) to find 'View Cart'...
2026-01-18T18:51:10.8929987Z     🧠 [EXPERT] Strategy: Act as a Senior SDET focusing on e-commerce flow automation and conversion funnel reliability. Focus on the complete shopping funnel (Search -> Product Selection -> Add to Cart -> Checkout). CRITICAL: Identify SEARCH BARS, magnifying glass icons, and 'Add to Cart' buttons as primary automation targets. Dismiss popups that block the flow. For product lists, default to selecting the FIRST available item for consistent automation.
2026-01-18T18:51:10.8932880Z [CACHE HIT] ed7eb6ee... (hits: 13, misses: 59)
2026-01-18T18:51:10.8933580Z     🧠 Verifying step validity for 'View Cart' after mining failure...
2026-01-18T18:51:12.0226647Z [DEBUG] Sending request to gemini-2.0-flash. Number of parts: 2
2026-01-18T18:51:12.0227129Z [DEBUG] Received response (Length: 183)
2026-01-18T18:51:12.0227861Z     🛠️ Self-Correction: Step is valid. Using new locator: a[href='/view_cart']
2026-01-18T18:51:12.0296834Z     📢 Detected overlay (ins.adsbygoogle). Dismissing...
2026-01-18T18:51:17.5779497Z     ✅ State transitioned.
2026-01-18T18:51:19.4275832Z [DEBUG] Sending request to gemini-2.0-flash. Number of parts: 2
2026-01-18T18:51:19.4276588Z [DEBUG] Received response (Length: 256)
2026-01-18T18:51:19.4277419Z     🤖 AI Next Step Suggestion: click -> here
2026-01-18T18:51:19.4278080Z     🧩 Suggested Locator: a[href='/products']
2026-01-18T18:51:19.4279693Z     💭 Reasoning: The cart is empty. The text 'Cart is empty! Click here to buy products.' is displayed. Clicking on 'here' will navigate to the products page.
2026-01-18T18:51:19.4281147Z     ➕ Injected AI step: click -> here
2026-01-18T18:51:19.4281748Z   ▶️ [STEP step_5_ai_1] CLICK: here
2026-01-18T18:51:19.4431113Z     🎯 Using AI-provided locator: a[href='/products']
2026-01-18T18:51:19.4488117Z     ✅ Found 1 verified locators
2026-01-18T18:51:23.4947724Z     ✅ State transitioned.
2026-01-18T18:51:25.2257480Z [DEBUG] Sending request to gemini-2.0-flash. Number of parts: 2
2026-01-18T18:51:25.2257928Z [DEBUG] Received response (Length: 298)
2026-01-18T18:51:25.2258473Z     🤖 AI Next Step Suggestion: click -> here
2026-01-18T18:51:25.2264770Z     🧩 Suggested Locator: a[href='/products']
2026-01-18T18:51:25.2266602Z     💭 Reasoning: The cart is empty. The goal is to explore shopping features and cart. The page says 'Cart is empty! Click here to buy products.' so clicking 'here' will navigate to the products page.
2026-01-18T18:51:25.2268387Z     ⚠️ Skipping duplicate AI suggestion (just executed): ('click', 'here')
2026-01-18T18:51:25.2269514Z   ▶️ [STEP step_6] ASSERT_VISIBLE: Cart
2026-01-18T18:51:25.2336871Z     🔍 Mining locators for: 'Cart'
2026-01-18T18:51:25.3028964Z     ✅ Found 3 verified locators
2026-01-18T18:51:27.8435120Z     ✅ State transitioned.
2026-01-18T18:51:27.8498323Z     🔄 Revisited state detected (count: 1)
2026-01-18T18:51:29.8878933Z [DEBUG] Sending request to gemini-2.0-flash. Number of parts: 2
2026-01-18T18:51:29.8879638Z [DEBUG] Received response (Length: 235)
2026-01-18T18:51:29.8880452Z     🤖 AI Next Step Suggestion: click -> here
2026-01-18T18:51:29.8880950Z     🧩 Suggested Locator: a[href='/products']
2026-01-18T18:51:29.8881758Z     💭 Reasoning: The cart is empty. The next logical step is to add products to the cart. The 'here' link navigates to the products page.
2026-01-18T18:51:29.8883190Z ⚠️ Loop detected: same AI suggestion repeated 3 times. Moving to next step.
2026-01-18T18:51:31.9256504Z 🗂️  All generated tests written to /home/runner/work/build_qa_automation/build_qa_automation/projects/ci_automationexercise_shop/tests/generated_scenarios.json
2026-01-18T18:51:31.9266853Z 🔄 Updated workflow.json with discovered steps and locators.
2026-01-18T18:51:31.9267316Z 
2026-01-18T18:51:31.9267541Z ✅ Deep Exploration Complete.
2026-01-18T18:53:09.4455009Z 
2026-01-18T18:53:09.4456167Z 🚀 [EXECUTE] Starting Automation Execution Engine
2026-01-18T18:53:09.4456961Z 📍 Project: ci_automationexercise_shop
2026-01-18T18:53:09.4457555Z 🎬 Mode: Headless
2026-01-18T18:53:09.4457800Z 
2026-01-18T18:53:09.4458044Z --- Scenario: Search, Add to Cart, and Checkout ---
2026-01-18T18:53:09.4458749Z   ▶️ [STEP step_1] NAVIGATE: Step step_1
2026-01-18T18:53:09.4459273Z     ✅ Step step_1 Passed.
2026-01-18T18:53:09.4459815Z   ▶️ [STEP step_2] ASSERT_URL: Step step_2
2026-01-18T18:53:09.4460318Z     ✅ Step step_2 Passed.
2026-01-18T18:53:09.4460770Z   ▶️ [STEP step_2_ai_1] CLICK: Products
2026-01-18T18:53:09.4461298Z     🎯 Using mined locator: a[href='/products']
2026-01-18T18:53:09.4461657Z     ✅ Step step_2_ai_1 Passed.
2026-01-18T18:53:09.4462249Z   ▶️ [STEP step_2_ai_2] FILL: Search Product
2026-01-18T18:53:09.4462618Z     🎯 Using mined locator: #search_product
2026-01-18T18:53:09.4462939Z     ✅ Step step_2_ai_2 Passed.
2026-01-18T18:53:09.4463340Z     📢 Detected overlay (ins.adsbygoogle). Attempting to dismiss...
2026-01-18T18:53:09.4463768Z   ▶️ [STEP step_2_ai_3] CLICK: Search
2026-01-18T18:53:09.4464093Z     🎯 Using mined locator: #submit_search
2026-01-18T18:53:09.4464404Z     ✅ Step step_2_ai_3 Passed.
2026-01-18T18:53:09.4464699Z   ▶️ [STEP step_3] FILL: Search Product
2026-01-18T18:53:09.4465105Z     🎯 Using mined locator: role=textbox[name='Search Product']
2026-01-18T18:53:09.4465518Z     ✅ Step step_3 Passed.
2026-01-18T18:53:09.4465904Z     📢 Detected overlay (ins.adsbygoogle). Attempting to dismiss...
2026-01-18T18:53:09.4466377Z   ▶️ [STEP step_3_ai_1] CLICK: first product in the list
2026-01-18T18:53:09.4466823Z     🎯 Using mined locator: .features_items > div:nth-child(3)
2026-01-18T18:53:09.4467234Z     ✅ Step step_3_ai_1 Passed.
2026-01-18T18:53:09.4467631Z     📢 Detected overlay (ins.adsbygoogle). Attempting to dismiss...
2026-01-18T18:53:09.4468047Z   ▶️ [STEP step_3_ai_2] CLICK: Add to cart
2026-01-18T18:53:09.4468473Z     ✅ Step step_3_ai_2 Passed.
2026-01-18T18:53:09.4468858Z     📢 Detected overlay (ins.adsbygoogle). Attempting to dismiss...
2026-01-18T18:53:09.4469268Z   ▶️ [STEP step_4] CLICK: Search
2026-01-18T18:53:09.4469655Z     🎯 Using mined locator: role=textbox[name='Search Product']
2026-01-18T18:53:09.4470028Z     ✅ Step step_4 Passed.
2026-01-18T18:53:09.4470411Z     📢 Detected overlay (ins.adsbygoogle). Attempting to dismiss...
2026-01-18T18:53:09.4470866Z   ▶️ [STEP step_4_ai_1] CLICK: Add to cart
2026-01-18T18:53:09.4471182Z     ✅ Step step_4_ai_1 Passed.
2026-01-18T18:53:09.4471564Z     📢 Detected overlay (ins.adsbygoogle). Attempting to dismiss...
2026-01-18T18:53:09.4472174Z   ▶️ [STEP step_5] ASSERT_VISIBLE: searched products
2026-01-18T18:53:09.4472505Z     ✅ Step step_5 Passed.
2026-01-18T18:53:09.4473260Z     📢 Detected overlay (ins.adsbygoogle). Attempting to dismiss...
2026-01-18T18:53:09.4473656Z   ▶️ [STEP step_6] CLICK: View Product
2026-01-18T18:53:09.4474062Z     🎯 Using mined locator: div.product-overlay > div > a[data-product-id]
2026-01-18T18:53:09.4474457Z     ✅ Step step_6 Passed.
2026-01-18T18:53:09.4474808Z     📢 Detected overlay (ins.adsbygoogle). Attempting to dismiss...
2026-01-18T18:53:09.4475215Z   ▶️ [STEP step_7] ASSERT_VISIBLE: product detail
2026-01-18T18:53:09.4475642Z     ⚠️ Mined locators not found on page. Falling back to semantic search.
2026-01-18T18:53:09.4476169Z     ❌ Attempt 1 failed (element_not_found): Locator expected to be visible
2026-01-18T18:53:09.4476784Z Actual value: None
2026-01-18T18:53:09.4476998Z Error: element(s) not found 
2026-01-18T18:53:09.4477212Z Call log:
2026-01-18T18:53:09.4477391Z   - Expect ...
2026-01-18T18:53:09.4477705Z     🔧 [AUTO-HEAL] Re-mining page to find 'product detail'...
2026-01-18T18:53:09.4478120Z [DEBUG] Sending request to gemini-2.0-flash. Number of parts: 2
2026-01-18T18:53:09.4478462Z [DEBUG] Received response (Length: 522)
2026-01-18T18:53:09.4478822Z     ✨ AI successfully healed the step! Found 2 alternatives.
2026-01-18T18:53:09.4479293Z     ✨ AI successfully healed the step! New selector: a[href*='cart']
2026-01-18T18:53:09.4479659Z     ✅ Step step_7 Passed.
2026-01-18T18:53:09.4480007Z     📢 Detected overlay (ins.adsbygoogle). Attempting to dismiss...
2026-01-18T18:53:09.4480395Z   ▶️ [STEP step_7_ai_1] CLICK: Add to cart
2026-01-18T18:53:09.4480700Z     ✅ Step step_7_ai_1 Passed.
2026-01-18T18:53:09.4481052Z     📢 Detected overlay (ins.adsbygoogle). Attempting to dismiss...
2026-01-18T18:53:09.4481435Z   ▶️ [STEP step_8] CLICK: Add to cart
2026-01-18T18:53:09.4481705Z     ✅ Step step_8 Passed.
2026-01-18T18:53:09.4482332Z     📢 Detected overlay (ins.adsbygoogle). Attempting to dismiss...
2026-01-18T18:53:09.4482784Z   ▶️ [STEP step_11] ASSERT_VISIBLE: Cart
2026-01-18T18:53:09.4483103Z     🎯 Using mined locator: text='Cart'
2026-01-18T18:53:09.4483428Z     ✅ Step step_11 Passed.
2026-01-18T18:53:09.4483937Z ✅ Scenario 'Search, Add to Cart, and Checkout' completed successfully!
2026-01-18T18:53:09.4484219Z 
2026-01-18T18:53:09.4484676Z --- Scenario: Contact Us Form Submission ---
2026-01-18T18:53:09.4485162Z   ▶️ [STEP step_1] NAVIGATE: Step step_1
2026-01-18T18:53:09.4485522Z     ✅ Step step_1 Passed.
2026-01-18T18:53:09.4485958Z   ▶️ [STEP step_2] CLICK: Contact us
2026-01-18T18:53:09.4486423Z     🎯 Using mined locator: text='Contact us'
2026-01-18T18:53:09.4486906Z     ✅ Step step_2 Passed.
2026-01-18T18:53:09.4487255Z   ▶️ [STEP step_2_ai_1] NAVIGATE: Home
2026-01-18T18:53:09.4546890Z     ❌ Attempt 1 failed (unknown): Page.goto: Protocol error (Page.navigate): Cannot navigate to invalid URL
2026-01-18T18:53:09.4547602Z Call log:
2026-01-18T18:53:09.4547806Z   - navigating t...
2026-01-18T18:53:09.4548276Z     🔧 [AUTO-HEAL] Re-mining page to find 'Home'...
2026-01-18T18:53:09.4548920Z [DEBUG] Sending request to gemini-2.0-flash. Number of parts: 2
2026-01-18T18:53:09.4549451Z [DEBUG] Received response (Length: 590)
2026-01-18T18:53:09.4550115Z     ✨ AI successfully healed the step! Found 3 alternatives.
2026-01-18T18:53:09.4550843Z     ✨ AI successfully healed the step! New selector: a[href*='products']
2026-01-18T18:53:09.4551839Z     ❌ Attempt 2 failed (unknown): Page.goto: Protocol error (Page.navigate): Cannot navigate to invalid URL
2026-01-18T18:53:09.4552735Z Call log:
2026-01-18T18:53:09.4553014Z   - navigating t...
2026-01-18T18:53:09.4553497Z     🔧 [AUTO-HEAL] Re-mining page to find 'Home'...
2026-01-18T18:53:09.4554087Z [DEBUG] Sending request to gemini-2.0-flash. Number of parts: 2
2026-01-18T18:53:09.4554710Z [DEBUG] Received response (Length: 766)
2026-01-18T18:53:09.4555373Z     ✨ AI successfully healed the step! Found 4 alternatives.
2026-01-18T18:53:09.4556212Z     ✨ AI successfully healed the step! New selector: a[href='Products.html']
2026-01-18T18:53:09.4557870Z     ❌ Attempt 3 failed (unknown): Page.goto: Protocol error (Page.navigate): Cannot navigate to invalid URL
2026-01-18T18:53:09.4558739Z Call log:
2026-01-18T18:53:09.4559043Z   - navigating t...
2026-01-18T18:53:09.4559558Z     💀 Step step_2_ai_1 failed after all retries.
2026-01-18T18:53:09.4560398Z 🛑 Scenario 'Contact Us Form Submission' aborted due to step failure.
2026-01-18T18:53:09.4560843Z 
2026-01-18T18:53:09.4561022Z --- Scenario: Add to cart from Home page ---
2026-01-18T18:53:09.4561537Z   ▶️ [STEP step_1] NAVIGATE: Step step_1
2026-01-18T18:53:09.4562347Z     ✅ Step step_1 Passed.
2026-01-18T18:53:09.4562673Z   ▶️ [STEP step_4] ASSERT_VISIBLE: View Cart
2026-01-18T18:53:09.4563352Z     🎯 Using mined locator: a[href='/view_cart']
2026-01-18T18:53:09.4563666Z     ✅ Step step_4 Passed.
2026-01-18T18:53:09.4564031Z     📢 Detected overlay (ins.adsbygoogle). Attempting to dismiss...
2026-01-18T18:53:09.4564425Z   ▶️ [STEP step_4_ai_1] FILL: Search Product
2026-01-18T18:53:09.4564860Z     ⚠️ Mined locators not found on page. Falling back to semantic search.
2026-01-18T18:53:09.4565498Z     ❌ Attempt 1 failed (element_not_found): Locator.scroll_into_view_if_needed: Timeout 10000ms exceeded.
2026-01-18T18:53:09.4565958Z Call log:
2026-01-18T18:53:09.4566146Z   - waiting for locator("tex...
2026-01-18T18:53:09.4566496Z     🔧 [AUTO-HEAL] Re-mining page to find 'Search Product'...
2026-01-18T18:53:09.4566888Z [DEBUG] Sending request to gemini-2.0-flash. Number of parts: 2
2026-01-18T18:53:09.4567246Z [DEBUG] Received response (Length: 468)
2026-01-18T18:53:09.4567613Z     ✨ AI successfully healed the step! Found 2 alternatives.
2026-01-18T18:53:09.4568070Z     ✨ AI successfully healed the step! New selector: a[href*='products']
2026-01-18T18:53:09.4568508Z     ✅ Step step_4_ai_1 Passed.
2026-01-18T18:53:09.4568786Z   ▶️ [STEP step_4_ai_2] CLICK: Search
2026-01-18T18:53:09.4569082Z     🎯 Using mined locator: #submit_search
2026-01-18T18:53:09.4569369Z     ✅ Step step_4_ai_2 Passed.
2026-01-18T18:53:09.4569631Z   ▶️ [STEP step_5] CLICK: View Cart
2026-01-18T18:53:09.4569946Z     🎯 Using mined locator: a[href='/view_cart']
2026-01-18T18:53:09.4570248Z     ✅ Step step_5 Passed.
2026-01-18T18:53:09.4570501Z   ▶️ [STEP step_5_ai_1] CLICK: here
2026-01-18T18:53:09.4570800Z     🎯 Using mined locator: a[href='/products']
2026-01-18T18:53:09.4571112Z     ✅ Step step_5_ai_1 Passed.
2026-01-18T18:53:09.4571391Z   ▶️ [STEP step_6] ASSERT_VISIBLE: Cart
2026-01-18T18:53:09.4571684Z     🎯 Using mined locator: text='Cart'
2026-01-18T18:53:09.4572197Z     ✅ Step step_6 Passed.
2026-01-18T18:53:09.4572553Z ✅ Scenario 'Add to cart from Home page' completed successfully!
2026-01-18T18:53:09.4572818Z 
2026-01-18T18:53:09.4572937Z ============================================================
2026-01-18T18:53:09.4573241Z 🎯 EXECUTION SUMMARY
2026-01-18T18:53:09.4573465Z ============================================================
2026-01-18T18:53:09.4573651Z 
2026-01-18T18:53:09.4573754Z 📋 Scenario Overview:
2026-01-18T18:53:09.4574020Z    • Total Scenarios Planned: 3
2026-01-18T18:53:09.4574285Z    • Scenarios Executed: 3
2026-01-18T18:53:09.4574537Z    • Total Steps Executed: 26
2026-01-18T18:53:09.4574679Z 
2026-01-18T18:53:09.4574767Z ✅ Results:
2026-01-18T18:53:09.4574964Z    ✅ Passed: 2 (66%)
2026-01-18T18:53:09.4575178Z    ❌ Failed: 1 (33%)
2026-01-18T18:53:09.4575289Z 
2026-01-18T18:53:09.4575400Z ⚠️  Failed Scenarios:
2026-01-18T18:53:09.4575624Z    • Contact Us Form Submission
2026-01-18T18:53:09.4575773Z 
2026-01-18T18:53:09.4575867Z ============================================================
2026-01-18T18:53:09.4576056Z 
2026-01-18T18:53:09.4576576Z 🏁 Execution Finished. Report: /home/runner/work/build_qa_automation/build_qa_automation/projects/ci_automationexercise_shop/execution.json
2026-01-18T18:53:09.7447160Z 
2026-01-18T18:53:09.7447902Z [PHASE] Running Phase: DISCOVERY
2026-01-18T18:53:09.7449856Z    Command: /opt/hostedtoolcache/Python/3.11.14/x64/bin/python /home/runner/work/build_qa_automation/build_qa_automation/core/agents/discovery.py --project /home/runner/work/build_qa_automation/build_qa_automation/projects/ci_automationexercise_shop --url https://www.automationexercise.com/ --deep
2026-01-18T18:53:09.7454006Z ❌ Phase 'discovery' failed with error: Command '['/opt/hostedtoolcache/Python/3.11.14/x64/bin/python', '/home/runner/work/build_qa_automation/build_qa_automation/core/agents/discovery.py', '--project', '/home/runner/work/build_qa_automation/build_qa_automation/projects/ci_automationexercise_shop', '--url', 'https://www.automationexercise.com/', '--deep']' returned non-zero exit status 2.
2026-01-18T18:53:09.7456140Z ⚠️ Initial discovery failed, but proceeding to planning...
2026-01-18T18:53:09.7456489Z 
2026-01-18T18:53:09.7456599Z [PHASE] Running Phase: PLANNING
2026-01-18T18:53:09.7457990Z    Command: /opt/hostedtoolcache/Python/3.11.14/x64/bin/python /home/runner/work/build_qa_automation/build_qa_automation/core/agents/planner.py --project /home/runner/work/build_qa_automation/build_qa_automation/projects/ci_automationexercise_shop --goal Explore shopping features and cart --url https://www.automationexercise.com/ --deep
2026-01-18T18:53:09.7459467Z ✅ Phase 'planning' completed successfully.
2026-01-18T18:53:09.7459671Z 
2026-01-18T18:53:09.7459767Z [PHASE] Running Phase: EXPLORATION
2026-01-18T18:53:09.7460815Z    Command: /opt/hostedtoolcache/Python/3.11.14/x64/bin/python /home/runner/work/build_qa_automation/build_qa_automation/core/agents/deep_explorer.py --project /home/runner/work/build_qa_automation/build_qa_automation/projects/ci_automationexercise_shop
2026-01-18T18:53:09.7462049Z ✅ Phase 'exploration' completed successfully.
2026-01-18T18:53:09.7462419Z 📊 Exploration Discovery Success Rate: 81.2%
2026-01-18T18:53:09.7462624Z 
2026-01-18T18:53:09.7462724Z [PHASE] Running Phase: EXECUTION
2026-01-18T18:53:09.7463738Z    Command: /opt/hostedtoolcache/Python/3.11.14/x64/bin/python /home/runner/work/build_qa_automation/build_qa_automation/core/agents/executor.py --project /home/runner/work/build_qa_automation/build_qa_automation/projects/ci_automationexercise_shop
2026-01-18T18:53:09.7464852Z ✅ Phase 'execution' completed successfully.
2026-01-18T18:53:09.7465055Z 
2026-01-18T18:53:09.7465159Z [DONE] Pipeline Execution Finished! [DONE]
2026-01-18T18:53:09.9809367Z ##[group]Run RESULT_FILE="projects/ci_automationexercise_shop/execution.json"
2026-01-18T18:53:09.9809973Z [36;1mRESULT_FILE="projects/ci_automationexercise_shop/execution.json"[0m
2026-01-18T18:53:09.9810393Z [36;1mif [ -f "$RESULT_FILE" ]; then[0m
2026-01-18T18:53:09.9810745Z [36;1m  echo "✅ Results generated successfully: $RESULT_FILE"[0m
2026-01-18T18:53:09.9811213Z [36;1m  cat "$RESULT_FILE" | jq '.scenarios | length' || echo "Result file exists"[0m
2026-01-18T18:53:09.9811620Z [36;1melse[0m
2026-01-18T18:53:09.9811857Z [36;1m  echo "❌ No result file found at $RESULT_FILE"[0m
2026-01-18T18:53:09.9812307Z [36;1m  exit 1[0m
2026-01-18T18:53:09.9812490Z [36;1mfi[0m
2026-01-18T18:53:09.9845578Z shell: /usr/bin/bash -e {0}
2026-01-18T18:53:09.9845808Z env:
2026-01-18T18:53:09.9846063Z   pythonLocation: /opt/hostedtoolcache/Python/3.11.14/x64
2026-01-18T18:53:09.9846485Z   PKG_CONFIG_PATH: /opt/hostedtoolcache/Python/3.11.14/x64/lib/pkgconfig
2026-01-18T18:53:09.9846945Z   Python_ROOT_DIR: /opt/hostedtoolcache/Python/3.11.14/x64
2026-01-18T18:53:09.9847319Z   Python2_ROOT_DIR: /opt/hostedtoolcache/Python/3.11.14/x64
2026-01-18T18:53:09.9847683Z   Python3_ROOT_DIR: /opt/hostedtoolcache/Python/3.11.14/x64
2026-01-18T18:53:09.9848050Z   LD_LIBRARY_PATH: /opt/hostedtoolcache/Python/3.11.14/x64/lib
2026-01-18T18:53:09.9848360Z ##[endgroup]
2026-01-18T18:53:09.9909140Z ✅ Results generated successfully: projects/ci_automationexercise_shop/execution.json
2026-01-18T18:53:09.9937741Z 3
2026-01-18T18:53:10.0010842Z ##[group]Run actions/upload-artifact@v4
2026-01-18T18:53:10.0011137Z with:
2026-01-18T18:53:10.0011359Z   name: automationexercise_shop-execution-results
2026-01-18T18:53:10.0011890Z   path: projects/ci_automationexercise_shop/execution.json
projects/ci_automationexercise_shop/workflow.json

2026-01-18T18:53:10.0012668Z   retention-days: 30
2026-01-18T18:53:10.0012875Z   if-no-files-found: warn
2026-01-18T18:53:10.0013089Z   compression-level: 6
2026-01-18T18:53:10.0013280Z   overwrite: false
2026-01-18T18:53:10.0013473Z   include-hidden-files: false
2026-01-18T18:53:10.0013692Z env:
2026-01-18T18:53:10.0013928Z   pythonLocation: /opt/hostedtoolcache/Python/3.11.14/x64
2026-01-18T18:53:10.0014336Z   PKG_CONFIG_PATH: /opt/hostedtoolcache/Python/3.11.14/x64/lib/pkgconfig
2026-01-18T18:53:10.0014741Z   Python_ROOT_DIR: /opt/hostedtoolcache/Python/3.11.14/x64
2026-01-18T18:53:10.0015096Z   Python2_ROOT_DIR: /opt/hostedtoolcache/Python/3.11.14/x64
2026-01-18T18:53:10.0015516Z   Python3_ROOT_DIR: /opt/hostedtoolcache/Python/3.11.14/x64
2026-01-18T18:53:10.0015877Z   LD_LIBRARY_PATH: /opt/hostedtoolcache/Python/3.11.14/x64/lib
2026-01-18T18:53:10.0016182Z ##[endgroup]
2026-01-18T18:53:10.2468908Z Multiple search paths detected. Calculating the least common ancestor of all paths
2026-01-18T18:53:10.2473827Z The least common ancestor is /home/runner/work/build_qa_automation/build_qa_automation/projects/ci_automationexercise_shop. This will be the root directory of the artifact
2026-01-18T18:53:10.2475338Z With the provided path, there will be 2 files uploaded
2026-01-18T18:53:10.2481272Z Artifact name is valid!
2026-01-18T18:53:10.2482675Z Root directory input is valid!
2026-01-18T18:53:10.5211337Z Beginning upload of artifact content to blob storage
2026-01-18T18:53:10.8275506Z Uploaded bytes 2648
2026-01-18T18:53:10.9070882Z Finished uploading artifact content to blob storage!
2026-01-18T18:53:10.9074065Z SHA256 digest of uploaded artifact zip is af1a10a7e2df11b0287f58c57d0401d44049a8238d7a68cdb3d1604abd2aa3cf
2026-01-18T18:53:10.9076385Z Finalizing artifact upload
2026-01-18T18:53:11.0394069Z Artifact automationexercise_shop-execution-results.zip successfully finalized. Artifact ID 5169959579
2026-01-18T18:53:11.0395771Z Artifact automationexercise_shop-execution-results has been successfully uploaded! Final size is 2648 bytes. Artifact ID is 5169959579
2026-01-18T18:53:11.0402209Z Artifact download URL: https://github.com/vishvasmca-cmd/build_qa_automation/actions/runs/21116744370/artifacts/5169959579
2026-01-18T18:53:11.0533788Z Post job cleanup.
2026-01-18T18:53:11.2190098Z Cache hit occurred on the primary key setup-python-Linux-x64-24.04-Ubuntu-python-3.11.14-pip-dde08d0e0b672972dcda9f1a063036a2e0c226f5d0a20362e9401931676d80a4, not saving cache.
2026-01-18T18:53:11.2305176Z Post job cleanup.
2026-01-18T18:53:11.3346938Z [command]/usr/bin/git version
2026-01-18T18:53:11.3394574Z git version 2.52.0
2026-01-18T18:53:11.3445865Z Temporarily overriding HOME='/home/runner/work/_temp/63388256-1dfc-4f75-8450-b6c23d5584f8' before making global git config changes
2026-01-18T18:53:11.3447322Z Adding repository directory to the temporary git global config as a safe directory
2026-01-18T18:53:11.3462979Z [command]/usr/bin/git config --global --add safe.directory /home/runner/work/build_qa_automation/build_qa_automation
2026-01-18T18:53:11.3512384Z [command]/usr/bin/git config --local --name-only --get-regexp core\.sshCommand
2026-01-18T18:53:11.3557149Z [command]/usr/bin/git submodule foreach --recursive sh -c "git config --local --name-only --get-regexp 'core\.sshCommand' && git config --local --unset-all 'core.sshCommand' || :"
2026-01-18T18:53:11.3838844Z [command]/usr/bin/git config --local --name-only --get-regexp http\.https\:\/\/github\.com\/\.extraheader
2026-01-18T18:53:11.3866209Z http.https://github.com/.extraheader
2026-01-18T18:53:11.3879432Z [command]/usr/bin/git config --local --unset-all http.https://github.com/.extraheader
2026-01-18T18:53:11.3915160Z [command]/usr/bin/git submodule foreach --recursive sh -c "git config --local --name-only --get-regexp 'http\.https\:\/\/github\.com\/\.extraheader' && git config --local --unset-all 'http.https://github.com/.extraheader' || :"
2026-01-18T18:53:11.4166347Z [command]/usr/bin/git config --local --name-only --get-regexp ^includeIf\.gitdir:
2026-01-18T18:53:11.4204656Z [command]/usr/bin/git submodule foreach --recursive git config --local --show-origin --name-only --get-regexp remote.origin.url
2026-01-18T18:53:11.4618460Z Cleaning up orphan processes
