2026-01-19T01:54:49.9638672Z Current runner version: '2.331.0'
2026-01-19T01:54:49.9661180Z ##[group]Runner Image Provisioner
2026-01-19T01:54:49.9662072Z Hosted Compute Agent
2026-01-19T01:54:49.9662629Z Version: 20251211.462
2026-01-19T01:54:49.9663213Z Commit: 6cbad8c2bb55d58165063d031ccabf57e2d2db61
2026-01-19T01:54:49.9663973Z Build Date: 2025-12-11T16:28:49Z
2026-01-19T01:54:49.9664627Z Worker ID: {e74c5099-7134-4fb6-9fc5-c6e22062e6ba}
2026-01-19T01:54:49.9665299Z ##[endgroup]
2026-01-19T01:54:49.9665873Z ##[group]Operating System
2026-01-19T01:54:49.9666429Z Ubuntu
2026-01-19T01:54:49.9666846Z 24.04.3
2026-01-19T01:54:49.9667540Z LTS
2026-01-19T01:54:49.9667963Z ##[endgroup]
2026-01-19T01:54:49.9668484Z ##[group]Runner Image
2026-01-19T01:54:49.9669075Z Image: ubuntu-24.04
2026-01-19T01:54:49.9669553Z Version: 20260111.209.1
2026-01-19T01:54:49.9670550Z Included Software: https://github.com/actions/runner-images/blob/ubuntu24/20260111.209/images/ubuntu/Ubuntu2404-Readme.md
2026-01-19T01:54:49.9672102Z Image Release: https://github.com/actions/runner-images/releases/tag/ubuntu24%2F20260111.209
2026-01-19T01:54:49.9673092Z ##[endgroup]
2026-01-19T01:54:49.9674204Z ##[group]GITHUB_TOKEN Permissions
2026-01-19T01:54:49.9675949Z Contents: read
2026-01-19T01:54:49.9676534Z Metadata: read
2026-01-19T01:54:49.9677380Z Packages: read
2026-01-19T01:54:49.9677854Z ##[endgroup]
2026-01-19T01:54:49.9680365Z Secret source: Actions
2026-01-19T01:54:49.9681084Z Prepare workflow directory
2026-01-19T01:54:49.9992311Z Prepare all required actions
2026-01-19T01:54:50.0028664Z Getting action download info
2026-01-19T01:54:50.4885718Z Download action repository 'actions/checkout@v4' (SHA:34e114876b0b11c390a56381ad16ebd13914f8d5)
2026-01-19T01:54:50.6087534Z Download action repository 'actions/setup-python@v5' (SHA:a26af69be951a213d495a4c3e4e4022e16d87065)
2026-01-19T01:54:50.7363215Z Download action repository 'actions/upload-artifact@v4' (SHA:ea165f8d65b6e75b540449e92b4886f43607fa02)
2026-01-19T01:54:50.9493254Z Complete job name: test-websites-deep (saucedemo_ecommerce, https://www.saucedemo.com/, Complete end-to-end shopping...
2026-01-19T01:54:51.0179455Z ##[group]Run actions/checkout@v4
2026-01-19T01:54:51.0180255Z with:
2026-01-19T01:54:51.0180694Z   repository: vishvasmca-cmd/build_qa_automation
2026-01-19T01:54:51.0181401Z   token: ***
2026-01-19T01:54:51.0181771Z   ssh-strict: true
2026-01-19T01:54:51.0182155Z   ssh-user: git
2026-01-19T01:54:51.0182540Z   persist-credentials: true
2026-01-19T01:54:51.0182974Z   clean: true
2026-01-19T01:54:51.0183359Z   sparse-checkout-cone-mode: true
2026-01-19T01:54:51.0183828Z   fetch-depth: 1
2026-01-19T01:54:51.0184204Z   fetch-tags: false
2026-01-19T01:54:51.0184596Z   show-progress: true
2026-01-19T01:54:51.0184993Z   lfs: false
2026-01-19T01:54:51.0185347Z   submodules: false
2026-01-19T01:54:51.0185788Z   set-safe-directory: true
2026-01-19T01:54:51.0186440Z ##[endgroup]
2026-01-19T01:54:51.1238401Z Syncing repository: vishvasmca-cmd/build_qa_automation
2026-01-19T01:54:51.1240215Z ##[group]Getting Git version info
2026-01-19T01:54:51.1241088Z Working directory is '/home/runner/work/build_qa_automation/build_qa_automation'
2026-01-19T01:54:51.1242197Z [command]/usr/bin/git version
2026-01-19T01:54:51.1316305Z git version 2.52.0
2026-01-19T01:54:51.1341921Z ##[endgroup]
2026-01-19T01:54:51.1355424Z Temporarily overriding HOME='/home/runner/work/_temp/31f0d0e8-1dcd-457e-b7ca-163a26780742' before making global git config changes
2026-01-19T01:54:51.1356993Z Adding repository directory to the temporary git global config as a safe directory
2026-01-19T01:54:51.1367867Z [command]/usr/bin/git config --global --add safe.directory /home/runner/work/build_qa_automation/build_qa_automation
2026-01-19T01:54:51.1405082Z Deleting the contents of '/home/runner/work/build_qa_automation/build_qa_automation'
2026-01-19T01:54:51.1408625Z ##[group]Initializing the repository
2026-01-19T01:54:51.1412464Z [command]/usr/bin/git init /home/runner/work/build_qa_automation/build_qa_automation
2026-01-19T01:54:51.1519408Z hint: Using 'master' as the name for the initial branch. This default branch name
2026-01-19T01:54:51.1521024Z hint: will change to "main" in Git 3.0. To configure the initial branch name
2026-01-19T01:54:51.1522223Z hint: to use in all of your new repositories, which will suppress this warning,
2026-01-19T01:54:51.1523158Z hint: call:
2026-01-19T01:54:51.1523866Z hint:
2026-01-19T01:54:51.1524804Z hint: 	git config --global init.defaultBranch <name>
2026-01-19T01:54:51.1525565Z hint:
2026-01-19T01:54:51.1526263Z hint: Names commonly chosen instead of 'master' are 'main', 'trunk' and
2026-01-19T01:54:51.1527556Z hint: 'development'. The just-created branch can be renamed via this command:
2026-01-19T01:54:51.1528295Z hint:
2026-01-19T01:54:51.1528678Z hint: 	git branch -m <name>
2026-01-19T01:54:51.1529318Z hint:
2026-01-19T01:54:51.1529937Z hint: Disable this message with "git config set advice.defaultBranchName false"
2026-01-19T01:54:51.1531127Z Initialized empty Git repository in /home/runner/work/build_qa_automation/build_qa_automation/.git/
2026-01-19T01:54:51.1535315Z [command]/usr/bin/git remote add origin https://github.com/vishvasmca-cmd/build_qa_automation
2026-01-19T01:54:51.1567206Z ##[endgroup]
2026-01-19T01:54:51.1567889Z ##[group]Disabling automatic garbage collection
2026-01-19T01:54:51.1571314Z [command]/usr/bin/git config --local gc.auto 0
2026-01-19T01:54:51.1598036Z ##[endgroup]
2026-01-19T01:54:51.1598677Z ##[group]Setting up auth
2026-01-19T01:54:51.1604726Z [command]/usr/bin/git config --local --name-only --get-regexp core\.sshCommand
2026-01-19T01:54:51.1633138Z [command]/usr/bin/git submodule foreach --recursive sh -c "git config --local --name-only --get-regexp 'core\.sshCommand' && git config --local --unset-all 'core.sshCommand' || :"
2026-01-19T01:54:51.2017461Z [command]/usr/bin/git config --local --name-only --get-regexp http\.https\:\/\/github\.com\/\.extraheader
2026-01-19T01:54:51.2048469Z [command]/usr/bin/git submodule foreach --recursive sh -c "git config --local --name-only --get-regexp 'http\.https\:\/\/github\.com\/\.extraheader' && git config --local --unset-all 'http.https://github.com/.extraheader' || :"
2026-01-19T01:54:51.2264429Z [command]/usr/bin/git config --local --name-only --get-regexp ^includeIf\.gitdir:
2026-01-19T01:54:51.2295301Z [command]/usr/bin/git submodule foreach --recursive git config --local --show-origin --name-only --get-regexp remote.origin.url
2026-01-19T01:54:51.2521818Z [command]/usr/bin/git config --local http.https://github.com/.extraheader AUTHORIZATION: basic ***
2026-01-19T01:54:51.2553944Z ##[endgroup]
2026-01-19T01:54:51.2554651Z ##[group]Fetching the repository
2026-01-19T01:54:51.2564235Z [command]/usr/bin/git -c protocol.version=2 fetch --no-tags --prune --no-recurse-submodules --depth=1 origin +8ae9e7a98960844bdcef67161cbe93442a7431bc:refs/remotes/origin/main
2026-01-19T01:54:52.3317554Z From https://github.com/vishvasmca-cmd/build_qa_automation
2026-01-19T01:54:52.3319032Z  * [new ref]         8ae9e7a98960844bdcef67161cbe93442a7431bc -> origin/main
2026-01-19T01:54:52.3350436Z ##[endgroup]
2026-01-19T01:54:52.3352417Z ##[group]Determining the checkout info
2026-01-19T01:54:52.3354594Z ##[endgroup]
2026-01-19T01:54:52.3358936Z [command]/usr/bin/git sparse-checkout disable
2026-01-19T01:54:52.3401394Z [command]/usr/bin/git config --local --unset-all extensions.worktreeConfig
2026-01-19T01:54:52.3428020Z ##[group]Checking out the ref
2026-01-19T01:54:52.3431980Z [command]/usr/bin/git checkout --progress --force -B main refs/remotes/origin/main
2026-01-19T01:54:52.4828987Z Switched to a new branch 'main'
2026-01-19T01:54:52.4830893Z branch 'main' set up to track 'origin/main'.
2026-01-19T01:54:52.4850190Z ##[endgroup]
2026-01-19T01:54:52.4887839Z [command]/usr/bin/git log -1 --format=%H
2026-01-19T01:54:52.4914214Z 8ae9e7a98960844bdcef67161cbe93442a7431bc
2026-01-19T01:54:52.5234538Z ##[group]Run actions/setup-python@v5
2026-01-19T01:54:52.5235701Z with:
2026-01-19T01:54:52.5236513Z   python-version: 3.11
2026-01-19T01:54:52.5237586Z   cache: pip
2026-01-19T01:54:52.5238641Z   check-latest: false
2026-01-19T01:54:52.5239820Z   token: ***
2026-01-19T01:54:52.5240678Z   update-environment: true
2026-01-19T01:54:52.5241717Z   allow-prereleases: false
2026-01-19T01:54:52.5242741Z   freethreaded: false
2026-01-19T01:54:52.5243657Z ##[endgroup]
2026-01-19T01:54:52.6897598Z ##[group]Installed versions
2026-01-19T01:54:52.7748158Z Successfully set up CPython (3.11.14)
2026-01-19T01:54:52.7749945Z ##[endgroup]
2026-01-19T01:54:52.8770546Z [command]/opt/hostedtoolcache/Python/3.11.14/x64/bin/pip cache dir
2026-01-19T01:54:54.5396380Z /home/runner/.cache/pip
2026-01-19T01:54:54.8314020Z Cache hit for: setup-python-Linux-x64-24.04-Ubuntu-python-3.11.14-pip-dde08d0e0b672972dcda9f1a063036a2e0c226f5d0a20362e9401931676d80a4
2026-01-19T01:54:56.1059511Z Received 8388608 of 254742636 (3.3%), 8.0 MBs/sec
2026-01-19T01:54:57.1071607Z Received 134217728 of 254742636 (52.7%), 64.0 MBs/sec
2026-01-19T01:54:58.1077150Z Received 250548332 of 254742636 (98.4%), 79.6 MBs/sec
2026-01-19T01:54:58.3796505Z Received 254742636 of 254742636 (100.0%), 74.2 MBs/sec
2026-01-19T01:54:58.3799031Z Cache Size: ~243 MB (254742636 B)
2026-01-19T01:54:58.3838682Z [command]/usr/bin/tar -xf /home/runner/work/_temp/28c7b890-20e2-4f97-adb7-8421152d3117/cache.tzst -P -C /home/runner/work/build_qa_automation/build_qa_automation --use-compress-program unzstd
2026-01-19T01:54:58.7463781Z Cache restored successfully
2026-01-19T01:54:58.8024727Z Cache restored from key: setup-python-Linux-x64-24.04-Ubuntu-python-3.11.14-pip-dde08d0e0b672972dcda9f1a063036a2e0c226f5d0a20362e9401931676d80a4
2026-01-19T01:54:58.8257809Z ##[group]Run pip install -r requirements.txt
2026-01-19T01:54:58.8258241Z [36;1mpip install -r requirements.txt[0m
2026-01-19T01:54:58.8258535Z [36;1mplaywright install chromium[0m
2026-01-19T01:54:58.8296037Z shell: /usr/bin/bash -e {0}
2026-01-19T01:54:58.8296303Z env:
2026-01-19T01:54:58.8296576Z   pythonLocation: /opt/hostedtoolcache/Python/3.11.14/x64
2026-01-19T01:54:58.8297159Z   PKG_CONFIG_PATH: /opt/hostedtoolcache/Python/3.11.14/x64/lib/pkgconfig
2026-01-19T01:54:58.8297602Z   Python_ROOT_DIR: /opt/hostedtoolcache/Python/3.11.14/x64
2026-01-19T01:54:58.8297967Z   Python2_ROOT_DIR: /opt/hostedtoolcache/Python/3.11.14/x64
2026-01-19T01:54:58.8298326Z   Python3_ROOT_DIR: /opt/hostedtoolcache/Python/3.11.14/x64
2026-01-19T01:54:58.8298698Z   LD_LIBRARY_PATH: /opt/hostedtoolcache/Python/3.11.14/x64/lib
2026-01-19T01:54:58.8299000Z ##[endgroup]
2026-01-19T01:55:00.2453598Z Collecting playwright (from -r requirements.txt (line 1))
2026-01-19T01:55:00.2476191Z   Using cached playwright-1.57.0-py3-none-manylinux1_x86_64.whl.metadata (3.5 kB)
2026-01-19T01:55:00.2628508Z Collecting python-dotenv (from -r requirements.txt (line 2))
2026-01-19T01:55:00.2643933Z   Using cached python_dotenv-1.2.1-py3-none-any.whl.metadata (25 kB)
2026-01-19T01:55:00.2923506Z Collecting requests (from -r requirements.txt (line 3))
2026-01-19T01:55:00.2937600Z   Using cached requests-2.32.5-py3-none-any.whl.metadata (4.9 kB)
2026-01-19T01:55:00.4569892Z Collecting pillow (from -r requirements.txt (line 4))
2026-01-19T01:55:00.4586664Z   Using cached pillow-12.1.0-cp311-cp311-manylinux_2_27_x86_64.manylinux_2_28_x86_64.whl.metadata (8.8 kB)
2026-01-19T01:55:00.4819869Z Collecting google-genai>=0.3.0 (from -r requirements.txt (line 5))
2026-01-19T01:55:00.4834269Z   Using cached google_genai-1.59.0-py3-none-any.whl.metadata (53 kB)
2026-01-19T01:55:00.4973749Z Collecting termcolor (from -r requirements.txt (line 6))
2026-01-19T01:55:00.4987528Z   Using cached termcolor-3.3.0-py3-none-any.whl.metadata (6.5 kB)
2026-01-19T01:55:00.5315955Z Collecting PyYAML (from -r requirements.txt (line 7))
2026-01-19T01:55:00.5330323Z   Using cached pyyaml-6.0.3-cp311-cp311-manylinux2014_x86_64.manylinux_2_17_x86_64.manylinux_2_28_x86_64.whl.metadata (2.4 kB)
2026-01-19T01:55:00.5916596Z Collecting opencv-python-headless (from -r requirements.txt (line 8))
2026-01-19T01:55:00.5930968Z   Using cached opencv_python_headless-4.13.0.90-cp37-abi3-manylinux_2_28_x86_64.whl.metadata (19 kB)
2026-01-19T01:55:00.7826525Z Collecting numpy (from -r requirements.txt (line 9))
2026-01-19T01:55:00.7842048Z   Using cached numpy-2.4.1-cp311-cp311-manylinux_2_27_x86_64.manylinux_2_28_x86_64.whl.metadata (6.6 kB)
2026-01-19T01:55:00.8608711Z Collecting faker (from -r requirements.txt (line 10))
2026-01-19T01:55:00.8622495Z   Using cached faker-40.1.2-py3-none-any.whl.metadata (16 kB)
2026-01-19T01:55:00.8784689Z Collecting pyee<14,>=13 (from playwright->-r requirements.txt (line 1))
2026-01-19T01:55:00.8798114Z   Using cached pyee-13.0.0-py3-none-any.whl.metadata (2.9 kB)
2026-01-19T01:55:00.9940525Z Collecting greenlet<4.0.0,>=3.1.1 (from playwright->-r requirements.txt (line 1))
2026-01-19T01:55:00.9955435Z   Using cached greenlet-3.3.0-cp311-cp311-manylinux_2_24_x86_64.manylinux_2_28_x86_64.whl.metadata (4.1 kB)
2026-01-19T01:55:01.0337742Z Collecting typing-extensions (from pyee<14,>=13->playwright->-r requirements.txt (line 1))
2026-01-19T01:55:01.0351464Z   Using cached typing_extensions-4.15.0-py3-none-any.whl.metadata (3.3 kB)
2026-01-19T01:55:01.1121255Z Collecting charset_normalizer<4,>=2 (from requests->-r requirements.txt (line 3))
2026-01-19T01:55:01.1135862Z   Using cached charset_normalizer-3.4.4-cp311-cp311-manylinux2014_x86_64.manylinux_2_17_x86_64.manylinux_2_28_x86_64.whl.metadata (37 kB)
2026-01-19T01:55:01.1312183Z Collecting idna<4,>=2.5 (from requests->-r requirements.txt (line 3))
2026-01-19T01:55:01.1325362Z   Using cached idna-3.11-py3-none-any.whl.metadata (8.4 kB)
2026-01-19T01:55:01.1606342Z Collecting urllib3<3,>=1.21.1 (from requests->-r requirements.txt (line 3))
2026-01-19T01:55:01.1619440Z   Using cached urllib3-2.6.3-py3-none-any.whl.metadata (6.9 kB)
2026-01-19T01:55:01.1801554Z Collecting certifi>=2017.4.17 (from requests->-r requirements.txt (line 3))
2026-01-19T01:55:01.1814926Z   Using cached certifi-2026.1.4-py3-none-any.whl.metadata (2.5 kB)
2026-01-19T01:55:01.2004752Z Collecting anyio<5.0.0,>=4.8.0 (from google-genai>=0.3.0->-r requirements.txt (line 5))
2026-01-19T01:55:01.2018101Z   Using cached anyio-4.12.1-py3-none-any.whl.metadata (4.3 kB)
2026-01-19T01:55:01.2374910Z Collecting google-auth<3.0.0,>=2.47.0 (from google-auth[requests]<3.0.0,>=2.47.0->google-genai>=0.3.0->-r requirements.txt (line 5))
2026-01-19T01:55:01.2387859Z   Using cached google_auth-2.47.0-py3-none-any.whl.metadata (6.4 kB)
2026-01-19T01:55:01.2616513Z Collecting httpx<1.0.0,>=0.28.1 (from google-genai>=0.3.0->-r requirements.txt (line 5))
2026-01-19T01:55:01.2629543Z   Using cached httpx-0.28.1-py3-none-any.whl.metadata (7.1 kB)
2026-01-19T01:55:01.4019547Z Collecting pydantic<3.0.0,>=2.9.0 (from google-genai>=0.3.0->-r requirements.txt (line 5))
2026-01-19T01:55:01.4034095Z   Using cached pydantic-2.12.5-py3-none-any.whl.metadata (90 kB)
2026-01-19T01:55:01.4254091Z Collecting tenacity<9.2.0,>=8.2.3 (from google-genai>=0.3.0->-r requirements.txt (line 5))
2026-01-19T01:55:01.4267420Z   Using cached tenacity-9.1.2-py3-none-any.whl.metadata (1.2 kB)
2026-01-19T01:55:01.5074787Z Collecting websockets<15.1.0,>=13.0.0 (from google-genai>=0.3.0->-r requirements.txt (line 5))
2026-01-19T01:55:01.5090393Z   Using cached websockets-15.0.1-cp311-cp311-manylinux_2_5_x86_64.manylinux1_x86_64.manylinux_2_17_x86_64.manylinux2014_x86_64.whl.metadata (6.8 kB)
2026-01-19T01:55:01.5231761Z Collecting distro<2,>=1.7.0 (from google-genai>=0.3.0->-r requirements.txt (line 5))
2026-01-19T01:55:01.5245139Z   Using cached distro-1.9.0-py3-none-any.whl.metadata (6.8 kB)
2026-01-19T01:55:01.5327383Z Collecting sniffio (from google-genai>=0.3.0->-r requirements.txt (line 5))
2026-01-19T01:55:01.5340778Z   Using cached sniffio-1.3.1-py3-none-any.whl.metadata (3.9 kB)
2026-01-19T01:55:01.5593088Z Collecting pyasn1-modules>=0.2.1 (from google-auth<3.0.0,>=2.47.0->google-auth[requests]<3.0.0,>=2.47.0->google-genai>=0.3.0->-r requirements.txt (line 5))
2026-01-19T01:55:01.5606143Z   Using cached pyasn1_modules-0.4.2-py3-none-any.whl.metadata (3.5 kB)
2026-01-19T01:55:01.5733876Z Collecting rsa<5,>=3.1.4 (from google-auth<3.0.0,>=2.47.0->google-auth[requests]<3.0.0,>=2.47.0->google-genai>=0.3.0->-r requirements.txt (line 5))
2026-01-19T01:55:01.5747212Z   Using cached rsa-4.9.1-py3-none-any.whl.metadata (5.6 kB)
2026-01-19T01:55:01.6000272Z Collecting httpcore==1.* (from httpx<1.0.0,>=0.28.1->google-genai>=0.3.0->-r requirements.txt (line 5))
2026-01-19T01:55:01.6014225Z   Using cached httpcore-1.0.9-py3-none-any.whl.metadata (21 kB)
2026-01-19T01:55:01.6127490Z Collecting h11>=0.16 (from httpcore==1.*->httpx<1.0.0,>=0.28.1->google-genai>=0.3.0->-r requirements.txt (line 5))
2026-01-19T01:55:01.6140804Z   Using cached h11-0.16.0-py3-none-any.whl.metadata (8.3 kB)
2026-01-19T01:55:01.6242461Z Collecting annotated-types>=0.6.0 (from pydantic<3.0.0,>=2.9.0->google-genai>=0.3.0->-r requirements.txt (line 5))
2026-01-19T01:55:01.6255770Z   Using cached annotated_types-0.7.0-py3-none-any.whl.metadata (15 kB)
2026-01-19T01:55:02.2568690Z Collecting pydantic-core==2.41.5 (from pydantic<3.0.0,>=2.9.0->google-genai>=0.3.0->-r requirements.txt (line 5))
2026-01-19T01:55:02.2584360Z   Using cached pydantic_core-2.41.5-cp311-cp311-manylinux_2_17_x86_64.manylinux2014_x86_64.whl.metadata (7.3 kB)
2026-01-19T01:55:02.2718678Z Collecting typing-inspection>=0.4.2 (from pydantic<3.0.0,>=2.9.0->google-genai>=0.3.0->-r requirements.txt (line 5))
2026-01-19T01:55:02.2732287Z   Using cached typing_inspection-0.4.2-py3-none-any.whl.metadata (2.6 kB)
2026-01-19T01:55:02.3383175Z Collecting pyasn1>=0.1.3 (from rsa<5,>=3.1.4->google-auth<3.0.0,>=2.47.0->google-auth[requests]<3.0.0,>=2.47.0->google-genai>=0.3.0->-r requirements.txt (line 5))
2026-01-19T01:55:02.3399154Z   Using cached pyasn1-0.6.2-py3-none-any.whl.metadata (8.4 kB)
2026-01-19T01:55:02.3652338Z Using cached playwright-1.57.0-py3-none-manylinux1_x86_64.whl (46.0 MB)
2026-01-19T01:55:02.3985944Z Using cached greenlet-3.3.0-cp311-cp311-manylinux_2_24_x86_64.manylinux_2_28_x86_64.whl (590 kB)
2026-01-19T01:55:02.4003454Z Using cached pyee-13.0.0-py3-none-any.whl (15 kB)
2026-01-19T01:55:02.4016842Z Using cached python_dotenv-1.2.1-py3-none-any.whl (21 kB)
2026-01-19T01:55:02.4029762Z Using cached requests-2.32.5-py3-none-any.whl (64 kB)
2026-01-19T01:55:02.4043778Z Using cached charset_normalizer-3.4.4-cp311-cp311-manylinux2014_x86_64.manylinux_2_17_x86_64.manylinux_2_28_x86_64.whl (151 kB)
2026-01-19T01:55:02.4057458Z Using cached idna-3.11-py3-none-any.whl (71 kB)
2026-01-19T01:55:02.4070704Z Using cached urllib3-2.6.3-py3-none-any.whl (131 kB)
2026-01-19T01:55:02.4084634Z Using cached pillow-12.1.0-cp311-cp311-manylinux_2_27_x86_64.manylinux_2_28_x86_64.whl (7.0 MB)
2026-01-19T01:55:02.4146569Z Using cached google_genai-1.59.0-py3-none-any.whl (719 kB)
2026-01-19T01:55:02.4164376Z Using cached anyio-4.12.1-py3-none-any.whl (113 kB)
2026-01-19T01:55:02.4177694Z Using cached distro-1.9.0-py3-none-any.whl (20 kB)
2026-01-19T01:55:02.4190832Z Using cached google_auth-2.47.0-py3-none-any.whl (234 kB)
2026-01-19T01:55:02.4205011Z Using cached httpx-0.28.1-py3-none-any.whl (73 kB)
2026-01-19T01:55:02.4218611Z Using cached httpcore-1.0.9-py3-none-any.whl (78 kB)
2026-01-19T01:55:02.4231931Z Using cached pydantic-2.12.5-py3-none-any.whl (463 kB)
2026-01-19T01:55:02.4248490Z Using cached pydantic_core-2.41.5-cp311-cp311-manylinux_2_17_x86_64.manylinux2014_x86_64.whl (2.1 MB)
2026-01-19T01:55:02.4275143Z Using cached rsa-4.9.1-py3-none-any.whl (34 kB)
2026-01-19T01:55:02.4288114Z Using cached tenacity-9.1.2-py3-none-any.whl (28 kB)
2026-01-19T01:55:02.4301058Z Using cached typing_extensions-4.15.0-py3-none-any.whl (44 kB)
2026-01-19T01:55:02.4314697Z Using cached websockets-15.0.1-cp311-cp311-manylinux_2_5_x86_64.manylinux1_x86_64.manylinux_2_17_x86_64.manylinux2014_x86_64.whl (182 kB)
2026-01-19T01:55:02.4328526Z Using cached termcolor-3.3.0-py3-none-any.whl (7.7 kB)
2026-01-19T01:55:02.4342114Z Using cached pyyaml-6.0.3-cp311-cp311-manylinux2014_x86_64.manylinux_2_17_x86_64.manylinux_2_28_x86_64.whl (806 kB)
2026-01-19T01:55:02.4360795Z Using cached opencv_python_headless-4.13.0.90-cp37-abi3-manylinux_2_28_x86_64.whl (62.5 MB)
2026-01-19T01:55:02.4807722Z Using cached numpy-2.4.1-cp311-cp311-manylinux_2_27_x86_64.manylinux_2_28_x86_64.whl (16.7 MB)
2026-01-19T01:55:02.4935618Z Using cached faker-40.1.2-py3-none-any.whl (2.0 MB)
2026-01-19T01:55:02.4962556Z Using cached annotated_types-0.7.0-py3-none-any.whl (13 kB)
2026-01-19T01:55:02.4975732Z Using cached certifi-2026.1.4-py3-none-any.whl (152 kB)
2026-01-19T01:55:02.4989808Z Using cached h11-0.16.0-py3-none-any.whl (37 kB)
2026-01-19T01:55:02.5002635Z Using cached pyasn1-0.6.2-py3-none-any.whl (83 kB)
2026-01-19T01:55:02.5016251Z Using cached pyasn1_modules-0.4.2-py3-none-any.whl (181 kB)
2026-01-19T01:55:02.5030671Z Using cached typing_inspection-0.4.2-py3-none-any.whl (14 kB)
2026-01-19T01:55:02.5043510Z Using cached sniffio-1.3.1-py3-none-any.whl (10 kB)
2026-01-19T01:55:02.7260565Z Installing collected packages: websockets, urllib3, typing-extensions, termcolor, tenacity, sniffio, PyYAML, python-dotenv, pyasn1, pillow, numpy, idna, h11, greenlet, faker, distro, charset_normalizer, certifi, annotated-types, typing-inspection, rsa, requests, pyee, pydantic-core, pyasn1-modules, opencv-python-headless, httpcore, anyio, pydantic, playwright, httpx, google-auth, google-genai
2026-01-19T01:55:09.5924517Z 
2026-01-19T01:55:09.5947817Z Successfully installed PyYAML-6.0.3 annotated-types-0.7.0 anyio-4.12.1 certifi-2026.1.4 charset_normalizer-3.4.4 distro-1.9.0 faker-40.1.2 google-auth-2.47.0 google-genai-1.59.0 greenlet-3.3.0 h11-0.16.0 httpcore-1.0.9 httpx-0.28.1 idna-3.11 numpy-2.4.1 opencv-python-headless-4.13.0.90 pillow-12.1.0 playwright-1.57.0 pyasn1-0.6.2 pyasn1-modules-0.4.2 pydantic-2.12.5 pydantic-core-2.41.5 pyee-13.0.0 python-dotenv-1.2.1 requests-2.32.5 rsa-4.9.1 sniffio-1.3.1 tenacity-9.1.2 termcolor-3.3.0 typing-extensions-4.15.0 typing-inspection-0.4.2 urllib3-2.6.3 websockets-15.0.1
2026-01-19T01:55:10.1876770Z Downloading Chromium 143.0.7499.4 (playwright build v1200) from https://cdn.playwright.dev/dbazure/download/playwright/builds/chromium/1200/chromium-linux.zip
2026-01-19T01:55:10.2842912Z (node:2211) [DEP0169] DeprecationWarning: `url.parse()` behavior is not standardized and prone to errors that have security implications. Use the WHATWG URL API instead. CVEs are not issued for `url.parse()` vulnerabilities.
2026-01-19T01:55:10.2844285Z (Use `node --trace-deprecation ...` to show where the warning was created)
2026-01-19T01:55:10.3838133Z |                                                                                |   0% of 164.7 MiB
2026-01-19T01:55:10.5387469Z |■■■■■■■■                                                                        |  10% of 164.7 MiB
2026-01-19T01:55:10.6406487Z |■■■■■■■■■■■■■■■■                                                                |  20% of 164.7 MiB
2026-01-19T01:55:10.7424351Z |■■■■■■■■■■■■■■■■■■■■■■■■                                                        |  30% of 164.7 MiB
2026-01-19T01:55:10.8578203Z |■■■■■■■■■■■■■■■■■■■■■■■■■■■■■■■■                                                |  40% of 164.7 MiB
2026-01-19T01:55:10.9514790Z |■■■■■■■■■■■■■■■■■■■■■■■■■■■■■■■■■■■■■■■■                                        |  50% of 164.7 MiB
2026-01-19T01:55:11.0516400Z |■■■■■■■■■■■■■■■■■■■■■■■■■■■■■■■■■■■■■■■■■■■■■■■■                                |  60% of 164.7 MiB
2026-01-19T01:55:11.1650070Z |■■■■■■■■■■■■■■■■■■■■■■■■■■■■■■■■■■■■■■■■■■■■■■■■■■■■■■■■                        |  70% of 164.7 MiB
2026-01-19T01:55:11.2774613Z |■■■■■■■■■■■■■■■■■■■■■■■■■■■■■■■■■■■■■■■■■■■■■■■■■■■■■■■■■■■■■■■■                |  80% of 164.7 MiB
2026-01-19T01:55:11.3862601Z |■■■■■■■■■■■■■■■■■■■■■■■■■■■■■■■■■■■■■■■■■■■■■■■■■■■■■■■■■■■■■■■■■■■■■■■■        |  90% of 164.7 MiB
2026-01-19T01:55:11.4805399Z |■■■■■■■■■■■■■■■■■■■■■■■■■■■■■■■■■■■■■■■■■■■■■■■■■■■■■■■■■■■■■■■■■■■■■■■■■■■■■■■■| 100% of 164.7 MiB
2026-01-19T01:55:13.8555252Z Chromium 143.0.7499.4 (playwright build v1200) downloaded to /home/runner/.cache/ms-playwright/chromium-1200
2026-01-19T01:55:13.8559792Z Downloading FFMPEG playwright build v1011 from https://cdn.playwright.dev/dbazure/download/playwright/builds/ffmpeg/1011/ffmpeg-linux.zip
2026-01-19T01:55:13.9528043Z (node:2222) [DEP0169] DeprecationWarning: `url.parse()` behavior is not standardized and prone to errors that have security implications. Use the WHATWG URL API instead. CVEs are not issued for `url.parse()` vulnerabilities.
2026-01-19T01:55:13.9530098Z (Use `node --trace-deprecation ...` to show where the warning was created)
2026-01-19T01:55:13.9904945Z |                                                                                |   0% of 2.3 MiB
2026-01-19T01:55:13.9949258Z |■■■■■■■■                                                                        |  10% of 2.3 MiB
2026-01-19T01:55:13.9972354Z |■■■■■■■■■■■■■■■■                                                                |  20% of 2.3 MiB
2026-01-19T01:55:13.9991661Z |■■■■■■■■■■■■■■■■■■■■■■■■                                                        |  30% of 2.3 MiB
2026-01-19T01:55:14.0012312Z |■■■■■■■■■■■■■■■■■■■■■■■■■■■■■■■■                                                |  40% of 2.3 MiB
2026-01-19T01:55:14.0029862Z |■■■■■■■■■■■■■■■■■■■■■■■■■■■■■■■■■■■■■■■■                                        |  50% of 2.3 MiB
2026-01-19T01:55:14.0055547Z |■■■■■■■■■■■■■■■■■■■■■■■■■■■■■■■■■■■■■■■■■■■■■■■■                                |  60% of 2.3 MiB
2026-01-19T01:55:14.0067460Z |■■■■■■■■■■■■■■■■■■■■■■■■■■■■■■■■■■■■■■■■■■■■■■■■■■■■■■■■                        |  70% of 2.3 MiB
2026-01-19T01:55:14.0081516Z |■■■■■■■■■■■■■■■■■■■■■■■■■■■■■■■■■■■■■■■■■■■■■■■■■■■■■■■■■■■■■■■■                |  80% of 2.3 MiB
2026-01-19T01:55:14.0101260Z |■■■■■■■■■■■■■■■■■■■■■■■■■■■■■■■■■■■■■■■■■■■■■■■■■■■■■■■■■■■■■■■■■■■■■■■■        |  90% of 2.3 MiB
2026-01-19T01:55:14.0109615Z |■■■■■■■■■■■■■■■■■■■■■■■■■■■■■■■■■■■■■■■■■■■■■■■■■■■■■■■■■■■■■■■■■■■■■■■■■■■■■■■■| 100% of 2.3 MiB
2026-01-19T01:55:14.0648930Z FFMPEG playwright build v1011 downloaded to /home/runner/.cache/ms-playwright/ffmpeg-1011
2026-01-19T01:55:14.0652432Z Downloading Chromium Headless Shell 143.0.7499.4 (playwright build v1200) from https://cdn.playwright.dev/dbazure/download/playwright/builds/chromium/1200/chromium-headless-shell-linux.zip
2026-01-19T01:55:14.1628861Z (node:2233) [DEP0169] DeprecationWarning: `url.parse()` behavior is not standardized and prone to errors that have security implications. Use the WHATWG URL API instead. CVEs are not issued for `url.parse()` vulnerabilities.
2026-01-19T01:55:14.1630900Z (Use `node --trace-deprecation ...` to show where the warning was created)
2026-01-19T01:55:14.2675402Z |                                                                                |   0% of 109.7 MiB
2026-01-19T01:55:14.3945824Z |■■■■■■■■                                                                        |  10% of 109.7 MiB
2026-01-19T01:55:14.4798030Z |■■■■■■■■■■■■■■■■                                                                |  20% of 109.7 MiB
2026-01-19T01:55:14.5581150Z |■■■■■■■■■■■■■■■■■■■■■■■■                                                        |  30% of 109.7 MiB
2026-01-19T01:55:14.6366394Z |■■■■■■■■■■■■■■■■■■■■■■■■■■■■■■■■                                                |  40% of 109.7 MiB
2026-01-19T01:55:14.7389478Z |■■■■■■■■■■■■■■■■■■■■■■■■■■■■■■■■■■■■■■■■                                        |  50% of 109.7 MiB
2026-01-19T01:55:14.9172264Z |■■■■■■■■■■■■■■■■■■■■■■■■■■■■■■■■■■■■■■■■■■■■■■■■                                |  60% of 109.7 MiB
2026-01-19T01:55:15.0079133Z |■■■■■■■■■■■■■■■■■■■■■■■■■■■■■■■■■■■■■■■■■■■■■■■■■■■■■■■■                        |  70% of 109.7 MiB
2026-01-19T01:55:15.0844638Z |■■■■■■■■■■■■■■■■■■■■■■■■■■■■■■■■■■■■■■■■■■■■■■■■■■■■■■■■■■■■■■■■                |  80% of 109.7 MiB
2026-01-19T01:55:15.1664919Z |■■■■■■■■■■■■■■■■■■■■■■■■■■■■■■■■■■■■■■■■■■■■■■■■■■■■■■■■■■■■■■■■■■■■■■■■        |  90% of 109.7 MiB
2026-01-19T01:55:15.2409600Z |■■■■■■■■■■■■■■■■■■■■■■■■■■■■■■■■■■■■■■■■■■■■■■■■■■■■■■■■■■■■■■■■■■■■■■■■■■■■■■■■| 100% of 109.7 MiB
2026-01-19T01:55:17.0071998Z Chromium Headless Shell 143.0.7499.4 (playwright build v1200) downloaded to /home/runner/.cache/ms-playwright/chromium_headless_shell-1200
2026-01-19T01:55:17.0291833Z ##[group]Run mkdir -p projects/ci_saucedemo_ecommerce
2026-01-19T01:55:17.0292266Z [36;1mmkdir -p projects/ci_saucedemo_ecommerce[0m
2026-01-19T01:55:17.0292656Z [36;1mcat > projects/ci_saucedemo_ecommerce/config.json << 'EOF'[0m
2026-01-19T01:55:17.0292976Z [36;1m{[0m
2026-01-19T01:55:17.0293189Z [36;1m  "project_name": "ci_saucedemo_ecommerce",[0m
2026-01-19T01:55:17.0293545Z [36;1m  "target_url": "https://www.saucedemo.com/",[0m
2026-01-19T01:55:17.0293891Z [36;1m  "goal": "Complete end-to-end shopping flow",[0m
2026-01-19T01:55:17.0294179Z [36;1m  "headless": true[0m
2026-01-19T01:55:17.0294387Z [36;1m}[0m
2026-01-19T01:55:17.0294543Z [36;1mEOF[0m
2026-01-19T01:55:17.0328007Z shell: /usr/bin/bash -e {0}
2026-01-19T01:55:17.0328246Z env:
2026-01-19T01:55:17.0328499Z   pythonLocation: /opt/hostedtoolcache/Python/3.11.14/x64
2026-01-19T01:55:17.0328926Z   PKG_CONFIG_PATH: /opt/hostedtoolcache/Python/3.11.14/x64/lib/pkgconfig
2026-01-19T01:55:17.0329392Z   Python_ROOT_DIR: /opt/hostedtoolcache/Python/3.11.14/x64
2026-01-19T01:55:17.0329773Z   Python2_ROOT_DIR: /opt/hostedtoolcache/Python/3.11.14/x64
2026-01-19T01:55:17.0330135Z   Python3_ROOT_DIR: /opt/hostedtoolcache/Python/3.11.14/x64
2026-01-19T01:55:17.0330501Z   LD_LIBRARY_PATH: /opt/hostedtoolcache/Python/3.11.14/x64/lib
2026-01-19T01:55:17.0330810Z ##[endgroup]
2026-01-19T01:55:17.0435051Z ##[group]Run # Use --deep for comprehensive regression suite
2026-01-19T01:55:17.0435503Z [36;1m# Use --deep for comprehensive regression suite[0m
2026-01-19T01:55:17.0435996Z [36;1mpython orchestrator.py --project projects/ci_saucedemo_ecommerce --deep --force[0m
2026-01-19T01:55:17.0466323Z shell: /usr/bin/bash -e {0}
2026-01-19T01:55:17.0466549Z env:
2026-01-19T01:55:17.0466800Z   pythonLocation: /opt/hostedtoolcache/Python/3.11.14/x64
2026-01-19T01:55:17.0467448Z   PKG_CONFIG_PATH: /opt/hostedtoolcache/Python/3.11.14/x64/lib/pkgconfig
2026-01-19T01:55:17.0467868Z   Python_ROOT_DIR: /opt/hostedtoolcache/Python/3.11.14/x64
2026-01-19T01:55:17.0468412Z   Python2_ROOT_DIR: /opt/hostedtoolcache/Python/3.11.14/x64
2026-01-19T01:55:17.0468789Z   Python3_ROOT_DIR: /opt/hostedtoolcache/Python/3.11.14/x64
2026-01-19T01:55:17.0469159Z   LD_LIBRARY_PATH: /opt/hostedtoolcache/Python/3.11.14/x64/lib
2026-01-19T01:55:17.0469667Z   GOOGLE_API_KEY: ***
2026-01-19T01:55:17.0469882Z   PYTHONPATH: .
2026-01-19T01:55:17.0470064Z ##[endgroup]
2026-01-19T01:55:18.8603506Z 🚀 [DEEP] Extensive mapping enabled (Depth: 3, Pages: 50)
2026-01-19T01:55:18.8603932Z 
2026-01-19T01:55:18.8604490Z 🗺️ [DISCOVERY] Starting Parallel Semantic Crawl on https://www.saucedemo.com/ (Workers: 3)
2026-01-19T01:55:20.5247310Z   🔍 [Worker 0] Visiting (0): https://www.saucedemo.com/
2026-01-19T01:55:20.8270377Z [CACHE HIT] 474f9e14... (hits: 1, misses: 0)
2026-01-19T01:55:20.8271370Z ✅ Discovery Complete. Mapped 1 pages.
2026-01-19T01:55:30.1478254Z 
2026-01-19T01:55:30.1478838Z [PLAN] PLANNER: Planning goal -> 'Complete end-to-end shopping flow' (Deep Mode: True)
2026-01-19T01:55:30.1479641Z 🗺️ [PLAN] Loaded Sitemap with 1 pages.
2026-01-19T01:55:30.1480399Z 🎭 [EXPERT] Detected Domain: ECOMMERCE. Persona: Act as a Senior SDET focusing on e-commerce flow automation and conversion funnel reliability
2026-01-19T01:55:30.1481075Z [DEBUG] Sending request to gemini-2.0-flash. Number of parts: 1
2026-01-19T01:55:30.1481439Z [DEBUG] Received response (Length: 6238)
2026-01-19T01:55:30.1481791Z ✅ Planner generated 4 scenarios. Workflow updated.
2026-01-19T01:55:31.1530340Z 
2026-01-19T01:55:31.1531342Z 🕵️ [DEEP EXPLORER] Starting Multi-Scenario Exploration
2026-01-19T01:55:31.1532087Z 📋 Found 4 scenarios to explore.
2026-01-19T01:55:31.5148033Z 
2026-01-19T01:55:31.5148732Z [1/4] Exploring Scenario: End-to-End Shopping Flow
2026-01-19T01:55:31.5150127Z     🧠 Initialized exploration context for goal: 'Complete end-to-end shopping flow'
2026-01-19T01:55:31.5150965Z   ▶️ [STEP step_1] NAVIGATE: 
2026-01-19T01:55:32.1971058Z     ✅ Navigated to https://www.saucedemo.com/
2026-01-19T01:55:32.1971651Z   ▶️ [STEP step_2] FILL: Username
2026-01-19T01:55:32.2142422Z     🔍 Mining locators for: 'Username'
2026-01-19T01:55:32.2807490Z     ✅ Found 5 verified locators
2026-01-19T01:55:38.1146387Z     ✅ State transitioned.
2026-01-19T01:55:39.9074774Z [DEBUG] Sending request to gemini-2.0-flash. Number of parts: 2
2026-01-19T01:55:39.9075395Z [DEBUG] Received response (Length: 175)
2026-01-19T01:55:39.9076166Z     🤖 AI Next Step Suggestion: fill -> Password
2026-01-19T01:55:39.9076710Z     🧩 Suggested Locator: #password
2026-01-19T01:55:39.9079242Z     💭 Reasoning: Need to fill in the password field to proceed with login.
2026-01-19T01:55:39.9079993Z     ➕ Injected AI step: fill -> Password
2026-01-19T01:55:39.9080519Z   ▶️ [STEP step_2_ai_1] FILL: Password
2026-01-19T01:55:39.9135824Z     🎯 Using AI-provided locator: #password
2026-01-19T01:55:39.9192603Z     ✅ Found 1 verified locators
2026-01-19T01:55:46.7857982Z     ✅ State transitioned.
2026-01-19T01:55:48.3531893Z [DEBUG] Sending request to gemini-2.0-flash. Number of parts: 2
2026-01-19T01:55:48.3532595Z [DEBUG] Received response (Length: 208)
2026-01-19T01:55:48.3533433Z     🤖 AI Next Step Suggestion: click -> login-button
2026-01-19T01:55:48.3534135Z     🧩 Suggested Locator: input[id='login-button']
2026-01-19T01:55:48.3535601Z     💭 Reasoning: Now that username and password are filled, click the login button to proceed to the product page.
2026-01-19T01:55:48.3536684Z     ➕ Injected AI step: click -> login-button
2026-01-19T01:55:48.3537482Z   ▶️ [STEP step_2_ai_2] CLICK: login-button
2026-01-19T01:55:48.3600625Z     🎯 Using AI-provided locator: input[id='login-button']
2026-01-19T01:55:48.3658103Z     ✅ Found 1 verified locators
2026-01-19T01:55:52.4392666Z     ✅ State transitioned.
2026-01-19T01:55:54.3309134Z [DEBUG] Sending request to gemini-2.0-flash. Number of parts: 2
2026-01-19T01:55:54.3310127Z [DEBUG] Received response (Length: 274)
2026-01-19T01:55:54.3311084Z     🤖 AI Next Step Suggestion: click -> Add to cart
2026-01-19T01:55:54.3312348Z     🧩 Suggested Locator: #add-to-cart-sauce-labs-bike-light
2026-01-19T01:55:54.3314215Z     💭 Reasoning: The goal is to complete the end-to-end shopping flow. The first item available is 'Sauce Labs Bike Light'. Clicking 'Add to cart' will add it to the cart.
2026-01-19T01:55:54.3315274Z     ➕ Injected AI step: click -> Add to cart
2026-01-19T01:55:54.3315745Z   ▶️ [STEP step_2_ai_3] CLICK: Add to cart
2026-01-19T01:55:54.3367833Z     🎯 Using AI-provided locator: #add-to-cart-sauce-labs-bike-light
2026-01-19T01:55:54.3433020Z     ✅ Found 1 verified locators
2026-01-19T01:55:58.3864759Z     ✅ State transitioned.
2026-01-19T01:56:00.1372572Z [DEBUG] Sending request to gemini-2.0-flash. Number of parts: 2
2026-01-19T01:56:00.1373452Z [DEBUG] Received response (Length: 204)
2026-01-19T01:56:00.1374385Z     🤖 AI Next Step Suggestion: click -> Add to cart
2026-01-19T01:56:00.1375524Z     🧩 Suggested Locator: #add-to-cart-sauce-labs-bolt-t-shirt
2026-01-19T01:56:00.1377364Z     💭 Reasoning: To add another item to the cart and progress towards completing the shopping flow.
2026-01-19T01:56:00.1379035Z ⚠️ Loop detected: same AI suggestion repeated 2 times. Moving to next step.
2026-01-19T01:56:00.1380126Z   ▶️ [STEP step_3] FILL: Password
2026-01-19T01:56:00.1433569Z     🔍 Mining locators for: 'Password'
2026-01-19T01:56:00.1834915Z     🧠 Consulting AI (Vision-First) to find 'Password'...
2026-01-19T01:56:00.1845080Z     🔍 Trying smart selectors for 'Password'...
2026-01-19T01:56:00.2067984Z     ⚠️ Smart selectors failed (no unique match). Falling back to AI Vision...
2026-01-19T01:56:00.2068818Z     ⚠️ Critical step failure: name 'time' is not defined
2026-01-19T01:56:00.2069397Z   ▶️ [STEP step_4] CLICK: Login
2026-01-19T01:56:00.2118308Z     🔍 Mining locators for: 'Login'
2026-01-19T01:56:00.2495181Z     🧠 Consulting AI (Vision-First) to find 'Login'...
2026-01-19T01:56:00.2495711Z     🔍 Trying smart selectors for 'Login'...
2026-01-19T01:56:00.2706860Z     ⚠️ Smart selectors failed (no unique match). Falling back to AI Vision...
2026-01-19T01:56:00.2707900Z     ⚠️ Critical step failure: name 'time' is not defined
2026-01-19T01:56:00.2708348Z   ▶️ [STEP step_5] ASSERT_URL: 
2026-01-19T01:56:05.2862496Z     ⚠️ Scroll into view failed for text=None. Proceeding anyway.
2026-01-19T01:56:07.2885380Z     ✅ State transitioned.
2026-01-19T01:56:07.2951085Z     🔄 Revisited state detected (count: 1)
2026-01-19T01:56:09.4352846Z [DEBUG] Sending request to gemini-2.0-flash. Number of parts: 2
2026-01-19T01:56:09.4353839Z [DEBUG] Received response (Length: 269)
2026-01-19T01:56:09.4354905Z     🤖 AI Next Step Suggestion: click -> Add to cart
2026-01-19T01:56:09.4356140Z     🧩 Suggested Locator: #add-to-cart-sauce-labs-bolt-t-shirt
2026-01-19T01:56:09.4358185Z     💭 Reasoning: To continue adding items to the cart and progress towards the checkout flow, I will add the 'Sauce Labs Bolt T-Shirt' to the cart.
2026-01-19T01:56:09.4359411Z     ➕ Injected AI step: click -> Add to cart
2026-01-19T01:56:09.4360044Z   ▶️ [STEP step_5_ai_1] CLICK: Add to cart
2026-01-19T01:56:09.4413984Z     🎯 Using AI-provided locator: #add-to-cart-sauce-labs-bolt-t-shirt
2026-01-19T01:56:09.4470521Z     ✅ Found 1 verified locators
2026-01-19T01:56:13.5026806Z     ✅ State transitioned.
2026-01-19T01:56:13.5086300Z     🔄 Revisited state detected (count: 2)
2026-01-19T01:56:15.1171429Z [DEBUG] Sending request to gemini-2.0-flash. Number of parts: 2
2026-01-19T01:56:15.1172200Z [DEBUG] Received response (Length: 180)
2026-01-19T01:56:15.1173163Z     🤖 AI Next Step Suggestion: click -> Add to cart
2026-01-19T01:56:15.1174176Z     🧩 Suggested Locator: #add-to-cart-sauce-labs-backpack
2026-01-19T01:56:15.1175402Z     💭 Reasoning: To add another item to the cart to complete the shopping flow.
2026-01-19T01:56:15.1176380Z ⚠️ Loop detected: same AI suggestion repeated 2 times. Moving to next step.
2026-01-19T01:56:15.1177315Z   ▶️ [STEP step_6] CLICK: Add to cart
2026-01-19T01:56:15.1230727Z     🔍 Mining locators for: 'Add to cart'
2026-01-19T01:56:15.2212074Z     ✅ Found 9 verified locators
2026-01-19T01:56:18.7708224Z     ✅ State transitioned.
2026-01-19T01:56:18.7764720Z     🔄 Revisited state detected (count: 3)
2026-01-19T01:56:18.7765393Z     ⚠️ Too many revisits (3). Stopping AI step injection to prevent loops.
2026-01-19T01:56:18.7765854Z   ▶️ [STEP step_7] ASSERT_VISIBLE: Remove
2026-01-19T01:56:18.7815843Z     🔍 Mining locators for: 'Remove'
2026-01-19T01:56:18.8653791Z     ✅ Found 8 verified locators
2026-01-19T01:56:21.4024228Z     ✅ State transitioned.
2026-01-19T01:56:21.4083488Z     🔄 Revisited state detected (count: 4)
2026-01-19T01:56:21.4084134Z     ⚠️ Too many revisits (4). Stopping AI step injection to prevent loops.
2026-01-19T01:56:21.4084607Z   ▶️ [STEP step_8] CLICK: cart
2026-01-19T01:56:21.4131428Z     🔍 Mining locators for: 'cart'
2026-01-19T01:56:21.4930020Z     ✅ Found 7 verified locators
2026-01-19T01:56:25.0342456Z     ✅ State transitioned.
2026-01-19T01:56:25.0400422Z     🔄 Revisited state detected (count: 5)
2026-01-19T01:56:25.0401203Z     ⚠️ Too many revisits (5). Stopping AI step injection to prevent loops.
2026-01-19T01:56:25.0401891Z   ▶️ [STEP step_9] ASSERT_URL: 
2026-01-19T01:56:30.0533865Z     ⚠️ Scroll into view failed for text=None. Proceeding anyway.
2026-01-19T01:56:32.0556579Z     ✅ State transitioned.
2026-01-19T01:56:32.0617146Z     🔄 Revisited state detected (count: 6)
2026-01-19T01:56:32.0618035Z     ⚠️ Too many revisits (6). Stopping AI step injection to prevent loops.
2026-01-19T01:56:32.0618806Z   ▶️ [STEP step_10] CLICK: Checkout
2026-01-19T01:56:32.0669552Z     🔍 Mining locators for: 'Checkout'
2026-01-19T01:56:32.1047622Z     🧠 Consulting AI (Vision-First) to find 'Checkout'...
2026-01-19T01:56:32.1048416Z     🔍 Trying smart selectors for 'Checkout'...
2026-01-19T01:56:32.1255443Z     ⚠️ Smart selectors failed (no unique match). Falling back to AI Vision...
2026-01-19T01:56:32.1256360Z     ⚠️ Critical step failure: name 'time' is not defined
2026-01-19T01:56:32.1257254Z   ▶️ [STEP step_11] ASSERT_URL: 
2026-01-19T01:56:37.1392133Z     ⚠️ Scroll into view failed for text=None. Proceeding anyway.
2026-01-19T01:56:39.1415523Z     ✅ State transitioned.
2026-01-19T01:56:39.1478466Z     🔄 Revisited state detected (count: 7)
2026-01-19T01:56:39.1479308Z     ⚠️ Too many revisits (7). Stopping AI step injection to prevent loops.
2026-01-19T01:56:39.1480000Z   ▶️ [STEP step_12] FILL: First Name
2026-01-19T01:56:39.1527719Z     🔍 Mining locators for: 'First Name'
2026-01-19T01:56:39.1917340Z     🧠 Consulting AI (Vision-First) to find 'First Name'...
2026-01-19T01:56:39.1917925Z     🔍 Trying smart selectors for 'First Name'...
2026-01-19T01:56:39.2131271Z     ⚠️ Smart selectors failed (no unique match). Falling back to AI Vision...
2026-01-19T01:56:39.2132288Z     ⚠️ Critical step failure: name 'time' is not defined
2026-01-19T01:56:39.2132932Z   ▶️ [STEP step_13] FILL: Last Name
2026-01-19T01:56:39.2181367Z     🔍 Mining locators for: 'Last Name'
2026-01-19T01:56:39.2653574Z     🧠 Consulting AI (Vision-First) to find 'Last Name'...
2026-01-19T01:56:39.2654355Z     🔍 Trying smart selectors for 'Last Name'...
2026-01-19T01:56:39.2960275Z     ⚠️ Smart selectors failed (no unique match). Falling back to AI Vision...
2026-01-19T01:56:39.2961236Z     ⚠️ Critical step failure: name 'time' is not defined
2026-01-19T01:56:39.2964095Z   ▶️ [STEP step_14] FILL: Zip/Postal Code
2026-01-19T01:56:39.3009843Z     🔍 Mining locators for: 'Zip/Postal Code'
2026-01-19T01:56:39.3365520Z     🧠 Consulting AI (Vision-First) to find 'Zip/Postal Code'...
2026-01-19T01:56:39.3366421Z     🔍 Trying smart selectors for 'Zip/Postal Code'...
2026-01-19T01:56:39.3586186Z     ⚠️ Smart selectors failed (no unique match). Falling back to AI Vision...
2026-01-19T01:56:39.3587111Z     ⚠️ Critical step failure: name 'time' is not defined
2026-01-19T01:56:39.3587547Z   ▶️ [STEP step_15] CLICK: Continue
2026-01-19T01:56:39.3635764Z     🔍 Mining locators for: 'Continue'
2026-01-19T01:56:39.4151414Z     🧠 Consulting AI (Vision-First) to find 'Continue'...
2026-01-19T01:56:39.4152211Z     🔍 Trying smart selectors for 'Continue'...
2026-01-19T01:56:39.4364096Z     ⚠️ Smart selectors failed (no unique match). Falling back to AI Vision...
2026-01-19T01:56:39.4364935Z     ⚠️ Critical step failure: name 'time' is not defined
2026-01-19T01:56:39.4365472Z   ▶️ [STEP step_16] ASSERT_URL: 
2026-01-19T01:56:44.4504988Z     ⚠️ Scroll into view failed for text=None. Proceeding anyway.
2026-01-19T01:56:46.4527769Z     ✅ State transitioned.
2026-01-19T01:56:46.4593622Z     🔄 Revisited state detected (count: 8)
2026-01-19T01:56:46.4594411Z     ⚠️ Too many revisits (8). Stopping AI step injection to prevent loops.
2026-01-19T01:56:46.4594886Z   ▶️ [STEP step_17] CLICK: Finish
2026-01-19T01:56:46.4643735Z     🔍 Mining locators for: 'Finish'
2026-01-19T01:56:46.5004484Z     🧠 Consulting AI (Vision-First) to find 'Finish'...
2026-01-19T01:56:46.5005174Z     🔍 Trying smart selectors for 'Finish'...
2026-01-19T01:56:46.5214083Z     ⚠️ Smart selectors failed (no unique match). Falling back to AI Vision...
2026-01-19T01:56:46.5215071Z     ⚠️ Critical step failure: name 'time' is not defined
2026-01-19T01:56:46.5215916Z   ▶️ [STEP step_18] ASSERT_VISIBLE: Thank you for your order!
2026-01-19T01:56:46.5259905Z     🔍 Mining locators for: 'Thank you for your order!'
2026-01-19T01:56:46.5651871Z     🧠 Consulting AI (Vision-First) to find 'Thank you for your order!'...
2026-01-19T01:56:46.5652772Z     🔍 Trying smart selectors for 'Thank you for your order!'...
2026-01-19T01:56:46.5857552Z     ⚠️ Smart selectors failed (no unique match). Falling back to AI Vision...
2026-01-19T01:56:46.5858548Z     ⚠️ Critical step failure: name 'time' is not defined
2026-01-19T01:56:46.5859239Z   ▶️ [STEP step_19] CLICK: Open Menu
2026-01-19T01:56:46.5905220Z     🔍 Mining locators for: 'Open Menu'
2026-01-19T01:56:46.6430731Z     ✅ Found 3 verified locators
2026-01-19T01:56:50.1848761Z     ✅ State transitioned.
2026-01-19T01:56:51.7507846Z [DEBUG] Sending request to gemini-2.0-flash. Number of parts: 2
2026-01-19T01:56:51.7508704Z [DEBUG] Received response (Length: 217)
2026-01-19T01:56:51.7509540Z     🤖 AI Next Step Suggestion: done -> N/A
2026-01-19T01:56:51.7510865Z     💭 Reasoning: The cart already has items. The next step would be to proceed to checkout, but there is no 'Checkout' button visible on this page. The user needs to navigate to the cart first.
2026-01-19T01:56:51.7512013Z   ▶️ [STEP step_20] CLICK: Logout
2026-01-19T01:56:51.7561607Z     🔍 Mining locators for: 'Logout'
2026-01-19T01:56:51.8102215Z     ✅ Found 3 verified locators
2026-01-19T01:56:55.3538719Z     ✅ State transitioned.
2026-01-19T01:56:56.7950248Z [DEBUG] Sending request to gemini-2.0-flash. Number of parts: 2
2026-01-19T01:56:56.7951094Z [DEBUG] Received response (Length: 161)
2026-01-19T01:56:56.7952032Z     🤖 AI Next Step Suggestion: fill -> Username
2026-01-19T01:56:56.7952770Z     🧩 Suggested Locator: #user-name
2026-01-19T01:56:56.7953924Z     💭 Reasoning: Need to fill the username field to login.
2026-01-19T01:56:56.7954671Z     ➕ Injected AI step: fill -> Username
2026-01-19T01:56:56.7955109Z   ▶️ [STEP step_20_ai_1] FILL: Username
2026-01-19T01:56:56.8004364Z     🎯 Using AI-provided locator: #user-name
2026-01-19T01:56:56.8058862Z     ✅ Found 1 verified locators
2026-01-19T01:57:02.5980537Z     ✅ State transitioned.
2026-01-19T01:57:02.6025548Z     🔄 Revisited state detected (count: 1)
2026-01-19T01:57:04.0017154Z [DEBUG] Sending request to gemini-2.0-flash. Number of parts: 2
2026-01-19T01:57:04.0017674Z [DEBUG] Received response (Length: 211)
2026-01-19T01:57:04.0018440Z     🤖 AI Next Step Suggestion: fill -> Password
2026-01-19T01:57:04.0018884Z     🧩 Suggested Locator: #password
2026-01-19T01:57:04.0019552Z     💭 Reasoning: Need to fill the password field to login. The password for all users is provided on the page.
2026-01-19T01:57:04.0020188Z     ➕ Injected AI step: fill -> Password
2026-01-19T01:57:04.0020547Z   ▶️ [STEP step_20_ai_2] FILL: Password
2026-01-19T01:57:04.0079710Z     🎯 Using AI-provided locator: #password
2026-01-19T01:57:04.0128512Z     ✅ Found 1 verified locators
2026-01-19T01:57:09.9748104Z     ✅ State transitioned.
2026-01-19T01:57:09.9793556Z     🔄 Revisited state detected (count: 2)
2026-01-19T01:57:11.5068351Z [DEBUG] Sending request to gemini-2.0-flash. Number of parts: 2
2026-01-19T01:57:11.5068971Z [DEBUG] Received response (Length: 232)
2026-01-19T01:57:11.5069649Z     🤖 AI Next Step Suggestion: click -> login-button
2026-01-19T01:57:11.5070084Z     🧩 Suggested Locator: input[id='login-button']
2026-01-19T01:57:11.5070878Z     💭 Reasoning: The username and password fields are filled. Clicking the login button will submit the form and proceed to the next page.
2026-01-19T01:57:11.5071618Z     ➕ Injected AI step: click -> login-button
2026-01-19T01:57:11.5071985Z   ▶️ [STEP step_20_ai_3] CLICK: login-button
2026-01-19T01:57:11.5126421Z     🎯 Using AI-provided locator: input[id='login-button']
2026-01-19T01:57:11.5177947Z     ✅ Found 1 verified locators
2026-01-19T01:57:15.5705305Z     ✅ State transitioned.
2026-01-19T01:57:15.5768244Z     🔄 Revisited state detected (count: 3)
2026-01-19T01:57:15.5768932Z     ⚠️ Too many revisits (3). Stopping AI step injection to prevent loops.
2026-01-19T01:57:15.5769354Z   ▶️ [STEP step_21] ASSERT_URL: 
2026-01-19T01:57:20.5916352Z     ⚠️ Scroll into view failed for text=None. Proceeding anyway.
2026-01-19T01:57:22.5939046Z     ✅ State transitioned.
2026-01-19T01:57:22.5995088Z     🔄 Revisited state detected (count: 4)
2026-01-19T01:57:22.5995808Z     ⚠️ Too many revisits (4). Stopping AI step injection to prevent loops.
2026-01-19T01:57:24.6334987Z 
2026-01-19T01:57:24.6335536Z [2/4] Exploring Scenario: Locked Out User Login Attempt
2026-01-19T01:57:24.6336694Z     🧠 Initialized exploration context for goal: 'Complete end-to-end shopping flow'
2026-01-19T01:57:24.6337668Z   ▶️ [STEP step_1] NAVIGATE: 
2026-01-19T01:57:25.3013019Z     ✅ Navigated to https://www.saucedemo.com/
2026-01-19T01:57:25.3014025Z   ▶️ [STEP step_2] FILL: Username
2026-01-19T01:57:25.3173193Z     🔍 Mining locators for: 'Username'
2026-01-19T01:57:25.3866179Z     ✅ Found 5 verified locators
2026-01-19T01:57:30.9617313Z     ✅ State transitioned.
2026-01-19T01:57:32.5818579Z [DEBUG] Sending request to gemini-2.0-flash. Number of parts: 2
2026-01-19T01:57:32.5819470Z [DEBUG] Received response (Length: 183)
2026-01-19T01:57:32.5820427Z     🤖 AI Next Step Suggestion: fill -> Password
2026-01-19T01:57:32.5820951Z     🧩 Suggested Locator: input#password
2026-01-19T01:57:32.5821569Z     💭 Reasoning: The password field needs to be filled to proceed with login.
2026-01-19T01:57:32.5840333Z     ➕ Injected AI step: fill -> Password
2026-01-19T01:57:32.5840693Z   ▶️ [STEP step_2_ai_1] FILL: Password
2026-01-19T01:57:32.5873437Z     🎯 Using AI-provided locator: input#password
2026-01-19T01:57:32.5927266Z     ✅ Found 1 verified locators
2026-01-19T01:57:38.5044441Z     ✅ State transitioned.
2026-01-19T01:57:39.9487863Z [DEBUG] Sending request to gemini-2.0-flash. Number of parts: 2
2026-01-19T01:57:39.9488379Z [DEBUG] Received response (Length: 233)
2026-01-19T01:57:39.9489114Z     🤖 AI Next Step Suggestion: click -> login-button
2026-01-19T01:57:39.9489524Z     🧩 Suggested Locator: input[id='login-button']
2026-01-19T01:57:39.9490499Z     💭 Reasoning: The username and password have been filled. Clicking the login button will attempt to log in and proceed to the next page.
2026-01-19T01:57:39.9491168Z     ➕ Injected AI step: click -> login-button
2026-01-19T01:57:39.9491499Z   ▶️ [STEP step_2_ai_2] CLICK: login-button
2026-01-19T01:57:39.9543548Z     🎯 Using AI-provided locator: input[id='login-button']
2026-01-19T01:57:39.9600659Z     ✅ Found 1 verified locators
2026-01-19T01:57:44.0261889Z     ✅ State transitioned.
2026-01-19T01:57:45.4954138Z [DEBUG] Sending request to gemini-2.0-flash. Number of parts: 2
2026-01-19T01:57:45.4954768Z [DEBUG] Received response (Length: 234)
2026-01-19T01:57:45.4955591Z     🤖 AI Next Step Suggestion: fill -> Username
2026-01-19T01:57:45.4955945Z     🧩 Suggested Locator: #user-name
2026-01-19T01:57:45.4956596Z     💭 Reasoning: The previous login attempt failed because the user was locked out. Trying a valid username from the list provided.
2026-01-19T01:57:45.4957356Z     ➕ Injected AI step: fill -> Username
2026-01-19T01:57:45.4957688Z   ▶️ [STEP step_2_ai_3] FILL: Username
2026-01-19T01:57:45.5007411Z     🎯 Using AI-provided locator: #user-name
2026-01-19T01:57:45.5066040Z     ✅ Found 1 verified locators
2026-01-19T01:57:52.0070733Z     ✅ State transitioned.
2026-01-19T01:57:53.6225492Z [DEBUG] Sending request to gemini-2.0-flash. Number of parts: 2
2026-01-19T01:57:53.6226160Z [DEBUG] Received response (Length: 253)
2026-01-19T01:57:53.6227194Z     🤖 AI Next Step Suggestion: fill -> Username
2026-01-19T01:57:53.6227913Z     🧩 Suggested Locator: #user-name
2026-01-19T01:57:53.6229324Z     💭 Reasoning: The previous username attempt resulted in a locked out user. Filling the username field with a valid username from the list provided.
2026-01-19T01:57:53.6230919Z ⚠️ Loop detected: same AI suggestion repeated 2 times. Moving to next step.
2026-01-19T01:57:53.6231694Z   ▶️ [STEP step_3] FILL: Password
2026-01-19T01:57:53.6281533Z     🔍 Mining locators for: 'Password'
2026-01-19T01:57:53.6810443Z     ✅ Found 5 verified locators
2026-01-19T01:57:59.9354233Z     ✅ State transitioned.
2026-01-19T01:57:59.9400279Z     🔄 Revisited state detected (count: 1)
2026-01-19T01:58:01.6184601Z [DEBUG] Sending request to gemini-2.0-flash. Number of parts: 2
2026-01-19T01:58:01.6185227Z [DEBUG] Received response (Length: 236)
2026-01-19T01:58:01.6186007Z     🤖 AI Next Step Suggestion: click -> login-button
2026-01-19T01:58:01.6186660Z     🧩 Suggested Locator: input[id='login-button']
2026-01-19T01:58:01.6188061Z     💭 Reasoning: The previous login attempt failed because the user was locked out. We need to retry the login. The login button is available.
2026-01-19T01:58:01.6189349Z     ➕ Injected AI step: click -> login-button
2026-01-19T01:58:01.6189950Z   ▶️ [STEP step_3_ai_1] CLICK: login-button
2026-01-19T01:58:01.6243579Z     🎯 Using AI-provided locator: input[id='login-button']
2026-01-19T01:58:01.6296843Z     ✅ Found 1 verified locators
2026-01-19T01:58:05.6993605Z     ✅ State transitioned.
2026-01-19T01:58:07.0154587Z [DEBUG] Sending request to gemini-2.0-flash. Number of parts: 2
2026-01-19T01:58:07.0155518Z [DEBUG] Received response (Length: 200)
2026-01-19T01:58:07.0157583Z     🤖 AI Next Step Suggestion: click -> Add to cart
2026-01-19T01:58:07.0158331Z     🧩 Suggested Locator: #add-to-cart-sauce-labs-backpack
2026-01-19T01:58:07.0159025Z     💭 Reasoning: Adding the first available item to the cart to progress towards the checkout goal.
2026-01-19T01:58:07.0159633Z     ➕ Injected AI step: click -> Add to cart
2026-01-19T01:58:07.0160006Z   ▶️ [STEP step_3_ai_2] CLICK: Add to cart
2026-01-19T01:58:07.0209709Z     🎯 Using AI-provided locator: #add-to-cart-sauce-labs-backpack
2026-01-19T01:58:07.0264040Z     ✅ Found 1 verified locators
2026-01-19T01:58:11.0816824Z     ✅ State transitioned.
2026-01-19T01:58:12.8741381Z [DEBUG] Sending request to gemini-2.0-flash. Number of parts: 2
2026-01-19T01:58:12.8742083Z [DEBUG] Received response (Length: 253)
2026-01-19T01:58:12.8742899Z     🤖 AI Next Step Suggestion: click -> Add to cart
2026-01-19T01:58:12.8743989Z     🧩 Suggested Locator: #add-to-cart-sauce-labs-bolt-t-shirt
2026-01-19T01:58:12.8745460Z     💭 Reasoning: Adding another item to the cart to complete the shopping flow. The 'Add to cart' button for 'Sauce Labs Bolt T-Shirt' is available.
2026-01-19T01:58:12.8746829Z ⚠️ Loop detected: same AI suggestion repeated 2 times. Moving to next step.
2026-01-19T01:58:12.8747857Z   ▶️ [STEP step_4] CLICK: Login
2026-01-19T01:58:12.8799975Z     🔍 Mining locators for: 'Login'
2026-01-19T01:58:12.9149083Z     🧠 Consulting AI (Vision-First) to find 'Login'...
2026-01-19T01:58:12.9149678Z     🔍 Trying smart selectors for 'Login'...
2026-01-19T01:58:12.9357067Z     ⚠️ Smart selectors failed (no unique match). Falling back to AI Vision...
2026-01-19T01:58:12.9358062Z     ⚠️ Critical step failure: name 'time' is not defined
2026-01-19T01:58:12.9358856Z   ▶️ [STEP step_5] ASSERT_VISIBLE: Epic sadface: Sorry, this user has been locked out.
2026-01-19T01:58:12.9409530Z     🔍 Mining locators for: 'Epic sadface: Sorry, this user has been locked out.'
2026-01-19T01:58:12.9809118Z     🧠 Consulting AI (Vision-First) to find 'Epic sadface: Sorry, this user has been locked out.'...
2026-01-19T01:58:12.9809968Z     🔍 Trying smart selectors for 'Epic sadface: Sorry, this user has been locked out.'...
2026-01-19T01:58:13.0020297Z     ⚠️ Smart selectors failed (no unique match). Falling back to AI Vision...
2026-01-19T01:58:13.0021084Z     ⚠️ Critical step failure: name 'time' is not defined
2026-01-19T01:58:15.0456718Z 
2026-01-19T01:58:15.0457359Z [3/4] Exploring Scenario: Problem User Flow
2026-01-19T01:58:15.0458526Z     🧠 Initialized exploration context for goal: 'Complete end-to-end shopping flow'
2026-01-19T01:58:15.0459419Z   ▶️ [STEP step_1] NAVIGATE: 
2026-01-19T01:58:15.7178065Z     ✅ Navigated to https://www.saucedemo.com/
2026-01-19T01:58:15.7178790Z   ▶️ [STEP step_2] FILL: Username
2026-01-19T01:58:15.7330410Z     🔍 Mining locators for: 'Username'
2026-01-19T01:58:15.7992746Z     ✅ Found 5 verified locators
2026-01-19T01:58:21.3157363Z     ✅ State transitioned.
2026-01-19T01:58:22.7244251Z [DEBUG] Sending request to gemini-2.0-flash. Number of parts: 2
2026-01-19T01:58:22.7244764Z [DEBUG] Received response (Length: 180)
2026-01-19T01:58:22.7245402Z     🤖 AI Next Step Suggestion: fill -> Password
2026-01-19T01:58:22.7245878Z     🧩 Suggested Locator: #password
2026-01-19T01:58:22.7246309Z     💭 Reasoning: Need to fill in the password field to complete the login form.
2026-01-19T01:58:22.7246740Z     ➕ Injected AI step: fill -> Password
2026-01-19T01:58:22.7247296Z   ▶️ [STEP step_2_ai_1] FILL: Password
2026-01-19T01:58:22.7306645Z     🎯 Using AI-provided locator: #password
2026-01-19T01:58:22.7361358Z     ✅ Found 1 verified locators
2026-01-19T01:58:29.4608751Z     ✅ State transitioned.
2026-01-19T01:58:30.8185469Z [DEBUG] Sending request to gemini-2.0-flash. Number of parts: 2
2026-01-19T01:58:30.8186347Z [DEBUG] Received response (Length: 182)
2026-01-19T01:58:30.8187576Z     🤖 AI Next Step Suggestion: click -> login-button
2026-01-19T01:58:30.8188469Z     🧩 Suggested Locator: input#login-button
2026-01-19T01:58:30.8189867Z     💭 Reasoning: Now that username and password are filled, click the login button to proceed.
2026-01-19T01:58:30.8191217Z     ➕ Injected AI step: click -> login-button
2026-01-19T01:58:30.8192080Z   ▶️ [STEP step_2_ai_2] CLICK: login-button
2026-01-19T01:58:30.8250265Z     🎯 Using AI-provided locator: input#login-button
2026-01-19T01:58:30.8307420Z     ✅ Found 1 verified locators
2026-01-19T01:58:34.9157570Z     ✅ State transitioned.
2026-01-19T01:58:36.5069450Z [DEBUG] Sending request to gemini-2.0-flash. Number of parts: 2
2026-01-19T01:58:36.5070435Z [DEBUG] Received response (Length: 200)
2026-01-19T01:58:36.5071068Z     🤖 AI Next Step Suggestion: click -> Add to cart
2026-01-19T01:58:36.5071593Z     🧩 Suggested Locator: #add-to-cart-sauce-labs-backpack
2026-01-19T01:58:36.5072326Z     💭 Reasoning: To add the first available item to the cart to progress towards the checkout flow.
2026-01-19T01:58:36.5073158Z     ➕ Injected AI step: click -> Add to cart
2026-01-19T01:58:36.5073660Z   ▶️ [STEP step_2_ai_3] CLICK: Add to cart
2026-01-19T01:58:36.5126472Z     🎯 Using AI-provided locator: #add-to-cart-sauce-labs-backpack
2026-01-19T01:58:36.5183849Z     ✅ Found 1 verified locators
2026-01-19T01:58:40.5624419Z     ✅ State transitioned.
2026-01-19T01:58:42.3639716Z [DEBUG] Sending request to gemini-2.0-flash. Number of parts: 2
2026-01-19T01:58:42.3640125Z [DEBUG] Received response (Length: 193)
2026-01-19T01:58:42.3640821Z     🤖 AI Next Step Suggestion: click -> Add to cart
2026-01-19T01:58:42.3641548Z     🧩 Suggested Locator: #add-to-cart-sauce-labs-bolt-t-shirt
2026-01-19T01:58:42.3642520Z     💭 Reasoning: To add another item to the cart and progress towards the checkout flow.
2026-01-19T01:58:42.3643514Z ⚠️ Loop detected: same AI suggestion repeated 2 times. Moving to next step.
2026-01-19T01:58:42.3644096Z   ▶️ [STEP step_3] FILL: Password
2026-01-19T01:58:42.3696691Z     🔍 Mining locators for: 'Password'
2026-01-19T01:58:42.4443355Z     🧠 Consulting AI (Vision-First) to find 'Password'...
2026-01-19T01:58:42.4444074Z     🔍 Trying smart selectors for 'Password'...
2026-01-19T01:58:42.4657269Z     ⚠️ Smart selectors failed (no unique match). Falling back to AI Vision...
2026-01-19T01:58:42.4658284Z     ⚠️ Critical step failure: name 'time' is not defined
2026-01-19T01:58:42.4658782Z   ▶️ [STEP step_4] CLICK: Login
2026-01-19T01:58:42.4704053Z     🔍 Mining locators for: 'Login'
2026-01-19T01:58:42.5100002Z     🧠 Consulting AI (Vision-First) to find 'Login'...
2026-01-19T01:58:42.5100530Z     🔍 Trying smart selectors for 'Login'...
2026-01-19T01:58:42.5307239Z     ⚠️ Smart selectors failed (no unique match). Falling back to AI Vision...
2026-01-19T01:58:42.5308152Z     ⚠️ Critical step failure: name 'time' is not defined
2026-01-19T01:58:42.5308665Z   ▶️ [STEP step_5] ASSERT_URL: 
2026-01-19T01:58:47.5458953Z     ⚠️ Scroll into view failed for text=None. Proceeding anyway.
2026-01-19T01:58:49.5481913Z     ✅ State transitioned.
2026-01-19T01:58:49.5543881Z     🔄 Revisited state detected (count: 1)
2026-01-19T01:58:51.5621039Z [DEBUG] Sending request to gemini-2.0-flash. Number of parts: 2
2026-01-19T01:58:51.5621754Z [DEBUG] Received response (Length: 221)
2026-01-19T01:58:51.5622406Z     🤖 AI Next Step Suggestion: click -> Add to cart
2026-01-19T01:58:51.5622947Z     🧩 Suggested Locator: #add-to-cart-sauce-labs-bolt-t-shirt
2026-01-19T01:58:51.5623687Z     💭 Reasoning: To add another item to the cart and progress towards completing the shopping flow.
2026-01-19T01:58:51.5624333Z     ➕ Injected AI step: click -> Add to cart
2026-01-19T01:58:51.5624776Z   ▶️ [STEP step_5_ai_1] CLICK: Add to cart
2026-01-19T01:58:51.5676777Z     🎯 Using AI-provided locator: #add-to-cart-sauce-labs-bolt-t-shirt
2026-01-19T01:58:51.5736298Z     ✅ Found 1 verified locators
2026-01-19T01:58:55.6088711Z     ✅ State transitioned.
2026-01-19T01:58:55.6146624Z     🔄 Revisited state detected (count: 2)
2026-01-19T01:58:57.1078415Z [DEBUG] Sending request to gemini-2.0-flash. Number of parts: 2
2026-01-19T01:58:57.1078885Z [DEBUG] Received response (Length: 236)
2026-01-19T01:58:57.1079656Z     🤖 AI Next Step Suggestion: click -> Add to cart
2026-01-19T01:58:57.1080420Z     🧩 Suggested Locator: #add-to-cart-sauce-labs-bolt-t-shirt
2026-01-19T01:58:57.1081736Z     💭 Reasoning: Adding another item to the cart to complete the shopping flow. Selecting the first available 'Add to cart' button.
2026-01-19T01:58:57.1083013Z ⚠️ Loop detected: same AI suggestion repeated 2 times. Moving to next step.
2026-01-19T01:58:57.1083559Z   ▶️ [STEP step_6] ASSERT_VISIBLE: Sauce Labs Backpack
2026-01-19T01:58:57.1134211Z     🔍 Mining locators for: 'Sauce Labs Backpack'
2026-01-19T01:58:57.1791086Z     ✅ Found 4 verified locators
2026-01-19T01:58:59.7290290Z     ✅ State transitioned.
2026-01-19T01:58:59.7351396Z     🔄 Revisited state detected (count: 3)
2026-01-19T01:58:59.7352328Z     ⚠️ Too many revisits (3). Stopping AI step injection to prevent loops.
2026-01-19T01:59:01.7694549Z 
2026-01-19T01:59:01.7695340Z [4/4] Exploring Scenario: Visual User Flow
2026-01-19T01:59:01.7696503Z     🧠 Initialized exploration context for goal: 'Complete end-to-end shopping flow'
2026-01-19T01:59:01.7697600Z   ▶️ [STEP step_1] NAVIGATE: 
2026-01-19T01:59:02.4424781Z     ✅ Navigated to https://www.saucedemo.com/
2026-01-19T01:59:02.4425595Z   ▶️ [STEP step_2] FILL: Username
2026-01-19T01:59:02.4585734Z     🔍 Mining locators for: 'Username'
2026-01-19T01:59:02.5156215Z     ✅ Found 5 verified locators
2026-01-19T01:59:08.6695129Z     ✅ State transitioned.
2026-01-19T01:59:09.9972593Z [DEBUG] Sending request to gemini-2.0-flash. Number of parts: 2
2026-01-19T01:59:09.9973173Z [DEBUG] Received response (Length: 175)
2026-01-19T01:59:09.9973849Z     🤖 AI Next Step Suggestion: fill -> Password
2026-01-19T01:59:09.9974226Z     🧩 Suggested Locator: #password
2026-01-19T01:59:09.9974682Z     💭 Reasoning: Need to fill in the password field to proceed with login.
2026-01-19T01:59:09.9975181Z     ➕ Injected AI step: fill -> Password
2026-01-19T01:59:09.9975528Z   ▶️ [STEP step_2_ai_1] FILL: Password
2026-01-19T01:59:10.0030563Z     🎯 Using AI-provided locator: #password
2026-01-19T01:59:10.0086452Z     ✅ Found 1 verified locators
2026-01-19T01:59:16.5069561Z     ✅ State transitioned.
2026-01-19T01:59:18.3550930Z [DEBUG] Sending request to gemini-2.0-flash. Number of parts: 2
2026-01-19T01:59:18.3551676Z [DEBUG] Received response (Length: 234)
2026-01-19T01:59:18.3552577Z     🤖 AI Next Step Suggestion: click -> login-button
2026-01-19T01:59:18.3553319Z     🧩 Suggested Locator: input#login-button
2026-01-19T01:59:18.3555008Z     💭 Reasoning: The username and password fields have been filled. Clicking the login button will attempt to log in and proceed to the next page.
2026-01-19T01:59:18.3556592Z     ➕ Injected AI step: click -> login-button
2026-01-19T01:59:18.3557669Z   ▶️ [STEP step_2_ai_2] CLICK: login-button
2026-01-19T01:59:18.3609521Z     🎯 Using AI-provided locator: input#login-button
2026-01-19T01:59:18.3665168Z     ✅ Found 1 verified locators
2026-01-19T01:59:22.4300810Z     ✅ State transitioned.
2026-01-19T01:59:24.1872735Z [DEBUG] Sending request to gemini-2.0-flash. Number of parts: 2
2026-01-19T01:59:24.1873500Z [DEBUG] Received response (Length: 284)
2026-01-19T01:59:24.1874396Z     🤖 AI Next Step Suggestion: click -> Add to cart
2026-01-19T01:59:24.1875216Z     🧩 Suggested Locator: #add-to-cart-sauce-labs-bike-light
2026-01-19T01:59:24.1877222Z     💭 Reasoning: To complete the end-to-end shopping flow, add the first available item to the cart. The 'Add to cart' button for 'Sauce Labs Bike Light' is the first one available.
2026-01-19T01:59:24.1878276Z     ➕ Injected AI step: click -> Add to cart
2026-01-19T01:59:24.1878688Z   ▶️ [STEP step_2_ai_3] CLICK: Add to cart
2026-01-19T01:59:24.1929678Z     🎯 Using AI-provided locator: #add-to-cart-sauce-labs-bike-light
2026-01-19T01:59:24.1985843Z     ✅ Found 1 verified locators
2026-01-19T01:59:28.2451004Z     ✅ State transitioned.
2026-01-19T01:59:29.9560115Z [DEBUG] Sending request to gemini-2.0-flash. Number of parts: 2
2026-01-19T01:59:29.9560851Z [DEBUG] Received response (Length: 262)
2026-01-19T01:59:29.9561739Z     🤖 AI Next Step Suggestion: click -> Add to cart
2026-01-19T01:59:29.9562575Z     🧩 Suggested Locator: #add-to-cart-sauce-labs-bolt-t-shirt
2026-01-19T01:59:29.9564378Z     💭 Reasoning: To complete the end-to-end shopping flow, add another item to the cart. The 'Add to cart' button for 'Sauce Labs Bolt T-Shirt' is available.
2026-01-19T01:59:29.9566170Z ⚠️ Loop detected: same AI suggestion repeated 2 times. Moving to next step.
2026-01-19T01:59:29.9567542Z   ▶️ [STEP step_3] FILL: Password
2026-01-19T01:59:29.9617759Z     🔍 Mining locators for: 'Password'
2026-01-19T01:59:29.9958971Z     🧠 Consulting AI (Vision-First) to find 'Password'...
2026-01-19T01:59:29.9959540Z     🔍 Trying smart selectors for 'Password'...
2026-01-19T01:59:30.0173995Z     ⚠️ Smart selectors failed (no unique match). Falling back to AI Vision...
2026-01-19T01:59:30.0175042Z     ⚠️ Critical step failure: name 'time' is not defined
2026-01-19T01:59:30.0175693Z   ▶️ [STEP step_4] CLICK: Login
2026-01-19T01:59:30.0223474Z     🔍 Mining locators for: 'Login'
2026-01-19T01:59:30.0581513Z     🧠 Consulting AI (Vision-First) to find 'Login'...
2026-01-19T01:59:30.0582069Z     🔍 Trying smart selectors for 'Login'...
2026-01-19T01:59:30.0794944Z     ⚠️ Smart selectors failed (no unique match). Falling back to AI Vision...
2026-01-19T01:59:30.0795944Z     ⚠️ Critical step failure: name 'time' is not defined
2026-01-19T01:59:30.0796406Z   ▶️ [STEP step_5] ASSERT_URL: 
2026-01-19T01:59:35.0919378Z     ⚠️ Scroll into view failed for text=None. Proceeding anyway.
2026-01-19T01:59:37.0942284Z     ✅ State transitioned.
2026-01-19T01:59:37.1002170Z     🔄 Revisited state detected (count: 1)
2026-01-19T01:59:38.8574872Z [DEBUG] Sending request to gemini-2.0-flash. Number of parts: 2
2026-01-19T01:59:38.8575439Z [DEBUG] Received response (Length: 272)
2026-01-19T01:59:38.8576207Z     🤖 AI Next Step Suggestion: click -> Add to cart
2026-01-19T01:59:38.8576707Z     🧩 Suggested Locator: #add-to-cart-sauce-labs-bolt-t-shirt
2026-01-19T01:59:38.8578086Z     💭 Reasoning: To complete the end-to-end shopping flow, I need to add another item to the cart. The 'Add to cart' button for 'Sauce Labs Bolt T-Shirt' is available.
2026-01-19T01:59:38.8578839Z     ➕ Injected AI step: click -> Add to cart
2026-01-19T01:59:38.8579178Z   ▶️ [STEP step_5_ai_1] CLICK: Add to cart
2026-01-19T01:59:38.8634235Z     🎯 Using AI-provided locator: #add-to-cart-sauce-labs-bolt-t-shirt
2026-01-19T01:59:38.8690481Z     ✅ Found 1 verified locators
2026-01-19T01:59:42.9101967Z     ✅ State transitioned.
2026-01-19T01:59:42.9159864Z     🔄 Revisited state detected (count: 2)
2026-01-19T01:59:44.9367437Z [DEBUG] Sending request to gemini-2.0-flash. Number of parts: 2
2026-01-19T01:59:44.9367996Z [DEBUG] Received response (Length: 343)
2026-01-19T01:59:44.9368888Z     🤖 AI Next Step Suggestion: click -> Add to cart
2026-01-19T01:59:44.9369368Z     🧩 Suggested Locator: button[name='add-to-cart-sauce-labs-backpack']
2026-01-19T01:59:44.9370423Z     💭 Reasoning: The goal is to complete the end-to-end shopping flow. Since we are on the inventory page, we should add another item to the cart. The 'Add to cart' button for 'Sauce Labs Backpack' is available.
2026-01-19T01:59:44.9371383Z ⚠️ Loop detected: same AI suggestion repeated 2 times. Moving to next step.
2026-01-19T01:59:44.9371845Z   ▶️ [STEP step_6] ASSERT_VISIBLE: Sauce Labs Backpack
2026-01-19T01:59:44.9425916Z     🔍 Mining locators for: 'Sauce Labs Backpack'
2026-01-19T01:59:45.0087728Z     ✅ Found 4 verified locators
2026-01-19T01:59:47.5594264Z     ✅ State transitioned.
2026-01-19T01:59:47.5654171Z     🔄 Revisited state detected (count: 3)
2026-01-19T01:59:47.5654798Z     ⚠️ Too many revisits (3). Stopping AI step injection to prevent loops.
2026-01-19T01:59:49.5990007Z 🗂️  All generated tests written to /home/runner/work/build_qa_automation/build_qa_automation/projects/ci_saucedemo_ecommerce/tests/generated_scenarios.json
2026-01-19T01:59:49.6005013Z 🔄 Updated workflow.json with discovered steps and locators.
2026-01-19T01:59:49.6005457Z 
2026-01-19T01:59:49.6005703Z ✅ Deep Exploration Complete.
2026-01-19T02:05:04.8836626Z 
2026-01-19T02:05:04.8837669Z 🚀 [EXECUTE] Starting Automation Execution Engine
2026-01-19T02:05:04.8838462Z 📍 Project: ci_saucedemo_ecommerce
2026-01-19T02:05:04.8838853Z 🎬 Mode: Headless
2026-01-19T02:05:04.8839001Z 
2026-01-19T02:05:04.8839143Z --- Scenario: End-to-End Shopping Flow ---
2026-01-19T02:05:04.8839972Z   ▶️ [STEP step_1] NAVIGATE: Step step_1
2026-01-19T02:05:04.8840343Z     ✅ Step step_1 Passed.
2026-01-19T02:05:04.8840662Z   ▶️ [STEP step_2] FILL: Username
2026-01-19T02:05:04.8841080Z     🎯 Using mined locator: role=textbox[name='Username']
2026-01-19T02:05:04.8841496Z     ✅ Step step_2 Passed.
2026-01-19T02:05:04.8841817Z   ▶️ [STEP step_2_ai_1] FILL: Password
2026-01-19T02:05:04.8842208Z     🎯 Using mined locator: #password
2026-01-19T02:05:04.8842561Z     ✅ Step step_2_ai_1 Passed.
2026-01-19T02:05:04.8842916Z   ▶️ [STEP step_2_ai_2] CLICK: login-button
2026-01-19T02:05:04.8843350Z     🎯 Using mined locator: input[id='login-button']
2026-01-19T02:05:04.8843756Z     ✅ Step step_2_ai_2 Passed.
2026-01-19T02:05:04.8844097Z   ▶️ [STEP step_2_ai_3] CLICK: Add to cart
2026-01-19T02:05:04.8844574Z     🎯 Using mined locator: #add-to-cart-sauce-labs-bike-light
2026-01-19T02:05:04.8845025Z     ✅ Step step_2_ai_3 Passed.
2026-01-19T02:05:04.8845354Z   ▶️ [STEP step_3] FILL: Password
2026-01-19T02:05:04.8846040Z     ❌ Attempt 1 failed (element_not_found): Locator.scroll_into_view_if_needed: Timeout 10000ms exceeded.
2026-01-19T02:05:04.8846632Z Call log:
2026-01-19T02:05:04.8846861Z   - waiting for locator("tex...
2026-01-19T02:05:04.8847455Z     🔧 [AUTO-HEAL] Re-mining page to find 'Password'...
2026-01-19T02:05:04.8847936Z [DEBUG] Sending request to gemini-2.0-flash. Number of parts: 2
2026-01-19T02:05:04.8848382Z [DEBUG] Received response (Length: 631)
2026-01-19T02:05:04.8849077Z     ✨ AI successfully healed the step! Found 2 alternatives.
2026-01-19T02:05:04.8850296Z     ✨ AI successfully healed the step! New selector: div:nth-child(1) > div.inventory_item_description > div.pricebar > button
2026-01-19T02:05:04.8851412Z     ✅ Step step_3 Passed.
2026-01-19T02:05:04.8851952Z   ▶️ [STEP step_4] CLICK: Login
2026-01-19T02:05:04.8852849Z     ❌ Attempt 1 failed (element_not_found): Locator.bounding_box: Timeout 30000ms exceeded.
2026-01-19T02:05:04.8853441Z Call log:
2026-01-19T02:05:04.8853678Z   - waiting for locator("text=Login")
2026-01-19T02:05:04.8854107Z ...
2026-01-19T02:05:04.8854529Z     🔧 [AUTO-HEAL] Re-mining page to find 'Login'...
2026-01-19T02:05:04.8855137Z [DEBUG] Sending request to gemini-2.0-flash. Number of parts: 2
2026-01-19T02:05:04.8855726Z [DEBUG] Received response (Length: 559)
2026-01-19T02:05:04.8856373Z     ✨ AI successfully healed the step! Found 2 alternatives.
2026-01-19T02:05:04.8857041Z     ✨ AI successfully healed the step! New selector: button:contains('Add to cart')
2026-01-19T02:05:04.8857968Z     ❌ Attempt 2 failed (unknown): Locator.count: SyntaxError: Failed to execute 'querySelectorAll' on 'Document': 'button:contains("Ad...
2026-01-19T02:05:04.8859105Z     🔧 [AUTO-HEAL] Re-mining page to find 'Login'...
2026-01-19T02:05:04.8859589Z [CACHE HIT] 345b1b4a... (hits: 1, misses: 2)
2026-01-19T02:05:04.8860231Z     ✨ AI successfully healed the step! Found 2 alternatives.
2026-01-19T02:05:04.8861119Z     ✨ AI successfully healed the step! New selector: button:contains('Add to cart')
2026-01-19T02:05:04.8862633Z     ❌ Attempt 3 failed (unknown): Locator.count: SyntaxError: Failed to execute 'querySelectorAll' on 'Document': 'button:contains("Ad...
2026-01-19T02:05:04.8863812Z     💀 Step step_4 failed after all retries.
2026-01-19T02:05:04.8864526Z 🛑 Scenario 'End-to-End Shopping Flow' aborted due to step failure.
2026-01-19T02:05:04.8864998Z 
2026-01-19T02:05:04.8865498Z --- Scenario: Locked Out User Login Attempt ---
2026-01-19T02:05:04.8866132Z   ▶️ [STEP step_1] NAVIGATE: Step step_1
2026-01-19T02:05:04.8866653Z     ✅ Step step_1 Passed.
2026-01-19T02:05:04.8867308Z   ▶️ [STEP step_2] FILL: Username
2026-01-19T02:05:04.8867911Z     🎯 Using mined locator: role=textbox[name='Username']
2026-01-19T02:05:04.8868484Z     ✅ Step step_2 Passed.
2026-01-19T02:05:04.8868930Z   ▶️ [STEP step_2_ai_1] FILL: Password
2026-01-19T02:05:04.8869472Z     🎯 Using mined locator: input#password
2026-01-19T02:05:04.8869990Z     ✅ Step step_2_ai_1 Passed.
2026-01-19T02:05:04.8870492Z   ▶️ [STEP step_2_ai_2] CLICK: login-button
2026-01-19T02:05:04.8871321Z     🎯 Using mined locator: input[id='login-button']
2026-01-19T02:05:04.8871884Z     ✅ Step step_2_ai_2 Passed.
2026-01-19T02:05:04.8872387Z   ▶️ [STEP step_2_ai_3] FILL: Username
2026-01-19T02:05:04.8872927Z     🎯 Using mined locator: #user-name
2026-01-19T02:05:04.8873464Z     ✅ Step step_2_ai_3 Passed.
2026-01-19T02:05:04.8873987Z   ▶️ [STEP step_3] FILL: Password
2026-01-19T02:05:04.8874602Z     🎯 Using mined locator: role=textbox[name='Password']
2026-01-19T02:05:04.8875130Z     ✅ Step step_3 Passed.
2026-01-19T02:05:04.8875417Z   ▶️ [STEP step_3_ai_1] CLICK: login-button
2026-01-19T02:05:04.8875795Z     🎯 Using mined locator: input[id='login-button']
2026-01-19T02:05:04.8876422Z     ✅ Step step_3_ai_1 Passed.
2026-01-19T02:05:04.8877089Z   ▶️ [STEP step_3_ai_2] CLICK: Add to cart
2026-01-19T02:05:04.8877482Z     🎯 Using mined locator: #add-to-cart-sauce-labs-backpack
2026-01-19T02:05:04.8877836Z     ✅ Step step_3_ai_2 Passed.
2026-01-19T02:05:04.8878152Z   ▶️ [STEP step_4] CLICK: Login
2026-01-19T02:05:04.8878846Z     ❌ Attempt 1 failed (element_not_found): Locator.bounding_box: Timeout 30000ms exceeded.
2026-01-19T02:05:04.8879248Z Call log:
2026-01-19T02:05:04.8879434Z   - waiting for locator("text=Login")
2026-01-19T02:05:04.8879664Z ...
2026-01-19T02:05:04.8879916Z     🔧 [AUTO-HEAL] Re-mining page to find 'Login'...
2026-01-19T02:05:04.8880282Z [DEBUG] Sending request to gemini-2.0-flash. Number of parts: 2
2026-01-19T02:05:04.8880735Z [DEBUG] Received response (Length: 849)
2026-01-19T02:05:04.8881312Z     ✨ AI successfully healed the step! Found 3 alternatives.
2026-01-19T02:05:04.8882101Z     ✨ AI successfully healed the step! New selector: div:nth-child(2) > div.inventory_item_description > div.pricebar > button
2026-01-19T02:05:04.8882670Z     ✅ Step step_4 Passed.
2026-01-19T02:05:04.8883070Z   ▶️ [STEP step_5] ASSERT_VISIBLE: Epic sadface: Sorry, this user has been locked out.
2026-01-19T02:05:04.8883609Z     ❌ Attempt 1 failed (element_not_found): Locator expected to be visible
2026-01-19T02:05:04.8883963Z Actual value: None
2026-01-19T02:05:04.8884162Z Error: element(s) not found 
2026-01-19T02:05:04.8884366Z Call log:
2026-01-19T02:05:04.8884530Z   - Expect ...
2026-01-19T02:05:04.8884952Z     🔧 [AUTO-HEAL] Re-mining page to find 'Epic sadface: Sorry, this user has been locked out.'...
2026-01-19T02:05:04.8885459Z [DEBUG] Sending request to gemini-2.0-flash. Number of parts: 2
2026-01-19T02:05:04.8885788Z [DEBUG] Received response (Length: 612)
2026-01-19T02:05:04.8886147Z     ✨ AI successfully healed the step! Found 2 alternatives.
2026-01-19T02:05:04.8886738Z     ✨ AI successfully healed the step! New selector: button:has-text('Add to cart')
2026-01-19T02:05:04.8887553Z     ✅ Step step_5 Passed.
2026-01-19T02:05:04.8888118Z ✅ Scenario 'Locked Out User Login Attempt' completed successfully!
2026-01-19T02:05:04.8888592Z 
2026-01-19T02:05:04.8888724Z --- Scenario: Problem User Flow ---
2026-01-19T02:05:04.8889037Z   ▶️ [STEP step_1] NAVIGATE: Step step_1
2026-01-19T02:05:04.8889337Z     ✅ Step step_1 Passed.
2026-01-19T02:05:04.8889590Z   ▶️ [STEP step_2] FILL: Username
2026-01-19T02:05:04.8889912Z     🎯 Using mined locator: role=textbox[name='Username']
2026-01-19T02:05:04.8890230Z     ✅ Step step_2 Passed.
2026-01-19T02:05:04.8890483Z   ▶️ [STEP step_2_ai_1] FILL: Password
2026-01-19T02:05:04.8890963Z     🎯 Using mined locator: #password
2026-01-19T02:05:04.8891311Z     ✅ Step step_2_ai_1 Passed.
2026-01-19T02:05:04.8891593Z   ▶️ [STEP step_2_ai_2] CLICK: login-button
2026-01-19T02:05:04.8891915Z     🎯 Using mined locator: input#login-button
2026-01-19T02:05:04.8892209Z     ✅ Step step_2_ai_2 Passed.
2026-01-19T02:05:04.8892470Z   ▶️ [STEP step_2_ai_3] CLICK: Add to cart
2026-01-19T02:05:04.8892827Z     🎯 Using mined locator: #add-to-cart-sauce-labs-backpack
2026-01-19T02:05:04.8893169Z     ✅ Step step_2_ai_3 Passed.
2026-01-19T02:05:04.8893424Z   ▶️ [STEP step_3] FILL: Password
2026-01-19T02:05:04.8893929Z     ❌ Attempt 1 failed (element_not_found): Locator.scroll_into_view_if_needed: Timeout 10000ms exceeded.
2026-01-19T02:05:04.8894505Z Call log:
2026-01-19T02:05:04.8894687Z   - waiting for locator("tex...
2026-01-19T02:05:04.8895011Z     🔧 [AUTO-HEAL] Re-mining page to find 'Password'...
2026-01-19T02:05:04.8895381Z [DEBUG] Sending request to gemini-2.0-flash. Number of parts: 2
2026-01-19T02:05:04.8895721Z [DEBUG] Received response (Length: 899)
2026-01-19T02:05:04.8896077Z     ✨ AI successfully healed the step! Found 3 alternatives.
2026-01-19T02:05:04.8896726Z     ✨ AI successfully healed the step! New selector: div:nth-child(2) > div.inventory_item_description > div.pricebar > button
2026-01-19T02:05:04.8897420Z     ✅ Step step_3 Passed.
2026-01-19T02:05:04.8897660Z   ▶️ [STEP step_4] CLICK: Login
2026-01-19T02:05:04.8898100Z     ❌ Attempt 1 failed (element_not_found): Locator.bounding_box: Timeout 30000ms exceeded.
2026-01-19T02:05:04.8898494Z Call log:
2026-01-19T02:05:04.8898675Z   - waiting for locator("text=Login")
2026-01-19T02:05:04.8898909Z ...
2026-01-19T02:05:04.8899152Z     🔧 [AUTO-HEAL] Re-mining page to find 'Login'...
2026-01-19T02:05:04.8899505Z [DEBUG] Sending request to gemini-2.0-flash. Number of parts: 2
2026-01-19T02:05:04.8899834Z [DEBUG] Received response (Length: 801)
2026-01-19T02:05:04.8900183Z     ✨ AI successfully healed the step! Found 3 alternatives.
2026-01-19T02:05:04.8900667Z     ✨ AI successfully healed the step! New selector: button:has-text('Add to cart')
2026-01-19T02:05:04.8901074Z     ✅ Step step_4 Passed.
2026-01-19T02:05:04.8901339Z   ▶️ [STEP step_5] ASSERT_URL: Step step_5
2026-01-19T02:05:04.8901617Z     ✅ Step step_5 Passed.
2026-01-19T02:05:04.8901860Z   ▶️ [STEP step_5_ai_1] CLICK: Add to cart
2026-01-19T02:05:04.8902253Z     🎯 Using mined locator: #add-to-cart-sauce-labs-bolt-t-shirt
2026-01-19T02:05:04.8902609Z     ✅ Step step_5_ai_1 Passed.
2026-01-19T02:05:04.8902911Z   ▶️ [STEP step_6] ASSERT_VISIBLE: Sauce Labs Backpack
2026-01-19T02:05:04.8903309Z     🎯 Using mined locator: role=link[name='Sauce Labs Backpack']
2026-01-19T02:05:04.8903661Z     ✅ Step step_6 Passed.
2026-01-19T02:05:04.8903961Z ✅ Scenario 'Problem User Flow' completed successfully!
2026-01-19T02:05:04.8904174Z 
2026-01-19T02:05:04.8904270Z --- Scenario: Visual User Flow ---
2026-01-19T02:05:04.8904555Z   ▶️ [STEP step_1] NAVIGATE: Step step_1
2026-01-19T02:05:04.8904833Z     ✅ Step step_1 Passed.
2026-01-19T02:05:04.8905081Z   ▶️ [STEP step_2] FILL: Username
2026-01-19T02:05:04.8905405Z     🎯 Using mined locator: role=textbox[name='Username']
2026-01-19T02:05:04.8905714Z     ✅ Step step_2 Passed.
2026-01-19T02:05:04.8905962Z   ▶️ [STEP step_2_ai_1] FILL: Password
2026-01-19T02:05:04.8906245Z     🎯 Using mined locator: #password
2026-01-19T02:05:04.8906517Z     ✅ Step step_2_ai_1 Passed.
2026-01-19T02:05:04.8906783Z   ▶️ [STEP step_2_ai_2] CLICK: login-button
2026-01-19T02:05:04.8907485Z     🎯 Using mined locator: input#login-button
2026-01-19T02:05:04.8907991Z     ✅ Step step_2_ai_2 Passed.
2026-01-19T02:05:04.8908281Z   ▶️ [STEP step_2_ai_3] CLICK: Add to cart
2026-01-19T02:05:04.8908645Z     🎯 Using mined locator: #add-to-cart-sauce-labs-bike-light
2026-01-19T02:05:04.8908993Z     ✅ Step step_2_ai_3 Passed.
2026-01-19T02:05:04.8909254Z   ▶️ [STEP step_3] FILL: Password
2026-01-19T02:05:04.8909758Z     ❌ Attempt 1 failed (element_not_found): Locator.scroll_into_view_if_needed: Timeout 10000ms exceeded.
2026-01-19T02:05:04.8910351Z Call log:
2026-01-19T02:05:04.8910534Z   - waiting for locator("tex...
2026-01-19T02:05:04.8910859Z     🔧 [AUTO-HEAL] Re-mining page to find 'Password'...
2026-01-19T02:05:04.8911222Z [DEBUG] Sending request to gemini-2.0-flash. Number of parts: 2
2026-01-19T02:05:04.8911556Z [DEBUG] Received response (Length: 599)
2026-01-19T02:05:04.8911906Z     ✨ AI successfully healed the step! Found 2 alternatives.
2026-01-19T02:05:04.8912384Z     ✨ AI successfully healed the step! New selector: button:has-text('Add to cart')
2026-01-19T02:05:04.8912786Z     ✅ Step step_3 Passed.
2026-01-19T02:05:04.8913151Z   ▶️ [STEP step_4] CLICK: Login
2026-01-19T02:05:04.8913604Z     ❌ Attempt 1 failed (element_not_found): Locator.bounding_box: Timeout 30000ms exceeded.
2026-01-19T02:05:04.8913995Z Call log:
2026-01-19T02:05:04.8914172Z   - waiting for locator("text=Login")
2026-01-19T02:05:11.5164394Z ...
2026-01-19T02:05:11.5165169Z     🔧 [AUTO-HEAL] Re-mining page to find 'Login'...
2026-01-19T02:05:11.5165867Z [DEBUG] Sending request to gemini-2.0-flash. Number of parts: 2
2026-01-19T02:05:11.5166458Z [DEBUG] Received response (Length: 627)
2026-01-19T02:05:11.5167373Z     ✨ AI successfully healed the step! Found 2 alternatives.
2026-01-19T02:05:11.5168016Z     ✨ AI successfully healed the step! New selector: button[data-test='add-to-cart-sauce-labs-bolt-t-shirt']
2026-01-19T02:05:11.5168548Z     ✅ Step step_4 Passed.
2026-01-19T02:05:11.5168842Z   ▶️ [STEP step_5] ASSERT_URL: Step step_5
2026-01-19T02:05:11.5169134Z     ✅ Step step_5 Passed.
2026-01-19T02:05:11.5169392Z   ▶️ [STEP step_5_ai_1] CLICK: Add to cart
2026-01-19T02:05:11.5169824Z     ⚠️ Mined locators not found on page. Falling back to semantic search.
2026-01-19T02:05:11.5170218Z     ✅ Step step_5_ai_1 Passed.
2026-01-19T02:05:11.5170539Z   ▶️ [STEP step_6] ASSERT_VISIBLE: Sauce Labs Backpack
2026-01-19T02:05:11.5170949Z     🎯 Using mined locator: role=link[name='Sauce Labs Backpack']
2026-01-19T02:05:11.5171301Z     ✅ Step step_6 Passed.
2026-01-19T02:05:11.5171615Z ✅ Scenario 'Visual User Flow' completed successfully!
2026-01-19T02:05:11.5171836Z 
2026-01-19T02:05:11.5171941Z ============================================================
2026-01-19T02:05:11.5172239Z 🎯 EXECUTION SUMMARY
2026-01-19T02:05:11.5172450Z ============================================================
2026-01-19T02:05:11.5172641Z 
2026-01-19T02:05:11.5172741Z 📋 Scenario Overview:
2026-01-19T02:05:11.5172984Z    • Total Scenarios Planned: 4
2026-01-19T02:05:11.5173252Z    • Scenarios Executed: 4
2026-01-19T02:05:11.5173498Z    • Total Steps Executed: 37
2026-01-19T02:05:11.5173663Z 
2026-01-19T02:05:11.5173751Z ✅ Results:
2026-01-19T02:05:11.5173949Z    ✅ Passed: 3 (75%)
2026-01-19T02:05:11.5174165Z    ❌ Failed: 1 (25%)
2026-01-19T02:05:11.5174274Z 
2026-01-19T02:05:11.5174375Z ⚠️  Failed Scenarios:
2026-01-19T02:05:11.5174622Z    • End-to-End Shopping Flow
2026-01-19T02:05:11.5174775Z 
2026-01-19T02:05:11.5174870Z ============================================================
2026-01-19T02:05:11.5175072Z 
2026-01-19T02:05:11.5175596Z 🏁 Execution Finished. Report: /home/runner/work/build_qa_automation/build_qa_automation/projects/ci_saucedemo_ecommerce/execution.json
2026-01-19T02:05:11.6344225Z 
2026-01-19T02:05:11.6344709Z [PHASE] Running Phase: DISCOVERY
2026-01-19T02:05:11.6346413Z    Command: /opt/hostedtoolcache/Python/3.11.14/x64/bin/python /home/runner/work/build_qa_automation/build_qa_automation/core/agents/discovery.py --project /home/runner/work/build_qa_automation/build_qa_automation/projects/ci_saucedemo_ecommerce --url https://www.saucedemo.com/ --deep
2026-01-19T02:05:11.6348833Z ✅ Phase 'discovery' completed successfully.
2026-01-19T02:05:11.6349118Z 
2026-01-19T02:05:11.6349242Z [PHASE] Running Phase: PLANNING
2026-01-19T02:05:11.6351291Z    Command: /opt/hostedtoolcache/Python/3.11.14/x64/bin/python /home/runner/work/build_qa_automation/build_qa_automation/core/agents/planner.py --project /home/runner/work/build_qa_automation/build_qa_automation/projects/ci_saucedemo_ecommerce --goal Complete end-to-end shopping flow --url https://www.saucedemo.com/ --deep
2026-01-19T02:05:11.6353365Z ✅ Phase 'planning' completed successfully.
2026-01-19T02:05:11.6353642Z 
2026-01-19T02:05:11.6353782Z [PHASE] Running Phase: EXPLORATION
2026-01-19T02:05:11.6355211Z    Command: /opt/hostedtoolcache/Python/3.11.14/x64/bin/python /home/runner/work/build_qa_automation/build_qa_automation/core/agents/deep_explorer.py --project /home/runner/work/build_qa_automation/build_qa_automation/projects/ci_saucedemo_ecommerce
2026-01-19T02:05:11.6356740Z ✅ Phase 'exploration' completed successfully.
2026-01-19T02:05:11.6357668Z 📊 Exploration Discovery Success Rate: 59.3%
2026-01-19T02:05:11.6357946Z 
2026-01-19T02:05:11.6358071Z [PHASE] Running Phase: EXECUTION
2026-01-19T02:05:11.6359467Z    Command: /opt/hostedtoolcache/Python/3.11.14/x64/bin/python /home/runner/work/build_qa_automation/build_qa_automation/core/agents/executor.py --project /home/runner/work/build_qa_automation/build_qa_automation/projects/ci_saucedemo_ecommerce
2026-01-19T02:05:11.6360947Z ✅ Phase 'execution' completed successfully.
2026-01-19T02:05:11.6361216Z 
2026-01-19T02:05:11.6361360Z [DONE] Pipeline Execution Finished! [DONE]
2026-01-19T02:05:11.7453658Z ##[group]Run RESULT_FILE="projects/ci_saucedemo_ecommerce/execution.json"
2026-01-19T02:05:11.7454207Z [36;1mRESULT_FILE="projects/ci_saucedemo_ecommerce/execution.json"[0m
2026-01-19T02:05:11.7454580Z [36;1mif [ -f "$RESULT_FILE" ]; then[0m
2026-01-19T02:05:11.7454920Z [36;1m  echo "✅ Results generated successfully: $RESULT_FILE"[0m
2026-01-19T02:05:11.7455373Z [36;1m  cat "$RESULT_FILE" | jq '.scenarios | length' || echo "Result file exists"[0m
2026-01-19T02:05:11.7455763Z [36;1melse[0m
2026-01-19T02:05:11.7455995Z [36;1m  echo "❌ No result file found at $RESULT_FILE"[0m
2026-01-19T02:05:11.7456271Z [36;1m  exit 1[0m
2026-01-19T02:05:11.7456449Z [36;1mfi[0m
2026-01-19T02:05:11.7488671Z shell: /usr/bin/bash -e {0}
2026-01-19T02:05:11.7488894Z env:
2026-01-19T02:05:11.7489146Z   pythonLocation: /opt/hostedtoolcache/Python/3.11.14/x64
2026-01-19T02:05:11.7489566Z   PKG_CONFIG_PATH: /opt/hostedtoolcache/Python/3.11.14/x64/lib/pkgconfig
2026-01-19T02:05:11.7490001Z   Python_ROOT_DIR: /opt/hostedtoolcache/Python/3.11.14/x64
2026-01-19T02:05:11.7490364Z   Python2_ROOT_DIR: /opt/hostedtoolcache/Python/3.11.14/x64
2026-01-19T02:05:11.7490729Z   Python3_ROOT_DIR: /opt/hostedtoolcache/Python/3.11.14/x64
2026-01-19T02:05:11.7491096Z   LD_LIBRARY_PATH: /opt/hostedtoolcache/Python/3.11.14/x64/lib
2026-01-19T02:05:11.7491398Z ##[endgroup]
2026-01-19T02:05:11.7542897Z ✅ Results generated successfully: projects/ci_saucedemo_ecommerce/execution.json
2026-01-19T02:05:11.7569484Z 4
2026-01-19T02:05:11.7683045Z ##[group]Run actions/upload-artifact@v4
2026-01-19T02:05:11.7683319Z with:
2026-01-19T02:05:11.7683525Z   name: saucedemo_ecommerce-execution-results
2026-01-19T02:05:11.7684007Z   path: projects/ci_saucedemo_ecommerce/execution.json
projects/ci_saucedemo_ecommerce/workflow.json

2026-01-19T02:05:11.7684472Z   retention-days: 30
2026-01-19T02:05:11.7684679Z   if-no-files-found: warn
2026-01-19T02:05:11.7684892Z   compression-level: 6
2026-01-19T02:05:11.7685090Z   overwrite: false
2026-01-19T02:05:11.7685280Z   include-hidden-files: false
2026-01-19T02:05:11.7685492Z env:
2026-01-19T02:05:11.7685728Z   pythonLocation: /opt/hostedtoolcache/Python/3.11.14/x64
2026-01-19T02:05:11.7686131Z   PKG_CONFIG_PATH: /opt/hostedtoolcache/Python/3.11.14/x64/lib/pkgconfig
2026-01-19T02:05:11.7686528Z   Python_ROOT_DIR: /opt/hostedtoolcache/Python/3.11.14/x64
2026-01-19T02:05:11.7687196Z   Python2_ROOT_DIR: /opt/hostedtoolcache/Python/3.11.14/x64
2026-01-19T02:05:11.7687621Z   Python3_ROOT_DIR: /opt/hostedtoolcache/Python/3.11.14/x64
2026-01-19T02:05:11.7687987Z   LD_LIBRARY_PATH: /opt/hostedtoolcache/Python/3.11.14/x64/lib
2026-01-19T02:05:11.7688282Z ##[endgroup]
2026-01-19T02:05:11.9844924Z Multiple search paths detected. Calculating the least common ancestor of all paths
2026-01-19T02:05:11.9850060Z The least common ancestor is /home/runner/work/build_qa_automation/build_qa_automation/projects/ci_saucedemo_ecommerce. This will be the root directory of the artifact
2026-01-19T02:05:11.9851517Z With the provided path, there will be 2 files uploaded
2026-01-19T02:05:11.9856635Z Artifact name is valid!
2026-01-19T02:05:11.9858069Z Root directory input is valid!
2026-01-19T02:05:12.2520674Z Beginning upload of artifact content to blob storage
2026-01-19T02:05:12.5736444Z Uploaded bytes 3526
2026-01-19T02:05:12.6534359Z Finished uploading artifact content to blob storage!
2026-01-19T02:05:12.6537656Z SHA256 digest of uploaded artifact zip is e0a9d9ac4155ff260136e83d5dcc5e6b3e13267c16e9f97c281d4e01838843d3
2026-01-19T02:05:12.6540026Z Finalizing artifact upload
2026-01-19T02:05:12.8068770Z Artifact saucedemo_ecommerce-execution-results.zip successfully finalized. Artifact ID 5171678351
2026-01-19T02:05:12.8069892Z Artifact saucedemo_ecommerce-execution-results has been successfully uploaded! Final size is 3526 bytes. Artifact ID is 5171678351
2026-01-19T02:05:12.8076007Z Artifact download URL: https://github.com/vishvasmca-cmd/build_qa_automation/actions/runs/21122730879/artifacts/5171678351
2026-01-19T02:05:12.8200874Z Post job cleanup.
2026-01-19T02:05:12.9708876Z Cache hit occurred on the primary key setup-python-Linux-x64-24.04-Ubuntu-python-3.11.14-pip-dde08d0e0b672972dcda9f1a063036a2e0c226f5d0a20362e9401931676d80a4, not saving cache.
2026-01-19T02:05:12.9821642Z Post job cleanup.
2026-01-19T02:05:13.0781376Z [command]/usr/bin/git version
2026-01-19T02:05:13.0821909Z git version 2.52.0
2026-01-19T02:05:13.0867789Z Temporarily overriding HOME='/home/runner/work/_temp/1f3c79dc-1d09-47a4-a527-913629eae1ce' before making global git config changes
2026-01-19T02:05:13.0869244Z Adding repository directory to the temporary git global config as a safe directory
2026-01-19T02:05:13.0874513Z [command]/usr/bin/git config --global --add safe.directory /home/runner/work/build_qa_automation/build_qa_automation
2026-01-19T02:05:13.0913769Z [command]/usr/bin/git config --local --name-only --get-regexp core\.sshCommand
2026-01-19T02:05:13.0949614Z [command]/usr/bin/git submodule foreach --recursive sh -c "git config --local --name-only --get-regexp 'core\.sshCommand' && git config --local --unset-all 'core.sshCommand' || :"
2026-01-19T02:05:13.1196015Z [command]/usr/bin/git config --local --name-only --get-regexp http\.https\:\/\/github\.com\/\.extraheader
2026-01-19T02:05:13.1219390Z http.https://github.com/.extraheader
2026-01-19T02:05:13.1233154Z [command]/usr/bin/git config --local --unset-all http.https://github.com/.extraheader
2026-01-19T02:05:13.1265340Z [command]/usr/bin/git submodule foreach --recursive sh -c "git config --local --name-only --get-regexp 'http\.https\:\/\/github\.com\/\.extraheader' && git config --local --unset-all 'http.https://github.com/.extraheader' || :"
2026-01-19T02:05:13.1492733Z [command]/usr/bin/git config --local --name-only --get-regexp ^includeIf\.gitdir:
2026-01-19T02:05:13.1524779Z [command]/usr/bin/git submodule foreach --recursive git config --local --show-origin --name-only --get-regexp remote.origin.url
2026-01-19T02:05:13.1863298Z Cleaning up orphan processes
