2026-01-19T23:49:45.6470403Z Current runner version: '2.331.0'
2026-01-19T23:49:45.6496039Z ##[group]Runner Image Provisioner
2026-01-19T23:49:45.6496862Z Hosted Compute Agent
2026-01-19T23:49:45.6497459Z Version: 20251211.462
2026-01-19T23:49:45.6498079Z Commit: 6cbad8c2bb55d58165063d031ccabf57e2d2db61
2026-01-19T23:49:45.6498771Z Build Date: 2025-12-11T16:28:49Z
2026-01-19T23:49:45.6499428Z Worker ID: {7156e69c-6f72-42ef-be5b-fc7792f0be90}
2026-01-19T23:49:45.6500150Z ##[endgroup]
2026-01-19T23:49:45.6500639Z ##[group]Operating System
2026-01-19T23:49:45.6501215Z Ubuntu
2026-01-19T23:49:45.6501691Z 24.04.3
2026-01-19T23:49:45.6502109Z LTS
2026-01-19T23:49:45.6502592Z ##[endgroup]
2026-01-19T23:49:45.6503135Z ##[group]Runner Image
2026-01-19T23:49:45.6503859Z Image: ubuntu-24.04
2026-01-19T23:49:45.6504545Z Version: 20260111.209.1
2026-01-19T23:49:45.6505562Z Included Software: https://github.com/actions/runner-images/blob/ubuntu24/20260111.209/images/ubuntu/Ubuntu2404-Readme.md
2026-01-19T23:49:45.6507086Z Image Release: https://github.com/actions/runner-images/releases/tag/ubuntu24%2F20260111.209
2026-01-19T23:49:45.6508164Z ##[endgroup]
2026-01-19T23:49:45.6509192Z ##[group]GITHUB_TOKEN Permissions
2026-01-19T23:49:45.6511092Z Contents: read
2026-01-19T23:49:45.6511629Z Metadata: read
2026-01-19T23:49:45.6512087Z Packages: read
2026-01-19T23:49:45.6513002Z ##[endgroup]
2026-01-19T23:49:45.6515795Z Secret source: Actions
2026-01-19T23:49:45.6516452Z Prepare workflow directory
2026-01-19T23:49:45.6847310Z Prepare all required actions
2026-01-19T23:49:45.6885800Z Getting action download info
2026-01-19T23:49:46.1745962Z Download action repository 'actions/checkout@v4' (SHA:34e114876b0b11c390a56381ad16ebd13914f8d5)
2026-01-19T23:49:46.2628093Z Download action repository 'actions/setup-python@v5' (SHA:a26af69be951a213d495a4c3e4e4022e16d87065)
2026-01-19T23:49:46.3889968Z Download action repository 'actions/upload-artifact@v4' (SHA:ea165f8d65b6e75b540449e92b4886f43607fa02)
2026-01-19T23:49:46.6089439Z Complete job name: test-websites-deep (parabank_banking, https://parabank.parasoft.com/, Test banking operations)
2026-01-19T23:49:46.6784595Z ##[group]Run actions/checkout@v4
2026-01-19T23:49:46.6785469Z with:
2026-01-19T23:49:46.6785920Z   repository: vishvasmca-cmd/build_qa_automation
2026-01-19T23:49:46.6786632Z   token: ***
2026-01-19T23:49:46.6787005Z   ssh-strict: true
2026-01-19T23:49:46.6787389Z   ssh-user: git
2026-01-19T23:49:46.6787772Z   persist-credentials: true
2026-01-19T23:49:46.6788204Z   clean: true
2026-01-19T23:49:46.6788595Z   sparse-checkout-cone-mode: true
2026-01-19T23:49:46.6789064Z   fetch-depth: 1
2026-01-19T23:49:46.6789438Z   fetch-tags: false
2026-01-19T23:49:46.6789824Z   show-progress: true
2026-01-19T23:49:46.6790216Z   lfs: false
2026-01-19T23:49:46.6790564Z   submodules: false
2026-01-19T23:49:46.6790955Z   set-safe-directory: true
2026-01-19T23:49:46.6791589Z ##[endgroup]
2026-01-19T23:49:46.7897057Z Syncing repository: vishvasmca-cmd/build_qa_automation
2026-01-19T23:49:46.7900339Z ##[group]Getting Git version info
2026-01-19T23:49:46.7901904Z Working directory is '/home/runner/work/build_qa_automation/build_qa_automation'
2026-01-19T23:49:46.7903949Z [command]/usr/bin/git version
2026-01-19T23:49:46.7967799Z git version 2.52.0
2026-01-19T23:49:46.7995545Z ##[endgroup]
2026-01-19T23:49:46.8009690Z Temporarily overriding HOME='/home/runner/work/_temp/8e151aea-65c5-48d0-ba0d-20ac16fd468b' before making global git config changes
2026-01-19T23:49:46.8023133Z Adding repository directory to the temporary git global config as a safe directory
2026-01-19T23:49:46.8024616Z [command]/usr/bin/git config --global --add safe.directory /home/runner/work/build_qa_automation/build_qa_automation
2026-01-19T23:49:46.8063591Z Deleting the contents of '/home/runner/work/build_qa_automation/build_qa_automation'
2026-01-19T23:49:46.8067117Z ##[group]Initializing the repository
2026-01-19T23:49:46.8071354Z [command]/usr/bin/git init /home/runner/work/build_qa_automation/build_qa_automation
2026-01-19T23:49:46.8224441Z hint: Using 'master' as the name for the initial branch. This default branch name
2026-01-19T23:49:46.8226489Z hint: will change to "main" in Git 3.0. To configure the initial branch name
2026-01-19T23:49:46.8228233Z hint: to use in all of your new repositories, which will suppress this warning,
2026-01-19T23:49:46.8229612Z hint: call:
2026-01-19T23:49:46.8230223Z hint:
2026-01-19T23:49:46.8230849Z hint: 	git config --global init.defaultBranch <name>
2026-01-19T23:49:46.8231490Z hint:
2026-01-19T23:49:46.8232088Z hint: Names commonly chosen instead of 'master' are 'main', 'trunk' and
2026-01-19T23:49:46.8233100Z hint: 'development'. The just-created branch can be renamed via this command:
2026-01-19T23:49:46.8234122Z hint:
2026-01-19T23:49:46.8234574Z hint: 	git branch -m <name>
2026-01-19T23:49:46.8235296Z hint:
2026-01-19T23:49:46.8236090Z hint: Disable this message with "git config set advice.defaultBranchName false"
2026-01-19T23:49:46.8237367Z Initialized empty Git repository in /home/runner/work/build_qa_automation/build_qa_automation/.git/
2026-01-19T23:49:46.8240898Z [command]/usr/bin/git remote add origin https://github.com/vishvasmca-cmd/build_qa_automation
2026-01-19T23:49:46.8275358Z ##[endgroup]
2026-01-19T23:49:46.8276062Z ##[group]Disabling automatic garbage collection
2026-01-19T23:49:46.8279256Z [command]/usr/bin/git config --local gc.auto 0
2026-01-19T23:49:46.8307392Z ##[endgroup]
2026-01-19T23:49:46.8308027Z ##[group]Setting up auth
2026-01-19T23:49:46.8315525Z [command]/usr/bin/git config --local --name-only --get-regexp core\.sshCommand
2026-01-19T23:49:46.8345835Z [command]/usr/bin/git submodule foreach --recursive sh -c "git config --local --name-only --get-regexp 'core\.sshCommand' && git config --local --unset-all 'core.sshCommand' || :"
2026-01-19T23:49:46.8677282Z [command]/usr/bin/git config --local --name-only --get-regexp http\.https\:\/\/github\.com\/\.extraheader
2026-01-19T23:49:46.8709164Z [command]/usr/bin/git submodule foreach --recursive sh -c "git config --local --name-only --get-regexp 'http\.https\:\/\/github\.com\/\.extraheader' && git config --local --unset-all 'http.https://github.com/.extraheader' || :"
2026-01-19T23:49:46.8927166Z [command]/usr/bin/git config --local --name-only --get-regexp ^includeIf\.gitdir:
2026-01-19T23:49:46.8956719Z [command]/usr/bin/git submodule foreach --recursive git config --local --show-origin --name-only --get-regexp remote.origin.url
2026-01-19T23:49:46.9186522Z [command]/usr/bin/git config --local http.https://github.com/.extraheader AUTHORIZATION: basic ***
2026-01-19T23:49:46.9222341Z ##[endgroup]
2026-01-19T23:49:46.9223087Z ##[group]Fetching the repository
2026-01-19T23:49:46.9231605Z [command]/usr/bin/git -c protocol.version=2 fetch --no-tags --prune --no-recurse-submodules --depth=1 origin +d25504decfc404871c7c3bd5ac186d61498b2813:refs/remotes/origin/main
2026-01-19T23:49:48.3911233Z From https://github.com/vishvasmca-cmd/build_qa_automation
2026-01-19T23:49:48.3913572Z  * [new ref]         d25504decfc404871c7c3bd5ac186d61498b2813 -> origin/main
2026-01-19T23:49:48.3941515Z ##[endgroup]
2026-01-19T23:49:48.3942510Z ##[group]Determining the checkout info
2026-01-19T23:49:48.3944759Z ##[endgroup]
2026-01-19T23:49:48.3951031Z [command]/usr/bin/git sparse-checkout disable
2026-01-19T23:49:48.3995355Z [command]/usr/bin/git config --local --unset-all extensions.worktreeConfig
2026-01-19T23:49:48.4024097Z ##[group]Checking out the ref
2026-01-19T23:49:48.4028116Z [command]/usr/bin/git checkout --progress --force -B main refs/remotes/origin/main
2026-01-19T23:49:48.5593206Z Switched to a new branch 'main'
2026-01-19T23:49:48.5594943Z branch 'main' set up to track 'origin/main'.
2026-01-19T23:49:48.5614113Z ##[endgroup]
2026-01-19T23:49:48.5652102Z [command]/usr/bin/git log -1 --format=%H
2026-01-19T23:49:48.5674475Z d25504decfc404871c7c3bd5ac186d61498b2813
2026-01-19T23:49:48.5956802Z ##[group]Run actions/setup-python@v5
2026-01-19T23:49:48.5957767Z with:
2026-01-19T23:49:48.5958533Z   python-version: 3.11
2026-01-19T23:49:48.5959333Z   cache: pip
2026-01-19T23:49:48.5960315Z   check-latest: false
2026-01-19T23:49:48.5961305Z   token: ***
2026-01-19T23:49:48.5962083Z   update-environment: true
2026-01-19T23:49:48.5962917Z   allow-prereleases: false
2026-01-19T23:49:48.5963954Z   freethreaded: false
2026-01-19T23:49:48.5964734Z ##[endgroup]
2026-01-19T23:49:48.7663524Z ##[group]Installed versions
2026-01-19T23:49:48.7768687Z Successfully set up CPython (3.11.14)
2026-01-19T23:49:48.7770254Z ##[endgroup]
2026-01-19T23:49:48.9141172Z [command]/opt/hostedtoolcache/Python/3.11.14/x64/bin/pip cache dir
2026-01-19T23:49:50.1725050Z /home/runner/.cache/pip
2026-01-19T23:49:50.4451218Z Cache hit for: setup-python-Linux-x64-24.04-Ubuntu-python-3.11.14-pip-dde08d0e0b672972dcda9f1a063036a2e0c226f5d0a20362e9401931676d80a4
2026-01-19T23:49:51.7485817Z Received 4194304 of 254742636 (1.6%), 4.0 MBs/sec
2026-01-19T23:49:52.7845247Z Received 134217728 of 254742636 (52.7%), 62.7 MBs/sec
2026-01-19T23:49:53.7044899Z Received 254742636 of 254742636 (100.0%), 82.1 MBs/sec
2026-01-19T23:49:53.7046411Z Cache Size: ~243 MB (254742636 B)
2026-01-19T23:49:53.7086490Z [command]/usr/bin/tar -xf /home/runner/work/_temp/39d91da2-06e4-4fb9-a2c7-f7e1e14af333/cache.tzst -P -C /home/runner/work/build_qa_automation/build_qa_automation --use-compress-program unzstd
2026-01-19T23:49:54.0935998Z Cache restored successfully
2026-01-19T23:49:54.1420132Z Cache restored from key: setup-python-Linux-x64-24.04-Ubuntu-python-3.11.14-pip-dde08d0e0b672972dcda9f1a063036a2e0c226f5d0a20362e9401931676d80a4
2026-01-19T23:49:54.1669933Z ##[group]Run pip install -r requirements.txt
2026-01-19T23:49:54.1670391Z [36;1mpip install -r requirements.txt[0m
2026-01-19T23:49:54.1670698Z [36;1mplaywright install chromium[0m
2026-01-19T23:49:54.1708921Z shell: /usr/bin/bash -e {0}
2026-01-19T23:49:54.1709204Z env:
2026-01-19T23:49:54.1709487Z   pythonLocation: /opt/hostedtoolcache/Python/3.11.14/x64
2026-01-19T23:49:54.1709972Z   PKG_CONFIG_PATH: /opt/hostedtoolcache/Python/3.11.14/x64/lib/pkgconfig
2026-01-19T23:49:54.1710410Z   Python_ROOT_DIR: /opt/hostedtoolcache/Python/3.11.14/x64
2026-01-19T23:49:54.1710822Z   Python2_ROOT_DIR: /opt/hostedtoolcache/Python/3.11.14/x64
2026-01-19T23:49:54.1711209Z   Python3_ROOT_DIR: /opt/hostedtoolcache/Python/3.11.14/x64
2026-01-19T23:49:54.1711589Z   LD_LIBRARY_PATH: /opt/hostedtoolcache/Python/3.11.14/x64/lib
2026-01-19T23:49:54.1711894Z ##[endgroup]
2026-01-19T23:49:55.1758797Z Collecting playwright (from -r requirements.txt (line 1))
2026-01-19T23:49:55.1777193Z   Using cached playwright-1.57.0-py3-none-manylinux1_x86_64.whl.metadata (3.5 kB)
2026-01-19T23:49:55.1940964Z Collecting python-dotenv (from -r requirements.txt (line 2))
2026-01-19T23:49:55.1956792Z   Using cached python_dotenv-1.2.1-py3-none-any.whl.metadata (25 kB)
2026-01-19T23:49:55.2217113Z Collecting requests (from -r requirements.txt (line 3))
2026-01-19T23:49:55.2233151Z   Using cached requests-2.32.5-py3-none-any.whl.metadata (4.9 kB)
2026-01-19T23:49:55.4220105Z Collecting pillow (from -r requirements.txt (line 4))
2026-01-19T23:49:55.4237156Z   Using cached pillow-12.1.0-cp311-cp311-manylinux_2_27_x86_64.manylinux_2_28_x86_64.whl.metadata (8.8 kB)
2026-01-19T23:49:55.4490395Z Collecting google-genai>=0.3.0 (from -r requirements.txt (line 5))
2026-01-19T23:49:55.4504165Z   Using cached google_genai-1.59.0-py3-none-any.whl.metadata (53 kB)
2026-01-19T23:49:55.4654971Z Collecting termcolor (from -r requirements.txt (line 6))
2026-01-19T23:49:55.4668726Z   Using cached termcolor-3.3.0-py3-none-any.whl.metadata (6.5 kB)
2026-01-19T23:49:55.5014058Z Collecting PyYAML (from -r requirements.txt (line 7))
2026-01-19T23:49:55.5029902Z   Using cached pyyaml-6.0.3-cp311-cp311-manylinux2014_x86_64.manylinux_2_17_x86_64.manylinux_2_28_x86_64.whl.metadata (2.4 kB)
2026-01-19T23:49:55.5614226Z Collecting opencv-python-headless (from -r requirements.txt (line 8))
2026-01-19T23:49:55.5629937Z   Using cached opencv_python_headless-4.13.0.90-cp37-abi3-manylinux_2_28_x86_64.whl.metadata (19 kB)
2026-01-19T23:49:55.7569121Z Collecting numpy (from -r requirements.txt (line 9))
2026-01-19T23:49:55.7584552Z   Using cached numpy-2.4.1-cp311-cp311-manylinux_2_27_x86_64.manylinux_2_28_x86_64.whl.metadata (6.6 kB)
2026-01-19T23:49:55.8348617Z Collecting faker (from -r requirements.txt (line 10))
2026-01-19T23:49:55.8363545Z   Using cached faker-40.1.2-py3-none-any.whl.metadata (16 kB)
2026-01-19T23:49:55.8521053Z Collecting pyee<14,>=13 (from playwright->-r requirements.txt (line 1))
2026-01-19T23:49:55.8534441Z   Using cached pyee-13.0.0-py3-none-any.whl.metadata (2.9 kB)
2026-01-19T23:49:55.9682590Z Collecting greenlet<4.0.0,>=3.1.1 (from playwright->-r requirements.txt (line 1))
2026-01-19T23:49:55.9698129Z   Using cached greenlet-3.3.0-cp311-cp311-manylinux_2_24_x86_64.manylinux_2_28_x86_64.whl.metadata (4.1 kB)
2026-01-19T23:49:55.9864758Z Collecting typing-extensions (from pyee<14,>=13->playwright->-r requirements.txt (line 1))
2026-01-19T23:49:55.9878871Z   Using cached typing_extensions-4.15.0-py3-none-any.whl.metadata (3.3 kB)
2026-01-19T23:49:56.0667764Z Collecting charset_normalizer<4,>=2 (from requests->-r requirements.txt (line 3))
2026-01-19T23:49:56.0684006Z   Using cached charset_normalizer-3.4.4-cp311-cp311-manylinux2014_x86_64.manylinux_2_17_x86_64.manylinux_2_28_x86_64.whl.metadata (37 kB)
2026-01-19T23:49:56.0836165Z Collecting idna<4,>=2.5 (from requests->-r requirements.txt (line 3))
2026-01-19T23:49:56.0849967Z   Using cached idna-3.11-py3-none-any.whl.metadata (8.4 kB)
2026-01-19T23:49:56.1106872Z Collecting urllib3<3,>=1.21.1 (from requests->-r requirements.txt (line 3))
2026-01-19T23:49:56.1121072Z   Using cached urllib3-2.6.3-py3-none-any.whl.metadata (6.9 kB)
2026-01-19T23:49:56.1329245Z Collecting certifi>=2017.4.17 (from requests->-r requirements.txt (line 3))
2026-01-19T23:49:56.1343914Z   Using cached certifi-2026.1.4-py3-none-any.whl.metadata (2.5 kB)
2026-01-19T23:49:56.1541105Z Collecting anyio<5.0.0,>=4.8.0 (from google-genai>=0.3.0->-r requirements.txt (line 5))
2026-01-19T23:49:56.1554195Z   Using cached anyio-4.12.1-py3-none-any.whl.metadata (4.3 kB)
2026-01-19T23:49:56.1873082Z Collecting google-auth<3.0.0,>=2.47.0 (from google-auth[requests]<3.0.0,>=2.47.0->google-genai>=0.3.0->-r requirements.txt (line 5))
2026-01-19T23:49:56.1887886Z   Using cached google_auth-2.47.0-py3-none-any.whl.metadata (6.4 kB)
2026-01-19T23:49:56.2124404Z Collecting httpx<1.0.0,>=0.28.1 (from google-genai>=0.3.0->-r requirements.txt (line 5))
2026-01-19T23:49:56.2137298Z   Using cached httpx-0.28.1-py3-none-any.whl.metadata (7.1 kB)
2026-01-19T23:49:56.3549272Z Collecting pydantic<3.0.0,>=2.9.0 (from google-genai>=0.3.0->-r requirements.txt (line 5))
2026-01-19T23:49:56.3564066Z   Using cached pydantic-2.12.5-py3-none-any.whl.metadata (90 kB)
2026-01-19T23:49:56.3799540Z Collecting tenacity<9.2.0,>=8.2.3 (from google-genai>=0.3.0->-r requirements.txt (line 5))
2026-01-19T23:49:56.3813161Z   Using cached tenacity-9.1.2-py3-none-any.whl.metadata (1.2 kB)
2026-01-19T23:49:56.4643963Z Collecting websockets<15.1.0,>=13.0.0 (from google-genai>=0.3.0->-r requirements.txt (line 5))
2026-01-19T23:49:56.4658261Z   Using cached websockets-15.0.1-cp311-cp311-manylinux_2_5_x86_64.manylinux1_x86_64.manylinux_2_17_x86_64.manylinux2014_x86_64.whl.metadata (6.8 kB)
2026-01-19T23:49:56.4794628Z Collecting distro<2,>=1.7.0 (from google-genai>=0.3.0->-r requirements.txt (line 5))
2026-01-19T23:49:56.4807820Z   Using cached distro-1.9.0-py3-none-any.whl.metadata (6.8 kB)
2026-01-19T23:49:56.4884291Z Collecting sniffio (from google-genai>=0.3.0->-r requirements.txt (line 5))
2026-01-19T23:49:56.4897849Z   Using cached sniffio-1.3.1-py3-none-any.whl.metadata (3.9 kB)
2026-01-19T23:49:56.5157098Z Collecting pyasn1-modules>=0.2.1 (from google-auth<3.0.0,>=2.47.0->google-auth[requests]<3.0.0,>=2.47.0->google-genai>=0.3.0->-r requirements.txt (line 5))
2026-01-19T23:49:56.5171346Z   Using cached pyasn1_modules-0.4.2-py3-none-any.whl.metadata (3.5 kB)
2026-01-19T23:49:56.5308442Z Collecting rsa<5,>=3.1.4 (from google-auth<3.0.0,>=2.47.0->google-auth[requests]<3.0.0,>=2.47.0->google-genai>=0.3.0->-r requirements.txt (line 5))
2026-01-19T23:49:56.5321926Z   Using cached rsa-4.9.1-py3-none-any.whl.metadata (5.6 kB)
2026-01-19T23:49:56.5570438Z Collecting httpcore==1.* (from httpx<1.0.0,>=0.28.1->google-genai>=0.3.0->-r requirements.txt (line 5))
2026-01-19T23:49:56.5584471Z   Using cached httpcore-1.0.9-py3-none-any.whl.metadata (21 kB)
2026-01-19T23:49:56.5694215Z Collecting h11>=0.16 (from httpcore==1.*->httpx<1.0.0,>=0.28.1->google-genai>=0.3.0->-r requirements.txt (line 5))
2026-01-19T23:49:56.5708532Z   Using cached h11-0.16.0-py3-none-any.whl.metadata (8.3 kB)
2026-01-19T23:49:56.5800769Z Collecting annotated-types>=0.6.0 (from pydantic<3.0.0,>=2.9.0->google-genai>=0.3.0->-r requirements.txt (line 5))
2026-01-19T23:49:56.5814288Z   Using cached annotated_types-0.7.0-py3-none-any.whl.metadata (15 kB)
2026-01-19T23:49:57.2326734Z Collecting pydantic-core==2.41.5 (from pydantic<3.0.0,>=2.9.0->google-genai>=0.3.0->-r requirements.txt (line 5))
2026-01-19T23:49:57.2342679Z   Using cached pydantic_core-2.41.5-cp311-cp311-manylinux_2_17_x86_64.manylinux2014_x86_64.whl.metadata (7.3 kB)
2026-01-19T23:49:57.2459549Z Collecting typing-inspection>=0.4.2 (from pydantic<3.0.0,>=2.9.0->google-genai>=0.3.0->-r requirements.txt (line 5))
2026-01-19T23:49:57.2474346Z   Using cached typing_inspection-0.4.2-py3-none-any.whl.metadata (2.6 kB)
2026-01-19T23:49:57.3211835Z Collecting pyasn1>=0.1.3 (from rsa<5,>=3.1.4->google-auth<3.0.0,>=2.47.0->google-auth[requests]<3.0.0,>=2.47.0->google-genai>=0.3.0->-r requirements.txt (line 5))
2026-01-19T23:49:57.3227231Z   Using cached pyasn1-0.6.2-py3-none-any.whl.metadata (8.4 kB)
2026-01-19T23:49:57.3486591Z Using cached playwright-1.57.0-py3-none-manylinux1_x86_64.whl (46.0 MB)
2026-01-19T23:49:57.3832066Z Using cached greenlet-3.3.0-cp311-cp311-manylinux_2_24_x86_64.manylinux_2_28_x86_64.whl (590 kB)
2026-01-19T23:49:57.3850059Z Using cached pyee-13.0.0-py3-none-any.whl (15 kB)
2026-01-19T23:49:57.3864035Z Using cached python_dotenv-1.2.1-py3-none-any.whl (21 kB)
2026-01-19T23:49:57.3877749Z Using cached requests-2.32.5-py3-none-any.whl (64 kB)
2026-01-19T23:49:57.3891807Z Using cached charset_normalizer-3.4.4-cp311-cp311-manylinux2014_x86_64.manylinux_2_17_x86_64.manylinux_2_28_x86_64.whl (151 kB)
2026-01-19T23:49:57.3905397Z Using cached idna-3.11-py3-none-any.whl (71 kB)
2026-01-19T23:49:57.3918648Z Using cached urllib3-2.6.3-py3-none-any.whl (131 kB)
2026-01-19T23:49:57.3932743Z Using cached pillow-12.1.0-cp311-cp311-manylinux_2_27_x86_64.manylinux_2_28_x86_64.whl (7.0 MB)
2026-01-19T23:49:57.3997224Z Using cached google_genai-1.59.0-py3-none-any.whl (719 kB)
2026-01-19T23:49:57.4015053Z Using cached anyio-4.12.1-py3-none-any.whl (113 kB)
2026-01-19T23:49:57.4028463Z Using cached distro-1.9.0-py3-none-any.whl (20 kB)
2026-01-19T23:49:57.4041254Z Using cached google_auth-2.47.0-py3-none-any.whl (234 kB)
2026-01-19T23:49:57.4055639Z Using cached httpx-0.28.1-py3-none-any.whl (73 kB)
2026-01-19T23:49:57.4068784Z Using cached httpcore-1.0.9-py3-none-any.whl (78 kB)
2026-01-19T23:49:57.4081994Z Using cached pydantic-2.12.5-py3-none-any.whl (463 kB)
2026-01-19T23:49:57.4098894Z Using cached pydantic_core-2.41.5-cp311-cp311-manylinux_2_17_x86_64.manylinux2014_x86_64.whl (2.1 MB)
2026-01-19T23:49:57.4125874Z Using cached rsa-4.9.1-py3-none-any.whl (34 kB)
2026-01-19T23:49:57.4139165Z Using cached tenacity-9.1.2-py3-none-any.whl (28 kB)
2026-01-19T23:49:57.4152095Z Using cached typing_extensions-4.15.0-py3-none-any.whl (44 kB)
2026-01-19T23:49:57.4165978Z Using cached websockets-15.0.1-cp311-cp311-manylinux_2_5_x86_64.manylinux1_x86_64.manylinux_2_17_x86_64.manylinux2014_x86_64.whl (182 kB)
2026-01-19T23:49:57.4179695Z Using cached termcolor-3.3.0-py3-none-any.whl (7.7 kB)
2026-01-19T23:49:57.4193269Z Using cached pyyaml-6.0.3-cp311-cp311-manylinux2014_x86_64.manylinux_2_17_x86_64.manylinux_2_28_x86_64.whl (806 kB)
2026-01-19T23:49:57.4211861Z Using cached opencv_python_headless-4.13.0.90-cp37-abi3-manylinux_2_28_x86_64.whl (62.5 MB)
2026-01-19T23:49:57.4667565Z Using cached numpy-2.4.1-cp311-cp311-manylinux_2_27_x86_64.manylinux_2_28_x86_64.whl (16.7 MB)
2026-01-19T23:49:57.4799880Z Using cached faker-40.1.2-py3-none-any.whl (2.0 MB)
2026-01-19T23:49:57.4827798Z Using cached annotated_types-0.7.0-py3-none-any.whl (13 kB)
2026-01-19T23:49:57.4840626Z Using cached certifi-2026.1.4-py3-none-any.whl (152 kB)
2026-01-19T23:49:57.4854309Z Using cached h11-0.16.0-py3-none-any.whl (37 kB)
2026-01-19T23:49:57.4868117Z Using cached pyasn1-0.6.2-py3-none-any.whl (83 kB)
2026-01-19T23:49:57.4881850Z Using cached pyasn1_modules-0.4.2-py3-none-any.whl (181 kB)
2026-01-19T23:49:57.4896415Z Using cached typing_inspection-0.4.2-py3-none-any.whl (14 kB)
2026-01-19T23:49:57.4910605Z Using cached sniffio-1.3.1-py3-none-any.whl (10 kB)
2026-01-19T23:49:57.7025050Z Installing collected packages: websockets, urllib3, typing-extensions, termcolor, tenacity, sniffio, PyYAML, python-dotenv, pyasn1, pillow, numpy, idna, h11, greenlet, faker, distro, charset_normalizer, certifi, annotated-types, typing-inspection, rsa, requests, pyee, pydantic-core, pyasn1-modules, opencv-python-headless, httpcore, anyio, pydantic, playwright, httpx, google-auth, google-genai
2026-01-19T23:50:04.5705216Z 
2026-01-19T23:50:04.5729328Z Successfully installed PyYAML-6.0.3 annotated-types-0.7.0 anyio-4.12.1 certifi-2026.1.4 charset_normalizer-3.4.4 distro-1.9.0 faker-40.1.2 google-auth-2.47.0 google-genai-1.59.0 greenlet-3.3.0 h11-0.16.0 httpcore-1.0.9 httpx-0.28.1 idna-3.11 numpy-2.4.1 opencv-python-headless-4.13.0.90 pillow-12.1.0 playwright-1.57.0 pyasn1-0.6.2 pyasn1-modules-0.4.2 pydantic-2.12.5 pydantic-core-2.41.5 pyee-13.0.0 python-dotenv-1.2.1 requests-2.32.5 rsa-4.9.1 sniffio-1.3.1 tenacity-9.1.2 termcolor-3.3.0 typing-extensions-4.15.0 typing-inspection-0.4.2 urllib3-2.6.3 websockets-15.0.1
2026-01-19T23:50:05.2558200Z Downloading Chromium 143.0.7499.4 (playwright build v1200) from https://cdn.playwright.dev/dbazure/download/playwright/builds/chromium/1200/chromium-linux.zip
2026-01-19T23:50:05.3551254Z (node:2235) [DEP0169] DeprecationWarning: `url.parse()` behavior is not standardized and prone to errors that have security implications. Use the WHATWG URL API instead. CVEs are not issued for `url.parse()` vulnerabilities.
2026-01-19T23:50:05.3552665Z (Use `node --trace-deprecation ...` to show where the warning was created)
2026-01-19T23:50:05.4547302Z |                                                                                |   0% of 164.7 MiB
2026-01-19T23:50:05.6080580Z |■■■■■■■■                                                                        |  10% of 164.7 MiB
2026-01-19T23:50:05.7402950Z |■■■■■■■■■■■■■■■■                                                                |  20% of 164.7 MiB
2026-01-19T23:50:05.8620867Z |■■■■■■■■■■■■■■■■■■■■■■■■                                                        |  30% of 164.7 MiB
2026-01-19T23:50:06.0085876Z |■■■■■■■■■■■■■■■■■■■■■■■■■■■■■■■■                                                |  40% of 164.7 MiB
2026-01-19T23:50:06.1416830Z |■■■■■■■■■■■■■■■■■■■■■■■■■■■■■■■■■■■■■■■■                                        |  50% of 164.7 MiB
2026-01-19T23:50:06.2831883Z |■■■■■■■■■■■■■■■■■■■■■■■■■■■■■■■■■■■■■■■■■■■■■■■■                                |  60% of 164.7 MiB
2026-01-19T23:50:06.4221571Z |■■■■■■■■■■■■■■■■■■■■■■■■■■■■■■■■■■■■■■■■■■■■■■■■■■■■■■■■                        |  70% of 164.7 MiB
2026-01-19T23:50:06.5806023Z |■■■■■■■■■■■■■■■■■■■■■■■■■■■■■■■■■■■■■■■■■■■■■■■■■■■■■■■■■■■■■■■■                |  80% of 164.7 MiB
2026-01-19T23:50:06.7378406Z |■■■■■■■■■■■■■■■■■■■■■■■■■■■■■■■■■■■■■■■■■■■■■■■■■■■■■■■■■■■■■■■■■■■■■■■■        |  90% of 164.7 MiB
2026-01-19T23:50:06.8971984Z |■■■■■■■■■■■■■■■■■■■■■■■■■■■■■■■■■■■■■■■■■■■■■■■■■■■■■■■■■■■■■■■■■■■■■■■■■■■■■■■■| 100% of 164.7 MiB
2026-01-19T23:50:09.3250586Z Chromium 143.0.7499.4 (playwright build v1200) downloaded to /home/runner/.cache/ms-playwright/chromium-1200
2026-01-19T23:50:09.3255861Z Downloading FFMPEG playwright build v1011 from https://cdn.playwright.dev/dbazure/download/playwright/builds/ffmpeg/1011/ffmpeg-linux.zip
2026-01-19T23:50:09.4250379Z (node:2246) [DEP0169] DeprecationWarning: `url.parse()` behavior is not standardized and prone to errors that have security implications. Use the WHATWG URL API instead. CVEs are not issued for `url.parse()` vulnerabilities.
2026-01-19T23:50:09.4252165Z (Use `node --trace-deprecation ...` to show where the warning was created)
2026-01-19T23:50:09.4680456Z |                                                                                |   0% of 2.3 MiB
2026-01-19T23:50:09.4732180Z |■■■■■■■■                                                                        |  10% of 2.3 MiB
2026-01-19T23:50:09.4760507Z |■■■■■■■■■■■■■■■■                                                                |  20% of 2.3 MiB
2026-01-19T23:50:09.4787793Z |■■■■■■■■■■■■■■■■■■■■■■■■                                                        |  30% of 2.3 MiB
2026-01-19T23:50:09.4806084Z |■■■■■■■■■■■■■■■■■■■■■■■■■■■■■■■■                                                |  40% of 2.3 MiB
2026-01-19T23:50:09.4829294Z |■■■■■■■■■■■■■■■■■■■■■■■■■■■■■■■■■■■■■■■■                                        |  50% of 2.3 MiB
2026-01-19T23:50:09.4840538Z |■■■■■■■■■■■■■■■■■■■■■■■■■■■■■■■■■■■■■■■■■■■■■■■■                                |  60% of 2.3 MiB
2026-01-19T23:50:09.4876165Z |■■■■■■■■■■■■■■■■■■■■■■■■■■■■■■■■■■■■■■■■■■■■■■■■■■■■■■■■                        |  70% of 2.3 MiB
2026-01-19T23:50:09.4934318Z |■■■■■■■■■■■■■■■■■■■■■■■■■■■■■■■■■■■■■■■■■■■■■■■■■■■■■■■■■■■■■■■■                |  80% of 2.3 MiB
2026-01-19T23:50:09.4957971Z |■■■■■■■■■■■■■■■■■■■■■■■■■■■■■■■■■■■■■■■■■■■■■■■■■■■■■■■■■■■■■■■■■■■■■■■■        |  90% of 2.3 MiB
2026-01-19T23:50:09.4968294Z |■■■■■■■■■■■■■■■■■■■■■■■■■■■■■■■■■■■■■■■■■■■■■■■■■■■■■■■■■■■■■■■■■■■■■■■■■■■■■■■■| 100% of 2.3 MiB
2026-01-19T23:50:09.5536685Z FFMPEG playwright build v1011 downloaded to /home/runner/.cache/ms-playwright/ffmpeg-1011
2026-01-19T23:50:09.5539987Z Downloading Chromium Headless Shell 143.0.7499.4 (playwright build v1200) from https://cdn.playwright.dev/dbazure/download/playwright/builds/chromium/1200/chromium-headless-shell-linux.zip
2026-01-19T23:50:09.6526810Z (node:2257) [DEP0169] DeprecationWarning: `url.parse()` behavior is not standardized and prone to errors that have security implications. Use the WHATWG URL API instead. CVEs are not issued for `url.parse()` vulnerabilities.
2026-01-19T23:50:09.6528761Z (Use `node --trace-deprecation ...` to show where the warning was created)
2026-01-19T23:50:09.7500509Z |                                                                                |   0% of 109.7 MiB
2026-01-19T23:50:09.9191921Z |■■■■■■■■                                                                        |  10% of 109.7 MiB
2026-01-19T23:50:10.0089823Z |■■■■■■■■■■■■■■■■                                                                |  20% of 109.7 MiB
2026-01-19T23:50:10.0923026Z |■■■■■■■■■■■■■■■■■■■■■■■■                                                        |  30% of 109.7 MiB
2026-01-19T23:50:10.1684938Z |■■■■■■■■■■■■■■■■■■■■■■■■■■■■■■■■                                                |  40% of 109.7 MiB
2026-01-19T23:50:10.2993334Z |■■■■■■■■■■■■■■■■■■■■■■■■■■■■■■■■■■■■■■■■                                        |  50% of 109.7 MiB
2026-01-19T23:50:10.3747076Z |■■■■■■■■■■■■■■■■■■■■■■■■■■■■■■■■■■■■■■■■■■■■■■■■                                |  60% of 109.7 MiB
2026-01-19T23:50:10.4534621Z |■■■■■■■■■■■■■■■■■■■■■■■■■■■■■■■■■■■■■■■■■■■■■■■■■■■■■■■■                        |  70% of 109.7 MiB
2026-01-19T23:50:10.5282249Z |■■■■■■■■■■■■■■■■■■■■■■■■■■■■■■■■■■■■■■■■■■■■■■■■■■■■■■■■■■■■■■■■                |  80% of 109.7 MiB
2026-01-19T23:50:10.6295083Z |■■■■■■■■■■■■■■■■■■■■■■■■■■■■■■■■■■■■■■■■■■■■■■■■■■■■■■■■■■■■■■■■■■■■■■■■        |  90% of 109.7 MiB
2026-01-19T23:50:10.7418169Z |■■■■■■■■■■■■■■■■■■■■■■■■■■■■■■■■■■■■■■■■■■■■■■■■■■■■■■■■■■■■■■■■■■■■■■■■■■■■■■■■| 100% of 109.7 MiB
2026-01-19T23:50:12.5912909Z Chromium Headless Shell 143.0.7499.4 (playwright build v1200) downloaded to /home/runner/.cache/ms-playwright/chromium_headless_shell-1200
2026-01-19T23:50:12.6150342Z ##[group]Run mkdir -p projects/ci_parabank_banking
2026-01-19T23:50:12.6150791Z [36;1mmkdir -p projects/ci_parabank_banking[0m
2026-01-19T23:50:12.6151182Z [36;1mcat > projects/ci_parabank_banking/config.json << 'EOF'[0m
2026-01-19T23:50:12.6151509Z [36;1m{[0m
2026-01-19T23:50:12.6151730Z [36;1m  "project_name": "ci_parabank_banking",[0m
2026-01-19T23:50:12.6152102Z [36;1m  "target_url": "https://parabank.parasoft.com/",[0m
2026-01-19T23:50:12.6152442Z [36;1m  "goal": "Test banking operations",[0m
2026-01-19T23:50:12.6152710Z [36;1m  "headless": true[0m
2026-01-19T23:50:12.6152919Z [36;1m}[0m
2026-01-19T23:50:12.6153081Z [36;1mEOF[0m
2026-01-19T23:50:12.6186764Z shell: /usr/bin/bash -e {0}
2026-01-19T23:50:12.6187002Z env:
2026-01-19T23:50:12.6187269Z   pythonLocation: /opt/hostedtoolcache/Python/3.11.14/x64
2026-01-19T23:50:12.6187707Z   PKG_CONFIG_PATH: /opt/hostedtoolcache/Python/3.11.14/x64/lib/pkgconfig
2026-01-19T23:50:12.6188165Z   Python_ROOT_DIR: /opt/hostedtoolcache/Python/3.11.14/x64
2026-01-19T23:50:12.6188548Z   Python2_ROOT_DIR: /opt/hostedtoolcache/Python/3.11.14/x64
2026-01-19T23:50:12.6188925Z   Python3_ROOT_DIR: /opt/hostedtoolcache/Python/3.11.14/x64
2026-01-19T23:50:12.6189297Z   LD_LIBRARY_PATH: /opt/hostedtoolcache/Python/3.11.14/x64/lib
2026-01-19T23:50:12.6189606Z ##[endgroup]
2026-01-19T23:50:12.6309112Z ##[group]Run # Use --deep for comprehensive regression suite
2026-01-19T23:50:12.6309825Z [36;1m# Use --deep for comprehensive regression suite[0m
2026-01-19T23:50:12.6310609Z [36;1mpython orchestrator.py --project projects/ci_parabank_banking --deep --force[0m
2026-01-19T23:50:12.6351156Z shell: /usr/bin/bash -e {0}
2026-01-19T23:50:12.6351516Z env:
2026-01-19T23:50:12.6351914Z   pythonLocation: /opt/hostedtoolcache/Python/3.11.14/x64
2026-01-19T23:50:12.6352627Z   PKG_CONFIG_PATH: /opt/hostedtoolcache/Python/3.11.14/x64/lib/pkgconfig
2026-01-19T23:50:12.6353331Z   Python_ROOT_DIR: /opt/hostedtoolcache/Python/3.11.14/x64
2026-01-19T23:50:12.6354159Z   Python2_ROOT_DIR: /opt/hostedtoolcache/Python/3.11.14/x64
2026-01-19T23:50:12.6355001Z   Python3_ROOT_DIR: /opt/hostedtoolcache/Python/3.11.14/x64
2026-01-19T23:50:12.6355637Z   LD_LIBRARY_PATH: /opt/hostedtoolcache/Python/3.11.14/x64/lib
2026-01-19T23:50:12.6356405Z   GOOGLE_API_KEY: ***
2026-01-19T23:50:12.6356756Z   PYTHONPATH: .
2026-01-19T23:50:12.6357046Z ##[endgroup]
2026-01-19T23:50:14.4322742Z 🚀 [DEEP] Extensive mapping enabled (Depth: 3, Pages: 50)
2026-01-19T23:50:14.4323227Z 
2026-01-19T23:50:14.4324120Z 🗺️ [DISCOVERY] Starting Parallel Semantic Crawl on https://parabank.parasoft.com/ (Workers: 3)
2026-01-19T23:50:16.5642103Z   🔍 [Worker 0] Visiting (0): https://parabank.parasoft.com/
2026-01-19T23:50:17.7568996Z [DEBUG] Sending request to gemini-2.0-flash. Number of parts: 1
2026-01-19T23:50:17.7569807Z [DEBUG] Received response (Length: 325)
2026-01-19T23:50:17.7570966Z   🔍 [Worker 1] Visiting (1): https://parabank.parasoft.com/parabank/admin.htm
2026-01-19T23:50:17.7577668Z   🔍 [Worker 2] Visiting (1): https://parabank.parasoft.com/parabank/contact.htm
2026-01-19T23:50:17.7603280Z   🔍 [Worker 0] Visiting (1): https://parabank.parasoft.com/parabank/services/ParaBank?wsdl
2026-01-19T23:50:17.9562172Z [CACHE HIT] 1cd1b469... (hits: 1, misses: 1)
2026-01-19T23:50:17.9573322Z   🔍 [Worker 2] Visiting (1): https://parabank.parasoft.com/parabank/index.htm
2026-01-19T23:50:17.9731752Z [CACHE HIT] 1b1ed538... (hits: 2, misses: 1)
2026-01-19T23:50:17.9732838Z   🔍 [Worker 1] Visiting (1): https://parabank.parasoft.com/parabank/news.htm
2026-01-19T23:50:18.1281849Z [CACHE HIT] 442e3b17... (hits: 3, misses: 1)
2026-01-19T23:50:18.1286433Z [CACHE HIT] 2b7f20a6... (hits: 4, misses: 1)
2026-01-19T23:50:18.1287755Z   🔍 [Worker 0] Visiting (1): https://parabank.parasoft.com/parabank/about.htm
2026-01-19T23:50:18.1496766Z   🔍 [Worker 2] Visiting (1): https://parabank.parasoft.com/parabank/services/bank?_wadl&_type=xml
2026-01-19T23:50:18.2601481Z [CACHE HIT] 7d32970b... (hits: 5, misses: 2)
2026-01-19T23:50:18.2607021Z   🔍 [Worker 0] Visiting (1): https://parabank.parasoft.com/parabank/sitemap.htm
2026-01-19T23:50:18.3504173Z [CACHE HIT] 52f18eef... (hits: 6, misses: 2)
2026-01-19T23:50:18.3505332Z   🔍 [Worker 2] Visiting (1): https://parabank.parasoft.com/parabank/register.htm
2026-01-19T23:50:18.4404159Z [CACHE HIT] 4dc35a34... (hits: 7, misses: 2)
2026-01-19T23:50:18.4405378Z   🔍 [Worker 0] Visiting (1): https://parabank.parasoft.com/parabank/lookup.htm
2026-01-19T23:50:18.4863546Z [CACHE HIT] 9efe0511... (hits: 8, misses: 2)
2026-01-19T23:50:18.4865242Z   🔍 [Worker 2] Visiting (1): https://parabank.parasoft.com/parabank/services.htm
2026-01-19T23:50:18.5691717Z [CACHE HIT] 59992371... (hits: 9, misses: 2)
2026-01-19T23:50:18.5692917Z   🔍 [Worker 0] Visiting (2): https://parabank.parasoft.com/parabank/api-docs/index.html
2026-01-19T23:50:18.6290651Z [CACHE HIT] 4059fe92... (hits: 10, misses: 2)
2026-01-19T23:50:18.6293127Z   🔍 [Worker 2] Visiting (2): https://parabank.parasoft.com/parabank/services/LoanProcessor?wsdl
2026-01-19T23:50:18.7292936Z [CACHE HIT] 5a60e8eb... (hits: 11, misses: 2)
2026-01-19T23:50:18.7297270Z   🔍 [Worker 2] Visiting (2): https://parabank.parasoft.com/parabank/findtrans.htm
2026-01-19T23:50:18.8501240Z [CACHE HIT] 5310566a... (hits: 12, misses: 2)
2026-01-19T23:50:18.8502917Z   🔍 [Worker 2] Visiting (2): https://parabank.parasoft.com/parabank/overview.htm
2026-01-19T23:50:18.9635073Z [CACHE HIT] 5310566a... (hits: 13, misses: 2)
2026-01-19T23:50:18.9638535Z   🔍 [Worker 2] Visiting (2): https://parabank.parasoft.com/parabank/logout.htm
2026-01-19T23:50:19.1225621Z [CACHE HIT] 2b7f20a6... (hits: 14, misses: 2)
2026-01-19T23:50:19.1227685Z   🔍 [Worker 2] Visiting (2): https://parabank.parasoft.com/parabank/billpay.htm
2026-01-19T23:50:19.2590916Z [CACHE HIT] 886cf46a... (hits: 15, misses: 2)
2026-01-19T23:50:19.2593096Z [CACHE HIT] 5310566a... (hits: 16, misses: 2)
2026-01-19T23:50:19.2594590Z   🔍 [Worker 2] Visiting (2): https://parabank.parasoft.com/parabank/transfer.htm
2026-01-19T23:50:19.3599622Z   🔍 [Worker 0] Visiting (2): https://parabank.parasoft.com/parabank/openaccount.htm
2026-01-19T23:50:19.4042684Z [CACHE HIT] 5310566a... (hits: 17, misses: 2)
2026-01-19T23:50:19.4044090Z   🔍 [Worker 2] Visiting (2): https://parabank.parasoft.com/parabank/requestloan.htm
2026-01-19T23:50:19.4878127Z [CACHE HIT] 5310566a... (hits: 18, misses: 2)
2026-01-19T23:50:19.4883387Z   🔍 [Worker 0] Visiting (2): https://parabank.parasoft.com/parabank/updateprofile.htm
2026-01-19T23:50:19.5300653Z [CACHE HIT] 5310566a... (hits: 19, misses: 2)
2026-01-19T23:50:19.5304391Z   🔍 [Worker 2] Visiting (2): http://parabank.parasoft.com:8080/parabank/services/ParaBank?wsdl
2026-01-19T23:50:19.6048687Z [CACHE HIT] 5310566a... (hits: 20, misses: 2)
2026-01-19T23:50:19.6051893Z   🔍 [Worker 0] Visiting (2): http://parabank.parasoft.com:8080/parabank/api-docs/index.html
2026-01-19T23:50:23.1202987Z [DEBUG] Sending request to gemini-2.0-flash. Number of parts: 1
2026-01-19T23:50:23.1203871Z [DEBUG] Received response (Length: 379)
2026-01-19T23:50:23.1206429Z   🔍 [Worker 1] Visiting (2): http://parabank.parasoft.com:8080/parabank/services/bank?_wadl&_type=xml
2026-01-19T23:50:34.5593337Z     ❌ [Worker 2] Failed http://parabank.parasoft.com:8080/parabank/services/ParaBank?wsdl: Page.goto: Timeout 15000ms exceeded.
2026-01-19T23:50:34.5594244Z Call log:
2026-01-19T23:50:34.5594741Z   - navigating to "http://parabank.parasoft.com:8080/parabank/services/ParaBank?wsdl", waiting until "domcontentloaded"
2026-01-19T23:50:34.5595252Z 
2026-01-19T23:50:34.5627591Z   🔍 [Worker 2] Visiting (2): http://parabank.parasoft.com:8080/parabank/services/store-wss-04?wsdl
2026-01-19T23:50:34.6301460Z     ❌ [Worker 0] Failed http://parabank.parasoft.com:8080/parabank/api-docs/index.html: Page.goto: Timeout 15000ms exceeded.
2026-01-19T23:50:34.6302703Z Call log:
2026-01-19T23:50:34.6303921Z   - navigating to "http://parabank.parasoft.com:8080/parabank/api-docs/index.html", waiting until "domcontentloaded"
2026-01-19T23:50:34.6304951Z 
2026-01-19T23:50:34.6331042Z   🔍 [Worker 0] Visiting (2): http://parabank.parasoft.com:8080/parabank/services/store-wss-02?wsdl
2026-01-19T23:50:38.1458179Z     ❌ [Worker 1] Failed http://parabank.parasoft.com:8080/parabank/services/bank?_wadl&_type=xml: Page.goto: Timeout 15000ms exceeded.
2026-01-19T23:50:38.1459874Z Call log:
2026-01-19T23:50:38.1461205Z   - navigating to "http://parabank.parasoft.com:8080/parabank/services/bank?_wadl&_type=xml", waiting until "domcontentloaded"
2026-01-19T23:50:38.1462581Z 
2026-01-19T23:50:38.1496592Z   🔍 [Worker 1] Visiting (2): http://parabank.parasoft.com:8080/parabank/services/store-wss-01?wsdl
2026-01-19T23:50:49.5863172Z     ❌ [Worker 2] Failed http://parabank.parasoft.com:8080/parabank/services/store-wss-04?wsdl: Page.goto: Timeout 15000ms exceeded.
2026-01-19T23:50:49.5865165Z Call log:
2026-01-19T23:50:49.5866205Z   - navigating to "http://parabank.parasoft.com:8080/parabank/services/store-wss-04?wsdl", waiting until "domcontentloaded"
2026-01-19T23:50:49.5867111Z 
2026-01-19T23:50:49.5890969Z   🔍 [Worker 2] Visiting (2): http://parabank.parasoft.com:8080/parabank/services/store-01?wsdl
2026-01-19T23:50:49.6563564Z     ❌ [Worker 0] Failed http://parabank.parasoft.com:8080/parabank/services/store-wss-02?wsdl: Page.goto: Timeout 15000ms exceeded.
2026-01-19T23:50:49.6564877Z Call log:
2026-01-19T23:50:49.6565547Z   - navigating to "http://parabank.parasoft.com:8080/parabank/services/store-wss-02?wsdl", waiting until "domcontentloaded"
2026-01-19T23:50:49.6566250Z 
2026-01-19T23:50:49.6590037Z   🔍 [Worker 0] Visiting (2): http://parabank.parasoft.com:8080/parabank/services/store-01V2?wsdl
2026-01-19T23:50:53.1742010Z     ❌ [Worker 1] Failed http://parabank.parasoft.com:8080/parabank/services/store-wss-01?wsdl: Page.goto: Timeout 15000ms exceeded.
2026-01-19T23:50:53.1743088Z Call log:
2026-01-19T23:50:53.1744157Z   - navigating to "http://parabank.parasoft.com:8080/parabank/services/store-wss-01?wsdl", waiting until "domcontentloaded"
2026-01-19T23:50:53.1745053Z 
2026-01-19T23:50:53.1771649Z   🔍 [Worker 1] Visiting (2): http://parabank.parasoft.com:8080/parabank/services/store-wss-03?wsdl
2026-01-19T23:51:04.6149460Z     ❌ [Worker 2] Failed http://parabank.parasoft.com:8080/parabank/services/store-01?wsdl: Page.goto: Timeout 15000ms exceeded.
2026-01-19T23:51:04.6150243Z Call log:
2026-01-19T23:51:04.6150885Z   - navigating to "http://parabank.parasoft.com:8080/parabank/services/store-01?wsdl", waiting until "domcontentloaded"
2026-01-19T23:51:04.6151484Z 
2026-01-19T23:51:04.6178680Z   🔍 [Worker 2] Visiting (2): http://parabank.parasoft.com:8080/parabank/services/LoanProcessor?wsdl
2026-01-19T23:51:04.6827691Z     ❌ [Worker 0] Failed http://parabank.parasoft.com:8080/parabank/services/store-01V2?wsdl: Page.goto: Timeout 15000ms exceeded.
2026-01-19T23:51:04.6829126Z Call log:
2026-01-19T23:51:04.6830322Z   - navigating to "http://parabank.parasoft.com:8080/parabank/services/store-01V2?wsdl", waiting until "domcontentloaded"
2026-01-19T23:51:04.6831539Z 
2026-01-19T23:51:04.6855719Z   🔍 [Worker 0] Visiting (2): https://parabank.parasoft.com/parabank/soatest.pfx
2026-01-19T23:51:04.7359642Z     ❌ [Worker 0] Failed https://parabank.parasoft.com/parabank/soatest.pfx: Page.goto: Download is starting
2026-01-19T23:51:04.7360596Z Call log:
2026-01-19T23:51:04.7361404Z   - navigating to "https://parabank.parasoft.com/parabank/soatest.pfx", waiting until "domcontentloaded"
2026-01-19T23:51:04.7362179Z 
2026-01-19T23:51:08.2019213Z     ❌ [Worker 1] Failed http://parabank.parasoft.com:8080/parabank/services/store-wss-03?wsdl: Page.goto: Timeout 15000ms exceeded.
2026-01-19T23:51:08.2020076Z Call log:
2026-01-19T23:51:08.2020700Z   - navigating to "http://parabank.parasoft.com:8080/parabank/services/store-wss-03?wsdl", waiting until "domcontentloaded"
2026-01-19T23:51:08.2021323Z 
2026-01-19T23:51:19.6416596Z     ❌ [Worker 2] Failed http://parabank.parasoft.com:8080/parabank/services/LoanProcessor?wsdl: Page.goto: Timeout 15000ms exceeded.
2026-01-19T23:51:19.6417426Z Call log:
2026-01-19T23:51:19.6418127Z   - navigating to "http://parabank.parasoft.com:8080/parabank/services/LoanProcessor?wsdl", waiting until "domcontentloaded"
2026-01-19T23:51:19.6418785Z 
2026-01-19T23:51:19.6726815Z ✅ Discovery Complete. Mapped 22 pages.
2026-01-19T23:51:29.7616414Z 
2026-01-19T23:51:29.7617133Z [PLAN] PLANNER: Planning goal -> 'Test banking operations' (Deep Mode: True)
2026-01-19T23:51:29.7618101Z 🗺️ [PLAN] Loaded Sitemap with 22 pages.
2026-01-19T23:51:29.7618747Z 📊 [KNOWLEDGE] Page types: ['unknown', 'contact_form', 'login']
2026-01-19T23:51:29.7619372Z 🔄 [KNOWLEDGE] Flows: 0, Forms: 19
2026-01-19T23:51:29.7620635Z 🎭 [EXPERT] Detected Domain: FINANCE. Persona: Act as a Senior SDET focusing on exploring application to understand functional flow and automating FinTech scenarios
2026-01-19T23:51:29.7621886Z [DEBUG] Sending request to gemini-2.0-flash. Number of parts: 1
2026-01-19T23:51:29.7622443Z [DEBUG] Received response (Length: 6008)
2026-01-19T23:51:29.7623003Z ✅ Planner generated 3 scenarios. Workflow updated.
2026-01-19T23:51:30.8280196Z 
2026-01-19T23:51:30.8281287Z 🕵️ [DEEP EXPLORER] Starting Multi-Scenario Exploration
2026-01-19T23:51:30.8281925Z 📋 Found 3 scenarios to explore.
2026-01-19T23:51:31.2010832Z 
2026-01-19T23:51:31.2011821Z [1/3] Exploring Scenario: Account Registration and Login
2026-01-19T23:51:31.2013924Z     🧠 Initialized exploration context for goal: 'Registers a new user, logs in, and verifies successful login.'
2026-01-19T23:51:31.2015001Z     🎯 Scenario: Account Registration and Login
2026-01-19T23:51:31.2022120Z   ▶️ [STEP step_1] NAVIGATE: 
2026-01-19T23:51:31.8956050Z     ✅ Navigated to https://parabank.parasoft.com/
2026-01-19T23:51:31.8956841Z   ▶️ [STEP step_2] ASSERT_URL: 
2026-01-19T23:51:36.9290515Z     ⚠️ Scroll into view failed for text=None. Proceeding anyway.
2026-01-19T23:51:38.9314063Z     ✅ State transitioned.
2026-01-19T23:51:40.4519886Z [DEBUG] Sending request to gemini-2.0-flash. Number of parts: 2
2026-01-19T23:51:40.4520364Z [DEBUG] Received response (Length: 198)
2026-01-19T23:51:40.4521467Z     🤖 AI Next Step Suggestion: fill -> Username
2026-01-19T23:51:40.4521976Z     🧩 Suggested Locator: input[name='username']
2026-01-19T23:51:40.4522475Z     💭 Reasoning: The username field is visible and needs to be filled to proceed with login.
2026-01-19T23:51:40.4522979Z     ➕ Injected AI step: fill -> Username
2026-01-19T23:51:40.4523291Z   ▶️ [STEP step_2_ai_1] FILL: Username
2026-01-19T23:51:40.4592426Z     🎯 Using AI-provided locator: input[name='username']
2026-01-19T23:51:40.4672373Z     ✅ Found 1 verified locators
2026-01-19T23:51:45.8410545Z     ✅ State transitioned.
2026-01-19T23:51:47.6218872Z [DEBUG] Sending request to gemini-2.0-flash. Number of parts: 2
2026-01-19T23:51:47.6219514Z [DEBUG] Received response (Length: 236)
2026-01-19T23:51:47.6220265Z     🤖 AI Next Step Suggestion: fill -> Password
2026-01-19T23:51:47.6220899Z     🧩 Suggested Locator: input[name='password']
2026-01-19T23:51:47.6221796Z     💭 Reasoning: The username field has been filled. Now, the password field needs to be filled to proceed with the login process.
2026-01-19T23:51:47.6222454Z     ➕ Injected AI step: fill -> Password
2026-01-19T23:51:47.6222770Z   ▶️ [STEP step_2_ai_2] FILL: Password
2026-01-19T23:51:47.6286285Z     🎯 Using AI-provided locator: input[name='password']
2026-01-19T23:51:47.6351891Z     ✅ Found 1 verified locators
2026-01-19T23:51:53.0864811Z     ✅ State transitioned.
2026-01-19T23:51:54.9686032Z [DEBUG] Sending request to gemini-2.0-flash. Number of parts: 2
2026-01-19T23:51:54.9686731Z [DEBUG] Received response (Length: 201)
2026-01-19T23:51:54.9687538Z     🤖 AI Next Step Suggestion: click -> LOG IN
2026-01-19T23:51:54.9688686Z     💭 Reasoning: The username and password fields have been filled. Clicking 'LOG IN' will attempt to log in the user.
2026-01-19T23:51:54.9689731Z     ➕ Injected AI step: click -> LOG IN
2026-01-19T23:51:54.9690274Z   ▶️ [STEP step_2_ai_3] CLICK: LOG IN
2026-01-19T23:51:54.9749270Z     🔍 Mining locators for: 'LOG IN'
2026-01-19T23:51:55.0279595Z     🧠 Consulting AI (Vision-First) to find 'LOG IN'...
2026-01-19T23:51:55.0311056Z     🔍 Trying smart selectors for 'LOG IN'...
2026-01-19T23:51:55.1116197Z     🔍 [SMART] Searching for: 'LOG IN' (trying 15+ strategies)
2026-01-19T23:51:55.1117030Z     ✅ Smart selector found 'LOG IN' via proximity-parent-1 (confidence: 0.8)
2026-01-19T23:51:55.1160649Z     ✅ Found 1 verified locators
2026-01-19T23:51:58.6828000Z     ✅ State transitioned.
2026-01-19T23:52:00.6496995Z [DEBUG] Sending request to gemini-2.0-flash. Number of parts: 2
2026-01-19T23:52:00.6497729Z [DEBUG] Received response (Length: 302)
2026-01-19T23:52:00.6498581Z     🤖 AI Next Step Suggestion: click -> Register
2026-01-19T23:52:00.6499224Z     🧩 Suggested Locator: a[href='register.htm']
2026-01-19T23:52:00.6500913Z     💭 Reasoning: The login attempt failed, resulting in an error. Since the goal is to register a new user and log in, the next logical step is to click the 'Register' link to create a new account.
2026-01-19T23:52:00.6502448Z     ➕ Injected AI step: click -> Register
2026-01-19T23:52:00.6502989Z   ▶️ [STEP step_2_ai_4] CLICK: Register
2026-01-19T23:52:00.6659703Z     🎯 Using AI-provided locator: a[href='register.htm']
2026-01-19T23:52:00.6726251Z     ✅ Found 1 verified locators
2026-01-19T23:52:04.7300034Z     ✅ State transitioned.
2026-01-19T23:52:06.7267437Z [DEBUG] Sending request to gemini-2.0-flash. Number of parts: 2
2026-01-19T23:52:06.7268256Z [DEBUG] Received response (Length: 218)
2026-01-19T23:52:06.7269282Z     🤖 AI Next Step Suggestion: fill -> First Name
2026-01-19T23:52:06.7270006Z     🧩 Suggested Locator: #customer\.firstName
2026-01-19T23:52:06.7271474Z     💭 Reasoning: The registration form needs to be filled out. Filling the first name is the next logical step.
2026-01-19T23:52:06.7272839Z     ➕ Injected AI step: fill -> First Name
2026-01-19T23:52:06.7273597Z   ▶️ [STEP step_2_ai_5] FILL: First Name
2026-01-19T23:52:06.7432084Z     🎯 Using AI-provided locator: #customer\.firstName
2026-01-19T23:52:06.7489755Z     ✅ Found 1 verified locators
2026-01-19T23:52:12.3398840Z     ✅ State transitioned.
2026-01-19T23:52:14.0328379Z [DEBUG] Sending request to gemini-2.0-flash. Number of parts: 2
2026-01-19T23:52:14.0328922Z [DEBUG] Received response (Length: 251)
2026-01-19T23:52:14.0329730Z     🤖 AI Next Step Suggestion: fill -> Last Name
2026-01-19T23:52:14.0330165Z     🧩 Suggested Locator: input[id='customer.lastName']
2026-01-19T23:52:14.0330915Z     💭 Reasoning: The form requires more information to complete the registration. Filling the 'Last Name' field is the next logical step.
2026-01-19T23:52:14.0331573Z     ➕ Injected AI step: fill -> Last Name
2026-01-19T23:52:14.0331895Z   ▶️ [STEP step_2_ai_6] FILL: Last Name
2026-01-19T23:52:14.0392925Z     🎯 Using AI-provided locator: input[id='customer.lastName']
2026-01-19T23:52:14.0457013Z     ✅ Found 1 verified locators
2026-01-19T23:52:19.3788236Z     ✅ State transitioned.
2026-01-19T23:52:21.1253406Z [DEBUG] Sending request to gemini-2.0-flash. Number of parts: 2
2026-01-19T23:52:21.1254401Z [DEBUG] Received response (Length: 257)
2026-01-19T23:52:21.1255388Z     🤖 AI Next Step Suggestion: fill -> Address
2026-01-19T23:52:21.1256320Z     🧩 Suggested Locator: input[id='customer.address.street']
2026-01-19T23:52:21.1257856Z     💭 Reasoning: The registration form is partially filled. Filling the address field is the next logical step to complete the form.
2026-01-19T23:52:21.1259178Z     ➕ Injected AI step: fill -> Address
2026-01-19T23:52:21.1259805Z   ▶️ [STEP step_2_ai_7] FILL: Address
2026-01-19T23:52:21.1314765Z     🎯 Using AI-provided locator: input[id='customer.address.street']
2026-01-19T23:52:21.1374723Z     ✅ Found 1 verified locators
2026-01-19T23:52:27.4751183Z     ✅ State transitioned.
2026-01-19T23:52:29.0836469Z [DEBUG] Sending request to gemini-2.0-flash. Number of parts: 2
2026-01-19T23:52:29.0837344Z [DEBUG] Received response (Length: 191)
2026-01-19T23:52:29.0838349Z     🤖 AI Next Step Suggestion: fill -> City
2026-01-19T23:52:29.0839268Z     🧩 Suggested Locator: input[id='customer.address.city']
2026-01-19T23:52:29.0840382Z     💭 Reasoning: Need to fill in the city as part of the registration form.
2026-01-19T23:52:29.0841184Z     ➕ Injected AI step: fill -> City
2026-01-19T23:52:29.0841606Z   ▶️ [STEP step_2_ai_8] FILL: City
2026-01-19T23:52:29.0898231Z     🎯 Using AI-provided locator: input[id='customer.address.city']
2026-01-19T23:52:29.0956998Z     ✅ Found 1 verified locators
2026-01-19T23:52:34.9603000Z     ✅ State transitioned.
2026-01-19T23:52:36.6265917Z [DEBUG] Sending request to gemini-2.0-flash. Number of parts: 2
2026-01-19T23:52:36.6266493Z [DEBUG] Received response (Length: 188)
2026-01-19T23:52:36.6267125Z     🤖 AI Next Step Suggestion: fill -> State
2026-01-19T23:52:36.6267561Z     🧩 Suggested Locator: input[id='customer.address.state']
2026-01-19T23:52:36.6268084Z     💭 Reasoning: Filling the state field to complete the registration form.
2026-01-19T23:52:36.6268542Z     ➕ Injected AI step: fill -> State
2026-01-19T23:52:36.6268902Z   ▶️ [STEP step_2_ai_9] FILL: State
2026-01-19T23:52:36.6329653Z     🎯 Using AI-provided locator: input[id='customer.address.state']
2026-01-19T23:52:36.6386275Z     ✅ Found 1 verified locators
2026-01-19T23:52:41.8325116Z     ✅ State transitioned.
2026-01-19T23:52:43.3836434Z [DEBUG] Sending request to gemini-2.0-flash. Number of parts: 2
2026-01-19T23:52:43.3837120Z [DEBUG] Received response (Length: 199)
2026-01-19T23:52:43.3837920Z     🤖 AI Next Step Suggestion: fill -> Zip Code
2026-01-19T23:52:43.3838655Z     🧩 Suggested Locator: input[id='customer.address.zipCode']
2026-01-19T23:52:43.3839549Z     💭 Reasoning: Filling the zip code field to complete the registration form.
2026-01-19T23:52:43.3840327Z     ➕ Injected AI step: fill -> Zip Code
2026-01-19T23:52:43.3840779Z   ▶️ [STEP step_2_ai_10] FILL: Zip Code
2026-01-19T23:52:43.3899048Z     🎯 Using AI-provided locator: input[id='customer.address.zipCode']
2026-01-19T23:52:43.3956068Z     ✅ Found 1 verified locators
2026-01-19T23:52:48.8485204Z     ✅ State transitioned.
2026-01-19T23:52:50.5948275Z [DEBUG] Sending request to gemini-2.0-flash. Number of parts: 2
2026-01-19T23:52:50.5948920Z [DEBUG] Received response (Length: 213)
2026-01-19T23:52:50.5949717Z     🤖 AI Next Step Suggestion: fill -> Phone #
2026-01-19T23:52:50.5950459Z     🧩 Suggested Locator: input[id='customer.phoneNumber']
2026-01-19T23:52:50.5951403Z     💭 Reasoning: Need to fill in the phone number field to complete the registration form.
2026-01-19T23:52:50.5952074Z     ➕ Injected AI step: fill -> Phone #
2026-01-19T23:52:50.5972938Z   ▶️ [STEP step_2_ai_11] FILL: Phone #
2026-01-19T23:52:50.6011130Z     🎯 Using AI-provided locator: input[id='customer.phoneNumber']
2026-01-19T23:52:50.6072546Z     ✅ Found 1 verified locators
2026-01-19T23:52:56.3550098Z     ✅ State transitioned.
2026-01-19T23:52:58.1295407Z [DEBUG] Sending request to gemini-2.0-flash. Number of parts: 2
2026-01-19T23:52:58.1296277Z [DEBUG] Received response (Length: 192)
2026-01-19T23:52:58.1297284Z     🤖 AI Next Step Suggestion: fill -> SSN
2026-01-19T23:52:58.1297912Z     🧩 Suggested Locator: input[id='customer.ssn']
2026-01-19T23:52:58.1298626Z     💭 Reasoning: Need to fill out the SSN field to complete the registration form.
2026-01-19T23:52:58.1299272Z     ➕ Injected AI step: fill -> SSN
2026-01-19T23:52:58.1299660Z   ▶️ [STEP step_2_ai_12] FILL: SSN
2026-01-19T23:52:58.1353972Z     🎯 Using AI-provided locator: input[id='customer.ssn']
2026-01-19T23:52:58.1417896Z     ✅ Found 1 verified locators
2026-01-19T23:53:03.9713251Z     ✅ State transitioned.
2026-01-19T23:53:05.7629976Z [DEBUG] Sending request to gemini-2.0-flash. Number of parts: 2
2026-01-19T23:53:05.7630560Z [DEBUG] Received response (Length: 194)
2026-01-19T23:53:05.7631160Z     🤖 AI Next Step Suggestion: fill -> Username
2026-01-19T23:53:05.7631646Z     🧩 Suggested Locator: #customer\.username
2026-01-19T23:53:05.7632343Z     💭 Reasoning: Need to fill in the username field to complete the registration form.
2026-01-19T23:53:05.7632965Z     ➕ Injected AI step: fill -> Username
2026-01-19T23:53:05.7633359Z   ▶️ [STEP step_2_ai_13] FILL: Username
2026-01-19T23:53:05.7686899Z     🎯 Using AI-provided locator: #customer\.username
2026-01-19T23:53:05.7743000Z     ✅ Found 1 verified locators
2026-01-19T23:53:11.2487304Z     ✅ State transitioned.
2026-01-19T23:53:12.8670826Z [DEBUG] Sending request to gemini-2.0-flash. Number of parts: 2
2026-01-19T23:53:12.8671384Z [DEBUG] Received response (Length: 194)
2026-01-19T23:53:12.8672131Z     🤖 AI Next Step Suggestion: fill -> Password
2026-01-19T23:53:12.8672541Z     🧩 Suggested Locator: #customer\.password
2026-01-19T23:53:12.8673095Z     💭 Reasoning: Need to fill in the password field to complete the registration form.
2026-01-19T23:53:12.8673617Z     ➕ Injected AI step: fill -> Password
2026-01-19T23:53:12.8674350Z   ▶️ [STEP step_2_ai_14] FILL: Password
2026-01-19T23:53:12.8734271Z     🎯 Using AI-provided locator: #customer\.password
2026-01-19T23:53:12.8790175Z     ✅ Found 1 verified locators
2026-01-19T23:53:18.5721943Z     ✅ State transitioned.
2026-01-19T23:53:20.3952960Z [DEBUG] Sending request to gemini-2.0-flash. Number of parts: 2
2026-01-19T23:53:20.3953607Z [DEBUG] Received response (Length: 226)
2026-01-19T23:53:20.3954946Z     🤖 AI Next Step Suggestion: fill -> repeatedPassword
2026-01-19T23:53:20.3955667Z     🧩 Suggested Locator: input[id='repeatedPassword']
2026-01-19T23:53:20.3956687Z     💭 Reasoning: The password confirmation field needs to be filled to complete the registration form.
2026-01-19T23:53:20.3957633Z     ➕ Injected AI step: fill -> repeatedPassword
2026-01-19T23:53:20.3958240Z   ▶️ [STEP step_2_ai_15] FILL: repeatedPassword
2026-01-19T23:53:20.4012911Z     🎯 Using AI-provided locator: input[id='repeatedPassword']
2026-01-19T23:53:20.4073187Z     ✅ Found 1 verified locators
2026-01-19T23:53:26.1135669Z     ✅ State transitioned.
2026-01-19T23:53:27.9001818Z [DEBUG] Sending request to gemini-2.0-flash. Number of parts: 2
2026-01-19T23:53:27.9002419Z [DEBUG] Received response (Length: 239)
2026-01-19T23:53:27.9003404Z     🤖 AI Next Step Suggestion: click -> Register
2026-01-19T23:53:27.9004401Z     💭 Reasoning: All the required fields for registration are filled. Clicking the register button will submit the form and attempt to create the account.
2026-01-19T23:53:27.9005122Z     ➕ Injected AI step: click -> Register
2026-01-19T23:53:27.9005446Z   ▶️ [STEP step_2_ai_16] CLICK: Register
2026-01-19T23:53:27.9058879Z     🔍 Mining locators for: 'Register'
2026-01-19T23:53:27.9729575Z     ✅ Found 2 verified locators
2026-01-19T23:53:31.5431167Z     ✅ State transitioned.
2026-01-19T23:53:31.5501577Z     🔄 Revisited state detected (count: 1)
2026-01-19T23:53:32.9609615Z [DEBUG] Sending request to gemini-2.0-flash. Number of parts: 2
2026-01-19T23:53:32.9610239Z [DEBUG] Received response (Length: 203)
2026-01-19T23:53:32.9611255Z     🤖 AI Next Step Suggestion: fill -> customer.firstName
2026-01-19T23:53:32.9612183Z     🧩 Suggested Locator: #customer\.firstName
2026-01-19T23:53:32.9613244Z     💭 Reasoning: Need to fill in the first name field to complete the registration form.
2026-01-19T23:53:32.9614676Z     ➕ Injected AI step: fill -> customer.firstName
2026-01-19T23:53:32.9615214Z   ▶️ [STEP step_2_ai_17] FILL: customer.firstName
2026-01-19T23:53:32.9775976Z     🎯 Using AI-provided locator: #customer\.firstName
2026-01-19T23:53:32.9839039Z     ✅ Found 1 verified locators
2026-01-19T23:53:38.3676792Z     ✅ State transitioned.
2026-01-19T23:53:40.1257420Z [DEBUG] Sending request to gemini-2.0-flash. Number of parts: 2
2026-01-19T23:53:40.1258164Z [DEBUG] Received response (Length: 231)
2026-01-19T23:53:40.1259109Z     🤖 AI Next Step Suggestion: fill -> customer.lastName
2026-01-19T23:53:40.1259820Z     🧩 Suggested Locator: #customer\.lastName
2026-01-19T23:53:40.1261220Z     💭 Reasoning: The form requires more information to be filled. Filling the last name field is the next logical step.
2026-01-19T23:53:40.1262607Z     ➕ Injected AI step: fill -> customer.lastName
2026-01-19T23:53:40.1263459Z   ▶️ [STEP step_2_ai_18] FILL: customer.lastName
2026-01-19T23:53:40.1327377Z     🎯 Using AI-provided locator: #customer\.lastName
2026-01-19T23:53:40.1393928Z     ✅ Found 1 verified locators
2026-01-19T23:53:45.6208934Z     ✅ State transitioned.
2026-01-19T23:53:47.2252032Z [DEBUG] Sending request to gemini-2.0-flash. Number of parts: 2
2026-01-19T23:53:47.2252742Z [DEBUG] Received response (Length: 219)
2026-01-19T23:53:47.2253888Z     🤖 AI Next Step Suggestion: fill -> customer.address.street
2026-01-19T23:53:47.2254666Z     🧩 Suggested Locator: #customer\.address\.street
2026-01-19T23:53:47.2255577Z     💭 Reasoning: Need to fill in the address field to complete the registration form.
2026-01-19T23:53:47.2256356Z     ➕ Injected AI step: fill -> customer.address.street
2026-01-19T23:53:47.2256851Z   ▶️ [STEP step_2_ai_19] FILL: customer.address.street
2026-01-19T23:53:47.2319621Z     🎯 Using AI-provided locator: #customer\.address\.street
2026-01-19T23:53:47.2381590Z     ✅ Found 1 verified locators
2026-01-19T23:53:53.0734119Z     ✅ State transitioned.
2026-01-19T23:53:54.7178343Z [DEBUG] Sending request to gemini-2.0-flash. Number of parts: 2
2026-01-19T23:53:54.7178999Z [DEBUG] Received response (Length: 196)
2026-01-19T23:53:54.7180016Z     🤖 AI Next Step Suggestion: fill -> customer.address.city
2026-01-19T23:53:54.7180462Z     🧩 Suggested Locator: #customer.address.city
2026-01-19T23:53:54.7180925Z     💭 Reasoning: Filling the city field to complete the registration form.
2026-01-19T23:53:54.7181389Z     ➕ Injected AI step: fill -> customer.address.city
2026-01-19T23:53:54.7181780Z   ▶️ [STEP step_2_ai_20] FILL: customer.address.city
2026-01-19T23:53:54.7241264Z     🎯 Using AI-provided locator: #customer.address.city
2026-01-19T23:53:54.7261460Z     🔍 Mining locators for: 'customer.address.city'
2026-01-19T23:53:54.7725221Z     🧠 Consulting AI (Vision-First) to find 'customer.address.city'...
2026-01-19T23:53:54.7725874Z     🔍 Trying smart selectors for 'customer.address.city'...
2026-01-19T23:53:54.8642469Z     🔍 [SMART] Searching for: 'customer.address.city' (trying 15+ strategies)
2026-01-19T23:53:54.8643379Z     ⚠️ Smart selectors failed (no unique match). Falling back to AI Vision...
2026-01-19T23:53:54.8647133Z     🧠 [EXPERT] Strategy: Act as a Senior SDET focusing on exploring application to understand functional flow and automating FinTech scenarios. Focus on the end-to-end functional flow (e.g., Account Creation, Login, Funds Transfer, Loan Application). Prioritize identifying stable locators and interactive elements for automation. Ensure core banking features are accessible and functional.
2026-01-19T23:53:59.9335009Z [DEBUG] Sending request to gemini-2.0-flash. Number of parts: 2
2026-01-19T23:53:59.9335608Z [DEBUG] Received response (Length: 357)
2026-01-19T23:53:59.9336327Z     🔄 Retry 1/3 mining locators for 'customer.address.city'...
2026-01-19T23:54:00.9894240Z     🧠 Consulting AI (Vision-First) to find 'customer.address.city'...
2026-01-19T23:54:00.9894904Z     🔍 Trying smart selectors for 'customer.address.city'...
2026-01-19T23:54:01.0833101Z     🔍 [SMART] Searching for: 'customer.address.city' (trying 15+ strategies)
2026-01-19T23:54:01.0834699Z     ⚠️ Smart selectors failed (no unique match). Falling back to AI Vision...
2026-01-19T23:54:01.0839324Z     🧠 [EXPERT] Strategy: Act as a Senior SDET focusing on exploring application to understand functional flow and automating FinTech scenarios. Focus on the end-to-end functional flow (e.g., Account Creation, Login, Funds Transfer, Loan Application). Prioritize identifying stable locators and interactive elements for automation. Ensure core banking features are accessible and functional.
2026-01-19T23:54:05.5167391Z [DEBUG] Sending request to gemini-2.0-flash. Number of parts: 2
2026-01-19T23:54:05.5167871Z [DEBUG] Received response (Length: 353)
2026-01-19T23:54:05.5168606Z     🔄 Retry 2/3 mining locators for 'customer.address.city'...
2026-01-19T23:54:06.5179852Z     🗑️ Invalidating stale AI cache (retry 2)...
2026-01-19T23:54:06.5744627Z     🧠 Consulting AI (Vision-First) to find 'customer.address.city'...
2026-01-19T23:54:06.5745393Z     🔍 Trying smart selectors for 'customer.address.city'...
2026-01-19T23:54:06.6658193Z     🔍 [SMART] Searching for: 'customer.address.city' (trying 15+ strategies)
2026-01-19T23:54:06.6659247Z     ⚠️ Smart selectors failed (no unique match). Falling back to AI Vision...
2026-01-19T23:54:06.6663362Z     🧠 [EXPERT] Strategy: Act as a Senior SDET focusing on exploring application to understand functional flow and automating FinTech scenarios. Focus on the end-to-end functional flow (e.g., Account Creation, Login, Funds Transfer, Loan Application). Prioritize identifying stable locators and interactive elements for automation. Ensure core banking features are accessible and functional.
2026-01-19T23:54:06.6666626Z [CACHE HIT] 297b5c52... (hits: 1, misses: 22)
2026-01-19T23:54:06.6667590Z     🧠 Verifying step validity for 'customer.address.city' after mining failure...
2026-01-19T23:54:09.7208015Z [DEBUG] Sending request to gemini-2.0-flash. Number of parts: 2
2026-01-19T23:54:09.7208533Z [DEBUG] Received response (Length: 259)
2026-01-19T23:54:09.7209424Z     🛠️ Self-Correction: Step is valid. Using new locator: input[name='customer.address.city']
2026-01-19T23:54:15.2301833Z     ✅ State transitioned.
2026-01-19T23:54:16.9600152Z [DEBUG] Sending request to gemini-2.0-flash. Number of parts: 2
2026-01-19T23:54:16.9600985Z [DEBUG] Received response (Length: 205)
2026-01-19T23:54:16.9602082Z     🤖 AI Next Step Suggestion: fill -> customer.address.state
2026-01-19T23:54:16.9602978Z     🧩 Suggested Locator: input[id='customer.address.state']
2026-01-19T23:54:16.9604498Z     💭 Reasoning: Filling the state field to complete the registration form.
2026-01-19T23:54:16.9605468Z     ➕ Injected AI step: fill -> customer.address.state
2026-01-19T23:54:16.9606159Z   ▶️ [STEP step_2_ai_21] FILL: customer.address.state
2026-01-19T23:54:16.9667779Z     🎯 Using AI-provided locator: input[id='customer.address.state']
2026-01-19T23:54:16.9725069Z     ✅ Found 1 verified locators
2026-01-19T23:54:22.1904686Z     ✅ State transitioned.
2026-01-19T23:54:23.9387859Z [DEBUG] Sending request to gemini-2.0-flash. Number of parts: 2
2026-01-19T23:54:23.9388556Z [DEBUG] Received response (Length: 215)
2026-01-19T23:54:23.9389529Z     🤖 AI Next Step Suggestion: fill -> customer.address.zipCode
2026-01-19T23:54:23.9390153Z     🧩 Suggested Locator: input[id='customer.address.zipCode']
2026-01-19T23:54:23.9390724Z     💭 Reasoning: Filling the zip code field to complete the registration form.
2026-01-19T23:54:23.9391244Z     ➕ Injected AI step: fill -> customer.address.zipCode
2026-01-19T23:54:23.9391676Z   ▶️ [STEP step_2_ai_22] FILL: customer.address.zipCode
2026-01-19T23:54:23.9450662Z     🎯 Using AI-provided locator: input[id='customer.address.zipCode']
2026-01-19T23:54:23.9509890Z     ✅ Found 1 verified locators
2026-01-19T23:54:29.4150764Z     ✅ State transitioned.
2026-01-19T23:54:31.0500324Z [DEBUG] Sending request to gemini-2.0-flash. Number of parts: 2
2026-01-19T23:54:31.0501044Z [DEBUG] Received response (Length: 209)
2026-01-19T23:54:31.0501916Z     🤖 AI Next Step Suggestion: fill -> customer.phoneNumber
2026-01-19T23:54:31.0502723Z     🧩 Suggested Locator: #customer.phoneNumber
2026-01-19T23:54:31.0503884Z     💭 Reasoning: Need to fill in the phone number to complete the registration form.
2026-01-19T23:54:31.0504807Z     ➕ Injected AI step: fill -> customer.phoneNumber
2026-01-19T23:54:31.0505509Z   ▶️ [STEP step_2_ai_23] FILL: customer.phoneNumber
2026-01-19T23:54:31.0573951Z     🎯 Using AI-provided locator: #customer.phoneNumber
2026-01-19T23:54:31.0595532Z     🔍 Mining locators for: 'customer.phoneNumber'
2026-01-19T23:54:31.1041811Z     🧠 Consulting AI (Vision-First) to find 'customer.phoneNumber'...
2026-01-19T23:54:31.1042784Z     🔍 Trying smart selectors for 'customer.phoneNumber'...
2026-01-19T23:54:31.1970888Z     🔍 [SMART] Searching for: 'customer.phoneNumber' (trying 15+ strategies)
2026-01-19T23:54:31.1971881Z     ⚠️ Smart selectors failed (no unique match). Falling back to AI Vision...
2026-01-19T23:54:31.1976058Z     🧠 [EXPERT] Strategy: Act as a Senior SDET focusing on exploring application to understand functional flow and automating FinTech scenarios. Focus on the end-to-end functional flow (e.g., Account Creation, Login, Funds Transfer, Loan Application). Prioritize identifying stable locators and interactive elements for automation. Ensure core banking features are accessible and functional.
2026-01-19T23:54:36.5509202Z [DEBUG] Sending request to gemini-2.0-flash. Number of parts: 2
2026-01-19T23:54:36.5509923Z [DEBUG] Received response (Length: 512)
2026-01-19T23:54:36.5510725Z     ⚠️ Critical step failure: 'priority'
2026-01-19T23:54:36.5511278Z   ▶️ [STEP step_3] CLICK: Register
2026-01-19T23:54:36.5563507Z     🔍 Mining locators for: 'Register'
2026-01-19T23:54:36.6213627Z     ✅ Found 2 verified locators
2026-01-19T23:54:40.1923603Z     ✅ State transitioned.
2026-01-19T23:54:40.1992494Z     🔄 Revisited state detected (count: 1)
2026-01-19T23:54:41.6771812Z [DEBUG] Sending request to gemini-2.0-flash. Number of parts: 2
2026-01-19T23:54:41.6772565Z [DEBUG] Received response (Length: 246)
2026-01-19T23:54:41.6774128Z     🤖 AI Next Step Suggestion: fill -> customer.firstName
2026-01-19T23:54:41.6774999Z     🧩 Suggested Locator: #customer\.firstName
2026-01-19T23:54:41.6776546Z     💭 Reasoning: The registration form is not complete. Filling the first name field is the next logical step to complete the form.
2026-01-19T23:54:41.6778111Z     ➕ Injected AI step: fill -> customer.firstName
2026-01-19T23:54:41.6779001Z   ▶️ [STEP step_3_ai_1] FILL: customer.firstName
2026-01-19T23:54:41.6951071Z     🎯 Using AI-provided locator: #customer\.firstName
2026-01-19T23:54:41.7011544Z     ✅ Found 1 verified locators
2026-01-19T23:54:47.1162813Z     ✅ State transitioned.
2026-01-19T23:54:47.1218012Z     🔄 Revisited state detected (count: 2)
2026-01-19T23:54:48.5747599Z [DEBUG] Sending request to gemini-2.0-flash. Number of parts: 2
2026-01-19T23:54:48.5748537Z [DEBUG] Received response (Length: 196)
2026-01-19T23:54:48.5749543Z     🤖 AI Next Step Suggestion: fill -> customer.lastName
2026-01-19T23:54:48.5750083Z     🧩 Suggested Locator: #customer\.lastName
2026-01-19T23:54:48.5750783Z     💭 Reasoning: The form requires a last name to complete the registration process.
2026-01-19T23:54:48.5751478Z     ➕ Injected AI step: fill -> customer.lastName
2026-01-19T23:54:48.5751987Z   ▶️ [STEP step_3_ai_2] FILL: customer.lastName
2026-01-19T23:54:48.5813476Z     🎯 Using AI-provided locator: #customer\.lastName
2026-01-19T23:54:48.5869546Z     ✅ Found 1 verified locators
2026-01-19T23:54:54.0620206Z     ✅ State transitioned.
2026-01-19T23:54:54.0680622Z     🔄 Revisited state detected (count: 3)
2026-01-19T23:54:54.0681371Z     ⚠️ Too many revisits (3). Stopping AI step injection to prevent loops.
2026-01-19T23:54:54.0681906Z   ▶️ [STEP step_4] ASSERT_URL: 
2026-01-19T23:54:59.0832749Z     ⚠️ Scroll into view failed for text=None. Proceeding anyway.
2026-01-19T23:55:01.0856656Z     ✅ State transitioned.
2026-01-19T23:55:01.0912067Z     🔄 Revisited state detected (count: 4)
2026-01-19T23:55:01.0912969Z     ⚠️ Too many revisits (4). Stopping AI step injection to prevent loops.
2026-01-19T23:55:01.0914056Z     ⚡ PARALLEL MODE: Batching 5 fill steps
2026-01-19T23:55:01.0914674Z     ⚡ Batch mining 5 fields in parallel...
2026-01-19T23:55:01.1361794Z     🔍 Trying smart selectors for 'customer.firstName'...
2026-01-19T23:55:01.1368578Z     🔍 [SMART] Searching for: 'customer.firstName' (trying 15+ strategies)
2026-01-19T23:55:01.1369829Z     🔍 Trying smart selectors for 'customer.lastName'...
2026-01-19T23:55:01.1381343Z     🔍 [SMART] Searching for: 'customer.lastName' (trying 15+ strategies)
2026-01-19T23:55:01.1382245Z     🔍 Trying smart selectors for 'customer.address.street'...
2026-01-19T23:55:01.1391328Z     🔍 [SMART] Searching for: 'customer.address.street' (trying 15+ strategies)
2026-01-19T23:55:01.1394640Z     🔍 Trying smart selectors for 'customer.address.city'...
2026-01-19T23:55:01.1400079Z     🔍 [SMART] Searching for: 'customer.address.city' (trying 15+ strategies)
2026-01-19T23:55:01.1401444Z     🔍 Trying smart selectors for 'customer.address.state'...
2026-01-19T23:55:01.3468540Z     🔍 [SMART] Searching for: 'customer.address.state' (trying 15+ strategies)
2026-01-19T23:55:01.3469707Z     ⚠️ Smart selectors failed (no unique match). Falling back to AI Vision...
2026-01-19T23:55:01.3473213Z     🧠 [EXPERT] Strategy: Act as a Senior SDET focusing on exploring application to understand functional flow and automating FinTech scenarios. Focus on the end-to-end functional flow (e.g., Account Creation, Login, Funds Transfer, Loan Application). Prioritize identifying stable locators and interactive elements for automation. Ensure core banking features are accessible and functional.
2026-01-19T23:55:01.3586933Z [DEBUG] Sending request to gemini-2.0-flash. Number of parts: 2
2026-01-19T23:55:01.3588689Z     ⚠️ Smart selectors failed (no unique match). Falling back to AI Vision...
2026-01-19T23:55:01.3593572Z     🧠 [EXPERT] Strategy: Act as a Senior SDET focusing on exploring application to understand functional flow and automating FinTech scenarios. Focus on the end-to-end functional flow (e.g., Account Creation, Login, Funds Transfer, Loan Application). Prioritize identifying stable locators and interactive elements for automation. Ensure core banking features are accessible and functional.
2026-01-19T23:55:01.3597121Z     ⚠️ Smart selectors failed (no unique match). Falling back to AI Vision...
2026-01-19T23:55:01.3600717Z     🧠 [EXPERT] Strategy: Act as a Senior SDET focusing on exploring application to understand functional flow and automating FinTech scenarios. Focus on the end-to-end functional flow (e.g., Account Creation, Login, Funds Transfer, Loan Application). Prioritize identifying stable locators and interactive elements for automation. Ensure core banking features are accessible and functional.
2026-01-19T23:55:01.3606694Z     ⚠️ Smart selectors failed (no unique match). Falling back to AI Vision...
2026-01-19T23:55:01.3610801Z     🧠 [EXPERT] Strategy: Act as a Senior SDET focusing on exploring application to understand functional flow and automating FinTech scenarios. Focus on the end-to-end functional flow (e.g., Account Creation, Login, Funds Transfer, Loan Application). Prioritize identifying stable locators and interactive elements for automation. Ensure core banking features are accessible and functional.
2026-01-19T23:55:01.3651230Z     ⚠️ Smart selectors failed (no unique match). Falling back to AI Vision...
2026-01-19T23:55:01.3653438Z     🧠 [EXPERT] Strategy: Act as a Senior SDET focusing on exploring application to understand functional flow and automating FinTech scenarios. Focus on the end-to-end functional flow (e.g., Account Creation, Login, Funds Transfer, Loan Application). Prioritize identifying stable locators and interactive elements for automation. Ensure core banking features are accessible and functional.
2026-01-19T23:55:08.8455283Z [DEBUG] Received response (Length: 495)
2026-01-19T23:55:08.8456256Z [DEBUG] Sending request to gemini-2.0-flash. Number of parts: 2
2026-01-19T23:55:08.8457183Z [DEBUG] Sending request to gemini-2.0-flash. Number of parts: 2
2026-01-19T23:55:08.8457999Z [DEBUG] Sending request to gemini-2.0-flash. Number of parts: 2
2026-01-19T23:55:08.8458771Z [DEBUG] Sending request to gemini-2.0-flash. Number of parts: 2
2026-01-19T23:55:08.8459506Z [DEBUG] Received response (Length: 357)
2026-01-19T23:55:08.8460107Z [DEBUG] Received response (Length: 484)
2026-01-19T23:55:08.8460695Z [DEBUG] Received response (Length: 467)
2026-01-19T23:55:08.8461281Z [DEBUG] Received response (Length: 539)
2026-01-19T23:55:08.8462216Z     ✅ Batch mined 'customer.firstName' (3 locators)
2026-01-19T23:55:08.8463029Z     ✅ Batch mined 'customer.lastName' (3 locators)
2026-01-19T23:55:08.8464193Z     ✅ Batch mined 'customer.address.street' (3 locators)
2026-01-19T23:55:08.8465088Z     ✅ Batch mined 'customer.address.city' (2 locators)
2026-01-19T23:55:08.8465915Z     ✅ Batch mined 'customer.address.state' (2 locators)
2026-01-19T23:55:08.8466687Z     ✅ Batch mined 5/5 steps successfully
2026-01-19T23:55:08.8467320Z     ⚡ PARALLEL MODE: Batching 5 fill steps
2026-01-19T23:55:08.8467864Z     ⚡ Batch mining 5 fields in parallel...
2026-01-19T23:55:08.9031833Z     🔍 Trying smart selectors for 'customer.address.zipCode'...
2026-01-19T23:55:08.9039099Z     🔍 [SMART] Searching for: 'customer.address.zipCode' (trying 15+ strategies)
2026-01-19T23:55:08.9040005Z     🔍 Trying smart selectors for 'customer.phoneNumber'...
2026-01-19T23:55:08.9048894Z     🔍 [SMART] Searching for: 'customer.phoneNumber' (trying 15+ strategies)
2026-01-19T23:55:08.9050783Z     🔍 Trying smart selectors for 'customer.ssn'...
2026-01-19T23:55:08.9062279Z     🔍 [SMART] Searching for: 'customer.ssn' (trying 15+ strategies)
2026-01-19T23:55:08.9063118Z     🔍 Trying smart selectors for 'customer.username'...
2026-01-19T23:55:08.9067080Z     🔍 [SMART] Searching for: 'customer.username' (trying 15+ strategies)
2026-01-19T23:55:08.9068345Z     🔍 Trying smart selectors for 'customer.password'...
2026-01-19T23:55:09.1651111Z     🔍 [SMART] Searching for: 'customer.password' (trying 15+ strategies)
2026-01-19T23:55:09.1652277Z     ⚠️ Smart selectors failed (no unique match). Falling back to AI Vision...
2026-01-19T23:55:09.1654555Z     🧠 [EXPERT] Strategy: Act as a Senior SDET focusing on exploring application to understand functional flow and automating FinTech scenarios. Focus on the end-to-end functional flow (e.g., Account Creation, Login, Funds Transfer, Loan Application). Prioritize identifying stable locators and interactive elements for automation. Ensure core banking features are accessible and functional.
2026-01-19T23:55:09.1741224Z     ⚠️ Smart selectors failed (no unique match). Falling back to AI Vision...
2026-01-19T23:55:09.1745118Z     🧠 [EXPERT] Strategy: Act as a Senior SDET focusing on exploring application to understand functional flow and automating FinTech scenarios. Focus on the end-to-end functional flow (e.g., Account Creation, Login, Funds Transfer, Loan Application). Prioritize identifying stable locators and interactive elements for automation. Ensure core banking features are accessible and functional.
2026-01-19T23:55:09.1748224Z     ⚠️ Smart selectors failed (no unique match). Falling back to AI Vision...
2026-01-19T23:55:09.1752042Z     🧠 [EXPERT] Strategy: Act as a Senior SDET focusing on exploring application to understand functional flow and automating FinTech scenarios. Focus on the end-to-end functional flow (e.g., Account Creation, Login, Funds Transfer, Loan Application). Prioritize identifying stable locators and interactive elements for automation. Ensure core banking features are accessible and functional.
2026-01-19T23:55:09.1754939Z     ⚠️ Smart selectors failed (no unique match). Falling back to AI Vision...
2026-01-19T23:55:09.1762483Z     🧠 [EXPERT] Strategy: Act as a Senior SDET focusing on exploring application to understand functional flow and automating FinTech scenarios. Focus on the end-to-end functional flow (e.g., Account Creation, Login, Funds Transfer, Loan Application). Prioritize identifying stable locators and interactive elements for automation. Ensure core banking features are accessible and functional.
2026-01-19T23:55:09.1783999Z     ⚠️ Smart selectors failed (no unique match). Falling back to AI Vision...
2026-01-19T23:55:09.1786293Z     🧠 [EXPERT] Strategy: Act as a Senior SDET focusing on exploring application to understand functional flow and automating FinTech scenarios. Focus on the end-to-end functional flow (e.g., Account Creation, Login, Funds Transfer, Loan Application). Prioritize identifying stable locators and interactive elements for automation. Ensure core banking features are accessible and functional.
2026-01-19T23:55:13.5928567Z [DEBUG] Sending request to gemini-2.0-flash. Number of parts: 2
2026-01-19T23:55:13.5929524Z [DEBUG] Sending request to gemini-2.0-flash. Number of parts: 2
2026-01-19T23:55:13.5930303Z [DEBUG] Sending request to gemini-2.0-flash. Number of parts: 2
2026-01-19T23:55:13.5931091Z [DEBUG] Sending request to gemini-2.0-flash. Number of parts: 2
2026-01-19T23:55:13.5932023Z [DEBUG] Sending request to gemini-2.0-flash. Number of parts: 2
2026-01-19T23:55:13.5932794Z [DEBUG] Received response (Length: 415)
2026-01-19T23:55:13.5933393Z [DEBUG] Received response (Length: 480)
2026-01-19T23:55:13.5934229Z [DEBUG] Received response (Length: 628)
2026-01-19T23:55:13.5934806Z [DEBUG] Received response (Length: 385)
2026-01-19T23:55:13.5935404Z [DEBUG] Received response (Length: 750)
2026-01-19T23:55:13.5936412Z     ✅ Batch mined 'customer.address.zipCode' (3 locators)
2026-01-19T23:55:13.5937117Z     ✅ Batch mined 'customer.phoneNumber' (4 locators)
2026-01-19T23:55:13.5937764Z     ✅ Batch mined 'customer.ssn' (3 locators)
2026-01-19T23:55:13.5938367Z     ✅ Batch mined 'customer.username' (3 locators)
2026-01-19T23:55:13.5939285Z     ✅ Batch mined 'customer.password' (3 locators)
2026-01-19T23:55:13.5939899Z     ✅ Batch mined 5/5 steps successfully
2026-01-19T23:55:13.5940467Z   ▶️ [STEP step_15] FILL: repeatedPassword
2026-01-19T23:55:13.5992050Z     🔍 Mining locators for: 'repeatedPassword'
2026-01-19T23:55:13.6520653Z     🧠 Consulting AI (Vision-First) to find 'repeatedPassword'...
2026-01-19T23:55:13.6521565Z     🔍 Trying smart selectors for 'repeatedPassword'...
2026-01-19T23:55:13.7160449Z     🔍 [SMART] Searching for: 'repeatedPassword' (trying 15+ strategies)
2026-01-19T23:55:13.7161176Z     ✅ Smart selector found 'repeatedPassword' via name-exact (confidence: 0.9)
2026-01-19T23:55:13.7197565Z     ✅ Found 1 verified locators
2026-01-19T23:55:20.1143258Z     ✅ State transitioned.
2026-01-19T23:55:21.7206423Z [DEBUG] Sending request to gemini-2.0-flash. Number of parts: 2
2026-01-19T23:55:21.7207137Z [DEBUG] Received response (Length: 200)
2026-01-19T23:55:21.7208024Z     🤖 AI Next Step Suggestion: fill -> customer.lastName
2026-01-19T23:55:21.7208812Z     🧩 Suggested Locator: input[id='customer.lastName']
2026-01-19T23:55:21.7209564Z     💭 Reasoning: Filling the last name field to complete the registration form.
2026-01-19T23:55:21.7210255Z     🔄 Same AI suggestion but state changed (URL or DOM). Resetting loop counter.
2026-01-19T23:55:21.7210801Z     ➕ Injected AI step: fill -> customer.lastName
2026-01-19T23:55:21.7211243Z   ▶️ [STEP step_15_ai_1] FILL: customer.lastName
2026-01-19T23:55:21.7266574Z     🎯 Using AI-provided locator: input[id='customer.lastName']
2026-01-19T23:55:21.7324938Z     ✅ Found 1 verified locators
2026-01-19T23:55:27.1358865Z     ✅ State transitioned.
2026-01-19T23:55:27.1420754Z     🔄 Revisited state detected (count: 1)
2026-01-19T23:55:29.0009235Z [DEBUG] Sending request to gemini-2.0-flash. Number of parts: 2
2026-01-19T23:55:29.0009963Z [DEBUG] Received response (Length: 246)
2026-01-19T23:55:29.0010861Z     🤖 AI Next Step Suggestion: fill -> customer.address.street
2026-01-19T23:55:29.0011871Z     🧩 Suggested Locator: input[id='customer.address.street']
2026-01-19T23:55:29.0012759Z     💭 Reasoning: The registration form is not yet complete. Filling the address is the next logical step.
2026-01-19T23:55:29.0013581Z     ➕ Injected AI step: fill -> customer.address.street
2026-01-19T23:55:29.0014443Z   ▶️ [STEP step_15_ai_2] FILL: customer.address.street
2026-01-19T23:55:29.0067708Z     🎯 Using AI-provided locator: input[id='customer.address.street']
2026-01-19T23:55:29.0128867Z     ✅ Found 1 verified locators
2026-01-19T23:55:34.7084237Z     ✅ State transitioned.
2026-01-19T23:55:36.4762706Z [DEBUG] Sending request to gemini-2.0-flash. Number of parts: 2
2026-01-19T23:55:36.4763320Z [DEBUG] Received response (Length: 200)
2026-01-19T23:55:36.4764242Z     🤖 AI Next Step Suggestion: fill -> customer.address.city
2026-01-19T23:55:36.4764776Z     🧩 Suggested Locator: #customer\.address\.city
2026-01-19T23:55:36.4765384Z     💭 Reasoning: Filling the city field to complete the registration form.
2026-01-19T23:55:36.4766027Z     ➕ Injected AI step: fill -> customer.address.city
2026-01-19T23:55:36.4766489Z   ▶️ [STEP step_15_ai_3] FILL: customer.address.city
2026-01-19T23:55:36.4827001Z     🎯 Using AI-provided locator: #customer\.address\.city
2026-01-19T23:55:36.4885710Z     ✅ Found 1 verified locators
2026-01-19T23:55:42.0847848Z     ✅ State transitioned.
2026-01-19T23:55:43.7466606Z [DEBUG] Sending request to gemini-2.0-flash. Number of parts: 2
2026-01-19T23:55:43.7467347Z [DEBUG] Received response (Length: 198)
2026-01-19T23:55:43.7468310Z     🤖 AI Next Step Suggestion: fill -> customer.address.state
2026-01-19T23:55:43.7469063Z     🧩 Suggested Locator: #customer\.address\.state
2026-01-19T23:55:43.7470038Z     💭 Reasoning: Filling the state field to complete the registration form.
2026-01-19T23:55:43.7471099Z     ➕ Injected AI step: fill -> customer.address.state
2026-01-19T23:55:43.7471974Z   ▶️ [STEP step_15_ai_4] FILL: customer.address.state
2026-01-19T23:55:43.7529936Z     🎯 Using AI-provided locator: #customer\.address\.state
2026-01-19T23:55:43.7589118Z     ✅ Found 1 verified locators
2026-01-19T23:55:49.0872462Z     ✅ State transitioned.
2026-01-19T23:55:50.8020850Z [DEBUG] Sending request to gemini-2.0-flash. Number of parts: 2
2026-01-19T23:55:50.8021869Z [DEBUG] Received response (Length: 202)
2026-01-19T23:55:50.8022873Z     🤖 AI Next Step Suggestion: fill -> customer.address.zipCode
2026-01-19T23:55:50.8023953Z     🧩 Suggested Locator: #customer\.address\.zipCode
2026-01-19T23:55:50.8024794Z     💭 Reasoning: Filling the zip code to complete the registration form.
2026-01-19T23:55:50.8025617Z     ➕ Injected AI step: fill -> customer.address.zipCode
2026-01-19T23:55:50.8026346Z   ▶️ [STEP step_15_ai_5] FILL: customer.address.zipCode
2026-01-19T23:55:50.8082844Z     🎯 Using AI-provided locator: #customer\.address\.zipCode
2026-01-19T23:55:50.8140123Z     ✅ Found 1 verified locators
2026-01-19T23:55:56.5954407Z     ✅ State transitioned.
2026-01-19T23:55:58.3421131Z [DEBUG] Sending request to gemini-2.0-flash. Number of parts: 2
2026-01-19T23:55:58.3421829Z [DEBUG] Received response (Length: 237)
2026-01-19T23:55:58.3422666Z     🤖 AI Next Step Suggestion: fill -> customer.phoneNumber
2026-01-19T23:55:58.3423184Z     🧩 Suggested Locator: #customer.phoneNumber
2026-01-19T23:55:58.3424264Z     💭 Reasoning: The registration form is not complete. Filling the phone number field is the next logical step.
2026-01-19T23:55:58.3424941Z     ➕ Injected AI step: fill -> customer.phoneNumber
2026-01-19T23:55:58.3425372Z   ▶️ [STEP step_15_ai_6] FILL: customer.phoneNumber
2026-01-19T23:55:58.3483156Z     🎯 Using AI-provided locator: #customer.phoneNumber
2026-01-19T23:55:58.3500447Z     🔍 Mining locators for: 'customer.phoneNumber'
2026-01-19T23:55:58.4009874Z     🧠 Consulting AI (Vision-First) to find 'customer.phoneNumber'...
2026-01-19T23:55:58.4010423Z     🔍 Trying smart selectors for 'customer.phoneNumber'...
2026-01-19T23:55:58.4844680Z     🔍 [SMART] Searching for: 'customer.phoneNumber' (trying 15+ strategies)
2026-01-19T23:55:58.4848265Z     ⚠️ Smart selectors failed (no unique match). Falling back to AI Vision...
2026-01-19T23:55:58.4850152Z     🧠 [EXPERT] Strategy: Act as a Senior SDET focusing on exploring application to understand functional flow and automating FinTech scenarios. Focus on the end-to-end functional flow (e.g., Account Creation, Login, Funds Transfer, Loan Application). Prioritize identifying stable locators and interactive elements for automation. Ensure core banking features are accessible and functional.
2026-01-19T23:56:03.7088565Z [DEBUG] Sending request to gemini-2.0-flash. Number of parts: 2
2026-01-19T23:56:03.7089128Z [DEBUG] Received response (Length: 514)
2026-01-19T23:56:03.7089681Z     ⚠️ Critical step failure: 'priority'
2026-01-19T23:56:03.7091238Z   ▶️ [STEP step_16] CLICK: Register
2026-01-19T23:56:03.7137337Z     🔍 Mining locators for: 'Register'
2026-01-19T23:56:03.7824547Z     ✅ Found 2 verified locators
2026-01-19T23:56:07.3559875Z     ✅ State transitioned.
2026-01-19T23:56:07.3634820Z     🔄 Revisited state detected (count: 1)
2026-01-19T23:56:08.7983985Z [DEBUG] Sending request to gemini-2.0-flash. Number of parts: 2
2026-01-19T23:56:08.7984818Z [DEBUG] Received response (Length: 225)
2026-01-19T23:56:08.7985899Z     🤖 AI Next Step Suggestion: fill -> customer.firstName
2026-01-19T23:56:08.7986780Z     🧩 Suggested Locator: #customer\.firstName
2026-01-19T23:56:08.7988224Z     💭 Reasoning: The registration form is not complete. Filling the first name field is the next logical step.
2026-01-19T23:56:08.7989684Z     ➕ Injected AI step: fill -> customer.firstName
2026-01-19T23:56:08.7990503Z   ▶️ [STEP step_16_ai_1] FILL: customer.firstName
2026-01-19T23:56:08.8155994Z     🎯 Using AI-provided locator: #customer\.firstName
2026-01-19T23:56:08.8215345Z     ✅ Found 1 verified locators
2026-01-19T23:56:14.2719826Z     ✅ State transitioned.
2026-01-19T23:56:14.2776585Z     🔄 Revisited state detected (count: 2)
2026-01-19T23:56:16.0854060Z [DEBUG] Sending request to gemini-2.0-flash. Number of parts: 2
2026-01-19T23:56:16.0854767Z [DEBUG] Received response (Length: 205)
2026-01-19T23:56:16.0855689Z     🤖 AI Next Step Suggestion: fill -> customer.lastName
2026-01-19T23:56:16.0856750Z     🧩 Suggested Locator: input[id='customer.lastName']
2026-01-19T23:56:16.0857705Z     💭 Reasoning: The form requires a last name to complete the registration process.
2026-01-19T23:56:16.0858596Z     ➕ Injected AI step: fill -> customer.lastName
2026-01-19T23:56:16.0859104Z   ▶️ [STEP step_16_ai_2] FILL: customer.lastName
2026-01-19T23:56:16.0918217Z     🎯 Using AI-provided locator: input[id='customer.lastName']
2026-01-19T23:56:16.0977563Z     ✅ Found 1 verified locators
2026-01-19T23:56:21.5209527Z     ✅ State transitioned.
2026-01-19T23:56:21.5262627Z     🔄 Revisited state detected (count: 3)
2026-01-19T23:56:21.5263260Z     ⚠️ Too many revisits (3). Stopping AI step injection to prevent loops.
2026-01-19T23:56:21.5264165Z   ▶️ [STEP step_17] ASSERT_VISIBLE: Your account was created successfully. You are now logged in.
2026-01-19T23:56:21.5315356Z     🔍 Mining locators for: 'Your account was created successfully. You are now logged in.'
2026-01-19T23:56:21.5841415Z     🧠 Consulting AI (Vision-First) to find 'Your account was created successfully. You are now logged in.'...
2026-01-19T23:56:21.5842244Z     🔍 Trying smart selectors for 'Your account was created successfully. You are now logged in.'...
2026-01-19T23:56:21.7328040Z     🔍 [SMART] Searching for: 'Your account was created successfully. You are now logged in.' (trying 15+ strategies)
2026-01-19T23:56:21.7329086Z     ⚠️ Smart selectors failed (no unique match). Falling back to AI Vision...
2026-01-19T23:56:21.7331084Z     🧠 [EXPERT] Strategy: Act as a Senior SDET focusing on exploring application to understand functional flow and automating FinTech scenarios. Focus on the end-to-end functional flow (e.g., Account Creation, Login, Funds Transfer, Loan Application). Prioritize identifying stable locators and interactive elements for automation. Ensure core banking features are accessible and functional.
2026-01-19T23:56:23.2974642Z [DEBUG] Sending request to gemini-2.0-flash. Number of parts: 2
2026-01-19T23:56:23.2975166Z [DEBUG] Received response (Length: 343)
2026-01-19T23:56:23.2976887Z     💡 Expert Suggestion: The success message 'Your account was created successfully. You are now logged in.' is expected after a successful registration. Clicking the 'Register' button will initiate the account creation process.
2026-01-19T23:56:23.2978259Z     🛠️ Executing corrective action: click -> 'Register'
2026-01-19T23:56:23.8933069Z     ✅ Executed corrective navigation
2026-01-19T23:56:25.8966308Z     🔄 Retry 1/3 mining locators for 'Your account was created successfully. You are now logged in.'...
2026-01-19T23:56:26.9503181Z     🧠 Consulting AI (Vision-First) to find 'Your account was created successfully. You are now logged in.'...
2026-01-19T23:56:26.9504961Z     🔍 Trying smart selectors for 'Your account was created successfully. You are now logged in.'...
2026-01-19T23:56:27.1070683Z     🔍 [SMART] Searching for: 'Your account was created successfully. You are now logged in.' (trying 15+ strategies)
2026-01-19T23:56:27.1072373Z     ⚠️ Smart selectors failed (no unique match). Falling back to AI Vision...
2026-01-19T23:56:27.1075921Z     🧠 [EXPERT] Strategy: Act as a Senior SDET focusing on exploring application to understand functional flow and automating FinTech scenarios. Focus on the end-to-end functional flow (e.g., Account Creation, Login, Funds Transfer, Loan Application). Prioritize identifying stable locators and interactive elements for automation. Ensure core banking features are accessible and functional.
2026-01-19T23:56:28.7274350Z [DEBUG] Sending request to gemini-2.0-flash. Number of parts: 2
2026-01-19T23:56:28.7274768Z [DEBUG] Received response (Length: 313)
2026-01-19T23:56:28.7275326Z     ⚠️ Skipping duplicate injection: Register
2026-01-19T23:56:28.7275923Z     🔄 Retry 2/3 mining locators for 'Your account was created successfully. You are now logged in.'...
2026-01-19T23:56:29.7287618Z     🗑️ Invalidating stale AI cache (retry 2)...
2026-01-19T23:56:29.7824762Z     🧠 Consulting AI (Vision-First) to find 'Your account was created successfully. You are now logged in.'...
2026-01-19T23:56:29.7825655Z     🔍 Trying smart selectors for 'Your account was created successfully. You are now logged in.'...
2026-01-19T23:56:29.9200960Z     🔍 [SMART] Searching for: 'Your account was created successfully. You are now logged in.' (trying 15+ strategies)
2026-01-19T23:56:29.9202106Z     ⚠️ Smart selectors failed (no unique match). Falling back to AI Vision...
2026-01-19T23:56:29.9204883Z     🧠 [EXPERT] Strategy: Act as a Senior SDET focusing on exploring application to understand functional flow and automating FinTech scenarios. Focus on the end-to-end functional flow (e.g., Account Creation, Login, Funds Transfer, Loan Application). Prioritize identifying stable locators and interactive elements for automation. Ensure core banking features are accessible and functional.
2026-01-19T23:56:29.9207463Z [CACHE HIT] 1ee35306... (hits: 2, misses: 50)
2026-01-19T23:56:29.9207901Z     ⚠️ Skipping duplicate injection: Register
2026-01-19T23:56:29.9208697Z     🧠 Verifying step validity for 'Your account was created successfully. You are now logged in.' after no candidates found...
2026-01-19T23:56:33.4035547Z [DEBUG] Sending request to gemini-2.0-flash. Number of parts: 2
2026-01-19T23:56:33.4036254Z [DEBUG] Received response (Length: 276)
2026-01-19T23:56:33.4038025Z     🗑️ Step deemed INVALID: The target element "Your account was created successfully. You are now logged in." does not exist on the registration page. This message appears after successful registration, which is not the current page state.. Removing from workflow.
2026-01-19T23:56:33.4039647Z     ⏭️ Skipping execution of invalid step: Your account was created successfully. You are now logged in.
2026-01-19T23:56:33.4040263Z   ▶️ [STEP step_18] CLICK: Log Out
2026-01-19T23:56:33.4093984Z     🔍 Mining locators for: 'Log Out'
2026-01-19T23:56:33.4498077Z     🧠 Consulting AI (Vision-First) to find 'Log Out'...
2026-01-19T23:56:33.4498846Z     🔍 Trying smart selectors for 'Log Out'...
2026-01-19T23:56:33.5455442Z     🔍 [SMART] Searching for: 'Log Out' (trying 15+ strategies)
2026-01-19T23:56:33.5456364Z     ⚠️ Smart selectors failed (no unique match). Falling back to AI Vision...
2026-01-19T23:56:33.5458650Z     🧠 [EXPERT] Strategy: Act as a Senior SDET focusing on exploring application to understand functional flow and automating FinTech scenarios. Focus on the end-to-end functional flow (e.g., Account Creation, Login, Funds Transfer, Loan Application). Prioritize identifying stable locators and interactive elements for automation. Ensure core banking features are accessible and functional.
2026-01-19T23:56:38.4822908Z [DEBUG] Sending request to gemini-2.0-flash. Number of parts: 2
2026-01-19T23:56:38.4823592Z [DEBUG] Received response (Length: 204)
2026-01-19T23:56:38.4824737Z     💡 Expert Suggestion: Log Out functionality is likely located within the Admin Page.
2026-01-19T23:56:38.4825454Z     🛠️ Executing corrective action: click -> 'Admin Page'
2026-01-19T23:56:39.0944020Z     ✅ Executed corrective navigation
2026-01-19T23:56:41.0969349Z     🔄 Retry 1/3 mining locators for 'Log Out'...
2026-01-19T23:56:42.1501601Z     🧠 Consulting AI (Vision-First) to find 'Log Out'...
2026-01-19T23:56:42.1502221Z     🔍 Trying smart selectors for 'Log Out'...
2026-01-19T23:56:42.3161988Z     🔍 [SMART] Searching for: 'Log Out' (trying 15+ strategies)
2026-01-19T23:56:42.3162926Z     ⚠️ Smart selectors failed (no unique match). Falling back to AI Vision...
2026-01-19T23:56:42.3167394Z     🧠 [EXPERT] Strategy: Act as a Senior SDET focusing on exploring application to understand functional flow and automating FinTech scenarios. Focus on the end-to-end functional flow (e.g., Account Creation, Login, Funds Transfer, Loan Application). Prioritize identifying stable locators and interactive elements for automation. Ensure core banking features are accessible and functional.
2026-01-19T23:56:43.6590295Z [DEBUG] Sending request to gemini-2.0-flash. Number of parts: 2
2026-01-19T23:56:43.6590812Z [DEBUG] Received response (Length: 204)
2026-01-19T23:56:43.6593160Z     ⚠️ Skipping duplicate injection: Admin Page
2026-01-19T23:56:43.6593893Z     🔄 Retry 2/3 mining locators for 'Log Out'...
2026-01-19T23:56:44.6603948Z     🗑️ Invalidating stale AI cache (retry 2)...
2026-01-19T23:56:44.7160185Z     🧠 Consulting AI (Vision-First) to find 'Log Out'...
2026-01-19T23:56:44.7160632Z     🔍 Trying smart selectors for 'Log Out'...
2026-01-19T23:56:44.8094279Z     🔍 [SMART] Searching for: 'Log Out' (trying 15+ strategies)
2026-01-19T23:56:44.8095191Z     ⚠️ Smart selectors failed (no unique match). Falling back to AI Vision...
2026-01-19T23:56:44.8097028Z     🧠 [EXPERT] Strategy: Act as a Senior SDET focusing on exploring application to understand functional flow and automating FinTech scenarios. Focus on the end-to-end functional flow (e.g., Account Creation, Login, Funds Transfer, Loan Application). Prioritize identifying stable locators and interactive elements for automation. Ensure core banking features are accessible and functional.
2026-01-19T23:56:44.8100611Z [CACHE HIT] cbdf88aa... (hits: 3, misses: 53)
2026-01-19T23:56:44.8101339Z     ⚠️ Skipping duplicate injection: Admin Page
2026-01-19T23:56:44.8102129Z     🧠 Verifying step validity for 'Log Out' after no candidates found...
2026-01-19T23:56:48.6122674Z [DEBUG] Sending request to gemini-2.0-flash. Number of parts: 2
2026-01-19T23:56:48.6123341Z [DEBUG] Received response (Length: 215)
2026-01-19T23:56:48.6124953Z     🗑️ Step deemed INVALID: The 'Log Out' button is not present on the admin page. The page displays 'Customer Login' and 'Administration' sections, but no logout option is visible.. Removing from workflow.
2026-01-19T23:56:48.6125986Z     ⏭️ Skipping execution of invalid step: Log Out
2026-01-19T23:56:48.6126443Z   ▶️ [STEP step_19] ASSERT_URL: 
2026-01-19T23:56:53.6282667Z     ⚠️ Scroll into view failed for text=None. Proceeding anyway.
2026-01-19T23:56:55.6305545Z     ✅ State transitioned.
2026-01-19T23:56:57.1936349Z [DEBUG] Sending request to gemini-2.0-flash. Number of parts: 2
2026-01-19T23:56:57.1937216Z [DEBUG] Received response (Length: 278)
2026-01-19T23:56:57.1938241Z     🤖 AI Next Step Suggestion: navigate -> ParaBank Home
2026-01-19T23:56:57.1939098Z     🧩 Suggested Locator: a[href*='index.htm']
2026-01-19T23:56:57.1941121Z     💭 Reasoning: The current page is the admin page. To continue with the original goal of registering a user and logging in, I need to navigate back to the home page.
2026-01-19T23:56:57.1943017Z     ➕ Injected AI step: navigate -> ParaBank Home
2026-01-19T23:56:57.1944173Z   ▶️ [STEP step_19_ai_1] NAVIGATE: ParaBank Home
2026-01-19T23:56:57.7009538Z     ❌ Navigation failed to ParaBank Home: Page.goto: Protocol error (Page.navigate): Cannot navigate to invalid URL
2026-01-19T23:56:57.7010242Z Call log:
2026-01-19T23:56:57.7010585Z   - navigating to "ParaBank Home", waiting until "domcontentloaded"
2026-01-19T23:56:57.7010926Z 
2026-01-19T23:56:57.7011394Z     ⚠️ Critical step failure: Page.goto: Protocol error (Page.navigate): Cannot navigate to invalid URL
2026-01-19T23:56:57.7012247Z Call log:
2026-01-19T23:56:57.7012451Z   - navigating t
2026-01-19T23:56:59.7359598Z 
2026-01-19T23:56:59.7361591Z [2/3] Exploring Scenario: Contact Us Form Submission
2026-01-19T23:56:59.7362874Z     🧠 Initialized exploration context for goal: 'Submits the contact us form with valid data.'
2026-01-19T23:56:59.7363975Z     🎯 Scenario: Contact Us Form Submission
2026-01-19T23:56:59.7364544Z   ▶️ [STEP step_1] NAVIGATE: 
2026-01-19T23:57:00.4512412Z     ✅ Navigated to https://parabank.parasoft.com/
2026-01-19T23:57:00.4512985Z   ▶️ [STEP step_2] ASSERT_URL: 
2026-01-19T23:57:05.4809465Z     ⚠️ Scroll into view failed for text=None. Proceeding anyway.
2026-01-19T23:57:07.4832217Z     ✅ State transitioned.
2026-01-19T23:57:09.0916016Z [DEBUG] Sending request to gemini-2.0-flash. Number of parts: 2
2026-01-19T23:57:09.0916717Z [DEBUG] Received response (Length: 245)
2026-01-19T23:57:09.0917480Z     🤖 AI Next Step Suggestion: navigate -> Contact Us
2026-01-19T23:57:09.0918091Z     🧩 Suggested Locator: a[href*='contact.htm']
2026-01-19T23:57:09.0919170Z     💭 Reasoning: The goal is to submit the contact us form. The current page is the home page. Need to navigate to the contact us page.
2026-01-19T23:57:09.0920001Z     ➕ Injected AI step: navigate -> Contact Us
2026-01-19T23:57:09.0920432Z   ▶️ [STEP step_2_ai_1] NAVIGATE: Contact Us
2026-01-19T23:57:09.5990440Z     ❌ Navigation failed to Contact Us: Page.goto: Protocol error (Page.navigate): Cannot navigate to invalid URL
2026-01-19T23:57:09.5991622Z Call log:
2026-01-19T23:57:09.5992244Z   - navigating to "Contact Us", waiting until "domcontentloaded"
2026-01-19T23:57:09.5992897Z 
2026-01-19T23:57:09.5994114Z     ⚠️ Critical step failure: Page.goto: Protocol error (Page.navigate): Cannot navigate to invalid URL
2026-01-19T23:57:09.5995291Z Call log:
2026-01-19T23:57:09.5995692Z   - navigating t
2026-01-19T23:57:09.5996253Z   ▶️ [STEP step_3] CLICK: contact
2026-01-19T23:57:09.6056813Z     🔍 Mining locators for: 'contact'
2026-01-19T23:57:09.6705439Z     ✅ Found 4 verified locators
2026-01-19T23:57:13.2344007Z     ✅ State transitioned.
2026-01-19T23:57:14.9118675Z [DEBUG] Sending request to gemini-2.0-flash. Number of parts: 2
2026-01-19T23:57:14.9119576Z [DEBUG] Received response (Length: 199)
2026-01-19T23:57:14.9120488Z     🤖 AI Next Step Suggestion: fill -> Name
2026-01-19T23:57:14.9121180Z     🧩 Suggested Locator: input[id='name']
2026-01-19T23:57:14.9122287Z     💭 Reasoning: The contact us form needs to be filled. Filling the name field is the first step.
2026-01-19T23:57:14.9123360Z     ➕ Injected AI step: fill -> Name
2026-01-19T23:57:14.9124075Z   ▶️ [STEP step_3_ai_1] FILL: Name
2026-01-19T23:57:14.9273148Z     🎯 Using AI-provided locator: input[id='name']
2026-01-19T23:57:14.9334493Z     ✅ Found 1 verified locators
2026-01-19T23:57:20.6822908Z     ✅ State transitioned.
2026-01-19T23:57:22.2835841Z [DEBUG] Sending request to gemini-2.0-flash. Number of parts: 2
2026-01-19T23:57:22.2836467Z [DEBUG] Received response (Length: 230)
2026-01-19T23:57:22.2837300Z     🤖 AI Next Step Suggestion: fill -> Email
2026-01-19T23:57:22.2837732Z     🧩 Suggested Locator: #email
2026-01-19T23:57:22.2838555Z     💭 Reasoning: The 'Name' field has been filled. The next logical step is to fill the 'Email' field to complete the contact form.
2026-01-19T23:57:22.2839341Z     ➕ Injected AI step: fill -> Email
2026-01-19T23:57:22.2839733Z   ▶️ [STEP step_3_ai_2] FILL: Email
2026-01-19T23:57:22.2895312Z     🎯 Using AI-provided locator: #email
2026-01-19T23:57:22.2954029Z     ✅ Found 1 verified locators
2026-01-19T23:57:29.0566326Z     ✅ State transitioned.
2026-01-19T23:57:30.9573112Z [DEBUG] Sending request to gemini-2.0-flash. Number of parts: 2
2026-01-19T23:57:30.9574137Z [DEBUG] Received response (Length: 219)
2026-01-19T23:57:30.9575019Z     🤖 AI Next Step Suggestion: fill -> Phone
2026-01-19T23:57:30.9575657Z     🧩 Suggested Locator: input[id='phone']
2026-01-19T23:57:30.9577273Z     💭 Reasoning: The contact form requires phone number and message to be filled. Filling the phone number field.
2026-01-19T23:57:30.9578577Z     ➕ Injected AI step: fill -> Phone
2026-01-19T23:57:30.9579234Z   ▶️ [STEP step_3_ai_3] FILL: Phone
2026-01-19T23:57:30.9633330Z     🎯 Using AI-provided locator: input[id='phone']
2026-01-19T23:57:30.9690340Z     ✅ Found 1 verified locators
2026-01-19T23:57:37.3619162Z     ✅ State transitioned.
2026-01-19T23:57:39.2250497Z [DEBUG] Sending request to gemini-2.0-flash. Number of parts: 2
2026-01-19T23:57:39.2251203Z [DEBUG] Received response (Length: 184)
2026-01-19T23:57:39.2252033Z     🤖 AI Next Step Suggestion: fill -> message
2026-01-19T23:57:39.2252679Z     🧩 Suggested Locator: textarea[name='message']
2026-01-19T23:57:39.2253508Z     💭 Reasoning: The contact form requires a message to be submitted.
2026-01-19T23:57:39.2256877Z     ➕ Injected AI step: fill -> message
2026-01-19T23:57:39.2257435Z   ▶️ [STEP step_3_ai_4] FILL: message
2026-01-19T23:57:39.2311711Z     🎯 Using AI-provided locator: textarea[name='message']
2026-01-19T23:57:39.2374252Z     ✅ Found 1 verified locators
2026-01-19T23:57:46.0891305Z     ✅ State transitioned.
2026-01-19T23:57:47.7847622Z [DEBUG] Sending request to gemini-2.0-flash. Number of parts: 2
2026-01-19T23:57:47.7848087Z [DEBUG] Received response (Length: 186)
2026-01-19T23:57:47.7848809Z     🤖 AI Next Step Suggestion: click -> SEND TO CUSTOMER CARE
2026-01-19T23:57:47.7849361Z     💭 Reasoning: All the fields in the contact us form are filled. Now, submit the form.
2026-01-19T23:57:47.7849863Z     ➕ Injected AI step: click -> SEND TO CUSTOMER CARE
2026-01-19T23:57:47.7850252Z   ▶️ [STEP step_3_ai_5] CLICK: SEND TO CUSTOMER CARE
2026-01-19T23:57:47.7915575Z     🔍 Mining locators for: 'SEND TO CUSTOMER CARE'
2026-01-19T23:57:47.8293856Z     🧠 Consulting AI (Vision-First) to find 'SEND TO CUSTOMER CARE'...
2026-01-19T23:57:47.8294483Z     🔍 Trying smart selectors for 'SEND TO CUSTOMER CARE'...
2026-01-19T23:57:47.9250182Z     🔍 [SMART] Searching for: 'SEND TO CUSTOMER CARE' (trying 15+ strategies)
2026-01-19T23:57:47.9250925Z     ✅ Smart selector found 'SEND TO CUSTOMER CARE' via proximity-parent-1 (confidence: 0.8)
2026-01-19T23:57:47.9293561Z     ✅ Found 1 verified locators
2026-01-19T23:57:51.4844823Z     ✅ State transitioned.
2026-01-19T23:57:52.9892753Z [DEBUG] Sending request to gemini-2.0-flash. Number of parts: 2
2026-01-19T23:57:52.9893436Z [DEBUG] Received response (Length: 132)
2026-01-19T23:57:52.9894431Z     🤖 AI Next Step Suggestion: done -> N/A
2026-01-19T23:57:52.9895529Z     💭 Reasoning: The contact us form has been submitted successfully. The page displays a thank you message.
2026-01-19T23:57:52.9896528Z   ▶️ [STEP step_4] ASSERT_URL: 
2026-01-19T23:57:58.0182567Z     ⚠️ Scroll into view failed for text=None. Proceeding anyway.
2026-01-19T23:58:00.0206149Z     ✅ State transitioned.
2026-01-19T23:58:01.4822599Z [DEBUG] Sending request to gemini-2.0-flash. Number of parts: 2
2026-01-19T23:58:01.4823135Z [DEBUG] Received response (Length: 257)
2026-01-19T23:58:01.4824443Z     🤖 AI Next Step Suggestion: done -> N/A
2026-01-19T23:58:01.4825644Z     💭 Reasoning: The contact us form has been submitted successfully, as indicated by the 'Thank you test name' message and the confirmation that a Customer Care Representative will be contacting the user. The goal has been achieved.
2026-01-19T23:58:01.4826752Z     ⚡ PARALLEL MODE: Batching 4 fill steps
2026-01-19T23:58:01.4827276Z     ⚡ Batch mining 4 fields in parallel...
2026-01-19T23:58:01.5274552Z     🔍 Trying smart selectors for 'email'...
2026-01-19T23:58:01.5280860Z     🔍 [SMART] Searching for: 'email' (trying 15+ strategies)
2026-01-19T23:58:01.5281589Z     🔍 Trying smart selectors for 'phone'...
2026-01-19T23:58:01.5295252Z     🔍 [SMART] Searching for: 'phone' (trying 15+ strategies)
2026-01-19T23:58:01.5296215Z     🔍 Trying smart selectors for 'message'...
2026-01-19T23:58:01.6543569Z     🔍 [SMART] Searching for: 'message' (trying 15+ strategies)
2026-01-19T23:58:01.6545124Z     ⚠️ Smart selectors failed (no unique match). Falling back to AI Vision...
2026-01-19T23:58:01.6547501Z     🧠 [EXPERT] Strategy: Act as a Senior SDET focusing on exploring application to understand functional flow and automating FinTech scenarios. Focus on the end-to-end functional flow (e.g., Account Creation, Login, Funds Transfer, Loan Application). Prioritize identifying stable locators and interactive elements for automation. Ensure core banking features are accessible and functional.
2026-01-19T23:58:01.6563962Z     ⚠️ Smart selectors failed (no unique match). Falling back to AI Vision...
2026-01-19T23:58:01.6567957Z     🧠 [EXPERT] Strategy: Act as a Senior SDET focusing on exploring application to understand functional flow and automating FinTech scenarios. Focus on the end-to-end functional flow (e.g., Account Creation, Login, Funds Transfer, Loan Application). Prioritize identifying stable locators and interactive elements for automation. Ensure core banking features are accessible and functional.
2026-01-19T23:58:01.6572626Z     ⚠️ Smart selectors failed (no unique match). Falling back to AI Vision...
2026-01-19T23:58:01.6575026Z     🧠 [EXPERT] Strategy: Act as a Senior SDET focusing on exploring application to understand functional flow and automating FinTech scenarios. Focus on the end-to-end functional flow (e.g., Account Creation, Login, Funds Transfer, Loan Application). Prioritize identifying stable locators and interactive elements for automation. Ensure core banking features are accessible and functional.
2026-01-19T23:58:07.1265098Z [DEBUG] Sending request to gemini-2.0-flash. Number of parts: 2
2026-01-19T23:58:07.1266075Z [DEBUG] Sending request to gemini-2.0-flash. Number of parts: 2
2026-01-19T23:58:07.1266807Z [DEBUG] Sending request to gemini-2.0-flash. Number of parts: 2
2026-01-19T23:58:07.1267537Z [DEBUG] Received response (Length: 188)
2026-01-19T23:58:07.1267934Z [DEBUG] Received response (Length: 234)
2026-01-19T23:58:07.1268311Z [DEBUG] Received response (Length: 321)
2026-01-19T23:58:07.1268923Z     ✅ Batch mined 'name' (2 locators)
2026-01-19T23:58:07.1269496Z     ✅ Batch mined 'email' (1 locators)
2026-01-19T23:58:07.1269918Z     ✅ Batch mined 'phone' (1 locators)
2026-01-19T23:58:07.1270324Z     ✅ Batch mined 'message' (2 locators)
2026-01-19T23:58:07.1270751Z     ✅ Batch mined 4/4 steps successfully
2026-01-19T23:58:07.1271225Z   ▶️ [STEP step_9] CLICK: Send to Customer Care
2026-01-19T23:58:07.1336883Z     🔍 Mining locators for: 'Send to Customer Care'
2026-01-19T23:58:07.1783194Z     🧠 Consulting AI (Vision-First) to find 'Send to Customer Care'...
2026-01-19T23:58:07.1784248Z     🔍 Trying smart selectors for 'Send to Customer Care'...
2026-01-19T23:58:07.2775600Z     🔍 [SMART] Searching for: 'Send to Customer Care' (trying 15+ strategies)
2026-01-19T23:58:07.2776964Z     ⚠️ Smart selectors failed (no unique match). Falling back to AI Vision...
2026-01-19T23:58:07.2780281Z     🧠 [EXPERT] Strategy: Act as a Senior SDET focusing on exploring application to understand functional flow and automating FinTech scenarios. Focus on the end-to-end functional flow (e.g., Account Creation, Login, Funds Transfer, Loan Application). Prioritize identifying stable locators and interactive elements for automation. Ensure core banking features are accessible and functional.
2026-01-19T23:58:11.6052502Z [DEBUG] Sending request to gemini-2.0-flash. Number of parts: 2
2026-01-19T23:58:11.6053273Z [DEBUG] Received response (Length: 283)
2026-01-19T23:58:11.6055266Z     💡 Expert Suggestion: The 'Contact Us' link in the footer is the most likely place to find options for contacting customer care, including 'Send to Customer Care'.
2026-01-19T23:58:11.6056413Z     🛠️ Executing corrective action: click -> 'Contact Us'
2026-01-19T23:58:12.2051846Z     ✅ Executed corrective navigation
2026-01-19T23:58:14.2083419Z     🔄 Retry 1/3 mining locators for 'Send to Customer Care'...
2026-01-19T23:58:15.2618455Z     🧠 Consulting AI (Vision-First) to find 'Send to Customer Care'...
2026-01-19T23:58:15.2619305Z     🔍 Trying smart selectors for 'Send to Customer Care'...
2026-01-19T23:58:15.3202408Z     🔍 [SMART] Searching for: 'Send to Customer Care' (trying 15+ strategies)
2026-01-19T23:58:15.3203561Z     ✅ Smart selector found 'Send to Customer Care' via button-text-is (confidence: 0.88)
2026-01-19T23:58:15.3243006Z     ✅ Found 1 verified locators
2026-01-19T23:58:18.8808942Z     ✅ State transitioned.
2026-01-19T23:58:20.4300407Z [DEBUG] Sending request to gemini-2.0-flash. Number of parts: 2
2026-01-19T23:58:20.4301148Z [DEBUG] Received response (Length: 158)
2026-01-19T23:58:20.4302037Z     🤖 AI Next Step Suggestion: fill -> Name
2026-01-19T23:58:20.4302621Z     🧩 Suggested Locator: #name
2026-01-19T23:58:20.4303537Z     💭 Reasoning: The form requires a name, and it hasn't been filled yet.
2026-01-19T23:58:20.4305083Z     ➕ Injected AI step: fill -> Name
2026-01-19T23:58:20.4305741Z   ▶️ [STEP step_9_ai_1] FILL: Name
2026-01-19T23:58:20.4459492Z     🎯 Using AI-provided locator: #name
2026-01-19T23:58:20.4516722Z     ✅ Found 1 verified locators
2026-01-19T23:58:25.9981552Z     ✅ State transitioned.
2026-01-19T23:58:27.4909526Z [DEBUG] Sending request to gemini-2.0-flash. Number of parts: 2
2026-01-19T23:58:27.4910422Z [DEBUG] Received response (Length: 169)
2026-01-19T23:58:27.4911406Z     🤖 AI Next Step Suggestion: fill -> email
2026-01-19T23:58:27.4911895Z     🧩 Suggested Locator: #email
2026-01-19T23:58:27.4912472Z     💭 Reasoning: The email field is required and has not been filled yet.
2026-01-19T23:58:27.4913081Z     ➕ Injected AI step: fill -> email
2026-01-19T23:58:27.4913512Z   ▶️ [STEP step_9_ai_2] FILL: email
2026-01-19T23:58:27.4967926Z     🎯 Using AI-provided locator: #email
2026-01-19T23:58:27.5026200Z     ✅ Found 1 verified locators
2026-01-19T23:58:34.4527053Z     ✅ State transitioned.
2026-01-19T23:58:36.2297151Z [DEBUG] Sending request to gemini-2.0-flash. Number of parts: 2
2026-01-19T23:58:36.2297610Z [DEBUG] Received response (Length: 205)
2026-01-19T23:58:36.2298285Z     🤖 AI Next Step Suggestion: fill -> phone
2026-01-19T23:58:36.2298810Z     🧩 Suggested Locator: input[id='phone']
2026-01-19T23:58:36.2299343Z     💭 Reasoning: The phone field is visible and needs to be filled to complete the contact us form.
2026-01-19T23:58:36.2299850Z     ➕ Injected AI step: fill -> phone
2026-01-19T23:58:36.2300154Z   ▶️ [STEP step_9_ai_3] FILL: phone
2026-01-19T23:58:36.2359035Z     🎯 Using AI-provided locator: input[id='phone']
2026-01-19T23:58:36.2411014Z     ✅ Found 1 verified locators
2026-01-19T23:58:42.3488606Z     ✅ State transitioned.
2026-01-19T23:58:44.1143899Z [DEBUG] Sending request to gemini-2.0-flash. Number of parts: 2
2026-01-19T23:58:44.1144547Z [DEBUG] Received response (Length: 244)
2026-01-19T23:58:44.1145255Z     🤖 AI Next Step Suggestion: fill -> message
2026-01-19T23:58:44.1145674Z     🧩 Suggested Locator: textarea[name='message']
2026-01-19T23:58:44.1146368Z     💭 Reasoning: The contact us form requires a message. Filling the message field is the next logical step to complete the form.
2026-01-19T23:58:44.1146992Z     ➕ Injected AI step: fill -> message
2026-01-19T23:58:44.1147305Z   ▶️ [STEP step_9_ai_4] FILL: message
2026-01-19T23:58:44.1200487Z     🎯 Using AI-provided locator: textarea[name='message']
2026-01-19T23:58:44.1254030Z     ✅ Found 1 verified locators
2026-01-19T23:58:50.5395972Z     ✅ State transitioned.
2026-01-19T23:58:52.5186699Z [DEBUG] Sending request to gemini-2.0-flash. Number of parts: 2
2026-01-19T23:58:52.5187359Z [DEBUG] Received response (Length: 366)
2026-01-19T23:58:52.5188127Z     🤖 AI Next Step Suggestion: click -> Send to Customer Care
2026-01-19T23:58:52.5189394Z     💭 Reasoning: The form is filled, but the error message 'Message is required' is still visible. Clicking 'Send to Customer Care' again will submit the form with the provided data, even if it's incomplete, and potentially reveal further validation errors or success.
2026-01-19T23:58:52.5193428Z     ➕ Injected AI step: click -> Send to Customer Care
2026-01-19T23:58:52.5194340Z   ▶️ [STEP step_9_ai_5] CLICK: Send to Customer Care
2026-01-19T23:58:52.5246878Z     🔍 Mining locators for: 'Send to Customer Care'
2026-01-19T23:58:52.5767309Z     🧠 Consulting AI (Vision-First) to find 'Send to Customer Care'...
2026-01-19T23:58:52.5767888Z     🔍 Trying smart selectors for 'Send to Customer Care'...
2026-01-19T23:58:52.6236482Z     🔍 [SMART] Searching for: 'Send to Customer Care' (trying 15+ strategies)
2026-01-19T23:58:52.6237616Z     ✅ Smart selector found 'Send to Customer Care' via button-text-is (confidence: 0.88)
2026-01-19T23:58:52.6275141Z     ✅ Found 1 verified locators
2026-01-19T23:58:56.1780138Z     ✅ State transitioned.
2026-01-19T23:58:57.8571467Z [DEBUG] Sending request to gemini-2.0-flash. Number of parts: 2
2026-01-19T23:58:57.8572174Z [DEBUG] Received response (Length: 242)
2026-01-19T23:58:57.8572760Z     🤖 AI Next Step Suggestion: done -> N/A
2026-01-19T23:58:57.8574330Z     💭 Reasoning: The contact us form has been submitted successfully. The page displays a confirmation message: 'A Customer Care Representative will be contacting you.' and 'Thank you test'. The goal has been achieved.
2026-01-19T23:58:57.8575637Z   ▶️ [STEP step_10] ASSERT_VISIBLE: Thank you for contacting Customer Care.
2026-01-19T23:58:57.8743108Z     🔍 Mining locators for: 'Thank you for contacting Customer Care.'
2026-01-19T23:58:57.9261090Z     🧠 Consulting AI (Vision-First) to find 'Thank you for contacting Customer Care.'...
2026-01-19T23:58:57.9261748Z     🔍 Trying smart selectors for 'Thank you for contacting Customer Care.'...
2026-01-19T23:58:58.0463163Z     🔍 [SMART] Searching for: 'Thank you for contacting Customer Care.' (trying 15+ strategies)
2026-01-19T23:58:58.0464225Z     ⚠️ Smart selectors failed (no unique match). Falling back to AI Vision...
2026-01-19T23:58:58.0467492Z     🧠 [EXPERT] Strategy: Act as a Senior SDET focusing on exploring application to understand functional flow and automating FinTech scenarios. Focus on the end-to-end functional flow (e.g., Account Creation, Login, Funds Transfer, Loan Application). Prioritize identifying stable locators and interactive elements for automation. Ensure core banking features are accessible and functional.
2026-01-19T23:59:03.2596169Z [DEBUG] Sending request to gemini-2.0-flash. Number of parts: 2
2026-01-19T23:59:03.2596592Z [DEBUG] Received response (Length: 542)
2026-01-19T23:59:03.2597107Z     ⚠️ Critical step failure: 'priority'
2026-01-19T23:59:05.2927300Z 
2026-01-19T23:59:05.2928245Z [3/3] Exploring Scenario: Admin Page Initialization
2026-01-19T23:59:05.2930487Z     🧠 Initialized exploration context for goal: 'Navigates to the admin page and initializes the database.'
2026-01-19T23:59:05.2931982Z     🎯 Scenario: Admin Page Initialization
2026-01-19T23:59:05.2932796Z   ▶️ [STEP step_1] NAVIGATE: 
2026-01-19T23:59:05.9645519Z     ✅ Navigated to https://parabank.parasoft.com/
2026-01-19T23:59:05.9646578Z   ▶️ [STEP step_2] ASSERT_URL: 
2026-01-19T23:59:10.9916118Z     ⚠️ Scroll into view failed for text=None. Proceeding anyway.
2026-01-19T23:59:12.9938823Z     ✅ State transitioned.
2026-01-19T23:59:14.7480694Z [DEBUG] Sending request to gemini-2.0-flash. Number of parts: 2
2026-01-19T23:59:14.7481616Z [DEBUG] Received response (Length: 246)
2026-01-19T23:59:14.7482590Z     🤖 AI Next Step Suggestion: click -> Admin Page
2026-01-19T23:59:14.7483527Z     🧩 Suggested Locator: a[href*='admin.htm']
2026-01-19T23:59:14.7485210Z     💭 Reasoning: The goal is to navigate to the admin page and initialize the database. The 'Admin Page' link is visible and directly leads to the admin page.
2026-01-19T23:59:14.7486470Z     ➕ Injected AI step: click -> Admin Page
2026-01-19T23:59:14.7487026Z   ▶️ [STEP step_2_ai_1] CLICK: Admin Page
2026-01-19T23:59:14.7542236Z     🎯 Using AI-provided locator: a[href*='admin.htm']
2026-01-19T23:59:14.7565688Z     🔍 Mining locators for: 'Admin Page'
2026-01-19T23:59:14.8224622Z     ✅ Found 2 verified locators
2026-01-19T23:59:18.3958767Z     ✅ State transitioned.
2026-01-19T23:59:20.0451630Z [DEBUG] Sending request to gemini-2.0-flash. Number of parts: 2
2026-01-19T23:59:20.0452911Z [DEBUG] Received response (Length: 229)
2026-01-19T23:59:20.0454087Z     🤖 AI Next Step Suggestion: click -> INITIALIZE
2026-01-19T23:59:20.0455090Z     🧩 Suggested Locator: button[name='action'][value='INIT']
2026-01-19T23:59:20.0456809Z     💭 Reasoning: The goal is to initialize the database, and the 'INITIALIZE' button is the next logical step to achieve this.
2026-01-19T23:59:20.0458308Z     ➕ Injected AI step: click -> INITIALIZE
2026-01-19T23:59:20.0459075Z   ▶️ [STEP step_2_ai_2] CLICK: INITIALIZE
2026-01-19T23:59:20.0618800Z     🎯 Using AI-provided locator: button[name='action'][value='INIT']
2026-01-19T23:59:20.0682633Z     ✅ Found 1 verified locators
2026-01-19T23:59:24.1280075Z     ✅ State transitioned.
2026-01-19T23:59:25.6875962Z [DEBUG] Sending request to gemini-2.0-flash. Number of parts: 2
2026-01-19T23:59:25.6876608Z [DEBUG] Received response (Length: 154)
2026-01-19T23:59:25.6877303Z     🤖 AI Next Step Suggestion: done -> N/A
2026-01-19T23:59:25.6878530Z     💭 Reasoning: The database has been initialized. There are no further actions to take on this page to achieve the current goal.
2026-01-19T23:59:25.6879597Z   ▶️ [STEP step_3] CLICK: Admin Page
2026-01-19T23:59:25.7031134Z     🔍 Mining locators for: 'Admin Page'
2026-01-19T23:59:25.7723961Z     ✅ Found 2 verified locators
2026-01-19T23:59:29.3467898Z     ✅ State transitioned.
2026-01-19T23:59:29.3540136Z     🔄 Revisited state detected (count: 1)
2026-01-19T23:59:30.9390055Z [DEBUG] Sending request to gemini-2.0-flash. Number of parts: 2
2026-01-19T23:59:30.9390734Z [DEBUG] Received response (Length: 281)
2026-01-19T23:59:30.9391610Z     🤖 AI Next Step Suggestion: click -> INITIALIZE
2026-01-19T23:59:30.9392258Z     🧩 Suggested Locator: button[name='action']
2026-01-19T23:59:30.9393231Z     💭 Reasoning: The goal is to initialize the database, and the INITIALIZE button is available. It was clicked before, but it's possible the initialization failed or needs to be re-triggered.
2026-01-19T23:59:30.9394703Z ⚠️ Loop detected: same AI suggestion repeated 2 times without state change. Moving to next step.
2026-01-19T23:59:30.9395240Z   ▶️ [STEP step_4] ASSERT_URL: 
2026-01-19T23:59:35.9645280Z     ⚠️ Scroll into view failed for text=None. Proceeding anyway.
2026-01-19T23:59:37.9668769Z     ✅ State transitioned.
2026-01-19T23:59:39.6657989Z [DEBUG] Sending request to gemini-2.0-flash. Number of parts: 2
2026-01-19T23:59:39.6658540Z [DEBUG] Received response (Length: 303)
2026-01-19T23:59:39.6659332Z     🤖 AI Next Step Suggestion: click -> INITIALIZE
2026-01-19T23:59:39.6659937Z     🧩 Suggested Locator: button[name='action'][value='INITIALIZE']
2026-01-19T23:59:39.6661093Z     💭 Reasoning: The goal is to initialize the database, and the 'INITIALIZE' button is available. It was clicked before, but it's possible the initialization failed or needs to be re-triggered.
2026-01-19T23:59:39.6662125Z     ➕ Injected AI step: click -> INITIALIZE
2026-01-19T23:59:39.6662459Z   ▶️ [STEP step_4_ai_1] CLICK: INITIALIZE
2026-01-19T23:59:39.6721138Z     🎯 Using AI-provided locator: button[name='action'][value='INITIALIZE']
2026-01-19T23:59:39.6740263Z     🔍 Mining locators for: 'INITIALIZE'
2026-01-19T23:59:39.7342492Z     ✅ Found 1 verified locators
2026-01-19T23:59:43.7971470Z     ✅ State transitioned.
2026-01-19T23:59:43.8040790Z     🔄 Revisited state detected (count: 1)
2026-01-19T23:59:45.5710104Z [DEBUG] Sending request to gemini-2.0-flash. Number of parts: 2
2026-01-19T23:59:45.5710693Z [DEBUG] Received response (Length: 203)
2026-01-19T23:59:45.5711350Z     🤖 AI Next Step Suggestion: done -> N/A
2026-01-19T23:59:45.5712605Z     💭 Reasoning: The database has been initialized as per the current page state. The initial goal of navigating to the admin page and initializing the database has been achieved.
2026-01-19T23:59:45.5714338Z   ▶️ [STEP step_5] CLICK: Initialize
2026-01-19T23:59:45.5870064Z     🔍 Mining locators for: 'Initialize'
2026-01-19T23:59:45.6598855Z     ✅ Found 2 verified locators
2026-01-19T23:59:49.2287457Z     ✅ State transitioned.
2026-01-19T23:59:50.8428963Z [DEBUG] Sending request to gemini-2.0-flash. Number of parts: 2
2026-01-19T23:59:50.8429782Z [DEBUG] Received response (Length: 203)
2026-01-19T23:59:50.8430671Z     🤖 AI Next Step Suggestion: done -> N/A
2026-01-19T23:59:50.8432850Z     💭 Reasoning: The database has been initialized as per the current page state. The initial goal of navigating to the admin page and initializing the database has been achieved.
2026-01-19T23:59:50.8435191Z   ▶️ [STEP step_6] ASSERT_VISIBLE: Database Initialized
2026-01-19T23:59:50.8490753Z     🔍 Mining locators for: 'Database Initialized'
2026-01-19T23:59:50.9136982Z     ✅ Found 1 verified locators
2026-01-19T23:59:53.4428213Z     ✅ State transitioned.
2026-01-19T23:59:53.4484927Z     🔄 Revisited state detected (count: 1)
2026-01-19T23:59:55.4872826Z [DEBUG] Sending request to gemini-2.0-flash. Number of parts: 2
2026-01-19T23:59:55.4873351Z [DEBUG] Received response (Length: 104)
2026-01-19T23:59:55.4874196Z     🤖 AI Next Step Suggestion: done -> N/A
2026-01-19T23:59:55.4874830Z     💭 Reasoning: The database has been initialized, fulfilling the current goal.
2026-01-19T23:59:57.5221005Z 🗂️  All generated tests written to /home/runner/work/build_qa_automation/build_qa_automation/projects/ci_parabank_banking/tests/generated_scenarios.json
2026-01-19T23:59:57.5222162Z 
2026-01-19T23:59:57.5222679Z 📝 Processing scenario 'Account Registration and Login' with 51 steps
2026-01-19T23:59:57.5223526Z   🔍 Step 2 (fill): Found 1 mined locators
2026-01-19T23:59:57.5224487Z       ✅ Kept robust locator (0.95): input[name='username']...
2026-01-19T23:59:57.5225283Z   💾 Saved 1 robust locators (top stability: 0.95)
2026-01-19T23:59:57.5226029Z   🔍 Step 3 (fill): Found 1 mined locators
2026-01-19T23:59:57.5226766Z       ✅ Kept robust locator (0.95): input[name='password']...
2026-01-19T23:59:57.5227564Z   💾 Saved 1 robust locators (top stability: 0.95)
2026-01-19T23:59:57.5228248Z   🔍 Step 4 (click): Found 1 mined locators
2026-01-19T23:59:57.5229059Z       ✅ Kept robust locator (0.77): text=LOG IN >> xpath=.. >> input...
2026-01-19T23:59:57.5229877Z   💾 Saved 1 robust locators (top stability: 0.77)
2026-01-19T23:59:57.5230564Z   🔍 Step 5 (click): Found 1 mined locators
2026-01-19T23:59:57.5231292Z       ✅ Kept robust locator (0.95): a[href='register.htm']...
2026-01-19T23:59:57.5232055Z   💾 Saved 1 robust locators (top stability: 0.95)
2026-01-19T23:59:57.5232718Z   🔍 Step 6 (fill): Found 1 mined locators
2026-01-19T23:59:57.5233422Z       ✅ Kept robust locator (0.95): #customer\.firstName...
2026-01-19T23:59:57.5234310Z   💾 Saved 1 robust locators (top stability: 0.95)
2026-01-19T23:59:57.5234977Z   🔍 Step 7 (fill): Found 1 mined locators
2026-01-19T23:59:57.5235761Z       ✅ Kept robust locator (1.05): input[id='customer.lastName']...
2026-01-19T23:59:57.5236575Z   💾 Saved 1 robust locators (top stability: 1.00)
2026-01-19T23:59:57.5237244Z   🔍 Step 8 (fill): Found 1 mined locators
2026-01-19T23:59:57.5238097Z       ✅ Kept robust locator (1.05): input[id='customer.address.street']...
2026-01-19T23:59:57.5238961Z   💾 Saved 1 robust locators (top stability: 1.00)
2026-01-19T23:59:57.5239612Z   🔍 Step 9 (fill): Found 1 mined locators
2026-01-19T23:59:57.5240413Z       ✅ Kept robust locator (1.05): input[id='customer.address.city']...
2026-01-19T23:59:57.5241257Z   💾 Saved 1 robust locators (top stability: 1.00)
2026-01-19T23:59:57.5241923Z   🔍 Step 10 (fill): Found 1 mined locators
2026-01-19T23:59:57.5242720Z       ✅ Kept robust locator (1.05): input[id='customer.address.state']...
2026-01-19T23:59:57.5243570Z   💾 Saved 1 robust locators (top stability: 1.00)
2026-01-19T23:59:57.5244415Z   🔍 Step 11 (fill): Found 1 mined locators
2026-01-19T23:59:57.5245572Z       ✅ Kept robust locator (1.05): input[id='customer.address.zipCode']...
2026-01-19T23:59:57.5246432Z   💾 Saved 1 robust locators (top stability: 1.00)
2026-01-19T23:59:57.5247083Z   🔍 Step 12 (fill): Found 1 mined locators
2026-01-19T23:59:57.5248123Z       ✅ Kept robust locator (1.05): input[id='customer.phoneNumber']...
2026-01-19T23:59:57.5248996Z   💾 Saved 1 robust locators (top stability: 1.00)
2026-01-19T23:59:57.5249686Z   🔍 Step 13 (fill): Found 1 mined locators
2026-01-19T23:59:57.5250416Z       ✅ Kept robust locator (1.05): input[id='customer.ssn']...
2026-01-19T23:59:57.5251181Z   💾 Saved 1 robust locators (top stability: 1.00)
2026-01-19T23:59:57.5251832Z   🔍 Step 14 (fill): Found 1 mined locators
2026-01-19T23:59:57.5252522Z       ✅ Kept robust locator (0.95): #customer\.username...
2026-01-19T23:59:57.5253262Z   💾 Saved 1 robust locators (top stability: 0.95)
2026-01-19T23:59:57.5254091Z   🔍 Step 15 (fill): Found 1 mined locators
2026-01-19T23:59:57.5254826Z       ✅ Kept robust locator (0.95): #customer\.password...
2026-01-19T23:59:57.5255567Z   💾 Saved 1 robust locators (top stability: 0.95)
2026-01-19T23:59:57.5256282Z   🔍 Step 16 (fill): Found 1 mined locators
2026-01-19T23:59:57.5257070Z       ✅ Kept robust locator (1.05): input[id='repeatedPassword']...
2026-01-19T23:59:57.5257876Z   💾 Saved 1 robust locators (top stability: 1.00)
2026-01-19T23:59:57.5258551Z   🔍 Step 17 (click): Found 2 mined locators
2026-01-19T23:59:57.5259299Z       ✅ Kept robust locator (0.80): role=link[name='Register']...
2026-01-19T23:59:57.5260084Z       ✅ Kept robust locator (0.70): text='Register'...
2026-01-19T23:59:57.5260797Z   💾 Saved 2 robust locators (top stability: 0.80)
2026-01-19T23:59:57.5261455Z   🔍 Step 18 (fill): Found 1 mined locators
2026-01-19T23:59:57.5262151Z       ✅ Kept robust locator (0.95): #customer\.firstName...
2026-01-19T23:59:57.5262894Z   💾 Saved 1 robust locators (top stability: 0.95)
2026-01-19T23:59:57.5263547Z   🔍 Step 19 (fill): Found 1 mined locators
2026-01-19T23:59:57.5264432Z       ✅ Kept robust locator (0.95): #customer\.lastName...
2026-01-19T23:59:57.5265161Z   💾 Saved 1 robust locators (top stability: 0.95)
2026-01-19T23:59:57.5265817Z   🔍 Step 20 (fill): Found 1 mined locators
2026-01-19T23:59:57.5266562Z       ✅ Kept robust locator (0.95): #customer\.address\.street...
2026-01-19T23:59:57.5267365Z   💾 Saved 1 robust locators (top stability: 0.95)
2026-01-19T23:59:57.5268020Z   🔍 Step 21 (fill): Found 1 mined locators
2026-01-19T23:59:57.5268858Z       ✅ Kept robust locator (0.90): input[name='customer.address.city']...
2026-01-19T23:59:57.5269704Z   💾 Saved 1 robust locators (top stability: 0.90)
2026-01-19T23:59:57.5270362Z   🔍 Step 22 (fill): Found 1 mined locators
2026-01-19T23:59:57.5271165Z       ✅ Kept robust locator (1.05): input[id='customer.address.state']...
2026-01-19T23:59:57.5272039Z   💾 Saved 1 robust locators (top stability: 1.00)
2026-01-19T23:59:57.5272832Z   🔍 Step 23 (fill): Found 1 mined locators
2026-01-19T23:59:57.5273836Z       ✅ Kept robust locator (1.05): input[id='customer.address.zipCode']...
2026-01-19T23:59:57.5274686Z   💾 Saved 1 robust locators (top stability: 1.00)
2026-01-19T23:59:57.5275355Z   🔍 Step 25 (click): Found 2 mined locators
2026-01-19T23:59:57.5276136Z       ✅ Kept robust locator (0.80): role=link[name='Register']...
2026-01-19T23:59:57.5276928Z       ✅ Kept robust locator (0.70): text='Register'...
2026-01-19T23:59:57.5277642Z   💾 Saved 2 robust locators (top stability: 0.80)
2026-01-19T23:59:57.5278299Z   🔍 Step 26 (fill): Found 1 mined locators
2026-01-19T23:59:57.5278991Z       ✅ Kept robust locator (0.95): #customer\.firstName...
2026-01-19T23:59:57.5279737Z   💾 Saved 1 robust locators (top stability: 0.95)
2026-01-19T23:59:57.5280413Z   🔍 Step 27 (fill): Found 1 mined locators
2026-01-19T23:59:57.5281097Z       ✅ Kept robust locator (0.95): #customer\.lastName...
2026-01-19T23:59:57.5281847Z   💾 Saved 1 robust locators (top stability: 0.95)
2026-01-19T23:59:57.5282775Z   🔍 Step 29 (fill): Found 3 mined locators
2026-01-19T23:59:57.5283534Z       ✅ Kept robust locator (0.90): ...
2026-01-19T23:59:57.5284312Z       ✅ Kept robust locator (0.80): ...
2026-01-19T23:59:57.5284966Z       ⚠️ Skipping low-confidence locator (0.60): ...
2026-01-19T23:59:57.5285897Z   💾 Saved 2 robust locators (top stability: 0.90)
2026-01-19T23:59:57.5286600Z   🔍 Step 30 (fill): Found 3 mined locators
2026-01-19T23:59:57.5287210Z       ✅ Kept robust locator (0.95): ...
2026-01-19T23:59:57.5287786Z       ✅ Kept robust locator (0.85): ...
2026-01-19T23:59:57.5288362Z       ✅ Kept robust locator (0.75): ...
2026-01-19T23:59:57.5288999Z   💾 Saved 3 robust locators (top stability: 0.95)
2026-01-19T23:59:57.5289655Z   🔍 Step 31 (fill): Found 3 mined locators
2026-01-19T23:59:57.5290238Z       ✅ Kept robust locator (0.90): ...
2026-01-19T23:59:57.5290810Z       ✅ Kept robust locator (0.80): ...
2026-01-19T23:59:57.5291456Z       ⚠️ Skipping low-confidence locator (0.60): ...
2026-01-19T23:59:57.5292189Z   💾 Saved 2 robust locators (top stability: 0.90)
2026-01-19T23:59:57.5292840Z   🔍 Step 32 (fill): Found 2 mined locators
2026-01-19T23:59:57.5293439Z       ✅ Kept robust locator (0.90): ...
2026-01-19T23:59:57.5294448Z       ⚠️ Skipping low-confidence locator (0.60): ...
2026-01-19T23:59:57.5295201Z   💾 Saved 1 robust locators (top stability: 0.90)
2026-01-19T23:59:57.5295866Z   🔍 Step 33 (fill): Found 2 mined locators
2026-01-19T23:59:57.5296476Z       ✅ Kept robust locator (0.90): ...
2026-01-19T23:59:57.5297126Z       ⚠️ Skipping low-confidence locator (0.60): ...
2026-01-19T23:59:57.5297861Z   💾 Saved 1 robust locators (top stability: 0.90)
2026-01-19T23:59:57.5298525Z   🔍 Step 34 (fill): Found 3 mined locators
2026-01-19T23:59:57.5299360Z       ✅ Kept robust locator (0.90): input[name='customer.address.zipCode']...
2026-01-19T23:59:57.5300370Z       ⚠️ Skipping low-confidence locator (0.60): input:nth-of-type(6)...
2026-01-19T23:59:57.5301488Z       ⚠️ Skipping low-confidence locator (0.40): input[id='customer.address.zipCode']...
2026-01-19T23:59:57.5302523Z   💾 Saved 1 robust locators (top stability: 0.90)
2026-01-19T23:59:57.5303185Z   🔍 Step 35 (fill): Found 4 mined locators
2026-01-19T23:59:57.5304089Z       ✅ Kept robust locator (0.90): input[name='phone']...
2026-01-19T23:59:57.5304882Z       ✅ Kept robust locator (0.80): input[id='phone']...
2026-01-19T23:59:57.5305743Z       ✅ Kept robust locator (0.80): input[name='customer.phoneNumber']...
2026-01-19T23:59:57.5306730Z       ⚠️ Skipping low-confidence locator (0.60): input[title='Phone']...
2026-01-19T23:59:57.5307562Z   💾 Saved 3 robust locators (top stability: 0.90)
2026-01-19T23:59:57.5308223Z   🔍 Step 36 (fill): Found 3 mined locators
2026-01-19T23:59:57.5308833Z       ✅ Kept robust locator (0.90): ...
2026-01-19T23:59:57.5309412Z       ✅ Kept robust locator (0.70): ...
2026-01-19T23:59:57.5310057Z       ⚠️ Skipping low-confidence locator (0.60): ...
2026-01-19T23:59:57.5310764Z   💾 Saved 2 robust locators (top stability: 0.90)
2026-01-19T23:59:57.5311443Z   🔍 Step 37 (fill): Found 3 mined locators
2026-01-19T23:59:57.5312049Z       ✅ Kept robust locator (0.90): ...
2026-01-19T23:59:57.5312623Z       ✅ Kept robust locator (0.70): ...
2026-01-19T23:59:57.5313278Z       ⚠️ Skipping low-confidence locator (0.60): ...
2026-01-19T23:59:57.5314199Z   💾 Saved 2 robust locators (top stability: 0.90)
2026-01-19T23:59:57.5314867Z   🔍 Step 38 (fill): Found 3 mined locators
2026-01-19T23:59:57.5315592Z       ✅ Kept robust locator (0.90): input[name='password']...
2026-01-19T23:59:57.5316387Z       ✅ Kept robust locator (0.90): input[id='password']...
2026-01-19T23:59:57.5317189Z       ✅ Kept robust locator (0.70): input[type='password']...
2026-01-19T23:59:57.5317946Z   💾 Saved 3 robust locators (top stability: 0.90)
2026-01-19T23:59:57.5318610Z   🔍 Step 39 (fill): Found 1 mined locators
2026-01-19T23:59:57.5319389Z       ✅ Kept robust locator (0.90): input[name='repeatedpassword' i]...
2026-01-19T23:59:57.5320220Z   💾 Saved 1 robust locators (top stability: 0.90)
2026-01-19T23:59:57.5321152Z   🔍 Step 40 (fill): Found 1 mined locators
2026-01-19T23:59:57.5321925Z       ✅ Kept robust locator (1.05): input[id='customer.lastName']...
2026-01-19T23:59:57.5322737Z   💾 Saved 1 robust locators (top stability: 1.00)
2026-01-19T23:59:57.5323541Z   🔍 Step 41 (fill): Found 1 mined locators
2026-01-19T23:59:57.5324558Z       ✅ Kept robust locator (1.05): input[id='customer.address.street']...
2026-01-19T23:59:57.5325358Z   💾 Saved 1 robust locators (top stability: 1.00)
2026-01-19T23:59:57.5325971Z   🔍 Step 42 (fill): Found 1 mined locators
2026-01-19T23:59:57.5326635Z       ✅ Kept robust locator (0.95): #customer\.address\.city...
2026-01-19T23:59:57.5327344Z   💾 Saved 1 robust locators (top stability: 0.95)
2026-01-19T23:59:57.5327946Z   🔍 Step 43 (fill): Found 1 mined locators
2026-01-19T23:59:57.5328614Z       ✅ Kept robust locator (0.95): #customer\.address\.state...
2026-01-19T23:59:57.5329295Z   💾 Saved 1 robust locators (top stability: 0.95)
2026-01-19T23:59:57.5329927Z   🔍 Step 44 (fill): Found 1 mined locators
2026-01-19T23:59:57.5330623Z       ✅ Kept robust locator (0.95): #customer\.address\.zipCode...
2026-01-19T23:59:57.5331349Z   💾 Saved 1 robust locators (top stability: 0.95)
2026-01-19T23:59:57.5331972Z   🔍 Step 46 (click): Found 2 mined locators
2026-01-19T23:59:57.5332669Z       ✅ Kept robust locator (0.80): role=link[name='Register']...
2026-01-19T23:59:57.5333395Z       ✅ Kept robust locator (0.70): text='Register'...
2026-01-19T23:59:57.5334253Z   💾 Saved 2 robust locators (top stability: 0.80)
2026-01-19T23:59:57.5334861Z   🔍 Step 47 (fill): Found 1 mined locators
2026-01-19T23:59:57.5335487Z       ✅ Kept robust locator (0.95): #customer\.firstName...
2026-01-19T23:59:57.5336173Z   💾 Saved 1 robust locators (top stability: 0.95)
2026-01-19T23:59:57.5336769Z   🔍 Step 48 (fill): Found 1 mined locators
2026-01-19T23:59:57.5337479Z       ✅ Kept robust locator (1.05): input[id='customer.lastName']...
2026-01-19T23:59:57.5338228Z   💾 Saved 1 robust locators (top stability: 1.00)
2026-01-19T23:59:57.5339051Z ✅ Updated scenario 'Account Registration and Login' with 51 validated steps
2026-01-19T23:59:57.5339596Z 
2026-01-19T23:59:57.5339997Z 📝 Processing scenario 'Contact Us Form Submission' with 21 steps
2026-01-19T23:59:57.5340709Z   🔍 Step 3 (click): Found 4 mined locators
2026-01-19T23:59:57.5341391Z       ✅ Kept robust locator (0.80): role=link[name='contact']...
2026-01-19T23:59:57.5342181Z       ✅ Kept robust locator (0.80): role=link[name='Contact Us']...
2026-01-19T23:59:57.5342903Z       ✅ Kept robust locator (0.70): text='contact'...
2026-01-19T23:59:57.5343558Z       ✅ Kept robust locator (0.70): text=Contact Us...
2026-01-19T23:59:57.5344385Z   💾 Saved 3 robust locators (top stability: 0.80)
2026-01-19T23:59:57.5344976Z   🔍 Step 4 (fill): Found 1 mined locators
2026-01-19T23:59:57.5345594Z       ✅ Kept robust locator (1.05): input[id='name']...
2026-01-19T23:59:57.5346241Z   💾 Saved 1 robust locators (top stability: 1.00)
2026-01-19T23:59:57.5346872Z   🔍 Step 5 (fill): Found 1 mined locators
2026-01-19T23:59:57.5347427Z       ✅ Kept robust locator (0.95): #email...
2026-01-19T23:59:57.5348035Z   💾 Saved 1 robust locators (top stability: 0.95)
2026-01-19T23:59:57.5348817Z   🔍 Step 6 (fill): Found 1 mined locators
2026-01-19T23:59:57.5349464Z       ✅ Kept robust locator (1.05): input[id='phone']...
2026-01-19T23:59:57.5350121Z   💾 Saved 1 robust locators (top stability: 1.00)
2026-01-19T23:59:57.5350707Z   🔍 Step 7 (fill): Found 1 mined locators
2026-01-19T23:59:57.5351372Z       ✅ Kept robust locator (0.95): textarea[name='message']...
2026-01-19T23:59:57.5352075Z   💾 Saved 1 robust locators (top stability: 0.95)
2026-01-19T23:59:57.5352676Z   🔍 Step 8 (click): Found 1 mined locators
2026-01-19T23:59:57.5353441Z       ✅ Kept robust locator (0.77): text=SEND TO CUSTOMER CARE >> xpath=.. >> input...
2026-01-19T23:59:57.5354535Z   💾 Saved 1 robust locators (top stability: 0.77)
2026-01-19T23:59:57.5355206Z   🔍 Step 10 (fill): Found 2 mined locators
2026-01-19T23:59:57.5356255Z       ✅ Kept robust locator (0.70): text=Thank you test name...
2026-01-19T23:59:57.5357018Z       ✅ Kept robust locator (0.70): text=Username...
2026-01-19T23:59:57.5357726Z   💾 Saved 2 robust locators (top stability: 0.70)
2026-01-19T23:59:57.5358409Z   🔍 Step 11 (fill): Found 1 mined locators
2026-01-19T23:59:57.5359066Z       ⚠️ Skipping low-confidence locator (0.60): ...
2026-01-19T23:59:57.5359852Z   ⚠️  No robust locators passed filtering. Executor will use fallback strategies.
2026-01-19T23:59:57.5360522Z   🔍 Step 12 (fill): Found 1 mined locators
2026-01-19T23:59:57.5360897Z       ⚠️ Skipping low-confidence locator (0.60): ...
2026-01-19T23:59:57.5361556Z   ⚠️  No robust locators passed filtering. Executor will use fallback strategies.
2026-01-19T23:59:57.5362004Z   🔍 Step 13 (fill): Found 2 mined locators
2026-01-19T23:59:57.5362306Z       ✅ Kept robust locator (0.70): ...
2026-01-19T23:59:57.5362628Z       ⚠️ Skipping low-confidence locator (0.60): ...
2026-01-19T23:59:57.5363040Z   💾 Saved 1 robust locators (top stability: 0.70)
2026-01-19T23:59:57.5363828Z   🔍 Step 14 (click): Found 1 mined locators
2026-01-19T23:59:57.5364664Z       ✅ Kept robust locator (0.88): input[type='submit']:text-is('Send to Customer Car...
2026-01-19T23:59:57.5365571Z   💾 Saved 1 robust locators (top stability: 0.88)
2026-01-19T23:59:57.5366194Z   🔍 Step 15 (fill): Found 1 mined locators
2026-01-19T23:59:57.5366760Z       ✅ Kept robust locator (0.95): #name...
2026-01-19T23:59:57.5367355Z   💾 Saved 1 robust locators (top stability: 0.95)
2026-01-19T23:59:57.5367950Z   🔍 Step 16 (fill): Found 1 mined locators
2026-01-19T23:59:57.5368501Z       ✅ Kept robust locator (0.95): #email...
2026-01-19T23:59:57.5369108Z   💾 Saved 1 robust locators (top stability: 0.95)
2026-01-19T23:59:57.5369693Z   🔍 Step 17 (fill): Found 1 mined locators
2026-01-19T23:59:57.5370324Z       ✅ Kept robust locator (1.05): input[id='phone']...
2026-01-19T23:59:57.5371004Z   💾 Saved 1 robust locators (top stability: 1.00)
2026-01-19T23:59:57.5371598Z   🔍 Step 18 (fill): Found 1 mined locators
2026-01-19T23:59:57.5372262Z       ✅ Kept robust locator (0.95): textarea[name='message']...
2026-01-19T23:59:57.5372993Z   💾 Saved 1 robust locators (top stability: 0.95)
2026-01-19T23:59:57.5373810Z   🔍 Step 19 (click): Found 1 mined locators
2026-01-19T23:59:57.5374687Z       ✅ Kept robust locator (0.88): input[type='submit']:text-is('Send to Customer Car...
2026-01-19T23:59:57.5375569Z   💾 Saved 1 robust locators (top stability: 0.88)
2026-01-19T23:59:57.5376364Z ✅ Updated scenario 'Contact Us Form Submission' with 21 validated steps
2026-01-19T23:59:57.5376892Z 
2026-01-19T23:59:57.5377309Z 📝 Processing scenario 'Admin Page Initialization' with 9 steps
2026-01-19T23:59:57.5377990Z   🔍 Step 2 (click): Found 2 mined locators
2026-01-19T23:59:57.5378423Z       ✅ Kept robust locator (0.80): role=link[name='Admin Page']...
2026-01-19T23:59:57.5378991Z       ✅ Kept robust locator (0.70): text='Admin Page'...
2026-01-19T23:59:57.5379394Z   💾 Saved 2 robust locators (top stability: 0.80)
2026-01-19T23:59:57.5379733Z   🔍 Step 3 (click): Found 1 mined locators
2026-01-19T23:59:57.5380143Z       ✅ Kept robust locator (0.95): button[name='action'][value='INIT']...
2026-01-19T23:59:57.5380756Z   💾 Saved 1 robust locators (top stability: 0.95)
2026-01-19T23:59:57.5381092Z   🔍 Step 4 (click): Found 2 mined locators
2026-01-19T23:59:57.5381469Z       ✅ Kept robust locator (0.80): role=link[name='Admin Page']...
2026-01-19T23:59:57.5381881Z       ✅ Kept robust locator (0.70): text='Admin Page'...
2026-01-19T23:59:57.5382234Z   💾 Saved 2 robust locators (top stability: 0.80)
2026-01-19T23:59:57.5382558Z   🔍 Step 6 (click): Found 1 mined locators
2026-01-19T23:59:57.5382912Z       ✅ Kept robust locator (0.75): button[name='action']...
2026-01-19T23:59:57.5383274Z   💾 Saved 1 robust locators (top stability: 0.75)
2026-01-19T23:59:57.5383591Z   🔍 Step 7 (click): Found 2 mined locators
2026-01-19T23:59:57.5384373Z       ✅ Kept robust locator (0.70): text=Database Initialized...
2026-01-19T23:59:57.5384794Z       ✅ Kept robust locator (0.75): button[name='action']...
2026-01-19T23:59:57.5385182Z   💾 Saved 2 robust locators (top stability: 0.75)
2026-01-19T23:59:57.5385550Z   🔍 Step 8 (assert_visible): Found 1 mined locators
2026-01-19T23:59:57.5385955Z       ✅ Kept robust locator (0.70): text='Database Initialized'...
2026-01-19T23:59:57.5386342Z   💾 Saved 1 robust locators (top stability: 0.70)
2026-01-19T23:59:57.5386774Z ✅ Updated scenario 'Admin Page Initialization' with 9 validated steps
2026-01-19T23:59:57.5387261Z 🔄 Updated workflow.json with discovered steps and locators.
2026-01-19T23:59:57.5387502Z 
2026-01-19T23:59:57.5387609Z ============================================================
2026-01-19T23:59:57.5387923Z 📊 EXPLORER PERFORMANCE SUMMARY
2026-01-19T23:59:57.5388182Z ============================================================
2026-01-19T23:59:57.5388377Z 
2026-01-19T23:59:57.5388485Z 🔍 Locator Mining:
2026-01-19T23:59:57.5388715Z    • Total Locators Mined: 96
2026-01-19T23:59:57.5388983Z    • Filtered Out (Brittle): 12 (12.5%)
2026-01-19T23:59:57.5389276Z    • Saved to Golden Path: 83 (86.5%)
2026-01-19T23:59:57.5389445Z 
2026-01-19T23:59:57.5389564Z ⚠️  Filtering Breakdown:
2026-01-19T23:59:57.5389811Z    • Low Confidence (<0.75): 12
2026-01-19T23:59:57.5389957Z 
2026-01-19T23:59:57.5390065Z ✅ Golden Path Quality:
2026-01-19T23:59:57.5390358Z    🌟 EXCELLENT - 86.5% of mined locators are robust!
2026-01-19T23:59:57.5390573Z 
2026-01-19T23:59:57.5390667Z ============================================================
2026-01-19T23:59:57.5390856Z 
2026-01-19T23:59:57.5390972Z ✅ Deep Exploration Complete.
2026-01-20T00:02:21.4869125Z 
2026-01-20T00:02:21.4870060Z 🚀 [EXECUTE] Starting Automation Execution Engine
2026-01-20T00:02:21.4870880Z 📍 Project: ci_parabank_banking
2026-01-20T00:02:21.4871402Z 🎬 Mode: Headless
2026-01-20T00:02:21.4871573Z 
2026-01-20T00:02:21.4871757Z --- Scenario: Account Registration and Login ---
2026-01-20T00:02:21.4872316Z   ▶️  [STEP step_1] NAVIGATE: NAVIGATE
2026-01-20T00:02:21.4872746Z     ✅ Step step_1 Passed.
2026-01-20T00:02:21.4873143Z   ▶️  [STEP step_2] ASSERT_URL: ASSERT_URL
2026-01-20T00:02:21.4873558Z     ✅ Step step_2 Passed.
2026-01-20T00:02:21.4874293Z   ▶️  [STEP step_2_ai_1] FILL: Username
2026-01-20T00:02:21.4874812Z     🔍 Trying 1 validated locators from golden path...
2026-01-20T00:02:21.4875569Z     ✅ SUCCESS! Locator #1: input[name='username']... (method: unknown, stability: 0.95)
2026-01-20T00:02:21.4876216Z     ✅ Step step_2_ai_1 Passed.
2026-01-20T00:02:21.4876613Z   ▶️  [STEP step_2_ai_2] FILL: Password
2026-01-20T00:02:21.4877133Z     🔍 Trying 1 validated locators from golden path...
2026-01-20T00:02:21.4877891Z     ✅ SUCCESS! Locator #1: input[name='password']... (method: unknown, stability: 0.95)
2026-01-20T00:02:21.4878448Z     ✅ Step step_2_ai_2 Passed.
2026-01-20T00:02:21.4878788Z   ▶️  [STEP step_2_ai_3] CLICK: LOG IN
2026-01-20T00:02:21.4879228Z     🔍 Trying 1 validated locators from golden path...
2026-01-20T00:02:21.4879893Z     ✅ SUCCESS! Locator #1: text=LOG IN >> xpath=.. >> input... (method: unknown, stability: 0.77)
2026-01-20T00:02:21.4880480Z     ✅ Step step_2_ai_3 Passed.
2026-01-20T00:02:21.4881145Z   ▶️  [STEP step_2_ai_4] CLICK: Register
2026-01-20T00:02:21.4881598Z     🔍 Trying 1 validated locators from golden path...
2026-01-20T00:02:21.4882218Z     ✅ SUCCESS! Locator #1: a[href='register.htm']... (method: unknown, stability: 0.95)
2026-01-20T00:02:21.4882778Z     ✅ Step step_2_ai_4 Passed.
2026-01-20T00:02:21.4883127Z   ▶️  [STEP step_2_ai_5] FILL: First Name
2026-01-20T00:02:21.4883535Z     🔍 Trying 1 validated locators from golden path...
2026-01-20T00:02:21.4884215Z     ✅ SUCCESS! Locator #1: #customer\.firstName... (method: unknown, stability: 0.95)
2026-01-20T00:02:21.4884657Z     ✅ Step step_2_ai_5 Passed.
2026-01-20T00:02:21.4884937Z   ▶️  [STEP step_2_ai_6] FILL: Last Name
2026-01-20T00:02:21.4885513Z     🔍 Trying 1 validated locators from golden path...
2026-01-20T00:02:21.4886040Z     ✅ SUCCESS! Locator #1: input[id='customer.lastName']... (method: unknown, stability: 1.00)
2026-01-20T00:02:21.4886492Z     ✅ Step step_2_ai_6 Passed.
2026-01-20T00:02:21.4886771Z   ▶️  [STEP step_2_ai_7] FILL: Address
2026-01-20T00:02:21.4887095Z     🔍 Trying 1 validated locators from golden path...
2026-01-20T00:02:21.4887628Z     ✅ SUCCESS! Locator #1: input[id='customer.address.street']... (method: unknown, stability: 1.00)
2026-01-20T00:02:21.4888101Z     ✅ Step step_2_ai_7 Passed.
2026-01-20T00:02:21.4888363Z   ▶️  [STEP step_2_ai_8] FILL: City
2026-01-20T00:02:21.4888677Z     🔍 Trying 1 validated locators from golden path...
2026-01-20T00:02:21.4889335Z     ✅ SUCCESS! Locator #1: input[id='customer.address.city']... (method: unknown, stability: 1.00)
2026-01-20T00:02:21.4889800Z     ✅ Step step_2_ai_8 Passed.
2026-01-20T00:02:21.4890061Z   ▶️  [STEP step_2_ai_9] FILL: State
2026-01-20T00:02:21.4890381Z     🔍 Trying 1 validated locators from golden path...
2026-01-20T00:02:21.4890914Z     ✅ SUCCESS! Locator #1: input[id='customer.address.state']... (method: unknown, stability: 1.00)
2026-01-20T00:02:21.4891399Z     ✅ Step step_2_ai_9 Passed.
2026-01-20T00:02:21.4891664Z   ▶️  [STEP step_2_ai_10] FILL: Zip Code
2026-01-20T00:02:21.4892002Z     🔍 Trying 1 validated locators from golden path...
2026-01-20T00:02:21.4892542Z     ✅ SUCCESS! Locator #1: input[id='customer.address.zipCode']... (method: unknown, stability: 1.00)
2026-01-20T00:02:21.4893020Z     ✅ Step step_2_ai_10 Passed.
2026-01-20T00:02:21.4893292Z   ▶️  [STEP step_2_ai_11] FILL: Phone #
2026-01-20T00:02:21.4893619Z     🔍 Trying 1 validated locators from golden path...
2026-01-20T00:02:21.4894286Z     ✅ SUCCESS! Locator #1: input[id='customer.phoneNumber']... (method: unknown, stability: 1.00)
2026-01-20T00:02:21.4894746Z     ✅ Step step_2_ai_11 Passed.
2026-01-20T00:02:21.4895013Z   ▶️  [STEP step_2_ai_12] FILL: SSN
2026-01-20T00:02:21.4895340Z     🔍 Trying 1 validated locators from golden path...
2026-01-20T00:02:21.4895833Z     ✅ SUCCESS! Locator #1: input[id='customer.ssn']... (method: unknown, stability: 1.00)
2026-01-20T00:02:21.4896260Z     ✅ Step step_2_ai_12 Passed.
2026-01-20T00:02:21.4896532Z   ▶️  [STEP step_2_ai_13] FILL: Username
2026-01-20T00:02:21.4896868Z     🔍 Trying 1 validated locators from golden path...
2026-01-20T00:02:21.4897335Z     ✅ SUCCESS! Locator #1: #customer\.username... (method: unknown, stability: 0.95)
2026-01-20T00:02:21.4897745Z     ✅ Step step_2_ai_13 Passed.
2026-01-20T00:02:21.4898014Z   ▶️  [STEP step_2_ai_14] FILL: Password
2026-01-20T00:02:21.4898343Z     🔍 Trying 1 validated locators from golden path...
2026-01-20T00:02:21.4898805Z     ✅ SUCCESS! Locator #1: #customer\.password... (method: unknown, stability: 0.95)
2026-01-20T00:02:21.4899216Z     ✅ Step step_2_ai_14 Passed.
2026-01-20T00:02:21.4899504Z   ▶️  [STEP step_2_ai_15] FILL: repeatedPassword
2026-01-20T00:02:21.4899854Z     🔍 Trying 1 validated locators from golden path...
2026-01-20T00:02:21.4900361Z     ✅ SUCCESS! Locator #1: input[id='repeatedPassword']... (method: unknown, stability: 1.00)
2026-01-20T00:02:21.4900805Z     ✅ Step step_2_ai_15 Passed.
2026-01-20T00:02:21.4901069Z   ▶️  [STEP step_2_ai_16] CLICK: Register
2026-01-20T00:02:21.4901580Z     🔍 Trying 2 validated locators from golden path...
2026-01-20T00:02:21.4902087Z     ✅ SUCCESS! Locator #1: role=link[name='Register']... (method: unknown, stability: 0.80)
2026-01-20T00:02:21.4902514Z     ✅ Step step_2_ai_16 Passed.
2026-01-20T00:02:21.4902805Z   ▶️  [STEP step_2_ai_17] FILL: customer.firstName
2026-01-20T00:02:21.4903161Z     🔍 Trying 1 validated locators from golden path...
2026-01-20T00:02:21.4903621Z     ✅ SUCCESS! Locator #1: #customer\.firstName... (method: unknown, stability: 0.95)
2026-01-20T00:02:21.4904150Z     ✅ Step step_2_ai_17 Passed.
2026-01-20T00:02:21.4904443Z   ▶️  [STEP step_2_ai_18] FILL: customer.lastName
2026-01-20T00:02:21.4904790Z     🔍 Trying 1 validated locators from golden path...
2026-01-20T00:02:21.4905445Z     ✅ SUCCESS! Locator #1: #customer\.lastName... (method: unknown, stability: 0.95)
2026-01-20T00:02:21.4905870Z     ✅ Step step_2_ai_18 Passed.
2026-01-20T00:02:21.4906183Z   ▶️  [STEP step_2_ai_19] FILL: customer.address.street
2026-01-20T00:02:21.4906560Z     🔍 Trying 1 validated locators from golden path...
2026-01-20T00:02:21.4907045Z     ✅ SUCCESS! Locator #1: #customer\.address\.street... (method: unknown, stability: 0.95)
2026-01-20T00:02:21.4907479Z     ✅ Step step_2_ai_19 Passed.
2026-01-20T00:02:21.4907788Z   ▶️  [STEP step_2_ai_20] FILL: customer.address.city
2026-01-20T00:02:21.4908144Z     🔍 Trying 1 validated locators from golden path...
2026-01-20T00:02:21.4908682Z     ✅ SUCCESS! Locator #1: input[name='customer.address.city']... (method: unknown, stability: 0.90)
2026-01-20T00:02:21.4909154Z     ✅ Step step_2_ai_20 Passed.
2026-01-20T00:02:21.4909459Z   ▶️  [STEP step_2_ai_21] FILL: customer.address.state
2026-01-20T00:02:21.4909819Z     🔍 Trying 1 validated locators from golden path...
2026-01-20T00:02:21.4910345Z     ✅ SUCCESS! Locator #1: input[id='customer.address.state']... (method: unknown, stability: 1.00)
2026-01-20T00:02:21.4910810Z     ✅ Step step_2_ai_21 Passed.
2026-01-20T00:02:21.4911289Z   ▶️  [STEP step_2_ai_22] FILL: customer.address.zipCode
2026-01-20T00:02:21.4911785Z     🔍 Trying 1 validated locators from golden path...
2026-01-20T00:02:21.4912338Z     ✅ SUCCESS! Locator #1: input[id='customer.address.zipCode']... (method: unknown, stability: 1.00)
2026-01-20T00:02:21.4912809Z     ✅ Step step_2_ai_22 Passed.
2026-01-20T00:02:21.4913113Z   ▶️  [STEP step_2_ai_23] FILL: customer.phoneNumber
2026-01-20T00:02:21.4913793Z     ❌ Attempt 1 failed (element_not_found): Locator.scroll_into_view_if_needed: Timeout 10000ms exceeded.
2026-01-20T00:02:21.4914244Z Call log:
2026-01-20T00:02:21.4914419Z   - waiting for locator("tex...
2026-01-20T00:02:21.4914821Z     🔧 [AUTO-HEAL] Re-mining page to find 'customer.phoneNumber'...
2026-01-20T00:02:21.4915237Z [DEBUG] Sending request to gemini-2.0-flash. Number of parts: 2
2026-01-20T00:02:21.4915576Z [DEBUG] Received response (Length: 817)
2026-01-20T00:02:21.4915908Z     ✨ AI heal found 3 alternatives. Validating...
2026-01-20T00:02:21.4916271Z       ✅ Validated: Selector contains relevant terms
2026-01-20T00:02:21.4916619Z       ✅ Validated: Selector contains relevant terms
2026-01-20T00:02:21.4916934Z       ❌ Rejected: Element not found
2026-01-20T00:02:21.4917205Z     ✅ 2 validated locators.
2026-01-20T00:02:21.4917628Z     ✨ AI successfully healed the step! New selector: input[name='customer.phoneNumber']
2026-01-20T00:02:21.4918078Z     ✅ Step step_2_ai_23 Passed.
2026-01-20T00:02:21.4918343Z   ▶️  [STEP step_3] CLICK: Register
2026-01-20T00:02:21.4918663Z     🔍 Trying 2 validated locators from golden path...
2026-01-20T00:02:21.4919162Z     ✅ SUCCESS! Locator #1: role=link[name='Register']... (method: unknown, stability: 0.80)
2026-01-20T00:02:21.4919592Z     ✅ Step step_3 Passed.
2026-01-20T00:02:21.4920068Z   ▶️  [STEP step_3_ai_1] FILL: customer.firstName
2026-01-20T00:02:21.4920483Z     🔍 Trying 1 validated locators from golden path...
2026-01-20T00:02:21.4920950Z     ✅ SUCCESS! Locator #1: #customer\.firstName... (method: unknown, stability: 0.95)
2026-01-20T00:02:21.4921491Z     ✅ Step step_3_ai_1 Passed.
2026-01-20T00:02:21.4921793Z   ▶️  [STEP step_3_ai_2] FILL: customer.lastName
2026-01-20T00:02:21.4922152Z     🔍 Trying 1 validated locators from golden path...
2026-01-20T00:02:21.4922608Z     ✅ SUCCESS! Locator #1: #customer\.lastName... (method: unknown, stability: 0.95)
2026-01-20T00:02:21.4923020Z     ✅ Step step_3_ai_2 Passed.
2026-01-20T00:02:21.4923294Z   ▶️  [STEP step_4] ASSERT_URL: ASSERT_URL
2026-01-20T00:02:21.4923579Z     ✅ Step step_4 Passed.
2026-01-20T00:02:21.4923957Z   ▶️  [STEP step_5] FILL: customer.firstName
2026-01-20T00:02:21.4924300Z     🔍 Trying 2 validated locators from golden path...
2026-01-20T00:02:21.4924624Z 💥 Fatal scenario error: 'value'
2026-01-20T00:02:21.4924795Z 
2026-01-20T00:02:21.4924908Z --- Scenario: Contact Us Form Submission ---
2026-01-20T00:02:21.4925224Z   ▶️  [STEP step_1] NAVIGATE: NAVIGATE
2026-01-20T00:02:21.4925496Z     ✅ Step step_1 Passed.
2026-01-20T00:02:21.4925755Z   ▶️  [STEP step_2] ASSERT_URL: ASSERT_URL
2026-01-20T00:02:21.4926042Z     ✅ Step step_2 Passed.
2026-01-20T00:02:21.4926303Z   ▶️  [STEP step_2_ai_1] NAVIGATE: Contact Us
2026-01-20T00:02:21.4926840Z     ❌ Attempt 1 failed (unknown): Page.goto: Protocol error (Page.navigate): Cannot navigate to invalid URL
2026-01-20T00:02:21.4927298Z Call log:
2026-01-20T00:02:21.4927467Z   - navigating t...
2026-01-20T00:02:21.4927760Z     🔧 [AUTO-HEAL] Re-mining page to find 'Contact Us'...
2026-01-20T00:02:21.4928136Z [DEBUG] Sending request to gemini-2.0-flash. Number of parts: 2
2026-01-20T00:02:21.4928481Z [DEBUG] Received response (Length: 905)
2026-01-20T00:02:21.4928813Z     ✨ AI heal found 3 alternatives. Validating...
2026-01-20T00:02:21.4929170Z       ✅ Validated: 'contact...' matches 'Contact Us'
2026-01-20T00:02:21.4929586Z       ❌ Validation error: Locator.count: SyntaxError: Failed to ex
2026-01-20T00:02:21.4929955Z       ❌ Rejected: Element not found
2026-01-20T00:02:21.4930230Z     ✅ 1 validated locators.
2026-01-20T00:02:21.4930616Z     ✨ AI successfully healed the step! New selector: a[href*='contact.htm']
2026-01-20T00:02:21.4931256Z     ❌ Attempt 2 failed (unknown): Page.goto: Protocol error (Page.navigate): Cannot navigate to invalid URL
2026-01-20T00:02:21.4931719Z Call log:
2026-01-20T00:02:21.4931886Z   - navigating t...
2026-01-20T00:02:21.4932176Z     🔧 [AUTO-HEAL] Re-mining page to find 'Contact Us'...
2026-01-20T00:02:34.5569951Z [DEBUG] Sending request to gemini-2.0-flash. Number of parts: 2
2026-01-20T00:02:34.5570520Z [DEBUG] Received response (Length: 568)
2026-01-20T00:02:34.5571281Z     ✨ AI heal found 2 alternatives. Validating...
2026-01-20T00:02:34.5571989Z       ✅ Validated: 'contact...' matches 'Contact Us'
2026-01-20T00:02:34.5572758Z       ❌ Validation error: Locator.count: SyntaxError: Failed to ex
2026-01-20T00:02:34.5573489Z     ✅ 1 validated locators.
2026-01-20T00:02:34.5574456Z     ✨ AI successfully healed the step! New selector: a[href*='contact.htm']
2026-01-20T00:02:34.5575636Z     ❌ Attempt 3 failed (unknown): Page.goto: Protocol error (Page.navigate): Cannot navigate to invalid URL
2026-01-20T00:02:34.5576346Z Call log:
2026-01-20T00:02:34.5576524Z   - navigating t...
2026-01-20T00:02:34.5576810Z     💀 Step step_2_ai_1 failed after all retries.
2026-01-20T00:02:34.5577247Z 🛑 Scenario 'Contact Us Form Submission' aborted due to step failure.
2026-01-20T00:02:34.5577527Z 
2026-01-20T00:02:34.5577645Z --- Scenario: Admin Page Initialization ---
2026-01-20T00:02:34.5577980Z   ▶️  [STEP step_1] NAVIGATE: NAVIGATE
2026-01-20T00:02:34.5578267Z     ✅ Step step_1 Passed.
2026-01-20T00:02:34.5578540Z   ▶️  [STEP step_2] ASSERT_URL: ASSERT_URL
2026-01-20T00:02:34.5578843Z     ✅ Step step_2 Passed.
2026-01-20T00:02:34.5579107Z   ▶️  [STEP step_2_ai_1] CLICK: Admin Page
2026-01-20T00:02:34.5579816Z     🔍 Trying 2 validated locators from golden path...
2026-01-20T00:02:34.5580349Z     ✅ SUCCESS! Locator #1: role=link[name='Admin Page']... (method: unknown, stability: 0.80)
2026-01-20T00:02:34.5580911Z     ✅ Step step_2_ai_1 Passed.
2026-01-20T00:02:34.5581348Z   ▶️  [STEP step_2_ai_2] CLICK: INITIALIZE
2026-01-20T00:02:34.5581713Z     🔍 Trying 1 validated locators from golden path...
2026-01-20T00:02:34.5582253Z     ✅ SUCCESS! Locator #1: button[name='action'][value='INIT']... (method: unknown, stability: 0.95)
2026-01-20T00:02:34.5582721Z     ✅ Step step_2_ai_2 Passed.
2026-01-20T00:02:34.5582997Z   ▶️  [STEP step_3] CLICK: Admin Page
2026-01-20T00:02:34.5583337Z     🔍 Trying 2 validated locators from golden path...
2026-01-20T00:02:34.5584168Z     ✅ SUCCESS! Locator #1: role=link[name='Admin Page']... (method: unknown, stability: 0.80)
2026-01-20T00:02:34.5592980Z     ✅ Step step_3 Passed.
2026-01-20T00:02:34.5593506Z   ▶️  [STEP step_4] ASSERT_URL: ASSERT_URL
2026-01-20T00:02:34.5594428Z     ✅ Step step_4 Passed.
2026-01-20T00:02:34.5594921Z   ▶️  [STEP step_4_ai_1] CLICK: INITIALIZE
2026-01-20T00:02:34.5595419Z     🔍 Trying 1 validated locators from golden path...
2026-01-20T00:02:34.5595940Z     ⚠️  Locator #1 matched 2 elements (need exactly 1): button[name='action']...
2026-01-20T00:02:34.5596454Z     ⚠️  All golden path locators failed. Will try text-based fallback.
2026-01-20T00:02:34.5596832Z     ✅ Step step_4_ai_1 Passed.
2026-01-20T00:02:34.5597110Z   ▶️  [STEP step_5] CLICK: Initialize
2026-01-20T00:02:34.5597448Z     🔍 Trying 2 validated locators from golden path...
2026-01-20T00:02:34.5597900Z     ⚠️  Locator #1 matched 2 elements (need exactly 1): button[name='action']...
2026-01-20T00:02:34.5598477Z     ✅ SUCCESS! Locator #2: text=Database Initialized... (method: unknown, stability: 0.70)
2026-01-20T00:02:34.5598918Z     ✅ Step step_5 Passed.
2026-01-20T00:02:34.5599230Z   ▶️  [STEP step_6] ASSERT_VISIBLE: Database Initialized
2026-01-20T00:02:34.5599614Z     🔍 Trying 1 validated locators from golden path...
2026-01-20T00:02:34.5600107Z     ✅ SUCCESS! Locator #1: text='Database Initialized'... (method: unknown, stability: 0.70)
2026-01-20T00:02:34.5600547Z     ✅ Step step_6 Passed.
2026-01-20T00:02:34.5600891Z ✅ Scenario 'Admin Page Initialization' completed successfully!
2026-01-20T00:02:34.5601145Z 
2026-01-20T00:02:34.5601247Z ============================================================
2026-01-20T00:02:34.5601531Z 🎯 EXECUTION SUMMARY
2026-01-20T00:02:34.5601745Z ============================================================
2026-01-20T00:02:34.5601933Z 
2026-01-20T00:02:34.5602032Z 📋 Scenario Overview:
2026-01-20T00:02:34.5602274Z    • Total Scenarios Planned: 3
2026-01-20T00:02:34.5602529Z    • Scenarios Executed: 3
2026-01-20T00:02:34.5602779Z    • Total Steps Executed: 41
2026-01-20T00:02:34.5602931Z 
2026-01-20T00:02:34.5603017Z ✅ Results:
2026-01-20T00:02:34.5603210Z    ✅ Passed: 1 (33%)
2026-01-20T00:02:34.5603418Z    ❌ Failed: 2 (66%)
2026-01-20T00:02:34.5603545Z 
2026-01-20T00:02:34.5603912Z ⚠️  Failed Scenarios:
2026-01-20T00:02:34.5604379Z    • Account Registration and Login
2026-01-20T00:02:34.5604788Z      Error: 'value'...
2026-01-20T00:02:34.5605177Z    • Contact Us Form Submission
2026-01-20T00:02:34.5605428Z 
2026-01-20T00:02:34.5605588Z ============================================================
2026-01-20T00:02:34.5605885Z 
2026-01-20T00:02:34.5606697Z 🏁 Execution Finished. Report: /home/runner/work/build_qa_automation/build_qa_automation/projects/ci_parabank_banking/execution.json
2026-01-20T00:02:34.5607517Z 
2026-01-20T00:02:34.5607664Z ============================================================
2026-01-20T00:02:34.5608159Z 📊 EXECUTOR PERFORMANCE SUMMARY
2026-01-20T00:02:34.5608415Z ============================================================
2026-01-20T00:02:34.5608603Z 
2026-01-20T00:02:34.5608709Z 🎯 Execution Results:
2026-01-20T00:02:34.5608929Z    • Total Steps: 41
2026-01-20T00:02:34.5609178Z    • First-Attempt Success: 39 (95.1%)
2026-01-20T00:02:34.5609685Z    • Required AI Healing: 3 (7.3%)
2026-01-20T00:02:34.5609953Z    • Final Failures: 1 (2.4%)
2026-01-20T00:02:34.5610098Z 
2026-01-20T00:02:34.5610217Z 🛤️  Golden Path Effectiveness:
2026-01-20T00:02:34.5610606Z    • Steps with Mined Locators: 31
2026-01-20T00:02:34.5610884Z    • Golden Path Hits: 30 (96.8%)
2026-01-20T00:02:34.5611143Z    • Golden Path Misses: 1
2026-01-20T00:02:34.5611391Z    • Fallback Used (No Locators): 10
2026-01-20T00:02:34.5611562Z 
2026-01-20T00:02:34.5611663Z 📈 Overall Assessment:
2026-01-20T00:02:34.5611940Z    🌟 EXCELLENT! Golden path is working perfectly.
2026-01-20T00:02:34.5612143Z 
2026-01-20T00:02:34.5612257Z 🎯 vs Target (100% Flawless):
2026-01-20T00:02:34.5612500Z    📊 Gap: 4.9% from target
2026-01-20T00:02:34.5612787Z    💡 Recommendation: Review 1 golden path misses
2026-01-20T00:02:34.5613192Z    💡 Recommendation: Explorer needs to mine locators for 10 steps
2026-01-20T00:02:34.5613450Z 
2026-01-20T00:02:34.5613566Z ============================================================
2026-01-20T00:02:34.7144659Z 
2026-01-20T00:02:34.7145321Z [PHASE] Running Phase: DISCOVERY
2026-01-20T00:02:34.7147809Z    Command: /opt/hostedtoolcache/Python/3.11.14/x64/bin/python /home/runner/work/build_qa_automation/build_qa_automation/core/agents/discovery.py --project /home/runner/work/build_qa_automation/build_qa_automation/projects/ci_parabank_banking --url https://parabank.parasoft.com/ --deep
2026-01-20T00:02:34.7150258Z ✅ Phase 'discovery' completed successfully.
2026-01-20T00:02:34.7150594Z 
2026-01-20T00:02:34.7150729Z [PHASE] Running Phase: PLANNING
2026-01-20T00:02:34.7152705Z    Command: /opt/hostedtoolcache/Python/3.11.14/x64/bin/python /home/runner/work/build_qa_automation/build_qa_automation/core/agents/planner.py --project /home/runner/work/build_qa_automation/build_qa_automation/projects/ci_parabank_banking --goal Test banking operations --url https://parabank.parasoft.com/ --deep
2026-01-20T00:02:34.7155025Z ✅ Phase 'planning' completed successfully.
2026-01-20T00:02:34.7155345Z 
2026-01-20T00:02:34.7155491Z [PHASE] Running Phase: EXPLORATION
2026-01-20T00:02:34.7157045Z    Command: /opt/hostedtoolcache/Python/3.11.14/x64/bin/python /home/runner/work/build_qa_automation/build_qa_automation/core/agents/deep_explorer.py --project /home/runner/work/build_qa_automation/build_qa_automation/projects/ci_parabank_banking
2026-01-20T00:02:34.7158744Z ✅ Phase 'exploration' completed successfully.
2026-01-20T00:02:34.7159328Z 📊 Exploration Discovery Success Rate: 84.2%
2026-01-20T00:02:34.7159634Z 
2026-01-20T00:02:34.7159772Z [PHASE] Running Phase: EXECUTION
2026-01-20T00:02:34.7161276Z    Command: /opt/hostedtoolcache/Python/3.11.14/x64/bin/python /home/runner/work/build_qa_automation/build_qa_automation/core/agents/executor.py --project /home/runner/work/build_qa_automation/build_qa_automation/projects/ci_parabank_banking
2026-01-20T00:02:34.7162933Z ✅ Phase 'execution' completed successfully.
2026-01-20T00:02:34.7163226Z 
2026-01-20T00:02:34.7163389Z [DONE] Pipeline Execution Finished! [DONE]
2026-01-20T00:02:34.8242031Z ##[group]Run RESULT_FILE="projects/ci_parabank_banking/execution.json"
2026-01-20T00:02:34.8242576Z [36;1mRESULT_FILE="projects/ci_parabank_banking/execution.json"[0m
2026-01-20T00:02:34.8242944Z [36;1mif [ -f "$RESULT_FILE" ]; then[0m
2026-01-20T00:02:34.8243285Z [36;1m  echo "✅ Results generated successfully: $RESULT_FILE"[0m
2026-01-20T00:02:34.8243986Z [36;1m  cat "$RESULT_FILE" | jq '.scenarios | length' || echo "Result file exists"[0m
2026-01-20T00:02:34.8244381Z [36;1melse[0m
2026-01-20T00:02:34.8244632Z [36;1m  echo "❌ No result file found at $RESULT_FILE"[0m
2026-01-20T00:02:34.8244924Z [36;1m  exit 1[0m
2026-01-20T00:02:34.8245103Z [36;1mfi[0m
2026-01-20T00:02:34.8276944Z shell: /usr/bin/bash -e {0}
2026-01-20T00:02:34.8277176Z env:
2026-01-20T00:02:34.8277433Z   pythonLocation: /opt/hostedtoolcache/Python/3.11.14/x64
2026-01-20T00:02:34.8277879Z   PKG_CONFIG_PATH: /opt/hostedtoolcache/Python/3.11.14/x64/lib/pkgconfig
2026-01-20T00:02:34.8278547Z   Python_ROOT_DIR: /opt/hostedtoolcache/Python/3.11.14/x64
2026-01-20T00:02:34.8278943Z   Python2_ROOT_DIR: /opt/hostedtoolcache/Python/3.11.14/x64
2026-01-20T00:02:34.8279333Z   Python3_ROOT_DIR: /opt/hostedtoolcache/Python/3.11.14/x64
2026-01-20T00:02:34.8279727Z   LD_LIBRARY_PATH: /opt/hostedtoolcache/Python/3.11.14/x64/lib
2026-01-20T00:02:34.8280055Z ##[endgroup]
2026-01-20T00:02:34.8334205Z ✅ Results generated successfully: projects/ci_parabank_banking/execution.json
2026-01-20T00:02:34.8361508Z 3
2026-01-20T00:02:34.8428134Z ##[group]Run actions/upload-artifact@v4
2026-01-20T00:02:34.8428412Z with:
2026-01-20T00:02:34.8428610Z   name: parabank_banking-execution-results
2026-01-20T00:02:34.8429080Z   path: projects/ci_parabank_banking/execution.json
projects/ci_parabank_banking/workflow.json

2026-01-20T00:02:34.8429529Z   retention-days: 30
2026-01-20T00:02:34.8429734Z   if-no-files-found: warn
2026-01-20T00:02:34.8429950Z   compression-level: 6
2026-01-20T00:02:34.8430159Z   overwrite: false
2026-01-20T00:02:34.8430353Z   include-hidden-files: false
2026-01-20T00:02:34.8430566Z env:
2026-01-20T00:02:34.8430797Z   pythonLocation: /opt/hostedtoolcache/Python/3.11.14/x64
2026-01-20T00:02:34.8431209Z   PKG_CONFIG_PATH: /opt/hostedtoolcache/Python/3.11.14/x64/lib/pkgconfig
2026-01-20T00:02:34.8431614Z   Python_ROOT_DIR: /opt/hostedtoolcache/Python/3.11.14/x64
2026-01-20T00:02:34.8431978Z   Python2_ROOT_DIR: /opt/hostedtoolcache/Python/3.11.14/x64
2026-01-20T00:02:34.8432374Z   Python3_ROOT_DIR: /opt/hostedtoolcache/Python/3.11.14/x64
2026-01-20T00:02:34.8432747Z   LD_LIBRARY_PATH: /opt/hostedtoolcache/Python/3.11.14/x64/lib
2026-01-20T00:02:34.8433051Z ##[endgroup]
2026-01-20T00:02:35.0673257Z Multiple search paths detected. Calculating the least common ancestor of all paths
2026-01-20T00:02:35.0678609Z The least common ancestor is /home/runner/work/build_qa_automation/build_qa_automation/projects/ci_parabank_banking. This will be the root directory of the artifact
2026-01-20T00:02:35.0679994Z With the provided path, there will be 2 files uploaded
2026-01-20T00:02:35.0686087Z Artifact name is valid!
2026-01-20T00:02:35.0687690Z Root directory input is valid!
2026-01-20T00:02:35.3333849Z Beginning upload of artifact content to blob storage
2026-01-20T00:02:35.6512671Z Uploaded bytes 3669
2026-01-20T00:02:35.7329431Z Finished uploading artifact content to blob storage!
2026-01-20T00:02:35.7332108Z SHA256 digest of uploaded artifact zip is b56032f538f748b4692c3e9a7858c2f6c0f408fbccd19a45b42ca1b6523e714f
2026-01-20T00:02:35.7334886Z Finalizing artifact upload
2026-01-20T00:02:35.8678443Z Artifact parabank_banking-execution-results.zip successfully finalized. Artifact ID 5183107209
2026-01-20T00:02:35.8679905Z Artifact parabank_banking-execution-results has been successfully uploaded! Final size is 3669 bytes. Artifact ID is 5183107209
2026-01-20T00:02:35.8687297Z Artifact download URL: https://github.com/vishvasmca-cmd/build_qa_automation/actions/runs/21154472744/artifacts/5183107209
2026-01-20T00:02:35.8810381Z Post job cleanup.
2026-01-20T00:02:36.0360891Z Cache hit occurred on the primary key setup-python-Linux-x64-24.04-Ubuntu-python-3.11.14-pip-dde08d0e0b672972dcda9f1a063036a2e0c226f5d0a20362e9401931676d80a4, not saving cache.
2026-01-20T00:02:36.0467125Z Post job cleanup.
2026-01-20T00:02:36.1458369Z [command]/usr/bin/git version
2026-01-20T00:02:36.1495337Z git version 2.52.0
2026-01-20T00:02:36.1539486Z Temporarily overriding HOME='/home/runner/work/_temp/20514222-133a-4ea5-aabb-f5f06d42a25e' before making global git config changes
2026-01-20T00:02:36.1540938Z Adding repository directory to the temporary git global config as a safe directory
2026-01-20T00:02:36.1546350Z [command]/usr/bin/git config --global --add safe.directory /home/runner/work/build_qa_automation/build_qa_automation
2026-01-20T00:02:36.1589137Z [command]/usr/bin/git config --local --name-only --get-regexp core\.sshCommand
2026-01-20T00:02:36.1621374Z [command]/usr/bin/git submodule foreach --recursive sh -c "git config --local --name-only --get-regexp 'core\.sshCommand' && git config --local --unset-all 'core.sshCommand' || :"
2026-01-20T00:02:36.1857202Z [command]/usr/bin/git config --local --name-only --get-regexp http\.https\:\/\/github\.com\/\.extraheader
2026-01-20T00:02:36.1880812Z http.https://github.com/.extraheader
2026-01-20T00:02:36.1894343Z [command]/usr/bin/git config --local --unset-all http.https://github.com/.extraheader
2026-01-20T00:02:36.1926258Z [command]/usr/bin/git submodule foreach --recursive sh -c "git config --local --name-only --get-regexp 'http\.https\:\/\/github\.com\/\.extraheader' && git config --local --unset-all 'http.https://github.com/.extraheader' || :"
2026-01-20T00:02:36.2158529Z [command]/usr/bin/git config --local --name-only --get-regexp ^includeIf\.gitdir:
2026-01-20T00:02:36.2193361Z [command]/usr/bin/git submodule foreach --recursive git config --local --show-origin --name-only --get-regexp remote.origin.url
2026-01-20T00:02:36.2533416Z Cleaning up orphan processes
