2026-01-18T23:08:39.2844956Z Current runner version: '2.331.0'
2026-01-18T23:08:39.2881172Z ##[group]Runner Image Provisioner
2026-01-18T23:08:39.2882672Z Hosted Compute Agent
2026-01-18T23:08:39.2883652Z Version: 20251211.462
2026-01-18T23:08:39.2884868Z Commit: 6cbad8c2bb55d58165063d031ccabf57e2d2db61
2026-01-18T23:08:39.2886291Z Build Date: 2025-12-11T16:28:49Z
2026-01-18T23:08:39.2887434Z Worker ID: {c7887942-5ec1-4a4e-8a75-e05ccddffe91}
2026-01-18T23:08:39.2888684Z ##[endgroup]
2026-01-18T23:08:39.2889768Z ##[group]Operating System
2026-01-18T23:08:39.2890890Z Ubuntu
2026-01-18T23:08:39.2891637Z 24.04.3
2026-01-18T23:08:39.2892312Z LTS
2026-01-18T23:08:39.2893199Z ##[endgroup]
2026-01-18T23:08:39.2894003Z ##[group]Runner Image
2026-01-18T23:08:39.2895023Z Image: ubuntu-24.04
2026-01-18T23:08:39.2895903Z Version: 20260111.209.1
2026-01-18T23:08:39.2897651Z Included Software: https://github.com/actions/runner-images/blob/ubuntu24/20260111.209/images/ubuntu/Ubuntu2404-Readme.md
2026-01-18T23:08:39.2900905Z Image Release: https://github.com/actions/runner-images/releases/tag/ubuntu24%2F20260111.209
2026-01-18T23:08:39.2902683Z ##[endgroup]
2026-01-18T23:08:39.2904688Z ##[group]GITHUB_TOKEN Permissions
2026-01-18T23:08:39.2907799Z Contents: read
2026-01-18T23:08:39.2908924Z Metadata: read
2026-01-18T23:08:39.2910002Z Packages: read
2026-01-18T23:08:39.2910852Z ##[endgroup]
2026-01-18T23:08:39.2913994Z Secret source: Actions
2026-01-18T23:08:39.2915060Z Prepare workflow directory
2026-01-18T23:08:39.4579358Z Prepare all required actions
2026-01-18T23:08:39.4618275Z Getting action download info
2026-01-18T23:08:39.7187418Z Download action repository 'actions/checkout@v4' (SHA:34e114876b0b11c390a56381ad16ebd13914f8d5)
2026-01-18T23:08:39.8162444Z Download action repository 'actions/setup-python@v5' (SHA:a26af69be951a213d495a4c3e4e4022e16d87065)
2026-01-18T23:08:39.8984949Z Download action repository 'actions/upload-artifact@v4' (SHA:ea165f8d65b6e75b540449e92b4886f43607fa02)
2026-01-18T23:08:40.2222285Z Complete job name: test-websites-deep (automationexercise_shop, https://www.automationexercise.com/, Explore shoppin...
2026-01-18T23:08:40.4306346Z ##[group]Run actions/checkout@v4
2026-01-18T23:08:40.4307216Z with:
2026-01-18T23:08:40.4307677Z   repository: vishvasmca-cmd/build_qa_automation
2026-01-18T23:08:40.4308508Z   token: ***
2026-01-18T23:08:40.4308892Z   ssh-strict: true
2026-01-18T23:08:40.4309297Z   ssh-user: git
2026-01-18T23:08:40.4309880Z   persist-credentials: true
2026-01-18T23:08:40.4310335Z   clean: true
2026-01-18T23:08:40.4310745Z   sparse-checkout-cone-mode: true
2026-01-18T23:08:40.4311225Z   fetch-depth: 1
2026-01-18T23:08:40.4311610Z   fetch-tags: false
2026-01-18T23:08:40.4312001Z   show-progress: true
2026-01-18T23:08:40.4312406Z   lfs: false
2026-01-18T23:08:40.4312771Z   submodules: false
2026-01-18T23:08:40.4313170Z   set-safe-directory: true
2026-01-18T23:08:40.4313857Z ##[endgroup]
2026-01-18T23:08:40.5430982Z Syncing repository: vishvasmca-cmd/build_qa_automation
2026-01-18T23:08:40.5432957Z ##[group]Getting Git version info
2026-01-18T23:08:40.5433842Z Working directory is '/home/runner/work/build_qa_automation/build_qa_automation'
2026-01-18T23:08:40.5434902Z [command]/usr/bin/git version
2026-01-18T23:08:40.5527774Z git version 2.52.0
2026-01-18T23:08:40.5555387Z ##[endgroup]
2026-01-18T23:08:40.5571410Z Temporarily overriding HOME='/home/runner/work/_temp/5f3b1a0a-fdd8-4c0c-9863-b5427754ef39' before making global git config changes
2026-01-18T23:08:40.5572815Z Adding repository directory to the temporary git global config as a safe directory
2026-01-18T23:08:40.5585163Z [command]/usr/bin/git config --global --add safe.directory /home/runner/work/build_qa_automation/build_qa_automation
2026-01-18T23:08:40.5630834Z Deleting the contents of '/home/runner/work/build_qa_automation/build_qa_automation'
2026-01-18T23:08:40.5634224Z ##[group]Initializing the repository
2026-01-18T23:08:40.5639149Z [command]/usr/bin/git init /home/runner/work/build_qa_automation/build_qa_automation
2026-01-18T23:08:40.5773184Z hint: Using 'master' as the name for the initial branch. This default branch name
2026-01-18T23:08:40.5775275Z hint: will change to "main" in Git 3.0. To configure the initial branch name
2026-01-18T23:08:40.5776772Z hint: to use in all of your new repositories, which will suppress this warning,
2026-01-18T23:08:40.5777903Z hint: call:
2026-01-18T23:08:40.5778292Z hint:
2026-01-18T23:08:40.5778803Z hint: 	git config --global init.defaultBranch <name>
2026-01-18T23:08:40.5779397Z hint:
2026-01-18T23:08:40.5780257Z hint: Names commonly chosen instead of 'master' are 'main', 'trunk' and
2026-01-18T23:08:40.5781190Z hint: 'development'. The just-created branch can be renamed via this command:
2026-01-18T23:08:40.5781907Z hint:
2026-01-18T23:08:40.5782298Z hint: 	git branch -m <name>
2026-01-18T23:08:40.5782815Z hint:
2026-01-18T23:08:40.5783791Z hint: Disable this message with "git config set advice.defaultBranchName false"
2026-01-18T23:08:40.5785004Z Initialized empty Git repository in /home/runner/work/build_qa_automation/build_qa_automation/.git/
2026-01-18T23:08:40.5790223Z [command]/usr/bin/git remote add origin https://github.com/vishvasmca-cmd/build_qa_automation
2026-01-18T23:08:40.5828594Z ##[endgroup]
2026-01-18T23:08:40.5829350Z ##[group]Disabling automatic garbage collection
2026-01-18T23:08:40.5832973Z [command]/usr/bin/git config --local gc.auto 0
2026-01-18T23:08:40.5863911Z ##[endgroup]
2026-01-18T23:08:40.5864596Z ##[group]Setting up auth
2026-01-18T23:08:40.5871713Z [command]/usr/bin/git config --local --name-only --get-regexp core\.sshCommand
2026-01-18T23:08:40.5903950Z [command]/usr/bin/git submodule foreach --recursive sh -c "git config --local --name-only --get-regexp 'core\.sshCommand' && git config --local --unset-all 'core.sshCommand' || :"
2026-01-18T23:08:40.6283154Z [command]/usr/bin/git config --local --name-only --get-regexp http\.https\:\/\/github\.com\/\.extraheader
2026-01-18T23:08:40.6316435Z [command]/usr/bin/git submodule foreach --recursive sh -c "git config --local --name-only --get-regexp 'http\.https\:\/\/github\.com\/\.extraheader' && git config --local --unset-all 'http.https://github.com/.extraheader' || :"
2026-01-18T23:08:40.6550967Z [command]/usr/bin/git config --local --name-only --get-regexp ^includeIf\.gitdir:
2026-01-18T23:08:40.6585437Z [command]/usr/bin/git submodule foreach --recursive git config --local --show-origin --name-only --get-regexp remote.origin.url
2026-01-18T23:08:40.6829200Z [command]/usr/bin/git config --local http.https://github.com/.extraheader AUTHORIZATION: basic ***
2026-01-18T23:08:40.6867959Z ##[endgroup]
2026-01-18T23:08:40.6869208Z ##[group]Fetching the repository
2026-01-18T23:08:40.6878225Z [command]/usr/bin/git -c protocol.version=2 fetch --no-tags --prune --no-recurse-submodules --depth=1 origin +10179ac5c7473147e4be3845796c28603a0fa5da:refs/remotes/origin/main
2026-01-18T23:08:41.5442147Z From https://github.com/vishvasmca-cmd/build_qa_automation
2026-01-18T23:08:41.5444682Z  * [new ref]         10179ac5c7473147e4be3845796c28603a0fa5da -> origin/main
2026-01-18T23:08:41.5478327Z ##[endgroup]
2026-01-18T23:08:41.5480442Z ##[group]Determining the checkout info
2026-01-18T23:08:41.5482183Z ##[endgroup]
2026-01-18T23:08:41.5484812Z [command]/usr/bin/git sparse-checkout disable
2026-01-18T23:08:41.5529016Z [command]/usr/bin/git config --local --unset-all extensions.worktreeConfig
2026-01-18T23:08:41.5558522Z ##[group]Checking out the ref
2026-01-18T23:08:41.5562507Z [command]/usr/bin/git checkout --progress --force -B main refs/remotes/origin/main
2026-01-18T23:08:41.6763486Z Switched to a new branch 'main'
2026-01-18T23:08:41.6765240Z branch 'main' set up to track 'origin/main'.
2026-01-18T23:08:41.6782493Z ##[endgroup]
2026-01-18T23:08:41.6821571Z [command]/usr/bin/git log -1 --format=%H
2026-01-18T23:08:41.6845718Z 10179ac5c7473147e4be3845796c28603a0fa5da
2026-01-18T23:08:41.8067392Z ##[group]Run actions/setup-python@v5
2026-01-18T23:08:41.8068561Z with:
2026-01-18T23:08:41.8069300Z   python-version: 3.11
2026-01-18T23:08:41.8070321Z   cache: pip
2026-01-18T23:08:41.8071293Z   check-latest: false
2026-01-18T23:08:41.8072526Z   token: ***
2026-01-18T23:08:41.8073280Z   update-environment: true
2026-01-18T23:08:41.8074205Z   allow-prereleases: false
2026-01-18T23:08:41.8075102Z   freethreaded: false
2026-01-18T23:08:41.8075909Z ##[endgroup]
2026-01-18T23:08:41.9948468Z ##[group]Installed versions
2026-01-18T23:08:42.0089147Z Successfully set up CPython (3.11.14)
2026-01-18T23:08:42.0090389Z ##[endgroup]
2026-01-18T23:08:42.0968100Z [command]/opt/hostedtoolcache/Python/3.11.14/x64/bin/pip cache dir
2026-01-18T23:08:43.4034265Z /home/runner/.cache/pip
2026-01-18T23:08:43.5499387Z Cache hit for: setup-python-Linux-x64-24.04-Ubuntu-python-3.11.14-pip-dde08d0e0b672972dcda9f1a063036a2e0c226f5d0a20362e9401931676d80a4
2026-01-18T23:08:44.6448196Z Received 134217728 of 254742636 (52.7%), 128.0 MBs/sec
2026-01-18T23:08:45.1916563Z Received 254742636 of 254742636 (100.0%), 157.0 MBs/sec
2026-01-18T23:08:45.1917331Z Cache Size: ~243 MB (254742636 B)
2026-01-18T23:08:45.1959307Z [command]/usr/bin/tar -xf /home/runner/work/_temp/b8049b5f-e610-4c56-b1a0-9c5df33431d8/cache.tzst -P -C /home/runner/work/build_qa_automation/build_qa_automation --use-compress-program unzstd
2026-01-18T23:08:45.6075929Z Cache restored successfully
2026-01-18T23:08:45.6592070Z Cache restored from key: setup-python-Linux-x64-24.04-Ubuntu-python-3.11.14-pip-dde08d0e0b672972dcda9f1a063036a2e0c226f5d0a20362e9401931676d80a4
2026-01-18T23:08:45.7182011Z ##[group]Run pip install -r requirements.txt
2026-01-18T23:08:45.7182623Z [36;1mpip install -r requirements.txt[0m
2026-01-18T23:08:45.7183121Z [36;1mplaywright install chromium[0m
2026-01-18T23:08:45.7222231Z shell: /usr/bin/bash -e {0}
2026-01-18T23:08:45.7222745Z env:
2026-01-18T23:08:45.7223121Z   pythonLocation: /opt/hostedtoolcache/Python/3.11.14/x64
2026-01-18T23:08:45.7223714Z   PKG_CONFIG_PATH: /opt/hostedtoolcache/Python/3.11.14/x64/lib/pkgconfig
2026-01-18T23:08:45.7224299Z   Python_ROOT_DIR: /opt/hostedtoolcache/Python/3.11.14/x64
2026-01-18T23:08:45.7224807Z   Python2_ROOT_DIR: /opt/hostedtoolcache/Python/3.11.14/x64
2026-01-18T23:08:45.7225347Z   Python3_ROOT_DIR: /opt/hostedtoolcache/Python/3.11.14/x64
2026-01-18T23:08:45.7225844Z   LD_LIBRARY_PATH: /opt/hostedtoolcache/Python/3.11.14/x64/lib
2026-01-18T23:08:45.7226256Z ##[endgroup]
2026-01-18T23:08:46.8025417Z Collecting playwright (from -r requirements.txt (line 1))
2026-01-18T23:08:46.8043144Z   Using cached playwright-1.57.0-py3-none-manylinux1_x86_64.whl.metadata (3.5 kB)
2026-01-18T23:08:46.8214652Z Collecting python-dotenv (from -r requirements.txt (line 2))
2026-01-18T23:08:46.8231442Z   Using cached python_dotenv-1.2.1-py3-none-any.whl.metadata (25 kB)
2026-01-18T23:08:46.8503146Z Collecting requests (from -r requirements.txt (line 3))
2026-01-18T23:08:46.8519102Z   Using cached requests-2.32.5-py3-none-any.whl.metadata (4.9 kB)
2026-01-18T23:08:47.0258410Z Collecting pillow (from -r requirements.txt (line 4))
2026-01-18T23:08:47.0285277Z   Using cached pillow-12.1.0-cp311-cp311-manylinux_2_27_x86_64.manylinux_2_28_x86_64.whl.metadata (8.8 kB)
2026-01-18T23:08:47.0603573Z Collecting google-genai>=0.3.0 (from -r requirements.txt (line 5))
2026-01-18T23:08:47.0619190Z   Using cached google_genai-1.59.0-py3-none-any.whl.metadata (53 kB)
2026-01-18T23:08:47.0762770Z Collecting termcolor (from -r requirements.txt (line 6))
2026-01-18T23:08:47.0778241Z   Using cached termcolor-3.3.0-py3-none-any.whl.metadata (6.5 kB)
2026-01-18T23:08:47.1146460Z Collecting PyYAML (from -r requirements.txt (line 7))
2026-01-18T23:08:47.1162410Z   Using cached pyyaml-6.0.3-cp311-cp311-manylinux2014_x86_64.manylinux_2_17_x86_64.manylinux_2_28_x86_64.whl.metadata (2.4 kB)
2026-01-18T23:08:47.1777308Z Collecting opencv-python-headless (from -r requirements.txt (line 8))
2026-01-18T23:08:47.1793347Z   Using cached opencv_python_headless-4.13.0.90-cp37-abi3-manylinux_2_28_x86_64.whl.metadata (19 kB)
2026-01-18T23:08:47.3776168Z Collecting numpy (from -r requirements.txt (line 9))
2026-01-18T23:08:47.3793185Z   Using cached numpy-2.4.1-cp311-cp311-manylinux_2_27_x86_64.manylinux_2_28_x86_64.whl.metadata (6.6 kB)
2026-01-18T23:08:47.4556682Z Collecting faker (from -r requirements.txt (line 10))
2026-01-18T23:08:47.4573790Z   Using cached faker-40.1.2-py3-none-any.whl.metadata (16 kB)
2026-01-18T23:08:47.4735403Z Collecting pyee<14,>=13 (from playwright->-r requirements.txt (line 1))
2026-01-18T23:08:47.4750340Z   Using cached pyee-13.0.0-py3-none-any.whl.metadata (2.9 kB)
2026-01-18T23:08:47.5972032Z Collecting greenlet<4.0.0,>=3.1.1 (from playwright->-r requirements.txt (line 1))
2026-01-18T23:08:47.5988830Z   Using cached greenlet-3.3.0-cp311-cp311-manylinux_2_24_x86_64.manylinux_2_28_x86_64.whl.metadata (4.1 kB)
2026-01-18T23:08:47.6163632Z Collecting typing-extensions (from pyee<14,>=13->playwright->-r requirements.txt (line 1))
2026-01-18T23:08:47.6178198Z   Using cached typing_extensions-4.15.0-py3-none-any.whl.metadata (3.3 kB)
2026-01-18T23:08:47.6980701Z Collecting charset_normalizer<4,>=2 (from requests->-r requirements.txt (line 3))
2026-01-18T23:08:47.6997432Z   Using cached charset_normalizer-3.4.4-cp311-cp311-manylinux2014_x86_64.manylinux_2_17_x86_64.manylinux_2_28_x86_64.whl.metadata (37 kB)
2026-01-18T23:08:47.7154478Z Collecting idna<4,>=2.5 (from requests->-r requirements.txt (line 3))
2026-01-18T23:08:47.7168882Z   Using cached idna-3.11-py3-none-any.whl.metadata (8.4 kB)
2026-01-18T23:08:47.7436758Z Collecting urllib3<3,>=1.21.1 (from requests->-r requirements.txt (line 3))
2026-01-18T23:08:47.7452164Z   Using cached urllib3-2.6.3-py3-none-any.whl.metadata (6.9 kB)
2026-01-18T23:08:47.7672651Z Collecting certifi>=2017.4.17 (from requests->-r requirements.txt (line 3))
2026-01-18T23:08:47.7688847Z   Using cached certifi-2026.1.4-py3-none-any.whl.metadata (2.5 kB)
2026-01-18T23:08:47.7887934Z Collecting anyio<5.0.0,>=4.8.0 (from google-genai>=0.3.0->-r requirements.txt (line 5))
2026-01-18T23:08:47.7903636Z   Using cached anyio-4.12.1-py3-none-any.whl.metadata (4.3 kB)
2026-01-18T23:08:47.8245277Z Collecting google-auth<3.0.0,>=2.47.0 (from google-auth[requests]<3.0.0,>=2.47.0->google-genai>=0.3.0->-r requirements.txt (line 5))
2026-01-18T23:08:47.8261448Z   Using cached google_auth-2.47.0-py3-none-any.whl.metadata (6.4 kB)
2026-01-18T23:08:47.8500532Z Collecting httpx<1.0.0,>=0.28.1 (from google-genai>=0.3.0->-r requirements.txt (line 5))
2026-01-18T23:08:47.8515793Z   Using cached httpx-0.28.1-py3-none-any.whl.metadata (7.1 kB)
2026-01-18T23:08:48.0047652Z Collecting pydantic<3.0.0,>=2.9.0 (from google-genai>=0.3.0->-r requirements.txt (line 5))
2026-01-18T23:08:48.0063932Z   Using cached pydantic-2.12.5-py3-none-any.whl.metadata (90 kB)
2026-01-18T23:08:48.0332552Z Collecting tenacity<9.2.0,>=8.2.3 (from google-genai>=0.3.0->-r requirements.txt (line 5))
2026-01-18T23:08:48.0348022Z   Using cached tenacity-9.1.2-py3-none-any.whl.metadata (1.2 kB)
2026-01-18T23:08:48.1211298Z Collecting websockets<15.1.0,>=13.0.0 (from google-genai>=0.3.0->-r requirements.txt (line 5))
2026-01-18T23:08:48.1226691Z   Using cached websockets-15.0.1-cp311-cp311-manylinux_2_5_x86_64.manylinux1_x86_64.manylinux_2_17_x86_64.manylinux2014_x86_64.whl.metadata (6.8 kB)
2026-01-18T23:08:48.1366882Z Collecting distro<2,>=1.7.0 (from google-genai>=0.3.0->-r requirements.txt (line 5))
2026-01-18T23:08:48.1380835Z   Using cached distro-1.9.0-py3-none-any.whl.metadata (6.8 kB)
2026-01-18T23:08:48.1466589Z Collecting sniffio (from google-genai>=0.3.0->-r requirements.txt (line 5))
2026-01-18T23:08:48.1481698Z   Using cached sniffio-1.3.1-py3-none-any.whl.metadata (3.9 kB)
2026-01-18T23:08:48.1743290Z Collecting pyasn1-modules>=0.2.1 (from google-auth<3.0.0,>=2.47.0->google-auth[requests]<3.0.0,>=2.47.0->google-genai>=0.3.0->-r requirements.txt (line 5))
2026-01-18T23:08:48.1757624Z   Using cached pyasn1_modules-0.4.2-py3-none-any.whl.metadata (3.5 kB)
2026-01-18T23:08:48.1894920Z Collecting rsa<5,>=3.1.4 (from google-auth<3.0.0,>=2.47.0->google-auth[requests]<3.0.0,>=2.47.0->google-genai>=0.3.0->-r requirements.txt (line 5))
2026-01-18T23:08:48.1909320Z   Using cached rsa-4.9.1-py3-none-any.whl.metadata (5.6 kB)
2026-01-18T23:08:48.2178295Z Collecting httpcore==1.* (from httpx<1.0.0,>=0.28.1->google-genai>=0.3.0->-r requirements.txt (line 5))
2026-01-18T23:08:48.2193008Z   Using cached httpcore-1.0.9-py3-none-any.whl.metadata (21 kB)
2026-01-18T23:08:48.2306602Z Collecting h11>=0.16 (from httpcore==1.*->httpx<1.0.0,>=0.28.1->google-genai>=0.3.0->-r requirements.txt (line 5))
2026-01-18T23:08:48.2320029Z   Using cached h11-0.16.0-py3-none-any.whl.metadata (8.3 kB)
2026-01-18T23:08:48.2420351Z Collecting annotated-types>=0.6.0 (from pydantic<3.0.0,>=2.9.0->google-genai>=0.3.0->-r requirements.txt (line 5))
2026-01-18T23:08:48.2434413Z   Using cached annotated_types-0.7.0-py3-none-any.whl.metadata (15 kB)
2026-01-18T23:08:48.9042910Z Collecting pydantic-core==2.41.5 (from pydantic<3.0.0,>=2.9.0->google-genai>=0.3.0->-r requirements.txt (line 5))
2026-01-18T23:08:48.9060007Z   Using cached pydantic_core-2.41.5-cp311-cp311-manylinux_2_17_x86_64.manylinux2014_x86_64.whl.metadata (7.3 kB)
2026-01-18T23:08:48.9182143Z Collecting typing-inspection>=0.4.2 (from pydantic<3.0.0,>=2.9.0->google-genai>=0.3.0->-r requirements.txt (line 5))
2026-01-18T23:08:48.9197423Z   Using cached typing_inspection-0.4.2-py3-none-any.whl.metadata (2.6 kB)
2026-01-18T23:08:48.9979208Z Collecting pyasn1>=0.1.3 (from rsa<5,>=3.1.4->google-auth<3.0.0,>=2.47.0->google-auth[requests]<3.0.0,>=2.47.0->google-genai>=0.3.0->-r requirements.txt (line 5))
2026-01-18T23:08:48.9995530Z   Using cached pyasn1-0.6.2-py3-none-any.whl.metadata (8.4 kB)
2026-01-18T23:08:49.0280860Z Using cached playwright-1.57.0-py3-none-manylinux1_x86_64.whl (46.0 MB)
2026-01-18T23:08:49.0628418Z Using cached greenlet-3.3.0-cp311-cp311-manylinux_2_24_x86_64.manylinux_2_28_x86_64.whl (590 kB)
2026-01-18T23:08:49.0644868Z Using cached pyee-13.0.0-py3-none-any.whl (15 kB)
2026-01-18T23:08:49.0657678Z Using cached python_dotenv-1.2.1-py3-none-any.whl (21 kB)
2026-01-18T23:08:49.0670454Z Using cached requests-2.32.5-py3-none-any.whl (64 kB)
2026-01-18T23:08:49.0684212Z Using cached charset_normalizer-3.4.4-cp311-cp311-manylinux2014_x86_64.manylinux_2_17_x86_64.manylinux_2_28_x86_64.whl (151 kB)
2026-01-18T23:08:49.0697497Z Using cached idna-3.11-py3-none-any.whl (71 kB)
2026-01-18T23:08:49.0710724Z Using cached urllib3-2.6.3-py3-none-any.whl (131 kB)
2026-01-18T23:08:49.0724608Z Using cached pillow-12.1.0-cp311-cp311-manylinux_2_27_x86_64.manylinux_2_28_x86_64.whl (7.0 MB)
2026-01-18T23:08:49.0789610Z Using cached google_genai-1.59.0-py3-none-any.whl (719 kB)
2026-01-18T23:08:49.0808140Z Using cached anyio-4.12.1-py3-none-any.whl (113 kB)
2026-01-18T23:08:49.0821737Z Using cached distro-1.9.0-py3-none-any.whl (20 kB)
2026-01-18T23:08:49.0834644Z Using cached google_auth-2.47.0-py3-none-any.whl (234 kB)
2026-01-18T23:08:49.0849180Z Using cached httpx-0.28.1-py3-none-any.whl (73 kB)
2026-01-18T23:08:49.0862849Z Using cached httpcore-1.0.9-py3-none-any.whl (78 kB)
2026-01-18T23:08:49.0876102Z Using cached pydantic-2.12.5-py3-none-any.whl (463 kB)
2026-01-18T23:08:49.0892558Z Using cached pydantic_core-2.41.5-cp311-cp311-manylinux_2_17_x86_64.manylinux2014_x86_64.whl (2.1 MB)
2026-01-18T23:08:49.0920734Z Using cached rsa-4.9.1-py3-none-any.whl (34 kB)
2026-01-18T23:08:49.0934183Z Using cached tenacity-9.1.2-py3-none-any.whl (28 kB)
2026-01-18T23:08:49.0946758Z Using cached typing_extensions-4.15.0-py3-none-any.whl (44 kB)
2026-01-18T23:08:49.0960386Z Using cached websockets-15.0.1-cp311-cp311-manylinux_2_5_x86_64.manylinux1_x86_64.manylinux_2_17_x86_64.manylinux2014_x86_64.whl (182 kB)
2026-01-18T23:08:49.0973787Z Using cached termcolor-3.3.0-py3-none-any.whl (7.7 kB)
2026-01-18T23:08:49.0986804Z Using cached pyyaml-6.0.3-cp311-cp311-manylinux2014_x86_64.manylinux_2_17_x86_64.manylinux_2_28_x86_64.whl (806 kB)
2026-01-18T23:08:49.1005812Z Using cached opencv_python_headless-4.13.0.90-cp37-abi3-manylinux_2_28_x86_64.whl (62.5 MB)
2026-01-18T23:08:49.1468351Z Using cached numpy-2.4.1-cp311-cp311-manylinux_2_27_x86_64.manylinux_2_28_x86_64.whl (16.7 MB)
2026-01-18T23:08:49.1601126Z Using cached faker-40.1.2-py3-none-any.whl (2.0 MB)
2026-01-18T23:08:49.1627714Z Using cached annotated_types-0.7.0-py3-none-any.whl (13 kB)
2026-01-18T23:08:49.1640652Z Using cached certifi-2026.1.4-py3-none-any.whl (152 kB)
2026-01-18T23:08:49.1654508Z Using cached h11-0.16.0-py3-none-any.whl (37 kB)
2026-01-18T23:08:49.1667387Z Using cached pyasn1-0.6.2-py3-none-any.whl (83 kB)
2026-01-18T23:08:49.1680900Z Using cached pyasn1_modules-0.4.2-py3-none-any.whl (181 kB)
2026-01-18T23:08:49.1694983Z Using cached typing_inspection-0.4.2-py3-none-any.whl (14 kB)
2026-01-18T23:08:49.1707580Z Using cached sniffio-1.3.1-py3-none-any.whl (10 kB)
2026-01-18T23:08:49.3847180Z Installing collected packages: websockets, urllib3, typing-extensions, termcolor, tenacity, sniffio, PyYAML, python-dotenv, pyasn1, pillow, numpy, idna, h11, greenlet, faker, distro, charset_normalizer, certifi, annotated-types, typing-inspection, rsa, requests, pyee, pydantic-core, pyasn1-modules, opencv-python-headless, httpcore, anyio, pydantic, playwright, httpx, google-auth, google-genai
2026-01-18T23:08:56.1507916Z 
2026-01-18T23:08:56.1531654Z Successfully installed PyYAML-6.0.3 annotated-types-0.7.0 anyio-4.12.1 certifi-2026.1.4 charset_normalizer-3.4.4 distro-1.9.0 faker-40.1.2 google-auth-2.47.0 google-genai-1.59.0 greenlet-3.3.0 h11-0.16.0 httpcore-1.0.9 httpx-0.28.1 idna-3.11 numpy-2.4.1 opencv-python-headless-4.13.0.90 pillow-12.1.0 playwright-1.57.0 pyasn1-0.6.2 pyasn1-modules-0.4.2 pydantic-2.12.5 pydantic-core-2.41.5 pyee-13.0.0 python-dotenv-1.2.1 requests-2.32.5 rsa-4.9.1 sniffio-1.3.1 tenacity-9.1.2 termcolor-3.3.0 typing-extensions-4.15.0 typing-inspection-0.4.2 urllib3-2.6.3 websockets-15.0.1
2026-01-18T23:08:56.9265565Z Downloading Chromium 143.0.7499.4 (playwright build v1200) from https://cdn.playwright.dev/dbazure/download/playwright/builds/chromium/1200/chromium-linux.zip
2026-01-18T23:08:57.0284354Z (node:2182) [DEP0169] DeprecationWarning: `url.parse()` behavior is not standardized and prone to errors that have security implications. Use the WHATWG URL API instead. CVEs are not issued for `url.parse()` vulnerabilities.
2026-01-18T23:08:57.0286523Z (Use `node --trace-deprecation ...` to show where the warning was created)
2026-01-18T23:08:57.1523154Z |                                                                                |   0% of 164.7 MiB
2026-01-18T23:08:57.3218258Z |■■■■■■■■                                                                        |  10% of 164.7 MiB
2026-01-18T23:08:57.4750550Z |■■■■■■■■■■■■■■■■                                                                |  20% of 164.7 MiB
2026-01-18T23:08:57.6248560Z |■■■■■■■■■■■■■■■■■■■■■■■■                                                        |  30% of 164.7 MiB
2026-01-18T23:08:57.8230199Z |■■■■■■■■■■■■■■■■■■■■■■■■■■■■■■■■                                                |  40% of 164.7 MiB
2026-01-18T23:08:58.0080627Z |■■■■■■■■■■■■■■■■■■■■■■■■■■■■■■■■■■■■■■■■                                        |  50% of 164.7 MiB
2026-01-18T23:08:58.1279819Z |■■■■■■■■■■■■■■■■■■■■■■■■■■■■■■■■■■■■■■■■■■■■■■■■                                |  60% of 164.7 MiB
2026-01-18T23:08:58.2695038Z |■■■■■■■■■■■■■■■■■■■■■■■■■■■■■■■■■■■■■■■■■■■■■■■■■■■■■■■■                        |  70% of 164.7 MiB
2026-01-18T23:08:58.4829389Z |■■■■■■■■■■■■■■■■■■■■■■■■■■■■■■■■■■■■■■■■■■■■■■■■■■■■■■■■■■■■■■■■                |  80% of 164.7 MiB
2026-01-18T23:08:58.6513124Z |■■■■■■■■■■■■■■■■■■■■■■■■■■■■■■■■■■■■■■■■■■■■■■■■■■■■■■■■■■■■■■■■■■■■■■■■        |  90% of 164.7 MiB
2026-01-18T23:08:58.8007113Z |■■■■■■■■■■■■■■■■■■■■■■■■■■■■■■■■■■■■■■■■■■■■■■■■■■■■■■■■■■■■■■■■■■■■■■■■■■■■■■■■| 100% of 164.7 MiB
2026-01-18T23:09:01.4111897Z Chromium 143.0.7499.4 (playwright build v1200) downloaded to /home/runner/.cache/ms-playwright/chromium-1200
2026-01-18T23:09:01.4116827Z Downloading FFMPEG playwright build v1011 from https://cdn.playwright.dev/dbazure/download/playwright/builds/ffmpeg/1011/ffmpeg-linux.zip
2026-01-18T23:09:01.5162301Z (node:2270) [DEP0169] DeprecationWarning: `url.parse()` behavior is not standardized and prone to errors that have security implications. Use the WHATWG URL API instead. CVEs are not issued for `url.parse()` vulnerabilities.
2026-01-18T23:09:01.5164694Z (Use `node --trace-deprecation ...` to show where the warning was created)
2026-01-18T23:09:01.5525939Z |                                                                                |   0% of 2.3 MiB
2026-01-18T23:09:01.5610406Z |■■■■■■■■                                                                        |  10% of 2.3 MiB
2026-01-18T23:09:01.5645696Z |■■■■■■■■■■■■■■■■                                                                |  20% of 2.3 MiB
2026-01-18T23:09:01.5669228Z |■■■■■■■■■■■■■■■■■■■■■■■■                                                        |  30% of 2.3 MiB
2026-01-18T23:09:01.5695685Z |■■■■■■■■■■■■■■■■■■■■■■■■■■■■■■■■                                                |  40% of 2.3 MiB
2026-01-18T23:09:01.5706334Z |■■■■■■■■■■■■■■■■■■■■■■■■■■■■■■■■■■■■■■■■                                        |  50% of 2.3 MiB
2026-01-18T23:09:01.5721748Z |■■■■■■■■■■■■■■■■■■■■■■■■■■■■■■■■■■■■■■■■■■■■■■■■                                |  60% of 2.3 MiB
2026-01-18T23:09:01.5742606Z |■■■■■■■■■■■■■■■■■■■■■■■■■■■■■■■■■■■■■■■■■■■■■■■■■■■■■■■■                        |  70% of 2.3 MiB
2026-01-18T23:09:01.5755530Z |■■■■■■■■■■■■■■■■■■■■■■■■■■■■■■■■■■■■■■■■■■■■■■■■■■■■■■■■■■■■■■■■                |  80% of 2.3 MiB
2026-01-18T23:09:01.5766711Z |■■■■■■■■■■■■■■■■■■■■■■■■■■■■■■■■■■■■■■■■■■■■■■■■■■■■■■■■■■■■■■■■■■■■■■■■        |  90% of 2.3 MiB
2026-01-18T23:09:01.5783345Z |■■■■■■■■■■■■■■■■■■■■■■■■■■■■■■■■■■■■■■■■■■■■■■■■■■■■■■■■■■■■■■■■■■■■■■■■■■■■■■■■| 100% of 2.3 MiB
2026-01-18T23:09:01.6358358Z FFMPEG playwright build v1011 downloaded to /home/runner/.cache/ms-playwright/ffmpeg-1011
2026-01-18T23:09:01.6362464Z Downloading Chromium Headless Shell 143.0.7499.4 (playwright build v1200) from https://cdn.playwright.dev/dbazure/download/playwright/builds/chromium/1200/chromium-headless-shell-linux.zip
2026-01-18T23:09:01.7353122Z (node:2281) [DEP0169] DeprecationWarning: `url.parse()` behavior is not standardized and prone to errors that have security implications. Use the WHATWG URL API instead. CVEs are not issued for `url.parse()` vulnerabilities.
2026-01-18T23:09:01.7354528Z (Use `node --trace-deprecation ...` to show where the warning was created)
2026-01-18T23:09:01.8198221Z |                                                                                |   0% of 109.7 MiB
2026-01-18T23:09:01.9736244Z |■■■■■■■■                                                                        |  10% of 109.7 MiB
2026-01-18T23:09:02.1012665Z |■■■■■■■■■■■■■■■■                                                                |  20% of 109.7 MiB
2026-01-18T23:09:02.1925318Z |■■■■■■■■■■■■■■■■■■■■■■■■                                                        |  30% of 109.7 MiB
2026-01-18T23:09:02.2972794Z |■■■■■■■■■■■■■■■■■■■■■■■■■■■■■■■■                                                |  40% of 109.7 MiB
2026-01-18T23:09:02.3886508Z |■■■■■■■■■■■■■■■■■■■■■■■■■■■■■■■■■■■■■■■■                                        |  50% of 109.7 MiB
2026-01-18T23:09:02.5404101Z |■■■■■■■■■■■■■■■■■■■■■■■■■■■■■■■■■■■■■■■■■■■■■■■■                                |  60% of 109.7 MiB
2026-01-18T23:09:02.6630911Z |■■■■■■■■■■■■■■■■■■■■■■■■■■■■■■■■■■■■■■■■■■■■■■■■■■■■■■■■                        |  70% of 109.7 MiB
2026-01-18T23:09:02.7558865Z |■■■■■■■■■■■■■■■■■■■■■■■■■■■■■■■■■■■■■■■■■■■■■■■■■■■■■■■■■■■■■■■■                |  80% of 109.7 MiB
2026-01-18T23:09:02.8588815Z |■■■■■■■■■■■■■■■■■■■■■■■■■■■■■■■■■■■■■■■■■■■■■■■■■■■■■■■■■■■■■■■■■■■■■■■■        |  90% of 109.7 MiB
2026-01-18T23:09:02.9603864Z |■■■■■■■■■■■■■■■■■■■■■■■■■■■■■■■■■■■■■■■■■■■■■■■■■■■■■■■■■■■■■■■■■■■■■■■■■■■■■■■■| 100% of 109.7 MiB
2026-01-18T23:09:04.8549919Z Chromium Headless Shell 143.0.7499.4 (playwright build v1200) downloaded to /home/runner/.cache/ms-playwright/chromium_headless_shell-1200
2026-01-18T23:09:04.8929391Z ##[group]Run mkdir -p projects/ci_automationexercise_shop
2026-01-18T23:09:04.8930205Z [36;1mmkdir -p projects/ci_automationexercise_shop[0m
2026-01-18T23:09:04.8930624Z [36;1mcat > projects/ci_automationexercise_shop/config.json << 'EOF'[0m
2026-01-18T23:09:04.8930976Z [36;1m{[0m
2026-01-18T23:09:04.8931216Z [36;1m  "project_name": "ci_automationexercise_shop",[0m
2026-01-18T23:09:04.8931622Z [36;1m  "target_url": "https://www.automationexercise.com/",[0m
2026-01-18T23:09:04.8932010Z [36;1m  "goal": "Explore shopping features and cart",[0m
2026-01-18T23:09:04.8932304Z [36;1m  "headless": true[0m
2026-01-18T23:09:04.8932520Z [36;1m}[0m
2026-01-18T23:09:04.8932689Z [36;1mEOF[0m
2026-01-18T23:09:04.8966725Z shell: /usr/bin/bash -e {0}
2026-01-18T23:09:04.8966980Z env:
2026-01-18T23:09:04.8967251Z   pythonLocation: /opt/hostedtoolcache/Python/3.11.14/x64
2026-01-18T23:09:04.8967681Z   PKG_CONFIG_PATH: /opt/hostedtoolcache/Python/3.11.14/x64/lib/pkgconfig
2026-01-18T23:09:04.8968166Z   Python_ROOT_DIR: /opt/hostedtoolcache/Python/3.11.14/x64
2026-01-18T23:09:04.8968549Z   Python2_ROOT_DIR: /opt/hostedtoolcache/Python/3.11.14/x64
2026-01-18T23:09:04.8968938Z   Python3_ROOT_DIR: /opt/hostedtoolcache/Python/3.11.14/x64
2026-01-18T23:09:04.8969314Z   LD_LIBRARY_PATH: /opt/hostedtoolcache/Python/3.11.14/x64/lib
2026-01-18T23:09:04.8969930Z ##[endgroup]
2026-01-18T23:09:04.9162097Z ##[group]Run # Use --deep for comprehensive regression suite
2026-01-18T23:09:04.9162580Z [36;1m# Use --deep for comprehensive regression suite[0m
2026-01-18T23:09:04.9163077Z [36;1mpython orchestrator.py --project projects/ci_automationexercise_shop --deep --force[0m
2026-01-18T23:09:04.9197482Z shell: /usr/bin/bash -e {0}
2026-01-18T23:09:04.9197729Z env:
2026-01-18T23:09:04.9197984Z   pythonLocation: /opt/hostedtoolcache/Python/3.11.14/x64
2026-01-18T23:09:04.9198420Z   PKG_CONFIG_PATH: /opt/hostedtoolcache/Python/3.11.14/x64/lib/pkgconfig
2026-01-18T23:09:04.9198848Z   Python_ROOT_DIR: /opt/hostedtoolcache/Python/3.11.14/x64
2026-01-18T23:09:04.9199225Z   Python2_ROOT_DIR: /opt/hostedtoolcache/Python/3.11.14/x64
2026-01-18T23:09:04.9200096Z   Python3_ROOT_DIR: /opt/hostedtoolcache/Python/3.11.14/x64
2026-01-18T23:09:04.9200487Z   LD_LIBRARY_PATH: /opt/hostedtoolcache/Python/3.11.14/x64/lib
2026-01-18T23:09:04.9201069Z   GOOGLE_API_KEY: ***
2026-01-18T23:09:04.9201314Z   PYTHONPATH: .
2026-01-18T23:09:04.9201496Z ##[endgroup]
2026-01-18T23:09:06.7875324Z 🚀 [DEEP] Extensive mapping enabled (Depth: 3, Pages: 50)
2026-01-18T23:09:06.7875996Z 
2026-01-18T23:09:06.7876972Z 🗺️ [DISCOVERY] Starting Parallel Semantic Crawl on https://www.automationexercise.com/ (Workers: 3)
2026-01-18T23:09:07.2546247Z   🔍 [Worker 0] Visiting (0): https://www.automationexercise.com/
2026-01-18T23:09:07.8198917Z [CACHE HIT] 2a907338... (hits: 1, misses: 0)
2026-01-18T23:09:07.8200964Z   🔍 [Worker 1] Visiting (1): https://www.automationexercise.com/brand_products/Mast%20&%20Harbour
2026-01-18T23:09:07.8208391Z   🔍 [Worker 2] Visiting (1): https://www.automationexercise.com/product_details/43
2026-01-18T23:09:07.8231130Z   🔍 [Worker 0] Visiting (1): https://www.automationexercise.com/product_details/7
2026-01-18T23:09:08.3090059Z [DEBUG] Sending request to gemini-2.0-flash. Number of parts: 1
2026-01-18T23:09:08.3095080Z [CACHE HIT] ff268896... (hits: 2, misses: 2)
2026-01-18T23:09:08.3098801Z   🔍 [Worker 1] Visiting (1): https://www.automationexercise.com/product_details/41
2026-01-18T23:09:09.0413880Z [DEBUG] Received response (Length: 344)
2026-01-18T23:09:09.0418885Z   🔍 [Worker 2] Visiting (1): https://www.automationexercise.com/brand_products/Madame
2026-01-18T23:09:14.0393726Z [DEBUG] Sending request to gemini-2.0-flash. Number of parts: 1
2026-01-18T23:09:14.0396208Z [DEBUG] Sending request to gemini-2.0-flash. Number of parts: 1
2026-01-18T23:09:14.0417356Z [DEBUG] Sending request to gemini-2.0-flash. Number of parts: 1
2026-01-18T23:09:14.0418265Z [DEBUG] Received response (Length: 342)
2026-01-18T23:09:14.0419816Z   🔍 [Worker 1] Visiting (1): https://www.automationexercise.com/product_details/18
2026-01-18T23:09:14.2994633Z [DEBUG] Received response (Length: 510)
2026-01-18T23:09:14.2995700Z   🔍 [Worker 2] Visiting (1): https://www.automationexercise.com/contact_us
2026-01-18T23:09:14.4908240Z [DEBUG] Received response (Length: 608)
2026-01-18T23:09:14.4943893Z   🔍 [Worker 0] Visiting (1): https://www.automationexercise.com/category_products/7
2026-01-18T23:09:14.6821712Z [CACHE HIT] 0737564f... (hits: 3, misses: 5)
2026-01-18T23:09:14.6834847Z   🔍 [Worker 2] Visiting (1): https://www.automationexercise.com/test_cases
2026-01-18T23:09:18.8417866Z [DEBUG] Sending request to gemini-2.0-flash. Number of parts: 1
2026-01-18T23:09:18.8418755Z [DEBUG] Sending request to gemini-2.0-flash. Number of parts: 1
2026-01-18T23:09:18.8426476Z [DEBUG] Sending request to gemini-2.0-flash. Number of parts: 1
2026-01-18T23:09:18.8428084Z [DEBUG] Received response (Length: 218)
2026-01-18T23:09:18.8430378Z   🔍 [Worker 2] Visiting (1): https://www.automationexercise.com/product_details/37
2026-01-18T23:09:19.0275509Z [DEBUG] Received response (Length: 341)
2026-01-18T23:09:19.0276894Z   🔍 [Worker 1] Visiting (1): https://www.automationexercise.com/product_details/2
2026-01-18T23:09:19.0975513Z [CACHE HIT] 37378198... (hits: 4, misses: 7)
2026-01-18T23:09:19.0977046Z   🔍 [Worker 2] Visiting (1): https://www.automationexercise.com/product_details/8
2026-01-18T23:09:19.3323274Z [CACHE HIT] 14145d70... (hits: 5, misses: 7)
2026-01-18T23:09:19.3327475Z [DEBUG] Received response (Length: 539)
2026-01-18T23:09:19.3329746Z   🔍 [Worker 1] Visiting (1): https://www.automationexercise.com/product_details/12
2026-01-18T23:09:19.3680874Z   🔍 [Worker 0] Visiting (1): https://www.automationexercise.com/product_details/35
2026-01-18T23:09:23.9543166Z [DEBUG] Sending request to gemini-2.0-flash. Number of parts: 1
2026-01-18T23:09:23.9544359Z [DEBUG] Sending request to gemini-2.0-flash. Number of parts: 1
2026-01-18T23:09:23.9545927Z [DEBUG] Sending request to gemini-2.0-flash. Number of parts: 1
2026-01-18T23:09:23.9546570Z [DEBUG] Received response (Length: 322)
2026-01-18T23:09:23.9548007Z   🔍 [Worker 0] Visiting (1): https://www.automationexercise.com/brand_products/Biba
2026-01-18T23:09:24.0533895Z [DEBUG] Received response (Length: 352)
2026-01-18T23:09:24.0537553Z   🔍 [Worker 1] Visiting (1): https://www.automationexercise.com/product_details/39
2026-01-18T23:09:24.1070525Z [DEBUG] Received response (Length: 335)
2026-01-18T23:09:24.1074179Z   🔍 [Worker 2] Visiting (1): https://www.automationexercise.com
2026-01-18T23:09:24.2440403Z [CACHE HIT] ae99648d... (hits: 6, misses: 10)
2026-01-18T23:09:24.2441840Z   🔍 [Worker 0] Visiting (1): https://www.automationexercise.com/product_details/20
2026-01-18T23:09:24.3817703Z [CACHE HIT] 395e1eaa... (hits: 7, misses: 10)
2026-01-18T23:09:24.3818839Z   🔍 [Worker 1] Visiting (1): https://www.automationexercise.com/api_list
2026-01-18T23:09:24.5871189Z [CACHE HIT] 2a907338... (hits: 8, misses: 10)
2026-01-18T23:09:24.5876545Z   🔍 [Worker 2] Visiting (1): https://www.automationexercise.com/brand_products/Allen%20Solly%20Junior
2026-01-18T23:09:24.6293275Z [CACHE HIT] 60dc93ab... (hits: 9, misses: 10)
2026-01-18T23:09:24.6298149Z   🔍 [Worker 0] Visiting (1): https://www.automationexercise.com/brand_products/Kookie%20Kids
2026-01-18T23:09:24.7753264Z [CACHE HIT] 22eac6ed... (hits: 10, misses: 10)
2026-01-18T23:09:24.7771120Z   🔍 [Worker 1] Visiting (1): https://www.automationexercise.com/product_details/13
2026-01-18T23:09:25.9385048Z [DEBUG] Sending request to gemini-2.0-flash. Number of parts: 1
2026-01-18T23:09:25.9385879Z [DEBUG] Received response (Length: 471)
2026-01-18T23:09:25.9387256Z   🔍 [Worker 2] Visiting (1): https://www.automationexercise.com/product_details/28
2026-01-18T23:09:30.7241109Z [DEBUG] Sending request to gemini-2.0-flash. Number of parts: 1
2026-01-18T23:09:30.7241962Z [DEBUG] Sending request to gemini-2.0-flash. Number of parts: 1
2026-01-18T23:09:30.7252418Z [DEBUG] Sending request to gemini-2.0-flash. Number of parts: 1
2026-01-18T23:09:30.7253334Z [DEBUG] Received response (Length: 326)
2026-01-18T23:09:30.7255252Z   🔍 [Worker 1] Visiting (1): https://www.automationexercise.com/product_details/30
2026-01-18T23:09:30.9041165Z [DEBUG] Received response (Length: 514)
2026-01-18T23:09:30.9042699Z   🔍 [Worker 0] Visiting (1): https://www.automationexercise.com/product_details/33
2026-01-18T23:09:30.9539769Z [DEBUG] Received response (Length: 505)
2026-01-18T23:09:30.9540885Z   🔍 [Worker 2] Visiting (1): https://www.automationexercise.com/product_details/16
2026-01-18T23:09:30.9963854Z [CACHE HIT] 5ea77373... (hits: 11, misses: 14)
2026-01-18T23:09:30.9966962Z   🔍 [Worker 1] Visiting (1): https://www.automationexercise.com/product_details/15
2026-01-18T23:09:31.3751553Z [CACHE HIT] edb825cf... (hits: 12, misses: 15)
2026-01-18T23:09:31.3754180Z   🔍 [Worker 2] Visiting (1): https://www.automationexercise.com/product_details/29
2026-01-18T23:09:35.5807589Z [DEBUG] Sending request to gemini-2.0-flash. Number of parts: 1
2026-01-18T23:09:35.5809709Z [DEBUG] Sending request to gemini-2.0-flash. Number of parts: 1
2026-01-18T23:09:35.5810500Z [DEBUG] Sending request to gemini-2.0-flash. Number of parts: 1
2026-01-18T23:09:35.5811096Z [DEBUG] Received response (Length: 340)
2026-01-18T23:09:35.5812514Z   🔍 [Worker 1] Visiting (1): https://www.automationexercise.com/brand_products/H&M
2026-01-18T23:09:35.7548432Z [DEBUG] Received response (Length: 324)
2026-01-18T23:09:35.7552167Z   🔍 [Worker 2] Visiting (1): https://www.automationexercise.com/category_products/5
2026-01-18T23:09:36.0668173Z [DEBUG] Sending request to gemini-2.0-flash. Number of parts: 1
2026-01-18T23:09:36.0668924Z [CACHE HIT] 83284235... (hits: 13, misses: 18)
2026-01-18T23:09:36.0670138Z   🔍 [Worker 2] Visiting (1): https://www.automationexercise.com/login
2026-01-18T23:09:36.1386776Z [DEBUG] Received response (Length: 509)
2026-01-18T23:09:36.1388235Z   🔍 [Worker 0] Visiting (1): https://www.automationexercise.com/category_products/4
2026-01-18T23:09:36.6753353Z [DEBUG] Received response (Length: 287)
2026-01-18T23:09:36.6755028Z   🔍 [Worker 1] Visiting (1): https://www.automationexercise.com/brand_products/Babyhug
2026-01-18T23:09:36.9916493Z [CACHE HIT] f1e9969d... (hits: 14, misses: 20)
2026-01-18T23:09:36.9918534Z   🔍 [Worker 1] Visiting (1): https://www.automationexercise.com/category_products/2
2026-01-18T23:09:41.6363812Z [DEBUG] Sending request to gemini-2.0-flash. Number of parts: 1
2026-01-18T23:09:41.6365371Z [DEBUG] Sending request to gemini-2.0-flash. Number of parts: 1
2026-01-18T23:09:41.6368631Z [DEBUG] Sending request to gemini-2.0-flash. Number of parts: 1
2026-01-18T23:09:41.6369232Z [DEBUG] Received response (Length: 334)
2026-01-18T23:09:41.6370379Z   🔍 [Worker 2] Visiting (1): https://www.automationexercise.com/product_details/21
2026-01-18T23:09:41.8528338Z [DEBUG] Received response (Length: 423)
2026-01-18T23:09:41.8529715Z   🔍 [Worker 1] Visiting (1): https://www.automationexercise.com/category_products/6
2026-01-18T23:09:41.8791187Z [DEBUG] Received response (Length: 459)
2026-01-18T23:09:41.8792524Z   🔍 [Worker 0] Visiting (1): https://www.automationexercise.com/product_details/4
2026-01-18T23:09:42.2261674Z [CACHE HIT] 26aa0a2a... (hits: 15, misses: 23)
2026-01-18T23:09:42.2263002Z   🔍 [Worker 0] Visiting (1): https://www.automationexercise.com/product_details/19
2026-01-18T23:09:42.5160744Z [CACHE HIT] 26085524... (hits: 16, misses: 23)
2026-01-18T23:09:42.5163660Z   🔍 [Worker 0] Visiting (1): https://www.automationexercise.com/product_details/42
2026-01-18T23:09:46.7798710Z [DEBUG] Sending request to gemini-2.0-flash. Number of parts: 1
2026-01-18T23:09:46.7800988Z [DEBUG] Sending request to gemini-2.0-flash. Number of parts: 1
2026-01-18T23:09:46.7801723Z [DEBUG] Sending request to gemini-2.0-flash. Number of parts: 1
2026-01-18T23:09:46.7802336Z [DEBUG] Received response (Length: 397)
2026-01-18T23:09:46.7803415Z   🔍 [Worker 1] Visiting (1): https://www.automationexercise.com/product_details/3
2026-01-18T23:09:46.9101781Z [DEBUG] Received response (Length: 457)
2026-01-18T23:09:46.9103392Z   🔍 [Worker 0] Visiting (1): https://www.automationexercise.com/category_products/3
2026-01-18T23:09:47.0992939Z [DEBUG] Sending request to gemini-2.0-flash. Number of parts: 1
2026-01-18T23:09:47.0993964Z [DEBUG] Received response (Length: 619)
2026-01-18T23:09:47.0998382Z   🔍 [Worker 2] Visiting (1): https://www.automationexercise.com/product_details/23
2026-01-18T23:09:47.4084136Z [CACHE HIT] d844c3a3... (hits: 17, misses: 26)
2026-01-18T23:09:47.4085255Z   🔍 [Worker 2] Visiting (1): https://www.automationexercise.com/product_details/1
2026-01-18T23:09:47.7496363Z [DEBUG] Received response (Length: 252)
2026-01-18T23:09:47.7497550Z   🔍 [Worker 1] Visiting (1): https://www.automationexercise.com/product_details/5
2026-01-18T23:09:52.8383702Z [DEBUG] Sending request to gemini-2.0-flash. Number of parts: 1
2026-01-18T23:09:52.8385308Z [DEBUG] Sending request to gemini-2.0-flash. Number of parts: 1
2026-01-18T23:09:52.8386088Z [DEBUG] Sending request to gemini-2.0-flash. Number of parts: 1
2026-01-18T23:09:52.8386756Z [DEBUG] Received response (Length: 342)
2026-01-18T23:09:52.8387844Z   🔍 [Worker 1] Visiting (1): https://www.automationexercise.com/category_products/1
2026-01-18T23:09:52.9624089Z [DEBUG] Received response (Length: 451)
2026-01-18T23:09:52.9627370Z   🔍 [Worker 0] Visiting (1): https://www.automationexercise.com/view_cart
2026-01-18T23:09:53.1091904Z [CACHE HIT] f23aa454... (hits: 18, misses: 28)
2026-01-18T23:09:53.1092616Z [DEBUG] Received response (Length: 528)
2026-01-18T23:09:53.1093798Z   🔍 [Worker 1] Visiting (1): https://www.automationexercise.com/product_details/11
2026-01-18T23:09:53.1388668Z   🔍 [Worker 2] Visiting (1): https://www.automationexercise.com/product_details/22
2026-01-18T23:09:53.4692211Z [DEBUG] Sending request to gemini-2.0-flash. Number of parts: 1
2026-01-18T23:09:53.4693879Z [CACHE HIT] c0502b1c... (hits: 19, misses: 30)
2026-01-18T23:09:53.4695504Z   🔍 [Worker 2] Visiting (1): https://www.automationexercise.com/product_details/6
2026-01-18T23:09:54.0742117Z [DEBUG] Received response (Length: 298)
2026-01-18T23:09:54.0744403Z   🔍 [Worker 0] Visiting (1): https://www.automationexercise.com/products
2026-01-18T23:09:59.1352722Z [DEBUG] Sending request to gemini-2.0-flash. Number of parts: 1
2026-01-18T23:09:59.1354145Z [DEBUG] Sending request to gemini-2.0-flash. Number of parts: 1
2026-01-18T23:09:59.1361587Z [DEBUG] Sending request to gemini-2.0-flash. Number of parts: 1
2026-01-18T23:09:59.1362578Z [DEBUG] Received response (Length: 358)
2026-01-18T23:09:59.1363819Z   🔍 [Worker 1] Visiting (1): https://www.automationexercise.com/brand_products/Polo
2026-01-18T23:09:59.4493494Z [DEBUG] Received response (Length: 303)
2026-01-18T23:09:59.4494064Z [DEBUG] Received response (Length: 534)
2026-01-18T23:09:59.4494559Z [CACHE HIT] 056f2e12... (hits: 20, misses: 32)
2026-01-18T23:09:59.4495106Z ✅ Discovery Complete. Mapped 50 pages.
2026-01-18T23:10:10.1455966Z 
2026-01-18T23:10:10.1456865Z [PLAN] PLANNER: Planning goal -> 'Explore shopping features and cart' (Deep Mode: True)
2026-01-18T23:10:10.1458263Z 🗺️ [PLAN] Loaded Sitemap with 50 pages.
2026-01-18T23:10:10.1460131Z 🎭 [EXPERT] Detected Domain: ECOMMERCE. Persona: Act as a Senior SDET focusing on e-commerce flow automation and conversion funnel reliability
2026-01-18T23:10:10.1461149Z [DEBUG] Sending request to gemini-2.0-flash. Number of parts: 1
2026-01-18T23:10:10.1461657Z [DEBUG] Received response (Length: 5614)
2026-01-18T23:10:10.1462164Z ✅ Planner generated 4 scenarios. Workflow updated.
2026-01-18T23:10:11.2557393Z 
2026-01-18T23:10:11.2558351Z 🕵️ [DEEP EXPLORER] Starting Multi-Scenario Exploration
2026-01-18T23:10:11.2559199Z 📋 Found 4 scenarios to explore.
2026-01-18T23:10:11.6506079Z 
2026-01-18T23:10:11.6506593Z [1/4] Exploring Scenario: Search, Add to Cart, and Checkout
2026-01-18T23:10:11.6507436Z     🧠 Initialized exploration context for goal: 'Explore shopping features and cart'
2026-01-18T23:10:11.6507916Z   ▶️ [STEP step_1] NAVIGATE: 
2026-01-18T23:10:12.6543944Z     ✅ Navigated to https://www.automationexercise.com/
2026-01-18T23:10:12.6544773Z   ▶️ [STEP step_2] ASSERT_URL: 
2026-01-18T23:10:12.7290084Z     📢 Detected overlay (ins.adsbygoogle). Dismissing...
2026-01-18T23:10:14.2483849Z     📢 Detected overlay (ins.adsbygoogle). Dismissing...
2026-01-18T23:10:20.7621639Z     ⚠️ Scroll into view failed for text=None. Proceeding anyway.
2026-01-18T23:10:22.7645037Z     ✅ State transitioned.
2026-01-18T23:10:24.7095242Z [DEBUG] Sending request to gemini-2.0-flash. Number of parts: 2
2026-01-18T23:10:24.7095847Z [DEBUG] Received response (Length: 280)
2026-01-18T23:10:24.7096744Z     🤖 AI Next Step Suggestion: click -> Add to cart
2026-01-18T23:10:24.7097223Z     🧩 Suggested Locator: a[data-product-id='1']
2026-01-18T23:10:24.7098235Z     💭 Reasoning: To explore shopping features and cart, I will add the first available product to the cart. The first 'Add to cart' button corresponds to the first product.
2026-01-18T23:10:24.7099136Z     ➕ Injected AI step: click -> Add to cart
2026-01-18T23:10:24.7099823Z   ▶️ [STEP step_2_ai_1] CLICK: Add to cart
2026-01-18T23:10:24.7172019Z     📢 Detected overlay (ins.adsbygoogle). Dismissing...
2026-01-18T23:10:26.2237918Z     🎯 Using AI-provided locator: a[data-product-id='1']
2026-01-18T23:10:26.2316200Z     ✅ Found 1 verified locators
2026-01-18T23:10:26.2386681Z     📢 Detected overlay (ins.adsbygoogle). Dismissing...
2026-01-18T23:10:31.8516843Z     ✅ State transitioned.
2026-01-18T23:10:33.6449185Z [DEBUG] Sending request to gemini-2.0-flash. Number of parts: 2
2026-01-18T23:10:33.6450357Z [DEBUG] Received response (Length: 252)
2026-01-18T23:10:33.6451426Z     🤖 AI Next Step Suggestion: click -> Continue Shopping
2026-01-18T23:10:33.6452374Z     🧩 Suggested Locator: button
2026-01-18T23:10:33.6454738Z     💭 Reasoning: The 'Add to cart' action was successful, and the 'Continue Shopping' button is available to continue exploring the site and adding more items to the cart.
2026-01-18T23:10:33.6456867Z     ➕ Injected AI step: click -> Continue Shopping
2026-01-18T23:10:33.6458167Z   ▶️ [STEP step_2_ai_2] CLICK: Continue Shopping
2026-01-18T23:10:33.6526218Z     📢 Detected overlay (ins.adsbygoogle). Dismissing...
2026-01-18T23:10:35.1590535Z     🎯 Using AI-provided locator: button
2026-01-18T23:10:35.1616247Z     🔍 Mining locators for: 'Continue Shopping'
2026-01-18T23:10:35.3326122Z     ✅ Found 2 verified locators
2026-01-18T23:10:35.3401260Z     📢 Detected overlay (ins.adsbygoogle). Dismissing...
2026-01-18T23:10:40.4157132Z     ✅ State transitioned.
2026-01-18T23:10:40.4507380Z     🔄 Revisited state detected (count: 1)
2026-01-18T23:10:42.4535389Z [DEBUG] Sending request to gemini-2.0-flash. Number of parts: 2
2026-01-18T23:10:42.4536040Z [DEBUG] Received response (Length: 296)
2026-01-18T23:10:42.4536964Z     🤖 AI Next Step Suggestion: click -> Add to cart
2026-01-18T23:10:42.4537660Z     🧩 Suggested Locator: a[data-product-id='2']
2026-01-18T23:10:42.4539850Z     💭 Reasoning: To explore shopping features and cart, adding another item to the cart is a logical next step. The 'Add to cart' button for the 'Men Tshirt' is available and has not been clicked recently.
2026-01-18T23:10:42.4541522Z     ➕ Injected AI step: click -> Add to cart
2026-01-18T23:10:42.4541978Z   ▶️ [STEP step_2_ai_3] CLICK: Add to cart
2026-01-18T23:10:42.4609876Z     📢 Detected overlay (ins.adsbygoogle). Dismissing...
2026-01-18T23:10:43.9667641Z     🎯 Using AI-provided locator: a[data-product-id='2']
2026-01-18T23:10:43.9737552Z     ✅ Found 1 verified locators
2026-01-18T23:10:43.9802503Z     📢 Detected overlay (ins.adsbygoogle). Dismissing...
2026-01-18T23:10:49.5465990Z     ✅ State transitioned.
2026-01-18T23:10:49.5823519Z     🔄 Revisited state detected (count: 2)
2026-01-18T23:10:51.4536261Z [DEBUG] Sending request to gemini-2.0-flash. Number of parts: 2
2026-01-18T23:10:51.4537096Z [DEBUG] Received response (Length: 299)
2026-01-18T23:10:51.4537995Z     🤖 AI Next Step Suggestion: click -> View Cart
2026-01-18T23:10:51.4538633Z     🧩 Suggested Locator: a:contains('View Cart')
2026-01-18T23:10:51.4540594Z     💭 Reasoning: The goal is to explore shopping features and cart. The 'View Cart' link is visible after adding a product to the cart, and clicking it will lead to the cart page, progressing towards the goal.
2026-01-18T23:10:51.4541646Z     ➕ Injected AI step: click -> View Cart
2026-01-18T23:10:51.4541977Z   ▶️ [STEP step_2_ai_4] CLICK: View Cart
2026-01-18T23:10:51.4609942Z     📢 Detected overlay (ins.adsbygoogle). Dismissing...
2026-01-18T23:10:52.9662378Z     🎯 Using AI-provided locator: a:contains('View Cart')
2026-01-18T23:10:52.9698056Z     🔍 Mining locators for: 'View Cart'
2026-01-18T23:10:53.1850821Z     ✅ Found 1 verified locators
2026-01-18T23:10:53.1975356Z     📢 Detected overlay (ins.adsbygoogle). Dismissing...
2026-01-18T23:10:58.2624976Z     ✅ State transitioned.
2026-01-18T23:10:59.8473841Z [DEBUG] Sending request to gemini-2.0-flash. Number of parts: 2
2026-01-18T23:10:59.8475909Z [DEBUG] Received response (Length: 253)
2026-01-18T23:10:59.8477012Z     🤖 AI Next Step Suggestion: click -> Proceed To Checkout
2026-01-18T23:10:59.8478018Z     🧩 Suggested Locator: a:contains('Proceed To Checkout')
2026-01-18T23:10:59.8479351Z     💭 Reasoning: The cart has items, and the goal is to explore shopping features and cart, so proceeding to checkout is the next logical step.
2026-01-18T23:10:59.8480669Z     ➕ Injected AI step: click -> Proceed To Checkout
2026-01-18T23:10:59.8481191Z   ▶️ [STEP step_2_ai_5] CLICK: Proceed To Checkout
2026-01-18T23:10:59.8693143Z     🎯 Using AI-provided locator: a:contains('Proceed To Checkout')
2026-01-18T23:10:59.8726099Z     🔍 Mining locators for: 'Proceed To Checkout'
2026-01-18T23:10:59.9345078Z     ✅ Found 1 verified locators
2026-01-18T23:11:03.5157699Z     ✅ State transitioned.
2026-01-18T23:11:05.1954648Z [DEBUG] Sending request to gemini-2.0-flash. Number of parts: 2
2026-01-18T23:11:05.1955652Z [DEBUG] Received response (Length: 227)
2026-01-18T23:11:05.1956943Z     🤖 AI Next Step Suggestion: click -> Register / Login
2026-01-18T23:11:05.1959819Z     💭 Reasoning: The popup requires registration/login to proceed with checkout. Clicking 'Register / Login' is the next logical step.
2026-01-18T23:11:05.1961885Z     ➕ Injected AI step: click -> Register / Login
2026-01-18T23:11:05.1962959Z   ▶️ [STEP step_2_ai_6] CLICK: Register / Login
2026-01-18T23:11:05.2024466Z     🔍 Mining locators for: 'Register / Login'
2026-01-18T23:11:05.2814014Z     ✅ Found 3 verified locators
2026-01-18T23:11:08.8440198Z     ✅ State transitioned.
2026-01-18T23:11:10.4703149Z [DEBUG] Sending request to gemini-2.0-flash. Number of parts: 2
2026-01-18T23:11:10.4703819Z [DEBUG] Received response (Length: 204)
2026-01-18T23:11:10.4704649Z     🤖 AI Next Step Suggestion: fill -> Email Address
2026-01-18T23:11:10.4705419Z     🧩 Suggested Locator: input[name='email'][data-qa='login-email']
2026-01-18T23:11:10.4705904Z     💭 Reasoning: Need to fill in the email address for login.
2026-01-18T23:11:10.4706303Z     ➕ Injected AI step: fill -> Email Address
2026-01-18T23:11:10.4706692Z   ▶️ [STEP step_2_ai_7] FILL: Email Address
2026-01-18T23:11:10.4873866Z     🎯 Using AI-provided locator: input[name='email'][data-qa='login-email']
2026-01-18T23:11:10.4932459Z     ✅ Found 1 verified locators
2026-01-18T23:11:17.6117908Z     ✅ State transitioned.
2026-01-18T23:11:19.2458229Z [DEBUG] Sending request to gemini-2.0-flash. Number of parts: 2
2026-01-18T23:11:19.2458988Z [DEBUG] Received response (Length: 177)
2026-01-18T23:11:19.2460075Z     🤖 AI Next Step Suggestion: fill -> Password
2026-01-18T23:11:19.2460849Z     🧩 Suggested Locator: [name='password']
2026-01-18T23:11:19.2477220Z     💭 Reasoning: Need to fill in the password field to attempt login.
2026-01-18T23:11:19.2478079Z     ➕ Injected AI step: fill -> Password
2026-01-18T23:11:19.2478632Z   ▶️ [STEP step_2_ai_8] FILL: Password
2026-01-18T23:11:19.2524950Z     🎯 Using AI-provided locator: [name='password']
2026-01-18T23:11:19.2585496Z     ✅ Found 1 verified locators
2026-01-18T23:11:25.3383843Z     ✅ State transitioned.
2026-01-18T23:11:26.8969981Z [DEBUG] Sending request to gemini-2.0-flash. Number of parts: 2
2026-01-18T23:11:26.8970763Z [DEBUG] Received response (Length: 217)
2026-01-18T23:11:26.8971554Z     🤖 AI Next Step Suggestion: click -> Login
2026-01-18T23:11:26.8972366Z     🧩 Suggested Locator: button:contains('Login')
2026-01-18T23:11:26.8973937Z     💭 Reasoning: The email and password fields are filled, so clicking the Login button is the next logical step to attempt login.
2026-01-18T23:11:26.8975334Z     ➕ Injected AI step: click -> Login
2026-01-18T23:11:26.8976011Z   ▶️ [STEP step_2_ai_9] CLICK: Login
2026-01-18T23:11:26.9032422Z     🎯 Using AI-provided locator: button:contains('Login')
2026-01-18T23:11:26.9058401Z     🔍 Mining locators for: 'Login'
2026-01-18T23:11:26.9766061Z     ✅ Found 4 verified locators
2026-01-18T23:11:30.5437157Z     ✅ State transitioned.
2026-01-18T23:11:32.0917648Z [DEBUG] Sending request to gemini-2.0-flash. Number of parts: 2
2026-01-18T23:11:32.0918443Z [DEBUG] Received response (Length: 265)
2026-01-18T23:11:32.0919650Z     🤖 AI Next Step Suggestion: click -> Products
2026-01-18T23:11:32.0920387Z     🧩 Suggested Locator: a[href='/products']
2026-01-18T23:11:32.0921815Z     💭 Reasoning: The login failed, and the goal is to explore shopping features and cart. Navigating to the products page is the next logical step to explore the shopping features.
2026-01-18T23:11:32.0922861Z     ➕ Injected AI step: click -> Products
2026-01-18T23:11:32.0923271Z   ▶️ [STEP step_2_ai_10] CLICK: Products
2026-01-18T23:11:32.1088509Z     🎯 Using AI-provided locator: a[href='/products']
2026-01-18T23:11:32.1149376Z     ✅ Found 1 verified locators
2026-01-18T23:11:36.1768127Z     ✅ State transitioned.
2026-01-18T23:11:37.6654873Z [DEBUG] Sending request to gemini-2.0-flash. Number of parts: 2
2026-01-18T23:11:37.6655569Z [DEBUG] Received response (Length: 186)
2026-01-18T23:11:37.6656478Z     🤖 AI Next Step Suggestion: click -> Login
2026-01-18T23:11:37.6657602Z     💭 Reasoning: The previous login attempt failed. Trying to login again with the provided credentials.
2026-01-18T23:11:37.6658990Z     ➕ Injected AI step: click -> Login
2026-01-18T23:11:37.6659834Z   ▶️ [STEP step_2_ai_11] CLICK: Login
2026-01-18T23:11:37.6715704Z     🔍 Mining locators for: 'Login'
2026-01-18T23:11:37.7381178Z     ✅ Found 3 verified locators
2026-01-18T23:11:41.3083756Z     ✅ State transitioned.
2026-01-18T23:11:41.3374251Z     🔄 Revisited state detected (count: 1)
2026-01-18T23:11:42.6595645Z [DEBUG] Sending request to gemini-2.0-flash. Number of parts: 2
2026-01-18T23:11:42.6596289Z [DEBUG] Received response (Length: 273)
2026-01-18T23:11:42.6597221Z     🤖 AI Next Step Suggestion: click -> Signup / Login
2026-01-18T23:11:42.6597871Z     🧩 Suggested Locator: a[href='/login']
2026-01-18T23:11:42.6599737Z     💭 Reasoning: The login failed, and the goal is to explore shopping features and cart. Since login failed, try signing up. Clicking 'Signup / Login' will navigate to the signup form.
2026-01-18T23:11:42.6601210Z     ➕ Injected AI step: click -> Signup / Login
2026-01-18T23:11:42.6601646Z   ▶️ [STEP step_2_ai_12] CLICK: Signup / Login
2026-01-18T23:11:42.6662130Z     🎯 Using AI-provided locator: a[href='/login']
2026-01-18T23:11:42.6720799Z     ✅ Found 1 verified locators
2026-01-18T23:11:46.7226696Z     ✅ State transitioned.
2026-01-18T23:11:46.7512407Z     🔄 Revisited state detected (count: 2)
2026-01-18T23:11:48.0347047Z [DEBUG] Sending request to gemini-2.0-flash. Number of parts: 2
2026-01-18T23:11:48.0347922Z [DEBUG] Received response (Length: 270)
2026-01-18T23:11:48.0349019Z     🤖 AI Next Step Suggestion: click -> Products
2026-01-18T23:11:48.0350218Z     🧩 Suggested Locator: a[href='/products']
2026-01-18T23:11:48.0352688Z     💭 Reasoning: The goal is to explore shopping features and cart. Clicking on 'Products' will navigate to the product listing page, which is a necessary step to add items to the cart.
2026-01-18T23:11:48.0354901Z     ➕ Injected AI step: click -> Products
2026-01-18T23:11:48.0355800Z   ▶️ [STEP step_2_ai_13] CLICK: Products
2026-01-18T23:11:48.0414271Z     🎯 Using AI-provided locator: a[href='/products']
2026-01-18T23:11:48.0471449Z     ✅ Found 1 verified locators
2026-01-18T23:11:52.0899356Z     ✅ State transitioned.
2026-01-18T23:11:52.1164943Z     🔄 Revisited state detected (count: 3)
2026-01-18T23:11:52.1165588Z     ⚠️ Too many revisits (3). Stopping AI step injection to prevent loops.
2026-01-18T23:11:52.1166035Z   ▶️ [STEP step_3] CLICK: Products
2026-01-18T23:11:52.1217362Z     🔍 Mining locators for: 'Products'
2026-01-18T23:11:52.1763513Z     ✅ Found 1 verified locators
2026-01-18T23:11:55.7229852Z     ✅ State transitioned.
2026-01-18T23:11:55.7517409Z     🔄 Revisited state detected (count: 4)
2026-01-18T23:11:55.7518351Z     ⚠️ Too many revisits (4). Stopping AI step injection to prevent loops.
2026-01-18T23:11:55.7519121Z   ▶️ [STEP step_4] ASSERT_URL: 
2026-01-18T23:12:00.7671280Z     ⚠️ Scroll into view failed for text=None. Proceeding anyway.
2026-01-18T23:12:02.7694278Z     ✅ State transitioned.
2026-01-18T23:12:02.7969566Z     🔄 Revisited state detected (count: 5)
2026-01-18T23:12:02.7970436Z     ⚠️ Too many revisits (5). Stopping AI step injection to prevent loops.
2026-01-18T23:12:02.7971312Z   ▶️ [STEP step_5] FILL: Search Product
2026-01-18T23:12:02.8022973Z     🔍 Mining locators for: 'Search Product'
2026-01-18T23:12:02.8532744Z     🧠 Consulting AI (Vision-First) to find 'Search Product'...
2026-01-18T23:12:02.8535081Z     🧠 [EXPERT] Strategy: Act as a Senior SDET focusing on e-commerce flow automation and conversion funnel reliability. Focus on the complete shopping funnel (Search -> Product Selection -> Add to Cart -> Checkout). CRITICAL: Identify SEARCH BARS, magnifying glass icons, and 'Add to Cart' buttons as primary automation targets. Dismiss popups that block the flow. For product lists, default to selecting the FIRST available item for consistent automation.
2026-01-18T23:12:04.3977449Z [DEBUG] Sending request to gemini-2.0-flash. Number of parts: 2
2026-01-18T23:12:04.3978057Z [DEBUG] Received response (Length: 182)
2026-01-18T23:12:04.3978866Z     💡 Expert Suggestion: Search bar is likely on the Products page.
2026-01-18T23:12:04.3979766Z     🛠️ Executing corrective action: click -> 'Products'
2026-01-18T23:12:04.9659327Z     ✅ Executed corrective navigation
2026-01-18T23:12:06.9682440Z     🔄 Retry 1/3 mining locators for 'Search Product'...
2026-01-18T23:12:08.0196739Z     🧠 Consulting AI (Vision-First) to find 'Search Product'...
2026-01-18T23:12:08.0199033Z     🧠 [EXPERT] Strategy: Act as a Senior SDET focusing on e-commerce flow automation and conversion funnel reliability. Focus on the complete shopping funnel (Search -> Product Selection -> Add to Cart -> Checkout). CRITICAL: Identify SEARCH BARS, magnifying glass icons, and 'Add to Cart' buttons as primary automation targets. Dismiss popups that block the flow. For product lists, default to selecting the FIRST available item for consistent automation.
2026-01-18T23:12:08.0202455Z [CACHE HIT] 923cdf9f... (hits: 1, misses: 14)
2026-01-18T23:12:08.0203126Z     ⚠️ Skipping duplicate injection: Products
2026-01-18T23:12:08.0203713Z     🔄 Retry 2/3 mining locators for 'Search Product'...
2026-01-18T23:12:09.0212155Z     🗑️ Invalidating stale AI cache (retry 2)...
2026-01-18T23:12:09.0213388Z     ⚠️ Cache invalidation warning: No module named 'core.agents.domain_expert'
2026-01-18T23:12:09.1024206Z     🧠 Consulting AI (Vision-First) to find 'Search Product'...
2026-01-18T23:12:09.1028165Z     🧠 [EXPERT] Strategy: Act as a Senior SDET focusing on e-commerce flow automation and conversion funnel reliability. Focus on the complete shopping funnel (Search -> Product Selection -> Add to Cart -> Checkout). CRITICAL: Identify SEARCH BARS, magnifying glass icons, and 'Add to Cart' buttons as primary automation targets. Dismiss popups that block the flow. For product lists, default to selecting the FIRST available item for consistent automation.
2026-01-18T23:12:09.1031050Z [CACHE HIT] 923cdf9f... (hits: 2, misses: 14)
2026-01-18T23:12:09.1031732Z     ⚠️ Skipping duplicate injection: Products
2026-01-18T23:12:09.1032549Z     🧠 Verifying step validity for 'Search Product' after no candidates found...
2026-01-18T23:12:10.3126851Z [DEBUG] Sending request to gemini-2.0-flash. Number of parts: 2
2026-01-18T23:12:10.3127537Z [DEBUG] Received response (Length: 182)
2026-01-18T23:12:10.3128925Z     🗑️ Step deemed INVALID: The 'Search Product' element is not present on the login page. It is only available after logging in or on the homepage.. Removing from workflow.
2026-01-18T23:12:10.3130309Z     ⏭️ Skipping execution of invalid step: Search Product
2026-01-18T23:12:10.3130730Z   ▶️ [STEP step_6] CLICK: Search
2026-01-18T23:12:10.3186861Z     🔍 Mining locators for: 'Search'
2026-01-18T23:12:10.3687381Z     🧠 Consulting AI (Vision-First) to find 'Search'...
2026-01-18T23:12:10.3690476Z     🧠 [EXPERT] Strategy: Act as a Senior SDET focusing on e-commerce flow automation and conversion funnel reliability. Focus on the complete shopping funnel (Search -> Product Selection -> Add to Cart -> Checkout). CRITICAL: Identify SEARCH BARS, magnifying glass icons, and 'Add to Cart' buttons as primary automation targets. Dismiss popups that block the flow. For product lists, default to selecting the FIRST available item for consistent automation.
2026-01-18T23:12:15.2903640Z [DEBUG] Sending request to gemini-2.0-flash. Number of parts: 2
2026-01-18T23:12:15.2904068Z [DEBUG] Received response (Length: 182)
2026-01-18T23:12:15.2904688Z     💡 Expert Suggestion: Search bar is likely on the Products page.
2026-01-18T23:12:15.2905156Z     🛠️ Executing corrective action: click -> 'Products'
2026-01-18T23:12:15.8695287Z     ✅ Executed corrective navigation
2026-01-18T23:12:17.8718157Z     🔄 Retry 1/3 mining locators for 'Search'...
2026-01-18T23:12:18.9188814Z     🧠 Consulting AI (Vision-First) to find 'Search'...
2026-01-18T23:12:18.9191447Z     🧠 [EXPERT] Strategy: Act as a Senior SDET focusing on e-commerce flow automation and conversion funnel reliability. Focus on the complete shopping funnel (Search -> Product Selection -> Add to Cart -> Checkout). CRITICAL: Identify SEARCH BARS, magnifying glass icons, and 'Add to Cart' buttons as primary automation targets. Dismiss popups that block the flow. For product lists, default to selecting the FIRST available item for consistent automation.
2026-01-18T23:12:18.9194670Z [CACHE HIT] c3e92c8a... (hits: 3, misses: 16)
2026-01-18T23:12:18.9195084Z     ⚠️ Skipping duplicate injection: Products
2026-01-18T23:12:18.9195444Z     🔄 Retry 2/3 mining locators for 'Search'...
2026-01-18T23:12:19.9201276Z     🗑️ Invalidating stale AI cache (retry 2)...
2026-01-18T23:12:19.9203649Z     ⚠️ Cache invalidation warning: No module named 'core.agents.domain_expert'
2026-01-18T23:12:19.9692420Z     🧠 Consulting AI (Vision-First) to find 'Search'...
2026-01-18T23:12:19.9696107Z     🧠 [EXPERT] Strategy: Act as a Senior SDET focusing on e-commerce flow automation and conversion funnel reliability. Focus on the complete shopping funnel (Search -> Product Selection -> Add to Cart -> Checkout). CRITICAL: Identify SEARCH BARS, magnifying glass icons, and 'Add to Cart' buttons as primary automation targets. Dismiss popups that block the flow. For product lists, default to selecting the FIRST available item for consistent automation.
2026-01-18T23:12:19.9698831Z [CACHE HIT] c3e92c8a... (hits: 4, misses: 16)
2026-01-18T23:12:19.9699624Z     ⚠️ Skipping duplicate injection: Products
2026-01-18T23:12:19.9700400Z     🧠 Verifying step validity for 'Search' after no candidates found...
2026-01-18T23:12:21.1300385Z [DEBUG] Sending request to gemini-2.0-flash. Number of parts: 2
2026-01-18T23:12:21.1301054Z [DEBUG] Received response (Length: 187)
2026-01-18T23:12:21.1302466Z     🗑️ Step deemed INVALID: The 'Search' functionality is not available on the login page. It is only available on the home page or product listing page.. Removing from workflow.
2026-01-18T23:12:21.1303424Z     ⏭️ Skipping execution of invalid step: Search
2026-01-18T23:12:21.1303911Z   ▶️ [STEP step_7] ASSERT_VISIBLE: Searched Products
2026-01-18T23:12:21.1360227Z     🔍 Mining locators for: 'Searched Products'
2026-01-18T23:12:21.1852263Z     🧠 Consulting AI (Vision-First) to find 'Searched Products'...
2026-01-18T23:12:21.1854871Z     🧠 [EXPERT] Strategy: Act as a Senior SDET focusing on e-commerce flow automation and conversion funnel reliability. Focus on the complete shopping funnel (Search -> Product Selection -> Add to Cart -> Checkout). CRITICAL: Identify SEARCH BARS, magnifying glass icons, and 'Add to Cart' buttons as primary automation targets. Dismiss popups that block the flow. For product lists, default to selecting the FIRST available item for consistent automation.
2026-01-18T23:12:26.1830401Z [DEBUG] Sending request to gemini-2.0-flash. Number of parts: 2
2026-01-18T23:12:26.1830954Z [DEBUG] Received response (Length: 182)
2026-01-18T23:12:26.1831746Z     💡 Expert Suggestion: Search bar is likely on the Products page.
2026-01-18T23:12:26.1832818Z     🛠️ Executing corrective action: click -> 'Products'
2026-01-18T23:12:26.7486427Z     ✅ Executed corrective navigation
2026-01-18T23:12:28.7509846Z     🔄 Retry 1/3 mining locators for 'Searched Products'...
2026-01-18T23:12:29.8024777Z     🧠 Consulting AI (Vision-First) to find 'Searched Products'...
2026-01-18T23:12:29.8028576Z     🧠 [EXPERT] Strategy: Act as a Senior SDET focusing on e-commerce flow automation and conversion funnel reliability. Focus on the complete shopping funnel (Search -> Product Selection -> Add to Cart -> Checkout). CRITICAL: Identify SEARCH BARS, magnifying glass icons, and 'Add to Cart' buttons as primary automation targets. Dismiss popups that block the flow. For product lists, default to selecting the FIRST available item for consistent automation.
2026-01-18T23:12:29.8030982Z [CACHE HIT] 140704ac... (hits: 5, misses: 18)
2026-01-18T23:12:29.8031404Z     ⚠️ Skipping duplicate injection: Products
2026-01-18T23:12:29.8031798Z     🔄 Retry 2/3 mining locators for 'Searched Products'...
2026-01-18T23:12:30.8044057Z     🗑️ Invalidating stale AI cache (retry 2)...
2026-01-18T23:12:30.8045417Z     ⚠️ Cache invalidation warning: No module named 'core.agents.domain_expert'
2026-01-18T23:12:30.8526527Z     🧠 Consulting AI (Vision-First) to find 'Searched Products'...
2026-01-18T23:12:30.8528935Z     🧠 [EXPERT] Strategy: Act as a Senior SDET focusing on e-commerce flow automation and conversion funnel reliability. Focus on the complete shopping funnel (Search -> Product Selection -> Add to Cart -> Checkout). CRITICAL: Identify SEARCH BARS, magnifying glass icons, and 'Add to Cart' buttons as primary automation targets. Dismiss popups that block the flow. For product lists, default to selecting the FIRST available item for consistent automation.
2026-01-18T23:12:30.8532264Z [CACHE HIT] 140704ac... (hits: 6, misses: 18)
2026-01-18T23:12:30.8532683Z     ⚠️ Skipping duplicate injection: Products
2026-01-18T23:12:30.8533160Z     🧠 Verifying step validity for 'Searched Products' after no candidates found...
2026-01-18T23:12:32.0811464Z [DEBUG] Sending request to gemini-2.0-flash. Number of parts: 2
2026-01-18T23:12:32.0812168Z [DEBUG] Received response (Length: 258)
2026-01-18T23:12:32.0813828Z     🗑️ Step deemed INVALID: The current page is the login/signup page. The 'Searched Products' section is not present on this page. It would typically appear after a user has searched for products, which hasn't happened yet.. Removing from workflow.
2026-01-18T23:12:32.0815176Z     ⏭️ Skipping execution of invalid step: Searched Products
2026-01-18T23:12:32.0815610Z   ▶️ [STEP step_8] CLICK: Add to cart
2026-01-18T23:12:32.0874852Z     🔍 Mining locators for: 'Add to cart'
2026-01-18T23:12:32.1354267Z     🧠 Consulting AI (Vision-First) to find 'Add to cart'...
2026-01-18T23:12:32.1357843Z     🧠 [EXPERT] Strategy: Act as a Senior SDET focusing on e-commerce flow automation and conversion funnel reliability. Focus on the complete shopping funnel (Search -> Product Selection -> Add to Cart -> Checkout). CRITICAL: Identify SEARCH BARS, magnifying glass icons, and 'Add to Cart' buttons as primary automation targets. Dismiss popups that block the flow. For product lists, default to selecting the FIRST available item for consistent automation.
2026-01-18T23:12:36.9580342Z [DEBUG] Sending request to gemini-2.0-flash. Number of parts: 2
2026-01-18T23:12:36.9580962Z [DEBUG] Received response (Length: 190)
2026-01-18T23:12:36.9581793Z     💡 Expert Suggestion: Add to cart button is likely on the Products page.
2026-01-18T23:12:36.9582492Z     🛠️ Executing corrective action: click -> 'Products'
2026-01-18T23:12:37.5310589Z     ✅ Executed corrective navigation
2026-01-18T23:12:39.5334045Z     🔄 Retry 1/3 mining locators for 'Add to cart'...
2026-01-18T23:12:40.5857599Z     🧠 Consulting AI (Vision-First) to find 'Add to cart'...
2026-01-18T23:12:40.5860841Z     🧠 [EXPERT] Strategy: Act as a Senior SDET focusing on e-commerce flow automation and conversion funnel reliability. Focus on the complete shopping funnel (Search -> Product Selection -> Add to Cart -> Checkout). CRITICAL: Identify SEARCH BARS, magnifying glass icons, and 'Add to Cart' buttons as primary automation targets. Dismiss popups that block the flow. For product lists, default to selecting the FIRST available item for consistent automation.
2026-01-18T23:12:40.5865633Z [CACHE HIT] d23b70ec... (hits: 7, misses: 20)
2026-01-18T23:12:40.5866056Z     ⚠️ Skipping duplicate injection: Products
2026-01-18T23:12:40.5866425Z     🔄 Retry 2/3 mining locators for 'Add to cart'...
2026-01-18T23:12:41.5877277Z     🗑️ Invalidating stale AI cache (retry 2)...
2026-01-18T23:12:41.5878422Z     ⚠️ Cache invalidation warning: No module named 'core.agents.domain_expert'
2026-01-18T23:12:41.6352489Z     🧠 Consulting AI (Vision-First) to find 'Add to cart'...
2026-01-18T23:12:41.6355904Z     🧠 [EXPERT] Strategy: Act as a Senior SDET focusing on e-commerce flow automation and conversion funnel reliability. Focus on the complete shopping funnel (Search -> Product Selection -> Add to Cart -> Checkout). CRITICAL: Identify SEARCH BARS, magnifying glass icons, and 'Add to Cart' buttons as primary automation targets. Dismiss popups that block the flow. For product lists, default to selecting the FIRST available item for consistent automation.
2026-01-18T23:12:41.6358394Z [CACHE HIT] d23b70ec... (hits: 8, misses: 20)
2026-01-18T23:12:41.6359076Z     ⚠️ Skipping duplicate injection: Products
2026-01-18T23:12:41.6360067Z     🧠 Verifying step validity for 'Add to cart' after no candidates found...
2026-01-18T23:12:42.8281374Z [DEBUG] Sending request to gemini-2.0-flash. Number of parts: 2
2026-01-18T23:12:42.8281967Z [DEBUG] Received response (Length: 236)
2026-01-18T23:12:42.8283401Z     🗑️ Step deemed INVALID: The current page is the login/signup page. There are no products displayed, so there is no 'Add to cart' button to interact with. We need to navigate to a product page first.. Removing from workflow.
2026-01-18T23:12:42.8284593Z     ⏭️ Skipping execution of invalid step: Add to cart
2026-01-18T23:12:42.8285036Z   ▶️ [STEP step_9] CLICK: View Cart
2026-01-18T23:12:42.8345191Z     🔍 Mining locators for: 'View Cart'
2026-01-18T23:12:42.8932311Z     🧠 Consulting AI (Vision-First) to find 'View Cart'...
2026-01-18T23:12:42.8934768Z     🧠 [EXPERT] Strategy: Act as a Senior SDET focusing on e-commerce flow automation and conversion funnel reliability. Focus on the complete shopping funnel (Search -> Product Selection -> Add to Cart -> Checkout). CRITICAL: Identify SEARCH BARS, magnifying glass icons, and 'Add to Cart' buttons as primary automation targets. Dismiss popups that block the flow. For product lists, default to selecting the FIRST available item for consistent automation.
2026-01-18T23:12:48.2079950Z [DEBUG] Sending request to gemini-2.0-flash. Number of parts: 2
2026-01-18T23:12:48.2080562Z [DEBUG] Received response (Length: 406)
2026-01-18T23:12:48.2081319Z     🔄 Retry 1/3 mining locators for 'View Cart'...
2026-01-18T23:12:49.2697382Z     🧠 Consulting AI (Vision-First) to find 'View Cart'...
2026-01-18T23:12:49.2701285Z     🧠 [EXPERT] Strategy: Act as a Senior SDET focusing on e-commerce flow automation and conversion funnel reliability. Focus on the complete shopping funnel (Search -> Product Selection -> Add to Cart -> Checkout). CRITICAL: Identify SEARCH BARS, magnifying glass icons, and 'Add to Cart' buttons as primary automation targets. Dismiss popups that block the flow. For product lists, default to selecting the FIRST available item for consistent automation.
2026-01-18T23:12:49.2703809Z [CACHE HIT] ae7585e1... (hits: 9, misses: 22)
2026-01-18T23:12:49.2704465Z     🔄 Retry 2/3 mining locators for 'View Cart'...
2026-01-18T23:12:50.2716260Z     🗑️ Invalidating stale AI cache (retry 2)...
2026-01-18T23:12:50.2718231Z     ⚠️ Cache invalidation warning: No module named 'core.agents.domain_expert'
2026-01-18T23:12:50.3680719Z     🧠 Consulting AI (Vision-First) to find 'View Cart'...
2026-01-18T23:12:50.3683365Z     🧠 [EXPERT] Strategy: Act as a Senior SDET focusing on e-commerce flow automation and conversion funnel reliability. Focus on the complete shopping funnel (Search -> Product Selection -> Add to Cart -> Checkout). CRITICAL: Identify SEARCH BARS, magnifying glass icons, and 'Add to Cart' buttons as primary automation targets. Dismiss popups that block the flow. For product lists, default to selecting the FIRST available item for consistent automation.
2026-01-18T23:12:50.3685508Z [CACHE HIT] ae7585e1... (hits: 10, misses: 22)
2026-01-18T23:12:50.3686266Z     🧠 Verifying step validity for 'View Cart' after mining failure...
2026-01-18T23:12:52.8847023Z [DEBUG] Sending request to gemini-2.0-flash. Number of parts: 2
2026-01-18T23:12:52.8847889Z [DEBUG] Received response (Length: 234)
2026-01-18T23:12:52.8849170Z     🛠️ Self-Correction: Step is valid. Using new locator: a[href='/view_cart']
2026-01-18T23:12:56.9371163Z     ✅ State transitioned.
2026-01-18T23:12:58.1737253Z [DEBUG] Sending request to gemini-2.0-flash. Number of parts: 2
2026-01-18T23:12:58.1737916Z [DEBUG] Received response (Length: 267)
2026-01-18T23:12:58.1738680Z     🤖 AI Next Step Suggestion: click -> Products
2026-01-18T23:12:58.1739124Z     🧩 Suggested Locator: a[href='/products']
2026-01-18T23:12:58.1740438Z     💭 Reasoning: The goal is to explore shopping features and cart. Clicking 'Products' will navigate to the product listing page, which is a necessary step to add items to the cart.
2026-01-18T23:12:58.1741541Z ⚠️ Loop detected: same AI suggestion repeated 2 times. Moving to next step.
2026-01-18T23:12:58.1742032Z   ▶️ [STEP step_10] ASSERT_URL: 
2026-01-18T23:13:03.1888139Z     ⚠️ Scroll into view failed for text=None. Proceeding anyway.
2026-01-18T23:13:05.1910563Z     ✅ State transitioned.
2026-01-18T23:13:05.2201481Z     🔄 Revisited state detected (count: 1)
2026-01-18T23:13:06.4983093Z [DEBUG] Sending request to gemini-2.0-flash. Number of parts: 2
2026-01-18T23:13:06.4983722Z [DEBUG] Received response (Length: 259)
2026-01-18T23:13:06.4984462Z     🤖 AI Next Step Suggestion: click -> Products
2026-01-18T23:13:06.4984936Z     🧩 Suggested Locator: a[href='/products']
2026-01-18T23:13:06.4985943Z     💭 Reasoning: The goal is to explore shopping features and cart. Since we are on the login page, we should navigate to the products page to start adding items to the cart.
2026-01-18T23:13:06.4986842Z     ➕ Injected AI step: click -> Products
2026-01-18T23:13:06.4987213Z   ▶️ [STEP step_10_ai_1] CLICK: Products
2026-01-18T23:13:06.5041734Z     🎯 Using AI-provided locator: a[href='/products']
2026-01-18T23:13:06.5097248Z     ✅ Found 1 verified locators
2026-01-18T23:13:10.5512422Z     ✅ State transitioned.
2026-01-18T23:13:10.5796485Z     🔄 Revisited state detected (count: 2)
2026-01-18T23:13:11.8116209Z [DEBUG] Sending request to gemini-2.0-flash. Number of parts: 2
2026-01-18T23:13:11.8117248Z [DEBUG] Received response (Length: 146)
2026-01-18T23:13:11.8118239Z     🤖 AI Next Step Suggestion: fill -> Name
2026-01-18T23:13:11.8119249Z     🧩 Suggested Locator: input[name='name']
2026-01-18T23:13:11.8120616Z     💭 Reasoning: Fill the name field for signup.
2026-01-18T23:13:11.8121607Z     ➕ Injected AI step: fill -> Name
2026-01-18T23:13:11.8122488Z   ▶️ [STEP step_10_ai_2] FILL: Name
2026-01-18T23:13:11.8179323Z     🎯 Using AI-provided locator: input[name='name']
2026-01-18T23:13:11.8233614Z     ✅ Found 1 verified locators
2026-01-18T23:13:18.3563996Z     ⚠️ Action failed: Locator.click: Timeout 5000ms exceeded.
2026-01-18T23:13:18.3564535Z Call log:
2026-01-18T23:13:18.3564767Z ...
2026-01-18T23:13:19.8235231Z [DEBUG] Sending request to gemini-2.0-flash. Number of parts: 2
2026-01-18T23:13:19.8235998Z [DEBUG] Received response (Length: 175)
2026-01-18T23:13:19.8237423Z     ✨ AI Heal Reasoning: The input field with the placeholder 'Name' is the most suitable element for filling the name.
2026-01-18T23:13:19.8239116Z     ✨ AI healed exploration action! New selector: input[placeholder='Name']
2026-01-18T23:13:26.3699328Z   ▶️ [STEP step_11] CLICK: Proceed To Checkout
2026-01-18T23:13:26.3761801Z     🔍 Mining locators for: 'Proceed To Checkout'
2026-01-18T23:13:26.4350267Z     🧠 Consulting AI (Vision-First) to find 'Proceed To Checkout'...
2026-01-18T23:13:26.4354182Z     🧠 [EXPERT] Strategy: Act as a Senior SDET focusing on e-commerce flow automation and conversion funnel reliability. Focus on the complete shopping funnel (Search -> Product Selection -> Add to Cart -> Checkout). CRITICAL: Identify SEARCH BARS, magnifying glass icons, and 'Add to Cart' buttons as primary automation targets. Dismiss popups that block the flow. For product lists, default to selecting the FIRST available item for consistent automation.
2026-01-18T23:13:27.8578957Z [DEBUG] Sending request to gemini-2.0-flash. Number of parts: 2
2026-01-18T23:13:27.8580308Z [DEBUG] Received response (Length: 308)
2026-01-18T23:13:27.8583353Z     💡 Expert Suggestion: The 'Proceed to Checkout' button is not visible on this page. It's likely accessible after adding items to the cart, which requires navigating to product listings.
2026-01-18T23:13:27.8586144Z     🛠️ Executing corrective action: click -> 'Discover more'
2026-01-18T23:13:27.9189185Z     🔄 Retry 1/3 mining locators for 'Proceed To Checkout'...
2026-01-18T23:13:28.9685319Z     🧠 Consulting AI (Vision-First) to find 'Proceed To Checkout'...
2026-01-18T23:13:28.9687682Z     🧠 [EXPERT] Strategy: Act as a Senior SDET focusing on e-commerce flow automation and conversion funnel reliability. Focus on the complete shopping funnel (Search -> Product Selection -> Add to Cart -> Checkout). CRITICAL: Identify SEARCH BARS, magnifying glass icons, and 'Add to Cart' buttons as primary automation targets. Dismiss popups that block the flow. For product lists, default to selecting the FIRST available item for consistent automation.
2026-01-18T23:13:32.8476268Z [DEBUG] Sending request to gemini-2.0-flash. Number of parts: 2
2026-01-18T23:13:32.8477266Z [DEBUG] Received response (Length: 298)
2026-01-18T23:13:32.8480236Z     💡 Expert Suggestion: The 'Proceed To Checkout' button is not visible on this page. It is likely located after adding items to the cart, which usually happens on a 'Products' page.
2026-01-18T23:13:32.8482628Z     🛠️ Executing corrective action: click -> 'Products'
2026-01-18T23:13:33.4155092Z     ✅ Executed corrective navigation
2026-01-18T23:13:35.4178959Z     🔄 Retry 2/3 mining locators for 'Proceed To Checkout'...
2026-01-18T23:13:36.4192924Z     🗑️ Invalidating stale AI cache (retry 2)...
2026-01-18T23:13:36.4194304Z     ⚠️ Cache invalidation warning: No module named 'core.agents.domain_expert'
2026-01-18T23:13:36.4661404Z     🧠 Consulting AI (Vision-First) to find 'Proceed To Checkout'...
2026-01-18T23:13:36.4664846Z     🧠 [EXPERT] Strategy: Act as a Senior SDET focusing on e-commerce flow automation and conversion funnel reliability. Focus on the complete shopping funnel (Search -> Product Selection -> Add to Cart -> Checkout). CRITICAL: Identify SEARCH BARS, magnifying glass icons, and 'Add to Cart' buttons as primary automation targets. Dismiss popups that block the flow. For product lists, default to selecting the FIRST available item for consistent automation.
2026-01-18T23:13:37.6236277Z [DEBUG] Sending request to gemini-2.0-flash. Number of parts: 2
2026-01-18T23:13:37.6237184Z [DEBUG] Received response (Length: 224)
2026-01-18T23:13:37.6238776Z     💡 Expert Suggestion: The 'Proceed To Checkout' button is typically found on the Cart page after adding items.
2026-01-18T23:13:37.6240038Z     🛠️ Executing corrective action: click -> 'Cart'
2026-01-18T23:13:38.1968073Z     ✅ Executed corrective navigation
2026-01-18T23:13:40.1991653Z     🧠 Verifying step validity for 'Proceed To Checkout' after no candidates found...
2026-01-18T23:13:42.8537827Z [DEBUG] Sending request to gemini-2.0-flash. Number of parts: 2
2026-01-18T23:13:42.8538380Z [DEBUG] Received response (Length: 278)
2026-01-18T23:13:42.8540224Z     🗑️ Step deemed INVALID: The current page is the login/signup page. 'Proceed To Checkout' is only available after adding items to the cart and viewing the cart page. Therefore, it's not logical to look for 'Proceed To Checkout' on this page.. Removing from workflow.
2026-01-18T23:13:42.8541761Z     ⏭️ Skipping execution of invalid step: Proceed To Checkout
2026-01-18T23:13:44.9013778Z 
2026-01-18T23:13:44.9014650Z [2/4] Exploring Scenario: Contact Us Form Submission
2026-01-18T23:13:44.9015825Z     🧠 Initialized exploration context for goal: 'Explore shopping features and cart'
2026-01-18T23:13:44.9016372Z   ▶️ [STEP step_1] NAVIGATE: 
2026-01-18T23:13:45.8261017Z     ✅ Navigated to https://www.automationexercise.com/
2026-01-18T23:13:45.8262012Z   ▶️ [STEP step_2] CLICK: Contact us
2026-01-18T23:13:45.9342201Z     📢 Detected overlay (ins.adsbygoogle). Dismissing...
2026-01-18T23:13:47.4607626Z     🔍 Mining locators for: 'Contact us'
2026-01-18T23:13:47.6966138Z     ✅ Found 1 verified locators
2026-01-18T23:13:47.7035352Z     📢 Detected overlay (ins.adsbygoogle). Dismissing...
2026-01-18T23:13:52.7904267Z     ✅ State transitioned.
2026-01-18T23:13:54.6621960Z [DEBUG] Sending request to gemini-2.0-flash. Number of parts: 2
2026-01-18T23:13:54.6622700Z [DEBUG] Received response (Length: 247)
2026-01-18T23:13:54.6623366Z     🤖 AI Next Step Suggestion: navigate -> Products
2026-01-18T23:13:54.6624447Z     💭 Reasoning: The goal is to explore shopping features and cart. Navigating to the products page is the next logical step to start adding items to the cart.
2026-01-18T23:13:54.6625378Z     ➕ Injected AI step: navigate -> Products
2026-01-18T23:13:54.6625796Z   ▶️ [STEP step_2_ai_1] NAVIGATE: Products
2026-01-18T23:13:54.6782868Z     📢 Detected overlay (ins.adsbygoogle). Dismissing...
2026-01-18T23:13:56.6862643Z     ❌ Navigation failed to Products: Page.goto: Protocol error (Page.navigate): Cannot navigate to invalid URL
2026-01-18T23:13:56.6863480Z Call log:
2026-01-18T23:13:56.6863868Z   - navigating to "Products", waiting until "domcontentloaded"
2026-01-18T23:13:56.6864264Z 
2026-01-18T23:13:56.6864804Z     ⚠️ Critical step failure: Page.goto: Protocol error (Page.navigate): Cannot navigate to invalid URL
2026-01-18T23:13:56.6865490Z Call log:
2026-01-18T23:13:56.6865729Z   - navigating t
2026-01-18T23:13:56.6866058Z   ▶️ [STEP step_3] ASSERT_URL: 
2026-01-18T23:13:56.6925520Z     📢 Detected overlay (ins.adsbygoogle). Dismissing...
2026-01-18T23:13:58.2052716Z     📢 Detected overlay (ins.adsbygoogle). Dismissing...
2026-01-18T23:14:04.7166111Z     ⚠️ Scroll into view failed for text=None. Proceeding anyway.
2026-01-18T23:14:06.7173202Z     ✅ State transitioned.
2026-01-18T23:14:08.2233650Z [DEBUG] Sending request to gemini-2.0-flash. Number of parts: 2
2026-01-18T23:14:08.2234570Z [DEBUG] Received response (Length: 247)
2026-01-18T23:14:08.2235619Z     🤖 AI Next Step Suggestion: navigate -> Products
2026-01-18T23:14:08.2237867Z     💭 Reasoning: The goal is to explore shopping features and cart. Navigating to the products page is the next logical step to start adding items to the cart.
2026-01-18T23:14:08.2240556Z ⚠️ Loop detected: same AI suggestion repeated 2 times. Moving to next step.
2026-01-18T23:14:08.2241831Z   ▶️ [STEP step_4] FILL: Name
2026-01-18T23:14:08.2296618Z     📢 Detected overlay (ins.adsbygoogle). Dismissing...
2026-01-18T23:14:09.7356192Z     🔍 Mining locators for: 'Name'
2026-01-18T23:14:09.7970565Z     ✅ Found 3 verified locators
2026-01-18T23:14:09.8028880Z     📢 Detected overlay (ins.adsbygoogle). Dismissing...
2026-01-18T23:14:17.7372977Z     ✅ State transitioned.
2026-01-18T23:14:19.7286551Z [DEBUG] Sending request to gemini-2.0-flash. Number of parts: 2
2026-01-18T23:14:19.7287395Z [DEBUG] Received response (Length: 237)
2026-01-18T23:14:19.7288134Z     🤖 AI Next Step Suggestion: fill -> Email
2026-01-18T23:14:19.7288637Z     🧩 Suggested Locator: input[name='email']
2026-01-18T23:14:19.7289883Z     💭 Reasoning: The contact form is partially filled. Filling the email field is the next logical step to complete the form.
2026-01-18T23:14:19.7290815Z     ➕ Injected AI step: fill -> Email
2026-01-18T23:14:19.7291661Z   ▶️ [STEP step_4_ai_1] FILL: Email
2026-01-18T23:14:19.7350338Z     📢 Detected overlay (ins.adsbygoogle). Dismissing...
2026-01-18T23:14:21.2410350Z     🎯 Using AI-provided locator: input[name='email']
2026-01-18T23:14:21.2478506Z     ✅ Found 1 verified locators
2026-01-18T23:14:21.2545589Z     📢 Detected overlay (ins.adsbygoogle). Dismissing...
2026-01-18T23:14:28.7797786Z     ✅ State transitioned.
2026-01-18T23:14:30.3322665Z [DEBUG] Sending request to gemini-2.0-flash. Number of parts: 2
2026-01-18T23:14:30.3323804Z [DEBUG] Received response (Length: 205)
2026-01-18T23:14:30.3324986Z     🤖 AI Next Step Suggestion: fill -> Subject
2026-01-18T23:14:30.3325808Z     🧩 Suggested Locator: input[name='subject']
2026-01-18T23:14:30.3327294Z     💭 Reasoning: The subject field is visible and needs to be filled to complete the contact form.
2026-01-18T23:14:30.3328663Z     ➕ Injected AI step: fill -> Subject
2026-01-18T23:14:30.3329726Z   ▶️ [STEP step_4_ai_2] FILL: Subject
2026-01-18T23:14:30.3386209Z     📢 Detected overlay (ins.adsbygoogle). Dismissing...
2026-01-18T23:14:31.8453595Z     🎯 Using AI-provided locator: input[name='subject']
2026-01-18T23:14:31.8516880Z     ✅ Found 1 verified locators
2026-01-18T23:14:31.8575314Z     📢 Detected overlay (ins.adsbygoogle). Dismissing...
2026-01-18T23:14:39.2981189Z     ✅ State transitioned.
2026-01-18T23:14:40.8807332Z [DEBUG] Sending request to gemini-2.0-flash. Number of parts: 2
2026-01-18T23:14:40.8808125Z [DEBUG] Received response (Length: 178)
2026-01-18T23:14:40.8808968Z     🤖 AI Next Step Suggestion: fill -> Your Message Here
2026-01-18T23:14:40.8809784Z     🧩 Suggested Locator: #message
2026-01-18T23:14:40.8810471Z     💭 Reasoning: Fill the message field to complete the contact form.
2026-01-18T23:14:40.8811226Z     ➕ Injected AI step: fill -> Your Message Here
2026-01-18T23:14:40.8811821Z   ▶️ [STEP step_4_ai_3] FILL: Your Message Here
2026-01-18T23:14:40.8865254Z     📢 Detected overlay (ins.adsbygoogle). Dismissing...
2026-01-18T23:14:42.3924517Z     🎯 Using AI-provided locator: #message
2026-01-18T23:14:42.3981622Z     ✅ Found 1 verified locators
2026-01-18T23:14:42.4038127Z     📢 Detected overlay (ins.adsbygoogle). Dismissing...
2026-01-18T23:14:49.6473150Z     ✅ State transitioned.
2026-01-18T23:14:51.1290065Z [DEBUG] Sending request to gemini-2.0-flash. Number of parts: 2
2026-01-18T23:14:51.1290801Z [DEBUG] Received response (Length: 141)
2026-01-18T23:14:51.1291713Z     🤖 AI Next Step Suggestion: click -> Submit
2026-01-18T23:14:51.1292586Z     💭 Reasoning: The contact form is filled, so submit it.
2026-01-18T23:14:51.1293392Z     ➕ Injected AI step: click -> Submit
2026-01-18T23:14:51.1293961Z   ▶️ [STEP step_4_ai_4] CLICK: Submit
2026-01-18T23:14:51.1351239Z     📢 Detected overlay (ins.adsbygoogle). Dismissing...
2026-01-18T23:14:52.6503494Z     🔍 Mining locators for: 'Submit'
2026-01-18T23:14:52.7055677Z     ✅ Found 2 verified locators
2026-01-18T23:14:52.7111230Z     📢 Detected overlay (ins.adsbygoogle). Dismissing...
2026-01-18T23:14:58.2676340Z     ✅ State transitioned.
2026-01-18T23:14:58.2999036Z     🔄 Revisited state detected (count: 1)
2026-01-18T23:14:59.8755123Z [DEBUG] Sending request to gemini-2.0-flash. Number of parts: 2
2026-01-18T23:14:59.8755852Z [DEBUG] Received response (Length: 247)
2026-01-18T23:14:59.8756994Z     🤖 AI Next Step Suggestion: navigate -> Products
2026-01-18T23:14:59.8757854Z     🧩 Suggested Locator: a[href='/products']
2026-01-18T23:14:59.8759912Z     💭 Reasoning: The goal is to explore shopping features and cart. Navigating to the products page is the next logical step to start adding items to the cart.
2026-01-18T23:14:59.8761595Z     ➕ Injected AI step: navigate -> Products
2026-01-18T23:14:59.8762089Z   ▶️ [STEP step_4_ai_5] NAVIGATE: Products
2026-01-18T23:14:59.8814446Z     📢 Detected overlay (ins.adsbygoogle). Dismissing...
2026-01-18T23:15:01.8887003Z     ❌ Navigation failed to Products: Page.goto: Protocol error (Page.navigate): Cannot navigate to invalid URL
2026-01-18T23:15:01.8888659Z Call log:
2026-01-18T23:15:01.8889257Z   - navigating to "Products", waiting until "domcontentloaded"
2026-01-18T23:15:01.8890140Z 
2026-01-18T23:15:01.8890772Z     ⚠️ Critical step failure: Page.goto: Protocol error (Page.navigate): Cannot navigate to invalid URL
2026-01-18T23:15:01.8891679Z Call log:
2026-01-18T23:15:01.8891940Z   - navigating t
2026-01-18T23:15:01.8892290Z   ▶️ [STEP step_5] FILL: Email
2026-01-18T23:15:01.8943195Z     📢 Detected overlay (ins.adsbygoogle). Dismissing...
2026-01-18T23:15:03.3993546Z     🔍 Mining locators for: 'Email'
2026-01-18T23:15:03.4741182Z     ✅ Found 6 verified locators
2026-01-18T23:15:03.4796904Z     📢 Detected overlay (ins.adsbygoogle). Dismissing...
2026-01-18T23:15:10.5454310Z     ✅ State transitioned.
2026-01-18T23:16:13.5711249Z [DEBUG] Sending request to gemini-2.0-flash. Number of parts: 2
2026-01-18T23:16:13.5713875Z [DEBUG] LLM Error: 429 RESOURCE_EXHAUSTED. {'error': {'code': 429, 'message': 'Resource exhausted. Please try again later. Please refer to https://cloud.google.com/vertex-ai/generative-ai/docs/error-code-429 for more details.', 'status': 'RESOURCE_EXHAUSTED'}}
2026-01-18T23:16:13.5716792Z ⚠️ 429 Rate Limit Hit. Cooling down for 60s...
2026-01-18T23:16:13.5717602Z [DEBUG] Sending request to gemini-2.0-flash. Number of parts: 2
2026-01-18T23:16:13.5718384Z [DEBUG] Received response (Length: 222)
2026-01-18T23:16:13.5719124Z     🤖 AI Next Step Suggestion: fill -> Name
2026-01-18T23:16:13.5720092Z     🧩 Suggested Locator: input[name='name']
2026-01-18T23:16:13.5721442Z     💭 Reasoning: The form on the contact us page needs to be filled. Filling the name field is the next logical step.
2026-01-18T23:16:13.5722707Z     ➕ Injected AI step: fill -> Name
2026-01-18T23:16:13.5723338Z   ▶️ [STEP step_5_ai_1] FILL: Name
2026-01-18T23:16:13.5775907Z     📢 Detected overlay (ins.adsbygoogle). Dismissing...
2026-01-18T23:16:15.0847707Z     🎯 Using AI-provided locator: input[name='name']
2026-01-18T23:16:15.0907990Z     ✅ Found 1 verified locators
2026-01-18T23:16:15.0974637Z     📢 Detected overlay (ins.adsbygoogle). Dismissing...
2026-01-18T23:16:22.5389245Z     ✅ State transitioned.
2026-01-18T23:16:24.1935554Z [DEBUG] Sending request to gemini-2.0-flash. Number of parts: 2
2026-01-18T23:16:24.1936162Z [DEBUG] Received response (Length: 266)
2026-01-18T23:16:24.1936822Z     🤖 AI Next Step Suggestion: click -> Products
2026-01-18T23:16:24.1938248Z     💭 Reasoning: The goal is to explore shopping features and cart. Navigating to the products page is the next logical step to start exploring products and adding them to the cart.
2026-01-18T23:16:24.1940350Z     ➕ Injected AI step: click -> Products
2026-01-18T23:16:24.1940996Z   ▶️ [STEP step_5_ai_2] CLICK: Products
2026-01-18T23:16:24.1997679Z     📢 Detected overlay (ins.adsbygoogle). Dismissing...
2026-01-18T23:16:25.7064584Z     🔍 Mining locators for: 'Products'
2026-01-18T23:16:25.7712812Z     ✅ Found 2 verified locators
2026-01-18T23:16:25.7779703Z     📢 Detected overlay (ins.adsbygoogle). Dismissing...
2026-01-18T23:16:30.8324358Z     ✅ State transitioned.
2026-01-18T23:16:32.5823090Z [DEBUG] Sending request to gemini-2.0-flash. Number of parts: 2
2026-01-18T23:16:32.5823821Z [DEBUG] Received response (Length: 275)
2026-01-18T23:16:32.5825074Z     🤖 AI Next Step Suggestion: click -> Products
2026-01-18T23:16:32.5825873Z     🧩 Suggested Locator: a[href='/products']
2026-01-18T23:16:32.5827796Z     💭 Reasoning: The goal is to explore shopping features and cart. The previous action was filling the contact form. Now, navigate to the products page to start exploring shopping features.
2026-01-18T23:16:32.5829883Z ⚠️ Loop detected: same AI suggestion repeated 2 times. Moving to next step.
2026-01-18T23:16:32.5830682Z   ▶️ [STEP step_6] FILL: Subject
2026-01-18T23:16:32.5893683Z     📢 Detected overlay (ins.adsbygoogle). Dismissing...
2026-01-18T23:16:34.0967968Z     🔍 Mining locators for: 'Subject'
2026-01-18T23:16:34.1551192Z     ✅ Found 2 verified locators
2026-01-18T23:16:34.1609606Z     📢 Detected overlay (ins.adsbygoogle). Dismissing...
2026-01-18T23:16:42.1952722Z     ⚠️ Action failed: Locator.click: Timeout 5000ms exceeded.
2026-01-18T23:16:42.1953252Z Call log:
2026-01-18T23:16:42.1953504Z ...
2026-01-18T23:16:43.7683094Z [DEBUG] Sending request to gemini-2.0-flash. Number of parts: 2
2026-01-18T23:16:43.7683968Z [DEBUG] Received response (Length: 180)
2026-01-18T23:16:43.7685680Z     ✨ AI Heal Reasoning: The element with name 'name' is an input field, which is suitable for filling the 'Subject' information.
2026-01-18T23:16:43.7687213Z     ✨ AI healed exploration action! New selector: input[name="name"]
2026-01-18T23:16:50.3114657Z   ▶️ [STEP step_7] FILL: Your Message
2026-01-18T23:16:50.3168590Z     📢 Detected overlay (ins.adsbygoogle). Dismissing...
2026-01-18T23:16:51.8233511Z     🔍 Mining locators for: 'Your Message'
2026-01-18T23:16:51.8908537Z     ✅ Found 3 verified locators
2026-01-18T23:16:51.8965390Z     📢 Detected overlay (ins.adsbygoogle). Dismissing...
2026-01-18T23:16:59.9271138Z     ⚠️ Action failed: Locator.click: Timeout 5000ms exceeded.
2026-01-18T23:16:59.9272137Z Call log:
2026-01-18T23:16:59.9272577Z ...
2026-01-18T23:17:01.3947555Z [DEBUG] Sending request to gemini-2.0-flash. Number of parts: 2
2026-01-18T23:17:01.3948197Z [DEBUG] Received response (Length: 198)
2026-01-18T23:17:01.3949238Z     ✨ AI Heal Reasoning: The textarea at the top of the page is the most likely candidate for 'Your Message' based on its position and the surrounding context.
2026-01-18T23:17:01.3950368Z     ✨ AI healed exploration action! New selector: textarea
2026-01-18T23:17:07.9436706Z   ▶️ [STEP step_8] CLICK: Submit
2026-01-18T23:17:07.9495414Z     📢 Detected overlay (ins.adsbygoogle). Dismissing...
2026-01-18T23:17:09.4552173Z     🔍 Mining locators for: 'Submit'
2026-01-18T23:17:09.5165847Z     ✅ Found 1 verified locators
2026-01-18T23:17:09.5226980Z     📢 Detected overlay (ins.adsbygoogle). Dismissing...
2026-01-18T23:17:15.0982436Z     ✅ State transitioned.
2026-01-18T23:17:15.1299359Z     🔄 Revisited state detected (count: 1)
2026-01-18T23:17:16.8025848Z [DEBUG] Sending request to gemini-2.0-flash. Number of parts: 2
2026-01-18T23:17:16.8026505Z [DEBUG] Received response (Length: 223)
2026-01-18T23:17:16.8027305Z     🤖 AI Next Step Suggestion: fill -> Subject
2026-01-18T23:17:16.8027982Z     🧩 Suggested Locator: input[name='subject']
2026-01-18T23:17:16.8029055Z     💭 Reasoning: The 'Subject' field failed to fill in the previous attempt. Trying again to complete the form.
2026-01-18T23:17:16.8030290Z     ➕ Injected AI step: fill -> Subject
2026-01-18T23:17:16.8030857Z   ▶️ [STEP step_8_ai_1] FILL: Subject
2026-01-18T23:17:16.8087325Z     📢 Detected overlay (ins.adsbygoogle). Dismissing...
2026-01-18T23:17:18.3145933Z     🎯 Using AI-provided locator: input[name='subject']
2026-01-18T23:17:18.3206065Z     ✅ Found 1 verified locators
2026-01-18T23:17:18.3264208Z     📢 Detected overlay (ins.adsbygoogle). Dismissing...
2026-01-18T23:17:26.3744067Z     ⚠️ Action failed: Locator.click: Timeout 5000ms exceeded.
2026-01-18T23:17:26.3744579Z Call log:
2026-01-18T23:17:26.3744783Z ...
2026-01-18T23:17:28.0197204Z [DEBUG] Sending request to gemini-2.0-flash. Number of parts: 2
2026-01-18T23:17:28.0197974Z [DEBUG] Received response (Length: 224)
2026-01-18T23:17:28.0200420Z     ✨ AI Heal Reasoning: The element with id 'susbscribe_email' is an input field labeled 'Your email address' under the 'SUBSCRIPTION' section, making it suitable for filling.
2026-01-18T23:17:28.0201585Z     ✨ AI healed exploration action! New selector: #susbscribe_email
2026-01-18T23:17:34.5626588Z   ▶️ [STEP step_9] CLICK: OK
2026-01-18T23:17:34.5684290Z     📢 Detected overlay (ins.adsbygoogle). Dismissing...
2026-01-18T23:17:36.0741102Z     🔍 Mining locators for: 'OK'
2026-01-18T23:17:36.1779593Z     🧠 Consulting AI (Vision-First) to find 'OK'...
2026-01-18T23:17:36.1782060Z     🧠 [EXPERT] Strategy: Act as a Senior SDET focusing on e-commerce flow automation and conversion funnel reliability. Focus on the complete shopping funnel (Search -> Product Selection -> Add to Cart -> Checkout). CRITICAL: Identify SEARCH BARS, magnifying glass icons, and 'Add to Cart' buttons as primary automation targets. Dismiss popups that block the flow. For product lists, default to selecting the FIRST available item for consistent automation.
2026-01-18T23:17:37.6363573Z [DEBUG] Sending request to gemini-2.0-flash. Number of parts: 2
2026-01-18T23:17:37.6364583Z [DEBUG] Received response (Length: 219)
2026-01-18T23:17:37.6366424Z     💡 Expert Suggestion: After submitting the form, an 'OK' button might appear in a confirmation message.
2026-01-18T23:17:37.6368063Z     🛠️ Executing corrective action: click -> 'Submit'
2026-01-18T23:17:37.6454850Z     📢 Detected overlay (ins.adsbygoogle). Dismissing...
2026-01-18T23:17:39.7215118Z     ✅ Executed corrective navigation
2026-01-18T23:17:41.7238518Z     🔄 Retry 1/3 mining locators for 'OK'...
2026-01-18T23:17:42.7924759Z     🧠 Consulting AI (Vision-First) to find 'OK'...
2026-01-18T23:17:42.7928371Z     🧠 [EXPERT] Strategy: Act as a Senior SDET focusing on e-commerce flow automation and conversion funnel reliability. Focus on the complete shopping funnel (Search -> Product Selection -> Add to Cart -> Checkout). CRITICAL: Identify SEARCH BARS, magnifying glass icons, and 'Add to Cart' buttons as primary automation targets. Dismiss popups that block the flow. For product lists, default to selecting the FIRST available item for consistent automation.
2026-01-18T23:17:44.2804129Z [DEBUG] Sending request to gemini-2.0-flash. Number of parts: 2
2026-01-18T23:17:44.2804883Z [DEBUG] Received response (Length: 238)
2026-01-18T23:17:44.2805539Z     ⚠️ Skipping duplicate injection: Submit
2026-01-18T23:17:44.2806017Z     🔄 Retry 2/3 mining locators for 'OK'...
2026-01-18T23:17:45.2816994Z     🗑️ Invalidating stale AI cache (retry 2)...
2026-01-18T23:17:45.2818832Z     ⚠️ Cache invalidation warning: No module named 'core.agents.domain_expert'
2026-01-18T23:17:45.3412635Z     🧠 Consulting AI (Vision-First) to find 'OK'...
2026-01-18T23:17:45.3416323Z     🧠 [EXPERT] Strategy: Act as a Senior SDET focusing on e-commerce flow automation and conversion funnel reliability. Focus on the complete shopping funnel (Search -> Product Selection -> Add to Cart -> Checkout). CRITICAL: Identify SEARCH BARS, magnifying glass icons, and 'Add to Cart' buttons as primary automation targets. Dismiss popups that block the flow. For product lists, default to selecting the FIRST available item for consistent automation.
2026-01-18T23:17:49.1962278Z [DEBUG] Sending request to gemini-2.0-flash. Number of parts: 2
2026-01-18T23:17:49.1962971Z [DEBUG] Received response (Length: 228)
2026-01-18T23:17:49.1963680Z     ⚠️ Skipping duplicate injection: Submit
2026-01-18T23:17:49.1964337Z     🧠 Verifying step validity for 'OK' after no candidates found...
2026-01-18T23:17:54.5242929Z [DEBUG] Sending request to gemini-2.0-flash. Number of parts: 2
2026-01-18T23:17:54.5243416Z [DEBUG] Received response (Length: 213)
2026-01-18T23:17:54.5244623Z     🗑️ Step deemed INVALID: The target element 'OK' is not visible on the current page. The page appears to be the contact us page, and there is no 'OK' button or element present.. Removing from workflow.
2026-01-18T23:17:54.5245572Z     ⏭️ Skipping execution of invalid step: OK
2026-01-18T23:17:56.5630049Z 
2026-01-18T23:17:56.5631166Z [3/4] Exploring Scenario: Browse Products by Brand
2026-01-18T23:17:56.5632580Z     🧠 Initialized exploration context for goal: 'Explore shopping features and cart'
2026-01-18T23:17:56.5633436Z   ▶️ [STEP step_1] NAVIGATE: 
2026-01-18T23:17:57.4573370Z     ✅ Navigated to https://www.automationexercise.com/
2026-01-18T23:17:57.4573928Z   ▶️ [STEP step_2] CLICK: Products
2026-01-18T23:17:57.4769764Z     📢 Detected overlay (ins.adsbygoogle). Dismissing...
2026-01-18T23:17:58.9858893Z     🔍 Mining locators for: 'Products'
2026-01-18T23:17:59.1723793Z     ✅ Found 2 verified locators
2026-01-18T23:17:59.1793086Z     📢 Detected overlay (ins.adsbygoogle). Dismissing...
2026-01-18T23:18:04.2491260Z     ✅ State transitioned.
2026-01-18T23:18:06.0813635Z [DEBUG] Sending request to gemini-2.0-flash. Number of parts: 2
2026-01-18T23:18:06.0814359Z [DEBUG] Received response (Length: 235)
2026-01-18T23:18:06.0815265Z     🤖 AI Next Step Suggestion: fill -> Search Product
2026-01-18T23:18:06.0815908Z     🧩 Suggested Locator: #search_product
2026-01-18T23:18:06.0817085Z     💭 Reasoning: To explore shopping features, I will search for a product. Searching for 'dress' is a reasonable starting point.
2026-01-18T23:18:06.0817896Z     ➕ Injected AI step: fill -> Search Product
2026-01-18T23:18:06.0818275Z   ▶️ [STEP step_2_ai_1] FILL: Search Product
2026-01-18T23:18:06.0988156Z     📢 Detected overlay (ins.adsbygoogle). Dismissing...
2026-01-18T23:18:07.6058308Z     🎯 Using AI-provided locator: #search_product
2026-01-18T23:18:07.6120143Z     ✅ Found 1 verified locators
2026-01-18T23:18:07.6180999Z     📢 Detected overlay (ins.adsbygoogle). Dismissing...
2026-01-18T23:18:14.4895840Z     ✅ State transitioned.
2026-01-18T23:18:16.2405184Z [DEBUG] Sending request to gemini-2.0-flash. Number of parts: 2
2026-01-18T23:18:16.2406020Z [DEBUG] Received response (Length: 277)
2026-01-18T23:18:16.2406861Z     🤖 AI Next Step Suggestion: click -> Add to cart
2026-01-18T23:18:16.2407550Z     🧩 Suggested Locator: a:contains('Add to cart')
2026-01-18T23:18:16.2409132Z     💭 Reasoning: After searching for a product, the next logical step is to add a product to the cart. This will progress towards the goal of exploring shopping features and the cart.
2026-01-18T23:18:16.2410819Z     ➕ Injected AI step: click -> Add to cart
2026-01-18T23:18:16.2411400Z   ▶️ [STEP step_2_ai_2] CLICK: Add to cart
2026-01-18T23:18:16.2415140Z     📢 Detected overlay (ins.adsbygoogle). Dismissing...
2026-01-18T23:18:17.7480532Z     🎯 Using AI-provided locator: a:contains('Add to cart')
2026-01-18T23:18:17.7514832Z     🔍 Mining locators for: 'Add to cart'
2026-01-18T23:18:18.1253456Z     ✅ Found 1 verified locators
2026-01-18T23:18:18.1320143Z     📢 Detected overlay (ins.adsbygoogle). Dismissing...
2026-01-18T23:18:23.1989138Z     ✅ State transitioned.
2026-01-18T23:18:23.2480456Z     🔄 Revisited state detected (count: 1)
2026-01-18T23:20:27.6550117Z [DEBUG] Sending request to gemini-2.0-flash. Number of parts: 2
2026-01-18T23:20:27.6551968Z [DEBUG] LLM Error: 429 RESOURCE_EXHAUSTED. {'error': {'code': 429, 'message': 'Resource exhausted. Please try again later. Please refer to https://cloud.google.com/vertex-ai/generative-ai/docs/error-code-429 for more details.', 'status': 'RESOURCE_EXHAUSTED'}}
2026-01-18T23:20:27.6553617Z ⚠️ 429 Rate Limit Hit. Cooling down for 60s...
2026-01-18T23:20:27.6554090Z [DEBUG] Sending request to gemini-2.0-flash. Number of parts: 2
2026-01-18T23:20:27.6555518Z [DEBUG] LLM Error: 429 RESOURCE_EXHAUSTED. {'error': {'code': 429, 'message': 'Resource exhausted. Please try again later. Please refer to https://cloud.google.com/vertex-ai/generative-ai/docs/error-code-429 for more details.', 'status': 'RESOURCE_EXHAUSTED'}}
2026-01-18T23:20:27.6556977Z ⚠️ 429 Rate Limit Hit. Cooling down for 60s...
2026-01-18T23:20:27.6557480Z [DEBUG] Sending request to gemini-2.0-flash. Number of parts: 2
2026-01-18T23:20:27.6557925Z [DEBUG] Received response (Length: 246)
2026-01-18T23:20:27.6558790Z     🤖 AI Next Step Suggestion: click -> Continue Shopping
2026-01-18T23:20:27.6559375Z     🧩 Suggested Locator: button
2026-01-18T23:20:27.6561009Z     💭 Reasoning: The 'Added!' popup is currently blocking the page. Clicking 'Continue Shopping' will dismiss it and allow further interaction with the product list.
2026-01-18T23:20:27.6562422Z     ➕ Injected AI step: click -> Continue Shopping
2026-01-18T23:20:27.6563044Z   ▶️ [STEP step_2_ai_3] CLICK: Continue Shopping
2026-01-18T23:20:27.6622694Z     📢 Detected overlay (ins.adsbygoogle). Dismissing...
2026-01-18T23:20:29.1696885Z     🎯 Using AI-provided locator: button
2026-01-18T23:20:29.1763148Z     ✅ Found 1 verified locators
2026-01-18T23:20:29.1832795Z     📢 Detected overlay (ins.adsbygoogle). Dismissing...
2026-01-18T23:20:34.7585203Z     ✅ State transitioned.
2026-01-18T23:20:34.8089772Z     🔄 Revisited state detected (count: 2)
2026-01-18T23:20:36.5211310Z [DEBUG] Sending request to gemini-2.0-flash. Number of parts: 2
2026-01-18T23:20:36.5212045Z [DEBUG] Received response (Length: 282)
2026-01-18T23:20:36.5213067Z     🤖 AI Next Step Suggestion: click -> View Cart
2026-01-18T23:20:36.5215196Z     💭 Reasoning: The goal is to explore shopping features and cart. A product has been added to the cart, and the 'View Cart' option is available. Clicking 'View Cart' progresses towards the goal.
2026-01-18T23:20:36.5217145Z     ➕ Injected AI step: click -> View Cart
2026-01-18T23:20:36.5217605Z   ▶️ [STEP step_2_ai_4] CLICK: View Cart
2026-01-18T23:20:36.5284721Z     📢 Detected overlay (ins.adsbygoogle). Dismissing...
2026-01-18T23:20:38.0357275Z     🔍 Mining locators for: 'View Cart'
2026-01-18T23:20:38.3150481Z     ✅ Found 2 verified locators
2026-01-18T23:20:38.3251872Z     📢 Detected overlay (ins.adsbygoogle). Dismissing...
2026-01-18T23:20:43.4110606Z     ✅ State transitioned.
2026-01-18T23:20:45.1336060Z [DEBUG] Sending request to gemini-2.0-flash. Number of parts: 2
2026-01-18T23:20:45.1336849Z [DEBUG] Received response (Length: 214)
2026-01-18T23:20:45.1337704Z     🤖 AI Next Step Suggestion: click -> Proceed To Checkout
2026-01-18T23:20:45.1338552Z     💭 Reasoning: The cart has items, and the next logical step to explore the cart features is to proceed to checkout.
2026-01-18T23:20:45.1339326Z     ➕ Injected AI step: click -> Proceed To Checkout
2026-01-18T23:20:45.1340096Z   ▶️ [STEP step_2_ai_5] CLICK: Proceed To Checkout
2026-01-18T23:20:45.1508386Z     🔍 Mining locators for: 'Proceed To Checkout'
2026-01-18T23:20:45.2093676Z     ✅ Found 1 verified locators
2026-01-18T23:20:48.7909736Z     ✅ State transitioned.
2026-01-18T23:20:50.4396491Z [DEBUG] Sending request to gemini-2.0-flash. Number of parts: 2
2026-01-18T23:20:50.4397139Z [DEBUG] Received response (Length: 271)
2026-01-18T23:20:50.4397934Z     🤖 AI Next Step Suggestion: click -> Register / Login
2026-01-18T23:20:50.4398421Z     🧩 Suggested Locator: a:contains('Register / Login')
2026-01-18T23:20:50.4399713Z     💭 Reasoning: The popup requires registration/login to proceed with checkout. Clicking 'Register / Login' is the next logical step to continue the checkout process.
2026-01-18T23:20:50.4400669Z     ➕ Injected AI step: click -> Register / Login
2026-01-18T23:20:50.4401087Z   ▶️ [STEP step_2_ai_6] CLICK: Register / Login
2026-01-18T23:20:50.4465904Z     🎯 Using AI-provided locator: a:contains('Register / Login')
2026-01-18T23:20:50.4491191Z     🔍 Mining locators for: 'Register / Login'
2026-01-18T23:20:50.5244930Z     ✅ Found 3 verified locators
2026-01-18T23:20:54.0914500Z     ✅ State transitioned.
2026-01-18T23:20:55.8310084Z [DEBUG] Sending request to gemini-2.0-flash. Number of parts: 2
2026-01-18T23:20:55.8311012Z [DEBUG] Received response (Length: 360)
2026-01-18T23:20:55.8311835Z     🤖 AI Next Step Suggestion: done -> N/A
2026-01-18T23:20:55.8314238Z     💭 Reasoning: The bot is currently on the login page, which is a result of clicking 'Register / Login' after proceeding to checkout. Since the goal is to explore shopping features and the cart, and the bot is stuck on the login page, it's unlikely to progress further without user credentials. Therefore, the task is considered done.
2026-01-18T23:20:55.8316155Z   ▶️ [STEP step_3] ASSERT_URL: 
2026-01-18T23:21:00.8574749Z     ⚠️ Scroll into view failed for text=None. Proceeding anyway.
2026-01-18T23:21:02.8597494Z     ✅ State transitioned.
2026-01-18T23:21:04.9926995Z [DEBUG] Sending request to gemini-2.0-flash. Number of parts: 2
2026-01-18T23:21:04.9927563Z [DEBUG] Received response (Length: 286)
2026-01-18T23:21:04.9928251Z     🤖 AI Next Step Suggestion: fill -> Email Address
2026-01-18T23:21:04.9928879Z     🧩 Suggested Locator: input[name='email'][data-qa='signup-email']
2026-01-18T23:21:04.9929923Z     💭 Reasoning: Need to fill the email address for signup to proceed with the exploration. Using data-qa attribute for more robust selection.
2026-01-18T23:21:04.9930900Z     ➕ Injected AI step: fill -> Email Address
2026-01-18T23:21:04.9931245Z   ▶️ [STEP step_3_ai_1] FILL: Email Address
2026-01-18T23:21:04.9988395Z     🎯 Using AI-provided locator: input[name='email'][data-qa='signup-email']
2026-01-18T23:21:05.0046941Z     ✅ Found 1 verified locators
2026-01-18T23:21:11.8464916Z     ✅ State transitioned.
2026-01-18T23:21:13.7704883Z [DEBUG] Sending request to gemini-2.0-flash. Number of parts: 2
2026-01-18T23:21:13.7705555Z [DEBUG] Received response (Length: 179)
2026-01-18T23:21:13.7706395Z     🤖 AI Next Step Suggestion: fill -> Password
2026-01-18T23:21:13.7707119Z     🧩 Suggested Locator: input[name='password']
2026-01-18T23:21:13.7707980Z     💭 Reasoning: Need to fill in the password field to attempt login.
2026-01-18T23:21:13.7708789Z     ➕ Injected AI step: fill -> Password
2026-01-18T23:21:13.7709324Z   ▶️ [STEP step_3_ai_2] FILL: Password
2026-01-18T23:21:13.7766575Z     🎯 Using AI-provided locator: input[name='password']
2026-01-18T23:21:13.8296052Z     ✅ Found 1 verified locators
2026-01-18T23:21:19.7211938Z     ✅ State transitioned.
2026-01-18T23:21:22.0826774Z [DEBUG] Sending request to gemini-2.0-flash. Number of parts: 2
2026-01-18T23:21:22.0827485Z [DEBUG] Received response (Length: 195)
2026-01-18T23:21:22.0828235Z     🤖 AI Next Step Suggestion: click -> Login
2026-01-18T23:21:22.0828797Z     🧩 Suggested Locator: button:contains('Login')
2026-01-18T23:21:22.0829950Z     💭 Reasoning: The email and password fields are filled. Clicking 'Login' will attempt to log in the user.
2026-01-18T23:21:22.0830828Z     ➕ Injected AI step: click -> Login
2026-01-18T23:21:22.0831312Z   ▶️ [STEP step_3_ai_3] CLICK: Login
2026-01-18T23:21:22.0885984Z     🎯 Using AI-provided locator: button:contains('Login')
2026-01-18T23:21:22.0910672Z     🔍 Mining locators for: 'Login'
2026-01-18T23:21:22.1693982Z     ✅ Found 4 verified locators
2026-01-18T23:21:25.7366433Z     ✅ State transitioned.
2026-01-18T23:21:25.7656451Z     🔄 Revisited state detected (count: 1)
2026-01-18T23:21:27.8810284Z [DEBUG] Sending request to gemini-2.0-flash. Number of parts: 2
2026-01-18T23:21:27.8811060Z [DEBUG] Received response (Length: 210)
2026-01-18T23:21:27.8812019Z     🤖 AI Next Step Suggestion: fill -> Email Address
2026-01-18T23:21:27.8812663Z     🧩 Suggested Locator: input[name='email']
2026-01-18T23:21:27.8813531Z     💭 Reasoning: The email address field is empty and needs to be filled to attempt login.
2026-01-18T23:21:27.8814389Z     ➕ Injected AI step: fill -> Email Address
2026-01-18T23:21:27.8814744Z   ▶️ [STEP step_3_ai_4] FILL: Email Address
2026-01-18T23:21:27.8866873Z     🎯 Using AI-provided locator: input[name='email']
2026-01-18T23:21:27.8925140Z     ✅ Found 1 verified locators
2026-01-18T23:21:34.7931303Z     ✅ State transitioned.
2026-01-18T23:21:34.8213447Z     🔄 Revisited state detected (count: 2)
2026-01-18T23:21:36.1958675Z [DEBUG] Sending request to gemini-2.0-flash. Number of parts: 2
2026-01-18T23:21:36.1959914Z [DEBUG] Received response (Length: 147)
2026-01-18T23:21:36.1960779Z     🤖 AI Next Step Suggestion: CLICK -> Login
2026-01-18T23:21:36.1961296Z     💭 Reasoning: Attempt to log in with the provided credentials.
2026-01-18T23:21:36.1961931Z     ➕ Injected AI step: CLICK -> Login
2026-01-18T23:21:36.1962267Z   ▶️ [STEP step_3_ai_5] CLICK: Login
2026-01-18T23:21:36.2021833Z     🔍 Mining locators for: 'Login'
2026-01-18T23:21:36.2753181Z     ✅ Found 4 verified locators
2026-01-18T23:21:38.8157724Z     ✅ State transitioned.
2026-01-18T23:21:38.8448344Z     🔄 Revisited state detected (count: 3)
2026-01-18T23:21:38.8449249Z     ⚠️ Too many revisits (3). Stopping AI step injection to prevent loops.
2026-01-18T23:21:38.8450246Z   ▶️ [STEP step_4] CLICK: H&M
2026-01-18T23:21:38.8497915Z     🔍 Mining locators for: 'H&M'
2026-01-18T23:21:38.8967765Z     🧠 Consulting AI (Vision-First) to find 'H&M'...
2026-01-18T23:21:38.8971632Z     🧠 [EXPERT] Strategy: Act as a Senior SDET focusing on e-commerce flow automation and conversion funnel reliability. Focus on the complete shopping funnel (Search -> Product Selection -> Add to Cart -> Checkout). CRITICAL: Identify SEARCH BARS, magnifying glass icons, and 'Add to Cart' buttons as primary automation targets. Dismiss popups that block the flow. For product lists, default to selecting the FIRST available item for consistent automation.
2026-01-18T23:21:41.0195998Z [DEBUG] Sending request to gemini-2.0-flash. Number of parts: 2
2026-01-18T23:21:41.0196512Z [DEBUG] Received response (Length: 182)
2026-01-18T23:21:41.0197203Z     💡 Expert Suggestion: Search bar is likely on the Products page.
2026-01-18T23:21:41.0197756Z     🛠️ Executing corrective action: click -> 'Products'
2026-01-18T23:21:41.5922164Z     ✅ Executed corrective navigation
2026-01-18T23:21:43.5944758Z     🔄 Retry 1/3 mining locators for 'H&M'...
2026-01-18T23:21:44.6460114Z     🧠 Consulting AI (Vision-First) to find 'H&M'...
2026-01-18T23:21:44.6463715Z     🧠 [EXPERT] Strategy: Act as a Senior SDET focusing on e-commerce flow automation and conversion funnel reliability. Focus on the complete shopping funnel (Search -> Product Selection -> Add to Cart -> Checkout). CRITICAL: Identify SEARCH BARS, magnifying glass icons, and 'Add to Cart' buttons as primary automation targets. Dismiss popups that block the flow. For product lists, default to selecting the FIRST available item for consistent automation.
2026-01-18T23:21:46.1828266Z [DEBUG] Sending request to gemini-2.0-flash. Number of parts: 2
2026-01-18T23:21:46.1828876Z [DEBUG] Received response (Length: 182)
2026-01-18T23:21:46.1829723Z     ⚠️ Skipping duplicate injection: Products
2026-01-18T23:21:46.1830173Z     🔄 Retry 2/3 mining locators for 'H&M'...
2026-01-18T23:21:47.1841983Z     🗑️ Invalidating stale AI cache (retry 2)...
2026-01-18T23:21:47.1843560Z     ⚠️ Cache invalidation warning: No module named 'core.agents.domain_expert'
2026-01-18T23:21:47.2286155Z     🧠 Consulting AI (Vision-First) to find 'H&M'...
2026-01-18T23:21:47.2292662Z     🧠 [EXPERT] Strategy: Act as a Senior SDET focusing on e-commerce flow automation and conversion funnel reliability. Focus on the complete shopping funnel (Search -> Product Selection -> Add to Cart -> Checkout). CRITICAL: Identify SEARCH BARS, magnifying glass icons, and 'Add to Cart' buttons as primary automation targets. Dismiss popups that block the flow. For product lists, default to selecting the FIRST available item for consistent automation.
2026-01-18T23:21:47.2295716Z [CACHE HIT] 08926a15... (hits: 11, misses: 66)
2026-01-18T23:21:47.2296347Z     ⚠️ Skipping duplicate injection: Products
2026-01-18T23:21:47.2296848Z     🧠 Verifying step validity for 'H&M' after no candidates found...
2026-01-18T23:21:51.2082953Z [DEBUG] Sending request to gemini-2.0-flash. Number of parts: 2
2026-01-18T23:21:51.2083490Z [DEBUG] Received response (Length: 283)
2026-01-18T23:21:51.2085294Z     🗑️ Step deemed INVALID: The current page is the login/signup page. There is no 'H&M' element visible on this page. It's likely that the intended interaction target is not present on this page, and we are on the wrong page to perform this action.. Removing from workflow.
2026-01-18T23:21:51.2088025Z     ⏭️ Skipping execution of invalid step: H&M
2026-01-18T23:21:51.2088519Z   ▶️ [STEP step_5] ASSERT_URL: 
2026-01-18T23:21:56.2241959Z     ⚠️ Scroll into view failed for text=None. Proceeding anyway.
2026-01-18T23:21:58.2264797Z     ✅ State transitioned.
2026-01-18T23:22:00.8255108Z [DEBUG] Sending request to gemini-2.0-flash. Number of parts: 2
2026-01-18T23:22:00.8255835Z [DEBUG] Received response (Length: 251)
2026-01-18T23:22:00.8256652Z     🤖 AI Next Step Suggestion: click -> Login
2026-01-18T23:22:00.8257159Z     🧩 Suggested Locator: button:contains('Login')
2026-01-18T23:22:00.8258321Z     💭 Reasoning: The email and password fields have been filled in the last two steps, so the next logical step is to click the 'Login' button to attempt to log in.
2026-01-18T23:22:00.8259376Z     ➕ Injected AI step: click -> Login
2026-01-18T23:22:00.8260021Z   ▶️ [STEP step_5_ai_1] CLICK: Login
2026-01-18T23:22:00.8315543Z     🎯 Using AI-provided locator: button:contains('Login')
2026-01-18T23:22:00.8339046Z     🔍 Mining locators for: 'Login'
2026-01-18T23:22:00.8960952Z     ✅ Found 3 verified locators
2026-01-18T23:22:04.4642849Z     ✅ State transitioned.
2026-01-18T23:22:04.4927925Z     🔄 Revisited state detected (count: 1)
2026-01-18T23:22:06.4062289Z [DEBUG] Sending request to gemini-2.0-flash. Number of parts: 2
2026-01-18T23:22:06.4063057Z [DEBUG] Received response (Length: 275)
2026-01-18T23:22:06.4063907Z     🤖 AI Next Step Suggestion: click -> Products
2026-01-18T23:22:06.4065122Z     💭 Reasoning: The login attempt failed, and the goal is to explore shopping features and the cart. Navigating to the products page is the next logical step to continue exploring the site.
2026-01-18T23:22:06.4066185Z     ➕ Injected AI step: click -> Products
2026-01-18T23:22:06.4066601Z   ▶️ [STEP step_5_ai_2] CLICK: Products
2026-01-18T23:22:06.4119242Z     🔍 Mining locators for: 'Products'
2026-01-18T23:22:06.4691075Z     ✅ Found 1 verified locators
2026-01-18T23:22:10.0144909Z     ✅ State transitioned.
2026-01-18T23:22:10.0431492Z     🔄 Revisited state detected (count: 2)
2026-01-18T23:22:11.3801600Z [DEBUG] Sending request to gemini-2.0-flash. Number of parts: 2
2026-01-18T23:22:11.3802249Z [DEBUG] Received response (Length: 192)
2026-01-18T23:22:11.3803075Z     🤖 AI Next Step Suggestion: click -> Login
2026-01-18T23:22:11.3803726Z     🧩 Suggested Locator: button:nth-of-type(1)
2026-01-18T23:22:11.3804946Z     💭 Reasoning: The email address has been filled in the last step. Now, click the Login button to proceed.
2026-01-18T23:22:11.3805715Z     ➕ Injected AI step: click -> Login
2026-01-18T23:22:11.3806135Z   ▶️ [STEP step_5_ai_3] CLICK: Login
2026-01-18T23:22:11.3862125Z     🎯 Using AI-provided locator: button:nth-of-type(1)
2026-01-18T23:22:11.3919402Z     ✅ Found 1 verified locators
2026-01-18T23:22:15.4295871Z     ✅ State transitioned.
2026-01-18T23:22:15.4591445Z     🔄 Revisited state detected (count: 3)
2026-01-18T23:22:15.4592373Z     ⚠️ Too many revisits (3). Stopping AI step injection to prevent loops.
2026-01-18T23:22:15.4593250Z   ▶️ [STEP step_6] ASSERT_VISIBLE: H&M Products
2026-01-18T23:22:15.4644340Z     🔍 Mining locators for: 'H&M Products'
2026-01-18T23:22:15.5114618Z     🧠 Consulting AI (Vision-First) to find 'H&M Products'...
2026-01-18T23:22:15.5118072Z     🧠 [EXPERT] Strategy: Act as a Senior SDET focusing on e-commerce flow automation and conversion funnel reliability. Focus on the complete shopping funnel (Search -> Product Selection -> Add to Cart -> Checkout). CRITICAL: Identify SEARCH BARS, magnifying glass icons, and 'Add to Cart' buttons as primary automation targets. Dismiss popups that block the flow. For product lists, default to selecting the FIRST available item for consistent automation.
2026-01-18T23:22:16.8616996Z [DEBUG] Sending request to gemini-2.0-flash. Number of parts: 2
2026-01-18T23:22:16.8617687Z [DEBUG] Received response (Length: 281)
2026-01-18T23:22:16.8618865Z     💡 Expert Suggestion: The current page is the login/signup page. Navigating to the 'Products' page is the most likely way to find a search bar or product listings.
2026-01-18T23:22:16.8619967Z     🛠️ Executing corrective action: click -> 'Products'
2026-01-18T23:22:17.4235871Z     ✅ Executed corrective navigation
2026-01-18T23:22:19.4259113Z     🔄 Retry 1/3 mining locators for 'H&M Products'...
2026-01-18T23:22:20.4778363Z     🧠 Consulting AI (Vision-First) to find 'H&M Products'...
2026-01-18T23:22:20.4781272Z     🧠 [EXPERT] Strategy: Act as a Senior SDET focusing on e-commerce flow automation and conversion funnel reliability. Focus on the complete shopping funnel (Search -> Product Selection -> Add to Cart -> Checkout). CRITICAL: Identify SEARCH BARS, magnifying glass icons, and 'Add to Cart' buttons as primary automation targets. Dismiss popups that block the flow. For product lists, default to selecting the FIRST available item for consistent automation.
2026-01-18T23:22:20.4785339Z [CACHE HIT] 3d5264eb... (hits: 12, misses: 71)
2026-01-18T23:22:20.4786048Z     ⚠️ Skipping duplicate injection: Products
2026-01-18T23:22:20.4786475Z     🔄 Retry 2/3 mining locators for 'H&M Products'...
2026-01-18T23:22:21.4799946Z     🗑️ Invalidating stale AI cache (retry 2)...
2026-01-18T23:22:21.4801108Z     ⚠️ Cache invalidation warning: No module named 'core.agents.domain_expert'
2026-01-18T23:22:21.5274040Z     🧠 Consulting AI (Vision-First) to find 'H&M Products'...
2026-01-18T23:22:21.5277704Z     🧠 [EXPERT] Strategy: Act as a Senior SDET focusing on e-commerce flow automation and conversion funnel reliability. Focus on the complete shopping funnel (Search -> Product Selection -> Add to Cart -> Checkout). CRITICAL: Identify SEARCH BARS, magnifying glass icons, and 'Add to Cart' buttons as primary automation targets. Dismiss popups that block the flow. For product lists, default to selecting the FIRST available item for consistent automation.
2026-01-18T23:22:21.5280755Z [CACHE HIT] 3d5264eb... (hits: 13, misses: 71)
2026-01-18T23:22:21.5281394Z     ⚠️ Skipping duplicate injection: Products
2026-01-18T23:22:21.5282207Z     🧠 Verifying step validity for 'H&M Products' after no candidates found...
2026-01-18T23:22:23.4524656Z [DEBUG] Sending request to gemini-2.0-flash. Number of parts: 2
2026-01-18T23:22:23.4525183Z [DEBUG] Received response (Length: 223)
2026-01-18T23:22:23.4526705Z     🗑️ Step deemed INVALID: The current page is the login/signup page. There is no element with the text 'H&M Products' visible on this page. We need to navigate to the products page first.. Removing from workflow.
2026-01-18T23:22:23.4527957Z     ⏭️ Skipping execution of invalid step: H&M Products
2026-01-18T23:22:25.4905284Z 
2026-01-18T23:22:25.4905885Z [4/4] Exploring Scenario: Add product from product details page
2026-01-18T23:22:25.4907393Z     🧠 Initialized exploration context for goal: 'Explore shopping features and cart'
2026-01-18T23:22:25.4908295Z   ▶️ [STEP step_1] NAVIGATE: 
2026-01-18T23:22:26.7647405Z     ✅ Navigated to https://www.automationexercise.com/
2026-01-18T23:22:26.7648430Z   ▶️ [STEP step_2] CLICK: Products
2026-01-18T23:22:26.7834834Z     📢 Detected overlay (ins.adsbygoogle). Dismissing...
2026-01-18T23:22:28.2918110Z     🔍 Mining locators for: 'Products'
2026-01-18T23:22:28.4614595Z     ✅ Found 2 verified locators
2026-01-18T23:22:28.4682586Z     📢 Detected overlay (ins.adsbygoogle). Dismissing...
2026-01-18T23:22:33.5381220Z     ✅ State transitioned.
2026-01-18T23:22:35.0695757Z [DEBUG] Sending request to gemini-2.0-flash. Number of parts: 2
2026-01-18T23:22:35.0696803Z [DEBUG] Received response (Length: 235)
2026-01-18T23:22:35.0697942Z     🤖 AI Next Step Suggestion: fill -> Search Product
2026-01-18T23:22:35.0698944Z     🧩 Suggested Locator: #search_product
2026-01-18T23:22:35.0701170Z     💭 Reasoning: To explore shopping features, I will search for a product. Searching for 'dress' is a reasonable starting point.
2026-01-18T23:22:35.0703388Z     ➕ Injected AI step: fill -> Search Product
2026-01-18T23:22:35.0706143Z   ▶️ [STEP step_2_ai_1] FILL: Search Product
2026-01-18T23:22:35.0878296Z     📢 Detected overlay (ins.adsbygoogle). Dismissing...
2026-01-18T23:22:36.5939286Z     🎯 Using AI-provided locator: #search_product
2026-01-18T23:22:36.5999310Z     ✅ Found 1 verified locators
2026-01-18T23:22:36.6060962Z     📢 Detected overlay (ins.adsbygoogle). Dismissing...
2026-01-18T23:22:43.6518410Z     ✅ State transitioned.
2026-01-18T23:22:45.4620137Z [DEBUG] Sending request to gemini-2.0-flash. Number of parts: 2
2026-01-18T23:22:45.4620892Z [DEBUG] Received response (Length: 277)
2026-01-18T23:22:45.4621721Z     🤖 AI Next Step Suggestion: click -> Add to cart
2026-01-18T23:22:45.4622370Z     🧩 Suggested Locator: a[data-product-id='1']
2026-01-18T23:22:45.4623945Z     💭 Reasoning: After searching for a product, the next logical step is to add the first available item to the cart to progress towards the goal of exploring shopping features and cart.
2026-01-18T23:22:45.4625164Z     ➕ Injected AI step: click -> Add to cart
2026-01-18T23:22:45.4625520Z   ▶️ [STEP step_2_ai_2] CLICK: Add to cart
2026-01-18T23:22:45.4692820Z     📢 Detected overlay (ins.adsbygoogle). Dismissing...
2026-01-18T23:22:46.9751716Z     🎯 Using AI-provided locator: a[data-product-id='1']
2026-01-18T23:22:46.9811930Z     ✅ Found 1 verified locators
2026-01-18T23:22:46.9873360Z     📢 Detected overlay (ins.adsbygoogle). Dismissing...
2026-01-18T23:22:52.5551660Z     ✅ State transitioned.
2026-01-18T23:22:52.6030110Z     🔄 Revisited state detected (count: 1)
2026-01-18T23:22:54.7250895Z [DEBUG] Sending request to gemini-2.0-flash. Number of parts: 2
2026-01-18T23:22:54.7251593Z [DEBUG] Received response (Length: 275)
2026-01-18T23:22:54.7252370Z     🤖 AI Next Step Suggestion: click -> Continue Shopping
2026-01-18T23:22:54.7253733Z     💭 Reasoning: A product has been added to the cart, and a popup is displayed. Clicking 'Continue Shopping' will close the popup and allow further exploration of the product list.
2026-01-18T23:22:54.7254690Z     ➕ Injected AI step: click -> Continue Shopping
2026-01-18T23:22:54.7255066Z   ▶️ [STEP step_2_ai_3] CLICK: Continue Shopping
2026-01-18T23:22:54.7318811Z     📢 Detected overlay (ins.adsbygoogle). Dismissing...
2026-01-18T23:22:56.2377654Z     🔍 Mining locators for: 'Continue Shopping'
2026-01-18T23:22:56.4533056Z     ✅ Found 2 verified locators
2026-01-18T23:22:56.4597664Z     📢 Detected overlay (ins.adsbygoogle). Dismissing...
2026-01-18T23:23:01.5355232Z     ✅ State transitioned.
2026-01-18T23:23:01.5856805Z     🔄 Revisited state detected (count: 2)
2026-01-18T23:23:03.5947552Z [DEBUG] Sending request to gemini-2.0-flash. Number of parts: 2
2026-01-18T23:23:03.5948413Z [DEBUG] Received response (Length: 326)
2026-01-18T23:23:03.5949609Z     🤖 AI Next Step Suggestion: add_to_cart -> Add to cart
2026-01-18T23:23:03.5950108Z     🧩 Suggested Locator: a[data-product-id]
2026-01-18T23:23:03.5951268Z     💭 Reasoning: The goal is to explore shopping features and cart. We are on the products page and can add more items to the cart. The last action was to continue shopping, so we should add another item to the cart.
2026-01-18T23:23:03.5952287Z     ➕ Injected AI step: add_to_cart -> Add to cart
2026-01-18T23:23:03.5952670Z   ▶️ [STEP step_2_ai_4] ADD_TO_CART: Add to cart
2026-01-18T23:23:03.6013832Z     📢 Detected overlay (ins.adsbygoogle). Dismissing...
2026-01-18T23:23:05.1071050Z     🎯 Using AI-provided locator: a[data-product-id]
2026-01-18T23:23:05.1132334Z     ✅ Found 1 verified locators
2026-01-18T23:23:05.1194315Z     📢 Detected overlay (ins.adsbygoogle). Dismissing...
2026-01-18T23:23:09.6625527Z     ✅ State transitioned.
2026-01-18T23:23:09.7156962Z     🔄 Revisited state detected (count: 3)
2026-01-18T23:23:09.7157622Z     ⚠️ Too many revisits (3). Stopping AI step injection to prevent loops.
2026-01-18T23:23:09.7158150Z   ▶️ [STEP step_3] ASSERT_URL: 
2026-01-18T23:23:09.7215423Z     📢 Detected overlay (ins.adsbygoogle). Dismissing...
2026-01-18T23:23:11.2352718Z     📢 Detected overlay (ins.adsbygoogle). Dismissing...
2026-01-18T23:23:17.7474558Z     ⚠️ Scroll into view failed for text=None. Proceeding anyway.
2026-01-18T23:23:19.7497642Z     ✅ State transitioned.
2026-01-18T23:23:19.7997674Z     🔄 Revisited state detected (count: 4)
2026-01-18T23:23:19.7998641Z     ⚠️ Too many revisits (4). Stopping AI step injection to prevent loops.
2026-01-18T23:23:19.7999240Z   ▶️ [STEP step_4] CLICK: View Product
2026-01-18T23:23:19.8054681Z     📢 Detected overlay (ins.adsbygoogle). Dismissing...
2026-01-18T23:23:21.3126167Z     🔍 Mining locators for: 'View Product'
2026-01-18T23:23:21.7624679Z     ✅ Found 1 verified locators
2026-01-18T23:23:21.7688496Z     📢 Detected overlay (ins.adsbygoogle). Dismissing...
2026-01-18T23:23:26.8347718Z     ✅ State transitioned.
2026-01-18T23:23:28.7090798Z [DEBUG] Sending request to gemini-2.0-flash. Number of parts: 2
2026-01-18T23:23:28.7091392Z [DEBUG] Received response (Length: 227)
2026-01-18T23:23:28.7092136Z     🤖 AI Next Step Suggestion: add_to_cart -> Add to cart
2026-01-18T23:23:28.7092862Z     💭 Reasoning: The goal is to explore shopping features and cart. We are on the products page and can add another item to the cart.
2026-01-18T23:23:28.7093584Z ⚠️ Loop detected: same AI suggestion repeated 2 times. Moving to next step.
2026-01-18T23:23:28.7094043Z   ▶️ [STEP step_5] ASSERT_VISIBLE: Product Details
2026-01-18T23:23:28.7158363Z     📢 Detected overlay (ins.adsbygoogle). Dismissing...
2026-01-18T23:23:30.2232234Z     🔍 Mining locators for: 'Product Details'
2026-01-18T23:23:30.3640045Z     🧠 Consulting AI (Vision-First) to find 'Product Details'...
2026-01-18T23:23:30.3642566Z     🧠 [EXPERT] Strategy: Act as a Senior SDET focusing on e-commerce flow automation and conversion funnel reliability. Focus on the complete shopping funnel (Search -> Product Selection -> Add to Cart -> Checkout). CRITICAL: Identify SEARCH BARS, magnifying glass icons, and 'Add to Cart' buttons as primary automation targets. Dismiss popups that block the flow. For product lists, default to selecting the FIRST available item for consistent automation.
2026-01-18T23:23:34.1005950Z [DEBUG] Sending request to gemini-2.0-flash. Number of parts: 2
2026-01-18T23:23:34.1006506Z [DEBUG] Received response (Length: 475)
2026-01-18T23:23:34.1007223Z     🔄 Retry 1/3 mining locators for 'Product Details'...
2026-01-18T23:23:35.2966092Z     🧠 Consulting AI (Vision-First) to find 'Product Details'...
2026-01-18T23:23:35.2968641Z     🧠 [EXPERT] Strategy: Act as a Senior SDET focusing on e-commerce flow automation and conversion funnel reliability. Focus on the complete shopping funnel (Search -> Product Selection -> Add to Cart -> Checkout). CRITICAL: Identify SEARCH BARS, magnifying glass icons, and 'Add to Cart' buttons as primary automation targets. Dismiss popups that block the flow. For product lists, default to selecting the FIRST available item for consistent automation.
2026-01-18T23:23:39.2075670Z [DEBUG] Sending request to gemini-2.0-flash. Number of parts: 2
2026-01-18T23:23:39.2076468Z [DEBUG] Received response (Length: 481)
2026-01-18T23:23:39.2077214Z     🔄 Retry 2/3 mining locators for 'Product Details'...
2026-01-18T23:23:40.2088045Z     🗑️ Invalidating stale AI cache (retry 2)...
2026-01-18T23:23:40.2089940Z     ⚠️ Cache invalidation warning: No module named 'core.agents.domain_expert'
2026-01-18T23:23:40.3466119Z     🧠 Consulting AI (Vision-First) to find 'Product Details'...
2026-01-18T23:23:40.3469617Z     🧠 [EXPERT] Strategy: Act as a Senior SDET focusing on e-commerce flow automation and conversion funnel reliability. Focus on the complete shopping funnel (Search -> Product Selection -> Add to Cart -> Checkout). CRITICAL: Identify SEARCH BARS, magnifying glass icons, and 'Add to Cart' buttons as primary automation targets. Dismiss popups that block the flow. For product lists, default to selecting the FIRST available item for consistent automation.
2026-01-18T23:23:40.3472363Z [CACHE HIT] 1ed8438c... (hits: 14, misses: 79)
2026-01-18T23:23:40.3473247Z     🧠 Verifying step validity for 'Product Details' after mining failure...
2026-01-18T23:23:43.5563617Z [DEBUG] Sending request to gemini-2.0-flash. Number of parts: 2
2026-01-18T23:23:43.5564805Z [DEBUG] Received response (Length: 296)
2026-01-18T23:23:43.5565807Z     🛠️ Self-Correction: Step is valid. Using new locator: div.product-image-wrapper > div > a
2026-01-18T23:23:43.5637050Z     📢 Detected overlay (ins.adsbygoogle). Dismissing...
2026-01-18T23:23:50.5766998Z     ⚠️ Scroll into view failed for div.product-image-wrapper > div > a. Proceeding anyway.
2026-01-18T23:23:52.5790281Z     ✅ State transitioned.
2026-01-18T23:23:52.6300690Z     🔄 Revisited state detected (count: 1)
2026-01-18T23:23:54.3541811Z [DEBUG] Sending request to gemini-2.0-flash. Number of parts: 2
2026-01-18T23:23:54.3542526Z [DEBUG] Received response (Length: 275)
2026-01-18T23:23:54.3543381Z     🤖 AI Next Step Suggestion: click -> Add to cart
2026-01-18T23:23:54.3544120Z     🧩 Suggested Locator: a[data-product-id='1']
2026-01-18T23:23:54.3545807Z     💭 Reasoning: The goal is to explore shopping features and cart. The last action was to view a product. Now, add another product to the cart to continue exploring the shopping flow.
2026-01-18T23:23:54.3546839Z     ➕ Injected AI step: click -> Add to cart
2026-01-18T23:23:54.3547218Z   ▶️ [STEP step_5_ai_1] CLICK: Add to cart
2026-01-18T23:23:54.3610283Z     📢 Detected overlay (ins.adsbygoogle). Dismissing...
2026-01-18T23:23:55.8677482Z     🎯 Using AI-provided locator: a[data-product-id='1']
2026-01-18T23:23:55.8742271Z     ✅ Found 1 verified locators
2026-01-18T23:23:55.8806456Z     📢 Detected overlay (ins.adsbygoogle). Dismissing...
2026-01-18T23:24:01.4437121Z     ✅ State transitioned.
2026-01-18T23:24:01.4967337Z     🔄 Revisited state detected (count: 2)
2026-01-18T23:24:03.2438248Z [DEBUG] Sending request to gemini-2.0-flash. Number of parts: 2
2026-01-18T23:24:03.2439008Z [DEBUG] Received response (Length: 243)
2026-01-18T23:24:03.2439907Z     🤖 AI Next Step Suggestion: fill -> Search Product
2026-01-18T23:24:03.2440287Z     🧩 Suggested Locator: #search_product
2026-01-18T23:24:03.2440981Z     💭 Reasoning: To explore shopping features, I will search for a product. Searching for 'dress' will help narrow down the product list.
2026-01-18T23:24:03.2441646Z     ➕ Injected AI step: fill -> Search Product
2026-01-18T23:24:03.2441979Z   ▶️ [STEP step_5_ai_2] FILL: Search Product
2026-01-18T23:24:03.2509297Z     📢 Detected overlay (ins.adsbygoogle). Dismissing...
2026-01-18T23:24:04.7624521Z     🎯 Using AI-provided locator: #search_product
2026-01-18T23:24:04.7693968Z     ✅ Found 1 verified locators
2026-01-18T23:24:04.7757410Z     📢 Detected overlay (ins.adsbygoogle). Dismissing...
2026-01-18T23:24:12.8111722Z     ⚠️ Action failed: Locator.click: Timeout 5000ms exceeded.
2026-01-18T23:24:12.8112469Z Call log:
2026-01-18T23:24:12.8112815Z ...
2026-01-18T23:24:14.4630162Z [DEBUG] Sending request to gemini-2.0-flash. Number of parts: 2
2026-01-18T23:24:14.4630738Z [DEBUG] Received response (Length: 116)
2026-01-18T23:24:14.4631351Z   ▶️ [STEP step_6] CLICK: Add to cart
2026-01-18T23:24:14.4697161Z     📢 Detected overlay (ins.adsbygoogle). Dismissing...
2026-01-18T23:24:15.9766787Z     🔍 Mining locators for: 'Add to cart'
2026-01-18T23:24:16.3670440Z     ✅ Found 1 verified locators
2026-01-18T23:24:16.3749090Z     📢 Detected overlay (ins.adsbygoogle). Dismissing...
2026-01-18T23:24:21.4288542Z     ✅ State transitioned.
2026-01-18T23:24:21.4814654Z     🔄 Revisited state detected (count: 3)
2026-01-18T23:24:21.4815190Z     ⚠️ Too many revisits (3). Stopping AI step injection to prevent loops.
2026-01-18T23:24:21.4815604Z   ▶️ [STEP step_7] CLICK: View Cart
2026-01-18T23:24:21.4875968Z     📢 Detected overlay (ins.adsbygoogle). Dismissing...
2026-01-18T23:24:22.9942998Z     🔍 Mining locators for: 'View Cart'
2026-01-18T23:24:23.2147537Z     🧠 Consulting AI (Vision-First) to find 'View Cart'...
2026-01-18T23:24:23.2150859Z     🧠 [EXPERT] Strategy: Act as a Senior SDET focusing on e-commerce flow automation and conversion funnel reliability. Focus on the complete shopping funnel (Search -> Product Selection -> Add to Cart -> Checkout). CRITICAL: Identify SEARCH BARS, magnifying glass icons, and 'Add to Cart' buttons as primary automation targets. Dismiss popups that block the flow. For product lists, default to selecting the FIRST available item for consistent automation.
2026-01-18T23:24:24.5990037Z [DEBUG] Sending request to gemini-2.0-flash. Number of parts: 2
2026-01-18T23:24:24.5990556Z [DEBUG] Received response (Length: 286)
2026-01-18T23:24:24.5991810Z     💡 Expert Suggestion: The 'View Cart' option is not visible on the current page. Clicking 'View Product' will likely lead to a page where 'View Cart' is accessible.
2026-01-18T23:24:24.5992693Z     🛠️ Executing corrective action: click -> 'View Product'
2026-01-18T23:24:24.6075740Z     📢 Detected overlay (ins.adsbygoogle). Dismissing...
2026-01-18T23:24:26.8462269Z     ✅ Executed corrective navigation
2026-01-18T23:24:28.8486288Z     🔄 Retry 1/3 mining locators for 'View Cart'...
2026-01-18T23:24:29.9943515Z     🧠 Consulting AI (Vision-First) to find 'View Cart'...
2026-01-18T23:24:29.9946007Z     🧠 [EXPERT] Strategy: Act as a Senior SDET focusing on e-commerce flow automation and conversion funnel reliability. Focus on the complete shopping funnel (Search -> Product Selection -> Add to Cart -> Checkout). CRITICAL: Identify SEARCH BARS, magnifying glass icons, and 'Add to Cart' buttons as primary automation targets. Dismiss popups that block the flow. For product lists, default to selecting the FIRST available item for consistent automation.
2026-01-18T23:24:29.9948762Z [CACHE HIT] d8983ddc... (hits: 15, misses: 84)
2026-01-18T23:24:29.9949363Z     ⚠️ Skipping duplicate injection: View Product
2026-01-18T23:24:29.9951384Z     🔄 Retry 2/3 mining locators for 'View Cart'...
2026-01-18T23:24:30.9964313Z     🗑️ Invalidating stale AI cache (retry 2)...
2026-01-18T23:24:30.9966190Z     ⚠️ Cache invalidation warning: No module named 'core.agents.domain_expert'
2026-01-18T23:24:31.2113913Z     🧠 Consulting AI (Vision-First) to find 'View Cart'...
2026-01-18T23:24:31.2118472Z     🧠 [EXPERT] Strategy: Act as a Senior SDET focusing on e-commerce flow automation and conversion funnel reliability. Focus on the complete shopping funnel (Search -> Product Selection -> Add to Cart -> Checkout). CRITICAL: Identify SEARCH BARS, magnifying glass icons, and 'Add to Cart' buttons as primary automation targets. Dismiss popups that block the flow. For product lists, default to selecting the FIRST available item for consistent automation.
2026-01-18T23:24:31.2121763Z [CACHE HIT] d8983ddc... (hits: 16, misses: 84)
2026-01-18T23:24:31.2122464Z     ⚠️ Skipping duplicate injection: View Product
2026-01-18T23:24:31.2123560Z     🧠 Verifying step validity for 'View Cart' after no candidates found...
2026-01-18T23:24:32.9201261Z [DEBUG] Sending request to gemini-2.0-flash. Number of parts: 2
2026-01-18T23:24:32.9201750Z [DEBUG] Received response (Length: 338)
2026-01-18T23:24:32.9203475Z     🗑️ Step deemed INVALID: The 'View Cart' button is not visible on the current page. The page displays product listings with 'Add to cart' and 'View Product' options. We need to add a product to the cart first to make the 'View Cart' button appear, which usually happens in a pop-up or a header update.. Removing from workflow.
2026-01-18T23:24:32.9204859Z     ⏭️ Skipping execution of invalid step: View Cart
2026-01-18T23:24:32.9205204Z   ▶️ [STEP step_8] ASSERT_URL: 
2026-01-18T23:24:32.9267426Z     📢 Detected overlay (ins.adsbygoogle). Dismissing...
2026-01-18T23:24:34.4395078Z     📢 Detected overlay (ins.adsbygoogle). Dismissing...
2026-01-18T23:24:40.9507879Z     ⚠️ Scroll into view failed for text=None. Proceeding anyway.
2026-01-18T23:24:42.9531414Z     ✅ State transitioned.
2026-01-18T23:24:43.0062048Z     🔄 Revisited state detected (count: 4)
2026-01-18T23:24:43.0062950Z     ⚠️ Too many revisits (4). Stopping AI step injection to prevent loops.
2026-01-18T23:24:45.0491756Z 🗂️  All generated tests written to /home/runner/work/build_qa_automation/build_qa_automation/projects/ci_automationexercise_shop/tests/generated_scenarios.json
2026-01-18T23:24:45.0511606Z 🔄 Updated workflow.json with discovered steps and locators.
2026-01-18T23:24:45.0512099Z 
2026-01-18T23:24:45.0512384Z ✅ Deep Exploration Complete.
2026-01-18T23:26:58.5535472Z 
2026-01-18T23:26:58.5549624Z 🚀 [EXECUTE] Starting Automation Execution Engine
2026-01-18T23:26:58.5550364Z 📍 Project: ci_automationexercise_shop
2026-01-18T23:26:58.5550902Z 🎬 Mode: Headless
2026-01-18T23:26:58.5551129Z 
2026-01-18T23:26:58.5551363Z --- Scenario: Search, Add to Cart, and Checkout ---
2026-01-18T23:26:58.5552036Z   ▶️ [STEP step_1] NAVIGATE: Step step_1
2026-01-18T23:26:58.5552570Z     ✅ Step step_1 Passed.
2026-01-18T23:26:58.5553248Z     📢 Detected overlay (ins.adsbygoogle). Attempting to dismiss...
2026-01-18T23:26:58.5554078Z   ▶️ [STEP step_2] ASSERT_URL: Step step_2
2026-01-18T23:26:58.5554638Z     ✅ Step step_2 Passed.
2026-01-18T23:26:58.5555299Z     📢 Detected overlay (ins.adsbygoogle). Attempting to dismiss...
2026-01-18T23:26:58.5556036Z   ▶️ [STEP step_2_ai_1] CLICK: Add to cart
2026-01-18T23:26:58.5556709Z     🎯 Using mined locator: a[data-product-id='1']
2026-01-18T23:26:58.5557358Z     ✅ Step step_2_ai_1 Passed.
2026-01-18T23:26:58.5558033Z     📢 Detected overlay (ins.adsbygoogle). Attempting to dismiss...
2026-01-18T23:26:58.5558853Z   ▶️ [STEP step_2_ai_2] CLICK: Continue Shopping
2026-01-18T23:26:58.5559830Z     🎯 Using mined locator: role=button[name='Continue Shopping']
2026-01-18T23:26:58.5560511Z     ✅ Step step_2_ai_2 Passed.
2026-01-18T23:26:58.5561122Z     📢 Detected overlay (ins.adsbygoogle). Attempting to dismiss...
2026-01-18T23:26:58.5561791Z   ▶️ [STEP step_2_ai_3] CLICK: Add to cart
2026-01-18T23:26:58.5562427Z     🎯 Using mined locator: a[data-product-id='2']
2026-01-18T23:26:58.5563046Z     ✅ Step step_2_ai_3 Passed.
2026-01-18T23:26:58.5563773Z     📢 Detected overlay (ins.adsbygoogle). Attempting to dismiss...
2026-01-18T23:26:58.5564509Z   ▶️ [STEP step_2_ai_4] CLICK: View Cart
2026-01-18T23:26:58.5565094Z     🎯 Using mined locator: text='View Cart'
2026-01-18T23:26:58.5565715Z     ✅ Step step_2_ai_4 Passed.
2026-01-18T23:26:58.5566310Z   ▶️ [STEP step_2_ai_5] CLICK: Proceed To Checkout
2026-01-18T23:26:58.5567036Z     🎯 Using mined locator: text='Proceed To Checkout'
2026-01-18T23:26:58.5567656Z     ✅ Step step_2_ai_5 Passed.
2026-01-18T23:26:58.5568286Z   ▶️ [STEP step_2_ai_6] CLICK: Register / Login
2026-01-18T23:26:58.5569018Z     🎯 Using mined locator: role=link[name='Register / Login']
2026-01-18T23:26:58.5569879Z     ✅ Step step_2_ai_6 Passed.
2026-01-18T23:26:58.5570404Z   ▶️ [STEP step_2_ai_7] FILL: Email Address
2026-01-18T23:26:58.5571146Z     🎯 Using mined locator: input[name='email'][data-qa='login-email']
2026-01-18T23:26:58.5571852Z     ✅ Step step_2_ai_7 Passed.
2026-01-18T23:26:58.5572393Z   ▶️ [STEP step_2_ai_8] FILL: Password
2026-01-18T23:26:58.5572968Z     🎯 Using mined locator: [name='password']
2026-01-18T23:26:58.5573544Z     ✅ Step step_2_ai_8 Passed.
2026-01-18T23:26:58.5574033Z   ▶️ [STEP step_2_ai_9] CLICK: Login
2026-01-18T23:26:58.5575007Z     🎯 Using mined locator: role=button[name='Login']
2026-01-18T23:26:58.5575696Z     ✅ Step step_2_ai_9 Passed.
2026-01-18T23:26:58.5576208Z   ▶️ [STEP step_2_ai_10] CLICK: Products
2026-01-18T23:26:58.5576831Z     🎯 Using mined locator: a[href='/products']
2026-01-18T23:26:58.5577431Z     ✅ Step step_2_ai_10 Passed.
2026-01-18T23:26:58.5578152Z     📢 Detected overlay (ins.adsbygoogle). Attempting to dismiss...
2026-01-18T23:26:58.5578918Z   ▶️ [STEP step_2_ai_11] CLICK: Login
2026-01-18T23:26:58.5579807Z     🎯 Using mined locator: text=Signup / Login
2026-01-18T23:26:58.5580444Z     ✅ Step step_2_ai_11 Passed.
2026-01-18T23:26:58.5581110Z   ▶️ [STEP step_2_ai_12] CLICK: Signup / Login
2026-01-18T23:26:58.5581745Z     🎯 Using mined locator: a[href='/login']
2026-01-18T23:26:58.5582657Z     ✅ Step step_2_ai_12 Passed.
2026-01-18T23:26:58.5583204Z   ▶️ [STEP step_2_ai_13] CLICK: Products
2026-01-18T23:26:58.5583851Z     🎯 Using mined locator: a[href='/products']
2026-01-18T23:26:58.5584489Z     ✅ Step step_2_ai_13 Passed.
2026-01-18T23:26:58.5585013Z   ▶️ [STEP step_3] CLICK: Products
2026-01-18T23:26:58.5585499Z     🎯 Using mined locator: text= Products
2026-01-18T23:26:58.5586014Z     ✅ Step step_3 Passed.
2026-01-18T23:26:58.5586550Z   ▶️ [STEP step_4] ASSERT_URL: Step step_4
2026-01-18T23:26:58.5587089Z     ✅ Step step_4 Passed.
2026-01-18T23:26:58.5587579Z   ▶️ [STEP step_9] CLICK: View Cart
2026-01-18T23:26:58.5588182Z     🎯 Using mined locator: a[href='/view_cart']
2026-01-18T23:26:58.5588742Z     ✅ Step step_9 Passed.
2026-01-18T23:26:58.5589250Z   ▶️ [STEP step_10] ASSERT_URL: Step step_10
2026-01-18T23:26:58.5589988Z     ✅ Step step_10 Passed.
2026-01-18T23:26:58.5590493Z   ▶️ [STEP step_10_ai_1] CLICK: Products
2026-01-18T23:26:58.5591199Z     🎯 Using mined locator: a[href='/products']
2026-01-18T23:26:58.5591811Z     ✅ Step step_10_ai_1 Passed.
2026-01-18T23:26:58.5592586Z     📢 Detected overlay (ins.adsbygoogle). Attempting to dismiss...
2026-01-18T23:26:58.5593331Z   ▶️ [STEP step_10_ai_2] FILL: Name
2026-01-18T23:26:58.5594094Z     ⚠️ Mined locators not found on page. Falling back to semantic search.
2026-01-18T23:26:58.5595312Z     ❌ Attempt 1 failed (element_not_found): Locator.scroll_into_view_if_needed: Timeout 10000ms exceeded.
2026-01-18T23:26:58.5596112Z Call log:
2026-01-18T23:26:58.5596438Z   - waiting for locator("tex...
2026-01-18T23:26:58.5597100Z     🔧 [AUTO-HEAL] Re-mining page to find 'Name'...
2026-01-18T23:26:58.5597749Z [DEBUG] Sending request to gemini-2.0-flash. Number of parts: 2
2026-01-18T23:26:58.5598397Z [DEBUG] Received response (Length: 420)
2026-01-18T23:26:58.5599182Z     ✨ AI successfully healed the step! Found 2 alternatives.
2026-01-18T23:26:58.5600181Z     ✨ AI successfully healed the step! New selector: a[href='/products']
2026-01-18T23:26:58.5601154Z     ✅ Step step_10_ai_2 Passed.
2026-01-18T23:26:58.5601868Z ✅ Scenario 'Search, Add to Cart, and Checkout' completed successfully!
2026-01-18T23:26:58.5602356Z 
2026-01-18T23:26:58.5602564Z --- Scenario: Contact Us Form Submission ---
2026-01-18T23:26:58.5603264Z   ▶️ [STEP step_1] NAVIGATE: Step step_1
2026-01-18T23:26:58.5603823Z     ✅ Step step_1 Passed.
2026-01-18T23:26:58.5604500Z     📢 Detected overlay (ins.adsbygoogle). Attempting to dismiss...
2026-01-18T23:26:58.5605255Z   ▶️ [STEP step_2] CLICK: Contact us
2026-01-18T23:26:58.5605846Z     🎯 Using mined locator: text='Contact us'
2026-01-18T23:26:58.5606407Z     ✅ Step step_2 Passed.
2026-01-18T23:26:58.5606776Z     📢 Detected overlay (ins.adsbygoogle). Attempting to dismiss...
2026-01-18T23:26:58.5607160Z   ▶️ [STEP step_2_ai_1] NAVIGATE: Products
2026-01-18T23:26:58.5608034Z     ❌ Attempt 1 failed (unknown): Page.goto: Protocol error (Page.navigate): Cannot navigate to invalid URL
2026-01-18T23:26:58.5608947Z Call log:
2026-01-18T23:26:58.5609256Z   - navigating t...
2026-01-18T23:26:58.5609921Z     🔧 [AUTO-HEAL] Re-mining page to find 'Products'...
2026-01-18T23:26:58.5610525Z [DEBUG] Sending request to gemini-2.0-flash. Number of parts: 2
2026-01-18T23:26:58.5610883Z [DEBUG] Received response (Length: 623)
2026-01-18T23:26:58.5611259Z     ✨ AI successfully healed the step! Found 3 alternatives.
2026-01-18T23:26:58.5611734Z     ✨ AI successfully healed the step! New selector: a[href='products.html']
2026-01-18T23:26:58.5612387Z     ❌ Attempt 2 failed (unknown): Page.goto: Protocol error (Page.navigate): Cannot navigate to invalid URL
2026-01-18T23:26:58.5612858Z Call log:
2026-01-18T23:26:58.5613034Z   - navigating t...
2026-01-18T23:26:58.5613333Z     🔧 [AUTO-HEAL] Re-mining page to find 'Products'...
2026-01-18T23:26:58.5613649Z [CACHE HIT] fc63d0c2... (hits: 1, misses: 2)
2026-01-18T23:26:58.5614014Z     ✨ AI successfully healed the step! Found 3 alternatives.
2026-01-18T23:26:58.5614617Z     ✨ AI successfully healed the step! New selector: a[href='products.html']
2026-01-18T23:26:58.5615259Z     ❌ Attempt 3 failed (unknown): Page.goto: Protocol error (Page.navigate): Cannot navigate to invalid URL
2026-01-18T23:26:58.5615704Z Call log:
2026-01-18T23:26:58.5615876Z   - navigating t...
2026-01-18T23:26:58.5616141Z     💀 Step step_2_ai_1 failed after all retries.
2026-01-18T23:26:58.5626884Z 🛑 Scenario 'Contact Us Form Submission' aborted due to step failure.
2026-01-18T23:26:58.5627467Z 
2026-01-18T23:26:58.5627691Z --- Scenario: Browse Products by Brand ---
2026-01-18T23:26:58.5628357Z   ▶️ [STEP step_1] NAVIGATE: Step step_1
2026-01-18T23:26:58.5628923Z     ✅ Step step_1 Passed.
2026-01-18T23:26:58.5629619Z   ▶️ [STEP step_2] CLICK: Products
2026-01-18T23:26:58.5630259Z     🎯 Using mined locator: role=link[name=' Products']
2026-01-18T23:26:58.5630894Z     ✅ Step step_2 Passed.
2026-01-18T23:26:58.5631254Z   ▶️ [STEP step_2_ai_1] FILL: Search Product
2026-01-18T23:26:58.5631603Z     🎯 Using mined locator: #search_product
2026-01-18T23:26:58.5631901Z     ✅ Step step_2_ai_1 Passed.
2026-01-18T23:26:58.5632268Z     📢 Detected overlay (ins.adsbygoogle). Attempting to dismiss...
2026-01-18T23:26:58.5632678Z   ▶️ [STEP step_2_ai_2] CLICK: Add to cart
2026-01-18T23:26:58.5633003Z     🎯 Using mined locator: text='Add to cart'
2026-01-18T23:26:58.5633299Z     ✅ Step step_2_ai_2 Passed.
2026-01-18T23:26:58.5633653Z     📢 Detected overlay (ins.adsbygoogle). Attempting to dismiss...
2026-01-18T23:26:58.5634051Z   ▶️ [STEP step_2_ai_3] CLICK: Continue Shopping
2026-01-18T23:26:58.5634357Z     🎯 Using mined locator: button
2026-01-18T23:26:58.5634873Z     ✅ Step step_2_ai_3 Passed.
2026-01-18T23:26:58.5635223Z     📢 Detected overlay (ins.adsbygoogle). Attempting to dismiss...
2026-01-18T23:26:58.5635595Z   ▶️ [STEP step_2_ai_4] CLICK: View Cart
2026-01-18T23:26:58.5635927Z     🎯 Using mined locator: role=link[name='View Cart']
2026-01-18T23:26:58.5636238Z     ✅ Step step_2_ai_4 Passed.
2026-01-18T23:26:58.5636549Z   ▶️ [STEP step_2_ai_5] CLICK: Proceed To Checkout
2026-01-18T23:26:58.5637114Z     🎯 Using mined locator: text='Proceed To Checkout'
2026-01-18T23:26:58.5637441Z     ✅ Step step_2_ai_5 Passed.
2026-01-18T23:26:58.5637735Z   ▶️ [STEP step_2_ai_6] CLICK: Register / Login
2026-01-18T23:26:58.5638341Z     🎯 Using mined locator: role=link[name='Register / Login']
2026-01-18T23:26:58.5638694Z     ✅ Step step_2_ai_6 Passed.
2026-01-18T23:26:58.5638975Z   ▶️ [STEP step_3] ASSERT_URL: Step step_3
2026-01-18T23:26:58.5639250Z     ✅ Step step_3 Passed.
2026-01-18T23:26:58.5639825Z   ▶️ [STEP step_3_ai_1] FILL: Email Address
2026-01-18T23:26:58.5640453Z     🎯 Using mined locator: input[name='email'][data-qa='signup-email']
2026-01-18T23:26:58.5641084Z     ✅ Step step_3_ai_1 Passed.
2026-01-18T23:26:58.5641369Z   ▶️ [STEP step_3_ai_2] FILL: Password
2026-01-18T23:26:58.5641693Z     🎯 Using mined locator: input[name='password']
2026-01-18T23:26:58.5642001Z     ✅ Step step_3_ai_2 Passed.
2026-01-18T23:26:58.5642297Z   ▶️ [STEP step_3_ai_3] CLICK: Login
2026-01-18T23:26:58.5642905Z     🎯 Using mined locator: role=button[name='Login']
2026-01-18T23:26:58.5643449Z     ✅ Step step_3_ai_3 Passed.
2026-01-18T23:26:58.5644241Z   ▶️ [STEP step_3_ai_4] FILL: Email Address
2026-01-18T23:26:58.5644822Z     🎯 Using mined locator: input[name='email']
2026-01-18T23:26:58.5645371Z     ✅ Step step_3_ai_4 Passed.
2026-01-18T23:26:58.5645798Z   ▶️ [STEP step_3_ai_5] CLICK: Login
2026-01-18T23:26:58.5646344Z     🎯 Using mined locator: role=button[name='Login']
2026-01-18T23:26:58.5646850Z     ✅ Step step_3_ai_5 Passed.
2026-01-18T23:26:58.5647274Z   ▶️ [STEP step_5] ASSERT_URL: Step step_5
2026-01-18T23:26:58.5647708Z     ✅ Step step_5 Passed.
2026-01-18T23:26:58.5648097Z   ▶️ [STEP step_5_ai_1] CLICK: Login
2026-01-18T23:26:58.5648538Z     🎯 Using mined locator: text='Login'
2026-01-18T23:26:58.5648972Z     ✅ Step step_5_ai_1 Passed.
2026-01-18T23:26:58.5649391Z   ▶️ [STEP step_5_ai_2] CLICK: Products
2026-01-18T23:26:58.5650362Z     🎯 Using mined locator: text= Products
2026-01-18T23:26:58.5650858Z     ✅ Step step_5_ai_2 Passed.
2026-01-18T23:26:58.5651327Z   ▶️ [STEP step_5_ai_3] CLICK: Login
2026-01-18T23:26:58.5651902Z     🎯 Using mined locator: button:nth-of-type(1)
2026-01-18T23:26:58.5652457Z     ✅ Step step_5_ai_3 Passed.
2026-01-18T23:26:58.5653081Z ✅ Scenario 'Browse Products by Brand' completed successfully!
2026-01-18T23:26:58.5653539Z 
2026-01-18T23:26:58.5653782Z --- Scenario: Add product from product details page ---
2026-01-18T23:26:58.5654417Z   ▶️ [STEP step_1] NAVIGATE: Step step_1
2026-01-18T23:26:58.5654918Z     ✅ Step step_1 Passed.
2026-01-18T23:26:58.5655551Z     📢 Detected overlay (ins.adsbygoogle). Attempting to dismiss...
2026-01-18T23:26:58.5656233Z   ▶️ [STEP step_2] CLICK: Products
2026-01-18T23:26:58.5656813Z     🎯 Using mined locator: role=link[name=' Products']
2026-01-18T23:26:58.5657352Z     ✅ Step step_2 Passed.
2026-01-18T23:27:49.0147980Z     📢 Detected overlay (ins.adsbygoogle). Attempting to dismiss...
2026-01-18T23:27:49.0148556Z   ▶️ [STEP step_2_ai_1] FILL: Search Product
2026-01-18T23:27:49.0148875Z     🎯 Using mined locator: #search_product
2026-01-18T23:27:49.0149179Z     ✅ Step step_2_ai_1 Passed.
2026-01-18T23:27:49.0149781Z     📢 Detected overlay (ins.adsbygoogle). Attempting to dismiss...
2026-01-18T23:27:49.0150176Z   ▶️ [STEP step_2_ai_2] CLICK: Add to cart
2026-01-18T23:27:49.0150511Z     🎯 Using mined locator: a[data-product-id='1']
2026-01-18T23:27:49.0150822Z     ✅ Step step_2_ai_2 Passed.
2026-01-18T23:27:49.0151167Z     📢 Detected overlay (ins.adsbygoogle). Attempting to dismiss...
2026-01-18T23:27:49.0151553Z   ▶️ [STEP step_2_ai_3] CLICK: Continue Shopping
2026-01-18T23:27:49.0151938Z     🎯 Using mined locator: role=button[name='Continue Shopping']
2026-01-18T23:27:49.0152295Z     ✅ Step step_2_ai_3 Passed.
2026-01-18T23:27:49.0152647Z     📢 Detected overlay (ins.adsbygoogle). Attempting to dismiss...
2026-01-18T23:27:49.0153037Z   ▶️ [STEP step_2_ai_4] ADD_TO_CART: Add to cart
2026-01-18T23:27:49.0153380Z     🎯 Using mined locator: a[data-product-id]
2026-01-18T23:27:49.0153667Z     ✅ Step step_2_ai_4 Passed.
2026-01-18T23:27:49.0154021Z     📢 Detected overlay (ins.adsbygoogle). Attempting to dismiss...
2026-01-18T23:27:49.0154394Z   ▶️ [STEP step_3] ASSERT_URL: Step step_3
2026-01-18T23:27:49.0154671Z     ✅ Step step_3 Passed.
2026-01-18T23:27:49.0154993Z     📢 Detected overlay (ins.adsbygoogle). Attempting to dismiss...
2026-01-18T23:27:49.0155353Z   ▶️ [STEP step_4] CLICK: View Product
2026-01-18T23:27:49.0155656Z     🎯 Using mined locator: text='View Product'
2026-01-18T23:27:49.0155941Z     ✅ Step step_4 Passed.
2026-01-18T23:27:49.0156257Z     📢 Detected overlay (ins.adsbygoogle). Attempting to dismiss...
2026-01-18T23:27:49.0156647Z   ▶️ [STEP step_5] ASSERT_VISIBLE: Product Details
2026-01-18T23:27:49.0157070Z     ⚠️ Mined locators not found on page. Falling back to semantic search.
2026-01-18T23:27:49.0157558Z     ❌ Attempt 1 failed (element_not_found): Locator expected to be visible
2026-01-18T23:27:49.0158217Z Actual value: None
2026-01-18T23:27:49.0158411Z Error: element(s) not found 
2026-01-18T23:27:49.0158621Z Call log:
2026-01-18T23:27:49.0158790Z   - Expect ...
2026-01-18T23:27:49.0159267Z     🔧 [AUTO-HEAL] Re-mining page to find 'Product Details'...
2026-01-18T23:27:49.0159885Z [DEBUG] Sending request to gemini-2.0-flash. Number of parts: 2
2026-01-18T23:27:49.0160228Z [DEBUG] Received response (Length: 1238)
2026-01-18T23:27:49.0160604Z     ✨ AI successfully healed the step! Found 5 alternatives.
2026-01-18T23:27:49.0161048Z     ✨ AI successfully healed the step! New selector: input[type='text']
2026-01-18T23:27:49.0161413Z     ✅ Step step_5 Passed.
2026-01-18T23:27:49.0161753Z     📢 Detected overlay (ins.adsbygoogle). Attempting to dismiss...
2026-01-18T23:27:49.0162131Z   ▶️ [STEP step_5_ai_1] CLICK: Add to cart
2026-01-18T23:27:49.0162455Z     🎯 Using mined locator: a[data-product-id='1']
2026-01-18T23:27:49.0162774Z     ✅ Step step_5_ai_1 Passed.
2026-01-18T23:27:49.0163121Z     📢 Detected overlay (ins.adsbygoogle). Attempting to dismiss...
2026-01-18T23:27:49.0163501Z   ▶️ [STEP step_5_ai_2] FILL: Search Product
2026-01-18T23:27:49.0163815Z     🎯 Using mined locator: #search_product
2026-01-18T23:27:49.0164092Z     ✅ Step step_5_ai_2 Passed.
2026-01-18T23:27:49.0164426Z     📢 Detected overlay (ins.adsbygoogle). Attempting to dismiss...
2026-01-18T23:27:49.0164788Z   ▶️ [STEP step_6] CLICK: Add to cart
2026-01-18T23:27:49.0165085Z     🎯 Using mined locator: text='Add to cart'
2026-01-18T23:27:49.0165366Z     ✅ Step step_6 Passed.
2026-01-18T23:27:49.0165689Z     📢 Detected overlay (ins.adsbygoogle). Attempting to dismiss...
2026-01-18T23:27:49.0166056Z   ▶️ [STEP step_8] ASSERT_URL: Step step_8
2026-01-18T23:27:49.0166328Z     ✅ Step step_8 Passed.
2026-01-18T23:27:49.0166696Z ✅ Scenario 'Add product from product details page' completed successfully!
2026-01-18T23:27:49.0166987Z 
2026-01-18T23:27:49.0167099Z ============================================================
2026-01-18T23:27:49.0167385Z 🎯 EXECUTION SUMMARY
2026-01-18T23:27:49.0167595Z ============================================================
2026-01-18T23:27:49.0167778Z 
2026-01-18T23:27:49.0167895Z 📋 Scenario Overview:
2026-01-18T23:27:49.0168130Z    • Total Scenarios Planned: 4
2026-01-18T23:27:49.0168390Z    • Scenarios Executed: 4
2026-01-18T23:27:49.0168642Z    • Total Steps Executed: 55
2026-01-18T23:27:49.0168784Z 
2026-01-18T23:27:49.0168874Z ✅ Results:
2026-01-18T23:27:49.0169067Z    ✅ Passed: 3 (75%)
2026-01-18T23:27:49.0169271Z    ❌ Failed: 1 (25%)
2026-01-18T23:27:49.0169387Z 
2026-01-18T23:27:49.0169731Z ⚠️  Failed Scenarios:
2026-01-18T23:27:49.0169992Z    • Contact Us Form Submission
2026-01-18T23:27:49.0170146Z 
2026-01-18T23:27:49.0170247Z ============================================================
2026-01-18T23:27:49.0170438Z 
2026-01-18T23:27:49.0170962Z 🏁 Execution Finished. Report: /home/runner/work/build_qa_automation/build_qa_automation/projects/ci_automationexercise_shop/execution.json
2026-01-18T23:27:49.1365851Z 
2026-01-18T23:27:49.1366542Z [PHASE] Running Phase: DISCOVERY
2026-01-18T23:27:49.1368046Z    Command: /opt/hostedtoolcache/Python/3.11.14/x64/bin/python /home/runner/work/build_qa_automation/build_qa_automation/core/agents/discovery.py --project /home/runner/work/build_qa_automation/build_qa_automation/projects/ci_automationexercise_shop --url https://www.automationexercise.com/ --deep
2026-01-18T23:27:49.1369857Z ✅ Phase 'discovery' completed successfully.
2026-01-18T23:27:49.1370069Z 
2026-01-18T23:27:49.1370176Z [PHASE] Running Phase: PLANNING
2026-01-18T23:27:49.1371499Z    Command: /opt/hostedtoolcache/Python/3.11.14/x64/bin/python /home/runner/work/build_qa_automation/build_qa_automation/core/agents/planner.py --project /home/runner/work/build_qa_automation/build_qa_automation/projects/ci_automationexercise_shop --goal Explore shopping features and cart --url https://www.automationexercise.com/ --deep
2026-01-18T23:27:49.1373229Z ✅ Phase 'planning' completed successfully.
2026-01-18T23:27:49.1373427Z 
2026-01-18T23:27:49.1373524Z [PHASE] Running Phase: EXPLORATION
2026-01-18T23:27:49.1374695Z    Command: /opt/hostedtoolcache/Python/3.11.14/x64/bin/python /home/runner/work/build_qa_automation/build_qa_automation/core/agents/deep_explorer.py --project /home/runner/work/build_qa_automation/build_qa_automation/projects/ci_automationexercise_shop
2026-01-18T23:27:49.1375795Z ✅ Phase 'exploration' completed successfully.
2026-01-18T23:27:49.1376173Z 📊 Exploration Discovery Success Rate: 87.3%
2026-01-18T23:27:49.1376364Z 
2026-01-18T23:27:49.1376455Z [PHASE] Running Phase: EXECUTION
2026-01-18T23:27:49.1377432Z    Command: /opt/hostedtoolcache/Python/3.11.14/x64/bin/python /home/runner/work/build_qa_automation/build_qa_automation/core/agents/executor.py --project /home/runner/work/build_qa_automation/build_qa_automation/projects/ci_automationexercise_shop
2026-01-18T23:27:49.1378495Z ✅ Phase 'execution' completed successfully.
2026-01-18T23:27:49.1378697Z 
2026-01-18T23:27:49.1378803Z [DONE] Pipeline Execution Finished! [DONE]
2026-01-18T23:27:49.2467324Z ##[group]Run RESULT_FILE="projects/ci_automationexercise_shop/execution.json"
2026-01-18T23:27:49.2467906Z [36;1mRESULT_FILE="projects/ci_automationexercise_shop/execution.json"[0m
2026-01-18T23:27:49.2468303Z [36;1mif [ -f "$RESULT_FILE" ]; then[0m
2026-01-18T23:27:49.2468650Z [36;1m  echo "✅ Results generated successfully: $RESULT_FILE"[0m
2026-01-18T23:27:49.2469113Z [36;1m  cat "$RESULT_FILE" | jq '.scenarios | length' || echo "Result file exists"[0m
2026-01-18T23:27:49.2469798Z [36;1melse[0m
2026-01-18T23:27:49.2470068Z [36;1m  echo "❌ No result file found at $RESULT_FILE"[0m
2026-01-18T23:27:49.2470363Z [36;1m  exit 1[0m
2026-01-18T23:27:49.2470580Z [36;1mfi[0m
2026-01-18T23:27:49.2502386Z shell: /usr/bin/bash -e {0}
2026-01-18T23:27:49.2502637Z env:
2026-01-18T23:27:49.2502900Z   pythonLocation: /opt/hostedtoolcache/Python/3.11.14/x64
2026-01-18T23:27:49.2503362Z   PKG_CONFIG_PATH: /opt/hostedtoolcache/Python/3.11.14/x64/lib/pkgconfig
2026-01-18T23:27:49.2503816Z   Python_ROOT_DIR: /opt/hostedtoolcache/Python/3.11.14/x64
2026-01-18T23:27:49.2504193Z   Python2_ROOT_DIR: /opt/hostedtoolcache/Python/3.11.14/x64
2026-01-18T23:27:49.2504573Z   Python3_ROOT_DIR: /opt/hostedtoolcache/Python/3.11.14/x64
2026-01-18T23:27:49.2504967Z   LD_LIBRARY_PATH: /opt/hostedtoolcache/Python/3.11.14/x64/lib
2026-01-18T23:27:49.2505286Z ##[endgroup]
2026-01-18T23:27:49.2558488Z ✅ Results generated successfully: projects/ci_automationexercise_shop/execution.json
2026-01-18T23:27:49.2585761Z 4
2026-01-18T23:27:49.2827533Z ##[group]Run actions/upload-artifact@v4
2026-01-18T23:27:49.2827810Z with:
2026-01-18T23:27:49.2828035Z   name: automationexercise_shop-execution-results
2026-01-18T23:27:49.2828568Z   path: projects/ci_automationexercise_shop/execution.json
projects/ci_automationexercise_shop/workflow.json

2026-01-18T23:27:49.2829062Z   retention-days: 30
2026-01-18T23:27:49.2829291Z   if-no-files-found: warn
2026-01-18T23:27:49.2829660Z   compression-level: 6
2026-01-18T23:27:49.2829853Z   overwrite: false
2026-01-18T23:27:49.2830049Z   include-hidden-files: false
2026-01-18T23:27:49.2830265Z env:
2026-01-18T23:27:49.2830501Z   pythonLocation: /opt/hostedtoolcache/Python/3.11.14/x64
2026-01-18T23:27:49.2830906Z   PKG_CONFIG_PATH: /opt/hostedtoolcache/Python/3.11.14/x64/lib/pkgconfig
2026-01-18T23:27:49.2831300Z   Python_ROOT_DIR: /opt/hostedtoolcache/Python/3.11.14/x64
2026-01-18T23:27:49.2831660Z   Python2_ROOT_DIR: /opt/hostedtoolcache/Python/3.11.14/x64
2026-01-18T23:27:49.2832045Z   Python3_ROOT_DIR: /opt/hostedtoolcache/Python/3.11.14/x64
2026-01-18T23:27:49.2832406Z   LD_LIBRARY_PATH: /opt/hostedtoolcache/Python/3.11.14/x64/lib
2026-01-18T23:27:49.2832710Z ##[endgroup]
2026-01-18T23:27:49.4975714Z Multiple search paths detected. Calculating the least common ancestor of all paths
2026-01-18T23:27:49.4980422Z The least common ancestor is /home/runner/work/build_qa_automation/build_qa_automation/projects/ci_automationexercise_shop. This will be the root directory of the artifact
2026-01-18T23:27:49.4982353Z With the provided path, there will be 2 files uploaded
2026-01-18T23:27:49.4987249Z Artifact name is valid!
2026-01-18T23:27:49.4988541Z Root directory input is valid!
2026-01-18T23:27:49.6101264Z Beginning upload of artifact content to blob storage
2026-01-18T23:27:49.7207471Z Uploaded bytes 3363
2026-01-18T23:27:49.7506028Z Finished uploading artifact content to blob storage!
2026-01-18T23:27:49.7509224Z SHA256 digest of uploaded artifact zip is d3d24976f0cff6c2c2e9f9e8bcfb6bb4faddfb5053809034428923735ebf8036
2026-01-18T23:27:49.7511915Z Finalizing artifact upload
2026-01-18T23:27:49.8360436Z Artifact automationexercise_shop-execution-results.zip successfully finalized. Artifact ID 5170961515
2026-01-18T23:27:49.8362134Z Artifact automationexercise_shop-execution-results has been successfully uploaded! Final size is 3363 bytes. Artifact ID is 5170961515
2026-01-18T23:27:49.8368007Z Artifact download URL: https://github.com/vishvasmca-cmd/build_qa_automation/actions/runs/21120211878/artifacts/5170961515
2026-01-18T23:27:49.8693461Z Post job cleanup.
2026-01-18T23:27:50.0381425Z Cache hit occurred on the primary key setup-python-Linux-x64-24.04-Ubuntu-python-3.11.14-pip-dde08d0e0b672972dcda9f1a063036a2e0c226f5d0a20362e9401931676d80a4, not saving cache.
2026-01-18T23:27:50.0878930Z Post job cleanup.
2026-01-18T23:27:50.1831902Z [command]/usr/bin/git version
2026-01-18T23:27:50.1881995Z git version 2.52.0
2026-01-18T23:27:50.1944534Z Temporarily overriding HOME='/home/runner/work/_temp/8157ad57-6525-4a77-860b-c8e0300f70ee' before making global git config changes
2026-01-18T23:27:50.1945905Z Adding repository directory to the temporary git global config as a safe directory
2026-01-18T23:27:50.1953398Z [command]/usr/bin/git config --global --add safe.directory /home/runner/work/build_qa_automation/build_qa_automation
2026-01-18T23:27:50.2003031Z [command]/usr/bin/git config --local --name-only --get-regexp core\.sshCommand
2026-01-18T23:27:50.2040782Z [command]/usr/bin/git submodule foreach --recursive sh -c "git config --local --name-only --get-regexp 'core\.sshCommand' && git config --local --unset-all 'core.sshCommand' || :"
2026-01-18T23:27:50.2297799Z [command]/usr/bin/git config --local --name-only --get-regexp http\.https\:\/\/github\.com\/\.extraheader
2026-01-18T23:27:50.2320856Z http.https://github.com/.extraheader
2026-01-18T23:27:50.2338420Z [command]/usr/bin/git config --local --unset-all http.https://github.com/.extraheader
2026-01-18T23:27:50.2373249Z [command]/usr/bin/git submodule foreach --recursive sh -c "git config --local --name-only --get-regexp 'http\.https\:\/\/github\.com\/\.extraheader' && git config --local --unset-all 'http.https://github.com/.extraheader' || :"
2026-01-18T23:27:50.2619304Z [command]/usr/bin/git config --local --name-only --get-regexp ^includeIf\.gitdir:
2026-01-18T23:27:50.2653858Z [command]/usr/bin/git submodule foreach --recursive git config --local --show-origin --name-only --get-regexp remote.origin.url
2026-01-18T23:27:50.3038098Z Cleaning up orphan processes
