2026-01-19T04:06:25.8156295Z Current runner version: '2.331.0'
2026-01-19T04:06:25.8180022Z ##[group]Runner Image Provisioner
2026-01-19T04:06:25.8181198Z Hosted Compute Agent
2026-01-19T04:06:25.8181748Z Version: 20251211.462
2026-01-19T04:06:25.8182362Z Commit: 6cbad8c2bb55d58165063d031ccabf57e2d2db61
2026-01-19T04:06:25.8183182Z Build Date: 2025-12-11T16:28:49Z
2026-01-19T04:06:25.8183796Z Worker ID: {34aa6d55-cb60-4d5a-9d05-6593cc63f21a}
2026-01-19T04:06:25.8184453Z ##[endgroup]
2026-01-19T04:06:25.8185022Z ##[group]Operating System
2026-01-19T04:06:25.8185563Z Ubuntu
2026-01-19T04:06:25.8186006Z 24.04.3
2026-01-19T04:06:25.8186524Z LTS
2026-01-19T04:06:25.8186981Z ##[endgroup]
2026-01-19T04:06:25.8187431Z ##[group]Runner Image
2026-01-19T04:06:25.8188029Z Image: ubuntu-24.04
2026-01-19T04:06:25.8188544Z Version: 20260111.209.1
2026-01-19T04:06:25.8189515Z Included Software: https://github.com/actions/runner-images/blob/ubuntu24/20260111.209/images/ubuntu/Ubuntu2404-Readme.md
2026-01-19T04:06:25.8191353Z Image Release: https://github.com/actions/runner-images/releases/tag/ubuntu24%2F20260111.209
2026-01-19T04:06:25.8192338Z ##[endgroup]
2026-01-19T04:06:25.8193472Z ##[group]GITHUB_TOKEN Permissions
2026-01-19T04:06:25.8195291Z Contents: read
2026-01-19T04:06:25.8195976Z Metadata: read
2026-01-19T04:06:25.8196446Z Packages: read
2026-01-19T04:06:25.8196949Z ##[endgroup]
2026-01-19T04:06:25.8199129Z Secret source: Actions
2026-01-19T04:06:25.8199811Z Prepare workflow directory
2026-01-19T04:06:25.9561170Z Prepare all required actions
2026-01-19T04:06:25.9598782Z Getting action download info
2026-01-19T04:06:26.2236842Z Download action repository 'actions/checkout@v4' (SHA:34e114876b0b11c390a56381ad16ebd13914f8d5)
2026-01-19T04:06:26.3377169Z Download action repository 'actions/setup-python@v5' (SHA:a26af69be951a213d495a4c3e4e4022e16d87065)
2026-01-19T04:06:26.4207946Z Download action repository 'actions/upload-artifact@v4' (SHA:ea165f8d65b6e75b540449e92b4886f43607fa02)
2026-01-19T04:06:26.7605216Z Complete job name: test-websites-deep (phptravels_demo, https://phptravels.com/demo/, Explore travel booking)
2026-01-19T04:06:26.9893677Z ##[group]Run actions/checkout@v4
2026-01-19T04:06:26.9894711Z with:
2026-01-19T04:06:26.9895201Z   repository: vishvasmca-cmd/build_qa_automation
2026-01-19T04:06:26.9896041Z   token: ***
2026-01-19T04:06:26.9896451Z   ssh-strict: true
2026-01-19T04:06:26.9896874Z   ssh-user: git
2026-01-19T04:06:26.9897297Z   persist-credentials: true
2026-01-19T04:06:26.9897765Z   clean: true
2026-01-19T04:06:26.9898189Z   sparse-checkout-cone-mode: true
2026-01-19T04:06:26.9898694Z   fetch-depth: 1
2026-01-19T04:06:26.9899114Z   fetch-tags: false
2026-01-19T04:06:26.9899541Z   show-progress: true
2026-01-19T04:06:26.9899969Z   lfs: false
2026-01-19T04:06:26.9900421Z   submodules: false
2026-01-19T04:06:26.9901086Z   set-safe-directory: true
2026-01-19T04:06:26.9901866Z ##[endgroup]
2026-01-19T04:06:27.0997669Z Syncing repository: vishvasmca-cmd/build_qa_automation
2026-01-19T04:06:27.0999840Z ##[group]Getting Git version info
2026-01-19T04:06:27.1001141Z Working directory is '/home/runner/work/build_qa_automation/build_qa_automation'
2026-01-19T04:06:27.1002642Z [command]/usr/bin/git version
2026-01-19T04:06:27.1084569Z git version 2.52.0
2026-01-19T04:06:27.1111677Z ##[endgroup]
2026-01-19T04:06:27.1127326Z Temporarily overriding HOME='/home/runner/work/_temp/bb8cca51-8b50-4955-892c-ef2143abddff' before making global git config changes
2026-01-19T04:06:27.1129107Z Adding repository directory to the temporary git global config as a safe directory
2026-01-19T04:06:27.1141580Z [command]/usr/bin/git config --global --add safe.directory /home/runner/work/build_qa_automation/build_qa_automation
2026-01-19T04:06:27.1181567Z Deleting the contents of '/home/runner/work/build_qa_automation/build_qa_automation'
2026-01-19T04:06:27.1185112Z ##[group]Initializing the repository
2026-01-19T04:06:27.1189392Z [command]/usr/bin/git init /home/runner/work/build_qa_automation/build_qa_automation
2026-01-19T04:06:27.1291788Z hint: Using 'master' as the name for the initial branch. This default branch name
2026-01-19T04:06:27.1293482Z hint: will change to "main" in Git 3.0. To configure the initial branch name
2026-01-19T04:06:27.1294469Z hint: to use in all of your new repositories, which will suppress this warning,
2026-01-19T04:06:27.1295572Z hint: call:
2026-01-19T04:06:27.1296237Z hint:
2026-01-19T04:06:27.1296857Z hint: 	git config --global init.defaultBranch <name>
2026-01-19T04:06:27.1297489Z hint:
2026-01-19T04:06:27.1298070Z hint: Names commonly chosen instead of 'master' are 'main', 'trunk' and
2026-01-19T04:06:27.1299042Z hint: 'development'. The just-created branch can be renamed via this command:
2026-01-19T04:06:27.1299805Z hint:
2026-01-19T04:06:27.1300263Z hint: 	git branch -m <name>
2026-01-19T04:06:27.1301049Z hint:
2026-01-19T04:06:27.1302213Z hint: Disable this message with "git config set advice.defaultBranchName false"
2026-01-19T04:06:27.1303472Z Initialized empty Git repository in /home/runner/work/build_qa_automation/build_qa_automation/.git/
2026-01-19T04:06:27.1307691Z [command]/usr/bin/git remote add origin https://github.com/vishvasmca-cmd/build_qa_automation
2026-01-19T04:06:27.1342794Z ##[endgroup]
2026-01-19T04:06:27.1343565Z ##[group]Disabling automatic garbage collection
2026-01-19T04:06:27.1347290Z [command]/usr/bin/git config --local gc.auto 0
2026-01-19T04:06:27.1378465Z ##[endgroup]
2026-01-19T04:06:27.1379211Z ##[group]Setting up auth
2026-01-19T04:06:27.1385834Z [command]/usr/bin/git config --local --name-only --get-regexp core\.sshCommand
2026-01-19T04:06:27.1416427Z [command]/usr/bin/git submodule foreach --recursive sh -c "git config --local --name-only --get-regexp 'core\.sshCommand' && git config --local --unset-all 'core.sshCommand' || :"
2026-01-19T04:06:27.1749199Z [command]/usr/bin/git config --local --name-only --get-regexp http\.https\:\/\/github\.com\/\.extraheader
2026-01-19T04:06:27.1783443Z [command]/usr/bin/git submodule foreach --recursive sh -c "git config --local --name-only --get-regexp 'http\.https\:\/\/github\.com\/\.extraheader' && git config --local --unset-all 'http.https://github.com/.extraheader' || :"
2026-01-19T04:06:27.2007324Z [command]/usr/bin/git config --local --name-only --get-regexp ^includeIf\.gitdir:
2026-01-19T04:06:27.2039755Z [command]/usr/bin/git submodule foreach --recursive git config --local --show-origin --name-only --get-regexp remote.origin.url
2026-01-19T04:06:27.2279746Z [command]/usr/bin/git config --local http.https://github.com/.extraheader AUTHORIZATION: basic ***
2026-01-19T04:06:27.2314938Z ##[endgroup]
2026-01-19T04:06:27.2315763Z ##[group]Fetching the repository
2026-01-19T04:06:27.2323619Z [command]/usr/bin/git -c protocol.version=2 fetch --no-tags --prune --no-recurse-submodules --depth=1 origin +2f305d435d899f67f11ae5adc61ad536fdd999e8:refs/remotes/origin/main
2026-01-19T04:06:28.2626945Z From https://github.com/vishvasmca-cmd/build_qa_automation
2026-01-19T04:06:28.2630323Z  * [new ref]         2f305d435d899f67f11ae5adc61ad536fdd999e8 -> origin/main
2026-01-19T04:06:28.2664802Z ##[endgroup]
2026-01-19T04:06:28.2666766Z ##[group]Determining the checkout info
2026-01-19T04:06:28.2669029Z ##[endgroup]
2026-01-19T04:06:28.2673111Z [command]/usr/bin/git sparse-checkout disable
2026-01-19T04:06:28.2722217Z [command]/usr/bin/git config --local --unset-all extensions.worktreeConfig
2026-01-19T04:06:28.2753529Z ##[group]Checking out the ref
2026-01-19T04:06:28.2758159Z [command]/usr/bin/git checkout --progress --force -B main refs/remotes/origin/main
2026-01-19T04:06:28.4195513Z Switched to a new branch 'main'
2026-01-19T04:06:28.4198676Z branch 'main' set up to track 'origin/main'.
2026-01-19T04:06:28.4220794Z ##[endgroup]
2026-01-19T04:06:28.4266208Z [command]/usr/bin/git log -1 --format=%H
2026-01-19T04:06:28.4291196Z 2f305d435d899f67f11ae5adc61ad536fdd999e8
2026-01-19T04:06:28.5985291Z ##[group]Run actions/setup-python@v5
2026-01-19T04:06:28.5986479Z with:
2026-01-19T04:06:28.5987259Z   python-version: 3.11
2026-01-19T04:06:28.5988151Z   cache: pip
2026-01-19T04:06:28.5989271Z   check-latest: false
2026-01-19T04:06:28.5990555Z   token: ***
2026-01-19T04:06:28.5991542Z   update-environment: true
2026-01-19T04:06:28.5992549Z   allow-prereleases: false
2026-01-19T04:06:28.5993522Z   freethreaded: false
2026-01-19T04:06:28.5994389Z ##[endgroup]
2026-01-19T04:06:28.7715049Z ##[group]Installed versions
2026-01-19T04:06:28.7818128Z Successfully set up CPython (3.11.14)
2026-01-19T04:06:28.7819126Z ##[endgroup]
2026-01-19T04:06:28.8889742Z [command]/opt/hostedtoolcache/Python/3.11.14/x64/bin/pip cache dir
2026-01-19T04:06:29.1805541Z /home/runner/.cache/pip
2026-01-19T04:06:29.3248695Z Cache hit for: setup-python-Linux-x64-24.04-Ubuntu-python-3.11.14-pip-dde08d0e0b672972dcda9f1a063036a2e0c226f5d0a20362e9401931676d80a4
2026-01-19T04:06:30.4364184Z Received 130023424 of 254742636 (51.0%), 123.9 MBs/sec
2026-01-19T04:06:31.2084330Z Received 254742636 of 254742636 (100.0%), 137.0 MBs/sec
2026-01-19T04:06:31.2085286Z Cache Size: ~243 MB (254742636 B)
2026-01-19T04:06:31.2128366Z [command]/usr/bin/tar -xf /home/runner/work/_temp/97b9efea-b471-4610-a0fe-21bb7b93d098/cache.tzst -P -C /home/runner/work/build_qa_automation/build_qa_automation --use-compress-program unzstd
2026-01-19T04:06:31.6116628Z Cache restored successfully
2026-01-19T04:06:31.6618162Z Cache restored from key: setup-python-Linux-x64-24.04-Ubuntu-python-3.11.14-pip-dde08d0e0b672972dcda9f1a063036a2e0c226f5d0a20362e9401931676d80a4
2026-01-19T04:06:31.6901012Z ##[group]Run pip install -r requirements.txt
2026-01-19T04:06:31.6901729Z [36;1mpip install -r requirements.txt[0m
2026-01-19T04:06:31.6902139Z [36;1mplaywright install chromium[0m
2026-01-19T04:06:31.6942522Z shell: /usr/bin/bash -e {0}
2026-01-19T04:06:31.6942898Z env:
2026-01-19T04:06:31.6943377Z   pythonLocation: /opt/hostedtoolcache/Python/3.11.14/x64
2026-01-19T04:06:31.6943926Z   PKG_CONFIG_PATH: /opt/hostedtoolcache/Python/3.11.14/x64/lib/pkgconfig
2026-01-19T04:06:31.6944462Z   Python_ROOT_DIR: /opt/hostedtoolcache/Python/3.11.14/x64
2026-01-19T04:06:31.6945094Z   Python2_ROOT_DIR: /opt/hostedtoolcache/Python/3.11.14/x64
2026-01-19T04:06:31.6945587Z   Python3_ROOT_DIR: /opt/hostedtoolcache/Python/3.11.14/x64
2026-01-19T04:06:31.6946055Z   LD_LIBRARY_PATH: /opt/hostedtoolcache/Python/3.11.14/x64/lib
2026-01-19T04:06:31.6946530Z ##[endgroup]
2026-01-19T04:06:32.4451410Z Collecting playwright (from -r requirements.txt (line 1))
2026-01-19T04:06:32.4468142Z   Using cached playwright-1.57.0-py3-none-manylinux1_x86_64.whl.metadata (3.5 kB)
2026-01-19T04:06:32.4622812Z Collecting python-dotenv (from -r requirements.txt (line 2))
2026-01-19T04:06:32.4636766Z   Using cached python_dotenv-1.2.1-py3-none-any.whl.metadata (25 kB)
2026-01-19T04:06:32.4898087Z Collecting requests (from -r requirements.txt (line 3))
2026-01-19T04:06:32.4912098Z   Using cached requests-2.32.5-py3-none-any.whl.metadata (4.9 kB)
2026-01-19T04:06:32.6625403Z Collecting pillow (from -r requirements.txt (line 4))
2026-01-19T04:06:32.6642359Z   Using cached pillow-12.1.0-cp311-cp311-manylinux_2_27_x86_64.manylinux_2_28_x86_64.whl.metadata (8.8 kB)
2026-01-19T04:06:32.6950069Z Collecting google-genai>=0.3.0 (from -r requirements.txt (line 5))
2026-01-19T04:06:32.6963959Z   Using cached google_genai-1.59.0-py3-none-any.whl.metadata (53 kB)
2026-01-19T04:06:32.7105690Z Collecting termcolor (from -r requirements.txt (line 6))
2026-01-19T04:06:32.7118711Z   Using cached termcolor-3.3.0-py3-none-any.whl.metadata (6.5 kB)
2026-01-19T04:06:32.7467386Z Collecting PyYAML (from -r requirements.txt (line 7))
2026-01-19T04:06:32.7482218Z   Using cached pyyaml-6.0.3-cp311-cp311-manylinux2014_x86_64.manylinux_2_17_x86_64.manylinux_2_28_x86_64.whl.metadata (2.4 kB)
2026-01-19T04:06:32.8046700Z Collecting opencv-python-headless (from -r requirements.txt (line 8))
2026-01-19T04:06:32.8063178Z   Using cached opencv_python_headless-4.13.0.90-cp37-abi3-manylinux_2_28_x86_64.whl.metadata (19 kB)
2026-01-19T04:06:33.0036928Z Collecting numpy (from -r requirements.txt (line 9))
2026-01-19T04:06:33.0053115Z   Using cached numpy-2.4.1-cp311-cp311-manylinux_2_27_x86_64.manylinux_2_28_x86_64.whl.metadata (6.6 kB)
2026-01-19T04:06:33.0845757Z Collecting faker (from -r requirements.txt (line 10))
2026-01-19T04:06:33.0861571Z   Using cached faker-40.1.2-py3-none-any.whl.metadata (16 kB)
2026-01-19T04:06:33.1012501Z Collecting pyee<14,>=13 (from playwright->-r requirements.txt (line 1))
2026-01-19T04:06:33.1026215Z   Using cached pyee-13.0.0-py3-none-any.whl.metadata (2.9 kB)
2026-01-19T04:06:33.2187901Z Collecting greenlet<4.0.0,>=3.1.1 (from playwright->-r requirements.txt (line 1))
2026-01-19T04:06:33.2203055Z   Using cached greenlet-3.3.0-cp311-cp311-manylinux_2_24_x86_64.manylinux_2_28_x86_64.whl.metadata (4.1 kB)
2026-01-19T04:06:33.2400296Z Collecting typing-extensions (from pyee<14,>=13->playwright->-r requirements.txt (line 1))
2026-01-19T04:06:33.2414198Z   Using cached typing_extensions-4.15.0-py3-none-any.whl.metadata (3.3 kB)
2026-01-19T04:06:33.3211225Z Collecting charset_normalizer<4,>=2 (from requests->-r requirements.txt (line 3))
2026-01-19T04:06:33.3227565Z   Using cached charset_normalizer-3.4.4-cp311-cp311-manylinux2014_x86_64.manylinux_2_17_x86_64.manylinux_2_28_x86_64.whl.metadata (37 kB)
2026-01-19T04:06:33.3377733Z Collecting idna<4,>=2.5 (from requests->-r requirements.txt (line 3))
2026-01-19T04:06:33.3391583Z   Using cached idna-3.11-py3-none-any.whl.metadata (8.4 kB)
2026-01-19T04:06:33.3653390Z Collecting urllib3<3,>=1.21.1 (from requests->-r requirements.txt (line 3))
2026-01-19T04:06:33.3672613Z   Using cached urllib3-2.6.3-py3-none-any.whl.metadata (6.9 kB)
2026-01-19T04:06:33.3869836Z Collecting certifi>=2017.4.17 (from requests->-r requirements.txt (line 3))
2026-01-19T04:06:33.3883640Z   Using cached certifi-2026.1.4-py3-none-any.whl.metadata (2.5 kB)
2026-01-19T04:06:33.4070413Z Collecting anyio<5.0.0,>=4.8.0 (from google-genai>=0.3.0->-r requirements.txt (line 5))
2026-01-19T04:06:33.4084350Z   Using cached anyio-4.12.1-py3-none-any.whl.metadata (4.3 kB)
2026-01-19T04:06:33.4419432Z Collecting google-auth<3.0.0,>=2.47.0 (from google-auth[requests]<3.0.0,>=2.47.0->google-genai>=0.3.0->-r requirements.txt (line 5))
2026-01-19T04:06:33.4434158Z   Using cached google_auth-2.47.0-py3-none-any.whl.metadata (6.4 kB)
2026-01-19T04:06:33.4672527Z Collecting httpx<1.0.0,>=0.28.1 (from google-genai>=0.3.0->-r requirements.txt (line 5))
2026-01-19T04:06:33.4686067Z   Using cached httpx-0.28.1-py3-none-any.whl.metadata (7.1 kB)
2026-01-19T04:06:33.6142957Z Collecting pydantic<3.0.0,>=2.9.0 (from google-genai>=0.3.0->-r requirements.txt (line 5))
2026-01-19T04:06:33.6158716Z   Using cached pydantic-2.12.5-py3-none-any.whl.metadata (90 kB)
2026-01-19T04:06:33.6428611Z Collecting tenacity<9.2.0,>=8.2.3 (from google-genai>=0.3.0->-r requirements.txt (line 5))
2026-01-19T04:06:33.6443054Z   Using cached tenacity-9.1.2-py3-none-any.whl.metadata (1.2 kB)
2026-01-19T04:06:33.7278469Z Collecting websockets<15.1.0,>=13.0.0 (from google-genai>=0.3.0->-r requirements.txt (line 5))
2026-01-19T04:06:33.7294720Z   Using cached websockets-15.0.1-cp311-cp311-manylinux_2_5_x86_64.manylinux1_x86_64.manylinux_2_17_x86_64.manylinux2014_x86_64.whl.metadata (6.8 kB)
2026-01-19T04:06:33.7466206Z Collecting distro<2,>=1.7.0 (from google-genai>=0.3.0->-r requirements.txt (line 5))
2026-01-19T04:06:33.7479450Z   Using cached distro-1.9.0-py3-none-any.whl.metadata (6.8 kB)
2026-01-19T04:06:33.7564328Z Collecting sniffio (from google-genai>=0.3.0->-r requirements.txt (line 5))
2026-01-19T04:06:33.7577650Z   Using cached sniffio-1.3.1-py3-none-any.whl.metadata (3.9 kB)
2026-01-19T04:06:33.7834032Z Collecting pyasn1-modules>=0.2.1 (from google-auth<3.0.0,>=2.47.0->google-auth[requests]<3.0.0,>=2.47.0->google-genai>=0.3.0->-r requirements.txt (line 5))
2026-01-19T04:06:33.7848186Z   Using cached pyasn1_modules-0.4.2-py3-none-any.whl.metadata (3.5 kB)
2026-01-19T04:06:33.7980131Z Collecting rsa<5,>=3.1.4 (from google-auth<3.0.0,>=2.47.0->google-auth[requests]<3.0.0,>=2.47.0->google-genai>=0.3.0->-r requirements.txt (line 5))
2026-01-19T04:06:33.7993589Z   Using cached rsa-4.9.1-py3-none-any.whl.metadata (5.6 kB)
2026-01-19T04:06:33.8253325Z Collecting httpcore==1.* (from httpx<1.0.0,>=0.28.1->google-genai>=0.3.0->-r requirements.txt (line 5))
2026-01-19T04:06:33.8267360Z   Using cached httpcore-1.0.9-py3-none-any.whl.metadata (21 kB)
2026-01-19T04:06:33.8388028Z Collecting h11>=0.16 (from httpcore==1.*->httpx<1.0.0,>=0.28.1->google-genai>=0.3.0->-r requirements.txt (line 5))
2026-01-19T04:06:33.8402675Z   Using cached h11-0.16.0-py3-none-any.whl.metadata (8.3 kB)
2026-01-19T04:06:33.8498793Z Collecting annotated-types>=0.6.0 (from pydantic<3.0.0,>=2.9.0->google-genai>=0.3.0->-r requirements.txt (line 5))
2026-01-19T04:06:33.8512426Z   Using cached annotated_types-0.7.0-py3-none-any.whl.metadata (15 kB)
2026-01-19T04:06:34.5271906Z Collecting pydantic-core==2.41.5 (from pydantic<3.0.0,>=2.9.0->google-genai>=0.3.0->-r requirements.txt (line 5))
2026-01-19T04:06:34.5287497Z   Using cached pydantic_core-2.41.5-cp311-cp311-manylinux_2_17_x86_64.manylinux2014_x86_64.whl.metadata (7.3 kB)
2026-01-19T04:06:34.5422288Z Collecting typing-inspection>=0.4.2 (from pydantic<3.0.0,>=2.9.0->google-genai>=0.3.0->-r requirements.txt (line 5))
2026-01-19T04:06:34.5435741Z   Using cached typing_inspection-0.4.2-py3-none-any.whl.metadata (2.6 kB)
2026-01-19T04:06:34.6182737Z Collecting pyasn1>=0.1.3 (from rsa<5,>=3.1.4->google-auth<3.0.0,>=2.47.0->google-auth[requests]<3.0.0,>=2.47.0->google-genai>=0.3.0->-r requirements.txt (line 5))
2026-01-19T04:06:34.6198966Z   Using cached pyasn1-0.6.2-py3-none-any.whl.metadata (8.4 kB)
2026-01-19T04:06:34.6484795Z Using cached playwright-1.57.0-py3-none-manylinux1_x86_64.whl (46.0 MB)
2026-01-19T04:06:34.6832847Z Using cached greenlet-3.3.0-cp311-cp311-manylinux_2_24_x86_64.manylinux_2_28_x86_64.whl (590 kB)
2026-01-19T04:06:34.6849685Z Using cached pyee-13.0.0-py3-none-any.whl (15 kB)
2026-01-19T04:06:34.6863712Z Using cached python_dotenv-1.2.1-py3-none-any.whl (21 kB)
2026-01-19T04:06:34.6877101Z Using cached requests-2.32.5-py3-none-any.whl (64 kB)
2026-01-19T04:06:34.6891571Z Using cached charset_normalizer-3.4.4-cp311-cp311-manylinux2014_x86_64.manylinux_2_17_x86_64.manylinux_2_28_x86_64.whl (151 kB)
2026-01-19T04:06:34.6905643Z Using cached idna-3.11-py3-none-any.whl (71 kB)
2026-01-19T04:06:34.6919011Z Using cached urllib3-2.6.3-py3-none-any.whl (131 kB)
2026-01-19T04:06:34.6933514Z Using cached pillow-12.1.0-cp311-cp311-manylinux_2_27_x86_64.manylinux_2_28_x86_64.whl (7.0 MB)
2026-01-19T04:06:34.6996507Z Using cached google_genai-1.59.0-py3-none-any.whl (719 kB)
2026-01-19T04:06:34.7014592Z Using cached anyio-4.12.1-py3-none-any.whl (113 kB)
2026-01-19T04:06:34.7028676Z Using cached distro-1.9.0-py3-none-any.whl (20 kB)
2026-01-19T04:06:34.7042265Z Using cached google_auth-2.47.0-py3-none-any.whl (234 kB)
2026-01-19T04:06:34.7056867Z Using cached httpx-0.28.1-py3-none-any.whl (73 kB)
2026-01-19T04:06:34.7070376Z Using cached httpcore-1.0.9-py3-none-any.whl (78 kB)
2026-01-19T04:06:34.7084646Z Using cached pydantic-2.12.5-py3-none-any.whl (463 kB)
2026-01-19T04:06:34.7101427Z Using cached pydantic_core-2.41.5-cp311-cp311-manylinux_2_17_x86_64.manylinux2014_x86_64.whl (2.1 MB)
2026-01-19T04:06:34.7128879Z Using cached rsa-4.9.1-py3-none-any.whl (34 kB)
2026-01-19T04:06:34.7142210Z Using cached tenacity-9.1.2-py3-none-any.whl (28 kB)
2026-01-19T04:06:34.7155571Z Using cached typing_extensions-4.15.0-py3-none-any.whl (44 kB)
2026-01-19T04:06:34.7169874Z Using cached websockets-15.0.1-cp311-cp311-manylinux_2_5_x86_64.manylinux1_x86_64.manylinux_2_17_x86_64.manylinux2014_x86_64.whl (182 kB)
2026-01-19T04:06:34.7184129Z Using cached termcolor-3.3.0-py3-none-any.whl (7.7 kB)
2026-01-19T04:06:34.7197857Z Using cached pyyaml-6.0.3-cp311-cp311-manylinux2014_x86_64.manylinux_2_17_x86_64.manylinux_2_28_x86_64.whl (806 kB)
2026-01-19T04:06:34.7217572Z Using cached opencv_python_headless-4.13.0.90-cp37-abi3-manylinux_2_28_x86_64.whl (62.5 MB)
2026-01-19T04:06:34.7672072Z Using cached numpy-2.4.1-cp311-cp311-manylinux_2_27_x86_64.manylinux_2_28_x86_64.whl (16.7 MB)
2026-01-19T04:06:34.7805048Z Using cached faker-40.1.2-py3-none-any.whl (2.0 MB)
2026-01-19T04:06:34.7832636Z Using cached annotated_types-0.7.0-py3-none-any.whl (13 kB)
2026-01-19T04:06:34.7845810Z Using cached certifi-2026.1.4-py3-none-any.whl (152 kB)
2026-01-19T04:06:34.7860242Z Using cached h11-0.16.0-py3-none-any.whl (37 kB)
2026-01-19T04:06:34.7873537Z Using cached pyasn1-0.6.2-py3-none-any.whl (83 kB)
2026-01-19T04:06:34.7887020Z Using cached pyasn1_modules-0.4.2-py3-none-any.whl (181 kB)
2026-01-19T04:06:34.7901680Z Using cached typing_inspection-0.4.2-py3-none-any.whl (14 kB)
2026-01-19T04:06:34.7915101Z Using cached sniffio-1.3.1-py3-none-any.whl (10 kB)
2026-01-19T04:06:34.9956207Z Installing collected packages: websockets, urllib3, typing-extensions, termcolor, tenacity, sniffio, PyYAML, python-dotenv, pyasn1, pillow, numpy, idna, h11, greenlet, faker, distro, charset_normalizer, certifi, annotated-types, typing-inspection, rsa, requests, pyee, pydantic-core, pyasn1-modules, opencv-python-headless, httpcore, anyio, pydantic, playwright, httpx, google-auth, google-genai
2026-01-19T04:06:42.1680312Z 
2026-01-19T04:06:42.1704817Z Successfully installed PyYAML-6.0.3 annotated-types-0.7.0 anyio-4.12.1 certifi-2026.1.4 charset_normalizer-3.4.4 distro-1.9.0 faker-40.1.2 google-auth-2.47.0 google-genai-1.59.0 greenlet-3.3.0 h11-0.16.0 httpcore-1.0.9 httpx-0.28.1 idna-3.11 numpy-2.4.1 opencv-python-headless-4.13.0.90 pillow-12.1.0 playwright-1.57.0 pyasn1-0.6.2 pyasn1-modules-0.4.2 pydantic-2.12.5 pydantic-core-2.41.5 pyee-13.0.0 python-dotenv-1.2.1 requests-2.32.5 rsa-4.9.1 sniffio-1.3.1 tenacity-9.1.2 termcolor-3.3.0 typing-extensions-4.15.0 typing-inspection-0.4.2 urllib3-2.6.3 websockets-15.0.1
2026-01-19T04:06:42.9120363Z Downloading Chromium 143.0.7499.4 (playwright build v1200) from https://cdn.playwright.dev/dbazure/download/playwright/builds/chromium/1200/chromium-linux.zip
2026-01-19T04:06:43.0120440Z (node:2190) [DEP0169] DeprecationWarning: `url.parse()` behavior is not standardized and prone to errors that have security implications. Use the WHATWG URL API instead. CVEs are not issued for `url.parse()` vulnerabilities.
2026-01-19T04:06:43.0122281Z (Use `node --trace-deprecation ...` to show where the warning was created)
2026-01-19T04:06:43.0992106Z |                                                                                |   0% of 164.7 MiB
2026-01-19T04:06:43.2549375Z |■■■■■■■■                                                                        |  10% of 164.7 MiB
2026-01-19T04:06:43.3356766Z |■■■■■■■■■■■■■■■■                                                                |  20% of 164.7 MiB
2026-01-19T04:06:43.4247466Z |■■■■■■■■■■■■■■■■■■■■■■■■                                                        |  30% of 164.7 MiB
2026-01-19T04:06:43.4943431Z |■■■■■■■■■■■■■■■■■■■■■■■■■■■■■■■■                                                |  40% of 164.7 MiB
2026-01-19T04:06:43.5610340Z |■■■■■■■■■■■■■■■■■■■■■■■■■■■■■■■■■■■■■■■■                                        |  50% of 164.7 MiB
2026-01-19T04:06:43.6289849Z |■■■■■■■■■■■■■■■■■■■■■■■■■■■■■■■■■■■■■■■■■■■■■■■■                                |  60% of 164.7 MiB
2026-01-19T04:06:43.6976151Z |■■■■■■■■■■■■■■■■■■■■■■■■■■■■■■■■■■■■■■■■■■■■■■■■■■■■■■■■                        |  70% of 164.7 MiB
2026-01-19T04:06:43.7687586Z |■■■■■■■■■■■■■■■■■■■■■■■■■■■■■■■■■■■■■■■■■■■■■■■■■■■■■■■■■■■■■■■■                |  80% of 164.7 MiB
2026-01-19T04:06:43.8383191Z |■■■■■■■■■■■■■■■■■■■■■■■■■■■■■■■■■■■■■■■■■■■■■■■■■■■■■■■■■■■■■■■■■■■■■■■■        |  90% of 164.7 MiB
2026-01-19T04:06:43.9073167Z |■■■■■■■■■■■■■■■■■■■■■■■■■■■■■■■■■■■■■■■■■■■■■■■■■■■■■■■■■■■■■■■■■■■■■■■■■■■■■■■■| 100% of 164.7 MiB
2026-01-19T04:06:46.4263974Z Chromium 143.0.7499.4 (playwright build v1200) downloaded to /home/runner/.cache/ms-playwright/chromium-1200
2026-01-19T04:06:46.4269290Z Downloading FFMPEG playwright build v1011 from https://cdn.playwright.dev/dbazure/download/playwright/builds/ffmpeg/1011/ffmpeg-linux.zip
2026-01-19T04:06:46.5295214Z (node:2201) [DEP0169] DeprecationWarning: `url.parse()` behavior is not standardized and prone to errors that have security implications. Use the WHATWG URL API instead. CVEs are not issued for `url.parse()` vulnerabilities.
2026-01-19T04:06:46.5297594Z (Use `node --trace-deprecation ...` to show where the warning was created)
2026-01-19T04:06:46.6928863Z |                                                                                |   0% of 2.3 MiB
2026-01-19T04:06:46.8037718Z |■■■■■■■■                                                                        |  10% of 2.3 MiB
2026-01-19T04:06:46.8470380Z |■■■■■■■■■■■■■■■■                                                                |  20% of 2.3 MiB
2026-01-19T04:06:46.8756026Z |■■■■■■■■■■■■■■■■■■■■■■■■                                                        |  30% of 2.3 MiB
2026-01-19T04:06:46.8878008Z |■■■■■■■■■■■■■■■■■■■■■■■■■■■■■■■■                                                |  40% of 2.3 MiB
2026-01-19T04:06:46.8984646Z |■■■■■■■■■■■■■■■■■■■■■■■■■■■■■■■■■■■■■■■■                                        |  50% of 2.3 MiB
2026-01-19T04:06:46.9189040Z |■■■■■■■■■■■■■■■■■■■■■■■■■■■■■■■■■■■■■■■■■■■■■■■■                                |  60% of 2.3 MiB
2026-01-19T04:06:46.9252008Z |■■■■■■■■■■■■■■■■■■■■■■■■■■■■■■■■■■■■■■■■■■■■■■■■■■■■■■■■                        |  70% of 2.3 MiB
2026-01-19T04:06:46.9316687Z |■■■■■■■■■■■■■■■■■■■■■■■■■■■■■■■■■■■■■■■■■■■■■■■■■■■■■■■■■■■■■■■■                |  80% of 2.3 MiB
2026-01-19T04:06:46.9382348Z |■■■■■■■■■■■■■■■■■■■■■■■■■■■■■■■■■■■■■■■■■■■■■■■■■■■■■■■■■■■■■■■■■■■■■■■■        |  90% of 2.3 MiB
2026-01-19T04:06:46.9423573Z |■■■■■■■■■■■■■■■■■■■■■■■■■■■■■■■■■■■■■■■■■■■■■■■■■■■■■■■■■■■■■■■■■■■■■■■■■■■■■■■■| 100% of 2.3 MiB
2026-01-19T04:06:47.0020544Z FFMPEG playwright build v1011 downloaded to /home/runner/.cache/ms-playwright/ffmpeg-1011
2026-01-19T04:06:47.0024754Z Downloading Chromium Headless Shell 143.0.7499.4 (playwright build v1200) from https://cdn.playwright.dev/dbazure/download/playwright/builds/chromium/1200/chromium-headless-shell-linux.zip
2026-01-19T04:06:47.1022139Z (node:2212) [DEP0169] DeprecationWarning: `url.parse()` behavior is not standardized and prone to errors that have security implications. Use the WHATWG URL API instead. CVEs are not issued for `url.parse()` vulnerabilities.
2026-01-19T04:06:47.1023392Z (Use `node --trace-deprecation ...` to show where the warning was created)
2026-01-19T04:06:47.1889532Z |                                                                                |   0% of 109.7 MiB
2026-01-19T04:06:47.3077938Z |■■■■■■■■                                                                        |  10% of 109.7 MiB
2026-01-19T04:06:47.3860508Z |■■■■■■■■■■■■■■■■                                                                |  20% of 109.7 MiB
2026-01-19T04:06:47.4804248Z |■■■■■■■■■■■■■■■■■■■■■■■■                                                        |  30% of 109.7 MiB
2026-01-19T04:06:47.5719013Z |■■■■■■■■■■■■■■■■■■■■■■■■■■■■■■■■                                                |  40% of 109.7 MiB
2026-01-19T04:06:47.6582623Z |■■■■■■■■■■■■■■■■■■■■■■■■■■■■■■■■■■■■■■■■                                        |  50% of 109.7 MiB
2026-01-19T04:06:47.7469147Z |■■■■■■■■■■■■■■■■■■■■■■■■■■■■■■■■■■■■■■■■■■■■■■■■                                |  60% of 109.7 MiB
2026-01-19T04:06:47.8480781Z |■■■■■■■■■■■■■■■■■■■■■■■■■■■■■■■■■■■■■■■■■■■■■■■■■■■■■■■■                        |  70% of 109.7 MiB
2026-01-19T04:06:47.9337002Z |■■■■■■■■■■■■■■■■■■■■■■■■■■■■■■■■■■■■■■■■■■■■■■■■■■■■■■■■■■■■■■■■                |  80% of 109.7 MiB
2026-01-19T04:06:48.0115070Z |■■■■■■■■■■■■■■■■■■■■■■■■■■■■■■■■■■■■■■■■■■■■■■■■■■■■■■■■■■■■■■■■■■■■■■■■        |  90% of 109.7 MiB
2026-01-19T04:06:48.0873287Z |■■■■■■■■■■■■■■■■■■■■■■■■■■■■■■■■■■■■■■■■■■■■■■■■■■■■■■■■■■■■■■■■■■■■■■■■■■■■■■■■| 100% of 109.7 MiB
2026-01-19T04:06:49.9835456Z Chromium Headless Shell 143.0.7499.4 (playwright build v1200) downloaded to /home/runner/.cache/ms-playwright/chromium_headless_shell-1200
2026-01-19T04:06:50.0160513Z ##[group]Run mkdir -p projects/ci_phptravels_demo
2026-01-19T04:06:50.0161210Z [36;1mmkdir -p projects/ci_phptravels_demo[0m
2026-01-19T04:06:50.0161629Z [36;1mcat > projects/ci_phptravels_demo/config.json << 'EOF'[0m
2026-01-19T04:06:50.0161959Z [36;1m{[0m
2026-01-19T04:06:50.0162195Z [36;1m  "project_name": "ci_phptravels_demo",[0m
2026-01-19T04:06:50.0162562Z [36;1m  "target_url": "https://phptravels.com/demo/",[0m
2026-01-19T04:06:50.0162911Z [36;1m  "goal": "Explore travel booking",[0m
2026-01-19T04:06:50.0163197Z [36;1m  "headless": true[0m
2026-01-19T04:06:50.0163414Z [36;1m}[0m
2026-01-19T04:06:50.0163586Z [36;1mEOF[0m
2026-01-19T04:06:50.0197721Z shell: /usr/bin/bash -e {0}
2026-01-19T04:06:50.0197972Z env:
2026-01-19T04:06:50.0198242Z   pythonLocation: /opt/hostedtoolcache/Python/3.11.14/x64
2026-01-19T04:06:50.0198678Z   PKG_CONFIG_PATH: /opt/hostedtoolcache/Python/3.11.14/x64/lib/pkgconfig
2026-01-19T04:06:50.0199165Z   Python_ROOT_DIR: /opt/hostedtoolcache/Python/3.11.14/x64
2026-01-19T04:06:50.0199657Z   Python2_ROOT_DIR: /opt/hostedtoolcache/Python/3.11.14/x64
2026-01-19T04:06:50.0200253Z   Python3_ROOT_DIR: /opt/hostedtoolcache/Python/3.11.14/x64
2026-01-19T04:06:50.0200640Z   LD_LIBRARY_PATH: /opt/hostedtoolcache/Python/3.11.14/x64/lib
2026-01-19T04:06:50.0201281Z ##[endgroup]
2026-01-19T04:06:50.0370656Z ##[group]Run # Use --deep for comprehensive regression suite
2026-01-19T04:06:50.0371418Z [36;1m# Use --deep for comprehensive regression suite[0m
2026-01-19T04:06:50.0371892Z [36;1mpython orchestrator.py --project projects/ci_phptravels_demo --deep --force[0m
2026-01-19T04:06:50.0403602Z shell: /usr/bin/bash -e {0}
2026-01-19T04:06:50.0403851Z env:
2026-01-19T04:06:50.0404119Z   pythonLocation: /opt/hostedtoolcache/Python/3.11.14/x64
2026-01-19T04:06:50.0404553Z   PKG_CONFIG_PATH: /opt/hostedtoolcache/Python/3.11.14/x64/lib/pkgconfig
2026-01-19T04:06:50.0404969Z   Python_ROOT_DIR: /opt/hostedtoolcache/Python/3.11.14/x64
2026-01-19T04:06:50.0405359Z   Python2_ROOT_DIR: /opt/hostedtoolcache/Python/3.11.14/x64
2026-01-19T04:06:50.0405735Z   Python3_ROOT_DIR: /opt/hostedtoolcache/Python/3.11.14/x64
2026-01-19T04:06:50.0406302Z   LD_LIBRARY_PATH: /opt/hostedtoolcache/Python/3.11.14/x64/lib
2026-01-19T04:06:50.0407013Z   GOOGLE_API_KEY: ***
2026-01-19T04:06:50.0407272Z   PYTHONPATH: .
2026-01-19T04:06:50.0407461Z ##[endgroup]
2026-01-19T04:06:51.8256783Z 🚀 [DEEP] Extensive mapping enabled (Depth: 3, Pages: 50)
2026-01-19T04:06:51.8257292Z 
2026-01-19T04:06:51.8257939Z 🗺️ [DISCOVERY] Starting Parallel Semantic Crawl on https://phptravels.com/demo/ (Workers: 3)
2026-01-19T04:06:52.2591646Z   🔍 [Worker 0] Visiting (0): https://phptravels.com/demo/
2026-01-19T04:06:53.3494626Z [DEBUG] Sending request to gemini-2.0-flash. Number of parts: 1
2026-01-19T04:06:53.3495092Z [DEBUG] Received response (Length: 266)
2026-01-19T04:06:53.3497912Z ✅ Discovery Complete. Mapped 1 pages.
2026-01-19T04:07:05.8127602Z 
2026-01-19T04:07:05.8128323Z [PLAN] PLANNER: Planning goal -> 'Explore travel booking' (Deep Mode: True)
2026-01-19T04:07:05.8129158Z 🗺️ [PLAN] Loaded Sitemap with 1 pages.
2026-01-19T04:07:05.8130374Z 🎭 [EXPERT] Detected Domain: GENERAL. Persona: Act as Senior SDET focusing on exploring the application to understand functional flow and identifying critical paths for end-to-end automation
2026-01-19T04:07:05.8131772Z [DEBUG] Sending request to gemini-2.0-flash. Number of parts: 1
2026-01-19T04:07:05.8132151Z [DEBUG] Received response (Length: 5420)
2026-01-19T04:07:05.8132531Z ✅ Planner generated 3 scenarios. Workflow updated.
2026-01-19T04:07:06.9119041Z 
2026-01-19T04:07:06.9120135Z 🕵️ [DEEP EXPLORER] Starting Multi-Scenario Exploration
2026-01-19T04:07:06.9121169Z 📋 Found 3 scenarios to explore.
2026-01-19T04:07:07.2859552Z 
2026-01-19T04:07:07.2860192Z [1/3] Exploring Scenario: Explore Travel Booking - Hotels Flow
2026-01-19T04:07:07.2862913Z     🧠 Initialized exploration context for goal: 'Explore travel booking'
2026-01-19T04:07:07.2863610Z   ▶️ [STEP step_1] NAVIGATE: 
2026-01-19T04:07:08.0164987Z     ✅ Navigated to https://phptravels.com/demo/
2026-01-19T04:07:08.0166323Z   ▶️ [STEP step_2] ASSERT_URL: 
2026-01-19T04:07:13.0713648Z     ⚠️ Scroll into view failed for text=None. Proceeding anyway.
2026-01-19T04:07:15.0737600Z     ✅ State transitioned.
2026-01-19T04:07:16.6273485Z [DEBUG] Sending request to gemini-2.0-flash. Number of parts: 2
2026-01-19T04:07:16.6274439Z [DEBUG] Received response (Length: 242)
2026-01-19T04:07:16.6275511Z     🤖 AI Next Step Suggestion: click -> Verify you are human
2026-01-19T04:07:16.6276158Z     🧩 Suggested Locator: input[type='checkbox']
2026-01-19T04:07:16.6277398Z     💭 Reasoning: The page requires human verification before proceeding. Clicking the checkbox is the next logical step to access the website.
2026-01-19T04:07:16.6278561Z     ➕ Injected AI step: click -> Verify you are human
2026-01-19T04:07:16.6279180Z   ▶️ [STEP step_2_ai_1] CLICK: Verify you are human
2026-01-19T04:07:16.6343422Z     🎯 Using AI-provided locator: input[type='checkbox']
2026-01-19T04:07:16.6367972Z     🔍 Mining locators for: 'Verify you are human'
2026-01-19T04:07:16.6687446Z     ✅ Found 1 verified locators
2026-01-19T04:07:20.2363793Z     ✅ State transitioned.
2026-01-19T04:07:21.6562251Z [DEBUG] Sending request to gemini-2.0-flash. Number of parts: 2
2026-01-19T04:07:21.6563194Z [DEBUG] Received response (Length: 205)
2026-01-19T04:07:21.6563898Z     🤖 AI Next Step Suggestion: click -> Verify you are human
2026-01-19T04:07:21.6564492Z     🧩 Suggested Locator: input[type='checkbox']
2026-01-19T04:07:21.6565592Z     💭 Reasoning: The page requires human verification. Clicking the checkbox is the next step to proceed.
2026-01-19T04:07:21.6566782Z ⚠️ Loop detected: same AI suggestion repeated 2 times. Moving to next step.
2026-01-19T04:07:21.6567521Z   ▶️ [STEP step_3] CLICK: Hotels
2026-01-19T04:07:21.6626534Z     🔍 Mining locators for: 'Hotels'
2026-01-19T04:07:21.6873500Z     🧠 Consulting AI (Vision-First) to find 'Hotels'...
2026-01-19T04:07:21.6892273Z     🔍 Trying smart selectors for 'Hotels'...
2026-01-19T04:07:21.7309437Z     ⚠️ Smart selectors failed (no unique match). Falling back to AI Vision...
2026-01-19T04:07:21.7312621Z     🧠 [EXPERT] Strategy: Act as Senior SDET focusing on exploring the application to understand functional flow and identifying critical paths for end-to-end automation.
2026-01-19T04:07:26.6809558Z [DEBUG] Sending request to gemini-2.0-flash. Number of parts: 2
2026-01-19T04:07:26.6810166Z [DEBUG] Received response (Length: 281)
2026-01-19T04:07:26.6811187Z     ⚠️ Skipping duplicate injection: Verify you are human
2026-01-19T04:07:26.6811798Z     🔄 Retry 1/3 mining locators for 'Hotels'...
2026-01-19T04:07:27.7102485Z     🧠 Consulting AI (Vision-First) to find 'Hotels'...
2026-01-19T04:07:27.7103035Z     🔍 Trying smart selectors for 'Hotels'...
2026-01-19T04:07:27.7489707Z     ⚠️ Smart selectors failed (no unique match). Falling back to AI Vision...
2026-01-19T04:07:27.7491471Z     🧠 [EXPERT] Strategy: Act as Senior SDET focusing on exploring the application to understand functional flow and identifying critical paths for end-to-end automation.
2026-01-19T04:07:27.7495768Z [CACHE HIT] 3e711d20... (hits: 1, misses: 3)
2026-01-19T04:07:27.7496283Z     ⚠️ Skipping duplicate injection: Verify you are human
2026-01-19T04:07:27.7496731Z     🔄 Retry 2/3 mining locators for 'Hotels'...
2026-01-19T04:07:28.7510450Z     🗑️ Invalidating stale AI cache (retry 2)...
2026-01-19T04:07:28.7511645Z     ⚠️ Cache invalidation warning: No module named 'core.agents.domain_expert'
2026-01-19T04:07:28.7774451Z     🧠 Consulting AI (Vision-First) to find 'Hotels'...
2026-01-19T04:07:28.7775269Z     🔍 Trying smart selectors for 'Hotels'...
2026-01-19T04:07:28.8170064Z     ⚠️ Smart selectors failed (no unique match). Falling back to AI Vision...
2026-01-19T04:07:28.8171798Z     🧠 [EXPERT] Strategy: Act as Senior SDET focusing on exploring the application to understand functional flow and identifying critical paths for end-to-end automation.
2026-01-19T04:07:28.8175059Z [CACHE HIT] 3e711d20... (hits: 2, misses: 3)
2026-01-19T04:07:28.8175852Z     ⚠️ Skipping duplicate injection: Verify you are human
2026-01-19T04:07:28.8176616Z     🧠 Verifying step validity for 'Hotels' after no candidates found...
2026-01-19T04:07:32.0267465Z [DEBUG] Sending request to gemini-2.0-flash. Number of parts: 2
2026-01-19T04:07:32.0268244Z [DEBUG] Received response (Length: 237)
2026-01-19T04:07:32.0270624Z     🗑️ Step deemed INVALID: The current page is a Cloudflare verification page. The 'Hotels' element is not present on this page. We need to pass the verification before proceeding to the actual website.. Removing from workflow.
2026-01-19T04:07:32.0272385Z     ⏭️ Skipping execution of invalid step: Hotels
2026-01-19T04:07:32.0272879Z   ▶️ [STEP step_4] ASSERT_VISIBLE: Hotel Destination
2026-01-19T04:07:32.0326587Z     🔍 Mining locators for: 'Hotel Destination'
2026-01-19T04:07:32.0599491Z     🧠 Consulting AI (Vision-First) to find 'Hotel Destination'...
2026-01-19T04:07:32.0600401Z     🔍 Trying smart selectors for 'Hotel Destination'...
2026-01-19T04:07:32.1117312Z     ⚠️ Smart selectors failed (no unique match). Falling back to AI Vision...
2026-01-19T04:07:32.1118946Z     🧠 [EXPERT] Strategy: Act as Senior SDET focusing on exploring the application to understand functional flow and identifying critical paths for end-to-end automation.
2026-01-19T04:07:36.7296945Z [DEBUG] Sending request to gemini-2.0-flash. Number of parts: 2
2026-01-19T04:07:36.7297671Z [DEBUG] Received response (Length: 340)
2026-01-19T04:07:36.7299885Z     💡 Expert Suggestion: The current page is a Cloudflare verification page. After completing the verification, the user will be redirected to the main page where the 'Hotel Destination' search input can be found.
2026-01-19T04:07:36.7301549Z     🛠️ Executing corrective action: click -> 'Verify you are human'
2026-01-19T04:07:37.2725904Z     ✅ Executed corrective navigation
2026-01-19T04:07:39.2749749Z     🔄 Retry 1/3 mining locators for 'Hotel Destination'...
2026-01-19T04:07:40.3097884Z     🧠 Consulting AI (Vision-First) to find 'Hotel Destination'...
2026-01-19T04:07:40.3099256Z     🔍 Trying smart selectors for 'Hotel Destination'...
2026-01-19T04:07:40.3599509Z     ⚠️ Smart selectors failed (no unique match). Falling back to AI Vision...
2026-01-19T04:07:40.3601440Z     🧠 [EXPERT] Strategy: Act as Senior SDET focusing on exploring the application to understand functional flow and identifying critical paths for end-to-end automation.
2026-01-19T04:07:40.3604935Z [CACHE HIT] 61f47895... (hits: 3, misses: 5)
2026-01-19T04:07:40.3605606Z     ⚠️ Skipping duplicate injection: Verify you are human
2026-01-19T04:07:40.3606291Z     🔄 Retry 2/3 mining locators for 'Hotel Destination'...
2026-01-19T04:07:41.3619895Z     🗑️ Invalidating stale AI cache (retry 2)...
2026-01-19T04:07:41.3621335Z     ⚠️ Cache invalidation warning: No module named 'core.agents.domain_expert'
2026-01-19T04:07:41.3943066Z     🧠 Consulting AI (Vision-First) to find 'Hotel Destination'...
2026-01-19T04:07:41.3943913Z     🔍 Trying smart selectors for 'Hotel Destination'...
2026-01-19T04:07:41.4507759Z     ⚠️ Smart selectors failed (no unique match). Falling back to AI Vision...
2026-01-19T04:07:41.4509861Z     🧠 [EXPERT] Strategy: Act as Senior SDET focusing on exploring the application to understand functional flow and identifying critical paths for end-to-end automation.
2026-01-19T04:07:41.4513844Z [CACHE HIT] 61f47895... (hits: 4, misses: 5)
2026-01-19T04:07:41.4514577Z     ⚠️ Skipping duplicate injection: Verify you are human
2026-01-19T04:07:41.4515203Z     🧠 Verifying step validity for 'Hotel Destination' after no candidates found...
2026-01-19T04:07:42.7857836Z [DEBUG] Sending request to gemini-2.0-flash. Number of parts: 2
2026-01-19T04:07:42.7858649Z [DEBUG] Received response (Length: 248)
2026-01-19T04:07:42.7860428Z     🗑️ Step deemed INVALID: The current page is a Cloudflare verification page. The 'Hotel Destination' element is not present on this page. We need to pass the verification before proceeding to the actual website.. Removing from workflow.
2026-01-19T04:07:42.7862255Z     ⏭️ Skipping execution of invalid step: Hotel Destination
2026-01-19T04:07:42.7862780Z   ▶️ [STEP step_5] FILL: Hotel Destination
2026-01-19T04:07:42.7915222Z     🔍 Mining locators for: 'Hotel Destination'
2026-01-19T04:07:42.8178231Z     🧠 Consulting AI (Vision-First) to find 'Hotel Destination'...
2026-01-19T04:07:42.8178986Z     🔍 Trying smart selectors for 'Hotel Destination'...
2026-01-19T04:07:42.8674519Z     ⚠️ Smart selectors failed (no unique match). Falling back to AI Vision...
2026-01-19T04:07:42.8675901Z     🧠 [EXPERT] Strategy: Act as Senior SDET focusing on exploring the application to understand functional flow and identifying critical paths for end-to-end automation.
2026-01-19T04:07:42.8679617Z [CACHE HIT] 61f47895... (hits: 5, misses: 6)
2026-01-19T04:07:42.8681761Z     💡 Expert Suggestion: The current page is a Cloudflare verification page. After completing the verification, the user will be redirected to the main page where the 'Hotel Destination' search input can be found.
2026-01-19T04:07:42.8683622Z     🛠️ Executing corrective action: click -> 'Verify you are human'
2026-01-19T04:07:43.4098546Z     ✅ Executed corrective navigation
2026-01-19T04:07:45.4123629Z     🔄 Retry 1/3 mining locators for 'Hotel Destination'...
2026-01-19T04:07:46.4445934Z     🧠 Consulting AI (Vision-First) to find 'Hotel Destination'...
2026-01-19T04:07:46.4446475Z     🔍 Trying smart selectors for 'Hotel Destination'...
2026-01-19T04:07:46.4957221Z     ⚠️ Smart selectors failed (no unique match). Falling back to AI Vision...
2026-01-19T04:07:46.4958947Z     🧠 [EXPERT] Strategy: Act as Senior SDET focusing on exploring the application to understand functional flow and identifying critical paths for end-to-end automation.
2026-01-19T04:07:46.4964069Z [CACHE HIT] 61f47895... (hits: 6, misses: 6)
2026-01-19T04:07:46.4964768Z     ⚠️ Skipping duplicate injection: Verify you are human
2026-01-19T04:07:46.4965224Z     🔄 Retry 2/3 mining locators for 'Hotel Destination'...
2026-01-19T04:07:47.4978924Z     🗑️ Invalidating stale AI cache (retry 2)...
2026-01-19T04:07:47.4980035Z     ⚠️ Cache invalidation warning: No module named 'core.agents.domain_expert'
2026-01-19T04:07:47.5266110Z     🧠 Consulting AI (Vision-First) to find 'Hotel Destination'...
2026-01-19T04:07:47.5266886Z     🔍 Trying smart selectors for 'Hotel Destination'...
2026-01-19T04:07:47.5829915Z     ⚠️ Smart selectors failed (no unique match). Falling back to AI Vision...
2026-01-19T04:07:47.5831549Z     🧠 [EXPERT] Strategy: Act as Senior SDET focusing on exploring the application to understand functional flow and identifying critical paths for end-to-end automation.
2026-01-19T04:07:47.5835177Z [CACHE HIT] 61f47895... (hits: 7, misses: 6)
2026-01-19T04:07:47.5835966Z     ⚠️ Skipping duplicate injection: Verify you are human
2026-01-19T04:07:47.5836560Z     🧠 Verifying step validity for 'Hotel Destination' after no candidates found...
2026-01-19T04:07:47.5839638Z [CACHE HIT] 43846896... (hits: 8, misses: 6)
2026-01-19T04:07:47.5841998Z     🗑️ Step deemed INVALID: The current page is a Cloudflare verification page. The 'Hotel Destination' element is not present on this page. We need to pass the verification before proceeding to the actual website.. Removing from workflow.
2026-01-19T04:07:47.5844255Z     ⏭️ Skipping execution of invalid step: Hotel Destination
2026-01-19T04:07:47.5845000Z   ▶️ [STEP step_6] CLICK: Dubai, United Arab Emirates
2026-01-19T04:07:47.5892933Z     🔍 Mining locators for: 'Dubai, United Arab Emirates'
2026-01-19T04:07:47.6141645Z     🧠 Consulting AI (Vision-First) to find 'Dubai, United Arab Emirates'...
2026-01-19T04:07:47.6142781Z     🔍 Trying smart selectors for 'Dubai, United Arab Emirates'...
2026-01-19T04:07:47.6768133Z     ⚠️ Smart selectors failed (no unique match). Falling back to AI Vision...
2026-01-19T04:07:47.6769707Z     🧠 [EXPERT] Strategy: Act as Senior SDET focusing on exploring the application to understand functional flow and identifying critical paths for end-to-end automation.
2026-01-19T04:08:50.0094467Z [DEBUG] Sending request to gemini-2.0-flash. Number of parts: 2
2026-01-19T04:08:50.0096187Z [DEBUG] LLM Error: 429 RESOURCE_EXHAUSTED. {'error': {'code': 429, 'message': 'Resource exhausted. Please try again later. Please refer to https://cloud.google.com/vertex-ai/generative-ai/docs/error-code-429 for more details.', 'status': 'RESOURCE_EXHAUSTED'}}
2026-01-19T04:08:50.0098017Z ⚠️ 429 Rate Limit Hit. Cooling down for 60s...
2026-01-19T04:08:50.0098539Z [DEBUG] Sending request to gemini-2.0-flash. Number of parts: 2
2026-01-19T04:08:50.0099046Z [DEBUG] Received response (Length: 281)
2026-01-19T04:08:50.0100132Z     💡 Expert Suggestion: The current page is a Cloudflare verification page. After passing the verification, the search functionality should be available.
2026-01-19T04:08:50.0101502Z     🛠️ Executing corrective action: click -> 'Verify you are human'
2026-01-19T04:08:50.5553528Z     ✅ Executed corrective navigation
2026-01-19T04:08:52.5576647Z     🔄 Retry 1/3 mining locators for 'Dubai, United Arab Emirates'...
2026-01-19T04:08:53.5921364Z     🧠 Consulting AI (Vision-First) to find 'Dubai, United Arab Emirates'...
2026-01-19T04:08:53.5922697Z     🔍 Trying smart selectors for 'Dubai, United Arab Emirates'...
2026-01-19T04:08:53.6644879Z     ⚠️ Smart selectors failed (no unique match). Falling back to AI Vision...
2026-01-19T04:08:53.6646511Z     🧠 [EXPERT] Strategy: Act as Senior SDET focusing on exploring the application to understand functional flow and identifying critical paths for end-to-end automation.
2026-01-19T04:08:53.6651164Z [CACHE HIT] 3f706bb8... (hits: 9, misses: 8)
2026-01-19T04:08:53.6651670Z     ⚠️ Skipping duplicate injection: Verify you are human
2026-01-19T04:08:53.6652175Z     🔄 Retry 2/3 mining locators for 'Dubai, United Arab Emirates'...
2026-01-19T04:08:54.6665731Z     🗑️ Invalidating stale AI cache (retry 2)...
2026-01-19T04:08:54.6667139Z     ⚠️ Cache invalidation warning: No module named 'core.agents.domain_expert'
2026-01-19T04:08:54.6929517Z     🧠 Consulting AI (Vision-First) to find 'Dubai, United Arab Emirates'...
2026-01-19T04:08:54.6931241Z     🔍 Trying smart selectors for 'Dubai, United Arab Emirates'...
2026-01-19T04:08:54.7551949Z     ⚠️ Smart selectors failed (no unique match). Falling back to AI Vision...
2026-01-19T04:08:54.7553916Z     🧠 [EXPERT] Strategy: Act as Senior SDET focusing on exploring the application to understand functional flow and identifying critical paths for end-to-end automation.
2026-01-19T04:08:54.7557191Z [CACHE HIT] 3f706bb8... (hits: 10, misses: 8)
2026-01-19T04:08:54.7557918Z     ⚠️ Skipping duplicate injection: Verify you are human
2026-01-19T04:08:54.7561618Z     🧠 Verifying step validity for 'Dubai, United Arab Emirates' after no candidates found...
2026-01-19T04:08:56.0906504Z [DEBUG] Sending request to gemini-2.0-flash. Number of parts: 2
2026-01-19T04:08:56.0907260Z [DEBUG] Received response (Length: 265)
2026-01-19T04:08:56.0909627Z     🗑️ Step deemed INVALID: The current page is a Cloudflare verification page. The element 'Dubai, United Arab Emirates' is not present on this page. We need to pass the verification before proceeding with the travel booking task.. Removing from workflow.
2026-01-19T04:08:56.0912023Z     ⏭️ Skipping execution of invalid step: Dubai, United Arab Emirates
2026-01-19T04:08:56.0912738Z   ▶️ [STEP step_7] CLICK: Check In
2026-01-19T04:08:56.0968278Z     🔍 Mining locators for: 'Check In'
2026-01-19T04:08:56.1242150Z     🧠 Consulting AI (Vision-First) to find 'Check In'...
2026-01-19T04:08:56.1242928Z     🔍 Trying smart selectors for 'Check In'...
2026-01-19T04:08:56.1683792Z     ⚠️ Smart selectors failed (no unique match). Falling back to AI Vision...
2026-01-19T04:08:56.1685057Z     🧠 [EXPERT] Strategy: Act as Senior SDET focusing on exploring the application to understand functional flow and identifying critical paths for end-to-end automation.
2026-01-19T04:09:01.1716097Z [DEBUG] Sending request to gemini-2.0-flash. Number of parts: 2
2026-01-19T04:09:01.1716771Z [DEBUG] Received response (Length: 318)
2026-01-19T04:09:01.1718034Z     💡 Expert Suggestion: The current page is a Cloudflare verification page. Clicking on the phptravels.com link should redirect to the main website where the 'Check In' functionality can be found.
2026-01-19T04:09:01.1719022Z     🛠️ Executing corrective action: click -> 'phptravels.com'
2026-01-19T04:09:01.7177265Z     ✅ Executed corrective navigation
2026-01-19T04:09:03.7200735Z     🔄 Retry 1/3 mining locators for 'Check In'...
2026-01-19T04:09:04.7466768Z     🧠 Consulting AI (Vision-First) to find 'Check In'...
2026-01-19T04:09:04.7467381Z     🔍 Trying smart selectors for 'Check In'...
2026-01-19T04:09:04.7908548Z     ⚠️ Smart selectors failed (no unique match). Falling back to AI Vision...
2026-01-19T04:09:04.7910323Z     🧠 [EXPERT] Strategy: Act as Senior SDET focusing on exploring the application to understand functional flow and identifying critical paths for end-to-end automation.
2026-01-19T04:09:04.7914465Z [CACHE HIT] f4817b2c... (hits: 11, misses: 10)
2026-01-19T04:09:04.7915226Z     ⚠️ Skipping duplicate injection: phptravels.com
2026-01-19T04:09:04.7915907Z     🔄 Retry 2/3 mining locators for 'Check In'...
2026-01-19T04:09:05.7929367Z     🗑️ Invalidating stale AI cache (retry 2)...
2026-01-19T04:09:05.7930431Z     ⚠️ Cache invalidation warning: No module named 'core.agents.domain_expert'
2026-01-19T04:09:05.8234344Z     🧠 Consulting AI (Vision-First) to find 'Check In'...
2026-01-19T04:09:05.8235157Z     🔍 Trying smart selectors for 'Check In'...
2026-01-19T04:09:05.8679576Z     ⚠️ Smart selectors failed (no unique match). Falling back to AI Vision...
2026-01-19T04:09:05.8681005Z     🧠 [EXPERT] Strategy: Act as Senior SDET focusing on exploring the application to understand functional flow and identifying critical paths for end-to-end automation.
2026-01-19T04:09:05.8684474Z [CACHE HIT] f4817b2c... (hits: 12, misses: 10)
2026-01-19T04:09:05.8685242Z     ⚠️ Skipping duplicate injection: phptravels.com
2026-01-19T04:09:05.8685840Z     🧠 Verifying step validity for 'Check In' after no candidates found...
2026-01-19T04:09:07.1218866Z [DEBUG] Sending request to gemini-2.0-flash. Number of parts: 2
2026-01-19T04:09:07.1219354Z [DEBUG] Received response (Length: 246)
2026-01-19T04:09:07.1220670Z     🗑️ Step deemed INVALID: The current page is a Cloudflare security check. The 'Check In' element is not present on this page. We need to pass the security check before proceeding to the actual website content.. Removing from workflow.
2026-01-19T04:09:07.1221931Z     ⏭️ Skipping execution of invalid step: Check In
2026-01-19T04:09:07.1222279Z   ▶️ [STEP step_8] CLICK: 25
2026-01-19T04:09:07.1280086Z     🔍 Mining locators for: '25'
2026-01-19T04:09:07.1563757Z     🧠 Consulting AI (Vision-First) to find '25'...
2026-01-19T04:09:07.1564280Z     🔍 Trying smart selectors for '25'...
2026-01-19T04:09:07.1955295Z     ⚠️ Smart selectors failed (no unique match). Falling back to AI Vision...
2026-01-19T04:09:07.1957294Z     🧠 [EXPERT] Strategy: Act as Senior SDET focusing on exploring the application to understand functional flow and identifying critical paths for end-to-end automation.
2026-01-19T04:09:12.2064530Z [DEBUG] Sending request to gemini-2.0-flash. Number of parts: 2
2026-01-19T04:09:12.2065315Z [DEBUG] Received response (Length: 274)
2026-01-19T04:09:12.2067129Z     💡 Expert Suggestion: The number '25' is not visible on the current page. It might appear after completing the 'Verify you are human' challenge.
2026-01-19T04:09:12.2068734Z     🛠️ Executing corrective action: click -> 'Verify you are human'
2026-01-19T04:09:12.4089828Z     🔄 Retry 1/3 mining locators for '25'...
2026-01-19T04:09:13.4419718Z     🧠 Consulting AI (Vision-First) to find '25'...
2026-01-19T04:09:13.4420607Z     🔍 Trying smart selectors for '25'...
2026-01-19T04:09:13.4806986Z     ⚠️ Smart selectors failed (no unique match). Falling back to AI Vision...
2026-01-19T04:09:13.4808478Z     🧠 [EXPERT] Strategy: Act as Senior SDET focusing on exploring the application to understand functional flow and identifying critical paths for end-to-end automation.
2026-01-19T04:09:17.9757512Z [DEBUG] Sending request to gemini-2.0-flash. Number of parts: 2
2026-01-19T04:09:17.9758074Z [DEBUG] Received response (Length: 437)
2026-01-19T04:09:17.9758858Z     ⚠️ Skipping duplicate injection: Verify you are human
2026-01-19T04:09:18.9771189Z     🔄 Retry 2/3 mining locators for '25'...
2026-01-19T04:09:18.9772177Z     🗑️ Invalidating stale AI cache (retry 2)...
2026-01-19T04:09:18.9773385Z     ⚠️ Cache invalidation warning: No module named 'core.agents.domain_expert'
2026-01-19T04:09:19.0073416Z     🧠 Consulting AI (Vision-First) to find '25'...
2026-01-19T04:09:19.0074162Z     🔍 Trying smart selectors for '25'...
2026-01-19T04:09:19.0452115Z     ⚠️ Smart selectors failed (no unique match). Falling back to AI Vision...
2026-01-19T04:09:19.0453641Z     🧠 [EXPERT] Strategy: Act as Senior SDET focusing on exploring the application to understand functional flow and identifying critical paths for end-to-end automation.
2026-01-19T04:09:19.0457165Z [CACHE HIT] 3b5ef862... (hits: 13, misses: 13)
2026-01-19T04:09:19.0457989Z     ⚠️ Skipping duplicate injection: Verify you are human
2026-01-19T04:09:19.0458735Z     🧠 Verifying step validity for '25' after no candidates found...
2026-01-19T04:09:22.1147240Z [DEBUG] Sending request to gemini-2.0-flash. Number of parts: 2
2026-01-19T04:09:22.1148130Z [DEBUG] Received response (Length: 219)
2026-01-19T04:09:22.1151132Z     🗑️ Step deemed INVALID: The page is showing a Cloudflare verification page. The number '25' is not visible on this page. Therefore, it's not possible to locate and interact with it.. Removing from workflow.
2026-01-19T04:09:22.1153505Z     ⏭️ Skipping execution of invalid step: 25
2026-01-19T04:09:22.1154350Z   ▶️ [STEP step_9] CLICK: Check Out
2026-01-19T04:09:22.1208769Z     🔍 Mining locators for: 'Check Out'
2026-01-19T04:09:22.1473334Z     🧠 Consulting AI (Vision-First) to find 'Check Out'...
2026-01-19T04:09:22.1474149Z     🔍 Trying smart selectors for 'Check Out'...
2026-01-19T04:09:22.2045820Z     ⚠️ Smart selectors failed (no unique match). Falling back to AI Vision...
2026-01-19T04:09:22.2047372Z     🧠 [EXPERT] Strategy: Act as Senior SDET focusing on exploring the application to understand functional flow and identifying critical paths for end-to-end automation.
2026-01-19T04:09:27.6737573Z [DEBUG] Sending request to gemini-2.0-flash. Number of parts: 2
2026-01-19T04:09:27.6738314Z [DEBUG] Received response (Length: 309)
2026-01-19T04:09:27.6740712Z     💡 Expert Suggestion: The page is a Cloudflare verification page. We need to verify that we are human before proceeding to the main application where 'Check Out' would be located.
2026-01-19T04:09:27.6743245Z     🛠️ Executing corrective action: click -> 'Verify you are human'
2026-01-19T04:09:28.2187501Z     ✅ Executed corrective navigation
2026-01-19T04:09:30.2211482Z     🔄 Retry 1/3 mining locators for 'Check Out'...
2026-01-19T04:09:31.2479746Z     🧠 Consulting AI (Vision-First) to find 'Check Out'...
2026-01-19T04:09:31.2480248Z     🔍 Trying smart selectors for 'Check Out'...
2026-01-19T04:09:31.2970060Z     ⚠️ Smart selectors failed (no unique match). Falling back to AI Vision...
2026-01-19T04:09:31.2986424Z     🧠 [EXPERT] Strategy: Act as Senior SDET focusing on exploring the application to understand functional flow and identifying critical paths for end-to-end automation.
2026-01-19T04:09:31.2987788Z [CACHE HIT] 87d45c7d... (hits: 14, misses: 15)
2026-01-19T04:09:31.2988389Z     ⚠️ Skipping duplicate injection: Verify you are human
2026-01-19T04:09:31.2988806Z     🔄 Retry 2/3 mining locators for 'Check Out'...
2026-01-19T04:09:32.2989726Z     🗑️ Invalidating stale AI cache (retry 2)...
2026-01-19T04:09:32.2991414Z     ⚠️ Cache invalidation warning: No module named 'core.agents.domain_expert'
2026-01-19T04:09:32.3254470Z     🧠 Consulting AI (Vision-First) to find 'Check Out'...
2026-01-19T04:09:32.3255267Z     🔍 Trying smart selectors for 'Check Out'...
2026-01-19T04:09:32.3742917Z     ⚠️ Smart selectors failed (no unique match). Falling back to AI Vision...
2026-01-19T04:09:32.3744250Z     🧠 [EXPERT] Strategy: Act as Senior SDET focusing on exploring the application to understand functional flow and identifying critical paths for end-to-end automation.
2026-01-19T04:09:32.3747427Z [CACHE HIT] 87d45c7d... (hits: 15, misses: 15)
2026-01-19T04:09:32.3748246Z     ⚠️ Skipping duplicate injection: Verify you are human
2026-01-19T04:09:32.3748879Z     🧠 Verifying step validity for 'Check Out' after no candidates found...
2026-01-19T04:09:33.6251375Z [DEBUG] Sending request to gemini-2.0-flash. Number of parts: 2
2026-01-19T04:09:33.6252283Z [DEBUG] Received response (Length: 246)
2026-01-19T04:09:33.6255386Z     🗑️ Step deemed INVALID: The current page is a Cloudflare security check. The 'Check Out' element is not present on this page. We need to pass the security check before proceeding with the travel booking flow.. Removing from workflow.
2026-01-19T04:09:33.6258468Z     ⏭️ Skipping execution of invalid step: Check Out
2026-01-19T04:09:33.6259333Z   ▶️ [STEP step_10] CLICK: 30
2026-01-19T04:09:33.6313945Z     🔍 Mining locators for: '30'
2026-01-19T04:09:33.6555640Z     🧠 Consulting AI (Vision-First) to find '30'...
2026-01-19T04:09:33.6556409Z     🔍 Trying smart selectors for '30'...
2026-01-19T04:09:33.6945073Z     ⚠️ Smart selectors failed (no unique match). Falling back to AI Vision...
2026-01-19T04:09:33.6946386Z     🧠 [EXPERT] Strategy: Act as Senior SDET focusing on exploring the application to understand functional flow and identifying critical paths for end-to-end automation.
2026-01-19T04:09:38.9962998Z [DEBUG] Sending request to gemini-2.0-flash. Number of parts: 2
2026-01-19T04:09:38.9963680Z [DEBUG] Received response (Length: 433)
2026-01-19T04:09:38.9965272Z     💡 Expert Suggestion: The number '30' is not visible on the current page, which is a Cloudflare verification page. After passing the verification, the user will be redirected to the main website where the number '30' might be present in the context of travel booking (e.g., number of days, price, etc.).
2026-01-19T04:09:38.9966633Z     🛠️ Executing corrective action: click -> 'Verify you are human'
2026-01-19T04:09:39.5399685Z     ✅ Executed corrective navigation
2026-01-19T04:09:41.5423264Z     🔄 Retry 1/3 mining locators for '30'...
2026-01-19T04:09:42.5722139Z     🧠 Consulting AI (Vision-First) to find '30'...
2026-01-19T04:09:42.5722846Z     🔍 Trying smart selectors for '30'...
2026-01-19T04:09:42.6096738Z     ⚠️ Smart selectors failed (no unique match). Falling back to AI Vision...
2026-01-19T04:09:42.6098048Z     🧠 [EXPERT] Strategy: Act as Senior SDET focusing on exploring the application to understand functional flow and identifying critical paths for end-to-end automation.
2026-01-19T04:09:42.6101679Z [CACHE HIT] 8266b2a0... (hits: 16, misses: 17)
2026-01-19T04:09:42.6102456Z     ⚠️ Skipping duplicate injection: Verify you are human
2026-01-19T04:09:42.6103109Z     🔄 Retry 2/3 mining locators for '30'...
2026-01-19T04:09:43.6116104Z     🗑️ Invalidating stale AI cache (retry 2)...
2026-01-19T04:09:43.6117130Z     ⚠️ Cache invalidation warning: No module named 'core.agents.domain_expert'
2026-01-19T04:09:43.6393549Z     🧠 Consulting AI (Vision-First) to find '30'...
2026-01-19T04:09:43.6394001Z     🔍 Trying smart selectors for '30'...
2026-01-19T04:09:43.6786721Z     ⚠️ Smart selectors failed (no unique match). Falling back to AI Vision...
2026-01-19T04:09:43.6788916Z     🧠 [EXPERT] Strategy: Act as Senior SDET focusing on exploring the application to understand functional flow and identifying critical paths for end-to-end automation.
2026-01-19T04:09:43.6791102Z [CACHE HIT] 8266b2a0... (hits: 17, misses: 17)
2026-01-19T04:09:43.6791939Z     ⚠️ Skipping duplicate injection: Verify you are human
2026-01-19T04:09:43.6792741Z     🧠 Verifying step validity for '30' after no candidates found...
2026-01-19T04:09:44.9185844Z [DEBUG] Sending request to gemini-2.0-flash. Number of parts: 2
2026-01-19T04:09:44.9186589Z [DEBUG] Received response (Length: 222)
2026-01-19T04:09:44.9188708Z     🗑️ Step deemed INVALID: The current page is a Cloudflare verification page. The element '30' is not present on this page. We need to pass the verification to access the actual website.. Removing from workflow.
2026-01-19T04:09:44.9189921Z     ⏭️ Skipping execution of invalid step: 30
2026-01-19T04:09:44.9190307Z   ▶️ [STEP step_11] CLICK: Search
2026-01-19T04:09:44.9242766Z     🔍 Mining locators for: 'Search'
2026-01-19T04:09:44.9490202Z     🧠 Consulting AI (Vision-First) to find 'Search'...
2026-01-19T04:09:44.9491104Z     🔍 Trying smart selectors for 'Search'...
2026-01-19T04:09:44.9860398Z     ⚠️ Smart selectors failed (no unique match). Falling back to AI Vision...
2026-01-19T04:09:44.9861845Z     🧠 [EXPERT] Strategy: Act as Senior SDET focusing on exploring the application to understand functional flow and identifying critical paths for end-to-end automation.
2026-01-19T04:09:49.9531698Z [DEBUG] Sending request to gemini-2.0-flash. Number of parts: 2
2026-01-19T04:09:49.9532560Z [DEBUG] Received response (Length: 293)
2026-01-19T04:09:49.9533929Z     💡 Expert Suggestion: The page is a Cloudflare security check. You need to pass the check before accessing the main page where the search functionality is located.
2026-01-19T04:09:49.9534987Z     🛠️ Executing corrective action: click -> 'Verify you are human'
2026-01-19T04:09:50.4978592Z     ✅ Executed corrective navigation
2026-01-19T04:09:52.5002182Z     🔄 Retry 1/3 mining locators for 'Search'...
2026-01-19T04:09:53.5276535Z     🧠 Consulting AI (Vision-First) to find 'Search'...
2026-01-19T04:09:53.5277084Z     🔍 Trying smart selectors for 'Search'...
2026-01-19T04:09:53.5653185Z     ⚠️ Smart selectors failed (no unique match). Falling back to AI Vision...
2026-01-19T04:09:53.5654472Z     🧠 [EXPERT] Strategy: Act as Senior SDET focusing on exploring the application to understand functional flow and identifying critical paths for end-to-end automation.
2026-01-19T04:09:53.5657948Z [CACHE HIT] 8ad93de4... (hits: 18, misses: 19)
2026-01-19T04:09:53.5658642Z     ⚠️ Skipping duplicate injection: Verify you are human
2026-01-19T04:09:53.5659076Z     🔄 Retry 2/3 mining locators for 'Search'...
2026-01-19T04:09:54.5672531Z     🗑️ Invalidating stale AI cache (retry 2)...
2026-01-19T04:09:54.5673644Z     ⚠️ Cache invalidation warning: No module named 'core.agents.domain_expert'
2026-01-19T04:09:54.5938682Z     🧠 Consulting AI (Vision-First) to find 'Search'...
2026-01-19T04:09:54.5939154Z     🔍 Trying smart selectors for 'Search'...
2026-01-19T04:09:54.6313203Z     ⚠️ Smart selectors failed (no unique match). Falling back to AI Vision...
2026-01-19T04:09:54.6314482Z     🧠 [EXPERT] Strategy: Act as Senior SDET focusing on exploring the application to understand functional flow and identifying critical paths for end-to-end automation.
2026-01-19T04:09:54.6317942Z [CACHE HIT] 8ad93de4... (hits: 19, misses: 19)
2026-01-19T04:09:54.6318734Z     ⚠️ Skipping duplicate injection: Verify you are human
2026-01-19T04:09:54.6319271Z     🧠 Verifying step validity for 'Search' after no candidates found...
2026-01-19T04:09:55.8128940Z [DEBUG] Sending request to gemini-2.0-flash. Number of parts: 2
2026-01-19T04:09:55.8129596Z [DEBUG] Received response (Length: 236)
2026-01-19T04:09:55.8131327Z     🗑️ Step deemed INVALID: The current page is a Cloudflare security check. The 'Search' element is not present on this page. We need to pass the security check before proceeding to the actual website.. Removing from workflow.
2026-01-19T04:09:55.8132491Z     ⏭️ Skipping execution of invalid step: Search
2026-01-19T04:09:55.8132882Z   ▶️ [STEP step_12] ASSERT_VISIBLE: Featured Hotels
2026-01-19T04:09:55.8186617Z     🔍 Mining locators for: 'Featured Hotels'
2026-01-19T04:09:55.8435098Z     🧠 Consulting AI (Vision-First) to find 'Featured Hotels'...
2026-01-19T04:09:55.8435917Z     🔍 Trying smart selectors for 'Featured Hotels'...
2026-01-19T04:09:55.8942631Z     ⚠️ Smart selectors failed (no unique match). Falling back to AI Vision...
2026-01-19T04:09:55.8944516Z     🧠 [EXPERT] Strategy: Act as Senior SDET focusing on exploring the application to understand functional flow and identifying critical paths for end-to-end automation.
2026-01-19T04:10:00.9202581Z [DEBUG] Sending request to gemini-2.0-flash. Number of parts: 2
2026-01-19T04:10:00.9203096Z [DEBUG] Received response (Length: 292)
2026-01-19T04:10:00.9204128Z     💡 Expert Suggestion: The current page is a Cloudflare verification page. We need to pass this verification to access the main website and find 'Featured Hotels'.
2026-01-19T04:10:00.9204988Z     🛠️ Executing corrective action: click -> 'Verify you are human'
2026-01-19T04:10:01.4648142Z     ✅ Executed corrective navigation
2026-01-19T04:10:03.4671234Z     🔄 Retry 1/3 mining locators for 'Featured Hotels'...
2026-01-19T04:10:04.4946053Z     🧠 Consulting AI (Vision-First) to find 'Featured Hotels'...
2026-01-19T04:10:04.4946649Z     🔍 Trying smart selectors for 'Featured Hotels'...
2026-01-19T04:10:04.5429756Z     ⚠️ Smart selectors failed (no unique match). Falling back to AI Vision...
2026-01-19T04:10:04.5431732Z     🧠 [EXPERT] Strategy: Act as Senior SDET focusing on exploring the application to understand functional flow and identifying critical paths for end-to-end automation.
2026-01-19T04:10:04.5434516Z [CACHE HIT] 57d48c48... (hits: 20, misses: 21)
2026-01-19T04:10:04.5435248Z     ⚠️ Skipping duplicate injection: Verify you are human
2026-01-19T04:10:04.5435859Z     🔄 Retry 2/3 mining locators for 'Featured Hotels'...
2026-01-19T04:10:05.5449361Z     🗑️ Invalidating stale AI cache (retry 2)...
2026-01-19T04:10:05.5450542Z     ⚠️ Cache invalidation warning: No module named 'core.agents.domain_expert'
2026-01-19T04:10:05.5708547Z     🧠 Consulting AI (Vision-First) to find 'Featured Hotels'...
2026-01-19T04:10:05.5709373Z     🔍 Trying smart selectors for 'Featured Hotels'...
2026-01-19T04:10:05.6202343Z     ⚠️ Smart selectors failed (no unique match). Falling back to AI Vision...
2026-01-19T04:10:05.6203732Z     🧠 [EXPERT] Strategy: Act as Senior SDET focusing on exploring the application to understand functional flow and identifying critical paths for end-to-end automation.
2026-01-19T04:10:05.6207174Z [CACHE HIT] 57d48c48... (hits: 21, misses: 21)
2026-01-19T04:10:05.6207968Z     ⚠️ Skipping duplicate injection: Verify you are human
2026-01-19T04:10:05.6208509Z     🧠 Verifying step validity for 'Featured Hotels' after no candidates found...
2026-01-19T04:10:07.2245980Z [DEBUG] Sending request to gemini-2.0-flash. Number of parts: 2
2026-01-19T04:10:07.2246650Z [DEBUG] Received response (Length: 246)
2026-01-19T04:10:07.2248103Z     🗑️ Step deemed INVALID: The current page is a Cloudflare verification page. The 'Featured Hotels' section is not visible on this page. We need to pass the verification before proceeding to the actual website.. Removing from workflow.
2026-01-19T04:10:07.2249248Z     ⏭️ Skipping execution of invalid step: Featured Hotels
2026-01-19T04:10:09.2649229Z 
2026-01-19T04:10:09.2650432Z [2/3] Exploring Scenario: Explore Travel Booking - Flights Flow
2026-01-19T04:10:09.2651861Z     🧠 Initialized exploration context for goal: 'Explore travel booking'
2026-01-19T04:10:09.2654241Z   ▶️ [STEP step_1] NAVIGATE: 
2026-01-19T04:10:09.8987724Z     ✅ Navigated to https://phptravels.com/demo/
2026-01-19T04:10:09.8988553Z   ▶️ [STEP step_2] ASSERT_URL: 
2026-01-19T04:10:14.9415893Z     ⚠️ Scroll into view failed for text=None. Proceeding anyway.
2026-01-19T04:10:16.9439637Z     ✅ State transitioned.
2026-01-19T04:10:18.8428767Z [DEBUG] Sending request to gemini-2.0-flash. Number of parts: 2
2026-01-19T04:10:18.8429525Z [DEBUG] Received response (Length: 242)
2026-01-19T04:10:18.8430418Z     🤖 AI Next Step Suggestion: click -> Verify you are human
2026-01-19T04:10:18.8431504Z     🧩 Suggested Locator: input[type='checkbox']
2026-01-19T04:10:18.8432875Z     💭 Reasoning: The page requires human verification before proceeding. Clicking the checkbox is the next logical step to access the website.
2026-01-19T04:10:18.8434173Z     ➕ Injected AI step: click -> Verify you are human
2026-01-19T04:10:18.8434825Z   ▶️ [STEP step_2_ai_1] CLICK: Verify you are human
2026-01-19T04:10:18.8492606Z     🎯 Using AI-provided locator: input[type='checkbox']
2026-01-19T04:10:18.8510322Z     🔍 Mining locators for: 'Verify you are human'
2026-01-19T04:10:18.8809752Z     ✅ Found 1 verified locators
2026-01-19T04:10:22.4444522Z     ✅ State transitioned.
2026-01-19T04:10:24.0486000Z [DEBUG] Sending request to gemini-2.0-flash. Number of parts: 2
2026-01-19T04:10:24.0486661Z [DEBUG] Received response (Length: 211)
2026-01-19T04:10:24.0487621Z     🤖 AI Next Step Suggestion: click -> Verify you are human
2026-01-19T04:10:24.0488353Z     🧩 Suggested Locator: Verify you are human
2026-01-19T04:10:24.0489405Z     💭 Reasoning: The page requires human verification. Clicking the checkbox is the next logical step to proceed.
2026-01-19T04:10:24.0490645Z ⚠️ Loop detected: same AI suggestion repeated 2 times. Moving to next step.
2026-01-19T04:10:24.0493551Z   ▶️ [STEP step_3] CLICK: Flights
2026-01-19T04:10:24.0553991Z     🔍 Mining locators for: 'Flights'
2026-01-19T04:10:24.0809082Z     🧠 Consulting AI (Vision-First) to find 'Flights'...
2026-01-19T04:10:24.0809717Z     🔍 Trying smart selectors for 'Flights'...
2026-01-19T04:10:24.1210749Z     ⚠️ Smart selectors failed (no unique match). Falling back to AI Vision...
2026-01-19T04:10:24.1213018Z     🧠 [EXPERT] Strategy: Act as Senior SDET focusing on exploring the application to understand functional flow and identifying critical paths for end-to-end automation.
2026-01-19T04:10:29.0872849Z [DEBUG] Sending request to gemini-2.0-flash. Number of parts: 2
2026-01-19T04:10:29.0873681Z [DEBUG] Received response (Length: 286)
2026-01-19T04:10:29.0874772Z     ⚠️ Skipping duplicate injection: Verify you are human
2026-01-19T04:10:29.0875624Z     🔄 Retry 1/3 mining locators for 'Flights'...
2026-01-19T04:10:30.1204580Z     🧠 Consulting AI (Vision-First) to find 'Flights'...
2026-01-19T04:10:30.1205240Z     🔍 Trying smart selectors for 'Flights'...
2026-01-19T04:10:30.1589786Z     ⚠️ Smart selectors failed (no unique match). Falling back to AI Vision...
2026-01-19T04:10:30.1591251Z     🧠 [EXPERT] Strategy: Act as Senior SDET focusing on exploring the application to understand functional flow and identifying critical paths for end-to-end automation.
2026-01-19T04:10:30.1594851Z [CACHE HIT] 953aec4b... (hits: 22, misses: 25)
2026-01-19T04:10:30.1595553Z     ⚠️ Skipping duplicate injection: Verify you are human
2026-01-19T04:10:30.1595979Z     🔄 Retry 2/3 mining locators for 'Flights'...
2026-01-19T04:10:31.1608917Z     🗑️ Invalidating stale AI cache (retry 2)...
2026-01-19T04:10:31.1610317Z     ⚠️ Cache invalidation warning: No module named 'core.agents.domain_expert'
2026-01-19T04:10:31.1866785Z     🧠 Consulting AI (Vision-First) to find 'Flights'...
2026-01-19T04:10:31.1867352Z     🔍 Trying smart selectors for 'Flights'...
2026-01-19T04:10:31.2242050Z     ⚠️ Smart selectors failed (no unique match). Falling back to AI Vision...
2026-01-19T04:10:31.2243862Z     🧠 [EXPERT] Strategy: Act as Senior SDET focusing on exploring the application to understand functional flow and identifying critical paths for end-to-end automation.
2026-01-19T04:10:31.2247619Z [CACHE HIT] 953aec4b... (hits: 23, misses: 25)
2026-01-19T04:10:31.2248208Z     ⚠️ Skipping duplicate injection: Verify you are human
2026-01-19T04:10:31.2249165Z     🧠 Verifying step validity for 'Flights' after no candidates found...
2026-01-19T04:10:33.8022882Z [DEBUG] Sending request to gemini-2.0-flash. Number of parts: 2
2026-01-19T04:10:33.8023363Z [DEBUG] Received response (Length: 238)
2026-01-19T04:10:33.8024795Z     🗑️ Step deemed INVALID: The current page is a Cloudflare verification page. The 'Flights' element is not present on this page. We need to pass the verification before proceeding to the actual website.. Removing from workflow.
2026-01-19T04:10:33.8025953Z     ⏭️ Skipping execution of invalid step: Flights
2026-01-19T04:10:33.8026377Z   ▶️ [STEP step_4] ASSERT_VISIBLE: From
2026-01-19T04:10:33.8092696Z     🔍 Mining locators for: 'From'
2026-01-19T04:10:33.8438845Z     🧠 Consulting AI (Vision-First) to find 'From'...
2026-01-19T04:10:33.8439289Z     🔍 Trying smart selectors for 'From'...
2026-01-19T04:10:33.8825416Z     ⚠️ Smart selectors failed (no unique match). Falling back to AI Vision...
2026-01-19T04:10:33.8827431Z     🧠 [EXPERT] Strategy: Act as Senior SDET focusing on exploring the application to understand functional flow and identifying critical paths for end-to-end automation.
2026-01-19T04:10:39.1633002Z [DEBUG] Sending request to gemini-2.0-flash. Number of parts: 2
2026-01-19T04:10:39.1633832Z [DEBUG] Received response (Length: 312)
2026-01-19T04:10:39.1636329Z     💡 Expert Suggestion: The page is a Cloudflare verification page. After completing the verification, the user will be redirected to the main page where the 'From' field can be found.
2026-01-19T04:10:39.1638957Z     🛠️ Executing corrective action: click -> 'Verify you are human'
2026-01-19T04:10:39.7071412Z     ✅ Executed corrective navigation
2026-01-19T04:10:41.7094967Z     🔄 Retry 1/3 mining locators for 'From'...
2026-01-19T04:10:42.7373398Z     🧠 Consulting AI (Vision-First) to find 'From'...
2026-01-19T04:10:42.7374191Z     🔍 Trying smart selectors for 'From'...
2026-01-19T04:10:42.7831491Z     ⚠️ Smart selectors failed (no unique match). Falling back to AI Vision...
2026-01-19T04:10:42.7833646Z     🧠 [EXPERT] Strategy: Act as Senior SDET focusing on exploring the application to understand functional flow and identifying critical paths for end-to-end automation.
2026-01-19T04:10:42.7835750Z [CACHE HIT] 23b6b563... (hits: 24, misses: 27)
2026-01-19T04:10:42.7836490Z     ⚠️ Skipping duplicate injection: Verify you are human
2026-01-19T04:10:42.7837198Z     🔄 Retry 2/3 mining locators for 'From'...
2026-01-19T04:10:43.7850642Z     🗑️ Invalidating stale AI cache (retry 2)...
2026-01-19T04:10:43.7852119Z     ⚠️ Cache invalidation warning: No module named 'core.agents.domain_expert'
2026-01-19T04:10:43.8116585Z     🧠 Consulting AI (Vision-First) to find 'From'...
2026-01-19T04:10:43.8117251Z     🔍 Trying smart selectors for 'From'...
2026-01-19T04:10:43.8492938Z     ⚠️ Smart selectors failed (no unique match). Falling back to AI Vision...
2026-01-19T04:10:43.8494673Z     🧠 [EXPERT] Strategy: Act as Senior SDET focusing on exploring the application to understand functional flow and identifying critical paths for end-to-end automation.
2026-01-19T04:10:43.8498181Z [CACHE HIT] 23b6b563... (hits: 25, misses: 27)
2026-01-19T04:10:43.8498989Z     ⚠️ Skipping duplicate injection: Verify you are human
2026-01-19T04:10:43.8499835Z     🧠 Verifying step validity for 'From' after no candidates found...
2026-01-19T04:10:45.1459964Z [DEBUG] Sending request to gemini-2.0-flash. Number of parts: 2
2026-01-19T04:10:45.1460767Z [DEBUG] Received response (Length: 227)
2026-01-19T04:10:45.1463687Z     🗑️ Step deemed INVALID: The current page is a Cloudflare verification page. The 'From' element related to travel booking is not present on this page. We need to pass the verification first.. Removing from workflow.
2026-01-19T04:10:45.1466094Z     ⏭️ Skipping execution of invalid step: From
2026-01-19T04:10:45.1466870Z   ▶️ [STEP step_5] FILL: From
2026-01-19T04:10:45.1522941Z     🔍 Mining locators for: 'From'
2026-01-19T04:10:45.1778918Z     🧠 Consulting AI (Vision-First) to find 'From'...
2026-01-19T04:10:45.1779684Z     🔍 Trying smart selectors for 'From'...
2026-01-19T04:10:45.2157039Z     ⚠️ Smart selectors failed (no unique match). Falling back to AI Vision...
2026-01-19T04:10:45.2158344Z     🧠 [EXPERT] Strategy: Act as Senior SDET focusing on exploring the application to understand functional flow and identifying critical paths for end-to-end automation.
2026-01-19T04:10:45.2161652Z [CACHE HIT] 23b6b563... (hits: 26, misses: 28)
2026-01-19T04:10:45.2163018Z     💡 Expert Suggestion: The page is a Cloudflare verification page. After completing the verification, the user will be redirected to the main page where the 'From' field can be found.
2026-01-19T04:10:45.2164264Z     🛠️ Executing corrective action: click -> 'Verify you are human'
2026-01-19T04:10:45.7564084Z     ✅ Executed corrective navigation
2026-01-19T04:10:47.7575099Z     🔄 Retry 1/3 mining locators for 'From'...
2026-01-19T04:10:48.7864651Z     🧠 Consulting AI (Vision-First) to find 'From'...
2026-01-19T04:10:48.7865373Z     🔍 Trying smart selectors for 'From'...
2026-01-19T04:10:48.8248682Z     ⚠️ Smart selectors failed (no unique match). Falling back to AI Vision...
2026-01-19T04:10:48.8250433Z     🧠 [EXPERT] Strategy: Act as Senior SDET focusing on exploring the application to understand functional flow and identifying critical paths for end-to-end automation.
2026-01-19T04:10:48.8253698Z [CACHE HIT] 23b6b563... (hits: 27, misses: 28)
2026-01-19T04:10:48.8254437Z     ⚠️ Skipping duplicate injection: Verify you are human
2026-01-19T04:10:48.8255034Z     🔄 Retry 2/3 mining locators for 'From'...
2026-01-19T04:10:49.8262767Z     🗑️ Invalidating stale AI cache (retry 2)...
2026-01-19T04:10:49.8265372Z     ⚠️ Cache invalidation warning: No module named 'core.agents.domain_expert'
2026-01-19T04:10:49.8530623Z     🧠 Consulting AI (Vision-First) to find 'From'...
2026-01-19T04:10:49.8531665Z     🔍 Trying smart selectors for 'From'...
2026-01-19T04:10:49.8907555Z     ⚠️ Smart selectors failed (no unique match). Falling back to AI Vision...
2026-01-19T04:10:49.8909672Z     🧠 [EXPERT] Strategy: Act as Senior SDET focusing on exploring the application to understand functional flow and identifying critical paths for end-to-end automation.
2026-01-19T04:10:49.8913495Z [CACHE HIT] 23b6b563... (hits: 28, misses: 28)
2026-01-19T04:10:49.8914283Z     ⚠️ Skipping duplicate injection: Verify you are human
2026-01-19T04:10:49.8915389Z     🧠 Verifying step validity for 'From' after no candidates found...
2026-01-19T04:10:49.8918473Z [CACHE HIT] f91fbaf5... (hits: 29, misses: 28)
2026-01-19T04:10:49.8919926Z     🗑️ Step deemed INVALID: The current page is a Cloudflare verification page. The 'From' element related to travel booking is not present on this page. We need to pass the verification first.. Removing from workflow.
2026-01-19T04:10:49.8921104Z     ⏭️ Skipping execution of invalid step: From
2026-01-19T04:10:49.8921500Z   ▶️ [STEP step_6] CLICK: London, United Kingdom
2026-01-19T04:10:49.8967991Z     🔍 Mining locators for: 'London, United Kingdom'
2026-01-19T04:10:49.9216677Z     🧠 Consulting AI (Vision-First) to find 'London, United Kingdom'...
2026-01-19T04:10:49.9217638Z     🔍 Trying smart selectors for 'London, United Kingdom'...
2026-01-19T04:10:49.9779388Z     ⚠️ Smart selectors failed (no unique match). Falling back to AI Vision...
2026-01-19T04:10:49.9780619Z     🧠 [EXPERT] Strategy: Act as Senior SDET focusing on exploring the application to understand functional flow and identifying critical paths for end-to-end automation.
2026-01-19T04:10:51.3402412Z [DEBUG] Sending request to gemini-2.0-flash. Number of parts: 2
2026-01-19T04:10:51.3403480Z [DEBUG] Received response (Length: 263)
2026-01-19T04:10:51.3405583Z     💡 Expert Suggestion: The page is a Cloudflare verification page. After passing the verification, the search bar should be available.
2026-01-19T04:10:51.3407629Z     🛠️ Executing corrective action: click -> 'Verify you are human'
2026-01-19T04:10:51.8833721Z     ✅ Executed corrective navigation
2026-01-19T04:10:53.8857591Z     🔄 Retry 1/3 mining locators for 'London, United Kingdom'...
2026-01-19T04:10:54.9138871Z     🧠 Consulting AI (Vision-First) to find 'London, United Kingdom'...
2026-01-19T04:10:54.9139588Z     🔍 Trying smart selectors for 'London, United Kingdom'...
2026-01-19T04:10:54.9700711Z     ⚠️ Smart selectors failed (no unique match). Falling back to AI Vision...
2026-01-19T04:10:54.9703404Z     🧠 [EXPERT] Strategy: Act as Senior SDET focusing on exploring the application to understand functional flow and identifying critical paths for end-to-end automation.
2026-01-19T04:10:54.9706881Z [CACHE HIT] 5adae15c... (hits: 30, misses: 29)
2026-01-19T04:10:54.9707558Z     ⚠️ Skipping duplicate injection: Verify you are human
2026-01-19T04:10:54.9708514Z     🔄 Retry 2/3 mining locators for 'London, United Kingdom'...
2026-01-19T04:10:55.9722264Z     🗑️ Invalidating stale AI cache (retry 2)...
2026-01-19T04:10:55.9723427Z     ⚠️ Cache invalidation warning: No module named 'core.agents.domain_expert'
2026-01-19T04:10:56.0028687Z     🧠 Consulting AI (Vision-First) to find 'London, United Kingdom'...
2026-01-19T04:10:56.0029396Z     🔍 Trying smart selectors for 'London, United Kingdom'...
2026-01-19T04:10:56.0592910Z     ⚠️ Smart selectors failed (no unique match). Falling back to AI Vision...
2026-01-19T04:10:56.0594335Z     🧠 [EXPERT] Strategy: Act as Senior SDET focusing on exploring the application to understand functional flow and identifying critical paths for end-to-end automation.
2026-01-19T04:10:56.0597984Z [CACHE HIT] 5adae15c... (hits: 31, misses: 29)
2026-01-19T04:10:56.0599151Z     ⚠️ Skipping duplicate injection: Verify you are human
2026-01-19T04:10:56.0599749Z     🧠 Verifying step validity for 'London, United Kingdom' after no candidates found...
2026-01-19T04:10:57.2654775Z [DEBUG] Sending request to gemini-2.0-flash. Number of parts: 2
2026-01-19T04:10:57.2655275Z [DEBUG] Received response (Length: 266)
2026-01-19T04:10:57.2656918Z     🗑️ Step deemed INVALID: The current page is a Cloudflare security check. The element 'London, United Kingdom' is not present on this page. We need to pass the security check before proceeding with the travel booking exploration.. Removing from workflow.
2026-01-19T04:10:57.2658259Z     ⏭️ Skipping execution of invalid step: London, United Kingdom
2026-01-19T04:10:57.2658660Z   ▶️ [STEP step_7] FILL: To
2026-01-19T04:10:57.2710089Z     🔍 Mining locators for: 'To'
2026-01-19T04:10:57.2959059Z     🧠 Consulting AI (Vision-First) to find 'To'...
2026-01-19T04:10:57.2959651Z     🔍 Trying smart selectors for 'To'...
2026-01-19T04:10:57.3334369Z     ⚠️ Smart selectors failed (no unique match). Falling back to AI Vision...
2026-01-19T04:10:57.3335793Z     🧠 [EXPERT] Strategy: Act as Senior SDET focusing on exploring the application to understand functional flow and identifying critical paths for end-to-end automation.
2026-01-19T04:11:02.5330717Z [DEBUG] Sending request to gemini-2.0-flash. Number of parts: 2
2026-01-19T04:11:02.5331555Z [DEBUG] Received response (Length: 294)
2026-01-19T04:11:02.5332760Z     💡 Expert Suggestion: The current page is a Cloudflare verification page. After passing the verification, the travel booking form with 'To' field should be visible.
2026-01-19T04:11:02.5333823Z     🛠️ Executing corrective action: click -> 'Verify you are human'
2026-01-19T04:11:03.0781828Z     ✅ Executed corrective navigation
2026-01-19T04:11:05.0805594Z     🔄 Retry 1/3 mining locators for 'To'...
2026-01-19T04:11:06.1088107Z     🧠 Consulting AI (Vision-First) to find 'To'...
2026-01-19T04:11:06.1088897Z     🔍 Trying smart selectors for 'To'...
2026-01-19T04:11:06.1497527Z     ⚠️ Smart selectors failed (no unique match). Falling back to AI Vision...
2026-01-19T04:11:06.1498978Z     🧠 [EXPERT] Strategy: Act as Senior SDET focusing on exploring the application to understand functional flow and identifying critical paths for end-to-end automation.
2026-01-19T04:11:06.1502927Z [CACHE HIT] c71b1f5f... (hits: 32, misses: 31)
2026-01-19T04:11:06.1503687Z     ⚠️ Skipping duplicate injection: Verify you are human
2026-01-19T04:11:06.1504199Z     🔄 Retry 2/3 mining locators for 'To'...
2026-01-19T04:11:07.1517455Z     🗑️ Invalidating stale AI cache (retry 2)...
2026-01-19T04:11:07.1518771Z     ⚠️ Cache invalidation warning: No module named 'core.agents.domain_expert'
2026-01-19T04:11:07.1778740Z     🧠 Consulting AI (Vision-First) to find 'To'...
2026-01-19T04:11:07.1779492Z     🔍 Trying smart selectors for 'To'...
2026-01-19T04:11:07.2158628Z     ⚠️ Smart selectors failed (no unique match). Falling back to AI Vision...
2026-01-19T04:11:07.2160306Z     🧠 [EXPERT] Strategy: Act as Senior SDET focusing on exploring the application to understand functional flow and identifying critical paths for end-to-end automation.
2026-01-19T04:11:07.2163387Z [CACHE HIT] c71b1f5f... (hits: 33, misses: 31)
2026-01-19T04:11:07.2164199Z     ⚠️ Skipping duplicate injection: Verify you are human
2026-01-19T04:11:07.2164781Z     🧠 Verifying step validity for 'To' after no candidates found...
2026-01-19T04:11:08.5202059Z [DEBUG] Sending request to gemini-2.0-flash. Number of parts: 2
2026-01-19T04:11:08.5202846Z [DEBUG] Received response (Length: 248)
2026-01-19T04:11:08.5205724Z     🗑️ Step deemed INVALID: The current page is a Cloudflare verification page. The 'To' element related to travel booking is not present on this page. We need to pass the verification to access the actual website.. Removing from workflow.
2026-01-19T04:11:08.5208218Z     ⏭️ Skipping execution of invalid step: To
2026-01-19T04:11:08.5209048Z   ▶️ [STEP step_8] CLICK: Dubai, United Arab Emirates
2026-01-19T04:11:08.5263023Z     🔍 Mining locators for: 'Dubai, United Arab Emirates'
2026-01-19T04:11:08.5519655Z     🧠 Consulting AI (Vision-First) to find 'Dubai, United Arab Emirates'...
2026-01-19T04:11:08.5520689Z     🔍 Trying smart selectors for 'Dubai, United Arab Emirates'...
2026-01-19T04:11:08.6152172Z     ⚠️ Smart selectors failed (no unique match). Falling back to AI Vision...
2026-01-19T04:11:08.6153589Z     🧠 [EXPERT] Strategy: Act as Senior SDET focusing on exploring the application to understand functional flow and identifying critical paths for end-to-end automation.
2026-01-19T04:11:13.6543806Z [DEBUG] Sending request to gemini-2.0-flash. Number of parts: 2
2026-01-19T04:11:13.6544334Z [DEBUG] Received response (Length: 291)
2026-01-19T04:11:13.6545412Z     💡 Expert Suggestion: The current page is a Cloudflare security check. After passing the check, the main page with the search functionality should be accessible.
2026-01-19T04:11:13.6546379Z     🛠️ Executing corrective action: click -> 'Verify you are human'
2026-01-19T04:11:14.2001490Z     ✅ Executed corrective navigation
2026-01-19T04:11:16.2014038Z     🔄 Retry 1/3 mining locators for 'Dubai, United Arab Emirates'...
2026-01-19T04:11:17.2286116Z     🧠 Consulting AI (Vision-First) to find 'Dubai, United Arab Emirates'...
2026-01-19T04:11:17.2287132Z     🔍 Trying smart selectors for 'Dubai, United Arab Emirates'...
2026-01-19T04:11:17.2888628Z     ⚠️ Smart selectors failed (no unique match). Falling back to AI Vision...
2026-01-19T04:11:17.2891314Z     🧠 [EXPERT] Strategy: Act as Senior SDET focusing on exploring the application to understand functional flow and identifying critical paths for end-to-end automation.
2026-01-19T04:11:17.2895105Z [CACHE HIT] 508084d1... (hits: 34, misses: 33)
2026-01-19T04:11:17.2895832Z     ⚠️ Skipping duplicate injection: Verify you are human
2026-01-19T04:11:17.2896627Z     🔄 Retry 2/3 mining locators for 'Dubai, United Arab Emirates'...
2026-01-19T04:11:18.2909398Z     🗑️ Invalidating stale AI cache (retry 2)...
2026-01-19T04:11:18.2910657Z     ⚠️ Cache invalidation warning: No module named 'core.agents.domain_expert'
2026-01-19T04:11:18.3185048Z     🧠 Consulting AI (Vision-First) to find 'Dubai, United Arab Emirates'...
2026-01-19T04:11:18.3186377Z     🔍 Trying smart selectors for 'Dubai, United Arab Emirates'...
2026-01-19T04:11:18.3798135Z     ⚠️ Smart selectors failed (no unique match). Falling back to AI Vision...
2026-01-19T04:11:18.3799473Z     🧠 [EXPERT] Strategy: Act as Senior SDET focusing on exploring the application to understand functional flow and identifying critical paths for end-to-end automation.
2026-01-19T04:11:18.3802457Z [CACHE HIT] 508084d1... (hits: 35, misses: 33)
2026-01-19T04:11:18.3803007Z     ⚠️ Skipping duplicate injection: Verify you are human
2026-01-19T04:11:18.3804053Z     🧠 Verifying step validity for 'Dubai, United Arab Emirates' after no candidates found...
2026-01-19T04:12:20.9746975Z [DEBUG] Sending request to gemini-2.0-flash. Number of parts: 2
2026-01-19T04:12:20.9749751Z [DEBUG] LLM Error: 429 RESOURCE_EXHAUSTED. {'error': {'code': 429, 'message': 'Resource exhausted. Please try again later. Please refer to https://cloud.google.com/vertex-ai/generative-ai/docs/error-code-429 for more details.', 'status': 'RESOURCE_EXHAUSTED'}}
2026-01-19T04:12:20.9752759Z ⚠️ 429 Rate Limit Hit. Cooling down for 60s...
2026-01-19T04:12:20.9753573Z [DEBUG] Sending request to gemini-2.0-flash. Number of parts: 2
2026-01-19T04:12:20.9754377Z [DEBUG] Received response (Length: 265)
2026-01-19T04:12:20.9757113Z     🗑️ Step deemed INVALID: The current page is a Cloudflare verification page. The element 'Dubai, United Arab Emirates' is not present on this page. We need to pass the verification before proceeding with the travel booking task.. Removing from workflow.
2026-01-19T04:12:20.9759569Z     ⏭️ Skipping execution of invalid step: Dubai, United Arab Emirates
2026-01-19T04:12:20.9760342Z   ▶️ [STEP step_9] CLICK: Departure
2026-01-19T04:12:21.0008727Z     🔍 Mining locators for: 'Departure'
2026-01-19T04:12:21.0505402Z     🧠 Consulting AI (Vision-First) to find 'Departure'...
2026-01-19T04:12:21.0505968Z     🔍 Trying smart selectors for 'Departure'...
2026-01-19T04:12:21.0909584Z     ⚠️ Smart selectors failed (no unique match). Falling back to AI Vision...
2026-01-19T04:12:21.0911801Z     🧠 [EXPERT] Strategy: Act as Senior SDET focusing on exploring the application to understand functional flow and identifying critical paths for end-to-end automation.
2026-01-19T04:12:26.1149869Z [DEBUG] Sending request to gemini-2.0-flash. Number of parts: 2
2026-01-19T04:12:26.1150624Z [DEBUG] Received response (Length: 290)
2026-01-19T04:12:26.1152721Z     💡 Expert Suggestion: The current page is a security check. After passing the check, the travel booking interface should appear, where 'Departure' can be found.
2026-01-19T04:12:26.1153962Z     🛠️ Executing corrective action: click -> 'Verify you are human'
2026-01-19T04:12:26.6596706Z     ✅ Executed corrective navigation
2026-01-19T04:12:28.6620735Z     🔄 Retry 1/3 mining locators for 'Departure'...
2026-01-19T04:12:29.6903849Z     🧠 Consulting AI (Vision-First) to find 'Departure'...
2026-01-19T04:12:29.6904740Z     🔍 Trying smart selectors for 'Departure'...
2026-01-19T04:12:29.7360326Z     ⚠️ Smart selectors failed (no unique match). Falling back to AI Vision...
2026-01-19T04:12:29.7361862Z     🧠 [EXPERT] Strategy: Act as Senior SDET focusing on exploring the application to understand functional flow and identifying critical paths for end-to-end automation.
2026-01-19T04:12:29.7365325Z [CACHE HIT] 5c1e260b... (hits: 36, misses: 36)
2026-01-19T04:12:29.7366063Z     ⚠️ Skipping duplicate injection: Verify you are human
2026-01-19T04:12:29.7366496Z     🔄 Retry 2/3 mining locators for 'Departure'...
2026-01-19T04:12:30.7379374Z     🗑️ Invalidating stale AI cache (retry 2)...
2026-01-19T04:12:30.7380709Z     ⚠️ Cache invalidation warning: No module named 'core.agents.domain_expert'
2026-01-19T04:12:30.7652418Z     🧠 Consulting AI (Vision-First) to find 'Departure'...
2026-01-19T04:12:30.7652893Z     🔍 Trying smart selectors for 'Departure'...
2026-01-19T04:12:30.8048283Z     ⚠️ Smart selectors failed (no unique match). Falling back to AI Vision...
2026-01-19T04:12:30.8049601Z     🧠 [EXPERT] Strategy: Act as Senior SDET focusing on exploring the application to understand functional flow and identifying critical paths for end-to-end automation.
2026-01-19T04:12:30.8052908Z [CACHE HIT] 5c1e260b... (hits: 37, misses: 36)
2026-01-19T04:12:30.8053697Z     ⚠️ Skipping duplicate injection: Verify you are human
2026-01-19T04:12:30.8054364Z     🧠 Verifying step validity for 'Departure' after no candidates found...
2026-01-19T04:12:32.1927675Z [DEBUG] Sending request to gemini-2.0-flash. Number of parts: 2
2026-01-19T04:12:32.1928114Z [DEBUG] Received response (Length: 255)
2026-01-19T04:12:32.1929423Z     🗑️ Step deemed INVALID: The current page is a Cloudflare verification page. The 'Departure' element related to travel booking is not present on this page. We need to pass the verification to access the actual website.. Removing from workflow.
2026-01-19T04:12:32.1931093Z     ⏭️ Skipping execution of invalid step: Departure
2026-01-19T04:12:32.1931477Z   ▶️ [STEP step_10] CLICK: 25
2026-01-19T04:12:32.1985572Z     🔍 Mining locators for: '25'
2026-01-19T04:12:32.2242281Z     🧠 Consulting AI (Vision-First) to find '25'...
2026-01-19T04:12:32.2243059Z     🔍 Trying smart selectors for '25'...
2026-01-19T04:12:32.2627040Z     ⚠️ Smart selectors failed (no unique match). Falling back to AI Vision...
2026-01-19T04:12:32.2628373Z     🧠 [EXPERT] Strategy: Act as Senior SDET focusing on exploring the application to understand functional flow and identifying critical paths for end-to-end automation.
2026-01-19T04:12:37.1486516Z [DEBUG] Sending request to gemini-2.0-flash. Number of parts: 2
2026-01-19T04:12:37.1487381Z [DEBUG] Received response (Length: 274)
2026-01-19T04:12:37.1489399Z     💡 Expert Suggestion: The number '25' is not visible on the current page. It might appear after completing the 'Verify you are human' challenge.
2026-01-19T04:12:37.1491960Z     🛠️ Executing corrective action: click -> 'Verify you are human'
2026-01-19T04:12:37.6925132Z     ✅ Executed corrective navigation
2026-01-19T04:12:39.6948531Z     🔄 Retry 1/3 mining locators for '25'...
2026-01-19T04:12:40.7233973Z     🧠 Consulting AI (Vision-First) to find '25'...
2026-01-19T04:12:40.7234427Z     🔍 Trying smart selectors for '25'...
2026-01-19T04:12:40.7624108Z     ⚠️ Smart selectors failed (no unique match). Falling back to AI Vision...
2026-01-19T04:12:40.7625983Z     🧠 [EXPERT] Strategy: Act as Senior SDET focusing on exploring the application to understand functional flow and identifying critical paths for end-to-end automation.
2026-01-19T04:12:40.7629706Z [CACHE HIT] 3f59251e... (hits: 38, misses: 38)
2026-01-19T04:12:40.7630274Z     ⚠️ Skipping duplicate injection: Verify you are human
2026-01-19T04:12:40.7630682Z     🔄 Retry 2/3 mining locators for '25'...
2026-01-19T04:12:41.7644724Z     🗑️ Invalidating stale AI cache (retry 2)...
2026-01-19T04:12:41.7646257Z     ⚠️ Cache invalidation warning: No module named 'core.agents.domain_expert'
2026-01-19T04:12:41.7912420Z     🧠 Consulting AI (Vision-First) to find '25'...
2026-01-19T04:12:41.7913183Z     🔍 Trying smart selectors for '25'...
2026-01-19T04:12:41.8298189Z     ⚠️ Smart selectors failed (no unique match). Falling back to AI Vision...
2026-01-19T04:12:41.8300225Z     🧠 [EXPERT] Strategy: Act as Senior SDET focusing on exploring the application to understand functional flow and identifying critical paths for end-to-end automation.
2026-01-19T04:12:41.8303038Z [CACHE HIT] 3f59251e... (hits: 39, misses: 38)
2026-01-19T04:12:41.8303940Z     ⚠️ Skipping duplicate injection: Verify you are human
2026-01-19T04:12:41.8304872Z     🧠 Verifying step validity for '25' after no candidates found...
2026-01-19T04:12:42.9658865Z [DEBUG] Sending request to gemini-2.0-flash. Number of parts: 2
2026-01-19T04:12:42.9659490Z [DEBUG] Received response (Length: 170)
2026-01-19T04:12:42.9660738Z     🗑️ Step deemed INVALID: The number '25' is not visible on the current page. The page is showing a Cloudflare verification challenge.. Removing from workflow.
2026-01-19T04:12:42.9661901Z     ⏭️ Skipping execution of invalid step: 25
2026-01-19T04:12:42.9662311Z   ▶️ [STEP step_11] CLICK: Return
2026-01-19T04:12:42.9715355Z     🔍 Mining locators for: 'Return'
2026-01-19T04:12:42.9985063Z     🧠 Consulting AI (Vision-First) to find 'Return'...
2026-01-19T04:12:42.9985534Z     🔍 Trying smart selectors for 'Return'...
2026-01-19T04:12:43.0360264Z     ⚠️ Smart selectors failed (no unique match). Falling back to AI Vision...
2026-01-19T04:12:43.0362289Z     🧠 [EXPERT] Strategy: Act as Senior SDET focusing on exploring the application to understand functional flow and identifying critical paths for end-to-end automation.
2026-01-19T04:12:48.0636038Z [DEBUG] Sending request to gemini-2.0-flash. Number of parts: 2
2026-01-19T04:12:48.0637437Z [DEBUG] Received response (Length: 287)
2026-01-19T04:12:48.0640113Z     💡 Expert Suggestion: The current page is a security check. After passing the check, the travel booking interface should appear, where 'Return' can be found.
2026-01-19T04:12:48.0642690Z     🛠️ Executing corrective action: click -> 'Verify you are human'
2026-01-19T04:12:48.6139547Z     ✅ Executed corrective navigation
2026-01-19T04:12:50.6163323Z     🔄 Retry 1/3 mining locators for 'Return'...
2026-01-19T04:12:51.6486647Z     🧠 Consulting AI (Vision-First) to find 'Return'...
2026-01-19T04:12:51.6487206Z     🔍 Trying smart selectors for 'Return'...
2026-01-19T04:12:51.6858849Z     ⚠️ Smart selectors failed (no unique match). Falling back to AI Vision...
2026-01-19T04:12:51.6860100Z     🧠 [EXPERT] Strategy: Act as Senior SDET focusing on exploring the application to understand functional flow and identifying critical paths for end-to-end automation.
2026-01-19T04:12:51.6863772Z [CACHE HIT] 17a2e99e... (hits: 40, misses: 40)
2026-01-19T04:12:51.6864520Z     ⚠️ Skipping duplicate injection: Verify you are human
2026-01-19T04:12:51.6864937Z     🔄 Retry 2/3 mining locators for 'Return'...
2026-01-19T04:12:52.6877924Z     🗑️ Invalidating stale AI cache (retry 2)...
2026-01-19T04:12:52.6879139Z     ⚠️ Cache invalidation warning: No module named 'core.agents.domain_expert'
2026-01-19T04:12:52.7144596Z     🧠 Consulting AI (Vision-First) to find 'Return'...
2026-01-19T04:12:52.7145333Z     🔍 Trying smart selectors for 'Return'...
2026-01-19T04:12:52.7561458Z     ⚠️ Smart selectors failed (no unique match). Falling back to AI Vision...
2026-01-19T04:12:52.7562716Z     🧠 [EXPERT] Strategy: Act as Senior SDET focusing on exploring the application to understand functional flow and identifying critical paths for end-to-end automation.
2026-01-19T04:12:52.7566167Z [CACHE HIT] 17a2e99e... (hits: 41, misses: 40)
2026-01-19T04:12:52.7566970Z     ⚠️ Skipping duplicate injection: Verify you are human
2026-01-19T04:12:52.7567590Z     🧠 Verifying step validity for 'Return' after no candidates found...
2026-01-19T04:13:58.0930498Z [DEBUG] Sending request to gemini-2.0-flash. Number of parts: 2
2026-01-19T04:13:58.0932143Z [DEBUG] LLM Error: 429 RESOURCE_EXHAUSTED. {'error': {'code': 429, 'message': 'Resource exhausted. Please try again later. Please refer to https://cloud.google.com/vertex-ai/generative-ai/docs/error-code-429 for more details.', 'status': 'RESOURCE_EXHAUSTED'}}
2026-01-19T04:13:58.0933552Z ⚠️ 429 Rate Limit Hit. Cooling down for 60s...
2026-01-19T04:13:58.0933947Z [DEBUG] Sending request to gemini-2.0-flash. Number of parts: 2
2026-01-19T04:13:58.0934331Z [DEBUG] Received response (Length: 228)
2026-01-19T04:13:58.0935394Z     🗑️ Step deemed INVALID: The current page is a Cloudflare security check. The element 'Return' related to travel booking is not present on this page. We need to pass the security check first.. Removing from workflow.
2026-01-19T04:13:58.0936373Z     ⏭️ Skipping execution of invalid step: Return
2026-01-19T04:13:58.0936738Z   ▶️ [STEP step_12] CLICK: 30
2026-01-19T04:13:58.0991131Z     🔍 Mining locators for: '30'
2026-01-19T04:13:58.1283384Z     🧠 Consulting AI (Vision-First) to find '30'...
2026-01-19T04:13:58.1283966Z     🔍 Trying smart selectors for '30'...
2026-01-19T04:13:58.1665750Z     ⚠️ Smart selectors failed (no unique match). Falling back to AI Vision...
2026-01-19T04:13:58.1668001Z     🧠 [EXPERT] Strategy: Act as Senior SDET focusing on exploring the application to understand functional flow and identifying critical paths for end-to-end automation.
2026-01-19T04:14:03.1234729Z [DEBUG] Sending request to gemini-2.0-flash. Number of parts: 2
2026-01-19T04:14:03.1235260Z [DEBUG] Received response (Length: 268)
2026-01-19T04:14:03.1236296Z     💡 Expert Suggestion: The number '30' is not visible on the current page. It might appear after completing the human verification process.
2026-01-19T04:14:03.1237157Z     🛠️ Executing corrective action: click -> 'Verify you are human'
2026-01-19T04:14:03.6670609Z     ✅ Executed corrective navigation
2026-01-19T04:14:05.6693822Z     🔄 Retry 1/3 mining locators for '30'...
2026-01-19T04:14:06.6970124Z     🧠 Consulting AI (Vision-First) to find '30'...
2026-01-19T04:14:06.6970600Z     🔍 Trying smart selectors for '30'...
2026-01-19T04:14:06.7335408Z     ⚠️ Smart selectors failed (no unique match). Falling back to AI Vision...
2026-01-19T04:14:06.7336919Z     🧠 [EXPERT] Strategy: Act as Senior SDET focusing on exploring the application to understand functional flow and identifying critical paths for end-to-end automation.
2026-01-19T04:14:06.7340288Z [CACHE HIT] cc3f6ac8... (hits: 42, misses: 43)
2026-01-19T04:14:06.7341186Z     ⚠️ Skipping duplicate injection: Verify you are human
2026-01-19T04:14:06.7341821Z     🔄 Retry 2/3 mining locators for '30'...
2026-01-19T04:14:07.7354900Z     🗑️ Invalidating stale AI cache (retry 2)...
2026-01-19T04:14:07.7356689Z     ⚠️ Cache invalidation warning: No module named 'core.agents.domain_expert'
2026-01-19T04:14:07.7617961Z     🧠 Consulting AI (Vision-First) to find '30'...
2026-01-19T04:14:07.7618673Z     🔍 Trying smart selectors for '30'...
2026-01-19T04:14:07.7989262Z     ⚠️ Smart selectors failed (no unique match). Falling back to AI Vision...
2026-01-19T04:14:07.7991472Z     🧠 [EXPERT] Strategy: Act as Senior SDET focusing on exploring the application to understand functional flow and identifying critical paths for end-to-end automation.
2026-01-19T04:14:07.7995043Z [CACHE HIT] cc3f6ac8... (hits: 43, misses: 43)
2026-01-19T04:14:07.7995716Z     ⚠️ Skipping duplicate injection: Verify you are human
2026-01-19T04:14:07.7996709Z     🧠 Verifying step validity for '30' after no candidates found...
2026-01-19T04:14:08.9494998Z [DEBUG] Sending request to gemini-2.0-flash. Number of parts: 2
2026-01-19T04:14:08.9495750Z [DEBUG] Received response (Length: 173)
2026-01-19T04:14:08.9497853Z     🗑️ Step deemed INVALID: The number '30' is not visible on the current page. The page is displaying a Cloudflare verification challenge.. Removing from workflow.
2026-01-19T04:14:08.9499757Z     ⏭️ Skipping execution of invalid step: 30
2026-01-19T04:14:08.9500531Z   ▶️ [STEP step_13] CLICK: Search
2026-01-19T04:14:08.9560476Z     🔍 Mining locators for: 'Search'
2026-01-19T04:14:08.9818575Z     🧠 Consulting AI (Vision-First) to find 'Search'...
2026-01-19T04:14:08.9819355Z     🔍 Trying smart selectors for 'Search'...
2026-01-19T04:14:09.0200144Z     ⚠️ Smart selectors failed (no unique match). Falling back to AI Vision...
2026-01-19T04:14:09.0201938Z     🧠 [EXPERT] Strategy: Act as Senior SDET focusing on exploring the application to understand functional flow and identifying critical paths for end-to-end automation.
2026-01-19T04:14:14.1375220Z [DEBUG] Sending request to gemini-2.0-flash. Number of parts: 2
2026-01-19T04:14:14.1376014Z [DEBUG] Received response (Length: 263)
2026-01-19T04:14:14.1377761Z     💡 Expert Suggestion: The page is a Cloudflare security check. After passing the check, the search functionality should be available.
2026-01-19T04:14:14.1379407Z     🛠️ Executing corrective action: click -> 'Verify you are human'
2026-01-19T04:14:14.6790159Z     ✅ Executed corrective navigation
2026-01-19T04:14:16.6813919Z     🔄 Retry 1/3 mining locators for 'Search'...
2026-01-19T04:14:17.7123339Z     🧠 Consulting AI (Vision-First) to find 'Search'...
2026-01-19T04:14:17.7123856Z     🔍 Trying smart selectors for 'Search'...
2026-01-19T04:14:17.7483725Z     ⚠️ Smart selectors failed (no unique match). Falling back to AI Vision...
2026-01-19T04:14:17.7485010Z     🧠 [EXPERT] Strategy: Act as Senior SDET focusing on exploring the application to understand functional flow and identifying critical paths for end-to-end automation.
2026-01-19T04:14:19.2731648Z [DEBUG] Sending request to gemini-2.0-flash. Number of parts: 2
2026-01-19T04:14:19.2732510Z [DEBUG] Received response (Length: 296)
2026-01-19T04:14:19.2734699Z     💡 Expert Suggestion: The page is currently verifying the user. Need to wait for the verification to complete and the main page to load before searching for the 'Search' element.
2026-01-19T04:14:19.2736944Z     🛠️ Executing corrective action: wait -> 'page load'
2026-01-19T04:14:19.3472359Z     🔄 Retry 2/3 mining locators for 'Search'...
2026-01-19T04:14:20.3494892Z     🗑️ Invalidating stale AI cache (retry 2)...
2026-01-19T04:14:20.3496079Z     ⚠️ Cache invalidation warning: No module named 'core.agents.domain_expert'
2026-01-19T04:14:20.3794959Z     🧠 Consulting AI (Vision-First) to find 'Search'...
2026-01-19T04:14:20.3795750Z     🔍 Trying smart selectors for 'Search'...
2026-01-19T04:14:20.4178617Z     ⚠️ Smart selectors failed (no unique match). Falling back to AI Vision...
2026-01-19T04:14:20.4179838Z     🧠 [EXPERT] Strategy: Act as Senior SDET focusing on exploring the application to understand functional flow and identifying critical paths for end-to-end automation.
2026-01-19T04:14:24.5018717Z [DEBUG] Sending request to gemini-2.0-flash. Number of parts: 2
2026-01-19T04:14:24.5019641Z [DEBUG] Received response (Length: 273)
2026-01-19T04:14:24.5020680Z     ⚠️ Skipping duplicate injection: Verify you are human
2026-01-19T04:14:24.5021954Z     🧠 Verifying step validity for 'Search' after no candidates found...
2026-01-19T04:14:29.2461884Z [DEBUG] Sending request to gemini-2.0-flash. Number of parts: 2
2026-01-19T04:14:29.2462659Z [DEBUG] Received response (Length: 236)
2026-01-19T04:14:29.2465082Z     🗑️ Step deemed INVALID: The current page is a Cloudflare security check. The 'Search' element is not present on this page. We need to pass the security check before we can interact with the website.. Removing from workflow.
2026-01-19T04:14:29.2466596Z     ⏭️ Skipping execution of invalid step: Search
2026-01-19T04:14:29.2467120Z   ▶️ [STEP step_14] ASSERT_VISIBLE: Flights Search Results
2026-01-19T04:14:29.2519149Z     🔍 Mining locators for: 'Flights Search Results'
2026-01-19T04:14:29.2787491Z     🧠 Consulting AI (Vision-First) to find 'Flights Search Results'...
2026-01-19T04:14:29.2788419Z     🔍 Trying smart selectors for 'Flights Search Results'...
2026-01-19T04:14:29.3355583Z     ⚠️ Smart selectors failed (no unique match). Falling back to AI Vision...
2026-01-19T04:14:29.3357771Z     🧠 [EXPERT] Strategy: Act as Senior SDET focusing on exploring the application to understand functional flow and identifying critical paths for end-to-end automation.
2026-01-19T04:14:34.0811720Z [DEBUG] Sending request to gemini-2.0-flash. Number of parts: 2
2026-01-19T04:14:34.0812666Z [DEBUG] Received response (Length: 292)
2026-01-19T04:14:34.0815029Z     💡 Expert Suggestion: The page is a Cloudflare verification page. We need to pass the verification to access the main website and find the Flights Search Results.
2026-01-19T04:14:34.0817333Z     🛠️ Executing corrective action: click -> 'Verify you are human'
2026-01-19T04:14:34.6239090Z     ✅ Executed corrective navigation
2026-01-19T04:14:36.6262551Z     🔄 Retry 1/3 mining locators for 'Flights Search Results'...
2026-01-19T04:14:37.6546376Z     🧠 Consulting AI (Vision-First) to find 'Flights Search Results'...
2026-01-19T04:14:37.6547115Z     🔍 Trying smart selectors for 'Flights Search Results'...
2026-01-19T04:14:37.7089684Z     ⚠️ Smart selectors failed (no unique match). Falling back to AI Vision...
2026-01-19T04:14:37.7091175Z     🧠 [EXPERT] Strategy: Act as Senior SDET focusing on exploring the application to understand functional flow and identifying critical paths for end-to-end automation.
2026-01-19T04:14:37.7094613Z [CACHE HIT] c1ff3717... (hits: 44, misses: 49)
2026-01-19T04:14:37.7095435Z     ⚠️ Skipping duplicate injection: Verify you are human
2026-01-19T04:14:37.7095969Z     🔄 Retry 2/3 mining locators for 'Flights Search Results'...
2026-01-19T04:14:38.7109256Z     🗑️ Invalidating stale AI cache (retry 2)...
2026-01-19T04:14:38.7110492Z     ⚠️ Cache invalidation warning: No module named 'core.agents.domain_expert'
2026-01-19T04:14:38.7437838Z     🧠 Consulting AI (Vision-First) to find 'Flights Search Results'...
2026-01-19T04:14:38.7439468Z     🔍 Trying smart selectors for 'Flights Search Results'...
2026-01-19T04:14:38.7973524Z     ⚠️ Smart selectors failed (no unique match). Falling back to AI Vision...
2026-01-19T04:14:38.7975799Z     🧠 [EXPERT] Strategy: Act as Senior SDET focusing on exploring the application to understand functional flow and identifying critical paths for end-to-end automation.
2026-01-19T04:14:38.7978111Z [CACHE HIT] c1ff3717... (hits: 45, misses: 49)
2026-01-19T04:14:38.7978816Z     ⚠️ Skipping duplicate injection: Verify you are human
2026-01-19T04:14:38.7979739Z     🧠 Verifying step validity for 'Flights Search Results' after no candidates found...
2026-01-19T04:14:40.2449603Z [DEBUG] Sending request to gemini-2.0-flash. Number of parts: 2
2026-01-19T04:14:40.2450308Z [DEBUG] Received response (Length: 247)
2026-01-19T04:14:40.2452187Z     🗑️ Step deemed INVALID: The current page shows a Cloudflare verification page. There are no flight search results on this page. We need to pass the verification before proceeding to the actual website content.. Removing from workflow.
2026-01-19T04:14:40.2453678Z     ⏭️ Skipping execution of invalid step: Flights Search Results
2026-01-19T04:14:42.2824796Z 
2026-01-19T04:14:42.2826065Z [3/3] Exploring Scenario: Explore Travel Booking - Contact Us Flow
2026-01-19T04:14:42.2827877Z     🧠 Initialized exploration context for goal: 'Explore travel booking'
2026-01-19T04:14:42.2829643Z   ▶️ [STEP step_1] NAVIGATE: 
2026-01-19T04:14:42.9089056Z     ✅ Navigated to https://phptravels.com/demo/
2026-01-19T04:14:42.9090269Z   ▶️ [STEP step_2] ASSERT_URL: 
2026-01-19T04:14:47.9618891Z     ⚠️ Scroll into view failed for text=None. Proceeding anyway.
2026-01-19T04:14:49.9642293Z     ✅ State transitioned.
2026-01-19T04:14:51.9041307Z [DEBUG] Sending request to gemini-2.0-flash. Number of parts: 2
2026-01-19T04:14:51.9042043Z [DEBUG] Received response (Length: 291)
2026-01-19T04:14:51.9042955Z     🤖 AI Next Step Suggestion: click -> Verify you are human
2026-01-19T04:14:51.9043907Z     🧩 Suggested Locator: xpath://*[@id='uGwJn1']/../..//input[@type='checkbox']
2026-01-19T04:14:51.9044883Z     💭 Reasoning: The page requires human verification before proceeding. Clicking the checkbox is the next logical step to access the website.
2026-01-19T04:14:51.9045609Z     ➕ Injected AI step: click -> Verify you are human
2026-01-19T04:14:51.9046001Z   ▶️ [STEP step_2_ai_1] CLICK: Verify you are human
2026-01-19T04:14:51.9104246Z     🎯 Using AI-provided locator: xpath://*[@id='uGwJn1']/../..//input[@type='checkbox']
2026-01-19T04:14:51.9120030Z     🔍 Mining locators for: 'Verify you are human'
2026-01-19T04:14:51.9425720Z     ✅ Found 1 verified locators
2026-01-19T04:14:55.5017362Z     ✅ State transitioned.
2026-01-19T04:14:56.7369634Z [DEBUG] Sending request to gemini-2.0-flash. Number of parts: 2
2026-01-19T04:14:56.7370313Z [DEBUG] Received response (Length: 222)
2026-01-19T04:14:56.7387622Z     🤖 AI Next Step Suggestion: click -> Verify you are human
2026-01-19T04:14:56.7388375Z     🧩 Suggested Locator: xpath=//input[@type='checkbox']
2026-01-19T04:14:56.7389363Z     💭 Reasoning: The page requires human verification. Clicking the checkbox is the next logical step to proceed.
2026-01-19T04:14:56.7390448Z ⚠️ Loop detected: same AI suggestion repeated 2 times. Moving to next step.
2026-01-19T04:14:56.7391387Z   ▶️ [STEP step_3] CLICK: Contact
2026-01-19T04:14:56.7433639Z     🔍 Mining locators for: 'Contact'
2026-01-19T04:14:56.7692231Z     🧠 Consulting AI (Vision-First) to find 'Contact'...
2026-01-19T04:14:56.7692760Z     🔍 Trying smart selectors for 'Contact'...
2026-01-19T04:14:56.8096351Z     ⚠️ Smart selectors failed (no unique match). Falling back to AI Vision...
2026-01-19T04:14:56.8098651Z     🧠 [EXPERT] Strategy: Act as Senior SDET focusing on exploring the application to understand functional flow and identifying critical paths for end-to-end automation.
2026-01-19T04:15:01.9390065Z [DEBUG] Sending request to gemini-2.0-flash. Number of parts: 2
2026-01-19T04:15:01.9391230Z [DEBUG] Received response (Length: 299)
2026-01-19T04:15:01.9393949Z     💡 Expert Suggestion: The current page is a Cloudflare verification page. Clicking on the phptravels.com link should redirect to the main website where 'Contact' can be found.
2026-01-19T04:15:01.9395229Z     🛠️ Executing corrective action: click -> 'phptravels.com'
2026-01-19T04:15:02.4883791Z     ✅ Executed corrective navigation
2026-01-19T04:15:04.4907606Z     🔄 Retry 1/3 mining locators for 'Contact'...
2026-01-19T04:15:05.5180144Z     🧠 Consulting AI (Vision-First) to find 'Contact'...
2026-01-19T04:15:05.5180640Z     🔍 Trying smart selectors for 'Contact'...
2026-01-19T04:15:05.5554107Z     ⚠️ Smart selectors failed (no unique match). Falling back to AI Vision...
2026-01-19T04:15:05.5556154Z     🧠 [EXPERT] Strategy: Act as Senior SDET focusing on exploring the application to understand functional flow and identifying critical paths for end-to-end automation.
2026-01-19T04:15:05.5558913Z [CACHE HIT] 0e871366... (hits: 46, misses: 53)
2026-01-19T04:15:05.5559756Z     ⚠️ Skipping duplicate injection: phptravels.com
2026-01-19T04:15:05.5560535Z     🔄 Retry 2/3 mining locators for 'Contact'...
2026-01-19T04:15:06.5573364Z     🗑️ Invalidating stale AI cache (retry 2)...
2026-01-19T04:15:06.5574853Z     ⚠️ Cache invalidation warning: No module named 'core.agents.domain_expert'
2026-01-19T04:15:06.5842436Z     🧠 Consulting AI (Vision-First) to find 'Contact'...
2026-01-19T04:15:06.5842999Z     🔍 Trying smart selectors for 'Contact'...
2026-01-19T04:15:06.6219062Z     ⚠️ Smart selectors failed (no unique match). Falling back to AI Vision...
2026-01-19T04:15:06.6220353Z     🧠 [EXPERT] Strategy: Act as Senior SDET focusing on exploring the application to understand functional flow and identifying critical paths for end-to-end automation.
2026-01-19T04:15:06.6223767Z [CACHE HIT] 0e871366... (hits: 47, misses: 53)
2026-01-19T04:15:06.6224535Z     ⚠️ Skipping duplicate injection: phptravels.com
2026-01-19T04:15:06.6225109Z     🧠 Verifying step validity for 'Contact' after no candidates found...
2026-01-19T04:15:07.7587829Z [DEBUG] Sending request to gemini-2.0-flash. Number of parts: 2
2026-01-19T04:15:07.7588633Z [DEBUG] Received response (Length: 239)
2026-01-19T04:15:07.7591699Z     🗑️ Step deemed INVALID: The current page is a Cloudflare security check. The 'Contact' element is not available on this page. We need to pass the security check before proceeding to the actual website.. Removing from workflow.
2026-01-19T04:15:07.7594215Z     ⏭️ Skipping execution of invalid step: Contact
2026-01-19T04:15:07.7595075Z   ▶️ [STEP step_4] ASSERT_VISIBLE: Contact Us
2026-01-19T04:15:07.7650184Z     🔍 Mining locators for: 'Contact Us'
2026-01-19T04:15:07.7928863Z     🧠 Consulting AI (Vision-First) to find 'Contact Us'...
2026-01-19T04:15:07.7929388Z     🔍 Trying smart selectors for 'Contact Us'...
2026-01-19T04:15:07.8381992Z     ⚠️ Smart selectors failed (no unique match). Falling back to AI Vision...
2026-01-19T04:15:07.8383230Z     🧠 [EXPERT] Strategy: Act as Senior SDET focusing on exploring the application to understand functional flow and identifying critical paths for end-to-end automation.
2026-01-19T04:15:12.8892679Z [DEBUG] Sending request to gemini-2.0-flash. Number of parts: 2
2026-01-19T04:15:12.8893287Z [DEBUG] Received response (Length: 288)
2026-01-19T04:15:12.8894670Z     💡 Expert Suggestion: The current page is a Cloudflare security check. After passing the check, the main website should load, where 'Contact Us' can be found.
2026-01-19T04:15:12.8895775Z     🛠️ Executing corrective action: click -> 'Verify you are human'
2026-01-19T04:15:13.4359722Z     ✅ Executed corrective navigation
2026-01-19T04:15:15.4383446Z     🔄 Retry 1/3 mining locators for 'Contact Us'...
2026-01-19T04:15:16.4765143Z     🧠 Consulting AI (Vision-First) to find 'Contact Us'...
2026-01-19T04:15:16.4765958Z     🔍 Trying smart selectors for 'Contact Us'...
2026-01-19T04:15:16.5203045Z     ⚠️ Smart selectors failed (no unique match). Falling back to AI Vision...
2026-01-19T04:15:16.5205157Z     🧠 [EXPERT] Strategy: Act as Senior SDET focusing on exploring the application to understand functional flow and identifying critical paths for end-to-end automation.
2026-01-19T04:15:16.5207710Z [CACHE HIT] 7c273d3c... (hits: 48, misses: 55)
2026-01-19T04:15:16.5208455Z     ⚠️ Skipping duplicate injection: Verify you are human
2026-01-19T04:15:16.5209144Z     🔄 Retry 2/3 mining locators for 'Contact Us'...
2026-01-19T04:15:17.5222552Z     🗑️ Invalidating stale AI cache (retry 2)...
2026-01-19T04:15:17.5223654Z     ⚠️ Cache invalidation warning: No module named 'core.agents.domain_expert'
2026-01-19T04:15:17.5487075Z     🧠 Consulting AI (Vision-First) to find 'Contact Us'...
2026-01-19T04:15:17.5487891Z     🔍 Trying smart selectors for 'Contact Us'...
2026-01-19T04:15:17.5913265Z     ⚠️ Smart selectors failed (no unique match). Falling back to AI Vision...
2026-01-19T04:15:17.5914519Z     🧠 [EXPERT] Strategy: Act as Senior SDET focusing on exploring the application to understand functional flow and identifying critical paths for end-to-end automation.
2026-01-19T04:15:17.5917855Z [CACHE HIT] 7c273d3c... (hits: 49, misses: 55)
2026-01-19T04:15:17.5918690Z     ⚠️ Skipping duplicate injection: Verify you are human
2026-01-19T04:15:17.5919231Z     🧠 Verifying step validity for 'Contact Us' after no candidates found...
2026-01-19T04:15:18.6531962Z [DEBUG] Sending request to gemini-2.0-flash. Number of parts: 2
2026-01-19T04:15:18.6532516Z [DEBUG] Received response (Length: 241)
2026-01-19T04:15:18.6534037Z     🗑️ Step deemed INVALID: The current page is a Cloudflare verification page. The 'Contact Us' element is not present on this page. We need to pass the verification before proceeding to the actual website.. Removing from workflow.
2026-01-19T04:15:18.6535105Z     ⏭️ Skipping execution of invalid step: Contact Us
2026-01-19T04:15:18.6535468Z   ▶️ [STEP step_5] FILL: First Name
2026-01-19T04:15:18.6589281Z     🔍 Mining locators for: 'First Name'
2026-01-19T04:15:18.6834181Z     🧠 Consulting AI (Vision-First) to find 'First Name'...
2026-01-19T04:15:18.6834996Z     🔍 Trying smart selectors for 'First Name'...
2026-01-19T04:15:18.7322920Z     ⚠️ Smart selectors failed (no unique match). Falling back to AI Vision...
2026-01-19T04:15:18.7324207Z     🧠 [EXPERT] Strategy: Act as Senior SDET focusing on exploring the application to understand functional flow and identifying critical paths for end-to-end automation.
2026-01-19T04:15:24.3941025Z [DEBUG] Sending request to gemini-2.0-flash. Number of parts: 2
2026-01-19T04:15:24.3941796Z [DEBUG] Received response (Length: 323)
2026-01-19T04:15:24.3942960Z     💡 Expert Suggestion: The current page is a Cloudflare verification page. After passing the verification, the user will be redirected to the main page where the 'First Name' field can be found.
2026-01-19T04:15:24.3943913Z     🛠️ Executing corrective action: click -> 'Verify you are human'
2026-01-19T04:15:24.9345571Z     ✅ Executed corrective navigation
2026-01-19T04:15:26.9368884Z     🔄 Retry 1/3 mining locators for 'First Name'...
2026-01-19T04:15:27.9668358Z     🧠 Consulting AI (Vision-First) to find 'First Name'...
2026-01-19T04:15:27.9668887Z     🔍 Trying smart selectors for 'First Name'...
2026-01-19T04:15:28.0182851Z     ⚠️ Smart selectors failed (no unique match). Falling back to AI Vision...
2026-01-19T04:15:28.0185163Z     🧠 [EXPERT] Strategy: Act as Senior SDET focusing on exploring the application to understand functional flow and identifying critical paths for end-to-end automation.
2026-01-19T04:15:28.0189348Z [CACHE HIT] 67c77347... (hits: 50, misses: 57)
2026-01-19T04:15:28.0190024Z     ⚠️ Skipping duplicate injection: Verify you are human
2026-01-19T04:15:28.0190479Z     🔄 Retry 2/3 mining locators for 'First Name'...
2026-01-19T04:15:29.0203395Z     🗑️ Invalidating stale AI cache (retry 2)...
2026-01-19T04:15:29.0204363Z     ⚠️ Cache invalidation warning: No module named 'core.agents.domain_expert'
2026-01-19T04:15:29.0456868Z     🧠 Consulting AI (Vision-First) to find 'First Name'...
2026-01-19T04:15:29.0458047Z     🔍 Trying smart selectors for 'First Name'...
2026-01-19T04:15:29.0963472Z     ⚠️ Smart selectors failed (no unique match). Falling back to AI Vision...
2026-01-19T04:15:29.0965037Z     🧠 [EXPERT] Strategy: Act as Senior SDET focusing on exploring the application to understand functional flow and identifying critical paths for end-to-end automation.
2026-01-19T04:15:29.0968088Z [CACHE HIT] 67c77347... (hits: 51, misses: 57)
2026-01-19T04:15:29.0968915Z     ⚠️ Skipping duplicate injection: Verify you are human
2026-01-19T04:15:29.0969449Z     🧠 Verifying step validity for 'First Name' after no candidates found...
2026-01-19T04:15:30.4184370Z [DEBUG] Sending request to gemini-2.0-flash. Number of parts: 2
2026-01-19T04:15:30.4185171Z [DEBUG] Received response (Length: 232)
2026-01-19T04:15:30.4187950Z     🗑️ Step deemed INVALID: The current page is a Cloudflare verification page. There is no 'First Name' field on this page. We need to pass the verification before proceeding to the actual website.. Removing from workflow.
2026-01-19T04:15:30.4190428Z     ⏭️ Skipping execution of invalid step: First Name
2026-01-19T04:15:30.4191520Z   ▶️ [STEP step_6] FILL: Last Name
2026-01-19T04:15:30.4251117Z     🔍 Mining locators for: 'Last Name'
2026-01-19T04:15:30.4492199Z     🧠 Consulting AI (Vision-First) to find 'Last Name'...
2026-01-19T04:15:30.4492832Z     🔍 Trying smart selectors for 'Last Name'...
2026-01-19T04:15:30.4984873Z     ⚠️ Smart selectors failed (no unique match). Falling back to AI Vision...
2026-01-19T04:15:30.4986179Z     🧠 [EXPERT] Strategy: Act as Senior SDET focusing on exploring the application to understand functional flow and identifying critical paths for end-to-end automation.
2026-01-19T04:15:35.4847712Z [DEBUG] Sending request to gemini-2.0-flash. Number of parts: 2
2026-01-19T04:15:35.4848441Z [DEBUG] Received response (Length: 322)
2026-01-19T04:15:35.4849768Z     💡 Expert Suggestion: The current page is a Cloudflare verification page. After passing the verification, the user will be redirected to the main page where the 'Last Name' field can be found.
2026-01-19T04:15:35.4850771Z     🛠️ Executing corrective action: click -> 'Verify you are human'
2026-01-19T04:15:36.0265345Z     ✅ Executed corrective navigation
2026-01-19T04:15:38.0288818Z     🔄 Retry 1/3 mining locators for 'Last Name'...
2026-01-19T04:15:39.0578134Z     🧠 Consulting AI (Vision-First) to find 'Last Name'...
2026-01-19T04:15:39.0578937Z     🔍 Trying smart selectors for 'Last Name'...
2026-01-19T04:15:39.1064059Z     ⚠️ Smart selectors failed (no unique match). Falling back to AI Vision...
2026-01-19T04:15:39.1065361Z     🧠 [EXPERT] Strategy: Act as Senior SDET focusing on exploring the application to understand functional flow and identifying critical paths for end-to-end automation.
2026-01-19T04:15:39.1068809Z [CACHE HIT] ba7dca93... (hits: 52, misses: 59)
2026-01-19T04:15:39.1069531Z     ⚠️ Skipping duplicate injection: Verify you are human
2026-01-19T04:15:39.1070004Z     🔄 Retry 2/3 mining locators for 'Last Name'...
2026-01-19T04:15:40.1083652Z     🗑️ Invalidating stale AI cache (retry 2)...
2026-01-19T04:15:40.1085493Z     ⚠️ Cache invalidation warning: No module named 'core.agents.domain_expert'
2026-01-19T04:15:40.1350795Z     🧠 Consulting AI (Vision-First) to find 'Last Name'...
2026-01-19T04:15:40.1351607Z     🔍 Trying smart selectors for 'Last Name'...
2026-01-19T04:15:40.1925026Z     ⚠️ Smart selectors failed (no unique match). Falling back to AI Vision...
2026-01-19T04:15:40.1927171Z     🧠 [EXPERT] Strategy: Act as Senior SDET focusing on exploring the application to understand functional flow and identifying critical paths for end-to-end automation.
2026-01-19T04:15:40.1931266Z [CACHE HIT] ba7dca93... (hits: 53, misses: 59)
2026-01-19T04:15:40.1931907Z     ⚠️ Skipping duplicate injection: Verify you are human
2026-01-19T04:15:40.1933053Z     🧠 Verifying step validity for 'Last Name' after no candidates found...
2026-01-19T04:15:41.4465159Z [DEBUG] Sending request to gemini-2.0-flash. Number of parts: 2
2026-01-19T04:15:41.4465909Z [DEBUG] Received response (Length: 239)
2026-01-19T04:15:41.4468557Z     🗑️ Step deemed INVALID: The current page is a Cloudflare verification page. There is no 'Last Name' field on this page. We need to pass the verification before proceeding to the actual website content.. Removing from workflow.
2026-01-19T04:15:41.4471183Z     ⏭️ Skipping execution of invalid step: Last Name
2026-01-19T04:15:41.4471960Z   ▶️ [STEP step_7] FILL: Email
2026-01-19T04:15:41.4525478Z     🔍 Mining locators for: 'Email'
2026-01-19T04:15:41.4763439Z     🧠 Consulting AI (Vision-First) to find 'Email'...
2026-01-19T04:15:41.4764210Z     🔍 Trying smart selectors for 'Email'...
2026-01-19T04:15:41.5127965Z     ⚠️ Smart selectors failed (no unique match). Falling back to AI Vision...
2026-01-19T04:15:41.5129322Z     🧠 [EXPERT] Strategy: Act as Senior SDET focusing on exploring the application to understand functional flow and identifying critical paths for end-to-end automation.
2026-01-19T04:15:46.4661899Z [DEBUG] Sending request to gemini-2.0-flash. Number of parts: 2
2026-01-19T04:15:46.4662436Z [DEBUG] Received response (Length: 316)
2026-01-19T04:15:46.4663899Z     💡 Expert Suggestion: The current page is a Cloudflare verification page. After passing the verification, the user will be redirected to the main page where the email field can be found.
2026-01-19T04:15:46.4665107Z     🛠️ Executing corrective action: click -> 'Verify you are human'
2026-01-19T04:15:47.0092131Z     ✅ Executed corrective navigation
2026-01-19T04:15:49.0114878Z     🔄 Retry 1/3 mining locators for 'Email'...
2026-01-19T04:15:50.0411524Z     🧠 Consulting AI (Vision-First) to find 'Email'...
2026-01-19T04:15:50.0411992Z     🔍 Trying smart selectors for 'Email'...
2026-01-19T04:15:50.0782462Z     ⚠️ Smart selectors failed (no unique match). Falling back to AI Vision...
2026-01-19T04:15:50.0784683Z     🧠 [EXPERT] Strategy: Act as Senior SDET focusing on exploring the application to understand functional flow and identifying critical paths for end-to-end automation.
2026-01-19T04:15:50.0788400Z [CACHE HIT] fb5e1e71... (hits: 54, misses: 61)
2026-01-19T04:15:50.0788996Z     ⚠️ Skipping duplicate injection: Verify you are human
2026-01-19T04:15:50.0789515Z     🔄 Retry 2/3 mining locators for 'Email'...
2026-01-19T04:15:51.0802831Z     🗑️ Invalidating stale AI cache (retry 2)...
2026-01-19T04:15:51.0804344Z     ⚠️ Cache invalidation warning: No module named 'core.agents.domain_expert'
2026-01-19T04:15:51.1066903Z     🧠 Consulting AI (Vision-First) to find 'Email'...
2026-01-19T04:15:51.1067688Z     🔍 Trying smart selectors for 'Email'...
2026-01-19T04:15:51.1446074Z     ⚠️ Smart selectors failed (no unique match). Falling back to AI Vision...
2026-01-19T04:15:51.1447401Z     🧠 [EXPERT] Strategy: Act as Senior SDET focusing on exploring the application to understand functional flow and identifying critical paths for end-to-end automation.
2026-01-19T04:15:51.1451055Z [CACHE HIT] fb5e1e71... (hits: 55, misses: 61)
2026-01-19T04:15:51.1451884Z     ⚠️ Skipping duplicate injection: Verify you are human
2026-01-19T04:15:51.1452754Z     🧠 Verifying step validity for 'Email' after no candidates found...
2026-01-19T04:15:52.4295069Z [DEBUG] Sending request to gemini-2.0-flash. Number of parts: 2
2026-01-19T04:15:52.4295860Z [DEBUG] Received response (Length: 237)
2026-01-19T04:15:52.4297856Z     🗑️ Step deemed INVALID: The current page is a Cloudflare verification page. There is no 'Email' element present on this page. We need to pass the verification before proceeding to the actual website.. Removing from workflow.
2026-01-19T04:15:52.4299609Z     ⏭️ Skipping execution of invalid step: Email
2026-01-19T04:15:52.4300138Z   ▶️ [STEP step_8] FILL: Message
2026-01-19T04:15:52.4366096Z     🔍 Mining locators for: 'Message'
2026-01-19T04:15:52.4614694Z     🧠 Consulting AI (Vision-First) to find 'Message'...
2026-01-19T04:15:52.4615343Z     🔍 Trying smart selectors for 'Message'...
2026-01-19T04:15:52.4991824Z     ⚠️ Smart selectors failed (no unique match). Falling back to AI Vision...
2026-01-19T04:15:52.4993134Z     🧠 [EXPERT] Strategy: Act as Senior SDET focusing on exploring the application to understand functional flow and identifying critical paths for end-to-end automation.
2026-01-19T04:15:57.4949490Z [DEBUG] Sending request to gemini-2.0-flash. Number of parts: 2
2026-01-19T04:15:57.4950208Z [DEBUG] Received response (Length: 321)
2026-01-19T04:15:57.4952277Z     💡 Expert Suggestion: The page is a Cloudflare verification page. After completing the verification, the user will be redirected to the main page where the 'Message' element might be present.
2026-01-19T04:15:57.4953519Z     🛠️ Executing corrective action: click -> 'Verify you are human'
2026-01-19T04:15:58.0364902Z     ✅ Executed corrective navigation
2026-01-19T04:16:00.0388336Z     🔄 Retry 1/3 mining locators for 'Message'...
2026-01-19T04:16:01.0667560Z     🧠 Consulting AI (Vision-First) to find 'Message'...
2026-01-19T04:16:01.0668066Z     🔍 Trying smart selectors for 'Message'...
2026-01-19T04:16:01.1040574Z     ⚠️ Smart selectors failed (no unique match). Falling back to AI Vision...
2026-01-19T04:16:01.1042401Z     🧠 [EXPERT] Strategy: Act as Senior SDET focusing on exploring the application to understand functional flow and identifying critical paths for end-to-end automation.
2026-01-19T04:16:01.1045523Z [CACHE HIT] 36a5062b... (hits: 56, misses: 63)
2026-01-19T04:16:01.1046429Z     ⚠️ Skipping duplicate injection: Verify you are human
2026-01-19T04:16:01.1047125Z     🔄 Retry 2/3 mining locators for 'Message'...
2026-01-19T04:16:02.1060424Z     🗑️ Invalidating stale AI cache (retry 2)...
2026-01-19T04:16:02.1062044Z     ⚠️ Cache invalidation warning: No module named 'core.agents.domain_expert'
2026-01-19T04:16:02.1320071Z     🧠 Consulting AI (Vision-First) to find 'Message'...
2026-01-19T04:16:02.1320547Z     🔍 Trying smart selectors for 'Message'...
2026-01-19T04:16:02.1694287Z     ⚠️ Smart selectors failed (no unique match). Falling back to AI Vision...
2026-01-19T04:16:02.1695517Z     🧠 [EXPERT] Strategy: Act as Senior SDET focusing on exploring the application to understand functional flow and identifying critical paths for end-to-end automation.
2026-01-19T04:16:02.1698785Z [CACHE HIT] 36a5062b... (hits: 57, misses: 63)
2026-01-19T04:16:02.1699467Z     ⚠️ Skipping duplicate injection: Verify you are human
2026-01-19T04:16:02.1700047Z     🧠 Verifying step validity for 'Message' after no candidates found...
2026-01-19T04:16:03.4226193Z [DEBUG] Sending request to gemini-2.0-flash. Number of parts: 2
2026-01-19T04:16:03.4227089Z [DEBUG] Received response (Length: 249)
2026-01-19T04:16:03.4229926Z     🗑️ Step deemed INVALID: The page is showing a Cloudflare verification challenge. There is no 'Message' element visible on this page. We need to pass the Cloudflare check before proceeding with the original task.. Removing from workflow.
2026-01-19T04:16:03.4231941Z     ⏭️ Skipping execution of invalid step: Message
2026-01-19T04:16:03.4232385Z   ▶️ [STEP step_9] CLICK: Submit
2026-01-19T04:16:03.4283203Z     🔍 Mining locators for: 'Submit'
2026-01-19T04:16:03.4579527Z     🧠 Consulting AI (Vision-First) to find 'Submit'...
2026-01-19T04:16:03.4580275Z     🔍 Trying smart selectors for 'Submit'...
2026-01-19T04:16:03.4970392Z     ⚠️ Smart selectors failed (no unique match). Falling back to AI Vision...
2026-01-19T04:16:03.4972461Z     🧠 [EXPERT] Strategy: Act as Senior SDET focusing on exploring the application to understand functional flow and identifying critical paths for end-to-end automation.
2026-01-19T04:16:08.4441898Z [DEBUG] Sending request to gemini-2.0-flash. Number of parts: 2
2026-01-19T04:16:08.4442733Z [DEBUG] Received response (Length: 327)
2026-01-19T04:16:08.4444426Z     💡 Expert Suggestion: The page is a Cloudflare verification page. Clicking the 'Verify you are human' checkbox is required to proceed to the main website where the 'Submit' button would be located.
2026-01-19T04:16:08.4446296Z     🛠️ Executing corrective action: click -> 'Verify you are human'
2026-01-19T04:16:08.9854805Z     ✅ Executed corrective navigation
2026-01-19T04:16:10.9877957Z     🔄 Retry 1/3 mining locators for 'Submit'...
2026-01-19T04:16:12.0155450Z     🧠 Consulting AI (Vision-First) to find 'Submit'...
2026-01-19T04:16:12.0156015Z     🔍 Trying smart selectors for 'Submit'...
2026-01-19T04:16:12.0588961Z     ⚠️ Smart selectors failed (no unique match). Falling back to AI Vision...
2026-01-19T04:16:12.0590520Z     🧠 [EXPERT] Strategy: Act as Senior SDET focusing on exploring the application to understand functional flow and identifying critical paths for end-to-end automation.
2026-01-19T04:16:12.0593781Z [CACHE HIT] 6f3c58c1... (hits: 58, misses: 65)
2026-01-19T04:16:12.0594589Z     ⚠️ Skipping duplicate injection: Verify you are human
2026-01-19T04:16:12.0595177Z     🔄 Retry 2/3 mining locators for 'Submit'...
2026-01-19T04:16:13.0607554Z     🗑️ Invalidating stale AI cache (retry 2)...
2026-01-19T04:16:13.0608798Z     ⚠️ Cache invalidation warning: No module named 'core.agents.domain_expert'
2026-01-19T04:16:13.0937440Z     🧠 Consulting AI (Vision-First) to find 'Submit'...
2026-01-19T04:16:13.0938053Z     🔍 Trying smart selectors for 'Submit'...
2026-01-19T04:16:13.1318812Z     ⚠️ Smart selectors failed (no unique match). Falling back to AI Vision...
2026-01-19T04:16:13.1320789Z     🧠 [EXPERT] Strategy: Act as Senior SDET focusing on exploring the application to understand functional flow and identifying critical paths for end-to-end automation.
2026-01-19T04:16:13.1325410Z [CACHE HIT] 6f3c58c1... (hits: 59, misses: 65)
2026-01-19T04:16:13.1326209Z     ⚠️ Skipping duplicate injection: Verify you are human
2026-01-19T04:16:13.1327407Z     🧠 Verifying step validity for 'Submit' after no candidates found...
2026-01-19T04:16:14.7162751Z [DEBUG] Sending request to gemini-2.0-flash. Number of parts: 2
2026-01-19T04:16:14.7163543Z [DEBUG] Received response (Length: 229)
2026-01-19T04:16:14.7166363Z     🗑️ Step deemed INVALID: The page is showing a Cloudflare verification challenge. There is no 'Submit' button visible on this page. The user needs to complete the verification challenge first.. Removing from workflow.
2026-01-19T04:16:14.7168801Z     ⏭️ Skipping execution of invalid step: Submit
2026-01-19T04:16:14.7169647Z   ▶️ [STEP step_10] ASSERT_VISIBLE: Message Sent
2026-01-19T04:16:14.7224124Z     🔍 Mining locators for: 'Message Sent'
2026-01-19T04:16:14.7542715Z     🧠 Consulting AI (Vision-First) to find 'Message Sent'...
2026-01-19T04:16:14.7543504Z     🔍 Trying smart selectors for 'Message Sent'...
2026-01-19T04:16:14.8033204Z     ⚠️ Smart selectors failed (no unique match). Falling back to AI Vision...
2026-01-19T04:16:14.8035409Z     🧠 [EXPERT] Strategy: Act as Senior SDET focusing on exploring the application to understand functional flow and identifying critical paths for end-to-end automation.
2026-01-19T04:16:19.5610636Z [DEBUG] Sending request to gemini-2.0-flash. Number of parts: 2
2026-01-19T04:16:19.5611645Z [DEBUG] Received response (Length: 371)
2026-01-19T04:16:19.5614025Z     💡 Expert Suggestion: The current page is a Cloudflare verification page. After completing the verification, the user will be redirected to the main website where the 'Message Sent' element might be present after performing a booking action.
2026-01-19T04:16:19.5615582Z     🛠️ Executing corrective action: click -> 'Verify you are human'
2026-01-19T04:16:20.1032767Z     ✅ Executed corrective navigation
2026-01-19T04:16:22.1055968Z     🔄 Retry 1/3 mining locators for 'Message Sent'...
2026-01-19T04:16:23.1390389Z     🧠 Consulting AI (Vision-First) to find 'Message Sent'...
2026-01-19T04:16:23.1391173Z     🔍 Trying smart selectors for 'Message Sent'...
2026-01-19T04:16:23.1986339Z     ⚠️ Smart selectors failed (no unique match). Falling back to AI Vision...
2026-01-19T04:16:23.1988185Z     🧠 [EXPERT] Strategy: Act as Senior SDET focusing on exploring the application to understand functional flow and identifying critical paths for end-to-end automation.
2026-01-19T04:16:23.1992145Z [CACHE HIT] 84ddba74... (hits: 60, misses: 67)
2026-01-19T04:16:23.1992713Z     ⚠️ Skipping duplicate injection: Verify you are human
2026-01-19T04:16:23.1993189Z     🔄 Retry 2/3 mining locators for 'Message Sent'...
2026-01-19T04:16:24.2006629Z     🗑️ Invalidating stale AI cache (retry 2)...
2026-01-19T04:16:24.2007992Z     ⚠️ Cache invalidation warning: No module named 'core.agents.domain_expert'
2026-01-19T04:16:24.2347834Z     🧠 Consulting AI (Vision-First) to find 'Message Sent'...
2026-01-19T04:16:24.2348681Z     🔍 Trying smart selectors for 'Message Sent'...
2026-01-19T04:16:24.2891064Z     ⚠️ Smart selectors failed (no unique match). Falling back to AI Vision...
2026-01-19T04:16:24.2892321Z     🧠 [EXPERT] Strategy: Act as Senior SDET focusing on exploring the application to understand functional flow and identifying critical paths for end-to-end automation.
2026-01-19T04:16:24.2895823Z [CACHE HIT] 84ddba74... (hits: 61, misses: 67)
2026-01-19T04:16:24.2896552Z     ⚠️ Skipping duplicate injection: Verify you are human
2026-01-19T04:16:24.2897266Z     🧠 Verifying step validity for 'Message Sent' after no candidates found...
2026-01-19T04:16:25.4772626Z [DEBUG] Sending request to gemini-2.0-flash. Number of parts: 2
2026-01-19T04:16:25.4773404Z [DEBUG] Received response (Length: 255)
2026-01-19T04:16:25.4775786Z     🗑️ Step deemed INVALID: The current page is a Cloudflare verification page. The element 'Message Sent' is not present on this page. We need to pass the Cloudflare verification before proceeding with the original task.. Removing from workflow.
2026-01-19T04:16:25.4777211Z     ⏭️ Skipping execution of invalid step: Message Sent
2026-01-19T04:16:27.5148817Z 🗂️  All generated tests written to /home/runner/work/build_qa_automation/build_qa_automation/projects/ci_phptravels_demo/tests/generated_scenarios.json
2026-01-19T04:16:27.5155918Z 🔄 Updated workflow.json with discovered steps and locators.
2026-01-19T04:16:27.5156443Z 
2026-01-19T04:16:27.5156757Z ✅ Deep Exploration Complete.
2026-01-19T04:16:39.6883909Z 
2026-01-19T04:16:39.6884711Z 🚀 [EXECUTE] Starting Automation Execution Engine
2026-01-19T04:16:39.6885422Z 📍 Project: ci_phptravels_demo
2026-01-19T04:16:39.6885889Z 🎬 Mode: Headless
2026-01-19T04:16:39.6886091Z 
2026-01-19T04:16:39.6886354Z --- Scenario: Explore Travel Booking - Hotels Flow ---
2026-01-19T04:16:39.6887005Z   ▶️ [STEP step_1] NAVIGATE: Step step_1
2026-01-19T04:16:39.6887332Z     ✅ Step step_1 Passed.
2026-01-19T04:16:39.6887628Z   ▶️ [STEP step_2] ASSERT_URL: Step step_2
2026-01-19T04:16:39.6887942Z     ✅ Step step_2 Passed.
2026-01-19T04:16:39.6888256Z   ▶️ [STEP step_2_ai_1] CLICK: Verify you are human
2026-01-19T04:16:39.6888753Z     ⚠️ Mined locators not found on page. Falling back to semantic search.
2026-01-19T04:16:39.6889177Z     ✅ Step step_2_ai_1 Passed.
2026-01-19T04:16:39.6889606Z ✅ Scenario 'Explore Travel Booking - Hotels Flow' completed successfully!
2026-01-19T04:16:39.6889921Z 
2026-01-19T04:16:39.6890115Z --- Scenario: Explore Travel Booking - Flights Flow ---
2026-01-19T04:16:39.6890494Z   ▶️ [STEP step_1] NAVIGATE: Step step_1
2026-01-19T04:16:39.6890800Z     ✅ Step step_1 Passed.
2026-01-19T04:16:39.6891652Z   ▶️ [STEP step_2] ASSERT_URL: Step step_2
2026-01-19T04:16:39.6891971Z     ✅ Step step_2 Passed.
2026-01-19T04:16:39.6892272Z   ▶️ [STEP step_2_ai_1] CLICK: Verify you are human
2026-01-19T04:16:39.6892730Z     ⚠️ Mined locators not found on page. Falling back to semantic search.
2026-01-19T04:16:39.6893152Z     ✅ Step step_2_ai_1 Passed.
2026-01-19T04:16:39.6893581Z ✅ Scenario 'Explore Travel Booking - Flights Flow' completed successfully!
2026-01-19T04:16:39.6893896Z 
2026-01-19T04:16:39.6894055Z --- Scenario: Explore Travel Booking - Contact Us Flow ---
2026-01-19T04:16:39.6894446Z   ▶️ [STEP step_1] NAVIGATE: Step step_1
2026-01-19T04:16:39.6894751Z     ✅ Step step_1 Passed.
2026-01-19T04:16:39.6895032Z   ▶️ [STEP step_2] ASSERT_URL: Step step_2
2026-01-19T04:16:39.6895332Z     ✅ Step step_2 Passed.
2026-01-19T04:16:39.6895821Z   ▶️ [STEP step_2_ai_1] CLICK: Verify you are human
2026-01-19T04:16:39.6896284Z     ⚠️ Mined locators not found on page. Falling back to semantic search.
2026-01-19T04:16:39.6896708Z     ✅ Step step_2_ai_1 Passed.
2026-01-19T04:16:39.6897141Z ✅ Scenario 'Explore Travel Booking - Contact Us Flow' completed successfully!
2026-01-19T04:16:39.6897473Z 
2026-01-19T04:16:39.6897576Z ============================================================
2026-01-19T04:16:39.6897896Z 🎯 EXECUTION SUMMARY
2026-01-19T04:16:39.6898126Z ============================================================
2026-01-19T04:16:39.6898330Z 
2026-01-19T04:16:39.6898444Z 📋 Scenario Overview:
2026-01-19T04:16:39.6898701Z    • Total Scenarios Planned: 3
2026-01-19T04:16:39.6898973Z    • Scenarios Executed: 3
2026-01-19T04:16:39.6899237Z    • Total Steps Executed: 9
2026-01-19T04:16:39.6899388Z 
2026-01-19T04:16:39.6899488Z ✅ Results:
2026-01-19T04:16:39.6899697Z    ✅ Passed: 3 (100%)
2026-01-19T04:16:39.6899837Z 
2026-01-19T04:16:39.6899935Z ============================================================
2026-01-19T04:16:39.6900142Z 
2026-01-19T04:16:39.6900688Z 🏁 Execution Finished. Report: /home/runner/work/build_qa_automation/build_qa_automation/projects/ci_phptravels_demo/execution.json
2026-01-19T04:16:39.8863746Z 
2026-01-19T04:16:39.8864379Z [PHASE] Running Phase: DISCOVERY
2026-01-19T04:16:39.8865831Z    Command: /opt/hostedtoolcache/Python/3.11.14/x64/bin/python /home/runner/work/build_qa_automation/build_qa_automation/core/agents/discovery.py --project /home/runner/work/build_qa_automation/build_qa_automation/projects/ci_phptravels_demo --url https://phptravels.com/demo/ --deep
2026-01-19T04:16:39.8867345Z ✅ Phase 'discovery' completed successfully.
2026-01-19T04:16:39.8867565Z 
2026-01-19T04:16:39.8867672Z [PHASE] Running Phase: PLANNING
2026-01-19T04:16:39.8868975Z    Command: /opt/hostedtoolcache/Python/3.11.14/x64/bin/python /home/runner/work/build_qa_automation/build_qa_automation/core/agents/planner.py --project /home/runner/work/build_qa_automation/build_qa_automation/projects/ci_phptravels_demo --goal Explore travel booking --url https://phptravels.com/demo/ --deep
2026-01-19T04:16:39.8870433Z ✅ Phase 'planning' completed successfully.
2026-01-19T04:16:39.8870646Z 
2026-01-19T04:16:39.8870745Z [PHASE] Running Phase: EXPLORATION
2026-01-19T04:16:39.8872198Z    Command: /opt/hostedtoolcache/Python/3.11.14/x64/bin/python /home/runner/work/build_qa_automation/build_qa_automation/core/agents/deep_explorer.py --project /home/runner/work/build_qa_automation/build_qa_automation/projects/ci_phptravels_demo
2026-01-19T04:16:39.8873359Z ✅ Phase 'exploration' completed successfully.
2026-01-19T04:16:39.8873758Z 📊 Exploration Discovery Success Rate: 50.0%
2026-01-19T04:16:39.8874264Z ⚠️ Exploration failed to find stable locators for key steps. Execution might fail.
2026-01-19T04:16:39.8874614Z 
2026-01-19T04:16:39.8874711Z [PHASE] Running Phase: EXECUTION
2026-01-19T04:16:39.8875979Z    Command: /opt/hostedtoolcache/Python/3.11.14/x64/bin/python /home/runner/work/build_qa_automation/build_qa_automation/core/agents/executor.py --project /home/runner/work/build_qa_automation/build_qa_automation/projects/ci_phptravels_demo
2026-01-19T04:16:39.8877160Z ✅ Phase 'execution' completed successfully.
2026-01-19T04:16:39.8877352Z 
2026-01-19T04:16:39.8877462Z [DONE] Pipeline Execution Finished! [DONE]
2026-01-19T04:16:40.0322370Z ##[group]Run RESULT_FILE="projects/ci_phptravels_demo/execution.json"
2026-01-19T04:16:40.0322916Z [36;1mRESULT_FILE="projects/ci_phptravels_demo/execution.json"[0m
2026-01-19T04:16:40.0323299Z [36;1mif [ -f "$RESULT_FILE" ]; then[0m
2026-01-19T04:16:40.0323642Z [36;1m  echo "✅ Results generated successfully: $RESULT_FILE"[0m
2026-01-19T04:16:40.0324098Z [36;1m  cat "$RESULT_FILE" | jq '.scenarios | length' || echo "Result file exists"[0m
2026-01-19T04:16:40.0324479Z [36;1melse[0m
2026-01-19T04:16:40.0324720Z [36;1m  echo "❌ No result file found at $RESULT_FILE"[0m
2026-01-19T04:16:40.0325026Z [36;1m  exit 1[0m
2026-01-19T04:16:40.0325200Z [36;1mfi[0m
2026-01-19T04:16:40.0357203Z shell: /usr/bin/bash -e {0}
2026-01-19T04:16:40.0357487Z env:
2026-01-19T04:16:40.0357737Z   pythonLocation: /opt/hostedtoolcache/Python/3.11.14/x64
2026-01-19T04:16:40.0358166Z   PKG_CONFIG_PATH: /opt/hostedtoolcache/Python/3.11.14/x64/lib/pkgconfig
2026-01-19T04:16:40.0358626Z   Python_ROOT_DIR: /opt/hostedtoolcache/Python/3.11.14/x64
2026-01-19T04:16:40.0358996Z   Python2_ROOT_DIR: /opt/hostedtoolcache/Python/3.11.14/x64
2026-01-19T04:16:40.0359365Z   Python3_ROOT_DIR: /opt/hostedtoolcache/Python/3.11.14/x64
2026-01-19T04:16:40.0359741Z   LD_LIBRARY_PATH: /opt/hostedtoolcache/Python/3.11.14/x64/lib
2026-01-19T04:16:40.0360053Z ##[endgroup]
2026-01-19T04:16:40.0417852Z ✅ Results generated successfully: projects/ci_phptravels_demo/execution.json
2026-01-19T04:16:40.0446605Z 3
2026-01-19T04:16:40.0702317Z ##[group]Run actions/upload-artifact@v4
2026-01-19T04:16:40.0702803Z with:
2026-01-19T04:16:40.0703203Z   name: phptravels_demo-execution-results
2026-01-19T04:16:40.0703812Z   path: projects/ci_phptravels_demo/execution.json
projects/ci_phptravels_demo/workflow.json

2026-01-19T04:16:40.0704356Z   retention-days: 30
2026-01-19T04:16:40.0704564Z   if-no-files-found: warn
2026-01-19T04:16:40.0704785Z   compression-level: 6
2026-01-19T04:16:40.0704991Z   overwrite: false
2026-01-19T04:16:40.0705189Z   include-hidden-files: false
2026-01-19T04:16:40.0705407Z env:
2026-01-19T04:16:40.0705646Z   pythonLocation: /opt/hostedtoolcache/Python/3.11.14/x64
2026-01-19T04:16:40.0706073Z   PKG_CONFIG_PATH: /opt/hostedtoolcache/Python/3.11.14/x64/lib/pkgconfig
2026-01-19T04:16:40.0706491Z   Python_ROOT_DIR: /opt/hostedtoolcache/Python/3.11.14/x64
2026-01-19T04:16:40.0706853Z   Python2_ROOT_DIR: /opt/hostedtoolcache/Python/3.11.14/x64
2026-01-19T04:16:40.0707266Z   Python3_ROOT_DIR: /opt/hostedtoolcache/Python/3.11.14/x64
2026-01-19T04:16:40.0707639Z   LD_LIBRARY_PATH: /opt/hostedtoolcache/Python/3.11.14/x64/lib
2026-01-19T04:16:40.0707951Z ##[endgroup]
2026-01-19T04:16:40.2916289Z Multiple search paths detected. Calculating the least common ancestor of all paths
2026-01-19T04:16:40.2920676Z The least common ancestor is /home/runner/work/build_qa_automation/build_qa_automation/projects/ci_phptravels_demo. This will be the root directory of the artifact
2026-01-19T04:16:40.2922114Z With the provided path, there will be 2 files uploaded
2026-01-19T04:16:40.2927277Z Artifact name is valid!
2026-01-19T04:16:40.2928767Z Root directory input is valid!
2026-01-19T04:16:40.4078461Z Beginning upload of artifact content to blob storage
2026-01-19T04:16:40.5325889Z Uploaded bytes 1007
2026-01-19T04:16:40.5666915Z Finished uploading artifact content to blob storage!
2026-01-19T04:16:40.5670178Z SHA256 digest of uploaded artifact zip is 5cf6e8bbf30ce67b99d09c7811908ed92e3e71bfe0a2c05f9e81b34ff14f0e77
2026-01-19T04:16:40.5672333Z Finalizing artifact upload
2026-01-19T04:16:40.6562497Z Artifact phptravels_demo-execution-results.zip successfully finalized. Artifact ID 5172369233
2026-01-19T04:16:40.6564612Z Artifact phptravels_demo-execution-results has been successfully uploaded! Final size is 1007 bytes. Artifact ID is 5172369233
2026-01-19T04:16:40.6570754Z Artifact download URL: https://github.com/vishvasmca-cmd/build_qa_automation/actions/runs/21124435194/artifacts/5172369233
2026-01-19T04:16:40.6933059Z Post job cleanup.
2026-01-19T04:16:40.8478323Z Cache hit occurred on the primary key setup-python-Linux-x64-24.04-Ubuntu-python-3.11.14-pip-dde08d0e0b672972dcda9f1a063036a2e0c226f5d0a20362e9401931676d80a4, not saving cache.
2026-01-19T04:16:40.8909703Z Post job cleanup.
2026-01-19T04:16:40.9953411Z [command]/usr/bin/git version
2026-01-19T04:16:40.9995983Z git version 2.52.0
2026-01-19T04:16:41.0042170Z Temporarily overriding HOME='/home/runner/work/_temp/de7f257a-c1ed-41ef-b465-922713c6fd44' before making global git config changes
2026-01-19T04:16:41.0043623Z Adding repository directory to the temporary git global config as a safe directory
2026-01-19T04:16:41.0059956Z [command]/usr/bin/git config --global --add safe.directory /home/runner/work/build_qa_automation/build_qa_automation
2026-01-19T04:16:41.0101873Z [command]/usr/bin/git config --local --name-only --get-regexp core\.sshCommand
2026-01-19T04:16:41.0138745Z [command]/usr/bin/git submodule foreach --recursive sh -c "git config --local --name-only --get-regexp 'core\.sshCommand' && git config --local --unset-all 'core.sshCommand' || :"
2026-01-19T04:16:41.0405361Z [command]/usr/bin/git config --local --name-only --get-regexp http\.https\:\/\/github\.com\/\.extraheader
2026-01-19T04:16:41.0431207Z http.https://github.com/.extraheader
2026-01-19T04:16:41.0444393Z [command]/usr/bin/git config --local --unset-all http.https://github.com/.extraheader
2026-01-19T04:16:41.0479420Z [command]/usr/bin/git submodule foreach --recursive sh -c "git config --local --name-only --get-regexp 'http\.https\:\/\/github\.com\/\.extraheader' && git config --local --unset-all 'http.https://github.com/.extraheader' || :"
2026-01-19T04:16:41.0738167Z [command]/usr/bin/git config --local --name-only --get-regexp ^includeIf\.gitdir:
2026-01-19T04:16:41.0774448Z [command]/usr/bin/git submodule foreach --recursive git config --local --show-origin --name-only --get-regexp remote.origin.url
2026-01-19T04:16:41.1152618Z Cleaning up orphan processes
