2026-01-18T18:52:32.3089227Z Current runner version: '2.331.0'
2026-01-18T18:52:32.3112642Z ##[group]Runner Image Provisioner
2026-01-18T18:52:32.3113459Z Hosted Compute Agent
2026-01-18T18:52:32.3114048Z Version: 20251211.462
2026-01-18T18:52:32.3114673Z Commit: 6cbad8c2bb55d58165063d031ccabf57e2d2db61
2026-01-18T18:52:32.3115328Z Build Date: 2025-12-11T16:28:49Z
2026-01-18T18:52:32.3116040Z Worker ID: {5ac0c42d-cfa3-4766-9615-5ad4706c2940}
2026-01-18T18:52:32.3116790Z ##[endgroup]
2026-01-18T18:52:32.3117292Z ##[group]Operating System
2026-01-18T18:52:32.3117890Z Ubuntu
2026-01-18T18:52:32.3118477Z 24.04.3
2026-01-18T18:52:32.3119063Z LTS
2026-01-18T18:52:32.3119613Z ##[endgroup]
2026-01-18T18:52:32.3120202Z ##[group]Runner Image
2026-01-18T18:52:32.3120758Z Image: ubuntu-24.04
2026-01-18T18:52:32.3121309Z Version: 20260111.209.1
2026-01-18T18:52:32.3122292Z Included Software: https://github.com/actions/runner-images/blob/ubuntu24/20260111.209/images/ubuntu/Ubuntu2404-Readme.md
2026-01-18T18:52:32.3123788Z Image Release: https://github.com/actions/runner-images/releases/tag/ubuntu24%2F20260111.209
2026-01-18T18:52:32.3124912Z ##[endgroup]
2026-01-18T18:52:32.3125947Z ##[group]GITHUB_TOKEN Permissions
2026-01-18T18:52:32.3127799Z Contents: read
2026-01-18T18:52:32.3128667Z Metadata: read
2026-01-18T18:52:32.3129165Z Packages: read
2026-01-18T18:52:32.3129826Z ##[endgroup]
2026-01-18T18:52:32.3132272Z Secret source: Actions
2026-01-18T18:52:32.3133330Z Prepare workflow directory
2026-01-18T18:52:32.3450219Z Prepare all required actions
2026-01-18T18:52:32.3492492Z Getting action download info
2026-01-18T18:52:32.8095511Z Download action repository 'actions/checkout@v4' (SHA:34e114876b0b11c390a56381ad16ebd13914f8d5)
2026-01-18T18:52:32.9044287Z Download action repository 'actions/setup-python@v5' (SHA:a26af69be951a213d495a4c3e4e4022e16d87065)
2026-01-18T18:52:32.9852132Z Download action repository 'actions/upload-artifact@v4' (SHA:ea165f8d65b6e75b540449e92b4886f43607fa02)
2026-01-18T18:52:33.2088920Z Complete job name: test-websites-deep (parabank_banking, https://parabank.parasoft.com/, Test banking operations)
2026-01-18T18:52:33.2812821Z ##[group]Run actions/checkout@v4
2026-01-18T18:52:33.2813656Z with:
2026-01-18T18:52:33.2814105Z   repository: vishvasmca-cmd/build_qa_automation
2026-01-18T18:52:33.2814821Z   token: ***
2026-01-18T18:52:33.2815204Z   ssh-strict: true
2026-01-18T18:52:33.2815595Z   ssh-user: git
2026-01-18T18:52:33.2816002Z   persist-credentials: true
2026-01-18T18:52:33.2816447Z   clean: true
2026-01-18T18:52:33.2816845Z   sparse-checkout-cone-mode: true
2026-01-18T18:52:33.2817321Z   fetch-depth: 1
2026-01-18T18:52:33.2817703Z   fetch-tags: false
2026-01-18T18:52:33.2818103Z   show-progress: true
2026-01-18T18:52:33.2818845Z   lfs: false
2026-01-18T18:52:33.2819220Z   submodules: false
2026-01-18T18:52:33.2819631Z   set-safe-directory: true
2026-01-18T18:52:33.2820353Z ##[endgroup]
2026-01-18T18:52:33.3939686Z Syncing repository: vishvasmca-cmd/build_qa_automation
2026-01-18T18:52:33.3941486Z ##[group]Getting Git version info
2026-01-18T18:52:33.3942356Z Working directory is '/home/runner/work/build_qa_automation/build_qa_automation'
2026-01-18T18:52:33.3943389Z [command]/usr/bin/git version
2026-01-18T18:52:33.4034043Z git version 2.52.0
2026-01-18T18:52:33.4062902Z ##[endgroup]
2026-01-18T18:52:33.4086629Z Temporarily overriding HOME='/home/runner/work/_temp/25411456-2b46-4041-bca7-7e9ba0b9cbc2' before making global git config changes
2026-01-18T18:52:33.4089227Z Adding repository directory to the temporary git global config as a safe directory
2026-01-18T18:52:33.4093581Z [command]/usr/bin/git config --global --add safe.directory /home/runner/work/build_qa_automation/build_qa_automation
2026-01-18T18:52:33.4135814Z Deleting the contents of '/home/runner/work/build_qa_automation/build_qa_automation'
2026-01-18T18:52:33.4137985Z ##[group]Initializing the repository
2026-01-18T18:52:33.4142514Z [command]/usr/bin/git init /home/runner/work/build_qa_automation/build_qa_automation
2026-01-18T18:52:33.4264095Z hint: Using 'master' as the name for the initial branch. This default branch name
2026-01-18T18:52:33.4265569Z hint: will change to "main" in Git 3.0. To configure the initial branch name
2026-01-18T18:52:33.4266440Z hint: to use in all of your new repositories, which will suppress this warning,
2026-01-18T18:52:33.4267124Z hint: call:
2026-01-18T18:52:33.4267651Z hint:
2026-01-18T18:52:33.4268592Z hint: 	git config --global init.defaultBranch <name>
2026-01-18T18:52:33.4269403Z hint:
2026-01-18T18:52:33.4269950Z hint: Names commonly chosen instead of 'master' are 'main', 'trunk' and
2026-01-18T18:52:33.4270803Z hint: 'development'. The just-created branch can be renamed via this command:
2026-01-18T18:52:33.4271474Z hint:
2026-01-18T18:52:33.4271845Z hint: 	git branch -m <name>
2026-01-18T18:52:33.4272285Z hint:
2026-01-18T18:52:33.4272847Z hint: Disable this message with "git config set advice.defaultBranchName false"
2026-01-18T18:52:33.4274175Z Initialized empty Git repository in /home/runner/work/build_qa_automation/build_qa_automation/.git/
2026-01-18T18:52:33.4280042Z [command]/usr/bin/git remote add origin https://github.com/vishvasmca-cmd/build_qa_automation
2026-01-18T18:52:33.4313920Z ##[endgroup]
2026-01-18T18:52:33.4315100Z ##[group]Disabling automatic garbage collection
2026-01-18T18:52:33.4318931Z [command]/usr/bin/git config --local gc.auto 0
2026-01-18T18:52:33.4347100Z ##[endgroup]
2026-01-18T18:52:33.4347747Z ##[group]Setting up auth
2026-01-18T18:52:33.4353990Z [command]/usr/bin/git config --local --name-only --get-regexp core\.sshCommand
2026-01-18T18:52:33.4383088Z [command]/usr/bin/git submodule foreach --recursive sh -c "git config --local --name-only --get-regexp 'core\.sshCommand' && git config --local --unset-all 'core.sshCommand' || :"
2026-01-18T18:52:33.4729203Z [command]/usr/bin/git config --local --name-only --get-regexp http\.https\:\/\/github\.com\/\.extraheader
2026-01-18T18:52:33.4759124Z [command]/usr/bin/git submodule foreach --recursive sh -c "git config --local --name-only --get-regexp 'http\.https\:\/\/github\.com\/\.extraheader' && git config --local --unset-all 'http.https://github.com/.extraheader' || :"
2026-01-18T18:52:33.4974247Z [command]/usr/bin/git config --local --name-only --get-regexp ^includeIf\.gitdir:
2026-01-18T18:52:33.5004102Z [command]/usr/bin/git submodule foreach --recursive git config --local --show-origin --name-only --get-regexp remote.origin.url
2026-01-18T18:52:33.5224846Z [command]/usr/bin/git config --local http.https://github.com/.extraheader AUTHORIZATION: basic ***
2026-01-18T18:52:33.5258428Z ##[endgroup]
2026-01-18T18:52:33.5259690Z ##[group]Fetching the repository
2026-01-18T18:52:33.5268037Z [command]/usr/bin/git -c protocol.version=2 fetch --no-tags --prune --no-recurse-submodules --depth=1 origin +c9fb31d387d3134fb416430b3b3a9e89b3921439:refs/remotes/origin/main
2026-01-18T18:52:34.5647737Z From https://github.com/vishvasmca-cmd/build_qa_automation
2026-01-18T18:52:34.5649837Z  * [new ref]         c9fb31d387d3134fb416430b3b3a9e89b3921439 -> origin/main
2026-01-18T18:52:34.5683637Z ##[endgroup]
2026-01-18T18:52:34.5684923Z ##[group]Determining the checkout info
2026-01-18T18:52:34.5686379Z ##[endgroup]
2026-01-18T18:52:34.5692181Z [command]/usr/bin/git sparse-checkout disable
2026-01-18T18:52:34.5735692Z [command]/usr/bin/git config --local --unset-all extensions.worktreeConfig
2026-01-18T18:52:34.5764724Z ##[group]Checking out the ref
2026-01-18T18:52:34.5767996Z [command]/usr/bin/git checkout --progress --force -B main refs/remotes/origin/main
2026-01-18T18:52:34.6697887Z Switched to a new branch 'main'
2026-01-18T18:52:34.6699516Z branch 'main' set up to track 'origin/main'.
2026-01-18T18:52:34.6715113Z ##[endgroup]
2026-01-18T18:52:34.6752562Z [command]/usr/bin/git log -1 --format=%H
2026-01-18T18:52:34.6773960Z c9fb31d387d3134fb416430b3b3a9e89b3921439
2026-01-18T18:52:34.7094231Z ##[group]Run actions/setup-python@v5
2026-01-18T18:52:34.7095620Z with:
2026-01-18T18:52:34.7096617Z   python-version: 3.11
2026-01-18T18:52:34.7097752Z   cache: pip
2026-01-18T18:52:34.7099138Z   check-latest: false
2026-01-18T18:52:34.7100548Z   token: ***
2026-01-18T18:52:34.7101597Z   update-environment: true
2026-01-18T18:52:34.7102832Z   allow-prereleases: false
2026-01-18T18:52:34.7104038Z   freethreaded: false
2026-01-18T18:52:34.7105144Z ##[endgroup]
2026-01-18T18:52:34.8758913Z ##[group]Installed versions
2026-01-18T18:52:34.8865309Z Successfully set up CPython (3.11.14)
2026-01-18T18:52:34.8867211Z ##[endgroup]
2026-01-18T18:52:34.9362267Z [command]/opt/hostedtoolcache/Python/3.11.14/x64/bin/pip cache dir
2026-01-18T18:52:35.2578899Z /home/runner/.cache/pip
2026-01-18T18:52:35.5351669Z Cache hit for: setup-python-Linux-x64-24.04-Ubuntu-python-3.11.14-pip-dde08d0e0b672972dcda9f1a063036a2e0c226f5d0a20362e9401931676d80a4
2026-01-18T18:52:36.8298972Z Received 4194304 of 254742636 (1.6%), 4.0 MBs/sec
2026-01-18T18:52:37.8312579Z Received 130023424 of 254742636 (51.0%), 62.0 MBs/sec
2026-01-18T18:52:38.8621489Z Received 254742636 of 254742636 (100.0%), 80.1 MBs/sec
2026-01-18T18:52:38.8622700Z Cache Size: ~243 MB (254742636 B)
2026-01-18T18:52:38.8663874Z [command]/usr/bin/tar -xf /home/runner/work/_temp/3dd6f02e-e552-4876-ab62-6ce925348c0d/cache.tzst -P -C /home/runner/work/build_qa_automation/build_qa_automation --use-compress-program unzstd
2026-01-18T18:52:39.2421537Z Cache restored successfully
2026-01-18T18:52:39.2906111Z Cache restored from key: setup-python-Linux-x64-24.04-Ubuntu-python-3.11.14-pip-dde08d0e0b672972dcda9f1a063036a2e0c226f5d0a20362e9401931676d80a4
2026-01-18T18:52:39.3157565Z ##[group]Run pip install -r requirements.txt
2026-01-18T18:52:39.3158005Z [36;1mpip install -r requirements.txt[0m
2026-01-18T18:52:39.3158458Z [36;1mplaywright install chromium[0m
2026-01-18T18:52:39.3196875Z shell: /usr/bin/bash -e {0}
2026-01-18T18:52:39.3197134Z env:
2026-01-18T18:52:39.3197394Z   pythonLocation: /opt/hostedtoolcache/Python/3.11.14/x64
2026-01-18T18:52:39.3197840Z   PKG_CONFIG_PATH: /opt/hostedtoolcache/Python/3.11.14/x64/lib/pkgconfig
2026-01-18T18:52:39.3198446Z   Python_ROOT_DIR: /opt/hostedtoolcache/Python/3.11.14/x64
2026-01-18T18:52:39.3198910Z   Python2_ROOT_DIR: /opt/hostedtoolcache/Python/3.11.14/x64
2026-01-18T18:52:39.3199272Z   Python3_ROOT_DIR: /opt/hostedtoolcache/Python/3.11.14/x64
2026-01-18T18:52:39.3199658Z   LD_LIBRARY_PATH: /opt/hostedtoolcache/Python/3.11.14/x64/lib
2026-01-18T18:52:39.3199967Z ##[endgroup]
2026-01-18T18:52:39.9928839Z Collecting playwright (from -r requirements.txt (line 1))
2026-01-18T18:52:39.9945660Z   Using cached playwright-1.57.0-py3-none-manylinux1_x86_64.whl.metadata (3.5 kB)
2026-01-18T18:52:40.0096944Z Collecting python-dotenv (from -r requirements.txt (line 2))
2026-01-18T18:52:40.0111848Z   Using cached python_dotenv-1.2.1-py3-none-any.whl.metadata (25 kB)
2026-01-18T18:52:40.0368881Z Collecting requests (from -r requirements.txt (line 3))
2026-01-18T18:52:40.0383284Z   Using cached requests-2.32.5-py3-none-any.whl.metadata (4.9 kB)
2026-01-18T18:52:40.2087166Z Collecting pillow (from -r requirements.txt (line 4))
2026-01-18T18:52:40.2104544Z   Using cached pillow-12.1.0-cp311-cp311-manylinux_2_27_x86_64.manylinux_2_28_x86_64.whl.metadata (8.8 kB)
2026-01-18T18:52:40.2357271Z Collecting google-genai>=0.3.0 (from -r requirements.txt (line 5))
2026-01-18T18:52:40.2370552Z   Using cached google_genai-1.59.0-py3-none-any.whl.metadata (53 kB)
2026-01-18T18:52:40.2514146Z Collecting termcolor (from -r requirements.txt (line 6))
2026-01-18T18:52:40.2527770Z   Using cached termcolor-3.3.0-py3-none-any.whl.metadata (6.5 kB)
2026-01-18T18:52:40.2865841Z Collecting PyYAML (from -r requirements.txt (line 7))
2026-01-18T18:52:40.2880472Z   Using cached pyyaml-6.0.3-cp311-cp311-manylinux2014_x86_64.manylinux_2_17_x86_64.manylinux_2_28_x86_64.whl.metadata (2.4 kB)
2026-01-18T18:52:40.3421112Z Collecting opencv-python-headless (from -r requirements.txt (line 8))
2026-01-18T18:52:40.3436161Z   Using cached opencv_python_headless-4.13.0.90-cp37-abi3-manylinux_2_28_x86_64.whl.metadata (19 kB)
2026-01-18T18:52:40.5342981Z Collecting numpy (from -r requirements.txt (line 9))
2026-01-18T18:52:40.5359091Z   Using cached numpy-2.4.1-cp311-cp311-manylinux_2_27_x86_64.manylinux_2_28_x86_64.whl.metadata (6.6 kB)
2026-01-18T18:52:40.6117994Z Collecting faker (from -r requirements.txt (line 10))
2026-01-18T18:52:40.6131971Z   Using cached faker-40.1.2-py3-none-any.whl.metadata (16 kB)
2026-01-18T18:52:40.6266057Z Collecting pyee<14,>=13 (from playwright->-r requirements.txt (line 1))
2026-01-18T18:52:40.6279623Z   Using cached pyee-13.0.0-py3-none-any.whl.metadata (2.9 kB)
2026-01-18T18:52:40.7547534Z Collecting greenlet<4.0.0,>=3.1.1 (from playwright->-r requirements.txt (line 1))
2026-01-18T18:52:40.7563352Z   Using cached greenlet-3.3.0-cp311-cp311-manylinux_2_24_x86_64.manylinux_2_28_x86_64.whl.metadata (4.1 kB)
2026-01-18T18:52:40.7723616Z Collecting typing-extensions (from pyee<14,>=13->playwright->-r requirements.txt (line 1))
2026-01-18T18:52:40.7737748Z   Using cached typing_extensions-4.15.0-py3-none-any.whl.metadata (3.3 kB)
2026-01-18T18:52:40.8522027Z Collecting charset_normalizer<4,>=2 (from requests->-r requirements.txt (line 3))
2026-01-18T18:52:40.8536819Z   Using cached charset_normalizer-3.4.4-cp311-cp311-manylinux2014_x86_64.manylinux_2_17_x86_64.manylinux_2_28_x86_64.whl.metadata (37 kB)
2026-01-18T18:52:40.8674181Z Collecting idna<4,>=2.5 (from requests->-r requirements.txt (line 3))
2026-01-18T18:52:40.8687763Z   Using cached idna-3.11-py3-none-any.whl.metadata (8.4 kB)
2026-01-18T18:52:40.8941422Z Collecting urllib3<3,>=1.21.1 (from requests->-r requirements.txt (line 3))
2026-01-18T18:52:40.8958942Z   Using cached urllib3-2.6.3-py3-none-any.whl.metadata (6.9 kB)
2026-01-18T18:52:40.9153400Z Collecting certifi>=2017.4.17 (from requests->-r requirements.txt (line 3))
2026-01-18T18:52:40.9167020Z   Using cached certifi-2026.1.4-py3-none-any.whl.metadata (2.5 kB)
2026-01-18T18:52:40.9348077Z Collecting anyio<5.0.0,>=4.8.0 (from google-genai>=0.3.0->-r requirements.txt (line 5))
2026-01-18T18:52:40.9361914Z   Using cached anyio-4.12.1-py3-none-any.whl.metadata (4.3 kB)
2026-01-18T18:52:40.9691872Z Collecting google-auth<3.0.0,>=2.47.0 (from google-auth[requests]<3.0.0,>=2.47.0->google-genai>=0.3.0->-r requirements.txt (line 5))
2026-01-18T18:52:40.9705267Z   Using cached google_auth-2.47.0-py3-none-any.whl.metadata (6.4 kB)
2026-01-18T18:52:40.9932625Z Collecting httpx<1.0.0,>=0.28.1 (from google-genai>=0.3.0->-r requirements.txt (line 5))
2026-01-18T18:52:40.9946291Z   Using cached httpx-0.28.1-py3-none-any.whl.metadata (7.1 kB)
2026-01-18T18:52:41.1354757Z Collecting pydantic<3.0.0,>=2.9.0 (from google-genai>=0.3.0->-r requirements.txt (line 5))
2026-01-18T18:52:41.1370231Z   Using cached pydantic-2.12.5-py3-none-any.whl.metadata (90 kB)
2026-01-18T18:52:41.1622418Z Collecting tenacity<9.2.0,>=8.2.3 (from google-genai>=0.3.0->-r requirements.txt (line 5))
2026-01-18T18:52:41.1636275Z   Using cached tenacity-9.1.2-py3-none-any.whl.metadata (1.2 kB)
2026-01-18T18:52:41.2455803Z Collecting websockets<15.1.0,>=13.0.0 (from google-genai>=0.3.0->-r requirements.txt (line 5))
2026-01-18T18:52:41.2471564Z   Using cached websockets-15.0.1-cp311-cp311-manylinux_2_5_x86_64.manylinux1_x86_64.manylinux_2_17_x86_64.manylinux2014_x86_64.whl.metadata (6.8 kB)
2026-01-18T18:52:41.2594020Z Collecting distro<2,>=1.7.0 (from google-genai>=0.3.0->-r requirements.txt (line 5))
2026-01-18T18:52:41.2607502Z   Using cached distro-1.9.0-py3-none-any.whl.metadata (6.8 kB)
2026-01-18T18:52:41.2680107Z Collecting sniffio (from google-genai>=0.3.0->-r requirements.txt (line 5))
2026-01-18T18:52:41.2693729Z   Using cached sniffio-1.3.1-py3-none-any.whl.metadata (3.9 kB)
2026-01-18T18:52:41.2941886Z Collecting pyasn1-modules>=0.2.1 (from google-auth<3.0.0,>=2.47.0->google-auth[requests]<3.0.0,>=2.47.0->google-genai>=0.3.0->-r requirements.txt (line 5))
2026-01-18T18:52:41.2955308Z   Using cached pyasn1_modules-0.4.2-py3-none-any.whl.metadata (3.5 kB)
2026-01-18T18:52:41.3080908Z Collecting rsa<5,>=3.1.4 (from google-auth<3.0.0,>=2.47.0->google-auth[requests]<3.0.0,>=2.47.0->google-genai>=0.3.0->-r requirements.txt (line 5))
2026-01-18T18:52:41.3094523Z   Using cached rsa-4.9.1-py3-none-any.whl.metadata (5.6 kB)
2026-01-18T18:52:41.3358750Z Collecting httpcore==1.* (from httpx<1.0.0,>=0.28.1->google-genai>=0.3.0->-r requirements.txt (line 5))
2026-01-18T18:52:41.3372145Z   Using cached httpcore-1.0.9-py3-none-any.whl.metadata (21 kB)
2026-01-18T18:52:41.3489991Z Collecting h11>=0.16 (from httpcore==1.*->httpx<1.0.0,>=0.28.1->google-genai>=0.3.0->-r requirements.txt (line 5))
2026-01-18T18:52:41.3503674Z   Using cached h11-0.16.0-py3-none-any.whl.metadata (8.3 kB)
2026-01-18T18:52:41.3590716Z Collecting annotated-types>=0.6.0 (from pydantic<3.0.0,>=2.9.0->google-genai>=0.3.0->-r requirements.txt (line 5))
2026-01-18T18:52:41.3603698Z   Using cached annotated_types-0.7.0-py3-none-any.whl.metadata (15 kB)
2026-01-18T18:52:42.0097395Z Collecting pydantic-core==2.41.5 (from pydantic<3.0.0,>=2.9.0->google-genai>=0.3.0->-r requirements.txt (line 5))
2026-01-18T18:52:42.0113699Z   Using cached pydantic_core-2.41.5-cp311-cp311-manylinux_2_17_x86_64.manylinux2014_x86_64.whl.metadata (7.3 kB)
2026-01-18T18:52:42.0244346Z Collecting typing-inspection>=0.4.2 (from pydantic<3.0.0,>=2.9.0->google-genai>=0.3.0->-r requirements.txt (line 5))
2026-01-18T18:52:42.0258453Z   Using cached typing_inspection-0.4.2-py3-none-any.whl.metadata (2.6 kB)
2026-01-18T18:52:42.0916466Z Collecting pyasn1>=0.1.3 (from rsa<5,>=3.1.4->google-auth<3.0.0,>=2.47.0->google-auth[requests]<3.0.0,>=2.47.0->google-genai>=0.3.0->-r requirements.txt (line 5))
2026-01-18T18:52:42.0932135Z   Using cached pyasn1-0.6.2-py3-none-any.whl.metadata (8.4 kB)
2026-01-18T18:52:42.1189947Z Using cached playwright-1.57.0-py3-none-manylinux1_x86_64.whl (46.0 MB)
2026-01-18T18:52:42.1533327Z Using cached greenlet-3.3.0-cp311-cp311-manylinux_2_24_x86_64.manylinux_2_28_x86_64.whl (590 kB)
2026-01-18T18:52:42.1549837Z Using cached pyee-13.0.0-py3-none-any.whl (15 kB)
2026-01-18T18:52:42.1562992Z Using cached python_dotenv-1.2.1-py3-none-any.whl (21 kB)
2026-01-18T18:52:42.1576141Z Using cached requests-2.32.5-py3-none-any.whl (64 kB)
2026-01-18T18:52:42.1590795Z Using cached charset_normalizer-3.4.4-cp311-cp311-manylinux2014_x86_64.manylinux_2_17_x86_64.manylinux_2_28_x86_64.whl (151 kB)
2026-01-18T18:52:42.1604297Z Using cached idna-3.11-py3-none-any.whl (71 kB)
2026-01-18T18:52:42.1617744Z Using cached urllib3-2.6.3-py3-none-any.whl (131 kB)
2026-01-18T18:52:42.1632146Z Using cached pillow-12.1.0-cp311-cp311-manylinux_2_27_x86_64.manylinux_2_28_x86_64.whl (7.0 MB)
2026-01-18T18:52:42.1695168Z Using cached google_genai-1.59.0-py3-none-any.whl (719 kB)
2026-01-18T18:52:42.1713990Z Using cached anyio-4.12.1-py3-none-any.whl (113 kB)
2026-01-18T18:52:42.1728788Z Using cached distro-1.9.0-py3-none-any.whl (20 kB)
2026-01-18T18:52:42.1741879Z Using cached google_auth-2.47.0-py3-none-any.whl (234 kB)
2026-01-18T18:52:42.1756434Z Using cached httpx-0.28.1-py3-none-any.whl (73 kB)
2026-01-18T18:52:42.1769918Z Using cached httpcore-1.0.9-py3-none-any.whl (78 kB)
2026-01-18T18:52:42.1783403Z Using cached pydantic-2.12.5-py3-none-any.whl (463 kB)
2026-01-18T18:52:42.1800053Z Using cached pydantic_core-2.41.5-cp311-cp311-manylinux_2_17_x86_64.manylinux2014_x86_64.whl (2.1 MB)
2026-01-18T18:52:42.1828079Z Using cached rsa-4.9.1-py3-none-any.whl (34 kB)
2026-01-18T18:52:42.1841218Z Using cached tenacity-9.1.2-py3-none-any.whl (28 kB)
2026-01-18T18:52:42.1854288Z Using cached typing_extensions-4.15.0-py3-none-any.whl (44 kB)
2026-01-18T18:52:42.1868038Z Using cached websockets-15.0.1-cp311-cp311-manylinux_2_5_x86_64.manylinux1_x86_64.manylinux_2_17_x86_64.manylinux2014_x86_64.whl (182 kB)
2026-01-18T18:52:42.1881884Z Using cached termcolor-3.3.0-py3-none-any.whl (7.7 kB)
2026-01-18T18:52:42.1895453Z Using cached pyyaml-6.0.3-cp311-cp311-manylinux2014_x86_64.manylinux_2_17_x86_64.manylinux_2_28_x86_64.whl (806 kB)
2026-01-18T18:52:42.1914327Z Using cached opencv_python_headless-4.13.0.90-cp37-abi3-manylinux_2_28_x86_64.whl (62.5 MB)
2026-01-18T18:52:42.2380965Z Using cached numpy-2.4.1-cp311-cp311-manylinux_2_27_x86_64.manylinux_2_28_x86_64.whl (16.7 MB)
2026-01-18T18:52:42.2513499Z Using cached faker-40.1.2-py3-none-any.whl (2.0 MB)
2026-01-18T18:52:42.2540842Z Using cached annotated_types-0.7.0-py3-none-any.whl (13 kB)
2026-01-18T18:52:42.2553871Z Using cached certifi-2026.1.4-py3-none-any.whl (152 kB)
2026-01-18T18:52:42.2568386Z Using cached h11-0.16.0-py3-none-any.whl (37 kB)
2026-01-18T18:52:42.2581620Z Using cached pyasn1-0.6.2-py3-none-any.whl (83 kB)
2026-01-18T18:52:42.2595158Z Using cached pyasn1_modules-0.4.2-py3-none-any.whl (181 kB)
2026-01-18T18:52:42.2609374Z Using cached typing_inspection-0.4.2-py3-none-any.whl (14 kB)
2026-01-18T18:52:42.2622381Z Using cached sniffio-1.3.1-py3-none-any.whl (10 kB)
2026-01-18T18:52:42.4633003Z Installing collected packages: websockets, urllib3, typing-extensions, termcolor, tenacity, sniffio, PyYAML, python-dotenv, pyasn1, pillow, numpy, idna, h11, greenlet, faker, distro, charset_normalizer, certifi, annotated-types, typing-inspection, rsa, requests, pyee, pydantic-core, pyasn1-modules, opencv-python-headless, httpcore, anyio, pydantic, playwright, httpx, google-auth, google-genai
2026-01-18T18:52:49.1882239Z 
2026-01-18T18:52:49.1905587Z Successfully installed PyYAML-6.0.3 annotated-types-0.7.0 anyio-4.12.1 certifi-2026.1.4 charset_normalizer-3.4.4 distro-1.9.0 faker-40.1.2 google-auth-2.47.0 google-genai-1.59.0 greenlet-3.3.0 h11-0.16.0 httpcore-1.0.9 httpx-0.28.1 idna-3.11 numpy-2.4.1 opencv-python-headless-4.13.0.90 pillow-12.1.0 playwright-1.57.0 pyasn1-0.6.2 pyasn1-modules-0.4.2 pydantic-2.12.5 pydantic-core-2.41.5 pyee-13.0.0 python-dotenv-1.2.1 requests-2.32.5 rsa-4.9.1 sniffio-1.3.1 tenacity-9.1.2 termcolor-3.3.0 typing-extensions-4.15.0 typing-inspection-0.4.2 urllib3-2.6.3 websockets-15.0.1
2026-01-18T18:52:49.7784230Z Downloading Chromium 143.0.7499.4 (playwright build v1200) from https://cdn.playwright.dev/dbazure/download/playwright/builds/chromium/1200/chromium-linux.zip
2026-01-18T18:52:49.8739036Z (node:2194) [DEP0169] DeprecationWarning: `url.parse()` behavior is not standardized and prone to errors that have security implications. Use the WHATWG URL API instead. CVEs are not issued for `url.parse()` vulnerabilities.
2026-01-18T18:52:49.8740352Z (Use `node --trace-deprecation ...` to show where the warning was created)
2026-01-18T18:52:49.9725184Z |                                                                                |   0% of 164.7 MiB
2026-01-18T18:52:50.1141313Z |■■■■■■■■                                                                        |  10% of 164.7 MiB
2026-01-18T18:52:50.2418112Z |■■■■■■■■■■■■■■■■                                                                |  20% of 164.7 MiB
2026-01-18T18:52:50.3589036Z |■■■■■■■■■■■■■■■■■■■■■■■■                                                        |  30% of 164.7 MiB
2026-01-18T18:52:50.4726384Z |■■■■■■■■■■■■■■■■■■■■■■■■■■■■■■■■                                                |  40% of 164.7 MiB
2026-01-18T18:52:50.6175787Z |■■■■■■■■■■■■■■■■■■■■■■■■■■■■■■■■■■■■■■■■                                        |  50% of 164.7 MiB
2026-01-18T18:52:50.7485592Z |■■■■■■■■■■■■■■■■■■■■■■■■■■■■■■■■■■■■■■■■■■■■■■■■                                |  60% of 164.7 MiB
2026-01-18T18:52:50.8683995Z |■■■■■■■■■■■■■■■■■■■■■■■■■■■■■■■■■■■■■■■■■■■■■■■■■■■■■■■■                        |  70% of 164.7 MiB
2026-01-18T18:52:50.9839982Z |■■■■■■■■■■■■■■■■■■■■■■■■■■■■■■■■■■■■■■■■■■■■■■■■■■■■■■■■■■■■■■■■                |  80% of 164.7 MiB
2026-01-18T18:52:51.1043208Z |■■■■■■■■■■■■■■■■■■■■■■■■■■■■■■■■■■■■■■■■■■■■■■■■■■■■■■■■■■■■■■■■■■■■■■■■        |  90% of 164.7 MiB
2026-01-18T18:52:51.2353925Z |■■■■■■■■■■■■■■■■■■■■■■■■■■■■■■■■■■■■■■■■■■■■■■■■■■■■■■■■■■■■■■■■■■■■■■■■■■■■■■■■| 100% of 164.7 MiB
2026-01-18T18:52:53.7466689Z Chromium 143.0.7499.4 (playwright build v1200) downloaded to /home/runner/.cache/ms-playwright/chromium-1200
2026-01-18T18:52:53.7472473Z Downloading FFMPEG playwright build v1011 from https://cdn.playwright.dev/dbazure/download/playwright/builds/ffmpeg/1011/ffmpeg-linux.zip
2026-01-18T18:52:53.8490345Z (node:2205) [DEP0169] DeprecationWarning: `url.parse()` behavior is not standardized and prone to errors that have security implications. Use the WHATWG URL API instead. CVEs are not issued for `url.parse()` vulnerabilities.
2026-01-18T18:52:53.8491621Z (Use `node --trace-deprecation ...` to show where the warning was created)
2026-01-18T18:52:53.8870228Z |                                                                                |   0% of 2.3 MiB
2026-01-18T18:52:53.8926461Z |■■■■■■■■                                                                        |  10% of 2.3 MiB
2026-01-18T18:52:53.8957015Z |■■■■■■■■■■■■■■■■                                                                |  20% of 2.3 MiB
2026-01-18T18:52:53.8967974Z |■■■■■■■■■■■■■■■■■■■■■■■■                                                        |  30% of 2.3 MiB
2026-01-18T18:52:53.8981824Z |■■■■■■■■■■■■■■■■■■■■■■■■■■■■■■■■                                                |  40% of 2.3 MiB
2026-01-18T18:52:53.8995648Z |■■■■■■■■■■■■■■■■■■■■■■■■■■■■■■■■■■■■■■■■                                        |  50% of 2.3 MiB
2026-01-18T18:52:53.9014133Z |■■■■■■■■■■■■■■■■■■■■■■■■■■■■■■■■■■■■■■■■■■■■■■■■                                |  60% of 2.3 MiB
2026-01-18T18:52:53.9029164Z |■■■■■■■■■■■■■■■■■■■■■■■■■■■■■■■■■■■■■■■■■■■■■■■■■■■■■■■■                        |  70% of 2.3 MiB
2026-01-18T18:52:53.9044314Z |■■■■■■■■■■■■■■■■■■■■■■■■■■■■■■■■■■■■■■■■■■■■■■■■■■■■■■■■■■■■■■■■                |  80% of 2.3 MiB
2026-01-18T18:52:53.9063044Z |■■■■■■■■■■■■■■■■■■■■■■■■■■■■■■■■■■■■■■■■■■■■■■■■■■■■■■■■■■■■■■■■■■■■■■■■        |  90% of 2.3 MiB
2026-01-18T18:52:53.9072551Z |■■■■■■■■■■■■■■■■■■■■■■■■■■■■■■■■■■■■■■■■■■■■■■■■■■■■■■■■■■■■■■■■■■■■■■■■■■■■■■■■| 100% of 2.3 MiB
2026-01-18T18:52:53.9639958Z FFMPEG playwright build v1011 downloaded to /home/runner/.cache/ms-playwright/ffmpeg-1011
2026-01-18T18:52:53.9644380Z Downloading Chromium Headless Shell 143.0.7499.4 (playwright build v1200) from https://cdn.playwright.dev/dbazure/download/playwright/builds/chromium/1200/chromium-headless-shell-linux.zip
2026-01-18T18:52:54.0594468Z (node:2216) [DEP0169] DeprecationWarning: `url.parse()` behavior is not standardized and prone to errors that have security implications. Use the WHATWG URL API instead. CVEs are not issued for `url.parse()` vulnerabilities.
2026-01-18T18:52:54.0595825Z (Use `node --trace-deprecation ...` to show where the warning was created)
2026-01-18T18:52:54.1622629Z |                                                                                |   0% of 109.7 MiB
2026-01-18T18:52:54.2540885Z |■■■■■■■■                                                                        |  10% of 109.7 MiB
2026-01-18T18:52:54.3234861Z |■■■■■■■■■■■■■■■■                                                                |  20% of 109.7 MiB
2026-01-18T18:52:54.3847008Z |■■■■■■■■■■■■■■■■■■■■■■■■                                                        |  30% of 109.7 MiB
2026-01-18T18:52:54.4493175Z |■■■■■■■■■■■■■■■■■■■■■■■■■■■■■■■■                                                |  40% of 109.7 MiB
2026-01-18T18:52:54.5056555Z |■■■■■■■■■■■■■■■■■■■■■■■■■■■■■■■■■■■■■■■■                                        |  50% of 109.7 MiB
2026-01-18T18:52:54.5711219Z |■■■■■■■■■■■■■■■■■■■■■■■■■■■■■■■■■■■■■■■■■■■■■■■■                                |  60% of 109.7 MiB
2026-01-18T18:52:54.6444900Z |■■■■■■■■■■■■■■■■■■■■■■■■■■■■■■■■■■■■■■■■■■■■■■■■■■■■■■■■                        |  70% of 109.7 MiB
2026-01-18T18:52:54.7194640Z |■■■■■■■■■■■■■■■■■■■■■■■■■■■■■■■■■■■■■■■■■■■■■■■■■■■■■■■■■■■■■■■■                |  80% of 109.7 MiB
2026-01-18T18:52:54.7841466Z |■■■■■■■■■■■■■■■■■■■■■■■■■■■■■■■■■■■■■■■■■■■■■■■■■■■■■■■■■■■■■■■■■■■■■■■■        |  90% of 109.7 MiB
2026-01-18T18:52:54.8477883Z |■■■■■■■■■■■■■■■■■■■■■■■■■■■■■■■■■■■■■■■■■■■■■■■■■■■■■■■■■■■■■■■■■■■■■■■■■■■■■■■■| 100% of 109.7 MiB
2026-01-18T18:52:56.6919558Z Chromium Headless Shell 143.0.7499.4 (playwright build v1200) downloaded to /home/runner/.cache/ms-playwright/chromium_headless_shell-1200
2026-01-18T18:52:56.7137648Z ##[group]Run mkdir -p projects/ci_parabank_banking
2026-01-18T18:52:56.7138101Z [36;1mmkdir -p projects/ci_parabank_banking[0m
2026-01-18T18:52:56.7138726Z [36;1mcat > projects/ci_parabank_banking/config.json << 'EOF'[0m
2026-01-18T18:52:56.7139048Z [36;1m{[0m
2026-01-18T18:52:56.7139258Z [36;1m  "project_name": "ci_parabank_banking",[0m
2026-01-18T18:52:56.7139632Z [36;1m  "target_url": "https://parabank.parasoft.com/",[0m
2026-01-18T18:52:56.7139967Z [36;1m  "goal": "Test banking operations",[0m
2026-01-18T18:52:56.7140235Z [36;1m  "headless": true[0m
2026-01-18T18:52:56.7140438Z [36;1m}[0m
2026-01-18T18:52:56.7140599Z [36;1mEOF[0m
2026-01-18T18:52:56.7174299Z shell: /usr/bin/bash -e {0}
2026-01-18T18:52:56.7174525Z env:
2026-01-18T18:52:56.7174775Z   pythonLocation: /opt/hostedtoolcache/Python/3.11.14/x64
2026-01-18T18:52:56.7175203Z   PKG_CONFIG_PATH: /opt/hostedtoolcache/Python/3.11.14/x64/lib/pkgconfig
2026-01-18T18:52:56.7175649Z   Python_ROOT_DIR: /opt/hostedtoolcache/Python/3.11.14/x64
2026-01-18T18:52:56.7176022Z   Python2_ROOT_DIR: /opt/hostedtoolcache/Python/3.11.14/x64
2026-01-18T18:52:56.7176385Z   Python3_ROOT_DIR: /opt/hostedtoolcache/Python/3.11.14/x64
2026-01-18T18:52:56.7176752Z   LD_LIBRARY_PATH: /opt/hostedtoolcache/Python/3.11.14/x64/lib
2026-01-18T18:52:56.7177050Z ##[endgroup]
2026-01-18T18:52:56.7291216Z ##[group]Run # Use --deep for comprehensive regression suite
2026-01-18T18:52:56.7291934Z [36;1m# Use --deep for comprehensive regression suite[0m
2026-01-18T18:52:56.7292405Z [36;1mpython orchestrator.py --project projects/ci_parabank_banking --deep --force[0m
2026-01-18T18:52:56.7323527Z shell: /usr/bin/bash -e {0}
2026-01-18T18:52:56.7323761Z env:
2026-01-18T18:52:56.7324013Z   pythonLocation: /opt/hostedtoolcache/Python/3.11.14/x64
2026-01-18T18:52:56.7324461Z   PKG_CONFIG_PATH: /opt/hostedtoolcache/Python/3.11.14/x64/lib/pkgconfig
2026-01-18T18:52:56.7324885Z   Python_ROOT_DIR: /opt/hostedtoolcache/Python/3.11.14/x64
2026-01-18T18:52:56.7325278Z   Python2_ROOT_DIR: /opt/hostedtoolcache/Python/3.11.14/x64
2026-01-18T18:52:56.7325832Z   Python3_ROOT_DIR: /opt/hostedtoolcache/Python/3.11.14/x64
2026-01-18T18:52:56.7326199Z   LD_LIBRARY_PATH: /opt/hostedtoolcache/Python/3.11.14/x64/lib
2026-01-18T18:52:56.7326699Z   GOOGLE_API_KEY: ***
2026-01-18T18:52:56.7326924Z   PYTHONPATH: .
2026-01-18T18:52:56.7327100Z ##[endgroup]
2026-01-18T18:52:58.3593256Z usage: discovery.py [-h] --project PROJECT --url URL
2026-01-18T18:52:58.3594323Z discovery.py: error: unrecognized arguments: --deep
2026-01-18T18:53:11.7033156Z 
2026-01-18T18:53:11.7033624Z [PLAN] PLANNER: Planning goal -> 'Test banking operations' (Deep Mode: True)
2026-01-18T18:53:11.7034833Z 🎭 [EXPERT] Detected Domain: FINANCE. Persona: Act as a Senior SDET focusing on exploring application to understand functional flow and automating FinTech scenarios
2026-01-18T18:53:11.7035649Z [DEBUG] Sending request to gemini-2.0-flash. Number of parts: 1
2026-01-18T18:53:11.7036015Z [DEBUG] Received response (Length: 8373)
2026-01-18T18:53:11.7036415Z ✅ Planner generated 3 scenarios. Workflow updated.
2026-01-18T18:53:12.7337321Z 
2026-01-18T18:53:12.7338617Z 🕵️ [DEEP EXPLORER] Starting Multi-Scenario Exploration
2026-01-18T18:53:12.7339917Z 📋 Found 3 scenarios to explore.
2026-01-18T18:53:13.2035909Z 
2026-01-18T18:53:13.2036471Z [1/3] Exploring Scenario: Account Creation and Login
2026-01-18T18:53:13.2038053Z     🧠 Initialized exploration context for goal: 'Test banking operations'
2026-01-18T18:53:13.2039002Z   ▶️ [STEP step_1] NAVIGATE: 
2026-01-18T18:53:14.0385673Z     ✅ Navigated to https://parabank.parasoft.com/
2026-01-18T18:53:14.0386403Z   ▶️ [STEP step_2] CLICK: Register
2026-01-18T18:53:14.0569752Z     🔍 Mining locators for: 'Register'
2026-01-18T18:53:14.1373375Z     ✅ Found 2 verified locators
2026-01-18T18:53:17.7399233Z     ✅ State transitioned.
2026-01-18T18:53:19.1687374Z [DEBUG] Sending request to gemini-2.0-flash. Number of parts: 2
2026-01-18T18:53:19.1687785Z [DEBUG] Received response (Length: 222)
2026-01-18T18:53:19.1688835Z     🤖 AI Next Step Suggestion: fill -> First Name
2026-01-18T18:53:19.1689319Z     🧩 Suggested Locator: #customer\.firstName
2026-01-18T18:53:19.1690304Z     💭 Reasoning: To register a new user, we need to fill in the required information, starting with the first name.
2026-01-18T18:53:19.1691210Z     ➕ Injected AI step: fill -> First Name
2026-01-18T18:53:19.1691697Z   ▶️ [STEP step_2_ai_1] FILL: First Name
2026-01-18T18:53:19.1849938Z     🎯 Using AI-provided locator: #customer\.firstName
2026-01-18T18:53:19.1917837Z     ✅ Found 1 verified locators
2026-01-18T18:53:24.7431256Z     ✅ State transitioned.
2026-01-18T18:53:26.6920350Z [DEBUG] Sending request to gemini-2.0-flash. Number of parts: 2
2026-01-18T18:53:26.6921104Z [DEBUG] Received response (Length: 216)
2026-01-18T18:53:26.6921935Z     🤖 AI Next Step Suggestion: fill -> Last Name
2026-01-18T18:53:26.6922464Z     🧩 Suggested Locator: input[id='customer.lastName']
2026-01-18T18:53:26.6923075Z     💭 Reasoning: The next logical step in the registration process is to fill in the 'Last Name' field.
2026-01-18T18:53:26.6923635Z     ➕ Injected AI step: fill -> Last Name
2026-01-18T18:53:26.6923952Z   ▶️ [STEP step_2_ai_2] FILL: Last Name
2026-01-18T18:53:26.6984507Z     🎯 Using AI-provided locator: input[id='customer.lastName']
2026-01-18T18:53:26.7044402Z     ✅ Found 1 verified locators
2026-01-18T18:53:32.0744963Z     ✅ State transitioned.
2026-01-18T18:53:32.0780121Z     🔄 Revisited state detected (count: 1)
2026-01-18T18:53:33.6694001Z [DEBUG] Sending request to gemini-2.0-flash. Number of parts: 2
2026-01-18T18:53:33.6694718Z [DEBUG] Received response (Length: 224)
2026-01-18T18:53:33.6695504Z     🤖 AI Next Step Suggestion: fill -> Address
2026-01-18T18:53:33.6696266Z     🧩 Suggested Locator: input[id='customer.address.street']
2026-01-18T18:53:33.6697465Z     💭 Reasoning: The next logical step in the registration process is to fill in the address field.
2026-01-18T18:53:33.6698732Z     ➕ Injected AI step: fill -> Address
2026-01-18T18:53:33.6699670Z   ▶️ [STEP step_2_ai_3] FILL: Address
2026-01-18T18:53:33.6762351Z     🎯 Using AI-provided locator: input[id='customer.address.street']
2026-01-18T18:53:33.6819271Z     ✅ Found 1 verified locators
2026-01-18T18:53:40.1581722Z     ✅ State transitioned.
2026-01-18T18:53:40.1612589Z     🔄 Revisited state detected (count: 2)
2026-01-18T18:53:41.7105591Z [DEBUG] Sending request to gemini-2.0-flash. Number of parts: 2
2026-01-18T18:53:41.7106012Z [DEBUG] Received response (Length: 191)
2026-01-18T18:53:41.7106533Z     🤖 AI Next Step Suggestion: fill -> City
2026-01-18T18:53:41.7107138Z     🧩 Suggested Locator: input[id='customer.address.city']
2026-01-18T18:53:41.7107936Z     💭 Reasoning: Need to fill in the city as part of the registration form.
2026-01-18T18:53:41.7108804Z     ➕ Injected AI step: fill -> City
2026-01-18T18:53:41.7109169Z   ▶️ [STEP step_2_ai_4] FILL: City
2026-01-18T18:53:41.7167676Z     🎯 Using AI-provided locator: input[id='customer.address.city']
2026-01-18T18:53:41.7224441Z     ✅ Found 1 verified locators
2026-01-18T18:53:47.4744146Z     ✅ State transitioned.
2026-01-18T18:53:47.4776977Z     🔄 Revisited state detected (count: 3)
2026-01-18T18:53:49.0184653Z [DEBUG] Sending request to gemini-2.0-flash. Number of parts: 2
2026-01-18T18:53:49.0185231Z [DEBUG] Received response (Length: 188)
2026-01-18T18:53:49.0185973Z     🤖 AI Next Step Suggestion: fill -> State
2026-01-18T18:53:49.0186391Z     🧩 Suggested Locator: input[id='customer.state']
2026-01-18T18:53:49.0186925Z     💭 Reasoning: The registration form requires filling the state field to proceed.
2026-01-18T18:53:49.0187391Z     ➕ Injected AI step: fill -> State
2026-01-18T18:53:49.0187697Z   ▶️ [STEP step_2_ai_5] FILL: State
2026-01-18T18:53:49.0244228Z     🎯 Using AI-provided locator: input[id='customer.state']
2026-01-18T18:53:49.0264311Z     🔍 Mining locators for: 'State'
2026-01-18T18:53:49.0652954Z     🧠 Consulting AI (Vision-First) to find 'State'...
2026-01-18T18:53:49.0655224Z     🧠 [EXPERT] Strategy: Act as a Senior SDET focusing on exploring application to understand functional flow and automating FinTech scenarios. Focus on the end-to-end functional flow (e.g., Account Creation, Login, Funds Transfer, Loan Application). Prioritize identifying stable locators and interactive elements for automation. Ensure core banking features are accessible and functional.
2026-01-18T18:53:54.3832574Z [DEBUG] Sending request to gemini-2.0-flash. Number of parts: 2
2026-01-18T18:53:54.3832984Z [DEBUG] Received response (Length: 354)
2026-01-18T18:53:54.3833523Z     🔄 Retry 1/3 mining locators for 'State'...
2026-01-18T18:53:55.4330767Z     🧠 Consulting AI (Vision-First) to find 'State'...
2026-01-18T18:53:55.4332938Z     🧠 [EXPERT] Strategy: Act as a Senior SDET focusing on exploring application to understand functional flow and automating FinTech scenarios. Focus on the end-to-end functional flow (e.g., Account Creation, Login, Funds Transfer, Loan Application). Prioritize identifying stable locators and interactive elements for automation. Ensure core banking features are accessible and functional.
2026-01-18T18:53:55.4336615Z [CACHE HIT] 19afb29a... (hits: 1, misses: 6)
2026-01-18T18:53:55.4337149Z     🔄 Retry 2/3 mining locators for 'State'...
2026-01-18T18:53:56.4808556Z     🧠 Consulting AI (Vision-First) to find 'State'...
2026-01-18T18:53:56.4811793Z     🧠 [EXPERT] Strategy: Act as a Senior SDET focusing on exploring application to understand functional flow and automating FinTech scenarios. Focus on the end-to-end functional flow (e.g., Account Creation, Login, Funds Transfer, Loan Application). Prioritize identifying stable locators and interactive elements for automation. Ensure core banking features are accessible and functional.
2026-01-18T18:53:56.4815975Z [CACHE HIT] 19afb29a... (hits: 2, misses: 6)
2026-01-18T18:53:56.4816829Z     🧠 Verifying step validity for 'State' after mining failure...
2026-01-18T18:53:58.8346184Z [DEBUG] Sending request to gemini-2.0-flash. Number of parts: 2
2026-01-18T18:53:58.8347291Z [DEBUG] Received response (Length: 212)
2026-01-18T18:53:58.8348823Z     🛠️ Self-Correction: Step is valid. Using new locator: input[name='customer.address.state']
2026-01-18T18:54:04.0670356Z     ✅ State transitioned.
2026-01-18T18:54:04.0703596Z     🔄 Revisited state detected (count: 4)
2026-01-18T18:54:05.7474632Z [DEBUG] Sending request to gemini-2.0-flash. Number of parts: 2
2026-01-18T18:54:05.7475287Z [DEBUG] Received response (Length: 191)
2026-01-18T18:54:05.7476039Z     🤖 AI Next Step Suggestion: fill -> Zip Code
2026-01-18T18:54:05.7476453Z     🧩 Suggested Locator: input[id='customer.zipCode']
2026-01-18T18:54:05.7476935Z     💭 Reasoning: Filling the zip code field to complete the registration form.
2026-01-18T18:54:05.7477362Z     ➕ Injected AI step: fill -> Zip Code
2026-01-18T18:54:05.7477670Z   ▶️ [STEP step_2_ai_6] FILL: Zip Code
2026-01-18T18:54:05.7536648Z     🎯 Using AI-provided locator: input[id='customer.zipCode']
2026-01-18T18:54:05.7558960Z     🔍 Mining locators for: 'Zip Code'
2026-01-18T18:54:05.7975743Z     🧠 Consulting AI (Vision-First) to find 'Zip Code'...
2026-01-18T18:54:05.7977856Z     🧠 [EXPERT] Strategy: Act as a Senior SDET focusing on exploring application to understand functional flow and automating FinTech scenarios. Focus on the end-to-end functional flow (e.g., Account Creation, Login, Funds Transfer, Loan Application). Prioritize identifying stable locators and interactive elements for automation. Ensure core banking features are accessible and functional.
2026-01-18T18:54:11.0004876Z [DEBUG] Sending request to gemini-2.0-flash. Number of parts: 2
2026-01-18T18:54:11.0005555Z [DEBUG] Received response (Length: 356)
2026-01-18T18:54:11.0006201Z     🔄 Retry 1/3 mining locators for 'Zip Code'...
2026-01-18T18:54:12.0506343Z     🧠 Consulting AI (Vision-First) to find 'Zip Code'...
2026-01-18T18:54:12.0508742Z     🧠 [EXPERT] Strategy: Act as a Senior SDET focusing on exploring application to understand functional flow and automating FinTech scenarios. Focus on the end-to-end functional flow (e.g., Account Creation, Login, Funds Transfer, Loan Application). Prioritize identifying stable locators and interactive elements for automation. Ensure core banking features are accessible and functional.
2026-01-18T18:54:12.0512056Z [CACHE HIT] 8af04e96... (hits: 3, misses: 9)
2026-01-18T18:54:12.0512627Z     🔄 Retry 2/3 mining locators for 'Zip Code'...
2026-01-18T18:54:13.0975139Z     🧠 Consulting AI (Vision-First) to find 'Zip Code'...
2026-01-18T18:54:13.0978158Z     🧠 [EXPERT] Strategy: Act as a Senior SDET focusing on exploring application to understand functional flow and automating FinTech scenarios. Focus on the end-to-end functional flow (e.g., Account Creation, Login, Funds Transfer, Loan Application). Prioritize identifying stable locators and interactive elements for automation. Ensure core banking features are accessible and functional.
2026-01-18T18:54:13.0980879Z [CACHE HIT] 8af04e96... (hits: 4, misses: 9)
2026-01-18T18:54:13.0981610Z     🧠 Verifying step validity for 'Zip Code' after mining failure...
2026-01-18T18:54:15.5609356Z [DEBUG] Sending request to gemini-2.0-flash. Number of parts: 2
2026-01-18T18:54:15.5609925Z [DEBUG] Received response (Length: 219)
2026-01-18T18:54:15.5611164Z     🛠️ Self-Correction: Step is valid. Using new locator: input[name='customer.address.zipCode']
2026-01-18T18:54:21.3042768Z     ✅ State transitioned.
2026-01-18T18:54:21.3074753Z     🔄 Revisited state detected (count: 5)
2026-01-18T18:54:21.3075690Z     ⚠️ Too many revisits (5). Stopping AI step injection to prevent loops.
2026-01-18T18:54:21.3076433Z   ▶️ [STEP step_3] ASSERT_URL: 
2026-01-18T18:54:26.3235897Z     ⚠️ Scroll into view failed for text=None. Proceeding anyway.
2026-01-18T18:54:28.3259167Z     ✅ State transitioned.
2026-01-18T18:54:28.3292034Z     🔄 Revisited state detected (count: 6)
2026-01-18T18:54:28.3292871Z     ⚠️ Too many revisits (6). Stopping AI step injection to prevent loops.
2026-01-18T18:54:28.3293337Z   ▶️ [STEP step_4] FILL: First name
2026-01-18T18:54:28.3344251Z     🔍 Mining locators for: 'First name'
2026-01-18T18:54:28.3803186Z     🧠 Consulting AI (Vision-First) to find 'First name'...
2026-01-18T18:54:28.3806148Z     🧠 [EXPERT] Strategy: Act as a Senior SDET focusing on exploring application to understand functional flow and automating FinTech scenarios. Focus on the end-to-end functional flow (e.g., Account Creation, Login, Funds Transfer, Loan Application). Prioritize identifying stable locators and interactive elements for automation. Ensure core banking features are accessible and functional.
2026-01-18T18:54:30.7676139Z [DEBUG] Sending request to gemini-2.0-flash. Number of parts: 2
2026-01-18T18:54:30.7676902Z [DEBUG] Received response (Length: 658)
2026-01-18T18:54:30.7677902Z     🔄 Retry 1/3 mining locators for 'First name'...
2026-01-18T18:54:31.8136704Z     🧠 Consulting AI (Vision-First) to find 'First name'...
2026-01-18T18:54:31.8139900Z     🧠 [EXPERT] Strategy: Act as a Senior SDET focusing on exploring application to understand functional flow and automating FinTech scenarios. Focus on the end-to-end functional flow (e.g., Account Creation, Login, Funds Transfer, Loan Application). Prioritize identifying stable locators and interactive elements for automation. Ensure core banking features are accessible and functional.
2026-01-18T18:54:31.8143939Z [CACHE HIT] 7a752c68... (hits: 5, misses: 11)
2026-01-18T18:54:31.8144381Z     🔄 Retry 2/3 mining locators for 'First name'...
2026-01-18T18:54:32.8628392Z     🧠 Consulting AI (Vision-First) to find 'First name'...
2026-01-18T18:54:32.8630559Z     🧠 [EXPERT] Strategy: Act as a Senior SDET focusing on exploring application to understand functional flow and automating FinTech scenarios. Focus on the end-to-end functional flow (e.g., Account Creation, Login, Funds Transfer, Loan Application). Prioritize identifying stable locators and interactive elements for automation. Ensure core banking features are accessible and functional.
2026-01-18T18:54:32.8634159Z [CACHE HIT] 7a752c68... (hits: 6, misses: 11)
2026-01-18T18:54:32.8634871Z     🧠 Verifying step validity for 'First name' after mining failure...
2026-01-18T18:54:34.8850928Z [DEBUG] Sending request to gemini-2.0-flash. Number of parts: 2
2026-01-18T18:54:34.8851625Z [DEBUG] Received response (Length: 202)
2026-01-18T18:54:34.8852806Z     🛠️ Self-Correction: Step is valid. Using new locator: input[name='customer.firstName']
2026-01-18T18:54:41.3918786Z     ✅ State transitioned.
2026-01-18T18:54:41.3952399Z     🔄 Revisited state detected (count: 7)
2026-01-18T18:54:41.3953240Z     ⚠️ Too many revisits (7). Stopping AI step injection to prevent loops.
2026-01-18T18:54:41.3953974Z   ▶️ [STEP step_5] FILL: Last name
2026-01-18T18:54:41.4006095Z     🔍 Mining locators for: 'Last name'
2026-01-18T18:54:41.4458605Z     🧠 Consulting AI (Vision-First) to find 'Last name'...
2026-01-18T18:54:41.4461808Z     🧠 [EXPERT] Strategy: Act as a Senior SDET focusing on exploring application to understand functional flow and automating FinTech scenarios. Focus on the end-to-end functional flow (e.g., Account Creation, Login, Funds Transfer, Loan Application). Prioritize identifying stable locators and interactive elements for automation. Ensure core banking features are accessible and functional.
2026-01-18T18:54:43.6227301Z [DEBUG] Sending request to gemini-2.0-flash. Number of parts: 2
2026-01-18T18:54:43.6227728Z [DEBUG] Received response (Length: 482)
2026-01-18T18:54:43.6228629Z     🔄 Retry 1/3 mining locators for 'Last name'...
2026-01-18T18:54:44.6627150Z     🧠 Consulting AI (Vision-First) to find 'Last name'...
2026-01-18T18:54:44.6629642Z     🧠 [EXPERT] Strategy: Act as a Senior SDET focusing on exploring application to understand functional flow and automating FinTech scenarios. Focus on the end-to-end functional flow (e.g., Account Creation, Login, Funds Transfer, Loan Application). Prioritize identifying stable locators and interactive elements for automation. Ensure core banking features are accessible and functional.
2026-01-18T18:54:44.6633129Z [CACHE HIT] 74d822ef... (hits: 7, misses: 13)
2026-01-18T18:54:44.6635369Z     🔄 Retry 2/3 mining locators for 'Last name'...
2026-01-18T18:54:45.7124436Z     🧠 Consulting AI (Vision-First) to find 'Last name'...
2026-01-18T18:54:45.7126527Z     🧠 [EXPERT] Strategy: Act as a Senior SDET focusing on exploring application to understand functional flow and automating FinTech scenarios. Focus on the end-to-end functional flow (e.g., Account Creation, Login, Funds Transfer, Loan Application). Prioritize identifying stable locators and interactive elements for automation. Ensure core banking features are accessible and functional.
2026-01-18T18:54:45.7130113Z [CACHE HIT] 74d822ef... (hits: 8, misses: 13)
2026-01-18T18:54:45.7130966Z     🧠 Verifying step validity for 'Last name' after mining failure...
2026-01-18T18:54:48.0507564Z [DEBUG] Sending request to gemini-2.0-flash. Number of parts: 2
2026-01-18T18:54:48.0508035Z [DEBUG] Received response (Length: 178)
2026-01-18T18:54:48.0508986Z     🛠️ Self-Correction: Step is valid. Using new locator: input[name='customer.lastName']
2026-01-18T18:54:54.8691276Z     ✅ State transitioned.
2026-01-18T18:54:54.8723412Z     🔄 Revisited state detected (count: 8)
2026-01-18T18:54:54.8724416Z     ⚠️ Too many revisits (8). Stopping AI step injection to prevent loops.
2026-01-18T18:54:54.8725178Z   ▶️ [STEP step_6] FILL: Address
2026-01-18T18:54:54.8777049Z     🔍 Mining locators for: 'Address'
2026-01-18T18:54:54.9617964Z     🧠 Consulting AI (Vision-First) to find 'Address'...
2026-01-18T18:54:54.9621072Z     🧠 [EXPERT] Strategy: Act as a Senior SDET focusing on exploring application to understand functional flow and automating FinTech scenarios. Focus on the end-to-end functional flow (e.g., Account Creation, Login, Funds Transfer, Loan Application). Prioritize identifying stable locators and interactive elements for automation. Ensure core banking features are accessible and functional.
2026-01-18T18:54:56.9963174Z [DEBUG] Sending request to gemini-2.0-flash. Number of parts: 2
2026-01-18T18:54:56.9963844Z [DEBUG] Received response (Length: 387)
2026-01-18T18:54:56.9964640Z     🔄 Retry 1/3 mining locators for 'Address'...
2026-01-18T18:54:58.0452613Z     🧠 Consulting AI (Vision-First) to find 'Address'...
2026-01-18T18:54:58.0454831Z     🧠 [EXPERT] Strategy: Act as a Senior SDET focusing on exploring application to understand functional flow and automating FinTech scenarios. Focus on the end-to-end functional flow (e.g., Account Creation, Login, Funds Transfer, Loan Application). Prioritize identifying stable locators and interactive elements for automation. Ensure core banking features are accessible and functional.
2026-01-18T18:54:58.0509979Z [CACHE HIT] 4d02e18b... (hits: 9, misses: 15)
2026-01-18T18:54:58.0510512Z     🔄 Retry 2/3 mining locators for 'Address'...
2026-01-18T18:54:59.0953164Z     🧠 Consulting AI (Vision-First) to find 'Address'...
2026-01-18T18:54:59.0956521Z     🧠 [EXPERT] Strategy: Act as a Senior SDET focusing on exploring application to understand functional flow and automating FinTech scenarios. Focus on the end-to-end functional flow (e.g., Account Creation, Login, Funds Transfer, Loan Application). Prioritize identifying stable locators and interactive elements for automation. Ensure core banking features are accessible and functional.
2026-01-18T18:54:59.1014381Z [CACHE HIT] 4d02e18b... (hits: 10, misses: 15)
2026-01-18T18:54:59.1015227Z     🧠 Verifying step validity for 'Address' after mining failure...
2026-01-18T18:55:01.4456150Z [DEBUG] Sending request to gemini-2.0-flash. Number of parts: 2
2026-01-18T18:55:01.4456711Z [DEBUG] Received response (Length: 220)
2026-01-18T18:55:01.4457468Z     🛠️ Self-Correction: Step is valid. Using new locator: input[name='customer.address.street']
2026-01-18T18:55:07.4887844Z     ✅ State transitioned.
2026-01-18T18:55:07.4923604Z     🔄 Revisited state detected (count: 9)
2026-01-18T18:55:07.4924467Z     ⚠️ Too many revisits (9). Stopping AI step injection to prevent loops.
2026-01-18T18:55:07.4925607Z   ▶️ [STEP step_7] FILL: City
2026-01-18T18:55:07.4974547Z     🔍 Mining locators for: 'City'
2026-01-18T18:55:07.5451344Z     🧠 Consulting AI (Vision-First) to find 'City'...
2026-01-18T18:55:07.5453562Z     🧠 [EXPERT] Strategy: Act as a Senior SDET focusing on exploring application to understand functional flow and automating FinTech scenarios. Focus on the end-to-end functional flow (e.g., Account Creation, Login, Funds Transfer, Loan Application). Prioritize identifying stable locators and interactive elements for automation. Ensure core banking features are accessible and functional.
2026-01-18T18:55:09.4854584Z [DEBUG] Sending request to gemini-2.0-flash. Number of parts: 2
2026-01-18T18:55:09.4855034Z [DEBUG] Received response (Length: 357)
2026-01-18T18:55:09.4855607Z     🔄 Retry 1/3 mining locators for 'City'...
2026-01-18T18:55:10.5285297Z     🧠 Consulting AI (Vision-First) to find 'City'...
2026-01-18T18:55:10.5287401Z     🧠 [EXPERT] Strategy: Act as a Senior SDET focusing on exploring application to understand functional flow and automating FinTech scenarios. Focus on the end-to-end functional flow (e.g., Account Creation, Login, Funds Transfer, Loan Application). Prioritize identifying stable locators and interactive elements for automation. Ensure core banking features are accessible and functional.
2026-01-18T18:55:10.5291107Z [CACHE HIT] 688ddc78... (hits: 11, misses: 17)
2026-01-18T18:55:10.5291596Z     🔄 Retry 2/3 mining locators for 'City'...
2026-01-18T18:55:11.5781916Z     🧠 Consulting AI (Vision-First) to find 'City'...
2026-01-18T18:55:11.5783940Z     🧠 [EXPERT] Strategy: Act as a Senior SDET focusing on exploring application to understand functional flow and automating FinTech scenarios. Focus on the end-to-end functional flow (e.g., Account Creation, Login, Funds Transfer, Loan Application). Prioritize identifying stable locators and interactive elements for automation. Ensure core banking features are accessible and functional.
2026-01-18T18:55:11.5787433Z [CACHE HIT] 688ddc78... (hits: 12, misses: 17)
2026-01-18T18:55:11.5788123Z     🧠 Verifying step validity for 'City' after mining failure...
2026-01-18T18:55:14.2437231Z [DEBUG] Sending request to gemini-2.0-flash. Number of parts: 2
2026-01-18T18:55:14.2437755Z [DEBUG] Received response (Length: 209)
2026-01-18T18:55:14.2438925Z     🛠️ Self-Correction: Step is valid. Using new locator: input[name='customer.address.city']
2026-01-18T18:55:20.4205880Z     ✅ State transitioned.
2026-01-18T18:55:20.4239774Z     🔄 Revisited state detected (count: 10)
2026-01-18T18:55:20.4240558Z     ⚠️ Too many revisits (10). Stopping AI step injection to prevent loops.
2026-01-18T18:55:20.4241148Z   ▶️ [STEP step_8] FILL: State
2026-01-18T18:55:20.4290460Z     🔍 Mining locators for: 'State'
2026-01-18T18:55:20.4777586Z     🧠 Consulting AI (Vision-First) to find 'State'...
2026-01-18T18:55:20.4779792Z     🧠 [EXPERT] Strategy: Act as a Senior SDET focusing on exploring application to understand functional flow and automating FinTech scenarios. Focus on the end-to-end functional flow (e.g., Account Creation, Login, Funds Transfer, Loan Application). Prioritize identifying stable locators and interactive elements for automation. Ensure core banking features are accessible and functional.
2026-01-18T18:55:22.7375040Z [DEBUG] Sending request to gemini-2.0-flash. Number of parts: 2
2026-01-18T18:55:22.7375576Z [DEBUG] Received response (Length: 358)
2026-01-18T18:55:22.7376414Z     🔄 Retry 1/3 mining locators for 'State'...
2026-01-18T18:55:23.7775647Z     🧠 Consulting AI (Vision-First) to find 'State'...
2026-01-18T18:55:23.7779652Z     🧠 [EXPERT] Strategy: Act as a Senior SDET focusing on exploring application to understand functional flow and automating FinTech scenarios. Focus on the end-to-end functional flow (e.g., Account Creation, Login, Funds Transfer, Loan Application). Prioritize identifying stable locators and interactive elements for automation. Ensure core banking features are accessible and functional.
2026-01-18T18:55:23.7783626Z [CACHE HIT] ad4da7af... (hits: 13, misses: 19)
2026-01-18T18:55:23.7784236Z     🔄 Retry 2/3 mining locators for 'State'...
2026-01-18T18:55:24.8282483Z     🧠 Consulting AI (Vision-First) to find 'State'...
2026-01-18T18:55:24.8285578Z     🧠 [EXPERT] Strategy: Act as a Senior SDET focusing on exploring application to understand functional flow and automating FinTech scenarios. Focus on the end-to-end functional flow (e.g., Account Creation, Login, Funds Transfer, Loan Application). Prioritize identifying stable locators and interactive elements for automation. Ensure core banking features are accessible and functional.
2026-01-18T18:55:24.8289605Z [CACHE HIT] ad4da7af... (hits: 14, misses: 19)
2026-01-18T18:55:24.8290459Z     🧠 Verifying step validity for 'State' after mining failure...
2026-01-18T18:55:26.9292318Z [DEBUG] Sending request to gemini-2.0-flash. Number of parts: 2
2026-01-18T18:55:26.9293020Z [DEBUG] Received response (Length: 226)
2026-01-18T18:55:26.9295323Z     🗑️ Step deemed INVALID: The 'State' field is pre-filled with 'CA' and is not an input field that can be interacted with. It's likely a display of the default state or a pre-selected value.. Removing from workflow.
2026-01-18T18:55:26.9297343Z     ⏭️ Skipping execution of invalid step: State
2026-01-18T18:55:26.9297993Z   ▶️ [STEP step_9] FILL: Zip Code
2026-01-18T18:55:26.9349998Z     🔍 Mining locators for: 'Zip Code'
2026-01-18T18:55:26.9775332Z     🧠 Consulting AI (Vision-First) to find 'Zip Code'...
2026-01-18T18:55:26.9777407Z     🧠 [EXPERT] Strategy: Act as a Senior SDET focusing on exploring application to understand functional flow and automating FinTech scenarios. Focus on the end-to-end functional flow (e.g., Account Creation, Login, Funds Transfer, Loan Application). Prioritize identifying stable locators and interactive elements for automation. Ensure core banking features are accessible and functional.
2026-01-18T18:55:32.4148065Z [DEBUG] Sending request to gemini-2.0-flash. Number of parts: 2
2026-01-18T18:55:32.4148805Z [DEBUG] Received response (Length: 356)
2026-01-18T18:55:32.4149432Z     🔄 Retry 1/3 mining locators for 'Zip Code'...
2026-01-18T18:55:33.4631324Z     🧠 Consulting AI (Vision-First) to find 'Zip Code'...
2026-01-18T18:55:33.4633357Z     🧠 [EXPERT] Strategy: Act as a Senior SDET focusing on exploring application to understand functional flow and automating FinTech scenarios. Focus on the end-to-end functional flow (e.g., Account Creation, Login, Funds Transfer, Loan Application). Prioritize identifying stable locators and interactive elements for automation. Ensure core banking features are accessible and functional.
2026-01-18T18:55:33.4636785Z [CACHE HIT] 42310f6e... (hits: 15, misses: 21)
2026-01-18T18:55:33.4637414Z     🔄 Retry 2/3 mining locators for 'Zip Code'...
2026-01-18T18:55:34.5110013Z     🧠 Consulting AI (Vision-First) to find 'Zip Code'...
2026-01-18T18:55:34.5113073Z     🧠 [EXPERT] Strategy: Act as a Senior SDET focusing on exploring application to understand functional flow and automating FinTech scenarios. Focus on the end-to-end functional flow (e.g., Account Creation, Login, Funds Transfer, Loan Application). Prioritize identifying stable locators and interactive elements for automation. Ensure core banking features are accessible and functional.
2026-01-18T18:55:34.5115676Z [CACHE HIT] 42310f6e... (hits: 16, misses: 21)
2026-01-18T18:55:34.5116358Z     🧠 Verifying step validity for 'Zip Code' after mining failure...
2026-01-18T18:55:36.8762793Z [DEBUG] Sending request to gemini-2.0-flash. Number of parts: 2
2026-01-18T18:55:36.8763307Z [DEBUG] Received response (Length: 219)
2026-01-18T18:55:36.8764208Z     🛠️ Self-Correction: Step is valid. Using new locator: input[name='customer.address.zipCode']
2026-01-18T18:55:42.4769681Z     ✅ State transitioned.
2026-01-18T18:55:42.4803149Z     🔄 Revisited state detected (count: 11)
2026-01-18T18:55:42.4803835Z     ⚠️ Too many revisits (11). Stopping AI step injection to prevent loops.
2026-01-18T18:55:42.4804263Z   ▶️ [STEP step_10] FILL: Phone
2026-01-18T18:55:42.4862642Z     🔍 Mining locators for: 'Phone'
2026-01-18T18:55:42.5267463Z     🧠 Consulting AI (Vision-First) to find 'Phone'...
2026-01-18T18:55:42.5271590Z     🧠 [EXPERT] Strategy: Act as a Senior SDET focusing on exploring application to understand functional flow and automating FinTech scenarios. Focus on the end-to-end functional flow (e.g., Account Creation, Login, Funds Transfer, Loan Application). Prioritize identifying stable locators and interactive elements for automation. Ensure core banking features are accessible and functional.
2026-01-18T18:55:44.6832712Z [DEBUG] Sending request to gemini-2.0-flash. Number of parts: 2
2026-01-18T18:55:44.6833360Z [DEBUG] Received response (Length: 377)
2026-01-18T18:55:44.6834143Z     🔄 Retry 1/3 mining locators for 'Phone'...
2026-01-18T18:55:45.7271781Z     🧠 Consulting AI (Vision-First) to find 'Phone'...
2026-01-18T18:55:45.7274776Z     🧠 [EXPERT] Strategy: Act as a Senior SDET focusing on exploring application to understand functional flow and automating FinTech scenarios. Focus on the end-to-end functional flow (e.g., Account Creation, Login, Funds Transfer, Loan Application). Prioritize identifying stable locators and interactive elements for automation. Ensure core banking features are accessible and functional.
2026-01-18T18:55:45.7328096Z [CACHE HIT] a85a3b64... (hits: 17, misses: 23)
2026-01-18T18:55:45.7328983Z     🔄 Retry 2/3 mining locators for 'Phone'...
2026-01-18T18:55:46.7764673Z     🧠 Consulting AI (Vision-First) to find 'Phone'...
2026-01-18T18:55:46.7767729Z     🧠 [EXPERT] Strategy: Act as a Senior SDET focusing on exploring application to understand functional flow and automating FinTech scenarios. Focus on the end-to-end functional flow (e.g., Account Creation, Login, Funds Transfer, Loan Application). Prioritize identifying stable locators and interactive elements for automation. Ensure core banking features are accessible and functional.
2026-01-18T18:55:46.7823463Z [CACHE HIT] a85a3b64... (hits: 18, misses: 23)
2026-01-18T18:55:46.7824412Z     🧠 Verifying step validity for 'Phone' after mining failure...
2026-01-18T18:55:48.8546807Z [DEBUG] Sending request to gemini-2.0-flash. Number of parts: 2
2026-01-18T18:55:48.8547246Z [DEBUG] Received response (Length: 208)
2026-01-18T18:55:48.8548026Z     🛠️ Self-Correction: Step is valid. Using new locator: input[name='customer.phoneNumber']
2026-01-18T18:55:55.0105325Z     ✅ State transitioned.
2026-01-18T18:55:55.0138712Z     🔄 Revisited state detected (count: 12)
2026-01-18T18:55:55.0139606Z     ⚠️ Too many revisits (12). Stopping AI step injection to prevent loops.
2026-01-18T18:55:55.0140343Z   ▶️ [STEP step_11] FILL: SSN
2026-01-18T18:55:55.0191029Z     🔍 Mining locators for: 'SSN'
2026-01-18T18:55:55.0604695Z     🧠 Consulting AI (Vision-First) to find 'SSN'...
2026-01-18T18:55:55.0606932Z     🧠 [EXPERT] Strategy: Act as a Senior SDET focusing on exploring application to understand functional flow and automating FinTech scenarios. Focus on the end-to-end functional flow (e.g., Account Creation, Login, Funds Transfer, Loan Application). Prioritize identifying stable locators and interactive elements for automation. Ensure core banking features are accessible and functional.
2026-01-18T18:55:57.6663550Z [DEBUG] Sending request to gemini-2.0-flash. Number of parts: 2
2026-01-18T18:55:57.6664424Z [DEBUG] Received response (Length: 795)
2026-01-18T18:55:57.6665327Z     🔄 Retry 1/3 mining locators for 'SSN'...
2026-01-18T18:55:58.7095653Z     🧠 Consulting AI (Vision-First) to find 'SSN'...
2026-01-18T18:55:58.7097694Z     🧠 [EXPERT] Strategy: Act as a Senior SDET focusing on exploring application to understand functional flow and automating FinTech scenarios. Focus on the end-to-end functional flow (e.g., Account Creation, Login, Funds Transfer, Loan Application). Prioritize identifying stable locators and interactive elements for automation. Ensure core banking features are accessible and functional.
2026-01-18T18:55:58.7101547Z [CACHE HIT] 4dfd3d69... (hits: 19, misses: 25)
2026-01-18T18:55:58.7102095Z     🔄 Retry 2/3 mining locators for 'SSN'...
2026-01-18T18:55:59.7600990Z     🧠 Consulting AI (Vision-First) to find 'SSN'...
2026-01-18T18:55:59.7603079Z     🧠 [EXPERT] Strategy: Act as a Senior SDET focusing on exploring application to understand functional flow and automating FinTech scenarios. Focus on the end-to-end functional flow (e.g., Account Creation, Login, Funds Transfer, Loan Application). Prioritize identifying stable locators and interactive elements for automation. Ensure core banking features are accessible and functional.
2026-01-18T18:55:59.7607380Z [CACHE HIT] 4dfd3d69... (hits: 20, misses: 25)
2026-01-18T18:55:59.7607945Z     🧠 Verifying step validity for 'SSN' after mining failure...
2026-01-18T18:56:01.4191314Z [DEBUG] Sending request to gemini-2.0-flash. Number of parts: 2
2026-01-18T18:56:01.4191753Z [DEBUG] Received response (Length: 169)
2026-01-18T18:56:01.4192439Z     🛠️ Self-Correction: Step is valid. Using new locator: input[name='ssn']
2026-01-18T18:56:06.9299825Z     ⚠️ Scroll into view failed for input[name='ssn']. Proceeding anyway.
2026-01-18T18:56:12.4327039Z     ⚠️ Action failed: Locator.click: Timeout 5000ms exceeded.
2026-01-18T18:56:12.4327509Z Call log:
2026-01-18T18:56:12.4327719Z ...
2026-01-18T18:56:13.9957636Z [DEBUG] Sending request to gemini-2.0-flash. Number of parts: 2
2026-01-18T18:56:13.9958103Z [DEBUG] Received response (Length: 224)
2026-01-18T18:56:13.9959435Z     ✨ AI Heal Reasoning: The input field labeled 'SSN:' is the best visible element to perform the 'fill' action. It is an input field, which is required for the 'fill' action.
2026-01-18T18:56:13.9960355Z     ✨ AI healed exploration action! New selector: input[name='ssn']
2026-01-18T18:56:19.5010921Z     ⚠️ Scroll into view failed for input[name='ssn']. Proceeding anyway.
2026-01-18T18:56:25.0032346Z   ▶️ [STEP step_12] FILL: Username
2026-01-18T18:56:25.0089860Z     🔍 Mining locators for: 'Username'
2026-01-18T18:56:25.0634333Z     ✅ Found 1 verified locators
2026-01-18T18:56:31.3743647Z     ✅ State transitioned.
2026-01-18T18:56:31.3777313Z     🔄 Revisited state detected (count: 13)
2026-01-18T18:56:31.3778378Z     ⚠️ Too many revisits (13). Stopping AI step injection to prevent loops.
2026-01-18T18:56:31.3779206Z   ▶️ [STEP step_13] FILL: Password
2026-01-18T18:56:31.3831078Z     🔍 Mining locators for: 'Password'
2026-01-18T18:56:31.4292679Z     ✅ Found 1 verified locators
2026-01-18T18:56:38.3866200Z     ✅ State transitioned.
2026-01-18T18:56:38.3906576Z     🔄 Revisited state detected (count: 14)
2026-01-18T18:56:38.3907444Z     ⚠️ Too many revisits (14). Stopping AI step injection to prevent loops.
2026-01-18T18:56:38.3908431Z   ▶️ [STEP step_14] FILL: Confirm
2026-01-18T18:56:38.3958725Z     🔍 Mining locators for: 'Confirm'
2026-01-18T18:56:38.4755727Z     🧠 Consulting AI (Vision-First) to find 'Confirm'...
2026-01-18T18:56:38.4757694Z     🧠 [EXPERT] Strategy: Act as a Senior SDET focusing on exploring application to understand functional flow and automating FinTech scenarios. Focus on the end-to-end functional flow (e.g., Account Creation, Login, Funds Transfer, Loan Application). Prioritize identifying stable locators and interactive elements for automation. Ensure core banking features are accessible and functional.
2026-01-18T18:56:40.6061212Z [DEBUG] Sending request to gemini-2.0-flash. Number of parts: 2
2026-01-18T18:56:40.6061699Z [DEBUG] Received response (Length: 442)
2026-01-18T18:56:40.6062312Z     🔄 Retry 1/3 mining locators for 'Confirm'...
2026-01-18T18:56:41.6579869Z     🧠 Consulting AI (Vision-First) to find 'Confirm'...
2026-01-18T18:56:41.6582897Z     🧠 [EXPERT] Strategy: Act as a Senior SDET focusing on exploring application to understand functional flow and automating FinTech scenarios. Focus on the end-to-end functional flow (e.g., Account Creation, Login, Funds Transfer, Loan Application). Prioritize identifying stable locators and interactive elements for automation. Ensure core banking features are accessible and functional.
2026-01-18T18:56:41.6587289Z [CACHE HIT] bb0b45e5... (hits: 21, misses: 28)
2026-01-18T18:56:41.6587878Z     🔄 Retry 2/3 mining locators for 'Confirm'...
2026-01-18T18:56:42.7089589Z     🧠 Consulting AI (Vision-First) to find 'Confirm'...
2026-01-18T18:56:42.7091641Z     🧠 [EXPERT] Strategy: Act as a Senior SDET focusing on exploring application to understand functional flow and automating FinTech scenarios. Focus on the end-to-end functional flow (e.g., Account Creation, Login, Funds Transfer, Loan Application). Prioritize identifying stable locators and interactive elements for automation. Ensure core banking features are accessible and functional.
2026-01-18T18:56:42.7095147Z [CACHE HIT] bb0b45e5... (hits: 22, misses: 28)
2026-01-18T18:56:42.7095872Z     🧠 Verifying step validity for 'Confirm' after mining failure...
2026-01-18T18:56:45.2168084Z [DEBUG] Sending request to gemini-2.0-flash. Number of parts: 2
2026-01-18T18:56:45.2168813Z [DEBUG] Received response (Length: 242)
2026-01-18T18:56:45.2169584Z     🛠️ Self-Correction: Step is valid. Using new locator: input[name='repeatedPassword']
2026-01-18T18:56:51.5995331Z     ✅ State transitioned.
2026-01-18T18:56:51.6025731Z     🔄 Revisited state detected (count: 15)
2026-01-18T18:56:51.6026501Z     ⚠️ Too many revisits (15). Stopping AI step injection to prevent loops.
2026-01-18T18:56:51.6026944Z   ▶️ [STEP step_15] CLICK: Register
2026-01-18T18:56:51.6081686Z     🔍 Mining locators for: 'Register'
2026-01-18T18:56:51.6705614Z     ✅ Found 2 verified locators
2026-01-18T18:56:55.2121375Z     ✅ State transitioned.
2026-01-18T18:56:55.2166499Z     🔄 Revisited state detected (count: 16)
2026-01-18T18:56:55.2167367Z     ⚠️ Too many revisits (16). Stopping AI step injection to prevent loops.
2026-01-18T18:56:55.2168724Z   ▶️ [STEP step_16] ASSERT_VISIBLE: Your account was created successfully. You are now logged in.
2026-01-18T18:56:55.2326006Z     🔍 Mining locators for: 'Your account was created successfully. You are now logged in.'
2026-01-18T18:56:55.2737735Z     🧠 Consulting AI (Vision-First) to find 'Your account was created successfully. You are now logged in.'...
2026-01-18T18:56:55.2740076Z     🧠 [EXPERT] Strategy: Act as a Senior SDET focusing on exploring application to understand functional flow and automating FinTech scenarios. Focus on the end-to-end functional flow (e.g., Account Creation, Login, Funds Transfer, Loan Application). Prioritize identifying stable locators and interactive elements for automation. Ensure core banking features are accessible and functional.
2026-01-18T18:56:57.0157495Z [DEBUG] Sending request to gemini-2.0-flash. Number of parts: 2
2026-01-18T18:56:57.0158364Z [DEBUG] Received response (Length: 412)
2026-01-18T18:56:57.0159182Z     ⚠️ Skipping duplicate injection: Register
2026-01-18T18:56:57.0160143Z     🔄 Retry 1/3 mining locators for 'Your account was created successfully. You are now logged in.'...
2026-01-18T18:56:58.0573757Z     🧠 Consulting AI (Vision-First) to find 'Your account was created successfully. You are now logged in.'...
2026-01-18T18:56:58.0578000Z     🧠 [EXPERT] Strategy: Act as a Senior SDET focusing on exploring application to understand functional flow and automating FinTech scenarios. Focus on the end-to-end functional flow (e.g., Account Creation, Login, Funds Transfer, Loan Application). Prioritize identifying stable locators and interactive elements for automation. Ensure core banking features are accessible and functional.
2026-01-18T18:56:58.0580539Z [CACHE HIT] ba69bf57... (hits: 23, misses: 30)
2026-01-18T18:56:58.0581152Z     ⚠️ Skipping duplicate injection: Register
2026-01-18T18:56:58.0582029Z     🔄 Retry 2/3 mining locators for 'Your account was created successfully. You are now logged in.'...
2026-01-18T18:56:59.1068509Z     🧠 Consulting AI (Vision-First) to find 'Your account was created successfully. You are now logged in.'...
2026-01-18T18:56:59.1070668Z     🧠 [EXPERT] Strategy: Act as a Senior SDET focusing on exploring application to understand functional flow and automating FinTech scenarios. Focus on the end-to-end functional flow (e.g., Account Creation, Login, Funds Transfer, Loan Application). Prioritize identifying stable locators and interactive elements for automation. Ensure core banking features are accessible and functional.
2026-01-18T18:56:59.1073303Z [CACHE HIT] ba69bf57... (hits: 24, misses: 30)
2026-01-18T18:56:59.1074000Z     ⚠️ Skipping duplicate injection: Register
2026-01-18T18:56:59.1074909Z     🧠 Verifying step validity for 'Your account was created successfully. You are now logged in.' after no candidates found...
2026-01-18T18:57:01.6470289Z [DEBUG] Sending request to gemini-2.0-flash. Number of parts: 2
2026-01-18T18:57:01.6471007Z [DEBUG] Received response (Length: 266)
2026-01-18T18:57:01.6473850Z     🗑️ Step deemed INVALID: The target element "Your account was created successfully. You are now logged in." does not exist on the registration page. This message appears after successful registration, which hasn't happened yet.. Removing from workflow.
2026-01-18T18:57:01.6476759Z     ⏭️ Skipping execution of invalid step: Your account was created successfully. You are now logged in.
2026-01-18T18:57:01.6477904Z   ▶️ [STEP step_17] CLICK: Log Out
2026-01-18T18:57:01.6617957Z     🔍 Mining locators for: 'Log Out'
2026-01-18T18:57:01.7069944Z     🧠 Consulting AI (Vision-First) to find 'Log Out'...
2026-01-18T18:57:01.7072269Z     🧠 [EXPERT] Strategy: Act as a Senior SDET focusing on exploring application to understand functional flow and automating FinTech scenarios. Focus on the end-to-end functional flow (e.g., Account Creation, Login, Funds Transfer, Loan Application). Prioritize identifying stable locators and interactive elements for automation. Ensure core banking features are accessible and functional.
2026-01-18T18:57:06.6432798Z [DEBUG] Sending request to gemini-2.0-flash. Number of parts: 2
2026-01-18T18:57:06.6433464Z [DEBUG] Received response (Length: 204)
2026-01-18T18:57:06.6434187Z     💡 Expert Suggestion: Log Out functionality is likely located within the Admin Page.
2026-01-18T18:57:06.6434786Z     🛠️ Executing corrective action: click -> 'Admin Page'
2026-01-18T18:57:07.2473970Z     ✅ Executed corrective navigation
2026-01-18T18:57:09.2506717Z     🔄 Retry 1/3 mining locators for 'Log Out'...
2026-01-18T18:57:10.3069778Z     🧠 Consulting AI (Vision-First) to find 'Log Out'...
2026-01-18T18:57:10.3071969Z     🧠 [EXPERT] Strategy: Act as a Senior SDET focusing on exploring application to understand functional flow and automating FinTech scenarios. Focus on the end-to-end functional flow (e.g., Account Creation, Login, Funds Transfer, Loan Application). Prioritize identifying stable locators and interactive elements for automation. Ensure core banking features are accessible and functional.
2026-01-18T18:57:11.7932141Z [DEBUG] Sending request to gemini-2.0-flash. Number of parts: 2
2026-01-18T18:57:11.7932603Z [DEBUG] Received response (Length: 204)
2026-01-18T18:57:11.7933142Z     ⚠️ Skipping duplicate injection: Admin Page
2026-01-18T18:57:11.7933763Z     🔄 Retry 2/3 mining locators for 'Log Out'...
2026-01-18T18:57:12.8404944Z     🧠 Consulting AI (Vision-First) to find 'Log Out'...
2026-01-18T18:57:12.8407236Z     🧠 [EXPERT] Strategy: Act as a Senior SDET focusing on exploring application to understand functional flow and automating FinTech scenarios. Focus on the end-to-end functional flow (e.g., Account Creation, Login, Funds Transfer, Loan Application). Prioritize identifying stable locators and interactive elements for automation. Ensure core banking features are accessible and functional.
2026-01-18T18:57:12.8410054Z [CACHE HIT] ef72a358... (hits: 25, misses: 33)
2026-01-18T18:57:12.8410708Z     ⚠️ Skipping duplicate injection: Admin Page
2026-01-18T18:57:12.8411464Z     🧠 Verifying step validity for 'Log Out' after no candidates found...
2026-01-18T18:57:16.6452397Z [DEBUG] Sending request to gemini-2.0-flash. Number of parts: 2
2026-01-18T18:57:16.6452826Z [DEBUG] Received response (Length: 186)
2026-01-18T18:57:16.6453880Z     🗑️ Step deemed INVALID: The 'Log Out' button is not present on the admin page. The user is not logged in, so there is no 'Log Out' option available.. Removing from workflow.
2026-01-18T18:57:16.6454713Z     ⏭️ Skipping execution of invalid step: Log Out
2026-01-18T18:57:16.6455062Z   ▶️ [STEP step_18] ASSERT_URL: 
2026-01-18T18:57:21.6718494Z     ⚠️ Scroll into view failed for text=None. Proceeding anyway.
2026-01-18T18:57:23.6740685Z     ✅ State transitioned.
2026-01-18T18:57:25.3966402Z [DEBUG] Sending request to gemini-2.0-flash. Number of parts: 2
2026-01-18T18:57:25.3967074Z [DEBUG] Received response (Length: 230)
2026-01-18T18:57:25.3967945Z     🤖 AI Next Step Suggestion: navigate -> home
2026-01-18T18:57:25.3969002Z     🧩 Suggested Locator: a[href='/parabank/index.htm']
2026-01-18T18:57:25.3970363Z     💭 Reasoning: Navigating to the home page to explore core banking features like account creation and funds transfer.
2026-01-18T18:57:25.3971322Z     ➕ Injected AI step: navigate -> home
2026-01-18T18:57:25.3971764Z   ▶️ [STEP step_18_ai_1] NAVIGATE: home
2026-01-18T18:57:25.9041465Z     ❌ Navigation failed to home: Page.goto: Protocol error (Page.navigate): Cannot navigate to invalid URL
2026-01-18T18:57:25.9042341Z Call log:
2026-01-18T18:57:25.9042802Z   - navigating to "home", waiting until "domcontentloaded"
2026-01-18T18:57:25.9043209Z 
2026-01-18T18:57:25.9043856Z     ⚠️ Critical step failure: Page.goto: Protocol error (Page.navigate): Cannot navigate to invalid URL
2026-01-18T18:57:25.9044601Z Call log:
2026-01-18T18:57:25.9044786Z   - navigating t
2026-01-18T18:57:25.9045059Z   ▶️ [STEP step_19] FILL: Username
2026-01-18T18:57:25.9101530Z     🔍 Mining locators for: 'Username'
2026-01-18T18:57:25.9613278Z     ✅ Found 1 verified locators
2026-01-18T18:57:31.5461507Z     ✅ State transitioned.
2026-01-18T18:57:31.5496454Z     🔄 Revisited state detected (count: 1)
2026-01-18T18:57:33.3157868Z [DEBUG] Sending request to gemini-2.0-flash. Number of parts: 2
2026-01-18T18:57:33.3158789Z [DEBUG] Received response (Length: 233)
2026-01-18T18:57:33.3159474Z     🤖 AI Next Step Suggestion: navigate -> home
2026-01-18T18:57:33.3159958Z     🧩 Suggested Locator: a[href='/parabank/index.htm']
2026-01-18T18:57:33.3160787Z     💭 Reasoning: The current page is the admin page. To test banking operations, we should navigate back to the home page.
2026-01-18T18:57:33.3161495Z     ➕ Injected AI step: navigate -> home
2026-01-18T18:57:33.3161881Z   ▶️ [STEP step_19_ai_1] NAVIGATE: home
2026-01-18T18:57:33.8228838Z     ❌ Navigation failed to home: Page.goto: Protocol error (Page.navigate): Cannot navigate to invalid URL
2026-01-18T18:57:33.8230025Z Call log:
2026-01-18T18:57:33.8230670Z   - navigating to "home", waiting until "domcontentloaded"
2026-01-18T18:57:33.8231332Z 
2026-01-18T18:57:33.8232403Z     ⚠️ Critical step failure: Page.goto: Protocol error (Page.navigate): Cannot navigate to invalid URL
2026-01-18T18:57:33.8233662Z Call log:
2026-01-18T18:57:33.8234100Z   - navigating t
2026-01-18T18:57:33.8234739Z   ▶️ [STEP step_20] FILL: Password
2026-01-18T18:57:33.8290853Z     🔍 Mining locators for: 'Password'
2026-01-18T18:57:33.8778444Z     ✅ Found 1 verified locators
2026-01-18T18:57:40.3076604Z     ✅ State transitioned.
2026-01-18T18:57:40.3112032Z     🔄 Revisited state detected (count: 2)
2026-01-18T18:57:41.8034874Z [DEBUG] Sending request to gemini-2.0-flash. Number of parts: 2
2026-01-18T18:57:41.8035834Z [DEBUG] Received response (Length: 210)
2026-01-18T18:57:41.8036771Z     🤖 AI Next Step Suggestion: click -> home
2026-01-18T18:57:41.8037757Z     🧩 Suggested Locator: a[href='/parabank/index.htm']
2026-01-18T18:57:41.8039823Z     💭 Reasoning: Navigating to the home page to explore core banking features like account creation and funds transfer.
2026-01-18T18:57:41.8041414Z     ➕ Injected AI step: click -> home
2026-01-18T18:57:41.8042208Z   ▶️ [STEP step_20_ai_1] CLICK: home
2026-01-18T18:57:41.8097900Z     🎯 Using AI-provided locator: a[href='/parabank/index.htm']
2026-01-18T18:57:41.8116316Z     🔍 Mining locators for: 'home'
2026-01-18T18:57:41.8771425Z     ✅ Found 4 verified locators
2026-01-18T18:57:45.4436298Z     ✅ State transitioned.
2026-01-18T18:57:46.9802410Z [DEBUG] Sending request to gemini-2.0-flash. Number of parts: 2
2026-01-18T18:57:46.9803055Z [DEBUG] Received response (Length: 149)
2026-01-18T18:57:46.9803871Z     🤖 AI Next Step Suggestion: click -> input
2026-01-18T18:57:46.9804464Z     🧩 Suggested Locator: input[value='Log In']
2026-01-18T18:57:46.9805179Z     💭 Reasoning: Attempt to log in with the provided credentials.
2026-01-18T18:57:46.9805851Z     ➕ Injected AI step: click -> input
2026-01-18T18:57:46.9806361Z   ▶️ [STEP step_20_ai_2] CLICK: input
2026-01-18T18:57:46.9974525Z     🎯 Using AI-provided locator: input[value='Log In']
2026-01-18T18:57:47.0042968Z     ✅ Found 1 verified locators
2026-01-18T18:57:51.0744853Z     ✅ State transitioned.
2026-01-18T18:57:52.8560096Z [DEBUG] Sending request to gemini-2.0-flash. Number of parts: 2
2026-01-18T18:57:52.8560745Z [DEBUG] Received response (Length: 268)
2026-01-18T18:57:52.8561577Z     🤖 AI Next Step Suggestion: click -> input
2026-01-18T18:57:52.8562120Z     🧩 Suggested Locator: input
2026-01-18T18:57:52.8563583Z     💭 Reasoning: The error message 'Please enter a username and password.' is displayed. Need to click the login button to trigger the error again to ensure it is working as expected.
2026-01-18T18:57:52.8565067Z     ⚠️ Skipping duplicate AI suggestion (just executed): ('click', 'input')
2026-01-18T18:57:52.8565497Z   ▶️ [STEP step_21] CLICK: Log In
2026-01-18T18:57:52.8713679Z     🔍 Mining locators for: 'Log In'
2026-01-18T18:57:52.9214974Z     🧠 Consulting AI (Vision-First) to find 'Log In'...
2026-01-18T18:57:52.9217143Z     🧠 [EXPERT] Strategy: Act as a Senior SDET focusing on exploring application to understand functional flow and automating FinTech scenarios. Focus on the end-to-end functional flow (e.g., Account Creation, Login, Funds Transfer, Loan Application). Prioritize identifying stable locators and interactive elements for automation. Ensure core banking features are accessible and functional.
2026-01-18T18:57:57.6223709Z [DEBUG] Sending request to gemini-2.0-flash. Number of parts: 2
2026-01-18T18:57:57.6224407Z [DEBUG] Received response (Length: 337)
2026-01-18T18:57:57.6225228Z     ⚠️ Critical step failure: 'priority'
2026-01-18T18:57:57.6225861Z   ▶️ [STEP step_22] ASSERT_VISIBLE: Accounts Overview
2026-01-18T18:57:57.6272474Z     🔍 Mining locators for: 'Accounts Overview'
2026-01-18T18:57:57.6713570Z     🧠 Consulting AI (Vision-First) to find 'Accounts Overview'...
2026-01-18T18:57:57.6715616Z     🧠 [EXPERT] Strategy: Act as a Senior SDET focusing on exploring application to understand functional flow and automating FinTech scenarios. Focus on the end-to-end functional flow (e.g., Account Creation, Login, Funds Transfer, Loan Application). Prioritize identifying stable locators and interactive elements for automation. Ensure core banking features are accessible and functional.
2026-01-18T18:58:02.7108561Z [DEBUG] Sending request to gemini-2.0-flash. Number of parts: 2
2026-01-18T18:58:02.7109234Z [DEBUG] Received response (Length: 195)
2026-01-18T18:58:02.7110429Z     💡 Expert Suggestion: Accounts Overview is likely under the Products section.
2026-01-18T18:58:02.7111721Z     🛠️ Executing corrective action: click -> 'Products'
2026-01-18T18:58:03.4649431Z     ✅ Executed corrective navigation
2026-01-18T18:58:05.4668104Z     🔄 Retry 1/3 mining locators for 'Accounts Overview'...
2026-01-18T18:58:06.6242994Z     🧠 Consulting AI (Vision-First) to find 'Accounts Overview'...
2026-01-18T18:58:06.6245067Z     🧠 [EXPERT] Strategy: Act as a Senior SDET focusing on exploring application to understand functional flow and automating FinTech scenarios. Focus on the end-to-end functional flow (e.g., Account Creation, Login, Funds Transfer, Loan Application). Prioritize identifying stable locators and interactive elements for automation. Ensure core banking features are accessible and functional.
2026-01-18T18:58:08.2758471Z [DEBUG] Sending request to gemini-2.0-flash. Number of parts: 2
2026-01-18T18:58:08.2758934Z [DEBUG] Received response (Length: 310)
2026-01-18T18:58:08.2760181Z     💡 Expert Suggestion: The current page is a cookie consent form. 'Accounts Overview' is not present. Accepting cookies might redirect to the main page where 'Accounts Overview' can be found.
2026-01-18T18:58:08.2761175Z     🛠️ Executing corrective action: click -> 'Accept All'
2026-01-18T18:58:09.0182493Z     ✅ Executed corrective navigation
2026-01-18T18:58:11.0205770Z     🔄 Retry 2/3 mining locators for 'Accounts Overview'...
2026-01-18T18:58:12.1565843Z     🧠 Consulting AI (Vision-First) to find 'Accounts Overview'...
2026-01-18T18:58:12.1569090Z     🧠 [EXPERT] Strategy: Act as a Senior SDET focusing on exploring application to understand functional flow and automating FinTech scenarios. Focus on the end-to-end functional flow (e.g., Account Creation, Login, Funds Transfer, Loan Application). Prioritize identifying stable locators and interactive elements for automation. Ensure core banking features are accessible and functional.
2026-01-18T18:58:12.1573585Z [CACHE HIT] 414e1e85... (hits: 26, misses: 42)
2026-01-18T18:58:12.1574237Z     ⚠️ Skipping duplicate injection: Accept All
2026-01-18T18:58:12.1575074Z     🧠 Verifying step validity for 'Accounts Overview' after no candidates found...
2026-01-18T18:58:13.6154742Z [DEBUG] Sending request to gemini-2.0-flash. Number of parts: 2
2026-01-18T18:58:13.6155158Z [DEBUG] Received response (Length: 272)
2026-01-18T18:58:13.6156507Z     🗑️ Step deemed INVALID: The current page displays a cookie consent banner. "Accounts Overview" is not visible on this page. We need to accept cookies or navigate to the correct page before attempting to locate "Accounts Overview".. Removing from workflow.
2026-01-18T18:58:13.6157655Z     ⏭️ Skipping execution of invalid step: Accounts Overview
2026-01-18T18:58:15.6515409Z 
2026-01-18T18:58:15.6515889Z [2/3] Exploring Scenario: Funds Transfer
2026-01-18T18:58:15.6517151Z     🧠 Initialized exploration context for goal: 'Test banking operations'
2026-01-18T18:58:15.6518975Z   ▶️ [STEP step_1] NAVIGATE: 
2026-01-18T18:58:16.3626525Z     ✅ Navigated to https://parabank.parasoft.com/
2026-01-18T18:58:16.3627019Z   ▶️ [STEP step_2] FILL: Username
2026-01-18T18:58:16.3791211Z     🔍 Mining locators for: 'Username'
2026-01-18T18:58:16.4772346Z     ✅ Found 1 verified locators
2026-01-18T18:58:22.3190159Z     ✅ State transitioned.
2026-01-18T18:58:23.9958517Z [DEBUG] Sending request to gemini-2.0-flash. Number of parts: 2
2026-01-18T18:58:23.9959022Z [DEBUG] Received response (Length: 175)
2026-01-18T18:58:23.9959748Z     🤖 AI Next Step Suggestion: fill -> Password
2026-01-18T18:58:23.9960122Z     🧩 Suggested Locator: input[name='password']
2026-01-18T18:58:23.9960541Z     💭 Reasoning: Need to fill in the password field to attempt login.
2026-01-18T18:58:23.9960951Z     ➕ Injected AI step: fill -> Password
2026-01-18T18:58:23.9961265Z   ▶️ [STEP step_2_ai_1] FILL: Password
2026-01-18T18:58:24.0016689Z     🎯 Using AI-provided locator: input[name='password']
2026-01-18T18:58:24.0072600Z     ✅ Found 1 verified locators
2026-01-18T18:58:29.3468043Z     ✅ State transitioned.
2026-01-18T18:58:29.3495607Z     🔄 Revisited state detected (count: 1)
2026-01-18T18:58:31.4696274Z [DEBUG] Sending request to gemini-2.0-flash. Number of parts: 2
2026-01-18T18:58:31.4697076Z [DEBUG] Received response (Length: 274)
2026-01-18T18:58:31.4698020Z     🤖 AI Next Step Suggestion: click -> input
2026-01-18T18:58:31.4699015Z     🧩 Suggested Locator: input[value='Log In']
2026-01-18T18:58:31.4700873Z     💭 Reasoning: Now that the username and password have been entered, the next logical step is to click the 'Log In' button to attempt to log in to the banking application.
2026-01-18T18:58:31.4702521Z     ➕ Injected AI step: click -> input
2026-01-18T18:58:31.4703171Z   ▶️ [STEP step_2_ai_2] CLICK: input
2026-01-18T18:58:31.4756076Z     🎯 Using AI-provided locator: input[value='Log In']
2026-01-18T18:58:31.4811667Z     ✅ Found 1 verified locators
2026-01-18T18:58:35.5238850Z     ✅ State transitioned.
2026-01-18T18:58:37.4500577Z [DEBUG] Sending request to gemini-2.0-flash. Number of parts: 2
2026-01-18T18:58:37.4501550Z [DEBUG] Received response (Length: 580)
2026-01-18T18:58:37.4502650Z     🤖 AI Next Step Suggestion: done -> N/A
2026-01-18T18:58:37.4510055Z     💭 Reasoning: The previous actions of filling username and password and clicking the login button resulted in an error message indicating that both fields are required. Since the goal is to test banking operations, and the login attempt failed due to missing credentials, the next logical step would be to either register a new user or use valid credentials. However, without knowing valid credentials or having a clear path to register, the current state does not allow further progress towards the goal. Therefore, the task is considered done for now.
2026-01-18T18:58:37.4514849Z   ▶️ [STEP step_3] FILL: Password
2026-01-18T18:58:37.4661210Z     🔍 Mining locators for: 'Password'
2026-01-18T18:58:37.5271162Z     ✅ Found 2 verified locators
2026-01-18T18:58:43.4275083Z     ✅ State transitioned.
2026-01-18T18:58:44.9822897Z [DEBUG] Sending request to gemini-2.0-flash. Number of parts: 2
2026-01-18T18:58:44.9823816Z [DEBUG] Received response (Length: 217)
2026-01-18T18:58:44.9824788Z     🤖 AI Next Step Suggestion: click -> input
2026-01-18T18:58:44.9825531Z     🧩 Suggested Locator: input[value='Log In']
2026-01-18T18:58:44.9827037Z     💭 Reasoning: After filling the username and password, the next logical step is to click the 'Log In' button to attempt to log in.
2026-01-18T18:58:44.9828682Z     ➕ Injected AI step: click -> input
2026-01-18T18:58:44.9829334Z   ▶️ [STEP step_3_ai_1] CLICK: input
2026-01-18T18:58:44.9881970Z     🎯 Using AI-provided locator: input[value='Log In']
2026-01-18T18:58:44.9935663Z     ✅ Found 1 verified locators
2026-01-18T18:58:49.0387078Z     ✅ State transitioned.
2026-01-18T18:58:49.0426984Z     🔄 Revisited state detected (count: 1)
2026-01-18T18:58:50.4444392Z [DEBUG] Sending request to gemini-2.0-flash. Number of parts: 2
2026-01-18T18:58:50.4445114Z [DEBUG] Received response (Length: 224)
2026-01-18T18:58:50.4445955Z     🤖 AI Next Step Suggestion: click -> input
2026-01-18T18:58:50.4446604Z     🧩 Suggested Locator: input[value='Log In']
2026-01-18T18:58:50.4448067Z     💭 Reasoning: After filling the username and password fields, the next logical step is to click the 'Log In' button to attempt to log in.
2026-01-18T18:58:50.4449885Z ⚠️ Loop detected: same AI suggestion repeated 3 times. Moving to next step.
2026-01-18T18:58:50.4450716Z   ▶️ [STEP step_4] CLICK: Log In
2026-01-18T18:58:50.4593587Z     🔍 Mining locators for: 'Log In'
2026-01-18T18:58:50.5022963Z     🧠 Consulting AI (Vision-First) to find 'Log In'...
2026-01-18T18:58:50.5025036Z     🧠 [EXPERT] Strategy: Act as a Senior SDET focusing on exploring application to understand functional flow and automating FinTech scenarios. Focus on the end-to-end functional flow (e.g., Account Creation, Login, Funds Transfer, Loan Application). Prioritize identifying stable locators and interactive elements for automation. Ensure core banking features are accessible and functional.
2026-01-18T18:58:50.5098744Z [CACHE HIT] 2eed3f50... (hits: 27, misses: 48)
2026-01-18T18:58:50.5099700Z     ⚠️ Critical step failure: 'priority'
2026-01-18T18:58:50.5100374Z   ▶️ [STEP step_5] ASSERT_VISIBLE: Accounts Overview
2026-01-18T18:58:50.5144709Z     🔍 Mining locators for: 'Accounts Overview'
2026-01-18T18:58:50.5516853Z     🧠 Consulting AI (Vision-First) to find 'Accounts Overview'...
2026-01-18T18:58:50.5519196Z     🧠 [EXPERT] Strategy: Act as a Senior SDET focusing on exploring application to understand functional flow and automating FinTech scenarios. Focus on the end-to-end functional flow (e.g., Account Creation, Login, Funds Transfer, Loan Application). Prioritize identifying stable locators and interactive elements for automation. Ensure core banking features are accessible and functional.
2026-01-18T18:58:50.5521785Z [CACHE HIT] 9dd0f2b6... (hits: 28, misses: 48)
2026-01-18T18:58:50.5522708Z     💡 Expert Suggestion: Accounts Overview is likely under the Products section.
2026-01-18T18:58:50.5523633Z     🛠️ Executing corrective action: click -> 'Products'
2026-01-18T18:58:51.1625267Z     ✅ Executed corrective navigation
2026-01-18T18:58:53.1642455Z     🔄 Retry 1/3 mining locators for 'Accounts Overview'...
2026-01-18T18:58:54.3552505Z     🧠 Consulting AI (Vision-First) to find 'Accounts Overview'...
2026-01-18T18:58:54.3555444Z     🧠 [EXPERT] Strategy: Act as a Senior SDET focusing on exploring application to understand functional flow and automating FinTech scenarios. Focus on the end-to-end functional flow (e.g., Account Creation, Login, Funds Transfer, Loan Application). Prioritize identifying stable locators and interactive elements for automation. Ensure core banking features are accessible and functional.
2026-01-18T18:58:54.3560747Z [CACHE HIT] 414e1e85... (hits: 29, misses: 48)
2026-01-18T18:58:54.3561848Z     💡 Expert Suggestion: The current page is a cookie consent form. 'Accounts Overview' is not present. Accepting cookies might redirect to the main page where 'Accounts Overview' can be found.
2026-01-18T18:58:54.3562750Z     🛠️ Executing corrective action: click -> 'Accept All'
2026-01-18T18:58:55.0595271Z     ✅ Executed corrective navigation
2026-01-18T18:58:57.0618639Z     🔄 Retry 2/3 mining locators for 'Accounts Overview'...
2026-01-18T18:58:58.2549376Z     🧠 Consulting AI (Vision-First) to find 'Accounts Overview'...
2026-01-18T18:58:58.2551623Z     🧠 [EXPERT] Strategy: Act as a Senior SDET focusing on exploring application to understand functional flow and automating FinTech scenarios. Focus on the end-to-end functional flow (e.g., Account Creation, Login, Funds Transfer, Loan Application). Prioritize identifying stable locators and interactive elements for automation. Ensure core banking features are accessible and functional.
2026-01-18T18:58:58.2555076Z [CACHE HIT] 414e1e85... (hits: 30, misses: 48)
2026-01-18T18:58:58.2555706Z     ⚠️ Skipping duplicate injection: Accept All
2026-01-18T18:58:58.2556441Z     🧠 Verifying step validity for 'Accounts Overview' after no candidates found...
2026-01-18T18:58:58.2560834Z [CACHE HIT] a3e6d9aa... (hits: 31, misses: 48)
2026-01-18T18:58:58.2562778Z     🗑️ Step deemed INVALID: The current page displays a cookie consent banner. "Accounts Overview" is not visible on this page. We need to accept cookies or navigate to the correct page before attempting to locate "Accounts Overview".. Removing from workflow.
2026-01-18T18:58:58.2563874Z     ⏭️ Skipping execution of invalid step: Accounts Overview
2026-01-18T18:58:58.2564232Z   ▶️ [STEP step_6] CLICK: Transfer Funds
2026-01-18T18:58:58.2624449Z     🔍 Mining locators for: 'Transfer Funds'
2026-01-18T18:58:58.3876762Z     🧠 Consulting AI (Vision-First) to find 'Transfer Funds'...
2026-01-18T18:58:58.3879299Z     🧠 [EXPERT] Strategy: Act as a Senior SDET focusing on exploring application to understand functional flow and automating FinTech scenarios. Focus on the end-to-end functional flow (e.g., Account Creation, Login, Funds Transfer, Loan Application). Prioritize identifying stable locators and interactive elements for automation. Ensure core banking features are accessible and functional.
2026-01-18T18:58:59.8494843Z [DEBUG] Sending request to gemini-2.0-flash. Number of parts: 2
2026-01-18T18:58:59.8495321Z [DEBUG] Received response (Length: 292)
2026-01-18T18:58:59.8496524Z     💡 Expert Suggestion: The current page is a cookie consent form. Accepting the cookies will likely lead to the main banking application where 'Transfer Funds' can be found.
2026-01-18T18:58:59.8497512Z     🛠️ Executing corrective action: click -> 'Accept All'
2026-01-18T18:59:00.5629928Z     ✅ Executed corrective navigation
2026-01-18T18:59:02.5653181Z     🔄 Retry 1/3 mining locators for 'Transfer Funds'...
2026-01-18T18:59:03.6880026Z     🧠 Consulting AI (Vision-First) to find 'Transfer Funds'...
2026-01-18T18:59:03.6882087Z     🧠 [EXPERT] Strategy: Act as a Senior SDET focusing on exploring application to understand functional flow and automating FinTech scenarios. Focus on the end-to-end functional flow (e.g., Account Creation, Login, Funds Transfer, Loan Application). Prioritize identifying stable locators and interactive elements for automation. Ensure core banking features are accessible and functional.
2026-01-18T18:59:03.6885749Z [CACHE HIT] a5fd92b8... (hits: 32, misses: 49)
2026-01-18T18:59:03.6886375Z     ⚠️ Skipping duplicate injection: Accept All
2026-01-18T18:59:03.6886947Z     🔄 Retry 2/3 mining locators for 'Transfer Funds'...
2026-01-18T18:59:04.8713965Z     🧠 Consulting AI (Vision-First) to find 'Transfer Funds'...
2026-01-18T18:59:04.8717089Z     🧠 [EXPERT] Strategy: Act as a Senior SDET focusing on exploring application to understand functional flow and automating FinTech scenarios. Focus on the end-to-end functional flow (e.g., Account Creation, Login, Funds Transfer, Loan Application). Prioritize identifying stable locators and interactive elements for automation. Ensure core banking features are accessible and functional.
2026-01-18T18:59:04.8721716Z [CACHE HIT] a5fd92b8... (hits: 33, misses: 49)
2026-01-18T18:59:04.8722263Z     ⚠️ Skipping duplicate injection: Accept All
2026-01-18T18:59:04.8723180Z     🧠 Verifying step validity for 'Transfer Funds' after no candidates found...
2026-01-18T18:59:06.3703652Z [DEBUG] Sending request to gemini-2.0-flash. Number of parts: 2
2026-01-18T18:59:06.3704109Z [DEBUG] Received response (Length: 231)
2026-01-18T18:59:06.3705324Z     🗑️ Step deemed INVALID: The current page displays a cookie consent banner. There is no "Transfer Funds" element visible on this page. We need to navigate to the banking operations page first.. Removing from workflow.
2026-01-18T18:59:06.3706278Z     ⏭️ Skipping execution of invalid step: Transfer Funds
2026-01-18T18:59:06.3706616Z   ▶️ [STEP step_7] ASSERT_URL: 
2026-01-18T18:59:11.3866311Z     ⚠️ Scroll into view failed for text=None. Proceeding anyway.
2026-01-18T18:59:13.3888576Z     ✅ State transitioned.
2026-01-18T18:59:15.0137028Z [DEBUG] Sending request to gemini-2.0-flash. Number of parts: 2
2026-01-18T18:59:15.0137744Z [DEBUG] Received response (Length: 258)
2026-01-18T18:59:15.0139121Z     🤖 AI Next Step Suggestion: click -> Accept All
2026-01-18T18:59:15.0139897Z     🧩 Suggested Locator: button:contains('Accept All')
2026-01-18T18:59:15.0141348Z     💭 Reasoning: The page displays a cookie consent popup. To proceed with testing the banking operations, it's necessary to accept the cookies.
2026-01-18T18:59:15.0142629Z     ➕ Injected AI step: click -> Accept All
2026-01-18T18:59:15.0143215Z   ▶️ [STEP step_7_ai_1] CLICK: Accept All
2026-01-18T18:59:15.0203841Z     🎯 Using AI-provided locator: button:contains('Accept All')
2026-01-18T18:59:15.0237072Z     🔍 Mining locators for: 'Accept All'
2026-01-18T18:59:15.2266091Z     ✅ Found 2 verified locators
2026-01-18T18:59:18.7922887Z     ✅ State transitioned.
2026-01-18T18:59:18.8123572Z     🔄 Revisited state detected (count: 1)
2026-01-18T18:59:20.4484244Z [DEBUG] Sending request to gemini-2.0-flash. Number of parts: 2
2026-01-18T18:59:20.4484987Z [DEBUG] Received response (Length: 303)
2026-01-18T18:59:20.4485818Z     🤖 AI Next Step Suggestion: click -> Close
2026-01-18T18:59:20.4486442Z     🧩 Suggested Locator: button:nth-of-type(1)
2026-01-18T18:59:20.4488144Z     💭 Reasoning: The current page is a cookie consent popup. The goal is to test banking operations, so dismissing the popup is the next logical step. Clicking the 'Close' button will dismiss the popup.
2026-01-18T18:59:20.4489954Z     ➕ Injected AI step: click -> Close
2026-01-18T18:59:20.4490489Z   ▶️ [STEP step_7_ai_2] CLICK: Close
2026-01-18T18:59:20.4558667Z     🎯 Using AI-provided locator: button:nth-of-type(1)
2026-01-18T18:59:20.4622734Z     ✅ Found 1 verified locators
2026-01-18T18:59:24.5243323Z     ✅ State transitioned.
2026-01-18T18:59:26.5761746Z [DEBUG] Sending request to gemini-2.0-flash. Number of parts: 2
2026-01-18T18:59:26.5762240Z [DEBUG] Received response (Length: 390)
2026-01-18T18:59:26.5762763Z     🤖 AI Next Step Suggestion: done -> N/A
2026-01-18T18:59:26.5764369Z     💭 Reasoning: The current page is related to cookie preferences on the parasoft.com website, not the parabank.parasoft.com website where the banking operations can be tested. The previous actions indicate that the cookie preferences have been handled. Therefore, there is nothing more to do on this page to progress towards the goal of testing banking operations.
2026-01-18T18:59:26.5765761Z   ▶️ [STEP step_8] FILL: Amount
2026-01-18T18:59:26.5826485Z     🔍 Mining locators for: 'Amount'
2026-01-18T18:59:26.7035120Z     🧠 Consulting AI (Vision-First) to find 'Amount'...
2026-01-18T18:59:26.7037279Z     🧠 [EXPERT] Strategy: Act as a Senior SDET focusing on exploring application to understand functional flow and automating FinTech scenarios. Focus on the end-to-end functional flow (e.g., Account Creation, Login, Funds Transfer, Loan Application). Prioritize identifying stable locators and interactive elements for automation. Ensure core banking features are accessible and functional.
2026-01-18T18:59:31.1776691Z [DEBUG] Sending request to gemini-2.0-flash. Number of parts: 2
2026-01-18T18:59:31.1777406Z [DEBUG] Received response (Length: 271)
2026-01-18T18:59:31.1779425Z     💡 Expert Suggestion: The current page is a cookie consent form. 'Amount' is likely found after accepting cookies and navigating to banking operations.
2026-01-18T18:59:31.1781009Z     🛠️ Executing corrective action: click -> 'Accept All'
2026-01-18T18:59:31.8759129Z     ✅ Executed corrective navigation
2026-01-18T18:59:33.8782121Z     🔄 Retry 1/3 mining locators for 'Amount'...
2026-01-18T18:59:35.0031193Z     🧠 Consulting AI (Vision-First) to find 'Amount'...
2026-01-18T18:59:35.0033200Z     🧠 [EXPERT] Strategy: Act as a Senior SDET focusing on exploring application to understand functional flow and automating FinTech scenarios. Focus on the end-to-end functional flow (e.g., Account Creation, Login, Funds Transfer, Loan Application). Prioritize identifying stable locators and interactive elements for automation. Ensure core banking features are accessible and functional.
2026-01-18T18:59:35.0036937Z [CACHE HIT] 6f60f16d... (hits: 34, misses: 54)
2026-01-18T18:59:35.0037471Z     ⚠️ Skipping duplicate injection: Accept All
2026-01-18T18:59:35.0037846Z     🔄 Retry 2/3 mining locators for 'Amount'...
2026-01-18T18:59:36.1701807Z     🧠 Consulting AI (Vision-First) to find 'Amount'...
2026-01-18T18:59:36.1703869Z     🧠 [EXPERT] Strategy: Act as a Senior SDET focusing on exploring application to understand functional flow and automating FinTech scenarios. Focus on the end-to-end functional flow (e.g., Account Creation, Login, Funds Transfer, Loan Application). Prioritize identifying stable locators and interactive elements for automation. Ensure core banking features are accessible and functional.
2026-01-18T18:59:36.1707464Z [CACHE HIT] 6f60f16d... (hits: 35, misses: 54)
2026-01-18T18:59:36.1708700Z     ⚠️ Skipping duplicate injection: Accept All
2026-01-18T18:59:36.1709169Z     🧠 Verifying step validity for 'Amount' after no candidates found...
2026-01-18T18:59:37.4206726Z [DEBUG] Sending request to gemini-2.0-flash. Number of parts: 2
2026-01-18T18:59:37.4207179Z [DEBUG] Received response (Length: 217)
2026-01-18T18:59:37.4208577Z     🗑️ Step deemed INVALID: The current page displays a cookie consent banner. There is no 'Amount' field visible on this page. We are on the wrong page to perform banking operations.. Removing from workflow.
2026-01-18T18:59:37.4209494Z     ⏭️ Skipping execution of invalid step: Amount
2026-01-18T18:59:37.4209845Z   ▶️ [STEP step_9] SELECT: fromAccountId
2026-01-18T18:59:37.4272479Z     🔍 Mining locators for: 'fromAccountId'
2026-01-18T18:59:37.5541985Z     🧠 Consulting AI (Vision-First) to find 'fromAccountId'...
2026-01-18T18:59:37.5544125Z     🧠 [EXPERT] Strategy: Act as a Senior SDET focusing on exploring application to understand functional flow and automating FinTech scenarios. Focus on the end-to-end functional flow (e.g., Account Creation, Login, Funds Transfer, Loan Application). Prioritize identifying stable locators and interactive elements for automation. Ensure core banking features are accessible and functional.
2026-01-18T18:59:42.9074278Z [DEBUG] Sending request to gemini-2.0-flash. Number of parts: 2
2026-01-18T18:59:42.9074936Z [DEBUG] Received response (Length: 362)
2026-01-18T18:59:42.9077360Z     💡 Expert Suggestion: The current page is a cookie consent form. 'fromAccountId' is related to banking operations and would not be found here. Accepting the cookies might lead to the main application where banking operations can be performed.
2026-01-18T18:59:42.9079731Z     🛠️ Executing corrective action: click -> 'Accept All'
2026-01-18T18:59:43.6058584Z     ✅ Executed corrective navigation
2026-01-18T18:59:45.6081733Z     🔄 Retry 1/3 mining locators for 'fromAccountId'...
2026-01-18T18:59:46.7365544Z     🧠 Consulting AI (Vision-First) to find 'fromAccountId'...
2026-01-18T18:59:46.7367699Z     🧠 [EXPERT] Strategy: Act as a Senior SDET focusing on exploring application to understand functional flow and automating FinTech scenarios. Focus on the end-to-end functional flow (e.g., Account Creation, Login, Funds Transfer, Loan Application). Prioritize identifying stable locators and interactive elements for automation. Ensure core banking features are accessible and functional.
2026-01-18T18:59:46.7371283Z [CACHE HIT] 115870a4... (hits: 36, misses: 56)
2026-01-18T18:59:46.7371913Z     ⚠️ Skipping duplicate injection: Accept All
2026-01-18T18:59:46.7372316Z     🔄 Retry 2/3 mining locators for 'fromAccountId'...
2026-01-18T18:59:47.9032210Z     🧠 Consulting AI (Vision-First) to find 'fromAccountId'...
2026-01-18T18:59:47.9034264Z     🧠 [EXPERT] Strategy: Act as a Senior SDET focusing on exploring application to understand functional flow and automating FinTech scenarios. Focus on the end-to-end functional flow (e.g., Account Creation, Login, Funds Transfer, Loan Application). Prioritize identifying stable locators and interactive elements for automation. Ensure core banking features are accessible and functional.
2026-01-18T18:59:47.9037898Z [CACHE HIT] 115870a4... (hits: 37, misses: 56)
2026-01-18T18:59:47.9039126Z     ⚠️ Skipping duplicate injection: Accept All
2026-01-18T18:59:47.9039693Z     🧠 Verifying step validity for 'fromAccountId' after no candidates found...
2026-01-18T18:59:49.3344199Z [DEBUG] Sending request to gemini-2.0-flash. Number of parts: 2
2026-01-18T18:59:49.3344722Z [DEBUG] Received response (Length: 289)
2026-01-18T18:59:49.3346442Z     🗑️ Step deemed INVALID: The current page displays a cookie consent banner. There is no banking operation form or element with id 'fromAccountId' visible on this page. Therefore, attempting to interact with 'fromAccountId' is not valid in this context.. Removing from workflow.
2026-01-18T18:59:49.3347874Z     ⏭️ Skipping execution of invalid step: fromAccountId
2026-01-18T18:59:49.3348859Z   ▶️ [STEP step_10] SELECT: toAccountId
2026-01-18T18:59:49.3408521Z     🔍 Mining locators for: 'toAccountId'
2026-01-18T18:59:49.4703540Z     🧠 Consulting AI (Vision-First) to find 'toAccountId'...
2026-01-18T18:59:49.4705813Z     🧠 [EXPERT] Strategy: Act as a Senior SDET focusing on exploring application to understand functional flow and automating FinTech scenarios. Focus on the end-to-end functional flow (e.g., Account Creation, Login, Funds Transfer, Loan Application). Prioritize identifying stable locators and interactive elements for automation. Ensure core banking features are accessible and functional.
2026-01-18T18:59:54.4165432Z [DEBUG] Sending request to gemini-2.0-flash. Number of parts: 2
2026-01-18T18:59:54.4166139Z [DEBUG] Received response (Length: 318)
2026-01-18T18:59:54.4168731Z     💡 Expert Suggestion: The 'toAccountId' field is likely located within the funds transfer or account management section, which is typically found under 'Products' or a similar banking operations menu.
2026-01-18T18:59:54.4170868Z     🛠️ Executing corrective action: click -> 'Products'
2026-01-18T18:59:55.1561970Z     ✅ Executed corrective navigation
2026-01-18T18:59:57.1585618Z     🔄 Retry 1/3 mining locators for 'toAccountId'...
2026-01-18T18:59:58.2861141Z     🧠 Consulting AI (Vision-First) to find 'toAccountId'...
2026-01-18T18:59:58.2864132Z     🧠 [EXPERT] Strategy: Act as a Senior SDET focusing on exploring application to understand functional flow and automating FinTech scenarios. Focus on the end-to-end functional flow (e.g., Account Creation, Login, Funds Transfer, Loan Application). Prioritize identifying stable locators and interactive elements for automation. Ensure core banking features are accessible and functional.
2026-01-18T18:59:59.7053519Z [DEBUG] Sending request to gemini-2.0-flash. Number of parts: 2
2026-01-18T18:59:59.7054020Z [DEBUG] Received response (Length: 291)
2026-01-18T18:59:59.7054577Z     ⚠️ Skipping duplicate injection: Products
2026-01-18T18:59:59.7055046Z     🔄 Retry 2/3 mining locators for 'toAccountId'...
2026-01-18T19:00:00.8704396Z     🧠 Consulting AI (Vision-First) to find 'toAccountId'...
2026-01-18T19:00:00.8707570Z     🧠 [EXPERT] Strategy: Act as a Senior SDET focusing on exploring application to understand functional flow and automating FinTech scenarios. Focus on the end-to-end functional flow (e.g., Account Creation, Login, Funds Transfer, Loan Application). Prioritize identifying stable locators and interactive elements for automation. Ensure core banking features are accessible and functional.
2026-01-18T19:00:00.8711401Z [CACHE HIT] 63f74f7d... (hits: 38, misses: 59)
2026-01-18T19:00:00.8712026Z     ⚠️ Skipping duplicate injection: Products
2026-01-18T19:00:00.8712887Z     🧠 Verifying step validity for 'toAccountId' after no candidates found...
2026-01-18T19:00:04.7909304Z [DEBUG] Sending request to gemini-2.0-flash. Number of parts: 2
2026-01-18T19:00:04.7909996Z [DEBUG] Received response (Length: 288)
2026-01-18T19:00:04.7912735Z     🗑️ Step deemed INVALID: The current page is the Parasoft products page. There is no element with the id or name 'toAccountId' visible on this page. This step is not valid in the current context. We are likely on the wrong page for banking operations.. Removing from workflow.
2026-01-18T19:00:04.7915384Z     ⏭️ Skipping execution of invalid step: toAccountId
2026-01-18T19:00:04.7916117Z   ▶️ [STEP step_11] CLICK: Transfer
2026-01-18T19:00:04.7978624Z     🔍 Mining locators for: 'Transfer'
2026-01-18T19:00:04.9187648Z     🧠 Consulting AI (Vision-First) to find 'Transfer'...
2026-01-18T19:00:04.9190008Z     🧠 [EXPERT] Strategy: Act as a Senior SDET focusing on exploring application to understand functional flow and automating FinTech scenarios. Focus on the end-to-end functional flow (e.g., Account Creation, Login, Funds Transfer, Loan Application). Prioritize identifying stable locators and interactive elements for automation. Ensure core banking features are accessible and functional.
2026-01-18T19:00:09.5319763Z [DEBUG] Sending request to gemini-2.0-flash. Number of parts: 2
2026-01-18T19:00:09.5320252Z [DEBUG] Received response (Length: 232)
2026-01-18T19:00:09.5321474Z     💡 Expert Suggestion: The 'Transfer' functionality is likely located within the 'Products' section of the website.
2026-01-18T19:00:09.5322406Z     🛠️ Executing corrective action: click -> 'Products'
2026-01-18T19:00:10.7593409Z     🔄 Retry 1/3 mining locators for 'Transfer'...
2026-01-18T19:00:11.8851455Z     🧠 Consulting AI (Vision-First) to find 'Transfer'...
2026-01-18T19:00:11.8853624Z     🧠 [EXPERT] Strategy: Act as a Senior SDET focusing on exploring application to understand functional flow and automating FinTech scenarios. Focus on the end-to-end functional flow (e.g., Account Creation, Login, Funds Transfer, Loan Application). Prioritize identifying stable locators and interactive elements for automation. Ensure core banking features are accessible and functional.
2026-01-18T19:00:11.8857193Z [CACHE HIT] 03dcbcb0... (hits: 39, misses: 61)
2026-01-18T19:00:11.8857863Z     ⚠️ Skipping duplicate injection: Products
2026-01-18T19:00:11.8858439Z     🔄 Retry 2/3 mining locators for 'Transfer'...
2026-01-18T19:00:13.0687222Z     🧠 Consulting AI (Vision-First) to find 'Transfer'...
2026-01-18T19:00:13.0690744Z     🧠 [EXPERT] Strategy: Act as a Senior SDET focusing on exploring application to understand functional flow and automating FinTech scenarios. Focus on the end-to-end functional flow (e.g., Account Creation, Login, Funds Transfer, Loan Application). Prioritize identifying stable locators and interactive elements for automation. Ensure core banking features are accessible and functional.
2026-01-18T19:00:13.0694268Z [CACHE HIT] 03dcbcb0... (hits: 40, misses: 61)
2026-01-18T19:00:13.0695008Z     ⚠️ Skipping duplicate injection: Products
2026-01-18T19:00:13.0695797Z     🧠 Verifying step validity for 'Transfer' after no candidates found...
2026-01-18T19:00:14.6291826Z [DEBUG] Sending request to gemini-2.0-flash. Number of parts: 2
2026-01-18T19:00:14.6292570Z [DEBUG] Received response (Length: 291)
2026-01-18T19:00:14.6295518Z     🗑️ Step deemed INVALID: The current page is the Parasoft products page. The task is to locate and interact with 'Transfer'. 'Transfer' is related to banking operations, which are not available on this page. Therefore, this step is not logical and valid.. Removing from workflow.
2026-01-18T19:00:14.6298111Z     ⏭️ Skipping execution of invalid step: Transfer
2026-01-18T19:00:14.6360201Z   ▶️ [STEP step_12] ASSERT_VISIBLE: Transfer Complete!
2026-01-18T19:00:14.6360919Z     🔍 Mining locators for: 'Transfer Complete!'
2026-01-18T19:00:14.7539482Z     🧠 Consulting AI (Vision-First) to find 'Transfer Complete!'...
2026-01-18T19:00:14.7543567Z     🧠 [EXPERT] Strategy: Act as a Senior SDET focusing on exploring application to understand functional flow and automating FinTech scenarios. Focus on the end-to-end functional flow (e.g., Account Creation, Login, Funds Transfer, Loan Application). Prioritize identifying stable locators and interactive elements for automation. Ensure core banking features are accessible and functional.
2026-01-18T19:00:19.8687683Z [DEBUG] Sending request to gemini-2.0-flash. Number of parts: 2
2026-01-18T19:00:19.8688132Z [DEBUG] Received response (Length: 273)
2026-01-18T19:00:19.8689717Z     💡 Expert Suggestion: The phrase 'Transfer Complete!' is related to banking operations, which are likely found under the 'Products' section of the website.
2026-01-18T19:00:19.8690611Z     🛠️ Executing corrective action: click -> 'Products'
2026-01-18T19:00:21.0941746Z     🔄 Retry 1/3 mining locators for 'Transfer Complete!'...
2026-01-18T19:00:22.2176328Z     🧠 Consulting AI (Vision-First) to find 'Transfer Complete!'...
2026-01-18T19:00:22.2179510Z     🧠 [EXPERT] Strategy: Act as a Senior SDET focusing on exploring application to understand functional flow and automating FinTech scenarios. Focus on the end-to-end functional flow (e.g., Account Creation, Login, Funds Transfer, Loan Application). Prioritize identifying stable locators and interactive elements for automation. Ensure core banking features are accessible and functional.
2026-01-18T19:00:22.2183472Z [CACHE HIT] 8232113d... (hits: 41, misses: 63)
2026-01-18T19:00:22.2183999Z     ⚠️ Skipping duplicate injection: Products
2026-01-18T19:00:22.2184408Z     🔄 Retry 2/3 mining locators for 'Transfer Complete!'...
2026-01-18T19:00:23.4167819Z     🧠 Consulting AI (Vision-First) to find 'Transfer Complete!'...
2026-01-18T19:00:23.4170153Z     🧠 [EXPERT] Strategy: Act as a Senior SDET focusing on exploring application to understand functional flow and automating FinTech scenarios. Focus on the end-to-end functional flow (e.g., Account Creation, Login, Funds Transfer, Loan Application). Prioritize identifying stable locators and interactive elements for automation. Ensure core banking features are accessible and functional.
2026-01-18T19:00:23.4173111Z [CACHE HIT] 8232113d... (hits: 42, misses: 63)
2026-01-18T19:00:23.4173876Z     ⚠️ Skipping duplicate injection: Products
2026-01-18T19:00:23.4174539Z     🧠 Verifying step validity for 'Transfer Complete!' after no candidates found...
2026-01-18T19:00:24.9558084Z [DEBUG] Sending request to gemini-2.0-flash. Number of parts: 2
2026-01-18T19:00:24.9558892Z [DEBUG] Received response (Length: 333)
2026-01-18T19:00:24.9560529Z     🗑️ Step deemed INVALID: The text "Transfer Complete!" is not visible on the current page. The page appears to be the Parasoft products page, and the task of interacting with "Transfer Complete!" is not logical in this context. It seems we are on the wrong page or the element does not exist.. Removing from workflow.
2026-01-18T19:00:24.9561832Z     ⏭️ Skipping execution of invalid step: Transfer Complete!
2026-01-18T19:00:26.9901192Z 
2026-01-18T19:00:26.9902601Z [3/3] Exploring Scenario: Bill Payment
2026-01-18T19:00:26.9904235Z     🧠 Initialized exploration context for goal: 'Test banking operations'
2026-01-18T19:00:26.9907515Z   ▶️ [STEP step_1] NAVIGATE: 
2026-01-18T19:00:27.6937920Z     ✅ Navigated to https://parabank.parasoft.com/
2026-01-18T19:00:27.6939252Z   ▶️ [STEP step_2] FILL: Username
2026-01-18T19:00:27.7097070Z     🔍 Mining locators for: 'Username'
2026-01-18T19:00:27.7726246Z     ✅ Found 1 verified locators
2026-01-18T19:00:34.1966224Z     ✅ State transitioned.
2026-01-18T19:00:35.9943061Z [DEBUG] Sending request to gemini-2.0-flash. Number of parts: 2
2026-01-18T19:00:35.9943864Z [DEBUG] Received response (Length: 199)
2026-01-18T19:00:35.9944718Z     🤖 AI Next Step Suggestion: fill -> Password
2026-01-18T19:00:35.9945471Z     🧩 Suggested Locator: input[name='password']
2026-01-18T19:00:36.0000545Z     💭 Reasoning: The username has been filled. Now, fill the password field to attempt login.
2026-01-18T19:00:36.0001377Z     ➕ Injected AI step: fill -> Password
2026-01-18T19:00:36.0001932Z   ▶️ [STEP step_2_ai_1] FILL: Password
2026-01-18T19:00:36.0005497Z     🎯 Using AI-provided locator: input[name='password']
2026-01-18T19:00:36.0070164Z     ✅ Found 1 verified locators
2026-01-18T19:00:41.5019216Z     ✅ State transitioned.
2026-01-18T19:00:41.5047352Z     🔄 Revisited state detected (count: 1)
2026-01-18T19:00:43.0963894Z [DEBUG] Sending request to gemini-2.0-flash. Number of parts: 2
2026-01-18T19:00:43.0964952Z [DEBUG] Received response (Length: 181)
2026-01-18T19:00:43.0965796Z     🤖 AI Next Step Suggestion: click -> input
2026-01-18T19:00:43.0966414Z     🧩 Suggested Locator: input[value='Log In']
2026-01-18T19:00:43.0967243Z     💭 Reasoning: Now that username and password are provided, attempt to log in.
2026-01-18T19:00:43.0968013Z     ➕ Injected AI step: click -> input
2026-01-18T19:00:43.0968764Z   ▶️ [STEP step_2_ai_2] CLICK: input
2026-01-18T19:00:43.1020789Z     🎯 Using AI-provided locator: input[value='Log In']
2026-01-18T19:00:43.1074079Z     ✅ Found 1 verified locators
2026-01-18T19:00:47.1516121Z     ✅ State transitioned.
2026-01-18T19:00:47.1984801Z [CACHE HIT] a0340407... (hits: 43, misses: 66)
2026-01-18T19:00:47.1986063Z     🤖 AI Next Step Suggestion: done -> N/A
2026-01-18T19:00:47.1990512Z     💭 Reasoning: The previous actions of filling username and password and clicking the login button resulted in an error message indicating that both fields are required. Since the goal is to test banking operations, and the login attempt failed due to missing credentials, the next logical step would be to either register a new user or use valid credentials. However, without knowing valid credentials or having a clear path to register, the current state does not allow further progress towards the goal. Therefore, the task is considered done for now.
2026-01-18T19:00:47.1994153Z   ▶️ [STEP step_3] FILL: Password
2026-01-18T19:00:47.2132202Z     🔍 Mining locators for: 'Password'
2026-01-18T19:00:47.2568782Z     ✅ Found 2 verified locators
2026-01-18T19:00:54.0891669Z     ✅ State transitioned.
2026-01-18T19:00:54.1316396Z [CACHE HIT] 45da979d... (hits: 44, misses: 66)
2026-01-18T19:00:54.1317252Z     🤖 AI Next Step Suggestion: click -> input
2026-01-18T19:00:54.1317924Z     🧩 Suggested Locator: input[value='Log In']
2026-01-18T19:00:54.1319129Z     💭 Reasoning: After filling the username and password, the next logical step is to click the 'Log In' button to attempt to log in.
2026-01-18T19:00:54.1319784Z     ➕ Injected AI step: click -> input
2026-01-18T19:00:54.1320111Z   ▶️ [STEP step_3_ai_1] CLICK: input
2026-01-18T19:00:54.1364297Z     🎯 Using AI-provided locator: input[value='Log In']
2026-01-18T19:00:54.1414509Z     ✅ Found 1 verified locators
2026-01-18T19:00:58.1834331Z     ✅ State transitioned.
2026-01-18T19:00:58.1871690Z     🔄 Revisited state detected (count: 1)
2026-01-18T19:00:58.2314765Z [CACHE HIT] 9e7d5fc3... (hits: 45, misses: 66)
2026-01-18T19:00:58.2315710Z     🤖 AI Next Step Suggestion: click -> input
2026-01-18T19:00:58.2316356Z     🧩 Suggested Locator: input[value='Log In']
2026-01-18T19:00:58.2317630Z     💭 Reasoning: After filling the username and password fields, the next logical step is to click the 'Log In' button to attempt to log in.
2026-01-18T19:00:58.2319233Z ⚠️ Loop detected: same AI suggestion repeated 3 times. Moving to next step.
2026-01-18T19:00:58.2319934Z   ▶️ [STEP step_4] CLICK: Log In
2026-01-18T19:00:58.2461237Z     🔍 Mining locators for: 'Log In'
2026-01-18T19:00:58.2979793Z     🧠 Consulting AI (Vision-First) to find 'Log In'...
2026-01-18T19:00:58.2981741Z     🧠 [EXPERT] Strategy: Act as a Senior SDET focusing on exploring application to understand functional flow and automating FinTech scenarios. Focus on the end-to-end functional flow (e.g., Account Creation, Login, Funds Transfer, Loan Application). Prioritize identifying stable locators and interactive elements for automation. Ensure core banking features are accessible and functional.
2026-01-18T19:00:58.3060151Z [CACHE HIT] 2eed3f50... (hits: 46, misses: 66)
2026-01-18T19:00:58.3060815Z     ⚠️ Critical step failure: 'priority'
2026-01-18T19:00:58.3061391Z   ▶️ [STEP step_5] ASSERT_VISIBLE: Accounts Overview
2026-01-18T19:00:58.3107862Z     🔍 Mining locators for: 'Accounts Overview'
2026-01-18T19:00:58.3470110Z     🧠 Consulting AI (Vision-First) to find 'Accounts Overview'...
2026-01-18T19:00:58.3472553Z     🧠 [EXPERT] Strategy: Act as a Senior SDET focusing on exploring application to understand functional flow and automating FinTech scenarios. Focus on the end-to-end functional flow (e.g., Account Creation, Login, Funds Transfer, Loan Application). Prioritize identifying stable locators and interactive elements for automation. Ensure core banking features are accessible and functional.
2026-01-18T19:00:58.3475100Z [CACHE HIT] 9dd0f2b6... (hits: 47, misses: 66)
2026-01-18T19:00:58.3476026Z     💡 Expert Suggestion: Accounts Overview is likely under the Products section.
2026-01-18T19:00:58.3477025Z     🛠️ Executing corrective action: click -> 'Products'
2026-01-18T19:00:59.0031638Z     ✅ Executed corrective navigation
2026-01-18T19:01:01.0044668Z     🔄 Retry 1/3 mining locators for 'Accounts Overview'...
2026-01-18T19:01:02.1512450Z     🧠 Consulting AI (Vision-First) to find 'Accounts Overview'...
2026-01-18T19:01:02.1515972Z     🧠 [EXPERT] Strategy: Act as a Senior SDET focusing on exploring application to understand functional flow and automating FinTech scenarios. Focus on the end-to-end functional flow (e.g., Account Creation, Login, Funds Transfer, Loan Application). Prioritize identifying stable locators and interactive elements for automation. Ensure core banking features are accessible and functional.
2026-01-18T19:01:02.1520456Z [CACHE HIT] 414e1e85... (hits: 48, misses: 66)
2026-01-18T19:01:02.1521631Z     💡 Expert Suggestion: The current page is a cookie consent form. 'Accounts Overview' is not present. Accepting cookies might redirect to the main page where 'Accounts Overview' can be found.
2026-01-18T19:01:02.1522573Z     🛠️ Executing corrective action: click -> 'Accept All'
2026-01-18T19:01:02.8901532Z     ✅ Executed corrective navigation
2026-01-18T19:01:04.8925105Z     🔄 Retry 2/3 mining locators for 'Accounts Overview'...
2026-01-18T19:01:06.0173570Z     🧠 Consulting AI (Vision-First) to find 'Accounts Overview'...
2026-01-18T19:01:06.0175535Z     🧠 [EXPERT] Strategy: Act as a Senior SDET focusing on exploring application to understand functional flow and automating FinTech scenarios. Focus on the end-to-end functional flow (e.g., Account Creation, Login, Funds Transfer, Loan Application). Prioritize identifying stable locators and interactive elements for automation. Ensure core banking features are accessible and functional.
2026-01-18T19:01:06.0179391Z [CACHE HIT] 414e1e85... (hits: 49, misses: 66)
2026-01-18T19:01:06.0180016Z     ⚠️ Skipping duplicate injection: Accept All
2026-01-18T19:01:06.0180711Z     🧠 Verifying step validity for 'Accounts Overview' after no candidates found...
2026-01-18T19:01:06.0184957Z [CACHE HIT] a3e6d9aa... (hits: 50, misses: 66)
2026-01-18T19:01:06.0186860Z     🗑️ Step deemed INVALID: The current page displays a cookie consent banner. "Accounts Overview" is not visible on this page. We need to accept cookies or navigate to the correct page before attempting to locate "Accounts Overview".. Removing from workflow.
2026-01-18T19:01:06.0187957Z     ⏭️ Skipping execution of invalid step: Accounts Overview
2026-01-18T19:01:06.0188486Z   ▶️ [STEP step_6] CLICK: Pay Bills
2026-01-18T19:01:06.0243783Z     🔍 Mining locators for: 'Pay Bills'
2026-01-18T19:01:06.2157582Z     🧠 Consulting AI (Vision-First) to find 'Pay Bills'...
2026-01-18T19:01:06.2159815Z     🧠 [EXPERT] Strategy: Act as a Senior SDET focusing on exploring application to understand functional flow and automating FinTech scenarios. Focus on the end-to-end functional flow (e.g., Account Creation, Login, Funds Transfer, Loan Application). Prioritize identifying stable locators and interactive elements for automation. Ensure core banking features are accessible and functional.
2026-01-18T19:01:07.7396833Z [DEBUG] Sending request to gemini-2.0-flash. Number of parts: 2
2026-01-18T19:01:07.7397494Z [DEBUG] Received response (Length: 264)
2026-01-18T19:01:07.7399685Z     💡 Expert Suggestion: The current page is a cookie consent form. 'Pay Bills' functionality will likely be available after accepting the cookies.
2026-01-18T19:01:07.7401085Z     🛠️ Executing corrective action: click -> 'Accept All'
2026-01-18T19:01:08.3898545Z     ✅ Executed corrective navigation
2026-01-18T19:01:10.3920899Z     🔄 Retry 1/3 mining locators for 'Pay Bills'...
2026-01-18T19:01:11.5832287Z     🧠 Consulting AI (Vision-First) to find 'Pay Bills'...
2026-01-18T19:01:11.5835273Z     🧠 [EXPERT] Strategy: Act as a Senior SDET focusing on exploring application to understand functional flow and automating FinTech scenarios. Focus on the end-to-end functional flow (e.g., Account Creation, Login, Funds Transfer, Loan Application). Prioritize identifying stable locators and interactive elements for automation. Ensure core banking features are accessible and functional.
2026-01-18T19:01:11.5840222Z [CACHE HIT] 299e18fd... (hits: 51, misses: 67)
2026-01-18T19:01:11.5840731Z     ⚠️ Skipping duplicate injection: Accept All
2026-01-18T19:01:11.5841112Z     🔄 Retry 2/3 mining locators for 'Pay Bills'...
2026-01-18T19:01:12.6985345Z     🧠 Consulting AI (Vision-First) to find 'Pay Bills'...
2026-01-18T19:01:12.6987463Z     🧠 [EXPERT] Strategy: Act as a Senior SDET focusing on exploring application to understand functional flow and automating FinTech scenarios. Focus on the end-to-end functional flow (e.g., Account Creation, Login, Funds Transfer, Loan Application). Prioritize identifying stable locators and interactive elements for automation. Ensure core banking features are accessible and functional.
2026-01-18T19:01:12.6991466Z [CACHE HIT] 299e18fd... (hits: 52, misses: 67)
2026-01-18T19:01:12.6992201Z     ⚠️ Skipping duplicate injection: Accept All
2026-01-18T19:01:12.6992775Z     🧠 Verifying step validity for 'Pay Bills' after no candidates found...
2026-01-18T19:01:14.0661938Z [DEBUG] Sending request to gemini-2.0-flash. Number of parts: 2
2026-01-18T19:01:14.0662743Z [DEBUG] Received response (Length: 250)
2026-01-18T19:01:14.0665627Z     🗑️ Step deemed INVALID: The current page displays a cookie consent banner. There is no 'Pay Bills' element visible on this page. We need to handle the cookie consent before proceeding with the banking operations.. Removing from workflow.
2026-01-18T19:01:14.0668137Z     ⏭️ Skipping execution of invalid step: Pay Bills
2026-01-18T19:01:14.0669205Z   ▶️ [STEP step_7] ASSERT_URL: 
2026-01-18T19:01:19.0831217Z     ⚠️ Scroll into view failed for text=None. Proceeding anyway.
2026-01-18T19:01:21.0854328Z     ✅ State transitioned.
2026-01-18T19:01:21.2831753Z [CACHE HIT] 52e19e5a... (hits: 53, misses: 68)
2026-01-18T19:01:21.2832728Z     🤖 AI Next Step Suggestion: click -> Accept All
2026-01-18T19:01:21.2833154Z     🧩 Suggested Locator: button:contains('Accept All')
2026-01-18T19:01:21.2833898Z     💭 Reasoning: The page displays a cookie consent popup. To proceed with testing the banking operations, it's necessary to accept the cookies.
2026-01-18T19:01:21.2834578Z     ➕ Injected AI step: click -> Accept All
2026-01-18T19:01:21.2834910Z   ▶️ [STEP step_7_ai_1] CLICK: Accept All
2026-01-18T19:01:21.2889754Z     🎯 Using AI-provided locator: button:contains('Accept All')
2026-01-18T19:01:21.2921635Z     🔍 Mining locators for: 'Accept All'
2026-01-18T19:01:21.4699293Z     ✅ Found 2 verified locators
2026-01-18T19:01:25.0378592Z     ✅ State transitioned.
2026-01-18T19:01:25.0576717Z     🔄 Revisited state detected (count: 1)
2026-01-18T19:01:25.2508776Z [CACHE HIT] 3083b6d5... (hits: 54, misses: 68)
2026-01-18T19:01:25.2509644Z     🤖 AI Next Step Suggestion: click -> Close
2026-01-18T19:01:25.2510247Z     🧩 Suggested Locator: button:nth-of-type(1)
2026-01-18T19:01:25.2511873Z     💭 Reasoning: The current page is a cookie consent popup. The goal is to test banking operations, so dismissing the popup is the next logical step. Clicking the 'Close' button will dismiss the popup.
2026-01-18T19:01:25.2513145Z     ➕ Injected AI step: click -> Close
2026-01-18T19:01:25.2513753Z   ▶️ [STEP step_7_ai_2] CLICK: Close
2026-01-18T19:01:25.2572628Z     🎯 Using AI-provided locator: button:nth-of-type(1)
2026-01-18T19:01:25.2643660Z     ✅ Found 1 verified locators
2026-01-18T19:01:29.3201441Z     ✅ State transitioned.
2026-01-18T19:01:29.4676330Z [CACHE HIT] 1565417d... (hits: 55, misses: 68)
2026-01-18T19:01:29.4677271Z     🤖 AI Next Step Suggestion: done -> N/A
2026-01-18T19:01:29.4680374Z     💭 Reasoning: The current page is related to cookie preferences on the parasoft.com website, not the parabank.parasoft.com website where the banking operations can be tested. The previous actions indicate that the cookie preferences have been handled. Therefore, there is nothing more to do on this page to progress towards the goal of testing banking operations.
2026-01-18T19:01:29.4682959Z   ▶️ [STEP step_8] FILL: Payee Name
2026-01-18T19:01:29.4737207Z     🔍 Mining locators for: 'Payee Name'
2026-01-18T19:01:29.6488131Z     🧠 Consulting AI (Vision-First) to find 'Payee Name'...
2026-01-18T19:01:29.6490560Z     🧠 [EXPERT] Strategy: Act as a Senior SDET focusing on exploring application to understand functional flow and automating FinTech scenarios. Focus on the end-to-end functional flow (e.g., Account Creation, Login, Funds Transfer, Loan Application). Prioritize identifying stable locators and interactive elements for automation. Ensure core banking features are accessible and functional.
2026-01-18T19:01:31.2533663Z [DEBUG] Sending request to gemini-2.0-flash. Number of parts: 2
2026-01-18T19:01:31.2534526Z [DEBUG] Received response (Length: 285)
2026-01-18T19:01:31.2536786Z     💡 Expert Suggestion: The current page is a cookie consent form.  Clicking 'Accept All' will likely navigate to the main application where 'Payee Name' can be found.
2026-01-18T19:01:31.2538869Z     🛠️ Executing corrective action: click -> 'Accept All'
2026-01-18T19:01:31.9027873Z     ✅ Executed corrective navigation
2026-01-18T19:01:33.9050764Z     🔄 Retry 1/3 mining locators for 'Payee Name'...
2026-01-18T19:01:35.0825793Z     🧠 Consulting AI (Vision-First) to find 'Payee Name'...
2026-01-18T19:01:35.0829081Z     🧠 [EXPERT] Strategy: Act as a Senior SDET focusing on exploring application to understand functional flow and automating FinTech scenarios. Focus on the end-to-end functional flow (e.g., Account Creation, Login, Funds Transfer, Loan Application). Prioritize identifying stable locators and interactive elements for automation. Ensure core banking features are accessible and functional.
2026-01-18T19:01:35.0833848Z [CACHE HIT] 2798db5a... (hits: 56, misses: 69)
2026-01-18T19:01:35.0834338Z     ⚠️ Skipping duplicate injection: Accept All
2026-01-18T19:01:35.0834739Z     🔄 Retry 2/3 mining locators for 'Payee Name'...
2026-01-18T19:01:36.2145471Z     🧠 Consulting AI (Vision-First) to find 'Payee Name'...
2026-01-18T19:01:36.2148638Z     🧠 [EXPERT] Strategy: Act as a Senior SDET focusing on exploring application to understand functional flow and automating FinTech scenarios. Focus on the end-to-end functional flow (e.g., Account Creation, Login, Funds Transfer, Loan Application). Prioritize identifying stable locators and interactive elements for automation. Ensure core banking features are accessible and functional.
2026-01-18T19:01:36.2153589Z [CACHE HIT] 2798db5a... (hits: 57, misses: 69)
2026-01-18T19:01:36.2154099Z     ⚠️ Skipping duplicate injection: Accept All
2026-01-18T19:01:36.2154974Z     🧠 Verifying step validity for 'Payee Name' after no candidates found...
2026-01-18T19:01:37.5911791Z [DEBUG] Sending request to gemini-2.0-flash. Number of parts: 2
2026-01-18T19:01:37.5912341Z [DEBUG] Received response (Length: 270)
2026-01-18T19:01:37.5913761Z     🗑️ Step deemed INVALID: The current page displays a cookie consent banner. There is no banking operation or 'Payee Name' element visible on this page. Therefore, attempting to locate 'Payee Name' is not valid in the current context.. Removing from workflow.
2026-01-18T19:01:37.5914918Z     ⏭️ Skipping execution of invalid step: Payee Name
2026-01-18T19:01:37.5915535Z   ▶️ [STEP step_9] FILL: Address
2026-01-18T19:01:37.5977219Z     🔍 Mining locators for: 'Address'
2026-01-18T19:01:37.7659264Z     🧠 Consulting AI (Vision-First) to find 'Address'...
2026-01-18T19:01:37.7661604Z     🧠 [EXPERT] Strategy: Act as a Senior SDET focusing on exploring application to understand functional flow and automating FinTech scenarios. Focus on the end-to-end functional flow (e.g., Account Creation, Login, Funds Transfer, Loan Application). Prioritize identifying stable locators and interactive elements for automation. Ensure core banking features are accessible and functional.
2026-01-18T19:01:43.3452749Z [DEBUG] Sending request to gemini-2.0-flash. Number of parts: 2
2026-01-18T19:01:43.3453548Z [DEBUG] Received response (Length: 343)
2026-01-18T19:01:43.3456027Z     💡 Expert Suggestion: The current page is a cookie consent form. Address information is unlikely to be found here. Clicking 'Customize' might lead to a settings page where address information could be requested or displayed.
2026-01-18T19:01:43.3457703Z     🛠️ Executing corrective action: click -> 'Customize'
2026-01-18T19:01:44.0043227Z     ✅ Executed corrective navigation
2026-01-18T19:01:46.0066183Z     🔄 Retry 1/3 mining locators for 'Address'...
2026-01-18T19:01:47.1822310Z     🧠 Consulting AI (Vision-First) to find 'Address'...
2026-01-18T19:01:47.1825270Z     🧠 [EXPERT] Strategy: Act as a Senior SDET focusing on exploring application to understand functional flow and automating FinTech scenarios. Focus on the end-to-end functional flow (e.g., Account Creation, Login, Funds Transfer, Loan Application). Prioritize identifying stable locators and interactive elements for automation. Ensure core banking features are accessible and functional.
2026-01-18T19:01:47.1830446Z [CACHE HIT] 59a89a58... (hits: 58, misses: 71)
2026-01-18T19:01:47.1830942Z     ⚠️ Skipping duplicate injection: Customize
2026-01-18T19:01:47.1831317Z     🔄 Retry 2/3 mining locators for 'Address'...
2026-01-18T19:01:48.3147866Z     🧠 Consulting AI (Vision-First) to find 'Address'...
2026-01-18T19:01:48.3151181Z     🧠 [EXPERT] Strategy: Act as a Senior SDET focusing on exploring application to understand functional flow and automating FinTech scenarios. Focus on the end-to-end functional flow (e.g., Account Creation, Login, Funds Transfer, Loan Application). Prioritize identifying stable locators and interactive elements for automation. Ensure core banking features are accessible and functional.
2026-01-18T19:01:48.3155498Z [CACHE HIT] 59a89a58... (hits: 59, misses: 71)
2026-01-18T19:01:48.3155973Z     ⚠️ Skipping duplicate injection: Customize
2026-01-18T19:01:48.3156820Z     🧠 Verifying step validity for 'Address' after no candidates found...
2026-01-18T19:01:49.7130585Z [DEBUG] Sending request to gemini-2.0-flash. Number of parts: 2
2026-01-18T19:01:49.7131429Z [DEBUG] Received response (Length: 210)
2026-01-18T19:01:49.7133826Z     🗑️ Step deemed INVALID: The current page displays a cookie consent banner. There is no 'Address' element visible on this page. The task is not valid in the current context.. Removing from workflow.
2026-01-18T19:01:49.7135936Z     ⏭️ Skipping execution of invalid step: Address
2026-01-18T19:01:49.7136682Z   ▶️ [STEP step_10] FILL: City
2026-01-18T19:01:49.7194904Z     🔍 Mining locators for: 'City'
2026-01-18T19:01:49.8988569Z     🧠 Consulting AI (Vision-First) to find 'City'...
2026-01-18T19:01:49.8990862Z     🧠 [EXPERT] Strategy: Act as a Senior SDET focusing on exploring application to understand functional flow and automating FinTech scenarios. Focus on the end-to-end functional flow (e.g., Account Creation, Login, Funds Transfer, Loan Application). Prioritize identifying stable locators and interactive elements for automation. Ensure core banking features are accessible and functional.
2026-01-18T19:01:54.9190573Z [DEBUG] Sending request to gemini-2.0-flash. Number of parts: 2
2026-01-18T19:01:54.9191256Z [DEBUG] Received response (Length: 316)
2026-01-18T19:01:54.9193227Z     💡 Expert Suggestion: The current page appears to be a cookie consent banner.  'City' is likely found within a form or settings page, which might be accessible after customizing cookie preferences.
2026-01-18T19:01:54.9195083Z     🛠️ Executing corrective action: click -> 'Customize'
2026-01-18T19:01:55.5703454Z     ✅ Executed corrective navigation
2026-01-18T19:01:57.5726387Z     🔄 Retry 1/3 mining locators for 'City'...
2026-01-18T19:01:58.7480788Z     🧠 Consulting AI (Vision-First) to find 'City'...
2026-01-18T19:01:58.7482893Z     🧠 [EXPERT] Strategy: Act as a Senior SDET focusing on exploring application to understand functional flow and automating FinTech scenarios. Focus on the end-to-end functional flow (e.g., Account Creation, Login, Funds Transfer, Loan Application). Prioritize identifying stable locators and interactive elements for automation. Ensure core banking features are accessible and functional.
2026-01-18T19:01:58.7486807Z [CACHE HIT] d1f8fb32... (hits: 60, misses: 73)
2026-01-18T19:01:58.7487511Z     ⚠️ Skipping duplicate injection: Customize
2026-01-18T19:01:58.7487881Z     🔄 Retry 2/3 mining locators for 'City'...
2026-01-18T19:01:59.8674368Z     🧠 Consulting AI (Vision-First) to find 'City'...
2026-01-18T19:01:59.8677153Z     🧠 [EXPERT] Strategy: Act as a Senior SDET focusing on exploring application to understand functional flow and automating FinTech scenarios. Focus on the end-to-end functional flow (e.g., Account Creation, Login, Funds Transfer, Loan Application). Prioritize identifying stable locators and interactive elements for automation. Ensure core banking features are accessible and functional.
2026-01-18T19:01:59.8682455Z [CACHE HIT] d1f8fb32... (hits: 61, misses: 73)
2026-01-18T19:01:59.8682929Z     ⚠️ Skipping duplicate injection: Customize
2026-01-18T19:01:59.8683696Z     🧠 Verifying step validity for 'City' after no candidates found...
2026-01-18T19:02:01.3273208Z [DEBUG] Sending request to gemini-2.0-flash. Number of parts: 2
2026-01-18T19:02:01.3274065Z [DEBUG] Received response (Length: 223)
2026-01-18T19:02:01.3276758Z     🗑️ Step deemed INVALID: The current page displays a cookie consent banner. The word 'City' is not visible on the page. Therefore, it's not possible to interact with 'City' on this page.. Removing from workflow.
2026-01-18T19:02:01.3279429Z     ⏭️ Skipping execution of invalid step: City
2026-01-18T19:02:01.3280207Z   ▶️ [STEP step_11] FILL: State
2026-01-18T19:02:01.3340801Z     🔍 Mining locators for: 'State'
2026-01-18T19:02:01.4983994Z     🧠 Consulting AI (Vision-First) to find 'State'...
2026-01-18T19:02:01.4986187Z     🧠 [EXPERT] Strategy: Act as a Senior SDET focusing on exploring application to understand functional flow and automating FinTech scenarios. Focus on the end-to-end functional flow (e.g., Account Creation, Login, Funds Transfer, Loan Application). Prioritize identifying stable locators and interactive elements for automation. Ensure core banking features are accessible and functional.
2026-01-18T19:02:06.4264612Z [DEBUG] Sending request to gemini-2.0-flash. Number of parts: 2
2026-01-18T19:02:06.4265510Z [DEBUG] Received response (Length: 380)
2026-01-18T19:02:06.4268528Z     💡 Expert Suggestion: The term 'State' is not visible on the current page, which appears to be a cookie consent form. Clicking 'Customize' might lead to a settings page where 'State' information could be present, potentially within a profile or address section.
2026-01-18T19:02:06.4270716Z     🛠️ Executing corrective action: click -> 'Customize'
2026-01-18T19:02:07.0710026Z     ✅ Executed corrective navigation
2026-01-18T19:02:09.0732909Z     🔄 Retry 1/3 mining locators for 'State'...
2026-01-18T19:02:10.2470942Z     🧠 Consulting AI (Vision-First) to find 'State'...
2026-01-18T19:02:10.2473961Z     🧠 [EXPERT] Strategy: Act as a Senior SDET focusing on exploring application to understand functional flow and automating FinTech scenarios. Focus on the end-to-end functional flow (e.g., Account Creation, Login, Funds Transfer, Loan Application). Prioritize identifying stable locators and interactive elements for automation. Ensure core banking features are accessible and functional.
2026-01-18T19:02:10.2478841Z [CACHE HIT] e28261fe... (hits: 62, misses: 75)
2026-01-18T19:02:10.2479361Z     ⚠️ Skipping duplicate injection: Customize
2026-01-18T19:02:10.2479939Z     🔄 Retry 2/3 mining locators for 'State'...
2026-01-18T19:02:11.4305669Z     🧠 Consulting AI (Vision-First) to find 'State'...
2026-01-18T19:02:11.4308773Z     🧠 [EXPERT] Strategy: Act as a Senior SDET focusing on exploring application to understand functional flow and automating FinTech scenarios. Focus on the end-to-end functional flow (e.g., Account Creation, Login, Funds Transfer, Loan Application). Prioritize identifying stable locators and interactive elements for automation. Ensure core banking features are accessible and functional.
2026-01-18T19:02:11.4313579Z [CACHE HIT] e28261fe... (hits: 63, misses: 75)
2026-01-18T19:02:11.4314083Z     ⚠️ Skipping duplicate injection: Customize
2026-01-18T19:02:11.4314928Z     🧠 Verifying step validity for 'State' after no candidates found...
2026-01-18T19:02:12.7916262Z [DEBUG] Sending request to gemini-2.0-flash. Number of parts: 2
2026-01-18T19:02:12.7916717Z [DEBUG] Received response (Length: 179)
2026-01-18T19:02:12.7917783Z     🗑️ Step deemed INVALID: The word 'State' is not visible in the current screenshot. The page appears to be displaying a cookie consent banner.. Removing from workflow.
2026-01-18T19:02:12.7918822Z     ⏭️ Skipping execution of invalid step: State
2026-01-18T19:02:12.7919161Z   ▶️ [STEP step_12] FILL: Zip Code
2026-01-18T19:02:12.7985433Z     🔍 Mining locators for: 'Zip Code'
2026-01-18T19:02:12.9306891Z     🧠 Consulting AI (Vision-First) to find 'Zip Code'...
2026-01-18T19:02:12.9309060Z     🧠 [EXPERT] Strategy: Act as a Senior SDET focusing on exploring application to understand functional flow and automating FinTech scenarios. Focus on the end-to-end functional flow (e.g., Account Creation, Login, Funds Transfer, Loan Application). Prioritize identifying stable locators and interactive elements for automation. Ensure core banking features are accessible and functional.
2026-01-18T19:02:18.0393053Z [DEBUG] Sending request to gemini-2.0-flash. Number of parts: 2
2026-01-18T19:02:18.0393709Z [DEBUG] Received response (Length: 263)
2026-01-18T19:02:18.0395180Z     💡 Expert Suggestion: The current page is a cookie consent form.  Clicking 'Customize' might lead to a form where 'Zip Code' could be requested.
2026-01-18T19:02:18.0396268Z     🛠️ Executing corrective action: click -> 'Customize'
2026-01-18T19:02:18.7511664Z     ✅ Executed corrective navigation
2026-01-18T19:02:20.7534918Z     🔄 Retry 1/3 mining locators for 'Zip Code'...
2026-01-18T19:02:21.8798721Z     🧠 Consulting AI (Vision-First) to find 'Zip Code'...
2026-01-18T19:02:21.8802684Z     🧠 [EXPERT] Strategy: Act as a Senior SDET focusing on exploring application to understand functional flow and automating FinTech scenarios. Focus on the end-to-end functional flow (e.g., Account Creation, Login, Funds Transfer, Loan Application). Prioritize identifying stable locators and interactive elements for automation. Ensure core banking features are accessible and functional.
2026-01-18T19:02:21.8807139Z [CACHE HIT] f95c57d2... (hits: 64, misses: 77)
2026-01-18T19:02:21.8807648Z     ⚠️ Skipping duplicate injection: Customize
2026-01-18T19:02:21.8808025Z     🔄 Retry 2/3 mining locators for 'Zip Code'...
2026-01-18T19:02:23.0485636Z     🧠 Consulting AI (Vision-First) to find 'Zip Code'...
2026-01-18T19:02:23.0487659Z     🧠 [EXPERT] Strategy: Act as a Senior SDET focusing on exploring application to understand functional flow and automating FinTech scenarios. Focus on the end-to-end functional flow (e.g., Account Creation, Login, Funds Transfer, Loan Application). Prioritize identifying stable locators and interactive elements for automation. Ensure core banking features are accessible and functional.
2026-01-18T19:02:23.0491476Z [CACHE HIT] f95c57d2... (hits: 65, misses: 77)
2026-01-18T19:02:23.0492430Z     ⚠️ Skipping duplicate injection: Customize
2026-01-18T19:02:23.0492907Z     🧠 Verifying step validity for 'Zip Code' after no candidates found...
2026-01-18T19:02:24.4998365Z [DEBUG] Sending request to gemini-2.0-flash. Number of parts: 2
2026-01-18T19:02:24.4999290Z [DEBUG] Received response (Length: 242)
2026-01-18T19:02:24.5000590Z     🗑️ Step deemed INVALID: The current page displays a cookie consent banner. There is no "Zip Code" element visible on this page. We are likely on the wrong page or need to handle the cookie banner first.. Removing from workflow.
2026-01-18T19:02:24.5001611Z     ⏭️ Skipping execution of invalid step: Zip Code
2026-01-18T19:02:24.5001949Z   ▶️ [STEP step_13] FILL: Phone
2026-01-18T19:02:24.5063846Z     🔍 Mining locators for: 'Phone'
2026-01-18T19:02:24.6293275Z     🧠 Consulting AI (Vision-First) to find 'Phone'...
2026-01-18T19:02:24.6297181Z     🧠 [EXPERT] Strategy: Act as a Senior SDET focusing on exploring application to understand functional flow and automating FinTech scenarios. Focus on the end-to-end functional flow (e.g., Account Creation, Login, Funds Transfer, Loan Application). Prioritize identifying stable locators and interactive elements for automation. Ensure core banking features are accessible and functional.
2026-01-18T19:02:29.6011049Z [DEBUG] Sending request to gemini-2.0-flash. Number of parts: 2
2026-01-18T19:02:29.6011501Z [DEBUG] Received response (Length: 350)
2026-01-18T19:02:29.6012801Z     💡 Expert Suggestion: The current page is a privacy settings page. Phone number information is unlikely to be found here. Clicking 'Customize' might lead to a page where personal information, including phone number, can be managed.
2026-01-18T19:02:29.6013846Z     🛠️ Executing corrective action: click -> 'Customize'
2026-01-18T19:02:30.3164558Z     ✅ Executed corrective navigation
2026-01-18T19:02:32.3187715Z     🔄 Retry 1/3 mining locators for 'Phone'...
2026-01-18T19:02:33.4469639Z     🧠 Consulting AI (Vision-First) to find 'Phone'...
2026-01-18T19:02:33.4471918Z     🧠 [EXPERT] Strategy: Act as a Senior SDET focusing on exploring application to understand functional flow and automating FinTech scenarios. Focus on the end-to-end functional flow (e.g., Account Creation, Login, Funds Transfer, Loan Application). Prioritize identifying stable locators and interactive elements for automation. Ensure core banking features are accessible and functional.
2026-01-18T19:02:33.4475722Z [CACHE HIT] 8be97b07... (hits: 66, misses: 79)
2026-01-18T19:02:33.4476397Z     ⚠️ Skipping duplicate injection: Customize
2026-01-18T19:02:33.4476770Z     🔄 Retry 2/3 mining locators for 'Phone'...
2026-01-18T19:02:34.6289260Z     🧠 Consulting AI (Vision-First) to find 'Phone'...
2026-01-18T19:02:34.6292511Z     🧠 [EXPERT] Strategy: Act as a Senior SDET focusing on exploring application to understand functional flow and automating FinTech scenarios. Focus on the end-to-end functional flow (e.g., Account Creation, Login, Funds Transfer, Loan Application). Prioritize identifying stable locators and interactive elements for automation. Ensure core banking features are accessible and functional.
2026-01-18T19:02:34.6297665Z [CACHE HIT] 8be97b07... (hits: 67, misses: 79)
2026-01-18T19:02:34.6298134Z     ⚠️ Skipping duplicate injection: Customize
2026-01-18T19:02:34.6299127Z     🧠 Verifying step validity for 'Phone' after no candidates found...
2026-01-18T19:02:36.1888758Z [DEBUG] Sending request to gemini-2.0-flash. Number of parts: 2
2026-01-18T19:02:36.1889405Z [DEBUG] Received response (Length: 230)
2026-01-18T19:02:36.1890837Z     🗑️ Step deemed INVALID: The current page displays a cookie consent banner. There is no 'Phone' element visible on this page. Therefore, it's not logical to interact with 'Phone' at this stage.. Removing from workflow.
2026-01-18T19:02:36.1891875Z     ⏭️ Skipping execution of invalid step: Phone
2026-01-18T19:02:36.1892241Z   ▶️ [STEP step_14] FILL: Account Number
2026-01-18T19:02:36.1959123Z     🔍 Mining locators for: 'Account Number'
2026-01-18T19:02:36.3293226Z     🧠 Consulting AI (Vision-First) to find 'Account Number'...
2026-01-18T19:02:36.3296449Z     🧠 [EXPERT] Strategy: Act as a Senior SDET focusing on exploring application to understand functional flow and automating FinTech scenarios. Focus on the end-to-end functional flow (e.g., Account Creation, Login, Funds Transfer, Loan Application). Prioritize identifying stable locators and interactive elements for automation. Ensure core banking features are accessible and functional.
2026-01-18T19:02:41.1725388Z [DEBUG] Sending request to gemini-2.0-flash. Number of parts: 2
2026-01-18T19:02:41.1726025Z [DEBUG] Received response (Length: 332)
2026-01-18T19:02:41.1727330Z     💡 Expert Suggestion: The current page is a cookie consent form. Account information is not present here. Clicking 'Accept All' will likely navigate to the main application where account information can be found.
2026-01-18T19:02:41.1728697Z     🛠️ Executing corrective action: click -> 'Accept All'
2026-01-18T19:02:41.8688964Z     ✅ Executed corrective navigation
2026-01-18T19:02:43.8711959Z     🔄 Retry 1/3 mining locators for 'Account Number'...
2026-01-18T19:02:44.9960416Z     🧠 Consulting AI (Vision-First) to find 'Account Number'...
2026-01-18T19:02:44.9962501Z     🧠 [EXPERT] Strategy: Act as a Senior SDET focusing on exploring application to understand functional flow and automating FinTech scenarios. Focus on the end-to-end functional flow (e.g., Account Creation, Login, Funds Transfer, Loan Application). Prioritize identifying stable locators and interactive elements for automation. Ensure core banking features are accessible and functional.
2026-01-18T19:02:44.9966188Z [CACHE HIT] 67158811... (hits: 68, misses: 81)
2026-01-18T19:02:44.9966796Z     ⚠️ Skipping duplicate injection: Accept All
2026-01-18T19:02:44.9967360Z     🔄 Retry 2/3 mining locators for 'Account Number'...
2026-01-18T19:02:46.1795691Z     🧠 Consulting AI (Vision-First) to find 'Account Number'...
2026-01-18T19:02:46.1797811Z     🧠 [EXPERT] Strategy: Act as a Senior SDET focusing on exploring application to understand functional flow and automating FinTech scenarios. Focus on the end-to-end functional flow (e.g., Account Creation, Login, Funds Transfer, Loan Application). Prioritize identifying stable locators and interactive elements for automation. Ensure core banking features are accessible and functional.
2026-01-18T19:02:46.1801579Z [CACHE HIT] 67158811... (hits: 69, misses: 81)
2026-01-18T19:02:46.1802317Z     ⚠️ Skipping duplicate injection: Accept All
2026-01-18T19:02:46.1803039Z     🧠 Verifying step validity for 'Account Number' after no candidates found...
2026-01-18T19:02:47.5698771Z [DEBUG] Sending request to gemini-2.0-flash. Number of parts: 2
2026-01-18T19:02:47.5699272Z [DEBUG] Received response (Length: 221)
2026-01-18T19:02:47.5700411Z     🗑️ Step deemed INVALID: The current page displays a cookie consent banner. There is no "Account Number" field visible on this page. Therefore, it is not logical to interact with it.. Removing from workflow.
2026-01-18T19:02:47.5701365Z     ⏭️ Skipping execution of invalid step: Account Number
2026-01-18T19:02:47.5701748Z   ▶️ [STEP step_15] FILL: Verify Account Number
2026-01-18T19:02:47.5766969Z     🔍 Mining locators for: 'Verify Account Number'
2026-01-18T19:02:47.6952450Z     🧠 Consulting AI (Vision-First) to find 'Verify Account Number'...
2026-01-18T19:02:47.6956190Z     🧠 [EXPERT] Strategy: Act as a Senior SDET focusing on exploring application to understand functional flow and automating FinTech scenarios. Focus on the end-to-end functional flow (e.g., Account Creation, Login, Funds Transfer, Loan Application). Prioritize identifying stable locators and interactive elements for automation. Ensure core banking features are accessible and functional.
2026-01-18T19:02:52.7255144Z [DEBUG] Sending request to gemini-2.0-flash. Number of parts: 2
2026-01-18T19:02:52.7256013Z [DEBUG] Received response (Length: 341)
2026-01-18T19:02:52.7258808Z     💡 Expert Suggestion: The current page is a cookie consent form. 'Verify Account Number' is unlikely to be found here. Clicking 'Customize' might lead to settings or preferences where account-related options are available.
2026-01-18T19:02:52.7261488Z     🛠️ Executing corrective action: click -> 'Customize'
2026-01-18T19:02:53.4314420Z     ✅ Executed corrective navigation
2026-01-18T19:02:55.4337313Z     🔄 Retry 1/3 mining locators for 'Verify Account Number'...
2026-01-18T19:02:56.5625739Z     🧠 Consulting AI (Vision-First) to find 'Verify Account Number'...
2026-01-18T19:02:56.5627978Z     🧠 [EXPERT] Strategy: Act as a Senior SDET focusing on exploring application to understand functional flow and automating FinTech scenarios. Focus on the end-to-end functional flow (e.g., Account Creation, Login, Funds Transfer, Loan Application). Prioritize identifying stable locators and interactive elements for automation. Ensure core banking features are accessible and functional.
2026-01-18T19:02:56.5632129Z [CACHE HIT] 100e1465... (hits: 70, misses: 83)
2026-01-18T19:02:56.5632773Z     ⚠️ Skipping duplicate injection: Customize
2026-01-18T19:02:56.5633207Z     🔄 Retry 2/3 mining locators for 'Verify Account Number'...
2026-01-18T19:02:57.7326364Z     🧠 Consulting AI (Vision-First) to find 'Verify Account Number'...
2026-01-18T19:02:57.7329019Z     🧠 [EXPERT] Strategy: Act as a Senior SDET focusing on exploring application to understand functional flow and automating FinTech scenarios. Focus on the end-to-end functional flow (e.g., Account Creation, Login, Funds Transfer, Loan Application). Prioritize identifying stable locators and interactive elements for automation. Ensure core banking features are accessible and functional.
2026-01-18T19:02:57.7332862Z [CACHE HIT] 100e1465... (hits: 71, misses: 83)
2026-01-18T19:02:57.7333588Z     ⚠️ Skipping duplicate injection: Customize
2026-01-18T19:02:57.7334233Z     🧠 Verifying step validity for 'Verify Account Number' after no candidates found...
2026-01-18T19:02:59.0715343Z [DEBUG] Sending request to gemini-2.0-flash. Number of parts: 2
2026-01-18T19:02:59.0716226Z [DEBUG] Received response (Length: 226)
2026-01-18T19:02:59.0719119Z     🗑️ Step deemed INVALID: The current page displays a cookie consent banner. There is no "Verify Account Number" element visible on this page. Therefore, the step is not logical and valid.. Removing from workflow.
2026-01-18T19:02:59.0721459Z     ⏭️ Skipping execution of invalid step: Verify Account Number
2026-01-18T19:02:59.0722316Z   ▶️ [STEP step_16] FILL: Amount
2026-01-18T19:02:59.0784481Z     🔍 Mining locators for: 'Amount'
2026-01-18T19:02:59.2122198Z     🧠 Consulting AI (Vision-First) to find 'Amount'...
2026-01-18T19:02:59.2125247Z     🧠 [EXPERT] Strategy: Act as a Senior SDET focusing on exploring application to understand functional flow and automating FinTech scenarios. Focus on the end-to-end functional flow (e.g., Account Creation, Login, Funds Transfer, Loan Application). Prioritize identifying stable locators and interactive elements for automation. Ensure core banking features are accessible and functional.
2026-01-18T19:02:59.2130262Z [CACHE HIT] 6f60f16d... (hits: 72, misses: 84)
2026-01-18T19:02:59.2131298Z     💡 Expert Suggestion: The current page is a cookie consent form. 'Amount' is likely found after accepting cookies and navigating to banking operations.
2026-01-18T19:02:59.2132061Z     🛠️ Executing corrective action: click -> 'Accept All'
2026-01-18T19:02:59.9158834Z     ✅ Executed corrective navigation
2026-01-18T19:03:01.9181866Z     🔄 Retry 1/3 mining locators for 'Amount'...
2026-01-18T19:03:03.0458526Z     🧠 Consulting AI (Vision-First) to find 'Amount'...
2026-01-18T19:03:03.0460661Z     🧠 [EXPERT] Strategy: Act as a Senior SDET focusing on exploring application to understand functional flow and automating FinTech scenarios. Focus on the end-to-end functional flow (e.g., Account Creation, Login, Funds Transfer, Loan Application). Prioritize identifying stable locators and interactive elements for automation. Ensure core banking features are accessible and functional.
2026-01-18T19:03:03.0464652Z [CACHE HIT] 6f60f16d... (hits: 73, misses: 84)
2026-01-18T19:03:03.0465328Z     ⚠️ Skipping duplicate injection: Accept All
2026-01-18T19:03:03.0465709Z     🔄 Retry 2/3 mining locators for 'Amount'...
2026-01-18T19:03:04.2138568Z     🧠 Consulting AI (Vision-First) to find 'Amount'...
2026-01-18T19:03:04.2140593Z     🧠 [EXPERT] Strategy: Act as a Senior SDET focusing on exploring application to understand functional flow and automating FinTech scenarios. Focus on the end-to-end functional flow (e.g., Account Creation, Login, Funds Transfer, Loan Application). Prioritize identifying stable locators and interactive elements for automation. Ensure core banking features are accessible and functional.
2026-01-18T19:03:04.2144058Z [CACHE HIT] 6f60f16d... (hits: 74, misses: 84)
2026-01-18T19:03:04.2144795Z     ⚠️ Skipping duplicate injection: Accept All
2026-01-18T19:03:04.2145353Z     🧠 Verifying step validity for 'Amount' after no candidates found...
2026-01-18T19:03:04.2149603Z [CACHE HIT] d09efa30... (hits: 75, misses: 84)
2026-01-18T19:03:04.2151390Z     🗑️ Step deemed INVALID: The current page displays a cookie consent banner. There is no 'Amount' field visible on this page. We are on the wrong page to perform banking operations.. Removing from workflow.
2026-01-18T19:03:04.2152975Z     ⏭️ Skipping execution of invalid step: Amount
2026-01-18T19:03:04.2153572Z   ▶️ [STEP step_17] SELECT: fromAccountId
2026-01-18T19:03:04.2210506Z     🔍 Mining locators for: 'fromAccountId'
2026-01-18T19:03:04.3446468Z     🧠 Consulting AI (Vision-First) to find 'fromAccountId'...
2026-01-18T19:03:04.3448772Z     🧠 [EXPERT] Strategy: Act as a Senior SDET focusing on exploring application to understand functional flow and automating FinTech scenarios. Focus on the end-to-end functional flow (e.g., Account Creation, Login, Funds Transfer, Loan Application). Prioritize identifying stable locators and interactive elements for automation. Ensure core banking features are accessible and functional.
2026-01-18T19:03:04.3452601Z [CACHE HIT] 115870a4... (hits: 76, misses: 84)
2026-01-18T19:03:04.3454178Z     💡 Expert Suggestion: The current page is a cookie consent form. 'fromAccountId' is related to banking operations and would not be found here. Accepting the cookies might lead to the main application where banking operations can be performed.
2026-01-18T19:03:04.3455220Z     🛠️ Executing corrective action: click -> 'Accept All'
2026-01-18T19:03:05.0342342Z     ✅ Executed corrective navigation
2026-01-18T19:03:07.0365952Z     🔄 Retry 1/3 mining locators for 'fromAccountId'...
2026-01-18T19:03:08.1623232Z     🧠 Consulting AI (Vision-First) to find 'fromAccountId'...
2026-01-18T19:03:08.1625307Z     🧠 [EXPERT] Strategy: Act as a Senior SDET focusing on exploring application to understand functional flow and automating FinTech scenarios. Focus on the end-to-end functional flow (e.g., Account Creation, Login, Funds Transfer, Loan Application). Prioritize identifying stable locators and interactive elements for automation. Ensure core banking features are accessible and functional.
2026-01-18T19:03:08.1629044Z [CACHE HIT] 115870a4... (hits: 77, misses: 84)
2026-01-18T19:03:08.1629755Z     ⚠️ Skipping duplicate injection: Accept All
2026-01-18T19:03:08.1630382Z     🔄 Retry 2/3 mining locators for 'fromAccountId'...
2026-01-18T19:03:09.3452727Z     🧠 Consulting AI (Vision-First) to find 'fromAccountId'...
2026-01-18T19:03:09.3454717Z     🧠 [EXPERT] Strategy: Act as a Senior SDET focusing on exploring application to understand functional flow and automating FinTech scenarios. Focus on the end-to-end functional flow (e.g., Account Creation, Login, Funds Transfer, Loan Application). Prioritize identifying stable locators and interactive elements for automation. Ensure core banking features are accessible and functional.
2026-01-18T19:03:09.3458601Z [CACHE HIT] 115870a4... (hits: 78, misses: 84)
2026-01-18T19:03:09.3459213Z     ⚠️ Skipping duplicate injection: Accept All
2026-01-18T19:03:09.3460084Z     🧠 Verifying step validity for 'fromAccountId' after no candidates found...
2026-01-18T19:03:09.3464119Z [CACHE HIT] abb3ca45... (hits: 79, misses: 84)
2026-01-18T19:03:09.3466171Z     🗑️ Step deemed INVALID: The current page displays a cookie consent banner. There is no banking operation form or element with id 'fromAccountId' visible on this page. Therefore, attempting to interact with 'fromAccountId' is not valid in this context.. Removing from workflow.
2026-01-18T19:03:09.3467326Z     ⏭️ Skipping execution of invalid step: fromAccountId
2026-01-18T19:03:09.3467672Z   ▶️ [STEP step_18] CLICK: Send Payment
2026-01-18T19:03:09.3524291Z     🔍 Mining locators for: 'Send Payment'
2026-01-18T19:03:09.4786528Z     🧠 Consulting AI (Vision-First) to find 'Send Payment'...
2026-01-18T19:03:09.4789725Z     🧠 [EXPERT] Strategy: Act as a Senior SDET focusing on exploring application to understand functional flow and automating FinTech scenarios. Focus on the end-to-end functional flow (e.g., Account Creation, Login, Funds Transfer, Loan Application). Prioritize identifying stable locators and interactive elements for automation. Ensure core banking features are accessible and functional.
2026-01-18T19:03:11.0707342Z [DEBUG] Sending request to gemini-2.0-flash. Number of parts: 2
2026-01-18T19:03:11.0708596Z [DEBUG] Received response (Length: 282)
2026-01-18T19:03:11.0710767Z     💡 Expert Suggestion: The current page is a cookie consent form. Accepting the cookies will likely lead to the main application where 'Send Payment' can be found.
2026-01-18T19:03:11.0712684Z     🛠️ Executing corrective action: click -> 'Accept All'
2026-01-18T19:03:11.7658746Z     ✅ Executed corrective navigation
2026-01-18T19:03:13.7681743Z     🔄 Retry 1/3 mining locators for 'Send Payment'...
2026-01-18T19:03:14.8944632Z     🧠 Consulting AI (Vision-First) to find 'Send Payment'...
2026-01-18T19:03:14.8946813Z     🧠 [EXPERT] Strategy: Act as a Senior SDET focusing on exploring application to understand functional flow and automating FinTech scenarios. Focus on the end-to-end functional flow (e.g., Account Creation, Login, Funds Transfer, Loan Application). Prioritize identifying stable locators and interactive elements for automation. Ensure core banking features are accessible and functional.
2026-01-18T19:03:14.8950953Z [CACHE HIT] d204f76d... (hits: 80, misses: 85)
2026-01-18T19:03:14.8951603Z     ⚠️ Skipping duplicate injection: Accept All
2026-01-18T19:03:14.8952010Z     🔄 Retry 2/3 mining locators for 'Send Payment'...
2026-01-18T19:03:16.0621726Z     🧠 Consulting AI (Vision-First) to find 'Send Payment'...
2026-01-18T19:03:16.0623996Z     🧠 [EXPERT] Strategy: Act as a Senior SDET focusing on exploring application to understand functional flow and automating FinTech scenarios. Focus on the end-to-end functional flow (e.g., Account Creation, Login, Funds Transfer, Loan Application). Prioritize identifying stable locators and interactive elements for automation. Ensure core banking features are accessible and functional.
2026-01-18T19:03:16.0627911Z [CACHE HIT] d204f76d... (hits: 81, misses: 85)
2026-01-18T19:03:16.0628890Z     ⚠️ Skipping duplicate injection: Accept All
2026-01-18T19:03:16.0629494Z     🧠 Verifying step validity for 'Send Payment' after no candidates found...
2026-01-18T19:03:17.5443194Z [DEBUG] Sending request to gemini-2.0-flash. Number of parts: 2
2026-01-18T19:03:17.5444042Z [DEBUG] Received response (Length: 229)
2026-01-18T19:03:17.5446769Z     🗑️ Step deemed INVALID: The current page displays a cookie consent banner. There is no "Send Payment" element visible on this page. We need to navigate to the banking operations page first.. Removing from workflow.
2026-01-18T19:03:17.5449632Z     ⏭️ Skipping execution of invalid step: Send Payment
2026-01-18T19:03:17.5450513Z   ▶️ [STEP step_19] ASSERT_VISIBLE: Bill Payment Complete
2026-01-18T19:03:17.5513152Z     🔍 Mining locators for: 'Bill Payment Complete'
2026-01-18T19:03:17.6786853Z     🧠 Consulting AI (Vision-First) to find 'Bill Payment Complete'...
2026-01-18T19:03:17.6790129Z     🧠 [EXPERT] Strategy: Act as a Senior SDET focusing on exploring application to understand functional flow and automating FinTech scenarios. Focus on the end-to-end functional flow (e.g., Account Creation, Login, Funds Transfer, Loan Application). Prioritize identifying stable locators and interactive elements for automation. Ensure core banking features are accessible and functional.
2026-01-18T19:03:22.6718688Z [DEBUG] Sending request to gemini-2.0-flash. Number of parts: 2
2026-01-18T19:03:22.6719219Z [DEBUG] Received response (Length: 309)
2026-01-18T19:03:22.6720533Z     💡 Expert Suggestion: The current page is a cookie consent form. Accepting the cookies is a common first step to accessing the main application where 'Bill Payment Complete' would be found.
2026-01-18T19:03:22.6721632Z     🛠️ Executing corrective action: click -> 'Accept All'
2026-01-18T19:03:23.3667379Z     ✅ Executed corrective navigation
2026-01-18T19:03:25.3691219Z     🔄 Retry 1/3 mining locators for 'Bill Payment Complete'...
2026-01-18T19:03:26.4939970Z     🧠 Consulting AI (Vision-First) to find 'Bill Payment Complete'...
2026-01-18T19:03:26.4943048Z     🧠 [EXPERT] Strategy: Act as a Senior SDET focusing on exploring application to understand functional flow and automating FinTech scenarios. Focus on the end-to-end functional flow (e.g., Account Creation, Login, Funds Transfer, Loan Application). Prioritize identifying stable locators and interactive elements for automation. Ensure core banking features are accessible and functional.
2026-01-18T19:03:26.4947796Z [CACHE HIT] f23bc2b9... (hits: 82, misses: 87)
2026-01-18T19:03:26.4948553Z     ⚠️ Skipping duplicate injection: Accept All
2026-01-18T19:03:26.4949014Z     🔄 Retry 2/3 mining locators for 'Bill Payment Complete'...
2026-01-18T19:03:27.6606855Z     🧠 Consulting AI (Vision-First) to find 'Bill Payment Complete'...
2026-01-18T19:03:27.6609191Z     🧠 [EXPERT] Strategy: Act as a Senior SDET focusing on exploring application to understand functional flow and automating FinTech scenarios. Focus on the end-to-end functional flow (e.g., Account Creation, Login, Funds Transfer, Loan Application). Prioritize identifying stable locators and interactive elements for automation. Ensure core banking features are accessible and functional.
2026-01-18T19:03:27.6612829Z [CACHE HIT] f23bc2b9... (hits: 83, misses: 87)
2026-01-18T19:03:27.6613468Z     ⚠️ Skipping duplicate injection: Accept All
2026-01-18T19:03:27.6614148Z     🧠 Verifying step validity for 'Bill Payment Complete' after no candidates found...
2026-01-18T19:03:29.0485974Z [DEBUG] Sending request to gemini-2.0-flash. Number of parts: 2
2026-01-18T19:03:29.0486616Z [DEBUG] Received response (Length: 259)
2026-01-18T19:03:29.0487987Z     🗑️ Step deemed INVALID: The current page displays a cookie consent banner. The element 'Bill Payment Complete' is not present on this page. We are likely on the wrong page or need to interact with the cookie banner first.. Removing from workflow.
2026-01-18T19:03:29.0489457Z     ⏭️ Skipping execution of invalid step: Bill Payment Complete
2026-01-18T19:03:31.0841550Z 🗂️  All generated tests written to /home/runner/work/build_qa_automation/build_qa_automation/projects/ci_parabank_banking/tests/generated_scenarios.json
2026-01-18T19:03:31.0855445Z 🔄 Updated workflow.json with discovered steps and locators.
2026-01-18T19:03:31.0855929Z 
2026-01-18T19:03:31.0856201Z ✅ Deep Exploration Complete.
2026-01-18T19:09:36.8600160Z 
2026-01-18T19:09:36.8600944Z 🚀 [EXECUTE] Starting Automation Execution Engine
2026-01-18T19:09:36.8601508Z 📍 Project: ci_parabank_banking
2026-01-18T19:09:36.8601776Z 🎬 Mode: Headless
2026-01-18T19:09:36.8601903Z 
2026-01-18T19:09:36.8602023Z --- Scenario: Account Creation and Login ---
2026-01-18T19:09:36.8602384Z   ▶️ [STEP step_1] NAVIGATE: Step step_1
2026-01-18T19:09:36.8602676Z     ✅ Step step_1 Passed.
2026-01-18T19:09:36.8602952Z   ▶️ [STEP step_2] CLICK: Register
2026-01-18T19:09:36.8603281Z     🎯 Using mined locator: role=link[name='Register']
2026-01-18T19:09:36.8603897Z     ✅ Step step_2 Passed.
2026-01-18T19:09:36.8604151Z   ▶️ [STEP step_2_ai_1] FILL: First Name
2026-01-18T19:09:36.8604464Z     🎯 Using mined locator: #customer\.firstName
2026-01-18T19:09:36.8604765Z     ✅ Step step_2_ai_1 Passed.
2026-01-18T19:09:36.8605045Z   ▶️ [STEP step_2_ai_2] FILL: Last Name
2026-01-18T19:09:36.8605376Z     🎯 Using mined locator: input[id='customer.lastName']
2026-01-18T19:09:36.8605701Z     ✅ Step step_2_ai_2 Passed.
2026-01-18T19:09:36.8605958Z   ▶️ [STEP step_2_ai_3] FILL: Address
2026-01-18T19:09:36.8606329Z     🎯 Using mined locator: input[id='customer.address.street']
2026-01-18T19:09:36.8606686Z     ✅ Step step_2_ai_3 Passed.
2026-01-18T19:09:36.8606939Z   ▶️ [STEP step_2_ai_4] FILL: City
2026-01-18T19:09:36.8607278Z     🎯 Using mined locator: input[id='customer.address.city']
2026-01-18T19:09:36.8607619Z     ✅ Step step_2_ai_4 Passed.
2026-01-18T19:09:36.8607874Z   ▶️ [STEP step_2_ai_5] FILL: State
2026-01-18T19:09:36.8608464Z     🎯 Using mined locator: input[name='customer.address.state']
2026-01-18T19:09:36.8608853Z     ✅ Step step_2_ai_5 Passed.
2026-01-18T19:09:36.8609113Z   ▶️ [STEP step_2_ai_6] FILL: Zip Code
2026-01-18T19:09:36.8609478Z     🎯 Using mined locator: input[name='customer.address.zipCode']
2026-01-18T19:09:36.8609834Z     ✅ Step step_2_ai_6 Passed.
2026-01-18T19:09:36.8610103Z   ▶️ [STEP step_3] ASSERT_URL: Step step_3
2026-01-18T19:09:36.8610381Z     ✅ Step step_3 Passed.
2026-01-18T19:09:36.8610631Z   ▶️ [STEP step_4] FILL: First name
2026-01-18T19:09:36.8610961Z     🎯 Using mined locator: input[name='customer.firstName']
2026-01-18T19:09:36.8611282Z     ✅ Step step_4 Passed.
2026-01-18T19:09:36.8611522Z   ▶️ [STEP step_5] FILL: Last name
2026-01-18T19:09:36.8611849Z     🎯 Using mined locator: input[name='customer.lastName']
2026-01-18T19:09:36.8612217Z     ✅ Step step_5 Passed.
2026-01-18T19:09:36.8612457Z   ▶️ [STEP step_6] FILL: Address
2026-01-18T19:09:36.8612793Z     🎯 Using mined locator: input[name='customer.address.street']
2026-01-18T19:09:36.8613144Z     ✅ Step step_6 Passed.
2026-01-18T19:09:36.8613380Z   ▶️ [STEP step_7] FILL: City
2026-01-18T19:09:36.8613707Z     🎯 Using mined locator: input[name='customer.address.city']
2026-01-18T19:09:36.8614039Z     ✅ Step step_7 Passed.
2026-01-18T19:09:36.8614281Z   ▶️ [STEP step_9] FILL: Zip Code
2026-01-18T19:09:36.8614632Z     🎯 Using mined locator: input[name='customer.address.zipCode']
2026-01-18T19:09:36.8614976Z     ✅ Step step_9 Passed.
2026-01-18T19:09:36.8615211Z   ▶️ [STEP step_10] FILL: Phone
2026-01-18T19:09:36.8615533Z     🎯 Using mined locator: input[name='customer.phoneNumber']
2026-01-18T19:09:36.8615863Z     ✅ Step step_10 Passed.
2026-01-18T19:09:36.8616104Z   ▶️ [STEP step_11] FILL: SSN
2026-01-18T19:09:36.8616468Z     ⚠️ Mined locators not found on page. Falling back to semantic search.
2026-01-18T19:09:36.8616831Z     ✅ Step step_11 Passed.
2026-01-18T19:09:36.8617083Z   ▶️ [STEP step_12] FILL: Username
2026-01-18T19:09:36.8617369Z     🎯 Using mined locator: text='Username'
2026-01-18T19:09:36.8617665Z     ✅ Step step_12 Passed.
2026-01-18T19:09:36.8617912Z   ▶️ [STEP step_13] FILL: Password
2026-01-18T19:09:36.8618364Z     🎯 Using mined locator: text='Password'
2026-01-18T19:09:36.8618678Z     ✅ Step step_13 Passed.
2026-01-18T19:09:36.8619102Z   ▶️ [STEP step_14] FILL: Confirm
2026-01-18T19:09:36.8619436Z     🎯 Using mined locator: input[name='repeatedPassword']
2026-01-18T19:09:36.8619764Z     ✅ Step step_14 Passed.
2026-01-18T19:09:36.8620011Z   ▶️ [STEP step_15] CLICK: Register
2026-01-18T19:09:36.8620331Z     🎯 Using mined locator: role=link[name='Register']
2026-01-18T19:09:36.8620632Z     ✅ Step step_15 Passed.
2026-01-18T19:09:36.8620895Z   ▶️ [STEP step_18] ASSERT_URL: Step step_18
2026-01-18T19:09:36.8621173Z     ✅ Step step_18 Passed.
2026-01-18T19:09:36.8621423Z   ▶️ [STEP step_18_ai_1] NAVIGATE: home
2026-01-18T19:09:36.8621974Z     ❌ Attempt 1 failed (unknown): Page.goto: Protocol error (Page.navigate): Cannot navigate to invalid URL
2026-01-18T19:09:36.8622671Z Call log:
2026-01-18T19:09:36.8622835Z   - navigating t...
2026-01-18T19:09:36.8623136Z     🔧 [AUTO-HEAL] Re-mining page to find 'home'...
2026-01-18T19:09:36.8623499Z [DEBUG] Sending request to gemini-2.0-flash. Number of parts: 2
2026-01-18T19:09:36.8623843Z [DEBUG] Received response (Length: 384)
2026-01-18T19:09:36.8624199Z     ✨ AI successfully healed the step! Found 2 alternatives.
2026-01-18T19:09:36.8624680Z     ✨ AI successfully healed the step! New selector: a[href*='index.htm'] > img
2026-01-18T19:09:36.8625330Z     ❌ Attempt 2 failed (unknown): Page.goto: Protocol error (Page.navigate): Cannot navigate to invalid URL
2026-01-18T19:09:36.8625775Z Call log:
2026-01-18T19:09:36.8625936Z   - navigating t...
2026-01-18T19:09:36.8626201Z     🔧 [AUTO-HEAL] Re-mining page to find 'home'...
2026-01-18T19:09:36.8626559Z [DEBUG] Sending request to gemini-2.0-flash. Number of parts: 2
2026-01-18T19:09:36.8626888Z [DEBUG] Received response (Length: 520)
2026-01-18T19:09:36.8627254Z     ✨ AI successfully healed the step! Found 2 alternatives.
2026-01-18T19:09:36.8629847Z     ✨ AI successfully healed the step! New selector: a[href$='index.htm']
2026-01-18T19:09:36.8630923Z     ❌ Attempt 3 failed (unknown): Page.goto: Protocol error (Page.navigate): Cannot navigate to invalid URL
2026-01-18T19:09:36.8631664Z Call log:
2026-01-18T19:09:36.8631938Z   - navigating t...
2026-01-18T19:09:36.8632381Z     💀 Step step_18_ai_1 failed after all retries.
2026-01-18T19:09:36.8633075Z 🛑 Scenario 'Account Creation and Login' aborted due to step failure.
2026-01-18T19:09:36.8633364Z 
2026-01-18T19:09:36.8633459Z --- Scenario: Funds Transfer ---
2026-01-18T19:09:36.8633767Z   ▶️ [STEP step_1] NAVIGATE: Step step_1
2026-01-18T19:09:36.8634245Z     ✅ Step step_1 Passed.
2026-01-18T19:09:36.8643804Z   ▶️ [STEP step_2] FILL: Username
2026-01-18T19:09:36.8644125Z     🎯 Using mined locator: text='Username'
2026-01-18T19:09:36.8644425Z     ✅ Step step_2 Passed.
2026-01-18T19:09:36.8644691Z   ▶️ [STEP step_2_ai_1] FILL: Password
2026-01-18T19:09:36.8645040Z     🎯 Using mined locator: input[name='password']
2026-01-18T19:09:36.8645362Z     ✅ Step step_2_ai_1 Passed.
2026-01-18T19:09:36.8645638Z   ▶️ [STEP step_2_ai_2] CLICK: input
2026-01-18T19:09:36.8645957Z     🎯 Using mined locator: input[value='Log In']
2026-01-18T19:09:36.8646268Z     ✅ Step step_2_ai_2 Passed.
2026-01-18T19:09:36.8646543Z   ▶️ [STEP step_3] FILL: Password
2026-01-18T19:09:36.8646844Z     🎯 Using mined locator: text='Password'
2026-01-18T19:09:36.8647129Z     ✅ Step step_3 Passed.
2026-01-18T19:09:36.8647382Z   ▶️ [STEP step_3_ai_1] CLICK: input
2026-01-18T19:09:36.8647691Z     🎯 Using mined locator: input[value='Log In']
2026-01-18T19:09:36.8647999Z     ✅ Step step_3_ai_1 Passed.
2026-01-18T19:09:36.8648514Z   ▶️ [STEP step_4] CLICK: Log In
2026-01-18T19:09:36.8648785Z     ✅ Step step_4 Passed.
2026-01-18T19:09:36.8649050Z   ▶️ [STEP step_7] ASSERT_URL: Step step_7
2026-01-18T19:09:36.8649325Z     ✅ Step step_7 Passed.
2026-01-18T19:09:36.8649583Z   ▶️ [STEP step_7_ai_1] CLICK: Accept All
2026-01-18T19:09:36.8649988Z     ⚠️ Mined locators not found on page. Falling back to semantic search.
2026-01-18T19:09:36.8650567Z     ❌ Attempt 1 failed (element_not_found): Locator.bounding_box: Timeout 30000ms exceeded.
2026-01-18T19:09:36.8651148Z Call log:
2026-01-18T19:09:36.8651358Z   - waiting for locator("text=Accept All")...
2026-01-18T19:09:36.8651724Z     🔧 [AUTO-HEAL] Re-mining page to find 'Accept All'...
2026-01-18T19:09:36.8652100Z [DEBUG] Sending request to gemini-2.0-flash. Number of parts: 2
2026-01-18T19:09:36.8652444Z [DEBUG] Received response (Length: 421)
2026-01-18T19:09:36.8652803Z     ✨ AI successfully healed the step! Found 2 alternatives.
2026-01-18T19:09:36.8653255Z     ✨ AI successfully healed the step! New selector: input[name='username']
2026-01-18T19:09:36.8653645Z     ✅ Step step_7_ai_1 Passed.
2026-01-18T19:09:36.8653909Z   ▶️ [STEP step_7_ai_2] CLICK: Close
2026-01-18T19:09:36.8654287Z     ⚠️ Mined locators not found on page. Falling back to semantic search.
2026-01-18T19:09:36.8654983Z     ❌ Attempt 1 failed (element_not_found): Locator.bounding_box: Timeout 30000ms exceeded.
2026-01-18T19:09:36.8655367Z Call log:
2026-01-18T19:09:36.8655556Z   - waiting for locator("text=Close")
2026-01-18T19:09:36.8655784Z ...
2026-01-18T19:09:36.8656033Z     🔧 [AUTO-HEAL] Re-mining page to find 'Close'...
2026-01-18T19:09:36.8656388Z [DEBUG] Sending request to gemini-2.0-flash. Number of parts: 2
2026-01-18T19:09:36.8656718Z [DEBUG] Received response (Length: 38)
2026-01-18T19:09:36.8657091Z     ❌ AI could not re-locate the element. Waiting 1s before next retry.
2026-01-18T19:09:36.8657633Z     ❌ Attempt 2 failed (element_not_found): Locator.bounding_box: Timeout 30000ms exceeded.
2026-01-18T19:09:36.8658018Z Call log:
2026-01-18T19:09:36.8658366Z   - waiting for locator("text=Close")
2026-01-18T19:09:36.8658616Z ...
2026-01-18T19:09:36.8658868Z     🔧 [AUTO-HEAL] Re-mining page to find 'Close'...
2026-01-18T19:09:36.8659166Z [CACHE HIT] b6daf7f0... (hits: 1, misses: 4)
2026-01-18T19:09:36.8659567Z     ❌ AI could not re-locate the element. Waiting 1s before next retry.
2026-01-18T19:09:36.8660094Z     ❌ Attempt 3 failed (element_not_found): Locator.bounding_box: Timeout 30000ms exceeded.
2026-01-18T19:09:36.8660478Z Call log:
2026-01-18T19:09:36.8660661Z   - waiting for locator("text=Close")
2026-01-18T19:09:36.8660886Z ...
2026-01-18T19:09:36.8661109Z     💀 Step step_7_ai_2 failed after all retries.
2026-01-18T19:09:36.8661479Z 🛑 Scenario 'Funds Transfer' aborted due to step failure.
2026-01-18T19:09:36.8661712Z 
2026-01-18T19:09:36.8661802Z --- Scenario: Bill Payment ---
2026-01-18T19:09:36.8662082Z   ▶️ [STEP step_1] NAVIGATE: Step step_1
2026-01-18T19:09:36.8662361Z     ✅ Step step_1 Passed.
2026-01-18T19:09:36.8662600Z   ▶️ [STEP step_2] FILL: Username
2026-01-18T19:09:36.8662879Z     🎯 Using mined locator: text='Username'
2026-01-18T19:09:36.8663156Z     ✅ Step step_2 Passed.
2026-01-18T19:09:36.8663407Z   ▶️ [STEP step_2_ai_1] FILL: Password
2026-01-18T19:09:36.8663724Z     🎯 Using mined locator: input[name='password']
2026-01-18T19:09:36.8664037Z     ✅ Step step_2_ai_1 Passed.
2026-01-18T19:09:36.8664293Z   ▶️ [STEP step_2_ai_2] CLICK: input
2026-01-18T19:09:36.8664593Z     🎯 Using mined locator: input[value='Log In']
2026-01-18T19:09:36.8664894Z     ✅ Step step_2_ai_2 Passed.
2026-01-18T19:09:36.8665151Z   ▶️ [STEP step_3] FILL: Password
2026-01-18T19:09:36.8665435Z     🎯 Using mined locator: text='Password'
2026-01-18T19:09:36.8665718Z     ✅ Step step_3 Passed.
2026-01-18T19:09:36.8665958Z   ▶️ [STEP step_3_ai_1] CLICK: input
2026-01-18T19:09:36.8666255Z     🎯 Using mined locator: input[value='Log In']
2026-01-18T19:09:36.8666552Z     ✅ Step step_3_ai_1 Passed.
2026-01-18T19:09:36.8666802Z   ▶️ [STEP step_4] CLICK: Log In
2026-01-18T19:09:36.8667043Z     ✅ Step step_4 Passed.
2026-01-18T19:09:36.8667297Z   ▶️ [STEP step_7] ASSERT_URL: Step step_7
2026-01-18T19:09:36.8667609Z     ✅ Step step_7 Passed.
2026-01-18T19:09:36.8667967Z   ▶️ [STEP step_7_ai_1] CLICK: Accept All
2026-01-18T19:09:36.8668602Z     ⚠️ Mined locators not found on page. Falling back to semantic search.
2026-01-18T19:09:36.8669183Z     ❌ Attempt 1 failed (element_not_found): Locator.bounding_box: Timeout 30000ms exceeded.
2026-01-18T19:09:36.8669718Z Call log:
2026-01-18T19:09:36.8669917Z   - waiting for locator("text=Accept All")...
2026-01-18T19:09:36.8670277Z     🔧 [AUTO-HEAL] Re-mining page to find 'Accept All'...
2026-01-18T19:09:36.8670576Z [CACHE HIT] db04fe0f... (hits: 2, misses: 4)
2026-01-18T19:09:36.8670933Z     ✨ AI successfully healed the step! Found 2 alternatives.
2026-01-18T19:09:36.8671392Z     ✨ AI successfully healed the step! New selector: input[name='username']
2026-01-18T19:09:36.8671781Z     ✅ Step step_7_ai_1 Passed.
2026-01-18T19:09:36.8672039Z   ▶️ [STEP step_7_ai_2] CLICK: Close
2026-01-18T19:09:36.8672418Z     ⚠️ Mined locators not found on page. Falling back to semantic search.
2026-01-18T19:09:36.8672979Z     ❌ Attempt 1 failed (element_not_found): Locator.bounding_box: Timeout 30000ms exceeded.
2026-01-18T19:09:36.8673381Z Call log:
2026-01-18T19:09:36.8673558Z   - waiting for locator("text=Close")
2026-01-18T19:09:36.8673782Z ...
2026-01-18T19:09:36.8674028Z     🔧 [AUTO-HEAL] Re-mining page to find 'Close'...
2026-01-18T19:10:48.9562836Z [CACHE HIT] b6daf7f0... (hits: 3, misses: 4)
2026-01-18T19:10:48.9563850Z     ❌ AI could not re-locate the element. Waiting 1s before next retry.
2026-01-18T19:10:48.9564833Z     ❌ Attempt 2 failed (element_not_found): Locator.bounding_box: Timeout 30000ms exceeded.
2026-01-18T19:10:48.9565462Z Call log:
2026-01-18T19:10:48.9565660Z   - waiting for locator("text=Close")
2026-01-18T19:10:48.9565904Z ...
2026-01-18T19:10:48.9566175Z     🔧 [AUTO-HEAL] Re-mining page to find 'Close'...
2026-01-18T19:10:48.9566485Z [CACHE HIT] b6daf7f0... (hits: 4, misses: 4)
2026-01-18T19:10:48.9566889Z     ❌ AI could not re-locate the element. Waiting 1s before next retry.
2026-01-18T19:10:48.9567453Z     ❌ Attempt 3 failed (element_not_found): Locator.bounding_box: Timeout 30000ms exceeded.
2026-01-18T19:10:48.9567871Z Call log:
2026-01-18T19:10:48.9568062Z   - waiting for locator("text=Close")
2026-01-18T19:10:48.9568568Z ...
2026-01-18T19:10:48.9568829Z     💀 Step step_7_ai_2 failed after all retries.
2026-01-18T19:10:48.9569221Z 🛑 Scenario 'Bill Payment' aborted due to step failure.
2026-01-18T19:10:48.9569441Z 
2026-01-18T19:10:48.9569542Z ============================================================
2026-01-18T19:10:48.9569840Z 🎯 EXECUTION SUMMARY
2026-01-18T19:10:48.9570057Z ============================================================
2026-01-18T19:10:48.9570253Z 
2026-01-18T19:10:48.9570353Z 📋 Scenario Overview:
2026-01-18T19:10:48.9570606Z    • Total Scenarios Planned: 3
2026-01-18T19:10:48.9570863Z    • Scenarios Executed: 3
2026-01-18T19:10:48.9571107Z    • Total Steps Executed: 42
2026-01-18T19:10:48.9571255Z 
2026-01-18T19:10:48.9571342Z ✅ Results:
2026-01-18T19:10:48.9571540Z    ❌ Failed: 3 (100%)
2026-01-18T19:10:48.9571666Z 
2026-01-18T19:10:48.9571773Z ⚠️  Failed Scenarios:
2026-01-18T19:10:48.9572004Z    • Account Creation and Login
2026-01-18T19:10:48.9572236Z    • Funds Transfer
2026-01-18T19:10:48.9572438Z    • Bill Payment
2026-01-18T19:10:48.9572548Z 
2026-01-18T19:10:48.9572657Z ============================================================
2026-01-18T19:10:48.9572843Z 
2026-01-18T19:10:48.9573345Z 🏁 Execution Finished. Report: /home/runner/work/build_qa_automation/build_qa_automation/projects/ci_parabank_banking/execution.json
2026-01-18T19:10:49.0681551Z 
2026-01-18T19:10:49.0681991Z [PHASE] Running Phase: DISCOVERY
2026-01-18T19:10:49.0683569Z    Command: /opt/hostedtoolcache/Python/3.11.14/x64/bin/python /home/runner/work/build_qa_automation/build_qa_automation/core/agents/discovery.py --project /home/runner/work/build_qa_automation/build_qa_automation/projects/ci_parabank_banking --url https://parabank.parasoft.com/ --deep
2026-01-18T19:10:49.0686712Z ❌ Phase 'discovery' failed with error: Command '['/opt/hostedtoolcache/Python/3.11.14/x64/bin/python', '/home/runner/work/build_qa_automation/build_qa_automation/core/agents/discovery.py', '--project', '/home/runner/work/build_qa_automation/build_qa_automation/projects/ci_parabank_banking', '--url', 'https://parabank.parasoft.com/', '--deep']' returned non-zero exit status 2.
2026-01-18T19:10:49.0688617Z ⚠️ Initial discovery failed, but proceeding to planning...
2026-01-18T19:10:49.0688870Z 
2026-01-18T19:10:49.0688963Z [PHASE] Running Phase: PLANNING
2026-01-18T19:10:49.0690211Z    Command: /opt/hostedtoolcache/Python/3.11.14/x64/bin/python /home/runner/work/build_qa_automation/build_qa_automation/core/agents/planner.py --project /home/runner/work/build_qa_automation/build_qa_automation/projects/ci_parabank_banking --goal Test banking operations --url https://parabank.parasoft.com/ --deep
2026-01-18T19:10:49.0691507Z ✅ Phase 'planning' completed successfully.
2026-01-18T19:10:49.0691705Z 
2026-01-18T19:10:49.0691796Z [PHASE] Running Phase: EXPLORATION
2026-01-18T19:10:49.0692772Z    Command: /opt/hostedtoolcache/Python/3.11.14/x64/bin/python /home/runner/work/build_qa_automation/build_qa_automation/core/agents/deep_explorer.py --project /home/runner/work/build_qa_automation/build_qa_automation/projects/ci_parabank_banking
2026-01-18T19:10:49.0693813Z ✅ Phase 'exploration' completed successfully.
2026-01-18T19:10:49.0694160Z 📊 Exploration Discovery Success Rate: 83.7%
2026-01-18T19:10:49.0694353Z 
2026-01-18T19:10:49.0694440Z [PHASE] Running Phase: EXECUTION
2026-01-18T19:10:49.0695370Z    Command: /opt/hostedtoolcache/Python/3.11.14/x64/bin/python /home/runner/work/build_qa_automation/build_qa_automation/core/agents/executor.py --project /home/runner/work/build_qa_automation/build_qa_automation/projects/ci_parabank_banking
2026-01-18T19:10:49.0696377Z ✅ Phase 'execution' completed successfully.
2026-01-18T19:10:49.0696564Z 
2026-01-18T19:10:49.0696665Z [DONE] Pipeline Execution Finished! [DONE]
2026-01-18T19:10:49.1657025Z ##[group]Run RESULT_FILE="projects/ci_parabank_banking/execution.json"
2026-01-18T19:10:49.1657587Z [36;1mRESULT_FILE="projects/ci_parabank_banking/execution.json"[0m
2026-01-18T19:10:49.1657950Z [36;1mif [ -f "$RESULT_FILE" ]; then[0m
2026-01-18T19:10:49.1658567Z [36;1m  echo "✅ Results generated successfully: $RESULT_FILE"[0m
2026-01-18T19:10:49.1659017Z [36;1m  cat "$RESULT_FILE" | jq '.scenarios | length' || echo "Result file exists"[0m
2026-01-18T19:10:49.1659375Z [36;1melse[0m
2026-01-18T19:10:49.1659600Z [36;1m  echo "❌ No result file found at $RESULT_FILE"[0m
2026-01-18T19:10:49.1659867Z [36;1m  exit 1[0m
2026-01-18T19:10:49.1660039Z [36;1mfi[0m
2026-01-18T19:10:49.1692072Z shell: /usr/bin/bash -e {0}
2026-01-18T19:10:49.1692294Z env:
2026-01-18T19:10:49.1692541Z   pythonLocation: /opt/hostedtoolcache/Python/3.11.14/x64
2026-01-18T19:10:49.1692961Z   PKG_CONFIG_PATH: /opt/hostedtoolcache/Python/3.11.14/x64/lib/pkgconfig
2026-01-18T19:10:49.1693392Z   Python_ROOT_DIR: /opt/hostedtoolcache/Python/3.11.14/x64
2026-01-18T19:10:49.1693767Z   Python2_ROOT_DIR: /opt/hostedtoolcache/Python/3.11.14/x64
2026-01-18T19:10:49.1694133Z   Python3_ROOT_DIR: /opt/hostedtoolcache/Python/3.11.14/x64
2026-01-18T19:10:49.1694494Z   LD_LIBRARY_PATH: /opt/hostedtoolcache/Python/3.11.14/x64/lib
2026-01-18T19:10:49.1694790Z ##[endgroup]
2026-01-18T19:10:49.1745610Z ✅ Results generated successfully: projects/ci_parabank_banking/execution.json
2026-01-18T19:10:49.1771825Z 3
2026-01-18T19:10:49.1834764Z ##[group]Run actions/upload-artifact@v4
2026-01-18T19:10:49.1835047Z with:
2026-01-18T19:10:49.1835249Z   name: parabank_banking-execution-results
2026-01-18T19:10:49.1835707Z   path: projects/ci_parabank_banking/execution.json
projects/ci_parabank_banking/workflow.json

2026-01-18T19:10:49.1836147Z   retention-days: 30
2026-01-18T19:10:49.1836351Z   if-no-files-found: warn
2026-01-18T19:10:49.1836564Z   compression-level: 6
2026-01-18T19:10:49.1836756Z   overwrite: false
2026-01-18T19:10:49.1836949Z   include-hidden-files: false
2026-01-18T19:10:49.1837338Z env:
2026-01-18T19:10:49.1837568Z   pythonLocation: /opt/hostedtoolcache/Python/3.11.14/x64
2026-01-18T19:10:49.1837966Z   PKG_CONFIG_PATH: /opt/hostedtoolcache/Python/3.11.14/x64/lib/pkgconfig
2026-01-18T19:10:49.1838639Z   Python_ROOT_DIR: /opt/hostedtoolcache/Python/3.11.14/x64
2026-01-18T19:10:49.1839009Z   Python2_ROOT_DIR: /opt/hostedtoolcache/Python/3.11.14/x64
2026-01-18T19:10:49.1839401Z   Python3_ROOT_DIR: /opt/hostedtoolcache/Python/3.11.14/x64
2026-01-18T19:10:49.1839815Z   LD_LIBRARY_PATH: /opt/hostedtoolcache/Python/3.11.14/x64/lib
2026-01-18T19:10:49.1840112Z ##[endgroup]
2026-01-18T19:10:49.4021156Z Multiple search paths detected. Calculating the least common ancestor of all paths
2026-01-18T19:10:49.4025986Z The least common ancestor is /home/runner/work/build_qa_automation/build_qa_automation/projects/ci_parabank_banking. This will be the root directory of the artifact
2026-01-18T19:10:49.4027410Z With the provided path, there will be 2 files uploaded
2026-01-18T19:10:49.4032781Z Artifact name is valid!
2026-01-18T19:10:49.4034001Z Root directory input is valid!
2026-01-18T19:10:49.6644056Z Beginning upload of artifact content to blob storage
2026-01-18T19:10:49.9586122Z Uploaded bytes 2348
2026-01-18T19:10:50.0345183Z Finished uploading artifact content to blob storage!
2026-01-18T19:10:50.0348532Z SHA256 digest of uploaded artifact zip is b7346b595a260116f11fbe43aa0b33ed8cca40b9048e415fd5c053b303ce1daa
2026-01-18T19:10:50.0351230Z Finalizing artifact upload
2026-01-18T19:10:50.1707407Z Artifact parabank_banking-execution-results.zip successfully finalized. Artifact ID 5170025323
2026-01-18T19:10:50.1709220Z Artifact parabank_banking-execution-results has been successfully uploaded! Final size is 2348 bytes. Artifact ID is 5170025323
2026-01-18T19:10:50.1716072Z Artifact download URL: https://github.com/vishvasmca-cmd/build_qa_automation/actions/runs/21116744370/artifacts/5170025323
2026-01-18T19:10:50.1835739Z Post job cleanup.
2026-01-18T19:10:50.3342890Z Cache hit occurred on the primary key setup-python-Linux-x64-24.04-Ubuntu-python-3.11.14-pip-dde08d0e0b672972dcda9f1a063036a2e0c226f5d0a20362e9401931676d80a4, not saving cache.
2026-01-18T19:10:50.3451545Z Post job cleanup.
2026-01-18T19:10:50.4385233Z [command]/usr/bin/git version
2026-01-18T19:10:50.4420739Z git version 2.52.0
2026-01-18T19:10:50.4463007Z Temporarily overriding HOME='/home/runner/work/_temp/644858b6-98a7-47e8-858f-0e634ec0895e' before making global git config changes
2026-01-18T19:10:50.4464232Z Adding repository directory to the temporary git global config as a safe directory
2026-01-18T19:10:50.4475037Z [command]/usr/bin/git config --global --add safe.directory /home/runner/work/build_qa_automation/build_qa_automation
2026-01-18T19:10:50.4515277Z [command]/usr/bin/git config --local --name-only --get-regexp core\.sshCommand
2026-01-18T19:10:50.4546315Z [command]/usr/bin/git submodule foreach --recursive sh -c "git config --local --name-only --get-regexp 'core\.sshCommand' && git config --local --unset-all 'core.sshCommand' || :"
2026-01-18T19:10:50.4777282Z [command]/usr/bin/git config --local --name-only --get-regexp http\.https\:\/\/github\.com\/\.extraheader
2026-01-18T19:10:50.4797557Z http.https://github.com/.extraheader
2026-01-18T19:10:50.4810289Z [command]/usr/bin/git config --local --unset-all http.https://github.com/.extraheader
2026-01-18T19:10:50.4840568Z [command]/usr/bin/git submodule foreach --recursive sh -c "git config --local --name-only --get-regexp 'http\.https\:\/\/github\.com\/\.extraheader' && git config --local --unset-all 'http.https://github.com/.extraheader' || :"
2026-01-18T19:10:50.5059132Z [command]/usr/bin/git config --local --name-only --get-regexp ^includeIf\.gitdir:
2026-01-18T19:10:50.5088629Z [command]/usr/bin/git submodule foreach --recursive git config --local --show-origin --name-only --get-regexp remote.origin.url
2026-01-18T19:10:50.5442418Z Cleaning up orphan processes
