2026-01-19T02:19:32.4144149Z Current runner version: '2.331.0'
2026-01-19T02:19:32.4167212Z ##[group]Runner Image Provisioner
2026-01-19T02:19:32.4168049Z Hosted Compute Agent
2026-01-19T02:19:32.4168735Z Version: 20251211.462
2026-01-19T02:19:32.4169398Z Commit: 6cbad8c2bb55d58165063d031ccabf57e2d2db61
2026-01-19T02:19:32.4170092Z Build Date: 2025-12-11T16:28:49Z
2026-01-19T02:19:32.4170804Z Worker ID: {63fb2abf-d10e-4a9e-a04f-e42259b5a771}
2026-01-19T02:19:32.4171525Z ##[endgroup]
2026-01-19T02:19:32.4172051Z ##[group]Operating System
2026-01-19T02:19:32.4172646Z Ubuntu
2026-01-19T02:19:32.4173122Z 24.04.3
2026-01-19T02:19:32.4173780Z LTS
2026-01-19T02:19:32.4174298Z ##[endgroup]
2026-01-19T02:19:32.4174833Z ##[group]Runner Image
2026-01-19T02:19:32.4175348Z Image: ubuntu-24.04
2026-01-19T02:19:32.4175933Z Version: 20260111.209.1
2026-01-19T02:19:32.4176948Z Included Software: https://github.com/actions/runner-images/blob/ubuntu24/20260111.209/images/ubuntu/Ubuntu2404-Readme.md
2026-01-19T02:19:32.4178521Z Image Release: https://github.com/actions/runner-images/releases/tag/ubuntu24%2F20260111.209
2026-01-19T02:19:32.4179520Z ##[endgroup]
2026-01-19T02:19:32.4180633Z ##[group]GITHUB_TOKEN Permissions
2026-01-19T02:19:32.4182423Z Contents: read
2026-01-19T02:19:32.4182990Z Metadata: read
2026-01-19T02:19:32.4183841Z Packages: read
2026-01-19T02:19:32.4184332Z ##[endgroup]
2026-01-19T02:19:32.4186788Z Secret source: Actions
2026-01-19T02:19:32.4187608Z Prepare workflow directory
2026-01-19T02:19:32.4520214Z Prepare all required actions
2026-01-19T02:19:32.4559921Z Getting action download info
2026-01-19T02:19:32.9076087Z Download action repository 'actions/checkout@v4' (SHA:34e114876b0b11c390a56381ad16ebd13914f8d5)
2026-01-19T02:19:33.0148968Z Download action repository 'actions/setup-python@v5' (SHA:a26af69be951a213d495a4c3e4e4022e16d87065)
2026-01-19T02:19:33.1313065Z Download action repository 'actions/upload-artifact@v4' (SHA:ea165f8d65b6e75b540449e92b4886f43607fa02)
2026-01-19T02:19:33.3488717Z Complete job name: test-websites-deep (orangehrm_demo, https://opensource-demo.orangehrmlive.com/, Test HR managemen...
2026-01-19T02:19:33.4230653Z ##[group]Run actions/checkout@v4
2026-01-19T02:19:33.4231479Z with:
2026-01-19T02:19:33.4231945Z   repository: vishvasmca-cmd/build_qa_automation
2026-01-19T02:19:33.4232672Z   token: ***
2026-01-19T02:19:33.4233051Z   ssh-strict: true
2026-01-19T02:19:33.4233627Z   ssh-user: git
2026-01-19T02:19:33.4234084Z   persist-credentials: true
2026-01-19T02:19:33.4234537Z   clean: true
2026-01-19T02:19:33.4234943Z   sparse-checkout-cone-mode: true
2026-01-19T02:19:33.4235421Z   fetch-depth: 1
2026-01-19T02:19:33.4235803Z   fetch-tags: false
2026-01-19T02:19:33.4236201Z   show-progress: true
2026-01-19T02:19:33.4236593Z   lfs: false
2026-01-19T02:19:33.4236960Z   submodules: false
2026-01-19T02:19:33.4237367Z   set-safe-directory: true
2026-01-19T02:19:33.4238059Z ##[endgroup]
2026-01-19T02:19:33.5338848Z Syncing repository: vishvasmca-cmd/build_qa_automation
2026-01-19T02:19:33.5340653Z ##[group]Getting Git version info
2026-01-19T02:19:33.5341926Z Working directory is '/home/runner/work/build_qa_automation/build_qa_automation'
2026-01-19T02:19:33.5344053Z [command]/usr/bin/git version
2026-01-19T02:19:33.5428012Z git version 2.52.0
2026-01-19T02:19:33.5454228Z ##[endgroup]
2026-01-19T02:19:33.5467737Z Temporarily overriding HOME='/home/runner/work/_temp/b11a6d8b-5501-4b76-a223-721e4a42cdde' before making global git config changes
2026-01-19T02:19:33.5469160Z Adding repository directory to the temporary git global config as a safe directory
2026-01-19T02:19:33.5480060Z [command]/usr/bin/git config --global --add safe.directory /home/runner/work/build_qa_automation/build_qa_automation
2026-01-19T02:19:33.5519317Z Deleting the contents of '/home/runner/work/build_qa_automation/build_qa_automation'
2026-01-19T02:19:33.5522442Z ##[group]Initializing the repository
2026-01-19T02:19:33.5526783Z [command]/usr/bin/git init /home/runner/work/build_qa_automation/build_qa_automation
2026-01-19T02:19:33.5646481Z hint: Using 'master' as the name for the initial branch. This default branch name
2026-01-19T02:19:33.5647719Z hint: will change to "main" in Git 3.0. To configure the initial branch name
2026-01-19T02:19:33.5649042Z hint: to use in all of your new repositories, which will suppress this warning,
2026-01-19T02:19:33.5650275Z hint: call:
2026-01-19T02:19:33.5650907Z hint:
2026-01-19T02:19:33.5651650Z hint: 	git config --global init.defaultBranch <name>
2026-01-19T02:19:33.5652575Z hint:
2026-01-19T02:19:33.5653604Z hint: Names commonly chosen instead of 'master' are 'main', 'trunk' and
2026-01-19T02:19:33.5654528Z hint: 'development'. The just-created branch can be renamed via this command:
2026-01-19T02:19:33.5655213Z hint:
2026-01-19T02:19:33.5655626Z hint: 	git branch -m <name>
2026-01-19T02:19:33.5656069Z hint:
2026-01-19T02:19:33.5656646Z hint: Disable this message with "git config set advice.defaultBranchName false"
2026-01-19T02:19:33.5657791Z Initialized empty Git repository in /home/runner/work/build_qa_automation/build_qa_automation/.git/
2026-01-19T02:19:33.5664263Z [command]/usr/bin/git remote add origin https://github.com/vishvasmca-cmd/build_qa_automation
2026-01-19T02:19:33.5698577Z ##[endgroup]
2026-01-19T02:19:33.5699299Z ##[group]Disabling automatic garbage collection
2026-01-19T02:19:33.5702018Z [command]/usr/bin/git config --local gc.auto 0
2026-01-19T02:19:33.5729626Z ##[endgroup]
2026-01-19T02:19:33.5730276Z ##[group]Setting up auth
2026-01-19T02:19:33.5736676Z [command]/usr/bin/git config --local --name-only --get-regexp core\.sshCommand
2026-01-19T02:19:33.5765918Z [command]/usr/bin/git submodule foreach --recursive sh -c "git config --local --name-only --get-regexp 'core\.sshCommand' && git config --local --unset-all 'core.sshCommand' || :"
2026-01-19T02:19:33.6108308Z [command]/usr/bin/git config --local --name-only --get-regexp http\.https\:\/\/github\.com\/\.extraheader
2026-01-19T02:19:33.6137956Z [command]/usr/bin/git submodule foreach --recursive sh -c "git config --local --name-only --get-regexp 'http\.https\:\/\/github\.com\/\.extraheader' && git config --local --unset-all 'http.https://github.com/.extraheader' || :"
2026-01-19T02:19:33.6353768Z [command]/usr/bin/git config --local --name-only --get-regexp ^includeIf\.gitdir:
2026-01-19T02:19:33.6383537Z [command]/usr/bin/git submodule foreach --recursive git config --local --show-origin --name-only --get-regexp remote.origin.url
2026-01-19T02:19:33.6609942Z [command]/usr/bin/git config --local http.https://github.com/.extraheader AUTHORIZATION: basic ***
2026-01-19T02:19:33.6643569Z ##[endgroup]
2026-01-19T02:19:33.6644847Z ##[group]Fetching the repository
2026-01-19T02:19:33.6652909Z [command]/usr/bin/git -c protocol.version=2 fetch --no-tags --prune --no-recurse-submodules --depth=1 origin +8ae9e7a98960844bdcef67161cbe93442a7431bc:refs/remotes/origin/main
2026-01-19T02:19:35.0502856Z From https://github.com/vishvasmca-cmd/build_qa_automation
2026-01-19T02:19:35.0504988Z  * [new ref]         8ae9e7a98960844bdcef67161cbe93442a7431bc -> origin/main
2026-01-19T02:19:35.0552139Z ##[endgroup]
2026-01-19T02:19:35.0553708Z ##[group]Determining the checkout info
2026-01-19T02:19:35.0556165Z ##[endgroup]
2026-01-19T02:19:35.0560919Z [command]/usr/bin/git sparse-checkout disable
2026-01-19T02:19:35.0604698Z [command]/usr/bin/git config --local --unset-all extensions.worktreeConfig
2026-01-19T02:19:35.0631744Z ##[group]Checking out the ref
2026-01-19T02:19:35.0635825Z [command]/usr/bin/git checkout --progress --force -B main refs/remotes/origin/main
2026-01-19T02:19:35.1966741Z Switched to a new branch 'main'
2026-01-19T02:19:35.1969760Z branch 'main' set up to track 'origin/main'.
2026-01-19T02:19:35.1986188Z ##[endgroup]
2026-01-19T02:19:35.2023439Z [command]/usr/bin/git log -1 --format=%H
2026-01-19T02:19:35.2044617Z 8ae9e7a98960844bdcef67161cbe93442a7431bc
2026-01-19T02:19:35.2362040Z ##[group]Run actions/setup-python@v5
2026-01-19T02:19:35.2363400Z with:
2026-01-19T02:19:35.2364245Z   python-version: 3.11
2026-01-19T02:19:35.2365204Z   cache: pip
2026-01-19T02:19:35.2366275Z   check-latest: false
2026-01-19T02:19:35.2367517Z   token: ***
2026-01-19T02:19:35.2368438Z   update-environment: true
2026-01-19T02:19:35.2369545Z   allow-prereleases: false
2026-01-19T02:19:35.2370592Z   freethreaded: false
2026-01-19T02:19:35.2371531Z ##[endgroup]
2026-01-19T02:19:35.4023052Z ##[group]Installed versions
2026-01-19T02:19:35.4526521Z Successfully set up CPython (3.11.14)
2026-01-19T02:19:35.4527156Z ##[endgroup]
2026-01-19T02:19:35.5496001Z [command]/opt/hostedtoolcache/Python/3.11.14/x64/bin/pip cache dir
2026-01-19T02:19:36.7621203Z /home/runner/.cache/pip
2026-01-19T02:19:37.0472697Z Cache hit for: setup-python-Linux-x64-24.04-Ubuntu-python-3.11.14-pip-dde08d0e0b672972dcda9f1a063036a2e0c226f5d0a20362e9401931676d80a4
2026-01-19T02:19:38.2930384Z Received 29360128 of 254742636 (11.5%), 28.0 MBs/sec
2026-01-19T02:19:39.2936587Z Received 167772160 of 254742636 (65.9%), 80.0 MBs/sec
2026-01-19T02:19:39.8273476Z Received 254742636 of 254742636 (100.0%), 95.8 MBs/sec
2026-01-19T02:19:39.8274620Z Cache Size: ~243 MB (254742636 B)
2026-01-19T02:19:39.8339640Z [command]/usr/bin/tar -xf /home/runner/work/_temp/d5d9311e-84da-4e3f-a1b8-aa0b20ff04bf/cache.tzst -P -C /home/runner/work/build_qa_automation/build_qa_automation --use-compress-program unzstd
2026-01-19T02:19:40.1989683Z Cache restored successfully
2026-01-19T02:19:40.2488309Z Cache restored from key: setup-python-Linux-x64-24.04-Ubuntu-python-3.11.14-pip-dde08d0e0b672972dcda9f1a063036a2e0c226f5d0a20362e9401931676d80a4
2026-01-19T02:19:40.2721322Z ##[group]Run pip install -r requirements.txt
2026-01-19T02:19:40.2721765Z [36;1mpip install -r requirements.txt[0m
2026-01-19T02:19:40.2722073Z [36;1mplaywright install chromium[0m
2026-01-19T02:19:40.2760611Z shell: /usr/bin/bash -e {0}
2026-01-19T02:19:40.2760870Z env:
2026-01-19T02:19:40.2761144Z   pythonLocation: /opt/hostedtoolcache/Python/3.11.14/x64
2026-01-19T02:19:40.2761623Z   PKG_CONFIG_PATH: /opt/hostedtoolcache/Python/3.11.14/x64/lib/pkgconfig
2026-01-19T02:19:40.2762077Z   Python_ROOT_DIR: /opt/hostedtoolcache/Python/3.11.14/x64
2026-01-19T02:19:40.2762447Z   Python2_ROOT_DIR: /opt/hostedtoolcache/Python/3.11.14/x64
2026-01-19T02:19:40.2762814Z   Python3_ROOT_DIR: /opt/hostedtoolcache/Python/3.11.14/x64
2026-01-19T02:19:40.2763358Z   LD_LIBRARY_PATH: /opt/hostedtoolcache/Python/3.11.14/x64/lib
2026-01-19T02:19:40.2763676Z ##[endgroup]
2026-01-19T02:19:41.5336292Z Collecting playwright (from -r requirements.txt (line 1))
2026-01-19T02:19:41.5351803Z   Using cached playwright-1.57.0-py3-none-manylinux1_x86_64.whl.metadata (3.5 kB)
2026-01-19T02:19:41.5576610Z Collecting python-dotenv (from -r requirements.txt (line 2))
2026-01-19T02:19:41.5591133Z   Using cached python_dotenv-1.2.1-py3-none-any.whl.metadata (25 kB)
2026-01-19T02:19:41.5923874Z Collecting requests (from -r requirements.txt (line 3))
2026-01-19T02:19:41.5938353Z   Using cached requests-2.32.5-py3-none-any.whl.metadata (4.9 kB)
2026-01-19T02:19:41.7660950Z Collecting pillow (from -r requirements.txt (line 4))
2026-01-19T02:19:41.7677993Z   Using cached pillow-12.1.0-cp311-cp311-manylinux_2_27_x86_64.manylinux_2_28_x86_64.whl.metadata (8.8 kB)
2026-01-19T02:19:41.7977784Z Collecting google-genai>=0.3.0 (from -r requirements.txt (line 5))
2026-01-19T02:19:41.7990913Z   Using cached google_genai-1.59.0-py3-none-any.whl.metadata (53 kB)
2026-01-19T02:19:41.8187787Z Collecting termcolor (from -r requirements.txt (line 6))
2026-01-19T02:19:41.8201303Z   Using cached termcolor-3.3.0-py3-none-any.whl.metadata (6.5 kB)
2026-01-19T02:19:41.8603626Z Collecting PyYAML (from -r requirements.txt (line 7))
2026-01-19T02:19:41.8618736Z   Using cached pyyaml-6.0.3-cp311-cp311-manylinux2014_x86_64.manylinux_2_17_x86_64.manylinux_2_28_x86_64.whl.metadata (2.4 kB)
2026-01-19T02:19:41.9230287Z Collecting opencv-python-headless (from -r requirements.txt (line 8))
2026-01-19T02:19:41.9245346Z   Using cached opencv_python_headless-4.13.0.90-cp37-abi3-manylinux_2_28_x86_64.whl.metadata (19 kB)
2026-01-19T02:19:42.1219238Z Collecting numpy (from -r requirements.txt (line 9))
2026-01-19T02:19:42.1234798Z   Using cached numpy-2.4.1-cp311-cp311-manylinux_2_27_x86_64.manylinux_2_28_x86_64.whl.metadata (6.6 kB)
2026-01-19T02:19:42.2050081Z Collecting faker (from -r requirements.txt (line 10))
2026-01-19T02:19:42.2064702Z   Using cached faker-40.1.2-py3-none-any.whl.metadata (16 kB)
2026-01-19T02:19:42.2271541Z Collecting pyee<14,>=13 (from playwright->-r requirements.txt (line 1))
2026-01-19T02:19:42.2284665Z   Using cached pyee-13.0.0-py3-none-any.whl.metadata (2.9 kB)
2026-01-19T02:19:42.3524451Z Collecting greenlet<4.0.0,>=3.1.1 (from playwright->-r requirements.txt (line 1))
2026-01-19T02:19:42.3539313Z   Using cached greenlet-3.3.0-cp311-cp311-manylinux_2_24_x86_64.manylinux_2_28_x86_64.whl.metadata (4.1 kB)
2026-01-19T02:19:42.3770979Z Collecting typing-extensions (from pyee<14,>=13->playwright->-r requirements.txt (line 1))
2026-01-19T02:19:42.3790877Z   Using cached typing_extensions-4.15.0-py3-none-any.whl.metadata (3.3 kB)
2026-01-19T02:19:42.4639662Z Collecting charset_normalizer<4,>=2 (from requests->-r requirements.txt (line 3))
2026-01-19T02:19:42.4654170Z   Using cached charset_normalizer-3.4.4-cp311-cp311-manylinux2014_x86_64.manylinux_2_17_x86_64.manylinux_2_28_x86_64.whl.metadata (37 kB)
2026-01-19T02:19:42.4884030Z Collecting idna<4,>=2.5 (from requests->-r requirements.txt (line 3))
2026-01-19T02:19:42.4897067Z   Using cached idna-3.11-py3-none-any.whl.metadata (8.4 kB)
2026-01-19T02:19:42.5223079Z Collecting urllib3<3,>=1.21.1 (from requests->-r requirements.txt (line 3))
2026-01-19T02:19:42.5240723Z   Using cached urllib3-2.6.3-py3-none-any.whl.metadata (6.9 kB)
2026-01-19T02:19:42.5492867Z Collecting certifi>=2017.4.17 (from requests->-r requirements.txt (line 3))
2026-01-19T02:19:42.5506059Z   Using cached certifi-2026.1.4-py3-none-any.whl.metadata (2.5 kB)
2026-01-19T02:19:42.5762962Z Collecting anyio<5.0.0,>=4.8.0 (from google-genai>=0.3.0->-r requirements.txt (line 5))
2026-01-19T02:19:42.5776516Z   Using cached anyio-4.12.1-py3-none-any.whl.metadata (4.3 kB)
2026-01-19T02:19:42.6203836Z Collecting google-auth<3.0.0,>=2.47.0 (from google-auth[requests]<3.0.0,>=2.47.0->google-genai>=0.3.0->-r requirements.txt (line 5))
2026-01-19T02:19:42.6217459Z   Using cached google_auth-2.47.0-py3-none-any.whl.metadata (6.4 kB)
2026-01-19T02:19:42.6505982Z Collecting httpx<1.0.0,>=0.28.1 (from google-genai>=0.3.0->-r requirements.txt (line 5))
2026-01-19T02:19:42.6519267Z   Using cached httpx-0.28.1-py3-none-any.whl.metadata (7.1 kB)
2026-01-19T02:19:42.7939038Z Collecting pydantic<3.0.0,>=2.9.0 (from google-genai>=0.3.0->-r requirements.txt (line 5))
2026-01-19T02:19:42.7954266Z   Using cached pydantic-2.12.5-py3-none-any.whl.metadata (90 kB)
2026-01-19T02:19:42.8280682Z Collecting tenacity<9.2.0,>=8.2.3 (from google-genai>=0.3.0->-r requirements.txt (line 5))
2026-01-19T02:19:42.8294137Z   Using cached tenacity-9.1.2-py3-none-any.whl.metadata (1.2 kB)
2026-01-19T02:19:42.9191239Z Collecting websockets<15.1.0,>=13.0.0 (from google-genai>=0.3.0->-r requirements.txt (line 5))
2026-01-19T02:19:42.9206975Z   Using cached websockets-15.0.1-cp311-cp311-manylinux_2_5_x86_64.manylinux1_x86_64.manylinux_2_17_x86_64.manylinux2014_x86_64.whl.metadata (6.8 kB)
2026-01-19T02:19:42.9409090Z Collecting distro<2,>=1.7.0 (from google-genai>=0.3.0->-r requirements.txt (line 5))
2026-01-19T02:19:42.9422300Z   Using cached distro-1.9.0-py3-none-any.whl.metadata (6.8 kB)
2026-01-19T02:19:42.9567476Z Collecting sniffio (from google-genai>=0.3.0->-r requirements.txt (line 5))
2026-01-19T02:19:42.9580663Z   Using cached sniffio-1.3.1-py3-none-any.whl.metadata (3.9 kB)
2026-01-19T02:19:42.9909096Z Collecting pyasn1-modules>=0.2.1 (from google-auth<3.0.0,>=2.47.0->google-auth[requests]<3.0.0,>=2.47.0->google-genai>=0.3.0->-r requirements.txt (line 5))
2026-01-19T02:19:42.9922340Z   Using cached pyasn1_modules-0.4.2-py3-none-any.whl.metadata (3.5 kB)
2026-01-19T02:19:43.0122642Z Collecting rsa<5,>=3.1.4 (from google-auth<3.0.0,>=2.47.0->google-auth[requests]<3.0.0,>=2.47.0->google-genai>=0.3.0->-r requirements.txt (line 5))
2026-01-19T02:19:43.0136026Z   Using cached rsa-4.9.1-py3-none-any.whl.metadata (5.6 kB)
2026-01-19T02:19:43.0479604Z Collecting httpcore==1.* (from httpx<1.0.0,>=0.28.1->google-genai>=0.3.0->-r requirements.txt (line 5))
2026-01-19T02:19:43.0492809Z   Using cached httpcore-1.0.9-py3-none-any.whl.metadata (21 kB)
2026-01-19T02:19:43.0680154Z Collecting h11>=0.16 (from httpcore==1.*->httpx<1.0.0,>=0.28.1->google-genai>=0.3.0->-r requirements.txt (line 5))
2026-01-19T02:19:43.0693330Z   Using cached h11-0.16.0-py3-none-any.whl.metadata (8.3 kB)
2026-01-19T02:19:43.0850913Z Collecting annotated-types>=0.6.0 (from pydantic<3.0.0,>=2.9.0->google-genai>=0.3.0->-r requirements.txt (line 5))
2026-01-19T02:19:43.0864388Z   Using cached annotated_types-0.7.0-py3-none-any.whl.metadata (15 kB)
2026-01-19T02:19:43.7430771Z Collecting pydantic-core==2.41.5 (from pydantic<3.0.0,>=2.9.0->google-genai>=0.3.0->-r requirements.txt (line 5))
2026-01-19T02:19:43.7446922Z   Using cached pydantic_core-2.41.5-cp311-cp311-manylinux_2_17_x86_64.manylinux2014_x86_64.whl.metadata (7.3 kB)
2026-01-19T02:19:43.7641314Z Collecting typing-inspection>=0.4.2 (from pydantic<3.0.0,>=2.9.0->google-genai>=0.3.0->-r requirements.txt (line 5))
2026-01-19T02:19:43.7655050Z   Using cached typing_inspection-0.4.2-py3-none-any.whl.metadata (2.6 kB)
2026-01-19T02:19:43.8355052Z Collecting pyasn1>=0.1.3 (from rsa<5,>=3.1.4->google-auth<3.0.0,>=2.47.0->google-auth[requests]<3.0.0,>=2.47.0->google-genai>=0.3.0->-r requirements.txt (line 5))
2026-01-19T02:19:43.8370311Z   Using cached pyasn1-0.6.2-py3-none-any.whl.metadata (8.4 kB)
2026-01-19T02:19:43.8638522Z Using cached playwright-1.57.0-py3-none-manylinux1_x86_64.whl (46.0 MB)
2026-01-19T02:19:43.8969151Z Using cached greenlet-3.3.0-cp311-cp311-manylinux_2_24_x86_64.manylinux_2_28_x86_64.whl (590 kB)
2026-01-19T02:19:43.8986527Z Using cached pyee-13.0.0-py3-none-any.whl (15 kB)
2026-01-19T02:19:43.8999555Z Using cached python_dotenv-1.2.1-py3-none-any.whl (21 kB)
2026-01-19T02:19:43.9012968Z Using cached requests-2.32.5-py3-none-any.whl (64 kB)
2026-01-19T02:19:43.9026164Z Using cached charset_normalizer-3.4.4-cp311-cp311-manylinux2014_x86_64.manylinux_2_17_x86_64.manylinux_2_28_x86_64.whl (151 kB)
2026-01-19T02:19:43.9039440Z Using cached idna-3.11-py3-none-any.whl (71 kB)
2026-01-19T02:19:43.9052402Z Using cached urllib3-2.6.3-py3-none-any.whl (131 kB)
2026-01-19T02:19:43.9066357Z Using cached pillow-12.1.0-cp311-cp311-manylinux_2_27_x86_64.manylinux_2_28_x86_64.whl (7.0 MB)
2026-01-19T02:19:43.9127251Z Using cached google_genai-1.59.0-py3-none-any.whl (719 kB)
2026-01-19T02:19:43.9144822Z Using cached anyio-4.12.1-py3-none-any.whl (113 kB)
2026-01-19T02:19:43.9158051Z Using cached distro-1.9.0-py3-none-any.whl (20 kB)
2026-01-19T02:19:43.9170612Z Using cached google_auth-2.47.0-py3-none-any.whl (234 kB)
2026-01-19T02:19:43.9184761Z Using cached httpx-0.28.1-py3-none-any.whl (73 kB)
2026-01-19T02:19:43.9197654Z Using cached httpcore-1.0.9-py3-none-any.whl (78 kB)
2026-01-19T02:19:43.9210572Z Using cached pydantic-2.12.5-py3-none-any.whl (463 kB)
2026-01-19T02:19:43.9226462Z Using cached pydantic_core-2.41.5-cp311-cp311-manylinux_2_17_x86_64.manylinux2014_x86_64.whl (2.1 MB)
2026-01-19T02:19:43.9253002Z Using cached rsa-4.9.1-py3-none-any.whl (34 kB)
2026-01-19T02:19:43.9265767Z Using cached tenacity-9.1.2-py3-none-any.whl (28 kB)
2026-01-19T02:19:43.9278381Z Using cached typing_extensions-4.15.0-py3-none-any.whl (44 kB)
2026-01-19T02:19:43.9291596Z Using cached websockets-15.0.1-cp311-cp311-manylinux_2_5_x86_64.manylinux1_x86_64.manylinux_2_17_x86_64.manylinux2014_x86_64.whl (182 kB)
2026-01-19T02:19:43.9305039Z Using cached termcolor-3.3.0-py3-none-any.whl (7.7 kB)
2026-01-19T02:19:43.9318079Z Using cached pyyaml-6.0.3-cp311-cp311-manylinux2014_x86_64.manylinux_2_17_x86_64.manylinux_2_28_x86_64.whl (806 kB)
2026-01-19T02:19:43.9336457Z Using cached opencv_python_headless-4.13.0.90-cp37-abi3-manylinux_2_28_x86_64.whl (62.5 MB)
2026-01-19T02:19:43.9778639Z Using cached numpy-2.4.1-cp311-cp311-manylinux_2_27_x86_64.manylinux_2_28_x86_64.whl (16.7 MB)
2026-01-19T02:19:43.9906504Z Using cached faker-40.1.2-py3-none-any.whl (2.0 MB)
2026-01-19T02:19:43.9933122Z Using cached annotated_types-0.7.0-py3-none-any.whl (13 kB)
2026-01-19T02:19:43.9946120Z Using cached certifi-2026.1.4-py3-none-any.whl (152 kB)
2026-01-19T02:19:43.9960086Z Using cached h11-0.16.0-py3-none-any.whl (37 kB)
2026-01-19T02:19:43.9972517Z Using cached pyasn1-0.6.2-py3-none-any.whl (83 kB)
2026-01-19T02:19:43.9986099Z Using cached pyasn1_modules-0.4.2-py3-none-any.whl (181 kB)
2026-01-19T02:19:44.0000427Z Using cached typing_inspection-0.4.2-py3-none-any.whl (14 kB)
2026-01-19T02:19:44.0013394Z Using cached sniffio-1.3.1-py3-none-any.whl (10 kB)
2026-01-19T02:19:44.2243558Z Installing collected packages: websockets, urllib3, typing-extensions, termcolor, tenacity, sniffio, PyYAML, python-dotenv, pyasn1, pillow, numpy, idna, h11, greenlet, faker, distro, charset_normalizer, certifi, annotated-types, typing-inspection, rsa, requests, pyee, pydantic-core, pyasn1-modules, opencv-python-headless, httpcore, anyio, pydantic, playwright, httpx, google-auth, google-genai
2026-01-19T02:19:50.8860059Z 
2026-01-19T02:19:50.8883791Z Successfully installed PyYAML-6.0.3 annotated-types-0.7.0 anyio-4.12.1 certifi-2026.1.4 charset_normalizer-3.4.4 distro-1.9.0 faker-40.1.2 google-auth-2.47.0 google-genai-1.59.0 greenlet-3.3.0 h11-0.16.0 httpcore-1.0.9 httpx-0.28.1 idna-3.11 numpy-2.4.1 opencv-python-headless-4.13.0.90 pillow-12.1.0 playwright-1.57.0 pyasn1-0.6.2 pyasn1-modules-0.4.2 pydantic-2.12.5 pydantic-core-2.41.5 pyee-13.0.0 python-dotenv-1.2.1 requests-2.32.5 rsa-4.9.1 sniffio-1.3.1 tenacity-9.1.2 termcolor-3.3.0 typing-extensions-4.15.0 typing-inspection-0.4.2 urllib3-2.6.3 websockets-15.0.1
2026-01-19T02:19:51.4905937Z Downloading Chromium 143.0.7499.4 (playwright build v1200) from https://cdn.playwright.dev/dbazure/download/playwright/builds/chromium/1200/chromium-linux.zip
2026-01-19T02:19:51.5863770Z (node:2195) [DEP0169] DeprecationWarning: `url.parse()` behavior is not standardized and prone to errors that have security implications. Use the WHATWG URL API instead. CVEs are not issued for `url.parse()` vulnerabilities.
2026-01-19T02:19:51.5865398Z (Use `node --trace-deprecation ...` to show where the warning was created)
2026-01-19T02:19:51.8017861Z |                                                                                |   0% of 164.7 MiB
2026-01-19T02:19:51.9580706Z |■■■■■■■■                                                                        |  10% of 164.7 MiB
2026-01-19T02:19:52.0436320Z |■■■■■■■■■■■■■■■■                                                                |  20% of 164.7 MiB
2026-01-19T02:19:52.1212300Z |■■■■■■■■■■■■■■■■■■■■■■■■                                                        |  30% of 164.7 MiB
2026-01-19T02:19:52.1813987Z |■■■■■■■■■■■■■■■■■■■■■■■■■■■■■■■■                                                |  40% of 164.7 MiB
2026-01-19T02:19:52.2343812Z |■■■■■■■■■■■■■■■■■■■■■■■■■■■■■■■■■■■■■■■■                                        |  50% of 164.7 MiB
2026-01-19T02:19:52.2959947Z |■■■■■■■■■■■■■■■■■■■■■■■■■■■■■■■■■■■■■■■■■■■■■■■■                                |  60% of 164.7 MiB
2026-01-19T02:19:52.3493043Z |■■■■■■■■■■■■■■■■■■■■■■■■■■■■■■■■■■■■■■■■■■■■■■■■■■■■■■■■                        |  70% of 164.7 MiB
2026-01-19T02:19:52.4034272Z |■■■■■■■■■■■■■■■■■■■■■■■■■■■■■■■■■■■■■■■■■■■■■■■■■■■■■■■■■■■■■■■■                |  80% of 164.7 MiB
2026-01-19T02:19:52.4620822Z |■■■■■■■■■■■■■■■■■■■■■■■■■■■■■■■■■■■■■■■■■■■■■■■■■■■■■■■■■■■■■■■■■■■■■■■■        |  90% of 164.7 MiB
2026-01-19T02:19:52.5180846Z |■■■■■■■■■■■■■■■■■■■■■■■■■■■■■■■■■■■■■■■■■■■■■■■■■■■■■■■■■■■■■■■■■■■■■■■■■■■■■■■■| 100% of 164.7 MiB
2026-01-19T02:19:54.8698677Z Chromium 143.0.7499.4 (playwright build v1200) downloaded to /home/runner/.cache/ms-playwright/chromium-1200
2026-01-19T02:19:54.8702983Z Downloading FFMPEG playwright build v1011 from https://cdn.playwright.dev/dbazure/download/playwright/builds/ffmpeg/1011/ffmpeg-linux.zip
2026-01-19T02:19:54.9670423Z (node:2206) [DEP0169] DeprecationWarning: `url.parse()` behavior is not standardized and prone to errors that have security implications. Use the WHATWG URL API instead. CVEs are not issued for `url.parse()` vulnerabilities.
2026-01-19T02:19:54.9671464Z (Use `node --trace-deprecation ...` to show where the warning was created)
2026-01-19T02:19:55.1527169Z |                                                                                |   0% of 2.3 MiB
2026-01-19T02:19:55.1712751Z |■■■■■■■■                                                                        |  10% of 2.3 MiB
2026-01-19T02:19:55.1786490Z |■■■■■■■■■■■■■■■■                                                                |  20% of 2.3 MiB
2026-01-19T02:19:55.1851152Z |■■■■■■■■■■■■■■■■■■■■■■■■                                                        |  30% of 2.3 MiB
2026-01-19T02:19:55.1873831Z |■■■■■■■■■■■■■■■■■■■■■■■■■■■■■■■■                                                |  40% of 2.3 MiB
2026-01-19T02:19:55.1899729Z |■■■■■■■■■■■■■■■■■■■■■■■■■■■■■■■■■■■■■■■■                                        |  50% of 2.3 MiB
2026-01-19T02:19:55.1932545Z |■■■■■■■■■■■■■■■■■■■■■■■■■■■■■■■■■■■■■■■■■■■■■■■■                                |  60% of 2.3 MiB
2026-01-19T02:19:55.1951134Z |■■■■■■■■■■■■■■■■■■■■■■■■■■■■■■■■■■■■■■■■■■■■■■■■■■■■■■■■                        |  70% of 2.3 MiB
2026-01-19T02:19:55.1960364Z |■■■■■■■■■■■■■■■■■■■■■■■■■■■■■■■■■■■■■■■■■■■■■■■■■■■■■■■■■■■■■■■■                |  80% of 2.3 MiB
2026-01-19T02:19:55.1978944Z |■■■■■■■■■■■■■■■■■■■■■■■■■■■■■■■■■■■■■■■■■■■■■■■■■■■■■■■■■■■■■■■■■■■■■■■■        |  90% of 2.3 MiB
2026-01-19T02:19:55.2022436Z |■■■■■■■■■■■■■■■■■■■■■■■■■■■■■■■■■■■■■■■■■■■■■■■■■■■■■■■■■■■■■■■■■■■■■■■■■■■■■■■■| 100% of 2.3 MiB
2026-01-19T02:19:55.2570775Z FFMPEG playwright build v1011 downloaded to /home/runner/.cache/ms-playwright/ffmpeg-1011
2026-01-19T02:19:55.2574589Z Downloading Chromium Headless Shell 143.0.7499.4 (playwright build v1200) from https://cdn.playwright.dev/dbazure/download/playwright/builds/chromium/1200/chromium-headless-shell-linux.zip
2026-01-19T02:19:55.3522103Z (node:2217) [DEP0169] DeprecationWarning: `url.parse()` behavior is not standardized and prone to errors that have security implications. Use the WHATWG URL API instead. CVEs are not issued for `url.parse()` vulnerabilities.
2026-01-19T02:19:55.3523373Z (Use `node --trace-deprecation ...` to show where the warning was created)
2026-01-19T02:19:55.5525247Z |                                                                                |   0% of 109.7 MiB
2026-01-19T02:19:55.6656384Z |■■■■■■■■                                                                        |  10% of 109.7 MiB
2026-01-19T02:19:55.7174981Z |■■■■■■■■■■■■■■■■                                                                |  20% of 109.7 MiB
2026-01-19T02:19:55.7670278Z |■■■■■■■■■■■■■■■■■■■■■■■■                                                        |  30% of 109.7 MiB
2026-01-19T02:19:55.8121266Z |■■■■■■■■■■■■■■■■■■■■■■■■■■■■■■■■                                                |  40% of 109.7 MiB
2026-01-19T02:19:55.8562011Z |■■■■■■■■■■■■■■■■■■■■■■■■■■■■■■■■■■■■■■■■                                        |  50% of 109.7 MiB
2026-01-19T02:19:55.9076763Z |■■■■■■■■■■■■■■■■■■■■■■■■■■■■■■■■■■■■■■■■■■■■■■■■                                |  60% of 109.7 MiB
2026-01-19T02:19:55.9493803Z |■■■■■■■■■■■■■■■■■■■■■■■■■■■■■■■■■■■■■■■■■■■■■■■■■■■■■■■■                        |  70% of 109.7 MiB
2026-01-19T02:19:55.9896510Z |■■■■■■■■■■■■■■■■■■■■■■■■■■■■■■■■■■■■■■■■■■■■■■■■■■■■■■■■■■■■■■■■                |  80% of 109.7 MiB
2026-01-19T02:19:56.0372056Z |■■■■■■■■■■■■■■■■■■■■■■■■■■■■■■■■■■■■■■■■■■■■■■■■■■■■■■■■■■■■■■■■■■■■■■■■        |  90% of 109.7 MiB
2026-01-19T02:19:56.0821922Z |■■■■■■■■■■■■■■■■■■■■■■■■■■■■■■■■■■■■■■■■■■■■■■■■■■■■■■■■■■■■■■■■■■■■■■■■■■■■■■■■| 100% of 109.7 MiB
2026-01-19T02:19:57.8393539Z Chromium Headless Shell 143.0.7499.4 (playwright build v1200) downloaded to /home/runner/.cache/ms-playwright/chromium_headless_shell-1200
2026-01-19T02:19:57.8611256Z ##[group]Run mkdir -p projects/ci_orangehrm_demo
2026-01-19T02:19:57.8611666Z [36;1mmkdir -p projects/ci_orangehrm_demo[0m
2026-01-19T02:19:57.8612036Z [36;1mcat > projects/ci_orangehrm_demo/config.json << 'EOF'[0m
2026-01-19T02:19:57.8612347Z [36;1m{[0m
2026-01-19T02:19:57.8612547Z [36;1m  "project_name": "ci_orangehrm_demo",[0m
2026-01-19T02:19:57.8612943Z [36;1m  "target_url": "https://opensource-demo.orangehrmlive.com/",[0m
2026-01-19T02:19:57.8613477Z [36;1m  "goal": "Test HR management features",[0m
2026-01-19T02:19:57.8613757Z [36;1m  "headless": true[0m
2026-01-19T02:19:57.8613958Z [36;1m}[0m
2026-01-19T02:19:57.8614121Z [36;1mEOF[0m
2026-01-19T02:19:57.8647068Z shell: /usr/bin/bash -e {0}
2026-01-19T02:19:57.8647294Z env:
2026-01-19T02:19:57.8647554Z   pythonLocation: /opt/hostedtoolcache/Python/3.11.14/x64
2026-01-19T02:19:57.8647975Z   PKG_CONFIG_PATH: /opt/hostedtoolcache/Python/3.11.14/x64/lib/pkgconfig
2026-01-19T02:19:57.8648416Z   Python_ROOT_DIR: /opt/hostedtoolcache/Python/3.11.14/x64
2026-01-19T02:19:57.8648790Z   Python2_ROOT_DIR: /opt/hostedtoolcache/Python/3.11.14/x64
2026-01-19T02:19:57.8649154Z   Python3_ROOT_DIR: /opt/hostedtoolcache/Python/3.11.14/x64
2026-01-19T02:19:57.8649514Z   LD_LIBRARY_PATH: /opt/hostedtoolcache/Python/3.11.14/x64/lib
2026-01-19T02:19:57.8649818Z ##[endgroup]
2026-01-19T02:19:57.8752649Z ##[group]Run # Use --deep for comprehensive regression suite
2026-01-19T02:19:57.8753081Z [36;1m# Use --deep for comprehensive regression suite[0m
2026-01-19T02:19:57.8754023Z [36;1mpython orchestrator.py --project projects/ci_orangehrm_demo --deep --force[0m
2026-01-19T02:19:57.8784076Z shell: /usr/bin/bash -e {0}
2026-01-19T02:19:57.8784308Z env:
2026-01-19T02:19:57.8784562Z   pythonLocation: /opt/hostedtoolcache/Python/3.11.14/x64
2026-01-19T02:19:57.8784990Z   PKG_CONFIG_PATH: /opt/hostedtoolcache/Python/3.11.14/x64/lib/pkgconfig
2026-01-19T02:19:57.8785410Z   Python_ROOT_DIR: /opt/hostedtoolcache/Python/3.11.14/x64
2026-01-19T02:19:57.8785778Z   Python2_ROOT_DIR: /opt/hostedtoolcache/Python/3.11.14/x64
2026-01-19T02:19:57.8786299Z   Python3_ROOT_DIR: /opt/hostedtoolcache/Python/3.11.14/x64
2026-01-19T02:19:57.8786666Z   LD_LIBRARY_PATH: /opt/hostedtoolcache/Python/3.11.14/x64/lib
2026-01-19T02:19:57.8787153Z   GOOGLE_API_KEY: ***
2026-01-19T02:19:57.8787370Z   PYTHONPATH: .
2026-01-19T02:19:57.8787548Z ##[endgroup]
2026-01-19T02:19:59.6416304Z 🚀 [DEEP] Extensive mapping enabled (Depth: 3, Pages: 50)
2026-01-19T02:19:59.6416885Z 
2026-01-19T02:19:59.6417780Z 🗺️ [DISCOVERY] Starting Parallel Semantic Crawl on https://opensource-demo.orangehrmlive.com/ (Workers: 3)
2026-01-19T02:20:01.1356841Z   🔍 [Worker 0] Visiting (0): https://opensource-demo.orangehrmlive.com/
2026-01-19T02:20:05.4012352Z [DEBUG] Sending request to gemini-2.0-flash. Number of parts: 1
2026-01-19T02:20:05.4013032Z [DEBUG] Received response (Length: 231)
2026-01-19T02:20:05.4014761Z ✅ Discovery Complete. Mapped 1 pages.
2026-01-19T02:20:18.2165352Z 
2026-01-19T02:20:18.2166183Z [PLAN] PLANNER: Planning goal -> 'Test HR management features' (Deep Mode: True)
2026-01-19T02:20:18.2167461Z 🗺️ [PLAN] Loaded Sitemap with 1 pages.
2026-01-19T02:20:18.2168625Z 🎭 [EXPERT] Detected Domain: SAAS. Persona: Act as a Senior SDET focusing on SaaS platform stability and functional coverage
2026-01-19T02:20:18.2169730Z [DEBUG] Sending request to gemini-2.0-flash. Number of parts: 1
2026-01-19T02:20:18.2170332Z [DEBUG] Received response (Length: 6387)
2026-01-19T02:20:18.2170962Z ✅ Planner generated 3 scenarios. Workflow updated.
2026-01-19T02:20:19.2332438Z 
2026-01-19T02:20:19.2334255Z 🕵️ [DEEP EXPLORER] Starting Multi-Scenario Exploration
2026-01-19T02:20:19.2335171Z 📋 Found 3 scenarios to explore.
2026-01-19T02:20:19.6024884Z 
2026-01-19T02:20:19.6025576Z [1/3] Exploring Scenario: HR Management - Login and Employee Management
2026-01-19T02:20:19.6026419Z     🧠 Initialized exploration context for goal: 'Test HR management features'
2026-01-19T02:20:19.6026924Z   ▶️ [STEP step_1] NAVIGATE: 
2026-01-19T02:20:21.4654631Z     ✅ Navigated to https://opensource-demo.orangehrmlive.com/
2026-01-19T02:20:21.4655242Z   ▶️ [STEP step_2] ASSERT_VISIBLE: Login
2026-01-19T02:20:21.4841105Z     🔍 Mining locators for: 'Login'
2026-01-19T02:20:21.6794755Z     ✅ Found 2 verified locators
2026-01-19T02:20:24.2462600Z     ✅ State transitioned.
2026-01-19T02:20:26.3710656Z [DEBUG] Sending request to gemini-2.0-flash. Number of parts: 2
2026-01-19T02:20:26.3711370Z [DEBUG] Received response (Length: 204)
2026-01-19T02:20:26.3712209Z     🤖 AI Next Step Suggestion: fill -> Username
2026-01-19T02:20:26.3712868Z     🧩 Suggested Locator: input[name='username']
2026-01-19T02:20:26.3714159Z     💭 Reasoning: The username field is visible and needs to be filled with the provided username.
2026-01-19T02:20:26.3715166Z     ➕ Injected AI step: fill -> Username
2026-01-19T02:20:26.3715750Z   ▶️ [STEP step_2_ai_1] FILL: Username
2026-01-19T02:20:26.3788693Z     🎯 Using AI-provided locator: input[name='username']
2026-01-19T02:20:26.3855657Z     ✅ Found 1 verified locators
2026-01-19T02:20:32.0062391Z     ✅ State transitioned.
2026-01-19T02:20:33.9181981Z [DEBUG] Sending request to gemini-2.0-flash. Number of parts: 2
2026-01-19T02:20:33.9182510Z [DEBUG] Received response (Length: 204)
2026-01-19T02:20:33.9183625Z     🤖 AI Next Step Suggestion: fill -> Password
2026-01-19T02:20:33.9184068Z     🧩 Suggested Locator: input[name='password']
2026-01-19T02:20:33.9184623Z     💭 Reasoning: The username has been filled. Now filling the password to proceed with login.
2026-01-19T02:20:33.9185108Z     ➕ Injected AI step: fill -> Password
2026-01-19T02:20:33.9185420Z   ▶️ [STEP step_2_ai_2] FILL: Password
2026-01-19T02:20:33.9242337Z     🎯 Using AI-provided locator: input[name='password']
2026-01-19T02:20:33.9307280Z     ✅ Found 1 verified locators
2026-01-19T02:20:39.8362158Z     ✅ State transitioned.
2026-01-19T02:20:42.2259207Z [DEBUG] Sending request to gemini-2.0-flash. Number of parts: 2
2026-01-19T02:20:42.2259897Z [DEBUG] Received response (Length: 217)
2026-01-19T02:20:42.2261048Z     🤖 AI Next Step Suggestion: click -> Login
2026-01-19T02:20:42.2261634Z     🧩 Suggested Locator: button
2026-01-19T02:20:42.2262956Z     💭 Reasoning: The username and password fields have been filled. Clicking the 'Login' button will attempt to log in and proceed to the next page.
2026-01-19T02:20:42.2264424Z     ➕ Injected AI step: click -> Login
2026-01-19T02:20:42.2264975Z   ▶️ [STEP step_2_ai_3] CLICK: Login
2026-01-19T02:20:42.2320280Z     🎯 Using AI-provided locator: button
2026-01-19T02:20:42.2380640Z     ✅ Found 1 verified locators
2026-01-19T02:20:46.2827441Z     ✅ State transitioned.
2026-01-19T02:20:48.6667918Z [DEBUG] Sending request to gemini-2.0-flash. Number of parts: 2
2026-01-19T02:20:48.6668571Z [DEBUG] Received response (Length: 213)
2026-01-19T02:20:48.6669362Z     🤖 AI Next Step Suggestion: click -> Admin
2026-01-19T02:20:48.6670157Z     🧩 Suggested Locator: a[href*='/web/index.php/admin/viewAdminModule']
2026-01-19T02:20:48.6671271Z     💭 Reasoning: To test HR management features, navigating to the Admin module is a logical next step.
2026-01-19T02:20:48.6672105Z     ➕ Injected AI step: click -> Admin
2026-01-19T02:20:48.6672429Z   ▶️ [STEP step_2_ai_4] CLICK: Admin
2026-01-19T02:20:48.6837483Z     🎯 Using AI-provided locator: a[href*='/web/index.php/admin/viewAdminModule']
2026-01-19T02:20:48.6896886Z     ✅ Found 1 verified locators
2026-01-19T02:20:52.7432941Z     ✅ State transitioned.
2026-01-19T02:20:54.5350000Z [DEBUG] Sending request to gemini-2.0-flash. Number of parts: 2
2026-01-19T02:20:54.5350871Z [DEBUG] Received response (Length: 150)
2026-01-19T02:20:54.5351865Z     🤖 AI Next Step Suggestion: click -> Add
2026-01-19T02:20:54.5352632Z     🧩 Suggested Locator: button:nth-of-type(1)
2026-01-19T02:20:54.5353976Z     💭 Reasoning: To add a new user, I should click the 'Add' button.
2026-01-19T02:20:54.5354864Z     ➕ Injected AI step: click -> Add
2026-01-19T02:20:54.5355412Z   ▶️ [STEP step_2_ai_5] CLICK: Add
2026-01-19T02:20:54.5511980Z     🎯 Using AI-provided locator: button:nth-of-type(1)
2026-01-19T02:20:54.5579257Z     ✅ Found 1 verified locators
2026-01-19T02:20:58.6151958Z     ✅ State transitioned.
2026-01-19T02:21:01.1956513Z [DEBUG] Sending request to gemini-2.0-flash. Number of parts: 2
2026-01-19T02:21:01.1957446Z [DEBUG] Received response (Length: 311)
2026-01-19T02:21:01.1958397Z     🤖 AI Next Step Suggestion: click -> Add
2026-01-19T02:21:01.1959151Z     🧩 Suggested Locator: button:nth-of-type(2)
2026-01-19T02:21:01.1961465Z     💭 Reasoning: The last action was clicking 'Add', which likely opened a form. Since we're back on the user management page, it's likely the form was closed or submitted. To continue adding a user, we need to click 'Add' again.
2026-01-19T02:21:01.1963837Z ⚠️ Loop detected: same AI suggestion repeated 2 times. Moving to next step.
2026-01-19T02:21:01.1964582Z   ▶️ [STEP step_3] FILL: Username
2026-01-19T02:21:01.2020896Z     🔍 Mining locators for: 'Username'
2026-01-19T02:21:01.2753608Z     🧠 Consulting AI (Vision-First) to find 'Username'...
2026-01-19T02:21:01.2763688Z     🔍 Trying smart selectors for 'Username'...
2026-01-19T02:21:01.3044250Z     ⚠️ Smart selectors failed (no unique match). Falling back to AI Vision...
2026-01-19T02:21:01.3044860Z     ⚠️ Critical step failure: name 'time' is not defined
2026-01-19T02:21:01.3045509Z   ▶️ [STEP step_4] FILL: Password
2026-01-19T02:21:01.3104822Z     🔍 Mining locators for: 'Password'
2026-01-19T02:21:01.3758238Z     🧠 Consulting AI (Vision-First) to find 'Password'...
2026-01-19T02:21:01.3759017Z     🔍 Trying smart selectors for 'Password'...
2026-01-19T02:21:01.3985742Z     ⚠️ Smart selectors failed (no unique match). Falling back to AI Vision...
2026-01-19T02:21:01.3986699Z     ⚠️ Critical step failure: name 'time' is not defined
2026-01-19T02:21:01.3987346Z   ▶️ [STEP step_5] CLICK: Login
2026-01-19T02:21:01.4039473Z     🔍 Mining locators for: 'Login'
2026-01-19T02:21:01.5088456Z     🧠 Consulting AI (Vision-First) to find 'Login'...
2026-01-19T02:21:01.5089594Z     🔍 Trying smart selectors for 'Login'...
2026-01-19T02:21:01.5331649Z     ⚠️ Smart selectors failed (no unique match). Falling back to AI Vision...
2026-01-19T02:21:01.5332522Z     ⚠️ Critical step failure: name 'time' is not defined
2026-01-19T02:21:01.5332953Z   ▶️ [STEP step_6] ASSERT_VISIBLE: Dashboard
2026-01-19T02:21:01.5382836Z     🔍 Mining locators for: 'Dashboard'
2026-01-19T02:21:01.6025929Z     ✅ Found 1 verified locators
2026-01-19T02:21:07.1159629Z     ⚠️ Scroll into view failed for text='Dashboard'. Proceeding anyway.
2026-01-19T02:21:09.1182371Z     ✅ State transitioned.
2026-01-19T02:21:11.0434568Z [DEBUG] Sending request to gemini-2.0-flash. Number of parts: 2
2026-01-19T02:21:11.0435300Z [DEBUG] Received response (Length: 271)
2026-01-19T02:21:11.0436124Z     🤖 AI Next Step Suggestion: click -> Add
2026-01-19T02:21:11.0436940Z     🧩 Suggested Locator: button.oxd-button--medium.oxd-button--secondary
2026-01-19T02:21:11.0438627Z     💭 Reasoning: The goal is to test HR management features, and a common task is adding new users. The 'Add' button is visible and allows us to create a new user.
2026-01-19T02:21:11.0442866Z     ➕ Injected AI step: click -> Add
2026-01-19T02:21:11.0443664Z   ▶️ [STEP step_6_ai_1] CLICK: Add
2026-01-19T02:21:11.0498364Z     🎯 Using AI-provided locator: button.oxd-button--medium.oxd-button--secondary
2026-01-19T02:21:11.0560093Z     ✅ Found 1 verified locators
2026-01-19T02:21:15.1106852Z     ✅ State transitioned.
2026-01-19T02:21:15.1186511Z     🔄 Revisited state detected (count: 1)
2026-01-19T02:21:17.0376749Z [DEBUG] Sending request to gemini-2.0-flash. Number of parts: 2
2026-01-19T02:21:17.0377405Z [DEBUG] Received response (Length: 324)
2026-01-19T02:21:17.0378151Z     🤖 AI Next Step Suggestion: click -> Add
2026-01-19T02:21:17.0378895Z     🧩 Suggested Locator: button.oxd-button--medium.oxd-button--secondary
2026-01-19T02:21:17.0380651Z     💭 Reasoning: The goal is to test HR management features, and the current page is the User Management page. Clicking the 'Add' button will allow us to add a new user and further explore the HR management features.
2026-01-19T02:21:17.0382679Z ⚠️ Loop detected: same AI suggestion repeated 2 times. Moving to next step.
2026-01-19T02:21:17.0383105Z   ▶️ [STEP step_7] CLICK: PIM
2026-01-19T02:21:17.0437043Z     🔍 Mining locators for: 'PIM'
2026-01-19T02:21:17.1171282Z     ✅ Found 1 verified locators
2026-01-19T02:21:22.6306142Z     ⚠️ Scroll into view failed for text='PIM'. Proceeding anyway.
2026-01-19T02:21:23.1451258Z     ⚠️ Action failed: Locator.click: Element is not visible
2026-01-19T02:21:23.1451724Z Call log:
2026-01-19T02:21:23.1451944Z   ...
2026-01-19T02:21:26.5727219Z [DEBUG] Sending request to gemini-2.0-flash. Number of parts: 2
2026-01-19T02:21:26.5727631Z [DEBUG] Received response (Length: 157)
2026-01-19T02:21:26.5728171Z   ▶️ [STEP step_8] ASSERT_VISIBLE: Employee List
2026-01-19T02:21:26.5783956Z     🔍 Mining locators for: 'Employee List'
2026-01-19T02:21:26.6410172Z     🧠 Consulting AI (Vision-First) to find 'Employee List'...
2026-01-19T02:21:26.6410932Z     🔍 Trying smart selectors for 'Employee List'...
2026-01-19T02:21:26.6643711Z     ⚠️ Smart selectors failed (no unique match). Falling back to AI Vision...
2026-01-19T02:21:26.6644771Z     ⚠️ Critical step failure: name 'time' is not defined
2026-01-19T02:21:26.6645345Z   ▶️ [STEP step_9] CLICK: Add
2026-01-19T02:21:26.6696739Z     🔍 Mining locators for: 'Add'
2026-01-19T02:21:26.7847190Z     ✅ Found 1 verified locators
2026-01-19T02:21:30.3284219Z     ✅ State transitioned.
2026-01-19T02:21:32.6923768Z [DEBUG] Sending request to gemini-2.0-flash. Number of parts: 2
2026-01-19T02:21:32.6924470Z [DEBUG] Received response (Length: 249)
2026-01-19T02:21:32.6925294Z     🤖 AI Next Step Suggestion: click -> -- Select --
2026-01-19T02:21:32.6926143Z     🧩 Suggested Locator: div:nth-of-type(1) > .oxd-select-text--arrow
2026-01-19T02:21:32.6927572Z     💭 Reasoning: The form 'Add User' is displayed. The first field to fill is 'User Role'. Need to click the dropdown to select a role.
2026-01-19T02:21:32.6931106Z     ➕ Injected AI step: click -> -- Select --
2026-01-19T02:21:32.6931747Z   ▶️ [STEP step_9_ai_1] CLICK: -- Select --
2026-01-19T02:21:32.7076912Z     🎯 Using AI-provided locator: div:nth-of-type(1) > .oxd-select-text--arrow
2026-01-19T02:21:32.7098150Z     🔍 Mining locators for: '-- Select --'
2026-01-19T02:21:32.7780706Z     ✅ Found 1 verified locators
2026-01-19T02:21:36.3281597Z     ✅ State transitioned.
2026-01-19T02:21:38.2933080Z [DEBUG] Sending request to gemini-2.0-flash. Number of parts: 2
2026-01-19T02:21:38.2933999Z [DEBUG] Received response (Length: 286)
2026-01-19T02:21:38.2934807Z     🤖 AI Next Step Suggestion: click -> -- Select --
2026-01-19T02:21:38.2935933Z     🧩 Suggested Locator: div:nth-of-type(1) > div[class='oxd-select-text oxd-select-text--active']
2026-01-19T02:21:38.2937778Z     💭 Reasoning: The form requires selecting a User Role. Clicking the '-- Select --' dropdown is the next logical step to populate this field.
2026-01-19T02:21:38.2939415Z ⚠️ Loop detected: same AI suggestion repeated 2 times. Moving to next step.
2026-01-19T02:21:38.2940325Z   ▶️ [STEP step_10] ASSERT_VISIBLE: Add Employee
2026-01-19T02:21:38.2993856Z     🔍 Mining locators for: 'Add Employee'
2026-01-19T02:21:38.3579186Z     🧠 Consulting AI (Vision-First) to find 'Add Employee'...
2026-01-19T02:21:38.3579817Z     🔍 Trying smart selectors for 'Add Employee'...
2026-01-19T02:21:38.3799176Z     ⚠️ Smart selectors failed (no unique match). Falling back to AI Vision...
2026-01-19T02:21:38.3800106Z     ⚠️ Critical step failure: name 'time' is not defined
2026-01-19T02:21:38.3800753Z   ▶️ [STEP step_11] FILL: First Name
2026-01-19T02:21:38.3854805Z     🔍 Mining locators for: 'First Name'
2026-01-19T02:21:38.4402463Z     🧠 Consulting AI (Vision-First) to find 'First Name'...
2026-01-19T02:21:38.4403488Z     🔍 Trying smart selectors for 'First Name'...
2026-01-19T02:21:38.4621166Z     ⚠️ Smart selectors failed (no unique match). Falling back to AI Vision...
2026-01-19T02:21:38.4621955Z     ⚠️ Critical step failure: name 'time' is not defined
2026-01-19T02:21:38.4622384Z   ▶️ [STEP step_12] FILL: Last Name
2026-01-19T02:21:38.4671303Z     🔍 Mining locators for: 'Last Name'
2026-01-19T02:21:38.5234542Z     🧠 Consulting AI (Vision-First) to find 'Last Name'...
2026-01-19T02:21:38.5235145Z     🔍 Trying smart selectors for 'Last Name'...
2026-01-19T02:21:38.5447551Z     ⚠️ Smart selectors failed (no unique match). Falling back to AI Vision...
2026-01-19T02:21:38.5448418Z     ⚠️ Critical step failure: name 'time' is not defined
2026-01-19T02:21:38.5448848Z   ▶️ [STEP step_13] CLICK: Save
2026-01-19T02:21:38.5496615Z     🔍 Mining locators for: 'Save'
2026-01-19T02:21:38.6172734Z     ✅ Found 2 verified locators
2026-01-19T02:21:42.1593115Z     ✅ State transitioned.
2026-01-19T02:21:42.1655561Z     🔄 Revisited state detected (count: 1)
2026-01-19T02:21:44.0593757Z [DEBUG] Sending request to gemini-2.0-flash. Number of parts: 2
2026-01-19T02:21:44.0594321Z [DEBUG] Received response (Length: 202)
2026-01-19T02:21:44.0595014Z     🤖 AI Next Step Suggestion: click -> -- Select --
2026-01-19T02:21:44.0595687Z     💭 Reasoning: The form requires a value for 'User Role'. Clicking the dropdown will allow selection of a role.
2026-01-19T02:21:44.0596451Z     ➕ Injected AI step: click -> -- Select --
2026-01-19T02:21:44.0596798Z   ▶️ [STEP step_13_ai_1] CLICK: -- Select --
2026-01-19T02:21:44.0652004Z     🔍 Mining locators for: '-- Select --'
2026-01-19T02:21:44.1747423Z     ✅ Found 1 verified locators
2026-01-19T02:21:47.7434626Z     ✅ State transitioned.
2026-01-19T02:21:47.7496085Z     🔄 Revisited state detected (count: 2)
2026-01-19T02:21:49.5828552Z [DEBUG] Sending request to gemini-2.0-flash. Number of parts: 2
2026-01-19T02:21:49.5829273Z [DEBUG] Received response (Length: 216)
2026-01-19T02:21:49.5830072Z     🤖 AI Next Step Suggestion: click -> Save
2026-01-19T02:21:49.5830636Z     🧩 Suggested Locator: text=Save
2026-01-19T02:21:49.5831970Z     💭 Reasoning: The form is almost complete, and the 'Save' button is visible. Clicking it will submit the form and potentially create the user.
2026-01-19T02:21:49.5833841Z     ➕ Injected AI step: click -> Save
2026-01-19T02:21:49.5834415Z   ▶️ [STEP step_13_ai_2] CLICK: Save
2026-01-19T02:21:49.5890699Z     🎯 Using AI-provided locator: text=Save
2026-01-19T02:21:49.5955367Z     ✅ Found 1 verified locators
2026-01-19T02:21:53.1432688Z     ✅ State transitioned.
2026-01-19T02:21:53.1490188Z     🔄 Revisited state detected (count: 3)
2026-01-19T02:21:53.1490937Z     ⚠️ Too many revisits (3). Stopping AI step injection to prevent loops.
2026-01-19T02:21:53.1491505Z   ▶️ [STEP step_14] ASSERT_VISIBLE: Personal Details
2026-01-19T02:21:53.1542584Z     🔍 Mining locators for: 'Personal Details'
2026-01-19T02:21:53.2073331Z     🧠 Consulting AI (Vision-First) to find 'Personal Details'...
2026-01-19T02:21:53.2074165Z     🔍 Trying smart selectors for 'Personal Details'...
2026-01-19T02:21:53.2289312Z     ⚠️ Smart selectors failed (no unique match). Falling back to AI Vision...
2026-01-19T02:21:53.2290231Z     ⚠️ Critical step failure: name 'time' is not defined
2026-01-19T02:21:55.2643337Z 
2026-01-19T02:21:55.2643900Z [2/3] Exploring Scenario: HR Management - Leave Request
2026-01-19T02:21:55.2645042Z     🧠 Initialized exploration context for goal: 'Test HR management features'
2026-01-19T02:21:55.2645815Z   ▶️ [STEP step_1] NAVIGATE: 
2026-01-19T02:21:57.1454230Z     ✅ Navigated to https://opensource-demo.orangehrmlive.com/
2026-01-19T02:21:57.1454981Z   ▶️ [STEP step_2] FILL: Username
2026-01-19T02:21:57.1624600Z     🔍 Mining locators for: 'Username'
2026-01-19T02:21:57.5135492Z     ✅ Found 5 verified locators
2026-01-19T02:22:02.8115671Z     ✅ State transitioned.
2026-01-19T02:22:04.5655628Z [DEBUG] Sending request to gemini-2.0-flash. Number of parts: 2
2026-01-19T02:22:04.5656339Z [DEBUG] Received response (Length: 210)
2026-01-19T02:22:04.5656963Z     🤖 AI Next Step Suggestion: fill -> Password
2026-01-19T02:22:04.5657392Z     🧩 Suggested Locator: input[name='password']
2026-01-19T02:22:04.5657936Z     💭 Reasoning: The username has been filled. Now filling the password field to proceed with login.
2026-01-19T02:22:04.5658434Z     ➕ Injected AI step: fill -> Password
2026-01-19T02:22:04.5658764Z   ▶️ [STEP step_2_ai_1] FILL: Password
2026-01-19T02:22:04.5710337Z     🎯 Using AI-provided locator: input[name='password']
2026-01-19T02:22:04.5766819Z     ✅ Found 1 verified locators
2026-01-19T02:22:10.6598596Z     ✅ State transitioned.
2026-01-19T02:22:12.3260648Z [DEBUG] Sending request to gemini-2.0-flash. Number of parts: 2
2026-01-19T02:22:12.3261294Z [DEBUG] Received response (Length: 245)
2026-01-19T02:22:12.3262100Z     🤖 AI Next Step Suggestion: click -> Login
2026-01-19T02:22:12.3262554Z     🧩 Suggested Locator: button
2026-01-19T02:22:12.3263644Z     💭 Reasoning: Now that the username and password have been entered, the next step is to click the Login button to access the system and begin testing HR management features.
2026-01-19T02:22:12.3264729Z     ➕ Injected AI step: click -> Login
2026-01-19T02:22:12.3265046Z   ▶️ [STEP step_2_ai_2] CLICK: Login
2026-01-19T02:22:12.3324880Z     🎯 Using AI-provided locator: button
2026-01-19T02:22:12.3398521Z     ✅ Found 1 verified locators
2026-01-19T02:22:16.3920175Z     ✅ State transitioned.
2026-01-19T02:22:18.4898683Z [DEBUG] Sending request to gemini-2.0-flash. Number of parts: 2
2026-01-19T02:22:18.4899412Z [DEBUG] Received response (Length: 284)
2026-01-19T02:22:18.4900220Z     🤖 AI Next Step Suggestion: click -> Admin
2026-01-19T02:22:18.4901025Z     🧩 Suggested Locator: a[href*='/web/index.php/admin/viewAdminModule']
2026-01-19T02:22:18.4902702Z     💭 Reasoning: The goal is to test HR management features. From the dashboard, navigating to the Admin section is a logical next step to explore HR-related functionalities.
2026-01-19T02:22:18.4904308Z     ➕ Injected AI step: click -> Admin
2026-01-19T02:22:18.4904858Z   ▶️ [STEP step_2_ai_3] CLICK: Admin
2026-01-19T02:22:18.5062784Z     🎯 Using AI-provided locator: a[href*='/web/index.php/admin/viewAdminModule']
2026-01-19T02:22:18.5118264Z     ✅ Found 1 verified locators
2026-01-19T02:22:22.5746479Z     ✅ State transitioned.
2026-01-19T02:22:24.1594860Z [DEBUG] Sending request to gemini-2.0-flash. Number of parts: 2
2026-01-19T02:22:24.1595476Z [DEBUG] Received response (Length: 148)
2026-01-19T02:22:24.1596009Z     🤖 AI Next Step Suggestion: click -> Add
2026-01-19T02:22:24.1596436Z     💭 Reasoning: To add a new user, I should click the 'Add' button.
2026-01-19T02:22:24.1596827Z     ➕ Injected AI step: click -> Add
2026-01-19T02:22:24.1597128Z   ▶️ [STEP step_2_ai_4] CLICK: Add
2026-01-19T02:22:24.1752017Z     🔍 Mining locators for: 'Add'
2026-01-19T02:22:24.2510046Z     ✅ Found 1 verified locators
2026-01-19T02:22:27.8107474Z     ✅ State transitioned.
2026-01-19T02:22:29.7598909Z [DEBUG] Sending request to gemini-2.0-flash. Number of parts: 2
2026-01-19T02:22:29.7599573Z [DEBUG] Received response (Length: 253)
2026-01-19T02:22:29.7600238Z     🤖 AI Next Step Suggestion: click -> -- Select --
2026-01-19T02:22:29.7600845Z     🧩 Suggested Locator: div:nth-of-type(1) > .oxd-input-group .oxd-select-wrapper .oxd-select-text
2026-01-19T02:22:29.7601601Z     💭 Reasoning: The form requires a User Role to be selected. Clicking the dropdown will reveal the options.
2026-01-19T02:22:29.7602134Z     ➕ Injected AI step: click -> -- Select --
2026-01-19T02:22:29.7602465Z   ▶️ [STEP step_2_ai_5] CLICK: -- Select --
2026-01-19T02:22:29.7752467Z     🎯 Using AI-provided locator: div:nth-of-type(1) > .oxd-input-group .oxd-select-wrapper .oxd-select-text
2026-01-19T02:22:29.7818455Z     ✅ Found 1 verified locators
2026-01-19T02:22:33.8425564Z     ✅ State transitioned.
2026-01-19T02:22:36.4977843Z [DEBUG] Sending request to gemini-2.0-flash. Number of parts: 2
2026-01-19T02:22:36.4978487Z [DEBUG] Received response (Length: 336)
2026-01-19T02:22:36.4979298Z     🤖 AI Next Step Suggestion: click -> -- Select --
2026-01-19T02:22:36.4980483Z     🧩 Suggested Locator: div:nth-child(1) > div.oxd-input-group.oxd-input-field-bottom-space > div > div:nth-child(2)
2026-01-19T02:22:36.4982269Z     💭 Reasoning: The next step is to select a User Role. The previous action was clicking the first '-- Select --' element, so now we need to choose a role from the dropdown.
2026-01-19T02:22:36.4983132Z ⚠️ Loop detected: same AI suggestion repeated 2 times. Moving to next step.
2026-01-19T02:22:36.4983777Z   ▶️ [STEP step_3] FILL: Password
2026-01-19T02:22:36.5033289Z     🔍 Mining locators for: 'Password'
2026-01-19T02:22:36.5602488Z     ✅ Found 1 verified locators
2026-01-19T02:22:41.6988571Z     ✅ State transitioned.
2026-01-19T02:22:41.7047578Z     🔄 Revisited state detected (count: 1)
2026-01-19T02:22:43.3068754Z [DEBUG] Sending request to gemini-2.0-flash. Number of parts: 2
2026-01-19T02:22:43.3069411Z [DEBUG] Received response (Length: 176)
2026-01-19T02:22:43.3070175Z     🤖 AI Next Step Suggestion: fill -> Confirm Password
2026-01-19T02:22:43.3071005Z     💭 Reasoning: Need to fill the confirm password field to complete the form.
2026-01-19T02:22:43.3071462Z     ➕ Injected AI step: fill -> Confirm Password
2026-01-19T02:22:43.3071811Z   ▶️ [STEP step_3_ai_1] FILL: Confirm Password
2026-01-19T02:22:43.3128281Z     🔍 Mining locators for: 'Confirm Password'
2026-01-19T02:22:43.3722152Z     🧠 Consulting AI (Vision-First) to find 'Confirm Password'...
2026-01-19T02:22:43.3723055Z     🔍 Trying smart selectors for 'Confirm Password'...
2026-01-19T02:22:43.3967825Z     ⚠️ Smart selectors failed (no unique match). Falling back to AI Vision...
2026-01-19T02:22:43.3968775Z     ⚠️ Critical step failure: name 'time' is not defined
2026-01-19T02:22:43.3969415Z   ▶️ [STEP step_4] CLICK: Login
2026-01-19T02:22:43.4019952Z     🔍 Mining locators for: 'Login'
2026-01-19T02:22:43.4561841Z     🧠 Consulting AI (Vision-First) to find 'Login'...
2026-01-19T02:22:43.4562594Z     🔍 Trying smart selectors for 'Login'...
2026-01-19T02:22:43.4781428Z     ⚠️ Smart selectors failed (no unique match). Falling back to AI Vision...
2026-01-19T02:22:43.4782459Z     ⚠️ Critical step failure: name 'time' is not defined
2026-01-19T02:22:43.4783341Z   ▶️ [STEP step_5] ASSERT_VISIBLE: Dashboard
2026-01-19T02:22:43.4831609Z     🔍 Mining locators for: 'Dashboard'
2026-01-19T02:22:43.5538021Z     ✅ Found 2 verified locators
2026-01-19T02:22:46.1054117Z     ✅ State transitioned.
2026-01-19T02:22:46.1114482Z     🔄 Revisited state detected (count: 2)
2026-01-19T02:22:48.9371128Z [DEBUG] Sending request to gemini-2.0-flash. Number of parts: 2
2026-01-19T02:22:48.9371780Z [DEBUG] Received response (Length: 164)
2026-01-19T02:22:48.9372547Z     🤖 AI Next Step Suggestion: click -> Save
2026-01-19T02:22:48.9373454Z     💭 Reasoning: The form is complete, so click the save button to submit the form.
2026-01-19T02:22:48.9373916Z     ➕ Injected AI step: click -> Save
2026-01-19T02:22:48.9374232Z   ▶️ [STEP step_5_ai_1] CLICK: Save
2026-01-19T02:22:48.9428092Z     🔍 Mining locators for: 'Save'
2026-01-19T02:22:48.9971328Z     ✅ Found 2 verified locators
2026-01-19T02:22:52.5399163Z     ✅ State transitioned.
2026-01-19T02:22:52.5458960Z     🔄 Revisited state detected (count: 3)
2026-01-19T02:22:52.5459842Z     ⚠️ Too many revisits (3). Stopping AI step injection to prevent loops.
2026-01-19T02:22:52.5460641Z   ▶️ [STEP step_6] CLICK: Leave
2026-01-19T02:22:52.5507513Z     🔍 Mining locators for: 'Leave'
2026-01-19T02:22:52.6541392Z     ✅ Found 2 verified locators
2026-01-19T02:22:56.2086781Z     ✅ State transitioned.
2026-01-19T02:22:57.9115899Z [DEBUG] Sending request to gemini-2.0-flash. Number of parts: 2
2026-01-19T02:22:57.9116549Z [DEBUG] Received response (Length: 227)
2026-01-19T02:22:57.9117318Z     🤖 AI Next Step Suggestion: click -> Search
2026-01-19T02:22:57.9117761Z     🧩 Suggested Locator: button[type='submit']
2026-01-19T02:22:57.9118415Z     💭 Reasoning: Clicking the search button will apply the filters and display the leave list based on the selected criteria.
2026-01-19T02:22:57.9119045Z     ➕ Injected AI step: click -> Search
2026-01-19T02:22:57.9119359Z   ▶️ [STEP step_6_ai_1] CLICK: Search
2026-01-19T02:22:57.9270373Z     🎯 Using AI-provided locator: button[type='submit']
2026-01-19T02:22:57.9330055Z     ✅ Found 1 verified locators
2026-01-19T02:23:02.0052972Z     ✅ State transitioned.
2026-01-19T02:23:03.6795553Z [DEBUG] Sending request to gemini-2.0-flash. Number of parts: 2
2026-01-19T02:23:03.6796267Z [DEBUG] Received response (Length: 271)
2026-01-19T02:23:03.6797088Z     🤖 AI Next Step Suggestion: fill -> Type for hints...
2026-01-19T02:23:03.6797897Z     🧩 Suggested Locator: input[placeholder='Type for hints...']
2026-01-19T02:23:03.6799266Z     💭 Reasoning: To search for an employee's leave, we need to input the employee name. Filling the employee name is the next logical step.
2026-01-19T02:23:03.6800431Z     ➕ Injected AI step: fill -> Type for hints...
2026-01-19T02:23:03.6801063Z   ▶️ [STEP step_6_ai_2] FILL: Type for hints...
2026-01-19T02:23:03.6854142Z     🎯 Using AI-provided locator: input[placeholder='Type for hints...']
2026-01-19T02:23:03.6911111Z     ✅ Found 1 verified locators
2026-01-19T02:23:09.3859340Z     ✅ State transitioned.
2026-01-19T02:23:11.1864867Z [DEBUG] Sending request to gemini-2.0-flash. Number of parts: 2
2026-01-19T02:23:11.1865743Z [DEBUG] Received response (Length: 175)
2026-01-19T02:23:11.1866432Z     🤖 AI Next Step Suggestion: click -> Search
2026-01-19T02:23:11.1866796Z     🧩 Suggested Locator: button[type='submit']
2026-01-19T02:23:11.1867331Z     💭 Reasoning: The employee name is filled, so clicking search will show the leave list.
2026-01-19T02:23:11.1867838Z     ➕ Injected AI step: click -> Search
2026-01-19T02:23:11.1868159Z   ▶️ [STEP step_6_ai_3] CLICK: Search
2026-01-19T02:23:11.1921306Z     🎯 Using AI-provided locator: button[type='submit']
2026-01-19T02:23:11.1979690Z     ✅ Found 1 verified locators
2026-01-19T02:23:15.2366477Z     ✅ State transitioned.
2026-01-19T02:23:15.2429911Z     🔄 Revisited state detected (count: 1)
2026-01-19T02:23:16.8571428Z [DEBUG] Sending request to gemini-2.0-flash. Number of parts: 2
2026-01-19T02:23:16.8572067Z [DEBUG] Received response (Length: 208)
2026-01-19T02:23:16.8572836Z     🤖 AI Next Step Suggestion: click -> Search
2026-01-19T02:23:16.8573731Z     💭 Reasoning: The last action was to fill the employee name and click search. Clicking search again will apply the filter.
2026-01-19T02:23:16.8574461Z ⚠️ Loop detected: same AI suggestion repeated 2 times. Moving to next step.
2026-01-19T02:23:16.8574891Z   ▶️ [STEP step_7] ASSERT_VISIBLE: Apply
2026-01-19T02:23:16.8626583Z     🔍 Mining locators for: 'Apply'
2026-01-19T02:23:16.9373416Z     ✅ Found 2 verified locators
2026-01-19T02:23:19.4870861Z     ✅ State transitioned.
2026-01-19T02:23:19.4939377Z     🔄 Revisited state detected (count: 2)
2026-01-19T02:23:21.8963923Z [DEBUG] Sending request to gemini-2.0-flash. Number of parts: 2
2026-01-19T02:23:21.8964350Z [DEBUG] Received response (Length: 215)
2026-01-19T02:23:21.8965049Z     🤖 AI Next Step Suggestion: CLICK -> Search
2026-01-19T02:23:21.8965703Z     🧩 Suggested Locator: button[type='submit']
2026-01-19T02:23:21.8966339Z     💭 Reasoning: The employee name has been filled. Clicking search will display the leave list for the employee.
2026-01-19T02:23:21.8966915Z     ➕ Injected AI step: CLICK -> Search
2026-01-19T02:23:21.8967243Z   ▶️ [STEP step_7_ai_1] CLICK: Search
2026-01-19T02:23:21.9023457Z     🎯 Using AI-provided locator: button[type='submit']
2026-01-19T02:23:21.9075143Z     ✅ Found 1 verified locators
2026-01-19T02:23:24.9380639Z     ✅ State transitioned.
2026-01-19T02:23:24.9448208Z     🔄 Revisited state detected (count: 3)
2026-01-19T02:23:24.9449058Z     ⚠️ Too many revisits (3). Stopping AI step injection to prevent loops.
2026-01-19T02:23:24.9449792Z   ▶️ [STEP step_8] CLICK: Apply
2026-01-19T02:23:24.9509663Z     🔍 Mining locators for: 'Apply'
2026-01-19T02:23:25.0686329Z     ✅ Found 2 verified locators
2026-01-19T02:23:28.6407961Z     ✅ State transitioned.
2026-01-19T02:23:30.4316065Z [DEBUG] Sending request to gemini-2.0-flash. Number of parts: 2
2026-01-19T02:23:30.4316493Z [DEBUG] Received response (Length: 307)
2026-01-19T02:23:30.4317022Z     🤖 AI Next Step Suggestion: done -> N/A
2026-01-19T02:23:30.4318313Z     💭 Reasoning: The page indicates 'No Leave Types with Leave Balance'. There are no immediate actions to take on this page to apply for leave. The goal of testing HR management features is unlikely to be achieved from this specific page without further configuration or data setup.
2026-01-19T02:23:30.4319544Z   ▶️ [STEP step_9] SELECT: Leave Type
2026-01-19T02:23:30.4461919Z     🔍 Mining locators for: 'Leave Type'
2026-01-19T02:23:30.4890853Z     ✅ Found 1 verified locators
2026-01-19T02:23:33.0209275Z     ✅ State transitioned.
2026-01-19T02:23:35.0437274Z [DEBUG] Sending request to gemini-2.0-flash. Number of parts: 2
2026-01-19T02:23:35.0437937Z [DEBUG] Received response (Length: 262)
2026-01-19T02:23:35.0438716Z     🤖 AI Next Step Suggestion: done -> N/A
2026-01-19T02:23:35.0441410Z     💭 Reasoning: The page indicates 'No Leave Types with Leave Balance'. Further actions on this page are not possible until leave types are configured. The goal of testing HR management features is unlikely to be achieved from this page.
2026-01-19T02:23:35.0443881Z   ▶️ [STEP step_10] FILL: From Date
2026-01-19T02:23:35.0494108Z     🔍 Mining locators for: 'From Date'
2026-01-19T02:23:35.1009690Z     🧠 Consulting AI (Vision-First) to find 'From Date'...
2026-01-19T02:23:35.1010651Z     🔍 Trying smart selectors for 'From Date'...
2026-01-19T02:23:35.1220395Z     ⚠️ Smart selectors failed (no unique match). Falling back to AI Vision...
2026-01-19T02:23:35.1221305Z     ⚠️ Critical step failure: name 'time' is not defined
2026-01-19T02:23:35.1221933Z   ▶️ [STEP step_11] FILL: To Date
2026-01-19T02:23:35.1274926Z     🔍 Mining locators for: 'To Date'
2026-01-19T02:23:35.1687963Z     🧠 Consulting AI (Vision-First) to find 'To Date'...
2026-01-19T02:23:35.1688715Z     🔍 Trying smart selectors for 'To Date'...
2026-01-19T02:23:35.1896520Z     ⚠️ Smart selectors failed (no unique match). Falling back to AI Vision...
2026-01-19T02:23:35.1897485Z     ⚠️ Critical step failure: name 'time' is not defined
2026-01-19T02:23:35.1898111Z   ▶️ [STEP step_12] FILL: Comment
2026-01-19T02:23:35.1943943Z     🔍 Mining locators for: 'Comment'
2026-01-19T02:23:35.2348189Z     🧠 Consulting AI (Vision-First) to find 'Comment'...
2026-01-19T02:23:35.2348956Z     🔍 Trying smart selectors for 'Comment'...
2026-01-19T02:23:35.2557723Z     ⚠️ Smart selectors failed (no unique match). Falling back to AI Vision...
2026-01-19T02:23:35.2558648Z     ⚠️ Critical step failure: name 'time' is not defined
2026-01-19T02:23:35.2559285Z   ▶️ [STEP step_13] CLICK: Apply
2026-01-19T02:23:35.2604755Z     🔍 Mining locators for: 'Apply'
2026-01-19T02:23:35.3366892Z     ✅ Found 3 verified locators
2026-01-19T02:23:38.9128187Z     ✅ State transitioned.
2026-01-19T02:23:38.9474612Z     🔄 Revisited state detected (count: 1)
2026-01-19T02:23:40.3850050Z [DEBUG] Sending request to gemini-2.0-flash. Number of parts: 2
2026-01-19T02:23:40.3850517Z [DEBUG] Received response (Length: 248)
2026-01-19T02:23:40.3851081Z     🤖 AI Next Step Suggestion: done -> N/A
2026-01-19T02:23:40.3852377Z     💭 Reasoning: The page indicates 'No Leave Types with Leave Balance'. There are no further actions possible on this page to apply for leave. The goal of testing HR management features is unlikely to be achieved from here.
2026-01-19T02:23:40.3853804Z   ▶️ [STEP step_14] ASSERT_VISIBLE: Successfully Applied
2026-01-19T02:23:40.3999260Z     🔍 Mining locators for: 'Successfully Applied'
2026-01-19T02:23:40.4515166Z     🧠 Consulting AI (Vision-First) to find 'Successfully Applied'...
2026-01-19T02:23:40.4516104Z     🔍 Trying smart selectors for 'Successfully Applied'...
2026-01-19T02:23:40.4728290Z     ⚠️ Smart selectors failed (no unique match). Falling back to AI Vision...
2026-01-19T02:23:40.4728824Z     ⚠️ Critical step failure: name 'time' is not defined
2026-01-19T02:23:42.5153129Z 
2026-01-19T02:23:42.5153839Z [3/3] Exploring Scenario: HR Management - Recruitment Process
2026-01-19T02:23:42.5155158Z     🧠 Initialized exploration context for goal: 'Test HR management features'
2026-01-19T02:23:42.5156017Z   ▶️ [STEP step_1] NAVIGATE: 
2026-01-19T02:23:44.3629835Z     ✅ Navigated to https://opensource-demo.orangehrmlive.com/
2026-01-19T02:23:44.3630757Z   ▶️ [STEP step_2] FILL: Username
2026-01-19T02:23:44.3805681Z     🔍 Mining locators for: 'Username'
2026-01-19T02:23:44.5728236Z     ✅ Found 5 verified locators
2026-01-19T02:23:49.7398938Z     ✅ State transitioned.
2026-01-19T02:23:49.7849322Z [CACHE HIT] 2a5dfe92... (hits: 1, misses: 29)
2026-01-19T02:23:49.7850289Z     🤖 AI Next Step Suggestion: fill -> Password
2026-01-19T02:23:49.7850970Z     🧩 Suggested Locator: input[name='password']
2026-01-19T02:23:49.7851990Z     💭 Reasoning: The username has been filled. Now filling the password field to proceed with login.
2026-01-19T02:23:49.7853522Z     ➕ Injected AI step: fill -> Password
2026-01-19T02:23:49.7854078Z   ▶️ [STEP step_2_ai_1] FILL: Password
2026-01-19T02:23:49.7900626Z     🎯 Using AI-provided locator: input[name='password']
2026-01-19T02:23:49.7955201Z     ✅ Found 1 verified locators
2026-01-19T02:23:55.7299902Z     ✅ State transitioned.
2026-01-19T02:23:55.7679831Z [CACHE HIT] cc78f28e... (hits: 2, misses: 29)
2026-01-19T02:23:55.7680795Z     🤖 AI Next Step Suggestion: click -> Login
2026-01-19T02:23:55.7681389Z     🧩 Suggested Locator: button
2026-01-19T02:23:55.7682871Z     💭 Reasoning: Now that the username and password have been entered, the next step is to click the Login button to access the system and begin testing HR management features.
2026-01-19T02:23:55.7684466Z     ➕ Injected AI step: click -> Login
2026-01-19T02:23:55.7685009Z   ▶️ [STEP step_2_ai_2] CLICK: Login
2026-01-19T02:23:55.7728726Z     🎯 Using AI-provided locator: button
2026-01-19T02:23:55.7780299Z     ✅ Found 1 verified locators
2026-01-19T02:23:59.8198410Z     ✅ State transitioned.
2026-01-19T02:24:01.8177690Z [DEBUG] Sending request to gemini-2.0-flash. Number of parts: 2
2026-01-19T02:24:01.8178332Z [DEBUG] Received response (Length: 243)
2026-01-19T02:24:01.8179091Z     🤖 AI Next Step Suggestion: click -> PIM
2026-01-19T02:24:01.8179755Z     🧩 Suggested Locator: a[href*='/pim/viewPimModule']
2026-01-19T02:24:01.8180696Z     💭 Reasoning: To test HR management features, navigating to the PIM (Personnel Information Management) module is a logical next step after logging in.
2026-01-19T02:24:01.8181365Z     ➕ Injected AI step: click -> PIM
2026-01-19T02:24:01.8181678Z   ▶️ [STEP step_2_ai_3] CLICK: PIM
2026-01-19T02:24:01.8340042Z     🎯 Using AI-provided locator: a[href*='/pim/viewPimModule']
2026-01-19T02:24:01.8396059Z     ✅ Found 1 verified locators
2026-01-19T02:24:05.8863422Z     ✅ State transitioned.
2026-01-19T02:24:07.9364739Z [DEBUG] Sending request to gemini-2.0-flash. Number of parts: 2
2026-01-19T02:24:07.9365457Z [DEBUG] Received response (Length: 156)
2026-01-19T02:24:07.9366371Z     🤖 AI Next Step Suggestion: click -> + Add
2026-01-19T02:24:07.9367294Z     💭 Reasoning: To add a new employee, I should click the '+ Add' button.
2026-01-19T02:24:07.9368121Z     ➕ Injected AI step: click -> + Add
2026-01-19T02:24:07.9368743Z   ▶️ [STEP step_2_ai_4] CLICK: + Add
2026-01-19T02:24:07.9547539Z     🔍 Mining locators for: '+ Add'
2026-01-19T02:24:08.3067478Z     🧠 Consulting AI (Vision-First) to find '+ Add'...
2026-01-19T02:24:08.3068175Z     🔍 Trying smart selectors for '+ Add'...
2026-01-19T02:24:08.3355667Z     ⚠️ Smart selectors failed (no unique match). Falling back to AI Vision...
2026-01-19T02:24:08.3356521Z     ⚠️ Critical step failure: name 'time' is not defined
2026-01-19T02:24:08.3357117Z   ▶️ [STEP step_3] FILL: Password
2026-01-19T02:24:08.3412686Z     🔍 Mining locators for: 'Password'
2026-01-19T02:24:08.7397174Z     🧠 Consulting AI (Vision-First) to find 'Password'...
2026-01-19T02:24:08.7397889Z     🔍 Trying smart selectors for 'Password'...
2026-01-19T02:24:08.7686548Z     ⚠️ Smart selectors failed (no unique match). Falling back to AI Vision...
2026-01-19T02:24:08.7687396Z     ⚠️ Critical step failure: name 'time' is not defined
2026-01-19T02:24:08.7687852Z   ▶️ [STEP step_4] CLICK: Login
2026-01-19T02:24:08.7743103Z     🔍 Mining locators for: 'Login'
2026-01-19T02:24:09.1239602Z     🧠 Consulting AI (Vision-First) to find 'Login'...
2026-01-19T02:24:09.1240297Z     🔍 Trying smart selectors for 'Login'...
2026-01-19T02:24:09.1515438Z     ⚠️ Smart selectors failed (no unique match). Falling back to AI Vision...
2026-01-19T02:24:09.1516294Z     ⚠️ Critical step failure: name 'time' is not defined
2026-01-19T02:24:09.1516913Z   ▶️ [STEP step_5] ASSERT_VISIBLE: Dashboard
2026-01-19T02:24:09.1570850Z     🔍 Mining locators for: 'Dashboard'
2026-01-19T02:24:09.5630724Z     ✅ Found 2 verified locators
2026-01-19T02:24:12.1029236Z     ✅ State transitioned.
2026-01-19T02:24:14.0015761Z [DEBUG] Sending request to gemini-2.0-flash. Number of parts: 2
2026-01-19T02:24:14.0016879Z [DEBUG] Received response (Length: 156)
2026-01-19T02:24:14.0017753Z     🤖 AI Next Step Suggestion: click -> + Add
2026-01-19T02:24:14.0018594Z     💭 Reasoning: To add a new employee, I should click the '+ Add' button.
2026-01-19T02:24:14.0021792Z ⚠️ Loop detected: same AI suggestion repeated 2 times. Moving to next step.
2026-01-19T02:24:14.0022721Z   ▶️ [STEP step_6] CLICK: Recruitment
2026-01-19T02:24:14.0089310Z     🔍 Mining locators for: 'Recruitment'
2026-01-19T02:24:14.3606990Z     ✅ Found 2 verified locators
2026-01-19T02:24:17.9224855Z     ✅ State transitioned.
2026-01-19T02:24:19.3758412Z [DEBUG] Sending request to gemini-2.0-flash. Number of parts: 2
2026-01-19T02:24:19.3758965Z [DEBUG] Received response (Length: 148)
2026-01-19T02:24:19.3759502Z     🤖 AI Next Step Suggestion: click -> + Add
2026-01-19T02:24:19.3759942Z     💭 Reasoning: To add a new candidate in the recruitment module.
2026-01-19T02:24:19.3760362Z     ➕ Injected AI step: click -> + Add
2026-01-19T02:24:19.3762605Z   ▶️ [STEP step_6_ai_1] CLICK: + Add
2026-01-19T02:24:19.3944561Z     🔍 Mining locators for: '+ Add'
2026-01-19T02:24:19.5866133Z     🧠 Consulting AI (Vision-First) to find '+ Add'...
2026-01-19T02:24:19.5866577Z     🔍 Trying smart selectors for '+ Add'...
2026-01-19T02:24:19.6155194Z     ⚠️ Smart selectors failed (no unique match). Falling back to AI Vision...
2026-01-19T02:24:19.6155842Z     ⚠️ Critical step failure: name 'time' is not defined
2026-01-19T02:24:19.6156224Z   ▶️ [STEP step_7] ASSERT_VISIBLE: Candidates
2026-01-19T02:24:19.6214371Z     🔍 Mining locators for: 'Candidates'
2026-01-19T02:24:19.8224675Z     ✅ Found 2 verified locators
2026-01-19T02:24:22.3520334Z     ✅ State transitioned.
2026-01-19T02:24:24.7430859Z [DEBUG] Sending request to gemini-2.0-flash. Number of parts: 2
2026-01-19T02:24:24.7431510Z [DEBUG] Received response (Length: 146)
2026-01-19T02:24:24.7432307Z     🤖 AI Next Step Suggestion: click -> + Add
2026-01-19T02:24:24.7432984Z     💭 Reasoning: To add a new candidate to the recruitment list.
2026-01-19T02:24:24.7433737Z ⚠️ Loop detected: same AI suggestion repeated 2 times. Moving to next step.
2026-01-19T02:24:24.7434161Z   ▶️ [STEP step_8] CLICK: Add
2026-01-19T02:24:24.7498120Z     🔍 Mining locators for: 'Add'
2026-01-19T02:24:24.9104706Z     ✅ Found 1 verified locators
2026-01-19T02:24:28.4709187Z     ✅ State transitioned.
2026-01-19T02:24:30.2045937Z [DEBUG] Sending request to gemini-2.0-flash. Number of parts: 2
2026-01-19T02:24:30.2046572Z [DEBUG] Received response (Length: 181)
2026-01-19T02:24:30.2047401Z     🤖 AI Next Step Suggestion: fill -> First Name
2026-01-19T02:24:30.2048032Z     🧩 Suggested Locator: input[name='firstName']
2026-01-19T02:24:30.2048572Z     💭 Reasoning: Filling the first name field in the Add Candidate form.
2026-01-19T02:24:30.2049003Z     ➕ Injected AI step: fill -> First Name
2026-01-19T02:24:30.2049326Z   ▶️ [STEP step_8_ai_1] FILL: First Name
2026-01-19T02:24:30.2191151Z     🎯 Using AI-provided locator: input[name='firstName']
2026-01-19T02:24:30.2255820Z     ✅ Found 1 verified locators
2026-01-19T02:24:35.5152025Z     ✅ State transitioned.
2026-01-19T02:24:37.3025330Z [DEBUG] Sending request to gemini-2.0-flash. Number of parts: 2
2026-01-19T02:24:37.3025871Z [DEBUG] Received response (Length: 174)
2026-01-19T02:24:37.3026754Z     🤖 AI Next Step Suggestion: fill -> Last Name
2026-01-19T02:24:37.3027159Z     🧩 Suggested Locator: input[name='lastName']
2026-01-19T02:24:37.3027579Z     💭 Reasoning: The form requires a last name after the first name.
2026-01-19T02:24:37.3027975Z     ➕ Injected AI step: fill -> Last Name
2026-01-19T02:24:37.3028287Z   ▶️ [STEP step_8_ai_2] FILL: Last Name
2026-01-19T02:24:37.3084018Z     🎯 Using AI-provided locator: input[name='lastName']
2026-01-19T02:24:37.3145662Z     ✅ Found 1 verified locators
2026-01-19T02:24:42.7959588Z     ✅ State transitioned.
2026-01-19T02:24:44.5244491Z [DEBUG] Sending request to gemini-2.0-flash. Number of parts: 2
2026-01-19T02:24:44.5245393Z [DEBUG] Received response (Length: 176)
2026-01-19T02:24:44.5246067Z     🤖 AI Next Step Suggestion: fill -> Middle Name
2026-01-19T02:24:44.5246455Z     🧩 Suggested Locator: input[name='middleName']
2026-01-19T02:24:44.5246891Z     💭 Reasoning: Filling the middle name field to complete the form.
2026-01-19T02:24:44.5247301Z     ➕ Injected AI step: fill -> Middle Name
2026-01-19T02:24:44.5247638Z   ▶️ [STEP step_8_ai_3] FILL: Middle Name
2026-01-19T02:24:44.5301849Z     🎯 Using AI-provided locator: input[name='middleName']
2026-01-19T02:24:44.5357141Z     ✅ Found 1 verified locators
2026-01-19T02:24:49.7088461Z     ✅ State transitioned.
2026-01-19T02:24:51.4699514Z [DEBUG] Sending request to gemini-2.0-flash. Number of parts: 2
2026-01-19T02:24:51.4700097Z [DEBUG] Received response (Length: 245)
2026-01-19T02:24:51.4700777Z     🤖 AI Next Step Suggestion: click -> -- Select --
2026-01-19T02:24:51.4701464Z     🧩 Suggested Locator: div:nth-of-type(2) > div > div.oxd-select-wrapper > div.oxd-select-text.oxd-select-text--active
2026-01-19T02:24:51.4702196Z     💭 Reasoning: The next logical step is to select a vacancy for the candidate.
2026-01-19T02:24:51.4702625Z     ➕ Injected AI step: click -> -- Select --
2026-01-19T02:24:51.4702941Z   ▶️ [STEP step_8_ai_4] CLICK: -- Select --
2026-01-19T02:24:51.4754081Z     🎯 Using AI-provided locator: div:nth-of-type(2) > div > div.oxd-select-wrapper > div.oxd-select-text.oxd-select-text--active
2026-01-19T02:24:51.4774093Z     🔍 Mining locators for: '-- Select --'
2026-01-19T02:24:51.5433563Z     ✅ Found 1 verified locators
2026-01-19T02:24:55.1038770Z     ✅ State transitioned.
2026-01-19T02:24:55.1100092Z     🔄 Revisited state detected (count: 1)
2026-01-19T02:24:57.2674753Z [DEBUG] Sending request to gemini-2.0-flash. Number of parts: 2
2026-01-19T02:24:57.2675417Z [DEBUG] Received response (Length: 325)
2026-01-19T02:24:57.2676233Z     🤖 AI Next Step Suggestion: click -> -- Select --
2026-01-19T02:24:57.2677788Z     🧩 Suggested Locator: div:nth-child(1) > div.oxd-input-group.oxd-input-field-bottom-space > div > div:nth-child(2) > div > div > div.oxd-select-text.oxd-select-text--active
2026-01-19T02:24:57.2679362Z     💭 Reasoning: The vacancy field needs to be filled. Clicking the select element will open the options.
2026-01-19T02:24:57.2680044Z ⚠️ Loop detected: same AI suggestion repeated 2 times. Moving to next step.
2026-01-19T02:24:57.2680506Z   ▶️ [STEP step_9] ASSERT_VISIBLE: Add Candidate
2026-01-19T02:24:57.2730081Z     🔍 Mining locators for: 'Add Candidate'
2026-01-19T02:24:57.3382297Z     ✅ Found 1 verified locators
2026-01-19T02:24:59.8832522Z     ✅ State transitioned.
2026-01-19T02:24:59.8895660Z     🔄 Revisited state detected (count: 2)
2026-01-19T02:25:01.4275442Z [DEBUG] Sending request to gemini-2.0-flash. Number of parts: 2
2026-01-19T02:25:01.4276117Z [DEBUG] Received response (Length: 149)
2026-01-19T02:25:01.4277013Z     🤖 AI Next Step Suggestion: click -> -- Select --
2026-01-19T02:25:01.4277798Z     💭 Reasoning: Need to select a vacancy for the candidate.
2026-01-19T02:25:01.4278571Z     ➕ Injected AI step: click -> -- Select --
2026-01-19T02:25:01.4279188Z   ▶️ [STEP step_9_ai_1] CLICK: -- Select --
2026-01-19T02:25:01.4335912Z     🔍 Mining locators for: '-- Select --'
2026-01-19T02:25:01.5016068Z     ✅ Found 2 verified locators
2026-01-19T02:25:05.0678125Z     ✅ State transitioned.
2026-01-19T02:25:05.0739319Z     🔄 Revisited state detected (count: 3)
2026-01-19T02:25:05.0740184Z     ⚠️ Too many revisits (3). Stopping AI step injection to prevent loops.
2026-01-19T02:25:05.0740945Z   ▶️ [STEP step_10] FILL: First Name
2026-01-19T02:25:05.0787854Z     🔍 Mining locators for: 'First Name'
2026-01-19T02:25:05.1793707Z     ✅ Found 3 verified locators
2026-01-19T02:25:10.5416694Z     ✅ State transitioned.
2026-01-19T02:25:12.3450584Z [DEBUG] Sending request to gemini-2.0-flash. Number of parts: 2
2026-01-19T02:25:12.3451288Z [DEBUG] Received response (Length: 178)
2026-01-19T02:25:12.3451880Z     🤖 AI Next Step Suggestion: click -> -- Select --
2026-01-19T02:25:12.3452570Z     🧩 Suggested Locator: div[class*='select-wrapper']
2026-01-19T02:25:12.3453092Z     💭 Reasoning: The next logical step is to select a vacancy from the dropdown.
2026-01-19T02:25:12.3453947Z ⚠️ Loop detected: same AI suggestion repeated 2 times. Moving to next step.
2026-01-19T02:25:12.3454566Z   ▶️ [STEP step_11] FILL: Last Name
2026-01-19T02:25:12.3506977Z     🔍 Mining locators for: 'Last Name'
2026-01-19T02:25:12.4131016Z     ✅ Found 3 verified locators
2026-01-19T02:25:18.1304293Z     ✅ State transitioned.
2026-01-19T02:25:19.7310227Z [DEBUG] Sending request to gemini-2.0-flash. Number of parts: 2
2026-01-19T02:25:19.7310874Z [DEBUG] Received response (Length: 178)
2026-01-19T02:25:19.7311673Z     🤖 AI Next Step Suggestion: click -> -- Select --
2026-01-19T02:25:19.7312097Z     🧩 Suggested Locator: div[class*='select-wrapper']
2026-01-19T02:25:19.7312578Z     💭 Reasoning: The next logical step is to select a vacancy from the dropdown.
2026-01-19T02:25:19.7313055Z     ➕ Injected AI step: click -> -- Select --
2026-01-19T02:25:19.7313584Z   ▶️ [STEP step_11_ai_1] CLICK: -- Select --
2026-01-19T02:25:19.7363674Z     🎯 Using AI-provided locator: div[class*='select-wrapper']
2026-01-19T02:25:19.7419317Z     ✅ Found 1 verified locators
2026-01-19T02:25:23.7852353Z     ✅ State transitioned.
2026-01-19T02:25:23.7915601Z     🔄 Revisited state detected (count: 1)
2026-01-19T02:25:25.8781619Z [DEBUG] Sending request to gemini-2.0-flash. Number of parts: 2
2026-01-19T02:25:25.8782346Z [DEBUG] Received response (Length: 280)
2026-01-19T02:25:25.8783417Z     🤖 AI Next Step Suggestion: click -> -- Select --
2026-01-19T02:25:25.8785056Z     🧩 Suggested Locator: div:nth-child(1) > div.oxd-input-group.oxd-input-field-bottom-space > div > div:nth-child(2) > div > div > div.oxd-select-text.oxd-select-text--active
2026-01-19T02:25:25.8786554Z     💭 Reasoning: Need to select a vacancy for the candidate.
2026-01-19T02:25:25.8787405Z ⚠️ Loop detected: same AI suggestion repeated 2 times. Moving to next step.
2026-01-19T02:25:25.8788190Z   ▶️ [STEP step_12] FILL: Email
2026-01-19T02:25:25.8838428Z     🔍 Mining locators for: 'Email'
2026-01-19T02:25:25.9304910Z     🧠 Consulting AI (Vision-First) to find 'Email'...
2026-01-19T02:25:25.9305658Z     🔍 Trying smart selectors for 'Email'...
2026-01-19T02:25:25.9554122Z     ⚠️ Smart selectors failed (no unique match). Falling back to AI Vision...
2026-01-19T02:25:25.9555085Z     ⚠️ Critical step failure: name 'time' is not defined
2026-01-19T02:25:25.9555720Z   ▶️ [STEP step_13] CLICK: Save
2026-01-19T02:25:25.9602819Z     🔍 Mining locators for: 'Save'
2026-01-19T02:25:26.0231789Z     ✅ Found 2 verified locators
2026-01-19T02:25:29.5704699Z     ✅ State transitioned.
2026-01-19T02:25:29.5766769Z     🔄 Revisited state detected (count: 2)
2026-01-19T02:25:31.2769636Z [DEBUG] Sending request to gemini-2.0-flash. Number of parts: 2
2026-01-19T02:25:31.2770220Z [DEBUG] Received response (Length: 189)
2026-01-19T02:25:31.2771000Z     🤖 AI Next Step Suggestion: fill -> Middle Name
2026-01-19T02:25:31.2771436Z     🧩 Suggested Locator: input[name='middleName']
2026-01-19T02:25:31.2771868Z     💭 Reasoning: Filling the middle name field to complete the form.
2026-01-19T02:25:31.2772275Z     ➕ Injected AI step: fill -> Middle Name
2026-01-19T02:25:31.2772874Z   ▶️ [STEP step_13_ai_1] FILL: Middle Name
2026-01-19T02:25:31.2825795Z     🎯 Using AI-provided locator: input[name='middleName']
2026-01-19T02:25:31.2877604Z     ✅ Found 1 verified locators
2026-01-19T02:25:38.4340311Z     ✅ State transitioned.
2026-01-19T02:25:39.9599995Z [DEBUG] Sending request to gemini-2.0-flash. Number of parts: 2
2026-01-19T02:25:39.9600620Z [DEBUG] Received response (Length: 172)
2026-01-19T02:25:39.9601425Z     🤖 AI Next Step Suggestion: fill -> Email*
2026-01-19T02:25:39.9602034Z     🧩 Suggested Locator: input
2026-01-19T02:25:39.9602765Z     💭 Reasoning: The email field is required and has not been filled yet.
2026-01-19T02:25:39.9603720Z     ➕ Injected AI step: fill -> Email*
2026-01-19T02:25:39.9604588Z   ▶️ [STEP step_13_ai_2] FILL: Email*
2026-01-19T02:25:39.9657970Z     🎯 Using AI-provided locator: input
2026-01-19T02:25:39.9719319Z     ✅ Found 1 verified locators
2026-01-19T02:25:46.6745422Z     ✅ State transitioned.
2026-01-19T02:25:48.1806512Z [DEBUG] Sending request to gemini-2.0-flash. Number of parts: 2
2026-01-19T02:25:48.1807058Z [DEBUG] Received response (Length: 158)
2026-01-19T02:25:48.1807617Z     🤖 AI Next Step Suggestion: fill -> Type here
2026-01-19T02:25:48.1808040Z     💭 Reasoning: Fill the email field to complete the form.
2026-01-19T02:25:48.1808402Z     ➕ Injected AI step: fill -> Type here
2026-01-19T02:25:48.1808713Z   ▶️ [STEP step_13_ai_3] FILL: Type here
2026-01-19T02:25:48.1861268Z     🔍 Mining locators for: 'Type here'
2026-01-19T02:25:48.2930530Z     ✅ Found 2 verified locators
2026-01-19T02:25:54.0606997Z     ✅ State transitioned.
2026-01-19T02:25:55.6890877Z [DEBUG] Sending request to gemini-2.0-flash. Number of parts: 2
2026-01-19T02:25:55.6891348Z [DEBUG] Received response (Length: 171)
2026-01-19T02:25:55.6892099Z     🤖 AI Next Step Suggestion: fill -> First Name
2026-01-19T02:25:55.6892461Z     🧩 Suggested Locator: [name='firstName']
2026-01-19T02:25:55.6892855Z     💭 Reasoning: The form requires a first name to be entered.
2026-01-19T02:25:55.6893417Z     ➕ Injected AI step: fill -> First Name
2026-01-19T02:25:55.6893739Z   ▶️ [STEP step_13_ai_4] FILL: First Name
2026-01-19T02:25:55.6948459Z     🎯 Using AI-provided locator: [name='firstName']
2026-01-19T02:25:55.7007812Z     ✅ Found 1 verified locators
2026-01-19T02:26:01.6121670Z     ✅ State transitioned.
2026-01-19T02:26:03.2745783Z [DEBUG] Sending request to gemini-2.0-flash. Number of parts: 2
2026-01-19T02:26:03.2746322Z [DEBUG] Received response (Length: 217)
2026-01-19T02:26:03.2746985Z     🤖 AI Next Step Suggestion: fill -> Last Name
2026-01-19T02:26:03.2747341Z     🧩 Suggested Locator: [name='lastName']
2026-01-19T02:26:03.2747905Z     💭 Reasoning: The first name and middle name are filled. Filling the last name to complete the full name.
2026-01-19T02:26:03.2748462Z     ➕ Injected AI step: fill -> Last Name
2026-01-19T02:26:03.2748782Z   ▶️ [STEP step_13_ai_5] FILL: Last Name
2026-01-19T02:26:03.2801961Z     🎯 Using AI-provided locator: [name='lastName']
2026-01-19T02:26:03.2864950Z     ✅ Found 1 verified locators
2026-01-19T02:26:09.1615936Z     ✅ State transitioned.
2026-01-19T02:26:10.7966397Z [DEBUG] Sending request to gemini-2.0-flash. Number of parts: 2
2026-01-19T02:26:10.7967086Z [DEBUG] Received response (Length: 170)
2026-01-19T02:26:10.7967885Z     🤖 AI Next Step Suggestion: fill -> Type here
2026-01-19T02:26:10.7968691Z     💭 Reasoning: Filling the contact number field to complete the form.
2026-01-19T02:26:10.7969434Z     ➕ Injected AI step: fill -> Type here
2026-01-19T02:26:10.7969985Z   ▶️ [STEP step_13_ai_6] FILL: Type here
2026-01-19T02:26:10.8024919Z     🔍 Mining locators for: 'Type here'
2026-01-19T02:26:10.8758957Z     ✅ Found 2 verified locators
2026-01-19T02:26:17.3961314Z     ✅ State transitioned.
2026-01-19T02:26:18.9420236Z [DEBUG] Sending request to gemini-2.0-flash. Number of parts: 2
2026-01-19T02:26:18.9420821Z [DEBUG] Received response (Length: 161)
2026-01-19T02:26:18.9421397Z     🤖 AI Next Step Suggestion: fill -> Type here
2026-01-19T02:26:18.9422165Z     💭 Reasoning: Fill the contact number field to complete the form.
2026-01-19T02:26:18.9422746Z ⚠️ Loop detected: same AI suggestion repeated 2 times. Moving to next step.
2026-01-19T02:26:18.9423449Z   ▶️ [STEP step_14] ASSERT_VISIBLE: Candidate Details
2026-01-19T02:26:18.9475989Z     🔍 Mining locators for: 'Candidate Details'
2026-01-19T02:26:18.9951447Z     🧠 Consulting AI (Vision-First) to find 'Candidate Details'...
2026-01-19T02:26:18.9952266Z     🔍 Trying smart selectors for 'Candidate Details'...
2026-01-19T02:26:19.0178000Z     ⚠️ Smart selectors failed (no unique match). Falling back to AI Vision...
2026-01-19T02:26:19.0178580Z     ⚠️ Critical step failure: name 'time' is not defined
2026-01-19T02:26:21.0544537Z 🗂️  All generated tests written to /home/runner/work/build_qa_automation/build_qa_automation/projects/ci_orangehrm_demo/tests/generated_scenarios.json
2026-01-19T02:26:21.0562365Z 🔄 Updated workflow.json with discovered steps and locators.
2026-01-19T02:26:21.0562827Z 
2026-01-19T02:26:21.0563129Z ✅ Deep Exploration Complete.
2026-01-19T02:33:38.7584370Z 
2026-01-19T02:33:38.7585257Z 🚀 [EXECUTE] Starting Automation Execution Engine
2026-01-19T02:33:38.7585970Z 📍 Project: ci_orangehrm_demo
2026-01-19T02:33:38.7586455Z 🎬 Mode: Headless
2026-01-19T02:33:38.7586947Z 
2026-01-19T02:33:38.7587378Z --- Scenario: HR Management - Login and Employee Management ---
2026-01-19T02:33:38.7588297Z   ▶️ [STEP step_1] NAVIGATE: Step step_1
2026-01-19T02:33:38.7588789Z     ✅ Step step_1 Passed.
2026-01-19T02:33:38.7589193Z   ▶️ [STEP step_2] ASSERT_VISIBLE: Login
2026-01-19T02:33:38.7589975Z     ⚠️ Mined locators not found on page. Falling back to semantic search.
2026-01-19T02:33:38.7591217Z     ❌ Attempt 1 failed (element_not_found): Locator expected to be visible
2026-01-19T02:33:38.7592022Z Actual value: None
2026-01-19T02:33:38.7592571Z Error: strict mode violation: locator("text=Login"...
2026-01-19T02:33:38.7593712Z     🔧 [AUTO-HEAL] Re-mining page to find 'Login'...
2026-01-19T02:33:38.7594497Z [DEBUG] Sending request to gemini-2.0-flash. Number of parts: 2
2026-01-19T02:33:38.7595248Z [DEBUG] Received response (Length: 769)
2026-01-19T02:33:38.7606650Z     ✨ AI successfully healed the step! Found 3 alternatives.
2026-01-19T02:33:38.7607168Z     ✨ AI successfully healed the step! New selector: button[type='submit']
2026-01-19T02:33:38.7607576Z     ✅ Step step_2 Passed.
2026-01-19T02:33:38.7607855Z   ▶️ [STEP step_2_ai_1] FILL: Username
2026-01-19T02:33:38.7608189Z     🎯 Using mined locator: input[name='username']
2026-01-19T02:33:38.7608510Z     ✅ Step step_2_ai_1 Passed.
2026-01-19T02:33:38.7608787Z   ▶️ [STEP step_2_ai_2] FILL: Password
2026-01-19T02:33:38.7609113Z     🎯 Using mined locator: input[name='password']
2026-01-19T02:33:38.7609442Z     ✅ Step step_2_ai_2 Passed.
2026-01-19T02:33:38.7609700Z   ▶️ [STEP step_2_ai_3] CLICK: Login
2026-01-19T02:33:38.7609976Z     🎯 Using mined locator: button
2026-01-19T02:33:38.7610240Z     ✅ Step step_2_ai_3 Passed.
2026-01-19T02:33:38.7610506Z   ▶️ [STEP step_2_ai_4] CLICK: Admin
2026-01-19T02:33:38.7610890Z     ⚠️ Mined locators not found on page. Falling back to semantic search.
2026-01-19T02:33:38.7611265Z     ✅ Step step_2_ai_4 Passed.
2026-01-19T02:33:38.7611515Z   ▶️ [STEP step_2_ai_5] CLICK: Add
2026-01-19T02:33:38.7611888Z     ⚠️ Mined locators not found on page. Falling back to semantic search.
2026-01-19T02:33:38.7612247Z     ✅ Step step_2_ai_5 Passed.
2026-01-19T02:33:38.7612500Z   ▶️ [STEP step_3] FILL: Username
2026-01-19T02:33:38.7612760Z     ✅ Step step_3 Passed.
2026-01-19T02:33:38.7613020Z   ▶️ [STEP step_4] FILL: Password
2026-01-19T02:33:38.7613520Z     ✅ Step step_4 Passed.
2026-01-19T02:33:38.7613771Z   ▶️ [STEP step_5] CLICK: Login
2026-01-19T02:33:38.7614515Z     ❌ Attempt 1 failed (element_not_found): Locator.bounding_box: Timeout 30000ms exceeded.
2026-01-19T02:33:38.7614917Z Call log:
2026-01-19T02:33:38.7615102Z   - waiting for locator("text=Login")
2026-01-19T02:33:38.7615335Z ...
2026-01-19T02:33:38.7615743Z     🔧 [AUTO-HEAL] Re-mining page to find 'Login'...
2026-01-19T02:33:38.7616117Z [DEBUG] Sending request to gemini-2.0-flash. Number of parts: 2
2026-01-19T02:33:38.7616470Z [DEBUG] Received response (Length: 640)
2026-01-19T02:33:38.7616832Z     ✨ AI successfully healed the step! Found 2 alternatives.
2026-01-19T02:33:38.7617309Z     ✨ AI successfully healed the step! New selector: #menu_admin_viewAdminModule
2026-01-19T02:33:38.7617922Z     ❌ Attempt 2 failed (element_not_found): Locator.bounding_box: Timeout 30000ms exceeded.
2026-01-19T02:33:38.7618320Z Call log:
2026-01-19T02:33:38.7618518Z   - waiting for locator("#menu_admin_viewA...
2026-01-19T02:33:38.7618864Z     🔧 [AUTO-HEAL] Re-mining page to find 'Login'...
2026-01-19T02:33:38.7619216Z [CACHE HIT] c173e2d9... (hits: 1, misses: 2)
2026-01-19T02:33:38.7619579Z     ✨ AI successfully healed the step! Found 2 alternatives.
2026-01-19T02:33:38.7620051Z     ✨ AI successfully healed the step! New selector: #menu_admin_viewAdminModule
2026-01-19T02:33:38.7620631Z     ❌ Attempt 3 failed (element_not_found): Locator.bounding_box: Timeout 30000ms exceeded.
2026-01-19T02:33:38.7621019Z Call log:
2026-01-19T02:33:38.7621212Z   - waiting for locator("#menu_admin_viewA...
2026-01-19T02:33:38.7621528Z     💀 Step step_5 failed after all retries.
2026-01-19T02:33:38.7621992Z 🛑 Scenario 'HR Management - Login and Employee Management' aborted due to step failure.
2026-01-19T02:33:38.7622330Z 
2026-01-19T02:33:38.7622443Z --- Scenario: HR Management - Leave Request ---
2026-01-19T02:33:38.7622768Z   ▶️ [STEP step_1] NAVIGATE: Step step_1
2026-01-19T02:33:38.7623050Z     ✅ Step step_1 Passed.
2026-01-19T02:33:38.7623488Z   ▶️ [STEP step_2] FILL: Username
2026-01-19T02:33:38.7623929Z     ⚠️ Mined locators not found on page. Falling back to semantic search.
2026-01-19T02:33:38.7624671Z     ❌ Attempt 1 failed (unknown): Locator.scroll_into_view_if_needed: Error: strict mode violation: locator("text=Username") resolved ...
2026-01-19T02:33:38.7625327Z     🔧 [AUTO-HEAL] Re-mining page to find 'Username'...
2026-01-19T02:33:38.7625716Z [DEBUG] Sending request to gemini-2.0-flash. Number of parts: 2
2026-01-19T02:33:38.7626148Z [DEBUG] Received response (Length: 569)
2026-01-19T02:33:38.7626507Z     ✨ AI successfully healed the step! Found 2 alternatives.
2026-01-19T02:33:38.7626959Z     ✨ AI successfully healed the step! New selector: input[name='username']
2026-01-19T02:33:38.7627342Z     ✅ Step step_2 Passed.
2026-01-19T02:33:38.7627608Z   ▶️ [STEP step_2_ai_1] FILL: Password
2026-01-19T02:33:38.7627931Z     🎯 Using mined locator: input[name='password']
2026-01-19T02:33:38.7628235Z     ✅ Step step_2_ai_1 Passed.
2026-01-19T02:33:38.7628496Z   ▶️ [STEP step_2_ai_2] CLICK: Login
2026-01-19T02:33:38.7628783Z     🎯 Using mined locator: button
2026-01-19T02:33:38.7629048Z     ✅ Step step_2_ai_2 Passed.
2026-01-19T02:33:38.7629298Z   ▶️ [STEP step_2_ai_3] CLICK: Admin
2026-01-19T02:33:38.7629681Z     ⚠️ Mined locators not found on page. Falling back to semantic search.
2026-01-19T02:33:38.7630060Z     ✅ Step step_2_ai_3 Passed.
2026-01-19T02:33:38.7630311Z   ▶️ [STEP step_2_ai_4] CLICK: Add
2026-01-19T02:33:38.7632571Z     ⚠️ Mined locators not found on page. Falling back to semantic search.
2026-01-19T02:33:38.7633455Z     ✅ Step step_2_ai_4 Passed.
2026-01-19T02:33:38.7633951Z   ▶️ [STEP step_2_ai_5] CLICK: -- Select --
2026-01-19T02:33:38.7634656Z     ⚠️ Mined locators not found on page. Falling back to semantic search.
2026-01-19T02:33:38.7635910Z     ❌ Attempt 1 failed (unknown): Locator.bounding_box: Error: strict mode violation: locator("text=-- Select --") resolved to 2 eleme...
2026-01-19T02:33:38.7636611Z     🔧 [AUTO-HEAL] Re-mining page to find '-- Select --'...
2026-01-19T02:33:38.7637207Z [DEBUG] Sending request to gemini-2.0-flash. Number of parts: 2
2026-01-19T02:33:38.7637546Z [DEBUG] Received response (Length: 1063)
2026-01-19T02:33:38.7637917Z     ✨ AI successfully healed the step! Found 3 alternatives.
2026-01-19T02:33:38.7638998Z     ✨ AI successfully healed the step! New selector: div:nth-child(1) > div.oxd-input-group.oxd-input-field-bottom-space > div:nth-child(2) > div > div.oxd-select-text.oxd-select-text--active
2026-01-19T02:33:38.7639819Z     ✅ Step step_2_ai_5 Passed.
2026-01-19T02:33:38.7640090Z   ▶️ [STEP step_3] FILL: Password
2026-01-19T02:33:38.7640711Z     🎯 Using mined locator: text=For a strong password, please use a hard to guess combination of text with upper and lower case char
2026-01-19T02:33:38.7641279Z     ✅ Step step_3 Passed.
2026-01-19T02:33:38.7641554Z   ▶️ [STEP step_3_ai_1] FILL: Confirm Password
2026-01-19T02:33:38.7641851Z     ✅ Step step_3_ai_1 Passed.
2026-01-19T02:33:38.7642105Z   ▶️ [STEP step_4] CLICK: Login
2026-01-19T02:33:38.7642561Z     ❌ Attempt 1 failed (element_not_found): Locator.bounding_box: Timeout 30000ms exceeded.
2026-01-19T02:33:38.7642956Z Call log:
2026-01-19T02:33:38.7643314Z   - waiting for locator("text=Login")
2026-01-19T02:33:38.7643591Z ...
2026-01-19T02:33:38.7643865Z     🔧 [AUTO-HEAL] Re-mining page to find 'Login'...
2026-01-19T02:33:38.7644221Z [DEBUG] Sending request to gemini-2.0-flash. Number of parts: 2
2026-01-19T02:33:38.7644553Z [DEBUG] Received response (Length: 660)
2026-01-19T02:33:38.7644912Z     ✨ AI successfully healed the step! Found 2 alternatives.
2026-01-19T02:33:38.7645382Z     ✨ AI successfully healed the step! New selector: #menu_admin_viewAdminModule
2026-01-19T02:33:38.7645958Z     ❌ Attempt 2 failed (element_not_found): Locator.bounding_box: Timeout 30000ms exceeded.
2026-01-19T02:33:38.7646347Z Call log:
2026-01-19T02:33:38.7646542Z   - waiting for locator("#menu_admin_viewA...
2026-01-19T02:33:38.7646884Z     🔧 [AUTO-HEAL] Re-mining page to find 'Login'...
2026-01-19T02:33:38.7647192Z [CACHE HIT] 10c8ab17... (hits: 2, misses: 5)
2026-01-19T02:33:38.7647542Z     ✨ AI successfully healed the step! Found 2 alternatives.
2026-01-19T02:33:38.7648009Z     ✨ AI successfully healed the step! New selector: #menu_admin_viewAdminModule
2026-01-19T02:33:38.7648593Z     ❌ Attempt 3 failed (element_not_found): Locator.bounding_box: Timeout 30000ms exceeded.
2026-01-19T02:33:38.7648978Z Call log:
2026-01-19T02:33:38.7649172Z   - waiting for locator("#menu_admin_viewA...
2026-01-19T02:33:38.7649482Z     💀 Step step_4 failed after all retries.
2026-01-19T02:33:38.7649888Z 🛑 Scenario 'HR Management - Leave Request' aborted due to step failure.
2026-01-19T02:33:38.7650163Z 
2026-01-19T02:33:38.7650297Z --- Scenario: HR Management - Recruitment Process ---
2026-01-19T02:33:38.7650641Z   ▶️ [STEP step_1] NAVIGATE: Step step_1
2026-01-19T02:33:38.7650915Z     ✅ Step step_1 Passed.
2026-01-19T02:33:38.7651163Z   ▶️ [STEP step_2] FILL: Username
2026-01-19T02:33:38.7651485Z     🎯 Using mined locator: role=textbox[name='Username']
2026-01-19T02:33:38.7651809Z     ✅ Step step_2 Passed.
2026-01-19T02:33:38.7652052Z   ▶️ [STEP step_2_ai_1] FILL: Password
2026-01-19T02:33:38.7652370Z     🎯 Using mined locator: input[name='password']
2026-01-19T02:33:38.7652673Z     ✅ Step step_2_ai_1 Passed.
2026-01-19T02:33:38.7652942Z   ▶️ [STEP step_2_ai_2] CLICK: Login
2026-01-19T02:33:38.7653390Z     🎯 Using mined locator: button
2026-01-19T02:33:38.7653666Z     ✅ Step step_2_ai_2 Passed.
2026-01-19T02:33:38.7653922Z   ▶️ [STEP step_2_ai_3] CLICK: PIM
2026-01-19T02:33:38.7654299Z     ⚠️ Mined locators not found on page. Falling back to semantic search.
2026-01-19T02:33:38.7654669Z     ✅ Step step_2_ai_3 Passed.
2026-01-19T02:33:38.7654922Z   ▶️ [STEP step_2_ai_4] CLICK: + Add
2026-01-19T02:33:38.7655373Z     ❌ Attempt 1 failed (element_not_found): Locator.bounding_box: Timeout 30000ms exceeded.
2026-01-19T02:33:38.7655761Z Call log:
2026-01-19T02:33:38.7655936Z   - waiting for locator("text=+ Add")
2026-01-19T02:33:38.7656306Z ...
2026-01-19T02:33:38.7656556Z     🔧 [AUTO-HEAL] Re-mining page to find '+ Add'...
2026-01-19T02:33:38.7656912Z [DEBUG] Sending request to gemini-2.0-flash. Number of parts: 2
2026-01-19T02:33:38.7657238Z [DEBUG] Received response (Length: 489)
2026-01-19T02:33:38.7657707Z     ✨ AI successfully healed the step! Found 2 alternatives.
2026-01-19T02:33:38.7658173Z     ✨ AI successfully healed the step! New selector: button:has-text('+ Add')
2026-01-19T02:33:38.7658736Z     ❌ Attempt 2 failed (element_not_found): Locator.bounding_box: Timeout 30000ms exceeded.
2026-01-19T02:33:38.7659122Z Call log:
2026-01-19T02:33:38.7659309Z   - waiting for locator("button:has-text('...
2026-01-19T02:33:38.7659644Z     🔧 [AUTO-HEAL] Re-mining page to find '+ Add'...
2026-01-19T02:33:38.7659936Z [CACHE HIT] f05d47e3... (hits: 3, misses: 6)
2026-01-19T02:33:38.7660287Z     ✨ AI successfully healed the step! Found 2 alternatives.
2026-01-19T02:33:38.7660726Z     ✨ AI successfully healed the step! New selector: button:has-text('+ Add')
2026-01-19T02:33:38.7661294Z     ❌ Attempt 3 failed (element_not_found): Locator.bounding_box: Timeout 30000ms exceeded.
2026-01-19T02:33:38.7661671Z Call log:
2026-01-19T02:33:38.7661860Z   - waiting for locator("button:has-text('...
2026-01-19T02:33:38.7662189Z     💀 Step step_2_ai_4 failed after all retries.
2026-01-19T02:33:38.7662630Z 🛑 Scenario 'HR Management - Recruitment Process' aborted due to step failure.
2026-01-19T02:33:38.7662925Z 
2026-01-19T02:33:38.7663021Z ============================================================
2026-01-19T02:33:38.7663508Z 🎯 EXECUTION SUMMARY
2026-01-19T02:33:38.7663731Z ============================================================
2026-01-19T02:33:38.7663920Z 
2026-01-19T02:33:38.7718359Z 📋 Scenario Overview:
2026-01-19T02:33:38.7718851Z    • Total Scenarios Planned: 3
2026-01-19T02:33:38.7719289Z    • Scenarios Executed: 3
2026-01-19T02:33:38.7719697Z    • Total Steps Executed: 26
2026-01-19T02:33:38.7719935Z 
2026-01-19T02:33:38.7720081Z ✅ Results:
2026-01-19T02:33:38.7720415Z    ❌ Failed: 3 (100%)
2026-01-19T02:33:38.7720610Z 
2026-01-19T02:33:38.7720768Z ⚠️  Failed Scenarios:
2026-01-19T02:33:38.7721217Z    • HR Management - Login and Employee Management
2026-01-19T02:33:38.7721754Z    • HR Management - Leave Request
2026-01-19T02:33:38.7722221Z    • HR Management - Recruitment Process
2026-01-19T02:33:38.7722510Z 
2026-01-19T02:33:38.7722656Z ============================================================
2026-01-19T02:33:38.7722976Z 
2026-01-19T02:33:38.7723937Z 🏁 Execution Finished. Report: /home/runner/work/build_qa_automation/build_qa_automation/projects/ci_orangehrm_demo/execution.json
2026-01-19T02:33:38.9189930Z 
2026-01-19T02:33:38.9190364Z [PHASE] Running Phase: DISCOVERY
2026-01-19T02:33:38.9191774Z    Command: /opt/hostedtoolcache/Python/3.11.14/x64/bin/python /home/runner/work/build_qa_automation/build_qa_automation/core/agents/discovery.py --project /home/runner/work/build_qa_automation/build_qa_automation/projects/ci_orangehrm_demo --url https://opensource-demo.orangehrmlive.com/ --deep
2026-01-19T02:33:38.9193537Z ✅ Phase 'discovery' completed successfully.
2026-01-19T02:33:38.9193750Z 
2026-01-19T02:33:38.9193853Z [PHASE] Running Phase: PLANNING
2026-01-19T02:33:38.9195117Z    Command: /opt/hostedtoolcache/Python/3.11.14/x64/bin/python /home/runner/work/build_qa_automation/build_qa_automation/core/agents/planner.py --project /home/runner/work/build_qa_automation/build_qa_automation/projects/ci_orangehrm_demo --goal Test HR management features --url https://opensource-demo.orangehrmlive.com/ --deep
2026-01-19T02:33:38.9196440Z ✅ Phase 'planning' completed successfully.
2026-01-19T02:33:38.9196644Z 
2026-01-19T02:33:38.9196739Z [PHASE] Running Phase: EXPLORATION
2026-01-19T02:33:38.9197666Z    Command: /opt/hostedtoolcache/Python/3.11.14/x64/bin/python /home/runner/work/build_qa_automation/build_qa_automation/core/agents/deep_explorer.py --project /home/runner/work/build_qa_automation/build_qa_automation/projects/ci_orangehrm_demo
2026-01-19T02:33:38.9198914Z ✅ Phase 'exploration' completed successfully.
2026-01-19T02:33:38.9199286Z 📊 Exploration Discovery Success Rate: 73.7%
2026-01-19T02:33:38.9199478Z 
2026-01-19T02:33:38.9199568Z [PHASE] Running Phase: EXECUTION
2026-01-19T02:33:38.9200613Z    Command: /opt/hostedtoolcache/Python/3.11.14/x64/bin/python /home/runner/work/build_qa_automation/build_qa_automation/core/agents/executor.py --project /home/runner/work/build_qa_automation/build_qa_automation/projects/ci_orangehrm_demo
2026-01-19T02:33:38.9201589Z ✅ Phase 'execution' completed successfully.
2026-01-19T02:33:38.9201775Z 
2026-01-19T02:33:38.9201879Z [DONE] Pipeline Execution Finished! [DONE]
2026-01-19T02:33:39.0430391Z ##[group]Run RESULT_FILE="projects/ci_orangehrm_demo/execution.json"
2026-01-19T02:33:39.0430895Z [36;1mRESULT_FILE="projects/ci_orangehrm_demo/execution.json"[0m
2026-01-19T02:33:39.0431298Z [36;1mif [ -f "$RESULT_FILE" ]; then[0m
2026-01-19T02:33:39.0431628Z [36;1m  echo "✅ Results generated successfully: $RESULT_FILE"[0m
2026-01-19T02:33:39.0432095Z [36;1m  cat "$RESULT_FILE" | jq '.scenarios | length' || echo "Result file exists"[0m
2026-01-19T02:33:39.0432464Z [36;1melse[0m
2026-01-19T02:33:39.0432699Z [36;1m  echo "❌ No result file found at $RESULT_FILE"[0m
2026-01-19T02:33:39.0432980Z [36;1m  exit 1[0m
2026-01-19T02:33:39.0433417Z [36;1mfi[0m
2026-01-19T02:33:39.0465512Z shell: /usr/bin/bash -e {0}
2026-01-19T02:33:39.0465739Z env:
2026-01-19T02:33:39.0465994Z   pythonLocation: /opt/hostedtoolcache/Python/3.11.14/x64
2026-01-19T02:33:39.0466417Z   PKG_CONFIG_PATH: /opt/hostedtoolcache/Python/3.11.14/x64/lib/pkgconfig
2026-01-19T02:33:39.0466870Z   Python_ROOT_DIR: /opt/hostedtoolcache/Python/3.11.14/x64
2026-01-19T02:33:39.0467229Z   Python2_ROOT_DIR: /opt/hostedtoolcache/Python/3.11.14/x64
2026-01-19T02:33:39.0467605Z   Python3_ROOT_DIR: /opt/hostedtoolcache/Python/3.11.14/x64
2026-01-19T02:33:39.0467976Z   LD_LIBRARY_PATH: /opt/hostedtoolcache/Python/3.11.14/x64/lib
2026-01-19T02:33:39.0468278Z ##[endgroup]
2026-01-19T02:33:39.0523505Z ✅ Results generated successfully: projects/ci_orangehrm_demo/execution.json
2026-01-19T02:33:39.0550406Z 3
2026-01-19T02:33:39.0618078Z ##[group]Run actions/upload-artifact@v4
2026-01-19T02:33:39.0618354Z with:
2026-01-19T02:33:39.0618549Z   name: orangehrm_demo-execution-results
2026-01-19T02:33:39.0618982Z   path: projects/ci_orangehrm_demo/execution.json
projects/ci_orangehrm_demo/workflow.json

2026-01-19T02:33:39.0619405Z   retention-days: 30
2026-01-19T02:33:39.0619602Z   if-no-files-found: warn
2026-01-19T02:33:39.0619813Z   compression-level: 6
2026-01-19T02:33:39.0620010Z   overwrite: false
2026-01-19T02:33:39.0620202Z   include-hidden-files: false
2026-01-19T02:33:39.0620407Z env:
2026-01-19T02:33:39.0620638Z   pythonLocation: /opt/hostedtoolcache/Python/3.11.14/x64
2026-01-19T02:33:39.0621059Z   PKG_CONFIG_PATH: /opt/hostedtoolcache/Python/3.11.14/x64/lib/pkgconfig
2026-01-19T02:33:39.0621459Z   Python_ROOT_DIR: /opt/hostedtoolcache/Python/3.11.14/x64
2026-01-19T02:33:39.0621830Z   Python2_ROOT_DIR: /opt/hostedtoolcache/Python/3.11.14/x64
2026-01-19T02:33:39.0622222Z   Python3_ROOT_DIR: /opt/hostedtoolcache/Python/3.11.14/x64
2026-01-19T02:33:39.0622582Z   LD_LIBRARY_PATH: /opt/hostedtoolcache/Python/3.11.14/x64/lib
2026-01-19T02:33:39.0622876Z ##[endgroup]
2026-01-19T02:33:39.2840615Z Multiple search paths detected. Calculating the least common ancestor of all paths
2026-01-19T02:33:39.2844602Z The least common ancestor is /home/runner/work/build_qa_automation/build_qa_automation/projects/ci_orangehrm_demo. This will be the root directory of the artifact
2026-01-19T02:33:39.2845729Z With the provided path, there will be 2 files uploaded
2026-01-19T02:33:39.2850458Z Artifact name is valid!
2026-01-19T02:33:39.2851767Z Root directory input is valid!
2026-01-19T02:33:39.5129783Z Beginning upload of artifact content to blob storage
2026-01-19T02:33:39.7554176Z Uploaded bytes 3658
2026-01-19T02:33:39.8182986Z Finished uploading artifact content to blob storage!
2026-01-19T02:33:39.8186595Z SHA256 digest of uploaded artifact zip is d45e3d70947a17fe39fd308ab6ab0b9720af0d420c855f1b5f372882b7ff0d74
2026-01-19T02:33:39.8189534Z Finalizing artifact upload
2026-01-19T02:33:39.9431794Z Artifact orangehrm_demo-execution-results.zip successfully finalized. Artifact ID 5171802145
2026-01-19T02:33:39.9433505Z Artifact orangehrm_demo-execution-results has been successfully uploaded! Final size is 3658 bytes. Artifact ID is 5171802145
2026-01-19T02:33:39.9440368Z Artifact download URL: https://github.com/vishvasmca-cmd/build_qa_automation/actions/runs/21122730879/artifacts/5171802145
2026-01-19T02:33:39.9562387Z Post job cleanup.
2026-01-19T02:33:40.1084312Z Cache hit occurred on the primary key setup-python-Linux-x64-24.04-Ubuntu-python-3.11.14-pip-dde08d0e0b672972dcda9f1a063036a2e0c226f5d0a20362e9401931676d80a4, not saving cache.
2026-01-19T02:33:40.1197573Z Post job cleanup.
2026-01-19T02:33:40.2140649Z [command]/usr/bin/git version
2026-01-19T02:33:40.2175884Z git version 2.52.0
2026-01-19T02:33:40.2217169Z Temporarily overriding HOME='/home/runner/work/_temp/eb2fea34-0f3a-4f55-b138-470cedaa8be1' before making global git config changes
2026-01-19T02:33:40.2218306Z Adding repository directory to the temporary git global config as a safe directory
2026-01-19T02:33:40.2229403Z [command]/usr/bin/git config --global --add safe.directory /home/runner/work/build_qa_automation/build_qa_automation
2026-01-19T02:33:40.2263588Z [command]/usr/bin/git config --local --name-only --get-regexp core\.sshCommand
2026-01-19T02:33:40.2295485Z [command]/usr/bin/git submodule foreach --recursive sh -c "git config --local --name-only --get-regexp 'core\.sshCommand' && git config --local --unset-all 'core.sshCommand' || :"
2026-01-19T02:33:40.2525165Z [command]/usr/bin/git config --local --name-only --get-regexp http\.https\:\/\/github\.com\/\.extraheader
2026-01-19T02:33:40.2549317Z http.https://github.com/.extraheader
2026-01-19T02:33:40.2563471Z [command]/usr/bin/git config --local --unset-all http.https://github.com/.extraheader
2026-01-19T02:33:40.2597302Z [command]/usr/bin/git submodule foreach --recursive sh -c "git config --local --name-only --get-regexp 'http\.https\:\/\/github\.com\/\.extraheader' && git config --local --unset-all 'http.https://github.com/.extraheader' || :"
2026-01-19T02:33:40.2851505Z [command]/usr/bin/git config --local --name-only --get-regexp ^includeIf\.gitdir:
2026-01-19T02:33:40.2890605Z [command]/usr/bin/git submodule foreach --recursive git config --local --show-origin --name-only --get-regexp remote.origin.url
2026-01-19T02:33:40.3260764Z Cleaning up orphan processes
