2026-01-19T03:36:47.9436497Z Current runner version: '2.331.0'
2026-01-19T03:36:47.9462175Z ##[group]Runner Image Provisioner
2026-01-19T03:36:47.9463142Z Hosted Compute Agent
2026-01-19T03:36:47.9463721Z Version: 20251211.462
2026-01-19T03:36:47.9464293Z Commit: 6cbad8c2bb55d58165063d031ccabf57e2d2db61
2026-01-19T03:36:47.9465060Z Build Date: 2025-12-11T16:28:49Z
2026-01-19T03:36:47.9465730Z Worker ID: {6e7f456b-df92-440c-80fc-ae6e87f8ab7f}
2026-01-19T03:36:47.9466405Z ##[endgroup]
2026-01-19T03:36:47.9466986Z ##[group]Operating System
2026-01-19T03:36:47.9467543Z Ubuntu
2026-01-19T03:36:47.9467972Z 24.04.3
2026-01-19T03:36:47.9468482Z LTS
2026-01-19T03:36:47.9468908Z ##[endgroup]
2026-01-19T03:36:47.9469434Z ##[group]Runner Image
2026-01-19T03:36:47.9470057Z Image: ubuntu-24.04
2026-01-19T03:36:47.9470542Z Version: 20260111.209.1
2026-01-19T03:36:47.9471857Z Included Software: https://github.com/actions/runner-images/blob/ubuntu24/20260111.209/images/ubuntu/Ubuntu2404-Readme.md
2026-01-19T03:36:47.9473520Z Image Release: https://github.com/actions/runner-images/releases/tag/ubuntu24%2F20260111.209
2026-01-19T03:36:47.9474537Z ##[endgroup]
2026-01-19T03:36:47.9475719Z ##[group]GITHUB_TOKEN Permissions
2026-01-19T03:36:47.9477558Z Contents: read
2026-01-19T03:36:47.9478154Z Metadata: read
2026-01-19T03:36:47.9478722Z Packages: read
2026-01-19T03:36:47.9479198Z ##[endgroup]
2026-01-19T03:36:47.9482245Z Secret source: Actions
2026-01-19T03:36:47.9483027Z Prepare workflow directory
2026-01-19T03:36:48.0474597Z Prepare all required actions
2026-01-19T03:36:48.0514280Z Getting action download info
2026-01-19T03:36:48.4896276Z Download action repository 'actions/checkout@v4' (SHA:34e114876b0b11c390a56381ad16ebd13914f8d5)
2026-01-19T03:36:48.6024064Z Download action repository 'actions/setup-python@v5' (SHA:a26af69be951a213d495a4c3e4e4022e16d87065)
2026-01-19T03:36:48.6851908Z Download action repository 'actions/upload-artifact@v4' (SHA:ea165f8d65b6e75b540449e92b4886f43607fa02)
2026-01-19T03:36:49.0052537Z Complete job name: test-websites-deep (rahulshetty_shop, https://rahulshettyacademy.com/seleniumPractise/, Search an...
2026-01-19T03:36:49.2094213Z ##[group]Run actions/checkout@v4
2026-01-19T03:36:49.2095079Z with:
2026-01-19T03:36:49.2095539Z   repository: vishvasmca-cmd/build_qa_automation
2026-01-19T03:36:49.2096338Z   token: ***
2026-01-19T03:36:49.2096717Z   ssh-strict: true
2026-01-19T03:36:49.2097118Z   ssh-user: git
2026-01-19T03:36:49.2097513Z   persist-credentials: true
2026-01-19T03:36:49.2097966Z   clean: true
2026-01-19T03:36:49.2098360Z   sparse-checkout-cone-mode: true
2026-01-19T03:36:49.2098829Z   fetch-depth: 1
2026-01-19T03:36:49.2099208Z   fetch-tags: false
2026-01-19T03:36:49.2099599Z   show-progress: true
2026-01-19T03:36:49.2099997Z   lfs: false
2026-01-19T03:36:49.2100355Z   submodules: false
2026-01-19T03:36:49.2100743Z   set-safe-directory: true
2026-01-19T03:36:49.2101555Z ##[endgroup]
2026-01-19T03:36:49.3233446Z Syncing repository: vishvasmca-cmd/build_qa_automation
2026-01-19T03:36:49.3235288Z ##[group]Getting Git version info
2026-01-19T03:36:49.3236188Z Working directory is '/home/runner/work/build_qa_automation/build_qa_automation'
2026-01-19T03:36:49.3237936Z [command]/usr/bin/git version
2026-01-19T03:36:49.3303189Z git version 2.52.0
2026-01-19T03:36:49.3330117Z ##[endgroup]
2026-01-19T03:36:49.3352367Z Temporarily overriding HOME='/home/runner/work/_temp/e958b6be-92aa-4fdf-8d5a-6d9d8ba4ca41' before making global git config changes
2026-01-19T03:36:49.3353760Z Adding repository directory to the temporary git global config as a safe directory
2026-01-19T03:36:49.3357902Z [command]/usr/bin/git config --global --add safe.directory /home/runner/work/build_qa_automation/build_qa_automation
2026-01-19T03:36:49.3405401Z Deleting the contents of '/home/runner/work/build_qa_automation/build_qa_automation'
2026-01-19T03:36:49.3408944Z ##[group]Initializing the repository
2026-01-19T03:36:49.3413253Z [command]/usr/bin/git init /home/runner/work/build_qa_automation/build_qa_automation
2026-01-19T03:36:49.3506591Z hint: Using 'master' as the name for the initial branch. This default branch name
2026-01-19T03:36:49.3507972Z hint: will change to "main" in Git 3.0. To configure the initial branch name
2026-01-19T03:36:49.3508887Z hint: to use in all of your new repositories, which will suppress this warning,
2026-01-19T03:36:49.3509822Z hint: call:
2026-01-19T03:36:49.3510387Z hint:
2026-01-19T03:36:49.3511006Z hint: 	git config --global init.defaultBranch <name>
2026-01-19T03:36:49.3511738Z hint:
2026-01-19T03:36:49.3512280Z hint: Names commonly chosen instead of 'master' are 'main', 'trunk' and
2026-01-19T03:36:49.3513184Z hint: 'development'. The just-created branch can be renamed via this command:
2026-01-19T03:36:49.3513874Z hint:
2026-01-19T03:36:49.3514238Z hint: 	git branch -m <name>
2026-01-19T03:36:49.3514677Z hint:
2026-01-19T03:36:49.3515262Z hint: Disable this message with "git config set advice.defaultBranchName false"
2026-01-19T03:36:49.3516623Z Initialized empty Git repository in /home/runner/work/build_qa_automation/build_qa_automation/.git/
2026-01-19T03:36:49.3522410Z [command]/usr/bin/git remote add origin https://github.com/vishvasmca-cmd/build_qa_automation
2026-01-19T03:36:49.3555012Z ##[endgroup]
2026-01-19T03:36:49.3555730Z ##[group]Disabling automatic garbage collection
2026-01-19T03:36:49.3559200Z [command]/usr/bin/git config --local gc.auto 0
2026-01-19T03:36:49.3587356Z ##[endgroup]
2026-01-19T03:36:49.3588010Z ##[group]Setting up auth
2026-01-19T03:36:49.3594575Z [command]/usr/bin/git config --local --name-only --get-regexp core\.sshCommand
2026-01-19T03:36:49.3624490Z [command]/usr/bin/git submodule foreach --recursive sh -c "git config --local --name-only --get-regexp 'core\.sshCommand' && git config --local --unset-all 'core.sshCommand' || :"
2026-01-19T03:36:49.3950617Z [command]/usr/bin/git config --local --name-only --get-regexp http\.https\:\/\/github\.com\/\.extraheader
2026-01-19T03:36:49.3981157Z [command]/usr/bin/git submodule foreach --recursive sh -c "git config --local --name-only --get-regexp 'http\.https\:\/\/github\.com\/\.extraheader' && git config --local --unset-all 'http.https://github.com/.extraheader' || :"
2026-01-19T03:36:49.4208194Z [command]/usr/bin/git config --local --name-only --get-regexp ^includeIf\.gitdir:
2026-01-19T03:36:49.4248516Z [command]/usr/bin/git submodule foreach --recursive git config --local --show-origin --name-only --get-regexp remote.origin.url
2026-01-19T03:36:49.4479556Z [command]/usr/bin/git config --local http.https://github.com/.extraheader AUTHORIZATION: basic ***
2026-01-19T03:36:49.4515152Z ##[endgroup]
2026-01-19T03:36:49.4516396Z ##[group]Fetching the repository
2026-01-19T03:36:49.4525391Z [command]/usr/bin/git -c protocol.version=2 fetch --no-tags --prune --no-recurse-submodules --depth=1 origin +2f305d435d899f67f11ae5adc61ad536fdd999e8:refs/remotes/origin/main
2026-01-19T03:36:50.6458273Z From https://github.com/vishvasmca-cmd/build_qa_automation
2026-01-19T03:36:50.6460506Z  * [new ref]         2f305d435d899f67f11ae5adc61ad536fdd999e8 -> origin/main
2026-01-19T03:36:50.6492295Z ##[endgroup]
2026-01-19T03:36:50.6493650Z ##[group]Determining the checkout info
2026-01-19T03:36:50.6495630Z ##[endgroup]
2026-01-19T03:36:50.6499283Z [command]/usr/bin/git sparse-checkout disable
2026-01-19T03:36:50.6540288Z [command]/usr/bin/git config --local --unset-all extensions.worktreeConfig
2026-01-19T03:36:50.6566095Z ##[group]Checking out the ref
2026-01-19T03:36:50.6569434Z [command]/usr/bin/git checkout --progress --force -B main refs/remotes/origin/main
2026-01-19T03:36:50.8008516Z Switched to a new branch 'main'
2026-01-19T03:36:50.8009743Z branch 'main' set up to track 'origin/main'.
2026-01-19T03:36:50.8028072Z ##[endgroup]
2026-01-19T03:36:50.8067852Z [command]/usr/bin/git log -1 --format=%H
2026-01-19T03:36:50.8091674Z 2f305d435d899f67f11ae5adc61ad536fdd999e8
2026-01-19T03:36:50.9116742Z ##[group]Run actions/setup-python@v5
2026-01-19T03:36:50.9117165Z with:
2026-01-19T03:36:50.9117409Z   python-version: 3.11
2026-01-19T03:36:50.9118013Z   cache: pip
2026-01-19T03:36:50.9118800Z   check-latest: false
2026-01-19T03:36:50.9119308Z   token: ***
2026-01-19T03:36:50.9119696Z   update-environment: true
2026-01-19T03:36:50.9120020Z   allow-prereleases: false
2026-01-19T03:36:50.9120403Z   freethreaded: false
2026-01-19T03:36:50.9120752Z ##[endgroup]
2026-01-19T03:36:51.0812416Z ##[group]Installed versions
2026-01-19T03:36:51.0916409Z Successfully set up CPython (3.11.14)
2026-01-19T03:36:51.0917370Z ##[endgroup]
2026-01-19T03:36:51.2186966Z [command]/opt/hostedtoolcache/Python/3.11.14/x64/bin/pip cache dir
2026-01-19T03:36:51.5214316Z /home/runner/.cache/pip
2026-01-19T03:36:51.8151941Z Cache hit for: setup-python-Linux-x64-24.04-Ubuntu-python-3.11.14-pip-dde08d0e0b672972dcda9f1a063036a2e0c226f5d0a20362e9401931676d80a4
2026-01-19T03:36:53.1257159Z Received 4194304 of 254742636 (1.6%), 4.0 MBs/sec
2026-01-19T03:36:54.1266917Z Received 121634816 of 254742636 (47.7%), 57.9 MBs/sec
2026-01-19T03:36:55.1280745Z Received 246354028 of 254742636 (96.7%), 78.3 MBs/sec
2026-01-19T03:36:55.2128408Z Received 254742636 of 254742636 (100.0%), 78.7 MBs/sec
2026-01-19T03:36:55.2129360Z Cache Size: ~243 MB (254742636 B)
2026-01-19T03:36:55.2173007Z [command]/usr/bin/tar -xf /home/runner/work/_temp/e5e53328-b2c0-4b06-b774-d8ab32239a44/cache.tzst -P -C /home/runner/work/build_qa_automation/build_qa_automation --use-compress-program unzstd
2026-01-19T03:36:55.5691727Z Cache restored successfully
2026-01-19T03:36:55.6176571Z Cache restored from key: setup-python-Linux-x64-24.04-Ubuntu-python-3.11.14-pip-dde08d0e0b672972dcda9f1a063036a2e0c226f5d0a20362e9401931676d80a4
2026-01-19T03:36:55.6762853Z ##[group]Run pip install -r requirements.txt
2026-01-19T03:36:55.6763517Z [36;1mpip install -r requirements.txt[0m
2026-01-19T03:36:55.6763938Z [36;1mplaywright install chromium[0m
2026-01-19T03:36:55.6803302Z shell: /usr/bin/bash -e {0}
2026-01-19T03:36:55.6803691Z env:
2026-01-19T03:36:55.6804042Z   pythonLocation: /opt/hostedtoolcache/Python/3.11.14/x64
2026-01-19T03:36:55.6804703Z   PKG_CONFIG_PATH: /opt/hostedtoolcache/Python/3.11.14/x64/lib/pkgconfig
2026-01-19T03:36:55.6805261Z   Python_ROOT_DIR: /opt/hostedtoolcache/Python/3.11.14/x64
2026-01-19T03:36:55.6805753Z   Python2_ROOT_DIR: /opt/hostedtoolcache/Python/3.11.14/x64
2026-01-19T03:36:55.6806291Z   Python3_ROOT_DIR: /opt/hostedtoolcache/Python/3.11.14/x64
2026-01-19T03:36:55.6806764Z   LD_LIBRARY_PATH: /opt/hostedtoolcache/Python/3.11.14/x64/lib
2026-01-19T03:36:55.6807203Z ##[endgroup]
2026-01-19T03:36:56.3123247Z Collecting playwright (from -r requirements.txt (line 1))
2026-01-19T03:36:56.3139404Z   Using cached playwright-1.57.0-py3-none-manylinux1_x86_64.whl.metadata (3.5 kB)
2026-01-19T03:36:56.3292788Z Collecting python-dotenv (from -r requirements.txt (line 2))
2026-01-19T03:36:56.3307135Z   Using cached python_dotenv-1.2.1-py3-none-any.whl.metadata (25 kB)
2026-01-19T03:36:56.3630029Z Collecting requests (from -r requirements.txt (line 3))
2026-01-19T03:36:56.3645946Z   Using cached requests-2.32.5-py3-none-any.whl.metadata (4.9 kB)
2026-01-19T03:36:56.5375138Z Collecting pillow (from -r requirements.txt (line 4))
2026-01-19T03:36:56.5392435Z   Using cached pillow-12.1.0-cp311-cp311-manylinux_2_27_x86_64.manylinux_2_28_x86_64.whl.metadata (8.8 kB)
2026-01-19T03:36:56.5665780Z Collecting google-genai>=0.3.0 (from -r requirements.txt (line 5))
2026-01-19T03:36:56.5680893Z   Using cached google_genai-1.59.0-py3-none-any.whl.metadata (53 kB)
2026-01-19T03:36:56.5816249Z Collecting termcolor (from -r requirements.txt (line 6))
2026-01-19T03:36:56.5830542Z   Using cached termcolor-3.3.0-py3-none-any.whl.metadata (6.5 kB)
2026-01-19T03:36:56.6177614Z Collecting PyYAML (from -r requirements.txt (line 7))
2026-01-19T03:36:56.6193574Z   Using cached pyyaml-6.0.3-cp311-cp311-manylinux2014_x86_64.manylinux_2_17_x86_64.manylinux_2_28_x86_64.whl.metadata (2.4 kB)
2026-01-19T03:36:56.6809347Z Collecting opencv-python-headless (from -r requirements.txt (line 8))
2026-01-19T03:36:56.6825445Z   Using cached opencv_python_headless-4.13.0.90-cp37-abi3-manylinux_2_28_x86_64.whl.metadata (19 kB)
2026-01-19T03:36:56.8845080Z Collecting numpy (from -r requirements.txt (line 9))
2026-01-19T03:36:56.8869620Z   Using cached numpy-2.4.1-cp311-cp311-manylinux_2_27_x86_64.manylinux_2_28_x86_64.whl.metadata (6.6 kB)
2026-01-19T03:36:56.9779772Z Collecting faker (from -r requirements.txt (line 10))
2026-01-19T03:36:56.9803220Z   Using cached faker-40.1.2-py3-none-any.whl.metadata (16 kB)
2026-01-19T03:36:56.9973706Z Collecting pyee<14,>=13 (from playwright->-r requirements.txt (line 1))
2026-01-19T03:36:56.9986900Z   Using cached pyee-13.0.0-py3-none-any.whl.metadata (2.9 kB)
2026-01-19T03:36:57.1153999Z Collecting greenlet<4.0.0,>=3.1.1 (from playwright->-r requirements.txt (line 1))
2026-01-19T03:36:57.1169202Z   Using cached greenlet-3.3.0-cp311-cp311-manylinux_2_24_x86_64.manylinux_2_28_x86_64.whl.metadata (4.1 kB)
2026-01-19T03:36:57.1336255Z Collecting typing-extensions (from pyee<14,>=13->playwright->-r requirements.txt (line 1))
2026-01-19T03:36:57.1349328Z   Using cached typing_extensions-4.15.0-py3-none-any.whl.metadata (3.3 kB)
2026-01-19T03:36:57.2135528Z Collecting charset_normalizer<4,>=2 (from requests->-r requirements.txt (line 3))
2026-01-19T03:36:57.2150835Z   Using cached charset_normalizer-3.4.4-cp311-cp311-manylinux2014_x86_64.manylinux_2_17_x86_64.manylinux_2_28_x86_64.whl.metadata (37 kB)
2026-01-19T03:36:57.2292677Z Collecting idna<4,>=2.5 (from requests->-r requirements.txt (line 3))
2026-01-19T03:36:57.2305929Z   Using cached idna-3.11-py3-none-any.whl.metadata (8.4 kB)
2026-01-19T03:36:57.2557134Z Collecting urllib3<3,>=1.21.1 (from requests->-r requirements.txt (line 3))
2026-01-19T03:36:57.2569281Z   Using cached urllib3-2.6.3-py3-none-any.whl.metadata (6.9 kB)
2026-01-19T03:36:57.2778205Z Collecting certifi>=2017.4.17 (from requests->-r requirements.txt (line 3))
2026-01-19T03:36:57.2791032Z   Using cached certifi-2026.1.4-py3-none-any.whl.metadata (2.5 kB)
2026-01-19T03:36:57.2999417Z Collecting anyio<5.0.0,>=4.8.0 (from google-genai>=0.3.0->-r requirements.txt (line 5))
2026-01-19T03:36:57.3012540Z   Using cached anyio-4.12.1-py3-none-any.whl.metadata (4.3 kB)
2026-01-19T03:36:57.3325050Z Collecting google-auth<3.0.0,>=2.47.0 (from google-auth[requests]<3.0.0,>=2.47.0->google-genai>=0.3.0->-r requirements.txt (line 5))
2026-01-19T03:36:57.3338873Z   Using cached google_auth-2.47.0-py3-none-any.whl.metadata (6.4 kB)
2026-01-19T03:36:57.3568993Z Collecting httpx<1.0.0,>=0.28.1 (from google-genai>=0.3.0->-r requirements.txt (line 5))
2026-01-19T03:36:57.3582259Z   Using cached httpx-0.28.1-py3-none-any.whl.metadata (7.1 kB)
2026-01-19T03:36:57.4949225Z Collecting pydantic<3.0.0,>=2.9.0 (from google-genai>=0.3.0->-r requirements.txt (line 5))
2026-01-19T03:36:57.4964066Z   Using cached pydantic-2.12.5-py3-none-any.whl.metadata (90 kB)
2026-01-19T03:36:57.5185824Z Collecting tenacity<9.2.0,>=8.2.3 (from google-genai>=0.3.0->-r requirements.txt (line 5))
2026-01-19T03:36:57.5198480Z   Using cached tenacity-9.1.2-py3-none-any.whl.metadata (1.2 kB)
2026-01-19T03:36:57.6029847Z Collecting websockets<15.1.0,>=13.0.0 (from google-genai>=0.3.0->-r requirements.txt (line 5))
2026-01-19T03:36:57.6045537Z   Using cached websockets-15.0.1-cp311-cp311-manylinux_2_5_x86_64.manylinux1_x86_64.manylinux_2_17_x86_64.manylinux2014_x86_64.whl.metadata (6.8 kB)
2026-01-19T03:36:57.6174670Z Collecting distro<2,>=1.7.0 (from google-genai>=0.3.0->-r requirements.txt (line 5))
2026-01-19T03:36:57.6187893Z   Using cached distro-1.9.0-py3-none-any.whl.metadata (6.8 kB)
2026-01-19T03:36:57.6263736Z Collecting sniffio (from google-genai>=0.3.0->-r requirements.txt (line 5))
2026-01-19T03:36:57.6277367Z   Using cached sniffio-1.3.1-py3-none-any.whl.metadata (3.9 kB)
2026-01-19T03:36:57.6524995Z Collecting pyasn1-modules>=0.2.1 (from google-auth<3.0.0,>=2.47.0->google-auth[requests]<3.0.0,>=2.47.0->google-genai>=0.3.0->-r requirements.txt (line 5))
2026-01-19T03:36:57.6538059Z   Using cached pyasn1_modules-0.4.2-py3-none-any.whl.metadata (3.5 kB)
2026-01-19T03:36:57.6684007Z Collecting rsa<5,>=3.1.4 (from google-auth<3.0.0,>=2.47.0->google-auth[requests]<3.0.0,>=2.47.0->google-genai>=0.3.0->-r requirements.txt (line 5))
2026-01-19T03:36:57.6696290Z   Using cached rsa-4.9.1-py3-none-any.whl.metadata (5.6 kB)
2026-01-19T03:36:57.6958244Z Collecting httpcore==1.* (from httpx<1.0.0,>=0.28.1->google-genai>=0.3.0->-r requirements.txt (line 5))
2026-01-19T03:36:57.6971595Z   Using cached httpcore-1.0.9-py3-none-any.whl.metadata (21 kB)
2026-01-19T03:36:57.7078132Z Collecting h11>=0.16 (from httpcore==1.*->httpx<1.0.0,>=0.28.1->google-genai>=0.3.0->-r requirements.txt (line 5))
2026-01-19T03:36:57.7090473Z   Using cached h11-0.16.0-py3-none-any.whl.metadata (8.3 kB)
2026-01-19T03:36:57.7182199Z Collecting annotated-types>=0.6.0 (from pydantic<3.0.0,>=2.9.0->google-genai>=0.3.0->-r requirements.txt (line 5))
2026-01-19T03:36:57.7194785Z   Using cached annotated_types-0.7.0-py3-none-any.whl.metadata (15 kB)
2026-01-19T03:36:58.3677723Z Collecting pydantic-core==2.41.5 (from pydantic<3.0.0,>=2.9.0->google-genai>=0.3.0->-r requirements.txt (line 5))
2026-01-19T03:36:58.3692892Z   Using cached pydantic_core-2.41.5-cp311-cp311-manylinux_2_17_x86_64.manylinux2014_x86_64.whl.metadata (7.3 kB)
2026-01-19T03:36:58.3825399Z Collecting typing-inspection>=0.4.2 (from pydantic<3.0.0,>=2.9.0->google-genai>=0.3.0->-r requirements.txt (line 5))
2026-01-19T03:36:58.3839163Z   Using cached typing_inspection-0.4.2-py3-none-any.whl.metadata (2.6 kB)
2026-01-19T03:36:58.4540757Z Collecting pyasn1>=0.1.3 (from rsa<5,>=3.1.4->google-auth<3.0.0,>=2.47.0->google-auth[requests]<3.0.0,>=2.47.0->google-genai>=0.3.0->-r requirements.txt (line 5))
2026-01-19T03:36:58.4557049Z   Using cached pyasn1-0.6.2-py3-none-any.whl.metadata (8.4 kB)
2026-01-19T03:36:58.4817260Z Using cached playwright-1.57.0-py3-none-manylinux1_x86_64.whl (46.0 MB)
2026-01-19T03:36:58.5156359Z Using cached greenlet-3.3.0-cp311-cp311-manylinux_2_24_x86_64.manylinux_2_28_x86_64.whl (590 kB)
2026-01-19T03:36:58.5172307Z Using cached pyee-13.0.0-py3-none-any.whl (15 kB)
2026-01-19T03:36:58.5186459Z Using cached python_dotenv-1.2.1-py3-none-any.whl (21 kB)
2026-01-19T03:36:58.5199738Z Using cached requests-2.32.5-py3-none-any.whl (64 kB)
2026-01-19T03:36:58.5214406Z Using cached charset_normalizer-3.4.4-cp311-cp311-manylinux2014_x86_64.manylinux_2_17_x86_64.manylinux_2_28_x86_64.whl (151 kB)
2026-01-19T03:36:58.5228431Z Using cached idna-3.11-py3-none-any.whl (71 kB)
2026-01-19T03:36:58.5242012Z Using cached urllib3-2.6.3-py3-none-any.whl (131 kB)
2026-01-19T03:36:58.5256241Z Using cached pillow-12.1.0-cp311-cp311-manylinux_2_27_x86_64.manylinux_2_28_x86_64.whl (7.0 MB)
2026-01-19T03:36:58.5320576Z Using cached google_genai-1.59.0-py3-none-any.whl (719 kB)
2026-01-19T03:36:58.5338244Z Using cached anyio-4.12.1-py3-none-any.whl (113 kB)
2026-01-19T03:36:58.5351613Z Using cached distro-1.9.0-py3-none-any.whl (20 kB)
2026-01-19T03:36:58.5364326Z Using cached google_auth-2.47.0-py3-none-any.whl (234 kB)
2026-01-19T03:36:58.5378194Z Using cached httpx-0.28.1-py3-none-any.whl (73 kB)
2026-01-19T03:36:58.5391070Z Using cached httpcore-1.0.9-py3-none-any.whl (78 kB)
2026-01-19T03:36:58.5404437Z Using cached pydantic-2.12.5-py3-none-any.whl (463 kB)
2026-01-19T03:36:58.5420350Z Using cached pydantic_core-2.41.5-cp311-cp311-manylinux_2_17_x86_64.manylinux2014_x86_64.whl (2.1 MB)
2026-01-19T03:36:58.5447204Z Using cached rsa-4.9.1-py3-none-any.whl (34 kB)
2026-01-19T03:36:58.5459693Z Using cached tenacity-9.1.2-py3-none-any.whl (28 kB)
2026-01-19T03:36:58.5472491Z Using cached typing_extensions-4.15.0-py3-none-any.whl (44 kB)
2026-01-19T03:36:58.5485647Z Using cached websockets-15.0.1-cp311-cp311-manylinux_2_5_x86_64.manylinux1_x86_64.manylinux_2_17_x86_64.manylinux2014_x86_64.whl (182 kB)
2026-01-19T03:36:58.5498587Z Using cached termcolor-3.3.0-py3-none-any.whl (7.7 kB)
2026-01-19T03:36:58.5512089Z Using cached pyyaml-6.0.3-cp311-cp311-manylinux2014_x86_64.manylinux_2_17_x86_64.manylinux_2_28_x86_64.whl (806 kB)
2026-01-19T03:36:58.5530010Z Using cached opencv_python_headless-4.13.0.90-cp37-abi3-manylinux_2_28_x86_64.whl (62.5 MB)
2026-01-19T03:36:58.5985948Z Using cached numpy-2.4.1-cp311-cp311-manylinux_2_27_x86_64.manylinux_2_28_x86_64.whl (16.7 MB)
2026-01-19T03:36:58.6118030Z Using cached faker-40.1.2-py3-none-any.whl (2.0 MB)
2026-01-19T03:36:58.6144786Z Using cached annotated_types-0.7.0-py3-none-any.whl (13 kB)
2026-01-19T03:36:58.6157530Z Using cached certifi-2026.1.4-py3-none-any.whl (152 kB)
2026-01-19T03:36:58.6171463Z Using cached h11-0.16.0-py3-none-any.whl (37 kB)
2026-01-19T03:36:58.6184302Z Using cached pyasn1-0.6.2-py3-none-any.whl (83 kB)
2026-01-19T03:36:58.6197308Z Using cached pyasn1_modules-0.4.2-py3-none-any.whl (181 kB)
2026-01-19T03:36:58.6211087Z Using cached typing_inspection-0.4.2-py3-none-any.whl (14 kB)
2026-01-19T03:36:58.6224253Z Using cached sniffio-1.3.1-py3-none-any.whl (10 kB)
2026-01-19T03:36:58.8257976Z Installing collected packages: websockets, urllib3, typing-extensions, termcolor, tenacity, sniffio, PyYAML, python-dotenv, pyasn1, pillow, numpy, idna, h11, greenlet, faker, distro, charset_normalizer, certifi, annotated-types, typing-inspection, rsa, requests, pyee, pydantic-core, pyasn1-modules, opencv-python-headless, httpcore, anyio, pydantic, playwright, httpx, google-auth, google-genai
2026-01-19T03:37:05.5921251Z 
2026-01-19T03:37:05.5944716Z Successfully installed PyYAML-6.0.3 annotated-types-0.7.0 anyio-4.12.1 certifi-2026.1.4 charset_normalizer-3.4.4 distro-1.9.0 faker-40.1.2 google-auth-2.47.0 google-genai-1.59.0 greenlet-3.3.0 h11-0.16.0 httpcore-1.0.9 httpx-0.28.1 idna-3.11 numpy-2.4.1 opencv-python-headless-4.13.0.90 pillow-12.1.0 playwright-1.57.0 pyasn1-0.6.2 pyasn1-modules-0.4.2 pydantic-2.12.5 pydantic-core-2.41.5 pyee-13.0.0 python-dotenv-1.2.1 requests-2.32.5 rsa-4.9.1 sniffio-1.3.1 tenacity-9.1.2 termcolor-3.3.0 typing-extensions-4.15.0 typing-inspection-0.4.2 urllib3-2.6.3 websockets-15.0.1
2026-01-19T03:37:06.2937213Z Downloading Chromium 143.0.7499.4 (playwright build v1200) from https://cdn.playwright.dev/dbazure/download/playwright/builds/chromium/1200/chromium-linux.zip
2026-01-19T03:37:06.3945666Z (node:2186) [DEP0169] DeprecationWarning: `url.parse()` behavior is not standardized and prone to errors that have security implications. Use the WHATWG URL API instead. CVEs are not issued for `url.parse()` vulnerabilities.
2026-01-19T03:37:06.3946884Z (Use `node --trace-deprecation ...` to show where the warning was created)
2026-01-19T03:37:06.4967322Z |                                                                                |   0% of 164.7 MiB
2026-01-19T03:37:06.6495717Z |■■■■■■■■                                                                        |  10% of 164.7 MiB
2026-01-19T03:37:06.7738510Z |■■■■■■■■■■■■■■■■                                                                |  20% of 164.7 MiB
2026-01-19T03:37:06.8859204Z |■■■■■■■■■■■■■■■■■■■■■■■■                                                        |  30% of 164.7 MiB
2026-01-19T03:37:07.0066986Z |■■■■■■■■■■■■■■■■■■■■■■■■■■■■■■■■                                                |  40% of 164.7 MiB
2026-01-19T03:37:07.1234807Z |■■■■■■■■■■■■■■■■■■■■■■■■■■■■■■■■■■■■■■■■                                        |  50% of 164.7 MiB
2026-01-19T03:37:07.2642469Z |■■■■■■■■■■■■■■■■■■■■■■■■■■■■■■■■■■■■■■■■■■■■■■■■                                |  60% of 164.7 MiB
2026-01-19T03:37:07.4301052Z |■■■■■■■■■■■■■■■■■■■■■■■■■■■■■■■■■■■■■■■■■■■■■■■■■■■■■■■■                        |  70% of 164.7 MiB
2026-01-19T03:37:07.5776332Z |■■■■■■■■■■■■■■■■■■■■■■■■■■■■■■■■■■■■■■■■■■■■■■■■■■■■■■■■■■■■■■■■                |  80% of 164.7 MiB
2026-01-19T03:37:07.7120286Z |■■■■■■■■■■■■■■■■■■■■■■■■■■■■■■■■■■■■■■■■■■■■■■■■■■■■■■■■■■■■■■■■■■■■■■■■        |  90% of 164.7 MiB
2026-01-19T03:37:07.8340801Z |■■■■■■■■■■■■■■■■■■■■■■■■■■■■■■■■■■■■■■■■■■■■■■■■■■■■■■■■■■■■■■■■■■■■■■■■■■■■■■■■| 100% of 164.7 MiB
2026-01-19T03:37:10.2755574Z Chromium 143.0.7499.4 (playwright build v1200) downloaded to /home/runner/.cache/ms-playwright/chromium-1200
2026-01-19T03:37:10.2760299Z Downloading FFMPEG playwright build v1011 from https://cdn.playwright.dev/dbazure/download/playwright/builds/ffmpeg/1011/ffmpeg-linux.zip
2026-01-19T03:37:10.3762706Z (node:2201) [DEP0169] DeprecationWarning: `url.parse()` behavior is not standardized and prone to errors that have security implications. Use the WHATWG URL API instead. CVEs are not issued for `url.parse()` vulnerabilities.
2026-01-19T03:37:10.3764574Z (Use `node --trace-deprecation ...` to show where the warning was created)
2026-01-19T03:37:10.5605644Z |                                                                                |   0% of 2.3 MiB
2026-01-19T03:37:10.5647651Z |■■■■■■■■                                                                        |  10% of 2.3 MiB
2026-01-19T03:37:10.5676890Z |■■■■■■■■■■■■■■■■                                                                |  20% of 2.3 MiB
2026-01-19T03:37:10.5700074Z |■■■■■■■■■■■■■■■■■■■■■■■■                                                        |  30% of 2.3 MiB
2026-01-19T03:37:10.5719803Z |■■■■■■■■■■■■■■■■■■■■■■■■■■■■■■■■                                                |  40% of 2.3 MiB
2026-01-19T03:37:10.5746007Z |■■■■■■■■■■■■■■■■■■■■■■■■■■■■■■■■■■■■■■■■                                        |  50% of 2.3 MiB
2026-01-19T03:37:10.5763212Z |■■■■■■■■■■■■■■■■■■■■■■■■■■■■■■■■■■■■■■■■■■■■■■■■                                |  60% of 2.3 MiB
2026-01-19T03:37:10.5790490Z |■■■■■■■■■■■■■■■■■■■■■■■■■■■■■■■■■■■■■■■■■■■■■■■■■■■■■■■■                        |  70% of 2.3 MiB
2026-01-19T03:37:10.5804256Z |■■■■■■■■■■■■■■■■■■■■■■■■■■■■■■■■■■■■■■■■■■■■■■■■■■■■■■■■■■■■■■■■                |  80% of 2.3 MiB
2026-01-19T03:37:10.5821821Z |■■■■■■■■■■■■■■■■■■■■■■■■■■■■■■■■■■■■■■■■■■■■■■■■■■■■■■■■■■■■■■■■■■■■■■■■        |  90% of 2.3 MiB
2026-01-19T03:37:10.5833463Z |■■■■■■■■■■■■■■■■■■■■■■■■■■■■■■■■■■■■■■■■■■■■■■■■■■■■■■■■■■■■■■■■■■■■■■■■■■■■■■■■| 100% of 2.3 MiB
2026-01-19T03:37:10.6406141Z FFMPEG playwright build v1011 downloaded to /home/runner/.cache/ms-playwright/ffmpeg-1011
2026-01-19T03:37:10.6410557Z Downloading Chromium Headless Shell 143.0.7499.4 (playwright build v1200) from https://cdn.playwright.dev/dbazure/download/playwright/builds/chromium/1200/chromium-headless-shell-linux.zip
2026-01-19T03:37:10.7424475Z (node:2212) [DEP0169] DeprecationWarning: `url.parse()` behavior is not standardized and prone to errors that have security implications. Use the WHATWG URL API instead. CVEs are not issued for `url.parse()` vulnerabilities.
2026-01-19T03:37:10.7425852Z (Use `node --trace-deprecation ...` to show where the warning was created)
2026-01-19T03:37:10.8429611Z |                                                                                |   0% of 109.7 MiB
2026-01-19T03:37:10.9761808Z |■■■■■■■■                                                                        |  10% of 109.7 MiB
2026-01-19T03:37:11.0583570Z |■■■■■■■■■■■■■■■■                                                                |  20% of 109.7 MiB
2026-01-19T03:37:11.1497906Z |■■■■■■■■■■■■■■■■■■■■■■■■                                                        |  30% of 109.7 MiB
2026-01-19T03:37:11.2554327Z |■■■■■■■■■■■■■■■■■■■■■■■■■■■■■■■■                                                |  40% of 109.7 MiB
2026-01-19T03:37:11.3465592Z |■■■■■■■■■■■■■■■■■■■■■■■■■■■■■■■■■■■■■■■■                                        |  50% of 109.7 MiB
2026-01-19T03:37:11.4460613Z |■■■■■■■■■■■■■■■■■■■■■■■■■■■■■■■■■■■■■■■■■■■■■■■■                                |  60% of 109.7 MiB
2026-01-19T03:37:11.5508849Z |■■■■■■■■■■■■■■■■■■■■■■■■■■■■■■■■■■■■■■■■■■■■■■■■■■■■■■■■                        |  70% of 109.7 MiB
2026-01-19T03:37:11.6331848Z |■■■■■■■■■■■■■■■■■■■■■■■■■■■■■■■■■■■■■■■■■■■■■■■■■■■■■■■■■■■■■■■■                |  80% of 109.7 MiB
2026-01-19T03:37:11.7246214Z |■■■■■■■■■■■■■■■■■■■■■■■■■■■■■■■■■■■■■■■■■■■■■■■■■■■■■■■■■■■■■■■■■■■■■■■■        |  90% of 109.7 MiB
2026-01-19T03:37:11.8179336Z |■■■■■■■■■■■■■■■■■■■■■■■■■■■■■■■■■■■■■■■■■■■■■■■■■■■■■■■■■■■■■■■■■■■■■■■■■■■■■■■■| 100% of 109.7 MiB
2026-01-19T03:37:13.6206446Z Chromium Headless Shell 143.0.7499.4 (playwright build v1200) downloaded to /home/runner/.cache/ms-playwright/chromium_headless_shell-1200
2026-01-19T03:37:13.6538088Z ##[group]Run mkdir -p projects/ci_rahulshetty_shop
2026-01-19T03:37:13.6538537Z [36;1mmkdir -p projects/ci_rahulshetty_shop[0m
2026-01-19T03:37:13.6538939Z [36;1mcat > projects/ci_rahulshetty_shop/config.json << 'EOF'[0m
2026-01-19T03:37:13.6539277Z [36;1m{[0m
2026-01-19T03:37:13.6539491Z [36;1m  "project_name": "ci_rahulshetty_shop",[0m
2026-01-19T03:37:13.6539904Z [36;1m  "target_url": "https://rahulshettyacademy.com/seleniumPractise/",[0m
2026-01-19T03:37:13.6540313Z [36;1m  "goal": "Search and add items to cart",[0m
2026-01-19T03:37:13.6540599Z [36;1m  "headless": true[0m
2026-01-19T03:37:13.6540805Z [36;1m}[0m
2026-01-19T03:37:13.6540968Z [36;1mEOF[0m
2026-01-19T03:37:13.6575086Z shell: /usr/bin/bash -e {0}
2026-01-19T03:37:13.6575334Z env:
2026-01-19T03:37:13.6575593Z   pythonLocation: /opt/hostedtoolcache/Python/3.11.14/x64
2026-01-19T03:37:13.6576047Z   PKG_CONFIG_PATH: /opt/hostedtoolcache/Python/3.11.14/x64/lib/pkgconfig
2026-01-19T03:37:13.6576514Z   Python_ROOT_DIR: /opt/hostedtoolcache/Python/3.11.14/x64
2026-01-19T03:37:13.6576888Z   Python2_ROOT_DIR: /opt/hostedtoolcache/Python/3.11.14/x64
2026-01-19T03:37:13.6577265Z   Python3_ROOT_DIR: /opt/hostedtoolcache/Python/3.11.14/x64
2026-01-19T03:37:13.6577645Z   LD_LIBRARY_PATH: /opt/hostedtoolcache/Python/3.11.14/x64/lib
2026-01-19T03:37:13.6577964Z ##[endgroup]
2026-01-19T03:37:13.6750657Z ##[group]Run # Use --deep for comprehensive regression suite
2026-01-19T03:37:13.6751135Z [36;1m# Use --deep for comprehensive regression suite[0m
2026-01-19T03:37:13.6751901Z [36;1mpython orchestrator.py --project projects/ci_rahulshetty_shop --deep --force[0m
2026-01-19T03:37:13.6785669Z shell: /usr/bin/bash -e {0}
2026-01-19T03:37:13.6785915Z env:
2026-01-19T03:37:13.6786172Z   pythonLocation: /opt/hostedtoolcache/Python/3.11.14/x64
2026-01-19T03:37:13.6786606Z   PKG_CONFIG_PATH: /opt/hostedtoolcache/Python/3.11.14/x64/lib/pkgconfig
2026-01-19T03:37:13.6787023Z   Python_ROOT_DIR: /opt/hostedtoolcache/Python/3.11.14/x64
2026-01-19T03:37:13.6787593Z   Python2_ROOT_DIR: /opt/hostedtoolcache/Python/3.11.14/x64
2026-01-19T03:37:13.6787958Z   Python3_ROOT_DIR: /opt/hostedtoolcache/Python/3.11.14/x64
2026-01-19T03:37:13.6788332Z   LD_LIBRARY_PATH: /opt/hostedtoolcache/Python/3.11.14/x64/lib
2026-01-19T03:37:13.6788838Z   GOOGLE_API_KEY: ***
2026-01-19T03:37:13.6789093Z   PYTHONPATH: .
2026-01-19T03:37:13.6789278Z ##[endgroup]
2026-01-19T03:37:15.4010274Z 🚀 [DEEP] Extensive mapping enabled (Depth: 3, Pages: 50)
2026-01-19T03:37:15.4010647Z 
2026-01-19T03:37:15.4011280Z 🗺️ [DISCOVERY] Starting Parallel Semantic Crawl on https://rahulshettyacademy.com/seleniumPractise/ (Workers: 3)
2026-01-19T03:37:16.8427132Z   🔍 [Worker 0] Visiting (0): https://rahulshettyacademy.com/seleniumPractise/
2026-01-19T03:37:19.5019906Z [DEBUG] Sending request to gemini-2.0-flash. Number of parts: 1
2026-01-19T03:37:19.5020565Z [DEBUG] Received response (Length: 193)
2026-01-19T03:37:19.5021656Z   🔍 [Worker 1] Visiting (1): https://rahulshettyacademy.com
2026-01-19T03:37:19.5032377Z   🔍 [Worker 2] Visiting (1): https://rahulshettyacademy.com/dropdownsPractise
2026-01-19T03:37:19.5058430Z   🔍 [Worker 0] Visiting (1): https://rahulshettyacademy.com/seleniumPractise
2026-01-19T03:37:24.6817161Z [DEBUG] Sending request to gemini-2.0-flash. Number of parts: 1
2026-01-19T03:37:24.6818368Z [DEBUG] Sending request to gemini-2.0-flash. Number of parts: 1
2026-01-19T03:37:24.6826978Z [DEBUG] Sending request to gemini-2.0-flash. Number of parts: 1
2026-01-19T03:37:24.6827550Z [DEBUG] Received response (Length: 349)
2026-01-19T03:37:24.6828444Z   🔍 [Worker 1] Visiting (2): https://rahulshettyacademy.com/mentorship
2026-01-19T03:37:25.0588211Z [DEBUG] Received response (Length: 516)
2026-01-19T03:37:25.0591976Z   🔍 [Worker 0] Visiting (2): https://courses.rahulshettyacademy.com/sign_up
2026-01-19T03:37:25.2004351Z [DEBUG] Received response (Length: 641)
2026-01-19T03:37:25.2005882Z   🔍 [Worker 2] Visiting (2): https://courses.rahulshettyacademy.com/p/selenium-webdriver-interview-questions-tutorial-1
2026-01-19T03:37:29.6642177Z [DEBUG] Sending request to gemini-2.0-flash. Number of parts: 1
2026-01-19T03:37:29.6642938Z [DEBUG] Sending request to gemini-2.0-flash. Number of parts: 1
2026-01-19T03:37:29.6645361Z [DEBUG] Sending request to gemini-2.0-flash. Number of parts: 1
2026-01-19T03:37:29.6646037Z [DEBUG] Received response (Length: 310)
2026-01-19T03:37:29.6646985Z   🔍 [Worker 1] Visiting (2): https://rahulshettyacademy.com/learning-paths
2026-01-19T03:37:29.7790101Z [DEBUG] Received response (Length: 361)
2026-01-19T03:37:29.7818814Z [DEBUG] Received response (Length: 342)
2026-01-19T03:37:29.7820284Z   🔍 [Worker 0] Visiting (2): https://courses.rahulshettyacademy.com/courses
2026-01-19T03:37:29.7888451Z   🔍 [Worker 2] Visiting (2): https://courses.rahulshettyacademy.com/p/learn-generativen-ai-in-software-testing
2026-01-19T03:37:34.6239249Z [DEBUG] Sending request to gemini-2.0-flash. Number of parts: 1
2026-01-19T03:37:34.6240461Z [DEBUG] Sending request to gemini-2.0-flash. Number of parts: 1
2026-01-19T03:37:34.6241152Z [DEBUG] Sending request to gemini-2.0-flash. Number of parts: 1
2026-01-19T03:37:34.6241927Z [DEBUG] Received response (Length: 265)
2026-01-19T03:37:34.6242361Z [DEBUG] Received response (Length: 300)
2026-01-19T03:37:34.6243835Z   🔍 [Worker 0] Visiting (2): https://rahulshettyacademy.com/all-access-subscription
2026-01-19T03:37:34.6394137Z   🔍 [Worker 2] Visiting (2): https://courses.rahulshettyacademy.com/p/learn-agentic-ai-build-multi-agent-automation-workflow
2026-01-19T03:37:34.7254973Z [DEBUG] Received response (Length: 318)
2026-01-19T03:37:34.7265790Z   🔍 [Worker 1] Visiting (2): https://rahulshettyacademy.com/ai-learning-path
2026-01-19T03:37:39.5490748Z [DEBUG] Sending request to gemini-2.0-flash. Number of parts: 1
2026-01-19T03:37:39.5492034Z [DEBUG] Sending request to gemini-2.0-flash. Number of parts: 1
2026-01-19T03:37:39.5492842Z [DEBUG] Sending request to gemini-2.0-flash. Number of parts: 1
2026-01-19T03:37:39.5494009Z [DEBUG] Received response (Length: 269)
2026-01-19T03:37:39.5494601Z [DEBUG] Received response (Length: 256)
2026-01-19T03:37:39.5496135Z   🔍 [Worker 1] Visiting (2): https://courses.rahulshettyacademy.com/p/playwright-js-ts-automation-testing-from-scratch-framework
2026-01-19T03:37:39.5652077Z   🔍 [Worker 2] Visiting (2): https://rahulshettyacademy.com/contact-us
2026-01-19T03:37:39.6481295Z [DEBUG] Received response (Length: 289)
2026-01-19T03:37:39.6482802Z   🔍 [Worker 0] Visiting (2): https://courses.rahulshettyacademy.com/sign_in
2026-01-19T03:37:40.9713077Z [DEBUG] Sending request to gemini-2.0-flash. Number of parts: 1
2026-01-19T03:37:40.9713766Z [DEBUG] Received response (Length: 362)
2026-01-19T03:37:40.9714735Z   🔍 [Worker 2] Visiting (2): https://rahulshettyacademy.com/blog
2026-01-19T03:37:45.8302692Z [DEBUG] Sending request to gemini-2.0-flash. Number of parts: 1
2026-01-19T03:37:45.8304269Z [DEBUG] Sending request to gemini-2.0-flash. Number of parts: 1
2026-01-19T03:37:45.8308870Z [DEBUG] Sending request to gemini-2.0-flash. Number of parts: 1
2026-01-19T03:37:45.8310012Z [DEBUG] Received response (Length: 314)
2026-01-19T03:37:45.8311231Z   🔍 [Worker 1] Visiting (2): https://rahulshettyacademy.com/practice
2026-01-19T03:37:46.1039308Z [DEBUG] Received response (Length: 299)
2026-01-19T03:37:46.1041218Z   🔍 [Worker 0] Visiting (2): https://courses.rahulshettyacademy.com/p/rest-api-automation-rest-assured-java
2026-01-19T03:37:46.1594552Z [DEBUG] Received response (Length: 471)
2026-01-19T03:37:46.1596547Z   🔍 [Worker 2] Visiting (2): https://rahulshettyacademy.com/dropdownsPractise/cdn-cgi/l/email-protection.html
2026-01-19T03:37:47.3702641Z [DEBUG] Sending request to gemini-2.0-flash. Number of parts: 1
2026-01-19T03:37:47.3704330Z [DEBUG] Received response (Length: 441)
2026-01-19T03:37:47.3709483Z   🔍 [Worker 1] Visiting (2): https://rahulshettyacademy.com/dropdownsPractise/Cargo.html
2026-01-19T03:37:52.1951788Z [DEBUG] Sending request to gemini-2.0-flash. Number of parts: 1
2026-01-19T03:37:52.1953014Z [DEBUG] Sending request to gemini-2.0-flash. Number of parts: 1
2026-01-19T03:37:52.1954004Z [DEBUG] Sending request to gemini-2.0-flash. Number of parts: 1
2026-01-19T03:37:52.1956930Z [DEBUG] Received response (Length: 368)
2026-01-19T03:37:52.1957432Z [DEBUG] Received response (Length: 350)
2026-01-19T03:37:52.1961086Z   🔍 [Worker 1] Visiting (3): https://courses.rahulshettyacademy.com/p/mentorship-rahul-shetty
2026-01-19T03:37:52.1972750Z   🔍 [Worker 2] Visiting (3): https://courses.rahulshettyacademy.com/p/privacy
2026-01-19T03:37:52.3032274Z [DEBUG] Received response (Length: 326)
2026-01-19T03:37:52.3034739Z   🔍 [Worker 0] Visiting (3): https://courses.rahulshettyacademy.com/p/terms
2026-01-19T03:37:57.0505691Z [DEBUG] Sending request to gemini-2.0-flash. Number of parts: 1
2026-01-19T03:37:57.0508061Z [DEBUG] Sending request to gemini-2.0-flash. Number of parts: 1
2026-01-19T03:37:57.0508820Z [DEBUG] Sending request to gemini-2.0-flash. Number of parts: 1
2026-01-19T03:37:57.0509489Z [DEBUG] Received response (Length: 196)
2026-01-19T03:37:57.0509960Z [DEBUG] Received response (Length: 300)
2026-01-19T03:37:57.0510938Z   🔍 [Worker 1] Visiting (3): https://courses.rahulshettyacademy.com
2026-01-19T03:37:57.0584707Z   🔍 [Worker 2] Visiting (3): https://courses.rahulshettyacademy.com/courses/selenium-webdriver-interview-questions-tutorial-1/lectures/9646308
2026-01-19T03:37:57.2820132Z [DEBUG] Received response (Length: 420)
2026-01-19T03:37:57.2824179Z   🔍 [Worker 0] Visiting (3): https://courses.rahulshettyacademy.com/courses/selenium-webdriver-interview-questions-tutorial-1/lectures/12037708
2026-01-19T03:37:58.8734297Z [DEBUG] Sending request to gemini-2.0-flash. Number of parts: 1
2026-01-19T03:37:58.8740345Z [DEBUG] Received response (Length: 219)
2026-01-19T03:37:58.8745876Z   🔍 [Worker 1] Visiting (3): https://courses.rahulshettyacademy.com/courses/selenium-webdriver-interview-questions-tutorial-1/lectures/52057285
2026-01-19T03:38:03.9070856Z [DEBUG] Sending request to gemini-2.0-flash. Number of parts: 1
2026-01-19T03:38:03.9073301Z [DEBUG] Sending request to gemini-2.0-flash. Number of parts: 1
2026-01-19T03:38:03.9074021Z [DEBUG] Sending request to gemini-2.0-flash. Number of parts: 1
2026-01-19T03:38:03.9074598Z [DEBUG] Received response (Length: 274)
2026-01-19T03:38:03.9075606Z   🔍 [Worker 2] Visiting (3): https://rahulshettyacademy.com/learning-path
2026-01-19T03:38:04.0097685Z [DEBUG] Received response (Length: 322)
2026-01-19T03:38:04.0098809Z [DEBUG] Received response (Length: 275)
2026-01-19T03:38:04.0103042Z   🔍 [Worker 0] Visiting (3): https://courses.rahulshettyacademy.com/courses/selenium-webdriver-interview-questions-tutorial-1/lectures/52052012
2026-01-19T03:38:04.0172876Z   🔍 [Worker 1] Visiting (3): https://courses.rahulshettyacademy.com/courses/selenium-webdriver-interview-questions-tutorial-1/lectures/32527657
2026-01-19T03:38:05.2056535Z [CACHE HIT] 823d44ce... (hits: 1, misses: 28)
2026-01-19T03:38:05.2058360Z   🔍 [Worker 2] Visiting (3): https://courses.rahulshettyacademy.com/courses/selenium-webdriver-interview-questions-tutorial-1/lectures/43708899
2026-01-19T03:38:08.9165291Z [DEBUG] Sending request to gemini-2.0-flash. Number of parts: 1
2026-01-19T03:38:08.9166482Z [DEBUG] Sending request to gemini-2.0-flash. Number of parts: 1
2026-01-19T03:38:08.9177927Z [DEBUG] Sending request to gemini-2.0-flash. Number of parts: 1
2026-01-19T03:38:08.9180307Z [DEBUG] Received response (Length: 244)
2026-01-19T03:38:08.9184017Z   🔍 [Worker 1] Visiting (3): https://courses.rahulshettyacademy.com/courses/selenium-webdriver-interview-questions-tutorial-1/lectures/35880922
2026-01-19T03:38:09.0134625Z [DEBUG] Received response (Length: 346)
2026-01-19T03:38:09.0137074Z   🔍 [Worker 0] Visiting (3): https://rahulshettyacademy.com/consulting
2026-01-19T03:38:09.1229962Z [DEBUG] Received response (Length: 276)
2026-01-19T03:38:09.1231970Z   🔍 [Worker 2] Visiting (3): https://courses.rahulshettyacademy.com/courses/selenium-webdriver-interview-questions-tutorial-1/lectures/52052036
2026-01-19T03:38:13.7459037Z [DEBUG] Sending request to gemini-2.0-flash. Number of parts: 1
2026-01-19T03:38:13.7470483Z [DEBUG] Sending request to gemini-2.0-flash. Number of parts: 1
2026-01-19T03:38:13.7471231Z [DEBUG] Sending request to gemini-2.0-flash. Number of parts: 1
2026-01-19T03:38:13.7472108Z [DEBUG] Received response (Length: 127)
2026-01-19T03:38:13.7473749Z   🔍 [Worker 0] Visiting (3): https://courses.rahulshettyacademy.com/courses/selenium-webdriver-interview-questions-tutorial-1/lectures/43708842
2026-01-19T03:38:13.9689361Z [DEBUG] Received response (Length: 329)
2026-01-19T03:38:13.9690813Z [DEBUG] Received response (Length: 290)
2026-01-19T03:38:13.9702587Z   🔍 [Worker 1] Visiting (3): https://courses.rahulshettyacademy.com/courses/selenium-webdriver-interview-questions-tutorial-1/lectures/10065418
2026-01-19T03:38:13.9823001Z   🔍 [Worker 2] Visiting (3): https://courses.rahulshettyacademy.com/courses/selenium-webdriver-interview-questions-tutorial-1/lectures/9679216
2026-01-19T03:38:18.9112837Z [DEBUG] Sending request to gemini-2.0-flash. Number of parts: 1
2026-01-19T03:38:18.9113632Z [DEBUG] Sending request to gemini-2.0-flash. Number of parts: 1
2026-01-19T03:38:18.9114282Z [DEBUG] Sending request to gemini-2.0-flash. Number of parts: 1
2026-01-19T03:38:18.9114826Z [DEBUG] Received response (Length: 333)
2026-01-19T03:38:18.9130256Z   🔍 [Worker 0] Visiting (3): https://courses.rahulshettyacademy.com/courses/selenium-webdriver-interview-questions-tutorial-1/lectures/43708912
2026-01-19T03:38:18.9688810Z [DEBUG] Received response (Length: 351)
2026-01-19T03:38:18.9690606Z   🔍 [Worker 1] Visiting (3): https://courses.rahulshettyacademy.com/courses/selenium-webdriver-interview-questions-tutorial-1/lectures/24844471
2026-01-19T03:38:19.1662613Z [DEBUG] Received response (Length: 339)
2026-01-19T03:38:19.1671630Z   🔍 [Worker 2] Visiting (3): https://courses.rahulshettyacademy.com/courses/selenium-webdriver-interview-questions-tutorial-1/lectures/9744610
2026-01-19T03:38:23.9551708Z [DEBUG] Sending request to gemini-2.0-flash. Number of parts: 1
2026-01-19T03:38:23.9552486Z [DEBUG] Sending request to gemini-2.0-flash. Number of parts: 1
2026-01-19T03:38:23.9553210Z [DEBUG] Sending request to gemini-2.0-flash. Number of parts: 1
2026-01-19T03:38:23.9553785Z [DEBUG] Received response (Length: 338)
2026-01-19T03:38:23.9555327Z   🔍 [Worker 0] Visiting (3): https://courses.rahulshettyacademy.com/courses/selenium-webdriver-interview-questions-tutorial-1/lectures/43708827
2026-01-19T03:38:24.0112737Z [DEBUG] Received response (Length: 285)
2026-01-19T03:38:24.0114366Z   🔍 [Worker 1] Visiting (3): https://courses.rahulshettyacademy.com/courses/selenium-webdriver-interview-questions-tutorial-1/lectures/43708895
2026-01-19T03:38:24.0665413Z [DEBUG] Received response (Length: 409)
2026-01-19T03:38:24.0674092Z   🔍 [Worker 2] Visiting (3): https://courses.rahulshettyacademy.com/courses/selenium-webdriver-interview-questions-tutorial-1/lectures/43708898
2026-01-19T03:38:28.9833070Z [DEBUG] Sending request to gemini-2.0-flash. Number of parts: 1
2026-01-19T03:38:28.9833933Z [DEBUG] Sending request to gemini-2.0-flash. Number of parts: 1
2026-01-19T03:38:28.9835400Z [DEBUG] Sending request to gemini-2.0-flash. Number of parts: 1
2026-01-19T03:38:28.9835970Z [DEBUG] Received response (Length: 296)
2026-01-19T03:38:28.9840523Z   🔍 [Worker 2] Visiting (3): https://courses.rahulshettyacademy.com/courses/selenium-webdriver-interview-questions-tutorial-1/lectures/12037717
2026-01-19T03:38:29.0281037Z [DEBUG] Received response (Length: 318)
2026-01-19T03:38:29.0286735Z   🔍 [Worker 0] Visiting (3): https://courses.rahulshettyacademy.com/courses/selenium-webdriver-interview-questions-tutorial-1/lectures/9743985
2026-01-19T03:38:29.2343396Z [DEBUG] Received response (Length: 410)
2026-01-19T03:38:29.2346230Z   🔍 [Worker 1] Visiting (3): https://courses.rahulshettyacademy.com/courses/selenium-webdriver-interview-questions-tutorial-1/lectures/43717767
2026-01-19T03:38:33.9617959Z [DEBUG] Sending request to gemini-2.0-flash. Number of parts: 1
2026-01-19T03:38:33.9620374Z [DEBUG] Sending request to gemini-2.0-flash. Number of parts: 1
2026-01-19T03:38:33.9621133Z [DEBUG] Sending request to gemini-2.0-flash. Number of parts: 1
2026-01-19T03:38:33.9621984Z [DEBUG] Received response (Length: 317)
2026-01-19T03:38:33.9623632Z   🔍 [Worker 1] Visiting (3): https://courses.rahulshettyacademy.com/courses/selenium-webdriver-interview-questions-tutorial-1/lectures/9743989
2026-01-19T03:38:34.0147227Z [DEBUG] Received response (Length: 301)
2026-01-19T03:38:34.0148951Z   🔍 [Worker 2] Visiting (3): https://courses.rahulshettyacademy.com/courses/selenium-webdriver-interview-questions-tutorial-1/lectures/9744650
2026-01-19T03:38:34.2896801Z [DEBUG] Received response (Length: 402)
2026-01-19T03:38:34.2900372Z   🔍 [Worker 0] Visiting (3): https://courses.rahulshettyacademy.com/courses/selenium-webdriver-interview-questions-tutorial-1/lectures/43708521
2026-01-19T03:38:36.4766240Z [DEBUG] Sending request to gemini-2.0-flash. Number of parts: 1
2026-01-19T03:38:36.4768644Z [DEBUG] Received response (Length: 336)
2026-01-19T03:38:36.4770341Z   🔍 [Worker 1] Visiting (3): https://courses.rahulshettyacademy.com/courses/selenium-webdriver-interview-questions-tutorial-1/lectures/32527684
2026-01-19T03:38:41.5232554Z [DEBUG] Sending request to gemini-2.0-flash. Number of parts: 1
2026-01-19T03:38:41.5237388Z [DEBUG] Sending request to gemini-2.0-flash. Number of parts: 1
2026-01-19T03:38:41.5239247Z [DEBUG] Sending request to gemini-2.0-flash. Number of parts: 1
2026-01-19T03:38:41.5239873Z [DEBUG] Received response (Length: 315)
2026-01-19T03:38:41.5241686Z   🔍 [Worker 1] Visiting (3): https://courses.rahulshettyacademy.com/courses/selenium-webdriver-interview-questions-tutorial-1/lectures/35864417
2026-01-19T03:38:42.9601255Z [DEBUG] Received response (Length: 300)
2026-01-19T03:38:42.9602280Z [DEBUG] Received response (Length: 349)
2026-01-19T03:38:42.9602916Z [CACHE HIT] 185b7509... (hits: 2, misses: 50)
2026-01-19T03:38:42.9605079Z ✅ Discovery Complete. Mapped 50 pages.
2026-01-19T03:38:50.3119895Z 
2026-01-19T03:38:50.3120770Z [PLAN] PLANNER: Planning goal -> 'Search and add items to cart' (Deep Mode: True)
2026-01-19T03:38:50.3121729Z 🗺️ [PLAN] Loaded Sitemap with 50 pages.
2026-01-19T03:38:50.3122482Z 🎭 [EXPERT] Detected Domain: ECOMMERCE. Persona: Act as a Senior SDET focusing on e-commerce flow automation and conversion funnel reliability
2026-01-19T03:38:50.3123175Z [DEBUG] Sending request to gemini-2.0-flash. Number of parts: 1
2026-01-19T03:38:50.3123519Z [DEBUG] Received response (Length: 3518)
2026-01-19T03:38:50.3123867Z ✅ Planner generated 3 scenarios. Workflow updated.
2026-01-19T03:38:51.4146044Z 
2026-01-19T03:38:51.4146993Z 🕵️ [DEEP EXPLORER] Starting Multi-Scenario Exploration
2026-01-19T03:38:51.4147785Z 📋 Found 3 scenarios to explore.
2026-01-19T03:38:51.7910586Z 
2026-01-19T03:38:51.7911527Z [1/3] Exploring Scenario: Search and Add Items to Cart
2026-01-19T03:38:51.7912744Z     🧠 Initialized exploration context for goal: 'Search and add items to cart'
2026-01-19T03:38:51.7913540Z   ▶️ [STEP step_1] NAVIGATE: 
2026-01-19T03:38:54.2407877Z     ✅ Navigated to https://rahulshettyacademy.com/seleniumPractise/
2026-01-19T03:38:54.2408763Z   ▶️ [STEP step_2] ASSERT_URL: 
2026-01-19T03:38:59.2732199Z     ⚠️ Scroll into view failed for text=None. Proceeding anyway.
2026-01-19T03:39:01.2755143Z     ✅ State transitioned.
2026-01-19T03:39:03.0074335Z [DEBUG] Sending request to gemini-2.0-flash. Number of parts: 2
2026-01-19T03:39:03.0074929Z [DEBUG] Received response (Length: 308)
2026-01-19T03:39:03.0075838Z     🤖 AI Next Step Suggestion: fill -> Search for Vegetables and Fruits
2026-01-19T03:39:03.0076558Z     🧩 Suggested Locator: input
2026-01-19T03:39:03.0077994Z     💭 Reasoning: The goal is to search and add items to the cart. The first step is to search for an item. Filling the search bar with 'Brocolli' will allow us to find and add it to the cart.
2026-01-19T03:39:03.0079486Z     ➕ Injected AI step: fill -> Search for Vegetables and Fruits
2026-01-19T03:39:03.0080267Z   ▶️ [STEP step_2_ai_1] FILL: Search for Vegetables and Fruits
2026-01-19T03:39:03.0146221Z     🎯 Using AI-provided locator: input
2026-01-19T03:39:03.0215448Z     ✅ Found 1 verified locators
2026-01-19T03:39:09.0017796Z     ✅ State transitioned.
2026-01-19T03:39:10.5794195Z [DEBUG] Sending request to gemini-2.0-flash. Number of parts: 2
2026-01-19T03:39:10.5794789Z [DEBUG] Received response (Length: 232)
2026-01-19T03:39:10.5795556Z     🤖 AI Next Step Suggestion: click -> ADD TO CART
2026-01-19T03:39:10.5795978Z     🧩 Suggested Locator: button:nth-of-type(12)
2026-01-19T03:39:10.5796753Z     💭 Reasoning: The goal is to add items to the cart. After searching, the next logical step is to add the first available item to the cart.
2026-01-19T03:39:10.5797468Z     ➕ Injected AI step: click -> ADD TO CART
2026-01-19T03:39:10.5797827Z   ▶️ [STEP step_2_ai_2] CLICK: ADD TO CART
2026-01-19T03:39:10.5857353Z     🎯 Using AI-provided locator: button:nth-of-type(12)
2026-01-19T03:39:10.5881551Z     🔍 Mining locators for: 'ADD TO CART'
2026-01-19T03:39:10.6460000Z     ✅ Found 2 verified locators
2026-01-19T03:39:14.2194036Z     ✅ State transitioned.
2026-01-19T03:39:15.5192269Z [DEBUG] Sending request to gemini-2.0-flash. Number of parts: 2
2026-01-19T03:39:15.5192893Z [DEBUG] Received response (Length: 184)
2026-01-19T03:39:15.5194087Z     🤖 AI Next Step Suggestion: click -> PROCEED TO CHECKOUT
2026-01-19T03:39:15.5194578Z     🧩 Suggested Locator: button
2026-01-19T03:39:15.5195092Z     💭 Reasoning: An item has been added to the cart. Proceeding to checkout is the next logical step.
2026-01-19T03:39:15.5195627Z     ➕ Injected AI step: click -> PROCEED TO CHECKOUT
2026-01-19T03:39:15.5196027Z   ▶️ [STEP step_2_ai_3] CLICK: PROCEED TO CHECKOUT
2026-01-19T03:39:15.5256316Z     🎯 Using AI-provided locator: button
2026-01-19T03:39:15.5313280Z     ✅ Found 1 verified locators
2026-01-19T03:39:19.5794182Z     ✅ State transitioned.
2026-01-19T03:39:21.1318208Z [DEBUG] Sending request to gemini-2.0-flash. Number of parts: 2
2026-01-19T03:39:21.1318964Z [DEBUG] Received response (Length: 254)
2026-01-19T03:39:21.1319889Z     🤖 AI Next Step Suggestion: click -> ADD TO CART
2026-01-19T03:39:21.1320813Z     🧩 Suggested Locator: button:nth-of-type(1)
2026-01-19T03:39:21.1322898Z     💭 Reasoning: The goal is to add items to the cart. The 'ADD TO CART' button is visible and available for the first item in the list (Brocolli).
2026-01-19T03:39:21.1324382Z     ➕ Injected AI step: click -> ADD TO CART
2026-01-19T03:39:21.1325183Z   ▶️ [STEP step_2_ai_4] CLICK: ADD TO CART
2026-01-19T03:39:21.1380874Z     🎯 Using AI-provided locator: button:nth-of-type(1)
2026-01-19T03:39:21.1440979Z     ✅ Found 1 verified locators
2026-01-19T03:39:25.1948887Z     ✅ State transitioned.
2026-01-19T03:39:25.2004440Z     🔄 Revisited state detected (count: 1)
2026-01-19T03:39:26.6171199Z [DEBUG] Sending request to gemini-2.0-flash. Number of parts: 2
2026-01-19T03:39:26.6172152Z [DEBUG] Received response (Length: 238)
2026-01-19T03:39:26.6172817Z     🤖 AI Next Step Suggestion: click -> ADD TO CART
2026-01-19T03:39:26.6173300Z     🧩 Suggested Locator: button:nth-of-type(12)
2026-01-19T03:39:26.6174206Z     💭 Reasoning: The goal is to add items to the cart. The 'ADD TO CART' button is visible and available for the first item in the list (Brocolli).
2026-01-19T03:39:26.6175244Z ⚠️ Loop detected: same AI suggestion repeated 2 times. Moving to next step.
2026-01-19T03:39:26.6175775Z   ▶️ [STEP step_3] FILL: Search
2026-01-19T03:39:26.6233219Z     🔍 Mining locators for: 'Search'
2026-01-19T03:39:26.6864551Z     ✅ Found 2 verified locators
2026-01-19T03:39:32.7353324Z     ⚠️ Action failed: Locator.click: Timeout 5000ms exceeded.
2026-01-19T03:39:32.7353943Z Call log:
2026-01-19T03:39:32.7354235Z ...
2026-01-19T03:39:34.0339575Z [DEBUG] Sending request to gemini-2.0-flash. Number of parts: 2
2026-01-19T03:39:34.0340445Z [DEBUG] Received response (Length: 181)
2026-01-19T03:39:34.0342418Z     ✨ AI Heal Reasoning: The input field with type 'search' is the most likely element to be used for searching items on the page.
2026-01-19T03:39:34.0343499Z     ✨ AI healed exploration action! New selector: input[type='search']
2026-01-19T03:39:39.6567637Z   ▶️ [STEP step_4] WAIT_FOR_ELEMENT: ADD TO CART
2026-01-19T03:39:39.6627621Z     🔍 Mining locators for: 'ADD TO CART'
2026-01-19T03:39:39.7079546Z     ✅ Found 2 verified locators
2026-01-19T03:39:42.2349827Z     ✅ State transitioned.
2026-01-19T03:39:43.8896356Z [DEBUG] Sending request to gemini-2.0-flash. Number of parts: 2
2026-01-19T03:39:43.8897057Z [DEBUG] Received response (Length: 334)
2026-01-19T03:39:43.8898024Z     🤖 AI Next Step Suggestion: fill -> Search for Vegetables and Fruits
2026-01-19T03:39:43.8898696Z     🧩 Suggested Locator: input[placeholder='Search for Vegetables and Fruits']
2026-01-19T03:39:43.8899790Z     💭 Reasoning: The goal is to search and add items to the cart. The last attempt to search failed. I will try searching for 'Cucumber' since it is visible on the page.
2026-01-19T03:39:43.8900773Z     ➕ Injected AI step: fill -> Search for Vegetables and Fruits
2026-01-19T03:39:43.8901502Z   ▶️ [STEP step_4_ai_1] FILL: Search for Vegetables and Fruits
2026-01-19T03:39:43.8956712Z     🎯 Using AI-provided locator: input[placeholder='Search for Vegetables and Fruits']
2026-01-19T03:39:43.9015091Z     ✅ Found 1 verified locators
2026-01-19T03:39:49.9867886Z     ✅ State transitioned.
2026-01-19T03:39:49.9926945Z     🔄 Revisited state detected (count: 1)
2026-01-19T03:39:51.4646035Z [DEBUG] Sending request to gemini-2.0-flash. Number of parts: 2
2026-01-19T03:39:51.4646633Z [DEBUG] Received response (Length: 254)
2026-01-19T03:39:51.4647529Z     🤖 AI Next Step Suggestion: fill -> Search for Vegetables and Fruits
2026-01-19T03:39:51.4647956Z     🧩 Suggested Locator: input
2026-01-19T03:39:51.4648601Z     💭 Reasoning: The previous search failed, and the goal is to search and add items to the cart. Brocolli is a visible item on the page.
2026-01-19T03:39:51.4649645Z ⚠️ Loop detected: same AI suggestion repeated 2 times. Moving to next step.
2026-01-19T03:39:51.4650064Z   ▶️ [STEP step_5] CLICK: ADD TO CART
2026-01-19T03:39:51.4706435Z     🔍 Mining locators for: 'ADD TO CART'
2026-01-19T03:39:51.5304741Z     ✅ Found 2 verified locators
2026-01-19T03:39:55.0790278Z     ✅ State transitioned.
2026-01-19T03:39:56.6432924Z [DEBUG] Sending request to gemini-2.0-flash. Number of parts: 2
2026-01-19T03:39:56.6433799Z [DEBUG] Received response (Length: 260)
2026-01-19T03:39:56.6434862Z     🤖 AI Next Step Suggestion: fill -> Search for Vegetables and Fruits
2026-01-19T03:39:56.6435465Z     🧩 Suggested Locator: input
2026-01-19T03:39:56.6436453Z     💭 Reasoning: The previous search failed, and we need to search for another item to add to the cart. Brocolli is a visible item on the page.
2026-01-19T03:39:56.6437515Z     ➕ Injected AI step: fill -> Search for Vegetables and Fruits
2026-01-19T03:39:56.6438170Z   ▶️ [STEP step_5_ai_1] FILL: Search for Vegetables and Fruits
2026-01-19T03:39:56.6494813Z     🎯 Using AI-provided locator: input
2026-01-19T03:39:56.6553992Z     ✅ Found 1 verified locators
2026-01-19T03:40:02.7440347Z     ✅ State transitioned.
2026-01-19T03:40:04.3686258Z [DEBUG] Sending request to gemini-2.0-flash. Number of parts: 2
2026-01-19T03:40:04.3687058Z [DEBUG] Received response (Length: 338)
2026-01-19T03:40:04.3688335Z     🤖 AI Next Step Suggestion: fill -> Search for Vegetables and Fruits
2026-01-19T03:40:04.3689535Z     🧩 Suggested Locator: input[placeholder='Search for Vegetables and Fruits']
2026-01-19T03:40:04.3691952Z     💭 Reasoning: The goal is to search and add items to cart. The previous search failed, so we are trying again with a specific item 'Brocolli' that is visible on the page.
2026-01-19T03:40:04.3693499Z ⚠️ Loop detected: same AI suggestion repeated 2 times. Moving to next step.
2026-01-19T03:40:04.3694130Z   ▶️ [STEP step_6] ASSERT_VISIBLE: Cart
2026-01-19T03:40:04.3747881Z     🔍 Mining locators for: 'Cart'
2026-01-19T03:40:04.4305138Z     ✅ Found 3 verified locators
2026-01-19T03:40:06.9515174Z     ✅ State transitioned.
2026-01-19T03:40:09.3689942Z [DEBUG] Sending request to gemini-2.0-flash. Number of parts: 2
2026-01-19T03:40:09.3690606Z [DEBUG] Received response (Length: 276)
2026-01-19T03:40:09.3691661Z     🤖 AI Next Step Suggestion: click -> ADD TO CART
2026-01-19T03:40:09.3692266Z     🧩 Suggested Locator: button:has-text('ADD TO CART')
2026-01-19T03:40:09.3693120Z     💭 Reasoning: The goal is to add items to the cart. The 'ADD TO CART' button is visible and has not been clicked recently. Clicking it will add the selected item to the cart.
2026-01-19T03:40:09.3693859Z     ➕ Injected AI step: click -> ADD TO CART
2026-01-19T03:40:09.3694197Z   ▶️ [STEP step_6_ai_1] CLICK: ADD TO CART
2026-01-19T03:40:09.3750075Z     🎯 Using AI-provided locator: button:has-text('ADD TO CART')
2026-01-19T03:40:09.3814926Z     ✅ Found 1 verified locators
2026-01-19T03:40:12.9486908Z     ✅ State transitioned.
2026-01-19T03:40:14.2094498Z [DEBUG] Sending request to gemini-2.0-flash. Number of parts: 2
2026-01-19T03:40:14.2095489Z [DEBUG] Received response (Length: 164)
2026-01-19T03:40:14.2096576Z     🤖 AI Next Step Suggestion: click -> CHECKOUT
2026-01-19T03:40:14.2097649Z     🧩 Suggested Locator: #checkoutModalBtnOne
2026-01-19T03:40:14.2099369Z     💭 Reasoning: Since items have been added to the cart, proceed to checkout.
2026-01-19T03:40:14.2100407Z     ➕ Injected AI step: click -> CHECKOUT
2026-01-19T03:40:14.2101138Z   ▶️ [STEP step_6_ai_2] CLICK: CHECKOUT
2026-01-19T03:40:14.2157374Z     🎯 Using AI-provided locator: #checkoutModalBtnOne
2026-01-19T03:40:14.2216832Z     ✅ Found 1 verified locators
2026-01-19T03:40:18.2752048Z     ✅ State transitioned.
2026-01-19T03:40:19.4855927Z [DEBUG] Sending request to gemini-2.0-flash. Number of parts: 2
2026-01-19T03:40:19.4858373Z [DEBUG] Received response (Length: 153)
2026-01-19T03:40:19.4858952Z     🤖 AI Next Step Suggestion: done -> N/A
2026-01-19T03:40:19.4859919Z     💭 Reasoning: The order has been placed successfully and the page is redirecting back to the cart. The goal has been achieved.
2026-01-19T03:40:21.5219611Z 
2026-01-19T03:40:21.5220791Z [2/3] Exploring Scenario: Add Multiple Items to Cart
2026-01-19T03:40:21.5223619Z     🧠 Initialized exploration context for goal: 'Search and add items to cart'
2026-01-19T03:40:21.5224742Z   ▶️ [STEP step_1] NAVIGATE: 
2026-01-19T03:40:23.9544091Z     ✅ Navigated to https://rahulshettyacademy.com/seleniumPractise/
2026-01-19T03:40:23.9544948Z   ▶️ [STEP step_2] ASSERT_URL: 
2026-01-19T03:40:28.9843409Z     ⚠️ Scroll into view failed for text=None. Proceeding anyway.
2026-01-19T03:40:30.9866302Z     ✅ State transitioned.
2026-01-19T03:40:31.0992021Z [CACHE HIT] 5276803a... (hits: 1, misses: 13)
2026-01-19T03:40:31.0993150Z     🤖 AI Next Step Suggestion: fill -> Search for Vegetables and Fruits
2026-01-19T03:40:31.0993895Z     🧩 Suggested Locator: input
2026-01-19T03:40:31.0995441Z     💭 Reasoning: The goal is to search and add items to the cart. The first step is to search for an item. Filling the search bar with 'Brocolli' will allow us to find and add it to the cart.
2026-01-19T03:40:31.0997019Z     ➕ Injected AI step: fill -> Search for Vegetables and Fruits
2026-01-19T03:40:31.0997803Z   ▶️ [STEP step_2_ai_1] FILL: Search for Vegetables and Fruits
2026-01-19T03:40:31.1052460Z     🎯 Using AI-provided locator: input
2026-01-19T03:40:31.1114641Z     ✅ Found 1 verified locators
2026-01-19T03:40:37.3617372Z     ✅ State transitioned.
2026-01-19T03:40:37.4139954Z [CACHE HIT] 873481d0... (hits: 2, misses: 13)
2026-01-19T03:40:37.4140848Z     🤖 AI Next Step Suggestion: click -> ADD TO CART
2026-01-19T03:40:37.4141726Z     🧩 Suggested Locator: button:nth-of-type(12)
2026-01-19T03:40:37.4142980Z     💭 Reasoning: The goal is to add items to the cart. After searching, the next logical step is to add the first available item to the cart.
2026-01-19T03:40:37.4144073Z     ➕ Injected AI step: click -> ADD TO CART
2026-01-19T03:40:37.4144695Z   ▶️ [STEP step_2_ai_2] CLICK: ADD TO CART
2026-01-19T03:40:37.4195663Z     🎯 Using AI-provided locator: button:nth-of-type(12)
2026-01-19T03:40:37.4216721Z     🔍 Mining locators for: 'ADD TO CART'
2026-01-19T03:40:37.4759996Z     ✅ Found 2 verified locators
2026-01-19T03:40:41.0513307Z     ✅ State transitioned.
2026-01-19T03:40:41.0974925Z [CACHE HIT] b05ddb94... (hits: 3, misses: 13)
2026-01-19T03:40:41.0975875Z     🤖 AI Next Step Suggestion: click -> PROCEED TO CHECKOUT
2026-01-19T03:40:41.0976391Z     🧩 Suggested Locator: button
2026-01-19T03:40:41.0976913Z     💭 Reasoning: An item has been added to the cart. Proceeding to checkout is the next logical step.
2026-01-19T03:40:41.0977458Z     ➕ Injected AI step: click -> PROCEED TO CHECKOUT
2026-01-19T03:40:41.0977839Z   ▶️ [STEP step_2_ai_3] CLICK: PROCEED TO CHECKOUT
2026-01-19T03:40:41.1027289Z     🎯 Using AI-provided locator: button
2026-01-19T03:40:41.1083111Z     ✅ Found 1 verified locators
2026-01-19T03:40:45.1600453Z     ✅ State transitioned.
2026-01-19T03:40:45.2138024Z [CACHE HIT] a6443a7f... (hits: 4, misses: 13)
2026-01-19T03:40:45.2138998Z     🤖 AI Next Step Suggestion: click -> ADD TO CART
2026-01-19T03:40:45.2139689Z     🧩 Suggested Locator: button:nth-of-type(1)
2026-01-19T03:40:45.2141540Z     💭 Reasoning: The goal is to add items to the cart. The 'ADD TO CART' button is visible and available for the first item in the list (Brocolli).
2026-01-19T03:40:45.2142786Z     ➕ Injected AI step: click -> ADD TO CART
2026-01-19T03:40:45.2143355Z   ▶️ [STEP step_2_ai_4] CLICK: ADD TO CART
2026-01-19T03:40:45.2197271Z     🎯 Using AI-provided locator: button:nth-of-type(1)
2026-01-19T03:40:45.2258527Z     ✅ Found 1 verified locators
2026-01-19T03:40:49.2795481Z     ✅ State transitioned.
2026-01-19T03:40:49.2859649Z     🔄 Revisited state detected (count: 1)
2026-01-19T03:40:49.3303168Z [CACHE HIT] 7dc50893... (hits: 5, misses: 13)
2026-01-19T03:40:49.3304066Z     🤖 AI Next Step Suggestion: click -> ADD TO CART
2026-01-19T03:40:49.3304734Z     🧩 Suggested Locator: button:nth-of-type(12)
2026-01-19T03:40:49.3305660Z     💭 Reasoning: The goal is to add items to the cart. The 'ADD TO CART' button is visible and available for the first item in the list (Brocolli).
2026-01-19T03:40:49.3306432Z ⚠️ Loop detected: same AI suggestion repeated 2 times. Moving to next step.
2026-01-19T03:40:49.3306867Z   ▶️ [STEP step_3] FILL: Search
2026-01-19T03:40:49.3364481Z     🔍 Mining locators for: 'Search'
2026-01-19T03:40:49.3959950Z     ✅ Found 2 verified locators
2026-01-19T03:40:55.4527412Z     ⚠️ Action failed: Locator.click: Timeout 5000ms exceeded.
2026-01-19T03:40:55.4527975Z Call log:
2026-01-19T03:40:55.4528249Z ...
2026-01-19T03:40:55.4974754Z [CACHE HIT] 9731edea... (hits: 6, misses: 13)
2026-01-19T03:40:55.4975678Z     ✨ AI Heal Reasoning: The input field with type 'search' is the most likely element to be used for searching items on the page.
2026-01-19T03:40:55.4976361Z     ✨ AI healed exploration action! New selector: input[type='search']
2026-01-19T03:41:01.8077501Z   ▶️ [STEP step_4] WAIT_FOR_ELEMENT: ADD TO CART
2026-01-19T03:41:01.8144281Z     🔍 Mining locators for: 'ADD TO CART'
2026-01-19T03:41:01.8727715Z     ✅ Found 2 verified locators
2026-01-19T03:41:04.3990405Z     ✅ State transitioned.
2026-01-19T03:41:04.4047466Z     🔄 Revisited state detected (count: 2)
2026-01-19T03:41:05.7479820Z [DEBUG] Sending request to gemini-2.0-flash. Number of parts: 2
2026-01-19T03:41:05.7480515Z [DEBUG] Received response (Length: 236)
2026-01-19T03:41:05.7481701Z     🤖 AI Next Step Suggestion: fill -> Search for Vegetables and Fruits
2026-01-19T03:41:05.7482435Z     🧩 Suggested Locator: input
2026-01-19T03:41:05.7483591Z     💭 Reasoning: The previous attempt to search failed. Let's try searching for 'Brocolli' again to add it to the cart.
2026-01-19T03:41:05.7484716Z     ➕ Injected AI step: fill -> Search for Vegetables and Fruits
2026-01-19T03:41:05.7485504Z   ▶️ [STEP step_4_ai_1] FILL: Search for Vegetables and Fruits
2026-01-19T03:41:05.7553636Z     🎯 Using AI-provided locator: input
2026-01-19T03:41:05.7610938Z     ✅ Found 1 verified locators
2026-01-19T03:41:11.9175907Z     ✅ State transitioned.
2026-01-19T03:41:11.9232559Z     🔄 Revisited state detected (count: 3)
2026-01-19T03:41:11.9233428Z     ⚠️ Too many revisits (3). Stopping AI step injection to prevent loops.
2026-01-19T03:41:11.9234007Z   ▶️ [STEP step_5] CLICK: ADD TO CART
2026-01-19T03:41:11.9286171Z     🔍 Mining locators for: 'ADD TO CART'
2026-01-19T03:41:11.9890710Z     ✅ Found 2 verified locators
2026-01-19T03:41:15.5462555Z     ✅ State transitioned.
2026-01-19T03:41:17.3570334Z [DEBUG] Sending request to gemini-2.0-flash. Number of parts: 2
2026-01-19T03:41:17.3570949Z [DEBUG] Received response (Length: 292)
2026-01-19T03:41:17.3571987Z     🤖 AI Next Step Suggestion: fill -> Search for Vegetables and Fruits
2026-01-19T03:41:17.3572484Z     🧩 Suggested Locator: input
2026-01-19T03:41:17.3573428Z     💭 Reasoning: The goal is to search and add items to cart. The previous attempt to search failed. I will try again to search for 'Brocolli' since it is visible on the page.
2026-01-19T03:41:17.3574763Z ⚠️ Loop detected: same AI suggestion repeated 2 times. Moving to next step.
2026-01-19T03:41:17.3575219Z   ▶️ [STEP step_6] FILL: Search
2026-01-19T03:41:17.3629187Z     🔍 Mining locators for: 'Search'
2026-01-19T03:41:17.4278626Z     ✅ Found 2 verified locators
2026-01-19T03:41:23.4833055Z     ⚠️ Action failed: Locator.click: Timeout 5000ms exceeded.
2026-01-19T03:41:23.4833851Z Call log:
2026-01-19T03:41:23.4834150Z ...
2026-01-19T03:41:24.8372714Z [DEBUG] Sending request to gemini-2.0-flash. Number of parts: 2
2026-01-19T03:41:24.8373404Z [DEBUG] Received response (Length: 175)
2026-01-19T03:41:24.8374552Z     ✨ AI Heal Reasoning: The input field with type 'search' is the most likely element to be used for searching on the page.
2026-01-19T03:41:24.8375601Z     ✨ AI healed exploration action! New selector: input[type='search']
2026-01-19T03:41:30.8317514Z   ▶️ [STEP step_7] WAIT_FOR_ELEMENT: ADD TO CART
2026-01-19T03:41:30.8380355Z     🔍 Mining locators for: 'ADD TO CART'
2026-01-19T03:41:30.8883647Z     ✅ Found 2 verified locators
2026-01-19T03:41:33.4153304Z     ✅ State transitioned.
2026-01-19T03:41:35.0356219Z [DEBUG] Sending request to gemini-2.0-flash. Number of parts: 2
2026-01-19T03:41:35.0356858Z [DEBUG] Received response (Length: 291)
2026-01-19T03:41:35.0357775Z     🤖 AI Next Step Suggestion: fill -> Search for Vegetables and Fruits
2026-01-19T03:41:35.0358504Z     🧩 Suggested Locator: input
2026-01-19T03:41:35.0359861Z     💭 Reasoning: The goal is to search and add items to the cart. The previous attempts to search failed. I will try searching for 'Beetroot' since it is visible on the page.
2026-01-19T03:41:35.0361240Z     ➕ Injected AI step: fill -> Search for Vegetables and Fruits
2026-01-19T03:41:35.0362239Z   ▶️ [STEP step_7_ai_1] FILL: Search for Vegetables and Fruits
2026-01-19T03:41:35.0418764Z     🎯 Using AI-provided locator: input
2026-01-19T03:41:35.0477303Z     ✅ Found 1 verified locators
2026-01-19T03:41:41.1239517Z     ✅ State transitioned.
2026-01-19T03:41:41.1294853Z     🔄 Revisited state detected (count: 1)
2026-01-19T03:41:42.8792615Z [DEBUG] Sending request to gemini-2.0-flash. Number of parts: 2
2026-01-19T03:41:42.8793378Z [DEBUG] Received response (Length: 313)
2026-01-19T03:41:42.8794321Z     🤖 AI Next Step Suggestion: fill -> Search for Vegetables and Fruits
2026-01-19T03:41:42.8795524Z     🧩 Suggested Locator: input[placeholder='Search for Vegetables and Fruits']
2026-01-19T03:41:42.8797395Z     💭 Reasoning: The goal is to search and add items to the cart. The previous attempt to search failed. I will try again with a specific item name.
2026-01-19T03:41:42.8799119Z ⚠️ Loop detected: same AI suggestion repeated 2 times. Moving to next step.
2026-01-19T03:41:42.8800050Z   ▶️ [STEP step_8] CLICK: ADD TO CART
2026-01-19T03:41:42.8857921Z     🔍 Mining locators for: 'ADD TO CART'
2026-01-19T03:41:42.9378901Z     ✅ Found 2 verified locators
2026-01-19T03:41:46.4953856Z     ✅ State transitioned.
2026-01-19T03:41:48.1180591Z [DEBUG] Sending request to gemini-2.0-flash. Number of parts: 2
2026-01-19T03:41:48.1181638Z [DEBUG] Received response (Length: 275)
2026-01-19T03:41:48.1182632Z     🤖 AI Next Step Suggestion: fill -> Search for Vegetables and Fruits
2026-01-19T03:41:48.1183397Z     🧩 Suggested Locator: input
2026-01-19T03:41:48.1184812Z     💭 Reasoning: The goal is to search and add items to the cart. The previous search failed, so let's try searching for 'Capsicum' and adding it to the cart.
2026-01-19T03:41:48.1186282Z     ➕ Injected AI step: fill -> Search for Vegetables and Fruits
2026-01-19T03:41:48.1187133Z   ▶️ [STEP step_8_ai_1] FILL: Search for Vegetables and Fruits
2026-01-19T03:41:48.1242134Z     🎯 Using AI-provided locator: input
2026-01-19T03:41:48.1299039Z     ✅ Found 1 verified locators
2026-01-19T03:41:53.7669925Z     ✅ State transitioned.
2026-01-19T03:41:55.5132893Z [DEBUG] Sending request to gemini-2.0-flash. Number of parts: 2
2026-01-19T03:41:55.5134018Z [DEBUG] Received response (Length: 332)
2026-01-19T03:41:55.5134862Z     🤖 AI Next Step Suggestion: fill -> Search for Vegetables and Fruits
2026-01-19T03:41:55.5135690Z     🧩 Suggested Locator: input[placeholder='Search for Vegetables and Fruits']
2026-01-19T03:41:55.5139224Z     💭 Reasoning: The goal is to search and add items to the cart. The previous search attempts failed, so let's try searching for 'Brocolli' and adding it to the cart.
2026-01-19T03:41:55.5140991Z ⚠️ Loop detected: same AI suggestion repeated 2 times. Moving to next step.
2026-01-19T03:41:55.5141985Z   ▶️ [STEP step_9] ASSERT_VISIBLE: Cart
2026-01-19T03:41:55.5198762Z     🔍 Mining locators for: 'Cart'
2026-01-19T03:41:55.5768653Z     ✅ Found 3 verified locators
2026-01-19T03:41:58.1312616Z     ✅ State transitioned.
2026-01-19T03:42:00.9205744Z [DEBUG] Sending request to gemini-2.0-flash. Number of parts: 2
2026-01-19T03:42:00.9206324Z [DEBUG] Received response (Length: 229)
2026-01-19T03:42:00.9207010Z     🤖 AI Next Step Suggestion: click -> ADD TO CART
2026-01-19T03:42:00.9207432Z     🧩 Suggested Locator: button:has-text('ADD TO CART')
2026-01-19T03:42:00.9208107Z     💭 Reasoning: The goal is to add items to the cart. 'ADD TO CART' button is visible. Clicking it will add the item to the cart.
2026-01-19T03:42:00.9208706Z     ➕ Injected AI step: click -> ADD TO CART
2026-01-19T03:42:00.9209049Z   ▶️ [STEP step_9_ai_1] CLICK: ADD TO CART
2026-01-19T03:42:00.9270295Z     🎯 Using AI-provided locator: button:has-text('ADD TO CART')
2026-01-19T03:42:00.9334574Z     ✅ Found 1 verified locators
2026-01-19T03:42:04.4949883Z     ✅ State transitioned.
2026-01-19T03:42:06.0880881Z [DEBUG] Sending request to gemini-2.0-flash. Number of parts: 2
2026-01-19T03:42:06.0881763Z [DEBUG] Received response (Length: 253)
2026-01-19T03:42:06.0882630Z     🤖 AI Next Step Suggestion: fill -> input
2026-01-19T03:42:06.0883190Z     🧩 Suggested Locator: input
2026-01-19T03:42:06.0884445Z     💭 Reasoning: The goal is to search and add items to the cart. The last action was adding to the cart. Now we need to search for more items to add.
2026-01-19T03:42:06.0885685Z     ➕ Injected AI step: fill -> input
2026-01-19T03:42:06.0886053Z   ▶️ [STEP step_9_ai_2] FILL: input
2026-01-19T03:42:06.0942933Z     🎯 Using AI-provided locator: input
2026-01-19T03:42:06.0998984Z     ✅ Found 1 verified locators
2026-01-19T03:42:14.4207461Z     ✅ State transitioned.
2026-01-19T03:42:16.1234428Z [DEBUG] Sending request to gemini-2.0-flash. Number of parts: 2
2026-01-19T03:42:16.1235063Z [DEBUG] Received response (Length: 301)
2026-01-19T03:42:16.1235770Z     🤖 AI Next Step Suggestion: fill -> Search for Vegetables and Fruits
2026-01-19T03:42:16.1236220Z     🧩 Suggested Locator: input
2026-01-19T03:42:16.1237172Z     💭 Reasoning: The previous search returned no results. Let's try searching for a specific item that is listed on the page, 'Brocolli', to ensure a successful search and add to cart.
2026-01-19T03:42:16.1238206Z     ➕ Injected AI step: fill -> Search for Vegetables and Fruits
2026-01-19T03:42:16.1238770Z   ▶️ [STEP step_9_ai_3] FILL: Search for Vegetables and Fruits
2026-01-19T03:42:16.1297977Z     🎯 Using AI-provided locator: input
2026-01-19T03:42:16.1361638Z     ✅ Found 1 verified locators
2026-01-19T03:42:22.4575655Z     ✅ State transitioned.
2026-01-19T03:42:23.8953697Z [DEBUG] Sending request to gemini-2.0-flash. Number of parts: 2
2026-01-19T03:42:23.8954546Z [DEBUG] Received response (Length: 333)
2026-01-19T03:42:23.8955658Z     🤖 AI Next Step Suggestion: fill -> Search for Vegetables and Fruits
2026-01-19T03:42:23.8956393Z     🧩 Suggested Locator: input
2026-01-19T03:42:23.8957621Z     💭 Reasoning: The goal is to search and add items to the cart. The previous actions involved searching for 'Vegetables and Fruits'. Now, I will search for a specific item, 'Brocolli', which is visible on the page.
2026-01-19T03:42:23.8958942Z ⚠️ Loop detected: same AI suggestion repeated 2 times. Moving to next step.
2026-01-19T03:42:25.9318931Z 
2026-01-19T03:42:25.9319883Z [3/3] Exploring Scenario: Empty Search Results
2026-01-19T03:42:25.9321284Z     🧠 Initialized exploration context for goal: 'Search and add items to cart'
2026-01-19T03:42:25.9322599Z   ▶️ [STEP step_1] NAVIGATE: 
2026-01-19T03:42:28.3628061Z     ✅ Navigated to https://rahulshettyacademy.com/seleniumPractise/
2026-01-19T03:42:28.3629107Z   ▶️ [STEP step_2] ASSERT_URL: 
2026-01-19T03:42:33.3926794Z     ⚠️ Scroll into view failed for text=None. Proceeding anyway.
2026-01-19T03:42:35.3949710Z     ✅ State transitioned.
2026-01-19T03:42:35.5443899Z [CACHE HIT] 5276803a... (hits: 7, misses: 24)
2026-01-19T03:42:35.5446682Z     🤖 AI Next Step Suggestion: fill -> Search for Vegetables and Fruits
2026-01-19T03:42:35.5447144Z     🧩 Suggested Locator: input
2026-01-19T03:42:35.5447978Z     💭 Reasoning: The goal is to search and add items to the cart. The first step is to search for an item. Filling the search bar with 'Brocolli' will allow us to find and add it to the cart.
2026-01-19T03:42:35.5448860Z     ➕ Injected AI step: fill -> Search for Vegetables and Fruits
2026-01-19T03:42:35.5449305Z   ▶️ [STEP step_2_ai_1] FILL: Search for Vegetables and Fruits
2026-01-19T03:42:35.5504549Z     🎯 Using AI-provided locator: input
2026-01-19T03:42:35.5567304Z     ✅ Found 1 verified locators
2026-01-19T03:42:41.5698750Z     ✅ State transitioned.
2026-01-19T03:42:41.6265153Z [CACHE HIT] 873481d0... (hits: 8, misses: 24)
2026-01-19T03:42:41.6265870Z     🤖 AI Next Step Suggestion: click -> ADD TO CART
2026-01-19T03:42:41.6266366Z     🧩 Suggested Locator: button:nth-of-type(12)
2026-01-19T03:42:41.6267061Z     💭 Reasoning: The goal is to add items to the cart. After searching, the next logical step is to add the first available item to the cart.
2026-01-19T03:42:41.6267688Z     ➕ Injected AI step: click -> ADD TO CART
2026-01-19T03:42:41.6268016Z   ▶️ [STEP step_2_ai_2] CLICK: ADD TO CART
2026-01-19T03:42:41.6318016Z     🎯 Using AI-provided locator: button:nth-of-type(12)
2026-01-19T03:42:41.6336743Z     🔍 Mining locators for: 'ADD TO CART'
2026-01-19T03:42:41.6875842Z     ✅ Found 2 verified locators
2026-01-19T03:42:45.2625406Z     ✅ State transitioned.
2026-01-19T03:42:45.3098641Z [CACHE HIT] b05ddb94... (hits: 9, misses: 24)
2026-01-19T03:42:45.3099681Z     🤖 AI Next Step Suggestion: click -> PROCEED TO CHECKOUT
2026-01-19T03:42:45.3100381Z     🧩 Suggested Locator: button
2026-01-19T03:42:45.3101562Z     💭 Reasoning: An item has been added to the cart. Proceeding to checkout is the next logical step.
2026-01-19T03:42:45.3102566Z     ➕ Injected AI step: click -> PROCEED TO CHECKOUT
2026-01-19T03:42:45.3103228Z   ▶️ [STEP step_2_ai_3] CLICK: PROCEED TO CHECKOUT
2026-01-19T03:42:45.3153159Z     🎯 Using AI-provided locator: button
2026-01-19T03:42:45.3209594Z     ✅ Found 1 verified locators
2026-01-19T03:42:49.3709867Z     ✅ State transitioned.
2026-01-19T03:42:49.4255213Z [CACHE HIT] a6443a7f... (hits: 10, misses: 24)
2026-01-19T03:42:49.4256160Z     🤖 AI Next Step Suggestion: click -> ADD TO CART
2026-01-19T03:42:49.4256617Z     🧩 Suggested Locator: button:nth-of-type(1)
2026-01-19T03:42:49.4257338Z     💭 Reasoning: The goal is to add items to the cart. The 'ADD TO CART' button is visible and available for the first item in the list (Brocolli).
2026-01-19T03:42:49.4258003Z     ➕ Injected AI step: click -> ADD TO CART
2026-01-19T03:42:49.4258345Z   ▶️ [STEP step_2_ai_4] CLICK: ADD TO CART
2026-01-19T03:42:49.4306766Z     🎯 Using AI-provided locator: button:nth-of-type(1)
2026-01-19T03:42:49.4364704Z     ✅ Found 1 verified locators
2026-01-19T03:42:53.4888007Z     ✅ State transitioned.
2026-01-19T03:42:53.4942644Z     🔄 Revisited state detected (count: 1)
2026-01-19T03:42:53.5422518Z [CACHE HIT] 7dc50893... (hits: 11, misses: 24)
2026-01-19T03:42:53.5423376Z     🤖 AI Next Step Suggestion: click -> ADD TO CART
2026-01-19T03:42:53.5423848Z     🧩 Suggested Locator: button:nth-of-type(12)
2026-01-19T03:42:53.5424660Z     💭 Reasoning: The goal is to add items to the cart. The 'ADD TO CART' button is visible and available for the first item in the list (Brocolli).
2026-01-19T03:42:53.5425811Z ⚠️ Loop detected: same AI suggestion repeated 2 times. Moving to next step.
2026-01-19T03:42:53.5426271Z   ▶️ [STEP step_3] FILL: Search
2026-01-19T03:42:53.5474654Z     🔍 Mining locators for: 'Search'
2026-01-19T03:42:53.6104834Z     ✅ Found 2 verified locators
2026-01-19T03:42:59.6640478Z     ⚠️ Action failed: Locator.click: Timeout 5000ms exceeded.
2026-01-19T03:42:59.6641245Z Call log:
2026-01-19T03:42:59.6641849Z ...
2026-01-19T03:42:59.7085169Z [CACHE HIT] 9731edea... (hits: 12, misses: 24)
2026-01-19T03:42:59.7086190Z     ✨ AI Heal Reasoning: The input field with type 'search' is the most likely element to be used for searching items on the page.
2026-01-19T03:42:59.7086900Z     ✨ AI healed exploration action! New selector: input[type='search']
2026-01-19T03:43:07.2717891Z   ▶️ [STEP step_4] WAIT: 
2026-01-19T03:43:12.2875884Z     ⚠️ Scroll into view failed for text=None. Proceeding anyway.
2026-01-19T03:43:14.2899471Z     ✅ State transitioned.
2026-01-19T03:43:16.1785565Z [DEBUG] Sending request to gemini-2.0-flash. Number of parts: 2
2026-01-19T03:43:16.1786251Z [DEBUG] Received response (Length: 370)
2026-01-19T03:43:16.1787037Z     🤖 AI Next Step Suggestion: fill -> Search for Vegetables and Fruits
2026-01-19T03:43:16.1787735Z     🧩 Suggested Locator: input[placeholder='Search for Vegetables and Fruits']
2026-01-19T03:43:16.1788771Z     💭 Reasoning: The previous search failed. The page indicates no products matched the search. Need to refill the search bar with a valid product name to continue. Brocolli is listed as a visible element.
2026-01-19T03:43:16.1789674Z     ➕ Injected AI step: fill -> Search for Vegetables and Fruits
2026-01-19T03:43:16.1790124Z   ▶️ [STEP step_4_ai_1] FILL: Search for Vegetables and Fruits
2026-01-19T03:43:16.1846397Z     🎯 Using AI-provided locator: input[placeholder='Search for Vegetables and Fruits']
2026-01-19T03:43:16.1906181Z     ✅ Found 1 verified locators
2026-01-19T03:43:21.8027804Z     ✅ State transitioned.
2026-01-19T03:43:23.5555922Z [DEBUG] Sending request to gemini-2.0-flash. Number of parts: 2
2026-01-19T03:43:23.5556587Z [DEBUG] Received response (Length: 248)
2026-01-19T03:43:23.5557345Z     🤖 AI Next Step Suggestion: fill -> Search for Vegetables and Fruits
2026-01-19T03:43:23.5557814Z     🧩 Suggested Locator: input
2026-01-19T03:43:23.5558552Z     💭 Reasoning: The previous search attempt failed. I will try searching for 'Brocolli' since it is a visible element on the page.
2026-01-19T03:43:23.5559380Z ⚠️ Loop detected: same AI suggestion repeated 2 times. Moving to next step.
2026-01-19T03:43:23.5559932Z   ▶️ [STEP step_5] ASSERT_VISIBLE: No products found
2026-01-19T03:43:23.5616943Z     🔍 Mining locators for: 'No products found'
2026-01-19T03:43:23.6066992Z     🧠 Consulting AI (Vision-First) to find 'No products found'...
2026-01-19T03:43:23.6084431Z     🔍 Trying smart selectors for 'No products found'...
2026-01-19T03:43:23.6612376Z     ⚠️ Smart selectors failed (no unique match). Falling back to AI Vision...
2026-01-19T03:43:23.6615997Z     🧠 [EXPERT] Strategy: Act as a Senior SDET focusing on e-commerce flow automation and conversion funnel reliability. Focus on the complete shopping funnel (Search -> Product Selection -> Add to Cart -> Checkout). CRITICAL: Identify SEARCH BARS, magnifying glass icons, and 'Add to Cart' buttons as primary automation targets. Dismiss popups that block the flow. For product lists, default to selecting the FIRST available item for consistent automation.
2026-01-19T03:43:28.3802350Z [DEBUG] Sending request to gemini-2.0-flash. Number of parts: 2
2026-01-19T03:43:28.3802942Z [DEBUG] Received response (Length: 182)
2026-01-19T03:43:28.3803645Z     💡 Expert Suggestion: Search bar is likely on the Products page.
2026-01-19T03:43:28.3804241Z     🛠️ Executing corrective action: click -> 'Products'
2026-01-19T03:43:28.4233741Z     🔄 Retry 1/3 mining locators for 'No products found'...
2026-01-19T03:43:29.4731746Z     🧠 Consulting AI (Vision-First) to find 'No products found'...
2026-01-19T03:43:29.4732619Z     🔍 Trying smart selectors for 'No products found'...
2026-01-19T03:43:29.5235522Z     ⚠️ Smart selectors failed (no unique match). Falling back to AI Vision...
2026-01-19T03:43:29.5238521Z     🧠 [EXPERT] Strategy: Act as a Senior SDET focusing on e-commerce flow automation and conversion funnel reliability. Focus on the complete shopping funnel (Search -> Product Selection -> Add to Cart -> Checkout). CRITICAL: Identify SEARCH BARS, magnifying glass icons, and 'Add to Cart' buttons as primary automation targets. Dismiss popups that block the flow. For product lists, default to selecting the FIRST available item for consistent automation.
2026-01-19T03:43:29.5240905Z [CACHE HIT] dc157471... (hits: 13, misses: 27)
2026-01-19T03:43:29.5241561Z     ⚠️ Skipping duplicate injection: Products
2026-01-19T03:43:29.5241992Z     🔄 Retry 2/3 mining locators for 'No products found'...
2026-01-19T03:43:30.5254692Z     🗑️ Invalidating stale AI cache (retry 2)...
2026-01-19T03:43:30.5256005Z     ⚠️ Cache invalidation warning: No module named 'core.agents.domain_expert'
2026-01-19T03:43:30.5731774Z     🧠 Consulting AI (Vision-First) to find 'No products found'...
2026-01-19T03:43:30.5732585Z     🔍 Trying smart selectors for 'No products found'...
2026-01-19T03:43:30.6250972Z     ⚠️ Smart selectors failed (no unique match). Falling back to AI Vision...
2026-01-19T03:43:30.6254678Z     🧠 [EXPERT] Strategy: Act as a Senior SDET focusing on e-commerce flow automation and conversion funnel reliability. Focus on the complete shopping funnel (Search -> Product Selection -> Add to Cart -> Checkout). CRITICAL: Identify SEARCH BARS, magnifying glass icons, and 'Add to Cart' buttons as primary automation targets. Dismiss popups that block the flow. For product lists, default to selecting the FIRST available item for consistent automation.
2026-01-19T03:43:30.6256953Z [CACHE HIT] dc157471... (hits: 14, misses: 27)
2026-01-19T03:43:30.6257479Z     ⚠️ Skipping duplicate injection: Products
2026-01-19T03:43:30.6257961Z     🧠 Verifying step validity for 'No products found' after no candidates found...
2026-01-19T03:43:33.4213856Z [DEBUG] Sending request to gemini-2.0-flash. Number of parts: 2
2026-01-19T03:43:33.4214516Z [DEBUG] Received response (Length: 326)
2026-01-19T03:43:33.4216650Z     🗑️ Step deemed INVALID: "No products found" is displayed when the search yields no results. Based on the screenshot, there are products displayed on the page (broccoli). Therefore, the element "No products found" is not present, and attempting to interact with it is not a valid step.. Removing from workflow.
2026-01-19T03:43:33.4218397Z     ⏭️ Skipping execution of invalid step: No products found
2026-01-19T03:43:35.4602941Z 🗂️  All generated tests written to /home/runner/work/build_qa_automation/build_qa_automation/projects/ci_rahulshetty_shop/tests/generated_scenarios.json
2026-01-19T03:43:35.4613912Z 🔄 Updated workflow.json with discovered steps and locators.
2026-01-19T03:43:35.4614635Z 
2026-01-19T03:43:35.4614894Z ✅ Deep Exploration Complete.
2026-01-19T03:47:06.4029740Z 
2026-01-19T03:47:06.4030544Z 🚀 [EXECUTE] Starting Automation Execution Engine
2026-01-19T03:47:06.4031198Z 📍 Project: ci_rahulshetty_shop
2026-01-19T03:47:06.4032040Z 🎬 Mode: Headless
2026-01-19T03:47:06.4032230Z 
2026-01-19T03:47:06.4032471Z --- Scenario: Search and Add Items to Cart ---
2026-01-19T03:47:06.4033040Z   ▶️ [STEP step_1] NAVIGATE: Step step_1
2026-01-19T03:47:06.4033507Z     ✅ Step step_1 Passed.
2026-01-19T03:47:06.4033941Z   ▶️ [STEP step_2] ASSERT_URL: Step step_2
2026-01-19T03:47:06.4034410Z     ✅ Step step_2 Passed.
2026-01-19T03:47:06.4035008Z   ▶️ [STEP step_2_ai_1] FILL: Search for Vegetables and Fruits
2026-01-19T03:47:06.4035671Z     🎯 Using mined locator: input
2026-01-19T03:47:06.4036158Z     ✅ Step step_2_ai_1 Passed.
2026-01-19T03:47:06.4036635Z   ▶️ [STEP step_2_ai_2] CLICK: ADD TO CART
2026-01-19T03:47:06.4037278Z     🎯 Using mined locator: role=button[name='ADD TO CART']
2026-01-19T03:47:06.4038271Z     ✅ Step step_2_ai_2 Passed.
2026-01-19T03:47:06.4038796Z   ▶️ [STEP step_2_ai_3] CLICK: PROCEED TO CHECKOUT
2026-01-19T03:47:06.4039344Z     🎯 Using mined locator: button
2026-01-19T03:47:06.4039779Z     ✅ Step step_2_ai_3 Passed.
2026-01-19T03:47:06.4040337Z   ▶️ [STEP step_2_ai_4] CLICK: ADD TO CART
2026-01-19T03:47:06.4041299Z     🎯 Using mined locator: button:nth-of-type(1)
2026-01-19T03:47:06.4042304Z     ✅ Step step_2_ai_4 Passed.
2026-01-19T03:47:06.4042577Z   ▶️ [STEP step_3] FILL: Search
2026-01-19T03:47:06.4043066Z     🎯 Using mined locator: [placeholder='Search for Vegetables and Fruits']
2026-01-19T03:47:06.4043798Z     ✅ Step step_3 Passed.
2026-01-19T03:47:06.4044341Z   ▶️ [STEP step_4] WAIT_FOR_ELEMENT: ADD TO CART
2026-01-19T03:47:06.4044731Z     🎯 Using mined locator: role=button[name='ADD TO CART']
2026-01-19T03:47:06.4045074Z     ✅ Step step_4 Passed.
2026-01-19T03:47:06.4045402Z   ▶️ [STEP step_4_ai_1] FILL: Search for Vegetables and Fruits
2026-01-19T03:47:06.4045913Z     🎯 Using mined locator: input[placeholder='Search for Vegetables and Fruits']
2026-01-19T03:47:06.4046572Z     ✅ Step step_4_ai_1 Passed.
2026-01-19T03:47:06.4047079Z   ▶️ [STEP step_5] CLICK: ADD TO CART
2026-01-19T03:47:06.4047515Z     🎯 Using mined locator: role=button[name='ADD TO CART']
2026-01-19T03:47:06.4047890Z     ✅ Step step_5 Passed.
2026-01-19T03:47:06.4048227Z   ▶️ [STEP step_5_ai_1] FILL: Search for Vegetables and Fruits
2026-01-19T03:47:06.4048567Z     🎯 Using mined locator: input
2026-01-19T03:47:06.4048829Z     ✅ Step step_5_ai_1 Passed.
2026-01-19T03:47:06.4049281Z   ▶️ [STEP step_6] ASSERT_VISIBLE: Cart
2026-01-19T03:47:06.4049938Z     🎯 Using mined locator: role=button[name='ADD TO CART']
2026-01-19T03:47:06.4050330Z     ✅ Step step_6 Passed.
2026-01-19T03:47:06.4050593Z   ▶️ [STEP step_6_ai_1] CLICK: ADD TO CART
2026-01-19T03:47:06.4050936Z     🎯 Using mined locator: button:has-text('ADD TO CART')
2026-01-19T03:47:06.4051258Z     ✅ Step step_6_ai_1 Passed.
2026-01-19T03:47:06.4051900Z   ▶️ [STEP step_6_ai_2] CLICK: CHECKOUT
2026-01-19T03:47:06.4052438Z     🎯 Using mined locator: #checkoutModalBtnOne
2026-01-19T03:47:06.4053252Z     ❌ Attempt 1 failed (element_not_found): Locator.click: Timeout 10000ms exceeded.
2026-01-19T03:47:06.4053846Z Call log:
2026-01-19T03:47:06.4054173Z   - waiting for locator("#checkoutModalBtnOne")
2026-01-19T03:47:06.4054619Z  ...
2026-01-19T03:47:06.4055044Z     🔧 [AUTO-HEAL] Re-mining page to find 'CHECKOUT'...
2026-01-19T03:47:06.4055585Z [DEBUG] Sending request to gemini-2.0-flash. Number of parts: 2
2026-01-19T03:47:06.4055926Z [DEBUG] Received response (Length: 515)
2026-01-19T03:47:06.4056298Z     ✨ AI successfully healed the step! Found 2 alternatives.
2026-01-19T03:47:06.4056715Z     ✨ AI successfully healed the step! New selector: CHECKOUT
2026-01-19T03:47:06.4057359Z     ❌ Attempt 2 failed (element_not_found): Locator.bounding_box: Timeout 30000ms exceeded.
2026-01-19T03:47:06.4057771Z Call log:
2026-01-19T03:47:06.4057962Z   - waiting for locator("CHECKOUT")
2026-01-19T03:47:06.4058193Z ...
2026-01-19T03:47:06.4058448Z     🔧 [AUTO-HEAL] Re-mining page to find 'CHECKOUT'...
2026-01-19T03:47:06.4058757Z [CACHE HIT] daf1ec6c... (hits: 1, misses: 1)
2026-01-19T03:47:06.4059117Z     ✨ AI successfully healed the step! Found 2 alternatives.
2026-01-19T03:47:06.4059760Z     ✨ AI successfully healed the step! New selector: CHECKOUT
2026-01-19T03:47:06.4060379Z     ❌ Attempt 3 failed (element_not_found): Locator.bounding_box: Timeout 30000ms exceeded.
2026-01-19T03:47:06.4060781Z Call log:
2026-01-19T03:47:06.4061032Z   - waiting for locator("CHECKOUT")
2026-01-19T03:47:06.4061693Z ...
2026-01-19T03:47:06.4061992Z     💀 Step step_6_ai_2 failed after all retries.
2026-01-19T03:47:06.4062453Z 🛑 Scenario 'Search and Add Items to Cart' aborted due to step failure.
2026-01-19T03:47:06.4062833Z 
2026-01-19T03:47:06.4062947Z --- Scenario: Add Multiple Items to Cart ---
2026-01-19T03:47:06.4063272Z   ▶️ [STEP step_1] NAVIGATE: Step step_1
2026-01-19T03:47:06.4063772Z     ✅ Step step_1 Passed.
2026-01-19T03:47:06.4064039Z   ▶️ [STEP step_2] ASSERT_URL: Step step_2
2026-01-19T03:47:06.4064315Z     ✅ Step step_2 Passed.
2026-01-19T03:47:06.4064751Z   ▶️ [STEP step_2_ai_1] FILL: Search for Vegetables and Fruits
2026-01-19T03:47:06.4065106Z     🎯 Using mined locator: input
2026-01-19T03:47:06.4065388Z     ✅ Step step_2_ai_1 Passed.
2026-01-19T03:47:06.4065656Z   ▶️ [STEP step_2_ai_2] CLICK: ADD TO CART
2026-01-19T03:47:06.4066006Z     🎯 Using mined locator: role=button[name='ADD TO CART']
2026-01-19T03:47:06.4066330Z     ✅ Step step_2_ai_2 Passed.
2026-01-19T03:47:06.4066620Z   ▶️ [STEP step_2_ai_3] CLICK: PROCEED TO CHECKOUT
2026-01-19T03:47:06.4066929Z     🎯 Using mined locator: button
2026-01-19T03:47:06.4067192Z     ✅ Step step_2_ai_3 Passed.
2026-01-19T03:47:06.4069220Z   ▶️ [STEP step_2_ai_4] CLICK: ADD TO CART
2026-01-19T03:47:06.4069778Z     🎯 Using mined locator: button:nth-of-type(1)
2026-01-19T03:47:06.4070351Z     ✅ Step step_2_ai_4 Passed.
2026-01-19T03:47:06.4070785Z   ▶️ [STEP step_3] FILL: Search
2026-01-19T03:47:06.4071959Z     🎯 Using mined locator: [placeholder='Search for Vegetables and Fruits']
2026-01-19T03:47:06.4072652Z     ✅ Step step_3 Passed.
2026-01-19T03:47:06.4073121Z   ▶️ [STEP step_4] WAIT_FOR_ELEMENT: ADD TO CART
2026-01-19T03:47:06.4073593Z     🎯 Using mined locator: role=button[name='ADD TO CART']
2026-01-19T03:47:06.4073926Z     ✅ Step step_4 Passed.
2026-01-19T03:47:06.4074377Z   ▶️ [STEP step_4_ai_1] FILL: Search for Vegetables and Fruits
2026-01-19T03:47:06.4074739Z     🎯 Using mined locator: input
2026-01-19T03:47:06.4075012Z     ✅ Step step_4_ai_1 Passed.
2026-01-19T03:47:06.4075285Z   ▶️ [STEP step_5] CLICK: ADD TO CART
2026-01-19T03:47:06.4075632Z     🎯 Using mined locator: role=button[name='ADD TO CART']
2026-01-19T03:47:06.4075968Z     ✅ Step step_5 Passed.
2026-01-19T03:47:06.4076215Z   ▶️ [STEP step_6] FILL: Search
2026-01-19T03:47:06.4076609Z     🎯 Using mined locator: [placeholder='Search for Vegetables and Fruits']
2026-01-19T03:47:06.4077008Z     ✅ Step step_6 Passed.
2026-01-19T03:47:06.4077285Z   ▶️ [STEP step_7] WAIT_FOR_ELEMENT: ADD TO CART
2026-01-19T03:47:06.4077752Z     🎯 Using mined locator: role=button[name='ADD TO CART']
2026-01-19T03:47:06.4078073Z     ✅ Step step_7 Passed.
2026-01-19T03:47:06.4078380Z   ▶️ [STEP step_7_ai_1] FILL: Search for Vegetables and Fruits
2026-01-19T03:47:06.4078736Z     🎯 Using mined locator: input
2026-01-19T03:47:06.4079001Z     ✅ Step step_7_ai_1 Passed.
2026-01-19T03:47:06.4079262Z   ▶️ [STEP step_8] CLICK: ADD TO CART
2026-01-19T03:47:06.4079591Z     🎯 Using mined locator: role=button[name='ADD TO CART']
2026-01-19T03:47:06.4079919Z     ✅ Step step_8 Passed.
2026-01-19T03:47:06.4080223Z   ▶️ [STEP step_8_ai_1] FILL: Search for Vegetables and Fruits
2026-01-19T03:47:06.4080557Z     🎯 Using mined locator: input
2026-01-19T03:47:06.4080810Z     ✅ Step step_8_ai_1 Passed.
2026-01-19T03:47:06.4081069Z   ▶️ [STEP step_9] ASSERT_VISIBLE: Cart
2026-01-19T03:47:06.4081796Z     🎯 Using mined locator: role=button[name='ADD TO CART']
2026-01-19T03:47:06.4082126Z     ✅ Step step_9 Passed.
2026-01-19T03:47:06.4082380Z   ▶️ [STEP step_9_ai_1] CLICK: ADD TO CART
2026-01-19T03:47:06.4082726Z     🎯 Using mined locator: button:has-text('ADD TO CART')
2026-01-19T03:47:06.4083052Z     ✅ Step step_9_ai_1 Passed.
2026-01-19T03:47:06.4083519Z   ▶️ [STEP step_9_ai_2] FILL: input
2026-01-19T03:47:06.4083808Z     🎯 Using mined locator: input
2026-01-19T03:47:06.4084060Z     ✅ Step step_9_ai_2 Passed.
2026-01-19T03:47:06.4084377Z   ▶️ [STEP step_9_ai_3] FILL: Search for Vegetables and Fruits
2026-01-19T03:47:06.4084839Z     🎯 Using mined locator: input
2026-01-19T03:47:06.4085100Z     ✅ Step step_9_ai_3 Passed.
2026-01-19T03:47:06.4085437Z ✅ Scenario 'Add Multiple Items to Cart' completed successfully!
2026-01-19T03:47:06.4085690Z 
2026-01-19T03:47:06.4085788Z --- Scenario: Empty Search Results ---
2026-01-19T03:47:06.4086093Z   ▶️ [STEP step_1] NAVIGATE: Step step_1
2026-01-19T03:47:06.4086527Z     ✅ Step step_1 Passed.
2026-01-19T03:47:06.4086785Z   ▶️ [STEP step_2] ASSERT_URL: Step step_2
2026-01-19T03:47:06.4087062Z     ✅ Step step_2 Passed.
2026-01-19T03:47:06.4087374Z   ▶️ [STEP step_2_ai_1] FILL: Search for Vegetables and Fruits
2026-01-19T03:47:06.4087716Z     🎯 Using mined locator: input
2026-01-19T03:47:06.4087976Z     ✅ Step step_2_ai_1 Passed.
2026-01-19T03:47:06.4088254Z   ▶️ [STEP step_2_ai_2] CLICK: ADD TO CART
2026-01-19T03:47:06.4088606Z     🎯 Using mined locator: role=button[name='ADD TO CART']
2026-01-19T03:47:06.4089007Z     ✅ Step step_2_ai_2 Passed.
2026-01-19T03:47:06.4089339Z   ▶️ [STEP step_2_ai_3] CLICK: PROCEED TO CHECKOUT
2026-01-19T03:47:06.4089656Z     🎯 Using mined locator: button
2026-01-19T03:47:06.4089924Z     ✅ Step step_2_ai_3 Passed.
2026-01-19T03:47:06.4090194Z   ▶️ [STEP step_2_ai_4] CLICK: ADD TO CART
2026-01-19T03:47:06.4090518Z     🎯 Using mined locator: button:nth-of-type(1)
2026-01-19T03:47:06.4090814Z     ✅ Step step_2_ai_4 Passed.
2026-01-19T03:47:06.4091080Z   ▶️ [STEP step_3] FILL: Search
2026-01-19T03:47:06.4091674Z     🎯 Using mined locator: [placeholder='Search for Vegetables and Fruits']
2026-01-19T03:47:06.4092077Z     ✅ Step step_3 Passed.
2026-01-19T03:47:06.4092409Z   ▶️ [STEP step_4] WAIT: Step step_4
2026-01-19T03:47:06.4092696Z     ✅ Step step_4 Passed.
2026-01-19T03:47:06.4093025Z   ▶️ [STEP step_4_ai_1] FILL: Search for Vegetables and Fruits
2026-01-19T03:47:06.4093513Z     🎯 Using mined locator: input[placeholder='Search for Vegetables and Fruits']
2026-01-19T03:47:06.4093910Z     ✅ Step step_4_ai_1 Passed.
2026-01-19T03:47:06.4094238Z ✅ Scenario 'Empty Search Results' completed successfully!
2026-01-19T03:47:06.4094470Z 
2026-01-19T03:47:06.4094571Z ============================================================
2026-01-19T03:47:06.4094871Z 🎯 EXECUTION SUMMARY
2026-01-19T03:47:06.4095081Z ============================================================
2026-01-19T03:47:06.4095278Z 
2026-01-19T03:47:06.4095390Z 📋 Scenario Overview:
2026-01-19T03:47:06.4095633Z    • Total Scenarios Planned: 3
2026-01-19T03:47:06.4095891Z    • Scenarios Executed: 3
2026-01-19T03:47:06.4096139Z    • Total Steps Executed: 42
2026-01-19T03:47:06.4096281Z 
2026-01-19T03:47:06.4096369Z ✅ Results:
2026-01-19T03:47:06.4096562Z    ✅ Passed: 2 (66%)
2026-01-19T03:47:06.4096773Z    ❌ Failed: 1 (33%)
2026-01-19T03:47:06.4096883Z 
2026-01-19T03:47:06.4096999Z ⚠️  Failed Scenarios:
2026-01-19T03:47:06.4097225Z    • Search and Add Items to Cart
2026-01-19T03:47:06.4097384Z 
2026-01-19T03:47:06.4097477Z ============================================================
2026-01-19T03:47:06.4097665Z 
2026-01-19T03:47:06.4098153Z 🏁 Execution Finished. Report: /home/runner/work/build_qa_automation/build_qa_automation/projects/ci_rahulshetty_shop/execution.json
2026-01-19T03:47:06.5325105Z 
2026-01-19T03:47:06.5325633Z [PHASE] Running Phase: DISCOVERY
2026-01-19T03:47:06.5327726Z    Command: /opt/hostedtoolcache/Python/3.11.14/x64/bin/python /home/runner/work/build_qa_automation/build_qa_automation/core/agents/discovery.py --project /home/runner/work/build_qa_automation/build_qa_automation/projects/ci_rahulshetty_shop --url https://rahulshettyacademy.com/seleniumPractise/ --deep
2026-01-19T03:47:06.5330211Z ✅ Phase 'discovery' completed successfully.
2026-01-19T03:47:06.5330532Z 
2026-01-19T03:47:06.5330667Z [PHASE] Running Phase: PLANNING
2026-01-19T03:47:06.5333204Z    Command: /opt/hostedtoolcache/Python/3.11.14/x64/bin/python /home/runner/work/build_qa_automation/build_qa_automation/core/agents/planner.py --project /home/runner/work/build_qa_automation/build_qa_automation/projects/ci_rahulshetty_shop --goal Search and add items to cart --url https://rahulshettyacademy.com/seleniumPractise/ --deep
2026-01-19T03:47:06.5335380Z ✅ Phase 'planning' completed successfully.
2026-01-19T03:47:06.5335690Z 
2026-01-19T03:47:06.5335823Z [PHASE] Running Phase: EXPLORATION
2026-01-19T03:47:06.5337350Z    Command: /opt/hostedtoolcache/Python/3.11.14/x64/bin/python /home/runner/work/build_qa_automation/build_qa_automation/core/agents/deep_explorer.py --project /home/runner/work/build_qa_automation/build_qa_automation/projects/ci_rahulshetty_shop
2026-01-19T03:47:06.5339257Z ✅ Phase 'exploration' completed successfully.
2026-01-19T03:47:06.5339824Z 📊 Exploration Discovery Success Rate: 89.7%
2026-01-19T03:47:06.5340112Z 
2026-01-19T03:47:06.5340268Z [PHASE] Running Phase: EXECUTION
2026-01-19T03:47:06.5341976Z    Command: /opt/hostedtoolcache/Python/3.11.14/x64/bin/python /home/runner/work/build_qa_automation/build_qa_automation/core/agents/executor.py --project /home/runner/work/build_qa_automation/build_qa_automation/projects/ci_rahulshetty_shop
2026-01-19T03:47:06.5343575Z ✅ Phase 'execution' completed successfully.
2026-01-19T03:47:06.5343872Z 
2026-01-19T03:47:06.5344023Z [DONE] Pipeline Execution Finished! [DONE]
2026-01-19T03:47:06.6644990Z ##[group]Run RESULT_FILE="projects/ci_rahulshetty_shop/execution.json"
2026-01-19T03:47:06.6645519Z [36;1mRESULT_FILE="projects/ci_rahulshetty_shop/execution.json"[0m
2026-01-19T03:47:06.6645896Z [36;1mif [ -f "$RESULT_FILE" ]; then[0m
2026-01-19T03:47:06.6646237Z [36;1m  echo "✅ Results generated successfully: $RESULT_FILE"[0m
2026-01-19T03:47:06.6646693Z [36;1m  cat "$RESULT_FILE" | jq '.scenarios | length' || echo "Result file exists"[0m
2026-01-19T03:47:06.6647059Z [36;1melse[0m
2026-01-19T03:47:06.6647291Z [36;1m  echo "❌ No result file found at $RESULT_FILE"[0m
2026-01-19T03:47:06.6647566Z [36;1m  exit 1[0m
2026-01-19T03:47:06.6647739Z [36;1mfi[0m
2026-01-19T03:47:06.6680087Z shell: /usr/bin/bash -e {0}
2026-01-19T03:47:06.6680316Z env:
2026-01-19T03:47:06.6680571Z   pythonLocation: /opt/hostedtoolcache/Python/3.11.14/x64
2026-01-19T03:47:06.6681000Z   PKG_CONFIG_PATH: /opt/hostedtoolcache/Python/3.11.14/x64/lib/pkgconfig
2026-01-19T03:47:06.6681653Z   Python_ROOT_DIR: /opt/hostedtoolcache/Python/3.11.14/x64
2026-01-19T03:47:06.6682032Z   Python2_ROOT_DIR: /opt/hostedtoolcache/Python/3.11.14/x64
2026-01-19T03:47:06.6682407Z   Python3_ROOT_DIR: /opt/hostedtoolcache/Python/3.11.14/x64
2026-01-19T03:47:06.6682782Z   LD_LIBRARY_PATH: /opt/hostedtoolcache/Python/3.11.14/x64/lib
2026-01-19T03:47:06.6683092Z ##[endgroup]
2026-01-19T03:47:06.6737555Z ✅ Results generated successfully: projects/ci_rahulshetty_shop/execution.json
2026-01-19T03:47:06.6764373Z 3
2026-01-19T03:47:06.7005539Z ##[group]Run actions/upload-artifact@v4
2026-01-19T03:47:06.7005831Z with:
2026-01-19T03:47:06.7006032Z   name: rahulshetty_shop-execution-results
2026-01-19T03:47:06.7006489Z   path: projects/ci_rahulshetty_shop/execution.json
projects/ci_rahulshetty_shop/workflow.json

2026-01-19T03:47:06.7007407Z   retention-days: 30
2026-01-19T03:47:06.7007613Z   if-no-files-found: warn
2026-01-19T03:47:06.7007825Z   compression-level: 6
2026-01-19T03:47:06.7008020Z   overwrite: false
2026-01-19T03:47:06.7008212Z   include-hidden-files: false
2026-01-19T03:47:06.7008425Z env:
2026-01-19T03:47:06.7008647Z   pythonLocation: /opt/hostedtoolcache/Python/3.11.14/x64
2026-01-19T03:47:06.7009067Z   PKG_CONFIG_PATH: /opt/hostedtoolcache/Python/3.11.14/x64/lib/pkgconfig
2026-01-19T03:47:06.7009468Z   Python_ROOT_DIR: /opt/hostedtoolcache/Python/3.11.14/x64
2026-01-19T03:47:06.7009826Z   Python2_ROOT_DIR: /opt/hostedtoolcache/Python/3.11.14/x64
2026-01-19T03:47:06.7010213Z   Python3_ROOT_DIR: /opt/hostedtoolcache/Python/3.11.14/x64
2026-01-19T03:47:06.7010572Z   LD_LIBRARY_PATH: /opt/hostedtoolcache/Python/3.11.14/x64/lib
2026-01-19T03:47:06.7010868Z ##[endgroup]
2026-01-19T03:47:06.9265412Z Multiple search paths detected. Calculating the least common ancestor of all paths
2026-01-19T03:47:06.9270119Z The least common ancestor is /home/runner/work/build_qa_automation/build_qa_automation/projects/ci_rahulshetty_shop. This will be the root directory of the artifact
2026-01-19T03:47:06.9271654Z With the provided path, there will be 2 files uploaded
2026-01-19T03:47:06.9277341Z Artifact name is valid!
2026-01-19T03:47:06.9279190Z Root directory input is valid!
2026-01-19T03:47:07.2561472Z Beginning upload of artifact content to blob storage
2026-01-19T03:47:07.5474376Z Uploaded bytes 2087
2026-01-19T03:47:07.6239175Z Finished uploading artifact content to blob storage!
2026-01-19T03:47:07.6243670Z SHA256 digest of uploaded artifact zip is 565bd1b8085f3aca15efa21f21153f83eed6a65e2faa61b8d8ca16a796b6c09f
2026-01-19T03:47:07.6247258Z Finalizing artifact upload
2026-01-19T03:47:07.7727886Z Artifact rahulshetty_shop-execution-results.zip successfully finalized. Artifact ID 5172201230
2026-01-19T03:47:07.7728950Z Artifact rahulshetty_shop-execution-results has been successfully uploaded! Final size is 2087 bytes. Artifact ID is 5172201230
2026-01-19T03:47:07.7737553Z Artifact download URL: https://github.com/vishvasmca-cmd/build_qa_automation/actions/runs/21124435194/artifacts/5172201230
2026-01-19T03:47:07.8036954Z Post job cleanup.
2026-01-19T03:47:07.9563345Z Cache hit occurred on the primary key setup-python-Linux-x64-24.04-Ubuntu-python-3.11.14-pip-dde08d0e0b672972dcda9f1a063036a2e0c226f5d0a20362e9401931676d80a4, not saving cache.
2026-01-19T03:47:08.0010802Z Post job cleanup.
2026-01-19T03:47:08.1065973Z [command]/usr/bin/git version
2026-01-19T03:47:08.1118312Z git version 2.52.0
2026-01-19T03:47:08.1177303Z Temporarily overriding HOME='/home/runner/work/_temp/1b29900a-13f4-4792-a234-2df69c82d609' before making global git config changes
2026-01-19T03:47:08.1178624Z Adding repository directory to the temporary git global config as a safe directory
2026-01-19T03:47:08.1192109Z [command]/usr/bin/git config --global --add safe.directory /home/runner/work/build_qa_automation/build_qa_automation
2026-01-19T03:47:08.1233649Z [command]/usr/bin/git config --local --name-only --get-regexp core\.sshCommand
2026-01-19T03:47:08.1270411Z [command]/usr/bin/git submodule foreach --recursive sh -c "git config --local --name-only --get-regexp 'core\.sshCommand' && git config --local --unset-all 'core.sshCommand' || :"
2026-01-19T03:47:08.1528954Z [command]/usr/bin/git config --local --name-only --get-regexp http\.https\:\/\/github\.com\/\.extraheader
2026-01-19T03:47:08.1553309Z http.https://github.com/.extraheader
2026-01-19T03:47:08.1566581Z [command]/usr/bin/git config --local --unset-all http.https://github.com/.extraheader
2026-01-19T03:47:08.1600537Z [command]/usr/bin/git submodule foreach --recursive sh -c "git config --local --name-only --get-regexp 'http\.https\:\/\/github\.com\/\.extraheader' && git config --local --unset-all 'http.https://github.com/.extraheader' || :"
2026-01-19T03:47:08.1843480Z [command]/usr/bin/git config --local --name-only --get-regexp ^includeIf\.gitdir:
2026-01-19T03:47:08.1877397Z [command]/usr/bin/git submodule foreach --recursive git config --local --show-origin --name-only --get-regexp remote.origin.url
2026-01-19T03:47:08.2231017Z Cleaning up orphan processes
