2026-01-18T23:48:09.3438700Z Current runner version: '2.331.0'
2026-01-18T23:48:09.3462899Z ##[group]Runner Image Provisioner
2026-01-18T23:48:09.3463813Z Hosted Compute Agent
2026-01-18T23:48:09.3464355Z Version: 20251211.462
2026-01-18T23:48:09.3464958Z Commit: 6cbad8c2bb55d58165063d031ccabf57e2d2db61
2026-01-18T23:48:09.3466088Z Build Date: 2025-12-11T16:28:49Z
2026-01-18T23:48:09.3466809Z Worker ID: {aabd5732-97ab-4944-8b94-1ed035986236}
2026-01-18T23:48:09.3467475Z ##[endgroup]
2026-01-18T23:48:09.3468198Z ##[group]Operating System
2026-01-18T23:48:09.3468797Z Ubuntu
2026-01-18T23:48:09.3469335Z 24.04.3
2026-01-18T23:48:09.3469781Z LTS
2026-01-18T23:48:09.3470248Z ##[endgroup]
2026-01-18T23:48:09.3470772Z ##[group]Runner Image
2026-01-18T23:48:09.3471309Z Image: ubuntu-24.04
2026-01-18T23:48:09.3471825Z Version: 20260111.209.1
2026-01-18T23:48:09.3472793Z Included Software: https://github.com/actions/runner-images/blob/ubuntu24/20260111.209/images/ubuntu/Ubuntu2404-Readme.md
2026-01-18T23:48:09.3474581Z Image Release: https://github.com/actions/runner-images/releases/tag/ubuntu24%2F20260111.209
2026-01-18T23:48:09.3475590Z ##[endgroup]
2026-01-18T23:48:09.3477071Z ##[group]GITHUB_TOKEN Permissions
2026-01-18T23:48:09.3478966Z Contents: read
2026-01-18T23:48:09.3479543Z Metadata: read
2026-01-18T23:48:09.3480045Z Packages: read
2026-01-18T23:48:09.3480597Z ##[endgroup]
2026-01-18T23:48:09.3482635Z Secret source: Actions
2026-01-18T23:48:09.3483314Z Prepare workflow directory
2026-01-18T23:48:09.4560279Z Prepare all required actions
2026-01-18T23:48:09.4597021Z Getting action download info
2026-01-18T23:48:09.7410521Z Download action repository 'actions/checkout@v4' (SHA:34e114876b0b11c390a56381ad16ebd13914f8d5)
2026-01-18T23:48:09.8571851Z Download action repository 'actions/setup-python@v5' (SHA:a26af69be951a213d495a4c3e4e4022e16d87065)
2026-01-18T23:48:09.9401358Z Download action repository 'actions/upload-artifact@v4' (SHA:ea165f8d65b6e75b540449e92b4886f43607fa02)
2026-01-18T23:48:10.2791489Z Complete job name: test-websites-deep (automation_practice, http://www.automationpractice.pl/, Practice automation s...
2026-01-18T23:48:10.5093215Z ##[group]Run actions/checkout@v4
2026-01-18T23:48:10.5094229Z with:
2026-01-18T23:48:10.5094740Z   repository: vishvasmca-cmd/build_qa_automation
2026-01-18T23:48:10.5095585Z   token: ***
2026-01-18T23:48:10.5096179Z   ssh-strict: true
2026-01-18T23:48:10.5096620Z   ssh-user: git
2026-01-18T23:48:10.5097053Z   persist-credentials: true
2026-01-18T23:48:10.5097551Z   clean: true
2026-01-18T23:48:10.5097999Z   sparse-checkout-cone-mode: true
2026-01-18T23:48:10.5098522Z   fetch-depth: 1
2026-01-18T23:48:10.5098948Z   fetch-tags: false
2026-01-18T23:48:10.5099378Z   show-progress: true
2026-01-18T23:48:10.5099850Z   lfs: false
2026-01-18T23:48:10.5100263Z   submodules: false
2026-01-18T23:48:10.5100730Z   set-safe-directory: true
2026-01-18T23:48:10.5101811Z ##[endgroup]
2026-01-18T23:48:10.6170441Z Syncing repository: vishvasmca-cmd/build_qa_automation
2026-01-18T23:48:10.6172303Z ##[group]Getting Git version info
2026-01-18T23:48:10.6173280Z Working directory is '/home/runner/work/build_qa_automation/build_qa_automation'
2026-01-18T23:48:10.6174423Z [command]/usr/bin/git version
2026-01-18T23:48:10.6251077Z git version 2.52.0
2026-01-18T23:48:10.6276876Z ##[endgroup]
2026-01-18T23:48:10.6290939Z Temporarily overriding HOME='/home/runner/work/_temp/aa360d5e-93af-4a31-9c4b-0afdb1d97e26' before making global git config changes
2026-01-18T23:48:10.6292520Z Adding repository directory to the temporary git global config as a safe directory
2026-01-18T23:48:10.6303690Z [command]/usr/bin/git config --global --add safe.directory /home/runner/work/build_qa_automation/build_qa_automation
2026-01-18T23:48:10.6342563Z Deleting the contents of '/home/runner/work/build_qa_automation/build_qa_automation'
2026-01-18T23:48:10.6346211Z ##[group]Initializing the repository
2026-01-18T23:48:10.6350683Z [command]/usr/bin/git init /home/runner/work/build_qa_automation/build_qa_automation
2026-01-18T23:48:10.6480346Z hint: Using 'master' as the name for the initial branch. This default branch name
2026-01-18T23:48:10.6482794Z hint: will change to "main" in Git 3.0. To configure the initial branch name
2026-01-18T23:48:10.6484611Z hint: to use in all of your new repositories, which will suppress this warning,
2026-01-18T23:48:10.6486137Z hint: call:
2026-01-18T23:48:10.6486728Z hint:
2026-01-18T23:48:10.6487286Z hint: 	git config --global init.defaultBranch <name>
2026-01-18T23:48:10.6488318Z hint:
2026-01-18T23:48:10.6488945Z hint: Names commonly chosen instead of 'master' are 'main', 'trunk' and
2026-01-18T23:48:10.6489929Z hint: 'development'. The just-created branch can be renamed via this command:
2026-01-18T23:48:10.6490788Z hint:
2026-01-18T23:48:10.6491470Z hint: 	git branch -m <name>
2026-01-18T23:48:10.6492081Z hint:
2026-01-18T23:48:10.6492707Z hint: Disable this message with "git config set advice.defaultBranchName false"
2026-01-18T23:48:10.6493975Z Initialized empty Git repository in /home/runner/work/build_qa_automation/build_qa_automation/.git/
2026-01-18T23:48:10.6496924Z [command]/usr/bin/git remote add origin https://github.com/vishvasmca-cmd/build_qa_automation
2026-01-18T23:48:10.6529727Z ##[endgroup]
2026-01-18T23:48:10.6530531Z ##[group]Disabling automatic garbage collection
2026-01-18T23:48:10.6533416Z [command]/usr/bin/git config --local gc.auto 0
2026-01-18T23:48:10.6561656Z ##[endgroup]
2026-01-18T23:48:10.6562400Z ##[group]Setting up auth
2026-01-18T23:48:10.6568027Z [command]/usr/bin/git config --local --name-only --get-regexp core\.sshCommand
2026-01-18T23:48:10.6600055Z [command]/usr/bin/git submodule foreach --recursive sh -c "git config --local --name-only --get-regexp 'core\.sshCommand' && git config --local --unset-all 'core.sshCommand' || :"
2026-01-18T23:48:10.6968121Z [command]/usr/bin/git config --local --name-only --get-regexp http\.https\:\/\/github\.com\/\.extraheader
2026-01-18T23:48:10.6998977Z [command]/usr/bin/git submodule foreach --recursive sh -c "git config --local --name-only --get-regexp 'http\.https\:\/\/github\.com\/\.extraheader' && git config --local --unset-all 'http.https://github.com/.extraheader' || :"
2026-01-18T23:48:10.7213957Z [command]/usr/bin/git config --local --name-only --get-regexp ^includeIf\.gitdir:
2026-01-18T23:48:10.7245113Z [command]/usr/bin/git submodule foreach --recursive git config --local --show-origin --name-only --get-regexp remote.origin.url
2026-01-18T23:48:10.7473916Z [command]/usr/bin/git config --local http.https://github.com/.extraheader AUTHORIZATION: basic ***
2026-01-18T23:48:10.7507218Z ##[endgroup]
2026-01-18T23:48:10.7508617Z ##[group]Fetching the repository
2026-01-18T23:48:10.7517095Z [command]/usr/bin/git -c protocol.version=2 fetch --no-tags --prune --no-recurse-submodules --depth=1 origin +10179ac5c7473147e4be3845796c28603a0fa5da:refs/remotes/origin/main
2026-01-18T23:48:11.5032035Z From https://github.com/vishvasmca-cmd/build_qa_automation
2026-01-18T23:48:11.5063175Z  * [new ref]         10179ac5c7473147e4be3845796c28603a0fa5da -> origin/main
2026-01-18T23:48:11.5068415Z ##[endgroup]
2026-01-18T23:48:11.5070309Z ##[group]Determining the checkout info
2026-01-18T23:48:11.5072506Z ##[endgroup]
2026-01-18T23:48:11.5073828Z [command]/usr/bin/git sparse-checkout disable
2026-01-18T23:48:11.5114165Z [command]/usr/bin/git config --local --unset-all extensions.worktreeConfig
2026-01-18T23:48:11.5140658Z ##[group]Checking out the ref
2026-01-18T23:48:11.5144186Z [command]/usr/bin/git checkout --progress --force -B main refs/remotes/origin/main
2026-01-18T23:48:11.6299727Z Switched to a new branch 'main'
2026-01-18T23:48:11.6302054Z branch 'main' set up to track 'origin/main'.
2026-01-18T23:48:11.6320877Z ##[endgroup]
2026-01-18T23:48:11.6363482Z [command]/usr/bin/git log -1 --format=%H
2026-01-18T23:48:11.6386681Z 10179ac5c7473147e4be3845796c28603a0fa5da
2026-01-18T23:48:11.7939195Z ##[group]Run actions/setup-python@v5
2026-01-18T23:48:11.7940357Z with:
2026-01-18T23:48:11.7941134Z   python-version: 3.11
2026-01-18T23:48:11.7942018Z   cache: pip
2026-01-18T23:48:11.7943119Z   check-latest: false
2026-01-18T23:48:11.7944281Z   token: ***
2026-01-18T23:48:11.7945089Z   update-environment: true
2026-01-18T23:48:11.7946206Z   allow-prereleases: false
2026-01-18T23:48:11.7947167Z   freethreaded: false
2026-01-18T23:48:11.7948021Z ##[endgroup]
2026-01-18T23:48:11.9616372Z ##[group]Installed versions
2026-01-18T23:48:11.9739371Z Successfully set up CPython (3.11.14)
2026-01-18T23:48:11.9741230Z ##[endgroup]
2026-01-18T23:48:12.0561794Z [command]/opt/hostedtoolcache/Python/3.11.14/x64/bin/pip cache dir
2026-01-18T23:48:12.4124337Z /home/runner/.cache/pip
2026-01-18T23:48:12.5222675Z Cache hit for: setup-python-Linux-x64-24.04-Ubuntu-python-3.11.14-pip-dde08d0e0b672972dcda9f1a063036a2e0c226f5d0a20362e9401931676d80a4
2026-01-18T23:48:13.5740419Z Received 251658240 of 254742636 (98.8%), 240.0 MBs/sec
2026-01-18T23:48:13.6523040Z Received 254742636 of 254742636 (100.0%), 225.2 MBs/sec
2026-01-18T23:48:13.6524333Z Cache Size: ~243 MB (254742636 B)
2026-01-18T23:48:13.6563764Z [command]/usr/bin/tar -xf /home/runner/work/_temp/24d967ea-ad3b-40a8-bbd1-4141dce40649/cache.tzst -P -C /home/runner/work/build_qa_automation/build_qa_automation --use-compress-program unzstd
2026-01-18T23:48:14.0280951Z Cache restored successfully
2026-01-18T23:48:14.0763945Z Cache restored from key: setup-python-Linux-x64-24.04-Ubuntu-python-3.11.14-pip-dde08d0e0b672972dcda9f1a063036a2e0c226f5d0a20362e9401931676d80a4
2026-01-18T23:48:14.1087330Z ##[group]Run pip install -r requirements.txt
2026-01-18T23:48:14.1087943Z [36;1mpip install -r requirements.txt[0m
2026-01-18T23:48:14.1088345Z [36;1mplaywright install chromium[0m
2026-01-18T23:48:14.1129338Z shell: /usr/bin/bash -e {0}
2026-01-18T23:48:14.1129714Z env:
2026-01-18T23:48:14.1130147Z   pythonLocation: /opt/hostedtoolcache/Python/3.11.14/x64
2026-01-18T23:48:14.1130991Z   PKG_CONFIG_PATH: /opt/hostedtoolcache/Python/3.11.14/x64/lib/pkgconfig
2026-01-18T23:48:14.1131985Z   Python_ROOT_DIR: /opt/hostedtoolcache/Python/3.11.14/x64
2026-01-18T23:48:14.1132562Z   Python2_ROOT_DIR: /opt/hostedtoolcache/Python/3.11.14/x64
2026-01-18T23:48:14.1133101Z   Python3_ROOT_DIR: /opt/hostedtoolcache/Python/3.11.14/x64
2026-01-18T23:48:14.1133639Z   LD_LIBRARY_PATH: /opt/hostedtoolcache/Python/3.11.14/x64/lib
2026-01-18T23:48:14.1134126Z ##[endgroup]
2026-01-18T23:48:14.7830200Z Collecting playwright (from -r requirements.txt (line 1))
2026-01-18T23:48:14.7846682Z   Using cached playwright-1.57.0-py3-none-manylinux1_x86_64.whl.metadata (3.5 kB)
2026-01-18T23:48:14.8049659Z Collecting python-dotenv (from -r requirements.txt (line 2))
2026-01-18T23:48:14.8064212Z   Using cached python_dotenv-1.2.1-py3-none-any.whl.metadata (25 kB)
2026-01-18T23:48:14.8356657Z Collecting requests (from -r requirements.txt (line 3))
2026-01-18T23:48:14.8370603Z   Using cached requests-2.32.5-py3-none-any.whl.metadata (4.9 kB)
2026-01-18T23:48:15.0065880Z Collecting pillow (from -r requirements.txt (line 4))
2026-01-18T23:48:15.0083361Z   Using cached pillow-12.1.0-cp311-cp311-manylinux_2_27_x86_64.manylinux_2_28_x86_64.whl.metadata (8.8 kB)
2026-01-18T23:48:15.0361019Z Collecting google-genai>=0.3.0 (from -r requirements.txt (line 5))
2026-01-18T23:48:15.0375429Z   Using cached google_genai-1.59.0-py3-none-any.whl.metadata (53 kB)
2026-01-18T23:48:15.0547201Z Collecting termcolor (from -r requirements.txt (line 6))
2026-01-18T23:48:15.0561093Z   Using cached termcolor-3.3.0-py3-none-any.whl.metadata (6.5 kB)
2026-01-18T23:48:15.0946401Z Collecting PyYAML (from -r requirements.txt (line 7))
2026-01-18T23:48:15.0960938Z   Using cached pyyaml-6.0.3-cp311-cp311-manylinux2014_x86_64.manylinux_2_17_x86_64.manylinux_2_28_x86_64.whl.metadata (2.4 kB)
2026-01-18T23:48:15.1540201Z Collecting opencv-python-headless (from -r requirements.txt (line 8))
2026-01-18T23:48:15.1554975Z   Using cached opencv_python_headless-4.13.0.90-cp37-abi3-manylinux_2_28_x86_64.whl.metadata (19 kB)
2026-01-18T23:48:15.3516911Z Collecting numpy (from -r requirements.txt (line 9))
2026-01-18T23:48:15.3534029Z   Using cached numpy-2.4.1-cp311-cp311-manylinux_2_27_x86_64.manylinux_2_28_x86_64.whl.metadata (6.6 kB)
2026-01-18T23:48:15.4330554Z Collecting faker (from -r requirements.txt (line 10))
2026-01-18T23:48:15.4351346Z   Using cached faker-40.1.2-py3-none-any.whl.metadata (16 kB)
2026-01-18T23:48:15.4555405Z Collecting pyee<14,>=13 (from playwright->-r requirements.txt (line 1))
2026-01-18T23:48:15.4575913Z   Using cached pyee-13.0.0-py3-none-any.whl.metadata (2.9 kB)
2026-01-18T23:48:15.5785381Z Collecting greenlet<4.0.0,>=3.1.1 (from playwright->-r requirements.txt (line 1))
2026-01-18T23:48:15.5800901Z   Using cached greenlet-3.3.0-cp311-cp311-manylinux_2_24_x86_64.manylinux_2_28_x86_64.whl.metadata (4.1 kB)
2026-01-18T23:48:15.6002824Z Collecting typing-extensions (from pyee<14,>=13->playwright->-r requirements.txt (line 1))
2026-01-18T23:48:15.6016407Z   Using cached typing_extensions-4.15.0-py3-none-any.whl.metadata (3.3 kB)
2026-01-18T23:48:15.6834829Z Collecting charset_normalizer<4,>=2 (from requests->-r requirements.txt (line 3))
2026-01-18T23:48:15.6850189Z   Using cached charset_normalizer-3.4.4-cp311-cp311-manylinux2014_x86_64.manylinux_2_17_x86_64.manylinux_2_28_x86_64.whl.metadata (37 kB)
2026-01-18T23:48:15.7025237Z Collecting idna<4,>=2.5 (from requests->-r requirements.txt (line 3))
2026-01-18T23:48:15.7038933Z   Using cached idna-3.11-py3-none-any.whl.metadata (8.4 kB)
2026-01-18T23:48:15.7330712Z Collecting urllib3<3,>=1.21.1 (from requests->-r requirements.txt (line 3))
2026-01-18T23:48:15.7344127Z   Using cached urllib3-2.6.3-py3-none-any.whl.metadata (6.9 kB)
2026-01-18T23:48:15.7575428Z Collecting certifi>=2017.4.17 (from requests->-r requirements.txt (line 3))
2026-01-18T23:48:15.7588952Z   Using cached certifi-2026.1.4-py3-none-any.whl.metadata (2.5 kB)
2026-01-18T23:48:15.7805293Z Collecting anyio<5.0.0,>=4.8.0 (from google-genai>=0.3.0->-r requirements.txt (line 5))
2026-01-18T23:48:15.7818797Z   Using cached anyio-4.12.1-py3-none-any.whl.metadata (4.3 kB)
2026-01-18T23:48:15.8171431Z Collecting google-auth<3.0.0,>=2.47.0 (from google-auth[requests]<3.0.0,>=2.47.0->google-genai>=0.3.0->-r requirements.txt (line 5))
2026-01-18T23:48:15.8184905Z   Using cached google_auth-2.47.0-py3-none-any.whl.metadata (6.4 kB)
2026-01-18T23:48:15.8451835Z Collecting httpx<1.0.0,>=0.28.1 (from google-genai>=0.3.0->-r requirements.txt (line 5))
2026-01-18T23:48:15.8465173Z   Using cached httpx-0.28.1-py3-none-any.whl.metadata (7.1 kB)
2026-01-18T23:48:15.9806437Z Collecting pydantic<3.0.0,>=2.9.0 (from google-genai>=0.3.0->-r requirements.txt (line 5))
2026-01-18T23:48:15.9820833Z   Using cached pydantic-2.12.5-py3-none-any.whl.metadata (90 kB)
2026-01-18T23:48:16.0101123Z Collecting tenacity<9.2.0,>=8.2.3 (from google-genai>=0.3.0->-r requirements.txt (line 5))
2026-01-18T23:48:16.0114205Z   Using cached tenacity-9.1.2-py3-none-any.whl.metadata (1.2 kB)
2026-01-18T23:48:16.0983376Z Collecting websockets<15.1.0,>=13.0.0 (from google-genai>=0.3.0->-r requirements.txt (line 5))
2026-01-18T23:48:16.0998605Z   Using cached websockets-15.0.1-cp311-cp311-manylinux_2_5_x86_64.manylinux1_x86_64.manylinux_2_17_x86_64.manylinux2014_x86_64.whl.metadata (6.8 kB)
2026-01-18T23:48:16.1164537Z Collecting distro<2,>=1.7.0 (from google-genai>=0.3.0->-r requirements.txt (line 5))
2026-01-18T23:48:16.1178176Z   Using cached distro-1.9.0-py3-none-any.whl.metadata (6.8 kB)
2026-01-18T23:48:16.1293844Z Collecting sniffio (from google-genai>=0.3.0->-r requirements.txt (line 5))
2026-01-18T23:48:16.1307409Z   Using cached sniffio-1.3.1-py3-none-any.whl.metadata (3.9 kB)
2026-01-18T23:48:16.1593022Z Collecting pyasn1-modules>=0.2.1 (from google-auth<3.0.0,>=2.47.0->google-auth[requests]<3.0.0,>=2.47.0->google-genai>=0.3.0->-r requirements.txt (line 5))
2026-01-18T23:48:16.1606373Z   Using cached pyasn1_modules-0.4.2-py3-none-any.whl.metadata (3.5 kB)
2026-01-18T23:48:16.1789163Z Collecting rsa<5,>=3.1.4 (from google-auth<3.0.0,>=2.47.0->google-auth[requests]<3.0.0,>=2.47.0->google-genai>=0.3.0->-r requirements.txt (line 5))
2026-01-18T23:48:16.1801856Z   Using cached rsa-4.9.1-py3-none-any.whl.metadata (5.6 kB)
2026-01-18T23:48:16.2089601Z Collecting httpcore==1.* (from httpx<1.0.0,>=0.28.1->google-genai>=0.3.0->-r requirements.txt (line 5))
2026-01-18T23:48:16.2102277Z   Using cached httpcore-1.0.9-py3-none-any.whl.metadata (21 kB)
2026-01-18T23:48:16.2251684Z Collecting h11>=0.16 (from httpcore==1.*->httpx<1.0.0,>=0.28.1->google-genai>=0.3.0->-r requirements.txt (line 5))
2026-01-18T23:48:16.2264120Z   Using cached h11-0.16.0-py3-none-any.whl.metadata (8.3 kB)
2026-01-18T23:48:16.2395492Z Collecting annotated-types>=0.6.0 (from pydantic<3.0.0,>=2.9.0->google-genai>=0.3.0->-r requirements.txt (line 5))
2026-01-18T23:48:16.2408428Z   Using cached annotated_types-0.7.0-py3-none-any.whl.metadata (15 kB)
2026-01-18T23:48:16.8877383Z Collecting pydantic-core==2.41.5 (from pydantic<3.0.0,>=2.9.0->google-genai>=0.3.0->-r requirements.txt (line 5))
2026-01-18T23:48:16.8892731Z   Using cached pydantic_core-2.41.5-cp311-cp311-manylinux_2_17_x86_64.manylinux2014_x86_64.whl.metadata (7.3 kB)
2026-01-18T23:48:16.9039506Z Collecting typing-inspection>=0.4.2 (from pydantic<3.0.0,>=2.9.0->google-genai>=0.3.0->-r requirements.txt (line 5))
2026-01-18T23:48:16.9052483Z   Using cached typing_inspection-0.4.2-py3-none-any.whl.metadata (2.6 kB)
2026-01-18T23:48:16.9724130Z Collecting pyasn1>=0.1.3 (from rsa<5,>=3.1.4->google-auth<3.0.0,>=2.47.0->google-auth[requests]<3.0.0,>=2.47.0->google-genai>=0.3.0->-r requirements.txt (line 5))
2026-01-18T23:48:16.9738397Z   Using cached pyasn1-0.6.2-py3-none-any.whl.metadata (8.4 kB)
2026-01-18T23:48:17.0001825Z Using cached playwright-1.57.0-py3-none-manylinux1_x86_64.whl (46.0 MB)
2026-01-18T23:48:17.0337704Z Using cached greenlet-3.3.0-cp311-cp311-manylinux_2_24_x86_64.manylinux_2_28_x86_64.whl (590 kB)
2026-01-18T23:48:17.0353745Z Using cached pyee-13.0.0-py3-none-any.whl (15 kB)
2026-01-18T23:48:17.0367209Z Using cached python_dotenv-1.2.1-py3-none-any.whl (21 kB)
2026-01-18T23:48:17.0380066Z Using cached requests-2.32.5-py3-none-any.whl (64 kB)
2026-01-18T23:48:17.0393603Z Using cached charset_normalizer-3.4.4-cp311-cp311-manylinux2014_x86_64.manylinux_2_17_x86_64.manylinux_2_28_x86_64.whl (151 kB)
2026-01-18T23:48:17.0406852Z Using cached idna-3.11-py3-none-any.whl (71 kB)
2026-01-18T23:48:17.0419756Z Using cached urllib3-2.6.3-py3-none-any.whl (131 kB)
2026-01-18T23:48:17.0433127Z Using cached pillow-12.1.0-cp311-cp311-manylinux_2_27_x86_64.manylinux_2_28_x86_64.whl (7.0 MB)
2026-01-18T23:48:17.0494945Z Using cached google_genai-1.59.0-py3-none-any.whl (719 kB)
2026-01-18T23:48:17.0511842Z Using cached anyio-4.12.1-py3-none-any.whl (113 kB)
2026-01-18T23:48:17.0525085Z Using cached distro-1.9.0-py3-none-any.whl (20 kB)
2026-01-18T23:48:17.0537806Z Using cached google_auth-2.47.0-py3-none-any.whl (234 kB)
2026-01-18T23:48:17.0551703Z Using cached httpx-0.28.1-py3-none-any.whl (73 kB)
2026-01-18T23:48:17.0564603Z Using cached httpcore-1.0.9-py3-none-any.whl (78 kB)
2026-01-18T23:48:17.0577633Z Using cached pydantic-2.12.5-py3-none-any.whl (463 kB)
2026-01-18T23:48:17.0593576Z Using cached pydantic_core-2.41.5-cp311-cp311-manylinux_2_17_x86_64.manylinux2014_x86_64.whl (2.1 MB)
2026-01-18T23:48:17.0619890Z Using cached rsa-4.9.1-py3-none-any.whl (34 kB)
2026-01-18T23:48:17.0632593Z Using cached tenacity-9.1.2-py3-none-any.whl (28 kB)
2026-01-18T23:48:17.0645279Z Using cached typing_extensions-4.15.0-py3-none-any.whl (44 kB)
2026-01-18T23:48:17.0658889Z Using cached websockets-15.0.1-cp311-cp311-manylinux_2_5_x86_64.manylinux1_x86_64.manylinux_2_17_x86_64.manylinux2014_x86_64.whl (182 kB)
2026-01-18T23:48:17.0672207Z Using cached termcolor-3.3.0-py3-none-any.whl (7.7 kB)
2026-01-18T23:48:17.0685077Z Using cached pyyaml-6.0.3-cp311-cp311-manylinux2014_x86_64.manylinux_2_17_x86_64.manylinux_2_28_x86_64.whl (806 kB)
2026-01-18T23:48:17.0703347Z Using cached opencv_python_headless-4.13.0.90-cp37-abi3-manylinux_2_28_x86_64.whl (62.5 MB)
2026-01-18T23:48:17.1160790Z Using cached numpy-2.4.1-cp311-cp311-manylinux_2_27_x86_64.manylinux_2_28_x86_64.whl (16.7 MB)
2026-01-18T23:48:17.1289543Z Using cached faker-40.1.2-py3-none-any.whl (2.0 MB)
2026-01-18T23:48:17.1317278Z Using cached annotated_types-0.7.0-py3-none-any.whl (13 kB)
2026-01-18T23:48:17.1330209Z Using cached certifi-2026.1.4-py3-none-any.whl (152 kB)
2026-01-18T23:48:17.1344179Z Using cached h11-0.16.0-py3-none-any.whl (37 kB)
2026-01-18T23:48:17.1357348Z Using cached pyasn1-0.6.2-py3-none-any.whl (83 kB)
2026-01-18T23:48:17.1370627Z Using cached pyasn1_modules-0.4.2-py3-none-any.whl (181 kB)
2026-01-18T23:48:17.1384047Z Using cached typing_inspection-0.4.2-py3-none-any.whl (14 kB)
2026-01-18T23:48:17.1396887Z Using cached sniffio-1.3.1-py3-none-any.whl (10 kB)
2026-01-18T23:48:17.3403577Z Installing collected packages: websockets, urllib3, typing-extensions, termcolor, tenacity, sniffio, PyYAML, python-dotenv, pyasn1, pillow, numpy, idna, h11, greenlet, faker, distro, charset_normalizer, certifi, annotated-types, typing-inspection, rsa, requests, pyee, pydantic-core, pyasn1-modules, opencv-python-headless, httpcore, anyio, pydantic, playwright, httpx, google-auth, google-genai
2026-01-18T23:48:24.2642998Z 
2026-01-18T23:48:24.2667225Z Successfully installed PyYAML-6.0.3 annotated-types-0.7.0 anyio-4.12.1 certifi-2026.1.4 charset_normalizer-3.4.4 distro-1.9.0 faker-40.1.2 google-auth-2.47.0 google-genai-1.59.0 greenlet-3.3.0 h11-0.16.0 httpcore-1.0.9 httpx-0.28.1 idna-3.11 numpy-2.4.1 opencv-python-headless-4.13.0.90 pillow-12.1.0 playwright-1.57.0 pyasn1-0.6.2 pyasn1-modules-0.4.2 pydantic-2.12.5 pydantic-core-2.41.5 pyee-13.0.0 python-dotenv-1.2.1 requests-2.32.5 rsa-4.9.1 sniffio-1.3.1 tenacity-9.1.2 termcolor-3.3.0 typing-extensions-4.15.0 typing-inspection-0.4.2 urllib3-2.6.3 websockets-15.0.1
2026-01-18T23:48:24.8695252Z Downloading Chromium 143.0.7499.4 (playwright build v1200) from https://cdn.playwright.dev/dbazure/download/playwright/builds/chromium/1200/chromium-linux.zip
2026-01-18T23:48:24.9711233Z (node:2185) [DEP0169] DeprecationWarning: `url.parse()` behavior is not standardized and prone to errors that have security implications. Use the WHATWG URL API instead. CVEs are not issued for `url.parse()` vulnerabilities.
2026-01-18T23:48:24.9713007Z (Use `node --trace-deprecation ...` to show where the warning was created)
2026-01-18T23:48:25.1552655Z |                                                                                |   0% of 164.7 MiB
2026-01-18T23:48:25.2740367Z |■■■■■■■■                                                                        |  10% of 164.7 MiB
2026-01-18T23:48:25.3559302Z |■■■■■■■■■■■■■■■■                                                                |  20% of 164.7 MiB
2026-01-18T23:48:25.4422895Z |■■■■■■■■■■■■■■■■■■■■■■■■                                                        |  30% of 164.7 MiB
2026-01-18T23:48:25.5172767Z |■■■■■■■■■■■■■■■■■■■■■■■■■■■■■■■■                                                |  40% of 164.7 MiB
2026-01-18T23:48:25.5816276Z |■■■■■■■■■■■■■■■■■■■■■■■■■■■■■■■■■■■■■■■■                                        |  50% of 164.7 MiB
2026-01-18T23:48:25.6476233Z |■■■■■■■■■■■■■■■■■■■■■■■■■■■■■■■■■■■■■■■■■■■■■■■■                                |  60% of 164.7 MiB
2026-01-18T23:48:25.7015469Z |■■■■■■■■■■■■■■■■■■■■■■■■■■■■■■■■■■■■■■■■■■■■■■■■■■■■■■■■                        |  70% of 164.7 MiB
2026-01-18T23:48:25.7609422Z |■■■■■■■■■■■■■■■■■■■■■■■■■■■■■■■■■■■■■■■■■■■■■■■■■■■■■■■■■■■■■■■■                |  80% of 164.7 MiB
2026-01-18T23:48:25.8210808Z |■■■■■■■■■■■■■■■■■■■■■■■■■■■■■■■■■■■■■■■■■■■■■■■■■■■■■■■■■■■■■■■■■■■■■■■■        |  90% of 164.7 MiB
2026-01-18T23:48:25.8882023Z |■■■■■■■■■■■■■■■■■■■■■■■■■■■■■■■■■■■■■■■■■■■■■■■■■■■■■■■■■■■■■■■■■■■■■■■■■■■■■■■■| 100% of 164.7 MiB
2026-01-18T23:48:28.3614166Z Chromium 143.0.7499.4 (playwright build v1200) downloaded to /home/runner/.cache/ms-playwright/chromium-1200
2026-01-18T23:48:28.3619363Z Downloading FFMPEG playwright build v1011 from https://cdn.playwright.dev/dbazure/download/playwright/builds/ffmpeg/1011/ffmpeg-linux.zip
2026-01-18T23:48:28.4709403Z (node:2196) [DEP0169] DeprecationWarning: `url.parse()` behavior is not standardized and prone to errors that have security implications. Use the WHATWG URL API instead. CVEs are not issued for `url.parse()` vulnerabilities.
2026-01-18T23:48:28.4712737Z (Use `node --trace-deprecation ...` to show where the warning was created)
2026-01-18T23:48:28.5426387Z |                                                                                |   0% of 2.3 MiB
2026-01-18T23:48:28.5535110Z |■■■■■■■■                                                                        |  10% of 2.3 MiB
2026-01-18T23:48:28.5596575Z |■■■■■■■■■■■■■■■■                                                                |  20% of 2.3 MiB
2026-01-18T23:48:28.5638906Z |■■■■■■■■■■■■■■■■■■■■■■■■                                                        |  30% of 2.3 MiB
2026-01-18T23:48:28.5670434Z |■■■■■■■■■■■■■■■■■■■■■■■■■■■■■■■■                                                |  40% of 2.3 MiB
2026-01-18T23:48:28.5685262Z |■■■■■■■■■■■■■■■■■■■■■■■■■■■■■■■■■■■■■■■■                                        |  50% of 2.3 MiB
2026-01-18T23:48:28.5704829Z |■■■■■■■■■■■■■■■■■■■■■■■■■■■■■■■■■■■■■■■■■■■■■■■■                                |  60% of 2.3 MiB
2026-01-18T23:48:28.5729451Z |■■■■■■■■■■■■■■■■■■■■■■■■■■■■■■■■■■■■■■■■■■■■■■■■■■■■■■■■                        |  70% of 2.3 MiB
2026-01-18T23:48:28.5746376Z |■■■■■■■■■■■■■■■■■■■■■■■■■■■■■■■■■■■■■■■■■■■■■■■■■■■■■■■■■■■■■■■■                |  80% of 2.3 MiB
2026-01-18T23:48:28.5757943Z |■■■■■■■■■■■■■■■■■■■■■■■■■■■■■■■■■■■■■■■■■■■■■■■■■■■■■■■■■■■■■■■■■■■■■■■■        |  90% of 2.3 MiB
2026-01-18T23:48:28.5789716Z |■■■■■■■■■■■■■■■■■■■■■■■■■■■■■■■■■■■■■■■■■■■■■■■■■■■■■■■■■■■■■■■■■■■■■■■■■■■■■■■■| 100% of 2.3 MiB
2026-01-18T23:48:28.6437687Z FFMPEG playwright build v1011 downloaded to /home/runner/.cache/ms-playwright/ffmpeg-1011
2026-01-18T23:48:28.6441224Z Downloading Chromium Headless Shell 143.0.7499.4 (playwright build v1200) from https://cdn.playwright.dev/dbazure/download/playwright/builds/chromium/1200/chromium-headless-shell-linux.zip
2026-01-18T23:48:28.7426193Z (node:2208) [DEP0169] DeprecationWarning: `url.parse()` behavior is not standardized and prone to errors that have security implications. Use the WHATWG URL API instead. CVEs are not issued for `url.parse()` vulnerabilities.
2026-01-18T23:48:28.7428209Z (Use `node --trace-deprecation ...` to show where the warning was created)
2026-01-18T23:48:28.8105565Z |                                                                                |   0% of 109.7 MiB
2026-01-18T23:48:28.9125182Z |■■■■■■■■                                                                        |  10% of 109.7 MiB
2026-01-18T23:48:28.9758692Z |■■■■■■■■■■■■■■■■                                                                |  20% of 109.7 MiB
2026-01-18T23:48:29.0195362Z |■■■■■■■■■■■■■■■■■■■■■■■■                                                        |  30% of 109.7 MiB
2026-01-18T23:48:29.0821706Z |■■■■■■■■■■■■■■■■■■■■■■■■■■■■■■■■                                                |  40% of 109.7 MiB
2026-01-18T23:48:29.1518204Z |■■■■■■■■■■■■■■■■■■■■■■■■■■■■■■■■■■■■■■■■                                        |  50% of 109.7 MiB
2026-01-18T23:48:29.1953876Z |■■■■■■■■■■■■■■■■■■■■■■■■■■■■■■■■■■■■■■■■■■■■■■■■                                |  60% of 109.7 MiB
2026-01-18T23:48:29.2469991Z |■■■■■■■■■■■■■■■■■■■■■■■■■■■■■■■■■■■■■■■■■■■■■■■■■■■■■■■■                        |  70% of 109.7 MiB
2026-01-18T23:48:29.2971458Z |■■■■■■■■■■■■■■■■■■■■■■■■■■■■■■■■■■■■■■■■■■■■■■■■■■■■■■■■■■■■■■■■                |  80% of 109.7 MiB
2026-01-18T23:48:29.3451185Z |■■■■■■■■■■■■■■■■■■■■■■■■■■■■■■■■■■■■■■■■■■■■■■■■■■■■■■■■■■■■■■■■■■■■■■■■        |  90% of 109.7 MiB
2026-01-18T23:48:29.3885754Z |■■■■■■■■■■■■■■■■■■■■■■■■■■■■■■■■■■■■■■■■■■■■■■■■■■■■■■■■■■■■■■■■■■■■■■■■■■■■■■■■| 100% of 109.7 MiB
2026-01-18T23:48:31.2848194Z Chromium Headless Shell 143.0.7499.4 (playwright build v1200) downloaded to /home/runner/.cache/ms-playwright/chromium_headless_shell-1200
2026-01-18T23:48:31.3167605Z ##[group]Run mkdir -p projects/ci_automation_practice
2026-01-18T23:48:31.3168075Z [36;1mmkdir -p projects/ci_automation_practice[0m
2026-01-18T23:48:31.3168468Z [36;1mcat > projects/ci_automation_practice/config.json << 'EOF'[0m
2026-01-18T23:48:31.3168798Z [36;1m{[0m
2026-01-18T23:48:31.3169027Z [36;1m  "project_name": "ci_automation_practice",[0m
2026-01-18T23:48:31.3169396Z [36;1m  "target_url": "http://www.automationpractice.pl/",[0m
2026-01-18T23:48:31.3169747Z [36;1m  "goal": "Practice automation scenarios",[0m
2026-01-18T23:48:31.3170029Z [36;1m  "headless": true[0m
2026-01-18T23:48:31.3170241Z [36;1m}[0m
2026-01-18T23:48:31.3170407Z [36;1mEOF[0m
2026-01-18T23:48:31.3202558Z shell: /usr/bin/bash -e {0}
2026-01-18T23:48:31.3202792Z env:
2026-01-18T23:48:31.3203038Z   pythonLocation: /opt/hostedtoolcache/Python/3.11.14/x64
2026-01-18T23:48:31.3203453Z   PKG_CONFIG_PATH: /opt/hostedtoolcache/Python/3.11.14/x64/lib/pkgconfig
2026-01-18T23:48:31.3203892Z   Python_ROOT_DIR: /opt/hostedtoolcache/Python/3.11.14/x64
2026-01-18T23:48:31.3204257Z   Python2_ROOT_DIR: /opt/hostedtoolcache/Python/3.11.14/x64
2026-01-18T23:48:31.3204617Z   Python3_ROOT_DIR: /opt/hostedtoolcache/Python/3.11.14/x64
2026-01-18T23:48:31.3204987Z   LD_LIBRARY_PATH: /opt/hostedtoolcache/Python/3.11.14/x64/lib
2026-01-18T23:48:31.3205291Z ##[endgroup]
2026-01-18T23:48:31.3368025Z ##[group]Run # Use --deep for comprehensive regression suite
2026-01-18T23:48:31.3368489Z [36;1m# Use --deep for comprehensive regression suite[0m
2026-01-18T23:48:31.3368979Z [36;1mpython orchestrator.py --project projects/ci_automation_practice --deep --force[0m
2026-01-18T23:48:31.3398074Z shell: /usr/bin/bash -e {0}
2026-01-18T23:48:31.3398308Z env:
2026-01-18T23:48:31.3398552Z   pythonLocation: /opt/hostedtoolcache/Python/3.11.14/x64
2026-01-18T23:48:31.3398977Z   PKG_CONFIG_PATH: /opt/hostedtoolcache/Python/3.11.14/x64/lib/pkgconfig
2026-01-18T23:48:31.3399401Z   Python_ROOT_DIR: /opt/hostedtoolcache/Python/3.11.14/x64
2026-01-18T23:48:31.3399776Z   Python2_ROOT_DIR: /opt/hostedtoolcache/Python/3.11.14/x64
2026-01-18T23:48:31.3400294Z   Python3_ROOT_DIR: /opt/hostedtoolcache/Python/3.11.14/x64
2026-01-18T23:48:31.3400657Z   LD_LIBRARY_PATH: /opt/hostedtoolcache/Python/3.11.14/x64/lib
2026-01-18T23:48:31.3401270Z   GOOGLE_API_KEY: ***
2026-01-18T23:48:31.3401512Z   PYTHONPATH: .
2026-01-18T23:48:31.3401692Z ##[endgroup]
2026-01-18T23:48:33.1000086Z 🚀 [DEEP] Extensive mapping enabled (Depth: 3, Pages: 50)
2026-01-18T23:48:33.1000501Z 
2026-01-18T23:48:33.1001106Z 🗺️ [DISCOVERY] Starting Parallel Semantic Crawl on http://www.automationpractice.pl/ (Workers: 3)
2026-01-18T23:48:33.5343784Z   🔍 [Worker 0] Visiting (0): http://www.automationpractice.pl/
2026-01-18T23:48:36.8651714Z [DEBUG] Sending request to gemini-2.0-flash. Number of parts: 1
2026-01-18T23:48:36.8652396Z [DEBUG] Received response (Length: 309)
2026-01-18T23:48:36.8653407Z   🔍 [Worker 1] Visiting (1): http://www.automationpractice.pl
2026-01-18T23:48:36.8667076Z   🔍 [Worker 2] Visiting (1): http://www.automationpractice.pl/index.php?id_product=6&controller=product
2026-01-18T23:48:36.8692154Z   🔍 [Worker 0] Visiting (1): http://www.automationpractice.pl/index.php?id_category=4&controller=category
2026-01-18T23:48:37.5248220Z [CACHE HIT] 602306d7... (hits: 1, misses: 1)
2026-01-18T23:48:37.5250453Z   🔍 [Worker 1] Visiting (1): http://www.automationpractice.pl/index.php?controller=order
2026-01-18T23:48:41.9534704Z [DEBUG] Sending request to gemini-2.0-flash. Number of parts: 1
2026-01-18T23:48:41.9535460Z [DEBUG] Sending request to gemini-2.0-flash. Number of parts: 1
2026-01-18T23:48:41.9536395Z [DEBUG] Sending request to gemini-2.0-flash. Number of parts: 1
2026-01-18T23:48:41.9536996Z [DEBUG] Received response (Length: 415)
2026-01-18T23:48:41.9538142Z   🔍 [Worker 1] Visiting (1): http://www.automationpractice.pl/index.php?id_cms=4&controller=cms
2026-01-18T23:48:41.9666752Z [DEBUG] Received response (Length: 485)
2026-01-18T23:48:41.9667980Z   🔍 [Worker 0] Visiting (1): http://www.automationpractice.pl/index.php?controller=history
2026-01-18T23:48:42.1934039Z [DEBUG] Received response (Length: 613)
2026-01-18T23:48:42.1935831Z   🔍 [Worker 2] Visiting (1): http://www.automationpractice.pl/index.php?id_category=5&controller=category
2026-01-18T23:48:46.8929418Z [DEBUG] Sending request to gemini-2.0-flash. Number of parts: 1
2026-01-18T23:48:46.8930577Z [DEBUG] Sending request to gemini-2.0-flash. Number of parts: 1
2026-01-18T23:48:46.8932498Z [DEBUG] Sending request to gemini-2.0-flash. Number of parts: 1
2026-01-18T23:48:46.8933332Z [DEBUG] Received response (Length: 371)
2026-01-18T23:48:46.8934736Z   🔍 [Worker 1] Visiting (1): http://www.automationpractice.pl/index.php?controller=identity
2026-01-18T23:48:46.9619916Z [DEBUG] Received response (Length: 482)
2026-01-18T23:48:46.9621549Z   🔍 [Worker 2] Visiting (1): http://www.automationpractice.pl/index.php?id_product=2&controller=product
2026-01-18T23:48:47.1044980Z [DEBUG] Received response (Length: 352)
2026-01-18T23:48:47.1054493Z   🔍 [Worker 0] Visiting (1): http://www.automationpractice.pl/index.php?controller=order-slip
2026-01-18T23:48:47.4341736Z [CACHE HIT] e6083124... (hits: 2, misses: 7)
2026-01-18T23:48:47.4344179Z   🔍 [Worker 1] Visiting (1): http://www.automationpractice.pl/index.php?id_category=8&controller=category
2026-01-18T23:48:47.6328700Z [CACHE HIT] e6083124... (hits: 3, misses: 8)
2026-01-18T23:48:47.6329999Z   🔍 [Worker 0] Visiting (1): http://www.automationpractice.pl/index.php?controller=addresses
2026-01-18T23:48:48.1369715Z [CACHE HIT] e6083124... (hits: 4, misses: 9)
2026-01-18T23:48:48.1371044Z   🔍 [Worker 0] Visiting (1): http://www.automationpractice.pl/index.php?id_product=3&controller=product
2026-01-18T23:48:51.9417018Z [DEBUG] Sending request to gemini-2.0-flash. Number of parts: 1
2026-01-18T23:48:51.9429339Z [DEBUG] Sending request to gemini-2.0-flash. Number of parts: 1
2026-01-18T23:48:51.9430073Z [DEBUG] Sending request to gemini-2.0-flash. Number of parts: 1
2026-01-18T23:48:51.9430693Z [DEBUG] Received response (Length: 442)
2026-01-18T23:48:51.9431917Z   🔍 [Worker 0] Visiting (1): http://www.automationpractice.pl/index.php?id_category=9&controller=category
2026-01-18T23:48:51.9981982Z [DEBUG] Received response (Length: 491)
2026-01-18T23:48:51.9984423Z   🔍 [Worker 2] Visiting (1): http://www.automationpractice.pl/index.php
2026-01-18T23:48:52.1061410Z [DEBUG] Received response (Length: 498)
2026-01-18T23:48:52.1066256Z   🔍 [Worker 1] Visiting (1): http://www.automationpractice.pl/index.php?id_category=11&controller=category
2026-01-18T23:48:52.4434528Z [CACHE HIT] 602306d7... (hits: 5, misses: 10)
2026-01-18T23:48:52.4436645Z   🔍 [Worker 2] Visiting (1): http://www.automationpractice.pl/index.php?id_category=10&controller=category
2026-01-18T23:48:53.4587562Z [DEBUG] Sending request to gemini-2.0-flash. Number of parts: 1
2026-01-18T23:48:53.4588657Z [DEBUG] Received response (Length: 529)
2026-01-18T23:48:53.4590051Z   🔍 [Worker 0] Visiting (1): http://www.automationpractice.pl/index.php?id_cms=3&controller=cms
2026-01-18T23:48:58.1172077Z [DEBUG] Sending request to gemini-2.0-flash. Number of parts: 1
2026-01-18T23:48:58.1172952Z [DEBUG] Sending request to gemini-2.0-flash. Number of parts: 1
2026-01-18T23:48:58.1180643Z [DEBUG] Sending request to gemini-2.0-flash. Number of parts: 1
2026-01-18T23:48:58.1181268Z [DEBUG] Received response (Length: 170)
2026-01-18T23:48:58.1182408Z   🔍 [Worker 0] Visiting (1): http://www.automationpractice.pl/index.php?controller=my-account
2026-01-18T23:48:58.3653036Z [DEBUG] Received response (Length: 393)
2026-01-18T23:48:58.3655546Z   🔍 [Worker 1] Visiting (1): http://www.automationpractice.pl/index.php?id_product=1&controller=product
2026-01-18T23:48:58.6017079Z [DEBUG] Received response (Length: 570)
2026-01-18T23:48:58.6021446Z   🔍 [Worker 2] Visiting (1): http://www.automationpractice.pl/index.php?controller=contact
2026-01-18T23:48:58.6463622Z [CACHE HIT] e6083124... (hits: 6, misses: 14)
2026-01-18T23:48:58.6468162Z   🔍 [Worker 0] Visiting (1): http://www.automationpractice.pl/index.php?id_product=5&controller=product
2026-01-18T23:49:03.1691052Z [DEBUG] Sending request to gemini-2.0-flash. Number of parts: 1
2026-01-18T23:49:03.1693996Z [DEBUG] Sending request to gemini-2.0-flash. Number of parts: 1
2026-01-18T23:49:03.1694781Z [DEBUG] Sending request to gemini-2.0-flash. Number of parts: 1
2026-01-18T23:49:03.1695491Z [DEBUG] Received response (Length: 238)
2026-01-18T23:49:03.1699245Z   🔍 [Worker 2] Visiting (1): http://www.automationpractice.pl/index.php?id_category=7&controller=category
2026-01-18T23:49:03.3358432Z [DEBUG] Received response (Length: 278)
2026-01-18T23:49:03.3359781Z   🔍 [Worker 0] Visiting (1): http://www.automationpractice.pl/index.php?id_category=3&controller=category
2026-01-18T23:49:03.6681571Z [DEBUG] Received response (Length: 465)
2026-01-18T23:49:03.6683240Z   🔍 [Worker 1] Visiting (1): http://www.automationpractice.pl/index.php?id_product=7&controller=product
2026-01-18T23:49:08.1621757Z [DEBUG] Sending request to gemini-2.0-flash. Number of parts: 1
2026-01-18T23:49:08.1623359Z [DEBUG] Sending request to gemini-2.0-flash. Number of parts: 1
2026-01-18T23:49:08.1624236Z [DEBUG] Sending request to gemini-2.0-flash. Number of parts: 1
2026-01-18T23:49:08.1624959Z [DEBUG] Received response (Length: 205)
2026-01-18T23:49:08.1626765Z   🔍 [Worker 1] Visiting (1): http://www.automationpractice.pl/index.php?controller=stores
2026-01-18T23:49:08.2404283Z [DEBUG] Received response (Length: 278)
2026-01-18T23:49:08.2413012Z   🔍 [Worker 0] Visiting (2): http://www.automationpractice.pl/index.php?controller=prices-drop
2026-01-18T23:49:08.3592765Z [DEBUG] Received response (Length: 391)
2026-01-18T23:49:08.3596438Z   🔍 [Worker 2] Visiting (2): http://www.automationpractice.pl/index.php?id_cms_category=1&controller=cms
2026-01-18T23:49:13.2600968Z [DEBUG] Sending request to gemini-2.0-flash. Number of parts: 1
2026-01-18T23:49:13.2601797Z [DEBUG] Sending request to gemini-2.0-flash. Number of parts: 1
2026-01-18T23:49:13.2608461Z [DEBUG] Sending request to gemini-2.0-flash. Number of parts: 1
2026-01-18T23:49:13.2609365Z [DEBUG] Received response (Length: 278)
2026-01-18T23:49:13.2610451Z   🔍 [Worker 0] Visiting (2): http://www.automationpractice.pl/index.php?id_cms=2&controller=cms
2026-01-18T23:49:13.4793553Z [DEBUG] Received response (Length: 274)
2026-01-18T23:49:13.4800030Z   🔍 [Worker 2] Visiting (2): http://www.automationpractice.pl/index.php?id_cms=1&controller=cms
2026-01-18T23:49:13.8248755Z [DEBUG] Sending request to gemini-2.0-flash. Number of parts: 1
2026-01-18T23:49:13.8249425Z [DEBUG] Received response (Length: 412)
2026-01-18T23:49:13.8250607Z   🔍 [Worker 1] Visiting (2): http://www.automationpractice.pl/index.php?id_cms=5&controller=cms
2026-01-18T23:49:14.3077912Z [DEBUG] Received response (Length: 245)
2026-01-18T23:49:14.3079196Z   🔍 [Worker 0] Visiting (2): http://www.automationpractice.pl/index.php?controller=password
2026-01-18T23:49:19.1521657Z [DEBUG] Sending request to gemini-2.0-flash. Number of parts: 1
2026-01-18T23:49:19.1525288Z [DEBUG] Sending request to gemini-2.0-flash. Number of parts: 1
2026-01-18T23:49:19.1526321Z [DEBUG] Sending request to gemini-2.0-flash. Number of parts: 1
2026-01-18T23:49:19.1526930Z [DEBUG] Received response (Length: 193)
2026-01-18T23:49:19.1528187Z   🔍 [Worker 0] Visiting (2): http://www.automationpractice.pl/index.php?id_product=4&controller=product
2026-01-18T23:49:19.4446478Z [DEBUG] Received response (Length: 397)
2026-01-18T23:49:19.4447678Z   🔍 [Worker 2] Visiting (3): http://www.automationpractice.pl/index.php?controller=best-sales
2026-01-18T23:49:19.5545054Z [DEBUG] Received response (Length: 391)
2026-01-18T23:49:19.5549347Z   🔍 [Worker 1] Visiting (3): http://www.automationpractice.pl/index.php?controller=manufacturer
2026-01-18T23:49:24.2258129Z [DEBUG] Sending request to gemini-2.0-flash. Number of parts: 1
2026-01-18T23:49:24.2258934Z [DEBUG] Sending request to gemini-2.0-flash. Number of parts: 1
2026-01-18T23:49:24.2259662Z [DEBUG] Sending request to gemini-2.0-flash. Number of parts: 1
2026-01-18T23:49:24.2260299Z [DEBUG] Received response (Length: 157)
2026-01-18T23:49:24.2261486Z   🔍 [Worker 2] Visiting (3): http://www.automationpractice.pl/index.php?controller=supplier
2026-01-18T23:49:24.5104954Z [DEBUG] Received response (Length: 302)
2026-01-18T23:49:24.5106839Z   🔍 [Worker 0] Visiting (3): http://www.automationpractice.pl/index.php?id_supplier=1&controller=supplier
2026-01-18T23:49:24.6235984Z [DEBUG] Received response (Length: 357)
2026-01-18T23:49:24.6237414Z   🔍 [Worker 1] Visiting (3): http://www.automationpractice.pl/index.php?id_manufacturer=1&controller=manufacturer
2026-01-18T23:49:29.4219910Z [DEBUG] Sending request to gemini-2.0-flash. Number of parts: 1
2026-01-18T23:49:29.4223161Z [DEBUG] Sending request to gemini-2.0-flash. Number of parts: 1
2026-01-18T23:49:29.4223840Z [DEBUG] Sending request to gemini-2.0-flash. Number of parts: 1
2026-01-18T23:49:29.4224398Z [DEBUG] Received response (Length: 289)
2026-01-18T23:49:29.4225477Z   🔍 [Worker 1] Visiting (3): http://www.automationpractice.pl/index.php?controller=authentication
2026-01-18T23:49:29.7962870Z [DEBUG] Received response (Length: 378)
2026-01-18T23:49:29.7963437Z [DEBUG] Received response (Length: 436)
2026-01-18T23:49:29.7963921Z [CACHE HIT] e6083124... (hits: 7, misses: 33)
2026-01-18T23:49:29.7967306Z ✅ Discovery Complete. Mapped 40 pages.
2026-01-18T23:49:41.7722165Z 
2026-01-18T23:49:41.7722822Z [PLAN] PLANNER: Planning goal -> 'Practice automation scenarios' (Deep Mode: True)
2026-01-18T23:49:41.7723592Z 🗺️ [PLAN] Loaded Sitemap with 40 pages.
2026-01-18T23:49:41.7724641Z 🎭 [EXPERT] Detected Domain: GENERAL. Persona: Act as Senior SDET focusing on exploring the application to understand functional flow and identifying critical paths for end-to-end automation
2026-01-18T23:49:41.7725788Z [DEBUG] Sending request to gemini-2.0-flash. Number of parts: 1
2026-01-18T23:49:41.7726499Z [DEBUG] Received response (Length: 6789)
2026-01-18T23:49:41.7726905Z ✅ Planner generated 3 scenarios. Workflow updated.
2026-01-18T23:49:42.7819901Z 
2026-01-18T23:49:42.7821123Z 🕵️ [DEEP EXPLORER] Starting Multi-Scenario Exploration
2026-01-18T23:49:42.7821866Z 📋 Found 3 scenarios to explore.
2026-01-18T23:49:43.1459337Z 
2026-01-18T23:49:43.1459915Z [1/3] Exploring Scenario: Account Creation and Order Placement
2026-01-18T23:49:43.1461958Z     🧠 Initialized exploration context for goal: 'Practice automation scenarios'
2026-01-18T23:49:43.1462769Z   ▶️ [STEP step_1] NAVIGATE: 
2026-01-18T23:49:45.3304049Z     ✅ Navigated to http://www.automationpractice.pl/
2026-01-18T23:49:45.3304977Z   ▶️ [STEP step_2] ASSERT_URL: 
2026-01-18T23:49:50.3633646Z     ⚠️ Scroll into view failed for text=None. Proceeding anyway.
2026-01-18T23:49:52.3657296Z     ✅ State transitioned.
2026-01-18T23:49:53.9796549Z [DEBUG] Sending request to gemini-2.0-flash. Number of parts: 2
2026-01-18T23:49:53.9797223Z [DEBUG] Received response (Length: 225)
2026-01-18T23:49:53.9798020Z     🤖 AI Next Step Suggestion: navigate -> Dresses
2026-01-18T23:49:53.9798514Z     🧩 Suggested Locator: a[title='Dresses']
2026-01-18T23:49:53.9799639Z     💭 Reasoning: Navigating to the 'Dresses' category will allow us to explore products and practice automation scenarios.
2026-01-18T23:49:53.9800258Z     ➕ Injected AI step: navigate -> Dresses
2026-01-18T23:49:53.9800589Z   ▶️ [STEP step_2_ai_1] NAVIGATE: Dresses
2026-01-18T23:49:54.4889063Z     ❌ Navigation failed to Dresses: Page.goto: Protocol error (Page.navigate): Cannot navigate to invalid URL
2026-01-18T23:49:54.4890204Z Call log:
2026-01-18T23:49:54.4890800Z   - navigating to "Dresses", waiting until "domcontentloaded"
2026-01-18T23:49:54.4891297Z 
2026-01-18T23:49:54.4892056Z     ⚠️ Critical step failure: Page.goto: Protocol error (Page.navigate): Cannot navigate to invalid URL
2026-01-18T23:49:54.4892862Z Call log:
2026-01-18T23:49:54.4893166Z   - navigating t
2026-01-18T23:49:54.4893574Z   ▶️ [STEP step_3] CLICK: Sign in
2026-01-18T23:49:54.4954657Z     🔍 Mining locators for: 'Sign in'
2026-01-18T23:49:54.5703982Z     🧠 Consulting AI (Vision-First) to find 'Sign in'...
2026-01-18T23:49:54.5705399Z     🧠 [EXPERT] Strategy: Act as Senior SDET focusing on exploring the application to understand functional flow and identifying critical paths for end-to-end automation.
2026-01-18T23:49:59.7118069Z [DEBUG] Sending request to gemini-2.0-flash. Number of parts: 2
2026-01-18T23:49:59.7118567Z [DEBUG] Received response (Length: 477)
2026-01-18T23:49:59.7119252Z     🔄 Retry 1/3 mining locators for 'Sign in'...
2026-01-18T23:50:00.7858434Z     🧠 Consulting AI (Vision-First) to find 'Sign in'...
2026-01-18T23:50:00.7859724Z     🧠 [EXPERT] Strategy: Act as Senior SDET focusing on exploring the application to understand functional flow and identifying critical paths for end-to-end automation.
2026-01-18T23:50:04.6408195Z [DEBUG] Sending request to gemini-2.0-flash. Number of parts: 2
2026-01-18T23:50:04.6408623Z [DEBUG] Received response (Length: 372)
2026-01-18T23:50:04.6409174Z     🔄 Retry 2/3 mining locators for 'Sign in'...
2026-01-18T23:50:05.6421176Z     🗑️ Invalidating stale AI cache (retry 2)...
2026-01-18T23:50:05.6422514Z     ⚠️ Cache invalidation warning: No module named 'core.agents.domain_expert'
2026-01-18T23:50:05.7021915Z     🧠 Consulting AI (Vision-First) to find 'Sign in'...
2026-01-18T23:50:05.7023598Z     🧠 [EXPERT] Strategy: Act as Senior SDET focusing on exploring the application to understand functional flow and identifying critical paths for end-to-end automation.
2026-01-18T23:50:09.6162917Z [DEBUG] Sending request to gemini-2.0-flash. Number of parts: 2
2026-01-18T23:50:09.6163598Z [DEBUG] Received response (Length: 388)
2026-01-18T23:50:09.6164505Z     🧠 Verifying step validity for 'Sign in' after mining failure...
2026-01-18T23:50:13.9389119Z [DEBUG] Sending request to gemini-2.0-flash. Number of parts: 2
2026-01-18T23:50:13.9390017Z [DEBUG] Received response (Length: 214)
2026-01-18T23:50:13.9391300Z     🛠️ Self-Correction: Step is valid. Using new locator: .header_user_info > a
2026-01-18T23:50:18.2365478Z     ✅ State transitioned.
2026-01-18T23:50:19.8374569Z [DEBUG] Sending request to gemini-2.0-flash. Number of parts: 2
2026-01-18T23:50:19.8375339Z [DEBUG] Received response (Length: 253)
2026-01-18T23:50:19.8376433Z     🤖 AI Next Step Suggestion: fill -> Email address
2026-01-18T23:50:19.8377007Z     🧩 Suggested Locator: #email
2026-01-18T23:50:19.8377950Z     💭 Reasoning: To practice automation scenarios, I need to fill the email address field in the 'ALREADY REGISTERED?' section to attempt a login.
2026-01-18T23:50:19.8378795Z     ➕ Injected AI step: fill -> Email address
2026-01-18T23:50:19.8379184Z   ▶️ [STEP step_3_ai_1] FILL: Email address
2026-01-18T23:50:19.8529470Z     🎯 Using AI-provided locator: #email
2026-01-18T23:50:19.8590524Z     ✅ Found 1 verified locators
2026-01-18T23:50:27.1098085Z     ✅ State transitioned.
2026-01-18T23:50:28.6819434Z [DEBUG] Sending request to gemini-2.0-flash. Number of parts: 2
2026-01-18T23:50:28.6820184Z [DEBUG] Received response (Length: 240)
2026-01-18T23:50:28.6821000Z     🤖 AI Next Step Suggestion: fill -> Password
2026-01-18T23:50:28.6821681Z     🧩 Suggested Locator: #passwd
2026-01-18T23:50:28.6823062Z     💭 Reasoning: The email address is already filled in the 'ALREADY REGISTERED?' section. Now, filling the password field to proceed with login.
2026-01-18T23:50:28.6824451Z     ➕ Injected AI step: fill -> Password
2026-01-18T23:50:28.6825016Z   ▶️ [STEP step_3_ai_2] FILL: Password
2026-01-18T23:50:28.6884609Z     🎯 Using AI-provided locator: #passwd
2026-01-18T23:50:28.6946359Z     ✅ Found 1 verified locators
2026-01-18T23:50:34.4887239Z     ✅ State transitioned.
2026-01-18T23:50:36.0671491Z [DEBUG] Sending request to gemini-2.0-flash. Number of parts: 2
2026-01-18T23:50:36.0672165Z [DEBUG] Received response (Length: 245)
2026-01-18T23:50:36.0672924Z     🤖 AI Next Step Suggestion: click -> Sign in
2026-01-18T23:50:36.0673290Z     🧩 Suggested Locator: #SubmitLogin
2026-01-18T23:50:36.0674118Z     💭 Reasoning: The email and password fields are filled in the 'Already Registered?' section. Clicking 'Sign in' will attempt to log in with the provided credentials.
2026-01-18T23:50:36.0674886Z     ➕ Injected AI step: click -> Sign in
2026-01-18T23:50:36.0675199Z   ▶️ [STEP step_3_ai_3] CLICK: Sign in
2026-01-18T23:50:36.0737464Z     🎯 Using AI-provided locator: #SubmitLogin
2026-01-18T23:50:36.0796414Z     ✅ Found 1 verified locators
2026-01-18T23:50:40.1395071Z     ✅ State transitioned.
2026-01-18T23:50:41.6963916Z [DEBUG] Sending request to gemini-2.0-flash. Number of parts: 2
2026-01-18T23:50:41.6964712Z [DEBUG] Received response (Length: 273)
2026-01-18T23:50:41.6965587Z     🤖 AI Next Step Suggestion: fill -> Email address
2026-01-18T23:50:41.6966463Z     🧩 Suggested Locator: #email_create
2026-01-18T23:50:41.6967843Z     💭 Reasoning: The authentication failed, so let's try creating a new account. Filling the email address field for account creation is the next logical step.
2026-01-18T23:50:41.6968826Z     ➕ Injected AI step: fill -> Email address
2026-01-18T23:50:41.6969250Z   ▶️ [STEP step_3_ai_4] FILL: Email address
2026-01-18T23:50:41.7120317Z     🎯 Using AI-provided locator: #email_create
2026-01-18T23:50:41.7181327Z     ✅ Found 1 verified locators
2026-01-18T23:50:47.7341651Z     ✅ State transitioned.
2026-01-18T23:50:49.2799326Z [DEBUG] Sending request to gemini-2.0-flash. Number of parts: 2
2026-01-18T23:50:49.2801970Z [DEBUG] Received response (Length: 235)
2026-01-18T23:50:49.2803003Z     🤖 AI Next Step Suggestion: fill -> Password
2026-01-18T23:50:49.2803804Z     🧩 Suggested Locator: #passwd
2026-01-18T23:50:49.2805471Z     💭 Reasoning: The email address is already filled in the 'ALREADY REGISTERED?' section. Now, filling the password field to attempt login.
2026-01-18T23:50:49.2807345Z     ➕ Injected AI step: fill -> Password
2026-01-18T23:50:49.2808085Z   ▶️ [STEP step_3_ai_5] FILL: Password
2026-01-18T23:50:49.2866777Z     🎯 Using AI-provided locator: #passwd
2026-01-18T23:50:49.2923890Z     ✅ Found 1 verified locators
2026-01-18T23:50:55.4281728Z     ✅ State transitioned.
2026-01-18T23:50:55.4359626Z     🔄 Revisited state detected (count: 1)
2026-01-18T23:50:57.0558355Z [DEBUG] Sending request to gemini-2.0-flash. Number of parts: 2
2026-01-18T23:50:57.0559032Z [DEBUG] Received response (Length: 172)
2026-01-18T23:50:57.0559932Z     🤖 AI Next Step Suggestion: click -> Create an account
2026-01-18T23:50:57.0560546Z     🧩 Suggested Locator: #SubmitCreate
2026-01-18T23:50:57.0561350Z     💭 Reasoning: The authentication failed, so we should try creating a new account.
2026-01-18T23:50:57.0562180Z     ➕ Injected AI step: click -> Create an account
2026-01-18T23:50:57.0562795Z   ▶️ [STEP step_3_ai_6] CLICK: Create an account
2026-01-18T23:50:57.0619586Z     🎯 Using AI-provided locator: #SubmitCreate
2026-01-18T23:50:57.0675496Z     ✅ Found 1 verified locators
2026-01-18T23:51:01.1231935Z     ✅ State transitioned.
2026-01-18T23:51:01.1308633Z     🔄 Revisited state detected (count: 2)
2026-01-18T23:51:02.7803075Z [DEBUG] Sending request to gemini-2.0-flash. Number of parts: 2
2026-01-18T23:51:02.7803878Z [DEBUG] Received response (Length: 285)
2026-01-18T23:51:02.7804846Z     🤖 AI Next Step Suggestion: click -> Forgot your password?
2026-01-18T23:51:02.7805978Z     🧩 Suggested Locator: p:contains('Forgot your password?')
2026-01-18T23:51:02.7808073Z     💭 Reasoning: The error message indicates authentication failed. Since the email address is already registered, the next logical step is to try to recover the password.
2026-01-18T23:51:02.7809940Z     ➕ Injected AI step: click -> Forgot your password?
2026-01-18T23:51:02.7810782Z   ▶️ [STEP step_3_ai_7] CLICK: Forgot your password?
2026-01-18T23:51:02.7868679Z     🎯 Using AI-provided locator: p:contains('Forgot your password?')
2026-01-18T23:51:02.7894727Z     🔍 Mining locators for: 'Forgot your password?'
2026-01-18T23:51:02.8558199Z     ✅ Found 1 verified locators
2026-01-18T23:51:06.4031672Z     ✅ State transitioned.
2026-01-18T23:51:07.8798137Z [DEBUG] Sending request to gemini-2.0-flash. Number of parts: 2
2026-01-18T23:51:07.8798713Z [DEBUG] Received response (Length: 242)
2026-01-18T23:51:07.8811547Z     🤖 AI Next Step Suggestion: fill -> Email address
2026-01-18T23:51:07.8812146Z     🧩 Suggested Locator: #email
2026-01-18T23:51:07.8813318Z     💭 Reasoning: The page requires an email address to retrieve the password. Filling the email address field is the next logical step.
2026-01-18T23:51:07.8814530Z     ➕ Injected AI step: fill -> Email address
2026-01-18T23:51:07.8815075Z   ▶️ [STEP step_3_ai_8] FILL: Email address
2026-01-18T23:51:07.8954510Z     🎯 Using AI-provided locator: #email
2026-01-18T23:51:07.9012265Z     ✅ Found 1 verified locators
2026-01-18T23:51:15.1131440Z     ✅ State transitioned.
2026-01-18T23:51:16.5193607Z [DEBUG] Sending request to gemini-2.0-flash. Number of parts: 2
2026-01-18T23:51:16.5194536Z [DEBUG] Received response (Length: 191)
2026-01-18T23:51:16.5195847Z     🤖 AI Next Step Suggestion: click -> Retrieve Password
2026-01-18T23:51:16.5196716Z     🧩 Suggested Locator: button
2026-01-18T23:51:16.5198087Z     💭 Reasoning: The email address has been filled, so the next step is to click the Retrieve Password button.
2026-01-18T23:51:16.5199459Z     ➕ Injected AI step: click -> Retrieve Password
2026-01-18T23:51:16.5200665Z   ▶️ [STEP step_3_ai_9] CLICK: Retrieve Password
2026-01-18T23:51:16.5258631Z     🎯 Using AI-provided locator: button
2026-01-18T23:51:16.5312555Z     ✅ Found 1 verified locators
2026-01-18T23:51:20.5846679Z     ✅ State transitioned.
2026-01-18T23:51:22.1659020Z [DEBUG] Sending request to gemini-2.0-flash. Number of parts: 2
2026-01-18T23:51:22.1659559Z [DEBUG] Received response (Length: 262)
2026-01-18T23:51:22.1660355Z     🤖 AI Next Step Suggestion: fill -> Search
2026-01-18T23:51:22.1660724Z     🧩 Suggested Locator: #search_query_top
2026-01-18T23:51:22.1661521Z     💭 Reasoning: The page requires a search keyword to display results. Filling the search bar with 'dress' will allow us to proceed with the automation scenario.
2026-01-18T23:51:22.1662242Z     ➕ Injected AI step: fill -> Search
2026-01-18T23:51:22.1662847Z   ▶️ [STEP step_3_ai_10] FILL: Search
2026-01-18T23:51:22.1819415Z     🎯 Using AI-provided locator: #search_query_top
2026-01-18T23:51:22.1876146Z     ✅ Found 1 verified locators
2026-01-18T23:51:27.7838513Z     ✅ State transitioned.
2026-01-18T23:51:29.5052007Z [DEBUG] Sending request to gemini-2.0-flash. Number of parts: 2
2026-01-18T23:51:29.5052808Z [DEBUG] Received response (Length: 277)
2026-01-18T23:51:29.5053819Z     🤖 AI Next Step Suggestion: fill -> Search
2026-01-18T23:51:29.5054647Z     🧩 Suggested Locator: #search_query_top
2026-01-18T23:51:29.5056938Z     💭 Reasoning: The page says 'Please enter a search keyword'. The last action was filling the search bar, but it resulted in no results. Let's try searching for 'dress' again.
2026-01-18T23:51:29.5059157Z ⚠️ Loop detected: same AI suggestion repeated 2 times. Moving to next step.
2026-01-18T23:51:29.5060179Z   ▶️ [STEP step_4] ASSERT_URL: 
2026-01-18T23:51:34.5226367Z     ⚠️ Scroll into view failed for text=None. Proceeding anyway.
2026-01-18T23:51:36.5249010Z     ✅ State transitioned.
2026-01-18T23:51:36.5352103Z     🔄 Revisited state detected (count: 1)
2026-01-18T23:51:37.9818746Z [DEBUG] Sending request to gemini-2.0-flash. Number of parts: 2
2026-01-18T23:51:37.9819509Z [DEBUG] Received response (Length: 271)
2026-01-18T23:51:37.9820307Z     🤖 AI Next Step Suggestion: fill -> Search
2026-01-18T23:51:37.9820927Z     🧩 Suggested Locator: #search_query_top
2026-01-18T23:51:37.9822469Z     💭 Reasoning: The page indicates that no results were found because no search keyword was entered. Filling the search bar with 'dress' will allow the search to proceed.
2026-01-18T23:51:37.9823874Z     ➕ Injected AI step: fill -> Search
2026-01-18T23:51:37.9824414Z   ▶️ [STEP step_4_ai_1] FILL: Search
2026-01-18T23:51:37.9884320Z     🎯 Using AI-provided locator: #search_query_top
2026-01-18T23:51:37.9943788Z     ✅ Found 1 verified locators
2026-01-18T23:51:43.4622382Z     ✅ State transitioned.
2026-01-18T23:51:43.4716471Z     🔄 Revisited state detected (count: 2)
2026-01-18T23:51:45.1497263Z [DEBUG] Sending request to gemini-2.0-flash. Number of parts: 2
2026-01-18T23:51:45.1499019Z [DEBUG] Received response (Length: 299)
2026-01-18T23:51:45.1499979Z     🤖 AI Next Step Suggestion: fill -> Search
2026-01-18T23:51:45.1500672Z     🧩 Suggested Locator: #search_query_top
2026-01-18T23:51:45.1502421Z     💭 Reasoning: The page indicates that no results were found for the previous search. To continue practicing automation scenarios, I will refill the search bar with 'dress' to attempt a new search.
2026-01-18T23:51:45.1504139Z ⚠️ Loop detected: same AI suggestion repeated 2 times. Moving to next step.
2026-01-18T23:51:45.1504876Z   ▶️ [STEP step_5] FILL: Email address
2026-01-18T23:51:45.1559183Z     🔍 Mining locators for: 'Email address'
2026-01-18T23:51:45.2130355Z     🧠 Consulting AI (Vision-First) to find 'Email address'...
2026-01-18T23:51:45.2131566Z     🧠 [EXPERT] Strategy: Act as Senior SDET focusing on exploring the application to understand functional flow and identifying critical paths for end-to-end automation.
2026-01-18T23:51:50.0131998Z [DEBUG] Sending request to gemini-2.0-flash. Number of parts: 2
2026-01-18T23:51:50.0133097Z [DEBUG] Received response (Length: 183)
2026-01-18T23:51:50.0134346Z     💡 Expert Suggestion: Email address is likely on the Sign in page.
2026-01-18T23:51:50.0135477Z     🛠️ Executing corrective action: click -> 'Sign in'
2026-01-18T23:51:50.0793053Z     🔄 Retry 1/3 mining locators for 'Email address'...
2026-01-18T23:51:51.1464157Z     🧠 Consulting AI (Vision-First) to find 'Email address'...
2026-01-18T23:51:51.1465368Z     🧠 [EXPERT] Strategy: Act as Senior SDET focusing on exploring the application to understand functional flow and identifying critical paths for end-to-end automation.
2026-01-18T23:51:51.1469428Z [CACHE HIT] 1f73f6f2... (hits: 1, misses: 19)
2026-01-18T23:51:51.1470088Z     ⚠️ Skipping duplicate injection: Sign in
2026-01-18T23:51:51.1470474Z     🔄 Retry 2/3 mining locators for 'Email address'...
2026-01-18T23:51:52.1483666Z     🗑️ Invalidating stale AI cache (retry 2)...
2026-01-18T23:51:52.1484990Z     ⚠️ Cache invalidation warning: No module named 'core.agents.domain_expert'
2026-01-18T23:51:52.2137275Z     🧠 Consulting AI (Vision-First) to find 'Email address'...
2026-01-18T23:51:52.2138425Z     🧠 [EXPERT] Strategy: Act as Senior SDET focusing on exploring the application to understand functional flow and identifying critical paths for end-to-end automation.
2026-01-18T23:51:52.2142247Z [CACHE HIT] 1f73f6f2... (hits: 2, misses: 19)
2026-01-18T23:51:52.2142855Z     ⚠️ Skipping duplicate injection: Sign in
2026-01-18T23:51:52.2143565Z     🧠 Verifying step validity for 'Email address' after no candidates found...
2026-01-18T23:51:54.8044650Z [DEBUG] Sending request to gemini-2.0-flash. Number of parts: 2
2026-01-18T23:51:54.8045363Z [DEBUG] Received response (Length: 271)
2026-01-18T23:51:54.8047961Z     🗑️ Step deemed INVALID: The current page is a search results page. There is no "Email address" field visible on this page. It's likely the automation is trying to interact with an element that is not present in the current context.. Removing from workflow.
2026-01-18T23:51:54.8049907Z     ⏭️ Skipping execution of invalid step: Email address
2026-01-18T23:51:54.8050345Z   ▶️ [STEP step_6] CLICK: Create an account
2026-01-18T23:51:54.8103483Z     🔍 Mining locators for: 'Create an account'
2026-01-18T23:51:54.8800882Z     🧠 Consulting AI (Vision-First) to find 'Create an account'...
2026-01-18T23:51:54.8802532Z     🧠 [EXPERT] Strategy: Act as Senior SDET focusing on exploring the application to understand functional flow and identifying critical paths for end-to-end automation.
2026-01-18T23:51:59.8547565Z [DEBUG] Sending request to gemini-2.0-flash. Number of parts: 2
2026-01-18T23:51:59.8548351Z [DEBUG] Received response (Length: 207)
2026-01-18T23:51:59.8549597Z     💡 Expert Suggestion: Clicking 'Sign in' will likely lead to a 'Create an account' option.
2026-01-18T23:51:59.8550721Z     🛠️ Executing corrective action: click -> 'Sign in'
2026-01-18T23:51:59.9290519Z     🔄 Retry 1/3 mining locators for 'Create an account'...
2026-01-18T23:52:01.0458324Z     🧠 Consulting AI (Vision-First) to find 'Create an account'...
2026-01-18T23:52:01.0459977Z     🧠 [EXPERT] Strategy: Act as Senior SDET focusing on exploring the application to understand functional flow and identifying critical paths for end-to-end automation.
2026-01-18T23:52:01.0464815Z [CACHE HIT] ede51320... (hits: 3, misses: 21)
2026-01-18T23:52:01.0465469Z     ⚠️ Skipping duplicate injection: Sign in
2026-01-18T23:52:01.0466255Z     🔄 Retry 2/3 mining locators for 'Create an account'...
2026-01-18T23:52:02.0478736Z     🗑️ Invalidating stale AI cache (retry 2)...
2026-01-18T23:52:02.0479860Z     ⚠️ Cache invalidation warning: No module named 'core.agents.domain_expert'
2026-01-18T23:52:02.1126196Z     🧠 Consulting AI (Vision-First) to find 'Create an account'...
2026-01-18T23:52:02.1127382Z     🧠 [EXPERT] Strategy: Act as Senior SDET focusing on exploring the application to understand functional flow and identifying critical paths for end-to-end automation.
2026-01-18T23:52:02.1131079Z [CACHE HIT] ede51320... (hits: 4, misses: 21)
2026-01-18T23:52:02.1132060Z     ⚠️ Skipping duplicate injection: Sign in
2026-01-18T23:52:02.1132619Z     🧠 Verifying step validity for 'Create an account' after no candidates found...
2026-01-18T23:52:04.9304923Z [DEBUG] Sending request to gemini-2.0-flash. Number of parts: 2
2026-01-18T23:52:04.9305352Z [DEBUG] Received response (Length: 303)
2026-01-18T23:52:04.9307160Z     🗑️ Step deemed INVALID: The 'Create an account' element is not present on the current search results page. The page displays a search bar and results, but no account creation options are visible. The next logical step would be to navigate to the sign-in page first.. Removing from workflow.
2026-01-18T23:52:04.9308553Z     ⏭️ Skipping execution of invalid step: Create an account
2026-01-18T23:52:04.9309021Z   ▶️ [STEP step_7] WAIT_FOR_ELEMENT: Your personal information
2026-01-18T23:52:04.9364101Z     🔍 Mining locators for: 'Your personal information'
2026-01-18T23:52:04.9954272Z     🧠 Consulting AI (Vision-First) to find 'Your personal information'...
2026-01-18T23:52:04.9956159Z     🧠 [EXPERT] Strategy: Act as Senior SDET focusing on exploring the application to understand functional flow and identifying critical paths for end-to-end automation.
2026-01-18T23:52:10.1797460Z [DEBUG] Sending request to gemini-2.0-flash. Number of parts: 2
2026-01-18T23:52:10.1798068Z [DEBUG] Received response (Length: 274)
2026-01-18T23:52:10.1799420Z     💡 Expert Suggestion: "Your personal information" is typically found within the user account/profile section, which is usually accessible after signing in.
2026-01-18T23:52:10.1800574Z     🛠️ Executing corrective action: click -> 'Sign in'
2026-01-18T23:52:10.2459770Z     🔄 Retry 1/3 mining locators for 'Your personal information'...
2026-01-18T23:52:11.3186398Z     🧠 Consulting AI (Vision-First) to find 'Your personal information'...
2026-01-18T23:52:11.3188105Z     🧠 [EXPERT] Strategy: Act as Senior SDET focusing on exploring the application to understand functional flow and identifying critical paths for end-to-end automation.
2026-01-18T23:52:11.3193004Z [CACHE HIT] 2a9f618e... (hits: 5, misses: 23)
2026-01-18T23:52:11.3194038Z     ⚠️ Skipping duplicate injection: Sign in
2026-01-18T23:52:11.3194819Z     🔄 Retry 2/3 mining locators for 'Your personal information'...
2026-01-18T23:52:12.3207330Z     🗑️ Invalidating stale AI cache (retry 2)...
2026-01-18T23:52:12.3208855Z     ⚠️ Cache invalidation warning: No module named 'core.agents.domain_expert'
2026-01-18T23:52:12.3786676Z     🧠 Consulting AI (Vision-First) to find 'Your personal information'...
2026-01-18T23:52:12.3789649Z     🧠 [EXPERT] Strategy: Act as Senior SDET focusing on exploring the application to understand functional flow and identifying critical paths for end-to-end automation.
2026-01-18T23:52:12.3793369Z [CACHE HIT] 2a9f618e... (hits: 6, misses: 23)
2026-01-18T23:52:12.3794130Z     ⚠️ Skipping duplicate injection: Sign in
2026-01-18T23:52:12.3794721Z     🧠 Verifying step validity for 'Your personal information' after no candidates found...
2026-01-18T23:52:14.8510772Z [DEBUG] Sending request to gemini-2.0-flash. Number of parts: 2
2026-01-18T23:52:14.8511707Z [DEBUG] Received response (Length: 274)
2026-01-18T23:52:14.8515385Z     🗑️ Step deemed INVALID: The page displays a search results page. 'Your personal information' is typically found within the 'My Account' section, which is not accessible from this page. Therefore, the element does not exist on this page.. Removing from workflow.
2026-01-18T23:52:14.8519010Z     ⏭️ Skipping execution of invalid step: Your personal information
2026-01-18T23:52:14.8519980Z   ▶️ [STEP step_8] FILL: First name
2026-01-18T23:52:14.8578383Z     🔍 Mining locators for: 'First name'
2026-01-18T23:52:14.9620862Z     🧠 Consulting AI (Vision-First) to find 'First name'...
2026-01-18T23:52:14.9623015Z     🧠 [EXPERT] Strategy: Act as Senior SDET focusing on exploring the application to understand functional flow and identifying critical paths for end-to-end automation.
2026-01-18T23:52:19.7996663Z [DEBUG] Sending request to gemini-2.0-flash. Number of parts: 2
2026-01-18T23:52:19.7997359Z [DEBUG] Received response (Length: 217)
2026-01-18T23:52:19.7998534Z     💡 Expert Suggestion: The 'First name' field is typically found on the sign-in or registration page.
2026-01-18T23:52:19.7999197Z     🛠️ Executing corrective action: click -> 'Sign in'
2026-01-18T23:52:19.8790060Z     🔄 Retry 1/3 mining locators for 'First name'...
2026-01-18T23:52:20.9457542Z     🧠 Consulting AI (Vision-First) to find 'First name'...
2026-01-18T23:52:20.9459072Z     🧠 [EXPERT] Strategy: Act as Senior SDET focusing on exploring the application to understand functional flow and identifying critical paths for end-to-end automation.
2026-01-18T23:52:20.9464142Z [CACHE HIT] 50f64e59... (hits: 7, misses: 25)
2026-01-18T23:52:20.9464857Z     ⚠️ Skipping duplicate injection: Sign in
2026-01-18T23:52:20.9465254Z     🔄 Retry 2/3 mining locators for 'First name'...
2026-01-18T23:52:21.9478706Z     🗑️ Invalidating stale AI cache (retry 2)...
2026-01-18T23:52:21.9479938Z     ⚠️ Cache invalidation warning: No module named 'core.agents.domain_expert'
2026-01-18T23:52:22.0121201Z     🧠 Consulting AI (Vision-First) to find 'First name'...
2026-01-18T23:52:22.0122734Z     🧠 [EXPERT] Strategy: Act as Senior SDET focusing on exploring the application to understand functional flow and identifying critical paths for end-to-end automation.
2026-01-18T23:52:22.0127997Z [CACHE HIT] 50f64e59... (hits: 8, misses: 25)
2026-01-18T23:52:22.0128460Z     ⚠️ Skipping duplicate injection: Sign in
2026-01-18T23:52:22.0129274Z     🧠 Verifying step validity for 'First name' after no candidates found...
2026-01-18T23:52:24.8502231Z [DEBUG] Sending request to gemini-2.0-flash. Number of parts: 2
2026-01-18T23:52:24.8502792Z [DEBUG] Received response (Length: 190)
2026-01-18T23:52:24.8504112Z     🗑️ Step deemed INVALID: The current page is a search results page. There is no "First name" field visible on this page. The task is therefore invalid.. Removing from workflow.
2026-01-18T23:52:24.8505187Z     ⏭️ Skipping execution of invalid step: First name
2026-01-18T23:52:24.8505832Z   ▶️ [STEP step_9] FILL: Last name
2026-01-18T23:52:24.8562609Z     🔍 Mining locators for: 'Last name'
2026-01-18T23:52:24.9124746Z     🧠 Consulting AI (Vision-First) to find 'Last name'...
2026-01-18T23:52:24.9126478Z     🧠 [EXPERT] Strategy: Act as Senior SDET focusing on exploring the application to understand functional flow and identifying critical paths for end-to-end automation.
2026-01-18T23:52:29.8776019Z [DEBUG] Sending request to gemini-2.0-flash. Number of parts: 2
2026-01-18T23:52:29.8776536Z [DEBUG] Received response (Length: 216)
2026-01-18T23:52:29.8777444Z     💡 Expert Suggestion: The 'Last name' field is typically found on the sign-in or registration page.
2026-01-18T23:52:29.8778234Z     🛠️ Executing corrective action: click -> 'Sign in'
2026-01-18T23:52:29.9460908Z     🔄 Retry 1/3 mining locators for 'Last name'...
2026-01-18T23:52:31.0620918Z     🧠 Consulting AI (Vision-First) to find 'Last name'...
2026-01-18T23:52:31.0622199Z     🧠 [EXPERT] Strategy: Act as Senior SDET focusing on exploring the application to understand functional flow and identifying critical paths for end-to-end automation.
2026-01-18T23:52:31.0626308Z [CACHE HIT] 8919375b... (hits: 9, misses: 27)
2026-01-18T23:52:31.0626957Z     ⚠️ Skipping duplicate injection: Sign in
2026-01-18T23:52:31.0627503Z     🔄 Retry 2/3 mining locators for 'Last name'...
2026-01-18T23:52:32.0640550Z     🗑️ Invalidating stale AI cache (retry 2)...
2026-01-18T23:52:32.0641898Z     ⚠️ Cache invalidation warning: No module named 'core.agents.domain_expert'
2026-01-18T23:52:32.1278930Z     🧠 Consulting AI (Vision-First) to find 'Last name'...
2026-01-18T23:52:32.1280093Z     🧠 [EXPERT] Strategy: Act as Senior SDET focusing on exploring the application to understand functional flow and identifying critical paths for end-to-end automation.
2026-01-18T23:52:32.1283986Z [CACHE HIT] 8919375b... (hits: 10, misses: 27)
2026-01-18T23:52:32.1284905Z     ⚠️ Skipping duplicate injection: Sign in
2026-01-18T23:52:32.1286054Z     🧠 Verifying step validity for 'Last name' after no candidates found...
2026-01-18T23:52:34.8766180Z [DEBUG] Sending request to gemini-2.0-flash. Number of parts: 2
2026-01-18T23:52:34.8766881Z [DEBUG] Received response (Length: 289)
2026-01-18T23:52:34.8769459Z     🗑️ Step deemed INVALID: The current page is a search results page. The 'Last name' field is typically found on a registration or checkout page, not on a search results page. Therefore, attempting to locate 'Last name' on this page is not a valid step.. Removing from workflow.
2026-01-18T23:52:34.8771015Z     ⏭️ Skipping execution of invalid step: Last name
2026-01-18T23:52:34.8771423Z   ▶️ [STEP step_10] FILL: Password
2026-01-18T23:52:34.8827279Z     🔍 Mining locators for: 'Password'
2026-01-18T23:52:34.9448541Z     🧠 Consulting AI (Vision-First) to find 'Password'...
2026-01-18T23:52:34.9450747Z     🧠 [EXPERT] Strategy: Act as Senior SDET focusing on exploring the application to understand functional flow and identifying critical paths for end-to-end automation.
2026-01-18T23:52:39.8714804Z [DEBUG] Sending request to gemini-2.0-flash. Number of parts: 2
2026-01-18T23:52:39.8715565Z [DEBUG] Received response (Length: 190)
2026-01-18T23:52:39.8717103Z     💡 Expert Suggestion: The 'Password' field is likely on the sign-in page.
2026-01-18T23:52:39.8718359Z     🛠️ Executing corrective action: click -> 'Sign in'
2026-01-18T23:52:39.9455994Z     🔄 Retry 1/3 mining locators for 'Password'...
2026-01-18T23:52:41.0108491Z     🧠 Consulting AI (Vision-First) to find 'Password'...
2026-01-18T23:52:41.0109664Z     🧠 [EXPERT] Strategy: Act as Senior SDET focusing on exploring the application to understand functional flow and identifying critical paths for end-to-end automation.
2026-01-18T23:52:41.0113816Z [CACHE HIT] 1f9df755... (hits: 11, misses: 29)
2026-01-18T23:52:41.0114422Z     ⚠️ Skipping duplicate injection: Sign in
2026-01-18T23:52:41.0115032Z     🔄 Retry 2/3 mining locators for 'Password'...
2026-01-18T23:52:42.0127800Z     🗑️ Invalidating stale AI cache (retry 2)...
2026-01-18T23:52:42.0129019Z     ⚠️ Cache invalidation warning: No module named 'core.agents.domain_expert'
2026-01-18T23:52:42.0774329Z     🧠 Consulting AI (Vision-First) to find 'Password'...
2026-01-18T23:52:42.0775510Z     🧠 [EXPERT] Strategy: Act as Senior SDET focusing on exploring the application to understand functional flow and identifying critical paths for end-to-end automation.
2026-01-18T23:52:42.0779623Z [CACHE HIT] 1f9df755... (hits: 12, misses: 29)
2026-01-18T23:52:42.0780360Z     ⚠️ Skipping duplicate injection: Sign in
2026-01-18T23:52:42.0781142Z     🧠 Verifying step validity for 'Password' after no candidates found...
2026-01-18T23:52:44.8333985Z [DEBUG] Sending request to gemini-2.0-flash. Number of parts: 2
2026-01-18T23:52:44.8334687Z [DEBUG] Received response (Length: 235)
2026-01-18T23:52:44.8336415Z     🗑️ Step deemed INVALID: The current page is a search results page. There is no "Password" field visible on this page. It's likely the user needs to navigate to a login or registration page first.. Removing from workflow.
2026-01-18T23:52:44.8337479Z     ⏭️ Skipping execution of invalid step: Password
2026-01-18T23:52:44.8337845Z   ▶️ [STEP step_11] FILL: Address
2026-01-18T23:52:44.8396180Z     🔍 Mining locators for: 'Address'
2026-01-18T23:52:44.8939659Z     🧠 Consulting AI (Vision-First) to find 'Address'...
2026-01-18T23:52:44.8940758Z     🧠 [EXPERT] Strategy: Act as Senior SDET focusing on exploring the application to understand functional flow and identifying critical paths for end-to-end automation.
2026-01-18T23:52:49.7997034Z [DEBUG] Sending request to gemini-2.0-flash. Number of parts: 2
2026-01-18T23:52:49.7998147Z [DEBUG] Received response (Length: 203)
2026-01-18T23:52:49.7999370Z     💡 Expert Suggestion: The 'Address' is likely to be found on the 'Contact us' page.
2026-01-18T23:52:49.8000358Z     🛠️ Executing corrective action: click -> 'Contact us'
2026-01-18T23:52:50.7771479Z     ✅ Executed corrective navigation
2026-01-18T23:52:52.7798763Z     🔄 Retry 1/3 mining locators for 'Address'...
2026-01-18T23:52:53.8948696Z     ✅ Found 7 verified locators
2026-01-18T23:52:59.2644236Z     ✅ State transitioned.
2026-01-18T23:53:00.8528835Z [DEBUG] Sending request to gemini-2.0-flash. Number of parts: 2
2026-01-18T23:53:00.8529620Z [DEBUG] Received response (Length: 211)
2026-01-18T23:53:00.8530530Z     🤖 AI Next Step Suggestion: fill -> Email address
2026-01-18T23:53:00.8531207Z     🧩 Suggested Locator: #email
2026-01-18T23:53:00.8532278Z     💭 Reasoning: The email address field is visible and needs to be filled to complete the contact form.
2026-01-18T23:53:00.8533289Z     ➕ Injected AI step: fill -> Email address
2026-01-18T23:53:00.8533766Z   ▶️ [STEP step_11_ai_1] FILL: Email address
2026-01-18T23:53:00.8588200Z     🎯 Using AI-provided locator: #email
2026-01-18T23:53:00.8644508Z     ✅ Found 1 verified locators
2026-01-18T23:53:07.8085149Z     ✅ State transitioned.
2026-01-18T23:53:09.3208851Z [DEBUG] Sending request to gemini-2.0-flash. Number of parts: 2
2026-01-18T23:53:09.3209653Z [DEBUG] Received response (Length: 181)
2026-01-18T23:53:09.3210332Z     🤖 AI Next Step Suggestion: fill -> Order reference
2026-01-18T23:53:09.3210784Z     🧩 Suggested Locator: #id_order
2026-01-18T23:53:09.3211350Z     💭 Reasoning: Filling the order reference field to complete the contact form.
2026-01-18T23:53:09.3211948Z     ➕ Injected AI step: fill -> Order reference
2026-01-18T23:53:09.3212386Z   ▶️ [STEP step_11_ai_2] FILL: Order reference
2026-01-18T23:53:09.3268814Z     🎯 Using AI-provided locator: #id_order
2026-01-18T23:53:09.3326062Z     ✅ Found 1 verified locators
2026-01-18T23:53:15.0318252Z     ✅ State transitioned.
2026-01-18T23:53:16.5638986Z [DEBUG] Sending request to gemini-2.0-flash. Number of parts: 2
2026-01-18T23:53:16.5639552Z [DEBUG] Received response (Length: 171)
2026-01-18T23:53:16.5640235Z     🤖 AI Next Step Suggestion: fill -> Message
2026-01-18T23:53:16.5640615Z     🧩 Suggested Locator: #message
2026-01-18T23:53:16.5641049Z     💭 Reasoning: Fill the message textarea to complete the contact form.
2026-01-18T23:53:16.5641461Z     ➕ Injected AI step: fill -> Message
2026-01-18T23:53:16.5641766Z   ▶️ [STEP step_11_ai_3] FILL: Message
2026-01-18T23:53:16.5698970Z     🎯 Using AI-provided locator: #message
2026-01-18T23:53:16.5754222Z     ✅ Found 1 verified locators
2026-01-18T23:53:22.3810978Z     ✅ State transitioned.
2026-01-18T23:53:24.1243124Z [DEBUG] Sending request to gemini-2.0-flash. Number of parts: 2
2026-01-18T23:53:24.1244146Z [DEBUG] Received response (Length: 188)
2026-01-18T23:53:24.1245349Z     🤖 AI Next Step Suggestion: click -> -- Choose --
2026-01-18T23:53:24.1246567Z     🧩 Suggested Locator: #id_contact
2026-01-18T23:53:24.1248317Z     💭 Reasoning: The subject heading is a required field, so we need to select an option from the dropdown.
2026-01-18T23:53:24.1249926Z     ➕ Injected AI step: click -> -- Choose --
2026-01-18T23:53:24.1250739Z   ▶️ [STEP step_11_ai_4] CLICK: -- Choose --
2026-01-18T23:53:24.1308920Z     🎯 Using AI-provided locator: #id_contact
2026-01-18T23:53:24.1366087Z     ✅ Found 1 verified locators
2026-01-18T23:53:28.1863018Z     ✅ State transitioned.
2026-01-18T23:53:28.1940221Z     🔄 Revisited state detected (count: 1)
2026-01-18T23:53:29.7362751Z [DEBUG] Sending request to gemini-2.0-flash. Number of parts: 2
2026-01-18T23:53:29.7363771Z [DEBUG] Received response (Length: 245)
2026-01-18T23:53:29.7364953Z     🤖 AI Next Step Suggestion: click -> Customer service
2026-01-18T23:53:29.7367176Z     💭 Reasoning: The previous action was clicking the dropdown. Now we need to select an option from the dropdown. 'Customer service' is a valid option.
2026-01-18T23:53:29.7369308Z     ➕ Injected AI step: click -> Customer service
2026-01-18T23:53:29.7370157Z   ▶️ [STEP step_11_ai_5] CLICK: Customer service
2026-01-18T23:53:29.7428553Z     🔍 Mining locators for: 'Customer service'
2026-01-18T23:53:29.8059722Z     ✅ Found 1 verified locators
2026-01-18T23:53:33.3628061Z     ✅ State transitioned.
2026-01-18T23:53:33.3704617Z     🔄 Revisited state detected (count: 2)
2026-01-18T23:53:34.8670049Z [DEBUG] Sending request to gemini-2.0-flash. Number of parts: 2
2026-01-18T23:53:34.8670825Z [DEBUG] Received response (Length: 173)
2026-01-18T23:53:34.8671735Z     🤖 AI Next Step Suggestion: click -> Choose File
2026-01-18T23:53:34.8672314Z     🧩 Suggested Locator: #uniform-fileUpload
2026-01-18T23:53:34.8672840Z     💭 Reasoning: The form is not complete. The next logical step is to attach a file.
2026-01-18T23:53:34.8673310Z     ➕ Injected AI step: click -> Choose File
2026-01-18T23:53:34.8673638Z   ▶️ [STEP step_11_ai_6] CLICK: Choose File
2026-01-18T23:53:34.8734444Z     🎯 Using AI-provided locator: #uniform-fileUpload
2026-01-18T23:53:34.8791329Z     ✅ Found 1 verified locators
2026-01-18T23:53:38.9279108Z     ✅ State transitioned.
2026-01-18T23:53:38.9357197Z     🔄 Revisited state detected (count: 3)
2026-01-18T23:53:38.9357884Z     ⚠️ Too many revisits (3). Stopping AI step injection to prevent loops.
2026-01-18T23:53:38.9358321Z   ▶️ [STEP step_12] FILL: City
2026-01-18T23:53:38.9411673Z     🔍 Mining locators for: 'City'
2026-01-18T23:53:38.9915527Z     🧠 Consulting AI (Vision-First) to find 'City'...
2026-01-18T23:53:38.9916914Z     🧠 [EXPERT] Strategy: Act as Senior SDET focusing on exploring the application to understand functional flow and identifying critical paths for end-to-end automation.
2026-01-18T23:53:40.3326332Z [DEBUG] Sending request to gemini-2.0-flash. Number of parts: 2
2026-01-18T23:53:40.3326885Z [DEBUG] Received response (Length: 245)
2026-01-18T23:53:40.3327843Z     💡 Expert Suggestion: The 'City' field is likely part of the address information, which is commonly found on the 'Contact' page.
2026-01-18T23:53:40.3328640Z     🛠️ Executing corrective action: click -> 'Contact'
2026-01-18T23:53:40.9047047Z     ✅ Executed corrective navigation
2026-01-18T23:53:42.9069456Z     🔄 Retry 1/3 mining locators for 'City'...
2026-01-18T23:53:43.9577088Z     🧠 Consulting AI (Vision-First) to find 'City'...
2026-01-18T23:53:43.9578726Z     🧠 [EXPERT] Strategy: Act as Senior SDET focusing on exploring the application to understand functional flow and identifying critical paths for end-to-end automation.
2026-01-18T23:53:43.9582826Z [CACHE HIT] 033eaa0d... (hits: 13, misses: 38)
2026-01-18T23:53:43.9583507Z     ⚠️ Skipping duplicate injection: Contact
2026-01-18T23:53:43.9583866Z     🔄 Retry 2/3 mining locators for 'City'...
2026-01-18T23:53:44.9596746Z     🗑️ Invalidating stale AI cache (retry 2)...
2026-01-18T23:53:44.9597936Z     ⚠️ Cache invalidation warning: No module named 'core.agents.domain_expert'
2026-01-18T23:53:45.0074932Z     🧠 Consulting AI (Vision-First) to find 'City'...
2026-01-18T23:53:45.0076821Z     🧠 [EXPERT] Strategy: Act as Senior SDET focusing on exploring the application to understand functional flow and identifying critical paths for end-to-end automation.
2026-01-18T23:53:45.0080825Z [CACHE HIT] 033eaa0d... (hits: 14, misses: 38)
2026-01-18T23:53:45.0081564Z     ⚠️ Skipping duplicate injection: Contact
2026-01-18T23:53:45.0082167Z     🧠 Verifying step validity for 'City' after no candidates found...
2026-01-18T23:53:46.2082285Z [DEBUG] Sending request to gemini-2.0-flash. Number of parts: 2
2026-01-18T23:53:46.2083066Z [DEBUG] Received response (Length: 217)
2026-01-18T23:53:46.2085837Z     🗑️ Step deemed INVALID: The 'City' field does not exist on the Contact Us page. The available fields are Subject Heading, Email address, Order reference, Attach File, and Message.. Removing from workflow.
2026-01-18T23:53:46.2088104Z     ⏭️ Skipping execution of invalid step: City
2026-01-18T23:53:46.2088873Z   ▶️ [STEP step_13] SELECT: State
2026-01-18T23:53:46.2148789Z     🔍 Mining locators for: 'State'
2026-01-18T23:53:46.2577462Z     🧠 Consulting AI (Vision-First) to find 'State'...
2026-01-18T23:53:46.2579307Z     🧠 [EXPERT] Strategy: Act as Senior SDET focusing on exploring the application to understand functional flow and identifying critical paths for end-to-end automation.
2026-01-18T23:53:51.4171474Z [DEBUG] Sending request to gemini-2.0-flash. Number of parts: 2
2026-01-18T23:53:51.4172346Z [DEBUG] Received response (Length: 260)
2026-01-18T23:53:51.4173651Z     💡 Expert Suggestion: The 'State' field is commonly found within address forms, which are often located in the 'Contact' or 'Account' sections.
2026-01-18T23:53:51.4174669Z     🛠️ Executing corrective action: click -> 'Contact'
2026-01-18T23:53:52.0190203Z     ✅ Executed corrective navigation
2026-01-18T23:53:54.0213344Z     🔄 Retry 1/3 mining locators for 'State'...
2026-01-18T23:53:55.0740293Z     🧠 Consulting AI (Vision-First) to find 'State'...
2026-01-18T23:53:55.0741873Z     🧠 [EXPERT] Strategy: Act as Senior SDET focusing on exploring the application to understand functional flow and identifying critical paths for end-to-end automation.
2026-01-18T23:53:55.0746397Z [CACHE HIT] 0f27ef04... (hits: 15, misses: 40)
2026-01-18T23:53:55.0747066Z     ⚠️ Skipping duplicate injection: Contact
2026-01-18T23:53:55.0747608Z     🔄 Retry 2/3 mining locators for 'State'...
2026-01-18T23:53:56.0757006Z     🗑️ Invalidating stale AI cache (retry 2)...
2026-01-18T23:53:56.0759017Z     ⚠️ Cache invalidation warning: No module named 'core.agents.domain_expert'
2026-01-18T23:53:56.1236936Z     🧠 Consulting AI (Vision-First) to find 'State'...
2026-01-18T23:53:56.1238299Z     🧠 [EXPERT] Strategy: Act as Senior SDET focusing on exploring the application to understand functional flow and identifying critical paths for end-to-end automation.
2026-01-18T23:53:56.1242697Z [CACHE HIT] 0f27ef04... (hits: 16, misses: 40)
2026-01-18T23:53:56.1243368Z     ⚠️ Skipping duplicate injection: Contact
2026-01-18T23:53:56.1244165Z     🧠 Verifying step validity for 'State' after no candidates found...
2026-01-18T23:53:57.3689351Z [DEBUG] Sending request to gemini-2.0-flash. Number of parts: 2
2026-01-18T23:53:57.3690243Z [DEBUG] Received response (Length: 224)
2026-01-18T23:53:57.3692818Z     🗑️ Step deemed INVALID: The 'State' field is not visible on the 'Contact Us' page. It is usually present in the address form during checkout or account creation, not in the contact form.. Removing from workflow.
2026-01-18T23:53:57.3694064Z     ⏭️ Skipping execution of invalid step: State
2026-01-18T23:53:57.3694475Z   ▶️ [STEP step_14] FILL: Zip/Postal Code
2026-01-18T23:53:57.3748151Z     🔍 Mining locators for: 'Zip/Postal Code'
2026-01-18T23:53:57.4235797Z     🧠 Consulting AI (Vision-First) to find 'Zip/Postal Code'...
2026-01-18T23:53:57.4237365Z     🧠 [EXPERT] Strategy: Act as Senior SDET focusing on exploring the application to understand functional flow and identifying critical paths for end-to-end automation.
2026-01-18T23:54:02.5332512Z [DEBUG] Sending request to gemini-2.0-flash. Number of parts: 2
2026-01-18T23:54:02.5333289Z [DEBUG] Received response (Length: 219)
2026-01-18T23:54:02.5334870Z     💡 Expert Suggestion: Zip/Postal Code is typically found during the checkout process in the cart.
2026-01-18T23:54:02.5336540Z     🛠️ Executing corrective action: click -> 'Cart (empty)'
2026-01-18T23:54:02.5901450Z     🔄 Retry 1/3 mining locators for 'Zip/Postal Code'...
2026-01-18T23:54:03.6403587Z     🧠 Consulting AI (Vision-First) to find 'Zip/Postal Code'...
2026-01-18T23:54:03.6405269Z     🧠 [EXPERT] Strategy: Act as Senior SDET focusing on exploring the application to understand functional flow and identifying critical paths for end-to-end automation.
2026-01-18T23:54:03.6409730Z [CACHE HIT] 33e96d8d... (hits: 17, misses: 42)
2026-01-18T23:54:03.6410444Z     ⚠️ Skipping duplicate injection: Cart (empty)
2026-01-18T23:54:03.6410874Z     🔄 Retry 2/3 mining locators for 'Zip/Postal Code'...
2026-01-18T23:54:04.6423643Z     🗑️ Invalidating stale AI cache (retry 2)...
2026-01-18T23:54:04.6425178Z     ⚠️ Cache invalidation warning: No module named 'core.agents.domain_expert'
2026-01-18T23:54:04.6899400Z     🧠 Consulting AI (Vision-First) to find 'Zip/Postal Code'...
2026-01-18T23:54:04.6900993Z     🧠 [EXPERT] Strategy: Act as Senior SDET focusing on exploring the application to understand functional flow and identifying critical paths for end-to-end automation.
2026-01-18T23:54:04.6904228Z [CACHE HIT] 33e96d8d... (hits: 18, misses: 42)
2026-01-18T23:54:04.6904912Z     ⚠️ Skipping duplicate injection: Cart (empty)
2026-01-18T23:54:04.6905535Z     🧠 Verifying step validity for 'Zip/Postal Code' after no candidates found...
2026-01-18T23:54:07.6502001Z [DEBUG] Sending request to gemini-2.0-flash. Number of parts: 2
2026-01-18T23:54:07.6502688Z [DEBUG] Received response (Length: 261)
2026-01-18T23:54:07.6504829Z     🗑️ Step deemed INVALID: The 'Zip/Postal Code' field is not present on the Contact Us page based on the provided screenshot. The available fields are Subject Heading, Email address, Order reference, Attach File, and Message.. Removing from workflow.
2026-01-18T23:54:07.6508862Z     ⏭️ Skipping execution of invalid step: Zip/Postal Code
2026-01-18T23:54:07.6509350Z   ▶️ [STEP step_15] FILL: Home phone
2026-01-18T23:54:07.6562932Z     🔍 Mining locators for: 'Home phone'
2026-01-18T23:54:07.7076231Z     🧠 Consulting AI (Vision-First) to find 'Home phone'...
2026-01-18T23:54:07.7077726Z     🧠 [EXPERT] Strategy: Act as Senior SDET focusing on exploring the application to understand functional flow and identifying critical paths for end-to-end automation.
2026-01-18T23:54:12.3750116Z [DEBUG] Sending request to gemini-2.0-flash. Number of parts: 2
2026-01-18T23:54:12.3750896Z [DEBUG] Received response (Length: 231)
2026-01-18T23:54:12.3752354Z     💡 Expert Suggestion: The 'Home phone' field is likely to be found within the contact information or contact form.
2026-01-18T23:54:12.3753938Z     🛠️ Executing corrective action: click -> 'Contact'
2026-01-18T23:54:12.9363626Z     ✅ Executed corrective navigation
2026-01-18T23:54:14.9386455Z     🔄 Retry 1/3 mining locators for 'Home phone'...
2026-01-18T23:54:15.9899956Z     🧠 Consulting AI (Vision-First) to find 'Home phone'...
2026-01-18T23:54:15.9901636Z     🧠 [EXPERT] Strategy: Act as Senior SDET focusing on exploring the application to understand functional flow and identifying critical paths for end-to-end automation.
2026-01-18T23:54:15.9905928Z [CACHE HIT] 5d5f9b78... (hits: 19, misses: 44)
2026-01-18T23:54:15.9906577Z     ⚠️ Skipping duplicate injection: Contact
2026-01-18T23:54:15.9907065Z     🔄 Retry 2/3 mining locators for 'Home phone'...
2026-01-18T23:54:16.9920041Z     🗑️ Invalidating stale AI cache (retry 2)...
2026-01-18T23:54:16.9921223Z     ⚠️ Cache invalidation warning: No module named 'core.agents.domain_expert'
2026-01-18T23:54:17.0392599Z     🧠 Consulting AI (Vision-First) to find 'Home phone'...
2026-01-18T23:54:17.0394668Z     🧠 [EXPERT] Strategy: Act as Senior SDET focusing on exploring the application to understand functional flow and identifying critical paths for end-to-end automation.
2026-01-18T23:54:17.0400092Z [CACHE HIT] 5d5f9b78... (hits: 20, misses: 44)
2026-01-18T23:54:17.0401135Z     ⚠️ Skipping duplicate injection: Contact
2026-01-18T23:54:17.0401922Z     🧠 Verifying step validity for 'Home phone' after no candidates found...
2026-01-18T23:54:18.1830615Z [DEBUG] Sending request to gemini-2.0-flash. Number of parts: 2
2026-01-18T23:54:18.1831403Z [DEBUG] Received response (Length: 247)
2026-01-18T23:54:18.1834439Z     🗑️ Step deemed INVALID: The 'Home phone' field is not visible on the contact form in the provided screenshot. The available fields are Subject Heading, Email address, Order reference, Attach File, and Message.. Removing from workflow.
2026-01-18T23:54:18.1836933Z     ⏭️ Skipping execution of invalid step: Home phone
2026-01-18T23:54:18.1837578Z   ▶️ [STEP step_16] FILL: Mobile phone
2026-01-18T23:54:18.1892080Z     🔍 Mining locators for: 'Mobile phone'
2026-01-18T23:54:18.2392212Z     🧠 Consulting AI (Vision-First) to find 'Mobile phone'...
2026-01-18T23:54:18.2393905Z     🧠 [EXPERT] Strategy: Act as Senior SDET focusing on exploring the application to understand functional flow and identifying critical paths for end-to-end automation.
2026-01-18T23:54:23.4206222Z [DEBUG] Sending request to gemini-2.0-flash. Number of parts: 2
2026-01-18T23:54:23.4206869Z [DEBUG] Received response (Length: 254)
2026-01-18T23:54:23.4208243Z     💡 Expert Suggestion: The term 'Mobile phone' is not directly visible on the page. Suggesting to use the search bar to find 'Mobile phone'.
2026-01-18T23:54:23.4209391Z     🛠️ Executing corrective action: fill -> 'Search'
2026-01-18T23:54:23.9854486Z     ✅ Executed corrective navigation
2026-01-18T23:54:25.9877113Z     🔄 Retry 1/3 mining locators for 'Mobile phone'...
2026-01-18T23:54:27.0401483Z     🧠 Consulting AI (Vision-First) to find 'Mobile phone'...
2026-01-18T23:54:27.0403017Z     🧠 [EXPERT] Strategy: Act as Senior SDET focusing on exploring the application to understand functional flow and identifying critical paths for end-to-end automation.
2026-01-18T23:54:28.5658003Z [DEBUG] Sending request to gemini-2.0-flash. Number of parts: 2
2026-01-18T23:54:28.5658773Z [DEBUG] Received response (Length: 218)
2026-01-18T23:54:28.5659499Z     ⚠️ Skipping duplicate injection: Search
2026-01-18T23:54:28.5660055Z     🔄 Retry 2/3 mining locators for 'Mobile phone'...
2026-01-18T23:54:29.5671662Z     🗑️ Invalidating stale AI cache (retry 2)...
2026-01-18T23:54:29.5673493Z     ⚠️ Cache invalidation warning: No module named 'core.agents.domain_expert'
2026-01-18T23:54:29.6554024Z     🧠 Consulting AI (Vision-First) to find 'Mobile phone'...
2026-01-18T23:54:29.6555278Z     🧠 [EXPERT] Strategy: Act as Senior SDET focusing on exploring the application to understand functional flow and identifying critical paths for end-to-end automation.
2026-01-18T23:54:29.6559630Z [CACHE HIT] 4ed0c73a... (hits: 21, misses: 47)
2026-01-18T23:54:29.6560340Z     ⚠️ Skipping duplicate injection: Search
2026-01-18T23:54:29.6561244Z     🧠 Verifying step validity for 'Mobile phone' after no candidates found...
2026-01-18T23:54:33.4114267Z [DEBUG] Sending request to gemini-2.0-flash. Number of parts: 2
2026-01-18T23:54:33.4114755Z [DEBUG] Received response (Length: 199)
2026-01-18T23:54:33.4116176Z     🗑️ Step deemed INVALID: The element 'Mobile phone' does not exist on the contact page. The subject heading dropdown does not contain 'Mobile phone' as an option.. Removing from workflow.
2026-01-18T23:54:33.4117102Z     ⏭️ Skipping execution of invalid step: Mobile phone
2026-01-18T23:54:33.4117460Z   ▶️ [STEP step_17] FILL: Address
2026-01-18T23:54:33.4173189Z     🔍 Mining locators for: 'Address'
2026-01-18T23:54:33.5109965Z     ✅ Found 7 verified locators
2026-01-18T23:54:39.9746067Z     ✅ State transitioned.
2026-01-18T23:54:41.4600720Z [DEBUG] Sending request to gemini-2.0-flash. Number of parts: 2
2026-01-18T23:54:41.4601607Z [DEBUG] Received response (Length: 139)
2026-01-18T23:54:41.4602600Z     🤖 AI Next Step Suggestion: done -> N/A
2026-01-18T23:54:41.4604476Z     💭 Reasoning: The contact form is filled. There is no submit button to click. So, I assume the goal is achieved.
2026-01-18T23:54:41.4606171Z   ▶️ [STEP step_18] CLICK: Register
2026-01-18T23:54:41.4663844Z     🔍 Mining locators for: 'Register'
2026-01-18T23:54:41.5216528Z     🧠 Consulting AI (Vision-First) to find 'Register'...
2026-01-18T23:54:41.5217765Z     🧠 [EXPERT] Strategy: Act as Senior SDET focusing on exploring the application to understand functional flow and identifying critical paths for end-to-end automation.
2026-01-18T23:54:46.2086809Z [DEBUG] Sending request to gemini-2.0-flash. Number of parts: 2
2026-01-18T23:54:46.2087331Z [DEBUG] Received response (Length: 228)
2026-01-18T23:54:46.2088337Z     💡 Expert Suggestion: The 'Register' option is likely found within the 'Contact' or 'Customer Service' section.
2026-01-18T23:54:46.2089153Z     🛠️ Executing corrective action: click -> 'Contact'
2026-01-18T23:54:46.7726506Z     ✅ Executed corrective navigation
2026-01-18T23:54:48.7749769Z     🔄 Retry 1/3 mining locators for 'Register'...
2026-01-18T23:54:49.8215549Z     🧠 Consulting AI (Vision-First) to find 'Register'...
2026-01-18T23:54:49.8217305Z     🧠 [EXPERT] Strategy: Act as Senior SDET focusing on exploring the application to understand functional flow and identifying critical paths for end-to-end automation.
2026-01-18T23:54:51.6211937Z [DEBUG] Sending request to gemini-2.0-flash. Number of parts: 2
2026-01-18T23:54:51.6212484Z [DEBUG] Received response (Length: 221)
2026-01-18T23:54:51.6213359Z     💡 Expert Suggestion: The 'Register' option is often found within the user account or cart section.
2026-01-18T23:54:51.6214096Z     🛠️ Executing corrective action: click -> 'Cart (empty)'
2026-01-18T23:54:51.6717175Z     🔄 Retry 2/3 mining locators for 'Register'...
2026-01-18T23:54:52.6730056Z     🗑️ Invalidating stale AI cache (retry 2)...
2026-01-18T23:54:52.6731565Z     ⚠️ Cache invalidation warning: No module named 'core.agents.domain_expert'
2026-01-18T23:54:52.7206439Z     🧠 Consulting AI (Vision-First) to find 'Register'...
2026-01-18T23:54:52.7207966Z     🧠 [EXPERT] Strategy: Act as Senior SDET focusing on exploring the application to understand functional flow and identifying critical paths for end-to-end automation.
2026-01-18T23:54:52.7212193Z [CACHE HIT] 9be5676c... (hits: 22, misses: 51)
2026-01-18T23:54:52.7212877Z     ⚠️ Skipping duplicate injection: Cart (empty)
2026-01-18T23:54:52.7213655Z     🧠 Verifying step validity for 'Register' after no candidates found...
2026-01-18T23:54:56.2501595Z [DEBUG] Sending request to gemini-2.0-flash. Number of parts: 2
2026-01-18T23:54:56.2502140Z [DEBUG] Received response (Length: 258)
2026-01-18T23:54:56.2504223Z     🗑️ Step deemed INVALID: The current page is the 'Contact Us' page. There is no 'Register' button or link visible on this page. Therefore, attempting to interact with 'Register' is not a valid step in the current context.. Removing from workflow.
2026-01-18T23:54:56.2506406Z     ⏭️ Skipping execution of invalid step: Register
2026-01-18T23:54:56.2507067Z   ▶️ [STEP step_19] ASSERT_VISIBLE: My account
2026-01-18T23:54:56.2563450Z     🔍 Mining locators for: 'My account'
2026-01-18T23:54:56.3122549Z     ✅ Found 1 verified locators
2026-01-18T23:54:58.8398829Z     ✅ State transitioned.
2026-01-18T23:54:58.8480623Z     🔄 Revisited state detected (count: 1)
2026-01-18T23:55:01.3228492Z [DEBUG] Sending request to gemini-2.0-flash. Number of parts: 2
2026-01-18T23:55:01.3229305Z [DEBUG] Received response (Length: 172)
2026-01-18T23:55:01.3230169Z     🤖 AI Next Step Suggestion: click -> Send
2026-01-18T23:55:01.3230779Z     🧩 Suggested Locator: #submitMessage
2026-01-18T23:55:01.3231455Z     💭 Reasoning: All required fields are filled, so the next logical step is to submit the form.
2026-01-18T23:55:01.3232116Z     ➕ Injected AI step: click -> Send
2026-01-18T23:55:01.3232503Z   ▶️ [STEP step_19_ai_1] CLICK: Send
2026-01-18T23:55:01.3287583Z     🎯 Using AI-provided locator: #submitMessage
2026-01-18T23:55:01.3347471Z     ✅ Found 1 verified locators
2026-01-18T23:55:05.3766213Z     ✅ State transitioned.
2026-01-18T23:55:06.9620561Z [DEBUG] Sending request to gemini-2.0-flash. Number of parts: 2
2026-01-18T23:55:06.9621378Z [DEBUG] Received response (Length: 292)
2026-01-18T23:55:06.9622293Z     🤖 AI Next Step Suggestion: fill -> Email address
2026-01-18T23:55:06.9622947Z     🧩 Suggested Locator: #email
2026-01-18T23:55:06.9624606Z     💭 Reasoning: The form has an error indicating an invalid email address. Filling the email field with a valid email address is the next logical step to resolve the error and proceed.
2026-01-18T23:55:06.9626420Z     ➕ Injected AI step: fill -> Email address
2026-01-18T23:55:06.9627133Z   ▶️ [STEP step_19_ai_2] FILL: Email address
2026-01-18T23:55:06.9788018Z     🎯 Using AI-provided locator: #email
2026-01-18T23:55:06.9842695Z     ✅ Found 1 verified locators
2026-01-18T23:55:14.0269726Z     ✅ State transitioned.
2026-01-18T23:55:14.0345512Z     🔄 Revisited state detected (count: 1)
2026-01-18T23:55:15.6303421Z [DEBUG] Sending request to gemini-2.0-flash. Number of parts: 2
2026-01-18T23:55:15.6304239Z [DEBUG] Received response (Length: 310)
2026-01-18T23:55:15.6305139Z     🤖 AI Next Step Suggestion: click -> Send
2026-01-18T23:55:15.6307399Z     💭 Reasoning: The form has been filled, but there is an error message indicating an invalid email address. Clicking send again will re-validate the form and potentially reveal other errors or proceed if the email is now valid.
2026-01-18T23:55:15.6309156Z     ➕ Injected AI step: click -> Send
2026-01-18T23:55:15.6309691Z   ▶️ [STEP step_19_ai_3] CLICK: Send
2026-01-18T23:55:15.6366334Z     🔍 Mining locators for: 'Send'
2026-01-18T23:55:15.7183843Z     ✅ Found 4 verified locators
2026-01-18T23:55:19.2812664Z     ✅ State transitioned.
2026-01-18T23:55:20.9661081Z [DEBUG] Sending request to gemini-2.0-flash. Number of parts: 2
2026-01-18T23:55:20.9661990Z [DEBUG] Received response (Length: 223)
2026-01-18T23:55:20.9662894Z     🤖 AI Next Step Suggestion: click -> -- Choose --
2026-01-18T23:55:20.9663954Z     💭 Reasoning: The error message indicates that a subject must be selected. Clicking the dropdown will allow a subject to be chosen.
2026-01-18T23:55:20.9664881Z     ➕ Injected AI step: click -> -- Choose --
2026-01-18T23:55:20.9665288Z   ▶️ [STEP step_19_ai_4] CLICK: -- Choose --
2026-01-18T23:55:20.9822456Z     🔍 Mining locators for: '-- Choose --'
2026-01-18T23:55:21.0456689Z     ✅ Found 1 verified locators
2026-01-18T23:55:24.6169767Z     ✅ State transitioned.
2026-01-18T23:55:24.6249527Z     🔄 Revisited state detected (count: 1)
2026-01-18T23:55:26.0874518Z [DEBUG] Sending request to gemini-2.0-flash. Number of parts: 2
2026-01-18T23:55:26.0875183Z [DEBUG] Received response (Length: 218)
2026-01-18T23:55:26.0876171Z     🤖 AI Next Step Suggestion: click -> -- Choose --
2026-01-18T23:55:26.0877186Z     💭 Reasoning: The error message indicates that a subject must be selected from the dropdown. This action addresses that error.
2026-01-18T23:55:26.0878304Z ⚠️ Loop detected: same AI suggestion repeated 2 times. Moving to next step.
2026-01-18T23:55:26.0878915Z   ▶️ [STEP step_20] NAVIGATE: 
2026-01-18T23:55:27.0304299Z     ✅ Navigated to http://www.automationpractice.pl/
2026-01-18T23:55:27.0305221Z   ▶️ [STEP step_21] FILL: Search
2026-01-18T23:55:27.0476084Z     🔍 Mining locators for: 'Search'
2026-01-18T23:55:27.1690567Z     ✅ Found 6 verified locators
2026-01-18T23:55:32.4537698Z     ✅ State transitioned.
2026-01-18T23:55:34.0122241Z [DEBUG] Sending request to gemini-2.0-flash. Number of parts: 2
2026-01-18T23:55:34.0122943Z [DEBUG] Received response (Length: 288)
2026-01-18T23:55:34.0123735Z     🤖 AI Next Step Suggestion: done -> N/A
2026-01-18T23:55:34.0126261Z     💭 Reasoning: The current page is the home page. The previous actions involved authentication and search. There is no clear next step to take on the home page to continue practicing automation scenarios. Therefore, the goal is unlikely to be achieved from here.
2026-01-18T23:55:34.0128362Z   ▶️ [STEP step_22] CLICK: Search
2026-01-18T23:55:34.0202821Z     🔍 Mining locators for: 'Search'
2026-01-18T23:55:34.1363013Z     ✅ Found 6 verified locators
2026-01-18T23:55:37.7096355Z     ✅ State transitioned.
2026-01-18T23:55:37.7201898Z     🔄 Revisited state detected (count: 1)
2026-01-18T23:55:39.3602178Z [DEBUG] Sending request to gemini-2.0-flash. Number of parts: 2
2026-01-18T23:55:39.3603049Z [DEBUG] Received response (Length: 320)
2026-01-18T23:55:39.3604288Z     🤖 AI Next Step Suggestion: click -> Evening Dresses > Printed Dress
2026-01-18T23:55:39.3607542Z     💭 Reasoning: The user previously searched for 'dress'. Now, selecting a specific dress type from the search suggestions is the next logical step to refine the search and potentially add a product to the cart.
2026-01-18T23:55:39.3610262Z     ➕ Injected AI step: click -> Evening Dresses > Printed Dress
2026-01-18T23:55:39.3611834Z   ▶️ [STEP step_22_ai_1] CLICK: Evening Dresses > Printed Dress
2026-01-18T23:55:39.3669699Z     🔍 Mining locators for: 'Evening Dresses > Printed Dress'
2026-01-18T23:55:39.4220048Z     🧠 Consulting AI (Vision-First) to find 'Evening Dresses > Printed Dress'...
2026-01-18T23:55:39.4221736Z     🧠 [EXPERT] Strategy: Act as Senior SDET focusing on exploring the application to understand functional flow and identifying critical paths for end-to-end automation.
2026-01-18T23:55:44.3140215Z [DEBUG] Sending request to gemini-2.0-flash. Number of parts: 2
2026-01-18T23:55:44.3140638Z [DEBUG] Received response (Length: 287)
2026-01-18T23:55:44.3141263Z     🔄 Retry 1/3 mining locators for 'Evening Dresses > Printed Dress'...
2026-01-18T23:55:45.3738178Z     🧠 Consulting AI (Vision-First) to find 'Evening Dresses > Printed Dress'...
2026-01-18T23:55:45.3740219Z     🧠 [EXPERT] Strategy: Act as Senior SDET focusing on exploring the application to understand functional flow and identifying critical paths for end-to-end automation.
2026-01-18T23:55:50.7346093Z [DEBUG] Sending request to gemini-2.0-flash. Number of parts: 2
2026-01-18T23:55:50.7346677Z [DEBUG] Received response (Length: 1120)
2026-01-18T23:55:50.7347518Z     🔄 Retry 2/3 mining locators for 'Evening Dresses > Printed Dress'...
2026-01-18T23:55:51.7359122Z     🗑️ Invalidating stale AI cache (retry 2)...
2026-01-18T23:55:51.7360554Z     ⚠️ Cache invalidation warning: No module named 'core.agents.domain_expert'
2026-01-18T23:55:51.8088234Z     🧠 Consulting AI (Vision-First) to find 'Evening Dresses > Printed Dress'...
2026-01-18T23:55:51.8089364Z     🧠 [EXPERT] Strategy: Act as Senior SDET focusing on exploring the application to understand functional flow and identifying critical paths for end-to-end automation.
2026-01-18T23:55:54.8697866Z [DEBUG] Sending request to gemini-2.0-flash. Number of parts: 2
2026-01-18T23:55:54.8698372Z [DEBUG] Received response (Length: 587)
2026-01-18T23:55:54.8699078Z     🧠 Verifying step validity for 'Evening Dresses > Printed Dress' after mining failure...
2026-01-18T23:55:59.1561246Z [DEBUG] Sending request to gemini-2.0-flash. Number of parts: 2
2026-01-18T23:55:59.1561813Z [DEBUG] Received response (Length: 220)
2026-01-18T23:55:59.1562661Z     🛠️ Self-Correction: Step is valid. Using new locator: li.ac_even:nth-child(1)
2026-01-18T23:56:03.4399653Z     ✅ State transitioned.
2026-01-18T23:56:05.0080326Z [DEBUG] Sending request to gemini-2.0-flash. Number of parts: 2
2026-01-18T23:56:05.0081128Z [DEBUG] Received response (Length: 252)
2026-01-18T23:56:05.0081798Z     🤖 AI Next Step Suggestion: fill -> Search
2026-01-18T23:56:05.0082235Z     🧩 Suggested Locator: #search_query_top
2026-01-18T23:56:05.0083132Z     💭 Reasoning: Since the current product is out of stock, let's search for another dress to add to the cart. Filling the search bar is the first step.
2026-01-18T23:56:05.0083952Z     ➕ Injected AI step: fill -> Search
2026-01-18T23:56:05.0084316Z   ▶️ [STEP step_22_ai_2] FILL: Search
2026-01-18T23:56:05.0234563Z     🎯 Using AI-provided locator: #search_query_top
2026-01-18T23:56:05.0294270Z     ✅ Found 1 verified locators
2026-01-18T23:56:10.4163506Z     ✅ State transitioned.
2026-01-18T23:56:11.9936389Z [DEBUG] Sending request to gemini-2.0-flash. Number of parts: 2
2026-01-18T23:56:11.9937098Z [DEBUG] Received response (Length: 177)
2026-01-18T23:56:11.9937940Z     🤖 AI Next Step Suggestion: fill -> Search
2026-01-18T23:56:11.9938591Z     🧩 Suggested Locator: #search_query_top
2026-01-18T23:56:11.9939467Z     💭 Reasoning: The product is out of stock. Let's search for another dress.
2026-01-18T23:56:11.9940539Z ⚠️ Loop detected: same AI suggestion repeated 2 times. Moving to next step.
2026-01-18T23:56:11.9941398Z   ▶️ [STEP step_23] ASSERT_VISIBLE: Printed Dress
2026-01-18T23:56:12.0002436Z     🔍 Mining locators for: 'Printed Dress'
2026-01-18T23:56:12.1730935Z     ✅ Found 6 verified locators
2026-01-18T23:56:14.7040014Z     ✅ State transitioned.
2026-01-18T23:56:14.7129641Z     🔄 Revisited state detected (count: 1)
2026-01-18T23:56:16.8810953Z [DEBUG] Sending request to gemini-2.0-flash. Number of parts: 2
2026-01-18T23:56:16.8811741Z [DEBUG] Received response (Length: 177)
2026-01-18T23:56:16.8812735Z     🤖 AI Next Step Suggestion: fill -> Search
2026-01-18T23:56:16.8813568Z     🧩 Suggested Locator: #search_query_top
2026-01-18T23:56:16.8814646Z     💭 Reasoning: The product is out of stock. Let's search for another dress.
2026-01-18T23:56:16.8815883Z     ➕ Injected AI step: fill -> Search
2026-01-18T23:56:16.8816541Z   ▶️ [STEP step_23_ai_1] FILL: Search
2026-01-18T23:56:16.8872288Z     🎯 Using AI-provided locator: #search_query_top
2026-01-18T23:56:16.8931307Z     ✅ Found 1 verified locators
2026-01-18T23:56:22.5709289Z     ✅ State transitioned.
2026-01-18T23:56:22.5800906Z     🔄 Revisited state detected (count: 2)
2026-01-18T23:56:24.3050728Z [DEBUG] Sending request to gemini-2.0-flash. Number of parts: 2
2026-01-18T23:56:24.3051531Z [DEBUG] Received response (Length: 233)
2026-01-18T23:56:24.3052449Z     🤖 AI Next Step Suggestion: fill -> Search
2026-01-18T23:56:24.3053250Z     🧩 Suggested Locator: #search_query_top
2026-01-18T23:56:24.3054932Z     💭 Reasoning: The product is out of stock, so we should search for another product. The search bar is visible and ready for input.
2026-01-18T23:56:24.3057033Z ⚠️ Loop detected: same AI suggestion repeated 2 times. Moving to next step.
2026-01-18T23:56:24.3058044Z   ▶️ [STEP step_24] CLICK: Printed Dress
2026-01-18T23:56:24.3118451Z     🔍 Mining locators for: 'Printed Dress'
2026-01-18T23:56:24.4976683Z     ✅ Found 6 verified locators
2026-01-18T23:56:28.0580083Z     ✅ State transitioned.
2026-01-18T23:56:28.0674887Z     🔄 Revisited state detected (count: 3)
2026-01-18T23:56:28.0675999Z     ⚠️ Too many revisits (3). Stopping AI step injection to prevent loops.
2026-01-18T23:56:28.0676844Z   ▶️ [STEP step_25] CLICK: Add to cart
2026-01-18T23:56:28.0730039Z     🔍 Mining locators for: 'Add to cart'
2026-01-18T23:56:28.1366624Z     🧠 Consulting AI (Vision-First) to find 'Add to cart'...
2026-01-18T23:56:28.1367885Z     🧠 [EXPERT] Strategy: Act as Senior SDET focusing on exploring the application to understand functional flow and identifying critical paths for end-to-end automation.
2026-01-18T23:56:29.6693576Z [DEBUG] Sending request to gemini-2.0-flash. Number of parts: 2
2026-01-18T23:56:29.6694284Z [DEBUG] Received response (Length: 279)
2026-01-18T23:56:29.6695045Z     ⚠️ Skipping duplicate injection: Printed Dress
2026-01-18T23:56:29.6695959Z     🔄 Retry 1/3 mining locators for 'Add to cart'...
2026-01-18T23:56:30.7687104Z     🧠 Consulting AI (Vision-First) to find 'Add to cart'...
2026-01-18T23:56:30.7688621Z     🧠 [EXPERT] Strategy: Act as Senior SDET focusing on exploring the application to understand functional flow and identifying critical paths for end-to-end automation.
2026-01-18T23:56:30.7693482Z [CACHE HIT] 42fcc6b6... (hits: 23, misses: 68)
2026-01-18T23:56:30.7694098Z     ⚠️ Skipping duplicate injection: Printed Dress
2026-01-18T23:56:30.7694767Z     🔄 Retry 2/3 mining locators for 'Add to cart'...
2026-01-18T23:56:31.7707169Z     🗑️ Invalidating stale AI cache (retry 2)...
2026-01-18T23:56:31.7709199Z     ⚠️ Cache invalidation warning: No module named 'core.agents.domain_expert'
2026-01-18T23:56:31.8366157Z     🧠 Consulting AI (Vision-First) to find 'Add to cart'...
2026-01-18T23:56:31.8367785Z     🧠 [EXPERT] Strategy: Act as Senior SDET focusing on exploring the application to understand functional flow and identifying critical paths for end-to-end automation.
2026-01-18T23:56:31.8372494Z [CACHE HIT] 42fcc6b6... (hits: 24, misses: 68)
2026-01-18T23:56:31.8373004Z     ⚠️ Skipping duplicate injection: Printed Dress
2026-01-18T23:56:31.8373901Z     🧠 Verifying step validity for 'Add to cart' after no candidates found...
2026-01-18T23:56:34.4389178Z [DEBUG] Sending request to gemini-2.0-flash. Number of parts: 2
2026-01-18T23:56:34.4389909Z [DEBUG] Received response (Length: 245)
2026-01-18T23:56:34.4391218Z     🗑️ Step deemed INVALID: The image shows a zoomed-in view of the product. The 'Add to cart' button is not visible in this zoomed-in view. Therefore, it's not possible to interact with it in the current state.. Removing from workflow.
2026-01-18T23:56:34.4392273Z     ⏭️ Skipping execution of invalid step: Add to cart
2026-01-18T23:56:34.4392678Z   ▶️ [STEP step_26] WAIT_FOR_ELEMENT: Proceed to checkout
2026-01-18T23:56:34.4451652Z     🔍 Mining locators for: 'Proceed to checkout'
2026-01-18T23:56:34.5021810Z     🧠 Consulting AI (Vision-First) to find 'Proceed to checkout'...
2026-01-18T23:56:34.5023066Z     🧠 [EXPERT] Strategy: Act as Senior SDET focusing on exploring the application to understand functional flow and identifying critical paths for end-to-end automation.
2026-01-18T23:56:39.4364800Z [DEBUG] Sending request to gemini-2.0-flash. Number of parts: 2
2026-01-18T23:56:39.4365368Z [DEBUG] Received response (Length: 228)
2026-01-18T23:56:39.4366644Z     💡 Expert Suggestion: The 'Proceed to checkout' button is typically found within the cart or shopping bag.
2026-01-18T23:56:39.4367614Z     🛠️ Executing corrective action: click -> 'Cart (empty)'
2026-01-18T23:56:39.5027900Z     🔄 Retry 1/3 mining locators for 'Proceed to checkout'...
2026-01-18T23:56:40.5688113Z     🧠 Consulting AI (Vision-First) to find 'Proceed to checkout'...
2026-01-18T23:56:40.5689764Z     🧠 [EXPERT] Strategy: Act as Senior SDET focusing on exploring the application to understand functional flow and identifying critical paths for end-to-end automation.
2026-01-18T23:56:40.5694249Z [CACHE HIT] 876c833b... (hits: 25, misses: 70)
2026-01-18T23:56:40.5694701Z     ⚠️ Skipping duplicate injection: Cart (empty)
2026-01-18T23:56:40.5695122Z     🔄 Retry 2/3 mining locators for 'Proceed to checkout'...
2026-01-18T23:56:41.5708016Z     🗑️ Invalidating stale AI cache (retry 2)...
2026-01-18T23:56:41.5709618Z     ⚠️ Cache invalidation warning: No module named 'core.agents.domain_expert'
2026-01-18T23:56:41.6352206Z     🧠 Consulting AI (Vision-First) to find 'Proceed to checkout'...
2026-01-18T23:56:41.6354586Z     🧠 [EXPERT] Strategy: Act as Senior SDET focusing on exploring the application to understand functional flow and identifying critical paths for end-to-end automation.
2026-01-18T23:56:41.6359295Z [CACHE HIT] 876c833b... (hits: 26, misses: 70)
2026-01-18T23:56:41.6359985Z     ⚠️ Skipping duplicate injection: Cart (empty)
2026-01-18T23:56:41.6361251Z     🧠 Verifying step validity for 'Proceed to checkout' after no candidates found...
2026-01-18T23:56:44.4264243Z [DEBUG] Sending request to gemini-2.0-flash. Number of parts: 2
2026-01-18T23:56:44.4264781Z [DEBUG] Received response (Length: 301)
2026-01-18T23:56:44.4266570Z     🗑️ Step deemed INVALID: The image shows a modal window with product details, including size and color selection. The cart is currently empty. The 'Proceed to checkout' button is not visible in this modal. It would only appear after adding the product to the cart.. Removing from workflow.
2026-01-18T23:56:44.4268119Z     ⏭️ Skipping execution of invalid step: Proceed to checkout
2026-01-18T23:56:44.4268532Z   ▶️ [STEP step_27] CLICK: Proceed to checkout
2026-01-18T23:56:44.4326128Z     🔍 Mining locators for: 'Proceed to checkout'
2026-01-18T23:56:44.5018624Z     🧠 Consulting AI (Vision-First) to find 'Proceed to checkout'...
2026-01-18T23:56:44.5020008Z     🧠 [EXPERT] Strategy: Act as Senior SDET focusing on exploring the application to understand functional flow and identifying critical paths for end-to-end automation.
2026-01-18T23:56:44.5022996Z [CACHE HIT] 876c833b... (hits: 27, misses: 71)
2026-01-18T23:56:44.5023937Z     💡 Expert Suggestion: The 'Proceed to checkout' button is typically found within the cart or shopping bag.
2026-01-18T23:56:44.5024713Z     🛠️ Executing corrective action: click -> 'Cart (empty)'
2026-01-18T23:56:44.5693541Z     🔄 Retry 1/3 mining locators for 'Proceed to checkout'...
2026-01-18T23:56:45.6687111Z     🧠 Consulting AI (Vision-First) to find 'Proceed to checkout'...
2026-01-18T23:56:45.6688363Z     🧠 [EXPERT] Strategy: Act as Senior SDET focusing on exploring the application to understand functional flow and identifying critical paths for end-to-end automation.
2026-01-18T23:56:45.6692012Z [CACHE HIT] 876c833b... (hits: 28, misses: 71)
2026-01-18T23:56:45.6692638Z     ⚠️ Skipping duplicate injection: Cart (empty)
2026-01-18T23:56:45.6693063Z     🔄 Retry 2/3 mining locators for 'Proceed to checkout'...
2026-01-18T23:56:46.6705988Z     🗑️ Invalidating stale AI cache (retry 2)...
2026-01-18T23:56:46.6707274Z     ⚠️ Cache invalidation warning: No module named 'core.agents.domain_expert'
2026-01-18T23:56:46.7356802Z     🧠 Consulting AI (Vision-First) to find 'Proceed to checkout'...
2026-01-18T23:56:46.7357980Z     🧠 [EXPERT] Strategy: Act as Senior SDET focusing on exploring the application to understand functional flow and identifying critical paths for end-to-end automation.
2026-01-18T23:56:46.7361545Z [CACHE HIT] 876c833b... (hits: 29, misses: 71)
2026-01-18T23:56:46.7362333Z     ⚠️ Skipping duplicate injection: Cart (empty)
2026-01-18T23:56:46.7362898Z     🧠 Verifying step validity for 'Proceed to checkout' after no candidates found...
2026-01-18T23:56:46.7366647Z [CACHE HIT] 8fff7708... (hits: 30, misses: 71)
2026-01-18T23:56:46.7369177Z     🗑️ Step deemed INVALID: The image shows a modal window with product details, including size and color selection. The cart is currently empty. The 'Proceed to checkout' button is not visible in this modal. It would only appear after adding the product to the cart.. Removing from workflow.
2026-01-18T23:56:46.7373676Z     ⏭️ Skipping execution of invalid step: Proceed to checkout
2026-01-18T23:56:46.7374457Z   ▶️ [STEP step_28] ASSERT_VISIBLE: Your shopping cart
2026-01-18T23:56:46.7424490Z     🔍 Mining locators for: 'Your shopping cart'
2026-01-18T23:56:46.8030749Z     🧠 Consulting AI (Vision-First) to find 'Your shopping cart'...
2026-01-18T23:56:46.8032470Z     🧠 [EXPERT] Strategy: Act as Senior SDET focusing on exploring the application to understand functional flow and identifying critical paths for end-to-end automation.
2026-01-18T23:56:49.9379344Z [DEBUG] Sending request to gemini-2.0-flash. Number of parts: 2
2026-01-18T23:56:49.9379886Z [DEBUG] Received response (Length: 379)
2026-01-18T23:56:49.9380575Z     🔄 Retry 1/3 mining locators for 'Your shopping cart'...
2026-01-18T23:56:51.0025249Z     🧠 Consulting AI (Vision-First) to find 'Your shopping cart'...
2026-01-18T23:56:51.0027054Z     🧠 [EXPERT] Strategy: Act as Senior SDET focusing on exploring the application to understand functional flow and identifying critical paths for end-to-end automation.
2026-01-18T23:56:51.0074322Z [CACHE HIT] e1708f3b... (hits: 31, misses: 72)
2026-01-18T23:56:51.0074824Z     🔄 Retry 2/3 mining locators for 'Your shopping cart'...
2026-01-18T23:56:52.0087759Z     🗑️ Invalidating stale AI cache (retry 2)...
2026-01-18T23:56:52.0089378Z     ⚠️ Cache invalidation warning: No module named 'core.agents.domain_expert'
2026-01-18T23:56:52.0682209Z     🧠 Consulting AI (Vision-First) to find 'Your shopping cart'...
2026-01-18T23:56:52.0684076Z     🧠 [EXPERT] Strategy: Act as Senior SDET focusing on exploring the application to understand functional flow and identifying critical paths for end-to-end automation.
2026-01-18T23:56:52.0730497Z [CACHE HIT] e1708f3b... (hits: 32, misses: 72)
2026-01-18T23:56:52.0731424Z     🧠 Verifying step validity for 'Your shopping cart' after mining failure...
2026-01-18T23:56:54.5721408Z [DEBUG] Sending request to gemini-2.0-flash. Number of parts: 2
2026-01-18T23:56:54.5722590Z [DEBUG] Received response (Length: 251)
2026-01-18T23:56:54.5724577Z     🛠️ Self-Correction: Step is valid. Using new locator: #header > div:nth-child(3) > div > div > div:nth-child(3) > div > a
2026-01-18T23:56:57.6017268Z     ✅ State transitioned.
2026-01-18T23:56:57.6112266Z     🔄 Revisited state detected (count: 4)
2026-01-18T23:56:57.6112944Z     ⚠️ Too many revisits (4). Stopping AI step injection to prevent loops.
2026-01-18T23:56:59.6478883Z 
2026-01-18T23:56:59.6479439Z [2/3] Exploring Scenario: Contact Us Form Submission
2026-01-18T23:56:59.6481183Z     🧠 Initialized exploration context for goal: 'Practice automation scenarios'
2026-01-18T23:56:59.6482584Z   ▶️ [STEP step_1] NAVIGATE: 
2026-01-18T23:57:01.8558735Z     ✅ Navigated to http://www.automationpractice.pl/
2026-01-18T23:57:01.8559561Z   ▶️ [STEP step_2] CLICK: Contact us
2026-01-18T23:57:01.8737972Z     🔍 Mining locators for: 'Contact us'
2026-01-18T23:57:01.9669682Z     ✅ Found 3 verified locators
2026-01-18T23:57:05.5434876Z     ✅ State transitioned.
2026-01-18T23:57:06.9947709Z [DEBUG] Sending request to gemini-2.0-flash. Number of parts: 2
2026-01-18T23:57:06.9948512Z [DEBUG] Received response (Length: 238)
2026-01-18T23:57:06.9949516Z     🤖 AI Next Step Suggestion: fill -> Email address
2026-01-18T23:57:06.9950229Z     🧩 Suggested Locator: #email
2026-01-18T23:57:06.9951799Z     💭 Reasoning: The contact form requires an email address. Filling this field is the next logical step to progress with the form.
2026-01-18T23:57:06.9953440Z     ➕ Injected AI step: fill -> Email address
2026-01-18T23:57:06.9954209Z   ▶️ [STEP step_2_ai_1] FILL: Email address
2026-01-18T23:57:07.0102270Z     🎯 Using AI-provided locator: #email
2026-01-18T23:57:07.0162274Z     ✅ Found 1 verified locators
2026-01-18T23:57:13.2071252Z     ✅ State transitioned.
2026-01-18T23:57:14.7023581Z [DEBUG] Sending request to gemini-2.0-flash. Number of parts: 2
2026-01-18T23:57:14.7024206Z [DEBUG] Received response (Length: 192)
2026-01-18T23:57:14.7025000Z     🤖 AI Next Step Suggestion: fill -> Order reference
2026-01-18T23:57:14.7025531Z     🧩 Suggested Locator: input[id='id_order']
2026-01-18T23:57:14.7026291Z     💭 Reasoning: Filling the order reference field to complete the contact form.
2026-01-18T23:57:14.7026772Z     ➕ Injected AI step: fill -> Order reference
2026-01-18T23:57:14.7027116Z   ▶️ [STEP step_2_ai_2] FILL: Order reference
2026-01-18T23:57:14.7083917Z     🎯 Using AI-provided locator: input[id='id_order']
2026-01-18T23:57:14.7144953Z     ✅ Found 1 verified locators
2026-01-18T23:57:20.4648815Z     ✅ State transitioned.
2026-01-18T23:57:21.7010238Z [DEBUG] Sending request to gemini-2.0-flash. Number of parts: 2
2026-01-18T23:57:21.7011047Z [DEBUG] Received response (Length: 207)
2026-01-18T23:57:21.7011927Z     🤖 AI Next Step Suggestion: fill -> Message
2026-01-18T23:57:21.7012465Z     🧩 Suggested Locator: #message
2026-01-18T23:57:21.7013193Z     💭 Reasoning: The form requires a message to be sent. Filling the message field is the next logical step.
2026-01-18T23:57:21.7013833Z     ➕ Injected AI step: fill -> Message
2026-01-18T23:57:21.7014158Z   ▶️ [STEP step_2_ai_3] FILL: Message
2026-01-18T23:57:21.7071082Z     🎯 Using AI-provided locator: #message
2026-01-18T23:57:21.7126731Z     ✅ Found 1 verified locators
2026-01-18T23:57:27.9771140Z     ✅ State transitioned.
2026-01-18T23:57:29.3307833Z [DEBUG] Sending request to gemini-2.0-flash. Number of parts: 2
2026-01-18T23:57:29.3308850Z [DEBUG] Received response (Length: 184)
2026-01-18T23:57:29.3309571Z     🤖 AI Next Step Suggestion: click -> -- Choose --
2026-01-18T23:57:29.3309945Z     🧩 Suggested Locator: span
2026-01-18T23:57:29.3310721Z     💭 Reasoning: The subject heading is not selected yet. Need to select a subject before submitting the form.
2026-01-18T23:57:29.3311325Z     ➕ Injected AI step: click -> -- Choose --
2026-01-18T23:57:29.3311675Z   ▶️ [STEP step_2_ai_4] CLICK: -- Choose --
2026-01-18T23:57:29.3368151Z     🎯 Using AI-provided locator: span
2026-01-18T23:57:29.3422448Z     ✅ Found 1 verified locators
2026-01-18T23:57:33.3912290Z     ✅ State transitioned.
2026-01-18T23:57:33.3991732Z     🔄 Revisited state detected (count: 1)
2026-01-18T23:57:34.8605455Z [DEBUG] Sending request to gemini-2.0-flash. Number of parts: 2
2026-01-18T23:57:34.8606210Z [DEBUG] Received response (Length: 200)
2026-01-18T23:57:34.8606929Z     🤖 AI Next Step Suggestion: click -> -- Choose --
2026-01-18T23:57:34.8607402Z     🧩 Suggested Locator: span:contains('-- Choose --')
2026-01-18T23:57:34.8608131Z     💭 Reasoning: The subject heading is a required field. Need to select a subject from the dropdown.
2026-01-18T23:57:34.8608921Z ⚠️ Loop detected: same AI suggestion repeated 2 times. Moving to next step.
2026-01-18T23:57:34.8609425Z   ▶️ [STEP step_3] ASSERT_URL: 
2026-01-18T23:57:39.8759587Z     ⚠️ Scroll into view failed for text=None. Proceeding anyway.
2026-01-18T23:57:41.8782449Z     ✅ State transitioned.
2026-01-18T23:57:41.8859948Z     🔄 Revisited state detected (count: 2)
2026-01-18T23:57:43.5471056Z [DEBUG] Sending request to gemini-2.0-flash. Number of parts: 2
2026-01-18T23:57:43.5471976Z [DEBUG] Received response (Length: 147)
2026-01-18T23:57:43.5472729Z     🤖 AI Next Step Suggestion: click -> Choose File
2026-01-18T23:57:43.5473257Z     🧩 Suggested Locator: #uniform-fileUpload
2026-01-18T23:57:43.5473913Z     💭 Reasoning: The next logical step is to attach a file.
2026-01-18T23:57:43.5474423Z     ➕ Injected AI step: click -> Choose File
2026-01-18T23:57:43.5474907Z   ▶️ [STEP step_3_ai_1] CLICK: Choose File
2026-01-18T23:57:43.5532177Z     🎯 Using AI-provided locator: #uniform-fileUpload
2026-01-18T23:57:43.5586811Z     ✅ Found 1 verified locators
2026-01-18T23:57:47.6021837Z     ✅ State transitioned.
2026-01-18T23:57:47.6098643Z     🔄 Revisited state detected (count: 3)
2026-01-18T23:57:47.6099526Z     ⚠️ Too many revisits (3). Stopping AI step injection to prevent loops.
2026-01-18T23:57:47.6100326Z   ▶️ [STEP step_4] SELECT: Subject Heading
2026-01-18T23:57:47.6153703Z     🔍 Mining locators for: 'Subject Heading'
2026-01-18T23:57:47.6648319Z     🧠 Consulting AI (Vision-First) to find 'Subject Heading'...
2026-01-18T23:57:47.6650041Z     🧠 [EXPERT] Strategy: Act as Senior SDET focusing on exploring the application to understand functional flow and identifying critical paths for end-to-end automation.
2026-01-18T23:57:49.4899389Z [DEBUG] Sending request to gemini-2.0-flash. Number of parts: 2
2026-01-18T23:57:49.4899891Z [DEBUG] Received response (Length: 511)
2026-01-18T23:57:49.4900404Z     ⚠️ Critical step failure: 'priority'
2026-01-18T23:57:49.4949026Z   ▶️ [STEP step_5] FILL: Email address
2026-01-18T23:57:49.4949388Z     🔍 Mining locators for: 'Email address'
2026-01-18T23:57:49.5726241Z     ✅ Found 4 verified locators
2026-01-18T23:57:55.6316684Z     ✅ State transitioned.
2026-01-18T23:57:57.0626052Z [DEBUG] Sending request to gemini-2.0-flash. Number of parts: 2
2026-01-18T23:57:57.0626808Z [DEBUG] Received response (Length: 189)
2026-01-18T23:57:57.0627649Z     🤖 AI Next Step Suggestion: click -> -- Choose --
2026-01-18T23:57:57.0628531Z     💭 Reasoning: The subject heading dropdown needs to be selected to proceed with the contact form.
2026-01-18T23:57:57.0629325Z     ➕ Injected AI step: click -> -- Choose --
2026-01-18T23:57:57.0629814Z   ▶️ [STEP step_5_ai_1] CLICK: -- Choose --
2026-01-18T23:57:57.0682773Z     🔍 Mining locators for: '-- Choose --'
2026-01-18T23:57:57.1199062Z     ✅ Found 1 verified locators
2026-01-18T23:58:00.6775474Z     ✅ State transitioned.
2026-01-18T23:58:00.6850223Z     🔄 Revisited state detected (count: 1)
2026-01-18T23:58:02.0420786Z [DEBUG] Sending request to gemini-2.0-flash. Number of parts: 2
2026-01-18T23:58:02.0422090Z [DEBUG] Received response (Length: 181)
2026-01-18T23:58:02.0423262Z     🤖 AI Next Step Suggestion: click -> -- Choose --
2026-01-18T23:58:02.0424221Z     🧩 Suggested Locator: #id_contact
2026-01-18T23:58:02.0426024Z     💭 Reasoning: The subject heading dropdown needs to be selected to proceed with the contact form.
2026-01-18T23:58:02.0427871Z ⚠️ Loop detected: same AI suggestion repeated 2 times. Moving to next step.
2026-01-18T23:58:02.0429032Z   ▶️ [STEP step_6] FILL: Order reference
2026-01-18T23:58:02.0485464Z     🔍 Mining locators for: 'Order reference'
2026-01-18T23:58:02.1056306Z     🧠 Consulting AI (Vision-First) to find 'Order reference'...
2026-01-18T23:58:02.1057540Z     🧠 [EXPERT] Strategy: Act as Senior SDET focusing on exploring the application to understand functional flow and identifying critical paths for end-to-end automation.
2026-01-18T23:58:07.2934439Z [DEBUG] Sending request to gemini-2.0-flash. Number of parts: 2
2026-01-18T23:58:07.2934914Z [DEBUG] Received response (Length: 373)
2026-01-18T23:58:07.2935584Z     🔄 Retry 1/3 mining locators for 'Order reference'...
2026-01-18T23:58:08.3547108Z     🧠 Consulting AI (Vision-First) to find 'Order reference'...
2026-01-18T23:58:08.3549571Z     🧠 [EXPERT] Strategy: Act as Senior SDET focusing on exploring the application to understand functional flow and identifying critical paths for end-to-end automation.
2026-01-18T23:58:08.3592816Z [CACHE HIT] c1c9cc4a... (hits: 33, misses: 83)
2026-01-18T23:58:08.3593537Z     🔄 Retry 2/3 mining locators for 'Order reference'...
2026-01-18T23:58:09.3605315Z     🗑️ Invalidating stale AI cache (retry 2)...
2026-01-18T23:58:09.3607228Z     ⚠️ Cache invalidation warning: No module named 'core.agents.domain_expert'
2026-01-18T23:58:09.4214313Z     🧠 Consulting AI (Vision-First) to find 'Order reference'...
2026-01-18T23:58:09.4215829Z     🧠 [EXPERT] Strategy: Act as Senior SDET focusing on exploring the application to understand functional flow and identifying critical paths for end-to-end automation.
2026-01-18T23:58:09.4257213Z [CACHE HIT] c1c9cc4a... (hits: 34, misses: 83)
2026-01-18T23:58:09.4257965Z     🧠 Verifying step validity for 'Order reference' after mining failure...
2026-01-18T23:58:12.3832782Z [DEBUG] Sending request to gemini-2.0-flash. Number of parts: 2
2026-01-18T23:58:12.3833796Z [DEBUG] Received response (Length: 249)
2026-01-18T23:58:12.3835220Z     🛠️ Self-Correction: Step is valid. Using new locator: input[name='id_order']
2026-01-18T23:58:17.9537306Z     ✅ State transitioned.
2026-01-18T23:58:17.9613262Z     🔄 Revisited state detected (count: 2)
2026-01-18T23:58:19.5021872Z [DEBUG] Sending request to gemini-2.0-flash. Number of parts: 2
2026-01-18T23:58:19.5022693Z [DEBUG] Received response (Length: 199)
2026-01-18T23:58:19.5023628Z     🤖 AI Next Step Suggestion: fill -> Message
2026-01-18T23:58:19.5024304Z     🧩 Suggested Locator: #message
2026-01-18T23:58:19.5025551Z     💭 Reasoning: The 'Message' field is visible and needs to be filled to complete the contact form.
2026-01-18T23:58:19.5027070Z     ➕ Injected AI step: fill -> Message
2026-01-18T23:58:19.5027806Z   ▶️ [STEP step_6_ai_1] FILL: Message
2026-01-18T23:58:19.5085336Z     🎯 Using AI-provided locator: #message
2026-01-18T23:58:19.5141210Z     ✅ Found 1 verified locators
2026-01-18T23:58:25.4224394Z     ✅ State transitioned.
2026-01-18T23:58:25.4303635Z     🔄 Revisited state detected (count: 3)
2026-01-18T23:58:25.4304406Z     ⚠️ Too many revisits (3). Stopping AI step injection to prevent loops.
2026-01-18T23:58:25.4304954Z   ▶️ [STEP step_7] FILL: Message
2026-01-18T23:58:25.4355155Z     🔍 Mining locators for: 'Message'
2026-01-18T23:58:25.5676238Z     ✅ Found 5 verified locators
2026-01-18T23:58:32.2342760Z     ✅ State transitioned.
2026-01-18T23:58:33.6589499Z [DEBUG] Sending request to gemini-2.0-flash. Number of parts: 2
2026-01-18T23:58:33.6590542Z [DEBUG] Received response (Length: 173)
2026-01-18T23:58:33.6591193Z     🤖 AI Next Step Suggestion: click -> Choose File
2026-01-18T23:58:33.6591849Z     🧩 Suggested Locator: #uniform-fileUpload
2026-01-18T23:58:33.6592495Z     💭 Reasoning: The form is not complete. The next logical step is to attach a file.
2026-01-18T23:58:33.6593090Z     ➕ Injected AI step: click -> Choose File
2026-01-18T23:58:33.6593503Z   ▶️ [STEP step_7_ai_1] CLICK: Choose File
2026-01-18T23:58:33.6646905Z     🎯 Using AI-provided locator: #uniform-fileUpload
2026-01-18T23:58:33.6701217Z     ✅ Found 1 verified locators
2026-01-18T23:58:37.7170772Z     ✅ State transitioned.
2026-01-18T23:58:37.7243671Z     🔄 Revisited state detected (count: 1)
2026-01-18T23:58:39.2090499Z [DEBUG] Sending request to gemini-2.0-flash. Number of parts: 2
2026-01-18T23:58:39.2091087Z [DEBUG] Received response (Length: 190)
2026-01-18T23:58:39.2091870Z     🤖 AI Next Step Suggestion: click -> Choose File
2026-01-18T23:58:39.2092286Z     🧩 Suggested Locator: #uniform-fileUpload
2026-01-18T23:58:39.2092770Z     💭 Reasoning: The form is not complete. The next logical step is to select a file.
2026-01-18T23:58:39.2093372Z ⚠️ Loop detected: same AI suggestion repeated 2 times. Moving to next step.
2026-01-18T23:58:39.2093807Z   ▶️ [STEP step_8] CLICK: Send
2026-01-18T23:58:39.2150696Z     🔍 Mining locators for: 'Send'
2026-01-18T23:58:39.2888413Z     ✅ Found 4 verified locators
2026-01-18T23:58:42.8515091Z     ✅ State transitioned.
2026-01-18T23:58:44.2811884Z [DEBUG] Sending request to gemini-2.0-flash. Number of parts: 2
2026-01-18T23:58:44.2812719Z [DEBUG] Received response (Length: 231)
2026-01-18T23:58:44.2813391Z     🤖 AI Next Step Suggestion: fill -> Email address
2026-01-18T23:58:44.2813838Z     🧩 Suggested Locator: #email
2026-01-18T23:58:44.2814646Z     💭 Reasoning: The form has an error indicating an invalid email address. Filling the email field is necessary to proceed.
2026-01-18T23:58:44.2815294Z     ➕ Injected AI step: fill -> Email address
2026-01-18T23:58:44.2815777Z   ▶️ [STEP step_8_ai_1] FILL: Email address
2026-01-18T23:58:44.2965966Z     🎯 Using AI-provided locator: #email
2026-01-18T23:58:44.3022029Z     ✅ Found 1 verified locators
2026-01-18T23:58:50.2349268Z     ✅ State transitioned.
2026-01-18T23:58:51.9813247Z [DEBUG] Sending request to gemini-2.0-flash. Number of parts: 2
2026-01-18T23:58:51.9813937Z [DEBUG] Received response (Length: 207)
2026-01-18T23:58:51.9814633Z     🤖 AI Next Step Suggestion: fill -> Email address
2026-01-18T23:58:51.9815085Z     🧩 Suggested Locator: #email
2026-01-18T23:58:51.9816034Z     💭 Reasoning: The previous email address was invalid, so I am filling it with a valid email address.
2026-01-18T23:58:51.9816919Z ⚠️ Loop detected: same AI suggestion repeated 2 times. Moving to next step.
2026-01-18T23:58:51.9817685Z   ▶️ [STEP step_9] ASSERT_VISIBLE: Your message has been successfully sent to our team.
2026-01-18T23:58:51.9871239Z     🔍 Mining locators for: 'Your message has been successfully sent to our team.'
2026-01-18T23:58:52.0456307Z     🧠 Consulting AI (Vision-First) to find 'Your message has been successfully sent to our team.'...
2026-01-18T23:58:52.0458233Z     🧠 [EXPERT] Strategy: Act as Senior SDET focusing on exploring the application to understand functional flow and identifying critical paths for end-to-end automation.
2026-01-18T23:58:56.5168954Z [DEBUG] Sending request to gemini-2.0-flash. Number of parts: 2
2026-01-18T23:58:56.5169479Z [DEBUG] Received response (Length: 332)
2026-01-18T23:58:56.5171008Z     💡 Expert Suggestion: The success message 'Your message has been successfully sent to our team.' is likely displayed after submitting the contact form, which is accessible via the 'Contact us' link in the header.
2026-01-18T23:58:56.5172317Z     🛠️ Executing corrective action: click -> 'Contact us'
2026-01-18T23:58:57.0972555Z     ✅ Executed corrective navigation
2026-01-18T23:58:59.0996545Z     🔄 Retry 1/3 mining locators for 'Your message has been successfully sent to our team.'...
2026-01-18T23:59:00.1459809Z     🧠 Consulting AI (Vision-First) to find 'Your message has been successfully sent to our team.'...
2026-01-18T23:59:00.1463984Z     🧠 [EXPERT] Strategy: Act as Senior SDET focusing on exploring the application to understand functional flow and identifying critical paths for end-to-end automation.
2026-01-18T23:59:01.6342869Z [DEBUG] Sending request to gemini-2.0-flash. Number of parts: 2
2026-01-18T23:59:01.6343647Z [DEBUG] Received response (Length: 225)
2026-01-18T23:59:01.6345257Z     💡 Expert Suggestion: After submitting the contact form, the success message should appear on the same page.
2026-01-18T23:59:01.6347074Z     🛠️ Executing corrective action: click -> 'Contact'
2026-01-18T23:59:02.2080986Z     ✅ Executed corrective navigation
2026-01-18T23:59:04.2104463Z     🔄 Retry 2/3 mining locators for 'Your message has been successfully sent to our team.'...
2026-01-18T23:59:05.2109325Z     🗑️ Invalidating stale AI cache (retry 2)...
2026-01-18T23:59:05.2110708Z     ⚠️ Cache invalidation warning: No module named 'core.agents.domain_expert'
2026-01-18T23:59:05.2622963Z     🧠 Consulting AI (Vision-First) to find 'Your message has been successfully sent to our team.'...
2026-01-18T23:59:05.2625002Z     🧠 [EXPERT] Strategy: Act as Senior SDET focusing on exploring the application to understand functional flow and identifying critical paths for end-to-end automation.
2026-01-18T23:59:05.2626874Z [CACHE HIT] 26fb3e3e... (hits: 35, misses: 91)
2026-01-18T23:59:05.2627443Z     ⚠️ Skipping duplicate injection: Contact
2026-01-18T23:59:05.2628716Z     🧠 Verifying step validity for 'Your message has been successfully sent to our team.' after no candidates found...
2026-01-18T23:59:06.4022064Z [DEBUG] Sending request to gemini-2.0-flash. Number of parts: 2
2026-01-18T23:59:06.4022494Z [DEBUG] Received response (Length: 238)
2026-01-18T23:59:06.4023837Z     🗑️ Step deemed INVALID: The message 'Your message has been successfully sent to our team.' is not present on the page. Instead, there is an error message: 'There is 1 error. 1. Invalid email address.'. Removing from workflow.
2026-01-18T23:59:06.4025092Z     ⏭️ Skipping execution of invalid step: Your message has been successfully sent to our team.
2026-01-18T23:59:08.4348455Z 
2026-01-18T23:59:08.4349392Z [3/3] Exploring Scenario: Newsletter Subscription
2026-01-18T23:59:08.4350925Z     🧠 Initialized exploration context for goal: 'Practice automation scenarios'
2026-01-18T23:59:08.4358024Z   ▶️ [STEP step_1] NAVIGATE: 
2026-01-18T23:59:10.6656501Z     ✅ Navigated to http://www.automationpractice.pl/
2026-01-18T23:59:10.6657269Z   ▶️ [STEP step_2] FILL: Newsletter
2026-01-18T23:59:10.6827679Z     🔍 Mining locators for: 'Newsletter'
2026-01-18T23:59:10.7752775Z     ✅ Found 1 verified locators
2026-01-18T23:59:16.8658816Z     ✅ State transitioned.
2026-01-18T23:59:18.5380020Z [DEBUG] Sending request to gemini-2.0-flash. Number of parts: 2
2026-01-18T23:59:18.5380986Z [DEBUG] Received response (Length: 226)
2026-01-18T23:59:18.5381817Z     🤖 AI Next Step Suggestion: click -> Women
2026-01-18T23:59:18.5382583Z     🧩 Suggested Locator: a[title='Women']
2026-01-18T23:59:18.5384706Z     💭 Reasoning: Navigating to the 'Women' category is a logical step to explore the application's functionality and practice automation scenarios.
2026-01-18T23:59:18.5386654Z     ➕ Injected AI step: click -> Women
2026-01-18T23:59:18.5387359Z   ▶️ [STEP step_2_ai_1] CLICK: Women
2026-01-18T23:59:18.5444972Z     🎯 Using AI-provided locator: a[title='Women']
2026-01-18T23:59:18.5507533Z     ✅ Found 1 verified locators
2026-01-18T23:59:22.7811715Z     ✅ State transitioned.
2026-01-18T23:59:24.3292995Z [DEBUG] Sending request to gemini-2.0-flash. Number of parts: 2
2026-01-18T23:59:24.3293803Z [DEBUG] Received response (Length: 224)
2026-01-18T23:59:24.3294859Z     🤖 AI Next Step Suggestion: click -> Faded Short Sleeve T-shirts
2026-01-18T23:59:24.3296328Z     🧩 Suggested Locator: a[title='Faded Short Sleeve T-shirts']
2026-01-18T23:59:24.3297882Z     💭 Reasoning: Navigating to a product page to explore product details and potentially add to cart.
2026-01-18T23:59:24.3299032Z     ➕ Injected AI step: click -> Faded Short Sleeve T-shirts
2026-01-18T23:59:24.3299833Z   ▶️ [STEP step_2_ai_2] CLICK: Faded Short Sleeve T-shirts
2026-01-18T23:59:24.3461773Z     🎯 Using AI-provided locator: a[title='Faded Short Sleeve T-shirts']
2026-01-18T23:59:24.3527675Z     ✅ Found 1 verified locators
2026-01-18T23:59:28.4321290Z     ✅ State transitioned.
2026-01-18T23:59:30.0122975Z [DEBUG] Sending request to gemini-2.0-flash. Number of parts: 2
2026-01-18T23:59:30.0123578Z [DEBUG] Received response (Length: 183)
2026-01-18T23:59:30.0124304Z     🤖 AI Next Step Suggestion: click -> close
2026-01-18T23:59:30.0124696Z     🧩 Suggested Locator: #fancybox-frame1768780765921
2026-01-18T23:59:30.0125240Z     💭 Reasoning: The product is out of stock, so close the popup and explore other products.
2026-01-18T23:59:30.0126013Z     ➕ Injected AI step: click -> close
2026-01-18T23:59:30.0126321Z   ▶️ [STEP step_2_ai_3] CLICK: close
2026-01-18T23:59:30.0189411Z     🎯 Using AI-provided locator: #fancybox-frame1768780765921
2026-01-18T23:59:30.0251103Z     ✅ Found 1 verified locators
2026-01-18T23:59:34.0982037Z     ✅ State transitioned.
2026-01-18T23:59:34.1137244Z     🔄 Revisited state detected (count: 1)
2026-01-18T23:59:35.9733789Z [DEBUG] Sending request to gemini-2.0-flash. Number of parts: 2
2026-01-18T23:59:35.9734608Z [DEBUG] Received response (Length: 248)
2026-01-18T23:59:35.9735995Z     🤖 AI Next Step Suggestion: click -> close
2026-01-18T23:59:35.9736767Z     🧩 Suggested Locator: .fancybox-close
2026-01-18T23:59:35.9738663Z     💭 Reasoning: The popup for 'Faded Short Sleeve T-shirts' is open, and the last action was to click on the product. Closing the popup will return to the category page.
2026-01-18T23:59:35.9740673Z ⚠️ Loop detected: same AI suggestion repeated 2 times. Moving to next step.
2026-01-18T23:59:35.9741676Z   ▶️ [STEP step_3] CLICK: Submit
2026-01-18T23:59:35.9803977Z     🔍 Mining locators for: 'Submit'
2026-01-18T23:59:36.0979331Z     🧠 Consulting AI (Vision-First) to find 'Submit'...
2026-01-18T23:59:36.0980978Z     🧠 [EXPERT] Strategy: Act as Senior SDET focusing on exploring the application to understand functional flow and identifying critical paths for end-to-end automation.
2026-01-18T23:59:40.7727501Z [DEBUG] Sending request to gemini-2.0-flash. Number of parts: 2
2026-01-18T23:59:40.7728205Z [DEBUG] Received response (Length: 265)
2026-01-18T23:59:40.7729399Z     💡 Expert Suggestion: The 'Submit' button is likely associated with adding the item to a list or cart, which might be accessible via the 'List' button.
2026-01-18T23:59:40.7730382Z     🛠️ Executing corrective action: click -> 'List'
2026-01-18T23:59:40.9316594Z     🔄 Retry 1/3 mining locators for 'Submit'...
2026-01-18T23:59:42.0477313Z     🧠 Consulting AI (Vision-First) to find 'Submit'...
2026-01-18T23:59:42.0478512Z     🧠 [EXPERT] Strategy: Act as Senior SDET focusing on exploring the application to understand functional flow and identifying critical paths for end-to-end automation.
2026-01-18T23:59:42.0482631Z [CACHE HIT] ca6b84fa... (hits: 36, misses: 97)
2026-01-18T23:59:42.0483259Z     ⚠️ Skipping duplicate injection: List
2026-01-18T23:59:42.0483678Z     🔄 Retry 2/3 mining locators for 'Submit'...
2026-01-18T23:59:43.0496477Z     🗑️ Invalidating stale AI cache (retry 2)...
2026-01-18T23:59:43.0497640Z     ⚠️ Cache invalidation warning: No module named 'core.agents.domain_expert'
2026-01-18T23:59:43.1649224Z     🧠 Consulting AI (Vision-First) to find 'Submit'...
2026-01-18T23:59:43.1650617Z     🧠 [EXPERT] Strategy: Act as Senior SDET focusing on exploring the application to understand functional flow and identifying critical paths for end-to-end automation.
2026-01-18T23:59:43.1655567Z [CACHE HIT] ca6b84fa... (hits: 37, misses: 97)
2026-01-18T23:59:43.1656377Z     ⚠️ Skipping duplicate injection: List
2026-01-18T23:59:43.1657632Z     🧠 Verifying step validity for 'Submit' after no candidates found...
2026-01-18T23:59:45.5403402Z [DEBUG] Sending request to gemini-2.0-flash. Number of parts: 2
2026-01-18T23:59:45.5404320Z [DEBUG] Received response (Length: 247)
2026-01-18T23:59:45.5407720Z     🗑️ Step deemed INVALID: The product detail modal is open, and the product is out of stock. There is no 'Submit' button visible in the modal. Therefore, attempting to interact with 'Submit' is not a valid step.. Removing from workflow.
2026-01-18T23:59:45.5410511Z     ⏭️ Skipping execution of invalid step: Submit
2026-01-18T23:59:45.5412026Z   ▶️ [STEP step_4] ASSERT_VISIBLE: Newsletter : You have successfully subscribed to this newsletter.
2026-01-18T23:59:45.5474644Z     🔍 Mining locators for: 'Newsletter : You have successfully subscribed to this newsletter.'
2026-01-18T23:59:45.6983148Z     🧠 Consulting AI (Vision-First) to find 'Newsletter : You have successfully subscribed to this newsletter.'...
2026-01-18T23:59:45.6984621Z     🧠 [EXPERT] Strategy: Act as Senior SDET focusing on exploring the application to understand functional flow and identifying critical paths for end-to-end automation.
2026-01-18T23:59:50.7311402Z [DEBUG] Sending request to gemini-2.0-flash. Number of parts: 2
2026-01-18T23:59:50.7311945Z [DEBUG] Received response (Length: 363)
2026-01-18T23:59:50.7313611Z     💡 Expert Suggestion: The target string 'Newsletter : You have successfully subscribed to this newsletter.' is not visible in the current view. Need to navigate to the newsletter subscription section.
2026-01-18T23:59:50.7315158Z     🛠️ Executing corrective action: click -> 'any button or link related to newsletter subscription'
2026-01-18T23:59:50.8482618Z     🔄 Retry 1/3 mining locators for 'Newsletter : You have successfully subscribed to this newsletter.'...
2026-01-18T23:59:51.9979031Z     🧠 Consulting AI (Vision-First) to find 'Newsletter : You have successfully subscribed to this newsletter.'...
2026-01-18T23:59:51.9980515Z     🧠 [EXPERT] Strategy: Act as Senior SDET focusing on exploring the application to understand functional flow and identifying critical paths for end-to-end automation.
2026-01-18T23:59:51.9984176Z [CACHE HIT] c64f524d... (hits: 38, misses: 99)
2026-01-18T23:59:51.9985140Z     ⚠️ Skipping duplicate injection: any button or link related to newsletter subscription
2026-01-18T23:59:51.9986122Z     🔄 Retry 2/3 mining locators for 'Newsletter : You have successfully subscribed to this newsletter.'...
2026-01-18T23:59:52.9998568Z     🗑️ Invalidating stale AI cache (retry 2)...
2026-01-18T23:59:53.0000205Z     ⚠️ Cache invalidation warning: No module named 'core.agents.domain_expert'
2026-01-18T23:59:53.1139273Z     🧠 Consulting AI (Vision-First) to find 'Newsletter : You have successfully subscribed to this newsletter.'...
2026-01-18T23:59:53.1140398Z     🧠 [EXPERT] Strategy: Act as Senior SDET focusing on exploring the application to understand functional flow and identifying critical paths for end-to-end automation.
2026-01-18T23:59:53.1143770Z [CACHE HIT] c64f524d... (hits: 39, misses: 99)
2026-01-18T23:59:53.1144704Z     ⚠️ Skipping duplicate injection: any button or link related to newsletter subscription
2026-01-18T23:59:53.1146003Z     🧠 Verifying step validity for 'Newsletter : You have successfully subscribed to this newsletter.' after no candidates found...
2026-01-18T23:59:55.7181120Z [DEBUG] Sending request to gemini-2.0-flash. Number of parts: 2
2026-01-18T23:59:55.7181856Z [DEBUG] Received response (Length: 398)
2026-01-18T23:59:55.7184530Z     🗑️ Step deemed INVALID: The current page state shows a product detail modal. The target element 'Newsletter : You have successfully subscribed to this newsletter.' is related to the newsletter subscription, which is not visible or relevant in the context of a product detail modal. Therefore, the step is not logical and the element doesn't exist on this page.. Removing from workflow.
2026-01-18T23:59:55.7187186Z     ⏭️ Skipping execution of invalid step: Newsletter : You have successfully subscribed to this newsletter.
2026-01-18T23:59:57.7572885Z 🗂️  All generated tests written to /home/runner/work/build_qa_automation/build_qa_automation/projects/ci_automation_practice/tests/generated_scenarios.json
2026-01-18T23:59:57.7590128Z 🔄 Updated workflow.json with discovered steps and locators.
2026-01-18T23:59:57.7590592Z 
2026-01-18T23:59:57.7590824Z ✅ Deep Exploration Complete.
2026-01-19T00:03:11.2232096Z 
2026-01-19T00:03:11.2232971Z 🚀 [EXECUTE] Starting Automation Execution Engine
2026-01-19T00:03:11.2233605Z 📍 Project: ci_automation_practice
2026-01-19T00:03:11.2234039Z 🎬 Mode: Headless
2026-01-19T00:03:11.2234220Z 
2026-01-19T00:03:11.2234445Z --- Scenario: Account Creation and Order Placement ---
2026-01-19T00:03:11.2235055Z   ▶️ [STEP step_1] NAVIGATE: Step step_1
2026-01-19T00:03:11.2235544Z     ✅ Step step_1 Passed.
2026-01-19T00:03:11.2236280Z   ▶️ [STEP step_2] ASSERT_URL: Step step_2
2026-01-19T00:03:11.2236749Z     ✅ Step step_2 Passed.
2026-01-19T00:03:11.2237227Z   ▶️ [STEP step_2_ai_1] NAVIGATE: Dresses
2026-01-19T00:03:11.2238106Z     ❌ Attempt 1 failed (unknown): Page.goto: Protocol error (Page.navigate): Cannot navigate to invalid URL
2026-01-19T00:03:11.2238855Z Call log:
2026-01-19T00:03:11.2239157Z   - navigating t...
2026-01-19T00:03:11.2239637Z     🔧 [AUTO-HEAL] Re-mining page to find 'Dresses'...
2026-01-19T00:03:11.2240213Z [DEBUG] Sending request to gemini-2.0-flash. Number of parts: 2
2026-01-19T00:03:11.2240754Z [DEBUG] Received response (Length: 510)
2026-01-19T00:03:11.2241345Z     ✨ AI successfully healed the step! Found 2 alternatives.
2026-01-19T00:03:11.2242138Z     ✨ AI successfully healed the step! New selector: a[href*='dresses']
2026-01-19T00:03:11.2243143Z     ❌ Attempt 2 failed (unknown): Page.goto: Protocol error (Page.navigate): Cannot navigate to invalid URL
2026-01-19T00:03:11.2243890Z Call log:
2026-01-19T00:03:11.2244140Z   - navigating t...
2026-01-19T00:03:11.2244585Z     🔧 [AUTO-HEAL] Re-mining page to find 'Dresses'...
2026-01-19T00:03:11.2245171Z [DEBUG] Sending request to gemini-2.0-flash. Number of parts: 2
2026-01-19T00:03:11.2245884Z [DEBUG] Received response (Length: 615)
2026-01-19T00:03:11.2246473Z     ✨ AI successfully healed the step! Found 2 alternatives.
2026-01-19T00:03:11.2247202Z     ✨ AI successfully healed the step! New selector: a:contains('DRESSES')
2026-01-19T00:03:11.2248210Z     ❌ Attempt 3 failed (unknown): Page.goto: Protocol error (Page.navigate): Cannot navigate to invalid URL
2026-01-19T00:03:11.2248930Z Call log:
2026-01-19T00:03:11.2249187Z   - navigating t...
2026-01-19T00:03:11.2249596Z     💀 Step step_2_ai_1 failed after all retries.
2026-01-19T00:03:11.2250310Z 🛑 Scenario 'Account Creation and Order Placement' aborted due to step failure.
2026-01-19T00:03:11.2250837Z 
2026-01-19T00:03:11.2251018Z --- Scenario: Contact Us Form Submission ---
2026-01-19T00:03:11.2251529Z   ▶️ [STEP step_1] NAVIGATE: Step step_1
2026-01-19T00:03:11.2251972Z     ✅ Step step_1 Passed.
2026-01-19T00:03:11.2252378Z   ▶️ [STEP step_2] CLICK: Contact us
2026-01-19T00:03:11.2252908Z     🎯 Using mined locator: role=link[name='Contact us']
2026-01-19T00:03:11.2253433Z     ✅ Step step_2 Passed.
2026-01-19T00:03:11.2254152Z   ▶️ [STEP step_2_ai_1] FILL: Email address
2026-01-19T00:03:11.2254641Z     🎯 Using mined locator: #email
2026-01-19T00:03:11.2255067Z     ✅ Step step_2_ai_1 Passed.
2026-01-19T00:03:11.2255509Z   ▶️ [STEP step_2_ai_2] FILL: Order reference
2026-01-19T00:03:11.2256310Z     🎯 Using mined locator: input[id='id_order']
2026-01-19T00:03:11.2256816Z     ✅ Step step_2_ai_2 Passed.
2026-01-19T00:03:11.2257260Z   ▶️ [STEP step_2_ai_3] FILL: Message
2026-01-19T00:03:11.2257721Z     🎯 Using mined locator: #message
2026-01-19T00:03:11.2258151Z     ✅ Step step_2_ai_3 Passed.
2026-01-19T00:03:11.2258573Z   ▶️ [STEP step_2_ai_4] CLICK: -- Choose --
2026-01-19T00:03:11.2259038Z     🎯 Using mined locator: span
2026-01-19T00:03:11.2259448Z     ✅ Step step_2_ai_4 Passed.
2026-01-19T00:03:11.2259854Z   ▶️ [STEP step_3] ASSERT_URL: Step step_3
2026-01-19T00:03:11.2260599Z     ✅ Step step_3 Passed.
2026-01-19T00:03:11.2261007Z   ▶️ [STEP step_3_ai_1] CLICK: Choose File
2026-01-19T00:03:11.2261524Z     🎯 Using mined locator: #uniform-fileUpload
2026-01-19T00:03:11.2262134Z     ✅ Step step_3_ai_1 Passed.
2026-01-19T00:03:11.2262562Z   ▶️ [STEP step_4] SELECT: Subject Heading
2026-01-19T00:03:11.2263001Z     ✅ Step step_4 Passed.
2026-01-19T00:03:11.2263383Z   ▶️ [STEP step_5] FILL: Email address
2026-01-19T00:03:11.2263933Z     🎯 Using mined locator: role=textbox[name='Email address']
2026-01-19T00:03:11.2264446Z     ✅ Step step_5 Passed.
2026-01-19T00:03:11.2264857Z   ▶️ [STEP step_5_ai_1] CLICK: -- Choose --
2026-01-19T00:03:11.2265341Z     🎯 Using mined locator: text='-- Choose --'
2026-01-19T00:03:11.2265979Z     ✅ Step step_5_ai_1 Passed.
2026-01-19T00:03:11.2266381Z   ▶️ [STEP step_6] FILL: Order reference
2026-01-19T00:03:11.2266875Z     🎯 Using mined locator: input[name='id_order']
2026-01-19T00:03:11.2267360Z     ✅ Step step_6 Passed.
2026-01-19T00:03:11.2267739Z   ▶️ [STEP step_6_ai_1] FILL: Message
2026-01-19T00:03:11.2268264Z     🎯 Using mined locator: #message
2026-01-19T00:03:11.2268719Z     ✅ Step step_6_ai_1 Passed.
2026-01-19T00:03:11.2269129Z   ▶️ [STEP step_7] FILL: Message
2026-01-19T00:03:11.2269620Z     🎯 Using mined locator: role=textbox[name='Message']
2026-01-19T00:03:11.2270123Z     ✅ Step step_7 Passed.
2026-01-19T00:03:11.2270515Z   ▶️ [STEP step_7_ai_1] CLICK: Choose File
2026-01-19T00:03:11.2271016Z     🎯 Using mined locator: #uniform-fileUpload
2026-01-19T00:03:11.2271482Z     ✅ Step step_7_ai_1 Passed.
2026-01-19T00:03:11.2271877Z   ▶️ [STEP step_8] CLICK: Send
2026-01-19T00:03:11.2272285Z     🎯 Using mined locator: text='Send'
2026-01-19T00:03:11.2272717Z     ✅ Step step_8 Passed.
2026-01-19T00:03:11.2273121Z   ▶️ [STEP step_8_ai_1] FILL: Email address
2026-01-19T00:03:11.2273579Z     🎯 Using mined locator: #email
2026-01-19T00:03:11.2273980Z     ✅ Step step_8_ai_1 Passed.
2026-01-19T00:03:11.2274538Z ✅ Scenario 'Contact Us Form Submission' completed successfully!
2026-01-19T00:03:11.2275043Z 
2026-01-19T00:03:11.2275202Z --- Scenario: Newsletter Subscription ---
2026-01-19T00:03:11.2275863Z   ▶️ [STEP step_1] NAVIGATE: Step step_1
2026-01-19T00:03:11.2276313Z     ✅ Step step_1 Passed.
2026-01-19T00:03:11.2276697Z   ▶️ [STEP step_2] FILL: Newsletter
2026-01-19T00:03:11.2277169Z     🎯 Using mined locator: text='Newsletter'
2026-01-19T00:03:11.2277619Z     ✅ Step step_2 Passed.
2026-01-19T00:03:11.2278005Z   ▶️ [STEP step_2_ai_1] CLICK: Women
2026-01-19T00:03:11.2278447Z     🎯 Using mined locator: a[title='Women']
2026-01-19T00:03:11.2278894Z     ✅ Step step_2_ai_1 Passed.
2026-01-19T00:03:11.2279400Z   ▶️ [STEP step_2_ai_2] CLICK: Faded Short Sleeve T-shirts
2026-01-19T00:03:11.2280114Z     ⚠️ Mined locators not found on page. Falling back to semantic search.
2026-01-19T00:03:11.2280717Z     ✅ Step step_2_ai_2 Passed.
2026-01-19T00:03:11.2281123Z   ▶️ [STEP step_2_ai_3] CLICK: close
2026-01-19T00:03:11.2281946Z     ⚠️ Mined locators not found on page. Falling back to semantic search.
2026-01-19T00:03:11.2282852Z     ❌ Attempt 1 failed (element_not_found): Locator.bounding_box: Timeout 30000ms exceeded.
2026-01-19T00:03:11.2283651Z Call log:
2026-01-19T00:03:11.2283948Z   - waiting for locator("text=close")
2026-01-19T00:03:11.2284306Z ...
2026-01-19T00:03:11.2284695Z     🔧 [AUTO-HEAL] Re-mining page to find 'close'...
2026-01-19T00:03:11.2285249Z [DEBUG] Sending request to gemini-2.0-flash. Number of parts: 2
2026-01-19T00:03:11.2289649Z [DEBUG] Received response (Length: 38)
2026-01-19T00:03:11.2290326Z     ❌ AI could not re-locate the element. Waiting 1s before next retry.
2026-01-19T00:03:11.2291236Z     ❌ Attempt 2 failed (element_not_found): Locator.bounding_box: Timeout 30000ms exceeded.
2026-01-19T00:03:11.2291884Z Call log:
2026-01-19T00:03:11.2292166Z   - waiting for locator("text=close")
2026-01-19T00:03:11.2292535Z ...
2026-01-19T00:03:11.2292915Z     🔧 [AUTO-HEAL] Re-mining page to find 'close'...
2026-01-19T00:03:11.2300999Z [CACHE HIT] f19744ce... (hits: 1, misses: 3)
2026-01-19T00:03:11.2301779Z     ❌ AI could not re-locate the element. Waiting 1s before next retry.
2026-01-19T00:03:11.2302717Z     ❌ Attempt 3 failed (element_not_found): Locator.bounding_box: Timeout 30000ms exceeded.
2026-01-19T00:03:11.2303350Z Call log:
2026-01-19T00:03:11.2303631Z   - waiting for locator("text=close")
2026-01-19T00:03:11.2304005Z ...
2026-01-19T00:03:11.2304364Z     💀 Step step_2_ai_3 failed after all retries.
2026-01-19T00:03:11.2305038Z 🛑 Scenario 'Newsletter Subscription' aborted due to step failure.
2026-01-19T00:03:11.2305445Z 
2026-01-19T00:03:11.2305776Z ============================================================
2026-01-19T00:03:11.2306258Z 🎯 EXECUTION SUMMARY
2026-01-19T00:03:11.2306593Z ============================================================
2026-01-19T00:03:11.2306900Z 
2026-01-19T00:03:11.2307073Z 📋 Scenario Overview:
2026-01-19T00:03:11.2307442Z    • Total Scenarios Planned: 3
2026-01-19T00:03:11.2307849Z    • Scenarios Executed: 3
2026-01-19T00:03:11.2308230Z    • Total Steps Executed: 25
2026-01-19T00:03:11.2308459Z 
2026-01-19T00:03:11.2308598Z ✅ Results:
2026-01-19T00:03:11.2308889Z    ✅ Passed: 1 (33%)
2026-01-19T00:03:11.2309271Z    ❌ Failed: 2 (66%)
2026-01-19T00:03:11.2309462Z 
2026-01-19T00:03:11.2309619Z ⚠️  Failed Scenarios:
2026-01-19T00:03:11.2310012Z    • Account Creation and Order Placement
2026-01-19T00:03:11.2310457Z    • Newsletter Subscription
2026-01-19T00:03:11.2310686Z 
2026-01-19T00:03:11.2310824Z ============================================================
2026-01-19T00:03:11.2311122Z 
2026-01-19T00:03:11.2311916Z 🏁 Execution Finished. Report: /home/runner/work/build_qa_automation/build_qa_automation/projects/ci_automation_practice/execution.json
2026-01-19T00:03:11.3543634Z 
2026-01-19T00:03:11.3544086Z [PHASE] Running Phase: DISCOVERY
2026-01-19T00:03:11.3545984Z    Command: /opt/hostedtoolcache/Python/3.11.14/x64/bin/python /home/runner/work/build_qa_automation/build_qa_automation/core/agents/discovery.py --project /home/runner/work/build_qa_automation/build_qa_automation/projects/ci_automation_practice --url http://www.automationpractice.pl/ --deep
2026-01-19T00:03:11.3547537Z ✅ Phase 'discovery' completed successfully.
2026-01-19T00:03:11.3547749Z 
2026-01-19T00:03:11.3547845Z [PHASE] Running Phase: PLANNING
2026-01-19T00:03:11.3549140Z    Command: /opt/hostedtoolcache/Python/3.11.14/x64/bin/python /home/runner/work/build_qa_automation/build_qa_automation/core/agents/planner.py --project /home/runner/work/build_qa_automation/build_qa_automation/projects/ci_automation_practice --goal Practice automation scenarios --url http://www.automationpractice.pl/ --deep
2026-01-19T00:03:11.3550574Z ✅ Phase 'planning' completed successfully.
2026-01-19T00:03:11.3550777Z 
2026-01-19T00:03:11.3550871Z [PHASE] Running Phase: EXPLORATION
2026-01-19T00:03:11.3551923Z    Command: /opt/hostedtoolcache/Python/3.11.14/x64/bin/python /home/runner/work/build_qa_automation/build_qa_automation/core/agents/deep_explorer.py --project /home/runner/work/build_qa_automation/build_qa_automation/projects/ci_automation_practice
2026-01-19T00:03:11.3553301Z ✅ Phase 'exploration' completed successfully.
2026-01-19T00:03:11.3553829Z 📊 Exploration Discovery Success Rate: 92.7%
2026-01-19T00:03:11.3554048Z 
2026-01-19T00:03:11.3554142Z [PHASE] Running Phase: EXECUTION
2026-01-19T00:03:11.3555181Z    Command: /opt/hostedtoolcache/Python/3.11.14/x64/bin/python /home/runner/work/build_qa_automation/build_qa_automation/core/agents/executor.py --project /home/runner/work/build_qa_automation/build_qa_automation/projects/ci_automation_practice
2026-01-19T00:03:11.3556425Z ✅ Phase 'execution' completed successfully.
2026-01-19T00:03:11.3556635Z 
2026-01-19T00:03:11.3556740Z [DONE] Pipeline Execution Finished! [DONE]
2026-01-19T00:03:11.4507128Z ##[group]Run RESULT_FILE="projects/ci_automation_practice/execution.json"
2026-01-19T00:03:11.4507694Z [36;1mRESULT_FILE="projects/ci_automation_practice/execution.json"[0m
2026-01-19T00:03:11.4508094Z [36;1mif [ -f "$RESULT_FILE" ]; then[0m
2026-01-19T00:03:11.4508431Z [36;1m  echo "✅ Results generated successfully: $RESULT_FILE"[0m
2026-01-19T00:03:11.4508878Z [36;1m  cat "$RESULT_FILE" | jq '.scenarios | length' || echo "Result file exists"[0m
2026-01-19T00:03:11.4509241Z [36;1melse[0m
2026-01-19T00:03:11.4509472Z [36;1m  echo "❌ No result file found at $RESULT_FILE"[0m
2026-01-19T00:03:11.4509747Z [36;1m  exit 1[0m
2026-01-19T00:03:11.4509916Z [36;1mfi[0m
2026-01-19T00:03:11.4541259Z shell: /usr/bin/bash -e {0}
2026-01-19T00:03:11.4541494Z env:
2026-01-19T00:03:11.4541749Z   pythonLocation: /opt/hostedtoolcache/Python/3.11.14/x64
2026-01-19T00:03:11.4542167Z   PKG_CONFIG_PATH: /opt/hostedtoolcache/Python/3.11.14/x64/lib/pkgconfig
2026-01-19T00:03:11.4542626Z   Python_ROOT_DIR: /opt/hostedtoolcache/Python/3.11.14/x64
2026-01-19T00:03:11.4542987Z   Python2_ROOT_DIR: /opt/hostedtoolcache/Python/3.11.14/x64
2026-01-19T00:03:11.4543348Z   Python3_ROOT_DIR: /opt/hostedtoolcache/Python/3.11.14/x64
2026-01-19T00:03:11.4543722Z   LD_LIBRARY_PATH: /opt/hostedtoolcache/Python/3.11.14/x64/lib
2026-01-19T00:03:11.4544022Z ##[endgroup]
2026-01-19T00:03:11.4595353Z ✅ Results generated successfully: projects/ci_automation_practice/execution.json
2026-01-19T00:03:11.4620857Z 3
2026-01-19T00:03:11.4844937Z ##[group]Run actions/upload-artifact@v4
2026-01-19T00:03:11.4845226Z with:
2026-01-19T00:03:11.4845442Z   name: automation_practice-execution-results
2026-01-19T00:03:11.4846269Z   path: projects/ci_automation_practice/execution.json
projects/ci_automation_practice/workflow.json

2026-01-19T00:03:11.4846737Z   retention-days: 30
2026-01-19T00:03:11.4846937Z   if-no-files-found: warn
2026-01-19T00:03:11.4847154Z   compression-level: 6
2026-01-19T00:03:11.4847352Z   overwrite: false
2026-01-19T00:03:11.4847545Z   include-hidden-files: false
2026-01-19T00:03:11.4847751Z env:
2026-01-19T00:03:11.4847978Z   pythonLocation: /opt/hostedtoolcache/Python/3.11.14/x64
2026-01-19T00:03:11.4848397Z   PKG_CONFIG_PATH: /opt/hostedtoolcache/Python/3.11.14/x64/lib/pkgconfig
2026-01-19T00:03:11.4848797Z   Python_ROOT_DIR: /opt/hostedtoolcache/Python/3.11.14/x64
2026-01-19T00:03:11.4849154Z   Python2_ROOT_DIR: /opt/hostedtoolcache/Python/3.11.14/x64
2026-01-19T00:03:11.4849541Z   Python3_ROOT_DIR: /opt/hostedtoolcache/Python/3.11.14/x64
2026-01-19T00:03:11.4849905Z   LD_LIBRARY_PATH: /opt/hostedtoolcache/Python/3.11.14/x64/lib
2026-01-19T00:03:11.4850201Z ##[endgroup]
2026-01-19T00:03:11.6957110Z Multiple search paths detected. Calculating the least common ancestor of all paths
2026-01-19T00:03:11.6961304Z The least common ancestor is /home/runner/work/build_qa_automation/build_qa_automation/projects/ci_automation_practice. This will be the root directory of the artifact
2026-01-19T00:03:11.6962703Z With the provided path, there will be 2 files uploaded
2026-01-19T00:03:11.6986402Z Artifact name is valid!
2026-01-19T00:03:11.6990162Z Root directory input is valid!
2026-01-19T00:03:11.7818652Z Beginning upload of artifact content to blob storage
2026-01-19T00:03:11.8606000Z Uploaded bytes 3254
2026-01-19T00:03:11.8809297Z Finished uploading artifact content to blob storage!
2026-01-19T00:03:11.8813177Z SHA256 digest of uploaded artifact zip is 0a5c7a89107cece5e2a0f63f5a6c93f11e69e8f4795f6799958549d103e66397
2026-01-19T00:03:11.8816162Z Finalizing artifact upload
2026-01-19T00:03:11.9533265Z Artifact automation_practice-execution-results.zip successfully finalized. Artifact ID 5171085622
2026-01-19T00:03:11.9534965Z Artifact automation_practice-execution-results has been successfully uploaded! Final size is 3254 bytes. Artifact ID is 5171085622
2026-01-19T00:03:11.9541772Z Artifact download URL: https://github.com/vishvasmca-cmd/build_qa_automation/actions/runs/21120211878/artifacts/5171085622
2026-01-19T00:03:11.9848754Z Post job cleanup.
2026-01-19T00:03:12.1404890Z Cache hit occurred on the primary key setup-python-Linux-x64-24.04-Ubuntu-python-3.11.14-pip-dde08d0e0b672972dcda9f1a063036a2e0c226f5d0a20362e9401931676d80a4, not saving cache.
2026-01-19T00:03:12.1823553Z Post job cleanup.
2026-01-19T00:03:12.2753720Z [command]/usr/bin/git version
2026-01-19T00:03:12.2789588Z git version 2.52.0
2026-01-19T00:03:12.2831834Z Temporarily overriding HOME='/home/runner/work/_temp/751f16e9-60e7-4670-b24f-e4b57cd04b83' before making global git config changes
2026-01-19T00:03:12.2833185Z Adding repository directory to the temporary git global config as a safe directory
2026-01-19T00:03:12.2837860Z [command]/usr/bin/git config --global --add safe.directory /home/runner/work/build_qa_automation/build_qa_automation
2026-01-19T00:03:12.2873979Z [command]/usr/bin/git config --local --name-only --get-regexp core\.sshCommand
2026-01-19T00:03:12.2906300Z [command]/usr/bin/git submodule foreach --recursive sh -c "git config --local --name-only --get-regexp 'core\.sshCommand' && git config --local --unset-all 'core.sshCommand' || :"
2026-01-19T00:03:12.3135317Z [command]/usr/bin/git config --local --name-only --get-regexp http\.https\:\/\/github\.com\/\.extraheader
2026-01-19T00:03:12.3156058Z http.https://github.com/.extraheader
2026-01-19T00:03:12.3168340Z [command]/usr/bin/git config --local --unset-all http.https://github.com/.extraheader
2026-01-19T00:03:12.3198221Z [command]/usr/bin/git submodule foreach --recursive sh -c "git config --local --name-only --get-regexp 'http\.https\:\/\/github\.com\/\.extraheader' && git config --local --unset-all 'http.https://github.com/.extraheader' || :"
2026-01-19T00:03:12.3416087Z [command]/usr/bin/git config --local --name-only --get-regexp ^includeIf\.gitdir:
2026-01-19T00:03:12.3445437Z [command]/usr/bin/git submodule foreach --recursive git config --local --show-origin --name-only --get-regexp remote.origin.url
2026-01-19T00:03:12.3789987Z Cleaning up orphan processes
