2026-01-19T01:54:49.9994767Z Current runner version: '2.331.0'
2026-01-19T01:54:50.0028131Z ##[group]Runner Image Provisioner
2026-01-19T01:54:50.0029477Z Hosted Compute Agent
2026-01-19T01:54:50.0030605Z Version: 20251211.462
2026-01-19T01:54:50.0031597Z Commit: 6cbad8c2bb55d58165063d031ccabf57e2d2db61
2026-01-19T01:54:50.0033041Z Build Date: 2025-12-11T16:28:49Z
2026-01-19T01:54:50.0034287Z Worker ID: {0226a6e4-f6a6-41a1-b167-5418a59869f0}
2026-01-19T01:54:50.0035393Z ##[endgroup]
2026-01-19T01:54:50.0036207Z ##[group]Operating System
2026-01-19T01:54:50.0037204Z Ubuntu
2026-01-19T01:54:50.0037995Z 24.04.3
2026-01-19T01:54:50.0038721Z LTS
2026-01-19T01:54:50.0039632Z ##[endgroup]
2026-01-19T01:54:50.0040554Z ##[group]Runner Image
2026-01-19T01:54:50.0041404Z Image: ubuntu-24.04
2026-01-19T01:54:50.0042401Z Version: 20260111.209.1
2026-01-19T01:54:50.0044453Z Included Software: https://github.com/actions/runner-images/blob/ubuntu24/20260111.209/images/ubuntu/Ubuntu2404-Readme.md
2026-01-19T01:54:50.0047299Z Image Release: https://github.com/actions/runner-images/releases/tag/ubuntu24%2F20260111.209
2026-01-19T01:54:50.0049107Z ##[endgroup]
2026-01-19T01:54:50.0051034Z ##[group]GITHUB_TOKEN Permissions
2026-01-19T01:54:50.0053792Z Contents: read
2026-01-19T01:54:50.0054654Z Metadata: read
2026-01-19T01:54:50.0055636Z Packages: read
2026-01-19T01:54:50.0056395Z ##[endgroup]
2026-01-19T01:54:50.0059694Z Secret source: Actions
2026-01-19T01:54:50.0060940Z Prepare workflow directory
2026-01-19T01:54:50.0517855Z Prepare all required actions
2026-01-19T01:54:50.0556189Z Getting action download info
2026-01-19T01:54:50.4900623Z Download action repository 'actions/checkout@v4' (SHA:34e114876b0b11c390a56381ad16ebd13914f8d5)
2026-01-19T01:54:50.5733114Z Download action repository 'actions/setup-python@v5' (SHA:a26af69be951a213d495a4c3e4e4022e16d87065)
2026-01-19T01:54:50.7111903Z Download action repository 'actions/upload-artifact@v4' (SHA:ea165f8d65b6e75b540449e92b4886f43607fa02)
2026-01-19T01:54:50.9293936Z Complete job name: test-websites-deep (rahulshetty_shop, https://rahulshettyacademy.com/seleniumPractise/, Search an...
2026-01-19T01:54:50.9997762Z ##[group]Run actions/checkout@v4
2026-01-19T01:54:50.9998599Z with:
2026-01-19T01:54:50.9999045Z   repository: vishvasmca-cmd/build_qa_automation
2026-01-19T01:54:50.9999750Z   token: ***
2026-01-19T01:54:51.0000125Z   ssh-strict: true
2026-01-19T01:54:51.0000513Z   ssh-user: git
2026-01-19T01:54:51.0000909Z   persist-credentials: true
2026-01-19T01:54:51.0001342Z   clean: true
2026-01-19T01:54:51.0001739Z   sparse-checkout-cone-mode: true
2026-01-19T01:54:51.0002216Z   fetch-depth: 1
2026-01-19T01:54:51.0002793Z   fetch-tags: false
2026-01-19T01:54:51.0003182Z   show-progress: true
2026-01-19T01:54:51.0003572Z   lfs: false
2026-01-19T01:54:51.0003934Z   submodules: false
2026-01-19T01:54:51.0004380Z   set-safe-directory: true
2026-01-19T01:54:51.0005082Z ##[endgroup]
2026-01-19T01:54:51.1089148Z Syncing repository: vishvasmca-cmd/build_qa_automation
2026-01-19T01:54:51.1090859Z ##[group]Getting Git version info
2026-01-19T01:54:51.1091731Z Working directory is '/home/runner/work/build_qa_automation/build_qa_automation'
2026-01-19T01:54:51.1093085Z [command]/usr/bin/git version
2026-01-19T01:54:51.1154552Z git version 2.52.0
2026-01-19T01:54:51.1179511Z ##[endgroup]
2026-01-19T01:54:51.1193185Z Temporarily overriding HOME='/home/runner/work/_temp/7102d28b-f6ae-4982-abf9-e398fd556d7e' before making global git config changes
2026-01-19T01:54:51.1194525Z Adding repository directory to the temporary git global config as a safe directory
2026-01-19T01:54:51.1205511Z [command]/usr/bin/git config --global --add safe.directory /home/runner/work/build_qa_automation/build_qa_automation
2026-01-19T01:54:51.1243140Z Deleting the contents of '/home/runner/work/build_qa_automation/build_qa_automation'
2026-01-19T01:54:51.1246544Z ##[group]Initializing the repository
2026-01-19T01:54:51.1250410Z [command]/usr/bin/git init /home/runner/work/build_qa_automation/build_qa_automation
2026-01-19T01:54:51.1341729Z hint: Using 'master' as the name for the initial branch. This default branch name
2026-01-19T01:54:51.1343319Z hint: will change to "main" in Git 3.0. To configure the initial branch name
2026-01-19T01:54:51.1344198Z hint: to use in all of your new repositories, which will suppress this warning,
2026-01-19T01:54:51.1344896Z hint: call:
2026-01-19T01:54:51.1345479Z hint:
2026-01-19T01:54:51.1346211Z hint: 	git config --global init.defaultBranch <name>
2026-01-19T01:54:51.1346819Z hint:
2026-01-19T01:54:51.1347371Z hint: Names commonly chosen instead of 'master' are 'main', 'trunk' and
2026-01-19T01:54:51.1348544Z hint: 'development'. The just-created branch can be renamed via this command:
2026-01-19T01:54:51.1349200Z hint:
2026-01-19T01:54:51.1349560Z hint: 	git branch -m <name>
2026-01-19T01:54:51.1350080Z hint:
2026-01-19T01:54:51.1350868Z hint: Disable this message with "git config set advice.defaultBranchName false"
2026-01-19T01:54:51.1351933Z Initialized empty Git repository in /home/runner/work/build_qa_automation/build_qa_automation/.git/
2026-01-19T01:54:51.1356818Z [command]/usr/bin/git remote add origin https://github.com/vishvasmca-cmd/build_qa_automation
2026-01-19T01:54:51.1388256Z ##[endgroup]
2026-01-19T01:54:51.1388934Z ##[group]Disabling automatic garbage collection
2026-01-19T01:54:51.1392255Z [command]/usr/bin/git config --local gc.auto 0
2026-01-19T01:54:51.1419481Z ##[endgroup]
2026-01-19T01:54:51.1420115Z ##[group]Setting up auth
2026-01-19T01:54:51.1426325Z [command]/usr/bin/git config --local --name-only --get-regexp core\.sshCommand
2026-01-19T01:54:51.1455233Z [command]/usr/bin/git submodule foreach --recursive sh -c "git config --local --name-only --get-regexp 'core\.sshCommand' && git config --local --unset-all 'core.sshCommand' || :"
2026-01-19T01:54:51.1774532Z [command]/usr/bin/git config --local --name-only --get-regexp http\.https\:\/\/github\.com\/\.extraheader
2026-01-19T01:54:51.1805289Z [command]/usr/bin/git submodule foreach --recursive sh -c "git config --local --name-only --get-regexp 'http\.https\:\/\/github\.com\/\.extraheader' && git config --local --unset-all 'http.https://github.com/.extraheader' || :"
2026-01-19T01:54:51.2021520Z [command]/usr/bin/git config --local --name-only --get-regexp ^includeIf\.gitdir:
2026-01-19T01:54:51.2051228Z [command]/usr/bin/git submodule foreach --recursive git config --local --show-origin --name-only --get-regexp remote.origin.url
2026-01-19T01:54:51.2293307Z [command]/usr/bin/git config --local http.https://github.com/.extraheader AUTHORIZATION: basic ***
2026-01-19T01:54:51.2327685Z ##[endgroup]
2026-01-19T01:54:51.2328455Z ##[group]Fetching the repository
2026-01-19T01:54:51.2336575Z [command]/usr/bin/git -c protocol.version=2 fetch --no-tags --prune --no-recurse-submodules --depth=1 origin +8ae9e7a98960844bdcef67161cbe93442a7431bc:refs/remotes/origin/main
2026-01-19T01:54:52.2955423Z From https://github.com/vishvasmca-cmd/build_qa_automation
2026-01-19T01:54:52.2957651Z  * [new ref]         8ae9e7a98960844bdcef67161cbe93442a7431bc -> origin/main
2026-01-19T01:54:52.2987844Z ##[endgroup]
2026-01-19T01:54:52.2989803Z ##[group]Determining the checkout info
2026-01-19T01:54:52.2991836Z ##[endgroup]
2026-01-19T01:54:52.2996467Z [command]/usr/bin/git sparse-checkout disable
2026-01-19T01:54:52.3037248Z [command]/usr/bin/git config --local --unset-all extensions.worktreeConfig
2026-01-19T01:54:52.3064415Z ##[group]Checking out the ref
2026-01-19T01:54:52.3067999Z [command]/usr/bin/git checkout --progress --force -B main refs/remotes/origin/main
2026-01-19T01:54:52.4437372Z Switched to a new branch 'main'
2026-01-19T01:54:52.4439027Z branch 'main' set up to track 'origin/main'.
2026-01-19T01:54:52.4456640Z ##[endgroup]
2026-01-19T01:54:52.4494621Z [command]/usr/bin/git log -1 --format=%H
2026-01-19T01:54:52.4516463Z 8ae9e7a98960844bdcef67161cbe93442a7431bc
2026-01-19T01:54:52.4836999Z ##[group]Run actions/setup-python@v5
2026-01-19T01:54:52.4838210Z with:
2026-01-19T01:54:52.4839033Z   python-version: 3.11
2026-01-19T01:54:52.4839989Z   cache: pip
2026-01-19T01:54:52.4841045Z   check-latest: false
2026-01-19T01:54:52.4842265Z   token: ***
2026-01-19T01:54:52.4843302Z   update-environment: true
2026-01-19T01:54:52.4844380Z   allow-prereleases: false
2026-01-19T01:54:52.4845418Z   freethreaded: false
2026-01-19T01:54:52.4846354Z ##[endgroup]
2026-01-19T01:54:52.6526183Z ##[group]Installed versions
2026-01-19T01:54:52.6628826Z Successfully set up CPython (3.11.14)
2026-01-19T01:54:52.6631903Z ##[endgroup]
2026-01-19T01:54:52.7625514Z [command]/opt/hostedtoolcache/Python/3.11.14/x64/bin/pip cache dir
2026-01-19T01:54:53.0353575Z /home/runner/.cache/pip
2026-01-19T01:54:53.3286282Z Cache hit for: setup-python-Linux-x64-24.04-Ubuntu-python-3.11.14-pip-dde08d0e0b672972dcda9f1a063036a2e0c226f5d0a20362e9401931676d80a4
2026-01-19T01:54:54.6448447Z Received 4194304 of 254742636 (1.6%), 4.0 MBs/sec
2026-01-19T01:54:55.6451505Z Received 134217728 of 254742636 (52.7%), 64.0 MBs/sec
2026-01-19T01:54:56.5335933Z Received 254742636 of 254742636 (100.0%), 84.1 MBs/sec
2026-01-19T01:54:56.5338276Z Cache Size: ~243 MB (254742636 B)
2026-01-19T01:54:56.5455915Z [command]/usr/bin/tar -xf /home/runner/work/_temp/831b16ac-702c-40c3-ba34-118b6412b7a9/cache.tzst -P -C /home/runner/work/build_qa_automation/build_qa_automation --use-compress-program unzstd
2026-01-19T01:54:56.9484527Z Cache restored successfully
2026-01-19T01:54:56.9976925Z Cache restored from key: setup-python-Linux-x64-24.04-Ubuntu-python-3.11.14-pip-dde08d0e0b672972dcda9f1a063036a2e0c226f5d0a20362e9401931676d80a4
2026-01-19T01:54:57.0210105Z ##[group]Run pip install -r requirements.txt
2026-01-19T01:54:57.0210622Z [36;1mpip install -r requirements.txt[0m
2026-01-19T01:54:57.0210975Z [36;1mplaywright install chromium[0m
2026-01-19T01:54:57.0249672Z shell: /usr/bin/bash -e {0}
2026-01-19T01:54:57.0249988Z env:
2026-01-19T01:54:57.0250297Z   pythonLocation: /opt/hostedtoolcache/Python/3.11.14/x64
2026-01-19T01:54:57.0250788Z   PKG_CONFIG_PATH: /opt/hostedtoolcache/Python/3.11.14/x64/lib/pkgconfig
2026-01-19T01:54:57.0251274Z   Python_ROOT_DIR: /opt/hostedtoolcache/Python/3.11.14/x64
2026-01-19T01:54:57.0251718Z   Python2_ROOT_DIR: /opt/hostedtoolcache/Python/3.11.14/x64
2026-01-19T01:54:57.0252127Z   Python3_ROOT_DIR: /opt/hostedtoolcache/Python/3.11.14/x64
2026-01-19T01:54:57.0252763Z   LD_LIBRARY_PATH: /opt/hostedtoolcache/Python/3.11.14/x64/lib
2026-01-19T01:54:57.0253134Z ##[endgroup]
2026-01-19T01:54:57.9846897Z Collecting playwright (from -r requirements.txt (line 1))
2026-01-19T01:54:57.9864295Z   Using cached playwright-1.57.0-py3-none-manylinux1_x86_64.whl.metadata (3.5 kB)
2026-01-19T01:54:58.0017056Z Collecting python-dotenv (from -r requirements.txt (line 2))
2026-01-19T01:54:58.0031953Z   Using cached python_dotenv-1.2.1-py3-none-any.whl.metadata (25 kB)
2026-01-19T01:54:58.0290083Z Collecting requests (from -r requirements.txt (line 3))
2026-01-19T01:54:58.0305726Z   Using cached requests-2.32.5-py3-none-any.whl.metadata (4.9 kB)
2026-01-19T01:54:58.1996150Z Collecting pillow (from -r requirements.txt (line 4))
2026-01-19T01:54:58.2013000Z   Using cached pillow-12.1.0-cp311-cp311-manylinux_2_27_x86_64.manylinux_2_28_x86_64.whl.metadata (8.8 kB)
2026-01-19T01:54:58.2254282Z Collecting google-genai>=0.3.0 (from -r requirements.txt (line 5))
2026-01-19T01:54:58.2268236Z   Using cached google_genai-1.59.0-py3-none-any.whl.metadata (53 kB)
2026-01-19T01:54:58.2430270Z Collecting termcolor (from -r requirements.txt (line 6))
2026-01-19T01:54:58.2444059Z   Using cached termcolor-3.3.0-py3-none-any.whl.metadata (6.5 kB)
2026-01-19T01:54:58.2774468Z Collecting PyYAML (from -r requirements.txt (line 7))
2026-01-19T01:54:58.2788221Z   Using cached pyyaml-6.0.3-cp311-cp311-manylinux2014_x86_64.manylinux_2_17_x86_64.manylinux_2_28_x86_64.whl.metadata (2.4 kB)
2026-01-19T01:54:58.3305888Z Collecting opencv-python-headless (from -r requirements.txt (line 8))
2026-01-19T01:54:58.3319767Z   Using cached opencv_python_headless-4.13.0.90-cp37-abi3-manylinux_2_28_x86_64.whl.metadata (19 kB)
2026-01-19T01:54:58.5269467Z Collecting numpy (from -r requirements.txt (line 9))
2026-01-19T01:54:58.5284643Z   Using cached numpy-2.4.1-cp311-cp311-manylinux_2_27_x86_64.manylinux_2_28_x86_64.whl.metadata (6.6 kB)
2026-01-19T01:54:58.6038131Z Collecting faker (from -r requirements.txt (line 10))
2026-01-19T01:54:58.6053384Z   Using cached faker-40.1.2-py3-none-any.whl.metadata (16 kB)
2026-01-19T01:54:58.6190114Z Collecting pyee<14,>=13 (from playwright->-r requirements.txt (line 1))
2026-01-19T01:54:58.6203070Z   Using cached pyee-13.0.0-py3-none-any.whl.metadata (2.9 kB)
2026-01-19T01:54:58.7438952Z Collecting greenlet<4.0.0,>=3.1.1 (from playwright->-r requirements.txt (line 1))
2026-01-19T01:54:58.7454316Z   Using cached greenlet-3.3.0-cp311-cp311-manylinux_2_24_x86_64.manylinux_2_28_x86_64.whl.metadata (4.1 kB)
2026-01-19T01:54:58.7616160Z Collecting typing-extensions (from pyee<14,>=13->playwright->-r requirements.txt (line 1))
2026-01-19T01:54:58.7629428Z   Using cached typing_extensions-4.15.0-py3-none-any.whl.metadata (3.3 kB)
2026-01-19T01:54:58.8405278Z Collecting charset_normalizer<4,>=2 (from requests->-r requirements.txt (line 3))
2026-01-19T01:54:58.8421252Z   Using cached charset_normalizer-3.4.4-cp311-cp311-manylinux2014_x86_64.manylinux_2_17_x86_64.manylinux_2_28_x86_64.whl.metadata (37 kB)
2026-01-19T01:54:58.8558702Z Collecting idna<4,>=2.5 (from requests->-r requirements.txt (line 3))
2026-01-19T01:54:58.8571912Z   Using cached idna-3.11-py3-none-any.whl.metadata (8.4 kB)
2026-01-19T01:54:58.8827001Z Collecting urllib3<3,>=1.21.1 (from requests->-r requirements.txt (line 3))
2026-01-19T01:54:58.8839506Z   Using cached urllib3-2.6.3-py3-none-any.whl.metadata (6.9 kB)
2026-01-19T01:54:58.9035810Z Collecting certifi>=2017.4.17 (from requests->-r requirements.txt (line 3))
2026-01-19T01:54:58.9048734Z   Using cached certifi-2026.1.4-py3-none-any.whl.metadata (2.5 kB)
2026-01-19T01:54:58.9222402Z Collecting anyio<5.0.0,>=4.8.0 (from google-genai>=0.3.0->-r requirements.txt (line 5))
2026-01-19T01:54:58.9236046Z   Using cached anyio-4.12.1-py3-none-any.whl.metadata (4.3 kB)
2026-01-19T01:54:58.9552347Z Collecting google-auth<3.0.0,>=2.47.0 (from google-auth[requests]<3.0.0,>=2.47.0->google-genai>=0.3.0->-r requirements.txt (line 5))
2026-01-19T01:54:58.9567814Z   Using cached google_auth-2.47.0-py3-none-any.whl.metadata (6.4 kB)
2026-01-19T01:54:58.9789002Z Collecting httpx<1.0.0,>=0.28.1 (from google-genai>=0.3.0->-r requirements.txt (line 5))
2026-01-19T01:54:58.9803349Z   Using cached httpx-0.28.1-py3-none-any.whl.metadata (7.1 kB)
2026-01-19T01:54:59.1176279Z Collecting pydantic<3.0.0,>=2.9.0 (from google-genai>=0.3.0->-r requirements.txt (line 5))
2026-01-19T01:54:59.1193350Z   Using cached pydantic-2.12.5-py3-none-any.whl.metadata (90 kB)
2026-01-19T01:54:59.1422403Z Collecting tenacity<9.2.0,>=8.2.3 (from google-genai>=0.3.0->-r requirements.txt (line 5))
2026-01-19T01:54:59.1436684Z   Using cached tenacity-9.1.2-py3-none-any.whl.metadata (1.2 kB)
2026-01-19T01:54:59.2246237Z Collecting websockets<15.1.0,>=13.0.0 (from google-genai>=0.3.0->-r requirements.txt (line 5))
2026-01-19T01:54:59.2261556Z   Using cached websockets-15.0.1-cp311-cp311-manylinux_2_5_x86_64.manylinux1_x86_64.manylinux_2_17_x86_64.manylinux2014_x86_64.whl.metadata (6.8 kB)
2026-01-19T01:54:59.2386347Z Collecting distro<2,>=1.7.0 (from google-genai>=0.3.0->-r requirements.txt (line 5))
2026-01-19T01:54:59.2399738Z   Using cached distro-1.9.0-py3-none-any.whl.metadata (6.8 kB)
2026-01-19T01:54:59.2467427Z Collecting sniffio (from google-genai>=0.3.0->-r requirements.txt (line 5))
2026-01-19T01:54:59.2481483Z   Using cached sniffio-1.3.1-py3-none-any.whl.metadata (3.9 kB)
2026-01-19T01:54:59.2747832Z Collecting pyasn1-modules>=0.2.1 (from google-auth<3.0.0,>=2.47.0->google-auth[requests]<3.0.0,>=2.47.0->google-genai>=0.3.0->-r requirements.txt (line 5))
2026-01-19T01:54:59.2761743Z   Using cached pyasn1_modules-0.4.2-py3-none-any.whl.metadata (3.5 kB)
2026-01-19T01:54:59.2889760Z Collecting rsa<5,>=3.1.4 (from google-auth<3.0.0,>=2.47.0->google-auth[requests]<3.0.0,>=2.47.0->google-genai>=0.3.0->-r requirements.txt (line 5))
2026-01-19T01:54:59.2903968Z   Using cached rsa-4.9.1-py3-none-any.whl.metadata (5.6 kB)
2026-01-19T01:54:59.3152672Z Collecting httpcore==1.* (from httpx<1.0.0,>=0.28.1->google-genai>=0.3.0->-r requirements.txt (line 5))
2026-01-19T01:54:59.3166259Z   Using cached httpcore-1.0.9-py3-none-any.whl.metadata (21 kB)
2026-01-19T01:54:59.3269955Z Collecting h11>=0.16 (from httpcore==1.*->httpx<1.0.0,>=0.28.1->google-genai>=0.3.0->-r requirements.txt (line 5))
2026-01-19T01:54:59.3283253Z   Using cached h11-0.16.0-py3-none-any.whl.metadata (8.3 kB)
2026-01-19T01:54:59.3373069Z Collecting annotated-types>=0.6.0 (from pydantic<3.0.0,>=2.9.0->google-genai>=0.3.0->-r requirements.txt (line 5))
2026-01-19T01:54:59.3388011Z   Using cached annotated_types-0.7.0-py3-none-any.whl.metadata (15 kB)
2026-01-19T01:54:59.9861292Z Collecting pydantic-core==2.41.5 (from pydantic<3.0.0,>=2.9.0->google-genai>=0.3.0->-r requirements.txt (line 5))
2026-01-19T01:54:59.9877959Z   Using cached pydantic_core-2.41.5-cp311-cp311-manylinux_2_17_x86_64.manylinux2014_x86_64.whl.metadata (7.3 kB)
2026-01-19T01:55:00.0015170Z Collecting typing-inspection>=0.4.2 (from pydantic<3.0.0,>=2.9.0->google-genai>=0.3.0->-r requirements.txt (line 5))
2026-01-19T01:55:00.0029462Z   Using cached typing_inspection-0.4.2-py3-none-any.whl.metadata (2.6 kB)
2026-01-19T01:55:00.0730077Z Collecting pyasn1>=0.1.3 (from rsa<5,>=3.1.4->google-auth<3.0.0,>=2.47.0->google-auth[requests]<3.0.0,>=2.47.0->google-genai>=0.3.0->-r requirements.txt (line 5))
2026-01-19T01:55:00.0745288Z   Using cached pyasn1-0.6.2-py3-none-any.whl.metadata (8.4 kB)
2026-01-19T01:55:00.1005520Z Using cached playwright-1.57.0-py3-none-manylinux1_x86_64.whl (46.0 MB)
2026-01-19T01:55:00.1348418Z Using cached greenlet-3.3.0-cp311-cp311-manylinux_2_24_x86_64.manylinux_2_28_x86_64.whl (590 kB)
2026-01-19T01:55:00.1366260Z Using cached pyee-13.0.0-py3-none-any.whl (15 kB)
2026-01-19T01:55:00.1379935Z Using cached python_dotenv-1.2.1-py3-none-any.whl (21 kB)
2026-01-19T01:55:00.1393170Z Using cached requests-2.32.5-py3-none-any.whl (64 kB)
2026-01-19T01:55:00.1407478Z Using cached charset_normalizer-3.4.4-cp311-cp311-manylinux2014_x86_64.manylinux_2_17_x86_64.manylinux_2_28_x86_64.whl (151 kB)
2026-01-19T01:55:00.1421089Z Using cached idna-3.11-py3-none-any.whl (71 kB)
2026-01-19T01:55:00.1434624Z Using cached urllib3-2.6.3-py3-none-any.whl (131 kB)
2026-01-19T01:55:00.1448981Z Using cached pillow-12.1.0-cp311-cp311-manylinux_2_27_x86_64.manylinux_2_28_x86_64.whl (7.0 MB)
2026-01-19T01:55:00.1510713Z Using cached google_genai-1.59.0-py3-none-any.whl (719 kB)
2026-01-19T01:55:00.1528451Z Using cached anyio-4.12.1-py3-none-any.whl (113 kB)
2026-01-19T01:55:00.1541993Z Using cached distro-1.9.0-py3-none-any.whl (20 kB)
2026-01-19T01:55:00.1555276Z Using cached google_auth-2.47.0-py3-none-any.whl (234 kB)
2026-01-19T01:55:00.1569466Z Using cached httpx-0.28.1-py3-none-any.whl (73 kB)
2026-01-19T01:55:00.1582725Z Using cached httpcore-1.0.9-py3-none-any.whl (78 kB)
2026-01-19T01:55:00.1596230Z Using cached pydantic-2.12.5-py3-none-any.whl (463 kB)
2026-01-19T01:55:00.1612820Z Using cached pydantic_core-2.41.5-cp311-cp311-manylinux_2_17_x86_64.manylinux2014_x86_64.whl (2.1 MB)
2026-01-19T01:55:00.1639873Z Using cached rsa-4.9.1-py3-none-any.whl (34 kB)
2026-01-19T01:55:00.1653017Z Using cached tenacity-9.1.2-py3-none-any.whl (28 kB)
2026-01-19T01:55:00.1666243Z Using cached typing_extensions-4.15.0-py3-none-any.whl (44 kB)
2026-01-19T01:55:00.1680042Z Using cached websockets-15.0.1-cp311-cp311-manylinux_2_5_x86_64.manylinux1_x86_64.manylinux_2_17_x86_64.manylinux2014_x86_64.whl (182 kB)
2026-01-19T01:55:00.1693807Z Using cached termcolor-3.3.0-py3-none-any.whl (7.7 kB)
2026-01-19T01:55:00.1707311Z Using cached pyyaml-6.0.3-cp311-cp311-manylinux2014_x86_64.manylinux_2_17_x86_64.manylinux_2_28_x86_64.whl (806 kB)
2026-01-19T01:55:00.1725783Z Using cached opencv_python_headless-4.13.0.90-cp37-abi3-manylinux_2_28_x86_64.whl (62.5 MB)
2026-01-19T01:55:00.2176651Z Using cached numpy-2.4.1-cp311-cp311-manylinux_2_27_x86_64.manylinux_2_28_x86_64.whl (16.7 MB)
2026-01-19T01:55:00.2305971Z Using cached faker-40.1.2-py3-none-any.whl (2.0 MB)
2026-01-19T01:55:00.2333886Z Using cached annotated_types-0.7.0-py3-none-any.whl (13 kB)
2026-01-19T01:55:00.2347272Z Using cached certifi-2026.1.4-py3-none-any.whl (152 kB)
2026-01-19T01:55:00.2361661Z Using cached h11-0.16.0-py3-none-any.whl (37 kB)
2026-01-19T01:55:00.2375029Z Using cached pyasn1-0.6.2-py3-none-any.whl (83 kB)
2026-01-19T01:55:00.2388493Z Using cached pyasn1_modules-0.4.2-py3-none-any.whl (181 kB)
2026-01-19T01:55:00.2402774Z Using cached typing_inspection-0.4.2-py3-none-any.whl (14 kB)
2026-01-19T01:55:00.2415991Z Using cached sniffio-1.3.1-py3-none-any.whl (10 kB)
2026-01-19T01:55:00.4438264Z Installing collected packages: websockets, urllib3, typing-extensions, termcolor, tenacity, sniffio, PyYAML, python-dotenv, pyasn1, pillow, numpy, idna, h11, greenlet, faker, distro, charset_normalizer, certifi, annotated-types, typing-inspection, rsa, requests, pyee, pydantic-core, pyasn1-modules, opencv-python-headless, httpcore, anyio, pydantic, playwright, httpx, google-auth, google-genai
2026-01-19T01:55:07.2189951Z 
2026-01-19T01:55:07.2212194Z Successfully installed PyYAML-6.0.3 annotated-types-0.7.0 anyio-4.12.1 certifi-2026.1.4 charset_normalizer-3.4.4 distro-1.9.0 faker-40.1.2 google-auth-2.47.0 google-genai-1.59.0 greenlet-3.3.0 h11-0.16.0 httpcore-1.0.9 httpx-0.28.1 idna-3.11 numpy-2.4.1 opencv-python-headless-4.13.0.90 pillow-12.1.0 playwright-1.57.0 pyasn1-0.6.2 pyasn1-modules-0.4.2 pydantic-2.12.5 pydantic-core-2.41.5 pyee-13.0.0 python-dotenv-1.2.1 requests-2.32.5 rsa-4.9.1 sniffio-1.3.1 tenacity-9.1.2 termcolor-3.3.0 typing-extensions-4.15.0 typing-inspection-0.4.2 urllib3-2.6.3 websockets-15.0.1
2026-01-19T01:55:07.8743628Z Downloading Chromium 143.0.7499.4 (playwright build v1200) from https://cdn.playwright.dev/dbazure/download/playwright/builds/chromium/1200/chromium-linux.zip
2026-01-19T01:55:07.9708113Z (node:2203) [DEP0169] DeprecationWarning: `url.parse()` behavior is not standardized and prone to errors that have security implications. Use the WHATWG URL API instead. CVEs are not issued for `url.parse()` vulnerabilities.
2026-01-19T01:55:07.9709526Z (Use `node --trace-deprecation ...` to show where the warning was created)
2026-01-19T01:55:08.0755607Z |                                                                                |   0% of 164.7 MiB
2026-01-19T01:55:08.2548025Z |■■■■■■■■                                                                        |  10% of 164.7 MiB
2026-01-19T01:55:08.3761656Z |■■■■■■■■■■■■■■■■                                                                |  20% of 164.7 MiB
2026-01-19T01:55:08.4913586Z |■■■■■■■■■■■■■■■■■■■■■■■■                                                        |  30% of 164.7 MiB
2026-01-19T01:55:08.5972639Z |■■■■■■■■■■■■■■■■■■■■■■■■■■■■■■■■                                                |  40% of 164.7 MiB
2026-01-19T01:55:08.7235064Z |■■■■■■■■■■■■■■■■■■■■■■■■■■■■■■■■■■■■■■■■                                        |  50% of 164.7 MiB
2026-01-19T01:55:08.8758919Z |■■■■■■■■■■■■■■■■■■■■■■■■■■■■■■■■■■■■■■■■■■■■■■■■                                |  60% of 164.7 MiB
2026-01-19T01:55:08.9970131Z |■■■■■■■■■■■■■■■■■■■■■■■■■■■■■■■■■■■■■■■■■■■■■■■■■■■■■■■■                        |  70% of 164.7 MiB
2026-01-19T01:55:09.1358758Z |■■■■■■■■■■■■■■■■■■■■■■■■■■■■■■■■■■■■■■■■■■■■■■■■■■■■■■■■■■■■■■■■                |  80% of 164.7 MiB
2026-01-19T01:55:09.2556241Z |■■■■■■■■■■■■■■■■■■■■■■■■■■■■■■■■■■■■■■■■■■■■■■■■■■■■■■■■■■■■■■■■■■■■■■■■        |  90% of 164.7 MiB
2026-01-19T01:55:09.3788128Z |■■■■■■■■■■■■■■■■■■■■■■■■■■■■■■■■■■■■■■■■■■■■■■■■■■■■■■■■■■■■■■■■■■■■■■■■■■■■■■■■| 100% of 164.7 MiB
2026-01-19T01:55:11.7594182Z Chromium 143.0.7499.4 (playwright build v1200) downloaded to /home/runner/.cache/ms-playwright/chromium-1200
2026-01-19T01:55:11.7598343Z Downloading FFMPEG playwright build v1011 from https://cdn.playwright.dev/dbazure/download/playwright/builds/ffmpeg/1011/ffmpeg-linux.zip
2026-01-19T01:55:11.8575348Z (node:2214) [DEP0169] DeprecationWarning: `url.parse()` behavior is not standardized and prone to errors that have security implications. Use the WHATWG URL API instead. CVEs are not issued for `url.parse()` vulnerabilities.
2026-01-19T01:55:11.8576546Z (Use `node --trace-deprecation ...` to show where the warning was created)
2026-01-19T01:55:11.9304619Z |                                                                                |   0% of 2.3 MiB
2026-01-19T01:55:11.9343949Z |■■■■■■■■                                                                        |  10% of 2.3 MiB
2026-01-19T01:55:11.9411039Z |■■■■■■■■■■■■■■■■                                                                |  20% of 2.3 MiB
2026-01-19T01:55:11.9488203Z |■■■■■■■■■■■■■■■■■■■■■■■■                                                        |  30% of 2.3 MiB
2026-01-19T01:55:11.9517793Z |■■■■■■■■■■■■■■■■■■■■■■■■■■■■■■■■                                                |  40% of 2.3 MiB
2026-01-19T01:55:11.9533858Z |■■■■■■■■■■■■■■■■■■■■■■■■■■■■■■■■■■■■■■■■                                        |  50% of 2.3 MiB
2026-01-19T01:55:11.9547315Z |■■■■■■■■■■■■■■■■■■■■■■■■■■■■■■■■■■■■■■■■■■■■■■■■                                |  60% of 2.3 MiB
2026-01-19T01:55:11.9561528Z |■■■■■■■■■■■■■■■■■■■■■■■■■■■■■■■■■■■■■■■■■■■■■■■■■■■■■■■■                        |  70% of 2.3 MiB
2026-01-19T01:55:11.9581368Z |■■■■■■■■■■■■■■■■■■■■■■■■■■■■■■■■■■■■■■■■■■■■■■■■■■■■■■■■■■■■■■■■                |  80% of 2.3 MiB
2026-01-19T01:55:11.9594518Z |■■■■■■■■■■■■■■■■■■■■■■■■■■■■■■■■■■■■■■■■■■■■■■■■■■■■■■■■■■■■■■■■■■■■■■■■        |  90% of 2.3 MiB
2026-01-19T01:55:11.9606766Z |■■■■■■■■■■■■■■■■■■■■■■■■■■■■■■■■■■■■■■■■■■■■■■■■■■■■■■■■■■■■■■■■■■■■■■■■■■■■■■■■| 100% of 2.3 MiB
2026-01-19T01:55:12.0140900Z FFMPEG playwright build v1011 downloaded to /home/runner/.cache/ms-playwright/ffmpeg-1011
2026-01-19T01:55:12.0144903Z Downloading Chromium Headless Shell 143.0.7499.4 (playwright build v1200) from https://cdn.playwright.dev/dbazure/download/playwright/builds/chromium/1200/chromium-headless-shell-linux.zip
2026-01-19T01:55:12.1101211Z (node:2225) [DEP0169] DeprecationWarning: `url.parse()` behavior is not standardized and prone to errors that have security implications. Use the WHATWG URL API instead. CVEs are not issued for `url.parse()` vulnerabilities.
2026-01-19T01:55:12.1103638Z (Use `node --trace-deprecation ...` to show where the warning was created)
2026-01-19T01:55:12.2134735Z |                                                                                |   0% of 109.7 MiB
2026-01-19T01:55:12.3232769Z |■■■■■■■■                                                                        |  10% of 109.7 MiB
2026-01-19T01:55:12.4259055Z |■■■■■■■■■■■■■■■■                                                                |  20% of 109.7 MiB
2026-01-19T01:55:12.5346330Z |■■■■■■■■■■■■■■■■■■■■■■■■                                                        |  30% of 109.7 MiB
2026-01-19T01:55:12.6763752Z |■■■■■■■■■■■■■■■■■■■■■■■■■■■■■■■■                                                |  40% of 109.7 MiB
2026-01-19T01:55:12.8318610Z |■■■■■■■■■■■■■■■■■■■■■■■■■■■■■■■■■■■■■■■■                                        |  50% of 109.7 MiB
2026-01-19T01:55:12.9373860Z |■■■■■■■■■■■■■■■■■■■■■■■■■■■■■■■■■■■■■■■■■■■■■■■■                                |  60% of 109.7 MiB
2026-01-19T01:55:13.0052059Z |■■■■■■■■■■■■■■■■■■■■■■■■■■■■■■■■■■■■■■■■■■■■■■■■■■■■■■■■                        |  70% of 109.7 MiB
2026-01-19T01:55:13.0810265Z |■■■■■■■■■■■■■■■■■■■■■■■■■■■■■■■■■■■■■■■■■■■■■■■■■■■■■■■■■■■■■■■■                |  80% of 109.7 MiB
2026-01-19T01:55:13.1514887Z |■■■■■■■■■■■■■■■■■■■■■■■■■■■■■■■■■■■■■■■■■■■■■■■■■■■■■■■■■■■■■■■■■■■■■■■■        |  90% of 109.7 MiB
2026-01-19T01:55:13.2279841Z |■■■■■■■■■■■■■■■■■■■■■■■■■■■■■■■■■■■■■■■■■■■■■■■■■■■■■■■■■■■■■■■■■■■■■■■■■■■■■■■■| 100% of 109.7 MiB
2026-01-19T01:55:14.9833381Z Chromium Headless Shell 143.0.7499.4 (playwright build v1200) downloaded to /home/runner/.cache/ms-playwright/chromium_headless_shell-1200
2026-01-19T01:55:15.0071440Z ##[group]Run mkdir -p projects/ci_rahulshetty_shop
2026-01-19T01:55:15.0071890Z [36;1mmkdir -p projects/ci_rahulshetty_shop[0m
2026-01-19T01:55:15.0072261Z [36;1mcat > projects/ci_rahulshetty_shop/config.json << 'EOF'[0m
2026-01-19T01:55:15.0072810Z [36;1m{[0m
2026-01-19T01:55:15.0073029Z [36;1m  "project_name": "ci_rahulshetty_shop",[0m
2026-01-19T01:55:15.0073443Z [36;1m  "target_url": "https://rahulshettyacademy.com/seleniumPractise/",[0m
2026-01-19T01:55:15.0073861Z [36;1m  "goal": "Search and add items to cart",[0m
2026-01-19T01:55:15.0074144Z [36;1m  "headless": true[0m
2026-01-19T01:55:15.0074355Z [36;1m}[0m
2026-01-19T01:55:15.0074521Z [36;1mEOF[0m
2026-01-19T01:55:15.0108859Z shell: /usr/bin/bash -e {0}
2026-01-19T01:55:15.0109098Z env:
2026-01-19T01:55:15.0109354Z   pythonLocation: /opt/hostedtoolcache/Python/3.11.14/x64
2026-01-19T01:55:15.0109788Z   PKG_CONFIG_PATH: /opt/hostedtoolcache/Python/3.11.14/x64/lib/pkgconfig
2026-01-19T01:55:15.0110241Z   Python_ROOT_DIR: /opt/hostedtoolcache/Python/3.11.14/x64
2026-01-19T01:55:15.0110616Z   Python2_ROOT_DIR: /opt/hostedtoolcache/Python/3.11.14/x64
2026-01-19T01:55:15.0110972Z   Python3_ROOT_DIR: /opt/hostedtoolcache/Python/3.11.14/x64
2026-01-19T01:55:15.0111338Z   LD_LIBRARY_PATH: /opt/hostedtoolcache/Python/3.11.14/x64/lib
2026-01-19T01:55:15.0111647Z ##[endgroup]
2026-01-19T01:55:15.0219017Z ##[group]Run # Use --deep for comprehensive regression suite
2026-01-19T01:55:15.0219469Z [36;1m# Use --deep for comprehensive regression suite[0m
2026-01-19T01:55:15.0219927Z [36;1mpython orchestrator.py --project projects/ci_rahulshetty_shop --deep --force[0m
2026-01-19T01:55:15.0249780Z shell: /usr/bin/bash -e {0}
2026-01-19T01:55:15.0250016Z env:
2026-01-19T01:55:15.0250256Z   pythonLocation: /opt/hostedtoolcache/Python/3.11.14/x64
2026-01-19T01:55:15.0250684Z   PKG_CONFIG_PATH: /opt/hostedtoolcache/Python/3.11.14/x64/lib/pkgconfig
2026-01-19T01:55:15.0251106Z   Python_ROOT_DIR: /opt/hostedtoolcache/Python/3.11.14/x64
2026-01-19T01:55:15.0251654Z   Python2_ROOT_DIR: /opt/hostedtoolcache/Python/3.11.14/x64
2026-01-19T01:55:15.0252021Z   Python3_ROOT_DIR: /opt/hostedtoolcache/Python/3.11.14/x64
2026-01-19T01:55:15.0252381Z   LD_LIBRARY_PATH: /opt/hostedtoolcache/Python/3.11.14/x64/lib
2026-01-19T01:55:15.0253113Z   GOOGLE_API_KEY: ***
2026-01-19T01:55:15.0253384Z   PYTHONPATH: .
2026-01-19T01:55:15.0253565Z ##[endgroup]
2026-01-19T01:55:16.8064594Z 🚀 [DEEP] Extensive mapping enabled (Depth: 3, Pages: 50)
2026-01-19T01:55:16.8065079Z 
2026-01-19T01:55:16.8065733Z 🗺️ [DISCOVERY] Starting Parallel Semantic Crawl on https://rahulshettyacademy.com/seleniumPractise/ (Workers: 3)
2026-01-19T01:55:18.1922790Z   🔍 [Worker 0] Visiting (0): https://rahulshettyacademy.com/seleniumPractise/
2026-01-19T01:55:22.0767778Z [DEBUG] Sending request to gemini-2.0-flash. Number of parts: 1
2026-01-19T01:55:22.0768460Z [DEBUG] Received response (Length: 230)
2026-01-19T01:55:22.0769480Z   🔍 [Worker 1] Visiting (1): https://rahulshettyacademy.com/seleniumPractise
2026-01-19T01:55:22.0774756Z   🔍 [Worker 2] Visiting (1): https://rahulshettyacademy.com/dropdownsPractise
2026-01-19T01:55:22.0965230Z   🔍 [Worker 0] Visiting (1): https://rahulshettyacademy.com
2026-01-19T01:55:26.0393639Z [DEBUG] Sending request to gemini-2.0-flash. Number of parts: 1
2026-01-19T01:55:26.0395032Z [DEBUG] Sending request to gemini-2.0-flash. Number of parts: 1
2026-01-19T01:55:26.0401450Z [DEBUG] Sending request to gemini-2.0-flash. Number of parts: 1
2026-01-19T01:55:26.0402073Z [DEBUG] Received response (Length: 349)
2026-01-19T01:55:26.0403292Z   🔍 [Worker 0] Visiting (2): https://rahulshettyacademy.com/ai-learning-path
2026-01-19T01:55:26.6702715Z [DEBUG] Received response (Length: 641)
2026-01-19T01:55:26.6703823Z   🔍 [Worker 2] Visiting (2): https://rahulshettyacademy.com/blog
2026-01-19T01:55:28.6062148Z [DEBUG] Received response (Length: 516)
2026-01-19T01:55:28.6064058Z   🔍 [Worker 1] Visiting (2): https://courses.rahulshettyacademy.com/p/selenium-webdriver-interview-questions-tutorial-1
2026-01-19T01:55:31.0317687Z [DEBUG] Sending request to gemini-2.0-flash. Number of parts: 1
2026-01-19T01:55:31.0318458Z [DEBUG] Sending request to gemini-2.0-flash. Number of parts: 1
2026-01-19T01:55:31.0319165Z [DEBUG] Sending request to gemini-2.0-flash. Number of parts: 1
2026-01-19T01:55:31.0319799Z [DEBUG] Received response (Length: 269)
2026-01-19T01:55:31.0320783Z   🔍 [Worker 0] Visiting (2): https://rahulshettyacademy.com/practice
2026-01-19T01:55:31.1048803Z [DEBUG] Received response (Length: 342)
2026-01-19T01:55:31.1049922Z   🔍 [Worker 1] Visiting (2): https://courses.rahulshettyacademy.com/sign_up
2026-01-19T01:55:31.1183004Z [DEBUG] Received response (Length: 388)
2026-01-19T01:55:31.1184949Z   🔍 [Worker 2] Visiting (2): https://courses.rahulshettyacademy.com/p/learn-agentic-ai-build-multi-agent-automation-workflow
2026-01-19T01:55:35.8343213Z [DEBUG] Sending request to gemini-2.0-flash. Number of parts: 1
2026-01-19T01:55:35.8344927Z [DEBUG] Sending request to gemini-2.0-flash. Number of parts: 1
2026-01-19T01:55:35.8345987Z [DEBUG] Sending request to gemini-2.0-flash. Number of parts: 1
2026-01-19T01:55:35.8347588Z [DEBUG] Received response (Length: 256)
2026-01-19T01:55:35.8348607Z   🔍 [Worker 2] Visiting (2): https://courses.rahulshettyacademy.com/courses
2026-01-19T01:55:36.3508507Z [DEBUG] Received response (Length: 361)
2026-01-19T01:55:36.3510557Z   🔍 [Worker 1] Visiting (2): https://courses.rahulshettyacademy.com/p/playwright-js-ts-automation-testing-from-scratch-framework
2026-01-19T01:55:36.3897141Z [DEBUG] Received response (Length: 441)
2026-01-19T01:55:36.3898577Z   🔍 [Worker 0] Visiting (2): https://rahulshettyacademy.com/contact-us
2026-01-19T01:55:37.6824285Z [DEBUG] Sending request to gemini-2.0-flash. Number of parts: 1
2026-01-19T01:55:37.6824974Z [DEBUG] Received response (Length: 269)
2026-01-19T01:55:37.6826296Z   🔍 [Worker 2] Visiting (2): https://courses.rahulshettyacademy.com/p/rest-api-automation-rest-assured-java
2026-01-19T01:55:42.6841403Z [DEBUG] Sending request to gemini-2.0-flash. Number of parts: 1
2026-01-19T01:55:42.6845034Z [DEBUG] Sending request to gemini-2.0-flash. Number of parts: 1
2026-01-19T01:55:42.6845800Z [DEBUG] Sending request to gemini-2.0-flash. Number of parts: 1
2026-01-19T01:55:42.6846417Z [DEBUG] Received response (Length: 314)
2026-01-19T01:55:42.6847485Z   🔍 [Worker 1] Visiting (2): https://courses.rahulshettyacademy.com/sign_in
2026-01-19T01:55:42.9909726Z [DEBUG] Received response (Length: 484)
2026-01-19T01:55:42.9913499Z   🔍 [Worker 0] Visiting (2): https://courses.rahulshettyacademy.com/p/learn-generativen-ai-in-software-testing
2026-01-19T01:55:43.2046521Z [DEBUG] Received response (Length: 326)
2026-01-19T01:55:43.2059593Z   🔍 [Worker 2] Visiting (2): https://rahulshettyacademy.com/mentorship
2026-01-19T01:55:44.6345269Z [DEBUG] Sending request to gemini-2.0-flash. Number of parts: 1
2026-01-19T01:55:44.6349033Z [DEBUG] Received response (Length: 247)
2026-01-19T01:55:44.6351012Z   🔍 [Worker 0] Visiting (2): https://rahulshettyacademy.com/all-access-subscription
2026-01-19T01:55:49.6861708Z [DEBUG] Sending request to gemini-2.0-flash. Number of parts: 1
2026-01-19T01:55:49.6863350Z [DEBUG] Sending request to gemini-2.0-flash. Number of parts: 1
2026-01-19T01:55:49.6864282Z [DEBUG] Sending request to gemini-2.0-flash. Number of parts: 1
2026-01-19T01:55:49.6866428Z [DEBUG] Received response (Length: 310)
2026-01-19T01:55:49.6866881Z [DEBUG] Received response (Length: 289)
2026-01-19T01:55:49.6867861Z   🔍 [Worker 2] Visiting (2): https://rahulshettyacademy.com/learning-paths
2026-01-19T01:55:49.6928278Z   🔍 [Worker 0] Visiting (2): https://rahulshettyacademy.com/dropdownsPractise/Cargo.html
2026-01-19T01:55:49.7358052Z [DEBUG] Received response (Length: 263)
2026-01-19T01:55:49.7366246Z   🔍 [Worker 1] Visiting (2): https://rahulshettyacademy.com/dropdownsPractise/cdn-cgi/l/email-protection.html
2026-01-19T01:55:54.7744885Z [DEBUG] Sending request to gemini-2.0-flash. Number of parts: 1
2026-01-19T01:55:54.7746929Z [DEBUG] Sending request to gemini-2.0-flash. Number of parts: 1
2026-01-19T01:55:54.7747731Z [DEBUG] Sending request to gemini-2.0-flash. Number of parts: 1
2026-01-19T01:55:54.7748352Z [DEBUG] Received response (Length: 318)
2026-01-19T01:55:54.7749810Z   🔍 [Worker 2] Visiting (3): https://courses.rahulshettyacademy.com/p/testing-al-applications-future-proof-your-skills
2026-01-19T01:55:54.8941256Z [DEBUG] Received response (Length: 368)
2026-01-19T01:55:54.8947455Z   🔍 [Worker 1] Visiting (3): https://courses.rahulshettyacademy.com/l/products
2026-01-19T01:55:54.9274094Z [DEBUG] Received response (Length: 454)
2026-01-19T01:55:54.9275990Z   🔍 [Worker 0] Visiting (3): https://courses.rahulshettyacademy.com/p/gen-al-al-agents-for-software-testing
2026-01-19T01:55:59.5481237Z [DEBUG] Sending request to gemini-2.0-flash. Number of parts: 1
2026-01-19T01:55:59.5482214Z [DEBUG] Sending request to gemini-2.0-flash. Number of parts: 1
2026-01-19T01:55:59.5484534Z [DEBUG] Sending request to gemini-2.0-flash. Number of parts: 1
2026-01-19T01:55:59.5485506Z [DEBUG] Received response (Length: 240)
2026-01-19T01:55:59.5487322Z   🔍 [Worker 1] Visiting (3): https://courses.rahulshettyacademy.com/courses/selenium-webdriver-interview-questions-tutorial-1/lectures/9645595
2026-01-19T01:55:59.6883270Z [DEBUG] Received response (Length: 372)
2026-01-19T01:55:59.6897365Z   🔍 [Worker 2] Visiting (3): https://courses.rahulshettyacademy.com/courses/selenium-webdriver-interview-questions-tutorial-1/lectures/12038069
2026-01-19T01:55:59.8387578Z [DEBUG] Received response (Length: 313)
2026-01-19T01:55:59.8391049Z   🔍 [Worker 0] Visiting (3): https://courses.rahulshettyacademy.com/courses/selenium-webdriver-interview-questions-tutorial-1/lectures/9748483
2026-01-19T01:56:04.6603382Z [DEBUG] Sending request to gemini-2.0-flash. Number of parts: 1
2026-01-19T01:56:04.6604600Z [DEBUG] Sending request to gemini-2.0-flash. Number of parts: 1
2026-01-19T01:56:04.6605764Z [DEBUG] Sending request to gemini-2.0-flash. Number of parts: 1
2026-01-19T01:56:04.6606940Z [DEBUG] Received response (Length: 290)
2026-01-19T01:56:04.6608508Z   🔍 [Worker 0] Visiting (3): https://courses.rahulshettyacademy.com/courses/selenium-webdriver-interview-questions-tutorial-1/lectures/35865340
2026-01-19T01:56:04.7593873Z [DEBUG] Received response (Length: 293)
2026-01-19T01:56:04.7594526Z [DEBUG] Received response (Length: 382)
2026-01-19T01:56:04.7596748Z   🔍 [Worker 2] Visiting (3): https://courses.rahulshettyacademy.com/courses/selenium-webdriver-interview-questions-tutorial-1/lectures/35880885
2026-01-19T01:56:04.7981370Z   🔍 [Worker 1] Visiting (3): https://courses.rahulshettyacademy.com/courses/selenium-webdriver-interview-questions-tutorial-1/lectures/43708900
2026-01-19T01:56:09.6060385Z [DEBUG] Sending request to gemini-2.0-flash. Number of parts: 1
2026-01-19T01:56:09.6061234Z [DEBUG] Sending request to gemini-2.0-flash. Number of parts: 1
2026-01-19T01:56:09.6061934Z [DEBUG] Sending request to gemini-2.0-flash. Number of parts: 1
2026-01-19T01:56:09.6062771Z [DEBUG] Received response (Length: 266)
2026-01-19T01:56:09.6063781Z   🔍 [Worker 0] Visiting (3): https://rahulshettyacademy.com/consulting
2026-01-19T01:56:09.7619007Z [DEBUG] Received response (Length: 340)
2026-01-19T01:56:09.7621352Z   🔍 [Worker 2] Visiting (3): https://courses.rahulshettyacademy.com/courses/selenium-webdriver-interview-questions-tutorial-1/lectures/52057638
2026-01-19T01:56:10.0490215Z [DEBUG] Received response (Length: 359)
2026-01-19T01:56:10.0493028Z   🔍 [Worker 1] Visiting (3): https://courses.rahulshettyacademy.com/courses/selenium-webdriver-interview-questions-tutorial-1/lectures/9679100
2026-01-19T01:56:14.4540691Z [DEBUG] Sending request to gemini-2.0-flash. Number of parts: 1
2026-01-19T01:56:14.4542052Z [DEBUG] Sending request to gemini-2.0-flash. Number of parts: 1
2026-01-19T01:56:14.4543838Z [DEBUG] Sending request to gemini-2.0-flash. Number of parts: 1
2026-01-19T01:56:14.4545320Z [DEBUG] Received response (Length: 127)
2026-01-19T01:56:14.4546887Z   🔍 [Worker 0] Visiting (3): https://courses.rahulshettyacademy.com/courses/selenium-webdriver-interview-questions-tutorial-1/lectures/43707818
2026-01-19T01:56:14.6901317Z [DEBUG] Received response (Length: 304)
2026-01-19T01:56:14.6903239Z   🔍 [Worker 2] Visiting (3): https://courses.rahulshettyacademy.com/courses/selenium-webdriver-interview-questions-tutorial-1/lectures/10065491
2026-01-19T01:56:14.7861447Z [DEBUG] Received response (Length: 360)
2026-01-19T01:56:14.7863267Z   🔍 [Worker 1] Visiting (3): https://courses.rahulshettyacademy.com/courses/selenium-webdriver-interview-questions-tutorial-1/lectures/24862179
2026-01-19T01:56:19.7902922Z [DEBUG] Sending request to gemini-2.0-flash. Number of parts: 1
2026-01-19T01:56:19.7904070Z [DEBUG] Sending request to gemini-2.0-flash. Number of parts: 1
2026-01-19T01:56:19.7905113Z [DEBUG] Sending request to gemini-2.0-flash. Number of parts: 1
2026-01-19T01:56:19.7905994Z [DEBUG] Received response (Length: 378)
2026-01-19T01:56:19.7911702Z   🔍 [Worker 2] Visiting (3): https://courses.rahulshettyacademy.com/courses/selenium-webdriver-interview-questions-tutorial-1/lectures/52052036
2026-01-19T01:56:19.9974237Z [DEBUG] Received response (Length: 472)
2026-01-19T01:56:19.9975512Z   🔍 [Worker 1] Visiting (3): https://courses.rahulshettyacademy.com/p/terms
2026-01-19T01:56:20.6659666Z [DEBUG] Received response (Length: 486)
2026-01-19T01:56:20.6666194Z   🔍 [Worker 0] Visiting (3): https://courses.rahulshettyacademy.com/courses/selenium-webdriver-interview-questions-tutorial-1/lectures/52052039
2026-01-19T01:56:24.6097252Z [DEBUG] Sending request to gemini-2.0-flash. Number of parts: 1
2026-01-19T01:56:24.6098202Z [DEBUG] Sending request to gemini-2.0-flash. Number of parts: 1
2026-01-19T01:56:24.6101221Z [DEBUG] Sending request to gemini-2.0-flash. Number of parts: 1
2026-01-19T01:56:24.6101839Z [DEBUG] Received response (Length: 290)
2026-01-19T01:56:24.6114542Z   🔍 [Worker 2] Visiting (3): https://courses.rahulshettyacademy.com/courses/selenium-webdriver-interview-questions-tutorial-1/lectures/24862217
2026-01-19T01:56:24.6416748Z [DEBUG] Received response (Length: 338)
2026-01-19T01:56:24.6432829Z   🔍 [Worker 0] Visiting (3): https://courses.rahulshettyacademy.com/courses/selenium-webdriver-interview-questions-tutorial-1/lectures/9679216
2026-01-19T01:56:24.8171961Z [DEBUG] Received response (Length: 455)
2026-01-19T01:56:24.8174261Z   🔍 [Worker 1] Visiting (3): https://courses.rahulshettyacademy.com/courses/selenium-webdriver-interview-questions-tutorial-1/lectures/48716296
2026-01-19T01:56:29.7369322Z [DEBUG] Sending request to gemini-2.0-flash. Number of parts: 1
2026-01-19T01:56:29.7370593Z [DEBUG] Sending request to gemini-2.0-flash. Number of parts: 1
2026-01-19T01:56:29.7373439Z [DEBUG] Sending request to gemini-2.0-flash. Number of parts: 1
2026-01-19T01:56:29.7374069Z [DEBUG] Received response (Length: 392)
2026-01-19T01:56:29.7375613Z   🔍 [Worker 1] Visiting (3): https://courses.rahulshettyacademy.com/courses/selenium-webdriver-interview-questions-tutorial-1/lectures/43708873
2026-01-19T01:56:29.8923658Z [DEBUG] Received response (Length: 339)
2026-01-19T01:56:29.8924546Z [DEBUG] Received response (Length: 389)
2026-01-19T01:56:29.8927432Z   🔍 [Worker 0] Visiting (3): https://courses.rahulshettyacademy.com/courses/selenium-webdriver-interview-questions-tutorial-1/lectures/43581712
2026-01-19T01:56:29.9013478Z   🔍 [Worker 2] Visiting (3): https://courses.rahulshettyacademy.com/courses/selenium-webdriver-interview-questions-tutorial-1/lectures/24844561
2026-01-19T01:56:31.8697207Z [CACHE HIT] 881553a8... (hits: 1, misses: 43)
2026-01-19T01:56:31.8698960Z   🔍 [Worker 0] Visiting (3): https://courses.rahulshettyacademy.com/courses/selenium-webdriver-interview-questions-tutorial-1/lectures/12037621
2026-01-19T01:56:34.7524914Z [DEBUG] Sending request to gemini-2.0-flash. Number of parts: 1
2026-01-19T01:56:34.7533600Z [DEBUG] Sending request to gemini-2.0-flash. Number of parts: 1
2026-01-19T01:56:34.7534695Z [DEBUG] Sending request to gemini-2.0-flash. Number of parts: 1
2026-01-19T01:56:34.7535545Z [DEBUG] Received response (Length: 418)
2026-01-19T01:56:34.7537368Z   🔍 [Worker 2] Visiting (3): https://courses.rahulshettyacademy.com/courses/selenium-webdriver-interview-questions-tutorial-1/lectures/32527684
2026-01-19T01:56:34.7841929Z [DEBUG] Received response (Length: 396)
2026-01-19T01:56:34.7846252Z   🔍 [Worker 1] Visiting (3): https://courses.rahulshettyacademy.com/courses/selenium-webdriver-interview-questions-tutorial-1/lectures/9679118
2026-01-19T01:56:34.9619313Z [DEBUG] Received response (Length: 322)
2026-01-19T01:56:34.9624876Z   🔍 [Worker 0] Visiting (3): https://courses.rahulshettyacademy.com/courses/selenium-webdriver-interview-questions-tutorial-1/lectures/43708520
2026-01-19T01:56:39.7374643Z [DEBUG] Sending request to gemini-2.0-flash. Number of parts: 1
2026-01-19T01:56:39.7379843Z [DEBUG] Sending request to gemini-2.0-flash. Number of parts: 1
2026-01-19T01:56:39.7382022Z [DEBUG] Sending request to gemini-2.0-flash. Number of parts: 1
2026-01-19T01:56:39.7384626Z [DEBUG] Received response (Length: 341)
2026-01-19T01:56:39.7386351Z [DEBUG] Received response (Length: 315)
2026-01-19T01:56:39.7390261Z   🔍 [Worker 2] Visiting (3): https://courses.rahulshettyacademy.com/courses/selenium-webdriver-interview-questions-tutorial-1/lectures/9679139
2026-01-19T01:56:39.7477963Z   🔍 [Worker 1] Visiting (3): https://courses.rahulshettyacademy.com/courses/selenium-webdriver-interview-questions-tutorial-1/lectures/9646122
2026-01-19T01:56:39.8196673Z [DEBUG] Received response (Length: 277)
2026-01-19T01:56:39.8199422Z   🔍 [Worker 0] Visiting (3): https://courses.rahulshettyacademy.com/courses/selenium-webdriver-interview-questions-tutorial-1/lectures/12038685
2026-01-19T01:56:44.8439806Z [DEBUG] Sending request to gemini-2.0-flash. Number of parts: 1
2026-01-19T01:56:44.8445156Z [DEBUG] Sending request to gemini-2.0-flash. Number of parts: 1
2026-01-19T01:56:44.8446981Z [DEBUG] Sending request to gemini-2.0-flash. Number of parts: 1
2026-01-19T01:56:44.8447794Z [DEBUG] Received response (Length: 367)
2026-01-19T01:56:44.8448774Z [DEBUG] Received response (Length: 341)
2026-01-19T01:56:44.8449330Z [DEBUG] Received response (Length: 315)
2026-01-19T01:56:44.8450643Z ✅ Discovery Complete. Mapped 51 pages.
2026-01-19T01:56:55.7433572Z 
2026-01-19T01:56:55.7434338Z [PLAN] PLANNER: Planning goal -> 'Search and add items to cart' (Deep Mode: True)
2026-01-19T01:56:55.7435066Z 🗺️ [PLAN] Loaded Sitemap with 51 pages.
2026-01-19T01:56:55.7435787Z 🎭 [EXPERT] Detected Domain: ECOMMERCE. Persona: Act as a Senior SDET focusing on e-commerce flow automation and conversion funnel reliability
2026-01-19T01:56:55.7436479Z [DEBUG] Sending request to gemini-2.0-flash. Number of parts: 1
2026-01-19T01:56:55.7436836Z [DEBUG] Received response (Length: 5101)
2026-01-19T01:56:55.7437189Z ✅ Planner generated 3 scenarios. Workflow updated.
2026-01-19T01:56:56.7697219Z 
2026-01-19T01:56:56.7698191Z 🕵️ [DEEP EXPLORER] Starting Multi-Scenario Exploration
2026-01-19T01:56:56.7699041Z 📋 Found 3 scenarios to explore.
2026-01-19T01:56:57.1363344Z 
2026-01-19T01:56:57.1363872Z [1/3] Exploring Scenario: Search and Add Items to Cart
2026-01-19T01:56:57.1365038Z     🧠 Initialized exploration context for goal: 'Search and add items to cart'
2026-01-19T01:56:57.1365844Z   ▶️ [STEP step_1] NAVIGATE: 
2026-01-19T01:56:59.5786972Z     ✅ Navigated to https://rahulshettyacademy.com/seleniumPractise/
2026-01-19T01:56:59.5787491Z   ▶️ [STEP step_2] ASSERT_URL: 
2026-01-19T01:57:04.6122174Z     ⚠️ Scroll into view failed for text=None. Proceeding anyway.
2026-01-19T01:57:06.6145918Z     ✅ State transitioned.
2026-01-19T01:57:08.7549384Z [DEBUG] Sending request to gemini-2.0-flash. Number of parts: 2
2026-01-19T01:57:08.7549973Z [DEBUG] Received response (Length: 308)
2026-01-19T01:57:08.7550937Z     🤖 AI Next Step Suggestion: fill -> Search for Vegetables and Fruits
2026-01-19T01:57:08.7551370Z     🧩 Suggested Locator: input
2026-01-19T01:57:08.7552185Z     💭 Reasoning: The goal is to search and add items to the cart. The first step is to search for an item. Filling the search bar with 'Brocolli' will allow us to find and add it to the cart.
2026-01-19T01:57:08.7553330Z     ➕ Injected AI step: fill -> Search for Vegetables and Fruits
2026-01-19T01:57:08.7553790Z   ▶️ [STEP step_2_ai_1] FILL: Search for Vegetables and Fruits
2026-01-19T01:57:08.7619793Z     🎯 Using AI-provided locator: input
2026-01-19T01:57:08.7687465Z     ✅ Found 1 verified locators
2026-01-19T01:57:14.3334614Z     ✅ State transitioned.
2026-01-19T01:57:15.8486917Z [DEBUG] Sending request to gemini-2.0-flash. Number of parts: 2
2026-01-19T01:57:15.8487841Z [DEBUG] Received response (Length: 232)
2026-01-19T01:57:15.8488833Z     🤖 AI Next Step Suggestion: click -> ADD TO CART
2026-01-19T01:57:15.8489680Z     🧩 Suggested Locator: button:nth-of-type(14)
2026-01-19T01:57:15.8491291Z     💭 Reasoning: The goal is to add items to the cart. After searching, the next logical step is to add the first available item to the cart.
2026-01-19T01:57:15.8493134Z     ➕ Injected AI step: click -> ADD TO CART
2026-01-19T01:57:15.8493889Z   ▶️ [STEP step_2_ai_2] CLICK: ADD TO CART
2026-01-19T01:57:15.8550892Z     🎯 Using AI-provided locator: button:nth-of-type(14)
2026-01-19T01:57:15.8575448Z     🔍 Mining locators for: 'ADD TO CART'
2026-01-19T01:57:15.9103095Z     ✅ Found 2 verified locators
2026-01-19T01:57:19.4888723Z     ✅ State transitioned.
2026-01-19T01:57:21.0179626Z [DEBUG] Sending request to gemini-2.0-flash. Number of parts: 2
2026-01-19T01:57:21.0180217Z [DEBUG] Received response (Length: 184)
2026-01-19T01:57:21.0181015Z     🤖 AI Next Step Suggestion: click -> PROCEED TO CHECKOUT
2026-01-19T01:57:21.0181401Z     🧩 Suggested Locator: button
2026-01-19T01:57:21.0181900Z     💭 Reasoning: An item has been added to the cart. Proceeding to checkout is the next logical step.
2026-01-19T01:57:21.0182601Z     ➕ Injected AI step: click -> PROCEED TO CHECKOUT
2026-01-19T01:57:21.0183048Z   ▶️ [STEP step_2_ai_3] CLICK: PROCEED TO CHECKOUT
2026-01-19T01:57:21.0238159Z     🎯 Using AI-provided locator: button
2026-01-19T01:57:21.0296621Z     ✅ Found 1 verified locators
2026-01-19T01:57:25.0780604Z     ✅ State transitioned.
2026-01-19T01:57:26.5021120Z [DEBUG] Sending request to gemini-2.0-flash. Number of parts: 2
2026-01-19T01:57:26.5021943Z [DEBUG] Received response (Length: 254)
2026-01-19T01:57:26.5023153Z     🤖 AI Next Step Suggestion: click -> ADD TO CART
2026-01-19T01:57:26.5024051Z     🧩 Suggested Locator: button:nth-of-type(1)
2026-01-19T01:57:26.5025815Z     💭 Reasoning: The goal is to add items to the cart. The 'ADD TO CART' button is visible and available for the first item in the list (Brocolli).
2026-01-19T01:57:26.5027414Z     ➕ Injected AI step: click -> ADD TO CART
2026-01-19T01:57:26.5029556Z   ▶️ [STEP step_2_ai_4] CLICK: ADD TO CART
2026-01-19T01:57:26.5083083Z     🎯 Using AI-provided locator: button:nth-of-type(1)
2026-01-19T01:57:26.5140943Z     ✅ Found 1 verified locators
2026-01-19T01:57:30.5791471Z     ✅ State transitioned.
2026-01-19T01:57:30.5850017Z     🔄 Revisited state detected (count: 1)
2026-01-19T01:57:32.2486238Z [DEBUG] Sending request to gemini-2.0-flash. Number of parts: 2
2026-01-19T01:57:32.2487049Z [DEBUG] Received response (Length: 238)
2026-01-19T01:57:32.2487745Z     🤖 AI Next Step Suggestion: click -> ADD TO CART
2026-01-19T01:57:32.2488272Z     🧩 Suggested Locator: button:nth-of-type(12)
2026-01-19T01:57:32.2489224Z     💭 Reasoning: The goal is to add items to the cart. The 'ADD TO CART' button is visible and available for the first item in the list (Brocolli).
2026-01-19T01:57:32.2490249Z ⚠️ Loop detected: same AI suggestion repeated 2 times. Moving to next step.
2026-01-19T01:57:32.2490791Z   ▶️ [STEP step_3] FILL: Search
2026-01-19T01:57:32.2547149Z     🔍 Mining locators for: 'Search'
2026-01-19T01:57:32.3161601Z     ✅ Found 2 verified locators
2026-01-19T01:57:38.3700430Z     ⚠️ Action failed: Locator.click: Timeout 5000ms exceeded.
2026-01-19T01:57:38.3701015Z Call log:
2026-01-19T01:57:38.3718765Z ...
2026-01-19T01:57:39.5214773Z [DEBUG] Sending request to gemini-2.0-flash. Number of parts: 2
2026-01-19T01:57:39.5215475Z [DEBUG] Received response (Length: 181)
2026-01-19T01:57:39.5217063Z     ✨ AI Heal Reasoning: The input field with type 'search' is the most likely element to be used for searching items on the page.
2026-01-19T01:57:39.5218597Z     ✨ AI healed exploration action! New selector: input[type='search']
2026-01-19T01:57:45.3216344Z   ▶️ [STEP step_4] WAIT_FOR_ELEMENT: Cucumber - 1 Kg
2026-01-19T01:57:45.3274353Z     🔍 Mining locators for: 'Cucumber - 1 Kg'
2026-01-19T01:57:45.3700576Z     ✅ Found 1 verified locators
2026-01-19T01:57:47.9006975Z     ✅ State transitioned.
2026-01-19T01:57:49.3529386Z [DEBUG] Sending request to gemini-2.0-flash. Number of parts: 2
2026-01-19T01:57:49.3530191Z [DEBUG] Received response (Length: 278)
2026-01-19T01:57:49.3531384Z     🤖 AI Next Step Suggestion: fill -> Search for Vegetables and Fruits
2026-01-19T01:57:49.3532951Z     🧩 Suggested Locator: input[placeholder='Search for Vegetables and Fruits']
2026-01-19T01:57:49.3534781Z     💭 Reasoning: The previous attempt to search failed. Retrying the search for 'Cucumber' to add it to the cart.
2026-01-19T01:57:49.3536332Z     ➕ Injected AI step: fill -> Search for Vegetables and Fruits
2026-01-19T01:57:49.3537718Z   ▶️ [STEP step_4_ai_1] FILL: Search for Vegetables and Fruits
2026-01-19T01:57:49.3592867Z     🎯 Using AI-provided locator: input[placeholder='Search for Vegetables and Fruits']
2026-01-19T01:57:49.3652300Z     ✅ Found 1 verified locators
2026-01-19T01:57:55.5916676Z     ✅ State transitioned.
2026-01-19T01:57:55.5968862Z     🔄 Revisited state detected (count: 1)
2026-01-19T01:57:57.0399562Z [DEBUG] Sending request to gemini-2.0-flash. Number of parts: 2
2026-01-19T01:57:57.0400452Z [DEBUG] Received response (Length: 298)
2026-01-19T01:57:57.0401270Z     🤖 AI Next Step Suggestion: fill -> Search for Vegetables and Fruits
2026-01-19T01:57:57.0401949Z     🧩 Suggested Locator: input[placeholder='Search for Vegetables and Fruits']
2026-01-19T01:57:57.0403399Z     💭 Reasoning: The previous attempt to fill the search bar failed. I will try again to search for 'Cucumber' to add it to the cart.
2026-01-19T01:57:57.0404283Z ⚠️ Loop detected: same AI suggestion repeated 2 times. Moving to next step.
2026-01-19T01:57:57.0404858Z   ▶️ [STEP step_5] ASSERT_VISIBLE: Cucumber - 1 Kg
2026-01-19T01:57:57.0459192Z     🔍 Mining locators for: 'Cucumber - 1 Kg'
2026-01-19T01:57:57.0869934Z     ✅ Found 1 verified locators
2026-01-19T01:57:59.6180205Z     ✅ State transitioned.
2026-01-19T01:57:59.6232004Z     🔄 Revisited state detected (count: 2)
2026-01-19T01:58:02.2816451Z [DEBUG] Sending request to gemini-2.0-flash. Number of parts: 2
2026-01-19T01:58:02.2817003Z [DEBUG] Received response (Length: 276)
2026-01-19T01:58:02.2817722Z     🤖 AI Next Step Suggestion: fill -> Search for Vegetables and Fruits
2026-01-19T01:58:02.2818148Z     🧩 Suggested Locator: input
2026-01-19T01:58:02.2818871Z     💭 Reasoning: The previous search failed, and the goal is to add items to the cart. Filling the search bar with a different item will help achieve the goal.
2026-01-19T01:58:02.2819649Z     ➕ Injected AI step: fill -> Search for Vegetables and Fruits
2026-01-19T01:58:02.2820094Z   ▶️ [STEP step_5_ai_1] FILL: Search for Vegetables and Fruits
2026-01-19T01:58:02.2875901Z     🎯 Using AI-provided locator: input
2026-01-19T01:58:02.2928771Z     ✅ Found 1 verified locators
2026-01-19T01:58:08.2508019Z     ✅ State transitioned.
2026-01-19T01:58:09.7042964Z [DEBUG] Sending request to gemini-2.0-flash. Number of parts: 2
2026-01-19T01:58:09.7043700Z [DEBUG] Received response (Length: 263)
2026-01-19T01:58:09.7044755Z     🤖 AI Next Step Suggestion: fill -> Search for Vegetables and Fruits
2026-01-19T01:58:09.7045574Z     🧩 Suggested Locator: input
2026-01-19T01:58:09.7047097Z     💭 Reasoning: The goal is to search and add items to the cart. The previous attempts to search failed. I will try again to search for cucumber.
2026-01-19T01:58:09.7048871Z ⚠️ Loop detected: same AI suggestion repeated 2 times. Moving to next step.
2026-01-19T01:58:09.7049830Z   ▶️ [STEP step_6] CLICK: ADD TO CART
2026-01-19T01:58:09.7103099Z     🔍 Mining locators for: 'ADD TO CART'
2026-01-19T01:58:09.7603874Z     ✅ Found 2 verified locators
2026-01-19T01:58:13.3120544Z     ✅ State transitioned.
2026-01-19T01:58:14.6487017Z [DEBUG] Sending request to gemini-2.0-flash. Number of parts: 2
2026-01-19T01:58:14.6487705Z [DEBUG] Received response (Length: 252)
2026-01-19T01:58:14.6488659Z     🤖 AI Next Step Suggestion: fill -> Search for Vegetables and Fruits
2026-01-19T01:58:14.6489333Z     🧩 Suggested Locator: input
2026-01-19T01:58:14.6489965Z     💭 Reasoning: The goal is to search and add items to cart. The previous search failed, so we are retrying the search for 'Cucumber'.
2026-01-19T01:58:14.6490635Z     ➕ Injected AI step: fill -> Search for Vegetables and Fruits
2026-01-19T01:58:14.6491085Z   ▶️ [STEP step_6_ai_1] FILL: Search for Vegetables and Fruits
2026-01-19T01:58:14.6544398Z     🎯 Using AI-provided locator: input
2026-01-19T01:58:14.6597389Z     ✅ Found 1 verified locators
2026-01-19T01:58:20.3456017Z     ✅ State transitioned.
2026-01-19T01:58:21.9728731Z [DEBUG] Sending request to gemini-2.0-flash. Number of parts: 2
2026-01-19T01:58:21.9729671Z [DEBUG] Received response (Length: 229)
2026-01-19T01:58:21.9731136Z     🤖 AI Next Step Suggestion: click -> ADD TO CART
2026-01-19T01:58:21.9732184Z     🧩 Suggested Locator: button:nth-of-type(1)
2026-01-19T01:58:21.9734442Z     💭 Reasoning: After searching, the next logical step is to add the displayed item to the cart. There is an 'ADD TO CART' button visible.
2026-01-19T01:58:21.9735907Z     ➕ Injected AI step: click -> ADD TO CART
2026-01-19T01:58:21.9736607Z   ▶️ [STEP step_6_ai_2] CLICK: ADD TO CART
2026-01-19T01:58:21.9789973Z     🎯 Using AI-provided locator: button:nth-of-type(1)
2026-01-19T01:58:21.9842991Z     ✅ Found 1 verified locators
2026-01-19T01:58:26.0419895Z     ✅ State transitioned.
2026-01-19T01:58:27.3952697Z [DEBUG] Sending request to gemini-2.0-flash. Number of parts: 2
2026-01-19T01:58:27.3953296Z [DEBUG] Received response (Length: 266)
2026-01-19T01:58:27.3954112Z     🤖 AI Next Step Suggestion: fill -> Search for Vegetables and Fruits
2026-01-19T01:58:27.3954832Z     🧩 Suggested Locator: input[placeholder='Search for Vegetables and Fruits']
2026-01-19T01:58:27.3955610Z     💭 Reasoning: Need to search for a new item to add to the cart. Brocolli is available on the page.
2026-01-19T01:58:27.3956317Z     ➕ Injected AI step: fill -> Search for Vegetables and Fruits
2026-01-19T01:58:27.3956804Z   ▶️ [STEP step_6_ai_3] FILL: Search for Vegetables and Fruits
2026-01-19T01:58:27.4010957Z     🎯 Using AI-provided locator: input[placeholder='Search for Vegetables and Fruits']
2026-01-19T01:58:27.4063930Z     ✅ Found 1 verified locators
2026-01-19T01:58:33.1608206Z     ✅ State transitioned.
2026-01-19T01:58:34.5019439Z [DEBUG] Sending request to gemini-2.0-flash. Number of parts: 2
2026-01-19T01:58:34.5020040Z [DEBUG] Received response (Length: 327)
2026-01-19T01:58:34.5020957Z     🤖 AI Next Step Suggestion: fill -> Search for Vegetables and Fruits
2026-01-19T01:58:34.5021540Z     🧩 Suggested Locator: input[placeholder='Search for Vegetables and Fruits']
2026-01-19T01:58:34.5022364Z     💭 Reasoning: The last action was filling the search bar, and the goal is to search and add items to cart. Let's try filling the search bar again.
2026-01-19T01:58:34.5023389Z ⚠️ Loop detected: same AI suggestion repeated 2 times. Moving to next step.
2026-01-19T01:58:34.5023790Z   ▶️ [STEP step_7] FILL: Search
2026-01-19T01:58:34.5080170Z     🔍 Mining locators for: 'Search'
2026-01-19T01:58:34.6111013Z     ✅ Found 2 verified locators
2026-01-19T01:58:40.6321122Z     ⚠️ Action failed: Locator.click: Timeout 5000ms exceeded.
2026-01-19T01:58:40.6321498Z Call log:
2026-01-19T01:58:40.6321663Z ...
2026-01-19T01:58:41.8028930Z [DEBUG] Sending request to gemini-2.0-flash. Number of parts: 2
2026-01-19T01:58:41.8029639Z [DEBUG] Received response (Length: 185)
2026-01-19T01:58:41.8031414Z     ✨ AI Heal Reasoning: The element is an input field, which is suitable for filling in search queries. It is also visible on the page.
2026-01-19T01:58:41.8033282Z     ✨ AI healed exploration action! New selector: input[type='text']
2026-01-19T01:58:48.2200083Z   ▶️ [STEP step_8] WAIT_FOR_ELEMENT: Brocolli - 1 Kg
2026-01-19T01:58:48.2258095Z     🔍 Mining locators for: 'Brocolli - 1 Kg'
2026-01-19T01:58:48.2945647Z     ✅ Found 1 verified locators
2026-01-19T01:58:50.8154727Z     ✅ State transitioned.
2026-01-19T01:58:52.5643138Z [DEBUG] Sending request to gemini-2.0-flash. Number of parts: 2
2026-01-19T01:58:52.5643697Z [DEBUG] Received response (Length: 287)
2026-01-19T01:58:52.5644442Z     🤖 AI Next Step Suggestion: fill -> Search for Vegetables and Fruits
2026-01-19T01:58:52.5644911Z     🧩 Suggested Locator: input
2026-01-19T01:58:52.5645765Z     💭 Reasoning: The previous search for 'Brocolli' was successful in adding the item to the cart. Now, let's search for 'Cauliflower' to add another item to the cart.
2026-01-19T01:58:52.5646923Z     ➕ Injected AI step: fill -> Search for Vegetables and Fruits
2026-01-19T01:58:52.5647423Z   ▶️ [STEP step_8_ai_1] FILL: Search for Vegetables and Fruits
2026-01-19T01:58:52.5705495Z     🎯 Using AI-provided locator: input
2026-01-19T01:58:52.5764261Z     ✅ Found 1 verified locators
2026-01-19T01:58:59.2054273Z     ✅ State transitioned.
2026-01-19T01:59:00.7733983Z [DEBUG] Sending request to gemini-2.0-flash. Number of parts: 2
2026-01-19T01:59:00.7735669Z [DEBUG] Received response (Length: 328)
2026-01-19T01:59:00.7737245Z     🤖 AI Next Step Suggestion: fill -> Search for Vegetables and Fruits
2026-01-19T01:59:00.7738457Z     🧩 Suggested Locator: input[placeholder='Search for Vegetables and Fruits']
2026-01-19T01:59:00.7739631Z     💭 Reasoning: The goal is to search and add items to the cart. The last action was filling the search bar, but it failed. I will try again with a specific item.
2026-01-19T01:59:00.7740682Z ⚠️ Loop detected: same AI suggestion repeated 2 times. Moving to next step.
2026-01-19T01:59:00.7741277Z   ▶️ [STEP step_9] ASSERT_VISIBLE: Brocolli - 1 Kg
2026-01-19T01:59:00.7796145Z     🔍 Mining locators for: 'Brocolli - 1 Kg'
2026-01-19T01:59:00.8379595Z     ✅ Found 1 verified locators
2026-01-19T01:59:03.3651100Z     ✅ State transitioned.
2026-01-19T01:59:05.5533478Z [DEBUG] Sending request to gemini-2.0-flash. Number of parts: 2
2026-01-19T01:59:05.5534249Z [DEBUG] Received response (Length: 273)
2026-01-19T01:59:05.5535061Z     🤖 AI Next Step Suggestion: click -> ADD TO CART
2026-01-19T01:59:05.5535812Z     🧩 Suggested Locator: button:nth-of-type(1)
2026-01-19T01:59:05.5537736Z     💭 Reasoning: The goal is to add items to the cart. The first available item, 'Cauliflower - 1 Kg', has an 'ADD TO CART' button. Clicking this button will add the item to the cart.
2026-01-19T01:59:05.5539465Z     ➕ Injected AI step: click -> ADD TO CART
2026-01-19T01:59:05.5540158Z   ▶️ [STEP step_9_ai_1] CLICK: ADD TO CART
2026-01-19T01:59:05.5594359Z     🎯 Using AI-provided locator: button:nth-of-type(1)
2026-01-19T01:59:05.5651286Z     ✅ Found 1 verified locators
2026-01-19T01:59:09.6282212Z     ✅ State transitioned.
2026-01-19T01:59:09.6340672Z     🔄 Revisited state detected (count: 1)
2026-01-19T01:59:11.0607404Z [DEBUG] Sending request to gemini-2.0-flash. Number of parts: 2
2026-01-19T01:59:11.0608166Z [DEBUG] Received response (Length: 353)
2026-01-19T01:59:11.0609198Z     🤖 AI Next Step Suggestion: fill -> Search for Vegetables and Fruits
2026-01-19T01:59:11.0610424Z     🧩 Suggested Locator: input[placeholder='Search for Vegetables and Fruits']
2026-01-19T01:59:11.0612965Z     💭 Reasoning: The goal is to search and add items to the cart. The previous search failed, so we will try searching for a different item, 'Cauliflower', which is visible on the page.
2026-01-19T01:59:11.0614913Z     ➕ Injected AI step: fill -> Search for Vegetables and Fruits
2026-01-19T01:59:11.0615926Z   ▶️ [STEP step_9_ai_2] FILL: Search for Vegetables and Fruits
2026-01-19T01:59:11.0668737Z     🎯 Using AI-provided locator: input[placeholder='Search for Vegetables and Fruits']
2026-01-19T01:59:11.0728042Z     ✅ Found 1 verified locators
2026-01-19T01:59:16.8158391Z     ✅ State transitioned.
2026-01-19T01:59:16.8212731Z     🔄 Revisited state detected (count: 2)
2026-01-19T01:59:18.1676944Z [DEBUG] Sending request to gemini-2.0-flash. Number of parts: 2
2026-01-19T01:59:18.1677610Z [DEBUG] Received response (Length: 240)
2026-01-19T01:59:18.1678501Z     🤖 AI Next Step Suggestion: click -> ADD TO CART
2026-01-19T01:59:18.1679354Z     🧩 Suggested Locator: button:nth-of-type(1)
2026-01-19T01:59:18.1681032Z     💭 Reasoning: The goal is to add items to the cart. 'ADD TO CART' button is visible for Cauliflower, so clicking it will progress towards the goal.
2026-01-19T01:59:18.1682821Z     ➕ Injected AI step: click -> ADD TO CART
2026-01-19T01:59:18.1683515Z   ▶️ [STEP step_9_ai_3] CLICK: ADD TO CART
2026-01-19T01:59:18.1740314Z     🎯 Using AI-provided locator: button:nth-of-type(1)
2026-01-19T01:59:18.1796836Z     ✅ Found 1 verified locators
2026-01-19T01:59:22.2392317Z     ✅ State transitioned.
2026-01-19T01:59:22.2445326Z     🔄 Revisited state detected (count: 3)
2026-01-19T01:59:22.2446390Z     ⚠️ Too many revisits (3). Stopping AI step injection to prevent loops.
2026-01-19T01:59:22.2446864Z   ▶️ [STEP step_10] CLICK: ADD TO CART
2026-01-19T01:59:22.2497839Z     🔍 Mining locators for: 'ADD TO CART'
2026-01-19T01:59:22.3036945Z     ✅ Found 2 verified locators
2026-01-19T01:59:25.8605503Z     ✅ State transitioned.
2026-01-19T01:59:27.6236356Z [DEBUG] Sending request to gemini-2.0-flash. Number of parts: 2
2026-01-19T01:59:27.6238845Z [DEBUG] Received response (Length: 350)
2026-01-19T01:59:27.6239831Z     🤖 AI Next Step Suggestion: fill -> Search for Vegetables and Fruits
2026-01-19T01:59:27.6240532Z     🧩 Suggested Locator: input
2026-01-19T01:59:27.6242295Z     💭 Reasoning: The goal is to search and add items to the cart. The last action was adding an item to the cart. Now, I need to search for a new item. Filling the search bar with 'Beans' will allow me to find and add beans to the cart.
2026-01-19T01:59:27.6244276Z     ➕ Injected AI step: fill -> Search for Vegetables and Fruits
2026-01-19T01:59:27.6245047Z   ▶️ [STEP step_10_ai_1] FILL: Search for Vegetables and Fruits
2026-01-19T01:59:27.6299563Z     🎯 Using AI-provided locator: input
2026-01-19T01:59:27.6354438Z     ✅ Found 1 verified locators
2026-01-19T01:59:33.2669822Z     ✅ State transitioned.
2026-01-19T01:59:34.9923996Z [DEBUG] Sending request to gemini-2.0-flash. Number of parts: 2
2026-01-19T01:59:34.9924717Z [DEBUG] Received response (Length: 321)
2026-01-19T01:59:34.9925692Z     🤖 AI Next Step Suggestion: fill -> Search for Vegetables and Fruits
2026-01-19T01:59:34.9926783Z     🧩 Suggested Locator: input[placeholder='Search for Vegetables and Fruits']
2026-01-19T01:59:34.9928308Z     💭 Reasoning: The goal is to search and add items to cart. The last action was adding brocolli to cart. Now, let's search for 'Beans' to add it to the cart.
2026-01-19T01:59:34.9929331Z ⚠️ Loop detected: same AI suggestion repeated 2 times. Moving to next step.
2026-01-19T01:59:34.9929830Z   ▶️ [STEP step_11] CLICK: Cart
2026-01-19T01:59:34.9980535Z     🔍 Mining locators for: 'Cart'
2026-01-19T01:59:35.0579038Z     ✅ Found 3 verified locators
2026-01-19T01:59:38.6103279Z     ✅ State transitioned.
2026-01-19T01:59:40.0920561Z [DEBUG] Sending request to gemini-2.0-flash. Number of parts: 2
2026-01-19T01:59:40.0921170Z [DEBUG] Received response (Length: 256)
2026-01-19T01:59:40.0921725Z     🤖 AI Next Step Suggestion: fill -> input
2026-01-19T01:59:40.0922838Z     💭 Reasoning: The goal is to search and add items to the cart. The previous attempts to search failed. I will try again to fill the search bar with 'Vegetables and Fruits'.
2026-01-19T01:59:40.0923597Z     ➕ Injected AI step: fill -> input
2026-01-19T01:59:40.0923902Z   ▶️ [STEP step_11_ai_1] FILL: input
2026-01-19T01:59:40.0983183Z     🔍 Mining locators for: 'input'
2026-01-19T01:59:40.1435031Z     🧠 Consulting AI (Vision-First) to find 'input'...
2026-01-19T01:59:40.1445072Z     🔍 Trying smart selectors for 'input'...
2026-01-19T01:59:40.1594169Z     ✅ Smart selector found 'input' via id (confidence: 0.85)
2026-01-19T01:59:40.1633707Z     ✅ Found 1 verified locators
2026-01-19T01:59:48.2194637Z     ✅ State transitioned.
2026-01-19T01:59:49.6020142Z [DEBUG] Sending request to gemini-2.0-flash. Number of parts: 2
2026-01-19T01:59:49.6020851Z [DEBUG] Received response (Length: 168)
2026-01-19T01:59:49.6021687Z     🤖 AI Next Step Suggestion: done -> N/A
2026-01-19T01:59:49.6023486Z     💭 Reasoning: The page indicates that the order has been placed successfully and is redirecting back to the cart. The goal has been achieved.
2026-01-19T01:59:49.6025011Z   ▶️ [STEP step_12] ASSERT_VISIBLE: PROCEED TO CHECKOUT
2026-01-19T01:59:49.6080003Z     🔍 Mining locators for: 'PROCEED TO CHECKOUT'
2026-01-19T01:59:49.6719192Z     ✅ Found 2 verified locators
2026-01-19T01:59:52.1953741Z     ✅ State transitioned.
2026-01-19T01:59:52.2012192Z     🔄 Revisited state detected (count: 1)
2026-01-19T01:59:54.7538402Z [DEBUG] Sending request to gemini-2.0-flash. Number of parts: 2
2026-01-19T01:59:54.7539067Z [DEBUG] Received response (Length: 290)
2026-01-19T01:59:54.7540491Z     🤖 AI Next Step Suggestion: fill -> Search for Vegetables and Fruits
2026-01-19T01:59:54.7541158Z     🧩 Suggested Locator: input
2026-01-19T01:59:54.7542666Z     💭 Reasoning: The previous search yielded no results. Let's try a more specific search term ('Beans') to find a product to add to the cart. The input field is still visible.
2026-01-19T01:59:54.7544107Z     ➕ Injected AI step: fill -> Search for Vegetables and Fruits
2026-01-19T01:59:54.7544901Z   ▶️ [STEP step_12_ai_1] FILL: Search for Vegetables and Fruits
2026-01-19T01:59:54.7599318Z     🎯 Using AI-provided locator: input
2026-01-19T01:59:54.7655136Z     ✅ Found 1 verified locators
2026-01-19T02:00:00.2908634Z     ✅ State transitioned.
2026-01-19T02:00:01.9565224Z [DEBUG] Sending request to gemini-2.0-flash. Number of parts: 2
2026-01-19T02:00:01.9566088Z [DEBUG] Received response (Length: 454)
2026-01-19T02:00:01.9567319Z     🤖 AI Next Step Suggestion: fill -> Search for Vegetables and Fruits
2026-01-19T02:00:01.9568666Z     🧩 Suggested Locator: input[placeholder='Search for Vegetables and Fruits']
2026-01-19T02:00:01.9570842Z     💭 Reasoning: The goal is to search and add items to the cart. The last action was filling the search bar, but it was followed by navigation to the cart. Now, we need to search for an item to add to the cart. Filling the search bar with 'Beans' will help us find and add beans to the cart.
2026-01-19T02:00:01.9572763Z ⚠️ Loop detected: same AI suggestion repeated 2 times. Moving to next step.
2026-01-19T02:00:04.0118712Z 
2026-01-19T02:00:04.0119643Z [2/3] Exploring Scenario: Search and Add Multiple Quantities of an Item
2026-01-19T02:00:04.0120918Z     🧠 Initialized exploration context for goal: 'Search and add items to cart'
2026-01-19T02:00:04.0123306Z   ▶️ [STEP step_1] NAVIGATE: 
2026-01-19T02:00:06.4555139Z     ✅ Navigated to https://rahulshettyacademy.com/seleniumPractise/
2026-01-19T02:00:06.4555935Z   ▶️ [STEP step_2] ASSERT_URL: 
2026-01-19T02:00:11.4843969Z     ⚠️ Scroll into view failed for text=None. Proceeding anyway.
2026-01-19T02:00:13.4866678Z     ✅ State transitioned.
2026-01-19T02:00:13.5946282Z [CACHE HIT] 5276803a... (hits: 1, misses: 26)
2026-01-19T02:00:13.5947148Z     🤖 AI Next Step Suggestion: fill -> Search for Vegetables and Fruits
2026-01-19T02:00:13.5947575Z     🧩 Suggested Locator: input
2026-01-19T02:00:13.5948392Z     💭 Reasoning: The goal is to search and add items to the cart. The first step is to search for an item. Filling the search bar with 'Brocolli' will allow us to find and add it to the cart.
2026-01-19T02:00:13.5949232Z     ➕ Injected AI step: fill -> Search for Vegetables and Fruits
2026-01-19T02:00:13.5949691Z   ▶️ [STEP step_2_ai_1] FILL: Search for Vegetables and Fruits
2026-01-19T02:00:13.6000106Z     🎯 Using AI-provided locator: input
2026-01-19T02:00:13.6060881Z     ✅ Found 1 verified locators
2026-01-19T02:00:19.4982309Z     ✅ State transitioned.
2026-01-19T02:00:19.5414403Z [CACHE HIT] 873481d0... (hits: 2, misses: 26)
2026-01-19T02:00:19.5416999Z     🤖 AI Next Step Suggestion: click -> ADD TO CART
2026-01-19T02:00:19.5419194Z     🧩 Suggested Locator: button:nth-of-type(14)
2026-01-19T02:00:19.5420498Z     💭 Reasoning: The goal is to add items to the cart. After searching, the next logical step is to add the first available item to the cart.
2026-01-19T02:00:19.5421658Z     ➕ Injected AI step: click -> ADD TO CART
2026-01-19T02:00:19.5422232Z   ▶️ [STEP step_2_ai_2] CLICK: ADD TO CART
2026-01-19T02:00:19.5471792Z     🎯 Using AI-provided locator: button:nth-of-type(14)
2026-01-19T02:00:19.5491234Z     🔍 Mining locators for: 'ADD TO CART'
2026-01-19T02:00:19.6037006Z     ✅ Found 2 verified locators
2026-01-19T02:00:23.1808780Z     ✅ State transitioned.
2026-01-19T02:00:23.2253321Z [CACHE HIT] b05ddb94... (hits: 3, misses: 26)
2026-01-19T02:00:23.2254515Z     🤖 AI Next Step Suggestion: click -> PROCEED TO CHECKOUT
2026-01-19T02:00:23.2255736Z     🧩 Suggested Locator: button
2026-01-19T02:00:23.2256731Z     💭 Reasoning: An item has been added to the cart. Proceeding to checkout is the next logical step.
2026-01-19T02:00:23.2257286Z     ➕ Injected AI step: click -> PROCEED TO CHECKOUT
2026-01-19T02:00:23.2257661Z   ▶️ [STEP step_2_ai_3] CLICK: PROCEED TO CHECKOUT
2026-01-19T02:00:23.2304852Z     🎯 Using AI-provided locator: button
2026-01-19T02:00:23.2359389Z     ✅ Found 1 verified locators
2026-01-19T02:00:27.2867879Z     ✅ State transitioned.
2026-01-19T02:00:27.3418874Z [CACHE HIT] a6443a7f... (hits: 4, misses: 26)
2026-01-19T02:00:27.3419583Z     🤖 AI Next Step Suggestion: click -> ADD TO CART
2026-01-19T02:00:27.3420050Z     🧩 Suggested Locator: button:nth-of-type(1)
2026-01-19T02:00:27.3420748Z     💭 Reasoning: The goal is to add items to the cart. The 'ADD TO CART' button is visible and available for the first item in the list (Brocolli).
2026-01-19T02:00:27.3421426Z     ➕ Injected AI step: click -> ADD TO CART
2026-01-19T02:00:27.3421741Z   ▶️ [STEP step_2_ai_4] CLICK: ADD TO CART
2026-01-19T02:00:27.3469760Z     🎯 Using AI-provided locator: button:nth-of-type(1)
2026-01-19T02:00:27.3524545Z     ✅ Found 1 verified locators
2026-01-19T02:00:31.4014478Z     ✅ State transitioned.
2026-01-19T02:00:31.4067409Z     🔄 Revisited state detected (count: 1)
2026-01-19T02:00:31.4417432Z [CACHE HIT] 7dc50893... (hits: 5, misses: 26)
2026-01-19T02:00:31.4418536Z     🤖 AI Next Step Suggestion: click -> ADD TO CART
2026-01-19T02:00:31.4419262Z     🧩 Suggested Locator: button:nth-of-type(12)
2026-01-19T02:00:31.4420594Z     💭 Reasoning: The goal is to add items to the cart. The 'ADD TO CART' button is visible and available for the first item in the list (Brocolli).
2026-01-19T02:00:31.4421968Z ⚠️ Loop detected: same AI suggestion repeated 2 times. Moving to next step.
2026-01-19T02:00:31.4422958Z   ▶️ [STEP step_3] FILL: Search
2026-01-19T02:00:31.4471355Z     🔍 Mining locators for: 'Search'
2026-01-19T02:00:31.5060584Z     ✅ Found 2 verified locators
2026-01-19T02:00:37.5285435Z     ⚠️ Action failed: Locator.click: Timeout 5000ms exceeded.
2026-01-19T02:00:37.5286090Z Call log:
2026-01-19T02:00:37.5286456Z ...
2026-01-19T02:00:37.5754183Z [CACHE HIT] 9731edea... (hits: 6, misses: 26)
2026-01-19T02:00:37.5755689Z     ✨ AI Heal Reasoning: The input field with type 'search' is the most likely element to be used for searching items on the page.
2026-01-19T02:00:37.5757010Z     ✨ AI healed exploration action! New selector: input[type='search']
2026-01-19T02:00:43.7438994Z   ▶️ [STEP step_4] WAIT_FOR_ELEMENT: Beetroot - 1 Kg
2026-01-19T02:00:43.7497409Z     🔍 Mining locators for: 'Beetroot - 1 Kg'
2026-01-19T02:00:43.7960556Z     ✅ Found 1 verified locators
2026-01-19T02:00:46.3275724Z     ✅ State transitioned.
2026-01-19T02:00:48.4847674Z [DEBUG] Sending request to gemini-2.0-flash. Number of parts: 2
2026-01-19T02:00:48.4848395Z [DEBUG] Received response (Length: 366)
2026-01-19T02:00:48.4849335Z     🤖 AI Next Step Suggestion: fill -> Search for Vegetables and Fruits
2026-01-19T02:00:48.4850282Z     🧩 Suggested Locator: input[placeholder='Search for Vegetables and Fruits']
2026-01-19T02:00:48.4851941Z     💭 Reasoning: The last attempt to search failed. We should try again to search for an item to add to the cart. Since the previous search was unsuccessful, we will try searching for 'Beetroot' again.
2026-01-19T02:00:48.4853176Z     ➕ Injected AI step: fill -> Search for Vegetables and Fruits
2026-01-19T02:00:48.4853672Z   ▶️ [STEP step_4_ai_1] FILL: Search for Vegetables and Fruits
2026-01-19T02:00:48.4903680Z     🎯 Using AI-provided locator: input[placeholder='Search for Vegetables and Fruits']
2026-01-19T02:00:48.4963465Z     ✅ Found 1 verified locators
2026-01-19T02:00:54.2185380Z     ✅ State transitioned.
2026-01-19T02:00:54.2238753Z     🔄 Revisited state detected (count: 1)
2026-01-19T02:00:55.9539596Z [DEBUG] Sending request to gemini-2.0-flash. Number of parts: 2
2026-01-19T02:00:55.9540135Z [DEBUG] Received response (Length: 248)
2026-01-19T02:00:55.9540851Z     🤖 AI Next Step Suggestion: fill -> Search for Vegetables and Fruits
2026-01-19T02:00:55.9541550Z     🧩 Suggested Locator: input
2026-01-19T02:00:55.9542200Z     💭 Reasoning: The previous search failed, so we are retrying the search with 'Beetroot' to find the item and add it to the cart.
2026-01-19T02:00:55.9543219Z ⚠️ Loop detected: same AI suggestion repeated 2 times. Moving to next step.
2026-01-19T02:00:55.9543695Z   ▶️ [STEP step_5] ASSERT_VISIBLE: Beetroot - 1 Kg
2026-01-19T02:00:55.9597607Z     🔍 Mining locators for: 'Beetroot - 1 Kg'
2026-01-19T02:00:56.0128828Z     ✅ Found 1 verified locators
2026-01-19T02:00:58.5441297Z     ✅ State transitioned.
2026-01-19T02:00:58.5495743Z     🔄 Revisited state detected (count: 2)
2026-01-19T02:01:00.5805949Z [DEBUG] Sending request to gemini-2.0-flash. Number of parts: 2
2026-01-19T02:01:00.5806747Z [DEBUG] Received response (Length: 295)
2026-01-19T02:01:00.5807667Z     🤖 AI Next Step Suggestion: fill -> Search for Vegetables and Fruits
2026-01-19T02:01:00.5808845Z     🧩 Suggested Locator: input[placeholder='Search for Vegetables and Fruits']
2026-01-19T02:01:00.5810466Z     💭 Reasoning: The previous attempt to fill the search bar failed. We need to re-enter the search term to find the desired item.
2026-01-19T02:01:00.5811880Z     ➕ Injected AI step: fill -> Search for Vegetables and Fruits
2026-01-19T02:01:00.5813019Z   ▶️ [STEP step_5_ai_1] FILL: Search for Vegetables and Fruits
2026-01-19T02:01:00.5868853Z     🎯 Using AI-provided locator: input[placeholder='Search for Vegetables and Fruits']
2026-01-19T02:01:00.5921942Z     ✅ Found 1 verified locators
2026-01-19T02:01:06.8397907Z     ✅ State transitioned.
2026-01-19T02:01:06.8450612Z     🔄 Revisited state detected (count: 3)
2026-01-19T02:01:06.8451317Z     ⚠️ Too many revisits (3). Stopping AI step injection to prevent loops.
2026-01-19T02:01:06.8451800Z   ▶️ [STEP step_6] CLICK: increment
2026-01-19T02:01:06.8499413Z     🔍 Mining locators for: 'increment'
2026-01-19T02:01:06.8898934Z     🧠 Consulting AI (Vision-First) to find 'increment'...
2026-01-19T02:01:06.8899747Z     🔍 Trying smart selectors for 'increment'...
2026-01-19T02:01:06.9124575Z     ⚠️ Smart selectors failed (no unique match). Falling back to AI Vision...
2026-01-19T02:01:06.9125157Z     ⚠️ Critical step failure: name 'time' is not defined
2026-01-19T02:01:06.9125520Z   ▶️ [STEP step_7] CLICK: increment
2026-01-19T02:01:06.9175676Z     🔍 Mining locators for: 'increment'
2026-01-19T02:01:06.9569438Z     🧠 Consulting AI (Vision-First) to find 'increment'...
2026-01-19T02:01:06.9570243Z     🔍 Trying smart selectors for 'increment'...
2026-01-19T02:01:06.9781606Z     ⚠️ Smart selectors failed (no unique match). Falling back to AI Vision...
2026-01-19T02:01:06.9782774Z     ⚠️ Critical step failure: name 'time' is not defined
2026-01-19T02:01:06.9783505Z   ▶️ [STEP step_8] CLICK: ADD TO CART
2026-01-19T02:01:06.9833213Z     🔍 Mining locators for: 'ADD TO CART'
2026-01-19T02:01:07.0331716Z     ✅ Found 2 verified locators
2026-01-19T02:01:10.5906406Z     ✅ State transitioned.
2026-01-19T02:01:12.1857320Z [DEBUG] Sending request to gemini-2.0-flash. Number of parts: 2
2026-01-19T02:01:12.1858071Z [DEBUG] Received response (Length: 251)
2026-01-19T02:01:12.1859141Z     🤖 AI Next Step Suggestion: fill -> Search for Vegetables and Fruits
2026-01-19T02:01:12.1860104Z     🧩 Suggested Locator: input
2026-01-19T02:01:12.1861531Z     💭 Reasoning: The goal is to search and add items to the cart. The previous search failed. Now, search for another item 'Brocolli'.
2026-01-19T02:01:12.1863437Z ⚠️ Loop detected: same AI suggestion repeated 2 times. Moving to next step.
2026-01-19T02:01:12.1864333Z   ▶️ [STEP step_9] CLICK: Cart
2026-01-19T02:01:12.1917357Z     🔍 Mining locators for: 'Cart'
2026-01-19T02:01:12.2548381Z     ✅ Found 3 verified locators
2026-01-19T02:01:15.8079362Z     ✅ State transitioned.
2026-01-19T02:01:17.5818445Z [DEBUG] Sending request to gemini-2.0-flash. Number of parts: 2
2026-01-19T02:01:17.5819000Z [DEBUG] Received response (Length: 163)
2026-01-19T02:01:17.5819562Z     🤖 AI Next Step Suggestion: click -> CHECKOUT
2026-01-19T02:01:17.5820208Z     🧩 Suggested Locator: #checkoutModalBtnOne
2026-01-19T02:01:17.5822013Z     💭 Reasoning: Beetroot has been added to the cart. Proceeding to checkout.
2026-01-19T02:01:17.5822692Z     ➕ Injected AI step: click -> CHECKOUT
2026-01-19T02:01:17.5823035Z   ▶️ [STEP step_9_ai_1] CLICK: CHECKOUT
2026-01-19T02:01:17.5878731Z     🎯 Using AI-provided locator: #checkoutModalBtnOne
2026-01-19T02:01:17.5937376Z     ✅ Found 1 verified locators
2026-01-19T02:01:21.6489921Z     ✅ State transitioned.
2026-01-19T02:01:22.9618738Z [DEBUG] Sending request to gemini-2.0-flash. Number of parts: 2
2026-01-19T02:01:22.9619201Z [DEBUG] Received response (Length: 144)
2026-01-19T02:01:22.9619734Z     🤖 AI Next Step Suggestion: done -> N/A
2026-01-19T02:01:22.9620411Z     💭 Reasoning: The order has been placed successfully and is redirecting back to the cart. The goal has been achieved.
2026-01-19T02:01:22.9621041Z   ▶️ [STEP step_10] ASSERT_VISIBLE: PROCEED TO CHECKOUT
2026-01-19T02:01:22.9677299Z     🔍 Mining locators for: 'PROCEED TO CHECKOUT'
2026-01-19T02:01:23.0138969Z     ✅ Found 2 verified locators
2026-01-19T02:01:25.5428977Z     ✅ State transitioned.
2026-01-19T02:01:25.5483786Z     🔄 Revisited state detected (count: 1)
2026-01-19T02:01:28.3645737Z [DEBUG] Sending request to gemini-2.0-flash. Number of parts: 2
2026-01-19T02:01:28.3646453Z [DEBUG] Received response (Length: 330)
2026-01-19T02:01:28.3647491Z     🤖 AI Next Step Suggestion: fill -> Search for Vegetables and Fruits
2026-01-19T02:01:28.3648597Z     🧩 Suggested Locator: input[placeholder='Search for Vegetables and Fruits']
2026-01-19T02:01:28.3650362Z     💭 Reasoning: The previous search attempt failed. The goal is to search and add items to the cart. Filling the search bar with 'Brocolli' will help find the item.
2026-01-19T02:01:28.3651923Z     ➕ Injected AI step: fill -> Search for Vegetables and Fruits
2026-01-19T02:01:28.3653065Z   ▶️ [STEP step_10_ai_1] FILL: Search for Vegetables and Fruits
2026-01-19T02:01:28.3706826Z     🎯 Using AI-provided locator: input[placeholder='Search for Vegetables and Fruits']
2026-01-19T02:01:28.3764409Z     ✅ Found 1 verified locators
2026-01-19T02:01:34.5910233Z     ✅ State transitioned.
2026-01-19T02:01:36.3974737Z [DEBUG] Sending request to gemini-2.0-flash. Number of parts: 2
2026-01-19T02:01:36.3975357Z [DEBUG] Received response (Length: 223)
2026-01-19T02:01:36.3976125Z     🤖 AI Next Step Suggestion: click -> ADD TO CART
2026-01-19T02:01:36.3976790Z     🧩 Suggested Locator: button:nth-of-type(1)
2026-01-19T02:01:36.3977838Z     💭 Reasoning: The goal is to add items to the cart. The 'ADD TO CART' button is visible for the first item in the list (Brocolli).
2026-01-19T02:01:36.3978822Z     ➕ Injected AI step: click -> ADD TO CART
2026-01-19T02:01:36.3979242Z   ▶️ [STEP step_10_ai_2] CLICK: ADD TO CART
2026-01-19T02:01:36.4038759Z     🎯 Using AI-provided locator: button:nth-of-type(1)
2026-01-19T02:01:36.4100713Z     ✅ Found 1 verified locators
2026-01-19T02:01:40.4681684Z     ✅ State transitioned.
2026-01-19T02:01:41.6580425Z [DEBUG] Sending request to gemini-2.0-flash. Number of parts: 2
2026-01-19T02:01:41.6581028Z [DEBUG] Received response (Length: 257)
2026-01-19T02:01:41.6581781Z     🤖 AI Next Step Suggestion: fill -> Search for Vegetables and Fruits
2026-01-19T02:01:41.6582191Z     🧩 Suggested Locator: input
2026-01-19T02:01:41.6582983Z     💭 Reasoning: The previous search was for 'Vegetables and Fruits'. Now, let's search for a specific item, 'Cucumber', to add to the cart.
2026-01-19T02:01:41.6583680Z     ➕ Injected AI step: fill -> Search for Vegetables and Fruits
2026-01-19T02:01:41.6584133Z   ▶️ [STEP step_10_ai_3] FILL: Search for Vegetables and Fruits
2026-01-19T02:01:41.6637032Z     🎯 Using AI-provided locator: input
2026-01-19T02:01:41.6688693Z     ✅ Found 1 verified locators
2026-01-19T02:01:47.4217814Z     ✅ State transitioned.
2026-01-19T02:01:48.9305044Z [DEBUG] Sending request to gemini-2.0-flash. Number of parts: 2
2026-01-19T02:01:48.9305577Z [DEBUG] Received response (Length: 354)
2026-01-19T02:01:48.9306482Z     🤖 AI Next Step Suggestion: fill -> Search for Vegetables and Fruits
2026-01-19T02:01:48.9307100Z     🧩 Suggested Locator: input[placeholder='Search for Vegetables and Fruits']
2026-01-19T02:01:48.9308163Z     💭 Reasoning: The goal is to search and add items to the cart. The previous search might have been cleared, so re-entering the search term 'Brocolli' to find the item to add to the cart.
2026-01-19T02:01:48.9309120Z ⚠️ Loop detected: same AI suggestion repeated 2 times. Moving to next step.
2026-01-19T02:01:50.9664305Z 
2026-01-19T02:01:50.9665789Z [3/3] Exploring Scenario: Empty Cart Functionality
2026-01-19T02:01:50.9666915Z     🧠 Initialized exploration context for goal: 'Search and add items to cart'
2026-01-19T02:01:50.9667739Z   ▶️ [STEP step_1] NAVIGATE: 
2026-01-19T02:01:53.3940623Z     ✅ Navigated to https://rahulshettyacademy.com/seleniumPractise/
2026-01-19T02:01:53.3941292Z   ▶️ [STEP step_2] ASSERT_URL: 
2026-01-19T02:01:58.4229629Z     ⚠️ Scroll into view failed for text=None. Proceeding anyway.
2026-01-19T02:02:00.4252167Z     ✅ State transitioned.
2026-01-19T02:02:00.5397108Z [CACHE HIT] 5276803a... (hits: 7, misses: 36)
2026-01-19T02:02:00.5398222Z     🤖 AI Next Step Suggestion: fill -> Search for Vegetables and Fruits
2026-01-19T02:02:00.5398976Z     🧩 Suggested Locator: input
2026-01-19T02:02:00.5400531Z     💭 Reasoning: The goal is to search and add items to the cart. The first step is to search for an item. Filling the search bar with 'Brocolli' will allow us to find and add it to the cart.
2026-01-19T02:02:00.5402086Z     ➕ Injected AI step: fill -> Search for Vegetables and Fruits
2026-01-19T02:02:00.5403275Z   ▶️ [STEP step_2_ai_1] FILL: Search for Vegetables and Fruits
2026-01-19T02:02:00.5454148Z     🎯 Using AI-provided locator: input
2026-01-19T02:02:00.5514669Z     ✅ Found 1 verified locators
2026-01-19T02:02:06.8840292Z     ✅ State transitioned.
2026-01-19T02:02:06.9715980Z [CACHE HIT] 873481d0... (hits: 8, misses: 36)
2026-01-19T02:02:06.9717010Z     🤖 AI Next Step Suggestion: click -> ADD TO CART
2026-01-19T02:02:06.9717669Z     🧩 Suggested Locator: button:nth-of-type(14)
2026-01-19T02:02:06.9718768Z     💭 Reasoning: The goal is to add items to the cart. After searching, the next logical step is to add the first available item to the cart.
2026-01-19T02:02:06.9719849Z     ➕ Injected AI step: click -> ADD TO CART
2026-01-19T02:02:06.9720337Z   ▶️ [STEP step_2_ai_2] CLICK: ADD TO CART
2026-01-19T02:02:06.9772902Z     🎯 Using AI-provided locator: button:nth-of-type(14)
2026-01-19T02:02:06.9790571Z     🔍 Mining locators for: 'ADD TO CART'
2026-01-19T02:02:07.0320586Z     ✅ Found 2 verified locators
2026-01-19T02:02:10.6068131Z     ✅ State transitioned.
2026-01-19T02:02:10.6553213Z [CACHE HIT] b05ddb94... (hits: 9, misses: 36)
2026-01-19T02:02:10.6554351Z     🤖 AI Next Step Suggestion: click -> PROCEED TO CHECKOUT
2026-01-19T02:02:10.6554975Z     🧩 Suggested Locator: button
2026-01-19T02:02:10.6555798Z     💭 Reasoning: An item has been added to the cart. Proceeding to checkout is the next logical step.
2026-01-19T02:02:10.6556351Z     ➕ Injected AI step: click -> PROCEED TO CHECKOUT
2026-01-19T02:02:10.6556726Z   ▶️ [STEP step_2_ai_3] CLICK: PROCEED TO CHECKOUT
2026-01-19T02:02:10.6605375Z     🎯 Using AI-provided locator: button
2026-01-19T02:02:10.6660374Z     ✅ Found 1 verified locators
2026-01-19T02:02:14.7186303Z     ✅ State transitioned.
2026-01-19T02:02:14.7713606Z [CACHE HIT] a6443a7f... (hits: 10, misses: 36)
2026-01-19T02:02:14.7714513Z     🤖 AI Next Step Suggestion: click -> ADD TO CART
2026-01-19T02:02:14.7715143Z     🧩 Suggested Locator: button:nth-of-type(1)
2026-01-19T02:02:14.7715986Z     💭 Reasoning: The goal is to add items to the cart. The 'ADD TO CART' button is visible and available for the first item in the list (Brocolli).
2026-01-19T02:02:14.7716937Z     ➕ Injected AI step: click -> ADD TO CART
2026-01-19T02:02:14.7717262Z   ▶️ [STEP step_2_ai_4] CLICK: ADD TO CART
2026-01-19T02:02:14.7764149Z     🎯 Using AI-provided locator: button:nth-of-type(1)
2026-01-19T02:02:14.7819148Z     ✅ Found 1 verified locators
2026-01-19T02:02:18.8313905Z     ✅ State transitioned.
2026-01-19T02:02:18.8366617Z     🔄 Revisited state detected (count: 1)
2026-01-19T02:02:18.8875756Z [CACHE HIT] 7dc50893... (hits: 11, misses: 36)
2026-01-19T02:02:18.8876757Z     🤖 AI Next Step Suggestion: click -> ADD TO CART
2026-01-19T02:02:18.8877471Z     🧩 Suggested Locator: button:nth-of-type(12)
2026-01-19T02:02:18.8878772Z     💭 Reasoning: The goal is to add items to the cart. The 'ADD TO CART' button is visible and available for the first item in the list (Brocolli).
2026-01-19T02:02:18.8880140Z ⚠️ Loop detected: same AI suggestion repeated 2 times. Moving to next step.
2026-01-19T02:02:18.8880889Z   ▶️ [STEP step_3] FILL: Search
2026-01-19T02:02:18.8928184Z     🔍 Mining locators for: 'Search'
2026-01-19T02:02:18.9519481Z     ✅ Found 2 verified locators
2026-01-19T02:02:24.9729523Z     ⚠️ Action failed: Locator.click: Timeout 5000ms exceeded.
2026-01-19T02:02:24.9730192Z Call log:
2026-01-19T02:02:24.9730491Z ...
2026-01-19T02:02:25.0213198Z [CACHE HIT] 9731edea... (hits: 12, misses: 36)
2026-01-19T02:02:25.0214279Z     ✨ AI Heal Reasoning: The input field with type 'search' is the most likely element to be used for searching items on the page.
2026-01-19T02:02:25.0214982Z     ✨ AI healed exploration action! New selector: input[type='search']
2026-01-19T02:02:30.7109875Z   ▶️ [STEP step_4] WAIT_FOR_ELEMENT: Tomato - 1 Kg
2026-01-19T02:02:30.7168661Z     🔍 Mining locators for: 'Tomato - 1 Kg'
2026-01-19T02:02:30.7596226Z     ✅ Found 1 verified locators
2026-01-19T02:02:33.2899991Z     ✅ State transitioned.
2026-01-19T02:02:34.9139497Z [DEBUG] Sending request to gemini-2.0-flash. Number of parts: 2
2026-01-19T02:02:34.9140193Z [DEBUG] Received response (Length: 300)
2026-01-19T02:02:34.9140920Z     🤖 AI Next Step Suggestion: fill -> Search for Vegetables and Fruits
2026-01-19T02:02:34.9141520Z     🧩 Suggested Locator: input[placeholder='Search for Vegetables and Fruits']
2026-01-19T02:02:34.9142306Z     💭 Reasoning: The goal is to search and add items to cart. The last attempt to search failed. I will try again to search for 'Tomato'.
2026-01-19T02:02:34.9143147Z     ➕ Injected AI step: fill -> Search for Vegetables and Fruits
2026-01-19T02:02:34.9143602Z   ▶️ [STEP step_4_ai_1] FILL: Search for Vegetables and Fruits
2026-01-19T02:02:34.9197778Z     🎯 Using AI-provided locator: input[placeholder='Search for Vegetables and Fruits']
2026-01-19T02:02:34.9254533Z     ✅ Found 1 verified locators
2026-01-19T02:02:40.8393092Z     ✅ State transitioned.
2026-01-19T02:02:40.8446463Z     🔄 Revisited state detected (count: 1)
2026-01-19T02:02:42.4585906Z [DEBUG] Sending request to gemini-2.0-flash. Number of parts: 2
2026-01-19T02:02:42.4586514Z [DEBUG] Received response (Length: 310)
2026-01-19T02:02:42.4587200Z     🤖 AI Next Step Suggestion: fill -> Search for Vegetables and Fruits
2026-01-19T02:02:42.4588056Z     🧩 Suggested Locator: input[placeholder='Search for Vegetables and Fruits']
2026-01-19T02:02:42.4588928Z     💭 Reasoning: The previous search failed, and the goal is to add items to the cart. Filling the search bar with 'Brocolli' to find and add it.
2026-01-19T02:02:42.4589733Z ⚠️ Loop detected: same AI suggestion repeated 2 times. Moving to next step.
2026-01-19T02:02:42.4590211Z   ▶️ [STEP step_5] ASSERT_VISIBLE: Tomato - 1 Kg
2026-01-19T02:02:42.4643904Z     🔍 Mining locators for: 'Tomato - 1 Kg'
2026-01-19T02:02:42.5077486Z     ✅ Found 1 verified locators
2026-01-19T02:02:45.0397196Z     ✅ State transitioned.
2026-01-19T02:02:45.0449559Z     🔄 Revisited state detected (count: 2)
2026-01-19T02:02:47.6530041Z [DEBUG] Sending request to gemini-2.0-flash. Number of parts: 2
2026-01-19T02:02:47.6531062Z [DEBUG] Received response (Length: 234)
2026-01-19T02:02:47.6532102Z     🤖 AI Next Step Suggestion: fill -> Search for Vegetables and Fruits
2026-01-19T02:02:47.6533123Z     🧩 Suggested Locator: input
2026-01-19T02:02:47.6534196Z     💭 Reasoning: The last attempt to fill the search bar failed. Retrying to search for 'Tomato' to add it to the cart.
2026-01-19T02:02:47.6535351Z     ➕ Injected AI step: fill -> Search for Vegetables and Fruits
2026-01-19T02:02:47.6536135Z   ▶️ [STEP step_5_ai_1] FILL: Search for Vegetables and Fruits
2026-01-19T02:02:47.6592840Z     🎯 Using AI-provided locator: input
2026-01-19T02:02:47.6646440Z     ✅ Found 1 verified locators
2026-01-19T02:02:53.2765562Z     ✅ State transitioned.
2026-01-19T02:02:53.2822187Z     🔄 Revisited state detected (count: 3)
2026-01-19T02:02:53.2823163Z     ⚠️ Too many revisits (3). Stopping AI step injection to prevent loops.
2026-01-19T02:02:53.2823768Z   ▶️ [STEP step_6] CLICK: ADD TO CART
2026-01-19T02:02:53.2873454Z     🔍 Mining locators for: 'ADD TO CART'
2026-01-19T02:02:53.3459617Z     ✅ Found 2 verified locators
2026-01-19T02:02:56.9001363Z     ✅ State transitioned.
2026-01-19T02:02:58.3114136Z [DEBUG] Sending request to gemini-2.0-flash. Number of parts: 2
2026-01-19T02:02:58.3114712Z [DEBUG] Received response (Length: 219)
2026-01-19T02:02:58.3115471Z     🤖 AI Next Step Suggestion: fill -> Search for Vegetables and Fruits
2026-01-19T02:02:58.3115887Z     🧩 Suggested Locator: input
2026-01-19T02:02:58.3116397Z     💭 Reasoning: The previous search failed. Let's try searching for 'Brocolli' to add it to the cart.
2026-01-19T02:02:58.3117020Z ⚠️ Loop detected: same AI suggestion repeated 2 times. Moving to next step.
2026-01-19T02:02:58.3117416Z   ▶️ [STEP step_7] CLICK: Cart
2026-01-19T02:02:58.3170716Z     🔍 Mining locators for: 'Cart'
2026-01-19T02:02:58.3828683Z     ✅ Found 3 verified locators
2026-01-19T02:03:01.9337464Z     ✅ State transitioned.
2026-01-19T02:03:03.2308795Z [DEBUG] Sending request to gemini-2.0-flash. Number of parts: 2
2026-01-19T02:03:03.2309461Z [DEBUG] Received response (Length: 175)
2026-01-19T02:03:03.2310262Z     🤖 AI Next Step Suggestion: click -> CHECKOUT
2026-01-19T02:03:03.2310967Z     🧩 Suggested Locator: button[id='checkoutModalBtnOne']
2026-01-19T02:03:03.2313123Z     💭 Reasoning: Tomato is already added to the cart. Proceeding to checkout.
2026-01-19T02:03:03.2313597Z     ➕ Injected AI step: click -> CHECKOUT
2026-01-19T02:03:03.2313923Z   ▶️ [STEP step_7_ai_1] CLICK: CHECKOUT
2026-01-19T02:03:03.2370941Z     🎯 Using AI-provided locator: button[id='checkoutModalBtnOne']
2026-01-19T02:03:03.2429747Z     ✅ Found 1 verified locators
2026-01-19T02:03:07.2929732Z     ✅ State transitioned.
2026-01-19T02:03:08.5521507Z [DEBUG] Sending request to gemini-2.0-flash. Number of parts: 2
2026-01-19T02:03:08.5522217Z [DEBUG] Received response (Length: 153)
2026-01-19T02:03:08.5523267Z     🤖 AI Next Step Suggestion: done -> N/A
2026-01-19T02:03:08.5524567Z     💭 Reasoning: The order has been placed successfully and the page is redirecting back to the cart. The goal has been achieved.
2026-01-19T02:03:08.5525757Z   ▶️ [STEP step_8] ASSERT_VISIBLE: PROCEED TO CHECKOUT
2026-01-19T02:03:08.5578629Z     🔍 Mining locators for: 'PROCEED TO CHECKOUT'
2026-01-19T02:03:08.6101817Z     ✅ Found 2 verified locators
2026-01-19T02:03:11.1716935Z     ✅ State transitioned.
2026-01-19T02:03:11.1771142Z     🔄 Revisited state detected (count: 1)
2026-01-19T02:03:13.7907827Z [DEBUG] Sending request to gemini-2.0-flash. Number of parts: 2
2026-01-19T02:03:13.7908571Z [DEBUG] Received response (Length: 333)
2026-01-19T02:03:13.7909617Z     🤖 AI Next Step Suggestion: fill -> Search for Vegetables and Fruits
2026-01-19T02:03:13.7910738Z     🧩 Suggested Locator: input[placeholder='Search for Vegetables and Fruits']
2026-01-19T02:03:13.7912959Z     💭 Reasoning: The goal is to search and add items to the cart. The previous search failed, so we will try again. Filling the search bar with 'Tomato' to find the item.
2026-01-19T02:03:13.7914943Z     ➕ Injected AI step: fill -> Search for Vegetables and Fruits
2026-01-19T02:03:13.7915860Z   ▶️ [STEP step_8_ai_1] FILL: Search for Vegetables and Fruits
2026-01-19T02:03:13.7968271Z     🎯 Using AI-provided locator: input[placeholder='Search for Vegetables and Fruits']
2026-01-19T02:03:13.8024389Z     ✅ Found 1 verified locators
2026-01-19T02:03:19.7537909Z     ✅ State transitioned.
2026-01-19T02:03:19.7591908Z     🔄 Revisited state detected (count: 2)
2026-01-19T02:03:21.4669066Z [DEBUG] Sending request to gemini-2.0-flash. Number of parts: 2
2026-01-19T02:03:21.4669977Z [DEBUG] Received response (Length: 296)
2026-01-19T02:03:21.4671065Z     🤖 AI Next Step Suggestion: fill -> Search for Vegetables and Fruits
2026-01-19T02:03:21.4672929Z     🧩 Suggested Locator: input[placeholder='Search for Vegetables and Fruits']
2026-01-19T02:03:21.4674576Z     💭 Reasoning: The previous search failed, and we need to search for an item to add to the cart. Brocolli is visible on the page.
2026-01-19T02:03:21.4676138Z ⚠️ Loop detected: same AI suggestion repeated 2 times. Moving to next step.
2026-01-19T02:03:21.4678635Z   ▶️ [STEP step_9] CLICK: PROCEED TO CHECKOUT
2026-01-19T02:03:21.4729758Z     🔍 Mining locators for: 'PROCEED TO CHECKOUT'
2026-01-19T02:03:21.5275762Z     ✅ Found 2 verified locators
2026-01-19T02:03:25.0783676Z     ✅ State transitioned.
2026-01-19T02:03:25.0839455Z     🔄 Revisited state detected (count: 3)
2026-01-19T02:03:25.0840269Z     ⚠️ Too many revisits (3). Stopping AI step injection to prevent loops.
2026-01-19T02:03:25.0841030Z   ▶️ [STEP step_10] ASSERT_VISIBLE: Place Order
2026-01-19T02:03:25.0893746Z     🔍 Mining locators for: 'Place Order'
2026-01-19T02:03:25.1342330Z     🧠 Consulting AI (Vision-First) to find 'Place Order'...
2026-01-19T02:03:25.1343054Z     🔍 Trying smart selectors for 'Place Order'...
2026-01-19T02:03:25.1558600Z     ⚠️ Smart selectors failed (no unique match). Falling back to AI Vision...
2026-01-19T02:03:25.1559524Z     ⚠️ Critical step failure: name 'time' is not defined
2026-01-19T02:03:27.1936744Z 🗂️  All generated tests written to /home/runner/work/build_qa_automation/build_qa_automation/projects/ci_rahulshetty_shop/tests/generated_scenarios.json
2026-01-19T02:03:27.1953351Z 🔄 Updated workflow.json with discovered steps and locators.
2026-01-19T02:03:27.1953796Z 
2026-01-19T02:03:27.1954055Z ✅ Deep Exploration Complete.
2026-01-19T02:07:06.2815565Z 
2026-01-19T02:07:06.2816333Z 🚀 [EXECUTE] Starting Automation Execution Engine
2026-01-19T02:07:06.2817067Z 📍 Project: ci_rahulshetty_shop
2026-01-19T02:07:06.2817512Z 🎬 Mode: Headless
2026-01-19T02:07:06.2817711Z 
2026-01-19T02:07:06.2817918Z --- Scenario: Search and Add Items to Cart ---
2026-01-19T02:07:06.2818537Z   ▶️ [STEP step_1] NAVIGATE: Step step_1
2026-01-19T02:07:06.2819043Z     ✅ Step step_1 Passed.
2026-01-19T02:07:06.2819556Z   ▶️ [STEP step_2] ASSERT_URL: Step step_2
2026-01-19T02:07:06.2819959Z     ✅ Step step_2 Passed.
2026-01-19T02:07:06.2820339Z   ▶️ [STEP step_2_ai_1] FILL: Search for Vegetables and Fruits
2026-01-19T02:07:06.2820710Z     🎯 Using mined locator: input
2026-01-19T02:07:06.2821014Z     ✅ Step step_2_ai_1 Passed.
2026-01-19T02:07:06.2821509Z   ▶️ [STEP step_2_ai_2] CLICK: ADD TO CART
2026-01-19T02:07:06.2822692Z     🎯 Using mined locator: role=button[name='ADD TO CART']
2026-01-19T02:07:06.2823355Z     ✅ Step step_2_ai_2 Passed.
2026-01-19T02:07:06.2823884Z   ▶️ [STEP step_2_ai_3] CLICK: PROCEED TO CHECKOUT
2026-01-19T02:07:06.2824443Z     🎯 Using mined locator: button
2026-01-19T02:07:06.2824910Z     ✅ Step step_2_ai_3 Passed.
2026-01-19T02:07:06.2825387Z   ▶️ [STEP step_2_ai_4] CLICK: ADD TO CART
2026-01-19T02:07:06.2825957Z     🎯 Using mined locator: button:nth-of-type(1)
2026-01-19T02:07:06.2826382Z     ✅ Step step_2_ai_4 Passed.
2026-01-19T02:07:06.2826635Z   ▶️ [STEP step_3] FILL: Search
2026-01-19T02:07:06.2827034Z     🎯 Using mined locator: [placeholder='Search for Vegetables and Fruits']
2026-01-19T02:07:06.2827619Z     ✅ Step step_3 Passed.
2026-01-19T02:07:06.2827922Z   ▶️ [STEP step_4] WAIT_FOR_ELEMENT: Cucumber - 1 Kg
2026-01-19T02:07:06.2828474Z     🎯 Using mined locator: text='Cucumber - 1 Kg'
2026-01-19T02:07:06.2829004Z     ✅ Step step_4 Passed.
2026-01-19T02:07:06.2829602Z   ▶️ [STEP step_4_ai_1] FILL: Search for Vegetables and Fruits
2026-01-19T02:07:06.2830433Z     🎯 Using mined locator: input[placeholder='Search for Vegetables and Fruits']
2026-01-19T02:07:06.2830860Z     ✅ Step step_4_ai_1 Passed.
2026-01-19T02:07:06.2831164Z   ▶️ [STEP step_5] ASSERT_VISIBLE: Cucumber - 1 Kg
2026-01-19T02:07:06.2831512Z     🎯 Using mined locator: text='Cucumber - 1 Kg'
2026-01-19T02:07:06.2831840Z     ✅ Step step_5 Passed.
2026-01-19T02:07:06.2832343Z   ▶️ [STEP step_5_ai_1] FILL: Search for Vegetables and Fruits
2026-01-19T02:07:06.2833053Z     🎯 Using mined locator: input
2026-01-19T02:07:06.2833330Z     ✅ Step step_5_ai_1 Passed.
2026-01-19T02:07:06.2833598Z   ▶️ [STEP step_6] CLICK: ADD TO CART
2026-01-19T02:07:06.2833961Z     🎯 Using mined locator: role=button[name='ADD TO CART']
2026-01-19T02:07:06.2834284Z     ✅ Step step_6 Passed.
2026-01-19T02:07:06.2834870Z   ▶️ [STEP step_6_ai_1] FILL: Search for Vegetables and Fruits
2026-01-19T02:07:06.2835409Z     🎯 Using mined locator: input
2026-01-19T02:07:06.2835710Z     ✅ Step step_6_ai_1 Passed.
2026-01-19T02:07:06.2835991Z   ▶️ [STEP step_6_ai_2] CLICK: ADD TO CART
2026-01-19T02:07:06.2836527Z     🎯 Using mined locator: button:nth-of-type(1)
2026-01-19T02:07:06.2837026Z     ✅ Step step_6_ai_2 Passed.
2026-01-19T02:07:06.2837364Z   ▶️ [STEP step_6_ai_3] FILL: Search for Vegetables and Fruits
2026-01-19T02:07:06.2837856Z     🎯 Using mined locator: input[placeholder='Search for Vegetables and Fruits']
2026-01-19T02:07:06.2838263Z     ✅ Step step_6_ai_3 Passed.
2026-01-19T02:07:06.2838521Z   ▶️ [STEP step_7] FILL: Search
2026-01-19T02:07:06.2838904Z     🎯 Using mined locator: [placeholder='Search for Vegetables and Fruits']
2026-01-19T02:07:06.2839470Z     ✅ Step step_7 Passed.
2026-01-19T02:07:06.2839970Z   ▶️ [STEP step_8] WAIT_FOR_ELEMENT: Brocolli - 1 Kg
2026-01-19T02:07:06.2840336Z     🎯 Using mined locator: text='Brocolli - 1 Kg'
2026-01-19T02:07:06.2841026Z     ❌ Attempt 1 failed (unknown): Locator.wait_for: Error: strict mode violation: locator("text='Brocolli - 1 Kg'") resolved to 3 elem...
2026-01-19T02:07:06.2841704Z     🔧 [AUTO-HEAL] Re-mining page to find 'Brocolli - 1 Kg'...
2026-01-19T02:07:06.2842095Z [DEBUG] Sending request to gemini-2.0-flash. Number of parts: 2
2026-01-19T02:07:06.2842678Z [DEBUG] Received response (Length: 389)
2026-01-19T02:07:06.2843064Z     ✨ AI successfully healed the step! Found 2 alternatives.
2026-01-19T02:07:06.2843515Z     ✨ AI successfully healed the step! New selector: input[type='search']
2026-01-19T02:07:06.2843892Z     ✅ Step step_8 Passed.
2026-01-19T02:07:06.2844206Z   ▶️ [STEP step_8_ai_1] FILL: Search for Vegetables and Fruits
2026-01-19T02:07:06.2844548Z     🎯 Using mined locator: input
2026-01-19T02:07:06.2845019Z     ✅ Step step_8_ai_1 Passed.
2026-01-19T02:07:06.2845319Z   ▶️ [STEP step_9] ASSERT_VISIBLE: Brocolli - 1 Kg
2026-01-19T02:07:06.2845660Z     🎯 Using mined locator: text='Brocolli - 1 Kg'
2026-01-19T02:07:06.2845958Z     ✅ Step step_9 Passed.
2026-01-19T02:07:06.2846235Z   ▶️ [STEP step_9_ai_1] CLICK: ADD TO CART
2026-01-19T02:07:06.2846768Z     🎯 Using mined locator: button:nth-of-type(1)
2026-01-19T02:07:06.2847084Z     ✅ Step step_9_ai_1 Passed.
2026-01-19T02:07:06.2847402Z   ▶️ [STEP step_9_ai_2] FILL: Search for Vegetables and Fruits
2026-01-19T02:07:06.2847880Z     🎯 Using mined locator: input[placeholder='Search for Vegetables and Fruits']
2026-01-19T02:07:06.2848285Z     ✅ Step step_9_ai_2 Passed.
2026-01-19T02:07:06.2848552Z   ▶️ [STEP step_9_ai_3] CLICK: ADD TO CART
2026-01-19T02:07:06.2848868Z     🎯 Using mined locator: button:nth-of-type(1)
2026-01-19T02:07:06.2849165Z     ✅ Step step_9_ai_3 Passed.
2026-01-19T02:07:06.2849425Z   ▶️ [STEP step_10] CLICK: ADD TO CART
2026-01-19T02:07:06.2849776Z     🎯 Using mined locator: role=button[name='ADD TO CART']
2026-01-19T02:07:06.2850103Z     ✅ Step step_10 Passed.
2026-01-19T02:07:06.2850420Z   ▶️ [STEP step_10_ai_1] FILL: Search for Vegetables and Fruits
2026-01-19T02:07:06.2850765Z     🎯 Using mined locator: input
2026-01-19T02:07:06.2851039Z     ✅ Step step_10_ai_1 Passed.
2026-01-19T02:07:06.2851309Z   ▶️ [STEP step_11] CLICK: Cart
2026-01-19T02:07:06.2851616Z     🎯 Using mined locator: role=button[name='ADD TO CART']
2026-01-19T02:07:06.2851936Z     ✅ Step step_11 Passed.
2026-01-19T02:07:06.2852190Z   ▶️ [STEP step_11_ai_1] FILL: input
2026-01-19T02:07:06.2852698Z     🎯 Using mined locator: [id*='input']
2026-01-19T02:07:06.2853198Z     ✅ Step step_11_ai_1 Passed.
2026-01-19T02:07:06.2853758Z   ▶️ [STEP step_12] ASSERT_VISIBLE: PROCEED TO CHECKOUT
2026-01-19T02:07:06.2854350Z     🎯 Using mined locator: role=button[name='PROCEED TO CHECKOUT']
2026-01-19T02:07:06.2854711Z     ✅ Step step_12 Passed.
2026-01-19T02:07:06.2855177Z   ▶️ [STEP step_12_ai_1] FILL: Search for Vegetables and Fruits
2026-01-19T02:07:06.2855655Z     🎯 Using mined locator: input
2026-01-19T02:07:06.2856023Z     ✅ Step step_12_ai_1 Passed.
2026-01-19T02:07:06.2856375Z ✅ Scenario 'Search and Add Items to Cart' completed successfully!
2026-01-19T02:07:06.2856671Z 
2026-01-19T02:07:06.2856848Z --- Scenario: Search and Add Multiple Quantities of an Item ---
2026-01-19T02:07:06.2857228Z   ▶️ [STEP step_1] NAVIGATE: Step step_1
2026-01-19T02:07:06.2857648Z     ✅ Step step_1 Passed.
2026-01-19T02:07:06.2858067Z   ▶️ [STEP step_2] ASSERT_URL: Step step_2
2026-01-19T02:07:06.2858443Z     ✅ Step step_2 Passed.
2026-01-19T02:07:06.2858769Z   ▶️ [STEP step_2_ai_1] FILL: Search for Vegetables and Fruits
2026-01-19T02:07:06.2859108Z     🎯 Using mined locator: input
2026-01-19T02:07:06.2859374Z     ✅ Step step_2_ai_1 Passed.
2026-01-19T02:07:06.2859645Z   ▶️ [STEP step_2_ai_2] CLICK: ADD TO CART
2026-01-19T02:07:06.2859992Z     🎯 Using mined locator: role=button[name='ADD TO CART']
2026-01-19T02:07:06.2860336Z     ✅ Step step_2_ai_2 Passed.
2026-01-19T02:07:06.2860630Z   ▶️ [STEP step_2_ai_3] CLICK: PROCEED TO CHECKOUT
2026-01-19T02:07:06.2860942Z     🎯 Using mined locator: button
2026-01-19T02:07:06.2861208Z     ✅ Step step_2_ai_3 Passed.
2026-01-19T02:07:06.2861482Z   ▶️ [STEP step_2_ai_4] CLICK: ADD TO CART
2026-01-19T02:07:06.2861815Z     🎯 Using mined locator: button:nth-of-type(1)
2026-01-19T02:07:06.2862120Z     ✅ Step step_2_ai_4 Passed.
2026-01-19T02:07:06.2862375Z   ▶️ [STEP step_3] FILL: Search
2026-01-19T02:07:06.2862992Z     🎯 Using mined locator: [placeholder='Search for Vegetables and Fruits']
2026-01-19T02:07:06.2863377Z     ✅ Step step_3 Passed.
2026-01-19T02:07:06.2863681Z   ▶️ [STEP step_4] WAIT_FOR_ELEMENT: Beetroot - 1 Kg
2026-01-19T02:07:06.2864031Z     🎯 Using mined locator: text='Beetroot - 1 Kg'
2026-01-19T02:07:06.2864328Z     ✅ Step step_4 Passed.
2026-01-19T02:07:06.2864634Z   ▶️ [STEP step_4_ai_1] FILL: Search for Vegetables and Fruits
2026-01-19T02:07:06.2865294Z     🎯 Using mined locator: input[placeholder='Search for Vegetables and Fruits']
2026-01-19T02:07:06.2865701Z     ✅ Step step_4_ai_1 Passed.
2026-01-19T02:07:06.2865991Z   ▶️ [STEP step_5] ASSERT_VISIBLE: Beetroot - 1 Kg
2026-01-19T02:07:06.2866332Z     🎯 Using mined locator: text='Beetroot - 1 Kg'
2026-01-19T02:07:06.2866800Z     ✅ Step step_5 Passed.
2026-01-19T02:07:06.2867123Z   ▶️ [STEP step_5_ai_1] FILL: Search for Vegetables and Fruits
2026-01-19T02:07:06.2867596Z     🎯 Using mined locator: input[placeholder='Search for Vegetables and Fruits']
2026-01-19T02:07:06.2868012Z     ✅ Step step_5_ai_1 Passed.
2026-01-19T02:07:06.2868282Z   ▶️ [STEP step_6] CLICK: increment
2026-01-19T02:07:06.2868754Z     ❌ Attempt 1 failed (element_not_found): Locator.bounding_box: Timeout 30000ms exceeded.
2026-01-19T02:07:06.2869157Z Call log:
2026-01-19T02:07:06.2869484Z   - waiting for locator("text=increment")
2026-01-19T02:07:06.2869936Z ...
2026-01-19T02:07:06.2870439Z     🔧 [AUTO-HEAL] Re-mining page to find 'increment'...
2026-01-19T02:07:06.2870861Z [DEBUG] Sending request to gemini-2.0-flash. Number of parts: 2
2026-01-19T02:07:06.2871205Z [DEBUG] Received response (Length: 450)
2026-01-19T02:07:06.2871723Z     ✨ AI successfully healed the step! Found 2 alternatives.
2026-01-19T02:07:06.2872381Z     ✨ AI successfully healed the step! New selector: input[type='search']
2026-01-19T02:07:06.2872986Z     ✅ Step step_6 Passed.
2026-01-19T02:07:06.2873257Z   ▶️ [STEP step_7] CLICK: increment
2026-01-19T02:07:06.2873727Z     ❌ Attempt 1 failed (element_not_found): Locator.bounding_box: Timeout 30000ms exceeded.
2026-01-19T02:07:06.2874123Z Call log:
2026-01-19T02:07:06.2874461Z   - waiting for locator("text=increment")
2026-01-19T02:07:06.2874894Z ...
2026-01-19T02:07:06.2875326Z     🔧 [AUTO-HEAL] Re-mining page to find 'increment'...
2026-01-19T02:07:06.2875648Z [CACHE HIT] 5da5a4d3... (hits: 1, misses: 2)
2026-01-19T02:07:06.2876024Z     ✨ AI successfully healed the step! Found 2 alternatives.
2026-01-19T02:07:06.2876492Z     ✨ AI successfully healed the step! New selector: input[type='search']
2026-01-19T02:07:06.2876873Z     ✅ Step step_7 Passed.
2026-01-19T02:07:06.2877127Z   ▶️ [STEP step_8] CLICK: ADD TO CART
2026-01-19T02:07:06.2877473Z     🎯 Using mined locator: role=button[name='ADD TO CART']
2026-01-19T02:07:06.2877807Z     ✅ Step step_8 Passed.
2026-01-19T02:07:06.2878052Z   ▶️ [STEP step_9] CLICK: Cart
2026-01-19T02:07:06.2878318Z     🎯 Using mined locator: text='Cart'
2026-01-19T02:07:06.2878596Z     ✅ Step step_9 Passed.
2026-01-19T02:07:06.2878847Z   ▶️ [STEP step_9_ai_1] CLICK: CHECKOUT
2026-01-19T02:07:06.2879166Z     🎯 Using mined locator: #checkoutModalBtnOne
2026-01-19T02:07:06.2879466Z     ✅ Step step_9_ai_1 Passed.
2026-01-19T02:07:06.2879780Z   ▶️ [STEP step_10] ASSERT_VISIBLE: PROCEED TO CHECKOUT
2026-01-19T02:07:06.2880195Z     🎯 Using mined locator: role=button[name='PROCEED TO CHECKOUT']
2026-01-19T02:07:06.2880548Z     ✅ Step step_10 Passed.
2026-01-19T02:07:06.2880884Z   ▶️ [STEP step_10_ai_1] FILL: Search for Vegetables and Fruits
2026-01-19T02:07:06.2881372Z     🎯 Using mined locator: input[placeholder='Search for Vegetables and Fruits']
2026-01-19T02:07:06.2881781Z     ✅ Step step_10_ai_1 Passed.
2026-01-19T02:07:06.2882055Z   ▶️ [STEP step_10_ai_2] CLICK: ADD TO CART
2026-01-19T02:07:06.2882388Z     🎯 Using mined locator: button:nth-of-type(1)
2026-01-19T02:07:06.2882965Z     ✅ Step step_10_ai_2 Passed.
2026-01-19T02:07:06.2883302Z   ▶️ [STEP step_10_ai_3] FILL: Search for Vegetables and Fruits
2026-01-19T02:07:06.2883647Z     🎯 Using mined locator: input
2026-01-19T02:07:06.2883912Z     ✅ Step step_10_ai_3 Passed.
2026-01-19T02:07:06.2884315Z ✅ Scenario 'Search and Add Multiple Quantities of an Item' completed successfully!
2026-01-19T02:07:06.2884632Z 
2026-01-19T02:07:06.2884736Z --- Scenario: Empty Cart Functionality ---
2026-01-19T02:07:06.2885052Z   ▶️ [STEP step_1] NAVIGATE: Step step_1
2026-01-19T02:07:06.2885327Z     ✅ Step step_1 Passed.
2026-01-19T02:09:04.0605080Z   ▶️ [STEP step_2] ASSERT_URL: Step step_2
2026-01-19T02:09:04.0605672Z     ✅ Step step_2 Passed.
2026-01-19T02:09:04.0606240Z   ▶️ [STEP step_2_ai_1] FILL: Search for Vegetables and Fruits
2026-01-19T02:09:04.0606841Z     🎯 Using mined locator: input
2026-01-19T02:09:04.0607302Z     ✅ Step step_2_ai_1 Passed.
2026-01-19T02:09:04.0608208Z   ▶️ [STEP step_2_ai_2] CLICK: ADD TO CART
2026-01-19T02:09:04.0608854Z     🎯 Using mined locator: role=button[name='ADD TO CART']
2026-01-19T02:09:04.0609404Z     ✅ Step step_2_ai_2 Passed.
2026-01-19T02:09:04.0609891Z   ▶️ [STEP step_2_ai_3] CLICK: PROCEED TO CHECKOUT
2026-01-19T02:09:04.0610399Z     🎯 Using mined locator: button
2026-01-19T02:09:04.0610831Z     ✅ Step step_2_ai_3 Passed.
2026-01-19T02:09:04.0611254Z   ▶️ [STEP step_2_ai_4] CLICK: ADD TO CART
2026-01-19T02:09:04.0611760Z     🎯 Using mined locator: button:nth-of-type(1)
2026-01-19T02:09:04.0612244Z     ✅ Step step_2_ai_4 Passed.
2026-01-19T02:09:04.0612878Z   ▶️ [STEP step_3] FILL: Search
2026-01-19T02:09:04.0613531Z     🎯 Using mined locator: [placeholder='Search for Vegetables and Fruits']
2026-01-19T02:09:04.0614157Z     ✅ Step step_3 Passed.
2026-01-19T02:09:04.0614633Z   ▶️ [STEP step_4] WAIT_FOR_ELEMENT: Tomato - 1 Kg
2026-01-19T02:09:04.0615177Z     🎯 Using mined locator: text='Tomato - 1 Kg'
2026-01-19T02:09:04.0615665Z     ✅ Step step_4 Passed.
2026-01-19T02:09:04.0616171Z   ▶️ [STEP step_4_ai_1] FILL: Search for Vegetables and Fruits
2026-01-19T02:09:04.0616959Z     🎯 Using mined locator: input[placeholder='Search for Vegetables and Fruits']
2026-01-19T02:09:04.0617600Z     ✅ Step step_4_ai_1 Passed.
2026-01-19T02:09:04.0618069Z   ▶️ [STEP step_5] ASSERT_VISIBLE: Tomato - 1 Kg
2026-01-19T02:09:04.0618611Z     🎯 Using mined locator: text='Tomato - 1 Kg'
2026-01-19T02:09:04.0619080Z     ✅ Step step_5 Passed.
2026-01-19T02:09:04.0619563Z   ▶️ [STEP step_5_ai_1] FILL: Search for Vegetables and Fruits
2026-01-19T02:09:04.0620102Z     🎯 Using mined locator: input
2026-01-19T02:09:04.0620525Z     ✅ Step step_5_ai_1 Passed.
2026-01-19T02:09:04.0620936Z   ▶️ [STEP step_6] CLICK: ADD TO CART
2026-01-19T02:09:04.0621472Z     🎯 Using mined locator: role=button[name='ADD TO CART']
2026-01-19T02:09:04.0621988Z     ✅ Step step_6 Passed.
2026-01-19T02:09:04.0622397Z   ▶️ [STEP step_7] CLICK: Cart
2026-01-19T02:09:04.0622993Z     🎯 Using mined locator: text='Cart'
2026-01-19T02:09:04.0623782Z     ❌ Attempt 1 failed (element_not_found): Locator.click: Timeout 10000ms exceeded.
2026-01-19T02:09:04.0624384Z Call log:
2026-01-19T02:09:04.0624675Z   - waiting for locator("text='Cart'")
2026-01-19T02:09:04.0625050Z     - loca...
2026-01-19T02:09:04.0625466Z     🔧 [AUTO-HEAL] Re-mining page to find 'Cart'...
2026-01-19T02:09:04.0626034Z [DEBUG] Sending request to gemini-2.0-flash. Number of parts: 2
2026-01-19T02:09:04.0626582Z [DEBUG] Received response (Length: 467)
2026-01-19T02:09:04.0627133Z     ✨ AI successfully healed the step! Found 2 alternatives.
2026-01-19T02:09:04.0627852Z     ✨ AI successfully healed the step! New selector: a[href*='checkout']
2026-01-19T02:09:04.0628768Z     ❌ Attempt 2 failed (element_not_found): Locator.bounding_box: Timeout 30000ms exceeded.
2026-01-19T02:09:04.0629402Z Call log:
2026-01-19T02:09:04.0629713Z   - waiting for locator("a[href*='checkout...
2026-01-19T02:09:04.0630278Z     🔧 [AUTO-HEAL] Re-mining page to find 'Cart'...
2026-01-19T02:09:04.0630745Z [CACHE HIT] f1509fff... (hits: 2, misses: 3)
2026-01-19T02:09:04.0631299Z     ✨ AI successfully healed the step! Found 2 alternatives.
2026-01-19T02:09:04.0632031Z     ✨ AI successfully healed the step! New selector: a[href*='checkout']
2026-01-19T02:09:04.0633114Z     ❌ Attempt 3 failed (element_not_found): Locator.bounding_box: Timeout 30000ms exceeded.
2026-01-19T02:09:04.0633760Z Call log:
2026-01-19T02:09:04.0634062Z   - waiting for locator("a[href*='checkout...
2026-01-19T02:09:04.0634574Z     💀 Step step_7 failed after all retries.
2026-01-19T02:09:04.0635197Z 🛑 Scenario 'Empty Cart Functionality' aborted due to step failure.
2026-01-19T02:09:04.0635920Z 
2026-01-19T02:09:04.0636076Z ============================================================
2026-01-19T02:09:04.0636536Z 🎯 EXECUTION SUMMARY
2026-01-19T02:09:04.0636877Z ============================================================
2026-01-19T02:09:04.0637173Z 
2026-01-19T02:09:04.0639778Z 📋 Scenario Overview:
2026-01-19T02:09:04.0640298Z    • Total Scenarios Planned: 3
2026-01-19T02:09:04.0640720Z    • Scenarios Executed: 3
2026-01-19T02:09:04.0641107Z    • Total Steps Executed: 61
2026-01-19T02:09:04.0641338Z 
2026-01-19T02:09:04.0641483Z ✅ Results:
2026-01-19T02:09:04.0641776Z    ✅ Passed: 2 (66%)
2026-01-19T02:09:04.0642110Z    ❌ Failed: 1 (33%)
2026-01-19T02:09:04.0642288Z 
2026-01-19T02:09:04.0642644Z ⚠️  Failed Scenarios:
2026-01-19T02:09:04.0643041Z    • Empty Cart Functionality
2026-01-19T02:09:04.0643277Z 
2026-01-19T02:09:04.0643431Z ============================================================
2026-01-19T02:09:04.0643748Z 
2026-01-19T02:09:04.0644538Z 🏁 Execution Finished. Report: /home/runner/work/build_qa_automation/build_qa_automation/projects/ci_rahulshetty_shop/execution.json
2026-01-19T02:09:04.2045461Z 
2026-01-19T02:09:04.2045897Z [PHASE] Running Phase: DISCOVERY
2026-01-19T02:09:04.2048545Z    Command: /opt/hostedtoolcache/Python/3.11.14/x64/bin/python /home/runner/work/build_qa_automation/build_qa_automation/core/agents/discovery.py --project /home/runner/work/build_qa_automation/build_qa_automation/projects/ci_rahulshetty_shop --url https://rahulshettyacademy.com/seleniumPractise/ --deep
2026-01-19T02:09:04.2050477Z ✅ Phase 'discovery' completed successfully.
2026-01-19T02:09:04.2050693Z 
2026-01-19T02:09:04.2050791Z [PHASE] Running Phase: PLANNING
2026-01-19T02:09:04.2052047Z    Command: /opt/hostedtoolcache/Python/3.11.14/x64/bin/python /home/runner/work/build_qa_automation/build_qa_automation/core/agents/planner.py --project /home/runner/work/build_qa_automation/build_qa_automation/projects/ci_rahulshetty_shop --goal Search and add items to cart --url https://rahulshettyacademy.com/seleniumPractise/ --deep
2026-01-19T02:09:04.2053511Z ✅ Phase 'planning' completed successfully.
2026-01-19T02:09:04.2053697Z 
2026-01-19T02:09:04.2053795Z [PHASE] Running Phase: EXPLORATION
2026-01-19T02:09:04.2054720Z    Command: /opt/hostedtoolcache/Python/3.11.14/x64/bin/python /home/runner/work/build_qa_automation/build_qa_automation/core/agents/deep_explorer.py --project /home/runner/work/build_qa_automation/build_qa_automation/projects/ci_rahulshetty_shop
2026-01-19T02:09:04.2055719Z ✅ Phase 'exploration' completed successfully.
2026-01-19T02:09:04.2056084Z 📊 Exploration Discovery Success Rate: 90.5%
2026-01-19T02:09:04.2056269Z 
2026-01-19T02:09:04.2056367Z [PHASE] Running Phase: EXECUTION
2026-01-19T02:09:04.2057280Z    Command: /opt/hostedtoolcache/Python/3.11.14/x64/bin/python /home/runner/work/build_qa_automation/build_qa_automation/core/agents/executor.py --project /home/runner/work/build_qa_automation/build_qa_automation/projects/ci_rahulshetty_shop
2026-01-19T02:09:04.2058296Z ✅ Phase 'execution' completed successfully.
2026-01-19T02:09:04.2058486Z 
2026-01-19T02:09:04.2058594Z [DONE] Pipeline Execution Finished! [DONE]
2026-01-19T02:09:04.3160158Z ##[group]Run RESULT_FILE="projects/ci_rahulshetty_shop/execution.json"
2026-01-19T02:09:04.3160668Z [36;1mRESULT_FILE="projects/ci_rahulshetty_shop/execution.json"[0m
2026-01-19T02:09:04.3161023Z [36;1mif [ -f "$RESULT_FILE" ]; then[0m
2026-01-19T02:09:04.3161355Z [36;1m  echo "✅ Results generated successfully: $RESULT_FILE"[0m
2026-01-19T02:09:04.3161804Z [36;1m  cat "$RESULT_FILE" | jq '.scenarios | length' || echo "Result file exists"[0m
2026-01-19T02:09:04.3162170Z [36;1melse[0m
2026-01-19T02:09:04.3162403Z [36;1m  echo "❌ No result file found at $RESULT_FILE"[0m
2026-01-19T02:09:04.3162917Z [36;1m  exit 1[0m
2026-01-19T02:09:04.3163099Z [36;1mfi[0m
2026-01-19T02:09:04.3195158Z shell: /usr/bin/bash -e {0}
2026-01-19T02:09:04.3195386Z env:
2026-01-19T02:09:04.3195641Z   pythonLocation: /opt/hostedtoolcache/Python/3.11.14/x64
2026-01-19T02:09:04.3196234Z   PKG_CONFIG_PATH: /opt/hostedtoolcache/Python/3.11.14/x64/lib/pkgconfig
2026-01-19T02:09:04.3196681Z   Python_ROOT_DIR: /opt/hostedtoolcache/Python/3.11.14/x64
2026-01-19T02:09:04.3197051Z   Python2_ROOT_DIR: /opt/hostedtoolcache/Python/3.11.14/x64
2026-01-19T02:09:04.3197430Z   Python3_ROOT_DIR: /opt/hostedtoolcache/Python/3.11.14/x64
2026-01-19T02:09:04.3197805Z   LD_LIBRARY_PATH: /opt/hostedtoolcache/Python/3.11.14/x64/lib
2026-01-19T02:09:04.3198109Z ##[endgroup]
2026-01-19T02:09:04.3249858Z ✅ Results generated successfully: projects/ci_rahulshetty_shop/execution.json
2026-01-19T02:09:04.3285542Z 3
2026-01-19T02:09:04.3351952Z ##[group]Run actions/upload-artifact@v4
2026-01-19T02:09:04.3352229Z with:
2026-01-19T02:09:04.3352622Z   name: rahulshetty_shop-execution-results
2026-01-19T02:09:04.3353107Z   path: projects/ci_rahulshetty_shop/execution.json
projects/ci_rahulshetty_shop/workflow.json

2026-01-19T02:09:04.3353554Z   retention-days: 30
2026-01-19T02:09:04.3353777Z   if-no-files-found: warn
2026-01-19T02:09:04.3353997Z   compression-level: 6
2026-01-19T02:09:04.3354196Z   overwrite: false
2026-01-19T02:09:04.3354394Z   include-hidden-files: false
2026-01-19T02:09:04.3354606Z env:
2026-01-19T02:09:04.3354840Z   pythonLocation: /opt/hostedtoolcache/Python/3.11.14/x64
2026-01-19T02:09:04.3355254Z   PKG_CONFIG_PATH: /opt/hostedtoolcache/Python/3.11.14/x64/lib/pkgconfig
2026-01-19T02:09:04.3355657Z   Python_ROOT_DIR: /opt/hostedtoolcache/Python/3.11.14/x64
2026-01-19T02:09:04.3356016Z   Python2_ROOT_DIR: /opt/hostedtoolcache/Python/3.11.14/x64
2026-01-19T02:09:04.3356408Z   Python3_ROOT_DIR: /opt/hostedtoolcache/Python/3.11.14/x64
2026-01-19T02:09:04.3356778Z   LD_LIBRARY_PATH: /opt/hostedtoolcache/Python/3.11.14/x64/lib
2026-01-19T02:09:04.3357076Z ##[endgroup]
2026-01-19T02:09:04.5505301Z Multiple search paths detected. Calculating the least common ancestor of all paths
2026-01-19T02:09:04.5509809Z The least common ancestor is /home/runner/work/build_qa_automation/build_qa_automation/projects/ci_rahulshetty_shop. This will be the root directory of the artifact
2026-01-19T02:09:04.5511324Z With the provided path, there will be 2 files uploaded
2026-01-19T02:09:04.5516577Z Artifact name is valid!
2026-01-19T02:09:04.5517836Z Root directory input is valid!
2026-01-19T02:09:04.8398297Z Beginning upload of artifact content to blob storage
2026-01-19T02:09:05.1341500Z Uploaded bytes 2599
2026-01-19T02:09:05.2093048Z Finished uploading artifact content to blob storage!
2026-01-19T02:09:05.2096041Z SHA256 digest of uploaded artifact zip is 0936f91c4e76f624a62b735e8f8590e1124298e4f2ce1d07926a432b93932499
2026-01-19T02:09:05.2098424Z Finalizing artifact upload
2026-01-19T02:09:05.3549213Z Artifact rahulshetty_shop-execution-results.zip successfully finalized. Artifact ID 5171695744
2026-01-19T02:09:05.3550946Z Artifact rahulshetty_shop-execution-results has been successfully uploaded! Final size is 2599 bytes. Artifact ID is 5171695744
2026-01-19T02:09:05.3558507Z Artifact download URL: https://github.com/vishvasmca-cmd/build_qa_automation/actions/runs/21122730879/artifacts/5171695744
2026-01-19T02:09:05.3698714Z Post job cleanup.
2026-01-19T02:09:05.5199916Z Cache hit occurred on the primary key setup-python-Linux-x64-24.04-Ubuntu-python-3.11.14-pip-dde08d0e0b672972dcda9f1a063036a2e0c226f5d0a20362e9401931676d80a4, not saving cache.
2026-01-19T02:09:05.5309483Z Post job cleanup.
2026-01-19T02:09:05.6261779Z [command]/usr/bin/git version
2026-01-19T02:09:05.6298881Z git version 2.52.0
2026-01-19T02:09:05.6340913Z Temporarily overriding HOME='/home/runner/work/_temp/3a2dc0bc-7530-4351-bac6-043a3a99664a' before making global git config changes
2026-01-19T02:09:05.6342083Z Adding repository directory to the temporary git global config as a safe directory
2026-01-19T02:09:05.6353973Z [command]/usr/bin/git config --global --add safe.directory /home/runner/work/build_qa_automation/build_qa_automation
2026-01-19T02:09:05.6390253Z [command]/usr/bin/git config --local --name-only --get-regexp core\.sshCommand
2026-01-19T02:09:05.6423351Z [command]/usr/bin/git submodule foreach --recursive sh -c "git config --local --name-only --get-regexp 'core\.sshCommand' && git config --local --unset-all 'core.sshCommand' || :"
2026-01-19T02:09:05.6656317Z [command]/usr/bin/git config --local --name-only --get-regexp http\.https\:\/\/github\.com\/\.extraheader
2026-01-19T02:09:05.6682016Z http.https://github.com/.extraheader
2026-01-19T02:09:05.6696780Z [command]/usr/bin/git config --local --unset-all http.https://github.com/.extraheader
2026-01-19T02:09:05.6733167Z [command]/usr/bin/git submodule foreach --recursive sh -c "git config --local --name-only --get-regexp 'http\.https\:\/\/github\.com\/\.extraheader' && git config --local --unset-all 'http.https://github.com/.extraheader' || :"
2026-01-19T02:09:05.6979587Z [command]/usr/bin/git config --local --name-only --get-regexp ^includeIf\.gitdir:
2026-01-19T02:09:05.7014387Z [command]/usr/bin/git submodule foreach --recursive git config --local --show-origin --name-only --get-regexp remote.origin.url
2026-01-19T02:09:05.7370373Z Cleaning up orphan processes
