2026-01-19T04:02:00.4264827Z Current runner version: '2.331.0'
2026-01-19T04:02:00.4286551Z ##[group]Runner Image Provisioner
2026-01-19T04:02:00.4287386Z Hosted Compute Agent
2026-01-19T04:02:00.4288064Z Version: 20251211.462
2026-01-19T04:02:00.4288652Z Commit: 6cbad8c2bb55d58165063d031ccabf57e2d2db61
2026-01-19T04:02:00.4289361Z Build Date: 2025-12-11T16:28:49Z
2026-01-19T04:02:00.4290058Z Worker ID: {fcae8ae9-d24f-4f41-bd25-42d7d2f73f00}
2026-01-19T04:02:00.4290777Z ##[endgroup]
2026-01-19T04:02:00.4291294Z ##[group]Operating System
2026-01-19T04:02:00.4291880Z Ubuntu
2026-01-19T04:02:00.4292338Z 24.04.3
2026-01-19T04:02:00.4292759Z LTS
2026-01-19T04:02:00.4293439Z ##[endgroup]
2026-01-19T04:02:00.4293988Z ##[group]Runner Image
2026-01-19T04:02:00.4294509Z Image: ubuntu-24.04
2026-01-19T04:02:00.4295082Z Version: 20260111.209.1
2026-01-19T04:02:00.4296175Z Included Software: https://github.com/actions/runner-images/blob/ubuntu24/20260111.209/images/ubuntu/Ubuntu2404-Readme.md
2026-01-19T04:02:00.4297828Z Image Release: https://github.com/actions/runner-images/releases/tag/ubuntu24%2F20260111.209
2026-01-19T04:02:00.4298867Z ##[endgroup]
2026-01-19T04:02:00.4299982Z ##[group]GITHUB_TOKEN Permissions
2026-01-19T04:02:00.4301765Z Contents: read
2026-01-19T04:02:00.4302336Z Metadata: read
2026-01-19T04:02:00.4302980Z Packages: read
2026-01-19T04:02:00.4303835Z ##[endgroup]
2026-01-19T04:02:00.4306297Z Secret source: Actions
2026-01-19T04:02:00.4307058Z Prepare workflow directory
2026-01-19T04:02:00.5386047Z Prepare all required actions
2026-01-19T04:02:00.5422457Z Getting action download info
2026-01-19T04:02:00.9303384Z Download action repository 'actions/checkout@v4' (SHA:34e114876b0b11c390a56381ad16ebd13914f8d5)
2026-01-19T04:02:01.0787606Z Download action repository 'actions/setup-python@v5' (SHA:a26af69be951a213d495a4c3e4e4022e16d87065)
2026-01-19T04:02:01.2027498Z Download action repository 'actions/upload-artifact@v4' (SHA:ea165f8d65b6e75b540449e92b4886f43607fa02)
2026-01-19T04:02:01.5880113Z Complete job name: test-websites-deep (seleniumeasy_forms, https://demo.seleniumeasy.com/basic-first-form-demo.html,...
2026-01-19T04:02:01.8070110Z ##[group]Run actions/checkout@v4
2026-01-19T04:02:01.8070994Z with:
2026-01-19T04:02:01.8071473Z   repository: vishvasmca-cmd/build_qa_automation
2026-01-19T04:02:01.8072245Z   token: ***
2026-01-19T04:02:01.8072643Z   ssh-strict: true
2026-01-19T04:02:01.8073058Z   ssh-user: git
2026-01-19T04:02:01.8073680Z   persist-credentials: true
2026-01-19T04:02:01.8074147Z   clean: true
2026-01-19T04:02:01.8074596Z   sparse-checkout-cone-mode: true
2026-01-19T04:02:01.8075096Z   fetch-depth: 1
2026-01-19T04:02:01.8075500Z   fetch-tags: false
2026-01-19T04:02:01.8075920Z   show-progress: true
2026-01-19T04:02:01.8076338Z   lfs: false
2026-01-19T04:02:01.8076745Z   submodules: false
2026-01-19T04:02:01.8077175Z   set-safe-directory: true
2026-01-19T04:02:01.8077925Z ##[endgroup]
2026-01-19T04:02:01.9131278Z Syncing repository: vishvasmca-cmd/build_qa_automation
2026-01-19T04:02:01.9133145Z ##[group]Getting Git version info
2026-01-19T04:02:01.9134465Z Working directory is '/home/runner/work/build_qa_automation/build_qa_automation'
2026-01-19T04:02:01.9135607Z [command]/usr/bin/git version
2026-01-19T04:02:01.9963804Z git version 2.52.0
2026-01-19T04:02:01.9991917Z ##[endgroup]
2026-01-19T04:02:02.0005936Z Temporarily overriding HOME='/home/runner/work/_temp/49e85fc1-8cb1-4011-b73e-1c2f0153e297' before making global git config changes
2026-01-19T04:02:02.0007754Z Adding repository directory to the temporary git global config as a safe directory
2026-01-19T04:02:02.0018647Z [command]/usr/bin/git config --global --add safe.directory /home/runner/work/build_qa_automation/build_qa_automation
2026-01-19T04:02:02.0097452Z Deleting the contents of '/home/runner/work/build_qa_automation/build_qa_automation'
2026-01-19T04:02:02.0100902Z ##[group]Initializing the repository
2026-01-19T04:02:02.0105116Z [command]/usr/bin/git init /home/runner/work/build_qa_automation/build_qa_automation
2026-01-19T04:02:02.0683917Z hint: Using 'master' as the name for the initial branch. This default branch name
2026-01-19T04:02:02.0685691Z hint: will change to "main" in Git 3.0. To configure the initial branch name
2026-01-19T04:02:02.0687017Z hint: to use in all of your new repositories, which will suppress this warning,
2026-01-19T04:02:02.0688043Z hint: call:
2026-01-19T04:02:02.0688548Z hint:
2026-01-19T04:02:02.0689220Z hint: 	git config --global init.defaultBranch <name>
2026-01-19T04:02:02.0690045Z hint:
2026-01-19T04:02:02.0690809Z hint: Names commonly chosen instead of 'master' are 'main', 'trunk' and
2026-01-19T04:02:02.0692060Z hint: 'development'. The just-created branch can be renamed via this command:
2026-01-19T04:02:02.0692983Z hint:
2026-01-19T04:02:02.0693742Z hint: 	git branch -m <name>
2026-01-19T04:02:02.0694320Z hint:
2026-01-19T04:02:02.0695076Z hint: Disable this message with "git config set advice.defaultBranchName false"
2026-01-19T04:02:02.0724583Z Initialized empty Git repository in /home/runner/work/build_qa_automation/build_qa_automation/.git/
2026-01-19T04:02:02.0736021Z [command]/usr/bin/git remote add origin https://github.com/vishvasmca-cmd/build_qa_automation
2026-01-19T04:02:02.0807633Z ##[endgroup]
2026-01-19T04:02:02.0809421Z ##[group]Disabling automatic garbage collection
2026-01-19T04:02:02.0812142Z [command]/usr/bin/git config --local gc.auto 0
2026-01-19T04:02:02.0841215Z ##[endgroup]
2026-01-19T04:02:02.0842623Z ##[group]Setting up auth
2026-01-19T04:02:02.0848802Z [command]/usr/bin/git config --local --name-only --get-regexp core\.sshCommand
2026-01-19T04:02:02.0879469Z [command]/usr/bin/git submodule foreach --recursive sh -c "git config --local --name-only --get-regexp 'core\.sshCommand' && git config --local --unset-all 'core.sshCommand' || :"
2026-01-19T04:02:02.2344776Z [command]/usr/bin/git config --local --name-only --get-regexp http\.https\:\/\/github\.com\/\.extraheader
2026-01-19T04:02:02.2372554Z [command]/usr/bin/git submodule foreach --recursive sh -c "git config --local --name-only --get-regexp 'http\.https\:\/\/github\.com\/\.extraheader' && git config --local --unset-all 'http.https://github.com/.extraheader' || :"
2026-01-19T04:02:02.2593152Z [command]/usr/bin/git config --local --name-only --get-regexp ^includeIf\.gitdir:
2026-01-19T04:02:02.2621757Z [command]/usr/bin/git submodule foreach --recursive git config --local --show-origin --name-only --get-regexp remote.origin.url
2026-01-19T04:02:02.2847625Z [command]/usr/bin/git config --local http.https://github.com/.extraheader AUTHORIZATION: basic ***
2026-01-19T04:02:02.2879598Z ##[endgroup]
2026-01-19T04:02:02.2881080Z ##[group]Fetching the repository
2026-01-19T04:02:02.2889608Z [command]/usr/bin/git -c protocol.version=2 fetch --no-tags --prune --no-recurse-submodules --depth=1 origin +2f305d435d899f67f11ae5adc61ad536fdd999e8:refs/remotes/origin/main
2026-01-19T04:02:03.8049065Z From https://github.com/vishvasmca-cmd/build_qa_automation
2026-01-19T04:02:03.8052065Z  * [new ref]         2f305d435d899f67f11ae5adc61ad536fdd999e8 -> origin/main
2026-01-19T04:02:03.8122276Z ##[endgroup]
2026-01-19T04:02:03.8123404Z ##[group]Determining the checkout info
2026-01-19T04:02:03.8125639Z ##[endgroup]
2026-01-19T04:02:03.8129494Z [command]/usr/bin/git sparse-checkout disable
2026-01-19T04:02:03.8208496Z [command]/usr/bin/git config --local --unset-all extensions.worktreeConfig
2026-01-19T04:02:03.8233054Z ##[group]Checking out the ref
2026-01-19T04:02:03.8236979Z [command]/usr/bin/git checkout --progress --force -B main refs/remotes/origin/main
2026-01-19T04:02:03.9695257Z Switched to a new branch 'main'
2026-01-19T04:02:03.9696576Z branch 'main' set up to track 'origin/main'.
2026-01-19T04:02:03.9715308Z ##[endgroup]
2026-01-19T04:02:03.9752245Z [command]/usr/bin/git log -1 --format=%H
2026-01-19T04:02:03.9774291Z 2f305d435d899f67f11ae5adc61ad536fdd999e8
2026-01-19T04:02:04.1244415Z ##[group]Run actions/setup-python@v5
2026-01-19T04:02:04.1244902Z with:
2026-01-19T04:02:04.1245221Z   python-version: 3.11
2026-01-19T04:02:04.1245567Z   cache: pip
2026-01-19T04:02:04.1246137Z   check-latest: false
2026-01-19T04:02:04.1246639Z   token: ***
2026-01-19T04:02:04.1246976Z   update-environment: true
2026-01-19T04:02:04.1247347Z   allow-prereleases: false
2026-01-19T04:02:04.1247715Z   freethreaded: false
2026-01-19T04:02:04.1248057Z ##[endgroup]
2026-01-19T04:02:04.2883624Z ##[group]Installed versions
2026-01-19T04:02:04.3441595Z Successfully set up CPython (3.11.14)
2026-01-19T04:02:04.3442862Z ##[endgroup]
2026-01-19T04:02:04.4440769Z [command]/opt/hostedtoolcache/Python/3.11.14/x64/bin/pip cache dir
2026-01-19T04:02:05.7545155Z /home/runner/.cache/pip
2026-01-19T04:02:06.0337754Z Cache hit for: setup-python-Linux-x64-24.04-Ubuntu-python-3.11.14-pip-dde08d0e0b672972dcda9f1a063036a2e0c226f5d0a20362e9401931676d80a4
2026-01-19T04:02:07.2753016Z Received 33554432 of 254742636 (13.2%), 32.0 MBs/sec
2026-01-19T04:02:08.2802214Z Received 155189248 of 254742636 (60.9%), 74.0 MBs/sec
2026-01-19T04:02:08.9365477Z Received 254742636 of 254742636 (100.0%), 91.3 MBs/sec
2026-01-19T04:02:08.9366571Z Cache Size: ~243 MB (254742636 B)
2026-01-19T04:02:08.9481649Z [command]/usr/bin/tar -xf /home/runner/work/_temp/625ada7f-6304-4490-abea-0a5e4d22a5fb/cache.tzst -P -C /home/runner/work/build_qa_automation/build_qa_automation --use-compress-program unzstd
2026-01-19T04:02:09.2962905Z Cache restored successfully
2026-01-19T04:02:09.3444041Z Cache restored from key: setup-python-Linux-x64-24.04-Ubuntu-python-3.11.14-pip-dde08d0e0b672972dcda9f1a063036a2e0c226f5d0a20362e9401931676d80a4
2026-01-19T04:02:09.3658887Z ##[group]Run pip install -r requirements.txt
2026-01-19T04:02:09.3659283Z [36;1mpip install -r requirements.txt[0m
2026-01-19T04:02:09.3659577Z [36;1mplaywright install chromium[0m
2026-01-19T04:02:09.3698647Z shell: /usr/bin/bash -e {0}
2026-01-19T04:02:09.3698897Z env:
2026-01-19T04:02:09.3699161Z   pythonLocation: /opt/hostedtoolcache/Python/3.11.14/x64
2026-01-19T04:02:09.3699601Z   PKG_CONFIG_PATH: /opt/hostedtoolcache/Python/3.11.14/x64/lib/pkgconfig
2026-01-19T04:02:09.3700044Z   Python_ROOT_DIR: /opt/hostedtoolcache/Python/3.11.14/x64
2026-01-19T04:02:09.3700415Z   Python2_ROOT_DIR: /opt/hostedtoolcache/Python/3.11.14/x64
2026-01-19T04:02:09.3700778Z   Python3_ROOT_DIR: /opt/hostedtoolcache/Python/3.11.14/x64
2026-01-19T04:02:09.3701154Z   LD_LIBRARY_PATH: /opt/hostedtoolcache/Python/3.11.14/x64/lib
2026-01-19T04:02:09.3701460Z ##[endgroup]
2026-01-19T04:02:10.7419859Z Collecting playwright (from -r requirements.txt (line 1))
2026-01-19T04:02:10.7435190Z   Using cached playwright-1.57.0-py3-none-manylinux1_x86_64.whl.metadata (3.5 kB)
2026-01-19T04:02:10.7652565Z Collecting python-dotenv (from -r requirements.txt (line 2))
2026-01-19T04:02:10.7666807Z   Using cached python_dotenv-1.2.1-py3-none-any.whl.metadata (25 kB)
2026-01-19T04:02:10.7986160Z Collecting requests (from -r requirements.txt (line 3))
2026-01-19T04:02:10.7999953Z   Using cached requests-2.32.5-py3-none-any.whl.metadata (4.9 kB)
2026-01-19T04:02:10.9687505Z Collecting pillow (from -r requirements.txt (line 4))
2026-01-19T04:02:10.9711170Z   Using cached pillow-12.1.0-cp311-cp311-manylinux_2_27_x86_64.manylinux_2_28_x86_64.whl.metadata (8.8 kB)
2026-01-19T04:02:11.0034676Z Collecting google-genai>=0.3.0 (from -r requirements.txt (line 5))
2026-01-19T04:02:11.0049108Z   Using cached google_genai-1.59.0-py3-none-any.whl.metadata (53 kB)
2026-01-19T04:02:11.0252866Z Collecting termcolor (from -r requirements.txt (line 6))
2026-01-19T04:02:11.0266032Z   Using cached termcolor-3.3.0-py3-none-any.whl.metadata (6.5 kB)
2026-01-19T04:02:11.0670631Z Collecting PyYAML (from -r requirements.txt (line 7))
2026-01-19T04:02:11.0684158Z   Using cached pyyaml-6.0.3-cp311-cp311-manylinux2014_x86_64.manylinux_2_17_x86_64.manylinux_2_28_x86_64.whl.metadata (2.4 kB)
2026-01-19T04:02:11.1282634Z Collecting opencv-python-headless (from -r requirements.txt (line 8))
2026-01-19T04:02:11.1296928Z   Using cached opencv_python_headless-4.13.0.90-cp37-abi3-manylinux_2_28_x86_64.whl.metadata (19 kB)
2026-01-19T04:02:11.3308655Z Collecting numpy (from -r requirements.txt (line 9))
2026-01-19T04:02:11.3324015Z   Using cached numpy-2.4.1-cp311-cp311-manylinux_2_27_x86_64.manylinux_2_28_x86_64.whl.metadata (6.6 kB)
2026-01-19T04:02:11.4193149Z Collecting faker (from -r requirements.txt (line 10))
2026-01-19T04:02:11.4207346Z   Using cached faker-40.1.2-py3-none-any.whl.metadata (16 kB)
2026-01-19T04:02:11.4423864Z Collecting pyee<14,>=13 (from playwright->-r requirements.txt (line 1))
2026-01-19T04:02:11.4436853Z   Using cached pyee-13.0.0-py3-none-any.whl.metadata (2.9 kB)
2026-01-19T04:02:11.5693818Z Collecting greenlet<4.0.0,>=3.1.1 (from playwright->-r requirements.txt (line 1))
2026-01-19T04:02:11.5709463Z   Using cached greenlet-3.3.0-cp311-cp311-manylinux_2_24_x86_64.manylinux_2_28_x86_64.whl.metadata (4.1 kB)
2026-01-19T04:02:11.5955983Z Collecting typing-extensions (from pyee<14,>=13->playwright->-r requirements.txt (line 1))
2026-01-19T04:02:11.5969660Z   Using cached typing_extensions-4.15.0-py3-none-any.whl.metadata (3.3 kB)
2026-01-19T04:02:11.6838816Z Collecting charset_normalizer<4,>=2 (from requests->-r requirements.txt (line 3))
2026-01-19T04:02:11.6854783Z   Using cached charset_normalizer-3.4.4-cp311-cp311-manylinux2014_x86_64.manylinux_2_17_x86_64.manylinux_2_28_x86_64.whl.metadata (37 kB)
2026-01-19T04:02:11.7064519Z Collecting idna<4,>=2.5 (from requests->-r requirements.txt (line 3))
2026-01-19T04:02:11.7077810Z   Using cached idna-3.11-py3-none-any.whl.metadata (8.4 kB)
2026-01-19T04:02:11.7399087Z Collecting urllib3<3,>=1.21.1 (from requests->-r requirements.txt (line 3))
2026-01-19T04:02:11.7412349Z   Using cached urllib3-2.6.3-py3-none-any.whl.metadata (6.9 kB)
2026-01-19T04:02:11.7680732Z Collecting certifi>=2017.4.17 (from requests->-r requirements.txt (line 3))
2026-01-19T04:02:11.7694251Z   Using cached certifi-2026.1.4-py3-none-any.whl.metadata (2.5 kB)
2026-01-19T04:02:11.7954404Z Collecting anyio<5.0.0,>=4.8.0 (from google-genai>=0.3.0->-r requirements.txt (line 5))
2026-01-19T04:02:11.7967843Z   Using cached anyio-4.12.1-py3-none-any.whl.metadata (4.3 kB)
2026-01-19T04:02:11.8360353Z Collecting google-auth<3.0.0,>=2.47.0 (from google-auth[requests]<3.0.0,>=2.47.0->google-genai>=0.3.0->-r requirements.txt (line 5))
2026-01-19T04:02:11.8374055Z   Using cached google_auth-2.47.0-py3-none-any.whl.metadata (6.4 kB)
2026-01-19T04:02:11.8664359Z Collecting httpx<1.0.0,>=0.28.1 (from google-genai>=0.3.0->-r requirements.txt (line 5))
2026-01-19T04:02:11.8677602Z   Using cached httpx-0.28.1-py3-none-any.whl.metadata (7.1 kB)
2026-01-19T04:02:12.0172988Z Collecting pydantic<3.0.0,>=2.9.0 (from google-genai>=0.3.0->-r requirements.txt (line 5))
2026-01-19T04:02:12.0188275Z   Using cached pydantic-2.12.5-py3-none-any.whl.metadata (90 kB)
2026-01-19T04:02:12.0490977Z Collecting tenacity<9.2.0,>=8.2.3 (from google-genai>=0.3.0->-r requirements.txt (line 5))
2026-01-19T04:02:12.0504551Z   Using cached tenacity-9.1.2-py3-none-any.whl.metadata (1.2 kB)
2026-01-19T04:02:12.1400413Z Collecting websockets<15.1.0,>=13.0.0 (from google-genai>=0.3.0->-r requirements.txt (line 5))
2026-01-19T04:02:12.1416357Z   Using cached websockets-15.0.1-cp311-cp311-manylinux_2_5_x86_64.manylinux1_x86_64.manylinux_2_17_x86_64.manylinux2014_x86_64.whl.metadata (6.8 kB)
2026-01-19T04:02:12.1626891Z Collecting distro<2,>=1.7.0 (from google-genai>=0.3.0->-r requirements.txt (line 5))
2026-01-19T04:02:12.1639524Z   Using cached distro-1.9.0-py3-none-any.whl.metadata (6.8 kB)
2026-01-19T04:02:12.1807092Z Collecting sniffio (from google-genai>=0.3.0->-r requirements.txt (line 5))
2026-01-19T04:02:12.1819717Z   Using cached sniffio-1.3.1-py3-none-any.whl.metadata (3.9 kB)
2026-01-19T04:02:12.2175096Z Collecting pyasn1-modules>=0.2.1 (from google-auth<3.0.0,>=2.47.0->google-auth[requests]<3.0.0,>=2.47.0->google-genai>=0.3.0->-r requirements.txt (line 5))
2026-01-19T04:02:12.2193834Z   Using cached pyasn1_modules-0.4.2-py3-none-any.whl.metadata (3.5 kB)
2026-01-19T04:02:12.2392921Z Collecting rsa<5,>=3.1.4 (from google-auth<3.0.0,>=2.47.0->google-auth[requests]<3.0.0,>=2.47.0->google-genai>=0.3.0->-r requirements.txt (line 5))
2026-01-19T04:02:12.2405345Z   Using cached rsa-4.9.1-py3-none-any.whl.metadata (5.6 kB)
2026-01-19T04:02:12.2721399Z Collecting httpcore==1.* (from httpx<1.0.0,>=0.28.1->google-genai>=0.3.0->-r requirements.txt (line 5))
2026-01-19T04:02:12.2734782Z   Using cached httpcore-1.0.9-py3-none-any.whl.metadata (21 kB)
2026-01-19T04:02:12.2935511Z Collecting h11>=0.16 (from httpcore==1.*->httpx<1.0.0,>=0.28.1->google-genai>=0.3.0->-r requirements.txt (line 5))
2026-01-19T04:02:12.2948543Z   Using cached h11-0.16.0-py3-none-any.whl.metadata (8.3 kB)
2026-01-19T04:02:12.3109350Z Collecting annotated-types>=0.6.0 (from pydantic<3.0.0,>=2.9.0->google-genai>=0.3.0->-r requirements.txt (line 5))
2026-01-19T04:02:12.3121964Z   Using cached annotated_types-0.7.0-py3-none-any.whl.metadata (15 kB)
2026-01-19T04:02:12.9628104Z Collecting pydantic-core==2.41.5 (from pydantic<3.0.0,>=2.9.0->google-genai>=0.3.0->-r requirements.txt (line 5))
2026-01-19T04:02:12.9643975Z   Using cached pydantic_core-2.41.5-cp311-cp311-manylinux_2_17_x86_64.manylinux2014_x86_64.whl.metadata (7.3 kB)
2026-01-19T04:02:12.9842651Z Collecting typing-inspection>=0.4.2 (from pydantic<3.0.0,>=2.9.0->google-genai>=0.3.0->-r requirements.txt (line 5))
2026-01-19T04:02:12.9855913Z   Using cached typing_inspection-0.4.2-py3-none-any.whl.metadata (2.6 kB)
2026-01-19T04:02:13.0568038Z Collecting pyasn1>=0.1.3 (from rsa<5,>=3.1.4->google-auth<3.0.0,>=2.47.0->google-auth[requests]<3.0.0,>=2.47.0->google-genai>=0.3.0->-r requirements.txt (line 5))
2026-01-19T04:02:13.0582301Z   Using cached pyasn1-0.6.2-py3-none-any.whl.metadata (8.4 kB)
2026-01-19T04:02:13.0847634Z Using cached playwright-1.57.0-py3-none-manylinux1_x86_64.whl (46.0 MB)
2026-01-19T04:02:13.1182981Z Using cached greenlet-3.3.0-cp311-cp311-manylinux_2_24_x86_64.manylinux_2_28_x86_64.whl (590 kB)
2026-01-19T04:02:13.1200568Z Using cached pyee-13.0.0-py3-none-any.whl (15 kB)
2026-01-19T04:02:13.1213673Z Using cached python_dotenv-1.2.1-py3-none-any.whl (21 kB)
2026-01-19T04:02:13.1226609Z Using cached requests-2.32.5-py3-none-any.whl (64 kB)
2026-01-19T04:02:13.1240295Z Using cached charset_normalizer-3.4.4-cp311-cp311-manylinux2014_x86_64.manylinux_2_17_x86_64.manylinux_2_28_x86_64.whl (151 kB)
2026-01-19T04:02:13.1253595Z Using cached idna-3.11-py3-none-any.whl (71 kB)
2026-01-19T04:02:13.1266167Z Using cached urllib3-2.6.3-py3-none-any.whl (131 kB)
2026-01-19T04:02:13.1279875Z Using cached pillow-12.1.0-cp311-cp311-manylinux_2_27_x86_64.manylinux_2_28_x86_64.whl (7.0 MB)
2026-01-19T04:02:13.1341128Z Using cached google_genai-1.59.0-py3-none-any.whl (719 kB)
2026-01-19T04:02:13.1358839Z Using cached anyio-4.12.1-py3-none-any.whl (113 kB)
2026-01-19T04:02:13.1372123Z Using cached distro-1.9.0-py3-none-any.whl (20 kB)
2026-01-19T04:02:13.1385096Z Using cached google_auth-2.47.0-py3-none-any.whl (234 kB)
2026-01-19T04:02:13.1399028Z Using cached httpx-0.28.1-py3-none-any.whl (73 kB)
2026-01-19T04:02:13.1411915Z Using cached httpcore-1.0.9-py3-none-any.whl (78 kB)
2026-01-19T04:02:13.1425005Z Using cached pydantic-2.12.5-py3-none-any.whl (463 kB)
2026-01-19T04:02:13.1440963Z Using cached pydantic_core-2.41.5-cp311-cp311-manylinux_2_17_x86_64.manylinux2014_x86_64.whl (2.1 MB)
2026-01-19T04:02:13.1467403Z Using cached rsa-4.9.1-py3-none-any.whl (34 kB)
2026-01-19T04:02:13.1479926Z Using cached tenacity-9.1.2-py3-none-any.whl (28 kB)
2026-01-19T04:02:13.1492431Z Using cached typing_extensions-4.15.0-py3-none-any.whl (44 kB)
2026-01-19T04:02:13.1505931Z Using cached websockets-15.0.1-cp311-cp311-manylinux_2_5_x86_64.manylinux1_x86_64.manylinux_2_17_x86_64.manylinux2014_x86_64.whl (182 kB)
2026-01-19T04:02:13.1519096Z Using cached termcolor-3.3.0-py3-none-any.whl (7.7 kB)
2026-01-19T04:02:13.1531949Z Using cached pyyaml-6.0.3-cp311-cp311-manylinux2014_x86_64.manylinux_2_17_x86_64.manylinux_2_28_x86_64.whl (806 kB)
2026-01-19T04:02:13.1550498Z Using cached opencv_python_headless-4.13.0.90-cp37-abi3-manylinux_2_28_x86_64.whl (62.5 MB)
2026-01-19T04:02:13.1995827Z Using cached numpy-2.4.1-cp311-cp311-manylinux_2_27_x86_64.manylinux_2_28_x86_64.whl (16.7 MB)
2026-01-19T04:02:13.2122711Z Using cached faker-40.1.2-py3-none-any.whl (2.0 MB)
2026-01-19T04:02:13.2149145Z Using cached annotated_types-0.7.0-py3-none-any.whl (13 kB)
2026-01-19T04:02:13.2161795Z Using cached certifi-2026.1.4-py3-none-any.whl (152 kB)
2026-01-19T04:02:13.2175435Z Using cached h11-0.16.0-py3-none-any.whl (37 kB)
2026-01-19T04:02:13.2188351Z Using cached pyasn1-0.6.2-py3-none-any.whl (83 kB)
2026-01-19T04:02:13.2201349Z Using cached pyasn1_modules-0.4.2-py3-none-any.whl (181 kB)
2026-01-19T04:02:13.2214932Z Using cached typing_inspection-0.4.2-py3-none-any.whl (14 kB)
2026-01-19T04:02:13.2227379Z Using cached sniffio-1.3.1-py3-none-any.whl (10 kB)
2026-01-19T04:02:13.4422864Z Installing collected packages: websockets, urllib3, typing-extensions, termcolor, tenacity, sniffio, PyYAML, python-dotenv, pyasn1, pillow, numpy, idna, h11, greenlet, faker, distro, charset_normalizer, certifi, annotated-types, typing-inspection, rsa, requests, pyee, pydantic-core, pyasn1-modules, opencv-python-headless, httpcore, anyio, pydantic, playwright, httpx, google-auth, google-genai
2026-01-19T04:02:20.1037174Z 
2026-01-19T04:02:20.1060683Z Successfully installed PyYAML-6.0.3 annotated-types-0.7.0 anyio-4.12.1 certifi-2026.1.4 charset_normalizer-3.4.4 distro-1.9.0 faker-40.1.2 google-auth-2.47.0 google-genai-1.59.0 greenlet-3.3.0 h11-0.16.0 httpcore-1.0.9 httpx-0.28.1 idna-3.11 numpy-2.4.1 opencv-python-headless-4.13.0.90 pillow-12.1.0 playwright-1.57.0 pyasn1-0.6.2 pyasn1-modules-0.4.2 pydantic-2.12.5 pydantic-core-2.41.5 pyee-13.0.0 python-dotenv-1.2.1 requests-2.32.5 rsa-4.9.1 sniffio-1.3.1 tenacity-9.1.2 termcolor-3.3.0 typing-extensions-4.15.0 typing-inspection-0.4.2 urllib3-2.6.3 websockets-15.0.1
2026-01-19T04:02:20.6785593Z Downloading Chromium 143.0.7499.4 (playwright build v1200) from https://cdn.playwright.dev/dbazure/download/playwright/builds/chromium/1200/chromium-linux.zip
2026-01-19T04:02:20.7747652Z (node:2208) [DEP0169] DeprecationWarning: `url.parse()` behavior is not standardized and prone to errors that have security implications. Use the WHATWG URL API instead. CVEs are not issued for `url.parse()` vulnerabilities.
2026-01-19T04:02:20.7749427Z (Use `node --trace-deprecation ...` to show where the warning was created)
2026-01-19T04:02:20.9454929Z |                                                                                |   0% of 164.7 MiB
2026-01-19T04:02:21.0913931Z |■■■■■■■■                                                                        |  10% of 164.7 MiB
2026-01-19T04:02:21.1873611Z |■■■■■■■■■■■■■■■■                                                                |  20% of 164.7 MiB
2026-01-19T04:02:21.2699450Z |■■■■■■■■■■■■■■■■■■■■■■■■                                                        |  30% of 164.7 MiB
2026-01-19T04:02:21.3671106Z |■■■■■■■■■■■■■■■■■■■■■■■■■■■■■■■■                                                |  40% of 164.7 MiB
2026-01-19T04:02:21.4662315Z |■■■■■■■■■■■■■■■■■■■■■■■■■■■■■■■■■■■■■■■■                                        |  50% of 164.7 MiB
2026-01-19T04:02:21.5552648Z |■■■■■■■■■■■■■■■■■■■■■■■■■■■■■■■■■■■■■■■■■■■■■■■■                                |  60% of 164.7 MiB
2026-01-19T04:02:21.6501834Z |■■■■■■■■■■■■■■■■■■■■■■■■■■■■■■■■■■■■■■■■■■■■■■■■■■■■■■■■                        |  70% of 164.7 MiB
2026-01-19T04:02:21.7326152Z |■■■■■■■■■■■■■■■■■■■■■■■■■■■■■■■■■■■■■■■■■■■■■■■■■■■■■■■■■■■■■■■■                |  80% of 164.7 MiB
2026-01-19T04:02:21.8236676Z |■■■■■■■■■■■■■■■■■■■■■■■■■■■■■■■■■■■■■■■■■■■■■■■■■■■■■■■■■■■■■■■■■■■■■■■■        |  90% of 164.7 MiB
2026-01-19T04:02:21.9251548Z |■■■■■■■■■■■■■■■■■■■■■■■■■■■■■■■■■■■■■■■■■■■■■■■■■■■■■■■■■■■■■■■■■■■■■■■■■■■■■■■■| 100% of 164.7 MiB
2026-01-19T04:02:24.3071582Z Chromium 143.0.7499.4 (playwright build v1200) downloaded to /home/runner/.cache/ms-playwright/chromium-1200
2026-01-19T04:02:24.3076231Z Downloading FFMPEG playwright build v1011 from https://cdn.playwright.dev/dbazure/download/playwright/builds/ffmpeg/1011/ffmpeg-linux.zip
2026-01-19T04:02:24.4025056Z (node:2221) [DEP0169] DeprecationWarning: `url.parse()` behavior is not standardized and prone to errors that have security implications. Use the WHATWG URL API instead. CVEs are not issued for `url.parse()` vulnerabilities.
2026-01-19T04:02:24.4026444Z (Use `node --trace-deprecation ...` to show where the warning was created)
2026-01-19T04:02:24.5020555Z |                                                                                |   0% of 2.3 MiB
2026-01-19T04:02:24.5208329Z |■■■■■■■■                                                                        |  10% of 2.3 MiB
2026-01-19T04:02:24.5287995Z |■■■■■■■■■■■■■■■■                                                                |  20% of 2.3 MiB
2026-01-19T04:02:24.5341419Z |■■■■■■■■■■■■■■■■■■■■■■■■                                                        |  30% of 2.3 MiB
2026-01-19T04:02:24.5378142Z |■■■■■■■■■■■■■■■■■■■■■■■■■■■■■■■■                                                |  40% of 2.3 MiB
2026-01-19T04:02:24.5395011Z |■■■■■■■■■■■■■■■■■■■■■■■■■■■■■■■■■■■■■■■■                                        |  50% of 2.3 MiB
2026-01-19T04:02:24.5419774Z |■■■■■■■■■■■■■■■■■■■■■■■■■■■■■■■■■■■■■■■■■■■■■■■■                                |  60% of 2.3 MiB
2026-01-19T04:02:24.5440278Z |■■■■■■■■■■■■■■■■■■■■■■■■■■■■■■■■■■■■■■■■■■■■■■■■■■■■■■■■                        |  70% of 2.3 MiB
2026-01-19T04:02:24.5462070Z |■■■■■■■■■■■■■■■■■■■■■■■■■■■■■■■■■■■■■■■■■■■■■■■■■■■■■■■■■■■■■■■■                |  80% of 2.3 MiB
2026-01-19T04:02:24.5528602Z |■■■■■■■■■■■■■■■■■■■■■■■■■■■■■■■■■■■■■■■■■■■■■■■■■■■■■■■■■■■■■■■■■■■■■■■■        |  90% of 2.3 MiB
2026-01-19T04:02:24.5538342Z |■■■■■■■■■■■■■■■■■■■■■■■■■■■■■■■■■■■■■■■■■■■■■■■■■■■■■■■■■■■■■■■■■■■■■■■■■■■■■■■■| 100% of 2.3 MiB
2026-01-19T04:02:24.6070842Z FFMPEG playwright build v1011 downloaded to /home/runner/.cache/ms-playwright/ffmpeg-1011
2026-01-19T04:02:24.6075002Z Downloading Chromium Headless Shell 143.0.7499.4 (playwright build v1200) from https://cdn.playwright.dev/dbazure/download/playwright/builds/chromium/1200/chromium-headless-shell-linux.zip
2026-01-19T04:02:24.7010689Z (node:2232) [DEP0169] DeprecationWarning: `url.parse()` behavior is not standardized and prone to errors that have security implications. Use the WHATWG URL API instead. CVEs are not issued for `url.parse()` vulnerabilities.
2026-01-19T04:02:24.7012675Z (Use `node --trace-deprecation ...` to show where the warning was created)
2026-01-19T04:02:24.9064665Z |                                                                                |   0% of 109.7 MiB
2026-01-19T04:02:25.0315155Z |■■■■■■■■                                                                        |  10% of 109.7 MiB
2026-01-19T04:02:25.0879713Z |■■■■■■■■■■■■■■■■                                                                |  20% of 109.7 MiB
2026-01-19T04:02:25.1421044Z |■■■■■■■■■■■■■■■■■■■■■■■■                                                        |  30% of 109.7 MiB
2026-01-19T04:02:25.1901972Z |■■■■■■■■■■■■■■■■■■■■■■■■■■■■■■■■                                                |  40% of 109.7 MiB
2026-01-19T04:02:25.2510092Z |■■■■■■■■■■■■■■■■■■■■■■■■■■■■■■■■■■■■■■■■                                        |  50% of 109.7 MiB
2026-01-19T04:02:25.3063752Z |■■■■■■■■■■■■■■■■■■■■■■■■■■■■■■■■■■■■■■■■■■■■■■■■                                |  60% of 109.7 MiB
2026-01-19T04:02:25.3617158Z |■■■■■■■■■■■■■■■■■■■■■■■■■■■■■■■■■■■■■■■■■■■■■■■■■■■■■■■■                        |  70% of 109.7 MiB
2026-01-19T04:02:25.4096804Z |■■■■■■■■■■■■■■■■■■■■■■■■■■■■■■■■■■■■■■■■■■■■■■■■■■■■■■■■■■■■■■■■                |  80% of 109.7 MiB
2026-01-19T04:02:25.4594275Z |■■■■■■■■■■■■■■■■■■■■■■■■■■■■■■■■■■■■■■■■■■■■■■■■■■■■■■■■■■■■■■■■■■■■■■■■        |  90% of 109.7 MiB
2026-01-19T04:02:25.5184298Z |■■■■■■■■■■■■■■■■■■■■■■■■■■■■■■■■■■■■■■■■■■■■■■■■■■■■■■■■■■■■■■■■■■■■■■■■■■■■■■■■| 100% of 109.7 MiB
2026-01-19T04:02:27.3053124Z Chromium Headless Shell 143.0.7499.4 (playwright build v1200) downloaded to /home/runner/.cache/ms-playwright/chromium_headless_shell-1200
2026-01-19T04:02:27.3368911Z ##[group]Run mkdir -p projects/ci_seleniumeasy_forms
2026-01-19T04:02:27.3369393Z [36;1mmkdir -p projects/ci_seleniumeasy_forms[0m
2026-01-19T04:02:27.3369806Z [36;1mcat > projects/ci_seleniumeasy_forms/config.json << 'EOF'[0m
2026-01-19T04:02:27.3370146Z [36;1m{[0m
2026-01-19T04:02:27.3370383Z [36;1m  "project_name": "ci_seleniumeasy_forms",[0m
2026-01-19T04:02:27.3370835Z [36;1m  "target_url": "https://demo.seleniumeasy.com/basic-first-form-demo.html",[0m
2026-01-19T04:02:27.3371269Z [36;1m  "goal": "Validate input forms",[0m
2026-01-19T04:02:27.3371531Z [36;1m  "headless": true[0m
2026-01-19T04:02:27.3371742Z [36;1m}[0m
2026-01-19T04:02:27.3371909Z [36;1mEOF[0m
2026-01-19T04:02:27.3404256Z shell: /usr/bin/bash -e {0}
2026-01-19T04:02:27.3404497Z env:
2026-01-19T04:02:27.3404755Z   pythonLocation: /opt/hostedtoolcache/Python/3.11.14/x64
2026-01-19T04:02:27.3405181Z   PKG_CONFIG_PATH: /opt/hostedtoolcache/Python/3.11.14/x64/lib/pkgconfig
2026-01-19T04:02:27.3405648Z   Python_ROOT_DIR: /opt/hostedtoolcache/Python/3.11.14/x64
2026-01-19T04:02:27.3406077Z   Python2_ROOT_DIR: /opt/hostedtoolcache/Python/3.11.14/x64
2026-01-19T04:02:27.3406459Z   Python3_ROOT_DIR: /opt/hostedtoolcache/Python/3.11.14/x64
2026-01-19T04:02:27.3406835Z   LD_LIBRARY_PATH: /opt/hostedtoolcache/Python/3.11.14/x64/lib
2026-01-19T04:02:27.3407142Z ##[endgroup]
2026-01-19T04:02:27.3566357Z ##[group]Run # Use --deep for comprehensive regression suite
2026-01-19T04:02:27.3566815Z [36;1m# Use --deep for comprehensive regression suite[0m
2026-01-19T04:02:27.3567290Z [36;1mpython orchestrator.py --project projects/ci_seleniumeasy_forms --deep --force[0m
2026-01-19T04:02:27.3595962Z shell: /usr/bin/bash -e {0}
2026-01-19T04:02:27.3596195Z env:
2026-01-19T04:02:27.3596441Z   pythonLocation: /opt/hostedtoolcache/Python/3.11.14/x64
2026-01-19T04:02:27.3596868Z   PKG_CONFIG_PATH: /opt/hostedtoolcache/Python/3.11.14/x64/lib/pkgconfig
2026-01-19T04:02:27.3597288Z   Python_ROOT_DIR: /opt/hostedtoolcache/Python/3.11.14/x64
2026-01-19T04:02:27.3597823Z   Python2_ROOT_DIR: /opt/hostedtoolcache/Python/3.11.14/x64
2026-01-19T04:02:27.3598187Z   Python3_ROOT_DIR: /opt/hostedtoolcache/Python/3.11.14/x64
2026-01-19T04:02:27.3598566Z   LD_LIBRARY_PATH: /opt/hostedtoolcache/Python/3.11.14/x64/lib
2026-01-19T04:02:27.3599190Z   GOOGLE_API_KEY: ***
2026-01-19T04:02:27.3599447Z   PYTHONPATH: .
2026-01-19T04:02:27.3599630Z ##[endgroup]
2026-01-19T04:02:29.0976336Z 🚀 [DEEP] Extensive mapping enabled (Depth: 3, Pages: 50)
2026-01-19T04:02:29.0976764Z 
2026-01-19T04:02:29.0977549Z 🗺️ [DISCOVERY] Starting Parallel Semantic Crawl on https://demo.seleniumeasy.com/basic-first-form-demo.html (Workers: 3)
2026-01-19T04:02:30.5210769Z   🔍 [Worker 0] Visiting (0): https://demo.seleniumeasy.com/basic-first-form-demo.html
2026-01-19T04:02:30.7041751Z     ❌ [Worker 0] Failed https://demo.seleniumeasy.com/basic-first-form-demo.html: Page.goto: net::ERR_NAME_NOT_RESOLVED at https://demo.seleniumeasy.com/basic-first-form-demo.html
2026-01-19T04:02:30.7043128Z Call log:
2026-01-19T04:02:30.7044236Z   - navigating to "https://demo.seleniumeasy.com/basic-first-form-demo.html", waiting until "domcontentloaded"
2026-01-19T04:02:30.7045067Z 
2026-01-19T04:02:30.7324048Z ✅ Discovery Complete. Mapped 0 pages.
2026-01-19T04:02:37.0358321Z 
2026-01-19T04:02:37.0359029Z [PLAN] PLANNER: Planning goal -> 'Validate input forms' (Deep Mode: True)
2026-01-19T04:02:37.0359781Z 🗺️ [PLAN] Loaded Sitemap with 0 pages.
2026-01-19T04:02:37.0360836Z 🎭 [EXPERT] Detected Domain: GENERAL. Persona: Act as Senior SDET focusing on exploring the application to understand functional flow and identifying critical paths for end-to-end automation
2026-01-19T04:02:37.0361831Z [DEBUG] Sending request to gemini-2.0-flash. Number of parts: 1
2026-01-19T04:02:37.0362225Z [DEBUG] Received response (Length: 3976)
2026-01-19T04:02:37.0362614Z ✅ Planner generated 3 scenarios. Workflow updated.
2026-01-19T04:02:38.0392233Z 
2026-01-19T04:02:38.0393451Z 🕵️ [DEEP EXPLORER] Starting Multi-Scenario Exploration
2026-01-19T04:02:38.0394152Z 📋 Found 3 scenarios to explore.
2026-01-19T04:02:38.3982309Z 
2026-01-19T04:02:38.3982873Z [1/3] Exploring Scenario: Validate Single Input Form
2026-01-19T04:02:38.3984181Z     🧠 Initialized exploration context for goal: 'Validate input forms'
2026-01-19T04:02:38.3984635Z   ▶️ [STEP step_1] NAVIGATE: 
2026-01-19T04:02:39.0421687Z     ❌ Navigation failed to https://demo.seleniumeasy.com/basic-first-form-demo.html: Page.goto: net::ERR_NAME_NOT_RESOLVED at https://demo.seleniumeasy.com/basic-first-form-demo.html
2026-01-19T04:02:39.0423007Z Call log:
2026-01-19T04:02:39.0423974Z   - navigating to "https://demo.seleniumeasy.com/basic-first-form-demo.html", waiting until "domcontentloaded"
2026-01-19T04:02:39.0424743Z 
2026-01-19T04:02:39.0425752Z     ⚠️ Critical step failure: Page.goto: net::ERR_NAME_NOT_RESOLVED at https://demo.seleniumeasy.com/basic-first-form-demo.html
2026-01-19T04:02:39.0426857Z Ca
2026-01-19T04:02:39.0427462Z   ▶️ [STEP step_2] ASSERT_VISIBLE: Single Input Field
2026-01-19T04:02:39.0658395Z     🔍 Mining locators for: 'Single Input Field'
2026-01-19T04:02:39.0919020Z     🧠 Consulting AI (Vision-First) to find 'Single Input Field'...
2026-01-19T04:02:39.0937573Z     🔍 Trying smart selectors for 'Single Input Field'...
2026-01-19T04:02:39.1621160Z     ⚠️ Smart selectors failed (no unique match). Falling back to AI Vision...
2026-01-19T04:02:39.1622242Z     🧠 [EXPERT] Strategy: Act as Senior SDET focusing on exploring the application to understand functional flow and identifying critical paths for end-to-end automation.
2026-01-19T04:02:40.4586397Z [DEBUG] Sending request to gemini-2.0-flash. Number of parts: 2
2026-01-19T04:02:40.4586883Z [DEBUG] Received response (Length: 182)
2026-01-19T04:02:40.4587461Z     💡 Expert Suggestion: Search bar is likely on the Products page.
2026-01-19T04:02:40.4587929Z     🛠️ Executing corrective action: click -> 'Products'
2026-01-19T04:02:40.4857411Z     🔄 Retry 1/3 mining locators for 'Single Input Field'...
2026-01-19T04:02:41.5079952Z     🧠 Consulting AI (Vision-First) to find 'Single Input Field'...
2026-01-19T04:02:41.5080857Z     🔍 Trying smart selectors for 'Single Input Field'...
2026-01-19T04:02:41.5969887Z     ⚠️ Smart selectors failed (no unique match). Falling back to AI Vision...
2026-01-19T04:02:41.5971803Z     🧠 [EXPERT] Strategy: Act as Senior SDET focusing on exploring the application to understand functional flow and identifying critical paths for end-to-end automation.
2026-01-19T04:02:41.5973712Z [CACHE HIT] 5db13f02... (hits: 1, misses: 1)
2026-01-19T04:02:41.5974364Z     ⚠️ Skipping duplicate injection: Products
2026-01-19T04:02:41.5975084Z     🔄 Retry 2/3 mining locators for 'Single Input Field'...
2026-01-19T04:02:42.5987533Z     🗑️ Invalidating stale AI cache (retry 2)...
2026-01-19T04:02:42.5988993Z     ⚠️ Cache invalidation warning: No module named 'core.agents.domain_expert'
2026-01-19T04:02:42.6213899Z     🧠 Consulting AI (Vision-First) to find 'Single Input Field'...
2026-01-19T04:02:42.6214732Z     🔍 Trying smart selectors for 'Single Input Field'...
2026-01-19T04:02:42.6772576Z     ⚠️ Smart selectors failed (no unique match). Falling back to AI Vision...
2026-01-19T04:02:42.6774156Z     🧠 [EXPERT] Strategy: Act as Senior SDET focusing on exploring the application to understand functional flow and identifying critical paths for end-to-end automation.
2026-01-19T04:02:42.6777021Z [CACHE HIT] 5db13f02... (hits: 2, misses: 1)
2026-01-19T04:02:42.6777725Z     ⚠️ Skipping duplicate injection: Products
2026-01-19T04:02:42.6778333Z     🧠 Verifying step validity for 'Single Input Field' after no candidates found...
2026-01-19T04:02:45.4118568Z [DEBUG] Sending request to gemini-2.0-flash. Number of parts: 2
2026-01-19T04:02:45.4119110Z [DEBUG] Received response (Length: 191)
2026-01-19T04:02:45.4120443Z     🗑️ Step deemed INVALID: The current page is a Chrome error page. There are no input fields to interact with on this page. Therefore, the task is invalid.. Removing from workflow.
2026-01-19T04:02:45.4121589Z     ⏭️ Skipping execution of invalid step: Single Input Field
2026-01-19T04:02:45.4122071Z   ▶️ [STEP step_3] FILL: Single Input Field
2026-01-19T04:02:45.4175931Z     🔍 Mining locators for: 'Single Input Field'
2026-01-19T04:02:45.4381828Z     🧠 Consulting AI (Vision-First) to find 'Single Input Field'...
2026-01-19T04:02:45.4382393Z     🔍 Trying smart selectors for 'Single Input Field'...
2026-01-19T04:02:45.4921566Z     ⚠️ Smart selectors failed (no unique match). Falling back to AI Vision...
2026-01-19T04:02:45.4922981Z     🧠 [EXPERT] Strategy: Act as Senior SDET focusing on exploring the application to understand functional flow and identifying critical paths for end-to-end automation.
2026-01-19T04:02:45.4926241Z [CACHE HIT] 5db13f02... (hits: 3, misses: 2)
2026-01-19T04:02:45.4927073Z     💡 Expert Suggestion: Search bar is likely on the Products page.
2026-01-19T04:02:45.4927920Z     🛠️ Executing corrective action: click -> 'Products'
2026-01-19T04:02:45.5180075Z     🔄 Retry 1/3 mining locators for 'Single Input Field'...
2026-01-19T04:02:46.5397225Z     🧠 Consulting AI (Vision-First) to find 'Single Input Field'...
2026-01-19T04:02:46.5398140Z     🔍 Trying smart selectors for 'Single Input Field'...
2026-01-19T04:02:46.5936899Z     ⚠️ Smart selectors failed (no unique match). Falling back to AI Vision...
2026-01-19T04:02:46.5938557Z     🧠 [EXPERT] Strategy: Act as Senior SDET focusing on exploring the application to understand functional flow and identifying critical paths for end-to-end automation.
2026-01-19T04:02:46.5941525Z [CACHE HIT] 5db13f02... (hits: 4, misses: 2)
2026-01-19T04:02:46.5942019Z     ⚠️ Skipping duplicate injection: Products
2026-01-19T04:02:46.5942446Z     🔄 Retry 2/3 mining locators for 'Single Input Field'...
2026-01-19T04:02:47.5954570Z     🗑️ Invalidating stale AI cache (retry 2)...
2026-01-19T04:02:47.5956151Z     ⚠️ Cache invalidation warning: No module named 'core.agents.domain_expert'
2026-01-19T04:02:47.6158122Z     🧠 Consulting AI (Vision-First) to find 'Single Input Field'...
2026-01-19T04:02:47.6159495Z     🔍 Trying smart selectors for 'Single Input Field'...
2026-01-19T04:02:47.6699091Z     ⚠️ Smart selectors failed (no unique match). Falling back to AI Vision...
2026-01-19T04:02:47.6700454Z     🧠 [EXPERT] Strategy: Act as Senior SDET focusing on exploring the application to understand functional flow and identifying critical paths for end-to-end automation.
2026-01-19T04:02:47.6703567Z [CACHE HIT] 5db13f02... (hits: 5, misses: 2)
2026-01-19T04:02:47.6704175Z     ⚠️ Skipping duplicate injection: Products
2026-01-19T04:02:47.6704865Z     🧠 Verifying step validity for 'Single Input Field' after no candidates found...
2026-01-19T04:02:47.6707560Z [CACHE HIT] 26fec854... (hits: 6, misses: 2)
2026-01-19T04:02:47.6709052Z     🗑️ Step deemed INVALID: The current page is a Chrome error page. There are no input fields to interact with on this page. Therefore, the task is invalid.. Removing from workflow.
2026-01-19T04:02:47.6709893Z     ⏭️ Skipping execution of invalid step: Single Input Field
2026-01-19T04:02:47.6710285Z   ▶️ [STEP step_4] CLICK: Show Message
2026-01-19T04:02:47.6753186Z     🔍 Mining locators for: 'Show Message'
2026-01-19T04:02:47.6978284Z     🧠 Consulting AI (Vision-First) to find 'Show Message'...
2026-01-19T04:02:47.6978889Z     🔍 Trying smart selectors for 'Show Message'...
2026-01-19T04:02:47.7456265Z     ⚠️ Smart selectors failed (no unique match). Falling back to AI Vision...
2026-01-19T04:02:47.7457987Z     🧠 [EXPERT] Strategy: Act as Senior SDET focusing on exploring the application to understand functional flow and identifying critical paths for end-to-end automation.
2026-01-19T04:02:50.2475983Z [DEBUG] Sending request to gemini-2.0-flash. Number of parts: 2
2026-01-19T04:02:50.2476709Z [DEBUG] Received response (Length: 244)
2026-01-19T04:02:50.2478492Z     💡 Expert Suggestion: The 'Show Message' button is likely located within the 'Home' section, where input forms are commonly found.
2026-01-19T04:02:50.2479998Z     🛠️ Executing corrective action: click -> 'Home'
2026-01-19T04:02:50.2737775Z     🔄 Retry 1/3 mining locators for 'Show Message'...
2026-01-19T04:02:51.2977270Z     🧠 Consulting AI (Vision-First) to find 'Show Message'...
2026-01-19T04:02:51.2978093Z     🔍 Trying smart selectors for 'Show Message'...
2026-01-19T04:02:51.3442594Z     ⚠️ Smart selectors failed (no unique match). Falling back to AI Vision...
2026-01-19T04:02:51.3444176Z     🧠 [EXPERT] Strategy: Act as Senior SDET focusing on exploring the application to understand functional flow and identifying critical paths for end-to-end automation.
2026-01-19T04:02:51.3447212Z [CACHE HIT] f3e9d20a... (hits: 7, misses: 3)
2026-01-19T04:02:51.3447881Z     ⚠️ Skipping duplicate injection: Home
2026-01-19T04:02:51.3448551Z     🔄 Retry 2/3 mining locators for 'Show Message'...
2026-01-19T04:02:52.3459762Z     🗑️ Invalidating stale AI cache (retry 2)...
2026-01-19T04:02:52.3460955Z     ⚠️ Cache invalidation warning: No module named 'core.agents.domain_expert'
2026-01-19T04:02:52.3662580Z     🧠 Consulting AI (Vision-First) to find 'Show Message'...
2026-01-19T04:02:52.3663125Z     🔍 Trying smart selectors for 'Show Message'...
2026-01-19T04:02:52.4118603Z     ⚠️ Smart selectors failed (no unique match). Falling back to AI Vision...
2026-01-19T04:02:52.4122059Z     🧠 [EXPERT] Strategy: Act as Senior SDET focusing on exploring the application to understand functional flow and identifying critical paths for end-to-end automation.
2026-01-19T04:02:52.4123668Z [CACHE HIT] f3e9d20a... (hits: 8, misses: 3)
2026-01-19T04:02:52.4124381Z     ⚠️ Skipping duplicate injection: Home
2026-01-19T04:02:52.4125230Z     🧠 Verifying step validity for 'Show Message' after no candidates found...
2026-01-19T04:02:55.1794431Z [DEBUG] Sending request to gemini-2.0-flash. Number of parts: 2
2026-01-19T04:02:55.1795350Z [DEBUG] Received response (Length: 184)
2026-01-19T04:02:55.1797729Z     🗑️ Step deemed INVALID: The current page is a Chrome error page. The 'Show Message' element does not exist on this page. We are on the wrong page.. Removing from workflow.
2026-01-19T04:02:55.1799832Z     ⏭️ Skipping execution of invalid step: Show Message
2026-01-19T04:02:55.1800651Z   ▶️ [STEP step_5] ASSERT_VISIBLE: Your Message:
2026-01-19T04:02:55.1851883Z     🔍 Mining locators for: 'Your Message:'
2026-01-19T04:02:55.2053994Z     🧠 Consulting AI (Vision-First) to find 'Your Message:'...
2026-01-19T04:02:55.2054838Z     🔍 Trying smart selectors for 'Your Message:'...
2026-01-19T04:02:55.2524070Z     ⚠️ Smart selectors failed (no unique match). Falling back to AI Vision...
2026-01-19T04:02:55.2525543Z     🧠 [EXPERT] Strategy: Act as Senior SDET focusing on exploring the application to understand functional flow and identifying critical paths for end-to-end automation.
2026-01-19T04:03:00.1762050Z [DEBUG] Sending request to gemini-2.0-flash. Number of parts: 2
2026-01-19T04:03:00.1762973Z [DEBUG] Received response (Length: 202)
2026-01-19T04:03:00.1764464Z     💡 Expert Suggestion: The 'Your Message:' field is typically found on a contact form.
2026-01-19T04:03:00.1765572Z     🛠️ Executing corrective action: click -> 'Contact'
2026-01-19T04:03:00.2026089Z     🔄 Retry 1/3 mining locators for 'Your Message:'...
2026-01-19T04:03:01.2309816Z     🧠 Consulting AI (Vision-First) to find 'Your Message:'...
2026-01-19T04:03:01.2310629Z     🔍 Trying smart selectors for 'Your Message:'...
2026-01-19T04:03:01.2789430Z     ⚠️ Smart selectors failed (no unique match). Falling back to AI Vision...
2026-01-19T04:03:01.2790694Z     🧠 [EXPERT] Strategy: Act as Senior SDET focusing on exploring the application to understand functional flow and identifying critical paths for end-to-end automation.
2026-01-19T04:03:01.2793449Z [CACHE HIT] 90adf715... (hits: 9, misses: 5)
2026-01-19T04:03:01.2794046Z     ⚠️ Skipping duplicate injection: Contact
2026-01-19T04:03:01.2794859Z     🔄 Retry 2/3 mining locators for 'Your Message:'...
2026-01-19T04:03:02.2807683Z     🗑️ Invalidating stale AI cache (retry 2)...
2026-01-19T04:03:02.2809247Z     ⚠️ Cache invalidation warning: No module named 'core.agents.domain_expert'
2026-01-19T04:03:02.3014676Z     🧠 Consulting AI (Vision-First) to find 'Your Message:'...
2026-01-19T04:03:02.3015241Z     🔍 Trying smart selectors for 'Your Message:'...
2026-01-19T04:03:02.3479945Z     ⚠️ Smart selectors failed (no unique match). Falling back to AI Vision...
2026-01-19T04:03:02.3481217Z     🧠 [EXPERT] Strategy: Act as Senior SDET focusing on exploring the application to understand functional flow and identifying critical paths for end-to-end automation.
2026-01-19T04:03:02.3484378Z [CACHE HIT] 90adf715... (hits: 10, misses: 5)
2026-01-19T04:03:02.3485094Z     ⚠️ Skipping duplicate injection: Contact
2026-01-19T04:03:02.3485642Z     🧠 Verifying step validity for 'Your Message:' after no candidates found...
2026-01-19T04:03:05.1376814Z [DEBUG] Sending request to gemini-2.0-flash. Number of parts: 2
2026-01-19T04:03:05.1377462Z [DEBUG] Received response (Length: 174)
2026-01-19T04:03:05.1378559Z     🗑️ Step deemed INVALID: The current page is a Chrome error page. There is no form or element with the text 'Your Message:' on this page.. Removing from workflow.
2026-01-19T04:03:05.1379344Z     ⏭️ Skipping execution of invalid step: Your Message:
2026-01-19T04:03:05.1379713Z   ▶️ [STEP step_6] ASSERT_TEXT: Your Message:
2026-01-19T04:03:05.1430827Z     🔍 Mining locators for: 'Your Message:'
2026-01-19T04:03:05.1630975Z     🧠 Consulting AI (Vision-First) to find 'Your Message:'...
2026-01-19T04:03:05.1631816Z     🔍 Trying smart selectors for 'Your Message:'...
2026-01-19T04:03:05.2088868Z     ⚠️ Smart selectors failed (no unique match). Falling back to AI Vision...
2026-01-19T04:03:05.2090657Z     🧠 [EXPERT] Strategy: Act as Senior SDET focusing on exploring the application to understand functional flow and identifying critical paths for end-to-end automation.
2026-01-19T04:03:05.2092754Z [CACHE HIT] 90adf715... (hits: 11, misses: 6)
2026-01-19T04:03:05.2093853Z     💡 Expert Suggestion: The 'Your Message:' field is typically found on a contact form.
2026-01-19T04:03:05.2095127Z     🛠️ Executing corrective action: click -> 'Contact'
2026-01-19T04:03:05.2341941Z     🔄 Retry 1/3 mining locators for 'Your Message:'...
2026-01-19T04:03:06.2560728Z     🧠 Consulting AI (Vision-First) to find 'Your Message:'...
2026-01-19T04:03:06.2561374Z     🔍 Trying smart selectors for 'Your Message:'...
2026-01-19T04:03:06.3015698Z     ⚠️ Smart selectors failed (no unique match). Falling back to AI Vision...
2026-01-19T04:03:06.3017267Z     🧠 [EXPERT] Strategy: Act as Senior SDET focusing on exploring the application to understand functional flow and identifying critical paths for end-to-end automation.
2026-01-19T04:03:06.3019637Z [CACHE HIT] 90adf715... (hits: 12, misses: 6)
2026-01-19T04:03:06.3020215Z     ⚠️ Skipping duplicate injection: Contact
2026-01-19T04:03:06.3020825Z     🔄 Retry 2/3 mining locators for 'Your Message:'...
2026-01-19T04:03:07.3032843Z     🗑️ Invalidating stale AI cache (retry 2)...
2026-01-19T04:03:07.3034196Z     ⚠️ Cache invalidation warning: No module named 'core.agents.domain_expert'
2026-01-19T04:03:07.3238551Z     🧠 Consulting AI (Vision-First) to find 'Your Message:'...
2026-01-19T04:03:07.3239093Z     🔍 Trying smart selectors for 'Your Message:'...
2026-01-19T04:03:07.3701108Z     ⚠️ Smart selectors failed (no unique match). Falling back to AI Vision...
2026-01-19T04:03:07.3702564Z     🧠 [EXPERT] Strategy: Act as Senior SDET focusing on exploring the application to understand functional flow and identifying critical paths for end-to-end automation.
2026-01-19T04:03:07.3705859Z [CACHE HIT] 90adf715... (hits: 13, misses: 6)
2026-01-19T04:03:07.3706348Z     ⚠️ Skipping duplicate injection: Contact
2026-01-19T04:03:07.3707195Z     🧠 Verifying step validity for 'Your Message:' after no candidates found...
2026-01-19T04:03:07.3709543Z [CACHE HIT] c9063b4b... (hits: 14, misses: 6)
2026-01-19T04:03:07.3710423Z     🗑️ Step deemed INVALID: The current page is a Chrome error page. There is no form or element with the text 'Your Message:' on this page.. Removing from workflow.
2026-01-19T04:03:07.3711213Z     ⏭️ Skipping execution of invalid step: Your Message:
2026-01-19T04:03:09.4046554Z 
2026-01-19T04:03:09.4047553Z [2/3] Exploring Scenario: Validate Two Input Fields Form
2026-01-19T04:03:09.4049064Z     🧠 Initialized exploration context for goal: 'Validate input forms'
2026-01-19T04:03:09.4049794Z   ▶️ [STEP step_1] NAVIGATE: 
2026-01-19T04:03:09.9442196Z     ❌ Navigation failed to https://demo.seleniumeasy.com/basic-first-form-demo.html: Page.goto: net::ERR_NAME_NOT_RESOLVED at https://demo.seleniumeasy.com/basic-first-form-demo.html
2026-01-19T04:03:09.9444368Z Call log:
2026-01-19T04:03:09.9445424Z   - navigating to "https://demo.seleniumeasy.com/basic-first-form-demo.html", waiting until "domcontentloaded"
2026-01-19T04:03:09.9446521Z 
2026-01-19T04:03:09.9447805Z     ⚠️ Critical step failure: Page.goto: net::ERR_NAME_NOT_RESOLVED at https://demo.seleniumeasy.com/basic-first-form-demo.html
2026-01-19T04:03:09.9449168Z Ca
2026-01-19T04:03:09.9449734Z   ▶️ [STEP step_2] ASSERT_VISIBLE: Enter value a
2026-01-19T04:03:09.9673395Z     🔍 Mining locators for: 'Enter value a'
2026-01-19T04:03:09.9909240Z     🧠 Consulting AI (Vision-First) to find 'Enter value a'...
2026-01-19T04:03:09.9910360Z     🔍 Trying smart selectors for 'Enter value a'...
2026-01-19T04:03:10.0393577Z     ⚠️ Smart selectors failed (no unique match). Falling back to AI Vision...
2026-01-19T04:03:10.0394965Z     🧠 [EXPERT] Strategy: Act as Senior SDET focusing on exploring the application to understand functional flow and identifying critical paths for end-to-end automation.
2026-01-19T04:03:11.0509520Z [DEBUG] Sending request to gemini-2.0-flash. Number of parts: 2
2026-01-19T04:03:11.0510296Z [DEBUG] Received response (Length: 194)
2026-01-19T04:03:11.0511423Z     💡 Expert Suggestion: Input forms are likely located under the 'Forms' section.
2026-01-19T04:03:11.0512520Z     🛠️ Executing corrective action: click -> 'Forms'
2026-01-19T04:03:11.0807679Z     🔄 Retry 1/3 mining locators for 'Enter value a'...
2026-01-19T04:03:12.1027457Z     🧠 Consulting AI (Vision-First) to find 'Enter value a'...
2026-01-19T04:03:12.1028304Z     🔍 Trying smart selectors for 'Enter value a'...
2026-01-19T04:03:12.1485231Z     ⚠️ Smart selectors failed (no unique match). Falling back to AI Vision...
2026-01-19T04:03:12.1487323Z     🧠 [EXPERT] Strategy: Act as Senior SDET focusing on exploring the application to understand functional flow and identifying critical paths for end-to-end automation.
2026-01-19T04:03:12.1488919Z [CACHE HIT] d9df5376... (hits: 15, misses: 7)
2026-01-19T04:03:12.1489549Z     ⚠️ Skipping duplicate injection: Forms
2026-01-19T04:03:12.1490170Z     🔄 Retry 2/3 mining locators for 'Enter value a'...
2026-01-19T04:03:13.1502423Z     🗑️ Invalidating stale AI cache (retry 2)...
2026-01-19T04:03:13.1503962Z     ⚠️ Cache invalidation warning: No module named 'core.agents.domain_expert'
2026-01-19T04:03:13.1704795Z     🧠 Consulting AI (Vision-First) to find 'Enter value a'...
2026-01-19T04:03:13.1705622Z     🔍 Trying smart selectors for 'Enter value a'...
2026-01-19T04:03:13.2154951Z     ⚠️ Smart selectors failed (no unique match). Falling back to AI Vision...
2026-01-19T04:03:13.2156606Z     🧠 [EXPERT] Strategy: Act as Senior SDET focusing on exploring the application to understand functional flow and identifying critical paths for end-to-end automation.
2026-01-19T04:03:13.2159801Z [CACHE HIT] d9df5376... (hits: 16, misses: 7)
2026-01-19T04:03:13.2160457Z     ⚠️ Skipping duplicate injection: Forms
2026-01-19T04:03:13.2160995Z     🧠 Verifying step validity for 'Enter value a' after no candidates found...
2026-01-19T04:03:15.9982921Z [DEBUG] Sending request to gemini-2.0-flash. Number of parts: 2
2026-01-19T04:03:15.9983789Z [DEBUG] Received response (Length: 170)
2026-01-19T04:03:15.9985415Z     🗑️ Step deemed INVALID: The current page is a Chrome error page. There are no input fields to interact with, so the task is invalid.. Removing from workflow.
2026-01-19T04:03:15.9986543Z     ⏭️ Skipping execution of invalid step: Enter value a
2026-01-19T04:03:15.9986962Z   ▶️ [STEP step_3] FILL: Enter value a
2026-01-19T04:03:16.0035780Z     🔍 Mining locators for: 'Enter value a'
2026-01-19T04:03:16.0248250Z     🧠 Consulting AI (Vision-First) to find 'Enter value a'...
2026-01-19T04:03:16.0249035Z     🔍 Trying smart selectors for 'Enter value a'...
2026-01-19T04:03:16.0700056Z     ⚠️ Smart selectors failed (no unique match). Falling back to AI Vision...
2026-01-19T04:03:16.0701711Z     🧠 [EXPERT] Strategy: Act as Senior SDET focusing on exploring the application to understand functional flow and identifying critical paths for end-to-end automation.
2026-01-19T04:03:16.0704310Z [CACHE HIT] d9df5376... (hits: 17, misses: 8)
2026-01-19T04:03:16.0705307Z     💡 Expert Suggestion: Input forms are likely located under the 'Forms' section.
2026-01-19T04:03:16.0705977Z     🛠️ Executing corrective action: click -> 'Forms'
2026-01-19T04:03:16.0956718Z     🔄 Retry 1/3 mining locators for 'Enter value a'...
2026-01-19T04:03:17.1167488Z     🧠 Consulting AI (Vision-First) to find 'Enter value a'...
2026-01-19T04:03:17.1168162Z     🔍 Trying smart selectors for 'Enter value a'...
2026-01-19T04:03:17.1621941Z     ⚠️ Smart selectors failed (no unique match). Falling back to AI Vision...
2026-01-19T04:03:17.1623863Z     🧠 [EXPERT] Strategy: Act as Senior SDET focusing on exploring the application to understand functional flow and identifying critical paths for end-to-end automation.
2026-01-19T04:03:17.1626481Z [CACHE HIT] d9df5376... (hits: 18, misses: 8)
2026-01-19T04:03:17.1627147Z     ⚠️ Skipping duplicate injection: Forms
2026-01-19T04:03:17.1627546Z     🔄 Retry 2/3 mining locators for 'Enter value a'...
2026-01-19T04:03:18.1639680Z     🗑️ Invalidating stale AI cache (retry 2)...
2026-01-19T04:03:18.1641065Z     ⚠️ Cache invalidation warning: No module named 'core.agents.domain_expert'
2026-01-19T04:03:18.1841922Z     🧠 Consulting AI (Vision-First) to find 'Enter value a'...
2026-01-19T04:03:18.1842800Z     🔍 Trying smart selectors for 'Enter value a'...
2026-01-19T04:03:18.2300921Z     ⚠️ Smart selectors failed (no unique match). Falling back to AI Vision...
2026-01-19T04:03:18.2302413Z     🧠 [EXPERT] Strategy: Act as Senior SDET focusing on exploring the application to understand functional flow and identifying critical paths for end-to-end automation.
2026-01-19T04:03:18.2305101Z [CACHE HIT] d9df5376... (hits: 19, misses: 8)
2026-01-19T04:03:18.2305714Z     ⚠️ Skipping duplicate injection: Forms
2026-01-19T04:03:18.2306431Z     🧠 Verifying step validity for 'Enter value a' after no candidates found...
2026-01-19T04:03:18.2308746Z [CACHE HIT] 936acb69... (hits: 20, misses: 8)
2026-01-19T04:03:18.2310089Z     🗑️ Step deemed INVALID: The current page is a Chrome error page. There are no input fields to interact with, so the task is invalid.. Removing from workflow.
2026-01-19T04:03:18.2310984Z     ⏭️ Skipping execution of invalid step: Enter value a
2026-01-19T04:03:18.2311407Z   ▶️ [STEP step_4] ASSERT_VISIBLE: Enter value b
2026-01-19T04:03:18.2355568Z     🔍 Mining locators for: 'Enter value b'
2026-01-19T04:03:18.2548066Z     🧠 Consulting AI (Vision-First) to find 'Enter value b'...
2026-01-19T04:03:18.2548787Z     🔍 Trying smart selectors for 'Enter value b'...
2026-01-19T04:03:18.2998733Z     ⚠️ Smart selectors failed (no unique match). Falling back to AI Vision...
2026-01-19T04:03:18.3000128Z     🧠 [EXPERT] Strategy: Act as Senior SDET focusing on exploring the application to understand functional flow and identifying critical paths for end-to-end automation.
2026-01-19T04:03:21.1112147Z [DEBUG] Sending request to gemini-2.0-flash. Number of parts: 2
2026-01-19T04:03:21.1112958Z [DEBUG] Received response (Length: 217)
2026-01-19T04:03:21.1114590Z     💡 Expert Suggestion: The input form 'Enter value b' is likely located within a forms section or page.
2026-01-19T04:03:21.1115769Z     🛠️ Executing corrective action: click -> 'Forms'
2026-01-19T04:03:21.1369784Z     🔄 Retry 1/3 mining locators for 'Enter value b'...
2026-01-19T04:03:22.1625413Z     🧠 Consulting AI (Vision-First) to find 'Enter value b'...
2026-01-19T04:03:22.1626190Z     🔍 Trying smart selectors for 'Enter value b'...
2026-01-19T04:03:22.2074386Z     ⚠️ Smart selectors failed (no unique match). Falling back to AI Vision...
2026-01-19T04:03:22.2075759Z     🧠 [EXPERT] Strategy: Act as Senior SDET focusing on exploring the application to understand functional flow and identifying critical paths for end-to-end automation.
2026-01-19T04:03:22.2078631Z [CACHE HIT] 3bfcd91c... (hits: 21, misses: 9)
2026-01-19T04:03:22.2079257Z     ⚠️ Skipping duplicate injection: Forms
2026-01-19T04:03:22.2079653Z     🔄 Retry 2/3 mining locators for 'Enter value b'...
2026-01-19T04:03:23.2091697Z     🗑️ Invalidating stale AI cache (retry 2)...
2026-01-19T04:03:23.2093138Z     ⚠️ Cache invalidation warning: No module named 'core.agents.domain_expert'
2026-01-19T04:03:23.2304998Z     🧠 Consulting AI (Vision-First) to find 'Enter value b'...
2026-01-19T04:03:23.2305876Z     🔍 Trying smart selectors for 'Enter value b'...
2026-01-19T04:03:23.2748135Z     ⚠️ Smart selectors failed (no unique match). Falling back to AI Vision...
2026-01-19T04:03:23.2750220Z     🧠 [EXPERT] Strategy: Act as Senior SDET focusing on exploring the application to understand functional flow and identifying critical paths for end-to-end automation.
2026-01-19T04:03:23.2752860Z [CACHE HIT] 3bfcd91c... (hits: 22, misses: 9)
2026-01-19T04:03:23.2753804Z     ⚠️ Skipping duplicate injection: Forms
2026-01-19T04:03:23.2754806Z     🧠 Verifying step validity for 'Enter value b' after no candidates found...
2026-01-19T04:03:26.0663904Z [DEBUG] Sending request to gemini-2.0-flash. Number of parts: 2
2026-01-19T04:03:26.0664445Z [DEBUG] Received response (Length: 193)
2026-01-19T04:03:26.0665471Z     🗑️ Step deemed INVALID: The current page is a Chrome error page. The element 'Enter value b' does not exist on this page. Therefore, the step is not valid.. Removing from workflow.
2026-01-19T04:03:26.0666325Z     ⏭️ Skipping execution of invalid step: Enter value b
2026-01-19T04:03:26.0666782Z   ▶️ [STEP step_5] FILL: Enter value b
2026-01-19T04:03:26.0715952Z     🔍 Mining locators for: 'Enter value b'
2026-01-19T04:03:26.0959288Z     🧠 Consulting AI (Vision-First) to find 'Enter value b'...
2026-01-19T04:03:26.0959773Z     🔍 Trying smart selectors for 'Enter value b'...
2026-01-19T04:03:26.1399516Z     ⚠️ Smart selectors failed (no unique match). Falling back to AI Vision...
2026-01-19T04:03:26.1401224Z     🧠 [EXPERT] Strategy: Act as Senior SDET focusing on exploring the application to understand functional flow and identifying critical paths for end-to-end automation.
2026-01-19T04:03:26.1404261Z [CACHE HIT] 3bfcd91c... (hits: 23, misses: 10)
2026-01-19T04:03:26.1405074Z     💡 Expert Suggestion: The input form 'Enter value b' is likely located within a forms section or page.
2026-01-19T04:03:26.1405774Z     🛠️ Executing corrective action: click -> 'Forms'
2026-01-19T04:03:26.1666714Z     🔄 Retry 1/3 mining locators for 'Enter value b'...
2026-01-19T04:03:27.1876549Z     🧠 Consulting AI (Vision-First) to find 'Enter value b'...
2026-01-19T04:03:27.1877035Z     🔍 Trying smart selectors for 'Enter value b'...
2026-01-19T04:03:27.2331238Z     ⚠️ Smart selectors failed (no unique match). Falling back to AI Vision...
2026-01-19T04:03:27.2332934Z     🧠 [EXPERT] Strategy: Act as Senior SDET focusing on exploring the application to understand functional flow and identifying critical paths for end-to-end automation.
2026-01-19T04:03:27.2335917Z [CACHE HIT] 3bfcd91c... (hits: 24, misses: 10)
2026-01-19T04:03:27.2336413Z     ⚠️ Skipping duplicate injection: Forms
2026-01-19T04:03:27.2336831Z     🔄 Retry 2/3 mining locators for 'Enter value b'...
2026-01-19T04:03:28.2348591Z     🗑️ Invalidating stale AI cache (retry 2)...
2026-01-19T04:03:28.2349971Z     ⚠️ Cache invalidation warning: No module named 'core.agents.domain_expert'
2026-01-19T04:03:28.2557305Z     🧠 Consulting AI (Vision-First) to find 'Enter value b'...
2026-01-19T04:03:28.2557787Z     🔍 Trying smart selectors for 'Enter value b'...
2026-01-19T04:03:28.3005458Z     ⚠️ Smart selectors failed (no unique match). Falling back to AI Vision...
2026-01-19T04:03:28.3006918Z     🧠 [EXPERT] Strategy: Act as Senior SDET focusing on exploring the application to understand functional flow and identifying critical paths for end-to-end automation.
2026-01-19T04:03:28.3009427Z [CACHE HIT] 3bfcd91c... (hits: 25, misses: 10)
2026-01-19T04:03:28.3010118Z     ⚠️ Skipping duplicate injection: Forms
2026-01-19T04:03:28.3010818Z     🧠 Verifying step validity for 'Enter value b' after no candidates found...
2026-01-19T04:03:28.3013186Z [CACHE HIT] 07b8cc33... (hits: 26, misses: 10)
2026-01-19T04:03:28.3015014Z     🗑️ Step deemed INVALID: The current page is a Chrome error page. The element 'Enter value b' does not exist on this page. Therefore, the step is not valid.. Removing from workflow.
2026-01-19T04:03:28.3016228Z     ⏭️ Skipping execution of invalid step: Enter value b
2026-01-19T04:03:28.3016578Z   ▶️ [STEP step_6] CLICK: Get Total
2026-01-19T04:03:28.3058189Z     🔍 Mining locators for: 'Get Total'
2026-01-19T04:03:28.3287958Z     🧠 Consulting AI (Vision-First) to find 'Get Total'...
2026-01-19T04:03:28.3288816Z     🔍 Trying smart selectors for 'Get Total'...
2026-01-19T04:03:28.3748564Z     ⚠️ Smart selectors failed (no unique match). Falling back to AI Vision...
2026-01-19T04:03:28.3749902Z     🧠 [EXPERT] Strategy: Act as Senior SDET focusing on exploring the application to understand functional flow and identifying critical paths for end-to-end automation.
2026-01-19T04:03:31.0015995Z [DEBUG] Sending request to gemini-2.0-flash. Number of parts: 2
2026-01-19T04:03:31.0016777Z [DEBUG] Received response (Length: 182)
2026-01-19T04:03:31.0018025Z     💡 Expert Suggestion: Search bar is likely on the Products page.
2026-01-19T04:03:31.0019128Z     🛠️ Executing corrective action: click -> 'Products'
2026-01-19T04:03:31.0288223Z     🔄 Retry 1/3 mining locators for 'Get Total'...
2026-01-19T04:03:32.0500763Z     🧠 Consulting AI (Vision-First) to find 'Get Total'...
2026-01-19T04:03:32.0501553Z     🔍 Trying smart selectors for 'Get Total'...
2026-01-19T04:03:32.0956467Z     ⚠️ Smart selectors failed (no unique match). Falling back to AI Vision...
2026-01-19T04:03:32.0957942Z     🧠 [EXPERT] Strategy: Act as Senior SDET focusing on exploring the application to understand functional flow and identifying critical paths for end-to-end automation.
2026-01-19T04:03:32.0960668Z [CACHE HIT] ba3f945a... (hits: 27, misses: 11)
2026-01-19T04:03:32.0961328Z     ⚠️ Skipping duplicate injection: Products
2026-01-19T04:03:32.0961950Z     🔄 Retry 2/3 mining locators for 'Get Total'...
2026-01-19T04:03:33.0974182Z     🗑️ Invalidating stale AI cache (retry 2)...
2026-01-19T04:03:33.0975416Z     ⚠️ Cache invalidation warning: No module named 'core.agents.domain_expert'
2026-01-19T04:03:33.1174470Z     🧠 Consulting AI (Vision-First) to find 'Get Total'...
2026-01-19T04:03:33.1175189Z     🔍 Trying smart selectors for 'Get Total'...
2026-01-19T04:03:33.1642312Z     ⚠️ Smart selectors failed (no unique match). Falling back to AI Vision...
2026-01-19T04:03:33.1644318Z     🧠 [EXPERT] Strategy: Act as Senior SDET focusing on exploring the application to understand functional flow and identifying critical paths for end-to-end automation.
2026-01-19T04:03:33.1646628Z [CACHE HIT] ba3f945a... (hits: 28, misses: 11)
2026-01-19T04:03:33.1647282Z     ⚠️ Skipping duplicate injection: Products
2026-01-19T04:03:33.1648084Z     🧠 Verifying step validity for 'Get Total' after no candidates found...
2026-01-19T04:03:35.9862770Z [DEBUG] Sending request to gemini-2.0-flash. Number of parts: 2
2026-01-19T04:03:35.9863713Z [DEBUG] Received response (Length: 181)
2026-01-19T04:03:35.9865012Z     🗑️ Step deemed INVALID: The current page is a Chrome error page. The 'Get Total' element does not exist on this page. We are on the wrong page.. Removing from workflow.
2026-01-19T04:03:35.9866122Z     ⏭️ Skipping execution of invalid step: Get Total
2026-01-19T04:03:35.9866596Z   ▶️ [STEP step_7] ASSERT_VISIBLE: Total
2026-01-19T04:03:35.9910590Z     🔍 Mining locators for: 'Total'
2026-01-19T04:03:36.0120528Z     🧠 Consulting AI (Vision-First) to find 'Total'...
2026-01-19T04:03:36.0121308Z     🔍 Trying smart selectors for 'Total'...
2026-01-19T04:03:36.0465671Z     ⚠️ Smart selectors failed (no unique match). Falling back to AI Vision...
2026-01-19T04:03:36.0467115Z     🧠 [EXPERT] Strategy: Act as Senior SDET focusing on exploring the application to understand functional flow and identifying critical paths for end-to-end automation.
2026-01-19T04:03:41.0621809Z [DEBUG] Sending request to gemini-2.0-flash. Number of parts: 2
2026-01-19T04:03:41.0622285Z [DEBUG] Received response (Length: 182)
2026-01-19T04:03:41.0622991Z     💡 Expert Suggestion: Search bar is likely on the Products page.
2026-01-19T04:03:41.0623765Z     🛠️ Executing corrective action: click -> 'Products'
2026-01-19T04:03:41.0879870Z     🔄 Retry 1/3 mining locators for 'Total'...
2026-01-19T04:03:42.1118490Z     🧠 Consulting AI (Vision-First) to find 'Total'...
2026-01-19T04:03:42.1118955Z     🔍 Trying smart selectors for 'Total'...
2026-01-19T04:03:42.1461343Z     ⚠️ Smart selectors failed (no unique match). Falling back to AI Vision...
2026-01-19T04:03:42.1463146Z     🧠 [EXPERT] Strategy: Act as Senior SDET focusing on exploring the application to understand functional flow and identifying critical paths for end-to-end automation.
2026-01-19T04:03:42.1465913Z [CACHE HIT] 015b190b... (hits: 29, misses: 13)
2026-01-19T04:03:42.1466540Z     ⚠️ Skipping duplicate injection: Products
2026-01-19T04:03:42.1466965Z     🔄 Retry 2/3 mining locators for 'Total'...
2026-01-19T04:03:43.1478880Z     🗑️ Invalidating stale AI cache (retry 2)...
2026-01-19T04:03:43.1480413Z     ⚠️ Cache invalidation warning: No module named 'core.agents.domain_expert'
2026-01-19T04:03:43.1688922Z     🧠 Consulting AI (Vision-First) to find 'Total'...
2026-01-19T04:03:43.1689708Z     🔍 Trying smart selectors for 'Total'...
2026-01-19T04:03:43.2029601Z     ⚠️ Smart selectors failed (no unique match). Falling back to AI Vision...
2026-01-19T04:03:43.2031022Z     🧠 [EXPERT] Strategy: Act as Senior SDET focusing on exploring the application to understand functional flow and identifying critical paths for end-to-end automation.
2026-01-19T04:03:43.2033771Z [CACHE HIT] 015b190b... (hits: 30, misses: 13)
2026-01-19T04:03:43.2034496Z     ⚠️ Skipping duplicate injection: Products
2026-01-19T04:03:43.2035178Z     🧠 Verifying step validity for 'Total' after no candidates found...
2026-01-19T04:03:46.0913829Z [DEBUG] Sending request to gemini-2.0-flash. Number of parts: 2
2026-01-19T04:03:46.0914405Z [DEBUG] Received response (Length: 207)
2026-01-19T04:03:46.0915517Z     🗑️ Step deemed INVALID: The current page is a Chrome error page. There is no form to validate, and therefore no 'Total' element exists on this page. The task is invalid.. Removing from workflow.
2026-01-19T04:03:46.0916415Z     ⏭️ Skipping execution of invalid step: Total
2026-01-19T04:03:46.0916743Z   ▶️ [STEP step_8] ASSERT_TEXT: Total
2026-01-19T04:03:46.0962892Z     🔍 Mining locators for: 'Total'
2026-01-19T04:03:46.1159400Z     🧠 Consulting AI (Vision-First) to find 'Total'...
2026-01-19T04:03:46.1159922Z     🔍 Trying smart selectors for 'Total'...
2026-01-19T04:03:46.1510781Z     ⚠️ Smart selectors failed (no unique match). Falling back to AI Vision...
2026-01-19T04:03:46.1512325Z     🧠 [EXPERT] Strategy: Act as Senior SDET focusing on exploring the application to understand functional flow and identifying critical paths for end-to-end automation.
2026-01-19T04:03:46.1515618Z [CACHE HIT] 015b190b... (hits: 31, misses: 14)
2026-01-19T04:03:46.1516212Z     💡 Expert Suggestion: Search bar is likely on the Products page.
2026-01-19T04:03:46.1516728Z     🛠️ Executing corrective action: click -> 'Products'
2026-01-19T04:03:46.1779289Z     🔄 Retry 1/3 mining locators for 'Total'...
2026-01-19T04:03:47.1994389Z     🧠 Consulting AI (Vision-First) to find 'Total'...
2026-01-19T04:03:47.1994881Z     🔍 Trying smart selectors for 'Total'...
2026-01-19T04:03:47.2329977Z     ⚠️ Smart selectors failed (no unique match). Falling back to AI Vision...
2026-01-19T04:03:47.2331579Z     🧠 [EXPERT] Strategy: Act as Senior SDET focusing on exploring the application to understand functional flow and identifying critical paths for end-to-end automation.
2026-01-19T04:03:47.2334678Z [CACHE HIT] 015b190b... (hits: 32, misses: 14)
2026-01-19T04:03:47.2335163Z     ⚠️ Skipping duplicate injection: Products
2026-01-19T04:03:47.2335546Z     🔄 Retry 2/3 mining locators for 'Total'...
2026-01-19T04:03:48.2347619Z     🗑️ Invalidating stale AI cache (retry 2)...
2026-01-19T04:03:48.2349276Z     ⚠️ Cache invalidation warning: No module named 'core.agents.domain_expert'
2026-01-19T04:03:48.2547605Z     🧠 Consulting AI (Vision-First) to find 'Total'...
2026-01-19T04:03:48.2548333Z     🔍 Trying smart selectors for 'Total'...
2026-01-19T04:03:48.2889813Z     ⚠️ Smart selectors failed (no unique match). Falling back to AI Vision...
2026-01-19T04:03:48.2891215Z     🧠 [EXPERT] Strategy: Act as Senior SDET focusing on exploring the application to understand functional flow and identifying critical paths for end-to-end automation.
2026-01-19T04:03:48.2894557Z [CACHE HIT] 015b190b... (hits: 33, misses: 14)
2026-01-19T04:03:48.2895259Z     ⚠️ Skipping duplicate injection: Products
2026-01-19T04:03:48.2895716Z     🧠 Verifying step validity for 'Total' after no candidates found...
2026-01-19T04:03:48.2897993Z [CACHE HIT] 71db5be2... (hits: 34, misses: 14)
2026-01-19T04:03:48.2899236Z     🗑️ Step deemed INVALID: The current page is a Chrome error page. There is no form to validate, and therefore no 'Total' element exists on this page. The task is invalid.. Removing from workflow.
2026-01-19T04:03:48.2900089Z     ⏭️ Skipping execution of invalid step: Total
2026-01-19T04:03:50.3209389Z 
2026-01-19T04:03:50.3210321Z [3/3] Exploring Scenario: Validate Two Input Fields Form with Invalid Input
2026-01-19T04:03:50.3211582Z     🧠 Initialized exploration context for goal: 'Validate input forms'
2026-01-19T04:03:50.3212325Z   ▶️ [STEP step_1] NAVIGATE: 
2026-01-19T04:03:50.9096547Z     ❌ Navigation failed to https://demo.seleniumeasy.com/basic-first-form-demo.html: Page.goto: net::ERR_NAME_NOT_RESOLVED at https://demo.seleniumeasy.com/basic-first-form-demo.html
2026-01-19T04:03:50.9097893Z Call log:
2026-01-19T04:03:50.9098790Z   - navigating to "https://demo.seleniumeasy.com/basic-first-form-demo.html", waiting until "domcontentloaded"
2026-01-19T04:03:50.9099645Z 
2026-01-19T04:03:50.9100726Z     ⚠️ Critical step failure: Page.goto: net::ERR_NAME_NOT_RESOLVED at https://demo.seleniumeasy.com/basic-first-form-demo.html
2026-01-19T04:03:50.9101849Z Ca
2026-01-19T04:03:50.9102344Z   ▶️ [STEP step_2] ASSERT_VISIBLE: Enter value a
2026-01-19T04:03:50.9328358Z     🔍 Mining locators for: 'Enter value a'
2026-01-19T04:03:50.9637037Z     🧠 Consulting AI (Vision-First) to find 'Enter value a'...
2026-01-19T04:03:50.9637697Z     🔍 Trying smart selectors for 'Enter value a'...
2026-01-19T04:03:51.0125027Z     ⚠️ Smart selectors failed (no unique match). Falling back to AI Vision...
2026-01-19T04:03:51.0126446Z     🧠 [EXPERT] Strategy: Act as Senior SDET focusing on exploring the application to understand functional flow and identifying critical paths for end-to-end automation.
2026-01-19T04:03:51.0129033Z [CACHE HIT] d9df5376... (hits: 35, misses: 14)
2026-01-19T04:03:51.0129885Z     💡 Expert Suggestion: Input forms are likely located under the 'Forms' section.
2026-01-19T04:03:51.0130504Z     🛠️ Executing corrective action: click -> 'Forms'
2026-01-19T04:03:51.0387245Z     🔄 Retry 1/3 mining locators for 'Enter value a'...
2026-01-19T04:03:52.0612530Z     🧠 Consulting AI (Vision-First) to find 'Enter value a'...
2026-01-19T04:03:52.0613145Z     🔍 Trying smart selectors for 'Enter value a'...
2026-01-19T04:03:52.1074280Z     ⚠️ Smart selectors failed (no unique match). Falling back to AI Vision...
2026-01-19T04:03:52.1075699Z     🧠 [EXPERT] Strategy: Act as Senior SDET focusing on exploring the application to understand functional flow and identifying critical paths for end-to-end automation.
2026-01-19T04:03:52.1078686Z [CACHE HIT] d9df5376... (hits: 36, misses: 14)
2026-01-19T04:03:52.1079304Z     ⚠️ Skipping duplicate injection: Forms
2026-01-19T04:03:52.1079694Z     🔄 Retry 2/3 mining locators for 'Enter value a'...
2026-01-19T04:03:53.1091693Z     🗑️ Invalidating stale AI cache (retry 2)...
2026-01-19T04:03:53.1092987Z     ⚠️ Cache invalidation warning: No module named 'core.agents.domain_expert'
2026-01-19T04:03:53.1290241Z     🧠 Consulting AI (Vision-First) to find 'Enter value a'...
2026-01-19T04:03:53.1291067Z     🔍 Trying smart selectors for 'Enter value a'...
2026-01-19T04:03:53.1735885Z     ⚠️ Smart selectors failed (no unique match). Falling back to AI Vision...
2026-01-19T04:03:53.1737258Z     🧠 [EXPERT] Strategy: Act as Senior SDET focusing on exploring the application to understand functional flow and identifying critical paths for end-to-end automation.
2026-01-19T04:03:53.1740211Z [CACHE HIT] d9df5376... (hits: 37, misses: 14)
2026-01-19T04:03:53.1740948Z     ⚠️ Skipping duplicate injection: Forms
2026-01-19T04:03:53.1741643Z     🧠 Verifying step validity for 'Enter value a' after no candidates found...
2026-01-19T04:03:53.1743757Z [CACHE HIT] 936acb69... (hits: 38, misses: 14)
2026-01-19T04:03:53.1745270Z     🗑️ Step deemed INVALID: The current page is a Chrome error page. There are no input fields to interact with, so the task is invalid.. Removing from workflow.
2026-01-19T04:03:53.1746745Z     ⏭️ Skipping execution of invalid step: Enter value a
2026-01-19T04:03:53.1747369Z   ▶️ [STEP step_3] FILL: Enter value a
2026-01-19T04:03:53.1790224Z     🔍 Mining locators for: 'Enter value a'
2026-01-19T04:03:53.1985445Z     🧠 Consulting AI (Vision-First) to find 'Enter value a'...
2026-01-19T04:03:53.1986330Z     🔍 Trying smart selectors for 'Enter value a'...
2026-01-19T04:03:53.2430387Z     ⚠️ Smart selectors failed (no unique match). Falling back to AI Vision...
2026-01-19T04:03:53.2431812Z     🧠 [EXPERT] Strategy: Act as Senior SDET focusing on exploring the application to understand functional flow and identifying critical paths for end-to-end automation.
2026-01-19T04:03:53.2434651Z [CACHE HIT] d9df5376... (hits: 39, misses: 14)
2026-01-19T04:03:53.2435603Z     💡 Expert Suggestion: Input forms are likely located under the 'Forms' section.
2026-01-19T04:03:53.2436533Z     🛠️ Executing corrective action: click -> 'Forms'
2026-01-19T04:03:53.2677733Z     🔄 Retry 1/3 mining locators for 'Enter value a'...
2026-01-19T04:03:54.2954107Z     🧠 Consulting AI (Vision-First) to find 'Enter value a'...
2026-01-19T04:03:54.2954951Z     🔍 Trying smart selectors for 'Enter value a'...
2026-01-19T04:03:54.3403955Z     ⚠️ Smart selectors failed (no unique match). Falling back to AI Vision...
2026-01-19T04:03:54.3405444Z     🧠 [EXPERT] Strategy: Act as Senior SDET focusing on exploring the application to understand functional flow and identifying critical paths for end-to-end automation.
2026-01-19T04:03:54.3408332Z [CACHE HIT] d9df5376... (hits: 40, misses: 14)
2026-01-19T04:03:54.3408992Z     ⚠️ Skipping duplicate injection: Forms
2026-01-19T04:03:54.3409414Z     🔄 Retry 2/3 mining locators for 'Enter value a'...
2026-01-19T04:03:55.3421503Z     🗑️ Invalidating stale AI cache (retry 2)...
2026-01-19T04:03:55.3422804Z     ⚠️ Cache invalidation warning: No module named 'core.agents.domain_expert'
2026-01-19T04:03:55.3637771Z     🧠 Consulting AI (Vision-First) to find 'Enter value a'...
2026-01-19T04:03:55.3638612Z     🔍 Trying smart selectors for 'Enter value a'...
2026-01-19T04:03:55.4079571Z     ⚠️ Smart selectors failed (no unique match). Falling back to AI Vision...
2026-01-19T04:03:55.4080953Z     🧠 [EXPERT] Strategy: Act as Senior SDET focusing on exploring the application to understand functional flow and identifying critical paths for end-to-end automation.
2026-01-19T04:03:55.4083753Z [CACHE HIT] d9df5376... (hits: 41, misses: 14)
2026-01-19T04:03:55.4084453Z     ⚠️ Skipping duplicate injection: Forms
2026-01-19T04:03:55.4085111Z     🧠 Verifying step validity for 'Enter value a' after no candidates found...
2026-01-19T04:03:55.4087793Z [CACHE HIT] 936acb69... (hits: 42, misses: 14)
2026-01-19T04:03:55.4089314Z     🗑️ Step deemed INVALID: The current page is a Chrome error page. There are no input fields to interact with, so the task is invalid.. Removing from workflow.
2026-01-19T04:03:55.4090710Z     ⏭️ Skipping execution of invalid step: Enter value a
2026-01-19T04:03:55.4091381Z   ▶️ [STEP step_4] ASSERT_VISIBLE: Enter value b
2026-01-19T04:03:55.4133930Z     🔍 Mining locators for: 'Enter value b'
2026-01-19T04:03:55.4332394Z     🧠 Consulting AI (Vision-First) to find 'Enter value b'...
2026-01-19T04:03:55.4333451Z     🔍 Trying smart selectors for 'Enter value b'...
2026-01-19T04:03:55.4773625Z     ⚠️ Smart selectors failed (no unique match). Falling back to AI Vision...
2026-01-19T04:03:55.4775305Z     🧠 [EXPERT] Strategy: Act as Senior SDET focusing on exploring the application to understand functional flow and identifying critical paths for end-to-end automation.
2026-01-19T04:03:55.4778060Z [CACHE HIT] 3bfcd91c... (hits: 43, misses: 14)
2026-01-19T04:03:55.4779156Z     💡 Expert Suggestion: The input form 'Enter value b' is likely located within a forms section or page.
2026-01-19T04:03:55.4780273Z     🛠️ Executing corrective action: click -> 'Forms'
2026-01-19T04:03:55.5025435Z     🔄 Retry 1/3 mining locators for 'Enter value b'...
2026-01-19T04:03:56.5285790Z     🧠 Consulting AI (Vision-First) to find 'Enter value b'...
2026-01-19T04:03:56.5286647Z     🔍 Trying smart selectors for 'Enter value b'...
2026-01-19T04:03:56.5740970Z     ⚠️ Smart selectors failed (no unique match). Falling back to AI Vision...
2026-01-19T04:03:56.5742329Z     🧠 [EXPERT] Strategy: Act as Senior SDET focusing on exploring the application to understand functional flow and identifying critical paths for end-to-end automation.
2026-01-19T04:03:56.5745362Z [CACHE HIT] 3bfcd91c... (hits: 44, misses: 14)
2026-01-19T04:03:56.5745997Z     ⚠️ Skipping duplicate injection: Forms
2026-01-19T04:03:56.5746572Z     🔄 Retry 2/3 mining locators for 'Enter value b'...
2026-01-19T04:03:57.5758530Z     🗑️ Invalidating stale AI cache (retry 2)...
2026-01-19T04:03:57.5759894Z     ⚠️ Cache invalidation warning: No module named 'core.agents.domain_expert'
2026-01-19T04:03:57.5955844Z     🧠 Consulting AI (Vision-First) to find 'Enter value b'...
2026-01-19T04:03:57.5956364Z     🔍 Trying smart selectors for 'Enter value b'...
2026-01-19T04:03:57.6415295Z     ⚠️ Smart selectors failed (no unique match). Falling back to AI Vision...
2026-01-19T04:03:57.6417391Z     🧠 [EXPERT] Strategy: Act as Senior SDET focusing on exploring the application to understand functional flow and identifying critical paths for end-to-end automation.
2026-01-19T04:03:57.6419035Z [CACHE HIT] 3bfcd91c... (hits: 45, misses: 14)
2026-01-19T04:03:57.6419757Z     ⚠️ Skipping duplicate injection: Forms
2026-01-19T04:03:57.6420715Z     🧠 Verifying step validity for 'Enter value b' after no candidates found...
2026-01-19T04:03:57.6422309Z [CACHE HIT] 07b8cc33... (hits: 46, misses: 14)
2026-01-19T04:03:57.6424025Z     🗑️ Step deemed INVALID: The current page is a Chrome error page. The element 'Enter value b' does not exist on this page. Therefore, the step is not valid.. Removing from workflow.
2026-01-19T04:03:57.6425486Z     ⏭️ Skipping execution of invalid step: Enter value b
2026-01-19T04:03:57.6426101Z   ▶️ [STEP step_5] FILL: Enter value b
2026-01-19T04:03:57.6468727Z     🔍 Mining locators for: 'Enter value b'
2026-01-19T04:03:57.6661675Z     🧠 Consulting AI (Vision-First) to find 'Enter value b'...
2026-01-19T04:03:57.6662390Z     🔍 Trying smart selectors for 'Enter value b'...
2026-01-19T04:03:57.7109148Z     ⚠️ Smart selectors failed (no unique match). Falling back to AI Vision...
2026-01-19T04:03:57.7110549Z     🧠 [EXPERT] Strategy: Act as Senior SDET focusing on exploring the application to understand functional flow and identifying critical paths for end-to-end automation.
2026-01-19T04:03:57.7113452Z [CACHE HIT] 3bfcd91c... (hits: 47, misses: 14)
2026-01-19T04:03:57.7114861Z     💡 Expert Suggestion: The input form 'Enter value b' is likely located within a forms section or page.
2026-01-19T04:03:57.7115934Z     🛠️ Executing corrective action: click -> 'Forms'
2026-01-19T04:03:57.7369181Z     🔄 Retry 1/3 mining locators for 'Enter value b'...
2026-01-19T04:03:58.7620077Z     🧠 Consulting AI (Vision-First) to find 'Enter value b'...
2026-01-19T04:03:58.7620936Z     🔍 Trying smart selectors for 'Enter value b'...
2026-01-19T04:03:58.8068133Z     ⚠️ Smart selectors failed (no unique match). Falling back to AI Vision...
2026-01-19T04:03:58.8070137Z     🧠 [EXPERT] Strategy: Act as Senior SDET focusing on exploring the application to understand functional flow and identifying critical paths for end-to-end automation.
2026-01-19T04:03:58.8071973Z [CACHE HIT] 3bfcd91c... (hits: 48, misses: 14)
2026-01-19T04:03:58.8072704Z     ⚠️ Skipping duplicate injection: Forms
2026-01-19T04:03:58.8073530Z     🔄 Retry 2/3 mining locators for 'Enter value b'...
2026-01-19T04:03:59.8085316Z     🗑️ Invalidating stale AI cache (retry 2)...
2026-01-19T04:03:59.8086777Z     ⚠️ Cache invalidation warning: No module named 'core.agents.domain_expert'
2026-01-19T04:03:59.8297787Z     🧠 Consulting AI (Vision-First) to find 'Enter value b'...
2026-01-19T04:03:59.8298553Z     🔍 Trying smart selectors for 'Enter value b'...
2026-01-19T04:03:59.8751484Z     ⚠️ Smart selectors failed (no unique match). Falling back to AI Vision...
2026-01-19T04:03:59.8752840Z     🧠 [EXPERT] Strategy: Act as Senior SDET focusing on exploring the application to understand functional flow and identifying critical paths for end-to-end automation.
2026-01-19T04:03:59.8755828Z [CACHE HIT] 3bfcd91c... (hits: 49, misses: 14)
2026-01-19T04:03:59.8756479Z     ⚠️ Skipping duplicate injection: Forms
2026-01-19T04:03:59.8757165Z     🧠 Verifying step validity for 'Enter value b' after no candidates found...
2026-01-19T04:03:59.8759818Z [CACHE HIT] 07b8cc33... (hits: 50, misses: 14)
2026-01-19T04:03:59.8761389Z     🗑️ Step deemed INVALID: The current page is a Chrome error page. The element 'Enter value b' does not exist on this page. Therefore, the step is not valid.. Removing from workflow.
2026-01-19T04:03:59.8762333Z     ⏭️ Skipping execution of invalid step: Enter value b
2026-01-19T04:03:59.8762712Z   ▶️ [STEP step_6] CLICK: Get Total
2026-01-19T04:03:59.8807354Z     🔍 Mining locators for: 'Get Total'
2026-01-19T04:03:59.9010325Z     🧠 Consulting AI (Vision-First) to find 'Get Total'...
2026-01-19T04:03:59.9010928Z     🔍 Trying smart selectors for 'Get Total'...
2026-01-19T04:03:59.9473968Z     ⚠️ Smart selectors failed (no unique match). Falling back to AI Vision...
2026-01-19T04:03:59.9475650Z     🧠 [EXPERT] Strategy: Act as Senior SDET focusing on exploring the application to understand functional flow and identifying critical paths for end-to-end automation.
2026-01-19T04:03:59.9478379Z [CACHE HIT] ba3f945a... (hits: 51, misses: 14)
2026-01-19T04:03:59.9478966Z     💡 Expert Suggestion: Search bar is likely on the Products page.
2026-01-19T04:03:59.9479543Z     🛠️ Executing corrective action: click -> 'Products'
2026-01-19T04:03:59.9776962Z     🔄 Retry 1/3 mining locators for 'Get Total'...
2026-01-19T04:04:01.0006133Z     🧠 Consulting AI (Vision-First) to find 'Get Total'...
2026-01-19T04:04:01.0006925Z     🔍 Trying smart selectors for 'Get Total'...
2026-01-19T04:04:01.0458997Z     ⚠️ Smart selectors failed (no unique match). Falling back to AI Vision...
2026-01-19T04:04:01.0460261Z     🧠 [EXPERT] Strategy: Act as Senior SDET focusing on exploring the application to understand functional flow and identifying critical paths for end-to-end automation.
2026-01-19T04:04:01.0462924Z [CACHE HIT] ba3f945a... (hits: 52, misses: 14)
2026-01-19T04:04:01.0463797Z     ⚠️ Skipping duplicate injection: Products
2026-01-19T04:04:01.0464194Z     🔄 Retry 2/3 mining locators for 'Get Total'...
2026-01-19T04:04:02.0476078Z     🗑️ Invalidating stale AI cache (retry 2)...
2026-01-19T04:04:02.0477697Z     ⚠️ Cache invalidation warning: No module named 'core.agents.domain_expert'
2026-01-19T04:04:02.0677572Z     🧠 Consulting AI (Vision-First) to find 'Get Total'...
2026-01-19T04:04:02.0678365Z     🔍 Trying smart selectors for 'Get Total'...
2026-01-19T04:04:02.1118969Z     ⚠️ Smart selectors failed (no unique match). Falling back to AI Vision...
2026-01-19T04:04:02.1120660Z     🧠 [EXPERT] Strategy: Act as Senior SDET focusing on exploring the application to understand functional flow and identifying critical paths for end-to-end automation.
2026-01-19T04:04:02.1123668Z [CACHE HIT] ba3f945a... (hits: 53, misses: 14)
2026-01-19T04:04:02.1124330Z     ⚠️ Skipping duplicate injection: Products
2026-01-19T04:04:02.1125098Z     🧠 Verifying step validity for 'Get Total' after no candidates found...
2026-01-19T04:04:02.1127568Z [CACHE HIT] d2bfa091... (hits: 54, misses: 14)
2026-01-19T04:04:02.1129000Z     🗑️ Step deemed INVALID: The current page is a Chrome error page. The 'Get Total' element does not exist on this page. We are on the wrong page.. Removing from workflow.
2026-01-19T04:04:02.1129834Z     ⏭️ Skipping execution of invalid step: Get Total
2026-01-19T04:04:02.1130193Z   ▶️ [STEP step_7] ASSERT_VISIBLE: Total
2026-01-19T04:04:02.1172115Z     🔍 Mining locators for: 'Total'
2026-01-19T04:04:02.1364539Z     🧠 Consulting AI (Vision-First) to find 'Total'...
2026-01-19T04:04:02.1365292Z     🔍 Trying smart selectors for 'Total'...
2026-01-19T04:04:02.1707397Z     ⚠️ Smart selectors failed (no unique match). Falling back to AI Vision...
2026-01-19T04:04:02.1708816Z     🧠 [EXPERT] Strategy: Act as Senior SDET focusing on exploring the application to understand functional flow and identifying critical paths for end-to-end automation.
2026-01-19T04:04:02.1711673Z [CACHE HIT] 015b190b... (hits: 55, misses: 14)
2026-01-19T04:04:02.1712569Z     💡 Expert Suggestion: Search bar is likely on the Products page.
2026-01-19T04:04:02.1713643Z     🛠️ Executing corrective action: click -> 'Products'
2026-01-19T04:04:02.1965563Z     🔄 Retry 1/3 mining locators for 'Total'...
2026-01-19T04:04:03.2181541Z     🧠 Consulting AI (Vision-First) to find 'Total'...
2026-01-19T04:04:03.2182302Z     🔍 Trying smart selectors for 'Total'...
2026-01-19T04:04:03.2526455Z     ⚠️ Smart selectors failed (no unique match). Falling back to AI Vision...
2026-01-19T04:04:03.2527829Z     🧠 [EXPERT] Strategy: Act as Senior SDET focusing on exploring the application to understand functional flow and identifying critical paths for end-to-end automation.
2026-01-19T04:04:03.2530646Z [CACHE HIT] 015b190b... (hits: 56, misses: 14)
2026-01-19T04:04:03.2531318Z     ⚠️ Skipping duplicate injection: Products
2026-01-19T04:04:03.2531727Z     🔄 Retry 2/3 mining locators for 'Total'...
2026-01-19T04:04:04.2536257Z     🗑️ Invalidating stale AI cache (retry 2)...
2026-01-19T04:04:04.2537619Z     ⚠️ Cache invalidation warning: No module named 'core.agents.domain_expert'
2026-01-19T04:04:04.2781443Z     🧠 Consulting AI (Vision-First) to find 'Total'...
2026-01-19T04:04:04.2782227Z     🔍 Trying smart selectors for 'Total'...
2026-01-19T04:04:04.3138423Z     ⚠️ Smart selectors failed (no unique match). Falling back to AI Vision...
2026-01-19T04:04:04.3140071Z     🧠 [EXPERT] Strategy: Act as Senior SDET focusing on exploring the application to understand functional flow and identifying critical paths for end-to-end automation.
2026-01-19T04:04:04.3143040Z [CACHE HIT] 015b190b... (hits: 57, misses: 14)
2026-01-19T04:04:04.3143905Z     ⚠️ Skipping duplicate injection: Products
2026-01-19T04:04:04.3144776Z     🧠 Verifying step validity for 'Total' after no candidates found...
2026-01-19T04:04:04.3146913Z [CACHE HIT] 71db5be2... (hits: 58, misses: 14)
2026-01-19T04:04:04.3148201Z     🗑️ Step deemed INVALID: The current page is a Chrome error page. There is no form to validate, and therefore no 'Total' element exists on this page. The task is invalid.. Removing from workflow.
2026-01-19T04:04:04.3149188Z     ⏭️ Skipping execution of invalid step: Total
2026-01-19T04:04:04.3149522Z   ▶️ [STEP step_8] ASSERT_TEXT: Total
2026-01-19T04:04:04.3192540Z     🔍 Mining locators for: 'Total'
2026-01-19T04:04:04.3445430Z     🧠 Consulting AI (Vision-First) to find 'Total'...
2026-01-19T04:04:04.3445865Z     🔍 Trying smart selectors for 'Total'...
2026-01-19T04:04:04.3790149Z     ⚠️ Smart selectors failed (no unique match). Falling back to AI Vision...
2026-01-19T04:04:04.3791525Z     🧠 [EXPERT] Strategy: Act as Senior SDET focusing on exploring the application to understand functional flow and identifying critical paths for end-to-end automation.
2026-01-19T04:04:04.3794525Z [CACHE HIT] 015b190b... (hits: 59, misses: 14)
2026-01-19T04:04:04.3795368Z     💡 Expert Suggestion: Search bar is likely on the Products page.
2026-01-19T04:04:04.3796559Z     🛠️ Executing corrective action: click -> 'Products'
2026-01-19T04:04:04.4053583Z     🔄 Retry 1/3 mining locators for 'Total'...
2026-01-19T04:04:05.4274075Z     🧠 Consulting AI (Vision-First) to find 'Total'...
2026-01-19T04:04:05.4274843Z     🔍 Trying smart selectors for 'Total'...
2026-01-19T04:04:05.4610724Z     ⚠️ Smart selectors failed (no unique match). Falling back to AI Vision...
2026-01-19T04:04:05.4612118Z     🧠 [EXPERT] Strategy: Act as Senior SDET focusing on exploring the application to understand functional flow and identifying critical paths for end-to-end automation.
2026-01-19T04:04:05.4615127Z [CACHE HIT] 015b190b... (hits: 60, misses: 14)
2026-01-19T04:04:05.4615801Z     ⚠️ Skipping duplicate injection: Products
2026-01-19T04:04:05.4616193Z     🔄 Retry 2/3 mining locators for 'Total'...
2026-01-19T04:04:06.4627956Z     🗑️ Invalidating stale AI cache (retry 2)...
2026-01-19T04:04:06.4629294Z     ⚠️ Cache invalidation warning: No module named 'core.agents.domain_expert'
2026-01-19T04:04:06.4833019Z     🧠 Consulting AI (Vision-First) to find 'Total'...
2026-01-19T04:04:06.4834024Z     🔍 Trying smart selectors for 'Total'...
2026-01-19T04:04:06.5174704Z     ⚠️ Smart selectors failed (no unique match). Falling back to AI Vision...
2026-01-19T04:04:06.5176146Z     🧠 [EXPERT] Strategy: Act as Senior SDET focusing on exploring the application to understand functional flow and identifying critical paths for end-to-end automation.
2026-01-19T04:04:06.5178903Z [CACHE HIT] 015b190b... (hits: 61, misses: 14)
2026-01-19T04:04:06.5179645Z     ⚠️ Skipping duplicate injection: Products
2026-01-19T04:04:06.5180152Z     🧠 Verifying step validity for 'Total' after no candidates found...
2026-01-19T04:04:06.5182582Z [CACHE HIT] 71db5be2... (hits: 62, misses: 14)
2026-01-19T04:04:06.5183946Z     🗑️ Step deemed INVALID: The current page is a Chrome error page. There is no form to validate, and therefore no 'Total' element exists on this page. The task is invalid.. Removing from workflow.
2026-01-19T04:04:06.5184840Z     ⏭️ Skipping execution of invalid step: Total
2026-01-19T04:04:08.5458587Z 🗂️  All generated tests written to /home/runner/work/build_qa_automation/build_qa_automation/projects/ci_seleniumeasy_forms/tests/generated_scenarios.json
2026-01-19T04:04:08.5463441Z 🔄 Updated workflow.json with discovered steps and locators.
2026-01-19T04:04:08.5463909Z 
2026-01-19T04:04:08.5464135Z ✅ Deep Exploration Complete.
2026-01-19T04:04:21.9426871Z 
2026-01-19T04:04:21.9427689Z 🚀 [EXECUTE] Starting Automation Execution Engine
2026-01-19T04:04:21.9428227Z 📍 Project: ci_seleniumeasy_forms
2026-01-19T04:04:21.9428718Z 🎬 Mode: Headless
2026-01-19T04:04:21.9428917Z 
2026-01-19T04:04:21.9429117Z --- Scenario: Validate Single Input Form ---
2026-01-19T04:04:21.9429675Z   ▶️ [STEP step_1] NAVIGATE: Step step_1
2026-01-19T04:04:21.9430532Z     ❌ Attempt 1 failed (unknown): Page.goto: net::ERR_NAME_NOT_RESOLVED at https://demo.seleniumeasy.com/basic-first-form-demo.html
2026-01-19T04:04:21.9431124Z Ca...
2026-01-19T04:04:21.9431445Z     🔧 [AUTO-HEAL] Re-mining page to find 'Step step_1'...
2026-01-19T04:04:21.9431832Z [DEBUG] Sending request to gemini-2.0-flash. Number of parts: 2
2026-01-19T04:04:21.9432189Z [DEBUG] Received response (Length: 38)
2026-01-19T04:04:21.9432826Z     ❌ AI could not re-locate the element. Waiting 1s before next retry.
2026-01-19T04:04:21.9433919Z     ❌ Attempt 2 failed (unknown): Page.goto: net::ERR_NAME_NOT_RESOLVED at https://demo.seleniumeasy.com/basic-first-form-demo.html
2026-01-19T04:04:21.9434461Z Ca...
2026-01-19T04:04:21.9434738Z     🔧 [AUTO-HEAL] Re-mining page to find 'navigate'...
2026-01-19T04:04:21.9435053Z [CACHE HIT] 2cd6a610... (hits: 1, misses: 1)
2026-01-19T04:04:21.9435456Z     ❌ AI could not re-locate the element. Waiting 1s before next retry.
2026-01-19T04:04:21.9436219Z     ❌ Attempt 3 failed (unknown): Page.goto: net::ERR_NAME_NOT_RESOLVED at https://demo.seleniumeasy.com/basic-first-form-demo.html
2026-01-19T04:04:21.9436957Z Ca...
2026-01-19T04:04:21.9437195Z     💀 Step step_1 failed after all retries.
2026-01-19T04:04:21.9437650Z 🛑 Scenario 'Validate Single Input Form' aborted due to step failure.
2026-01-19T04:04:21.9437918Z 
2026-01-19T04:04:21.9438046Z --- Scenario: Validate Two Input Fields Form ---
2026-01-19T04:04:21.9438396Z   ▶️ [STEP step_1] NAVIGATE: Step step_1
2026-01-19T04:04:21.9439094Z     ❌ Attempt 1 failed (unknown): Page.goto: net::ERR_NAME_NOT_RESOLVED at https://demo.seleniumeasy.com/basic-first-form-demo.html
2026-01-19T04:04:21.9439643Z Ca...
2026-01-19T04:04:21.9439923Z     🔧 [AUTO-HEAL] Re-mining page to find 'Step step_1'...
2026-01-19T04:04:21.9440247Z [CACHE HIT] 2cd6a610... (hits: 2, misses: 1)
2026-01-19T04:04:21.9440639Z     ❌ AI could not re-locate the element. Waiting 1s before next retry.
2026-01-19T04:04:21.9441390Z     ❌ Attempt 2 failed (unknown): Page.goto: net::ERR_NAME_NOT_RESOLVED at https://demo.seleniumeasy.com/basic-first-form-demo.html
2026-01-19T04:04:21.9441916Z Ca...
2026-01-19T04:04:21.9442194Z     🔧 [AUTO-HEAL] Re-mining page to find 'navigate'...
2026-01-19T04:04:21.9442500Z [CACHE HIT] 2cd6a610... (hits: 3, misses: 1)
2026-01-19T04:04:21.9442881Z     ❌ AI could not re-locate the element. Waiting 1s before next retry.
2026-01-19T04:04:21.9443838Z     ❌ Attempt 3 failed (unknown): Page.goto: net::ERR_NAME_NOT_RESOLVED at https://demo.seleniumeasy.com/basic-first-form-demo.html
2026-01-19T04:04:21.9444374Z Ca...
2026-01-19T04:04:21.9444611Z     💀 Step step_1 failed after all retries.
2026-01-19T04:04:21.9445025Z 🛑 Scenario 'Validate Two Input Fields Form' aborted due to step failure.
2026-01-19T04:04:21.9445314Z 
2026-01-19T04:04:21.9445485Z --- Scenario: Validate Two Input Fields Form with Invalid Input ---
2026-01-19T04:04:21.9445883Z   ▶️ [STEP step_1] NAVIGATE: Step step_1
2026-01-19T04:04:21.9446552Z     ❌ Attempt 1 failed (unknown): Page.goto: net::ERR_NAME_NOT_RESOLVED at https://demo.seleniumeasy.com/basic-first-form-demo.html
2026-01-19T04:04:21.9447081Z Ca...
2026-01-19T04:04:21.9447358Z     🔧 [AUTO-HEAL] Re-mining page to find 'Step step_1'...
2026-01-19T04:04:21.9447675Z [CACHE HIT] 2cd6a610... (hits: 4, misses: 1)
2026-01-19T04:04:21.9448068Z     ❌ AI could not re-locate the element. Waiting 1s before next retry.
2026-01-19T04:04:21.9448811Z     ❌ Attempt 2 failed (unknown): Page.goto: net::ERR_NAME_NOT_RESOLVED at https://demo.seleniumeasy.com/basic-first-form-demo.html
2026-01-19T04:04:21.9449334Z Ca...
2026-01-19T04:04:21.9449587Z     🔧 [AUTO-HEAL] Re-mining page to find 'navigate'...
2026-01-19T04:04:21.9449894Z [CACHE HIT] 2cd6a610... (hits: 5, misses: 1)
2026-01-19T04:04:21.9450287Z     ❌ AI could not re-locate the element. Waiting 1s before next retry.
2026-01-19T04:04:21.9451019Z     ❌ Attempt 3 failed (unknown): Page.goto: net::ERR_NAME_NOT_RESOLVED at https://demo.seleniumeasy.com/basic-first-form-demo.html
2026-01-19T04:04:21.9451540Z Ca...
2026-01-19T04:04:21.9451765Z     💀 Step step_1 failed after all retries.
2026-01-19T04:04:21.9452250Z 🛑 Scenario 'Validate Two Input Fields Form with Invalid Input' aborted due to step failure.
2026-01-19T04:04:21.9452738Z 
2026-01-19T04:04:21.9452846Z ============================================================
2026-01-19T04:04:21.9453151Z 🎯 EXECUTION SUMMARY
2026-01-19T04:04:21.9453677Z ============================================================
2026-01-19T04:04:21.9453885Z 
2026-01-19T04:04:21.9454003Z 📋 Scenario Overview:
2026-01-19T04:04:21.9454258Z    • Total Scenarios Planned: 3
2026-01-19T04:04:21.9454524Z    • Scenarios Executed: 3
2026-01-19T04:04:21.9454776Z    • Total Steps Executed: 3
2026-01-19T04:04:21.9454922Z 
2026-01-19T04:04:21.9455011Z ✅ Results:
2026-01-19T04:04:21.9455210Z    ❌ Failed: 3 (100%)
2026-01-19T04:04:21.9455328Z 
2026-01-19T04:04:21.9455439Z ⚠️  Failed Scenarios:
2026-01-19T04:04:21.9455667Z    • Validate Single Input Form
2026-01-19T04:04:21.9455937Z    • Validate Two Input Fields Form
2026-01-19T04:04:21.9456273Z    • Validate Two Input Fields Form with Invalid Input
2026-01-19T04:04:21.9456574Z 
2026-01-19T04:04:21.9456671Z ============================================================
2026-01-19T04:04:21.9456868Z 
2026-01-19T04:04:21.9457365Z 🏁 Execution Finished. Report: /home/runner/work/build_qa_automation/build_qa_automation/projects/ci_seleniumeasy_forms/execution.json
2026-01-19T04:04:22.0462993Z 
2026-01-19T04:04:22.0463879Z [PHASE] Running Phase: DISCOVERY
2026-01-19T04:04:22.0465348Z    Command: /opt/hostedtoolcache/Python/3.11.14/x64/bin/python /home/runner/work/build_qa_automation/build_qa_automation/core/agents/discovery.py --project /home/runner/work/build_qa_automation/build_qa_automation/projects/ci_seleniumeasy_forms --url https://demo.seleniumeasy.com/basic-first-form-demo.html --deep
2026-01-19T04:04:22.0466982Z ✅ Phase 'discovery' completed successfully.
2026-01-19T04:04:22.0467197Z 
2026-01-19T04:04:22.0467295Z [PHASE] Running Phase: PLANNING
2026-01-19T04:04:22.0468703Z    Command: /opt/hostedtoolcache/Python/3.11.14/x64/bin/python /home/runner/work/build_qa_automation/build_qa_automation/core/agents/planner.py --project /home/runner/work/build_qa_automation/build_qa_automation/projects/ci_seleniumeasy_forms --goal Validate input forms --url https://demo.seleniumeasy.com/basic-first-form-demo.html --deep
2026-01-19T04:04:22.0470201Z ✅ Phase 'planning' completed successfully.
2026-01-19T04:04:22.0470418Z 
2026-01-19T04:04:22.0470514Z [PHASE] Running Phase: EXPLORATION
2026-01-19T04:04:22.0471555Z    Command: /opt/hostedtoolcache/Python/3.11.14/x64/bin/python /home/runner/work/build_qa_automation/build_qa_automation/core/agents/deep_explorer.py --project /home/runner/work/build_qa_automation/build_qa_automation/projects/ci_seleniumeasy_forms
2026-01-19T04:04:22.0473779Z ✅ Phase 'exploration' completed successfully.
2026-01-19T04:04:22.0474142Z 
2026-01-19T04:04:22.0474299Z [PHASE] Running Phase: EXECUTION
2026-01-19T04:04:22.0476044Z    Command: /opt/hostedtoolcache/Python/3.11.14/x64/bin/python /home/runner/work/build_qa_automation/build_qa_automation/core/agents/executor.py --project /home/runner/work/build_qa_automation/build_qa_automation/projects/ci_seleniumeasy_forms
2026-01-19T04:04:22.0478030Z ✅ Phase 'execution' completed successfully.
2026-01-19T04:04:22.0478385Z 
2026-01-19T04:04:22.0478600Z [DONE] Pipeline Execution Finished! [DONE]
2026-01-19T04:04:22.1400625Z ##[group]Run RESULT_FILE="projects/ci_seleniumeasy_forms/execution.json"
2026-01-19T04:04:22.1401154Z [36;1mRESULT_FILE="projects/ci_seleniumeasy_forms/execution.json"[0m
2026-01-19T04:04:22.1401533Z [36;1mif [ -f "$RESULT_FILE" ]; then[0m
2026-01-19T04:04:22.1462846Z [36;1m  echo "✅ Results generated successfully: $RESULT_FILE"[0m
2026-01-19T04:04:22.1463576Z [36;1m  cat "$RESULT_FILE" | jq '.scenarios | length' || echo "Result file exists"[0m
2026-01-19T04:04:22.1463955Z [36;1melse[0m
2026-01-19T04:04:22.1464202Z [36;1m  echo "❌ No result file found at $RESULT_FILE"[0m
2026-01-19T04:04:22.1464516Z [36;1m  exit 1[0m
2026-01-19T04:04:22.1464707Z [36;1mfi[0m
2026-01-19T04:04:22.1496478Z shell: /usr/bin/bash -e {0}
2026-01-19T04:04:22.1496712Z env:
2026-01-19T04:04:22.1496966Z   pythonLocation: /opt/hostedtoolcache/Python/3.11.14/x64
2026-01-19T04:04:22.1497392Z   PKG_CONFIG_PATH: /opt/hostedtoolcache/Python/3.11.14/x64/lib/pkgconfig
2026-01-19T04:04:22.1497844Z   Python_ROOT_DIR: /opt/hostedtoolcache/Python/3.11.14/x64
2026-01-19T04:04:22.1498217Z   Python2_ROOT_DIR: /opt/hostedtoolcache/Python/3.11.14/x64
2026-01-19T04:04:22.1498604Z   Python3_ROOT_DIR: /opt/hostedtoolcache/Python/3.11.14/x64
2026-01-19T04:04:22.1499006Z   LD_LIBRARY_PATH: /opt/hostedtoolcache/Python/3.11.14/x64/lib
2026-01-19T04:04:22.1499324Z ##[endgroup]
2026-01-19T04:04:22.1551933Z ✅ Results generated successfully: projects/ci_seleniumeasy_forms/execution.json
2026-01-19T04:04:22.1578260Z 3
2026-01-19T04:04:22.1792485Z ##[group]Run actions/upload-artifact@v4
2026-01-19T04:04:22.1792759Z with:
2026-01-19T04:04:22.1792966Z   name: seleniumeasy_forms-execution-results
2026-01-19T04:04:22.1793709Z   path: projects/ci_seleniumeasy_forms/execution.json
projects/ci_seleniumeasy_forms/workflow.json

2026-01-19T04:04:22.1794186Z   retention-days: 30
2026-01-19T04:04:22.1794395Z   if-no-files-found: warn
2026-01-19T04:04:22.1794615Z   compression-level: 6
2026-01-19T04:04:22.1794820Z   overwrite: false
2026-01-19T04:04:22.1795015Z   include-hidden-files: false
2026-01-19T04:04:22.1795228Z env:
2026-01-19T04:04:22.1795461Z   pythonLocation: /opt/hostedtoolcache/Python/3.11.14/x64
2026-01-19T04:04:22.1795871Z   PKG_CONFIG_PATH: /opt/hostedtoolcache/Python/3.11.14/x64/lib/pkgconfig
2026-01-19T04:04:22.1796286Z   Python_ROOT_DIR: /opt/hostedtoolcache/Python/3.11.14/x64
2026-01-19T04:04:22.1796645Z   Python2_ROOT_DIR: /opt/hostedtoolcache/Python/3.11.14/x64
2026-01-19T04:04:22.1797038Z   Python3_ROOT_DIR: /opt/hostedtoolcache/Python/3.11.14/x64
2026-01-19T04:04:22.1797409Z   LD_LIBRARY_PATH: /opt/hostedtoolcache/Python/3.11.14/x64/lib
2026-01-19T04:04:22.1797706Z ##[endgroup]
2026-01-19T04:04:22.3989835Z Multiple search paths detected. Calculating the least common ancestor of all paths
2026-01-19T04:04:22.3992733Z The least common ancestor is /home/runner/work/build_qa_automation/build_qa_automation/projects/ci_seleniumeasy_forms. This will be the root directory of the artifact
2026-01-19T04:04:22.3994388Z With the provided path, there will be 2 files uploaded
2026-01-19T04:04:22.3999263Z Artifact name is valid!
2026-01-19T04:04:22.4014131Z Root directory input is valid!
2026-01-19T04:04:22.6564958Z Beginning upload of artifact content to blob storage
2026-01-19T04:04:22.9099542Z Uploaded bytes 957
2026-01-19T04:04:22.9770933Z Finished uploading artifact content to blob storage!
2026-01-19T04:04:22.9774204Z SHA256 digest of uploaded artifact zip is b21c3698eaff267b7ea440940bec555c6e3061a51cc57013169fa7abedfeb6c4
2026-01-19T04:04:22.9776183Z Finalizing artifact upload
2026-01-19T04:04:23.1236368Z Artifact seleniumeasy_forms-execution-results.zip successfully finalized. Artifact ID 5172301563
2026-01-19T04:04:23.1238551Z Artifact seleniumeasy_forms-execution-results has been successfully uploaded! Final size is 957 bytes. Artifact ID is 5172301563
2026-01-19T04:04:23.1245414Z Artifact download URL: https://github.com/vishvasmca-cmd/build_qa_automation/actions/runs/21124435194/artifacts/5172301563
2026-01-19T04:04:23.1537931Z Post job cleanup.
2026-01-19T04:04:23.3014958Z Cache hit occurred on the primary key setup-python-Linux-x64-24.04-Ubuntu-python-3.11.14-pip-dde08d0e0b672972dcda9f1a063036a2e0c226f5d0a20362e9401931676d80a4, not saving cache.
2026-01-19T04:04:23.3418458Z Post job cleanup.
2026-01-19T04:04:23.4341976Z [command]/usr/bin/git version
2026-01-19T04:04:23.4377230Z git version 2.52.0
2026-01-19T04:04:23.4418949Z Temporarily overriding HOME='/home/runner/work/_temp/21e7ecf8-0901-4c3d-b00e-86bbc8725796' before making global git config changes
2026-01-19T04:04:23.4420283Z Adding repository directory to the temporary git global config as a safe directory
2026-01-19T04:04:23.4424853Z [command]/usr/bin/git config --global --add safe.directory /home/runner/work/build_qa_automation/build_qa_automation
2026-01-19T04:04:23.4458689Z [command]/usr/bin/git config --local --name-only --get-regexp core\.sshCommand
2026-01-19T04:04:23.4490197Z [command]/usr/bin/git submodule foreach --recursive sh -c "git config --local --name-only --get-regexp 'core\.sshCommand' && git config --local --unset-all 'core.sshCommand' || :"
2026-01-19T04:04:23.4778520Z [command]/usr/bin/git config --local --name-only --get-regexp http\.https\:\/\/github\.com\/\.extraheader
2026-01-19T04:04:23.4798270Z http.https://github.com/.extraheader
2026-01-19T04:04:23.4810429Z [command]/usr/bin/git config --local --unset-all http.https://github.com/.extraheader
2026-01-19T04:04:23.4839432Z [command]/usr/bin/git submodule foreach --recursive sh -c "git config --local --name-only --get-regexp 'http\.https\:\/\/github\.com\/\.extraheader' && git config --local --unset-all 'http.https://github.com/.extraheader' || :"
2026-01-19T04:04:23.5059178Z [command]/usr/bin/git config --local --name-only --get-regexp ^includeIf\.gitdir:
2026-01-19T04:04:23.5088982Z [command]/usr/bin/git submodule foreach --recursive git config --local --show-origin --name-only --get-regexp remote.origin.url
2026-01-19T04:04:23.5437460Z Cleaning up orphan processes
