2026-01-19T23:52:54.0736128Z Current runner version: '2.331.0'
2026-01-19T23:52:54.0760388Z ##[group]Runner Image Provisioner
2026-01-19T23:52:54.0761230Z Hosted Compute Agent
2026-01-19T23:52:54.0761832Z Version: 20251211.462
2026-01-19T23:52:54.0762465Z Commit: 6cbad8c2bb55d58165063d031ccabf57e2d2db61
2026-01-19T23:52:54.0763168Z Build Date: 2025-12-11T16:28:49Z
2026-01-19T23:52:54.0763847Z Worker ID: {de11ccd7-b83f-4c63-99b9-736a6ef8b9af}
2026-01-19T23:52:54.0764575Z ##[endgroup]
2026-01-19T23:52:54.0765488Z ##[group]Operating System
2026-01-19T23:52:54.0766080Z Ubuntu
2026-01-19T23:52:54.0766564Z 24.04.3
2026-01-19T23:52:54.0766979Z LTS
2026-01-19T23:52:54.0767465Z ##[endgroup]
2026-01-19T23:52:54.0768008Z ##[group]Runner Image
2026-01-19T23:52:54.0768503Z Image: ubuntu-24.04
2026-01-19T23:52:54.0769041Z Version: 20260111.209.1
2026-01-19T23:52:54.0770021Z Included Software: https://github.com/actions/runner-images/blob/ubuntu24/20260111.209/images/ubuntu/Ubuntu2404-Readme.md
2026-01-19T23:52:54.0771548Z Image Release: https://github.com/actions/runner-images/releases/tag/ubuntu24%2F20260111.209
2026-01-19T23:52:54.0772622Z ##[endgroup]
2026-01-19T23:52:54.0773672Z ##[group]GITHUB_TOKEN Permissions
2026-01-19T23:52:54.0775757Z Contents: read
2026-01-19T23:52:54.0776319Z Metadata: read
2026-01-19T23:52:54.0776782Z Packages: read
2026-01-19T23:52:54.0777457Z ##[endgroup]
2026-01-19T23:52:54.0779993Z Secret source: Actions
2026-01-19T23:52:54.0780653Z Prepare workflow directory
2026-01-19T23:52:54.1111458Z Prepare all required actions
2026-01-19T23:52:54.1153182Z Getting action download info
2026-01-19T23:52:54.5746377Z Download action repository 'actions/checkout@v4' (SHA:34e114876b0b11c390a56381ad16ebd13914f8d5)
2026-01-19T23:52:54.6924808Z Download action repository 'actions/setup-python@v5' (SHA:a26af69be951a213d495a4c3e4e4022e16d87065)
2026-01-19T23:52:54.7745045Z Download action repository 'actions/upload-artifact@v4' (SHA:ea165f8d65b6e75b540449e92b4886f43607fa02)
2026-01-19T23:52:55.0104381Z Complete job name: test-websites-deep (demoqa_practice, https://demoqa.com/, Test various form elements)
2026-01-19T23:52:55.0872672Z ##[group]Run actions/checkout@v4
2026-01-19T23:52:55.0873508Z with:
2026-01-19T23:52:55.0873960Z   repository: vishvasmca-cmd/build_qa_automation
2026-01-19T23:52:55.0874683Z   token: ***
2026-01-19T23:52:55.0875054Z   ssh-strict: true
2026-01-19T23:52:55.0875699Z   ssh-user: git
2026-01-19T23:52:55.0876095Z   persist-credentials: true
2026-01-19T23:52:55.0876536Z   clean: true
2026-01-19T23:52:55.0876990Z   sparse-checkout-cone-mode: true
2026-01-19T23:52:55.0877456Z   fetch-depth: 1
2026-01-19T23:52:55.0877840Z   fetch-tags: false
2026-01-19T23:52:55.0878238Z   show-progress: true
2026-01-19T23:52:55.0878637Z   lfs: false
2026-01-19T23:52:55.0878996Z   submodules: false
2026-01-19T23:52:55.0879382Z   set-safe-directory: true
2026-01-19T23:52:55.0880100Z ##[endgroup]
2026-01-19T23:52:55.2010008Z Syncing repository: vishvasmca-cmd/build_qa_automation
2026-01-19T23:52:55.2012641Z ##[group]Getting Git version info
2026-01-19T23:52:55.2013537Z Working directory is '/home/runner/work/build_qa_automation/build_qa_automation'
2026-01-19T23:52:55.2014581Z [command]/usr/bin/git version
2026-01-19T23:52:55.2111735Z git version 2.52.0
2026-01-19T23:52:55.2139979Z ##[endgroup]
2026-01-19T23:52:55.2164727Z Temporarily overriding HOME='/home/runner/work/_temp/c0c0a678-849e-48b5-9e36-5a224dd43956' before making global git config changes
2026-01-19T23:52:55.2167561Z Adding repository directory to the temporary git global config as a safe directory
2026-01-19T23:52:55.2171835Z [command]/usr/bin/git config --global --add safe.directory /home/runner/work/build_qa_automation/build_qa_automation
2026-01-19T23:52:55.2216283Z Deleting the contents of '/home/runner/work/build_qa_automation/build_qa_automation'
2026-01-19T23:52:55.2220184Z ##[group]Initializing the repository
2026-01-19T23:52:55.2225045Z [command]/usr/bin/git init /home/runner/work/build_qa_automation/build_qa_automation
2026-01-19T23:52:55.2342162Z hint: Using 'master' as the name for the initial branch. This default branch name
2026-01-19T23:52:55.2343821Z hint: will change to "main" in Git 3.0. To configure the initial branch name
2026-01-19T23:52:55.2344807Z hint: to use in all of your new repositories, which will suppress this warning,
2026-01-19T23:52:55.2345783Z hint: call:
2026-01-19T23:52:55.2346157Z hint:
2026-01-19T23:52:55.2346893Z hint: 	git config --global init.defaultBranch <name>
2026-01-19T23:52:55.2347976Z hint:
2026-01-19T23:52:55.2348788Z hint: Names commonly chosen instead of 'master' are 'main', 'trunk' and
2026-01-19T23:52:55.2350449Z hint: 'development'. The just-created branch can be renamed via this command:
2026-01-19T23:52:55.2351801Z hint:
2026-01-19T23:52:55.2352504Z hint: 	git branch -m <name>
2026-01-19T23:52:55.2353349Z hint:
2026-01-19T23:52:55.2354416Z hint: Disable this message with "git config set advice.defaultBranchName false"
2026-01-19T23:52:55.2356783Z Initialized empty Git repository in /home/runner/work/build_qa_automation/build_qa_automation/.git/
2026-01-19T23:52:55.2362902Z [command]/usr/bin/git remote add origin https://github.com/vishvasmca-cmd/build_qa_automation
2026-01-19T23:52:55.2399645Z ##[endgroup]
2026-01-19T23:52:55.2400359Z ##[group]Disabling automatic garbage collection
2026-01-19T23:52:55.2405412Z [command]/usr/bin/git config --local gc.auto 0
2026-01-19T23:52:55.2434859Z ##[endgroup]
2026-01-19T23:52:55.2436335Z ##[group]Setting up auth
2026-01-19T23:52:55.2443099Z [command]/usr/bin/git config --local --name-only --get-regexp core\.sshCommand
2026-01-19T23:52:55.2474297Z [command]/usr/bin/git submodule foreach --recursive sh -c "git config --local --name-only --get-regexp 'core\.sshCommand' && git config --local --unset-all 'core.sshCommand' || :"
2026-01-19T23:52:55.2852056Z [command]/usr/bin/git config --local --name-only --get-regexp http\.https\:\/\/github\.com\/\.extraheader
2026-01-19T23:52:55.2882816Z [command]/usr/bin/git submodule foreach --recursive sh -c "git config --local --name-only --get-regexp 'http\.https\:\/\/github\.com\/\.extraheader' && git config --local --unset-all 'http.https://github.com/.extraheader' || :"
2026-01-19T23:52:55.3112319Z [command]/usr/bin/git config --local --name-only --get-regexp ^includeIf\.gitdir:
2026-01-19T23:52:55.3144563Z [command]/usr/bin/git submodule foreach --recursive git config --local --show-origin --name-only --get-regexp remote.origin.url
2026-01-19T23:52:55.3386772Z [command]/usr/bin/git config --local http.https://github.com/.extraheader AUTHORIZATION: basic ***
2026-01-19T23:52:55.3423318Z ##[endgroup]
2026-01-19T23:52:55.3424580Z ##[group]Fetching the repository
2026-01-19T23:52:55.3434900Z [command]/usr/bin/git -c protocol.version=2 fetch --no-tags --prune --no-recurse-submodules --depth=1 origin +d25504decfc404871c7c3bd5ac186d61498b2813:refs/remotes/origin/main
2026-01-19T23:52:56.5952553Z From https://github.com/vishvasmca-cmd/build_qa_automation
2026-01-19T23:52:56.5954743Z  * [new ref]         d25504decfc404871c7c3bd5ac186d61498b2813 -> origin/main
2026-01-19T23:52:56.5993677Z ##[endgroup]
2026-01-19T23:52:56.5995370Z ##[group]Determining the checkout info
2026-01-19T23:52:56.5997946Z ##[endgroup]
2026-01-19T23:52:56.6003051Z [command]/usr/bin/git sparse-checkout disable
2026-01-19T23:52:56.6051162Z [command]/usr/bin/git config --local --unset-all extensions.worktreeConfig
2026-01-19T23:52:56.6082268Z ##[group]Checking out the ref
2026-01-19T23:52:56.6086823Z [command]/usr/bin/git checkout --progress --force -B main refs/remotes/origin/main
2026-01-19T23:52:56.7666116Z Switched to a new branch 'main'
2026-01-19T23:52:56.7667557Z branch 'main' set up to track 'origin/main'.
2026-01-19T23:52:56.7691447Z ##[endgroup]
2026-01-19T23:52:56.7731078Z [command]/usr/bin/git log -1 --format=%H
2026-01-19T23:52:56.7754625Z d25504decfc404871c7c3bd5ac186d61498b2813
2026-01-19T23:52:56.8083330Z ##[group]Run actions/setup-python@v5
2026-01-19T23:52:56.8084571Z with:
2026-01-19T23:52:56.8085602Z   python-version: 3.11
2026-01-19T23:52:56.8086552Z   cache: pip
2026-01-19T23:52:56.8087657Z   check-latest: false
2026-01-19T23:52:56.8088903Z   token: ***
2026-01-19T23:52:56.8089788Z   update-environment: true
2026-01-19T23:52:56.8090853Z   allow-prereleases: false
2026-01-19T23:52:56.8091906Z   freethreaded: false
2026-01-19T23:52:56.8092830Z ##[endgroup]
2026-01-19T23:52:56.9864418Z ##[group]Installed versions
2026-01-19T23:52:56.9970567Z Successfully set up CPython (3.11.14)
2026-01-19T23:52:56.9971440Z ##[endgroup]
2026-01-19T23:52:57.1136242Z [command]/opt/hostedtoolcache/Python/3.11.14/x64/bin/pip cache dir
2026-01-19T23:52:57.4512610Z /home/runner/.cache/pip
2026-01-19T23:52:57.7371741Z Cache hit for: setup-python-Linux-x64-24.04-Ubuntu-python-3.11.14-pip-dde08d0e0b672972dcda9f1a063036a2e0c226f5d0a20362e9401931676d80a4
2026-01-19T23:52:59.0532169Z Received 4194304 of 254742636 (1.6%), 4.0 MBs/sec
2026-01-19T23:53:00.0535003Z Received 125829120 of 254742636 (49.4%), 60.0 MBs/sec
2026-01-19T23:53:01.0536017Z Received 226492416 of 254742636 (88.9%), 72.0 MBs/sec
2026-01-19T23:53:01.4693262Z Received 254742636 of 254742636 (100.0%), 71.1 MBs/sec
2026-01-19T23:53:01.4694489Z Cache Size: ~243 MB (254742636 B)
2026-01-19T23:53:01.4737116Z [command]/usr/bin/tar -xf /home/runner/work/_temp/0bfe4704-44b8-41e9-b408-4e07412505c1/cache.tzst -P -C /home/runner/work/build_qa_automation/build_qa_automation --use-compress-program unzstd
2026-01-19T23:53:01.8677741Z Cache restored successfully
2026-01-19T23:53:01.9180189Z Cache restored from key: setup-python-Linux-x64-24.04-Ubuntu-python-3.11.14-pip-dde08d0e0b672972dcda9f1a063036a2e0c226f5d0a20362e9401931676d80a4
2026-01-19T23:53:01.9432051Z ##[group]Run pip install -r requirements.txt
2026-01-19T23:53:01.9432494Z [36;1mpip install -r requirements.txt[0m
2026-01-19T23:53:01.9432836Z [36;1mplaywright install chromium[0m
2026-01-19T23:53:01.9472958Z shell: /usr/bin/bash -e {0}
2026-01-19T23:53:01.9473237Z env:
2026-01-19T23:53:01.9473528Z   pythonLocation: /opt/hostedtoolcache/Python/3.11.14/x64
2026-01-19T23:53:01.9473973Z   PKG_CONFIG_PATH: /opt/hostedtoolcache/Python/3.11.14/x64/lib/pkgconfig
2026-01-19T23:53:01.9474420Z   Python_ROOT_DIR: /opt/hostedtoolcache/Python/3.11.14/x64
2026-01-19T23:53:01.9474802Z   Python2_ROOT_DIR: /opt/hostedtoolcache/Python/3.11.14/x64
2026-01-19T23:53:01.9475430Z   Python3_ROOT_DIR: /opt/hostedtoolcache/Python/3.11.14/x64
2026-01-19T23:53:01.9475897Z   LD_LIBRARY_PATH: /opt/hostedtoolcache/Python/3.11.14/x64/lib
2026-01-19T23:53:01.9476215Z ##[endgroup]
2026-01-19T23:53:02.6618089Z Collecting playwright (from -r requirements.txt (line 1))
2026-01-19T23:53:02.6634094Z   Using cached playwright-1.57.0-py3-none-manylinux1_x86_64.whl.metadata (3.5 kB)
2026-01-19T23:53:02.6797275Z Collecting python-dotenv (from -r requirements.txt (line 2))
2026-01-19T23:53:02.6813635Z   Using cached python_dotenv-1.2.1-py3-none-any.whl.metadata (25 kB)
2026-01-19T23:53:02.7060126Z Collecting requests (from -r requirements.txt (line 3))
2026-01-19T23:53:02.7073909Z   Using cached requests-2.32.5-py3-none-any.whl.metadata (4.9 kB)
2026-01-19T23:53:02.9045856Z Collecting pillow (from -r requirements.txt (line 4))
2026-01-19T23:53:02.9062665Z   Using cached pillow-12.1.0-cp311-cp311-manylinux_2_27_x86_64.manylinux_2_28_x86_64.whl.metadata (8.8 kB)
2026-01-19T23:53:02.9293056Z Collecting google-genai>=0.3.0 (from -r requirements.txt (line 5))
2026-01-19T23:53:02.9307343Z   Using cached google_genai-1.59.0-py3-none-any.whl.metadata (53 kB)
2026-01-19T23:53:02.9435803Z Collecting termcolor (from -r requirements.txt (line 6))
2026-01-19T23:53:02.9449570Z   Using cached termcolor-3.3.0-py3-none-any.whl.metadata (6.5 kB)
2026-01-19T23:53:02.9775371Z Collecting PyYAML (from -r requirements.txt (line 7))
2026-01-19T23:53:02.9789569Z   Using cached pyyaml-6.0.3-cp311-cp311-manylinux2014_x86_64.manylinux_2_17_x86_64.manylinux_2_28_x86_64.whl.metadata (2.4 kB)
2026-01-19T23:53:03.0302945Z Collecting opencv-python-headless (from -r requirements.txt (line 8))
2026-01-19T23:53:03.0317469Z   Using cached opencv_python_headless-4.13.0.90-cp37-abi3-manylinux_2_28_x86_64.whl.metadata (19 kB)
2026-01-19T23:53:03.2296886Z Collecting numpy (from -r requirements.txt (line 9))
2026-01-19T23:53:03.2313031Z   Using cached numpy-2.4.1-cp311-cp311-manylinux_2_27_x86_64.manylinux_2_28_x86_64.whl.metadata (6.6 kB)
2026-01-19T23:53:03.3082586Z Collecting faker (from -r requirements.txt (line 10))
2026-01-19T23:53:03.3098066Z   Using cached faker-40.1.2-py3-none-any.whl.metadata (16 kB)
2026-01-19T23:53:03.3232555Z Collecting pyee<14,>=13 (from playwright->-r requirements.txt (line 1))
2026-01-19T23:53:03.3246033Z   Using cached pyee-13.0.0-py3-none-any.whl.metadata (2.9 kB)
2026-01-19T23:53:03.4681802Z Collecting greenlet<4.0.0,>=3.1.1 (from playwright->-r requirements.txt (line 1))
2026-01-19T23:53:03.4697597Z   Using cached greenlet-3.3.0-cp311-cp311-manylinux_2_24_x86_64.manylinux_2_28_x86_64.whl.metadata (4.1 kB)
2026-01-19T23:53:03.4866946Z Collecting typing-extensions (from pyee<14,>=13->playwright->-r requirements.txt (line 1))
2026-01-19T23:53:03.4880635Z   Using cached typing_extensions-4.15.0-py3-none-any.whl.metadata (3.3 kB)
2026-01-19T23:53:03.5661045Z Collecting charset_normalizer<4,>=2 (from requests->-r requirements.txt (line 3))
2026-01-19T23:53:03.5676620Z   Using cached charset_normalizer-3.4.4-cp311-cp311-manylinux2014_x86_64.manylinux_2_17_x86_64.manylinux_2_28_x86_64.whl.metadata (37 kB)
2026-01-19T23:53:03.5821719Z Collecting idna<4,>=2.5 (from requests->-r requirements.txt (line 3))
2026-01-19T23:53:03.5835063Z   Using cached idna-3.11-py3-none-any.whl.metadata (8.4 kB)
2026-01-19T23:53:03.6079866Z Collecting urllib3<3,>=1.21.1 (from requests->-r requirements.txt (line 3))
2026-01-19T23:53:03.6093002Z   Using cached urllib3-2.6.3-py3-none-any.whl.metadata (6.9 kB)
2026-01-19T23:53:03.6297623Z Collecting certifi>=2017.4.17 (from requests->-r requirements.txt (line 3))
2026-01-19T23:53:03.6311388Z   Using cached certifi-2026.1.4-py3-none-any.whl.metadata (2.5 kB)
2026-01-19T23:53:03.6498888Z Collecting anyio<5.0.0,>=4.8.0 (from google-genai>=0.3.0->-r requirements.txt (line 5))
2026-01-19T23:53:03.6512410Z   Using cached anyio-4.12.1-py3-none-any.whl.metadata (4.3 kB)
2026-01-19T23:53:03.6826250Z Collecting google-auth<3.0.0,>=2.47.0 (from google-auth[requests]<3.0.0,>=2.47.0->google-genai>=0.3.0->-r requirements.txt (line 5))
2026-01-19T23:53:03.6840044Z   Using cached google_auth-2.47.0-py3-none-any.whl.metadata (6.4 kB)
2026-01-19T23:53:03.7077104Z Collecting httpx<1.0.0,>=0.28.1 (from google-genai>=0.3.0->-r requirements.txt (line 5))
2026-01-19T23:53:03.7090308Z   Using cached httpx-0.28.1-py3-none-any.whl.metadata (7.1 kB)
2026-01-19T23:53:03.8567053Z Collecting pydantic<3.0.0,>=2.9.0 (from google-genai>=0.3.0->-r requirements.txt (line 5))
2026-01-19T23:53:03.8582159Z   Using cached pydantic-2.12.5-py3-none-any.whl.metadata (90 kB)
2026-01-19T23:53:03.8834485Z Collecting tenacity<9.2.0,>=8.2.3 (from google-genai>=0.3.0->-r requirements.txt (line 5))
2026-01-19T23:53:03.8848320Z   Using cached tenacity-9.1.2-py3-none-any.whl.metadata (1.2 kB)
2026-01-19T23:53:03.9675355Z Collecting websockets<15.1.0,>=13.0.0 (from google-genai>=0.3.0->-r requirements.txt (line 5))
2026-01-19T23:53:03.9691049Z   Using cached websockets-15.0.1-cp311-cp311-manylinux_2_5_x86_64.manylinux1_x86_64.manylinux_2_17_x86_64.manylinux2014_x86_64.whl.metadata (6.8 kB)
2026-01-19T23:53:03.9821825Z Collecting distro<2,>=1.7.0 (from google-genai>=0.3.0->-r requirements.txt (line 5))
2026-01-19T23:53:03.9834991Z   Using cached distro-1.9.0-py3-none-any.whl.metadata (6.8 kB)
2026-01-19T23:53:03.9907608Z Collecting sniffio (from google-genai>=0.3.0->-r requirements.txt (line 5))
2026-01-19T23:53:03.9920856Z   Using cached sniffio-1.3.1-py3-none-any.whl.metadata (3.9 kB)
2026-01-19T23:53:04.0164262Z Collecting pyasn1-modules>=0.2.1 (from google-auth<3.0.0,>=2.47.0->google-auth[requests]<3.0.0,>=2.47.0->google-genai>=0.3.0->-r requirements.txt (line 5))
2026-01-19T23:53:04.0179050Z   Using cached pyasn1_modules-0.4.2-py3-none-any.whl.metadata (3.5 kB)
2026-01-19T23:53:04.0307357Z Collecting rsa<5,>=3.1.4 (from google-auth<3.0.0,>=2.47.0->google-auth[requests]<3.0.0,>=2.47.0->google-genai>=0.3.0->-r requirements.txt (line 5))
2026-01-19T23:53:04.0320460Z   Using cached rsa-4.9.1-py3-none-any.whl.metadata (5.6 kB)
2026-01-19T23:53:04.0588099Z Collecting httpcore==1.* (from httpx<1.0.0,>=0.28.1->google-genai>=0.3.0->-r requirements.txt (line 5))
2026-01-19T23:53:04.0601357Z   Using cached httpcore-1.0.9-py3-none-any.whl.metadata (21 kB)
2026-01-19T23:53:04.0715315Z Collecting h11>=0.16 (from httpcore==1.*->httpx<1.0.0,>=0.28.1->google-genai>=0.3.0->-r requirements.txt (line 5))
2026-01-19T23:53:04.0728534Z   Using cached h11-0.16.0-py3-none-any.whl.metadata (8.3 kB)
2026-01-19T23:53:04.0812054Z Collecting annotated-types>=0.6.0 (from pydantic<3.0.0,>=2.9.0->google-genai>=0.3.0->-r requirements.txt (line 5))
2026-01-19T23:53:04.0825395Z   Using cached annotated_types-0.7.0-py3-none-any.whl.metadata (15 kB)
2026-01-19T23:53:04.7211223Z Collecting pydantic-core==2.41.5 (from pydantic<3.0.0,>=2.9.0->google-genai>=0.3.0->-r requirements.txt (line 5))
2026-01-19T23:53:04.7226901Z   Using cached pydantic_core-2.41.5-cp311-cp311-manylinux_2_17_x86_64.manylinux2014_x86_64.whl.metadata (7.3 kB)
2026-01-19T23:53:04.7340545Z Collecting typing-inspection>=0.4.2 (from pydantic<3.0.0,>=2.9.0->google-genai>=0.3.0->-r requirements.txt (line 5))
2026-01-19T23:53:04.7353732Z   Using cached typing_inspection-0.4.2-py3-none-any.whl.metadata (2.6 kB)
2026-01-19T23:53:04.8027539Z Collecting pyasn1>=0.1.3 (from rsa<5,>=3.1.4->google-auth<3.0.0,>=2.47.0->google-auth[requests]<3.0.0,>=2.47.0->google-genai>=0.3.0->-r requirements.txt (line 5))
2026-01-19T23:53:04.8043520Z   Using cached pyasn1-0.6.2-py3-none-any.whl.metadata (8.4 kB)
2026-01-19T23:53:04.8302214Z Using cached playwright-1.57.0-py3-none-manylinux1_x86_64.whl (46.0 MB)
2026-01-19T23:53:04.8646465Z Using cached greenlet-3.3.0-cp311-cp311-manylinux_2_24_x86_64.manylinux_2_28_x86_64.whl (590 kB)
2026-01-19T23:53:04.8663050Z Using cached pyee-13.0.0-py3-none-any.whl (15 kB)
2026-01-19T23:53:04.8676183Z Using cached python_dotenv-1.2.1-py3-none-any.whl (21 kB)
2026-01-19T23:53:04.8689766Z Using cached requests-2.32.5-py3-none-any.whl (64 kB)
2026-01-19T23:53:04.8703423Z Using cached charset_normalizer-3.4.4-cp311-cp311-manylinux2014_x86_64.manylinux_2_17_x86_64.manylinux_2_28_x86_64.whl (151 kB)
2026-01-19T23:53:04.8717201Z Using cached idna-3.11-py3-none-any.whl (71 kB)
2026-01-19T23:53:04.8730392Z Using cached urllib3-2.6.3-py3-none-any.whl (131 kB)
2026-01-19T23:53:04.8744472Z Using cached pillow-12.1.0-cp311-cp311-manylinux_2_27_x86_64.manylinux_2_28_x86_64.whl (7.0 MB)
2026-01-19T23:53:04.8806627Z Using cached google_genai-1.59.0-py3-none-any.whl (719 kB)
2026-01-19T23:53:04.8824172Z Using cached anyio-4.12.1-py3-none-any.whl (113 kB)
2026-01-19T23:53:04.8837851Z Using cached distro-1.9.0-py3-none-any.whl (20 kB)
2026-01-19T23:53:04.8851290Z Using cached google_auth-2.47.0-py3-none-any.whl (234 kB)
2026-01-19T23:53:04.8865648Z Using cached httpx-0.28.1-py3-none-any.whl (73 kB)
2026-01-19T23:53:04.8878850Z Using cached httpcore-1.0.9-py3-none-any.whl (78 kB)
2026-01-19T23:53:04.8892107Z Using cached pydantic-2.12.5-py3-none-any.whl (463 kB)
2026-01-19T23:53:04.8908377Z Using cached pydantic_core-2.41.5-cp311-cp311-manylinux_2_17_x86_64.manylinux2014_x86_64.whl (2.1 MB)
2026-01-19T23:53:04.8935010Z Using cached rsa-4.9.1-py3-none-any.whl (34 kB)
2026-01-19T23:53:04.8948053Z Using cached tenacity-9.1.2-py3-none-any.whl (28 kB)
2026-01-19T23:53:04.8961073Z Using cached typing_extensions-4.15.0-py3-none-any.whl (44 kB)
2026-01-19T23:53:04.8974643Z Using cached websockets-15.0.1-cp311-cp311-manylinux_2_5_x86_64.manylinux1_x86_64.manylinux_2_17_x86_64.manylinux2014_x86_64.whl (182 kB)
2026-01-19T23:53:04.8988459Z Using cached termcolor-3.3.0-py3-none-any.whl (7.7 kB)
2026-01-19T23:53:04.9001820Z Using cached pyyaml-6.0.3-cp311-cp311-manylinux2014_x86_64.manylinux_2_17_x86_64.manylinux_2_28_x86_64.whl (806 kB)
2026-01-19T23:53:04.9020621Z Using cached opencv_python_headless-4.13.0.90-cp37-abi3-manylinux_2_28_x86_64.whl (62.5 MB)
2026-01-19T23:53:04.9477617Z Using cached numpy-2.4.1-cp311-cp311-manylinux_2_27_x86_64.manylinux_2_28_x86_64.whl (16.7 MB)
2026-01-19T23:53:04.9609585Z Using cached faker-40.1.2-py3-none-any.whl (2.0 MB)
2026-01-19T23:53:04.9636207Z Using cached annotated_types-0.7.0-py3-none-any.whl (13 kB)
2026-01-19T23:53:04.9649577Z Using cached certifi-2026.1.4-py3-none-any.whl (152 kB)
2026-01-19T23:53:04.9663400Z Using cached h11-0.16.0-py3-none-any.whl (37 kB)
2026-01-19T23:53:04.9676912Z Using cached pyasn1-0.6.2-py3-none-any.whl (83 kB)
2026-01-19T23:53:04.9690601Z Using cached pyasn1_modules-0.4.2-py3-none-any.whl (181 kB)
2026-01-19T23:53:04.9704506Z Using cached typing_inspection-0.4.2-py3-none-any.whl (14 kB)
2026-01-19T23:53:04.9717537Z Using cached sniffio-1.3.1-py3-none-any.whl (10 kB)
2026-01-19T23:53:05.1724772Z Installing collected packages: websockets, urllib3, typing-extensions, termcolor, tenacity, sniffio, PyYAML, python-dotenv, pyasn1, pillow, numpy, idna, h11, greenlet, faker, distro, charset_normalizer, certifi, annotated-types, typing-inspection, rsa, requests, pyee, pydantic-core, pyasn1-modules, opencv-python-headless, httpcore, anyio, pydantic, playwright, httpx, google-auth, google-genai
2026-01-19T23:53:12.0593224Z 
2026-01-19T23:53:12.0617848Z Successfully installed PyYAML-6.0.3 annotated-types-0.7.0 anyio-4.12.1 certifi-2026.1.4 charset_normalizer-3.4.4 distro-1.9.0 faker-40.1.2 google-auth-2.47.0 google-genai-1.59.0 greenlet-3.3.0 h11-0.16.0 httpcore-1.0.9 httpx-0.28.1 idna-3.11 numpy-2.4.1 opencv-python-headless-4.13.0.90 pillow-12.1.0 playwright-1.57.0 pyasn1-0.6.2 pyasn1-modules-0.4.2 pydantic-2.12.5 pydantic-core-2.41.5 pyee-13.0.0 python-dotenv-1.2.1 requests-2.32.5 rsa-4.9.1 sniffio-1.3.1 tenacity-9.1.2 termcolor-3.3.0 typing-extensions-4.15.0 typing-inspection-0.4.2 urllib3-2.6.3 websockets-15.0.1
2026-01-19T23:53:12.7014328Z Downloading Chromium 143.0.7499.4 (playwright build v1200) from https://cdn.playwright.dev/dbazure/download/playwright/builds/chromium/1200/chromium-linux.zip
2026-01-19T23:53:12.7987220Z (node:2180) [DEP0169] DeprecationWarning: `url.parse()` behavior is not standardized and prone to errors that have security implications. Use the WHATWG URL API instead. CVEs are not issued for `url.parse()` vulnerabilities.
2026-01-19T23:53:12.7989131Z (Use `node --trace-deprecation ...` to show where the warning was created)
2026-01-19T23:53:12.9750355Z |                                                                                |   0% of 164.7 MiB
2026-01-19T23:53:13.1588269Z |■■■■■■■■                                                                        |  10% of 164.7 MiB
2026-01-19T23:53:13.2985539Z |■■■■■■■■■■■■■■■■                                                                |  20% of 164.7 MiB
2026-01-19T23:53:13.4606073Z |■■■■■■■■■■■■■■■■■■■■■■■■                                                        |  30% of 164.7 MiB
2026-01-19T23:53:13.6186765Z |■■■■■■■■■■■■■■■■■■■■■■■■■■■■■■■■                                                |  40% of 164.7 MiB
2026-01-19T23:53:13.8006193Z |■■■■■■■■■■■■■■■■■■■■■■■■■■■■■■■■■■■■■■■■                                        |  50% of 164.7 MiB
2026-01-19T23:53:13.9544982Z |■■■■■■■■■■■■■■■■■■■■■■■■■■■■■■■■■■■■■■■■■■■■■■■■                                |  60% of 164.7 MiB
2026-01-19T23:53:14.1173187Z |■■■■■■■■■■■■■■■■■■■■■■■■■■■■■■■■■■■■■■■■■■■■■■■■■■■■■■■■                        |  70% of 164.7 MiB
2026-01-19T23:53:14.2981988Z |■■■■■■■■■■■■■■■■■■■■■■■■■■■■■■■■■■■■■■■■■■■■■■■■■■■■■■■■■■■■■■■■                |  80% of 164.7 MiB
2026-01-19T23:53:14.4452876Z |■■■■■■■■■■■■■■■■■■■■■■■■■■■■■■■■■■■■■■■■■■■■■■■■■■■■■■■■■■■■■■■■■■■■■■■■        |  90% of 164.7 MiB
2026-01-19T23:53:14.6127797Z |■■■■■■■■■■■■■■■■■■■■■■■■■■■■■■■■■■■■■■■■■■■■■■■■■■■■■■■■■■■■■■■■■■■■■■■■■■■■■■■■| 100% of 164.7 MiB
2026-01-19T23:53:17.0695839Z Chromium 143.0.7499.4 (playwright build v1200) downloaded to /home/runner/.cache/ms-playwright/chromium-1200
2026-01-19T23:53:17.0700510Z Downloading FFMPEG playwright build v1011 from https://cdn.playwright.dev/dbazure/download/playwright/builds/ffmpeg/1011/ffmpeg-linux.zip
2026-01-19T23:53:17.1684150Z (node:2191) [DEP0169] DeprecationWarning: `url.parse()` behavior is not standardized and prone to errors that have security implications. Use the WHATWG URL API instead. CVEs are not issued for `url.parse()` vulnerabilities.
2026-01-19T23:53:17.1685970Z (Use `node --trace-deprecation ...` to show where the warning was created)
2026-01-19T23:53:17.2047300Z |                                                                                |   0% of 2.3 MiB
2026-01-19T23:53:17.2122753Z |■■■■■■■■                                                                        |  10% of 2.3 MiB
2026-01-19T23:53:17.2147146Z |■■■■■■■■■■■■■■■■                                                                |  20% of 2.3 MiB
2026-01-19T23:53:17.2172895Z |■■■■■■■■■■■■■■■■■■■■■■■■                                                        |  30% of 2.3 MiB
2026-01-19T23:53:17.2190261Z |■■■■■■■■■■■■■■■■■■■■■■■■■■■■■■■■                                                |  40% of 2.3 MiB
2026-01-19T23:53:17.2201136Z |■■■■■■■■■■■■■■■■■■■■■■■■■■■■■■■■■■■■■■■■                                        |  50% of 2.3 MiB
2026-01-19T23:53:17.2221847Z |■■■■■■■■■■■■■■■■■■■■■■■■■■■■■■■■■■■■■■■■■■■■■■■■                                |  60% of 2.3 MiB
2026-01-19T23:53:17.2235835Z |■■■■■■■■■■■■■■■■■■■■■■■■■■■■■■■■■■■■■■■■■■■■■■■■■■■■■■■■                        |  70% of 2.3 MiB
2026-01-19T23:53:17.2250054Z |■■■■■■■■■■■■■■■■■■■■■■■■■■■■■■■■■■■■■■■■■■■■■■■■■■■■■■■■■■■■■■■■                |  80% of 2.3 MiB
2026-01-19T23:53:17.2268844Z |■■■■■■■■■■■■■■■■■■■■■■■■■■■■■■■■■■■■■■■■■■■■■■■■■■■■■■■■■■■■■■■■■■■■■■■■        |  90% of 2.3 MiB
2026-01-19T23:53:17.2276557Z |■■■■■■■■■■■■■■■■■■■■■■■■■■■■■■■■■■■■■■■■■■■■■■■■■■■■■■■■■■■■■■■■■■■■■■■■■■■■■■■■| 100% of 2.3 MiB
2026-01-19T23:53:17.2816558Z FFMPEG playwright build v1011 downloaded to /home/runner/.cache/ms-playwright/ffmpeg-1011
2026-01-19T23:53:17.2819895Z Downloading Chromium Headless Shell 143.0.7499.4 (playwright build v1200) from https://cdn.playwright.dev/dbazure/download/playwright/builds/chromium/1200/chromium-headless-shell-linux.zip
2026-01-19T23:53:17.3781837Z (node:2202) [DEP0169] DeprecationWarning: `url.parse()` behavior is not standardized and prone to errors that have security implications. Use the WHATWG URL API instead. CVEs are not issued for `url.parse()` vulnerabilities.
2026-01-19T23:53:17.3783707Z (Use `node --trace-deprecation ...` to show where the warning was created)
2026-01-19T23:53:17.4846913Z |                                                                                |   0% of 109.7 MiB
2026-01-19T23:53:17.6128980Z |■■■■■■■■                                                                        |  10% of 109.7 MiB
2026-01-19T23:53:17.7070053Z |■■■■■■■■■■■■■■■■                                                                |  20% of 109.7 MiB
2026-01-19T23:53:17.8066390Z |■■■■■■■■■■■■■■■■■■■■■■■■                                                        |  30% of 109.7 MiB
2026-01-19T23:53:17.9072664Z |■■■■■■■■■■■■■■■■■■■■■■■■■■■■■■■■                                                |  40% of 109.7 MiB
2026-01-19T23:53:17.9917282Z |■■■■■■■■■■■■■■■■■■■■■■■■■■■■■■■■■■■■■■■■                                        |  50% of 109.7 MiB
2026-01-19T23:53:18.0741384Z |■■■■■■■■■■■■■■■■■■■■■■■■■■■■■■■■■■■■■■■■■■■■■■■■                                |  60% of 109.7 MiB
2026-01-19T23:53:18.1719873Z |■■■■■■■■■■■■■■■■■■■■■■■■■■■■■■■■■■■■■■■■■■■■■■■■■■■■■■■■                        |  70% of 109.7 MiB
2026-01-19T23:53:18.2591543Z |■■■■■■■■■■■■■■■■■■■■■■■■■■■■■■■■■■■■■■■■■■■■■■■■■■■■■■■■■■■■■■■■                |  80% of 109.7 MiB
2026-01-19T23:53:18.3503305Z |■■■■■■■■■■■■■■■■■■■■■■■■■■■■■■■■■■■■■■■■■■■■■■■■■■■■■■■■■■■■■■■■■■■■■■■■        |  90% of 109.7 MiB
2026-01-19T23:53:18.4360458Z |■■■■■■■■■■■■■■■■■■■■■■■■■■■■■■■■■■■■■■■■■■■■■■■■■■■■■■■■■■■■■■■■■■■■■■■■■■■■■■■■| 100% of 109.7 MiB
2026-01-19T23:53:20.2736256Z Chromium Headless Shell 143.0.7499.4 (playwright build v1200) downloaded to /home/runner/.cache/ms-playwright/chromium_headless_shell-1200
2026-01-19T23:53:20.2971605Z ##[group]Run mkdir -p projects/ci_demoqa_practice
2026-01-19T23:53:20.2972018Z [36;1mmkdir -p projects/ci_demoqa_practice[0m
2026-01-19T23:53:20.2972398Z [36;1mcat > projects/ci_demoqa_practice/config.json << 'EOF'[0m
2026-01-19T23:53:20.2972708Z [36;1m{[0m
2026-01-19T23:53:20.2972914Z [36;1m  "project_name": "ci_demoqa_practice",[0m
2026-01-19T23:53:20.2973231Z [36;1m  "target_url": "https://demoqa.com/",[0m
2026-01-19T23:53:20.2973535Z [36;1m  "goal": "Test various form elements",[0m
2026-01-19T23:53:20.2973803Z [36;1m  "headless": true[0m
2026-01-19T23:53:20.2974012Z [36;1m}[0m
2026-01-19T23:53:20.2974174Z [36;1mEOF[0m
2026-01-19T23:53:20.3007832Z shell: /usr/bin/bash -e {0}
2026-01-19T23:53:20.3008082Z env:
2026-01-19T23:53:20.3008332Z   pythonLocation: /opt/hostedtoolcache/Python/3.11.14/x64
2026-01-19T23:53:20.3008765Z   PKG_CONFIG_PATH: /opt/hostedtoolcache/Python/3.11.14/x64/lib/pkgconfig
2026-01-19T23:53:20.3009221Z   Python_ROOT_DIR: /opt/hostedtoolcache/Python/3.11.14/x64
2026-01-19T23:53:20.3009601Z   Python2_ROOT_DIR: /opt/hostedtoolcache/Python/3.11.14/x64
2026-01-19T23:53:20.3009969Z   Python3_ROOT_DIR: /opt/hostedtoolcache/Python/3.11.14/x64
2026-01-19T23:53:20.3010345Z   LD_LIBRARY_PATH: /opt/hostedtoolcache/Python/3.11.14/x64/lib
2026-01-19T23:53:20.3010654Z ##[endgroup]
2026-01-19T23:53:20.3115748Z ##[group]Run # Use --deep for comprehensive regression suite
2026-01-19T23:53:20.3116232Z [36;1m# Use --deep for comprehensive regression suite[0m
2026-01-19T23:53:20.3116716Z [36;1mpython orchestrator.py --project projects/ci_demoqa_practice --deep --force[0m
2026-01-19T23:53:20.3146532Z shell: /usr/bin/bash -e {0}
2026-01-19T23:53:20.3146764Z env:
2026-01-19T23:53:20.3147022Z   pythonLocation: /opt/hostedtoolcache/Python/3.11.14/x64
2026-01-19T23:53:20.3147447Z   PKG_CONFIG_PATH: /opt/hostedtoolcache/Python/3.11.14/x64/lib/pkgconfig
2026-01-19T23:53:20.3147851Z   Python_ROOT_DIR: /opt/hostedtoolcache/Python/3.11.14/x64
2026-01-19T23:53:20.3148372Z   Python2_ROOT_DIR: /opt/hostedtoolcache/Python/3.11.14/x64
2026-01-19T23:53:20.3148729Z   Python3_ROOT_DIR: /opt/hostedtoolcache/Python/3.11.14/x64
2026-01-19T23:53:20.3149090Z   LD_LIBRARY_PATH: /opt/hostedtoolcache/Python/3.11.14/x64/lib
2026-01-19T23:53:20.3149596Z   GOOGLE_API_KEY: ***
2026-01-19T23:53:20.3149825Z   PYTHONPATH: .
2026-01-19T23:53:20.3150011Z ##[endgroup]
2026-01-19T23:53:22.0636368Z 🚀 [DEEP] Extensive mapping enabled (Depth: 3, Pages: 50)
2026-01-19T23:53:22.0636856Z 
2026-01-19T23:53:22.0637462Z 🗺️ [DISCOVERY] Starting Parallel Semantic Crawl on https://demoqa.com/ (Workers: 3)
2026-01-19T23:53:22.5507216Z   🔍 [Worker 0] Visiting (0): https://demoqa.com/
2026-01-19T23:53:25.2598286Z [DEBUG] Sending request to gemini-2.0-flash. Number of parts: 1
2026-01-19T23:53:25.2598987Z [DEBUG] Received response (Length: 290)
2026-01-19T23:53:25.2599840Z   🔍 [Worker 1] Visiting (1): https://demoqa.com
2026-01-19T23:53:25.8530986Z [CACHE HIT] d9fd0d7f... (hits: 1, misses: 1)
2026-01-19T23:53:25.8531961Z ✅ Discovery Complete. Mapped 2 pages.
2026-01-19T23:53:36.2182532Z 
2026-01-19T23:53:36.2183286Z [PLAN] PLANNER: Planning goal -> 'Test various form elements' (Deep Mode: True)
2026-01-19T23:53:36.2184188Z 🗺️ [PLAN] Loaded Sitemap with 2 pages.
2026-01-19T23:53:36.2184586Z 📊 [KNOWLEDGE] Page types: ['homepage']
2026-01-19T23:53:36.2185004Z 🔄 [KNOWLEDGE] Flows: 0, Forms: 0
2026-01-19T23:53:36.2186556Z 🎭 [EXPERT] Detected Domain: GENERAL. Persona: Act as Senior SDET focusing on exploring the application to understand functional flow and identifying critical paths for end-to-end automation
2026-01-19T23:53:36.2187798Z [DEBUG] Sending request to gemini-2.0-flash. Number of parts: 1
2026-01-19T23:53:36.2188294Z [DEBUG] Received response (Length: 5243)
2026-01-19T23:53:36.2188780Z ✅ Planner generated 3 scenarios. Workflow updated.
2026-01-19T23:53:37.2496243Z 
2026-01-19T23:53:37.2497332Z 🕵️ [DEEP EXPLORER] Starting Multi-Scenario Exploration
2026-01-19T23:53:37.2498349Z 📋 Found 3 scenarios to explore.
2026-01-19T23:53:37.6208055Z 
2026-01-19T23:53:37.6208706Z [1/3] Exploring Scenario: Forms - Practice Form Submission
2026-01-19T23:53:37.6211091Z     🧠 Initialized exploration context for goal: 'Verify the submission of the practice form with valid data.'
2026-01-19T23:53:37.6211722Z     🎯 Scenario: Forms - Practice Form Submission
2026-01-19T23:53:37.6220685Z   ▶️ [STEP step_1] NAVIGATE: 
2026-01-19T23:53:39.8751531Z     ✅ Navigated to https://demoqa.com/
2026-01-19T23:53:39.8751997Z   ▶️ [STEP step_2] ASSERT_URL: 
2026-01-19T23:53:45.1755662Z     ⚠️ Scroll into view failed for text=None. Proceeding anyway.
2026-01-19T23:53:47.1765491Z     ✅ State transitioned.
2026-01-19T23:53:48.8208675Z [DEBUG] Sending request to gemini-2.0-flash. Number of parts: 2
2026-01-19T23:53:48.8209323Z [DEBUG] Received response (Length: 245)
2026-01-19T23:53:48.8210145Z     🤖 AI Next Step Suggestion: click -> Forms
2026-01-19T23:53:48.8211067Z     🧩 Suggested Locator: div:nth-of-type(4) > div > div:nth-of-type(2) > div > div:nth-of-type(2) > div
2026-01-19T23:53:48.8212052Z     💭 Reasoning: To test various form elements, we need to navigate to the Forms section of the website.
2026-01-19T23:53:48.8212566Z     ➕ Injected AI step: click -> Forms
2026-01-19T23:53:48.8212872Z   ▶️ [STEP step_2_ai_1] CLICK: Forms
2026-01-19T23:53:48.8281701Z     🎯 Using AI-provided locator: div:nth-of-type(4) > div > div:nth-of-type(2) > div > div:nth-of-type(2) > div
2026-01-19T23:53:48.8316797Z     🔍 Mining locators for: 'Forms'
2026-01-19T23:53:48.8912462Z     ✅ Found 1 verified locators
2026-01-19T23:53:52.4662368Z     ✅ State transitioned.
2026-01-19T23:53:54.1609194Z [DEBUG] Sending request to gemini-2.0-flash. Number of parts: 2
2026-01-19T23:53:54.1609782Z [DEBUG] Received response (Length: 267)
2026-01-19T23:53:54.1610659Z     🤖 AI Next Step Suggestion: click -> Forms
2026-01-19T23:53:54.1611553Z     🧩 Suggested Locator: div:nth-child(4) > div > div:nth-child(1) > div > div.card-body > h5
2026-01-19T23:53:54.1613370Z     💭 Reasoning: The goal is to test form elements. Clicking on the 'Forms' card will navigate to the page containing the form elements.
2026-01-19T23:53:54.1614673Z     🔄 Same AI suggestion but state changed (URL or DOM). Resetting loop counter.
2026-01-19T23:53:54.1615814Z     ⚠️ Skipping duplicate AI suggestion (just executed): ('click', 'forms')
2026-01-19T23:53:54.1616484Z   ▶️ [STEP step_3] CLICK: Forms
2026-01-19T23:53:54.1672204Z     🔍 Mining locators for: 'Forms'
2026-01-19T23:53:54.2230994Z     ✅ Found 1 verified locators
2026-01-19T23:53:57.7594240Z     ✅ State transitioned.
2026-01-19T23:53:57.7649086Z     🔄 Revisited state detected (count: 1)
2026-01-19T23:53:59.2579681Z [DEBUG] Sending request to gemini-2.0-flash. Number of parts: 2
2026-01-19T23:53:59.2580455Z [DEBUG] Received response (Length: 300)
2026-01-19T23:53:59.2581477Z     🤖 AI Next Step Suggestion: click -> Forms
2026-01-19T23:53:59.2582349Z     🧩 Suggested Locator: div:nth-of-type(5) > div:nth-of-type(1)
2026-01-19T23:53:59.2584477Z     💭 Reasoning: The goal is to test form elements. The previous action was to click 'Forms', but it seems to have landed back on the home page. Clicking 'Forms' again to navigate to the forms page.
2026-01-19T23:53:59.2586233Z ⚠️ Loop detected: same AI suggestion repeated 2 times without state change. Moving to next step.
2026-01-19T23:53:59.2586956Z   ▶️ [STEP step_4] ASSERT_VISIBLE: Forms
2026-01-19T23:53:59.2638634Z     🔍 Mining locators for: 'Forms'
2026-01-19T23:53:59.3146706Z     ✅ Found 1 verified locators
2026-01-19T23:54:01.8441091Z     ✅ State transitioned.
2026-01-19T23:54:01.8498251Z     🔄 Revisited state detected (count: 2)
2026-01-19T23:54:04.5422356Z [DEBUG] Sending request to gemini-2.0-flash. Number of parts: 2
2026-01-19T23:54:04.5423007Z [DEBUG] Received response (Length: 335)
2026-01-19T23:54:04.5423819Z     🤖 AI Next Step Suggestion: click -> Forms
2026-01-19T23:54:04.5424567Z     🧩 Suggested Locator: div:nth-of-type(2) > div:nth-of-type(1) > div:nth-of-type(1) > div:nth-of-type(3)
2026-01-19T23:54:04.5426070Z     💭 Reasoning: The goal is to test form elements. The previous steps clicked 'Forms' but it seems to have landed back on the home page. Clicking 'Forms' again to navigate to the Forms page.
2026-01-19T23:54:04.5426950Z     ➕ Injected AI step: click -> Forms
2026-01-19T23:54:04.5427302Z   ▶️ [STEP step_4_ai_1] CLICK: Forms
2026-01-19T23:54:04.5489144Z     🎯 Using AI-provided locator: div:nth-of-type(2) > div:nth-of-type(1) > div:nth-of-type(1) > div:nth-of-type(3)
2026-01-19T23:54:04.5514885Z     🔍 Mining locators for: 'Forms'
2026-01-19T23:54:04.6058643Z     ✅ Found 1 verified locators
2026-01-19T23:54:08.1441896Z     ✅ State transitioned.
2026-01-19T23:54:08.1503742Z     🔄 Revisited state detected (count: 3)
2026-01-19T23:54:08.1504555Z     ⚠️ Too many revisits (3). Stopping AI step injection to prevent loops.
2026-01-19T23:54:08.1505591Z   ▶️ [STEP step_5] CLICK: Practice Form
2026-01-19T23:54:08.1564616Z     🔍 Mining locators for: 'Practice Form'
2026-01-19T23:54:08.2081623Z     🧠 Consulting AI (Vision-First) to find 'Practice Form'...
2026-01-19T23:54:08.2113131Z     🔍 Trying smart selectors for 'Practice Form'...
2026-01-19T23:54:08.3686118Z     🔍 [SMART] Searching for: 'Practice Form' (trying 15+ strategies)
2026-01-19T23:54:08.3687298Z     ⚠️ Smart selectors failed (no unique match). Falling back to AI Vision...
2026-01-19T23:54:08.3688249Z     🧠 [EXPERT] Strategy: Act as Senior SDET focusing on exploring the application to understand functional flow and identifying critical paths for end-to-end automation.
2026-01-19T23:54:09.8864144Z [DEBUG] Sending request to gemini-2.0-flash. Number of parts: 2
2026-01-19T23:54:09.8864784Z [DEBUG] Received response (Length: 290)
2026-01-19T23:54:09.8866170Z     💡 Expert Suggestion: The 'Practice Form' is likely located within the ToolsQA website, possibly accessible after clicking 'JOIN NOW' or navigating to a forms/demo section.
2026-01-19T23:54:09.8867108Z     🛠️ Executing corrective action: click -> 'JOIN NOW'
2026-01-19T23:54:09.9297817Z     🔄 Retry 1/3 mining locators for 'Practice Form'...
2026-01-19T23:54:10.9681226Z     🧠 Consulting AI (Vision-First) to find 'Practice Form'...
2026-01-19T23:54:10.9682032Z     🔍 Trying smart selectors for 'Practice Form'...
2026-01-19T23:54:11.0992129Z     🔍 [SMART] Searching for: 'Practice Form' (trying 15+ strategies)
2026-01-19T23:54:11.0993399Z     ⚠️ Smart selectors failed (no unique match). Falling back to AI Vision...
2026-01-19T23:54:11.0996102Z     🧠 [EXPERT] Strategy: Act as Senior SDET focusing on exploring the application to understand functional flow and identifying critical paths for end-to-end automation.
2026-01-19T23:54:11.0999729Z [CACHE HIT] 054b0193... (hits: 1, misses: 5)
2026-01-19T23:54:11.1000415Z     ⚠️ Skipping duplicate injection: JOIN NOW
2026-01-19T23:54:11.1000934Z     🔄 Retry 2/3 mining locators for 'Practice Form'...
2026-01-19T23:54:12.1013292Z     🗑️ Invalidating stale AI cache (retry 2)...
2026-01-19T23:54:12.1401262Z     🧠 Consulting AI (Vision-First) to find 'Practice Form'...
2026-01-19T23:54:12.1402145Z     🔍 Trying smart selectors for 'Practice Form'...
2026-01-19T23:54:12.2258623Z     🔍 [SMART] Searching for: 'Practice Form' (trying 15+ strategies)
2026-01-19T23:54:12.2259580Z     ⚠️ Smart selectors failed (no unique match). Falling back to AI Vision...
2026-01-19T23:54:12.2260572Z     🧠 [EXPERT] Strategy: Act as Senior SDET focusing on exploring the application to understand functional flow and identifying critical paths for end-to-end automation.
2026-01-19T23:54:12.2264082Z [CACHE HIT] 054b0193... (hits: 2, misses: 5)
2026-01-19T23:54:12.2264744Z     ⚠️ Skipping duplicate injection: JOIN NOW
2026-01-19T23:54:12.2265556Z     🧠 Verifying step validity for 'Practice Form' after no candidates found...
2026-01-19T23:54:14.7736971Z [DEBUG] Sending request to gemini-2.0-flash. Number of parts: 2
2026-01-19T23:54:14.7737917Z [DEBUG] Received response (Length: 287)
2026-01-19T23:54:14.7741894Z     🗑️ Step deemed INVALID: The current page (https://demoqa.com/) displays information about Selenium Certification Training. The 'Practice Form' is not visible on this page. We need to navigate to the page containing the 'Practice Form' element first.. Removing from workflow.
2026-01-19T23:54:14.7745666Z     ⏭️ Skipping execution of invalid step: Practice Form
2026-01-19T23:54:14.7746589Z   ▶️ [STEP step_6] ASSERT_URL: 
2026-01-19T23:54:19.7895943Z     ⚠️ Scroll into view failed for text=None. Proceeding anyway.
2026-01-19T23:54:21.7918034Z     ✅ State transitioned.
2026-01-19T23:54:21.7973296Z     🔄 Revisited state detected (count: 4)
2026-01-19T23:54:21.7974144Z     ⚠️ Too many revisits (4). Stopping AI step injection to prevent loops.
2026-01-19T23:54:21.7974840Z     ⚡ PARALLEL MODE: Batching 3 fill steps
2026-01-19T23:54:21.7975511Z     ⚡ Batch mining 3 fields in parallel...
2026-01-19T23:54:21.8331723Z     🔍 Trying smart selectors for 'First Name'...
2026-01-19T23:54:21.8338929Z     🔍 [SMART] Searching for: 'First Name' (trying 15+ strategies)
2026-01-19T23:54:21.8339751Z     🔍 Trying smart selectors for 'Last Name'...
2026-01-19T23:54:21.8349362Z     🔍 [SMART] Searching for: 'Last Name' (trying 15+ strategies)
2026-01-19T23:54:21.8350470Z     🔍 Trying smart selectors for 'Email'...
2026-01-19T23:54:21.9631465Z     🔍 [SMART] Searching for: 'Email' (trying 15+ strategies)
2026-01-19T23:54:21.9632971Z     ⚠️ Smart selectors failed (no unique match). Falling back to AI Vision...
2026-01-19T23:54:21.9634729Z     🧠 [EXPERT] Strategy: Act as Senior SDET focusing on exploring the application to understand functional flow and identifying critical paths for end-to-end automation.
2026-01-19T23:54:21.9790224Z [DEBUG] Sending request to gemini-2.0-flash. Number of parts: 2
2026-01-19T23:54:21.9791336Z     ⚠️ Smart selectors failed (no unique match). Falling back to AI Vision...
2026-01-19T23:54:21.9792992Z     🧠 [EXPERT] Strategy: Act as Senior SDET focusing on exploring the application to understand functional flow and identifying critical paths for end-to-end automation.
2026-01-19T23:54:21.9864944Z     ⚠️ Smart selectors failed (no unique match). Falling back to AI Vision...
2026-01-19T23:54:21.9866588Z     🧠 [EXPERT] Strategy: Act as Senior SDET focusing on exploring the application to understand functional flow and identifying critical paths for end-to-end automation.
2026-01-19T23:54:28.3406489Z [DEBUG] Received response (Length: 243)
2026-01-19T23:54:28.3407177Z [DEBUG] Sending request to gemini-2.0-flash. Number of parts: 2
2026-01-19T23:54:28.3407934Z [DEBUG] Sending request to gemini-2.0-flash. Number of parts: 2
2026-01-19T23:54:28.3408493Z [DEBUG] Received response (Length: 232)
2026-01-19T23:54:28.3408764Z [DEBUG] Received response (Length: 237)
2026-01-19T23:54:28.3409262Z     ✅ Batch mined 'First Name' (1 locators)
2026-01-19T23:54:28.3409578Z     ✅ Batch mined 'Last Name' (1 locators)
2026-01-19T23:54:28.3409874Z     ✅ Batch mined 'Email' (1 locators)
2026-01-19T23:54:28.3410172Z     ✅ Batch mined 3/3 steps successfully
2026-01-19T23:54:28.3410488Z   ▶️ [STEP step_10] CLICK: Male
2026-01-19T23:54:28.3467669Z     🔍 Mining locators for: 'Male'
2026-01-19T23:54:28.3819297Z     🧠 Consulting AI (Vision-First) to find 'Male'...
2026-01-19T23:54:28.3820024Z     🔍 Trying smart selectors for 'Male'...
2026-01-19T23:54:28.4572927Z     🔍 [SMART] Searching for: 'Male' (trying 15+ strategies)
2026-01-19T23:54:28.4573981Z     ⚠️ Smart selectors failed (no unique match). Falling back to AI Vision...
2026-01-19T23:54:28.4576261Z     🧠 [EXPERT] Strategy: Act as Senior SDET focusing on exploring the application to understand functional flow and identifying critical paths for end-to-end automation.
2026-01-19T23:54:33.6678464Z [DEBUG] Sending request to gemini-2.0-flash. Number of parts: 2
2026-01-19T23:54:33.6679133Z [DEBUG] Received response (Length: 247)
2026-01-19T23:54:33.6680021Z     💡 Expert Suggestion: The 'Male' option is likely part of a form, which might be accessible after clicking the 'JOIN NOW' button.
2026-01-19T23:54:33.6680748Z     🛠️ Executing corrective action: click -> 'JOIN NOW'
2026-01-19T23:54:33.7094764Z     🔄 Retry 1/3 mining locators for 'Male'...
2026-01-19T23:54:34.7467293Z     🧠 Consulting AI (Vision-First) to find 'Male'...
2026-01-19T23:54:34.7467840Z     🔍 Trying smart selectors for 'Male'...
2026-01-19T23:54:34.8190632Z     🔍 [SMART] Searching for: 'Male' (trying 15+ strategies)
2026-01-19T23:54:34.8191465Z     ⚠️ Smart selectors failed (no unique match). Falling back to AI Vision...
2026-01-19T23:54:34.8192617Z     🧠 [EXPERT] Strategy: Act as Senior SDET focusing on exploring the application to understand functional flow and identifying critical paths for end-to-end automation.
2026-01-19T23:54:34.8196111Z [CACHE HIT] d8529d33... (hits: 3, misses: 10)
2026-01-19T23:54:34.8196697Z     ⚠️ Skipping duplicate injection: JOIN NOW
2026-01-19T23:54:34.8197234Z     🔄 Retry 2/3 mining locators for 'Male'...
2026-01-19T23:54:35.8210065Z     🗑️ Invalidating stale AI cache (retry 2)...
2026-01-19T23:54:35.8579446Z     🧠 Consulting AI (Vision-First) to find 'Male'...
2026-01-19T23:54:35.8580014Z     🔍 Trying smart selectors for 'Male'...
2026-01-19T23:54:35.9304312Z     🔍 [SMART] Searching for: 'Male' (trying 15+ strategies)
2026-01-19T23:54:35.9305606Z     ⚠️ Smart selectors failed (no unique match). Falling back to AI Vision...
2026-01-19T23:54:35.9307992Z     🧠 [EXPERT] Strategy: Act as Senior SDET focusing on exploring the application to understand functional flow and identifying critical paths for end-to-end automation.
2026-01-19T23:54:35.9309744Z [CACHE HIT] d8529d33... (hits: 4, misses: 10)
2026-01-19T23:54:35.9310506Z     ⚠️ Skipping duplicate injection: JOIN NOW
2026-01-19T23:54:35.9311353Z     🧠 Verifying step validity for 'Male' after no candidates found...
2026-01-19T23:54:38.5148799Z [DEBUG] Sending request to gemini-2.0-flash. Number of parts: 2
2026-01-19T23:54:38.5149480Z [DEBUG] Received response (Length: 302)
2026-01-19T23:54:38.5152057Z     🗑️ Step deemed INVALID: The current page (https://demoqa.com/) as depicted in the screenshot is the landing page for Toolsqa. The element 'Male' is not present on this page. Therefore, attempting to locate and interact with 'Male' on this page is not a valid step.. Removing from workflow.
2026-01-19T23:54:38.5153784Z     ⏭️ Skipping execution of invalid step: Male
2026-01-19T23:54:38.5154190Z   ▶️ [STEP step_11] FILL: Mobile(10 Digits)
2026-01-19T23:54:38.5207126Z     🔍 Mining locators for: 'Mobile(10 Digits)'
2026-01-19T23:54:38.5607744Z     🧠 Consulting AI (Vision-First) to find 'Mobile(10 Digits)'...
2026-01-19T23:54:38.5608541Z     🔍 Trying smart selectors for 'Mobile(10 Digits)'...
2026-01-19T23:54:38.6473380Z     🔍 [SMART] Searching for: 'Mobile(10 Digits)' (trying 15+ strategies)
2026-01-19T23:54:38.6474383Z     ⚠️ Smart selectors failed (no unique match). Falling back to AI Vision...
2026-01-19T23:54:38.6475618Z     🧠 [EXPERT] Strategy: Act as Senior SDET focusing on exploring the application to understand functional flow and identifying critical paths for end-to-end automation.
2026-01-19T23:54:43.2486859Z [DEBUG] Sending request to gemini-2.0-flash. Number of parts: 2
2026-01-19T23:54:43.2487594Z [DEBUG] Received response (Length: 245)
2026-01-19T23:54:43.2489387Z     💡 Expert Suggestion: The 'Mobile(10 Digits)' field is likely part of a form that appears after clicking the 'JOIN NOW' button.
2026-01-19T23:54:43.2491033Z     🛠️ Executing corrective action: click -> 'JOIN NOW'
2026-01-19T23:54:43.2937109Z     🔄 Retry 1/3 mining locators for 'Mobile(10 Digits)'...
2026-01-19T23:54:44.3303424Z     🧠 Consulting AI (Vision-First) to find 'Mobile(10 Digits)'...
2026-01-19T23:54:44.3304280Z     🔍 Trying smart selectors for 'Mobile(10 Digits)'...
2026-01-19T23:54:44.4141630Z     🔍 [SMART] Searching for: 'Mobile(10 Digits)' (trying 15+ strategies)
2026-01-19T23:54:44.4142634Z     ⚠️ Smart selectors failed (no unique match). Falling back to AI Vision...
2026-01-19T23:54:44.4144327Z     🧠 [EXPERT] Strategy: Act as Senior SDET focusing on exploring the application to understand functional flow and identifying critical paths for end-to-end automation.
2026-01-19T23:54:44.4146991Z [CACHE HIT] 6ba8eb09... (hits: 5, misses: 12)
2026-01-19T23:54:44.4147635Z     ⚠️ Skipping duplicate injection: JOIN NOW
2026-01-19T23:54:44.4148277Z     🔄 Retry 2/3 mining locators for 'Mobile(10 Digits)'...
2026-01-19T23:54:45.4159270Z     🗑️ Invalidating stale AI cache (retry 2)...
2026-01-19T23:54:45.4561349Z     🧠 Consulting AI (Vision-First) to find 'Mobile(10 Digits)'...
2026-01-19T23:54:45.4561925Z     🔍 Trying smart selectors for 'Mobile(10 Digits)'...
2026-01-19T23:54:45.5398189Z     🔍 [SMART] Searching for: 'Mobile(10 Digits)' (trying 15+ strategies)
2026-01-19T23:54:45.5399324Z     ⚠️ Smart selectors failed (no unique match). Falling back to AI Vision...
2026-01-19T23:54:45.5401864Z     🧠 [EXPERT] Strategy: Act as Senior SDET focusing on exploring the application to understand functional flow and identifying critical paths for end-to-end automation.
2026-01-19T23:54:45.5405686Z [CACHE HIT] 6ba8eb09... (hits: 6, misses: 12)
2026-01-19T23:54:45.5406369Z     ⚠️ Skipping duplicate injection: JOIN NOW
2026-01-19T23:54:45.5407486Z     🧠 Verifying step validity for 'Mobile(10 Digits)' after no candidates found...
2026-01-19T23:54:48.4586060Z [DEBUG] Sending request to gemini-2.0-flash. Number of parts: 2
2026-01-19T23:54:48.4587925Z [DEBUG] Received response (Length: 326)
2026-01-19T23:54:48.4591398Z     🗑️ Step deemed INVALID: "Mobile(10 Digits)" is not visible on the current page (https://demoqa.com/). The page displays information about Selenium Certification Training. Therefore, attempting to locate and interact with "Mobile(10 Digits)" is not a valid step in the current context.. Removing from workflow.
2026-01-19T23:54:48.4594399Z     ⏭️ Skipping execution of invalid step: Mobile(10 Digits)
2026-01-19T23:54:48.4595418Z   ▶️ [STEP step_12] CLICK: Submit
2026-01-19T23:54:48.4643462Z     🔍 Mining locators for: 'Submit'
2026-01-19T23:54:48.5060663Z     🧠 Consulting AI (Vision-First) to find 'Submit'...
2026-01-19T23:54:48.5061775Z     🔍 Trying smart selectors for 'Submit'...
2026-01-19T23:54:48.5808983Z     🔍 [SMART] Searching for: 'Submit' (trying 15+ strategies)
2026-01-19T23:54:48.5809898Z     ⚠️ Smart selectors failed (no unique match). Falling back to AI Vision...
2026-01-19T23:54:48.5811118Z     🧠 [EXPERT] Strategy: Act as Senior SDET focusing on exploring the application to understand functional flow and identifying critical paths for end-to-end automation.
2026-01-19T23:54:53.2806010Z [DEBUG] Sending request to gemini-2.0-flash. Number of parts: 2
2026-01-19T23:54:53.2806509Z [DEBUG] Received response (Length: 208)
2026-01-19T23:54:53.2807356Z     💡 Expert Suggestion: Clicking 'JOIN NOW' will likely lead to a form with a submit button.
2026-01-19T23:54:53.2808060Z     🛠️ Executing corrective action: click -> 'JOIN NOW'
2026-01-19T23:54:53.3245642Z     🔄 Retry 1/3 mining locators for 'Submit'...
2026-01-19T23:54:54.3617587Z     🧠 Consulting AI (Vision-First) to find 'Submit'...
2026-01-19T23:54:54.3618068Z     🔍 Trying smart selectors for 'Submit'...
2026-01-19T23:54:54.4359107Z     🔍 [SMART] Searching for: 'Submit' (trying 15+ strategies)
2026-01-19T23:54:54.4360023Z     ⚠️ Smart selectors failed (no unique match). Falling back to AI Vision...
2026-01-19T23:54:54.4361107Z     🧠 [EXPERT] Strategy: Act as Senior SDET focusing on exploring the application to understand functional flow and identifying critical paths for end-to-end automation.
2026-01-19T23:54:54.4365474Z [CACHE HIT] bb05f6f4... (hits: 7, misses: 14)
2026-01-19T23:54:54.4366160Z     ⚠️ Skipping duplicate injection: JOIN NOW
2026-01-19T23:54:54.4366539Z     🔄 Retry 2/3 mining locators for 'Submit'...
2026-01-19T23:54:55.4378480Z     🗑️ Invalidating stale AI cache (retry 2)...
2026-01-19T23:54:55.4748257Z     🧠 Consulting AI (Vision-First) to find 'Submit'...
2026-01-19T23:54:55.4748796Z     🔍 Trying smart selectors for 'Submit'...
2026-01-19T23:54:55.5475535Z     🔍 [SMART] Searching for: 'Submit' (trying 15+ strategies)
2026-01-19T23:54:55.5476665Z     ⚠️ Smart selectors failed (no unique match). Falling back to AI Vision...
2026-01-19T23:54:55.5478697Z     🧠 [EXPERT] Strategy: Act as Senior SDET focusing on exploring the application to understand functional flow and identifying critical paths for end-to-end automation.
2026-01-19T23:54:55.5480499Z [CACHE HIT] bb05f6f4... (hits: 8, misses: 14)
2026-01-19T23:54:55.5481140Z     ⚠️ Skipping duplicate injection: JOIN NOW
2026-01-19T23:54:55.5481906Z     🧠 Verifying step validity for 'Submit' after no candidates found...
2026-01-19T23:54:58.5018488Z [DEBUG] Sending request to gemini-2.0-flash. Number of parts: 2
2026-01-19T23:54:58.5019108Z [DEBUG] Received response (Length: 274)
2026-01-19T23:54:58.5021305Z     🗑️ Step deemed INVALID: The current page (https://demoqa.com/) does not contain a 'Submit' button in the visible area. The screenshot shows the landing page for ToolsQA, which advertises Selenium training. The task is therefore invalid.. Removing from workflow.
2026-01-19T23:54:58.5023257Z     ⏭️ Skipping execution of invalid step: Submit
2026-01-19T23:54:58.5023720Z   ▶️ [STEP step_13] ASSERT_VISIBLE: Thanks for submitting the form
2026-01-19T23:54:58.5068381Z     🔍 Mining locators for: 'Thanks for submitting the form'
2026-01-19T23:54:58.5439668Z     🧠 Consulting AI (Vision-First) to find 'Thanks for submitting the form'...
2026-01-19T23:54:58.5440332Z     🔍 Trying smart selectors for 'Thanks for submitting the form'...
2026-01-19T23:54:58.6494020Z     🔍 [SMART] Searching for: 'Thanks for submitting the form' (trying 15+ strategies)
2026-01-19T23:54:58.6495070Z     ⚠️ Smart selectors failed (no unique match). Falling back to AI Vision...
2026-01-19T23:54:58.6496402Z     🧠 [EXPERT] Strategy: Act as Senior SDET focusing on exploring the application to understand functional flow and identifying critical paths for end-to-end automation.
2026-01-19T23:55:03.4105465Z [DEBUG] Sending request to gemini-2.0-flash. Number of parts: 2
2026-01-19T23:55:03.4106520Z [DEBUG] Received response (Length: 266)
2026-01-19T23:55:03.4109037Z     💡 Expert Suggestion: Clicking 'JOIN NOW' might lead to a form submission page where 'Thanks for submitting the form' could appear after submission.
2026-01-19T23:55:03.4111041Z     🛠️ Executing corrective action: click -> 'JOIN NOW'
2026-01-19T23:55:03.4559023Z     🔄 Retry 1/3 mining locators for 'Thanks for submitting the form'...
2026-01-19T23:55:04.4929692Z     🧠 Consulting AI (Vision-First) to find 'Thanks for submitting the form'...
2026-01-19T23:55:04.4930734Z     🔍 Trying smart selectors for 'Thanks for submitting the form'...
2026-01-19T23:55:04.5985433Z     🔍 [SMART] Searching for: 'Thanks for submitting the form' (trying 15+ strategies)
2026-01-19T23:55:04.5986919Z     ⚠️ Smart selectors failed (no unique match). Falling back to AI Vision...
2026-01-19T23:55:04.5989291Z     🧠 [EXPERT] Strategy: Act as Senior SDET focusing on exploring the application to understand functional flow and identifying critical paths for end-to-end automation.
2026-01-19T23:55:04.5992774Z [CACHE HIT] 08598d3c... (hits: 9, misses: 16)
2026-01-19T23:55:04.5993511Z     ⚠️ Skipping duplicate injection: JOIN NOW
2026-01-19T23:55:04.5994188Z     🔄 Retry 2/3 mining locators for 'Thanks for submitting the form'...
2026-01-19T23:55:05.6006021Z     🗑️ Invalidating stale AI cache (retry 2)...
2026-01-19T23:55:05.6387134Z     🧠 Consulting AI (Vision-First) to find 'Thanks for submitting the form'...
2026-01-19T23:55:05.6388185Z     🔍 Trying smart selectors for 'Thanks for submitting the form'...
2026-01-19T23:55:05.7453106Z     🔍 [SMART] Searching for: 'Thanks for submitting the form' (trying 15+ strategies)
2026-01-19T23:55:05.7453954Z     ⚠️ Smart selectors failed (no unique match). Falling back to AI Vision...
2026-01-19T23:55:05.7456059Z     🧠 [EXPERT] Strategy: Act as Senior SDET focusing on exploring the application to understand functional flow and identifying critical paths for end-to-end automation.
2026-01-19T23:55:05.7460117Z [CACHE HIT] 08598d3c... (hits: 10, misses: 16)
2026-01-19T23:55:05.7460687Z     ⚠️ Skipping duplicate injection: JOIN NOW
2026-01-19T23:55:05.7461590Z     🧠 Verifying step validity for 'Thanks for submitting the form' after no candidates found...
2026-01-19T23:55:08.1924280Z [DEBUG] Sending request to gemini-2.0-flash. Number of parts: 2
2026-01-19T23:55:08.1924914Z [DEBUG] Received response (Length: 212)
2026-01-19T23:55:08.1926525Z     🗑️ Step deemed INVALID: The current page is the landing page for demoqa.com. The element 'Thanks for submitting the form' is not present on this page. This step is not valid.. Removing from workflow.
2026-01-19T23:55:08.1927760Z     ⏭️ Skipping execution of invalid step: Thanks for submitting the form
2026-01-19T23:55:10.2331199Z 
2026-01-19T23:55:10.2332173Z [2/3] Exploring Scenario: Elements - Text Box
2026-01-19T23:55:10.2333699Z     🧠 Initialized exploration context for goal: 'Verify the submission of the text box form with valid data.'
2026-01-19T23:55:10.2334676Z     🎯 Scenario: Elements - Text Box
2026-01-19T23:55:10.2335827Z   ▶️ [STEP step_1] NAVIGATE: 
2026-01-19T23:55:12.6520188Z     ✅ Navigated to https://demoqa.com/
2026-01-19T23:55:12.6521854Z   ▶️ [STEP step_2] ASSERT_URL: 
2026-01-19T23:55:17.6922814Z     ⚠️ Scroll into view failed for text=None. Proceeding anyway.
2026-01-19T23:55:19.6932141Z     ✅ State transitioned.
2026-01-19T23:55:21.4696097Z [DEBUG] Sending request to gemini-2.0-flash. Number of parts: 2
2026-01-19T23:55:21.4696805Z [DEBUG] Received response (Length: 209)
2026-01-19T23:55:21.4697615Z     🤖 AI Next Step Suggestion: click -> Forms
2026-01-19T23:55:21.4698552Z     🧩 Suggested Locator: div:nth-child(4) > div > div:nth-child(1) > div > div.card-body > h5
2026-01-19T23:55:21.4699615Z     💭 Reasoning: To test form elements, we need to navigate to the Forms page.
2026-01-19T23:55:21.4700546Z     🔄 Same AI suggestion but state changed (URL or DOM). Resetting loop counter.
2026-01-19T23:55:21.4701252Z     ➕ Injected AI step: click -> Forms
2026-01-19T23:55:21.4701777Z   ▶️ [STEP step_2_ai_1] CLICK: Forms
2026-01-19T23:55:21.4752066Z     🎯 Using AI-provided locator: div:nth-child(4) > div > div:nth-child(1) > div > div.card-body > h5
2026-01-19T23:55:21.4776717Z     🔍 Mining locators for: 'Forms'
2026-01-19T23:55:21.5285786Z     ✅ Found 1 verified locators
2026-01-19T23:55:25.1082084Z     ✅ State transitioned.
2026-01-19T23:55:26.7484867Z [DEBUG] Sending request to gemini-2.0-flash. Number of parts: 2
2026-01-19T23:55:26.7485802Z [DEBUG] Received response (Length: 258)
2026-01-19T23:55:26.7486676Z     🤖 AI Next Step Suggestion: click -> Forms
2026-01-19T23:55:26.7487632Z     🧩 Suggested Locator: div:nth-child(4) > div > div:nth-child(1) > div > ul > li
2026-01-19T23:55:26.7489196Z     💭 Reasoning: After clicking 'Forms' on the main page, we need to navigate to the actual Forms page to interact with the form elements.
2026-01-19T23:55:26.7490427Z     🔄 Same AI suggestion but state changed (URL or DOM). Resetting loop counter.
2026-01-19T23:55:26.7491057Z     ⚠️ Skipping duplicate AI suggestion (just executed): ('click', 'forms')
2026-01-19T23:55:26.7491511Z   ▶️ [STEP step_3] CLICK: Elements
2026-01-19T23:55:26.7542189Z     🔍 Mining locators for: 'Elements'
2026-01-19T23:55:26.8051047Z     ✅ Found 1 verified locators
2026-01-19T23:55:30.3566324Z     ✅ State transitioned.
2026-01-19T23:55:30.3616247Z     🔄 Revisited state detected (count: 1)
2026-01-19T23:55:32.1899565Z [DEBUG] Sending request to gemini-2.0-flash. Number of parts: 2
2026-01-19T23:55:32.1900561Z [DEBUG] Received response (Length: 423)
2026-01-19T23:55:32.1901544Z     🤖 AI Next Step Suggestion: click -> Elements
2026-01-19T23:55:32.1903195Z     🧩 Suggested Locator: div:nth-of-type(1) > div:nth-of-type(1) > div:nth-of-type(1) > div:nth-of-type(1) > div:nth-of-type(1) > div:nth-of-type(1)
2026-01-19T23:55:32.1905434Z     💭 Reasoning: The goal is to test form elements. The previous steps were to click 'Forms' and then 'Elements'. Since we are back on the home page, we need to click 'Elements' again to navigate to the elements page.
2026-01-19T23:55:32.1906891Z     ⚠️ Skipping duplicate AI suggestion (just executed): ('click', 'elements')
2026-01-19T23:55:32.1907507Z   ▶️ [STEP step_4] ASSERT_VISIBLE: Elements
2026-01-19T23:55:32.1955003Z     🔍 Mining locators for: 'Elements'
2026-01-19T23:55:32.2447435Z     ✅ Found 1 verified locators
2026-01-19T23:55:34.7734831Z     ✅ State transitioned.
2026-01-19T23:55:34.7787108Z     🔄 Revisited state detected (count: 2)
2026-01-19T23:55:37.0351681Z [DEBUG] Sending request to gemini-2.0-flash. Number of parts: 2
2026-01-19T23:55:37.0352491Z [DEBUG] Received response (Length: 315)
2026-01-19T23:55:37.0353340Z     🤖 AI Next Step Suggestion: click -> Elements
2026-01-19T23:55:37.0354375Z     🧩 Suggested Locator: div:nth-child(1) > div > div:nth-child(1) > div > ul > li:nth-child(1)
2026-01-19T23:55:37.0356310Z     💭 Reasoning: The goal is to test form elements. After clicking 'Forms', the next logical step is to navigate to the 'Elements' page to find the text box form.
2026-01-19T23:55:37.0358261Z ⚠️ Loop detected: same AI suggestion repeated 2 times without state change. Moving to next step.
2026-01-19T23:55:37.0359297Z   ▶️ [STEP step_5] CLICK: Text Box
2026-01-19T23:55:37.0412687Z     🔍 Mining locators for: 'Text Box'
2026-01-19T23:55:37.0763681Z     🧠 Consulting AI (Vision-First) to find 'Text Box'...
2026-01-19T23:55:37.0764715Z     🔍 Trying smart selectors for 'Text Box'...
2026-01-19T23:55:37.1611422Z     🔍 [SMART] Searching for: 'Text Box' (trying 15+ strategies)
2026-01-19T23:55:37.1612363Z     ⚠️ Smart selectors failed (no unique match). Falling back to AI Vision...
2026-01-19T23:55:37.1613364Z     🧠 [EXPERT] Strategy: Act as Senior SDET focusing on exploring the application to understand functional flow and identifying critical paths for end-to-end automation.
2026-01-19T23:55:41.6765849Z [DEBUG] Sending request to gemini-2.0-flash. Number of parts: 2
2026-01-19T23:55:41.6766362Z [DEBUG] Received response (Length: 222)
2026-01-19T23:55:41.6767329Z     💡 Expert Suggestion: Clicking 'JOIN NOW' might lead to a page with form elements, including text boxes.
2026-01-19T23:55:41.6768095Z     🛠️ Executing corrective action: click -> 'JOIN NOW'
2026-01-19T23:55:41.7202070Z     🔄 Retry 1/3 mining locators for 'Text Box'...
2026-01-19T23:55:42.7573296Z     🧠 Consulting AI (Vision-First) to find 'Text Box'...
2026-01-19T23:55:42.7574011Z     🔍 Trying smart selectors for 'Text Box'...
2026-01-19T23:55:42.8401523Z     🔍 [SMART] Searching for: 'Text Box' (trying 15+ strategies)
2026-01-19T23:55:42.8402460Z     ⚠️ Smart selectors failed (no unique match). Falling back to AI Vision...
2026-01-19T23:55:42.8403596Z     🧠 [EXPERT] Strategy: Act as Senior SDET focusing on exploring the application to understand functional flow and identifying critical paths for end-to-end automation.
2026-01-19T23:55:42.8407346Z [CACHE HIT] 9b9ade93... (hits: 11, misses: 22)
2026-01-19T23:55:42.8408064Z     ⚠️ Skipping duplicate injection: JOIN NOW
2026-01-19T23:55:42.8408481Z     🔄 Retry 2/3 mining locators for 'Text Box'...
2026-01-19T23:55:43.8420614Z     🗑️ Invalidating stale AI cache (retry 2)...
2026-01-19T23:55:43.8772367Z     🧠 Consulting AI (Vision-First) to find 'Text Box'...
2026-01-19T23:55:43.8773063Z     🔍 Trying smart selectors for 'Text Box'...
2026-01-19T23:55:43.9602939Z     🔍 [SMART] Searching for: 'Text Box' (trying 15+ strategies)
2026-01-19T23:55:43.9603833Z     ⚠️ Smart selectors failed (no unique match). Falling back to AI Vision...
2026-01-19T23:55:43.9606619Z     🧠 [EXPERT] Strategy: Act as Senior SDET focusing on exploring the application to understand functional flow and identifying critical paths for end-to-end automation.
2026-01-19T23:55:43.9610763Z [CACHE HIT] 9b9ade93... (hits: 12, misses: 22)
2026-01-19T23:55:43.9611597Z     ⚠️ Skipping duplicate injection: JOIN NOW
2026-01-19T23:55:43.9612580Z     🧠 Verifying step validity for 'Text Box' after no candidates found...
2026-01-19T23:55:46.8223129Z [DEBUG] Sending request to gemini-2.0-flash. Number of parts: 2
2026-01-19T23:55:46.8224106Z [DEBUG] Received response (Length: 314)
2026-01-19T23:55:46.8227787Z     🗑️ Step deemed INVALID: The current page (https://demoqa.com/) is the homepage, which does not contain the 'Text Box' element directly. The 'Text Box' element is located under the 'Elements' section. Therefore, we are on the wrong page to interact with the 'Text Box' element.. Removing from workflow.
2026-01-19T23:55:46.8229830Z     ⏭️ Skipping execution of invalid step: Text Box
2026-01-19T23:55:46.8230253Z   ▶️ [STEP step_6] ASSERT_URL: 
2026-01-19T23:55:51.8373060Z     ⚠️ Scroll into view failed for text=None. Proceeding anyway.
2026-01-19T23:55:53.8382555Z     ✅ State transitioned.
2026-01-19T23:55:53.8434996Z     🔄 Revisited state detected (count: 3)
2026-01-19T23:55:53.8436024Z     ⚠️ Too many revisits (3). Stopping AI step injection to prevent loops.
2026-01-19T23:55:53.8436793Z     ⚡ PARALLEL MODE: Batching 4 fill steps
2026-01-19T23:55:53.8437360Z     ⚡ Batch mining 4 fields in parallel...
2026-01-19T23:55:53.9223224Z     🔍 Trying smart selectors for 'Full Name'...
2026-01-19T23:55:53.9230330Z     🔍 [SMART] Searching for: 'Full Name' (trying 15+ strategies)
2026-01-19T23:55:53.9231090Z     🔍 Trying smart selectors for 'Email'...
2026-01-19T23:55:53.9238793Z     🔍 [SMART] Searching for: 'Email' (trying 15+ strategies)
2026-01-19T23:55:53.9240443Z     🔍 Trying smart selectors for 'Current Address'...
2026-01-19T23:55:53.9250503Z     🔍 [SMART] Searching for: 'Current Address' (trying 15+ strategies)
2026-01-19T23:55:53.9251309Z     🔍 Trying smart selectors for 'Permanent Address'...
2026-01-19T23:55:54.0879257Z     🔍 [SMART] Searching for: 'Permanent Address' (trying 15+ strategies)
2026-01-19T23:55:54.0880613Z     ⚠️ Smart selectors failed (no unique match). Falling back to AI Vision...
2026-01-19T23:55:54.0882760Z     🧠 [EXPERT] Strategy: Act as Senior SDET focusing on exploring the application to understand functional flow and identifying critical paths for end-to-end automation.
2026-01-19T23:55:54.1072626Z [CACHE HIT] f14cebe4... (hits: 13, misses: 23)
2026-01-19T23:55:54.1073837Z     ⚠️ Smart selectors failed (no unique match). Falling back to AI Vision...
2026-01-19T23:55:54.1075775Z     🧠 [EXPERT] Strategy: Act as Senior SDET focusing on exploring the application to understand functional flow and identifying critical paths for end-to-end automation.
2026-01-19T23:55:54.1138644Z [DEBUG] Sending request to gemini-2.0-flash. Number of parts: 2
2026-01-19T23:55:54.1140007Z     ⚠️ Smart selectors failed (no unique match). Falling back to AI Vision...
2026-01-19T23:55:54.1141655Z     🧠 [EXPERT] Strategy: Act as Senior SDET focusing on exploring the application to understand functional flow and identifying critical paths for end-to-end automation.
2026-01-19T23:55:54.1148882Z     ⚠️ Smart selectors failed (no unique match). Falling back to AI Vision...
2026-01-19T23:55:54.1150761Z     🧠 [EXPERT] Strategy: Act as Senior SDET focusing on exploring the application to understand functional flow and identifying critical paths for end-to-end automation.
2026-01-19T23:56:00.5232350Z [DEBUG] Received response (Length: 297)
2026-01-19T23:56:00.5233184Z [DEBUG] Sending request to gemini-2.0-flash. Number of parts: 2
2026-01-19T23:56:00.5233931Z [DEBUG] Sending request to gemini-2.0-flash. Number of parts: 2
2026-01-19T23:56:00.5234454Z [DEBUG] Received response (Length: 285)
2026-01-19T23:56:00.5234837Z [DEBUG] Received response (Length: 298)
2026-01-19T23:56:00.5235681Z     ✅ Batch mined 'Full Name' (1 locators)
2026-01-19T23:56:00.5236109Z     ✅ Batch mined 'Email' (1 locators)
2026-01-19T23:56:00.5236561Z     ✅ Batch mined 'Current Address' (1 locators)
2026-01-19T23:56:00.5237048Z     ✅ Batch mined 'Permanent Address' (1 locators)
2026-01-19T23:56:00.5237506Z     ✅ Batch mined 4/4 steps successfully
2026-01-19T23:56:00.5237923Z   ▶️ [STEP step_11] CLICK: Submit
2026-01-19T23:56:00.5289450Z     🔍 Mining locators for: 'Submit'
2026-01-19T23:56:00.5700451Z     🧠 Consulting AI (Vision-First) to find 'Submit'...
2026-01-19T23:56:00.5700956Z     🔍 Trying smart selectors for 'Submit'...
2026-01-19T23:56:00.6459394Z     🔍 [SMART] Searching for: 'Submit' (trying 15+ strategies)
2026-01-19T23:56:00.6460088Z     ⚠️ Smart selectors failed (no unique match). Falling back to AI Vision...
2026-01-19T23:56:00.6461812Z     🧠 [EXPERT] Strategy: Act as Senior SDET focusing on exploring the application to understand functional flow and identifying critical paths for end-to-end automation.
2026-01-19T23:56:00.6466175Z [CACHE HIT] bb05f6f4... (hits: 14, misses: 26)
2026-01-19T23:56:00.6466877Z     💡 Expert Suggestion: Clicking 'JOIN NOW' will likely lead to a form with a submit button.
2026-01-19T23:56:00.6467415Z     🛠️ Executing corrective action: click -> 'JOIN NOW'
2026-01-19T23:56:00.7038991Z     🔄 Retry 1/3 mining locators for 'Submit'...
2026-01-19T23:56:01.7412263Z     🧠 Consulting AI (Vision-First) to find 'Submit'...
2026-01-19T23:56:01.7412788Z     🔍 Trying smart selectors for 'Submit'...
2026-01-19T23:56:01.8156299Z     🔍 [SMART] Searching for: 'Submit' (trying 15+ strategies)
2026-01-19T23:56:01.8157341Z     ⚠️ Smart selectors failed (no unique match). Falling back to AI Vision...
2026-01-19T23:56:01.8162073Z     🧠 [EXPERT] Strategy: Act as Senior SDET focusing on exploring the application to understand functional flow and identifying critical paths for end-to-end automation.
2026-01-19T23:56:01.8164056Z [CACHE HIT] bb05f6f4... (hits: 15, misses: 26)
2026-01-19T23:56:01.8164873Z     ⚠️ Skipping duplicate injection: JOIN NOW
2026-01-19T23:56:01.8165865Z     🔄 Retry 2/3 mining locators for 'Submit'...
2026-01-19T23:56:02.8177661Z     🗑️ Invalidating stale AI cache (retry 2)...
2026-01-19T23:56:02.8560914Z     🧠 Consulting AI (Vision-First) to find 'Submit'...
2026-01-19T23:56:02.8561678Z     🔍 Trying smart selectors for 'Submit'...
2026-01-19T23:56:02.9301898Z     🔍 [SMART] Searching for: 'Submit' (trying 15+ strategies)
2026-01-19T23:56:02.9302816Z     ⚠️ Smart selectors failed (no unique match). Falling back to AI Vision...
2026-01-19T23:56:02.9304480Z     🧠 [EXPERT] Strategy: Act as Senior SDET focusing on exploring the application to understand functional flow and identifying critical paths for end-to-end automation.
2026-01-19T23:56:02.9308699Z [CACHE HIT] bb05f6f4... (hits: 16, misses: 26)
2026-01-19T23:56:02.9309446Z     ⚠️ Skipping duplicate injection: JOIN NOW
2026-01-19T23:56:02.9309996Z     🧠 Verifying step validity for 'Submit' after no candidates found...
2026-01-19T23:56:02.9313835Z [CACHE HIT] 8e244a07... (hits: 17, misses: 26)
2026-01-19T23:56:02.9316270Z     🗑️ Step deemed INVALID: The current page (https://demoqa.com/) does not contain a 'Submit' button in the visible area. The screenshot shows the landing page for ToolsQA, which advertises Selenium training. The task is therefore invalid.. Removing from workflow.
2026-01-19T23:56:02.9318316Z     ⏭️ Skipping execution of invalid step: Submit
2026-01-19T23:56:02.9318948Z   ▶️ [STEP step_12] ASSERT_VISIBLE: Name:.*
2026-01-19T23:56:02.9370228Z     🔍 Mining locators for: 'Name:.*'
2026-01-19T23:56:02.9733711Z     🧠 Consulting AI (Vision-First) to find 'Name:.*'...
2026-01-19T23:56:02.9734473Z     🔍 Trying smart selectors for 'Name:.*'...
2026-01-19T23:56:03.0488305Z     🔍 [SMART] Searching for: 'Name:.*' (trying 15+ strategies)
2026-01-19T23:56:03.0489279Z     ⚠️ Smart selectors failed (no unique match). Falling back to AI Vision...
2026-01-19T23:56:03.0490273Z     🧠 [EXPERT] Strategy: Act as Senior SDET focusing on exploring the application to understand functional flow and identifying critical paths for end-to-end automation.
2026-01-19T23:56:05.5853275Z [DEBUG] Sending request to gemini-2.0-flash. Number of parts: 2
2026-01-19T23:56:05.5854118Z [DEBUG] Received response (Length: 232)
2026-01-19T23:56:05.5855963Z     💡 Expert Suggestion: The 'Name' field is likely part of a form that appears after clicking the 'JOIN NOW' button.
2026-01-19T23:56:05.5857634Z     🛠️ Executing corrective action: click -> 'JOIN NOW'
2026-01-19T23:56:05.6274834Z     🔄 Retry 1/3 mining locators for 'Name:.*'...
2026-01-19T23:56:06.6696649Z     🧠 Consulting AI (Vision-First) to find 'Name:.*'...
2026-01-19T23:56:06.6697113Z     🔍 Trying smart selectors for 'Name:.*'...
2026-01-19T23:56:06.7444384Z     🔍 [SMART] Searching for: 'Name:.*' (trying 15+ strategies)
2026-01-19T23:56:06.7445729Z     ⚠️ Smart selectors failed (no unique match). Falling back to AI Vision...
2026-01-19T23:56:06.7447132Z     🧠 [EXPERT] Strategy: Act as Senior SDET focusing on exploring the application to understand functional flow and identifying critical paths for end-to-end automation.
2026-01-19T23:56:06.7450001Z [CACHE HIT] b5862be0... (hits: 18, misses: 27)
2026-01-19T23:56:06.7450809Z     ⚠️ Skipping duplicate injection: JOIN NOW
2026-01-19T23:56:06.7451459Z     🔄 Retry 2/3 mining locators for 'Name:.*'...
2026-01-19T23:56:07.7463547Z     🗑️ Invalidating stale AI cache (retry 2)...
2026-01-19T23:56:07.7856310Z     🧠 Consulting AI (Vision-First) to find 'Name:.*'...
2026-01-19T23:56:07.7857535Z     🔍 Trying smart selectors for 'Name:.*'...
2026-01-19T23:56:07.8611834Z     🔍 [SMART] Searching for: 'Name:.*' (trying 15+ strategies)
2026-01-19T23:56:07.8612734Z     ⚠️ Smart selectors failed (no unique match). Falling back to AI Vision...
2026-01-19T23:56:07.8614677Z     🧠 [EXPERT] Strategy: Act as Senior SDET focusing on exploring the application to understand functional flow and identifying critical paths for end-to-end automation.
2026-01-19T23:56:07.8617863Z [CACHE HIT] b5862be0... (hits: 19, misses: 27)
2026-01-19T23:56:07.8618511Z     ⚠️ Skipping duplicate injection: JOIN NOW
2026-01-19T23:56:07.8619235Z     🧠 Verifying step validity for 'Name:.*' after no candidates found...
2026-01-19T23:56:10.5757720Z [DEBUG] Sending request to gemini-2.0-flash. Number of parts: 2
2026-01-19T23:56:10.5758567Z [DEBUG] Received response (Length: 294)
2026-01-19T23:56:10.5761403Z     🗑️ Step deemed INVALID: The current page (https://demoqa.com/) displays the ToolsQA landing page, which does not contain any form elements or a field labeled 'Name:'. Therefore, the task of locating and interacting with 'Name:.*' is not valid on this page.. Removing from workflow.
2026-01-19T23:56:10.5763106Z     ⏭️ Skipping execution of invalid step: Name:.*
2026-01-19T23:56:12.6127188Z 
2026-01-19T23:56:12.6128925Z [3/3] Exploring Scenario: Widgets - Date Picker
2026-01-19T23:56:12.6130165Z     🧠 Initialized exploration context for goal: 'Verify the date picker functionality.'
2026-01-19T23:56:12.6131075Z     🎯 Scenario: Widgets - Date Picker
2026-01-19T23:56:12.6131676Z   ▶️ [STEP step_1] NAVIGATE: 
2026-01-19T23:56:15.8540927Z     ✅ Navigated to https://demoqa.com/
2026-01-19T23:56:15.8541441Z   ▶️ [STEP step_2] ASSERT_URL: 
2026-01-19T23:56:20.8825588Z     ⚠️ Scroll into view failed for text=None. Proceeding anyway.
2026-01-19T23:56:22.8834060Z     ✅ State transitioned.
2026-01-19T23:56:24.5681166Z [DEBUG] Sending request to gemini-2.0-flash. Number of parts: 2
2026-01-19T23:56:24.5681687Z [DEBUG] Received response (Length: 229)
2026-01-19T23:56:24.5682372Z     🤖 AI Next Step Suggestion: click -> Forms
2026-01-19T23:56:24.5682926Z     🧩 Suggested Locator: div:nth-child(4) > div > div:nth-child(1) > div > div.card-body > h5
2026-01-19T23:56:24.5683639Z     💭 Reasoning: To test the date picker, we need to navigate to the Forms section of the website.
2026-01-19T23:56:24.5684179Z     ➕ Injected AI step: click -> Forms
2026-01-19T23:56:24.5684493Z   ▶️ [STEP step_2_ai_1] CLICK: Forms
2026-01-19T23:56:24.5750379Z     🎯 Using AI-provided locator: div:nth-child(4) > div > div:nth-child(1) > div > div.card-body > h5
2026-01-19T23:56:24.5775714Z     🔍 Mining locators for: 'Forms'
2026-01-19T23:56:24.6344420Z     ✅ Found 1 verified locators
2026-01-19T23:56:28.2053023Z     ✅ State transitioned.
2026-01-19T23:56:29.5541529Z [DEBUG] Sending request to gemini-2.0-flash. Number of parts: 2
2026-01-19T23:56:29.5542012Z [DEBUG] Received response (Length: 221)
2026-01-19T23:56:29.5542799Z     🤖 AI Next Step Suggestion: click -> Forms
2026-01-19T23:56:29.5543651Z     🧩 Suggested Locator: div:nth-of-type(2) > div > div:nth-of-type(3) > div > div:nth-of-type(1) > div
2026-01-19T23:56:29.5544423Z     💭 Reasoning: Navigating to the Forms page to access the date picker element.
2026-01-19T23:56:29.5545331Z     🔄 Same AI suggestion but state changed (URL or DOM). Resetting loop counter.
2026-01-19T23:56:29.5546017Z     ⚠️ Skipping duplicate AI suggestion (just executed): ('click', 'forms')
2026-01-19T23:56:29.5546507Z   ▶️ [STEP step_3] CLICK: Widgets
2026-01-19T23:56:29.5601832Z     🔍 Mining locators for: 'Widgets'
2026-01-19T23:56:29.6106448Z     ✅ Found 1 verified locators
2026-01-19T23:56:33.1548709Z     ✅ State transitioned.
2026-01-19T23:56:33.1605862Z     🔄 Revisited state detected (count: 1)
2026-01-19T23:56:35.1897613Z [DEBUG] Sending request to gemini-2.0-flash. Number of parts: 2
2026-01-19T23:56:35.1898311Z [DEBUG] Received response (Length: 290)
2026-01-19T23:56:35.1899150Z     🤖 AI Next Step Suggestion: click -> Widgets
2026-01-19T23:56:35.1900222Z     🧩 Suggested Locator: div:nth-child(4) > div > div:nth-child(1) > div > div.card.mt-4.top-card
2026-01-19T23:56:35.1901289Z     💭 Reasoning: We clicked on Forms and then Widgets. Now we need to navigate to the date picker within the Widgets section to verify its functionality.
2026-01-19T23:56:35.1902402Z     ⚠️ Skipping duplicate AI suggestion (just executed): ('click', 'widgets')
2026-01-19T23:56:35.1902918Z   ▶️ [STEP step_4] ASSERT_VISIBLE: Widgets
2026-01-19T23:56:35.1952724Z     🔍 Mining locators for: 'Widgets'
2026-01-19T23:56:35.2503959Z     ✅ Found 1 verified locators
2026-01-19T23:56:37.7712602Z     ✅ State transitioned.
2026-01-19T23:56:37.7774220Z     🔄 Revisited state detected (count: 2)
2026-01-19T23:56:39.9972310Z [DEBUG] Sending request to gemini-2.0-flash. Number of parts: 2
2026-01-19T23:56:39.9972998Z [DEBUG] Received response (Length: 293)
2026-01-19T23:56:39.9973825Z     🤖 AI Next Step Suggestion: click -> Widgets
2026-01-19T23:56:39.9974570Z     🧩 Suggested Locator: div:nth-of-type(4) > div[role='heading']
2026-01-19T23:56:39.9975874Z     💭 Reasoning: The goal is to verify the date picker functionality, which is a widget. We are currently on the home page and need to navigate to the Widgets page to find the date picker.
2026-01-19T23:56:39.9977111Z ⚠️ Loop detected: same AI suggestion repeated 2 times without state change. Moving to next step.
2026-01-19T23:56:39.9977710Z   ▶️ [STEP step_5] CLICK: Date Picker
2026-01-19T23:56:40.0037422Z     🔍 Mining locators for: 'Date Picker'
2026-01-19T23:56:40.0391212Z     🧠 Consulting AI (Vision-First) to find 'Date Picker'...
2026-01-19T23:56:40.0391843Z     🔍 Trying smart selectors for 'Date Picker'...
2026-01-19T23:56:40.1251541Z     🔍 [SMART] Searching for: 'Date Picker' (trying 15+ strategies)
2026-01-19T23:56:40.1252314Z     ⚠️ Smart selectors failed (no unique match). Falling back to AI Vision...
2026-01-19T23:56:40.1253429Z     🧠 [EXPERT] Strategy: Act as Senior SDET focusing on exploring the application to understand functional flow and identifying critical paths for end-to-end automation.
2026-01-19T23:56:44.6574865Z [DEBUG] Sending request to gemini-2.0-flash. Number of parts: 2
2026-01-19T23:56:44.6575587Z [DEBUG] Received response (Length: 287)
2026-01-19T23:56:44.6576932Z     💡 Expert Suggestion: Date pickers are often found within forms or registration processes. Clicking 'JOIN NOW' might lead to a page containing a form with a date picker.
2026-01-19T23:56:44.6578190Z     🛠️ Executing corrective action: click -> 'JOIN NOW'
2026-01-19T23:56:44.7024448Z     🔄 Retry 1/3 mining locators for 'Date Picker'...
2026-01-19T23:56:45.7420381Z     🧠 Consulting AI (Vision-First) to find 'Date Picker'...
2026-01-19T23:56:45.7420849Z     🔍 Trying smart selectors for 'Date Picker'...
2026-01-19T23:56:45.8259635Z     🔍 [SMART] Searching for: 'Date Picker' (trying 15+ strategies)
2026-01-19T23:56:45.8260461Z     ⚠️ Smart selectors failed (no unique match). Falling back to AI Vision...
2026-01-19T23:56:45.8262692Z     🧠 [EXPERT] Strategy: Act as Senior SDET focusing on exploring the application to understand functional flow and identifying critical paths for end-to-end automation.
2026-01-19T23:56:45.8267266Z [CACHE HIT] 64d50df9... (hits: 20, misses: 33)
2026-01-19T23:56:45.8267726Z     ⚠️ Skipping duplicate injection: JOIN NOW
2026-01-19T23:56:45.8268374Z     🔄 Retry 2/3 mining locators for 'Date Picker'...
2026-01-19T23:56:46.8281126Z     🗑️ Invalidating stale AI cache (retry 2)...
2026-01-19T23:56:46.8673765Z     🧠 Consulting AI (Vision-First) to find 'Date Picker'...
2026-01-19T23:56:46.8674508Z     🔍 Trying smart selectors for 'Date Picker'...
2026-01-19T23:56:46.9502241Z     🔍 [SMART] Searching for: 'Date Picker' (trying 15+ strategies)
2026-01-19T23:56:46.9503149Z     ⚠️ Smart selectors failed (no unique match). Falling back to AI Vision...
2026-01-19T23:56:46.9504085Z     🧠 [EXPERT] Strategy: Act as Senior SDET focusing on exploring the application to understand functional flow and identifying critical paths for end-to-end automation.
2026-01-19T23:56:46.9507746Z [CACHE HIT] 64d50df9... (hits: 21, misses: 33)
2026-01-19T23:56:46.9508471Z     ⚠️ Skipping duplicate injection: JOIN NOW
2026-01-19T23:56:46.9509075Z     🧠 Verifying step validity for 'Date Picker' after no candidates found...
2026-01-19T23:56:49.6898637Z [DEBUG] Sending request to gemini-2.0-flash. Number of parts: 2
2026-01-19T23:56:49.6899406Z [DEBUG] Received response (Length: 330)
2026-01-19T23:56:49.6903170Z     🗑️ Step deemed INVALID: The current page (https://demoqa.com/) displays the Toolsqa landing page, which features information about Selenium Certification Training. The 'Date Picker' element is not present on this page. Therefore, attempting to locate and interact with it is not a valid step.. Removing from workflow.
2026-01-19T23:56:49.6906743Z     ⏭️ Skipping execution of invalid step: Date Picker
2026-01-19T23:56:49.6907552Z   ▶️ [STEP step_6] ASSERT_URL: 
2026-01-19T23:56:54.7063387Z     ⚠️ Scroll into view failed for text=None. Proceeding anyway.
2026-01-19T23:56:56.7086346Z     ✅ State transitioned.
2026-01-19T23:56:56.7138274Z     🔄 Revisited state detected (count: 3)
2026-01-19T23:56:56.7138962Z     ⚠️ Too many revisits (3). Stopping AI step injection to prevent loops.
2026-01-19T23:56:56.7139403Z   ▶️ [STEP step_7] CLICK: Select Date
2026-01-19T23:56:56.7193197Z     🔍 Mining locators for: 'Select Date'
2026-01-19T23:56:56.7559975Z     🧠 Consulting AI (Vision-First) to find 'Select Date'...
2026-01-19T23:56:56.7560788Z     🔍 Trying smart selectors for 'Select Date'...
2026-01-19T23:56:56.8418991Z     🔍 [SMART] Searching for: 'Select Date' (trying 15+ strategies)
2026-01-19T23:56:56.8419962Z     ⚠️ Smart selectors failed (no unique match). Falling back to AI Vision...
2026-01-19T23:56:56.8421001Z     🧠 [EXPERT] Strategy: Act as Senior SDET focusing on exploring the application to understand functional flow and identifying critical paths for end-to-end automation.
2026-01-19T23:56:58.3525953Z [DEBUG] Sending request to gemini-2.0-flash. Number of parts: 2
2026-01-19T23:56:58.3526614Z [DEBUG] Received response (Length: 212)
2026-01-19T23:56:58.3527437Z     💡 Expert Suggestion: Clicking 'JOIN NOW' might lead to a form where 'Select Date' is present.
2026-01-19T23:56:58.3528108Z     🛠️ Executing corrective action: click -> 'JOIN NOW'
2026-01-19T23:56:58.4019593Z     🔄 Retry 1/3 mining locators for 'Select Date'...
2026-01-19T23:56:59.4402341Z     🧠 Consulting AI (Vision-First) to find 'Select Date'...
2026-01-19T23:56:59.4402960Z     🔍 Trying smart selectors for 'Select Date'...
2026-01-19T23:56:59.5227909Z     🔍 [SMART] Searching for: 'Select Date' (trying 15+ strategies)
2026-01-19T23:56:59.5229020Z     ⚠️ Smart selectors failed (no unique match). Falling back to AI Vision...
2026-01-19T23:56:59.5231570Z     🧠 [EXPERT] Strategy: Act as Senior SDET focusing on exploring the application to understand functional flow and identifying critical paths for end-to-end automation.
2026-01-19T23:56:59.5235462Z [CACHE HIT] 1fa035aa... (hits: 22, misses: 35)
2026-01-19T23:56:59.5235952Z     ⚠️ Skipping duplicate injection: JOIN NOW
2026-01-19T23:56:59.5236359Z     🔄 Retry 2/3 mining locators for 'Select Date'...
2026-01-19T23:57:00.5249460Z     🗑️ Invalidating stale AI cache (retry 2)...
2026-01-19T23:57:00.5680471Z     🧠 Consulting AI (Vision-First) to find 'Select Date'...
2026-01-19T23:57:00.5680954Z     🔍 Trying smart selectors for 'Select Date'...
2026-01-19T23:57:00.6504062Z     🔍 [SMART] Searching for: 'Select Date' (trying 15+ strategies)
2026-01-19T23:57:00.6505357Z     ⚠️ Smart selectors failed (no unique match). Falling back to AI Vision...
2026-01-19T23:57:00.6506847Z     🧠 [EXPERT] Strategy: Act as Senior SDET focusing on exploring the application to understand functional flow and identifying critical paths for end-to-end automation.
2026-01-19T23:57:00.6509394Z [CACHE HIT] 1fa035aa... (hits: 23, misses: 35)
2026-01-19T23:57:00.6510183Z     ⚠️ Skipping duplicate injection: JOIN NOW
2026-01-19T23:57:00.6511238Z     🧠 Verifying step validity for 'Select Date' after no candidates found...
2026-01-19T23:57:03.1397636Z [DEBUG] Sending request to gemini-2.0-flash. Number of parts: 2
2026-01-19T23:57:03.1398486Z [DEBUG] Received response (Length: 240)
2026-01-19T23:57:03.1401161Z     🗑️ Step deemed INVALID: The current page (https://demoqa.com/) does not contain a 'Select Date' element. The page appears to be the landing page for ToolsQA, focusing on Selenium certification training.. Removing from workflow.
2026-01-19T23:57:03.1402620Z     ⏭️ Skipping execution of invalid step: Select Date
2026-01-19T23:57:03.1403173Z   ▶️ [STEP step_8] CLICK: Choose a date from the calendar
2026-01-19T23:57:03.1454010Z     🔍 Mining locators for: 'Choose a date from the calendar'
2026-01-19T23:57:03.1856230Z     🧠 Consulting AI (Vision-First) to find 'Choose a date from the calendar'...
2026-01-19T23:57:03.1856857Z     🔍 Trying smart selectors for 'Choose a date from the calendar'...
2026-01-19T23:57:03.2925570Z     🔍 [SMART] Searching for: 'Choose a date from the calendar' (trying 15+ strategies)
2026-01-19T23:57:03.2927008Z     ⚠️ Smart selectors failed (no unique match). Falling back to AI Vision...
2026-01-19T23:57:03.2928723Z     🧠 [EXPERT] Strategy: Act as Senior SDET focusing on exploring the application to understand functional flow and identifying critical paths for end-to-end automation.
2026-01-19T23:57:08.2366717Z [DEBUG] Sending request to gemini-2.0-flash. Number of parts: 2
2026-01-19T23:57:08.2367570Z [DEBUG] Received response (Length: 276)
2026-01-19T23:57:08.2369707Z     💡 Expert Suggestion: The current page does not contain any date pickers. Clicking 'JOIN NOW' might lead to a page with form elements including a date picker.
2026-01-19T23:57:08.2371470Z     🛠️ Executing corrective action: click -> 'JOIN NOW'
2026-01-19T23:57:08.2838710Z     🔄 Retry 1/3 mining locators for 'Choose a date from the calendar'...
2026-01-19T23:57:09.3225623Z     🧠 Consulting AI (Vision-First) to find 'Choose a date from the calendar'...
2026-01-19T23:57:09.3226649Z     🔍 Trying smart selectors for 'Choose a date from the calendar'...
2026-01-19T23:57:09.4268869Z     🔍 [SMART] Searching for: 'Choose a date from the calendar' (trying 15+ strategies)
2026-01-19T23:57:09.4270213Z     ⚠️ Smart selectors failed (no unique match). Falling back to AI Vision...
2026-01-19T23:57:09.4272763Z     🧠 [EXPERT] Strategy: Act as Senior SDET focusing on exploring the application to understand functional flow and identifying critical paths for end-to-end automation.
2026-01-19T23:57:09.4276553Z [CACHE HIT] a2a2bbe8... (hits: 24, misses: 37)
2026-01-19T23:57:09.4277212Z     ⚠️ Skipping duplicate injection: JOIN NOW
2026-01-19T23:57:09.4277821Z     🔄 Retry 2/3 mining locators for 'Choose a date from the calendar'...
2026-01-19T23:57:10.4291456Z     🗑️ Invalidating stale AI cache (retry 2)...
2026-01-19T23:57:10.4680023Z     🧠 Consulting AI (Vision-First) to find 'Choose a date from the calendar'...
2026-01-19T23:57:10.4680621Z     🔍 Trying smart selectors for 'Choose a date from the calendar'...
2026-01-19T23:57:10.5700066Z     🔍 [SMART] Searching for: 'Choose a date from the calendar' (trying 15+ strategies)
2026-01-19T23:57:10.5701389Z     ⚠️ Smart selectors failed (no unique match). Falling back to AI Vision...
2026-01-19T23:57:10.5703345Z     🧠 [EXPERT] Strategy: Act as Senior SDET focusing on exploring the application to understand functional flow and identifying critical paths for end-to-end automation.
2026-01-19T23:57:10.5705367Z [CACHE HIT] a2a2bbe8... (hits: 25, misses: 37)
2026-01-19T23:57:10.5706197Z     ⚠️ Skipping duplicate injection: JOIN NOW
2026-01-19T23:57:10.5707391Z     🧠 Verifying step validity for 'Choose a date from the calendar' after no candidates found...
2026-01-19T23:57:13.2182509Z [DEBUG] Sending request to gemini-2.0-flash. Number of parts: 2
2026-01-19T23:57:13.2183255Z [DEBUG] Received response (Length: 272)
2026-01-19T23:57:13.2184982Z     🗑️ Step deemed INVALID: The current page (https://demoqa.com/) as depicted in the screenshot is the landing page for Toolsqa. The element 'Choose a date from the calendar' is not present on this page. Therefore, the step is not valid.. Removing from workflow.
2026-01-19T23:57:13.2187054Z     ⏭️ Skipping execution of invalid step: Choose a date from the calendar
2026-01-19T23:57:13.2187592Z   ▶️ [STEP step_9] ASSERT_VISIBLE: Date
2026-01-19T23:57:13.2243248Z     🔍 Mining locators for: 'Date'
2026-01-19T23:57:13.2669043Z     🧠 Consulting AI (Vision-First) to find 'Date'...
2026-01-19T23:57:13.2669785Z     🔍 Trying smart selectors for 'Date'...
2026-01-19T23:57:13.3397133Z     🔍 [SMART] Searching for: 'Date' (trying 15+ strategies)
2026-01-19T23:57:13.3398053Z     ⚠️ Smart selectors failed (no unique match). Falling back to AI Vision...
2026-01-19T23:57:13.3399208Z     🧠 [EXPERT] Strategy: Act as Senior SDET focusing on exploring the application to understand functional flow and identifying critical paths for end-to-end automation.
2026-01-19T23:57:18.2419465Z [DEBUG] Sending request to gemini-2.0-flash. Number of parts: 2
2026-01-19T23:57:18.2420346Z [DEBUG] Received response (Length: 283)
2026-01-19T23:57:18.2422480Z     💡 Expert Suggestion: The 'Date' field is likely part of a form within the registration or application process, which is initiated by clicking the 'JOIN NOW' button.
2026-01-19T23:57:18.2424418Z     🛠️ Executing corrective action: click -> 'JOIN NOW'
2026-01-19T23:57:18.2879047Z     🔄 Retry 1/3 mining locators for 'Date'...
2026-01-19T23:57:19.3252601Z     🧠 Consulting AI (Vision-First) to find 'Date'...
2026-01-19T23:57:19.3253069Z     🔍 Trying smart selectors for 'Date'...
2026-01-19T23:57:19.4447180Z     🔍 [SMART] Searching for: 'Date' (trying 15+ strategies)
2026-01-19T23:57:19.4448070Z     ⚠️ Smart selectors failed (no unique match). Falling back to AI Vision...
2026-01-19T23:57:19.4450570Z     🧠 [EXPERT] Strategy: Act as Senior SDET focusing on exploring the application to understand functional flow and identifying critical paths for end-to-end automation.
2026-01-19T23:57:19.4454265Z [CACHE HIT] 739786f4... (hits: 26, misses: 39)
2026-01-19T23:57:19.4455003Z     ⚠️ Skipping duplicate injection: JOIN NOW
2026-01-19T23:57:19.4455779Z     🔄 Retry 2/3 mining locators for 'Date'...
2026-01-19T23:57:20.4468799Z     🗑️ Invalidating stale AI cache (retry 2)...
2026-01-19T23:57:20.4850243Z     🧠 Consulting AI (Vision-First) to find 'Date'...
2026-01-19T23:57:20.4850922Z     🔍 Trying smart selectors for 'Date'...
2026-01-19T23:57:20.5589859Z     🔍 [SMART] Searching for: 'Date' (trying 15+ strategies)
2026-01-19T23:57:20.5591033Z     ⚠️ Smart selectors failed (no unique match). Falling back to AI Vision...
2026-01-19T23:57:20.5592926Z     🧠 [EXPERT] Strategy: Act as Senior SDET focusing on exploring the application to understand functional flow and identifying critical paths for end-to-end automation.
2026-01-19T23:57:20.5594837Z [CACHE HIT] 739786f4... (hits: 27, misses: 39)
2026-01-19T23:57:20.5595705Z     ⚠️ Skipping duplicate injection: JOIN NOW
2026-01-19T23:57:20.5596599Z     🧠 Verifying step validity for 'Date' after no candidates found...
2026-01-19T23:57:23.4105713Z [DEBUG] Sending request to gemini-2.0-flash. Number of parts: 2
2026-01-19T23:57:23.4106367Z [DEBUG] Received response (Length: 352)
2026-01-19T23:57:23.4109016Z     🗑️ Step deemed INVALID: The current page (https://demoqa.com/) as depicted in the screenshot, does not contain a 'Date' element. It's the landing page for ToolsQA and shows information about Selenium Certification Training. Therefore, attempting to locate and interact with 'Date' on this page is not a valid step.. Removing from workflow.
2026-01-19T23:57:23.4111001Z     ⏭️ Skipping execution of invalid step: Date
2026-01-19T23:57:25.4564270Z 🗂️  All generated tests written to /home/runner/work/build_qa_automation/build_qa_automation/projects/ci_demoqa_practice/tests/generated_scenarios.json
2026-01-19T23:57:25.4565541Z 
2026-01-19T23:57:25.4566130Z 📝 Processing scenario 'Forms - Practice Form Submission' with 10 steps
2026-01-19T23:57:25.4567315Z   🔍 Step 2 (click): Found 1 mined locators
2026-01-19T23:57:25.4567979Z       ✅ Kept robust locator (0.70): text='Forms'...
2026-01-19T23:57:25.4568674Z   💾 Saved 1 robust locators (top stability: 0.70)
2026-01-19T23:57:25.4569328Z   🔍 Step 3 (click): Found 1 mined locators
2026-01-19T23:57:25.4570013Z       ✅ Kept robust locator (0.70): text='Forms'...
2026-01-19T23:57:25.4570696Z   💾 Saved 1 robust locators (top stability: 0.70)
2026-01-19T23:57:25.4571393Z   🔍 Step 4 (assert_visible): Found 1 mined locators
2026-01-19T23:57:25.4572071Z       ✅ Kept robust locator (0.70): text='Forms'...
2026-01-19T23:57:25.4572749Z   💾 Saved 1 robust locators (top stability: 0.70)
2026-01-19T23:57:25.4573399Z   🔍 Step 5 (click): Found 1 mined locators
2026-01-19T23:57:25.4574037Z       ✅ Kept robust locator (0.70): text='Forms'...
2026-01-19T23:57:25.4574705Z   💾 Saved 1 robust locators (top stability: 0.70)
2026-01-19T23:57:25.4575585Z   🔍 Step 7 (fill): Found 1 mined locators
2026-01-19T23:57:25.4576261Z       ⚠️ Skipping low-confidence locator (0.60): ...
2026-01-19T23:57:25.4577170Z   ⚠️  No robust locators passed filtering. Executor will use fallback strategies.
2026-01-19T23:57:25.4577995Z   🔍 Step 8 (fill): Found 1 mined locators
2026-01-19T23:57:25.4578638Z       ⚠️ Skipping low-confidence locator (0.60): ...
2026-01-19T23:57:25.4579537Z   ⚠️  No robust locators passed filtering. Executor will use fallback strategies.
2026-01-19T23:57:25.4580376Z   🔍 Step 9 (fill): Found 1 mined locators
2026-01-19T23:57:25.4581023Z       ⚠️ Skipping low-confidence locator (0.60): ...
2026-01-19T23:57:25.4581906Z   ⚠️  No robust locators passed filtering. Executor will use fallback strategies.
2026-01-19T23:57:25.4584443Z ✅ Updated scenario 'Forms - Practice Form Submission' with 10 validated steps
2026-01-19T23:57:25.4584985Z 
2026-01-19T23:57:25.4585547Z 📝 Processing scenario 'Elements - Text Box' with 10 steps
2026-01-19T23:57:25.4586211Z   🔍 Step 2 (click): Found 1 mined locators
2026-01-19T23:57:25.4586851Z       ✅ Kept robust locator (0.70): text='Forms'...
2026-01-19T23:57:25.4587481Z   💾 Saved 1 robust locators (top stability: 0.70)
2026-01-19T23:57:25.4588048Z   🔍 Step 3 (click): Found 1 mined locators
2026-01-19T23:57:25.4588627Z       ✅ Kept robust locator (0.70): text='Elements'...
2026-01-19T23:57:25.4589254Z   💾 Saved 1 robust locators (top stability: 0.70)
2026-01-19T23:57:25.4589847Z   🔍 Step 4 (assert_visible): Found 1 mined locators
2026-01-19T23:57:25.4590468Z       ✅ Kept robust locator (0.70): text='Elements'...
2026-01-19T23:57:25.4591058Z   💾 Saved 1 robust locators (top stability: 0.70)
2026-01-19T23:57:25.4591604Z   🔍 Step 6 (fill): Found 1 mined locators
2026-01-19T23:57:25.4592165Z       ⚠️ Skipping low-confidence locator (0.60): ...
2026-01-19T23:57:25.4592949Z   ⚠️  No robust locators passed filtering. Executor will use fallback strategies.
2026-01-19T23:57:25.4593691Z   🔍 Step 7 (fill): Found 1 mined locators
2026-01-19T23:57:25.4594272Z       ⚠️ Skipping low-confidence locator (0.60): ...
2026-01-19T23:57:25.4595455Z   ⚠️  No robust locators passed filtering. Executor will use fallback strategies.
2026-01-19T23:57:25.4595925Z   🔍 Step 8 (fill): Found 1 mined locators
2026-01-19T23:57:25.4596275Z       ⚠️ Skipping low-confidence locator (0.60): ...
2026-01-19T23:57:25.4596917Z   ⚠️  No robust locators passed filtering. Executor will use fallback strategies.
2026-01-19T23:57:25.4597364Z   🔍 Step 9 (fill): Found 1 mined locators
2026-01-19T23:57:25.4597903Z       ⚠️ Skipping low-confidence locator (0.60): ...
2026-01-19T23:57:25.4598773Z   ⚠️  No robust locators passed filtering. Executor will use fallback strategies.
2026-01-19T23:57:25.4599536Z ✅ Updated scenario 'Elements - Text Box' with 10 validated steps
2026-01-19T23:57:25.4599976Z 
2026-01-19T23:57:25.4600327Z 📝 Processing scenario 'Widgets - Date Picker' with 6 steps
2026-01-19T23:57:25.4600954Z   🔍 Step 2 (click): Found 1 mined locators
2026-01-19T23:57:25.4601499Z       ✅ Kept robust locator (0.70): text='Forms'...
2026-01-19T23:57:25.4602113Z   💾 Saved 1 robust locators (top stability: 0.70)
2026-01-19T23:57:25.4602665Z   🔍 Step 3 (click): Found 1 mined locators
2026-01-19T23:57:25.4603224Z       ✅ Kept robust locator (0.70): text='Widgets'...
2026-01-19T23:57:25.4603811Z   💾 Saved 1 robust locators (top stability: 0.70)
2026-01-19T23:57:25.4604441Z   🔍 Step 4 (assert_visible): Found 1 mined locators
2026-01-19T23:57:25.4605044Z       ✅ Kept robust locator (0.70): text='Widgets'...
2026-01-19T23:57:25.4605802Z   💾 Saved 1 robust locators (top stability: 0.70)
2026-01-19T23:57:25.4606243Z ✅ Updated scenario 'Widgets - Date Picker' with 6 validated steps
2026-01-19T23:57:25.4606756Z 🔄 Updated workflow.json with discovered steps and locators.
2026-01-19T23:57:25.4607078Z 
2026-01-19T23:57:25.4607243Z ============================================================
2026-01-19T23:57:25.4607869Z 📊 EXPLORER PERFORMANCE SUMMARY
2026-01-19T23:57:25.4608333Z ============================================================
2026-01-19T23:57:25.4608705Z 
2026-01-19T23:57:25.4608925Z 🔍 Locator Mining:
2026-01-19T23:57:25.4609367Z    • Total Locators Mined: 17
2026-01-19T23:57:25.4609881Z    • Filtered Out (Brittle): 7 (41.2%)
2026-01-19T23:57:25.4610479Z    • Saved to Golden Path: 10 (58.8%)
2026-01-19T23:57:25.4610933Z 
2026-01-19T23:57:25.4611169Z ⚠️  Filtering Breakdown:
2026-01-19T23:57:25.4611693Z    • Low Confidence (<0.75): 7
2026-01-19T23:57:25.4611968Z 
2026-01-19T23:57:25.4612173Z ✅ Golden Path Quality:
2026-01-19T23:57:25.4612708Z    ✅ GOOD - 58.8% of mined locators are robust.
2026-01-19T23:57:25.4613039Z 
2026-01-19T23:57:25.4613185Z ============================================================
2026-01-19T23:57:25.4613488Z 
2026-01-19T23:57:25.4613701Z ✅ Deep Exploration Complete.
2026-01-19T23:58:56.4221717Z 
2026-01-19T23:58:56.4222537Z 🚀 [EXECUTE] Starting Automation Execution Engine
2026-01-19T23:58:56.4223208Z 📍 Project: ci_demoqa_practice
2026-01-19T23:58:56.4223649Z 🎬 Mode: Headless
2026-01-19T23:58:56.4223881Z 
2026-01-19T23:58:56.4224105Z --- Scenario: Forms - Practice Form Submission ---
2026-01-19T23:58:56.4224738Z   ▶️  [STEP step_1] NAVIGATE: NAVIGATE
2026-01-19T23:58:56.4225950Z     ✅ Step step_1 Passed.
2026-01-19T23:58:56.4226530Z   ▶️  [STEP step_2] ASSERT_URL: ASSERT_URL
2026-01-19T23:58:56.4227098Z     ✅ Step step_2 Passed.
2026-01-19T23:58:56.4227615Z   ▶️  [STEP step_2_ai_1] CLICK: Forms
2026-01-19T23:58:56.4228335Z     🔍 Trying 1 validated locators from golden path...
2026-01-19T23:58:56.4229126Z     ✅ SUCCESS! Locator #1: text='Forms'... (method: unknown, stability: 0.70)
2026-01-19T23:58:56.4229875Z     ✅ Step step_2_ai_1 Passed.
2026-01-19T23:58:56.4230322Z   ▶️  [STEP step_3] CLICK: Forms
2026-01-19T23:58:56.4230860Z     🔍 Trying 1 validated locators from golden path...
2026-01-19T23:58:56.4231614Z     ✅ SUCCESS! Locator #1: text='Forms'... (method: unknown, stability: 0.70)
2026-01-19T23:58:56.4232255Z     ✅ Step step_3 Passed.
2026-01-19T23:58:56.4232749Z   ▶️  [STEP step_4] ASSERT_VISIBLE: Forms
2026-01-19T23:58:56.4233418Z     🔍 Trying 1 validated locators from golden path...
2026-01-19T23:58:56.4233860Z     ✅ SUCCESS! Locator #1: text='Forms'... (method: unknown, stability: 0.70)
2026-01-19T23:58:56.4234254Z     ✅ Step step_4 Passed.
2026-01-19T23:58:56.4234517Z   ▶️  [STEP step_4_ai_1] CLICK: Forms
2026-01-19T23:58:56.4235015Z     🔍 Trying 1 validated locators from golden path...
2026-01-19T23:58:56.4235681Z     ✅ SUCCESS! Locator #1: text='Forms'... (method: unknown, stability: 0.70)
2026-01-19T23:58:56.4236066Z     ✅ Step step_4_ai_1 Passed.
2026-01-19T23:58:56.4236345Z   ▶️  [STEP step_6] ASSERT_URL: ASSERT_URL
2026-01-19T23:58:56.4236615Z     ✅ Step step_6 Passed.
2026-01-19T23:58:56.4236863Z   ▶️  [STEP step_7] FILL: First Name
2026-01-19T23:58:56.4237392Z     ❌ Attempt 1 failed (element_not_found): Locator.scroll_into_view_if_needed: Timeout 10000ms exceeded.
2026-01-19T23:58:56.4237853Z Call log:
2026-01-19T23:58:56.4238040Z   - waiting for locator("tex...
2026-01-19T23:58:56.4238385Z     🔧 [AUTO-HEAL] Re-mining page to find 'First Name'...
2026-01-19T23:58:56.4238756Z [DEBUG] Sending request to gemini-2.0-flash. Number of parts: 2
2026-01-19T23:58:56.4239105Z [DEBUG] Received response (Length: 38)
2026-01-19T23:58:56.4239501Z     ❌ AI could not re-locate the element. Waiting 1s before next retry.
2026-01-19T23:58:56.4240109Z     ❌ Attempt 2 failed (element_not_found): Locator.scroll_into_view_if_needed: Timeout 10000ms exceeded.
2026-01-19T23:58:56.4240548Z Call log:
2026-01-19T23:58:56.4240728Z   - waiting for locator("tex...
2026-01-19T23:58:56.4241053Z     🔧 [AUTO-HEAL] Re-mining page to find 'First Name'...
2026-01-19T23:58:56.4241360Z [CACHE HIT] c41aab43... (hits: 1, misses: 1)
2026-01-19T23:58:56.4241752Z     ❌ AI could not re-locate the element. Waiting 1s before next retry.
2026-01-19T23:58:56.4242337Z     ❌ Attempt 3 failed (element_not_found): Locator.scroll_into_view_if_needed: Timeout 10000ms exceeded.
2026-01-19T23:58:56.4242767Z Call log:
2026-01-19T23:58:56.4242956Z   - waiting for locator("tex...
2026-01-19T23:58:56.4243231Z     💀 Step step_7 failed after all retries.
2026-01-19T23:58:56.4243766Z 🛑 Scenario 'Forms - Practice Form Submission' aborted due to step failure.
2026-01-19T23:58:56.4244149Z 
2026-01-19T23:58:56.4244256Z --- Scenario: Elements - Text Box ---
2026-01-19T23:58:56.4244659Z   ▶️  [STEP step_1] NAVIGATE: NAVIGATE
2026-01-19T23:58:56.4244940Z     ✅ Step step_1 Passed.
2026-01-19T23:58:56.4245473Z   ▶️  [STEP step_2] ASSERT_URL: ASSERT_URL
2026-01-19T23:58:56.4245766Z     ✅ Step step_2 Passed.
2026-01-19T23:58:56.4246049Z   ▶️  [STEP step_2_ai_1] CLICK: Forms
2026-01-19T23:58:56.4246429Z     🔍 Trying 1 validated locators from golden path...
2026-01-19T23:58:56.4246892Z     ✅ SUCCESS! Locator #1: text='Forms'... (method: unknown, stability: 0.70)
2026-01-19T23:58:56.4247293Z     ✅ Step step_2_ai_1 Passed.
2026-01-19T23:58:56.4247560Z   ▶️  [STEP step_3] CLICK: Elements
2026-01-19T23:58:56.4247886Z     🔍 Trying 1 validated locators from golden path...
2026-01-19T23:58:56.4248353Z     ✅ SUCCESS! Locator #1: text='Elements'... (method: unknown, stability: 0.70)
2026-01-19T23:58:56.4248743Z     ✅ Step step_3 Passed.
2026-01-19T23:58:56.4249012Z   ▶️  [STEP step_4] ASSERT_VISIBLE: Elements
2026-01-19T23:58:56.4249346Z     🔍 Trying 1 validated locators from golden path...
2026-01-19T23:58:56.4249788Z     ✅ SUCCESS! Locator #1: text='Elements'... (method: unknown, stability: 0.70)
2026-01-19T23:58:56.4250179Z     ✅ Step step_4 Passed.
2026-01-19T23:58:56.4250437Z   ▶️  [STEP step_6] ASSERT_URL: ASSERT_URL
2026-01-19T23:58:56.4250720Z     ✅ Step step_6 Passed.
2026-01-19T23:58:56.4250957Z   ▶️  [STEP step_7] FILL: Full Name
2026-01-19T23:58:56.4251467Z     ❌ Attempt 1 failed (element_not_found): Locator.scroll_into_view_if_needed: Timeout 10000ms exceeded.
2026-01-19T23:58:56.4251907Z Call log:
2026-01-19T23:58:56.4252089Z   - waiting for locator("tex...
2026-01-19T23:58:56.4252402Z     🔧 [AUTO-HEAL] Re-mining page to find 'Full Name'...
2026-01-19T23:58:56.4252951Z [DEBUG] Sending request to gemini-2.0-flash. Number of parts: 2
2026-01-19T23:58:56.4253289Z [DEBUG] Received response (Length: 38)
2026-01-19T23:58:56.4253678Z     ❌ AI could not re-locate the element. Waiting 1s before next retry.
2026-01-19T23:58:56.4254379Z     ❌ Attempt 2 failed (element_not_found): Locator.scroll_into_view_if_needed: Timeout 10000ms exceeded.
2026-01-19T23:58:56.4254818Z Call log:
2026-01-19T23:58:56.4254996Z   - waiting for locator("tex...
2026-01-19T23:58:56.4255677Z     🔧 [AUTO-HEAL] Re-mining page to find 'Full Name'...
2026-01-19T23:58:56.4256206Z [CACHE HIT] ca922fd8... (hits: 2, misses: 2)
2026-01-19T23:58:56.4256852Z     ❌ AI could not re-locate the element. Waiting 1s before next retry.
2026-01-19T23:58:56.4257879Z     ❌ Attempt 3 failed (element_not_found): Locator.scroll_into_view_if_needed: Timeout 10000ms exceeded.
2026-01-19T23:58:56.4258622Z Call log:
2026-01-19T23:58:56.4258919Z   - waiting for locator("tex...
2026-01-19T23:58:56.4259397Z     💀 Step step_7 failed after all retries.
2026-01-19T23:58:56.4259946Z 🛑 Scenario 'Elements - Text Box' aborted due to step failure.
2026-01-19T23:58:56.4260197Z 
2026-01-19T23:58:56.4260297Z --- Scenario: Widgets - Date Picker ---
2026-01-19T23:58:56.4260930Z   ▶️  [STEP step_1] NAVIGATE: NAVIGATE
2026-01-19T23:58:56.4261216Z     ✅ Step step_1 Passed.
2026-01-19T23:58:56.4261497Z   ▶️  [STEP step_2] ASSERT_URL: ASSERT_URL
2026-01-19T23:58:56.4261834Z     ✅ Step step_2 Passed.
2026-01-19T23:58:56.4262087Z   ▶️  [STEP step_2_ai_1] CLICK: Forms
2026-01-19T23:58:56.4262418Z     🔍 Trying 1 validated locators from golden path...
2026-01-19T23:58:56.4262868Z     ✅ SUCCESS! Locator #1: text='Forms'... (method: unknown, stability: 0.70)
2026-01-19T23:58:56.4263260Z     ✅ Step step_2_ai_1 Passed.
2026-01-19T23:58:56.4263521Z   ▶️  [STEP step_3] CLICK: Widgets
2026-01-19T23:58:56.4263833Z     🔍 Trying 1 validated locators from golden path...
2026-01-19T23:58:56.4264516Z     ✅ SUCCESS! Locator #1: text='Widgets'... (method: unknown, stability: 0.70)
2026-01-19T23:58:56.4264992Z     ✅ Step step_3 Passed.
2026-01-19T23:58:56.4265523Z   ▶️  [STEP step_4] ASSERT_VISIBLE: Widgets
2026-01-19T23:58:56.4265873Z     🔍 Trying 1 validated locators from golden path...
2026-01-19T23:58:56.4266305Z     ✅ SUCCESS! Locator #1: text='Widgets'... (method: unknown, stability: 0.70)
2026-01-19T23:58:56.4266797Z     ✅ Step step_4 Passed.
2026-01-19T23:58:56.4267054Z   ▶️  [STEP step_6] ASSERT_URL: ASSERT_URL
2026-01-19T23:58:56.4267330Z     ✅ Step step_6 Passed.
2026-01-19T23:58:56.4267642Z ✅ Scenario 'Widgets - Date Picker' completed successfully!
2026-01-19T23:58:56.4267879Z 
2026-01-19T23:58:56.4267978Z ============================================================
2026-01-19T23:58:56.4268559Z 🎯 EXECUTION SUMMARY
2026-01-19T23:58:56.4268782Z ============================================================
2026-01-19T23:58:56.4269016Z 
2026-01-19T23:58:56.4269125Z 📋 Scenario Overview:
2026-01-19T23:58:56.4269361Z    • Total Scenarios Planned: 3
2026-01-19T23:58:56.4269987Z    • Scenarios Executed: 3
2026-01-19T23:58:56.4270254Z    • Total Steps Executed: 21
2026-01-19T23:58:56.4270400Z 
2026-01-19T23:58:56.4270521Z ✅ Results:
2026-01-19T23:58:56.4270753Z    ✅ Passed: 1 (33%)
2026-01-19T23:58:56.4270975Z    ❌ Failed: 2 (66%)
2026-01-19T23:58:56.4271091Z 
2026-01-19T23:58:56.4271195Z ⚠️  Failed Scenarios:
2026-01-19T23:58:56.4271456Z    • Forms - Practice Form Submission
2026-01-19T23:58:56.4271727Z    • Elements - Text Box
2026-01-19T23:58:56.4271865Z 
2026-01-19T23:58:56.4271960Z ============================================================
2026-01-19T23:58:56.4272156Z 
2026-01-19T23:58:56.4272643Z 🏁 Execution Finished. Report: /home/runner/work/build_qa_automation/build_qa_automation/projects/ci_demoqa_practice/execution.json
2026-01-19T23:58:56.4273133Z 
2026-01-19T23:58:56.4273233Z ============================================================
2026-01-19T23:58:56.4273560Z 📊 EXECUTOR PERFORMANCE SUMMARY
2026-01-19T23:58:56.4274047Z ============================================================
2026-01-19T23:58:56.4274476Z 
2026-01-19T23:58:56.4274620Z 🎯 Execution Results:
2026-01-19T23:58:56.4274988Z    • Total Steps: 21
2026-01-19T23:58:56.4275876Z    • First-Attempt Success: 19 (90.5%)
2026-01-19T23:58:56.4276287Z    • Required AI Healing: 4 (19.0%)
2026-01-19T23:58:56.4276718Z    • Final Failures: 2 (9.5%)
2026-01-19T23:58:56.4277068Z 
2026-01-19T23:58:56.4277281Z 🛤️  Golden Path Effectiveness:
2026-01-19T23:58:56.4277655Z    • Steps with Mined Locators: 10
2026-01-19T23:58:56.4278067Z    • Golden Path Hits: 10 (100.0%)
2026-01-19T23:58:56.4328549Z    • Golden Path Misses: 0
2026-01-19T23:58:56.4329029Z    • Fallback Used (No Locators): 11
2026-01-19T23:58:56.4329363Z 
2026-01-19T23:58:56.4329554Z 📈 Overall Assessment:
2026-01-19T23:58:56.4330021Z    🌟 EXCELLENT! Golden path is working perfectly.
2026-01-19T23:58:56.4330342Z 
2026-01-19T23:58:56.4330537Z 🎯 vs Target (100% Flawless):
2026-01-19T23:58:56.4330945Z    📊 Gap: 9.5% from target
2026-01-19T23:58:56.4331638Z    💡 Recommendation: Explorer needs to mine locators for 11 steps
2026-01-19T23:58:56.4331910Z 
2026-01-19T23:58:56.4332100Z ============================================================
2026-01-19T23:58:56.5448184Z 
2026-01-19T23:58:56.5448625Z [PHASE] Running Phase: DISCOVERY
2026-01-19T23:58:56.5450176Z    Command: /opt/hostedtoolcache/Python/3.11.14/x64/bin/python /home/runner/work/build_qa_automation/build_qa_automation/core/agents/discovery.py --project /home/runner/work/build_qa_automation/build_qa_automation/projects/ci_demoqa_practice --url https://demoqa.com/ --deep
2026-01-19T23:58:56.5451639Z ✅ Phase 'discovery' completed successfully.
2026-01-19T23:58:56.5451849Z 
2026-01-19T23:58:56.5451945Z [PHASE] Running Phase: PLANNING
2026-01-19T23:58:56.5453183Z    Command: /opt/hostedtoolcache/Python/3.11.14/x64/bin/python /home/runner/work/build_qa_automation/build_qa_automation/core/agents/planner.py --project /home/runner/work/build_qa_automation/build_qa_automation/projects/ci_demoqa_practice --goal Test various form elements --url https://demoqa.com/ --deep
2026-01-19T23:58:56.5454513Z ✅ Phase 'planning' completed successfully.
2026-01-19T23:58:56.5454710Z 
2026-01-19T23:58:56.5454812Z [PHASE] Running Phase: EXPLORATION
2026-01-19T23:58:56.5456035Z    Command: /opt/hostedtoolcache/Python/3.11.14/x64/bin/python /home/runner/work/build_qa_automation/build_qa_automation/core/agents/deep_explorer.py --project /home/runner/work/build_qa_automation/build_qa_automation/projects/ci_demoqa_practice
2026-01-19T23:58:56.5457137Z ✅ Phase 'exploration' completed successfully.
2026-01-19T23:58:56.5457551Z 📊 Exploration Discovery Success Rate: 43.5%
2026-01-19T23:58:56.5458084Z ⚠️ Exploration failed to find stable locators for key steps. Execution might fail.
2026-01-19T23:58:56.5458440Z 
2026-01-19T23:58:56.5458543Z [PHASE] Running Phase: EXECUTION
2026-01-19T23:58:56.5459593Z    Command: /opt/hostedtoolcache/Python/3.11.14/x64/bin/python /home/runner/work/build_qa_automation/build_qa_automation/core/agents/executor.py --project /home/runner/work/build_qa_automation/build_qa_automation/projects/ci_demoqa_practice
2026-01-19T23:58:56.5460739Z ✅ Phase 'execution' completed successfully.
2026-01-19T23:58:56.5460952Z 
2026-01-19T23:58:56.5461061Z [DONE] Pipeline Execution Finished! [DONE]
2026-01-19T23:58:56.6413246Z ##[group]Run RESULT_FILE="projects/ci_demoqa_practice/execution.json"
2026-01-19T23:58:56.6413750Z [36;1mRESULT_FILE="projects/ci_demoqa_practice/execution.json"[0m
2026-01-19T23:58:56.6414102Z [36;1mif [ -f "$RESULT_FILE" ]; then[0m
2026-01-19T23:58:56.6414429Z [36;1m  echo "✅ Results generated successfully: $RESULT_FILE"[0m
2026-01-19T23:58:56.6414872Z [36;1m  cat "$RESULT_FILE" | jq '.scenarios | length' || echo "Result file exists"[0m
2026-01-19T23:58:56.6415460Z [36;1melse[0m
2026-01-19T23:58:56.6415698Z [36;1m  echo "❌ No result file found at $RESULT_FILE"[0m
2026-01-19T23:58:56.6415977Z [36;1m  exit 1[0m
2026-01-19T23:58:56.6416153Z [36;1mfi[0m
2026-01-19T23:58:56.6448989Z shell: /usr/bin/bash -e {0}
2026-01-19T23:58:56.6449387Z env:
2026-01-19T23:58:56.6449639Z   pythonLocation: /opt/hostedtoolcache/Python/3.11.14/x64
2026-01-19T23:58:56.6450061Z   PKG_CONFIG_PATH: /opt/hostedtoolcache/Python/3.11.14/x64/lib/pkgconfig
2026-01-19T23:58:56.6450501Z   Python_ROOT_DIR: /opt/hostedtoolcache/Python/3.11.14/x64
2026-01-19T23:58:56.6450870Z   Python2_ROOT_DIR: /opt/hostedtoolcache/Python/3.11.14/x64
2026-01-19T23:58:56.6451231Z   Python3_ROOT_DIR: /opt/hostedtoolcache/Python/3.11.14/x64
2026-01-19T23:58:56.6451600Z   LD_LIBRARY_PATH: /opt/hostedtoolcache/Python/3.11.14/x64/lib
2026-01-19T23:58:56.6451899Z ##[endgroup]
2026-01-19T23:58:56.6505436Z ✅ Results generated successfully: projects/ci_demoqa_practice/execution.json
2026-01-19T23:58:56.6531592Z 3
2026-01-19T23:58:56.6595006Z ##[group]Run actions/upload-artifact@v4
2026-01-19T23:58:56.6595653Z with:
2026-01-19T23:58:56.6595873Z   name: demoqa_practice-execution-results
2026-01-19T23:58:56.6596340Z   path: projects/ci_demoqa_practice/execution.json
projects/ci_demoqa_practice/workflow.json

2026-01-19T23:58:56.6596808Z   retention-days: 30
2026-01-19T23:58:56.6597021Z   if-no-files-found: warn
2026-01-19T23:58:56.6597244Z   compression-level: 6
2026-01-19T23:58:56.6597451Z   overwrite: false
2026-01-19T23:58:56.6597652Z   include-hidden-files: false
2026-01-19T23:58:56.6597867Z env:
2026-01-19T23:58:56.6598103Z   pythonLocation: /opt/hostedtoolcache/Python/3.11.14/x64
2026-01-19T23:58:56.6598522Z   PKG_CONFIG_PATH: /opt/hostedtoolcache/Python/3.11.14/x64/lib/pkgconfig
2026-01-19T23:58:56.6598933Z   Python_ROOT_DIR: /opt/hostedtoolcache/Python/3.11.14/x64
2026-01-19T23:58:56.6599292Z   Python2_ROOT_DIR: /opt/hostedtoolcache/Python/3.11.14/x64
2026-01-19T23:58:56.6599687Z   Python3_ROOT_DIR: /opt/hostedtoolcache/Python/3.11.14/x64
2026-01-19T23:58:56.6600073Z   LD_LIBRARY_PATH: /opt/hostedtoolcache/Python/3.11.14/x64/lib
2026-01-19T23:58:56.6600373Z ##[endgroup]
2026-01-19T23:58:56.8741629Z Multiple search paths detected. Calculating the least common ancestor of all paths
2026-01-19T23:58:56.8746641Z The least common ancestor is /home/runner/work/build_qa_automation/build_qa_automation/projects/ci_demoqa_practice. This will be the root directory of the artifact
2026-01-19T23:58:56.8748008Z With the provided path, there will be 2 files uploaded
2026-01-19T23:58:56.8753335Z Artifact name is valid!
2026-01-19T23:58:56.8754728Z Root directory input is valid!
2026-01-19T23:58:57.1728186Z Beginning upload of artifact content to blob storage
2026-01-19T23:58:57.4970005Z Uploaded bytes 1436
2026-01-19T23:58:57.5790488Z Finished uploading artifact content to blob storage!
2026-01-19T23:58:57.5794160Z SHA256 digest of uploaded artifact zip is 34eb9c34c879401f32a63fe029f7243b01f67b71095e38ca29d1112ea61a739e
2026-01-19T23:58:57.5796029Z Finalizing artifact upload
2026-01-19T23:58:57.7204028Z Artifact demoqa_practice-execution-results.zip successfully finalized. Artifact ID 5183087327
2026-01-19T23:58:57.7206131Z Artifact demoqa_practice-execution-results has been successfully uploaded! Final size is 1436 bytes. Artifact ID is 5183087327
2026-01-19T23:58:57.7213170Z Artifact download URL: https://github.com/vishvasmca-cmd/build_qa_automation/actions/runs/21154472744/artifacts/5183087327
2026-01-19T23:58:57.7336350Z Post job cleanup.
2026-01-19T23:58:57.8862491Z Cache hit occurred on the primary key setup-python-Linux-x64-24.04-Ubuntu-python-3.11.14-pip-dde08d0e0b672972dcda9f1a063036a2e0c226f5d0a20362e9401931676d80a4, not saving cache.
2026-01-19T23:58:57.8977432Z Post job cleanup.
2026-01-19T23:58:57.9907649Z [command]/usr/bin/git version
2026-01-19T23:58:57.9943478Z git version 2.52.0
2026-01-19T23:58:57.9984935Z Temporarily overriding HOME='/home/runner/work/_temp/f36e6c05-26cd-4500-93b4-b8cc55437a25' before making global git config changes
2026-01-19T23:58:57.9986862Z Adding repository directory to the temporary git global config as a safe directory
2026-01-19T23:58:57.9997873Z [command]/usr/bin/git config --global --add safe.directory /home/runner/work/build_qa_automation/build_qa_automation
2026-01-19T23:58:58.0031670Z [command]/usr/bin/git config --local --name-only --get-regexp core\.sshCommand
2026-01-19T23:58:58.0063834Z [command]/usr/bin/git submodule foreach --recursive sh -c "git config --local --name-only --get-regexp 'core\.sshCommand' && git config --local --unset-all 'core.sshCommand' || :"
2026-01-19T23:58:58.0295025Z [command]/usr/bin/git config --local --name-only --get-regexp http\.https\:\/\/github\.com\/\.extraheader
2026-01-19T23:58:58.0315760Z http.https://github.com/.extraheader
2026-01-19T23:58:58.0329059Z [command]/usr/bin/git config --local --unset-all http.https://github.com/.extraheader
2026-01-19T23:58:58.0359427Z [command]/usr/bin/git submodule foreach --recursive sh -c "git config --local --name-only --get-regexp 'http\.https\:\/\/github\.com\/\.extraheader' && git config --local --unset-all 'http.https://github.com/.extraheader' || :"
2026-01-19T23:58:58.0600645Z [command]/usr/bin/git config --local --name-only --get-regexp ^includeIf\.gitdir:
2026-01-19T23:58:58.0638342Z [command]/usr/bin/git submodule foreach --recursive git config --local --show-origin --name-only --get-regexp remote.origin.url
2026-01-19T23:58:58.1012247Z Cleaning up orphan processes
