2026-01-18T18:54:07.2631748Z Current runner version: '2.331.0'
2026-01-18T18:54:07.2665780Z ##[group]Runner Image Provisioner
2026-01-18T18:54:07.2667021Z Hosted Compute Agent
2026-01-18T18:54:07.2668166Z Version: 20251211.462
2026-01-18T18:54:07.2669153Z Commit: 6cbad8c2bb55d58165063d031ccabf57e2d2db61
2026-01-18T18:54:07.2670396Z Build Date: 2025-12-11T16:28:49Z
2026-01-18T18:54:07.2671383Z Worker ID: {685ff9b6-8046-44af-bcc6-982e44a8b4c5}
2026-01-18T18:54:07.2672539Z ##[endgroup]
2026-01-18T18:54:07.2673426Z ##[group]Operating System
2026-01-18T18:54:07.2674248Z Ubuntu
2026-01-18T18:54:07.2675004Z 24.04.3
2026-01-18T18:54:07.2675801Z LTS
2026-01-18T18:54:07.2676502Z ##[endgroup]
2026-01-18T18:54:07.2677381Z ##[group]Runner Image
2026-01-18T18:54:07.2678394Z Image: ubuntu-24.04
2026-01-18T18:54:07.2679205Z Version: 20260111.209.1
2026-01-18T18:54:07.2680997Z Included Software: https://github.com/actions/runner-images/blob/ubuntu24/20260111.209/images/ubuntu/Ubuntu2404-Readme.md
2026-01-18T18:54:07.2683636Z Image Release: https://github.com/actions/runner-images/releases/tag/ubuntu24%2F20260111.209
2026-01-18T18:54:07.2685388Z ##[endgroup]
2026-01-18T18:54:07.2687140Z ##[group]GITHUB_TOKEN Permissions
2026-01-18T18:54:07.2690901Z Contents: read
2026-01-18T18:54:07.2691712Z Metadata: read
2026-01-18T18:54:07.2692489Z Packages: read
2026-01-18T18:54:07.2693270Z ##[endgroup]
2026-01-18T18:54:07.2696904Z Secret source: Actions
2026-01-18T18:54:07.2698512Z Prepare workflow directory
2026-01-18T18:54:07.3174947Z Prepare all required actions
2026-01-18T18:54:07.3232960Z Getting action download info
2026-01-18T18:54:07.5887367Z Download action repository 'actions/checkout@v4' (SHA:34e114876b0b11c390a56381ad16ebd13914f8d5)
2026-01-18T18:54:07.7128147Z Download action repository 'actions/setup-python@v5' (SHA:a26af69be951a213d495a4c3e4e4022e16d87065)
2026-01-18T18:54:07.9150202Z Download action repository 'actions/upload-artifact@v4' (SHA:ea165f8d65b6e75b540449e92b4886f43607fa02)
2026-01-18T18:54:08.1541537Z Complete job name: test-websites-deep (demoqa_practice, https://demoqa.com/, Test various form elements)
2026-01-18T18:54:08.2335089Z ##[group]Run actions/checkout@v4
2026-01-18T18:54:08.2336839Z with:
2026-01-18T18:54:08.2337831Z   repository: vishvasmca-cmd/build_qa_automation
2026-01-18T18:54:08.2339131Z   token: ***
2026-01-18T18:54:08.2339747Z   ssh-strict: true
2026-01-18T18:54:08.2340349Z   ssh-user: git
2026-01-18T18:54:08.2340987Z   persist-credentials: true
2026-01-18T18:54:08.2341747Z   clean: true
2026-01-18T18:54:08.2342396Z   sparse-checkout-cone-mode: true
2026-01-18T18:54:08.2343160Z   fetch-depth: 1
2026-01-18T18:54:08.2343741Z   fetch-tags: false
2026-01-18T18:54:08.2344384Z   show-progress: true
2026-01-18T18:54:08.2345046Z   lfs: false
2026-01-18T18:54:08.2345667Z   submodules: false
2026-01-18T18:54:08.2346347Z   set-safe-directory: true
2026-01-18T18:54:08.2347583Z ##[endgroup]
2026-01-18T18:54:08.3556132Z Syncing repository: vishvasmca-cmd/build_qa_automation
2026-01-18T18:54:08.3559487Z ##[group]Getting Git version info
2026-01-18T18:54:08.3561064Z Working directory is '/home/runner/work/build_qa_automation/build_qa_automation'
2026-01-18T18:54:08.3563335Z [command]/usr/bin/git version
2026-01-18T18:54:08.3628613Z git version 2.52.0
2026-01-18T18:54:08.3657013Z ##[endgroup]
2026-01-18T18:54:08.3679663Z Temporarily overriding HOME='/home/runner/work/_temp/6693a540-0c4e-43f9-9225-fab79b86aa25' before making global git config changes
2026-01-18T18:54:08.3681044Z Adding repository directory to the temporary git global config as a safe directory
2026-01-18T18:54:08.3685180Z [command]/usr/bin/git config --global --add safe.directory /home/runner/work/build_qa_automation/build_qa_automation
2026-01-18T18:54:08.3727019Z Deleting the contents of '/home/runner/work/build_qa_automation/build_qa_automation'
2026-01-18T18:54:08.3730624Z ##[group]Initializing the repository
2026-01-18T18:54:08.3734908Z [command]/usr/bin/git init /home/runner/work/build_qa_automation/build_qa_automation
2026-01-18T18:54:08.3844126Z hint: Using 'master' as the name for the initial branch. This default branch name
2026-01-18T18:54:08.3846397Z hint: will change to "main" in Git 3.0. To configure the initial branch name
2026-01-18T18:54:08.3848574Z hint: to use in all of your new repositories, which will suppress this warning,
2026-01-18T18:54:08.3849803Z hint: call:
2026-01-18T18:54:08.3850244Z hint:
2026-01-18T18:54:08.3851022Z hint: 	git config --global init.defaultBranch <name>
2026-01-18T18:54:08.3851716Z hint:
2026-01-18T18:54:08.3852361Z hint: Names commonly chosen instead of 'master' are 'main', 'trunk' and
2026-01-18T18:54:08.3853467Z hint: 'development'. The just-created branch can be renamed via this command:
2026-01-18T18:54:08.3854609Z hint:
2026-01-18T18:54:08.3855257Z hint: 	git branch -m <name>
2026-01-18T18:54:08.3855785Z hint:
2026-01-18T18:54:08.3856489Z hint: Disable this message with "git config set advice.defaultBranchName false"
2026-01-18T18:54:08.3858196Z Initialized empty Git repository in /home/runner/work/build_qa_automation/build_qa_automation/.git/
2026-01-18T18:54:08.3861338Z [command]/usr/bin/git remote add origin https://github.com/vishvasmca-cmd/build_qa_automation
2026-01-18T18:54:08.3899401Z ##[endgroup]
2026-01-18T18:54:08.3900230Z ##[group]Disabling automatic garbage collection
2026-01-18T18:54:08.3903351Z [command]/usr/bin/git config --local gc.auto 0
2026-01-18T18:54:08.3933868Z ##[endgroup]
2026-01-18T18:54:08.3934571Z ##[group]Setting up auth
2026-01-18T18:54:08.3940945Z [command]/usr/bin/git config --local --name-only --get-regexp core\.sshCommand
2026-01-18T18:54:08.3971967Z [command]/usr/bin/git submodule foreach --recursive sh -c "git config --local --name-only --get-regexp 'core\.sshCommand' && git config --local --unset-all 'core.sshCommand' || :"
2026-01-18T18:54:08.4318337Z [command]/usr/bin/git config --local --name-only --get-regexp http\.https\:\/\/github\.com\/\.extraheader
2026-01-18T18:54:08.4349605Z [command]/usr/bin/git submodule foreach --recursive sh -c "git config --local --name-only --get-regexp 'http\.https\:\/\/github\.com\/\.extraheader' && git config --local --unset-all 'http.https://github.com/.extraheader' || :"
2026-01-18T18:54:08.4578190Z [command]/usr/bin/git config --local --name-only --get-regexp ^includeIf\.gitdir:
2026-01-18T18:54:08.4611029Z [command]/usr/bin/git submodule foreach --recursive git config --local --show-origin --name-only --get-regexp remote.origin.url
2026-01-18T18:54:08.4843153Z [command]/usr/bin/git config --local http.https://github.com/.extraheader AUTHORIZATION: basic ***
2026-01-18T18:54:08.4879783Z ##[endgroup]
2026-01-18T18:54:08.4881105Z ##[group]Fetching the repository
2026-01-18T18:54:08.4889483Z [command]/usr/bin/git -c protocol.version=2 fetch --no-tags --prune --no-recurse-submodules --depth=1 origin +c9fb31d387d3134fb416430b3b3a9e89b3921439:refs/remotes/origin/main
2026-01-18T18:54:09.2525276Z From https://github.com/vishvasmca-cmd/build_qa_automation
2026-01-18T18:54:09.2529116Z  * [new ref]         c9fb31d387d3134fb416430b3b3a9e89b3921439 -> origin/main
2026-01-18T18:54:09.2562572Z ##[endgroup]
2026-01-18T18:54:09.2563957Z ##[group]Determining the checkout info
2026-01-18T18:54:09.2565543Z ##[endgroup]
2026-01-18T18:54:09.2569878Z [command]/usr/bin/git sparse-checkout disable
2026-01-18T18:54:09.2617817Z [command]/usr/bin/git config --local --unset-all extensions.worktreeConfig
2026-01-18T18:54:09.2647174Z ##[group]Checking out the ref
2026-01-18T18:54:09.2651947Z [command]/usr/bin/git checkout --progress --force -B main refs/remotes/origin/main
2026-01-18T18:54:09.3603915Z Switched to a new branch 'main'
2026-01-18T18:54:09.3606190Z branch 'main' set up to track 'origin/main'.
2026-01-18T18:54:09.3622157Z ##[endgroup]
2026-01-18T18:54:09.3662183Z [command]/usr/bin/git log -1 --format=%H
2026-01-18T18:54:09.3685510Z c9fb31d387d3134fb416430b3b3a9e89b3921439
2026-01-18T18:54:09.4032066Z ##[group]Run actions/setup-python@v5
2026-01-18T18:54:09.4033252Z with:
2026-01-18T18:54:09.4034060Z   python-version: 3.11
2026-01-18T18:54:09.4034990Z   cache: pip
2026-01-18T18:54:09.4036121Z   check-latest: false
2026-01-18T18:54:09.4037365Z   token: ***
2026-01-18T18:54:09.4038381Z   update-environment: true
2026-01-18T18:54:09.4039433Z   allow-prereleases: false
2026-01-18T18:54:09.4040453Z   freethreaded: false
2026-01-18T18:54:09.4041358Z ##[endgroup]
2026-01-18T18:54:09.5802172Z ##[group]Installed versions
2026-01-18T18:54:09.7303656Z Successfully set up CPython (3.11.14)
2026-01-18T18:54:09.7306036Z ##[endgroup]
2026-01-18T18:54:09.7881538Z [command]/opt/hostedtoolcache/Python/3.11.14/x64/bin/pip cache dir
2026-01-18T18:54:11.2326246Z /home/runner/.cache/pip
2026-01-18T18:54:11.3572427Z Cache hit for: setup-python-Linux-x64-24.04-Ubuntu-python-3.11.14-pip-dde08d0e0b672972dcda9f1a063036a2e0c226f5d0a20362e9401931676d80a4
2026-01-18T18:54:12.4068434Z Received 205520896 of 254742636 (80.7%), 195.8 MBs/sec
2026-01-18T18:54:12.6270267Z Received 254742636 of 254742636 (100.0%), 199.0 MBs/sec
2026-01-18T18:54:12.6271611Z Cache Size: ~243 MB (254742636 B)
2026-01-18T18:54:12.6312277Z [command]/usr/bin/tar -xf /home/runner/work/_temp/f66022cf-dc0b-4e9e-a247-705b6ab84e9f/cache.tzst -P -C /home/runner/work/build_qa_automation/build_qa_automation --use-compress-program unzstd
2026-01-18T18:54:13.0242701Z Cache restored successfully
2026-01-18T18:54:13.0739120Z Cache restored from key: setup-python-Linux-x64-24.04-Ubuntu-python-3.11.14-pip-dde08d0e0b672972dcda9f1a063036a2e0c226f5d0a20362e9401931676d80a4
2026-01-18T18:54:13.1009613Z ##[group]Run pip install -r requirements.txt
2026-01-18T18:54:13.1010078Z [36;1mpip install -r requirements.txt[0m
2026-01-18T18:54:13.1010376Z [36;1mplaywright install chromium[0m
2026-01-18T18:54:13.1051686Z shell: /usr/bin/bash -e {0}
2026-01-18T18:54:13.1051970Z env:
2026-01-18T18:54:13.1052235Z   pythonLocation: /opt/hostedtoolcache/Python/3.11.14/x64
2026-01-18T18:54:13.1052675Z   PKG_CONFIG_PATH: /opt/hostedtoolcache/Python/3.11.14/x64/lib/pkgconfig
2026-01-18T18:54:13.1053099Z   Python_ROOT_DIR: /opt/hostedtoolcache/Python/3.11.14/x64
2026-01-18T18:54:13.1053479Z   Python2_ROOT_DIR: /opt/hostedtoolcache/Python/3.11.14/x64
2026-01-18T18:54:13.1053874Z   Python3_ROOT_DIR: /opt/hostedtoolcache/Python/3.11.14/x64
2026-01-18T18:54:13.1054252Z   LD_LIBRARY_PATH: /opt/hostedtoolcache/Python/3.11.14/x64/lib
2026-01-18T18:54:13.1054567Z ##[endgroup]
2026-01-18T18:54:14.5259772Z Collecting playwright (from -r requirements.txt (line 1))
2026-01-18T18:54:14.5279635Z   Using cached playwright-1.57.0-py3-none-manylinux1_x86_64.whl.metadata (3.5 kB)
2026-01-18T18:54:14.5468914Z Collecting python-dotenv (from -r requirements.txt (line 2))
2026-01-18T18:54:14.5486545Z   Using cached python_dotenv-1.2.1-py3-none-any.whl.metadata (25 kB)
2026-01-18T18:54:14.5766063Z Collecting requests (from -r requirements.txt (line 3))
2026-01-18T18:54:14.5794694Z   Using cached requests-2.32.5-py3-none-any.whl.metadata (4.9 kB)
2026-01-18T18:54:14.7633026Z Collecting pillow (from -r requirements.txt (line 4))
2026-01-18T18:54:14.7651784Z   Using cached pillow-12.1.0-cp311-cp311-manylinux_2_27_x86_64.manylinux_2_28_x86_64.whl.metadata (8.8 kB)
2026-01-18T18:54:14.7905054Z Collecting google-genai>=0.3.0 (from -r requirements.txt (line 5))
2026-01-18T18:54:14.7922400Z   Using cached google_genai-1.59.0-py3-none-any.whl.metadata (53 kB)
2026-01-18T18:54:14.8074866Z Collecting termcolor (from -r requirements.txt (line 6))
2026-01-18T18:54:14.8090660Z   Using cached termcolor-3.3.0-py3-none-any.whl.metadata (6.5 kB)
2026-01-18T18:54:14.8522283Z Collecting PyYAML (from -r requirements.txt (line 7))
2026-01-18T18:54:14.8540584Z   Using cached pyyaml-6.0.3-cp311-cp311-manylinux2014_x86_64.manylinux_2_17_x86_64.manylinux_2_28_x86_64.whl.metadata (2.4 kB)
2026-01-18T18:54:14.9106141Z Collecting opencv-python-headless (from -r requirements.txt (line 8))
2026-01-18T18:54:14.9123751Z   Using cached opencv_python_headless-4.13.0.90-cp37-abi3-manylinux_2_28_x86_64.whl.metadata (19 kB)
2026-01-18T18:54:15.1245275Z Collecting numpy (from -r requirements.txt (line 9))
2026-01-18T18:54:15.1262592Z   Using cached numpy-2.4.1-cp311-cp311-manylinux_2_27_x86_64.manylinux_2_28_x86_64.whl.metadata (6.6 kB)
2026-01-18T18:54:15.2059661Z Collecting faker (from -r requirements.txt (line 10))
2026-01-18T18:54:15.2076643Z   Using cached faker-40.1.2-py3-none-any.whl.metadata (16 kB)
2026-01-18T18:54:15.2226613Z Collecting pyee<14,>=13 (from playwright->-r requirements.txt (line 1))
2026-01-18T18:54:15.2242711Z   Using cached pyee-13.0.0-py3-none-any.whl.metadata (2.9 kB)
2026-01-18T18:54:15.3436769Z Collecting greenlet<4.0.0,>=3.1.1 (from playwright->-r requirements.txt (line 1))
2026-01-18T18:54:15.3454554Z   Using cached greenlet-3.3.0-cp311-cp311-manylinux_2_24_x86_64.manylinux_2_28_x86_64.whl.metadata (4.1 kB)
2026-01-18T18:54:15.3635204Z Collecting typing-extensions (from pyee<14,>=13->playwright->-r requirements.txt (line 1))
2026-01-18T18:54:15.3651488Z   Using cached typing_extensions-4.15.0-py3-none-any.whl.metadata (3.3 kB)
2026-01-18T18:54:15.4486513Z Collecting charset_normalizer<4,>=2 (from requests->-r requirements.txt (line 3))
2026-01-18T18:54:15.4504275Z   Using cached charset_normalizer-3.4.4-cp311-cp311-manylinux2014_x86_64.manylinux_2_17_x86_64.manylinux_2_28_x86_64.whl.metadata (37 kB)
2026-01-18T18:54:15.4650739Z Collecting idna<4,>=2.5 (from requests->-r requirements.txt (line 3))
2026-01-18T18:54:15.4665881Z   Using cached idna-3.11-py3-none-any.whl.metadata (8.4 kB)
2026-01-18T18:54:15.4933691Z Collecting urllib3<3,>=1.21.1 (from requests->-r requirements.txt (line 3))
2026-01-18T18:54:15.4949794Z   Using cached urllib3-2.6.3-py3-none-any.whl.metadata (6.9 kB)
2026-01-18T18:54:15.5164667Z Collecting certifi>=2017.4.17 (from requests->-r requirements.txt (line 3))
2026-01-18T18:54:15.5180849Z   Using cached certifi-2026.1.4-py3-none-any.whl.metadata (2.5 kB)
2026-01-18T18:54:15.5392493Z Collecting anyio<5.0.0,>=4.8.0 (from google-genai>=0.3.0->-r requirements.txt (line 5))
2026-01-18T18:54:15.5408474Z   Using cached anyio-4.12.1-py3-none-any.whl.metadata (4.3 kB)
2026-01-18T18:54:15.5795583Z Collecting google-auth<3.0.0,>=2.47.0 (from google-auth[requests]<3.0.0,>=2.47.0->google-genai>=0.3.0->-r requirements.txt (line 5))
2026-01-18T18:54:15.5811053Z   Using cached google_auth-2.47.0-py3-none-any.whl.metadata (6.4 kB)
2026-01-18T18:54:15.6098257Z Collecting httpx<1.0.0,>=0.28.1 (from google-genai>=0.3.0->-r requirements.txt (line 5))
2026-01-18T18:54:15.6113183Z   Using cached httpx-0.28.1-py3-none-any.whl.metadata (7.1 kB)
2026-01-18T18:54:15.7639163Z Collecting pydantic<3.0.0,>=2.9.0 (from google-genai>=0.3.0->-r requirements.txt (line 5))
2026-01-18T18:54:15.7655179Z   Using cached pydantic-2.12.5-py3-none-any.whl.metadata (90 kB)
2026-01-18T18:54:15.7906025Z Collecting tenacity<9.2.0,>=8.2.3 (from google-genai>=0.3.0->-r requirements.txt (line 5))
2026-01-18T18:54:15.7920531Z   Using cached tenacity-9.1.2-py3-none-any.whl.metadata (1.2 kB)
2026-01-18T18:54:15.8842836Z Collecting websockets<15.1.0,>=13.0.0 (from google-genai>=0.3.0->-r requirements.txt (line 5))
2026-01-18T18:54:15.8859119Z   Using cached websockets-15.0.1-cp311-cp311-manylinux_2_5_x86_64.manylinux1_x86_64.manylinux_2_17_x86_64.manylinux2014_x86_64.whl.metadata (6.8 kB)
2026-01-18T18:54:15.9011251Z Collecting distro<2,>=1.7.0 (from google-genai>=0.3.0->-r requirements.txt (line 5))
2026-01-18T18:54:15.9026236Z   Using cached distro-1.9.0-py3-none-any.whl.metadata (6.8 kB)
2026-01-18T18:54:15.9120343Z Collecting sniffio (from google-genai>=0.3.0->-r requirements.txt (line 5))
2026-01-18T18:54:15.9134872Z   Using cached sniffio-1.3.1-py3-none-any.whl.metadata (3.9 kB)
2026-01-18T18:54:15.9410599Z Collecting pyasn1-modules>=0.2.1 (from google-auth<3.0.0,>=2.47.0->google-auth[requests]<3.0.0,>=2.47.0->google-genai>=0.3.0->-r requirements.txt (line 5))
2026-01-18T18:54:15.9426123Z   Using cached pyasn1_modules-0.4.2-py3-none-any.whl.metadata (3.5 kB)
2026-01-18T18:54:15.9564468Z Collecting rsa<5,>=3.1.4 (from google-auth<3.0.0,>=2.47.0->google-auth[requests]<3.0.0,>=2.47.0->google-genai>=0.3.0->-r requirements.txt (line 5))
2026-01-18T18:54:15.9579697Z   Using cached rsa-4.9.1-py3-none-any.whl.metadata (5.6 kB)
2026-01-18T18:54:15.9842625Z Collecting httpcore==1.* (from httpx<1.0.0,>=0.28.1->google-genai>=0.3.0->-r requirements.txt (line 5))
2026-01-18T18:54:15.9859752Z   Using cached httpcore-1.0.9-py3-none-any.whl.metadata (21 kB)
2026-01-18T18:54:15.9976092Z Collecting h11>=0.16 (from httpcore==1.*->httpx<1.0.0,>=0.28.1->google-genai>=0.3.0->-r requirements.txt (line 5))
2026-01-18T18:54:15.9990720Z   Using cached h11-0.16.0-py3-none-any.whl.metadata (8.3 kB)
2026-01-18T18:54:16.0098816Z Collecting annotated-types>=0.6.0 (from pydantic<3.0.0,>=2.9.0->google-genai>=0.3.0->-r requirements.txt (line 5))
2026-01-18T18:54:16.0112596Z   Using cached annotated_types-0.7.0-py3-none-any.whl.metadata (15 kB)
2026-01-18T18:54:16.6805135Z Collecting pydantic-core==2.41.5 (from pydantic<3.0.0,>=2.9.0->google-genai>=0.3.0->-r requirements.txt (line 5))
2026-01-18T18:54:16.6822373Z   Using cached pydantic_core-2.41.5-cp311-cp311-manylinux_2_17_x86_64.manylinux2014_x86_64.whl.metadata (7.3 kB)
2026-01-18T18:54:16.6947120Z Collecting typing-inspection>=0.4.2 (from pydantic<3.0.0,>=2.9.0->google-genai>=0.3.0->-r requirements.txt (line 5))
2026-01-18T18:54:16.6961997Z   Using cached typing_inspection-0.4.2-py3-none-any.whl.metadata (2.6 kB)
2026-01-18T18:54:16.7832220Z Collecting pyasn1>=0.1.3 (from rsa<5,>=3.1.4->google-auth<3.0.0,>=2.47.0->google-auth[requests]<3.0.0,>=2.47.0->google-genai>=0.3.0->-r requirements.txt (line 5))
2026-01-18T18:54:16.7849601Z   Using cached pyasn1-0.6.2-py3-none-any.whl.metadata (8.4 kB)
2026-01-18T18:54:16.8134830Z Using cached playwright-1.57.0-py3-none-manylinux1_x86_64.whl (46.0 MB)
2026-01-18T18:54:16.8506951Z Using cached greenlet-3.3.0-cp311-cp311-manylinux_2_24_x86_64.manylinux_2_28_x86_64.whl (590 kB)
2026-01-18T18:54:16.8524143Z Using cached pyee-13.0.0-py3-none-any.whl (15 kB)
2026-01-18T18:54:16.8537368Z Using cached python_dotenv-1.2.1-py3-none-any.whl (21 kB)
2026-01-18T18:54:16.8550883Z Using cached requests-2.32.5-py3-none-any.whl (64 kB)
2026-01-18T18:54:16.8564798Z Using cached charset_normalizer-3.4.4-cp311-cp311-manylinux2014_x86_64.manylinux_2_17_x86_64.manylinux_2_28_x86_64.whl (151 kB)
2026-01-18T18:54:16.8578463Z Using cached idna-3.11-py3-none-any.whl (71 kB)
2026-01-18T18:54:16.8591913Z Using cached urllib3-2.6.3-py3-none-any.whl (131 kB)
2026-01-18T18:54:16.8606382Z Using cached pillow-12.1.0-cp311-cp311-manylinux_2_27_x86_64.manylinux_2_28_x86_64.whl (7.0 MB)
2026-01-18T18:54:16.8673652Z Using cached google_genai-1.59.0-py3-none-any.whl (719 kB)
2026-01-18T18:54:16.8691878Z Using cached anyio-4.12.1-py3-none-any.whl (113 kB)
2026-01-18T18:54:16.8705547Z Using cached distro-1.9.0-py3-none-any.whl (20 kB)
2026-01-18T18:54:16.8718531Z Using cached google_auth-2.47.0-py3-none-any.whl (234 kB)
2026-01-18T18:54:16.8733053Z Using cached httpx-0.28.1-py3-none-any.whl (73 kB)
2026-01-18T18:54:16.8746237Z Using cached httpcore-1.0.9-py3-none-any.whl (78 kB)
2026-01-18T18:54:16.8759870Z Using cached pydantic-2.12.5-py3-none-any.whl (463 kB)
2026-01-18T18:54:16.8776865Z Using cached pydantic_core-2.41.5-cp311-cp311-manylinux_2_17_x86_64.manylinux2014_x86_64.whl (2.1 MB)
2026-01-18T18:54:16.8805263Z Using cached rsa-4.9.1-py3-none-any.whl (34 kB)
2026-01-18T18:54:16.8818701Z Using cached tenacity-9.1.2-py3-none-any.whl (28 kB)
2026-01-18T18:54:16.8831182Z Using cached typing_extensions-4.15.0-py3-none-any.whl (44 kB)
2026-01-18T18:54:16.8844791Z Using cached websockets-15.0.1-cp311-cp311-manylinux_2_5_x86_64.manylinux1_x86_64.manylinux_2_17_x86_64.manylinux2014_x86_64.whl (182 kB)
2026-01-18T18:54:16.8857777Z Using cached termcolor-3.3.0-py3-none-any.whl (7.7 kB)
2026-01-18T18:54:16.8871036Z Using cached pyyaml-6.0.3-cp311-cp311-manylinux2014_x86_64.manylinux_2_17_x86_64.manylinux_2_28_x86_64.whl (806 kB)
2026-01-18T18:54:16.8889653Z Using cached opencv_python_headless-4.13.0.90-cp37-abi3-manylinux_2_28_x86_64.whl (62.5 MB)
2026-01-18T18:54:16.9387505Z Using cached numpy-2.4.1-cp311-cp311-manylinux_2_27_x86_64.manylinux_2_28_x86_64.whl (16.7 MB)
2026-01-18T18:54:16.9530893Z Using cached faker-40.1.2-py3-none-any.whl (2.0 MB)
2026-01-18T18:54:16.9558534Z Using cached annotated_types-0.7.0-py3-none-any.whl (13 kB)
2026-01-18T18:54:16.9571965Z Using cached certifi-2026.1.4-py3-none-any.whl (152 kB)
2026-01-18T18:54:16.9585508Z Using cached h11-0.16.0-py3-none-any.whl (37 kB)
2026-01-18T18:54:16.9598691Z Using cached pyasn1-0.6.2-py3-none-any.whl (83 kB)
2026-01-18T18:54:16.9611201Z Using cached pyasn1_modules-0.4.2-py3-none-any.whl (181 kB)
2026-01-18T18:54:16.9624867Z Using cached typing_inspection-0.4.2-py3-none-any.whl (14 kB)
2026-01-18T18:54:16.9637244Z Using cached sniffio-1.3.1-py3-none-any.whl (10 kB)
2026-01-18T18:54:17.1910727Z Installing collected packages: websockets, urllib3, typing-extensions, termcolor, tenacity, sniffio, PyYAML, python-dotenv, pyasn1, pillow, numpy, idna, h11, greenlet, faker, distro, charset_normalizer, certifi, annotated-types, typing-inspection, rsa, requests, pyee, pydantic-core, pyasn1-modules, opencv-python-headless, httpcore, anyio, pydantic, playwright, httpx, google-auth, google-genai
2026-01-18T18:54:24.2841400Z 
2026-01-18T18:54:24.2866420Z Successfully installed PyYAML-6.0.3 annotated-types-0.7.0 anyio-4.12.1 certifi-2026.1.4 charset_normalizer-3.4.4 distro-1.9.0 faker-40.1.2 google-auth-2.47.0 google-genai-1.59.0 greenlet-3.3.0 h11-0.16.0 httpcore-1.0.9 httpx-0.28.1 idna-3.11 numpy-2.4.1 opencv-python-headless-4.13.0.90 pillow-12.1.0 playwright-1.57.0 pyasn1-0.6.2 pyasn1-modules-0.4.2 pydantic-2.12.5 pydantic-core-2.41.5 pyee-13.0.0 python-dotenv-1.2.1 requests-2.32.5 rsa-4.9.1 sniffio-1.3.1 tenacity-9.1.2 termcolor-3.3.0 typing-extensions-4.15.0 typing-inspection-0.4.2 urllib3-2.6.3 websockets-15.0.1
2026-01-18T18:54:25.0655127Z Downloading Chromium 143.0.7499.4 (playwright build v1200) from https://cdn.playwright.dev/dbazure/download/playwright/builds/chromium/1200/chromium-linux.zip
2026-01-18T18:54:25.1658826Z (node:2185) [DEP0169] DeprecationWarning: `url.parse()` behavior is not standardized and prone to errors that have security implications. Use the WHATWG URL API instead. CVEs are not issued for `url.parse()` vulnerabilities.
2026-01-18T18:54:25.1660437Z (Use `node --trace-deprecation ...` to show where the warning was created)
2026-01-18T18:54:25.2401979Z |                                                                                |   0% of 164.7 MiB
2026-01-18T18:54:25.3703706Z |■■■■■■■■                                                                        |  10% of 164.7 MiB
2026-01-18T18:54:25.4702815Z |■■■■■■■■■■■■■■■■                                                                |  20% of 164.7 MiB
2026-01-18T18:54:25.5526083Z |■■■■■■■■■■■■■■■■■■■■■■■■                                                        |  30% of 164.7 MiB
2026-01-18T18:54:25.6325657Z |■■■■■■■■■■■■■■■■■■■■■■■■■■■■■■■■                                                |  40% of 164.7 MiB
2026-01-18T18:54:25.7103385Z |■■■■■■■■■■■■■■■■■■■■■■■■■■■■■■■■■■■■■■■■                                        |  50% of 164.7 MiB
2026-01-18T18:54:25.8165765Z |■■■■■■■■■■■■■■■■■■■■■■■■■■■■■■■■■■■■■■■■■■■■■■■■                                |  60% of 164.7 MiB
2026-01-18T18:54:25.9355156Z |■■■■■■■■■■■■■■■■■■■■■■■■■■■■■■■■■■■■■■■■■■■■■■■■■■■■■■■■                        |  70% of 164.7 MiB
2026-01-18T18:54:26.0259680Z |■■■■■■■■■■■■■■■■■■■■■■■■■■■■■■■■■■■■■■■■■■■■■■■■■■■■■■■■■■■■■■■■                |  80% of 164.7 MiB
2026-01-18T18:54:26.1012055Z |■■■■■■■■■■■■■■■■■■■■■■■■■■■■■■■■■■■■■■■■■■■■■■■■■■■■■■■■■■■■■■■■■■■■■■■■        |  90% of 164.7 MiB
2026-01-18T18:54:26.1811234Z |■■■■■■■■■■■■■■■■■■■■■■■■■■■■■■■■■■■■■■■■■■■■■■■■■■■■■■■■■■■■■■■■■■■■■■■■■■■■■■■■| 100% of 164.7 MiB
2026-01-18T18:54:28.5993729Z Chromium 143.0.7499.4 (playwright build v1200) downloaded to /home/runner/.cache/ms-playwright/chromium-1200
2026-01-18T18:54:28.5998847Z Downloading FFMPEG playwright build v1011 from https://cdn.playwright.dev/dbazure/download/playwright/builds/ffmpeg/1011/ffmpeg-linux.zip
2026-01-18T18:54:28.7008013Z (node:2196) [DEP0169] DeprecationWarning: `url.parse()` behavior is not standardized and prone to errors that have security implications. Use the WHATWG URL API instead. CVEs are not issued for `url.parse()` vulnerabilities.
2026-01-18T18:54:28.7010235Z (Use `node --trace-deprecation ...` to show where the warning was created)
2026-01-18T18:54:28.7592699Z |                                                                                |   0% of 2.3 MiB
2026-01-18T18:54:28.7653385Z |■■■■■■■■                                                                        |  10% of 2.3 MiB
2026-01-18T18:54:28.7694704Z |■■■■■■■■■■■■■■■■                                                                |  20% of 2.3 MiB
2026-01-18T18:54:28.7711229Z |■■■■■■■■■■■■■■■■■■■■■■■■                                                        |  30% of 2.3 MiB
2026-01-18T18:54:28.7742920Z |■■■■■■■■■■■■■■■■■■■■■■■■■■■■■■■■                                                |  40% of 2.3 MiB
2026-01-18T18:54:28.7755604Z |■■■■■■■■■■■■■■■■■■■■■■■■■■■■■■■■■■■■■■■■                                        |  50% of 2.3 MiB
2026-01-18T18:54:28.7774345Z |■■■■■■■■■■■■■■■■■■■■■■■■■■■■■■■■■■■■■■■■■■■■■■■■                                |  60% of 2.3 MiB
2026-01-18T18:54:28.7790479Z |■■■■■■■■■■■■■■■■■■■■■■■■■■■■■■■■■■■■■■■■■■■■■■■■■■■■■■■■                        |  70% of 2.3 MiB
2026-01-18T18:54:28.7806450Z |■■■■■■■■■■■■■■■■■■■■■■■■■■■■■■■■■■■■■■■■■■■■■■■■■■■■■■■■■■■■■■■■                |  80% of 2.3 MiB
2026-01-18T18:54:28.7822311Z |■■■■■■■■■■■■■■■■■■■■■■■■■■■■■■■■■■■■■■■■■■■■■■■■■■■■■■■■■■■■■■■■■■■■■■■■        |  90% of 2.3 MiB
2026-01-18T18:54:28.7835871Z |■■■■■■■■■■■■■■■■■■■■■■■■■■■■■■■■■■■■■■■■■■■■■■■■■■■■■■■■■■■■■■■■■■■■■■■■■■■■■■■■| 100% of 2.3 MiB
2026-01-18T18:54:28.8382893Z FFMPEG playwright build v1011 downloaded to /home/runner/.cache/ms-playwright/ffmpeg-1011
2026-01-18T18:54:28.8386933Z Downloading Chromium Headless Shell 143.0.7499.4 (playwright build v1200) from https://cdn.playwright.dev/dbazure/download/playwright/builds/chromium/1200/chromium-headless-shell-linux.zip
2026-01-18T18:54:28.9378846Z (node:2207) [DEP0169] DeprecationWarning: `url.parse()` behavior is not standardized and prone to errors that have security implications. Use the WHATWG URL API instead. CVEs are not issued for `url.parse()` vulnerabilities.
2026-01-18T18:54:28.9380281Z (Use `node --trace-deprecation ...` to show where the warning was created)
2026-01-18T18:54:29.0000219Z |                                                                                |   0% of 109.7 MiB
2026-01-18T18:54:29.0961629Z |■■■■■■■■                                                                        |  10% of 109.7 MiB
2026-01-18T18:54:29.1581382Z |■■■■■■■■■■■■■■■■                                                                |  20% of 109.7 MiB
2026-01-18T18:54:29.2019594Z |■■■■■■■■■■■■■■■■■■■■■■■■                                                        |  30% of 109.7 MiB
2026-01-18T18:54:29.2482738Z |■■■■■■■■■■■■■■■■■■■■■■■■■■■■■■■■                                                |  40% of 109.7 MiB
2026-01-18T18:54:29.3068412Z |■■■■■■■■■■■■■■■■■■■■■■■■■■■■■■■■■■■■■■■■                                        |  50% of 109.7 MiB
2026-01-18T18:54:29.3535725Z |■■■■■■■■■■■■■■■■■■■■■■■■■■■■■■■■■■■■■■■■■■■■■■■■                                |  60% of 109.7 MiB
2026-01-18T18:54:29.4043196Z |■■■■■■■■■■■■■■■■■■■■■■■■■■■■■■■■■■■■■■■■■■■■■■■■■■■■■■■■                        |  70% of 109.7 MiB
2026-01-18T18:54:29.4453515Z |■■■■■■■■■■■■■■■■■■■■■■■■■■■■■■■■■■■■■■■■■■■■■■■■■■■■■■■■■■■■■■■■                |  80% of 109.7 MiB
2026-01-18T18:54:29.4837943Z |■■■■■■■■■■■■■■■■■■■■■■■■■■■■■■■■■■■■■■■■■■■■■■■■■■■■■■■■■■■■■■■■■■■■■■■■        |  90% of 109.7 MiB
2026-01-18T18:54:29.5249130Z |■■■■■■■■■■■■■■■■■■■■■■■■■■■■■■■■■■■■■■■■■■■■■■■■■■■■■■■■■■■■■■■■■■■■■■■■■■■■■■■■| 100% of 109.7 MiB
2026-01-18T18:54:31.3570555Z Chromium Headless Shell 143.0.7499.4 (playwright build v1200) downloaded to /home/runner/.cache/ms-playwright/chromium_headless_shell-1200
2026-01-18T18:54:31.3805026Z ##[group]Run mkdir -p projects/ci_demoqa_practice
2026-01-18T18:54:31.3805464Z [36;1mmkdir -p projects/ci_demoqa_practice[0m
2026-01-18T18:54:31.3805884Z [36;1mcat > projects/ci_demoqa_practice/config.json << 'EOF'[0m
2026-01-18T18:54:31.3806216Z [36;1m{[0m
2026-01-18T18:54:31.3806436Z [36;1m  "project_name": "ci_demoqa_practice",[0m
2026-01-18T18:54:31.3806764Z [36;1m  "target_url": "https://demoqa.com/",[0m
2026-01-18T18:54:31.3807078Z [36;1m  "goal": "Test various form elements",[0m
2026-01-18T18:54:31.3807360Z [36;1m  "headless": true[0m
2026-01-18T18:54:31.3807581Z [36;1m}[0m
2026-01-18T18:54:31.3807949Z [36;1mEOF[0m
2026-01-18T18:54:31.3840536Z shell: /usr/bin/bash -e {0}
2026-01-18T18:54:31.3840789Z env:
2026-01-18T18:54:31.3841060Z   pythonLocation: /opt/hostedtoolcache/Python/3.11.14/x64
2026-01-18T18:54:31.3841522Z   PKG_CONFIG_PATH: /opt/hostedtoolcache/Python/3.11.14/x64/lib/pkgconfig
2026-01-18T18:54:31.3842012Z   Python_ROOT_DIR: /opt/hostedtoolcache/Python/3.11.14/x64
2026-01-18T18:54:31.3842400Z   Python2_ROOT_DIR: /opt/hostedtoolcache/Python/3.11.14/x64
2026-01-18T18:54:31.3842796Z   Python3_ROOT_DIR: /opt/hostedtoolcache/Python/3.11.14/x64
2026-01-18T18:54:31.3843184Z   LD_LIBRARY_PATH: /opt/hostedtoolcache/Python/3.11.14/x64/lib
2026-01-18T18:54:31.3843511Z ##[endgroup]
2026-01-18T18:54:31.3956842Z ##[group]Run # Use --deep for comprehensive regression suite
2026-01-18T18:54:31.3957361Z [36;1m# Use --deep for comprehensive regression suite[0m
2026-01-18T18:54:31.3958199Z [36;1mpython orchestrator.py --project projects/ci_demoqa_practice --deep --force[0m
2026-01-18T18:54:31.3990694Z shell: /usr/bin/bash -e {0}
2026-01-18T18:54:31.3990934Z env:
2026-01-18T18:54:31.3991191Z   pythonLocation: /opt/hostedtoolcache/Python/3.11.14/x64
2026-01-18T18:54:31.3991623Z   PKG_CONFIG_PATH: /opt/hostedtoolcache/Python/3.11.14/x64/lib/pkgconfig
2026-01-18T18:54:31.3992045Z   Python_ROOT_DIR: /opt/hostedtoolcache/Python/3.11.14/x64
2026-01-18T18:54:31.3992407Z   Python2_ROOT_DIR: /opt/hostedtoolcache/Python/3.11.14/x64
2026-01-18T18:54:31.3992785Z   Python3_ROOT_DIR: /opt/hostedtoolcache/Python/3.11.14/x64
2026-01-18T18:54:31.3993394Z   LD_LIBRARY_PATH: /opt/hostedtoolcache/Python/3.11.14/x64/lib
2026-01-18T18:54:31.3993906Z   GOOGLE_API_KEY: ***
2026-01-18T18:54:31.3994149Z   PYTHONPATH: .
2026-01-18T18:54:31.3994332Z ##[endgroup]
2026-01-18T18:54:33.1789207Z usage: discovery.py [-h] --project PROJECT --url URL
2026-01-18T18:54:33.1790153Z discovery.py: error: unrecognized arguments: --deep
2026-01-18T18:54:43.6242249Z 
2026-01-18T18:54:43.6242998Z [PLAN] PLANNER: Planning goal -> 'Test various form elements' (Deep Mode: True)
2026-01-18T18:54:43.6245057Z 🎭 [EXPERT] Detected Domain: GENERAL. Persona: Act as Senior SDET focusing on exploring the application to understand functional flow and identifying critical paths for end-to-end automation
2026-01-18T18:54:43.6246545Z [DEBUG] Sending request to gemini-2.0-flash. Number of parts: 1
2026-01-18T18:54:43.6247123Z [DEBUG] Received response (Length: 6164)
2026-01-18T18:54:43.6247904Z ✅ Planner generated 4 scenarios. Workflow updated.
2026-01-18T18:54:44.7460306Z 
2026-01-18T18:54:44.7461266Z 🕵️ [DEEP EXPLORER] Starting Multi-Scenario Exploration
2026-01-18T18:54:44.7463711Z 📋 Found 4 scenarios to explore.
2026-01-18T18:54:47.4768519Z 
2026-01-18T18:54:47.4769247Z [1/4] Exploring Scenario: Form Elements - Text Box
2026-01-18T18:54:47.4770065Z     🧠 Initialized exploration context for goal: 'Test various form elements'
2026-01-18T18:54:47.4770538Z   ▶️ [STEP step_1] NAVIGATE: 
2026-01-18T18:54:49.1403064Z     ✅ Navigated to https://demoqa.com/
2026-01-18T18:54:49.1404087Z   ▶️ [STEP step_2] CLICK: Elements
2026-01-18T18:54:49.2250325Z     🔍 Mining locators for: 'Elements'
2026-01-18T18:54:49.4535972Z     ✅ Found 1 verified locators
2026-01-18T18:54:53.0339453Z     ✅ State transitioned.
2026-01-18T18:54:54.4881475Z [DEBUG] Sending request to gemini-2.0-flash. Number of parts: 2
2026-01-18T18:54:54.4882447Z [DEBUG] Received response (Length: 248)
2026-01-18T18:54:54.4883610Z     🤖 AI Next Step Suggestion: click -> Forms
2026-01-18T18:54:54.4884981Z     🧩 Suggested Locator: div:nth-of-type(2) > div > div > div:nth-of-type(1) > div > h5
2026-01-18T18:54:54.4887060Z     💭 Reasoning: The goal is to test various form elements. Clicking on 'Forms' will navigate to a page with form elements.
2026-01-18T18:54:54.4888944Z     ➕ Injected AI step: click -> Forms
2026-01-18T18:54:54.4889730Z   ▶️ [STEP step_2_ai_1] CLICK: Forms
2026-01-18T18:54:54.4960244Z     🎯 Using AI-provided locator: div:nth-of-type(2) > div > div > div:nth-of-type(1) > div > h5
2026-01-18T18:54:54.5044150Z     ✅ Found 1 verified locators
2026-01-18T18:54:58.5599034Z     ✅ State transitioned.
2026-01-18T18:54:58.5637042Z     🔄 Revisited state detected (count: 1)
2026-01-18T18:55:00.3058327Z [DEBUG] Sending request to gemini-2.0-flash. Number of parts: 2
2026-01-18T18:55:00.3059198Z [DEBUG] Received response (Length: 336)
2026-01-18T18:55:00.3060265Z     🤖 AI Next Step Suggestion: click -> Forms
2026-01-18T18:55:00.3061467Z     🧩 Suggested Locator: div:nth-of-type(2) > div > div > div:nth-of-type(2) > div > ul > li
2026-01-18T18:55:00.3063983Z     💭 Reasoning: The goal is to test various form elements. After clicking on 'Forms' on the main page, the next logical step is to click on the 'Forms' option within the menu to navigate to the forms page.
2026-01-18T18:55:00.3065377Z     ⚠️ Skipping duplicate AI suggestion (just executed): ('click', 'forms')
2026-01-18T18:55:00.3065989Z   ▶️ [STEP step_3] ASSERT_VISIBLE: Text Box
2026-01-18T18:55:00.3123621Z     🔍 Mining locators for: 'Text Box'
2026-01-18T18:55:00.3576898Z     🧠 Consulting AI (Vision-First) to find 'Text Box'...
2026-01-18T18:55:00.3578706Z     🧠 [EXPERT] Strategy: Act as Senior SDET focusing on exploring the application to understand functional flow and identifying critical paths for end-to-end automation.
2026-01-18T18:55:05.1545426Z [DEBUG] Sending request to gemini-2.0-flash. Number of parts: 2
2026-01-18T18:55:05.1545880Z [DEBUG] Received response (Length: 227)
2026-01-18T18:55:05.1546764Z     💡 Expert Suggestion: Clicking 'JOIN NOW' might lead to a registration or contact form containing text boxes.
2026-01-18T18:55:05.1548045Z     🛠️ Executing corrective action: click -> 'JOIN NOW'
2026-01-18T18:55:05.2081034Z     🔄 Retry 1/3 mining locators for 'Text Box'...
2026-01-18T18:55:06.2467869Z     🧠 Consulting AI (Vision-First) to find 'Text Box'...
2026-01-18T18:55:06.2469267Z     🧠 [EXPERT] Strategy: Act as Senior SDET focusing on exploring the application to understand functional flow and identifying critical paths for end-to-end automation.
2026-01-18T18:55:06.2473761Z [CACHE HIT] 03642a43... (hits: 1, misses: 3)
2026-01-18T18:55:06.2474388Z     ⚠️ Skipping duplicate injection: JOIN NOW
2026-01-18T18:55:06.2474975Z     🔄 Retry 2/3 mining locators for 'Text Box'...
2026-01-18T18:55:07.2898920Z     🧠 Consulting AI (Vision-First) to find 'Text Box'...
2026-01-18T18:55:07.2900226Z     🧠 [EXPERT] Strategy: Act as Senior SDET focusing on exploring the application to understand functional flow and identifying critical paths for end-to-end automation.
2026-01-18T18:55:07.2905302Z [CACHE HIT] 03642a43... (hits: 2, misses: 3)
2026-01-18T18:55:07.2906193Z     ⚠️ Skipping duplicate injection: JOIN NOW
2026-01-18T18:55:07.2907326Z     🧠 Verifying step validity for 'Text Box' after no candidates found...
2026-01-18T18:55:09.8861342Z [DEBUG] Sending request to gemini-2.0-flash. Number of parts: 2
2026-01-18T18:55:09.8862176Z [DEBUG] Received response (Length: 260)
2026-01-18T18:55:09.8864140Z     🗑️ Step deemed INVALID: The current page (https://demoqa.com/) appears to be the landing page for ToolsQA's Selenium Certification Training, not the page containing the 'Text Box' element. Therefore, the step is not valid.. Removing from workflow.
2026-01-18T18:55:09.8865720Z     ⏭️ Skipping execution of invalid step: Text Box
2026-01-18T18:55:09.8866185Z   ▶️ [STEP step_4] CLICK: Text Box
2026-01-18T18:55:09.8930010Z     🔍 Mining locators for: 'Text Box'
2026-01-18T18:55:09.9304923Z     🧠 Consulting AI (Vision-First) to find 'Text Box'...
2026-01-18T18:55:09.9306260Z     🧠 [EXPERT] Strategy: Act as Senior SDET focusing on exploring the application to understand functional flow and identifying critical paths for end-to-end automation.
2026-01-18T18:55:09.9310820Z [CACHE HIT] 03642a43... (hits: 3, misses: 4)
2026-01-18T18:55:09.9311991Z     💡 Expert Suggestion: Clicking 'JOIN NOW' might lead to a registration or contact form containing text boxes.
2026-01-18T18:55:09.9313185Z     🛠️ Executing corrective action: click -> 'JOIN NOW'
2026-01-18T18:55:09.9903184Z     🔄 Retry 1/3 mining locators for 'Text Box'...
2026-01-18T18:55:11.0323212Z     🧠 Consulting AI (Vision-First) to find 'Text Box'...
2026-01-18T18:55:11.0324350Z     🧠 [EXPERT] Strategy: Act as Senior SDET focusing on exploring the application to understand functional flow and identifying critical paths for end-to-end automation.
2026-01-18T18:55:11.0328864Z [CACHE HIT] 03642a43... (hits: 4, misses: 4)
2026-01-18T18:55:11.0329475Z     ⚠️ Skipping duplicate injection: JOIN NOW
2026-01-18T18:55:11.0330003Z     🔄 Retry 2/3 mining locators for 'Text Box'...
2026-01-18T18:55:12.0748434Z     🧠 Consulting AI (Vision-First) to find 'Text Box'...
2026-01-18T18:55:12.0750556Z     🧠 [EXPERT] Strategy: Act as Senior SDET focusing on exploring the application to understand functional flow and identifying critical paths for end-to-end automation.
2026-01-18T18:55:12.0755231Z [CACHE HIT] 03642a43... (hits: 5, misses: 4)
2026-01-18T18:55:12.0755923Z     ⚠️ Skipping duplicate injection: JOIN NOW
2026-01-18T18:55:12.0756879Z     🧠 Verifying step validity for 'Text Box' after no candidates found...
2026-01-18T18:55:12.0761328Z [CACHE HIT] 4e3deca9... (hits: 6, misses: 4)
2026-01-18T18:55:12.0762994Z     🗑️ Step deemed INVALID: The current page (https://demoqa.com/) appears to be the landing page for ToolsQA's Selenium Certification Training, not the page containing the 'Text Box' element. Therefore, the step is not valid.. Removing from workflow.
2026-01-18T18:55:12.0764235Z     ⏭️ Skipping execution of invalid step: Text Box
2026-01-18T18:55:12.0764947Z   ▶️ [STEP step_5] ASSERT_URL: 
2026-01-18T18:55:17.0918166Z     ⚠️ Scroll into view failed for text=None. Proceeding anyway.
2026-01-18T18:55:19.0940889Z     ✅ State transitioned.
2026-01-18T18:55:19.0980008Z     🔄 Revisited state detected (count: 2)
2026-01-18T18:55:20.5188365Z [DEBUG] Sending request to gemini-2.0-flash. Number of parts: 2
2026-01-18T18:55:20.5189373Z [DEBUG] Received response (Length: 259)
2026-01-18T18:55:20.5190483Z     🤖 AI Next Step Suggestion: click -> Forms
2026-01-18T18:55:20.5192580Z     💭 Reasoning: The goal is to test various form elements. After clicking 'Elements' and then 'Forms', we need to navigate to the Forms page to interact with the form elements.
2026-01-18T18:55:20.5194028Z ⚠️ Loop detected: same AI suggestion repeated 3 times. Moving to next step.
2026-01-18T18:55:20.5194704Z   ▶️ [STEP step_6] FILL: Full Name
2026-01-18T18:55:20.5252741Z     🔍 Mining locators for: 'Full Name'
2026-01-18T18:55:20.5630652Z     🧠 Consulting AI (Vision-First) to find 'Full Name'...
2026-01-18T18:55:20.5632059Z     🧠 [EXPERT] Strategy: Act as Senior SDET focusing on exploring the application to understand functional flow and identifying critical paths for end-to-end automation.
2026-01-18T18:55:25.6090852Z [DEBUG] Sending request to gemini-2.0-flash. Number of parts: 2
2026-01-18T18:55:25.6091353Z [DEBUG] Received response (Length: 225)
2026-01-18T18:55:25.6092290Z     💡 Expert Suggestion: Clicking 'JOIN NOW' might lead to a registration form where 'Full Name' is requested.
2026-01-18T18:55:25.6093026Z     🛠️ Executing corrective action: click -> 'JOIN NOW'
2026-01-18T18:55:25.6563475Z     🔄 Retry 1/3 mining locators for 'Full Name'...
2026-01-18T18:55:26.6964352Z     🧠 Consulting AI (Vision-First) to find 'Full Name'...
2026-01-18T18:55:26.6965909Z     🧠 [EXPERT] Strategy: Act as Senior SDET focusing on exploring the application to understand functional flow and identifying critical paths for end-to-end automation.
2026-01-18T18:55:26.6971290Z [CACHE HIT] 2f7beb2e... (hits: 7, misses: 6)
2026-01-18T18:55:26.6971800Z     ⚠️ Skipping duplicate injection: JOIN NOW
2026-01-18T18:55:26.6972221Z     🔄 Retry 2/3 mining locators for 'Full Name'...
2026-01-18T18:55:27.7395190Z     🧠 Consulting AI (Vision-First) to find 'Full Name'...
2026-01-18T18:55:27.7397263Z     🧠 [EXPERT] Strategy: Act as Senior SDET focusing on exploring the application to understand functional flow and identifying critical paths for end-to-end automation.
2026-01-18T18:55:27.7402929Z [CACHE HIT] 2f7beb2e... (hits: 8, misses: 6)
2026-01-18T18:55:27.7403595Z     ⚠️ Skipping duplicate injection: JOIN NOW
2026-01-18T18:55:27.7404844Z     🧠 Verifying step validity for 'Full Name' after no candidates found...
2026-01-18T18:55:30.4433061Z [DEBUG] Sending request to gemini-2.0-flash. Number of parts: 2
2026-01-18T18:55:30.4433574Z [DEBUG] Received response (Length: 245)
2026-01-18T18:55:30.4435581Z     🗑️ Step deemed INVALID: The current page (https://demoqa.com/) as depicted in the screenshot does not contain a "Full Name" field. The page appears to be a landing page for Selenium Certification Training.. Removing from workflow.
2026-01-18T18:55:30.4438151Z     ⏭️ Skipping execution of invalid step: Full Name
2026-01-18T18:55:30.4438665Z   ▶️ [STEP step_7] FILL: Email
2026-01-18T18:55:30.4498176Z     🔍 Mining locators for: 'Email'
2026-01-18T18:55:30.4894280Z     🧠 Consulting AI (Vision-First) to find 'Email'...
2026-01-18T18:55:30.4896075Z     🧠 [EXPERT] Strategy: Act as Senior SDET focusing on exploring the application to understand functional flow and identifying critical paths for end-to-end automation.
2026-01-18T18:55:35.3954165Z [DEBUG] Sending request to gemini-2.0-flash. Number of parts: 2
2026-01-18T18:55:35.3955196Z [DEBUG] Received response (Length: 249)
2026-01-18T18:55:35.3957465Z     💡 Expert Suggestion: Clicking 'JOIN NOW' will likely lead to a registration or contact form where an email field would be present.
2026-01-18T18:55:35.3959768Z     🛠️ Executing corrective action: click -> 'JOIN NOW'
2026-01-18T18:55:35.4405333Z     🔄 Retry 1/3 mining locators for 'Email'...
2026-01-18T18:55:36.5388476Z     🧠 Consulting AI (Vision-First) to find 'Email'...
2026-01-18T18:55:36.5389796Z     🧠 [EXPERT] Strategy: Act as Senior SDET focusing on exploring the application to understand functional flow and identifying critical paths for end-to-end automation.
2026-01-18T18:55:36.5393784Z [CACHE HIT] 3456bba8... (hits: 9, misses: 8)
2026-01-18T18:55:36.5394298Z     ⚠️ Skipping duplicate injection: JOIN NOW
2026-01-18T18:55:36.5394673Z     🔄 Retry 2/3 mining locators for 'Email'...
2026-01-18T18:55:37.5795064Z     🧠 Consulting AI (Vision-First) to find 'Email'...
2026-01-18T18:55:37.5796395Z     🧠 [EXPERT] Strategy: Act as Senior SDET focusing on exploring the application to understand functional flow and identifying critical paths for end-to-end automation.
2026-01-18T18:55:37.5801980Z [CACHE HIT] 3456bba8... (hits: 10, misses: 8)
2026-01-18T18:55:37.5802523Z     ⚠️ Skipping duplicate injection: JOIN NOW
2026-01-18T18:55:37.5803323Z     🧠 Verifying step validity for 'Email' after no candidates found...
2026-01-18T18:55:40.4284735Z [DEBUG] Sending request to gemini-2.0-flash. Number of parts: 2
2026-01-18T18:55:40.4285480Z [DEBUG] Received response (Length: 347)
2026-01-18T18:55:40.4289216Z     🗑️ Step deemed INVALID: The current page (https://demoqa.com/) as depicted in the screenshot does not contain an 'Email' field. It shows the ToolsQA landing page with information about Selenium Certification Training. Therefore, attempting to locate and interact with 'Email' on this page is not a valid step.. Removing from workflow.
2026-01-18T18:55:40.4291771Z     ⏭️ Skipping execution of invalid step: Email
2026-01-18T18:55:40.4292303Z   ▶️ [STEP step_8] FILL: Current Address
2026-01-18T18:55:40.4348087Z     🔍 Mining locators for: 'Current Address'
2026-01-18T18:55:40.4721310Z     🧠 Consulting AI (Vision-First) to find 'Current Address'...
2026-01-18T18:55:40.4723582Z     🧠 [EXPERT] Strategy: Act as Senior SDET focusing on exploring the application to understand functional flow and identifying critical paths for end-to-end automation.
2026-01-18T18:55:45.4938667Z [DEBUG] Sending request to gemini-2.0-flash. Number of parts: 2
2026-01-18T18:55:45.4939640Z [DEBUG] Received response (Length: 298)
2026-01-18T18:55:45.4942293Z     💡 Expert Suggestion: The 'Current Address' form element is likely found within the registration or profile update forms, which are accessible after clicking the 'JOIN NOW' button.
2026-01-18T18:55:45.4944673Z     🛠️ Executing corrective action: click -> 'JOIN NOW'
2026-01-18T18:55:45.5389528Z     🔄 Retry 1/3 mining locators for 'Current Address'...
2026-01-18T18:55:46.5805319Z     🧠 Consulting AI (Vision-First) to find 'Current Address'...
2026-01-18T18:55:46.5807188Z     🧠 [EXPERT] Strategy: Act as Senior SDET focusing on exploring the application to understand functional flow and identifying critical paths for end-to-end automation.
2026-01-18T18:55:46.5812148Z [CACHE HIT] ad5eb3e7... (hits: 11, misses: 10)
2026-01-18T18:55:46.5812779Z     ⚠️ Skipping duplicate injection: JOIN NOW
2026-01-18T18:55:46.5813515Z     🔄 Retry 2/3 mining locators for 'Current Address'...
2026-01-18T18:55:47.6252404Z     🧠 Consulting AI (Vision-First) to find 'Current Address'...
2026-01-18T18:55:47.6253638Z     🧠 [EXPERT] Strategy: Act as Senior SDET focusing on exploring the application to understand functional flow and identifying critical paths for end-to-end automation.
2026-01-18T18:55:47.6257434Z [CACHE HIT] ad5eb3e7... (hits: 12, misses: 10)
2026-01-18T18:55:47.6258350Z     ⚠️ Skipping duplicate injection: JOIN NOW
2026-01-18T18:55:47.6258961Z     🧠 Verifying step validity for 'Current Address' after no candidates found...
2026-01-18T18:55:50.7400591Z [DEBUG] Sending request to gemini-2.0-flash. Number of parts: 2
2026-01-18T18:55:50.7401607Z [DEBUG] Received response (Length: 380)
2026-01-18T18:55:50.7407024Z     🗑️ Step deemed INVALID: The current page (https://demoqa.com/) as depicted in the screenshot is the landing page for Toolsqa, which advertises Selenium Certification Training. The 'Current Address' element is part of the 'Text Box' form on the demoqa.com/text-box page. Therefore, the current step is invalid because we are on the wrong page.. Removing from workflow.
2026-01-18T18:55:50.7412582Z     ⏭️ Skipping execution of invalid step: Current Address
2026-01-18T18:55:50.7413672Z   ▶️ [STEP step_9] FILL: Permanent Address
2026-01-18T18:55:50.7470559Z     🔍 Mining locators for: 'Permanent Address'
2026-01-18T18:55:50.7889588Z     🧠 Consulting AI (Vision-First) to find 'Permanent Address'...
2026-01-18T18:55:50.7891345Z     🧠 [EXPERT] Strategy: Act as Senior SDET focusing on exploring the application to understand functional flow and identifying critical paths for end-to-end automation.
2026-01-18T18:55:55.5397571Z [DEBUG] Sending request to gemini-2.0-flash. Number of parts: 2
2026-01-18T18:55:55.5398688Z [DEBUG] Received response (Length: 297)
2026-01-18T18:55:55.5401177Z     💡 Expert Suggestion: The 'Permanent Address' form element is likely part of a registration or profile update form, which might be accessible after clicking the 'JOIN NOW' button.
2026-01-18T18:55:55.5403143Z     🛠️ Executing corrective action: click -> 'JOIN NOW'
2026-01-18T18:55:55.5891475Z     🔄 Retry 1/3 mining locators for 'Permanent Address'...
2026-01-18T18:55:56.6304214Z     🧠 Consulting AI (Vision-First) to find 'Permanent Address'...
2026-01-18T18:55:56.6305714Z     🧠 [EXPERT] Strategy: Act as Senior SDET focusing on exploring the application to understand functional flow and identifying critical paths for end-to-end automation.
2026-01-18T18:55:56.6311078Z [CACHE HIT] caed6195... (hits: 13, misses: 12)
2026-01-18T18:55:56.6311570Z     ⚠️ Skipping duplicate injection: JOIN NOW
2026-01-18T18:55:56.6311976Z     🔄 Retry 2/3 mining locators for 'Permanent Address'...
2026-01-18T18:55:57.6724245Z     🧠 Consulting AI (Vision-First) to find 'Permanent Address'...
2026-01-18T18:55:57.6725817Z     🧠 [EXPERT] Strategy: Act as Senior SDET focusing on exploring the application to understand functional flow and identifying critical paths for end-to-end automation.
2026-01-18T18:55:57.6731113Z [CACHE HIT] caed6195... (hits: 14, misses: 12)
2026-01-18T18:55:57.6731617Z     ⚠️ Skipping duplicate injection: JOIN NOW
2026-01-18T18:55:57.6732540Z     🧠 Verifying step validity for 'Permanent Address' after no candidates found...
2026-01-18T18:56:00.6797928Z [DEBUG] Sending request to gemini-2.0-flash. Number of parts: 2
2026-01-18T18:56:00.6798898Z [DEBUG] Received response (Length: 374)
2026-01-18T18:56:00.6804110Z     🗑️ Step deemed INVALID: The current page (https://demoqa.com/) as depicted in the screenshot is the landing page for ToolsQA, which advertises Selenium Certification Training. The 'Permanent Address' element is part of the 'Text Box' form on the 'Elements' page. Therefore, we are on the wrong page, and the element does not exist here.. Removing from workflow.
2026-01-18T18:56:00.6809095Z     ⏭️ Skipping execution of invalid step: Permanent Address
2026-01-18T18:56:00.6810164Z   ▶️ [STEP step_10] CLICK: Submit
2026-01-18T18:56:00.6868141Z     🔍 Mining locators for: 'Submit'
2026-01-18T18:56:00.7262492Z     🧠 Consulting AI (Vision-First) to find 'Submit'...
2026-01-18T18:56:00.7263740Z     🧠 [EXPERT] Strategy: Act as Senior SDET focusing on exploring the application to understand functional flow and identifying critical paths for end-to-end automation.
2026-01-18T18:56:05.3714304Z [DEBUG] Sending request to gemini-2.0-flash. Number of parts: 2
2026-01-18T18:56:05.3714891Z [DEBUG] Received response (Length: 208)
2026-01-18T18:56:05.3715851Z     💡 Expert Suggestion: Clicking 'JOIN NOW' will likely lead to a form with a submit button.
2026-01-18T18:56:05.3716649Z     🛠️ Executing corrective action: click -> 'JOIN NOW'
2026-01-18T18:56:05.4164770Z     🔄 Retry 1/3 mining locators for 'Submit'...
2026-01-18T18:56:06.4565759Z     🧠 Consulting AI (Vision-First) to find 'Submit'...
2026-01-18T18:56:06.4567997Z     🧠 [EXPERT] Strategy: Act as Senior SDET focusing on exploring the application to understand functional flow and identifying critical paths for end-to-end automation.
2026-01-18T18:56:06.4571711Z [CACHE HIT] 2ba1d6a0... (hits: 15, misses: 14)
2026-01-18T18:56:06.4572385Z     ⚠️ Skipping duplicate injection: JOIN NOW
2026-01-18T18:56:06.4572986Z     🔄 Retry 2/3 mining locators for 'Submit'...
2026-01-18T18:56:07.4989613Z     🧠 Consulting AI (Vision-First) to find 'Submit'...
2026-01-18T18:56:07.4990834Z     🧠 [EXPERT] Strategy: Act as Senior SDET focusing on exploring the application to understand functional flow and identifying critical paths for end-to-end automation.
2026-01-18T18:56:07.4994672Z [CACHE HIT] 2ba1d6a0... (hits: 16, misses: 14)
2026-01-18T18:56:07.4995285Z     ⚠️ Skipping duplicate injection: JOIN NOW
2026-01-18T18:56:07.4995922Z     🧠 Verifying step validity for 'Submit' after no candidates found...
2026-01-18T18:56:10.5845661Z [DEBUG] Sending request to gemini-2.0-flash. Number of parts: 2
2026-01-18T18:56:10.5846563Z [DEBUG] Received response (Length: 356)
2026-01-18T18:56:10.5850076Z     🗑️ Step deemed INVALID: The current page (https://demoqa.com/) as depicted in the screenshot does not contain a "Submit" button. The page appears to be the landing page for ToolsQA, focusing on Selenium training. Therefore, attempting to locate and interact with a "Submit" button on this page is not a valid step.. Removing from workflow.
2026-01-18T18:56:10.5852156Z     ⏭️ Skipping execution of invalid step: Submit
2026-01-18T18:56:10.5852650Z   ▶️ [STEP step_11] ASSERT_VISIBLE: output
2026-01-18T18:56:10.5908420Z     🔍 Mining locators for: 'output'
2026-01-18T18:56:10.6288719Z     🧠 Consulting AI (Vision-First) to find 'output'...
2026-01-18T18:56:10.6290323Z     🧠 [EXPERT] Strategy: Act as Senior SDET focusing on exploring the application to understand functional flow and identifying critical paths for end-to-end automation.
2026-01-18T18:56:15.5086088Z [DEBUG] Sending request to gemini-2.0-flash. Number of parts: 2
2026-01-18T18:56:15.5087079Z [DEBUG] Received response (Length: 257)
2026-01-18T18:56:15.5089480Z     💡 Expert Suggestion: Navigating to the 'JOIN NOW' page might reveal forms or interactive elements where 'output' fields are commonly used.
2026-01-18T18:56:15.5090671Z     🛠️ Executing corrective action: click -> 'JOIN NOW'
2026-01-18T18:56:15.5548275Z     🔄 Retry 1/3 mining locators for 'output'...
2026-01-18T18:56:16.5948685Z     🧠 Consulting AI (Vision-First) to find 'output'...
2026-01-18T18:56:16.5950002Z     🧠 [EXPERT] Strategy: Act as Senior SDET focusing on exploring the application to understand functional flow and identifying critical paths for end-to-end automation.
2026-01-18T18:56:16.5954254Z [CACHE HIT] 9ea0d4d0... (hits: 17, misses: 16)
2026-01-18T18:56:16.5954931Z     ⚠️ Skipping duplicate injection: JOIN NOW
2026-01-18T18:56:16.5955304Z     🔄 Retry 2/3 mining locators for 'output'...
2026-01-18T18:56:17.6389520Z     🧠 Consulting AI (Vision-First) to find 'output'...
2026-01-18T18:56:17.6391544Z     🧠 [EXPERT] Strategy: Act as Senior SDET focusing on exploring the application to understand functional flow and identifying critical paths for end-to-end automation.
2026-01-18T18:56:17.6395150Z [CACHE HIT] 9ea0d4d0... (hits: 18, misses: 16)
2026-01-18T18:56:17.6395783Z     ⚠️ Skipping duplicate injection: JOIN NOW
2026-01-18T18:56:17.6396529Z     🧠 Verifying step validity for 'output' after no candidates found...
2026-01-18T18:56:20.7209716Z [DEBUG] Sending request to gemini-2.0-flash. Number of parts: 2
2026-01-18T18:56:20.7210703Z [DEBUG] Received response (Length: 476)
2026-01-18T18:56:20.7215034Z     🗑️ Step deemed INVALID: The current page (https://demoqa.com/) appears to be the landing page for ToolsQA, which focuses on Selenium training. The element 'output' is typically associated with forms or interactive elements where user input is displayed. Based on the screenshot, this page does not contain any visible forms or input fields, so the 'output' element is unlikely to exist here. We are likely on the wrong page for this task.. Removing from workflow.
2026-01-18T18:56:20.7218536Z     ⏭️ Skipping execution of invalid step: output
2026-01-18T18:56:22.7627128Z 
2026-01-18T18:56:22.7627934Z [2/4] Exploring Scenario: Form Elements - Checkbox
2026-01-18T18:56:22.7629118Z     🧠 Initialized exploration context for goal: 'Test various form elements'
2026-01-18T18:56:22.7630377Z   ▶️ [STEP step_1] NAVIGATE: 
2026-01-18T18:56:24.4585813Z     ✅ Navigated to https://demoqa.com/
2026-01-18T18:56:24.4586809Z   ▶️ [STEP step_2] CLICK: Elements
2026-01-18T18:56:24.6083459Z     🔍 Mining locators for: 'Elements'
2026-01-18T18:56:24.9115555Z     ✅ Found 1 verified locators
2026-01-18T18:56:28.4943193Z     ✅ State transitioned.
2026-01-18T18:56:28.5389283Z [CACHE HIT] 92c16c15... (hits: 19, misses: 17)
2026-01-18T18:56:28.5390269Z     🤖 AI Next Step Suggestion: click -> Forms
2026-01-18T18:56:28.5391205Z     🧩 Suggested Locator: div:nth-of-type(2) > div > div > div:nth-of-type(1) > div > h5
2026-01-18T18:56:28.5392777Z     💭 Reasoning: The goal is to test various form elements. Clicking on 'Forms' will navigate to a page with form elements.
2026-01-18T18:56:28.5393917Z     ➕ Injected AI step: click -> Forms
2026-01-18T18:56:28.5394455Z   ▶️ [STEP step_2_ai_1] CLICK: Forms
2026-01-18T18:56:28.5446307Z     🎯 Using AI-provided locator: div:nth-of-type(2) > div > div > div:nth-of-type(1) > div > h5
2026-01-18T18:56:28.5515496Z     ✅ Found 1 verified locators
2026-01-18T18:56:32.6091843Z     ✅ State transitioned.
2026-01-18T18:56:32.6128106Z     🔄 Revisited state detected (count: 1)
2026-01-18T18:56:32.6556489Z [CACHE HIT] 3a0ad313... (hits: 20, misses: 17)
2026-01-18T18:56:32.6557466Z     🤖 AI Next Step Suggestion: click -> Forms
2026-01-18T18:56:32.6558562Z     🧩 Suggested Locator: div:nth-of-type(2) > div > div > div:nth-of-type(2) > div > ul > li
2026-01-18T18:56:32.6559841Z     💭 Reasoning: The goal is to test various form elements. After clicking on 'Forms' on the main page, the next logical step is to click on the 'Forms' option within the menu to navigate to the forms page.
2026-01-18T18:56:32.6560982Z     ⚠️ Skipping duplicate AI suggestion (just executed): ('click', 'forms')
2026-01-18T18:56:32.6561459Z   ▶️ [STEP step_3] ASSERT_VISIBLE: Check Box
2026-01-18T18:56:32.6610946Z     🔍 Mining locators for: 'Check Box'
2026-01-18T18:56:32.7042117Z     🧠 Consulting AI (Vision-First) to find 'Check Box'...
2026-01-18T18:56:32.7043251Z     🧠 [EXPERT] Strategy: Act as Senior SDET focusing on exploring the application to understand functional flow and identifying critical paths for end-to-end automation.
2026-01-18T18:56:33.9307594Z [DEBUG] Sending request to gemini-2.0-flash. Number of parts: 2
2026-01-18T18:56:33.9308716Z [DEBUG] Received response (Length: 275)
2026-01-18T18:56:33.9310752Z     💡 Expert Suggestion: The current page does not display any form elements. Clicking 'JOIN NOW' might lead to a page with form elements, including checkboxes.
2026-01-18T18:56:33.9312199Z     🛠️ Executing corrective action: click -> 'JOIN NOW'
2026-01-18T18:56:33.9727109Z     🔄 Retry 1/3 mining locators for 'Check Box'...
2026-01-18T18:56:35.0122163Z     🧠 Consulting AI (Vision-First) to find 'Check Box'...
2026-01-18T18:56:35.0124075Z     🧠 [EXPERT] Strategy: Act as Senior SDET focusing on exploring the application to understand functional flow and identifying critical paths for end-to-end automation.
2026-01-18T18:56:35.0126650Z [CACHE HIT] 99e7b8d4... (hits: 21, misses: 18)
2026-01-18T18:56:35.0127416Z     ⚠️ Skipping duplicate injection: JOIN NOW
2026-01-18T18:56:35.0128253Z     🔄 Retry 2/3 mining locators for 'Check Box'...
2026-01-18T18:56:36.0525298Z     🧠 Consulting AI (Vision-First) to find 'Check Box'...
2026-01-18T18:56:36.0526395Z     🧠 [EXPERT] Strategy: Act as Senior SDET focusing on exploring the application to understand functional flow and identifying critical paths for end-to-end automation.
2026-01-18T18:56:36.0530335Z [CACHE HIT] 99e7b8d4... (hits: 22, misses: 18)
2026-01-18T18:56:36.0531002Z     ⚠️ Skipping duplicate injection: JOIN NOW
2026-01-18T18:56:36.0531637Z     🧠 Verifying step validity for 'Check Box' after no candidates found...
2026-01-18T18:56:39.0156379Z [DEBUG] Sending request to gemini-2.0-flash. Number of parts: 2
2026-01-18T18:56:39.0157358Z [DEBUG] Received response (Length: 250)
2026-01-18T18:56:39.0160229Z     🗑️ Step deemed INVALID: The current page (https://demoqa.com/) does not have a "Check Box" element on its landing page. We are likely on the wrong page or need to navigate to the correct section of the website.. Removing from workflow.
2026-01-18T18:56:39.0161860Z     ⏭️ Skipping execution of invalid step: Check Box
2026-01-18T18:56:39.0162389Z   ▶️ [STEP step_4] CLICK: Check Box
2026-01-18T18:56:39.0321822Z     🔍 Mining locators for: 'Check Box'
2026-01-18T18:56:39.0714465Z     🧠 Consulting AI (Vision-First) to find 'Check Box'...
2026-01-18T18:56:39.0715753Z     🧠 [EXPERT] Strategy: Act as Senior SDET focusing on exploring the application to understand functional flow and identifying critical paths for end-to-end automation.
2026-01-18T18:56:39.0720018Z [CACHE HIT] 99e7b8d4... (hits: 23, misses: 19)
2026-01-18T18:56:39.0721604Z     💡 Expert Suggestion: The current page does not display any form elements. Clicking 'JOIN NOW' might lead to a page with form elements, including checkboxes.
2026-01-18T18:56:39.0723116Z     🛠️ Executing corrective action: click -> 'JOIN NOW'
2026-01-18T18:56:39.1210650Z     🔄 Retry 1/3 mining locators for 'Check Box'...
2026-01-18T18:56:40.1616730Z     🧠 Consulting AI (Vision-First) to find 'Check Box'...
2026-01-18T18:56:40.1618357Z     🧠 [EXPERT] Strategy: Act as Senior SDET focusing on exploring the application to understand functional flow and identifying critical paths for end-to-end automation.
2026-01-18T18:56:40.1622206Z [CACHE HIT] 99e7b8d4... (hits: 24, misses: 19)
2026-01-18T18:56:40.1622890Z     ⚠️ Skipping duplicate injection: JOIN NOW
2026-01-18T18:56:40.1623301Z     🔄 Retry 2/3 mining locators for 'Check Box'...
2026-01-18T18:56:41.2038218Z     🧠 Consulting AI (Vision-First) to find 'Check Box'...
2026-01-18T18:56:41.2039927Z     🧠 [EXPERT] Strategy: Act as Senior SDET focusing on exploring the application to understand functional flow and identifying critical paths for end-to-end automation.
2026-01-18T18:56:41.2045052Z [CACHE HIT] 99e7b8d4... (hits: 25, misses: 19)
2026-01-18T18:56:41.2045731Z     ⚠️ Skipping duplicate injection: JOIN NOW
2026-01-18T18:56:41.2046397Z     🧠 Verifying step validity for 'Check Box' after no candidates found...
2026-01-18T18:56:41.2050366Z [CACHE HIT] 87272346... (hits: 26, misses: 19)
2026-01-18T18:56:41.2052694Z     🗑️ Step deemed INVALID: The current page (https://demoqa.com/) does not have a "Check Box" element on its landing page. We are likely on the wrong page or need to navigate to the correct section of the website.. Removing from workflow.
2026-01-18T18:56:41.2055564Z     ⏭️ Skipping execution of invalid step: Check Box
2026-01-18T18:56:41.2056638Z   ▶️ [STEP step_5] ASSERT_URL: 
2026-01-18T18:56:46.2217482Z     ⚠️ Scroll into view failed for text=None. Proceeding anyway.
2026-01-18T18:56:48.2240615Z     ✅ State transitioned.
2026-01-18T18:56:48.2278108Z     🔄 Revisited state detected (count: 2)
2026-01-18T18:56:48.2703034Z [CACHE HIT] 94880adf... (hits: 27, misses: 19)
2026-01-18T18:56:48.2704052Z     🤖 AI Next Step Suggestion: click -> Forms
2026-01-18T18:56:48.2705793Z     💭 Reasoning: The goal is to test various form elements. After clicking 'Elements' and then 'Forms', we need to navigate to the Forms page to interact with the form elements.
2026-01-18T18:56:48.2707517Z ⚠️ Loop detected: same AI suggestion repeated 3 times. Moving to next step.
2026-01-18T18:56:48.2708305Z   ▶️ [STEP step_6] CLICK: Expand All
2026-01-18T18:56:48.2756784Z     🔍 Mining locators for: 'Expand All'
2026-01-18T18:56:48.3192846Z     🧠 Consulting AI (Vision-First) to find 'Expand All'...
2026-01-18T18:56:48.3194712Z     🧠 [EXPERT] Strategy: Act as Senior SDET focusing on exploring the application to understand functional flow and identifying critical paths for end-to-end automation.
2026-01-18T18:56:49.6933916Z [DEBUG] Sending request to gemini-2.0-flash. Number of parts: 2
2026-01-18T18:56:49.6934751Z [DEBUG] Received response (Length: 285)
2026-01-18T18:56:49.6936319Z     💡 Expert Suggestion: The 'Expand All' button is likely located on a page with more interactive elements or forms, which might be accessible after clicking 'JOIN NOW'.
2026-01-18T18:56:49.6937904Z     🛠️ Executing corrective action: click -> 'JOIN NOW'
2026-01-18T18:56:49.7407560Z     🔄 Retry 1/3 mining locators for 'Expand All'...
2026-01-18T18:56:50.7890810Z     🧠 Consulting AI (Vision-First) to find 'Expand All'...
2026-01-18T18:56:50.7892036Z     🧠 [EXPERT] Strategy: Act as Senior SDET focusing on exploring the application to understand functional flow and identifying critical paths for end-to-end automation.
2026-01-18T18:56:50.7895928Z [CACHE HIT] 4efe9842... (hits: 28, misses: 20)
2026-01-18T18:56:50.7896625Z     ⚠️ Skipping duplicate injection: JOIN NOW
2026-01-18T18:56:50.7897161Z     🔄 Retry 2/3 mining locators for 'Expand All'...
2026-01-18T18:56:51.8367379Z     🧠 Consulting AI (Vision-First) to find 'Expand All'...
2026-01-18T18:56:51.8369066Z     🧠 [EXPERT] Strategy: Act as Senior SDET focusing on exploring the application to understand functional flow and identifying critical paths for end-to-end automation.
2026-01-18T18:56:51.8372956Z [CACHE HIT] 4efe9842... (hits: 29, misses: 20)
2026-01-18T18:56:51.8373748Z     ⚠️ Skipping duplicate injection: JOIN NOW
2026-01-18T18:56:51.8374532Z     🧠 Verifying step validity for 'Expand All' after no candidates found...
2026-01-18T18:56:54.8360929Z [DEBUG] Sending request to gemini-2.0-flash. Number of parts: 2
2026-01-18T18:56:54.8361513Z [DEBUG] Received response (Length: 306)
2026-01-18T18:56:54.8363667Z     🗑️ Step deemed INVALID: The current page (as depicted in the screenshot) is the landing page for demoqa.com, which advertises Selenium Certification Training. There is no 'Expand All' button or any interactive form elements on this page. The task is therefore invalid.. Removing from workflow.
2026-01-18T18:56:54.8365554Z     ⏭️ Skipping execution of invalid step: Expand All
2026-01-18T18:56:54.8366034Z   ▶️ [STEP step_7] CHECK: Home
2026-01-18T18:56:54.8429452Z     🔍 Mining locators for: 'Home'
2026-01-18T18:56:54.8867065Z     🧠 Consulting AI (Vision-First) to find 'Home'...
2026-01-18T18:56:54.8869314Z     🧠 [EXPERT] Strategy: Act as Senior SDET focusing on exploring the application to understand functional flow and identifying critical paths for end-to-end automation.
2026-01-18T18:56:59.6119250Z [DEBUG] Sending request to gemini-2.0-flash. Number of parts: 2
2026-01-18T18:56:59.6120103Z [DEBUG] Received response (Length: 250)
2026-01-18T18:56:59.6122197Z     💡 Expert Suggestion: The 'Home' button is typically located in the header or navigation bar, often associated with the company logo.
2026-01-18T18:56:59.6124429Z     🛠️ Executing corrective action: click -> 'TOOLSCA'
2026-01-18T18:56:59.6585680Z     🔄 Retry 1/3 mining locators for 'Home'...
2026-01-18T18:57:00.7030694Z     🧠 Consulting AI (Vision-First) to find 'Home'...
2026-01-18T18:57:00.7031807Z     🧠 [EXPERT] Strategy: Act as Senior SDET focusing on exploring the application to understand functional flow and identifying critical paths for end-to-end automation.
2026-01-18T18:57:00.7035506Z [CACHE HIT] 3a155aa3... (hits: 30, misses: 22)
2026-01-18T18:57:00.7036168Z     ⚠️ Skipping duplicate injection: TOOLSCA
2026-01-18T18:57:00.7036552Z     🔄 Retry 2/3 mining locators for 'Home'...
2026-01-18T18:57:01.7443100Z     🧠 Consulting AI (Vision-First) to find 'Home'...
2026-01-18T18:57:01.7444557Z     🧠 [EXPERT] Strategy: Act as Senior SDET focusing on exploring the application to understand functional flow and identifying critical paths for end-to-end automation.
2026-01-18T18:57:01.7449922Z [CACHE HIT] 3a155aa3... (hits: 31, misses: 22)
2026-01-18T18:57:01.7450542Z     ⚠️ Skipping duplicate injection: TOOLSCA
2026-01-18T18:57:01.7451318Z     🧠 Verifying step validity for 'Home' after no candidates found...
2026-01-18T18:57:04.6256688Z [DEBUG] Sending request to gemini-2.0-flash. Number of parts: 2
2026-01-18T18:57:04.6257494Z [DEBUG] Received response (Length: 191)
2026-01-18T18:57:04.6260372Z     🗑️ Step deemed INVALID: The element 'Home' is not visible on the current page. The page appears to be a landing page for Selenium Certification Training.. Removing from workflow.
2026-01-18T18:57:04.6262552Z     ⏭️ Skipping execution of invalid step: Home
2026-01-18T18:57:04.6263405Z   ▶️ [STEP step_8] ASSERT_VISIBLE: result
2026-01-18T18:57:04.6324633Z     🔍 Mining locators for: 'result'
2026-01-18T18:57:04.6711957Z     🧠 Consulting AI (Vision-First) to find 'result'...
2026-01-18T18:57:04.6712976Z     🧠 [EXPERT] Strategy: Act as Senior SDET focusing on exploring the application to understand functional flow and identifying critical paths for end-to-end automation.
2026-01-18T18:57:09.8592679Z [DEBUG] Sending request to gemini-2.0-flash. Number of parts: 2
2026-01-18T18:57:09.8593173Z [DEBUG] Received response (Length: 310)
2026-01-18T18:57:09.8594574Z     💡 Expert Suggestion: The term 'result' is commonly associated with search results or form submissions. Clicking 'JOIN NOW' might lead to a page where a form submission would display a result.
2026-01-18T18:57:09.8595662Z     🛠️ Executing corrective action: click -> 'JOIN NOW'
2026-01-18T18:57:09.9041904Z     🔄 Retry 1/3 mining locators for 'result'...
2026-01-18T18:57:11.0109392Z     🧠 Consulting AI (Vision-First) to find 'result'...
2026-01-18T18:57:11.0111516Z     🧠 [EXPERT] Strategy: Act as Senior SDET focusing on exploring the application to understand functional flow and identifying critical paths for end-to-end automation.
2026-01-18T18:57:11.0117055Z [CACHE HIT] 98f72e12... (hits: 32, misses: 24)
2026-01-18T18:57:11.0117879Z     ⚠️ Skipping duplicate injection: JOIN NOW
2026-01-18T18:57:11.0118483Z     🔄 Retry 2/3 mining locators for 'result'...
2026-01-18T18:57:12.0529468Z     🧠 Consulting AI (Vision-First) to find 'result'...
2026-01-18T18:57:12.0531323Z     🧠 [EXPERT] Strategy: Act as Senior SDET focusing on exploring the application to understand functional flow and identifying critical paths for end-to-end automation.
2026-01-18T18:57:12.0536650Z [CACHE HIT] 98f72e12... (hits: 33, misses: 24)
2026-01-18T18:57:12.0537250Z     ⚠️ Skipping duplicate injection: JOIN NOW
2026-01-18T18:57:12.0538418Z     🧠 Verifying step validity for 'result' after no candidates found...
2026-01-18T18:57:14.6714847Z [DEBUG] Sending request to gemini-2.0-flash. Number of parts: 2
2026-01-18T18:57:14.6715418Z [DEBUG] Received response (Length: 282)
2026-01-18T18:57:14.6717492Z     🗑️ Step deemed INVALID: The term 'result' is ambiguous and doesn't appear to correspond to any element visible on the current page. Without further context, it's impossible to determine what 'result' refers to or if it even exists on this page.. Removing from workflow.
2026-01-18T18:57:14.6719965Z     ⏭️ Skipping execution of invalid step: result
2026-01-18T18:57:16.7134648Z 
2026-01-18T18:57:16.7136725Z [3/4] Exploring Scenario: Form Elements - Radio Button
2026-01-18T18:57:16.7138241Z     🧠 Initialized exploration context for goal: 'Test various form elements'
2026-01-18T18:57:16.7139025Z   ▶️ [STEP step_1] NAVIGATE: 
2026-01-18T18:57:18.2768502Z     ✅ Navigated to https://demoqa.com/
2026-01-18T18:57:18.2770524Z   ▶️ [STEP step_2] CLICK: Elements
2026-01-18T18:57:18.2993497Z     🔍 Mining locators for: 'Elements'
2026-01-18T18:57:18.4789120Z     ✅ Found 1 verified locators
2026-01-18T18:57:22.0586116Z     ✅ State transitioned.
2026-01-18T18:57:22.1073497Z [CACHE HIT] 92c16c15... (hits: 34, misses: 25)
2026-01-18T18:57:22.1074607Z     🤖 AI Next Step Suggestion: click -> Forms
2026-01-18T18:57:22.1075531Z     🧩 Suggested Locator: div:nth-of-type(2) > div > div > div:nth-of-type(1) > div > h5
2026-01-18T18:57:22.1076944Z     💭 Reasoning: The goal is to test various form elements. Clicking on 'Forms' will navigate to a page with form elements.
2026-01-18T18:57:22.1078326Z     ➕ Injected AI step: click -> Forms
2026-01-18T18:57:22.1078887Z   ▶️ [STEP step_2_ai_1] CLICK: Forms
2026-01-18T18:57:22.1131224Z     🎯 Using AI-provided locator: div:nth-of-type(2) > div > div > div:nth-of-type(1) > div > h5
2026-01-18T18:57:22.1201521Z     ✅ Found 1 verified locators
2026-01-18T18:57:26.1706947Z     ✅ State transitioned.
2026-01-18T18:57:26.1744858Z     🔄 Revisited state detected (count: 1)
2026-01-18T18:57:26.2211593Z [CACHE HIT] 3a0ad313... (hits: 35, misses: 25)
2026-01-18T18:57:26.2212539Z     🤖 AI Next Step Suggestion: click -> Forms
2026-01-18T18:57:26.2213429Z     🧩 Suggested Locator: div:nth-of-type(2) > div > div > div:nth-of-type(2) > div > ul > li
2026-01-18T18:57:26.2215317Z     💭 Reasoning: The goal is to test various form elements. After clicking on 'Forms' on the main page, the next logical step is to click on the 'Forms' option within the menu to navigate to the forms page.
2026-01-18T18:57:26.2216417Z     ⚠️ Skipping duplicate AI suggestion (just executed): ('click', 'forms')
2026-01-18T18:57:26.2216892Z   ▶️ [STEP step_3] ASSERT_VISIBLE: Radio Button
2026-01-18T18:57:26.2269751Z     🔍 Mining locators for: 'Radio Button'
2026-01-18T18:57:26.2691484Z     🧠 Consulting AI (Vision-First) to find 'Radio Button'...
2026-01-18T18:57:26.2693133Z     🧠 [EXPERT] Strategy: Act as Senior SDET focusing on exploring the application to understand functional flow and identifying critical paths for end-to-end automation.
2026-01-18T18:57:27.5052509Z [DEBUG] Sending request to gemini-2.0-flash. Number of parts: 2
2026-01-18T18:57:27.5053176Z [DEBUG] Received response (Length: 225)
2026-01-18T18:57:27.5054350Z     💡 Expert Suggestion: Clicking 'JOIN NOW' might lead to a page with form elements, including radio buttons.
2026-01-18T18:57:27.5055328Z     🛠️ Executing corrective action: click -> 'JOIN NOW'
2026-01-18T18:57:27.5518368Z     🔄 Retry 1/3 mining locators for 'Radio Button'...
2026-01-18T18:57:28.5923702Z     🧠 Consulting AI (Vision-First) to find 'Radio Button'...
2026-01-18T18:57:28.5925186Z     🧠 [EXPERT] Strategy: Act as Senior SDET focusing on exploring the application to understand functional flow and identifying critical paths for end-to-end automation.
2026-01-18T18:57:28.5930405Z [CACHE HIT] ed9cd0a4... (hits: 36, misses: 26)
2026-01-18T18:57:28.5930938Z     ⚠️ Skipping duplicate injection: JOIN NOW
2026-01-18T18:57:28.5931329Z     🔄 Retry 2/3 mining locators for 'Radio Button'...
2026-01-18T18:57:29.6349770Z     🧠 Consulting AI (Vision-First) to find 'Radio Button'...
2026-01-18T18:57:29.6351063Z     🧠 [EXPERT] Strategy: Act as Senior SDET focusing on exploring the application to understand functional flow and identifying critical paths for end-to-end automation.
2026-01-18T18:57:29.6355228Z [CACHE HIT] ed9cd0a4... (hits: 37, misses: 26)
2026-01-18T18:57:29.6355951Z     ⚠️ Skipping duplicate injection: JOIN NOW
2026-01-18T18:57:29.6356829Z     🧠 Verifying step validity for 'Radio Button' after no candidates found...
2026-01-18T18:57:32.6917205Z [DEBUG] Sending request to gemini-2.0-flash. Number of parts: 2
2026-01-18T18:57:32.6918711Z [DEBUG] Received response (Length: 348)
2026-01-18T18:57:32.6923057Z     🗑️ Step deemed INVALID: The current page (https://demoqa.com/) does not contain a "Radio Button" element on its landing page. We need to navigate to the correct page that contains the radio button element. The screenshot shows the landing page for demoqa.com, which is a marketing page for Selenium training.. Removing from workflow.
2026-01-18T18:57:32.6926864Z     ⏭️ Skipping execution of invalid step: Radio Button
2026-01-18T18:57:32.6927976Z   ▶️ [STEP step_4] CLICK: Radio Button
2026-01-18T18:57:32.6985700Z     🔍 Mining locators for: 'Radio Button'
2026-01-18T18:57:32.7370169Z     🧠 Consulting AI (Vision-First) to find 'Radio Button'...
2026-01-18T18:57:32.7371413Z     🧠 [EXPERT] Strategy: Act as Senior SDET focusing on exploring the application to understand functional flow and identifying critical paths for end-to-end automation.
2026-01-18T18:57:32.7375825Z [CACHE HIT] ed9cd0a4... (hits: 38, misses: 27)
2026-01-18T18:57:32.7377000Z     💡 Expert Suggestion: Clicking 'JOIN NOW' might lead to a page with form elements, including radio buttons.
2026-01-18T18:57:32.7378385Z     🛠️ Executing corrective action: click -> 'JOIN NOW'
2026-01-18T18:57:32.7856938Z     🔄 Retry 1/3 mining locators for 'Radio Button'...
2026-01-18T18:57:33.8284697Z     🧠 Consulting AI (Vision-First) to find 'Radio Button'...
2026-01-18T18:57:33.8285884Z     🧠 [EXPERT] Strategy: Act as Senior SDET focusing on exploring the application to understand functional flow and identifying critical paths for end-to-end automation.
2026-01-18T18:57:33.8290370Z [CACHE HIT] ed9cd0a4... (hits: 39, misses: 27)
2026-01-18T18:57:33.8290985Z     ⚠️ Skipping duplicate injection: JOIN NOW
2026-01-18T18:57:33.8291375Z     🔄 Retry 2/3 mining locators for 'Radio Button'...
2026-01-18T18:57:34.8694284Z     🧠 Consulting AI (Vision-First) to find 'Radio Button'...
2026-01-18T18:57:34.8695981Z     🧠 [EXPERT] Strategy: Act as Senior SDET focusing on exploring the application to understand functional flow and identifying critical paths for end-to-end automation.
2026-01-18T18:57:34.8701421Z [CACHE HIT] ed9cd0a4... (hits: 40, misses: 27)
2026-01-18T18:57:34.8702195Z     ⚠️ Skipping duplicate injection: JOIN NOW
2026-01-18T18:57:34.8703068Z     🧠 Verifying step validity for 'Radio Button' after no candidates found...
2026-01-18T18:57:34.8707915Z [CACHE HIT] 99cf2657... (hits: 41, misses: 27)
2026-01-18T18:57:34.8709671Z     🗑️ Step deemed INVALID: The current page (https://demoqa.com/) does not contain a "Radio Button" element on its landing page. We need to navigate to the correct page that contains the radio button element. The screenshot shows the landing page for demoqa.com, which is a marketing page for Selenium training.. Removing from workflow.
2026-01-18T18:57:34.8711054Z     ⏭️ Skipping execution of invalid step: Radio Button
2026-01-18T18:57:34.8711425Z   ▶️ [STEP step_5] ASSERT_URL: 
2026-01-18T18:57:39.8859517Z     ⚠️ Scroll into view failed for text=None. Proceeding anyway.
2026-01-18T18:57:41.8884175Z     ✅ State transitioned.
2026-01-18T18:57:41.8923780Z     🔄 Revisited state detected (count: 2)
2026-01-18T18:57:41.9352459Z [CACHE HIT] 94880adf... (hits: 42, misses: 27)
2026-01-18T18:57:41.9353461Z     🤖 AI Next Step Suggestion: click -> Forms
2026-01-18T18:57:41.9355040Z     💭 Reasoning: The goal is to test various form elements. After clicking 'Elements' and then 'Forms', we need to navigate to the Forms page to interact with the form elements.
2026-01-18T18:57:41.9356634Z ⚠️ Loop detected: same AI suggestion repeated 3 times. Moving to next step.
2026-01-18T18:57:41.9357378Z   ▶️ [STEP step_6] CLICK: Yes
2026-01-18T18:57:41.9410965Z     🔍 Mining locators for: 'Yes'
2026-01-18T18:57:41.9848447Z     🧠 Consulting AI (Vision-First) to find 'Yes'...
2026-01-18T18:57:41.9850489Z     🧠 [EXPERT] Strategy: Act as Senior SDET focusing on exploring the application to understand functional flow and identifying critical paths for end-to-end automation.
2026-01-18T18:57:43.3626617Z [DEBUG] Sending request to gemini-2.0-flash. Number of parts: 2
2026-01-18T18:57:43.3627976Z [DEBUG] Received response (Length: 230)
2026-01-18T18:57:43.3629885Z     💡 Expert Suggestion: The 'Yes' option is likely within a form or survey that appears after clicking 'JOIN NOW'.
2026-01-18T18:57:43.3631596Z     🛠️ Executing corrective action: click -> 'JOIN NOW'
2026-01-18T18:57:43.4080005Z     🔄 Retry 1/3 mining locators for 'Yes'...
2026-01-18T18:57:44.4519998Z     🧠 Consulting AI (Vision-First) to find 'Yes'...
2026-01-18T18:57:44.4521504Z     🧠 [EXPERT] Strategy: Act as Senior SDET focusing on exploring the application to understand functional flow and identifying critical paths for end-to-end automation.
2026-01-18T18:57:44.4526921Z [CACHE HIT] 9ea1185e... (hits: 43, misses: 28)
2026-01-18T18:57:44.4527534Z     ⚠️ Skipping duplicate injection: JOIN NOW
2026-01-18T18:57:44.4528111Z     🔄 Retry 2/3 mining locators for 'Yes'...
2026-01-18T18:57:45.4934357Z     🧠 Consulting AI (Vision-First) to find 'Yes'...
2026-01-18T18:57:45.4935992Z     🧠 [EXPERT] Strategy: Act as Senior SDET focusing on exploring the application to understand functional flow and identifying critical paths for end-to-end automation.
2026-01-18T18:57:45.4939675Z [CACHE HIT] 9ea1185e... (hits: 44, misses: 28)
2026-01-18T18:57:45.4940355Z     ⚠️ Skipping duplicate injection: JOIN NOW
2026-01-18T18:57:45.4941368Z     🧠 Verifying step validity for 'Yes' after no candidates found...
2026-01-18T18:57:48.5763072Z [DEBUG] Sending request to gemini-2.0-flash. Number of parts: 2
2026-01-18T18:57:48.5763927Z [DEBUG] Received response (Length: 400)
2026-01-18T18:57:48.5769210Z     🗑️ Step deemed INVALID: The current page (https://demoqa.com/) as depicted in the screenshot is the landing page for ToolsQA, which advertises Selenium Certification Training. There is no element with the text 'Yes' on this page. Therefore, attempting to locate and interact with 'Yes' is not a valid step in the current context. We are likely on the wrong page.. Removing from workflow.
2026-01-18T18:57:48.5773548Z     ⏭️ Skipping execution of invalid step: Yes
2026-01-18T18:57:48.5774570Z   ▶️ [STEP step_7] ASSERT_VISIBLE: You have selected Yes
2026-01-18T18:57:48.5831707Z     🔍 Mining locators for: 'You have selected Yes'
2026-01-18T18:57:48.6232826Z     🧠 Consulting AI (Vision-First) to find 'You have selected Yes'...
2026-01-18T18:57:48.6234156Z     🧠 [EXPERT] Strategy: Act as Senior SDET focusing on exploring the application to understand functional flow and identifying critical paths for end-to-end automation.
2026-01-18T18:57:53.3884578Z [DEBUG] Sending request to gemini-2.0-flash. Number of parts: 2
2026-01-18T18:57:53.3885139Z [DEBUG] Received response (Length: 275)
2026-01-18T18:57:53.3886230Z     💡 Expert Suggestion: "You have selected Yes" is likely on a page reached after clicking 'JOIN NOW', which probably leads to a form or interactive element.
2026-01-18T18:57:53.3887122Z     🛠️ Executing corrective action: click -> 'JOIN NOW'
2026-01-18T18:57:53.4326489Z     🔄 Retry 1/3 mining locators for 'You have selected Yes'...
2026-01-18T18:57:54.4831094Z     🧠 Consulting AI (Vision-First) to find 'You have selected Yes'...
2026-01-18T18:57:54.4832354Z     🧠 [EXPERT] Strategy: Act as Senior SDET focusing on exploring the application to understand functional flow and identifying critical paths for end-to-end automation.
2026-01-18T18:57:54.4836420Z [CACHE HIT] f6223ee4... (hits: 45, misses: 30)
2026-01-18T18:57:54.4837080Z     ⚠️ Skipping duplicate injection: JOIN NOW
2026-01-18T18:57:54.4837499Z     🔄 Retry 2/3 mining locators for 'You have selected Yes'...
2026-01-18T18:57:55.5237127Z     🧠 Consulting AI (Vision-First) to find 'You have selected Yes'...
2026-01-18T18:57:55.5238670Z     🧠 [EXPERT] Strategy: Act as Senior SDET focusing on exploring the application to understand functional flow and identifying critical paths for end-to-end automation.
2026-01-18T18:57:55.5242594Z [CACHE HIT] f6223ee4... (hits: 46, misses: 30)
2026-01-18T18:57:55.5243625Z     ⚠️ Skipping duplicate injection: JOIN NOW
2026-01-18T18:57:55.5244200Z     🧠 Verifying step validity for 'You have selected Yes' after no candidates found...
2026-01-18T18:57:58.4478774Z [DEBUG] Sending request to gemini-2.0-flash. Number of parts: 2
2026-01-18T18:57:58.4479417Z [DEBUG] Received response (Length: 354)
2026-01-18T18:57:58.4482151Z     🗑️ Step deemed INVALID: The current page (https://demoqa.com/) displays the ToolsQA landing page, which does not contain the element 'You have selected Yes'. This element is likely part of a different page or section of the demoqa.com website, specifically related to form interactions (radio buttons or checkboxes).. Removing from workflow.
2026-01-18T18:57:58.4484478Z     ⏭️ Skipping execution of invalid step: You have selected Yes
2026-01-18T18:58:00.5285480Z 
2026-01-18T18:58:00.5286172Z [4/4] Exploring Scenario: Form Elements - Web Tables
2026-01-18T18:58:00.5287343Z     🧠 Initialized exploration context for goal: 'Test various form elements'
2026-01-18T18:58:00.5288561Z   ▶️ [STEP step_1] NAVIGATE: 
2026-01-18T18:58:02.0793126Z     ✅ Navigated to https://demoqa.com/
2026-01-18T18:58:02.0798201Z   ▶️ [STEP step_2] CLICK: Elements
2026-01-18T18:58:02.1217352Z     🔍 Mining locators for: 'Elements'
2026-01-18T18:58:02.2748880Z     ✅ Found 1 verified locators
2026-01-18T18:58:05.8681585Z     ✅ State transitioned.
2026-01-18T18:58:05.9110829Z [CACHE HIT] 92c16c15... (hits: 47, misses: 31)
2026-01-18T18:58:05.9111784Z     🤖 AI Next Step Suggestion: click -> Forms
2026-01-18T18:58:05.9112406Z     🧩 Suggested Locator: div:nth-of-type(2) > div > div > div:nth-of-type(1) > div > h5
2026-01-18T18:58:05.9113320Z     💭 Reasoning: The goal is to test various form elements. Clicking on 'Forms' will navigate to a page with form elements.
2026-01-18T18:58:05.9114000Z     ➕ Injected AI step: click -> Forms
2026-01-18T18:58:05.9114392Z   ▶️ [STEP step_2_ai_1] CLICK: Forms
2026-01-18T18:58:05.9165116Z     🎯 Using AI-provided locator: div:nth-of-type(2) > div > div > div:nth-of-type(1) > div > h5
2026-01-18T18:58:05.9231539Z     ✅ Found 1 verified locators
2026-01-18T18:58:09.9703608Z     ✅ State transitioned.
2026-01-18T18:58:09.9738013Z     🔄 Revisited state detected (count: 1)
2026-01-18T18:58:10.0172766Z [CACHE HIT] 3a0ad313... (hits: 48, misses: 31)
2026-01-18T18:58:10.0173520Z     🤖 AI Next Step Suggestion: click -> Forms
2026-01-18T18:58:10.0174099Z     🧩 Suggested Locator: div:nth-of-type(2) > div > div > div:nth-of-type(2) > div > ul > li
2026-01-18T18:58:10.0175219Z     💭 Reasoning: The goal is to test various form elements. After clicking on 'Forms' on the main page, the next logical step is to click on the 'Forms' option within the menu to navigate to the forms page.
2026-01-18T18:58:10.0176195Z     ⚠️ Skipping duplicate AI suggestion (just executed): ('click', 'forms')
2026-01-18T18:58:10.0176667Z   ▶️ [STEP step_3] ASSERT_VISIBLE: Web Tables
2026-01-18T18:58:10.0222451Z     🔍 Mining locators for: 'Web Tables'
2026-01-18T18:58:10.0655001Z     🧠 Consulting AI (Vision-First) to find 'Web Tables'...
2026-01-18T18:58:10.0657998Z     🧠 [EXPERT] Strategy: Act as Senior SDET focusing on exploring the application to understand functional flow and identifying critical paths for end-to-end automation.
2026-01-18T18:58:11.3515212Z [DEBUG] Sending request to gemini-2.0-flash. Number of parts: 2
2026-01-18T18:58:11.3516235Z [DEBUG] Received response (Length: 267)
2026-01-18T18:58:11.3519086Z     💡 Expert Suggestion: The 'Web Tables' element is likely located within the ToolsQA website, which can be accessed by clicking the 'JOIN NOW' button.
2026-01-18T18:58:11.3521355Z     🛠️ Executing corrective action: click -> 'JOIN NOW'
2026-01-18T18:58:11.3987182Z     🔄 Retry 1/3 mining locators for 'Web Tables'...
2026-01-18T18:58:12.4363374Z     🧠 Consulting AI (Vision-First) to find 'Web Tables'...
2026-01-18T18:58:12.4365342Z     🧠 [EXPERT] Strategy: Act as Senior SDET focusing on exploring the application to understand functional flow and identifying critical paths for end-to-end automation.
2026-01-18T18:58:12.4368349Z [CACHE HIT] e8df3965... (hits: 49, misses: 32)
2026-01-18T18:58:12.4368987Z     ⚠️ Skipping duplicate injection: JOIN NOW
2026-01-18T18:58:12.4369610Z     🔄 Retry 2/3 mining locators for 'Web Tables'...
2026-01-18T18:58:13.4748130Z     🧠 Consulting AI (Vision-First) to find 'Web Tables'...
2026-01-18T18:58:13.4750140Z     🧠 [EXPERT] Strategy: Act as Senior SDET focusing on exploring the application to understand functional flow and identifying critical paths for end-to-end automation.
2026-01-18T18:58:13.4753066Z [CACHE HIT] e8df3965... (hits: 50, misses: 32)
2026-01-18T18:58:13.4753712Z     ⚠️ Skipping duplicate injection: JOIN NOW
2026-01-18T18:58:13.4754524Z     🧠 Verifying step validity for 'Web Tables' after no candidates found...
2026-01-18T18:58:16.4365074Z [DEBUG] Sending request to gemini-2.0-flash. Number of parts: 2
2026-01-18T18:58:16.4365921Z [DEBUG] Received response (Length: 286)
2026-01-18T18:58:16.4369490Z     🗑️ Step deemed INVALID: The current page (https://demoqa.com/) displays a landing page for Selenium Certification Training. The 'Web Tables' element is not present on this page. We need to navigate to the correct page where 'Web Tables' is located.. Removing from workflow.
2026-01-18T18:58:16.4371933Z     ⏭️ Skipping execution of invalid step: Web Tables
2026-01-18T18:58:16.4372463Z   ▶️ [STEP step_4] CLICK: Web Tables
2026-01-18T18:58:16.4422848Z     🔍 Mining locators for: 'Web Tables'
2026-01-18T18:58:16.4827257Z     🧠 Consulting AI (Vision-First) to find 'Web Tables'...
2026-01-18T18:58:16.4828737Z     🧠 [EXPERT] Strategy: Act as Senior SDET focusing on exploring the application to understand functional flow and identifying critical paths for end-to-end automation.
2026-01-18T18:58:16.4832783Z [CACHE HIT] e8df3965... (hits: 51, misses: 33)
2026-01-18T18:58:16.4834324Z     💡 Expert Suggestion: The 'Web Tables' element is likely located within the ToolsQA website, which can be accessed by clicking the 'JOIN NOW' button.
2026-01-18T18:58:16.4835791Z     🛠️ Executing corrective action: click -> 'JOIN NOW'
2026-01-18T18:58:16.5318954Z     🔄 Retry 1/3 mining locators for 'Web Tables'...
2026-01-18T18:58:17.5855665Z     🧠 Consulting AI (Vision-First) to find 'Web Tables'...
2026-01-18T18:58:17.5856844Z     🧠 [EXPERT] Strategy: Act as Senior SDET focusing on exploring the application to understand functional flow and identifying critical paths for end-to-end automation.
2026-01-18T18:58:17.5860960Z [CACHE HIT] e8df3965... (hits: 52, misses: 33)
2026-01-18T18:58:17.5861588Z     ⚠️ Skipping duplicate injection: JOIN NOW
2026-01-18T18:58:17.5862173Z     🔄 Retry 2/3 mining locators for 'Web Tables'...
2026-01-18T18:58:18.6244971Z     🧠 Consulting AI (Vision-First) to find 'Web Tables'...
2026-01-18T18:58:18.6246571Z     🧠 [EXPERT] Strategy: Act as Senior SDET focusing on exploring the application to understand functional flow and identifying critical paths for end-to-end automation.
2026-01-18T18:58:18.6250335Z [CACHE HIT] e8df3965... (hits: 53, misses: 33)
2026-01-18T18:58:18.6250971Z     ⚠️ Skipping duplicate injection: JOIN NOW
2026-01-18T18:58:18.6251733Z     🧠 Verifying step validity for 'Web Tables' after no candidates found...
2026-01-18T18:58:18.6254932Z [CACHE HIT] 574630f8... (hits: 54, misses: 33)
2026-01-18T18:58:18.6257156Z     🗑️ Step deemed INVALID: The current page (https://demoqa.com/) displays a landing page for Selenium Certification Training. The 'Web Tables' element is not present on this page. We need to navigate to the correct page where 'Web Tables' is located.. Removing from workflow.
2026-01-18T18:58:18.6259094Z     ⏭️ Skipping execution of invalid step: Web Tables
2026-01-18T18:58:18.6259444Z   ▶️ [STEP step_5] ASSERT_URL: 
2026-01-18T18:58:23.6395359Z     ⚠️ Scroll into view failed for text=None. Proceeding anyway.
2026-01-18T18:58:25.6418908Z     ✅ State transitioned.
2026-01-18T18:58:25.6454242Z     🔄 Revisited state detected (count: 2)
2026-01-18T18:58:25.6837558Z [CACHE HIT] 94880adf... (hits: 55, misses: 33)
2026-01-18T18:58:25.6838769Z     🤖 AI Next Step Suggestion: click -> Forms
2026-01-18T18:58:25.6840366Z     💭 Reasoning: The goal is to test various form elements. After clicking 'Elements' and then 'Forms', we need to navigate to the Forms page to interact with the form elements.
2026-01-18T18:58:25.6842033Z ⚠️ Loop detected: same AI suggestion repeated 3 times. Moving to next step.
2026-01-18T18:58:25.6842822Z   ▶️ [STEP step_6] CLICK: Add
2026-01-18T18:58:25.6890348Z     🔍 Mining locators for: 'Add'
2026-01-18T18:58:25.7318356Z     🧠 Consulting AI (Vision-First) to find 'Add'...
2026-01-18T18:58:25.7319628Z     🧠 [EXPERT] Strategy: Act as Senior SDET focusing on exploring the application to understand functional flow and identifying critical paths for end-to-end automation.
2026-01-18T18:58:27.1260996Z [DEBUG] Sending request to gemini-2.0-flash. Number of parts: 2
2026-01-18T18:58:27.1261929Z [DEBUG] Received response (Length: 273)
2026-01-18T18:58:27.1263529Z     💡 Expert Suggestion: The 'Add' button is likely found after navigating to a page where you can create or add something, such as after clicking 'JOIN NOW'.
2026-01-18T18:58:27.1264767Z     🛠️ Executing corrective action: click -> 'JOIN NOW'
2026-01-18T18:58:27.1689199Z     🔄 Retry 1/3 mining locators for 'Add'...
2026-01-18T18:58:28.2078084Z     🧠 Consulting AI (Vision-First) to find 'Add'...
2026-01-18T18:58:28.2079219Z     🧠 [EXPERT] Strategy: Act as Senior SDET focusing on exploring the application to understand functional flow and identifying critical paths for end-to-end automation.
2026-01-18T18:58:28.2083528Z [CACHE HIT] 3267b0ff... (hits: 56, misses: 34)
2026-01-18T18:58:28.2084147Z     ⚠️ Skipping duplicate injection: JOIN NOW
2026-01-18T18:58:28.2084637Z     🔄 Retry 2/3 mining locators for 'Add'...
2026-01-18T18:58:29.2478795Z     🧠 Consulting AI (Vision-First) to find 'Add'...
2026-01-18T18:58:29.2480043Z     🧠 [EXPERT] Strategy: Act as Senior SDET focusing on exploring the application to understand functional flow and identifying critical paths for end-to-end automation.
2026-01-18T18:58:29.2483696Z [CACHE HIT] 3267b0ff... (hits: 57, misses: 34)
2026-01-18T18:58:29.2484425Z     ⚠️ Skipping duplicate injection: JOIN NOW
2026-01-18T18:58:29.2485240Z     🧠 Verifying step validity for 'Add' after no candidates found...
2026-01-18T18:58:32.2009371Z [DEBUG] Sending request to gemini-2.0-flash. Number of parts: 2
2026-01-18T18:58:32.2010123Z [DEBUG] Received response (Length: 324)
2026-01-18T18:58:32.2012748Z     🗑️ Step deemed INVALID: The current page (https://demoqa.com/) as depicted in the screenshot does not contain an element labeled 'Add'. The page appears to be a landing page for Selenium training. Therefore, attempting to locate and interact with 'Add' on this page is not a valid step.. Removing from workflow.
2026-01-18T18:58:32.2014354Z     ⏭️ Skipping execution of invalid step: Add
2026-01-18T18:58:32.2014728Z   ▶️ [STEP step_7] FILL: First Name
2026-01-18T18:58:32.2070077Z     🔍 Mining locators for: 'First Name'
2026-01-18T18:58:32.2491108Z     🧠 Consulting AI (Vision-First) to find 'First Name'...
2026-01-18T18:58:32.2492739Z     🧠 [EXPERT] Strategy: Act as Senior SDET focusing on exploring the application to understand functional flow and identifying critical paths for end-to-end automation.
2026-01-18T18:58:37.0224757Z [DEBUG] Sending request to gemini-2.0-flash. Number of parts: 2
2026-01-18T18:58:37.0225771Z [DEBUG] Received response (Length: 228)
2026-01-18T18:58:37.0227374Z     💡 Expert Suggestion: Clicking 'JOIN NOW' likely leads to a registration form where 'First Name' can be found.
2026-01-18T18:58:37.0228811Z     🛠️ Executing corrective action: click -> 'JOIN NOW'
2026-01-18T18:58:37.0647415Z     🔄 Retry 1/3 mining locators for 'First Name'...
2026-01-18T18:58:38.1027322Z     🧠 Consulting AI (Vision-First) to find 'First Name'...
2026-01-18T18:58:38.1029547Z     🧠 [EXPERT] Strategy: Act as Senior SDET focusing on exploring the application to understand functional flow and identifying critical paths for end-to-end automation.
2026-01-18T18:58:38.1032403Z [CACHE HIT] 3b1ea8cd... (hits: 58, misses: 36)
2026-01-18T18:58:38.1033065Z     ⚠️ Skipping duplicate injection: JOIN NOW
2026-01-18T18:58:38.1033715Z     🔄 Retry 2/3 mining locators for 'First Name'...
2026-01-18T18:58:39.1809377Z     🧠 Consulting AI (Vision-First) to find 'First Name'...
2026-01-18T18:58:39.1810527Z     🧠 [EXPERT] Strategy: Act as Senior SDET focusing on exploring the application to understand functional flow and identifying critical paths for end-to-end automation.
2026-01-18T18:58:39.1814355Z [CACHE HIT] 3b1ea8cd... (hits: 59, misses: 36)
2026-01-18T18:58:39.1814963Z     ⚠️ Skipping duplicate injection: JOIN NOW
2026-01-18T18:58:39.1815542Z     🧠 Verifying step validity for 'First Name' after no candidates found...
2026-01-18T18:58:42.0921536Z [DEBUG] Sending request to gemini-2.0-flash. Number of parts: 2
2026-01-18T18:58:42.0922475Z [DEBUG] Received response (Length: 240)
2026-01-18T18:58:42.0925412Z     🗑️ Step deemed INVALID: The current page (https://demoqa.com/) as depicted in the screenshot does not contain a form or a 'First Name' field. The page appears to be a landing page for Selenium training.. Removing from workflow.
2026-01-18T18:58:42.0927090Z     ⏭️ Skipping execution of invalid step: First Name
2026-01-18T18:58:42.0927832Z   ▶️ [STEP step_8] FILL: Last Name
2026-01-18T18:58:42.0978356Z     🔍 Mining locators for: 'Last Name'
2026-01-18T18:58:42.1337083Z     🧠 Consulting AI (Vision-First) to find 'Last Name'...
2026-01-18T18:58:42.1338866Z     🧠 [EXPERT] Strategy: Act as Senior SDET focusing on exploring the application to understand functional flow and identifying critical paths for end-to-end automation.
2026-01-18T18:58:47.1534382Z [DEBUG] Sending request to gemini-2.0-flash. Number of parts: 2
2026-01-18T18:58:47.1535413Z [DEBUG] Received response (Length: 237)
2026-01-18T18:58:47.1537327Z     💡 Expert Suggestion: The 'Last Name' field is likely part of a form that appears after clicking the 'JOIN NOW' button.
2026-01-18T18:58:47.1538845Z     🛠️ Executing corrective action: click -> 'JOIN NOW'
2026-01-18T18:58:47.1975890Z     🔄 Retry 1/3 mining locators for 'Last Name'...
2026-01-18T18:58:48.2379074Z     🧠 Consulting AI (Vision-First) to find 'Last Name'...
2026-01-18T18:58:48.2380381Z     🧠 [EXPERT] Strategy: Act as Senior SDET focusing on exploring the application to understand functional flow and identifying critical paths for end-to-end automation.
2026-01-18T18:58:48.2384316Z [CACHE HIT] 4411c7e4... (hits: 60, misses: 38)
2026-01-18T18:58:48.2384954Z     ⚠️ Skipping duplicate injection: JOIN NOW
2026-01-18T18:58:48.2385342Z     🔄 Retry 2/3 mining locators for 'Last Name'...
2026-01-18T18:58:49.2804017Z     🧠 Consulting AI (Vision-First) to find 'Last Name'...
2026-01-18T18:58:49.2806711Z     🧠 [EXPERT] Strategy: Act as Senior SDET focusing on exploring the application to understand functional flow and identifying critical paths for end-to-end automation.
2026-01-18T18:58:49.2812516Z [CACHE HIT] 4411c7e4... (hits: 61, misses: 38)
2026-01-18T18:58:49.2813504Z     ⚠️ Skipping duplicate injection: JOIN NOW
2026-01-18T18:58:49.2814901Z     🧠 Verifying step validity for 'Last Name' after no candidates found...
2026-01-18T18:58:52.0799406Z [DEBUG] Sending request to gemini-2.0-flash. Number of parts: 2
2026-01-18T18:58:52.0800376Z [DEBUG] Received response (Length: 264)
2026-01-18T18:58:52.0804074Z     🗑️ Step deemed INVALID: The current page (https://demoqa.com/) as depicted in the screenshot does not contain any form elements or a 'Last Name' field. The page appears to be a landing page for Selenium Certification Training.. Removing from workflow.
2026-01-18T18:58:52.0807514Z     ⏭️ Skipping execution of invalid step: Last Name
2026-01-18T18:58:52.0808709Z   ▶️ [STEP step_9] FILL: Email
2026-01-18T18:58:52.0866148Z     🔍 Mining locators for: 'Email'
2026-01-18T18:58:52.1249216Z     🧠 Consulting AI (Vision-First) to find 'Email'...
2026-01-18T18:58:52.1251127Z     🧠 [EXPERT] Strategy: Act as Senior SDET focusing on exploring the application to understand functional flow and identifying critical paths for end-to-end automation.
2026-01-18T18:58:52.1254258Z [CACHE HIT] 3456bba8... (hits: 62, misses: 39)
2026-01-18T18:58:52.1255693Z     💡 Expert Suggestion: Clicking 'JOIN NOW' will likely lead to a registration or contact form where an email field would be present.
2026-01-18T18:58:52.1257069Z     🛠️ Executing corrective action: click -> 'JOIN NOW'
2026-01-18T18:58:52.1815385Z     🔄 Retry 1/3 mining locators for 'Email'...
2026-01-18T18:58:53.2262922Z     🧠 Consulting AI (Vision-First) to find 'Email'...
2026-01-18T18:58:53.2264055Z     🧠 [EXPERT] Strategy: Act as Senior SDET focusing on exploring the application to understand functional flow and identifying critical paths for end-to-end automation.
2026-01-18T18:58:53.2268212Z [CACHE HIT] 3456bba8... (hits: 63, misses: 39)
2026-01-18T18:58:53.2268844Z     ⚠️ Skipping duplicate injection: JOIN NOW
2026-01-18T18:58:53.2269427Z     🔄 Retry 2/3 mining locators for 'Email'...
2026-01-18T18:58:54.2666577Z     🧠 Consulting AI (Vision-First) to find 'Email'...
2026-01-18T18:58:54.2667964Z     🧠 [EXPERT] Strategy: Act as Senior SDET focusing on exploring the application to understand functional flow and identifying critical paths for end-to-end automation.
2026-01-18T18:58:54.2671766Z [CACHE HIT] 3456bba8... (hits: 64, misses: 39)
2026-01-18T18:58:54.2672485Z     ⚠️ Skipping duplicate injection: JOIN NOW
2026-01-18T18:58:54.2673273Z     🧠 Verifying step validity for 'Email' after no candidates found...
2026-01-18T18:58:54.2677543Z [CACHE HIT] e884810a... (hits: 65, misses: 39)
2026-01-18T18:58:54.2680406Z     🗑️ Step deemed INVALID: The current page (https://demoqa.com/) as depicted in the screenshot does not contain an 'Email' field. It shows the ToolsQA landing page with information about Selenium Certification Training. Therefore, attempting to locate and interact with 'Email' on this page is not a valid step.. Removing from workflow.
2026-01-18T18:58:54.2682307Z     ⏭️ Skipping execution of invalid step: Email
2026-01-18T18:58:54.2682635Z   ▶️ [STEP step_10] FILL: Age
2026-01-18T18:58:54.2729301Z     🔍 Mining locators for: 'Age'
2026-01-18T18:58:54.3142383Z     🧠 Consulting AI (Vision-First) to find 'Age'...
2026-01-18T18:58:54.3143735Z     🧠 [EXPERT] Strategy: Act as Senior SDET focusing on exploring the application to understand functional flow and identifying critical paths for end-to-end automation.
2026-01-18T18:58:57.4475214Z [DEBUG] Sending request to gemini-2.0-flash. Number of parts: 2
2026-01-18T18:58:57.4476058Z [DEBUG] Received response (Length: 235)
2026-01-18T18:58:57.4478122Z     💡 Expert Suggestion: The 'Age' field is likely part of a form that is accessed after clicking the 'JOIN NOW' button.
2026-01-18T18:58:57.4479813Z     🛠️ Executing corrective action: click -> 'JOIN NOW'
2026-01-18T18:58:57.4896741Z     🔄 Retry 1/3 mining locators for 'Age'...
2026-01-18T18:58:58.5298888Z     🧠 Consulting AI (Vision-First) to find 'Age'...
2026-01-18T18:58:58.5300613Z     🧠 [EXPERT] Strategy: Act as Senior SDET focusing on exploring the application to understand functional flow and identifying critical paths for end-to-end automation.
2026-01-18T18:58:58.5305223Z [CACHE HIT] 5c0ce7da... (hits: 66, misses: 40)
2026-01-18T18:58:58.5305727Z     ⚠️ Skipping duplicate injection: JOIN NOW
2026-01-18T18:58:58.5306078Z     🔄 Retry 2/3 mining locators for 'Age'...
2026-01-18T18:58:59.5676594Z     🧠 Consulting AI (Vision-First) to find 'Age'...
2026-01-18T18:58:59.5678033Z     🧠 [EXPERT] Strategy: Act as Senior SDET focusing on exploring the application to understand functional flow and identifying critical paths for end-to-end automation.
2026-01-18T18:58:59.5682103Z [CACHE HIT] 5c0ce7da... (hits: 67, misses: 40)
2026-01-18T18:58:59.5682831Z     ⚠️ Skipping duplicate injection: JOIN NOW
2026-01-18T18:58:59.5683613Z     🧠 Verifying step validity for 'Age' after no candidates found...
2026-01-18T18:59:02.0112680Z [DEBUG] Sending request to gemini-2.0-flash. Number of parts: 2
2026-01-18T18:59:02.0113367Z [DEBUG] Received response (Length: 261)
2026-01-18T18:59:02.0115183Z     🗑️ Step deemed INVALID: The current page (https://demoqa.com/) as depicted in the screenshot does not contain any form elements or an "Age" field. The page appears to be a landing page for Selenium Certification Training.. Removing from workflow.
2026-01-18T18:59:02.0116458Z     ⏭️ Skipping execution of invalid step: Age
2026-01-18T18:59:02.0116831Z   ▶️ [STEP step_11] FILL: Salary
2026-01-18T18:59:02.0174085Z     🔍 Mining locators for: 'Salary'
2026-01-18T18:59:02.0548491Z     🧠 Consulting AI (Vision-First) to find 'Salary'...
2026-01-18T18:59:02.0550129Z     🧠 [EXPERT] Strategy: Act as Senior SDET focusing on exploring the application to understand functional flow and identifying critical paths for end-to-end automation.
2026-01-18T18:59:06.9962330Z [DEBUG] Sending request to gemini-2.0-flash. Number of parts: 2
2026-01-18T18:59:06.9963184Z [DEBUG] Received response (Length: 223)
2026-01-18T18:59:06.9964789Z     💡 Expert Suggestion: The 'Salary' field is likely part of a form that appears after clicking 'JOIN NOW'.
2026-01-18T18:59:06.9966015Z     🛠️ Executing corrective action: click -> 'JOIN NOW'
2026-01-18T18:59:07.0398926Z     🔄 Retry 1/3 mining locators for 'Salary'...
2026-01-18T18:59:08.0798208Z     🧠 Consulting AI (Vision-First) to find 'Salary'...
2026-01-18T18:59:08.0799375Z     🧠 [EXPERT] Strategy: Act as Senior SDET focusing on exploring the application to understand functional flow and identifying critical paths for end-to-end automation.
2026-01-18T18:59:08.0803318Z [CACHE HIT] 67a51d49... (hits: 68, misses: 42)
2026-01-18T18:59:08.0803931Z     ⚠️ Skipping duplicate injection: JOIN NOW
2026-01-18T18:59:08.0804505Z     🔄 Retry 2/3 mining locators for 'Salary'...
2026-01-18T18:59:09.1186327Z     🧠 Consulting AI (Vision-First) to find 'Salary'...
2026-01-18T18:59:09.1187893Z     🧠 [EXPERT] Strategy: Act as Senior SDET focusing on exploring the application to understand functional flow and identifying critical paths for end-to-end automation.
2026-01-18T18:59:09.1191603Z [CACHE HIT] 67a51d49... (hits: 69, misses: 42)
2026-01-18T18:59:09.1192325Z     ⚠️ Skipping duplicate injection: JOIN NOW
2026-01-18T18:59:09.1193089Z     🧠 Verifying step validity for 'Salary' after no candidates found...
2026-01-18T18:59:12.1195142Z [DEBUG] Sending request to gemini-2.0-flash. Number of parts: 2
2026-01-18T18:59:12.1196060Z [DEBUG] Received response (Length: 350)
2026-01-18T18:59:12.1199891Z     🗑️ Step deemed INVALID: The current page (https://demoqa.com/) as depicted in the screenshot does not contain any element related to 'Salary'. The page appears to be the landing page for Selenium Certification Training. Therefore, attempting to locate and interact with 'Salary' on this page is not a valid step.. Removing from workflow.
2026-01-18T18:59:12.1202246Z     ⏭️ Skipping execution of invalid step: Salary
2026-01-18T18:59:12.1202778Z   ▶️ [STEP step_12] FILL: Department
2026-01-18T18:59:12.1253844Z     🔍 Mining locators for: 'Department'
2026-01-18T18:59:12.1635936Z     🧠 Consulting AI (Vision-First) to find 'Department'...
2026-01-18T18:59:12.1637566Z     🧠 [EXPERT] Strategy: Act as Senior SDET focusing on exploring the application to understand functional flow and identifying critical paths for end-to-end automation.
2026-01-18T18:59:17.0094654Z [DEBUG] Sending request to gemini-2.0-flash. Number of parts: 2
2026-01-18T18:59:17.0095217Z [DEBUG] Received response (Length: 219)
2026-01-18T18:59:17.0096227Z     💡 Expert Suggestion: The 'Department' field is likely found within a form after clicking 'JOIN NOW'.
2026-01-18T18:59:17.0096997Z     🛠️ Executing corrective action: click -> 'JOIN NOW'
2026-01-18T18:59:17.0522799Z     🔄 Retry 1/3 mining locators for 'Department'...
2026-01-18T18:59:18.1299102Z     🧠 Consulting AI (Vision-First) to find 'Department'...
2026-01-18T18:59:18.1300649Z     🧠 [EXPERT] Strategy: Act as Senior SDET focusing on exploring the application to understand functional flow and identifying critical paths for end-to-end automation.
2026-01-18T18:59:18.1304344Z [CACHE HIT] 11b72ab9... (hits: 70, misses: 44)
2026-01-18T18:59:18.1305000Z     ⚠️ Skipping duplicate injection: JOIN NOW
2026-01-18T18:59:18.1305391Z     🔄 Retry 2/3 mining locators for 'Department'...
2026-01-18T18:59:19.1694860Z     🧠 Consulting AI (Vision-First) to find 'Department'...
2026-01-18T18:59:19.1696357Z     🧠 [EXPERT] Strategy: Act as Senior SDET focusing on exploring the application to understand functional flow and identifying critical paths for end-to-end automation.
2026-01-18T18:59:19.1701427Z [CACHE HIT] 11b72ab9... (hits: 71, misses: 44)
2026-01-18T18:59:19.1702100Z     ⚠️ Skipping duplicate injection: JOIN NOW
2026-01-18T18:59:19.1702952Z     🧠 Verifying step validity for 'Department' after no candidates found...
2026-01-18T18:59:22.1163543Z [DEBUG] Sending request to gemini-2.0-flash. Number of parts: 2
2026-01-18T18:59:22.1164174Z [DEBUG] Received response (Length: 252)
2026-01-18T18:59:22.1165805Z     🗑️ Step deemed INVALID: The element 'Department' is not visible on the current page (https://demoqa.com/) based on the provided screenshot. The page appears to be a landing page for Selenium Certification Training.. Removing from workflow.
2026-01-18T18:59:22.1167110Z     ⏭️ Skipping execution of invalid step: Department
2026-01-18T18:59:22.1167514Z   ▶️ [STEP step_13] CLICK: Submit
2026-01-18T18:59:22.1225030Z     🔍 Mining locators for: 'Submit'
2026-01-18T18:59:22.1633977Z     🧠 Consulting AI (Vision-First) to find 'Submit'...
2026-01-18T18:59:22.1635577Z     🧠 [EXPERT] Strategy: Act as Senior SDET focusing on exploring the application to understand functional flow and identifying critical paths for end-to-end automation.
2026-01-18T18:59:22.1639342Z [CACHE HIT] 2ba1d6a0... (hits: 72, misses: 45)
2026-01-18T18:59:22.1640316Z     💡 Expert Suggestion: Clicking 'JOIN NOW' will likely lead to a form with a submit button.
2026-01-18T18:59:22.1641261Z     🛠️ Executing corrective action: click -> 'JOIN NOW'
2026-01-18T18:59:22.2131371Z     🔄 Retry 1/3 mining locators for 'Submit'...
2026-01-18T18:59:23.2548618Z     🧠 Consulting AI (Vision-First) to find 'Submit'...
2026-01-18T18:59:23.2549892Z     🧠 [EXPERT] Strategy: Act as Senior SDET focusing on exploring the application to understand functional flow and identifying critical paths for end-to-end automation.
2026-01-18T18:59:23.2555086Z [CACHE HIT] 2ba1d6a0... (hits: 73, misses: 45)
2026-01-18T18:59:23.2555696Z     ⚠️ Skipping duplicate injection: JOIN NOW
2026-01-18T18:59:23.2556062Z     🔄 Retry 2/3 mining locators for 'Submit'...
2026-01-18T18:59:24.2956790Z     🧠 Consulting AI (Vision-First) to find 'Submit'...
2026-01-18T18:59:24.2958686Z     🧠 [EXPERT] Strategy: Act as Senior SDET focusing on exploring the application to understand functional flow and identifying critical paths for end-to-end automation.
2026-01-18T18:59:24.2961952Z [CACHE HIT] 2ba1d6a0... (hits: 74, misses: 45)
2026-01-18T18:59:24.2962866Z     ⚠️ Skipping duplicate injection: JOIN NOW
2026-01-18T18:59:24.2963519Z     🧠 Verifying step validity for 'Submit' after no candidates found...
2026-01-18T18:59:24.2966761Z [CACHE HIT] ed2aff8b... (hits: 75, misses: 45)
2026-01-18T18:59:24.2969418Z     🗑️ Step deemed INVALID: The current page (https://demoqa.com/) as depicted in the screenshot does not contain a "Submit" button. The page appears to be the landing page for ToolsQA, focusing on Selenium training. Therefore, attempting to locate and interact with a "Submit" button on this page is not a valid step.. Removing from workflow.
2026-01-18T18:59:24.2971103Z     ⏭️ Skipping execution of invalid step: Submit
2026-01-18T18:59:24.2971560Z   ▶️ [STEP step_14] ASSERT_VISIBLE: New Registration Form
2026-01-18T18:59:24.3021344Z     🔍 Mining locators for: 'New Registration Form'
2026-01-18T18:59:24.3466915Z     🧠 Consulting AI (Vision-First) to find 'New Registration Form'...
2026-01-18T18:59:24.3468931Z     🧠 [EXPERT] Strategy: Act as Senior SDET focusing on exploring the application to understand functional flow and identifying critical paths for end-to-end automation.
2026-01-18T18:59:27.0961844Z [DEBUG] Sending request to gemini-2.0-flash. Number of parts: 2
2026-01-18T18:59:27.0962637Z [DEBUG] Received response (Length: 256)
2026-01-18T18:59:27.0964321Z     💡 Expert Suggestion: Clicking 'JOIN NOW' might lead to a registration or sign-up page where the 'New Registration Form' could be located.
2026-01-18T18:59:27.0965392Z     🛠️ Executing corrective action: click -> 'JOIN NOW'
2026-01-18T18:59:27.1400274Z     🔄 Retry 1/3 mining locators for 'New Registration Form'...
2026-01-18T18:59:28.1788585Z     🧠 Consulting AI (Vision-First) to find 'New Registration Form'...
2026-01-18T18:59:28.1789680Z     🧠 [EXPERT] Strategy: Act as Senior SDET focusing on exploring the application to understand functional flow and identifying critical paths for end-to-end automation.
2026-01-18T18:59:28.1793625Z [CACHE HIT] fb59a268... (hits: 76, misses: 46)
2026-01-18T18:59:28.1794254Z     ⚠️ Skipping duplicate injection: JOIN NOW
2026-01-18T18:59:28.1794869Z     🔄 Retry 2/3 mining locators for 'New Registration Form'...
2026-01-18T18:59:29.2191948Z     🧠 Consulting AI (Vision-First) to find 'New Registration Form'...
2026-01-18T18:59:29.2193390Z     🧠 [EXPERT] Strategy: Act as Senior SDET focusing on exploring the application to understand functional flow and identifying critical paths for end-to-end automation.
2026-01-18T18:59:29.2196949Z [CACHE HIT] fb59a268... (hits: 77, misses: 46)
2026-01-18T18:59:29.2197872Z     ⚠️ Skipping duplicate injection: JOIN NOW
2026-01-18T18:59:29.2198522Z     🧠 Verifying step validity for 'New Registration Form' after no candidates found...
2026-01-18T18:59:32.2596899Z [DEBUG] Sending request to gemini-2.0-flash. Number of parts: 2
2026-01-18T18:59:32.2597393Z [DEBUG] Received response (Length: 331)
2026-01-18T18:59:32.2599658Z     🗑️ Step deemed INVALID: The current page (as depicted in the screenshot) is the landing page for Toolsqa.com, which advertises Selenium Certification Training. There is no "New Registration Form" visible on this page. Therefore, attempting to locate and interact with it is not a valid step.. Removing from workflow.
2026-01-18T18:59:32.2601335Z     ⏭️ Skipping execution of invalid step: New Registration Form
2026-01-18T18:59:34.3000304Z 🗂️  All generated tests written to /home/runner/work/build_qa_automation/build_qa_automation/projects/ci_demoqa_practice/tests/generated_scenarios.json
2026-01-18T18:59:34.3004694Z 🔄 Updated workflow.json with discovered steps and locators.
2026-01-18T18:59:34.3005127Z 
2026-01-18T18:59:34.3005363Z ✅ Deep Exploration Complete.
2026-01-18T19:00:00.9493239Z 
2026-01-18T19:00:00.9494066Z 🚀 [EXECUTE] Starting Automation Execution Engine
2026-01-18T19:00:00.9494610Z 📍 Project: ci_demoqa_practice
2026-01-18T19:00:00.9495465Z 🎬 Mode: Headless
2026-01-18T19:00:00.9495672Z 
2026-01-18T19:00:00.9495809Z --- Scenario: Form Elements - Text Box ---
2026-01-18T19:00:00.9496300Z   ▶️ [STEP step_1] NAVIGATE: Step step_1
2026-01-18T19:00:00.9497206Z     ✅ Step step_1 Passed.
2026-01-18T19:00:00.9497866Z   ▶️ [STEP step_2] CLICK: Elements
2026-01-18T19:00:00.9498386Z     🎯 Using mined locator: text='Elements'
2026-01-18T19:00:00.9498891Z     ✅ Step step_2 Passed.
2026-01-18T19:00:00.9499329Z   ▶️ [STEP step_2_ai_1] CLICK: Forms
2026-01-18T19:00:00.9499919Z     🎯 Using mined locator: div:nth-of-type(2) > div > div > div:nth-of-type(1) > div > h5
2026-01-18T19:00:00.9500385Z     ✅ Step step_2_ai_1 Passed.
2026-01-18T19:00:00.9500689Z   ▶️ [STEP step_5] ASSERT_URL: Step step_5
2026-01-18T19:00:00.9500995Z     ✅ Step step_5 Passed.
2026-01-18T19:00:00.9501384Z ✅ Scenario 'Form Elements - Text Box' completed successfully!
2026-01-18T19:00:00.9501651Z 
2026-01-18T19:00:00.9501767Z --- Scenario: Form Elements - Checkbox ---
2026-01-18T19:00:00.9502117Z   ▶️ [STEP step_1] NAVIGATE: Step step_1
2026-01-18T19:00:00.9502420Z     ✅ Step step_1 Passed.
2026-01-18T19:00:00.9502713Z   ▶️ [STEP step_2] CLICK: Elements
2026-01-18T19:00:00.9503035Z     🎯 Using mined locator: text='Elements'
2026-01-18T19:00:00.9503335Z     ✅ Step step_2 Passed.
2026-01-18T19:00:00.9503601Z   ▶️ [STEP step_2_ai_1] CLICK: Forms
2026-01-18T19:00:00.9504074Z     🎯 Using mined locator: div:nth-of-type(2) > div > div > div:nth-of-type(1) > div > h5
2026-01-18T19:00:00.9504528Z     ✅ Step step_2_ai_1 Passed.
2026-01-18T19:00:00.9504815Z   ▶️ [STEP step_5] ASSERT_URL: Step step_5
2026-01-18T19:00:00.9505099Z     ✅ Step step_5 Passed.
2026-01-18T19:00:00.9505445Z ✅ Scenario 'Form Elements - Checkbox' completed successfully!
2026-01-18T19:00:00.9505704Z 
2026-01-18T19:00:00.9505831Z --- Scenario: Form Elements - Radio Button ---
2026-01-18T19:00:00.9506165Z   ▶️ [STEP step_1] NAVIGATE: Step step_1
2026-01-18T19:00:00.9506449Z     ✅ Step step_1 Passed.
2026-01-18T19:00:00.9506703Z   ▶️ [STEP step_2] CLICK: Elements
2026-01-18T19:00:00.9507014Z     🎯 Using mined locator: text='Elements'
2026-01-18T19:00:00.9507490Z     ✅ Step step_2 Passed.
2026-01-18T19:00:00.9508114Z   ▶️ [STEP step_2_ai_1] CLICK: Forms
2026-01-18T19:00:00.9508679Z     🎯 Using mined locator: div:nth-of-type(2) > div > div > div:nth-of-type(1) > div > h5
2026-01-18T19:00:00.9509281Z     ✅ Step step_2_ai_1 Passed.
2026-01-18T19:00:00.9509710Z   ▶️ [STEP step_5] ASSERT_URL: Step step_5
2026-01-18T19:00:00.9510061Z     ✅ Step step_5 Passed.
2026-01-18T19:00:00.9510570Z ✅ Scenario 'Form Elements - Radio Button' completed successfully!
2026-01-18T19:00:00.9510873Z 
2026-01-18T19:00:00.9511053Z --- Scenario: Form Elements - Web Tables ---
2026-01-18T19:00:00.9519259Z   ▶️ [STEP step_1] NAVIGATE: Step step_1
2026-01-18T19:00:00.9519610Z     ✅ Step step_1 Passed.
2026-01-18T19:00:00.9519904Z   ▶️ [STEP step_2] CLICK: Elements
2026-01-18T19:00:00.9520217Z     🎯 Using mined locator: text='Elements'
2026-01-18T19:00:00.9520541Z     ✅ Step step_2 Passed.
2026-01-18T19:00:00.9520827Z   ▶️ [STEP step_2_ai_1] CLICK: Forms
2026-01-18T19:00:00.9521327Z     🎯 Using mined locator: div:nth-of-type(2) > div > div > div:nth-of-type(1) > div > h5
2026-01-18T19:00:00.9521785Z     ✅ Step step_2_ai_1 Passed.
2026-01-18T19:00:00.9522087Z   ▶️ [STEP step_5] ASSERT_URL: Step step_5
2026-01-18T19:00:00.9522393Z     ✅ Step step_5 Passed.
2026-01-18T19:00:00.9522759Z ✅ Scenario 'Form Elements - Web Tables' completed successfully!
2026-01-18T19:00:00.9523019Z 
2026-01-18T19:00:00.9523125Z ============================================================
2026-01-18T19:00:00.9523438Z 🎯 EXECUTION SUMMARY
2026-01-18T19:00:00.9523668Z ============================================================
2026-01-18T19:00:00.9523859Z 
2026-01-18T19:00:00.9523975Z 📋 Scenario Overview:
2026-01-18T19:00:00.9524227Z    • Total Scenarios Planned: 4
2026-01-18T19:00:00.9524495Z    • Scenarios Executed: 4
2026-01-18T19:00:00.9524752Z    • Total Steps Executed: 16
2026-01-18T19:00:00.9525146Z 
2026-01-18T19:00:00.9525254Z ✅ Results:
2026-01-18T19:00:00.9525466Z    ✅ Passed: 4 (100%)
2026-01-18T19:00:00.9525592Z 
2026-01-18T19:00:00.9525810Z ============================================================
2026-01-18T19:00:00.9526012Z 
2026-01-18T19:00:00.9526517Z 🏁 Execution Finished. Report: /home/runner/work/build_qa_automation/build_qa_automation/projects/ci_demoqa_practice/execution.json
2026-01-18T19:00:01.1621694Z 
2026-01-18T19:00:01.1622215Z [PHASE] Running Phase: DISCOVERY
2026-01-18T19:00:01.1623677Z    Command: /opt/hostedtoolcache/Python/3.11.14/x64/bin/python /home/runner/work/build_qa_automation/build_qa_automation/core/agents/discovery.py --project /home/runner/work/build_qa_automation/build_qa_automation/projects/ci_demoqa_practice --url https://demoqa.com/ --deep
2026-01-18T19:00:01.1626913Z ❌ Phase 'discovery' failed with error: Command '['/opt/hostedtoolcache/Python/3.11.14/x64/bin/python', '/home/runner/work/build_qa_automation/build_qa_automation/core/agents/discovery.py', '--project', '/home/runner/work/build_qa_automation/build_qa_automation/projects/ci_demoqa_practice', '--url', 'https://demoqa.com/', '--deep']' returned non-zero exit status 2.
2026-01-18T19:00:01.1631776Z ⚠️ Initial discovery failed, but proceeding to planning...
2026-01-18T19:00:01.1632266Z 
2026-01-18T19:00:01.1632448Z [PHASE] Running Phase: PLANNING
2026-01-18T19:00:01.1634812Z    Command: /opt/hostedtoolcache/Python/3.11.14/x64/bin/python /home/runner/work/build_qa_automation/build_qa_automation/core/agents/planner.py --project /home/runner/work/build_qa_automation/build_qa_automation/projects/ci_demoqa_practice --goal Test various form elements --url https://demoqa.com/ --deep
2026-01-18T19:00:01.1637464Z ✅ Phase 'planning' completed successfully.
2026-01-18T19:00:01.1638065Z 
2026-01-18T19:00:01.1638227Z [PHASE] Running Phase: EXPLORATION
2026-01-18T19:00:01.1639886Z    Command: /opt/hostedtoolcache/Python/3.11.14/x64/bin/python /home/runner/work/build_qa_automation/build_qa_automation/core/agents/deep_explorer.py --project /home/runner/work/build_qa_automation/build_qa_automation/projects/ci_demoqa_practice
2026-01-18T19:00:01.1641023Z ✅ Phase 'exploration' completed successfully.
2026-01-18T19:00:01.1641396Z 📊 Exploration Discovery Success Rate: 66.7%
2026-01-18T19:00:01.1641590Z 
2026-01-18T19:00:01.1641683Z [PHASE] Running Phase: EXECUTION
2026-01-18T19:00:01.1642601Z    Command: /opt/hostedtoolcache/Python/3.11.14/x64/bin/python /home/runner/work/build_qa_automation/build_qa_automation/core/agents/executor.py --project /home/runner/work/build_qa_automation/build_qa_automation/projects/ci_demoqa_practice
2026-01-18T19:00:01.1643581Z ✅ Phase 'execution' completed successfully.
2026-01-18T19:00:01.1643779Z 
2026-01-18T19:00:01.1643884Z [DONE] Pipeline Execution Finished! [DONE]
2026-01-18T19:00:01.3040527Z ##[group]Run RESULT_FILE="projects/ci_demoqa_practice/execution.json"
2026-01-18T19:00:01.3041093Z [36;1mRESULT_FILE="projects/ci_demoqa_practice/execution.json"[0m
2026-01-18T19:00:01.3041512Z [36;1mif [ -f "$RESULT_FILE" ]; then[0m
2026-01-18T19:00:01.3041902Z [36;1m  echo "✅ Results generated successfully: $RESULT_FILE"[0m
2026-01-18T19:00:01.3042406Z [36;1m  cat "$RESULT_FILE" | jq '.scenarios | length' || echo "Result file exists"[0m
2026-01-18T19:00:01.3042823Z [36;1melse[0m
2026-01-18T19:00:01.3043080Z [36;1m  echo "❌ No result file found at $RESULT_FILE"[0m
2026-01-18T19:00:01.3043398Z [36;1m  exit 1[0m
2026-01-18T19:00:01.3043593Z [36;1mfi[0m
2026-01-18T19:00:01.3075418Z shell: /usr/bin/bash -e {0}
2026-01-18T19:00:01.3075680Z env:
2026-01-18T19:00:01.3075967Z   pythonLocation: /opt/hostedtoolcache/Python/3.11.14/x64
2026-01-18T19:00:01.3076461Z   PKG_CONFIG_PATH: /opt/hostedtoolcache/Python/3.11.14/x64/lib/pkgconfig
2026-01-18T19:00:01.3076977Z   Python_ROOT_DIR: /opt/hostedtoolcache/Python/3.11.14/x64
2026-01-18T19:00:01.3077414Z   Python2_ROOT_DIR: /opt/hostedtoolcache/Python/3.11.14/x64
2026-01-18T19:00:01.3078016Z   Python3_ROOT_DIR: /opt/hostedtoolcache/Python/3.11.14/x64
2026-01-18T19:00:01.3078656Z   LD_LIBRARY_PATH: /opt/hostedtoolcache/Python/3.11.14/x64/lib
2026-01-18T19:00:01.3079025Z ##[endgroup]
2026-01-18T19:00:01.3132153Z ✅ Results generated successfully: projects/ci_demoqa_practice/execution.json
2026-01-18T19:00:01.3159900Z 4
2026-01-18T19:00:01.3225918Z ##[group]Run actions/upload-artifact@v4
2026-01-18T19:00:01.3226199Z with:
2026-01-18T19:00:01.3226396Z   name: demoqa_practice-execution-results
2026-01-18T19:00:01.3226841Z   path: projects/ci_demoqa_practice/execution.json
projects/ci_demoqa_practice/workflow.json

2026-01-18T19:00:01.3227281Z   retention-days: 30
2026-01-18T19:00:01.3227484Z   if-no-files-found: warn
2026-01-18T19:00:01.3227925Z   compression-level: 6
2026-01-18T19:00:01.3228118Z   overwrite: false
2026-01-18T19:00:01.3228312Z   include-hidden-files: false
2026-01-18T19:00:01.3228523Z env:
2026-01-18T19:00:01.3228755Z   pythonLocation: /opt/hostedtoolcache/Python/3.11.14/x64
2026-01-18T19:00:01.3229161Z   PKG_CONFIG_PATH: /opt/hostedtoolcache/Python/3.11.14/x64/lib/pkgconfig
2026-01-18T19:00:01.3229582Z   Python_ROOT_DIR: /opt/hostedtoolcache/Python/3.11.14/x64
2026-01-18T19:00:01.3229944Z   Python2_ROOT_DIR: /opt/hostedtoolcache/Python/3.11.14/x64
2026-01-18T19:00:01.3230337Z   Python3_ROOT_DIR: /opt/hostedtoolcache/Python/3.11.14/x64
2026-01-18T19:00:01.3230701Z   LD_LIBRARY_PATH: /opt/hostedtoolcache/Python/3.11.14/x64/lib
2026-01-18T19:00:01.3231012Z ##[endgroup]
2026-01-18T19:00:01.5438130Z Multiple search paths detected. Calculating the least common ancestor of all paths
2026-01-18T19:00:01.5442716Z The least common ancestor is /home/runner/work/build_qa_automation/build_qa_automation/projects/ci_demoqa_practice. This will be the root directory of the artifact
2026-01-18T19:00:01.5444088Z With the provided path, there will be 2 files uploaded
2026-01-18T19:00:01.5450007Z Artifact name is valid!
2026-01-18T19:00:01.5451281Z Root directory input is valid!
2026-01-18T19:00:01.6200824Z Beginning upload of artifact content to blob storage
2026-01-18T19:00:01.6771537Z Uploaded bytes 1054
2026-01-18T19:00:01.6941000Z Finished uploading artifact content to blob storage!
2026-01-18T19:00:01.6944447Z SHA256 digest of uploaded artifact zip is 0bfef83b8ddfb0e6732bf66896293999632c5d4fedce3ac3eaffd12576124e25
2026-01-18T19:00:01.6946477Z Finalizing artifact upload
2026-01-18T19:00:01.7636642Z Artifact demoqa_practice-execution-results.zip successfully finalized. Artifact ID 5169982750
2026-01-18T19:00:01.7639531Z Artifact demoqa_practice-execution-results has been successfully uploaded! Final size is 1054 bytes. Artifact ID is 5169982750
2026-01-18T19:00:01.7647050Z Artifact download URL: https://github.com/vishvasmca-cmd/build_qa_automation/actions/runs/21116744370/artifacts/5169982750
2026-01-18T19:00:01.7781624Z Post job cleanup.
2026-01-18T19:00:01.9509180Z Cache hit occurred on the primary key setup-python-Linux-x64-24.04-Ubuntu-python-3.11.14-pip-dde08d0e0b672972dcda9f1a063036a2e0c226f5d0a20362e9401931676d80a4, not saving cache.
2026-01-18T19:00:01.9695524Z Post job cleanup.
2026-01-18T19:00:02.0672322Z [command]/usr/bin/git version
2026-01-18T19:00:02.0710045Z git version 2.52.0
2026-01-18T19:00:02.0752538Z Temporarily overriding HOME='/home/runner/work/_temp/3eab20e9-247b-44a2-8367-a900ec131fd2' before making global git config changes
2026-01-18T19:00:02.0753903Z Adding repository directory to the temporary git global config as a safe directory
2026-01-18T19:00:02.0757976Z [command]/usr/bin/git config --global --add safe.directory /home/runner/work/build_qa_automation/build_qa_automation
2026-01-18T19:00:02.0799029Z [command]/usr/bin/git config --local --name-only --get-regexp core\.sshCommand
2026-01-18T19:00:02.0830957Z [command]/usr/bin/git submodule foreach --recursive sh -c "git config --local --name-only --get-regexp 'core\.sshCommand' && git config --local --unset-all 'core.sshCommand' || :"
2026-01-18T19:00:02.1072098Z [command]/usr/bin/git config --local --name-only --get-regexp http\.https\:\/\/github\.com\/\.extraheader
2026-01-18T19:00:02.1095414Z http.https://github.com/.extraheader
2026-01-18T19:00:02.1109271Z [command]/usr/bin/git config --local --unset-all http.https://github.com/.extraheader
2026-01-18T19:00:02.1140979Z [command]/usr/bin/git submodule foreach --recursive sh -c "git config --local --name-only --get-regexp 'http\.https\:\/\/github\.com\/\.extraheader' && git config --local --unset-all 'http.https://github.com/.extraheader' || :"
2026-01-18T19:00:02.1367577Z [command]/usr/bin/git config --local --name-only --get-regexp ^includeIf\.gitdir:
2026-01-18T19:00:02.1399678Z [command]/usr/bin/git submodule foreach --recursive git config --local --show-origin --name-only --get-regexp remote.origin.url
2026-01-18T19:00:02.1743890Z Cleaning up orphan processes
