2026-01-19T03:59:17.7730819Z Current runner version: '2.331.0'
2026-01-19T03:59:17.7753579Z ##[group]Runner Image Provisioner
2026-01-19T03:59:17.7754339Z Hosted Compute Agent
2026-01-19T03:59:17.7754887Z Version: 20251211.462
2026-01-19T03:59:17.7755629Z Commit: 6cbad8c2bb55d58165063d031ccabf57e2d2db61
2026-01-19T03:59:17.7756307Z Build Date: 2025-12-11T16:28:49Z
2026-01-19T03:59:17.7756951Z Worker ID: {91fd47ae-46d2-412c-bb98-b2006282354b}
2026-01-19T03:59:17.7757721Z ##[endgroup]
2026-01-19T03:59:17.7758254Z ##[group]Operating System
2026-01-19T03:59:17.7758793Z Ubuntu
2026-01-19T03:59:17.7759301Z 24.04.3
2026-01-19T03:59:17.7759765Z LTS
2026-01-19T03:59:17.7760525Z ##[endgroup]
2026-01-19T03:59:17.7761156Z ##[group]Runner Image
2026-01-19T03:59:17.7761711Z Image: ubuntu-24.04
2026-01-19T03:59:17.7762205Z Version: 20260111.209.1
2026-01-19T03:59:17.7763295Z Included Software: https://github.com/actions/runner-images/blob/ubuntu24/20260111.209/images/ubuntu/Ubuntu2404-Readme.md
2026-01-19T03:59:17.7764798Z Image Release: https://github.com/actions/runner-images/releases/tag/ubuntu24%2F20260111.209
2026-01-19T03:59:17.7765914Z ##[endgroup]
2026-01-19T03:59:17.7767247Z ##[group]GITHUB_TOKEN Permissions
2026-01-19T03:59:17.7770187Z Contents: read
2026-01-19T03:59:17.7770855Z Metadata: read
2026-01-19T03:59:17.7771382Z Packages: read
2026-01-19T03:59:17.7771974Z ##[endgroup]
2026-01-19T03:59:17.7773938Z Secret source: Actions
2026-01-19T03:59:17.7774684Z Prepare workflow directory
2026-01-19T03:59:17.8728262Z Prepare all required actions
2026-01-19T03:59:17.8765438Z Getting action download info
2026-01-19T03:59:18.1489398Z Download action repository 'actions/checkout@v4' (SHA:34e114876b0b11c390a56381ad16ebd13914f8d5)
2026-01-19T03:59:18.2756310Z Download action repository 'actions/setup-python@v5' (SHA:a26af69be951a213d495a4c3e4e4022e16d87065)
2026-01-19T03:59:18.3613711Z Download action repository 'actions/upload-artifact@v4' (SHA:ea165f8d65b6e75b540449e92b4886f43607fa02)
2026-01-19T03:59:18.6734659Z Complete job name: test-websites-deep (demoqa_practice, https://demoqa.com/, Test various form elements)
2026-01-19T03:59:18.8757017Z ##[group]Run actions/checkout@v4
2026-01-19T03:59:18.8757846Z with:
2026-01-19T03:59:18.8758288Z   repository: vishvasmca-cmd/build_qa_automation
2026-01-19T03:59:18.8759021Z   token: ***
2026-01-19T03:59:18.8759391Z   ssh-strict: true
2026-01-19T03:59:18.8759786Z   ssh-user: git
2026-01-19T03:59:18.8760389Z   persist-credentials: true
2026-01-19T03:59:18.8760829Z   clean: true
2026-01-19T03:59:18.8761238Z   sparse-checkout-cone-mode: true
2026-01-19T03:59:18.8761713Z   fetch-depth: 1
2026-01-19T03:59:18.8762096Z   fetch-tags: false
2026-01-19T03:59:18.8762481Z   show-progress: true
2026-01-19T03:59:18.8762873Z   lfs: false
2026-01-19T03:59:18.8763239Z   submodules: false
2026-01-19T03:59:18.8763635Z   set-safe-directory: true
2026-01-19T03:59:18.8764310Z ##[endgroup]
2026-01-19T03:59:18.9811148Z Syncing repository: vishvasmca-cmd/build_qa_automation
2026-01-19T03:59:18.9812899Z ##[group]Getting Git version info
2026-01-19T03:59:18.9813768Z Working directory is '/home/runner/work/build_qa_automation/build_qa_automation'
2026-01-19T03:59:18.9815029Z [command]/usr/bin/git version
2026-01-19T03:59:18.9891750Z git version 2.52.0
2026-01-19T03:59:18.9917091Z ##[endgroup]
2026-01-19T03:59:18.9931059Z Temporarily overriding HOME='/home/runner/work/_temp/95c1bb39-5c51-4e0a-a125-a173aa31e4e8' before making global git config changes
2026-01-19T03:59:18.9932636Z Adding repository directory to the temporary git global config as a safe directory
2026-01-19T03:59:18.9943490Z [command]/usr/bin/git config --global --add safe.directory /home/runner/work/build_qa_automation/build_qa_automation
2026-01-19T03:59:18.9984578Z Deleting the contents of '/home/runner/work/build_qa_automation/build_qa_automation'
2026-01-19T03:59:18.9987846Z ##[group]Initializing the repository
2026-01-19T03:59:18.9992301Z [command]/usr/bin/git init /home/runner/work/build_qa_automation/build_qa_automation
2026-01-19T03:59:19.0111056Z hint: Using 'master' as the name for the initial branch. This default branch name
2026-01-19T03:59:19.0112852Z hint: will change to "main" in Git 3.0. To configure the initial branch name
2026-01-19T03:59:19.0114453Z hint: to use in all of your new repositories, which will suppress this warning,
2026-01-19T03:59:19.0115756Z hint: call:
2026-01-19T03:59:19.0116389Z hint:
2026-01-19T03:59:19.0117191Z hint: 	git config --global init.defaultBranch <name>
2026-01-19T03:59:19.0117964Z hint:
2026-01-19T03:59:19.0118533Z hint: Names commonly chosen instead of 'master' are 'main', 'trunk' and
2026-01-19T03:59:19.0119474Z hint: 'development'. The just-created branch can be renamed via this command:
2026-01-19T03:59:19.0120479Z hint:
2026-01-19T03:59:19.0120881Z hint: 	git branch -m <name>
2026-01-19T03:59:19.0121341Z hint:
2026-01-19T03:59:19.0122323Z hint: Disable this message with "git config set advice.defaultBranchName false"
2026-01-19T03:59:19.0123587Z Initialized empty Git repository in /home/runner/work/build_qa_automation/build_qa_automation/.git/
2026-01-19T03:59:19.0127546Z [command]/usr/bin/git remote add origin https://github.com/vishvasmca-cmd/build_qa_automation
2026-01-19T03:59:19.0160881Z ##[endgroup]
2026-01-19T03:59:19.0161597Z ##[group]Disabling automatic garbage collection
2026-01-19T03:59:19.0165121Z [command]/usr/bin/git config --local gc.auto 0
2026-01-19T03:59:19.0192844Z ##[endgroup]
2026-01-19T03:59:19.0193520Z ##[group]Setting up auth
2026-01-19T03:59:19.0199273Z [command]/usr/bin/git config --local --name-only --get-regexp core\.sshCommand
2026-01-19T03:59:19.0229108Z [command]/usr/bin/git submodule foreach --recursive sh -c "git config --local --name-only --get-regexp 'core\.sshCommand' && git config --local --unset-all 'core.sshCommand' || :"
2026-01-19T03:59:19.0581895Z [command]/usr/bin/git config --local --name-only --get-regexp http\.https\:\/\/github\.com\/\.extraheader
2026-01-19T03:59:19.0613622Z [command]/usr/bin/git submodule foreach --recursive sh -c "git config --local --name-only --get-regexp 'http\.https\:\/\/github\.com\/\.extraheader' && git config --local --unset-all 'http.https://github.com/.extraheader' || :"
2026-01-19T03:59:19.0828312Z [command]/usr/bin/git config --local --name-only --get-regexp ^includeIf\.gitdir:
2026-01-19T03:59:19.0858478Z [command]/usr/bin/git submodule foreach --recursive git config --local --show-origin --name-only --get-regexp remote.origin.url
2026-01-19T03:59:19.1083735Z [command]/usr/bin/git config --local http.https://github.com/.extraheader AUTHORIZATION: basic ***
2026-01-19T03:59:19.1117486Z ##[endgroup]
2026-01-19T03:59:19.1118732Z ##[group]Fetching the repository
2026-01-19T03:59:19.1127061Z [command]/usr/bin/git -c protocol.version=2 fetch --no-tags --prune --no-recurse-submodules --depth=1 origin +2f305d435d899f67f11ae5adc61ad536fdd999e8:refs/remotes/origin/main
2026-01-19T03:59:20.0357110Z From https://github.com/vishvasmca-cmd/build_qa_automation
2026-01-19T03:59:20.0359481Z  * [new ref]         2f305d435d899f67f11ae5adc61ad536fdd999e8 -> origin/main
2026-01-19T03:59:20.0393966Z ##[endgroup]
2026-01-19T03:59:20.0396839Z ##[group]Determining the checkout info
2026-01-19T03:59:20.0398265Z ##[endgroup]
2026-01-19T03:59:20.0402361Z [command]/usr/bin/git sparse-checkout disable
2026-01-19T03:59:20.0444926Z [command]/usr/bin/git config --local --unset-all extensions.worktreeConfig
2026-01-19T03:59:20.0473718Z ##[group]Checking out the ref
2026-01-19T03:59:20.0475813Z [command]/usr/bin/git checkout --progress --force -B main refs/remotes/origin/main
2026-01-19T03:59:20.1916296Z Switched to a new branch 'main'
2026-01-19T03:59:20.1917931Z branch 'main' set up to track 'origin/main'.
2026-01-19T03:59:20.1937581Z ##[endgroup]
2026-01-19T03:59:20.1977316Z [command]/usr/bin/git log -1 --format=%H
2026-01-19T03:59:20.2001136Z 2f305d435d899f67f11ae5adc61ad536fdd999e8
2026-01-19T03:59:20.3170949Z ##[group]Run actions/setup-python@v5
2026-01-19T03:59:20.3172096Z with:
2026-01-19T03:59:20.3172881Z   python-version: 3.11
2026-01-19T03:59:20.3173789Z   cache: pip
2026-01-19T03:59:20.3174833Z   check-latest: false
2026-01-19T03:59:20.3175996Z   token: ***
2026-01-19T03:59:20.3176837Z   update-environment: true
2026-01-19T03:59:20.3177816Z   allow-prereleases: false
2026-01-19T03:59:20.3178779Z   freethreaded: false
2026-01-19T03:59:20.3179642Z ##[endgroup]
2026-01-19T03:59:20.4879626Z ##[group]Installed versions
2026-01-19T03:59:20.4995973Z Successfully set up CPython (3.11.14)
2026-01-19T03:59:20.4997000Z ##[endgroup]
2026-01-19T03:59:20.6050409Z [command]/opt/hostedtoolcache/Python/3.11.14/x64/bin/pip cache dir
2026-01-19T03:59:21.7825343Z /home/runner/.cache/pip
2026-01-19T03:59:21.8882803Z Cache hit for: setup-python-Linux-x64-24.04-Ubuntu-python-3.11.14-pip-dde08d0e0b672972dcda9f1a063036a2e0c226f5d0a20362e9401931676d80a4
2026-01-19T03:59:22.9475602Z Received 239075328 of 254742636 (93.8%), 226.6 MBs/sec
2026-01-19T03:59:23.0771335Z Received 254742636 of 254742636 (100.0%), 214.0 MBs/sec
2026-01-19T03:59:23.0772530Z Cache Size: ~243 MB (254742636 B)
2026-01-19T03:59:23.0811986Z [command]/usr/bin/tar -xf /home/runner/work/_temp/3628974b-c5da-4167-83ec-0823346ac215/cache.tzst -P -C /home/runner/work/build_qa_automation/build_qa_automation --use-compress-program unzstd
2026-01-19T03:59:23.4557598Z Cache restored successfully
2026-01-19T03:59:23.5067727Z Cache restored from key: setup-python-Linux-x64-24.04-Ubuntu-python-3.11.14-pip-dde08d0e0b672972dcda9f1a063036a2e0c226f5d0a20362e9401931676d80a4
2026-01-19T03:59:23.5668975Z ##[group]Run pip install -r requirements.txt
2026-01-19T03:59:23.5669535Z [36;1mpip install -r requirements.txt[0m
2026-01-19T03:59:23.5670201Z [36;1mplaywright install chromium[0m
2026-01-19T03:59:23.5708900Z shell: /usr/bin/bash -e {0}
2026-01-19T03:59:23.5709237Z env:
2026-01-19T03:59:23.5709600Z   pythonLocation: /opt/hostedtoolcache/Python/3.11.14/x64
2026-01-19T03:59:23.5710376Z   PKG_CONFIG_PATH: /opt/hostedtoolcache/Python/3.11.14/x64/lib/pkgconfig
2026-01-19T03:59:23.5710930Z   Python_ROOT_DIR: /opt/hostedtoolcache/Python/3.11.14/x64
2026-01-19T03:59:23.5711407Z   Python2_ROOT_DIR: /opt/hostedtoolcache/Python/3.11.14/x64
2026-01-19T03:59:23.5711971Z   Python3_ROOT_DIR: /opt/hostedtoolcache/Python/3.11.14/x64
2026-01-19T03:59:23.5712473Z   LD_LIBRARY_PATH: /opt/hostedtoolcache/Python/3.11.14/x64/lib
2026-01-19T03:59:23.5712870Z ##[endgroup]
2026-01-19T03:59:24.5365698Z Collecting playwright (from -r requirements.txt (line 1))
2026-01-19T03:59:24.5382286Z   Using cached playwright-1.57.0-py3-none-manylinux1_x86_64.whl.metadata (3.5 kB)
2026-01-19T03:59:24.5572764Z Collecting python-dotenv (from -r requirements.txt (line 2))
2026-01-19T03:59:24.5587518Z   Using cached python_dotenv-1.2.1-py3-none-any.whl.metadata (25 kB)
2026-01-19T03:59:24.5882003Z Collecting requests (from -r requirements.txt (line 3))
2026-01-19T03:59:24.5895438Z   Using cached requests-2.32.5-py3-none-any.whl.metadata (4.9 kB)
2026-01-19T03:59:24.7603952Z Collecting pillow (from -r requirements.txt (line 4))
2026-01-19T03:59:24.7620699Z   Using cached pillow-12.1.0-cp311-cp311-manylinux_2_27_x86_64.manylinux_2_28_x86_64.whl.metadata (8.8 kB)
2026-01-19T03:59:24.7903995Z Collecting google-genai>=0.3.0 (from -r requirements.txt (line 5))
2026-01-19T03:59:24.7916674Z   Using cached google_genai-1.59.0-py3-none-any.whl.metadata (53 kB)
2026-01-19T03:59:24.8094022Z Collecting termcolor (from -r requirements.txt (line 6))
2026-01-19T03:59:24.8106870Z   Using cached termcolor-3.3.0-py3-none-any.whl.metadata (6.5 kB)
2026-01-19T03:59:24.8483298Z Collecting PyYAML (from -r requirements.txt (line 7))
2026-01-19T03:59:24.8496696Z   Using cached pyyaml-6.0.3-cp311-cp311-manylinux2014_x86_64.manylinux_2_17_x86_64.manylinux_2_28_x86_64.whl.metadata (2.4 kB)
2026-01-19T03:59:24.9359277Z Collecting opencv-python-headless (from -r requirements.txt (line 8))
2026-01-19T03:59:24.9373268Z   Using cached opencv_python_headless-4.13.0.90-cp37-abi3-manylinux_2_28_x86_64.whl.metadata (19 kB)
2026-01-19T03:59:25.1369908Z Collecting numpy (from -r requirements.txt (line 9))
2026-01-19T03:59:25.1385891Z   Using cached numpy-2.4.1-cp311-cp311-manylinux_2_27_x86_64.manylinux_2_28_x86_64.whl.metadata (6.6 kB)
2026-01-19T03:59:25.2256023Z Collecting faker (from -r requirements.txt (line 10))
2026-01-19T03:59:25.2269765Z   Using cached faker-40.1.2-py3-none-any.whl.metadata (16 kB)
2026-01-19T03:59:25.2451141Z Collecting pyee<14,>=13 (from playwright->-r requirements.txt (line 1))
2026-01-19T03:59:25.2464574Z   Using cached pyee-13.0.0-py3-none-any.whl.metadata (2.9 kB)
2026-01-19T03:59:25.3664638Z Collecting greenlet<4.0.0,>=3.1.1 (from playwright->-r requirements.txt (line 1))
2026-01-19T03:59:25.3678644Z   Using cached greenlet-3.3.0-cp311-cp311-manylinux_2_24_x86_64.manylinux_2_28_x86_64.whl.metadata (4.1 kB)
2026-01-19T03:59:25.3889703Z Collecting typing-extensions (from pyee<14,>=13->playwright->-r requirements.txt (line 1))
2026-01-19T03:59:25.3902780Z   Using cached typing_extensions-4.15.0-py3-none-any.whl.metadata (3.3 kB)
2026-01-19T03:59:25.4757559Z Collecting charset_normalizer<4,>=2 (from requests->-r requirements.txt (line 3))
2026-01-19T03:59:25.4772118Z   Using cached charset_normalizer-3.4.4-cp311-cp311-manylinux2014_x86_64.manylinux_2_17_x86_64.manylinux_2_28_x86_64.whl.metadata (37 kB)
2026-01-19T03:59:25.4944329Z Collecting idna<4,>=2.5 (from requests->-r requirements.txt (line 3))
2026-01-19T03:59:25.4957121Z   Using cached idna-3.11-py3-none-any.whl.metadata (8.4 kB)
2026-01-19T03:59:25.5257655Z Collecting urllib3<3,>=1.21.1 (from requests->-r requirements.txt (line 3))
2026-01-19T03:59:25.5274825Z   Using cached urllib3-2.6.3-py3-none-any.whl.metadata (6.9 kB)
2026-01-19T03:59:25.5498907Z Collecting certifi>=2017.4.17 (from requests->-r requirements.txt (line 3))
2026-01-19T03:59:25.5511886Z   Using cached certifi-2026.1.4-py3-none-any.whl.metadata (2.5 kB)
2026-01-19T03:59:25.5746327Z Collecting anyio<5.0.0,>=4.8.0 (from google-genai>=0.3.0->-r requirements.txt (line 5))
2026-01-19T03:59:25.5759045Z   Using cached anyio-4.12.1-py3-none-any.whl.metadata (4.3 kB)
2026-01-19T03:59:25.6159486Z Collecting google-auth<3.0.0,>=2.47.0 (from google-auth[requests]<3.0.0,>=2.47.0->google-genai>=0.3.0->-r requirements.txt (line 5))
2026-01-19T03:59:25.6172196Z   Using cached google_auth-2.47.0-py3-none-any.whl.metadata (6.4 kB)
2026-01-19T03:59:25.6422064Z Collecting httpx<1.0.0,>=0.28.1 (from google-genai>=0.3.0->-r requirements.txt (line 5))
2026-01-19T03:59:25.6435115Z   Using cached httpx-0.28.1-py3-none-any.whl.metadata (7.1 kB)
2026-01-19T03:59:25.7861642Z Collecting pydantic<3.0.0,>=2.9.0 (from google-genai>=0.3.0->-r requirements.txt (line 5))
2026-01-19T03:59:25.7876070Z   Using cached pydantic-2.12.5-py3-none-any.whl.metadata (90 kB)
2026-01-19T03:59:25.8170902Z Collecting tenacity<9.2.0,>=8.2.3 (from google-genai>=0.3.0->-r requirements.txt (line 5))
2026-01-19T03:59:25.8184100Z   Using cached tenacity-9.1.2-py3-none-any.whl.metadata (1.2 kB)
2026-01-19T03:59:25.9075872Z Collecting websockets<15.1.0,>=13.0.0 (from google-genai>=0.3.0->-r requirements.txt (line 5))
2026-01-19T03:59:25.9091409Z   Using cached websockets-15.0.1-cp311-cp311-manylinux_2_5_x86_64.manylinux1_x86_64.manylinux_2_17_x86_64.manylinux2014_x86_64.whl.metadata (6.8 kB)
2026-01-19T03:59:25.9271087Z Collecting distro<2,>=1.7.0 (from google-genai>=0.3.0->-r requirements.txt (line 5))
2026-01-19T03:59:25.9284220Z   Using cached distro-1.9.0-py3-none-any.whl.metadata (6.8 kB)
2026-01-19T03:59:25.9405086Z Collecting sniffio (from google-genai>=0.3.0->-r requirements.txt (line 5))
2026-01-19T03:59:25.9418257Z   Using cached sniffio-1.3.1-py3-none-any.whl.metadata (3.9 kB)
2026-01-19T03:59:25.9720621Z Collecting pyasn1-modules>=0.2.1 (from google-auth<3.0.0,>=2.47.0->google-auth[requests]<3.0.0,>=2.47.0->google-genai>=0.3.0->-r requirements.txt (line 5))
2026-01-19T03:59:25.9733504Z   Using cached pyasn1_modules-0.4.2-py3-none-any.whl.metadata (3.5 kB)
2026-01-19T03:59:25.9905051Z Collecting rsa<5,>=3.1.4 (from google-auth<3.0.0,>=2.47.0->google-auth[requests]<3.0.0,>=2.47.0->google-genai>=0.3.0->-r requirements.txt (line 5))
2026-01-19T03:59:25.9917662Z   Using cached rsa-4.9.1-py3-none-any.whl.metadata (5.6 kB)
2026-01-19T03:59:26.0240539Z Collecting httpcore==1.* (from httpx<1.0.0,>=0.28.1->google-genai>=0.3.0->-r requirements.txt (line 5))
2026-01-19T03:59:26.0253485Z   Using cached httpcore-1.0.9-py3-none-any.whl.metadata (21 kB)
2026-01-19T03:59:26.0398701Z Collecting h11>=0.16 (from httpcore==1.*->httpx<1.0.0,>=0.28.1->google-genai>=0.3.0->-r requirements.txt (line 5))
2026-01-19T03:59:26.0411613Z   Using cached h11-0.16.0-py3-none-any.whl.metadata (8.3 kB)
2026-01-19T03:59:26.0540843Z Collecting annotated-types>=0.6.0 (from pydantic<3.0.0,>=2.9.0->google-genai>=0.3.0->-r requirements.txt (line 5))
2026-01-19T03:59:26.0553761Z   Using cached annotated_types-0.7.0-py3-none-any.whl.metadata (15 kB)
2026-01-19T03:59:26.7059277Z Collecting pydantic-core==2.41.5 (from pydantic<3.0.0,>=2.9.0->google-genai>=0.3.0->-r requirements.txt (line 5))
2026-01-19T03:59:26.7075252Z   Using cached pydantic_core-2.41.5-cp311-cp311-manylinux_2_17_x86_64.manylinux2014_x86_64.whl.metadata (7.3 kB)
2026-01-19T03:59:26.7237630Z Collecting typing-inspection>=0.4.2 (from pydantic<3.0.0,>=2.9.0->google-genai>=0.3.0->-r requirements.txt (line 5))
2026-01-19T03:59:26.7251207Z   Using cached typing_inspection-0.4.2-py3-none-any.whl.metadata (2.6 kB)
2026-01-19T03:59:26.7963298Z Collecting pyasn1>=0.1.3 (from rsa<5,>=3.1.4->google-auth<3.0.0,>=2.47.0->google-auth[requests]<3.0.0,>=2.47.0->google-genai>=0.3.0->-r requirements.txt (line 5))
2026-01-19T03:59:26.7978630Z   Using cached pyasn1-0.6.2-py3-none-any.whl.metadata (8.4 kB)
2026-01-19T03:59:26.8241875Z Using cached playwright-1.57.0-py3-none-manylinux1_x86_64.whl (46.0 MB)
2026-01-19T03:59:26.8584110Z Using cached greenlet-3.3.0-cp311-cp311-manylinux_2_24_x86_64.manylinux_2_28_x86_64.whl (590 kB)
2026-01-19T03:59:26.8601436Z Using cached pyee-13.0.0-py3-none-any.whl (15 kB)
2026-01-19T03:59:26.8614936Z Using cached python_dotenv-1.2.1-py3-none-any.whl (21 kB)
2026-01-19T03:59:26.8628319Z Using cached requests-2.32.5-py3-none-any.whl (64 kB)
2026-01-19T03:59:26.8642676Z Using cached charset_normalizer-3.4.4-cp311-cp311-manylinux2014_x86_64.manylinux_2_17_x86_64.manylinux_2_28_x86_64.whl (151 kB)
2026-01-19T03:59:26.8656484Z Using cached idna-3.11-py3-none-any.whl (71 kB)
2026-01-19T03:59:26.8669906Z Using cached urllib3-2.6.3-py3-none-any.whl (131 kB)
2026-01-19T03:59:26.8684409Z Using cached pillow-12.1.0-cp311-cp311-manylinux_2_27_x86_64.manylinux_2_28_x86_64.whl (7.0 MB)
2026-01-19T03:59:26.8745606Z Using cached google_genai-1.59.0-py3-none-any.whl (719 kB)
2026-01-19T03:59:26.8765196Z Using cached anyio-4.12.1-py3-none-any.whl (113 kB)
2026-01-19T03:59:26.8778787Z Using cached distro-1.9.0-py3-none-any.whl (20 kB)
2026-01-19T03:59:26.8792248Z Using cached google_auth-2.47.0-py3-none-any.whl (234 kB)
2026-01-19T03:59:26.8806723Z Using cached httpx-0.28.1-py3-none-any.whl (73 kB)
2026-01-19T03:59:26.8820315Z Using cached httpcore-1.0.9-py3-none-any.whl (78 kB)
2026-01-19T03:59:26.8834001Z Using cached pydantic-2.12.5-py3-none-any.whl (463 kB)
2026-01-19T03:59:26.8850590Z Using cached pydantic_core-2.41.5-cp311-cp311-manylinux_2_17_x86_64.manylinux2014_x86_64.whl (2.1 MB)
2026-01-19T03:59:26.8877590Z Using cached rsa-4.9.1-py3-none-any.whl (34 kB)
2026-01-19T03:59:26.8890681Z Using cached tenacity-9.1.2-py3-none-any.whl (28 kB)
2026-01-19T03:59:26.8904096Z Using cached typing_extensions-4.15.0-py3-none-any.whl (44 kB)
2026-01-19T03:59:26.8917976Z Using cached websockets-15.0.1-cp311-cp311-manylinux_2_5_x86_64.manylinux1_x86_64.manylinux_2_17_x86_64.manylinux2014_x86_64.whl (182 kB)
2026-01-19T03:59:26.8932030Z Using cached termcolor-3.3.0-py3-none-any.whl (7.7 kB)
2026-01-19T03:59:26.8945897Z Using cached pyyaml-6.0.3-cp311-cp311-manylinux2014_x86_64.manylinux_2_17_x86_64.manylinux_2_28_x86_64.whl (806 kB)
2026-01-19T03:59:26.8964914Z Using cached opencv_python_headless-4.13.0.90-cp37-abi3-manylinux_2_28_x86_64.whl (62.5 MB)
2026-01-19T03:59:26.9415297Z Using cached numpy-2.4.1-cp311-cp311-manylinux_2_27_x86_64.manylinux_2_28_x86_64.whl (16.7 MB)
2026-01-19T03:59:26.9544597Z Using cached faker-40.1.2-py3-none-any.whl (2.0 MB)
2026-01-19T03:59:26.9572259Z Using cached annotated_types-0.7.0-py3-none-any.whl (13 kB)
2026-01-19T03:59:26.9585674Z Using cached certifi-2026.1.4-py3-none-any.whl (152 kB)
2026-01-19T03:59:26.9599712Z Using cached h11-0.16.0-py3-none-any.whl (37 kB)
2026-01-19T03:59:26.9613383Z Using cached pyasn1-0.6.2-py3-none-any.whl (83 kB)
2026-01-19T03:59:26.9626845Z Using cached pyasn1_modules-0.4.2-py3-none-any.whl (181 kB)
2026-01-19T03:59:26.9641667Z Using cached typing_inspection-0.4.2-py3-none-any.whl (14 kB)
2026-01-19T03:59:26.9654972Z Using cached sniffio-1.3.1-py3-none-any.whl (10 kB)
2026-01-19T03:59:27.2018628Z Installing collected packages: websockets, urllib3, typing-extensions, termcolor, tenacity, sniffio, PyYAML, python-dotenv, pyasn1, pillow, numpy, idna, h11, greenlet, faker, distro, charset_normalizer, certifi, annotated-types, typing-inspection, rsa, requests, pyee, pydantic-core, pyasn1-modules, opencv-python-headless, httpcore, anyio, pydantic, playwright, httpx, google-auth, google-genai
2026-01-19T03:59:33.8411415Z 
2026-01-19T03:59:33.8435488Z Successfully installed PyYAML-6.0.3 annotated-types-0.7.0 anyio-4.12.1 certifi-2026.1.4 charset_normalizer-3.4.4 distro-1.9.0 faker-40.1.2 google-auth-2.47.0 google-genai-1.59.0 greenlet-3.3.0 h11-0.16.0 httpcore-1.0.9 httpx-0.28.1 idna-3.11 numpy-2.4.1 opencv-python-headless-4.13.0.90 pillow-12.1.0 playwright-1.57.0 pyasn1-0.6.2 pyasn1-modules-0.4.2 pydantic-2.12.5 pydantic-core-2.41.5 pyee-13.0.0 python-dotenv-1.2.1 requests-2.32.5 rsa-4.9.1 sniffio-1.3.1 tenacity-9.1.2 termcolor-3.3.0 typing-extensions-4.15.0 typing-inspection-0.4.2 urllib3-2.6.3 websockets-15.0.1
2026-01-19T03:59:34.4257706Z Downloading Chromium 143.0.7499.4 (playwright build v1200) from https://cdn.playwright.dev/dbazure/download/playwright/builds/chromium/1200/chromium-linux.zip
2026-01-19T03:59:34.5198097Z (node:2182) [DEP0169] DeprecationWarning: `url.parse()` behavior is not standardized and prone to errors that have security implications. Use the WHATWG URL API instead. CVEs are not issued for `url.parse()` vulnerabilities.
2026-01-19T03:59:34.5199882Z (Use `node --trace-deprecation ...` to show where the warning was created)
2026-01-19T03:59:34.6047549Z |                                                                                |   0% of 164.7 MiB
2026-01-19T03:59:34.7508331Z |■■■■■■■■                                                                        |  10% of 164.7 MiB
2026-01-19T03:59:34.8398482Z |■■■■■■■■■■■■■■■■                                                                |  20% of 164.7 MiB
2026-01-19T03:59:34.9223200Z |■■■■■■■■■■■■■■■■■■■■■■■■                                                        |  30% of 164.7 MiB
2026-01-19T03:59:34.9846191Z |■■■■■■■■■■■■■■■■■■■■■■■■■■■■■■■■                                                |  40% of 164.7 MiB
2026-01-19T03:59:35.0434717Z |■■■■■■■■■■■■■■■■■■■■■■■■■■■■■■■■■■■■■■■■                                        |  50% of 164.7 MiB
2026-01-19T03:59:35.0999458Z |■■■■■■■■■■■■■■■■■■■■■■■■■■■■■■■■■■■■■■■■■■■■■■■■                                |  60% of 164.7 MiB
2026-01-19T03:59:35.1565089Z |■■■■■■■■■■■■■■■■■■■■■■■■■■■■■■■■■■■■■■■■■■■■■■■■■■■■■■■■                        |  70% of 164.7 MiB
2026-01-19T03:59:35.2140249Z |■■■■■■■■■■■■■■■■■■■■■■■■■■■■■■■■■■■■■■■■■■■■■■■■■■■■■■■■■■■■■■■■                |  80% of 164.7 MiB
2026-01-19T03:59:35.2805469Z |■■■■■■■■■■■■■■■■■■■■■■■■■■■■■■■■■■■■■■■■■■■■■■■■■■■■■■■■■■■■■■■■■■■■■■■■        |  90% of 164.7 MiB
2026-01-19T03:59:35.3512885Z |■■■■■■■■■■■■■■■■■■■■■■■■■■■■■■■■■■■■■■■■■■■■■■■■■■■■■■■■■■■■■■■■■■■■■■■■■■■■■■■■| 100% of 164.7 MiB
2026-01-19T03:59:37.8164568Z Chromium 143.0.7499.4 (playwright build v1200) downloaded to /home/runner/.cache/ms-playwright/chromium-1200
2026-01-19T03:59:37.8168327Z Downloading FFMPEG playwright build v1011 from https://cdn.playwright.dev/dbazure/download/playwright/builds/ffmpeg/1011/ffmpeg-linux.zip
2026-01-19T03:59:37.9200999Z (node:2193) [DEP0169] DeprecationWarning: `url.parse()` behavior is not standardized and prone to errors that have security implications. Use the WHATWG URL API instead. CVEs are not issued for `url.parse()` vulnerabilities.
2026-01-19T03:59:37.9203214Z (Use `node --trace-deprecation ...` to show where the warning was created)
2026-01-19T03:59:38.0720740Z |                                                                                |   0% of 2.3 MiB
2026-01-19T03:59:38.0960501Z |■■■■■■■■                                                                        |  10% of 2.3 MiB
2026-01-19T03:59:38.1085614Z |■■■■■■■■■■■■■■■■                                                                |  20% of 2.3 MiB
2026-01-19T03:59:38.1154972Z |■■■■■■■■■■■■■■■■■■■■■■■■                                                        |  30% of 2.3 MiB
2026-01-19T03:59:38.1203677Z |■■■■■■■■■■■■■■■■■■■■■■■■■■■■■■■■                                                |  40% of 2.3 MiB
2026-01-19T03:59:38.1245699Z |■■■■■■■■■■■■■■■■■■■■■■■■■■■■■■■■■■■■■■■■                                        |  50% of 2.3 MiB
2026-01-19T03:59:38.1275531Z |■■■■■■■■■■■■■■■■■■■■■■■■■■■■■■■■■■■■■■■■■■■■■■■■                                |  60% of 2.3 MiB
2026-01-19T03:59:38.1303517Z |■■■■■■■■■■■■■■■■■■■■■■■■■■■■■■■■■■■■■■■■■■■■■■■■■■■■■■■■                        |  70% of 2.3 MiB
2026-01-19T03:59:38.1326585Z |■■■■■■■■■■■■■■■■■■■■■■■■■■■■■■■■■■■■■■■■■■■■■■■■■■■■■■■■■■■■■■■■                |  80% of 2.3 MiB
2026-01-19T03:59:38.1354289Z |■■■■■■■■■■■■■■■■■■■■■■■■■■■■■■■■■■■■■■■■■■■■■■■■■■■■■■■■■■■■■■■■■■■■■■■■        |  90% of 2.3 MiB
2026-01-19T03:59:38.1372394Z |■■■■■■■■■■■■■■■■■■■■■■■■■■■■■■■■■■■■■■■■■■■■■■■■■■■■■■■■■■■■■■■■■■■■■■■■■■■■■■■■| 100% of 2.3 MiB
2026-01-19T03:59:38.1963539Z FFMPEG playwright build v1011 downloaded to /home/runner/.cache/ms-playwright/ffmpeg-1011
2026-01-19T03:59:38.1967031Z Downloading Chromium Headless Shell 143.0.7499.4 (playwright build v1200) from https://cdn.playwright.dev/dbazure/download/playwright/builds/chromium/1200/chromium-headless-shell-linux.zip
2026-01-19T03:59:38.2996674Z (node:2204) [DEP0169] DeprecationWarning: `url.parse()` behavior is not standardized and prone to errors that have security implications. Use the WHATWG URL API instead. CVEs are not issued for `url.parse()` vulnerabilities.
2026-01-19T03:59:38.2998533Z (Use `node --trace-deprecation ...` to show where the warning was created)
2026-01-19T03:59:38.3683243Z |                                                                                |   0% of 109.7 MiB
2026-01-19T03:59:38.4704451Z |■■■■■■■■                                                                        |  10% of 109.7 MiB
2026-01-19T03:59:38.5349797Z |■■■■■■■■■■■■■■■■                                                                |  20% of 109.7 MiB
2026-01-19T03:59:38.5855810Z |■■■■■■■■■■■■■■■■■■■■■■■■                                                        |  30% of 109.7 MiB
2026-01-19T03:59:38.6408286Z |■■■■■■■■■■■■■■■■■■■■■■■■■■■■■■■■                                                |  40% of 109.7 MiB
2026-01-19T03:59:38.6872188Z |■■■■■■■■■■■■■■■■■■■■■■■■■■■■■■■■■■■■■■■■                                        |  50% of 109.7 MiB
2026-01-19T03:59:38.7326565Z |■■■■■■■■■■■■■■■■■■■■■■■■■■■■■■■■■■■■■■■■■■■■■■■■                                |  60% of 109.7 MiB
2026-01-19T03:59:38.7727587Z |■■■■■■■■■■■■■■■■■■■■■■■■■■■■■■■■■■■■■■■■■■■■■■■■■■■■■■■■                        |  70% of 109.7 MiB
2026-01-19T03:59:38.8139199Z |■■■■■■■■■■■■■■■■■■■■■■■■■■■■■■■■■■■■■■■■■■■■■■■■■■■■■■■■■■■■■■■■                |  80% of 109.7 MiB
2026-01-19T03:59:38.8511600Z |■■■■■■■■■■■■■■■■■■■■■■■■■■■■■■■■■■■■■■■■■■■■■■■■■■■■■■■■■■■■■■■■■■■■■■■■        |  90% of 109.7 MiB
2026-01-19T03:59:38.8956536Z |■■■■■■■■■■■■■■■■■■■■■■■■■■■■■■■■■■■■■■■■■■■■■■■■■■■■■■■■■■■■■■■■■■■■■■■■■■■■■■■■| 100% of 109.7 MiB
2026-01-19T03:59:40.8140253Z Chromium Headless Shell 143.0.7499.4 (playwright build v1200) downloaded to /home/runner/.cache/ms-playwright/chromium_headless_shell-1200
2026-01-19T03:59:40.8487011Z ##[group]Run mkdir -p projects/ci_demoqa_practice
2026-01-19T03:59:40.8487433Z [36;1mmkdir -p projects/ci_demoqa_practice[0m
2026-01-19T03:59:40.8487843Z [36;1mcat > projects/ci_demoqa_practice/config.json << 'EOF'[0m
2026-01-19T03:59:40.8488167Z [36;1m{[0m
2026-01-19T03:59:40.8488381Z [36;1m  "project_name": "ci_demoqa_practice",[0m
2026-01-19T03:59:40.8488714Z [36;1m  "target_url": "https://demoqa.com/",[0m
2026-01-19T03:59:40.8489033Z [36;1m  "goal": "Test various form elements",[0m
2026-01-19T03:59:40.8489310Z [36;1m  "headless": true[0m
2026-01-19T03:59:40.8489525Z [36;1m}[0m
2026-01-19T03:59:40.8489697Z [36;1mEOF[0m
2026-01-19T03:59:40.8523390Z shell: /usr/bin/bash -e {0}
2026-01-19T03:59:40.8523629Z env:
2026-01-19T03:59:40.8523892Z   pythonLocation: /opt/hostedtoolcache/Python/3.11.14/x64
2026-01-19T03:59:40.8524318Z   PKG_CONFIG_PATH: /opt/hostedtoolcache/Python/3.11.14/x64/lib/pkgconfig
2026-01-19T03:59:40.8524777Z   Python_ROOT_DIR: /opt/hostedtoolcache/Python/3.11.14/x64
2026-01-19T03:59:40.8525160Z   Python2_ROOT_DIR: /opt/hostedtoolcache/Python/3.11.14/x64
2026-01-19T03:59:40.8525531Z   Python3_ROOT_DIR: /opt/hostedtoolcache/Python/3.11.14/x64
2026-01-19T03:59:40.8525906Z   LD_LIBRARY_PATH: /opt/hostedtoolcache/Python/3.11.14/x64/lib
2026-01-19T03:59:40.8526227Z ##[endgroup]
2026-01-19T03:59:40.8695641Z ##[group]Run # Use --deep for comprehensive regression suite
2026-01-19T03:59:40.8696108Z [36;1m# Use --deep for comprehensive regression suite[0m
2026-01-19T03:59:40.8696585Z [36;1mpython orchestrator.py --project projects/ci_demoqa_practice --deep --force[0m
2026-01-19T03:59:40.8727971Z shell: /usr/bin/bash -e {0}
2026-01-19T03:59:40.8728205Z env:
2026-01-19T03:59:40.8728459Z   pythonLocation: /opt/hostedtoolcache/Python/3.11.14/x64
2026-01-19T03:59:40.8728884Z   PKG_CONFIG_PATH: /opt/hostedtoolcache/Python/3.11.14/x64/lib/pkgconfig
2026-01-19T03:59:40.8729331Z   Python_ROOT_DIR: /opt/hostedtoolcache/Python/3.11.14/x64
2026-01-19T03:59:40.8729717Z   Python2_ROOT_DIR: /opt/hostedtoolcache/Python/3.11.14/x64
2026-01-19T03:59:40.8730252Z   Python3_ROOT_DIR: /opt/hostedtoolcache/Python/3.11.14/x64
2026-01-19T03:59:40.8730820Z   LD_LIBRARY_PATH: /opt/hostedtoolcache/Python/3.11.14/x64/lib
2026-01-19T03:59:40.8731366Z   GOOGLE_API_KEY: ***
2026-01-19T03:59:40.8731609Z   PYTHONPATH: .
2026-01-19T03:59:40.8731800Z ##[endgroup]
2026-01-19T03:59:42.6920345Z 🚀 [DEEP] Extensive mapping enabled (Depth: 3, Pages: 50)
2026-01-19T03:59:42.6920863Z 
2026-01-19T03:59:42.6921459Z 🗺️ [DISCOVERY] Starting Parallel Semantic Crawl on https://demoqa.com/ (Workers: 3)
2026-01-19T03:59:44.1561813Z   🔍 [Worker 0] Visiting (0): https://demoqa.com/
2026-01-19T03:59:46.0878229Z [DEBUG] Sending request to gemini-2.0-flash. Number of parts: 1
2026-01-19T03:59:46.0880590Z [DEBUG] Received response (Length: 224)
2026-01-19T03:59:46.0881750Z   🔍 [Worker 1] Visiting (1): https://demoqa.com
2026-01-19T03:59:46.6428137Z [CACHE HIT] d9fd0d7f... (hits: 1, misses: 1)
2026-01-19T03:59:46.6429019Z ✅ Discovery Complete. Mapped 2 pages.
2026-01-19T03:59:56.9197485Z 
2026-01-19T03:59:56.9198153Z [PLAN] PLANNER: Planning goal -> 'Test various form elements' (Deep Mode: True)
2026-01-19T03:59:56.9199208Z 🗺️ [PLAN] Loaded Sitemap with 2 pages.
2026-01-19T03:59:56.9200949Z 🎭 [EXPERT] Detected Domain: GENERAL. Persona: Act as Senior SDET focusing on exploring the application to understand functional flow and identifying critical paths for end-to-end automation
2026-01-19T03:59:56.9202356Z [DEBUG] Sending request to gemini-2.0-flash. Number of parts: 1
2026-01-19T03:59:56.9202934Z [DEBUG] Received response (Length: 4992)
2026-01-19T03:59:56.9203509Z ✅ Planner generated 3 scenarios. Workflow updated.
2026-01-19T03:59:57.9345714Z 
2026-01-19T03:59:57.9346649Z 🕵️ [DEEP EXPLORER] Starting Multi-Scenario Exploration
2026-01-19T03:59:57.9347518Z 📋 Found 3 scenarios to explore.
2026-01-19T03:59:58.2948675Z 
2026-01-19T03:59:58.2949434Z [1/3] Exploring Scenario: Forms - Practice Form Submission
2026-01-19T03:59:58.2951141Z     🧠 Initialized exploration context for goal: 'Test various form elements'
2026-01-19T03:59:58.2951943Z   ▶️ [STEP step_1] NAVIGATE: 
2026-01-19T03:59:59.8552758Z     ✅ Navigated to https://demoqa.com/
2026-01-19T03:59:59.8554665Z   ▶️ [STEP step_2] ASSERT_URL: 
2026-01-19T04:00:04.9226568Z     ⚠️ Scroll into view failed for text=None. Proceeding anyway.
2026-01-19T04:00:06.9237130Z     ✅ State transitioned.
2026-01-19T04:00:08.9454023Z [DEBUG] Sending request to gemini-2.0-flash. Number of parts: 2
2026-01-19T04:00:08.9454897Z [DEBUG] Received response (Length: 225)
2026-01-19T04:00:08.9455901Z     🤖 AI Next Step Suggestion: click -> Forms
2026-01-19T04:00:08.9457113Z     🧩 Suggested Locator: div:nth-of-type(4) > div:nth-of-type(1)
2026-01-19T04:00:08.9458792Z     💭 Reasoning: The goal is to test various form elements. Clicking on the 'Forms' button will navigate to the forms page.
2026-01-19T04:00:08.9460399Z     ➕ Injected AI step: click -> Forms
2026-01-19T04:00:08.9461107Z   ▶️ [STEP step_2_ai_1] CLICK: Forms
2026-01-19T04:00:08.9529723Z     🎯 Using AI-provided locator: div:nth-of-type(4) > div:nth-of-type(1)
2026-01-19T04:00:08.9603527Z     ✅ Found 1 verified locators
2026-01-19T04:00:13.0450885Z     ✅ State transitioned.
2026-01-19T04:00:14.5044697Z [DEBUG] Sending request to gemini-2.0-flash. Number of parts: 2
2026-01-19T04:00:14.5045337Z [DEBUG] Received response (Length: 191)
2026-01-19T04:00:14.5046131Z     🤖 AI Next Step Suggestion: click -> Practice Form
2026-01-19T04:00:14.5046708Z     🧩 Suggested Locator: #item-0
2026-01-19T04:00:14.5047625Z     💭 Reasoning: To test various form elements, we need to navigate to the Practice Form under the Forms section.
2026-01-19T04:00:14.5048257Z     ➕ Injected AI step: click -> Practice Form
2026-01-19T04:00:14.5048621Z   ▶️ [STEP step_2_ai_2] CLICK: Practice Form
2026-01-19T04:00:14.5106142Z     🎯 Using AI-provided locator: #item-0
2026-01-19T04:00:14.5124700Z     🔍 Mining locators for: 'Practice Form'
2026-01-19T04:00:14.5559059Z     🧠 Consulting AI (Vision-First) to find 'Practice Form'...
2026-01-19T04:00:14.5576378Z     🔍 Trying smart selectors for 'Practice Form'...
2026-01-19T04:00:14.6100133Z     ✅ Smart selector found 'Practice Form' via text-case-insensitive (confidence: 0.85)
2026-01-19T04:00:14.6145544Z     ✅ Found 1 verified locators
2026-01-19T04:00:20.1254773Z     ⚠️ Scroll into view failed for span:text-is('Practice Form'). Proceeding anyway.
2026-01-19T04:00:20.6387766Z     ⚠️ Action failed: Locator.click: Element is not visible
2026-01-19T04:00:20.6388396Z Call log:
2026-01-19T04:00:20.6388777Z   ...
2026-01-19T04:00:22.3556922Z [DEBUG] Sending request to gemini-2.0-flash. Number of parts: 2
2026-01-19T04:00:22.3557696Z [DEBUG] Received response (Length: 218)
2026-01-19T04:00:22.3559375Z     ✨ AI Heal Reasoning: The 'Forms' button is the most visible element that allows the user to access the 'Practice Form'. Clicking this button will navigate to the practice form.
2026-01-19T04:00:22.3560612Z     ✨ AI healed exploration action! New selector: #item-0
2026-01-19T04:00:28.3621508Z     ⚠️ Scroll into view failed for #item-0. Proceeding anyway.
2026-01-19T04:00:28.8767990Z   ▶️ [STEP step_3] CLICK: Forms
2026-01-19T04:00:28.8826327Z     🔍 Mining locators for: 'Forms'
2026-01-19T04:00:28.9366519Z     ✅ Found 1 verified locators
2026-01-19T04:00:32.4829699Z     ✅ State transitioned.
2026-01-19T04:00:33.8888234Z [DEBUG] Sending request to gemini-2.0-flash. Number of parts: 2
2026-01-19T04:00:33.8888932Z [DEBUG] Received response (Length: 372)
2026-01-19T04:00:33.8889810Z     🤖 AI Next Step Suggestion: click -> adplus-dvertising
2026-01-19T04:00:33.8890550Z     🧩 Suggested Locator: #close-fixedban
2026-01-19T04:00:33.8892072Z     💭 Reasoning: The goal is to test forms, but the current page is the widgets page. The previous action to click 'Practice Form' failed. Before attempting to click 'Practice Form' again, it's best to dismiss the ad to ensure it's not interfering with the element.
2026-01-19T04:00:33.8893479Z     ➕ Injected AI step: click -> adplus-dvertising
2026-01-19T04:00:33.8893944Z   ▶️ [STEP step_3_ai_1] CLICK: adplus-dvertising
2026-01-19T04:00:33.8945197Z     🎯 Using AI-provided locator: #close-fixedban
2026-01-19T04:00:33.8999027Z     ✅ Found 1 verified locators
2026-01-19T04:00:37.9464623Z     ✅ State transitioned.
2026-01-19T04:00:39.0490747Z [DEBUG] Sending request to gemini-2.0-flash. Number of parts: 2
2026-01-19T04:00:39.0491461Z [DEBUG] Received response (Length: 277)
2026-01-19T04:00:39.0492329Z     🤖 AI Next Step Suggestion: click -> adplus-dvertising
2026-01-19T04:00:39.0493070Z     🧩 Suggested Locator: #close-fixedban
2026-01-19T04:00:39.0495001Z     💭 Reasoning: The previous action to click 'Practice Form' failed. The current page has an ad that needs to be closed before proceeding. Clicking 'adplus-dvertising' will close the ad.
2026-01-19T04:00:39.0496934Z ⚠️ Loop detected: same AI suggestion repeated 2 times. Moving to next step.
2026-01-19T04:00:39.0497836Z   ▶️ [STEP step_4] ASSERT_VISIBLE: Practice Form
2026-01-19T04:00:39.0550957Z     🔍 Mining locators for: 'Practice Form'
2026-01-19T04:00:39.0786299Z     🧠 Consulting AI (Vision-First) to find 'Practice Form'...
2026-01-19T04:00:39.0786948Z     🔍 Trying smart selectors for 'Practice Form'...
2026-01-19T04:00:39.1272537Z     ⚠️ Smart selectors failed (no unique match). Falling back to AI Vision...
2026-01-19T04:00:39.1274210Z     🧠 [EXPERT] Strategy: Act as Senior SDET focusing on exploring the application to understand functional flow and identifying critical paths for end-to-end automation.
2026-01-19T04:00:44.0620598Z [DEBUG] Sending request to gemini-2.0-flash. Number of parts: 2
2026-01-19T04:00:44.0621480Z [DEBUG] Received response (Length: 191)
2026-01-19T04:00:44.0622879Z     💡 Expert Suggestion: Practice Form is likely under the Elements section.
2026-01-19T04:00:44.0624166Z     🛠️ Executing corrective action: click -> 'Elements'
2026-01-19T04:00:44.0931806Z     🔄 Retry 1/3 mining locators for 'Practice Form'...
2026-01-19T04:00:45.1187377Z     🧠 Consulting AI (Vision-First) to find 'Practice Form'...
2026-01-19T04:00:45.1188054Z     🔍 Trying smart selectors for 'Practice Form'...
2026-01-19T04:00:45.1672321Z     ⚠️ Smart selectors failed (no unique match). Falling back to AI Vision...
2026-01-19T04:00:45.1673797Z     🧠 [EXPERT] Strategy: Act as Senior SDET focusing on exploring the application to understand functional flow and identifying critical paths for end-to-end automation.
2026-01-19T04:00:45.1676462Z [CACHE HIT] d1ee1cb8... (hits: 1, misses: 6)
2026-01-19T04:00:45.1677161Z     ⚠️ Skipping duplicate injection: Elements
2026-01-19T04:00:45.1677799Z     🔄 Retry 2/3 mining locators for 'Practice Form'...
2026-01-19T04:00:46.1691920Z     🗑️ Invalidating stale AI cache (retry 2)...
2026-01-19T04:00:46.1692840Z     ⚠️ Cache invalidation warning: No module named 'core.agents.domain_expert'
2026-01-19T04:00:46.2037023Z     🧠 Consulting AI (Vision-First) to find 'Practice Form'...
2026-01-19T04:00:46.2037634Z     🔍 Trying smart selectors for 'Practice Form'...
2026-01-19T04:00:46.2697690Z     ⚠️ Smart selectors failed (no unique match). Falling back to AI Vision...
2026-01-19T04:00:46.2699632Z     🧠 [EXPERT] Strategy: Act as Senior SDET focusing on exploring the application to understand functional flow and identifying critical paths for end-to-end automation.
2026-01-19T04:00:46.2702404Z [CACHE HIT] d1ee1cb8... (hits: 2, misses: 6)
2026-01-19T04:00:46.2703066Z     ⚠️ Skipping duplicate injection: Elements
2026-01-19T04:00:46.2703870Z     🧠 Verifying step validity for 'Practice Form' after no candidates found...
2026-01-19T04:00:48.9725249Z [DEBUG] Sending request to gemini-2.0-flash. Number of parts: 2
2026-01-19T04:00:48.9725928Z [DEBUG] Received response (Length: 189)
2026-01-19T04:00:48.9727605Z     🗑️ Step deemed INVALID: The screenshot is completely blank. It's impossible to determine if 'Practice Form' exists on the page or to provide a locator.. Removing from workflow.
2026-01-19T04:00:48.9728982Z     ⏭️ Skipping execution of invalid step: Practice Form
2026-01-19T04:00:48.9729358Z   ▶️ [STEP step_5] CLICK: Practice Form
2026-01-19T04:00:48.9787769Z     🔍 Mining locators for: 'Practice Form'
2026-01-19T04:00:49.0061057Z     🧠 Consulting AI (Vision-First) to find 'Practice Form'...
2026-01-19T04:00:49.0061976Z     🔍 Trying smart selectors for 'Practice Form'...
2026-01-19T04:00:49.0619049Z     ⚠️ Smart selectors failed (no unique match). Falling back to AI Vision...
2026-01-19T04:00:49.0620468Z     🧠 [EXPERT] Strategy: Act as Senior SDET focusing on exploring the application to understand functional flow and identifying critical paths for end-to-end automation.
2026-01-19T04:00:49.0623141Z [CACHE HIT] d1ee1cb8... (hits: 3, misses: 7)
2026-01-19T04:00:49.0623967Z     💡 Expert Suggestion: Practice Form is likely under the Elements section.
2026-01-19T04:00:49.0624794Z     🛠️ Executing corrective action: click -> 'Elements'
2026-01-19T04:00:49.0955533Z     🔄 Retry 1/3 mining locators for 'Practice Form'...
2026-01-19T04:00:50.1203933Z     🧠 Consulting AI (Vision-First) to find 'Practice Form'...
2026-01-19T04:00:50.1204822Z     🔍 Trying smart selectors for 'Practice Form'...
2026-01-19T04:00:50.1684040Z     ⚠️ Smart selectors failed (no unique match). Falling back to AI Vision...
2026-01-19T04:00:50.1685837Z     🧠 [EXPERT] Strategy: Act as Senior SDET focusing on exploring the application to understand functional flow and identifying critical paths for end-to-end automation.
2026-01-19T04:00:50.1687844Z [CACHE HIT] d1ee1cb8... (hits: 4, misses: 7)
2026-01-19T04:00:50.1688436Z     ⚠️ Skipping duplicate injection: Elements
2026-01-19T04:00:50.1689058Z     🔄 Retry 2/3 mining locators for 'Practice Form'...
2026-01-19T04:00:51.1701672Z     🗑️ Invalidating stale AI cache (retry 2)...
2026-01-19T04:00:51.1703289Z     ⚠️ Cache invalidation warning: No module named 'core.agents.domain_expert'
2026-01-19T04:00:51.1942774Z     🧠 Consulting AI (Vision-First) to find 'Practice Form'...
2026-01-19T04:00:51.1943531Z     🔍 Trying smart selectors for 'Practice Form'...
2026-01-19T04:00:51.2410243Z     ⚠️ Smart selectors failed (no unique match). Falling back to AI Vision...
2026-01-19T04:00:51.2412706Z     🧠 [EXPERT] Strategy: Act as Senior SDET focusing on exploring the application to understand functional flow and identifying critical paths for end-to-end automation.
2026-01-19T04:00:51.2415477Z [CACHE HIT] d1ee1cb8... (hits: 5, misses: 7)
2026-01-19T04:00:51.2416113Z     ⚠️ Skipping duplicate injection: Elements
2026-01-19T04:00:51.2416882Z     🧠 Verifying step validity for 'Practice Form' after no candidates found...
2026-01-19T04:00:51.2419193Z [CACHE HIT] 567707a7... (hits: 6, misses: 7)
2026-01-19T04:00:51.2420831Z     🗑️ Step deemed INVALID: The screenshot is completely blank. It's impossible to determine if 'Practice Form' exists on the page or to provide a locator.. Removing from workflow.
2026-01-19T04:00:51.2421700Z     ⏭️ Skipping execution of invalid step: Practice Form
2026-01-19T04:00:51.2422056Z   ▶️ [STEP step_6] ASSERT_URL: 
2026-01-19T04:00:56.2569474Z     ⚠️ Scroll into view failed for text=None. Proceeding anyway.
2026-01-19T04:00:58.2592872Z     ✅ State transitioned.
2026-01-19T04:00:58.2647849Z     🔄 Revisited state detected (count: 1)
2026-01-19T04:00:59.6187422Z [DEBUG] Sending request to gemini-2.0-flash. Number of parts: 2
2026-01-19T04:00:59.6188123Z [DEBUG] Received response (Length: 302)
2026-01-19T04:00:59.6189021Z     🤖 AI Next Step Suggestion: click -> adplus-dvertising
2026-01-19T04:00:59.6189636Z     🧩 Suggested Locator: #close-fixedban
2026-01-19T04:00:59.6190790Z     💭 Reasoning: The goal is to test form elements, but the current page has an ad that is obscuring the view. Clicking the ad's close button will remove it and allow access to the form elements.
2026-01-19T04:00:59.6191660Z     ➕ Injected AI step: click -> adplus-dvertising
2026-01-19T04:00:59.6192044Z   ▶️ [STEP step_6_ai_1] CLICK: adplus-dvertising
2026-01-19T04:00:59.6251479Z     🎯 Using AI-provided locator: #close-fixedban
2026-01-19T04:00:59.6307737Z     ✅ Found 1 verified locators
2026-01-19T04:01:03.6837379Z     ✅ State transitioned.
2026-01-19T04:01:03.6890825Z     🔄 Revisited state detected (count: 2)
2026-01-19T04:01:04.9254662Z [DEBUG] Sending request to gemini-2.0-flash. Number of parts: 2
2026-01-19T04:01:04.9255421Z [DEBUG] Received response (Length: 279)
2026-01-19T04:01:04.9256370Z     🤖 AI Next Step Suggestion: click -> adplus-dvertising
2026-01-19T04:01:04.9257115Z     🧩 Suggested Locator: #close-fixedban
2026-01-19T04:01:04.9258950Z     💭 Reasoning: The previous action failed to click 'Practice Form'. Before attempting to click 'Practice Form' again, it's best to dismiss the ad that might be interfering with the click.
2026-01-19T04:01:04.9261144Z ⚠️ Loop detected: same AI suggestion repeated 2 times. Moving to next step.
2026-01-19T04:01:04.9262004Z   ▶️ [STEP step_7] FILL: First Name
2026-01-19T04:01:04.9332604Z     🔍 Mining locators for: 'First Name'
2026-01-19T04:01:04.9636504Z     🧠 Consulting AI (Vision-First) to find 'First Name'...
2026-01-19T04:01:04.9637248Z     🔍 Trying smart selectors for 'First Name'...
2026-01-19T04:01:05.0289082Z     ⚠️ Smart selectors failed (no unique match). Falling back to AI Vision...
2026-01-19T04:01:05.0291327Z     🧠 [EXPERT] Strategy: Act as Senior SDET focusing on exploring the application to understand functional flow and identifying critical paths for end-to-end automation.
2026-01-19T04:01:09.7357183Z [DEBUG] Sending request to gemini-2.0-flash. Number of parts: 2
2026-01-19T04:01:09.7357990Z [DEBUG] Received response (Length: 235)
2026-01-19T04:01:09.7359559Z     💡 Expert Suggestion: The 'First Name' field is typically found within an account creation or profile editing section.
2026-01-19T04:01:09.7361028Z     🛠️ Executing corrective action: click -> 'Account'
2026-01-19T04:01:09.7668043Z     🔄 Retry 1/3 mining locators for 'First Name'...
2026-01-19T04:01:10.7925623Z     🧠 Consulting AI (Vision-First) to find 'First Name'...
2026-01-19T04:01:10.7926443Z     🔍 Trying smart selectors for 'First Name'...
2026-01-19T04:01:10.8400516Z     ⚠️ Smart selectors failed (no unique match). Falling back to AI Vision...
2026-01-19T04:01:10.8403046Z     🧠 [EXPERT] Strategy: Act as Senior SDET focusing on exploring the application to understand functional flow and identifying critical paths for end-to-end automation.
2026-01-19T04:01:10.8405116Z [CACHE HIT] fec9f6ad... (hits: 7, misses: 10)
2026-01-19T04:01:10.8405764Z     ⚠️ Skipping duplicate injection: Account
2026-01-19T04:01:10.8406175Z     🔄 Retry 2/3 mining locators for 'First Name'...
2026-01-19T04:01:11.8418931Z     🗑️ Invalidating stale AI cache (retry 2)...
2026-01-19T04:01:11.8420836Z     ⚠️ Cache invalidation warning: No module named 'core.agents.domain_expert'
2026-01-19T04:01:11.8673836Z     🧠 Consulting AI (Vision-First) to find 'First Name'...
2026-01-19T04:01:11.8674303Z     🔍 Trying smart selectors for 'First Name'...
2026-01-19T04:01:11.9172160Z     ⚠️ Smart selectors failed (no unique match). Falling back to AI Vision...
2026-01-19T04:01:11.9173449Z     🧠 [EXPERT] Strategy: Act as Senior SDET focusing on exploring the application to understand functional flow and identifying critical paths for end-to-end automation.
2026-01-19T04:01:11.9176192Z [CACHE HIT] fec9f6ad... (hits: 8, misses: 10)
2026-01-19T04:01:11.9176927Z     ⚠️ Skipping duplicate injection: Account
2026-01-19T04:01:11.9177489Z     🧠 Verifying step validity for 'First Name' after no candidates found...
2026-01-19T04:01:14.6992536Z [DEBUG] Sending request to gemini-2.0-flash. Number of parts: 2
2026-01-19T04:01:14.6993131Z [DEBUG] Received response (Length: 186)
2026-01-19T04:01:14.6994341Z     🗑️ Step deemed INVALID: The screenshot is completely blank. It's impossible to determine if 'First Name' exists on the page or to provide a locator.. Removing from workflow.
2026-01-19T04:01:14.6995315Z     ⏭️ Skipping execution of invalid step: First Name
2026-01-19T04:01:14.6995710Z   ▶️ [STEP step_8] FILL: Last Name
2026-01-19T04:01:14.7051057Z     🔍 Mining locators for: 'Last Name'
2026-01-19T04:01:14.7285276Z     🧠 Consulting AI (Vision-First) to find 'Last Name'...
2026-01-19T04:01:14.7285779Z     🔍 Trying smart selectors for 'Last Name'...
2026-01-19T04:01:14.7778031Z     ⚠️ Smart selectors failed (no unique match). Falling back to AI Vision...
2026-01-19T04:01:14.7779352Z     🧠 [EXPERT] Strategy: Act as Senior SDET focusing on exploring the application to understand functional flow and identifying critical paths for end-to-end automation.
2026-01-19T04:01:19.9947568Z [DEBUG] Sending request to gemini-2.0-flash. Number of parts: 2
2026-01-19T04:01:19.9948224Z [DEBUG] Received response (Length: 222)
2026-01-19T04:01:19.9949040Z     💡 Expert Suggestion: The 'Last Name' field is typically found within a form on the 'Contact Us' page.
2026-01-19T04:01:19.9949659Z     🛠️ Executing corrective action: click -> 'Contact Us'
2026-01-19T04:01:20.0251288Z     🔄 Retry 1/3 mining locators for 'Last Name'...
2026-01-19T04:01:21.0496579Z     🧠 Consulting AI (Vision-First) to find 'Last Name'...
2026-01-19T04:01:21.0497120Z     🔍 Trying smart selectors for 'Last Name'...
2026-01-19T04:01:21.0968547Z     ⚠️ Smart selectors failed (no unique match). Falling back to AI Vision...
2026-01-19T04:01:21.0970599Z     🧠 [EXPERT] Strategy: Act as Senior SDET focusing on exploring the application to understand functional flow and identifying critical paths for end-to-end automation.
2026-01-19T04:01:21.0972449Z [CACHE HIT] 5abf7c39... (hits: 9, misses: 12)
2026-01-19T04:01:21.0973270Z     ⚠️ Skipping duplicate injection: Contact Us
2026-01-19T04:01:21.0974118Z     🔄 Retry 2/3 mining locators for 'Last Name'...
2026-01-19T04:01:22.0986969Z     🗑️ Invalidating stale AI cache (retry 2)...
2026-01-19T04:01:22.0988301Z     ⚠️ Cache invalidation warning: No module named 'core.agents.domain_expert'
2026-01-19T04:01:22.1218216Z     🧠 Consulting AI (Vision-First) to find 'Last Name'...
2026-01-19T04:01:22.1218959Z     🔍 Trying smart selectors for 'Last Name'...
2026-01-19T04:01:22.1673415Z     ⚠️ Smart selectors failed (no unique match). Falling back to AI Vision...
2026-01-19T04:01:22.1674779Z     🧠 [EXPERT] Strategy: Act as Senior SDET focusing on exploring the application to understand functional flow and identifying critical paths for end-to-end automation.
2026-01-19T04:01:22.1677501Z [CACHE HIT] 5abf7c39... (hits: 10, misses: 12)
2026-01-19T04:01:22.1678135Z     ⚠️ Skipping duplicate injection: Contact Us
2026-01-19T04:01:22.1678725Z     🧠 Verifying step validity for 'Last Name' after no candidates found...
2026-01-19T04:01:24.6911346Z [DEBUG] Sending request to gemini-2.0-flash. Number of parts: 2
2026-01-19T04:01:24.6912289Z [DEBUG] Received response (Length: 185)
2026-01-19T04:01:24.6914430Z     🗑️ Step deemed INVALID: The screenshot is completely blank. It's impossible to determine if 'Last Name' exists on the page or to provide a locator.. Removing from workflow.
2026-01-19T04:01:24.6915883Z     ⏭️ Skipping execution of invalid step: Last Name
2026-01-19T04:01:24.6916375Z   ▶️ [STEP step_9] FILL: Email
2026-01-19T04:01:24.6966661Z     🔍 Mining locators for: 'Email'
2026-01-19T04:01:24.7215826Z     🧠 Consulting AI (Vision-First) to find 'Email'...
2026-01-19T04:01:24.7216336Z     🔍 Trying smart selectors for 'Email'...
2026-01-19T04:01:24.7578589Z     ⚠️ Smart selectors failed (no unique match). Falling back to AI Vision...
2026-01-19T04:01:24.7580736Z     🧠 [EXPERT] Strategy: Act as Senior SDET focusing on exploring the application to understand functional flow and identifying critical paths for end-to-end automation.
2026-01-19T04:01:29.7738508Z [DEBUG] Sending request to gemini-2.0-flash. Number of parts: 2
2026-01-19T04:01:29.7739317Z [DEBUG] Received response (Length: 235)
2026-01-19T04:01:29.7740616Z     💡 Expert Suggestion: The image shows a 'v' which might be a dropdown or a button to navigate to a form with an email field.
2026-01-19T04:01:29.7741460Z     🛠️ Executing corrective action: click -> 'v'
2026-01-19T04:01:30.3198277Z     ✅ Executed corrective navigation
2026-01-19T04:01:32.3202566Z     🔄 Retry 1/3 mining locators for 'Email'...
2026-01-19T04:01:33.3500736Z     🧠 Consulting AI (Vision-First) to find 'Email'...
2026-01-19T04:01:33.3501235Z     🔍 Trying smart selectors for 'Email'...
2026-01-19T04:01:33.3888522Z     ⚠️ Smart selectors failed (no unique match). Falling back to AI Vision...
2026-01-19T04:01:33.3890578Z     🧠 [EXPERT] Strategy: Act as Senior SDET focusing on exploring the application to understand functional flow and identifying critical paths for end-to-end automation.
2026-01-19T04:01:33.3892914Z [CACHE HIT] 38e691b7... (hits: 11, misses: 14)
2026-01-19T04:01:33.3893426Z     ⚠️ Skipping duplicate injection: v
2026-01-19T04:01:33.3893828Z     🔄 Retry 2/3 mining locators for 'Email'...
2026-01-19T04:01:34.3907173Z     🗑️ Invalidating stale AI cache (retry 2)...
2026-01-19T04:01:34.3908563Z     ⚠️ Cache invalidation warning: No module named 'core.agents.domain_expert'
2026-01-19T04:01:34.4166123Z     🧠 Consulting AI (Vision-First) to find 'Email'...
2026-01-19T04:01:34.4166811Z     🔍 Trying smart selectors for 'Email'...
2026-01-19T04:01:34.4526304Z     ⚠️ Smart selectors failed (no unique match). Falling back to AI Vision...
2026-01-19T04:01:34.4528278Z     🧠 [EXPERT] Strategy: Act as Senior SDET focusing on exploring the application to understand functional flow and identifying critical paths for end-to-end automation.
2026-01-19T04:01:34.4530543Z [CACHE HIT] 38e691b7... (hits: 12, misses: 14)
2026-01-19T04:01:34.4531227Z     ⚠️ Skipping duplicate injection: v
2026-01-19T04:01:34.4532049Z     🧠 Verifying step validity for 'Email' after no candidates found...
2026-01-19T04:01:35.4936578Z [DEBUG] Sending request to gemini-2.0-flash. Number of parts: 2
2026-01-19T04:01:35.4937387Z [DEBUG] Received response (Length: 181)
2026-01-19T04:01:35.4938755Z     🗑️ Step deemed INVALID: The screenshot is completely blank. It's impossible to determine if 'Email' exists on the page or to provide a locator.. Removing from workflow.
2026-01-19T04:01:35.4939784Z     ⏭️ Skipping execution of invalid step: Email
2026-01-19T04:01:35.4940394Z   ▶️ [STEP step_10] CLICK: Male
2026-01-19T04:01:35.4989918Z     🔍 Mining locators for: 'Male'
2026-01-19T04:01:35.5228568Z     🧠 Consulting AI (Vision-First) to find 'Male'...
2026-01-19T04:01:35.5229050Z     🔍 Trying smart selectors for 'Male'...
2026-01-19T04:01:35.5596895Z     ⚠️ Smart selectors failed (no unique match). Falling back to AI Vision...
2026-01-19T04:01:35.5598578Z     🧠 [EXPERT] Strategy: Act as Senior SDET focusing on exploring the application to understand functional flow and identifying critical paths for end-to-end automation.
2026-01-19T04:01:40.7973890Z [DEBUG] Sending request to gemini-2.0-flash. Number of parts: 2
2026-01-19T04:01:40.7992643Z [DEBUG] Received response (Length: 215)
2026-01-19T04:01:40.7993458Z     💡 Expert Suggestion: The 'Male' option is likely part of a user profile or account settings form.
2026-01-19T04:01:40.7994332Z     🛠️ Executing corrective action: click -> 'Account'
2026-01-19T04:01:40.8335349Z     🔄 Retry 1/3 mining locators for 'Male'...
2026-01-19T04:01:41.8603196Z     🧠 Consulting AI (Vision-First) to find 'Male'...
2026-01-19T04:01:41.8604139Z     🔍 Trying smart selectors for 'Male'...
2026-01-19T04:01:41.8967675Z     ⚠️ Smart selectors failed (no unique match). Falling back to AI Vision...
2026-01-19T04:01:41.8969394Z     🧠 [EXPERT] Strategy: Act as Senior SDET focusing on exploring the application to understand functional flow and identifying critical paths for end-to-end automation.
2026-01-19T04:01:41.8971731Z [CACHE HIT] 927c50eb... (hits: 13, misses: 16)
2026-01-19T04:01:41.8972370Z     ⚠️ Skipping duplicate injection: Account
2026-01-19T04:01:41.8972747Z     🔄 Retry 2/3 mining locators for 'Male'...
2026-01-19T04:01:42.8985597Z     🗑️ Invalidating stale AI cache (retry 2)...
2026-01-19T04:01:42.8986945Z     ⚠️ Cache invalidation warning: No module named 'core.agents.domain_expert'
2026-01-19T04:01:42.9232003Z     🧠 Consulting AI (Vision-First) to find 'Male'...
2026-01-19T04:01:42.9232581Z     🔍 Trying smart selectors for 'Male'...
2026-01-19T04:01:42.9588848Z     ⚠️ Smart selectors failed (no unique match). Falling back to AI Vision...
2026-01-19T04:01:42.9591560Z     🧠 [EXPERT] Strategy: Act as Senior SDET focusing on exploring the application to understand functional flow and identifying critical paths for end-to-end automation.
2026-01-19T04:01:42.9593554Z [CACHE HIT] 927c50eb... (hits: 14, misses: 16)
2026-01-19T04:01:42.9594315Z     ⚠️ Skipping duplicate injection: Account
2026-01-19T04:01:42.9595054Z     🧠 Verifying step validity for 'Male' after no candidates found...
2026-01-19T04:01:45.3828051Z [DEBUG] Sending request to gemini-2.0-flash. Number of parts: 2
2026-01-19T04:01:45.3828893Z [DEBUG] Received response (Length: 191)
2026-01-19T04:01:45.3831386Z     🗑️ Step deemed INVALID: The screenshot is completely blank. It's impossible to determine if 'Male' exists on the page or to provide a valid CSS selector.. Removing from workflow.
2026-01-19T04:01:45.3833417Z     ⏭️ Skipping execution of invalid step: Male
2026-01-19T04:01:45.3834211Z   ▶️ [STEP step_11] FILL: Mobile(10 Digits)
2026-01-19T04:01:45.3889245Z     🔍 Mining locators for: 'Mobile(10 Digits)'
2026-01-19T04:01:45.4153221Z     🧠 Consulting AI (Vision-First) to find 'Mobile(10 Digits)'...
2026-01-19T04:01:45.4154469Z     🔍 Trying smart selectors for 'Mobile(10 Digits)'...
2026-01-19T04:01:45.4624991Z     ⚠️ Smart selectors failed (no unique match). Falling back to AI Vision...
2026-01-19T04:01:45.4626296Z     🧠 [EXPERT] Strategy: Act as Senior SDET focusing on exploring the application to understand functional flow and identifying critical paths for end-to-end automation.
2026-01-19T04:01:50.7118868Z [DEBUG] Sending request to gemini-2.0-flash. Number of parts: 2
2026-01-19T04:01:50.7119288Z [DEBUG] Received response (Length: 223)
2026-01-19T04:01:50.7120250Z     💡 Expert Suggestion: The 'Mobile(10 Digits)' field is typically found within account or profile settings.
2026-01-19T04:01:50.7120873Z     🛠️ Executing corrective action: click -> 'Account'
2026-01-19T04:01:50.7416933Z     🔄 Retry 1/3 mining locators for 'Mobile(10 Digits)'...
2026-01-19T04:01:51.7674083Z     🧠 Consulting AI (Vision-First) to find 'Mobile(10 Digits)'...
2026-01-19T04:01:51.7676381Z     🔍 Trying smart selectors for 'Mobile(10 Digits)'...
2026-01-19T04:01:51.8164560Z     ⚠️ Smart selectors failed (no unique match). Falling back to AI Vision...
2026-01-19T04:01:51.8165919Z     🧠 [EXPERT] Strategy: Act as Senior SDET focusing on exploring the application to understand functional flow and identifying critical paths for end-to-end automation.
2026-01-19T04:01:51.8168756Z [CACHE HIT] e0c5eb10... (hits: 15, misses: 18)
2026-01-19T04:01:51.8169365Z     ⚠️ Skipping duplicate injection: Account
2026-01-19T04:01:51.8170203Z     🔄 Retry 2/3 mining locators for 'Mobile(10 Digits)'...
2026-01-19T04:01:52.8182465Z     🗑️ Invalidating stale AI cache (retry 2)...
2026-01-19T04:01:52.8183895Z     ⚠️ Cache invalidation warning: No module named 'core.agents.domain_expert'
2026-01-19T04:01:52.8415563Z     🧠 Consulting AI (Vision-First) to find 'Mobile(10 Digits)'...
2026-01-19T04:01:52.8416112Z     🔍 Trying smart selectors for 'Mobile(10 Digits)'...
2026-01-19T04:01:52.8888460Z     ⚠️ Smart selectors failed (no unique match). Falling back to AI Vision...
2026-01-19T04:01:52.8889821Z     🧠 [EXPERT] Strategy: Act as Senior SDET focusing on exploring the application to understand functional flow and identifying critical paths for end-to-end automation.
2026-01-19T04:01:52.8893054Z [CACHE HIT] e0c5eb10... (hits: 16, misses: 18)
2026-01-19T04:01:52.8893757Z     ⚠️ Skipping duplicate injection: Account
2026-01-19T04:01:52.8894267Z     🧠 Verifying step validity for 'Mobile(10 Digits)' after no candidates found...
2026-01-19T04:01:55.4609014Z [DEBUG] Sending request to gemini-2.0-flash. Number of parts: 2
2026-01-19T04:01:55.4610296Z [DEBUG] Received response (Length: 195)
2026-01-19T04:01:55.4612577Z     🗑️ Step deemed INVALID: The screenshot is blank, so it's impossible to determine if 'Mobile(10 Digits)' exists on the page. Therefore, the step is not valid.. Removing from workflow.
2026-01-19T04:01:55.4614689Z     ⏭️ Skipping execution of invalid step: Mobile(10 Digits)
2026-01-19T04:01:55.4615527Z   ▶️ [STEP step_12] CLICK: Submit
2026-01-19T04:01:55.4670398Z     🔍 Mining locators for: 'Submit'
2026-01-19T04:01:55.4900512Z     🧠 Consulting AI (Vision-First) to find 'Submit'...
2026-01-19T04:01:55.4901345Z     🔍 Trying smart selectors for 'Submit'...
2026-01-19T04:01:55.5258803Z     ⚠️ Smart selectors failed (no unique match). Falling back to AI Vision...
2026-01-19T04:01:55.5260344Z     🧠 [EXPERT] Strategy: Act as Senior SDET focusing on exploring the application to understand functional flow and identifying critical paths for end-to-end automation.
2026-01-19T04:02:00.5466510Z [DEBUG] Sending request to gemini-2.0-flash. Number of parts: 2
2026-01-19T04:02:00.5467577Z [DEBUG] Received response (Length: 321)
2026-01-19T04:02:00.5470881Z     💡 Expert Suggestion: The image is blank, so I cannot locate a 'Submit' button or suggest a specific navigation target. Any button or link could potentially lead to a form with a submit button.
2026-01-19T04:02:00.5473682Z     🛠️ Executing corrective action: click -> 'any button or link'
2026-01-19T04:02:00.5825504Z     🔄 Retry 1/3 mining locators for 'Submit'...
2026-01-19T04:02:01.6073605Z     🧠 Consulting AI (Vision-First) to find 'Submit'...
2026-01-19T04:02:01.6074059Z     🔍 Trying smart selectors for 'Submit'...
2026-01-19T04:02:01.6440209Z     ⚠️ Smart selectors failed (no unique match). Falling back to AI Vision...
2026-01-19T04:02:01.6441519Z     🧠 [EXPERT] Strategy: Act as Senior SDET focusing on exploring the application to understand functional flow and identifying critical paths for end-to-end automation.
2026-01-19T04:02:01.6444314Z [CACHE HIT] 9e53593c... (hits: 17, misses: 20)
2026-01-19T04:02:01.6444958Z     ⚠️ Skipping duplicate injection: any button or link
2026-01-19T04:02:01.6445634Z     🔄 Retry 2/3 mining locators for 'Submit'...
2026-01-19T04:02:02.6459084Z     🗑️ Invalidating stale AI cache (retry 2)...
2026-01-19T04:02:02.6460587Z     ⚠️ Cache invalidation warning: No module named 'core.agents.domain_expert'
2026-01-19T04:02:02.6704270Z     🧠 Consulting AI (Vision-First) to find 'Submit'...
2026-01-19T04:02:02.6705016Z     🔍 Trying smart selectors for 'Submit'...
2026-01-19T04:02:02.7133915Z     ⚠️ Smart selectors failed (no unique match). Falling back to AI Vision...
2026-01-19T04:02:02.7135218Z     🧠 [EXPERT] Strategy: Act as Senior SDET focusing on exploring the application to understand functional flow and identifying critical paths for end-to-end automation.
2026-01-19T04:02:02.7137971Z [CACHE HIT] 9e53593c... (hits: 18, misses: 20)
2026-01-19T04:02:02.7138835Z     ⚠️ Skipping duplicate injection: any button or link
2026-01-19T04:02:02.7139385Z     🧠 Verifying step validity for 'Submit' after no candidates found...
2026-01-19T04:02:05.4348512Z [DEBUG] Sending request to gemini-2.0-flash. Number of parts: 2
2026-01-19T04:02:05.4349418Z [DEBUG] Received response (Length: 262)
2026-01-19T04:02:05.4353323Z     🗑️ Step deemed INVALID: The screenshot is completely blank. It's impossible to determine if a 'Submit' button exists or to provide a locator for it. The page may not have loaded correctly, or the screenshot may be corrupted.. Removing from workflow.
2026-01-19T04:02:05.4355765Z     ⏭️ Skipping execution of invalid step: Submit
2026-01-19T04:02:05.4356688Z   ▶️ [STEP step_13] ASSERT_VISIBLE: Thanks for submitting the form
2026-01-19T04:02:05.4409761Z     🔍 Mining locators for: 'Thanks for submitting the form'
2026-01-19T04:02:05.4648403Z     🧠 Consulting AI (Vision-First) to find 'Thanks for submitting the form'...
2026-01-19T04:02:05.4649442Z     🔍 Trying smart selectors for 'Thanks for submitting the form'...
2026-01-19T04:02:05.5305525Z     ⚠️ Smart selectors failed (no unique match). Falling back to AI Vision...
2026-01-19T04:02:05.5307290Z     🧠 [EXPERT] Strategy: Act as Senior SDET focusing on exploring the application to understand functional flow and identifying critical paths for end-to-end automation.
2026-01-19T04:02:10.6666530Z [DEBUG] Sending request to gemini-2.0-flash. Number of parts: 2
2026-01-19T04:02:10.6667189Z [DEBUG] Received response (Length: 283)
2026-01-19T04:02:10.6667753Z     ⚠️ Skipping duplicate injection: Submit
2026-01-19T04:02:10.6668209Z     🔄 Retry 1/3 mining locators for 'Thanks for submitting the form'...
2026-01-19T04:02:11.6921822Z     🧠 Consulting AI (Vision-First) to find 'Thanks for submitting the form'...
2026-01-19T04:02:11.6922466Z     🔍 Trying smart selectors for 'Thanks for submitting the form'...
2026-01-19T04:02:11.7564767Z     ⚠️ Smart selectors failed (no unique match). Falling back to AI Vision...
2026-01-19T04:02:11.7565982Z     🧠 [EXPERT] Strategy: Act as Senior SDET focusing on exploring the application to understand functional flow and identifying critical paths for end-to-end automation.
2026-01-19T04:02:11.7568755Z [CACHE HIT] c1ab8afb... (hits: 19, misses: 22)
2026-01-19T04:02:11.7569387Z     ⚠️ Skipping duplicate injection: Submit
2026-01-19T04:02:11.7570437Z     🔄 Retry 2/3 mining locators for 'Thanks for submitting the form'...
2026-01-19T04:02:12.7582232Z     🗑️ Invalidating stale AI cache (retry 2)...
2026-01-19T04:02:12.7583893Z     ⚠️ Cache invalidation warning: No module named 'core.agents.domain_expert'
2026-01-19T04:02:12.7815527Z     🧠 Consulting AI (Vision-First) to find 'Thanks for submitting the form'...
2026-01-19T04:02:12.7816594Z     🔍 Trying smart selectors for 'Thanks for submitting the form'...
2026-01-19T04:02:12.8456239Z     ⚠️ Smart selectors failed (no unique match). Falling back to AI Vision...
2026-01-19T04:02:12.8457659Z     🧠 [EXPERT] Strategy: Act as Senior SDET focusing on exploring the application to understand functional flow and identifying critical paths for end-to-end automation.
2026-01-19T04:02:12.8460272Z [CACHE HIT] c1ab8afb... (hits: 20, misses: 22)
2026-01-19T04:02:12.8460824Z     ⚠️ Skipping duplicate injection: Submit
2026-01-19T04:02:12.8461876Z     🧠 Verifying step validity for 'Thanks for submitting the form' after no candidates found...
2026-01-19T04:02:15.5424105Z [DEBUG] Sending request to gemini-2.0-flash. Number of parts: 2
2026-01-19T04:02:15.5424596Z [DEBUG] Received response (Length: 271)
2026-01-19T04:02:15.5426126Z     🗑️ Step deemed INVALID: The screenshot is completely blank. It's impossible to determine if "Thanks for submitting the form" exists or to provide a locator. It's likely we are on the wrong page or the page failed to load correctly.. Removing from workflow.
2026-01-19T04:02:15.5427425Z     ⏭️ Skipping execution of invalid step: Thanks for submitting the form
2026-01-19T04:02:17.5841919Z 
2026-01-19T04:02:17.5843445Z [2/3] Exploring Scenario: Elements - Text Box
2026-01-19T04:02:17.5844916Z     🧠 Initialized exploration context for goal: 'Test various form elements'
2026-01-19T04:02:17.5846662Z   ▶️ [STEP step_1] NAVIGATE: 
2026-01-19T04:02:19.1849380Z     ✅ Navigated to https://demoqa.com/
2026-01-19T04:02:19.1854145Z   ▶️ [STEP step_2] CLICK: Elements
2026-01-19T04:02:19.2069788Z     🔍 Mining locators for: 'Elements'
2026-01-19T04:02:19.3179451Z     ✅ Found 1 verified locators
2026-01-19T04:02:22.9425738Z     ✅ State transitioned.
2026-01-19T04:02:24.3688687Z [DEBUG] Sending request to gemini-2.0-flash. Number of parts: 2
2026-01-19T04:02:24.3689593Z [DEBUG] Received response (Length: 294)
2026-01-19T04:02:24.3690844Z     🤖 AI Next Step Suggestion: click -> Forms
2026-01-19T04:02:24.3692093Z     🧩 Suggested Locator: div:nth-of-type(2) > div > div > div:nth-of-type(2) > div:nth-of-type(2) > div
2026-01-19T04:02:24.3694149Z     💭 Reasoning: The goal is to test various form elements. Clicking on 'Forms' will navigate to the forms page where I can find different form elements.
2026-01-19T04:02:24.3695618Z     ➕ Injected AI step: click -> Forms
2026-01-19T04:02:24.3696347Z   ▶️ [STEP step_2_ai_1] CLICK: Forms
2026-01-19T04:02:24.3751053Z     🎯 Using AI-provided locator: div:nth-of-type(2) > div > div > div:nth-of-type(2) > div:nth-of-type(2) > div
2026-01-19T04:02:24.3776014Z     🔍 Mining locators for: 'Forms'
2026-01-19T04:02:24.4332881Z     ✅ Found 1 verified locators
2026-01-19T04:02:27.9703666Z     ✅ State transitioned.
2026-01-19T04:02:27.9755999Z     🔄 Revisited state detected (count: 1)
2026-01-19T04:02:29.4030399Z [DEBUG] Sending request to gemini-2.0-flash. Number of parts: 2
2026-01-19T04:02:29.4031037Z [DEBUG] Received response (Length: 182)
2026-01-19T04:02:29.4031864Z     🤖 AI Next Step Suggestion: click -> Forms
2026-01-19T04:02:29.4032555Z     🧩 Suggested Locator: div:nth-child(4) > div:nth-child(1)
2026-01-19T04:02:29.4033464Z     💭 Reasoning: Navigating to the Forms page to test form elements as per the goal.
2026-01-19T04:02:29.4034252Z ⚠️ Loop detected: same AI suggestion repeated 2 times. Moving to next step.
2026-01-19T04:02:29.4035016Z   ▶️ [STEP step_3] ASSERT_VISIBLE: Text Box
2026-01-19T04:02:29.4089581Z     🔍 Mining locators for: 'Text Box'
2026-01-19T04:02:29.4439611Z     🧠 Consulting AI (Vision-First) to find 'Text Box'...
2026-01-19T04:02:29.4441018Z     🔍 Trying smart selectors for 'Text Box'...
2026-01-19T04:02:29.5347908Z     ⚠️ Smart selectors failed (no unique match). Falling back to AI Vision...
2026-01-19T04:02:29.5352283Z     🧠 [EXPERT] Strategy: Act as Senior SDET focusing on exploring the application to understand functional flow and identifying critical paths for end-to-end automation.
2026-01-19T04:02:34.4624585Z [DEBUG] Sending request to gemini-2.0-flash. Number of parts: 2
2026-01-19T04:02:34.4625036Z [DEBUG] Received response (Length: 266)
2026-01-19T04:02:34.4626065Z     💡 Expert Suggestion: A 'Text Box' is a common element in forms, which are often found after clicking a 'Join Now' or similar call-to-action button.
2026-01-19T04:02:34.4626863Z     🛠️ Executing corrective action: click -> 'JOIN NOW'
2026-01-19T04:02:34.5039318Z     🔄 Retry 1/3 mining locators for 'Text Box'...
2026-01-19T04:02:35.5412265Z     🧠 Consulting AI (Vision-First) to find 'Text Box'...
2026-01-19T04:02:35.5412967Z     🔍 Trying smart selectors for 'Text Box'...
2026-01-19T04:02:35.5945077Z     ⚠️ Smart selectors failed (no unique match). Falling back to AI Vision...
2026-01-19T04:02:35.5946416Z     🧠 [EXPERT] Strategy: Act as Senior SDET focusing on exploring the application to understand functional flow and identifying critical paths for end-to-end automation.
2026-01-19T04:02:35.5950298Z [CACHE HIT] 246340ce... (hits: 21, misses: 26)
2026-01-19T04:02:35.5950907Z     ⚠️ Skipping duplicate injection: JOIN NOW
2026-01-19T04:02:35.5951512Z     🔄 Retry 2/3 mining locators for 'Text Box'...
2026-01-19T04:02:36.5964842Z     🗑️ Invalidating stale AI cache (retry 2)...
2026-01-19T04:02:36.5965922Z     ⚠️ Cache invalidation warning: No module named 'core.agents.domain_expert'
2026-01-19T04:02:36.6546824Z     🧠 Consulting AI (Vision-First) to find 'Text Box'...
2026-01-19T04:02:36.6547300Z     🔍 Trying smart selectors for 'Text Box'...
2026-01-19T04:02:36.7023941Z     ⚠️ Smart selectors failed (no unique match). Falling back to AI Vision...
2026-01-19T04:02:36.7025415Z     🧠 [EXPERT] Strategy: Act as Senior SDET focusing on exploring the application to understand functional flow and identifying critical paths for end-to-end automation.
2026-01-19T04:02:36.7028808Z [CACHE HIT] 246340ce... (hits: 22, misses: 26)
2026-01-19T04:02:36.7029347Z     ⚠️ Skipping duplicate injection: JOIN NOW
2026-01-19T04:02:36.7030400Z     🧠 Verifying step validity for 'Text Box' after no candidates found...
2026-01-19T04:02:39.3824109Z [DEBUG] Sending request to gemini-2.0-flash. Number of parts: 2
2026-01-19T04:02:39.3824633Z [DEBUG] Received response (Length: 223)
2026-01-19T04:02:39.3826024Z     🗑️ Step deemed INVALID: The current page (https://demoqa.com/) is the homepage, and the 'Text Box' element is not present on this page. We need to navigate to the 'Elements' page first.. Removing from workflow.
2026-01-19T04:02:39.3827134Z     ⏭️ Skipping execution of invalid step: Text Box
2026-01-19T04:02:39.3827540Z   ▶️ [STEP step_4] CLICK: Text Box
2026-01-19T04:02:39.3881108Z     🔍 Mining locators for: 'Text Box'
2026-01-19T04:02:39.4344868Z     🧠 Consulting AI (Vision-First) to find 'Text Box'...
2026-01-19T04:02:39.4345359Z     🔍 Trying smart selectors for 'Text Box'...
2026-01-19T04:02:39.4828854Z     ⚠️ Smart selectors failed (no unique match). Falling back to AI Vision...
2026-01-19T04:02:39.4830470Z     🧠 [EXPERT] Strategy: Act as Senior SDET focusing on exploring the application to understand functional flow and identifying critical paths for end-to-end automation.
2026-01-19T04:02:39.4834007Z [CACHE HIT] 246340ce... (hits: 23, misses: 27)
2026-01-19T04:02:39.4835419Z     💡 Expert Suggestion: A 'Text Box' is a common element in forms, which are often found after clicking a 'Join Now' or similar call-to-action button.
2026-01-19T04:02:39.4836706Z     🛠️ Executing corrective action: click -> 'JOIN NOW'
2026-01-19T04:02:39.5261236Z     🔄 Retry 1/3 mining locators for 'Text Box'...
2026-01-19T04:02:40.5675053Z     🧠 Consulting AI (Vision-First) to find 'Text Box'...
2026-01-19T04:02:40.5676214Z     🔍 Trying smart selectors for 'Text Box'...
2026-01-19T04:02:40.6154434Z     ⚠️ Smart selectors failed (no unique match). Falling back to AI Vision...
2026-01-19T04:02:40.6156094Z     🧠 [EXPERT] Strategy: Act as Senior SDET focusing on exploring the application to understand functional flow and identifying critical paths for end-to-end automation.
2026-01-19T04:02:40.6159730Z [CACHE HIT] 246340ce... (hits: 24, misses: 27)
2026-01-19T04:02:40.6160601Z     ⚠️ Skipping duplicate injection: JOIN NOW
2026-01-19T04:02:40.6160988Z     🔄 Retry 2/3 mining locators for 'Text Box'...
2026-01-19T04:02:41.6174095Z     🗑️ Invalidating stale AI cache (retry 2)...
2026-01-19T04:02:41.6175280Z     ⚠️ Cache invalidation warning: No module named 'core.agents.domain_expert'
2026-01-19T04:02:41.6544624Z     🧠 Consulting AI (Vision-First) to find 'Text Box'...
2026-01-19T04:02:41.6545078Z     🔍 Trying smart selectors for 'Text Box'...
2026-01-19T04:02:41.7028965Z     ⚠️ Smart selectors failed (no unique match). Falling back to AI Vision...
2026-01-19T04:02:41.7031184Z     🧠 [EXPERT] Strategy: Act as Senior SDET focusing on exploring the application to understand functional flow and identifying critical paths for end-to-end automation.
2026-01-19T04:02:41.7035805Z [CACHE HIT] 246340ce... (hits: 25, misses: 27)
2026-01-19T04:02:41.7036321Z     ⚠️ Skipping duplicate injection: JOIN NOW
2026-01-19T04:02:41.7037217Z     🧠 Verifying step validity for 'Text Box' after no candidates found...
2026-01-19T04:02:41.7041612Z [CACHE HIT] 4e7152c6... (hits: 26, misses: 27)
2026-01-19T04:02:41.7042862Z     🗑️ Step deemed INVALID: The current page (https://demoqa.com/) is the homepage, and the 'Text Box' element is not present on this page. We need to navigate to the 'Elements' page first.. Removing from workflow.
2026-01-19T04:02:41.7043789Z     ⏭️ Skipping execution of invalid step: Text Box
2026-01-19T04:02:41.7044135Z   ▶️ [STEP step_5] ASSERT_URL: 
2026-01-19T04:02:46.7175379Z     ⚠️ Scroll into view failed for text=None. Proceeding anyway.
2026-01-19T04:02:48.7197271Z     ✅ State transitioned.
2026-01-19T04:02:48.7250654Z     🔄 Revisited state detected (count: 2)
2026-01-19T04:02:50.2488950Z [DEBUG] Sending request to gemini-2.0-flash. Number of parts: 2
2026-01-19T04:02:50.2489745Z [DEBUG] Received response (Length: 236)
2026-01-19T04:02:50.2491107Z     🤖 AI Next Step Suggestion: click -> Forms
2026-01-19T04:02:50.2492243Z     🧩 Suggested Locator: div:nth-child(4) > div > div:nth-child(1) > div > div.card-body > h5
2026-01-19T04:02:50.2493790Z     💭 Reasoning: We have clicked on Elements and now we need to click on Forms to test the form elements.
2026-01-19T04:02:50.2494924Z     ➕ Injected AI step: click -> Forms
2026-01-19T04:02:50.2495565Z   ▶️ [STEP step_5_ai_1] CLICK: Forms
2026-01-19T04:02:50.2552133Z     🎯 Using AI-provided locator: div:nth-child(4) > div > div:nth-child(1) > div > div.card-body > h5
2026-01-19T04:02:50.2574535Z     🔍 Mining locators for: 'Forms'
2026-01-19T04:02:50.3095653Z     ✅ Found 1 verified locators
2026-01-19T04:02:53.8514760Z     ✅ State transitioned.
2026-01-19T04:02:53.8565970Z     🔄 Revisited state detected (count: 3)
2026-01-19T04:02:53.8567070Z     ⚠️ Too many revisits (3). Stopping AI step injection to prevent loops.
2026-01-19T04:02:53.8567620Z   ▶️ [STEP step_6] FILL: Full Name
2026-01-19T04:02:53.8616645Z     🔍 Mining locators for: 'Full Name'
2026-01-19T04:02:53.8998681Z     🧠 Consulting AI (Vision-First) to find 'Full Name'...
2026-01-19T04:02:53.8999379Z     🔍 Trying smart selectors for 'Full Name'...
2026-01-19T04:02:53.9492608Z     ⚠️ Smart selectors failed (no unique match). Falling back to AI Vision...
2026-01-19T04:02:53.9493970Z     🧠 [EXPERT] Strategy: Act as Senior SDET focusing on exploring the application to understand functional flow and identifying critical paths for end-to-end automation.
2026-01-19T04:02:55.6174504Z [DEBUG] Sending request to gemini-2.0-flash. Number of parts: 2
2026-01-19T04:02:55.6175342Z [DEBUG] Received response (Length: 275)
2026-01-19T04:02:55.6177787Z     💡 Expert Suggestion: The 'Full Name' field is likely part of a registration or contact form, which might be accessible after clicking the 'JOIN NOW' button.
2026-01-19T04:02:55.6179681Z     🛠️ Executing corrective action: click -> 'JOIN NOW'
2026-01-19T04:02:55.6669575Z     🔄 Retry 1/3 mining locators for 'Full Name'...
2026-01-19T04:02:56.7122882Z     🧠 Consulting AI (Vision-First) to find 'Full Name'...
2026-01-19T04:02:56.7123362Z     🔍 Trying smart selectors for 'Full Name'...
2026-01-19T04:02:56.7740963Z     ⚠️ Smart selectors failed (no unique match). Falling back to AI Vision...
2026-01-19T04:02:56.7742214Z     🧠 [EXPERT] Strategy: Act as Senior SDET focusing on exploring the application to understand functional flow and identifying critical paths for end-to-end automation.
2026-01-19T04:02:56.7746004Z [CACHE HIT] da77eaa0... (hits: 27, misses: 29)
2026-01-19T04:02:56.7746655Z     ⚠️ Skipping duplicate injection: JOIN NOW
2026-01-19T04:02:56.7747051Z     🔄 Retry 2/3 mining locators for 'Full Name'...
2026-01-19T04:02:57.7753592Z     🗑️ Invalidating stale AI cache (retry 2)...
2026-01-19T04:02:57.7754679Z     ⚠️ Cache invalidation warning: No module named 'core.agents.domain_expert'
2026-01-19T04:02:57.8201127Z     🧠 Consulting AI (Vision-First) to find 'Full Name'...
2026-01-19T04:02:57.8201630Z     🔍 Trying smart selectors for 'Full Name'...
2026-01-19T04:02:57.8836273Z     ⚠️ Smart selectors failed (no unique match). Falling back to AI Vision...
2026-01-19T04:02:57.8843328Z     🧠 [EXPERT] Strategy: Act as Senior SDET focusing on exploring the application to understand functional flow and identifying critical paths for end-to-end automation.
2026-01-19T04:02:57.8849707Z [CACHE HIT] da77eaa0... (hits: 28, misses: 29)
2026-01-19T04:02:57.8850460Z     ⚠️ Skipping duplicate injection: JOIN NOW
2026-01-19T04:02:57.8850932Z     🧠 Verifying step validity for 'Full Name' after no candidates found...
2026-01-19T04:03:00.4118680Z [DEBUG] Sending request to gemini-2.0-flash. Number of parts: 2
2026-01-19T04:03:00.4119387Z [DEBUG] Received response (Length: 359)
2026-01-19T04:03:00.4122652Z     🗑️ Step deemed INVALID: The current page (https://demoqa.com/) displays the ToolsQA homepage, which features information about Selenium Certification Training. There is no "Full Name" field visible on this page. Therefore, attempting to locate and interact with "Full Name" is not a valid step in the current context.. Removing from workflow.
2026-01-19T04:03:00.4125160Z     ⏭️ Skipping execution of invalid step: Full Name
2026-01-19T04:03:00.4125748Z   ▶️ [STEP step_7] FILL: Email
2026-01-19T04:03:00.4187690Z     🔍 Mining locators for: 'Email'
2026-01-19T04:03:00.4609029Z     🧠 Consulting AI (Vision-First) to find 'Email'...
2026-01-19T04:03:00.4609847Z     🔍 Trying smart selectors for 'Email'...
2026-01-19T04:03:00.5043332Z     ⚠️ Smart selectors failed (no unique match). Falling back to AI Vision...
2026-01-19T04:03:00.5045549Z     🧠 [EXPERT] Strategy: Act as Senior SDET focusing on exploring the application to understand functional flow and identifying critical paths for end-to-end automation.
2026-01-19T04:03:05.3654643Z [DEBUG] Sending request to gemini-2.0-flash. Number of parts: 2
2026-01-19T04:03:05.3655427Z [DEBUG] Received response (Length: 227)
2026-01-19T04:03:05.3656815Z     💡 Expert Suggestion: Clicking 'JOIN NOW' might lead to a registration form where the email field is located.
2026-01-19T04:03:05.3657822Z     🛠️ Executing corrective action: click -> 'JOIN NOW'
2026-01-19T04:03:05.4185908Z     🔄 Retry 1/3 mining locators for 'Email'...
2026-01-19T04:03:06.4628054Z     🧠 Consulting AI (Vision-First) to find 'Email'...
2026-01-19T04:03:06.4628553Z     🔍 Trying smart selectors for 'Email'...
2026-01-19T04:03:06.5056166Z     ⚠️ Smart selectors failed (no unique match). Falling back to AI Vision...
2026-01-19T04:03:06.5057934Z     🧠 [EXPERT] Strategy: Act as Senior SDET focusing on exploring the application to understand functional flow and identifying critical paths for end-to-end automation.
2026-01-19T04:03:06.5063133Z [CACHE HIT] 792bf604... (hits: 29, misses: 31)
2026-01-19T04:03:06.5063761Z     ⚠️ Skipping duplicate injection: JOIN NOW
2026-01-19T04:03:06.5064170Z     🔄 Retry 2/3 mining locators for 'Email'...
2026-01-19T04:03:07.5077256Z     🗑️ Invalidating stale AI cache (retry 2)...
2026-01-19T04:03:07.5078819Z     ⚠️ Cache invalidation warning: No module named 'core.agents.domain_expert'
2026-01-19T04:03:07.6059402Z     🧠 Consulting AI (Vision-First) to find 'Email'...
2026-01-19T04:03:07.6060195Z     🔍 Trying smart selectors for 'Email'...
2026-01-19T04:03:07.6590272Z     ⚠️ Smart selectors failed (no unique match). Falling back to AI Vision...
2026-01-19T04:03:07.6591635Z     🧠 [EXPERT] Strategy: Act as Senior SDET focusing on exploring the application to understand functional flow and identifying critical paths for end-to-end automation.
2026-01-19T04:03:07.6595680Z [CACHE HIT] 792bf604... (hits: 30, misses: 31)
2026-01-19T04:03:07.6596408Z     ⚠️ Skipping duplicate injection: JOIN NOW
2026-01-19T04:03:07.6596963Z     🧠 Verifying step validity for 'Email' after no candidates found...
2026-01-19T04:03:10.2719405Z [DEBUG] Sending request to gemini-2.0-flash. Number of parts: 2
2026-01-19T04:03:10.2719834Z [DEBUG] Received response (Length: 342)
2026-01-19T04:03:10.2721826Z     🗑️ Step deemed INVALID: The current page (https://demoqa.com/) as depicted in the screenshot does not contain an element labeled 'Email'. The page appears to be a landing page for Selenium Certification Training. Therefore, attempting to locate and interact with 'Email' on this page is not a valid step.. Removing from workflow.
2026-01-19T04:03:10.2723313Z     ⏭️ Skipping execution of invalid step: Email
2026-01-19T04:03:10.2723666Z   ▶️ [STEP step_8] FILL: Current Address
2026-01-19T04:03:10.2828132Z     🔍 Mining locators for: 'Current Address'
2026-01-19T04:03:10.3274576Z     🧠 Consulting AI (Vision-First) to find 'Current Address'...
2026-01-19T04:03:10.3275119Z     🔍 Trying smart selectors for 'Current Address'...
2026-01-19T04:03:10.4007987Z     ⚠️ Smart selectors failed (no unique match). Falling back to AI Vision...
2026-01-19T04:03:10.4009630Z     🧠 [EXPERT] Strategy: Act as Senior SDET focusing on exploring the application to understand functional flow and identifying critical paths for end-to-end automation.
2026-01-19T04:03:15.2643947Z [DEBUG] Sending request to gemini-2.0-flash. Number of parts: 2
2026-01-19T04:03:15.2644609Z [DEBUG] Received response (Length: 255)
2026-01-19T04:03:15.2645764Z     💡 Expert Suggestion: The 'Current Address' form element is likely located within a form accessible after clicking the 'JOIN NOW' button.
2026-01-19T04:03:15.2646555Z     🛠️ Executing corrective action: click -> 'JOIN NOW'
2026-01-19T04:03:15.3189438Z     🔄 Retry 1/3 mining locators for 'Current Address'...
2026-01-19T04:03:16.3601644Z     🧠 Consulting AI (Vision-First) to find 'Current Address'...
2026-01-19T04:03:16.3602305Z     🔍 Trying smart selectors for 'Current Address'...
2026-01-19T04:03:16.4308280Z     ⚠️ Smart selectors failed (no unique match). Falling back to AI Vision...
2026-01-19T04:03:16.4310136Z     🧠 [EXPERT] Strategy: Act as Senior SDET focusing on exploring the application to understand functional flow and identifying critical paths for end-to-end automation.
2026-01-19T04:03:16.4313773Z [CACHE HIT] 3a1d9601... (hits: 31, misses: 33)
2026-01-19T04:03:16.4314431Z     ⚠️ Skipping duplicate injection: JOIN NOW
2026-01-19T04:03:16.4315062Z     🔄 Retry 2/3 mining locators for 'Current Address'...
2026-01-19T04:03:17.4328391Z     🗑️ Invalidating stale AI cache (retry 2)...
2026-01-19T04:03:17.4329344Z     ⚠️ Cache invalidation warning: No module named 'core.agents.domain_expert'
2026-01-19T04:03:17.4761110Z     🧠 Consulting AI (Vision-First) to find 'Current Address'...
2026-01-19T04:03:17.4761982Z     🔍 Trying smart selectors for 'Current Address'...
2026-01-19T04:03:17.5399790Z     ⚠️ Smart selectors failed (no unique match). Falling back to AI Vision...
2026-01-19T04:03:17.5402182Z     🧠 [EXPERT] Strategy: Act as Senior SDET focusing on exploring the application to understand functional flow and identifying critical paths for end-to-end automation.
2026-01-19T04:03:17.5405447Z [CACHE HIT] 3a1d9601... (hits: 32, misses: 33)
2026-01-19T04:03:17.5406122Z     ⚠️ Skipping duplicate injection: JOIN NOW
2026-01-19T04:03:17.5406930Z     🧠 Verifying step validity for 'Current Address' after no candidates found...
2026-01-19T04:03:20.3879434Z [DEBUG] Sending request to gemini-2.0-flash. Number of parts: 2
2026-01-19T04:03:20.3880259Z [DEBUG] Received response (Length: 350)
2026-01-19T04:03:20.3881999Z     🗑️ Step deemed INVALID: The current page (https://demoqa.com/) as depicted in the screenshot is the landing page for Toolsqa, which advertises Selenium Certification Training. The 'Current Address' element is part of the 'Text Box' form on the 'Elements' page. Therefore, the element does not exist on this page.. Removing from workflow.
2026-01-19T04:03:20.3883518Z     ⏭️ Skipping execution of invalid step: Current Address
2026-01-19T04:03:20.3883905Z   ▶️ [STEP step_9] FILL: Permanent Address
2026-01-19T04:03:20.3961836Z     🔍 Mining locators for: 'Permanent Address'
2026-01-19T04:03:20.4514414Z     🧠 Consulting AI (Vision-First) to find 'Permanent Address'...
2026-01-19T04:03:20.4515077Z     🔍 Trying smart selectors for 'Permanent Address'...
2026-01-19T04:03:20.5265011Z     ⚠️ Smart selectors failed (no unique match). Falling back to AI Vision...
2026-01-19T04:03:20.5266478Z     🧠 [EXPERT] Strategy: Act as Senior SDET focusing on exploring the application to understand functional flow and identifying critical paths for end-to-end automation.
2026-01-19T04:03:25.2695468Z [DEBUG] Sending request to gemini-2.0-flash. Number of parts: 2
2026-01-19T04:03:25.2695915Z [DEBUG] Received response (Length: 298)
2026-01-19T04:03:25.2697005Z     💡 Expert Suggestion: The 'Permanent Address' form element is likely found within a registration or profile section, which might be accessible after clicking the 'JOIN NOW' button.
2026-01-19T04:03:25.2697914Z     🛠️ Executing corrective action: click -> 'JOIN NOW'
2026-01-19T04:03:25.3224690Z     🔄 Retry 1/3 mining locators for 'Permanent Address'...
2026-01-19T04:03:26.3687219Z     🧠 Consulting AI (Vision-First) to find 'Permanent Address'...
2026-01-19T04:03:26.3688117Z     🔍 Trying smart selectors for 'Permanent Address'...
2026-01-19T04:03:26.4337806Z     ⚠️ Smart selectors failed (no unique match). Falling back to AI Vision...
2026-01-19T04:03:26.4339047Z     🧠 [EXPERT] Strategy: Act as Senior SDET focusing on exploring the application to understand functional flow and identifying critical paths for end-to-end automation.
2026-01-19T04:03:26.4343138Z [CACHE HIT] 6686fed1... (hits: 33, misses: 35)
2026-01-19T04:03:26.4343811Z     ⚠️ Skipping duplicate injection: JOIN NOW
2026-01-19T04:03:26.4344257Z     🔄 Retry 2/3 mining locators for 'Permanent Address'...
2026-01-19T04:03:27.4357444Z     🗑️ Invalidating stale AI cache (retry 2)...
2026-01-19T04:03:27.4358706Z     ⚠️ Cache invalidation warning: No module named 'core.agents.domain_expert'
2026-01-19T04:03:27.4802127Z     🧠 Consulting AI (Vision-First) to find 'Permanent Address'...
2026-01-19T04:03:27.4802939Z     🔍 Trying smart selectors for 'Permanent Address'...
2026-01-19T04:03:27.5536706Z     ⚠️ Smart selectors failed (no unique match). Falling back to AI Vision...
2026-01-19T04:03:27.5538375Z     🧠 [EXPERT] Strategy: Act as Senior SDET focusing on exploring the application to understand functional flow and identifying critical paths for end-to-end automation.
2026-01-19T04:03:27.5548619Z [CACHE HIT] 6686fed1... (hits: 34, misses: 35)
2026-01-19T04:03:27.5549610Z     ⚠️ Skipping duplicate injection: JOIN NOW
2026-01-19T04:03:27.5550441Z     🧠 Verifying step validity for 'Permanent Address' after no candidates found...
2026-01-19T04:03:30.2697810Z [DEBUG] Sending request to gemini-2.0-flash. Number of parts: 2
2026-01-19T04:03:30.2698532Z [DEBUG] Received response (Length: 333)
2026-01-19T04:03:30.2706180Z     🗑️ Step deemed INVALID: The current page (https://demoqa.com/) appears to be the homepage, which features information about Selenium Certification Training. The 'Permanent Address' element is part of the 'Text Box' form on the 'Elements' page. Therefore, the element does not exist on this page.. Removing from workflow.
2026-01-19T04:03:30.2708729Z     ⏭️ Skipping execution of invalid step: Permanent Address
2026-01-19T04:03:30.2709399Z   ▶️ [STEP step_10] CLICK: Submit
2026-01-19T04:03:30.2788471Z     🔍 Mining locators for: 'Submit'
2026-01-19T04:03:30.3250888Z     🧠 Consulting AI (Vision-First) to find 'Submit'...
2026-01-19T04:03:30.3251514Z     🔍 Trying smart selectors for 'Submit'...
2026-01-19T04:03:30.3819260Z     ⚠️ Smart selectors failed (no unique match). Falling back to AI Vision...
2026-01-19T04:03:30.3820660Z     🧠 [EXPERT] Strategy: Act as Senior SDET focusing on exploring the application to understand functional flow and identifying critical paths for end-to-end automation.
2026-01-19T04:03:35.2378134Z [DEBUG] Sending request to gemini-2.0-flash. Number of parts: 2
2026-01-19T04:03:35.2378783Z [DEBUG] Received response (Length: 206)
2026-01-19T04:03:35.2380146Z     💡 Expert Suggestion: The 'JOIN NOW' button likely leads to a form with a submit button.
2026-01-19T04:03:35.2381089Z     🛠️ Executing corrective action: click -> 'JOIN NOW'
2026-01-19T04:03:35.2898678Z     🔄 Retry 1/3 mining locators for 'Submit'...
2026-01-19T04:03:36.3357027Z     🧠 Consulting AI (Vision-First) to find 'Submit'...
2026-01-19T04:03:36.3357736Z     🔍 Trying smart selectors for 'Submit'...
2026-01-19T04:03:36.4033264Z     ⚠️ Smart selectors failed (no unique match). Falling back to AI Vision...
2026-01-19T04:03:36.4034465Z     🧠 [EXPERT] Strategy: Act as Senior SDET focusing on exploring the application to understand functional flow and identifying critical paths for end-to-end automation.
2026-01-19T04:03:36.4038935Z [CACHE HIT] bea3e769... (hits: 35, misses: 37)
2026-01-19T04:03:36.4039657Z     ⚠️ Skipping duplicate injection: JOIN NOW
2026-01-19T04:03:36.4040416Z     🔄 Retry 2/3 mining locators for 'Submit'...
2026-01-19T04:03:37.4054038Z     🗑️ Invalidating stale AI cache (retry 2)...
2026-01-19T04:03:37.4055279Z     ⚠️ Cache invalidation warning: No module named 'core.agents.domain_expert'
2026-01-19T04:03:37.4528671Z     🧠 Consulting AI (Vision-First) to find 'Submit'...
2026-01-19T04:03:37.4529370Z     🔍 Trying smart selectors for 'Submit'...
2026-01-19T04:03:37.5093064Z     ⚠️ Smart selectors failed (no unique match). Falling back to AI Vision...
2026-01-19T04:03:37.5097061Z     🧠 [EXPERT] Strategy: Act as Senior SDET focusing on exploring the application to understand functional flow and identifying critical paths for end-to-end automation.
2026-01-19T04:03:37.5100122Z [CACHE HIT] bea3e769... (hits: 36, misses: 37)
2026-01-19T04:03:37.5102844Z     ⚠️ Skipping duplicate injection: JOIN NOW
2026-01-19T04:03:37.5106050Z     🧠 Verifying step validity for 'Submit' after no candidates found...
2026-01-19T04:03:40.3067909Z [DEBUG] Sending request to gemini-2.0-flash. Number of parts: 2
2026-01-19T04:03:40.3068591Z [DEBUG] Received response (Length: 357)
2026-01-19T04:03:40.3072178Z     🗑️ Step deemed INVALID: The current page (https://demoqa.com/) as depicted in the screenshot does not contain a "Submit" button. The page appears to be a landing page for Selenium Certification Training. Therefore, attempting to locate and interact with a "Submit" button is not a valid step in the current context.. Removing from workflow.
2026-01-19T04:03:40.3074714Z     ⏭️ Skipping execution of invalid step: Submit
2026-01-19T04:03:40.3075341Z   ▶️ [STEP step_11] ASSERT_VISIBLE: Name:
2026-01-19T04:03:40.3137074Z     🔍 Mining locators for: 'Name:'
2026-01-19T04:03:40.3551238Z     🧠 Consulting AI (Vision-First) to find 'Name:'...
2026-01-19T04:03:40.3551997Z     🔍 Trying smart selectors for 'Name:'...
2026-01-19T04:03:40.4129422Z     ⚠️ Smart selectors failed (no unique match). Falling back to AI Vision...
2026-01-19T04:03:40.4132476Z     🧠 [EXPERT] Strategy: Act as Senior SDET focusing on exploring the application to understand functional flow and identifying critical paths for end-to-end automation.
2026-01-19T04:03:45.1579666Z [DEBUG] Sending request to gemini-2.0-flash. Number of parts: 2
2026-01-19T04:03:45.1580559Z [DEBUG] Received response (Length: 222)
2026-01-19T04:03:45.1581924Z     💡 Expert Suggestion: The 'Name:' field is likely part of a form that appears after clicking 'JOIN NOW'.
2026-01-19T04:03:45.1583135Z     🛠️ Executing corrective action: click -> 'JOIN NOW'
2026-01-19T04:03:45.2139054Z     🔄 Retry 1/3 mining locators for 'Name:'...
2026-01-19T04:03:46.2585985Z     🧠 Consulting AI (Vision-First) to find 'Name:'...
2026-01-19T04:03:46.2586657Z     🔍 Trying smart selectors for 'Name:'...
2026-01-19T04:03:46.3143025Z     ⚠️ Smart selectors failed (no unique match). Falling back to AI Vision...
2026-01-19T04:03:46.3144212Z     🧠 [EXPERT] Strategy: Act as Senior SDET focusing on exploring the application to understand functional flow and identifying critical paths for end-to-end automation.
2026-01-19T04:03:46.3148038Z [CACHE HIT] ad0353cc... (hits: 37, misses: 39)
2026-01-19T04:03:46.3148657Z     ⚠️ Skipping duplicate injection: JOIN NOW
2026-01-19T04:03:46.3149046Z     🔄 Retry 2/3 mining locators for 'Name:'...
2026-01-19T04:03:47.3163251Z     🗑️ Invalidating stale AI cache (retry 2)...
2026-01-19T04:03:47.3164540Z     ⚠️ Cache invalidation warning: No module named 'core.agents.domain_expert'
2026-01-19T04:03:47.3602599Z     🧠 Consulting AI (Vision-First) to find 'Name:'...
2026-01-19T04:03:47.3603392Z     🔍 Trying smart selectors for 'Name:'...
2026-01-19T04:03:47.4159071Z     ⚠️ Smart selectors failed (no unique match). Falling back to AI Vision...
2026-01-19T04:03:47.4160658Z     🧠 [EXPERT] Strategy: Act as Senior SDET focusing on exploring the application to understand functional flow and identifying critical paths for end-to-end automation.
2026-01-19T04:03:47.4164432Z [CACHE HIT] ad0353cc... (hits: 38, misses: 39)
2026-01-19T04:03:47.4165106Z     ⚠️ Skipping duplicate injection: JOIN NOW
2026-01-19T04:03:47.4165843Z     🧠 Verifying step validity for 'Name:' after no candidates found...
2026-01-19T04:03:50.3793217Z [DEBUG] Sending request to gemini-2.0-flash. Number of parts: 2
2026-01-19T04:03:50.3793669Z [DEBUG] Received response (Length: 258)
2026-01-19T04:03:50.3795782Z     🗑️ Step deemed INVALID: The text 'Name:' is not visible on the current page (https://demoqa.com/) based on the provided screenshot and OCR output. Therefore, attempting to locate and interact with it is not a valid step.. Removing from workflow.
2026-01-19T04:03:50.3796895Z     ⏭️ Skipping execution of invalid step: Name:
2026-01-19T04:03:52.4213539Z 
2026-01-19T04:03:52.4214045Z [3/3] Exploring Scenario: Elements - Check Box
2026-01-19T04:03:52.4215474Z     🧠 Initialized exploration context for goal: 'Test various form elements'
2026-01-19T04:03:52.4216257Z   ▶️ [STEP step_1] NAVIGATE: 
2026-01-19T04:03:54.0251143Z     ✅ Navigated to https://demoqa.com/
2026-01-19T04:03:54.0252176Z   ▶️ [STEP step_2] CLICK: Elements
2026-01-19T04:03:54.0892337Z     🔍 Mining locators for: 'Elements'
2026-01-19T04:03:54.2223226Z     ✅ Found 1 verified locators
2026-01-19T04:03:57.9194381Z     ✅ State transitioned.
2026-01-19T04:03:58.0012866Z [CACHE HIT] f3046bdf... (hits: 39, misses: 40)
2026-01-19T04:03:58.0013657Z     🤖 AI Next Step Suggestion: click -> Forms
2026-01-19T04:03:58.0014385Z     🧩 Suggested Locator: div:nth-of-type(2) > div > div > div:nth-of-type(2) > div:nth-of-type(2) > div
2026-01-19T04:03:58.0015345Z     💭 Reasoning: The goal is to test various form elements. Clicking on 'Forms' will navigate to the forms page where I can find different form elements.
2026-01-19T04:03:58.0016155Z ⚠️ Loop detected: same AI suggestion repeated 2 times. Moving to next step.
2026-01-19T04:03:58.0016614Z   ▶️ [STEP step_3] ASSERT_VISIBLE: Check Box
2026-01-19T04:03:58.0093366Z     🔍 Mining locators for: 'Check Box'
2026-01-19T04:03:58.0701452Z     🧠 Consulting AI (Vision-First) to find 'Check Box'...
2026-01-19T04:03:58.0702251Z     🔍 Trying smart selectors for 'Check Box'...
2026-01-19T04:03:58.1464402Z     ⚠️ Smart selectors failed (no unique match). Falling back to AI Vision...
2026-01-19T04:03:58.1465885Z     🧠 [EXPERT] Strategy: Act as Senior SDET focusing on exploring the application to understand functional flow and identifying critical paths for end-to-end automation.
2026-01-19T04:03:59.5167073Z [DEBUG] Sending request to gemini-2.0-flash. Number of parts: 2
2026-01-19T04:03:59.5167614Z [DEBUG] Received response (Length: 237)
2026-01-19T04:03:59.5168486Z     💡 Expert Suggestion: Checkboxes are form elements, and clicking 'JOIN NOW' might lead to a form containing checkboxes.
2026-01-19T04:03:59.5169167Z     🛠️ Executing corrective action: click -> 'JOIN NOW'
2026-01-19T04:03:59.5691282Z     🔄 Retry 1/3 mining locators for 'Check Box'...
2026-01-19T04:04:00.6156747Z     🧠 Consulting AI (Vision-First) to find 'Check Box'...
2026-01-19T04:04:00.6157625Z     🔍 Trying smart selectors for 'Check Box'...
2026-01-19T04:04:00.6929695Z     ⚠️ Smart selectors failed (no unique match). Falling back to AI Vision...
2026-01-19T04:04:00.6931235Z     🧠 [EXPERT] Strategy: Act as Senior SDET focusing on exploring the application to understand functional flow and identifying critical paths for end-to-end automation.
2026-01-19T04:04:00.6935043Z [CACHE HIT] 45a72b72... (hits: 40, misses: 41)
2026-01-19T04:04:00.6935701Z     ⚠️ Skipping duplicate injection: JOIN NOW
2026-01-19T04:04:00.6936095Z     🔄 Retry 2/3 mining locators for 'Check Box'...
2026-01-19T04:04:01.6950393Z     🗑️ Invalidating stale AI cache (retry 2)...
2026-01-19T04:04:01.6951423Z     ⚠️ Cache invalidation warning: No module named 'core.agents.domain_expert'
2026-01-19T04:04:01.7360836Z     🧠 Consulting AI (Vision-First) to find 'Check Box'...
2026-01-19T04:04:01.7361698Z     🔍 Trying smart selectors for 'Check Box'...
2026-01-19T04:04:01.8117989Z     ⚠️ Smart selectors failed (no unique match). Falling back to AI Vision...
2026-01-19T04:04:01.8119898Z     🧠 [EXPERT] Strategy: Act as Senior SDET focusing on exploring the application to understand functional flow and identifying critical paths for end-to-end automation.
2026-01-19T04:04:01.8124637Z [CACHE HIT] 45a72b72... (hits: 41, misses: 41)
2026-01-19T04:04:01.8125387Z     ⚠️ Skipping duplicate injection: JOIN NOW
2026-01-19T04:04:01.8126210Z     🧠 Verifying step validity for 'Check Box' after no candidates found...
2026-01-19T04:04:04.7301975Z [DEBUG] Sending request to gemini-2.0-flash. Number of parts: 2
2026-01-19T04:04:04.7302665Z [DEBUG] Received response (Length: 294)
2026-01-19T04:04:04.7304969Z     🗑️ Step deemed INVALID: The current page (https://demoqa.com/) does not have a "Check Box" element visible on the main landing page. We need to navigate to the "Elements" page and then to the "Check Box" section to interact with the checkbox element.. Removing from workflow.
2026-01-19T04:04:04.7306804Z     ⏭️ Skipping execution of invalid step: Check Box
2026-01-19T04:04:04.7307173Z   ▶️ [STEP step_4] CLICK: Check Box
2026-01-19T04:04:04.7380130Z     🔍 Mining locators for: 'Check Box'
2026-01-19T04:04:04.7824139Z     🧠 Consulting AI (Vision-First) to find 'Check Box'...
2026-01-19T04:04:04.7824667Z     🔍 Trying smart selectors for 'Check Box'...
2026-01-19T04:04:04.8464638Z     ⚠️ Smart selectors failed (no unique match). Falling back to AI Vision...
2026-01-19T04:04:04.8465864Z     🧠 [EXPERT] Strategy: Act as Senior SDET focusing on exploring the application to understand functional flow and identifying critical paths for end-to-end automation.
2026-01-19T04:04:04.8470409Z [CACHE HIT] 45a72b72... (hits: 42, misses: 42)
2026-01-19T04:04:04.8471600Z     💡 Expert Suggestion: Checkboxes are form elements, and clicking 'JOIN NOW' might lead to a form containing checkboxes.
2026-01-19T04:04:04.8472698Z     🛠️ Executing corrective action: click -> 'JOIN NOW'
2026-01-19T04:04:04.9028037Z     🔄 Retry 1/3 mining locators for 'Check Box'...
2026-01-19T04:04:05.9520384Z     🧠 Consulting AI (Vision-First) to find 'Check Box'...
2026-01-19T04:04:05.9521199Z     🔍 Trying smart selectors for 'Check Box'...
2026-01-19T04:04:06.0244909Z     ⚠️ Smart selectors failed (no unique match). Falling back to AI Vision...
2026-01-19T04:04:06.0246136Z     🧠 [EXPERT] Strategy: Act as Senior SDET focusing on exploring the application to understand functional flow and identifying critical paths for end-to-end automation.
2026-01-19T04:04:06.0253539Z [CACHE HIT] 45a72b72... (hits: 43, misses: 42)
2026-01-19T04:04:06.0254230Z     ⚠️ Skipping duplicate injection: JOIN NOW
2026-01-19T04:04:06.0254866Z     🔄 Retry 2/3 mining locators for 'Check Box'...
2026-01-19T04:04:07.0260352Z     🗑️ Invalidating stale AI cache (retry 2)...
2026-01-19T04:04:07.0262691Z     ⚠️ Cache invalidation warning: No module named 'core.agents.domain_expert'
2026-01-19T04:04:07.0676493Z     🧠 Consulting AI (Vision-First) to find 'Check Box'...
2026-01-19T04:04:07.0677276Z     🔍 Trying smart selectors for 'Check Box'...
2026-01-19T04:04:07.1349665Z     ⚠️ Smart selectors failed (no unique match). Falling back to AI Vision...
2026-01-19T04:04:07.1351324Z     🧠 [EXPERT] Strategy: Act as Senior SDET focusing on exploring the application to understand functional flow and identifying critical paths for end-to-end automation.
2026-01-19T04:04:07.1364980Z [CACHE HIT] 45a72b72... (hits: 44, misses: 42)
2026-01-19T04:04:07.1365692Z     ⚠️ Skipping duplicate injection: JOIN NOW
2026-01-19T04:04:07.1367795Z     🧠 Verifying step validity for 'Check Box' after no candidates found...
2026-01-19T04:04:07.1368548Z [CACHE HIT] 2a98e4cd... (hits: 45, misses: 42)
2026-01-19T04:04:07.1370916Z     🗑️ Step deemed INVALID: The current page (https://demoqa.com/) does not have a "Check Box" element visible on the main landing page. We need to navigate to the "Elements" page and then to the "Check Box" section to interact with the checkbox element.. Removing from workflow.
2026-01-19T04:04:07.1372176Z     ⏭️ Skipping execution of invalid step: Check Box
2026-01-19T04:04:07.1372538Z   ▶️ [STEP step_5] ASSERT_URL: 
2026-01-19T04:04:12.1561167Z     ⚠️ Scroll into view failed for text=None. Proceeding anyway.
2026-01-19T04:04:14.1584976Z     ✅ State transitioned.
2026-01-19T04:04:14.1647814Z     🔄 Revisited state detected (count: 1)
2026-01-19T04:04:15.7647780Z [DEBUG] Sending request to gemini-2.0-flash. Number of parts: 2
2026-01-19T04:04:15.7648522Z [DEBUG] Received response (Length: 312)
2026-01-19T04:04:15.7649391Z     🤖 AI Next Step Suggestion: click -> Forms
2026-01-19T04:04:15.7650791Z     🧩 Suggested Locator: div:nth-of-type(2) > div:nth-of-type(1) > div:nth-of-type(1) > div:nth-of-type(2) > div
2026-01-19T04:04:15.7652593Z     💭 Reasoning: The goal is to test various form elements. Clicking on 'Forms' will navigate to the forms page where I can interact with different form elements.
2026-01-19T04:04:15.7653881Z     ➕ Injected AI step: click -> Forms
2026-01-19T04:04:15.7654865Z   ▶️ [STEP step_5_ai_1] CLICK: Forms
2026-01-19T04:04:15.7730447Z     🎯 Using AI-provided locator: div:nth-of-type(2) > div:nth-of-type(1) > div:nth-of-type(1) > div:nth-of-type(2) > div
2026-01-19T04:04:15.7838151Z     ✅ Found 1 verified locators
2026-01-19T04:04:19.8370360Z     ✅ State transitioned.
2026-01-19T04:04:19.8436888Z     🔄 Revisited state detected (count: 2)
2026-01-19T04:04:21.4477889Z [DEBUG] Sending request to gemini-2.0-flash. Number of parts: 2
2026-01-19T04:04:21.4478560Z [DEBUG] Received response (Length: 293)
2026-01-19T04:04:21.4479264Z     🤖 AI Next Step Suggestion: click -> Forms
2026-01-19T04:04:21.4479821Z     🧩 Suggested Locator: div:nth-of-type(2) > div:nth-of-type(1) > div:nth-of-type(2) > div
2026-01-19T04:04:21.4480966Z     💭 Reasoning: The goal is to test various form elements. We are currently on the home page and need to navigate to the Forms page to interact with form elements.
2026-01-19T04:04:21.4481814Z ⚠️ Loop detected: same AI suggestion repeated 2 times. Moving to next step.
2026-01-19T04:04:21.4482287Z   ▶️ [STEP step_6] CLICK: Expand All
2026-01-19T04:04:21.4561821Z     🔍 Mining locators for: 'Expand All'
2026-01-19T04:04:21.5009039Z     🧠 Consulting AI (Vision-First) to find 'Expand All'...
2026-01-19T04:04:21.5009836Z     🔍 Trying smart selectors for 'Expand All'...
2026-01-19T04:04:21.5798166Z     ⚠️ Smart selectors failed (no unique match). Falling back to AI Vision...
2026-01-19T04:04:21.5799527Z     🧠 [EXPERT] Strategy: Act as Senior SDET focusing on exploring the application to understand functional flow and identifying critical paths for end-to-end automation.
2026-01-19T04:04:26.1450990Z [DEBUG] Sending request to gemini-2.0-flash. Number of parts: 2
2026-01-19T04:04:26.1451592Z [DEBUG] Received response (Length: 242)
2026-01-19T04:04:26.1452149Z     ⚠️ Skipping duplicate injection: Forms
2026-01-19T04:04:26.1452546Z     🔄 Retry 1/3 mining locators for 'Expand All'...
2026-01-19T04:04:27.1899297Z     🧠 Consulting AI (Vision-First) to find 'Expand All'...
2026-01-19T04:04:27.1900332Z     🔍 Trying smart selectors for 'Expand All'...
2026-01-19T04:04:27.2655841Z     ⚠️ Smart selectors failed (no unique match). Falling back to AI Vision...
2026-01-19T04:04:27.2657687Z     🧠 [EXPERT] Strategy: Act as Senior SDET focusing on exploring the application to understand functional flow and identifying critical paths for end-to-end automation.
2026-01-19T04:04:27.2661819Z [CACHE HIT] ad8395ac... (hits: 46, misses: 45)
2026-01-19T04:04:27.2662352Z     ⚠️ Skipping duplicate injection: Forms
2026-01-19T04:04:27.2662759Z     🔄 Retry 2/3 mining locators for 'Expand All'...
2026-01-19T04:04:28.2675756Z     🗑️ Invalidating stale AI cache (retry 2)...
2026-01-19T04:04:28.2676783Z     ⚠️ Cache invalidation warning: No module named 'core.agents.domain_expert'
2026-01-19T04:04:28.3161291Z     🧠 Consulting AI (Vision-First) to find 'Expand All'...
2026-01-19T04:04:28.3162101Z     🔍 Trying smart selectors for 'Expand All'...
2026-01-19T04:04:28.3822035Z     ⚠️ Smart selectors failed (no unique match). Falling back to AI Vision...
2026-01-19T04:04:28.3823848Z     🧠 [EXPERT] Strategy: Act as Senior SDET focusing on exploring the application to understand functional flow and identifying critical paths for end-to-end automation.
2026-01-19T04:04:28.3834899Z [CACHE HIT] ad8395ac... (hits: 47, misses: 45)
2026-01-19T04:04:28.3835887Z     ⚠️ Skipping duplicate injection: Forms
2026-01-19T04:04:28.3836399Z     🧠 Verifying step validity for 'Expand All' after no candidates found...
2026-01-19T04:04:31.3541308Z [DEBUG] Sending request to gemini-2.0-flash. Number of parts: 2
2026-01-19T04:04:31.3541986Z [DEBUG] Received response (Length: 278)
2026-01-19T04:04:31.3544497Z     🗑️ Step deemed INVALID: The current page (https://demoqa.com/) displays the main categories. 'Expand All' is an action typically found within a specific category page, such as 'Elements'. Therefore, 'Expand All' does not exist on this page.. Removing from workflow.
2026-01-19T04:04:31.3546751Z     ⏭️ Skipping execution of invalid step: Expand All
2026-01-19T04:04:31.3547833Z   ▶️ [STEP step_7] CHECK: Home
2026-01-19T04:04:31.3635000Z     🔍 Mining locators for: 'Home'
2026-01-19T04:04:31.4158386Z     🧠 Consulting AI (Vision-First) to find 'Home'...
2026-01-19T04:04:31.4158872Z     🔍 Trying smart selectors for 'Home'...
2026-01-19T04:04:31.4796385Z     ⚠️ Smart selectors failed (no unique match). Falling back to AI Vision...
2026-01-19T04:04:31.4797788Z     🧠 [EXPERT] Strategy: Act as Senior SDET focusing on exploring the application to understand functional flow and identifying critical paths for end-to-end automation.
2026-01-19T04:04:36.1403500Z [DEBUG] Sending request to gemini-2.0-flash. Number of parts: 2
2026-01-19T04:04:36.1404174Z [DEBUG] Received response (Length: 255)
2026-01-19T04:04:36.1411913Z     💡 Expert Suggestion: The 'Home' button is likely located within the 'Elements' section, as it is a common starting point for navigation.
2026-01-19T04:04:36.1413608Z     🛠️ Executing corrective action: click -> 'Elements'
2026-01-19T04:04:36.7601724Z     ✅ Executed corrective navigation
2026-01-19T04:04:38.7611131Z     🔄 Retry 1/3 mining locators for 'Home'...
2026-01-19T04:04:39.8504980Z     🧠 Consulting AI (Vision-First) to find 'Home'...
2026-01-19T04:04:39.8505671Z     🔍 Trying smart selectors for 'Home'...
2026-01-19T04:04:39.9073502Z     ⚠️ Smart selectors failed (no unique match). Falling back to AI Vision...
2026-01-19T04:04:39.9075254Z     🧠 [EXPERT] Strategy: Act as Senior SDET focusing on exploring the application to understand functional flow and identifying critical paths for end-to-end automation.
2026-01-19T04:04:41.2722559Z [DEBUG] Sending request to gemini-2.0-flash. Number of parts: 2
2026-01-19T04:04:41.2723214Z [DEBUG] Received response (Length: 198)
2026-01-19T04:04:41.2723861Z     ⚠️ Skipping duplicate injection: Elements
2026-01-19T04:04:41.2724238Z     🔄 Retry 2/3 mining locators for 'Home'...
2026-01-19T04:04:42.2735672Z     🗑️ Invalidating stale AI cache (retry 2)...
2026-01-19T04:04:42.2736796Z     ⚠️ Cache invalidation warning: No module named 'core.agents.domain_expert'
2026-01-19T04:04:42.3253414Z     🧠 Consulting AI (Vision-First) to find 'Home'...
2026-01-19T04:04:42.3254153Z     🔍 Trying smart selectors for 'Home'...
2026-01-19T04:04:42.3816750Z     ⚠️ Smart selectors failed (no unique match). Falling back to AI Vision...
2026-01-19T04:04:42.3818427Z     🧠 [EXPERT] Strategy: Act as Senior SDET focusing on exploring the application to understand functional flow and identifying critical paths for end-to-end automation.
2026-01-19T04:04:42.3822148Z [CACHE HIT] daa16a78... (hits: 48, misses: 48)
2026-01-19T04:04:42.3822772Z     ⚠️ Skipping duplicate injection: Elements
2026-01-19T04:04:42.3823670Z     🧠 Verifying step validity for 'Home' after no candidates found...
2026-01-19T04:04:46.5369328Z [DEBUG] Sending request to gemini-2.0-flash. Number of parts: 2
2026-01-19T04:04:46.5370405Z [DEBUG] Received response (Length: 343)
2026-01-19T04:04:46.5372583Z     🗑️ Step deemed INVALID: The element 'Home' does not appear to be present on the current page. The left navigation contains 'Elements', 'Text Box', 'Check Box', 'Radio Button', 'Web Tables', 'Buttons', 'Links', and 'Broken Links - Images'. Therefore, attempting to interact with 'Home' is not a valid step.. Removing from workflow.
2026-01-19T04:04:46.5374309Z     ⏭️ Skipping execution of invalid step: Home
2026-01-19T04:04:46.5374799Z   ▶️ [STEP step_8] ASSERT_VISIBLE: You have selected :
2026-01-19T04:04:46.5469444Z     🔍 Mining locators for: 'You have selected :'
2026-01-19T04:04:46.5974579Z     🧠 Consulting AI (Vision-First) to find 'You have selected :'...
2026-01-19T04:04:46.5975966Z     🔍 Trying smart selectors for 'You have selected :'...
2026-01-19T04:04:46.6771345Z     ⚠️ Smart selectors failed (no unique match). Falling back to AI Vision...
2026-01-19T04:04:46.6773054Z     🧠 [EXPERT] Strategy: Act as Senior SDET focusing on exploring the application to understand functional flow and identifying critical paths for end-to-end automation.
2026-01-19T04:04:51.1815984Z [DEBUG] Sending request to gemini-2.0-flash. Number of parts: 2
2026-01-19T04:04:51.1816665Z [DEBUG] Received response (Length: 230)
2026-01-19T04:04:51.1818252Z     💡 Expert Suggestion: "You have selected :" is likely displayed after interacting with the Check Box element.
2026-01-19T04:04:51.1819167Z     🛠️ Executing corrective action: click -> 'Check Box'
2026-01-19T04:04:51.7647030Z     ✅ Executed corrective navigation
2026-01-19T04:04:53.7670505Z     🔄 Retry 1/3 mining locators for 'You have selected :'...
2026-01-19T04:04:54.8323221Z     🧠 Consulting AI (Vision-First) to find 'You have selected :'...
2026-01-19T04:04:54.8323786Z     🔍 Trying smart selectors for 'You have selected :'...
2026-01-19T04:04:54.9158134Z     ⚠️ Smart selectors failed (no unique match). Falling back to AI Vision...
2026-01-19T04:04:54.9160177Z     🧠 [EXPERT] Strategy: Act as Senior SDET focusing on exploring the application to understand functional flow and identifying critical paths for end-to-end automation.
2026-01-19T04:04:56.3752365Z [DEBUG] Sending request to gemini-2.0-flash. Number of parts: 2
2026-01-19T04:04:56.3752926Z [DEBUG] Received response (Length: 219)
2026-01-19T04:04:56.3753691Z     💡 Expert Suggestion: "You have selected :" is likely to appear after selecting a radio button.
2026-01-19T04:04:56.3754292Z     🛠️ Executing corrective action: click -> 'Radio Button'
2026-01-19T04:04:57.0225219Z     ✅ Executed corrective navigation
2026-01-19T04:04:59.0248857Z     🔄 Retry 2/3 mining locators for 'You have selected :'...
2026-01-19T04:05:00.0262740Z     🗑️ Invalidating stale AI cache (retry 2)...
2026-01-19T04:05:00.0341972Z     ⚠️ Cache invalidation warning: No module named 'core.agents.domain_expert'
2026-01-19T04:05:00.0865936Z     🧠 Consulting AI (Vision-First) to find 'You have selected :'...
2026-01-19T04:05:00.0866539Z     🔍 Trying smart selectors for 'You have selected :'...
2026-01-19T04:05:00.1698409Z     ⚠️ Smart selectors failed (no unique match). Falling back to AI Vision...
2026-01-19T04:05:00.1699692Z     🧠 [EXPERT] Strategy: Act as Senior SDET focusing on exploring the application to understand functional flow and identifying critical paths for end-to-end automation.
2026-01-19T04:05:01.7359397Z [DEBUG] Sending request to gemini-2.0-flash. Number of parts: 2
2026-01-19T04:05:01.7360450Z [DEBUG] Received response (Length: 216)
2026-01-19T04:05:01.7361861Z     💡 Expert Suggestion: The text 'You have selected :' is likely displayed after a button is clicked.
2026-01-19T04:05:01.7363119Z     🛠️ Executing corrective action: click -> 'Buttons'
2026-01-19T04:05:02.3174254Z     ✅ Executed corrective navigation
2026-01-19T04:05:04.3184665Z     🧠 Verifying step validity for 'You have selected :' after no candidates found...
2026-01-19T04:05:06.5088303Z [DEBUG] Sending request to gemini-2.0-flash. Number of parts: 2
2026-01-19T04:05:06.5088969Z [DEBUG] Received response (Length: 267)
2026-01-19T04:05:06.5090626Z     🗑️ Step deemed INVALID: The current page is the 'Radio Button' page, not the 'Buttons' page. The text 'You have selected :' is not present on the 'Radio Button' page. Therefore, the interaction target does not exist on this page.. Removing from workflow.
2026-01-19T04:05:06.5091767Z     ⏭️ Skipping execution of invalid step: You have selected :
2026-01-19T04:05:08.5541165Z 🗂️  All generated tests written to /home/runner/work/build_qa_automation/build_qa_automation/projects/ci_demoqa_practice/tests/generated_scenarios.json
2026-01-19T04:05:08.5543167Z 🔄 Updated workflow.json with discovered steps and locators.
2026-01-19T04:05:08.5543838Z 
2026-01-19T04:05:08.5544265Z ✅ Deep Exploration Complete.
2026-01-19T04:06:20.5567714Z 
2026-01-19T04:06:20.5568541Z 🚀 [EXECUTE] Starting Automation Execution Engine
2026-01-19T04:06:20.5569211Z 📍 Project: ci_demoqa_practice
2026-01-19T04:06:20.5569488Z 🎬 Mode: Headless
2026-01-19T04:06:20.5569617Z 
2026-01-19T04:06:20.5569878Z --- Scenario: Forms - Practice Form Submission ---
2026-01-19T04:06:20.5571569Z   ▶️ [STEP step_1] NAVIGATE: Step step_1
2026-01-19T04:06:20.5572081Z     ✅ Step step_1 Passed.
2026-01-19T04:06:20.5572545Z   ▶️ [STEP step_2] ASSERT_URL: Step step_2
2026-01-19T04:06:20.5573153Z     ✅ Step step_2 Passed.
2026-01-19T04:06:20.5573665Z   ▶️ [STEP step_2_ai_1] CLICK: Forms
2026-01-19T04:06:20.5574311Z     🎯 Using mined locator: div:nth-of-type(4) > div:nth-of-type(1)
2026-01-19T04:06:20.5574703Z     ✅ Step step_2_ai_1 Passed.
2026-01-19T04:06:20.5575036Z   ▶️ [STEP step_2_ai_2] CLICK: Practice Form
2026-01-19T04:06:20.5575406Z     🎯 Using mined locator: span:text-is('Practice Form')
2026-01-19T04:06:20.5575903Z     ❌ Attempt 1 failed (element_not_found): Locator.click: Timeout 10000ms exceeded.
2026-01-19T04:06:20.5576283Z Call log:
2026-01-19T04:06:20.5576506Z   - waiting for locator("span:text-is('Practice F...
2026-01-19T04:06:20.5576925Z     🔧 [AUTO-HEAL] Re-mining page to find 'Practice Form'...
2026-01-19T04:06:20.5577317Z [DEBUG] Sending request to gemini-2.0-flash. Number of parts: 2
2026-01-19T04:06:20.5577695Z [DEBUG] Received response (Length: 687)
2026-01-19T04:06:20.5578073Z     ✨ AI successfully healed the step! Found 2 alternatives.
2026-01-19T04:06:20.5578527Z     ✨ AI successfully healed the step! New selector: li[id='item-0']
2026-01-19T04:06:20.5579055Z     ❌ Attempt 2 failed (element_not_found): Locator.click: Timeout 10000ms exceeded.
2026-01-19T04:06:20.5579430Z Call log:
2026-01-19T04:06:20.5579641Z   - waiting for locator("li[id='item-0']").first
2026-01-19T04:06:20.5579898Z ...
2026-01-19T04:06:20.5580514Z     🔧 [AUTO-HEAL] Re-mining page to find 'Practice Form'...
2026-01-19T04:06:20.5580850Z [CACHE HIT] a50a1772... (hits: 1, misses: 1)
2026-01-19T04:06:20.5581232Z     ✨ AI successfully healed the step! Found 2 alternatives.
2026-01-19T04:06:20.5581668Z     ✨ AI successfully healed the step! New selector: li[id='item-0']
2026-01-19T04:06:20.5582182Z     ❌ Attempt 3 failed (element_not_found): Locator.click: Timeout 10000ms exceeded.
2026-01-19T04:06:20.5582584Z Call log:
2026-01-19T04:06:20.5582797Z   - waiting for locator("li[id='item-0']").first
2026-01-19T04:06:20.5583052Z ...
2026-01-19T04:06:20.5583307Z     💀 Step step_2_ai_2 failed after all retries.
2026-01-19T04:06:20.5583766Z 🛑 Scenario 'Forms - Practice Form Submission' aborted due to step failure.
2026-01-19T04:06:20.5584068Z 
2026-01-19T04:06:20.5584180Z --- Scenario: Elements - Text Box ---
2026-01-19T04:06:20.5584494Z   ▶️ [STEP step_1] NAVIGATE: Step step_1
2026-01-19T04:06:20.5584779Z     ✅ Step step_1 Passed.
2026-01-19T04:06:20.5585044Z   ▶️ [STEP step_2] CLICK: Elements
2026-01-19T04:06:20.5585336Z     🎯 Using mined locator: text='Elements'
2026-01-19T04:06:20.5585623Z     ✅ Step step_2 Passed.
2026-01-19T04:06:20.5585885Z   ▶️ [STEP step_2_ai_1] CLICK: Forms
2026-01-19T04:06:20.5586174Z     🎯 Using mined locator: text='Forms'
2026-01-19T04:06:20.5586461Z     ✅ Step step_2_ai_1 Passed.
2026-01-19T04:06:20.5586739Z   ▶️ [STEP step_5] ASSERT_URL: Step step_5
2026-01-19T04:06:20.5587029Z     ✅ Step step_5 Passed.
2026-01-19T04:06:20.5587278Z   ▶️ [STEP step_5_ai_1] CLICK: Forms
2026-01-19T04:06:20.5587564Z     🎯 Using mined locator: text='Forms'
2026-01-19T04:06:20.5587854Z     ✅ Step step_5_ai_1 Passed.
2026-01-19T04:06:20.5588185Z ✅ Scenario 'Elements - Text Box' completed successfully!
2026-01-19T04:06:20.5588421Z 
2026-01-19T04:06:20.5588524Z --- Scenario: Elements - Check Box ---
2026-01-19T04:06:20.5588826Z   ▶️ [STEP step_1] NAVIGATE: Step step_1
2026-01-19T04:06:20.5589103Z     ✅ Step step_1 Passed.
2026-01-19T04:06:20.5589362Z   ▶️ [STEP step_2] CLICK: Elements
2026-01-19T04:06:20.5589658Z     🎯 Using mined locator: text='Elements'
2026-01-19T04:06:20.5590644Z     ✅ Step step_2 Passed.
2026-01-19T04:06:20.5591133Z   ▶️ [STEP step_5] ASSERT_URL: Step step_5
2026-01-19T04:06:20.5591604Z     ✅ Step step_5 Passed.
2026-01-19T04:06:20.5592030Z   ▶️ [STEP step_5_ai_1] CLICK: Forms
2026-01-19T04:06:20.5592958Z     🎯 Using mined locator: div:nth-of-type(2) > div:nth-of-type(1) > div:nth-of-type(1) > div:nth-of-type(2) > div
2026-01-19T04:06:20.5594094Z     ✅ Step step_5_ai_1 Passed.
2026-01-19T04:06:20.5594642Z ✅ Scenario 'Elements - Check Box' completed successfully!
2026-01-19T04:06:20.5595220Z 
2026-01-19T04:06:20.5595385Z ============================================================
2026-01-19T04:06:20.5595831Z 🎯 EXECUTION SUMMARY
2026-01-19T04:06:20.5596065Z ============================================================
2026-01-19T04:06:20.5596285Z 
2026-01-19T04:06:20.5596389Z 📋 Scenario Overview:
2026-01-19T04:06:20.5596758Z    • Total Scenarios Planned: 3
2026-01-19T04:06:20.5597023Z    • Scenarios Executed: 3
2026-01-19T04:06:20.5597282Z    • Total Steps Executed: 13
2026-01-19T04:06:20.5597437Z 
2026-01-19T04:06:20.5597527Z ✅ Results:
2026-01-19T04:06:20.5597725Z    ✅ Passed: 2 (66%)
2026-01-19T04:06:20.5597941Z    ❌ Failed: 1 (33%)
2026-01-19T04:06:20.5598065Z 
2026-01-19T04:06:20.5598168Z ⚠️  Failed Scenarios:
2026-01-19T04:06:20.5598426Z    • Forms - Practice Form Submission
2026-01-19T04:06:20.5598615Z 
2026-01-19T04:06:20.5598721Z ============================================================
2026-01-19T04:06:20.5598912Z 
2026-01-19T04:06:20.5599422Z 🏁 Execution Finished. Report: /home/runner/work/build_qa_automation/build_qa_automation/projects/ci_demoqa_practice/execution.json
2026-01-19T04:06:20.7861123Z 
2026-01-19T04:06:20.7861641Z [PHASE] Running Phase: DISCOVERY
2026-01-19T04:06:20.7862830Z    Command: /opt/hostedtoolcache/Python/3.11.14/x64/bin/python /home/runner/work/build_qa_automation/build_qa_automation/core/agents/discovery.py --project /home/runner/work/build_qa_automation/build_qa_automation/projects/ci_demoqa_practice --url https://demoqa.com/ --deep
2026-01-19T04:06:20.7864216Z ✅ Phase 'discovery' completed successfully.
2026-01-19T04:06:20.7864431Z 
2026-01-19T04:06:20.7864525Z [PHASE] Running Phase: PLANNING
2026-01-19T04:06:20.7866551Z    Command: /opt/hostedtoolcache/Python/3.11.14/x64/bin/python /home/runner/work/build_qa_automation/build_qa_automation/core/agents/planner.py --project /home/runner/work/build_qa_automation/build_qa_automation/projects/ci_demoqa_practice --goal Test various form elements --url https://demoqa.com/ --deep
2026-01-19T04:06:20.7868731Z ✅ Phase 'planning' completed successfully.
2026-01-19T04:06:20.7869034Z 
2026-01-19T04:06:20.7869142Z [PHASE] Running Phase: EXPLORATION
2026-01-19T04:06:20.7870346Z    Command: /opt/hostedtoolcache/Python/3.11.14/x64/bin/python /home/runner/work/build_qa_automation/build_qa_automation/core/agents/deep_explorer.py --project /home/runner/work/build_qa_automation/build_qa_automation/projects/ci_demoqa_practice
2026-01-19T04:06:20.7871406Z ✅ Phase 'exploration' completed successfully.
2026-01-19T04:06:20.7871792Z 📊 Exploration Discovery Success Rate: 71.4%
2026-01-19T04:06:20.7871985Z 
2026-01-19T04:06:20.7872084Z [PHASE] Running Phase: EXECUTION
2026-01-19T04:06:20.7873001Z    Command: /opt/hostedtoolcache/Python/3.11.14/x64/bin/python /home/runner/work/build_qa_automation/build_qa_automation/core/agents/executor.py --project /home/runner/work/build_qa_automation/build_qa_automation/projects/ci_demoqa_practice
2026-01-19T04:06:20.7874005Z ✅ Phase 'execution' completed successfully.
2026-01-19T04:06:20.7874457Z 
2026-01-19T04:06:20.7874570Z [DONE] Pipeline Execution Finished! [DONE]
2026-01-19T04:06:20.9894367Z ##[group]Run RESULT_FILE="projects/ci_demoqa_practice/execution.json"
2026-01-19T04:06:20.9894888Z [36;1mRESULT_FILE="projects/ci_demoqa_practice/execution.json"[0m
2026-01-19T04:06:20.9895254Z [36;1mif [ -f "$RESULT_FILE" ]; then[0m
2026-01-19T04:06:20.9895596Z [36;1m  echo "✅ Results generated successfully: $RESULT_FILE"[0m
2026-01-19T04:06:20.9896038Z [36;1m  cat "$RESULT_FILE" | jq '.scenarios | length' || echo "Result file exists"[0m
2026-01-19T04:06:20.9896412Z [36;1melse[0m
2026-01-19T04:06:20.9896644Z [36;1m  echo "❌ No result file found at $RESULT_FILE"[0m
2026-01-19T04:06:20.9896927Z [36;1m  exit 1[0m
2026-01-19T04:06:20.9897105Z [36;1mfi[0m
2026-01-19T04:06:20.9928846Z shell: /usr/bin/bash -e {0}
2026-01-19T04:06:20.9929265Z env:
2026-01-19T04:06:20.9929514Z   pythonLocation: /opt/hostedtoolcache/Python/3.11.14/x64
2026-01-19T04:06:20.9930043Z   PKG_CONFIG_PATH: /opt/hostedtoolcache/Python/3.11.14/x64/lib/pkgconfig
2026-01-19T04:06:20.9930502Z   Python_ROOT_DIR: /opt/hostedtoolcache/Python/3.11.14/x64
2026-01-19T04:06:20.9930884Z   Python2_ROOT_DIR: /opt/hostedtoolcache/Python/3.11.14/x64
2026-01-19T04:06:20.9931243Z   Python3_ROOT_DIR: /opt/hostedtoolcache/Python/3.11.14/x64
2026-01-19T04:06:20.9931643Z   LD_LIBRARY_PATH: /opt/hostedtoolcache/Python/3.11.14/x64/lib
2026-01-19T04:06:20.9931952Z ##[endgroup]
2026-01-19T04:06:20.9987740Z ✅ Results generated successfully: projects/ci_demoqa_practice/execution.json
2026-01-19T04:06:21.0028658Z 3
2026-01-19T04:06:21.0287364Z ##[group]Run actions/upload-artifact@v4
2026-01-19T04:06:21.0287665Z with:
2026-01-19T04:06:21.0287876Z   name: demoqa_practice-execution-results
2026-01-19T04:06:21.0288334Z   path: projects/ci_demoqa_practice/execution.json
projects/ci_demoqa_practice/workflow.json

2026-01-19T04:06:21.0288797Z   retention-days: 30
2026-01-19T04:06:21.0289005Z   if-no-files-found: warn
2026-01-19T04:06:21.0289227Z   compression-level: 6
2026-01-19T04:06:21.0289432Z   overwrite: false
2026-01-19T04:06:21.0289638Z   include-hidden-files: false
2026-01-19T04:06:21.0289854Z env:
2026-01-19T04:06:21.0290266Z   pythonLocation: /opt/hostedtoolcache/Python/3.11.14/x64
2026-01-19T04:06:21.0290690Z   PKG_CONFIG_PATH: /opt/hostedtoolcache/Python/3.11.14/x64/lib/pkgconfig
2026-01-19T04:06:21.0291106Z   Python_ROOT_DIR: /opt/hostedtoolcache/Python/3.11.14/x64
2026-01-19T04:06:21.0291473Z   Python2_ROOT_DIR: /opt/hostedtoolcache/Python/3.11.14/x64
2026-01-19T04:06:21.0291894Z   Python3_ROOT_DIR: /opt/hostedtoolcache/Python/3.11.14/x64
2026-01-19T04:06:21.0292275Z   LD_LIBRARY_PATH: /opt/hostedtoolcache/Python/3.11.14/x64/lib
2026-01-19T04:06:21.0292576Z ##[endgroup]
2026-01-19T04:06:21.2614500Z Multiple search paths detected. Calculating the least common ancestor of all paths
2026-01-19T04:06:21.2618990Z The least common ancestor is /home/runner/work/build_qa_automation/build_qa_automation/projects/ci_demoqa_practice. This will be the root directory of the artifact
2026-01-19T04:06:21.2620711Z With the provided path, there will be 2 files uploaded
2026-01-19T04:06:21.2628764Z Artifact name is valid!
2026-01-19T04:06:21.2629215Z Root directory input is valid!
2026-01-19T04:06:21.3584341Z Beginning upload of artifact content to blob storage
2026-01-19T04:06:21.4093237Z Uploaded bytes 1712
2026-01-19T04:06:21.4240672Z Finished uploading artifact content to blob storage!
2026-01-19T04:06:21.4243318Z SHA256 digest of uploaded artifact zip is 198ca51f112e97db176da4e641b74b70dc05ee8afcdee511db7131c7d36510ab
2026-01-19T04:06:21.4245444Z Finalizing artifact upload
2026-01-19T04:06:21.5028232Z Artifact demoqa_practice-execution-results.zip successfully finalized. Artifact ID 5172312303
2026-01-19T04:06:21.5030941Z Artifact demoqa_practice-execution-results has been successfully uploaded! Final size is 1712 bytes. Artifact ID is 5172312303
2026-01-19T04:06:21.5042867Z Artifact download URL: https://github.com/vishvasmca-cmd/build_qa_automation/actions/runs/21124435194/artifacts/5172312303
2026-01-19T04:06:21.5399345Z Post job cleanup.
2026-01-19T04:06:21.7022355Z Cache hit occurred on the primary key setup-python-Linux-x64-24.04-Ubuntu-python-3.11.14-pip-dde08d0e0b672972dcda9f1a063036a2e0c226f5d0a20362e9401931676d80a4, not saving cache.
2026-01-19T04:06:21.7520433Z Post job cleanup.
2026-01-19T04:06:21.8579370Z [command]/usr/bin/git version
2026-01-19T04:06:21.8635304Z git version 2.52.0
2026-01-19T04:06:21.8702614Z Temporarily overriding HOME='/home/runner/work/_temp/24a0499d-3c9d-4922-a11f-34742c9ff1d3' before making global git config changes
2026-01-19T04:06:21.8703911Z Adding repository directory to the temporary git global config as a safe directory
2026-01-19T04:06:21.8724567Z [command]/usr/bin/git config --global --add safe.directory /home/runner/work/build_qa_automation/build_qa_automation
2026-01-19T04:06:21.8814558Z [command]/usr/bin/git config --local --name-only --get-regexp core\.sshCommand
2026-01-19T04:06:21.8861535Z [command]/usr/bin/git submodule foreach --recursive sh -c "git config --local --name-only --get-regexp 'core\.sshCommand' && git config --local --unset-all 'core.sshCommand' || :"
2026-01-19T04:06:21.9167448Z [command]/usr/bin/git config --local --name-only --get-regexp http\.https\:\/\/github\.com\/\.extraheader
2026-01-19T04:06:21.9195687Z http.https://github.com/.extraheader
2026-01-19T04:06:21.9217048Z [command]/usr/bin/git config --local --unset-all http.https://github.com/.extraheader
2026-01-19T04:06:21.9258509Z [command]/usr/bin/git submodule foreach --recursive sh -c "git config --local --name-only --get-regexp 'http\.https\:\/\/github\.com\/\.extraheader' && git config --local --unset-all 'http.https://github.com/.extraheader' || :"
2026-01-19T04:06:21.9554570Z [command]/usr/bin/git config --local --name-only --get-regexp ^includeIf\.gitdir:
2026-01-19T04:06:21.9594331Z [command]/usr/bin/git submodule foreach --recursive git config --local --show-origin --name-only --get-regexp remote.origin.url
2026-01-19T04:06:22.0069509Z Cleaning up orphan processes
