2026-01-18T23:21:45.4376635Z Current runner version: '2.331.0'
2026-01-18T23:21:45.4401690Z ##[group]Runner Image Provisioner
2026-01-18T23:21:45.4402647Z Hosted Compute Agent
2026-01-18T23:21:45.4403184Z Version: 20251211.462
2026-01-18T23:21:45.4403782Z Commit: 6cbad8c2bb55d58165063d031ccabf57e2d2db61
2026-01-18T23:21:45.4404572Z Build Date: 2025-12-11T16:28:49Z
2026-01-18T23:21:45.4405201Z Worker ID: {81b2b2ba-94ad-4360-8dca-2b00fe6bb596}
2026-01-18T23:21:45.4405899Z ##[endgroup]
2026-01-18T23:21:45.4406469Z ##[group]Operating System
2026-01-18T23:21:45.4407028Z Ubuntu
2026-01-18T23:21:45.4407484Z 24.04.3
2026-01-18T23:21:45.4407978Z LTS
2026-01-18T23:21:45.4408455Z ##[endgroup]
2026-01-18T23:21:45.4409116Z ##[group]Runner Image
2026-01-18T23:21:45.4409745Z Image: ubuntu-24.04
2026-01-18T23:21:45.4410285Z Version: 20260111.209.1
2026-01-18T23:21:45.4411256Z Included Software: https://github.com/actions/runner-images/blob/ubuntu24/20260111.209/images/ubuntu/Ubuntu2404-Readme.md
2026-01-18T23:21:45.4412848Z Image Release: https://github.com/actions/runner-images/releases/tag/ubuntu24%2F20260111.209
2026-01-18T23:21:45.4413832Z ##[endgroup]
2026-01-18T23:21:45.4414953Z ##[group]GITHUB_TOKEN Permissions
2026-01-18T23:21:45.4416782Z Contents: read
2026-01-18T23:21:45.4417442Z Metadata: read
2026-01-18T23:21:45.4417930Z Packages: read
2026-01-18T23:21:45.4418474Z ##[endgroup]
2026-01-18T23:21:45.4421160Z Secret source: Actions
2026-01-18T23:21:45.4421851Z Prepare workflow directory
2026-01-18T23:21:45.5411406Z Prepare all required actions
2026-01-18T23:21:45.5450764Z Getting action download info
2026-01-18T23:21:45.9053073Z Download action repository 'actions/checkout@v4' (SHA:34e114876b0b11c390a56381ad16ebd13914f8d5)
2026-01-18T23:21:46.0099343Z Download action repository 'actions/setup-python@v5' (SHA:a26af69be951a213d495a4c3e4e4022e16d87065)
2026-01-18T23:21:46.0892898Z Download action repository 'actions/upload-artifact@v4' (SHA:ea165f8d65b6e75b540449e92b4886f43607fa02)
2026-01-18T23:21:46.4082894Z Complete job name: test-websites-deep (globalsqa_bank, https://www.globalsqa.com/angularJs-protractor/BankingProject...
2026-01-18T23:21:46.6055528Z ##[group]Run actions/checkout@v4
2026-01-18T23:21:46.6056387Z with:
2026-01-18T23:21:46.6056856Z   repository: vishvasmca-cmd/build_qa_automation
2026-01-18T23:21:46.6057625Z   token: ***
2026-01-18T23:21:46.6058022Z   ssh-strict: true
2026-01-18T23:21:46.6058414Z   ssh-user: git
2026-01-18T23:21:46.6058995Z   persist-credentials: true
2026-01-18T23:21:46.6059453Z   clean: true
2026-01-18T23:21:46.6059847Z   sparse-checkout-cone-mode: true
2026-01-18T23:21:46.6060324Z   fetch-depth: 1
2026-01-18T23:21:46.6060708Z   fetch-tags: false
2026-01-18T23:21:46.6061096Z   show-progress: true
2026-01-18T23:21:46.6061501Z   lfs: false
2026-01-18T23:21:46.6061870Z   submodules: false
2026-01-18T23:21:46.6062283Z   set-safe-directory: true
2026-01-18T23:21:46.6062972Z ##[endgroup]
2026-01-18T23:21:46.7139989Z Syncing repository: vishvasmca-cmd/build_qa_automation
2026-01-18T23:21:46.7141815Z ##[group]Getting Git version info
2026-01-18T23:21:46.7142692Z Working directory is '/home/runner/work/build_qa_automation/build_qa_automation'
2026-01-18T23:21:46.7143730Z [command]/usr/bin/git version
2026-01-18T23:21:46.7236578Z git version 2.52.0
2026-01-18T23:21:46.7262472Z ##[endgroup]
2026-01-18T23:21:46.7276697Z Temporarily overriding HOME='/home/runner/work/_temp/b99b0cc9-5522-41a1-b550-475e51db0344' before making global git config changes
2026-01-18T23:21:46.7278050Z Adding repository directory to the temporary git global config as a safe directory
2026-01-18T23:21:46.7289891Z [command]/usr/bin/git config --global --add safe.directory /home/runner/work/build_qa_automation/build_qa_automation
2026-01-18T23:21:46.7329132Z Deleting the contents of '/home/runner/work/build_qa_automation/build_qa_automation'
2026-01-18T23:21:46.7332532Z ##[group]Initializing the repository
2026-01-18T23:21:46.7336623Z [command]/usr/bin/git init /home/runner/work/build_qa_automation/build_qa_automation
2026-01-18T23:21:46.7449655Z hint: Using 'master' as the name for the initial branch. This default branch name
2026-01-18T23:21:46.7451424Z hint: will change to "main" in Git 3.0. To configure the initial branch name
2026-01-18T23:21:46.7452393Z hint: to use in all of your new repositories, which will suppress this warning,
2026-01-18T23:21:46.7453238Z hint: call:
2026-01-18T23:21:46.7453895Z hint:
2026-01-18T23:21:46.7454825Z hint: 	git config --global init.defaultBranch <name>
2026-01-18T23:21:46.7455587Z hint:
2026-01-18T23:21:46.7456576Z hint: Names commonly chosen instead of 'master' are 'main', 'trunk' and
2026-01-18T23:21:46.7458284Z hint: 'development'. The just-created branch can be renamed via this command:
2026-01-18T23:21:46.7459906Z hint:
2026-01-18T23:21:46.7460622Z hint: 	git branch -m <name>
2026-01-18T23:21:46.7461440Z hint:
2026-01-18T23:21:46.7462555Z hint: Disable this message with "git config set advice.defaultBranchName false"
2026-01-18T23:21:46.7464744Z Initialized empty Git repository in /home/runner/work/build_qa_automation/build_qa_automation/.git/
2026-01-18T23:21:46.7469053Z [command]/usr/bin/git remote add origin https://github.com/vishvasmca-cmd/build_qa_automation
2026-01-18T23:21:46.7505128Z ##[endgroup]
2026-01-18T23:21:46.7506313Z ##[group]Disabling automatic garbage collection
2026-01-18T23:21:46.7510241Z [command]/usr/bin/git config --local gc.auto 0
2026-01-18T23:21:46.7538440Z ##[endgroup]
2026-01-18T23:21:46.7539419Z ##[group]Setting up auth
2026-01-18T23:21:46.7545335Z [command]/usr/bin/git config --local --name-only --get-regexp core\.sshCommand
2026-01-18T23:21:46.7575096Z [command]/usr/bin/git submodule foreach --recursive sh -c "git config --local --name-only --get-regexp 'core\.sshCommand' && git config --local --unset-all 'core.sshCommand' || :"
2026-01-18T23:21:46.7927431Z [command]/usr/bin/git config --local --name-only --get-regexp http\.https\:\/\/github\.com\/\.extraheader
2026-01-18T23:21:46.7956780Z [command]/usr/bin/git submodule foreach --recursive sh -c "git config --local --name-only --get-regexp 'http\.https\:\/\/github\.com\/\.extraheader' && git config --local --unset-all 'http.https://github.com/.extraheader' || :"
2026-01-18T23:21:46.8179958Z [command]/usr/bin/git config --local --name-only --get-regexp ^includeIf\.gitdir:
2026-01-18T23:21:46.8210725Z [command]/usr/bin/git submodule foreach --recursive git config --local --show-origin --name-only --get-regexp remote.origin.url
2026-01-18T23:21:46.8443769Z [command]/usr/bin/git config --local http.https://github.com/.extraheader AUTHORIZATION: basic ***
2026-01-18T23:21:46.8478347Z ##[endgroup]
2026-01-18T23:21:46.8479491Z ##[group]Fetching the repository
2026-01-18T23:21:46.8487098Z [command]/usr/bin/git -c protocol.version=2 fetch --no-tags --prune --no-recurse-submodules --depth=1 origin +10179ac5c7473147e4be3845796c28603a0fa5da:refs/remotes/origin/main
2026-01-18T23:21:48.0965925Z From https://github.com/vishvasmca-cmd/build_qa_automation
2026-01-18T23:21:48.0966753Z  * [new ref]         10179ac5c7473147e4be3845796c28603a0fa5da -> origin/main
2026-01-18T23:21:48.0999714Z ##[endgroup]
2026-01-18T23:21:48.1000653Z ##[group]Determining the checkout info
2026-01-18T23:21:48.1001625Z ##[endgroup]
2026-01-18T23:21:48.1006599Z [command]/usr/bin/git sparse-checkout disable
2026-01-18T23:21:48.1049855Z [command]/usr/bin/git config --local --unset-all extensions.worktreeConfig
2026-01-18T23:21:48.1076080Z ##[group]Checking out the ref
2026-01-18T23:21:48.1079788Z [command]/usr/bin/git checkout --progress --force -B main refs/remotes/origin/main
2026-01-18T23:21:48.2253819Z Switched to a new branch 'main'
2026-01-18T23:21:48.2255395Z branch 'main' set up to track 'origin/main'.
2026-01-18T23:21:48.2272723Z ##[endgroup]
2026-01-18T23:21:48.2313529Z [command]/usr/bin/git log -1 --format=%H
2026-01-18T23:21:48.2336958Z 10179ac5c7473147e4be3845796c28603a0fa5da
2026-01-18T23:21:48.3429529Z ##[group]Run actions/setup-python@v5
2026-01-18T23:21:48.3430063Z with:
2026-01-18T23:21:48.3430406Z   python-version: 3.11
2026-01-18T23:21:48.3430768Z   cache: pip
2026-01-18T23:21:48.3431288Z   check-latest: false
2026-01-18T23:21:48.3431882Z   token: ***
2026-01-18T23:21:48.3432235Z   update-environment: true
2026-01-18T23:21:48.3432620Z   allow-prereleases: false
2026-01-18T23:21:48.3433008Z   freethreaded: false
2026-01-18T23:21:48.3433358Z ##[endgroup]
2026-01-18T23:21:48.5121011Z ##[group]Installed versions
2026-01-18T23:21:48.5235797Z Successfully set up CPython (3.11.14)
2026-01-18T23:21:48.5237182Z ##[endgroup]
2026-01-18T23:21:48.6180468Z [command]/opt/hostedtoolcache/Python/3.11.14/x64/bin/pip cache dir
2026-01-18T23:21:48.9533166Z /home/runner/.cache/pip
2026-01-18T23:21:49.2160616Z Cache hit for: setup-python-Linux-x64-24.04-Ubuntu-python-3.11.14-pip-dde08d0e0b672972dcda9f1a063036a2e0c226f5d0a20362e9401931676d80a4
2026-01-18T23:21:50.4686870Z Received 37748736 of 254742636 (14.8%), 36.0 MBs/sec
2026-01-18T23:21:51.4693173Z Received 134217728 of 254742636 (52.7%), 64.0 MBs/sec
2026-01-18T23:21:52.4436731Z Received 254742636 of 254742636 (100.0%), 81.7 MBs/sec
2026-01-18T23:21:52.4438399Z Cache Size: ~243 MB (254742636 B)
2026-01-18T23:21:52.4501705Z [command]/usr/bin/tar -xf /home/runner/work/_temp/78601754-4ef0-4d35-85d5-a14bd66eb609/cache.tzst -P -C /home/runner/work/build_qa_automation/build_qa_automation --use-compress-program unzstd
2026-01-18T23:21:52.8140129Z Cache restored successfully
2026-01-18T23:21:52.8629800Z Cache restored from key: setup-python-Linux-x64-24.04-Ubuntu-python-3.11.14-pip-dde08d0e0b672972dcda9f1a063036a2e0c226f5d0a20362e9401931676d80a4
2026-01-18T23:21:52.9192440Z ##[group]Run pip install -r requirements.txt
2026-01-18T23:21:52.9192913Z [36;1mpip install -r requirements.txt[0m
2026-01-18T23:21:52.9193213Z [36;1mplaywright install chromium[0m
2026-01-18T23:21:52.9231743Z shell: /usr/bin/bash -e {0}
2026-01-18T23:21:52.9232018Z env:
2026-01-18T23:21:52.9232288Z   pythonLocation: /opt/hostedtoolcache/Python/3.11.14/x64
2026-01-18T23:21:52.9232755Z   PKG_CONFIG_PATH: /opt/hostedtoolcache/Python/3.11.14/x64/lib/pkgconfig
2026-01-18T23:21:52.9233243Z   Python_ROOT_DIR: /opt/hostedtoolcache/Python/3.11.14/x64
2026-01-18T23:21:52.9233677Z   Python2_ROOT_DIR: /opt/hostedtoolcache/Python/3.11.14/x64
2026-01-18T23:21:52.9234070Z   Python3_ROOT_DIR: /opt/hostedtoolcache/Python/3.11.14/x64
2026-01-18T23:21:52.9234459Z   LD_LIBRARY_PATH: /opt/hostedtoolcache/Python/3.11.14/x64/lib
2026-01-18T23:21:52.9234772Z ##[endgroup]
2026-01-18T23:21:53.6903465Z Collecting playwright (from -r requirements.txt (line 1))
2026-01-18T23:21:53.6921867Z   Using cached playwright-1.57.0-py3-none-manylinux1_x86_64.whl.metadata (3.5 kB)
2026-01-18T23:21:53.7148367Z Collecting python-dotenv (from -r requirements.txt (line 2))
2026-01-18T23:21:53.7164908Z   Using cached python_dotenv-1.2.1-py3-none-any.whl.metadata (25 kB)
2026-01-18T23:21:53.7491406Z Collecting requests (from -r requirements.txt (line 3))
2026-01-18T23:21:53.7506676Z   Using cached requests-2.32.5-py3-none-any.whl.metadata (4.9 kB)
2026-01-18T23:21:53.9292996Z Collecting pillow (from -r requirements.txt (line 4))
2026-01-18T23:21:53.9310812Z   Using cached pillow-12.1.0-cp311-cp311-manylinux_2_27_x86_64.manylinux_2_28_x86_64.whl.metadata (8.8 kB)
2026-01-18T23:21:53.9650049Z Collecting google-genai>=0.3.0 (from -r requirements.txt (line 5))
2026-01-18T23:21:53.9665573Z   Using cached google_genai-1.59.0-py3-none-any.whl.metadata (53 kB)
2026-01-18T23:21:53.9873841Z Collecting termcolor (from -r requirements.txt (line 6))
2026-01-18T23:21:53.9895261Z   Using cached termcolor-3.3.0-py3-none-any.whl.metadata (6.5 kB)
2026-01-18T23:21:54.0348288Z Collecting PyYAML (from -r requirements.txt (line 7))
2026-01-18T23:21:54.0364396Z   Using cached pyyaml-6.0.3-cp311-cp311-manylinux2014_x86_64.manylinux_2_17_x86_64.manylinux_2_28_x86_64.whl.metadata (2.4 kB)
2026-01-18T23:21:54.0985153Z Collecting opencv-python-headless (from -r requirements.txt (line 8))
2026-01-18T23:21:54.1001208Z   Using cached opencv_python_headless-4.13.0.90-cp37-abi3-manylinux_2_28_x86_64.whl.metadata (19 kB)
2026-01-18T23:21:54.3092110Z Collecting numpy (from -r requirements.txt (line 9))
2026-01-18T23:21:54.3114338Z   Using cached numpy-2.4.1-cp311-cp311-manylinux_2_27_x86_64.manylinux_2_28_x86_64.whl.metadata (6.6 kB)
2026-01-18T23:21:54.3952748Z Collecting faker (from -r requirements.txt (line 10))
2026-01-18T23:21:54.3967254Z   Using cached faker-40.1.2-py3-none-any.whl.metadata (16 kB)
2026-01-18T23:21:54.4195218Z Collecting pyee<14,>=13 (from playwright->-r requirements.txt (line 1))
2026-01-18T23:21:54.4208769Z   Using cached pyee-13.0.0-py3-none-any.whl.metadata (2.9 kB)
2026-01-18T23:21:54.5430911Z Collecting greenlet<4.0.0,>=3.1.1 (from playwright->-r requirements.txt (line 1))
2026-01-18T23:21:54.5445987Z   Using cached greenlet-3.3.0-cp311-cp311-manylinux_2_24_x86_64.manylinux_2_28_x86_64.whl.metadata (4.1 kB)
2026-01-18T23:21:54.5686653Z Collecting typing-extensions (from pyee<14,>=13->playwright->-r requirements.txt (line 1))
2026-01-18T23:21:54.5700756Z   Using cached typing_extensions-4.15.0-py3-none-any.whl.metadata (3.3 kB)
2026-01-18T23:21:54.6574286Z Collecting charset_normalizer<4,>=2 (from requests->-r requirements.txt (line 3))
2026-01-18T23:21:54.6590576Z   Using cached charset_normalizer-3.4.4-cp311-cp311-manylinux2014_x86_64.manylinux_2_17_x86_64.manylinux_2_28_x86_64.whl.metadata (37 kB)
2026-01-18T23:21:54.6797742Z Collecting idna<4,>=2.5 (from requests->-r requirements.txt (line 3))
2026-01-18T23:21:54.6811689Z   Using cached idna-3.11-py3-none-any.whl.metadata (8.4 kB)
2026-01-18T23:21:54.7147038Z Collecting urllib3<3,>=1.21.1 (from requests->-r requirements.txt (line 3))
2026-01-18T23:21:54.7166545Z   Using cached urllib3-2.6.3-py3-none-any.whl.metadata (6.9 kB)
2026-01-18T23:21:54.7439477Z Collecting certifi>=2017.4.17 (from requests->-r requirements.txt (line 3))
2026-01-18T23:21:54.7453855Z   Using cached certifi-2026.1.4-py3-none-any.whl.metadata (2.5 kB)
2026-01-18T23:21:54.7712403Z Collecting anyio<5.0.0,>=4.8.0 (from google-genai>=0.3.0->-r requirements.txt (line 5))
2026-01-18T23:21:54.7726610Z   Using cached anyio-4.12.1-py3-none-any.whl.metadata (4.3 kB)
2026-01-18T23:21:54.8124486Z Collecting google-auth<3.0.0,>=2.47.0 (from google-auth[requests]<3.0.0,>=2.47.0->google-genai>=0.3.0->-r requirements.txt (line 5))
2026-01-18T23:21:54.8139738Z   Using cached google_auth-2.47.0-py3-none-any.whl.metadata (6.4 kB)
2026-01-18T23:21:54.8431947Z Collecting httpx<1.0.0,>=0.28.1 (from google-genai>=0.3.0->-r requirements.txt (line 5))
2026-01-18T23:21:54.8446059Z   Using cached httpx-0.28.1-py3-none-any.whl.metadata (7.1 kB)
2026-01-18T23:21:54.9980733Z Collecting pydantic<3.0.0,>=2.9.0 (from google-genai>=0.3.0->-r requirements.txt (line 5))
2026-01-18T23:21:54.9995693Z   Using cached pydantic-2.12.5-py3-none-any.whl.metadata (90 kB)
2026-01-18T23:21:55.0301673Z Collecting tenacity<9.2.0,>=8.2.3 (from google-genai>=0.3.0->-r requirements.txt (line 5))
2026-01-18T23:21:55.0315569Z   Using cached tenacity-9.1.2-py3-none-any.whl.metadata (1.2 kB)
2026-01-18T23:21:55.1217525Z Collecting websockets<15.1.0,>=13.0.0 (from google-genai>=0.3.0->-r requirements.txt (line 5))
2026-01-18T23:21:55.1232933Z   Using cached websockets-15.0.1-cp311-cp311-manylinux_2_5_x86_64.manylinux1_x86_64.manylinux_2_17_x86_64.manylinux2014_x86_64.whl.metadata (6.8 kB)
2026-01-18T23:21:55.1432072Z Collecting distro<2,>=1.7.0 (from google-genai>=0.3.0->-r requirements.txt (line 5))
2026-01-18T23:21:55.1445838Z   Using cached distro-1.9.0-py3-none-any.whl.metadata (6.8 kB)
2026-01-18T23:21:55.1595283Z Collecting sniffio (from google-genai>=0.3.0->-r requirements.txt (line 5))
2026-01-18T23:21:55.1609695Z   Using cached sniffio-1.3.1-py3-none-any.whl.metadata (3.9 kB)
2026-01-18T23:21:55.1942064Z Collecting pyasn1-modules>=0.2.1 (from google-auth<3.0.0,>=2.47.0->google-auth[requests]<3.0.0,>=2.47.0->google-genai>=0.3.0->-r requirements.txt (line 5))
2026-01-18T23:21:55.1956469Z   Using cached pyasn1_modules-0.4.2-py3-none-any.whl.metadata (3.5 kB)
2026-01-18T23:21:55.2159762Z Collecting rsa<5,>=3.1.4 (from google-auth<3.0.0,>=2.47.0->google-auth[requests]<3.0.0,>=2.47.0->google-genai>=0.3.0->-r requirements.txt (line 5))
2026-01-18T23:21:55.2173754Z   Using cached rsa-4.9.1-py3-none-any.whl.metadata (5.6 kB)
2026-01-18T23:21:55.2498286Z Collecting httpcore==1.* (from httpx<1.0.0,>=0.28.1->google-genai>=0.3.0->-r requirements.txt (line 5))
2026-01-18T23:21:55.2513789Z   Using cached httpcore-1.0.9-py3-none-any.whl.metadata (21 kB)
2026-01-18T23:21:55.2697431Z Collecting h11>=0.16 (from httpcore==1.*->httpx<1.0.0,>=0.28.1->google-genai>=0.3.0->-r requirements.txt (line 5))
2026-01-18T23:21:55.2712081Z   Using cached h11-0.16.0-py3-none-any.whl.metadata (8.3 kB)
2026-01-18T23:21:55.2877897Z Collecting annotated-types>=0.6.0 (from pydantic<3.0.0,>=2.9.0->google-genai>=0.3.0->-r requirements.txt (line 5))
2026-01-18T23:21:55.2891537Z   Using cached annotated_types-0.7.0-py3-none-any.whl.metadata (15 kB)
2026-01-18T23:21:55.9545489Z Collecting pydantic-core==2.41.5 (from pydantic<3.0.0,>=2.9.0->google-genai>=0.3.0->-r requirements.txt (line 5))
2026-01-18T23:21:55.9561380Z   Using cached pydantic_core-2.41.5-cp311-cp311-manylinux_2_17_x86_64.manylinux2014_x86_64.whl.metadata (7.3 kB)
2026-01-18T23:21:55.9761717Z Collecting typing-inspection>=0.4.2 (from pydantic<3.0.0,>=2.9.0->google-genai>=0.3.0->-r requirements.txt (line 5))
2026-01-18T23:21:55.9775321Z   Using cached typing_inspection-0.4.2-py3-none-any.whl.metadata (2.6 kB)
2026-01-18T23:21:56.0579685Z Collecting pyasn1>=0.1.3 (from rsa<5,>=3.1.4->google-auth<3.0.0,>=2.47.0->google-auth[requests]<3.0.0,>=2.47.0->google-genai>=0.3.0->-r requirements.txt (line 5))
2026-01-18T23:21:56.0594274Z   Using cached pyasn1-0.6.2-py3-none-any.whl.metadata (8.4 kB)
2026-01-18T23:21:56.0869656Z Using cached playwright-1.57.0-py3-none-manylinux1_x86_64.whl (46.0 MB)
2026-01-18T23:21:56.1210678Z Using cached greenlet-3.3.0-cp311-cp311-manylinux_2_24_x86_64.manylinux_2_28_x86_64.whl (590 kB)
2026-01-18T23:21:56.1226685Z Using cached pyee-13.0.0-py3-none-any.whl (15 kB)
2026-01-18T23:21:56.1239350Z Using cached python_dotenv-1.2.1-py3-none-any.whl (21 kB)
2026-01-18T23:21:56.1252193Z Using cached requests-2.32.5-py3-none-any.whl (64 kB)
2026-01-18T23:21:56.1265620Z Using cached charset_normalizer-3.4.4-cp311-cp311-manylinux2014_x86_64.manylinux_2_17_x86_64.manylinux_2_28_x86_64.whl (151 kB)
2026-01-18T23:21:56.1279010Z Using cached idna-3.11-py3-none-any.whl (71 kB)
2026-01-18T23:21:56.1291762Z Using cached urllib3-2.6.3-py3-none-any.whl (131 kB)
2026-01-18T23:21:56.1305600Z Using cached pillow-12.1.0-cp311-cp311-manylinux_2_27_x86_64.manylinux_2_28_x86_64.whl (7.0 MB)
2026-01-18T23:21:56.1370250Z Using cached google_genai-1.59.0-py3-none-any.whl (719 kB)
2026-01-18T23:21:56.1388293Z Using cached anyio-4.12.1-py3-none-any.whl (113 kB)
2026-01-18T23:21:56.1402056Z Using cached distro-1.9.0-py3-none-any.whl (20 kB)
2026-01-18T23:21:56.1414772Z Using cached google_auth-2.47.0-py3-none-any.whl (234 kB)
2026-01-18T23:21:56.1429043Z Using cached httpx-0.28.1-py3-none-any.whl (73 kB)
2026-01-18T23:21:56.1442331Z Using cached httpcore-1.0.9-py3-none-any.whl (78 kB)
2026-01-18T23:21:56.1455520Z Using cached pydantic-2.12.5-py3-none-any.whl (463 kB)
2026-01-18T23:21:56.1472004Z Using cached pydantic_core-2.41.5-cp311-cp311-manylinux_2_17_x86_64.manylinux2014_x86_64.whl (2.1 MB)
2026-01-18T23:21:56.1499797Z Using cached rsa-4.9.1-py3-none-any.whl (34 kB)
2026-01-18T23:21:56.1512418Z Using cached tenacity-9.1.2-py3-none-any.whl (28 kB)
2026-01-18T23:21:56.1525039Z Using cached typing_extensions-4.15.0-py3-none-any.whl (44 kB)
2026-01-18T23:21:56.1538364Z Using cached websockets-15.0.1-cp311-cp311-manylinux_2_5_x86_64.manylinux1_x86_64.manylinux_2_17_x86_64.manylinux2014_x86_64.whl (182 kB)
2026-01-18T23:21:56.1551982Z Using cached termcolor-3.3.0-py3-none-any.whl (7.7 kB)
2026-01-18T23:21:56.1564890Z Using cached pyyaml-6.0.3-cp311-cp311-manylinux2014_x86_64.manylinux_2_17_x86_64.manylinux_2_28_x86_64.whl (806 kB)
2026-01-18T23:21:56.1583910Z Using cached opencv_python_headless-4.13.0.90-cp37-abi3-manylinux_2_28_x86_64.whl (62.5 MB)
2026-01-18T23:21:56.2036757Z Using cached numpy-2.4.1-cp311-cp311-manylinux_2_27_x86_64.manylinux_2_28_x86_64.whl (16.7 MB)
2026-01-18T23:21:56.2170168Z Using cached faker-40.1.2-py3-none-any.whl (2.0 MB)
2026-01-18T23:21:56.2198969Z Using cached annotated_types-0.7.0-py3-none-any.whl (13 kB)
2026-01-18T23:21:56.2212566Z Using cached certifi-2026.1.4-py3-none-any.whl (152 kB)
2026-01-18T23:21:56.2226741Z Using cached h11-0.16.0-py3-none-any.whl (37 kB)
2026-01-18T23:21:56.2239746Z Using cached pyasn1-0.6.2-py3-none-any.whl (83 kB)
2026-01-18T23:21:56.2253127Z Using cached pyasn1_modules-0.4.2-py3-none-any.whl (181 kB)
2026-01-18T23:21:56.2267050Z Using cached typing_inspection-0.4.2-py3-none-any.whl (14 kB)
2026-01-18T23:21:56.2279859Z Using cached sniffio-1.3.1-py3-none-any.whl (10 kB)
2026-01-18T23:21:56.4343248Z Installing collected packages: websockets, urllib3, typing-extensions, termcolor, tenacity, sniffio, PyYAML, python-dotenv, pyasn1, pillow, numpy, idna, h11, greenlet, faker, distro, charset_normalizer, certifi, annotated-types, typing-inspection, rsa, requests, pyee, pydantic-core, pyasn1-modules, opencv-python-headless, httpcore, anyio, pydantic, playwright, httpx, google-auth, google-genai
2026-01-18T23:22:03.3027659Z 
2026-01-18T23:22:03.3050036Z Successfully installed PyYAML-6.0.3 annotated-types-0.7.0 anyio-4.12.1 certifi-2026.1.4 charset_normalizer-3.4.4 distro-1.9.0 faker-40.1.2 google-auth-2.47.0 google-genai-1.59.0 greenlet-3.3.0 h11-0.16.0 httpcore-1.0.9 httpx-0.28.1 idna-3.11 numpy-2.4.1 opencv-python-headless-4.13.0.90 pillow-12.1.0 playwright-1.57.0 pyasn1-0.6.2 pyasn1-modules-0.4.2 pydantic-2.12.5 pydantic-core-2.41.5 pyee-13.0.0 python-dotenv-1.2.1 requests-2.32.5 rsa-4.9.1 sniffio-1.3.1 tenacity-9.1.2 termcolor-3.3.0 typing-extensions-4.15.0 typing-inspection-0.4.2 urllib3-2.6.3 websockets-15.0.1
2026-01-18T23:22:04.0456087Z Downloading Chromium 143.0.7499.4 (playwright build v1200) from https://cdn.playwright.dev/dbazure/download/playwright/builds/chromium/1200/chromium-linux.zip
2026-01-18T23:22:04.1469476Z (node:2193) [DEP0169] DeprecationWarning: `url.parse()` behavior is not standardized and prone to errors that have security implications. Use the WHATWG URL API instead. CVEs are not issued for `url.parse()` vulnerabilities.
2026-01-18T23:22:04.1470948Z (Use `node --trace-deprecation ...` to show where the warning was created)
2026-01-18T23:22:04.3260732Z |                                                                                |   0% of 164.7 MiB
2026-01-18T23:22:04.4828970Z |■■■■■■■■                                                                        |  10% of 164.7 MiB
2026-01-18T23:22:04.5725039Z |■■■■■■■■■■■■■■■■                                                                |  20% of 164.7 MiB
2026-01-18T23:22:04.6609648Z |■■■■■■■■■■■■■■■■■■■■■■■■                                                        |  30% of 164.7 MiB
2026-01-18T23:22:04.7356975Z |■■■■■■■■■■■■■■■■■■■■■■■■■■■■■■■■                                                |  40% of 164.7 MiB
2026-01-18T23:22:04.8007706Z |■■■■■■■■■■■■■■■■■■■■■■■■■■■■■■■■■■■■■■■■                                        |  50% of 164.7 MiB
2026-01-18T23:22:04.8594382Z |■■■■■■■■■■■■■■■■■■■■■■■■■■■■■■■■■■■■■■■■■■■■■■■■                                |  60% of 164.7 MiB
2026-01-18T23:22:04.9326498Z |■■■■■■■■■■■■■■■■■■■■■■■■■■■■■■■■■■■■■■■■■■■■■■■■■■■■■■■■                        |  70% of 164.7 MiB
2026-01-18T23:22:05.0177416Z |■■■■■■■■■■■■■■■■■■■■■■■■■■■■■■■■■■■■■■■■■■■■■■■■■■■■■■■■■■■■■■■■                |  80% of 164.7 MiB
2026-01-18T23:22:05.0759043Z |■■■■■■■■■■■■■■■■■■■■■■■■■■■■■■■■■■■■■■■■■■■■■■■■■■■■■■■■■■■■■■■■■■■■■■■■        |  90% of 164.7 MiB
2026-01-18T23:22:05.1622004Z |■■■■■■■■■■■■■■■■■■■■■■■■■■■■■■■■■■■■■■■■■■■■■■■■■■■■■■■■■■■■■■■■■■■■■■■■■■■■■■■■| 100% of 164.7 MiB
2026-01-18T23:22:07.5539377Z Chromium 143.0.7499.4 (playwright build v1200) downloaded to /home/runner/.cache/ms-playwright/chromium-1200
2026-01-18T23:22:07.5543948Z Downloading FFMPEG playwright build v1011 from https://cdn.playwright.dev/dbazure/download/playwright/builds/ffmpeg/1011/ffmpeg-linux.zip
2026-01-18T23:22:07.6507526Z (node:2227) [DEP0169] DeprecationWarning: `url.parse()` behavior is not standardized and prone to errors that have security implications. Use the WHATWG URL API instead. CVEs are not issued for `url.parse()` vulnerabilities.
2026-01-18T23:22:07.6509739Z (Use `node --trace-deprecation ...` to show where the warning was created)
2026-01-18T23:22:07.8869501Z |                                                                                |   0% of 2.3 MiB
2026-01-18T23:22:07.9195515Z |■■■■■■■■                                                                        |  10% of 2.3 MiB
2026-01-18T23:22:07.9443623Z |■■■■■■■■■■■■■■■■                                                                |  20% of 2.3 MiB
2026-01-18T23:22:07.9626302Z |■■■■■■■■■■■■■■■■■■■■■■■■                                                        |  30% of 2.3 MiB
2026-01-18T23:22:07.9923365Z |■■■■■■■■■■■■■■■■■■■■■■■■■■■■■■■■                                                |  40% of 2.3 MiB
2026-01-18T23:22:07.9981838Z |■■■■■■■■■■■■■■■■■■■■■■■■■■■■■■■■■■■■■■■■                                        |  50% of 2.3 MiB
2026-01-18T23:22:08.0161534Z |■■■■■■■■■■■■■■■■■■■■■■■■■■■■■■■■■■■■■■■■■■■■■■■■                                |  60% of 2.3 MiB
2026-01-18T23:22:08.0277312Z |■■■■■■■■■■■■■■■■■■■■■■■■■■■■■■■■■■■■■■■■■■■■■■■■■■■■■■■■                        |  70% of 2.3 MiB
2026-01-18T23:22:08.0464343Z |■■■■■■■■■■■■■■■■■■■■■■■■■■■■■■■■■■■■■■■■■■■■■■■■■■■■■■■■■■■■■■■■                |  80% of 2.3 MiB
2026-01-18T23:22:08.0529693Z |■■■■■■■■■■■■■■■■■■■■■■■■■■■■■■■■■■■■■■■■■■■■■■■■■■■■■■■■■■■■■■■■■■■■■■■■        |  90% of 2.3 MiB
2026-01-18T23:22:08.0725443Z |■■■■■■■■■■■■■■■■■■■■■■■■■■■■■■■■■■■■■■■■■■■■■■■■■■■■■■■■■■■■■■■■■■■■■■■■■■■■■■■■| 100% of 2.3 MiB
2026-01-18T23:22:08.1279806Z FFMPEG playwright build v1011 downloaded to /home/runner/.cache/ms-playwright/ffmpeg-1011
2026-01-18T23:22:08.1283618Z Downloading Chromium Headless Shell 143.0.7499.4 (playwright build v1200) from https://cdn.playwright.dev/dbazure/download/playwright/builds/chromium/1200/chromium-headless-shell-linux.zip
2026-01-18T23:22:08.2241638Z (node:2238) [DEP0169] DeprecationWarning: `url.parse()` behavior is not standardized and prone to errors that have security implications. Use the WHATWG URL API instead. CVEs are not issued for `url.parse()` vulnerabilities.
2026-01-18T23:22:08.2243281Z (Use `node --trace-deprecation ...` to show where the warning was created)
2026-01-18T23:22:08.3843101Z |                                                                                |   0% of 109.7 MiB
2026-01-18T23:22:08.5089496Z |■■■■■■■■                                                                        |  10% of 109.7 MiB
2026-01-18T23:22:08.5769722Z |■■■■■■■■■■■■■■■■                                                                |  20% of 109.7 MiB
2026-01-18T23:22:08.6341124Z |■■■■■■■■■■■■■■■■■■■■■■■■                                                        |  30% of 109.7 MiB
2026-01-18T23:22:08.7014960Z |■■■■■■■■■■■■■■■■■■■■■■■■■■■■■■■■                                                |  40% of 109.7 MiB
2026-01-18T23:22:08.7705042Z |■■■■■■■■■■■■■■■■■■■■■■■■■■■■■■■■■■■■■■■■                                        |  50% of 109.7 MiB
2026-01-18T23:22:08.8310408Z |■■■■■■■■■■■■■■■■■■■■■■■■■■■■■■■■■■■■■■■■■■■■■■■■                                |  60% of 109.7 MiB
2026-01-18T23:22:08.8859770Z |■■■■■■■■■■■■■■■■■■■■■■■■■■■■■■■■■■■■■■■■■■■■■■■■■■■■■■■■                        |  70% of 109.7 MiB
2026-01-18T23:22:08.9360767Z |■■■■■■■■■■■■■■■■■■■■■■■■■■■■■■■■■■■■■■■■■■■■■■■■■■■■■■■■■■■■■■■■                |  80% of 109.7 MiB
2026-01-18T23:22:09.0009886Z |■■■■■■■■■■■■■■■■■■■■■■■■■■■■■■■■■■■■■■■■■■■■■■■■■■■■■■■■■■■■■■■■■■■■■■■■        |  90% of 109.7 MiB
2026-01-18T23:22:09.0576060Z |■■■■■■■■■■■■■■■■■■■■■■■■■■■■■■■■■■■■■■■■■■■■■■■■■■■■■■■■■■■■■■■■■■■■■■■■■■■■■■■■| 100% of 109.7 MiB
2026-01-18T23:22:10.8343968Z Chromium Headless Shell 143.0.7499.4 (playwright build v1200) downloaded to /home/runner/.cache/ms-playwright/chromium_headless_shell-1200
2026-01-18T23:22:10.8707889Z ##[group]Run mkdir -p projects/ci_globalsqa_bank
2026-01-18T23:22:10.8708335Z [36;1mmkdir -p projects/ci_globalsqa_bank[0m
2026-01-18T23:22:10.8709069Z [36;1mcat > projects/ci_globalsqa_bank/config.json << 'EOF'[0m
2026-01-18T23:22:10.8709395Z [36;1m{[0m
2026-01-18T23:22:10.8709600Z [36;1m  "project_name": "ci_globalsqa_bank",[0m
2026-01-18T23:22:10.8710065Z [36;1m  "target_url": "https://www.globalsqa.com/angularJs-protractor/BankingProject/",[0m
2026-01-18T23:22:10.8710547Z [36;1m  "goal": "Customer and manager banking flows",[0m
2026-01-18T23:22:10.8710829Z [36;1m  "headless": true[0m
2026-01-18T23:22:10.8711035Z [36;1m}[0m
2026-01-18T23:22:10.8711199Z [36;1mEOF[0m
2026-01-18T23:22:10.8744285Z shell: /usr/bin/bash -e {0}
2026-01-18T23:22:10.8744527Z env:
2026-01-18T23:22:10.8744788Z   pythonLocation: /opt/hostedtoolcache/Python/3.11.14/x64
2026-01-18T23:22:10.8745227Z   PKG_CONFIG_PATH: /opt/hostedtoolcache/Python/3.11.14/x64/lib/pkgconfig
2026-01-18T23:22:10.8745681Z   Python_ROOT_DIR: /opt/hostedtoolcache/Python/3.11.14/x64
2026-01-18T23:22:10.8746058Z   Python2_ROOT_DIR: /opt/hostedtoolcache/Python/3.11.14/x64
2026-01-18T23:22:10.8746430Z   Python3_ROOT_DIR: /opt/hostedtoolcache/Python/3.11.14/x64
2026-01-18T23:22:10.8746802Z   LD_LIBRARY_PATH: /opt/hostedtoolcache/Python/3.11.14/x64/lib
2026-01-18T23:22:10.8747112Z ##[endgroup]
2026-01-18T23:22:10.8911452Z ##[group]Run # Use --deep for comprehensive regression suite
2026-01-18T23:22:10.8911912Z [36;1m# Use --deep for comprehensive regression suite[0m
2026-01-18T23:22:10.8912371Z [36;1mpython orchestrator.py --project projects/ci_globalsqa_bank --deep --force[0m
2026-01-18T23:22:10.8944036Z shell: /usr/bin/bash -e {0}
2026-01-18T23:22:10.8944270Z env:
2026-01-18T23:22:10.8944524Z   pythonLocation: /opt/hostedtoolcache/Python/3.11.14/x64
2026-01-18T23:22:10.8944965Z   PKG_CONFIG_PATH: /opt/hostedtoolcache/Python/3.11.14/x64/lib/pkgconfig
2026-01-18T23:22:10.8945383Z   Python_ROOT_DIR: /opt/hostedtoolcache/Python/3.11.14/x64
2026-01-18T23:22:10.8945913Z   Python2_ROOT_DIR: /opt/hostedtoolcache/Python/3.11.14/x64
2026-01-18T23:22:10.8946279Z   Python3_ROOT_DIR: /opt/hostedtoolcache/Python/3.11.14/x64
2026-01-18T23:22:10.8946667Z   LD_LIBRARY_PATH: /opt/hostedtoolcache/Python/3.11.14/x64/lib
2026-01-18T23:22:10.8947160Z   GOOGLE_API_KEY: ***
2026-01-18T23:22:10.8947392Z   PYTHONPATH: .
2026-01-18T23:22:10.8947573Z ##[endgroup]
2026-01-18T23:22:12.5850935Z 🚀 [DEEP] Extensive mapping enabled (Depth: 3, Pages: 50)
2026-01-18T23:22:12.5851462Z 
2026-01-18T23:22:12.5852391Z 🗺️ [DISCOVERY] Starting Parallel Semantic Crawl on https://www.globalsqa.com/angularJs-protractor/BankingProject/ (Workers: 3)
2026-01-18T23:22:13.0254900Z   🔍 [Worker 0] Visiting (0): https://www.globalsqa.com/angularJs-protractor/BankingProject/
2026-01-18T23:22:14.9347576Z [DEBUG] Sending request to gemini-2.0-flash. Number of parts: 1
2026-01-18T23:22:14.9348315Z [DEBUG] Received response (Length: 189)
2026-01-18T23:22:14.9349803Z ✅ Discovery Complete. Mapped 1 pages.
2026-01-18T23:22:25.1404058Z 
2026-01-18T23:22:25.1405013Z [PLAN] PLANNER: Planning goal -> 'Customer and manager banking flows' (Deep Mode: True)
2026-01-18T23:22:25.1406043Z 🗺️ [PLAN] Loaded Sitemap with 1 pages.
2026-01-18T23:22:25.1407442Z 🎭 [EXPERT] Detected Domain: FINANCE. Persona: Act as a Senior SDET focusing on exploring application to understand functional flow and automating FinTech scenarios
2026-01-18T23:22:25.1408981Z [DEBUG] Sending request to gemini-2.0-flash. Number of parts: 1
2026-01-18T23:22:25.1409550Z [DEBUG] Received response (Length: 4276)
2026-01-18T23:22:25.1410155Z ✅ Planner generated 3 scenarios. Workflow updated.
2026-01-18T23:22:26.1869053Z 
2026-01-18T23:22:26.1870568Z 🕵️ [DEEP EXPLORER] Starting Multi-Scenario Exploration
2026-01-18T23:22:26.1871103Z 📋 Found 3 scenarios to explore.
2026-01-18T23:22:26.5488442Z 
2026-01-18T23:22:26.5489164Z [1/3] Exploring Scenario: Customer Login and Account Summary
2026-01-18T23:22:26.5490279Z     🧠 Initialized exploration context for goal: 'Customer and manager banking flows'
2026-01-18T23:22:26.5490803Z   ▶️ [STEP step_1] NAVIGATE: 
2026-01-18T23:22:27.6196636Z     ✅ Navigated to https://www.globalsqa.com/angularJs-protractor/BankingProject/
2026-01-18T23:22:27.6197792Z   ▶️ [STEP step_2] CLICK: Customer Login
2026-01-18T23:22:27.6373602Z     🔍 Mining locators for: 'Customer Login'
2026-01-18T23:22:27.6814716Z     ✅ Found 2 verified locators
2026-01-18T23:22:31.2631671Z     ✅ State transitioned.
2026-01-18T23:22:32.7939426Z [DEBUG] Sending request to gemini-2.0-flash. Number of parts: 2
2026-01-18T23:22:32.7940006Z [DEBUG] Received response (Length: 201)
2026-01-18T23:22:32.7940592Z     🤖 AI Next Step Suggestion: fill -> select user
2026-01-18T23:22:32.7940958Z     🧩 Suggested Locator: #userSelect
2026-01-18T23:22:32.7941462Z     💭 Reasoning: Select a user to login as. Hermoine Granger is the first user in the list.
2026-01-18T23:22:32.7941947Z     ➕ Injected AI step: fill -> select user
2026-01-18T23:22:32.7942267Z   ▶️ [STEP step_2_ai_1] FILL: select user
2026-01-18T23:22:32.8006360Z     🎯 Using AI-provided locator: #userSelect
2026-01-18T23:22:32.8069660Z     ✅ Found 1 verified locators
2026-01-18T23:22:39.0321858Z     ✅ State transitioned.
2026-01-18T23:22:40.6346681Z [DEBUG] Sending request to gemini-2.0-flash. Number of parts: 2
2026-01-18T23:22:40.6347675Z [DEBUG] Received response (Length: 172)
2026-01-18T23:22:40.6348712Z     🤖 AI Next Step Suggestion: click -> Login
2026-01-18T23:22:40.6349328Z     🧩 Suggested Locator: button
2026-01-18T23:22:40.6350564Z     💭 Reasoning: After selecting a user, the next logical step is to click the Login button to proceed.
2026-01-18T23:22:40.6351783Z     ➕ Injected AI step: click -> Login
2026-01-18T23:22:40.6352341Z   ▶️ [STEP step_2_ai_2] CLICK: Login
2026-01-18T23:22:40.6411477Z     🎯 Using AI-provided locator: button
2026-01-18T23:22:40.6476343Z     ✅ Found 1 verified locators
2026-01-18T23:22:44.6930785Z     ✅ State transitioned.
2026-01-18T23:22:46.1760102Z [DEBUG] Sending request to gemini-2.0-flash. Number of parts: 2
2026-01-18T23:22:46.1761055Z [DEBUG] Received response (Length: 198)
2026-01-18T23:22:46.1761775Z     🤖 AI Next Step Suggestion: click -> Home
2026-01-18T23:22:46.1762128Z     🧩 Suggested Locator: button
2026-01-18T23:22:46.1762790Z     💭 Reasoning: Navigating back to the home page to explore the manager login flow, as the customer login flow has been explored.
2026-01-18T23:22:46.1763405Z     ➕ Injected AI step: click -> Home
2026-01-18T23:22:46.1763705Z   ▶️ [STEP step_2_ai_3] CLICK: Home
2026-01-18T23:22:46.1818973Z     🎯 Using AI-provided locator: button
2026-01-18T23:22:46.1874615Z     ✅ Found 1 verified locators
2026-01-18T23:22:50.2382686Z     ✅ State transitioned.
2026-01-18T23:22:51.7355567Z [DEBUG] Sending request to gemini-2.0-flash. Number of parts: 2
2026-01-18T23:22:51.7356127Z [DEBUG] Received response (Length: 283)
2026-01-18T23:22:51.7356774Z     🤖 AI Next Step Suggestion: click -> Bank Manager Login
2026-01-18T23:22:51.7357236Z     🧩 Suggested Locator: button:contains('Bank Manager Login')
2026-01-18T23:22:51.7358133Z     💭 Reasoning: The goal is to explore both customer and manager banking flows. We've already explored the customer flow, so now we should explore the bank manager flow.
2026-01-18T23:22:51.7359187Z     ➕ Injected AI step: click -> Bank Manager Login
2026-01-18T23:22:51.7359569Z   ▶️ [STEP step_2_ai_4] CLICK: Bank Manager Login
2026-01-18T23:22:51.7413918Z     🎯 Using AI-provided locator: button:contains('Bank Manager Login')
2026-01-18T23:22:51.7455001Z     🔍 Mining locators for: 'Bank Manager Login'
2026-01-18T23:22:51.7782864Z     ✅ Found 2 verified locators
2026-01-18T23:22:55.3249910Z     ✅ State transitioned.
2026-01-18T23:22:56.8176941Z [DEBUG] Sending request to gemini-2.0-flash. Number of parts: 2
2026-01-18T23:22:56.8177650Z [DEBUG] Received response (Length: 216)
2026-01-18T23:22:56.8178692Z     🤖 AI Next Step Suggestion: click -> Add Customer
2026-01-18T23:22:56.8195657Z     💭 Reasoning: To explore manager banking flows, adding a customer is a logical next step after logging in as a bank manager.
2026-01-18T23:22:56.8196762Z     ➕ Injected AI step: click -> Add Customer
2026-01-18T23:22:56.8197325Z   ▶️ [STEP step_2_ai_5] CLICK: Add Customer
2026-01-18T23:22:56.8256716Z     🔍 Mining locators for: 'Add Customer'
2026-01-18T23:22:56.8588673Z     ✅ Found 2 verified locators
2026-01-18T23:23:00.4080301Z     ✅ State transitioned.
2026-01-18T23:23:02.2249675Z [DEBUG] Sending request to gemini-2.0-flash. Number of parts: 2
2026-01-18T23:23:02.2250463Z [DEBUG] Received response (Length: 179)
2026-01-18T23:23:02.2251224Z     🤖 AI Next Step Suggestion: fill -> First Name
2026-01-18T23:23:02.2251734Z     🧩 Suggested Locator: input[placeholder='First Name']
2026-01-18T23:23:02.2252275Z     💭 Reasoning: Need to fill the first name to add a customer
2026-01-18T23:23:02.2252748Z     ➕ Injected AI step: fill -> First Name
2026-01-18T23:23:02.2253140Z   ▶️ [STEP step_2_ai_6] FILL: First Name
2026-01-18T23:23:02.2307152Z     🎯 Using AI-provided locator: input[placeholder='First Name']
2026-01-18T23:23:02.2370493Z     ✅ Found 1 verified locators
2026-01-18T23:23:07.5825476Z     ✅ State transitioned.
2026-01-18T23:23:09.5367584Z [DEBUG] Sending request to gemini-2.0-flash. Number of parts: 2
2026-01-18T23:23:09.5368140Z [DEBUG] Received response (Length: 205)
2026-01-18T23:23:09.5369257Z     🤖 AI Next Step Suggestion: fill -> Last Name
2026-01-18T23:23:09.5369698Z     🧩 Suggested Locator: input[placeholder='Last Name']
2026-01-18T23:23:09.5370247Z     💭 Reasoning: Need to fill out the last name field to complete the customer information.
2026-01-18T23:23:09.5370725Z     ➕ Injected AI step: fill -> Last Name
2026-01-18T23:23:09.5371036Z   ▶️ [STEP step_2_ai_7] FILL: Last Name
2026-01-18T23:23:09.5426380Z     🎯 Using AI-provided locator: input[placeholder='Last Name']
2026-01-18T23:23:09.5483934Z     ✅ Found 1 verified locators
2026-01-18T23:23:14.9547503Z     ✅ State transitioned.
2026-01-18T23:23:16.8567523Z [DEBUG] Sending request to gemini-2.0-flash. Number of parts: 2
2026-01-18T23:23:16.8568456Z [DEBUG] Received response (Length: 259)
2026-01-18T23:23:16.8569565Z     🤖 AI Next Step Suggestion: fill -> Post Code
2026-01-18T23:23:16.8570264Z     🧩 Suggested Locator: input[ng-model='postalCode']
2026-01-18T23:23:16.8571566Z     💭 Reasoning: The First Name and Last Name fields have been filled. The next logical step is to fill the Post Code field to complete the form.
2026-01-18T23:23:16.8572546Z     ➕ Injected AI step: fill -> Post Code
2026-01-18T23:23:16.8572863Z   ▶️ [STEP step_2_ai_8] FILL: Post Code
2026-01-18T23:23:16.8628117Z     🎯 Using AI-provided locator: input[ng-model='postalCode']
2026-01-18T23:23:16.8645899Z     🔍 Mining locators for: 'Post Code'
2026-01-18T23:23:16.9110065Z     ✅ Found 2 verified locators
2026-01-18T23:23:22.0595968Z     ✅ State transitioned.
2026-01-18T23:23:23.8141089Z [DEBUG] Sending request to gemini-2.0-flash. Number of parts: 2
2026-01-18T23:23:23.8141882Z [DEBUG] Received response (Length: 183)
2026-01-18T23:23:23.8142750Z     🤖 AI Next Step Suggestion: click -> Add Customer
2026-01-18T23:23:23.8143274Z     🧩 Suggested Locator: button:contains('Add Customer')
2026-01-18T23:23:23.8143909Z     💭 Reasoning: The form is complete, so we should submit it to add the customer.
2026-01-18T23:23:23.8144715Z     ➕ Injected AI step: click -> Add Customer
2026-01-18T23:23:23.8145169Z   ▶️ [STEP step_2_ai_9] CLICK: Add Customer
2026-01-18T23:23:23.8200649Z     🎯 Using AI-provided locator: button:contains('Add Customer')
2026-01-18T23:23:23.8225097Z     🔍 Mining locators for: 'Add Customer'
2026-01-18T23:23:23.8658129Z     ✅ Found 2 verified locators
2026-01-18T23:23:27.4049290Z     ✅ State transitioned.
2026-01-18T23:23:29.0803181Z [DEBUG] Sending request to gemini-2.0-flash. Number of parts: 2
2026-01-18T23:23:29.0803960Z [DEBUG] Received response (Length: 178)
2026-01-18T23:23:29.0804796Z     🤖 AI Next Step Suggestion: click -> Add Customer
2026-01-18T23:23:29.0805613Z     🧩 Suggested Locator: button:nth-of-type(2)
2026-01-18T23:23:29.0806773Z     💭 Reasoning: The form is complete, so clicking 'Add Customer' will submit the form.
2026-01-18T23:23:29.0808102Z ⚠️ Loop detected: same AI suggestion repeated 2 times. Moving to next step.
2026-01-18T23:23:29.0809256Z   ▶️ [STEP step_3] SELECT: Your Name
2026-01-18T23:23:29.0860940Z     🔍 Mining locators for: 'Your Name'
2026-01-18T23:23:29.1173981Z     🧠 Consulting AI (Vision-First) to find 'Your Name'...
2026-01-18T23:23:29.1178075Z     🧠 [EXPERT] Strategy: Act as a Senior SDET focusing on exploring application to understand functional flow and automating FinTech scenarios. Focus on the end-to-end functional flow (e.g., Account Creation, Login, Funds Transfer, Loan Application). Prioritize identifying stable locators and interactive elements for automation. Ensure core banking features are accessible and functional.
2026-01-18T23:23:34.1901487Z [DEBUG] Sending request to gemini-2.0-flash. Number of parts: 2
2026-01-18T23:23:34.1902144Z [DEBUG] Received response (Length: 229)
2026-01-18T23:23:34.1903228Z     💡 Expert Suggestion: "Your Name" is likely under the Customers section, where customer details are managed.
2026-01-18T23:23:34.1903945Z     🛠️ Executing corrective action: click -> 'Customers'
2026-01-18T23:23:34.7464216Z     ✅ Executed corrective navigation
2026-01-18T23:23:36.7489661Z     🔄 Retry 1/3 mining locators for 'Your Name'...
2026-01-18T23:23:37.7840282Z     🧠 Consulting AI (Vision-First) to find 'Your Name'...
2026-01-18T23:23:37.7843430Z     🧠 [EXPERT] Strategy: Act as a Senior SDET focusing on exploring application to understand functional flow and automating FinTech scenarios. Focus on the end-to-end functional flow (e.g., Account Creation, Login, Funds Transfer, Loan Application). Prioritize identifying stable locators and interactive elements for automation. Ensure core banking features are accessible and functional.
2026-01-18T23:23:39.5434316Z [DEBUG] Sending request to gemini-2.0-flash. Number of parts: 2
2026-01-18T23:23:39.5435123Z [DEBUG] Received response (Length: 271)
2026-01-18T23:23:39.5437688Z     💡 Expert Suggestion: "Your Name" is likely under user profile settings, which is commonly found after navigating to the home page or user account section.
2026-01-18T23:23:39.5439589Z     🛠️ Executing corrective action: click -> 'Home'
2026-01-18T23:23:40.0969043Z     ✅ Executed corrective navigation
2026-01-18T23:23:42.0992006Z     🔄 Retry 2/3 mining locators for 'Your Name'...
2026-01-18T23:23:43.1005202Z     🗑️ Invalidating stale AI cache (retry 2)...
2026-01-18T23:23:43.1006593Z     ⚠️ Cache invalidation warning: No module named 'core.agents.domain_expert'
2026-01-18T23:23:43.1257879Z     🧠 Consulting AI (Vision-First) to find 'Your Name'...
2026-01-18T23:23:43.1261517Z     🧠 [EXPERT] Strategy: Act as a Senior SDET focusing on exploring application to understand functional flow and automating FinTech scenarios. Focus on the end-to-end functional flow (e.g., Account Creation, Login, Funds Transfer, Loan Application). Prioritize identifying stable locators and interactive elements for automation. Ensure core banking features are accessible and functional.
2026-01-18T23:23:44.5244050Z [DEBUG] Sending request to gemini-2.0-flash. Number of parts: 2
2026-01-18T23:23:44.5244474Z [DEBUG] Received response (Length: 207)
2026-01-18T23:23:44.5245186Z     💡 Expert Suggestion: "Your Name" is likely found after logging in as a customer.
2026-01-18T23:23:44.5245730Z     🛠️ Executing corrective action: click -> 'Customer Login'
2026-01-18T23:23:45.0658989Z     ✅ Executed corrective navigation
2026-01-18T23:23:47.0682225Z     🧠 Verifying step validity for 'Your Name' after no candidates found...
2026-01-18T23:23:49.5877829Z [DEBUG] Sending request to gemini-2.0-flash. Number of parts: 2
2026-01-18T23:23:49.5878266Z [DEBUG] Received response (Length: 275)
2026-01-18T23:23:49.5879875Z     🗑️ Step deemed INVALID: The current page is the landing page with 'Customer Login' and 'Bank Manager Login' buttons. We need to click 'Customer Login' first to reach the page where 'Your Name' would be present in the customer login form.. Removing from workflow.
2026-01-18T23:23:49.5881022Z     ⏭️ Skipping execution of invalid step: Your Name
2026-01-18T23:23:49.5881352Z   ▶️ [STEP step_4] CLICK: Login
2026-01-18T23:23:49.5933409Z     🔍 Mining locators for: 'Login'
2026-01-18T23:23:49.6259486Z     ✅ Found 2 verified locators
2026-01-18T23:23:53.1855414Z     ✅ State transitioned.
2026-01-18T23:23:55.0114056Z [DEBUG] Sending request to gemini-2.0-flash. Number of parts: 2
2026-01-18T23:23:55.0114683Z [DEBUG] Received response (Length: 286)
2026-01-18T23:23:55.0115379Z     🤖 AI Next Step Suggestion: click -> Please open an account with us.
2026-01-18T23:23:55.0116540Z     💭 Reasoning: The page says 'Please open an account with us.' which implies that an account needs to be opened. Clicking the dropdown will reveal options to select an account.
2026-01-18T23:23:55.0117576Z     ➕ Injected AI step: click -> Please open an account with us.
2026-01-18T23:23:55.0118123Z   ▶️ [STEP step_4_ai_1] CLICK: Please open an account with us.
2026-01-18T23:23:55.0172061Z     🔍 Mining locators for: 'Please open an account with us.'
2026-01-18T23:23:55.0519246Z     ✅ Found 1 verified locators
2026-01-18T23:23:58.6007275Z     ✅ State transitioned.
2026-01-18T23:24:00.1450916Z [DEBUG] Sending request to gemini-2.0-flash. Number of parts: 2
2026-01-18T23:24:00.1451689Z [DEBUG] Received response (Length: 164)
2026-01-18T23:24:00.1452584Z     🤖 AI Next Step Suggestion: done -> N/A
2026-01-18T23:24:00.1454139Z     💭 Reasoning: The user is on the account page. The account has been created. The user can now perform transactions, deposit or withdrawl.
2026-01-18T23:24:00.1455485Z   ▶️ [STEP step_5] ASSERT_VISIBLE: Account Number
2026-01-18T23:24:00.1507184Z     🔍 Mining locators for: 'Account Number'
2026-01-18T23:24:00.1818087Z     🧠 Consulting AI (Vision-First) to find 'Account Number'...
2026-01-18T23:24:00.1821729Z     🧠 [EXPERT] Strategy: Act as a Senior SDET focusing on exploring application to understand functional flow and automating FinTech scenarios. Focus on the end-to-end functional flow (e.g., Account Creation, Login, Funds Transfer, Loan Application). Prioritize identifying stable locators and interactive elements for automation. Ensure core banking features are accessible and functional.
2026-01-18T23:24:05.7494021Z [DEBUG] Sending request to gemini-2.0-flash. Number of parts: 2
2026-01-18T23:24:05.7494753Z [DEBUG] Received response (Length: 828)
2026-01-18T23:24:05.7495538Z     ⚠️ Critical step failure: 'priority'
2026-01-18T23:24:05.7496108Z   ▶️ [STEP step_6] ASSERT_VISIBLE: Balance
2026-01-18T23:24:05.7541395Z     🔍 Mining locators for: 'Balance'
2026-01-18T23:24:05.7809131Z     🧠 Consulting AI (Vision-First) to find 'Balance'...
2026-01-18T23:24:05.7813925Z     🧠 [EXPERT] Strategy: Act as a Senior SDET focusing on exploring application to understand functional flow and automating FinTech scenarios. Focus on the end-to-end functional flow (e.g., Account Creation, Login, Funds Transfer, Loan Application). Prioritize identifying stable locators and interactive elements for automation. Ensure core banking features are accessible and functional.
2026-01-18T23:24:10.5107763Z [DEBUG] Sending request to gemini-2.0-flash. Number of parts: 2
2026-01-18T23:24:10.5108256Z [DEBUG] Received response (Length: 338)
2026-01-18T23:24:10.5109085Z     🔄 Retry 1/3 mining locators for 'Balance'...
2026-01-18T23:24:11.5389894Z     🧠 Consulting AI (Vision-First) to find 'Balance'...
2026-01-18T23:24:11.5393058Z     🧠 [EXPERT] Strategy: Act as a Senior SDET focusing on exploring application to understand functional flow and automating FinTech scenarios. Focus on the end-to-end functional flow (e.g., Account Creation, Login, Funds Transfer, Loan Application). Prioritize identifying stable locators and interactive elements for automation. Ensure core banking features are accessible and functional.
2026-01-18T23:24:11.5395139Z [CACHE HIT] 73ba15e2... (hits: 1, misses: 18)
2026-01-18T23:24:11.5395755Z     🔄 Retry 2/3 mining locators for 'Balance'...
2026-01-18T23:24:12.5407885Z     🗑️ Invalidating stale AI cache (retry 2)...
2026-01-18T23:24:12.5409533Z     ⚠️ Cache invalidation warning: No module named 'core.agents.domain_expert'
2026-01-18T23:24:12.5683141Z     🧠 Consulting AI (Vision-First) to find 'Balance'...
2026-01-18T23:24:12.5685632Z     🧠 [EXPERT] Strategy: Act as a Senior SDET focusing on exploring application to understand functional flow and automating FinTech scenarios. Focus on the end-to-end functional flow (e.g., Account Creation, Login, Funds Transfer, Loan Application). Prioritize identifying stable locators and interactive elements for automation. Ensure core banking features are accessible and functional.
2026-01-18T23:24:12.5687746Z [CACHE HIT] 73ba15e2... (hits: 2, misses: 18)
2026-01-18T23:24:12.5688331Z     🧠 Verifying step validity for 'Balance' after mining failure...
2026-01-18T23:24:15.0441197Z [DEBUG] Sending request to gemini-2.0-flash. Number of parts: 2
2026-01-18T23:24:15.0441917Z [DEBUG] Received response (Length: 345)
2026-01-18T23:24:15.0444769Z     🗑️ Step deemed INVALID: The 'Balance' element exists on the page, but its value is currently represented by the placeholder text '{{amount}}'. We need to first select an account from the dropdown to populate the actual balance. Therefore, interacting with the 'Balance' element at this stage is not logical.. Removing from workflow.
2026-01-18T23:24:15.0446365Z     ⏭️ Skipping execution of invalid step: Balance
2026-01-18T23:24:17.0793527Z 
2026-01-18T23:24:17.0795059Z [2/3] Exploring Scenario: Manager Login and Customer Creation
2026-01-18T23:24:17.0796335Z     🧠 Initialized exploration context for goal: 'Customer and manager banking flows'
2026-01-18T23:24:17.0797198Z   ▶️ [STEP step_1] NAVIGATE: 
2026-01-18T23:24:18.1247257Z     ✅ Navigated to https://www.globalsqa.com/angularJs-protractor/BankingProject/
2026-01-18T23:24:18.1248145Z   ▶️ [STEP step_2] CLICK: Bank Manager Login
2026-01-18T23:24:18.1411003Z     🔍 Mining locators for: 'Bank Manager Login'
2026-01-18T23:24:18.1916477Z     ✅ Found 2 verified locators
2026-01-18T23:24:21.7750463Z     ✅ State transitioned.
2026-01-18T23:24:23.3507010Z [DEBUG] Sending request to gemini-2.0-flash. Number of parts: 2
2026-01-18T23:24:23.3507757Z [DEBUG] Received response (Length: 251)
2026-01-18T23:24:23.3508990Z     🤖 AI Next Step Suggestion: click -> Add Customer
2026-01-18T23:24:23.3509826Z     🧩 Suggested Locator: button:nth-of-type(2)
2026-01-18T23:24:23.3511501Z     💭 Reasoning: To progress towards the goal of 'Customer and manager banking flows', the next logical step after logging in as a manager is to add a customer.
2026-01-18T23:24:23.3513010Z     ➕ Injected AI step: click -> Add Customer
2026-01-18T23:24:23.3513692Z   ▶️ [STEP step_2_ai_1] CLICK: Add Customer
2026-01-18T23:24:23.3565117Z     🎯 Using AI-provided locator: button:nth-of-type(2)
2026-01-18T23:24:23.3621592Z     ✅ Found 1 verified locators
2026-01-18T23:24:27.4041563Z     ✅ State transitioned.
2026-01-18T23:24:28.7632065Z [DEBUG] Sending request to gemini-2.0-flash. Number of parts: 2
2026-01-18T23:24:28.7632717Z [DEBUG] Received response (Length: 197)
2026-01-18T23:24:28.7633491Z     🤖 AI Next Step Suggestion: click -> Login
2026-01-18T23:24:28.7633976Z     🧩 Suggested Locator: button
2026-01-18T23:24:28.7634637Z     💭 Reasoning: After adding a customer, the next logical step is to log in as that customer to explore customer banking flows.
2026-01-18T23:24:28.7635238Z     ➕ Injected AI step: click -> Login
2026-01-18T23:24:28.7635549Z   ▶️ [STEP step_2_ai_2] CLICK: Login
2026-01-18T23:24:28.7688312Z     🎯 Using AI-provided locator: button
2026-01-18T23:24:28.7747774Z     ✅ Found 1 verified locators
2026-01-18T23:24:32.8226330Z     ✅ State transitioned.
2026-01-18T23:24:34.5387253Z [DEBUG] Sending request to gemini-2.0-flash. Number of parts: 2
2026-01-18T23:24:34.5387773Z [DEBUG] Received response (Length: 289)
2026-01-18T23:24:34.5388481Z     🤖 AI Next Step Suggestion: click -> Customer Login
2026-01-18T23:24:34.5389434Z     🧩 Suggested Locator: button:contains('Customer Login')
2026-01-18T23:24:34.5390494Z     💭 Reasoning: The goal is to explore both customer and manager banking flows. We've already interacted with the manager login flow, so now we should explore the customer login flow.
2026-01-18T23:24:34.5391431Z     ➕ Injected AI step: click -> Customer Login
2026-01-18T23:24:34.5391818Z   ▶️ [STEP step_2_ai_3] CLICK: Customer Login
2026-01-18T23:24:34.5440581Z     🎯 Using AI-provided locator: button:contains('Customer Login')
2026-01-18T23:24:34.5473798Z     🔍 Mining locators for: 'Customer Login'
2026-01-18T23:24:34.5780198Z     ✅ Found 2 verified locators
2026-01-18T23:24:38.1400775Z     ✅ State transitioned.
2026-01-18T23:24:39.5989403Z [DEBUG] Sending request to gemini-2.0-flash. Number of parts: 2
2026-01-18T23:24:39.5990144Z [DEBUG] Received response (Length: 207)
2026-01-18T23:24:39.5991027Z     🤖 AI Next Step Suggestion: click -> Login
2026-01-18T23:24:39.5992489Z     💭 Reasoning: After selecting a user, the next logical step is to click the Login button to access the customer's account.
2026-01-18T23:24:39.5994149Z     ➕ Injected AI step: click -> Login
2026-01-18T23:24:39.5994806Z   ▶️ [STEP step_2_ai_4] CLICK: Login
2026-01-18T23:24:39.6048351Z     🔍 Mining locators for: 'Login'
2026-01-18T23:24:39.6368281Z     ✅ Found 2 verified locators
2026-01-18T23:24:43.1876489Z     ✅ State transitioned.
2026-01-18T23:24:44.8367658Z [DEBUG] Sending request to gemini-2.0-flash. Number of parts: 2
2026-01-18T23:24:44.8368260Z [DEBUG] Received response (Length: 467)
2026-01-18T23:24:44.8369062Z     🤖 AI Next Step Suggestion: done -> N/A
2026-01-18T23:24:44.8371217Z     💭 Reasoning: The current page indicates that an account needs to be opened. However, the previous actions show that the manager has already added a customer. The current page is the account page, but no account is selected. Since the goal is to explore customer and manager banking flows, and a customer has been added, but no account is open, and there are no actions available to open an account from this page, I will mark this as done.
2026-01-18T23:24:44.8372977Z   ▶️ [STEP step_3] CLICK: Add Customer
2026-01-18T23:24:44.8422405Z     🔍 Mining locators for: 'Add Customer'
2026-01-18T23:24:44.8683302Z     🧠 Consulting AI (Vision-First) to find 'Add Customer'...
2026-01-18T23:24:44.8686371Z     🧠 [EXPERT] Strategy: Act as a Senior SDET focusing on exploring application to understand functional flow and automating FinTech scenarios. Focus on the end-to-end functional flow (e.g., Account Creation, Login, Funds Transfer, Loan Application). Prioritize identifying stable locators and interactive elements for automation. Ensure core banking features are accessible and functional.
2026-01-18T23:24:49.6633428Z [DEBUG] Sending request to gemini-2.0-flash. Number of parts: 2
2026-01-18T23:24:49.6634056Z [DEBUG] Received response (Length: 310)
2026-01-18T23:24:49.6639196Z     💡 Expert Suggestion: "Add Customer" functionality is typically found under the 'Home' or 'Account Management' sections. Clicking 'Home' might lead to a dashboard or menu containing this option.
2026-01-18T23:24:49.6641469Z     🛠️ Executing corrective action: click -> 'Home'
2026-01-18T23:24:50.2253023Z     ✅ Executed corrective navigation
2026-01-18T23:24:52.2276543Z     🔄 Retry 1/3 mining locators for 'Add Customer'...
2026-01-18T23:24:53.2540538Z     🧠 Consulting AI (Vision-First) to find 'Add Customer'...
2026-01-18T23:24:53.2543558Z     🧠 [EXPERT] Strategy: Act as a Senior SDET focusing on exploring application to understand functional flow and automating FinTech scenarios. Focus on the end-to-end functional flow (e.g., Account Creation, Login, Funds Transfer, Loan Application). Prioritize identifying stable locators and interactive elements for automation. Ensure core banking features are accessible and functional.
2026-01-18T23:24:54.4919410Z [DEBUG] Sending request to gemini-2.0-flash. Number of parts: 2
2026-01-18T23:24:54.4919883Z [DEBUG] Received response (Length: 225)
2026-01-18T23:24:54.4920665Z     💡 Expert Suggestion: The 'Add Customer' functionality is likely within the Bank Manager section.
2026-01-18T23:24:54.4921305Z     🛠️ Executing corrective action: click -> 'Bank Manager Login'
2026-01-18T23:24:55.0347600Z     ✅ Executed corrective navigation
2026-01-18T23:24:57.0370580Z     🔄 Retry 2/3 mining locators for 'Add Customer'...
2026-01-18T23:24:58.0384057Z     🗑️ Invalidating stale AI cache (retry 2)...
2026-01-18T23:24:58.0385211Z     ⚠️ Cache invalidation warning: No module named 'core.agents.domain_expert'
2026-01-18T23:24:58.0728339Z     ✅ Found 2 verified locators
2026-01-18T23:25:01.6191075Z     ✅ State transitioned.
2026-01-18T23:25:03.1720394Z [DEBUG] Sending request to gemini-2.0-flash. Number of parts: 2
2026-01-18T23:25:03.1721117Z [DEBUG] Received response (Length: 186)
2026-01-18T23:25:03.1721750Z     🤖 AI Next Step Suggestion: fill -> First Name
2026-01-18T23:25:03.1722227Z     🧩 Suggested Locator: input[placeholder='First Name']
2026-01-18T23:25:03.1723051Z     💭 Reasoning: Need to fill the first name field to add a customer.
2026-01-18T23:25:03.1723503Z     ➕ Injected AI step: fill -> First Name
2026-01-18T23:25:03.1723854Z   ▶️ [STEP step_3_ai_1] FILL: First Name
2026-01-18T23:25:03.1774557Z     🎯 Using AI-provided locator: input[placeholder='First Name']
2026-01-18T23:25:03.1831527Z     ✅ Found 1 verified locators
2026-01-18T23:25:08.6102898Z     ✅ State transitioned.
2026-01-18T23:25:09.8967562Z [DEBUG] Sending request to gemini-2.0-flash. Number of parts: 2
2026-01-18T23:25:09.8968166Z [DEBUG] Received response (Length: 230)
2026-01-18T23:25:09.8969056Z     🤖 AI Next Step Suggestion: fill -> Last Name
2026-01-18T23:25:09.8969515Z     🧩 Suggested Locator: input[placeholder='Last Name']
2026-01-18T23:25:09.8970239Z     💭 Reasoning: The form for adding a customer is partially filled. Filling the last name is the next logical step.
2026-01-18T23:25:09.8970870Z     ➕ Injected AI step: fill -> Last Name
2026-01-18T23:25:09.8971200Z   ▶️ [STEP step_3_ai_2] FILL: Last Name
2026-01-18T23:25:09.9022016Z     🎯 Using AI-provided locator: input[placeholder='Last Name']
2026-01-18T23:25:09.9077671Z     ✅ Found 1 verified locators
2026-01-18T23:25:15.2804634Z     ✅ State transitioned.
2026-01-18T23:25:16.7812966Z [DEBUG] Sending request to gemini-2.0-flash. Number of parts: 2
2026-01-18T23:25:16.7813740Z [DEBUG] Received response (Length: 226)
2026-01-18T23:25:16.7814585Z     🤖 AI Next Step Suggestion: fill -> Post Code
2026-01-18T23:25:16.7815304Z     🧩 Suggested Locator: input[placeholder='Post Code']
2026-01-18T23:25:16.7816496Z     💭 Reasoning: The 'Post Code' field is visible and needs to be filled to complete the customer information.
2026-01-18T23:25:16.7817537Z     ➕ Injected AI step: fill -> Post Code
2026-01-18T23:25:16.7818137Z   ▶️ [STEP step_3_ai_3] FILL: Post Code
2026-01-18T23:25:16.7870500Z     🎯 Using AI-provided locator: input[placeholder='Post Code']
2026-01-18T23:25:16.7925693Z     ✅ Found 1 verified locators
2026-01-18T23:25:22.2065753Z     ✅ State transitioned.
2026-01-18T23:25:23.6939649Z [DEBUG] Sending request to gemini-2.0-flash. Number of parts: 2
2026-01-18T23:25:23.6940396Z [DEBUG] Received response (Length: 173)
2026-01-18T23:25:23.6941281Z     🤖 AI Next Step Suggestion: click -> Add Customer
2026-01-18T23:25:23.6941972Z     🧩 Suggested Locator: button:nth-of-type(2)
2026-01-18T23:25:23.6942966Z     💭 Reasoning: The form is complete, so we should submit it to add the customer.
2026-01-18T23:25:23.6943909Z     ➕ Injected AI step: click -> Add Customer
2026-01-18T23:25:23.6944582Z   ▶️ [STEP step_3_ai_4] CLICK: Add Customer
2026-01-18T23:25:23.6996376Z     🎯 Using AI-provided locator: button:nth-of-type(2)
2026-01-18T23:25:23.7051468Z     ✅ Found 1 verified locators
2026-01-18T23:25:27.7535048Z     ✅ State transitioned.
2026-01-18T23:25:27.7585947Z     🔄 Revisited state detected (count: 1)
2026-01-18T23:25:29.0670069Z [DEBUG] Sending request to gemini-2.0-flash. Number of parts: 2
2026-01-18T23:25:29.0670727Z [DEBUG] Received response (Length: 169)
2026-01-18T23:25:29.0671507Z     🤖 AI Next Step Suggestion: click -> Login
2026-01-18T23:25:29.0671943Z     🧩 Suggested Locator: button
2026-01-18T23:25:29.0672594Z     💭 Reasoning: To login as a customer, we need to click the 'Login' button after selecting a user.
2026-01-18T23:25:29.0673271Z     ➕ Injected AI step: click -> Login
2026-01-18T23:25:29.0673664Z   ▶️ [STEP step_3_ai_5] CLICK: Login
2026-01-18T23:25:29.0727601Z     🎯 Using AI-provided locator: button
2026-01-18T23:25:29.0781539Z     ✅ Found 1 verified locators
2026-01-18T23:25:33.1181823Z     ✅ State transitioned.
2026-01-18T23:25:33.1224137Z     🔄 Revisited state detected (count: 2)
2026-01-18T23:25:34.3499319Z [DEBUG] Sending request to gemini-2.0-flash. Number of parts: 2
2026-01-18T23:25:34.3500221Z [DEBUG] Received response (Length: 203)
2026-01-18T23:25:34.3501280Z     🤖 AI Next Step Suggestion: click -> Bank Manager Login
2026-01-18T23:25:34.3502290Z     🧩 Suggested Locator: button:contains('Bank Manager Login')
2026-01-18T23:25:34.3503837Z     💭 Reasoning: To explore the manager banking flows, I need to log in as a bank manager.
2026-01-18T23:25:34.3504507Z     ➕ Injected AI step: click -> Bank Manager Login
2026-01-18T23:25:34.3504951Z   ▶️ [STEP step_3_ai_6] CLICK: Bank Manager Login
2026-01-18T23:25:34.3555522Z     🎯 Using AI-provided locator: button:contains('Bank Manager Login')
2026-01-18T23:25:34.3578870Z     🔍 Mining locators for: 'Bank Manager Login'
2026-01-18T23:25:34.3888812Z     ✅ Found 2 verified locators
2026-01-18T23:25:37.9520942Z     ✅ State transitioned.
2026-01-18T23:25:39.4736076Z [DEBUG] Sending request to gemini-2.0-flash. Number of parts: 2
2026-01-18T23:25:39.4738709Z [DEBUG] Received response (Length: 218)
2026-01-18T23:25:39.4739650Z     🤖 AI Next Step Suggestion: click -> Open Account
2026-01-18T23:25:39.4740774Z     💭 Reasoning: To progress with the manager banking flows, the next logical step after adding a customer is to open an account.
2026-01-18T23:25:39.4741803Z     ➕ Injected AI step: click -> Open Account
2026-01-18T23:25:39.4742378Z   ▶️ [STEP step_3_ai_7] CLICK: Open Account
2026-01-18T23:25:39.4790825Z     🔍 Mining locators for: 'Open Account'
2026-01-18T23:25:39.5112405Z     ✅ Found 2 verified locators
2026-01-18T23:25:43.0656499Z     ✅ State transitioned.
2026-01-18T23:25:44.8368214Z [DEBUG] Sending request to gemini-2.0-flash. Number of parts: 2
2026-01-18T23:25:44.8369050Z [DEBUG] Received response (Length: 173)
2026-01-18T23:25:44.8369877Z     🤖 AI Next Step Suggestion: fill -> Customer Name
2026-01-18T23:25:44.8370498Z     🧩 Suggested Locator: #userSelect
2026-01-18T23:25:44.8371142Z     💭 Reasoning: To select a customer for opening an account.
2026-01-18T23:25:44.8371811Z     ➕ Injected AI step: fill -> Customer Name
2026-01-18T23:25:44.8372384Z   ▶️ [STEP step_3_ai_8] FILL: Customer Name
2026-01-18T23:25:44.8423043Z     🎯 Using AI-provided locator: #userSelect
2026-01-18T23:25:44.8477222Z     ✅ Found 1 verified locators
2026-01-18T23:25:50.7740328Z     ✅ State transitioned.
2026-01-18T23:25:52.3883131Z [DEBUG] Sending request to gemini-2.0-flash. Number of parts: 2
2026-01-18T23:25:52.3883821Z [DEBUG] Received response (Length: 169)
2026-01-18T23:25:52.3884659Z     🤖 AI Next Step Suggestion: click -> Hermoine Granger
2026-01-18T23:25:52.3885257Z     💭 Reasoning: Select a customer from the dropdown to open an account for.
2026-01-18T23:25:52.3885749Z     ➕ Injected AI step: click -> Hermoine Granger
2026-01-18T23:25:52.3886120Z   ▶️ [STEP step_3_ai_9] CLICK: Hermoine Granger
2026-01-18T23:25:52.3937985Z     🔍 Mining locators for: 'Hermoine Granger'
2026-01-18T23:25:52.4310430Z     ✅ Found 2 verified locators
2026-01-18T23:25:56.4867128Z     ✅ State transitioned.
2026-01-18T23:25:57.8984788Z [DEBUG] Sending request to gemini-2.0-flash. Number of parts: 2
2026-01-18T23:25:57.8985405Z [DEBUG] Received response (Length: 176)
2026-01-18T23:25:57.8986200Z     🤖 AI Next Step Suggestion: click -> ---Currency--- Dollar Pound Rupee
2026-01-18T23:25:57.8986697Z     🧩 Suggested Locator: #currency
2026-01-18T23:25:57.8987146Z     💭 Reasoning: Need to select a currency for the account.
2026-01-18T23:25:57.8987653Z     ➕ Injected AI step: click -> ---Currency--- Dollar Pound Rupee
2026-01-18T23:25:57.8988197Z   ▶️ [STEP step_3_ai_10] CLICK: ---Currency--- Dollar Pound Rupee
2026-01-18T23:25:57.9044738Z     🎯 Using AI-provided locator: #currency
2026-01-18T23:25:57.9102133Z     ✅ Found 1 verified locators
2026-01-18T23:26:01.9703969Z     ✅ State transitioned.
2026-01-18T23:26:03.3762844Z [DEBUG] Sending request to gemini-2.0-flash. Number of parts: 2
2026-01-18T23:26:03.3763450Z [DEBUG] Received response (Length: 192)
2026-01-18T23:26:03.3764049Z     🤖 AI Next Step Suggestion: click -> Dollar
2026-01-18T23:26:03.3764781Z     💭 Reasoning: The currency needs to be selected to open the account. Dollar is the first available option.
2026-01-18T23:26:03.3765443Z     ➕ Injected AI step: click -> Dollar
2026-01-18T23:26:03.3765822Z   ▶️ [STEP step_3_ai_11] CLICK: Dollar
2026-01-18T23:26:03.3820341Z     🔍 Mining locators for: 'Dollar'
2026-01-18T23:26:03.4315266Z     ✅ Found 3 verified locators
2026-01-18T23:26:07.4849759Z     ✅ State transitioned.
2026-01-18T23:26:07.4894664Z     🔄 Revisited state detected (count: 1)
2026-01-18T23:26:08.9835629Z [DEBUG] Sending request to gemini-2.0-flash. Number of parts: 2
2026-01-18T23:26:08.9836709Z [DEBUG] Received response (Length: 215)
2026-01-18T23:26:08.9837609Z     🤖 AI Next Step Suggestion: click -> Process
2026-01-18T23:26:08.9839293Z     💭 Reasoning: Now that the customer and currency have been selected, the 'Process' button should be clicked to open the account.
2026-01-18T23:26:08.9840576Z     ➕ Injected AI step: click -> Process
2026-01-18T23:26:08.9841208Z   ▶️ [STEP step_3_ai_12] CLICK: Process
2026-01-18T23:26:08.9893630Z     🔍 Mining locators for: 'Process'
2026-01-18T23:26:09.0245713Z     ✅ Found 2 verified locators
2026-01-18T23:26:12.5847004Z     ✅ State transitioned.
2026-01-18T23:26:14.1459587Z [DEBUG] Sending request to gemini-2.0-flash. Number of parts: 2
2026-01-18T23:26:14.1460365Z [DEBUG] Received response (Length: 159)
2026-01-18T23:26:14.1461170Z     🤖 AI Next Step Suggestion: click -> Process
2026-01-18T23:26:14.1461778Z     🧩 Suggested Locator: button
2026-01-18T23:26:14.1462662Z     💭 Reasoning: Clicking process after selecting customer and currency to open account.
2026-01-18T23:26:14.1463745Z ⚠️ Loop detected: same AI suggestion repeated 2 times. Moving to next step.
2026-01-18T23:26:14.1464623Z   ▶️ [STEP step_4] FILL: First Name
2026-01-18T23:26:14.1516664Z     🔍 Mining locators for: 'First Name'
2026-01-18T23:26:14.2117682Z     🧠 Consulting AI (Vision-First) to find 'First Name'...
2026-01-18T23:26:14.2119973Z     🧠 [EXPERT] Strategy: Act as a Senior SDET focusing on exploring application to understand functional flow and automating FinTech scenarios. Focus on the end-to-end functional flow (e.g., Account Creation, Login, Funds Transfer, Loan Application). Prioritize identifying stable locators and interactive elements for automation. Ensure core banking features are accessible and functional.
2026-01-18T23:26:18.9593055Z [DEBUG] Sending request to gemini-2.0-flash. Number of parts: 2
2026-01-18T23:26:18.9593741Z [DEBUG] Received response (Length: 262)
2026-01-18T23:26:18.9595243Z     💡 Expert Suggestion: The 'First Name' field is likely part of the customer creation form, accessible by clicking the 'Add Customer' button.
2026-01-18T23:26:18.9596572Z     🛠️ Executing corrective action: click -> 'Add Customer'
2026-01-18T23:26:19.5286363Z     ✅ Executed corrective navigation
2026-01-18T23:26:21.5309893Z     🔄 Retry 1/3 mining locators for 'First Name'...
2026-01-18T23:26:22.5864859Z     ✅ Found 2 verified locators
2026-01-18T23:26:28.7034295Z     ✅ State transitioned.
2026-01-18T23:26:30.3365894Z [DEBUG] Sending request to gemini-2.0-flash. Number of parts: 2
2026-01-18T23:26:30.3366780Z [DEBUG] Received response (Length: 227)
2026-01-18T23:26:30.3367796Z     🤖 AI Next Step Suggestion: fill -> Last Name
2026-01-18T23:26:30.3369063Z     🧩 Suggested Locator: input[placeholder='Last Name']
2026-01-18T23:26:30.3370464Z     💭 Reasoning: Need to fill out all the fields to add a customer. Filling out the last name field.
2026-01-18T23:26:30.3371675Z     ➕ Injected AI step: fill -> Last Name
2026-01-18T23:26:30.3372441Z   ▶️ [STEP step_4_ai_1] FILL: Last Name
2026-01-18T23:26:30.3426692Z     🎯 Using AI-provided locator: input[placeholder='Last Name']
2026-01-18T23:26:30.3481863Z     ✅ Found 1 verified locators
2026-01-18T23:26:37.7786199Z     ✅ State transitioned.
2026-01-18T23:26:39.5479895Z [DEBUG] Sending request to gemini-2.0-flash. Number of parts: 2
2026-01-18T23:26:39.5480559Z [DEBUG] Received response (Length: 228)
2026-01-18T23:26:39.5481353Z     🤖 AI Next Step Suggestion: fill -> Post Code
2026-01-18T23:26:39.5482037Z     🧩 Suggested Locator: input[placeholder='Post Code']
2026-01-18T23:26:39.5483088Z     💭 Reasoning: The 'Post Code' field is visible and needs to be filled to complete the customer creation form.
2026-01-18T23:26:39.5484362Z     ➕ Injected AI step: fill -> Post Code
2026-01-18T23:26:39.5484857Z   ▶️ [STEP step_4_ai_2] FILL: Post Code
2026-01-18T23:26:39.5535969Z     🎯 Using AI-provided locator: input[placeholder='Post Code']
2026-01-18T23:26:39.5590389Z     ✅ Found 1 verified locators
2026-01-18T23:26:45.1993112Z     ✅ State transitioned.
2026-01-18T23:26:46.7243410Z [DEBUG] Sending request to gemini-2.0-flash. Number of parts: 2
2026-01-18T23:26:46.7244062Z [DEBUG] Received response (Length: 265)
2026-01-18T23:26:46.7244908Z     🤖 AI Next Step Suggestion: click -> Add Customer
2026-01-18T23:26:46.7245534Z     🧩 Suggested Locator: button[type='submit']
2026-01-18T23:26:46.7246890Z     💭 Reasoning: The form is complete with First Name, Last Name, and Post Code filled. Clicking 'Add Customer' will submit the form and create the customer.
2026-01-18T23:26:46.7248116Z     ➕ Injected AI step: click -> Add Customer
2026-01-18T23:26:46.7248841Z   ▶️ [STEP step_4_ai_3] CLICK: Add Customer
2026-01-18T23:26:46.7300960Z     🎯 Using AI-provided locator: button[type='submit']
2026-01-18T23:26:46.7359058Z     ✅ Found 1 verified locators
2026-01-18T23:26:50.7823046Z     ✅ State transitioned.
2026-01-18T23:26:52.2974233Z [DEBUG] Sending request to gemini-2.0-flash. Number of parts: 2
2026-01-18T23:26:52.2974806Z [DEBUG] Received response (Length: 220)
2026-01-18T23:26:52.2975449Z     🤖 AI Next Step Suggestion: click -> Add Customer
2026-01-18T23:26:52.2976018Z     🧩 Suggested Locator: button:nth-of-type(2)
2026-01-18T23:26:52.2976895Z     💭 Reasoning: The form is filled, so clicking 'Add Customer' is the next logical step to submit the form and add the customer.
2026-01-18T23:26:52.2977811Z ⚠️ Loop detected: same AI suggestion repeated 2 times. Moving to next step.
2026-01-18T23:26:52.2978337Z   ▶️ [STEP step_5] FILL: Last Name
2026-01-18T23:26:52.3028128Z     🔍 Mining locators for: 'Last Name'
2026-01-18T23:26:52.3527282Z     ✅ Found 2 verified locators
2026-01-18T23:26:58.5019983Z     ✅ State transitioned.
2026-01-18T23:27:00.1600520Z [DEBUG] Sending request to gemini-2.0-flash. Number of parts: 2
2026-01-18T23:27:00.1601272Z [DEBUG] Received response (Length: 255)
2026-01-18T23:27:00.1602222Z     🤖 AI Next Step Suggestion: click -> Add Customer
2026-01-18T23:27:00.1603002Z     🧩 Suggested Locator: button:contains('Add Customer')
2026-01-18T23:27:00.1604825Z     💭 Reasoning: The form is complete with First Name, Last Name, and Post Code filled. Clicking 'Add Customer' will submit the form and add the customer.
2026-01-18T23:27:00.1606398Z     ➕ Injected AI step: click -> Add Customer
2026-01-18T23:27:00.1607121Z   ▶️ [STEP step_5_ai_1] CLICK: Add Customer
2026-01-18T23:27:00.1660187Z     🎯 Using AI-provided locator: button:contains('Add Customer')
2026-01-18T23:27:00.1684556Z     🔍 Mining locators for: 'Add Customer'
2026-01-18T23:27:00.2246255Z     ✅ Found 2 verified locators
2026-01-18T23:27:03.7635936Z     ✅ State transitioned.
2026-01-18T23:27:03.7681061Z     🔄 Revisited state detected (count: 1)
2026-01-18T23:27:05.3971237Z [DEBUG] Sending request to gemini-2.0-flash. Number of parts: 2
2026-01-18T23:27:05.3971895Z [DEBUG] Received response (Length: 231)
2026-01-18T23:27:05.3972685Z     🤖 AI Next Step Suggestion: fill -> First Name
2026-01-18T23:27:05.3973264Z     🧩 Suggested Locator: input
2026-01-18T23:27:05.3974012Z     💭 Reasoning: The form for adding a customer is not complete. Filling the First Name field is the next logical step to complete the form.
2026-01-18T23:27:05.3974684Z     ➕ Injected AI step: fill -> First Name
2026-01-18T23:27:05.3975011Z   ▶️ [STEP step_5_ai_2] FILL: First Name
2026-01-18T23:27:05.4029279Z     🎯 Using AI-provided locator: input
2026-01-18T23:27:05.4086074Z     ✅ Found 1 verified locators
2026-01-18T23:27:10.6786676Z     ✅ State transitioned.
2026-01-18T23:27:12.2599247Z [DEBUG] Sending request to gemini-2.0-flash. Number of parts: 2
2026-01-18T23:27:12.2599945Z [DEBUG] Received response (Length: 207)
2026-01-18T23:27:12.2600760Z     🤖 AI Next Step Suggestion: fill -> Last Name
2026-01-18T23:27:12.2601837Z     🧩 Suggested Locator: input[placeholder='Last Name']
2026-01-18T23:27:12.2602778Z     💭 Reasoning: The last name field needs to be filled to complete the customer information.
2026-01-18T23:27:12.2603615Z     ➕ Injected AI step: fill -> Last Name
2026-01-18T23:27:12.2604194Z   ▶️ [STEP step_5_ai_3] FILL: Last Name
2026-01-18T23:27:12.2656737Z     🎯 Using AI-provided locator: input[placeholder='Last Name']
2026-01-18T23:27:12.2711176Z     ✅ Found 1 verified locators
2026-01-18T23:27:17.6143176Z     ✅ State transitioned.
2026-01-18T23:27:19.0649366Z [DEBUG] Sending request to gemini-2.0-flash. Number of parts: 2
2026-01-18T23:27:19.0650211Z [DEBUG] Received response (Length: 228)
2026-01-18T23:27:19.0651080Z     🤖 AI Next Step Suggestion: fill -> Post Code
2026-01-18T23:27:19.0652013Z     🧩 Suggested Locator: input[placeholder='Post Code']
2026-01-18T23:27:19.0653526Z     💭 Reasoning: The 'Post Code' field is visible and needs to be filled to complete the customer creation form.
2026-01-18T23:27:19.0654912Z     ➕ Injected AI step: fill -> Post Code
2026-01-18T23:27:19.0655656Z   ▶️ [STEP step_5_ai_4] FILL: Post Code
2026-01-18T23:27:19.0707603Z     🎯 Using AI-provided locator: input[placeholder='Post Code']
2026-01-18T23:27:19.0761542Z     ✅ Found 1 verified locators
2026-01-18T23:27:24.5302436Z     ✅ State transitioned.
2026-01-18T23:27:26.0310060Z [DEBUG] Sending request to gemini-2.0-flash. Number of parts: 2
2026-01-18T23:27:26.0310733Z [DEBUG] Received response (Length: 258)
2026-01-18T23:27:26.0311558Z     🤖 AI Next Step Suggestion: click -> Add Customer
2026-01-18T23:27:26.0312089Z     🧩 Suggested Locator: button:contains('Add Customer')
2026-01-18T23:27:26.0312984Z     💭 Reasoning: The form is complete with First Name, Last Name, and Post Code filled. Clicking 'Add Customer' will submit the form and create the customer.
2026-01-18T23:27:26.0313776Z     ➕ Injected AI step: click -> Add Customer
2026-01-18T23:27:26.0314136Z   ▶️ [STEP step_5_ai_5] CLICK: Add Customer
2026-01-18T23:27:26.0365434Z     🎯 Using AI-provided locator: button:contains('Add Customer')
2026-01-18T23:27:26.0388810Z     🔍 Mining locators for: 'Add Customer'
2026-01-18T23:27:26.0909243Z     ✅ Found 2 verified locators
2026-01-18T23:27:29.6286659Z     ✅ State transitioned.
2026-01-18T23:27:29.6332836Z     🔄 Revisited state detected (count: 1)
2026-01-18T23:27:30.8885451Z [DEBUG] Sending request to gemini-2.0-flash. Number of parts: 2
2026-01-18T23:27:30.8886209Z [DEBUG] Received response (Length: 209)
2026-01-18T23:27:30.8887034Z     🤖 AI Next Step Suggestion: click -> Add Customer
2026-01-18T23:27:30.8887862Z     🧩 Suggested Locator: button:contains('Add Customer')
2026-01-18T23:27:30.8889312Z     💭 Reasoning: The form is complete, so clicking 'Add Customer' will submit the form and add the customer.
2026-01-18T23:27:30.8890609Z ⚠️ Loop detected: same AI suggestion repeated 2 times. Moving to next step.
2026-01-18T23:27:30.8891408Z   ▶️ [STEP step_6] FILL: Post Code
2026-01-18T23:27:30.8942050Z     🔍 Mining locators for: 'Post Code'
2026-01-18T23:27:30.9333295Z     ✅ Found 2 verified locators
2026-01-18T23:27:36.5178465Z     ✅ State transitioned.
2026-01-18T23:27:38.1786821Z [DEBUG] Sending request to gemini-2.0-flash. Number of parts: 2
2026-01-18T23:27:38.1787552Z [DEBUG] Received response (Length: 203)
2026-01-18T23:27:38.1788247Z     🤖 AI Next Step Suggestion: CLICK -> Add Customer
2026-01-18T23:27:38.1789020Z     🧩 Suggested Locator: button:nth-of-type(2)
2026-01-18T23:27:38.1789784Z     💭 Reasoning: Clicking 'Add Customer' will submit the customer information and hopefully create the customer.
2026-01-18T23:27:38.1790494Z     ➕ Injected AI step: CLICK -> Add Customer
2026-01-18T23:27:38.1790911Z   ▶️ [STEP step_6_ai_1] CLICK: Add Customer
2026-01-18T23:27:38.1841682Z     🎯 Using AI-provided locator: button:nth-of-type(2)
2026-01-18T23:27:38.1896559Z     ✅ Found 1 verified locators
2026-01-18T23:27:41.2117270Z     ✅ State transitioned.
2026-01-18T23:27:41.2163128Z     🔄 Revisited state detected (count: 1)
2026-01-18T23:27:43.1237051Z [DEBUG] Sending request to gemini-2.0-flash. Number of parts: 2
2026-01-18T23:27:43.1237794Z [DEBUG] Received response (Length: 258)
2026-01-18T23:27:43.1238826Z     🤖 AI Next Step Suggestion: click -> Add Customer
2026-01-18T23:27:43.1240035Z     🧩 Suggested Locator: button:contains('Add Customer')
2026-01-18T23:27:43.1241526Z     💭 Reasoning: The form is complete with First Name, Last Name, and Post Code filled. Clicking 'Add Customer' will submit the form and create the customer.
2026-01-18T23:27:43.1243018Z     ⚠️ Skipping duplicate AI suggestion (just executed): ('click', 'add customer')
2026-01-18T23:27:43.1243809Z   ▶️ [STEP step_7] CLICK: Add Customer
2026-01-18T23:27:43.1294382Z     🔍 Mining locators for: 'Add Customer'
2026-01-18T23:27:43.1724181Z     ✅ Found 2 verified locators
2026-01-18T23:27:46.7118886Z     ✅ State transitioned.
2026-01-18T23:27:46.7162157Z     🔄 Revisited state detected (count: 2)
2026-01-18T23:27:48.3376116Z [DEBUG] Sending request to gemini-2.0-flash. Number of parts: 2
2026-01-18T23:27:48.3377038Z [DEBUG] Received response (Length: 237)
2026-01-18T23:27:48.3378020Z     🤖 AI Next Step Suggestion: click -> Add Customer
2026-01-18T23:27:48.3379191Z     🧩 Suggested Locator: button:nth-of-type(2)
2026-01-18T23:27:48.3380943Z     💭 Reasoning: The form is complete, and the 'Add Customer' button is visible. Clicking it will submit the form and attempt to add the customer.
2026-01-18T23:27:48.3382744Z ⚠️ Loop detected: same AI suggestion repeated 2 times. Moving to next step.
2026-01-18T23:27:48.3383962Z   ▶️ [STEP step_8] ASSERT_VISIBLE: Customer added successfully
2026-01-18T23:27:48.3437283Z     🔍 Mining locators for: 'Customer added successfully'
2026-01-18T23:27:48.3728690Z     🧠 Consulting AI (Vision-First) to find 'Customer added successfully'...
2026-01-18T23:27:48.3732014Z     🧠 [EXPERT] Strategy: Act as a Senior SDET focusing on exploring application to understand functional flow and automating FinTech scenarios. Focus on the end-to-end functional flow (e.g., Account Creation, Login, Funds Transfer, Loan Application). Prioritize identifying stable locators and interactive elements for automation. Ensure core banking features are accessible and functional.
2026-01-18T23:27:53.1272296Z [DEBUG] Sending request to gemini-2.0-flash. Number of parts: 2
2026-01-18T23:27:53.1272790Z [DEBUG] Received response (Length: 294)
2026-01-18T23:27:53.1274178Z     💡 Expert Suggestion: After adding a customer, it's likely the confirmation message appears on the 'Customers' page or a dedicated confirmation page after submitting the form.
2026-01-18T23:27:53.1275242Z     🛠️ Executing corrective action: click -> 'Customers'
2026-01-18T23:27:53.6835753Z     ✅ Executed corrective navigation
2026-01-18T23:27:55.6858347Z     🔄 Retry 1/3 mining locators for 'Customer added successfully'...
2026-01-18T23:27:56.7237166Z     🧠 Consulting AI (Vision-First) to find 'Customer added successfully'...
2026-01-18T23:27:56.7240974Z     🧠 [EXPERT] Strategy: Act as a Senior SDET focusing on exploring application to understand functional flow and automating FinTech scenarios. Focus on the end-to-end functional flow (e.g., Account Creation, Login, Funds Transfer, Loan Application). Prioritize identifying stable locators and interactive elements for automation. Ensure core banking features are accessible and functional.
2026-01-18T23:27:58.4030503Z [DEBUG] Sending request to gemini-2.0-flash. Number of parts: 2
2026-01-18T23:27:58.4031288Z [DEBUG] Received response (Length: 385)
2026-01-18T23:27:58.4031930Z     ⚠️ Skipping duplicate injection: Add Customer
2026-01-18T23:27:58.4032520Z     🔄 Retry 2/3 mining locators for 'Customer added successfully'...
2026-01-18T23:27:59.4043701Z     🗑️ Invalidating stale AI cache (retry 2)...
2026-01-18T23:27:59.4045073Z     ⚠️ Cache invalidation warning: No module named 'core.agents.domain_expert'
2026-01-18T23:27:59.4405486Z     🧠 Consulting AI (Vision-First) to find 'Customer added successfully'...
2026-01-18T23:27:59.4409172Z     🧠 [EXPERT] Strategy: Act as a Senior SDET focusing on exploring application to understand functional flow and automating FinTech scenarios. Focus on the end-to-end functional flow (e.g., Account Creation, Login, Funds Transfer, Loan Application). Prioritize identifying stable locators and interactive elements for automation. Ensure core banking features are accessible and functional.
2026-01-18T23:27:59.4411816Z [CACHE HIT] 9c76e20a... (hits: 3, misses: 55)
2026-01-18T23:27:59.4412457Z     ⚠️ Skipping duplicate injection: Add Customer
2026-01-18T23:27:59.4413365Z     🧠 Verifying step validity for 'Customer added successfully' after no candidates found...
2026-01-18T23:28:03.4397327Z [DEBUG] Sending request to gemini-2.0-flash. Number of parts: 2
2026-01-18T23:28:03.4397817Z [DEBUG] Received response (Length: 294)
2026-01-18T23:28:03.4399840Z     🗑️ Step deemed INVALID: The target element 'Customer added successfully' is a success message that appears after adding a customer. The current page is the customer list page, not the 'Add Customer' page. Therefore, the message is not present on this page.. Removing from workflow.
2026-01-18T23:28:03.4401458Z     ⏭️ Skipping execution of invalid step: Customer added successfully
2026-01-18T23:28:05.4723336Z 
2026-01-18T23:28:05.4724430Z [3/3] Exploring Scenario: Customer Deposit and Withdrawal
2026-01-18T23:28:05.4725666Z     🧠 Initialized exploration context for goal: 'Customer and manager banking flows'
2026-01-18T23:28:05.4726526Z   ▶️ [STEP step_1] NAVIGATE: 
2026-01-18T23:28:06.5215672Z     ✅ Navigated to https://www.globalsqa.com/angularJs-protractor/BankingProject/
2026-01-18T23:28:06.5216405Z   ▶️ [STEP step_2] CLICK: Customer Login
2026-01-18T23:28:06.5375314Z     🔍 Mining locators for: 'Customer Login'
2026-01-18T23:28:06.5824445Z     ✅ Found 2 verified locators
2026-01-18T23:28:10.1640018Z     ✅ State transitioned.
2026-01-18T23:28:10.1943401Z [CACHE HIT] 595a91d4... (hits: 4, misses: 56)
2026-01-18T23:28:10.1944290Z     🤖 AI Next Step Suggestion: fill -> select user
2026-01-18T23:28:10.1944947Z     🧩 Suggested Locator: #userSelect
2026-01-18T23:28:10.1945773Z     💭 Reasoning: Select a user to login as. Hermoine Granger is the first user in the list.
2026-01-18T23:28:10.1946637Z     ➕ Injected AI step: fill -> select user
2026-01-18T23:28:10.1947222Z   ▶️ [STEP step_2_ai_1] FILL: select user
2026-01-18T23:28:10.1997582Z     🎯 Using AI-provided locator: #userSelect
2026-01-18T23:28:10.2052785Z     ✅ Found 1 verified locators
2026-01-18T23:28:16.1993931Z     ✅ State transitioned.
2026-01-18T23:28:16.2324539Z [CACHE HIT] f8ab37fd... (hits: 5, misses: 56)
2026-01-18T23:28:16.2325501Z     🤖 AI Next Step Suggestion: click -> Login
2026-01-18T23:28:16.2326141Z     🧩 Suggested Locator: button
2026-01-18T23:28:16.2327122Z     💭 Reasoning: After selecting a user, the next logical step is to click the Login button to proceed.
2026-01-18T23:28:16.2328063Z     ➕ Injected AI step: click -> Login
2026-01-18T23:28:16.2328800Z   ▶️ [STEP step_2_ai_2] CLICK: Login
2026-01-18T23:28:16.2373905Z     🎯 Using AI-provided locator: button
2026-01-18T23:28:16.2434448Z     ✅ Found 1 verified locators
2026-01-18T23:28:20.2971979Z     ✅ State transitioned.
2026-01-18T23:28:20.3273136Z [CACHE HIT] 5ff4ebca... (hits: 6, misses: 56)
2026-01-18T23:28:20.3274209Z     🤖 AI Next Step Suggestion: click -> Home
2026-01-18T23:28:20.3274693Z     🧩 Suggested Locator: button
2026-01-18T23:28:20.3275337Z     💭 Reasoning: Navigating back to the home page to explore the manager login flow, as the customer login flow has been explored.
2026-01-18T23:28:20.3275955Z     ➕ Injected AI step: click -> Home
2026-01-18T23:28:20.3276265Z   ▶️ [STEP step_2_ai_3] CLICK: Home
2026-01-18T23:28:20.3322805Z     🎯 Using AI-provided locator: button
2026-01-18T23:28:20.3373810Z     ✅ Found 1 verified locators
2026-01-18T23:28:24.3756168Z     ✅ State transitioned.
2026-01-18T23:28:24.4052173Z [CACHE HIT] 32b0a30f... (hits: 7, misses: 56)
2026-01-18T23:28:24.4053108Z     🤖 AI Next Step Suggestion: click -> Bank Manager Login
2026-01-18T23:28:24.4053891Z     🧩 Suggested Locator: button:contains('Bank Manager Login')
2026-01-18T23:28:24.4054761Z     💭 Reasoning: The goal is to explore both customer and manager banking flows. We've already explored the customer flow, so now we should explore the bank manager flow.
2026-01-18T23:28:24.4055542Z     ➕ Injected AI step: click -> Bank Manager Login
2026-01-18T23:28:24.4055915Z   ▶️ [STEP step_2_ai_4] CLICK: Bank Manager Login
2026-01-18T23:28:24.4102148Z     🎯 Using AI-provided locator: button:contains('Bank Manager Login')
2026-01-18T23:28:24.4135882Z     🔍 Mining locators for: 'Bank Manager Login'
2026-01-18T23:28:24.4442583Z     ✅ Found 2 verified locators
2026-01-18T23:28:27.9924766Z     ✅ State transitioned.
2026-01-18T23:28:28.0238243Z [CACHE HIT] f805dd6a... (hits: 8, misses: 56)
2026-01-18T23:28:28.0239314Z     🤖 AI Next Step Suggestion: click -> Add Customer
2026-01-18T23:28:28.0240200Z     💭 Reasoning: To explore manager banking flows, adding a customer is a logical next step after logging in as a bank manager.
2026-01-18T23:28:28.0240864Z     ➕ Injected AI step: click -> Add Customer
2026-01-18T23:28:28.0241204Z   ▶️ [STEP step_2_ai_5] CLICK: Add Customer
2026-01-18T23:28:28.0285983Z     🔍 Mining locators for: 'Add Customer'
2026-01-18T23:28:28.0607649Z     ✅ Found 2 verified locators
2026-01-18T23:28:31.6102572Z     ✅ State transitioned.
2026-01-18T23:28:31.6552537Z [CACHE HIT] 87626f03... (hits: 9, misses: 56)
2026-01-18T23:28:31.6554387Z     🤖 AI Next Step Suggestion: fill -> First Name
2026-01-18T23:28:31.6555202Z     🧩 Suggested Locator: input[placeholder='First Name']
2026-01-18T23:28:31.6555925Z     💭 Reasoning: Need to fill the first name to add a customer
2026-01-18T23:28:31.6556533Z     ➕ Injected AI step: fill -> First Name
2026-01-18T23:28:31.6557028Z   ▶️ [STEP step_2_ai_6] FILL: First Name
2026-01-18T23:28:31.6602215Z     🎯 Using AI-provided locator: input[placeholder='First Name']
2026-01-18T23:28:31.6656406Z     ✅ Found 1 verified locators
2026-01-18T23:28:37.3224870Z     ✅ State transitioned.
2026-01-18T23:28:37.3722482Z [CACHE HIT] 0e418e75... (hits: 10, misses: 56)
2026-01-18T23:28:37.3723463Z     🤖 AI Next Step Suggestion: fill -> Last Name
2026-01-18T23:28:37.3724207Z     🧩 Suggested Locator: input[placeholder='Last Name']
2026-01-18T23:28:37.3725219Z     💭 Reasoning: Need to fill out the last name field to complete the customer information.
2026-01-18T23:28:37.3726073Z     ➕ Injected AI step: fill -> Last Name
2026-01-18T23:28:37.3726609Z   ▶️ [STEP step_2_ai_7] FILL: Last Name
2026-01-18T23:28:37.3776390Z     🎯 Using AI-provided locator: input[placeholder='Last Name']
2026-01-18T23:28:37.3833235Z     ✅ Found 1 verified locators
2026-01-18T23:28:42.8136644Z     ✅ State transitioned.
2026-01-18T23:28:42.8553923Z [CACHE HIT] 9b3efe7a... (hits: 11, misses: 56)
2026-01-18T23:28:42.8554803Z     🤖 AI Next Step Suggestion: fill -> Post Code
2026-01-18T23:28:42.8555484Z     🧩 Suggested Locator: input[ng-model='postalCode']
2026-01-18T23:28:42.8556799Z     💭 Reasoning: The First Name and Last Name fields have been filled. The next logical step is to fill the Post Code field to complete the form.
2026-01-18T23:28:42.8558149Z     ➕ Injected AI step: fill -> Post Code
2026-01-18T23:28:42.8559115Z   ▶️ [STEP step_2_ai_8] FILL: Post Code
2026-01-18T23:28:42.8604064Z     🎯 Using AI-provided locator: input[ng-model='postalCode']
2026-01-18T23:28:42.8620999Z     🔍 Mining locators for: 'Post Code'
2026-01-18T23:28:42.9133485Z     ✅ Found 2 verified locators
2026-01-18T23:28:48.1185427Z     ✅ State transitioned.
2026-01-18T23:28:48.1551932Z [CACHE HIT] f5a07189... (hits: 12, misses: 56)
2026-01-18T23:28:48.1552919Z     🤖 AI Next Step Suggestion: click -> Add Customer
2026-01-18T23:28:48.1553688Z     🧩 Suggested Locator: button:contains('Add Customer')
2026-01-18T23:28:48.1554590Z     💭 Reasoning: The form is complete, so we should submit it to add the customer.
2026-01-18T23:28:48.1555410Z     ➕ Injected AI step: click -> Add Customer
2026-01-18T23:28:48.1556279Z   ▶️ [STEP step_2_ai_9] CLICK: Add Customer
2026-01-18T23:28:48.1601756Z     🎯 Using AI-provided locator: button:contains('Add Customer')
2026-01-18T23:28:48.1624661Z     🔍 Mining locators for: 'Add Customer'
2026-01-18T23:28:48.2203783Z     ✅ Found 2 verified locators
2026-01-18T23:28:51.7586252Z     ✅ State transitioned.
2026-01-18T23:28:51.8048979Z [CACHE HIT] 1fabdd4f... (hits: 13, misses: 56)
2026-01-18T23:28:51.8050028Z     🤖 AI Next Step Suggestion: click -> Add Customer
2026-01-18T23:28:51.8050843Z     🧩 Suggested Locator: button:nth-of-type(2)
2026-01-18T23:28:51.8051809Z     💭 Reasoning: The form is complete, so clicking 'Add Customer' will submit the form.
2026-01-18T23:28:51.8052873Z ⚠️ Loop detected: same AI suggestion repeated 2 times. Moving to next step.
2026-01-18T23:28:51.8053618Z   ▶️ [STEP step_3] SELECT: Your Name
2026-01-18T23:28:51.8099089Z     🔍 Mining locators for: 'Your Name'
2026-01-18T23:28:51.8369841Z     🧠 Consulting AI (Vision-First) to find 'Your Name'...
2026-01-18T23:28:51.8373302Z     🧠 [EXPERT] Strategy: Act as a Senior SDET focusing on exploring application to understand functional flow and automating FinTech scenarios. Focus on the end-to-end functional flow (e.g., Account Creation, Login, Funds Transfer, Loan Application). Prioritize identifying stable locators and interactive elements for automation. Ensure core banking features are accessible and functional.
2026-01-18T23:28:51.8376157Z [CACHE HIT] 5e02e488... (hits: 14, misses: 56)
2026-01-18T23:28:51.8377252Z     💡 Expert Suggestion: "Your Name" is likely under the Customers section, where customer details are managed.
2026-01-18T23:28:51.8378337Z     🛠️ Executing corrective action: click -> 'Customers'
2026-01-18T23:28:52.3807605Z     ✅ Executed corrective navigation
2026-01-18T23:28:54.3830565Z     🔄 Retry 1/3 mining locators for 'Your Name'...
2026-01-18T23:28:55.4214090Z     🧠 Consulting AI (Vision-First) to find 'Your Name'...
2026-01-18T23:28:55.4218456Z     🧠 [EXPERT] Strategy: Act as a Senior SDET focusing on exploring application to understand functional flow and automating FinTech scenarios. Focus on the end-to-end functional flow (e.g., Account Creation, Login, Funds Transfer, Loan Application). Prioritize identifying stable locators and interactive elements for automation. Ensure core banking features are accessible and functional.
2026-01-18T23:28:55.4220778Z [CACHE HIT] f4652ca9... (hits: 15, misses: 56)
2026-01-18T23:28:55.4221636Z     💡 Expert Suggestion: "Your Name" is likely under user profile settings, which is commonly found after navigating to the home page or user account section.
2026-01-18T23:28:55.4222398Z     🛠️ Executing corrective action: click -> 'Home'
2026-01-18T23:28:55.9837847Z     ✅ Executed corrective navigation
2026-01-18T23:28:57.9861309Z     🔄 Retry 2/3 mining locators for 'Your Name'...
2026-01-18T23:28:58.9873969Z     🗑️ Invalidating stale AI cache (retry 2)...
2026-01-18T23:28:58.9875216Z     ⚠️ Cache invalidation warning: No module named 'core.agents.domain_expert'
2026-01-18T23:28:59.0125315Z     🧠 Consulting AI (Vision-First) to find 'Your Name'...
2026-01-18T23:28:59.0128803Z     🧠 [EXPERT] Strategy: Act as a Senior SDET focusing on exploring application to understand functional flow and automating FinTech scenarios. Focus on the end-to-end functional flow (e.g., Account Creation, Login, Funds Transfer, Loan Application). Prioritize identifying stable locators and interactive elements for automation. Ensure core banking features are accessible and functional.
2026-01-18T23:28:59.0130837Z [CACHE HIT] 2b6717fe... (hits: 16, misses: 56)
2026-01-18T23:28:59.0131364Z     💡 Expert Suggestion: "Your Name" is likely found after logging in as a customer.
2026-01-18T23:28:59.0131888Z     🛠️ Executing corrective action: click -> 'Customer Login'
2026-01-18T23:28:59.5637816Z     ✅ Executed corrective navigation
2026-01-18T23:29:01.5662260Z     🧠 Verifying step validity for 'Your Name' after no candidates found...
2026-01-18T23:29:01.5667740Z [CACHE HIT] 8b9b93da... (hits: 17, misses: 56)
2026-01-18T23:29:01.5670037Z     🗑️ Step deemed INVALID: The current page is the landing page with 'Customer Login' and 'Bank Manager Login' buttons. We need to click 'Customer Login' first to reach the page where 'Your Name' would be present in the customer login form.. Removing from workflow.
2026-01-18T23:29:01.5671776Z     ⏭️ Skipping execution of invalid step: Your Name
2026-01-18T23:29:01.5672284Z   ▶️ [STEP step_4] CLICK: Login
2026-01-18T23:29:01.5725814Z     🔍 Mining locators for: 'Login'
2026-01-18T23:29:01.6041033Z     ✅ Found 2 verified locators
2026-01-18T23:29:05.1581748Z     ✅ State transitioned.
2026-01-18T23:29:05.1896542Z [CACHE HIT] 9ec4544d... (hits: 18, misses: 56)
2026-01-18T23:29:05.1897574Z     🤖 AI Next Step Suggestion: click -> Please open an account with us.
2026-01-18T23:29:05.1898818Z     💭 Reasoning: The page says 'Please open an account with us.' which implies that an account needs to be opened. Clicking the dropdown will reveal options to select an account.
2026-01-18T23:29:05.1899712Z     ➕ Injected AI step: click -> Please open an account with us.
2026-01-18T23:29:05.1900161Z   ▶️ [STEP step_4_ai_1] CLICK: Please open an account with us.
2026-01-18T23:29:05.1943166Z     🔍 Mining locators for: 'Please open an account with us.'
2026-01-18T23:29:05.2221583Z     ✅ Found 1 verified locators
2026-01-18T23:29:08.7718964Z     ✅ State transitioned.
2026-01-18T23:29:08.8036140Z [CACHE HIT] d390f1ec... (hits: 19, misses: 56)
2026-01-18T23:29:08.8036774Z     🤖 AI Next Step Suggestion: done -> N/A
2026-01-18T23:29:08.8037497Z     💭 Reasoning: The user is on the account page. The account has been created. The user can now perform transactions, deposit or withdrawl.
2026-01-18T23:29:08.8038149Z   ▶️ [STEP step_5] CLICK: Deposit
2026-01-18T23:29:08.8082875Z     🔍 Mining locators for: 'Deposit'
2026-01-18T23:29:08.8423563Z     ✅ Found 2 verified locators
2026-01-18T23:29:12.3902632Z     ✅ State transitioned.
2026-01-18T23:29:12.3947397Z     🔄 Revisited state detected (count: 1)
2026-01-18T23:29:14.0582800Z [DEBUG] Sending request to gemini-2.0-flash. Number of parts: 2
2026-01-18T23:29:14.0583550Z [DEBUG] Received response (Length: 185)
2026-01-18T23:29:14.0584489Z     🤖 AI Next Step Suggestion: click -> Withdrawl
2026-01-18T23:29:14.0585820Z     💭 Reasoning: To test the withdrawl functionality after opening an account and making a deposit.
2026-01-18T23:29:14.0587003Z     ➕ Injected AI step: click -> Withdrawl
2026-01-18T23:29:14.0587703Z   ▶️ [STEP step_5_ai_1] CLICK: Withdrawl
2026-01-18T23:29:14.0638431Z     🔍 Mining locators for: 'Withdrawl'
2026-01-18T23:29:14.0971401Z     ✅ Found 2 verified locators
2026-01-18T23:29:17.6559259Z     ✅ State transitioned.
2026-01-18T23:29:17.6603238Z     🔄 Revisited state detected (count: 2)
2026-01-18T23:29:19.0769701Z [DEBUG] Sending request to gemini-2.0-flash. Number of parts: 2
2026-01-18T23:29:19.0770467Z [DEBUG] Received response (Length: 165)
2026-01-18T23:29:19.0771493Z     🤖 AI Next Step Suggestion: click -> Transactions
2026-01-18T23:29:19.0772247Z     🧩 Suggested Locator: button:contains('Transactions')
2026-01-18T23:29:19.0772812Z     💭 Reasoning: To view the transaction history of the account.
2026-01-18T23:29:19.0773301Z     ➕ Injected AI step: click -> Transactions
2026-01-18T23:29:19.0774025Z   ▶️ [STEP step_5_ai_2] CLICK: Transactions
2026-01-18T23:29:19.0834164Z     🎯 Using AI-provided locator: button:contains('Transactions')
2026-01-18T23:29:19.0856955Z     🔍 Mining locators for: 'Transactions'
2026-01-18T23:29:19.1192113Z     ✅ Found 2 verified locators
2026-01-18T23:29:22.6727226Z     ✅ State transitioned.
2026-01-18T23:29:22.6770675Z     🔄 Revisited state detected (count: 3)
2026-01-18T23:29:22.6771524Z     ⚠️ Too many revisits (3). Stopping AI step injection to prevent loops.
2026-01-18T23:29:22.6772332Z   ▶️ [STEP step_6] FILL: Amount to be Deposited
2026-01-18T23:29:22.6820702Z     🔍 Mining locators for: 'Amount to be Deposited'
2026-01-18T23:29:22.7077468Z     🧠 Consulting AI (Vision-First) to find 'Amount to be Deposited'...
2026-01-18T23:29:22.7081196Z     🧠 [EXPERT] Strategy: Act as a Senior SDET focusing on exploring application to understand functional flow and automating FinTech scenarios. Focus on the end-to-end functional flow (e.g., Account Creation, Login, Funds Transfer, Loan Application). Prioritize identifying stable locators and interactive elements for automation. Ensure core banking features are accessible and functional.
2026-01-18T23:29:24.1568432Z [DEBUG] Sending request to gemini-2.0-flash. Number of parts: 2
2026-01-18T23:29:24.1569455Z [DEBUG] Received response (Length: 232)
2026-01-18T23:29:24.1570984Z     💡 Expert Suggestion: Clicking 'Deposit' should lead to a page where the user can input the amount to be deposited.
2026-01-18T23:29:24.1572030Z     🛠️ Executing corrective action: click -> 'Deposit'
2026-01-18T23:29:24.6978914Z     ✅ Executed corrective navigation
2026-01-18T23:29:26.7001623Z     🔄 Retry 1/3 mining locators for 'Amount to be Deposited'...
2026-01-18T23:29:27.7285199Z     🧠 Consulting AI (Vision-First) to find 'Amount to be Deposited'...
2026-01-18T23:29:27.7287654Z     🧠 [EXPERT] Strategy: Act as a Senior SDET focusing on exploring application to understand functional flow and automating FinTech scenarios. Focus on the end-to-end functional flow (e.g., Account Creation, Login, Funds Transfer, Loan Application). Prioritize identifying stable locators and interactive elements for automation. Ensure core banking features are accessible and functional.
2026-01-18T23:29:29.1084782Z [DEBUG] Sending request to gemini-2.0-flash. Number of parts: 2
2026-01-18T23:29:29.1085505Z [DEBUG] Received response (Length: 232)
2026-01-18T23:29:29.1086344Z     ⚠️ Skipping duplicate injection: Deposit
2026-01-18T23:29:29.1087028Z     🔄 Retry 2/3 mining locators for 'Amount to be Deposited'...
2026-01-18T23:29:30.1098388Z     🗑️ Invalidating stale AI cache (retry 2)...
2026-01-18T23:29:30.1099992Z     ⚠️ Cache invalidation warning: No module named 'core.agents.domain_expert'
2026-01-18T23:29:30.1365414Z     🧠 Consulting AI (Vision-First) to find 'Amount to be Deposited'...
2026-01-18T23:29:30.1367889Z     🧠 [EXPERT] Strategy: Act as a Senior SDET focusing on exploring application to understand functional flow and automating FinTech scenarios. Focus on the end-to-end functional flow (e.g., Account Creation, Login, Funds Transfer, Loan Application). Prioritize identifying stable locators and interactive elements for automation. Ensure core banking features are accessible and functional.
2026-01-18T23:29:30.1370361Z [CACHE HIT] 7fc8c6bf... (hits: 20, misses: 60)
2026-01-18T23:29:30.1370867Z     ⚠️ Skipping duplicate injection: Deposit
2026-01-18T23:29:30.1371417Z     🧠 Verifying step validity for 'Amount to be Deposited' after no candidates found...
2026-01-18T23:29:34.0843982Z [DEBUG] Sending request to gemini-2.0-flash. Number of parts: 2
2026-01-18T23:29:34.0844656Z [DEBUG] Received response (Length: 225)
2026-01-18T23:29:34.0845694Z     🛠️ Self-Correction: Step is valid. Using new locator: input[placeholder='amount']
2026-01-18T23:29:39.5948859Z     ⚠️ Scroll into view failed for input[placeholder='amount']. Proceeding anyway.
2026-01-18T23:29:45.0968088Z     ⚠️ Action failed: Locator.click: Timeout 5000ms exceeded.
2026-01-18T23:29:45.0968648Z Call log:
2026-01-18T23:29:45.0968837Z ...
2026-01-18T23:29:46.4632805Z [DEBUG] Sending request to gemini-2.0-flash. Number of parts: 2
2026-01-18T23:29:46.4633334Z [DEBUG] Received response (Length: 201)
2026-01-18T23:29:46.4633926Z   ▶️ [STEP step_7] CLICK: Deposit
2026-01-18T23:29:46.4683334Z     🔍 Mining locators for: 'Deposit'
2026-01-18T23:29:46.5001247Z     ✅ Found 2 verified locators
2026-01-18T23:29:50.0552499Z     ✅ State transitioned.
2026-01-18T23:29:50.0597768Z     🔄 Revisited state detected (count: 4)
2026-01-18T23:29:50.0598444Z     ⚠️ Too many revisits (4). Stopping AI step injection to prevent loops.
2026-01-18T23:29:50.0599269Z   ▶️ [STEP step_8] ASSERT_VISIBLE: Deposit Successful
2026-01-18T23:29:50.0645914Z     🔍 Mining locators for: 'Deposit Successful'
2026-01-18T23:29:50.0902510Z     🧠 Consulting AI (Vision-First) to find 'Deposit Successful'...
2026-01-18T23:29:50.0905810Z     🧠 [EXPERT] Strategy: Act as a Senior SDET focusing on exploring application to understand functional flow and automating FinTech scenarios. Focus on the end-to-end functional flow (e.g., Account Creation, Login, Funds Transfer, Loan Application). Prioritize identifying stable locators and interactive elements for automation. Ensure core banking features are accessible and functional.
2026-01-18T23:29:51.5150381Z [DEBUG] Sending request to gemini-2.0-flash. Number of parts: 2
2026-01-18T23:29:51.5150915Z [DEBUG] Received response (Length: 288)
2026-01-18T23:29:51.5151560Z     ⚠️ Skipping duplicate injection: Deposit
2026-01-18T23:29:51.5152015Z     🔄 Retry 1/3 mining locators for 'Deposit Successful'...
2026-01-18T23:29:52.5429884Z     🧠 Consulting AI (Vision-First) to find 'Deposit Successful'...
2026-01-18T23:29:52.5432057Z     🧠 [EXPERT] Strategy: Act as a Senior SDET focusing on exploring application to understand functional flow and automating FinTech scenarios. Focus on the end-to-end functional flow (e.g., Account Creation, Login, Funds Transfer, Loan Application). Prioritize identifying stable locators and interactive elements for automation. Ensure core banking features are accessible and functional.
2026-01-18T23:29:52.5435884Z [CACHE HIT] 42817ac4... (hits: 21, misses: 63)
2026-01-18T23:29:52.5436300Z     ⚠️ Skipping duplicate injection: Deposit
2026-01-18T23:29:52.5436699Z     🔄 Retry 2/3 mining locators for 'Deposit Successful'...
2026-01-18T23:29:53.5448348Z     🗑️ Invalidating stale AI cache (retry 2)...
2026-01-18T23:29:53.5464070Z     ⚠️ Cache invalidation warning: No module named 'core.agents.domain_expert'
2026-01-18T23:29:53.5712054Z     🧠 Consulting AI (Vision-First) to find 'Deposit Successful'...
2026-01-18T23:29:53.5714137Z     🧠 [EXPERT] Strategy: Act as a Senior SDET focusing on exploring application to understand functional flow and automating FinTech scenarios. Focus on the end-to-end functional flow (e.g., Account Creation, Login, Funds Transfer, Loan Application). Prioritize identifying stable locators and interactive elements for automation. Ensure core banking features are accessible and functional.
2026-01-18T23:29:53.5716939Z [CACHE HIT] 42817ac4... (hits: 22, misses: 63)
2026-01-18T23:29:53.5717567Z     ⚠️ Skipping duplicate injection: Deposit
2026-01-18T23:29:53.5718379Z     🧠 Verifying step validity for 'Deposit Successful' after no candidates found...
2026-01-18T23:29:56.4376436Z [DEBUG] Sending request to gemini-2.0-flash. Number of parts: 2
2026-01-18T23:29:56.4377110Z [DEBUG] Received response (Length: 248)
2026-01-18T23:29:56.4378714Z     🗑️ Step deemed INVALID: "Deposit Successful" is a success message that appears after a deposit is made. It is not present on the page in its initial state. We need to first make a deposit to see this message.. Removing from workflow.
2026-01-18T23:29:56.4380071Z     ⏭️ Skipping execution of invalid step: Deposit Successful
2026-01-18T23:29:56.4380451Z   ▶️ [STEP step_9] CLICK: Withdrawl
2026-01-18T23:29:56.4431063Z     🔍 Mining locators for: 'Withdrawl'
2026-01-18T23:29:56.4763348Z     ✅ Found 2 verified locators
2026-01-18T23:30:00.0219387Z     ✅ State transitioned.
2026-01-18T23:30:00.0268135Z     🔄 Revisited state detected (count: 5)
2026-01-18T23:30:00.0269133Z     ⚠️ Too many revisits (5). Stopping AI step injection to prevent loops.
2026-01-18T23:30:00.0269720Z   ▶️ [STEP step_10] FILL: Amount to be Withdrawn
2026-01-18T23:30:00.0315310Z     🔍 Mining locators for: 'Amount to be Withdrawn'
2026-01-18T23:30:00.0588392Z     🧠 Consulting AI (Vision-First) to find 'Amount to be Withdrawn'...
2026-01-18T23:30:00.0591709Z     🧠 [EXPERT] Strategy: Act as a Senior SDET focusing on exploring application to understand functional flow and automating FinTech scenarios. Focus on the end-to-end functional flow (e.g., Account Creation, Login, Funds Transfer, Loan Application). Prioritize identifying stable locators and interactive elements for automation. Ensure core banking features are accessible and functional.
2026-01-18T23:30:01.4186509Z [DEBUG] Sending request to gemini-2.0-flash. Number of parts: 2
2026-01-18T23:30:01.4186945Z [DEBUG] Received response (Length: 255)
2026-01-18T23:30:01.4187518Z     ⚠️ Skipping duplicate injection: Withdrawl
2026-01-18T23:30:01.4188028Z     🔄 Retry 1/3 mining locators for 'Amount to be Withdrawn'...
2026-01-18T23:30:02.4492872Z     🧠 Consulting AI (Vision-First) to find 'Amount to be Withdrawn'...
2026-01-18T23:30:02.4496464Z     🧠 [EXPERT] Strategy: Act as a Senior SDET focusing on exploring application to understand functional flow and automating FinTech scenarios. Focus on the end-to-end functional flow (e.g., Account Creation, Login, Funds Transfer, Loan Application). Prioritize identifying stable locators and interactive elements for automation. Ensure core banking features are accessible and functional.
2026-01-18T23:30:02.4499111Z [CACHE HIT] cf2a6388... (hits: 23, misses: 65)
2026-01-18T23:30:02.4499579Z     ⚠️ Skipping duplicate injection: Withdrawl
2026-01-18T23:30:02.4500067Z     🔄 Retry 2/3 mining locators for 'Amount to be Withdrawn'...
2026-01-18T23:30:03.4512232Z     🗑️ Invalidating stale AI cache (retry 2)...
2026-01-18T23:30:03.4513777Z     ⚠️ Cache invalidation warning: No module named 'core.agents.domain_expert'
2026-01-18T23:30:03.4769430Z     🧠 Consulting AI (Vision-First) to find 'Amount to be Withdrawn'...
2026-01-18T23:30:03.4772991Z     🧠 [EXPERT] Strategy: Act as a Senior SDET focusing on exploring application to understand functional flow and automating FinTech scenarios. Focus on the end-to-end functional flow (e.g., Account Creation, Login, Funds Transfer, Loan Application). Prioritize identifying stable locators and interactive elements for automation. Ensure core banking features are accessible and functional.
2026-01-18T23:30:03.4775543Z [CACHE HIT] cf2a6388... (hits: 24, misses: 65)
2026-01-18T23:30:03.4776410Z     ⚠️ Skipping duplicate injection: Withdrawl
2026-01-18T23:30:03.4777369Z     🧠 Verifying step validity for 'Amount to be Withdrawn' after no candidates found...
2026-01-18T23:30:06.3973863Z [DEBUG] Sending request to gemini-2.0-flash. Number of parts: 2
2026-01-18T23:30:06.3974427Z [DEBUG] Received response (Length: 207)
2026-01-18T23:30:06.3975756Z     🗑️ Step deemed INVALID: The 'Amount to be Withdrawn' input field is not visible on the page. We need to click the 'Withdrawl' button first to reveal the withdrawal form.. Removing from workflow.
2026-01-18T23:30:06.3976894Z     ⏭️ Skipping execution of invalid step: Amount to be Withdrawn
2026-01-18T23:30:06.3977367Z   ▶️ [STEP step_11] CLICK: Withdraw
2026-01-18T23:30:06.4025360Z     🔍 Mining locators for: 'Withdraw'
2026-01-18T23:30:06.4401676Z     ✅ Found 2 verified locators
2026-01-18T23:30:09.9873127Z     ✅ State transitioned.
2026-01-18T23:30:09.9919002Z     🔄 Revisited state detected (count: 6)
2026-01-18T23:30:09.9920379Z     ⚠️ Too many revisits (6). Stopping AI step injection to prevent loops.
2026-01-18T23:30:09.9921054Z   ▶️ [STEP step_12] ASSERT_VISIBLE: Transaction successful
2026-01-18T23:30:09.9964703Z     🔍 Mining locators for: 'Transaction successful'
2026-01-18T23:30:10.0227791Z     🧠 Consulting AI (Vision-First) to find 'Transaction successful'...
2026-01-18T23:30:10.0230225Z     🧠 [EXPERT] Strategy: Act as a Senior SDET focusing on exploring application to understand functional flow and automating FinTech scenarios. Focus on the end-to-end functional flow (e.g., Account Creation, Login, Funds Transfer, Loan Application). Prioritize identifying stable locators and interactive elements for automation. Ensure core banking features are accessible and functional.
2026-01-18T23:30:11.6781532Z [DEBUG] Sending request to gemini-2.0-flash. Number of parts: 2
2026-01-18T23:30:11.6782003Z [DEBUG] Received response (Length: 302)
2026-01-18T23:30:11.6783214Z     💡 Expert Suggestion: After a transaction (deposit or withdrawal), the 'Transaction successful' message is likely displayed on the Transactions page or a similar confirmation page.
2026-01-18T23:30:11.6784255Z     🛠️ Executing corrective action: click -> 'Transactions'
2026-01-18T23:30:12.2186912Z     ✅ Executed corrective navigation
2026-01-18T23:30:14.2209413Z     🔄 Retry 1/3 mining locators for 'Transaction successful'...
2026-01-18T23:30:15.2502801Z     🧠 Consulting AI (Vision-First) to find 'Transaction successful'...
2026-01-18T23:30:15.2506073Z     🧠 [EXPERT] Strategy: Act as a Senior SDET focusing on exploring application to understand functional flow and automating FinTech scenarios. Focus on the end-to-end functional flow (e.g., Account Creation, Login, Funds Transfer, Loan Application). Prioritize identifying stable locators and interactive elements for automation. Ensure core banking features are accessible and functional.
2026-01-18T23:30:16.5863998Z [DEBUG] Sending request to gemini-2.0-flash. Number of parts: 2
2026-01-18T23:30:16.5864724Z [DEBUG] Received response (Length: 259)
2026-01-18T23:30:16.5865520Z     ⚠️ Skipping duplicate injection: Transactions
2026-01-18T23:30:16.5866274Z     🔄 Retry 2/3 mining locators for 'Transaction successful'...
2026-01-18T23:30:17.5877254Z     🗑️ Invalidating stale AI cache (retry 2)...
2026-01-18T23:30:17.5878827Z     ⚠️ Cache invalidation warning: No module named 'core.agents.domain_expert'
2026-01-18T23:30:17.6151064Z     🧠 Consulting AI (Vision-First) to find 'Transaction successful'...
2026-01-18T23:30:17.6154102Z     🧠 [EXPERT] Strategy: Act as a Senior SDET focusing on exploring application to understand functional flow and automating FinTech scenarios. Focus on the end-to-end functional flow (e.g., Account Creation, Login, Funds Transfer, Loan Application). Prioritize identifying stable locators and interactive elements for automation. Ensure core banking features are accessible and functional.
2026-01-18T23:30:17.6156325Z [CACHE HIT] 12b54d5f... (hits: 25, misses: 68)
2026-01-18T23:30:17.6157001Z     ⚠️ Skipping duplicate injection: Transactions
2026-01-18T23:30:17.6157861Z     🧠 Verifying step validity for 'Transaction successful' after no candidates found...
2026-01-18T23:30:21.5329175Z [DEBUG] Sending request to gemini-2.0-flash. Number of parts: 2
2026-01-18T23:30:21.5329855Z [DEBUG] Received response (Length: 230)
2026-01-18T23:30:21.5331214Z     🗑️ Step deemed INVALID: "Transaction successful" is not visible on the page. We are on the account page, and a successful transaction message would only appear after a deposit or withdrawal.. Removing from workflow.
2026-01-18T23:30:21.5332300Z     ⏭️ Skipping execution of invalid step: Transaction successful
2026-01-18T23:30:23.5666996Z 🗂️  All generated tests written to /home/runner/work/build_qa_automation/build_qa_automation/projects/ci_globalsqa_bank/tests/generated_scenarios.json
2026-01-18T23:30:23.5684957Z 🔄 Updated workflow.json with discovered steps and locators.
2026-01-18T23:30:23.5685392Z 
2026-01-18T23:30:23.5685647Z ✅ Deep Exploration Complete.
2026-01-18T23:36:48.5856729Z 
2026-01-18T23:36:48.5859595Z 🚀 [EXECUTE] Starting Automation Execution Engine
2026-01-18T23:36:48.5860129Z 📍 Project: ci_globalsqa_bank
2026-01-18T23:36:48.5860551Z 🎬 Mode: Headless
2026-01-18T23:36:48.5860768Z 
2026-01-18T23:36:48.5861001Z --- Scenario: Customer Login and Account Summary ---
2026-01-18T23:36:48.5861968Z   ▶️ [STEP step_1] NAVIGATE: Step step_1
2026-01-18T23:36:48.5862308Z     ✅ Step step_1 Passed.
2026-01-18T23:36:48.5862576Z   ▶️ [STEP step_2] CLICK: Customer Login
2026-01-18T23:36:48.5862936Z     🎯 Using mined locator: role=button[name='Customer Login']
2026-01-18T23:36:48.5863294Z     ✅ Step step_2 Passed.
2026-01-18T23:36:48.5863562Z   ▶️ [STEP step_2_ai_1] FILL: select user
2026-01-18T23:36:48.5863896Z     🎯 Using mined locator: #userSelect
2026-01-18T23:36:48.5864184Z     ✅ Step step_2_ai_1 Passed.
2026-01-18T23:36:48.5864449Z   ▶️ [STEP step_2_ai_2] CLICK: Login
2026-01-18T23:36:48.5864731Z     🎯 Using mined locator: button
2026-01-18T23:36:48.5865014Z     ✅ Step step_2_ai_2 Passed.
2026-01-18T23:36:48.5865278Z   ▶️ [STEP step_2_ai_3] CLICK: Home
2026-01-18T23:36:48.5865553Z     🎯 Using mined locator: button
2026-01-18T23:36:48.5865815Z     ✅ Step step_2_ai_3 Passed.
2026-01-18T23:36:48.5866099Z   ▶️ [STEP step_2_ai_4] CLICK: Bank Manager Login
2026-01-18T23:36:48.5867294Z     🎯 Using mined locator: role=button[name='Bank Manager Login']
2026-01-18T23:36:48.5867728Z     ✅ Step step_2_ai_4 Passed.
2026-01-18T23:36:48.5868009Z   ▶️ [STEP step_2_ai_5] CLICK: Add Customer
2026-01-18T23:36:48.5868379Z     🎯 Using mined locator: role=button[name='Add Customer']
2026-01-18T23:36:48.5869038Z     ✅ Step step_2_ai_5 Passed.
2026-01-18T23:36:48.5869316Z   ▶️ [STEP step_2_ai_6] FILL: First Name
2026-01-18T23:36:48.5869677Z     🎯 Using mined locator: input[placeholder='First Name']
2026-01-18T23:36:48.5870015Z     ✅ Step step_2_ai_6 Passed.
2026-01-18T23:36:48.5870276Z   ▶️ [STEP step_2_ai_7] FILL: Last Name
2026-01-18T23:36:48.5870617Z     🎯 Using mined locator: input[placeholder='Last Name']
2026-01-18T23:36:48.5870956Z     ✅ Step step_2_ai_7 Passed.
2026-01-18T23:36:48.5871214Z   ▶️ [STEP step_2_ai_8] FILL: Post Code
2026-01-18T23:36:48.5871546Z     🎯 Using mined locator: role=textbox[name='Post Code']
2026-01-18T23:36:48.5871866Z     ✅ Step step_2_ai_8 Passed.
2026-01-18T23:36:48.5872445Z   ▶️ [STEP step_2_ai_9] CLICK: Add Customer
2026-01-18T23:36:48.5872828Z     🎯 Using mined locator: role=button[name='Add Customer']
2026-01-18T23:36:48.5873158Z     ✅ Step step_2_ai_9 Passed.
2026-01-18T23:36:48.5873424Z   ▶️ [STEP step_4] CLICK: Login
2026-01-18T23:36:48.5873808Z     ⚠️ Mined locators not found on page. Falling back to semantic search.
2026-01-18T23:36:48.5874383Z     ❌ Attempt 1 failed (element_not_found): Locator.bounding_box: Timeout 30000ms exceeded.
2026-01-18T23:36:48.5874777Z Call log:
2026-01-18T23:36:48.5874969Z   - waiting for locator("text=Login")
2026-01-18T23:36:48.5875203Z ...
2026-01-18T23:36:48.5875486Z     🔧 [AUTO-HEAL] Re-mining page to find 'Login'...
2026-01-18T23:36:48.5875856Z [DEBUG] Sending request to gemini-2.0-flash. Number of parts: 2
2026-01-18T23:36:48.5876197Z [DEBUG] Received response (Length: 578)
2026-01-18T23:36:48.5876569Z     ✨ AI successfully healed the step! Found 2 alternatives.
2026-01-18T23:36:48.5877054Z     ✨ AI successfully healed the step! New selector: input[value='Add Customer']
2026-01-18T23:36:48.5877649Z     ❌ Attempt 2 failed (element_not_found): Locator.bounding_box: Timeout 30000ms exceeded.
2026-01-18T23:36:48.5878047Z Call log:
2026-01-18T23:36:48.5878247Z   - waiting for locator("input[value='Add ...
2026-01-18T23:36:48.5878839Z     🔧 [AUTO-HEAL] Re-mining page to find 'Login'...
2026-01-18T23:36:48.5879270Z [CACHE HIT] edf8333c... (hits: 1, misses: 1)
2026-01-18T23:36:48.5879650Z     ✨ AI successfully healed the step! Found 2 alternatives.
2026-01-18T23:36:48.5880121Z     ✨ AI successfully healed the step! New selector: input[value='Add Customer']
2026-01-18T23:36:48.5880701Z     ❌ Attempt 3 failed (element_not_found): Locator.bounding_box: Timeout 30000ms exceeded.
2026-01-18T23:36:48.5881327Z Call log:
2026-01-18T23:36:48.5881527Z   - waiting for locator("input[value='Add ...
2026-01-18T23:36:48.5881868Z     💀 Step step_4 failed after all retries.
2026-01-18T23:36:48.5882419Z 🛑 Scenario 'Customer Login and Account Summary' aborted due to step failure.
2026-01-18T23:36:48.5882717Z 
2026-01-18T23:36:48.5882850Z --- Scenario: Manager Login and Customer Creation ---
2026-01-18T23:36:48.5883192Z   ▶️ [STEP step_1] NAVIGATE: Step step_1
2026-01-18T23:36:48.5883473Z     ✅ Step step_1 Passed.
2026-01-18T23:36:48.5883741Z   ▶️ [STEP step_2] CLICK: Bank Manager Login
2026-01-18T23:36:48.5884123Z     🎯 Using mined locator: role=button[name='Bank Manager Login']
2026-01-18T23:36:48.5884470Z     ✅ Step step_2 Passed.
2026-01-18T23:36:48.5884752Z   ▶️ [STEP step_2_ai_1] CLICK: Add Customer
2026-01-18T23:36:48.5885151Z     🎯 Using mined locator: button:nth-of-type(2)
2026-01-18T23:36:48.5885612Z     ❌ Attempt 1 failed (element_not_found): Locator.click: Timeout 10000ms exceeded.
2026-01-18T23:36:48.5886000Z Call log:
2026-01-18T23:36:48.5886221Z   - waiting for locator("button:nth-of-type(2)")....
2026-01-18T23:36:48.5886603Z     🔧 [AUTO-HEAL] Re-mining page to find 'Add Customer'...
2026-01-18T23:36:48.5886994Z [DEBUG] Sending request to gemini-2.0-flash. Number of parts: 2
2026-01-18T23:36:48.5887332Z [DEBUG] Received response (Length: 615)
2026-01-18T23:36:48.5887689Z     ✨ AI successfully healed the step! Found 2 alternatives.
2026-01-18T23:36:48.5888171Z     ✨ AI successfully healed the step! New selector: body > div > button:nth-child(1)
2026-01-18T23:36:48.5889080Z     ❌ Attempt 2 failed (element_not_found): Locator.bounding_box: Timeout 30000ms exceeded.
2026-01-18T23:36:48.5889486Z Call log:
2026-01-18T23:36:48.5889680Z   - waiting for locator("body > div > butt...
2026-01-18T23:36:48.5890052Z     🔧 [AUTO-HEAL] Re-mining page to find 'Add Customer'...
2026-01-18T23:36:48.5890360Z [CACHE HIT] 3069d42c... (hits: 2, misses: 2)
2026-01-18T23:36:48.5890743Z     ✨ AI successfully healed the step! Found 2 alternatives.
2026-01-18T23:36:48.5891231Z     ✨ AI successfully healed the step! New selector: body > div > button:nth-child(1)
2026-01-18T23:36:48.5891833Z     ❌ Attempt 3 failed (element_not_found): Locator.bounding_box: Timeout 30000ms exceeded.
2026-01-18T23:36:48.5892227Z Call log:
2026-01-18T23:36:48.5892415Z   - waiting for locator("body > div > butt...
2026-01-18T23:36:48.5892744Z     💀 Step step_2_ai_1 failed after all retries.
2026-01-18T23:36:48.5893187Z 🛑 Scenario 'Manager Login and Customer Creation' aborted due to step failure.
2026-01-18T23:36:48.5893480Z 
2026-01-18T23:36:48.5893601Z --- Scenario: Customer Deposit and Withdrawal ---
2026-01-18T23:36:48.5893924Z   ▶️ [STEP step_1] NAVIGATE: Step step_1
2026-01-18T23:36:48.5894206Z     ✅ Step step_1 Passed.
2026-01-18T23:36:48.5894466Z   ▶️ [STEP step_2] CLICK: Customer Login
2026-01-18T23:36:48.5894821Z     🎯 Using mined locator: role=button[name='Customer Login']
2026-01-18T23:36:48.5895172Z     ✅ Step step_2 Passed.
2026-01-18T23:36:48.5895428Z   ▶️ [STEP step_2_ai_1] FILL: select user
2026-01-18T23:36:48.5895722Z     🎯 Using mined locator: #userSelect
2026-01-18T23:36:48.5895998Z     ✅ Step step_2_ai_1 Passed.
2026-01-18T23:36:48.5896253Z   ▶️ [STEP step_2_ai_2] CLICK: Login
2026-01-18T23:36:48.5896538Z     🎯 Using mined locator: button
2026-01-18T23:36:48.5896804Z     ✅ Step step_2_ai_2 Passed.
2026-01-18T23:36:48.5897059Z   ▶️ [STEP step_2_ai_3] CLICK: Home
2026-01-18T23:36:48.5897323Z     🎯 Using mined locator: button
2026-01-18T23:36:48.5897584Z     ✅ Step step_2_ai_3 Passed.
2026-01-18T23:36:48.5897867Z   ▶️ [STEP step_2_ai_4] CLICK: Bank Manager Login
2026-01-18T23:36:48.5898252Z     🎯 Using mined locator: role=button[name='Bank Manager Login']
2026-01-18T23:36:48.5898849Z     ✅ Step step_2_ai_4 Passed.
2026-01-18T23:36:48.5899136Z   ▶️ [STEP step_2_ai_5] CLICK: Add Customer
2026-01-18T23:36:48.5899488Z     🎯 Using mined locator: role=button[name='Add Customer']
2026-01-18T23:36:48.5900000Z     ✅ Step step_2_ai_5 Passed.
2026-01-18T23:36:48.5900260Z   ▶️ [STEP step_2_ai_6] FILL: First Name
2026-01-18T23:36:48.5900608Z     🎯 Using mined locator: input[placeholder='First Name']
2026-01-18T23:36:48.5900936Z     ✅ Step step_2_ai_6 Passed.
2026-01-18T23:36:48.5901312Z   ▶️ [STEP step_2_ai_7] FILL: Last Name
2026-01-18T23:36:48.5901656Z     🎯 Using mined locator: input[placeholder='Last Name']
2026-01-18T23:36:48.5901982Z     ✅ Step step_2_ai_7 Passed.
2026-01-18T23:36:48.5902247Z   ▶️ [STEP step_2_ai_8] FILL: Post Code
2026-01-18T23:36:48.5902612Z     🎯 Using mined locator: role=textbox[name='Post Code']
2026-01-18T23:36:48.5902948Z     ✅ Step step_2_ai_8 Passed.
2026-01-18T23:36:48.5903222Z   ▶️ [STEP step_2_ai_9] CLICK: Add Customer
2026-01-18T23:36:48.5903583Z     🎯 Using mined locator: role=button[name='Add Customer']
2026-01-18T23:36:48.5903916Z     ✅ Step step_2_ai_9 Passed.
2026-01-18T23:36:48.5904171Z   ▶️ [STEP step_4] CLICK: Login
2026-01-18T23:36:48.5904553Z     ⚠️ Mined locators not found on page. Falling back to semantic search.
2026-01-18T23:36:48.5905120Z     ❌ Attempt 1 failed (element_not_found): Locator.bounding_box: Timeout 30000ms exceeded.
2026-01-18T23:36:48.5905521Z Call log:
2026-01-18T23:36:48.5905713Z   - waiting for locator("text=Login")
2026-01-18T23:36:48.5905946Z ...
2026-01-18T23:36:48.5906196Z     🔧 [AUTO-HEAL] Re-mining page to find 'Login'...
2026-01-18T23:36:48.5906498Z [CACHE HIT] edf8333c... (hits: 3, misses: 2)
2026-01-18T23:36:48.5906861Z     ✨ AI successfully healed the step! Found 2 alternatives.
2026-01-18T23:36:48.5907330Z     ✨ AI successfully healed the step! New selector: input[value='Add Customer']
2026-01-18T23:36:48.5907914Z     ❌ Attempt 2 failed (element_not_found): Locator.bounding_box: Timeout 30000ms exceeded.
2026-01-18T23:36:48.5908305Z Call log:
2026-01-18T23:36:48.5908671Z   - waiting for locator("input[value='Add ...
2026-01-18T23:36:48.5909039Z     🔧 [AUTO-HEAL] Re-mining page to find 'Login'...
2026-01-18T23:36:48.5909346Z [CACHE HIT] edf8333c... (hits: 4, misses: 2)
2026-01-18T23:36:48.5909705Z     ✨ AI successfully healed the step! Found 2 alternatives.
2026-01-18T23:36:48.5910173Z     ✨ AI successfully healed the step! New selector: input[value='Add Customer']
2026-01-18T23:36:48.5910760Z     ❌ Attempt 3 failed (element_not_found): Locator.bounding_box: Timeout 30000ms exceeded.
2026-01-18T23:36:48.5911146Z Call log:
2026-01-18T23:36:48.5911343Z   - waiting for locator("input[value='Add ...
2026-01-18T23:36:48.5911657Z     💀 Step step_4 failed after all retries.
2026-01-18T23:36:48.5912074Z 🛑 Scenario 'Customer Deposit and Withdrawal' aborted due to step failure.
2026-01-18T23:36:48.5912358Z 
2026-01-18T23:36:48.5912457Z ============================================================
2026-01-18T23:36:48.5912743Z 🎯 EXECUTION SUMMARY
2026-01-18T23:36:48.5912954Z ============================================================
2026-01-18T23:36:48.5913132Z 
2026-01-18T23:36:48.5913250Z 📋 Scenario Overview:
2026-01-18T23:36:48.5913505Z    • Total Scenarios Planned: 3
2026-01-18T23:36:48.5913760Z    • Scenarios Executed: 3
2026-01-18T23:36:48.5914012Z    • Total Steps Executed: 27
2026-01-18T23:36:48.5914161Z 
2026-01-18T23:36:48.5914245Z ✅ Results:
2026-01-18T23:36:48.5914438Z    ❌ Failed: 3 (100%)
2026-01-18T23:36:48.5914563Z 
2026-01-18T23:36:48.5914673Z ⚠️  Failed Scenarios:
2026-01-18T23:36:48.5914908Z    • Customer Login and Account Summary
2026-01-18T23:36:48.5915202Z    • Manager Login and Customer Creation
2026-01-18T23:36:48.5915494Z    • Customer Deposit and Withdrawal
2026-01-18T23:36:48.5915657Z 
2026-01-18T23:36:48.5915753Z ============================================================
2026-01-18T23:36:48.5915933Z 
2026-01-18T23:36:48.5916410Z 🏁 Execution Finished. Report: /home/runner/work/build_qa_automation/build_qa_automation/projects/ci_globalsqa_bank/execution.json
2026-01-18T23:36:48.6978281Z 
2026-01-18T23:36:48.6979426Z [PHASE] Running Phase: DISCOVERY
2026-01-18T23:36:48.6981898Z    Command: /opt/hostedtoolcache/Python/3.11.14/x64/bin/python /home/runner/work/build_qa_automation/build_qa_automation/core/agents/discovery.py --project /home/runner/work/build_qa_automation/build_qa_automation/projects/ci_globalsqa_bank --url https://www.globalsqa.com/angularJs-protractor/BankingProject/ --deep
2026-01-18T23:36:48.6983629Z ✅ Phase 'discovery' completed successfully.
2026-01-18T23:36:48.6983870Z 
2026-01-18T23:36:48.6983965Z [PHASE] Running Phase: PLANNING
2026-01-18T23:36:48.6985295Z    Command: /opt/hostedtoolcache/Python/3.11.14/x64/bin/python /home/runner/work/build_qa_automation/build_qa_automation/core/agents/planner.py --project /home/runner/work/build_qa_automation/build_qa_automation/projects/ci_globalsqa_bank --goal Customer and manager banking flows --url https://www.globalsqa.com/angularJs-protractor/BankingProject/ --deep
2026-01-18T23:36:48.6986700Z ✅ Phase 'planning' completed successfully.
2026-01-18T23:36:48.6986897Z 
2026-01-18T23:36:48.6986988Z [PHASE] Running Phase: EXPLORATION
2026-01-18T23:36:48.6987915Z    Command: /opt/hostedtoolcache/Python/3.11.14/x64/bin/python /home/runner/work/build_qa_automation/build_qa_automation/core/agents/deep_explorer.py --project /home/runner/work/build_qa_automation/build_qa_automation/projects/ci_globalsqa_bank
2026-01-18T23:36:48.6989209Z ✅ Phase 'exploration' completed successfully.
2026-01-18T23:36:48.6989585Z 📊 Exploration Discovery Success Rate: 98.4%
2026-01-18T23:36:48.6989778Z 
2026-01-18T23:36:48.6989869Z [PHASE] Running Phase: EXECUTION
2026-01-18T23:36:48.6990780Z    Command: /opt/hostedtoolcache/Python/3.11.14/x64/bin/python /home/runner/work/build_qa_automation/build_qa_automation/core/agents/executor.py --project /home/runner/work/build_qa_automation/build_qa_automation/projects/ci_globalsqa_bank
2026-01-18T23:36:48.6991765Z ✅ Phase 'execution' completed successfully.
2026-01-18T23:36:48.6991953Z 
2026-01-18T23:36:48.6992060Z [DONE] Pipeline Execution Finished! [DONE]
2026-01-18T23:36:48.8022583Z ##[group]Run RESULT_FILE="projects/ci_globalsqa_bank/execution.json"
2026-01-18T23:36:48.8023131Z [36;1mRESULT_FILE="projects/ci_globalsqa_bank/execution.json"[0m
2026-01-18T23:36:48.8023484Z [36;1mif [ -f "$RESULT_FILE" ]; then[0m
2026-01-18T23:36:48.8023810Z [36;1m  echo "✅ Results generated successfully: $RESULT_FILE"[0m
2026-01-18T23:36:48.8024271Z [36;1m  cat "$RESULT_FILE" | jq '.scenarios | length' || echo "Result file exists"[0m
2026-01-18T23:36:48.8024636Z [36;1melse[0m
2026-01-18T23:36:48.8024867Z [36;1m  echo "❌ No result file found at $RESULT_FILE"[0m
2026-01-18T23:36:48.8025148Z [36;1m  exit 1[0m
2026-01-18T23:36:48.8025321Z [36;1mfi[0m
2026-01-18T23:36:48.8057228Z shell: /usr/bin/bash -e {0}
2026-01-18T23:36:48.8057466Z env:
2026-01-18T23:36:48.8057725Z   pythonLocation: /opt/hostedtoolcache/Python/3.11.14/x64
2026-01-18T23:36:48.8058170Z   PKG_CONFIG_PATH: /opt/hostedtoolcache/Python/3.11.14/x64/lib/pkgconfig
2026-01-18T23:36:48.8058867Z   Python_ROOT_DIR: /opt/hostedtoolcache/Python/3.11.14/x64
2026-01-18T23:36:48.8059274Z   Python2_ROOT_DIR: /opt/hostedtoolcache/Python/3.11.14/x64
2026-01-18T23:36:48.8059646Z   Python3_ROOT_DIR: /opt/hostedtoolcache/Python/3.11.14/x64
2026-01-18T23:36:48.8060026Z   LD_LIBRARY_PATH: /opt/hostedtoolcache/Python/3.11.14/x64/lib
2026-01-18T23:36:48.8060330Z ##[endgroup]
2026-01-18T23:36:48.8114999Z ✅ Results generated successfully: projects/ci_globalsqa_bank/execution.json
2026-01-18T23:36:48.8141223Z 3
2026-01-18T23:36:48.8395973Z ##[group]Run actions/upload-artifact@v4
2026-01-18T23:36:48.8396266Z with:
2026-01-18T23:36:48.8396488Z   name: globalsqa_bank-execution-results
2026-01-18T23:36:48.8396937Z   path: projects/ci_globalsqa_bank/execution.json
projects/ci_globalsqa_bank/workflow.json

2026-01-18T23:36:48.8397374Z   retention-days: 30
2026-01-18T23:36:48.8397587Z   if-no-files-found: warn
2026-01-18T23:36:48.8397810Z   compression-level: 6
2026-01-18T23:36:48.8398005Z   overwrite: false
2026-01-18T23:36:48.8398200Z   include-hidden-files: false
2026-01-18T23:36:48.8398923Z env:
2026-01-18T23:36:48.8399196Z   pythonLocation: /opt/hostedtoolcache/Python/3.11.14/x64
2026-01-18T23:36:48.8399611Z   PKG_CONFIG_PATH: /opt/hostedtoolcache/Python/3.11.14/x64/lib/pkgconfig
2026-01-18T23:36:48.8400018Z   Python_ROOT_DIR: /opt/hostedtoolcache/Python/3.11.14/x64
2026-01-18T23:36:48.8400380Z   Python2_ROOT_DIR: /opt/hostedtoolcache/Python/3.11.14/x64
2026-01-18T23:36:48.8400770Z   Python3_ROOT_DIR: /opt/hostedtoolcache/Python/3.11.14/x64
2026-01-18T23:36:48.8401139Z   LD_LIBRARY_PATH: /opt/hostedtoolcache/Python/3.11.14/x64/lib
2026-01-18T23:36:48.8401443Z ##[endgroup]
2026-01-18T23:36:49.0580343Z Multiple search paths detected. Calculating the least common ancestor of all paths
2026-01-18T23:36:49.0584140Z The least common ancestor is /home/runner/work/build_qa_automation/build_qa_automation/projects/ci_globalsqa_bank. This will be the root directory of the artifact
2026-01-18T23:36:49.0585651Z With the provided path, there will be 2 files uploaded
2026-01-18T23:36:49.0591832Z Artifact name is valid!
2026-01-18T23:36:49.0593250Z Root directory input is valid!
2026-01-18T23:36:49.2744353Z Beginning upload of artifact content to blob storage
2026-01-18T23:36:49.5556019Z Uploaded bytes 2807
2026-01-18T23:36:49.6281220Z Finished uploading artifact content to blob storage!
2026-01-18T23:36:49.6284031Z SHA256 digest of uploaded artifact zip is 573b637660a8e44c59f014f373aa0543e06d0b63dcc77fd749404137645d95d1
2026-01-18T23:36:49.6287140Z Finalizing artifact upload
2026-01-18T23:36:49.7467840Z Artifact globalsqa_bank-execution-results.zip successfully finalized. Artifact ID 5170993275
2026-01-18T23:36:49.7469242Z Artifact globalsqa_bank-execution-results has been successfully uploaded! Final size is 2807 bytes. Artifact ID is 5170993275
2026-01-18T23:36:49.7475616Z Artifact download URL: https://github.com/vishvasmca-cmd/build_qa_automation/actions/runs/21120211878/artifacts/5170993275
2026-01-18T23:36:49.7781921Z Post job cleanup.
2026-01-18T23:36:49.9297465Z Cache hit occurred on the primary key setup-python-Linux-x64-24.04-Ubuntu-python-3.11.14-pip-dde08d0e0b672972dcda9f1a063036a2e0c226f5d0a20362e9401931676d80a4, not saving cache.
2026-01-18T23:36:49.9704040Z Post job cleanup.
2026-01-18T23:36:50.0641048Z [command]/usr/bin/git version
2026-01-18T23:36:50.0677894Z git version 2.52.0
2026-01-18T23:36:50.0719800Z Temporarily overriding HOME='/home/runner/work/_temp/65ed4682-856d-4392-b8bc-403df06b739c' before making global git config changes
2026-01-18T23:36:50.0721124Z Adding repository directory to the temporary git global config as a safe directory
2026-01-18T23:36:50.0734140Z [command]/usr/bin/git config --global --add safe.directory /home/runner/work/build_qa_automation/build_qa_automation
2026-01-18T23:36:50.0773844Z [command]/usr/bin/git config --local --name-only --get-regexp core\.sshCommand
2026-01-18T23:36:50.0807938Z [command]/usr/bin/git submodule foreach --recursive sh -c "git config --local --name-only --get-regexp 'core\.sshCommand' && git config --local --unset-all 'core.sshCommand' || :"
2026-01-18T23:36:50.1061605Z [command]/usr/bin/git config --local --name-only --get-regexp http\.https\:\/\/github\.com\/\.extraheader
2026-01-18T23:36:50.1084640Z http.https://github.com/.extraheader
2026-01-18T23:36:50.1101056Z [command]/usr/bin/git config --local --unset-all http.https://github.com/.extraheader
2026-01-18T23:36:50.1135969Z [command]/usr/bin/git submodule foreach --recursive sh -c "git config --local --name-only --get-regexp 'http\.https\:\/\/github\.com\/\.extraheader' && git config --local --unset-all 'http.https://github.com/.extraheader' || :"
2026-01-18T23:36:50.1382638Z [command]/usr/bin/git config --local --name-only --get-regexp ^includeIf\.gitdir:
2026-01-18T23:36:50.1414531Z [command]/usr/bin/git submodule foreach --recursive git config --local --show-origin --name-only --get-regexp remote.origin.url
2026-01-18T23:36:50.1741701Z Cleaning up orphan processes
