2026-01-20T00:06:42.5712613Z Current runner version: '2.331.0'
2026-01-20T00:06:42.5736360Z ##[group]Runner Image Provisioner
2026-01-20T00:06:42.5737212Z Hosted Compute Agent
2026-01-20T00:06:42.5737790Z Version: 20251211.462
2026-01-20T00:06:42.5738350Z Commit: 6cbad8c2bb55d58165063d031ccabf57e2d2db61
2026-01-20T00:06:42.5739068Z Build Date: 2025-12-11T16:28:49Z
2026-01-20T00:06:42.5739721Z Worker ID: {984b3385-669d-4057-bde3-ff9edd68e7b4}
2026-01-20T00:06:42.5740373Z ##[endgroup]
2026-01-20T00:06:42.5740921Z ##[group]Operating System
2026-01-20T00:06:42.5741479Z Ubuntu
2026-01-20T00:06:42.5741890Z 24.04.3
2026-01-20T00:06:42.5742364Z LTS
2026-01-20T00:06:42.5742796Z ##[endgroup]
2026-01-20T00:06:42.5743476Z ##[group]Runner Image
2026-01-20T00:06:42.5744052Z Image: ubuntu-24.04
2026-01-20T00:06:42.5744527Z Version: 20260111.209.1
2026-01-20T00:06:42.5745515Z Included Software: https://github.com/actions/runner-images/blob/ubuntu24/20260111.209/images/ubuntu/Ubuntu2404-Readme.md
2026-01-20T00:06:42.5747100Z Image Release: https://github.com/actions/runner-images/releases/tag/ubuntu24%2F20260111.209
2026-01-20T00:06:42.5748073Z ##[endgroup]
2026-01-20T00:06:42.5749176Z ##[group]GITHUB_TOKEN Permissions
2026-01-20T00:06:42.5750927Z Contents: read
2026-01-20T00:06:42.5751405Z Metadata: read
2026-01-20T00:06:42.5752036Z Packages: read
2026-01-20T00:06:42.5752488Z ##[endgroup]
2026-01-20T00:06:42.5755133Z Secret source: Actions
2026-01-20T00:06:42.5755936Z Prepare workflow directory
2026-01-20T00:06:42.6074358Z Prepare all required actions
2026-01-20T00:06:42.6125941Z Getting action download info
2026-01-20T00:06:43.0857847Z Download action repository 'actions/checkout@v4' (SHA:34e114876b0b11c390a56381ad16ebd13914f8d5)
2026-01-20T00:06:43.3169805Z Download action repository 'actions/setup-python@v5' (SHA:a26af69be951a213d495a4c3e4e4022e16d87065)
2026-01-20T00:06:43.5978456Z Download action repository 'actions/upload-artifact@v4' (SHA:ea165f8d65b6e75b540449e92b4886f43607fa02)
2026-01-20T00:06:43.9404992Z Complete job name: test-websites-deep (automation_practice, http://www.automationpractice.pl/, Practice automation s...
2026-01-20T00:06:44.0154022Z ##[group]Run actions/checkout@v4
2026-01-20T00:06:44.0155144Z with:
2026-01-20T00:06:44.0155796Z   repository: vishvasmca-cmd/build_qa_automation
2026-01-20T00:06:44.0156716Z   token: ***
2026-01-20T00:06:44.0157287Z   ssh-strict: true
2026-01-20T00:06:44.0157862Z   ssh-user: git
2026-01-20T00:06:44.0158446Z   persist-credentials: true
2026-01-20T00:06:44.0159088Z   clean: true
2026-01-20T00:06:44.0159667Z   sparse-checkout-cone-mode: true
2026-01-20T00:06:44.0160356Z   fetch-depth: 1
2026-01-20T00:06:44.0160917Z   fetch-tags: false
2026-01-20T00:06:44.0161504Z   show-progress: true
2026-01-20T00:06:44.0162102Z   lfs: false
2026-01-20T00:06:44.0162658Z   submodules: false
2026-01-20T00:06:44.0163504Z   set-safe-directory: true
2026-01-20T00:06:44.0164392Z ##[endgroup]
2026-01-20T00:06:44.1248253Z Syncing repository: vishvasmca-cmd/build_qa_automation
2026-01-20T00:06:44.1250395Z ##[group]Getting Git version info
2026-01-20T00:06:44.1251510Z Working directory is '/home/runner/work/build_qa_automation/build_qa_automation'
2026-01-20T00:06:44.1253101Z [command]/usr/bin/git version
2026-01-20T00:06:44.6018348Z git version 2.52.0
2026-01-20T00:06:44.6045893Z ##[endgroup]
2026-01-20T00:06:44.6063908Z Temporarily overriding HOME='/home/runner/work/_temp/16aef585-2eef-40eb-8ddb-21b5471c79b2' before making global git config changes
2026-01-20T00:06:44.6067590Z Adding repository directory to the temporary git global config as a safe directory
2026-01-20T00:06:44.6079577Z [command]/usr/bin/git config --global --add safe.directory /home/runner/work/build_qa_automation/build_qa_automation
2026-01-20T00:06:44.6175382Z Deleting the contents of '/home/runner/work/build_qa_automation/build_qa_automation'
2026-01-20T00:06:44.6179126Z ##[group]Initializing the repository
2026-01-20T00:06:44.6185505Z [command]/usr/bin/git init /home/runner/work/build_qa_automation/build_qa_automation
2026-01-20T00:06:44.7299316Z hint: Using 'master' as the name for the initial branch. This default branch name
2026-01-20T00:06:44.7302068Z hint: will change to "main" in Git 3.0. To configure the initial branch name
2026-01-20T00:06:44.7304307Z hint: to use in all of your new repositories, which will suppress this warning,
2026-01-20T00:06:44.7305745Z hint: call:
2026-01-20T00:06:44.7306241Z hint:
2026-01-20T00:06:44.7306991Z hint: 	git config --global init.defaultBranch <name>
2026-01-20T00:06:44.7308080Z hint:
2026-01-20T00:06:44.7309061Z hint: Names commonly chosen instead of 'master' are 'main', 'trunk' and
2026-01-20T00:06:44.7311040Z hint: 'development'. The just-created branch can be renamed via this command:
2026-01-20T00:06:44.7312539Z hint:
2026-01-20T00:06:44.7313173Z hint: 	git branch -m <name>
2026-01-20T00:06:44.7313838Z hint:
2026-01-20T00:06:44.7314858Z hint: Disable this message with "git config set advice.defaultBranchName false"
2026-01-20T00:06:44.7791772Z Initialized empty Git repository in /home/runner/work/build_qa_automation/build_qa_automation/.git/
2026-01-20T00:06:44.7804484Z [command]/usr/bin/git remote add origin https://github.com/vishvasmca-cmd/build_qa_automation
2026-01-20T00:06:44.7889803Z ##[endgroup]
2026-01-20T00:06:44.7890943Z ##[group]Disabling automatic garbage collection
2026-01-20T00:06:44.7893642Z [command]/usr/bin/git config --local gc.auto 0
2026-01-20T00:06:44.7923283Z ##[endgroup]
2026-01-20T00:06:44.7924216Z ##[group]Setting up auth
2026-01-20T00:06:44.7930358Z [command]/usr/bin/git config --local --name-only --get-regexp core\.sshCommand
2026-01-20T00:06:44.7965151Z [command]/usr/bin/git submodule foreach --recursive sh -c "git config --local --name-only --get-regexp 'core\.sshCommand' && git config --local --unset-all 'core.sshCommand' || :"
2026-01-20T00:06:45.2168791Z [command]/usr/bin/git config --local --name-only --get-regexp http\.https\:\/\/github\.com\/\.extraheader
2026-01-20T00:06:45.2204642Z [command]/usr/bin/git submodule foreach --recursive sh -c "git config --local --name-only --get-regexp 'http\.https\:\/\/github\.com\/\.extraheader' && git config --local --unset-all 'http.https://github.com/.extraheader' || :"
2026-01-20T00:06:45.2425160Z [command]/usr/bin/git config --local --name-only --get-regexp ^includeIf\.gitdir:
2026-01-20T00:06:45.2456215Z [command]/usr/bin/git submodule foreach --recursive git config --local --show-origin --name-only --get-regexp remote.origin.url
2026-01-20T00:06:45.2687491Z [command]/usr/bin/git config --local http.https://github.com/.extraheader AUTHORIZATION: basic ***
2026-01-20T00:06:45.2721482Z ##[endgroup]
2026-01-20T00:06:45.2723705Z ##[group]Fetching the repository
2026-01-20T00:06:45.2733298Z [command]/usr/bin/git -c protocol.version=2 fetch --no-tags --prune --no-recurse-submodules --depth=1 origin +d25504decfc404871c7c3bd5ac186d61498b2813:refs/remotes/origin/main
2026-01-20T00:06:46.9305410Z From https://github.com/vishvasmca-cmd/build_qa_automation
2026-01-20T00:06:46.9754003Z  * [new ref]         d25504decfc404871c7c3bd5ac186d61498b2813 -> origin/main
2026-01-20T00:06:46.9755781Z ##[endgroup]
2026-01-20T00:06:46.9756671Z ##[group]Determining the checkout info
2026-01-20T00:06:46.9757486Z ##[endgroup]
2026-01-20T00:06:46.9762221Z [command]/usr/bin/git sparse-checkout disable
2026-01-20T00:06:46.9858933Z [command]/usr/bin/git config --local --unset-all extensions.worktreeConfig
2026-01-20T00:06:46.9886965Z ##[group]Checking out the ref
2026-01-20T00:06:46.9891541Z [command]/usr/bin/git checkout --progress --force -B main refs/remotes/origin/main
2026-01-20T00:06:47.1610330Z Switched to a new branch 'main'
2026-01-20T00:06:47.1611185Z branch 'main' set up to track 'origin/main'.
2026-01-20T00:06:47.1633858Z ##[endgroup]
2026-01-20T00:06:47.1677153Z [command]/usr/bin/git log -1 --format=%H
2026-01-20T00:06:47.1701894Z d25504decfc404871c7c3bd5ac186d61498b2813
2026-01-20T00:06:47.1950788Z ##[group]Run actions/setup-python@v5
2026-01-20T00:06:47.1951121Z with:
2026-01-20T00:06:47.1951298Z   python-version: 3.11
2026-01-20T00:06:47.1951510Z   cache: pip
2026-01-20T00:06:47.1951888Z   check-latest: false
2026-01-20T00:06:47.1952289Z   token: ***
2026-01-20T00:06:47.1952483Z   update-environment: true
2026-01-20T00:06:47.1952708Z   allow-prereleases: false
2026-01-20T00:06:47.1953092Z   freethreaded: false
2026-01-20T00:06:47.1953288Z ##[endgroup]
2026-01-20T00:06:47.3696759Z ##[group]Installed versions
2026-01-20T00:06:47.5912383Z Successfully set up CPython (3.11.14)
2026-01-20T00:06:47.5913406Z ##[endgroup]
2026-01-20T00:06:47.7339782Z [command]/opt/hostedtoolcache/Python/3.11.14/x64/bin/pip cache dir
2026-01-20T00:06:52.0060557Z /home/runner/.cache/pip
2026-01-20T00:06:52.3918426Z Cache hit for: setup-python-Linux-x64-24.04-Ubuntu-python-3.11.14-pip-dde08d0e0b672972dcda9f1a063036a2e0c226f5d0a20362e9401931676d80a4
2026-01-20T00:06:53.6617553Z Received 4194304 of 254742636 (1.6%), 4.0 MBs/sec
2026-01-20T00:06:54.6623639Z Received 134217728 of 254742636 (52.7%), 63.9 MBs/sec
2026-01-20T00:06:55.6624433Z Received 250548332 of 254742636 (98.4%), 79.5 MBs/sec
2026-01-20T00:06:55.7572002Z Received 254742636 of 254742636 (100.0%), 78.4 MBs/sec
2026-01-20T00:06:55.7573990Z Cache Size: ~243 MB (254742636 B)
2026-01-20T00:06:55.7641876Z [command]/usr/bin/tar -xf /home/runner/work/_temp/f1797158-a2d0-4559-a6c3-0c1d1c75049b/cache.tzst -P -C /home/runner/work/build_qa_automation/build_qa_automation --use-compress-program unzstd
2026-01-20T00:06:56.1740141Z Cache restored successfully
2026-01-20T00:06:56.2251002Z Cache restored from key: setup-python-Linux-x64-24.04-Ubuntu-python-3.11.14-pip-dde08d0e0b672972dcda9f1a063036a2e0c226f5d0a20362e9401931676d80a4
2026-01-20T00:06:56.2488816Z ##[group]Run pip install -r requirements.txt
2026-01-20T00:06:56.2489227Z [36;1mpip install -r requirements.txt[0m
2026-01-20T00:06:56.2489533Z [36;1mplaywright install chromium[0m
2026-01-20T00:06:56.2528292Z shell: /usr/bin/bash -e {0}
2026-01-20T00:06:56.2528546Z env:
2026-01-20T00:06:56.2528816Z   pythonLocation: /opt/hostedtoolcache/Python/3.11.14/x64
2026-01-20T00:06:56.2529278Z   PKG_CONFIG_PATH: /opt/hostedtoolcache/Python/3.11.14/x64/lib/pkgconfig
2026-01-20T00:06:56.2529720Z   Python_ROOT_DIR: /opt/hostedtoolcache/Python/3.11.14/x64
2026-01-20T00:06:56.2530091Z   Python2_ROOT_DIR: /opt/hostedtoolcache/Python/3.11.14/x64
2026-01-20T00:06:56.2530450Z   Python3_ROOT_DIR: /opt/hostedtoolcache/Python/3.11.14/x64
2026-01-20T00:06:56.2530830Z   LD_LIBRARY_PATH: /opt/hostedtoolcache/Python/3.11.14/x64/lib
2026-01-20T00:06:56.2531135Z ##[endgroup]
2026-01-20T00:06:58.1214245Z Collecting playwright (from -r requirements.txt (line 1))
2026-01-20T00:06:58.1232374Z   Using cached playwright-1.57.0-py3-none-manylinux1_x86_64.whl.metadata (3.5 kB)
2026-01-20T00:06:58.1387779Z Collecting python-dotenv (from -r requirements.txt (line 2))
2026-01-20T00:06:58.1403709Z   Using cached python_dotenv-1.2.1-py3-none-any.whl.metadata (25 kB)
2026-01-20T00:06:58.1664462Z Collecting requests (from -r requirements.txt (line 3))
2026-01-20T00:06:58.1681140Z   Using cached requests-2.32.5-py3-none-any.whl.metadata (4.9 kB)
2026-01-20T00:06:58.3721939Z Collecting pillow (from -r requirements.txt (line 4))
2026-01-20T00:06:58.3747383Z   Using cached pillow-12.1.0-cp311-cp311-manylinux_2_27_x86_64.manylinux_2_28_x86_64.whl.metadata (8.8 kB)
2026-01-20T00:06:58.4007454Z Collecting google-genai>=0.3.0 (from -r requirements.txt (line 5))
2026-01-20T00:06:58.4022653Z   Using cached google_genai-1.59.0-py3-none-any.whl.metadata (53 kB)
2026-01-20T00:06:58.4166281Z Collecting termcolor (from -r requirements.txt (line 6))
2026-01-20T00:06:58.4181382Z   Using cached termcolor-3.3.0-py3-none-any.whl.metadata (6.5 kB)
2026-01-20T00:06:58.4586259Z Collecting PyYAML (from -r requirements.txt (line 7))
2026-01-20T00:06:58.4602765Z   Using cached pyyaml-6.0.3-cp311-cp311-manylinux2014_x86_64.manylinux_2_17_x86_64.manylinux_2_28_x86_64.whl.metadata (2.4 kB)
2026-01-20T00:06:58.5173572Z Collecting opencv-python-headless (from -r requirements.txt (line 8))
2026-01-20T00:06:58.5190779Z   Using cached opencv_python_headless-4.13.0.90-cp37-abi3-manylinux_2_28_x86_64.whl.metadata (19 kB)
2026-01-20T00:06:58.7197225Z Collecting numpy (from -r requirements.txt (line 9))
2026-01-20T00:06:58.7212540Z   Using cached numpy-2.4.1-cp311-cp311-manylinux_2_27_x86_64.manylinux_2_28_x86_64.whl.metadata (6.6 kB)
2026-01-20T00:06:58.8014905Z Collecting faker (from -r requirements.txt (line 10))
2026-01-20T00:06:58.8029759Z   Using cached faker-40.1.2-py3-none-any.whl.metadata (16 kB)
2026-01-20T00:06:58.8190439Z Collecting pyee<14,>=13 (from playwright->-r requirements.txt (line 1))
2026-01-20T00:06:58.8209780Z   Using cached pyee-13.0.0-py3-none-any.whl.metadata (2.9 kB)
2026-01-20T00:06:58.9400552Z Collecting greenlet<4.0.0,>=3.1.1 (from playwright->-r requirements.txt (line 1))
2026-01-20T00:06:58.9416579Z   Using cached greenlet-3.3.0-cp311-cp311-manylinux_2_24_x86_64.manylinux_2_28_x86_64.whl.metadata (4.1 kB)
2026-01-20T00:06:58.9625000Z Collecting typing-extensions (from pyee<14,>=13->playwright->-r requirements.txt (line 1))
2026-01-20T00:06:58.9638811Z   Using cached typing_extensions-4.15.0-py3-none-any.whl.metadata (3.3 kB)
2026-01-20T00:06:59.0435914Z Collecting charset_normalizer<4,>=2 (from requests->-r requirements.txt (line 3))
2026-01-20T00:06:59.0451804Z   Using cached charset_normalizer-3.4.4-cp311-cp311-manylinux2014_x86_64.manylinux_2_17_x86_64.manylinux_2_28_x86_64.whl.metadata (37 kB)
2026-01-20T00:06:59.0594000Z Collecting idna<4,>=2.5 (from requests->-r requirements.txt (line 3))
2026-01-20T00:06:59.0607572Z   Using cached idna-3.11-py3-none-any.whl.metadata (8.4 kB)
2026-01-20T00:06:59.0859374Z Collecting urllib3<3,>=1.21.1 (from requests->-r requirements.txt (line 3))
2026-01-20T00:06:59.0872198Z   Using cached urllib3-2.6.3-py3-none-any.whl.metadata (6.9 kB)
2026-01-20T00:06:59.1061394Z Collecting certifi>=2017.4.17 (from requests->-r requirements.txt (line 3))
2026-01-20T00:06:59.1074905Z   Using cached certifi-2026.1.4-py3-none-any.whl.metadata (2.5 kB)
2026-01-20T00:06:59.1263324Z Collecting anyio<5.0.0,>=4.8.0 (from google-genai>=0.3.0->-r requirements.txt (line 5))
2026-01-20T00:06:59.1276408Z   Using cached anyio-4.12.1-py3-none-any.whl.metadata (4.3 kB)
2026-01-20T00:06:59.1597598Z Collecting google-auth<3.0.0,>=2.47.0 (from google-auth[requests]<3.0.0,>=2.47.0->google-genai>=0.3.0->-r requirements.txt (line 5))
2026-01-20T00:06:59.1612341Z   Using cached google_auth-2.47.0-py3-none-any.whl.metadata (6.4 kB)
2026-01-20T00:06:59.1846271Z Collecting httpx<1.0.0,>=0.28.1 (from google-genai>=0.3.0->-r requirements.txt (line 5))
2026-01-20T00:06:59.1860507Z   Using cached httpx-0.28.1-py3-none-any.whl.metadata (7.1 kB)
2026-01-20T00:06:59.3331750Z Collecting pydantic<3.0.0,>=2.9.0 (from google-genai>=0.3.0->-r requirements.txt (line 5))
2026-01-20T00:06:59.3347299Z   Using cached pydantic-2.12.5-py3-none-any.whl.metadata (90 kB)
2026-01-20T00:06:59.3576453Z Collecting tenacity<9.2.0,>=8.2.3 (from google-genai>=0.3.0->-r requirements.txt (line 5))
2026-01-20T00:06:59.3590151Z   Using cached tenacity-9.1.2-py3-none-any.whl.metadata (1.2 kB)
2026-01-20T00:06:59.4444612Z Collecting websockets<15.1.0,>=13.0.0 (from google-genai>=0.3.0->-r requirements.txt (line 5))
2026-01-20T00:06:59.4460751Z   Using cached websockets-15.0.1-cp311-cp311-manylinux_2_5_x86_64.manylinux1_x86_64.manylinux_2_17_x86_64.manylinux2014_x86_64.whl.metadata (6.8 kB)
2026-01-20T00:06:59.4611020Z Collecting distro<2,>=1.7.0 (from google-genai>=0.3.0->-r requirements.txt (line 5))
2026-01-20T00:06:59.4625287Z   Using cached distro-1.9.0-py3-none-any.whl.metadata (6.8 kB)
2026-01-20T00:06:59.4704458Z Collecting sniffio (from google-genai>=0.3.0->-r requirements.txt (line 5))
2026-01-20T00:06:59.4718568Z   Using cached sniffio-1.3.1-py3-none-any.whl.metadata (3.9 kB)
2026-01-20T00:06:59.4985912Z Collecting pyasn1-modules>=0.2.1 (from google-auth<3.0.0,>=2.47.0->google-auth[requests]<3.0.0,>=2.47.0->google-genai>=0.3.0->-r requirements.txt (line 5))
2026-01-20T00:06:59.5002498Z   Using cached pyasn1_modules-0.4.2-py3-none-any.whl.metadata (3.5 kB)
2026-01-20T00:06:59.5139739Z Collecting rsa<5,>=3.1.4 (from google-auth<3.0.0,>=2.47.0->google-auth[requests]<3.0.0,>=2.47.0->google-genai>=0.3.0->-r requirements.txt (line 5))
2026-01-20T00:06:59.5155093Z   Using cached rsa-4.9.1-py3-none-any.whl.metadata (5.6 kB)
2026-01-20T00:06:59.5420067Z Collecting httpcore==1.* (from httpx<1.0.0,>=0.28.1->google-genai>=0.3.0->-r requirements.txt (line 5))
2026-01-20T00:06:59.5435699Z   Using cached httpcore-1.0.9-py3-none-any.whl.metadata (21 kB)
2026-01-20T00:06:59.5553738Z Collecting h11>=0.16 (from httpcore==1.*->httpx<1.0.0,>=0.28.1->google-genai>=0.3.0->-r requirements.txt (line 5))
2026-01-20T00:06:59.5568243Z   Using cached h11-0.16.0-py3-none-any.whl.metadata (8.3 kB)
2026-01-20T00:06:59.5665741Z Collecting annotated-types>=0.6.0 (from pydantic<3.0.0,>=2.9.0->google-genai>=0.3.0->-r requirements.txt (line 5))
2026-01-20T00:06:59.5680080Z   Using cached annotated_types-0.7.0-py3-none-any.whl.metadata (15 kB)
2026-01-20T00:07:00.2260736Z Collecting pydantic-core==2.41.5 (from pydantic<3.0.0,>=2.9.0->google-genai>=0.3.0->-r requirements.txt (line 5))
2026-01-20T00:07:00.2277549Z   Using cached pydantic_core-2.41.5-cp311-cp311-manylinux_2_17_x86_64.manylinux2014_x86_64.whl.metadata (7.3 kB)
2026-01-20T00:07:00.2390860Z Collecting typing-inspection>=0.4.2 (from pydantic<3.0.0,>=2.9.0->google-genai>=0.3.0->-r requirements.txt (line 5))
2026-01-20T00:07:00.2405148Z   Using cached typing_inspection-0.4.2-py3-none-any.whl.metadata (2.6 kB)
2026-01-20T00:07:00.3126733Z Collecting pyasn1>=0.1.3 (from rsa<5,>=3.1.4->google-auth<3.0.0,>=2.47.0->google-auth[requests]<3.0.0,>=2.47.0->google-genai>=0.3.0->-r requirements.txt (line 5))
2026-01-20T00:07:00.3143550Z   Using cached pyasn1-0.6.2-py3-none-any.whl.metadata (8.4 kB)
2026-01-20T00:07:00.3414343Z Using cached playwright-1.57.0-py3-none-manylinux1_x86_64.whl (46.0 MB)
2026-01-20T00:07:00.3752530Z Using cached greenlet-3.3.0-cp311-cp311-manylinux_2_24_x86_64.manylinux_2_28_x86_64.whl (590 kB)
2026-01-20T00:07:00.3771088Z Using cached pyee-13.0.0-py3-none-any.whl (15 kB)
2026-01-20T00:07:00.3785404Z Using cached python_dotenv-1.2.1-py3-none-any.whl (21 kB)
2026-01-20T00:07:00.3799227Z Using cached requests-2.32.5-py3-none-any.whl (64 kB)
2026-01-20T00:07:00.3813450Z Using cached charset_normalizer-3.4.4-cp311-cp311-manylinux2014_x86_64.manylinux_2_17_x86_64.manylinux_2_28_x86_64.whl (151 kB)
2026-01-20T00:07:00.3827285Z Using cached idna-3.11-py3-none-any.whl (71 kB)
2026-01-20T00:07:00.3840758Z Using cached urllib3-2.6.3-py3-none-any.whl (131 kB)
2026-01-20T00:07:00.3855054Z Using cached pillow-12.1.0-cp311-cp311-manylinux_2_27_x86_64.manylinux_2_28_x86_64.whl (7.0 MB)
2026-01-20T00:07:00.3917865Z Using cached google_genai-1.59.0-py3-none-any.whl (719 kB)
2026-01-20T00:07:00.3935908Z Using cached anyio-4.12.1-py3-none-any.whl (113 kB)
2026-01-20T00:07:00.3949707Z Using cached distro-1.9.0-py3-none-any.whl (20 kB)
2026-01-20T00:07:00.3962804Z Using cached google_auth-2.47.0-py3-none-any.whl (234 kB)
2026-01-20T00:07:00.3977607Z Using cached httpx-0.28.1-py3-none-any.whl (73 kB)
2026-01-20T00:07:00.3991002Z Using cached httpcore-1.0.9-py3-none-any.whl (78 kB)
2026-01-20T00:07:00.4004686Z Using cached pydantic-2.12.5-py3-none-any.whl (463 kB)
2026-01-20T00:07:00.4021121Z Using cached pydantic_core-2.41.5-cp311-cp311-manylinux_2_17_x86_64.manylinux2014_x86_64.whl (2.1 MB)
2026-01-20T00:07:00.4048073Z Using cached rsa-4.9.1-py3-none-any.whl (34 kB)
2026-01-20T00:07:00.4061128Z Using cached tenacity-9.1.2-py3-none-any.whl (28 kB)
2026-01-20T00:07:00.4074324Z Using cached typing_extensions-4.15.0-py3-none-any.whl (44 kB)
2026-01-20T00:07:00.4088702Z Using cached websockets-15.0.1-cp311-cp311-manylinux_2_5_x86_64.manylinux1_x86_64.manylinux_2_17_x86_64.manylinux2014_x86_64.whl (182 kB)
2026-01-20T00:07:00.4102400Z Using cached termcolor-3.3.0-py3-none-any.whl (7.7 kB)
2026-01-20T00:07:00.4116175Z Using cached pyyaml-6.0.3-cp311-cp311-manylinux2014_x86_64.manylinux_2_17_x86_64.manylinux_2_28_x86_64.whl (806 kB)
2026-01-20T00:07:00.4135696Z Using cached opencv_python_headless-4.13.0.90-cp37-abi3-manylinux_2_28_x86_64.whl (62.5 MB)
2026-01-20T00:07:00.4593891Z Using cached numpy-2.4.1-cp311-cp311-manylinux_2_27_x86_64.manylinux_2_28_x86_64.whl (16.7 MB)
2026-01-20T00:07:00.4728910Z Using cached faker-40.1.2-py3-none-any.whl (2.0 MB)
2026-01-20T00:07:00.4758640Z Using cached annotated_types-0.7.0-py3-none-any.whl (13 kB)
2026-01-20T00:07:00.4773659Z Using cached certifi-2026.1.4-py3-none-any.whl (152 kB)
2026-01-20T00:07:00.4789138Z Using cached h11-0.16.0-py3-none-any.whl (37 kB)
2026-01-20T00:07:00.4803468Z Using cached pyasn1-0.6.2-py3-none-any.whl (83 kB)
2026-01-20T00:07:00.4818068Z Using cached pyasn1_modules-0.4.2-py3-none-any.whl (181 kB)
2026-01-20T00:07:00.4833194Z Using cached typing_inspection-0.4.2-py3-none-any.whl (14 kB)
2026-01-20T00:07:00.4846954Z Using cached sniffio-1.3.1-py3-none-any.whl (10 kB)
2026-01-20T00:07:00.7879042Z Installing collected packages: websockets, urllib3, typing-extensions, termcolor, tenacity, sniffio, PyYAML, python-dotenv, pyasn1, pillow, numpy, idna, h11, greenlet, faker, distro, charset_normalizer, certifi, annotated-types, typing-inspection, rsa, requests, pyee, pydantic-core, pyasn1-modules, opencv-python-headless, httpcore, anyio, pydantic, playwright, httpx, google-auth, google-genai
2026-01-20T00:07:07.8296488Z 
2026-01-20T00:07:07.8319848Z Successfully installed PyYAML-6.0.3 annotated-types-0.7.0 anyio-4.12.1 certifi-2026.1.4 charset_normalizer-3.4.4 distro-1.9.0 faker-40.1.2 google-auth-2.47.0 google-genai-1.59.0 greenlet-3.3.0 h11-0.16.0 httpcore-1.0.9 httpx-0.28.1 idna-3.11 numpy-2.4.1 opencv-python-headless-4.13.0.90 pillow-12.1.0 playwright-1.57.0 pyasn1-0.6.2 pyasn1-modules-0.4.2 pydantic-2.12.5 pydantic-core-2.41.5 pyee-13.0.0 python-dotenv-1.2.1 requests-2.32.5 rsa-4.9.1 sniffio-1.3.1 tenacity-9.1.2 termcolor-3.3.0 typing-extensions-4.15.0 typing-inspection-0.4.2 urllib3-2.6.3 websockets-15.0.1
2026-01-20T00:07:08.5826932Z Downloading Chromium 143.0.7499.4 (playwright build v1200) from https://cdn.playwright.dev/dbazure/download/playwright/builds/chromium/1200/chromium-linux.zip
2026-01-20T00:07:08.6820063Z (node:2185) [DEP0169] DeprecationWarning: `url.parse()` behavior is not standardized and prone to errors that have security implications. Use the WHATWG URL API instead. CVEs are not issued for `url.parse()` vulnerabilities.
2026-01-20T00:07:08.6821939Z (Use `node --trace-deprecation ...` to show where the warning was created)
2026-01-20T00:07:08.8066850Z |                                                                                |   0% of 164.7 MiB
2026-01-20T00:07:09.0251862Z |■■■■■■■■                                                                        |  10% of 164.7 MiB
2026-01-20T00:07:09.2209682Z |■■■■■■■■■■■■■■■■                                                                |  20% of 164.7 MiB
2026-01-20T00:07:09.3620289Z |■■■■■■■■■■■■■■■■■■■■■■■■                                                        |  30% of 164.7 MiB
2026-01-20T00:07:09.5075343Z |■■■■■■■■■■■■■■■■■■■■■■■■■■■■■■■■                                                |  40% of 164.7 MiB
2026-01-20T00:07:09.6363505Z |■■■■■■■■■■■■■■■■■■■■■■■■■■■■■■■■■■■■■■■■                                        |  50% of 164.7 MiB
2026-01-20T00:07:09.8063639Z |■■■■■■■■■■■■■■■■■■■■■■■■■■■■■■■■■■■■■■■■■■■■■■■■                                |  60% of 164.7 MiB
2026-01-20T00:07:09.9672563Z |■■■■■■■■■■■■■■■■■■■■■■■■■■■■■■■■■■■■■■■■■■■■■■■■■■■■■■■■                        |  70% of 164.7 MiB
2026-01-20T00:07:10.1095133Z |■■■■■■■■■■■■■■■■■■■■■■■■■■■■■■■■■■■■■■■■■■■■■■■■■■■■■■■■■■■■■■■■                |  80% of 164.7 MiB
2026-01-20T00:07:10.2541222Z |■■■■■■■■■■■■■■■■■■■■■■■■■■■■■■■■■■■■■■■■■■■■■■■■■■■■■■■■■■■■■■■■■■■■■■■■        |  90% of 164.7 MiB
2026-01-20T00:07:10.4083826Z |■■■■■■■■■■■■■■■■■■■■■■■■■■■■■■■■■■■■■■■■■■■■■■■■■■■■■■■■■■■■■■■■■■■■■■■■■■■■■■■■| 100% of 164.7 MiB
2026-01-20T00:07:12.8294775Z Chromium 143.0.7499.4 (playwright build v1200) downloaded to /home/runner/.cache/ms-playwright/chromium-1200
2026-01-20T00:07:12.8298092Z Downloading FFMPEG playwright build v1011 from https://cdn.playwright.dev/dbazure/download/playwright/builds/ffmpeg/1011/ffmpeg-linux.zip
2026-01-20T00:07:12.9284194Z (node:2198) [DEP0169] DeprecationWarning: `url.parse()` behavior is not standardized and prone to errors that have security implications. Use the WHATWG URL API instead. CVEs are not issued for `url.parse()` vulnerabilities.
2026-01-20T00:07:12.9286096Z (Use `node --trace-deprecation ...` to show where the warning was created)
2026-01-20T00:07:12.9646860Z |                                                                                |   0% of 2.3 MiB
2026-01-20T00:07:12.9690280Z |■■■■■■■■                                                                        |  10% of 2.3 MiB
2026-01-20T00:07:12.9711866Z |■■■■■■■■■■■■■■■■                                                                |  20% of 2.3 MiB
2026-01-20T00:07:12.9735407Z |■■■■■■■■■■■■■■■■■■■■■■■■                                                        |  30% of 2.3 MiB
2026-01-20T00:07:12.9751560Z |■■■■■■■■■■■■■■■■■■■■■■■■■■■■■■■■                                                |  40% of 2.3 MiB
2026-01-20T00:07:12.9778458Z |■■■■■■■■■■■■■■■■■■■■■■■■■■■■■■■■■■■■■■■■                                        |  50% of 2.3 MiB
2026-01-20T00:07:12.9789209Z |■■■■■■■■■■■■■■■■■■■■■■■■■■■■■■■■■■■■■■■■■■■■■■■■                                |  60% of 2.3 MiB
2026-01-20T00:07:12.9804685Z |■■■■■■■■■■■■■■■■■■■■■■■■■■■■■■■■■■■■■■■■■■■■■■■■■■■■■■■■                        |  70% of 2.3 MiB
2026-01-20T00:07:12.9823822Z |■■■■■■■■■■■■■■■■■■■■■■■■■■■■■■■■■■■■■■■■■■■■■■■■■■■■■■■■■■■■■■■■                |  80% of 2.3 MiB
2026-01-20T00:07:12.9840471Z |■■■■■■■■■■■■■■■■■■■■■■■■■■■■■■■■■■■■■■■■■■■■■■■■■■■■■■■■■■■■■■■■■■■■■■■■        |  90% of 2.3 MiB
2026-01-20T00:07:12.9851955Z |■■■■■■■■■■■■■■■■■■■■■■■■■■■■■■■■■■■■■■■■■■■■■■■■■■■■■■■■■■■■■■■■■■■■■■■■■■■■■■■■| 100% of 2.3 MiB
2026-01-20T00:07:13.0396918Z FFMPEG playwright build v1011 downloaded to /home/runner/.cache/ms-playwright/ffmpeg-1011
2026-01-20T00:07:13.0400133Z Downloading Chromium Headless Shell 143.0.7499.4 (playwright build v1200) from https://cdn.playwright.dev/dbazure/download/playwright/builds/chromium/1200/chromium-headless-shell-linux.zip
2026-01-20T00:07:13.1392499Z (node:2209) [DEP0169] DeprecationWarning: `url.parse()` behavior is not standardized and prone to errors that have security implications. Use the WHATWG URL API instead. CVEs are not issued for `url.parse()` vulnerabilities.
2026-01-20T00:07:13.1394362Z (Use `node --trace-deprecation ...` to show where the warning was created)
2026-01-20T00:07:13.2511695Z |                                                                                |   0% of 109.7 MiB
2026-01-20T00:07:13.4071264Z |■■■■■■■■                                                                        |  10% of 109.7 MiB
2026-01-20T00:07:13.5896881Z |■■■■■■■■■■■■■■■■                                                                |  20% of 109.7 MiB
2026-01-20T00:07:13.7442539Z |■■■■■■■■■■■■■■■■■■■■■■■■                                                        |  30% of 109.7 MiB
2026-01-20T00:07:13.9290430Z |■■■■■■■■■■■■■■■■■■■■■■■■■■■■■■■■                                                |  40% of 109.7 MiB
2026-01-20T00:07:14.1254753Z |■■■■■■■■■■■■■■■■■■■■■■■■■■■■■■■■■■■■■■■■                                        |  50% of 109.7 MiB
2026-01-20T00:07:14.2800881Z |■■■■■■■■■■■■■■■■■■■■■■■■■■■■■■■■■■■■■■■■■■■■■■■■                                |  60% of 109.7 MiB
2026-01-20T00:07:14.3932695Z |■■■■■■■■■■■■■■■■■■■■■■■■■■■■■■■■■■■■■■■■■■■■■■■■■■■■■■■■                        |  70% of 109.7 MiB
2026-01-20T00:07:14.5069689Z |■■■■■■■■■■■■■■■■■■■■■■■■■■■■■■■■■■■■■■■■■■■■■■■■■■■■■■■■■■■■■■■■                |  80% of 109.7 MiB
2026-01-20T00:07:14.6127944Z |■■■■■■■■■■■■■■■■■■■■■■■■■■■■■■■■■■■■■■■■■■■■■■■■■■■■■■■■■■■■■■■■■■■■■■■■        |  90% of 109.7 MiB
2026-01-20T00:07:14.7380704Z |■■■■■■■■■■■■■■■■■■■■■■■■■■■■■■■■■■■■■■■■■■■■■■■■■■■■■■■■■■■■■■■■■■■■■■■■■■■■■■■■| 100% of 109.7 MiB
2026-01-20T00:07:16.5225197Z Chromium Headless Shell 143.0.7499.4 (playwright build v1200) downloaded to /home/runner/.cache/ms-playwright/chromium_headless_shell-1200
2026-01-20T00:07:16.5456039Z ##[group]Run mkdir -p projects/ci_automation_practice
2026-01-20T00:07:16.5456481Z [36;1mmkdir -p projects/ci_automation_practice[0m
2026-01-20T00:07:16.5456881Z [36;1mcat > projects/ci_automation_practice/config.json << 'EOF'[0m
2026-01-20T00:07:16.5457209Z [36;1m{[0m
2026-01-20T00:07:16.5457432Z [36;1m  "project_name": "ci_automation_practice",[0m
2026-01-20T00:07:16.5457816Z [36;1m  "target_url": "http://www.automationpractice.pl/",[0m
2026-01-20T00:07:16.5458190Z [36;1m  "goal": "Practice automation scenarios",[0m
2026-01-20T00:07:16.5458476Z [36;1m  "headless": true[0m
2026-01-20T00:07:16.5458687Z [36;1m}[0m
2026-01-20T00:07:16.5458857Z [36;1mEOF[0m
2026-01-20T00:07:16.5492150Z shell: /usr/bin/bash -e {0}
2026-01-20T00:07:16.5492389Z env:
2026-01-20T00:07:16.5492639Z   pythonLocation: /opt/hostedtoolcache/Python/3.11.14/x64
2026-01-20T00:07:16.5493408Z   PKG_CONFIG_PATH: /opt/hostedtoolcache/Python/3.11.14/x64/lib/pkgconfig
2026-01-20T00:07:16.5493912Z   Python_ROOT_DIR: /opt/hostedtoolcache/Python/3.11.14/x64
2026-01-20T00:07:16.5494279Z   Python2_ROOT_DIR: /opt/hostedtoolcache/Python/3.11.14/x64
2026-01-20T00:07:16.5494642Z   Python3_ROOT_DIR: /opt/hostedtoolcache/Python/3.11.14/x64
2026-01-20T00:07:16.5495022Z   LD_LIBRARY_PATH: /opt/hostedtoolcache/Python/3.11.14/x64/lib
2026-01-20T00:07:16.5495328Z ##[endgroup]
2026-01-20T00:07:16.5603381Z ##[group]Run # Use --deep for comprehensive regression suite
2026-01-20T00:07:16.5603887Z [36;1m# Use --deep for comprehensive regression suite[0m
2026-01-20T00:07:16.5604390Z [36;1mpython orchestrator.py --project projects/ci_automation_practice --deep --force[0m
2026-01-20T00:07:16.5633989Z shell: /usr/bin/bash -e {0}
2026-01-20T00:07:16.5634222Z env:
2026-01-20T00:07:16.5634469Z   pythonLocation: /opt/hostedtoolcache/Python/3.11.14/x64
2026-01-20T00:07:16.5634911Z   PKG_CONFIG_PATH: /opt/hostedtoolcache/Python/3.11.14/x64/lib/pkgconfig
2026-01-20T00:07:16.5635361Z   Python_ROOT_DIR: /opt/hostedtoolcache/Python/3.11.14/x64
2026-01-20T00:07:16.5635895Z   Python2_ROOT_DIR: /opt/hostedtoolcache/Python/3.11.14/x64
2026-01-20T00:07:16.5636271Z   Python3_ROOT_DIR: /opt/hostedtoolcache/Python/3.11.14/x64
2026-01-20T00:07:16.5636643Z   LD_LIBRARY_PATH: /opt/hostedtoolcache/Python/3.11.14/x64/lib
2026-01-20T00:07:16.5637141Z   GOOGLE_API_KEY: ***
2026-01-20T00:07:16.5637380Z   PYTHONPATH: .
2026-01-20T00:07:16.5637668Z ##[endgroup]
2026-01-20T00:07:18.7443275Z 🚀 [DEEP] Extensive mapping enabled (Depth: 3, Pages: 50)
2026-01-20T00:07:18.7445012Z 
2026-01-20T00:07:18.7445929Z 🗺️ [DISCOVERY] Starting Parallel Semantic Crawl on http://www.automationpractice.pl/ (Workers: 3)
2026-01-20T00:07:20.7648291Z   🔍 [Worker 0] Visiting (0): http://www.automationpractice.pl/
2026-01-20T00:07:24.7917565Z [DEBUG] Sending request to gemini-2.0-flash. Number of parts: 1
2026-01-20T00:07:24.7918296Z [DEBUG] Received response (Length: 309)
2026-01-20T00:07:24.7919520Z   🔍 [Worker 1] Visiting (1): http://www.automationpractice.pl/index.php?id_cms=3&controller=cms
2026-01-20T00:07:24.7936906Z   🔍 [Worker 2] Visiting (1): http://www.automationpractice.pl
2026-01-20T00:07:24.7951727Z   🔍 [Worker 0] Visiting (1): http://www.automationpractice.pl/index.php?id_category=9&controller=category
2026-01-20T00:07:25.5458079Z [CACHE HIT] 602306d7... (hits: 1, misses: 2)
2026-01-20T00:07:25.5462676Z   🔍 [Worker 2] Visiting (1): http://www.automationpractice.pl/index.php?controller=stores
2026-01-20T00:07:29.6076333Z [DEBUG] Sending request to gemini-2.0-flash. Number of parts: 1
2026-01-20T00:07:29.6077189Z [DEBUG] Sending request to gemini-2.0-flash. Number of parts: 1
2026-01-20T00:07:29.6078063Z [DEBUG] Sending request to gemini-2.0-flash. Number of parts: 1
2026-01-20T00:07:29.6078838Z [DEBUG] Received response (Length: 200)
2026-01-20T00:07:29.6080139Z   🔍 [Worker 1] Visiting (1): http://www.automationpractice.pl/index.php?controller=identity
2026-01-20T00:07:29.7720264Z [DEBUG] Received response (Length: 409)
2026-01-20T00:07:29.7721718Z   🔍 [Worker 2] Visiting (1): http://www.automationpractice.pl/index.php?controller=contact
2026-01-20T00:07:29.9215227Z [DEBUG] Received response (Length: 455)
2026-01-20T00:07:29.9216635Z   🔍 [Worker 0] Visiting (1): http://www.automationpractice.pl/index.php?controller=order
2026-01-20T00:07:34.6410020Z [DEBUG] Sending request to gemini-2.0-flash. Number of parts: 1
2026-01-20T00:07:34.6411780Z [DEBUG] Sending request to gemini-2.0-flash. Number of parts: 1
2026-01-20T00:07:34.6412495Z [DEBUG] Sending request to gemini-2.0-flash. Number of parts: 1
2026-01-20T00:07:34.6413338Z [DEBUG] Received response (Length: 238)
2026-01-20T00:07:34.6414413Z   🔍 [Worker 2] Visiting (1): http://www.automationpractice.pl/index.php?id_cms=4&controller=cms
2026-01-20T00:07:34.7802759Z [DEBUG] Received response (Length: 352)
2026-01-20T00:07:34.7803949Z [DEBUG] Received response (Length: 348)
2026-01-20T00:07:34.7805117Z   🔍 [Worker 1] Visiting (1): http://www.automationpractice.pl/index.php?id_category=5&controller=category
2026-01-20T00:07:34.7825523Z   🔍 [Worker 0] Visiting (1): http://www.automationpractice.pl/index.php?id_product=2&controller=product
2026-01-20T00:07:39.7424868Z [DEBUG] Sending request to gemini-2.0-flash. Number of parts: 1
2026-01-20T00:07:39.7427931Z [DEBUG] Sending request to gemini-2.0-flash. Number of parts: 1
2026-01-20T00:07:39.7429037Z [DEBUG] Sending request to gemini-2.0-flash. Number of parts: 1
2026-01-20T00:07:39.7429747Z [DEBUG] Received response (Length: 370)
2026-01-20T00:07:39.7430880Z   🔍 [Worker 1] Visiting (1): http://www.automationpractice.pl/index.php?id_product=5&controller=product
2026-01-20T00:07:39.8546848Z [DEBUG] Received response (Length: 371)
2026-01-20T00:07:39.8548586Z   🔍 [Worker 2] Visiting (1): http://www.automationpractice.pl/index.php?controller=order-slip
2026-01-20T00:07:40.0422248Z [DEBUG] Received response (Length: 491)
2026-01-20T00:07:40.0425172Z   🔍 [Worker 0] Visiting (1): http://www.automationpractice.pl/index.php?controller=addresses
2026-01-20T00:07:40.4678085Z [CACHE HIT] e6083124... (hits: 2, misses: 11)
2026-01-20T00:07:40.4690721Z   🔍 [Worker 2] Visiting (1): http://www.automationpractice.pl/index.php?id_category=11&controller=category
2026-01-20T00:07:40.7076421Z [CACHE HIT] e6083124... (hits: 3, misses: 11)
2026-01-20T00:07:40.7078523Z   🔍 [Worker 0] Visiting (1): http://www.automationpractice.pl/index.php?id_category=7&controller=category
2026-01-20T00:07:44.7222666Z [DEBUG] Sending request to gemini-2.0-flash. Number of parts: 1
2026-01-20T00:07:44.7223669Z [DEBUG] Sending request to gemini-2.0-flash. Number of parts: 1
2026-01-20T00:07:44.7224376Z [DEBUG] Sending request to gemini-2.0-flash. Number of parts: 1
2026-01-20T00:07:44.7224975Z [DEBUG] Received response (Length: 278)
2026-01-20T00:07:44.7225440Z [DEBUG] Received response (Length: 349)
2026-01-20T00:07:44.7226673Z   🔍 [Worker 1] Visiting (1): http://www.automationpractice.pl/index.php?id_product=7&controller=product
2026-01-20T00:07:44.7251851Z   🔍 [Worker 0] Visiting (1): http://www.automationpractice.pl/index.php?id_category=3&controller=category
2026-01-20T00:07:44.8204498Z [DEBUG] Received response (Length: 393)
2026-01-20T00:07:44.8207829Z   🔍 [Worker 2] Visiting (1): http://www.automationpractice.pl/index.php?controller=history
2026-01-20T00:07:45.5445229Z [CACHE HIT] e6083124... (hits: 4, misses: 15)
2026-01-20T00:07:45.5450217Z   🔍 [Worker 2] Visiting (1): http://www.automationpractice.pl/index.php?id_category=10&controller=category
2026-01-20T00:07:49.6996752Z [DEBUG] Sending request to gemini-2.0-flash. Number of parts: 1
2026-01-20T00:07:49.6999239Z [DEBUG] Sending request to gemini-2.0-flash. Number of parts: 1
2026-01-20T00:07:49.7000216Z [DEBUG] Sending request to gemini-2.0-flash. Number of parts: 1
2026-01-20T00:07:49.7001466Z [DEBUG] Received response (Length: 257)
2026-01-20T00:07:49.7005639Z   🔍 [Worker 0] Visiting (1): http://www.automationpractice.pl/index.php?id_product=6&controller=product
2026-01-20T00:07:49.7500975Z [DEBUG] Received response (Length: 298)
2026-01-20T00:07:49.7502222Z   🔍 [Worker 1] Visiting (1): http://www.automationpractice.pl/index.php?id_category=8&controller=category
2026-01-20T00:07:49.9342148Z [DEBUG] Received response (Length: 465)
2026-01-20T00:07:49.9352277Z   🔍 [Worker 2] Visiting (1): http://www.automationpractice.pl/index.php?id_product=3&controller=product
2026-01-20T00:07:54.5770864Z [DEBUG] Sending request to gemini-2.0-flash. Number of parts: 1
2026-01-20T00:07:54.5772834Z [DEBUG] Sending request to gemini-2.0-flash. Number of parts: 1
2026-01-20T00:07:54.5773796Z [DEBUG] Sending request to gemini-2.0-flash. Number of parts: 1
2026-01-20T00:07:54.5774395Z [DEBUG] Received response (Length: 260)
2026-01-20T00:07:54.5775587Z   🔍 [Worker 1] Visiting (1): http://www.automationpractice.pl/index.php?controller=my-account
2026-01-20T00:07:54.7314939Z [DEBUG] Received response (Length: 328)
2026-01-20T00:07:54.7317987Z   🔍 [Worker 0] Visiting (1): http://www.automationpractice.pl/index.php?id_category=4&controller=category
2026-01-20T00:07:54.8571390Z [DEBUG] Received response (Length: 442)
2026-01-20T00:07:54.8573544Z   🔍 [Worker 2] Visiting (1): http://www.automationpractice.pl/index.php?id_product=1&controller=product
2026-01-20T00:07:55.3677941Z [CACHE HIT] e6083124... (hits: 5, misses: 19)
2026-01-20T00:07:55.3679077Z   🔍 [Worker 1] Visiting (1): http://www.automationpractice.pl/index.php
2026-01-20T00:07:55.8622213Z [CACHE HIT] 602306d7... (hits: 6, misses: 21)
2026-01-20T00:07:55.8623836Z   🔍 [Worker 1] Visiting (2): http://www.automationpractice.pl/index.php?controller=prices-drop
2026-01-20T00:07:59.5522034Z [DEBUG] Sending request to gemini-2.0-flash. Number of parts: 1
2026-01-20T00:07:59.5525845Z [DEBUG] Sending request to gemini-2.0-flash. Number of parts: 1
2026-01-20T00:07:59.5526692Z [DEBUG] Sending request to gemini-2.0-flash. Number of parts: 1
2026-01-20T00:07:59.5528286Z [DEBUG] Received response (Length: 210)
2026-01-20T00:07:59.5529440Z   🔍 [Worker 1] Visiting (2): http://www.automationpractice.pl/index.php?id_cms=1&controller=cms
2026-01-20T00:07:59.9132408Z [DEBUG] Received response (Length: 491)
2026-01-20T00:07:59.9134345Z   🔍 [Worker 0] Visiting (2): http://www.automationpractice.pl/index.php?id_cms_category=1&controller=cms
2026-01-20T00:08:00.1025717Z [DEBUG] Received response (Length: 521)
2026-01-20T00:08:00.1027172Z   🔍 [Worker 2] Visiting (2): http://www.automationpractice.pl/index.php?id_cms=5&controller=cms
2026-01-20T00:08:04.7026213Z [DEBUG] Sending request to gemini-2.0-flash. Number of parts: 1
2026-01-20T00:08:04.7029021Z [DEBUG] Sending request to gemini-2.0-flash. Number of parts: 1
2026-01-20T00:08:04.7029967Z [DEBUG] Sending request to gemini-2.0-flash. Number of parts: 1
2026-01-20T00:08:04.7030689Z [DEBUG] Received response (Length: 354)
2026-01-20T00:08:04.7031920Z   🔍 [Worker 0] Visiting (2): http://www.automationpractice.pl/index.php?id_cms=2&controller=cms
2026-01-20T00:08:04.7234452Z [DEBUG] Received response (Length: 397)
2026-01-20T00:08:04.7245612Z   🔍 [Worker 1] Visiting (2): http://www.automationpractice.pl/index.php?controller=password
2026-01-20T00:08:04.8867614Z [DEBUG] Received response (Length: 391)
2026-01-20T00:08:04.8870980Z   🔍 [Worker 2] Visiting (2): http://www.automationpractice.pl/index.php?id_product=4&controller=product
2026-01-20T00:08:09.5827698Z [DEBUG] Sending request to gemini-2.0-flash. Number of parts: 1
2026-01-20T00:08:09.5828877Z [DEBUG] Sending request to gemini-2.0-flash. Number of parts: 1
2026-01-20T00:08:09.5829688Z [DEBUG] Sending request to gemini-2.0-flash. Number of parts: 1
2026-01-20T00:08:09.5830262Z [DEBUG] Received response (Length: 245)
2026-01-20T00:08:09.5831368Z   🔍 [Worker 0] Visiting (3): http://www.automationpractice.pl/index.php?controller=manufacturer
2026-01-20T00:08:09.7005711Z [DEBUG] Received response (Length: 310)
2026-01-20T00:08:09.7009096Z   🔍 [Worker 1] Visiting (3): http://www.automationpractice.pl/index.php?controller=best-sales
2026-01-20T00:08:09.8283264Z [DEBUG] Received response (Length: 302)
2026-01-20T00:08:09.8285571Z   🔍 [Worker 2] Visiting (3): http://www.automationpractice.pl/index.php?controller=supplier
2026-01-20T00:08:14.6050344Z [DEBUG] Sending request to gemini-2.0-flash. Number of parts: 1
2026-01-20T00:08:14.6051200Z [DEBUG] Sending request to gemini-2.0-flash. Number of parts: 1
2026-01-20T00:08:14.6051954Z [DEBUG] Sending request to gemini-2.0-flash. Number of parts: 1
2026-01-20T00:08:14.6052581Z [DEBUG] Received response (Length: 234)
2026-01-20T00:08:14.6054083Z   🔍 [Worker 1] Visiting (3): http://www.automationpractice.pl/index.php?id_manufacturer=1&controller=manufacturer
2026-01-20T00:08:14.8847480Z [DEBUG] Received response (Length: 383)
2026-01-20T00:08:14.8849056Z   🔍 [Worker 0] Visiting (3): http://www.automationpractice.pl/index.php?id_supplier=1&controller=supplier
2026-01-20T00:08:14.9684239Z [DEBUG] Received response (Length: 436)
2026-01-20T00:08:14.9689435Z   🔍 [Worker 2] Visiting (3): http://www.automationpractice.pl/index.php?controller=authentication
2026-01-20T00:08:19.8645323Z [CACHE HIT] e6083124... (hits: 7, misses: 32)
2026-01-20T00:08:19.8646015Z [DEBUG] Sending request to gemini-2.0-flash. Number of parts: 1
2026-01-20T00:08:19.8646753Z [DEBUG] Sending request to gemini-2.0-flash. Number of parts: 1
2026-01-20T00:08:19.8647361Z [DEBUG] Received response (Length: 234)
2026-01-20T00:08:19.8647665Z [DEBUG] Received response (Length: 331)
2026-01-20T00:08:19.8648432Z ✅ Discovery Complete. Mapped 40 pages.
2026-01-20T00:08:28.6510723Z 
2026-01-20T00:08:28.6511513Z [PLAN] PLANNER: Planning goal -> 'Practice automation scenarios' (Deep Mode: True)
2026-01-20T00:08:28.6512544Z 🗺️ [PLAN] Loaded Sitemap with 40 pages.
2026-01-20T00:08:28.6513374Z 📊 [KNOWLEDGE] Page types: ['unknown', 'contact_form']
2026-01-20T00:08:28.6513947Z 🔄 [KNOWLEDGE] Flows: 0, Forms: 40
2026-01-20T00:08:28.6515386Z 🎭 [EXPERT] Detected Domain: GENERAL. Persona: Act as Senior SDET focusing on exploring the application to understand functional flow and identifying critical paths for end-to-end automation
2026-01-20T00:08:28.6517105Z [DEBUG] Sending request to gemini-2.0-flash. Number of parts: 1
2026-01-20T00:08:28.6517638Z [DEBUG] Received response (Length: 3980)
2026-01-20T00:08:28.6518180Z ✅ Planner generated 3 scenarios. Workflow updated.
2026-01-20T00:08:29.7281218Z 
2026-01-20T00:08:29.7282274Z 🕵️ [DEEP EXPLORER] Starting Multi-Scenario Exploration
2026-01-20T00:08:29.7283307Z 📋 Found 3 scenarios to explore.
2026-01-20T00:08:30.0979306Z 
2026-01-20T00:08:30.0980891Z [1/3] Exploring Scenario: Search, Add to Cart, and Checkout
2026-01-20T00:08:30.0983280Z     🧠 Initialized exploration context for goal: 'This scenario covers the main user flow of searching for a product, adding it to the cart, and proceeding through the checkout process.'
2026-01-20T00:08:30.0984952Z     🎯 Scenario: Search, Add to Cart, and Checkout
2026-01-20T00:08:30.0993296Z   ▶️ [STEP step_1] NAVIGATE: 
2026-01-20T00:08:33.0783817Z     ✅ Navigated to http://www.automationpractice.pl/
2026-01-20T00:08:33.0784471Z   ▶️ [STEP step_2] FILL: Search
2026-01-20T00:08:33.0975983Z     🔍 Mining locators for: 'Search'
2026-01-20T00:08:33.2958048Z     ✅ Found 6 verified locators
2026-01-20T00:08:38.4339717Z     ✅ State transitioned.
2026-01-20T00:08:40.6396925Z [DEBUG] Sending request to gemini-2.0-flash. Number of parts: 2
2026-01-20T00:08:40.6397574Z [DEBUG] Received response (Length: 200)
2026-01-20T00:08:40.6398285Z     🤖 AI Next Step Suggestion: click -> Q
2026-01-20T00:08:40.6399411Z     💭 Reasoning: After filling the search bar, the next logical step is to click the search button to initiate the search.
2026-01-20T00:08:40.6400039Z     ➕ Injected AI step: click -> Q
2026-01-20T00:08:40.6400343Z   ▶️ [STEP step_2_ai_1] CLICK: Q
2026-01-20T00:08:40.6464079Z     🔍 Mining locators for: 'Q'
2026-01-20T00:08:40.7645116Z     ✅ Found 1 verified locators
2026-01-20T00:08:44.3271660Z     ✅ State transitioned.
2026-01-20T00:08:46.0493177Z [DEBUG] Sending request to gemini-2.0-flash. Number of parts: 2
2026-01-20T00:08:46.0493878Z [DEBUG] Received response (Length: 200)
2026-01-20T00:08:46.0494654Z     🤖 AI Next Step Suggestion: click -> Q
2026-01-20T00:08:46.0495734Z     💭 Reasoning: After filling the search bar, the next logical step is to click the search button to initiate the search.
2026-01-20T00:08:46.0496942Z     🔄 Same AI suggestion but state changed (URL or DOM). Resetting loop counter.
2026-01-20T00:08:46.0497863Z     ⚠️ Skipping duplicate AI suggestion (just executed): ('click', 'q')
2026-01-20T00:08:46.0498291Z   ▶️ [STEP step_3] CLICK: Search
2026-01-20T00:08:46.0556692Z     🔍 Mining locators for: 'Search'
2026-01-20T00:08:46.1712581Z     ✅ Found 6 verified locators
2026-01-20T00:08:49.7244836Z     ✅ State transitioned.
2026-01-20T00:08:49.7353673Z     🔄 Revisited state detected (count: 1)
2026-01-20T00:08:51.3383279Z [DEBUG] Sending request to gemini-2.0-flash. Number of parts: 2
2026-01-20T00:08:51.3384201Z [DEBUG] Received response (Length: 172)
2026-01-20T00:08:51.3385201Z     🤖 AI Next Step Suggestion: click -> Q
2026-01-20T00:08:51.3386021Z     🧩 Suggested Locator: button[name='submit_search']
2026-01-20T00:08:51.3387129Z     💭 Reasoning: The search term has been entered, now we need to execute the search.
2026-01-20T00:08:51.3388586Z ⚠️ Loop detected: same AI suggestion repeated 2 times without state change. Moving to next step.
2026-01-20T00:08:51.3389716Z   ▶️ [STEP step_4] ASSERT_VISIBLE: Printed Dress
2026-01-20T00:08:51.3460768Z     🔍 Mining locators for: 'Printed Dress'
2026-01-20T00:08:51.4262791Z     🧠 Consulting AI (Vision-First) to find 'Printed Dress'...
2026-01-20T00:08:51.4298373Z     🔍 Trying smart selectors for 'Printed Dress'...
2026-01-20T00:08:51.4826779Z     🔍 [SMART] Searching for: 'Printed Dress' (trying 15+ strategies)
2026-01-20T00:08:51.4827604Z     ✅ Smart selector found 'Printed Dress' via a-text-exact (confidence: 0.9)
2026-01-20T00:08:51.4887838Z     ✅ Found 1 verified locators
2026-01-20T00:08:57.0035499Z     ⚠️ Scroll into view failed for a:has-text('Printed Dress'). Proceeding anyway.
2026-01-20T00:08:59.0058681Z     ✅ State transitioned.
2026-01-20T00:08:59.0168220Z     🔄 Revisited state detected (count: 2)
2026-01-20T00:09:01.0343964Z [DEBUG] Sending request to gemini-2.0-flash. Number of parts: 2
2026-01-20T00:09:01.0344679Z [DEBUG] Received response (Length: 250)
2026-01-20T00:09:01.0345600Z     🤖 AI Next Step Suggestion: click -> Printed Dress (conf: 0.90)
2026-01-20T00:09:01.0347062Z     💭 Reasoning: The last action was asserting that 'Printed Dress' is visible. Now, we need to click on it to proceed to the product details page.
2026-01-20T00:09:01.0348300Z     ➕ Injected AI step: click -> Printed Dress (conf: 0.90)
2026-01-20T00:09:01.0349020Z   ▶️ [STEP step_4_ai_1] CLICK: Printed Dress (conf: 0.90)
2026-01-20T00:09:01.0416559Z     🔍 Mining locators for: 'Printed Dress (conf: 0.90)'
2026-01-20T00:09:01.1044542Z     🧠 Consulting AI (Vision-First) to find 'Printed Dress (conf: 0.90)'...
2026-01-20T00:09:01.1045537Z     🔍 Trying smart selectors for 'Printed Dress (conf: 0.90)'...
2026-01-20T00:09:01.2306511Z     🔍 [SMART] Searching for: 'Printed Dress (conf: 0.90)' (trying 15+ strategies)
2026-01-20T00:09:01.2307486Z     ⚠️ Smart selectors failed (no unique match). Falling back to AI Vision...
2026-01-20T00:09:01.2309377Z     🧠 [EXPERT] Strategy: Act as Senior SDET focusing on exploring the application to understand functional flow and identifying critical paths for end-to-end automation.
2026-01-20T00:10:07.2206338Z [DEBUG] Sending request to gemini-2.0-flash. Number of parts: 2
2026-01-20T00:10:07.2207884Z [DEBUG] LLM Error: 429 RESOURCE_EXHAUSTED. {'error': {'code': 429, 'message': 'Resource exhausted. Please try again later. Please refer to https://cloud.google.com/vertex-ai/generative-ai/docs/error-code-429 for more details.', 'status': 'RESOURCE_EXHAUSTED'}}
2026-01-20T00:10:07.2209749Z ⚠️ 429 Rate Limit Hit. Cooling down for 60s...
2026-01-20T00:10:07.2210127Z [DEBUG] Sending request to gemini-2.0-flash. Number of parts: 2
2026-01-20T00:10:07.2210483Z [DEBUG] Received response (Length: 205)
2026-01-20T00:10:07.2211024Z     💡 Expert Suggestion: The target 'Printed Dress' is likely under the 'DRESSES' category.
2026-01-20T00:10:07.2211552Z     🛠️ Executing corrective action: click -> 'DRESSES'
2026-01-20T00:10:08.7418542Z     ✅ Executed corrective navigation
2026-01-20T00:10:10.7432335Z     🔄 Retry 1/3 mining locators for 'Printed Dress (conf: 0.90)'...
2026-01-20T00:10:11.8682773Z     🧠 Consulting AI (Vision-First) to find 'Printed Dress (conf: 0.90)'...
2026-01-20T00:10:11.8683577Z     🔍 Trying smart selectors for 'Printed Dress (conf: 0.90)'...
2026-01-20T00:10:12.0077475Z     🔍 [SMART] Searching for: 'Printed Dress (conf: 0.90)' (trying 15+ strategies)
2026-01-20T00:10:12.0078458Z     ⚠️ Smart selectors failed (no unique match). Falling back to AI Vision...
2026-01-20T00:10:12.0079404Z     🧠 [EXPERT] Strategy: Act as Senior SDET focusing on exploring the application to understand functional flow and identifying critical paths for end-to-end automation.
2026-01-20T00:10:13.8398950Z [DEBUG] Sending request to gemini-2.0-flash. Number of parts: 2
2026-01-20T00:10:13.8399773Z [DEBUG] Received response (Length: 208)
2026-01-20T00:10:13.8401272Z     💡 Expert Suggestion: The 'Printed Dress' can be found by searching for it in the search bar.
2026-01-20T00:10:13.8402569Z     🛠️ Executing corrective action: fill -> 'Search'
2026-01-20T00:10:14.5373874Z     ✅ Executed corrective navigation
2026-01-20T00:10:16.5396462Z     🔄 Retry 2/3 mining locators for 'Printed Dress (conf: 0.90)'...
2026-01-20T00:10:17.5409664Z     🗑️ Invalidating stale AI cache (retry 2)...
2026-01-20T00:10:17.6517744Z     🧠 Consulting AI (Vision-First) to find 'Printed Dress (conf: 0.90)'...
2026-01-20T00:10:17.6518348Z     🔍 Trying smart selectors for 'Printed Dress (conf: 0.90)'...
2026-01-20T00:10:17.7810770Z     🔍 [SMART] Searching for: 'Printed Dress (conf: 0.90)' (trying 15+ strategies)
2026-01-20T00:10:17.7811693Z     ⚠️ Smart selectors failed (no unique match). Falling back to AI Vision...
2026-01-20T00:10:17.7814024Z     🧠 [EXPERT] Strategy: Act as Senior SDET focusing on exploring the application to understand functional flow and identifying critical paths for end-to-end automation.
2026-01-20T00:10:19.6921288Z [DEBUG] Sending request to gemini-2.0-flash. Number of parts: 2
2026-01-20T00:10:19.6921945Z [DEBUG] Received response (Length: 209)
2026-01-20T00:10:19.6922759Z     ⚠️ Skipping duplicate injection: Search
2026-01-20T00:10:19.6923897Z     🧠 Verifying step validity for 'Printed Dress (conf: 0.90)' after no candidates found...
2026-01-20T00:10:24.4050258Z [DEBUG] Sending request to gemini-2.0-flash. Number of parts: 2
2026-01-20T00:10:24.4050779Z [DEBUG] Received response (Length: 274)
2026-01-20T00:10:24.4052643Z     🗑️ Step deemed INVALID: The target element 'Printed Dress' is not visible on the current page. The page displays the 'Dresses' category page, which lists subcategories and a description, but not the individual dress products themselves.. Removing from workflow.
2026-01-20T00:10:24.4054528Z     ⏭️ Skipping execution of invalid step: Printed Dress (conf: 0.90)
2026-01-20T00:10:24.4054983Z   ▶️ [STEP step_5] CLICK: More
2026-01-20T00:10:24.4127143Z     🔍 Mining locators for: 'More'
2026-01-20T00:10:24.5843511Z     🧠 Consulting AI (Vision-First) to find 'More'...
2026-01-20T00:10:24.5844211Z     🔍 Trying smart selectors for 'More'...
2026-01-20T00:10:24.6853309Z     🔍 [SMART] Searching for: 'More' (trying 15+ strategies)
2026-01-20T00:10:24.6854187Z     ⚠️ Smart selectors failed (no unique match). Falling back to AI Vision...
2026-01-20T00:10:24.6855827Z     🧠 [EXPERT] Strategy: Act as Senior SDET focusing on exploring the application to understand functional flow and identifying critical paths for end-to-end automation.
2026-01-20T00:10:29.3168957Z [DEBUG] Sending request to gemini-2.0-flash. Number of parts: 2
2026-01-20T00:10:29.3169388Z [DEBUG] Received response (Length: 199)
2026-01-20T00:10:29.3170091Z     💡 Expert Suggestion: The 'More' option is often found within blog posts or articles.
2026-01-20T00:10:29.3170657Z     🛠️ Executing corrective action: click -> 'Blog'
2026-01-20T00:10:29.9797583Z     ✅ Executed corrective navigation
2026-01-20T00:10:31.9815092Z     🔄 Retry 1/3 mining locators for 'More'...
2026-01-20T00:10:33.2216450Z     🧠 Consulting AI (Vision-First) to find 'More'...
2026-01-20T00:10:33.2217481Z     🔍 Trying smart selectors for 'More'...
2026-01-20T00:10:33.3303674Z     🔍 [SMART] Searching for: 'More' (trying 15+ strategies)
2026-01-20T00:10:33.3304471Z     ⚠️ Smart selectors failed (no unique match). Falling back to AI Vision...
2026-01-20T00:10:33.3305409Z     🧠 [EXPERT] Strategy: Act as Senior SDET focusing on exploring the application to understand functional flow and identifying critical paths for end-to-end automation.
2026-01-20T00:10:34.9564656Z [DEBUG] Sending request to gemini-2.0-flash. Number of parts: 2
2026-01-20T00:10:34.9565099Z [DEBUG] Received response (Length: 240)
2026-01-20T00:10:34.9565705Z     ⚠️ Skipping duplicate injection: Blog
2026-01-20T00:10:34.9566105Z     🔄 Retry 2/3 mining locators for 'More'...
2026-01-20T00:10:35.9578422Z     🗑️ Invalidating stale AI cache (retry 2)...
2026-01-20T00:10:36.1522337Z     🧠 Consulting AI (Vision-First) to find 'More'...
2026-01-20T00:10:36.1523332Z     🔍 Trying smart selectors for 'More'...
2026-01-20T00:10:36.2488318Z     🔍 [SMART] Searching for: 'More' (trying 15+ strategies)
2026-01-20T00:10:36.2489509Z     ⚠️ Smart selectors failed (no unique match). Falling back to AI Vision...
2026-01-20T00:10:36.2491572Z     🧠 [EXPERT] Strategy: Act as Senior SDET focusing on exploring the application to understand functional flow and identifying critical paths for end-to-end automation.
2026-01-20T00:10:36.2495888Z [CACHE HIT] 55b22fed... (hits: 1, misses: 11)
2026-01-20T00:10:36.2496514Z     ⚠️ Skipping duplicate injection: Blog
2026-01-20T00:10:36.2497468Z     🧠 Verifying step validity for 'More' after no candidates found...
2026-01-20T00:10:39.8505340Z [DEBUG] Sending request to gemini-2.0-flash. Number of parts: 2
2026-01-20T00:10:39.8506150Z [DEBUG] Received response (Length: 362)
2026-01-20T00:10:39.8507891Z     🗑️ Step deemed INVALID: Based on the screenshot, there are no visible 'More' buttons associated with any product listings on the page. The page displays a category listing of dresses, subcategories, and a brief description. Therefore, attempting to interact with a 'More' button is not a valid action in the current context.. Removing from workflow.
2026-01-20T00:10:39.8509277Z     ⏭️ Skipping execution of invalid step: More
2026-01-20T00:10:39.8509629Z   ▶️ [STEP step_6] ASSERT_VISIBLE: Add to cart
2026-01-20T00:10:39.8575470Z     🔍 Mining locators for: 'Add to cart'
2026-01-20T00:10:39.9680079Z     🧠 Consulting AI (Vision-First) to find 'Add to cart'...
2026-01-20T00:10:39.9680586Z     🔍 Trying smart selectors for 'Add to cart'...
2026-01-20T00:10:40.1215491Z     🔍 [SMART] Searching for: 'Add to cart' (trying 15+ strategies)
2026-01-20T00:10:40.1216444Z     ⚠️ Smart selectors failed (no unique match). Falling back to AI Vision...
2026-01-20T00:10:40.1218117Z     🧠 [EXPERT] Strategy: Act as Senior SDET focusing on exploring the application to understand functional flow and identifying critical paths for end-to-end automation.
2026-01-20T00:10:44.8622176Z [DEBUG] Sending request to gemini-2.0-flash. Number of parts: 2
2026-01-20T00:10:44.8623029Z [DEBUG] Received response (Length: 291)
2026-01-20T00:10:44.8624404Z     💡 Expert Suggestion: The current page is a category page for dresses. To find an 'Add to cart' button, we need to navigate to a specific product page by clicking on a dress.
2026-01-20T00:10:44.8625479Z     🛠️ Executing corrective action: click -> 'DRESSES'
2026-01-20T00:10:45.6076846Z     ✅ Executed corrective navigation
2026-01-20T00:10:47.6099913Z     🔄 Retry 1/3 mining locators for 'Add to cart'...
2026-01-20T00:10:48.7176917Z     🧠 Consulting AI (Vision-First) to find 'Add to cart'...
2026-01-20T00:10:48.7177728Z     🔍 Trying smart selectors for 'Add to cart'...
2026-01-20T00:10:48.8663230Z     🔍 [SMART] Searching for: 'Add to cart' (trying 15+ strategies)
2026-01-20T00:10:48.8664217Z     ⚠️ Smart selectors failed (no unique match). Falling back to AI Vision...
2026-01-20T00:10:48.8665224Z     🧠 [EXPERT] Strategy: Act as Senior SDET focusing on exploring the application to understand functional flow and identifying critical paths for end-to-end automation.
2026-01-20T00:10:50.5688123Z [DEBUG] Sending request to gemini-2.0-flash. Number of parts: 2
2026-01-20T00:10:50.5688545Z [DEBUG] Received response (Length: 298)
2026-01-20T00:10:50.5689083Z     ⚠️ Skipping duplicate injection: DRESSES
2026-01-20T00:10:50.5689475Z     🔄 Retry 2/3 mining locators for 'Add to cart'...
2026-01-20T00:10:51.5701581Z     🗑️ Invalidating stale AI cache (retry 2)...
2026-01-20T00:10:51.6840456Z     🧠 Consulting AI (Vision-First) to find 'Add to cart'...
2026-01-20T00:10:51.6841186Z     🔍 Trying smart selectors for 'Add to cart'...
2026-01-20T00:10:51.8241372Z     🔍 [SMART] Searching for: 'Add to cart' (trying 15+ strategies)
2026-01-20T00:10:51.8242447Z     ⚠️ Smart selectors failed (no unique match). Falling back to AI Vision...
2026-01-20T00:10:51.8244814Z     🧠 [EXPERT] Strategy: Act as Senior SDET focusing on exploring the application to understand functional flow and identifying critical paths for end-to-end automation.
2026-01-20T00:10:51.8249663Z [CACHE HIT] d09f1822... (hits: 2, misses: 14)
2026-01-20T00:10:51.8250362Z     ⚠️ Skipping duplicate injection: DRESSES
2026-01-20T00:10:51.8251438Z     🧠 Verifying step validity for 'Add to cart' after no candidates found...
2026-01-20T00:10:55.4081703Z [DEBUG] Sending request to gemini-2.0-flash. Number of parts: 2
2026-01-20T00:10:55.4082581Z [DEBUG] Received response (Length: 200)
2026-01-20T00:10:55.4085483Z     🗑️ Step deemed INVALID: The 'Add to cart' button is not visible on the category page. It only appears when hovering over a product or on the product details page.. Removing from workflow.
2026-01-20T00:10:55.4088247Z     ⏭️ Skipping execution of invalid step: Add to cart
2026-01-20T00:10:55.4089120Z   ▶️ [STEP step_7] CLICK: Add to cart
2026-01-20T00:10:55.4151603Z     🔍 Mining locators for: 'Add to cart'
2026-01-20T00:10:55.5835094Z     🧠 Consulting AI (Vision-First) to find 'Add to cart'...
2026-01-20T00:10:55.5835741Z     🔍 Trying smart selectors for 'Add to cart'...
2026-01-20T00:10:55.7230594Z     🔍 [SMART] Searching for: 'Add to cart' (trying 15+ strategies)
2026-01-20T00:10:55.7231597Z     ⚠️ Smart selectors failed (no unique match). Falling back to AI Vision...
2026-01-20T00:10:55.7233398Z     🧠 [EXPERT] Strategy: Act as Senior SDET focusing on exploring the application to understand functional flow and identifying critical paths for end-to-end automation.
2026-01-20T00:10:55.7237721Z [CACHE HIT] d09f1822... (hits: 3, misses: 15)
2026-01-20T00:10:55.7239081Z     💡 Expert Suggestion: The 'Add to cart' button is likely on a product details page, which can be accessed by clicking on a specific dress after navigating to the 'DRESSES' category.
2026-01-20T00:10:55.7239949Z     🛠️ Executing corrective action: click -> 'DRESSES'
2026-01-20T00:10:56.3704887Z     ✅ Executed corrective navigation
2026-01-20T00:10:58.3726941Z     🔄 Retry 1/3 mining locators for 'Add to cart'...
2026-01-20T00:10:59.5500563Z     🧠 Consulting AI (Vision-First) to find 'Add to cart'...
2026-01-20T00:10:59.5501181Z     🔍 Trying smart selectors for 'Add to cart'...
2026-01-20T00:10:59.6881557Z     🔍 [SMART] Searching for: 'Add to cart' (trying 15+ strategies)
2026-01-20T00:10:59.6882473Z     ⚠️ Smart selectors failed (no unique match). Falling back to AI Vision...
2026-01-20T00:10:59.6883578Z     🧠 [EXPERT] Strategy: Act as Senior SDET focusing on exploring the application to understand functional flow and identifying critical paths for end-to-end automation.
2026-01-20T00:10:59.6887472Z [CACHE HIT] d09f1822... (hits: 4, misses: 15)
2026-01-20T00:10:59.6888107Z     ⚠️ Skipping duplicate injection: DRESSES
2026-01-20T00:10:59.6888537Z     🔄 Retry 2/3 mining locators for 'Add to cart'...
2026-01-20T00:11:00.6901584Z     🗑️ Invalidating stale AI cache (retry 2)...
2026-01-20T00:11:00.8010452Z     🧠 Consulting AI (Vision-First) to find 'Add to cart'...
2026-01-20T00:11:00.8011270Z     🔍 Trying smart selectors for 'Add to cart'...
2026-01-20T00:11:00.9660637Z     🔍 [SMART] Searching for: 'Add to cart' (trying 15+ strategies)
2026-01-20T00:11:00.9661774Z     ⚠️ Smart selectors failed (no unique match). Falling back to AI Vision...
2026-01-20T00:11:00.9663766Z     🧠 [EXPERT] Strategy: Act as Senior SDET focusing on exploring the application to understand functional flow and identifying critical paths for end-to-end automation.
2026-01-20T00:11:00.9667866Z [CACHE HIT] d09f1822... (hits: 5, misses: 15)
2026-01-20T00:11:00.9668582Z     ⚠️ Skipping duplicate injection: DRESSES
2026-01-20T00:11:00.9669356Z     🧠 Verifying step validity for 'Add to cart' after no candidates found...
2026-01-20T00:11:00.9673192Z [CACHE HIT] ba71f70d... (hits: 6, misses: 15)
2026-01-20T00:11:00.9675046Z     🗑️ Step deemed INVALID: The 'Add to cart' button is not visible on the category page. It only appears when hovering over a product or on the product details page.. Removing from workflow.
2026-01-20T00:11:00.9675909Z     ⏭️ Skipping execution of invalid step: Add to cart
2026-01-20T00:11:00.9676287Z   ▶️ [STEP step_8] WAIT_FOR_ELEMENT: Check out
2026-01-20T00:11:00.9728352Z     🔍 Mining locators for: 'Check out'
2026-01-20T00:11:01.0833208Z     🧠 Consulting AI (Vision-First) to find 'Check out'...
2026-01-20T00:11:01.0834119Z     🔍 Trying smart selectors for 'Check out'...
2026-01-20T00:11:01.1316826Z     🔍 [SMART] Searching for: 'Check out' (trying 15+ strategies)
2026-01-20T00:11:01.1317759Z     ✅ Smart selector found 'Check out' via a-text-exact (confidence: 0.9)
2026-01-20T00:11:01.1367987Z     ✅ Found 1 verified locators
2026-01-20T00:11:06.6512526Z     ⚠️ Scroll into view failed for a:has-text('Check out'). Proceeding anyway.
2026-01-20T00:11:08.6535606Z     ✅ State transitioned.
2026-01-20T00:11:10.3375648Z [DEBUG] Sending request to gemini-2.0-flash. Number of parts: 2
2026-01-20T00:11:10.3376223Z [DEBUG] Received response (Length: 296)
2026-01-20T00:11:10.3377042Z     🤖 AI Next Step Suggestion: click -> Printed Dress
2026-01-20T00:11:10.3377502Z     🧩 Suggested Locator: a:contains('Printed Dress')
2026-01-20T00:11:10.3378498Z     💭 Reasoning: The search results are displayed, and 'Printed Dress' is visible. Clicking on it will navigate to the product details page, which is the next step in adding the product to the cart.
2026-01-20T00:11:10.3379357Z     ➕ Injected AI step: click -> Printed Dress
2026-01-20T00:11:10.3379711Z   ▶️ [STEP step_8_ai_1] CLICK: Printed Dress
2026-01-20T00:11:10.3442008Z     🎯 Using AI-provided locator: a:contains('Printed Dress')
2026-01-20T00:11:10.3477536Z     🔍 Mining locators for: 'Printed Dress'
2026-01-20T00:11:10.6774477Z     ✅ Found 7 verified locators
2026-01-20T00:11:14.2584107Z     ✅ State transitioned.
2026-01-20T00:11:16.1713511Z [DEBUG] Sending request to gemini-2.0-flash. Number of parts: 2
2026-01-20T00:11:16.1714246Z [DEBUG] Received response (Length: 231)
2026-01-20T00:11:16.1714959Z     🤖 AI Next Step Suggestion: click -> >
2026-01-20T00:11:16.1715409Z     🧩 Suggested Locator: a.fancybox-next
2026-01-20T00:11:16.1716473Z     💭 Reasoning: The product is no longer in stock, so we should try to add another product to the cart. Clicking the next button will show the next product.
2026-01-20T00:11:16.1717410Z     ➕ Injected AI step: click -> >
2026-01-20T00:11:16.1717807Z   ▶️ [STEP step_8_ai_2] CLICK: >
2026-01-20T00:11:16.1780205Z     🎯 Using AI-provided locator: a.fancybox-next
2026-01-20T00:11:16.1800028Z     🔍 Mining locators for: '>'
2026-01-20T00:11:16.2824684Z     🧠 Consulting AI (Vision-First) to find '>'...
2026-01-20T00:11:16.2825257Z     🔍 Trying smart selectors for '>'...
2026-01-20T00:11:16.3663977Z     🔍 [SMART] Searching for: '>' (trying 15+ strategies)
2026-01-20T00:11:16.3664743Z     ⚠️ Smart selectors failed (no unique match). Falling back to AI Vision...
2026-01-20T00:11:16.3666418Z     🧠 [EXPERT] Strategy: Act as Senior SDET focusing on exploring the application to understand functional flow and identifying critical paths for end-to-end automation.
2026-01-20T00:11:21.5531440Z [DEBUG] Sending request to gemini-2.0-flash. Number of parts: 2
2026-01-20T00:11:21.5531954Z [DEBUG] Received response (Length: 332)
2026-01-20T00:11:21.5532499Z     🔄 Retry 1/3 mining locators for '>'...
2026-01-20T00:11:22.6507054Z     🧠 Consulting AI (Vision-First) to find '>'...
2026-01-20T00:11:22.6507595Z     🔍 Trying smart selectors for '>'...
2026-01-20T00:11:22.7554354Z     🔍 [SMART] Searching for: '>' (trying 15+ strategies)
2026-01-20T00:11:22.7555231Z     ⚠️ Smart selectors failed (no unique match). Falling back to AI Vision...
2026-01-20T00:11:22.7556192Z     🧠 [EXPERT] Strategy: Act as Senior SDET focusing on exploring the application to understand functional flow and identifying critical paths for end-to-end automation.
2026-01-20T00:11:22.7559540Z [CACHE HIT] 91737789... (hits: 7, misses: 18)
2026-01-20T00:11:22.7560097Z     🔄 Retry 2/3 mining locators for '>'...
2026-01-20T00:11:23.7572644Z     🗑️ Invalidating stale AI cache (retry 2)...
2026-01-20T00:11:23.8983317Z     🧠 Consulting AI (Vision-First) to find '>'...
2026-01-20T00:11:23.8984325Z     🔍 Trying smart selectors for '>'...
2026-01-20T00:11:23.9802433Z     🔍 [SMART] Searching for: '>' (trying 15+ strategies)
2026-01-20T00:11:23.9803494Z     ⚠️ Smart selectors failed (no unique match). Falling back to AI Vision...
2026-01-20T00:11:23.9804444Z     🧠 [EXPERT] Strategy: Act as Senior SDET focusing on exploring the application to understand functional flow and identifying critical paths for end-to-end automation.
2026-01-20T00:11:23.9807686Z [CACHE HIT] 91737789... (hits: 8, misses: 18)
2026-01-20T00:11:23.9808347Z     🧠 Verifying step validity for '>' after mining failure...
2026-01-20T00:11:25.9109492Z [DEBUG] Sending request to gemini-2.0-flash. Number of parts: 2
2026-01-20T00:11:25.9110003Z [DEBUG] Received response (Length: 184)
2026-01-20T00:11:25.9110686Z     🛠️ Self-Correction: Step is valid. Using new locator: a.bx-next
2026-01-20T00:11:31.4239741Z     ⚠️ Scroll into view failed for a.bx-next. Proceeding anyway.
2026-01-20T00:11:36.4264648Z     ⚠️ Action failed: Locator.bounding_box: Timeout 5000ms exceeded.
2026-01-20T00:11:36.4265210Z Cal...
2026-01-20T00:11:38.4240499Z [DEBUG] Sending request to gemini-2.0-flash. Number of parts: 2
2026-01-20T00:11:38.4240920Z [DEBUG] Received response (Length: 224)
2026-01-20T00:11:38.4241757Z     ✨ AI Heal Reasoning: The element with the text '>' is visible and clickable. It is located on the right side of the popup.
2026-01-20T00:11:38.4242619Z     ✨ AI healed exploration action! New selector: body > div.fancybox-overlay > div > div > div > div.span5 > div > a
2026-01-20T00:11:43.9299166Z     ⚠️ Scroll into view failed for body > div.fancybox-overlay > div > div > div > div.span5 > div > a. Proceeding anyway.
2026-01-20T00:11:48.9323849Z   ▶️ [STEP step_9] CLICK: Proceed to checkout
2026-01-20T00:11:48.9395309Z     🔍 Mining locators for: 'Proceed to checkout'
2026-01-20T00:11:49.0980878Z     🧠 Consulting AI (Vision-First) to find 'Proceed to checkout'...
2026-01-20T00:11:49.0981804Z     🔍 Trying smart selectors for 'Proceed to checkout'...
2026-01-20T00:11:49.1534881Z     🔍 [SMART] Searching for: 'Proceed to checkout' (trying 15+ strategies)
2026-01-20T00:11:49.1535544Z     ✅ Smart selector found 'Proceed to checkout' via a-text-exact (confidence: 0.9)
2026-01-20T00:11:49.1584424Z     ✅ Found 1 verified locators
2026-01-20T00:11:54.6714467Z     ⚠️ Scroll into view failed for a:has-text('Proceed to checkout'). Proceeding anyway.
2026-01-20T00:11:55.1860374Z     ⚠️ Action failed: Locator.click: Element is not visible
2026-01-20T00:11:55.1860876Z Call log:
2026-01-20T00:11:55.1861087Z   ...
2026-01-20T00:11:56.6488846Z [DEBUG] Sending request to gemini-2.0-flash. Number of parts: 2
2026-01-20T00:11:56.6489463Z [DEBUG] Received response (Length: 152)
2026-01-20T00:11:56.6490322Z     ✨ AI Heal Reasoning: The element with title 'Next' is the best visible element to proceed to checkout.
2026-01-20T00:11:56.6491029Z     ✨ AI healed exploration action! New selector: a[title='Next']
2026-01-20T00:12:02.1550581Z     ⚠️ Scroll into view failed for a[title='Next']. Proceeding anyway.
2026-01-20T00:12:07.1575997Z   ▶️ [STEP step_10] ASSERT_URL: 
2026-01-20T00:12:12.1737488Z     ⚠️ Scroll into view failed for text=None. Proceeding anyway.
2026-01-20T00:12:14.1760016Z     ✅ State transitioned.
2026-01-20T00:12:14.1914212Z     🔄 Revisited state detected (count: 1)
2026-01-20T00:12:15.7320592Z [DEBUG] Sending request to gemini-2.0-flash. Number of parts: 2
2026-01-20T00:12:15.7321324Z [DEBUG] Received response (Length: 179)
2026-01-20T00:12:15.7322163Z     🤖 AI Next Step Suggestion: click -> >
2026-01-20T00:12:15.7322768Z     🧩 Suggested Locator: a.bx-next
2026-01-20T00:12:15.7323986Z     💭 Reasoning: The previous attempt to click '>' failed. It is necessary to click '>' to proceed to checkout.
2026-01-20T00:12:15.7325244Z ⚠️ Loop detected: same AI suggestion repeated 2 times without state change. Moving to next step.
2026-01-20T00:12:17.7719058Z 
2026-01-20T00:12:17.7719602Z [2/3] Exploring Scenario: Contact Us Form Submission
2026-01-20T00:12:17.7721557Z     🧠 Initialized exploration context for goal: 'This scenario tests the functionality of the contact us form.'
2026-01-20T00:12:17.7722563Z     🎯 Scenario: Contact Us Form Submission
2026-01-20T00:12:17.7723329Z   ▶️ [STEP step_1] NAVIGATE: 
2026-01-20T00:12:20.7134995Z     ✅ Navigated to http://www.automationpractice.pl/
2026-01-20T00:12:20.7135862Z   ▶️ [STEP step_2] CLICK: Contact us
2026-01-20T00:12:20.7311671Z     🔍 Mining locators for: 'Contact us'
2026-01-20T00:12:20.8944640Z     ✅ Found 3 verified locators
2026-01-20T00:12:24.4710358Z     ✅ State transitioned.
2026-01-20T00:12:26.1813933Z [DEBUG] Sending request to gemini-2.0-flash. Number of parts: 2
2026-01-20T00:12:26.1814432Z [DEBUG] Received response (Length: 180)
2026-01-20T00:12:26.1815195Z     🤖 AI Next Step Suggestion: fill -> Email address
2026-01-20T00:12:26.1815636Z     🧩 Suggested Locator: #email
2026-01-20T00:12:26.1816065Z     💭 Reasoning: The contact form requires an email address to be filled.
2026-01-20T00:12:26.1816506Z     ➕ Injected AI step: fill -> Email address
2026-01-20T00:12:26.1816856Z   ▶️ [STEP step_2_ai_1] FILL: Email address
2026-01-20T00:12:26.1971319Z     🎯 Using AI-provided locator: #email
2026-01-20T00:12:26.2033201Z     ✅ Found 1 verified locators
2026-01-20T00:12:33.3942192Z     ✅ State transitioned.
2026-01-20T00:12:35.0104708Z [DEBUG] Sending request to gemini-2.0-flash. Number of parts: 2
2026-01-20T00:12:35.0105408Z [DEBUG] Received response (Length: 211)
2026-01-20T00:12:35.0106269Z     🤖 AI Next Step Suggestion: fill -> Message
2026-01-20T00:12:35.0106833Z     🧩 Suggested Locator: #message
2026-01-20T00:12:35.0107603Z     💭 Reasoning: The email address has been filled. Now, fill the message field to complete the form.
2026-01-20T00:12:35.0108443Z     ➕ Injected AI step: fill -> Message
2026-01-20T00:12:35.0108806Z   ▶️ [STEP step_2_ai_2] FILL: Message
2026-01-20T00:12:35.0167815Z     🎯 Using AI-provided locator: #message
2026-01-20T00:12:35.0227633Z     ✅ Found 1 verified locators
2026-01-20T00:12:41.3948746Z     ✅ State transitioned.
2026-01-20T00:12:43.0131276Z [DEBUG] Sending request to gemini-2.0-flash. Number of parts: 2
2026-01-20T00:12:43.0131917Z [DEBUG] Received response (Length: 204)
2026-01-20T00:12:43.0132665Z     🤖 AI Next Step Suggestion: click -> -- Choose --
2026-01-20T00:12:43.0133451Z     🧩 Suggested Locator: #id_contact > option:nth-child(2)
2026-01-20T00:12:43.0134062Z     💭 Reasoning: The subject heading is a required field. Need to select a subject from the dropdown.
2026-01-20T00:12:43.0134618Z     ➕ Injected AI step: click -> -- Choose --
2026-01-20T00:12:43.0134984Z   ▶️ [STEP step_2_ai_3] CLICK: -- Choose --
2026-01-20T00:12:43.0205164Z     🎯 Using AI-provided locator: #id_contact > option:nth-child(2)
2026-01-20T00:12:43.0232023Z     🔍 Mining locators for: '-- Choose --'
2026-01-20T00:12:43.0846915Z     ✅ Found 1 verified locators
2026-01-20T00:12:46.6556008Z     ✅ State transitioned.
2026-01-20T00:12:46.6633783Z     🔄 Revisited state detected (count: 1)
2026-01-20T00:12:48.3263974Z [DEBUG] Sending request to gemini-2.0-flash. Number of parts: 2
2026-01-20T00:12:48.3264729Z [DEBUG] Received response (Length: 211)
2026-01-20T00:12:48.3265587Z     🤖 AI Next Step Suggestion: click -> Customer service
2026-01-20T00:12:48.3267011Z     💭 Reasoning: The next step is to select a subject heading from the dropdown. 'Customer service' is a valid option.
2026-01-20T00:12:48.3268318Z     ➕ Injected AI step: click -> Customer service
2026-01-20T00:12:48.3269142Z   ▶️ [STEP step_2_ai_4] CLICK: Customer service
2026-01-20T00:12:48.3326608Z     🔍 Mining locators for: 'Customer service'
2026-01-20T00:12:48.3901466Z     ✅ Found 1 verified locators
2026-01-20T00:12:51.9498262Z     ✅ State transitioned.
2026-01-20T00:12:51.9574594Z     🔄 Revisited state detected (count: 2)
2026-01-20T00:12:53.9816080Z [DEBUG] Sending request to gemini-2.0-flash. Number of parts: 2
2026-01-20T00:12:53.9816756Z [DEBUG] Received response (Length: 199)
2026-01-20T00:12:53.9817679Z     🤖 AI Next Step Suggestion: fill -> Order reference
2026-01-20T00:12:53.9818804Z     🧩 Suggested Locator: #id_order
2026-01-20T00:12:53.9819977Z     💭 Reasoning: The order reference field is visible and needs to be filled to complete the form.
2026-01-20T00:12:53.9821128Z     ➕ Injected AI step: fill -> Order reference
2026-01-20T00:12:53.9821872Z   ▶️ [STEP step_2_ai_5] FILL: Order reference
2026-01-20T00:12:53.9881462Z     🎯 Using AI-provided locator: #id_order
2026-01-20T00:12:53.9937345Z     ✅ Found 1 verified locators
2026-01-20T00:12:59.4381896Z     ✅ State transitioned.
2026-01-20T00:13:00.8910563Z [DEBUG] Sending request to gemini-2.0-flash. Number of parts: 2
2026-01-20T00:13:00.8911279Z [DEBUG] Received response (Length: 167)
2026-01-20T00:13:00.8912164Z     🤖 AI Next Step Suggestion: click -> Choose File
2026-01-20T00:13:00.8912807Z     🧩 Suggested Locator: #uniform-fileUpload
2026-01-20T00:13:00.8913628Z     💭 Reasoning: The next logical step is to attach a file to the contact form.
2026-01-20T00:13:00.8914154Z     ➕ Injected AI step: click -> Choose File
2026-01-20T00:13:00.8914518Z   ▶️ [STEP step_2_ai_6] CLICK: Choose File
2026-01-20T00:13:00.8971189Z     🎯 Using AI-provided locator: #uniform-fileUpload
2026-01-20T00:13:00.9030309Z     ✅ Found 1 verified locators
2026-01-20T00:13:04.9479629Z     ✅ State transitioned.
2026-01-20T00:13:04.9557616Z     🔄 Revisited state detected (count: 1)
2026-01-20T00:13:06.5216427Z [DEBUG] Sending request to gemini-2.0-flash. Number of parts: 2
2026-01-20T00:13:06.5217250Z [DEBUG] Received response (Length: 185)
2026-01-20T00:13:06.5218207Z     🤖 AI Next Step Suggestion: fill -> Email address
2026-01-20T00:13:06.5218956Z     🧩 Suggested Locator: #email
2026-01-20T00:13:06.5219915Z     💭 Reasoning: Filling the email address field to complete the contact form.
2026-01-20T00:13:06.5220889Z     ➕ Injected AI step: fill -> Email address
2026-01-20T00:13:06.5221563Z   ▶️ [STEP step_2_ai_7] FILL: Email address
2026-01-20T00:13:06.5277720Z     🎯 Using AI-provided locator: #email
2026-01-20T00:13:06.5335002Z     ✅ Found 1 verified locators
2026-01-20T00:13:13.8593620Z     ✅ State transitioned.
2026-01-20T00:13:13.8666490Z     🔄 Revisited state detected (count: 2)
2026-01-20T00:13:15.5413346Z [DEBUG] Sending request to gemini-2.0-flash. Number of parts: 2
2026-01-20T00:13:15.5414024Z [DEBUG] Received response (Length: 213)
2026-01-20T00:13:15.5414718Z     🤖 AI Next Step Suggestion: fill -> Message
2026-01-20T00:13:15.5415132Z     🧩 Suggested Locator: #message
2026-01-20T00:13:15.5415789Z     💭 Reasoning: The 'Message' field is visible and needs to be filled to complete the contact us form.
2026-01-20T00:13:15.5416428Z     ➕ Injected AI step: fill -> Message
2026-01-20T00:13:15.5416849Z   ▶️ [STEP step_2_ai_8] FILL: Message
2026-01-20T00:13:15.5474086Z     🎯 Using AI-provided locator: #message
2026-01-20T00:13:15.5528192Z     ✅ Found 1 verified locators
2026-01-20T00:13:23.4760892Z     ✅ State transitioned.
2026-01-20T00:13:23.4844347Z     🔄 Revisited state detected (count: 3)
2026-01-20T00:13:23.4844969Z     ⚠️ Too many revisits (3). Stopping AI step injection to prevent loops.
2026-01-20T00:13:23.4845387Z   ▶️ [STEP step_3] ASSERT_URL: 
2026-01-20T00:13:28.5001446Z     ⚠️ Scroll into view failed for text=None. Proceeding anyway.
2026-01-20T00:13:30.5024248Z     ✅ State transitioned.
2026-01-20T00:13:30.5099322Z     🔄 Revisited state detected (count: 4)
2026-01-20T00:13:30.5100215Z     ⚠️ Too many revisits (4). Stopping AI step injection to prevent loops.
2026-01-20T00:13:30.5100984Z   ▶️ [STEP step_4] SELECT: id_contact
2026-01-20T00:13:30.5155393Z     🔍 Mining locators for: 'id_contact'
2026-01-20T00:13:30.6245938Z     🧠 Consulting AI (Vision-First) to find 'id_contact'...
2026-01-20T00:13:30.6247039Z     🔍 Trying smart selectors for 'id_contact'...
2026-01-20T00:13:30.7083372Z     🔍 [SMART] Searching for: 'id_contact' (trying 15+ strategies)
2026-01-20T00:13:30.7084244Z     ⚠️ Smart selectors failed (no unique match). Falling back to AI Vision...
2026-01-20T00:13:30.7086448Z     🧠 [EXPERT] Strategy: Act as Senior SDET focusing on exploring the application to understand functional flow and identifying critical paths for end-to-end automation.
2026-01-20T00:13:32.3662827Z [DEBUG] Sending request to gemini-2.0-flash. Number of parts: 2
2026-01-20T00:13:32.3663948Z [DEBUG] Received response (Length: 288)
2026-01-20T00:13:32.3666521Z     💡 Expert Suggestion: The 'id_contact' might be associated with user account details or order history, which are often accessible through the cart or account section.
2026-01-20T00:13:32.3668419Z     🛠️ Executing corrective action: click -> 'Cart (empty)'
2026-01-20T00:13:32.4248378Z     🔄 Retry 1/3 mining locators for 'id_contact'...
2026-01-20T00:13:33.4750238Z     🧠 Consulting AI (Vision-First) to find 'id_contact'...
2026-01-20T00:13:33.4751024Z     🔍 Trying smart selectors for 'id_contact'...
2026-01-20T00:13:33.5573493Z     🔍 [SMART] Searching for: 'id_contact' (trying 15+ strategies)
2026-01-20T00:13:33.5574469Z     ⚠️ Smart selectors failed (no unique match). Falling back to AI Vision...
2026-01-20T00:13:33.5576440Z     🧠 [EXPERT] Strategy: Act as Senior SDET focusing on exploring the application to understand functional flow and identifying critical paths for end-to-end automation.
2026-01-20T00:13:33.5579644Z [CACHE HIT] 865491fe... (hits: 9, misses: 31)
2026-01-20T00:13:33.5580140Z     ⚠️ Skipping duplicate injection: Cart (empty)
2026-01-20T00:13:33.5580534Z     🔄 Retry 2/3 mining locators for 'id_contact'...
2026-01-20T00:13:34.5594120Z     🗑️ Invalidating stale AI cache (retry 2)...
2026-01-20T00:13:34.6081155Z     🧠 Consulting AI (Vision-First) to find 'id_contact'...
2026-01-20T00:13:34.6081998Z     🔍 Trying smart selectors for 'id_contact'...
2026-01-20T00:13:34.6900042Z     🔍 [SMART] Searching for: 'id_contact' (trying 15+ strategies)
2026-01-20T00:13:34.6900893Z     ⚠️ Smart selectors failed (no unique match). Falling back to AI Vision...
2026-01-20T00:13:34.6901863Z     🧠 [EXPERT] Strategy: Act as Senior SDET focusing on exploring the application to understand functional flow and identifying critical paths for end-to-end automation.
2026-01-20T00:13:34.6905185Z [CACHE HIT] 865491fe... (hits: 10, misses: 31)
2026-01-20T00:13:34.6905919Z     ⚠️ Skipping duplicate injection: Cart (empty)
2026-01-20T00:13:34.6906479Z     🧠 Verifying step validity for 'id_contact' after no candidates found...
2026-01-20T00:13:37.1652112Z [DEBUG] Sending request to gemini-2.0-flash. Number of parts: 2
2026-01-20T00:13:37.1653378Z [DEBUG] Received response (Length: 357)
2026-01-20T00:13:37.1654669Z     🛠️ Self-Correction: Step is valid. Using new locator: #id_contact
2026-01-20T00:13:40.1930398Z     ✅ State transitioned.
2026-01-20T00:13:40.2007977Z     🔄 Revisited state detected (count: 5)
2026-01-20T00:13:40.2008792Z     ⚠️ Too many revisits (5). Stopping AI step injection to prevent loops.
2026-01-20T00:13:40.2009507Z     ⚡ PARALLEL MODE: Batching 2 fill steps
2026-01-20T00:13:40.2010046Z     ⚡ Batch mining 2 fields in parallel...
2026-01-20T00:13:40.2581899Z     ✅ Batch mined 'Email address' (5 locators)
2026-01-20T00:13:40.2582562Z     ✅ Batch mined 'Message' (5 locators)
2026-01-20T00:13:40.2583293Z     ✅ Batch mined 2/2 steps successfully
2026-01-20T00:13:40.2583800Z   ▶️ [STEP step_7] CLICK: Send
2026-01-20T00:13:40.2638661Z     🔍 Mining locators for: 'Send'
2026-01-20T00:13:40.3384148Z     ✅ Found 4 verified locators
2026-01-20T00:13:43.9417857Z     ✅ State transitioned.
2026-01-20T00:13:45.5713928Z [DEBUG] Sending request to gemini-2.0-flash. Number of parts: 2
2026-01-20T00:13:45.5714602Z [DEBUG] Received response (Length: 253)
2026-01-20T00:13:45.5715367Z     🤖 AI Next Step Suggestion: click -> -- Choose --
2026-01-20T00:13:45.5716542Z     💭 Reasoning: The error message indicates that a subject must be selected from the dropdown. Clicking the dropdown is the next logical step to address the error.
2026-01-20T00:13:45.5717287Z     ➕ Injected AI step: click -> -- Choose --
2026-01-20T00:13:45.5717622Z   ▶️ [STEP step_7_ai_1] CLICK: -- Choose --
2026-01-20T00:13:45.5884500Z     🔍 Mining locators for: '-- Choose --'
2026-01-20T00:13:45.6496512Z     ✅ Found 1 verified locators
2026-01-20T00:13:49.2178701Z     ✅ State transitioned.
2026-01-20T00:13:49.2256214Z     🔄 Revisited state detected (count: 1)
2026-01-20T00:13:50.8578829Z [DEBUG] Sending request to gemini-2.0-flash. Number of parts: 2
2026-01-20T00:13:50.8579314Z [DEBUG] Received response (Length: 237)
2026-01-20T00:13:50.8580049Z     🤖 AI Next Step Suggestion: click -> -- Choose --
2026-01-20T00:13:50.8580616Z     🧩 Suggested Locator: #uniform-id_contact > span
2026-01-20T00:13:50.8581506Z     💭 Reasoning: The error message indicates that a subject must be selected. Clicking the dropdown is the next logical step to resolve this.
2026-01-20T00:13:50.8582557Z ⚠️ Loop detected: same AI suggestion repeated 2 times without state change. Moving to next step.
2026-01-20T00:13:50.8583607Z   ▶️ [STEP step_8] ASSERT_VISIBLE: Your message has been successfully sent to our team.
2026-01-20T00:13:50.8643696Z     🔍 Mining locators for: 'Your message has been successfully sent to our team.'
2026-01-20T00:13:50.9158076Z     🧠 Consulting AI (Vision-First) to find 'Your message has been successfully sent to our team.'...
2026-01-20T00:13:50.9159730Z     🔍 Trying smart selectors for 'Your message has been successfully sent to our team.'...
2026-01-20T00:13:51.0234930Z     🔍 [SMART] Searching for: 'Your message has been successfully sent to our team.' (trying 15+ strategies)
2026-01-20T00:13:51.0235988Z     ✅ Smart selector found 'Your message has been successfully sent to our team.' via fuzzy-token (confidence: 0.75)
2026-01-20T00:13:51.0299376Z     ✅ Found 1 verified locators
2026-01-20T00:13:54.0590081Z     ✅ State transitioned.
2026-01-20T00:13:54.0671097Z     🔄 Revisited state detected (count: 2)
2026-01-20T00:13:55.7979120Z [DEBUG] Sending request to gemini-2.0-flash. Number of parts: 2
2026-01-20T00:13:55.7979698Z [DEBUG] Received response (Length: 236)
2026-01-20T00:13:55.7980523Z     🤖 AI Next Step Suggestion: click -> -- Choose --
2026-01-20T00:13:55.7981352Z     💭 Reasoning: The form has an error message indicating that a subject must be selected. Clicking the dropdown will allow a subject to be chosen.
2026-01-20T00:13:55.7982020Z     ➕ Injected AI step: click -> -- Choose --
2026-01-20T00:13:55.7982357Z   ▶️ [STEP step_8_ai_1] CLICK: -- Choose --
2026-01-20T00:13:55.8042118Z     🔍 Mining locators for: '-- Choose --'
2026-01-20T00:13:55.8709133Z     ✅ Found 1 verified locators
2026-01-20T00:13:59.4353752Z     ✅ State transitioned.
2026-01-20T00:13:59.4429150Z     🔄 Revisited state detected (count: 3)
2026-01-20T00:13:59.4429865Z     ⚠️ Too many revisits (3). Stopping AI step injection to prevent loops.
2026-01-20T00:14:01.4765553Z 
2026-01-20T00:14:01.4767049Z [3/3] Exploring Scenario: Browse Women's Dresses
2026-01-20T00:14:01.4769494Z     🧠 Initialized exploration context for goal: 'This scenario tests browsing the women's dresses category and applying filters.'
2026-01-20T00:14:01.4770612Z     🎯 Scenario: Browse Women's Dresses
2026-01-20T00:14:01.4771421Z   ▶️ [STEP step_1] NAVIGATE: 
2026-01-20T00:14:04.4459918Z     ✅ Navigated to http://www.automationpractice.pl/
2026-01-20T00:14:04.4461326Z   ▶️ [STEP step_2] CLICK: Women
2026-01-20T00:14:04.4639058Z     🔍 Mining locators for: 'Women'
2026-01-20T00:14:04.6341789Z     ✅ Found 3 verified locators
2026-01-20T00:14:08.1995247Z     ✅ State transitioned.
2026-01-20T00:14:10.4310371Z [DEBUG] Sending request to gemini-2.0-flash. Number of parts: 2
2026-01-20T00:14:10.4311086Z [DEBUG] Received response (Length: 267)
2026-01-20T00:14:10.4311872Z     🤖 AI Next Step Suggestion: click -> Dresses
2026-01-20T00:14:10.4314245Z     💭 Reasoning: The goal is to test browsing the women's dresses category and applying filters. Clicking on the 'Dresses' category under 'WOMEN' will navigate to the dresses section.
2026-01-20T00:14:10.4315737Z     ➕ Injected AI step: click -> Dresses
2026-01-20T00:14:10.4316273Z   ▶️ [STEP step_2_ai_1] CLICK: Dresses
2026-01-20T00:14:10.4489360Z     🔍 Mining locators for: 'Dresses'
2026-01-20T00:14:10.6980558Z     ✅ Found 5 verified locators
2026-01-20T00:14:14.2680719Z     ✅ State transitioned.
2026-01-20T00:14:16.5822388Z [DEBUG] Sending request to gemini-2.0-flash. Number of parts: 2
2026-01-20T00:14:16.5823067Z [DEBUG] Received response (Length: 208)
2026-01-20T00:14:16.5823790Z     🤖 AI Next Step Suggestion: click -> Casual Dresses
2026-01-20T00:14:16.5824357Z     🧩 Suggested Locator: a[title='Casual Dresses']
2026-01-20T00:14:16.5824954Z     💭 Reasoning: To apply filters, I will click on the 'Casual Dresses' link under the 'Subcategories' section.
2026-01-20T00:14:16.5825517Z     ➕ Injected AI step: click -> Casual Dresses
2026-01-20T00:14:16.5825859Z   ▶️ [STEP step_2_ai_2] CLICK: Casual Dresses
2026-01-20T00:14:16.5990198Z     🎯 Using AI-provided locator: a[title='Casual Dresses']
2026-01-20T00:14:16.6012633Z     🔍 Mining locators for: 'Casual Dresses'
2026-01-20T00:14:16.7887657Z     ✅ Found 5 verified locators
2026-01-20T00:14:20.3488284Z     ✅ State transitioned.
2026-01-20T00:14:22.2374256Z [DEBUG] Sending request to gemini-2.0-flash. Number of parts: 2
2026-01-20T00:14:22.2374821Z [DEBUG] Received response (Length: 170)
2026-01-20T00:14:22.2375631Z     🤖 AI Next Step Suggestion: click -> Orange (1)
2026-01-20T00:14:22.2376068Z     🧩 Suggested Locator: a
2026-01-20T00:14:22.2376706Z     💭 Reasoning: The goal is to apply filters. 'Orange (1)' is a visible filter option under 'Color'.
2026-01-20T00:14:22.2377347Z     ➕ Injected AI step: click -> Orange (1)
2026-01-20T00:14:22.2377691Z   ▶️ [STEP step_2_ai_3] CLICK: Orange (1)
2026-01-20T00:14:22.2539335Z     🎯 Using AI-provided locator: a
2026-01-20T00:14:22.2603405Z     ✅ Found 1 verified locators
2026-01-20T00:14:26.3102022Z     ✅ State transitioned.
2026-01-20T00:14:28.3822265Z [DEBUG] Sending request to gemini-2.0-flash. Number of parts: 2
2026-01-20T00:14:28.3823214Z [DEBUG] Received response (Length: 298)
2026-01-20T00:14:28.3824050Z     🤖 AI Next Step Suggestion: done -> N/A
2026-01-20T00:14:28.3826876Z     💭 Reasoning: The current page does not display the filtered results. The application of the filter 'Orange' should have led to a product listing page. Since the current page is the home page, the scenario is not progressing as expected and cannot be completed from here.
2026-01-20T00:14:28.3829366Z   ▶️ [STEP step_3] ASSERT_URL: 
2026-01-20T00:14:33.4086062Z     ⚠️ Scroll into view failed for text=None. Proceeding anyway.
2026-01-20T00:14:35.4109213Z     ✅ State transitioned.
2026-01-20T00:14:37.3578592Z [DEBUG] Sending request to gemini-2.0-flash. Number of parts: 2
2026-01-20T00:14:37.3579461Z [DEBUG] Received response (Length: 336)
2026-01-20T00:14:37.3581426Z     🤖 AI Next Step Suggestion: assert_url -> http://www.automationpractice.pl/index.php?id_category=9&controller=category&id_lang=1&color=Orange
2026-01-20T00:14:37.3584125Z     💭 Reasoning: After applying the 'Orange' filter, the URL should reflect the applied filter. This action verifies that the filter was applied correctly.
2026-01-20T00:14:37.3586715Z     ➕ Injected AI step: assert_url -> http://www.automationpractice.pl/index.php?id_category=9&controller=category&id_lang=1&color=Orange
2026-01-20T00:14:37.3588851Z   ▶️ [STEP step_3_ai_1] ASSERT_URL: http://www.automationpractice.pl/index.php?id_category=9&controller=category&id_lang=1&color=Orange
2026-01-20T00:14:37.3650479Z     🔍 Mining locators for: 'http://www.automationpractice.pl/index.php?id_category=9&controller=category&id_lang=1&color=Orange'
2026-01-20T00:14:37.4245708Z     🧠 Consulting AI (Vision-First) to find 'http://www.automationpractice.pl/index.php?id_category=9&controller=category&id_lang=1&color=Orange'...
2026-01-20T00:14:37.4248226Z     🔍 Trying smart selectors for 'http://www.automationpractice.pl/index.php?id_category=9&controller=category&id_lang=1&color=Orange'...
2026-01-20T00:14:37.5146442Z     🔍 [SMART] Searching for: 'http://www.automationpractice.pl/index.php?id_category=9&controller=category&id_lang=1&color=Orange' (trying 15+ strategies)
2026-01-20T00:14:37.5147430Z     ⚠️ Smart selectors failed (no unique match). Falling back to AI Vision...
2026-01-20T00:14:37.5148343Z     🧠 [EXPERT] Strategy: Act as Senior SDET focusing on exploring the application to understand functional flow and identifying critical paths for end-to-end automation.
2026-01-20T00:14:42.5547715Z [DEBUG] Sending request to gemini-2.0-flash. Number of parts: 2
2026-01-20T00:14:42.5548393Z [DEBUG] Received response (Length: 325)
2026-01-20T00:14:42.5550355Z     💡 Expert Suggestion: The target URL contains category information, suggesting it's a product category page. Clicking on 'WOMEN' is the most likely way to navigate to a page where product categories are listed.
2026-01-20T00:14:42.5552023Z     🛠️ Executing corrective action: click -> 'WOMEN'
2026-01-20T00:14:43.7930764Z     ✅ Executed corrective navigation
2026-01-20T00:14:45.7960091Z     🔄 Retry 1/3 mining locators for 'http://www.automationpractice.pl/index.php?id_category=9&controller=category&id_lang=1&color=Orange'...
2026-01-20T00:14:46.9076373Z     🧠 Consulting AI (Vision-First) to find 'http://www.automationpractice.pl/index.php?id_category=9&controller=category&id_lang=1&color=Orange'...
2026-01-20T00:14:46.9078467Z     🔍 Trying smart selectors for 'http://www.automationpractice.pl/index.php?id_category=9&controller=category&id_lang=1&color=Orange'...
2026-01-20T00:14:47.0132531Z     🔍 [SMART] Searching for: 'http://www.automationpractice.pl/index.php?id_category=9&controller=category&id_lang=1&color=Orange' (trying 15+ strategies)
2026-01-20T00:14:47.0133821Z     ⚠️ Smart selectors failed (no unique match). Falling back to AI Vision...
2026-01-20T00:14:47.0134778Z     🧠 [EXPERT] Strategy: Act as Senior SDET focusing on exploring the application to understand functional flow and identifying critical paths for end-to-end automation.
2026-01-20T00:14:48.6345345Z [DEBUG] Sending request to gemini-2.0-flash. Number of parts: 2
2026-01-20T00:14:48.6346264Z [DEBUG] Received response (Length: 327)
2026-01-20T00:14:48.6349418Z     💡 Expert Suggestion: The target URL specifies a category ID of 9, which likely corresponds to a specific subcategory within the 'Women' category. Navigating to the 'Women' category will allow filtering by color.
2026-01-20T00:14:48.6352114Z     🛠️ Executing corrective action: click -> 'Women'
2026-01-20T00:14:49.3322631Z     ✅ Executed corrective navigation
2026-01-20T00:14:51.3346461Z     🔄 Retry 2/3 mining locators for 'http://www.automationpractice.pl/index.php?id_category=9&controller=category&id_lang=1&color=Orange'...
2026-01-20T00:14:52.3359294Z     🗑️ Invalidating stale AI cache (retry 2)...
2026-01-20T00:14:52.4414225Z     🧠 Consulting AI (Vision-First) to find 'http://www.automationpractice.pl/index.php?id_category=9&controller=category&id_lang=1&color=Orange'...
2026-01-20T00:14:52.4415518Z     🔍 Trying smart selectors for 'http://www.automationpractice.pl/index.php?id_category=9&controller=category&id_lang=1&color=Orange'...
2026-01-20T00:14:52.5347313Z     🔍 [SMART] Searching for: 'http://www.automationpractice.pl/index.php?id_category=9&controller=category&id_lang=1&color=Orange' (trying 15+ strategies)
2026-01-20T00:14:52.5349113Z     ⚠️ Smart selectors failed (no unique match). Falling back to AI Vision...
2026-01-20T00:14:52.5350689Z     🧠 [EXPERT] Strategy: Act as Senior SDET focusing on exploring the application to understand functional flow and identifying critical paths for end-to-end automation.
2026-01-20T00:14:52.5353483Z [CACHE HIT] 9adc5bad... (hits: 11, misses: 42)
2026-01-20T00:14:52.5354098Z     ⚠️ Skipping duplicate injection: Women
2026-01-20T00:14:52.5355601Z     🧠 Verifying step validity for 'http://www.automationpractice.pl/index.php?id_category=9&controller=category&id_lang=1&color=Orange' after no candidates found...
2026-01-20T00:14:54.2454153Z [DEBUG] Sending request to gemini-2.0-flash. Number of parts: 2
2026-01-20T00:14:54.2454881Z [DEBUG] Received response (Length: 382)
2026-01-20T00:14:54.2458694Z     🗑️ Step deemed INVALID: The target URL contains 'id_category=9', which corresponds to 'T-shirts'. However, the current page is the 'Women' category (id_category=3). The target URL also specifies a color filter ('color=Orange'), which is not visible in the current page's left-hand navigation. Therefore, the element is not present on this page.. Removing from workflow.
2026-01-20T00:14:54.2463088Z     ⏭️ Skipping execution of invalid step: http://www.automationpractice.pl/index.php?id_category=9&controller=category&id_lang=1&color=Orange
2026-01-20T00:14:54.2464564Z   ▶️ [STEP step_4] CLICK: Dresses (5)
2026-01-20T00:14:54.2527307Z     🔍 Mining locators for: 'Dresses (5)'
2026-01-20T00:14:54.3638142Z     🔄 Retry 1/3 mining locators for 'Dresses (5)'...
2026-01-20T00:14:55.5299799Z     🔄 Retry 2/3 mining locators for 'Dresses (5)'...
2026-01-20T00:14:56.5312757Z     🗑️ Invalidating stale AI cache (retry 2)...
2026-01-20T00:14:56.6458524Z     🧠 Verifying step validity for 'Dresses (5)' after mining failure...
2026-01-20T00:14:59.1060537Z [DEBUG] Sending request to gemini-2.0-flash. Number of parts: 2
2026-01-20T00:14:59.1061001Z [DEBUG] Received response (Length: 234)
2026-01-20T00:14:59.1061918Z     🛠️ Self-Correction: Step is valid. Using new locator: #categories_block_left > div > ul > li:nth-child(2) > a
2026-01-20T00:15:03.1618232Z     ✅ State transitioned.
2026-01-20T00:15:03.1798108Z     🔄 Revisited state detected (count: 1)
2026-01-20T00:15:05.0798634Z [DEBUG] Sending request to gemini-2.0-flash. Number of parts: 2
2026-01-20T00:15:05.0799365Z [DEBUG] Received response (Length: 284)
2026-01-20T00:15:05.0800141Z     🤖 AI Next Step Suggestion: click -> Dresses
2026-01-20T00:15:05.0801439Z     💭 Reasoning: The last action was clicking 'Dresses (5)', which likely refreshed the page or re-applied the filter. To continue filtering, I will click 'Dresses' again to see the available options.
2026-01-20T00:15:05.0802287Z     ➕ Injected AI step: click -> Dresses
2026-01-20T00:15:05.0802606Z   ▶️ [STEP step_4_ai_1] CLICK: Dresses
2026-01-20T00:15:05.0978168Z     🔍 Mining locators for: 'Dresses'
2026-01-20T00:15:05.6044815Z     ✅ Found 28 verified locators
2026-01-20T00:15:09.1653814Z     ✅ State transitioned.
2026-01-20T00:15:10.9528157Z [DEBUG] Sending request to gemini-2.0-flash. Number of parts: 2
2026-01-20T00:15:10.9528908Z [DEBUG] Received response (Length: 215)
2026-01-20T00:15:10.9529840Z     🤖 AI Next Step Suggestion: click -> Printed Dress
2026-01-20T00:15:10.9530565Z     🧩 Suggested Locator: a[title='Printed Dress']
2026-01-20T00:15:10.9531983Z     💭 Reasoning: There is one product available, so clicking on it is the next logical step to view the product details.
2026-01-20T00:15:10.9533549Z     ➕ Injected AI step: click -> Printed Dress
2026-01-20T00:15:10.9534273Z   ▶️ [STEP step_4_ai_2] CLICK: Printed Dress
2026-01-20T00:15:10.9692623Z     🎯 Using AI-provided locator: a[title='Printed Dress']
2026-01-20T00:15:10.9758413Z     ✅ Found 1 verified locators
2026-01-20T00:15:15.0381183Z     ✅ State transitioned.
2026-01-20T00:15:16.8587421Z [DEBUG] Sending request to gemini-2.0-flash. Number of parts: 2
2026-01-20T00:15:16.8588133Z [DEBUG] Received response (Length: 294)
2026-01-20T00:15:16.8588792Z     🤖 AI Next Step Suggestion: click -> Close the product details popup
2026-01-20T00:15:16.8589391Z     🧩 Suggested Locator: #fancybox-frame1768868112528
2026-01-20T00:15:16.8590841Z     💭 Reasoning: The product details are displayed in a popup. Since the product is out of stock, the next logical step is to close the popup and continue browsing the category.
2026-01-20T00:15:16.8592151Z     ➕ Injected AI step: click -> Close the product details popup
2026-01-20T00:15:16.8592811Z   ▶️ [STEP step_4_ai_3] CLICK: Close the product details popup
2026-01-20T00:15:16.8653515Z     🎯 Using AI-provided locator: #fancybox-frame1768868112528
2026-01-20T00:15:16.8714451Z     ✅ Found 1 verified locators
2026-01-20T00:15:20.9399854Z     ✅ State transitioned.
2026-01-20T00:15:20.9502546Z     🔄 Revisited state detected (count: 1)
2026-01-20T00:15:22.8429159Z [DEBUG] Sending request to gemini-2.0-flash. Number of parts: 2
2026-01-20T00:15:22.8430050Z [DEBUG] Received response (Length: 267)
2026-01-20T00:15:22.8431326Z     🤖 AI Next Step Suggestion: click -> Close the product details popup
2026-01-20T00:15:22.8432383Z     🧩 Suggested Locator: .fancybox-close
2026-01-20T00:15:22.8434870Z     💭 Reasoning: The product details popup is still open, and the previous action was to close it. It needs to be closed to continue browsing the dresses category.
2026-01-20T00:15:22.8437488Z ⚠️ Loop detected: same AI suggestion repeated 2 times without state change. Moving to next step.
2026-01-20T00:15:22.8439058Z   ▶️ [STEP step_5] ASSERT_VISIBLE: Summer Dresses (3)
2026-01-20T00:15:22.8498123Z     🔍 Mining locators for: 'Summer Dresses (3)'
2026-01-20T00:15:22.9228285Z     🧠 Consulting AI (Vision-First) to find 'Summer Dresses (3)'...
2026-01-20T00:15:22.9228958Z     🔍 Trying smart selectors for 'Summer Dresses (3)'...
2026-01-20T00:15:23.0271295Z     🔍 [SMART] Searching for: 'Summer Dresses (3)' (trying 15+ strategies)
2026-01-20T00:15:23.0272266Z     ⚠️ Smart selectors failed (no unique match). Falling back to AI Vision...
2026-01-20T00:15:23.0274442Z     🧠 [EXPERT] Strategy: Act as Senior SDET focusing on exploring the application to understand functional flow and identifying critical paths for end-to-end automation.
2026-01-20T00:15:28.1231846Z [DEBUG] Sending request to gemini-2.0-flash. Number of parts: 2
2026-01-20T00:15:28.1232586Z [DEBUG] Received response (Length: 313)
2026-01-20T00:15:28.1235090Z     💡 Expert Suggestion: The target 'Summer Dresses (3)' is not visible in the current view. It is likely located on the main product listing page, which can be accessed by navigating to 'Products'.
2026-01-20T00:15:28.1237150Z     🛠️ Executing corrective action: click -> 'Products'
2026-01-20T00:15:28.2063663Z     🔄 Retry 1/3 mining locators for 'Summer Dresses (3)'...
2026-01-20T00:15:29.3061418Z     🧠 Consulting AI (Vision-First) to find 'Summer Dresses (3)'...
2026-01-20T00:15:29.3062226Z     🔍 Trying smart selectors for 'Summer Dresses (3)'...
2026-01-20T00:15:29.4073912Z     🔍 [SMART] Searching for: 'Summer Dresses (3)' (trying 15+ strategies)
2026-01-20T00:15:29.4075113Z     ⚠️ Smart selectors failed (no unique match). Falling back to AI Vision...
2026-01-20T00:15:29.4076143Z     🧠 [EXPERT] Strategy: Act as Senior SDET focusing on exploring the application to understand functional flow and identifying critical paths for end-to-end automation.
2026-01-20T00:15:29.4125584Z [CACHE HIT] 700447a7... (hits: 12, misses: 49)
2026-01-20T00:15:29.4126212Z     ⚠️ Skipping duplicate injection: Products
2026-01-20T00:15:29.4126643Z     🔄 Retry 2/3 mining locators for 'Summer Dresses (3)'...
2026-01-20T00:15:30.4093112Z     🗑️ Invalidating stale AI cache (retry 2)...
2026-01-20T00:15:30.5225870Z     🧠 Consulting AI (Vision-First) to find 'Summer Dresses (3)'...
2026-01-20T00:15:30.5226388Z     🔍 Trying smart selectors for 'Summer Dresses (3)'...
2026-01-20T00:15:30.6236154Z     🔍 [SMART] Searching for: 'Summer Dresses (3)' (trying 15+ strategies)
2026-01-20T00:15:30.6237433Z     ⚠️ Smart selectors failed (no unique match). Falling back to AI Vision...
2026-01-20T00:15:30.6239467Z     🧠 [EXPERT] Strategy: Act as Senior SDET focusing on exploring the application to understand functional flow and identifying critical paths for end-to-end automation.
2026-01-20T00:15:30.6242668Z [CACHE HIT] 700447a7... (hits: 13, misses: 49)
2026-01-20T00:15:30.6243548Z     ⚠️ Skipping duplicate injection: Products
2026-01-20T00:15:30.6244683Z     🧠 Verifying step validity for 'Summer Dresses (3)' after no candidates found...
2026-01-20T00:15:32.6631913Z [DEBUG] Sending request to gemini-2.0-flash. Number of parts: 2
2026-01-20T00:15:32.6632359Z [DEBUG] Received response (Length: 213)
2026-01-20T00:15:32.6634069Z     🗑️ Step deemed INVALID: The screenshot shows a product quick view popup, not the category page. Therefore, 'Summer Dresses (3)' is not visible, and the interaction is invalid.. Removing from workflow.
2026-01-20T00:15:32.6635146Z     ⏭️ Skipping execution of invalid step: Summer Dresses (3)
2026-01-20T00:15:34.7053814Z 🗂️  All generated tests written to /home/runner/work/build_qa_automation/build_qa_automation/projects/ci_automation_practice/tests/generated_scenarios.json
2026-01-20T00:15:34.7054931Z 
2026-01-20T00:15:34.7055481Z 📝 Processing scenario 'Search, Add to Cart, and Checkout' with 10 steps
2026-01-20T00:15:34.7056315Z   🔍 Step 1 (fill): Found 6 mined locators
2026-01-20T00:15:34.7057054Z       ✅ Kept robust locator (0.80): role=textbox[name='Search']...
2026-01-20T00:15:34.7057847Z       ✅ Kept robust locator (0.70): text='Search'...
2026-01-20T00:15:34.7058750Z       ⚠️ Skipping low-confidence locator (0.60): [placeholder='Search']...
2026-01-20T00:15:34.7059618Z       ✅ Kept robust locator (0.85): #search_query_top...
2026-01-20T00:15:34.7060417Z       ✅ Kept robust locator (0.75): input[name='search_query']...
2026-01-20T00:15:34.7061293Z       ✅ Kept robust locator (0.75): button[name='submit_search']...
2026-01-20T00:15:34.7062081Z   💾 Saved 3 robust locators (top stability: 0.85)
2026-01-20T00:15:34.7062770Z   🔍 Step 2 (click): Found 1 mined locators
2026-01-20T00:15:34.7063869Z       ✅ Kept robust locator (0.70): text=Lorem ipsum dolor sit amet, consectetur adipi...
2026-01-20T00:15:34.7064789Z   💾 Saved 1 robust locators (top stability: 0.70)
2026-01-20T00:15:34.7065441Z   🔍 Step 3 (click): Found 6 mined locators
2026-01-20T00:15:34.7066177Z       ✅ Kept robust locator (0.80): role=textbox[name='Search']...
2026-01-20T00:15:34.7066944Z       ✅ Kept robust locator (0.70): text='Search'...
2026-01-20T00:15:34.7067799Z       ⚠️ Skipping low-confidence locator (0.60): [placeholder='Search']...
2026-01-20T00:15:34.7068666Z       ✅ Kept robust locator (0.85): #search_query_top...
2026-01-20T00:15:34.7069450Z       ✅ Kept robust locator (0.75): input[name='search_query']...
2026-01-20T00:15:34.7070314Z       ✅ Kept robust locator (0.75): button[name='submit_search']...
2026-01-20T00:15:34.7071158Z   💾 Saved 3 robust locators (top stability: 0.85)
2026-01-20T00:15:34.7071889Z   🔍 Step 4 (assert_visible): Found 1 mined locators
2026-01-20T00:15:34.7072696Z       ✅ Kept robust locator (0.90): a:has-text('Printed Dress')...
2026-01-20T00:15:34.7073663Z   💾 Saved 1 robust locators (top stability: 0.90)
2026-01-20T00:15:34.7074378Z   🔍 Step 5 (wait_for_element): Found 1 mined locators
2026-01-20T00:15:34.7075128Z       ✅ Kept robust locator (0.90): a:has-text('Check out')...
2026-01-20T00:15:34.7075865Z   💾 Saved 1 robust locators (top stability: 0.90)
2026-01-20T00:15:34.7076510Z   🔍 Step 6 (click): Found 7 mined locators
2026-01-20T00:15:34.7077297Z       ✅ Kept robust locator (0.80): role=link[name='Printed Dress']...
2026-01-20T00:15:34.7078199Z       ✅ Kept robust locator (0.80): role=img[name='Printed Dress']...
2026-01-20T00:15:34.7079030Z       ✅ Kept robust locator (0.70): text='Printed Dress'...
2026-01-20T00:15:34.7080201Z       ⚠️ Skipping low-confidence locator (0.60): [title='Printed Dress']...
2026-01-20T00:15:34.7081314Z       ✅ Kept robust locator (0.70): text=Short dress, long dress, silk dress, printed ...
2026-01-20T00:15:34.7082556Z       ⚠️ Skipping low-confidence locator (0.60): [title='Short dress, long dress, silk dress, print...
2026-01-20T00:15:34.7083893Z       ✅ Kept robust locator (0.70): text=Long printed dress with thin......
2026-01-20T00:15:34.7084723Z   💾 Saved 3 robust locators (top stability: 0.80)
2026-01-20T00:15:34.7085365Z   🔍 Step 7 (click): Found 1 mined locators
2026-01-20T00:15:34.7086004Z       ✅ Kept robust locator (0.90): a.bx-next...
2026-01-20T00:15:34.7086980Z   💾 Saved 1 robust locators (top stability: 0.90)
2026-01-20T00:15:34.7087620Z   🔍 Step 8 (click): Found 1 mined locators
2026-01-20T00:15:34.7088383Z       ✅ Kept robust locator (0.90): a:has-text('Proceed to checkout')...
2026-01-20T00:15:34.7089183Z   💾 Saved 1 robust locators (top stability: 0.90)
2026-01-20T00:15:34.7090070Z ✅ Updated scenario 'Search, Add to Cart, and Checkout' with 10 validated steps
2026-01-20T00:15:34.7090637Z 
2026-01-20T00:15:34.7091086Z 📝 Processing scenario 'Contact Us Form Submission' with 18 steps
2026-01-20T00:15:34.7091827Z   🔍 Step 1 (click): Found 3 mined locators
2026-01-20T00:15:34.7092555Z       ✅ Kept robust locator (0.80): role=link[name='Contact us']...
2026-01-20T00:15:34.7093525Z       ✅ Kept robust locator (0.70): text='Contact us'...
2026-01-20T00:15:34.7094373Z       ⚠️ Skipping low-confidence locator (0.60): [title='Contact us']...
2026-01-20T00:15:34.7095190Z   💾 Saved 2 robust locators (top stability: 0.80)
2026-01-20T00:15:34.7095843Z   🔍 Step 2 (fill): Found 1 mined locators
2026-01-20T00:15:34.7096466Z       ✅ Kept robust locator (0.95): #email...
2026-01-20T00:15:34.7097113Z   💾 Saved 1 robust locators (top stability: 0.95)
2026-01-20T00:15:34.7097749Z   🔍 Step 3 (fill): Found 1 mined locators
2026-01-20T00:15:34.7098365Z       ✅ Kept robust locator (0.95): #message...
2026-01-20T00:15:34.7099044Z   💾 Saved 1 robust locators (top stability: 0.95)
2026-01-20T00:15:34.7099675Z   🔍 Step 4 (click): Found 1 mined locators
2026-01-20T00:15:34.7100360Z       ✅ Kept robust locator (0.70): text='-- Choose --'...
2026-01-20T00:15:34.7101067Z   💾 Saved 1 robust locators (top stability: 0.70)
2026-01-20T00:15:34.7101703Z   🔍 Step 5 (click): Found 1 mined locators
2026-01-20T00:15:34.7102466Z       ✅ Kept robust locator (0.70): text=CUSTOMER SERVICE - CONTACT US...
2026-01-20T00:15:34.7103786Z   💾 Saved 1 robust locators (top stability: 0.70)
2026-01-20T00:15:34.7104431Z   🔍 Step 6 (fill): Found 1 mined locators
2026-01-20T00:15:34.7105061Z       ✅ Kept robust locator (0.95): #id_order...
2026-01-20T00:15:34.7105742Z   💾 Saved 1 robust locators (top stability: 0.95)
2026-01-20T00:15:34.7106376Z   🔍 Step 7 (click): Found 1 mined locators
2026-01-20T00:15:34.7107157Z       ✅ Kept robust locator (0.95): #uniform-fileUpload...
2026-01-20T00:15:34.7107889Z   💾 Saved 1 robust locators (top stability: 0.95)
2026-01-20T00:15:34.7108542Z   🔍 Step 8 (fill): Found 1 mined locators
2026-01-20T00:15:34.7109142Z       ✅ Kept robust locator (0.95): #email...
2026-01-20T00:15:34.7109774Z   💾 Saved 1 robust locators (top stability: 0.95)
2026-01-20T00:15:34.7110404Z   🔍 Step 9 (fill): Found 1 mined locators
2026-01-20T00:15:34.7111038Z       ✅ Kept robust locator (0.95): #message...
2026-01-20T00:15:34.7111698Z   💾 Saved 1 robust locators (top stability: 0.95)
2026-01-20T00:15:34.7112354Z   🔍 Step 11 (select): Found 1 mined locators
2026-01-20T00:15:34.7113146Z       ✅ Kept robust locator (0.90): #id_contact...
2026-01-20T00:15:34.7113822Z   💾 Saved 1 robust locators (top stability: 0.90)
2026-01-20T00:15:34.7114711Z   🔍 Step 12 (fill): Found 5 mined locators
2026-01-20T00:15:34.7115392Z       ✅ Kept robust locator (0.70): text='Email address'...
2026-01-20T00:15:34.7116232Z       ✅ Kept robust locator (0.80): role=textbox[name='Email address']...
2026-01-20T00:15:34.7118951Z       ✅ Kept robust locator (0.70): text='Email address'...
2026-01-20T00:15:34.7119880Z       ✅ Kept robust locator (0.85): #email...
2026-01-20T00:15:34.7120604Z       ✅ Kept robust locator (0.75): input[name='from']...
2026-01-20T00:15:34.7121320Z   💾 Saved 3 robust locators (top stability: 0.85)
2026-01-20T00:15:34.7121958Z   🔍 Step 13 (fill): Found 5 mined locators
2026-01-20T00:15:34.7122696Z       ✅ Kept robust locator (0.80): role=textbox[name='Message']...
2026-01-20T00:15:34.7123684Z       ✅ Kept robust locator (0.70): text='Message'...
2026-01-20T00:15:34.7124349Z       ✅ Kept robust locator (0.85): #message...
2026-01-20T00:15:34.7125064Z       ✅ Kept robust locator (0.75): textarea[name='message']...
2026-01-20T00:15:34.7125879Z       ✅ Kept robust locator (0.70): text=SEND A MESSAGE...
2026-01-20T00:15:34.7126606Z   💾 Saved 3 robust locators (top stability: 0.85)
2026-01-20T00:15:34.7127262Z   🔍 Step 14 (click): Found 4 mined locators
2026-01-20T00:15:34.7127908Z       ✅ Kept robust locator (0.70): text='Send'...
2026-01-20T00:15:34.7128613Z       ✅ Kept robust locator (0.85): #submitMessage...
2026-01-20T00:15:34.7129353Z       ✅ Kept robust locator (0.70): text=SEND A MESSAGE...
2026-01-20T00:15:34.7130136Z       ✅ Kept robust locator (0.75): button[name='submitMessage']...
2026-01-20T00:15:34.7130864Z   💾 Saved 3 robust locators (top stability: 0.85)
2026-01-20T00:15:34.7131472Z   🔍 Step 15 (click): Found 1 mined locators
2026-01-20T00:15:34.7132106Z       ✅ Kept robust locator (0.70): text='-- Choose --'...
2026-01-20T00:15:34.7132766Z   💾 Saved 1 robust locators (top stability: 0.70)
2026-01-20T00:15:34.7133622Z   🔍 Step 16 (assert_visible): Found 1 mined locators
2026-01-20T00:15:34.7134516Z       ✅ Kept robust locator (0.75): textarea[name*='message' i], textarea[id*='message...
2026-01-20T00:15:34.7135353Z   💾 Saved 1 robust locators (top stability: 0.75)
2026-01-20T00:15:34.7135943Z   🔍 Step 17 (click): Found 1 mined locators
2026-01-20T00:15:34.7136560Z       ✅ Kept robust locator (0.70): text='-- Choose --'...
2026-01-20T00:15:34.7137239Z   💾 Saved 1 robust locators (top stability: 0.70)
2026-01-20T00:15:34.7138032Z ✅ Updated scenario 'Contact Us Form Submission' with 18 validated steps
2026-01-20T00:15:34.7138597Z 
2026-01-20T00:15:34.7138969Z 📝 Processing scenario 'Browse Women's Dresses' with 10 steps
2026-01-20T00:15:34.7139646Z   🔍 Step 1 (click): Found 3 mined locators
2026-01-20T00:15:34.7140297Z       ✅ Kept robust locator (0.80): role=link[name='Women']...
2026-01-20T00:15:34.7140961Z       ✅ Kept robust locator (0.70): text='Women'...
2026-01-20T00:15:34.7141684Z       ⚠️ Skipping low-confidence locator (0.60): [title='Women']...
2026-01-20T00:15:34.7142423Z   💾 Saved 2 robust locators (top stability: 0.80)
2026-01-20T00:15:34.7143189Z   🔍 Step 2 (click): Found 5 mined locators
2026-01-20T00:15:34.7143859Z       ✅ Kept robust locator (0.80): role=link[name='Dresses']...
2026-01-20T00:15:34.7144580Z       ✅ Kept robust locator (0.70): text='Dresses'...
2026-01-20T00:15:34.7145330Z       ⚠️ Skipping low-confidence locator (0.60): [title='Dresses']...
2026-01-20T00:15:34.7146303Z       ✅ Kept robust locator (0.70): text=Find your favorites dresses from our wide cho...
2026-01-20T00:15:34.7147156Z       ✅ Kept robust locator (0.70): text=Dresses (5)...
2026-01-20T00:15:34.7147768Z   💾 Saved 3 robust locators (top stability: 0.80)
2026-01-20T00:15:34.7148374Z   🔍 Step 3 (click): Found 5 mined locators
2026-01-20T00:15:34.7149132Z       ✅ Kept robust locator (0.80): role=link[name='Casual Dresses']...
2026-01-20T00:15:34.7150042Z       ✅ Kept robust locator (0.80): role=link[name='Casual Dresses (1)']...
2026-01-20T00:15:34.7150897Z       ✅ Kept robust locator (0.70): text='Casual Dresses'...
2026-01-20T00:15:34.7152037Z       ⚠️ Skipping low-confidence locator (0.60): [title='Casual Dresses']...
2026-01-20T00:15:34.7153105Z       ✅ Kept robust locator (0.70): text=Casual Dresses (1)...
2026-01-20T00:15:34.7153862Z   💾 Saved 3 robust locators (top stability: 0.80)
2026-01-20T00:15:34.7154503Z   🔍 Step 4 (click): Found 1 mined locators
2026-01-20T00:15:34.7155241Z       ✅ Kept robust locator (0.95): a...
2026-01-20T00:15:34.7155788Z   💾 Saved 1 robust locators (top stability: 0.95)
2026-01-20T00:15:34.7156136Z   🔍 Step 6 (click): Found 1 mined locators
2026-01-20T00:15:34.7156622Z       ⚠️ Skipping positional locator: #categories_block_left > div > ul > li:nth-child(2...
2026-01-20T00:15:34.7157438Z   ⚠️  No robust locators passed filtering. Executor will use fallback strategies.
2026-01-20T00:15:34.7158170Z   🔍 Step 7 (click): Found 28 mined locators
2026-01-20T00:15:34.7158746Z       ✅ Kept robust locator (0.80): role=link[name='Evening Dresses']...
2026-01-20T00:15:34.7159364Z       ✅ Kept robust locator (0.80): role=link[name='Summer Dresses']...
2026-01-20T00:15:34.7160105Z       ✅ Kept robust locator (0.80): role=link[name='Casual Dresses']...
2026-01-20T00:15:34.7160874Z       ✅ Kept robust locator (0.80): role=link[name='Dresses']...
2026-01-20T00:15:34.7161676Z       ✅ Kept robust locator (0.80): role=link[name='Evening Dresses (1)']...
2026-01-20T00:15:34.7162584Z       ✅ Kept robust locator (0.80): role=link[name='Summer Dresses (3)']...
2026-01-20T00:15:34.7163655Z       ✅ Kept robust locator (0.80): role=link[name='Casual Dresses (1)']...
2026-01-20T00:15:34.7164392Z       ✅ Kept robust locator (0.70): text='Dresses'...
2026-01-20T00:15:34.7165123Z       ✅ Kept robust locator (0.70): text=DRESSES There are 5 products....
2026-01-20T00:15:34.7166035Z       ✅ Kept robust locator (0.70): text=Find your favorites dresses from our wide cho...
2026-01-20T00:15:34.7166811Z       ✅ Kept robust locator (0.70): text=We offer dresses for every day, every style a...
2026-01-20T00:15:34.7167687Z       ✅ Kept robust locator (0.70): text=Evening Dresses...
2026-01-20T00:15:34.7168478Z       ⚠️ Skipping low-confidence locator (0.60): [title='Evening Dresses']...
2026-01-20T00:15:34.7169263Z       ✅ Kept robust locator (0.70): text=Summer Dresses...
2026-01-20T00:15:34.7170050Z       ⚠️ Skipping low-confidence locator (0.60): [title='Summer Dresses']...
2026-01-20T00:15:34.7170844Z       ✅ Kept robust locator (0.70): text=Casual Dresses...
2026-01-20T00:15:34.7171624Z       ⚠️ Skipping low-confidence locator (0.60): [title='Casual Dresses']...
2026-01-20T00:15:34.7172597Z       ✅ Kept robust locator (0.70): text=You are looking for a dress for every day? Ta...
2026-01-20T00:15:34.7173863Z       ✅ Kept robust locator (0.70): text=Browse our different dresses to choose the pe...
2026-01-20T00:15:34.7174966Z       ⚠️ Skipping low-confidence locator (0.60): [title='Browse our different dresses to choose the...
2026-01-20T00:15:34.7175603Z       ⚠️ Skipping low-confidence locator (0.60): [title='Dresses']...
2026-01-20T00:15:34.7176044Z       ✅ Kept robust locator (0.70): text=EVENING DRESSES...
2026-01-20T00:15:34.7176422Z       ✅ Kept robust locator (0.70): text=SUMMER DRESSES...
2026-01-20T00:15:34.7176788Z       ✅ Kept robust locator (0.70): text=CASUAL DRESSES...
2026-01-20T00:15:34.7177151Z       ✅ Kept robust locator (0.70): text=Women>Dresses...
2026-01-20T00:15:34.7177543Z       ✅ Kept robust locator (0.70): text=Evening Dresses (1)...
2026-01-20T00:15:34.7177944Z       ✅ Kept robust locator (0.70): text=Summer Dresses (3)...
2026-01-20T00:15:34.7178339Z       ✅ Kept robust locator (0.70): text=Casual Dresses (1)...
2026-01-20T00:15:34.7178715Z   💾 Saved 3 robust locators (top stability: 0.80)
2026-01-20T00:15:34.7179047Z   🔍 Step 8 (click): Found 1 mined locators
2026-01-20T00:15:34.7179402Z       ✅ Kept robust locator (0.95): a[title='Printed Dress']...
2026-01-20T00:15:34.7179783Z   💾 Saved 1 robust locators (top stability: 0.95)
2026-01-20T00:15:34.7180102Z   🔍 Step 9 (click): Found 1 mined locators
2026-01-20T00:15:34.7180680Z       ✅ Kept robust locator (0.95): #fancybox-frame1768868112528...
2026-01-20T00:15:34.7181072Z   💾 Saved 1 robust locators (top stability: 0.95)
2026-01-20T00:15:34.7181474Z ✅ Updated scenario 'Browse Women's Dresses' with 10 validated steps
2026-01-20T00:15:34.7181929Z 🔄 Updated workflow.json with discovered steps and locators.
2026-01-20T00:15:34.7182299Z 
2026-01-20T00:15:34.7182402Z ============================================================
2026-01-20T00:15:34.7182721Z 📊 EXPLORER PERFORMANCE SUMMARY
2026-01-20T00:15:34.7183211Z ============================================================
2026-01-20T00:15:34.7183412Z 
2026-01-20T00:15:34.7183516Z 🔍 Locator Mining:
2026-01-20T00:15:34.7183750Z    • Total Locators Mined: 98
2026-01-20T00:15:34.7184021Z    • Filtered Out (Brittle): 14 (14.3%)
2026-01-20T00:15:34.7184309Z    • Saved to Golden Path: 51 (52.0%)
2026-01-20T00:15:34.7184473Z 
2026-01-20T00:15:34.7184579Z ⚠️  Filtering Breakdown:
2026-01-20T00:15:34.7184839Z    • Low Confidence (<0.75): 13
2026-01-20T00:15:34.7185088Z    • Positional Selectors: 1
2026-01-20T00:15:34.7185225Z 
2026-01-20T00:15:34.7185331Z ✅ Golden Path Quality:
2026-01-20T00:15:34.7185616Z    ✅ GOOD - 52.0% of mined locators are robust.
2026-01-20T00:15:34.7185810Z 
2026-01-20T00:15:34.7185900Z ============================================================
2026-01-20T00:15:34.7186100Z 
2026-01-20T00:15:34.7186215Z ✅ Deep Exploration Complete.
2026-01-20T00:18:01.8971201Z 
2026-01-20T00:18:01.8971972Z 🚀 [EXECUTE] Starting Automation Execution Engine
2026-01-20T00:18:01.8972629Z 📍 Project: ci_automation_practice
2026-01-20T00:18:01.8973270Z 🎬 Mode: Headless
2026-01-20T00:18:01.8973478Z 
2026-01-20T00:18:01.8973698Z --- Scenario: Search, Add to Cart, and Checkout ---
2026-01-20T00:18:01.8974296Z   ▶️  [STEP step_1] NAVIGATE: NAVIGATE
2026-01-20T00:18:01.8974787Z     ✅ Step step_1 Passed.
2026-01-20T00:18:01.8975213Z   ▶️  [STEP step_2] FILL: Search
2026-01-20T00:18:01.8975804Z     🔍 Trying 3 validated locators from golden path...
2026-01-20T00:18:01.8976623Z     ✅ SUCCESS! Locator #1: #search_query_top... (method: unknown, stability: 0.85)
2026-01-20T00:18:01.8977229Z     ✅ Step step_2 Passed.
2026-01-20T00:18:01.8977492Z   ▶️  [STEP step_2_ai_1] CLICK: Q
2026-01-20T00:18:01.8977831Z     🔍 Trying 1 validated locators from golden path...
2026-01-20T00:18:01.8978398Z     ⚠️  Locator #1 matched 5 elements (need exactly 1): text=Lorem ipsum dolor sit amet, consect...
2026-01-20T00:18:01.8978969Z     ⚠️  All golden path locators failed. Will try text-based fallback.
2026-01-20T00:18:01.8979378Z     🔧 Element not visible, trying force click...
2026-01-20T00:18:01.8979994Z     ❌ Attempt 1 failed (unknown): Locator.click: Error: strict mode violation: locator("text=Q") resolved to 13 elements:
2026-01-20T00:18:01.8980483Z     1) <stro...
2026-01-20T00:18:01.8980757Z     🔧 [AUTO-HEAL] Re-mining page to find 'Q'...
2026-01-20T00:18:01.8981112Z [DEBUG] Sending request to gemini-2.0-flash. Number of parts: 2
2026-01-20T00:18:01.8981464Z [DEBUG] Received response (Length: 504)
2026-01-20T00:18:01.8981787Z     ✨ AI heal found 2 alternatives. Validating...
2026-01-20T00:18:01.8982145Z       ❌ Rejected: No keyword match in 'search' for 'Q'
2026-01-20T00:18:01.8982470Z       ❌ Rejected: Element not found
2026-01-20T00:18:01.8982824Z     ⚠️ All AI suggestions failed validation. Using original.
2026-01-20T00:18:01.8983530Z     ❌ AI could not re-locate the element. Waiting 1s before next retry.
2026-01-20T00:18:01.8983927Z     🔧 Element not visible, trying force click...
2026-01-20T00:18:01.8984527Z     ❌ Attempt 2 failed (unknown): Locator.click: Error: strict mode violation: locator("text=Q") resolved to 13 elements:
2026-01-20T00:18:01.8985012Z     1) <stro...
2026-01-20T00:18:01.8985258Z     🔧 [AUTO-HEAL] Re-mining page to find 'Q'...
2026-01-20T00:18:01.8985540Z [CACHE HIT] dd45da5e... (hits: 1, misses: 1)
2026-01-20T00:18:01.8985864Z     ✨ AI heal found 2 alternatives. Validating...
2026-01-20T00:18:01.8986483Z       ❌ Rejected: No keyword match in 'search' for 'Q'
2026-01-20T00:18:01.8986836Z       ❌ Rejected: Element not found
2026-01-20T00:18:01.8987189Z     ⚠️ All AI suggestions failed validation. Using original.
2026-01-20T00:18:01.8987620Z     ❌ AI could not re-locate the element. Waiting 1s before next retry.
2026-01-20T00:18:01.8988185Z     🔧 Element not visible, trying force click...
2026-01-20T00:18:01.8988801Z     ❌ Attempt 3 failed (unknown): Locator.click: Error: strict mode violation: locator("text=Q") resolved to 13 elements:
2026-01-20T00:18:01.8989286Z     1) <stro...
2026-01-20T00:18:01.8989534Z     💀 Step step_2_ai_1 failed after all retries.
2026-01-20T00:18:01.8989955Z 🛑 Scenario 'Search, Add to Cart, and Checkout' aborted due to step failure.
2026-01-20T00:18:01.8990242Z 
2026-01-20T00:18:01.8990347Z --- Scenario: Contact Us Form Submission ---
2026-01-20T00:18:01.8990659Z   ▶️  [STEP step_1] NAVIGATE: NAVIGATE
2026-01-20T00:18:01.8990938Z     ✅ Step step_1 Passed.
2026-01-20T00:18:01.8991200Z   ▶️  [STEP step_2] CLICK: Contact us
2026-01-20T00:18:01.8991525Z     🔍 Trying 2 validated locators from golden path...
2026-01-20T00:18:01.8992021Z     ✅ SUCCESS! Locator #1: role=link[name='Contact us']... (method: unknown, stability: 0.80)
2026-01-20T00:18:01.8992446Z     ✅ Step step_2 Passed.
2026-01-20T00:18:01.8992709Z   ▶️  [STEP step_2_ai_1] FILL: Email address
2026-01-20T00:18:01.8993297Z     🔍 Trying 1 validated locators from golden path...
2026-01-20T00:18:01.8993827Z     ✅ SUCCESS! Locator #1: #email... (method: unknown, stability: 0.95)
2026-01-20T00:18:01.8994327Z     ✅ Step step_2_ai_1 Passed.
2026-01-20T00:18:01.8994724Z   ▶️  [STEP step_2_ai_2] FILL: Message
2026-01-20T00:18:01.8995112Z     🔍 Trying 1 validated locators from golden path...
2026-01-20T00:18:01.8995549Z     ✅ SUCCESS! Locator #1: #message... (method: unknown, stability: 0.95)
2026-01-20T00:18:01.8995958Z     ✅ Step step_2_ai_2 Passed.
2026-01-20T00:18:01.8996470Z   ▶️  [STEP step_2_ai_3] CLICK: -- Choose --
2026-01-20T00:18:01.8996906Z     🔍 Trying 1 validated locators from golden path...
2026-01-20T00:18:01.8997536Z     ⚠️  Locator #1 matched 2 elements (need exactly 1): text='-- Choose --'...
2026-01-20T00:18:01.8998175Z     ⚠️  All golden path locators failed. Will try text-based fallback.
2026-01-20T00:18:01.8998547Z     ✅ Step step_2_ai_3 Passed.
2026-01-20T00:18:01.8998852Z   ▶️  [STEP step_2_ai_4] CLICK: Customer service
2026-01-20T00:18:01.8999200Z     🔍 Trying 1 validated locators from golden path...
2026-01-20T00:18:01.8999723Z     ✅ SUCCESS! Locator #1: text=CUSTOMER SERVICE - CONTACT US... (method: unknown, stability: 0.70)
2026-01-20T00:18:01.9000184Z     ✅ Step step_2_ai_4 Passed.
2026-01-20T00:18:01.9000459Z   ▶️  [STEP step_2_ai_5] FILL: Order reference
2026-01-20T00:18:01.9000790Z     🔍 Trying 1 validated locators from golden path...
2026-01-20T00:18:01.9001213Z     ✅ SUCCESS! Locator #1: #id_order... (method: unknown, stability: 0.95)
2026-01-20T00:18:01.9001579Z     ✅ Step step_2_ai_5 Passed.
2026-01-20T00:18:01.9001855Z   ▶️  [STEP step_2_ai_6] CLICK: Choose File
2026-01-20T00:18:01.9002180Z     🔍 Trying 1 validated locators from golden path...
2026-01-20T00:18:01.9002641Z     ✅ SUCCESS! Locator #1: #uniform-fileUpload... (method: unknown, stability: 0.95)
2026-01-20T00:18:01.9003316Z     ✅ Step step_2_ai_6 Passed.
2026-01-20T00:18:01.9003599Z   ▶️  [STEP step_2_ai_7] FILL: Email address
2026-01-20T00:18:01.9003928Z     🔍 Trying 1 validated locators from golden path...
2026-01-20T00:18:01.9004331Z     ✅ SUCCESS! Locator #1: #email... (method: unknown, stability: 0.95)
2026-01-20T00:18:01.9004689Z     ✅ Step step_2_ai_7 Passed.
2026-01-20T00:18:01.9004944Z   ▶️  [STEP step_2_ai_8] FILL: Message
2026-01-20T00:18:01.9005259Z     🔍 Trying 1 validated locators from golden path...
2026-01-20T00:18:01.9005666Z     ✅ SUCCESS! Locator #1: #message... (method: unknown, stability: 0.95)
2026-01-20T00:18:01.9006038Z     ✅ Step step_2_ai_8 Passed.
2026-01-20T00:18:01.9006309Z   ▶️  [STEP step_3] ASSERT_URL: ASSERT_URL
2026-01-20T00:18:01.9006764Z     ✅ Step step_3 Passed.
2026-01-20T00:18:01.9007014Z   ▶️  [STEP step_4] SELECT: id_contact
2026-01-20T00:18:01.9007339Z     🔍 Trying 1 validated locators from golden path...
2026-01-20T00:18:01.9007767Z     ✅ SUCCESS! Locator #1: #id_contact... (method: unknown, stability: 0.90)
2026-01-20T00:18:01.9008145Z     ✅ Step step_4 Passed.
2026-01-20T00:18:01.9008503Z   ▶️  [STEP step_5] FILL: Email address
2026-01-20T00:18:01.9008832Z     🔍 Trying 3 validated locators from golden path...
2026-01-20T00:18:01.9009238Z     ✅ SUCCESS! Locator #1: #email... (method: unknown, stability: 0.85)
2026-01-20T00:18:01.9009590Z     ✅ Step step_5 Passed.
2026-01-20T00:18:01.9009827Z   ▶️  [STEP step_6] FILL: Message
2026-01-20T00:18:01.9010137Z     🔍 Trying 3 validated locators from golden path...
2026-01-20T00:18:01.9010551Z     ✅ SUCCESS! Locator #1: #message... (method: unknown, stability: 0.85)
2026-01-20T00:18:01.9010909Z     ✅ Step step_6 Passed.
2026-01-20T00:18:01.9011158Z   ▶️  [STEP step_7] CLICK: Send
2026-01-20T00:18:01.9011455Z     🔍 Trying 3 validated locators from golden path...
2026-01-20T00:18:01.9011893Z     ✅ SUCCESS! Locator #1: #submitMessage... (method: unknown, stability: 0.85)
2026-01-20T00:18:01.9012275Z     ✅ Step step_7 Passed.
2026-01-20T00:18:01.9012538Z   ▶️  [STEP step_7_ai_1] CLICK: -- Choose --
2026-01-20T00:18:01.9015269Z     🔍 Trying 1 validated locators from golden path...
2026-01-20T00:18:01.9015881Z     ⚠️  Locator #1 matched 2 elements (need exactly 1): text='-- Choose --'...
2026-01-20T00:18:01.9016393Z     ⚠️  All golden path locators failed. Will try text-based fallback.
2026-01-20T00:18:01.9016768Z     ✅ Step step_7_ai_1 Passed.
2026-01-20T00:18:01.9017196Z   ▶️  [STEP step_8] ASSERT_VISIBLE: Your message has been successfully sent to our team.
2026-01-20T00:18:01.9017682Z     🔍 Trying 1 validated locators from golden path...
2026-01-20T00:18:01.9018307Z     ✅ SUCCESS! Locator #1: textarea[name*='message' i], textarea[id*='message' i], text... (method: unknown, stability: 0.75)
2026-01-20T00:18:01.9018852Z     ✅ Step step_8 Passed.
2026-01-20T00:18:01.9019126Z   ▶️  [STEP step_8_ai_1] CLICK: -- Choose --
2026-01-20T00:18:01.9019460Z     🔍 Trying 1 validated locators from golden path...
2026-01-20T00:18:01.9019895Z     ⚠️  Locator #1 matched 2 elements (need exactly 1): text='-- Choose --'...
2026-01-20T00:18:01.9020656Z     ⚠️  All golden path locators failed. Will try text-based fallback.
2026-01-20T00:18:01.9021056Z     ✅ Step step_8_ai_1 Passed.
2026-01-20T00:18:01.9021413Z ✅ Scenario 'Contact Us Form Submission' completed successfully!
2026-01-20T00:18:01.9021687Z 
2026-01-20T00:18:01.9021794Z --- Scenario: Browse Women's Dresses ---
2026-01-20T00:18:01.9022095Z   ▶️  [STEP step_1] NAVIGATE: NAVIGATE
2026-01-20T00:18:01.9022364Z     ✅ Step step_1 Passed.
2026-01-20T00:18:01.9022612Z   ▶️  [STEP step_2] CLICK: Women
2026-01-20T00:18:01.9023177Z     🔍 Trying 2 validated locators from golden path...
2026-01-20T00:18:01.9023664Z     ⚠️  Locator #1 matched 2 elements (need exactly 1): role=link[name='Women']...
2026-01-20T00:18:01.9024169Z     ⚠️  Locator #2 matched 2 elements (need exactly 1): text='Women'...
2026-01-20T00:18:01.9024640Z     ⚠️  All golden path locators failed. Will try text-based fallback.
2026-01-20T00:18:01.9025001Z     ✅ Step step_2 Passed.
2026-01-20T00:18:01.9025429Z   ▶️  [STEP step_2_ai_1] CLICK: Dresses
2026-01-20T00:18:01.9025790Z     🔍 Trying 3 validated locators from golden path...
2026-01-20T00:18:01.9026189Z     ❌ Locator #1 found 0 elements: role=link[name='Dresses']...
2026-01-20T00:18:01.9026577Z     ❌ Locator #2 found 0 elements: text='Dresses'...
2026-01-20T00:18:01.9027008Z     ❌ Locator #3 found 0 elements: text=Find your favorites dresses from ou...
2026-01-20T00:18:01.9027512Z     ⚠️  All golden path locators failed. Will try text-based fallback.
2026-01-20T00:18:01.9028236Z     ❌ Attempt 1 failed (unknown): Locator.bounding_box: Error: strict mode violation: locator("text=Dresses") resolved to 22 elements:...
2026-01-20T00:18:01.9029041Z     🔧 [AUTO-HEAL] Re-mining page to find 'Dresses'...
2026-01-20T00:18:01.9029409Z [DEBUG] Sending request to gemini-2.0-flash. Number of parts: 2
2026-01-20T00:18:01.9029738Z [DEBUG] Received response (Length: 603)
2026-01-20T00:18:01.9030062Z     ✨ AI heal found 2 alternatives. Validating...
2026-01-20T00:18:01.9030476Z       ❌ Validation error: Locator.count: SyntaxError: Failed to ex
2026-01-20T00:18:01.9030857Z       ✅ Validated: 'dresses...' matches 'Dresses'
2026-01-20T00:18:01.9031147Z     ✅ 1 validated locators.
2026-01-20T00:18:01.9031519Z     ✨ AI successfully healed the step! New selector: li > a[title='Dresses']
2026-01-20T00:18:01.9031935Z     🔧 Element not visible, trying force click...
2026-01-20T00:18:01.9032582Z     ❌ Attempt 2 failed (unknown): Locator.click: Error: strict mode violation: locator("li > a[title='Dresses']") resolved to 2 elemen...
2026-01-20T00:18:01.9033419Z     🔧 [AUTO-HEAL] Re-mining page to find 'Dresses'...
2026-01-20T00:18:01.9033729Z [CACHE HIT] 70a8619f... (hits: 2, misses: 2)
2026-01-20T00:18:01.9034049Z     ✨ AI heal found 2 alternatives. Validating...
2026-01-20T00:18:01.9034438Z       ❌ Validation error: Locator.count: SyntaxError: Failed to ex
2026-01-20T00:18:01.9034816Z       ✅ Validated: 'dresses...' matches 'Dresses'
2026-01-20T00:18:18.9920713Z     ✅ 1 validated locators.
2026-01-20T00:18:18.9921545Z     ✨ AI successfully healed the step! New selector: li > a[title='Dresses']
2026-01-20T00:18:18.9922283Z     🔧 Element not visible, trying force click...
2026-01-20T00:18:18.9923669Z     ❌ Attempt 3 failed (unknown): Locator.click: Error: strict mode violation: locator("li > a[title='Dresses']") resolved to 2 elemen...
2026-01-20T00:18:18.9924696Z     💀 Step step_2_ai_1 failed after all retries.
2026-01-20T00:18:18.9925343Z 🛑 Scenario 'Browse Women's Dresses' aborted due to step failure.
2026-01-20T00:18:18.9925756Z 
2026-01-20T00:18:18.9925914Z ============================================================
2026-01-20T00:18:18.9926402Z 🎯 EXECUTION SUMMARY
2026-01-20T00:18:18.9926733Z ============================================================
2026-01-20T00:18:18.9927019Z 
2026-01-20T00:18:18.9927182Z 📋 Scenario Overview:
2026-01-20T00:18:18.9927553Z    • Total Scenarios Planned: 3
2026-01-20T00:18:18.9927962Z    • Scenarios Executed: 3
2026-01-20T00:18:18.9928352Z    • Total Steps Executed: 24
2026-01-20T00:18:18.9928601Z 
2026-01-20T00:18:18.9928745Z ✅ Results:
2026-01-20T00:18:18.9929034Z    ✅ Passed: 1 (33%)
2026-01-20T00:18:18.9929361Z    ❌ Failed: 2 (66%)
2026-01-20T00:18:18.9929555Z 
2026-01-20T00:18:18.9929709Z ⚠️  Failed Scenarios:
2026-01-20T00:18:18.9930096Z    • Search, Add to Cart, and Checkout
2026-01-20T00:18:18.9930521Z    • Browse Women's Dresses
2026-01-20T00:18:18.9930748Z 
2026-01-20T00:18:18.9930898Z ============================================================
2026-01-20T00:18:18.9931197Z 
2026-01-20T00:18:18.9931993Z 🏁 Execution Finished. Report: /home/runner/work/build_qa_automation/build_qa_automation/projects/ci_automation_practice/execution.json
2026-01-20T00:18:18.9932825Z 
2026-01-20T00:18:18.9933112Z ============================================================
2026-01-20T00:18:18.9933608Z 📊 EXECUTOR PERFORMANCE SUMMARY
2026-01-20T00:18:18.9933966Z ============================================================
2026-01-20T00:18:18.9934253Z 
2026-01-20T00:18:18.9934740Z 🎯 Execution Results:
2026-01-20T00:18:18.9935100Z    • Total Steps: 24
2026-01-20T00:18:18.9935472Z    • First-Attempt Success: 22 (91.7%)
2026-01-20T00:18:18.9935922Z    • Required AI Healing: 4 (16.7%)
2026-01-20T00:18:18.9936323Z    • Final Failures: 2 (8.3%)
2026-01-20T00:18:18.9936549Z 
2026-01-20T00:18:18.9936723Z 🛤️  Golden Path Effectiveness:
2026-01-20T00:18:18.9937142Z    • Steps with Mined Locators: 20
2026-01-20T00:18:18.9937566Z    • Golden Path Hits: 14 (70.0%)
2026-01-20T00:18:18.9937968Z    • Golden Path Misses: 6
2026-01-20T00:18:18.9938362Z    • Fallback Used (No Locators): 4
2026-01-20T00:18:18.9938849Z 
2026-01-20T00:18:18.9939021Z 📈 Overall Assessment:
2026-01-20T00:18:18.9939419Z    ⚠️  FAIR. Golden path needs improvement.
2026-01-20T00:18:18.9939702Z 
2026-01-20T00:18:18.9939881Z 🎯 vs Target (100% Flawless):
2026-01-20T00:18:18.9940269Z    📊 Gap: 8.3% from target
2026-01-20T00:18:18.9940719Z    💡 Recommendation: Review 6 golden path misses
2026-01-20T00:18:18.9941379Z    💡 Recommendation: Explorer needs to mine locators for 4 steps
2026-01-20T00:18:18.9941777Z 
2026-01-20T00:18:18.9941924Z ============================================================
2026-01-20T00:18:19.1160826Z 
2026-01-20T00:18:19.1161367Z [PHASE] Running Phase: DISCOVERY
2026-01-20T00:18:19.1162820Z    Command: /opt/hostedtoolcache/Python/3.11.14/x64/bin/python /home/runner/work/build_qa_automation/build_qa_automation/core/agents/discovery.py --project /home/runner/work/build_qa_automation/build_qa_automation/projects/ci_automation_practice --url http://www.automationpractice.pl/ --deep
2026-01-20T00:18:19.1164562Z ✅ Phase 'discovery' completed successfully.
2026-01-20T00:18:19.1164821Z 
2026-01-20T00:18:19.1164915Z [PHASE] Running Phase: PLANNING
2026-01-20T00:18:19.1166237Z    Command: /opt/hostedtoolcache/Python/3.11.14/x64/bin/python /home/runner/work/build_qa_automation/build_qa_automation/core/agents/planner.py --project /home/runner/work/build_qa_automation/build_qa_automation/projects/ci_automation_practice --goal Practice automation scenarios --url http://www.automationpractice.pl/ --deep
2026-01-20T00:18:19.1167610Z ✅ Phase 'planning' completed successfully.
2026-01-20T00:18:19.1167806Z 
2026-01-20T00:18:19.1167904Z [PHASE] Running Phase: EXPLORATION
2026-01-20T00:18:19.1168889Z    Command: /opt/hostedtoolcache/Python/3.11.14/x64/bin/python /home/runner/work/build_qa_automation/build_qa_automation/core/agents/deep_explorer.py --project /home/runner/work/build_qa_automation/build_qa_automation/projects/ci_automation_practice
2026-01-20T00:18:19.1169948Z ✅ Phase 'exploration' completed successfully.
2026-01-20T00:18:19.1170336Z 📊 Exploration Discovery Success Rate: 88.6%
2026-01-20T00:18:19.1170527Z 
2026-01-20T00:18:19.1170626Z [PHASE] Running Phase: EXECUTION
2026-01-20T00:18:19.1171591Z    Command: /opt/hostedtoolcache/Python/3.11.14/x64/bin/python /home/runner/work/build_qa_automation/build_qa_automation/core/agents/executor.py --project /home/runner/work/build_qa_automation/build_qa_automation/projects/ci_automation_practice
2026-01-20T00:18:19.1172603Z ✅ Phase 'execution' completed successfully.
2026-01-20T00:18:19.1172794Z 
2026-01-20T00:18:19.1173013Z [DONE] Pipeline Execution Finished! [DONE]
2026-01-20T00:18:19.2391418Z ##[group]Run RESULT_FILE="projects/ci_automation_practice/execution.json"
2026-01-20T00:18:19.2391992Z [36;1mRESULT_FILE="projects/ci_automation_practice/execution.json"[0m
2026-01-20T00:18:19.2392376Z [36;1mif [ -f "$RESULT_FILE" ]; then[0m
2026-01-20T00:18:19.2392722Z [36;1m  echo "✅ Results generated successfully: $RESULT_FILE"[0m
2026-01-20T00:18:19.2393453Z [36;1m  cat "$RESULT_FILE" | jq '.scenarios | length' || echo "Result file exists"[0m
2026-01-20T00:18:19.2393836Z [36;1melse[0m
2026-01-20T00:18:19.2394069Z [36;1m  echo "❌ No result file found at $RESULT_FILE"[0m
2026-01-20T00:18:19.2394349Z [36;1m  exit 1[0m
2026-01-20T00:18:19.2394526Z [36;1mfi[0m
2026-01-20T00:18:19.2426206Z shell: /usr/bin/bash -e {0}
2026-01-20T00:18:19.2426443Z env:
2026-01-20T00:18:19.2426706Z   pythonLocation: /opt/hostedtoolcache/Python/3.11.14/x64
2026-01-20T00:18:19.2427143Z   PKG_CONFIG_PATH: /opt/hostedtoolcache/Python/3.11.14/x64/lib/pkgconfig
2026-01-20T00:18:19.2427620Z   Python_ROOT_DIR: /opt/hostedtoolcache/Python/3.11.14/x64
2026-01-20T00:18:19.2427994Z   Python2_ROOT_DIR: /opt/hostedtoolcache/Python/3.11.14/x64
2026-01-20T00:18:19.2428353Z   Python3_ROOT_DIR: /opt/hostedtoolcache/Python/3.11.14/x64
2026-01-20T00:18:19.2428714Z   LD_LIBRARY_PATH: /opt/hostedtoolcache/Python/3.11.14/x64/lib
2026-01-20T00:18:19.2429016Z ##[endgroup]
2026-01-20T00:18:19.2480703Z ✅ Results generated successfully: projects/ci_automation_practice/execution.json
2026-01-20T00:18:19.2506761Z 3
2026-01-20T00:18:19.2569822Z ##[group]Run actions/upload-artifact@v4
2026-01-20T00:18:19.2570097Z with:
2026-01-20T00:18:19.2570308Z   name: automation_practice-execution-results
2026-01-20T00:18:19.2570808Z   path: projects/ci_automation_practice/execution.json
projects/ci_automation_practice/workflow.json

2026-01-20T00:18:19.2571287Z   retention-days: 30
2026-01-20T00:18:19.2571492Z   if-no-files-found: warn
2026-01-20T00:18:19.2571705Z   compression-level: 6
2026-01-20T00:18:19.2571896Z   overwrite: false
2026-01-20T00:18:19.2572092Z   include-hidden-files: false
2026-01-20T00:18:19.2572306Z env:
2026-01-20T00:18:19.2572539Z   pythonLocation: /opt/hostedtoolcache/Python/3.11.14/x64
2026-01-20T00:18:19.2573150Z   PKG_CONFIG_PATH: /opt/hostedtoolcache/Python/3.11.14/x64/lib/pkgconfig
2026-01-20T00:18:19.2573565Z   Python_ROOT_DIR: /opt/hostedtoolcache/Python/3.11.14/x64
2026-01-20T00:18:19.2573928Z   Python2_ROOT_DIR: /opt/hostedtoolcache/Python/3.11.14/x64
2026-01-20T00:18:19.2574348Z   Python3_ROOT_DIR: /opt/hostedtoolcache/Python/3.11.14/x64
2026-01-20T00:18:19.2574714Z   LD_LIBRARY_PATH: /opt/hostedtoolcache/Python/3.11.14/x64/lib
2026-01-20T00:18:19.2575018Z ##[endgroup]
2026-01-20T00:18:19.4740277Z Multiple search paths detected. Calculating the least common ancestor of all paths
2026-01-20T00:18:19.4745308Z The least common ancestor is /home/runner/work/build_qa_automation/build_qa_automation/projects/ci_automation_practice. This will be the root directory of the artifact
2026-01-20T00:18:19.4746760Z With the provided path, there will be 2 files uploaded
2026-01-20T00:18:19.4751786Z Artifact name is valid!
2026-01-20T00:18:19.4753863Z Root directory input is valid!
2026-01-20T00:18:19.7773752Z Beginning upload of artifact content to blob storage
2026-01-20T00:18:20.0627305Z Uploaded bytes 3018
2026-01-20T00:18:20.1381246Z Finished uploading artifact content to blob storage!
2026-01-20T00:18:20.1385876Z SHA256 digest of uploaded artifact zip is 605a44c77fe80b2107c76ebc40205e06247197984b5d9b75b9bf65daac4eb2af
2026-01-20T00:18:20.1389226Z Finalizing artifact upload
2026-01-20T00:18:20.2805885Z Artifact automation_practice-execution-results.zip successfully finalized. Artifact ID 5183198890
2026-01-20T00:18:20.2807346Z Artifact automation_practice-execution-results has been successfully uploaded! Final size is 3018 bytes. Artifact ID is 5183198890
2026-01-20T00:18:20.2817490Z Artifact download URL: https://github.com/vishvasmca-cmd/build_qa_automation/actions/runs/21154472744/artifacts/5183198890
2026-01-20T00:18:20.2954880Z Post job cleanup.
2026-01-20T00:18:20.4467309Z Cache hit occurred on the primary key setup-python-Linux-x64-24.04-Ubuntu-python-3.11.14-pip-dde08d0e0b672972dcda9f1a063036a2e0c226f5d0a20362e9401931676d80a4, not saving cache.
2026-01-20T00:18:20.4597270Z Post job cleanup.
2026-01-20T00:18:20.5541484Z [command]/usr/bin/git version
2026-01-20T00:18:20.5577433Z git version 2.52.0
2026-01-20T00:18:20.5621525Z Temporarily overriding HOME='/home/runner/work/_temp/87b9fb18-4efb-4668-a7f4-c7c359015f13' before making global git config changes
2026-01-20T00:18:20.5623179Z Adding repository directory to the temporary git global config as a safe directory
2026-01-20T00:18:20.5635273Z [command]/usr/bin/git config --global --add safe.directory /home/runner/work/build_qa_automation/build_qa_automation
2026-01-20T00:18:20.5669036Z [command]/usr/bin/git config --local --name-only --get-regexp core\.sshCommand
2026-01-20T00:18:20.5701198Z [command]/usr/bin/git submodule foreach --recursive sh -c "git config --local --name-only --get-regexp 'core\.sshCommand' && git config --local --unset-all 'core.sshCommand' || :"
2026-01-20T00:18:20.6004634Z [command]/usr/bin/git config --local --name-only --get-regexp http\.https\:\/\/github\.com\/\.extraheader
2026-01-20T00:18:20.6025846Z http.https://github.com/.extraheader
2026-01-20T00:18:20.6038357Z [command]/usr/bin/git config --local --unset-all http.https://github.com/.extraheader
2026-01-20T00:18:20.6068182Z [command]/usr/bin/git submodule foreach --recursive sh -c "git config --local --name-only --get-regexp 'http\.https\:\/\/github\.com\/\.extraheader' && git config --local --unset-all 'http.https://github.com/.extraheader' || :"
2026-01-20T00:18:20.6294542Z [command]/usr/bin/git config --local --name-only --get-regexp ^includeIf\.gitdir:
2026-01-20T00:18:20.6325678Z [command]/usr/bin/git submodule foreach --recursive git config --local --show-origin --name-only --get-regexp remote.origin.url
2026-01-20T00:18:20.6654628Z Cleaning up orphan processes
