2026-01-19T01:54:49.6339712Z Current runner version: '2.331.0'
2026-01-19T01:54:49.6372828Z ##[group]Runner Image Provisioner
2026-01-19T01:54:49.6374089Z Hosted Compute Agent
2026-01-19T01:54:49.6374996Z Version: 20251211.462
2026-01-19T01:54:49.6375987Z Commit: 6cbad8c2bb55d58165063d031ccabf57e2d2db61
2026-01-19T01:54:49.6377270Z Build Date: 2025-12-11T16:28:49Z
2026-01-19T01:54:49.6378391Z Worker ID: {5e1795e9-f979-4cb8-a23d-1d6a9a56e81e}
2026-01-19T01:54:49.6379622Z ##[endgroup]
2026-01-19T01:54:49.6380664Z ##[group]Operating System
2026-01-19T01:54:49.6381589Z Ubuntu
2026-01-19T01:54:49.6382644Z 24.04.3
2026-01-19T01:54:49.6383566Z LTS
2026-01-19T01:54:49.6384357Z ##[endgroup]
2026-01-19T01:54:49.6385263Z ##[group]Runner Image
2026-01-19T01:54:49.6386140Z Image: ubuntu-24.04
2026-01-19T01:54:49.6387061Z Version: 20260111.209.1
2026-01-19T01:54:49.6388915Z Included Software: https://github.com/actions/runner-images/blob/ubuntu24/20260111.209/images/ubuntu/Ubuntu2404-Readme.md
2026-01-19T01:54:49.6391811Z Image Release: https://github.com/actions/runner-images/releases/tag/ubuntu24%2F20260111.209
2026-01-19T01:54:49.6393946Z ##[endgroup]
2026-01-19T01:54:49.6395800Z ##[group]GITHUB_TOKEN Permissions
2026-01-19T01:54:49.6398556Z Contents: read
2026-01-19T01:54:49.6399516Z Metadata: read
2026-01-19T01:54:49.6400438Z Packages: read
2026-01-19T01:54:49.6401279Z ##[endgroup]
2026-01-19T01:54:49.6404433Z Secret source: Actions
2026-01-19T01:54:49.6405625Z Prepare workflow directory
2026-01-19T01:54:49.6748709Z Prepare all required actions
2026-01-19T01:54:49.6786820Z Getting action download info
2026-01-19T01:54:50.0265057Z Download action repository 'actions/checkout@v4' (SHA:34e114876b0b11c390a56381ad16ebd13914f8d5)
2026-01-19T01:54:50.1258569Z Download action repository 'actions/setup-python@v5' (SHA:a26af69be951a213d495a4c3e4e4022e16d87065)
2026-01-19T01:54:50.2075386Z Download action repository 'actions/upload-artifact@v4' (SHA:ea165f8d65b6e75b540449e92b4886f43607fa02)
2026-01-19T01:54:50.4311118Z Complete job name: test-websites-deep (automationexercise_shop, https://www.automationexercise.com/, Explore shoppin...
2026-01-19T01:54:50.5012041Z ##[group]Run actions/checkout@v4
2026-01-19T01:54:50.5013176Z with:
2026-01-19T01:54:50.5013644Z   repository: vishvasmca-cmd/build_qa_automation
2026-01-19T01:54:50.5014401Z   token: ***
2026-01-19T01:54:50.5014797Z   ssh-strict: true
2026-01-19T01:54:50.5015199Z   ssh-user: git
2026-01-19T01:54:50.5015622Z   persist-credentials: true
2026-01-19T01:54:50.5016068Z   clean: true
2026-01-19T01:54:50.5016483Z   sparse-checkout-cone-mode: true
2026-01-19T01:54:50.5016971Z   fetch-depth: 1
2026-01-19T01:54:50.5017371Z   fetch-tags: false
2026-01-19T01:54:50.5017780Z   show-progress: true
2026-01-19T01:54:50.5018206Z   lfs: false
2026-01-19T01:54:50.5018592Z   submodules: false
2026-01-19T01:54:50.5019006Z   set-safe-directory: true
2026-01-19T01:54:50.5019654Z ##[endgroup]
2026-01-19T01:54:50.6134722Z Syncing repository: vishvasmca-cmd/build_qa_automation
2026-01-19T01:54:50.6137556Z ##[group]Getting Git version info
2026-01-19T01:54:50.6139006Z Working directory is '/home/runner/work/build_qa_automation/build_qa_automation'
2026-01-19T01:54:50.6141007Z [command]/usr/bin/git version
2026-01-19T01:54:50.6183437Z git version 2.52.0
2026-01-19T01:54:50.6209028Z ##[endgroup]
2026-01-19T01:54:50.6223201Z Temporarily overriding HOME='/home/runner/work/_temp/2bddd4bd-a035-49d4-b43c-58889c9b5622' before making global git config changes
2026-01-19T01:54:50.6224544Z Adding repository directory to the temporary git global config as a safe directory
2026-01-19T01:54:50.6236391Z [command]/usr/bin/git config --global --add safe.directory /home/runner/work/build_qa_automation/build_qa_automation
2026-01-19T01:54:50.6280228Z Deleting the contents of '/home/runner/work/build_qa_automation/build_qa_automation'
2026-01-19T01:54:50.6283989Z ##[group]Initializing the repository
2026-01-19T01:54:50.6288006Z [command]/usr/bin/git init /home/runner/work/build_qa_automation/build_qa_automation
2026-01-19T01:54:50.6432722Z hint: Using 'master' as the name for the initial branch. This default branch name
2026-01-19T01:54:50.6434913Z hint: will change to "main" in Git 3.0. To configure the initial branch name
2026-01-19T01:54:50.6436458Z hint: to use in all of your new repositories, which will suppress this warning,
2026-01-19T01:54:50.6437671Z hint: call:
2026-01-19T01:54:50.6438290Z hint:
2026-01-19T01:54:50.6439062Z hint: 	git config --global init.defaultBranch <name>
2026-01-19T01:54:50.6440087Z hint:
2026-01-19T01:54:50.6441089Z hint: Names commonly chosen instead of 'master' are 'main', 'trunk' and
2026-01-19T01:54:50.6442959Z hint: 'development'. The just-created branch can be renamed via this command:
2026-01-19T01:54:50.6444233Z hint:
2026-01-19T01:54:50.6444977Z hint: 	git branch -m <name>
2026-01-19T01:54:50.6445788Z hint:
2026-01-19T01:54:50.6446810Z hint: Disable this message with "git config set advice.defaultBranchName false"
2026-01-19T01:54:50.6453288Z Initialized empty Git repository in /home/runner/work/build_qa_automation/build_qa_automation/.git/
2026-01-19T01:54:50.6465837Z [command]/usr/bin/git remote add origin https://github.com/vishvasmca-cmd/build_qa_automation
2026-01-19T01:54:50.6509028Z ##[endgroup]
2026-01-19T01:54:50.6510352Z ##[group]Disabling automatic garbage collection
2026-01-19T01:54:50.6511851Z [command]/usr/bin/git config --local gc.auto 0
2026-01-19T01:54:50.6545836Z ##[endgroup]
2026-01-19T01:54:50.6547032Z ##[group]Setting up auth
2026-01-19T01:54:50.6551996Z [command]/usr/bin/git config --local --name-only --get-regexp core\.sshCommand
2026-01-19T01:54:50.6585035Z [command]/usr/bin/git submodule foreach --recursive sh -c "git config --local --name-only --get-regexp 'core\.sshCommand' && git config --local --unset-all 'core.sshCommand' || :"
2026-01-19T01:54:50.6966584Z [command]/usr/bin/git config --local --name-only --get-regexp http\.https\:\/\/github\.com\/\.extraheader
2026-01-19T01:54:50.7004909Z [command]/usr/bin/git submodule foreach --recursive sh -c "git config --local --name-only --get-regexp 'http\.https\:\/\/github\.com\/\.extraheader' && git config --local --unset-all 'http.https://github.com/.extraheader' || :"
2026-01-19T01:54:50.7234069Z [command]/usr/bin/git config --local --name-only --get-regexp ^includeIf\.gitdir:
2026-01-19T01:54:50.7265635Z [command]/usr/bin/git submodule foreach --recursive git config --local --show-origin --name-only --get-regexp remote.origin.url
2026-01-19T01:54:50.7500934Z [command]/usr/bin/git config --local http.https://github.com/.extraheader AUTHORIZATION: basic ***
2026-01-19T01:54:50.7543435Z ##[endgroup]
2026-01-19T01:54:50.7544223Z ##[group]Fetching the repository
2026-01-19T01:54:50.7554193Z [command]/usr/bin/git -c protocol.version=2 fetch --no-tags --prune --no-recurse-submodules --depth=1 origin +8ae9e7a98960844bdcef67161cbe93442a7431bc:refs/remotes/origin/main
2026-01-19T01:54:51.7010972Z From https://github.com/vishvasmca-cmd/build_qa_automation
2026-01-19T01:54:51.7013290Z  * [new ref]         8ae9e7a98960844bdcef67161cbe93442a7431bc -> origin/main
2026-01-19T01:54:51.7049241Z ##[endgroup]
2026-01-19T01:54:51.7050639Z ##[group]Determining the checkout info
2026-01-19T01:54:51.7052671Z ##[endgroup]
2026-01-19T01:54:51.7056682Z [command]/usr/bin/git sparse-checkout disable
2026-01-19T01:54:51.7105391Z [command]/usr/bin/git config --local --unset-all extensions.worktreeConfig
2026-01-19T01:54:51.7137552Z ##[group]Checking out the ref
2026-01-19T01:54:51.7139382Z [command]/usr/bin/git checkout --progress --force -B main refs/remotes/origin/main
2026-01-19T01:54:51.8492289Z Switched to a new branch 'main'
2026-01-19T01:54:51.8493628Z branch 'main' set up to track 'origin/main'.
2026-01-19T01:54:51.8512589Z ##[endgroup]
2026-01-19T01:54:51.8551363Z [command]/usr/bin/git log -1 --format=%H
2026-01-19T01:54:51.8575157Z 8ae9e7a98960844bdcef67161cbe93442a7431bc
2026-01-19T01:54:51.8883110Z ##[group]Run actions/setup-python@v5
2026-01-19T01:54:51.8884470Z with:
2026-01-19T01:54:51.8885312Z   python-version: 3.11
2026-01-19T01:54:51.8886251Z   cache: pip
2026-01-19T01:54:51.8887327Z   check-latest: false
2026-01-19T01:54:51.8888538Z   token: ***
2026-01-19T01:54:51.8889409Z   update-environment: true
2026-01-19T01:54:51.8890433Z   allow-prereleases: false
2026-01-19T01:54:51.8891444Z   freethreaded: false
2026-01-19T01:54:51.8892549Z ##[endgroup]
2026-01-19T01:54:52.0598317Z ##[group]Installed versions
2026-01-19T01:54:52.0718263Z Successfully set up CPython (3.11.14)
2026-01-19T01:54:52.0720017Z ##[endgroup]
2026-01-19T01:54:52.1715315Z [command]/opt/hostedtoolcache/Python/3.11.14/x64/bin/pip cache dir
2026-01-19T01:54:52.5309859Z /home/runner/.cache/pip
2026-01-19T01:54:52.6914089Z Cache hit for: setup-python-Linux-x64-24.04-Ubuntu-python-3.11.14-pip-dde08d0e0b672972dcda9f1a063036a2e0c226f5d0a20362e9401931676d80a4
2026-01-19T01:54:53.8419205Z Received 130023424 of 254742636 (51.0%), 124.0 MBs/sec
2026-01-19T01:54:54.7718958Z Received 254742636 of 254742636 (100.0%), 125.9 MBs/sec
2026-01-19T01:54:54.7721082Z Cache Size: ~243 MB (254742636 B)
2026-01-19T01:54:54.7838174Z [command]/usr/bin/tar -xf /home/runner/work/_temp/29a4654c-091b-4558-988b-96657c65659c/cache.tzst -P -C /home/runner/work/build_qa_automation/build_qa_automation --use-compress-program unzstd
2026-01-19T01:54:55.1565167Z Cache restored successfully
2026-01-19T01:54:55.2050782Z Cache restored from key: setup-python-Linux-x64-24.04-Ubuntu-python-3.11.14-pip-dde08d0e0b672972dcda9f1a063036a2e0c226f5d0a20362e9401931676d80a4
2026-01-19T01:54:55.2274972Z ##[group]Run pip install -r requirements.txt
2026-01-19T01:54:55.2275421Z [36;1mpip install -r requirements.txt[0m
2026-01-19T01:54:55.2275723Z [36;1mplaywright install chromium[0m
2026-01-19T01:54:55.2315303Z shell: /usr/bin/bash -e {0}
2026-01-19T01:54:55.2315570Z env:
2026-01-19T01:54:55.2315837Z   pythonLocation: /opt/hostedtoolcache/Python/3.11.14/x64
2026-01-19T01:54:55.2316290Z   PKG_CONFIG_PATH: /opt/hostedtoolcache/Python/3.11.14/x64/lib/pkgconfig
2026-01-19T01:54:55.2317020Z   Python_ROOT_DIR: /opt/hostedtoolcache/Python/3.11.14/x64
2026-01-19T01:54:55.2317427Z   Python2_ROOT_DIR: /opt/hostedtoolcache/Python/3.11.14/x64
2026-01-19T01:54:55.2317796Z   Python3_ROOT_DIR: /opt/hostedtoolcache/Python/3.11.14/x64
2026-01-19T01:54:55.2318169Z   LD_LIBRARY_PATH: /opt/hostedtoolcache/Python/3.11.14/x64/lib
2026-01-19T01:54:55.2318479Z ##[endgroup]
2026-01-19T01:54:56.0167825Z Collecting playwright (from -r requirements.txt (line 1))
2026-01-19T01:54:56.0184362Z   Using cached playwright-1.57.0-py3-none-manylinux1_x86_64.whl.metadata (3.5 kB)
2026-01-19T01:54:56.0469159Z Collecting python-dotenv (from -r requirements.txt (line 2))
2026-01-19T01:54:56.0488198Z   Using cached python_dotenv-1.2.1-py3-none-any.whl.metadata (25 kB)
2026-01-19T01:54:56.0886661Z Collecting requests (from -r requirements.txt (line 3))
2026-01-19T01:54:56.0905259Z   Using cached requests-2.32.5-py3-none-any.whl.metadata (4.9 kB)
2026-01-19T01:54:56.2753750Z Collecting pillow (from -r requirements.txt (line 4))
2026-01-19T01:54:56.2770052Z   Using cached pillow-12.1.0-cp311-cp311-manylinux_2_27_x86_64.manylinux_2_28_x86_64.whl.metadata (8.8 kB)
2026-01-19T01:54:56.3190600Z Collecting google-genai>=0.3.0 (from -r requirements.txt (line 5))
2026-01-19T01:54:56.3205056Z   Using cached google_genai-1.59.0-py3-none-any.whl.metadata (53 kB)
2026-01-19T01:54:56.3491759Z Collecting termcolor (from -r requirements.txt (line 6))
2026-01-19T01:54:56.3506129Z   Using cached termcolor-3.3.0-py3-none-any.whl.metadata (6.5 kB)
2026-01-19T01:54:56.4140696Z Collecting PyYAML (from -r requirements.txt (line 7))
2026-01-19T01:54:56.4155772Z   Using cached pyyaml-6.0.3-cp311-cp311-manylinux2014_x86_64.manylinux_2_17_x86_64.manylinux_2_28_x86_64.whl.metadata (2.4 kB)
2026-01-19T01:54:56.4954420Z Collecting opencv-python-headless (from -r requirements.txt (line 8))
2026-01-19T01:54:56.4970563Z   Using cached opencv_python_headless-4.13.0.90-cp37-abi3-manylinux_2_28_x86_64.whl.metadata (19 kB)
2026-01-19T01:54:56.7165455Z Collecting numpy (from -r requirements.txt (line 9))
2026-01-19T01:54:56.7181099Z   Using cached numpy-2.4.1-cp311-cp311-manylinux_2_27_x86_64.manylinux_2_28_x86_64.whl.metadata (6.6 kB)
2026-01-19T01:54:56.8117454Z Collecting faker (from -r requirements.txt (line 10))
2026-01-19T01:54:56.8132765Z   Using cached faker-40.1.2-py3-none-any.whl.metadata (16 kB)
2026-01-19T01:54:56.8445439Z Collecting pyee<14,>=13 (from playwright->-r requirements.txt (line 1))
2026-01-19T01:54:56.8458175Z   Using cached pyee-13.0.0-py3-none-any.whl.metadata (2.9 kB)
2026-01-19T01:54:56.9766001Z Collecting greenlet<4.0.0,>=3.1.1 (from playwright->-r requirements.txt (line 1))
2026-01-19T01:54:56.9780910Z   Using cached greenlet-3.3.0-cp311-cp311-manylinux_2_24_x86_64.manylinux_2_28_x86_64.whl.metadata (4.1 kB)
2026-01-19T01:54:57.0109776Z Collecting typing-extensions (from pyee<14,>=13->playwright->-r requirements.txt (line 1))
2026-01-19T01:54:57.0123021Z   Using cached typing_extensions-4.15.0-py3-none-any.whl.metadata (3.3 kB)
2026-01-19T01:54:57.1071551Z Collecting charset_normalizer<4,>=2 (from requests->-r requirements.txt (line 3))
2026-01-19T01:54:57.1087341Z   Using cached charset_normalizer-3.4.4-cp311-cp311-manylinux2014_x86_64.manylinux_2_17_x86_64.manylinux_2_28_x86_64.whl.metadata (37 kB)
2026-01-19T01:54:57.1426657Z Collecting idna<4,>=2.5 (from requests->-r requirements.txt (line 3))
2026-01-19T01:54:57.1439983Z   Using cached idna-3.11-py3-none-any.whl.metadata (8.4 kB)
2026-01-19T01:54:57.2116181Z Collecting urllib3<3,>=1.21.1 (from requests->-r requirements.txt (line 3))
2026-01-19T01:54:57.2129878Z   Using cached urllib3-2.6.3-py3-none-any.whl.metadata (6.9 kB)
2026-01-19T01:54:57.2610703Z Collecting certifi>=2017.4.17 (from requests->-r requirements.txt (line 3))
2026-01-19T01:54:57.2624626Z   Using cached certifi-2026.1.4-py3-none-any.whl.metadata (2.5 kB)
2026-01-19T01:54:57.3174219Z Collecting anyio<5.0.0,>=4.8.0 (from google-genai>=0.3.0->-r requirements.txt (line 5))
2026-01-19T01:54:57.3187703Z   Using cached anyio-4.12.1-py3-none-any.whl.metadata (4.3 kB)
2026-01-19T01:54:57.4131431Z Collecting google-auth<3.0.0,>=2.47.0 (from google-auth[requests]<3.0.0,>=2.47.0->google-genai>=0.3.0->-r requirements.txt (line 5))
2026-01-19T01:54:57.4145620Z   Using cached google_auth-2.47.0-py3-none-any.whl.metadata (6.4 kB)
2026-01-19T01:54:57.4640006Z Collecting httpx<1.0.0,>=0.28.1 (from google-genai>=0.3.0->-r requirements.txt (line 5))
2026-01-19T01:54:57.4653581Z   Using cached httpx-0.28.1-py3-none-any.whl.metadata (7.1 kB)
2026-01-19T01:54:57.6252833Z Collecting pydantic<3.0.0,>=2.9.0 (from google-genai>=0.3.0->-r requirements.txt (line 5))
2026-01-19T01:54:57.6268044Z   Using cached pydantic-2.12.5-py3-none-any.whl.metadata (90 kB)
2026-01-19T01:54:57.6765329Z Collecting tenacity<9.2.0,>=8.2.3 (from google-genai>=0.3.0->-r requirements.txt (line 5))
2026-01-19T01:54:57.6779226Z   Using cached tenacity-9.1.2-py3-none-any.whl.metadata (1.2 kB)
2026-01-19T01:54:57.7889156Z Collecting websockets<15.1.0,>=13.0.0 (from google-genai>=0.3.0->-r requirements.txt (line 5))
2026-01-19T01:54:57.7904421Z   Using cached websockets-15.0.1-cp311-cp311-manylinux_2_5_x86_64.manylinux1_x86_64.manylinux_2_17_x86_64.manylinux2014_x86_64.whl.metadata (6.8 kB)
2026-01-19T01:54:57.8170811Z Collecting distro<2,>=1.7.0 (from google-genai>=0.3.0->-r requirements.txt (line 5))
2026-01-19T01:54:57.8184273Z   Using cached distro-1.9.0-py3-none-any.whl.metadata (6.8 kB)
2026-01-19T01:54:57.8515978Z Collecting sniffio (from google-genai>=0.3.0->-r requirements.txt (line 5))
2026-01-19T01:54:57.8530464Z   Using cached sniffio-1.3.1-py3-none-any.whl.metadata (3.9 kB)
2026-01-19T01:54:57.8928574Z Collecting pyasn1-modules>=0.2.1 (from google-auth<3.0.0,>=2.47.0->google-auth[requests]<3.0.0,>=2.47.0->google-genai>=0.3.0->-r requirements.txt (line 5))
2026-01-19T01:54:57.8941713Z   Using cached pyasn1_modules-0.4.2-py3-none-any.whl.metadata (3.5 kB)
2026-01-19T01:54:57.9228829Z Collecting rsa<5,>=3.1.4 (from google-auth<3.0.0,>=2.47.0->google-auth[requests]<3.0.0,>=2.47.0->google-genai>=0.3.0->-r requirements.txt (line 5))
2026-01-19T01:54:57.9241640Z   Using cached rsa-4.9.1-py3-none-any.whl.metadata (5.6 kB)
2026-01-19T01:54:57.9668709Z Collecting httpcore==1.* (from httpx<1.0.0,>=0.28.1->google-genai>=0.3.0->-r requirements.txt (line 5))
2026-01-19T01:54:57.9682649Z   Using cached httpcore-1.0.9-py3-none-any.whl.metadata (21 kB)
2026-01-19T01:54:57.9944191Z Collecting h11>=0.16 (from httpcore==1.*->httpx<1.0.0,>=0.28.1->google-genai>=0.3.0->-r requirements.txt (line 5))
2026-01-19T01:54:57.9957551Z   Using cached h11-0.16.0-py3-none-any.whl.metadata (8.3 kB)
2026-01-19T01:54:58.0209834Z Collecting annotated-types>=0.6.0 (from pydantic<3.0.0,>=2.9.0->google-genai>=0.3.0->-r requirements.txt (line 5))
2026-01-19T01:54:58.0223415Z   Using cached annotated_types-0.7.0-py3-none-any.whl.metadata (15 kB)
2026-01-19T01:54:58.6966043Z Collecting pydantic-core==2.41.5 (from pydantic<3.0.0,>=2.9.0->google-genai>=0.3.0->-r requirements.txt (line 5))
2026-01-19T01:54:58.6981732Z   Using cached pydantic_core-2.41.5-cp311-cp311-manylinux_2_17_x86_64.manylinux2014_x86_64.whl.metadata (7.3 kB)
2026-01-19T01:54:58.7239762Z Collecting typing-inspection>=0.4.2 (from pydantic<3.0.0,>=2.9.0->google-genai>=0.3.0->-r requirements.txt (line 5))
2026-01-19T01:54:58.7253206Z   Using cached typing_inspection-0.4.2-py3-none-any.whl.metadata (2.6 kB)
2026-01-19T01:54:58.8103134Z Collecting pyasn1>=0.1.3 (from rsa<5,>=3.1.4->google-auth<3.0.0,>=2.47.0->google-auth[requests]<3.0.0,>=2.47.0->google-genai>=0.3.0->-r requirements.txt (line 5))
2026-01-19T01:54:58.8118775Z   Using cached pyasn1-0.6.2-py3-none-any.whl.metadata (8.4 kB)
2026-01-19T01:54:58.8372803Z Using cached playwright-1.57.0-py3-none-manylinux1_x86_64.whl (46.0 MB)
2026-01-19T01:54:58.8714285Z Using cached greenlet-3.3.0-cp311-cp311-manylinux_2_24_x86_64.manylinux_2_28_x86_64.whl (590 kB)
2026-01-19T01:54:58.8732516Z Using cached pyee-13.0.0-py3-none-any.whl (15 kB)
2026-01-19T01:54:58.8746263Z Using cached python_dotenv-1.2.1-py3-none-any.whl (21 kB)
2026-01-19T01:54:58.8761922Z Using cached requests-2.32.5-py3-none-any.whl (64 kB)
2026-01-19T01:54:58.8776526Z Using cached charset_normalizer-3.4.4-cp311-cp311-manylinux2014_x86_64.manylinux_2_17_x86_64.manylinux_2_28_x86_64.whl (151 kB)
2026-01-19T01:54:58.8790098Z Using cached idna-3.11-py3-none-any.whl (71 kB)
2026-01-19T01:54:58.8803495Z Using cached urllib3-2.6.3-py3-none-any.whl (131 kB)
2026-01-19T01:54:58.8817570Z Using cached pillow-12.1.0-cp311-cp311-manylinux_2_27_x86_64.manylinux_2_28_x86_64.whl (7.0 MB)
2026-01-19T01:54:58.8879446Z Using cached google_genai-1.59.0-py3-none-any.whl (719 kB)
2026-01-19T01:54:58.8897097Z Using cached anyio-4.12.1-py3-none-any.whl (113 kB)
2026-01-19T01:54:58.8910529Z Using cached distro-1.9.0-py3-none-any.whl (20 kB)
2026-01-19T01:54:58.8923708Z Using cached google_auth-2.47.0-py3-none-any.whl (234 kB)
2026-01-19T01:54:58.8938050Z Using cached httpx-0.28.1-py3-none-any.whl (73 kB)
2026-01-19T01:54:58.8951189Z Using cached httpcore-1.0.9-py3-none-any.whl (78 kB)
2026-01-19T01:54:58.8964783Z Using cached pydantic-2.12.5-py3-none-any.whl (463 kB)
2026-01-19T01:54:58.8981170Z Using cached pydantic_core-2.41.5-cp311-cp311-manylinux_2_17_x86_64.manylinux2014_x86_64.whl (2.1 MB)
2026-01-19T01:54:58.9008617Z Using cached rsa-4.9.1-py3-none-any.whl (34 kB)
2026-01-19T01:54:58.9021663Z Using cached tenacity-9.1.2-py3-none-any.whl (28 kB)
2026-01-19T01:54:58.9034967Z Using cached typing_extensions-4.15.0-py3-none-any.whl (44 kB)
2026-01-19T01:54:58.9048728Z Using cached websockets-15.0.1-cp311-cp311-manylinux_2_5_x86_64.manylinux1_x86_64.manylinux_2_17_x86_64.manylinux2014_x86_64.whl (182 kB)
2026-01-19T01:54:58.9062450Z Using cached termcolor-3.3.0-py3-none-any.whl (7.7 kB)
2026-01-19T01:54:58.9075939Z Using cached pyyaml-6.0.3-cp311-cp311-manylinux2014_x86_64.manylinux_2_17_x86_64.manylinux_2_28_x86_64.whl (806 kB)
2026-01-19T01:54:58.9094793Z Using cached opencv_python_headless-4.13.0.90-cp37-abi3-manylinux_2_28_x86_64.whl (62.5 MB)
2026-01-19T01:54:58.9546261Z Using cached numpy-2.4.1-cp311-cp311-manylinux_2_27_x86_64.manylinux_2_28_x86_64.whl (16.7 MB)
2026-01-19T01:54:58.9676615Z Using cached faker-40.1.2-py3-none-any.whl (2.0 MB)
2026-01-19T01:54:58.9704653Z Using cached annotated_types-0.7.0-py3-none-any.whl (13 kB)
2026-01-19T01:54:58.9718584Z Using cached certifi-2026.1.4-py3-none-any.whl (152 kB)
2026-01-19T01:54:58.9732852Z Using cached h11-0.16.0-py3-none-any.whl (37 kB)
2026-01-19T01:54:58.9746482Z Using cached pyasn1-0.6.2-py3-none-any.whl (83 kB)
2026-01-19T01:54:58.9759755Z Using cached pyasn1_modules-0.4.2-py3-none-any.whl (181 kB)
2026-01-19T01:54:58.9773961Z Using cached typing_inspection-0.4.2-py3-none-any.whl (14 kB)
2026-01-19T01:54:58.9786835Z Using cached sniffio-1.3.1-py3-none-any.whl (10 kB)
2026-01-19T01:54:59.1822800Z Installing collected packages: websockets, urllib3, typing-extensions, termcolor, tenacity, sniffio, PyYAML, python-dotenv, pyasn1, pillow, numpy, idna, h11, greenlet, faker, distro, charset_normalizer, certifi, annotated-types, typing-inspection, rsa, requests, pyee, pydantic-core, pyasn1-modules, opencv-python-headless, httpcore, anyio, pydantic, playwright, httpx, google-auth, google-genai
2026-01-19T01:55:06.0666851Z 
2026-01-19T01:55:06.0691330Z Successfully installed PyYAML-6.0.3 annotated-types-0.7.0 anyio-4.12.1 certifi-2026.1.4 charset_normalizer-3.4.4 distro-1.9.0 faker-40.1.2 google-auth-2.47.0 google-genai-1.59.0 greenlet-3.3.0 h11-0.16.0 httpcore-1.0.9 httpx-0.28.1 idna-3.11 numpy-2.4.1 opencv-python-headless-4.13.0.90 pillow-12.1.0 playwright-1.57.0 pyasn1-0.6.2 pyasn1-modules-0.4.2 pydantic-2.12.5 pydantic-core-2.41.5 pyee-13.0.0 python-dotenv-1.2.1 requests-2.32.5 rsa-4.9.1 sniffio-1.3.1 tenacity-9.1.2 termcolor-3.3.0 typing-extensions-4.15.0 typing-inspection-0.4.2 urllib3-2.6.3 websockets-15.0.1
2026-01-19T01:55:06.7207911Z Downloading Chromium 143.0.7499.4 (playwright build v1200) from https://cdn.playwright.dev/dbazure/download/playwright/builds/chromium/1200/chromium-linux.zip
2026-01-19T01:55:06.8181317Z (node:2190) [DEP0169] DeprecationWarning: `url.parse()` behavior is not standardized and prone to errors that have security implications. Use the WHATWG URL API instead. CVEs are not issued for `url.parse()` vulnerabilities.
2026-01-19T01:55:06.8182962Z (Use `node --trace-deprecation ...` to show where the warning was created)
2026-01-19T01:55:06.9535506Z |                                                                                |   0% of 164.7 MiB
2026-01-19T01:55:07.2228065Z |■■■■■■■■                                                                        |  10% of 164.7 MiB
2026-01-19T01:55:07.3257846Z |■■■■■■■■■■■■■■■■                                                                |  20% of 164.7 MiB
2026-01-19T01:55:07.4176802Z |■■■■■■■■■■■■■■■■■■■■■■■■                                                        |  30% of 164.7 MiB
2026-01-19T01:55:07.5093042Z |■■■■■■■■■■■■■■■■■■■■■■■■■■■■■■■■                                                |  40% of 164.7 MiB
2026-01-19T01:55:07.5979229Z |■■■■■■■■■■■■■■■■■■■■■■■■■■■■■■■■■■■■■■■■                                        |  50% of 164.7 MiB
2026-01-19T01:55:07.6865100Z |■■■■■■■■■■■■■■■■■■■■■■■■■■■■■■■■■■■■■■■■■■■■■■■■                                |  60% of 164.7 MiB
2026-01-19T01:55:07.7766100Z |■■■■■■■■■■■■■■■■■■■■■■■■■■■■■■■■■■■■■■■■■■■■■■■■■■■■■■■■                        |  70% of 164.7 MiB
2026-01-19T01:55:07.8648377Z |■■■■■■■■■■■■■■■■■■■■■■■■■■■■■■■■■■■■■■■■■■■■■■■■■■■■■■■■■■■■■■■■                |  80% of 164.7 MiB
2026-01-19T01:55:07.9525182Z |■■■■■■■■■■■■■■■■■■■■■■■■■■■■■■■■■■■■■■■■■■■■■■■■■■■■■■■■■■■■■■■■■■■■■■■■        |  90% of 164.7 MiB
2026-01-19T01:55:08.0443154Z |■■■■■■■■■■■■■■■■■■■■■■■■■■■■■■■■■■■■■■■■■■■■■■■■■■■■■■■■■■■■■■■■■■■■■■■■■■■■■■■■| 100% of 164.7 MiB
2026-01-19T01:55:10.4262601Z Chromium 143.0.7499.4 (playwright build v1200) downloaded to /home/runner/.cache/ms-playwright/chromium-1200
2026-01-19T01:55:10.4266927Z Downloading FFMPEG playwright build v1011 from https://cdn.playwright.dev/dbazure/download/playwright/builds/ffmpeg/1011/ffmpeg-linux.zip
2026-01-19T01:55:10.5237933Z (node:2201) [DEP0169] DeprecationWarning: `url.parse()` behavior is not standardized and prone to errors that have security implications. Use the WHATWG URL API instead. CVEs are not issued for `url.parse()` vulnerabilities.
2026-01-19T01:55:10.5239745Z (Use `node --trace-deprecation ...` to show where the warning was created)
2026-01-19T01:55:10.6755694Z |                                                                                |   0% of 2.3 MiB
2026-01-19T01:55:10.7309245Z |■■■■■■■■                                                                        |  10% of 2.3 MiB
2026-01-19T01:55:10.7550590Z |■■■■■■■■■■■■■■■■                                                                |  20% of 2.3 MiB
2026-01-19T01:55:10.8002901Z |■■■■■■■■■■■■■■■■■■■■■■■■                                                        |  30% of 2.3 MiB
2026-01-19T01:55:10.8234972Z |■■■■■■■■■■■■■■■■■■■■■■■■■■■■■■■■                                                |  40% of 2.3 MiB
2026-01-19T01:55:10.8348144Z |■■■■■■■■■■■■■■■■■■■■■■■■■■■■■■■■■■■■■■■■                                        |  50% of 2.3 MiB
2026-01-19T01:55:10.8424533Z |■■■■■■■■■■■■■■■■■■■■■■■■■■■■■■■■■■■■■■■■■■■■■■■■                                |  60% of 2.3 MiB
2026-01-19T01:55:10.8503270Z |■■■■■■■■■■■■■■■■■■■■■■■■■■■■■■■■■■■■■■■■■■■■■■■■■■■■■■■■                        |  70% of 2.3 MiB
2026-01-19T01:55:10.8575885Z |■■■■■■■■■■■■■■■■■■■■■■■■■■■■■■■■■■■■■■■■■■■■■■■■■■■■■■■■■■■■■■■■                |  80% of 2.3 MiB
2026-01-19T01:55:10.8644041Z |■■■■■■■■■■■■■■■■■■■■■■■■■■■■■■■■■■■■■■■■■■■■■■■■■■■■■■■■■■■■■■■■■■■■■■■■        |  90% of 2.3 MiB
2026-01-19T01:55:10.8697761Z |■■■■■■■■■■■■■■■■■■■■■■■■■■■■■■■■■■■■■■■■■■■■■■■■■■■■■■■■■■■■■■■■■■■■■■■■■■■■■■■■| 100% of 2.3 MiB
2026-01-19T01:55:10.9240587Z FFMPEG playwright build v1011 downloaded to /home/runner/.cache/ms-playwright/ffmpeg-1011
2026-01-19T01:55:10.9243972Z Downloading Chromium Headless Shell 143.0.7499.4 (playwright build v1200) from https://cdn.playwright.dev/dbazure/download/playwright/builds/chromium/1200/chromium-headless-shell-linux.zip
2026-01-19T01:55:11.0217952Z (node:2212) [DEP0169] DeprecationWarning: `url.parse()` behavior is not standardized and prone to errors that have security implications. Use the WHATWG URL API instead. CVEs are not issued for `url.parse()` vulnerabilities.
2026-01-19T01:55:11.0219248Z (Use `node --trace-deprecation ...` to show where the warning was created)
2026-01-19T01:55:11.3804758Z |                                                                                |   0% of 109.7 MiB
2026-01-19T01:55:11.6487914Z |■■■■■■■■                                                                        |  10% of 109.7 MiB
2026-01-19T01:55:11.7236446Z |■■■■■■■■■■■■■■■■                                                                |  20% of 109.7 MiB
2026-01-19T01:55:11.7967158Z |■■■■■■■■■■■■■■■■■■■■■■■■                                                        |  30% of 109.7 MiB
2026-01-19T01:55:11.8697231Z |■■■■■■■■■■■■■■■■■■■■■■■■■■■■■■■■                                                |  40% of 109.7 MiB
2026-01-19T01:55:11.9388736Z |■■■■■■■■■■■■■■■■■■■■■■■■■■■■■■■■■■■■■■■■                                        |  50% of 109.7 MiB
2026-01-19T01:55:12.0079729Z |■■■■■■■■■■■■■■■■■■■■■■■■■■■■■■■■■■■■■■■■■■■■■■■■                                |  60% of 109.7 MiB
2026-01-19T01:55:12.0791229Z |■■■■■■■■■■■■■■■■■■■■■■■■■■■■■■■■■■■■■■■■■■■■■■■■■■■■■■■■                        |  70% of 109.7 MiB
2026-01-19T01:55:12.1474371Z |■■■■■■■■■■■■■■■■■■■■■■■■■■■■■■■■■■■■■■■■■■■■■■■■■■■■■■■■■■■■■■■■                |  80% of 109.7 MiB
2026-01-19T01:55:12.2177311Z |■■■■■■■■■■■■■■■■■■■■■■■■■■■■■■■■■■■■■■■■■■■■■■■■■■■■■■■■■■■■■■■■■■■■■■■■        |  90% of 109.7 MiB
2026-01-19T01:55:12.2861186Z |■■■■■■■■■■■■■■■■■■■■■■■■■■■■■■■■■■■■■■■■■■■■■■■■■■■■■■■■■■■■■■■■■■■■■■■■■■■■■■■■| 100% of 109.7 MiB
2026-01-19T01:55:14.0873849Z Chromium Headless Shell 143.0.7499.4 (playwright build v1200) downloaded to /home/runner/.cache/ms-playwright/chromium_headless_shell-1200
2026-01-19T01:55:14.1099393Z ##[group]Run mkdir -p projects/ci_automationexercise_shop
2026-01-19T01:55:14.1099896Z [36;1mmkdir -p projects/ci_automationexercise_shop[0m
2026-01-19T01:55:14.1100332Z [36;1mcat > projects/ci_automationexercise_shop/config.json << 'EOF'[0m
2026-01-19T01:55:14.1100705Z [36;1m{[0m
2026-01-19T01:55:14.1100963Z [36;1m  "project_name": "ci_automationexercise_shop",[0m
2026-01-19T01:55:14.1101382Z [36;1m  "target_url": "https://www.automationexercise.com/",[0m
2026-01-19T01:55:14.1101806Z [36;1m  "goal": "Explore shopping features and cart",[0m
2026-01-19T01:55:14.1102345Z [36;1m  "headless": true[0m
2026-01-19T01:55:14.1102589Z [36;1m}[0m
2026-01-19T01:55:14.1102776Z [36;1mEOF[0m
2026-01-19T01:55:14.1136175Z shell: /usr/bin/bash -e {0}
2026-01-19T01:55:14.1136436Z env:
2026-01-19T01:55:14.1136712Z   pythonLocation: /opt/hostedtoolcache/Python/3.11.14/x64
2026-01-19T01:55:14.1137172Z   PKG_CONFIG_PATH: /opt/hostedtoolcache/Python/3.11.14/x64/lib/pkgconfig
2026-01-19T01:55:14.1137655Z   Python_ROOT_DIR: /opt/hostedtoolcache/Python/3.11.14/x64
2026-01-19T01:55:14.1138049Z   Python2_ROOT_DIR: /opt/hostedtoolcache/Python/3.11.14/x64
2026-01-19T01:55:14.1138434Z   Python3_ROOT_DIR: /opt/hostedtoolcache/Python/3.11.14/x64
2026-01-19T01:55:14.1138847Z   LD_LIBRARY_PATH: /opt/hostedtoolcache/Python/3.11.14/x64/lib
2026-01-19T01:55:14.1139180Z ##[endgroup]
2026-01-19T01:55:14.1248428Z ##[group]Run # Use --deep for comprehensive regression suite
2026-01-19T01:55:14.1248881Z [36;1m# Use --deep for comprehensive regression suite[0m
2026-01-19T01:55:14.1249392Z [36;1mpython orchestrator.py --project projects/ci_automationexercise_shop --deep --force[0m
2026-01-19T01:55:14.1279184Z shell: /usr/bin/bash -e {0}
2026-01-19T01:55:14.1279420Z env:
2026-01-19T01:55:14.1279677Z   pythonLocation: /opt/hostedtoolcache/Python/3.11.14/x64
2026-01-19T01:55:14.1280127Z   PKG_CONFIG_PATH: /opt/hostedtoolcache/Python/3.11.14/x64/lib/pkgconfig
2026-01-19T01:55:14.1280566Z   Python_ROOT_DIR: /opt/hostedtoolcache/Python/3.11.14/x64
2026-01-19T01:55:14.1280950Z   Python2_ROOT_DIR: /opt/hostedtoolcache/Python/3.11.14/x64
2026-01-19T01:55:14.1281515Z   Python3_ROOT_DIR: /opt/hostedtoolcache/Python/3.11.14/x64
2026-01-19T01:55:14.1281893Z   LD_LIBRARY_PATH: /opt/hostedtoolcache/Python/3.11.14/x64/lib
2026-01-19T01:55:14.1282616Z   GOOGLE_API_KEY: ***
2026-01-19T01:55:14.1282853Z   PYTHONPATH: .
2026-01-19T01:55:14.1283036Z ##[endgroup]
2026-01-19T01:55:15.8528072Z 🚀 [DEEP] Extensive mapping enabled (Depth: 3, Pages: 50)
2026-01-19T01:55:15.8528553Z 
2026-01-19T01:55:15.8529289Z 🗺️ [DISCOVERY] Starting Parallel Semantic Crawl on https://www.automationexercise.com/ (Workers: 3)
2026-01-19T01:55:17.1935875Z   🔍 [Worker 0] Visiting (0): https://www.automationexercise.com/
2026-01-19T01:55:17.8593702Z [CACHE HIT] 2a907338... (hits: 1, misses: 0)
2026-01-19T01:55:17.8594889Z   🔍 [Worker 1] Visiting (1): https://www.automationexercise.com/brand_products/Biba
2026-01-19T01:55:17.8605762Z   🔍 [Worker 2] Visiting (1): https://www.automationexercise.com/product_details/8
2026-01-19T01:55:17.8634796Z   🔍 [Worker 0] Visiting (1): https://www.automationexercise.com/product_details/23
2026-01-19T01:55:18.6511142Z [DEBUG] Sending request to gemini-2.0-flash. Number of parts: 1
2026-01-19T01:55:18.6512916Z [CACHE HIT] d844c3a3... (hits: 2, misses: 1)
2026-01-19T01:55:18.6514071Z   🔍 [Worker 0] Visiting (1): https://www.automationexercise.com/brand_products/Babyhug
2026-01-19T01:55:18.9001440Z [CACHE HIT] f1e9969d... (hits: 3, misses: 2)
2026-01-19T01:55:18.9002899Z   🔍 [Worker 0] Visiting (1): https://www.automationexercise.com/product_details/16
2026-01-19T01:55:19.1797596Z [DEBUG] Received response (Length: 310)
2026-01-19T01:55:19.1803644Z [CACHE HIT] edb825cf... (hits: 4, misses: 2)
2026-01-19T01:55:19.1804878Z   🔍 [Worker 1] Visiting (1): https://www.automationexercise.com/brand_products/Allen%20Solly%20Junior
2026-01-19T01:55:19.1940291Z   🔍 [Worker 0] Visiting (1): https://www.automationexercise.com/category_products/1
2026-01-19T01:55:19.6343605Z [CACHE HIT] f23aa454... (hits: 5, misses: 3)
2026-01-19T01:55:19.6365804Z   🔍 [Worker 0] Visiting (1): https://www.automationexercise.com/product_details/14
2026-01-19T01:55:19.9419750Z [CACHE HIT] fedb512d... (hits: 6, misses: 3)
2026-01-19T01:55:19.9420947Z   🔍 [Worker 0] Visiting (1): https://www.automationexercise.com/product_details/19
2026-01-19T01:55:20.2538110Z [CACHE HIT] 26085524... (hits: 7, misses: 3)
2026-01-19T01:55:20.2544972Z   🔍 [Worker 0] Visiting (1): https://www.automationexercise.com/view_cart
2026-01-19T01:55:24.4332400Z [DEBUG] Sending request to gemini-2.0-flash. Number of parts: 1
2026-01-19T01:55:24.4333328Z [DEBUG] Sending request to gemini-2.0-flash. Number of parts: 1
2026-01-19T01:55:24.4334169Z [DEBUG] Sending request to gemini-2.0-flash. Number of parts: 1
2026-01-19T01:55:24.4334900Z [DEBUG] Received response (Length: 335)
2026-01-19T01:55:24.4336101Z   🔍 [Worker 2] Visiting (1): https://www.automationexercise.com/brand_products/Madame
2026-01-19T01:55:24.8366414Z [DEBUG] Sending request to gemini-2.0-flash. Number of parts: 1
2026-01-19T01:55:24.8367145Z [DEBUG] Received response (Length: 424)
2026-01-19T01:55:24.8368246Z   🔍 [Worker 1] Visiting (1): https://www.automationexercise.com/brand_products/Polo
2026-01-19T01:55:25.1413437Z [CACHE HIT] 056f2e12... (hits: 8, misses: 5)
2026-01-19T01:55:25.1421294Z   🔍 [Worker 1] Visiting (1): https://www.automationexercise.com/product_details/18
2026-01-19T01:55:25.8465443Z [DEBUG] Received response (Length: 510)
2026-01-19T01:55:25.8467098Z   🔍 [Worker 2] Visiting (1): https://www.automationexercise.com/product_details/22
2026-01-19T01:55:25.9713342Z [DEBUG] Received response (Length: 298)
2026-01-19T01:55:25.9714686Z   🔍 [Worker 0] Visiting (1): https://www.automationexercise.com/brand_products/Kookie%20Kids
2026-01-19T01:55:26.1686560Z [CACHE HIT] c0502b1c... (hits: 9, misses: 6)
2026-01-19T01:55:26.1687670Z   🔍 [Worker 2] Visiting (1): https://www.automationexercise.com/login
2026-01-19T01:55:30.4719179Z [DEBUG] Sending request to gemini-2.0-flash. Number of parts: 1
2026-01-19T01:55:30.4721561Z [DEBUG] Sending request to gemini-2.0-flash. Number of parts: 1
2026-01-19T01:55:30.4722472Z [DEBUG] Sending request to gemini-2.0-flash. Number of parts: 1
2026-01-19T01:55:30.4723050Z [DEBUG] Received response (Length: 334)
2026-01-19T01:55:30.4724023Z   🔍 [Worker 2] Visiting (1): https://www.automationexercise.com/product_details/42
2026-01-19T01:55:30.7883960Z [DEBUG] Received response (Length: 514)
2026-01-19T01:55:30.7886089Z   🔍 [Worker 0] Visiting (1): https://www.automationexercise.com/category_products/2
2026-01-19T01:55:31.8829828Z [DEBUG] Received response (Length: 341)
2026-01-19T01:55:31.8831161Z   🔍 [Worker 1] Visiting (1): https://www.automationexercise.com/product_details/33
2026-01-19T01:55:35.7533605Z [DEBUG] Sending request to gemini-2.0-flash. Number of parts: 1
2026-01-19T01:55:35.7535153Z [DEBUG] Sending request to gemini-2.0-flash. Number of parts: 1
2026-01-19T01:55:35.7536631Z [DEBUG] Sending request to gemini-2.0-flash. Number of parts: 1
2026-01-19T01:55:35.7538190Z [DEBUG] Received response (Length: 423)
2026-01-19T01:55:35.7539548Z   🔍 [Worker 0] Visiting (1): https://www.automationexercise.com/brand_products/Mast%20&%20Harbour
2026-01-19T01:55:35.8144195Z [DEBUG] Received response (Length: 509)
2026-01-19T01:55:35.8146089Z   🔍 [Worker 1] Visiting (1): https://www.automationexercise.com/product_details/41
2026-01-19T01:55:35.8398518Z [DEBUG] Received response (Length: 457)
2026-01-19T01:55:35.8400065Z   🔍 [Worker 2] Visiting (1): https://www.automationexercise.com/category_products/3
2026-01-19T01:55:36.0096695Z [CACHE HIT] ff268896... (hits: 10, misses: 11)
2026-01-19T01:55:36.0103683Z   🔍 [Worker 0] Visiting (1): https://www.automationexercise.com/product_details/11
2026-01-19T01:55:40.5835288Z [DEBUG] Sending request to gemini-2.0-flash. Number of parts: 1
2026-01-19T01:55:40.5836149Z [DEBUG] Sending request to gemini-2.0-flash. Number of parts: 1
2026-01-19T01:55:40.5837001Z [DEBUG] Sending request to gemini-2.0-flash. Number of parts: 1
2026-01-19T01:55:40.5837700Z [DEBUG] Received response (Length: 358)
2026-01-19T01:55:40.5838805Z   🔍 [Worker 0] Visiting (1): https://www.automationexercise.com
2026-01-19T01:55:40.7408189Z [DEBUG] Received response (Length: 447)
2026-01-19T01:55:40.7409651Z   🔍 [Worker 2] Visiting (1): https://www.automationexercise.com/category_products/4
2026-01-19T01:55:40.7963182Z [DEBUG] Received response (Length: 342)
2026-01-19T01:55:40.7964312Z   🔍 [Worker 1] Visiting (1): https://www.automationexercise.com/product_details/38
2026-01-19T01:55:40.9592659Z [CACHE HIT] 2a907338... (hits: 11, misses: 14)
2026-01-19T01:55:40.9593777Z   🔍 [Worker 0] Visiting (1): https://www.automationexercise.com/product_details/12
2026-01-19T01:55:45.6026712Z [DEBUG] Sending request to gemini-2.0-flash. Number of parts: 1
2026-01-19T01:55:45.6032851Z [DEBUG] Sending request to gemini-2.0-flash. Number of parts: 1
2026-01-19T01:55:45.6042405Z [DEBUG] Sending request to gemini-2.0-flash. Number of parts: 1
2026-01-19T01:55:45.6044116Z [DEBUG] Received response (Length: 352)
2026-01-19T01:55:45.6045214Z   🔍 [Worker 0] Visiting (1): https://www.automationexercise.com/brand_products/H&M
2026-01-19T01:55:45.6417077Z [DEBUG] Received response (Length: 335)
2026-01-19T01:55:45.6418621Z   🔍 [Worker 1] Visiting (1): https://www.automationexercise.com/product_details/7
2026-01-19T01:55:45.7812572Z [DEBUG] Received response (Length: 459)
2026-01-19T01:55:45.7816025Z   🔍 [Worker 2] Visiting (1): https://www.automationexercise.com/product_details/6
2026-01-19T01:55:50.5640038Z [DEBUG] Sending request to gemini-2.0-flash. Number of parts: 1
2026-01-19T01:55:50.5640801Z [DEBUG] Sending request to gemini-2.0-flash. Number of parts: 1
2026-01-19T01:55:50.5641477Z [DEBUG] Sending request to gemini-2.0-flash. Number of parts: 1
2026-01-19T01:55:50.5642019Z [DEBUG] Received response (Length: 326)
2026-01-19T01:55:50.5643247Z   🔍 [Worker 1] Visiting (1): https://www.automationexercise.com/product_details/15
2026-01-19T01:55:50.6230798Z [DEBUG] Received response (Length: 354)
2026-01-19T01:55:50.6232868Z   🔍 [Worker 0] Visiting (1): https://www.automationexercise.com/product_details/31
2026-01-19T01:55:50.8968428Z [CACHE HIT] e8f36680... (hits: 12, misses: 21)
2026-01-19T01:55:50.8970862Z   🔍 [Worker 0] Visiting (1): https://www.automationexercise.com/product_details/20
2026-01-19T01:55:51.1243278Z [DEBUG] Received response (Length: 534)
2026-01-19T01:55:51.1244830Z   🔍 [Worker 2] Visiting (1): https://www.automationexercise.com/category_products/7
2026-01-19T01:55:51.2100859Z [CACHE HIT] 60dc93ab... (hits: 13, misses: 21)
2026-01-19T01:55:51.2102765Z   🔍 [Worker 0] Visiting (1): https://www.automationexercise.com/product_details/29
2026-01-19T01:55:55.5337256Z [DEBUG] Sending request to gemini-2.0-flash. Number of parts: 1
2026-01-19T01:55:55.5340282Z [DEBUG] Sending request to gemini-2.0-flash. Number of parts: 1
2026-01-19T01:55:55.5340923Z [DEBUG] Sending request to gemini-2.0-flash. Number of parts: 1
2026-01-19T01:55:55.5341446Z [DEBUG] Received response (Length: 324)
2026-01-19T01:55:55.5342715Z   🔍 [Worker 0] Visiting (1): https://www.automationexercise.com/product_details/3
2026-01-19T01:55:55.5729103Z [DEBUG] Received response (Length: 340)
2026-01-19T01:55:55.5730610Z   🔍 [Worker 1] Visiting (1): https://www.automationexercise.com/products
2026-01-19T01:55:56.3105107Z [DEBUG] Sending request to gemini-2.0-flash. Number of parts: 1
2026-01-19T01:55:56.3105742Z [DEBUG] Received response (Length: 539)
2026-01-19T01:55:56.3106750Z   🔍 [Worker 2] Visiting (1): https://www.automationexercise.com/category_products/6
2026-01-19T01:55:56.4694994Z [DEBUG] Received response (Length: 252)
2026-01-19T01:55:56.4698128Z   🔍 [Worker 0] Visiting (1): https://www.automationexercise.com/test_cases
2026-01-19T01:56:01.4467438Z [DEBUG] Sending request to gemini-2.0-flash. Number of parts: 1
2026-01-19T01:56:01.4471010Z [DEBUG] Sending request to gemini-2.0-flash. Number of parts: 1
2026-01-19T01:56:01.4473650Z [DEBUG] Sending request to gemini-2.0-flash. Number of parts: 1
2026-01-19T01:56:01.4474535Z [DEBUG] Received response (Length: 238)
2026-01-19T01:56:01.4475732Z   🔍 [Worker 0] Visiting (1): https://www.automationexercise.com/product_details/4
2026-01-19T01:56:01.7017355Z [CACHE HIT] 26aa0a2a... (hits: 14, misses: 27)
2026-01-19T01:56:01.7018906Z   🔍 [Worker 0] Visiting (1): https://www.automationexercise.com/product_details/28
2026-01-19T01:56:01.7427435Z [DEBUG] Received response (Length: 397)
2026-01-19T01:56:01.7428585Z   🔍 [Worker 2] Visiting (1): https://www.automationexercise.com/category_products/5
2026-01-19T01:56:02.0786788Z [CACHE HIT] 83284235... (hits: 15, misses: 28)
2026-01-19T01:56:02.0788277Z   🔍 [Worker 2] Visiting (1): https://www.automationexercise.com/product_details/30
2026-01-19T01:56:02.1022973Z [DEBUG] Received response (Length: 492)
2026-01-19T01:56:02.1024097Z   🔍 [Worker 1] Visiting (1): https://www.automationexercise.com/product_details/40
2026-01-19T01:56:02.4364068Z [CACHE HIT] 5ea77373... (hits: 16, misses: 28)
2026-01-19T01:56:02.4366637Z   🔍 [Worker 2] Visiting (1): https://www.automationexercise.com/contact_us
2026-01-19T01:56:02.4849062Z [CACHE HIT] 74337f6a... (hits: 17, misses: 28)
2026-01-19T01:56:02.4850416Z   🔍 [Worker 1] Visiting (1): https://www.automationexercise.com/product_details/2
2026-01-19T01:56:02.8645542Z [CACHE HIT] 14145d70... (hits: 18, misses: 28)
2026-01-19T01:56:02.8663610Z   🔍 [Worker 1] Visiting (1): https://www.automationexercise.com/product_details/37
2026-01-19T01:56:02.9148974Z [CACHE HIT] 0737564f... (hits: 19, misses: 28)
2026-01-19T01:56:02.9154925Z   🔍 [Worker 2] Visiting (1): https://www.automationexercise.com/product_details/24
2026-01-19T01:56:03.1506991Z [CACHE HIT] 37378198... (hits: 20, misses: 28)
2026-01-19T01:56:03.1525117Z   🔍 [Worker 1] Visiting (1): https://www.automationexercise.com/product_details/5
2026-01-19T01:56:06.7125389Z [DEBUG] Sending request to gemini-2.0-flash. Number of parts: 1
2026-01-19T01:56:06.7126211Z [DEBUG] Sending request to gemini-2.0-flash. Number of parts: 1
2026-01-19T01:56:06.7127549Z [DEBUG] Sending request to gemini-2.0-flash. Number of parts: 1
2026-01-19T01:56:06.7128184Z [DEBUG] Received response (Length: 368)
2026-01-19T01:56:06.7128693Z [DEBUG] Received response (Length: 346)
2026-01-19T01:56:06.7129791Z   🔍 [Worker 1] Visiting (1): https://www.automationexercise.com/product_details/1
2026-01-19T01:56:06.7171270Z   🔍 [Worker 2] Visiting (1): https://www.automationexercise.com/api_list
2026-01-19T01:56:08.1413676Z [DEBUG] Received response (Length: 505)
2026-01-19T01:56:08.1414268Z [CACHE HIT] 22eac6ed... (hits: 21, misses: 30)
2026-01-19T01:56:08.1414874Z [DEBUG] Sending request to gemini-2.0-flash. Number of parts: 1
2026-01-19T01:56:08.1415481Z [DEBUG] Received response (Length: 528)
2026-01-19T01:56:08.1416252Z ✅ Discovery Complete. Mapped 50 pages.
2026-01-19T01:56:18.8907989Z 
2026-01-19T01:56:18.8908578Z [PLAN] PLANNER: Planning goal -> 'Explore shopping features and cart' (Deep Mode: True)
2026-01-19T01:56:18.8909377Z 🗺️ [PLAN] Loaded Sitemap with 50 pages.
2026-01-19T01:56:18.8910285Z 🎭 [EXPERT] Detected Domain: ECOMMERCE. Persona: Act as a Senior SDET focusing on e-commerce flow automation and conversion funnel reliability
2026-01-19T01:56:18.8911125Z [DEBUG] Sending request to gemini-2.0-flash. Number of parts: 1
2026-01-19T01:56:18.8911558Z [DEBUG] Received response (Length: 5291)
2026-01-19T01:56:18.8911978Z ✅ Planner generated 4 scenarios. Workflow updated.
2026-01-19T01:56:19.9384543Z 
2026-01-19T01:56:19.9385666Z 🕵️ [DEEP EXPLORER] Starting Multi-Scenario Exploration
2026-01-19T01:56:19.9386343Z 📋 Found 4 scenarios to explore.
2026-01-19T01:56:20.3069790Z 
2026-01-19T01:56:20.3070299Z [1/4] Exploring Scenario: Browse Products and Add to Cart
2026-01-19T01:56:20.3071489Z     🧠 Initialized exploration context for goal: 'Explore shopping features and cart'
2026-01-19T01:56:20.3072488Z   ▶️ [STEP step_1] NAVIGATE: 
2026-01-19T01:56:21.3034382Z     ✅ Navigated to https://www.automationexercise.com/
2026-01-19T01:56:21.3035963Z   ▶️ [STEP step_2] ASSERT_URL: 
2026-01-19T01:56:21.3502609Z     📢 Detected overlay (ins.adsbygoogle). Dismissing...
2026-01-19T01:56:22.8701912Z     📢 Detected overlay (ins.adsbygoogle). Dismissing...
2026-01-19T01:56:29.3849608Z     ⚠️ Scroll into view failed for text=None. Proceeding anyway.
2026-01-19T01:56:31.3873029Z     ✅ State transitioned.
2026-01-19T01:56:33.3652363Z [DEBUG] Sending request to gemini-2.0-flash. Number of parts: 2
2026-01-19T01:56:33.3653147Z [DEBUG] Received response (Length: 259)
2026-01-19T01:56:33.3654051Z     🤖 AI Next Step Suggestion: click -> Add to cart
2026-01-19T01:56:33.3654948Z     🧩 Suggested Locator: a[data-product-id='1']
2026-01-19T01:56:33.3656948Z     💭 Reasoning: To explore shopping features and cart, adding a product to the cart is a logical next step. This 'Add to cart' button corresponds to the first product.
2026-01-19T01:56:33.3658744Z     ➕ Injected AI step: click -> Add to cart
2026-01-19T01:56:33.3659506Z   ▶️ [STEP step_2_ai_1] CLICK: Add to cart
2026-01-19T01:56:33.3738430Z     📢 Detected overlay (ins.adsbygoogle). Dismissing...
2026-01-19T01:56:34.8808031Z     🎯 Using AI-provided locator: a[data-product-id='1']
2026-01-19T01:56:34.8878683Z     ✅ Found 1 verified locators
2026-01-19T01:56:34.8943763Z     📢 Detected overlay (ins.adsbygoogle). Dismissing...
2026-01-19T01:56:40.4805958Z     ✅ State transitioned.
2026-01-19T01:56:42.6108467Z [DEBUG] Sending request to gemini-2.0-flash. Number of parts: 2
2026-01-19T01:56:42.6109106Z [DEBUG] Received response (Length: 260)
2026-01-19T01:56:42.6109932Z     🤖 AI Next Step Suggestion: click -> Continue Shopping
2026-01-19T01:56:42.6110524Z     🧩 Suggested Locator: button
2026-01-19T01:56:42.6111852Z     💭 Reasoning: The 'Added!' popup is currently blocking the page. Clicking 'Continue Shopping' will close the popup and allow further interaction with the page.
2026-01-19T01:56:42.6113068Z     ➕ Injected AI step: click -> Continue Shopping
2026-01-19T01:56:42.6113467Z   ▶️ [STEP step_2_ai_2] CLICK: Continue Shopping
2026-01-19T01:56:42.6181734Z     📢 Detected overlay (ins.adsbygoogle). Dismissing...
2026-01-19T01:56:44.1250983Z     🎯 Using AI-provided locator: button
2026-01-19T01:56:44.1275609Z     🔍 Mining locators for: 'Continue Shopping'
2026-01-19T01:56:44.3106862Z     ✅ Found 2 verified locators
2026-01-19T01:56:44.3177703Z     📢 Detected overlay (ins.adsbygoogle). Dismissing...
2026-01-19T01:56:49.3949319Z     ✅ State transitioned.
2026-01-19T01:56:49.4331448Z     🔄 Revisited state detected (count: 1)
2026-01-19T01:56:51.4040210Z [DEBUG] Sending request to gemini-2.0-flash. Number of parts: 2
2026-01-19T01:56:51.4040891Z [DEBUG] Received response (Length: 288)
2026-01-19T01:56:51.4041720Z     🤖 AI Next Step Suggestion: click -> Add to cart
2026-01-19T01:56:51.4042600Z     🧩 Suggested Locator: a[data-product-id='2']
2026-01-19T01:56:51.4044201Z     💭 Reasoning: To explore shopping features and cart, adding another item to the cart is a logical next step. There are multiple 'Add to cart' buttons available. Clicking the first one available.
2026-01-19T01:56:51.4045228Z     ➕ Injected AI step: click -> Add to cart
2026-01-19T01:56:51.4045640Z   ▶️ [STEP step_2_ai_3] CLICK: Add to cart
2026-01-19T01:56:51.4108085Z     📢 Detected overlay (ins.adsbygoogle). Dismissing...
2026-01-19T01:56:52.9174043Z     🎯 Using AI-provided locator: a[data-product-id='2']
2026-01-19T01:56:52.9239379Z     ✅ Found 1 verified locators
2026-01-19T01:56:52.9301444Z     📢 Detected overlay (ins.adsbygoogle). Dismissing...
2026-01-19T01:56:58.5116743Z     ✅ State transitioned.
2026-01-19T01:56:58.5495724Z     🔄 Revisited state detected (count: 2)
2026-01-19T01:57:00.4359935Z [DEBUG] Sending request to gemini-2.0-flash. Number of parts: 2
2026-01-19T01:57:00.4360795Z [DEBUG] Received response (Length: 286)
2026-01-19T01:57:00.4361662Z     🤖 AI Next Step Suggestion: click -> View Cart
2026-01-19T01:57:00.4362824Z     🧩 Suggested Locator: a:contains('View Cart')
2026-01-19T01:57:00.4365131Z     💭 Reasoning: The 'Add to cart' action was successful, and the 'View Cart' option is now available. Clicking 'View Cart' progresses towards the goal of exploring shopping features and the cart.
2026-01-19T01:57:00.4367210Z     ➕ Injected AI step: click -> View Cart
2026-01-19T01:57:00.4367990Z   ▶️ [STEP step_2_ai_4] CLICK: View Cart
2026-01-19T01:57:00.4437175Z     📢 Detected overlay (ins.adsbygoogle). Dismissing...
2026-01-19T01:57:01.9530746Z     🎯 Using AI-provided locator: a:contains('View Cart')
2026-01-19T01:57:01.9568530Z     🔍 Mining locators for: 'View Cart'
2026-01-19T01:57:02.1911168Z     ✅ Found 1 verified locators
2026-01-19T01:57:02.1979498Z     📢 Detected overlay (ins.adsbygoogle). Dismissing...
2026-01-19T01:57:07.2922383Z     ✅ State transitioned.
2026-01-19T01:57:09.2743385Z [DEBUG] Sending request to gemini-2.0-flash. Number of parts: 2
2026-01-19T01:57:09.2744185Z [DEBUG] Received response (Length: 236)
2026-01-19T01:57:09.2745210Z     🤖 AI Next Step Suggestion: click -> Proceed To Checkout
2026-01-19T01:57:09.2747041Z     💭 Reasoning: The cart has items, and the goal is to explore shopping features and cart. Proceeding to checkout is the next logical step.
2026-01-19T01:57:09.2748746Z     ➕ Injected AI step: click -> Proceed To Checkout
2026-01-19T01:57:09.2749636Z   ▶️ [STEP step_2_ai_5] CLICK: Proceed To Checkout
2026-01-19T01:57:09.2967041Z     📢 Detected overlay (ins.adsbygoogle). Dismissing...
2026-01-19T01:57:10.8037507Z     🔍 Mining locators for: 'Proceed To Checkout'
2026-01-19T01:57:10.8651933Z     ✅ Found 1 verified locators
2026-01-19T01:57:10.8715953Z     📢 Detected overlay (ins.adsbygoogle). Dismissing...
2026-01-19T01:57:15.9400689Z     ✅ State transitioned.
2026-01-19T01:57:17.7340603Z [DEBUG] Sending request to gemini-2.0-flash. Number of parts: 2
2026-01-19T01:57:17.7341279Z [DEBUG] Received response (Length: 318)
2026-01-19T01:57:17.7342365Z     🤖 AI Next Step Suggestion: click -> Register / Login
2026-01-19T01:57:17.7344473Z     💭 Reasoning: The goal is to explore shopping features and cart, and the current page requires registration/login to proceed with checkout. Clicking 'Register / Login' is the next logical step to progress towards the goal.
2026-01-19T01:57:17.7346638Z     ➕ Injected AI step: click -> Register / Login
2026-01-19T01:57:17.7347302Z   ▶️ [STEP step_2_ai_6] CLICK: Register / Login
2026-01-19T01:57:17.7404203Z     📢 Detected overlay (ins.adsbygoogle). Dismissing...
2026-01-19T01:57:19.2467347Z     🔍 Mining locators for: 'Register / Login'
2026-01-19T01:57:19.3748104Z     ✅ Found 3 verified locators
2026-01-19T01:57:19.3805337Z     📢 Detected overlay (ins.adsbygoogle). Dismissing...
2026-01-19T01:57:24.4373477Z     ✅ State transitioned.
2026-01-19T01:57:26.0507317Z [DEBUG] Sending request to gemini-2.0-flash. Number of parts: 2
2026-01-19T01:57:26.0508020Z [DEBUG] Received response (Length: 180)
2026-01-19T01:57:26.0508719Z     🤖 AI Next Step Suggestion: fill -> Name
2026-01-19T01:57:26.0509188Z     🧩 Suggested Locator: [name='name']
2026-01-19T01:57:26.0509837Z     💭 Reasoning: Need to fill the signup form to proceed. Filling the name field first.
2026-01-19T01:57:26.0510409Z     ➕ Injected AI step: fill -> Name
2026-01-19T01:57:26.0510799Z   ▶️ [STEP step_2_ai_7] FILL: Name
2026-01-19T01:57:26.0668330Z     🎯 Using AI-provided locator: [name='name']
2026-01-19T01:57:26.0727384Z     ✅ Found 1 verified locators
2026-01-19T01:57:31.5542924Z     ✅ State transitioned.
2026-01-19T01:57:33.0767153Z [DEBUG] Sending request to gemini-2.0-flash. Number of parts: 2
2026-01-19T01:57:33.0767838Z [DEBUG] Received response (Length: 199)
2026-01-19T01:57:33.0768572Z     🤖 AI Next Step Suggestion: fill -> Email Address
2026-01-19T01:57:33.0769120Z     🧩 Suggested Locator: input[name='email']
2026-01-19T01:57:33.0769770Z     💭 Reasoning: Need to fill in the email address to complete the signup form.
2026-01-19T01:57:33.0770427Z     ➕ Injected AI step: fill -> Email Address
2026-01-19T01:57:33.0770917Z   ▶️ [STEP step_2_ai_8] FILL: Email Address
2026-01-19T01:57:33.0825279Z     🎯 Using AI-provided locator: input[name='email']
2026-01-19T01:57:33.0882394Z     ✅ Found 1 verified locators
2026-01-19T01:57:39.3486598Z     ✅ State transitioned.
2026-01-19T01:57:40.8880617Z [DEBUG] Sending request to gemini-2.0-flash. Number of parts: 2
2026-01-19T01:57:40.8881348Z [DEBUG] Received response (Length: 224)
2026-01-19T01:57:40.8882034Z     🤖 AI Next Step Suggestion: click -> Signup
2026-01-19T01:57:40.8882727Z     🧩 Suggested Locator: button
2026-01-19T01:57:40.8883825Z     💭 Reasoning: The 'Signup' button is available after filling the Name and Email Address fields. Clicking it will proceed with the registration process.
2026-01-19T01:57:40.8884823Z     ➕ Injected AI step: click -> Signup
2026-01-19T01:57:40.8885293Z   ▶️ [STEP step_2_ai_9] CLICK: Signup
2026-01-19T01:57:40.8937304Z     🎯 Using AI-provided locator: button
2026-01-19T01:57:40.8992575Z     ✅ Found 1 verified locators
2026-01-19T01:57:44.9556343Z     ✅ State transitioned.
2026-01-19T01:57:44.9911205Z     🔄 Revisited state detected (count: 1)
2026-01-19T01:57:46.5428836Z [DEBUG] Sending request to gemini-2.0-flash. Number of parts: 2
2026-01-19T01:57:46.5429793Z [DEBUG] Received response (Length: 189)
2026-01-19T01:57:46.5430714Z     🤖 AI Next Step Suggestion: fill -> Password
2026-01-19T01:57:46.5431520Z     🧩 Suggested Locator: input[name='password']
2026-01-19T01:57:46.5432447Z     💭 Reasoning: To complete the login form, the password field needs to be filled.
2026-01-19T01:57:46.5433048Z     ➕ Injected AI step: fill -> Password
2026-01-19T01:57:46.5433442Z   ▶️ [STEP step_2_ai_10] FILL: Password
2026-01-19T01:57:46.5496546Z     🎯 Using AI-provided locator: input[name='password']
2026-01-19T01:57:46.5555939Z     ✅ Found 1 verified locators
2026-01-19T01:57:52.0272605Z     ✅ State transitioned.
2026-01-19T01:57:53.4075484Z [DEBUG] Sending request to gemini-2.0-flash. Number of parts: 2
2026-01-19T01:57:53.4076166Z [DEBUG] Received response (Length: 185)
2026-01-19T01:57:53.4077086Z     🤖 AI Next Step Suggestion: fill -> Email Address
2026-01-19T01:57:53.4077831Z     🧩 Suggested Locator: input[name='email']
2026-01-19T01:57:53.4079075Z     💭 Reasoning: Need to fill the email address field for signup.
2026-01-19T01:57:53.4079888Z     ➕ Injected AI step: fill -> Email Address
2026-01-19T01:57:53.4080564Z   ▶️ [STEP step_2_ai_11] FILL: Email Address
2026-01-19T01:57:53.4135799Z     🎯 Using AI-provided locator: input[name='email']
2026-01-19T01:57:53.4194361Z     ✅ Found 1 verified locators
2026-01-19T01:57:59.9875293Z     ✅ State transitioned.
2026-01-19T01:58:00.0299401Z     🔄 Revisited state detected (count: 1)
2026-01-19T01:58:01.6166689Z [DEBUG] Sending request to gemini-2.0-flash. Number of parts: 2
2026-01-19T01:58:01.6167591Z [DEBUG] Received response (Length: 293)
2026-01-19T01:58:01.6168554Z     🤖 AI Next Step Suggestion: click -> Products
2026-01-19T01:58:01.6171006Z     💭 Reasoning: The goal is to explore shopping features and cart. Clicking on 'Products' will navigate to the products page, which is a necessary step to explore shopping features and add items to the cart.
2026-01-19T01:58:01.6173449Z     ➕ Injected AI step: click -> Products
2026-01-19T01:58:01.6174204Z   ▶️ [STEP step_2_ai_12] CLICK: Products
2026-01-19T01:58:01.6231632Z     🔍 Mining locators for: 'Products'
2026-01-19T01:58:01.6771264Z     ✅ Found 2 verified locators
2026-01-19T01:58:05.2202342Z     ✅ State transitioned.
2026-01-19T01:58:06.9417334Z [DEBUG] Sending request to gemini-2.0-flash. Number of parts: 2
2026-01-19T01:58:06.9418112Z [DEBUG] Received response (Length: 246)
2026-01-19T01:58:06.9419117Z     🤖 AI Next Step Suggestion: click -> Products
2026-01-19T01:58:06.9421052Z     💭 Reasoning: The goal is to explore shopping features and cart. Clicking on 'Products' will navigate to the products page, allowing to add items to the cart.
2026-01-19T01:58:06.9423362Z ⚠️ Loop detected: same AI suggestion repeated 2 times. Moving to next step.
2026-01-19T01:58:06.9424377Z   ▶️ [STEP step_3] CLICK: Products
2026-01-19T01:58:06.9478887Z     🔍 Mining locators for: 'Products'
2026-01-19T01:58:07.0054496Z     ✅ Found 1 verified locators
2026-01-19T01:58:10.5516649Z     ✅ State transitioned.
2026-01-19T01:58:10.5840742Z     🔄 Revisited state detected (count: 1)
2026-01-19T01:58:12.1481626Z [DEBUG] Sending request to gemini-2.0-flash. Number of parts: 2
2026-01-19T01:58:12.1482866Z [DEBUG] Received response (Length: 182)
2026-01-19T01:58:12.1483865Z     🤖 AI Next Step Suggestion: fill -> Email Address
2026-01-19T01:58:12.1484762Z     🧩 Suggested Locator: input[name='email']
2026-01-19T01:58:12.1485752Z     💭 Reasoning: Need to fill in the email address for signup.
2026-01-19T01:58:12.1486723Z     ➕ Injected AI step: fill -> Email Address
2026-01-19T01:58:12.1487541Z   ▶️ [STEP step_3_ai_1] FILL: Email Address
2026-01-19T01:58:12.1544238Z     🎯 Using AI-provided locator: input[name='email']
2026-01-19T01:58:12.1601233Z     ✅ Found 1 verified locators
2026-01-19T01:58:18.6844585Z     ⚠️ Action failed: Locator.click: Timeout 5000ms exceeded.
2026-01-19T01:58:18.6845350Z Call log:
2026-01-19T01:58:18.6846131Z ...
2026-01-19T01:58:20.0266644Z [DEBUG] Sending request to gemini-2.0-flash. Number of parts: 2
2026-01-19T01:58:20.0267191Z [DEBUG] Received response (Length: 188)
2026-01-19T01:58:20.0268728Z     ✨ AI Heal Reasoning: The input field labeled 'Email Address' is the best element to fill. It is an input field and is clearly visible.
2026-01-19T01:58:20.0269721Z     ✨ AI healed exploration action! New selector: input[name='email']
2026-01-19T01:58:26.5523242Z   ▶️ [STEP step_4] ASSERT_URL: 
2026-01-19T01:58:31.5671498Z     ⚠️ Scroll into view failed for text=None. Proceeding anyway.
2026-01-19T01:58:33.5694416Z     ✅ State transitioned.
2026-01-19T01:58:33.6023067Z     🔄 Revisited state detected (count: 2)
2026-01-19T01:58:35.0161614Z [DEBUG] Sending request to gemini-2.0-flash. Number of parts: 2
2026-01-19T01:58:35.0162467Z [DEBUG] Received response (Length: 278)
2026-01-19T01:58:35.0163264Z     🤖 AI Next Step Suggestion: click -> Products
2026-01-19T01:58:35.0163834Z     🧩 Suggested Locator: a[href='/products']
2026-01-19T01:58:35.0164776Z     💭 Reasoning: The goal is to explore shopping features and cart. Clicking on 'Products' will navigate to the product listing page, which is a necessary step towards adding items to the cart.
2026-01-19T01:58:35.0165601Z     ➕ Injected AI step: click -> Products
2026-01-19T01:58:35.0165915Z   ▶️ [STEP step_4_ai_1] CLICK: Products
2026-01-19T01:58:35.0218757Z     🎯 Using AI-provided locator: a[href='/products']
2026-01-19T01:58:35.0274656Z     ✅ Found 1 verified locators
2026-01-19T01:58:39.0663183Z     ✅ State transitioned.
2026-01-19T01:58:40.3599971Z [DEBUG] Sending request to gemini-2.0-flash. Number of parts: 2
2026-01-19T01:58:40.3600725Z [DEBUG] Received response (Length: 236)
2026-01-19T01:58:40.3601541Z     🤖 AI Next Step Suggestion: fill -> Email Address
2026-01-19T01:58:40.3602552Z     🧩 Suggested Locator: input[name='email']
2026-01-19T01:58:40.3603883Z     💭 Reasoning: The page is on the login page. Filling the email address is the next logical step to attempt login.
2026-01-19T01:58:40.3605173Z     ➕ Injected AI step: fill -> Email Address
2026-01-19T01:58:40.3605878Z   ▶️ [STEP step_4_ai_2] FILL: Email Address
2026-01-19T01:58:40.3660091Z     🎯 Using AI-provided locator: input[name='email']
2026-01-19T01:58:40.3713690Z     ✅ Found 1 verified locators
2026-01-19T01:58:46.8988955Z     ⚠️ Action failed: Locator.click: Timeout 5000ms exceeded.
2026-01-19T01:58:46.8989411Z Call log:
2026-01-19T01:58:46.8989621Z ...
2026-01-19T01:58:46.9469156Z [CACHE HIT] 34d2e092... (hits: 1, misses: 17)
2026-01-19T01:58:46.9470609Z     ✨ AI Heal Reasoning: The input field labeled 'Email Address' is the best element to fill. It is an input field and is clearly visible.
2026-01-19T01:58:46.9471822Z     ✨ AI healed exploration action! New selector: input[name='email']
2026-01-19T01:58:53.4655063Z   ▶️ [STEP step_5] CLICK: Add to cart
2026-01-19T01:58:53.4721012Z     🔍 Mining locators for: 'Add to cart'
2026-01-19T01:58:53.5127853Z     🧠 Consulting AI (Vision-First) to find 'Add to cart'...
2026-01-19T01:58:53.5138394Z     🔍 Trying smart selectors for 'Add to cart'...
2026-01-19T01:58:53.5356799Z     ⚠️ Smart selectors failed (no unique match). Falling back to AI Vision...
2026-01-19T01:58:53.5357963Z     ⚠️ Critical step failure: name 'time' is not defined
2026-01-19T01:58:53.5358758Z   ▶️ [STEP step_6] CLICK: View Cart
2026-01-19T01:58:53.5405140Z     🔍 Mining locators for: 'View Cart'
2026-01-19T01:58:53.5960815Z     🧠 Consulting AI (Vision-First) to find 'View Cart'...
2026-01-19T01:58:53.5961554Z     🔍 Trying smart selectors for 'View Cart'...
2026-01-19T01:58:53.6293445Z     ⚠️ Smart selectors failed (no unique match). Falling back to AI Vision...
2026-01-19T01:58:53.6294366Z     ⚠️ Critical step failure: name 'time' is not defined
2026-01-19T01:58:53.6294994Z   ▶️ [STEP step_7] ASSERT_URL: 
2026-01-19T01:58:58.6448078Z     ⚠️ Scroll into view failed for text=None. Proceeding anyway.
2026-01-19T01:59:00.6471306Z     ✅ State transitioned.
2026-01-19T01:59:00.6814027Z     🔄 Revisited state detected (count: 1)
2026-01-19T01:59:02.0281709Z [DEBUG] Sending request to gemini-2.0-flash. Number of parts: 2
2026-01-19T01:59:02.0282610Z [DEBUG] Received response (Length: 233)
2026-01-19T01:59:02.0283614Z     🤖 AI Next Step Suggestion: fill -> Email Address
2026-01-19T01:59:02.0284275Z     🧩 Suggested Locator: input[name='email']
2026-01-19T01:59:02.0285112Z     💭 Reasoning: The page is the login page. Filling the email address is the next logical step to attempt login.
2026-01-19T01:59:02.0285840Z ⚠️ Loop detected: same AI suggestion repeated 2 times. Moving to next step.
2026-01-19T01:59:04.0827293Z 
2026-01-19T01:59:04.0827925Z [2/4] Exploring Scenario: Browse Products by Category and Add to Cart
2026-01-19T01:59:04.0831889Z     🧠 Initialized exploration context for goal: 'Explore shopping features and cart'
2026-01-19T01:59:04.0834222Z   ▶️ [STEP step_1] NAVIGATE: 
2026-01-19T01:59:07.0437208Z     ✅ Navigated to https://www.automationexercise.com/
2026-01-19T01:59:07.0438157Z   ▶️ [STEP step_2] ASSERT_URL: 
2026-01-19T01:59:07.0632778Z     📢 Detected overlay (ins.adsbygoogle). Dismissing...
2026-01-19T01:59:08.5774481Z     📢 Detected overlay (ins.adsbygoogle). Dismissing...
2026-01-19T01:59:15.0914782Z     ⚠️ Scroll into view failed for text=None. Proceeding anyway.
2026-01-19T01:59:17.0930158Z     ✅ State transitioned.
2026-01-19T01:59:19.1561842Z [DEBUG] Sending request to gemini-2.0-flash. Number of parts: 2
2026-01-19T01:59:19.1562807Z [DEBUG] Received response (Length: 212)
2026-01-19T01:59:19.1563753Z     🤖 AI Next Step Suggestion: click -> Add to cart
2026-01-19T01:59:19.1564605Z     🧩 Suggested Locator: a[data-product-id='1']
2026-01-19T01:59:19.1565831Z     💭 Reasoning: To explore shopping features and cart, adding the first available product to the cart is a logical step.
2026-01-19T01:59:19.1566962Z     ➕ Injected AI step: click -> Add to cart
2026-01-19T01:59:19.1567556Z   ▶️ [STEP step_2_ai_1] CLICK: Add to cart
2026-01-19T01:59:19.1631733Z     📢 Detected overlay (ins.adsbygoogle). Dismissing...
2026-01-19T01:59:20.6689969Z     🎯 Using AI-provided locator: a[data-product-id='1']
2026-01-19T01:59:20.6752679Z     ✅ Found 1 verified locators
2026-01-19T01:59:20.6814160Z     📢 Detected overlay (ins.adsbygoogle). Dismissing...
2026-01-19T01:59:26.2545715Z     ✅ State transitioned.
2026-01-19T01:59:28.0804986Z [DEBUG] Sending request to gemini-2.0-flash. Number of parts: 2
2026-01-19T01:59:28.0805663Z [DEBUG] Received response (Length: 253)
2026-01-19T01:59:28.0806527Z     🤖 AI Next Step Suggestion: click -> Continue Shopping
2026-01-19T01:59:28.0807141Z     🧩 Suggested Locator: button
2026-01-19T01:59:28.0808420Z     💭 Reasoning: The 'Added!' popup is currently displayed. Clicking 'Continue Shopping' will close the popup and allow further exploration of the website.
2026-01-19T01:59:28.0809557Z     ➕ Injected AI step: click -> Continue Shopping
2026-01-19T01:59:28.0810008Z   ▶️ [STEP step_2_ai_2] CLICK: Continue Shopping
2026-01-19T01:59:28.0867832Z     📢 Detected overlay (ins.adsbygoogle). Dismissing...
2026-01-19T01:59:29.5923305Z     🎯 Using AI-provided locator: button
2026-01-19T01:59:29.5951225Z     🔍 Mining locators for: 'Continue Shopping'
2026-01-19T01:59:29.8238254Z     ✅ Found 2 verified locators
2026-01-19T01:59:29.8427345Z     📢 Detected overlay (ins.adsbygoogle). Dismissing...
2026-01-19T01:59:34.9185928Z     ✅ State transitioned.
2026-01-19T01:59:34.9552274Z     🔄 Revisited state detected (count: 1)
2026-01-19T01:59:36.5981017Z [DEBUG] Sending request to gemini-2.0-flash. Number of parts: 2
2026-01-19T01:59:36.5981734Z [DEBUG] Received response (Length: 184)
2026-01-19T01:59:36.5982766Z     🤖 AI Next Step Suggestion: click -> Add to cart
2026-01-19T01:59:36.5983469Z     🧩 Suggested Locator: a[data-product-id='2']
2026-01-19T01:59:36.5984445Z     💭 Reasoning: To add another product to the cart and continue exploring shopping features.
2026-01-19T01:59:36.5985256Z     ➕ Injected AI step: click -> Add to cart
2026-01-19T01:59:36.5985682Z   ▶️ [STEP step_2_ai_3] CLICK: Add to cart
2026-01-19T01:59:36.6049387Z     📢 Detected overlay (ins.adsbygoogle). Dismissing...
2026-01-19T01:59:38.1116686Z     🎯 Using AI-provided locator: a[data-product-id='2']
2026-01-19T01:59:38.1181355Z     ✅ Found 1 verified locators
2026-01-19T01:59:38.1243507Z     📢 Detected overlay (ins.adsbygoogle). Dismissing...
2026-01-19T01:59:43.7030533Z     ✅ State transitioned.
2026-01-19T01:59:43.7378122Z     🔄 Revisited state detected (count: 2)
2026-01-19T01:59:45.5465297Z [DEBUG] Sending request to gemini-2.0-flash. Number of parts: 2
2026-01-19T01:59:45.5465939Z [DEBUG] Received response (Length: 271)
2026-01-19T01:59:45.5466826Z     🤖 AI Next Step Suggestion: click -> Continue Shopping
2026-01-19T01:59:45.5467535Z     🧩 Suggested Locator: button:nth-of-type(1)
2026-01-19T01:59:45.5469100Z     💭 Reasoning: The 'Continue Shopping' button is visible after adding an item to the cart. Clicking it allows us to add more items and further explore the shopping features.
2026-01-19T01:59:45.5470130Z     ➕ Injected AI step: click -> Continue Shopping
2026-01-19T01:59:45.5470560Z   ▶️ [STEP step_2_ai_4] CLICK: Continue Shopping
2026-01-19T01:59:45.5530858Z     📢 Detected overlay (ins.adsbygoogle). Dismissing...
2026-01-19T01:59:47.0588785Z     🎯 Using AI-provided locator: button:nth-of-type(1)
2026-01-19T01:59:47.0620063Z     🔍 Mining locators for: 'Continue Shopping'
2026-01-19T01:59:47.3081216Z     ✅ Found 2 verified locators
2026-01-19T01:59:47.3194169Z     📢 Detected overlay (ins.adsbygoogle). Dismissing...
2026-01-19T01:59:52.3856729Z     ✅ State transitioned.
2026-01-19T01:59:52.4209692Z     🔄 Revisited state detected (count: 3)
2026-01-19T01:59:52.4210505Z     ⚠️ Too many revisits (3). Stopping AI step injection to prevent loops.
2026-01-19T01:59:52.4210940Z   ▶️ [STEP step_3] CLICK: Women
2026-01-19T01:59:52.4268226Z     📢 Detected overlay (ins.adsbygoogle). Dismissing...
2026-01-19T01:59:53.9332504Z     🔍 Mining locators for: 'Women'
2026-01-19T01:59:54.0889118Z     ✅ Found 1 verified locators
2026-01-19T01:59:54.0998614Z     📢 Detected overlay (ins.adsbygoogle). Dismissing...
2026-01-19T01:59:59.1694476Z     ✅ State transitioned.
2026-01-19T01:59:59.2055619Z     🔄 Revisited state detected (count: 4)
2026-01-19T01:59:59.2056474Z     ⚠️ Too many revisits (4). Stopping AI step injection to prevent loops.
2026-01-19T01:59:59.2056917Z   ▶️ [STEP step_4] CLICK: Dress
2026-01-19T01:59:59.2116644Z     📢 Detected overlay (ins.adsbygoogle). Dismissing...
2026-01-19T02:00:00.7178531Z     🔍 Mining locators for: 'Dress'
2026-01-19T02:00:00.9524751Z     ✅ Found 3 verified locators
2026-01-19T02:00:00.9598088Z     📢 Detected overlay (ins.adsbygoogle). Dismissing...
2026-01-19T02:00:06.0523335Z     ✅ State transitioned.
2026-01-19T02:00:06.0890272Z     🔄 Revisited state detected (count: 5)
2026-01-19T02:00:06.0891180Z     ⚠️ Too many revisits (5). Stopping AI step injection to prevent loops.
2026-01-19T02:00:06.0891911Z   ▶️ [STEP step_5] ASSERT_URL: 
2026-01-19T02:00:06.0952061Z     📢 Detected overlay (ins.adsbygoogle). Dismissing...
2026-01-19T02:00:07.6095188Z     📢 Detected overlay (ins.adsbygoogle). Dismissing...
2026-01-19T02:00:14.1213460Z     ⚠️ Scroll into view failed for text=None. Proceeding anyway.
2026-01-19T02:00:16.1236634Z     ✅ State transitioned.
2026-01-19T02:00:16.1602641Z     🔄 Revisited state detected (count: 6)
2026-01-19T02:00:16.1603462Z     ⚠️ Too many revisits (6). Stopping AI step injection to prevent loops.
2026-01-19T02:00:16.1604164Z   ▶️ [STEP step_6] CLICK: Add to cart
2026-01-19T02:00:16.1657893Z     📢 Detected overlay (ins.adsbygoogle). Dismissing...
2026-01-19T02:00:17.6722008Z     🔍 Mining locators for: 'Add to cart'
2026-01-19T02:00:18.1265476Z     ✅ Found 1 verified locators
2026-01-19T02:00:18.1529170Z     📢 Detected overlay (ins.adsbygoogle). Dismissing...
2026-01-19T02:00:23.2199999Z     ✅ State transitioned.
2026-01-19T02:00:23.2557294Z     🔄 Revisited state detected (count: 7)
2026-01-19T02:00:23.2558115Z     ⚠️ Too many revisits (7). Stopping AI step injection to prevent loops.
2026-01-19T02:00:23.2558899Z   ▶️ [STEP step_7] CLICK: View Cart
2026-01-19T02:00:23.2617195Z     📢 Detected overlay (ins.adsbygoogle). Dismissing...
2026-01-19T02:00:24.8131117Z     🔍 Mining locators for: 'View Cart'
2026-01-19T02:00:24.9581630Z     ✅ Found 1 verified locators
2026-01-19T02:00:24.9645712Z     📢 Detected overlay (ins.adsbygoogle). Dismissing...
2026-01-19T02:00:30.0341082Z     ✅ State transitioned.
2026-01-19T02:00:31.8351304Z [DEBUG] Sending request to gemini-2.0-flash. Number of parts: 2
2026-01-19T02:00:31.8352014Z [DEBUG] Received response (Length: 236)
2026-01-19T02:00:31.8353219Z     🤖 AI Next Step Suggestion: click -> Proceed To Checkout
2026-01-19T02:00:31.8354801Z     💭 Reasoning: The cart has items, and the goal is to explore shopping features and cart. Proceeding to checkout is the next logical step.
2026-01-19T02:00:31.8356204Z     ➕ Injected AI step: click -> Proceed To Checkout
2026-01-19T02:00:31.8356708Z   ▶️ [STEP step_7_ai_1] CLICK: Proceed To Checkout
2026-01-19T02:00:31.8558531Z     🔍 Mining locators for: 'Proceed To Checkout'
2026-01-19T02:00:31.9183539Z     ✅ Found 1 verified locators
2026-01-19T02:00:35.5004264Z     ✅ State transitioned.
2026-01-19T02:00:37.2926008Z [DEBUG] Sending request to gemini-2.0-flash. Number of parts: 2
2026-01-19T02:00:37.2926730Z [DEBUG] Received response (Length: 258)
2026-01-19T02:00:37.2927661Z     🤖 AI Next Step Suggestion: click -> Register / Login
2026-01-19T02:00:37.2928540Z     🧩 Suggested Locator: a:contains('Register / Login')
2026-01-19T02:00:37.2930338Z     💭 Reasoning: The popup requires registration/login to proceed with checkout. Clicking 'Register / Login' is the next logical step to achieve the goal.
2026-01-19T02:00:37.2931972Z     ➕ Injected AI step: click -> Register / Login
2026-01-19T02:00:37.2933005Z   ▶️ [STEP step_7_ai_2] CLICK: Register / Login
2026-01-19T02:00:37.2987328Z     🎯 Using AI-provided locator: a:contains('Register / Login')
2026-01-19T02:00:37.3021275Z     🔍 Mining locators for: 'Register / Login'
2026-01-19T02:00:37.3820055Z     ✅ Found 3 verified locators
2026-01-19T02:00:41.0061698Z     ✅ State transitioned.
2026-01-19T02:00:42.3948243Z [DEBUG] Sending request to gemini-2.0-flash. Number of parts: 2
2026-01-19T02:00:42.3948961Z [DEBUG] Received response (Length: 267)
2026-01-19T02:00:42.3949785Z     🤖 AI Next Step Suggestion: click -> Products
2026-01-19T02:00:42.3950419Z     🧩 Suggested Locator: a[href='/products']
2026-01-19T02:00:42.3952015Z     💭 Reasoning: The goal is to explore shopping features and cart. We are currently on the login page. Clicking 'Products' will allow us to browse products and add them to the cart.
2026-01-19T02:00:42.3953131Z     ➕ Injected AI step: click -> Products
2026-01-19T02:00:42.3953691Z   ▶️ [STEP step_7_ai_3] CLICK: Products
2026-01-19T02:00:42.4102966Z     🎯 Using AI-provided locator: a[href='/products']
2026-01-19T02:00:42.4159001Z     ✅ Found 1 verified locators
2026-01-19T02:00:46.4790808Z     ✅ State transitioned.
2026-01-19T02:00:48.3190953Z [DEBUG] Sending request to gemini-2.0-flash. Number of parts: 2
2026-01-19T02:00:48.3191622Z [DEBUG] Received response (Length: 395)
2026-01-19T02:00:48.3192455Z     🤖 AI Next Step Suggestion: done -> N/A
2026-01-19T02:00:48.3194458Z     💭 Reasoning: The bot is currently on the login page. The previous action was to click 'Register / Login'. The bot should now fill in the form and click the 'Login' or 'Signup' button. However, since the goal is to explore shopping features and cart, and the bot is stuck on the login page, it is unlikely to achieve the goal from here. Therefore, the bot should stop.
2026-01-19T02:00:48.3196276Z   ▶️ [STEP step_8] ASSERT_URL: 
2026-01-19T02:00:53.3347677Z     ⚠️ Scroll into view failed for text=None. Proceeding anyway.
2026-01-19T02:00:55.3370217Z     ✅ State transitioned.
2026-01-19T02:00:55.3655528Z     🔄 Revisited state detected (count: 1)
2026-01-19T02:00:56.9970891Z [DEBUG] Sending request to gemini-2.0-flash. Number of parts: 2
2026-01-19T02:00:56.9971884Z [DEBUG] Received response (Length: 264)
2026-01-19T02:00:56.9972797Z     🤖 AI Next Step Suggestion: click -> Products
2026-01-19T02:00:56.9973252Z     🧩 Suggested Locator: a[href='/products']
2026-01-19T02:00:56.9974333Z     💭 Reasoning: The goal is to explore shopping features and cart. We are currently on the login page. Clicking 'Products' will allow us to browse items and add them to the cart.
2026-01-19T02:00:56.9975279Z ⚠️ Loop detected: same AI suggestion repeated 2 times. Moving to next step.
2026-01-19T02:00:59.0317493Z 
2026-01-19T02:00:59.0318656Z [3/4] Exploring Scenario: Browse Products by Brand and Add to Cart
2026-01-19T02:00:59.0319902Z     🧠 Initialized exploration context for goal: 'Explore shopping features and cart'
2026-01-19T02:00:59.0320766Z   ▶️ [STEP step_1] NAVIGATE: 
2026-01-19T02:01:00.0227239Z     ✅ Navigated to https://www.automationexercise.com/
2026-01-19T02:01:00.0228045Z   ▶️ [STEP step_2] ASSERT_URL: 
2026-01-19T02:01:00.0502311Z     📢 Detected overlay (ins.adsbygoogle). Dismissing...
2026-01-19T02:01:01.5644787Z     📢 Detected overlay (ins.adsbygoogle). Dismissing...
2026-01-19T02:01:08.0768621Z     ⚠️ Scroll into view failed for text=None. Proceeding anyway.
2026-01-19T02:01:10.0791435Z     ✅ State transitioned.
2026-01-19T02:01:12.2251148Z [DEBUG] Sending request to gemini-2.0-flash. Number of parts: 2
2026-01-19T02:01:12.2251836Z [DEBUG] Received response (Length: 257)
2026-01-19T02:01:12.2252851Z     🤖 AI Next Step Suggestion: click -> Add to cart
2026-01-19T02:01:12.2253407Z     🧩 Suggested Locator: a[data-product-id='1']
2026-01-19T02:01:12.2254604Z     💭 Reasoning: To explore shopping features and cart, adding an item to the cart is a logical next step. This 'Add to cart' button corresponds to the first product.
2026-01-19T02:01:12.2255691Z     ➕ Injected AI step: click -> Add to cart
2026-01-19T02:01:12.2256153Z   ▶️ [STEP step_2_ai_1] CLICK: Add to cart
2026-01-19T02:01:12.2314909Z     📢 Detected overlay (ins.adsbygoogle). Dismissing...
2026-01-19T02:01:13.7380637Z     🎯 Using AI-provided locator: a[data-product-id='1']
2026-01-19T02:01:13.7444701Z     ✅ Found 1 verified locators
2026-01-19T02:01:13.7508003Z     📢 Detected overlay (ins.adsbygoogle). Dismissing...
2026-01-19T02:01:19.3348787Z     ✅ State transitioned.
2026-01-19T02:01:21.3237810Z [DEBUG] Sending request to gemini-2.0-flash. Number of parts: 2
2026-01-19T02:01:21.3238453Z [DEBUG] Received response (Length: 253)
2026-01-19T02:01:21.3239277Z     🤖 AI Next Step Suggestion: click -> Continue Shopping
2026-01-19T02:01:21.3239876Z     🧩 Suggested Locator: button
2026-01-19T02:01:21.3241144Z     💭 Reasoning: The 'Added!' popup is currently displayed. Clicking 'Continue Shopping' will close the popup and allow further exploration of the website.
2026-01-19T02:01:21.3242581Z     ➕ Injected AI step: click -> Continue Shopping
2026-01-19T02:01:21.3242970Z   ▶️ [STEP step_2_ai_2] CLICK: Continue Shopping
2026-01-19T02:01:21.3303094Z     📢 Detected overlay (ins.adsbygoogle). Dismissing...
2026-01-19T02:01:22.8366658Z     🎯 Using AI-provided locator: button
2026-01-19T02:01:22.8388502Z     🔍 Mining locators for: 'Continue Shopping'
2026-01-19T02:01:23.0492286Z     ✅ Found 2 verified locators
2026-01-19T02:01:23.0557636Z     📢 Detected overlay (ins.adsbygoogle). Dismissing...
2026-01-19T02:01:28.1303870Z     ✅ State transitioned.
2026-01-19T02:01:28.1648656Z     🔄 Revisited state detected (count: 1)
2026-01-19T02:01:30.0601601Z [DEBUG] Sending request to gemini-2.0-flash. Number of parts: 2
2026-01-19T02:01:30.0602421Z [DEBUG] Received response (Length: 264)
2026-01-19T02:01:30.0603257Z     🤖 AI Next Step Suggestion: click -> Add to cart
2026-01-19T02:01:30.0603676Z     🧩 Suggested Locator: a[data-product-id='2']
2026-01-19T02:01:30.0604525Z     💭 Reasoning: To explore shopping features and cart, adding another item to the cart is a logical next step. The 'Add to cart' button for the second product is available.
2026-01-19T02:01:30.0605287Z     ➕ Injected AI step: click -> Add to cart
2026-01-19T02:01:30.0605907Z   ▶️ [STEP step_2_ai_3] CLICK: Add to cart
2026-01-19T02:01:30.0667168Z     📢 Detected overlay (ins.adsbygoogle). Dismissing...
2026-01-19T02:01:31.5738719Z     🎯 Using AI-provided locator: a[data-product-id='2']
2026-01-19T02:01:31.5802935Z     ✅ Found 1 verified locators
2026-01-19T02:01:31.5865815Z     📢 Detected overlay (ins.adsbygoogle). Dismissing...
2026-01-19T02:01:37.1645850Z     ✅ State transitioned.
2026-01-19T02:01:37.2001111Z     🔄 Revisited state detected (count: 2)
2026-01-19T02:01:38.9294310Z [DEBUG] Sending request to gemini-2.0-flash. Number of parts: 2
2026-01-19T02:01:38.9294879Z [DEBUG] Received response (Length: 184)
2026-01-19T02:01:38.9295566Z     🤖 AI Next Step Suggestion: click -> Add to cart
2026-01-19T02:01:38.9296018Z     🧩 Suggested Locator: a[data-product-id='2']
2026-01-19T02:01:38.9296649Z     💭 Reasoning: To add another product to the cart and continue exploring shopping features.
2026-01-19T02:01:38.9297286Z ⚠️ Loop detected: same AI suggestion repeated 2 times. Moving to next step.
2026-01-19T02:01:38.9297743Z   ▶️ [STEP step_3] CLICK: Polo
2026-01-19T02:01:38.9357197Z     📢 Detected overlay (ins.adsbygoogle). Dismissing...
2026-01-19T02:01:40.4419644Z     🔍 Mining locators for: 'Polo'
2026-01-19T02:01:40.6112912Z     🔄 Retry 1/3 mining locators for 'Polo'...
2026-01-19T02:01:41.8071330Z     🔄 Retry 2/3 mining locators for 'Polo'...
2026-01-19T02:01:42.8084415Z     🗑️ Invalidating stale AI cache (retry 2)...
2026-01-19T02:01:42.8085703Z     ⚠️ Cache invalidation warning: No module named 'core.agents.domain_expert'
2026-01-19T02:01:42.9580907Z     🧠 Verifying step validity for 'Polo' after mining failure...
2026-01-19T02:01:44.6457311Z [DEBUG] Sending request to gemini-2.0-flash. Number of parts: 2
2026-01-19T02:01:44.6458138Z [DEBUG] Received response (Length: 301)
2026-01-19T02:01:44.6459596Z     🛠️ Self-Correction: Step is valid. Using new locator: .brands_products > li > a[href*='brand=Polo']
2026-01-19T02:01:44.6532496Z     📢 Detected overlay (ins.adsbygoogle). Dismissing...
2026-01-19T02:01:51.6654473Z     ⚠️ Scroll into view failed for .brands_products > li > a[href*='brand=Polo']. Proceeding anyway.
2026-01-19T02:01:56.6666671Z     ⚠️ Action failed: Locator.bounding_box: Timeout 5000ms exceeded.
2026-01-19T02:01:56.6667531Z Cal...
2026-01-19T02:02:59.3872487Z [DEBUG] Sending request to gemini-2.0-flash. Number of parts: 2
2026-01-19T02:02:59.3874215Z [DEBUG] LLM Error: 429 RESOURCE_EXHAUSTED. {'error': {'code': 429, 'message': 'Resource exhausted. Please try again later. Please refer to https://cloud.google.com/vertex-ai/generative-ai/docs/error-code-429 for more details.', 'status': 'RESOURCE_EXHAUSTED'}}
2026-01-19T02:02:59.3875843Z ⚠️ 429 Rate Limit Hit. Cooling down for 60s...
2026-01-19T02:02:59.3876217Z [DEBUG] Sending request to gemini-2.0-flash. Number of parts: 2
2026-01-19T02:02:59.3876561Z [DEBUG] Received response (Length: 165)
2026-01-19T02:02:59.3877167Z     ✨ AI Heal Reasoning: The element with the text 'POLO' is visible and clickable. It is located under the 'BRANDS' section.
2026-01-19T02:02:59.3877820Z     ✨ AI healed exploration action! New selector: text=POLO
2026-01-19T02:03:02.9635527Z   ▶️ [STEP step_4] ASSERT_URL: 
2026-01-19T02:03:02.9700464Z     📢 Detected overlay (ins.adsbygoogle). Dismissing...
2026-01-19T02:03:04.4831791Z     📢 Detected overlay (ins.adsbygoogle). Dismissing...
2026-01-19T02:03:10.9941697Z     ⚠️ Scroll into view failed for text=None. Proceeding anyway.
2026-01-19T02:03:12.9964891Z     ✅ State transitioned.
2026-01-19T02:03:13.0337432Z     🔄 Revisited state detected (count: 3)
2026-01-19T02:03:13.0338228Z     ⚠️ Too many revisits (3). Stopping AI step injection to prevent loops.
2026-01-19T02:03:13.0338958Z   ▶️ [STEP step_5] CLICK: Add to cart
2026-01-19T02:03:13.0393415Z     📢 Detected overlay (ins.adsbygoogle). Dismissing...
2026-01-19T02:03:14.5453139Z     🔍 Mining locators for: 'Add to cart'
2026-01-19T02:03:15.0345658Z     ✅ Found 1 verified locators
2026-01-19T02:03:15.0413911Z     📢 Detected overlay (ins.adsbygoogle). Dismissing...
2026-01-19T02:03:20.1115399Z     ✅ State transitioned.
2026-01-19T02:03:20.1475039Z     🔄 Revisited state detected (count: 4)
2026-01-19T02:03:20.1475873Z     ⚠️ Too many revisits (4). Stopping AI step injection to prevent loops.
2026-01-19T02:03:20.1476307Z   ▶️ [STEP step_6] CLICK: View Cart
2026-01-19T02:03:20.1535693Z     📢 Detected overlay (ins.adsbygoogle). Dismissing...
2026-01-19T02:03:21.6601182Z     🔍 Mining locators for: 'View Cart'
2026-01-19T02:03:21.8009090Z     ✅ Found 1 verified locators
2026-01-19T02:03:21.8075837Z     📢 Detected overlay (ins.adsbygoogle). Dismissing...
2026-01-19T02:03:26.8775977Z     ✅ State transitioned.
2026-01-19T02:03:29.4045211Z [DEBUG] Sending request to gemini-2.0-flash. Number of parts: 2
2026-01-19T02:03:29.4045907Z [DEBUG] Received response (Length: 253)
2026-01-19T02:03:29.4046762Z     🤖 AI Next Step Suggestion: click -> Proceed To Checkout
2026-01-19T02:03:29.4047275Z     🧩 Suggested Locator: a:contains('Proceed To Checkout')
2026-01-19T02:03:29.4048390Z     💭 Reasoning: The cart has items, and the goal is to explore shopping features and cart, so proceeding to checkout is the next logical step.
2026-01-19T02:03:29.4049235Z     ➕ Injected AI step: click -> Proceed To Checkout
2026-01-19T02:03:29.4049714Z   ▶️ [STEP step_6_ai_1] CLICK: Proceed To Checkout
2026-01-19T02:03:29.4272845Z     🎯 Using AI-provided locator: a:contains('Proceed To Checkout')
2026-01-19T02:03:29.4306813Z     🔍 Mining locators for: 'Proceed To Checkout'
2026-01-19T02:03:29.5473950Z     ✅ Found 1 verified locators
2026-01-19T02:03:33.1247579Z     ✅ State transitioned.
2026-01-19T02:03:34.7195672Z [DEBUG] Sending request to gemini-2.0-flash. Number of parts: 2
2026-01-19T02:03:34.7196403Z [DEBUG] Received response (Length: 278)
2026-01-19T02:03:34.7197352Z     🤖 AI Next Step Suggestion: click -> Register / Login
2026-01-19T02:03:34.7198109Z     🧩 Suggested Locator: a:contains('Register / Login')
2026-01-19T02:03:34.7200075Z     💭 Reasoning: The current page requires registration/login to proceed with checkout. Clicking 'Register / Login' is the next logical step to continue the checkout process.
2026-01-19T02:03:34.7201899Z     ➕ Injected AI step: click -> Register / Login
2026-01-19T02:03:34.7203250Z   ▶️ [STEP step_6_ai_2] CLICK: Register / Login
2026-01-19T02:03:34.7256665Z     🎯 Using AI-provided locator: a:contains('Register / Login')
2026-01-19T02:03:34.7280188Z     🔍 Mining locators for: 'Register / Login'
2026-01-19T02:03:34.8090244Z     ✅ Found 3 verified locators
2026-01-19T02:03:38.3719391Z     ✅ State transitioned.
2026-01-19T02:03:39.6777828Z [DEBUG] Sending request to gemini-2.0-flash. Number of parts: 2
2026-01-19T02:03:39.6778525Z [DEBUG] Received response (Length: 268)
2026-01-19T02:03:39.6779337Z     🤖 AI Next Step Suggestion: click -> Products
2026-01-19T02:03:39.6779848Z     🧩 Suggested Locator: a[href='/products']
2026-01-19T02:03:39.6780872Z     💭 Reasoning: The goal is to explore shopping features and cart. Since we are on the login page, we need to navigate back to the products page to continue adding items to the cart.
2026-01-19T02:03:39.6781774Z     ➕ Injected AI step: click -> Products
2026-01-19T02:03:39.6782292Z   ▶️ [STEP step_6_ai_3] CLICK: Products
2026-01-19T02:03:39.6944079Z     🎯 Using AI-provided locator: a[href='/products']
2026-01-19T02:03:39.7004173Z     ✅ Found 1 verified locators
2026-01-19T02:03:43.7522576Z     ✅ State transitioned.
2026-01-19T02:03:45.6250982Z [DEBUG] Sending request to gemini-2.0-flash. Number of parts: 2
2026-01-19T02:03:45.6251625Z [DEBUG] Received response (Length: 283)
2026-01-19T02:03:45.6252616Z     🤖 AI Next Step Suggestion: fill -> Search Product
2026-01-19T02:03:45.6253113Z     🧩 Suggested Locator: #search_product
2026-01-19T02:03:45.6254160Z     💭 Reasoning: The previous attempt to click 'Polo' failed. Filling the search bar with 'Polo' and then initiating the search is a more reliable approach to find Polo products.
2026-01-19T02:03:45.6255128Z     ➕ Injected AI step: fill -> Search Product
2026-01-19T02:03:45.6255874Z   ▶️ [STEP step_6_ai_4] FILL: Search Product
2026-01-19T02:03:45.6425315Z     🎯 Using AI-provided locator: #search_product
2026-01-19T02:03:45.6489171Z     ✅ Found 1 verified locators
2026-01-19T02:03:51.2911131Z     ✅ State transitioned.
2026-01-19T02:03:53.4289446Z [DEBUG] Sending request to gemini-2.0-flash. Number of parts: 2
2026-01-19T02:03:53.4290042Z [DEBUG] Received response (Length: 317)
2026-01-19T02:03:53.4290688Z     🤖 AI Next Step Suggestion: click -> Add to cart
2026-01-19T02:03:53.4291359Z     🧩 Suggested Locator: a[data-product-id='1']
2026-01-19T02:03:53.4292710Z     💭 Reasoning: Since we are on the products page and have already searched, the next logical step is to add a product to the cart. The first 'Add to cart' button is the most consistent choice for automation.
2026-01-19T02:03:53.4293631Z     ➕ Injected AI step: click -> Add to cart
2026-01-19T02:03:53.4294054Z   ▶️ [STEP step_6_ai_5] CLICK: Add to cart
2026-01-19T02:03:53.4361370Z     🎯 Using AI-provided locator: a[data-product-id='1']
2026-01-19T02:03:53.4427959Z     ✅ Found 1 verified locators
2026-01-19T02:03:57.5111963Z     ✅ State transitioned.
2026-01-19T02:03:57.5272649Z     🔄 Revisited state detected (count: 1)
2026-01-19T02:03:59.3920504Z [DEBUG] Sending request to gemini-2.0-flash. Number of parts: 2
2026-01-19T02:03:59.3921212Z [DEBUG] Received response (Length: 253)
2026-01-19T02:03:59.3922324Z     🤖 AI Next Step Suggestion: click -> Continue Shopping
2026-01-19T02:03:59.3923039Z     🧩 Suggested Locator: button
2026-01-19T02:03:59.3924672Z     💭 Reasoning: The 'Added!' popup is currently blocking the page. Clicking 'Continue Shopping' will dismiss the popup and allow further interaction with the product list.
2026-01-19T02:03:59.3926439Z     ➕ Injected AI step: click -> Continue Shopping
2026-01-19T02:03:59.3927155Z   ▶️ [STEP step_6_ai_6] CLICK: Continue Shopping
2026-01-19T02:03:59.3990488Z     🎯 Using AI-provided locator: button
2026-01-19T02:03:59.4052587Z     ✅ Found 1 verified locators
2026-01-19T02:04:03.4744494Z     ✅ State transitioned.
2026-01-19T02:04:03.4897625Z     🔄 Revisited state detected (count: 2)
2026-01-19T02:04:05.3090681Z [DEBUG] Sending request to gemini-2.0-flash. Number of parts: 2
2026-01-19T02:04:05.3091603Z [DEBUG] Received response (Length: 280)
2026-01-19T02:04:05.3092853Z     🤖 AI Next Step Suggestion: click -> View Cart
2026-01-19T02:04:05.3093781Z     🧩 Suggested Locator: p > a[href='/view_cart']
2026-01-19T02:04:05.3095605Z     💭 Reasoning: The goal is to explore shopping features and cart. An item has just been added to the cart, and the 'View Cart' link is visible. Clicking it will progress towards the goal.
2026-01-19T02:04:05.3097231Z     ➕ Injected AI step: click -> View Cart
2026-01-19T02:04:05.3097858Z   ▶️ [STEP step_6_ai_7] CLICK: View Cart
2026-01-19T02:04:05.3159397Z     🎯 Using AI-provided locator: p > a[href='/view_cart']
2026-01-19T02:04:05.3231867Z     ✅ Found 1 verified locators
2026-01-19T02:04:09.3939942Z     ✅ State transitioned.
2026-01-19T02:04:11.0770152Z [DEBUG] Sending request to gemini-2.0-flash. Number of parts: 2
2026-01-19T02:04:11.0770912Z [DEBUG] Received response (Length: 218)
2026-01-19T02:04:11.0772361Z     🤖 AI Next Step Suggestion: click -> Proceed To Checkout
2026-01-19T02:04:11.0772887Z     🧩 Suggested Locator: a
2026-01-19T02:04:11.0773645Z     💭 Reasoning: The cart has items, and the goal is to explore shopping features and cart. Proceeding to checkout is the next logical step.
2026-01-19T02:04:11.0774392Z     ➕ Injected AI step: click -> Proceed To Checkout
2026-01-19T02:04:11.0774803Z   ▶️ [STEP step_6_ai_8] CLICK: Proceed To Checkout
2026-01-19T02:04:11.0920457Z     🎯 Using AI-provided locator: a
2026-01-19T02:04:11.0976212Z     ✅ Found 1 verified locators
2026-01-19T02:04:15.1538756Z     ✅ State transitioned.
2026-01-19T02:04:16.6686934Z [DEBUG] Sending request to gemini-2.0-flash. Number of parts: 2
2026-01-19T02:04:16.6687624Z [DEBUG] Received response (Length: 223)
2026-01-19T02:04:16.6688807Z     🤖 AI Next Step Suggestion: click -> Proceed To Checkout
2026-01-19T02:04:16.6689403Z     🧩 Suggested Locator: a
2026-01-19T02:04:16.6690568Z     💭 Reasoning: The cart is populated and the goal is to explore shopping features and cart, so proceeding to checkout is the next logical step.
2026-01-19T02:04:16.6691810Z ⚠️ Loop detected: same AI suggestion repeated 2 times. Moving to next step.
2026-01-19T02:04:16.6692500Z   ▶️ [STEP step_7] ASSERT_URL: 
2026-01-19T02:04:21.6832660Z     ⚠️ Scroll into view failed for text=None. Proceeding anyway.
2026-01-19T02:04:23.6855593Z     ✅ State transitioned.
2026-01-19T02:04:23.7128573Z     🔄 Revisited state detected (count: 1)
2026-01-19T02:04:25.5711295Z [DEBUG] Sending request to gemini-2.0-flash. Number of parts: 2
2026-01-19T02:04:25.5711982Z [DEBUG] Received response (Length: 228)
2026-01-19T02:04:25.5713024Z     🤖 AI Next Step Suggestion: click -> Proceed To Checkout
2026-01-19T02:04:25.5713531Z     🧩 Suggested Locator: a
2026-01-19T02:04:25.5714393Z     💭 Reasoning: The cart contains items and the next logical step to achieve the goal 'Explore shopping features and cart' is to proceed to checkout.
2026-01-19T02:04:25.5715241Z     ➕ Injected AI step: click -> Proceed To Checkout
2026-01-19T02:04:25.5715743Z   ▶️ [STEP step_7_ai_1] CLICK: Proceed To Checkout
2026-01-19T02:04:25.5766956Z     🎯 Using AI-provided locator: a
2026-01-19T02:04:25.5818945Z     ✅ Found 1 verified locators
2026-01-19T02:04:29.6355806Z     ✅ State transitioned.
2026-01-19T02:04:29.6631533Z     🔄 Revisited state detected (count: 2)
2026-01-19T02:04:31.1247336Z [DEBUG] Sending request to gemini-2.0-flash. Number of parts: 2
2026-01-19T02:04:31.1248019Z [DEBUG] Received response (Length: 229)
2026-01-19T02:04:31.1248765Z     🤖 AI Next Step Suggestion: click -> Proceed To Checkout
2026-01-19T02:04:31.1249196Z     🧩 Suggested Locator: a
2026-01-19T02:04:31.1250017Z     💭 Reasoning: The goal is to explore shopping features and cart. The current page is the cart page. The next logical step is to proceed to checkout.
2026-01-19T02:04:31.1250991Z ⚠️ Loop detected: same AI suggestion repeated 2 times. Moving to next step.
2026-01-19T02:04:33.1629519Z 
2026-01-19T02:04:33.1630655Z [4/4] Exploring Scenario: Contact Us Form Submission
2026-01-19T02:04:33.1632051Z     🧠 Initialized exploration context for goal: 'Explore shopping features and cart'
2026-01-19T02:04:33.1632931Z   ▶️ [STEP step_1] NAVIGATE: 
2026-01-19T02:04:34.1290268Z     ✅ Navigated to https://www.automationexercise.com/
2026-01-19T02:04:34.1290761Z   ▶️ [STEP step_2] ASSERT_URL: 
2026-01-19T02:04:34.1466749Z     📢 Detected overlay (ins.adsbygoogle). Dismissing...
2026-01-19T02:04:35.6629849Z     📢 Detected overlay (ins.adsbygoogle). Dismissing...
2026-01-19T02:04:42.1740506Z     ⚠️ Scroll into view failed for text=None. Proceeding anyway.
2026-01-19T02:04:44.1763850Z     ✅ State transitioned.
2026-01-19T02:04:46.0675953Z [DEBUG] Sending request to gemini-2.0-flash. Number of parts: 2
2026-01-19T02:04:46.0676869Z [DEBUG] Received response (Length: 198)
2026-01-19T02:04:46.0677542Z     🤖 AI Next Step Suggestion: click -> Add to cart
2026-01-19T02:04:46.0678011Z     🧩 Suggested Locator: a[data-product-id='1']
2026-01-19T02:04:46.0731418Z     💭 Reasoning: To explore shopping features and cart, I will add the first available product to the cart.
2026-01-19T02:04:46.0732557Z     ➕ Injected AI step: click -> Add to cart
2026-01-19T02:04:46.0732994Z   ▶️ [STEP step_2_ai_1] CLICK: Add to cart
2026-01-19T02:04:46.0750346Z     📢 Detected overlay (ins.adsbygoogle). Dismissing...
2026-01-19T02:04:47.5819768Z     🎯 Using AI-provided locator: a[data-product-id='1']
2026-01-19T02:04:47.5881899Z     ✅ Found 1 verified locators
2026-01-19T02:04:47.5944922Z     📢 Detected overlay (ins.adsbygoogle). Dismissing...
2026-01-19T02:04:53.1769361Z     ✅ State transitioned.
2026-01-19T02:04:55.2146929Z [DEBUG] Sending request to gemini-2.0-flash. Number of parts: 2
2026-01-19T02:04:55.2147689Z [DEBUG] Received response (Length: 282)
2026-01-19T02:04:55.2148975Z     🤖 AI Next Step Suggestion: click -> Continue Shopping
2026-01-19T02:04:55.2149746Z     🧩 Suggested Locator: button
2026-01-19T02:04:55.2151681Z     💭 Reasoning: The 'Your product has been added to cart' popup is currently displayed. Clicking 'Continue Shopping' will close the popup and allow further exploration of the website.
2026-01-19T02:04:55.2153787Z     ➕ Injected AI step: click -> Continue Shopping
2026-01-19T02:04:55.2154603Z   ▶️ [STEP step_2_ai_2] CLICK: Continue Shopping
2026-01-19T02:04:55.2214022Z     📢 Detected overlay (ins.adsbygoogle). Dismissing...
2026-01-19T02:04:56.7277263Z     🎯 Using AI-provided locator: button
2026-01-19T02:04:56.7299689Z     🔍 Mining locators for: 'Continue Shopping'
2026-01-19T02:04:56.8954024Z     ✅ Found 2 verified locators
2026-01-19T02:04:56.9083058Z     📢 Detected overlay (ins.adsbygoogle). Dismissing...
2026-01-19T02:05:01.9738119Z     ✅ State transitioned.
2026-01-19T02:05:02.0079355Z     🔄 Revisited state detected (count: 1)
2026-01-19T02:05:03.8210420Z [DEBUG] Sending request to gemini-2.0-flash. Number of parts: 2
2026-01-19T02:05:03.8211120Z [DEBUG] Received response (Length: 267)
2026-01-19T02:05:03.8211982Z     🤖 AI Next Step Suggestion: click -> Add to cart
2026-01-19T02:05:03.8212906Z     🧩 Suggested Locator: a[data-product-id='2']
2026-01-19T02:05:03.8214493Z     💭 Reasoning: To explore shopping features and cart, adding another product to the cart is a logical next step. The 'Add to cart' button for the second product is available.
2026-01-19T02:05:03.8215462Z     ➕ Injected AI step: click -> Add to cart
2026-01-19T02:05:03.8215844Z   ▶️ [STEP step_2_ai_3] CLICK: Add to cart
2026-01-19T02:05:03.8274313Z     📢 Detected overlay (ins.adsbygoogle). Dismissing...
2026-01-19T02:05:05.3336837Z     🎯 Using AI-provided locator: a[data-product-id='2']
2026-01-19T02:05:05.3398813Z     ✅ Found 1 verified locators
2026-01-19T02:05:05.3459818Z     📢 Detected overlay (ins.adsbygoogle). Dismissing...
2026-01-19T02:05:10.9232301Z     ✅ State transitioned.
2026-01-19T02:05:10.9588953Z     🔄 Revisited state detected (count: 2)
2026-01-19T02:05:12.9228588Z [DEBUG] Sending request to gemini-2.0-flash. Number of parts: 2
2026-01-19T02:05:12.9229125Z [DEBUG] Received response (Length: 274)
2026-01-19T02:05:12.9229848Z     🤖 AI Next Step Suggestion: click -> View Cart
2026-01-19T02:05:12.9230222Z     🧩 Suggested Locator: a:contains('View Cart')
2026-01-19T02:05:12.9231076Z     💭 Reasoning: The goal is to explore shopping features and cart. The 'Your product has been added to cart' popup is visible, and clicking 'View Cart' will progress towards the goal.
2026-01-19T02:05:12.9231829Z     ➕ Injected AI step: click -> View Cart
2026-01-19T02:05:12.9232401Z   ▶️ [STEP step_2_ai_4] CLICK: View Cart
2026-01-19T02:05:12.9298193Z     📢 Detected overlay (ins.adsbygoogle). Dismissing...
2026-01-19T02:05:14.4353828Z     🎯 Using AI-provided locator: a:contains('View Cart')
2026-01-19T02:05:14.4386517Z     🔍 Mining locators for: 'View Cart'
2026-01-19T02:05:14.6709521Z     ✅ Found 1 verified locators
2026-01-19T02:05:14.6899421Z     📢 Detected overlay (ins.adsbygoogle). Dismissing...
2026-01-19T02:05:19.7556206Z     ✅ State transitioned.
2026-01-19T02:05:21.3759671Z [DEBUG] Sending request to gemini-2.0-flash. Number of parts: 2
2026-01-19T02:05:21.3760479Z [DEBUG] Received response (Length: 239)
2026-01-19T02:05:21.3761497Z     🤖 AI Next Step Suggestion: click -> Proceed To Checkout
2026-01-19T02:05:21.3762612Z     🧩 Suggested Locator: a[href='/checkout']
2026-01-19T02:05:21.3764329Z     💭 Reasoning: The cart has items, and the goal is to explore shopping features and cart, so proceeding to checkout is the next logical step.
2026-01-19T02:05:21.3765983Z     ➕ Injected AI step: click -> Proceed To Checkout
2026-01-19T02:05:21.3766859Z   ▶️ [STEP step_2_ai_5] CLICK: Proceed To Checkout
2026-01-19T02:05:21.3970428Z     🎯 Using AI-provided locator: a[href='/checkout']
2026-01-19T02:05:21.3989197Z     🔍 Mining locators for: 'Proceed To Checkout'
2026-01-19T02:05:21.4597047Z     ✅ Found 1 verified locators
2026-01-19T02:05:25.0395100Z     ✅ State transitioned.
2026-01-19T02:05:26.4490287Z [DEBUG] Sending request to gemini-2.0-flash. Number of parts: 2
2026-01-19T02:05:26.4490924Z [DEBUG] Received response (Length: 241)
2026-01-19T02:05:26.4491644Z     🤖 AI Next Step Suggestion: click -> Register / Login
2026-01-19T02:05:26.4492401Z     🧩 Suggested Locator: a:contains('Register / Login')
2026-01-19T02:05:26.4493146Z     💭 Reasoning: The cart requires login to proceed to checkout. Clicking 'Register / Login' will allow the checkout process to continue.
2026-01-19T02:05:26.4493804Z     ➕ Injected AI step: click -> Register / Login
2026-01-19T02:05:26.4494169Z   ▶️ [STEP step_2_ai_6] CLICK: Register / Login
2026-01-19T02:05:26.4550899Z     🎯 Using AI-provided locator: a:contains('Register / Login')
2026-01-19T02:05:26.4581647Z     🔍 Mining locators for: 'Register / Login'
2026-01-19T02:05:26.5369807Z     ✅ Found 3 verified locators
2026-01-19T02:05:30.1057728Z     ✅ State transitioned.
2026-01-19T02:05:31.3743229Z [DEBUG] Sending request to gemini-2.0-flash. Number of parts: 2
2026-01-19T02:05:31.3743681Z [DEBUG] Received response (Length: 265)
2026-01-19T02:05:31.3744437Z     🤖 AI Next Step Suggestion: click -> Products
2026-01-19T02:05:31.3745049Z     🧩 Suggested Locator: a[href='/products']
2026-01-19T02:05:31.3746058Z     💭 Reasoning: The goal is to explore shopping features and cart. Since we are on the login page, we should navigate to the products page to continue exploring shopping features.
2026-01-19T02:05:31.3746971Z     ➕ Injected AI step: click -> Products
2026-01-19T02:05:31.3747339Z   ▶️ [STEP step_2_ai_7] CLICK: Products
2026-01-19T02:05:31.3890918Z     🎯 Using AI-provided locator: a[href='/products']
2026-01-19T02:05:31.3949377Z     ✅ Found 1 verified locators
2026-01-19T02:05:35.4534019Z     ✅ State transitioned.
2026-01-19T02:05:37.0987231Z [DEBUG] Sending request to gemini-2.0-flash. Number of parts: 2
2026-01-19T02:05:37.0987984Z [DEBUG] Received response (Length: 361)
2026-01-19T02:05:37.0988804Z     🤖 AI Next Step Suggestion: done -> N/A
2026-01-19T02:05:37.0992358Z     💭 Reasoning: The bot is currently on the login page. The previous action was to click 'Register / Login'. To proceed with the shopping flow, the bot needs to either log in or sign up. However, this task is outside the scope of the current goal, which is to explore shopping features and the cart. Therefore, the bot should stop here.
2026-01-19T02:05:37.0995513Z   ▶️ [STEP step_3] CLICK: Contact us
2026-01-19T02:05:37.1051952Z     🔍 Mining locators for: 'Contact us'
2026-01-19T02:05:37.1554289Z     ✅ Found 1 verified locators
2026-01-19T02:05:40.6985396Z     ✅ State transitioned.
2026-01-19T02:05:40.7270030Z     🔄 Revisited state detected (count: 1)
2026-01-19T02:05:41.9715863Z [DEBUG] Sending request to gemini-2.0-flash. Number of parts: 2
2026-01-19T02:05:41.9716562Z [DEBUG] Received response (Length: 170)
2026-01-19T02:05:41.9717337Z     🤖 AI Next Step Suggestion: fill -> Name
2026-01-19T02:05:41.9717961Z     🧩 Suggested Locator: [name='name']
2026-01-19T02:05:41.9718761Z     💭 Reasoning: To proceed with signup, the 'Name' field needs to be filled.
2026-01-19T02:05:41.9719530Z     ➕ Injected AI step: fill -> Name
2026-01-19T02:05:41.9720344Z   ▶️ [STEP step_3_ai_1] FILL: Name
2026-01-19T02:05:41.9773066Z     🎯 Using AI-provided locator: [name='name']
2026-01-19T02:05:41.9832038Z     ✅ Found 1 verified locators
2026-01-19T02:05:48.5152690Z     ⚠️ Action failed: Locator.click: Timeout 5000ms exceeded.
2026-01-19T02:05:48.5153128Z Call log:
2026-01-19T02:05:48.5153340Z ...
2026-01-19T02:05:50.3800507Z [DEBUG] Sending request to gemini-2.0-flash. Number of parts: 2
2026-01-19T02:05:50.3800987Z [DEBUG] Received response (Length: 241)
2026-01-19T02:05:50.3802463Z     ✨ AI Heal Reasoning: The input field labeled 'Name' under the 'New User Signup!' section is the best element to fill. It is a visible input field specifically designed for entering a name.
2026-01-19T02:05:56.8990035Z     ✨ AI healed exploration action! New selector: input[name='name']
2026-01-19T02:05:56.8991002Z   ▶️ [STEP step_4] ASSERT_URL: 
2026-01-19T02:06:01.9133250Z     ⚠️ Scroll into view failed for text=None. Proceeding anyway.
2026-01-19T02:06:03.9156332Z     ✅ State transitioned.
2026-01-19T02:06:03.9447619Z     🔄 Revisited state detected (count: 2)
2026-01-19T02:06:05.4317833Z [DEBUG] Sending request to gemini-2.0-flash. Number of parts: 2
2026-01-19T02:06:05.4318429Z [DEBUG] Received response (Length: 240)
2026-01-19T02:06:05.4318976Z     🤖 AI Next Step Suggestion: fill -> Name
2026-01-19T02:06:05.4319340Z     🧩 Suggested Locator: [name='name']
2026-01-19T02:06:05.4320130Z     💭 Reasoning: The 'Name' field is visible and needs to be filled for signup. The previous attempt to fill this field failed, so we are retrying.
2026-01-19T02:06:05.4321005Z ⚠️ Loop detected: same AI suggestion repeated 2 times. Moving to next step.
2026-01-19T02:06:05.4321463Z   ▶️ [STEP step_5] FILL: Name
2026-01-19T02:06:05.4373895Z     🔍 Mining locators for: 'Name'
2026-01-19T02:06:05.4900199Z     ✅ Found 2 verified locators
2026-01-19T02:06:12.0156451Z     ⚠️ Action failed: Locator.click: Timeout 5000ms exceeded.
2026-01-19T02:06:12.0156872Z Call log:
2026-01-19T02:06:12.0157063Z ...
2026-01-19T02:06:12.0655126Z [CACHE HIT] 9ff801d9... (hits: 2, misses: 56)
2026-01-19T02:06:12.0656540Z     ✨ AI Heal Reasoning: The input field labeled 'Name' under the 'New User Signup!' section is the best element to fill. It is a visible input field specifically designed for entering a name.
2026-01-19T02:06:12.0657984Z     ✨ AI healed exploration action! New selector: input[name='name']
2026-01-19T02:06:18.5990067Z   ▶️ [STEP step_6] FILL: Email
2026-01-19T02:06:18.6051521Z     🔍 Mining locators for: 'Email'
2026-01-19T02:06:18.6960230Z     ✅ Found 4 verified locators
2026-01-19T02:06:25.2307412Z     ⚠️ Action failed: Locator.click: Timeout 5000ms exceeded.
2026-01-19T02:06:25.2307895Z Call log:
2026-01-19T02:06:25.2308115Z ...
2026-01-19T02:06:26.6073181Z [DEBUG] Sending request to gemini-2.0-flash. Number of parts: 2
2026-01-19T02:06:26.6074092Z [DEBUG] Received response (Length: 236)
2026-01-19T02:06:26.6076228Z     ✨ AI Heal Reasoning: The element is an input field labeled 'Email Address' under the 'Login to your account' section, making it suitable for filling in an email address.
2026-01-19T02:06:26.6078067Z     ✨ AI healed exploration action! New selector: input[type='text'][name='email']
2026-01-19T02:06:32.1135255Z     ⚠️ Scroll into view failed for input[type='text'][name='email']. Proceeding anyway.
2026-01-19T02:06:37.6165629Z   ▶️ [STEP step_7] FILL: Subject
2026-01-19T02:06:37.6224251Z     🔍 Mining locators for: 'Subject'
2026-01-19T02:06:37.6780208Z     🧠 Consulting AI (Vision-First) to find 'Subject'...
2026-01-19T02:06:37.6780767Z     🔍 Trying smart selectors for 'Subject'...
2026-01-19T02:06:37.6993870Z     ⚠️ Smart selectors failed (no unique match). Falling back to AI Vision...
2026-01-19T02:06:37.6994478Z     ⚠️ Critical step failure: name 'time' is not defined
2026-01-19T02:06:37.6995208Z   ▶️ [STEP step_8] FILL: Your Message Here
2026-01-19T02:06:37.7041066Z     🔍 Mining locators for: 'Your Message Here'
2026-01-19T02:06:37.7446649Z     🧠 Consulting AI (Vision-First) to find 'Your Message Here'...
2026-01-19T02:06:37.7447192Z     🔍 Trying smart selectors for 'Your Message Here'...
2026-01-19T02:06:37.7660355Z     ⚠️ Smart selectors failed (no unique match). Falling back to AI Vision...
2026-01-19T02:06:37.7660957Z     ⚠️ Critical step failure: name 'time' is not defined
2026-01-19T02:06:37.7661313Z   ▶️ [STEP step_9] CLICK: Submit
2026-01-19T02:06:37.7708653Z     🔍 Mining locators for: 'Submit'
2026-01-19T02:06:37.8111442Z     🧠 Consulting AI (Vision-First) to find 'Submit'...
2026-01-19T02:06:37.8112294Z     🔍 Trying smart selectors for 'Submit'...
2026-01-19T02:06:37.8322975Z     ⚠️ Smart selectors failed (no unique match). Falling back to AI Vision...
2026-01-19T02:06:37.8323514Z     ⚠️ Critical step failure: name 'time' is not defined
2026-01-19T02:06:39.8715436Z 🗂️  All generated tests written to /home/runner/work/build_qa_automation/build_qa_automation/projects/ci_automationexercise_shop/tests/generated_scenarios.json
2026-01-19T02:06:39.8731360Z 🔄 Updated workflow.json with discovered steps and locators.
2026-01-19T02:06:39.8731820Z 
2026-01-19T02:06:39.8732060Z ✅ Deep Exploration Complete.
2026-01-19T02:09:13.0223956Z 
2026-01-19T02:09:13.0224712Z 🚀 [EXECUTE] Starting Automation Execution Engine
2026-01-19T02:09:13.0225354Z 📍 Project: ci_automationexercise_shop
2026-01-19T02:09:13.0225692Z 🎬 Mode: Headless
2026-01-19T02:09:13.0225827Z 
2026-01-19T02:09:13.0225977Z --- Scenario: Browse Products and Add to Cart ---
2026-01-19T02:09:13.0226411Z   ▶️ [STEP step_1] NAVIGATE: Step step_1
2026-01-19T02:09:13.0226752Z     ✅ Step step_1 Passed.
2026-01-19T02:09:13.0227173Z     📢 Detected overlay (ins.adsbygoogle). Attempting to dismiss...
2026-01-19T02:09:13.0227637Z   ▶️ [STEP step_2] ASSERT_URL: Step step_2
2026-01-19T02:09:13.0228009Z     ✅ Step step_2 Passed.
2026-01-19T02:09:13.0228409Z     📢 Detected overlay (ins.adsbygoogle). Attempting to dismiss...
2026-01-19T02:09:13.0228853Z   ▶️ [STEP step_2_ai_1] CLICK: Add to cart
2026-01-19T02:09:13.0229245Z     🎯 Using mined locator: a[data-product-id='1']
2026-01-19T02:09:13.0229617Z     ✅ Step step_2_ai_1 Passed.
2026-01-19T02:09:13.0230038Z     📢 Detected overlay (ins.adsbygoogle). Attempting to dismiss...
2026-01-19T02:09:13.0230506Z   ▶️ [STEP step_2_ai_2] CLICK: Continue Shopping
2026-01-19T02:09:13.0230978Z     🎯 Using mined locator: role=button[name='Continue Shopping']
2026-01-19T02:09:13.0231401Z     ✅ Step step_2_ai_2 Passed.
2026-01-19T02:09:13.0231826Z     📢 Detected overlay (ins.adsbygoogle). Attempting to dismiss...
2026-01-19T02:09:13.0232551Z   ▶️ [STEP step_2_ai_3] CLICK: Add to cart
2026-01-19T02:09:13.0233123Z     🎯 Using mined locator: a[data-product-id='2']
2026-01-19T02:09:13.0233727Z     ✅ Step step_2_ai_3 Passed.
2026-01-19T02:09:13.0234433Z     📢 Detected overlay (ins.adsbygoogle). Attempting to dismiss...
2026-01-19T02:09:13.0235252Z   ▶️ [STEP step_2_ai_4] CLICK: View Cart
2026-01-19T02:09:13.0235740Z     🎯 Using mined locator: text='View Cart'
2026-01-19T02:09:13.0236100Z     ✅ Step step_2_ai_4 Passed.
2026-01-19T02:09:13.0236460Z   ▶️ [STEP step_2_ai_5] CLICK: Proceed To Checkout
2026-01-19T02:09:13.0237127Z     🎯 Using mined locator: text='Proceed To Checkout'
2026-01-19T02:09:13.0237513Z     ✅ Step step_2_ai_5 Passed.
2026-01-19T02:09:13.0237843Z   ▶️ [STEP step_2_ai_6] CLICK: Register / Login
2026-01-19T02:09:13.0238290Z     🎯 Using mined locator: role=link[name='Register / Login']
2026-01-19T02:09:13.0238696Z     ✅ Step step_2_ai_6 Passed.
2026-01-19T02:09:13.0238996Z   ▶️ [STEP step_2_ai_7] FILL: Name
2026-01-19T02:09:13.0239323Z     🎯 Using mined locator: [name='name']
2026-01-19T02:09:13.0239658Z     ✅ Step step_2_ai_7 Passed.
2026-01-19T02:09:13.0240107Z   ▶️ [STEP step_2_ai_8] FILL: Email Address
2026-01-19T02:09:13.0241010Z     🎯 Using mined locator: input[name='email']
2026-01-19T02:09:13.0241327Z     ✅ Step step_2_ai_8 Passed.
2026-01-19T02:09:13.0241601Z   ▶️ [STEP step_2_ai_9] CLICK: Signup
2026-01-19T02:09:13.0241885Z     🎯 Using mined locator: button
2026-01-19T02:09:13.0242625Z     ✅ Step step_2_ai_9 Passed.
2026-01-19T02:09:13.0242929Z   ▶️ [STEP step_2_ai_10] FILL: Password
2026-01-19T02:09:13.0243270Z     🎯 Using mined locator: input[name='password']
2026-01-19T02:09:13.0243599Z     ✅ Step step_2_ai_10 Passed.
2026-01-19T02:09:13.0243882Z   ▶️ [STEP step_2_ai_11] FILL: Email Address
2026-01-19T02:09:13.0244202Z     🎯 Using mined locator: input[name='email']
2026-01-19T02:09:13.0244499Z     ✅ Step step_2_ai_11 Passed.
2026-01-19T02:09:13.0244768Z   ▶️ [STEP step_2_ai_12] CLICK: Products
2026-01-19T02:09:13.0245106Z     🎯 Using mined locator: role=link[name=' Products']
2026-01-19T02:09:13.0245428Z     ✅ Step step_2_ai_12 Passed.
2026-01-19T02:09:13.0245688Z   ▶️ [STEP step_3] CLICK: Products
2026-01-19T02:09:13.0245991Z     🎯 Using mined locator: text= Products
2026-01-19T02:09:13.0246273Z     ✅ Step step_3 Passed.
2026-01-19T02:09:13.0246538Z   ▶️ [STEP step_3_ai_1] FILL: Email Address
2026-01-19T02:09:13.0246850Z     🎯 Using mined locator: input[name='email']
2026-01-19T02:09:13.0247408Z     ❌ Attempt 1 failed (element_not_found): Locator.scroll_into_view_if_needed: Timeout 10000ms exceeded.
2026-01-19T02:09:13.0247855Z Call log:
2026-01-19T02:09:13.0248033Z   - waiting for locator("inp...
2026-01-19T02:09:13.0248370Z     🔧 [AUTO-HEAL] Re-mining page to find 'Email Address'...
2026-01-19T02:09:13.0248747Z [DEBUG] Sending request to gemini-2.0-flash. Number of parts: 2
2026-01-19T02:09:13.0249081Z [DEBUG] Received response (Length: 413)
2026-01-19T02:09:13.0249435Z     ✨ AI successfully healed the step! Found 2 alternatives.
2026-01-19T02:09:13.0249887Z     ✨ AI successfully healed the step! New selector: a[href*='products']
2026-01-19T02:09:13.0250271Z     ✅ Step step_3_ai_1 Passed.
2026-01-19T02:09:13.0250642Z     📢 Detected overlay (ins.adsbygoogle). Attempting to dismiss...
2026-01-19T02:09:13.0251020Z   ▶️ [STEP step_4] ASSERT_URL: Step step_4
2026-01-19T02:09:13.0251318Z     ✅ Step step_4 Passed.
2026-01-19T02:09:13.0251781Z     📢 Detected overlay (ins.adsbygoogle). Attempting to dismiss...
2026-01-19T02:09:13.0252400Z   ▶️ [STEP step_4_ai_1] CLICK: Products
2026-01-19T02:09:13.0252898Z     🎯 Using mined locator: a[href='/products']
2026-01-19T02:09:13.0253211Z     ✅ Step step_4_ai_1 Passed.
2026-01-19T02:09:13.0253831Z     📢 Detected overlay (ins.adsbygoogle). Attempting to dismiss...
2026-01-19T02:09:13.0254221Z   ▶️ [STEP step_4_ai_2] FILL: Email Address
2026-01-19T02:09:13.0254622Z     ⚠️ Mined locators not found on page. Falling back to semantic search.
2026-01-19T02:09:13.0255319Z     ❌ Attempt 1 failed (element_not_found): Locator.scroll_into_view_if_needed: Timeout 10000ms exceeded.
2026-01-19T02:09:13.0255890Z Call log:
2026-01-19T02:09:13.0256077Z   - waiting for locator("tex...
2026-01-19T02:09:13.0256443Z     🔧 [AUTO-HEAL] Re-mining page to find 'Email Address'...
2026-01-19T02:09:13.0256817Z [DEBUG] Sending request to gemini-2.0-flash. Number of parts: 2
2026-01-19T02:09:13.0257163Z [DEBUG] Received response (Length: 385)
2026-01-19T02:09:13.0257533Z     ✨ AI successfully healed the step! Found 2 alternatives.
2026-01-19T02:09:13.0259992Z     ✨ AI successfully healed the step! New selector: a[href='/products']
2026-01-19T02:09:13.0260633Z     ✅ Step step_4_ai_2 Passed.
2026-01-19T02:09:13.0261221Z     📢 Detected overlay (ins.adsbygoogle). Attempting to dismiss...
2026-01-19T02:09:13.0261852Z   ▶️ [STEP step_5] CLICK: Add to cart
2026-01-19T02:09:13.0262544Z     ✅ Step step_5 Passed.
2026-01-19T02:09:13.0263104Z     📢 Detected overlay (ins.adsbygoogle). Attempting to dismiss...
2026-01-19T02:09:13.0263657Z   ▶️ [STEP step_6] CLICK: View Cart
2026-01-19T02:09:13.0263937Z     ✅ Step step_6 Passed.
2026-01-19T02:09:13.0264216Z   ▶️ [STEP step_7] ASSERT_URL: Step step_7
2026-01-19T02:09:13.0264721Z     ✅ Step step_7 Passed.
2026-01-19T02:09:13.0265090Z ✅ Scenario 'Browse Products and Add to Cart' completed successfully!
2026-01-19T02:09:13.0265372Z 
2026-01-19T02:09:13.0265533Z --- Scenario: Browse Products by Category and Add to Cart ---
2026-01-19T02:09:13.0266041Z   ▶️ [STEP step_1] NAVIGATE: Step step_1
2026-01-19T02:09:13.0266336Z     ✅ Step step_1 Passed.
2026-01-19T02:09:13.0266681Z     📢 Detected overlay (ins.adsbygoogle). Attempting to dismiss...
2026-01-19T02:09:13.0267059Z   ▶️ [STEP step_2] ASSERT_URL: Step step_2
2026-01-19T02:09:13.0267340Z     ✅ Step step_2 Passed.
2026-01-19T02:09:13.0267672Z     📢 Detected overlay (ins.adsbygoogle). Attempting to dismiss...
2026-01-19T02:09:13.0268038Z   ▶️ [STEP step_2_ai_1] CLICK: Add to cart
2026-01-19T02:09:13.0268356Z     🎯 Using mined locator: a[data-product-id='1']
2026-01-19T02:09:13.0268671Z     ✅ Step step_2_ai_1 Passed.
2026-01-19T02:09:13.0269019Z     📢 Detected overlay (ins.adsbygoogle). Attempting to dismiss...
2026-01-19T02:09:13.0269421Z   ▶️ [STEP step_2_ai_2] CLICK: Continue Shopping
2026-01-19T02:09:13.0269812Z     🎯 Using mined locator: role=button[name='Continue Shopping']
2026-01-19T02:09:13.0270165Z     ✅ Step step_2_ai_2 Passed.
2026-01-19T02:09:13.0270553Z     📢 Detected overlay (ins.adsbygoogle). Attempting to dismiss...
2026-01-19T02:09:13.0270931Z   ▶️ [STEP step_2_ai_3] CLICK: Add to cart
2026-01-19T02:09:13.0271310Z     🎯 Using mined locator: a[data-product-id='2']
2026-01-19T02:09:13.0271626Z     ✅ Step step_2_ai_3 Passed.
2026-01-19T02:09:13.0271975Z     📢 Detected overlay (ins.adsbygoogle). Attempting to dismiss...
2026-01-19T02:09:13.0272576Z   ▶️ [STEP step_2_ai_4] CLICK: Continue Shopping
2026-01-19T02:09:13.0272986Z     🎯 Using mined locator: role=button[name='Continue Shopping']
2026-01-19T02:09:13.0273343Z     ✅ Step step_2_ai_4 Passed.
2026-01-19T02:09:13.0273707Z     📢 Detected overlay (ins.adsbygoogle). Attempting to dismiss...
2026-01-19T02:09:13.0274075Z   ▶️ [STEP step_3] CLICK: Women
2026-01-19T02:09:13.0274393Z     🎯 Using mined locator: text=Madame Top For Women
2026-01-19T02:09:13.0274705Z     ✅ Step step_3 Passed.
2026-01-19T02:09:13.0275046Z     📢 Detected overlay (ins.adsbygoogle). Attempting to dismiss...
2026-01-19T02:09:13.0275412Z   ▶️ [STEP step_4] CLICK: Dress
2026-01-19T02:09:13.0275696Z     🎯 Using mined locator: text=Stylish Dress
2026-01-19T02:09:13.0275991Z     ✅ Step step_4 Passed.
2026-01-19T02:09:13.0276321Z     📢 Detected overlay (ins.adsbygoogle). Attempting to dismiss...
2026-01-19T02:09:13.0276694Z   ▶️ [STEP step_5] ASSERT_URL: Step step_5
2026-01-19T02:09:13.0276972Z     ✅ Step step_5 Passed.
2026-01-19T02:09:13.0277316Z     📢 Detected overlay (ins.adsbygoogle). Attempting to dismiss...
2026-01-19T02:09:13.0277684Z   ▶️ [STEP step_6] CLICK: Add to cart
2026-01-19T02:09:13.0277991Z     🎯 Using mined locator: text='Add to cart'
2026-01-19T02:09:13.0278274Z     ✅ Step step_6 Passed.
2026-01-19T02:09:13.0278609Z     📢 Detected overlay (ins.adsbygoogle). Attempting to dismiss...
2026-01-19T02:09:13.0278986Z   ▶️ [STEP step_7] CLICK: View Cart
2026-01-19T02:09:13.0279276Z     🎯 Using mined locator: text='View Cart'
2026-01-19T02:09:13.0279553Z     ✅ Step step_7 Passed.
2026-01-19T02:09:13.0279841Z   ▶️ [STEP step_7_ai_1] CLICK: Proceed To Checkout
2026-01-19T02:09:13.0280200Z     🎯 Using mined locator: text='Proceed To Checkout'
2026-01-19T02:09:13.0280519Z     ✅ Step step_7_ai_1 Passed.
2026-01-19T02:09:13.0280807Z   ▶️ [STEP step_7_ai_2] CLICK: Register / Login
2026-01-19T02:09:13.0281173Z     🎯 Using mined locator: role=link[name='Register / Login']
2026-01-19T02:09:13.0281510Z     ✅ Step step_7_ai_2 Passed.
2026-01-19T02:09:13.0281853Z     📢 Detected overlay (ins.adsbygoogle). Attempting to dismiss...
2026-01-19T02:09:13.0282403Z   ▶️ [STEP step_7_ai_3] CLICK: Products
2026-01-19T02:09:13.0282716Z     🎯 Using mined locator: a[href='/products']
2026-01-19T02:09:13.0283018Z     ✅ Step step_7_ai_3 Passed.
2026-01-19T02:09:13.0283365Z     📢 Detected overlay (ins.adsbygoogle). Attempting to dismiss...
2026-01-19T02:09:13.0283899Z   ▶️ [STEP step_8] ASSERT_URL: Step step_8
2026-01-19T02:09:13.0284173Z     ✅ Step step_8 Passed.
2026-01-19T02:09:13.0284573Z ✅ Scenario 'Browse Products by Category and Add to Cart' completed successfully!
2026-01-19T02:09:13.0284999Z 
2026-01-19T02:09:13.0285149Z --- Scenario: Browse Products by Brand and Add to Cart ---
2026-01-19T02:09:13.0285512Z   ▶️ [STEP step_1] NAVIGATE: Step step_1
2026-01-19T02:09:13.0285799Z     ✅ Step step_1 Passed.
2026-01-19T02:09:13.0286138Z     📢 Detected overlay (ins.adsbygoogle). Attempting to dismiss...
2026-01-19T02:09:13.0286516Z   ▶️ [STEP step_2] ASSERT_URL: Step step_2
2026-01-19T02:09:13.0286805Z     ✅ Step step_2 Passed.
2026-01-19T02:09:13.0287146Z     📢 Detected overlay (ins.adsbygoogle). Attempting to dismiss...
2026-01-19T02:09:13.0287517Z   ▶️ [STEP step_2_ai_1] CLICK: Add to cart
2026-01-19T02:09:13.0287848Z     🎯 Using mined locator: a[data-product-id='1']
2026-01-19T02:09:13.0288158Z     ✅ Step step_2_ai_1 Passed.
2026-01-19T02:09:13.0288521Z     📢 Detected overlay (ins.adsbygoogle). Attempting to dismiss...
2026-01-19T02:09:13.0288904Z   ▶️ [STEP step_2_ai_2] CLICK: Continue Shopping
2026-01-19T02:09:13.0289304Z     🎯 Using mined locator: role=button[name='Continue Shopping']
2026-01-19T02:09:13.0289654Z     ✅ Step step_2_ai_2 Passed.
2026-01-19T02:09:13.0290005Z     📢 Detected overlay (ins.adsbygoogle). Attempting to dismiss...
2026-01-19T02:09:13.0290374Z   ▶️ [STEP step_2_ai_3] CLICK: Add to cart
2026-01-19T02:09:13.0290700Z     🎯 Using mined locator: a[data-product-id='2']
2026-01-19T02:09:13.0291002Z     ✅ Step step_2_ai_3 Passed.
2026-01-19T02:09:13.0291342Z     📢 Detected overlay (ins.adsbygoogle). Attempting to dismiss...
2026-01-19T02:09:13.0291694Z   ▶️ [STEP step_3] CLICK: Polo
2026-01-19T02:13:45.1815125Z     ⚠️ Mined locators not found on page. Falling back to semantic search.
2026-01-19T02:13:45.1817343Z     ✅ Step step_3 Passed.
2026-01-19T02:13:45.1818019Z     📢 Detected overlay (ins.adsbygoogle). Attempting to dismiss...
2026-01-19T02:13:45.1818773Z   ▶️ [STEP step_4] ASSERT_URL: Step step_4
2026-01-19T02:13:45.1819286Z     ✅ Step step_4 Passed.
2026-01-19T02:13:45.1819906Z     📢 Detected overlay (ins.adsbygoogle). Attempting to dismiss...
2026-01-19T02:13:45.1820585Z   ▶️ [STEP step_5] CLICK: Add to cart
2026-01-19T02:13:45.1821118Z     🎯 Using mined locator: text='Add to cart'
2026-01-19T02:13:45.1821641Z     ✅ Step step_5 Passed.
2026-01-19T02:13:45.1822442Z     📢 Detected overlay (ins.adsbygoogle). Attempting to dismiss...
2026-01-19T02:13:45.1823118Z   ▶️ [STEP step_6] CLICK: View Cart
2026-01-19T02:13:45.1823620Z     🎯 Using mined locator: text='View Cart'
2026-01-19T02:13:45.1824149Z     ✅ Step step_6 Passed.
2026-01-19T02:13:45.1824760Z     📢 Detected overlay (ins.adsbygoogle). Attempting to dismiss...
2026-01-19T02:13:45.1825474Z   ▶️ [STEP step_6_ai_1] CLICK: Proceed To Checkout
2026-01-19T02:13:45.1826146Z     🎯 Using mined locator: text='Proceed To Checkout'
2026-01-19T02:13:45.1826732Z     ✅ Step step_6_ai_1 Passed.
2026-01-19T02:13:45.1827376Z     📢 Detected overlay (ins.adsbygoogle). Attempting to dismiss...
2026-01-19T02:13:45.1828091Z   ▶️ [STEP step_6_ai_2] CLICK: Register / Login
2026-01-19T02:13:45.1828797Z     🎯 Using mined locator: role=link[name='Register / Login']
2026-01-19T02:13:45.1829386Z     ✅ Step step_6_ai_2 Passed.
2026-01-19T02:13:45.1830010Z     📢 Detected overlay (ins.adsbygoogle). Attempting to dismiss...
2026-01-19T02:13:45.1830705Z   ▶️ [STEP step_6_ai_3] CLICK: Products
2026-01-19T02:13:45.1831265Z     🎯 Using mined locator: a[href='/products']
2026-01-19T02:13:45.1831817Z     ✅ Step step_6_ai_3 Passed.
2026-01-19T02:13:45.1832645Z     📢 Detected overlay (ins.adsbygoogle). Attempting to dismiss...
2026-01-19T02:13:45.1833335Z   ▶️ [STEP step_6_ai_4] FILL: Search Product
2026-01-19T02:13:45.1834067Z     ⚠️ Mined locators not found on page. Falling back to semantic search.
2026-01-19T02:13:45.1835530Z     ❌ Attempt 1 failed (element_not_found): Locator.scroll_into_view_if_needed: Timeout 10000ms exceeded.
2026-01-19T02:13:45.1836679Z Call log:
2026-01-19T02:13:45.1836994Z   - waiting for locator("tex...
2026-01-19T02:13:45.1837632Z     🔧 [AUTO-HEAL] Re-mining page to find 'Search Product'...
2026-01-19T02:13:45.1838578Z [DEBUG] Sending request to gemini-2.0-flash. Number of parts: 2
2026-01-19T02:13:45.1839201Z [DEBUG] Received response (Length: 600)
2026-01-19T02:13:45.1839837Z     ✨ AI successfully healed the step! Found 3 alternatives.
2026-01-19T02:13:45.1840559Z     ✨ AI successfully healed the step! New selector: a[href*='products']
2026-01-19T02:13:45.1840959Z     ✅ Step step_6_ai_4 Passed.
2026-01-19T02:13:45.1841320Z     📢 Detected overlay (ins.adsbygoogle). Attempting to dismiss...
2026-01-19T02:13:45.1841714Z   ▶️ [STEP step_6_ai_5] CLICK: Add to cart
2026-01-19T02:13:45.1842361Z     ⚠️ Mined locators not found on page. Falling back to semantic search.
2026-01-19T02:13:45.1842947Z     ❌ Attempt 1 failed (element_not_found): Locator.bounding_box: Timeout 30000ms exceeded.
2026-01-19T02:13:45.1843368Z Call log:
2026-01-19T02:13:45.1843563Z   - waiting for locator("text=Add to cart"...
2026-01-19T02:13:45.1843946Z     🔧 [AUTO-HEAL] Re-mining page to find 'Add to cart'...
2026-01-19T02:13:45.1844335Z [DEBUG] Sending request to gemini-2.0-flash. Number of parts: 2
2026-01-19T02:13:45.1844673Z [DEBUG] Received response (Length: 418)
2026-01-19T02:13:45.1845390Z     ✨ AI successfully healed the step! Found 2 alternatives.
2026-01-19T02:13:45.1846001Z     ✨ AI successfully healed the step! New selector: a[href='products.php']
2026-01-19T02:13:45.1846596Z     ❌ Attempt 2 failed (element_not_found): Locator.bounding_box: Timeout 30000ms exceeded.
2026-01-19T02:13:45.1846989Z Call log:
2026-01-19T02:13:45.1847187Z   - waiting for locator("a[href='products....
2026-01-19T02:13:45.1847559Z     🔧 [AUTO-HEAL] Re-mining page to find 'Add to cart'...
2026-01-19T02:13:45.1847878Z [CACHE HIT] 8d630c74... (hits: 1, misses: 4)
2026-01-19T02:13:45.1848252Z     ✨ AI successfully healed the step! Found 2 alternatives.
2026-01-19T02:13:45.1848706Z     ✨ AI successfully healed the step! New selector: a[href='products.php']
2026-01-19T02:13:45.1849287Z     ❌ Attempt 3 failed (element_not_found): Locator.bounding_box: Timeout 30000ms exceeded.
2026-01-19T02:13:45.1849681Z Call log:
2026-01-19T02:13:45.1849878Z   - waiting for locator("a[href='products....
2026-01-19T02:13:45.1850209Z     💀 Step step_6_ai_5 failed after all retries.
2026-01-19T02:13:45.1850672Z 🛑 Scenario 'Browse Products by Brand and Add to Cart' aborted due to step failure.
2026-01-19T02:13:45.1850992Z 
2026-01-19T02:13:45.1851100Z --- Scenario: Contact Us Form Submission ---
2026-01-19T02:13:45.1851418Z   ▶️ [STEP step_1] NAVIGATE: Step step_1
2026-01-19T02:13:45.1851702Z     ✅ Step step_1 Passed.
2026-01-19T02:13:45.1852048Z     📢 Detected overlay (ins.adsbygoogle). Attempting to dismiss...
2026-01-19T02:13:45.1852665Z   ▶️ [STEP step_2] ASSERT_URL: Step step_2
2026-01-19T02:13:45.1852961Z     ✅ Step step_2 Passed.
2026-01-19T02:13:45.1853305Z     📢 Detected overlay (ins.adsbygoogle). Attempting to dismiss...
2026-01-19T02:13:45.1853679Z   ▶️ [STEP step_2_ai_1] CLICK: Add to cart
2026-01-19T02:13:45.1854009Z     🎯 Using mined locator: a[data-product-id='1']
2026-01-19T02:13:45.1854497Z     ✅ Step step_2_ai_1 Passed.
2026-01-19T02:13:45.1854884Z     📢 Detected overlay (ins.adsbygoogle). Attempting to dismiss...
2026-01-19T02:13:45.1855285Z   ▶️ [STEP step_2_ai_2] CLICK: Continue Shopping
2026-01-19T02:13:45.1855669Z     🎯 Using mined locator: role=button[name='Continue Shopping']
2026-01-19T02:13:45.1856021Z     ✅ Step step_2_ai_2 Passed.
2026-01-19T02:13:45.1856369Z     📢 Detected overlay (ins.adsbygoogle). Attempting to dismiss...
2026-01-19T02:13:45.1856741Z   ▶️ [STEP step_2_ai_3] CLICK: Add to cart
2026-01-19T02:13:45.1857070Z     🎯 Using mined locator: a[data-product-id='2']
2026-01-19T02:13:45.1857392Z     ✅ Step step_2_ai_3 Passed.
2026-01-19T02:13:45.1857743Z     📢 Detected overlay (ins.adsbygoogle). Attempting to dismiss...
2026-01-19T02:13:45.1858246Z   ▶️ [STEP step_2_ai_4] CLICK: View Cart
2026-01-19T02:13:45.1858544Z     🎯 Using mined locator: text='View Cart'
2026-01-19T02:13:45.1858835Z     ✅ Step step_2_ai_4 Passed.
2026-01-19T02:13:45.1859136Z   ▶️ [STEP step_2_ai_5] CLICK: Proceed To Checkout
2026-01-19T02:13:45.1859496Z     🎯 Using mined locator: text='Proceed To Checkout'
2026-01-19T02:13:45.1859806Z     ✅ Step step_2_ai_5 Passed.
2026-01-19T02:13:45.1860089Z   ▶️ [STEP step_2_ai_6] CLICK: Register / Login
2026-01-19T02:13:45.1860456Z     🎯 Using mined locator: role=link[name='Register / Login']
2026-01-19T02:13:45.1860795Z     ✅ Step step_2_ai_6 Passed.
2026-01-19T02:13:45.1861060Z   ▶️ [STEP step_2_ai_7] CLICK: Products
2026-01-19T02:13:45.1861405Z     🎯 Using mined locator: a[href='/products']
2026-01-19T02:13:45.1861701Z     ✅ Step step_2_ai_7 Passed.
2026-01-19T02:13:45.1861958Z   ▶️ [STEP step_3] CLICK: Contact us
2026-01-19T02:13:45.1862431Z     🎯 Using mined locator: text='Contact us'
2026-01-19T02:13:45.1862866Z     ✅ Step step_3 Passed.
2026-01-19T02:13:45.1863272Z   ▶️ [STEP step_3_ai_1] FILL: Name
2026-01-19T02:13:45.1863737Z     🎯 Using mined locator: [name='name']
2026-01-19T02:13:45.1864628Z     ❌ Attempt 1 failed (element_not_found): Locator.scroll_into_view_if_needed: Timeout 10000ms exceeded.
2026-01-19T02:13:45.1865197Z Call log:
2026-01-19T02:13:45.1865380Z   - waiting for locator("[na...
2026-01-19T02:13:45.1865690Z     🔧 [AUTO-HEAL] Re-mining page to find 'Name'...
2026-01-19T02:13:45.1866045Z [DEBUG] Sending request to gemini-2.0-flash. Number of parts: 2
2026-01-19T02:13:45.1866375Z [DEBUG] Received response (Length: 401)
2026-01-19T02:13:45.1866736Z     ✨ AI successfully healed the step! Found 2 alternatives.
2026-01-19T02:13:45.1867177Z     ✨ AI successfully healed the step! New selector: a[href*='products']
2026-01-19T02:13:45.1867550Z     ✅ Step step_3_ai_1 Passed.
2026-01-19T02:13:45.1867894Z     📢 Detected overlay (ins.adsbygoogle). Attempting to dismiss...
2026-01-19T02:13:45.1868279Z   ▶️ [STEP step_4] ASSERT_URL: Step step_4
2026-01-19T02:13:45.1868559Z     ✅ Step step_4 Passed.
2026-01-19T02:13:45.1868894Z     📢 Detected overlay (ins.adsbygoogle). Attempting to dismiss...
2026-01-19T02:13:45.1869260Z   ▶️ [STEP step_5] FILL: Name
2026-01-19T02:13:45.1869624Z     ⚠️ Mined locators not found on page. Falling back to semantic search.
2026-01-19T02:13:45.1870225Z     ❌ Attempt 1 failed (element_not_found): Locator.scroll_into_view_if_needed: Timeout 10000ms exceeded.
2026-01-19T02:13:45.1870659Z Call log:
2026-01-19T02:13:45.1870834Z   - waiting for locator("tex...
2026-01-19T02:13:45.1871125Z     🔧 [AUTO-HEAL] Re-mining page to find 'Name'...
2026-01-19T02:13:45.1871480Z [DEBUG] Sending request to gemini-2.0-flash. Number of parts: 2
2026-01-19T02:13:45.1871813Z [DEBUG] Received response (Length: 432)
2026-01-19T02:13:45.1872345Z     ✨ AI successfully healed the step! Found 2 alternatives.
2026-01-19T02:13:45.1872776Z     ✨ AI successfully healed the step! New selector: a[href*='cart']
2026-01-19T02:13:45.1873142Z     ✅ Step step_5 Passed.
2026-01-19T02:13:45.1873384Z   ▶️ [STEP step_6] FILL: Email
2026-01-19T02:13:45.1873714Z     🎯 Using mined locator: [placeholder='Your email address']
2026-01-19T02:13:45.1874186Z     ✅ Step step_6 Passed.
2026-01-19T02:13:45.1874438Z   ▶️ [STEP step_7] FILL: Subject
2026-01-19T02:13:45.1874937Z     ❌ Attempt 1 failed (element_not_found): Locator.scroll_into_view_if_needed: Timeout 10000ms exceeded.
2026-01-19T02:13:45.1875377Z Call log:
2026-01-19T02:13:45.1875554Z   - waiting for locator("tex...
2026-01-19T02:13:45.1875861Z     🔧 [AUTO-HEAL] Re-mining page to find 'Subject'...
2026-01-19T02:13:45.1876219Z [DEBUG] Sending request to gemini-2.0-flash. Number of parts: 2
2026-01-19T02:13:45.1876575Z [DEBUG] Received response (Length: 825)
2026-01-19T02:13:45.1876939Z     ✨ AI successfully healed the step! Found 3 alternatives.
2026-01-19T02:13:45.1877365Z     ✨ AI successfully healed the step! New selector: a[href*='cart']
2026-01-19T02:13:45.1877840Z     ✅ Step step_7 Passed.
2026-01-19T02:13:45.1878170Z     📢 Detected overlay (ins.adsbygoogle). Attempting to dismiss...
2026-01-19T02:13:45.1878543Z   ▶️ [STEP step_8] FILL: Your Message Here
2026-01-19T02:13:45.1879068Z     ❌ Attempt 1 failed (element_not_found): Locator.scroll_into_view_if_needed: Timeout 10000ms exceeded.
2026-01-19T02:13:45.1879498Z Call log:
2026-01-19T02:13:45.1879668Z   - waiting for locator("tex...
2026-01-19T02:13:45.1880010Z     🔧 [AUTO-HEAL] Re-mining page to find 'Your Message Here'...
2026-01-19T02:13:45.1880399Z [DEBUG] Sending request to gemini-2.0-flash. Number of parts: 2
2026-01-19T02:13:45.1880733Z [DEBUG] Received response (Length: 1012)
2026-01-19T02:13:45.1881087Z     ✨ AI successfully healed the step! Found 4 alternatives.
2026-01-19T02:13:45.1881535Z     ✨ AI successfully healed the step! New selector: a[href='checkout.php']
2026-01-19T02:13:45.1882338Z     ❌ Attempt 2 failed (element_not_found): Locator.scroll_into_view_if_needed: Timeout 10000ms exceeded.
2026-01-19T02:13:45.1882785Z Call log:
2026-01-19T02:13:45.1882957Z   - waiting for locator("a[h...
2026-01-19T02:13:45.1883295Z     🔧 [AUTO-HEAL] Re-mining page to find 'Your Message Here'...
2026-01-19T02:13:45.1883694Z [DEBUG] Sending request to gemini-2.0-flash. Number of parts: 2
2026-01-19T02:13:45.1884023Z [DEBUG] Received response (Length: 429)
2026-01-19T02:13:45.1884373Z     ✨ AI successfully healed the step! Found 2 alternatives.
2026-01-19T02:13:45.1884824Z     ✨ AI successfully healed the step! New selector: a[href='checkout.php']
2026-01-19T02:13:45.1885513Z     ❌ Attempt 3 failed (element_not_found): Locator.scroll_into_view_if_needed: Timeout 10000ms exceeded.
2026-01-19T02:13:45.1885942Z Call log:
2026-01-19T02:13:45.1886119Z   - waiting for locator("a[h...
2026-01-19T02:13:45.1886398Z     💀 Step step_8 failed after all retries.
2026-01-19T02:13:45.1886798Z 🛑 Scenario 'Contact Us Form Submission' aborted due to step failure.
2026-01-19T02:13:45.1887078Z 
2026-01-19T02:13:45.1918916Z ============================================================
2026-01-19T02:13:45.1919556Z 🎯 EXECUTION SUMMARY
2026-01-19T02:13:45.1919915Z ============================================================
2026-01-19T02:13:45.1920229Z 
2026-01-19T02:13:45.1920421Z 📋 Scenario Overview:
2026-01-19T02:13:45.1920797Z    • Total Scenarios Planned: 4
2026-01-19T02:13:45.1921200Z    • Scenarios Executed: 4
2026-01-19T02:13:45.1921599Z    • Total Steps Executed: 67
2026-01-19T02:13:45.1921841Z 
2026-01-19T02:13:45.1921982Z ✅ Results:
2026-01-19T02:13:45.1922699Z    ✅ Passed: 2 (50%)
2026-01-19T02:13:45.1923046Z    ❌ Failed: 2 (50%)
2026-01-19T02:13:45.1923227Z 
2026-01-19T02:13:45.1923383Z ⚠️  Failed Scenarios:
2026-01-19T02:13:45.1923783Z    • Browse Products by Brand and Add to Cart
2026-01-19T02:13:45.1924249Z    • Contact Us Form Submission
2026-01-19T02:13:45.1924491Z 
2026-01-19T02:13:45.1924638Z ============================================================
2026-01-19T02:13:45.1924965Z 
2026-01-19T02:13:45.1925796Z 🏁 Execution Finished. Report: /home/runner/work/build_qa_automation/build_qa_automation/projects/ci_automationexercise_shop/execution.json
2026-01-19T02:13:45.3094238Z 
2026-01-19T02:13:45.3094660Z [PHASE] Running Phase: DISCOVERY
2026-01-19T02:13:45.3096409Z    Command: /opt/hostedtoolcache/Python/3.11.14/x64/bin/python /home/runner/work/build_qa_automation/build_qa_automation/core/agents/discovery.py --project /home/runner/work/build_qa_automation/build_qa_automation/projects/ci_automationexercise_shop --url https://www.automationexercise.com/ --deep
2026-01-19T02:13:45.3097861Z ✅ Phase 'discovery' completed successfully.
2026-01-19T02:13:45.3098063Z 
2026-01-19T02:13:45.3098160Z [PHASE] Running Phase: PLANNING
2026-01-19T02:13:45.3099417Z    Command: /opt/hostedtoolcache/Python/3.11.14/x64/bin/python /home/runner/work/build_qa_automation/build_qa_automation/core/agents/planner.py --project /home/runner/work/build_qa_automation/build_qa_automation/projects/ci_automationexercise_shop --goal Explore shopping features and cart --url https://www.automationexercise.com/ --deep
2026-01-19T02:13:45.3100935Z ✅ Phase 'planning' completed successfully.
2026-01-19T02:13:45.3101131Z 
2026-01-19T02:13:45.3101225Z [PHASE] Running Phase: EXPLORATION
2026-01-19T02:13:45.3102522Z    Command: /opt/hostedtoolcache/Python/3.11.14/x64/bin/python /home/runner/work/build_qa_automation/build_qa_automation/core/agents/deep_explorer.py --project /home/runner/work/build_qa_automation/build_qa_automation/projects/ci_automationexercise_shop
2026-01-19T02:13:45.3103604Z ✅ Phase 'exploration' completed successfully.
2026-01-19T02:13:45.3103975Z 📊 Exploration Discovery Success Rate: 76.8%
2026-01-19T02:13:45.3104163Z 
2026-01-19T02:13:45.3104253Z [PHASE] Running Phase: EXECUTION
2026-01-19T02:13:45.3105203Z    Command: /opt/hostedtoolcache/Python/3.11.14/x64/bin/python /home/runner/work/build_qa_automation/build_qa_automation/core/agents/executor.py --project /home/runner/work/build_qa_automation/build_qa_automation/projects/ci_automationexercise_shop
2026-01-19T02:13:45.3106209Z ✅ Phase 'execution' completed successfully.
2026-01-19T02:13:45.3106400Z 
2026-01-19T02:13:45.3106499Z [DONE] Pipeline Execution Finished! [DONE]
2026-01-19T02:13:45.4097043Z ##[group]Run RESULT_FILE="projects/ci_automationexercise_shop/execution.json"
2026-01-19T02:13:45.4097689Z [36;1mRESULT_FILE="projects/ci_automationexercise_shop/execution.json"[0m
2026-01-19T02:13:45.4098101Z [36;1mif [ -f "$RESULT_FILE" ]; then[0m
2026-01-19T02:13:45.4098471Z [36;1m  echo "✅ Results generated successfully: $RESULT_FILE"[0m
2026-01-19T02:13:45.4098941Z [36;1m  cat "$RESULT_FILE" | jq '.scenarios | length' || echo "Result file exists"[0m
2026-01-19T02:13:45.4099316Z [36;1melse[0m
2026-01-19T02:13:45.4099566Z [36;1m  echo "❌ No result file found at $RESULT_FILE"[0m
2026-01-19T02:13:45.4099863Z [36;1m  exit 1[0m
2026-01-19T02:13:45.4100057Z [36;1mfi[0m
2026-01-19T02:13:45.4132292Z shell: /usr/bin/bash -e {0}
2026-01-19T02:13:45.4132573Z env:
2026-01-19T02:13:45.4132844Z   pythonLocation: /opt/hostedtoolcache/Python/3.11.14/x64
2026-01-19T02:13:45.4133284Z   PKG_CONFIG_PATH: /opt/hostedtoolcache/Python/3.11.14/x64/lib/pkgconfig
2026-01-19T02:13:45.4133751Z   Python_ROOT_DIR: /opt/hostedtoolcache/Python/3.11.14/x64
2026-01-19T02:13:45.4134153Z   Python2_ROOT_DIR: /opt/hostedtoolcache/Python/3.11.14/x64
2026-01-19T02:13:45.4134537Z   Python3_ROOT_DIR: /opt/hostedtoolcache/Python/3.11.14/x64
2026-01-19T02:13:45.4134934Z   LD_LIBRARY_PATH: /opt/hostedtoolcache/Python/3.11.14/x64/lib
2026-01-19T02:13:45.4135259Z ##[endgroup]
2026-01-19T02:13:45.4188694Z ✅ Results generated successfully: projects/ci_automationexercise_shop/execution.json
2026-01-19T02:13:45.4216063Z 4
2026-01-19T02:13:45.4278173Z ##[group]Run actions/upload-artifact@v4
2026-01-19T02:13:45.4278447Z with:
2026-01-19T02:13:45.4278669Z   name: automationexercise_shop-execution-results
2026-01-19T02:13:45.4279202Z   path: projects/ci_automationexercise_shop/execution.json
projects/ci_automationexercise_shop/workflow.json

2026-01-19T02:13:45.4279713Z   retention-days: 30
2026-01-19T02:13:45.4279915Z   if-no-files-found: warn
2026-01-19T02:13:45.4280129Z   compression-level: 6
2026-01-19T02:13:45.4280328Z   overwrite: false
2026-01-19T02:13:45.4280526Z   include-hidden-files: false
2026-01-19T02:13:45.4280735Z env:
2026-01-19T02:13:45.4280972Z   pythonLocation: /opt/hostedtoolcache/Python/3.11.14/x64
2026-01-19T02:13:45.4281384Z   PKG_CONFIG_PATH: /opt/hostedtoolcache/Python/3.11.14/x64/lib/pkgconfig
2026-01-19T02:13:45.4281782Z   Python_ROOT_DIR: /opt/hostedtoolcache/Python/3.11.14/x64
2026-01-19T02:13:45.4282320Z   Python2_ROOT_DIR: /opt/hostedtoolcache/Python/3.11.14/x64
2026-01-19T02:13:45.4282715Z   Python3_ROOT_DIR: /opt/hostedtoolcache/Python/3.11.14/x64
2026-01-19T02:13:45.4283079Z   LD_LIBRARY_PATH: /opt/hostedtoolcache/Python/3.11.14/x64/lib
2026-01-19T02:13:45.4283374Z ##[endgroup]
2026-01-19T02:13:45.6424823Z Multiple search paths detected. Calculating the least common ancestor of all paths
2026-01-19T02:13:45.6429157Z The least common ancestor is /home/runner/work/build_qa_automation/build_qa_automation/projects/ci_automationexercise_shop. This will be the root directory of the artifact
2026-01-19T02:13:45.6430655Z With the provided path, there will be 2 files uploaded
2026-01-19T02:13:45.6436007Z Artifact name is valid!
2026-01-19T02:13:45.6437013Z Root directory input is valid!
2026-01-19T02:13:45.7856210Z Beginning upload of artifact content to blob storage
2026-01-19T02:13:45.9576786Z Uploaded bytes 3275
2026-01-19T02:13:45.9978228Z Finished uploading artifact content to blob storage!
2026-01-19T02:13:45.9981313Z SHA256 digest of uploaded artifact zip is d1052103d8bd5d3330091081d7fd2ed21c8c8b550d6afbd7bda674f6a57af45a
2026-01-19T02:13:45.9984083Z Finalizing artifact upload
2026-01-19T02:13:46.1035938Z Artifact automationexercise_shop-execution-results.zip successfully finalized. Artifact ID 5171716011
2026-01-19T02:13:46.1037104Z Artifact automationexercise_shop-execution-results has been successfully uploaded! Final size is 3275 bytes. Artifact ID is 5171716011
2026-01-19T02:13:46.1043194Z Artifact download URL: https://github.com/vishvasmca-cmd/build_qa_automation/actions/runs/21122730879/artifacts/5171716011
2026-01-19T02:13:46.1168591Z Post job cleanup.
2026-01-19T02:13:46.2684129Z Cache hit occurred on the primary key setup-python-Linux-x64-24.04-Ubuntu-python-3.11.14-pip-dde08d0e0b672972dcda9f1a063036a2e0c226f5d0a20362e9401931676d80a4, not saving cache.
2026-01-19T02:13:46.2793585Z Post job cleanup.
2026-01-19T02:13:46.3755614Z [command]/usr/bin/git version
2026-01-19T02:13:46.3796402Z git version 2.52.0
2026-01-19T02:13:46.3839977Z Temporarily overriding HOME='/home/runner/work/_temp/8e9c8479-07ae-4dd4-99ac-b5fc74278e7f' before making global git config changes
2026-01-19T02:13:46.3841404Z Adding repository directory to the temporary git global config as a safe directory
2026-01-19T02:13:46.3846746Z [command]/usr/bin/git config --global --add safe.directory /home/runner/work/build_qa_automation/build_qa_automation
2026-01-19T02:13:46.3884182Z [command]/usr/bin/git config --local --name-only --get-regexp core\.sshCommand
2026-01-19T02:13:46.3917870Z [command]/usr/bin/git submodule foreach --recursive sh -c "git config --local --name-only --get-regexp 'core\.sshCommand' && git config --local --unset-all 'core.sshCommand' || :"
2026-01-19T02:13:46.4167484Z [command]/usr/bin/git config --local --name-only --get-regexp http\.https\:\/\/github\.com\/\.extraheader
2026-01-19T02:13:46.4191112Z http.https://github.com/.extraheader
2026-01-19T02:13:46.4204833Z [command]/usr/bin/git config --local --unset-all http.https://github.com/.extraheader
2026-01-19T02:13:46.4237667Z [command]/usr/bin/git submodule foreach --recursive sh -c "git config --local --name-only --get-regexp 'http\.https\:\/\/github\.com\/\.extraheader' && git config --local --unset-all 'http.https://github.com/.extraheader' || :"
2026-01-19T02:13:46.4475822Z [command]/usr/bin/git config --local --name-only --get-regexp ^includeIf\.gitdir:
2026-01-19T02:13:46.4507919Z [command]/usr/bin/git submodule foreach --recursive git config --local --show-origin --name-only --get-regexp remote.origin.url
2026-01-19T02:13:46.4856952Z Cleaning up orphan processes
