2026-01-19T23:55:05.7862173Z Current runner version: '2.331.0'
2026-01-19T23:55:05.7883346Z ##[group]Runner Image Provisioner
2026-01-19T23:55:05.7884147Z Hosted Compute Agent
2026-01-19T23:55:05.7884672Z Version: 20251211.462
2026-01-19T23:55:05.7885274Z Commit: 6cbad8c2bb55d58165063d031ccabf57e2d2db61
2026-01-19T23:55:05.7886136Z Build Date: 2025-12-11T16:28:49Z
2026-01-19T23:55:05.7886750Z Worker ID: {5cda1ca7-a1a5-4b7b-9c5c-8ceb80530996}
2026-01-19T23:55:05.7887433Z ##[endgroup]
2026-01-19T23:55:05.7887963Z ##[group]Operating System
2026-01-19T23:55:05.7888482Z Ubuntu
2026-01-19T23:55:05.7888928Z 24.04.3
2026-01-19T23:55:05.7889335Z LTS
2026-01-19T23:55:05.7889817Z ##[endgroup]
2026-01-19T23:55:05.7890325Z ##[group]Runner Image
2026-01-19T23:55:05.7890808Z Image: ubuntu-24.04
2026-01-19T23:55:05.7891340Z Version: 20260111.209.1
2026-01-19T23:55:05.7892250Z Included Software: https://github.com/actions/runner-images/blob/ubuntu24/20260111.209/images/ubuntu/Ubuntu2404-Readme.md
2026-01-19T23:55:05.7893689Z Image Release: https://github.com/actions/runner-images/releases/tag/ubuntu24%2F20260111.209
2026-01-19T23:55:05.7894593Z ##[endgroup]
2026-01-19T23:55:05.7895726Z ##[group]GITHUB_TOKEN Permissions
2026-01-19T23:55:05.7897497Z Contents: read
2026-01-19T23:55:05.7897996Z Metadata: read
2026-01-19T23:55:05.7898516Z Packages: read
2026-01-19T23:55:05.7899034Z ##[endgroup]
2026-01-19T23:55:05.7901254Z Secret source: Actions
2026-01-19T23:55:05.7901957Z Prepare workflow directory
2026-01-19T23:55:05.8221705Z Prepare all required actions
2026-01-19T23:55:05.8276918Z Getting action download info
2026-01-19T23:55:06.2090940Z Download action repository 'actions/checkout@v4' (SHA:34e114876b0b11c390a56381ad16ebd13914f8d5)
2026-01-19T23:55:06.2998509Z Download action repository 'actions/setup-python@v5' (SHA:a26af69be951a213d495a4c3e4e4022e16d87065)
2026-01-19T23:55:06.3630292Z Download action repository 'actions/upload-artifact@v4' (SHA:ea165f8d65b6e75b540449e92b4886f43607fa02)
2026-01-19T23:55:06.5407373Z Complete job name: test-websites-deep (the_internet_forms, https://the-internet.herokuapp.com/, Test authentication ...
2026-01-19T23:55:06.6112266Z ##[group]Run actions/checkout@v4
2026-01-19T23:55:06.6113030Z with:
2026-01-19T23:55:06.6113473Z   repository: vishvasmca-cmd/build_qa_automation
2026-01-19T23:55:06.6114195Z   token: ***
2026-01-19T23:55:06.6114621Z   ssh-strict: true
2026-01-19T23:55:06.6115013Z   ssh-user: git
2026-01-19T23:55:06.6115789Z   persist-credentials: true
2026-01-19T23:55:06.6116224Z   clean: true
2026-01-19T23:55:06.6116622Z   sparse-checkout-cone-mode: true
2026-01-19T23:55:06.6117071Z   fetch-depth: 1
2026-01-19T23:55:06.6117442Z   fetch-tags: false
2026-01-19T23:55:06.6117837Z   show-progress: true
2026-01-19T23:55:06.6118232Z   lfs: false
2026-01-19T23:55:06.6118600Z   submodules: false
2026-01-19T23:55:06.6118994Z   set-safe-directory: true
2026-01-19T23:55:06.6119677Z ##[endgroup]
2026-01-19T23:55:06.7128314Z Syncing repository: vishvasmca-cmd/build_qa_automation
2026-01-19T23:55:06.7130174Z ##[group]Getting Git version info
2026-01-19T23:55:06.7130998Z Working directory is '/home/runner/work/build_qa_automation/build_qa_automation'
2026-01-19T23:55:06.7132047Z [command]/usr/bin/git version
2026-01-19T23:55:06.7178158Z git version 2.52.0
2026-01-19T23:55:06.7201427Z ##[endgroup]
2026-01-19T23:55:06.7215657Z Temporarily overriding HOME='/home/runner/work/_temp/16fb1aec-3fea-40d4-b8d8-616005a14162' before making global git config changes
2026-01-19T23:55:06.7217892Z Adding repository directory to the temporary git global config as a safe directory
2026-01-19T23:55:06.7229379Z [command]/usr/bin/git config --global --add safe.directory /home/runner/work/build_qa_automation/build_qa_automation
2026-01-19T23:55:06.7262780Z Deleting the contents of '/home/runner/work/build_qa_automation/build_qa_automation'
2026-01-19T23:55:06.7266136Z ##[group]Initializing the repository
2026-01-19T23:55:06.7270810Z [command]/usr/bin/git init /home/runner/work/build_qa_automation/build_qa_automation
2026-01-19T23:55:06.7359664Z hint: Using 'master' as the name for the initial branch. This default branch name
2026-01-19T23:55:06.7361119Z hint: will change to "main" in Git 3.0. To configure the initial branch name
2026-01-19T23:55:06.7362445Z hint: to use in all of your new repositories, which will suppress this warning,
2026-01-19T23:55:06.7363593Z hint: call:
2026-01-19T23:55:06.7364198Z hint:
2026-01-19T23:55:06.7365183Z hint: 	git config --global init.defaultBranch <name>
2026-01-19T23:55:06.7366271Z hint:
2026-01-19T23:55:06.7367125Z hint: Names commonly chosen instead of 'master' are 'main', 'trunk' and
2026-01-19T23:55:06.7368492Z hint: 'development'. The just-created branch can be renamed via this command:
2026-01-19T23:55:06.7369632Z hint:
2026-01-19T23:55:06.7370285Z hint: 	git branch -m <name>
2026-01-19T23:55:06.7371007Z hint:
2026-01-19T23:55:06.7371909Z hint: Disable this message with "git config set advice.defaultBranchName false"
2026-01-19T23:55:06.7373639Z Initialized empty Git repository in /home/runner/work/build_qa_automation/build_qa_automation/.git/
2026-01-19T23:55:06.7376654Z [command]/usr/bin/git remote add origin https://github.com/vishvasmca-cmd/build_qa_automation
2026-01-19T23:55:06.7402143Z ##[endgroup]
2026-01-19T23:55:06.7403298Z ##[group]Disabling automatic garbage collection
2026-01-19T23:55:06.7406833Z [command]/usr/bin/git config --local gc.auto 0
2026-01-19T23:55:06.7428741Z ##[endgroup]
2026-01-19T23:55:06.7429785Z ##[group]Setting up auth
2026-01-19T23:55:06.7435759Z [command]/usr/bin/git config --local --name-only --get-regexp core\.sshCommand
2026-01-19T23:55:06.7459956Z [command]/usr/bin/git submodule foreach --recursive sh -c "git config --local --name-only --get-regexp 'core\.sshCommand' && git config --local --unset-all 'core.sshCommand' || :"
2026-01-19T23:55:06.7732105Z [command]/usr/bin/git config --local --name-only --get-regexp http\.https\:\/\/github\.com\/\.extraheader
2026-01-19T23:55:06.7756816Z [command]/usr/bin/git submodule foreach --recursive sh -c "git config --local --name-only --get-regexp 'http\.https\:\/\/github\.com\/\.extraheader' && git config --local --unset-all 'http.https://github.com/.extraheader' || :"
2026-01-19T23:55:06.7915755Z [command]/usr/bin/git config --local --name-only --get-regexp ^includeIf\.gitdir:
2026-01-19T23:55:06.7942187Z [command]/usr/bin/git submodule foreach --recursive git config --local --show-origin --name-only --get-regexp remote.origin.url
2026-01-19T23:55:06.8104905Z [command]/usr/bin/git config --local http.https://github.com/.extraheader AUTHORIZATION: basic ***
2026-01-19T23:55:06.8130248Z ##[endgroup]
2026-01-19T23:55:06.8130930Z ##[group]Fetching the repository
2026-01-19T23:55:06.8138418Z [command]/usr/bin/git -c protocol.version=2 fetch --no-tags --prune --no-recurse-submodules --depth=1 origin +d25504decfc404871c7c3bd5ac186d61498b2813:refs/remotes/origin/main
2026-01-19T23:55:08.3033026Z From https://github.com/vishvasmca-cmd/build_qa_automation
2026-01-19T23:55:08.3034912Z  * [new ref]         d25504decfc404871c7c3bd5ac186d61498b2813 -> origin/main
2026-01-19T23:55:08.3061336Z ##[endgroup]
2026-01-19T23:55:08.3062658Z ##[group]Determining the checkout info
2026-01-19T23:55:08.3064157Z ##[endgroup]
2026-01-19T23:55:08.3068514Z [command]/usr/bin/git sparse-checkout disable
2026-01-19T23:55:08.3101291Z [command]/usr/bin/git config --local --unset-all extensions.worktreeConfig
2026-01-19T23:55:08.3122277Z ##[group]Checking out the ref
2026-01-19T23:55:08.3126124Z [command]/usr/bin/git checkout --progress --force -B main refs/remotes/origin/main
2026-01-19T23:55:08.4523127Z Switched to a new branch 'main'
2026-01-19T23:55:08.4524339Z branch 'main' set up to track 'origin/main'.
2026-01-19T23:55:08.4534337Z ##[endgroup]
2026-01-19T23:55:08.4564419Z [command]/usr/bin/git log -1 --format=%H
2026-01-19T23:55:08.4581926Z d25504decfc404871c7c3bd5ac186d61498b2813
2026-01-19T23:55:08.4845254Z ##[group]Run actions/setup-python@v5
2026-01-19T23:55:08.4846324Z with:
2026-01-19T23:55:08.4846904Z   python-version: 3.11
2026-01-19T23:55:08.4847581Z   cache: pip
2026-01-19T23:55:08.4848310Z   check-latest: false
2026-01-19T23:55:08.4849247Z   token: ***
2026-01-19T23:55:08.4849846Z   update-environment: true
2026-01-19T23:55:08.4850655Z   allow-prereleases: false
2026-01-19T23:55:08.4851420Z   freethreaded: false
2026-01-19T23:55:08.4852081Z ##[endgroup]
2026-01-19T23:55:08.6381216Z ##[group]Installed versions
2026-01-19T23:55:08.6479273Z Successfully set up CPython (3.11.14)
2026-01-19T23:55:08.6480635Z ##[endgroup]
2026-01-19T23:55:08.7489543Z [command]/opt/hostedtoolcache/Python/3.11.14/x64/bin/pip cache dir
2026-01-19T23:55:09.0231588Z /home/runner/.cache/pip
2026-01-19T23:55:09.2557652Z Cache hit for: setup-python-Linux-x64-24.04-Ubuntu-python-3.11.14-pip-dde08d0e0b672972dcda9f1a063036a2e0c226f5d0a20362e9401931676d80a4
2026-01-19T23:55:10.5216990Z Received 37748736 of 254742636 (14.8%), 36.0 MBs/sec
2026-01-19T23:55:11.5202927Z Received 201326592 of 254742636 (79.0%), 96.0 MBs/sec
2026-01-19T23:55:11.8324486Z Received 254742636 of 254742636 (100.0%), 105.1 MBs/sec
2026-01-19T23:55:11.8325735Z Cache Size: ~243 MB (254742636 B)
2026-01-19T23:55:11.8361244Z [command]/usr/bin/tar -xf /home/runner/work/_temp/512107d6-a88e-4757-988c-2e445ed672ec/cache.tzst -P -C /home/runner/work/build_qa_automation/build_qa_automation --use-compress-program unzstd
2026-01-19T23:55:12.0786385Z Cache restored successfully
2026-01-19T23:55:12.1062879Z Cache restored from key: setup-python-Linux-x64-24.04-Ubuntu-python-3.11.14-pip-dde08d0e0b672972dcda9f1a063036a2e0c226f5d0a20362e9401931676d80a4
2026-01-19T23:55:12.1199493Z ##[group]Run pip install -r requirements.txt
2026-01-19T23:55:12.1199945Z [36;1mpip install -r requirements.txt[0m
2026-01-19T23:55:12.1200219Z [36;1mplaywright install chromium[0m
2026-01-19T23:55:12.1225025Z shell: /usr/bin/bash -e {0}
2026-01-19T23:55:12.1225294Z env:
2026-01-19T23:55:12.1225753Z   pythonLocation: /opt/hostedtoolcache/Python/3.11.14/x64
2026-01-19T23:55:12.1226168Z   PKG_CONFIG_PATH: /opt/hostedtoolcache/Python/3.11.14/x64/lib/pkgconfig
2026-01-19T23:55:12.1226592Z   Python_ROOT_DIR: /opt/hostedtoolcache/Python/3.11.14/x64
2026-01-19T23:55:12.1226978Z   Python2_ROOT_DIR: /opt/hostedtoolcache/Python/3.11.14/x64
2026-01-19T23:55:12.1227333Z   Python3_ROOT_DIR: /opt/hostedtoolcache/Python/3.11.14/x64
2026-01-19T23:55:12.1227683Z   LD_LIBRARY_PATH: /opt/hostedtoolcache/Python/3.11.14/x64/lib
2026-01-19T23:55:12.1227972Z ##[endgroup]
2026-01-19T23:55:12.7219313Z Collecting playwright (from -r requirements.txt (line 1))
2026-01-19T23:55:12.7232459Z   Using cached playwright-1.57.0-py3-none-manylinux1_x86_64.whl.metadata (3.5 kB)
2026-01-19T23:55:12.7434299Z Collecting python-dotenv (from -r requirements.txt (line 2))
2026-01-19T23:55:12.7447461Z   Using cached python_dotenv-1.2.1-py3-none-any.whl.metadata (25 kB)
2026-01-19T23:55:12.7736923Z Collecting requests (from -r requirements.txt (line 3))
2026-01-19T23:55:12.7749308Z   Using cached requests-2.32.5-py3-none-any.whl.metadata (4.9 kB)
2026-01-19T23:55:12.9806024Z Collecting pillow (from -r requirements.txt (line 4))
2026-01-19T23:55:12.9822361Z   Using cached pillow-12.1.0-cp311-cp311-manylinux_2_27_x86_64.manylinux_2_28_x86_64.whl.metadata (8.8 kB)
2026-01-19T23:55:13.0103644Z Collecting google-genai>=0.3.0 (from -r requirements.txt (line 5))
2026-01-19T23:55:13.0117364Z   Using cached google_genai-1.59.0-py3-none-any.whl.metadata (53 kB)
2026-01-19T23:55:13.0311866Z Collecting termcolor (from -r requirements.txt (line 6))
2026-01-19T23:55:13.0325729Z   Using cached termcolor-3.3.0-py3-none-any.whl.metadata (6.5 kB)
2026-01-19T23:55:13.0689875Z Collecting PyYAML (from -r requirements.txt (line 7))
2026-01-19T23:55:13.0704455Z   Using cached pyyaml-6.0.3-cp311-cp311-manylinux2014_x86_64.manylinux_2_17_x86_64.manylinux_2_28_x86_64.whl.metadata (2.4 kB)
2026-01-19T23:55:13.1241676Z Collecting opencv-python-headless (from -r requirements.txt (line 8))
2026-01-19T23:55:13.1257566Z   Using cached opencv_python_headless-4.13.0.90-cp37-abi3-manylinux_2_28_x86_64.whl.metadata (19 kB)
2026-01-19T23:55:13.3001081Z Collecting numpy (from -r requirements.txt (line 9))
2026-01-19T23:55:13.3021366Z   Using cached numpy-2.4.1-cp311-cp311-manylinux_2_27_x86_64.manylinux_2_28_x86_64.whl.metadata (6.6 kB)
2026-01-19T23:55:13.3759783Z Collecting faker (from -r requirements.txt (line 10))
2026-01-19T23:55:13.3771493Z   Using cached faker-40.1.2-py3-none-any.whl.metadata (16 kB)
2026-01-19T23:55:13.3975143Z Collecting pyee<14,>=13 (from playwright->-r requirements.txt (line 1))
2026-01-19T23:55:13.3987336Z   Using cached pyee-13.0.0-py3-none-any.whl.metadata (2.9 kB)
2026-01-19T23:55:13.5043870Z Collecting greenlet<4.0.0,>=3.1.1 (from playwright->-r requirements.txt (line 1))
2026-01-19T23:55:13.5056182Z   Using cached greenlet-3.3.0-cp311-cp311-manylinux_2_24_x86_64.manylinux_2_28_x86_64.whl.metadata (4.1 kB)
2026-01-19T23:55:13.5282460Z Collecting typing-extensions (from pyee<14,>=13->playwright->-r requirements.txt (line 1))
2026-01-19T23:55:13.5294331Z   Using cached typing_extensions-4.15.0-py3-none-any.whl.metadata (3.3 kB)
2026-01-19T23:55:13.6031252Z Collecting charset_normalizer<4,>=2 (from requests->-r requirements.txt (line 3))
2026-01-19T23:55:13.6053325Z   Using cached charset_normalizer-3.4.4-cp311-cp311-manylinux2014_x86_64.manylinux_2_17_x86_64.manylinux_2_28_x86_64.whl.metadata (37 kB)
2026-01-19T23:55:13.6341243Z Collecting idna<4,>=2.5 (from requests->-r requirements.txt (line 3))
2026-01-19T23:55:13.6361199Z   Using cached idna-3.11-py3-none-any.whl.metadata (8.4 kB)
2026-01-19T23:55:13.6689587Z Collecting urllib3<3,>=1.21.1 (from requests->-r requirements.txt (line 3))
2026-01-19T23:55:13.6707234Z   Using cached urllib3-2.6.3-py3-none-any.whl.metadata (6.9 kB)
2026-01-19T23:55:13.6950183Z Collecting certifi>=2017.4.17 (from requests->-r requirements.txt (line 3))
2026-01-19T23:55:13.6964656Z   Using cached certifi-2026.1.4-py3-none-any.whl.metadata (2.5 kB)
2026-01-19T23:55:13.7194515Z Collecting anyio<5.0.0,>=4.8.0 (from google-genai>=0.3.0->-r requirements.txt (line 5))
2026-01-19T23:55:13.7206896Z   Using cached anyio-4.12.1-py3-none-any.whl.metadata (4.3 kB)
2026-01-19T23:55:13.7557274Z Collecting google-auth<3.0.0,>=2.47.0 (from google-auth[requests]<3.0.0,>=2.47.0->google-genai>=0.3.0->-r requirements.txt (line 5))
2026-01-19T23:55:13.7569474Z   Using cached google_auth-2.47.0-py3-none-any.whl.metadata (6.4 kB)
2026-01-19T23:55:13.7828990Z Collecting httpx<1.0.0,>=0.28.1 (from google-genai>=0.3.0->-r requirements.txt (line 5))
2026-01-19T23:55:13.7841058Z   Using cached httpx-0.28.1-py3-none-any.whl.metadata (7.1 kB)
2026-01-19T23:55:13.9074533Z Collecting pydantic<3.0.0,>=2.9.0 (from google-genai>=0.3.0->-r requirements.txt (line 5))
2026-01-19T23:55:13.9094987Z   Using cached pydantic-2.12.5-py3-none-any.whl.metadata (90 kB)
2026-01-19T23:55:13.9399984Z Collecting tenacity<9.2.0,>=8.2.3 (from google-genai>=0.3.0->-r requirements.txt (line 5))
2026-01-19T23:55:13.9412297Z   Using cached tenacity-9.1.2-py3-none-any.whl.metadata (1.2 kB)
2026-01-19T23:55:14.0180139Z Collecting websockets<15.1.0,>=13.0.0 (from google-genai>=0.3.0->-r requirements.txt (line 5))
2026-01-19T23:55:14.0193336Z   Using cached websockets-15.0.1-cp311-cp311-manylinux_2_5_x86_64.manylinux1_x86_64.manylinux_2_17_x86_64.manylinux2014_x86_64.whl.metadata (6.8 kB)
2026-01-19T23:55:14.0383784Z Collecting distro<2,>=1.7.0 (from google-genai>=0.3.0->-r requirements.txt (line 5))
2026-01-19T23:55:14.0395868Z   Using cached distro-1.9.0-py3-none-any.whl.metadata (6.8 kB)
2026-01-19T23:55:14.0540003Z Collecting sniffio (from google-genai>=0.3.0->-r requirements.txt (line 5))
2026-01-19T23:55:14.0552050Z   Using cached sniffio-1.3.1-py3-none-any.whl.metadata (3.9 kB)
2026-01-19T23:55:14.0840164Z Collecting pyasn1-modules>=0.2.1 (from google-auth<3.0.0,>=2.47.0->google-auth[requests]<3.0.0,>=2.47.0->google-genai>=0.3.0->-r requirements.txt (line 5))
2026-01-19T23:55:14.0852087Z   Using cached pyasn1_modules-0.4.2-py3-none-any.whl.metadata (3.5 kB)
2026-01-19T23:55:14.1036664Z Collecting rsa<5,>=3.1.4 (from google-auth<3.0.0,>=2.47.0->google-auth[requests]<3.0.0,>=2.47.0->google-genai>=0.3.0->-r requirements.txt (line 5))
2026-01-19T23:55:14.1048264Z   Using cached rsa-4.9.1-py3-none-any.whl.metadata (5.6 kB)
2026-01-19T23:55:14.1367983Z Collecting httpcore==1.* (from httpx<1.0.0,>=0.28.1->google-genai>=0.3.0->-r requirements.txt (line 5))
2026-01-19T23:55:14.1379566Z   Using cached httpcore-1.0.9-py3-none-any.whl.metadata (21 kB)
2026-01-19T23:55:14.1549030Z Collecting h11>=0.16 (from httpcore==1.*->httpx<1.0.0,>=0.28.1->google-genai>=0.3.0->-r requirements.txt (line 5))
2026-01-19T23:55:14.1560606Z   Using cached h11-0.16.0-py3-none-any.whl.metadata (8.3 kB)
2026-01-19T23:55:14.1711213Z Collecting annotated-types>=0.6.0 (from pydantic<3.0.0,>=2.9.0->google-genai>=0.3.0->-r requirements.txt (line 5))
2026-01-19T23:55:14.1729256Z   Using cached annotated_types-0.7.0-py3-none-any.whl.metadata (15 kB)
2026-01-19T23:55:14.7322984Z Collecting pydantic-core==2.41.5 (from pydantic<3.0.0,>=2.9.0->google-genai>=0.3.0->-r requirements.txt (line 5))
2026-01-19T23:55:14.7336985Z   Using cached pydantic_core-2.41.5-cp311-cp311-manylinux_2_17_x86_64.manylinux2014_x86_64.whl.metadata (7.3 kB)
2026-01-19T23:55:14.7507573Z Collecting typing-inspection>=0.4.2 (from pydantic<3.0.0,>=2.9.0->google-genai>=0.3.0->-r requirements.txt (line 5))
2026-01-19T23:55:14.7519651Z   Using cached typing_inspection-0.4.2-py3-none-any.whl.metadata (2.6 kB)
2026-01-19T23:55:14.8181380Z Collecting pyasn1>=0.1.3 (from rsa<5,>=3.1.4->google-auth<3.0.0,>=2.47.0->google-auth[requests]<3.0.0,>=2.47.0->google-genai>=0.3.0->-r requirements.txt (line 5))
2026-01-19T23:55:14.8193189Z   Using cached pyasn1-0.6.2-py3-none-any.whl.metadata (8.4 kB)
2026-01-19T23:55:14.8472930Z Using cached playwright-1.57.0-py3-none-manylinux1_x86_64.whl (46.0 MB)
2026-01-19T23:55:14.8728849Z Using cached greenlet-3.3.0-cp311-cp311-manylinux_2_24_x86_64.manylinux_2_28_x86_64.whl (590 kB)
2026-01-19T23:55:14.8744095Z Using cached pyee-13.0.0-py3-none-any.whl (15 kB)
2026-01-19T23:55:14.8755785Z Using cached python_dotenv-1.2.1-py3-none-any.whl (21 kB)
2026-01-19T23:55:14.8767649Z Using cached requests-2.32.5-py3-none-any.whl (64 kB)
2026-01-19T23:55:14.8779682Z Using cached charset_normalizer-3.4.4-cp311-cp311-manylinux2014_x86_64.manylinux_2_17_x86_64.manylinux_2_28_x86_64.whl (151 kB)
2026-01-19T23:55:14.8791418Z Using cached idna-3.11-py3-none-any.whl (71 kB)
2026-01-19T23:55:14.8803202Z Using cached urllib3-2.6.3-py3-none-any.whl (131 kB)
2026-01-19T23:55:14.8815583Z Using cached pillow-12.1.0-cp311-cp311-manylinux_2_27_x86_64.manylinux_2_28_x86_64.whl (7.0 MB)
2026-01-19T23:55:14.8861019Z Using cached google_genai-1.59.0-py3-none-any.whl (719 kB)
2026-01-19T23:55:14.8875830Z Using cached anyio-4.12.1-py3-none-any.whl (113 kB)
2026-01-19T23:55:14.8887640Z Using cached distro-1.9.0-py3-none-any.whl (20 kB)
2026-01-19T23:55:14.8898590Z Using cached google_auth-2.47.0-py3-none-any.whl (234 kB)
2026-01-19T23:55:14.8911738Z Using cached httpx-0.28.1-py3-none-any.whl (73 kB)
2026-01-19T23:55:14.8922516Z Using cached httpcore-1.0.9-py3-none-any.whl (78 kB)
2026-01-19T23:55:14.8934339Z Using cached pydantic-2.12.5-py3-none-any.whl (463 kB)
2026-01-19T23:55:14.8948139Z Using cached pydantic_core-2.41.5-cp311-cp311-manylinux_2_17_x86_64.manylinux2014_x86_64.whl (2.1 MB)
2026-01-19T23:55:14.8969075Z Using cached rsa-4.9.1-py3-none-any.whl (34 kB)
2026-01-19T23:55:14.8980215Z Using cached tenacity-9.1.2-py3-none-any.whl (28 kB)
2026-01-19T23:55:14.8991700Z Using cached typing_extensions-4.15.0-py3-none-any.whl (44 kB)
2026-01-19T23:55:14.9003492Z Using cached websockets-15.0.1-cp311-cp311-manylinux_2_5_x86_64.manylinux1_x86_64.manylinux_2_17_x86_64.manylinux2014_x86_64.whl (182 kB)
2026-01-19T23:55:14.9015154Z Using cached termcolor-3.3.0-py3-none-any.whl (7.7 kB)
2026-01-19T23:55:14.9026814Z Using cached pyyaml-6.0.3-cp311-cp311-manylinux2014_x86_64.manylinux_2_17_x86_64.manylinux_2_28_x86_64.whl (806 kB)
2026-01-19T23:55:14.9042542Z Using cached opencv_python_headless-4.13.0.90-cp37-abi3-manylinux_2_28_x86_64.whl (62.5 MB)
2026-01-19T23:55:14.9353365Z Using cached numpy-2.4.1-cp311-cp311-manylinux_2_27_x86_64.manylinux_2_28_x86_64.whl (16.7 MB)
2026-01-19T23:55:14.9447452Z Using cached faker-40.1.2-py3-none-any.whl (2.0 MB)
2026-01-19T23:55:14.9470671Z Using cached annotated_types-0.7.0-py3-none-any.whl (13 kB)
2026-01-19T23:55:14.9480831Z Using cached certifi-2026.1.4-py3-none-any.whl (152 kB)
2026-01-19T23:55:14.9493038Z Using cached h11-0.16.0-py3-none-any.whl (37 kB)
2026-01-19T23:55:14.9504362Z Using cached pyasn1-0.6.2-py3-none-any.whl (83 kB)
2026-01-19T23:55:14.9517006Z Using cached pyasn1_modules-0.4.2-py3-none-any.whl (181 kB)
2026-01-19T23:55:14.9529920Z Using cached typing_inspection-0.4.2-py3-none-any.whl (14 kB)
2026-01-19T23:55:14.9542159Z Using cached sniffio-1.3.1-py3-none-any.whl (10 kB)
2026-01-19T23:55:15.1692852Z Installing collected packages: websockets, urllib3, typing-extensions, termcolor, tenacity, sniffio, PyYAML, python-dotenv, pyasn1, pillow, numpy, idna, h11, greenlet, faker, distro, charset_normalizer, certifi, annotated-types, typing-inspection, rsa, requests, pyee, pydantic-core, pyasn1-modules, opencv-python-headless, httpcore, anyio, pydantic, playwright, httpx, google-auth, google-genai
2026-01-19T23:55:21.0468841Z 
2026-01-19T23:55:21.0490358Z Successfully installed PyYAML-6.0.3 annotated-types-0.7.0 anyio-4.12.1 certifi-2026.1.4 charset_normalizer-3.4.4 distro-1.9.0 faker-40.1.2 google-auth-2.47.0 google-genai-1.59.0 greenlet-3.3.0 h11-0.16.0 httpcore-1.0.9 httpx-0.28.1 idna-3.11 numpy-2.4.1 opencv-python-headless-4.13.0.90 pillow-12.1.0 playwright-1.57.0 pyasn1-0.6.2 pyasn1-modules-0.4.2 pydantic-2.12.5 pydantic-core-2.41.5 pyee-13.0.0 python-dotenv-1.2.1 requests-2.32.5 rsa-4.9.1 sniffio-1.3.1 tenacity-9.1.2 termcolor-3.3.0 typing-extensions-4.15.0 typing-inspection-0.4.2 urllib3-2.6.3 websockets-15.0.1
2026-01-19T23:55:21.6310095Z Downloading Chromium 143.0.7499.4 (playwright build v1200) from https://cdn.playwright.dev/dbazure/download/playwright/builds/chromium/1200/chromium-linux.zip
2026-01-19T23:55:21.7213446Z (node:2227) [DEP0169] DeprecationWarning: `url.parse()` behavior is not standardized and prone to errors that have security implications. Use the WHATWG URL API instead. CVEs are not issued for `url.parse()` vulnerabilities.
2026-01-19T23:55:21.7215259Z (Use `node --trace-deprecation ...` to show where the warning was created)
2026-01-19T23:55:21.8860673Z |                                                                                |   0% of 164.7 MiB
2026-01-19T23:55:22.0212069Z |■■■■■■■■                                                                        |  10% of 164.7 MiB
2026-01-19T23:55:22.1645534Z |■■■■■■■■■■■■■■■■                                                                |  20% of 164.7 MiB
2026-01-19T23:55:22.2627048Z |■■■■■■■■■■■■■■■■■■■■■■■■                                                        |  30% of 164.7 MiB
2026-01-19T23:55:22.3363506Z |■■■■■■■■■■■■■■■■■■■■■■■■■■■■■■■■                                                |  40% of 164.7 MiB
2026-01-19T23:55:22.4148004Z |■■■■■■■■■■■■■■■■■■■■■■■■■■■■■■■■■■■■■■■■                                        |  50% of 164.7 MiB
2026-01-19T23:55:22.5254087Z |■■■■■■■■■■■■■■■■■■■■■■■■■■■■■■■■■■■■■■■■■■■■■■■■                                |  60% of 164.7 MiB
2026-01-19T23:55:22.6203637Z |■■■■■■■■■■■■■■■■■■■■■■■■■■■■■■■■■■■■■■■■■■■■■■■■■■■■■■■■                        |  70% of 164.7 MiB
2026-01-19T23:55:22.8751537Z |■■■■■■■■■■■■■■■■■■■■■■■■■■■■■■■■■■■■■■■■■■■■■■■■■■■■■■■■■■■■■■■■                |  80% of 164.7 MiB
2026-01-19T23:55:22.9800873Z |■■■■■■■■■■■■■■■■■■■■■■■■■■■■■■■■■■■■■■■■■■■■■■■■■■■■■■■■■■■■■■■■■■■■■■■■        |  90% of 164.7 MiB
2026-01-19T23:55:23.0535119Z |■■■■■■■■■■■■■■■■■■■■■■■■■■■■■■■■■■■■■■■■■■■■■■■■■■■■■■■■■■■■■■■■■■■■■■■■■■■■■■■■| 100% of 164.7 MiB
2026-01-19T23:55:25.2691360Z Chromium 143.0.7499.4 (playwright build v1200) downloaded to /home/runner/.cache/ms-playwright/chromium-1200
2026-01-19T23:55:25.2695195Z Downloading FFMPEG playwright build v1011 from https://cdn.playwright.dev/dbazure/download/playwright/builds/ffmpeg/1011/ffmpeg-linux.zip
2026-01-19T23:55:25.3603416Z (node:2238) [DEP0169] DeprecationWarning: `url.parse()` behavior is not standardized and prone to errors that have security implications. Use the WHATWG URL API instead. CVEs are not issued for `url.parse()` vulnerabilities.
2026-01-19T23:55:25.3604881Z (Use `node --trace-deprecation ...` to show where the warning was created)
2026-01-19T23:55:25.4663921Z |                                                                                |   0% of 2.3 MiB
2026-01-19T23:55:25.4858854Z |■■■■■■■■                                                                        |  10% of 2.3 MiB
2026-01-19T23:55:25.4934896Z |■■■■■■■■■■■■■■■■                                                                |  20% of 2.3 MiB
2026-01-19T23:55:25.4992405Z |■■■■■■■■■■■■■■■■■■■■■■■■                                                        |  30% of 2.3 MiB
2026-01-19T23:55:25.5016378Z |■■■■■■■■■■■■■■■■■■■■■■■■■■■■■■■■                                                |  40% of 2.3 MiB
2026-01-19T23:55:25.5057299Z |■■■■■■■■■■■■■■■■■■■■■■■■■■■■■■■■■■■■■■■■                                        |  50% of 2.3 MiB
2026-01-19T23:55:25.5079874Z |■■■■■■■■■■■■■■■■■■■■■■■■■■■■■■■■■■■■■■■■■■■■■■■■                                |  60% of 2.3 MiB
2026-01-19T23:55:25.5089357Z |■■■■■■■■■■■■■■■■■■■■■■■■■■■■■■■■■■■■■■■■■■■■■■■■■■■■■■■■                        |  70% of 2.3 MiB
2026-01-19T23:55:25.5098324Z |■■■■■■■■■■■■■■■■■■■■■■■■■■■■■■■■■■■■■■■■■■■■■■■■■■■■■■■■■■■■■■■■                |  80% of 2.3 MiB
2026-01-19T23:55:25.5144261Z |■■■■■■■■■■■■■■■■■■■■■■■■■■■■■■■■■■■■■■■■■■■■■■■■■■■■■■■■■■■■■■■■■■■■■■■■        |  90% of 2.3 MiB
2026-01-19T23:55:25.5156264Z |■■■■■■■■■■■■■■■■■■■■■■■■■■■■■■■■■■■■■■■■■■■■■■■■■■■■■■■■■■■■■■■■■■■■■■■■■■■■■■■■| 100% of 2.3 MiB
2026-01-19T23:55:25.5623115Z FFMPEG playwright build v1011 downloaded to /home/runner/.cache/ms-playwright/ffmpeg-1011
2026-01-19T23:55:25.5626195Z Downloading Chromium Headless Shell 143.0.7499.4 (playwright build v1200) from https://cdn.playwright.dev/dbazure/download/playwright/builds/chromium/1200/chromium-headless-shell-linux.zip
2026-01-19T23:55:25.6521382Z (node:2249) [DEP0169] DeprecationWarning: `url.parse()` behavior is not standardized and prone to errors that have security implications. Use the WHATWG URL API instead. CVEs are not issued for `url.parse()` vulnerabilities.
2026-01-19T23:55:25.6522520Z (Use `node --trace-deprecation ...` to show where the warning was created)
2026-01-19T23:55:25.8029114Z |                                                                                |   0% of 109.7 MiB
2026-01-19T23:55:25.9119295Z |■■■■■■■■                                                                        |  10% of 109.7 MiB
2026-01-19T23:55:25.9672501Z |■■■■■■■■■■■■■■■■                                                                |  20% of 109.7 MiB
2026-01-19T23:55:26.0164869Z |■■■■■■■■■■■■■■■■■■■■■■■■                                                        |  30% of 109.7 MiB
2026-01-19T23:55:26.0714617Z |■■■■■■■■■■■■■■■■■■■■■■■■■■■■■■■■                                                |  40% of 109.7 MiB
2026-01-19T23:55:26.1241110Z |■■■■■■■■■■■■■■■■■■■■■■■■■■■■■■■■■■■■■■■■                                        |  50% of 109.7 MiB
2026-01-19T23:55:26.1709838Z |■■■■■■■■■■■■■■■■■■■■■■■■■■■■■■■■■■■■■■■■■■■■■■■■                                |  60% of 109.7 MiB
2026-01-19T23:55:26.2209070Z |■■■■■■■■■■■■■■■■■■■■■■■■■■■■■■■■■■■■■■■■■■■■■■■■■■■■■■■■                        |  70% of 109.7 MiB
2026-01-19T23:55:26.2638860Z |■■■■■■■■■■■■■■■■■■■■■■■■■■■■■■■■■■■■■■■■■■■■■■■■■■■■■■■■■■■■■■■■                |  80% of 109.7 MiB
2026-01-19T23:55:26.3072784Z |■■■■■■■■■■■■■■■■■■■■■■■■■■■■■■■■■■■■■■■■■■■■■■■■■■■■■■■■■■■■■■■■■■■■■■■■        |  90% of 109.7 MiB
2026-01-19T23:55:26.3475709Z |■■■■■■■■■■■■■■■■■■■■■■■■■■■■■■■■■■■■■■■■■■■■■■■■■■■■■■■■■■■■■■■■■■■■■■■■■■■■■■■■| 100% of 109.7 MiB
2026-01-19T23:55:28.0144356Z Chromium Headless Shell 143.0.7499.4 (playwright build v1200) downloaded to /home/runner/.cache/ms-playwright/chromium_headless_shell-1200
2026-01-19T23:55:28.0328116Z ##[group]Run mkdir -p projects/ci_the_internet_forms
2026-01-19T23:55:28.0328530Z [36;1mmkdir -p projects/ci_the_internet_forms[0m
2026-01-19T23:55:28.0328892Z [36;1mcat > projects/ci_the_internet_forms/config.json << 'EOF'[0m
2026-01-19T23:55:28.0329200Z [36;1m{[0m
2026-01-19T23:55:28.0329411Z [36;1m  "project_name": "ci_the_internet_forms",[0m
2026-01-19T23:55:28.0329773Z [36;1m  "target_url": "https://the-internet.herokuapp.com/",[0m
2026-01-19T23:55:28.0330114Z [36;1m  "goal": "Test authentication and forms",[0m
2026-01-19T23:55:28.0330381Z [36;1m  "headless": true[0m
2026-01-19T23:55:28.0330591Z [36;1m}[0m
2026-01-19T23:55:28.0330760Z [36;1mEOF[0m
2026-01-19T23:55:28.0350941Z shell: /usr/bin/bash -e {0}
2026-01-19T23:55:28.0351187Z env:
2026-01-19T23:55:28.0351437Z   pythonLocation: /opt/hostedtoolcache/Python/3.11.14/x64
2026-01-19T23:55:28.0351836Z   PKG_CONFIG_PATH: /opt/hostedtoolcache/Python/3.11.14/x64/lib/pkgconfig
2026-01-19T23:55:28.0352355Z   Python_ROOT_DIR: /opt/hostedtoolcache/Python/3.11.14/x64
2026-01-19T23:55:28.0352721Z   Python2_ROOT_DIR: /opt/hostedtoolcache/Python/3.11.14/x64
2026-01-19T23:55:28.0353064Z   Python3_ROOT_DIR: /opt/hostedtoolcache/Python/3.11.14/x64
2026-01-19T23:55:28.0353422Z   LD_LIBRARY_PATH: /opt/hostedtoolcache/Python/3.11.14/x64/lib
2026-01-19T23:55:28.0353722Z ##[endgroup]
2026-01-19T23:55:28.0439387Z ##[group]Run # Use --deep for comprehensive regression suite
2026-01-19T23:55:28.0439810Z [36;1m# Use --deep for comprehensive regression suite[0m
2026-01-19T23:55:28.0440269Z [36;1mpython orchestrator.py --project projects/ci_the_internet_forms --deep --force[0m
2026-01-19T23:55:28.0458059Z shell: /usr/bin/bash -e {0}
2026-01-19T23:55:28.0458308Z env:
2026-01-19T23:55:28.0458570Z   pythonLocation: /opt/hostedtoolcache/Python/3.11.14/x64
2026-01-19T23:55:28.0458980Z   PKG_CONFIG_PATH: /opt/hostedtoolcache/Python/3.11.14/x64/lib/pkgconfig
2026-01-19T23:55:28.0459369Z   Python_ROOT_DIR: /opt/hostedtoolcache/Python/3.11.14/x64
2026-01-19T23:55:28.0459837Z   Python2_ROOT_DIR: /opt/hostedtoolcache/Python/3.11.14/x64
2026-01-19T23:55:28.0460187Z   Python3_ROOT_DIR: /opt/hostedtoolcache/Python/3.11.14/x64
2026-01-19T23:55:28.0460540Z   LD_LIBRARY_PATH: /opt/hostedtoolcache/Python/3.11.14/x64/lib
2026-01-19T23:55:28.0461041Z   GOOGLE_API_KEY: ***
2026-01-19T23:55:28.0461274Z   PYTHONPATH: .
2026-01-19T23:55:28.0461456Z ##[endgroup]
2026-01-19T23:55:29.6445026Z 🚀 [DEEP] Extensive mapping enabled (Depth: 3, Pages: 50)
2026-01-19T23:55:29.6445661Z 
2026-01-19T23:55:29.6446360Z 🗺️ [DISCOVERY] Starting Parallel Semantic Crawl on https://the-internet.herokuapp.com/ (Workers: 3)
2026-01-19T23:55:30.7269818Z   🔍 [Worker 0] Visiting (0): https://the-internet.herokuapp.com/
2026-01-19T23:55:32.2525009Z [DEBUG] Sending request to gemini-2.0-flash. Number of parts: 1
2026-01-19T23:55:32.2525766Z [DEBUG] Received response (Length: 139)
2026-01-19T23:55:32.2526768Z   🔍 [Worker 1] Visiting (1): https://the-internet.herokuapp.com/status_codes
2026-01-19T23:55:32.2532599Z   🔍 [Worker 2] Visiting (1): https://the-internet.herokuapp.com/download_secure
2026-01-19T23:55:32.2550600Z   🔍 [Worker 0] Visiting (1): https://the-internet.herokuapp.com/javascript_error
2026-01-19T23:55:37.2315150Z [DEBUG] Sending request to gemini-2.0-flash. Number of parts: 1
2026-01-19T23:55:37.2316733Z [DEBUG] Sending request to gemini-2.0-flash. Number of parts: 1
2026-01-19T23:55:37.2317446Z [DEBUG] Sending request to gemini-2.0-flash. Number of parts: 1
2026-01-19T23:55:37.2318000Z [DEBUG] Received response (Length: 157)
2026-01-19T23:55:37.2318975Z   🔍 [Worker 0] Visiting (1): https://the-internet.herokuapp.com/add_remove_elements
2026-01-19T23:55:37.2584518Z [DEBUG] Received response (Length: 141)
2026-01-19T23:55:37.2585767Z   🔍 [Worker 2] Visiting (1): https://the-internet.herokuapp.com/typos
2026-01-19T23:55:37.3393126Z [DEBUG] Received response (Length: 249)
2026-01-19T23:55:37.3399965Z   🔍 [Worker 1] Visiting (1): https://the-internet.herokuapp.com/entry_ad
2026-01-19T23:55:37.9622658Z [DEBUG] Sending request to gemini-2.0-flash. Number of parts: 1
2026-01-19T23:55:37.9623825Z [DEBUG] Received response (Length: 84)
2026-01-19T23:55:37.9624943Z   🔍 [Worker 0] Visiting (1): https://the-internet.herokuapp.com/forgot_password
2026-01-19T23:55:43.0628984Z [DEBUG] Sending request to gemini-2.0-flash. Number of parts: 1
2026-01-19T23:55:43.0629777Z [DEBUG] Sending request to gemini-2.0-flash. Number of parts: 1
2026-01-19T23:55:43.0631831Z [DEBUG] Sending request to gemini-2.0-flash. Number of parts: 1
2026-01-19T23:55:43.0632344Z [DEBUG] Received response (Length: 134)
2026-01-19T23:55:43.0633272Z   🔍 [Worker 2] Visiting (1): https://the-internet.herokuapp.com/drag_and_drop
2026-01-19T23:55:43.0924332Z [DEBUG] Received response (Length: 158)
2026-01-19T23:55:43.0926314Z   🔍 [Worker 1] Visiting (1): https://the-internet.herokuapp.com/dynamic_loading
2026-01-19T23:55:43.1671814Z [DEBUG] Received response (Length: 252)
2026-01-19T23:55:43.1674401Z   🔍 [Worker 0] Visiting (1): https://the-internet.herokuapp.com/hovers
2026-01-19T23:55:47.9311516Z [DEBUG] Sending request to gemini-2.0-flash. Number of parts: 1
2026-01-19T23:55:47.9313577Z [DEBUG] Sending request to gemini-2.0-flash. Number of parts: 1
2026-01-19T23:55:47.9314176Z [DEBUG] Sending request to gemini-2.0-flash. Number of parts: 1
2026-01-19T23:55:47.9315050Z [DEBUG] Received response (Length: 114)
2026-01-19T23:55:47.9316165Z   🔍 [Worker 2] Visiting (1): https://the-internet.herokuapp.com/frames
2026-01-19T23:55:48.0599832Z [DEBUG] Received response (Length: 192)
2026-01-19T23:55:48.0602532Z   🔍 [Worker 0] Visiting (1): https://the-internet.herokuapp.com/infinite_scroll
2026-01-19T23:55:48.3868344Z [DEBUG] Received response (Length: 201)
2026-01-19T23:55:48.3869734Z   🔍 [Worker 1] Visiting (1): https://the-internet.herokuapp.com/jqueryui/menu
2026-01-19T23:55:53.0037828Z [DEBUG] Sending request to gemini-2.0-flash. Number of parts: 1
2026-01-19T23:55:53.0041358Z [DEBUG] Sending request to gemini-2.0-flash. Number of parts: 1
2026-01-19T23:55:53.0042216Z [DEBUG] Sending request to gemini-2.0-flash. Number of parts: 1
2026-01-19T23:55:53.0042696Z [DEBUG] Received response (Length: 134)
2026-01-19T23:55:53.0043576Z   🔍 [Worker 2] Visiting (1): https://the-internet.herokuapp.com/floating_menu
2026-01-19T23:55:53.0542436Z [DEBUG] Received response (Length: 193)
2026-01-19T23:55:53.0543614Z   🔍 [Worker 0] Visiting (1): https://the-internet.herokuapp.com/basic_auth
2026-01-19T23:55:53.1562637Z [CACHE HIT] 7e32be55... (hits: 1, misses: 14)
2026-01-19T23:55:53.1563630Z   🔍 [Worker 0] Visiting (1): https://the-internet.herokuapp.com/checkboxes
2026-01-19T23:55:53.2088308Z [DEBUG] Received response (Length: 292)
2026-01-19T23:55:53.2095821Z   🔍 [Worker 1] Visiting (1): https://the-internet.herokuapp.com/upload
2026-01-19T23:55:58.0188123Z [DEBUG] Sending request to gemini-2.0-flash. Number of parts: 1
2026-01-19T23:55:58.0188762Z [DEBUG] Sending request to gemini-2.0-flash. Number of parts: 1
2026-01-19T23:55:58.0189290Z [DEBUG] Sending request to gemini-2.0-flash. Number of parts: 1
2026-01-19T23:55:58.0189781Z [DEBUG] Received response (Length: 180)
2026-01-19T23:55:58.0190633Z   🔍 [Worker 1] Visiting (1): https://the-internet.herokuapp.com/tinymce
2026-01-19T23:55:58.0949952Z [DEBUG] Received response (Length: 200)
2026-01-19T23:55:58.0951363Z   🔍 [Worker 0] Visiting (1): https://the-internet.herokuapp.com/login
2026-01-19T23:55:58.4078557Z [DEBUG] Received response (Length: 379)
2026-01-19T23:55:58.4082292Z   🔍 [Worker 2] Visiting (1): https://the-internet.herokuapp.com/download
2026-01-19T23:56:03.0244276Z [DEBUG] Sending request to gemini-2.0-flash. Number of parts: 1
2026-01-19T23:56:03.0246346Z [DEBUG] Sending request to gemini-2.0-flash. Number of parts: 1
2026-01-19T23:56:03.0247015Z [DEBUG] Sending request to gemini-2.0-flash. Number of parts: 1
2026-01-19T23:56:03.0247493Z [DEBUG] Received response (Length: 182)
2026-01-19T23:56:03.0248326Z   🔍 [Worker 0] Visiting (1): https://the-internet.herokuapp.com/tables
2026-01-19T23:56:03.0783346Z [DEBUG] Received response (Length: 146)
2026-01-19T23:56:03.0784394Z   🔍 [Worker 1] Visiting (1): https://the-internet.herokuapp.com/disappearing_elements
2026-01-19T23:56:03.1825828Z [DEBUG] Received response (Length: 238)
2026-01-19T23:56:03.1828188Z   🔍 [Worker 2] Visiting (1): https://the-internet.herokuapp.com/inputs
2026-01-19T23:56:07.9418757Z [DEBUG] Sending request to gemini-2.0-flash. Number of parts: 1
2026-01-19T23:56:07.9422952Z [DEBUG] Sending request to gemini-2.0-flash. Number of parts: 1
2026-01-19T23:56:07.9423588Z [DEBUG] Sending request to gemini-2.0-flash. Number of parts: 1
2026-01-19T23:56:07.9424176Z [DEBUG] Received response (Length: 84)
2026-01-19T23:56:07.9425063Z   🔍 [Worker 2] Visiting (1): https://the-internet.herokuapp.com/large
2026-01-19T23:56:08.2175321Z [DEBUG] Received response (Length: 349)
2026-01-19T23:56:08.2176078Z [DEBUG] Sending request to gemini-2.0-flash. Number of parts: 1
2026-01-19T23:56:08.2177116Z   🔍 [Worker 0] Visiting (1): https://the-internet.herokuapp.com/geolocation
2026-01-19T23:56:08.4429455Z [DEBUG] Received response (Length: 215)
2026-01-19T23:56:08.4430545Z   🔍 [Worker 1] Visiting (1): https://the-internet.herokuapp.com/redirector
2026-01-19T23:56:08.9626643Z [DEBUG] Received response (Length: 271)
2026-01-19T23:56:08.9628611Z   🔍 [Worker 2] Visiting (1): https://the-internet.herokuapp.com/javascript_alerts
2026-01-19T23:56:13.8066217Z [DEBUG] Sending request to gemini-2.0-flash. Number of parts: 1
2026-01-19T23:56:13.8068859Z [DEBUG] Sending request to gemini-2.0-flash. Number of parts: 1
2026-01-19T23:56:13.8069621Z [DEBUG] Sending request to gemini-2.0-flash. Number of parts: 1
2026-01-19T23:56:13.8070374Z [DEBUG] Received response (Length: 138)
2026-01-19T23:56:13.8071344Z   🔍 [Worker 0] Visiting (1): https://the-internet.herokuapp.com/horizontal_slider
2026-01-19T23:56:14.0013169Z [DEBUG] Received response (Length: 305)
2026-01-19T23:56:14.0014404Z   🔍 [Worker 2] Visiting (1): https://the-internet.herokuapp.com/dropdown
2026-01-19T23:56:14.0277620Z [DEBUG] Received response (Length: 280)
2026-01-19T23:56:14.0278650Z   🔍 [Worker 1] Visiting (1): https://the-internet.herokuapp.com/dynamic_content
2026-01-19T23:56:18.8598633Z [DEBUG] Sending request to gemini-2.0-flash. Number of parts: 1
2026-01-19T23:56:18.8599644Z [DEBUG] Sending request to gemini-2.0-flash. Number of parts: 1
2026-01-19T23:56:18.8600831Z [DEBUG] Sending request to gemini-2.0-flash. Number of parts: 1
2026-01-19T23:56:18.8601605Z [DEBUG] Received response (Length: 152)
2026-01-19T23:56:18.8602737Z   🔍 [Worker 2] Visiting (1): https://the-internet.herokuapp.com/windows
2026-01-19T23:56:18.8851342Z [DEBUG] Received response (Length: 184)
2026-01-19T23:56:18.8853125Z   🔍 [Worker 1] Visiting (1): https://the-internet.herokuapp.com/dynamic_controls
2026-01-19T23:56:18.9336545Z [DEBUG] Received response (Length: 157)
2026-01-19T23:56:18.9337498Z   🔍 [Worker 0] Visiting (1): https://the-internet.herokuapp.com/shadowdom
2026-01-19T23:56:19.7578313Z [DEBUG] Sending request to gemini-2.0-flash. Number of parts: 1
2026-01-19T23:56:19.7578914Z [DEBUG] Received response (Length: 150)
2026-01-19T23:56:19.7579777Z   🔍 [Worker 2] Visiting (1): https://the-internet.herokuapp.com/abtest
2026-01-19T23:56:24.6629092Z [DEBUG] Sending request to gemini-2.0-flash. Number of parts: 1
2026-01-19T23:56:24.6631292Z [DEBUG] Sending request to gemini-2.0-flash. Number of parts: 1
2026-01-19T23:56:24.6632149Z [DEBUG] Sending request to gemini-2.0-flash. Number of parts: 1
2026-01-19T23:56:24.6633433Z [DEBUG] Received response (Length: 83)
2026-01-19T23:56:24.6634455Z   🔍 [Worker 0] Visiting (1): https://the-internet.herokuapp.com/notification_message
2026-01-19T23:56:24.7615321Z [DEBUG] Received response (Length: 238)
2026-01-19T23:56:24.7617558Z   🔍 [Worker 1] Visiting (1): https://the-internet.herokuapp.com/key_presses
2026-01-19T23:56:24.7943572Z [DEBUG] Received response (Length: 264)
2026-01-19T23:56:24.7944683Z   🔍 [Worker 2] Visiting (1): https://the-internet.herokuapp.com/context_menu
2026-01-19T23:56:29.7137411Z [DEBUG] Sending request to gemini-2.0-flash. Number of parts: 1
2026-01-19T23:56:29.7147848Z [DEBUG] Sending request to gemini-2.0-flash. Number of parts: 1
2026-01-19T23:56:29.7150687Z [DEBUG] Sending request to gemini-2.0-flash. Number of parts: 1
2026-01-19T23:56:29.7151266Z [DEBUG] Received response (Length: 140)
2026-01-19T23:56:29.7152172Z   🔍 [Worker 0] Visiting (1): https://the-internet.herokuapp.com/broken_images
2026-01-19T23:56:29.7686011Z [DEBUG] Received response (Length: 189)
2026-01-19T23:56:29.7686978Z   🔍 [Worker 2] Visiting (1): https://the-internet.herokuapp.com/challenging_dom
2026-01-19T23:56:30.0092406Z [DEBUG] Received response (Length: 280)
2026-01-19T23:56:30.0094323Z   🔍 [Worker 1] Visiting (1): https://the-internet.herokuapp.com/slow
2026-01-19T23:56:34.5743468Z [DEBUG] Sending request to gemini-2.0-flash. Number of parts: 1
2026-01-19T23:56:34.5744141Z [DEBUG] Sending request to gemini-2.0-flash. Number of parts: 1
2026-01-19T23:56:34.5744727Z [DEBUG] Sending request to gemini-2.0-flash. Number of parts: 1
2026-01-19T23:56:34.5745243Z [DEBUG] Received response (Length: 95)
2026-01-19T23:56:34.5746392Z   🔍 [Worker 0] Visiting (1): https://the-internet.herokuapp.com/nested_frames
2026-01-19T23:56:34.7321394Z [DEBUG] Received response (Length: 217)
2026-01-19T23:56:34.7323519Z   🔍 [Worker 1] Visiting (1): https://the-internet.herokuapp.com/shifting_content
2026-01-19T23:56:34.9398311Z [DEBUG] Received response (Length: 293)
2026-01-19T23:56:34.9400345Z   🔍 [Worker 2] Visiting (1): https://the-internet.herokuapp.com/digest_auth
2026-01-19T23:56:39.7826818Z [DEBUG] Sending request to gemini-2.0-flash. Number of parts: 1
2026-01-19T23:56:39.7827743Z [DEBUG] Sending request to gemini-2.0-flash. Number of parts: 1
2026-01-19T23:56:39.7829745Z [DEBUG] Sending request to gemini-2.0-flash. Number of parts: 1
2026-01-19T23:56:39.7836520Z [DEBUG] Received response (Length: 143)
2026-01-19T23:56:39.7837560Z   🔍 [Worker 0] Visiting (1): https://the-internet.herokuapp.com/exit_intent
2026-01-19T23:56:39.8575092Z [DEBUG] Received response (Length: 250)
2026-01-19T23:56:39.8577975Z   🔍 [Worker 2] Visiting (2): https://the-internet.herokuapp.com/status_codes/500
2026-01-19T23:56:39.8883584Z [DEBUG] Received response (Length: 320)
2026-01-19T23:56:39.8884578Z   🔍 [Worker 1] Visiting (2): https://the-internet.herokuapp.com/status_codes/200
2026-01-19T23:56:44.7259834Z [DEBUG] Sending request to gemini-2.0-flash. Number of parts: 1
2026-01-19T23:56:44.7260922Z [DEBUG] Sending request to gemini-2.0-flash. Number of parts: 1
2026-01-19T23:56:44.7261962Z [DEBUG] Sending request to gemini-2.0-flash. Number of parts: 1
2026-01-19T23:56:44.7262562Z [DEBUG] Received response (Length: 153)
2026-01-19T23:56:44.7263476Z   🔍 [Worker 2] Visiting (2): https://the-internet.herokuapp.com/status_codes/404
2026-01-19T23:56:44.7517940Z [DEBUG] Received response (Length: 163)
2026-01-19T23:56:44.7518942Z   🔍 [Worker 1] Visiting (2): https://the-internet.herokuapp.com/status_codes/301
2026-01-19T23:56:44.7742498Z [DEBUG] Received response (Length: 189)
2026-01-19T23:56:44.7743700Z   🔍 [Worker 0] Visiting (2): https://the-internet.herokuapp.com/users/3
2026-01-19T23:56:44.8845709Z [CACHE HIT] 6f347a5c... (hits: 2, misses: 46)
2026-01-19T23:56:44.8858863Z   🔍 [Worker 0] Visiting (2): https://the-internet.herokuapp.com/users/1
2026-01-19T23:56:44.9936562Z [CACHE HIT] 6f347a5c... (hits: 3, misses: 48)
2026-01-19T23:56:44.9937622Z   🔍 [Worker 0] Visiting (2): https://the-internet.herokuapp.com/users/2
2026-01-19T23:56:49.7455802Z [CACHE HIT] 6f347a5c... (hits: 4, misses: 48)
2026-01-19T23:56:49.7456405Z [DEBUG] Sending request to gemini-2.0-flash. Number of parts: 1
2026-01-19T23:56:49.7457192Z [DEBUG] Sending request to gemini-2.0-flash. Number of parts: 1
2026-01-19T23:56:49.7457729Z [DEBUG] Received response (Length: 167)
2026-01-19T23:56:49.7458126Z [DEBUG] Received response (Length: 202)
2026-01-19T23:56:49.7458792Z ✅ Discovery Complete. Mapped 50 pages.
2026-01-19T23:57:00.7610113Z 
2026-01-19T23:57:00.7610922Z [PLAN] PLANNER: Planning goal -> 'Test authentication and forms' (Deep Mode: True)
2026-01-19T23:57:00.7611746Z 🗺️ [PLAN] Loaded Sitemap with 50 pages.
2026-01-19T23:57:00.7612221Z 📊 [KNOWLEDGE] Page types: ['homepage', 'unknown', 'login']
2026-01-19T23:57:00.7612649Z 🔄 [KNOWLEDGE] Flows: 0, Forms: 6
2026-01-19T23:57:00.7613604Z 🎭 [EXPERT] Detected Domain: GENERAL. Persona: Act as Senior SDET focusing on exploring the application to understand functional flow and identifying critical paths for end-to-end automation
2026-01-19T23:57:00.7614468Z [DEBUG] Sending request to gemini-2.0-flash. Number of parts: 1
2026-01-19T23:57:00.7614834Z [DEBUG] Received response (Length: 4126)
2026-01-19T23:57:00.7615212Z ✅ Planner generated 4 scenarios. Workflow updated.
2026-01-19T23:57:01.6774111Z 
2026-01-19T23:57:01.6775110Z 🕵️ [DEEP EXPLORER] Starting Multi-Scenario Exploration
2026-01-19T23:57:01.6776028Z 📋 Found 4 scenarios to explore.
2026-01-19T23:57:02.0006531Z 
2026-01-19T23:57:02.0006922Z [1/4] Exploring Scenario: Successful Login
2026-01-19T23:57:02.0007871Z     🧠 Initialized exploration context for goal: 'Verify successful login with valid credentials.'
2026-01-19T23:57:02.0008449Z     🎯 Scenario: Successful Login
2026-01-19T23:57:02.0008795Z   ▶️ [STEP step_1] NAVIGATE: 
2026-01-19T23:57:03.2548250Z     ✅ Navigated to https://the-internet.herokuapp.com/
2026-01-19T23:57:03.2549180Z   ▶️ [STEP step_2] CLICK: Form Authentication
2026-01-19T23:57:03.2720443Z     🔍 Mining locators for: 'Form Authentication'
2026-01-19T23:57:03.3658445Z     ✅ Found 2 verified locators
2026-01-19T23:57:06.9471398Z     ✅ State transitioned.
2026-01-19T23:57:08.7293105Z [DEBUG] Sending request to gemini-2.0-flash. Number of parts: 2
2026-01-19T23:57:08.7293877Z [DEBUG] Received response (Length: 220)
2026-01-19T23:57:08.7294619Z     🤖 AI Next Step Suggestion: fill -> Username
2026-01-19T23:57:08.7295207Z     🧩 Suggested Locator: #username
2026-01-19T23:57:08.7296586Z     💭 Reasoning: The page requires username and password. Filling the username field with the provided username 'tomsmith'.
2026-01-19T23:57:08.7297637Z     ➕ Injected AI step: fill -> Username
2026-01-19T23:57:08.7297995Z   ▶️ [STEP step_2_ai_1] FILL: Username
2026-01-19T23:57:08.7444846Z     🎯 Using AI-provided locator: #username
2026-01-19T23:57:08.7512208Z     ✅ Found 1 verified locators
2026-01-19T23:57:14.6488138Z     ✅ State transitioned.
2026-01-19T23:57:16.3838147Z [DEBUG] Sending request to gemini-2.0-flash. Number of parts: 2
2026-01-19T23:57:16.3838891Z [DEBUG] Received response (Length: 208)
2026-01-19T23:57:16.3839743Z     🤖 AI Next Step Suggestion: fill -> Password
2026-01-19T23:57:16.3840370Z     🧩 Suggested Locator: #password
2026-01-19T23:57:16.3841492Z     💭 Reasoning: The username has been filled. Now filling the password field to complete the form.
2026-01-19T23:57:16.3842617Z     ➕ Injected AI step: fill -> Password
2026-01-19T23:57:16.3843310Z   ▶️ [STEP step_2_ai_2] FILL: Password
2026-01-19T23:57:16.3897815Z     🎯 Using AI-provided locator: #password
2026-01-19T23:57:16.3954333Z     ✅ Found 1 verified locators
2026-01-19T23:57:24.4757879Z     ✅ State transitioned.
2026-01-19T23:59:13.1698201Z [DEBUG] Sending request to gemini-2.0-flash. Number of parts: 2
2026-01-19T23:59:13.1701017Z [DEBUG] LLM Error: 429 RESOURCE_EXHAUSTED. {'error': {'code': 429, 'message': 'Resource exhausted. Please try again later. Please refer to https://cloud.google.com/vertex-ai/generative-ai/docs/error-code-429 for more details.', 'status': 'RESOURCE_EXHAUSTED'}}
2026-01-19T23:59:13.1702432Z ⚠️ 429 Rate Limit Hit. Cooling down for 60s...
2026-01-19T23:59:13.1702853Z [DEBUG] Sending request to gemini-2.0-flash. Number of parts: 2
2026-01-19T23:59:13.1703244Z [DEBUG] Received response (Length: 199)
2026-01-19T23:59:13.1703640Z     🤖 AI Next Step Suggestion: click -> Login
2026-01-19T23:59:13.1704013Z     🧩 Suggested Locator: button
2026-01-19T23:59:13.1704726Z     💭 Reasoning: The username and password fields have been filled. Clicking the 'Login' button is the next step to attempt login.
2026-01-19T23:59:13.1705593Z     ➕ Injected AI step: click -> Login
2026-01-19T23:59:13.1706095Z   ▶️ [STEP step_2_ai_3] CLICK: Login
2026-01-19T23:59:13.1764298Z     🎯 Using AI-provided locator: button
2026-01-19T23:59:13.1825699Z     ✅ Found 1 verified locators
2026-01-19T23:59:17.2328081Z     ✅ State transitioned.
2026-01-19T23:59:18.8140393Z [DEBUG] Sending request to gemini-2.0-flash. Number of parts: 2
2026-01-19T23:59:18.8140772Z [DEBUG] Received response (Length: 232)
2026-01-19T23:59:18.8141288Z     🤖 AI Next Step Suggestion: click -> Logout
2026-01-19T23:59:18.8143291Z     🧩 Suggested Locator: a[href="/logout"]
2026-01-19T23:59:18.8145015Z     💭 Reasoning: Now that we've successfully logged in, we should test the logout functionality to ensure the user can properly exit the secure area.
2026-01-19T23:59:18.8146587Z     ➕ Injected AI step: click -> Logout
2026-01-19T23:59:18.8147175Z   ▶️ [STEP step_2_ai_4] CLICK: Logout
2026-01-19T23:59:18.8292907Z     🎯 Using AI-provided locator: a[href="/logout"]
2026-01-19T23:59:18.8358048Z     ✅ Found 1 verified locators
2026-01-19T23:59:22.8877979Z     ✅ State transitioned.
2026-01-19T23:59:24.3797023Z [DEBUG] Sending request to gemini-2.0-flash. Number of parts: 2
2026-01-19T23:59:24.3797687Z [DEBUG] Received response (Length: 197)
2026-01-19T23:59:24.3798704Z     🤖 AI Next Step Suggestion: click -> Login
2026-01-19T23:59:24.3799096Z     🧩 Suggested Locator: button
2026-01-19T23:59:24.3799810Z     💭 Reasoning: The username and password fields have been filled. Clicking the Login button is the next step to attempt login.
2026-01-19T23:59:24.3800481Z     ➕ Injected AI step: click -> Login
2026-01-19T23:59:24.3800855Z   ▶️ [STEP step_2_ai_5] CLICK: Login
2026-01-19T23:59:24.3948700Z     🎯 Using AI-provided locator: button
2026-01-19T23:59:24.4006961Z     ✅ Found 1 verified locators
2026-01-19T23:59:28.4529105Z     ✅ State transitioned.
2026-01-19T23:59:29.9469514Z [DEBUG] Sending request to gemini-2.0-flash. Number of parts: 2
2026-01-19T23:59:29.9470623Z [DEBUG] Received response (Length: 211)
2026-01-19T23:59:29.9471464Z     🤖 AI Next Step Suggestion: click -> Login
2026-01-19T23:59:29.9472088Z     🧩 Suggested Locator: button
2026-01-19T23:59:29.9473566Z     💭 Reasoning: After filling the username and password fields, the next logical step is to click the Login button to attempt authentication.
2026-01-19T23:59:29.9475326Z     🔄 Same AI suggestion but state changed (URL or DOM). Resetting loop counter.
2026-01-19T23:59:29.9476784Z     ⚠️ Skipping duplicate AI suggestion (just executed): ('click', 'login')
2026-01-19T23:59:29.9477703Z   ▶️ [STEP step_3] ASSERT_URL: 
2026-01-19T23:59:34.9712002Z     ⚠️ Scroll into view failed for text=None. Proceeding anyway.
2026-01-19T23:59:36.9732963Z     ✅ State transitioned.
2026-01-19T23:59:38.6998148Z [DEBUG] Sending request to gemini-2.0-flash. Number of parts: 2
2026-01-19T23:59:38.6998903Z [DEBUG] Received response (Length: 237)
2026-01-19T23:59:38.6999781Z     🤖 AI Next Step Suggestion: fill -> Username
2026-01-19T23:59:38.7000425Z     🧩 Suggested Locator: #username
2026-01-19T23:59:38.7001918Z     💭 Reasoning: The page indicates tomsmith is the correct username. Filling the username field is necessary to attempt a successful login.
2026-01-19T23:59:38.7003388Z     ➕ Injected AI step: fill -> Username
2026-01-19T23:59:38.7004090Z     ⚡ PARALLEL MODE: Batching 3 fill steps
2026-01-19T23:59:38.7004796Z     ⚡ Batch mining 3 fields in parallel...
2026-01-19T23:59:38.7266518Z     ✅ Batch mined 'Username' (6 locators)
2026-01-19T23:59:38.7269279Z     ✅ Batch mined 'username' (6 locators)
2026-01-19T23:59:38.7269892Z     ✅ Batch mined 'password' (5 locators)
2026-01-19T23:59:38.7270456Z     ✅ Batch mined 3/3 steps successfully
2026-01-19T23:59:38.7271019Z   ▶️ [STEP step_6] CLICK: Login
2026-01-19T23:59:38.7321594Z     🔍 Mining locators for: 'Login'
2026-01-19T23:59:38.7742308Z     ✅ Found 2 verified locators
2026-01-19T23:59:42.3504455Z     ✅ State transitioned.
2026-01-19T23:59:42.3567993Z     🔄 Revisited state detected (count: 1)
2026-01-19T23:59:43.9470675Z [DEBUG] Sending request to gemini-2.0-flash. Number of parts: 2
2026-01-19T23:59:43.9471314Z [DEBUG] Received response (Length: 255)
2026-01-19T23:59:43.9471953Z     🤖 AI Next Step Suggestion: fill -> Username
2026-01-19T23:59:43.9472510Z     🧩 Suggested Locator: #username
2026-01-19T23:59:43.9473246Z     💭 Reasoning: The page requires username and password. The username field is empty. Filling it with the valid username 'tomsmith' as suggested by the page.
2026-01-19T23:59:43.9474071Z ⚠️ Loop detected: same AI suggestion repeated 2 times without state change. Moving to next step.
2026-01-19T23:59:43.9474608Z   ▶️ [STEP step_7] ASSERT_VISIBLE: You logged into a secure area!
2026-01-19T23:59:43.9607701Z     🔍 Mining locators for: 'You logged into a secure area!'
2026-01-19T23:59:43.9924200Z     🧠 Consulting AI (Vision-First) to find 'You logged into a secure area!'...
2026-01-19T23:59:43.9953550Z     🔍 Trying smart selectors for 'You logged into a secure area!'...
2026-01-19T23:59:44.1067298Z     🔍 [SMART] Searching for: 'You logged into a secure area!' (trying 15+ strategies)
2026-01-19T23:59:44.1067997Z     ⚠️ Smart selectors failed (no unique match). Falling back to AI Vision...
2026-01-19T23:59:44.1069084Z     🧠 [EXPERT] Strategy: Act as Senior SDET focusing on exploring the application to understand functional flow and identifying critical paths for end-to-end automation.
2026-01-19T23:59:48.8937071Z [DEBUG] Sending request to gemini-2.0-flash. Number of parts: 2
2026-01-19T23:59:48.8937599Z [DEBUG] Received response (Length: 360)
2026-01-19T23:59:48.8938178Z     ⚠️ Skipping duplicate injection: Login
2026-01-19T23:59:48.8938671Z     🔄 Retry 1/3 mining locators for 'You logged into a secure area!'...
2026-01-19T23:59:49.9288498Z     🧠 Consulting AI (Vision-First) to find 'You logged into a secure area!'...
2026-01-19T23:59:49.9289503Z     🔍 Trying smart selectors for 'You logged into a secure area!'...
2026-01-19T23:59:50.0333387Z     🔍 [SMART] Searching for: 'You logged into a secure area!' (trying 15+ strategies)
2026-01-19T23:59:50.0334380Z     ⚠️ Smart selectors failed (no unique match). Falling back to AI Vision...
2026-01-19T23:59:50.0335670Z     🧠 [EXPERT] Strategy: Act as Senior SDET focusing on exploring the application to understand functional flow and identifying critical paths for end-to-end automation.
2026-01-19T23:59:50.0338698Z [CACHE HIT] 5443e9bb... (hits: 1, misses: 10)
2026-01-19T23:59:50.0339219Z     ⚠️ Skipping duplicate injection: Login
2026-01-19T23:59:50.0339624Z     🔄 Retry 2/3 mining locators for 'You logged into a secure area!'...
2026-01-19T23:59:51.0351382Z     🗑️ Invalidating stale AI cache (retry 2)...
2026-01-19T23:59:51.0771022Z     🧠 Consulting AI (Vision-First) to find 'You logged into a secure area!'...
2026-01-19T23:59:51.0771929Z     🔍 Trying smart selectors for 'You logged into a secure area!'...
2026-01-19T23:59:51.1787931Z     🔍 [SMART] Searching for: 'You logged into a secure area!' (trying 15+ strategies)
2026-01-19T23:59:51.1788964Z     ⚠️ Smart selectors failed (no unique match). Falling back to AI Vision...
2026-01-19T23:59:51.1789898Z     🧠 [EXPERT] Strategy: Act as Senior SDET focusing on exploring the application to understand functional flow and identifying critical paths for end-to-end automation.
2026-01-19T23:59:51.1792202Z [CACHE HIT] 5443e9bb... (hits: 2, misses: 10)
2026-01-19T23:59:51.1792747Z     ⚠️ Skipping duplicate injection: Login
2026-01-19T23:59:51.1793581Z     🧠 Verifying step validity for 'You logged into a secure area!' after no candidates found...
2026-01-19T23:59:53.8228210Z [DEBUG] Sending request to gemini-2.0-flash. Number of parts: 2
2026-01-19T23:59:53.8228723Z [DEBUG] Received response (Length: 318)
2026-01-19T23:59:53.8230332Z     🗑️ Step deemed INVALID: The message "You logged into a secure area!" is not present on the page. The page shows an error message "Your username is invalid!", indicating that the login was unsuccessful. Therefore, it's not logical to look for the success message at this point.. Removing from workflow.
2026-01-19T23:59:53.8231773Z     ⏭️ Skipping execution of invalid step: You logged into a secure area!
2026-01-19T23:59:55.8649098Z 
2026-01-19T23:59:55.8649521Z [2/4] Exploring Scenario: Failed Login
2026-01-19T23:59:55.8650650Z     🧠 Initialized exploration context for goal: 'Verify failed login with invalid credentials.'
2026-01-19T23:59:55.8651440Z     🎯 Scenario: Failed Login
2026-01-19T23:59:55.8651723Z   ▶️ [STEP step_1] NAVIGATE: 
2026-01-19T23:59:57.0820512Z     ✅ Navigated to https://the-internet.herokuapp.com/
2026-01-19T23:59:57.0821061Z   ▶️ [STEP step_2] CLICK: Form Authentication
2026-01-19T23:59:57.0979665Z     🔍 Mining locators for: 'Form Authentication'
2026-01-19T23:59:57.1568231Z     ✅ Found 2 verified locators
2026-01-20T00:00:00.7372806Z     ✅ State transitioned.
2026-01-20T00:00:02.1895716Z [DEBUG] Sending request to gemini-2.0-flash. Number of parts: 2
2026-01-20T00:00:02.1896435Z [DEBUG] Received response (Length: 248)
2026-01-20T00:00:02.1897260Z     🤖 AI Next Step Suggestion: fill -> Username
2026-01-20T00:00:02.1897844Z     🧩 Suggested Locator: #username
2026-01-20T00:00:02.1899409Z     💭 Reasoning: The goal is to verify failed login with invalid credentials. Filling the username field with an invalid username is the next step.
2026-01-20T00:00:02.1900662Z     ➕ Injected AI step: fill -> Username
2026-01-20T00:00:02.1901246Z   ▶️ [STEP step_2_ai_1] FILL: Username
2026-01-20T00:00:02.2040164Z     🎯 Using AI-provided locator: #username
2026-01-20T00:00:02.2097335Z     ✅ Found 1 verified locators
2026-01-20T00:00:08.4070837Z     ✅ State transitioned.
2026-01-20T00:00:09.7179931Z [DEBUG] Sending request to gemini-2.0-flash. Number of parts: 2
2026-01-20T00:00:09.7180533Z [DEBUG] Received response (Length: 200)
2026-01-20T00:00:09.7181195Z     🤖 AI Next Step Suggestion: fill -> Password
2026-01-20T00:00:09.7181518Z     🧩 Suggested Locator: #password
2026-01-20T00:00:09.7181989Z     💭 Reasoning: Need to fill the password field with an invalid password to test failed login.
2026-01-20T00:00:09.7182692Z     ➕ Injected AI step: fill -> Password
2026-01-20T00:00:09.7182995Z   ▶️ [STEP step_2_ai_2] FILL: Password
2026-01-20T00:00:09.7236793Z     🎯 Using AI-provided locator: #password
2026-01-20T00:00:09.7290704Z     ✅ Found 1 verified locators
2026-01-20T00:00:16.1047914Z     ✅ State transitioned.
2026-01-20T00:00:17.6183640Z [DEBUG] Sending request to gemini-2.0-flash. Number of parts: 2
2026-01-20T00:00:17.6184407Z [DEBUG] Received response (Length: 249)
2026-01-20T00:00:17.6185270Z     🤖 AI Next Step Suggestion: click -> Login
2026-01-20T00:00:17.6186038Z     🧩 Suggested Locator: button
2026-01-20T00:00:17.6187885Z     💭 Reasoning: Now that the username and password fields have been filled with invalid credentials, click the Login button to submit the form and verify the failed login attempt.
2026-01-20T00:00:17.6189661Z     ➕ Injected AI step: click -> Login
2026-01-20T00:00:17.6190351Z   ▶️ [STEP step_2_ai_3] CLICK: Login
2026-01-20T00:00:17.6254702Z     🎯 Using AI-provided locator: button
2026-01-20T00:00:17.6315001Z     ✅ Found 1 verified locators
2026-01-20T00:00:21.6842403Z     ✅ State transitioned.
2026-01-20T00:00:23.4351254Z [DEBUG] Sending request to gemini-2.0-flash. Number of parts: 2
2026-01-20T00:00:23.4352028Z [DEBUG] Received response (Length: 292)
2026-01-20T00:00:23.4352930Z     🤖 AI Next Step Suggestion: fill -> Username
2026-01-20T00:00:23.4353534Z     🧩 Suggested Locator: #username
2026-01-20T00:00:23.4355748Z     💭 Reasoning: The previous attempt to log in failed. The page description suggests using 'tomsmith' as the username. Filling the username field with the correct value is the next logical step.
2026-01-20T00:00:23.4357317Z     ➕ Injected AI step: fill -> Username
2026-01-20T00:00:23.4357904Z   ▶️ [STEP step_2_ai_4] FILL: Username
2026-01-20T00:00:23.4488992Z     🎯 Using AI-provided locator: #username
2026-01-20T00:00:23.4542648Z     ✅ Found 1 verified locators
2026-01-20T00:00:29.6390654Z     ✅ State transitioned.
2026-01-20T00:00:31.3848422Z [DEBUG] Sending request to gemini-2.0-flash. Number of parts: 2
2026-01-20T00:00:31.3848832Z [DEBUG] Received response (Length: 235)
2026-01-20T00:00:31.3849458Z     🤖 AI Next Step Suggestion: fill -> Password
2026-01-20T00:00:31.3849818Z     🧩 Suggested Locator: #password
2026-01-20T00:00:31.3850419Z     💭 Reasoning: The username field has been filled. Now filling the password field to attempt login with invalid credentials.
2026-01-20T00:00:31.3850962Z     ➕ Injected AI step: fill -> Password
2026-01-20T00:00:31.3851264Z   ▶️ [STEP step_2_ai_5] FILL: Password
2026-01-20T00:00:31.3908918Z     🎯 Using AI-provided locator: #password
2026-01-20T00:00:31.3963886Z     ✅ Found 1 verified locators
2026-01-20T00:00:38.8291571Z     ✅ State transitioned.
2026-01-20T00:00:40.2230107Z [DEBUG] Sending request to gemini-2.0-flash. Number of parts: 2
2026-01-20T00:00:40.2230709Z [DEBUG] Received response (Length: 235)
2026-01-20T00:00:40.2231744Z     🤖 AI Next Step Suggestion: click -> Login
2026-01-20T00:00:40.2232332Z     🧩 Suggested Locator: button
2026-01-20T00:00:40.2233775Z     💭 Reasoning: After filling the username and password fields, the next logical step is to click the 'Login' button to submit the credentials and attempt to log in.
2026-01-20T00:00:40.2235273Z     ➕ Injected AI step: click -> Login
2026-01-20T00:00:40.2236018Z   ▶️ [STEP step_2_ai_6] CLICK: Login
2026-01-20T00:00:40.2293905Z     🎯 Using AI-provided locator: button
2026-01-20T00:00:40.2351059Z     ✅ Found 1 verified locators
2026-01-20T00:00:44.2973512Z     ✅ State transitioned.
2026-01-20T00:00:45.8082644Z [DEBUG] Sending request to gemini-2.0-flash. Number of parts: 2
2026-01-20T00:00:45.8083235Z [DEBUG] Received response (Length: 253)
2026-01-20T00:00:45.8083905Z     🤖 AI Next Step Suggestion: click -> Logout
2026-01-20T00:00:45.8084673Z     💭 Reasoning: The goal was to test authentication and forms. We have successfully logged in (as evidenced by being on the secure page). Now we should test logging out.
2026-01-20T00:00:45.8085513Z     ➕ Injected AI step: click -> Logout
2026-01-20T00:00:45.8085832Z   ▶️ [STEP step_2_ai_7] CLICK: Logout
2026-01-20T00:00:45.8228940Z     🔍 Mining locators for: 'Logout'
2026-01-20T00:00:45.8614802Z     ✅ Found 3 verified locators
2026-01-20T00:00:49.4180014Z     ✅ State transitioned.
2026-01-20T00:00:51.0618123Z [DEBUG] Sending request to gemini-2.0-flash. Number of parts: 2
2026-01-20T00:00:51.0618886Z [DEBUG] Received response (Length: 188)
2026-01-20T00:00:51.0619683Z     🤖 AI Next Step Suggestion: fill -> Username
2026-01-20T00:00:51.0620360Z     🧩 Suggested Locator: #username
2026-01-20T00:00:51.0621294Z     💭 Reasoning: To verify failed login, fill the username field with invalid data.
2026-01-20T00:00:51.0622125Z     ➕ Injected AI step: fill -> Username
2026-01-20T00:00:51.0622699Z   ▶️ [STEP step_2_ai_8] FILL: Username
2026-01-20T00:00:51.0755907Z     🎯 Using AI-provided locator: #username
2026-01-20T00:00:51.0808996Z     ✅ Found 1 verified locators
2026-01-20T00:00:57.1400789Z     ✅ State transitioned.
2026-01-20T00:00:58.9491998Z [DEBUG] Sending request to gemini-2.0-flash. Number of parts: 2
2026-01-20T00:00:58.9492750Z [DEBUG] Received response (Length: 202)
2026-01-20T00:00:58.9493628Z     🤖 AI Next Step Suggestion: fill -> Password
2026-01-20T00:00:58.9494243Z     🧩 Suggested Locator: #password
2026-01-20T00:00:58.9494956Z     💭 Reasoning: Need to fill the password field with invalid credentials to verify failed login.
2026-01-20T00:00:58.9495551Z     ➕ Injected AI step: fill -> Password
2026-01-20T00:00:58.9495858Z   ▶️ [STEP step_2_ai_9] FILL: Password
2026-01-20T00:00:58.9552079Z     🎯 Using AI-provided locator: #password
2026-01-20T00:00:58.9610199Z     ✅ Found 1 verified locators
2026-01-20T00:01:05.9228165Z     ✅ State transitioned.
2026-01-20T00:01:07.6846636Z [DEBUG] Sending request to gemini-2.0-flash. Number of parts: 2
2026-01-20T00:01:07.6847408Z [DEBUG] Received response (Length: 274)
2026-01-20T00:01:07.6848276Z     🤖 AI Next Step Suggestion: click -> Login
2026-01-20T00:01:07.6848957Z     🧩 Suggested Locator: button
2026-01-20T00:01:07.6851087Z     💭 Reasoning: The username and password fields have been filled with invalid credentials. Clicking the 'Login' button will submit the form and should result in a failed login attempt, which is the goal.
2026-01-20T00:01:07.6852858Z     ➕ Injected AI step: click -> Login
2026-01-20T00:01:07.6853427Z   ▶️ [STEP step_2_ai_10] CLICK: Login
2026-01-20T00:01:07.6912562Z     🎯 Using AI-provided locator: button
2026-01-20T00:01:07.6966239Z     ✅ Found 1 verified locators
2026-01-20T00:01:11.7450999Z     ✅ State transitioned.
2026-01-20T00:01:11.7515207Z     🔄 Revisited state detected (count: 1)
2026-01-20T00:01:13.2058556Z [DEBUG] Sending request to gemini-2.0-flash. Number of parts: 2
2026-01-20T00:01:13.2060663Z [DEBUG] Received response (Length: 344)
2026-01-20T00:01:13.2061347Z     🤖 AI Next Step Suggestion: fill -> Username
2026-01-20T00:01:13.2061811Z     🧩 Suggested Locator: #username
2026-01-20T00:01:13.2063526Z     💭 Reasoning: The goal is to verify failed login with invalid credentials. The last action was clicking login, which likely resulted in an error message. Now, filling the username field with a valid username 'tomsmith' as suggested on the page.
2026-01-20T00:01:13.2064683Z     ➕ Injected AI step: fill -> Username
2026-01-20T00:01:13.2065000Z   ▶️ [STEP step_2_ai_11] FILL: Username
2026-01-20T00:01:13.2207812Z     🎯 Using AI-provided locator: #username
2026-01-20T00:01:13.2262251Z     ✅ Found 1 verified locators
2026-01-20T00:01:19.3916867Z     ✅ State transitioned.
2026-01-20T00:01:19.3963257Z     🔄 Revisited state detected (count: 2)
2026-01-20T00:01:20.7946778Z [DEBUG] Sending request to gemini-2.0-flash. Number of parts: 2
2026-01-20T00:01:20.7947518Z [DEBUG] Received response (Length: 191)
2026-01-20T00:01:20.7948332Z     🤖 AI Next Step Suggestion: CLICK -> Login
2026-01-20T00:01:20.7948795Z     🧩 Suggested Locator: button
2026-01-20T00:01:20.7949541Z     💭 Reasoning: The form is complete, so clicking the login button is the next step to submit the form and attempt login.
2026-01-20T00:01:20.7950148Z     ➕ Injected AI step: CLICK -> Login
2026-01-20T00:01:20.7950449Z   ▶️ [STEP step_2_ai_12] CLICK: Login
2026-01-20T00:01:20.8006228Z     🎯 Using AI-provided locator: button
2026-01-20T00:01:20.8056403Z     ✅ Found 1 verified locators
2026-01-20T00:01:23.8298171Z     ✅ State transitioned.
2026-01-20T00:01:25.7730717Z [DEBUG] Sending request to gemini-2.0-flash. Number of parts: 2
2026-01-20T00:01:25.7731122Z [DEBUG] Received response (Length: 241)
2026-01-20T00:01:25.7731796Z     🤖 AI Next Step Suggestion: FILL -> Password
2026-01-20T00:01:25.7732141Z     🧩 Suggested Locator: #password
2026-01-20T00:01:25.7732738Z     💭 Reasoning: The username field has been filled, now filling the password field with an invalid password to verify failed login.
2026-01-20T00:01:25.7733301Z     ➕ Injected AI step: FILL -> Password
2026-01-20T00:01:25.7733638Z   ▶️ [STEP step_2_ai_13] FILL: Password
2026-01-20T00:01:25.7788940Z     🎯 Using AI-provided locator: #password
2026-01-20T00:01:25.7842692Z     ✅ Found 1 verified locators
2026-01-20T00:01:28.8128023Z     ✅ State transitioned.
2026-01-20T00:01:28.8174276Z     🔄 Revisited state detected (count: 1)
2026-01-20T00:01:31.0886229Z [DEBUG] Sending request to gemini-2.0-flash. Number of parts: 2
2026-01-20T00:01:31.0886824Z [DEBUG] Received response (Length: 348)
2026-01-20T00:01:31.0887527Z     🤖 AI Next Step Suggestion: FILL -> Username
2026-01-20T00:01:31.0887931Z     🧩 Suggested Locator: #username
2026-01-20T00:01:31.0888954Z     💭 Reasoning: The goal is to verify failed login with invalid credentials. The username field needs to be filled with the correct username as a prerequisite for testing invalid credentials. The OCR text indicates the correct username is 'tomsmith'.
2026-01-20T00:01:31.0889883Z     ➕ Injected AI step: FILL -> Username
2026-01-20T00:01:31.0890186Z   ▶️ [STEP step_2_ai_14] FILL: Username
2026-01-20T00:01:31.0945305Z     🎯 Using AI-provided locator: #username
2026-01-20T00:01:31.1001639Z     ✅ Found 1 verified locators
2026-01-20T00:01:34.1291998Z     ✅ State transitioned.
2026-01-20T00:01:34.1337393Z     🔄 Revisited state detected (count: 2)
2026-01-20T00:01:35.7410318Z [DEBUG] Sending request to gemini-2.0-flash. Number of parts: 2
2026-01-20T00:01:35.7411077Z [DEBUG] Received response (Length: 199)
2026-01-20T00:01:35.7411894Z     🤖 AI Next Step Suggestion: click -> Login
2026-01-20T00:01:35.7412539Z     🧩 Suggested Locator: button
2026-01-20T00:01:35.7413878Z     💭 Reasoning: The form is complete, so clicking the login button is the next logical step to submit the form and attempt login.
2026-01-20T00:01:35.7415232Z     ➕ Injected AI step: click -> Login
2026-01-20T00:01:35.7416137Z   ▶️ [STEP step_2_ai_15] CLICK: Login
2026-01-20T00:01:35.7471748Z     🎯 Using AI-provided locator: button
2026-01-20T00:01:35.7523160Z     ✅ Found 1 verified locators
2026-01-20T00:01:39.8002858Z     ✅ State transitioned.
2026-01-20T00:01:41.4383471Z [DEBUG] Sending request to gemini-2.0-flash. Number of parts: 2
2026-01-20T00:01:41.4384194Z [DEBUG] Received response (Length: 219)
2026-01-20T00:01:41.4384925Z     🤖 AI Next Step Suggestion: fill -> Password
2026-01-20T00:01:41.4385323Z     🧩 Suggested Locator: #password
2026-01-20T00:01:41.4388323Z     💭 Reasoning: To verify failed login with invalid credentials, fill the password field with an invalid password.
2026-01-20T00:01:41.4389404Z     ➕ Injected AI step: fill -> Password
2026-01-20T00:01:41.4389944Z   ▶️ [STEP step_2_ai_16] FILL: Password
2026-01-20T00:01:41.4527014Z     🎯 Using AI-provided locator: #password
2026-01-20T00:01:41.4583921Z     ✅ Found 1 verified locators
2026-01-20T00:01:47.4302068Z     ✅ State transitioned.
2026-01-20T00:01:49.4129948Z [DEBUG] Sending request to gemini-2.0-flash. Number of parts: 2
2026-01-20T00:01:49.4130588Z [DEBUG] Received response (Length: 318)
2026-01-20T00:01:49.4131322Z     🤖 AI Next Step Suggestion: FILL -> Username
2026-01-20T00:01:49.4131890Z     🧩 Suggested Locator: #username
2026-01-20T00:01:49.4133340Z     💭 Reasoning: The goal is to verify failed login with invalid credentials. The previous actions filled the password field. Now, filling the username field with a valid username (tomsmith) as suggested in the page text.
2026-01-20T00:01:49.4134163Z     ➕ Injected AI step: FILL -> Username
2026-01-20T00:01:49.4134465Z   ▶️ [STEP step_2_ai_17] FILL: Username
2026-01-20T00:01:49.4187868Z     🎯 Using AI-provided locator: #username
2026-01-20T00:01:49.4240238Z     ✅ Found 1 verified locators
2026-01-20T00:01:52.4442989Z     ✅ State transitioned.
2026-01-20T00:01:52.4488047Z     🔄 Revisited state detected (count: 1)
2026-01-20T00:01:53.9520217Z [DEBUG] Sending request to gemini-2.0-flash. Number of parts: 2
2026-01-20T00:01:53.9520838Z [DEBUG] Received response (Length: 250)
2026-01-20T00:01:53.9521558Z     🤖 AI Next Step Suggestion: click -> Login
2026-01-20T00:01:53.9522077Z     🧩 Suggested Locator: button
2026-01-20T00:01:53.9522825Z     💭 Reasoning: After filling the username and password fields, the next logical step is to click the Login button to submit the credentials and attempt to log in.
2026-01-20T00:01:53.9523470Z     ➕ Injected AI step: click -> Login
2026-01-20T00:01:53.9523789Z   ▶️ [STEP step_2_ai_18] CLICK: Login
2026-01-20T00:01:53.9577574Z     🎯 Using AI-provided locator: button
2026-01-20T00:01:53.9633932Z     ✅ Found 1 verified locators
2026-01-20T00:01:58.0104464Z     ✅ State transitioned.
2026-01-20T00:01:58.0167993Z     🔄 Revisited state detected (count: 2)
2026-01-20T00:01:59.6062278Z [DEBUG] Sending request to gemini-2.0-flash. Number of parts: 2
2026-01-20T00:01:59.6062841Z [DEBUG] Received response (Length: 204)
2026-01-20T00:01:59.6063413Z     🤖 AI Next Step Suggestion: click -> Login
2026-01-20T00:01:59.6063792Z     🧩 Suggested Locator: button
2026-01-20T00:01:59.6064533Z     💭 Reasoning: The form is complete, and the login button is visible. Clicking it will submit the form with the provided credentials.
2026-01-20T00:01:59.6065664Z ⚠️ Loop detected: same AI suggestion repeated 2 times without state change. Moving to next step.
2026-01-20T00:01:59.6066213Z   ▶️ [STEP step_3] ASSERT_URL: 
2026-01-20T00:02:04.6214512Z     ⚠️ Scroll into view failed for text=None. Proceeding anyway.
2026-01-20T00:02:06.6236613Z     ✅ State transitioned.
2026-01-20T00:02:08.0494354Z [DEBUG] Sending request to gemini-2.0-flash. Number of parts: 2
2026-01-20T00:02:08.0494974Z [DEBUG] Received response (Length: 160)
2026-01-20T00:02:08.0495824Z     🤖 AI Next Step Suggestion: done -> N/A
2026-01-20T00:02:08.0496808Z     💭 Reasoning: The last action was ASSERT_URL, which means the test has already verified the failed login. The goal has been achieved.
2026-01-20T00:02:08.0497376Z     ⚡ PARALLEL MODE: Batching 2 fill steps
2026-01-20T00:02:08.0497675Z     ⚡ Batch mining 2 fields in parallel...
2026-01-20T00:02:08.0878375Z     ✅ Batch mined 'username' (6 locators)
2026-01-20T00:02:08.0879261Z     ✅ Batch mined 'password' (5 locators)
2026-01-20T00:02:08.0879780Z     ✅ Batch mined 2/2 steps successfully
2026-01-20T00:02:08.0880263Z   ▶️ [STEP step_6] CLICK: Login
2026-01-20T00:02:08.0928645Z     🔍 Mining locators for: 'Login'
2026-01-20T00:02:08.1346361Z     ✅ Found 2 verified locators
2026-01-20T00:02:11.7118078Z     ✅ State transitioned.
2026-01-20T00:02:11.7180590Z     🔄 Revisited state detected (count: 1)
2026-01-20T00:02:13.0424552Z [DEBUG] Sending request to gemini-2.0-flash. Number of parts: 2
2026-01-20T00:02:13.0425154Z [DEBUG] Received response (Length: 256)
2026-01-20T00:02:13.0425858Z     🤖 AI Next Step Suggestion: done -> N/A
2026-01-20T00:02:13.0426852Z     💭 Reasoning: The goal is to verify failed login with invalid credentials. The last actions were filling username and password with invalid credentials and clicking login. The page shows an error message, so the goal is achieved.
2026-01-20T00:02:13.0427805Z   ▶️ [STEP step_7] ASSERT_VISIBLE: Your username is invalid!
2026-01-20T00:02:13.0570438Z     🔍 Mining locators for: 'Your username is invalid!'
2026-01-20T00:02:13.0870475Z     🧠 Consulting AI (Vision-First) to find 'Your username is invalid!'...
2026-01-20T00:02:13.0871093Z     🔍 Trying smart selectors for 'Your username is invalid!'...
2026-01-20T00:02:13.1536126Z     🔍 [SMART] Searching for: 'Your username is invalid!' (trying 15+ strategies)
2026-01-20T00:02:13.1536762Z     ✅ Smart selector found 'Your username is invalid!' via fuzzy-token (confidence: 0.75)
2026-01-20T00:02:13.1573474Z     ✅ Found 1 verified locators
2026-01-20T00:02:16.1932497Z     ✅ State transitioned.
2026-01-20T00:02:16.1978977Z     🔄 Revisited state detected (count: 2)
2026-01-20T00:02:18.2499831Z [DEBUG] Sending request to gemini-2.0-flash. Number of parts: 2
2026-01-20T00:02:18.2500408Z [DEBUG] Received response (Length: 254)
2026-01-20T00:02:18.2501116Z     🤖 AI Next Step Suggestion: fill -> Password
2026-01-20T00:02:18.2501457Z     🧩 Suggested Locator: #password
2026-01-20T00:02:18.2502186Z     💭 Reasoning: The previous attempt failed due to an invalid username. Now, let's try an invalid password with a valid username to verify the error message.
2026-01-20T00:02:18.2502810Z     ➕ Injected AI step: fill -> Password
2026-01-20T00:02:18.2503114Z   ▶️ [STEP step_7_ai_1] FILL: Password
2026-01-20T00:02:18.2563516Z     🎯 Using AI-provided locator: #password
2026-01-20T00:02:18.2613285Z     ✅ Found 1 verified locators
2026-01-20T00:02:23.8573000Z     ✅ State transitioned.
2026-01-20T00:02:25.5658960Z [DEBUG] Sending request to gemini-2.0-flash. Number of parts: 2
2026-01-20T00:02:25.5659703Z [DEBUG] Received response (Length: 188)
2026-01-20T00:02:25.5660473Z     🤖 AI Next Step Suggestion: fill -> Username
2026-01-20T00:02:25.5660811Z     🧩 Suggested Locator: #username
2026-01-20T00:02:25.5661249Z     💭 Reasoning: To test failed login, fill the username field with an invalid username.
2026-01-20T00:02:25.5661678Z     ➕ Injected AI step: fill -> Username
2026-01-20T00:02:25.5661986Z   ▶️ [STEP step_7_ai_2] FILL: Username
2026-01-20T00:02:25.5716560Z     🎯 Using AI-provided locator: #username
2026-01-20T00:02:25.5769080Z     ✅ Found 1 verified locators
2026-01-20T00:02:32.0443460Z     ✅ State transitioned.
2026-01-20T00:02:33.9375002Z [DEBUG] Sending request to gemini-2.0-flash. Number of parts: 2
2026-01-20T00:02:33.9378613Z [DEBUG] Received response (Length: 284)
2026-01-20T00:02:33.9379417Z     🤖 AI Next Step Suggestion: click -> Login
2026-01-20T00:02:33.9379737Z     🧩 Suggested Locator: button
2026-01-20T00:02:33.9380573Z     💭 Reasoning: After filling the username and password fields with invalid credentials, the next logical step is to click the 'Login' button to submit the form and verify the failed login attempt.
2026-01-20T00:02:33.9381315Z     ➕ Injected AI step: click -> Login
2026-01-20T00:02:33.9381636Z   ▶️ [STEP step_7_ai_3] CLICK: Login
2026-01-20T00:02:33.9431643Z     🎯 Using AI-provided locator: button
2026-01-20T00:02:33.9491353Z     ✅ Found 1 verified locators
2026-01-20T00:02:37.9920609Z     ✅ State transitioned.
2026-01-20T00:02:37.9985142Z     🔄 Revisited state detected (count: 1)
2026-01-20T00:02:39.5243422Z [DEBUG] Sending request to gemini-2.0-flash. Number of parts: 2
2026-01-20T00:02:39.5243843Z [DEBUG] Received response (Length: 307)
2026-01-20T00:02:39.5244677Z     🤖 AI Next Step Suggestion: fill -> Username
2026-01-20T00:02:39.5245048Z     🧩 Suggested Locator: #username
2026-01-20T00:02:39.5246063Z     💭 Reasoning: The previous attempt to login failed with an invalid username. The page description suggests 'tomsmith' as a valid username. Filling the username field with this value is the next logical step.
2026-01-20T00:02:39.5246860Z     ➕ Injected AI step: fill -> Username
2026-01-20T00:02:39.5247176Z   ▶️ [STEP step_7_ai_4] FILL: Username
2026-01-20T00:02:39.5388848Z     🎯 Using AI-provided locator: #username
2026-01-20T00:02:39.5444555Z     ✅ Found 1 verified locators
2026-01-20T00:02:45.4498998Z     ✅ State transitioned.
2026-01-20T00:02:45.4544690Z     🔄 Revisited state detected (count: 2)
2026-01-20T00:02:46.8507301Z [DEBUG] Sending request to gemini-2.0-flash. Number of parts: 2
2026-01-20T00:02:46.8508022Z [DEBUG] Received response (Length: 201)
2026-01-20T00:02:46.8508763Z     🤖 AI Next Step Suggestion: click -> Login
2026-01-20T00:02:46.8509169Z     🧩 Suggested Locator: button
2026-01-20T00:02:46.8509931Z     💭 Reasoning: The form is complete, and the last action was filling the password. Now, click the login button to submit the form.
2026-01-20T00:02:46.8510565Z     ➕ Injected AI step: click -> Login
2026-01-20T00:02:46.8510863Z   ▶️ [STEP step_7_ai_5] CLICK: Login
2026-01-20T00:02:46.8569783Z     🎯 Using AI-provided locator: button
2026-01-20T00:02:46.8619912Z     ✅ Found 1 verified locators
2026-01-20T00:02:50.9247642Z     ✅ State transitioned.
2026-01-20T00:02:50.9313371Z     🔄 Revisited state detected (count: 3)
2026-01-20T00:02:50.9313913Z     ⚠️ Too many revisits (3). Stopping AI step injection to prevent loops.
2026-01-20T00:02:52.9615226Z 
2026-01-20T00:02:52.9616432Z [3/4] Exploring Scenario: Forgot Password
2026-01-20T00:02:52.9618313Z     🧠 Initialized exploration context for goal: 'Verify the 'Forgot Password' functionality.'
2026-01-20T00:02:52.9619212Z     🎯 Scenario: Forgot Password
2026-01-20T00:02:52.9619741Z   ▶️ [STEP step_1] NAVIGATE: 
2026-01-20T00:02:54.2029071Z     ✅ Navigated to https://the-internet.herokuapp.com/
2026-01-20T00:02:54.2029907Z   ▶️ [STEP step_2] CLICK: Forgot Password
2026-01-20T00:02:54.2181477Z     🔍 Mining locators for: 'Forgot Password'
2026-01-20T00:02:54.2714846Z     ✅ Found 2 verified locators
2026-01-20T00:02:57.8322911Z     ✅ State transitioned.
2026-01-20T00:02:59.5244655Z [DEBUG] Sending request to gemini-2.0-flash. Number of parts: 2
2026-01-20T00:02:59.5245295Z [DEBUG] Received response (Length: 226)
2026-01-20T00:02:59.5246303Z     🤖 AI Next Step Suggestion: fill -> E-mail
2026-01-20T00:02:59.5246926Z     🧩 Suggested Locator: #email
2026-01-20T00:02:59.5247667Z     💭 Reasoning: The 'Forgot Password' page requires an email to be entered. Filling the email field is the next logical step.
2026-01-20T00:02:59.5248356Z     ➕ Injected AI step: fill -> E-mail
2026-01-20T00:02:59.5248720Z   ▶️ [STEP step_2_ai_1] FILL: E-mail
2026-01-20T00:02:59.5390868Z     🎯 Using AI-provided locator: #email
2026-01-20T00:02:59.5455020Z     ✅ Found 1 verified locators
2026-01-20T00:03:06.2210787Z     ✅ State transitioned.
2026-01-20T00:03:07.5529147Z [DEBUG] Sending request to gemini-2.0-flash. Number of parts: 2
2026-01-20T00:03:07.5529828Z [DEBUG] Received response (Length: 201)
2026-01-20T00:03:07.5530451Z     🤖 AI Next Step Suggestion: click -> Retrieve password
2026-01-20T00:03:07.5530870Z     🧩 Suggested Locator: #form_submit
2026-01-20T00:03:07.5531502Z     💭 Reasoning: The email field has been filled, so the next step is to submit the form to retrieve the password.
2026-01-20T00:03:07.5532147Z     ➕ Injected AI step: click -> Retrieve password
2026-01-20T00:03:07.5532567Z   ▶️ [STEP step_2_ai_2] CLICK: Retrieve password
2026-01-20T00:03:07.5584197Z     🎯 Using AI-provided locator: #form_submit
2026-01-20T00:03:07.5637825Z     ✅ Found 1 verified locators
2026-01-20T00:03:11.6090289Z     ✅ State transitioned.
2026-01-20T00:03:13.1187783Z [DEBUG] Sending request to gemini-2.0-flash. Number of parts: 2
2026-01-20T00:03:13.1188453Z [DEBUG] Received response (Length: 272)
2026-01-20T00:03:13.1188939Z     🤖 AI Next Step Suggestion: done -> N/A
2026-01-20T00:03:13.1189998Z     💭 Reasoning: The page shows an 'Internal Server Error', indicating a problem on the server-side. There are no interactive elements available to continue testing the 'Forgot Password' functionality. The goal is unlikely to be achieved from here.
2026-01-20T00:03:13.1190925Z   ▶️ [STEP step_3] ASSERT_URL: 
2026-01-20T00:03:18.1417760Z     ⚠️ Scroll into view failed for text=None. Proceeding anyway.
2026-01-20T00:03:20.1439376Z     ✅ State transitioned.
2026-01-20T00:03:21.6730263Z [DEBUG] Sending request to gemini-2.0-flash. Number of parts: 2
2026-01-20T00:03:21.6730832Z [DEBUG] Received response (Length: 309)
2026-01-20T00:03:21.6731387Z     🤖 AI Next Step Suggestion: done -> N/A
2026-01-20T00:03:21.6732846Z     💭 Reasoning: The page shows an 'Internal Server Error', indicating a problem on the server-side. There are no interactive elements available to continue testing the 'Forgot Password' functionality from this page. Further actions are not possible until the server error is resolved.
2026-01-20T00:03:21.6734127Z   ▶️ [STEP step_4] FILL: email
2026-01-20T00:03:21.6788555Z     🔍 Mining locators for: 'email'
2026-01-20T00:03:21.6990089Z     🧠 Consulting AI (Vision-First) to find 'email'...
2026-01-20T00:03:21.6990494Z     🔍 Trying smart selectors for 'email'...
2026-01-20T00:03:21.7746930Z     🔍 [SMART] Searching for: 'email' (trying 15+ strategies)
2026-01-20T00:03:21.7747845Z     ⚠️ Smart selectors failed (no unique match). Falling back to AI Vision...
2026-01-20T00:03:21.7749360Z     🧠 [EXPERT] Strategy: Act as Senior SDET focusing on exploring the application to understand functional flow and identifying critical paths for end-to-end automation.
2026-01-20T00:03:26.7436001Z [DEBUG] Sending request to gemini-2.0-flash. Number of parts: 2
2026-01-20T00:03:26.7436606Z [DEBUG] Received response (Length: 218)
2026-01-20T00:03:26.7437806Z     💡 Expert Suggestion: The page displays an error. An email field is likely found on the Sign In page.
2026-01-20T00:03:26.7438516Z     🛠️ Executing corrective action: click -> 'Sign In'
2026-01-20T00:03:26.7708378Z     🔄 Retry 1/3 mining locators for 'email'...
2026-01-20T00:03:27.7918880Z     🧠 Consulting AI (Vision-First) to find 'email'...
2026-01-20T00:03:27.7919304Z     🔍 Trying smart selectors for 'email'...
2026-01-20T00:03:27.8658087Z     🔍 [SMART] Searching for: 'email' (trying 15+ strategies)
2026-01-20T00:03:27.8659617Z     ⚠️ Smart selectors failed (no unique match). Falling back to AI Vision...
2026-01-20T00:03:27.8660897Z     🧠 [EXPERT] Strategy: Act as Senior SDET focusing on exploring the application to understand functional flow and identifying critical paths for end-to-end automation.
2026-01-20T00:03:27.8662120Z [CACHE HIT] a1dd01bf... (hits: 3, misses: 42)
2026-01-20T00:03:27.8662618Z     ⚠️ Skipping duplicate injection: Sign In
2026-01-20T00:03:27.8662954Z     🔄 Retry 2/3 mining locators for 'email'...
2026-01-20T00:03:28.8676381Z     🗑️ Invalidating stale AI cache (retry 2)...
2026-01-20T00:03:28.8881333Z     🧠 Consulting AI (Vision-First) to find 'email'...
2026-01-20T00:03:28.8882040Z     🔍 Trying smart selectors for 'email'...
2026-01-20T00:03:28.9590029Z     🔍 [SMART] Searching for: 'email' (trying 15+ strategies)
2026-01-20T00:03:28.9590655Z     ⚠️ Smart selectors failed (no unique match). Falling back to AI Vision...
2026-01-20T00:03:28.9591499Z     🧠 [EXPERT] Strategy: Act as Senior SDET focusing on exploring the application to understand functional flow and identifying critical paths for end-to-end automation.
2026-01-20T00:03:28.9594584Z [CACHE HIT] a1dd01bf... (hits: 4, misses: 42)
2026-01-20T00:03:28.9595521Z     ⚠️ Skipping duplicate injection: Sign In
2026-01-20T00:03:28.9595980Z     🧠 Verifying step validity for 'email' after no candidates found...
2026-01-20T00:03:31.2871839Z [DEBUG] Sending request to gemini-2.0-flash. Number of parts: 2
2026-01-20T00:03:31.2872644Z [DEBUG] Received response (Length: 176)
2026-01-20T00:03:31.2874577Z     🗑️ Step deemed INVALID: The page shows an 'Internal Server Error'. The email field is not present because the page did not load correctly.. Removing from workflow.
2026-01-20T00:03:31.2876477Z     ⏭️ Skipping execution of invalid step: email
2026-01-20T00:03:31.2877247Z   ▶️ [STEP step_5] CLICK: Retrieve password
2026-01-20T00:03:31.2933744Z     🔍 Mining locators for: 'Retrieve password'
2026-01-20T00:03:31.3155236Z     🧠 Consulting AI (Vision-First) to find 'Retrieve password'...
2026-01-20T00:03:31.3156235Z     🔍 Trying smart selectors for 'Retrieve password'...
2026-01-20T00:03:31.3980673Z     🔍 [SMART] Searching for: 'Retrieve password' (trying 15+ strategies)
2026-01-20T00:03:31.3981387Z     ⚠️ Smart selectors failed (no unique match). Falling back to AI Vision...
2026-01-20T00:03:31.3982266Z     🧠 [EXPERT] Strategy: Act as Senior SDET focusing on exploring the application to understand functional flow and identifying critical paths for end-to-end automation.
2026-01-20T00:03:36.5742858Z [DEBUG] Sending request to gemini-2.0-flash. Number of parts: 2
2026-01-20T00:03:36.5743660Z [DEBUG] Received response (Length: 247)
2026-01-20T00:03:36.5745325Z     💡 Expert Suggestion: The page displays an internal server error. Navigate to the login page to find the 'Retrieve password' option.
2026-01-20T00:03:36.5747064Z     🛠️ Executing corrective action: click -> 'Login'
2026-01-20T00:03:36.5993546Z     🔄 Retry 1/3 mining locators for 'Retrieve password'...
2026-01-20T00:03:37.6204648Z     🧠 Consulting AI (Vision-First) to find 'Retrieve password'...
2026-01-20T00:03:37.6205144Z     🔍 Trying smart selectors for 'Retrieve password'...
2026-01-20T00:03:37.7023566Z     🔍 [SMART] Searching for: 'Retrieve password' (trying 15+ strategies)
2026-01-20T00:03:37.7024484Z     ⚠️ Smart selectors failed (no unique match). Falling back to AI Vision...
2026-01-20T00:03:37.7025711Z     🧠 [EXPERT] Strategy: Act as Senior SDET focusing on exploring the application to understand functional flow and identifying critical paths for end-to-end automation.
2026-01-20T00:03:37.7027310Z [CACHE HIT] 5135adcb... (hits: 5, misses: 44)
2026-01-20T00:03:37.7027856Z     ⚠️ Skipping duplicate injection: Login
2026-01-20T00:03:37.7028486Z     🔄 Retry 2/3 mining locators for 'Retrieve password'...
2026-01-20T00:03:38.7042131Z     🗑️ Invalidating stale AI cache (retry 2)...
2026-01-20T00:03:38.7247475Z     🧠 Consulting AI (Vision-First) to find 'Retrieve password'...
2026-01-20T00:03:38.7248257Z     🔍 Trying smart selectors for 'Retrieve password'...
2026-01-20T00:03:38.8089071Z     🔍 [SMART] Searching for: 'Retrieve password' (trying 15+ strategies)
2026-01-20T00:03:38.8090043Z     ⚠️ Smart selectors failed (no unique match). Falling back to AI Vision...
2026-01-20T00:03:38.8091012Z     🧠 [EXPERT] Strategy: Act as Senior SDET focusing on exploring the application to understand functional flow and identifying critical paths for end-to-end automation.
2026-01-20T00:03:38.8096334Z [CACHE HIT] 5135adcb... (hits: 6, misses: 44)
2026-01-20T00:03:38.8096902Z     ⚠️ Skipping duplicate injection: Login
2026-01-20T00:03:38.8097674Z     🧠 Verifying step validity for 'Retrieve password' after no candidates found...
2026-01-20T00:03:41.3520594Z [DEBUG] Sending request to gemini-2.0-flash. Number of parts: 2
2026-01-20T00:03:41.3521335Z [DEBUG] Received response (Length: 182)
2026-01-20T00:03:41.3522897Z     🗑️ Step deemed INVALID: The screenshot shows an 'Internal Server Error' page. The 'Retrieve password' element is not present on this error page.. Removing from workflow.
2026-01-20T00:03:41.3523802Z     ⏭️ Skipping execution of invalid step: Retrieve password
2026-01-20T00:03:41.3524596Z   ▶️ [STEP step_6] ASSERT_VISIBLE: Your e-mail's been sent!
2026-01-20T00:03:41.3575682Z     🔍 Mining locators for: 'Your e-mail's been sent!'
2026-01-20T00:03:41.3811931Z     🧠 Consulting AI (Vision-First) to find 'Your e-mail's been sent!'...
2026-01-20T00:03:41.3812490Z     🔍 Trying smart selectors for 'Your e-mail's been sent!'...
2026-01-20T00:03:41.4051193Z     🔍 [SMART] Searching for: 'Your e-mail's been sent!' (trying 15+ strategies)
2026-01-20T00:03:41.4052852Z     ⚠️ Smart selector error: Locator.count: Unexpected token "" while parsing css selector "[aria-label*='Your e-mail's been sent!' i]". Did you mean to CSS.escape it?. Falling back to AI Vision...
2026-01-20T00:03:41.4054671Z     🧠 [EXPERT] Strategy: Act as Senior SDET focusing on exploring the application to understand functional flow and identifying critical paths for end-to-end automation.
2026-01-20T00:03:46.5461154Z [DEBUG] Sending request to gemini-2.0-flash. Number of parts: 2
2026-01-20T00:03:46.5461774Z [DEBUG] Received response (Length: 339)
2026-01-20T00:03:46.5463276Z     💡 Expert Suggestion: The page shows an 'Internal Server Error'. The message 'Your e-mail's been sent!' is unlikely to appear on an error page. Navigating back to the previous page or the form is the best course of action.
2026-01-20T00:03:46.5464202Z     🛠️ Executing corrective action: click -> 'Go Back'
2026-01-20T00:03:46.5718370Z     🔄 Retry 1/3 mining locators for 'Your e-mail's been sent!'...
2026-01-20T00:03:47.5982283Z     🧠 Consulting AI (Vision-First) to find 'Your e-mail's been sent!'...
2026-01-20T00:03:47.5983207Z     🔍 Trying smart selectors for 'Your e-mail's been sent!'...
2026-01-20T00:03:47.6214658Z     🔍 [SMART] Searching for: 'Your e-mail's been sent!' (trying 15+ strategies)
2026-01-20T00:03:47.6216509Z     ⚠️ Smart selector error: Locator.count: Unexpected token "" while parsing css selector "[aria-label*='Your e-mail's been sent!' i]". Did you mean to CSS.escape it?. Falling back to AI Vision...
2026-01-20T00:03:47.6218507Z     🧠 [EXPERT] Strategy: Act as Senior SDET focusing on exploring the application to understand functional flow and identifying critical paths for end-to-end automation.
2026-01-20T00:03:47.6219452Z [CACHE HIT] 4d29fbc4... (hits: 7, misses: 46)
2026-01-20T00:03:47.6220012Z     ⚠️ Skipping duplicate injection: Go Back
2026-01-20T00:03:47.6221776Z     🔄 Retry 2/3 mining locators for 'Your e-mail's been sent!'...
2026-01-20T00:03:48.6236270Z     🗑️ Invalidating stale AI cache (retry 2)...
2026-01-20T00:03:48.6470079Z     🧠 Consulting AI (Vision-First) to find 'Your e-mail's been sent!'...
2026-01-20T00:03:48.6470603Z     🔍 Trying smart selectors for 'Your e-mail's been sent!'...
2026-01-20T00:03:48.6704108Z     🔍 [SMART] Searching for: 'Your e-mail's been sent!' (trying 15+ strategies)
2026-01-20T00:03:48.6705727Z     ⚠️ Smart selector error: Locator.count: Unexpected token "" while parsing css selector "[aria-label*='Your e-mail's been sent!' i]". Did you mean to CSS.escape it?. Falling back to AI Vision...
2026-01-20T00:03:48.6706954Z     🧠 [EXPERT] Strategy: Act as Senior SDET focusing on exploring the application to understand functional flow and identifying critical paths for end-to-end automation.
2026-01-20T00:03:48.6707797Z [CACHE HIT] 4d29fbc4... (hits: 8, misses: 46)
2026-01-20T00:03:48.6708651Z     ⚠️ Skipping duplicate injection: Go Back
2026-01-20T00:03:48.6709466Z     🧠 Verifying step validity for 'Your e-mail's been sent!' after no candidates found...
2026-01-20T00:03:51.6494847Z [DEBUG] Sending request to gemini-2.0-flash. Number of parts: 2
2026-01-20T00:03:51.6495786Z [DEBUG] Received response (Length: 241)
2026-01-20T00:03:51.6497493Z     🗑️ Step deemed INVALID: The screenshot shows an 'Internal Server Error' page. The element 'Your e-mail's been sent!' would not be present on this error page. Therefore, the step is not logical and valid.. Removing from workflow.
2026-01-20T00:03:51.6498768Z     ⏭️ Skipping execution of invalid step: Your e-mail's been sent!
2026-01-20T00:03:53.6810808Z 
2026-01-20T00:03:53.6811642Z [4/4] Exploring Scenario: Input Number
2026-01-20T00:03:53.6812621Z     🧠 Initialized exploration context for goal: 'Verify the number input field.'
2026-01-20T00:03:53.6813316Z     🎯 Scenario: Input Number
2026-01-20T00:03:53.6813738Z   ▶️ [STEP step_1] NAVIGATE: 
2026-01-20T00:03:54.9011592Z     ✅ Navigated to https://the-internet.herokuapp.com/
2026-01-20T00:03:54.9012131Z   ▶️ [STEP step_2] CLICK: Inputs
2026-01-20T00:03:54.9170710Z     🔍 Mining locators for: 'Inputs'
2026-01-20T00:03:54.9682501Z     ✅ Found 2 verified locators
2026-01-20T00:03:58.5282977Z     ✅ State transitioned.
2026-01-20T00:04:00.1540504Z [DEBUG] Sending request to gemini-2.0-flash. Number of parts: 2
2026-01-20T00:04:00.1540989Z [DEBUG] Received response (Length: 203)
2026-01-20T00:04:00.1541709Z     🤖 AI Next Step Suggestion: fill -> input
2026-01-20T00:04:00.1542084Z     🧩 Suggested Locator: input
2026-01-20T00:04:00.1542762Z     💭 Reasoning: The goal is to verify the number input field. The next step is to fill the input field with a number.
2026-01-20T00:04:00.1543441Z     ➕ Injected AI step: fill -> input
2026-01-20T00:04:00.1543801Z   ▶️ [STEP step_2_ai_1] FILL: input
2026-01-20T00:04:00.1679321Z     🎯 Using AI-provided locator: input
2026-01-20T00:04:00.1739107Z     ✅ Found 1 verified locators
2026-01-20T00:04:05.5518235Z     ✅ State transitioned.
2026-01-20T00:04:07.0663331Z [DEBUG] Sending request to gemini-2.0-flash. Number of parts: 2
2026-01-20T00:04:07.0663961Z [DEBUG] Received response (Length: 172)
2026-01-20T00:04:07.0664665Z     🤖 AI Next Step Suggestion: fill -> input
2026-01-20T00:04:07.0665163Z     🧩 Suggested Locator: input
2026-01-20T00:04:07.0665733Z     💭 Reasoning: To verify the number input field, we need to input a different number.
2026-01-20T00:04:07.0666276Z     🔄 Same AI suggestion but state changed (URL or DOM). Resetting loop counter.
2026-01-20T00:04:07.0666778Z     ⚠️ Skipping duplicate AI suggestion (just executed): ('fill', 'input')
2026-01-20T00:04:07.0667195Z   ▶️ [STEP step_3] ASSERT_URL: 
2026-01-20T00:04:12.0825816Z     ⚠️ Scroll into view failed for text=None. Proceeding anyway.
2026-01-20T00:04:14.0848153Z     ✅ State transitioned.
2026-01-20T00:04:14.0895815Z     🔄 Revisited state detected (count: 1)
2026-01-20T00:04:15.4914586Z [DEBUG] Sending request to gemini-2.0-flash. Number of parts: 2
2026-01-20T00:04:15.4915081Z [DEBUG] Received response (Length: 171)
2026-01-20T00:04:15.4915793Z     🤖 AI Next Step Suggestion: fill -> input
2026-01-20T00:04:15.4916111Z     🧩 Suggested Locator: input
2026-01-20T00:04:15.4916545Z     💭 Reasoning: To verify the number input field, I need to input a different number.
2026-01-20T00:04:15.4917180Z ⚠️ Loop detected: same AI suggestion repeated 2 times without state change. Moving to next step.
2026-01-20T00:04:15.4917620Z   ▶️ [STEP step_4] FILL: number
2026-01-20T00:04:15.4973200Z     🔍 Mining locators for: 'number'
2026-01-20T00:04:15.5372191Z     ✅ Found 1 verified locators
2026-01-20T00:04:20.3532250Z     ✅ State transitioned.
2026-01-20T00:04:20.3580115Z     🔄 Revisited state detected (count: 2)
2026-01-20T00:04:22.0631083Z [DEBUG] Sending request to gemini-2.0-flash. Number of parts: 2
2026-01-20T00:04:22.0631958Z [DEBUG] Received response (Length: 192)
2026-01-20T00:04:22.0632824Z     🤖 AI Next Step Suggestion: fill -> input
2026-01-20T00:04:22.0633887Z     🧩 Suggested Locator: input[type="number"]
2026-01-20T00:04:22.0635011Z     💭 Reasoning: To verify the number input field, fill the input with a different number.
2026-01-20T00:04:22.0636250Z     ➕ Injected AI step: fill -> input
2026-01-20T00:04:22.0636934Z   ▶️ [STEP step_4_ai_1] FILL: input
2026-01-20T00:04:22.0689294Z     🎯 Using AI-provided locator: input[type="number"]
2026-01-20T00:04:22.0741706Z     ✅ Found 1 verified locators
2026-01-20T00:04:27.3583704Z     ✅ State transitioned.
2026-01-20T00:04:27.3625946Z     🔄 Revisited state detected (count: 3)
2026-01-20T00:04:27.3626625Z     ⚠️ Too many revisits (3). Stopping AI step injection to prevent loops.
2026-01-20T00:04:29.3912956Z 🗂️  All generated tests written to /home/runner/work/build_qa_automation/build_qa_automation/projects/ci_the_internet_forms/tests/generated_scenarios.json
2026-01-20T00:04:29.3914437Z 
2026-01-20T00:04:29.3914871Z 📝 Processing scenario 'Successful Login' with 12 steps
2026-01-20T00:04:29.3915665Z   🔍 Step 1 (click): Found 2 mined locators
2026-01-20T00:04:29.3917551Z       ✅ Kept robust locator (0.80): role=link[name='Form Authentication']...
2026-01-20T00:04:29.3918296Z       ✅ Kept robust locator (0.70): text='Form Authentication'...
2026-01-20T00:04:29.3918974Z   💾 Saved 2 robust locators (top stability: 0.80)
2026-01-20T00:04:29.3919539Z   🔍 Step 2 (fill): Found 1 mined locators
2026-01-20T00:04:29.3920024Z       ✅ Kept robust locator (0.95): #username...
2026-01-20T00:04:29.3920507Z   💾 Saved 1 robust locators (top stability: 0.95)
2026-01-20T00:04:29.3920897Z   🔍 Step 3 (fill): Found 1 mined locators
2026-01-20T00:04:29.3921311Z       ✅ Kept robust locator (0.95): #password...
2026-01-20T00:04:29.3921755Z   💾 Saved 1 robust locators (top stability: 0.95)
2026-01-20T00:04:29.3922197Z   🔍 Step 4 (click): Found 1 mined locators
2026-01-20T00:04:29.3922651Z       ✅ Kept robust locator (0.95): button...
2026-01-20T00:04:29.3923144Z   💾 Saved 1 robust locators (top stability: 0.95)
2026-01-20T00:04:29.3923535Z   🔍 Step 5 (click): Found 1 mined locators
2026-01-20T00:04:29.3923977Z       ✅ Kept robust locator (0.95): a[href="/logout"]...
2026-01-20T00:04:29.3924431Z   💾 Saved 1 robust locators (top stability: 0.95)
2026-01-20T00:04:29.3924964Z   🔍 Step 6 (click): Found 1 mined locators
2026-01-20T00:04:29.3925655Z       ✅ Kept robust locator (0.95): button...
2026-01-20T00:04:29.3926106Z   💾 Saved 1 robust locators (top stability: 0.95)
2026-01-20T00:04:29.3926489Z   🔍 Step 8 (fill): Found 6 mined locators
2026-01-20T00:04:29.3927031Z       ✅ Kept robust locator (0.70): text=This is where you can log into the secure are...
2026-01-20T00:04:29.3927729Z       ✅ Kept robust locator (0.80): role=textbox[name='Username']...
2026-01-20T00:04:29.3928331Z       ✅ Kept robust locator (0.70): text='Username'...
2026-01-20T00:04:29.3928895Z       ✅ Kept robust locator (0.85): #username...
2026-01-20T00:04:29.3929342Z       ✅ Kept robust locator (0.75): input[name='username']...
2026-01-20T00:04:29.3929820Z       ✅ Kept robust locator (0.70): text='Username'...
2026-01-20T00:04:29.3930291Z   💾 Saved 3 robust locators (top stability: 0.85)
2026-01-20T00:04:29.3930792Z   🔍 Step 9 (fill): Found 6 mined locators
2026-01-20T00:04:29.3931434Z       ✅ Kept robust locator (0.70): text=This is where you can log into the secure are...
2026-01-20T00:04:29.3932140Z       ✅ Kept robust locator (0.80): role=textbox[name='Username']...
2026-01-20T00:04:29.3932697Z       ✅ Kept robust locator (0.70): text='Username'...
2026-01-20T00:04:29.3933231Z       ✅ Kept robust locator (0.85): #username...
2026-01-20T00:04:29.3933709Z       ✅ Kept robust locator (0.75): input[name='username']...
2026-01-20T00:04:29.3934264Z       ✅ Kept robust locator (0.70): text='Username'...
2026-01-20T00:04:29.3934601Z   💾 Saved 3 robust locators (top stability: 0.85)
2026-01-20T00:04:29.3934914Z   🔍 Step 10 (fill): Found 5 mined locators
2026-01-20T00:04:29.3935278Z       ✅ Kept robust locator (0.80): role=textbox[name='Password']...
2026-01-20T00:04:29.3936129Z       ✅ Kept robust locator (0.70): text='Password'...
2026-01-20T00:04:29.3936694Z       ✅ Kept robust locator (0.85): #password...
2026-01-20T00:04:29.3937291Z       ✅ Kept robust locator (0.75): input[name='password']...
2026-01-20T00:04:29.3937906Z       ✅ Kept robust locator (0.70): text='Password'...
2026-01-20T00:04:29.3938473Z   💾 Saved 3 robust locators (top stability: 0.85)
2026-01-20T00:04:29.3939035Z   🔍 Step 11 (click): Found 2 mined locators
2026-01-20T00:04:29.3939566Z       ✅ Kept robust locator (0.70): text='Login'...
2026-01-20T00:04:29.3940134Z       ✅ Kept robust locator (0.70): text=Login Page...
2026-01-20T00:04:29.3940697Z   💾 Saved 2 robust locators (top stability: 0.70)
2026-01-20T00:04:29.3941473Z ✅ Updated scenario 'Successful Login' with 12 validated steps
2026-01-20T00:04:29.3941854Z 
2026-01-20T00:04:29.3942120Z 📝 Processing scenario 'Failed Login' with 30 steps
2026-01-20T00:04:29.3942661Z   🔍 Step 1 (click): Found 2 mined locators
2026-01-20T00:04:29.3943333Z       ✅ Kept robust locator (0.80): role=link[name='Form Authentication']...
2026-01-20T00:04:29.3944083Z       ✅ Kept robust locator (0.70): text='Form Authentication'...
2026-01-20T00:04:29.3944693Z   💾 Saved 2 robust locators (top stability: 0.80)
2026-01-20T00:04:29.3945223Z   🔍 Step 2 (fill): Found 1 mined locators
2026-01-20T00:04:29.3945826Z       ✅ Kept robust locator (0.95): #username...
2026-01-20T00:04:29.3946386Z   💾 Saved 1 robust locators (top stability: 0.95)
2026-01-20T00:04:29.3946916Z   🔍 Step 3 (fill): Found 1 mined locators
2026-01-20T00:04:29.3947416Z       ✅ Kept robust locator (0.95): #password...
2026-01-20T00:04:29.3947964Z   💾 Saved 1 robust locators (top stability: 0.95)
2026-01-20T00:04:29.3948511Z   🔍 Step 4 (click): Found 1 mined locators
2026-01-20T00:04:29.3949009Z       ✅ Kept robust locator (0.95): button...
2026-01-20T00:04:29.3949537Z   💾 Saved 1 robust locators (top stability: 0.95)
2026-01-20T00:04:29.3950060Z   🔍 Step 5 (fill): Found 1 mined locators
2026-01-20T00:04:29.3950576Z       ✅ Kept robust locator (0.95): #username...
2026-01-20T00:04:29.3951138Z   💾 Saved 1 robust locators (top stability: 0.95)
2026-01-20T00:04:29.3951791Z   🔍 Step 6 (fill): Found 1 mined locators
2026-01-20T00:04:29.3952293Z       ✅ Kept robust locator (0.95): #password...
2026-01-20T00:04:29.3952839Z   💾 Saved 1 robust locators (top stability: 0.95)
2026-01-20T00:04:29.3953372Z   🔍 Step 7 (click): Found 1 mined locators
2026-01-20T00:04:29.3953870Z       ✅ Kept robust locator (0.95): button...
2026-01-20T00:04:29.3954393Z   💾 Saved 1 robust locators (top stability: 0.95)
2026-01-20T00:04:29.3954922Z   🔍 Step 8 (click): Found 3 mined locators
2026-01-20T00:04:29.3955623Z       ✅ Kept robust locator (0.80): role=link[name='Logout']...
2026-01-20T00:04:29.3956254Z       ✅ Kept robust locator (0.70): text='Logout'...
2026-01-20T00:04:29.3957010Z       ✅ Kept robust locator (0.70): text=Welcome to the Secure Area. When you are done...
2026-01-20T00:04:29.3957762Z   💾 Saved 3 robust locators (top stability: 0.80)
2026-01-20T00:04:29.3958292Z   🔍 Step 9 (fill): Found 1 mined locators
2026-01-20T00:04:29.3958811Z       ✅ Kept robust locator (0.95): #username...
2026-01-20T00:04:29.3959358Z   💾 Saved 1 robust locators (top stability: 0.95)
2026-01-20T00:04:29.3961609Z   🔍 Step 10 (fill): Found 1 mined locators
2026-01-20T00:04:29.3962230Z       ✅ Kept robust locator (0.95): #password...
2026-01-20T00:04:29.3962855Z   💾 Saved 1 robust locators (top stability: 0.95)
2026-01-20T00:04:29.3963453Z   🔍 Step 11 (click): Found 1 mined locators
2026-01-20T00:04:29.3964017Z       ✅ Kept robust locator (0.95): button...
2026-01-20T00:04:29.3964613Z   💾 Saved 1 robust locators (top stability: 0.95)
2026-01-20T00:04:29.3965564Z   🔍 Step 12 (fill): Found 1 mined locators
2026-01-20T00:04:29.3966109Z       ✅ Kept robust locator (0.95): #username...
2026-01-20T00:04:29.3966719Z   💾 Saved 1 robust locators (top stability: 0.95)
2026-01-20T00:04:29.3967471Z   🔍 Step 13 (CLICK): Found 1 mined locators
2026-01-20T00:04:29.3968040Z       ✅ Kept robust locator (0.95): button...
2026-01-20T00:04:29.3968640Z   💾 Saved 1 robust locators (top stability: 0.95)
2026-01-20T00:04:29.3969237Z   🔍 Step 14 (FILL): Found 1 mined locators
2026-01-20T00:04:29.3969815Z       ✅ Kept robust locator (0.95): #password...
2026-01-20T00:04:29.3970425Z   💾 Saved 1 robust locators (top stability: 0.95)
2026-01-20T00:04:29.3971020Z   🔍 Step 15 (FILL): Found 1 mined locators
2026-01-20T00:04:29.3971588Z       ✅ Kept robust locator (0.95): #username...
2026-01-20T00:04:29.3972205Z   💾 Saved 1 robust locators (top stability: 0.95)
2026-01-20T00:04:29.3972777Z   🔍 Step 16 (click): Found 1 mined locators
2026-01-20T00:04:29.3973367Z       ✅ Kept robust locator (0.95): button...
2026-01-20T00:04:29.3973971Z   💾 Saved 1 robust locators (top stability: 0.95)
2026-01-20T00:04:29.3974566Z   🔍 Step 17 (fill): Found 1 mined locators
2026-01-20T00:04:29.3975140Z       ✅ Kept robust locator (0.95): #password...
2026-01-20T00:04:29.3975895Z   💾 Saved 1 robust locators (top stability: 0.95)
2026-01-20T00:04:29.3976495Z   🔍 Step 18 (FILL): Found 1 mined locators
2026-01-20T00:04:29.3977074Z       ✅ Kept robust locator (0.95): #username...
2026-01-20T00:04:29.3977687Z   💾 Saved 1 robust locators (top stability: 0.95)
2026-01-20T00:04:29.3978284Z   🔍 Step 19 (click): Found 1 mined locators
2026-01-20T00:04:29.3978853Z       ✅ Kept robust locator (0.95): button...
2026-01-20T00:04:29.3979451Z   💾 Saved 1 robust locators (top stability: 0.95)
2026-01-20T00:04:29.3980054Z   🔍 Step 21 (fill): Found 6 mined locators
2026-01-20T00:04:29.3980880Z       ✅ Kept robust locator (0.70): text=This is where you can log into the secure are...
2026-01-20T00:04:29.3981849Z       ✅ Kept robust locator (0.80): role=textbox[name='Username']...
2026-01-20T00:04:29.3982594Z       ✅ Kept robust locator (0.70): text='Username'...
2026-01-20T00:04:29.3983221Z       ✅ Kept robust locator (0.85): #username...
2026-01-20T00:04:29.3984007Z       ✅ Kept robust locator (0.75): input[name='username']...
2026-01-20T00:04:29.3984719Z       ✅ Kept robust locator (0.70): text='Username'...
2026-01-20T00:04:29.3985469Z   💾 Saved 3 robust locators (top stability: 0.85)
2026-01-20T00:04:29.3986068Z   🔍 Step 22 (fill): Found 5 mined locators
2026-01-20T00:04:29.3986787Z       ✅ Kept robust locator (0.80): role=textbox[name='Password']...
2026-01-20T00:04:29.3987530Z       ✅ Kept robust locator (0.70): text='Password'...
2026-01-20T00:04:29.3988159Z       ✅ Kept robust locator (0.85): #password...
2026-01-20T00:04:29.3988848Z       ✅ Kept robust locator (0.75): input[name='password']...
2026-01-20T00:04:29.3989491Z       ✅ Kept robust locator (0.70): text='Password'...
2026-01-20T00:04:29.3989989Z   💾 Saved 3 robust locators (top stability: 0.85)
2026-01-20T00:04:29.3990520Z   🔍 Step 23 (click): Found 2 mined locators
2026-01-20T00:04:29.3991100Z       ✅ Kept robust locator (0.70): text='Login'...
2026-01-20T00:04:29.3991712Z       ✅ Kept robust locator (0.70): text=Login Page...
2026-01-20T00:04:29.3992323Z   💾 Saved 2 robust locators (top stability: 0.70)
2026-01-20T00:04:29.3992953Z   🔍 Step 24 (assert_visible): Found 1 mined locators
2026-01-20T00:04:29.3993673Z       ✅ Kept robust locator (0.75): input[name*='username' i], input[id*='username' i]...
2026-01-20T00:04:29.3994404Z   💾 Saved 1 robust locators (top stability: 0.75)
2026-01-20T00:04:29.3994719Z   🔍 Step 25 (fill): Found 1 mined locators
2026-01-20T00:04:29.3995088Z       ✅ Kept robust locator (0.95): #password...
2026-01-20T00:04:29.3995719Z   💾 Saved 1 robust locators (top stability: 0.95)
2026-01-20T00:04:29.3996039Z   🔍 Step 26 (fill): Found 1 mined locators
2026-01-20T00:04:29.3996649Z       ✅ Kept robust locator (0.95): #username...
2026-01-20T00:04:29.3997180Z   💾 Saved 1 robust locators (top stability: 0.95)
2026-01-20T00:04:29.3997718Z   🔍 Step 27 (click): Found 1 mined locators
2026-01-20T00:04:29.3998240Z       ✅ Kept robust locator (0.95): button...
2026-01-20T00:04:29.3998942Z   💾 Saved 1 robust locators (top stability: 0.95)
2026-01-20T00:04:29.3999528Z   🔍 Step 28 (fill): Found 1 mined locators
2026-01-20T00:04:29.4000067Z       ✅ Kept robust locator (0.95): #username...
2026-01-20T00:04:29.4000628Z   💾 Saved 1 robust locators (top stability: 0.95)
2026-01-20T00:04:29.4001214Z   🔍 Step 29 (click): Found 1 mined locators
2026-01-20T00:04:29.4001729Z       ✅ Kept robust locator (0.95): button...
2026-01-20T00:04:29.4002304Z   💾 Saved 1 robust locators (top stability: 0.95)
2026-01-20T00:04:29.4002973Z ✅ Updated scenario 'Failed Login' with 30 validated steps
2026-01-20T00:04:29.4003341Z 
2026-01-20T00:04:29.4003642Z 📝 Processing scenario 'Forgot Password' with 5 steps
2026-01-20T00:04:29.4004263Z   🔍 Step 1 (click): Found 2 mined locators
2026-01-20T00:04:29.4004954Z       ✅ Kept robust locator (0.80): role=link[name='Forgot Password']...
2026-01-20T00:04:29.4005848Z       ✅ Kept robust locator (0.70): text='Forgot Password'...
2026-01-20T00:04:29.4006465Z   💾 Saved 2 robust locators (top stability: 0.80)
2026-01-20T00:04:29.4007010Z   🔍 Step 2 (fill): Found 1 mined locators
2026-01-20T00:04:29.4007520Z       ✅ Kept robust locator (0.95): #email...
2026-01-20T00:04:29.4008510Z   💾 Saved 1 robust locators (top stability: 0.95)
2026-01-20T00:04:29.4009112Z   🔍 Step 3 (click): Found 1 mined locators
2026-01-20T00:04:29.4009676Z       ✅ Kept robust locator (0.95): #form_submit...
2026-01-20T00:04:29.4010408Z   💾 Saved 1 robust locators (top stability: 0.95)
2026-01-20T00:04:29.4011034Z ✅ Updated scenario 'Forgot Password' with 5 validated steps
2026-01-20T00:04:29.4011418Z 
2026-01-20T00:04:29.4011662Z 📝 Processing scenario 'Input Number' with 6 steps
2026-01-20T00:04:29.4012173Z   🔍 Step 1 (click): Found 2 mined locators
2026-01-20T00:04:29.4012723Z       ✅ Kept robust locator (0.80): role=link[name='Inputs']...
2026-01-20T00:04:29.4013183Z       ✅ Kept robust locator (0.70): text='Inputs'...
2026-01-20T00:04:29.4013591Z   💾 Saved 2 robust locators (top stability: 0.80)
2026-01-20T00:04:29.4013920Z   🔍 Step 2 (fill): Found 1 mined locators
2026-01-20T00:04:29.4014217Z       ✅ Kept robust locator (0.95): input...
2026-01-20T00:04:29.4014524Z   💾 Saved 1 robust locators (top stability: 0.95)
2026-01-20T00:04:29.4014833Z   🔍 Step 4 (fill): Found 1 mined locators
2026-01-20T00:04:29.4015148Z       ✅ Kept robust locator (0.70): text='Number'...
2026-01-20T00:04:29.4015663Z   💾 Saved 1 robust locators (top stability: 0.70)
2026-01-20T00:04:29.4015979Z   🔍 Step 5 (fill): Found 1 mined locators
2026-01-20T00:04:29.4016328Z       ✅ Kept robust locator (0.95): input[type="number"]...
2026-01-20T00:04:29.4016689Z   💾 Saved 1 robust locators (top stability: 0.95)
2026-01-20T00:04:29.4017088Z ✅ Updated scenario 'Input Number' with 6 validated steps
2026-01-20T00:04:29.4017487Z 🔄 Updated workflow.json with discovered steps and locators.
2026-01-20T00:04:29.4017710Z 
2026-01-20T00:04:29.4017816Z ============================================================
2026-01-20T00:04:29.4018122Z 📊 EXPLORER PERFORMANCE SUMMARY
2026-01-20T00:04:29.4018378Z ============================================================
2026-01-20T00:04:29.4018574Z 
2026-01-20T00:04:29.4018717Z 🔍 Locator Mining:
2026-01-20T00:04:29.4019092Z    • Total Locators Mined: 76
2026-01-20T00:04:29.4019568Z    • Filtered Out (Brittle): 0 (0.0%)
2026-01-20T00:04:29.4020086Z    • Saved to Golden Path: 63 (82.9%)
2026-01-20T00:04:29.4020387Z 
2026-01-20T00:04:29.4020576Z ✅ Golden Path Quality:
2026-01-20T00:04:29.4021099Z    🌟 EXCELLENT - 82.9% of mined locators are robust!
2026-01-20T00:04:29.4021463Z 
2026-01-20T00:04:29.4021625Z ============================================================
2026-01-20T00:04:29.4022178Z 
2026-01-20T00:04:29.4022389Z ✅ Deep Exploration Complete.
2026-01-20T00:06:45.4953636Z 
2026-01-20T00:06:45.4954459Z 🚀 [EXECUTE] Starting Automation Execution Engine
2026-01-20T00:06:45.4955161Z 📍 Project: ci_the_internet_forms
2026-01-20T00:06:45.4955796Z 🎬 Mode: Headless
2026-01-20T00:06:45.4955998Z 
2026-01-20T00:06:45.4956518Z --- Scenario: Successful Login ---
2026-01-20T00:06:45.4957127Z   ▶️  [STEP step_1] NAVIGATE: NAVIGATE
2026-01-20T00:06:45.4957679Z     ✅ Step step_1 Passed.
2026-01-20T00:06:45.4958213Z   ▶️  [STEP step_2] CLICK: Form Authentication
2026-01-20T00:06:45.4958894Z     🔍 Trying 2 validated locators from golden path...
2026-01-20T00:06:45.4959930Z     ✅ SUCCESS! Locator #1: role=link[name='Form Authentication']... (method: unknown, stability: 0.80)
2026-01-20T00:06:45.4960814Z     ✅ Step step_2 Passed.
2026-01-20T00:06:45.4961294Z   ▶️  [STEP step_2_ai_1] FILL: Username
2026-01-20T00:06:45.4961930Z     🔍 Trying 1 validated locators from golden path...
2026-01-20T00:06:45.4962672Z     ✅ SUCCESS! Locator #1: #username... (method: unknown, stability: 0.95)
2026-01-20T00:06:45.4963398Z     ✅ Step step_2_ai_1 Passed.
2026-01-20T00:06:45.4963830Z   ▶️  [STEP step_2_ai_2] FILL: Password
2026-01-20T00:06:45.4964410Z     🔍 Trying 1 validated locators from golden path...
2026-01-20T00:06:45.4965209Z     ✅ SUCCESS! Locator #1: #password... (method: unknown, stability: 0.95)
2026-01-20T00:06:45.4966024Z     ✅ Step step_2_ai_2 Passed.
2026-01-20T00:06:45.4966455Z   ▶️  [STEP step_2_ai_3] CLICK: Login
2026-01-20T00:06:45.4966828Z     🔍 Trying 1 validated locators from golden path...
2026-01-20T00:06:45.4967228Z     ✅ SUCCESS! Locator #1: button... (method: unknown, stability: 0.95)
2026-01-20T00:06:45.4967582Z     ✅ Step step_2_ai_3 Passed.
2026-01-20T00:06:45.4967847Z   ▶️  [STEP step_2_ai_4] CLICK: Logout
2026-01-20T00:06:45.4968165Z     🔍 Trying 1 validated locators from golden path...
2026-01-20T00:06:45.4968798Z     ✅ SUCCESS! Locator #1: a[href="/logout"]... (method: unknown, stability: 0.95)
2026-01-20T00:06:45.4969194Z     ✅ Step step_2_ai_4 Passed.
2026-01-20T00:06:45.4969535Z   ▶️  [STEP step_2_ai_5] CLICK: Login
2026-01-20T00:06:45.4969981Z     🔍 Trying 1 validated locators from golden path...
2026-01-20T00:06:45.4970687Z     ✅ SUCCESS! Locator #1: button... (method: unknown, stability: 0.95)
2026-01-20T00:06:45.4971298Z     ✅ Step step_2_ai_5 Passed.
2026-01-20T00:06:45.4971739Z   ▶️  [STEP step_3] ASSERT_URL: ASSERT_URL
2026-01-20T00:06:45.4972207Z     ✅ Step step_3 Passed.
2026-01-20T00:06:45.4972616Z   ▶️  [STEP step_3_ai_1] FILL: Username
2026-01-20T00:06:45.4973110Z     🔍 Trying 3 validated locators from golden path...
2026-01-20T00:06:45.4973517Z     ✅ SUCCESS! Locator #1: #username... (method: unknown, stability: 0.85)
2026-01-20T00:06:45.4973874Z     ✅ Step step_3_ai_1 Passed.
2026-01-20T00:06:45.4974129Z   ▶️  [STEP step_4] FILL: username
2026-01-20T00:06:45.4974487Z     🔍 Trying 3 validated locators from golden path...
2026-01-20T00:06:45.4975186Z     ✅ SUCCESS! Locator #1: #username... (method: unknown, stability: 0.85)
2026-01-20T00:06:45.4975932Z     ✅ Step step_4 Passed.
2026-01-20T00:06:45.4976320Z   ▶️  [STEP step_5] FILL: password
2026-01-20T00:06:45.4976870Z     🔍 Trying 3 validated locators from golden path...
2026-01-20T00:06:45.4977653Z     ✅ SUCCESS! Locator #1: #password... (method: unknown, stability: 0.85)
2026-01-20T00:06:45.4978340Z     ✅ Step step_5 Passed.
2026-01-20T00:06:45.4978810Z   ▶️  [STEP step_6] CLICK: Login
2026-01-20T00:06:45.4979413Z     🔍 Trying 2 validated locators from golden path...
2026-01-20T00:06:45.4980244Z     ✅ SUCCESS! Locator #1: text='Login'... (method: unknown, stability: 0.70)
2026-01-20T00:06:45.4980966Z     ✅ Step step_6 Passed.
2026-01-20T00:06:45.4981536Z ✅ Scenario 'Successful Login' completed successfully!
2026-01-20T00:06:45.4981937Z 
2026-01-20T00:06:45.4982108Z --- Scenario: Failed Login ---
2026-01-20T00:06:45.4982617Z   ▶️  [STEP step_1] NAVIGATE: NAVIGATE
2026-01-20T00:06:45.4983137Z     ✅ Step step_1 Passed.
2026-01-20T00:06:45.4983910Z   ▶️  [STEP step_2] CLICK: Form Authentication
2026-01-20T00:06:45.4984578Z     🔍 Trying 2 validated locators from golden path...
2026-01-20T00:06:45.4985721Z     ✅ SUCCESS! Locator #1: role=link[name='Form Authentication']... (method: unknown, stability: 0.80)
2026-01-20T00:06:45.4986681Z     ✅ Step step_2 Passed.
2026-01-20T00:06:45.4987125Z   ▶️  [STEP step_2_ai_1] FILL: Username
2026-01-20T00:06:45.4987720Z     🔍 Trying 1 validated locators from golden path...
2026-01-20T00:06:45.4988411Z     ✅ SUCCESS! Locator #1: #username... (method: unknown, stability: 0.95)
2026-01-20T00:06:45.4988911Z     ✅ Step step_2_ai_1 Passed.
2026-01-20T00:06:45.4989194Z   ▶️  [STEP step_2_ai_2] FILL: Password
2026-01-20T00:06:45.4989519Z     🔍 Trying 1 validated locators from golden path...
2026-01-20T00:06:45.4989990Z     ✅ SUCCESS! Locator #1: #password... (method: unknown, stability: 0.95)
2026-01-20T00:06:45.4990647Z     ✅ Step step_2_ai_2 Passed.
2026-01-20T00:06:45.4990977Z   ▶️  [STEP step_2_ai_3] CLICK: Login
2026-01-20T00:06:45.4991310Z     🔍 Trying 1 validated locators from golden path...
2026-01-20T00:06:45.4991708Z     ✅ SUCCESS! Locator #1: button... (method: unknown, stability: 0.95)
2026-01-20T00:06:45.4992053Z     ✅ Step step_2_ai_3 Passed.
2026-01-20T00:06:45.4992319Z   ▶️  [STEP step_2_ai_4] FILL: Username
2026-01-20T00:06:45.4992742Z     🔍 Trying 1 validated locators from golden path...
2026-01-20T00:06:45.4993562Z     ✅ SUCCESS! Locator #1: #username... (method: unknown, stability: 0.95)
2026-01-20T00:06:45.4994167Z     ✅ Step step_2_ai_4 Passed.
2026-01-20T00:06:45.4994585Z   ▶️  [STEP step_2_ai_5] FILL: Password
2026-01-20T00:06:45.4995083Z     🔍 Trying 1 validated locators from golden path...
2026-01-20T00:06:45.4995731Z     ✅ SUCCESS! Locator #1: #password... (method: unknown, stability: 0.95)
2026-01-20T00:06:45.4996101Z     ✅ Step step_2_ai_5 Passed.
2026-01-20T00:06:45.4996362Z   ▶️  [STEP step_2_ai_6] CLICK: Login
2026-01-20T00:06:45.4996683Z     🔍 Trying 1 validated locators from golden path...
2026-01-20T00:06:45.4997297Z     ✅ SUCCESS! Locator #1: button... (method: unknown, stability: 0.95)
2026-01-20T00:06:45.4997707Z     ✅ Step step_2_ai_6 Passed.
2026-01-20T00:06:45.4998148Z   ▶️  [STEP step_2_ai_7] CLICK: Logout
2026-01-20T00:06:45.4998693Z     🔍 Trying 3 validated locators from golden path...
2026-01-20T00:06:45.4999377Z     ✅ SUCCESS! Locator #1: role=link[name='Logout']... (method: unknown, stability: 0.80)
2026-01-20T00:06:45.4999992Z     ✅ Step step_2_ai_7 Passed.
2026-01-20T00:06:45.5000368Z   ▶️  [STEP step_2_ai_8] FILL: Username
2026-01-20T00:06:45.5000812Z     🔍 Trying 1 validated locators from golden path...
2026-01-20T00:06:45.5001361Z     ✅ SUCCESS! Locator #1: #username... (method: unknown, stability: 0.95)
2026-01-20T00:06:45.5001850Z     ✅ Step step_2_ai_8 Passed.
2026-01-20T00:06:45.5002237Z   ▶️  [STEP step_2_ai_9] FILL: Password
2026-01-20T00:06:45.5002712Z     🔍 Trying 1 validated locators from golden path...
2026-01-20T00:06:45.5003360Z     ✅ SUCCESS! Locator #1: #password... (method: unknown, stability: 0.95)
2026-01-20T00:06:45.5003933Z     ✅ Step step_2_ai_9 Passed.
2026-01-20T00:06:45.5004263Z   ▶️  [STEP step_2_ai_10] CLICK: Login
2026-01-20T00:06:45.5004700Z     🔍 Trying 1 validated locators from golden path...
2026-01-20T00:06:45.5005348Z     ✅ SUCCESS! Locator #1: button... (method: unknown, stability: 0.95)
2026-01-20T00:06:45.5006000Z     ✅ Step step_2_ai_10 Passed.
2026-01-20T00:06:45.5006442Z   ▶️  [STEP step_2_ai_11] FILL: Username
2026-01-20T00:06:45.5006987Z     🔍 Trying 1 validated locators from golden path...
2026-01-20T00:06:45.5007392Z     ✅ SUCCESS! Locator #1: #username... (method: unknown, stability: 0.95)
2026-01-20T00:06:45.5007735Z     ✅ Step step_2_ai_11 Passed.
2026-01-20T00:06:45.5008029Z   ▶️  [STEP step_2_ai_12] CLICK: Login
2026-01-20T00:06:45.5008525Z     🔍 Trying 1 validated locators from golden path...
2026-01-20T00:06:45.5009124Z     ✅ SUCCESS! Locator #1: button... (method: unknown, stability: 0.95)
2026-01-20T00:06:45.5009869Z     ✅ Step step_2_ai_12 Passed.
2026-01-20T00:06:45.5010286Z   ▶️  [STEP step_2_ai_13] FILL: Password
2026-01-20T00:06:45.5010819Z     🔍 Trying 1 validated locators from golden path...
2026-01-20T00:06:45.5011504Z     ✅ SUCCESS! Locator #1: #password... (method: unknown, stability: 0.95)
2026-01-20T00:06:45.5012241Z     ✅ Step step_2_ai_13 Passed.
2026-01-20T00:06:45.5012701Z   ▶️  [STEP step_2_ai_14] FILL: Username
2026-01-20T00:06:45.5013256Z     🔍 Trying 1 validated locators from golden path...
2026-01-20T00:06:45.5013927Z     ✅ SUCCESS! Locator #1: #username... (method: unknown, stability: 0.95)
2026-01-20T00:06:45.5014472Z     ✅ Step step_2_ai_14 Passed.
2026-01-20T00:06:45.5014823Z   ▶️  [STEP step_2_ai_15] CLICK: Login
2026-01-20T00:06:45.5015145Z     🔍 Trying 1 validated locators from golden path...
2026-01-20T00:06:45.5015740Z     ✅ SUCCESS! Locator #1: button... (method: unknown, stability: 0.95)
2026-01-20T00:06:45.5016093Z     ✅ Step step_2_ai_15 Passed.
2026-01-20T00:06:45.5016376Z   ▶️  [STEP step_2_ai_16] FILL: Password
2026-01-20T00:06:45.5016694Z     🔍 Trying 1 validated locators from golden path...
2026-01-20T00:06:45.5017105Z     ✅ SUCCESS! Locator #1: #password... (method: unknown, stability: 0.95)
2026-01-20T00:06:45.5017462Z     ✅ Step step_2_ai_16 Passed.
2026-01-20T00:06:45.5017727Z   ▶️  [STEP step_2_ai_17] FILL: Username
2026-01-20T00:06:45.5018047Z     🔍 Trying 1 validated locators from golden path...
2026-01-20T00:06:45.5018456Z     ✅ SUCCESS! Locator #1: #username... (method: unknown, stability: 0.95)
2026-01-20T00:06:45.5018811Z     ✅ Step step_2_ai_17 Passed.
2026-01-20T00:06:45.5019068Z   ▶️  [STEP step_2_ai_18] CLICK: Login
2026-01-20T00:06:45.5019381Z     🔍 Trying 1 validated locators from golden path...
2026-01-20T00:06:45.5019779Z     ✅ SUCCESS! Locator #1: button... (method: unknown, stability: 0.95)
2026-01-20T00:06:45.5020190Z     ✅ Step step_2_ai_18 Passed.
2026-01-20T00:06:45.5037910Z   ▶️  [STEP step_3] ASSERT_URL: ASSERT_URL
2026-01-20T00:06:45.5038308Z     ✅ Step step_3 Passed.
2026-01-20T00:06:45.5038581Z   ▶️  [STEP step_4] FILL: username
2026-01-20T00:06:45.5038928Z     🔍 Trying 3 validated locators from golden path...
2026-01-20T00:06:45.5039366Z     ✅ SUCCESS! Locator #1: #username... (method: unknown, stability: 0.85)
2026-01-20T00:06:45.5039743Z     ✅ Step step_4 Passed.
2026-01-20T00:06:45.5040007Z   ▶️  [STEP step_5] FILL: password
2026-01-20T00:06:45.5040319Z     🔍 Trying 3 validated locators from golden path...
2026-01-20T00:06:45.5040741Z     ✅ SUCCESS! Locator #1: #password... (method: unknown, stability: 0.85)
2026-01-20T00:06:45.5041097Z     ✅ Step step_5 Passed.
2026-01-20T00:06:45.5041353Z   ▶️  [STEP step_6] CLICK: Login
2026-01-20T00:06:45.5041658Z     🔍 Trying 2 validated locators from golden path...
2026-01-20T00:06:45.5042076Z     ✅ SUCCESS! Locator #1: text='Login'... (method: unknown, stability: 0.70)
2026-01-20T00:06:45.5042445Z     ✅ Step step_6 Passed.
2026-01-20T00:06:45.5042767Z   ▶️  [STEP step_7] ASSERT_VISIBLE: Your username is invalid!
2026-01-20T00:06:45.5043146Z     🔍 Trying 1 validated locators from golden path...
2026-01-20T00:06:45.5043727Z     ✅ SUCCESS! Locator #1: input[name*='username' i], input[id*='username' i], input[cl... (method: unknown, stability: 0.75)
2026-01-20T00:06:45.5044212Z     ✅ Step step_7 Passed.
2026-01-20T00:06:45.5044488Z   ▶️  [STEP step_7_ai_1] FILL: Password
2026-01-20T00:06:45.5044808Z     🔍 Trying 1 validated locators from golden path...
2026-01-20T00:06:45.5045221Z     ✅ SUCCESS! Locator #1: #password... (method: unknown, stability: 0.95)
2026-01-20T00:06:45.5045702Z     ✅ Step step_7_ai_1 Passed.
2026-01-20T00:06:45.5045976Z   ▶️  [STEP step_7_ai_2] FILL: Username
2026-01-20T00:06:45.5046311Z     🔍 Trying 1 validated locators from golden path...
2026-01-20T00:06:45.5046717Z     ✅ SUCCESS! Locator #1: #username... (method: unknown, stability: 0.95)
2026-01-20T00:06:45.5047078Z     ✅ Step step_7_ai_2 Passed.
2026-01-20T00:06:45.5047345Z   ▶️  [STEP step_7_ai_3] CLICK: Login
2026-01-20T00:06:45.5047834Z     🔍 Trying 1 validated locators from golden path...
2026-01-20T00:06:45.5048235Z     ✅ SUCCESS! Locator #1: button... (method: unknown, stability: 0.95)
2026-01-20T00:06:45.5048586Z     ✅ Step step_7_ai_3 Passed.
2026-01-20T00:07:21.2984573Z   ▶️  [STEP step_7_ai_4] FILL: Username
2026-01-20T00:07:21.2986237Z     🔍 Trying 1 validated locators from golden path...
2026-01-20T00:07:21.2987662Z     ✅ SUCCESS! Locator #1: #username... (method: unknown, stability: 0.95)
2026-01-20T00:07:21.2988907Z     ✅ Step step_7_ai_4 Passed.
2026-01-20T00:07:21.2989756Z   ▶️  [STEP step_7_ai_5] CLICK: Login
2026-01-20T00:07:21.2990678Z     🔍 Trying 1 validated locators from golden path...
2026-01-20T00:07:21.2991815Z     ✅ SUCCESS! Locator #1: button... (method: unknown, stability: 0.95)
2026-01-20T00:07:21.2992802Z     ✅ Step step_7_ai_5 Passed.
2026-01-20T00:07:21.2993580Z ✅ Scenario 'Failed Login' completed successfully!
2026-01-20T00:07:21.2994146Z 
2026-01-20T00:07:21.2994395Z --- Scenario: Forgot Password ---
2026-01-20T00:07:21.2995200Z   ▶️  [STEP step_1] NAVIGATE: NAVIGATE
2026-01-20T00:07:21.2996054Z     ✅ Step step_1 Passed.
2026-01-20T00:07:21.2996762Z   ▶️  [STEP step_2] CLICK: Forgot Password
2026-01-20T00:07:21.2997676Z     🔍 Trying 2 validated locators from golden path...
2026-01-20T00:07:21.2999092Z     ✅ SUCCESS! Locator #1: role=link[name='Forgot Password']... (method: unknown, stability: 0.80)
2026-01-20T00:07:21.3000296Z     ✅ Step step_2 Passed.
2026-01-20T00:07:21.3000955Z   ▶️  [STEP step_2_ai_1] FILL: E-mail
2026-01-20T00:07:21.3001832Z     🔍 Trying 1 validated locators from golden path...
2026-01-20T00:07:21.3002976Z     ✅ SUCCESS! Locator #1: #email... (method: unknown, stability: 0.95)
2026-01-20T00:07:21.3003942Z     ✅ Step step_2_ai_1 Passed.
2026-01-20T00:07:21.3004689Z   ▶️  [STEP step_2_ai_2] CLICK: Retrieve password
2026-01-20T00:07:21.3005821Z     🔍 Trying 1 validated locators from golden path...
2026-01-20T00:07:21.3006963Z     ✅ SUCCESS! Locator #1: #form_submit... (method: unknown, stability: 0.95)
2026-01-20T00:07:21.3008008Z     ✅ Step step_2_ai_2 Passed.
2026-01-20T00:07:21.3008717Z   ▶️  [STEP step_3] ASSERT_URL: ASSERT_URL
2026-01-20T00:07:21.3009430Z     ✅ Step step_3 Passed.
2026-01-20T00:07:21.3010197Z ✅ Scenario 'Forgot Password' completed successfully!
2026-01-20T00:07:21.3010755Z 
2026-01-20T00:07:21.3010989Z --- Scenario: Input Number ---
2026-01-20T00:07:21.3011686Z   ▶️  [STEP step_1] NAVIGATE: NAVIGATE
2026-01-20T00:07:21.3012380Z     ✅ Step step_1 Passed.
2026-01-20T00:07:21.3013023Z   ▶️  [STEP step_2] CLICK: Inputs
2026-01-20T00:07:21.3013904Z     🔍 Trying 2 validated locators from golden path...
2026-01-20T00:07:21.3015169Z     ✅ SUCCESS! Locator #1: role=link[name='Inputs']... (method: unknown, stability: 0.80)
2026-01-20T00:07:21.3016566Z     ✅ Step step_2 Passed.
2026-01-20T00:07:21.3017222Z   ▶️  [STEP step_2_ai_1] FILL: input
2026-01-20T00:07:21.3018097Z     🔍 Trying 1 validated locators from golden path...
2026-01-20T00:07:21.3019244Z     ✅ SUCCESS! Locator #1: input... (method: unknown, stability: 0.95)
2026-01-20T00:07:21.3020248Z     ✅ Step step_2_ai_1 Passed.
2026-01-20T00:07:21.3020931Z   ▶️  [STEP step_3] ASSERT_URL: ASSERT_URL
2026-01-20T00:07:21.3021634Z     ✅ Step step_3 Passed.
2026-01-20T00:07:21.3022261Z   ▶️  [STEP step_4] FILL: number
2026-01-20T00:07:21.3023278Z     🔍 Trying 1 validated locators from golden path...
2026-01-20T00:07:21.3024473Z     ✅ SUCCESS! Locator #1: text='Number'... (method: unknown, stability: 0.70)
2026-01-20T00:07:21.3025599Z     ✅ Step step_4 Passed.
2026-01-20T00:07:21.3026268Z   ▶️  [STEP step_4_ai_1] FILL: input
2026-01-20T00:07:21.3027147Z     🔍 Trying 1 validated locators from golden path...
2026-01-20T00:07:21.3028361Z     ✅ SUCCESS! Locator #1: input[type="number"]... (method: unknown, stability: 0.95)
2026-01-20T00:07:21.3028949Z     ✅ Step step_4_ai_1 Passed.
2026-01-20T00:07:21.3029372Z ✅ Scenario 'Input Number' completed successfully!
2026-01-20T00:07:21.3029650Z 
2026-01-20T00:07:21.3029801Z ============================================================
2026-01-20T00:07:21.3030447Z 🎯 EXECUTION SUMMARY
2026-01-20T00:07:21.3030765Z ============================================================
2026-01-20T00:07:21.3031046Z 
2026-01-20T00:07:21.3031198Z 📋 Scenario Overview:
2026-01-20T00:07:21.3031575Z    • Total Scenarios Planned: 4
2026-01-20T00:07:21.3031973Z    • Scenarios Executed: 4
2026-01-20T00:07:21.3032325Z    • Total Steps Executed: 53
2026-01-20T00:07:21.3032540Z 
2026-01-20T00:07:21.3032677Z ✅ Results:
2026-01-20T00:07:21.3032963Z    ✅ Passed: 4 (100%)
2026-01-20T00:07:21.3033135Z 
2026-01-20T00:07:21.3033285Z ============================================================
2026-01-20T00:07:21.3033552Z 
2026-01-20T00:07:21.3034268Z 🏁 Execution Finished. Report: /home/runner/work/build_qa_automation/build_qa_automation/projects/ci_the_internet_forms/execution.json
2026-01-20T00:07:21.3034958Z 
2026-01-20T00:07:21.3035097Z ============================================================
2026-01-20T00:07:21.3035691Z 📊 EXECUTOR PERFORMANCE SUMMARY
2026-01-20T00:07:21.3036053Z ============================================================
2026-01-20T00:07:21.3036348Z 
2026-01-20T00:07:21.3036508Z 🎯 Execution Results:
2026-01-20T00:07:21.3036844Z    • Total Steps: 53
2026-01-20T00:07:21.3037219Z    • First-Attempt Success: 53 (100.0%)
2026-01-20T00:07:21.3037636Z    • Required AI Healing: 0 (0.0%)
2026-01-20T00:07:21.3038036Z    • Final Failures: 0 (0.0%)
2026-01-20T00:07:21.3038233Z 
2026-01-20T00:07:21.3038435Z 🛤️  Golden Path Effectiveness:
2026-01-20T00:07:21.3038813Z    • Steps with Mined Locators: 45
2026-01-20T00:07:21.3039212Z    • Golden Path Hits: 45 (100.0%)
2026-01-20T00:07:21.3039600Z    • Golden Path Misses: 0
2026-01-20T00:07:21.3039961Z    • Fallback Used (No Locators): 8
2026-01-20T00:07:21.3040186Z 
2026-01-20T00:07:21.3040338Z 📈 Overall Assessment:
2026-01-20T00:07:21.3040746Z    🌟 EXCELLENT! Golden path is working perfectly.
2026-01-20T00:07:21.3041033Z 
2026-01-20T00:07:21.3041194Z 🎯 vs Target (100% Flawless):
2026-01-20T00:07:21.3041641Z    ✅ TARGET ACHIEVED! 100% first-attempt success!
2026-01-20T00:07:21.3041922Z 
2026-01-20T00:07:21.3042057Z ============================================================
2026-01-20T00:07:21.4092365Z 
2026-01-20T00:07:21.4093072Z [PHASE] Running Phase: DISCOVERY
2026-01-20T00:07:21.4097757Z    Command: /opt/hostedtoolcache/Python/3.11.14/x64/bin/python /home/runner/work/build_qa_automation/build_qa_automation/core/agents/discovery.py --project /home/runner/work/build_qa_automation/build_qa_automation/projects/ci_the_internet_forms --url https://the-internet.herokuapp.com/ --deep
2026-01-20T00:07:21.4103592Z ✅ Phase 'discovery' completed successfully.
2026-01-20T00:07:21.4104127Z 
2026-01-20T00:07:21.4104370Z [PHASE] Running Phase: PLANNING
2026-01-20T00:07:21.4108021Z    Command: /opt/hostedtoolcache/Python/3.11.14/x64/bin/python /home/runner/work/build_qa_automation/build_qa_automation/core/agents/planner.py --project /home/runner/work/build_qa_automation/build_qa_automation/projects/ci_the_internet_forms --goal Test authentication and forms --url https://the-internet.herokuapp.com/ --deep
2026-01-20T00:07:21.4111757Z ✅ Phase 'planning' completed successfully.
2026-01-20T00:07:21.4112255Z 
2026-01-20T00:07:21.4112503Z [PHASE] Running Phase: EXPLORATION
2026-01-20T00:07:21.4115502Z    Command: /opt/hostedtoolcache/Python/3.11.14/x64/bin/python /home/runner/work/build_qa_automation/build_qa_automation/core/agents/deep_explorer.py --project /home/runner/work/build_qa_automation/build_qa_automation/projects/ci_the_internet_forms
2026-01-20T00:07:21.4118378Z ✅ Phase 'exploration' completed successfully.
2026-01-20T00:07:21.4119278Z 📊 Exploration Discovery Success Rate: 91.8%
2026-01-20T00:07:21.4119773Z 
2026-01-20T00:07:21.4120003Z [PHASE] Running Phase: EXECUTION
2026-01-20T00:07:21.4122574Z    Command: /opt/hostedtoolcache/Python/3.11.14/x64/bin/python /home/runner/work/build_qa_automation/build_qa_automation/core/agents/executor.py --project /home/runner/work/build_qa_automation/build_qa_automation/projects/ci_the_internet_forms
2026-01-20T00:07:21.4125725Z ✅ Phase 'execution' completed successfully.
2026-01-20T00:07:21.4126247Z 
2026-01-20T00:07:21.4126502Z [DONE] Pipeline Execution Finished! [DONE]
2026-01-20T00:07:21.5031803Z ##[group]Run RESULT_FILE="projects/ci_the_internet_forms/execution.json"
2026-01-20T00:07:21.5032287Z [36;1mRESULT_FILE="projects/ci_the_internet_forms/execution.json"[0m
2026-01-20T00:07:21.5032630Z [36;1mif [ -f "$RESULT_FILE" ]; then[0m
2026-01-20T00:07:21.5032944Z [36;1m  echo "✅ Results generated successfully: $RESULT_FILE"[0m
2026-01-20T00:07:21.5033352Z [36;1m  cat "$RESULT_FILE" | jq '.scenarios | length' || echo "Result file exists"[0m
2026-01-20T00:07:21.5033697Z [36;1melse[0m
2026-01-20T00:07:21.5033925Z [36;1m  echo "❌ No result file found at $RESULT_FILE"[0m
2026-01-20T00:07:21.5034187Z [36;1m  exit 1[0m
2026-01-20T00:07:21.5034368Z [36;1mfi[0m
2026-01-20T00:07:21.5053246Z shell: /usr/bin/bash -e {0}
2026-01-20T00:07:21.5053492Z env:
2026-01-20T00:07:21.5053744Z   pythonLocation: /opt/hostedtoolcache/Python/3.11.14/x64
2026-01-20T00:07:21.5054145Z   PKG_CONFIG_PATH: /opt/hostedtoolcache/Python/3.11.14/x64/lib/pkgconfig
2026-01-20T00:07:21.5054567Z   Python_ROOT_DIR: /opt/hostedtoolcache/Python/3.11.14/x64
2026-01-20T00:07:21.5054917Z   Python2_ROOT_DIR: /opt/hostedtoolcache/Python/3.11.14/x64
2026-01-20T00:07:21.5055260Z   Python3_ROOT_DIR: /opt/hostedtoolcache/Python/3.11.14/x64
2026-01-20T00:07:21.5055827Z   LD_LIBRARY_PATH: /opt/hostedtoolcache/Python/3.11.14/x64/lib
2026-01-20T00:07:21.5056128Z ##[endgroup]
2026-01-20T00:07:21.5094941Z ✅ Results generated successfully: projects/ci_the_internet_forms/execution.json
2026-01-20T00:07:21.5119129Z 4
2026-01-20T00:07:21.5176527Z ##[group]Run actions/upload-artifact@v4
2026-01-20T00:07:21.5176772Z with:
2026-01-20T00:07:21.5176976Z   name: the_internet_forms-execution-results
2026-01-20T00:07:21.5177421Z   path: projects/ci_the_internet_forms/execution.json
projects/ci_the_internet_forms/workflow.json

2026-01-20T00:07:21.5177858Z   retention-days: 30
2026-01-20T00:07:21.5178053Z   if-no-files-found: warn
2026-01-20T00:07:21.5178268Z   compression-level: 6
2026-01-20T00:07:21.5178465Z   overwrite: false
2026-01-20T00:07:21.5178665Z   include-hidden-files: false
2026-01-20T00:07:21.5178866Z env:
2026-01-20T00:07:21.5179098Z   pythonLocation: /opt/hostedtoolcache/Python/3.11.14/x64
2026-01-20T00:07:21.5179480Z   PKG_CONFIG_PATH: /opt/hostedtoolcache/Python/3.11.14/x64/lib/pkgconfig
2026-01-20T00:07:21.5179862Z   Python_ROOT_DIR: /opt/hostedtoolcache/Python/3.11.14/x64
2026-01-20T00:07:21.5180203Z   Python2_ROOT_DIR: /opt/hostedtoolcache/Python/3.11.14/x64
2026-01-20T00:07:21.5180574Z   Python3_ROOT_DIR: /opt/hostedtoolcache/Python/3.11.14/x64
2026-01-20T00:07:21.5180920Z   LD_LIBRARY_PATH: /opt/hostedtoolcache/Python/3.11.14/x64/lib
2026-01-20T00:07:21.5181198Z ##[endgroup]
2026-01-20T00:07:21.7148529Z Multiple search paths detected. Calculating the least common ancestor of all paths
2026-01-20T00:07:21.7152446Z The least common ancestor is /home/runner/work/build_qa_automation/build_qa_automation/projects/ci_the_internet_forms. This will be the root directory of the artifact
2026-01-20T00:07:21.7153671Z With the provided path, there will be 2 files uploaded
2026-01-20T00:07:21.7158846Z Artifact name is valid!
2026-01-20T00:07:21.7159736Z Root directory input is valid!
2026-01-20T00:07:21.9629608Z Beginning upload of artifact content to blob storage
2026-01-20T00:07:22.2260579Z Uploaded bytes 2145
2026-01-20T00:07:22.2957020Z Finished uploading artifact content to blob storage!
2026-01-20T00:07:22.2958317Z SHA256 digest of uploaded artifact zip is 44e898ce8e048f893dbeb3abcb7ee23686960c5cab3a0fc2b05d76bc5147a620
2026-01-20T00:07:22.2960816Z Finalizing artifact upload
2026-01-20T00:07:22.4280409Z Artifact the_internet_forms-execution-results.zip successfully finalized. Artifact ID 5183133825
2026-01-20T00:07:22.4281372Z Artifact the_internet_forms-execution-results has been successfully uploaded! Final size is 2145 bytes. Artifact ID is 5183133825
2026-01-20T00:07:22.4288660Z Artifact download URL: https://github.com/vishvasmca-cmd/build_qa_automation/actions/runs/21154472744/artifacts/5183133825
2026-01-20T00:07:22.4384524Z Post job cleanup.
2026-01-20T00:07:22.5762438Z Cache hit occurred on the primary key setup-python-Linux-x64-24.04-Ubuntu-python-3.11.14-pip-dde08d0e0b672972dcda9f1a063036a2e0c226f5d0a20362e9401931676d80a4, not saving cache.
2026-01-20T00:07:22.5844525Z Post job cleanup.
2026-01-20T00:07:22.6709174Z [command]/usr/bin/git version
2026-01-20T00:07:22.6740411Z git version 2.52.0
2026-01-20T00:07:22.6777997Z Temporarily overriding HOME='/home/runner/work/_temp/f55e3ac0-7fa0-4ae2-ad79-2ac2e4b4f4e5' before making global git config changes
2026-01-20T00:07:22.6779178Z Adding repository directory to the temporary git global config as a safe directory
2026-01-20T00:07:22.6784019Z [command]/usr/bin/git config --global --add safe.directory /home/runner/work/build_qa_automation/build_qa_automation
2026-01-20T00:07:22.6814884Z [command]/usr/bin/git config --local --name-only --get-regexp core\.sshCommand
2026-01-20T00:07:22.6840977Z [command]/usr/bin/git submodule foreach --recursive sh -c "git config --local --name-only --get-regexp 'core\.sshCommand' && git config --local --unset-all 'core.sshCommand' || :"
2026-01-20T00:07:22.7015841Z [command]/usr/bin/git config --local --name-only --get-regexp http\.https\:\/\/github\.com\/\.extraheader
2026-01-20T00:07:22.7031962Z http.https://github.com/.extraheader
2026-01-20T00:07:22.7041625Z [command]/usr/bin/git config --local --unset-all http.https://github.com/.extraheader
2026-01-20T00:07:22.7065526Z [command]/usr/bin/git submodule foreach --recursive sh -c "git config --local --name-only --get-regexp 'http\.https\:\/\/github\.com\/\.extraheader' && git config --local --unset-all 'http.https://github.com/.extraheader' || :"
2026-01-20T00:07:22.7230688Z [command]/usr/bin/git config --local --name-only --get-regexp ^includeIf\.gitdir:
2026-01-20T00:07:22.7255130Z [command]/usr/bin/git submodule foreach --recursive git config --local --show-origin --name-only --get-regexp remote.origin.url
2026-01-20T00:07:22.7522591Z Cleaning up orphan processes
