2026-01-18T23:39:23.7154644Z Current runner version: '2.331.0'
2026-01-18T23:39:23.7188614Z ##[group]Runner Image Provisioner
2026-01-18T23:39:23.7189904Z Hosted Compute Agent
2026-01-18T23:39:23.7190776Z Version: 20251211.462
2026-01-18T23:39:23.7191680Z Commit: 6cbad8c2bb55d58165063d031ccabf57e2d2db61
2026-01-18T23:39:23.7193053Z Build Date: 2025-12-11T16:28:49Z
2026-01-18T23:39:23.7194160Z Worker ID: {26205c70-fa5f-4649-985f-d643f4d12a05}
2026-01-18T23:39:23.7195382Z ##[endgroup]
2026-01-18T23:39:23.7196366Z ##[group]Operating System
2026-01-18T23:39:23.7197633Z Ubuntu
2026-01-18T23:39:23.7198571Z 24.04.3
2026-01-18T23:39:23.7199475Z LTS
2026-01-18T23:39:23.7200225Z ##[endgroup]
2026-01-18T23:39:23.7201116Z ##[group]Runner Image
2026-01-18T23:39:23.7202108Z Image: ubuntu-24.04
2026-01-18T23:39:23.7202907Z Version: 20260111.209.1
2026-01-18T23:39:23.7204873Z Included Software: https://github.com/actions/runner-images/blob/ubuntu24/20260111.209/images/ubuntu/Ubuntu2404-Readme.md
2026-01-18T23:39:23.7207806Z Image Release: https://github.com/actions/runner-images/releases/tag/ubuntu24%2F20260111.209
2026-01-18T23:39:23.7209699Z ##[endgroup]
2026-01-18T23:39:23.7211510Z ##[group]GITHUB_TOKEN Permissions
2026-01-18T23:39:23.7214382Z Contents: read
2026-01-18T23:39:23.7215249Z Metadata: read
2026-01-18T23:39:23.7216229Z Packages: read
2026-01-18T23:39:23.7217245Z ##[endgroup]
2026-01-18T23:39:23.7220282Z Secret source: Actions
2026-01-18T23:39:23.7222403Z Prepare workflow directory
2026-01-18T23:39:23.8716514Z Prepare all required actions
2026-01-18T23:39:23.8753255Z Getting action download info
2026-01-18T23:39:24.0877840Z Download action repository 'actions/checkout@v4' (SHA:34e114876b0b11c390a56381ad16ebd13914f8d5)
2026-01-18T23:39:24.1887865Z Download action repository 'actions/setup-python@v5' (SHA:a26af69be951a213d495a4c3e4e4022e16d87065)
2026-01-18T23:39:24.3562727Z Download action repository 'actions/upload-artifact@v4' (SHA:ea165f8d65b6e75b540449e92b4886f43607fa02)
2026-01-18T23:39:24.7306881Z Complete job name: test-websites-deep (phptravels_demo, https://phptravels.com/demo/, Explore travel booking)
2026-01-18T23:39:24.9839477Z ##[group]Run actions/checkout@v4
2026-01-18T23:39:24.9840750Z with:
2026-01-18T23:39:24.9841548Z   repository: vishvasmca-cmd/build_qa_automation
2026-01-18T23:39:24.9842957Z   token: ***
2026-01-18T23:39:24.9843651Z   ssh-strict: true
2026-01-18T23:39:24.9844360Z   ssh-user: git
2026-01-18T23:39:24.9845076Z   persist-credentials: true
2026-01-18T23:39:24.9845897Z   clean: true
2026-01-18T23:39:24.9846824Z   sparse-checkout-cone-mode: true
2026-01-18T23:39:24.9847740Z   fetch-depth: 1
2026-01-18T23:39:24.9848445Z   fetch-tags: false
2026-01-18T23:39:24.9849166Z   show-progress: true
2026-01-18T23:39:24.9849905Z   lfs: false
2026-01-18T23:39:24.9850579Z   submodules: false
2026-01-18T23:39:24.9851340Z   set-safe-directory: true
2026-01-18T23:39:24.9852441Z ##[endgroup]
2026-01-18T23:39:25.0952679Z Syncing repository: vishvasmca-cmd/build_qa_automation
2026-01-18T23:39:25.0955322Z ##[group]Getting Git version info
2026-01-18T23:39:25.0957100Z Working directory is '/home/runner/work/build_qa_automation/build_qa_automation'
2026-01-18T23:39:25.0959116Z [command]/usr/bin/git version
2026-01-18T23:39:25.1033312Z git version 2.52.0
2026-01-18T23:39:25.1059742Z ##[endgroup]
2026-01-18T23:39:25.1080834Z Temporarily overriding HOME='/home/runner/work/_temp/5e576b93-fe82-46a0-ad87-d22089a59793' before making global git config changes
2026-01-18T23:39:25.1083401Z Adding repository directory to the temporary git global config as a safe directory
2026-01-18T23:39:25.1086140Z [command]/usr/bin/git config --global --add safe.directory /home/runner/work/build_qa_automation/build_qa_automation
2026-01-18T23:39:25.1125827Z Deleting the contents of '/home/runner/work/build_qa_automation/build_qa_automation'
2026-01-18T23:39:25.1129129Z ##[group]Initializing the repository
2026-01-18T23:39:25.1133341Z [command]/usr/bin/git init /home/runner/work/build_qa_automation/build_qa_automation
2026-01-18T23:39:25.1264053Z hint: Using 'master' as the name for the initial branch. This default branch name
2026-01-18T23:39:25.1267893Z hint: will change to "main" in Git 3.0. To configure the initial branch name
2026-01-18T23:39:25.1270390Z hint: to use in all of your new repositories, which will suppress this warning,
2026-01-18T23:39:25.1271744Z hint: call:
2026-01-18T23:39:25.1272382Z hint:
2026-01-18T23:39:25.1273514Z hint: 	git config --global init.defaultBranch <name>
2026-01-18T23:39:25.1275157Z hint:
2026-01-18T23:39:25.1276166Z hint: Names commonly chosen instead of 'master' are 'main', 'trunk' and
2026-01-18T23:39:25.1278137Z hint: 'development'. The just-created branch can be renamed via this command:
2026-01-18T23:39:25.1279470Z hint:
2026-01-18T23:39:25.1280550Z hint: 	git branch -m <name>
2026-01-18T23:39:25.1281367Z hint:
2026-01-18T23:39:25.1282464Z hint: Disable this message with "git config set advice.defaultBranchName false"
2026-01-18T23:39:25.1284559Z Initialized empty Git repository in /home/runner/work/build_qa_automation/build_qa_automation/.git/
2026-01-18T23:39:25.1288211Z [command]/usr/bin/git remote add origin https://github.com/vishvasmca-cmd/build_qa_automation
2026-01-18T23:39:25.1318229Z ##[endgroup]
2026-01-18T23:39:25.1319669Z ##[group]Disabling automatic garbage collection
2026-01-18T23:39:25.1321649Z [command]/usr/bin/git config --local gc.auto 0
2026-01-18T23:39:25.1351231Z ##[endgroup]
2026-01-18T23:39:25.1352423Z ##[group]Setting up auth
2026-01-18T23:39:25.1357579Z [command]/usr/bin/git config --local --name-only --get-regexp core\.sshCommand
2026-01-18T23:39:25.1387452Z [command]/usr/bin/git submodule foreach --recursive sh -c "git config --local --name-only --get-regexp 'core\.sshCommand' && git config --local --unset-all 'core.sshCommand' || :"
2026-01-18T23:39:25.1753131Z [command]/usr/bin/git config --local --name-only --get-regexp http\.https\:\/\/github\.com\/\.extraheader
2026-01-18T23:39:25.1786877Z [command]/usr/bin/git submodule foreach --recursive sh -c "git config --local --name-only --get-regexp 'http\.https\:\/\/github\.com\/\.extraheader' && git config --local --unset-all 'http.https://github.com/.extraheader' || :"
2026-01-18T23:39:25.2011226Z [command]/usr/bin/git config --local --name-only --get-regexp ^includeIf\.gitdir:
2026-01-18T23:39:25.2042806Z [command]/usr/bin/git submodule foreach --recursive git config --local --show-origin --name-only --get-regexp remote.origin.url
2026-01-18T23:39:25.2267391Z [command]/usr/bin/git config --local http.https://github.com/.extraheader AUTHORIZATION: basic ***
2026-01-18T23:39:25.2301050Z ##[endgroup]
2026-01-18T23:39:25.2302341Z ##[group]Fetching the repository
2026-01-18T23:39:25.2309681Z [command]/usr/bin/git -c protocol.version=2 fetch --no-tags --prune --no-recurse-submodules --depth=1 origin +10179ac5c7473147e4be3845796c28603a0fa5da:refs/remotes/origin/main
2026-01-18T23:39:26.0063799Z From https://github.com/vishvasmca-cmd/build_qa_automation
2026-01-18T23:39:26.0065537Z  * [new ref]         10179ac5c7473147e4be3845796c28603a0fa5da -> origin/main
2026-01-18T23:39:26.0108351Z ##[endgroup]
2026-01-18T23:39:26.0109301Z ##[group]Determining the checkout info
2026-01-18T23:39:26.0110518Z ##[endgroup]
2026-01-18T23:39:26.0116240Z [command]/usr/bin/git sparse-checkout disable
2026-01-18T23:39:26.0158920Z [command]/usr/bin/git config --local --unset-all extensions.worktreeConfig
2026-01-18T23:39:26.0186852Z ##[group]Checking out the ref
2026-01-18T23:39:26.0192164Z [command]/usr/bin/git checkout --progress --force -B main refs/remotes/origin/main
2026-01-18T23:39:26.1363745Z Switched to a new branch 'main'
2026-01-18T23:39:26.1367141Z branch 'main' set up to track 'origin/main'.
2026-01-18T23:39:26.1382297Z ##[endgroup]
2026-01-18T23:39:26.1423276Z [command]/usr/bin/git log -1 --format=%H
2026-01-18T23:39:26.1445496Z 10179ac5c7473147e4be3845796c28603a0fa5da
2026-01-18T23:39:26.2967092Z ##[group]Run actions/setup-python@v5
2026-01-18T23:39:26.2967549Z with:
2026-01-18T23:39:26.2967858Z   python-version: 3.11
2026-01-18T23:39:26.2968192Z   cache: pip
2026-01-18T23:39:26.2968847Z   check-latest: false
2026-01-18T23:39:26.2969417Z   token: ***
2026-01-18T23:39:26.2969743Z   update-environment: true
2026-01-18T23:39:26.2970098Z   allow-prereleases: false
2026-01-18T23:39:26.2970458Z   freethreaded: false
2026-01-18T23:39:26.2970785Z ##[endgroup]
2026-01-18T23:39:26.4687884Z ##[group]Installed versions
2026-01-18T23:39:26.4805949Z Successfully set up CPython (3.11.14)
2026-01-18T23:39:26.4807505Z ##[endgroup]
2026-01-18T23:39:26.5772843Z [command]/opt/hostedtoolcache/Python/3.11.14/x64/bin/pip cache dir
2026-01-18T23:39:29.1300428Z /home/runner/.cache/pip
2026-01-18T23:39:29.2303854Z Cache hit for: setup-python-Linux-x64-24.04-Ubuntu-python-3.11.14-pip-dde08d0e0b672972dcda9f1a063036a2e0c226f5d0a20362e9401931676d80a4
2026-01-18T23:39:30.3120682Z Received 209715200 of 254742636 (82.3%), 199.0 MBs/sec
2026-01-18T23:39:30.4732214Z Received 254742636 of 254742636 (100.0%), 208.2 MBs/sec
2026-01-18T23:39:30.4734724Z Cache Size: ~243 MB (254742636 B)
2026-01-18T23:39:30.4773181Z [command]/usr/bin/tar -xf /home/runner/work/_temp/cdc72c75-865c-4970-ac3c-2840d74ff259/cache.tzst -P -C /home/runner/work/build_qa_automation/build_qa_automation --use-compress-program unzstd
2026-01-18T23:39:30.8880435Z Cache restored successfully
2026-01-18T23:39:30.9408580Z Cache restored from key: setup-python-Linux-x64-24.04-Ubuntu-python-3.11.14-pip-dde08d0e0b672972dcda9f1a063036a2e0c226f5d0a20362e9401931676d80a4
2026-01-18T23:39:30.9671146Z ##[group]Run pip install -r requirements.txt
2026-01-18T23:39:30.9671661Z [36;1mpip install -r requirements.txt[0m
2026-01-18T23:39:30.9672024Z [36;1mplaywright install chromium[0m
2026-01-18T23:39:30.9711169Z shell: /usr/bin/bash -e {0}
2026-01-18T23:39:30.9711599Z env:
2026-01-18T23:39:30.9711948Z   pythonLocation: /opt/hostedtoolcache/Python/3.11.14/x64
2026-01-18T23:39:30.9712505Z   PKG_CONFIG_PATH: /opt/hostedtoolcache/Python/3.11.14/x64/lib/pkgconfig
2026-01-18T23:39:30.9713071Z   Python_ROOT_DIR: /opt/hostedtoolcache/Python/3.11.14/x64
2026-01-18T23:39:30.9713605Z   Python2_ROOT_DIR: /opt/hostedtoolcache/Python/3.11.14/x64
2026-01-18T23:39:30.9714067Z   Python3_ROOT_DIR: /opt/hostedtoolcache/Python/3.11.14/x64
2026-01-18T23:39:30.9714538Z   LD_LIBRARY_PATH: /opt/hostedtoolcache/Python/3.11.14/x64/lib
2026-01-18T23:39:30.9714956Z ##[endgroup]
2026-01-18T23:39:32.6080482Z Collecting playwright (from -r requirements.txt (line 1))
2026-01-18T23:39:32.6097426Z   Using cached playwright-1.57.0-py3-none-manylinux1_x86_64.whl.metadata (3.5 kB)
2026-01-18T23:39:32.6290039Z Collecting python-dotenv (from -r requirements.txt (line 2))
2026-01-18T23:39:32.6305086Z   Using cached python_dotenv-1.2.1-py3-none-any.whl.metadata (25 kB)
2026-01-18T23:39:32.6601485Z Collecting requests (from -r requirements.txt (line 3))
2026-01-18T23:39:32.6617120Z   Using cached requests-2.32.5-py3-none-any.whl.metadata (4.9 kB)
2026-01-18T23:39:32.8322942Z Collecting pillow (from -r requirements.txt (line 4))
2026-01-18T23:39:32.8340393Z   Using cached pillow-12.1.0-cp311-cp311-manylinux_2_27_x86_64.manylinux_2_28_x86_64.whl.metadata (8.8 kB)
2026-01-18T23:39:32.8615949Z Collecting google-genai>=0.3.0 (from -r requirements.txt (line 5))
2026-01-18T23:39:32.8629807Z   Using cached google_genai-1.59.0-py3-none-any.whl.metadata (53 kB)
2026-01-18T23:39:32.8801032Z Collecting termcolor (from -r requirements.txt (line 6))
2026-01-18T23:39:32.8814370Z   Using cached termcolor-3.3.0-py3-none-any.whl.metadata (6.5 kB)
2026-01-18T23:39:32.9215164Z Collecting PyYAML (from -r requirements.txt (line 7))
2026-01-18T23:39:32.9229721Z   Using cached pyyaml-6.0.3-cp311-cp311-manylinux2014_x86_64.manylinux_2_17_x86_64.manylinux_2_28_x86_64.whl.metadata (2.4 kB)
2026-01-18T23:39:32.9806973Z Collecting opencv-python-headless (from -r requirements.txt (line 8))
2026-01-18T23:39:32.9825762Z   Using cached opencv_python_headless-4.13.0.90-cp37-abi3-manylinux_2_28_x86_64.whl.metadata (19 kB)
2026-01-18T23:39:33.1967072Z Collecting numpy (from -r requirements.txt (line 9))
2026-01-18T23:39:33.1982046Z   Using cached numpy-2.4.1-cp311-cp311-manylinux_2_27_x86_64.manylinux_2_28_x86_64.whl.metadata (6.6 kB)
2026-01-18T23:39:33.2840746Z Collecting faker (from -r requirements.txt (line 10))
2026-01-18T23:39:33.2854988Z   Using cached faker-40.1.2-py3-none-any.whl.metadata (16 kB)
2026-01-18T23:39:33.3032188Z Collecting pyee<14,>=13 (from playwright->-r requirements.txt (line 1))
2026-01-18T23:39:33.3045209Z   Using cached pyee-13.0.0-py3-none-any.whl.metadata (2.9 kB)
2026-01-18T23:39:33.4264920Z Collecting greenlet<4.0.0,>=3.1.1 (from playwright->-r requirements.txt (line 1))
2026-01-18T23:39:33.4279839Z   Using cached greenlet-3.3.0-cp311-cp311-manylinux_2_24_x86_64.manylinux_2_28_x86_64.whl.metadata (4.1 kB)
2026-01-18T23:39:33.4495946Z Collecting typing-extensions (from pyee<14,>=13->playwright->-r requirements.txt (line 1))
2026-01-18T23:39:33.4509250Z   Using cached typing_extensions-4.15.0-py3-none-any.whl.metadata (3.3 kB)
2026-01-18T23:39:33.5331522Z Collecting charset_normalizer<4,>=2 (from requests->-r requirements.txt (line 3))
2026-01-18T23:39:33.5345441Z   Using cached charset_normalizer-3.4.4-cp311-cp311-manylinux2014_x86_64.manylinux_2_17_x86_64.manylinux_2_28_x86_64.whl.metadata (37 kB)
2026-01-18T23:39:33.5519246Z Collecting idna<4,>=2.5 (from requests->-r requirements.txt (line 3))
2026-01-18T23:39:33.5532469Z   Using cached idna-3.11-py3-none-any.whl.metadata (8.4 kB)
2026-01-18T23:39:33.5819822Z Collecting urllib3<3,>=1.21.1 (from requests->-r requirements.txt (line 3))
2026-01-18T23:39:33.5832975Z   Using cached urllib3-2.6.3-py3-none-any.whl.metadata (6.9 kB)
2026-01-18T23:39:33.6071765Z Collecting certifi>=2017.4.17 (from requests->-r requirements.txt (line 3))
2026-01-18T23:39:33.6085182Z   Using cached certifi-2026.1.4-py3-none-any.whl.metadata (2.5 kB)
2026-01-18T23:39:33.6301838Z Collecting anyio<5.0.0,>=4.8.0 (from google-genai>=0.3.0->-r requirements.txt (line 5))
2026-01-18T23:39:33.6315277Z   Using cached anyio-4.12.1-py3-none-any.whl.metadata (4.3 kB)
2026-01-18T23:39:33.6667653Z Collecting google-auth<3.0.0,>=2.47.0 (from google-auth[requests]<3.0.0,>=2.47.0->google-genai>=0.3.0->-r requirements.txt (line 5))
2026-01-18T23:39:33.6681283Z   Using cached google_auth-2.47.0-py3-none-any.whl.metadata (6.4 kB)
2026-01-18T23:39:33.6934025Z Collecting httpx<1.0.0,>=0.28.1 (from google-genai>=0.3.0->-r requirements.txt (line 5))
2026-01-18T23:39:33.6947599Z   Using cached httpx-0.28.1-py3-none-any.whl.metadata (7.1 kB)
2026-01-18T23:39:33.8371114Z Collecting pydantic<3.0.0,>=2.9.0 (from google-genai>=0.3.0->-r requirements.txt (line 5))
2026-01-18T23:39:33.8385645Z   Using cached pydantic-2.12.5-py3-none-any.whl.metadata (90 kB)
2026-01-18T23:39:33.8677174Z Collecting tenacity<9.2.0,>=8.2.3 (from google-genai>=0.3.0->-r requirements.txt (line 5))
2026-01-18T23:39:33.8690023Z   Using cached tenacity-9.1.2-py3-none-any.whl.metadata (1.2 kB)
2026-01-18T23:39:33.9550838Z Collecting websockets<15.1.0,>=13.0.0 (from google-genai>=0.3.0->-r requirements.txt (line 5))
2026-01-18T23:39:33.9565555Z   Using cached websockets-15.0.1-cp311-cp311-manylinux_2_5_x86_64.manylinux1_x86_64.manylinux_2_17_x86_64.manylinux2014_x86_64.whl.metadata (6.8 kB)
2026-01-18T23:39:33.9728381Z Collecting distro<2,>=1.7.0 (from google-genai>=0.3.0->-r requirements.txt (line 5))
2026-01-18T23:39:33.9741323Z   Using cached distro-1.9.0-py3-none-any.whl.metadata (6.8 kB)
2026-01-18T23:39:33.9854777Z Collecting sniffio (from google-genai>=0.3.0->-r requirements.txt (line 5))
2026-01-18T23:39:33.9867613Z   Using cached sniffio-1.3.1-py3-none-any.whl.metadata (3.9 kB)
2026-01-18T23:39:34.0163257Z Collecting pyasn1-modules>=0.2.1 (from google-auth<3.0.0,>=2.47.0->google-auth[requests]<3.0.0,>=2.47.0->google-genai>=0.3.0->-r requirements.txt (line 5))
2026-01-18T23:39:34.0175793Z   Using cached pyasn1_modules-0.4.2-py3-none-any.whl.metadata (3.5 kB)
2026-01-18T23:39:34.0369915Z Collecting rsa<5,>=3.1.4 (from google-auth<3.0.0,>=2.47.0->google-auth[requests]<3.0.0,>=2.47.0->google-genai>=0.3.0->-r requirements.txt (line 5))
2026-01-18T23:39:34.0382728Z   Using cached rsa-4.9.1-py3-none-any.whl.metadata (5.6 kB)
2026-01-18T23:39:34.0676314Z Collecting httpcore==1.* (from httpx<1.0.0,>=0.28.1->google-genai>=0.3.0->-r requirements.txt (line 5))
2026-01-18T23:39:34.0688829Z   Using cached httpcore-1.0.9-py3-none-any.whl.metadata (21 kB)
2026-01-18T23:39:34.0849828Z Collecting h11>=0.16 (from httpcore==1.*->httpx<1.0.0,>=0.28.1->google-genai>=0.3.0->-r requirements.txt (line 5))
2026-01-18T23:39:34.0863258Z   Using cached h11-0.16.0-py3-none-any.whl.metadata (8.3 kB)
2026-01-18T23:39:34.1007197Z Collecting annotated-types>=0.6.0 (from pydantic<3.0.0,>=2.9.0->google-genai>=0.3.0->-r requirements.txt (line 5))
2026-01-18T23:39:34.1019794Z   Using cached annotated_types-0.7.0-py3-none-any.whl.metadata (15 kB)
2026-01-18T23:39:34.7547895Z Collecting pydantic-core==2.41.5 (from pydantic<3.0.0,>=2.9.0->google-genai>=0.3.0->-r requirements.txt (line 5))
2026-01-18T23:39:34.7563654Z   Using cached pydantic_core-2.41.5-cp311-cp311-manylinux_2_17_x86_64.manylinux2014_x86_64.whl.metadata (7.3 kB)
2026-01-18T23:39:34.7729962Z Collecting typing-inspection>=0.4.2 (from pydantic<3.0.0,>=2.9.0->google-genai>=0.3.0->-r requirements.txt (line 5))
2026-01-18T23:39:34.7744725Z   Using cached typing_inspection-0.4.2-py3-none-any.whl.metadata (2.6 kB)
2026-01-18T23:39:34.8463425Z Collecting pyasn1>=0.1.3 (from rsa<5,>=3.1.4->google-auth<3.0.0,>=2.47.0->google-auth[requests]<3.0.0,>=2.47.0->google-genai>=0.3.0->-r requirements.txt (line 5))
2026-01-18T23:39:34.8477897Z   Using cached pyasn1-0.6.2-py3-none-any.whl.metadata (8.4 kB)
2026-01-18T23:39:34.8740480Z Using cached playwright-1.57.0-py3-none-manylinux1_x86_64.whl (46.0 MB)
2026-01-18T23:39:34.9082361Z Using cached greenlet-3.3.0-cp311-cp311-manylinux_2_24_x86_64.manylinux_2_28_x86_64.whl (590 kB)
2026-01-18T23:39:34.9098392Z Using cached pyee-13.0.0-py3-none-any.whl (15 kB)
2026-01-18T23:39:34.9111691Z Using cached python_dotenv-1.2.1-py3-none-any.whl (21 kB)
2026-01-18T23:39:34.9124669Z Using cached requests-2.32.5-py3-none-any.whl (64 kB)
2026-01-18T23:39:34.9139055Z Using cached charset_normalizer-3.4.4-cp311-cp311-manylinux2014_x86_64.manylinux_2_17_x86_64.manylinux_2_28_x86_64.whl (151 kB)
2026-01-18T23:39:34.9152640Z Using cached idna-3.11-py3-none-any.whl (71 kB)
2026-01-18T23:39:34.9165943Z Using cached urllib3-2.6.3-py3-none-any.whl (131 kB)
2026-01-18T23:39:34.9179867Z Using cached pillow-12.1.0-cp311-cp311-manylinux_2_27_x86_64.manylinux_2_28_x86_64.whl (7.0 MB)
2026-01-18T23:39:34.9241733Z Using cached google_genai-1.59.0-py3-none-any.whl (719 kB)
2026-01-18T23:39:34.9259437Z Using cached anyio-4.12.1-py3-none-any.whl (113 kB)
2026-01-18T23:39:34.9272735Z Using cached distro-1.9.0-py3-none-any.whl (20 kB)
2026-01-18T23:39:34.9285733Z Using cached google_auth-2.47.0-py3-none-any.whl (234 kB)
2026-01-18T23:39:34.9300094Z Using cached httpx-0.28.1-py3-none-any.whl (73 kB)
2026-01-18T23:39:34.9313258Z Using cached httpcore-1.0.9-py3-none-any.whl (78 kB)
2026-01-18T23:39:34.9326390Z Using cached pydantic-2.12.5-py3-none-any.whl (463 kB)
2026-01-18T23:39:34.9342579Z Using cached pydantic_core-2.41.5-cp311-cp311-manylinux_2_17_x86_64.manylinux2014_x86_64.whl (2.1 MB)
2026-01-18T23:39:34.9369771Z Using cached rsa-4.9.1-py3-none-any.whl (34 kB)
2026-01-18T23:39:34.9382481Z Using cached tenacity-9.1.2-py3-none-any.whl (28 kB)
2026-01-18T23:39:34.9395384Z Using cached typing_extensions-4.15.0-py3-none-any.whl (44 kB)
2026-01-18T23:39:34.9409028Z Using cached websockets-15.0.1-cp311-cp311-manylinux_2_5_x86_64.manylinux1_x86_64.manylinux_2_17_x86_64.manylinux2014_x86_64.whl (182 kB)
2026-01-18T23:39:34.9422473Z Using cached termcolor-3.3.0-py3-none-any.whl (7.7 kB)
2026-01-18T23:39:34.9435706Z Using cached pyyaml-6.0.3-cp311-cp311-manylinux2014_x86_64.manylinux_2_17_x86_64.manylinux_2_28_x86_64.whl (806 kB)
2026-01-18T23:39:34.9454374Z Using cached opencv_python_headless-4.13.0.90-cp37-abi3-manylinux_2_28_x86_64.whl (62.5 MB)
2026-01-18T23:39:34.9908791Z Using cached numpy-2.4.1-cp311-cp311-manylinux_2_27_x86_64.manylinux_2_28_x86_64.whl (16.7 MB)
2026-01-18T23:39:35.0038436Z Using cached faker-40.1.2-py3-none-any.whl (2.0 MB)
2026-01-18T23:39:35.0064719Z Using cached annotated_types-0.7.0-py3-none-any.whl (13 kB)
2026-01-18T23:39:35.0077757Z Using cached certifi-2026.1.4-py3-none-any.whl (152 kB)
2026-01-18T23:39:35.0091281Z Using cached h11-0.16.0-py3-none-any.whl (37 kB)
2026-01-18T23:39:35.0104164Z Using cached pyasn1-0.6.2-py3-none-any.whl (83 kB)
2026-01-18T23:39:35.0117550Z Using cached pyasn1_modules-0.4.2-py3-none-any.whl (181 kB)
2026-01-18T23:39:35.0131620Z Using cached typing_inspection-0.4.2-py3-none-any.whl (14 kB)
2026-01-18T23:39:35.0144457Z Using cached sniffio-1.3.1-py3-none-any.whl (10 kB)
2026-01-18T23:39:35.2718754Z Installing collected packages: websockets, urllib3, typing-extensions, termcolor, tenacity, sniffio, PyYAML, python-dotenv, pyasn1, pillow, numpy, idna, h11, greenlet, faker, distro, charset_normalizer, certifi, annotated-types, typing-inspection, rsa, requests, pyee, pydantic-core, pyasn1-modules, opencv-python-headless, httpcore, anyio, pydantic, playwright, httpx, google-auth, google-genai
2026-01-18T23:39:41.9138020Z 
2026-01-18T23:39:41.9161083Z Successfully installed PyYAML-6.0.3 annotated-types-0.7.0 anyio-4.12.1 certifi-2026.1.4 charset_normalizer-3.4.4 distro-1.9.0 faker-40.1.2 google-auth-2.47.0 google-genai-1.59.0 greenlet-3.3.0 h11-0.16.0 httpcore-1.0.9 httpx-0.28.1 idna-3.11 numpy-2.4.1 opencv-python-headless-4.13.0.90 pillow-12.1.0 playwright-1.57.0 pyasn1-0.6.2 pyasn1-modules-0.4.2 pydantic-2.12.5 pydantic-core-2.41.5 pyee-13.0.0 python-dotenv-1.2.1 requests-2.32.5 rsa-4.9.1 sniffio-1.3.1 tenacity-9.1.2 termcolor-3.3.0 typing-extensions-4.15.0 typing-inspection-0.4.2 urllib3-2.6.3 websockets-15.0.1
2026-01-18T23:39:42.5174579Z Downloading Chromium 143.0.7499.4 (playwright build v1200) from https://cdn.playwright.dev/dbazure/download/playwright/builds/chromium/1200/chromium-linux.zip
2026-01-18T23:39:42.6132459Z (node:2257) [DEP0169] DeprecationWarning: `url.parse()` behavior is not standardized and prone to errors that have security implications. Use the WHATWG URL API instead. CVEs are not issued for `url.parse()` vulnerabilities.
2026-01-18T23:39:42.6133853Z (Use `node --trace-deprecation ...` to show where the warning was created)
2026-01-18T23:39:42.6868740Z |                                                                                |   0% of 164.7 MiB
2026-01-18T23:39:42.8221984Z |■■■■■■■■                                                                        |  10% of 164.7 MiB
2026-01-18T23:39:42.8928660Z |■■■■■■■■■■■■■■■■                                                                |  20% of 164.7 MiB
2026-01-18T23:39:42.9630540Z |■■■■■■■■■■■■■■■■■■■■■■■■                                                        |  30% of 164.7 MiB
2026-01-18T23:39:43.0371739Z |■■■■■■■■■■■■■■■■■■■■■■■■■■■■■■■■                                                |  40% of 164.7 MiB
2026-01-18T23:39:43.1131959Z |■■■■■■■■■■■■■■■■■■■■■■■■■■■■■■■■■■■■■■■■                                        |  50% of 164.7 MiB
2026-01-18T23:39:43.1741581Z |■■■■■■■■■■■■■■■■■■■■■■■■■■■■■■■■■■■■■■■■■■■■■■■■                                |  60% of 164.7 MiB
2026-01-18T23:39:43.2353423Z |■■■■■■■■■■■■■■■■■■■■■■■■■■■■■■■■■■■■■■■■■■■■■■■■■■■■■■■■                        |  70% of 164.7 MiB
2026-01-18T23:39:43.3127066Z |■■■■■■■■■■■■■■■■■■■■■■■■■■■■■■■■■■■■■■■■■■■■■■■■■■■■■■■■■■■■■■■■                |  80% of 164.7 MiB
2026-01-18T23:39:43.3696416Z |■■■■■■■■■■■■■■■■■■■■■■■■■■■■■■■■■■■■■■■■■■■■■■■■■■■■■■■■■■■■■■■■■■■■■■■■        |  90% of 164.7 MiB
2026-01-18T23:39:43.4228240Z |■■■■■■■■■■■■■■■■■■■■■■■■■■■■■■■■■■■■■■■■■■■■■■■■■■■■■■■■■■■■■■■■■■■■■■■■■■■■■■■■| 100% of 164.7 MiB
2026-01-18T23:39:45.9287106Z Chromium 143.0.7499.4 (playwright build v1200) downloaded to /home/runner/.cache/ms-playwright/chromium-1200
2026-01-18T23:39:45.9291093Z Downloading FFMPEG playwright build v1011 from https://cdn.playwright.dev/dbazure/download/playwright/builds/ffmpeg/1011/ffmpeg-linux.zip
2026-01-18T23:39:46.0270215Z (node:2268) [DEP0169] DeprecationWarning: `url.parse()` behavior is not standardized and prone to errors that have security implications. Use the WHATWG URL API instead. CVEs are not issued for `url.parse()` vulnerabilities.
2026-01-18T23:39:46.0272555Z (Use `node --trace-deprecation ...` to show where the warning was created)
2026-01-18T23:39:46.0896088Z |                                                                                |   0% of 2.3 MiB
2026-01-18T23:39:46.1136941Z |■■■■■■■■                                                                        |  10% of 2.3 MiB
2026-01-18T23:39:46.1250868Z |■■■■■■■■■■■■■■■■                                                                |  20% of 2.3 MiB
2026-01-18T23:39:46.1319962Z |■■■■■■■■■■■■■■■■■■■■■■■■                                                        |  30% of 2.3 MiB
2026-01-18T23:39:46.1369876Z |■■■■■■■■■■■■■■■■■■■■■■■■■■■■■■■■                                                |  40% of 2.3 MiB
2026-01-18T23:39:46.1392930Z |■■■■■■■■■■■■■■■■■■■■■■■■■■■■■■■■■■■■■■■■                                        |  50% of 2.3 MiB
2026-01-18T23:39:46.1423569Z |■■■■■■■■■■■■■■■■■■■■■■■■■■■■■■■■■■■■■■■■■■■■■■■■                                |  60% of 2.3 MiB
2026-01-18T23:39:46.1453546Z |■■■■■■■■■■■■■■■■■■■■■■■■■■■■■■■■■■■■■■■■■■■■■■■■■■■■■■■■                        |  70% of 2.3 MiB
2026-01-18T23:39:46.1470866Z |■■■■■■■■■■■■■■■■■■■■■■■■■■■■■■■■■■■■■■■■■■■■■■■■■■■■■■■■■■■■■■■■                |  80% of 2.3 MiB
2026-01-18T23:39:46.1489272Z |■■■■■■■■■■■■■■■■■■■■■■■■■■■■■■■■■■■■■■■■■■■■■■■■■■■■■■■■■■■■■■■■■■■■■■■■        |  90% of 2.3 MiB
2026-01-18T23:39:46.1499948Z |■■■■■■■■■■■■■■■■■■■■■■■■■■■■■■■■■■■■■■■■■■■■■■■■■■■■■■■■■■■■■■■■■■■■■■■■■■■■■■■■| 100% of 2.3 MiB
2026-01-18T23:39:46.2066203Z FFMPEG playwright build v1011 downloaded to /home/runner/.cache/ms-playwright/ffmpeg-1011
2026-01-18T23:39:46.2070489Z Downloading Chromium Headless Shell 143.0.7499.4 (playwright build v1200) from https://cdn.playwright.dev/dbazure/download/playwright/builds/chromium/1200/chromium-headless-shell-linux.zip
2026-01-18T23:39:46.3033604Z (node:2279) [DEP0169] DeprecationWarning: `url.parse()` behavior is not standardized and prone to errors that have security implications. Use the WHATWG URL API instead. CVEs are not issued for `url.parse()` vulnerabilities.
2026-01-18T23:39:46.3034867Z (Use `node --trace-deprecation ...` to show where the warning was created)
2026-01-18T23:39:46.3769321Z |                                                                                |   0% of 109.7 MiB
2026-01-18T23:39:46.4798579Z |■■■■■■■■                                                                        |  10% of 109.7 MiB
2026-01-18T23:39:46.5362525Z |■■■■■■■■■■■■■■■■                                                                |  20% of 109.7 MiB
2026-01-18T23:39:46.5848864Z |■■■■■■■■■■■■■■■■■■■■■■■■                                                        |  30% of 109.7 MiB
2026-01-18T23:39:46.6260927Z |■■■■■■■■■■■■■■■■■■■■■■■■■■■■■■■■                                                |  40% of 109.7 MiB
2026-01-18T23:39:46.6779317Z |■■■■■■■■■■■■■■■■■■■■■■■■■■■■■■■■■■■■■■■■                                        |  50% of 109.7 MiB
2026-01-18T23:39:46.7262880Z |■■■■■■■■■■■■■■■■■■■■■■■■■■■■■■■■■■■■■■■■■■■■■■■■                                |  60% of 109.7 MiB
2026-01-18T23:39:46.7705333Z |■■■■■■■■■■■■■■■■■■■■■■■■■■■■■■■■■■■■■■■■■■■■■■■■■■■■■■■■                        |  70% of 109.7 MiB
2026-01-18T23:39:46.8111104Z |■■■■■■■■■■■■■■■■■■■■■■■■■■■■■■■■■■■■■■■■■■■■■■■■■■■■■■■■■■■■■■■■                |  80% of 109.7 MiB
2026-01-18T23:39:46.8525001Z |■■■■■■■■■■■■■■■■■■■■■■■■■■■■■■■■■■■■■■■■■■■■■■■■■■■■■■■■■■■■■■■■■■■■■■■■        |  90% of 109.7 MiB
2026-01-18T23:39:46.8931082Z |■■■■■■■■■■■■■■■■■■■■■■■■■■■■■■■■■■■■■■■■■■■■■■■■■■■■■■■■■■■■■■■■■■■■■■■■■■■■■■■■| 100% of 109.7 MiB
2026-01-18T23:39:48.7338428Z Chromium Headless Shell 143.0.7499.4 (playwright build v1200) downloaded to /home/runner/.cache/ms-playwright/chromium_headless_shell-1200
2026-01-18T23:39:48.7651197Z ##[group]Run mkdir -p projects/ci_phptravels_demo
2026-01-18T23:39:48.7651617Z [36;1mmkdir -p projects/ci_phptravels_demo[0m
2026-01-18T23:39:48.7652027Z [36;1mcat > projects/ci_phptravels_demo/config.json << 'EOF'[0m
2026-01-18T23:39:48.7652344Z [36;1m{[0m
2026-01-18T23:39:48.7652553Z [36;1m  "project_name": "ci_phptravels_demo",[0m
2026-01-18T23:39:48.7652902Z [36;1m  "target_url": "https://phptravels.com/demo/",[0m
2026-01-18T23:39:48.7653226Z [36;1m  "goal": "Explore travel booking",[0m
2026-01-18T23:39:48.7653488Z [36;1m  "headless": true[0m
2026-01-18T23:39:48.7653704Z [36;1m}[0m
2026-01-18T23:39:48.7653866Z [36;1mEOF[0m
2026-01-18T23:39:48.7685584Z shell: /usr/bin/bash -e {0}
2026-01-18T23:39:48.7685815Z env:
2026-01-18T23:39:48.7686070Z   pythonLocation: /opt/hostedtoolcache/Python/3.11.14/x64
2026-01-18T23:39:48.7686487Z   PKG_CONFIG_PATH: /opt/hostedtoolcache/Python/3.11.14/x64/lib/pkgconfig
2026-01-18T23:39:48.7687065Z   Python_ROOT_DIR: /opt/hostedtoolcache/Python/3.11.14/x64
2026-01-18T23:39:48.7687426Z   Python2_ROOT_DIR: /opt/hostedtoolcache/Python/3.11.14/x64
2026-01-18T23:39:48.7687793Z   Python3_ROOT_DIR: /opt/hostedtoolcache/Python/3.11.14/x64
2026-01-18T23:39:48.7688157Z   LD_LIBRARY_PATH: /opt/hostedtoolcache/Python/3.11.14/x64/lib
2026-01-18T23:39:48.7688458Z ##[endgroup]
2026-01-18T23:39:48.7847416Z ##[group]Run # Use --deep for comprehensive regression suite
2026-01-18T23:39:48.7847878Z [36;1m# Use --deep for comprehensive regression suite[0m
2026-01-18T23:39:48.7848346Z [36;1mpython orchestrator.py --project projects/ci_phptravels_demo --deep --force[0m
2026-01-18T23:39:48.7876967Z shell: /usr/bin/bash -e {0}
2026-01-18T23:39:48.7877196Z env:
2026-01-18T23:39:48.7877451Z   pythonLocation: /opt/hostedtoolcache/Python/3.11.14/x64
2026-01-18T23:39:48.7877882Z   PKG_CONFIG_PATH: /opt/hostedtoolcache/Python/3.11.14/x64/lib/pkgconfig
2026-01-18T23:39:48.7878298Z   Python_ROOT_DIR: /opt/hostedtoolcache/Python/3.11.14/x64
2026-01-18T23:39:48.7878665Z   Python2_ROOT_DIR: /opt/hostedtoolcache/Python/3.11.14/x64
2026-01-18T23:39:48.7879019Z   Python3_ROOT_DIR: /opt/hostedtoolcache/Python/3.11.14/x64
2026-01-18T23:39:48.7879555Z   LD_LIBRARY_PATH: /opt/hostedtoolcache/Python/3.11.14/x64/lib
2026-01-18T23:39:48.7880170Z   GOOGLE_API_KEY: ***
2026-01-18T23:39:48.7880420Z   PYTHONPATH: .
2026-01-18T23:39:48.7880603Z ##[endgroup]
2026-01-18T23:39:50.7984012Z 🚀 [DEEP] Extensive mapping enabled (Depth: 3, Pages: 50)
2026-01-18T23:39:50.7984549Z 
2026-01-18T23:39:50.7985272Z 🗺️ [DISCOVERY] Starting Parallel Semantic Crawl on https://phptravels.com/demo/ (Workers: 3)
2026-01-18T23:39:52.6360516Z   🔍 [Worker 0] Visiting (0): https://phptravels.com/demo/
2026-01-18T23:39:53.8557992Z [DEBUG] Sending request to gemini-2.0-flash. Number of parts: 1
2026-01-18T23:39:53.8558696Z [DEBUG] Received response (Length: 266)
2026-01-18T23:39:53.8559520Z ✅ Discovery Complete. Mapped 1 pages.
2026-01-18T23:40:06.1187903Z 
2026-01-18T23:40:06.1188568Z [PLAN] PLANNER: Planning goal -> 'Explore travel booking' (Deep Mode: True)
2026-01-18T23:40:06.1189278Z 🗺️ [PLAN] Loaded Sitemap with 1 pages.
2026-01-18T23:40:06.1190295Z 🎭 [EXPERT] Detected Domain: GENERAL. Persona: Act as Senior SDET focusing on exploring the application to understand functional flow and identifying critical paths for end-to-end automation
2026-01-18T23:40:06.1191193Z [DEBUG] Sending request to gemini-2.0-flash. Number of parts: 1
2026-01-18T23:40:06.1191559Z [DEBUG] Received response (Length: 5052)
2026-01-18T23:40:06.1191916Z ✅ Planner generated 3 scenarios. Workflow updated.
2026-01-18T23:40:07.1913454Z 
2026-01-18T23:40:07.1914415Z 🕵️ [DEEP EXPLORER] Starting Multi-Scenario Exploration
2026-01-18T23:40:07.1915178Z 📋 Found 3 scenarios to explore.
2026-01-18T23:40:07.5569100Z 
2026-01-18T23:40:07.5569961Z [1/3] Exploring Scenario: Explore Travel Booking - Hotel Booking Flow
2026-01-18T23:40:07.5571174Z     🧠 Initialized exploration context for goal: 'Explore travel booking'
2026-01-18T23:40:07.5571948Z   ▶️ [STEP step_1] NAVIGATE: 
2026-01-18T23:40:08.2148343Z     ✅ Navigated to https://phptravels.com/demo/
2026-01-18T23:40:08.2148847Z   ▶️ [STEP step_2] ASSERT_URL: 
2026-01-18T23:40:13.2556765Z     ⚠️ Scroll into view failed for text=None. Proceeding anyway.
2026-01-18T23:40:15.2580386Z     ✅ State transitioned.
2026-01-18T23:40:17.2461719Z [DEBUG] Sending request to gemini-2.0-flash. Number of parts: 2
2026-01-18T23:40:17.2462361Z [DEBUG] Received response (Length: 220)
2026-01-18T23:40:17.2463221Z     🤖 AI Next Step Suggestion: click -> Verify you are human
2026-01-18T23:40:17.2463780Z     🧩 Suggested Locator: input[type='checkbox']
2026-01-18T23:40:17.2464796Z     💭 Reasoning: The page requires human verification before proceeding. Clicking the checkbox is the next logical step.
2026-01-18T23:40:17.2465794Z     ➕ Injected AI step: click -> Verify you are human
2026-01-18T23:40:17.2466396Z   ▶️ [STEP step_2_ai_1] CLICK: Verify you are human
2026-01-18T23:40:17.2525188Z     🎯 Using AI-provided locator: input[type='checkbox']
2026-01-18T23:40:17.2548006Z     🔍 Mining locators for: 'Verify you are human'
2026-01-18T23:40:17.2843690Z     ✅ Found 1 verified locators
2026-01-18T23:40:20.8499275Z     ✅ State transitioned.
2026-01-18T23:40:22.6257397Z [DEBUG] Sending request to gemini-2.0-flash. Number of parts: 2
2026-01-18T23:40:22.6258362Z [DEBUG] Received response (Length: 241)
2026-01-18T23:40:22.6259134Z     🤖 AI Next Step Suggestion: click -> Verify you are human
2026-01-18T23:40:22.6259872Z     🧩 Suggested Locator: xpath://*[@id="challenge-stage"]/div/label/input
2026-01-18T23:40:22.6260913Z     💭 Reasoning: The page requires human verification. Clicking the checkbox is the next logical step to proceed.
2026-01-18T23:40:22.6261924Z ⚠️ Loop detected: same AI suggestion repeated 2 times. Moving to next step.
2026-01-18T23:40:22.6262521Z   ▶️ [STEP step_3] CLICK: Hotels
2026-01-18T23:40:22.6318776Z     🔍 Mining locators for: 'Hotels'
2026-01-18T23:40:22.6573725Z     🧠 Consulting AI (Vision-First) to find 'Hotels'...
2026-01-18T23:40:22.6574956Z     🧠 [EXPERT] Strategy: Act as Senior SDET focusing on exploring the application to understand functional flow and identifying critical paths for end-to-end automation.
2026-01-18T23:40:27.5736532Z [DEBUG] Sending request to gemini-2.0-flash. Number of parts: 2
2026-01-18T23:40:27.5737441Z [DEBUG] Received response (Length: 267)
2026-01-18T23:40:27.5738285Z     ⚠️ Skipping duplicate injection: Verify you are human
2026-01-18T23:40:27.5738937Z     🔄 Retry 1/3 mining locators for 'Hotels'...
2026-01-18T23:40:28.6085183Z     🧠 Consulting AI (Vision-First) to find 'Hotels'...
2026-01-18T23:40:28.6086878Z     🧠 [EXPERT] Strategy: Act as Senior SDET focusing on exploring the application to understand functional flow and identifying critical paths for end-to-end automation.
2026-01-18T23:40:28.6091048Z [CACHE HIT] 34ed47b5... (hits: 1, misses: 3)
2026-01-18T23:40:28.6091636Z     ⚠️ Skipping duplicate injection: Verify you are human
2026-01-18T23:40:28.6092042Z     🔄 Retry 2/3 mining locators for 'Hotels'...
2026-01-18T23:40:29.6105235Z     🗑️ Invalidating stale AI cache (retry 2)...
2026-01-18T23:40:29.6106523Z     ⚠️ Cache invalidation warning: No module named 'core.agents.domain_expert'
2026-01-18T23:40:29.6378038Z     🧠 Consulting AI (Vision-First) to find 'Hotels'...
2026-01-18T23:40:29.6379357Z     🧠 [EXPERT] Strategy: Act as Senior SDET focusing on exploring the application to understand functional flow and identifying critical paths for end-to-end automation.
2026-01-18T23:40:29.6384076Z [CACHE HIT] 34ed47b5... (hits: 2, misses: 3)
2026-01-18T23:40:29.6385343Z     ⚠️ Skipping duplicate injection: Verify you are human
2026-01-18T23:40:29.6386994Z     🧠 Verifying step validity for 'Hotels' after no candidates found...
2026-01-18T23:40:32.2970629Z [DEBUG] Sending request to gemini-2.0-flash. Number of parts: 2
2026-01-18T23:40:32.2971274Z [DEBUG] Received response (Length: 237)
2026-01-18T23:40:32.2972631Z     🗑️ Step deemed INVALID: The current page is a Cloudflare verification page. The 'Hotels' element is not present on this page. We need to pass the verification before proceeding to the actual website.. Removing from workflow.
2026-01-18T23:40:32.2973640Z     ⏭️ Skipping execution of invalid step: Hotels
2026-01-18T23:40:32.2973994Z   ▶️ [STEP step_4] ASSERT_VISIBLE: Hotel Search
2026-01-18T23:40:32.3031139Z     🔍 Mining locators for: 'Hotel Search'
2026-01-18T23:40:32.3277907Z     🧠 Consulting AI (Vision-First) to find 'Hotel Search'...
2026-01-18T23:40:32.3279129Z     🧠 [EXPERT] Strategy: Act as Senior SDET focusing on exploring the application to understand functional flow and identifying critical paths for end-to-end automation.
2026-01-18T23:40:37.2246429Z [DEBUG] Sending request to gemini-2.0-flash. Number of parts: 2
2026-01-18T23:40:37.2247304Z [DEBUG] Received response (Length: 255)
2026-01-18T23:40:37.2248834Z     💡 Expert Suggestion: The page is a Cloudflare security check. After passing the check, the Hotel Search should be available.
2026-01-18T23:40:37.2250095Z     🛠️ Executing corrective action: click -> 'Verify you are human'
2026-01-18T23:40:37.7688603Z     ✅ Executed corrective navigation
2026-01-18T23:40:39.7710751Z     🔄 Retry 1/3 mining locators for 'Hotel Search'...
2026-01-18T23:40:40.7981620Z     🧠 Consulting AI (Vision-First) to find 'Hotel Search'...
2026-01-18T23:40:40.7983168Z     🧠 [EXPERT] Strategy: Act as Senior SDET focusing on exploring the application to understand functional flow and identifying critical paths for end-to-end automation.
2026-01-18T23:40:40.7986826Z [CACHE HIT] 412d169c... (hits: 3, misses: 5)
2026-01-18T23:40:40.7987500Z     ⚠️ Skipping duplicate injection: Verify you are human
2026-01-18T23:40:40.7988080Z     🔄 Retry 2/3 mining locators for 'Hotel Search'...
2026-01-18T23:40:41.8001470Z     🗑️ Invalidating stale AI cache (retry 2)...
2026-01-18T23:40:41.8002736Z     ⚠️ Cache invalidation warning: No module named 'core.agents.domain_expert'
2026-01-18T23:40:41.8271483Z     🧠 Consulting AI (Vision-First) to find 'Hotel Search'...
2026-01-18T23:40:41.8272599Z     🧠 [EXPERT] Strategy: Act as Senior SDET focusing on exploring the application to understand functional flow and identifying critical paths for end-to-end automation.
2026-01-18T23:40:41.8276362Z [CACHE HIT] 412d169c... (hits: 4, misses: 5)
2026-01-18T23:40:41.8277327Z     ⚠️ Skipping duplicate injection: Verify you are human
2026-01-18T23:40:41.8277839Z     🧠 Verifying step validity for 'Hotel Search' after no candidates found...
2026-01-18T23:40:43.0075322Z [DEBUG] Sending request to gemini-2.0-flash. Number of parts: 2
2026-01-18T23:40:43.0075762Z [DEBUG] Received response (Length: 242)
2026-01-18T23:40:43.0077385Z     🗑️ Step deemed INVALID: The current page is a Cloudflare security check. The 'Hotel Search' element is not present on this page. We need to pass the security check before we can interact with the website.. Removing from workflow.
2026-01-18T23:40:43.0078651Z     ⏭️ Skipping execution of invalid step: Hotel Search
2026-01-18T23:40:43.0079052Z   ▶️ [STEP step_5] FILL: Search by Hotel or City
2026-01-18T23:40:43.0135600Z     🔍 Mining locators for: 'Search by Hotel or City'
2026-01-18T23:40:43.0375119Z     🧠 Consulting AI (Vision-First) to find 'Search by Hotel or City'...
2026-01-18T23:40:43.0376909Z     🧠 [EXPERT] Strategy: Act as Senior SDET focusing on exploring the application to understand functional flow and identifying critical paths for end-to-end automation.
2026-01-18T23:40:48.2198810Z [DEBUG] Sending request to gemini-2.0-flash. Number of parts: 2
2026-01-18T23:40:48.2199516Z [DEBUG] Received response (Length: 333)
2026-01-18T23:40:48.2201487Z     💡 Expert Suggestion: The current page is a Cloudflare verification page. After completing the verification, the user will likely be redirected to the main page where the search functionality is located.
2026-01-18T23:40:48.2202746Z     🛠️ Executing corrective action: click -> 'Verify you are human'
2026-01-18T23:40:48.7640051Z     ✅ Executed corrective navigation
2026-01-18T23:40:50.7663383Z     🔄 Retry 1/3 mining locators for 'Search by Hotel or City'...
2026-01-18T23:40:51.7930791Z     🧠 Consulting AI (Vision-First) to find 'Search by Hotel or City'...
2026-01-18T23:40:51.7931986Z     🧠 [EXPERT] Strategy: Act as Senior SDET focusing on exploring the application to understand functional flow and identifying critical paths for end-to-end automation.
2026-01-18T23:40:51.7935072Z [CACHE HIT] b1666a11... (hits: 5, misses: 7)
2026-01-18T23:40:51.7935757Z     ⚠️ Skipping duplicate injection: Verify you are human
2026-01-18T23:40:51.7936224Z     🔄 Retry 2/3 mining locators for 'Search by Hotel or City'...
2026-01-18T23:40:52.7939997Z     🗑️ Invalidating stale AI cache (retry 2)...
2026-01-18T23:40:52.7941143Z     ⚠️ Cache invalidation warning: No module named 'core.agents.domain_expert'
2026-01-18T23:40:52.8200466Z     🧠 Consulting AI (Vision-First) to find 'Search by Hotel or City'...
2026-01-18T23:40:52.8202001Z     🧠 [EXPERT] Strategy: Act as Senior SDET focusing on exploring the application to understand functional flow and identifying critical paths for end-to-end automation.
2026-01-18T23:40:52.8204755Z [CACHE HIT] b1666a11... (hits: 6, misses: 7)
2026-01-18T23:40:52.8205553Z     ⚠️ Skipping duplicate injection: Verify you are human
2026-01-18T23:40:52.8208696Z     🧠 Verifying step validity for 'Search by Hotel or City' after no candidates found...
2026-01-18T23:40:54.6389014Z [DEBUG] Sending request to gemini-2.0-flash. Number of parts: 2
2026-01-18T23:40:54.6389495Z [DEBUG] Received response (Length: 254)
2026-01-18T23:40:54.6390991Z     🗑️ Step deemed INVALID: The current page is a Cloudflare verification page. The 'Search by Hotel or City' element is not present on this page. We need to pass the verification before proceeding to the actual website.. Removing from workflow.
2026-01-18T23:40:54.6392297Z     ⏭️ Skipping execution of invalid step: Search by Hotel or City
2026-01-18T23:40:54.6392736Z   ▶️ [STEP step_6] WAIT: 
2026-01-18T23:40:59.6549582Z     ⚠️ Scroll into view failed for text=None. Proceeding anyway.
2026-01-18T23:41:01.6572844Z     ✅ State transitioned.
2026-01-18T23:41:01.6624573Z     🔄 Revisited state detected (count: 1)
2026-01-18T23:41:02.9103073Z [DEBUG] Sending request to gemini-2.0-flash. Number of parts: 2
2026-01-18T23:41:02.9103823Z [DEBUG] Received response (Length: 211)
2026-01-18T23:41:02.9104750Z     🤖 AI Next Step Suggestion: click -> Verify you are human
2026-01-18T23:41:02.9105589Z     🧩 Suggested Locator: Verify you are human
2026-01-18T23:41:02.9107155Z     💭 Reasoning: The page requires human verification. Clicking the checkbox is the next logical step to proceed.
2026-01-18T23:41:02.9108490Z     ➕ Injected AI step: click -> Verify you are human
2026-01-18T23:41:02.9109297Z   ▶️ [STEP step_6_ai_1] CLICK: Verify you are human
2026-01-18T23:41:02.9168554Z     🎯 Using AI-provided locator: Verify you are human
2026-01-18T23:41:02.9189898Z     🔍 Mining locators for: 'Verify you are human'
2026-01-18T23:41:02.9473185Z     ✅ Found 1 verified locators
2026-01-18T23:41:06.5102780Z     ✅ State transitioned.
2026-01-18T23:41:06.5150403Z     🔄 Revisited state detected (count: 2)
2026-01-18T23:41:07.9164572Z [DEBUG] Sending request to gemini-2.0-flash. Number of parts: 2
2026-01-18T23:41:07.9165416Z [DEBUG] Received response (Length: 211)
2026-01-18T23:41:07.9166493Z     🤖 AI Next Step Suggestion: click -> Verify you are human
2026-01-18T23:41:07.9167817Z     🧩 Suggested Locator: Verify you are human
2026-01-18T23:41:07.9169212Z     💭 Reasoning: The page requires human verification. Clicking the checkbox is the next logical step to proceed.
2026-01-18T23:41:07.9170758Z ⚠️ Loop detected: same AI suggestion repeated 2 times. Moving to next step.
2026-01-18T23:41:07.9171773Z   ▶️ [STEP step_7] CLICK: Dubai, United Arab Emirates
2026-01-18T23:41:07.9232094Z     🔍 Mining locators for: 'Dubai, United Arab Emirates'
2026-01-18T23:41:07.9542567Z     🧠 Consulting AI (Vision-First) to find 'Dubai, United Arab Emirates'...
2026-01-18T23:41:07.9544251Z     🧠 [EXPERT] Strategy: Act as Senior SDET focusing on exploring the application to understand functional flow and identifying critical paths for end-to-end automation.
2026-01-18T23:41:13.4079571Z [DEBUG] Sending request to gemini-2.0-flash. Number of parts: 2
2026-01-18T23:41:13.4080020Z [DEBUG] Received response (Length: 381)
2026-01-18T23:41:13.4080645Z     ⚠️ Skipping duplicate injection: Verify you are human
2026-01-18T23:41:13.4081227Z     🔄 Retry 1/3 mining locators for 'Dubai, United Arab Emirates'...
2026-01-18T23:41:14.4374850Z     🧠 Consulting AI (Vision-First) to find 'Dubai, United Arab Emirates'...
2026-01-18T23:41:14.4375985Z     🧠 [EXPERT] Strategy: Act as Senior SDET focusing on exploring the application to understand functional flow and identifying critical paths for end-to-end automation.
2026-01-18T23:41:14.4379295Z [CACHE HIT] 59769810... (hits: 7, misses: 11)
2026-01-18T23:41:14.4380037Z     ⚠️ Skipping duplicate injection: Verify you are human
2026-01-18T23:41:14.4380512Z     🔄 Retry 2/3 mining locators for 'Dubai, United Arab Emirates'...
2026-01-18T23:41:15.4392943Z     🗑️ Invalidating stale AI cache (retry 2)...
2026-01-18T23:41:15.4394189Z     ⚠️ Cache invalidation warning: No module named 'core.agents.domain_expert'
2026-01-18T23:41:15.4697959Z     🧠 Consulting AI (Vision-First) to find 'Dubai, United Arab Emirates'...
2026-01-18T23:41:15.4699703Z     🧠 [EXPERT] Strategy: Act as Senior SDET focusing on exploring the application to understand functional flow and identifying critical paths for end-to-end automation.
2026-01-18T23:41:15.4703025Z [CACHE HIT] 59769810... (hits: 8, misses: 11)
2026-01-18T23:41:15.4704091Z     ⚠️ Skipping duplicate injection: Verify you are human
2026-01-18T23:41:15.4704699Z     🧠 Verifying step validity for 'Dubai, United Arab Emirates' after no candidates found...
2026-01-18T23:42:19.0602006Z [DEBUG] Sending request to gemini-2.0-flash. Number of parts: 2
2026-01-18T23:42:19.0604701Z [DEBUG] LLM Error: 429 RESOURCE_EXHAUSTED. {'error': {'code': 429, 'message': 'Resource exhausted. Please try again later. Please refer to https://cloud.google.com/vertex-ai/generative-ai/docs/error-code-429 for more details.', 'status': 'RESOURCE_EXHAUSTED'}}
2026-01-18T23:42:19.0606458Z ⚠️ 429 Rate Limit Hit. Cooling down for 60s...
2026-01-18T23:42:19.0607166Z [DEBUG] Sending request to gemini-2.0-flash. Number of parts: 2
2026-01-18T23:42:19.0607527Z [DEBUG] Received response (Length: 264)
2026-01-18T23:42:19.0608662Z     🗑️ Step deemed INVALID: The current page is a Cloudflare security check. The element 'Dubai, United Arab Emirates' is not present on this page. We need to pass the security check before proceeding with the travel booking task.. Removing from workflow.
2026-01-18T23:42:19.0609749Z     ⏭️ Skipping execution of invalid step: Dubai, United Arab Emirates
2026-01-18T23:42:19.0610136Z   ▶️ [STEP step_8] CLICK: Search
2026-01-18T23:42:19.0832335Z     🔍 Mining locators for: 'Search'
2026-01-18T23:42:19.1189923Z     🧠 Consulting AI (Vision-First) to find 'Search'...
2026-01-18T23:42:19.1191421Z     🧠 [EXPERT] Strategy: Act as Senior SDET focusing on exploring the application to understand functional flow and identifying critical paths for end-to-end automation.
2026-01-18T23:42:24.2982398Z [DEBUG] Sending request to gemini-2.0-flash. Number of parts: 2
2026-01-18T23:42:24.2983100Z [DEBUG] Received response (Length: 325)
2026-01-18T23:42:24.2984905Z     💡 Expert Suggestion: The page is a Cloudflare verification page. After completing the verification, the user will likely be redirected to the main page where the search functionality is located.
2026-01-18T23:42:24.2985991Z     🛠️ Executing corrective action: click -> 'Verify you are human'
2026-01-18T23:42:24.8453230Z     ✅ Executed corrective navigation
2026-01-18T23:42:26.8476244Z     🔄 Retry 1/3 mining locators for 'Search'...
2026-01-18T23:42:27.8756776Z     🧠 Consulting AI (Vision-First) to find 'Search'...
2026-01-18T23:42:27.8758031Z     🧠 [EXPERT] Strategy: Act as Senior SDET focusing on exploring the application to understand functional flow and identifying critical paths for end-to-end automation.
2026-01-18T23:42:27.8761262Z [CACHE HIT] 3bc238a0... (hits: 9, misses: 14)
2026-01-18T23:42:27.8761965Z     ⚠️ Skipping duplicate injection: Verify you are human
2026-01-18T23:42:27.8762380Z     🔄 Retry 2/3 mining locators for 'Search'...
2026-01-18T23:42:28.8775618Z     🗑️ Invalidating stale AI cache (retry 2)...
2026-01-18T23:42:28.8777215Z     ⚠️ Cache invalidation warning: No module named 'core.agents.domain_expert'
2026-01-18T23:42:28.9038497Z     🧠 Consulting AI (Vision-First) to find 'Search'...
2026-01-18T23:42:28.9039842Z     🧠 [EXPERT] Strategy: Act as Senior SDET focusing on exploring the application to understand functional flow and identifying critical paths for end-to-end automation.
2026-01-18T23:42:28.9043808Z [CACHE HIT] 3bc238a0... (hits: 10, misses: 14)
2026-01-18T23:42:28.9044424Z     ⚠️ Skipping duplicate injection: Verify you are human
2026-01-18T23:42:28.9045322Z     🧠 Verifying step validity for 'Search' after no candidates found...
2026-01-18T23:43:32.2348620Z [DEBUG] Sending request to gemini-2.0-flash. Number of parts: 2
2026-01-18T23:43:32.2351458Z [DEBUG] LLM Error: 429 RESOURCE_EXHAUSTED. {'error': {'code': 429, 'message': 'Resource exhausted. Please try again later. Please refer to https://cloud.google.com/vertex-ai/generative-ai/docs/error-code-429 for more details.', 'status': 'RESOURCE_EXHAUSTED'}}
2026-01-18T23:43:32.2354144Z ⚠️ 429 Rate Limit Hit. Cooling down for 60s...
2026-01-18T23:43:32.2354963Z [DEBUG] Sending request to gemini-2.0-flash. Number of parts: 2
2026-01-18T23:43:32.2355815Z [DEBUG] Received response (Length: 236)
2026-01-18T23:43:32.2358439Z     🗑️ Step deemed INVALID: The current page is a Cloudflare security check. The 'Search' element is not present on this page. We need to pass the security check before proceeding to the actual website.. Removing from workflow.
2026-01-18T23:43:32.2360587Z     ⏭️ Skipping execution of invalid step: Search
2026-01-18T23:43:32.2361314Z   ▶️ [STEP step_9] ASSERT_VISIBLE: Featured Hotels
2026-01-18T23:43:32.2416185Z     🔍 Mining locators for: 'Featured Hotels'
2026-01-18T23:43:32.2685026Z     🧠 Consulting AI (Vision-First) to find 'Featured Hotels'...
2026-01-18T23:43:32.2686242Z     🧠 [EXPERT] Strategy: Act as Senior SDET focusing on exploring the application to understand functional flow and identifying critical paths for end-to-end automation.
2026-01-18T23:43:37.0108598Z [DEBUG] Sending request to gemini-2.0-flash. Number of parts: 2
2026-01-18T23:43:37.0109308Z [DEBUG] Received response (Length: 306)
2026-01-18T23:43:37.0111418Z     💡 Expert Suggestion: The current page is a Cloudflare verification page. We need to pass this verification to access the main website where 'Featured Hotels' would be located.
2026-01-18T23:43:37.0113389Z     🛠️ Executing corrective action: click -> 'Verify you are human'
2026-01-18T23:43:37.5591870Z     ✅ Executed corrective navigation
2026-01-18T23:43:39.5615012Z     🔄 Retry 1/3 mining locators for 'Featured Hotels'...
2026-01-18T23:43:40.5963982Z     🧠 Consulting AI (Vision-First) to find 'Featured Hotels'...
2026-01-18T23:43:40.5965204Z     🧠 [EXPERT] Strategy: Act as Senior SDET focusing on exploring the application to understand functional flow and identifying critical paths for end-to-end automation.
2026-01-18T23:43:40.5968613Z [CACHE HIT] 731b8412... (hits: 11, misses: 17)
2026-01-18T23:43:40.5969392Z     ⚠️ Skipping duplicate injection: Verify you are human
2026-01-18T23:43:40.5969865Z     🔄 Retry 2/3 mining locators for 'Featured Hotels'...
2026-01-18T23:43:41.5982801Z     🗑️ Invalidating stale AI cache (retry 2)...
2026-01-18T23:43:41.5984610Z     ⚠️ Cache invalidation warning: No module named 'core.agents.domain_expert'
2026-01-18T23:43:41.6231583Z     🧠 Consulting AI (Vision-First) to find 'Featured Hotels'...
2026-01-18T23:43:41.6232766Z     🧠 [EXPERT] Strategy: Act as Senior SDET focusing on exploring the application to understand functional flow and identifying critical paths for end-to-end automation.
2026-01-18T23:43:41.6235754Z [CACHE HIT] 731b8412... (hits: 12, misses: 17)
2026-01-18T23:43:41.6236795Z     ⚠️ Skipping duplicate injection: Verify you are human
2026-01-18T23:43:41.6237369Z     🧠 Verifying step validity for 'Featured Hotels' after no candidates found...
2026-01-18T23:43:42.7462139Z [DEBUG] Sending request to gemini-2.0-flash. Number of parts: 2
2026-01-18T23:43:42.7462908Z [DEBUG] Received response (Length: 248)
2026-01-18T23:43:42.7465689Z     🗑️ Step deemed INVALID: The current page is a Cloudflare verification page. 'Featured Hotels' would not be present on this page. We need to pass the verification before proceeding to the actual website content.. Removing from workflow.
2026-01-18T23:43:42.7470186Z     ⏭️ Skipping execution of invalid step: Featured Hotels
2026-01-18T23:43:42.7470990Z   ▶️ [STEP step_10] CLICK: Details
2026-01-18T23:43:42.7527306Z     🔍 Mining locators for: 'Details'
2026-01-18T23:43:42.7796773Z     🧠 Consulting AI (Vision-First) to find 'Details'...
2026-01-18T23:43:42.7812751Z     🧠 [EXPERT] Strategy: Act as Senior SDET focusing on exploring the application to understand functional flow and identifying critical paths for end-to-end automation.
2026-01-18T23:43:47.9973711Z [DEBUG] Sending request to gemini-2.0-flash. Number of parts: 2
2026-01-18T23:43:47.9974922Z [DEBUG] Received response (Length: 305)
2026-01-18T23:43:47.9977567Z     💡 Expert Suggestion: The page is a Cloudflare verification page. After completing the verification, the user will be redirected to the main page where 'Details' can be found.
2026-01-18T23:43:47.9979702Z     🛠️ Executing corrective action: click -> 'Verify you are human'
2026-01-18T23:43:48.5400936Z     ✅ Executed corrective navigation
2026-01-18T23:43:50.5423818Z     🔄 Retry 1/3 mining locators for 'Details'...
2026-01-18T23:43:51.5685287Z     🧠 Consulting AI (Vision-First) to find 'Details'...
2026-01-18T23:43:51.5687142Z     🧠 [EXPERT] Strategy: Act as Senior SDET focusing on exploring the application to understand functional flow and identifying critical paths for end-to-end automation.
2026-01-18T23:43:51.5690546Z [CACHE HIT] 9a8da488... (hits: 13, misses: 19)
2026-01-18T23:43:51.5691267Z     ⚠️ Skipping duplicate injection: Verify you are human
2026-01-18T23:43:51.5691760Z     🔄 Retry 2/3 mining locators for 'Details'...
2026-01-18T23:43:52.5705009Z     🗑️ Invalidating stale AI cache (retry 2)...
2026-01-18T23:43:52.5706317Z     ⚠️ Cache invalidation warning: No module named 'core.agents.domain_expert'
2026-01-18T23:43:52.5962478Z     🧠 Consulting AI (Vision-First) to find 'Details'...
2026-01-18T23:43:52.5963613Z     🧠 [EXPERT] Strategy: Act as Senior SDET focusing on exploring the application to understand functional flow and identifying critical paths for end-to-end automation.
2026-01-18T23:43:52.5966343Z [CACHE HIT] 9a8da488... (hits: 14, misses: 19)
2026-01-18T23:43:52.5967075Z     ⚠️ Skipping duplicate injection: Verify you are human
2026-01-18T23:43:52.5967906Z     🧠 Verifying step validity for 'Details' after no candidates found...
2026-01-18T23:43:53.8594553Z [DEBUG] Sending request to gemini-2.0-flash. Number of parts: 2
2026-01-18T23:43:53.8595390Z [DEBUG] Received response (Length: 261)
2026-01-18T23:43:53.8598264Z     🗑️ Step deemed INVALID: The current page is a Cloudflare verification page. The 'Details' element related to travel booking is not present on this page. We need to pass the verification to access the actual website content.. Removing from workflow.
2026-01-18T23:43:53.8600650Z     ⏭️ Skipping execution of invalid step: Details
2026-01-18T23:43:53.8601410Z   ▶️ [STEP step_11] ASSERT_VISIBLE: Book Now
2026-01-18T23:43:53.8655312Z     🔍 Mining locators for: 'Book Now'
2026-01-18T23:43:53.8897231Z     🧠 Consulting AI (Vision-First) to find 'Book Now'...
2026-01-18T23:43:53.8898492Z     🧠 [EXPERT] Strategy: Act as Senior SDET focusing on exploring the application to understand functional flow and identifying critical paths for end-to-end automation.
2026-01-18T23:43:58.9259634Z [DEBUG] Sending request to gemini-2.0-flash. Number of parts: 2
2026-01-18T23:43:58.9260447Z [DEBUG] Received response (Length: 293)
2026-01-18T23:43:58.9262468Z     💡 Expert Suggestion: The page is a Cloudflare security check. After passing the check, the user will be redirected to the main page where 'Book Now' can be found.
2026-01-18T23:43:58.9264262Z     🛠️ Executing corrective action: click -> 'Verify you are human'
2026-01-18T23:43:59.4721662Z     ✅ Executed corrective navigation
2026-01-18T23:44:01.4745557Z     🔄 Retry 1/3 mining locators for 'Book Now'...
2026-01-18T23:44:02.5009340Z     🧠 Consulting AI (Vision-First) to find 'Book Now'...
2026-01-18T23:44:02.5010601Z     🧠 [EXPERT] Strategy: Act as Senior SDET focusing on exploring the application to understand functional flow and identifying critical paths for end-to-end automation.
2026-01-18T23:44:02.5013469Z [CACHE HIT] b8fd2e98... (hits: 15, misses: 21)
2026-01-18T23:44:02.5014131Z     ⚠️ Skipping duplicate injection: Verify you are human
2026-01-18T23:44:02.5014594Z     🔄 Retry 2/3 mining locators for 'Book Now'...
2026-01-18T23:44:03.5027902Z     🗑️ Invalidating stale AI cache (retry 2)...
2026-01-18T23:44:03.5029711Z     ⚠️ Cache invalidation warning: No module named 'core.agents.domain_expert'
2026-01-18T23:44:03.5295207Z     🧠 Consulting AI (Vision-First) to find 'Book Now'...
2026-01-18T23:44:03.5297573Z     🧠 [EXPERT] Strategy: Act as Senior SDET focusing on exploring the application to understand functional flow and identifying critical paths for end-to-end automation.
2026-01-18T23:44:03.5301229Z [CACHE HIT] b8fd2e98... (hits: 16, misses: 21)
2026-01-18T23:44:03.5301988Z     ⚠️ Skipping duplicate injection: Verify you are human
2026-01-18T23:44:03.5302817Z     🧠 Verifying step validity for 'Book Now' after no candidates found...
2026-01-18T23:44:04.8798489Z [DEBUG] Sending request to gemini-2.0-flash. Number of parts: 2
2026-01-18T23:44:04.8799280Z [DEBUG] Received response (Length: 252)
2026-01-18T23:44:04.8800997Z     🗑️ Step deemed INVALID: The page is showing a Cloudflare verification challenge. The 'Book Now' element is not present on this page. We need to pass the verification before proceeding to the actual website content.. Removing from workflow.
2026-01-18T23:44:04.8802369Z     ⏭️ Skipping execution of invalid step: Book Now
2026-01-18T23:44:06.9195124Z 
2026-01-18T23:44:06.9196021Z [2/3] Exploring Scenario: Explore Travel Booking - Flight Booking Flow
2026-01-18T23:44:06.9199242Z     🧠 Initialized exploration context for goal: 'Explore travel booking'
2026-01-18T23:44:06.9199967Z   ▶️ [STEP step_1] NAVIGATE: 
2026-01-18T23:44:07.5657293Z     ✅ Navigated to https://phptravels.com/demo/
2026-01-18T23:44:07.5657963Z   ▶️ [STEP step_2] ASSERT_URL: 
2026-01-18T23:44:12.6007652Z     ⚠️ Scroll into view failed for text=None. Proceeding anyway.
2026-01-18T23:44:14.6029267Z     ✅ State transitioned.
2026-01-18T23:44:16.1220195Z [DEBUG] Sending request to gemini-2.0-flash. Number of parts: 2
2026-01-18T23:44:16.1220976Z [DEBUG] Received response (Length: 205)
2026-01-18T23:44:16.1221774Z     🤖 AI Next Step Suggestion: click -> Verify you are human
2026-01-18T23:44:16.1222446Z     🧩 Suggested Locator: input[type='checkbox']
2026-01-18T23:44:16.1223389Z     💭 Reasoning: The page requires human verification. Clicking the checkbox is the next step to proceed.
2026-01-18T23:44:16.1224288Z     ➕ Injected AI step: click -> Verify you are human
2026-01-18T23:44:16.1224869Z   ▶️ [STEP step_2_ai_1] CLICK: Verify you are human
2026-01-18T23:44:16.1276173Z     🎯 Using AI-provided locator: input[type='checkbox']
2026-01-18T23:44:16.1295097Z     🔍 Mining locators for: 'Verify you are human'
2026-01-18T23:44:16.1583663Z     ✅ Found 1 verified locators
2026-01-18T23:44:19.7195851Z     ✅ State transitioned.
2026-01-18T23:44:20.9722313Z [DEBUG] Sending request to gemini-2.0-flash. Number of parts: 2
2026-01-18T23:44:20.9722937Z [DEBUG] Received response (Length: 221)
2026-01-18T23:44:20.9723869Z     🤖 AI Next Step Suggestion: click -> Verify you are human
2026-01-18T23:44:20.9724331Z     🧩 Suggested Locator: input[type='checkbox']
2026-01-18T23:44:20.9724997Z     💭 Reasoning: The page is asking to verify that I am human. Clicking the checkbox is the next logical step to proceed.
2026-01-18T23:44:20.9725681Z ⚠️ Loop detected: same AI suggestion repeated 2 times. Moving to next step.
2026-01-18T23:44:20.9726090Z   ▶️ [STEP step_3] CLICK: Flights
2026-01-18T23:44:20.9778227Z     🔍 Mining locators for: 'Flights'
2026-01-18T23:44:21.0017662Z     🧠 Consulting AI (Vision-First) to find 'Flights'...
2026-01-18T23:44:21.0019555Z     🧠 [EXPERT] Strategy: Act as Senior SDET focusing on exploring the application to understand functional flow and identifying critical paths for end-to-end automation.
2026-01-18T23:44:26.0978775Z [DEBUG] Sending request to gemini-2.0-flash. Number of parts: 2
2026-01-18T23:44:26.0979475Z [DEBUG] Received response (Length: 305)
2026-01-18T23:44:26.0980037Z     ⚠️ Skipping duplicate injection: Verify you are human
2026-01-18T23:44:26.0980458Z     🔄 Retry 1/3 mining locators for 'Flights'...
2026-01-18T23:44:27.1289738Z     🧠 Consulting AI (Vision-First) to find 'Flights'...
2026-01-18T23:44:27.1291947Z     🧠 [EXPERT] Strategy: Act as Senior SDET focusing on exploring the application to understand functional flow and identifying critical paths for end-to-end automation.
2026-01-18T23:44:27.1295007Z [CACHE HIT] f693b207... (hits: 17, misses: 25)
2026-01-18T23:44:27.1295752Z     ⚠️ Skipping duplicate injection: Verify you are human
2026-01-18T23:44:27.1296180Z     🔄 Retry 2/3 mining locators for 'Flights'...
2026-01-18T23:44:28.1309274Z     🗑️ Invalidating stale AI cache (retry 2)...
2026-01-18T23:44:28.1310566Z     ⚠️ Cache invalidation warning: No module named 'core.agents.domain_expert'
2026-01-18T23:44:28.1618774Z     🧠 Consulting AI (Vision-First) to find 'Flights'...
2026-01-18T23:44:28.1620366Z     🧠 [EXPERT] Strategy: Act as Senior SDET focusing on exploring the application to understand functional flow and identifying critical paths for end-to-end automation.
2026-01-18T23:44:28.1624700Z [CACHE HIT] f693b207... (hits: 18, misses: 25)
2026-01-18T23:44:28.1625524Z     ⚠️ Skipping duplicate injection: Verify you are human
2026-01-18T23:44:28.1626342Z     🧠 Verifying step validity for 'Flights' after no candidates found...
2026-01-18T23:44:31.2545807Z [DEBUG] Sending request to gemini-2.0-flash. Number of parts: 2
2026-01-18T23:44:31.2546486Z [DEBUG] Received response (Length: 232)
2026-01-18T23:44:31.2548912Z     🗑️ Step deemed INVALID: The current page is a Cloudflare security check. The 'Flights' element is not present on this page. We need to pass the security check before proceeding to the main page.. Removing from workflow.
2026-01-18T23:44:31.2550733Z     ⏭️ Skipping execution of invalid step: Flights
2026-01-18T23:44:31.2551427Z   ▶️ [STEP step_4] ASSERT_VISIBLE: Flight Search
2026-01-18T23:44:31.2603237Z     🔍 Mining locators for: 'Flight Search'
2026-01-18T23:44:31.2850248Z     🧠 Consulting AI (Vision-First) to find 'Flight Search'...
2026-01-18T23:44:31.2851395Z     🧠 [EXPERT] Strategy: Act as Senior SDET focusing on exploring the application to understand functional flow and identifying critical paths for end-to-end automation.
2026-01-18T23:44:35.8467808Z [DEBUG] Sending request to gemini-2.0-flash. Number of parts: 2
2026-01-18T23:44:35.8468496Z [DEBUG] Received response (Length: 266)
2026-01-18T23:44:35.8469902Z     💡 Expert Suggestion: The page is a Cloudflare verification page. After passing the verification, the flight search should be available.
2026-01-18T23:44:35.8470928Z     🛠️ Executing corrective action: click -> 'Verify you are human'
2026-01-18T23:44:36.3880127Z     ✅ Executed corrective navigation
2026-01-18T23:44:38.3903428Z     🔄 Retry 1/3 mining locators for 'Flight Search'...
2026-01-18T23:44:39.4162547Z     🧠 Consulting AI (Vision-First) to find 'Flight Search'...
2026-01-18T23:44:39.4164160Z     🧠 [EXPERT] Strategy: Act as Senior SDET focusing on exploring the application to understand functional flow and identifying critical paths for end-to-end automation.
2026-01-18T23:44:39.4168066Z [CACHE HIT] a0f76cfc... (hits: 19, misses: 27)
2026-01-18T23:44:39.4168725Z     ⚠️ Skipping duplicate injection: Verify you are human
2026-01-18T23:44:39.4169156Z     🔄 Retry 2/3 mining locators for 'Flight Search'...
2026-01-18T23:44:40.4181861Z     🗑️ Invalidating stale AI cache (retry 2)...
2026-01-18T23:44:40.4183245Z     ⚠️ Cache invalidation warning: No module named 'core.agents.domain_expert'
2026-01-18T23:44:40.4482277Z     🧠 Consulting AI (Vision-First) to find 'Flight Search'...
2026-01-18T23:44:40.4484003Z     🧠 [EXPERT] Strategy: Act as Senior SDET focusing on exploring the application to understand functional flow and identifying critical paths for end-to-end automation.
2026-01-18T23:44:40.4487499Z [CACHE HIT] a0f76cfc... (hits: 20, misses: 27)
2026-01-18T23:44:40.4488136Z     ⚠️ Skipping duplicate injection: Verify you are human
2026-01-18T23:44:40.4489077Z     🧠 Verifying step validity for 'Flight Search' after no candidates found...
2026-01-18T23:44:41.6402450Z [DEBUG] Sending request to gemini-2.0-flash. Number of parts: 2
2026-01-18T23:44:41.6403266Z [DEBUG] Received response (Length: 244)
2026-01-18T23:44:41.6404896Z     🗑️ Step deemed INVALID: The current page is a Cloudflare verification page. The 'Flight Search' element is not present on this page. We need to pass the verification before proceeding to the actual website.. Removing from workflow.
2026-01-18T23:44:41.6406245Z     ⏭️ Skipping execution of invalid step: Flight Search
2026-01-18T23:44:41.6406893Z   ▶️ [STEP step_5] FILL: Departure
2026-01-18T23:44:41.6466008Z     🔍 Mining locators for: 'Departure'
2026-01-18T23:44:41.6701948Z     🧠 Consulting AI (Vision-First) to find 'Departure'...
2026-01-18T23:44:41.6703327Z     🧠 [EXPERT] Strategy: Act as Senior SDET focusing on exploring the application to understand functional flow and identifying critical paths for end-to-end automation.
2026-01-18T23:44:46.9374964Z [DEBUG] Sending request to gemini-2.0-flash. Number of parts: 2
2026-01-18T23:44:46.9375463Z [DEBUG] Received response (Length: 311)
2026-01-18T23:44:46.9376930Z     💡 Expert Suggestion: The current page is a Cloudflare verification page. Clicking on the phptravels.com link should redirect to the main website where the 'Departure' field can be found.
2026-01-18T23:44:46.9377848Z     🛠️ Executing corrective action: click -> 'phptravels.com'
2026-01-18T23:44:47.4869887Z     ✅ Executed corrective navigation
2026-01-18T23:44:49.4893901Z     🔄 Retry 1/3 mining locators for 'Departure'...
2026-01-18T23:44:50.5152767Z     🧠 Consulting AI (Vision-First) to find 'Departure'...
2026-01-18T23:44:50.5153942Z     🧠 [EXPERT] Strategy: Act as Senior SDET focusing on exploring the application to understand functional flow and identifying critical paths for end-to-end automation.
2026-01-18T23:44:50.5157170Z [CACHE HIT] 517f174a... (hits: 21, misses: 29)
2026-01-18T23:44:50.5157878Z     ⚠️ Skipping duplicate injection: phptravels.com
2026-01-18T23:44:50.5158296Z     🔄 Retry 2/3 mining locators for 'Departure'...
2026-01-18T23:44:51.5171519Z     🗑️ Invalidating stale AI cache (retry 2)...
2026-01-18T23:44:51.5172753Z     ⚠️ Cache invalidation warning: No module named 'core.agents.domain_expert'
2026-01-18T23:44:51.5440975Z     🧠 Consulting AI (Vision-First) to find 'Departure'...
2026-01-18T23:44:51.5442145Z     🧠 [EXPERT] Strategy: Act as Senior SDET focusing on exploring the application to understand functional flow and identifying critical paths for end-to-end automation.
2026-01-18T23:44:51.5445183Z [CACHE HIT] 517f174a... (hits: 22, misses: 29)
2026-01-18T23:44:51.5445943Z     ⚠️ Skipping duplicate injection: phptravels.com
2026-01-18T23:44:51.5446954Z     🧠 Verifying step validity for 'Departure' after no candidates found...
2026-01-18T23:44:52.7064953Z [DEBUG] Sending request to gemini-2.0-flash. Number of parts: 2
2026-01-18T23:44:52.7065738Z [DEBUG] Received response (Length: 237)
2026-01-18T23:44:52.7068559Z     🗑️ Step deemed INVALID: The current page is a Cloudflare security check. The 'Departure' element is not present on this page. We need to pass the security check before proceeding with travel booking.. Removing from workflow.
2026-01-18T23:44:52.7070983Z     ⏭️ Skipping execution of invalid step: Departure
2026-01-18T23:44:52.7071766Z   ▶️ [STEP step_6] WAIT: 
2026-01-18T23:44:57.7220635Z     ⚠️ Scroll into view failed for text=None. Proceeding anyway.
2026-01-18T23:44:59.7243510Z     ✅ State transitioned.
2026-01-18T23:44:59.7289155Z     🔄 Revisited state detected (count: 1)
2026-01-18T23:45:00.8878606Z [DEBUG] Sending request to gemini-2.0-flash. Number of parts: 2
2026-01-18T23:45:00.8879148Z [DEBUG] Received response (Length: 213)
2026-01-18T23:45:00.8879822Z     🤖 AI Next Step Suggestion: click -> Verify you are human
2026-01-18T23:45:00.8880380Z     🧩 Suggested Locator: input[type='checkbox']
2026-01-18T23:45:00.8880998Z     💭 Reasoning: The page requires human verification. Clicking the checkbox is the next logical step to proceed.
2026-01-18T23:45:00.8881625Z     ➕ Injected AI step: click -> Verify you are human
2026-01-18T23:45:00.8882422Z   ▶️ [STEP step_6_ai_1] CLICK: Verify you are human
2026-01-18T23:45:00.8939446Z     🎯 Using AI-provided locator: input[type='checkbox']
2026-01-18T23:45:00.8959578Z     🔍 Mining locators for: 'Verify you are human'
2026-01-18T23:45:00.9234136Z     ✅ Found 1 verified locators
2026-01-18T23:45:04.4835337Z     ✅ State transitioned.
2026-01-18T23:45:04.4885610Z     🔄 Revisited state detected (count: 2)
2026-01-18T23:45:05.9699358Z [DEBUG] Sending request to gemini-2.0-flash. Number of parts: 2
2026-01-18T23:45:05.9700117Z [DEBUG] Received response (Length: 213)
2026-01-18T23:45:05.9701219Z     🤖 AI Next Step Suggestion: click -> Verify you are human
2026-01-18T23:45:05.9702008Z     🧩 Suggested Locator: input[type='checkbox']
2026-01-18T23:45:05.9702997Z     💭 Reasoning: The page requires human verification. Clicking the checkbox is the next logical step to proceed.
2026-01-18T23:45:05.9703754Z ⚠️ Loop detected: same AI suggestion repeated 2 times. Moving to next step.
2026-01-18T23:45:05.9704272Z   ▶️ [STEP step_7] CLICK: London, United Kingdom
2026-01-18T23:45:05.9761595Z     🔍 Mining locators for: 'London, United Kingdom'
2026-01-18T23:45:06.0002716Z     🧠 Consulting AI (Vision-First) to find 'London, United Kingdom'...
2026-01-18T23:45:06.0003919Z     🧠 [EXPERT] Strategy: Act as Senior SDET focusing on exploring the application to understand functional flow and identifying critical paths for end-to-end automation.
2026-01-18T23:45:11.1388894Z [DEBUG] Sending request to gemini-2.0-flash. Number of parts: 2
2026-01-18T23:45:11.1389550Z [DEBUG] Received response (Length: 298)
2026-01-18T23:45:11.1390218Z     ⚠️ Skipping duplicate injection: Verify you are human
2026-01-18T23:45:11.1390818Z     🔄 Retry 1/3 mining locators for 'London, United Kingdom'...
2026-01-18T23:45:12.1662173Z     🧠 Consulting AI (Vision-First) to find 'London, United Kingdom'...
2026-01-18T23:45:12.1663438Z     🧠 [EXPERT] Strategy: Act as Senior SDET focusing on exploring the application to understand functional flow and identifying critical paths for end-to-end automation.
2026-01-18T23:45:12.1666394Z [CACHE HIT] 003e7f1e... (hits: 23, misses: 33)
2026-01-18T23:45:12.1667417Z     ⚠️ Skipping duplicate injection: Verify you are human
2026-01-18T23:45:12.1668041Z     🔄 Retry 2/3 mining locators for 'London, United Kingdom'...
2026-01-18T23:45:13.1681112Z     🗑️ Invalidating stale AI cache (retry 2)...
2026-01-18T23:45:13.1682406Z     ⚠️ Cache invalidation warning: No module named 'core.agents.domain_expert'
2026-01-18T23:45:13.1929198Z     🧠 Consulting AI (Vision-First) to find 'London, United Kingdom'...
2026-01-18T23:45:13.1930381Z     🧠 [EXPERT] Strategy: Act as Senior SDET focusing on exploring the application to understand functional flow and identifying critical paths for end-to-end automation.
2026-01-18T23:45:13.1933352Z [CACHE HIT] 003e7f1e... (hits: 24, misses: 33)
2026-01-18T23:45:13.1934133Z     ⚠️ Skipping duplicate injection: Verify you are human
2026-01-18T23:45:13.1934691Z     🧠 Verifying step validity for 'London, United Kingdom' after no candidates found...
2026-01-18T23:45:16.0122531Z [DEBUG] Sending request to gemini-2.0-flash. Number of parts: 2
2026-01-18T23:45:16.0123269Z [DEBUG] Received response (Length: 260)
2026-01-18T23:45:16.0124886Z     🗑️ Step deemed INVALID: The current page is a Cloudflare verification page. The element 'London, United Kingdom' is not present on this page. We need to pass the verification before proceeding with the travel booking task.. Removing from workflow.
2026-01-18T23:45:16.0126208Z     ⏭️ Skipping execution of invalid step: London, United Kingdom
2026-01-18T23:45:16.0126909Z   ▶️ [STEP step_8] FILL: Arrival
2026-01-18T23:45:16.0180460Z     🔍 Mining locators for: 'Arrival'
2026-01-18T23:45:16.0427400Z     🧠 Consulting AI (Vision-First) to find 'Arrival'...
2026-01-18T23:45:16.0429011Z     🧠 [EXPERT] Strategy: Act as Senior SDET focusing on exploring the application to understand functional flow and identifying critical paths for end-to-end automation.
2026-01-18T23:45:21.0495104Z [DEBUG] Sending request to gemini-2.0-flash. Number of parts: 2
2026-01-18T23:45:21.0495985Z [DEBUG] Received response (Length: 280)
2026-01-18T23:45:21.0498810Z     💡 Expert Suggestion: The current page is a security check. After passing the check, the travel booking page with 'Arrival' field should be displayed.
2026-01-18T23:45:21.0500870Z     🛠️ Executing corrective action: click -> 'Verify you are human'
2026-01-18T23:45:21.5970587Z     ✅ Executed corrective navigation
2026-01-18T23:45:23.5993465Z     🔄 Retry 1/3 mining locators for 'Arrival'...
2026-01-18T23:45:24.6262706Z     🧠 Consulting AI (Vision-First) to find 'Arrival'...
2026-01-18T23:45:24.6264208Z     🧠 [EXPERT] Strategy: Act as Senior SDET focusing on exploring the application to understand functional flow and identifying critical paths for end-to-end automation.
2026-01-18T23:45:24.6267913Z [CACHE HIT] 9537bbeb... (hits: 25, misses: 35)
2026-01-18T23:45:24.6268921Z     ⚠️ Skipping duplicate injection: Verify you are human
2026-01-18T23:45:24.6269636Z     🔄 Retry 2/3 mining locators for 'Arrival'...
2026-01-18T23:45:25.6282165Z     🗑️ Invalidating stale AI cache (retry 2)...
2026-01-18T23:45:25.6283302Z     ⚠️ Cache invalidation warning: No module named 'core.agents.domain_expert'
2026-01-18T23:45:25.6530905Z     🧠 Consulting AI (Vision-First) to find 'Arrival'...
2026-01-18T23:45:25.6532451Z     🧠 [EXPERT] Strategy: Act as Senior SDET focusing on exploring the application to understand functional flow and identifying critical paths for end-to-end automation.
2026-01-18T23:45:25.6535382Z [CACHE HIT] 9537bbeb... (hits: 26, misses: 35)
2026-01-18T23:45:25.6536045Z     ⚠️ Skipping duplicate injection: Verify you are human
2026-01-18T23:45:25.6536941Z     🧠 Verifying step validity for 'Arrival' after no candidates found...
2026-01-18T23:45:26.8575580Z [DEBUG] Sending request to gemini-2.0-flash. Number of parts: 2
2026-01-18T23:45:26.8576248Z [DEBUG] Received response (Length: 229)
2026-01-18T23:45:26.8578499Z     🗑️ Step deemed INVALID: The current page is a Cloudflare security check. The 'Arrival' element related to travel booking is not present on this page. We need to pass the security check first.. Removing from workflow.
2026-01-18T23:45:26.8579795Z     ⏭️ Skipping execution of invalid step: Arrival
2026-01-18T23:45:26.8580177Z   ▶️ [STEP step_9] WAIT: 
2026-01-18T23:45:31.8722412Z     ⚠️ Scroll into view failed for text=None. Proceeding anyway.
2026-01-18T23:45:33.8745331Z     ✅ State transitioned.
2026-01-18T23:45:33.8799084Z     🔄 Revisited state detected (count: 3)
2026-01-18T23:45:33.8800423Z     ⚠️ Too many revisits (3). Stopping AI step injection to prevent loops.
2026-01-18T23:45:33.8801237Z   ▶️ [STEP step_10] CLICK: Paris, France
2026-01-18T23:45:33.8863837Z     🔍 Mining locators for: 'Paris, France'
2026-01-18T23:45:33.9125534Z     🧠 Consulting AI (Vision-First) to find 'Paris, France'...
2026-01-18T23:45:33.9127193Z     🧠 [EXPERT] Strategy: Act as Senior SDET focusing on exploring the application to understand functional flow and identifying critical paths for end-to-end automation.
2026-01-18T23:45:35.1193332Z [DEBUG] Sending request to gemini-2.0-flash. Number of parts: 2
2026-01-18T23:45:35.1193875Z [DEBUG] Received response (Length: 281)
2026-01-18T23:45:35.1194987Z     💡 Expert Suggestion: The current page is a Cloudflare verification page. After passing the verification, the search functionality should be available.
2026-01-18T23:45:35.1195952Z     🛠️ Executing corrective action: click -> 'Verify you are human'
2026-01-18T23:45:35.6581974Z     ✅ Executed corrective navigation
2026-01-18T23:45:37.6605154Z     🔄 Retry 1/3 mining locators for 'Paris, France'...
2026-01-18T23:45:38.6916154Z     🧠 Consulting AI (Vision-First) to find 'Paris, France'...
2026-01-18T23:45:38.6917451Z     🧠 [EXPERT] Strategy: Act as Senior SDET focusing on exploring the application to understand functional flow and identifying critical paths for end-to-end automation.
2026-01-18T23:45:38.6920679Z [CACHE HIT] 28188c85... (hits: 27, misses: 37)
2026-01-18T23:45:38.6921671Z     ⚠️ Skipping duplicate injection: Verify you are human
2026-01-18T23:45:38.6922346Z     🔄 Retry 2/3 mining locators for 'Paris, France'...
2026-01-18T23:45:39.6935544Z     🗑️ Invalidating stale AI cache (retry 2)...
2026-01-18T23:45:39.6936922Z     ⚠️ Cache invalidation warning: No module named 'core.agents.domain_expert'
2026-01-18T23:45:39.7192879Z     🧠 Consulting AI (Vision-First) to find 'Paris, France'...
2026-01-18T23:45:39.7194378Z     🧠 [EXPERT] Strategy: Act as Senior SDET focusing on exploring the application to understand functional flow and identifying critical paths for end-to-end automation.
2026-01-18T23:45:39.7198278Z [CACHE HIT] 28188c85... (hits: 28, misses: 37)
2026-01-18T23:45:39.7198884Z     ⚠️ Skipping duplicate injection: Verify you are human
2026-01-18T23:45:39.7199699Z     🧠 Verifying step validity for 'Paris, France' after no candidates found...
2026-01-18T23:45:41.0226123Z [DEBUG] Sending request to gemini-2.0-flash. Number of parts: 2
2026-01-18T23:45:41.0227072Z [DEBUG] Received response (Length: 251)
2026-01-18T23:45:41.0229680Z     🗑️ Step deemed INVALID: The current page is a Cloudflare verification page. The element 'Paris, France' is not present on this page. We need to pass the verification before proceeding with the travel booking task.. Removing from workflow.
2026-01-18T23:45:41.0232009Z     ⏭️ Skipping execution of invalid step: Paris, France
2026-01-18T23:45:41.0232766Z   ▶️ [STEP step_11] CLICK: Search
2026-01-18T23:45:41.0287241Z     🔍 Mining locators for: 'Search'
2026-01-18T23:45:41.0586205Z     🧠 Consulting AI (Vision-First) to find 'Search'...
2026-01-18T23:45:41.0587838Z     🧠 [EXPERT] Strategy: Act as Senior SDET focusing on exploring the application to understand functional flow and identifying critical paths for end-to-end automation.
2026-01-18T23:45:45.9741678Z [DEBUG] Sending request to gemini-2.0-flash. Number of parts: 2
2026-01-18T23:45:45.9742362Z [DEBUG] Received response (Length: 312)
2026-01-18T23:45:45.9744539Z     💡 Expert Suggestion: The current page is a Cloudflare verification page. Clicking on the phptravels.com link should redirect to the main website where the search functionality is located.
2026-01-18T23:45:45.9746419Z     🛠️ Executing corrective action: click -> 'phptravels.com'
2026-01-18T23:45:46.5180341Z     ✅ Executed corrective navigation
2026-01-18T23:45:48.5204128Z     🔄 Retry 1/3 mining locators for 'Search'...
2026-01-18T23:45:49.5461582Z     🧠 Consulting AI (Vision-First) to find 'Search'...
2026-01-18T23:45:49.5462753Z     🧠 [EXPERT] Strategy: Act as Senior SDET focusing on exploring the application to understand functional flow and identifying critical paths for end-to-end automation.
2026-01-18T23:45:49.5466077Z [CACHE HIT] cd8bfbbf... (hits: 29, misses: 39)
2026-01-18T23:45:49.5466940Z     ⚠️ Skipping duplicate injection: phptravels.com
2026-01-18T23:45:49.5467358Z     🔄 Retry 2/3 mining locators for 'Search'...
2026-01-18T23:45:50.5480030Z     🗑️ Invalidating stale AI cache (retry 2)...
2026-01-18T23:45:50.5481325Z     ⚠️ Cache invalidation warning: No module named 'core.agents.domain_expert'
2026-01-18T23:45:50.5744801Z     🧠 Consulting AI (Vision-First) to find 'Search'...
2026-01-18T23:45:50.5746321Z     🧠 [EXPERT] Strategy: Act as Senior SDET focusing on exploring the application to understand functional flow and identifying critical paths for end-to-end automation.
2026-01-18T23:45:50.5749182Z [CACHE HIT] cd8bfbbf... (hits: 30, misses: 39)
2026-01-18T23:45:50.5749838Z     ⚠️ Skipping duplicate injection: phptravels.com
2026-01-18T23:45:50.5750599Z     🧠 Verifying step validity for 'Search' after no candidates found...
2026-01-18T23:45:51.9432928Z [DEBUG] Sending request to gemini-2.0-flash. Number of parts: 2
2026-01-18T23:45:51.9433676Z [DEBUG] Received response (Length: 236)
2026-01-18T23:45:51.9435963Z     🗑️ Step deemed INVALID: The current page is a Cloudflare security check. The 'Search' element is not present on this page. We need to pass the security check before proceeding to the actual website.. Removing from workflow.
2026-01-18T23:45:51.9437835Z     ⏭️ Skipping execution of invalid step: Search
2026-01-18T23:45:51.9438319Z   ▶️ [STEP step_12] ASSERT_VISIBLE: Flight Results
2026-01-18T23:45:51.9490011Z     🔍 Mining locators for: 'Flight Results'
2026-01-18T23:45:51.9756001Z     🧠 Consulting AI (Vision-First) to find 'Flight Results'...
2026-01-18T23:45:51.9759096Z     🧠 [EXPERT] Strategy: Act as Senior SDET focusing on exploring the application to understand functional flow and identifying critical paths for end-to-end automation.
2026-01-18T23:45:56.8458629Z [DEBUG] Sending request to gemini-2.0-flash. Number of parts: 2
2026-01-18T23:45:56.8459312Z [DEBUG] Received response (Length: 281)
2026-01-18T23:45:56.8460899Z     💡 Expert Suggestion: The page is a Cloudflare verification page. We need to pass this verification to access the main website and find flight results.
2026-01-18T23:45:56.8462008Z     🛠️ Executing corrective action: click -> 'Verify you are human'
2026-01-18T23:45:57.3863374Z     ✅ Executed corrective navigation
2026-01-18T23:45:59.3887122Z     🔄 Retry 1/3 mining locators for 'Flight Results'...
2026-01-18T23:46:00.4146887Z     🧠 Consulting AI (Vision-First) to find 'Flight Results'...
2026-01-18T23:46:00.4148063Z     🧠 [EXPERT] Strategy: Act as Senior SDET focusing on exploring the application to understand functional flow and identifying critical paths for end-to-end automation.
2026-01-18T23:46:00.4151399Z [CACHE HIT] 214780fe... (hits: 31, misses: 41)
2026-01-18T23:46:00.4152079Z     ⚠️ Skipping duplicate injection: Verify you are human
2026-01-18T23:46:00.4152716Z     🔄 Retry 2/3 mining locators for 'Flight Results'...
2026-01-18T23:46:01.4166003Z     🗑️ Invalidating stale AI cache (retry 2)...
2026-01-18T23:46:01.4167686Z     ⚠️ Cache invalidation warning: No module named 'core.agents.domain_expert'
2026-01-18T23:46:01.4412472Z     🧠 Consulting AI (Vision-First) to find 'Flight Results'...
2026-01-18T23:46:01.4414092Z     🧠 [EXPERT] Strategy: Act as Senior SDET focusing on exploring the application to understand functional flow and identifying critical paths for end-to-end automation.
2026-01-18T23:46:01.4416823Z [CACHE HIT] 214780fe... (hits: 32, misses: 41)
2026-01-18T23:46:01.4417519Z     ⚠️ Skipping duplicate injection: Verify you are human
2026-01-18T23:46:01.4418363Z     🧠 Verifying step validity for 'Flight Results' after no candidates found...
2026-01-18T23:46:02.6279741Z [DEBUG] Sending request to gemini-2.0-flash. Number of parts: 2
2026-01-18T23:46:02.6280269Z [DEBUG] Received response (Length: 240)
2026-01-18T23:46:02.6281780Z     🗑️ Step deemed INVALID: The current page is a Cloudflare security check. We need to pass this check before we can access the flight results page. Therefore, 'Flight Results' is not present on this page.. Removing from workflow.
2026-01-18T23:46:02.6282998Z     ⏭️ Skipping execution of invalid step: Flight Results
2026-01-18T23:46:04.6636470Z 
2026-01-18T23:46:04.6638795Z [3/3] Exploring Scenario: Explore Travel Booking - Contact Us Flow
2026-01-18T23:46:04.6640003Z     🧠 Initialized exploration context for goal: 'Explore travel booking'
2026-01-18T23:46:04.6640994Z   ▶️ [STEP step_1] NAVIGATE: 
2026-01-18T23:46:05.4050801Z     ✅ Navigated to https://phptravels.com/demo/
2026-01-18T23:46:05.4051452Z   ▶️ [STEP step_2] ASSERT_URL: 
2026-01-18T23:46:10.4404106Z     ⚠️ Scroll into view failed for text=None. Proceeding anyway.
2026-01-18T23:46:12.4426458Z     ✅ State transitioned.
2026-01-18T23:46:13.8900656Z [DEBUG] Sending request to gemini-2.0-flash. Number of parts: 2
2026-01-18T23:46:13.8901405Z [DEBUG] Received response (Length: 220)
2026-01-18T23:46:13.8902273Z     🤖 AI Next Step Suggestion: click -> Verify you are human
2026-01-18T23:46:13.8903129Z     🧩 Suggested Locator: input[type='checkbox']
2026-01-18T23:46:13.8904511Z     💭 Reasoning: The page requires human verification before proceeding. Clicking the checkbox is the next logical step.
2026-01-18T23:46:13.8905597Z     ➕ Injected AI step: click -> Verify you are human
2026-01-18T23:46:13.8906521Z   ▶️ [STEP step_2_ai_1] CLICK: Verify you are human
2026-01-18T23:46:13.8962079Z     🎯 Using AI-provided locator: input[type='checkbox']
2026-01-18T23:46:13.8980356Z     🔍 Mining locators for: 'Verify you are human'
2026-01-18T23:46:13.9288711Z     ✅ Found 1 verified locators
2026-01-18T23:46:17.4790152Z     ✅ State transitioned.
2026-01-18T23:46:18.6977047Z [DEBUG] Sending request to gemini-2.0-flash. Number of parts: 2
2026-01-18T23:46:18.6977691Z [DEBUG] Received response (Length: 211)
2026-01-18T23:46:18.6978591Z     🤖 AI Next Step Suggestion: click -> Verify you are human
2026-01-18T23:46:18.6979161Z     🧩 Suggested Locator: Verify you are human
2026-01-18T23:46:18.6979884Z     💭 Reasoning: The page requires human verification. Clicking the checkbox is the next logical step to proceed.
2026-01-18T23:46:18.6980706Z ⚠️ Loop detected: same AI suggestion repeated 2 times. Moving to next step.
2026-01-18T23:46:18.6981194Z   ▶️ [STEP step_3] CLICK: Contact
2026-01-18T23:46:18.7034040Z     🔍 Mining locators for: 'Contact'
2026-01-18T23:46:18.7275441Z     🧠 Consulting AI (Vision-First) to find 'Contact'...
2026-01-18T23:46:18.7277427Z     🧠 [EXPERT] Strategy: Act as Senior SDET focusing on exploring the application to understand functional flow and identifying critical paths for end-to-end automation.
2026-01-18T23:46:23.8293722Z [DEBUG] Sending request to gemini-2.0-flash. Number of parts: 2
2026-01-18T23:46:23.8294221Z [DEBUG] Received response (Length: 296)
2026-01-18T23:46:23.8295255Z     💡 Expert Suggestion: The current page is a Cloudflare security check. Clicking on the phptravels.com link should redirect to the main website where 'Contact' can be found.
2026-01-18T23:46:23.8296113Z     🛠️ Executing corrective action: click -> 'phptravels.com'
2026-01-18T23:46:24.3689984Z     ✅ Executed corrective navigation
2026-01-18T23:46:26.3713471Z     🔄 Retry 1/3 mining locators for 'Contact'...
2026-01-18T23:46:27.3977132Z     🧠 Consulting AI (Vision-First) to find 'Contact'...
2026-01-18T23:46:27.3978752Z     🧠 [EXPERT] Strategy: Act as Senior SDET focusing on exploring the application to understand functional flow and identifying critical paths for end-to-end automation.
2026-01-18T23:46:27.3982352Z [CACHE HIT] 6b5c76ce... (hits: 33, misses: 45)
2026-01-18T23:46:27.3982903Z     ⚠️ Skipping duplicate injection: phptravels.com
2026-01-18T23:46:27.3983300Z     🔄 Retry 2/3 mining locators for 'Contact'...
2026-01-18T23:46:28.3996360Z     🗑️ Invalidating stale AI cache (retry 2)...
2026-01-18T23:46:28.3998061Z     ⚠️ Cache invalidation warning: No module named 'core.agents.domain_expert'
2026-01-18T23:46:28.4258138Z     🧠 Consulting AI (Vision-First) to find 'Contact'...
2026-01-18T23:46:28.4259694Z     🧠 [EXPERT] Strategy: Act as Senior SDET focusing on exploring the application to understand functional flow and identifying critical paths for end-to-end automation.
2026-01-18T23:46:28.4263685Z [CACHE HIT] 6b5c76ce... (hits: 34, misses: 45)
2026-01-18T23:46:28.4264445Z     ⚠️ Skipping duplicate injection: phptravels.com
2026-01-18T23:46:28.4265244Z     🧠 Verifying step validity for 'Contact' after no candidates found...
2026-01-18T23:46:29.7613528Z [DEBUG] Sending request to gemini-2.0-flash. Number of parts: 2
2026-01-18T23:46:29.7613978Z [DEBUG] Received response (Length: 239)
2026-01-18T23:46:29.7615200Z     🗑️ Step deemed INVALID: The current page is a Cloudflare security check. The 'Contact' element is not available on this page. We need to pass the security check before proceeding to the actual website.. Removing from workflow.
2026-01-18T23:46:29.7616185Z     ⏭️ Skipping execution of invalid step: Contact
2026-01-18T23:46:29.7616543Z   ▶️ [STEP step_4] ASSERT_VISIBLE: Contact Us
2026-01-18T23:46:29.7668989Z     🔍 Mining locators for: 'Contact Us'
2026-01-18T23:46:29.7905030Z     🧠 Consulting AI (Vision-First) to find 'Contact Us'...
2026-01-18T23:46:29.7906820Z     🧠 [EXPERT] Strategy: Act as Senior SDET focusing on exploring the application to understand functional flow and identifying critical paths for end-to-end automation.
2026-01-18T23:46:34.8616559Z [DEBUG] Sending request to gemini-2.0-flash. Number of parts: 2
2026-01-18T23:46:34.8617626Z [DEBUG] Received response (Length: 288)
2026-01-18T23:46:34.8619024Z     💡 Expert Suggestion: The current page is a Cloudflare security check. After passing the check, the main website should load, where 'Contact Us' can be found.
2026-01-18T23:46:34.8620072Z     🛠️ Executing corrective action: click -> 'Verify you are human'
2026-01-18T23:46:35.4015043Z     ✅ Executed corrective navigation
2026-01-18T23:46:37.4037807Z     🔄 Retry 1/3 mining locators for 'Contact Us'...
2026-01-18T23:46:38.4307436Z     🧠 Consulting AI (Vision-First) to find 'Contact Us'...
2026-01-18T23:46:38.4308700Z     🧠 [EXPERT] Strategy: Act as Senior SDET focusing on exploring the application to understand functional flow and identifying critical paths for end-to-end automation.
2026-01-18T23:46:38.4312081Z [CACHE HIT] 97617b39... (hits: 35, misses: 47)
2026-01-18T23:46:38.4312792Z     ⚠️ Skipping duplicate injection: Verify you are human
2026-01-18T23:46:38.4313316Z     🔄 Retry 2/3 mining locators for 'Contact Us'...
2026-01-18T23:46:39.4326796Z     🗑️ Invalidating stale AI cache (retry 2)...
2026-01-18T23:46:39.4328355Z     ⚠️ Cache invalidation warning: No module named 'core.agents.domain_expert'
2026-01-18T23:46:39.4575824Z     🧠 Consulting AI (Vision-First) to find 'Contact Us'...
2026-01-18T23:46:39.4577317Z     🧠 [EXPERT] Strategy: Act as Senior SDET focusing on exploring the application to understand functional flow and identifying critical paths for end-to-end automation.
2026-01-18T23:46:39.4580685Z [CACHE HIT] 97617b39... (hits: 36, misses: 47)
2026-01-18T23:46:39.4581481Z     ⚠️ Skipping duplicate injection: Verify you are human
2026-01-18T23:46:39.4582355Z     🧠 Verifying step validity for 'Contact Us' after no candidates found...
2026-01-18T23:46:40.7001878Z [DEBUG] Sending request to gemini-2.0-flash. Number of parts: 2
2026-01-18T23:46:40.7002353Z [DEBUG] Received response (Length: 240)
2026-01-18T23:46:40.7003702Z     🗑️ Step deemed INVALID: The current page is a Cloudflare security check. The 'Contact Us' element is not present on this page. We need to pass the security check before proceeding to the actual website.. Removing from workflow.
2026-01-18T23:46:40.7004888Z     ⏭️ Skipping execution of invalid step: Contact Us
2026-01-18T23:46:40.7005258Z   ▶️ [STEP step_5] FILL: Name
2026-01-18T23:46:40.7055721Z     🔍 Mining locators for: 'Name'
2026-01-18T23:46:40.7295296Z     🧠 Consulting AI (Vision-First) to find 'Name'...
2026-01-18T23:46:40.7296499Z     🧠 [EXPERT] Strategy: Act as Senior SDET focusing on exploring the application to understand functional flow and identifying critical paths for end-to-end automation.
2026-01-18T23:46:46.0630905Z [DEBUG] Sending request to gemini-2.0-flash. Number of parts: 2
2026-01-18T23:46:46.0631893Z [DEBUG] Received response (Length: 303)
2026-01-18T23:46:46.0634195Z     💡 Expert Suggestion: The current page is a security check. After passing the check, the user will likely be redirected to the main page where the 'Name' field can be found.
2026-01-18T23:46:46.0636818Z     🛠️ Executing corrective action: click -> 'Verify you are human'
2026-01-18T23:46:46.6038446Z     ✅ Executed corrective navigation
2026-01-18T23:46:48.6061566Z     🔄 Retry 1/3 mining locators for 'Name'...
2026-01-18T23:46:49.6322623Z     🧠 Consulting AI (Vision-First) to find 'Name'...
2026-01-18T23:46:49.6323760Z     🧠 [EXPERT] Strategy: Act as Senior SDET focusing on exploring the application to understand functional flow and identifying critical paths for end-to-end automation.
2026-01-18T23:46:49.6327038Z [CACHE HIT] dd4e2ff0... (hits: 37, misses: 49)
2026-01-18T23:46:49.6327775Z     ⚠️ Skipping duplicate injection: Verify you are human
2026-01-18T23:46:49.6328189Z     🔄 Retry 2/3 mining locators for 'Name'...
2026-01-18T23:46:50.6340898Z     🗑️ Invalidating stale AI cache (retry 2)...
2026-01-18T23:46:50.6342346Z     ⚠️ Cache invalidation warning: No module named 'core.agents.domain_expert'
2026-01-18T23:46:50.6584594Z     🧠 Consulting AI (Vision-First) to find 'Name'...
2026-01-18T23:46:50.6585775Z     🧠 [EXPERT] Strategy: Act as Senior SDET focusing on exploring the application to understand functional flow and identifying critical paths for end-to-end automation.
2026-01-18T23:46:50.6589346Z [CACHE HIT] dd4e2ff0... (hits: 38, misses: 49)
2026-01-18T23:46:50.6590014Z     ⚠️ Skipping duplicate injection: Verify you are human
2026-01-18T23:46:50.6590604Z     🧠 Verifying step validity for 'Name' after no candidates found...
2026-01-18T23:46:51.8864222Z [DEBUG] Sending request to gemini-2.0-flash. Number of parts: 2
2026-01-18T23:46:51.8864857Z [DEBUG] Received response (Length: 257)
2026-01-18T23:46:51.8867491Z     🗑️ Step deemed INVALID: The page is showing a Cloudflare verification challenge. There is no 'Name' field visible on this page. We need to pass the Cloudflare check before proceeding with the travel booking exploration.. Removing from workflow.
2026-01-18T23:46:51.8869720Z     ⏭️ Skipping execution of invalid step: Name
2026-01-18T23:46:51.8870385Z   ▶️ [STEP step_6] FILL: Email
2026-01-18T23:46:51.8920859Z     🔍 Mining locators for: 'Email'
2026-01-18T23:46:51.9157008Z     🧠 Consulting AI (Vision-First) to find 'Email'...
2026-01-18T23:46:51.9158297Z     🧠 [EXPERT] Strategy: Act as Senior SDET focusing on exploring the application to understand functional flow and identifying critical paths for end-to-end automation.
2026-01-18T23:46:56.8828055Z [DEBUG] Sending request to gemini-2.0-flash. Number of parts: 2
2026-01-18T23:46:56.8828717Z [DEBUG] Received response (Length: 260)
2026-01-18T23:46:56.8830294Z     💡 Expert Suggestion: The current page is a Cloudflare security check. Navigate to the main phptravels.com page to find the email field.
2026-01-18T23:46:56.8831659Z     🛠️ Executing corrective action: click -> 'phptravels.com'
2026-01-18T23:46:57.4224864Z     ✅ Executed corrective navigation
2026-01-18T23:46:59.4247919Z     🔄 Retry 1/3 mining locators for 'Email'...
2026-01-18T23:47:00.4682680Z     🧠 Consulting AI (Vision-First) to find 'Email'...
2026-01-18T23:47:00.4684249Z     🧠 [EXPERT] Strategy: Act as Senior SDET focusing on exploring the application to understand functional flow and identifying critical paths for end-to-end automation.
2026-01-18T23:47:00.4687538Z [CACHE HIT] 41cf1644... (hits: 39, misses: 51)
2026-01-18T23:47:00.4688198Z     ⚠️ Skipping duplicate injection: phptravels.com
2026-01-18T23:47:00.4688825Z     🔄 Retry 2/3 mining locators for 'Email'...
2026-01-18T23:47:01.4702235Z     🗑️ Invalidating stale AI cache (retry 2)...
2026-01-18T23:47:01.4703724Z     ⚠️ Cache invalidation warning: No module named 'core.agents.domain_expert'
2026-01-18T23:47:01.4950924Z     🧠 Consulting AI (Vision-First) to find 'Email'...
2026-01-18T23:47:01.4952080Z     🧠 [EXPERT] Strategy: Act as Senior SDET focusing on exploring the application to understand functional flow and identifying critical paths for end-to-end automation.
2026-01-18T23:47:01.4955163Z [CACHE HIT] 41cf1644... (hits: 40, misses: 51)
2026-01-18T23:47:01.4956168Z     ⚠️ Skipping duplicate injection: phptravels.com
2026-01-18T23:47:01.4956937Z     🧠 Verifying step validity for 'Email' after no candidates found...
2026-01-18T23:47:02.7513440Z [DEBUG] Sending request to gemini-2.0-flash. Number of parts: 2
2026-01-18T23:47:02.7513868Z [DEBUG] Received response (Length: 216)
2026-01-18T23:47:02.7514992Z     🗑️ Step deemed INVALID: The current page is a Cloudflare security check. There is no email field on this page. We need to pass this check before proceeding to the actual website.. Removing from workflow.
2026-01-18T23:47:02.7515853Z     ⏭️ Skipping execution of invalid step: Email
2026-01-18T23:47:02.7516181Z   ▶️ [STEP step_7] FILL: Subject
2026-01-18T23:47:02.7566540Z     🔍 Mining locators for: 'Subject'
2026-01-18T23:47:02.7891101Z     🧠 Consulting AI (Vision-First) to find 'Subject'...
2026-01-18T23:47:02.7892479Z     🧠 [EXPERT] Strategy: Act as Senior SDET focusing on exploring the application to understand functional flow and identifying critical paths for end-to-end automation.
2026-01-18T23:47:07.9085231Z [DEBUG] Sending request to gemini-2.0-flash. Number of parts: 2
2026-01-18T23:47:07.9085972Z [DEBUG] Received response (Length: 275)
2026-01-18T23:47:07.9088030Z     💡 Expert Suggestion: The page is a Cloudflare security check. We need to pass the check to access the main page where the search bar is located.
2026-01-18T23:47:07.9089214Z     🛠️ Executing corrective action: click -> 'Verify you are human'
2026-01-18T23:47:08.4479731Z     ✅ Executed corrective navigation
2026-01-18T23:47:10.4503088Z     🔄 Retry 1/3 mining locators for 'Subject'...
2026-01-18T23:47:11.4756805Z     🧠 Consulting AI (Vision-First) to find 'Subject'...
2026-01-18T23:47:11.4758282Z     🧠 [EXPERT] Strategy: Act as Senior SDET focusing on exploring the application to understand functional flow and identifying critical paths for end-to-end automation.
2026-01-18T23:47:11.4761945Z [CACHE HIT] 7998f970... (hits: 41, misses: 53)
2026-01-18T23:47:11.4762568Z     ⚠️ Skipping duplicate injection: Verify you are human
2026-01-18T23:47:11.4762995Z     🔄 Retry 2/3 mining locators for 'Subject'...
2026-01-18T23:47:12.4775565Z     🗑️ Invalidating stale AI cache (retry 2)...
2026-01-18T23:47:12.4776936Z     ⚠️ Cache invalidation warning: No module named 'core.agents.domain_expert'
2026-01-18T23:47:12.5045717Z     🧠 Consulting AI (Vision-First) to find 'Subject'...
2026-01-18T23:47:12.5047162Z     🧠 [EXPERT] Strategy: Act as Senior SDET focusing on exploring the application to understand functional flow and identifying critical paths for end-to-end automation.
2026-01-18T23:47:12.5050319Z [CACHE HIT] 7998f970... (hits: 42, misses: 53)
2026-01-18T23:47:12.5051099Z     ⚠️ Skipping duplicate injection: Verify you are human
2026-01-18T23:47:12.5051705Z     🧠 Verifying step validity for 'Subject' after no candidates found...
2026-01-18T23:47:13.6873716Z [DEBUG] Sending request to gemini-2.0-flash. Number of parts: 2
2026-01-18T23:47:13.6874561Z [DEBUG] Received response (Length: 258)
2026-01-18T23:47:13.6877704Z     🗑️ Step deemed INVALID: The page is showing a Cloudflare verification challenge. We need to solve this challenge before we can interact with the travel booking elements. The 'Subject' element is not visible on this page.. Removing from workflow.
2026-01-18T23:47:13.6880134Z     ⏭️ Skipping execution of invalid step: Subject
2026-01-18T23:47:13.6880891Z   ▶️ [STEP step_8] FILL: Message
2026-01-18T23:47:13.6935643Z     🔍 Mining locators for: 'Message'
2026-01-18T23:47:13.7210912Z     🧠 Consulting AI (Vision-First) to find 'Message'...
2026-01-18T23:47:13.7212034Z     🧠 [EXPERT] Strategy: Act as Senior SDET focusing on exploring the application to understand functional flow and identifying critical paths for end-to-end automation.
2026-01-18T23:47:18.8683754Z [DEBUG] Sending request to gemini-2.0-flash. Number of parts: 2
2026-01-18T23:47:18.8684268Z [DEBUG] Received response (Length: 307)
2026-01-18T23:47:18.8685772Z     💡 Expert Suggestion: The page is a Cloudflare verification page. After completing the verification, the user will be redirected to the main page where the message can be found.
2026-01-18T23:47:18.8687015Z     🛠️ Executing corrective action: click -> 'Verify you are human'
2026-01-18T23:47:19.4229646Z     ✅ Executed corrective navigation
2026-01-18T23:47:21.4253005Z     🔄 Retry 1/3 mining locators for 'Message'...
2026-01-18T23:47:22.4549020Z     🧠 Consulting AI (Vision-First) to find 'Message'...
2026-01-18T23:47:22.4550310Z     🧠 [EXPERT] Strategy: Act as Senior SDET focusing on exploring the application to understand functional flow and identifying critical paths for end-to-end automation.
2026-01-18T23:47:22.4554097Z [CACHE HIT] 26384573... (hits: 43, misses: 55)
2026-01-18T23:47:22.4555296Z     ⚠️ Skipping duplicate injection: Verify you are human
2026-01-18T23:47:22.4555942Z     🔄 Retry 2/3 mining locators for 'Message'...
2026-01-18T23:47:23.4567905Z     🗑️ Invalidating stale AI cache (retry 2)...
2026-01-18T23:47:23.4569388Z     ⚠️ Cache invalidation warning: No module named 'core.agents.domain_expert'
2026-01-18T23:47:23.4873105Z     🧠 Consulting AI (Vision-First) to find 'Message'...
2026-01-18T23:47:23.4874637Z     🧠 [EXPERT] Strategy: Act as Senior SDET focusing on exploring the application to understand functional flow and identifying critical paths for end-to-end automation.
2026-01-18T23:47:23.4877565Z [CACHE HIT] 26384573... (hits: 44, misses: 55)
2026-01-18T23:47:23.4878257Z     ⚠️ Skipping duplicate injection: Verify you are human
2026-01-18T23:47:23.4879032Z     🧠 Verifying step validity for 'Message' after no candidates found...
2026-01-18T23:47:24.6898031Z [DEBUG] Sending request to gemini-2.0-flash. Number of parts: 2
2026-01-18T23:47:24.6898678Z [DEBUG] Received response (Length: 212)
2026-01-18T23:47:24.6900480Z     🗑️ Step deemed INVALID: The current page is a Cloudflare security check, not the actual phptravels.com demo site. There is no 'Message' element to interact with on this page.. Removing from workflow.
2026-01-18T23:47:24.6901659Z     ⏭️ Skipping execution of invalid step: Message
2026-01-18T23:47:24.6902019Z   ▶️ [STEP step_9] CLICK: Submit
2026-01-18T23:47:24.6953519Z     🔍 Mining locators for: 'Submit'
2026-01-18T23:47:24.7206357Z     🧠 Consulting AI (Vision-First) to find 'Submit'...
2026-01-18T23:47:24.7208041Z     🧠 [EXPERT] Strategy: Act as Senior SDET focusing on exploring the application to understand functional flow and identifying critical paths for end-to-end automation.
2026-01-18T23:47:29.8787125Z [DEBUG] Sending request to gemini-2.0-flash. Number of parts: 2
2026-01-18T23:47:29.8787908Z [DEBUG] Received response (Length: 296)
2026-01-18T23:47:29.8789816Z     💡 Expert Suggestion: The page is a Cloudflare security check. After verifying, the user will be redirected to the main page where the 'Submit' button might be found.
2026-01-18T23:47:29.8791188Z     🛠️ Executing corrective action: click -> 'Verify you are human'
2026-01-18T23:47:30.4183159Z     ✅ Executed corrective navigation
2026-01-18T23:47:32.4207096Z     🔄 Retry 1/3 mining locators for 'Submit'...
2026-01-18T23:47:33.4462903Z     🧠 Consulting AI (Vision-First) to find 'Submit'...
2026-01-18T23:47:33.4464245Z     🧠 [EXPERT] Strategy: Act as Senior SDET focusing on exploring the application to understand functional flow and identifying critical paths for end-to-end automation.
2026-01-18T23:47:33.4467656Z [CACHE HIT] 184cf156... (hits: 45, misses: 57)
2026-01-18T23:47:33.4468320Z     ⚠️ Skipping duplicate injection: Verify you are human
2026-01-18T23:47:33.4468923Z     🔄 Retry 2/3 mining locators for 'Submit'...
2026-01-18T23:47:34.4482073Z     🗑️ Invalidating stale AI cache (retry 2)...
2026-01-18T23:47:34.4483439Z     ⚠️ Cache invalidation warning: No module named 'core.agents.domain_expert'
2026-01-18T23:47:34.4723990Z     🧠 Consulting AI (Vision-First) to find 'Submit'...
2026-01-18T23:47:34.4725899Z     🧠 [EXPERT] Strategy: Act as Senior SDET focusing on exploring the application to understand functional flow and identifying critical paths for end-to-end automation.
2026-01-18T23:47:34.4729819Z [CACHE HIT] 184cf156... (hits: 46, misses: 57)
2026-01-18T23:47:34.4730635Z     ⚠️ Skipping duplicate injection: Verify you are human
2026-01-18T23:47:34.4731458Z     🧠 Verifying step validity for 'Submit' after no candidates found...
2026-01-18T23:47:35.6626436Z [DEBUG] Sending request to gemini-2.0-flash. Number of parts: 2
2026-01-18T23:47:35.6627280Z [DEBUG] Received response (Length: 216)
2026-01-18T23:47:35.6628465Z     🗑️ Step deemed INVALID: The page is showing a Cloudflare 'Verify you are human' challenge. There is no 'Submit' button visible on this page. We need to solve the challenge first.. Removing from workflow.
2026-01-18T23:47:35.6629334Z     ⏭️ Skipping execution of invalid step: Submit
2026-01-18T23:47:35.6629690Z   ▶️ [STEP step_10] ASSERT_VISIBLE: Message Sent
2026-01-18T23:47:35.6684283Z     🔍 Mining locators for: 'Message Sent'
2026-01-18T23:47:35.6927597Z     🧠 Consulting AI (Vision-First) to find 'Message Sent'...
2026-01-18T23:47:35.6928862Z     🧠 [EXPERT] Strategy: Act as Senior SDET focusing on exploring the application to understand functional flow and identifying critical paths for end-to-end automation.
2026-01-18T23:47:40.8028197Z [DEBUG] Sending request to gemini-2.0-flash. Number of parts: 2
2026-01-18T23:47:40.8028753Z [DEBUG] Received response (Length: 329)
2026-01-18T23:47:40.8030253Z     💡 Expert Suggestion: The page is a Cloudflare verification page. After completing the verification, the user will be redirected to the main website where 'Message Sent' might be found after booking.
2026-01-18T23:47:40.8031571Z     🛠️ Executing corrective action: click -> 'Verify you are human'
2026-01-18T23:47:41.3470103Z     ✅ Executed corrective navigation
2026-01-18T23:47:43.3493609Z     🔄 Retry 1/3 mining locators for 'Message Sent'...
2026-01-18T23:47:44.3753977Z     🧠 Consulting AI (Vision-First) to find 'Message Sent'...
2026-01-18T23:47:44.3755493Z     🧠 [EXPERT] Strategy: Act as Senior SDET focusing on exploring the application to understand functional flow and identifying critical paths for end-to-end automation.
2026-01-18T23:47:44.3759232Z [CACHE HIT] 408e6049... (hits: 47, misses: 59)
2026-01-18T23:47:44.3759858Z     ⚠️ Skipping duplicate injection: Verify you are human
2026-01-18T23:47:44.3760274Z     🔄 Retry 2/3 mining locators for 'Message Sent'...
2026-01-18T23:47:45.3773414Z     🗑️ Invalidating stale AI cache (retry 2)...
2026-01-18T23:47:45.3774522Z     ⚠️ Cache invalidation warning: No module named 'core.agents.domain_expert'
2026-01-18T23:47:45.4027696Z     🧠 Consulting AI (Vision-First) to find 'Message Sent'...
2026-01-18T23:47:45.4029510Z     🧠 [EXPERT] Strategy: Act as Senior SDET focusing on exploring the application to understand functional flow and identifying critical paths for end-to-end automation.
2026-01-18T23:47:45.4032889Z [CACHE HIT] 408e6049... (hits: 48, misses: 59)
2026-01-18T23:47:45.4033522Z     ⚠️ Skipping duplicate injection: Verify you are human
2026-01-18T23:47:45.4034481Z     🧠 Verifying step validity for 'Message Sent' after no candidates found...
2026-01-18T23:47:46.7396479Z [DEBUG] Sending request to gemini-2.0-flash. Number of parts: 2
2026-01-18T23:47:46.7397083Z [DEBUG] Received response (Length: 258)
2026-01-18T23:47:46.7398386Z     🗑️ Step deemed INVALID: The current page shows a Cloudflare verification page. The element 'Message Sent' is not present on this page. We need to pass the Cloudflare verification before proceeding with the original task.. Removing from workflow.
2026-01-18T23:47:46.7399438Z     ⏭️ Skipping execution of invalid step: Message Sent
2026-01-18T23:47:48.7757678Z 🗂️  All generated tests written to /home/runner/work/build_qa_automation/build_qa_automation/projects/ci_phptravels_demo/tests/generated_scenarios.json
2026-01-18T23:47:48.7761541Z 🔄 Updated workflow.json with discovered steps and locators.
2026-01-18T23:47:48.7762282Z 
2026-01-18T23:47:48.7762522Z ✅ Deep Exploration Complete.
2026-01-18T23:48:04.6857386Z 
2026-01-18T23:48:04.6858190Z 🚀 [EXECUTE] Starting Automation Execution Engine
2026-01-18T23:48:04.6859115Z 📍 Project: ci_phptravels_demo
2026-01-18T23:48:04.6859541Z 🎬 Mode: Headless
2026-01-18T23:48:04.6859721Z 
2026-01-18T23:48:04.6859979Z --- Scenario: Explore Travel Booking - Hotel Booking Flow ---
2026-01-18T23:48:04.6860636Z   ▶️ [STEP step_1] NAVIGATE: Step step_1
2026-01-18T23:48:04.6861095Z     ✅ Step step_1 Passed.
2026-01-18T23:48:04.6861521Z   ▶️ [STEP step_2] ASSERT_URL: Step step_2
2026-01-18T23:48:04.6861954Z     ✅ Step step_2 Passed.
2026-01-18T23:48:04.6862399Z   ▶️ [STEP step_2_ai_1] CLICK: Verify you are human
2026-01-18T23:48:04.6863073Z     ⚠️ Mined locators not found on page. Falling back to semantic search.
2026-01-18T23:48:04.6880262Z     ✅ Step step_2_ai_1 Passed.
2026-01-18T23:48:04.6880831Z   ▶️ [STEP step_6] WAIT: Step step_6
2026-01-18T23:48:04.6881319Z     ✅ Step step_6 Passed.
2026-01-18T23:48:04.6881775Z   ▶️ [STEP step_6_ai_1] CLICK: Verify you are human
2026-01-18T23:48:04.6882518Z     🎯 Using mined locator: text=Verify you are human by completing the action below.
2026-01-18T23:48:04.6883195Z     ✅ Step step_6_ai_1 Passed.
2026-01-18T23:48:04.6883872Z ✅ Scenario 'Explore Travel Booking - Hotel Booking Flow' completed successfully!
2026-01-18T23:48:04.6884359Z 
2026-01-18T23:48:04.6884616Z --- Scenario: Explore Travel Booking - Flight Booking Flow ---
2026-01-18T23:48:04.6885252Z   ▶️ [STEP step_1] NAVIGATE: Step step_1
2026-01-18T23:48:04.6885728Z     ✅ Step step_1 Passed.
2026-01-18T23:48:04.6886134Z   ▶️ [STEP step_2] ASSERT_URL: Step step_2
2026-01-18T23:48:04.6886563Z     ✅ Step step_2 Passed.
2026-01-18T23:48:04.6887451Z   ▶️ [STEP step_2_ai_1] CLICK: Verify you are human
2026-01-18T23:48:04.6888098Z     ⚠️ Mined locators not found on page. Falling back to semantic search.
2026-01-18T23:48:04.6888691Z     ✅ Step step_2_ai_1 Passed.
2026-01-18T23:48:04.6889123Z   ▶️ [STEP step_6] WAIT: Step step_6
2026-01-18T23:48:04.6889524Z     ✅ Step step_6 Passed.
2026-01-18T23:48:04.6889957Z   ▶️ [STEP step_6_ai_1] CLICK: Verify you are human
2026-01-18T23:48:04.6890674Z     🎯 Using mined locator: text=Verify you are human by completing the action below.
2026-01-18T23:48:04.6891306Z     ✅ Step step_6_ai_1 Passed.
2026-01-18T23:48:04.6891707Z   ▶️ [STEP step_9] WAIT: Step step_9
2026-01-18T23:48:04.6892097Z     ✅ Step step_9 Passed.
2026-01-18T23:48:04.6892721Z ✅ Scenario 'Explore Travel Booking - Flight Booking Flow' completed successfully!
2026-01-18T23:48:04.6893208Z 
2026-01-18T23:48:04.6893432Z --- Scenario: Explore Travel Booking - Contact Us Flow ---
2026-01-18T23:48:04.6893974Z   ▶️ [STEP step_1] NAVIGATE: Step step_1
2026-01-18T23:48:04.6894403Z     ✅ Step step_1 Passed.
2026-01-18T23:48:04.6894800Z   ▶️ [STEP step_2] ASSERT_URL: Step step_2
2026-01-18T23:48:04.6895236Z     ✅ Step step_2 Passed.
2026-01-18T23:48:04.6895676Z   ▶️ [STEP step_2_ai_1] CLICK: Verify you are human
2026-01-18T23:48:04.6896335Z     ⚠️ Mined locators not found on page. Falling back to semantic search.
2026-01-18T23:48:04.6897225Z     ✅ Step step_2_ai_1 Passed.
2026-01-18T23:48:04.6897851Z ✅ Scenario 'Explore Travel Booking - Contact Us Flow' completed successfully!
2026-01-18T23:48:04.6898324Z 
2026-01-18T23:48:04.6898469Z ============================================================
2026-01-18T23:48:04.6898912Z 🎯 EXECUTION SUMMARY
2026-01-18T23:48:04.6899232Z ============================================================
2026-01-18T23:48:04.6899521Z 
2026-01-18T23:48:04.6899682Z 📋 Scenario Overview:
2026-01-18T23:48:04.6900051Z    • Total Scenarios Planned: 3
2026-01-18T23:48:04.6900449Z    • Scenarios Executed: 3
2026-01-18T23:48:04.6900832Z    • Total Steps Executed: 14
2026-01-18T23:48:04.6901055Z 
2026-01-18T23:48:04.6901193Z ✅ Results:
2026-01-18T23:48:04.6901499Z    ✅ Passed: 3 (100%)
2026-01-18T23:48:04.6901678Z 
2026-01-18T23:48:04.6901825Z ============================================================
2026-01-18T23:48:04.6902380Z 
2026-01-18T23:48:04.6903149Z 🏁 Execution Finished. Report: /home/runner/work/build_qa_automation/build_qa_automation/projects/ci_phptravels_demo/execution.json
2026-01-18T23:48:04.8022178Z 
2026-01-18T23:48:04.8022830Z [PHASE] Running Phase: DISCOVERY
2026-01-18T23:48:04.8024084Z    Command: /opt/hostedtoolcache/Python/3.11.14/x64/bin/python /home/runner/work/build_qa_automation/build_qa_automation/core/agents/discovery.py --project /home/runner/work/build_qa_automation/build_qa_automation/projects/ci_phptravels_demo --url https://phptravels.com/demo/ --deep
2026-01-18T23:48:04.8025457Z ✅ Phase 'discovery' completed successfully.
2026-01-18T23:48:04.8025660Z 
2026-01-18T23:48:04.8025763Z [PHASE] Running Phase: PLANNING
2026-01-18T23:48:04.8027130Z    Command: /opt/hostedtoolcache/Python/3.11.14/x64/bin/python /home/runner/work/build_qa_automation/build_qa_automation/core/agents/planner.py --project /home/runner/work/build_qa_automation/build_qa_automation/projects/ci_phptravels_demo --goal Explore travel booking --url https://phptravels.com/demo/ --deep
2026-01-18T23:48:04.8028386Z ✅ Phase 'planning' completed successfully.
2026-01-18T23:48:04.8028580Z 
2026-01-18T23:48:04.8028683Z [PHASE] Running Phase: EXPLORATION
2026-01-18T23:48:04.8029593Z    Command: /opt/hostedtoolcache/Python/3.11.14/x64/bin/python /home/runner/work/build_qa_automation/build_qa_automation/core/agents/deep_explorer.py --project /home/runner/work/build_qa_automation/build_qa_automation/projects/ci_phptravels_demo
2026-01-18T23:48:04.8030578Z ✅ Phase 'exploration' completed successfully.
2026-01-18T23:48:04.8030948Z 📊 Exploration Discovery Success Rate: 45.5%
2026-01-18T23:48:04.8031408Z ⚠️ Exploration failed to find stable locators for key steps. Execution might fail.
2026-01-18T23:48:04.8031722Z 
2026-01-18T23:48:04.8031815Z [PHASE] Running Phase: EXECUTION
2026-01-18T23:48:04.8032846Z    Command: /opt/hostedtoolcache/Python/3.11.14/x64/bin/python /home/runner/work/build_qa_automation/build_qa_automation/core/agents/executor.py --project /home/runner/work/build_qa_automation/build_qa_automation/projects/ci_phptravels_demo
2026-01-18T23:48:04.8033850Z ✅ Phase 'execution' completed successfully.
2026-01-18T23:48:04.8034050Z 
2026-01-18T23:48:04.8034155Z [DONE] Pipeline Execution Finished! [DONE]
2026-01-18T23:48:04.8946336Z ##[group]Run RESULT_FILE="projects/ci_phptravels_demo/execution.json"
2026-01-18T23:48:04.8947054Z [36;1mRESULT_FILE="projects/ci_phptravels_demo/execution.json"[0m
2026-01-18T23:48:04.8947429Z [36;1mif [ -f "$RESULT_FILE" ]; then[0m
2026-01-18T23:48:04.8947762Z [36;1m  echo "✅ Results generated successfully: $RESULT_FILE"[0m
2026-01-18T23:48:04.8948204Z [36;1m  cat "$RESULT_FILE" | jq '.scenarios | length' || echo "Result file exists"[0m
2026-01-18T23:48:04.8948574Z [36;1melse[0m
2026-01-18T23:48:04.8948813Z [36;1m  echo "❌ No result file found at $RESULT_FILE"[0m
2026-01-18T23:48:04.8949092Z [36;1m  exit 1[0m
2026-01-18T23:48:04.8949264Z [36;1mfi[0m
2026-01-18T23:48:04.8980182Z shell: /usr/bin/bash -e {0}
2026-01-18T23:48:04.8980412Z env:
2026-01-18T23:48:04.8980663Z   pythonLocation: /opt/hostedtoolcache/Python/3.11.14/x64
2026-01-18T23:48:04.8981094Z   PKG_CONFIG_PATH: /opt/hostedtoolcache/Python/3.11.14/x64/lib/pkgconfig
2026-01-18T23:48:04.8981528Z   Python_ROOT_DIR: /opt/hostedtoolcache/Python/3.11.14/x64
2026-01-18T23:48:04.8981887Z   Python2_ROOT_DIR: /opt/hostedtoolcache/Python/3.11.14/x64
2026-01-18T23:48:04.8982239Z   Python3_ROOT_DIR: /opt/hostedtoolcache/Python/3.11.14/x64
2026-01-18T23:48:04.8982598Z   LD_LIBRARY_PATH: /opt/hostedtoolcache/Python/3.11.14/x64/lib
2026-01-18T23:48:04.8982896Z ##[endgroup]
2026-01-18T23:48:04.9032897Z ✅ Results generated successfully: projects/ci_phptravels_demo/execution.json
2026-01-18T23:48:04.9059002Z 3
2026-01-18T23:48:04.9289014Z ##[group]Run actions/upload-artifact@v4
2026-01-18T23:48:04.9289298Z with:
2026-01-18T23:48:04.9289504Z   name: phptravels_demo-execution-results
2026-01-18T23:48:04.9289959Z   path: projects/ci_phptravels_demo/execution.json
projects/ci_phptravels_demo/workflow.json

2026-01-18T23:48:04.9290577Z   retention-days: 30
2026-01-18T23:48:04.9290781Z   if-no-files-found: warn
2026-01-18T23:48:04.9290997Z   compression-level: 6
2026-01-18T23:48:04.9291200Z   overwrite: false
2026-01-18T23:48:04.9291400Z   include-hidden-files: false
2026-01-18T23:48:04.9291611Z env:
2026-01-18T23:48:04.9291846Z   pythonLocation: /opt/hostedtoolcache/Python/3.11.14/x64
2026-01-18T23:48:04.9292257Z   PKG_CONFIG_PATH: /opt/hostedtoolcache/Python/3.11.14/x64/lib/pkgconfig
2026-01-18T23:48:04.9292655Z   Python_ROOT_DIR: /opt/hostedtoolcache/Python/3.11.14/x64
2026-01-18T23:48:04.9293014Z   Python2_ROOT_DIR: /opt/hostedtoolcache/Python/3.11.14/x64
2026-01-18T23:48:04.9293410Z   Python3_ROOT_DIR: /opt/hostedtoolcache/Python/3.11.14/x64
2026-01-18T23:48:04.9293773Z   LD_LIBRARY_PATH: /opt/hostedtoolcache/Python/3.11.14/x64/lib
2026-01-18T23:48:04.9294077Z ##[endgroup]
2026-01-18T23:48:05.1406550Z Multiple search paths detected. Calculating the least common ancestor of all paths
2026-01-18T23:48:05.1411339Z The least common ancestor is /home/runner/work/build_qa_automation/build_qa_automation/projects/ci_phptravels_demo. This will be the root directory of the artifact
2026-01-18T23:48:05.1412481Z With the provided path, there will be 2 files uploaded
2026-01-18T23:48:05.1419498Z Artifact name is valid!
2026-01-18T23:48:05.1421027Z Root directory input is valid!
2026-01-18T23:48:05.2297247Z Beginning upload of artifact content to blob storage
2026-01-18T23:48:05.2967106Z Uploaded bytes 1037
2026-01-18T23:48:05.3172366Z Finished uploading artifact content to blob storage!
2026-01-18T23:48:05.3175456Z SHA256 digest of uploaded artifact zip is d03091ae74399b7fb5ceb8f4540f34640568aa411da4dec9c4a0b19ba0b8af50
2026-01-18T23:48:05.3177146Z Finalizing artifact upload
2026-01-18T23:48:05.3903811Z Artifact phptravels_demo-execution-results.zip successfully finalized. Artifact ID 5171033565
2026-01-18T23:48:05.3905377Z Artifact phptravels_demo-execution-results has been successfully uploaded! Final size is 1037 bytes. Artifact ID is 5171033565
2026-01-18T23:48:05.3912295Z Artifact download URL: https://github.com/vishvasmca-cmd/build_qa_automation/actions/runs/21120211878/artifacts/5171033565
2026-01-18T23:48:05.4247643Z Post job cleanup.
2026-01-18T23:48:05.5777795Z Cache hit occurred on the primary key setup-python-Linux-x64-24.04-Ubuntu-python-3.11.14-pip-dde08d0e0b672972dcda9f1a063036a2e0c226f5d0a20362e9401931676d80a4, not saving cache.
2026-01-18T23:48:05.6210660Z Post job cleanup.
2026-01-18T23:48:05.7137204Z [command]/usr/bin/git version
2026-01-18T23:48:05.7172375Z git version 2.52.0
2026-01-18T23:48:05.7215481Z Temporarily overriding HOME='/home/runner/work/_temp/aced870f-d23b-4b8a-9e38-7a309bf44f9b' before making global git config changes
2026-01-18T23:48:05.7217091Z Adding repository directory to the temporary git global config as a safe directory
2026-01-18T23:48:05.7228535Z [command]/usr/bin/git config --global --add safe.directory /home/runner/work/build_qa_automation/build_qa_automation
2026-01-18T23:48:05.7263045Z [command]/usr/bin/git config --local --name-only --get-regexp core\.sshCommand
2026-01-18T23:48:05.7295144Z [command]/usr/bin/git submodule foreach --recursive sh -c "git config --local --name-only --get-regexp 'core\.sshCommand' && git config --local --unset-all 'core.sshCommand' || :"
2026-01-18T23:48:05.7526400Z [command]/usr/bin/git config --local --name-only --get-regexp http\.https\:\/\/github\.com\/\.extraheader
2026-01-18T23:48:05.7547153Z http.https://github.com/.extraheader
2026-01-18T23:48:05.7559786Z [command]/usr/bin/git config --local --unset-all http.https://github.com/.extraheader
2026-01-18T23:48:05.7590231Z [command]/usr/bin/git submodule foreach --recursive sh -c "git config --local --name-only --get-regexp 'http\.https\:\/\/github\.com\/\.extraheader' && git config --local --unset-all 'http.https://github.com/.extraheader' || :"
2026-01-18T23:48:05.7808510Z [command]/usr/bin/git config --local --name-only --get-regexp ^includeIf\.gitdir:
2026-01-18T23:48:05.7838492Z [command]/usr/bin/git submodule foreach --recursive git config --local --show-origin --name-only --get-regexp remote.origin.url
2026-01-18T23:48:05.8185326Z Cleaning up orphan processes
