2026-01-19T03:47:14.1110439Z Current runner version: '2.331.0'
2026-01-19T03:47:14.1133603Z ##[group]Runner Image Provisioner
2026-01-19T03:47:14.1134536Z Hosted Compute Agent
2026-01-19T03:47:14.1135123Z Version: 20251211.462
2026-01-19T03:47:14.1135702Z Commit: 6cbad8c2bb55d58165063d031ccabf57e2d2db61
2026-01-19T03:47:14.1136471Z Build Date: 2025-12-11T16:28:49Z
2026-01-19T03:47:14.1137118Z Worker ID: {47185aec-caa7-475b-94a1-d7401452cfcf}
2026-01-19T03:47:14.1138178Z ##[endgroup]
2026-01-19T03:47:14.1138785Z ##[group]Operating System
2026-01-19T03:47:14.1139315Z Ubuntu
2026-01-19T03:47:14.1139781Z 24.04.3
2026-01-19T03:47:14.1140300Z LTS
2026-01-19T03:47:14.1140732Z ##[endgroup]
2026-01-19T03:47:14.1141264Z ##[group]Runner Image
2026-01-19T03:47:14.1141816Z Image: ubuntu-24.04
2026-01-19T03:47:14.1142354Z Version: 20260111.209.1
2026-01-19T03:47:14.1143372Z Included Software: https://github.com/actions/runner-images/blob/ubuntu24/20260111.209/images/ubuntu/Ubuntu2404-Readme.md
2026-01-19T03:47:14.1144950Z Image Release: https://github.com/actions/runner-images/releases/tag/ubuntu24%2F20260111.209
2026-01-19T03:47:14.1145951Z ##[endgroup]
2026-01-19T03:47:14.1147086Z ##[group]GITHUB_TOKEN Permissions
2026-01-19T03:47:14.1148996Z Contents: read
2026-01-19T03:47:14.1149648Z Metadata: read
2026-01-19T03:47:14.1150249Z Packages: read
2026-01-19T03:47:14.1150720Z ##[endgroup]
2026-01-19T03:47:14.1153210Z Secret source: Actions
2026-01-19T03:47:14.1153955Z Prepare workflow directory
2026-01-19T03:47:14.2172102Z Prepare all required actions
2026-01-19T03:47:14.2211781Z Getting action download info
2026-01-19T03:47:14.6178651Z Download action repository 'actions/checkout@v4' (SHA:34e114876b0b11c390a56381ad16ebd13914f8d5)
2026-01-19T03:47:14.7077580Z Download action repository 'actions/setup-python@v5' (SHA:a26af69be951a213d495a4c3e4e4022e16d87065)
2026-01-19T03:47:14.8405732Z Download action repository 'actions/upload-artifact@v4' (SHA:ea165f8d65b6e75b540449e92b4886f43607fa02)
2026-01-19T03:47:15.1531925Z Complete job name: test-websites-deep (globalsqa_bank, https://www.globalsqa.com/angularJs-protractor/BankingProject...
2026-01-19T03:47:15.3527095Z ##[group]Run actions/checkout@v4
2026-01-19T03:47:15.3528124Z with:
2026-01-19T03:47:15.3528601Z   repository: vishvasmca-cmd/build_qa_automation
2026-01-19T03:47:15.3529385Z   token: ***
2026-01-19T03:47:15.3529761Z   ssh-strict: true
2026-01-19T03:47:15.3530156Z   ssh-user: git
2026-01-19T03:47:15.3530558Z   persist-credentials: true
2026-01-19T03:47:15.3531028Z   clean: true
2026-01-19T03:47:15.3531428Z   sparse-checkout-cone-mode: true
2026-01-19T03:47:15.3531908Z   fetch-depth: 1
2026-01-19T03:47:15.3532282Z   fetch-tags: false
2026-01-19T03:47:15.3532677Z   show-progress: true
2026-01-19T03:47:15.3533082Z   lfs: false
2026-01-19T03:47:15.3533444Z   submodules: false
2026-01-19T03:47:15.3533850Z   set-safe-directory: true
2026-01-19T03:47:15.3534490Z ##[endgroup]
2026-01-19T03:47:15.4633680Z Syncing repository: vishvasmca-cmd/build_qa_automation
2026-01-19T03:47:15.4635401Z ##[group]Getting Git version info
2026-01-19T03:47:15.4636277Z Working directory is '/home/runner/work/build_qa_automation/build_qa_automation'
2026-01-19T03:47:15.4638008Z [command]/usr/bin/git version
2026-01-19T03:47:15.4721904Z git version 2.52.0
2026-01-19T03:47:15.4748679Z ##[endgroup]
2026-01-19T03:47:15.4771361Z Temporarily overriding HOME='/home/runner/work/_temp/2adb3188-6194-4151-80b7-5b0630e4b44c' before making global git config changes
2026-01-19T03:47:15.4773703Z Adding repository directory to the temporary git global config as a safe directory
2026-01-19T03:47:15.4778274Z [command]/usr/bin/git config --global --add safe.directory /home/runner/work/build_qa_automation/build_qa_automation
2026-01-19T03:47:15.4818129Z Deleting the contents of '/home/runner/work/build_qa_automation/build_qa_automation'
2026-01-19T03:47:15.4821500Z ##[group]Initializing the repository
2026-01-19T03:47:15.4825427Z [command]/usr/bin/git init /home/runner/work/build_qa_automation/build_qa_automation
2026-01-19T03:47:15.4938834Z hint: Using 'master' as the name for the initial branch. This default branch name
2026-01-19T03:47:15.4940302Z hint: will change to "main" in Git 3.0. To configure the initial branch name
2026-01-19T03:47:15.4941877Z hint: to use in all of your new repositories, which will suppress this warning,
2026-01-19T03:47:15.4943095Z hint: call:
2026-01-19T03:47:15.4943672Z hint:
2026-01-19T03:47:15.4944419Z hint: 	git config --global init.defaultBranch <name>
2026-01-19T03:47:15.4945371Z hint:
2026-01-19T03:47:15.4945984Z hint: Names commonly chosen instead of 'master' are 'main', 'trunk' and
2026-01-19T03:47:15.4946881Z hint: 'development'. The just-created branch can be renamed via this command:
2026-01-19T03:47:15.4947809Z hint:
2026-01-19T03:47:15.4948190Z hint: 	git branch -m <name>
2026-01-19T03:47:15.4948624Z hint:
2026-01-19T03:47:15.4949203Z hint: Disable this message with "git config set advice.defaultBranchName false"
2026-01-19T03:47:15.4950756Z Initialized empty Git repository in /home/runner/work/build_qa_automation/build_qa_automation/.git/
2026-01-19T03:47:15.4955598Z [command]/usr/bin/git remote add origin https://github.com/vishvasmca-cmd/build_qa_automation
2026-01-19T03:47:15.4992866Z ##[endgroup]
2026-01-19T03:47:15.4993590Z ##[group]Disabling automatic garbage collection
2026-01-19T03:47:15.4996803Z [command]/usr/bin/git config --local gc.auto 0
2026-01-19T03:47:15.5025649Z ##[endgroup]
2026-01-19T03:47:15.5026333Z ##[group]Setting up auth
2026-01-19T03:47:15.5032704Z [command]/usr/bin/git config --local --name-only --get-regexp core\.sshCommand
2026-01-19T03:47:15.5063269Z [command]/usr/bin/git submodule foreach --recursive sh -c "git config --local --name-only --get-regexp 'core\.sshCommand' && git config --local --unset-all 'core.sshCommand' || :"
2026-01-19T03:47:15.5443479Z [command]/usr/bin/git config --local --name-only --get-regexp http\.https\:\/\/github\.com\/\.extraheader
2026-01-19T03:47:15.5474038Z [command]/usr/bin/git submodule foreach --recursive sh -c "git config --local --name-only --get-regexp 'http\.https\:\/\/github\.com\/\.extraheader' && git config --local --unset-all 'http.https://github.com/.extraheader' || :"
2026-01-19T03:47:15.5691720Z [command]/usr/bin/git config --local --name-only --get-regexp ^includeIf\.gitdir:
2026-01-19T03:47:15.5721147Z [command]/usr/bin/git submodule foreach --recursive git config --local --show-origin --name-only --get-regexp remote.origin.url
2026-01-19T03:47:15.5950980Z [command]/usr/bin/git config --local http.https://github.com/.extraheader AUTHORIZATION: basic ***
2026-01-19T03:47:15.5985685Z ##[endgroup]
2026-01-19T03:47:15.5986541Z ##[group]Fetching the repository
2026-01-19T03:47:15.5995091Z [command]/usr/bin/git -c protocol.version=2 fetch --no-tags --prune --no-recurse-submodules --depth=1 origin +2f305d435d899f67f11ae5adc61ad536fdd999e8:refs/remotes/origin/main
2026-01-19T03:47:16.8953256Z From https://github.com/vishvasmca-cmd/build_qa_automation
2026-01-19T03:47:16.8955202Z  * [new ref]         2f305d435d899f67f11ae5adc61ad536fdd999e8 -> origin/main
2026-01-19T03:47:16.8993416Z ##[endgroup]
2026-01-19T03:47:16.8995307Z ##[group]Determining the checkout info
2026-01-19T03:47:16.8997898Z ##[endgroup]
2026-01-19T03:47:16.9001426Z [command]/usr/bin/git sparse-checkout disable
2026-01-19T03:47:16.9044331Z [command]/usr/bin/git config --local --unset-all extensions.worktreeConfig
2026-01-19T03:47:16.9070568Z ##[group]Checking out the ref
2026-01-19T03:47:16.9074566Z [command]/usr/bin/git checkout --progress --force -B main refs/remotes/origin/main
2026-01-19T03:47:17.0544870Z Switched to a new branch 'main'
2026-01-19T03:47:17.0546640Z branch 'main' set up to track 'origin/main'.
2026-01-19T03:47:17.0564898Z ##[endgroup]
2026-01-19T03:47:17.0601292Z [command]/usr/bin/git log -1 --format=%H
2026-01-19T03:47:17.0623362Z 2f305d435d899f67f11ae5adc61ad536fdd999e8
2026-01-19T03:47:17.1737926Z ##[group]Run actions/setup-python@v5
2026-01-19T03:47:17.1738979Z with:
2026-01-19T03:47:17.1739656Z   python-version: 3.11
2026-01-19T03:47:17.1740435Z   cache: pip
2026-01-19T03:47:17.1741349Z   check-latest: false
2026-01-19T03:47:17.1742415Z   token: ***
2026-01-19T03:47:17.1743121Z   update-environment: true
2026-01-19T03:47:17.1743960Z   allow-prereleases: false
2026-01-19T03:47:17.1744781Z   freethreaded: false
2026-01-19T03:47:17.1745527Z ##[endgroup]
2026-01-19T03:47:17.3412282Z ##[group]Installed versions
2026-01-19T03:47:17.3528479Z Successfully set up CPython (3.11.14)
2026-01-19T03:47:17.3531028Z ##[endgroup]
2026-01-19T03:47:17.4642697Z [command]/opt/hostedtoolcache/Python/3.11.14/x64/bin/pip cache dir
2026-01-19T03:47:19.0908486Z /home/runner/.cache/pip
2026-01-19T03:47:19.3865476Z Cache hit for: setup-python-Linux-x64-24.04-Ubuntu-python-3.11.14-pip-dde08d0e0b672972dcda9f1a063036a2e0c226f5d0a20362e9401931676d80a4
2026-01-19T03:47:20.7175392Z Received 4194304 of 254742636 (1.6%), 4.0 MBs/sec
2026-01-19T03:47:21.7186857Z Received 134217728 of 254742636 (52.7%), 63.9 MBs/sec
2026-01-19T03:47:22.5802320Z Received 254742636 of 254742636 (100.0%), 84.9 MBs/sec
2026-01-19T03:47:22.5803277Z Cache Size: ~243 MB (254742636 B)
2026-01-19T03:47:22.5842893Z [command]/usr/bin/tar -xf /home/runner/work/_temp/cdfdcfdd-93af-4945-8857-22a96e088bc0/cache.tzst -P -C /home/runner/work/build_qa_automation/build_qa_automation --use-compress-program unzstd
2026-01-19T03:47:22.9312263Z Cache restored successfully
2026-01-19T03:47:22.9800337Z Cache restored from key: setup-python-Linux-x64-24.04-Ubuntu-python-3.11.14-pip-dde08d0e0b672972dcda9f1a063036a2e0c226f5d0a20362e9401931676d80a4
2026-01-19T03:47:23.0363537Z ##[group]Run pip install -r requirements.txt
2026-01-19T03:47:23.0364000Z [36;1mpip install -r requirements.txt[0m
2026-01-19T03:47:23.0364305Z [36;1mplaywright install chromium[0m
2026-01-19T03:47:23.0402477Z shell: /usr/bin/bash -e {0}
2026-01-19T03:47:23.0402753Z env:
2026-01-19T03:47:23.0403024Z   pythonLocation: /opt/hostedtoolcache/Python/3.11.14/x64
2026-01-19T03:47:23.0403481Z   PKG_CONFIG_PATH: /opt/hostedtoolcache/Python/3.11.14/x64/lib/pkgconfig
2026-01-19T03:47:23.0403935Z   Python_ROOT_DIR: /opt/hostedtoolcache/Python/3.11.14/x64
2026-01-19T03:47:23.0404334Z   Python2_ROOT_DIR: /opt/hostedtoolcache/Python/3.11.14/x64
2026-01-19T03:47:23.0404701Z   Python3_ROOT_DIR: /opt/hostedtoolcache/Python/3.11.14/x64
2026-01-19T03:47:23.0405078Z   LD_LIBRARY_PATH: /opt/hostedtoolcache/Python/3.11.14/x64/lib
2026-01-19T03:47:23.0405390Z ##[endgroup]
2026-01-19T03:47:24.4806419Z Collecting playwright (from -r requirements.txt (line 1))
2026-01-19T03:47:24.4822608Z   Using cached playwright-1.57.0-py3-none-manylinux1_x86_64.whl.metadata (3.5 kB)
2026-01-19T03:47:24.4977535Z Collecting python-dotenv (from -r requirements.txt (line 2))
2026-01-19T03:47:24.4992373Z   Using cached python_dotenv-1.2.1-py3-none-any.whl.metadata (25 kB)
2026-01-19T03:47:24.5302430Z Collecting requests (from -r requirements.txt (line 3))
2026-01-19T03:47:24.5322352Z   Using cached requests-2.32.5-py3-none-any.whl.metadata (4.9 kB)
2026-01-19T03:47:24.6987443Z Collecting pillow (from -r requirements.txt (line 4))
2026-01-19T03:47:24.7004775Z   Using cached pillow-12.1.0-cp311-cp311-manylinux_2_27_x86_64.manylinux_2_28_x86_64.whl.metadata (8.8 kB)
2026-01-19T03:47:24.7270983Z Collecting google-genai>=0.3.0 (from -r requirements.txt (line 5))
2026-01-19T03:47:24.7284864Z   Using cached google_genai-1.59.0-py3-none-any.whl.metadata (53 kB)
2026-01-19T03:47:24.7441081Z Collecting termcolor (from -r requirements.txt (line 6))
2026-01-19T03:47:24.7454525Z   Using cached termcolor-3.3.0-py3-none-any.whl.metadata (6.5 kB)
2026-01-19T03:47:24.7802199Z Collecting PyYAML (from -r requirements.txt (line 7))
2026-01-19T03:47:24.7817555Z   Using cached pyyaml-6.0.3-cp311-cp311-manylinux2014_x86_64.manylinux_2_17_x86_64.manylinux_2_28_x86_64.whl.metadata (2.4 kB)
2026-01-19T03:47:24.8391839Z Collecting opencv-python-headless (from -r requirements.txt (line 8))
2026-01-19T03:47:24.8406180Z   Using cached opencv_python_headless-4.13.0.90-cp37-abi3-manylinux_2_28_x86_64.whl.metadata (19 kB)
2026-01-19T03:47:25.0354677Z Collecting numpy (from -r requirements.txt (line 9))
2026-01-19T03:47:25.0369719Z   Using cached numpy-2.4.1-cp311-cp311-manylinux_2_27_x86_64.manylinux_2_28_x86_64.whl.metadata (6.6 kB)
2026-01-19T03:47:25.1124350Z Collecting faker (from -r requirements.txt (line 10))
2026-01-19T03:47:25.1139448Z   Using cached faker-40.1.2-py3-none-any.whl.metadata (16 kB)
2026-01-19T03:47:25.1286103Z Collecting pyee<14,>=13 (from playwright->-r requirements.txt (line 1))
2026-01-19T03:47:25.1299548Z   Using cached pyee-13.0.0-py3-none-any.whl.metadata (2.9 kB)
2026-01-19T03:47:25.2456722Z Collecting greenlet<4.0.0,>=3.1.1 (from playwright->-r requirements.txt (line 1))
2026-01-19T03:47:25.2473044Z   Using cached greenlet-3.3.0-cp311-cp311-manylinux_2_24_x86_64.manylinux_2_28_x86_64.whl.metadata (4.1 kB)
2026-01-19T03:47:25.2645313Z Collecting typing-extensions (from pyee<14,>=13->playwright->-r requirements.txt (line 1))
2026-01-19T03:47:25.2658850Z   Using cached typing_extensions-4.15.0-py3-none-any.whl.metadata (3.3 kB)
2026-01-19T03:47:25.3441651Z Collecting charset_normalizer<4,>=2 (from requests->-r requirements.txt (line 3))
2026-01-19T03:47:25.3458234Z   Using cached charset_normalizer-3.4.4-cp311-cp311-manylinux2014_x86_64.manylinux_2_17_x86_64.manylinux_2_28_x86_64.whl.metadata (37 kB)
2026-01-19T03:47:25.3606507Z Collecting idna<4,>=2.5 (from requests->-r requirements.txt (line 3))
2026-01-19T03:47:25.3620269Z   Using cached idna-3.11-py3-none-any.whl.metadata (8.4 kB)
2026-01-19T03:47:25.3884880Z Collecting urllib3<3,>=1.21.1 (from requests->-r requirements.txt (line 3))
2026-01-19T03:47:25.3899109Z   Using cached urllib3-2.6.3-py3-none-any.whl.metadata (6.9 kB)
2026-01-19T03:47:25.4092168Z Collecting certifi>=2017.4.17 (from requests->-r requirements.txt (line 3))
2026-01-19T03:47:25.4106001Z   Using cached certifi-2026.1.4-py3-none-any.whl.metadata (2.5 kB)
2026-01-19T03:47:25.4375698Z Collecting anyio<5.0.0,>=4.8.0 (from google-genai>=0.3.0->-r requirements.txt (line 5))
2026-01-19T03:47:25.4389563Z   Using cached anyio-4.12.1-py3-none-any.whl.metadata (4.3 kB)
2026-01-19T03:47:25.4769950Z Collecting google-auth<3.0.0,>=2.47.0 (from google-auth[requests]<3.0.0,>=2.47.0->google-genai>=0.3.0->-r requirements.txt (line 5))
2026-01-19T03:47:25.4784851Z   Using cached google_auth-2.47.0-py3-none-any.whl.metadata (6.4 kB)
2026-01-19T03:47:25.5024248Z Collecting httpx<1.0.0,>=0.28.1 (from google-genai>=0.3.0->-r requirements.txt (line 5))
2026-01-19T03:47:25.5038756Z   Using cached httpx-0.28.1-py3-none-any.whl.metadata (7.1 kB)
2026-01-19T03:47:25.6422152Z Collecting pydantic<3.0.0,>=2.9.0 (from google-genai>=0.3.0->-r requirements.txt (line 5))
2026-01-19T03:47:25.6436575Z   Using cached pydantic-2.12.5-py3-none-any.whl.metadata (90 kB)
2026-01-19T03:47:25.6682079Z Collecting tenacity<9.2.0,>=8.2.3 (from google-genai>=0.3.0->-r requirements.txt (line 5))
2026-01-19T03:47:25.6695008Z   Using cached tenacity-9.1.2-py3-none-any.whl.metadata (1.2 kB)
2026-01-19T03:47:25.7530067Z Collecting websockets<15.1.0,>=13.0.0 (from google-genai>=0.3.0->-r requirements.txt (line 5))
2026-01-19T03:47:25.7545922Z   Using cached websockets-15.0.1-cp311-cp311-manylinux_2_5_x86_64.manylinux1_x86_64.manylinux_2_17_x86_64.manylinux2014_x86_64.whl.metadata (6.8 kB)
2026-01-19T03:47:25.7701055Z Collecting distro<2,>=1.7.0 (from google-genai>=0.3.0->-r requirements.txt (line 5))
2026-01-19T03:47:25.7713954Z   Using cached distro-1.9.0-py3-none-any.whl.metadata (6.8 kB)
2026-01-19T03:47:25.7792470Z Collecting sniffio (from google-genai>=0.3.0->-r requirements.txt (line 5))
2026-01-19T03:47:25.7805309Z   Using cached sniffio-1.3.1-py3-none-any.whl.metadata (3.9 kB)
2026-01-19T03:47:25.8067859Z Collecting pyasn1-modules>=0.2.1 (from google-auth<3.0.0,>=2.47.0->google-auth[requests]<3.0.0,>=2.47.0->google-genai>=0.3.0->-r requirements.txt (line 5))
2026-01-19T03:47:25.8081192Z   Using cached pyasn1_modules-0.4.2-py3-none-any.whl.metadata (3.5 kB)
2026-01-19T03:47:25.8242524Z Collecting rsa<5,>=3.1.4 (from google-auth<3.0.0,>=2.47.0->google-auth[requests]<3.0.0,>=2.47.0->google-genai>=0.3.0->-r requirements.txt (line 5))
2026-01-19T03:47:25.8255289Z   Using cached rsa-4.9.1-py3-none-any.whl.metadata (5.6 kB)
2026-01-19T03:47:25.8516678Z Collecting httpcore==1.* (from httpx<1.0.0,>=0.28.1->google-genai>=0.3.0->-r requirements.txt (line 5))
2026-01-19T03:47:25.8530289Z   Using cached httpcore-1.0.9-py3-none-any.whl.metadata (21 kB)
2026-01-19T03:47:25.8646030Z Collecting h11>=0.16 (from httpcore==1.*->httpx<1.0.0,>=0.28.1->google-genai>=0.3.0->-r requirements.txt (line 5))
2026-01-19T03:47:25.8660453Z   Using cached h11-0.16.0-py3-none-any.whl.metadata (8.3 kB)
2026-01-19T03:47:25.8762379Z Collecting annotated-types>=0.6.0 (from pydantic<3.0.0,>=2.9.0->google-genai>=0.3.0->-r requirements.txt (line 5))
2026-01-19T03:47:25.8774993Z   Using cached annotated_types-0.7.0-py3-none-any.whl.metadata (15 kB)
2026-01-19T03:47:26.5270216Z Collecting pydantic-core==2.41.5 (from pydantic<3.0.0,>=2.9.0->google-genai>=0.3.0->-r requirements.txt (line 5))
2026-01-19T03:47:26.5285291Z   Using cached pydantic_core-2.41.5-cp311-cp311-manylinux_2_17_x86_64.manylinux2014_x86_64.whl.metadata (7.3 kB)
2026-01-19T03:47:26.5435114Z Collecting typing-inspection>=0.4.2 (from pydantic<3.0.0,>=2.9.0->google-genai>=0.3.0->-r requirements.txt (line 5))
2026-01-19T03:47:26.5448977Z   Using cached typing_inspection-0.4.2-py3-none-any.whl.metadata (2.6 kB)
2026-01-19T03:47:26.6136355Z Collecting pyasn1>=0.1.3 (from rsa<5,>=3.1.4->google-auth<3.0.0,>=2.47.0->google-auth[requests]<3.0.0,>=2.47.0->google-genai>=0.3.0->-r requirements.txt (line 5))
2026-01-19T03:47:26.6150900Z   Using cached pyasn1-0.6.2-py3-none-any.whl.metadata (8.4 kB)
2026-01-19T03:47:26.6415569Z Using cached playwright-1.57.0-py3-none-manylinux1_x86_64.whl (46.0 MB)
2026-01-19T03:47:26.6749668Z Using cached greenlet-3.3.0-cp311-cp311-manylinux_2_24_x86_64.manylinux_2_28_x86_64.whl (590 kB)
2026-01-19T03:47:26.6765792Z Using cached pyee-13.0.0-py3-none-any.whl (15 kB)
2026-01-19T03:47:26.6779429Z Using cached python_dotenv-1.2.1-py3-none-any.whl (21 kB)
2026-01-19T03:47:26.6792459Z Using cached requests-2.32.5-py3-none-any.whl (64 kB)
2026-01-19T03:47:26.6806473Z Using cached charset_normalizer-3.4.4-cp311-cp311-manylinux2014_x86_64.manylinux_2_17_x86_64.manylinux_2_28_x86_64.whl (151 kB)
2026-01-19T03:47:26.6819888Z Using cached idna-3.11-py3-none-any.whl (71 kB)
2026-01-19T03:47:26.6832669Z Using cached urllib3-2.6.3-py3-none-any.whl (131 kB)
2026-01-19T03:47:26.6846405Z Using cached pillow-12.1.0-cp311-cp311-manylinux_2_27_x86_64.manylinux_2_28_x86_64.whl (7.0 MB)
2026-01-19T03:47:26.6907076Z Using cached google_genai-1.59.0-py3-none-any.whl (719 kB)
2026-01-19T03:47:26.6924445Z Using cached anyio-4.12.1-py3-none-any.whl (113 kB)
2026-01-19T03:47:26.6937780Z Using cached distro-1.9.0-py3-none-any.whl (20 kB)
2026-01-19T03:47:26.6950340Z Using cached google_auth-2.47.0-py3-none-any.whl (234 kB)
2026-01-19T03:47:26.6964037Z Using cached httpx-0.28.1-py3-none-any.whl (73 kB)
2026-01-19T03:47:26.6976812Z Using cached httpcore-1.0.9-py3-none-any.whl (78 kB)
2026-01-19T03:47:26.6989997Z Using cached pydantic-2.12.5-py3-none-any.whl (463 kB)
2026-01-19T03:47:26.7005926Z Using cached pydantic_core-2.41.5-cp311-cp311-manylinux_2_17_x86_64.manylinux2014_x86_64.whl (2.1 MB)
2026-01-19T03:47:26.7032310Z Using cached rsa-4.9.1-py3-none-any.whl (34 kB)
2026-01-19T03:47:26.7044757Z Using cached tenacity-9.1.2-py3-none-any.whl (28 kB)
2026-01-19T03:47:26.7057514Z Using cached typing_extensions-4.15.0-py3-none-any.whl (44 kB)
2026-01-19T03:47:26.7070927Z Using cached websockets-15.0.1-cp311-cp311-manylinux_2_5_x86_64.manylinux1_x86_64.manylinux_2_17_x86_64.manylinux2014_x86_64.whl (182 kB)
2026-01-19T03:47:26.7083861Z Using cached termcolor-3.3.0-py3-none-any.whl (7.7 kB)
2026-01-19T03:47:26.7096809Z Using cached pyyaml-6.0.3-cp311-cp311-manylinux2014_x86_64.manylinux_2_17_x86_64.manylinux_2_28_x86_64.whl (806 kB)
2026-01-19T03:47:26.7114936Z Using cached opencv_python_headless-4.13.0.90-cp37-abi3-manylinux_2_28_x86_64.whl (62.5 MB)
2026-01-19T03:47:26.7571574Z Using cached numpy-2.4.1-cp311-cp311-manylinux_2_27_x86_64.manylinux_2_28_x86_64.whl (16.7 MB)
2026-01-19T03:47:26.7699873Z Using cached faker-40.1.2-py3-none-any.whl (2.0 MB)
2026-01-19T03:47:26.7726825Z Using cached annotated_types-0.7.0-py3-none-any.whl (13 kB)
2026-01-19T03:47:26.7740113Z Using cached certifi-2026.1.4-py3-none-any.whl (152 kB)
2026-01-19T03:47:26.7754084Z Using cached h11-0.16.0-py3-none-any.whl (37 kB)
2026-01-19T03:47:26.7767061Z Using cached pyasn1-0.6.2-py3-none-any.whl (83 kB)
2026-01-19T03:47:26.7780559Z Using cached pyasn1_modules-0.4.2-py3-none-any.whl (181 kB)
2026-01-19T03:47:26.7794755Z Using cached typing_inspection-0.4.2-py3-none-any.whl (14 kB)
2026-01-19T03:47:26.7807491Z Using cached sniffio-1.3.1-py3-none-any.whl (10 kB)
2026-01-19T03:47:26.9897760Z Installing collected packages: websockets, urllib3, typing-extensions, termcolor, tenacity, sniffio, PyYAML, python-dotenv, pyasn1, pillow, numpy, idna, h11, greenlet, faker, distro, charset_normalizer, certifi, annotated-types, typing-inspection, rsa, requests, pyee, pydantic-core, pyasn1-modules, opencv-python-headless, httpcore, anyio, pydantic, playwright, httpx, google-auth, google-genai
2026-01-19T03:47:33.7770733Z 
2026-01-19T03:47:33.7794311Z Successfully installed PyYAML-6.0.3 annotated-types-0.7.0 anyio-4.12.1 certifi-2026.1.4 charset_normalizer-3.4.4 distro-1.9.0 faker-40.1.2 google-auth-2.47.0 google-genai-1.59.0 greenlet-3.3.0 h11-0.16.0 httpcore-1.0.9 httpx-0.28.1 idna-3.11 numpy-2.4.1 opencv-python-headless-4.13.0.90 pillow-12.1.0 playwright-1.57.0 pyasn1-0.6.2 pyasn1-modules-0.4.2 pydantic-2.12.5 pydantic-core-2.41.5 pyee-13.0.0 python-dotenv-1.2.1 requests-2.32.5 rsa-4.9.1 sniffio-1.3.1 tenacity-9.1.2 termcolor-3.3.0 typing-extensions-4.15.0 typing-inspection-0.4.2 urllib3-2.6.3 websockets-15.0.1
2026-01-19T03:47:34.4211340Z Downloading Chromium 143.0.7499.4 (playwright build v1200) from https://cdn.playwright.dev/dbazure/download/playwright/builds/chromium/1200/chromium-linux.zip
2026-01-19T03:47:34.5193974Z (node:2182) [DEP0169] DeprecationWarning: `url.parse()` behavior is not standardized and prone to errors that have security implications. Use the WHATWG URL API instead. CVEs are not issued for `url.parse()` vulnerabilities.
2026-01-19T03:47:34.5195624Z (Use `node --trace-deprecation ...` to show where the warning was created)
2026-01-19T03:47:34.6496912Z |                                                                                |   0% of 164.7 MiB
2026-01-19T03:47:34.8014674Z |■■■■■■■■                                                                        |  10% of 164.7 MiB
2026-01-19T03:47:34.9273752Z |■■■■■■■■■■■■■■■■                                                                |  20% of 164.7 MiB
2026-01-19T03:47:35.0755338Z |■■■■■■■■■■■■■■■■■■■■■■■■                                                        |  30% of 164.7 MiB
2026-01-19T03:47:35.2235060Z |■■■■■■■■■■■■■■■■■■■■■■■■■■■■■■■■                                                |  40% of 164.7 MiB
2026-01-19T03:47:35.3431082Z |■■■■■■■■■■■■■■■■■■■■■■■■■■■■■■■■■■■■■■■■                                        |  50% of 164.7 MiB
2026-01-19T03:47:35.4632640Z |■■■■■■■■■■■■■■■■■■■■■■■■■■■■■■■■■■■■■■■■■■■■■■■■                                |  60% of 164.7 MiB
2026-01-19T03:47:35.6073529Z |■■■■■■■■■■■■■■■■■■■■■■■■■■■■■■■■■■■■■■■■■■■■■■■■■■■■■■■■                        |  70% of 164.7 MiB
2026-01-19T03:47:35.7295787Z |■■■■■■■■■■■■■■■■■■■■■■■■■■■■■■■■■■■■■■■■■■■■■■■■■■■■■■■■■■■■■■■■                |  80% of 164.7 MiB
2026-01-19T03:47:35.8422730Z |■■■■■■■■■■■■■■■■■■■■■■■■■■■■■■■■■■■■■■■■■■■■■■■■■■■■■■■■■■■■■■■■■■■■■■■■        |  90% of 164.7 MiB
2026-01-19T03:47:35.9597075Z |■■■■■■■■■■■■■■■■■■■■■■■■■■■■■■■■■■■■■■■■■■■■■■■■■■■■■■■■■■■■■■■■■■■■■■■■■■■■■■■■| 100% of 164.7 MiB
2026-01-19T03:47:38.4368218Z Chromium 143.0.7499.4 (playwright build v1200) downloaded to /home/runner/.cache/ms-playwright/chromium-1200
2026-01-19T03:47:38.4372693Z Downloading FFMPEG playwright build v1011 from https://cdn.playwright.dev/dbazure/download/playwright/builds/ffmpeg/1011/ffmpeg-linux.zip
2026-01-19T03:47:38.5373550Z (node:2193) [DEP0169] DeprecationWarning: `url.parse()` behavior is not standardized and prone to errors that have security implications. Use the WHATWG URL API instead. CVEs are not issued for `url.parse()` vulnerabilities.
2026-01-19T03:47:38.5375323Z (Use `node --trace-deprecation ...` to show where the warning was created)
2026-01-19T03:47:38.5992347Z |                                                                                |   0% of 2.3 MiB
2026-01-19T03:47:38.6069566Z |■■■■■■■■                                                                        |  10% of 2.3 MiB
2026-01-19T03:47:38.6202500Z |■■■■■■■■■■■■■■■■                                                                |  20% of 2.3 MiB
2026-01-19T03:47:38.6633296Z |■■■■■■■■■■■■■■■■■■■■■■■■                                                        |  30% of 2.3 MiB
2026-01-19T03:47:38.6675835Z |■■■■■■■■■■■■■■■■■■■■■■■■■■■■■■■■                                                |  40% of 2.3 MiB
2026-01-19T03:47:38.6838645Z |■■■■■■■■■■■■■■■■■■■■■■■■■■■■■■■■■■■■■■■■                                        |  50% of 2.3 MiB
2026-01-19T03:47:38.7205637Z |■■■■■■■■■■■■■■■■■■■■■■■■■■■■■■■■■■■■■■■■■■■■■■■■                                |  60% of 2.3 MiB
2026-01-19T03:47:38.7338620Z |■■■■■■■■■■■■■■■■■■■■■■■■■■■■■■■■■■■■■■■■■■■■■■■■■■■■■■■■                        |  70% of 2.3 MiB
2026-01-19T03:47:38.7369204Z |■■■■■■■■■■■■■■■■■■■■■■■■■■■■■■■■■■■■■■■■■■■■■■■■■■■■■■■■■■■■■■■■                |  80% of 2.3 MiB
2026-01-19T03:47:38.7470206Z |■■■■■■■■■■■■■■■■■■■■■■■■■■■■■■■■■■■■■■■■■■■■■■■■■■■■■■■■■■■■■■■■■■■■■■■■        |  90% of 2.3 MiB
2026-01-19T03:47:38.7794532Z |■■■■■■■■■■■■■■■■■■■■■■■■■■■■■■■■■■■■■■■■■■■■■■■■■■■■■■■■■■■■■■■■■■■■■■■■■■■■■■■■| 100% of 2.3 MiB
2026-01-19T03:47:38.8392215Z FFMPEG playwright build v1011 downloaded to /home/runner/.cache/ms-playwright/ffmpeg-1011
2026-01-19T03:47:38.8395273Z Downloading Chromium Headless Shell 143.0.7499.4 (playwright build v1200) from https://cdn.playwright.dev/dbazure/download/playwright/builds/chromium/1200/chromium-headless-shell-linux.zip
2026-01-19T03:47:38.9402330Z (node:2204) [DEP0169] DeprecationWarning: `url.parse()` behavior is not standardized and prone to errors that have security implications. Use the WHATWG URL API instead. CVEs are not issued for `url.parse()` vulnerabilities.
2026-01-19T03:47:38.9404142Z (Use `node --trace-deprecation ...` to show where the warning was created)
2026-01-19T03:47:39.0603796Z |                                                                                |   0% of 109.7 MiB
2026-01-19T03:47:39.1889735Z |■■■■■■■■                                                                        |  10% of 109.7 MiB
2026-01-19T03:47:39.2792327Z |■■■■■■■■■■■■■■■■                                                                |  20% of 109.7 MiB
2026-01-19T03:47:39.3588596Z |■■■■■■■■■■■■■■■■■■■■■■■■                                                        |  30% of 109.7 MiB
2026-01-19T03:47:39.4364134Z |■■■■■■■■■■■■■■■■■■■■■■■■■■■■■■■■                                                |  40% of 109.7 MiB
2026-01-19T03:47:39.5163024Z |■■■■■■■■■■■■■■■■■■■■■■■■■■■■■■■■■■■■■■■■                                        |  50% of 109.7 MiB
2026-01-19T03:47:39.6116395Z |■■■■■■■■■■■■■■■■■■■■■■■■■■■■■■■■■■■■■■■■■■■■■■■■                                |  60% of 109.7 MiB
2026-01-19T03:47:39.7016283Z |■■■■■■■■■■■■■■■■■■■■■■■■■■■■■■■■■■■■■■■■■■■■■■■■■■■■■■■■                        |  70% of 109.7 MiB
2026-01-19T03:47:39.7797741Z |■■■■■■■■■■■■■■■■■■■■■■■■■■■■■■■■■■■■■■■■■■■■■■■■■■■■■■■■■■■■■■■■                |  80% of 109.7 MiB
2026-01-19T03:47:39.8637351Z |■■■■■■■■■■■■■■■■■■■■■■■■■■■■■■■■■■■■■■■■■■■■■■■■■■■■■■■■■■■■■■■■■■■■■■■■        |  90% of 109.7 MiB
2026-01-19T03:47:39.9491119Z |■■■■■■■■■■■■■■■■■■■■■■■■■■■■■■■■■■■■■■■■■■■■■■■■■■■■■■■■■■■■■■■■■■■■■■■■■■■■■■■■| 100% of 109.7 MiB
2026-01-19T03:47:41.7601620Z Chromium Headless Shell 143.0.7499.4 (playwright build v1200) downloaded to /home/runner/.cache/ms-playwright/chromium_headless_shell-1200
2026-01-19T03:47:41.7968161Z ##[group]Run mkdir -p projects/ci_globalsqa_bank
2026-01-19T03:47:41.7968626Z [36;1mmkdir -p projects/ci_globalsqa_bank[0m
2026-01-19T03:47:41.7968993Z [36;1mcat > projects/ci_globalsqa_bank/config.json << 'EOF'[0m
2026-01-19T03:47:41.7969295Z [36;1m{[0m
2026-01-19T03:47:41.7969501Z [36;1m  "project_name": "ci_globalsqa_bank",[0m
2026-01-19T03:47:41.7969963Z [36;1m  "target_url": "https://www.globalsqa.com/angularJs-protractor/BankingProject/",[0m
2026-01-19T03:47:41.7970451Z [36;1m  "goal": "Customer and manager banking flows",[0m
2026-01-19T03:47:41.7970738Z [36;1m  "headless": true[0m
2026-01-19T03:47:41.7970945Z [36;1m}[0m
2026-01-19T03:47:41.7971108Z [36;1mEOF[0m
2026-01-19T03:47:41.8004498Z shell: /usr/bin/bash -e {0}
2026-01-19T03:47:41.8004732Z env:
2026-01-19T03:47:41.8005001Z   pythonLocation: /opt/hostedtoolcache/Python/3.11.14/x64
2026-01-19T03:47:41.8005431Z   PKG_CONFIG_PATH: /opt/hostedtoolcache/Python/3.11.14/x64/lib/pkgconfig
2026-01-19T03:47:41.8005893Z   Python_ROOT_DIR: /opt/hostedtoolcache/Python/3.11.14/x64
2026-01-19T03:47:41.8006267Z   Python2_ROOT_DIR: /opt/hostedtoolcache/Python/3.11.14/x64
2026-01-19T03:47:41.8006630Z   Python3_ROOT_DIR: /opt/hostedtoolcache/Python/3.11.14/x64
2026-01-19T03:47:41.8007005Z   LD_LIBRARY_PATH: /opt/hostedtoolcache/Python/3.11.14/x64/lib
2026-01-19T03:47:41.8007699Z ##[endgroup]
2026-01-19T03:47:41.8172173Z ##[group]Run # Use --deep for comprehensive regression suite
2026-01-19T03:47:41.8172643Z [36;1m# Use --deep for comprehensive regression suite[0m
2026-01-19T03:47:41.8173099Z [36;1mpython orchestrator.py --project projects/ci_globalsqa_bank --deep --force[0m
2026-01-19T03:47:41.8204428Z shell: /usr/bin/bash -e {0}
2026-01-19T03:47:41.8204668Z env:
2026-01-19T03:47:41.8204923Z   pythonLocation: /opt/hostedtoolcache/Python/3.11.14/x64
2026-01-19T03:47:41.8205363Z   PKG_CONFIG_PATH: /opt/hostedtoolcache/Python/3.11.14/x64/lib/pkgconfig
2026-01-19T03:47:41.8205776Z   Python_ROOT_DIR: /opt/hostedtoolcache/Python/3.11.14/x64
2026-01-19T03:47:41.8206311Z   Python2_ROOT_DIR: /opt/hostedtoolcache/Python/3.11.14/x64
2026-01-19T03:47:41.8206672Z   Python3_ROOT_DIR: /opt/hostedtoolcache/Python/3.11.14/x64
2026-01-19T03:47:41.8207039Z   LD_LIBRARY_PATH: /opt/hostedtoolcache/Python/3.11.14/x64/lib
2026-01-19T03:47:41.8207754Z   GOOGLE_API_KEY: ***
2026-01-19T03:47:41.8207990Z   PYTHONPATH: .
2026-01-19T03:47:41.8208173Z ##[endgroup]
2026-01-19T03:47:43.6454367Z 🚀 [DEEP] Extensive mapping enabled (Depth: 3, Pages: 50)
2026-01-19T03:47:43.6454865Z 
2026-01-19T03:47:43.6455764Z 🗺️ [DISCOVERY] Starting Parallel Semantic Crawl on https://www.globalsqa.com/angularJs-protractor/BankingProject/ (Workers: 3)
2026-01-19T03:47:44.0979231Z   🔍 [Worker 0] Visiting (0): https://www.globalsqa.com/angularJs-protractor/BankingProject/
2026-01-19T03:47:45.3553762Z [DEBUG] Sending request to gemini-2.0-flash. Number of parts: 1
2026-01-19T03:47:45.3554487Z [DEBUG] Received response (Length: 198)
2026-01-19T03:47:45.3555287Z ✅ Discovery Complete. Mapped 1 pages.
2026-01-19T03:47:57.1432417Z 
2026-01-19T03:47:57.1432946Z [PLAN] PLANNER: Planning goal -> 'Customer and manager banking flows' (Deep Mode: True)
2026-01-19T03:47:57.1433670Z 🗺️ [PLAN] Loaded Sitemap with 1 pages.
2026-01-19T03:47:57.1434510Z 🎭 [EXPERT] Detected Domain: FINANCE. Persona: Act as a Senior SDET focusing on exploring application to understand functional flow and automating FinTech scenarios
2026-01-19T03:47:57.1435277Z [DEBUG] Sending request to gemini-2.0-flash. Number of parts: 1
2026-01-19T03:47:57.1435630Z [DEBUG] Received response (Length: 4352)
2026-01-19T03:47:57.1435990Z ✅ Planner generated 3 scenarios. Workflow updated.
2026-01-19T03:47:58.1759491Z 
2026-01-19T03:47:58.1760388Z 🕵️ [DEEP EXPLORER] Starting Multi-Scenario Exploration
2026-01-19T03:47:58.1761267Z 📋 Found 3 scenarios to explore.
2026-01-19T03:47:58.5401901Z 
2026-01-19T03:47:58.5404366Z [1/3] Exploring Scenario: Customer Login and Account Summary
2026-01-19T03:47:58.5407505Z     🧠 Initialized exploration context for goal: 'Customer and manager banking flows'
2026-01-19T03:47:58.5410480Z   ▶️ [STEP step_1] NAVIGATE: 
2026-01-19T03:47:59.2535710Z     ✅ Navigated to https://www.globalsqa.com/angularJs-protractor/BankingProject/
2026-01-19T03:47:59.2536604Z   ▶️ [STEP step_2] CLICK: Customer Login
2026-01-19T03:47:59.2712481Z     🔍 Mining locators for: 'Customer Login'
2026-01-19T03:47:59.3223990Z     ✅ Found 2 verified locators
2026-01-19T03:48:02.9039164Z     ✅ State transitioned.
2026-01-19T03:48:04.5953872Z [DEBUG] Sending request to gemini-2.0-flash. Number of parts: 2
2026-01-19T03:48:04.5954487Z [DEBUG] Received response (Length: 201)
2026-01-19T03:48:04.5955307Z     🤖 AI Next Step Suggestion: fill -> select user
2026-01-19T03:48:04.5955897Z     🧩 Suggested Locator: #userSelect
2026-01-19T03:48:04.5956624Z     💭 Reasoning: Select a user to login as. Hermoine Granger is the first user in the list.
2026-01-19T03:48:04.5958618Z     ➕ Injected AI step: fill -> select user
2026-01-19T03:48:04.5959878Z   ▶️ [STEP step_2_ai_1] FILL: select user
2026-01-19T03:48:04.6022054Z     🎯 Using AI-provided locator: #userSelect
2026-01-19T03:48:04.6082310Z     ✅ Found 1 verified locators
2026-01-19T03:48:11.4624251Z     ✅ State transitioned.
2026-01-19T03:48:13.2317986Z [DEBUG] Sending request to gemini-2.0-flash. Number of parts: 2
2026-01-19T03:48:13.2319031Z [DEBUG] Received response (Length: 172)
2026-01-19T03:48:13.2319902Z     🤖 AI Next Step Suggestion: click -> Login
2026-01-19T03:48:13.2320488Z     🧩 Suggested Locator: button
2026-01-19T03:48:13.2321428Z     💭 Reasoning: After selecting a user, the next logical step is to click the Login button to proceed.
2026-01-19T03:48:13.2322350Z     ➕ Injected AI step: click -> Login
2026-01-19T03:48:13.2322867Z   ▶️ [STEP step_2_ai_2] CLICK: Login
2026-01-19T03:48:13.2379929Z     🎯 Using AI-provided locator: button
2026-01-19T03:48:13.2444255Z     ✅ Found 1 verified locators
2026-01-19T03:48:17.3026402Z     ✅ State transitioned.
2026-01-19T03:48:18.6085919Z [DEBUG] Sending request to gemini-2.0-flash. Number of parts: 2
2026-01-19T03:48:18.6086908Z [DEBUG] Received response (Length: 198)
2026-01-19T03:48:18.6087684Z     🤖 AI Next Step Suggestion: click -> Home
2026-01-19T03:48:18.6088048Z     🧩 Suggested Locator: button
2026-01-19T03:48:18.6088772Z     💭 Reasoning: Navigating back to the home page to explore the manager login flow, as the customer login flow has been explored.
2026-01-19T03:48:18.6089452Z     ➕ Injected AI step: click -> Home
2026-01-19T03:48:18.6089781Z   ▶️ [STEP step_2_ai_3] CLICK: Home
2026-01-19T03:48:18.6142775Z     🎯 Using AI-provided locator: button
2026-01-19T03:48:18.6195627Z     ✅ Found 1 verified locators
2026-01-19T03:48:22.6650871Z     ✅ State transitioned.
2026-01-19T03:48:24.8412536Z [DEBUG] Sending request to gemini-2.0-flash. Number of parts: 2
2026-01-19T03:48:24.8413185Z [DEBUG] Received response (Length: 283)
2026-01-19T03:48:24.8414011Z     🤖 AI Next Step Suggestion: click -> Bank Manager Login
2026-01-19T03:48:24.8414755Z     🧩 Suggested Locator: button:contains('Bank Manager Login')
2026-01-19T03:48:24.8416252Z     💭 Reasoning: The goal is to explore both customer and manager banking flows. We've already explored the customer flow, so now we should explore the bank manager flow.
2026-01-19T03:48:24.8417377Z     ➕ Injected AI step: click -> Bank Manager Login
2026-01-19T03:48:24.8417821Z   ▶️ [STEP step_2_ai_4] CLICK: Bank Manager Login
2026-01-19T03:48:24.8469337Z     🎯 Using AI-provided locator: button:contains('Bank Manager Login')
2026-01-19T03:48:24.8508094Z     🔍 Mining locators for: 'Bank Manager Login'
2026-01-19T03:48:24.8818469Z     ✅ Found 2 verified locators
2026-01-19T03:48:28.4335456Z     ✅ State transitioned.
2026-01-19T03:48:29.8898377Z [DEBUG] Sending request to gemini-2.0-flash. Number of parts: 2
2026-01-19T03:48:29.8899052Z [DEBUG] Received response (Length: 220)
2026-01-19T03:48:29.8899905Z     🤖 AI Next Step Suggestion: click -> Add Customer
2026-01-19T03:48:29.8901239Z     💭 Reasoning: To explore the manager banking flows, adding a customer is a logical next step after logging in as a bank manager.
2026-01-19T03:48:29.8902479Z     ➕ Injected AI step: click -> Add Customer
2026-01-19T03:48:29.8903096Z   ▶️ [STEP step_2_ai_5] CLICK: Add Customer
2026-01-19T03:48:29.8958883Z     🔍 Mining locators for: 'Add Customer'
2026-01-19T03:48:29.9318028Z     ✅ Found 2 verified locators
2026-01-19T03:48:33.4829850Z     ✅ State transitioned.
2026-01-19T03:48:34.7560329Z [DEBUG] Sending request to gemini-2.0-flash. Number of parts: 2
2026-01-19T03:48:34.7561021Z [DEBUG] Received response (Length: 183)
2026-01-19T03:48:34.7561823Z     🤖 AI Next Step Suggestion: fill -> First Name
2026-01-19T03:48:34.7562609Z     🧩 Suggested Locator: input[placeholder='First Name']
2026-01-19T03:48:34.7563409Z     💭 Reasoning: Need to fill in the first name to add a customer.
2026-01-19T03:48:34.7564106Z     ➕ Injected AI step: fill -> First Name
2026-01-19T03:48:34.7564650Z   ▶️ [STEP step_2_ai_6] FILL: First Name
2026-01-19T03:48:34.7616646Z     🎯 Using AI-provided locator: input[placeholder='First Name']
2026-01-19T03:48:34.7679337Z     ✅ Found 1 verified locators
2026-01-19T03:48:40.2493373Z     ✅ State transitioned.
2026-01-19T03:48:41.5965115Z [DEBUG] Sending request to gemini-2.0-flash. Number of parts: 2
2026-01-19T03:48:41.5965823Z [DEBUG] Received response (Length: 205)
2026-01-19T03:48:41.5966968Z     🤖 AI Next Step Suggestion: fill -> Last Name
2026-01-19T03:48:41.5968019Z     🧩 Suggested Locator: input[placeholder='Last Name']
2026-01-19T03:48:41.5969094Z     💭 Reasoning: Need to fill out the last name field to complete the customer information.
2026-01-19T03:48:41.5970057Z     ➕ Injected AI step: fill -> Last Name
2026-01-19T03:48:41.5972332Z   ▶️ [STEP step_2_ai_7] FILL: Last Name
2026-01-19T03:48:41.6028266Z     🎯 Using AI-provided locator: input[placeholder='Last Name']
2026-01-19T03:48:41.6087597Z     ✅ Found 1 verified locators
2026-01-19T03:48:46.8632057Z     ✅ State transitioned.
2026-01-19T03:48:48.5091884Z [DEBUG] Sending request to gemini-2.0-flash. Number of parts: 2
2026-01-19T03:48:48.5092815Z [DEBUG] Received response (Length: 275)
2026-01-19T03:48:48.5093579Z     🤖 AI Next Step Suggestion: fill -> Post Code
2026-01-19T03:48:48.5094203Z     🧩 Suggested Locator: input[ng-model='postalCode']
2026-01-19T03:48:48.5095428Z     💭 Reasoning: The First Name and Last Name fields have been filled. The next logical step is to fill the Post Code field to complete the customer information.
2026-01-19T03:48:48.5096152Z     ➕ Injected AI step: fill -> Post Code
2026-01-19T03:48:48.5096475Z   ▶️ [STEP step_2_ai_8] FILL: Post Code
2026-01-19T03:48:48.5149851Z     🎯 Using AI-provided locator: input[ng-model='postalCode']
2026-01-19T03:48:48.5167031Z     🔍 Mining locators for: 'Post Code'
2026-01-19T03:48:48.5683957Z     ✅ Found 2 verified locators
2026-01-19T03:48:53.6724500Z     ✅ State transitioned.
2026-01-19T03:48:55.0220167Z [DEBUG] Sending request to gemini-2.0-flash. Number of parts: 2
2026-01-19T03:48:55.0220859Z [DEBUG] Received response (Length: 183)
2026-01-19T03:48:55.0221703Z     🤖 AI Next Step Suggestion: click -> Add Customer
2026-01-19T03:48:55.0222456Z     🧩 Suggested Locator: button:contains('Add Customer')
2026-01-19T03:48:55.0223328Z     💭 Reasoning: The form is complete, so we should submit it to add the customer.
2026-01-19T03:48:55.0224131Z     ➕ Injected AI step: click -> Add Customer
2026-01-19T03:48:55.0224688Z   ▶️ [STEP step_2_ai_9] CLICK: Add Customer
2026-01-19T03:48:55.0278390Z     🎯 Using AI-provided locator: button:contains('Add Customer')
2026-01-19T03:48:55.0303174Z     🔍 Mining locators for: 'Add Customer'
2026-01-19T03:48:55.0735381Z     ✅ Found 2 verified locators
2026-01-19T03:48:58.6311158Z     ✅ State transitioned.
2026-01-19T03:49:00.1131840Z [DEBUG] Sending request to gemini-2.0-flash. Number of parts: 2
2026-01-19T03:49:00.1132390Z [DEBUG] Received response (Length: 178)
2026-01-19T03:49:00.1133008Z     🤖 AI Next Step Suggestion: click -> Add Customer
2026-01-19T03:49:00.1141556Z     🧩 Suggested Locator: button:nth-of-type(2)
2026-01-19T03:49:00.1142448Z     💭 Reasoning: The form is complete, so clicking 'Add Customer' will submit the form.
2026-01-19T03:49:00.1143433Z ⚠️ Loop detected: same AI suggestion repeated 2 times. Moving to next step.
2026-01-19T03:49:00.1144134Z   ▶️ [STEP step_3] SELECT: Your Name
2026-01-19T03:49:00.1201253Z     🔍 Mining locators for: 'Your Name'
2026-01-19T03:49:00.1593885Z     🧠 Consulting AI (Vision-First) to find 'Your Name'...
2026-01-19T03:49:00.1611658Z     🔍 Trying smart selectors for 'Your Name'...
2026-01-19T03:49:00.2121032Z     ⚠️ Smart selectors failed (no unique match). Falling back to AI Vision...
2026-01-19T03:49:00.2124112Z     🧠 [EXPERT] Strategy: Act as a Senior SDET focusing on exploring application to understand functional flow and automating FinTech scenarios. Focus on the end-to-end functional flow (e.g., Account Creation, Login, Funds Transfer, Loan Application). Prioritize identifying stable locators and interactive elements for automation. Ensure core banking features are accessible and functional.
2026-01-19T03:49:05.2047770Z [DEBUG] Sending request to gemini-2.0-flash. Number of parts: 2
2026-01-19T03:49:05.2048391Z [DEBUG] Received response (Length: 223)
2026-01-19T03:49:05.2050507Z     💡 Expert Suggestion: The 'Customers' page is likely to contain customer details, including 'Your Name'.
2026-01-19T03:49:05.2051280Z     🛠️ Executing corrective action: click -> 'Customers'
2026-01-19T03:49:05.7540771Z     ✅ Executed corrective navigation
2026-01-19T03:49:07.7563966Z     🔄 Retry 1/3 mining locators for 'Your Name'...
2026-01-19T03:49:08.7921424Z     🧠 Consulting AI (Vision-First) to find 'Your Name'...
2026-01-19T03:49:08.7922147Z     🔍 Trying smart selectors for 'Your Name'...
2026-01-19T03:49:08.8403393Z     ⚠️ Smart selectors failed (no unique match). Falling back to AI Vision...
2026-01-19T03:49:08.8405524Z     🧠 [EXPERT] Strategy: Act as a Senior SDET focusing on exploring application to understand functional flow and automating FinTech scenarios. Focus on the end-to-end functional flow (e.g., Account Creation, Login, Funds Transfer, Loan Application). Prioritize identifying stable locators and interactive elements for automation. Ensure core banking features are accessible and functional.
2026-01-19T03:49:10.5584355Z [DEBUG] Sending request to gemini-2.0-flash. Number of parts: 2
2026-01-19T03:49:10.5584880Z [DEBUG] Received response (Length: 258)
2026-01-19T03:49:10.5586186Z     💡 Expert Suggestion: "Your Name" is likely under user profile settings, which is accessible after logging in and navigating to the home page.
2026-01-19T03:49:10.5587645Z     🛠️ Executing corrective action: click -> 'Home'
2026-01-19T03:49:11.1233242Z     ✅ Executed corrective navigation
2026-01-19T03:49:13.1256307Z     🔄 Retry 2/3 mining locators for 'Your Name'...
2026-01-19T03:49:14.1267449Z     🗑️ Invalidating stale AI cache (retry 2)...
2026-01-19T03:49:14.1268841Z     ⚠️ Cache invalidation warning: No module named 'core.agents.domain_expert'
2026-01-19T03:49:14.1578987Z     🧠 Consulting AI (Vision-First) to find 'Your Name'...
2026-01-19T03:49:14.1579469Z     🔍 Trying smart selectors for 'Your Name'...
2026-01-19T03:49:14.2048611Z     ⚠️ Smart selectors failed (no unique match). Falling back to AI Vision...
2026-01-19T03:49:14.2051882Z     🧠 [EXPERT] Strategy: Act as a Senior SDET focusing on exploring application to understand functional flow and automating FinTech scenarios. Focus on the end-to-end functional flow (e.g., Account Creation, Login, Funds Transfer, Loan Application). Prioritize identifying stable locators and interactive elements for automation. Ensure core banking features are accessible and functional.
2026-01-19T03:49:15.3114377Z [DEBUG] Sending request to gemini-2.0-flash. Number of parts: 2
2026-01-19T03:49:15.3114896Z [DEBUG] Received response (Length: 207)
2026-01-19T03:49:15.3115561Z     💡 Expert Suggestion: "Your Name" is likely found after logging in as a customer.
2026-01-19T03:49:15.3116107Z     🛠️ Executing corrective action: click -> 'Customer Login'
2026-01-19T03:49:15.8553782Z     ✅ Executed corrective navigation
2026-01-19T03:49:17.8577935Z     🧠 Verifying step validity for 'Your Name' after no candidates found...
2026-01-19T03:49:20.4816874Z [DEBUG] Sending request to gemini-2.0-flash. Number of parts: 2
2026-01-19T03:49:20.4817685Z [DEBUG] Received response (Length: 275)
2026-01-19T03:49:20.4819186Z     🗑️ Step deemed INVALID: The current page is the landing page with 'Customer Login' and 'Bank Manager Login' buttons. We need to click 'Customer Login' first to reach the page where 'Your Name' would be present in the customer login form.. Removing from workflow.
2026-01-19T03:49:20.4820545Z     ⏭️ Skipping execution of invalid step: Your Name
2026-01-19T03:49:20.4820913Z   ▶️ [STEP step_4] CLICK: Login
2026-01-19T03:49:20.4873179Z     🔍 Mining locators for: 'Login'
2026-01-19T03:49:20.5198535Z     ✅ Found 2 verified locators
2026-01-19T03:49:24.0783970Z     ✅ State transitioned.
2026-01-19T03:49:25.5888702Z [DEBUG] Sending request to gemini-2.0-flash. Number of parts: 2
2026-01-19T03:49:25.5889344Z [DEBUG] Received response (Length: 286)
2026-01-19T03:49:25.5889960Z     🤖 AI Next Step Suggestion: click -> Please open an account with us.
2026-01-19T03:49:25.5891142Z     💭 Reasoning: The page says 'Please open an account with us.' which implies that an account needs to be opened. Clicking the dropdown will reveal options to select an account.
2026-01-19T03:49:25.5891983Z     ➕ Injected AI step: click -> Please open an account with us.
2026-01-19T03:49:25.5892420Z   ▶️ [STEP step_4_ai_1] CLICK: Please open an account with us.
2026-01-19T03:49:25.5942469Z     🔍 Mining locators for: 'Please open an account with us.'
2026-01-19T03:49:25.6262606Z     ✅ Found 1 verified locators
2026-01-19T03:49:29.1770962Z     ✅ State transitioned.
2026-01-19T03:49:30.7417869Z [DEBUG] Sending request to gemini-2.0-flash. Number of parts: 2
2026-01-19T03:49:30.7418533Z [DEBUG] Received response (Length: 164)
2026-01-19T03:49:30.7419214Z     🤖 AI Next Step Suggestion: done -> N/A
2026-01-19T03:49:30.7425627Z     💭 Reasoning: The user is on the account page. The account has been created. The user can now perform transactions, deposit or withdrawl.
2026-01-19T03:49:30.7426813Z   ▶️ [STEP step_5] ASSERT_VISIBLE: Account
2026-01-19T03:49:30.7480462Z     🔍 Mining locators for: 'Account'
2026-01-19T03:49:30.7776681Z     ✅ Found 1 verified locators
2026-01-19T03:49:33.3111650Z     ✅ State transitioned.
2026-01-19T03:49:33.3156550Z     🔄 Revisited state detected (count: 1)
2026-01-19T03:49:35.5936706Z [DEBUG] Sending request to gemini-2.0-flash. Number of parts: 2
2026-01-19T03:49:35.5937563Z [DEBUG] Received response (Length: 331)
2026-01-19T03:49:35.5938583Z     🤖 AI Next Step Suggestion: click -> Please open an account with us.
2026-01-19T03:49:35.5940581Z     💭 Reasoning: The goal is customer and manager banking flows. The current page indicates that an account needs to be opened. Clicking the 'Please open an account with us.' link will navigate to the account creation page.
2026-01-19T03:49:35.5942466Z ⚠️ Loop detected: same AI suggestion repeated 2 times. Moving to next step.
2026-01-19T03:49:35.5943235Z   ▶️ [STEP step_6] ASSERT_VISIBLE: Transactions
2026-01-19T03:49:35.5994242Z     🔍 Mining locators for: 'Transactions'
2026-01-19T03:49:35.6322628Z     ✅ Found 2 verified locators
2026-01-19T03:49:38.1600592Z     ✅ State transitioned.
2026-01-19T03:49:38.1642590Z     🔄 Revisited state detected (count: 2)
2026-01-19T03:49:40.3632122Z [DEBUG] Sending request to gemini-2.0-flash. Number of parts: 2
2026-01-19T03:49:40.3632741Z [DEBUG] Received response (Length: 198)
2026-01-19T03:49:40.3633575Z     🤖 AI Next Step Suggestion: click -> Transactions
2026-01-19T03:49:40.3634289Z     🧩 Suggested Locator: button:contains('Transactions')
2026-01-19T03:49:40.3635314Z     💭 Reasoning: To view the transaction history of the account, which is a core banking feature.
2026-01-19T03:49:40.3635848Z     ➕ Injected AI step: click -> Transactions
2026-01-19T03:49:40.3636215Z   ▶️ [STEP step_6_ai_1] CLICK: Transactions
2026-01-19T03:49:40.3691300Z     🎯 Using AI-provided locator: button:contains('Transactions')
2026-01-19T03:49:40.3714839Z     🔍 Mining locators for: 'Transactions'
2026-01-19T03:49:40.4048833Z     ✅ Found 2 verified locators
2026-01-19T03:49:43.9600185Z     ✅ State transitioned.
2026-01-19T03:49:43.9647105Z     🔄 Revisited state detected (count: 3)
2026-01-19T03:49:43.9648220Z     ⚠️ Too many revisits (3). Stopping AI step injection to prevent loops.
2026-01-19T03:49:43.9648985Z   ▶️ [STEP step_7] ASSERT_VISIBLE: Logout
2026-01-19T03:49:43.9696685Z     🔍 Mining locators for: 'Logout'
2026-01-19T03:49:44.0045028Z     ✅ Found 2 verified locators
2026-01-19T03:49:46.5435087Z     ✅ State transitioned.
2026-01-19T03:49:46.5479575Z     🔄 Revisited state detected (count: 4)
2026-01-19T03:49:46.5480240Z     ⚠️ Too many revisits (4). Stopping AI step injection to prevent loops.
2026-01-19T03:49:48.5921639Z 
2026-01-19T03:49:48.5922286Z [2/3] Exploring Scenario: Manager Login and Customer Creation
2026-01-19T03:49:48.5923577Z     🧠 Initialized exploration context for goal: 'Customer and manager banking flows'
2026-01-19T03:49:48.5925514Z   ▶️ [STEP step_1] NAVIGATE: 
2026-01-19T03:49:49.2746751Z     ✅ Navigated to https://www.globalsqa.com/angularJs-protractor/BankingProject/
2026-01-19T03:49:49.2748703Z   ▶️ [STEP step_2] CLICK: Bank Manager Login
2026-01-19T03:49:49.2909244Z     🔍 Mining locators for: 'Bank Manager Login'
2026-01-19T03:49:49.3329985Z     ✅ Found 2 verified locators
2026-01-19T03:49:52.9129096Z     ✅ State transitioned.
2026-01-19T03:49:54.4195498Z [DEBUG] Sending request to gemini-2.0-flash. Number of parts: 2
2026-01-19T03:49:54.4196123Z [DEBUG] Received response (Length: 257)
2026-01-19T03:49:54.4196846Z     🤖 AI Next Step Suggestion: click -> Add Customer
2026-01-19T03:49:54.4197887Z     💭 Reasoning: To progress towards the goal of exploring customer and manager banking flows, the next logical step after logging in as a manager is to add a customer.
2026-01-19T03:49:54.4198902Z     ➕ Injected AI step: click -> Add Customer
2026-01-19T03:49:54.4199229Z   ▶️ [STEP step_2_ai_1] CLICK: Add Customer
2026-01-19T03:49:54.4253999Z     🔍 Mining locators for: 'Add Customer'
2026-01-19T03:49:54.4624843Z     ✅ Found 2 verified locators
2026-01-19T03:49:58.0096765Z     ✅ State transitioned.
2026-01-19T03:49:59.2707733Z [DEBUG] Sending request to gemini-2.0-flash. Number of parts: 2
2026-01-19T03:49:59.2708382Z [DEBUG] Received response (Length: 180)
2026-01-19T03:49:59.2709200Z     🤖 AI Next Step Suggestion: fill -> First Name
2026-01-19T03:49:59.2709901Z     🧩 Suggested Locator: input[placeholder='First Name']
2026-01-19T03:49:59.2710633Z     💭 Reasoning: Need to fill the first name to add a customer.
2026-01-19T03:49:59.2711292Z     ➕ Injected AI step: fill -> First Name
2026-01-19T03:49:59.2711780Z   ▶️ [STEP step_2_ai_2] FILL: First Name
2026-01-19T03:49:59.2765260Z     🎯 Using AI-provided locator: input[placeholder='First Name']
2026-01-19T03:49:59.2832437Z     ✅ Found 1 verified locators
2026-01-19T03:50:04.7489101Z     ✅ State transitioned.
2026-01-19T03:50:06.0026910Z [DEBUG] Sending request to gemini-2.0-flash. Number of parts: 2
2026-01-19T03:50:06.0027746Z [DEBUG] Received response (Length: 186)
2026-01-19T03:50:06.0028532Z     🤖 AI Next Step Suggestion: fill -> Last Name
2026-01-19T03:50:06.0043441Z     🧩 Suggested Locator: input[placeholder='Last Name']
2026-01-19T03:50:06.0044353Z     💭 Reasoning: Need to fill out the last name field to add a customer.
2026-01-19T03:50:06.0045061Z     ➕ Injected AI step: fill -> Last Name
2026-01-19T03:50:06.0045566Z   ▶️ [STEP step_2_ai_3] FILL: Last Name
2026-01-19T03:50:06.0086888Z     🎯 Using AI-provided locator: input[placeholder='Last Name']
2026-01-19T03:50:06.0143094Z     ✅ Found 1 verified locators
2026-01-19T03:50:11.4731520Z     ✅ State transitioned.
2026-01-19T03:50:12.9658655Z [DEBUG] Sending request to gemini-2.0-flash. Number of parts: 2
2026-01-19T03:50:12.9659315Z [DEBUG] Received response (Length: 228)
2026-01-19T03:50:12.9660144Z     🤖 AI Next Step Suggestion: fill -> Post Code
2026-01-19T03:50:12.9660709Z     🧩 Suggested Locator: input[placeholder='Post Code']
2026-01-19T03:50:12.9661391Z     💭 Reasoning: The 'Post Code' field is visible and needs to be filled to complete the customer creation form.
2026-01-19T03:50:12.9662006Z     ➕ Injected AI step: fill -> Post Code
2026-01-19T03:50:12.9662351Z   ▶️ [STEP step_2_ai_4] FILL: Post Code
2026-01-19T03:50:12.9712007Z     🎯 Using AI-provided locator: input[placeholder='Post Code']
2026-01-19T03:50:12.9767525Z     ✅ Found 1 verified locators
2026-01-19T03:50:18.4117774Z     ✅ State transitioned.
2026-01-19T03:50:19.8063994Z [DEBUG] Sending request to gemini-2.0-flash. Number of parts: 2
2026-01-19T03:50:19.8064657Z [DEBUG] Received response (Length: 251)
2026-01-19T03:50:19.8065449Z     🤖 AI Next Step Suggestion: click -> Add Customer
2026-01-19T03:50:19.8066071Z     🧩 Suggested Locator: button:contains('Add Customer')
2026-01-19T03:50:19.8067101Z     💭 Reasoning: All the required fields for adding a customer have been filled. Clicking 'Add Customer' will submit the form and create the customer.
2026-01-19T03:50:19.8068084Z     ➕ Injected AI step: click -> Add Customer
2026-01-19T03:50:19.8068423Z   ▶️ [STEP step_2_ai_5] CLICK: Add Customer
2026-01-19T03:50:19.8121261Z     🎯 Using AI-provided locator: button:contains('Add Customer')
2026-01-19T03:50:19.8152012Z     🔍 Mining locators for: 'Add Customer'
2026-01-19T03:50:19.8711929Z     ✅ Found 2 verified locators
2026-01-19T03:50:23.4111619Z     ✅ State transitioned.
2026-01-19T03:50:24.7374910Z [DEBUG] Sending request to gemini-2.0-flash. Number of parts: 2
2026-01-19T03:50:24.7375561Z [DEBUG] Received response (Length: 207)
2026-01-19T03:50:24.7376297Z     🤖 AI Next Step Suggestion: click -> Add Customer
2026-01-19T03:50:24.7376749Z     🧩 Suggested Locator: button:contains('Add Customer')
2026-01-19T03:50:24.7377653Z     💭 Reasoning: The form is filled, so clicking 'Add Customer' will submit the form and add the customer.
2026-01-19T03:50:24.7378511Z ⚠️ Loop detected: same AI suggestion repeated 2 times. Moving to next step.
2026-01-19T03:50:24.7379045Z   ▶️ [STEP step_3] CLICK: Add Customer
2026-01-19T03:50:24.7430305Z     🔍 Mining locators for: 'Add Customer'
2026-01-19T03:50:24.7866640Z     ✅ Found 2 verified locators
2026-01-19T03:50:28.3262192Z     ✅ State transitioned.
2026-01-19T03:50:28.3308512Z     🔄 Revisited state detected (count: 1)
2026-01-19T03:50:29.7470740Z [DEBUG] Sending request to gemini-2.0-flash. Number of parts: 2
2026-01-19T03:50:29.7471389Z [DEBUG] Received response (Length: 197)
2026-01-19T03:50:29.7472205Z     🤖 AI Next Step Suggestion: click -> Add Customer
2026-01-19T03:50:29.7473215Z     💭 Reasoning: The form is complete, so clicking 'Add Customer' will submit the form and add the customer.
2026-01-19T03:50:29.7474352Z     ⚠️ Skipping duplicate AI suggestion (just executed): ('click', 'add customer')
2026-01-19T03:50:29.7474890Z   ▶️ [STEP step_4] FILL: First Name
2026-01-19T03:50:29.7525611Z     🔍 Mining locators for: 'First Name'
2026-01-19T03:50:29.7980769Z     ✅ Found 2 verified locators
2026-01-19T03:50:35.2556335Z     ✅ State transitioned.
2026-01-19T03:50:36.8252000Z [DEBUG] Sending request to gemini-2.0-flash. Number of parts: 2
2026-01-19T03:50:36.8252748Z [DEBUG] Received response (Length: 214)
2026-01-19T03:50:36.8253607Z     🤖 AI Next Step Suggestion: fill -> First Name
2026-01-19T03:50:36.8254915Z     💭 Reasoning: The form for adding a customer is not complete. Filling the First Name field is the next logical step.
2026-01-19T03:50:36.8256375Z     ⚠️ Skipping duplicate AI suggestion (just executed): ('fill', 'first name')
2026-01-19T03:50:36.8257472Z   ▶️ [STEP step_5] FILL: Last Name
2026-01-19T03:50:36.8309211Z     🔍 Mining locators for: 'Last Name'
2026-01-19T03:50:36.8808803Z     ✅ Found 2 verified locators
2026-01-19T03:50:42.7551705Z     ✅ State transitioned.
2026-01-19T03:50:44.3463759Z [DEBUG] Sending request to gemini-2.0-flash. Number of parts: 2
2026-01-19T03:50:44.3464517Z [DEBUG] Received response (Length: 256)
2026-01-19T03:50:44.3465346Z     🤖 AI Next Step Suggestion: click -> Add Customer
2026-01-19T03:50:44.3466116Z     🧩 Suggested Locator: button:contains('Add Customer')
2026-01-19T03:50:44.3470008Z     💭 Reasoning: The form is complete (First Name, Last Name, and Post Code are filled). Clicking 'Add Customer' will submit the form and add the customer.
2026-01-19T03:50:44.3471345Z     ➕ Injected AI step: click -> Add Customer
2026-01-19T03:50:44.3471938Z   ▶️ [STEP step_5_ai_1] CLICK: Add Customer
2026-01-19T03:50:44.3524846Z     🎯 Using AI-provided locator: button:contains('Add Customer')
2026-01-19T03:50:44.3548141Z     🔍 Mining locators for: 'Add Customer'
2026-01-19T03:50:44.4032890Z     ✅ Found 2 verified locators
2026-01-19T03:50:47.9416978Z     ✅ State transitioned.
2026-01-19T03:50:47.9463004Z     🔄 Revisited state detected (count: 1)
2026-01-19T03:50:49.5539071Z [DEBUG] Sending request to gemini-2.0-flash. Number of parts: 2
2026-01-19T03:50:49.5540180Z [DEBUG] Received response (Length: 219)
2026-01-19T03:50:49.5541073Z     🤖 AI Next Step Suggestion: fill -> Post Code
2026-01-19T03:50:49.5541922Z     🧩 Suggested Locator: input[placeholder='Post Code']
2026-01-19T03:50:49.5543441Z     💭 Reasoning: The 'Post Code' field is the next logical field to fill in the form to add a customer.
2026-01-19T03:50:49.5544601Z     ➕ Injected AI step: fill -> Post Code
2026-01-19T03:50:49.5545280Z   ▶️ [STEP step_5_ai_2] FILL: Post Code
2026-01-19T03:50:49.5600518Z     🎯 Using AI-provided locator: input[placeholder='Post Code']
2026-01-19T03:50:49.5655840Z     ✅ Found 1 verified locators
2026-01-19T03:50:55.2127798Z     ✅ State transitioned.
2026-01-19T03:50:56.7821303Z [DEBUG] Sending request to gemini-2.0-flash. Number of parts: 2
2026-01-19T03:50:56.7821953Z [DEBUG] Received response (Length: 225)
2026-01-19T03:50:56.7822763Z     🤖 AI Next Step Suggestion: click -> Add Customer
2026-01-19T03:50:56.7823403Z     🧩 Suggested Locator: button:nth-of-type(2)
2026-01-19T03:50:56.7824609Z     💭 Reasoning: The form is complete (First Name, Last Name, and Post Code are filled). Clicking 'Add Customer' will submit the form.
2026-01-19T03:50:56.7825603Z     ➕ Injected AI step: click -> Add Customer
2026-01-19T03:50:56.7825975Z   ▶️ [STEP step_5_ai_3] CLICK: Add Customer
2026-01-19T03:50:56.7875556Z     🎯 Using AI-provided locator: button:nth-of-type(2)
2026-01-19T03:50:56.7933696Z     ✅ Found 1 verified locators
2026-01-19T03:51:00.8415763Z     ✅ State transitioned.
2026-01-19T03:51:02.2761194Z [DEBUG] Sending request to gemini-2.0-flash. Number of parts: 2
2026-01-19T03:51:02.2761859Z [DEBUG] Received response (Length: 198)
2026-01-19T03:51:02.2762625Z     🤖 AI Next Step Suggestion: click -> Home
2026-01-19T03:51:02.2763233Z     🧩 Suggested Locator: button:nth-of-type(1)
2026-01-19T03:51:02.2764064Z     💭 Reasoning: Navigating to the home page to explore other functionalities like customer login or manager login.
2026-01-19T03:51:02.2764813Z     ➕ Injected AI step: click -> Home
2026-01-19T03:51:02.2765209Z   ▶️ [STEP step_5_ai_4] CLICK: Home
2026-01-19T03:51:02.2815198Z     🎯 Using AI-provided locator: button:nth-of-type(1)
2026-01-19T03:51:02.2870501Z     ✅ Found 1 verified locators
2026-01-19T03:51:06.3440334Z     ✅ State transitioned.
2026-01-19T03:51:07.6482678Z [DEBUG] Sending request to gemini-2.0-flash. Number of parts: 2
2026-01-19T03:51:07.6483276Z [DEBUG] Received response (Length: 190)
2026-01-19T03:51:07.6483930Z     🤖 AI Next Step Suggestion: click -> Bank Manager Login
2026-01-19T03:51:07.6484608Z     💭 Reasoning: To proceed with the manager banking flows, I need to log in as a bank manager.
2026-01-19T03:51:07.6485155Z     ➕ Injected AI step: click -> Bank Manager Login
2026-01-19T03:51:07.6485544Z   ▶️ [STEP step_5_ai_5] CLICK: Bank Manager Login
2026-01-19T03:51:07.6539933Z     🔍 Mining locators for: 'Bank Manager Login'
2026-01-19T03:51:07.6856773Z     ✅ Found 2 verified locators
2026-01-19T03:51:11.2443280Z     ✅ State transitioned.
2026-01-19T03:51:12.5737749Z [DEBUG] Sending request to gemini-2.0-flash. Number of parts: 2
2026-01-19T03:51:12.5738610Z [DEBUG] Received response (Length: 244)
2026-01-19T03:51:12.5739561Z     🤖 AI Next Step Suggestion: click -> Open Account
2026-01-19T03:51:12.5741375Z     💭 Reasoning: To progress towards the goal of 'Customer and manager banking flows', the next logical step after adding a customer is to open an account.
2026-01-19T03:51:12.5742910Z     ➕ Injected AI step: click -> Open Account
2026-01-19T03:51:12.5743594Z   ▶️ [STEP step_5_ai_6] CLICK: Open Account
2026-01-19T03:51:12.5796787Z     🔍 Mining locators for: 'Open Account'
2026-01-19T03:51:12.6115426Z     ✅ Found 2 verified locators
2026-01-19T03:51:16.1580740Z     ✅ State transitioned.
2026-01-19T03:51:18.2099744Z [DEBUG] Sending request to gemini-2.0-flash. Number of parts: 2
2026-01-19T03:51:18.2100226Z [DEBUG] Received response (Length: 220)
2026-01-19T03:51:18.2101013Z     🤖 AI Next Step Suggestion: fill -> Customer Name
2026-01-19T03:51:18.2101688Z     🧩 Suggested Locator: #userSelect
2026-01-19T03:51:18.2102226Z     💭 Reasoning: To open an account, we need to select a customer. Selecting the first customer in the list.
2026-01-19T03:51:18.2102758Z     ➕ Injected AI step: fill -> Customer Name
2026-01-19T03:51:18.2103244Z   ▶️ [STEP step_5_ai_7] FILL: Customer Name
2026-01-19T03:51:18.2155504Z     🎯 Using AI-provided locator: #userSelect
2026-01-19T03:51:18.2216700Z     ✅ Found 1 verified locators
2026-01-19T03:51:25.1377587Z     ✅ State transitioned.
2026-01-19T03:51:26.6968063Z [DEBUG] Sending request to gemini-2.0-flash. Number of parts: 2
2026-01-19T03:51:26.6968606Z [DEBUG] Received response (Length: 175)
2026-01-19T03:51:26.6969355Z     🤖 AI Next Step Suggestion: fill -> Customer Name
2026-01-19T03:51:26.6969788Z     🧩 Suggested Locator: #userSelect
2026-01-19T03:51:26.6970180Z     💭 Reasoning: Select a customer name to open an account for.
2026-01-19T03:51:26.6970696Z ⚠️ Loop detected: same AI suggestion repeated 2 times. Moving to next step.
2026-01-19T03:51:26.6971133Z   ▶️ [STEP step_6] FILL: Post Code
2026-01-19T03:51:26.7025674Z     🔍 Mining locators for: 'Post Code'
2026-01-19T03:51:26.7316571Z     🧠 Consulting AI (Vision-First) to find 'Post Code'...
2026-01-19T03:51:26.7317325Z     🔍 Trying smart selectors for 'Post Code'...
2026-01-19T03:51:26.7808750Z     ⚠️ Smart selectors failed (no unique match). Falling back to AI Vision...
2026-01-19T03:51:26.7810944Z     🧠 [EXPERT] Strategy: Act as a Senior SDET focusing on exploring application to understand functional flow and automating FinTech scenarios. Focus on the end-to-end functional flow (e.g., Account Creation, Login, Funds Transfer, Loan Application). Prioritize identifying stable locators and interactive elements for automation. Ensure core banking features are accessible and functional.
2026-01-19T03:51:31.4632116Z [DEBUG] Sending request to gemini-2.0-flash. Number of parts: 2
2026-01-19T03:51:31.4632549Z [DEBUG] Received response (Length: 232)
2026-01-19T03:51:31.4633354Z     💡 Expert Suggestion: Post Code is likely part of the address information required when opening a new account.
2026-01-19T03:51:31.4633987Z     🛠️ Executing corrective action: click -> 'Open Account'
2026-01-19T03:51:32.0244526Z     ✅ Executed corrective navigation
2026-01-19T03:51:34.0268373Z     🔄 Retry 1/3 mining locators for 'Post Code'...
2026-01-19T03:51:35.0565964Z     🧠 Consulting AI (Vision-First) to find 'Post Code'...
2026-01-19T03:51:35.0566765Z     🔍 Trying smart selectors for 'Post Code'...
2026-01-19T03:51:35.1057674Z     ⚠️ Smart selectors failed (no unique match). Falling back to AI Vision...
2026-01-19T03:51:35.1059844Z     🧠 [EXPERT] Strategy: Act as a Senior SDET focusing on exploring application to understand functional flow and automating FinTech scenarios. Focus on the end-to-end functional flow (e.g., Account Creation, Login, Funds Transfer, Loan Application). Prioritize identifying stable locators and interactive elements for automation. Ensure core banking features are accessible and functional.
2026-01-19T03:51:36.6568039Z [DEBUG] Sending request to gemini-2.0-flash. Number of parts: 2
2026-01-19T03:51:36.6568858Z [DEBUG] Received response (Length: 259)
2026-01-19T03:51:36.6569676Z     ⚠️ Skipping duplicate injection: Open Account
2026-01-19T03:51:36.6570139Z     🔄 Retry 2/3 mining locators for 'Post Code'...
2026-01-19T03:51:37.6581175Z     🗑️ Invalidating stale AI cache (retry 2)...
2026-01-19T03:51:37.6582212Z     ⚠️ Cache invalidation warning: No module named 'core.agents.domain_expert'
2026-01-19T03:51:37.6851620Z     🧠 Consulting AI (Vision-First) to find 'Post Code'...
2026-01-19T03:51:37.6852321Z     🔍 Trying smart selectors for 'Post Code'...
2026-01-19T03:51:37.7332162Z     ⚠️ Smart selectors failed (no unique match). Falling back to AI Vision...
2026-01-19T03:51:37.7335404Z     🧠 [EXPERT] Strategy: Act as a Senior SDET focusing on exploring application to understand functional flow and automating FinTech scenarios. Focus on the end-to-end functional flow (e.g., Account Creation, Login, Funds Transfer, Loan Application). Prioritize identifying stable locators and interactive elements for automation. Ensure core banking features are accessible and functional.
2026-01-19T03:51:37.7338208Z [CACHE HIT] 03d9e569... (hits: 1, misses: 36)
2026-01-19T03:51:37.7339143Z     ⚠️ Skipping duplicate injection: Open Account
2026-01-19T03:51:37.7340083Z     🧠 Verifying step validity for 'Post Code' after no candidates found...
2026-01-19T03:51:41.3867556Z [DEBUG] Sending request to gemini-2.0-flash. Number of parts: 2
2026-01-19T03:51:41.3868421Z [DEBUG] Received response (Length: 178)
2026-01-19T03:51:41.3870220Z     🗑️ Step deemed INVALID: The 'Post Code' field is not present on the 'Open Account' page. The available fields are 'Customer' and 'Currency'.. Removing from workflow.
2026-01-19T03:51:41.3871793Z     ⏭️ Skipping execution of invalid step: Post Code
2026-01-19T03:51:41.3872477Z   ▶️ [STEP step_7] CLICK: Add Customer
2026-01-19T03:51:41.3925493Z     🔍 Mining locators for: 'Add Customer'
2026-01-19T03:51:41.4265068Z     ✅ Found 2 verified locators
2026-01-19T03:51:44.9762065Z     ✅ State transitioned.
2026-01-19T03:51:46.6239728Z [DEBUG] Sending request to gemini-2.0-flash. Number of parts: 2
2026-01-19T03:51:46.6240567Z [DEBUG] Received response (Length: 179)
2026-01-19T03:51:46.6241633Z     🤖 AI Next Step Suggestion: fill -> Last Name
2026-01-19T03:51:46.6242890Z     💭 Reasoning: Need to fill out the last name field to complete the customer information.
2026-01-19T03:51:46.6244014Z     ➕ Injected AI step: fill -> Last Name
2026-01-19T03:51:46.6244742Z   ▶️ [STEP step_7_ai_1] FILL: Last Name
2026-01-19T03:51:46.6301220Z     🔍 Mining locators for: 'Last Name'
2026-01-19T03:51:46.6775616Z     ✅ Found 2 verified locators
2026-01-19T03:51:51.8027696Z     ✅ State transitioned.
2026-01-19T03:51:53.4336644Z [DEBUG] Sending request to gemini-2.0-flash. Number of parts: 2
2026-01-19T03:51:53.4337786Z [DEBUG] Received response (Length: 226)
2026-01-19T03:51:53.4338916Z     🤖 AI Next Step Suggestion: fill -> Post Code
2026-01-19T03:51:53.4339970Z     🧩 Suggested Locator: input[placeholder='Post Code']
2026-01-19T03:51:53.4341656Z     💭 Reasoning: The 'Post Code' field is visible and needs to be filled to complete the customer information.
2026-01-19T03:51:53.4343186Z     ➕ Injected AI step: fill -> Post Code
2026-01-19T03:51:53.4344029Z   ▶️ [STEP step_7_ai_2] FILL: Post Code
2026-01-19T03:51:53.4395840Z     🎯 Using AI-provided locator: input[placeholder='Post Code']
2026-01-19T03:51:53.4452238Z     ✅ Found 1 verified locators
2026-01-19T03:51:59.1598102Z     ✅ State transitioned.
2026-01-19T03:52:00.7615848Z [DEBUG] Sending request to gemini-2.0-flash. Number of parts: 2
2026-01-19T03:52:00.7617549Z [DEBUG] Received response (Length: 230)
2026-01-19T03:52:00.7618499Z     🤖 AI Next Step Suggestion: fill -> First Name
2026-01-19T03:52:00.7619369Z     🧩 Suggested Locator: input[placeholder='First Name']
2026-01-19T03:52:00.7620743Z     💭 Reasoning: The 'First Name' field is visible and needs to be filled to complete the customer creation form.
2026-01-19T03:52:00.7621991Z     ➕ Injected AI step: fill -> First Name
2026-01-19T03:52:00.7622667Z   ▶️ [STEP step_7_ai_3] FILL: First Name
2026-01-19T03:52:00.7673449Z     🎯 Using AI-provided locator: input[placeholder='First Name']
2026-01-19T03:52:00.7727524Z     ✅ Found 1 verified locators
2026-01-19T03:52:06.3981888Z     ✅ State transitioned.
2026-01-19T03:52:07.9235948Z [DEBUG] Sending request to gemini-2.0-flash. Number of parts: 2
2026-01-19T03:52:07.9236607Z [DEBUG] Received response (Length: 199)
2026-01-19T03:52:07.9237519Z     🤖 AI Next Step Suggestion: click -> Add Customer
2026-01-19T03:52:07.9238078Z     🧩 Suggested Locator: button:nth-of-type(2)
2026-01-19T03:52:07.9238891Z     💭 Reasoning: The form is complete, so clicking 'Add Customer' will submit the form and add the customer.
2026-01-19T03:52:07.9239656Z     ➕ Injected AI step: click -> Add Customer
2026-01-19T03:52:07.9240117Z   ▶️ [STEP step_7_ai_4] CLICK: Add Customer
2026-01-19T03:52:07.9291663Z     🎯 Using AI-provided locator: button:nth-of-type(2)
2026-01-19T03:52:07.9346571Z     ✅ Found 1 verified locators
2026-01-19T03:52:11.9914156Z     ✅ State transitioned.
2026-01-19T03:52:13.5299428Z [DEBUG] Sending request to gemini-2.0-flash. Number of parts: 2
2026-01-19T03:52:13.5300544Z [DEBUG] Received response (Length: 248)
2026-01-19T03:52:13.5301366Z     🤖 AI Next Step Suggestion: click -> Login
2026-01-19T03:52:13.5302806Z     💭 Reasoning: To proceed with customer banking flows, we need to log in as a customer. The next logical step is to click the 'Login' button after selecting a user.
2026-01-19T03:52:13.5304046Z     ➕ Injected AI step: click -> Login
2026-01-19T03:52:13.5304562Z   ▶️ [STEP step_7_ai_5] CLICK: Login
2026-01-19T03:52:13.5358111Z     🔍 Mining locators for: 'Login'
2026-01-19T03:52:13.5674773Z     ✅ Found 2 verified locators
2026-01-19T03:52:17.1227058Z     ✅ State transitioned.
2026-01-19T03:52:18.5290533Z [DEBUG] Sending request to gemini-2.0-flash. Number of parts: 2
2026-01-19T03:52:18.5291272Z [DEBUG] Received response (Length: 282)
2026-01-19T03:52:18.5292027Z     🤖 AI Next Step Suggestion: click -> Please open an account with us.
2026-01-19T03:52:18.5295656Z     💭 Reasoning: The page says 'Please open an account with us.' which implies that an account needs to be selected. Clicking the dropdown will allow us to select an account.
2026-01-19T03:52:18.5297860Z     ➕ Injected AI step: click -> Please open an account with us.
2026-01-19T03:52:18.5298786Z   ▶️ [STEP step_7_ai_6] CLICK: Please open an account with us.
2026-01-19T03:52:18.5352855Z     🔍 Mining locators for: 'Please open an account with us.'
2026-01-19T03:52:18.5696278Z     ✅ Found 1 verified locators
2026-01-19T03:52:22.1194062Z     ✅ State transitioned.
2026-01-19T03:52:23.5775086Z [DEBUG] Sending request to gemini-2.0-flash. Number of parts: 2
2026-01-19T03:52:23.5775863Z [DEBUG] Received response (Length: 250)
2026-01-19T03:52:23.5777013Z     🤖 AI Next Step Suggestion: click -> Please open an account with us.
2026-01-19T03:52:23.5779079Z     💭 Reasoning: The text 'Please open an account with us.' is visible and clickable. Clicking it is the next logical step to open an account.
2026-01-19T03:52:23.5780787Z ⚠️ Loop detected: same AI suggestion repeated 2 times. Moving to next step.
2026-01-19T03:52:23.5781725Z   ▶️ [STEP step_8] WAIT: 
2026-01-19T03:52:28.5921671Z     ⚠️ Scroll into view failed for text=None. Proceeding anyway.
2026-01-19T03:52:30.5944790Z     ✅ State transitioned.
2026-01-19T03:52:30.5991048Z     🔄 Revisited state detected (count: 1)
2026-01-19T03:52:32.4859426Z [DEBUG] Sending request to gemini-2.0-flash. Number of parts: 2
2026-01-19T03:52:32.4859886Z [DEBUG] Received response (Length: 698)
2026-01-19T03:52:32.4860388Z     🤖 AI Next Step Suggestion: done -> N/A
2026-01-19T03:52:32.4863095Z     💭 Reasoning: The user is on the account page. The goal is to explore customer and manager banking flows. The user is logged in as a customer. The next step would be to explore the customer banking flows, such as deposit, withdrawl, or transactions. However, the task is to explore the application to understand functional flow and automate FinTech scenarios. Since the user is already logged in as a customer, the next step would be to explore the manager banking flows. To do this, the user would need to log out and log in as a manager. However, the current page does not allow the user to log in as a manager. Therefore, the goal is unlikely to be achieved from here.
2026-01-19T03:52:34.5187477Z 
2026-01-19T03:52:34.5188041Z [3/3] Exploring Scenario: Customer Deposit and Withdrawal
2026-01-19T03:52:34.5198445Z     🧠 Initialized exploration context for goal: 'Customer and manager banking flows'
2026-01-19T03:52:34.5199260Z   ▶️ [STEP step_1] NAVIGATE: 
2026-01-19T03:52:35.2225641Z     ✅ Navigated to https://www.globalsqa.com/angularJs-protractor/BankingProject/
2026-01-19T03:52:35.2226817Z   ▶️ [STEP step_2] CLICK: Customer Login
2026-01-19T03:52:35.2391337Z     🔍 Mining locators for: 'Customer Login'
2026-01-19T03:52:35.2930543Z     ✅ Found 2 verified locators
2026-01-19T03:52:38.8733260Z     ✅ State transitioned.
2026-01-19T03:52:38.9041627Z [CACHE HIT] 595a91d4... (hits: 2, misses: 45)
2026-01-19T03:52:38.9042309Z     🤖 AI Next Step Suggestion: fill -> select user
2026-01-19T03:52:38.9043043Z     🧩 Suggested Locator: #userSelect
2026-01-19T03:52:38.9043569Z     💭 Reasoning: Select a user to login as. Hermoine Granger is the first user in the list.
2026-01-19T03:52:38.9044065Z     ➕ Injected AI step: fill -> select user
2026-01-19T03:52:38.9044399Z   ▶️ [STEP step_2_ai_1] FILL: select user
2026-01-19T03:52:38.9092098Z     🎯 Using AI-provided locator: #userSelect
2026-01-19T03:52:38.9145497Z     ✅ Found 1 verified locators
2026-01-19T03:52:46.3677595Z     ✅ State transitioned.
2026-01-19T03:52:46.4097969Z [CACHE HIT] f8ab37fd... (hits: 3, misses: 45)
2026-01-19T03:52:46.4098920Z     🤖 AI Next Step Suggestion: click -> Login
2026-01-19T03:52:46.4099563Z     🧩 Suggested Locator: button
2026-01-19T03:52:46.4100542Z     💭 Reasoning: After selecting a user, the next logical step is to click the Login button to proceed.
2026-01-19T03:52:46.4101469Z     ➕ Injected AI step: click -> Login
2026-01-19T03:52:46.4102046Z   ▶️ [STEP step_2_ai_2] CLICK: Login
2026-01-19T03:52:46.4149008Z     🎯 Using AI-provided locator: button
2026-01-19T03:52:46.4205818Z     ✅ Found 1 verified locators
2026-01-19T03:52:50.4723162Z     ✅ State transitioned.
2026-01-19T03:52:50.5034135Z [CACHE HIT] 5ff4ebca... (hits: 4, misses: 45)
2026-01-19T03:52:50.5035074Z     🤖 AI Next Step Suggestion: click -> Home
2026-01-19T03:52:50.5035667Z     🧩 Suggested Locator: button
2026-01-19T03:52:50.5036806Z     💭 Reasoning: Navigating back to the home page to explore the manager login flow, as the customer login flow has been explored.
2026-01-19T03:52:50.5038139Z     ➕ Injected AI step: click -> Home
2026-01-19T03:52:50.5038652Z   ▶️ [STEP step_2_ai_3] CLICK: Home
2026-01-19T03:52:50.5084944Z     🎯 Using AI-provided locator: button
2026-01-19T03:52:50.5137999Z     ✅ Found 1 verified locators
2026-01-19T03:52:54.5537934Z     ✅ State transitioned.
2026-01-19T03:52:54.5838999Z [CACHE HIT] 32b0a30f... (hits: 5, misses: 45)
2026-01-19T03:52:54.5840021Z     🤖 AI Next Step Suggestion: click -> Bank Manager Login
2026-01-19T03:52:54.5840889Z     🧩 Suggested Locator: button:contains('Bank Manager Login')
2026-01-19T03:52:54.5842448Z     💭 Reasoning: The goal is to explore both customer and manager banking flows. We've already explored the customer flow, so now we should explore the bank manager flow.
2026-01-19T03:52:54.5843787Z     ➕ Injected AI step: click -> Bank Manager Login
2026-01-19T03:52:54.5844431Z   ▶️ [STEP step_2_ai_4] CLICK: Bank Manager Login
2026-01-19T03:52:54.5889569Z     🎯 Using AI-provided locator: button:contains('Bank Manager Login')
2026-01-19T03:52:54.5922346Z     🔍 Mining locators for: 'Bank Manager Login'
2026-01-19T03:52:54.6384868Z     ✅ Found 2 verified locators
2026-01-19T03:52:58.1867455Z     ✅ State transitioned.
2026-01-19T03:52:58.2182816Z [CACHE HIT] f805dd6a... (hits: 6, misses: 45)
2026-01-19T03:52:58.2183796Z     🤖 AI Next Step Suggestion: click -> Add Customer
2026-01-19T03:52:58.2185120Z     💭 Reasoning: To explore the manager banking flows, adding a customer is a logical next step after logging in as a bank manager.
2026-01-19T03:52:58.2186237Z     ➕ Injected AI step: click -> Add Customer
2026-01-19T03:52:58.2186803Z   ▶️ [STEP step_2_ai_5] CLICK: Add Customer
2026-01-19T03:52:58.2232688Z     🔍 Mining locators for: 'Add Customer'
2026-01-19T03:52:58.2711758Z     ✅ Found 2 verified locators
2026-01-19T03:53:01.8177843Z     ✅ State transitioned.
2026-01-19T03:53:01.8660222Z [CACHE HIT] 87626f03... (hits: 7, misses: 45)
2026-01-19T03:53:01.8661192Z     🤖 AI Next Step Suggestion: fill -> First Name
2026-01-19T03:53:01.8661942Z     🧩 Suggested Locator: input[placeholder='First Name']
2026-01-19T03:53:01.8662748Z     💭 Reasoning: Need to fill in the first name to add a customer.
2026-01-19T03:53:01.8663830Z     ➕ Injected AI step: fill -> First Name
2026-01-19T03:53:01.8665535Z   ▶️ [STEP step_2_ai_6] FILL: First Name
2026-01-19T03:53:01.8711340Z     🎯 Using AI-provided locator: input[placeholder='First Name']
2026-01-19T03:53:01.8764326Z     ✅ Found 1 verified locators
2026-01-19T03:53:07.2906048Z     ✅ State transitioned.
2026-01-19T03:53:07.3327377Z [CACHE HIT] 0e418e75... (hits: 8, misses: 45)
2026-01-19T03:53:07.3328263Z     🤖 AI Next Step Suggestion: fill -> Last Name
2026-01-19T03:53:07.3328915Z     🧩 Suggested Locator: input[placeholder='Last Name']
2026-01-19T03:53:07.3329827Z     💭 Reasoning: Need to fill out the last name field to complete the customer information.
2026-01-19T03:53:07.3331994Z     ➕ Injected AI step: fill -> Last Name
2026-01-19T03:53:07.3332551Z   ▶️ [STEP step_2_ai_7] FILL: Last Name
2026-01-19T03:53:07.3379916Z     🎯 Using AI-provided locator: input[placeholder='Last Name']
2026-01-19T03:53:07.3433224Z     ✅ Found 1 verified locators
2026-01-19T03:53:12.6315016Z     ✅ State transitioned.
2026-01-19T03:53:12.6658849Z [CACHE HIT] 9b3efe7a... (hits: 9, misses: 45)
2026-01-19T03:53:12.6659694Z     🤖 AI Next Step Suggestion: fill -> Post Code
2026-01-19T03:53:12.6660332Z     🧩 Suggested Locator: input[ng-model='postalCode']
2026-01-19T03:53:12.6661372Z     💭 Reasoning: The First Name and Last Name fields have been filled. The next logical step is to fill the Post Code field to complete the customer information.
2026-01-19T03:53:12.6662076Z     ➕ Injected AI step: fill -> Post Code
2026-01-19T03:53:12.6662392Z   ▶️ [STEP step_2_ai_8] FILL: Post Code
2026-01-19T03:53:12.6708358Z     🎯 Using AI-provided locator: input[ng-model='postalCode']
2026-01-19T03:53:12.6725521Z     🔍 Mining locators for: 'Post Code'
2026-01-19T03:53:12.7245176Z     ✅ Found 2 verified locators
2026-01-19T03:53:17.6386883Z     ✅ State transitioned.
2026-01-19T03:53:17.6824429Z [CACHE HIT] f5a07189... (hits: 10, misses: 45)
2026-01-19T03:53:17.6825289Z     🤖 AI Next Step Suggestion: click -> Add Customer
2026-01-19T03:53:17.6825845Z     🧩 Suggested Locator: button:contains('Add Customer')
2026-01-19T03:53:17.6826414Z     💭 Reasoning: The form is complete, so we should submit it to add the customer.
2026-01-19T03:53:17.6826930Z     ➕ Injected AI step: click -> Add Customer
2026-01-19T03:53:17.6827466Z   ▶️ [STEP step_2_ai_9] CLICK: Add Customer
2026-01-19T03:53:17.6874646Z     🎯 Using AI-provided locator: button:contains('Add Customer')
2026-01-19T03:53:17.6898933Z     🔍 Mining locators for: 'Add Customer'
2026-01-19T03:53:17.7475498Z     ✅ Found 2 verified locators
2026-01-19T03:53:21.2852463Z     ✅ State transitioned.
2026-01-19T03:53:21.3318772Z [CACHE HIT] 1fabdd4f... (hits: 11, misses: 45)
2026-01-19T03:53:21.3319756Z     🤖 AI Next Step Suggestion: click -> Add Customer
2026-01-19T03:53:21.3320448Z     🧩 Suggested Locator: button:nth-of-type(2)
2026-01-19T03:53:21.3321335Z     💭 Reasoning: The form is complete, so clicking 'Add Customer' will submit the form.
2026-01-19T03:53:21.3322428Z ⚠️ Loop detected: same AI suggestion repeated 2 times. Moving to next step.
2026-01-19T03:53:21.3323155Z   ▶️ [STEP step_3] SELECT: Your Name
2026-01-19T03:53:21.3371952Z     🔍 Mining locators for: 'Your Name'
2026-01-19T03:53:21.3646988Z     🧠 Consulting AI (Vision-First) to find 'Your Name'...
2026-01-19T03:53:21.3649143Z     🔍 Trying smart selectors for 'Your Name'...
2026-01-19T03:53:21.4160997Z     ⚠️ Smart selectors failed (no unique match). Falling back to AI Vision...
2026-01-19T03:53:21.4164033Z     🧠 [EXPERT] Strategy: Act as a Senior SDET focusing on exploring application to understand functional flow and automating FinTech scenarios. Focus on the end-to-end functional flow (e.g., Account Creation, Login, Funds Transfer, Loan Application). Prioritize identifying stable locators and interactive elements for automation. Ensure core banking features are accessible and functional.
2026-01-19T03:53:21.4166453Z [CACHE HIT] 5e02e488... (hits: 12, misses: 45)
2026-01-19T03:53:21.4167848Z     💡 Expert Suggestion: The 'Customers' page is likely to contain customer details, including 'Your Name'.
2026-01-19T03:53:21.4168471Z     🛠️ Executing corrective action: click -> 'Customers'
2026-01-19T03:53:21.9754886Z     ✅ Executed corrective navigation
2026-01-19T03:53:23.9777986Z     🔄 Retry 1/3 mining locators for 'Your Name'...
2026-01-19T03:53:25.0164605Z     🧠 Consulting AI (Vision-First) to find 'Your Name'...
2026-01-19T03:53:25.0165380Z     🔍 Trying smart selectors for 'Your Name'...
2026-01-19T03:53:25.0650869Z     ⚠️ Smart selectors failed (no unique match). Falling back to AI Vision...
2026-01-19T03:53:25.0655516Z     🧠 [EXPERT] Strategy: Act as a Senior SDET focusing on exploring application to understand functional flow and automating FinTech scenarios. Focus on the end-to-end functional flow (e.g., Account Creation, Login, Funds Transfer, Loan Application). Prioritize identifying stable locators and interactive elements for automation. Ensure core banking features are accessible and functional.
2026-01-19T03:53:25.0658526Z [CACHE HIT] f4652ca9... (hits: 13, misses: 45)
2026-01-19T03:53:25.0659397Z     💡 Expert Suggestion: "Your Name" is likely under user profile settings, which is accessible after logging in and navigating to the home page.
2026-01-19T03:53:25.0660213Z     🛠️ Executing corrective action: click -> 'Home'
2026-01-19T03:53:25.6293247Z     ✅ Executed corrective navigation
2026-01-19T03:53:27.6316310Z     🔄 Retry 2/3 mining locators for 'Your Name'...
2026-01-19T03:53:28.6329413Z     🗑️ Invalidating stale AI cache (retry 2)...
2026-01-19T03:53:28.6330806Z     ⚠️ Cache invalidation warning: No module named 'core.agents.domain_expert'
2026-01-19T03:53:28.6637440Z     🧠 Consulting AI (Vision-First) to find 'Your Name'...
2026-01-19T03:53:28.6638086Z     🔍 Trying smart selectors for 'Your Name'...
2026-01-19T03:53:28.7156597Z     ⚠️ Smart selectors failed (no unique match). Falling back to AI Vision...
2026-01-19T03:53:28.7160072Z     🧠 [EXPERT] Strategy: Act as a Senior SDET focusing on exploring application to understand functional flow and automating FinTech scenarios. Focus on the end-to-end functional flow (e.g., Account Creation, Login, Funds Transfer, Loan Application). Prioritize identifying stable locators and interactive elements for automation. Ensure core banking features are accessible and functional.
2026-01-19T03:53:28.7162166Z [CACHE HIT] 2b6717fe... (hits: 14, misses: 45)
2026-01-19T03:53:28.7162724Z     💡 Expert Suggestion: "Your Name" is likely found after logging in as a customer.
2026-01-19T03:53:28.7163292Z     🛠️ Executing corrective action: click -> 'Customer Login'
2026-01-19T03:53:29.2586381Z     ✅ Executed corrective navigation
2026-01-19T03:53:31.2609180Z     🧠 Verifying step validity for 'Your Name' after no candidates found...
2026-01-19T03:53:31.2614336Z [CACHE HIT] 8b9b93da... (hits: 15, misses: 45)
2026-01-19T03:53:31.2616061Z     🗑️ Step deemed INVALID: The current page is the landing page with 'Customer Login' and 'Bank Manager Login' buttons. We need to click 'Customer Login' first to reach the page where 'Your Name' would be present in the customer login form.. Removing from workflow.
2026-01-19T03:53:31.2617645Z     ⏭️ Skipping execution of invalid step: Your Name
2026-01-19T03:53:31.2618015Z   ▶️ [STEP step_4] CLICK: Login
2026-01-19T03:53:31.2671375Z     🔍 Mining locators for: 'Login'
2026-01-19T03:53:31.3045136Z     ✅ Found 2 verified locators
2026-01-19T03:53:34.8527440Z     ✅ State transitioned.
2026-01-19T03:53:34.8858535Z [CACHE HIT] 9ec4544d... (hits: 16, misses: 45)
2026-01-19T03:53:34.8859375Z     🤖 AI Next Step Suggestion: click -> Please open an account with us.
2026-01-19T03:53:34.8860355Z     💭 Reasoning: The page says 'Please open an account with us.' which implies that an account needs to be opened. Clicking the dropdown will reveal options to select an account.
2026-01-19T03:53:34.8861249Z     ➕ Injected AI step: click -> Please open an account with us.
2026-01-19T03:53:34.8861720Z   ▶️ [STEP step_4_ai_1] CLICK: Please open an account with us.
2026-01-19T03:53:34.8906569Z     🔍 Mining locators for: 'Please open an account with us.'
2026-01-19T03:53:34.9341277Z     ✅ Found 1 verified locators
2026-01-19T03:53:38.4835326Z     ✅ State transitioned.
2026-01-19T03:53:38.5148390Z [CACHE HIT] d390f1ec... (hits: 17, misses: 45)
2026-01-19T03:53:38.5149266Z     🤖 AI Next Step Suggestion: done -> N/A
2026-01-19T03:53:38.5150479Z     💭 Reasoning: The user is on the account page. The account has been created. The user can now perform transactions, deposit or withdrawl.
2026-01-19T03:53:38.5151566Z   ▶️ [STEP step_5] CLICK: Deposit
2026-01-19T03:53:38.5198874Z     🔍 Mining locators for: 'Deposit'
2026-01-19T03:53:38.5530714Z     ✅ Found 2 verified locators
2026-01-19T03:53:42.1017724Z     ✅ State transitioned.
2026-01-19T03:53:42.1060285Z     🔄 Revisited state detected (count: 1)
2026-01-19T03:53:43.3946497Z [DEBUG] Sending request to gemini-2.0-flash. Number of parts: 2
2026-01-19T03:53:43.3947152Z [DEBUG] Received response (Length: 185)
2026-01-19T03:53:43.3948290Z     🤖 AI Next Step Suggestion: click -> Withdrawl
2026-01-19T03:53:43.3949456Z     💭 Reasoning: To test the withdrawl functionality after opening an account and making a deposit.
2026-01-19T03:53:43.3950372Z     ➕ Injected AI step: click -> Withdrawl
2026-01-19T03:53:43.3950940Z   ▶️ [STEP step_5_ai_1] CLICK: Withdrawl
2026-01-19T03:53:43.4002814Z     🔍 Mining locators for: 'Withdrawl'
2026-01-19T03:53:43.4373056Z     ✅ Found 2 verified locators
2026-01-19T03:53:46.9843231Z     ✅ State transitioned.
2026-01-19T03:53:46.9895905Z     🔄 Revisited state detected (count: 2)
2026-01-19T03:53:48.4790939Z [DEBUG] Sending request to gemini-2.0-flash. Number of parts: 2
2026-01-19T03:53:48.4791585Z [DEBUG] Received response (Length: 165)
2026-01-19T03:53:48.4792409Z     🤖 AI Next Step Suggestion: click -> Transactions
2026-01-19T03:53:48.4793091Z     🧩 Suggested Locator: button:contains('Transactions')
2026-01-19T03:53:48.4793830Z     💭 Reasoning: To view the transaction history of the account.
2026-01-19T03:53:48.4794561Z     ➕ Injected AI step: click -> Transactions
2026-01-19T03:53:48.4795123Z   ▶️ [STEP step_5_ai_2] CLICK: Transactions
2026-01-19T03:53:48.4848555Z     🎯 Using AI-provided locator: button:contains('Transactions')
2026-01-19T03:53:48.4872791Z     🔍 Mining locators for: 'Transactions'
2026-01-19T03:53:48.5199296Z     ✅ Found 2 verified locators
2026-01-19T03:53:52.0661796Z     ✅ State transitioned.
2026-01-19T03:53:52.0706589Z     🔄 Revisited state detected (count: 3)
2026-01-19T03:53:52.0707556Z     ⚠️ Too many revisits (3). Stopping AI step injection to prevent loops.
2026-01-19T03:53:52.0708180Z   ▶️ [STEP step_6] FILL: Amount to be Deposited
2026-01-19T03:53:52.0757442Z     🔍 Mining locators for: 'Amount to be Deposited'
2026-01-19T03:53:52.1016302Z     🧠 Consulting AI (Vision-First) to find 'Amount to be Deposited'...
2026-01-19T03:53:52.1017445Z     🔍 Trying smart selectors for 'Amount to be Deposited'...
2026-01-19T03:53:52.1502958Z     ⚠️ Smart selectors failed (no unique match). Falling back to AI Vision...
2026-01-19T03:53:52.1505459Z     🧠 [EXPERT] Strategy: Act as a Senior SDET focusing on exploring application to understand functional flow and automating FinTech scenarios. Focus on the end-to-end functional flow (e.g., Account Creation, Login, Funds Transfer, Loan Application). Prioritize identifying stable locators and interactive elements for automation. Ensure core banking features are accessible and functional.
2026-01-19T03:53:53.6292785Z [DEBUG] Sending request to gemini-2.0-flash. Number of parts: 2
2026-01-19T03:53:53.6293657Z [DEBUG] Received response (Length: 232)
2026-01-19T03:53:53.6295265Z     💡 Expert Suggestion: Clicking 'Deposit' should lead to a page where the user can input the amount to be deposited.
2026-01-19T03:53:53.6296455Z     🛠️ Executing corrective action: click -> 'Deposit'
2026-01-19T03:53:54.1709405Z     ✅ Executed corrective navigation
2026-01-19T03:53:56.1732398Z     🔄 Retry 1/3 mining locators for 'Amount to be Deposited'...
2026-01-19T03:53:57.2016169Z     🧠 Consulting AI (Vision-First) to find 'Amount to be Deposited'...
2026-01-19T03:53:57.2016814Z     🔍 Trying smart selectors for 'Amount to be Deposited'...
2026-01-19T03:53:57.2473432Z     ⚠️ Smart selectors failed (no unique match). Falling back to AI Vision...
2026-01-19T03:53:57.2475817Z     🧠 [EXPERT] Strategy: Act as a Senior SDET focusing on exploring application to understand functional flow and automating FinTech scenarios. Focus on the end-to-end functional flow (e.g., Account Creation, Login, Funds Transfer, Loan Application). Prioritize identifying stable locators and interactive elements for automation. Ensure core banking features are accessible and functional.
2026-01-19T03:53:58.4740895Z [DEBUG] Sending request to gemini-2.0-flash. Number of parts: 2
2026-01-19T03:53:58.4741531Z [DEBUG] Received response (Length: 232)
2026-01-19T03:53:58.4742116Z     ⚠️ Skipping duplicate injection: Deposit
2026-01-19T03:53:58.4742605Z     🔄 Retry 2/3 mining locators for 'Amount to be Deposited'...
2026-01-19T03:53:59.4754114Z     🗑️ Invalidating stale AI cache (retry 2)...
2026-01-19T03:53:59.4755340Z     ⚠️ Cache invalidation warning: No module named 'core.agents.domain_expert'
2026-01-19T03:53:59.5024635Z     🧠 Consulting AI (Vision-First) to find 'Amount to be Deposited'...
2026-01-19T03:53:59.5025219Z     🔍 Trying smart selectors for 'Amount to be Deposited'...
2026-01-19T03:53:59.5485294Z     ⚠️ Smart selectors failed (no unique match). Falling back to AI Vision...
2026-01-19T03:53:59.5487661Z     🧠 [EXPERT] Strategy: Act as a Senior SDET focusing on exploring application to understand functional flow and automating FinTech scenarios. Focus on the end-to-end functional flow (e.g., Account Creation, Login, Funds Transfer, Loan Application). Prioritize identifying stable locators and interactive elements for automation. Ensure core banking features are accessible and functional.
2026-01-19T03:53:59.5490339Z [CACHE HIT] 7fc8c6bf... (hits: 18, misses: 49)
2026-01-19T03:53:59.5490871Z     ⚠️ Skipping duplicate injection: Deposit
2026-01-19T03:53:59.5491373Z     🧠 Verifying step validity for 'Amount to be Deposited' after no candidates found...
2026-01-19T03:54:03.5824913Z [DEBUG] Sending request to gemini-2.0-flash. Number of parts: 2
2026-01-19T03:54:03.5825369Z [DEBUG] Received response (Length: 225)
2026-01-19T03:54:03.5826070Z     🛠️ Self-Correction: Step is valid. Using new locator: input[placeholder='amount']
2026-01-19T03:54:09.0941528Z     ⚠️ Scroll into view failed for input[placeholder='amount']. Proceeding anyway.
2026-01-19T03:54:14.5957988Z     ⚠️ Action failed: Locator.click: Timeout 5000ms exceeded.
2026-01-19T03:54:14.5958747Z Call log:
2026-01-19T03:54:14.5959115Z ...
2026-01-19T03:54:15.8276582Z [DEBUG] Sending request to gemini-2.0-flash. Number of parts: 2
2026-01-19T03:54:15.8277027Z [DEBUG] Received response (Length: 199)
2026-01-19T03:54:15.8277805Z   ▶️ [STEP step_7] CLICK: Deposit
2026-01-19T03:54:15.8329774Z     🔍 Mining locators for: 'Deposit'
2026-01-19T03:54:15.8693435Z     ✅ Found 2 verified locators
2026-01-19T03:54:19.4172866Z     ✅ State transitioned.
2026-01-19T03:54:19.4216306Z     🔄 Revisited state detected (count: 4)
2026-01-19T03:54:19.4217013Z     ⚠️ Too many revisits (4). Stopping AI step injection to prevent loops.
2026-01-19T03:54:19.4218248Z   ▶️ [STEP step_8] ASSERT_VISIBLE: Deposit Successful
2026-01-19T03:54:19.4265874Z     🔍 Mining locators for: 'Deposit Successful'
2026-01-19T03:54:19.4534676Z     🧠 Consulting AI (Vision-First) to find 'Deposit Successful'...
2026-01-19T03:54:19.4535582Z     🔍 Trying smart selectors for 'Deposit Successful'...
2026-01-19T03:54:19.5006117Z     ⚠️ Smart selectors failed (no unique match). Falling back to AI Vision...
2026-01-19T03:54:19.5008659Z     🧠 [EXPERT] Strategy: Act as a Senior SDET focusing on exploring application to understand functional flow and automating FinTech scenarios. Focus on the end-to-end functional flow (e.g., Account Creation, Login, Funds Transfer, Loan Application). Prioritize identifying stable locators and interactive elements for automation. Ensure core banking features are accessible and functional.
2026-01-19T03:54:21.0689647Z [DEBUG] Sending request to gemini-2.0-flash. Number of parts: 2
2026-01-19T03:54:21.0690518Z [DEBUG] Received response (Length: 288)
2026-01-19T03:54:21.0691418Z     ⚠️ Skipping duplicate injection: Deposit
2026-01-19T03:54:21.0692181Z     🔄 Retry 1/3 mining locators for 'Deposit Successful'...
2026-01-19T03:54:22.0957628Z     🧠 Consulting AI (Vision-First) to find 'Deposit Successful'...
2026-01-19T03:54:22.0958162Z     🔍 Trying smart selectors for 'Deposit Successful'...
2026-01-19T03:54:22.1428572Z     ⚠️ Smart selectors failed (no unique match). Falling back to AI Vision...
2026-01-19T03:54:22.1430730Z     🧠 [EXPERT] Strategy: Act as a Senior SDET focusing on exploring application to understand functional flow and automating FinTech scenarios. Focus on the end-to-end functional flow (e.g., Account Creation, Login, Funds Transfer, Loan Application). Prioritize identifying stable locators and interactive elements for automation. Ensure core banking features are accessible and functional.
2026-01-19T03:54:22.1433346Z [CACHE HIT] 42817ac4... (hits: 19, misses: 52)
2026-01-19T03:54:22.1434031Z     ⚠️ Skipping duplicate injection: Deposit
2026-01-19T03:54:22.1434764Z     🔄 Retry 2/3 mining locators for 'Deposit Successful'...
2026-01-19T03:54:23.1447987Z     🗑️ Invalidating stale AI cache (retry 2)...
2026-01-19T03:54:23.1449010Z     ⚠️ Cache invalidation warning: No module named 'core.agents.domain_expert'
2026-01-19T03:54:23.1718021Z     🧠 Consulting AI (Vision-First) to find 'Deposit Successful'...
2026-01-19T03:54:23.1718580Z     🔍 Trying smart selectors for 'Deposit Successful'...
2026-01-19T03:54:23.2176619Z     ⚠️ Smart selectors failed (no unique match). Falling back to AI Vision...
2026-01-19T03:54:23.2178890Z     🧠 [EXPERT] Strategy: Act as a Senior SDET focusing on exploring application to understand functional flow and automating FinTech scenarios. Focus on the end-to-end functional flow (e.g., Account Creation, Login, Funds Transfer, Loan Application). Prioritize identifying stable locators and interactive elements for automation. Ensure core banking features are accessible and functional.
2026-01-19T03:54:23.2180778Z [CACHE HIT] 42817ac4... (hits: 20, misses: 52)
2026-01-19T03:54:23.2181378Z     ⚠️ Skipping duplicate injection: Deposit
2026-01-19T03:54:23.2182158Z     🧠 Verifying step validity for 'Deposit Successful' after no candidates found...
2026-01-19T03:54:25.9014480Z [DEBUG] Sending request to gemini-2.0-flash. Number of parts: 2
2026-01-19T03:54:25.9014929Z [DEBUG] Received response (Length: 248)
2026-01-19T03:54:25.9016312Z     🗑️ Step deemed INVALID: "Deposit Successful" is a success message that appears after a deposit is made. It is not present on the page in its initial state. We need to first make a deposit to see this message.. Removing from workflow.
2026-01-19T03:54:25.9017748Z     ⏭️ Skipping execution of invalid step: Deposit Successful
2026-01-19T03:54:25.9018181Z   ▶️ [STEP step_9] CLICK: Withdrawl
2026-01-19T03:54:25.9066957Z     🔍 Mining locators for: 'Withdrawl'
2026-01-19T03:54:25.9385110Z     ✅ Found 2 verified locators
2026-01-19T03:54:29.5005011Z     ✅ State transitioned.
2026-01-19T03:54:29.5051192Z     🔄 Revisited state detected (count: 5)
2026-01-19T03:54:29.5052104Z     ⚠️ Too many revisits (5). Stopping AI step injection to prevent loops.
2026-01-19T03:54:29.5052927Z   ▶️ [STEP step_10] FILL: Amount to be Withdrawn
2026-01-19T03:54:29.5096995Z     🔍 Mining locators for: 'Amount to be Withdrawn'
2026-01-19T03:54:29.5356743Z     🧠 Consulting AI (Vision-First) to find 'Amount to be Withdrawn'...
2026-01-19T03:54:29.5357926Z     🔍 Trying smart selectors for 'Amount to be Withdrawn'...
2026-01-19T03:54:29.5835198Z     ⚠️ Smart selectors failed (no unique match). Falling back to AI Vision...
2026-01-19T03:54:29.5839476Z     🧠 [EXPERT] Strategy: Act as a Senior SDET focusing on exploring application to understand functional flow and automating FinTech scenarios. Focus on the end-to-end functional flow (e.g., Account Creation, Login, Funds Transfer, Loan Application). Prioritize identifying stable locators and interactive elements for automation. Ensure core banking features are accessible and functional.
2026-01-19T03:54:30.8555936Z [DEBUG] Sending request to gemini-2.0-flash. Number of parts: 2
2026-01-19T03:54:30.8556550Z [DEBUG] Received response (Length: 245)
2026-01-19T03:54:30.8557091Z     ⚠️ Skipping duplicate injection: Withdrawl
2026-01-19T03:54:30.8557826Z     🔄 Retry 1/3 mining locators for 'Amount to be Withdrawn'...
2026-01-19T03:54:31.8832003Z     🧠 Consulting AI (Vision-First) to find 'Amount to be Withdrawn'...
2026-01-19T03:54:31.8832884Z     🔍 Trying smart selectors for 'Amount to be Withdrawn'...
2026-01-19T03:54:31.9297858Z     ⚠️ Smart selectors failed (no unique match). Falling back to AI Vision...
2026-01-19T03:54:31.9300187Z     🧠 [EXPERT] Strategy: Act as a Senior SDET focusing on exploring application to understand functional flow and automating FinTech scenarios. Focus on the end-to-end functional flow (e.g., Account Creation, Login, Funds Transfer, Loan Application). Prioritize identifying stable locators and interactive elements for automation. Ensure core banking features are accessible and functional.
2026-01-19T03:54:31.9302162Z [CACHE HIT] cf2a6388... (hits: 21, misses: 54)
2026-01-19T03:54:31.9302799Z     ⚠️ Skipping duplicate injection: Withdrawl
2026-01-19T03:54:31.9303360Z     🔄 Retry 2/3 mining locators for 'Amount to be Withdrawn'...
2026-01-19T03:54:32.9316569Z     🗑️ Invalidating stale AI cache (retry 2)...
2026-01-19T03:54:32.9317884Z     ⚠️ Cache invalidation warning: No module named 'core.agents.domain_expert'
2026-01-19T03:54:32.9596693Z     🧠 Consulting AI (Vision-First) to find 'Amount to be Withdrawn'...
2026-01-19T03:54:32.9597523Z     🔍 Trying smart selectors for 'Amount to be Withdrawn'...
2026-01-19T03:54:33.0062717Z     ⚠️ Smart selectors failed (no unique match). Falling back to AI Vision...
2026-01-19T03:54:33.0064921Z     🧠 [EXPERT] Strategy: Act as a Senior SDET focusing on exploring application to understand functional flow and automating FinTech scenarios. Focus on the end-to-end functional flow (e.g., Account Creation, Login, Funds Transfer, Loan Application). Prioritize identifying stable locators and interactive elements for automation. Ensure core banking features are accessible and functional.
2026-01-19T03:54:33.0067736Z [CACHE HIT] cf2a6388... (hits: 22, misses: 54)
2026-01-19T03:54:33.0068353Z     ⚠️ Skipping duplicate injection: Withdrawl
2026-01-19T03:54:33.0068978Z     🧠 Verifying step validity for 'Amount to be Withdrawn' after no candidates found...
2026-01-19T03:54:35.9154593Z [DEBUG] Sending request to gemini-2.0-flash. Number of parts: 2
2026-01-19T03:54:35.9155341Z [DEBUG] Received response (Length: 207)
2026-01-19T03:54:35.9157773Z     🗑️ Step deemed INVALID: The 'Amount to be Withdrawn' input field is not visible on the page. We need to click the 'Withdrawl' button first to reveal the withdrawal form.. Removing from workflow.
2026-01-19T03:54:35.9160203Z     ⏭️ Skipping execution of invalid step: Amount to be Withdrawn
2026-01-19T03:54:35.9160899Z   ▶️ [STEP step_11] CLICK: Withdraw
2026-01-19T03:54:35.9210562Z     🔍 Mining locators for: 'Withdraw'
2026-01-19T03:54:35.9534877Z     ✅ Found 2 verified locators
2026-01-19T03:54:39.4993331Z     ✅ State transitioned.
2026-01-19T03:54:39.5039524Z     🔄 Revisited state detected (count: 6)
2026-01-19T03:54:39.5040304Z     ⚠️ Too many revisits (6). Stopping AI step injection to prevent loops.
2026-01-19T03:54:39.5041022Z   ▶️ [STEP step_12] ASSERT_VISIBLE: Transaction successful
2026-01-19T03:54:39.5087020Z     🔍 Mining locators for: 'Transaction successful'
2026-01-19T03:54:39.5354315Z     🧠 Consulting AI (Vision-First) to find 'Transaction successful'...
2026-01-19T03:54:39.5355138Z     🔍 Trying smart selectors for 'Transaction successful'...
2026-01-19T03:54:39.5842144Z     ⚠️ Smart selectors failed (no unique match). Falling back to AI Vision...
2026-01-19T03:54:39.5844377Z     🧠 [EXPERT] Strategy: Act as a Senior SDET focusing on exploring application to understand functional flow and automating FinTech scenarios. Focus on the end-to-end functional flow (e.g., Account Creation, Login, Funds Transfer, Loan Application). Prioritize identifying stable locators and interactive elements for automation. Ensure core banking features are accessible and functional.
2026-01-19T03:54:40.9041486Z [DEBUG] Sending request to gemini-2.0-flash. Number of parts: 2
2026-01-19T03:54:40.9041950Z [DEBUG] Received response (Length: 271)
2026-01-19T03:54:40.9043005Z     💡 Expert Suggestion: After a transaction (deposit or withdrawal), the 'Transaction successful' message is likely displayed on the Transactions page.
2026-01-19T03:54:40.9043885Z     🛠️ Executing corrective action: click -> 'Transactions'
2026-01-19T03:54:41.4451287Z     ✅ Executed corrective navigation
2026-01-19T03:54:43.4474489Z     🔄 Retry 1/3 mining locators for 'Transaction successful'...
2026-01-19T03:54:44.4776091Z     🧠 Consulting AI (Vision-First) to find 'Transaction successful'...
2026-01-19T03:54:44.4776973Z     🔍 Trying smart selectors for 'Transaction successful'...
2026-01-19T03:54:44.5239920Z     ⚠️ Smart selectors failed (no unique match). Falling back to AI Vision...
2026-01-19T03:54:44.5242352Z     🧠 [EXPERT] Strategy: Act as a Senior SDET focusing on exploring application to understand functional flow and automating FinTech scenarios. Focus on the end-to-end functional flow (e.g., Account Creation, Login, Funds Transfer, Loan Application). Prioritize identifying stable locators and interactive elements for automation. Ensure core banking features are accessible and functional.
2026-01-19T03:54:45.8844464Z [DEBUG] Sending request to gemini-2.0-flash. Number of parts: 2
2026-01-19T03:54:45.8845132Z [DEBUG] Received response (Length: 258)
2026-01-19T03:54:45.8845918Z     ⚠️ Skipping duplicate injection: Transactions
2026-01-19T03:54:45.8846690Z     🔄 Retry 2/3 mining locators for 'Transaction successful'...
2026-01-19T03:54:46.8858155Z     🗑️ Invalidating stale AI cache (retry 2)...
2026-01-19T03:54:46.8859478Z     ⚠️ Cache invalidation warning: No module named 'core.agents.domain_expert'
2026-01-19T03:54:46.9126584Z     🧠 Consulting AI (Vision-First) to find 'Transaction successful'...
2026-01-19T03:54:46.9127427Z     🔍 Trying smart selectors for 'Transaction successful'...
2026-01-19T03:54:46.9597867Z     ⚠️ Smart selectors failed (no unique match). Falling back to AI Vision...
2026-01-19T03:54:46.9610024Z     🧠 [EXPERT] Strategy: Act as a Senior SDET focusing on exploring application to understand functional flow and automating FinTech scenarios. Focus on the end-to-end functional flow (e.g., Account Creation, Login, Funds Transfer, Loan Application). Prioritize identifying stable locators and interactive elements for automation. Ensure core banking features are accessible and functional.
2026-01-19T03:54:46.9611870Z [CACHE HIT] 12b54d5f... (hits: 23, misses: 57)
2026-01-19T03:54:46.9612256Z     ⚠️ Skipping duplicate injection: Transactions
2026-01-19T03:54:46.9612755Z     🧠 Verifying step validity for 'Transaction successful' after no candidates found...
2026-01-19T03:54:50.8375181Z [DEBUG] Sending request to gemini-2.0-flash. Number of parts: 2
2026-01-19T03:54:50.8375915Z [DEBUG] Received response (Length: 246)
2026-01-19T03:54:50.8378058Z     🗑️ Step deemed INVALID: The phrase 'Transaction successful' is not visible on the current page. It is likely that a deposit or withdrawal needs to be performed first to trigger the appearance of this message.. Removing from workflow.
2026-01-19T03:54:50.8379220Z     ⏭️ Skipping execution of invalid step: Transaction successful
2026-01-19T03:54:52.8732728Z 🗂️  All generated tests written to /home/runner/work/build_qa_automation/build_qa_automation/projects/ci_globalsqa_bank/tests/generated_scenarios.json
2026-01-19T03:54:52.8749228Z 🔄 Updated workflow.json with discovered steps and locators.
2026-01-19T03:54:52.8749589Z 
2026-01-19T03:54:52.8749730Z ✅ Deep Exploration Complete.
2026-01-19T04:01:52.3218609Z 
2026-01-19T04:01:52.3219391Z 🚀 [EXECUTE] Starting Automation Execution Engine
2026-01-19T04:01:52.3220016Z 📍 Project: ci_globalsqa_bank
2026-01-19T04:01:52.3220345Z 🎬 Mode: Headless
2026-01-19T04:01:52.3220478Z 
2026-01-19T04:01:52.3220648Z --- Scenario: Customer Login and Account Summary ---
2026-01-19T04:01:52.3221092Z   ▶️ [STEP step_1] NAVIGATE: Step step_1
2026-01-19T04:01:52.3221422Z     ✅ Step step_1 Passed.
2026-01-19T04:01:52.3221721Z   ▶️ [STEP step_2] CLICK: Customer Login
2026-01-19T04:01:52.3222141Z     🎯 Using mined locator: role=button[name='Customer Login']
2026-01-19T04:01:52.3222539Z     ✅ Step step_2 Passed.
2026-01-19T04:01:52.3222832Z   ▶️ [STEP step_2_ai_1] FILL: select user
2026-01-19T04:01:52.3223177Z     🎯 Using mined locator: #userSelect
2026-01-19T04:01:52.3223508Z     ✅ Step step_2_ai_1 Passed.
2026-01-19T04:01:52.3223827Z   ▶️ [STEP step_2_ai_2] CLICK: Login
2026-01-19T04:01:52.3224142Z     🎯 Using mined locator: button
2026-01-19T04:01:52.3224450Z     ✅ Step step_2_ai_2 Passed.
2026-01-19T04:01:52.3224748Z   ▶️ [STEP step_2_ai_3] CLICK: Home
2026-01-19T04:01:52.3225062Z     🎯 Using mined locator: button
2026-01-19T04:01:52.3225371Z     ✅ Step step_2_ai_3 Passed.
2026-01-19T04:01:52.3225704Z   ▶️ [STEP step_2_ai_4] CLICK: Bank Manager Login
2026-01-19T04:01:52.3226388Z     🎯 Using mined locator: role=button[name='Bank Manager Login']
2026-01-19T04:01:52.3226926Z     ✅ Step step_2_ai_4 Passed.
2026-01-19T04:01:52.3227445Z   ▶️ [STEP step_2_ai_5] CLICK: Add Customer
2026-01-19T04:01:52.3227843Z     🎯 Using mined locator: role=button[name='Add Customer']
2026-01-19T04:01:52.3228194Z     ✅ Step step_2_ai_5 Passed.
2026-01-19T04:01:52.3228484Z   ▶️ [STEP step_2_ai_6] FILL: First Name
2026-01-19T04:01:52.3228894Z     🎯 Using mined locator: input[placeholder='First Name']
2026-01-19T04:01:52.3229239Z     ✅ Step step_2_ai_6 Passed.
2026-01-19T04:01:52.3229584Z   ▶️ [STEP step_2_ai_7] FILL: Last Name
2026-01-19T04:01:52.3230209Z     🎯 Using mined locator: input[placeholder='Last Name']
2026-01-19T04:01:52.3230768Z     ✅ Step step_2_ai_7 Passed.
2026-01-19T04:01:52.3231236Z   ▶️ [STEP step_2_ai_8] FILL: Post Code
2026-01-19T04:01:52.3231830Z     🎯 Using mined locator: role=textbox[name='Post Code']
2026-01-19T04:01:52.3232479Z     ✅ Step step_2_ai_8 Passed.
2026-01-19T04:01:52.3232827Z   ▶️ [STEP step_2_ai_9] CLICK: Add Customer
2026-01-19T04:01:52.3233211Z     🎯 Using mined locator: role=button[name='Add Customer']
2026-01-19T04:01:52.3233562Z     ✅ Step step_2_ai_9 Passed.
2026-01-19T04:01:52.3233823Z   ▶️ [STEP step_4] CLICK: Login
2026-01-19T04:01:52.3234216Z     ⚠️ Mined locators not found on page. Falling back to semantic search.
2026-01-19T04:01:52.3234809Z     ❌ Attempt 1 failed (element_not_found): Locator.bounding_box: Timeout 30000ms exceeded.
2026-01-19T04:01:52.3235217Z Call log:
2026-01-19T04:01:52.3235677Z   - waiting for locator("text=Login")
2026-01-19T04:01:52.3235929Z ...
2026-01-19T04:01:52.3236212Z     🔧 [AUTO-HEAL] Re-mining page to find 'Login'...
2026-01-19T04:01:52.3236588Z [DEBUG] Sending request to gemini-2.0-flash. Number of parts: 2
2026-01-19T04:01:52.3236938Z [DEBUG] Received response (Length: 576)
2026-01-19T04:01:52.3237704Z     ✨ AI successfully healed the step! Found 2 alternatives.
2026-01-19T04:01:52.3238254Z     ✨ AI successfully healed the step! New selector: input[value='Add Customer']
2026-01-19T04:01:52.3238875Z     ❌ Attempt 2 failed (element_not_found): Locator.bounding_box: Timeout 30000ms exceeded.
2026-01-19T04:01:52.3239277Z Call log:
2026-01-19T04:01:52.3239494Z   - waiting for locator("input[value='Add ...
2026-01-19T04:01:52.3239868Z     🔧 [AUTO-HEAL] Re-mining page to find 'Login'...
2026-01-19T04:01:52.3240184Z [CACHE HIT] edf8333c... (hits: 1, misses: 1)
2026-01-19T04:01:52.3240566Z     ✨ AI successfully healed the step! Found 2 alternatives.
2026-01-19T04:01:52.3241067Z     ✨ AI successfully healed the step! New selector: input[value='Add Customer']
2026-01-19T04:01:52.3241665Z     ❌ Attempt 3 failed (element_not_found): Locator.bounding_box: Timeout 30000ms exceeded.
2026-01-19T04:01:52.3242073Z Call log:
2026-01-19T04:01:52.3242283Z   - waiting for locator("input[value='Add ...
2026-01-19T04:01:52.3242621Z     💀 Step step_4 failed after all retries.
2026-01-19T04:01:52.3243075Z 🛑 Scenario 'Customer Login and Account Summary' aborted due to step failure.
2026-01-19T04:01:52.3243378Z 
2026-01-19T04:01:52.3243515Z --- Scenario: Manager Login and Customer Creation ---
2026-01-19T04:01:52.3244075Z   ▶️ [STEP step_1] NAVIGATE: Step step_1
2026-01-19T04:01:52.3244697Z     ✅ Step step_1 Passed.
2026-01-19T04:01:52.3245154Z   ▶️ [STEP step_2] CLICK: Bank Manager Login
2026-01-19T04:01:52.3245834Z     🎯 Using mined locator: role=button[name='Bank Manager Login']
2026-01-19T04:01:52.3246492Z     ✅ Step step_2 Passed.
2026-01-19T04:01:52.3246956Z   ▶️ [STEP step_2_ai_1] CLICK: Add Customer
2026-01-19T04:01:52.3247675Z     🎯 Using mined locator: role=button[name='Add Customer']
2026-01-19T04:01:52.3248082Z     ✅ Step step_2_ai_1 Passed.
2026-01-19T04:01:52.3248572Z   ▶️ [STEP step_2_ai_2] FILL: First Name
2026-01-19T04:01:52.3249226Z     🎯 Using mined locator: input[placeholder='First Name']
2026-01-19T04:01:52.3249805Z     ✅ Step step_2_ai_2 Passed.
2026-01-19T04:01:52.3250240Z   ▶️ [STEP step_2_ai_3] FILL: Last Name
2026-01-19T04:01:52.3250795Z     🎯 Using mined locator: input[placeholder='Last Name']
2026-01-19T04:01:52.3251366Z     ✅ Step step_2_ai_3 Passed.
2026-01-19T04:01:52.3251807Z   ▶️ [STEP step_2_ai_4] FILL: Post Code
2026-01-19T04:01:52.3252405Z     🎯 Using mined locator: input[placeholder='Post Code']
2026-01-19T04:01:52.3252991Z     ✅ Step step_2_ai_4 Passed.
2026-01-19T04:01:52.3253453Z   ▶️ [STEP step_2_ai_5] CLICK: Add Customer
2026-01-19T04:01:52.3254010Z     🎯 Using mined locator: role=button[name='Add Customer']
2026-01-19T04:01:52.3254595Z     ✅ Step step_2_ai_5 Passed.
2026-01-19T04:01:52.3255111Z   ▶️ [STEP step_3] CLICK: Add Customer
2026-01-19T04:01:52.3255697Z     🎯 Using mined locator: role=button[name='Add Customer']
2026-01-19T04:01:52.3256274Z     ✅ Step step_3 Passed.
2026-01-19T04:01:52.3256685Z   ▶️ [STEP step_4] FILL: First Name
2026-01-19T04:01:52.3257444Z     🎯 Using mined locator: role=textbox[name='First Name']
2026-01-19T04:01:52.3258023Z     ✅ Step step_4 Passed.
2026-01-19T04:01:52.3258445Z   ▶️ [STEP step_5] FILL: Last Name
2026-01-19T04:01:52.3258992Z     🎯 Using mined locator: role=textbox[name='Last Name']
2026-01-19T04:01:52.3259540Z     ✅ Step step_5 Passed.
2026-01-19T04:01:52.3260006Z   ▶️ [STEP step_5_ai_1] CLICK: Add Customer
2026-01-19T04:01:52.3260596Z     🎯 Using mined locator: role=button[name='Add Customer']
2026-01-19T04:01:52.3261172Z     ✅ Step step_5_ai_1 Passed.
2026-01-19T04:01:52.3261625Z   ▶️ [STEP step_5_ai_2] FILL: Post Code
2026-01-19T04:01:52.3262237Z     🎯 Using mined locator: input[placeholder='Post Code']
2026-01-19T04:01:52.3263094Z     ✅ Step step_5_ai_2 Passed.
2026-01-19T04:01:52.3263614Z   ▶️ [STEP step_5_ai_3] CLICK: Add Customer
2026-01-19T04:01:52.3264201Z     🎯 Using mined locator: button:nth-of-type(2)
2026-01-19T04:01:52.3265021Z     ❌ Attempt 1 failed (element_not_found): Locator.click: Timeout 10000ms exceeded.
2026-01-19T04:01:52.3265847Z Call log:
2026-01-19T04:01:52.3266214Z   - waiting for locator("button:nth-of-type(2)")....
2026-01-19T04:01:52.3266876Z     🔧 [AUTO-HEAL] Re-mining page to find 'Add Customer'...
2026-01-19T04:01:52.3267674Z [DEBUG] Sending request to gemini-2.0-flash. Number of parts: 2
2026-01-19T04:01:52.3268225Z [DEBUG] Received response (Length: 639)
2026-01-19T04:01:52.3268837Z     ✨ AI successfully healed the step! Found 2 alternatives.
2026-01-19T04:01:52.3269700Z     ✨ AI successfully healed the step! New selector: body > div > div > div > div > button
2026-01-19T04:01:52.3270912Z     ❌ Attempt 2 failed (element_not_found): Locator.bounding_box: Timeout 30000ms exceeded.
2026-01-19T04:01:52.3271601Z Call log:
2026-01-19T04:01:52.3271944Z   - waiting for locator("body > div > div ...
2026-01-19T04:01:52.3272612Z     🔧 [AUTO-HEAL] Re-mining page to find 'Add Customer'...
2026-01-19T04:01:52.3273146Z [CACHE HIT] bbe516a6... (hits: 2, misses: 2)
2026-01-19T04:01:52.3274308Z     ✨ AI successfully healed the step! Found 2 alternatives.
2026-01-19T04:01:52.3275172Z     ✨ AI successfully healed the step! New selector: body > div > div > div > div > button
2026-01-19T04:01:52.3276180Z     ❌ Attempt 3 failed (element_not_found): Locator.bounding_box: Timeout 30000ms exceeded.
2026-01-19T04:01:52.3276819Z Call log:
2026-01-19T04:01:52.3277126Z   - waiting for locator("body > div > div ...
2026-01-19T04:01:52.3277835Z     💀 Step step_5_ai_3 failed after all retries.
2026-01-19T04:01:52.3278563Z 🛑 Scenario 'Manager Login and Customer Creation' aborted due to step failure.
2026-01-19T04:01:52.3279059Z 
2026-01-19T04:01:52.3279256Z --- Scenario: Customer Deposit and Withdrawal ---
2026-01-19T04:01:52.3279815Z   ▶️ [STEP step_1] NAVIGATE: Step step_1
2026-01-19T04:01:52.3280283Z     ✅ Step step_1 Passed.
2026-01-19T04:01:52.3280708Z   ▶️ [STEP step_2] CLICK: Customer Login
2026-01-19T04:01:52.3281307Z     🎯 Using mined locator: role=button[name='Customer Login']
2026-01-19T04:01:52.3281853Z     ✅ Step step_2 Passed.
2026-01-19T04:01:52.3282282Z   ▶️ [STEP step_2_ai_1] FILL: select user
2026-01-19T04:01:52.3282774Z     🎯 Using mined locator: #userSelect
2026-01-19T04:01:52.3283269Z     ✅ Step step_2_ai_1 Passed.
2026-01-19T04:01:52.3283728Z   ▶️ [STEP step_2_ai_2] CLICK: Login
2026-01-19T04:01:52.3284222Z     🎯 Using mined locator: button
2026-01-19T04:01:52.3284691Z     ✅ Step step_2_ai_2 Passed.
2026-01-19T04:01:52.3285146Z   ▶️ [STEP step_2_ai_3] CLICK: Home
2026-01-19T04:01:52.3285623Z     🎯 Using mined locator: button
2026-01-19T04:01:52.3286089Z     ✅ Step step_2_ai_3 Passed.
2026-01-19T04:01:52.3286599Z   ▶️ [STEP step_2_ai_4] CLICK: Bank Manager Login
2026-01-19T04:01:52.3287454Z     🎯 Using mined locator: role=button[name='Bank Manager Login']
2026-01-19T04:01:52.3288088Z     ✅ Step step_2_ai_4 Passed.
2026-01-19T04:01:52.3288567Z   ▶️ [STEP step_2_ai_5] CLICK: Add Customer
2026-01-19T04:01:52.3289198Z     🎯 Using mined locator: role=button[name='Add Customer']
2026-01-19T04:01:52.3289911Z     ✅ Step step_2_ai_5 Passed.
2026-01-19T04:01:52.3290380Z   ▶️ [STEP step_2_ai_6] FILL: First Name
2026-01-19T04:01:52.3290999Z     🎯 Using mined locator: input[placeholder='First Name']
2026-01-19T04:01:52.3291573Z     ✅ Step step_2_ai_6 Passed.
2026-01-19T04:01:52.3292047Z   ▶️ [STEP step_2_ai_7] FILL: Last Name
2026-01-19T04:01:52.3292631Z     🎯 Using mined locator: input[placeholder='Last Name']
2026-01-19T04:01:52.3293182Z     ✅ Step step_2_ai_7 Passed.
2026-01-19T04:01:52.3293645Z   ▶️ [STEP step_2_ai_8] FILL: Post Code
2026-01-19T04:01:52.3294242Z     🎯 Using mined locator: role=textbox[name='Post Code']
2026-01-19T04:01:52.3295137Z     ✅ Step step_2_ai_8 Passed.
2026-01-19T04:01:52.3295816Z   ▶️ [STEP step_2_ai_9] CLICK: Add Customer
2026-01-19T04:01:52.3296431Z     🎯 Using mined locator: role=button[name='Add Customer']
2026-01-19T04:01:52.3297002Z     ✅ Step step_2_ai_9 Passed.
2026-01-19T04:01:52.3297606Z   ▶️ [STEP step_4] CLICK: Login
2026-01-19T04:01:52.3298470Z     ⚠️ Mined locators not found on page. Falling back to semantic search.
2026-01-19T04:01:52.3299508Z     ❌ Attempt 1 failed (element_not_found): Locator.bounding_box: Timeout 30000ms exceeded.
2026-01-19T04:01:52.3300215Z Call log:
2026-01-19T04:01:52.3300529Z   - waiting for locator("text=Login")
2026-01-19T04:01:52.3300927Z ...
2026-01-19T04:01:52.3301349Z     🔧 [AUTO-HEAL] Re-mining page to find 'Login'...
2026-01-19T04:01:52.3301973Z [CACHE HIT] edf8333c... (hits: 3, misses: 2)
2026-01-19T04:01:52.3302606Z     ✨ AI successfully healed the step! Found 2 alternatives.
2026-01-19T04:01:52.3303450Z     ✨ AI successfully healed the step! New selector: input[value='Add Customer']
2026-01-19T04:01:52.3304601Z     ❌ Attempt 2 failed (element_not_found): Locator.bounding_box: Timeout 30000ms exceeded.
2026-01-19T04:01:52.3305333Z Call log:
2026-01-19T04:01:52.3305669Z   - waiting for locator("input[value='Add ...
2026-01-19T04:01:52.3306284Z     🔧 [AUTO-HEAL] Re-mining page to find 'Login'...
2026-01-19T04:01:52.3306814Z [CACHE HIT] edf8333c... (hits: 4, misses: 2)
2026-01-19T04:01:52.3307612Z     ✨ AI successfully healed the step! Found 2 alternatives.
2026-01-19T04:01:52.3308525Z     ✨ AI successfully healed the step! New selector: input[value='Add Customer']
2026-01-19T04:01:52.3309585Z     ❌ Attempt 3 failed (element_not_found): Locator.bounding_box: Timeout 30000ms exceeded.
2026-01-19T04:01:52.3310288Z Call log:
2026-01-19T04:01:52.3621923Z   - waiting for locator("input[value='Add ...
2026-01-19T04:01:52.3622726Z     💀 Step step_4 failed after all retries.
2026-01-19T04:01:52.3623186Z 🛑 Scenario 'Customer Deposit and Withdrawal' aborted due to step failure.
2026-01-19T04:01:52.3623491Z 
2026-01-19T04:01:52.3623602Z ============================================================
2026-01-19T04:01:52.3623950Z 🎯 EXECUTION SUMMARY
2026-01-19T04:01:52.3624164Z ============================================================
2026-01-19T04:01:52.3624351Z 
2026-01-19T04:01:52.3624453Z 📋 Scenario Overview:
2026-01-19T04:01:52.3624704Z    • Total Scenarios Planned: 3
2026-01-19T04:01:52.3624984Z    • Scenarios Executed: 3
2026-01-19T04:01:52.3625243Z    • Total Steps Executed: 37
2026-01-19T04:01:52.3625397Z 
2026-01-19T04:01:52.3625497Z ✅ Results:
2026-01-19T04:01:52.3625702Z    ❌ Failed: 3 (100%)
2026-01-19T04:01:52.3625822Z 
2026-01-19T04:01:52.3625930Z ⚠️  Failed Scenarios:
2026-01-19T04:01:52.3626166Z    • Customer Login and Account Summary
2026-01-19T04:01:52.3626463Z    • Manager Login and Customer Creation
2026-01-19T04:01:52.3626766Z    • Customer Deposit and Withdrawal
2026-01-19T04:01:52.3626930Z 
2026-01-19T04:01:52.3627029Z ============================================================
2026-01-19T04:01:52.3627409Z 
2026-01-19T04:01:52.3627923Z 🏁 Execution Finished. Report: /home/runner/work/build_qa_automation/build_qa_automation/projects/ci_globalsqa_bank/execution.json
2026-01-19T04:01:52.4850261Z 
2026-01-19T04:01:52.4850793Z [PHASE] Running Phase: DISCOVERY
2026-01-19T04:01:52.4852714Z    Command: /opt/hostedtoolcache/Python/3.11.14/x64/bin/python /home/runner/work/build_qa_automation/build_qa_automation/core/agents/discovery.py --project /home/runner/work/build_qa_automation/build_qa_automation/projects/ci_globalsqa_bank --url https://www.globalsqa.com/angularJs-protractor/BankingProject/ --deep
2026-01-19T04:01:52.4854656Z ✅ Phase 'discovery' completed successfully.
2026-01-19T04:01:52.4854919Z 
2026-01-19T04:01:52.4855037Z [PHASE] Running Phase: PLANNING
2026-01-19T04:01:52.4856856Z    Command: /opt/hostedtoolcache/Python/3.11.14/x64/bin/python /home/runner/work/build_qa_automation/build_qa_automation/core/agents/planner.py --project /home/runner/work/build_qa_automation/build_qa_automation/projects/ci_globalsqa_bank --goal Customer and manager banking flows --url https://www.globalsqa.com/angularJs-protractor/BankingProject/ --deep
2026-01-19T04:01:52.4859249Z ✅ Phase 'planning' completed successfully.
2026-01-19T04:01:52.4859543Z 
2026-01-19T04:01:52.4859666Z [PHASE] Running Phase: EXPLORATION
2026-01-19T04:01:52.4861113Z    Command: /opt/hostedtoolcache/Python/3.11.14/x64/bin/python /home/runner/work/build_qa_automation/build_qa_automation/core/agents/deep_explorer.py --project /home/runner/work/build_qa_automation/build_qa_automation/projects/ci_globalsqa_bank
2026-01-19T04:01:52.4862405Z ✅ Phase 'exploration' completed successfully.
2026-01-19T04:01:52.4862835Z 📊 Exploration Discovery Success Rate: 98.3%
2026-01-19T04:01:52.4863063Z 
2026-01-19T04:01:52.4863175Z [PHASE] Running Phase: EXECUTION
2026-01-19T04:01:52.4864316Z    Command: /opt/hostedtoolcache/Python/3.11.14/x64/bin/python /home/runner/work/build_qa_automation/build_qa_automation/core/agents/executor.py --project /home/runner/work/build_qa_automation/build_qa_automation/projects/ci_globalsqa_bank
2026-01-19T04:01:52.4865556Z ✅ Phase 'execution' completed successfully.
2026-01-19T04:01:52.4865789Z 
2026-01-19T04:01:52.4865908Z [DONE] Pipeline Execution Finished! [DONE]
2026-01-19T04:01:52.5973499Z ##[group]Run RESULT_FILE="projects/ci_globalsqa_bank/execution.json"
2026-01-19T04:01:52.5974008Z [36;1mRESULT_FILE="projects/ci_globalsqa_bank/execution.json"[0m
2026-01-19T04:01:52.5974363Z [36;1mif [ -f "$RESULT_FILE" ]; then[0m
2026-01-19T04:01:52.5974699Z [36;1m  echo "✅ Results generated successfully: $RESULT_FILE"[0m
2026-01-19T04:01:52.5975142Z [36;1m  cat "$RESULT_FILE" | jq '.scenarios | length' || echo "Result file exists"[0m
2026-01-19T04:01:52.5975505Z [36;1melse[0m
2026-01-19T04:01:52.5975738Z [36;1m  echo "❌ No result file found at $RESULT_FILE"[0m
2026-01-19T04:01:52.5976013Z [36;1m  exit 1[0m
2026-01-19T04:01:52.5976194Z [36;1mfi[0m
2026-01-19T04:01:52.6008820Z shell: /usr/bin/bash -e {0}
2026-01-19T04:01:52.6009053Z env:
2026-01-19T04:01:52.6009326Z   pythonLocation: /opt/hostedtoolcache/Python/3.11.14/x64
2026-01-19T04:01:52.6009761Z   PKG_CONFIG_PATH: /opt/hostedtoolcache/Python/3.11.14/x64/lib/pkgconfig
2026-01-19T04:01:52.6010207Z   Python_ROOT_DIR: /opt/hostedtoolcache/Python/3.11.14/x64
2026-01-19T04:01:52.6010586Z   Python2_ROOT_DIR: /opt/hostedtoolcache/Python/3.11.14/x64
2026-01-19T04:01:52.6010958Z   Python3_ROOT_DIR: /opt/hostedtoolcache/Python/3.11.14/x64
2026-01-19T04:01:52.6011334Z   LD_LIBRARY_PATH: /opt/hostedtoolcache/Python/3.11.14/x64/lib
2026-01-19T04:01:52.6011637Z ##[endgroup]
2026-01-19T04:01:52.6063895Z ✅ Results generated successfully: projects/ci_globalsqa_bank/execution.json
2026-01-19T04:01:52.6089741Z 3
2026-01-19T04:01:52.6333396Z ##[group]Run actions/upload-artifact@v4
2026-01-19T04:01:52.6333677Z with:
2026-01-19T04:01:52.6333879Z   name: globalsqa_bank-execution-results
2026-01-19T04:01:52.6334319Z   path: projects/ci_globalsqa_bank/execution.json
projects/ci_globalsqa_bank/workflow.json

2026-01-19T04:01:52.6334763Z   retention-days: 30
2026-01-19T04:01:52.6334963Z   if-no-files-found: warn
2026-01-19T04:01:52.6335178Z   compression-level: 6
2026-01-19T04:01:52.6335376Z   overwrite: false
2026-01-19T04:01:52.6335570Z   include-hidden-files: false
2026-01-19T04:01:52.6335782Z env:
2026-01-19T04:01:52.6336015Z   pythonLocation: /opt/hostedtoolcache/Python/3.11.14/x64
2026-01-19T04:01:52.6336420Z   PKG_CONFIG_PATH: /opt/hostedtoolcache/Python/3.11.14/x64/lib/pkgconfig
2026-01-19T04:01:52.6336818Z   Python_ROOT_DIR: /opt/hostedtoolcache/Python/3.11.14/x64
2026-01-19T04:01:52.6337338Z   Python2_ROOT_DIR: /opt/hostedtoolcache/Python/3.11.14/x64
2026-01-19T04:01:52.6337735Z   Python3_ROOT_DIR: /opt/hostedtoolcache/Python/3.11.14/x64
2026-01-19T04:01:52.6338109Z   LD_LIBRARY_PATH: /opt/hostedtoolcache/Python/3.11.14/x64/lib
2026-01-19T04:01:52.6338406Z ##[endgroup]
2026-01-19T04:01:52.8516545Z Multiple search paths detected. Calculating the least common ancestor of all paths
2026-01-19T04:01:52.8520823Z The least common ancestor is /home/runner/work/build_qa_automation/build_qa_automation/projects/ci_globalsqa_bank. This will be the root directory of the artifact
2026-01-19T04:01:52.8523938Z With the provided path, there will be 2 files uploaded
2026-01-19T04:01:52.8527948Z Artifact name is valid!
2026-01-19T04:01:52.8528870Z Root directory input is valid!
2026-01-19T04:01:53.1089549Z Beginning upload of artifact content to blob storage
2026-01-19T04:01:53.3990253Z Uploaded bytes 2735
2026-01-19T04:01:53.4731995Z Finished uploading artifact content to blob storage!
2026-01-19T04:01:53.4734838Z SHA256 digest of uploaded artifact zip is e83c78e43106875de50788a6985f8bd5b1c37e374dcc1d4f377f11fb6f88f24d
2026-01-19T04:01:53.4737130Z Finalizing artifact upload
2026-01-19T04:01:53.6073488Z Artifact globalsqa_bank-execution-results.zip successfully finalized. Artifact ID 5172287753
2026-01-19T04:01:53.6089626Z Artifact globalsqa_bank-execution-results has been successfully uploaded! Final size is 2735 bytes. Artifact ID is 5172287753
2026-01-19T04:01:53.6091120Z Artifact download URL: https://github.com/vishvasmca-cmd/build_qa_automation/actions/runs/21124435194/artifacts/5172287753
2026-01-19T04:01:53.6400980Z Post job cleanup.
2026-01-19T04:01:53.7916647Z Cache hit occurred on the primary key setup-python-Linux-x64-24.04-Ubuntu-python-3.11.14-pip-dde08d0e0b672972dcda9f1a063036a2e0c226f5d0a20362e9401931676d80a4, not saving cache.
2026-01-19T04:01:53.8330844Z Post job cleanup.
2026-01-19T04:01:53.9274027Z [command]/usr/bin/git version
2026-01-19T04:01:53.9315792Z git version 2.52.0
2026-01-19T04:01:53.9360941Z Temporarily overriding HOME='/home/runner/work/_temp/4979773f-c4cb-47f5-90e2-615a919b5900' before making global git config changes
2026-01-19T04:01:53.9362327Z Adding repository directory to the temporary git global config as a safe directory
2026-01-19T04:01:53.9375905Z [command]/usr/bin/git config --global --add safe.directory /home/runner/work/build_qa_automation/build_qa_automation
2026-01-19T04:01:53.9413775Z [command]/usr/bin/git config --local --name-only --get-regexp core\.sshCommand
2026-01-19T04:01:53.9449437Z [command]/usr/bin/git submodule foreach --recursive sh -c "git config --local --name-only --get-regexp 'core\.sshCommand' && git config --local --unset-all 'core.sshCommand' || :"
2026-01-19T04:01:53.9707018Z [command]/usr/bin/git config --local --name-only --get-regexp http\.https\:\/\/github\.com\/\.extraheader
2026-01-19T04:01:53.9731819Z http.https://github.com/.extraheader
2026-01-19T04:01:53.9744821Z [command]/usr/bin/git config --local --unset-all http.https://github.com/.extraheader
2026-01-19T04:01:53.9777063Z [command]/usr/bin/git submodule foreach --recursive sh -c "git config --local --name-only --get-regexp 'http\.https\:\/\/github\.com\/\.extraheader' && git config --local --unset-all 'http.https://github.com/.extraheader' || :"
2026-01-19T04:01:54.0023790Z [command]/usr/bin/git config --local --name-only --get-regexp ^includeIf\.gitdir:
2026-01-19T04:01:54.0060064Z [command]/usr/bin/git submodule foreach --recursive git config --local --show-origin --name-only --get-regexp remote.origin.url
2026-01-19T04:01:54.0434626Z Cleaning up orphan processes
