2026-01-19T04:16:44.9326124Z Current runner version: '2.331.0'
2026-01-19T04:16:44.9363799Z ##[group]Runner Image Provisioner
2026-01-19T04:16:44.9365120Z Hosted Compute Agent
2026-01-19T04:16:44.9366285Z Version: 20251211.462
2026-01-19T04:16:44.9367283Z Commit: 6cbad8c2bb55d58165063d031ccabf57e2d2db61
2026-01-19T04:16:44.9368573Z Build Date: 2025-12-11T16:28:49Z
2026-01-19T04:16:44.9369711Z Worker ID: {267a3704-5dab-4d15-99ec-dfb1418ef912}
2026-01-19T04:16:44.9370899Z ##[endgroup]
2026-01-19T04:16:44.9371900Z ##[group]Operating System
2026-01-19T04:16:44.9372894Z Ubuntu
2026-01-19T04:16:44.9373944Z 24.04.3
2026-01-19T04:16:44.9375420Z LTS
2026-01-19T04:16:44.9376219Z ##[endgroup]
2026-01-19T04:16:44.9377151Z ##[group]Runner Image
2026-01-19T04:16:44.9378235Z Image: ubuntu-24.04
2026-01-19T04:16:44.9379031Z Version: 20260111.209.1
2026-01-19T04:16:44.9380865Z Included Software: https://github.com/actions/runner-images/blob/ubuntu24/20260111.209/images/ubuntu/Ubuntu2404-Readme.md
2026-01-19T04:16:44.9383980Z Image Release: https://github.com/actions/runner-images/releases/tag/ubuntu24%2F20260111.209
2026-01-19T04:16:44.9385951Z ##[endgroup]
2026-01-19T04:16:44.9387822Z ##[group]GITHUB_TOKEN Permissions
2026-01-19T04:16:44.9390743Z Contents: read
2026-01-19T04:16:44.9391618Z Metadata: read
2026-01-19T04:16:44.9392631Z Packages: read
2026-01-19T04:16:44.9393836Z ##[endgroup]
2026-01-19T04:16:44.9397247Z Secret source: Actions
2026-01-19T04:16:44.9398752Z Prepare workflow directory
2026-01-19T04:16:45.0878157Z Prepare all required actions
2026-01-19T04:16:45.0916299Z Getting action download info
2026-01-19T04:16:45.3236733Z Download action repository 'actions/checkout@v4' (SHA:34e114876b0b11c390a56381ad16ebd13914f8d5)
2026-01-19T04:16:45.4567899Z Download action repository 'actions/setup-python@v5' (SHA:a26af69be951a213d495a4c3e4e4022e16d87065)
2026-01-19T04:16:45.5379810Z Download action repository 'actions/upload-artifact@v4' (SHA:ea165f8d65b6e75b540449e92b4886f43607fa02)
2026-01-19T04:16:45.8678915Z Complete job name: test-websites-deep (blazedemo_travel, https://blazedemo.com/, Book a flight)
2026-01-19T04:16:46.0885178Z ##[group]Run actions/checkout@v4
2026-01-19T04:16:46.0886066Z with:
2026-01-19T04:16:46.0886554Z   repository: vishvasmca-cmd/build_qa_automation
2026-01-19T04:16:46.0887382Z   token: ***
2026-01-19T04:16:46.0887781Z   ssh-strict: true
2026-01-19T04:16:46.0888191Z   ssh-user: git
2026-01-19T04:16:46.0888611Z   persist-credentials: true
2026-01-19T04:16:46.0889081Z   clean: true
2026-01-19T04:16:46.0889516Z   sparse-checkout-cone-mode: true
2026-01-19T04:16:46.0890033Z   fetch-depth: 1
2026-01-19T04:16:46.0890451Z   fetch-tags: false
2026-01-19T04:16:46.0890891Z   show-progress: true
2026-01-19T04:16:46.0891318Z   lfs: false
2026-01-19T04:16:46.0891711Z   submodules: false
2026-01-19T04:16:46.0892150Z   set-safe-directory: true
2026-01-19T04:16:46.0892845Z ##[endgroup]
2026-01-19T04:16:46.1986969Z Syncing repository: vishvasmca-cmd/build_qa_automation
2026-01-19T04:16:46.1988890Z ##[group]Getting Git version info
2026-01-19T04:16:46.1989923Z Working directory is '/home/runner/work/build_qa_automation/build_qa_automation'
2026-01-19T04:16:46.1991226Z [command]/usr/bin/git version
2026-01-19T04:16:46.2048786Z git version 2.52.0
2026-01-19T04:16:46.2075877Z ##[endgroup]
2026-01-19T04:16:46.2089300Z Temporarily overriding HOME='/home/runner/work/_temp/2702af99-d7a5-4a7b-9056-e3063e7d3f53' before making global git config changes
2026-01-19T04:16:46.2091038Z Adding repository directory to the temporary git global config as a safe directory
2026-01-19T04:16:46.2101811Z [command]/usr/bin/git config --global --add safe.directory /home/runner/work/build_qa_automation/build_qa_automation
2026-01-19T04:16:46.2140375Z Deleting the contents of '/home/runner/work/build_qa_automation/build_qa_automation'
2026-01-19T04:16:46.2143944Z ##[group]Initializing the repository
2026-01-19T04:16:46.2148104Z [command]/usr/bin/git init /home/runner/work/build_qa_automation/build_qa_automation
2026-01-19T04:16:46.2242380Z hint: Using 'master' as the name for the initial branch. This default branch name
2026-01-19T04:16:46.2245241Z hint: will change to "main" in Git 3.0. To configure the initial branch name
2026-01-19T04:16:46.2247864Z hint: to use in all of your new repositories, which will suppress this warning,
2026-01-19T04:16:46.2249931Z hint: call:
2026-01-19T04:16:46.2250593Z hint:
2026-01-19T04:16:46.2251304Z hint: 	git config --global init.defaultBranch <name>
2026-01-19T04:16:46.2252176Z hint:
2026-01-19T04:16:46.2252984Z hint: Names commonly chosen instead of 'master' are 'main', 'trunk' and
2026-01-19T04:16:46.2254828Z hint: 'development'. The just-created branch can be renamed via this command:
2026-01-19T04:16:46.2256070Z hint:
2026-01-19T04:16:46.2256494Z hint: 	git branch -m <name>
2026-01-19T04:16:46.2256990Z hint:
2026-01-19T04:16:46.2257656Z hint: Disable this message with "git config set advice.defaultBranchName false"
2026-01-19T04:16:46.2259152Z Initialized empty Git repository in /home/runner/work/build_qa_automation/build_qa_automation/.git/
2026-01-19T04:16:46.2261627Z [command]/usr/bin/git remote add origin https://github.com/vishvasmca-cmd/build_qa_automation
2026-01-19T04:16:46.2294243Z ##[endgroup]
2026-01-19T04:16:46.2295091Z ##[group]Disabling automatic garbage collection
2026-01-19T04:16:46.2298183Z [command]/usr/bin/git config --local gc.auto 0
2026-01-19T04:16:46.2325658Z ##[endgroup]
2026-01-19T04:16:46.2326530Z ##[group]Setting up auth
2026-01-19T04:16:46.2332098Z [command]/usr/bin/git config --local --name-only --get-regexp core\.sshCommand
2026-01-19T04:16:46.2361450Z [command]/usr/bin/git submodule foreach --recursive sh -c "git config --local --name-only --get-regexp 'core\.sshCommand' && git config --local --unset-all 'core.sshCommand' || :"
2026-01-19T04:16:46.2697143Z [command]/usr/bin/git config --local --name-only --get-regexp http\.https\:\/\/github\.com\/\.extraheader
2026-01-19T04:16:46.2727666Z [command]/usr/bin/git submodule foreach --recursive sh -c "git config --local --name-only --get-regexp 'http\.https\:\/\/github\.com\/\.extraheader' && git config --local --unset-all 'http.https://github.com/.extraheader' || :"
2026-01-19T04:16:46.2951849Z [command]/usr/bin/git config --local --name-only --get-regexp ^includeIf\.gitdir:
2026-01-19T04:16:46.2984342Z [command]/usr/bin/git submodule foreach --recursive git config --local --show-origin --name-only --get-regexp remote.origin.url
2026-01-19T04:16:46.3216686Z [command]/usr/bin/git config --local http.https://github.com/.extraheader AUTHORIZATION: basic ***
2026-01-19T04:16:46.3250481Z ##[endgroup]
2026-01-19T04:16:46.3251442Z ##[group]Fetching the repository
2026-01-19T04:16:46.3259669Z [command]/usr/bin/git -c protocol.version=2 fetch --no-tags --prune --no-recurse-submodules --depth=1 origin +2f305d435d899f67f11ae5adc61ad536fdd999e8:refs/remotes/origin/main
2026-01-19T04:16:47.2543511Z From https://github.com/vishvasmca-cmd/build_qa_automation
2026-01-19T04:16:47.2545948Z  * [new ref]         2f305d435d899f67f11ae5adc61ad536fdd999e8 -> origin/main
2026-01-19T04:16:47.2578863Z ##[endgroup]
2026-01-19T04:16:47.2581216Z ##[group]Determining the checkout info
2026-01-19T04:16:47.2583006Z ##[endgroup]
2026-01-19T04:16:47.2586115Z [command]/usr/bin/git sparse-checkout disable
2026-01-19T04:16:47.2628704Z [command]/usr/bin/git config --local --unset-all extensions.worktreeConfig
2026-01-19T04:16:47.2657601Z ##[group]Checking out the ref
2026-01-19T04:16:47.2661632Z [command]/usr/bin/git checkout --progress --force -B main refs/remotes/origin/main
2026-01-19T04:16:47.4105371Z Switched to a new branch 'main'
2026-01-19T04:16:47.4108780Z branch 'main' set up to track 'origin/main'.
2026-01-19T04:16:47.4128002Z ##[endgroup]
2026-01-19T04:16:47.4173754Z [command]/usr/bin/git log -1 --format=%H
2026-01-19T04:16:47.4199233Z 2f305d435d899f67f11ae5adc61ad536fdd999e8
2026-01-19T04:16:47.5834584Z ##[group]Run actions/setup-python@v5
2026-01-19T04:16:47.5835520Z with:
2026-01-19T04:16:47.5836162Z   python-version: 3.11
2026-01-19T04:16:47.5836887Z   cache: pip
2026-01-19T04:16:47.5837553Z   check-latest: false
2026-01-19T04:16:47.5838784Z   token: ***
2026-01-19T04:16:47.5839469Z   update-environment: true
2026-01-19T04:16:47.5840252Z   allow-prereleases: false
2026-01-19T04:16:47.5841021Z   freethreaded: false
2026-01-19T04:16:47.5841740Z ##[endgroup]
2026-01-19T04:16:47.7597334Z ##[group]Installed versions
2026-01-19T04:16:47.7710183Z Successfully set up CPython (3.11.14)
2026-01-19T04:16:47.7712519Z ##[endgroup]
2026-01-19T04:16:47.8894219Z [command]/opt/hostedtoolcache/Python/3.11.14/x64/bin/pip cache dir
2026-01-19T04:16:48.2091331Z /home/runner/.cache/pip
2026-01-19T04:16:48.3054414Z Cache hit for: setup-python-Linux-x64-24.04-Ubuntu-python-3.11.14-pip-dde08d0e0b672972dcda9f1a063036a2e0c226f5d0a20362e9401931676d80a4
2026-01-19T04:16:49.3492935Z Received 230686720 of 254742636 (90.6%), 219.3 MBs/sec
2026-01-19T04:16:49.4758282Z Received 254742636 of 254742636 (100.0%), 215.0 MBs/sec
2026-01-19T04:16:49.4759342Z Cache Size: ~243 MB (254742636 B)
2026-01-19T04:16:49.4796502Z [command]/usr/bin/tar -xf /home/runner/work/_temp/b60c19a9-4522-401e-8c61-1fd11813d1e8/cache.tzst -P -C /home/runner/work/build_qa_automation/build_qa_automation --use-compress-program unzstd
2026-01-19T04:16:49.8548294Z Cache restored successfully
2026-01-19T04:16:49.9043768Z Cache restored from key: setup-python-Linux-x64-24.04-Ubuntu-python-3.11.14-pip-dde08d0e0b672972dcda9f1a063036a2e0c226f5d0a20362e9401931676d80a4
2026-01-19T04:16:49.9308680Z ##[group]Run pip install -r requirements.txt
2026-01-19T04:16:49.9309120Z [36;1mpip install -r requirements.txt[0m
2026-01-19T04:16:49.9309435Z [36;1mplaywright install chromium[0m
2026-01-19T04:16:49.9349168Z shell: /usr/bin/bash -e {0}
2026-01-19T04:16:49.9349468Z env:
2026-01-19T04:16:49.9349787Z   pythonLocation: /opt/hostedtoolcache/Python/3.11.14/x64
2026-01-19T04:16:49.9350341Z   PKG_CONFIG_PATH: /opt/hostedtoolcache/Python/3.11.14/x64/lib/pkgconfig
2026-01-19T04:16:49.9350899Z   Python_ROOT_DIR: /opt/hostedtoolcache/Python/3.11.14/x64
2026-01-19T04:16:49.9351453Z   Python2_ROOT_DIR: /opt/hostedtoolcache/Python/3.11.14/x64
2026-01-19T04:16:49.9351972Z   Python3_ROOT_DIR: /opt/hostedtoolcache/Python/3.11.14/x64
2026-01-19T04:16:49.9352463Z   LD_LIBRARY_PATH: /opt/hostedtoolcache/Python/3.11.14/x64/lib
2026-01-19T04:16:49.9352846Z ##[endgroup]
2026-01-19T04:16:50.7140586Z Collecting playwright (from -r requirements.txt (line 1))
2026-01-19T04:16:50.7156401Z   Using cached playwright-1.57.0-py3-none-manylinux1_x86_64.whl.metadata (3.5 kB)
2026-01-19T04:16:50.7315392Z Collecting python-dotenv (from -r requirements.txt (line 2))
2026-01-19T04:16:50.7329532Z   Using cached python_dotenv-1.2.1-py3-none-any.whl.metadata (25 kB)
2026-01-19T04:16:50.7582417Z Collecting requests (from -r requirements.txt (line 3))
2026-01-19T04:16:50.7596084Z   Using cached requests-2.32.5-py3-none-any.whl.metadata (4.9 kB)
2026-01-19T04:16:50.9257790Z Collecting pillow (from -r requirements.txt (line 4))
2026-01-19T04:16:50.9283116Z   Using cached pillow-12.1.0-cp311-cp311-manylinux_2_27_x86_64.manylinux_2_28_x86_64.whl.metadata (8.8 kB)
2026-01-19T04:16:50.9556241Z Collecting google-genai>=0.3.0 (from -r requirements.txt (line 5))
2026-01-19T04:16:50.9569092Z   Using cached google_genai-1.59.0-py3-none-any.whl.metadata (53 kB)
2026-01-19T04:16:50.9702964Z Collecting termcolor (from -r requirements.txt (line 6))
2026-01-19T04:16:50.9716396Z   Using cached termcolor-3.3.0-py3-none-any.whl.metadata (6.5 kB)
2026-01-19T04:16:51.0067811Z Collecting PyYAML (from -r requirements.txt (line 7))
2026-01-19T04:16:51.0081322Z   Using cached pyyaml-6.0.3-cp311-cp311-manylinux2014_x86_64.manylinux_2_17_x86_64.manylinux_2_28_x86_64.whl.metadata (2.4 kB)
2026-01-19T04:16:51.0615680Z Collecting opencv-python-headless (from -r requirements.txt (line 8))
2026-01-19T04:16:51.0629214Z   Using cached opencv_python_headless-4.13.0.90-cp37-abi3-manylinux_2_28_x86_64.whl.metadata (19 kB)
2026-01-19T04:16:51.2580990Z Collecting numpy (from -r requirements.txt (line 9))
2026-01-19T04:16:51.2596082Z   Using cached numpy-2.4.1-cp311-cp311-manylinux_2_27_x86_64.manylinux_2_28_x86_64.whl.metadata (6.6 kB)
2026-01-19T04:16:51.3340643Z Collecting faker (from -r requirements.txt (line 10))
2026-01-19T04:16:51.3354519Z   Using cached faker-40.1.2-py3-none-any.whl.metadata (16 kB)
2026-01-19T04:16:51.3502359Z Collecting pyee<14,>=13 (from playwright->-r requirements.txt (line 1))
2026-01-19T04:16:51.3522666Z   Using cached pyee-13.0.0-py3-none-any.whl.metadata (2.9 kB)
2026-01-19T04:16:51.4774690Z Collecting greenlet<4.0.0,>=3.1.1 (from playwright->-r requirements.txt (line 1))
2026-01-19T04:16:51.4798255Z   Using cached greenlet-3.3.0-cp311-cp311-manylinux_2_24_x86_64.manylinux_2_28_x86_64.whl.metadata (4.1 kB)
2026-01-19T04:16:51.5010566Z Collecting typing-extensions (from pyee<14,>=13->playwright->-r requirements.txt (line 1))
2026-01-19T04:16:51.5023526Z   Using cached typing_extensions-4.15.0-py3-none-any.whl.metadata (3.3 kB)
2026-01-19T04:16:51.5793593Z Collecting charset_normalizer<4,>=2 (from requests->-r requirements.txt (line 3))
2026-01-19T04:16:51.5808185Z   Using cached charset_normalizer-3.4.4-cp311-cp311-manylinux2014_x86_64.manylinux_2_17_x86_64.manylinux_2_28_x86_64.whl.metadata (37 kB)
2026-01-19T04:16:51.5953064Z Collecting idna<4,>=2.5 (from requests->-r requirements.txt (line 3))
2026-01-19T04:16:51.5966564Z   Using cached idna-3.11-py3-none-any.whl.metadata (8.4 kB)
2026-01-19T04:16:51.6221805Z Collecting urllib3<3,>=1.21.1 (from requests->-r requirements.txt (line 3))
2026-01-19T04:16:51.6235044Z   Using cached urllib3-2.6.3-py3-none-any.whl.metadata (6.9 kB)
2026-01-19T04:16:51.6428805Z Collecting certifi>=2017.4.17 (from requests->-r requirements.txt (line 3))
2026-01-19T04:16:51.6442222Z   Using cached certifi-2026.1.4-py3-none-any.whl.metadata (2.5 kB)
2026-01-19T04:16:51.6621542Z Collecting anyio<5.0.0,>=4.8.0 (from google-genai>=0.3.0->-r requirements.txt (line 5))
2026-01-19T04:16:51.6635095Z   Using cached anyio-4.12.1-py3-none-any.whl.metadata (4.3 kB)
2026-01-19T04:16:51.6946029Z Collecting google-auth<3.0.0,>=2.47.0 (from google-auth[requests]<3.0.0,>=2.47.0->google-genai>=0.3.0->-r requirements.txt (line 5))
2026-01-19T04:16:51.6959050Z   Using cached google_auth-2.47.0-py3-none-any.whl.metadata (6.4 kB)
2026-01-19T04:16:51.7186193Z Collecting httpx<1.0.0,>=0.28.1 (from google-genai>=0.3.0->-r requirements.txt (line 5))
2026-01-19T04:16:51.7199434Z   Using cached httpx-0.28.1-py3-none-any.whl.metadata (7.1 kB)
2026-01-19T04:16:51.8554249Z Collecting pydantic<3.0.0,>=2.9.0 (from google-genai>=0.3.0->-r requirements.txt (line 5))
2026-01-19T04:16:51.8569009Z   Using cached pydantic-2.12.5-py3-none-any.whl.metadata (90 kB)
2026-01-19T04:16:51.8796726Z Collecting tenacity<9.2.0,>=8.2.3 (from google-genai>=0.3.0->-r requirements.txt (line 5))
2026-01-19T04:16:51.8810081Z   Using cached tenacity-9.1.2-py3-none-any.whl.metadata (1.2 kB)
2026-01-19T04:16:51.9616229Z Collecting websockets<15.1.0,>=13.0.0 (from google-genai>=0.3.0->-r requirements.txt (line 5))
2026-01-19T04:16:51.9630687Z   Using cached websockets-15.0.1-cp311-cp311-manylinux_2_5_x86_64.manylinux1_x86_64.manylinux_2_17_x86_64.manylinux2014_x86_64.whl.metadata (6.8 kB)
2026-01-19T04:16:51.9766687Z Collecting distro<2,>=1.7.0 (from google-genai>=0.3.0->-r requirements.txt (line 5))
2026-01-19T04:16:51.9779719Z   Using cached distro-1.9.0-py3-none-any.whl.metadata (6.8 kB)
2026-01-19T04:16:51.9855838Z Collecting sniffio (from google-genai>=0.3.0->-r requirements.txt (line 5))
2026-01-19T04:16:51.9869112Z   Using cached sniffio-1.3.1-py3-none-any.whl.metadata (3.9 kB)
2026-01-19T04:16:52.0132463Z Collecting pyasn1-modules>=0.2.1 (from google-auth<3.0.0,>=2.47.0->google-auth[requests]<3.0.0,>=2.47.0->google-genai>=0.3.0->-r requirements.txt (line 5))
2026-01-19T04:16:52.0145919Z   Using cached pyasn1_modules-0.4.2-py3-none-any.whl.metadata (3.5 kB)
2026-01-19T04:16:52.0292346Z Collecting rsa<5,>=3.1.4 (from google-auth<3.0.0,>=2.47.0->google-auth[requests]<3.0.0,>=2.47.0->google-genai>=0.3.0->-r requirements.txt (line 5))
2026-01-19T04:16:52.0305719Z   Using cached rsa-4.9.1-py3-none-any.whl.metadata (5.6 kB)
2026-01-19T04:16:52.0560793Z Collecting httpcore==1.* (from httpx<1.0.0,>=0.28.1->google-genai>=0.3.0->-r requirements.txt (line 5))
2026-01-19T04:16:52.0574038Z   Using cached httpcore-1.0.9-py3-none-any.whl.metadata (21 kB)
2026-01-19T04:16:52.0764280Z Collecting h11>=0.16 (from httpcore==1.*->httpx<1.0.0,>=0.28.1->google-genai>=0.3.0->-r requirements.txt (line 5))
2026-01-19T04:16:52.0776462Z   Using cached h11-0.16.0-py3-none-any.whl.metadata (8.3 kB)
2026-01-19T04:16:52.0866541Z Collecting annotated-types>=0.6.0 (from pydantic<3.0.0,>=2.9.0->google-genai>=0.3.0->-r requirements.txt (line 5))
2026-01-19T04:16:52.0879286Z   Using cached annotated_types-0.7.0-py3-none-any.whl.metadata (15 kB)
2026-01-19T04:16:52.7544763Z Collecting pydantic-core==2.41.5 (from pydantic<3.0.0,>=2.9.0->google-genai>=0.3.0->-r requirements.txt (line 5))
2026-01-19T04:16:52.7562303Z   Using cached pydantic_core-2.41.5-cp311-cp311-manylinux_2_17_x86_64.manylinux2014_x86_64.whl.metadata (7.3 kB)
2026-01-19T04:16:52.9498926Z Collecting typing-inspection>=0.4.2 (from pydantic<3.0.0,>=2.9.0->google-genai>=0.3.0->-r requirements.txt (line 5))
2026-01-19T04:16:52.9513956Z   Using cached typing_inspection-0.4.2-py3-none-any.whl.metadata (2.6 kB)
2026-01-19T04:16:53.0245299Z Collecting pyasn1>=0.1.3 (from rsa<5,>=3.1.4->google-auth<3.0.0,>=2.47.0->google-auth[requests]<3.0.0,>=2.47.0->google-genai>=0.3.0->-r requirements.txt (line 5))
2026-01-19T04:16:53.0264359Z   Using cached pyasn1-0.6.2-py3-none-any.whl.metadata (8.4 kB)
2026-01-19T04:16:53.0539517Z Using cached playwright-1.57.0-py3-none-manylinux1_x86_64.whl (46.0 MB)
2026-01-19T04:16:53.0881376Z Using cached greenlet-3.3.0-cp311-cp311-manylinux_2_24_x86_64.manylinux_2_28_x86_64.whl (590 kB)
2026-01-19T04:16:53.0898530Z Using cached pyee-13.0.0-py3-none-any.whl (15 kB)
2026-01-19T04:16:53.0911921Z Using cached python_dotenv-1.2.1-py3-none-any.whl (21 kB)
2026-01-19T04:16:53.0924995Z Using cached requests-2.32.5-py3-none-any.whl (64 kB)
2026-01-19T04:16:53.0939079Z Using cached charset_normalizer-3.4.4-cp311-cp311-manylinux2014_x86_64.manylinux_2_17_x86_64.manylinux_2_28_x86_64.whl (151 kB)
2026-01-19T04:16:53.0951857Z Using cached idna-3.11-py3-none-any.whl (71 kB)
2026-01-19T04:16:53.0965049Z Using cached urllib3-2.6.3-py3-none-any.whl (131 kB)
2026-01-19T04:16:53.0979098Z Using cached pillow-12.1.0-cp311-cp311-manylinux_2_27_x86_64.manylinux_2_28_x86_64.whl (7.0 MB)
2026-01-19T04:16:53.1040881Z Using cached google_genai-1.59.0-py3-none-any.whl (719 kB)
2026-01-19T04:16:53.1058275Z Using cached anyio-4.12.1-py3-none-any.whl (113 kB)
2026-01-19T04:16:53.1071603Z Using cached distro-1.9.0-py3-none-any.whl (20 kB)
2026-01-19T04:16:53.1084382Z Using cached google_auth-2.47.0-py3-none-any.whl (234 kB)
2026-01-19T04:16:53.1098097Z Using cached httpx-0.28.1-py3-none-any.whl (73 kB)
2026-01-19T04:16:53.1110860Z Using cached httpcore-1.0.9-py3-none-any.whl (78 kB)
2026-01-19T04:16:53.1123857Z Using cached pydantic-2.12.5-py3-none-any.whl (463 kB)
2026-01-19T04:16:53.1140156Z Using cached pydantic_core-2.41.5-cp311-cp311-manylinux_2_17_x86_64.manylinux2014_x86_64.whl (2.1 MB)
2026-01-19T04:16:53.1166656Z Using cached rsa-4.9.1-py3-none-any.whl (34 kB)
2026-01-19T04:16:53.1179563Z Using cached tenacity-9.1.2-py3-none-any.whl (28 kB)
2026-01-19T04:16:53.1192180Z Using cached typing_extensions-4.15.0-py3-none-any.whl (44 kB)
2026-01-19T04:16:53.1206101Z Using cached websockets-15.0.1-cp311-cp311-manylinux_2_5_x86_64.manylinux1_x86_64.manylinux_2_17_x86_64.manylinux2014_x86_64.whl (182 kB)
2026-01-19T04:16:53.1218800Z Using cached termcolor-3.3.0-py3-none-any.whl (7.7 kB)
2026-01-19T04:16:53.1232034Z Using cached pyyaml-6.0.3-cp311-cp311-manylinux2014_x86_64.manylinux_2_17_x86_64.manylinux_2_28_x86_64.whl (806 kB)
2026-01-19T04:16:53.1250150Z Using cached opencv_python_headless-4.13.0.90-cp37-abi3-manylinux_2_28_x86_64.whl (62.5 MB)
2026-01-19T04:16:53.1706488Z Using cached numpy-2.4.1-cp311-cp311-manylinux_2_27_x86_64.manylinux_2_28_x86_64.whl (16.7 MB)
2026-01-19T04:16:53.1836721Z Using cached faker-40.1.2-py3-none-any.whl (2.0 MB)
2026-01-19T04:16:53.1863594Z Using cached annotated_types-0.7.0-py3-none-any.whl (13 kB)
2026-01-19T04:16:53.1876255Z Using cached certifi-2026.1.4-py3-none-any.whl (152 kB)
2026-01-19T04:16:53.1889924Z Using cached h11-0.16.0-py3-none-any.whl (37 kB)
2026-01-19T04:16:53.1902935Z Using cached pyasn1-0.6.2-py3-none-any.whl (83 kB)
2026-01-19T04:16:53.1916322Z Using cached pyasn1_modules-0.4.2-py3-none-any.whl (181 kB)
2026-01-19T04:16:53.1930094Z Using cached typing_inspection-0.4.2-py3-none-any.whl (14 kB)
2026-01-19T04:16:53.1945925Z Using cached sniffio-1.3.1-py3-none-any.whl (10 kB)
2026-01-19T04:16:53.3986372Z Installing collected packages: websockets, urllib3, typing-extensions, termcolor, tenacity, sniffio, PyYAML, python-dotenv, pyasn1, pillow, numpy, idna, h11, greenlet, faker, distro, charset_normalizer, certifi, annotated-types, typing-inspection, rsa, requests, pyee, pydantic-core, pyasn1-modules, opencv-python-headless, httpcore, anyio, pydantic, playwright, httpx, google-auth, google-genai
2026-01-19T04:17:00.2420242Z 
2026-01-19T04:17:00.2447861Z Successfully installed PyYAML-6.0.3 annotated-types-0.7.0 anyio-4.12.1 certifi-2026.1.4 charset_normalizer-3.4.4 distro-1.9.0 faker-40.1.2 google-auth-2.47.0 google-genai-1.59.0 greenlet-3.3.0 h11-0.16.0 httpcore-1.0.9 httpx-0.28.1 idna-3.11 numpy-2.4.1 opencv-python-headless-4.13.0.90 pillow-12.1.0 playwright-1.57.0 pyasn1-0.6.2 pyasn1-modules-0.4.2 pydantic-2.12.5 pydantic-core-2.41.5 pyee-13.0.0 python-dotenv-1.2.1 requests-2.32.5 rsa-4.9.1 sniffio-1.3.1 tenacity-9.1.2 termcolor-3.3.0 typing-extensions-4.15.0 typing-inspection-0.4.2 urllib3-2.6.3 websockets-15.0.1
2026-01-19T04:17:00.8965176Z Downloading Chromium 143.0.7499.4 (playwright build v1200) from https://cdn.playwright.dev/dbazure/download/playwright/builds/chromium/1200/chromium-linux.zip
2026-01-19T04:17:00.9956680Z (node:2184) [DEP0169] DeprecationWarning: `url.parse()` behavior is not standardized and prone to errors that have security implications. Use the WHATWG URL API instead. CVEs are not issued for `url.parse()` vulnerabilities.
2026-01-19T04:17:00.9959318Z (Use `node --trace-deprecation ...` to show where the warning was created)
2026-01-19T04:17:01.0603009Z |                                                                                |   0% of 164.7 MiB
2026-01-19T04:17:01.1910568Z |■■■■■■■■                                                                        |  10% of 164.7 MiB
2026-01-19T04:17:01.2775348Z |■■■■■■■■■■■■■■■■                                                                |  20% of 164.7 MiB
2026-01-19T04:17:01.3564346Z |■■■■■■■■■■■■■■■■■■■■■■■■                                                        |  30% of 164.7 MiB
2026-01-19T04:17:01.4165948Z |■■■■■■■■■■■■■■■■■■■■■■■■■■■■■■■■                                                |  40% of 164.7 MiB
2026-01-19T04:17:01.4829978Z |■■■■■■■■■■■■■■■■■■■■■■■■■■■■■■■■■■■■■■■■                                        |  50% of 164.7 MiB
2026-01-19T04:17:01.5464888Z |■■■■■■■■■■■■■■■■■■■■■■■■■■■■■■■■■■■■■■■■■■■■■■■■                                |  60% of 164.7 MiB
2026-01-19T04:17:01.6046672Z |■■■■■■■■■■■■■■■■■■■■■■■■■■■■■■■■■■■■■■■■■■■■■■■■■■■■■■■■                        |  70% of 164.7 MiB
2026-01-19T04:17:01.6695464Z |■■■■■■■■■■■■■■■■■■■■■■■■■■■■■■■■■■■■■■■■■■■■■■■■■■■■■■■■■■■■■■■■                |  80% of 164.7 MiB
2026-01-19T04:17:01.7396903Z |■■■■■■■■■■■■■■■■■■■■■■■■■■■■■■■■■■■■■■■■■■■■■■■■■■■■■■■■■■■■■■■■■■■■■■■■        |  90% of 164.7 MiB
2026-01-19T04:17:01.7992016Z |■■■■■■■■■■■■■■■■■■■■■■■■■■■■■■■■■■■■■■■■■■■■■■■■■■■■■■■■■■■■■■■■■■■■■■■■■■■■■■■■| 100% of 164.7 MiB
2026-01-19T04:17:04.3050036Z Chromium 143.0.7499.4 (playwright build v1200) downloaded to /home/runner/.cache/ms-playwright/chromium-1200
2026-01-19T04:17:04.3056092Z Downloading FFMPEG playwright build v1011 from https://cdn.playwright.dev/dbazure/download/playwright/builds/ffmpeg/1011/ffmpeg-linux.zip
2026-01-19T04:17:04.4063035Z (node:2198) [DEP0169] DeprecationWarning: `url.parse()` behavior is not standardized and prone to errors that have security implications. Use the WHATWG URL API instead. CVEs are not issued for `url.parse()` vulnerabilities.
2026-01-19T04:17:04.4065783Z (Use `node --trace-deprecation ...` to show where the warning was created)
2026-01-19T04:17:04.4967524Z |                                                                                |   0% of 2.3 MiB
2026-01-19T04:17:04.5118490Z |■■■■■■■■                                                                        |  10% of 2.3 MiB
2026-01-19T04:17:04.5184755Z |■■■■■■■■■■■■■■■■                                                                |  20% of 2.3 MiB
2026-01-19T04:17:04.5227618Z |■■■■■■■■■■■■■■■■■■■■■■■■                                                        |  30% of 2.3 MiB
2026-01-19T04:17:04.5263926Z |■■■■■■■■■■■■■■■■■■■■■■■■■■■■■■■■                                                |  40% of 2.3 MiB
2026-01-19T04:17:04.5286952Z |■■■■■■■■■■■■■■■■■■■■■■■■■■■■■■■■■■■■■■■■                                        |  50% of 2.3 MiB
2026-01-19T04:17:04.5311570Z |■■■■■■■■■■■■■■■■■■■■■■■■■■■■■■■■■■■■■■■■■■■■■■■■                                |  60% of 2.3 MiB
2026-01-19T04:17:04.5323944Z |■■■■■■■■■■■■■■■■■■■■■■■■■■■■■■■■■■■■■■■■■■■■■■■■■■■■■■■■                        |  70% of 2.3 MiB
2026-01-19T04:17:04.5373902Z |■■■■■■■■■■■■■■■■■■■■■■■■■■■■■■■■■■■■■■■■■■■■■■■■■■■■■■■■■■■■■■■■                |  80% of 2.3 MiB
2026-01-19T04:17:04.5391356Z |■■■■■■■■■■■■■■■■■■■■■■■■■■■■■■■■■■■■■■■■■■■■■■■■■■■■■■■■■■■■■■■■■■■■■■■■        |  90% of 2.3 MiB
2026-01-19T04:17:04.5401910Z |■■■■■■■■■■■■■■■■■■■■■■■■■■■■■■■■■■■■■■■■■■■■■■■■■■■■■■■■■■■■■■■■■■■■■■■■■■■■■■■■| 100% of 2.3 MiB
2026-01-19T04:17:04.6026438Z FFMPEG playwright build v1011 downloaded to /home/runner/.cache/ms-playwright/ffmpeg-1011
2026-01-19T04:17:04.6031102Z Downloading Chromium Headless Shell 143.0.7499.4 (playwright build v1200) from https://cdn.playwright.dev/dbazure/download/playwright/builds/chromium/1200/chromium-headless-shell-linux.zip
2026-01-19T04:17:04.7020607Z (node:2209) [DEP0169] DeprecationWarning: `url.parse()` behavior is not standardized and prone to errors that have security implications. Use the WHATWG URL API instead. CVEs are not issued for `url.parse()` vulnerabilities.
2026-01-19T04:17:04.7022634Z (Use `node --trace-deprecation ...` to show where the warning was created)
2026-01-19T04:17:04.8828256Z |                                                                                |   0% of 109.7 MiB
2026-01-19T04:17:04.9798879Z |■■■■■■■■                                                                        |  10% of 109.7 MiB
2026-01-19T04:17:05.0425711Z |■■■■■■■■■■■■■■■■                                                                |  20% of 109.7 MiB
2026-01-19T04:17:05.0931155Z |■■■■■■■■■■■■■■■■■■■■■■■■                                                        |  30% of 109.7 MiB
2026-01-19T04:17:05.1541781Z |■■■■■■■■■■■■■■■■■■■■■■■■■■■■■■■■                                                |  40% of 109.7 MiB
2026-01-19T04:17:05.2164666Z |■■■■■■■■■■■■■■■■■■■■■■■■■■■■■■■■■■■■■■■■                                        |  50% of 109.7 MiB
2026-01-19T04:17:05.2561949Z |■■■■■■■■■■■■■■■■■■■■■■■■■■■■■■■■■■■■■■■■■■■■■■■■                                |  60% of 109.7 MiB
2026-01-19T04:17:05.3148006Z |■■■■■■■■■■■■■■■■■■■■■■■■■■■■■■■■■■■■■■■■■■■■■■■■■■■■■■■■                        |  70% of 109.7 MiB
2026-01-19T04:17:05.3606009Z |■■■■■■■■■■■■■■■■■■■■■■■■■■■■■■■■■■■■■■■■■■■■■■■■■■■■■■■■■■■■■■■■                |  80% of 109.7 MiB
2026-01-19T04:17:05.4119486Z |■■■■■■■■■■■■■■■■■■■■■■■■■■■■■■■■■■■■■■■■■■■■■■■■■■■■■■■■■■■■■■■■■■■■■■■■        |  90% of 109.7 MiB
2026-01-19T04:17:05.4566592Z |■■■■■■■■■■■■■■■■■■■■■■■■■■■■■■■■■■■■■■■■■■■■■■■■■■■■■■■■■■■■■■■■■■■■■■■■■■■■■■■■| 100% of 109.7 MiB
2026-01-19T04:17:07.2886457Z Chromium Headless Shell 143.0.7499.4 (playwright build v1200) downloaded to /home/runner/.cache/ms-playwright/chromium_headless_shell-1200
2026-01-19T04:17:07.3291021Z ##[group]Run mkdir -p projects/ci_blazedemo_travel
2026-01-19T04:17:07.3291460Z [36;1mmkdir -p projects/ci_blazedemo_travel[0m
2026-01-19T04:17:07.3291880Z [36;1mcat > projects/ci_blazedemo_travel/config.json << 'EOF'[0m
2026-01-19T04:17:07.3292218Z [36;1m{[0m
2026-01-19T04:17:07.3292432Z [36;1m  "project_name": "ci_blazedemo_travel",[0m
2026-01-19T04:17:07.3292782Z [36;1m  "target_url": "https://blazedemo.com/",[0m
2026-01-19T04:17:07.3293111Z [36;1m  "goal": "Book a flight",[0m
2026-01-19T04:17:07.3293681Z [36;1m  "headless": true[0m
2026-01-19T04:17:07.3293906Z [36;1m}[0m
2026-01-19T04:17:07.3294075Z [36;1mEOF[0m
2026-01-19T04:17:07.3327167Z shell: /usr/bin/bash -e {0}
2026-01-19T04:17:07.3327440Z env:
2026-01-19T04:17:07.3327744Z   pythonLocation: /opt/hostedtoolcache/Python/3.11.14/x64
2026-01-19T04:17:07.3328273Z   PKG_CONFIG_PATH: /opt/hostedtoolcache/Python/3.11.14/x64/lib/pkgconfig
2026-01-19T04:17:07.3328845Z   Python_ROOT_DIR: /opt/hostedtoolcache/Python/3.11.14/x64
2026-01-19T04:17:07.3329289Z   Python2_ROOT_DIR: /opt/hostedtoolcache/Python/3.11.14/x64
2026-01-19T04:17:07.3329732Z   Python3_ROOT_DIR: /opt/hostedtoolcache/Python/3.11.14/x64
2026-01-19T04:17:07.3330193Z   LD_LIBRARY_PATH: /opt/hostedtoolcache/Python/3.11.14/x64/lib
2026-01-19T04:17:07.3330596Z ##[endgroup]
2026-01-19T04:17:07.3511750Z ##[group]Run # Use --deep for comprehensive regression suite
2026-01-19T04:17:07.3512218Z [36;1m# Use --deep for comprehensive regression suite[0m
2026-01-19T04:17:07.3512702Z [36;1mpython orchestrator.py --project projects/ci_blazedemo_travel --deep --force[0m
2026-01-19T04:17:07.3541514Z shell: /usr/bin/bash -e {0}
2026-01-19T04:17:07.3541764Z env:
2026-01-19T04:17:07.3542030Z   pythonLocation: /opt/hostedtoolcache/Python/3.11.14/x64
2026-01-19T04:17:07.3542517Z   PKG_CONFIG_PATH: /opt/hostedtoolcache/Python/3.11.14/x64/lib/pkgconfig
2026-01-19T04:17:07.3542999Z   Python_ROOT_DIR: /opt/hostedtoolcache/Python/3.11.14/x64
2026-01-19T04:17:07.3543658Z   Python2_ROOT_DIR: /opt/hostedtoolcache/Python/3.11.14/x64
2026-01-19T04:17:07.3544075Z   Python3_ROOT_DIR: /opt/hostedtoolcache/Python/3.11.14/x64
2026-01-19T04:17:07.3544681Z   LD_LIBRARY_PATH: /opt/hostedtoolcache/Python/3.11.14/x64/lib
2026-01-19T04:17:07.3545488Z   GOOGLE_API_KEY: ***
2026-01-19T04:17:07.3545764Z   PYTHONPATH: .
2026-01-19T04:17:07.3545963Z ##[endgroup]
2026-01-19T04:17:09.0395482Z 🚀 [DEEP] Extensive mapping enabled (Depth: 3, Pages: 50)
2026-01-19T04:17:09.0396045Z 
2026-01-19T04:17:09.0396670Z 🗺️ [DISCOVERY] Starting Parallel Semantic Crawl on https://blazedemo.com/ (Workers: 3)
2026-01-19T04:17:11.3284143Z   🔍 [Worker 0] Visiting (0): https://blazedemo.com/
2026-01-19T04:17:12.2319959Z [DEBUG] Sending request to gemini-2.0-flash. Number of parts: 1
2026-01-19T04:17:12.2320799Z [DEBUG] Received response (Length: 182)
2026-01-19T04:17:12.2321922Z   🔍 [Worker 1] Visiting (1): https://blazedemo.com/index.php
2026-01-19T04:17:12.2329862Z   🔍 [Worker 2] Visiting (1): https://blazedemo.com/vacation.html
2026-01-19T04:17:12.2354050Z   🔍 [Worker 0] Visiting (1): https://blazedemo.com/home
2026-01-19T04:17:17.4487585Z [CACHE HIT] fd8b1a4c... (hits: 1, misses: 2)
2026-01-19T04:17:17.4488745Z [DEBUG] Sending request to gemini-2.0-flash. Number of parts: 1
2026-01-19T04:17:17.4489831Z [DEBUG] Sending request to gemini-2.0-flash. Number of parts: 1
2026-01-19T04:17:17.4490706Z [DEBUG] Received response (Length: 154)
2026-01-19T04:17:17.4491330Z [DEBUG] Received response (Length: 213)
2026-01-19T04:17:17.4492395Z   🔍 [Worker 1] Visiting (2): https://blazedemo.com
2026-01-19T04:17:17.4501311Z   🔍 [Worker 2] Visiting (2): https://blazedemo.com/login
2026-01-19T04:17:17.4512264Z   🔍 [Worker 0] Visiting (2): https://blazedemo.com/password/reset
2026-01-19T04:17:17.7540960Z [CACHE HIT] 6403e8b6... (hits: 2, misses: 4)
2026-01-19T04:17:17.7542509Z   🔍 [Worker 2] Visiting (2): https://blazedemo.com/register
2026-01-19T04:17:22.2509398Z [CACHE HIT] fd8b1a4c... (hits: 3, misses: 4)
2026-01-19T04:17:22.2512514Z [DEBUG] Sending request to gemini-2.0-flash. Number of parts: 1
2026-01-19T04:17:22.2513780Z [DEBUG] Sending request to gemini-2.0-flash. Number of parts: 1
2026-01-19T04:17:22.2514560Z [DEBUG] Received response (Length: 126)
2026-01-19T04:17:22.2515103Z [DEBUG] Received response (Length: 87)
2026-01-19T04:17:22.2515902Z ✅ Discovery Complete. Mapped 8 pages.
2026-01-19T04:17:32.9007487Z 
2026-01-19T04:17:32.9008254Z [PLAN] PLANNER: Planning goal -> 'Book a flight' (Deep Mode: True)
2026-01-19T04:17:32.9009518Z 🗺️ [PLAN] Loaded Sitemap with 8 pages.
2026-01-19T04:17:32.9011839Z 🎭 [EXPERT] Detected Domain: GENERAL. Persona: Act as Senior SDET focusing on exploring the application to understand functional flow and identifying critical paths for end-to-end automation
2026-01-19T04:17:32.9014209Z [DEBUG] Sending request to gemini-2.0-flash. Number of parts: 1
2026-01-19T04:17:32.9014857Z [DEBUG] Received response (Length: 4817)
2026-01-19T04:17:32.9015531Z ✅ Planner generated 3 scenarios. Workflow updated.
2026-01-19T04:17:33.9876423Z 
2026-01-19T04:17:33.9877397Z 🕵️ [DEEP EXPLORER] Starting Multi-Scenario Exploration
2026-01-19T04:17:33.9878406Z 📋 Found 3 scenarios to explore.
2026-01-19T04:17:34.3666757Z 
2026-01-19T04:17:34.3667647Z [1/3] Exploring Scenario: Book a flight
2026-01-19T04:17:34.3669246Z     🧠 Initialized exploration context for goal: 'Book a flight'
2026-01-19T04:17:34.3670046Z   ▶️ [STEP step_1] NAVIGATE: 
2026-01-19T04:17:35.3552358Z     ✅ Navigated to https://blazedemo.com/
2026-01-19T04:17:35.3553675Z   ▶️ [STEP step_2] ASSERT_URL: 
2026-01-19T04:17:40.3895795Z     ⚠️ Scroll into view failed for text=None. Proceeding anyway.
2026-01-19T04:17:42.3919824Z     ✅ State transitioned.
2026-01-19T04:17:43.8072922Z [DEBUG] Sending request to gemini-2.0-flash. Number of parts: 2
2026-01-19T04:17:43.8073968Z [DEBUG] Received response (Length: 216)
2026-01-19T04:17:43.8074930Z     🤖 AI Next Step Suggestion: click -> Find Flights
2026-01-19T04:17:43.8075934Z     💭 Reasoning: The departure and destination cities are selected. Clicking 'Find Flights' will display the available flights.
2026-01-19T04:17:43.8076830Z     ➕ Injected AI step: click -> Find Flights
2026-01-19T04:17:43.8077616Z   ▶️ [STEP step_2_ai_1] CLICK: Find Flights
2026-01-19T04:17:43.8148448Z     🔍 Mining locators for: 'Find Flights'
2026-01-19T04:17:43.8593680Z     🧠 Consulting AI (Vision-First) to find 'Find Flights'...
2026-01-19T04:17:43.8613052Z     🔍 Trying smart selectors for 'Find Flights'...
2026-01-19T04:17:43.9622103Z     ✅ Smart selector found 'Find Flights' via proximity (confidence: 0.8)
2026-01-19T04:17:43.9678301Z     ✅ Found 1 verified locators
2026-01-19T04:17:47.5356765Z     ✅ State transitioned.
2026-01-19T04:17:49.3365294Z [DEBUG] Sending request to gemini-2.0-flash. Number of parts: 2
2026-01-19T04:17:49.3366390Z [DEBUG] Received response (Length: 242)
2026-01-19T04:17:49.3367837Z     🤖 AI Next Step Suggestion: click -> Choose This Flight
2026-01-19T04:17:49.3370450Z     💭 Reasoning: The page displays a list of flights. To book a flight, I need to choose one. Clicking 'Choose This Flight' will select the flight.
2026-01-19T04:17:49.3372751Z     ➕ Injected AI step: click -> Choose This Flight
2026-01-19T04:17:49.3374268Z   ▶️ [STEP step_2_ai_2] CLICK: Choose This Flight
2026-01-19T04:17:49.3551076Z     🔍 Mining locators for: 'Choose This Flight'
2026-01-19T04:17:49.3928800Z     🧠 Consulting AI (Vision-First) to find 'Choose This Flight'...
2026-01-19T04:17:49.3929409Z     🔍 Trying smart selectors for 'Choose This Flight'...
2026-01-19T04:17:49.4564191Z     ⚠️ Smart selectors failed (no unique match). Falling back to AI Vision...
2026-01-19T04:17:49.4566714Z     🧠 [EXPERT] Strategy: Act as Senior SDET focusing on exploring the application to understand functional flow and identifying critical paths for end-to-end automation.
2026-01-19T04:17:54.5655131Z [DEBUG] Sending request to gemini-2.0-flash. Number of parts: 2
2026-01-19T04:17:54.5656026Z [DEBUG] Received response (Length: 536)
2026-01-19T04:17:54.5657043Z     ⚠️ Critical step failure: 'priority'
2026-01-19T04:17:54.5657778Z   ▶️ [STEP step_3] SELECT: fromPort
2026-01-19T04:17:54.5707986Z     🔍 Mining locators for: 'fromPort'
2026-01-19T04:17:54.6084877Z     🧠 Consulting AI (Vision-First) to find 'fromPort'...
2026-01-19T04:17:54.6086096Z     🔍 Trying smart selectors for 'fromPort'...
2026-01-19T04:17:54.6490492Z     ⚠️ Smart selectors failed (no unique match). Falling back to AI Vision...
2026-01-19T04:17:54.6493583Z     🧠 [EXPERT] Strategy: Act as Senior SDET focusing on exploring the application to understand functional flow and identifying critical paths for end-to-end automation.
2026-01-19T04:17:58.9962115Z [DEBUG] Sending request to gemini-2.0-flash. Number of parts: 2
2026-01-19T04:17:58.9963109Z [DEBUG] Received response (Length: 216)
2026-01-19T04:17:58.9965284Z     💡 Expert Suggestion: The 'fromPort' is likely on the home page where the user can search for flights.
2026-01-19T04:17:58.9966555Z     🛠️ Executing corrective action: click -> 'home'
2026-01-19T04:17:59.8984998Z     ✅ Executed corrective navigation
2026-01-19T04:18:01.9012793Z     🔄 Retry 1/3 mining locators for 'fromPort'...
2026-01-19T04:18:02.9411879Z     🧠 Consulting AI (Vision-First) to find 'fromPort'...
2026-01-19T04:18:02.9412407Z     🔍 Trying smart selectors for 'fromPort'...
2026-01-19T04:18:02.9928762Z     ⚠️ Smart selectors failed (no unique match). Falling back to AI Vision...
2026-01-19T04:18:02.9931321Z     🧠 [EXPERT] Strategy: Act as Senior SDET focusing on exploring the application to understand functional flow and identifying critical paths for end-to-end automation.
2026-01-19T04:18:04.8097450Z [DEBUG] Sending request to gemini-2.0-flash. Number of parts: 2
2026-01-19T04:18:04.8098046Z [DEBUG] Received response (Length: 337)
2026-01-19T04:18:04.8099772Z     💡 Expert Suggestion: The 'fromPort' field is not visible on the login page. It is likely located on the registration page or a page accessible after logging in. Navigating to the registration page is a good first step.
2026-01-19T04:18:04.8104103Z     🛠️ Executing corrective action: click -> 'Register'
2026-01-19T04:18:05.6510955Z     ✅ Executed corrective navigation
2026-01-19T04:18:07.6535107Z     🔄 Retry 2/3 mining locators for 'fromPort'...
2026-01-19T04:18:08.6549556Z     🗑️ Invalidating stale AI cache (retry 2)...
2026-01-19T04:18:08.6551377Z     ⚠️ Cache invalidation warning: No module named 'core.agents.domain_expert'
2026-01-19T04:18:08.6910535Z     🧠 Consulting AI (Vision-First) to find 'fromPort'...
2026-01-19T04:18:08.6911457Z     🔍 Trying smart selectors for 'fromPort'...
2026-01-19T04:18:08.7444081Z     ⚠️ Smart selectors failed (no unique match). Falling back to AI Vision...
2026-01-19T04:18:08.7445523Z     🧠 [EXPERT] Strategy: Act as Senior SDET focusing on exploring the application to understand functional flow and identifying critical paths for end-to-end automation.
2026-01-19T04:18:10.3679586Z [DEBUG] Sending request to gemini-2.0-flash. Number of parts: 2
2026-01-19T04:18:10.3680865Z [DEBUG] Received response (Length: 229)
2026-01-19T04:18:10.3683120Z     💡 Expert Suggestion: The 'fromPort' is part of the flight booking process, which usually starts after logging in.
2026-01-19T04:18:10.3685617Z     🛠️ Executing corrective action: click -> 'Login'
2026-01-19T04:18:11.0496579Z     ✅ Executed corrective navigation
2026-01-19T04:18:13.0522303Z     🧠 Verifying step validity for 'fromPort' after no candidates found...
2026-01-19T04:18:15.3611692Z [DEBUG] Sending request to gemini-2.0-flash. Number of parts: 2
2026-01-19T04:18:15.3612800Z [DEBUG] Received response (Length: 239)
2026-01-19T04:18:15.3616463Z     🗑️ Step deemed INVALID: The current page is the registration page, not the flight booking page. Therefore, the 'fromPort' element does not exist on this page. We are on the wrong page to book a flight.. Removing from workflow.
2026-01-19T04:18:15.3618826Z     ⏭️ Skipping execution of invalid step: fromPort
2026-01-19T04:18:15.3619424Z   ▶️ [STEP step_4] SELECT: toPort
2026-01-19T04:18:15.3794665Z     🔍 Mining locators for: 'toPort'
2026-01-19T04:18:15.4274056Z     🧠 Consulting AI (Vision-First) to find 'toPort'...
2026-01-19T04:18:15.4275047Z     🔍 Trying smart selectors for 'toPort'...
2026-01-19T04:18:15.4702892Z     ⚠️ Smart selectors failed (no unique match). Falling back to AI Vision...
2026-01-19T04:18:15.4705082Z     🧠 [EXPERT] Strategy: Act as Senior SDET focusing on exploring the application to understand functional flow and identifying critical paths for end-to-end automation.
2026-01-19T04:18:20.4831536Z [DEBUG] Sending request to gemini-2.0-flash. Number of parts: 2
2026-01-19T04:18:20.4832640Z [DEBUG] Received response (Length: 343)
2026-01-19T04:18:20.4835280Z     💡 Expert Suggestion: The 'toPort' field is not visible on the login page. It is likely on the registration page or a page accessible after logging in. Navigating to the registration page might reveal the flight booking form.
2026-01-19T04:18:20.4837310Z     🛠️ Executing corrective action: click -> 'Register'
2026-01-19T04:18:21.2612119Z     ✅ Executed corrective navigation
2026-01-19T04:18:23.2644974Z     🔄 Retry 1/3 mining locators for 'toPort'...
2026-01-19T04:18:24.3077487Z     🧠 Consulting AI (Vision-First) to find 'toPort'...
2026-01-19T04:18:24.3078191Z     🔍 Trying smart selectors for 'toPort'...
2026-01-19T04:18:24.3596603Z     ⚠️ Smart selectors failed (no unique match). Falling back to AI Vision...
2026-01-19T04:18:24.3598040Z     🧠 [EXPERT] Strategy: Act as Senior SDET focusing on exploring the application to understand functional flow and identifying critical paths for end-to-end automation.
2026-01-19T04:18:25.7209672Z [DEBUG] Sending request to gemini-2.0-flash. Number of parts: 2
2026-01-19T04:18:25.7210231Z [DEBUG] Received response (Length: 227)
2026-01-19T04:18:25.7211289Z     💡 Expert Suggestion: The 'toPort' is part of the flight booking process, which usually starts after logging in.
2026-01-19T04:18:25.7212155Z     🛠️ Executing corrective action: click -> 'Login'
2026-01-19T04:18:26.4306234Z     ✅ Executed corrective navigation
2026-01-19T04:18:28.4337880Z     🔄 Retry 2/3 mining locators for 'toPort'...
2026-01-19T04:18:29.4351306Z     🗑️ Invalidating stale AI cache (retry 2)...
2026-01-19T04:18:29.4352760Z     ⚠️ Cache invalidation warning: No module named 'core.agents.domain_expert'
2026-01-19T04:18:29.4742158Z     🧠 Consulting AI (Vision-First) to find 'toPort'...
2026-01-19T04:18:29.4743050Z     🔍 Trying smart selectors for 'toPort'...
2026-01-19T04:18:29.5253052Z     ⚠️ Smart selectors failed (no unique match). Falling back to AI Vision...
2026-01-19T04:18:29.5255161Z     🧠 [EXPERT] Strategy: Act as Senior SDET focusing on exploring the application to understand functional flow and identifying critical paths for end-to-end automation.
2026-01-19T04:18:29.5258103Z [CACHE HIT] 020046ad... (hits: 1, misses: 9)
2026-01-19T04:18:29.5258798Z     ⚠️ Skipping duplicate injection: Register
2026-01-19T04:18:29.5259726Z     🧠 Verifying step validity for 'toPort' after no candidates found...
2026-01-19T04:18:30.6944268Z [DEBUG] Sending request to gemini-2.0-flash. Number of parts: 2
2026-01-19T04:18:30.6945460Z [DEBUG] Received response (Length: 251)
2026-01-19T04:18:30.6948809Z     🗑️ Step deemed INVALID: The current page is the login page. The 'toPort' element is part of the flight booking form, which is not present on this page. Therefore, attempting to interact with 'toPort' is not valid.. Removing from workflow.
2026-01-19T04:18:30.6950857Z     ⏭️ Skipping execution of invalid step: toPort
2026-01-19T04:18:30.6951543Z   ▶️ [STEP step_5] CLICK: Find Flights
2026-01-19T04:18:30.7006472Z     🔍 Mining locators for: 'Find Flights'
2026-01-19T04:18:30.7398781Z     🧠 Consulting AI (Vision-First) to find 'Find Flights'...
2026-01-19T04:18:30.7399867Z     🔍 Trying smart selectors for 'Find Flights'...
2026-01-19T04:18:30.7917206Z     ⚠️ Smart selectors failed (no unique match). Falling back to AI Vision...
2026-01-19T04:18:30.7918745Z     🧠 [EXPERT] Strategy: Act as Senior SDET focusing on exploring the application to understand functional flow and identifying critical paths for end-to-end automation.
2026-01-19T04:18:35.9291312Z [DEBUG] Sending request to gemini-2.0-flash. Number of parts: 2
2026-01-19T04:18:35.9292449Z [DEBUG] Received response (Length: 307)
2026-01-19T04:18:35.9296306Z     💡 Expert Suggestion: The 'Find Flights' functionality is likely available after registration or on a separate page accessible after logging in. Registering might lead to the flight search.
2026-01-19T04:18:35.9299423Z     🛠️ Executing corrective action: click -> 'Register'
2026-01-19T04:18:36.6372855Z     ✅ Executed corrective navigation
2026-01-19T04:18:38.6398983Z     🔄 Retry 1/3 mining locators for 'Find Flights'...
2026-01-19T04:18:39.6909617Z     🧠 Consulting AI (Vision-First) to find 'Find Flights'...
2026-01-19T04:18:39.6910501Z     🔍 Trying smart selectors for 'Find Flights'...
2026-01-19T04:18:39.7549921Z     ⚠️ Smart selectors failed (no unique match). Falling back to AI Vision...
2026-01-19T04:18:39.7551248Z     🧠 [EXPERT] Strategy: Act as Senior SDET focusing on exploring the application to understand functional flow and identifying critical paths for end-to-end automation.
2026-01-19T04:18:40.8641745Z [DEBUG] Sending request to gemini-2.0-flash. Number of parts: 2
2026-01-19T04:18:40.8642827Z [DEBUG] Received response (Length: 207)
2026-01-19T04:18:40.8644035Z     💡 Expert Suggestion: The 'Find Flights' functionality is likely available after logging in.
2026-01-19T04:18:40.8644819Z     🛠️ Executing corrective action: click -> 'Login'
2026-01-19T04:18:41.5449609Z     ✅ Executed corrective navigation
2026-01-19T04:18:43.5472961Z     🔄 Retry 2/3 mining locators for 'Find Flights'...
2026-01-19T04:18:44.5476512Z     🗑️ Invalidating stale AI cache (retry 2)...
2026-01-19T04:18:44.5477635Z     ⚠️ Cache invalidation warning: No module named 'core.agents.domain_expert'
2026-01-19T04:18:44.5899160Z     🧠 Consulting AI (Vision-First) to find 'Find Flights'...
2026-01-19T04:18:44.5899824Z     🔍 Trying smart selectors for 'Find Flights'...
2026-01-19T04:18:44.6505224Z     ⚠️ Smart selectors failed (no unique match). Falling back to AI Vision...
2026-01-19T04:18:44.6507521Z     🧠 [EXPERT] Strategy: Act as Senior SDET focusing on exploring the application to understand functional flow and identifying critical paths for end-to-end automation.
2026-01-19T04:18:44.6509234Z [CACHE HIT] a1a8cb95... (hits: 2, misses: 12)
2026-01-19T04:18:44.6510260Z     ⚠️ Skipping duplicate injection: Register
2026-01-19T04:18:44.6511222Z     🧠 Verifying step validity for 'Find Flights' after no candidates found...
2026-01-19T04:18:46.1235077Z [DEBUG] Sending request to gemini-2.0-flash. Number of parts: 2
2026-01-19T04:18:46.1236285Z [DEBUG] Received response (Length: 146)
2026-01-19T04:18:46.1238714Z     🗑️ Step deemed INVALID: The 'Find Flights' button is not present on the login page. We need to log in first.. Removing from workflow.
2026-01-19T04:18:46.1240521Z     ⏭️ Skipping execution of invalid step: Find Flights
2026-01-19T04:18:46.1241187Z   ▶️ [STEP step_6] ASSERT_VISIBLE: flights table
2026-01-19T04:18:46.1297312Z     🔍 Mining locators for: 'flights table'
2026-01-19T04:18:46.1726663Z     🧠 Consulting AI (Vision-First) to find 'flights table'...
2026-01-19T04:18:46.1727957Z     🔍 Trying smart selectors for 'flights table'...
2026-01-19T04:18:46.2250354Z     ⚠️ Smart selectors failed (no unique match). Falling back to AI Vision...
2026-01-19T04:18:46.2252925Z     🧠 [EXPERT] Strategy: Act as Senior SDET focusing on exploring the application to understand functional flow and identifying critical paths for end-to-end automation.
2026-01-19T04:18:50.9342106Z [DEBUG] Sending request to gemini-2.0-flash. Number of parts: 2
2026-01-19T04:18:50.9342971Z [DEBUG] Received response (Length: 243)
2026-01-19T04:18:50.9344484Z     💡 Expert Suggestion: The flights table is not visible on the login page. After logging in, the flights table should be visible.
2026-01-19T04:18:50.9345585Z     🛠️ Executing corrective action: click -> 'Login'
2026-01-19T04:18:51.4880735Z     ✅ Executed corrective navigation
2026-01-19T04:18:53.4896917Z     🔄 Retry 1/3 mining locators for 'flights table'...
2026-01-19T04:18:54.5248053Z     🧠 Consulting AI (Vision-First) to find 'flights table'...
2026-01-19T04:18:54.5249022Z     🔍 Trying smart selectors for 'flights table'...
2026-01-19T04:18:54.5781846Z     ⚠️ Smart selectors failed (no unique match). Falling back to AI Vision...
2026-01-19T04:18:54.5783726Z     🧠 [EXPERT] Strategy: Act as Senior SDET focusing on exploring the application to understand functional flow and identifying critical paths for end-to-end automation.
2026-01-19T04:18:56.2096423Z [DEBUG] Sending request to gemini-2.0-flash. Number of parts: 2
2026-01-19T04:18:56.2097002Z [DEBUG] Received response (Length: 239)
2026-01-19T04:18:56.2097574Z     ⚠️ Skipping duplicate injection: Login
2026-01-19T04:18:56.2098008Z     🔄 Retry 2/3 mining locators for 'flights table'...
2026-01-19T04:18:57.2109482Z     🗑️ Invalidating stale AI cache (retry 2)...
2026-01-19T04:18:57.2111108Z     ⚠️ Cache invalidation warning: No module named 'core.agents.domain_expert'
2026-01-19T04:18:57.2587325Z     🧠 Consulting AI (Vision-First) to find 'flights table'...
2026-01-19T04:18:57.2588235Z     🔍 Trying smart selectors for 'flights table'...
2026-01-19T04:18:57.3106690Z     ⚠️ Smart selectors failed (no unique match). Falling back to AI Vision...
2026-01-19T04:18:57.3108554Z     🧠 [EXPERT] Strategy: Act as Senior SDET focusing on exploring the application to understand functional flow and identifying critical paths for end-to-end automation.
2026-01-19T04:18:57.3110831Z [CACHE HIT] 1bbc450e... (hits: 3, misses: 15)
2026-01-19T04:18:57.3111463Z     ⚠️ Skipping duplicate injection: Login
2026-01-19T04:18:57.3112405Z     🧠 Verifying step validity for 'flights table' after no candidates found...
2026-01-19T04:19:01.3084051Z [DEBUG] Sending request to gemini-2.0-flash. Number of parts: 2
2026-01-19T04:19:01.3085200Z [DEBUG] Received response (Length: 251)
2026-01-19T04:19:01.3088788Z     🗑️ Step deemed INVALID: We are on the login page. The flights table is not present until after a successful login and search for flights. Therefore, attempting to locate the flights table at this stage is invalid.. Removing from workflow.
2026-01-19T04:19:01.3091627Z     ⏭️ Skipping execution of invalid step: flights table
2026-01-19T04:19:01.3092289Z   ▶️ [STEP step_7] CLICK: Choose This Flight
2026-01-19T04:19:01.3142455Z     🔍 Mining locators for: 'Choose This Flight'
2026-01-19T04:19:01.3576367Z     🧠 Consulting AI (Vision-First) to find 'Choose This Flight'...
2026-01-19T04:19:01.3577284Z     🔍 Trying smart selectors for 'Choose This Flight'...
2026-01-19T04:19:01.4157864Z     ⚠️ Smart selectors failed (no unique match). Falling back to AI Vision...
2026-01-19T04:19:01.4159259Z     🧠 [EXPERT] Strategy: Act as Senior SDET focusing on exploring the application to understand functional flow and identifying critical paths for end-to-end automation.
2026-01-19T04:19:06.1241468Z [DEBUG] Sending request to gemini-2.0-flash. Number of parts: 2
2026-01-19T04:19:06.1242124Z [DEBUG] Received response (Length: 270)
2026-01-19T04:19:06.1243738Z     💡 Expert Suggestion: The 'Choose This Flight' button is not present on the login page. We need to log in first to access the flight booking functionality.
2026-01-19T04:19:06.1244842Z     🛠️ Executing corrective action: click -> 'Login'
2026-01-19T04:19:06.6880805Z     ✅ Executed corrective navigation
2026-01-19T04:19:08.6903856Z     🔄 Retry 1/3 mining locators for 'Choose This Flight'...
2026-01-19T04:19:09.7236140Z     🧠 Consulting AI (Vision-First) to find 'Choose This Flight'...
2026-01-19T04:19:09.7237129Z     🔍 Trying smart selectors for 'Choose This Flight'...
2026-01-19T04:19:09.7806126Z     ⚠️ Smart selectors failed (no unique match). Falling back to AI Vision...
2026-01-19T04:19:09.7807869Z     🧠 [EXPERT] Strategy: Act as Senior SDET focusing on exploring the application to understand functional flow and identifying critical paths for end-to-end automation.
2026-01-19T04:19:09.7811464Z [CACHE HIT] 3d5a5d75... (hits: 4, misses: 17)
2026-01-19T04:19:09.7812212Z     ⚠️ Skipping duplicate injection: Login
2026-01-19T04:19:09.7812889Z     🔄 Retry 2/3 mining locators for 'Choose This Flight'...
2026-01-19T04:19:10.7825884Z     🗑️ Invalidating stale AI cache (retry 2)...
2026-01-19T04:19:10.7827175Z     ⚠️ Cache invalidation warning: No module named 'core.agents.domain_expert'
2026-01-19T04:19:10.8244838Z     🧠 Consulting AI (Vision-First) to find 'Choose This Flight'...
2026-01-19T04:19:10.8245898Z     🔍 Trying smart selectors for 'Choose This Flight'...
2026-01-19T04:19:10.8848876Z     ⚠️ Smart selectors failed (no unique match). Falling back to AI Vision...
2026-01-19T04:19:10.8850305Z     🧠 [EXPERT] Strategy: Act as Senior SDET focusing on exploring the application to understand functional flow and identifying critical paths for end-to-end automation.
2026-01-19T04:19:10.8853403Z [CACHE HIT] 3d5a5d75... (hits: 5, misses: 17)
2026-01-19T04:19:10.8854053Z     ⚠️ Skipping duplicate injection: Login
2026-01-19T04:19:10.8854699Z     🧠 Verifying step validity for 'Choose This Flight' after no candidates found...
2026-01-19T04:19:12.1762904Z [DEBUG] Sending request to gemini-2.0-flash. Number of parts: 2
2026-01-19T04:19:12.1764431Z [DEBUG] Received response (Length: 319)
2026-01-19T04:19:12.1766433Z     🗑️ Step deemed INVALID: The current page is the login page. The 'Choose This Flight' button appears on the page displaying flight options, which is reached after logging in and selecting a destination. Therefore, the element 'Choose This Flight' does not exist on the current page.. Removing from workflow.
2026-01-19T04:19:12.1768024Z     ⏭️ Skipping execution of invalid step: Choose This Flight
2026-01-19T04:19:12.1768529Z   ▶️ [STEP step_8] ASSERT_VISIBLE: Purchase Flight
2026-01-19T04:19:12.1825374Z     🔍 Mining locators for: 'Purchase Flight'
2026-01-19T04:19:12.2235990Z     🧠 Consulting AI (Vision-First) to find 'Purchase Flight'...
2026-01-19T04:19:12.2236825Z     🔍 Trying smart selectors for 'Purchase Flight'...
2026-01-19T04:19:12.2759481Z     ⚠️ Smart selectors failed (no unique match). Falling back to AI Vision...
2026-01-19T04:19:12.2761262Z     🧠 [EXPERT] Strategy: Act as Senior SDET focusing on exploring the application to understand functional flow and identifying critical paths for end-to-end automation.
2026-01-19T04:19:17.4379844Z [DEBUG] Sending request to gemini-2.0-flash. Number of parts: 2
2026-01-19T04:19:17.4380442Z [DEBUG] Received response (Length: 226)
2026-01-19T04:19:17.4381823Z     💡 Expert Suggestion: After logging in, the user should be redirected to the page where they can book a flight.
2026-01-19T04:19:17.4382813Z     🛠️ Executing corrective action: click -> 'Login'
2026-01-19T04:19:17.9870259Z     ✅ Executed corrective navigation
2026-01-19T04:19:19.9893079Z     🔄 Retry 1/3 mining locators for 'Purchase Flight'...
2026-01-19T04:19:21.0414049Z     🧠 Consulting AI (Vision-First) to find 'Purchase Flight'...
2026-01-19T04:19:21.0415073Z     🔍 Trying smart selectors for 'Purchase Flight'...
2026-01-19T04:19:21.0980422Z     ⚠️ Smart selectors failed (no unique match). Falling back to AI Vision...
2026-01-19T04:19:21.0982280Z     🧠 [EXPERT] Strategy: Act as Senior SDET focusing on exploring the application to understand functional flow and identifying critical paths for end-to-end automation.
2026-01-19T04:19:21.0984850Z [CACHE HIT] 7fc04a91... (hits: 6, misses: 19)
2026-01-19T04:19:21.0985456Z     ⚠️ Skipping duplicate injection: Login
2026-01-19T04:19:21.0986114Z     🔄 Retry 2/3 mining locators for 'Purchase Flight'...
2026-01-19T04:19:22.0999011Z     🗑️ Invalidating stale AI cache (retry 2)...
2026-01-19T04:19:22.1000488Z     ⚠️ Cache invalidation warning: No module named 'core.agents.domain_expert'
2026-01-19T04:19:22.1417110Z     🧠 Consulting AI (Vision-First) to find 'Purchase Flight'...
2026-01-19T04:19:22.1418060Z     🔍 Trying smart selectors for 'Purchase Flight'...
2026-01-19T04:19:22.1957752Z     ⚠️ Smart selectors failed (no unique match). Falling back to AI Vision...
2026-01-19T04:19:22.1958994Z     🧠 [EXPERT] Strategy: Act as Senior SDET focusing on exploring the application to understand functional flow and identifying critical paths for end-to-end automation.
2026-01-19T04:19:22.1962236Z [CACHE HIT] 7fc04a91... (hits: 7, misses: 19)
2026-01-19T04:19:22.1962858Z     ⚠️ Skipping duplicate injection: Login
2026-01-19T04:19:22.1963762Z     🧠 Verifying step validity for 'Purchase Flight' after no candidates found...
2026-01-19T04:19:23.4710679Z [DEBUG] Sending request to gemini-2.0-flash. Number of parts: 2
2026-01-19T04:19:23.4711594Z [DEBUG] Received response (Length: 204)
2026-01-19T04:19:23.4714221Z     🗑️ Step deemed INVALID: We are on the login page. We need to log in first before we can purchase a flight. The 'Purchase Flight' button is not available on this page.. Removing from workflow.
2026-01-19T04:19:23.4716249Z     ⏭️ Skipping execution of invalid step: Purchase Flight
2026-01-19T04:19:23.4717084Z   ▶️ [STEP step_9] FILL: input Name
2026-01-19T04:19:23.4776076Z     🔍 Mining locators for: 'input Name'
2026-01-19T04:19:23.5236365Z     🧠 Consulting AI (Vision-First) to find 'input Name'...
2026-01-19T04:19:23.5237277Z     🔍 Trying smart selectors for 'input Name'...
2026-01-19T04:19:23.5794632Z     ⚠️ Smart selectors failed (no unique match). Falling back to AI Vision...
2026-01-19T04:19:23.5795942Z     🧠 [EXPERT] Strategy: Act as Senior SDET focusing on exploring the application to understand functional flow and identifying critical paths for end-to-end automation.
2026-01-19T04:19:28.5450609Z [DEBUG] Sending request to gemini-2.0-flash. Number of parts: 2
2026-01-19T04:19:28.5451406Z [DEBUG] Received response (Length: 317)
2026-01-19T04:19:28.5452232Z     🔄 Retry 1/3 mining locators for 'input Name'...
2026-01-19T04:19:29.5909371Z     🧠 Consulting AI (Vision-First) to find 'input Name'...
2026-01-19T04:19:29.5910244Z     🔍 Trying smart selectors for 'input Name'...
2026-01-19T04:19:29.6455386Z     ⚠️ Smart selectors failed (no unique match). Falling back to AI Vision...
2026-01-19T04:19:29.6457411Z     🧠 [EXPERT] Strategy: Act as Senior SDET focusing on exploring the application to understand functional flow and identifying critical paths for end-to-end automation.
2026-01-19T04:19:29.6461059Z [CACHE HIT] 847766a3... (hits: 8, misses: 21)
2026-01-19T04:19:29.6461701Z     🔄 Retry 2/3 mining locators for 'input Name'...
2026-01-19T04:19:30.6474886Z     🗑️ Invalidating stale AI cache (retry 2)...
2026-01-19T04:19:30.6476436Z     ⚠️ Cache invalidation warning: No module named 'core.agents.domain_expert'
2026-01-19T04:19:30.6909784Z     🧠 Consulting AI (Vision-First) to find 'input Name'...
2026-01-19T04:19:30.6910605Z     🔍 Trying smart selectors for 'input Name'...
2026-01-19T04:19:30.7441054Z     ⚠️ Smart selectors failed (no unique match). Falling back to AI Vision...
2026-01-19T04:19:30.7442845Z     🧠 [EXPERT] Strategy: Act as Senior SDET focusing on exploring the application to understand functional flow and identifying critical paths for end-to-end automation.
2026-01-19T04:19:30.7446325Z [CACHE HIT] 847766a3... (hits: 9, misses: 21)
2026-01-19T04:19:30.7447232Z     🧠 Verifying step validity for 'input Name' after mining failure...
2026-01-19T04:19:33.4017575Z [DEBUG] Sending request to gemini-2.0-flash. Number of parts: 2
2026-01-19T04:19:33.4018102Z [DEBUG] Received response (Length: 193)
2026-01-19T04:19:33.4019282Z     🛠️ Self-Correction: Step is valid. Using new locator: input[id='email']
2026-01-19T04:19:39.9306624Z     ✅ State transitioned.
2026-01-19T04:19:41.3090150Z [DEBUG] Sending request to gemini-2.0-flash. Number of parts: 2
2026-01-19T04:19:41.3090889Z [DEBUG] Received response (Length: 166)
2026-01-19T04:19:41.3091588Z     🤖 AI Next Step Suggestion: fill -> Password
2026-01-19T04:19:41.3092061Z     🧩 Suggested Locator: #password
2026-01-19T04:19:41.3092635Z     💭 Reasoning: Need to fill in the password field to attempt login.
2026-01-19T04:19:41.3093212Z     ➕ Injected AI step: fill -> Password
2026-01-19T04:19:41.3093976Z   ▶️ [STEP step_9_ai_1] FILL: Password
2026-01-19T04:19:41.3156172Z     🎯 Using AI-provided locator: #password
2026-01-19T04:19:41.3233009Z     ✅ Found 1 verified locators
2026-01-19T04:19:47.1315578Z     ✅ State transitioned.
2026-01-19T04:19:48.3600708Z [DEBUG] Sending request to gemini-2.0-flash. Number of parts: 2
2026-01-19T04:19:48.3601833Z [DEBUG] Received response (Length: 203)
2026-01-19T04:19:48.3603037Z     🤖 AI Next Step Suggestion: click -> Login
2026-01-19T04:19:48.3604205Z     🧩 Suggested Locator: button
2026-01-19T04:19:48.3605830Z     💭 Reasoning: The email and password fields are filled, so the next logical step is to click the Login button to attempt to log in.
2026-01-19T04:19:48.3606947Z     ➕ Injected AI step: click -> Login
2026-01-19T04:19:48.3607484Z   ▶️ [STEP step_9_ai_2] CLICK: Login
2026-01-19T04:19:48.3661907Z     🎯 Using AI-provided locator: button
2026-01-19T04:19:48.3680546Z     🔍 Mining locators for: 'Login'
2026-01-19T04:19:48.4214931Z     ✅ Found 3 verified locators
2026-01-19T04:19:51.9940306Z     ✅ State transitioned.
2026-01-19T04:19:51.9996817Z     🔄 Revisited state detected (count: 1)
2026-01-19T04:19:53.7218709Z [DEBUG] Sending request to gemini-2.0-flash. Number of parts: 2
2026-01-19T04:19:53.7219689Z [DEBUG] Received response (Length: 192)
2026-01-19T04:19:53.7220539Z     🤖 AI Next Step Suggestion: fill -> E-Mail Address
2026-01-19T04:19:53.7221126Z     🧩 Suggested Locator: #email
2026-01-19T04:19:53.7222021Z     💭 Reasoning: The previous email was invalid. Filling with a valid email address.
2026-01-19T04:19:53.7222697Z     ➕ Injected AI step: fill -> E-Mail Address
2026-01-19T04:19:53.7223127Z   ▶️ [STEP step_9_ai_3] FILL: E-Mail Address
2026-01-19T04:19:53.7278934Z     🎯 Using AI-provided locator: #email
2026-01-19T04:19:53.7339031Z     ✅ Found 1 verified locators
2026-01-19T04:19:59.7602344Z     ✅ State transitioned.
2026-01-19T04:20:01.4452009Z [DEBUG] Sending request to gemini-2.0-flash. Number of parts: 2
2026-01-19T04:20:01.4453042Z [DEBUG] Received response (Length: 206)
2026-01-19T04:20:01.4454611Z     🤖 AI Next Step Suggestion: click -> Login
2026-01-19T04:20:01.4455623Z     🧩 Suggested Locator: button
2026-01-19T04:20:01.4457682Z     💭 Reasoning: The email and password fields have been filled. Clicking the Login button is the next logical step to attempt to log in.
2026-01-19T04:20:01.4459640Z     ➕ Injected AI step: click -> Login
2026-01-19T04:20:01.4460519Z   ▶️ [STEP step_9_ai_4] CLICK: Login
2026-01-19T04:20:01.4524219Z     🎯 Using AI-provided locator: button
2026-01-19T04:20:01.4544604Z     🔍 Mining locators for: 'Login'
2026-01-19T04:20:01.5036399Z     ✅ Found 3 verified locators
2026-01-19T04:20:05.0770783Z     ✅ State transitioned.
2026-01-19T04:20:06.4768242Z [DEBUG] Sending request to gemini-2.0-flash. Number of parts: 2
2026-01-19T04:20:06.4769011Z [DEBUG] Received response (Length: 156)
2026-01-19T04:20:06.4769898Z     🤖 AI Next Step Suggestion: done -> N/A
2026-01-19T04:20:06.4771267Z     💭 Reasoning: The page shows 'Page Expired' and there are no interactive elements. The goal is unlikely to be achieved from here.
2026-01-19T04:20:06.4772184Z   ▶️ [STEP step_10] FILL: address
2026-01-19T04:20:06.4940791Z     🔍 Mining locators for: 'address'
2026-01-19T04:20:06.5170401Z     🧠 Consulting AI (Vision-First) to find 'address'...
2026-01-19T04:20:06.5171101Z     🔍 Trying smart selectors for 'address'...
2026-01-19T04:20:06.5569130Z     ⚠️ Smart selectors failed (no unique match). Falling back to AI Vision...
2026-01-19T04:20:06.5571617Z     🧠 [EXPERT] Strategy: Act as Senior SDET focusing on exploring the application to understand functional flow and identifying critical paths for end-to-end automation.
2026-01-19T04:20:11.3443175Z [DEBUG] Sending request to gemini-2.0-flash. Number of parts: 2
2026-01-19T04:20:11.3444058Z [DEBUG] Received response (Length: 261)
2026-01-19T04:20:11.3445472Z     💡 Expert Suggestion: The page indicates an error (Page Expired). Navigating back might lead to a form or page where the address can be entered.
2026-01-19T04:20:11.3446652Z     🛠️ Executing corrective action: click -> 'Go Back'
2026-01-19T04:20:11.3763695Z     🔄 Retry 1/3 mining locators for 'address'...
2026-01-19T04:20:12.4022344Z     🧠 Consulting AI (Vision-First) to find 'address'...
2026-01-19T04:20:12.4023109Z     🔍 Trying smart selectors for 'address'...
2026-01-19T04:20:12.4420394Z     ⚠️ Smart selectors failed (no unique match). Falling back to AI Vision...
2026-01-19T04:20:12.4421868Z     🧠 [EXPERT] Strategy: Act as Senior SDET focusing on exploring the application to understand functional flow and identifying critical paths for end-to-end automation.
2026-01-19T04:20:12.4424881Z [CACHE HIT] 54db51ea... (hits: 10, misses: 28)
2026-01-19T04:20:12.4425616Z     ⚠️ Skipping duplicate injection: Go Back
2026-01-19T04:20:12.4426091Z     🔄 Retry 2/3 mining locators for 'address'...
2026-01-19T04:20:13.4440362Z     🗑️ Invalidating stale AI cache (retry 2)...
2026-01-19T04:20:13.4442482Z     ⚠️ Cache invalidation warning: No module named 'core.agents.domain_expert'
2026-01-19T04:20:13.4695650Z     🧠 Consulting AI (Vision-First) to find 'address'...
2026-01-19T04:20:13.4696911Z     🔍 Trying smart selectors for 'address'...
2026-01-19T04:20:13.5108895Z     ⚠️ Smart selectors failed (no unique match). Falling back to AI Vision...
2026-01-19T04:20:13.5110104Z     🧠 [EXPERT] Strategy: Act as Senior SDET focusing on exploring the application to understand functional flow and identifying critical paths for end-to-end automation.
2026-01-19T04:20:13.5112769Z [CACHE HIT] 54db51ea... (hits: 11, misses: 28)
2026-01-19T04:20:13.5113689Z     ⚠️ Skipping duplicate injection: Go Back
2026-01-19T04:20:13.5114248Z     🧠 Verifying step validity for 'address' after no candidates found...
2026-01-19T04:20:16.2744223Z [DEBUG] Sending request to gemini-2.0-flash. Number of parts: 2
2026-01-19T04:20:16.2745382Z [DEBUG] Received response (Length: 153)
2026-01-19T04:20:16.2748001Z     🗑️ Step deemed INVALID: The page shows 'Page Expired'. There is no 'address' element to interact with on this page.. Removing from workflow.
2026-01-19T04:20:16.2750378Z     ⏭️ Skipping execution of invalid step: address
2026-01-19T04:20:16.2751456Z   ▶️ [STEP step_11] FILL: city
2026-01-19T04:20:16.2823656Z     🔍 Mining locators for: 'city'
2026-01-19T04:20:16.3063222Z     🧠 Consulting AI (Vision-First) to find 'city'...
2026-01-19T04:20:16.3064216Z     🔍 Trying smart selectors for 'city'...
2026-01-19T04:20:16.3474249Z     ⚠️ Smart selectors failed (no unique match). Falling back to AI Vision...
2026-01-19T04:20:16.3477183Z     🧠 [EXPERT] Strategy: Act as Senior SDET focusing on exploring the application to understand functional flow and identifying critical paths for end-to-end automation.
2026-01-19T04:20:21.5088757Z [DEBUG] Sending request to gemini-2.0-flash. Number of parts: 2
2026-01-19T04:20:21.5089473Z [DEBUG] Received response (Length: 270)
2026-01-19T04:20:21.5091107Z     💡 Expert Suggestion: The page displays 'Page Expired', suggesting the need to navigate back to a functional page where the city search can be performed.
2026-01-19T04:20:21.5092543Z     🛠️ Executing corrective action: click -> 'Go Back'
2026-01-19T04:20:21.5390351Z     🔄 Retry 1/3 mining locators for 'city'...
2026-01-19T04:20:22.5657043Z     🧠 Consulting AI (Vision-First) to find 'city'...
2026-01-19T04:20:22.5657990Z     🔍 Trying smart selectors for 'city'...
2026-01-19T04:20:22.6047617Z     ⚠️ Smart selectors failed (no unique match). Falling back to AI Vision...
2026-01-19T04:20:22.6049017Z     🧠 [EXPERT] Strategy: Act as Senior SDET focusing on exploring the application to understand functional flow and identifying critical paths for end-to-end automation.
2026-01-19T04:20:22.6051932Z [CACHE HIT] 8f7a9eee... (hits: 12, misses: 30)
2026-01-19T04:20:22.6052594Z     ⚠️ Skipping duplicate injection: Go Back
2026-01-19T04:20:22.6052988Z     🔄 Retry 2/3 mining locators for 'city'...
2026-01-19T04:20:23.6066431Z     🗑️ Invalidating stale AI cache (retry 2)...
2026-01-19T04:20:23.6068184Z     ⚠️ Cache invalidation warning: No module named 'core.agents.domain_expert'
2026-01-19T04:20:23.6319207Z     🧠 Consulting AI (Vision-First) to find 'city'...
2026-01-19T04:20:23.6319673Z     🔍 Trying smart selectors for 'city'...
2026-01-19T04:20:23.6698222Z     ⚠️ Smart selectors failed (no unique match). Falling back to AI Vision...
2026-01-19T04:20:23.6701132Z     🧠 [EXPERT] Strategy: Act as Senior SDET focusing on exploring the application to understand functional flow and identifying critical paths for end-to-end automation.
2026-01-19T04:20:23.6703524Z [CACHE HIT] 8f7a9eee... (hits: 13, misses: 30)
2026-01-19T04:20:23.6704553Z     ⚠️ Skipping duplicate injection: Go Back
2026-01-19T04:20:23.6705796Z     🧠 Verifying step validity for 'city' after no candidates found...
2026-01-19T04:20:26.1490300Z [DEBUG] Sending request to gemini-2.0-flash. Number of parts: 2
2026-01-19T04:20:26.1491354Z [DEBUG] Received response (Length: 150)
2026-01-19T04:20:26.1492804Z     🗑️ Step deemed INVALID: The page shows 'Page Expired'. There are no elements to interact with, including 'city'.. Removing from workflow.
2026-01-19T04:20:26.1496788Z     ⏭️ Skipping execution of invalid step: city
2026-01-19T04:20:26.1497693Z   ▶️ [STEP step_12] FILL: state
2026-01-19T04:20:26.1550692Z     🔍 Mining locators for: 'state'
2026-01-19T04:20:26.1826100Z     🧠 Consulting AI (Vision-First) to find 'state'...
2026-01-19T04:20:26.1826904Z     🔍 Trying smart selectors for 'state'...
2026-01-19T04:20:26.2209354Z     ⚠️ Smart selectors failed (no unique match). Falling back to AI Vision...
2026-01-19T04:20:26.2211150Z     🧠 [EXPERT] Strategy: Act as Senior SDET focusing on exploring the application to understand functional flow and identifying critical paths for end-to-end automation.
2026-01-19T04:20:31.3503597Z [DEBUG] Sending request to gemini-2.0-flash. Number of parts: 2
2026-01-19T04:20:31.3504307Z [DEBUG] Received response (Length: 268)
2026-01-19T04:20:31.3505884Z     💡 Expert Suggestion: The page indicates an error (419 Page Expired). Navigating back might lead to the flight booking form where 'state' can be found.
2026-01-19T04:20:31.3507262Z     🛠️ Executing corrective action: click -> 'Go Back'
2026-01-19T04:20:31.3818462Z     🔄 Retry 1/3 mining locators for 'state'...
2026-01-19T04:20:32.4076633Z     🧠 Consulting AI (Vision-First) to find 'state'...
2026-01-19T04:20:32.4077097Z     🔍 Trying smart selectors for 'state'...
2026-01-19T04:20:32.4441877Z     ⚠️ Smart selectors failed (no unique match). Falling back to AI Vision...
2026-01-19T04:20:32.4443412Z     🧠 [EXPERT] Strategy: Act as Senior SDET focusing on exploring the application to understand functional flow and identifying critical paths for end-to-end automation.
2026-01-19T04:20:32.4446706Z [CACHE HIT] b283ecda... (hits: 14, misses: 32)
2026-01-19T04:20:32.4447351Z     ⚠️ Skipping duplicate injection: Go Back
2026-01-19T04:20:32.4447729Z     🔄 Retry 2/3 mining locators for 'state'...
2026-01-19T04:20:33.4460076Z     🗑️ Invalidating stale AI cache (retry 2)...
2026-01-19T04:20:33.4461899Z     ⚠️ Cache invalidation warning: No module named 'core.agents.domain_expert'
2026-01-19T04:20:33.4705090Z     🧠 Consulting AI (Vision-First) to find 'state'...
2026-01-19T04:20:33.4705799Z     🔍 Trying smart selectors for 'state'...
2026-01-19T04:20:33.5076520Z     ⚠️ Smart selectors failed (no unique match). Falling back to AI Vision...
2026-01-19T04:20:33.5079386Z     🧠 [EXPERT] Strategy: Act as Senior SDET focusing on exploring the application to understand functional flow and identifying critical paths for end-to-end automation.
2026-01-19T04:20:33.5081368Z [CACHE HIT] b283ecda... (hits: 15, misses: 32)
2026-01-19T04:20:33.5082273Z     ⚠️ Skipping duplicate injection: Go Back
2026-01-19T04:20:33.5083608Z     🧠 Verifying step validity for 'state' after no candidates found...
2026-01-19T04:20:36.7495980Z [DEBUG] Sending request to gemini-2.0-flash. Number of parts: 2
2026-01-19T04:20:36.7496854Z [DEBUG] Received response (Length: 151)
2026-01-19T04:20:36.7498138Z     🗑️ Step deemed INVALID: The page shows 'Page Expired'. There is no 'state' element to interact with on this page.. Removing from workflow.
2026-01-19T04:20:36.7499119Z     ⏭️ Skipping execution of invalid step: state
2026-01-19T04:20:36.7499591Z   ▶️ [STEP step_13] FILL: zipCode
2026-01-19T04:20:36.7561396Z     🔍 Mining locators for: 'zipCode'
2026-01-19T04:20:36.7823132Z     🧠 Consulting AI (Vision-First) to find 'zipCode'...
2026-01-19T04:20:36.7824068Z     🔍 Trying smart selectors for 'zipCode'...
2026-01-19T04:20:36.8195168Z     ⚠️ Smart selectors failed (no unique match). Falling back to AI Vision...
2026-01-19T04:20:36.8196939Z     🧠 [EXPERT] Strategy: Act as Senior SDET focusing on exploring the application to understand functional flow and identifying critical paths for end-to-end automation.
2026-01-19T04:20:42.0451684Z [DEBUG] Sending request to gemini-2.0-flash. Number of parts: 2
2026-01-19T04:20:42.0452843Z [DEBUG] Received response (Length: 280)
2026-01-19T04:20:42.0455606Z     💡 Expert Suggestion: The page displays 'Page Expired', suggesting a return to the homepage to initiate the booking process and find the zip code input field.
2026-01-19T04:20:42.0457441Z     🛠️ Executing corrective action: click -> 'Back to Home'
2026-01-19T04:20:42.0748539Z     🔄 Retry 1/3 mining locators for 'zipCode'...
2026-01-19T04:20:43.1002762Z     🧠 Consulting AI (Vision-First) to find 'zipCode'...
2026-01-19T04:20:43.1003956Z     🔍 Trying smart selectors for 'zipCode'...
2026-01-19T04:20:43.1377747Z     ⚠️ Smart selectors failed (no unique match). Falling back to AI Vision...
2026-01-19T04:20:43.1379092Z     🧠 [EXPERT] Strategy: Act as Senior SDET focusing on exploring the application to understand functional flow and identifying critical paths for end-to-end automation.
2026-01-19T04:20:43.1382124Z [CACHE HIT] b368dcfa... (hits: 16, misses: 34)
2026-01-19T04:20:43.1382796Z     ⚠️ Skipping duplicate injection: Back to Home
2026-01-19T04:20:43.1383401Z     🔄 Retry 2/3 mining locators for 'zipCode'...
2026-01-19T04:20:44.1395850Z     🗑️ Invalidating stale AI cache (retry 2)...
2026-01-19T04:20:44.1397568Z     ⚠️ Cache invalidation warning: No module named 'core.agents.domain_expert'
2026-01-19T04:20:44.1641821Z     🧠 Consulting AI (Vision-First) to find 'zipCode'...
2026-01-19T04:20:44.1642531Z     🔍 Trying smart selectors for 'zipCode'...
2026-01-19T04:20:44.2009530Z     ⚠️ Smart selectors failed (no unique match). Falling back to AI Vision...
2026-01-19T04:20:44.2012312Z     🧠 [EXPERT] Strategy: Act as Senior SDET focusing on exploring the application to understand functional flow and identifying critical paths for end-to-end automation.
2026-01-19T04:20:44.2014798Z [CACHE HIT] b368dcfa... (hits: 17, misses: 34)
2026-01-19T04:20:44.2015839Z     ⚠️ Skipping duplicate injection: Back to Home
2026-01-19T04:20:44.2017276Z     🧠 Verifying step validity for 'zipCode' after no candidates found...
2026-01-19T04:20:46.2325251Z [DEBUG] Sending request to gemini-2.0-flash. Number of parts: 2
2026-01-19T04:20:46.2326235Z [DEBUG] Received response (Length: 134)
2026-01-19T04:20:46.2327471Z     🗑️ Step deemed INVALID: The page shows 'Page Expired'. There is no zipCode element on this page.. Removing from workflow.
2026-01-19T04:20:46.2328524Z     ⏭️ Skipping execution of invalid step: zipCode
2026-01-19T04:20:46.2329068Z   ▶️ [STEP step_14] SELECT: creditCardType
2026-01-19T04:20:46.2388441Z     🔍 Mining locators for: 'creditCardType'
2026-01-19T04:20:46.2644818Z     🧠 Consulting AI (Vision-First) to find 'creditCardType'...
2026-01-19T04:20:46.2645659Z     🔍 Trying smart selectors for 'creditCardType'...
2026-01-19T04:20:46.3035313Z     ⚠️ Smart selectors failed (no unique match). Falling back to AI Vision...
2026-01-19T04:20:46.3036732Z     🧠 [EXPERT] Strategy: Act as Senior SDET focusing on exploring the application to understand functional flow and identifying critical paths for end-to-end automation.
2026-01-19T04:20:51.4543765Z [DEBUG] Sending request to gemini-2.0-flash. Number of parts: 2
2026-01-19T04:20:51.4544739Z [DEBUG] Received response (Length: 264)
2026-01-19T04:20:51.4546329Z     💡 Expert Suggestion: The current page displays an error message. Navigating back might lead to the payment form where 'creditCardType' is located.
2026-01-19T04:20:51.4547728Z     🛠️ Executing corrective action: click -> 'Go Back'
2026-01-19T04:20:51.4838190Z     🔄 Retry 1/3 mining locators for 'creditCardType'...
2026-01-19T04:20:52.5146222Z     🧠 Consulting AI (Vision-First) to find 'creditCardType'...
2026-01-19T04:20:52.5147118Z     🔍 Trying smart selectors for 'creditCardType'...
2026-01-19T04:20:52.5511483Z     ⚠️ Smart selectors failed (no unique match). Falling back to AI Vision...
2026-01-19T04:20:52.5512851Z     🧠 [EXPERT] Strategy: Act as Senior SDET focusing on exploring the application to understand functional flow and identifying critical paths for end-to-end automation.
2026-01-19T04:20:52.5516036Z [CACHE HIT] 62fa55e3... (hits: 18, misses: 36)
2026-01-19T04:20:52.5516711Z     ⚠️ Skipping duplicate injection: Go Back
2026-01-19T04:20:52.5517128Z     🔄 Retry 2/3 mining locators for 'creditCardType'...
2026-01-19T04:20:53.5530415Z     🗑️ Invalidating stale AI cache (retry 2)...
2026-01-19T04:20:53.5532837Z     ⚠️ Cache invalidation warning: No module named 'core.agents.domain_expert'
2026-01-19T04:20:53.5812488Z     🧠 Consulting AI (Vision-First) to find 'creditCardType'...
2026-01-19T04:20:53.5813594Z     🔍 Trying smart selectors for 'creditCardType'...
2026-01-19T04:20:53.6188997Z     ⚠️ Smart selectors failed (no unique match). Falling back to AI Vision...
2026-01-19T04:20:53.6190486Z     🧠 [EXPERT] Strategy: Act as Senior SDET focusing on exploring the application to understand functional flow and identifying critical paths for end-to-end automation.
2026-01-19T04:20:53.6193779Z [CACHE HIT] 62fa55e3... (hits: 19, misses: 36)
2026-01-19T04:20:53.6194495Z     ⚠️ Skipping duplicate injection: Go Back
2026-01-19T04:20:53.6195164Z     🧠 Verifying step validity for 'creditCardType' after no candidates found...
2026-01-19T04:20:56.1697613Z [DEBUG] Sending request to gemini-2.0-flash. Number of parts: 2
2026-01-19T04:20:56.1698410Z [DEBUG] Received response (Length: 150)
2026-01-19T04:20:56.1699660Z     🗑️ Step deemed INVALID: The page shows 'Page Expired'. The 'creditCardType' element is not present on this page.. Removing from workflow.
2026-01-19T04:20:56.1700678Z     ⏭️ Skipping execution of invalid step: creditCardType
2026-01-19T04:20:56.1701187Z   ▶️ [STEP step_15] FILL: creditCardNumber
2026-01-19T04:20:56.1764184Z     🔍 Mining locators for: 'creditCardNumber'
2026-01-19T04:20:56.1988537Z     🧠 Consulting AI (Vision-First) to find 'creditCardNumber'...
2026-01-19T04:20:56.1989385Z     🔍 Trying smart selectors for 'creditCardNumber'...
2026-01-19T04:20:56.2370371Z     ⚠️ Smart selectors failed (no unique match). Falling back to AI Vision...
2026-01-19T04:20:56.2373215Z     🧠 [EXPERT] Strategy: Act as Senior SDET focusing on exploring the application to understand functional flow and identifying critical paths for end-to-end automation.
2026-01-19T04:21:01.2357526Z [DEBUG] Sending request to gemini-2.0-flash. Number of parts: 2
2026-01-19T04:21:01.2358443Z [DEBUG] Received response (Length: 259)
2026-01-19T04:21:01.2359761Z     💡 Expert Suggestion: The current page indicates an error (Page Expired). Navigate back to the booking flow to find the credit card number input.
2026-01-19T04:21:01.2360799Z     🛠️ Executing corrective action: click -> 'Back'
2026-01-19T04:21:01.2650726Z     🔄 Retry 1/3 mining locators for 'creditCardNumber'...
2026-01-19T04:21:02.2901467Z     🧠 Consulting AI (Vision-First) to find 'creditCardNumber'...
2026-01-19T04:21:02.2902724Z     🔍 Trying smart selectors for 'creditCardNumber'...
2026-01-19T04:21:02.3279329Z     ⚠️ Smart selectors failed (no unique match). Falling back to AI Vision...
2026-01-19T04:21:02.3281098Z     🧠 [EXPERT] Strategy: Act as Senior SDET focusing on exploring the application to understand functional flow and identifying critical paths for end-to-end automation.
2026-01-19T04:21:02.3283891Z [CACHE HIT] f785307d... (hits: 20, misses: 38)
2026-01-19T04:21:02.3284566Z     ⚠️ Skipping duplicate injection: Back
2026-01-19T04:21:02.3285226Z     🔄 Retry 2/3 mining locators for 'creditCardNumber'...
2026-01-19T04:21:03.3299605Z     🗑️ Invalidating stale AI cache (retry 2)...
2026-01-19T04:21:03.3301371Z     ⚠️ Cache invalidation warning: No module named 'core.agents.domain_expert'
2026-01-19T04:21:03.3540829Z     🧠 Consulting AI (Vision-First) to find 'creditCardNumber'...
2026-01-19T04:21:03.3541433Z     🔍 Trying smart selectors for 'creditCardNumber'...
2026-01-19T04:21:03.3924190Z     ⚠️ Smart selectors failed (no unique match). Falling back to AI Vision...
2026-01-19T04:21:03.3925567Z     🧠 [EXPERT] Strategy: Act as Senior SDET focusing on exploring the application to understand functional flow and identifying critical paths for end-to-end automation.
2026-01-19T04:21:03.3928590Z [CACHE HIT] f785307d... (hits: 21, misses: 38)
2026-01-19T04:21:03.3929295Z     ⚠️ Skipping duplicate injection: Back
2026-01-19T04:21:03.3929857Z     🧠 Verifying step validity for 'creditCardNumber' after no candidates found...
2026-01-19T04:21:06.6102241Z [DEBUG] Sending request to gemini-2.0-flash. Number of parts: 2
2026-01-19T04:21:06.6102955Z [DEBUG] Received response (Length: 193)
2026-01-19T04:21:06.6104844Z     🗑️ Step deemed INVALID: The page shows 'Page Expired'. It's not possible to interact with 'creditCardNumber' because the page is not in the expected state.. Removing from workflow.
2026-01-19T04:21:06.6106222Z     ⏭️ Skipping execution of invalid step: creditCardNumber
2026-01-19T04:21:06.6106802Z   ▶️ [STEP step_16] FILL: creditCardMonth
2026-01-19T04:21:06.6175139Z     🔍 Mining locators for: 'creditCardMonth'
2026-01-19T04:21:06.6401306Z     🧠 Consulting AI (Vision-First) to find 'creditCardMonth'...
2026-01-19T04:21:06.6402146Z     🔍 Trying smart selectors for 'creditCardMonth'...
2026-01-19T04:21:06.6789465Z     ⚠️ Smart selectors failed (no unique match). Falling back to AI Vision...
2026-01-19T04:21:06.6792321Z     🧠 [EXPERT] Strategy: Act as Senior SDET focusing on exploring the application to understand functional flow and identifying critical paths for end-to-end automation.
2026-01-19T04:21:11.3865868Z [DEBUG] Sending request to gemini-2.0-flash. Number of parts: 2
2026-01-19T04:21:11.3866563Z [DEBUG] Received response (Length: 264)
2026-01-19T04:21:11.3868140Z     💡 Expert Suggestion: The current page indicates 'Page Expired'. Navigate back to the booking or payment page to find the credit card month selection.
2026-01-19T04:21:11.3869514Z     🛠️ Executing corrective action: click -> 'Back'
2026-01-19T04:21:11.4171638Z     🔄 Retry 1/3 mining locators for 'creditCardMonth'...
2026-01-19T04:21:12.4480001Z     🧠 Consulting AI (Vision-First) to find 'creditCardMonth'...
2026-01-19T04:21:12.4481003Z     🔍 Trying smart selectors for 'creditCardMonth'...
2026-01-19T04:21:12.4882385Z     ⚠️ Smart selectors failed (no unique match). Falling back to AI Vision...
2026-01-19T04:21:12.4883988Z     🧠 [EXPERT] Strategy: Act as Senior SDET focusing on exploring the application to understand functional flow and identifying critical paths for end-to-end automation.
2026-01-19T04:21:12.4886877Z [CACHE HIT] b7430057... (hits: 22, misses: 40)
2026-01-19T04:21:12.4887571Z     ⚠️ Skipping duplicate injection: Back
2026-01-19T04:21:12.4888041Z     🔄 Retry 2/3 mining locators for 'creditCardMonth'...
2026-01-19T04:21:13.4901317Z     🗑️ Invalidating stale AI cache (retry 2)...
2026-01-19T04:21:13.4902904Z     ⚠️ Cache invalidation warning: No module named 'core.agents.domain_expert'
2026-01-19T04:21:13.5143925Z     🧠 Consulting AI (Vision-First) to find 'creditCardMonth'...
2026-01-19T04:21:13.5144771Z     🔍 Trying smart selectors for 'creditCardMonth'...
2026-01-19T04:21:13.5534436Z     ⚠️ Smart selectors failed (no unique match). Falling back to AI Vision...
2026-01-19T04:21:13.5536137Z     🧠 [EXPERT] Strategy: Act as Senior SDET focusing on exploring the application to understand functional flow and identifying critical paths for end-to-end automation.
2026-01-19T04:21:13.5538339Z [CACHE HIT] b7430057... (hits: 23, misses: 40)
2026-01-19T04:21:13.5538989Z     ⚠️ Skipping duplicate injection: Back
2026-01-19T04:21:13.5540491Z     🧠 Verifying step validity for 'creditCardMonth' after no candidates found...
2026-01-19T04:21:16.0702946Z [DEBUG] Sending request to gemini-2.0-flash. Number of parts: 2
2026-01-19T04:21:16.0703838Z [DEBUG] Received response (Length: 151)
2026-01-19T04:21:16.0705065Z     🗑️ Step deemed INVALID: The page shows 'Page Expired'. The 'creditCardMonth' element is not present on this page.. Removing from workflow.
2026-01-19T04:21:16.0706089Z     ⏭️ Skipping execution of invalid step: creditCardMonth
2026-01-19T04:21:16.0706589Z   ▶️ [STEP step_17] FILL: nameOnCard
2026-01-19T04:21:16.0768215Z     🔍 Mining locators for: 'nameOnCard'
2026-01-19T04:21:16.0994736Z     🧠 Consulting AI (Vision-First) to find 'nameOnCard'...
2026-01-19T04:21:16.0995520Z     🔍 Trying smart selectors for 'nameOnCard'...
2026-01-19T04:21:16.1389581Z     ⚠️ Smart selectors failed (no unique match). Falling back to AI Vision...
2026-01-19T04:21:16.1391263Z     🧠 [EXPERT] Strategy: Act as Senior SDET focusing on exploring the application to understand functional flow and identifying critical paths for end-to-end automation.
2026-01-19T04:21:21.8529464Z [DEBUG] Sending request to gemini-2.0-flash. Number of parts: 2
2026-01-19T04:21:21.8530073Z [DEBUG] Received response (Length: 265)
2026-01-19T04:21:21.8531467Z     💡 Expert Suggestion: The current page displays 'Page Expired'. Navigating back is necessary to find the payment form where 'nameOnCard' is located.
2026-01-19T04:21:21.8532660Z     🛠️ Executing corrective action: click -> 'Go Back'
2026-01-19T04:21:21.8830089Z     🔄 Retry 1/3 mining locators for 'nameOnCard'...
2026-01-19T04:21:22.9128657Z     🧠 Consulting AI (Vision-First) to find 'nameOnCard'...
2026-01-19T04:21:22.9129423Z     🔍 Trying smart selectors for 'nameOnCard'...
2026-01-19T04:21:22.9518710Z     ⚠️ Smart selectors failed (no unique match). Falling back to AI Vision...
2026-01-19T04:21:22.9520309Z     🧠 [EXPERT] Strategy: Act as Senior SDET focusing on exploring the application to understand functional flow and identifying critical paths for end-to-end automation.
2026-01-19T04:21:22.9523097Z [CACHE HIT] 4f48597e... (hits: 24, misses: 42)
2026-01-19T04:21:22.9523968Z     ⚠️ Skipping duplicate injection: Go Back
2026-01-19T04:21:22.9524463Z     🔄 Retry 2/3 mining locators for 'nameOnCard'...
2026-01-19T04:21:23.9537388Z     🗑️ Invalidating stale AI cache (retry 2)...
2026-01-19T04:21:23.9538751Z     ⚠️ Cache invalidation warning: No module named 'core.agents.domain_expert'
2026-01-19T04:21:23.9797172Z     🧠 Consulting AI (Vision-First) to find 'nameOnCard'...
2026-01-19T04:21:23.9797935Z     🔍 Trying smart selectors for 'nameOnCard'...
2026-01-19T04:21:24.0179908Z     ⚠️ Smart selectors failed (no unique match). Falling back to AI Vision...
2026-01-19T04:21:24.0182824Z     🧠 [EXPERT] Strategy: Act as Senior SDET focusing on exploring the application to understand functional flow and identifying critical paths for end-to-end automation.
2026-01-19T04:21:24.0185284Z [CACHE HIT] 4f48597e... (hits: 25, misses: 42)
2026-01-19T04:21:24.0186318Z     ⚠️ Skipping duplicate injection: Go Back
2026-01-19T04:21:24.0187625Z     🧠 Verifying step validity for 'nameOnCard' after no candidates found...
2026-01-19T04:21:26.3270570Z [DEBUG] Sending request to gemini-2.0-flash. Number of parts: 2
2026-01-19T04:21:26.3271825Z [DEBUG] Received response (Length: 146)
2026-01-19T04:21:26.3274539Z     🗑️ Step deemed INVALID: The page shows 'Page Expired'. The 'nameOnCard' element is not present on this page.. Removing from workflow.
2026-01-19T04:21:26.3275947Z     ⏭️ Skipping execution of invalid step: nameOnCard
2026-01-19T04:21:26.3276656Z   ▶️ [STEP step_18] CLICK: Purchase Flight
2026-01-19T04:21:26.3329326Z     🔍 Mining locators for: 'Purchase Flight'
2026-01-19T04:21:26.3555656Z     🧠 Consulting AI (Vision-First) to find 'Purchase Flight'...
2026-01-19T04:21:26.3556491Z     🔍 Trying smart selectors for 'Purchase Flight'...
2026-01-19T04:21:26.4053478Z     ⚠️ Smart selectors failed (no unique match). Falling back to AI Vision...
2026-01-19T04:21:26.4055208Z     🧠 [EXPERT] Strategy: Act as Senior SDET focusing on exploring the application to understand functional flow and identifying critical paths for end-to-end automation.
2026-01-19T04:21:31.7040722Z [DEBUG] Sending request to gemini-2.0-flash. Number of parts: 2
2026-01-19T04:21:31.7041975Z [DEBUG] Received response (Length: 277)
2026-01-19T04:21:31.7045126Z     💡 Expert Suggestion: The page shows 'Page Expired', so navigating back to the home page is the best course of action to find the 'Purchase Flight' option.
2026-01-19T04:21:31.7047770Z     🛠️ Executing corrective action: click -> 'Back to Home'
2026-01-19T04:21:31.7333553Z     🔄 Retry 1/3 mining locators for 'Purchase Flight'...
2026-01-19T04:21:32.7628331Z     🧠 Consulting AI (Vision-First) to find 'Purchase Flight'...
2026-01-19T04:21:32.7628889Z     🔍 Trying smart selectors for 'Purchase Flight'...
2026-01-19T04:21:32.8182334Z     ⚠️ Smart selectors failed (no unique match). Falling back to AI Vision...
2026-01-19T04:21:32.8184542Z     🧠 [EXPERT] Strategy: Act as Senior SDET focusing on exploring the application to understand functional flow and identifying critical paths for end-to-end automation.
2026-01-19T04:21:32.8187097Z [CACHE HIT] 42650df3... (hits: 26, misses: 44)
2026-01-19T04:21:32.8187848Z     ⚠️ Skipping duplicate injection: Back to Home
2026-01-19T04:21:32.8188446Z     🔄 Retry 2/3 mining locators for 'Purchase Flight'...
2026-01-19T04:21:33.8201997Z     🗑️ Invalidating stale AI cache (retry 2)...
2026-01-19T04:21:33.8203932Z     ⚠️ Cache invalidation warning: No module named 'core.agents.domain_expert'
2026-01-19T04:21:33.8455483Z     🧠 Consulting AI (Vision-First) to find 'Purchase Flight'...
2026-01-19T04:21:33.8456428Z     🔍 Trying smart selectors for 'Purchase Flight'...
2026-01-19T04:21:33.8945231Z     ⚠️ Smart selectors failed (no unique match). Falling back to AI Vision...
2026-01-19T04:21:33.8947075Z     🧠 [EXPERT] Strategy: Act as Senior SDET focusing on exploring the application to understand functional flow and identifying critical paths for end-to-end automation.
2026-01-19T04:21:33.8949196Z [CACHE HIT] 42650df3... (hits: 27, misses: 44)
2026-01-19T04:21:33.8950201Z     ⚠️ Skipping duplicate injection: Back to Home
2026-01-19T04:21:33.8953639Z     🧠 Verifying step validity for 'Purchase Flight' after no candidates found...
2026-01-19T04:21:36.1942470Z [DEBUG] Sending request to gemini-2.0-flash. Number of parts: 2
2026-01-19T04:21:36.1943556Z [DEBUG] Received response (Length: 181)
2026-01-19T04:21:36.1946036Z     🗑️ Step deemed INVALID: The page displays 'Page Expired', indicating an error. The 'Purchase Flight' element is unlikely to exist on this page.. Removing from workflow.
2026-01-19T04:21:36.1948244Z     ⏭️ Skipping execution of invalid step: Purchase Flight
2026-01-19T04:21:36.1949478Z   ▶️ [STEP step_19] ASSERT_VISIBLE: Thank you for your purchase today!
2026-01-19T04:21:36.2011869Z     🔍 Mining locators for: 'Thank you for your purchase today!'
2026-01-19T04:21:36.2309479Z     🧠 Consulting AI (Vision-First) to find 'Thank you for your purchase today!'...
2026-01-19T04:21:36.2310919Z     🔍 Trying smart selectors for 'Thank you for your purchase today!'...
2026-01-19T04:21:36.3077237Z     ⚠️ Smart selectors failed (no unique match). Falling back to AI Vision...
2026-01-19T04:21:36.3079196Z     🧠 [EXPERT] Strategy: Act as Senior SDET focusing on exploring the application to understand functional flow and identifying critical paths for end-to-end automation.
2026-01-19T04:21:41.3576787Z [DEBUG] Sending request to gemini-2.0-flash. Number of parts: 2
2026-01-19T04:21:41.3577724Z [DEBUG] Received response (Length: 269)
2026-01-19T04:21:41.3579298Z     💡 Expert Suggestion: The current page shows 'Page Expired'. Need to go back to the booking flow to complete the purchase and see the thank you message.
2026-01-19T04:21:41.3580671Z     🛠️ Executing corrective action: click -> 'Go Back'
2026-01-19T04:21:41.3881548Z     🔄 Retry 1/3 mining locators for 'Thank you for your purchase today!'...
2026-01-19T04:21:42.4131005Z     🧠 Consulting AI (Vision-First) to find 'Thank you for your purchase today!'...
2026-01-19T04:21:42.4132742Z     🔍 Trying smart selectors for 'Thank you for your purchase today!'...
2026-01-19T04:21:42.4862337Z     ⚠️ Smart selectors failed (no unique match). Falling back to AI Vision...
2026-01-19T04:21:42.4865463Z     🧠 [EXPERT] Strategy: Act as Senior SDET focusing on exploring the application to understand functional flow and identifying critical paths for end-to-end automation.
2026-01-19T04:21:42.4867582Z [CACHE HIT] 3a004522... (hits: 28, misses: 46)
2026-01-19T04:21:42.4868577Z     ⚠️ Skipping duplicate injection: Go Back
2026-01-19T04:21:42.4869861Z     🔄 Retry 2/3 mining locators for 'Thank you for your purchase today!'...
2026-01-19T04:21:43.4881714Z     🗑️ Invalidating stale AI cache (retry 2)...
2026-01-19T04:21:43.4884309Z     ⚠️ Cache invalidation warning: No module named 'core.agents.domain_expert'
2026-01-19T04:21:43.5120236Z     🧠 Consulting AI (Vision-First) to find 'Thank you for your purchase today!'...
2026-01-19T04:21:43.5121309Z     🔍 Trying smart selectors for 'Thank you for your purchase today!'...
2026-01-19T04:21:43.5868336Z     ⚠️ Smart selectors failed (no unique match). Falling back to AI Vision...
2026-01-19T04:21:43.5869606Z     🧠 [EXPERT] Strategy: Act as Senior SDET focusing on exploring the application to understand functional flow and identifying critical paths for end-to-end automation.
2026-01-19T04:21:43.5877037Z [CACHE HIT] 3a004522... (hits: 29, misses: 46)
2026-01-19T04:21:43.5877571Z     ⚠️ Skipping duplicate injection: Go Back
2026-01-19T04:21:43.5878633Z     🧠 Verifying step validity for 'Thank you for your purchase today!' after no candidates found...
2026-01-19T04:21:46.1475007Z [DEBUG] Sending request to gemini-2.0-flash. Number of parts: 2
2026-01-19T04:21:46.1475740Z [DEBUG] Received response (Length: 210)
2026-01-19T04:21:46.1477721Z     🗑️ Step deemed INVALID: The page displays 'Page Expired'. Therefore, the element 'Thank you for your purchase today!' does not exist on this page. We are on the wrong page.. Removing from workflow.
2026-01-19T04:21:46.1479518Z     ⏭️ Skipping execution of invalid step: Thank you for your purchase today!
2026-01-19T04:21:48.1939207Z 
2026-01-19T04:21:48.1940036Z [2/3] Exploring Scenario: Vacation Planning
2026-01-19T04:21:48.1941407Z     🧠 Initialized exploration context for goal: 'Book a flight'
2026-01-19T04:21:48.1942283Z   ▶️ [STEP step_1] NAVIGATE: 
2026-01-19T04:21:48.9679940Z     ✅ Navigated to https://blazedemo.com/
2026-01-19T04:21:48.9680954Z   ▶️ [STEP step_2] CLICK: Vacation
2026-01-19T04:21:48.9882668Z     🔍 Mining locators for: 'Vacation'
2026-01-19T04:21:49.0333614Z     🧠 Consulting AI (Vision-First) to find 'Vacation'...
2026-01-19T04:21:49.0334482Z     🔍 Trying smart selectors for 'Vacation'...
2026-01-19T04:21:49.0769855Z     ⚠️ Smart selectors failed (no unique match). Falling back to AI Vision...
2026-01-19T04:21:49.0773140Z     🧠 [EXPERT] Strategy: Act as Senior SDET focusing on exploring the application to understand functional flow and identifying critical paths for end-to-end automation.
2026-01-19T04:21:51.6530013Z [DEBUG] Sending request to gemini-2.0-flash. Number of parts: 2
2026-01-19T04:21:51.6530593Z [DEBUG] Received response (Length: 270)
2026-01-19T04:21:51.6531937Z     💡 Expert Suggestion: The 'Vacation' search is likely located on the home page or a dedicated 'Vacation' page, which might be accessible from the home page.
2026-01-19T04:21:51.6533019Z     🛠️ Executing corrective action: click -> 'home'
2026-01-19T04:21:52.5193987Z     ✅ Executed corrective navigation
2026-01-19T04:21:54.5203724Z     🔄 Retry 1/3 mining locators for 'Vacation'...
2026-01-19T04:21:55.5653924Z     🧠 Consulting AI (Vision-First) to find 'Vacation'...
2026-01-19T04:21:55.5654407Z     🔍 Trying smart selectors for 'Vacation'...
2026-01-19T04:21:55.6160838Z     ⚠️ Smart selectors failed (no unique match). Falling back to AI Vision...
2026-01-19T04:21:55.6164304Z     🧠 [EXPERT] Strategy: Act as Senior SDET focusing on exploring the application to understand functional flow and identifying critical paths for end-to-end automation.
2026-01-19T04:21:56.8144724Z [DEBUG] Sending request to gemini-2.0-flash. Number of parts: 2
2026-01-19T04:21:56.8145605Z [DEBUG] Received response (Length: 214)
2026-01-19T04:21:56.8146806Z     💡 Expert Suggestion: The 'Vacation' option is likely available after registering or logging in.
2026-01-19T04:21:56.8147861Z     🛠️ Executing corrective action: click -> 'Register'
2026-01-19T04:21:57.5299805Z     ✅ Executed corrective navigation
2026-01-19T04:21:59.5324293Z     🔄 Retry 2/3 mining locators for 'Vacation'...
2026-01-19T04:22:00.5337700Z     🗑️ Invalidating stale AI cache (retry 2)...
2026-01-19T04:22:00.5339366Z     ⚠️ Cache invalidation warning: No module named 'core.agents.domain_expert'
2026-01-19T04:22:00.5815307Z     🧠 Consulting AI (Vision-First) to find 'Vacation'...
2026-01-19T04:22:00.5817027Z     🔍 Trying smart selectors for 'Vacation'...
2026-01-19T04:22:00.6301184Z     ⚠️ Smart selectors failed (no unique match). Falling back to AI Vision...
2026-01-19T04:22:00.6302485Z     🧠 [EXPERT] Strategy: Act as Senior SDET focusing on exploring the application to understand functional flow and identifying critical paths for end-to-end automation.
2026-01-19T04:22:01.9848780Z [DEBUG] Sending request to gemini-2.0-flash. Number of parts: 2
2026-01-19T04:22:01.9849422Z [DEBUG] Received response (Length: 273)
2026-01-19T04:22:01.9850880Z     💡 Expert Suggestion: The current page is the registration page. Need to login first to access the main application where 'Vacation' search is likely located.
2026-01-19T04:22:01.9852108Z     🛠️ Executing corrective action: click -> 'Login'
2026-01-19T04:22:02.7029403Z     ✅ Executed corrective navigation
2026-01-19T04:22:04.7052846Z     🧠 Verifying step validity for 'Vacation' after no candidates found...
2026-01-19T04:22:06.7709333Z [DEBUG] Sending request to gemini-2.0-flash. Number of parts: 2
2026-01-19T04:22:06.7710704Z [DEBUG] Received response (Length: 177)
2026-01-19T04:22:06.7714234Z     🗑️ Step deemed INVALID: The target element 'Vacation' does not exist on the registration page. We are on the wrong page to find 'Vacation'.. Removing from workflow.
2026-01-19T04:22:06.7717113Z     ⏭️ Skipping execution of invalid step: Vacation
2026-01-19T04:22:06.7718364Z   ▶️ [STEP step_3] ASSERT_URL: 
2026-01-19T04:22:11.8008726Z     ⚠️ Scroll into view failed for text=None. Proceeding anyway.
2026-01-19T04:22:13.8032334Z     ✅ State transitioned.
2026-01-19T04:22:15.1552512Z [DEBUG] Sending request to gemini-2.0-flash. Number of parts: 2
2026-01-19T04:22:15.1553843Z [DEBUG] Received response (Length: 168)
2026-01-19T04:22:15.1554936Z     🤖 AI Next Step Suggestion: fill -> E-Mail Address
2026-01-19T04:22:15.1555557Z     🧩 Suggested Locator: #email
2026-01-19T04:22:15.1556226Z     💭 Reasoning: Need to fill in the email address to login.
2026-01-19T04:22:15.1556909Z     ➕ Injected AI step: fill -> E-Mail Address
2026-01-19T04:22:15.1557517Z   ▶️ [STEP step_3_ai_1] FILL: E-Mail Address
2026-01-19T04:22:15.1613758Z     🎯 Using AI-provided locator: #email
2026-01-19T04:22:15.1680206Z     ✅ Found 1 verified locators
2026-01-19T04:22:21.1151825Z     ✅ State transitioned.
2026-01-19T04:22:22.4632560Z [DEBUG] Sending request to gemini-2.0-flash. Number of parts: 2
2026-01-19T04:22:22.4633773Z [DEBUG] Received response (Length: 189)
2026-01-19T04:22:22.4634595Z     🤖 AI Next Step Suggestion: fill -> Password
2026-01-19T04:22:22.4635141Z     🧩 Suggested Locator: #password
2026-01-19T04:22:22.4635928Z     💭 Reasoning: The email field is filled, now filling the password field to attempt login.
2026-01-19T04:22:22.4636706Z     ➕ Injected AI step: fill -> Password
2026-01-19T04:22:22.4637202Z   ▶️ [STEP step_3_ai_2] FILL: Password
2026-01-19T04:22:22.4704736Z     🎯 Using AI-provided locator: #password
2026-01-19T04:22:22.4771074Z     ✅ Found 1 verified locators
2026-01-19T04:22:28.1381099Z     ✅ State transitioned.
2026-01-19T04:22:29.4728015Z [DEBUG] Sending request to gemini-2.0-flash. Number of parts: 2
2026-01-19T04:22:29.4728763Z [DEBUG] Received response (Length: 225)
2026-01-19T04:22:29.4729429Z     🤖 AI Next Step Suggestion: click -> Login
2026-01-19T04:22:29.4729882Z     🧩 Suggested Locator: button
2026-01-19T04:22:29.4730834Z     💭 Reasoning: The email and password fields have been filled. Clicking the 'Login' button is the next logical step to attempt to log in.
2026-01-19T04:22:29.4731751Z     ➕ Injected AI step: click -> Login
2026-01-19T04:22:29.4732163Z   ▶️ [STEP step_3_ai_3] CLICK: Login
2026-01-19T04:22:29.4785197Z     🎯 Using AI-provided locator: button
2026-01-19T04:22:29.4803777Z     🔍 Mining locators for: 'Login'
2026-01-19T04:22:29.5311457Z     ✅ Found 3 verified locators
2026-01-19T04:22:33.1041678Z     ✅ State transitioned.
2026-01-19T04:22:34.1443185Z [DEBUG] Sending request to gemini-2.0-flash. Number of parts: 2
2026-01-19T04:22:34.1443934Z [DEBUG] Received response (Length: 156)
2026-01-19T04:22:34.1444607Z     🤖 AI Next Step Suggestion: done -> N/A
2026-01-19T04:22:34.1445499Z     💭 Reasoning: The page shows 'Page Expired' and there are no interactive elements. The goal is unlikely to be achieved from here.
2026-01-19T04:22:34.1446313Z   ▶️ [STEP step_4] ASSERT_VISIBLE: Hawaii
2026-01-19T04:22:34.1613134Z     🔍 Mining locators for: 'Hawaii'
2026-01-19T04:22:34.1834807Z     🧠 Consulting AI (Vision-First) to find 'Hawaii'...
2026-01-19T04:22:34.1835293Z     🔍 Trying smart selectors for 'Hawaii'...
2026-01-19T04:22:34.2228532Z     ⚠️ Smart selectors failed (no unique match). Falling back to AI Vision...
2026-01-19T04:22:34.2231470Z     🧠 [EXPERT] Strategy: Act as Senior SDET focusing on exploring the application to understand functional flow and identifying critical paths for end-to-end automation.
2026-01-19T04:22:39.2740577Z [DEBUG] Sending request to gemini-2.0-flash. Number of parts: 2
2026-01-19T04:22:39.2741695Z [DEBUG] Received response (Length: 227)
2026-01-19T04:22:39.2743948Z     💡 Expert Suggestion: The current page appears to be an error page. A search function is needed to find Hawaii.
2026-01-19T04:22:39.2745266Z     🛠️ Executing corrective action: click -> 'Search'
2026-01-19T04:22:39.3032415Z     🔄 Retry 1/3 mining locators for 'Hawaii'...
2026-01-19T04:22:40.3268642Z     🧠 Consulting AI (Vision-First) to find 'Hawaii'...
2026-01-19T04:22:40.3269786Z     🔍 Trying smart selectors for 'Hawaii'...
2026-01-19T04:22:40.3652791Z     ⚠️ Smart selectors failed (no unique match). Falling back to AI Vision...
2026-01-19T04:22:40.3654336Z     🧠 [EXPERT] Strategy: Act as Senior SDET focusing on exploring the application to understand functional flow and identifying critical paths for end-to-end automation.
2026-01-19T04:22:40.3657176Z [CACHE HIT] c9ee5444... (hits: 30, misses: 56)
2026-01-19T04:22:40.3657843Z     ⚠️ Skipping duplicate injection: Search
2026-01-19T04:22:40.3658271Z     🔄 Retry 2/3 mining locators for 'Hawaii'...
2026-01-19T04:22:41.3671295Z     🗑️ Invalidating stale AI cache (retry 2)...
2026-01-19T04:22:41.3672728Z     ⚠️ Cache invalidation warning: No module named 'core.agents.domain_expert'
2026-01-19T04:22:41.3939506Z     🧠 Consulting AI (Vision-First) to find 'Hawaii'...
2026-01-19T04:22:41.3940436Z     🔍 Trying smart selectors for 'Hawaii'...
2026-01-19T04:22:41.4321141Z     ⚠️ Smart selectors failed (no unique match). Falling back to AI Vision...
2026-01-19T04:22:41.4324250Z     🧠 [EXPERT] Strategy: Act as Senior SDET focusing on exploring the application to understand functional flow and identifying critical paths for end-to-end automation.
2026-01-19T04:22:41.4326472Z [CACHE HIT] c9ee5444... (hits: 31, misses: 56)
2026-01-19T04:22:41.4327462Z     ⚠️ Skipping duplicate injection: Search
2026-01-19T04:22:41.4328472Z     🧠 Verifying step validity for 'Hawaii' after no candidates found...
2026-01-19T04:22:44.0350332Z [DEBUG] Sending request to gemini-2.0-flash. Number of parts: 2
2026-01-19T04:22:44.0351029Z [DEBUG] Received response (Length: 152)
2026-01-19T04:22:44.0352817Z     🗑️ Step deemed INVALID: The page shows 'Page Expired'. There is no 'Hawaii' element to interact with on this page.. Removing from workflow.
2026-01-19T04:22:44.0354289Z     ⏭️ Skipping execution of invalid step: Hawaii
2026-01-19T04:22:46.0704145Z 
2026-01-19T04:22:46.0705100Z [3/3] Exploring Scenario: Password Reset
2026-01-19T04:22:46.0706840Z     🧠 Initialized exploration context for goal: 'Book a flight'
2026-01-19T04:22:46.0707959Z   ▶️ [STEP step_1] NAVIGATE: 
2026-01-19T04:22:46.8268701Z     ✅ Navigated to https://blazedemo.com/
2026-01-19T04:22:46.8269705Z   ▶️ [STEP step_2] CLICK: home
2026-01-19T04:22:46.8461221Z     🔍 Mining locators for: 'home'
2026-01-19T04:22:46.8912155Z     ✅ Found 2 verified locators
2026-01-19T04:22:50.4710983Z     ✅ State transitioned.
2026-01-19T04:22:51.6672386Z [DEBUG] Sending request to gemini-2.0-flash. Number of parts: 2
2026-01-19T04:22:51.6673049Z [DEBUG] Received response (Length: 168)
2026-01-19T04:22:51.6674221Z     🤖 AI Next Step Suggestion: fill -> E-Mail Address
2026-01-19T04:22:51.6674732Z     🧩 Suggested Locator: #email
2026-01-19T04:22:51.6675222Z     💭 Reasoning: Need to fill in the email address to login.
2026-01-19T04:22:51.6675755Z     ➕ Injected AI step: fill -> E-Mail Address
2026-01-19T04:22:51.6676217Z   ▶️ [STEP step_2_ai_1] FILL: E-Mail Address
2026-01-19T04:22:51.6853167Z     🎯 Using AI-provided locator: #email
2026-01-19T04:22:51.6911927Z     ✅ Found 1 verified locators
2026-01-19T04:22:59.1008078Z     ✅ State transitioned.
2026-01-19T04:23:00.6268045Z [DEBUG] Sending request to gemini-2.0-flash. Number of parts: 2
2026-01-19T04:23:00.6269534Z [DEBUG] Received response (Length: 162)
2026-01-19T04:23:00.6271183Z     🤖 AI Next Step Suggestion: fill -> Password
2026-01-19T04:23:00.6272619Z     🧩 Suggested Locator: #password
2026-01-19T04:23:00.6274685Z     💭 Reasoning: Need to fill in the password field to attempt login.
2026-01-19T04:23:00.6276485Z     ➕ Injected AI step: fill -> Password
2026-01-19T04:23:00.6277676Z   ▶️ [STEP step_2_ai_2] FILL: Password
2026-01-19T04:23:00.6338448Z     🎯 Using AI-provided locator: #password
2026-01-19T04:23:00.6397179Z     ✅ Found 1 verified locators
2026-01-19T04:23:06.1794680Z     ✅ State transitioned.
2026-01-19T04:23:07.8854343Z [DEBUG] Sending request to gemini-2.0-flash. Number of parts: 2
2026-01-19T04:23:07.8855484Z [DEBUG] Received response (Length: 221)
2026-01-19T04:23:07.8856672Z     🤖 AI Next Step Suggestion: click -> Login
2026-01-19T04:23:07.8858093Z     💭 Reasoning: The email and password fields have been filled. Clicking the 'Login' button is the next logical step to attempt to log in.
2026-01-19T04:23:07.8859257Z     ➕ Injected AI step: click -> Login
2026-01-19T04:23:07.8859798Z   ▶️ [STEP step_2_ai_3] CLICK: Login
2026-01-19T04:23:07.8929539Z     🔍 Mining locators for: 'Login'
2026-01-19T04:23:07.9439920Z     ✅ Found 3 verified locators
2026-01-19T04:23:11.4867967Z     ✅ State transitioned.
2026-01-19T04:23:12.6277134Z [DEBUG] Sending request to gemini-2.0-flash. Number of parts: 2
2026-01-19T04:23:12.6278002Z [DEBUG] Received response (Length: 249)
2026-01-19T04:23:12.6278960Z     🤖 AI Next Step Suggestion: navigate -> home
2026-01-19T04:23:12.6279567Z     🧩 Suggested Locator: a[href='/']
2026-01-19T04:23:12.6281042Z     💭 Reasoning: The login was unsuccessful, and the page shows 'Page Expired'. Navigating back to the home page is the next logical step to start the booking process again.
2026-01-19T04:23:12.6282404Z     ➕ Injected AI step: navigate -> home
2026-01-19T04:23:12.6282958Z   ▶️ [STEP step_2_ai_4] NAVIGATE: home
2026-01-19T04:23:12.6439846Z     ⚠️ Skipping invalid navigation target: 'home' (not a valid URL)
2026-01-19T04:23:12.6440780Z     💡 Hint: AI should suggest clicking a link/button, not navigating to 'home'
2026-01-19T04:23:12.6441452Z   ▶️ [STEP step_3] CLICK: login
2026-01-19T04:23:12.6490979Z     🔍 Mining locators for: 'login'
2026-01-19T04:23:12.6751711Z     🧠 Consulting AI (Vision-First) to find 'login'...
2026-01-19T04:23:12.6752474Z     🔍 Trying smart selectors for 'login'...
2026-01-19T04:23:12.7137845Z     ⚠️ Smart selectors failed (no unique match). Falling back to AI Vision...
2026-01-19T04:23:12.7140588Z     🧠 [EXPERT] Strategy: Act as Senior SDET focusing on exploring the application to understand functional flow and identifying critical paths for end-to-end automation.
2026-01-19T04:23:17.6900998Z [DEBUG] Sending request to gemini-2.0-flash. Number of parts: 2
2026-01-19T04:23:17.6901702Z [DEBUG] Received response (Length: 221)
2026-01-19T04:23:17.6912223Z     💡 Expert Suggestion: The page shows 'Page Expired', suggesting a return to the homepage to find the login.
2026-01-19T04:23:17.6913596Z     🛠️ Executing corrective action: click -> 'Home'
2026-01-19T04:23:17.7257573Z     🔄 Retry 1/3 mining locators for 'login'...
2026-01-19T04:23:18.7511457Z     🧠 Consulting AI (Vision-First) to find 'login'...
2026-01-19T04:23:18.7512575Z     🔍 Trying smart selectors for 'login'...
2026-01-19T04:23:18.7908990Z     ⚠️ Smart selectors failed (no unique match). Falling back to AI Vision...
2026-01-19T04:23:18.7911230Z     🧠 [EXPERT] Strategy: Act as Senior SDET focusing on exploring the application to understand functional flow and identifying critical paths for end-to-end automation.
2026-01-19T04:23:18.7915636Z [CACHE HIT] 2c8a023e... (hits: 32, misses: 62)
2026-01-19T04:23:18.7916326Z     ⚠️ Skipping duplicate injection: Home
2026-01-19T04:23:18.7916776Z     🔄 Retry 2/3 mining locators for 'login'...
2026-01-19T04:23:19.7929648Z     🗑️ Invalidating stale AI cache (retry 2)...
2026-01-19T04:23:19.7931085Z     ⚠️ Cache invalidation warning: No module named 'core.agents.domain_expert'
2026-01-19T04:23:19.8161624Z     🧠 Consulting AI (Vision-First) to find 'login'...
2026-01-19T04:23:19.8162085Z     🔍 Trying smart selectors for 'login'...
2026-01-19T04:23:19.8558192Z     ⚠️ Smart selectors failed (no unique match). Falling back to AI Vision...
2026-01-19T04:23:19.8559745Z     🧠 [EXPERT] Strategy: Act as Senior SDET focusing on exploring the application to understand functional flow and identifying critical paths for end-to-end automation.
2026-01-19T04:23:19.8562771Z [CACHE HIT] 2c8a023e... (hits: 33, misses: 62)
2026-01-19T04:23:19.8563680Z     ⚠️ Skipping duplicate injection: Home
2026-01-19T04:23:19.8564339Z     🧠 Verifying step validity for 'login' after no candidates found...
2026-01-19T04:23:22.5641731Z [DEBUG] Sending request to gemini-2.0-flash. Number of parts: 2
2026-01-19T04:23:22.5642420Z [DEBUG] Received response (Length: 175)
2026-01-19T04:23:22.5644161Z     🗑️ Step deemed INVALID: The page displays 'Page Expired', indicating an error. There is no 'login' element to interact with on this page.. Removing from workflow.
2026-01-19T04:23:22.5645369Z     ⏭️ Skipping execution of invalid step: login
2026-01-19T04:23:22.5645955Z   ▶️ [STEP step_4] CLICK: Forgot Your Password?
2026-01-19T04:23:22.5708416Z     🔍 Mining locators for: 'Forgot Your Password?'
2026-01-19T04:23:22.5930504Z     🧠 Consulting AI (Vision-First) to find 'Forgot Your Password?'...
2026-01-19T04:23:22.5931365Z     🔍 Trying smart selectors for 'Forgot Your Password?'...
2026-01-19T04:23:22.6505411Z     ⚠️ Smart selectors failed (no unique match). Falling back to AI Vision...
2026-01-19T04:23:22.6506713Z     🧠 [EXPERT] Strategy: Act as Senior SDET focusing on exploring the application to understand functional flow and identifying critical paths for end-to-end automation.
2026-01-19T04:23:27.6806211Z [DEBUG] Sending request to gemini-2.0-flash. Number of parts: 2
2026-01-19T04:23:27.6806936Z [DEBUG] Received response (Length: 285)
2026-01-19T04:23:27.6808310Z     💡 Expert Suggestion: The current page indicates 'Page Expired', suggesting the user needs to return to the login page to find the 'Forgot Your Password?' option.
2026-01-19T04:23:27.6809462Z     🛠️ Executing corrective action: click -> 'Back to Login'
2026-01-19T04:23:27.7114221Z     🔄 Retry 1/3 mining locators for 'Forgot Your Password?'...
2026-01-19T04:23:28.7416387Z     🧠 Consulting AI (Vision-First) to find 'Forgot Your Password?'...
2026-01-19T04:23:28.7417532Z     🔍 Trying smart selectors for 'Forgot Your Password?'...
2026-01-19T04:23:28.7977770Z     ⚠️ Smart selectors failed (no unique match). Falling back to AI Vision...
2026-01-19T04:23:28.7980701Z     🧠 [EXPERT] Strategy: Act as Senior SDET focusing on exploring the application to understand functional flow and identifying critical paths for end-to-end automation.
2026-01-19T04:23:28.7982936Z [CACHE HIT] 3493741b... (hits: 34, misses: 64)
2026-01-19T04:23:28.7984202Z     ⚠️ Skipping duplicate injection: Back to Login
2026-01-19T04:23:28.7985383Z     🔄 Retry 2/3 mining locators for 'Forgot Your Password?'...
2026-01-19T04:23:29.7996353Z     🗑️ Invalidating stale AI cache (retry 2)...
2026-01-19T04:23:29.7998006Z     ⚠️ Cache invalidation warning: No module named 'core.agents.domain_expert'
2026-01-19T04:23:29.8240181Z     🧠 Consulting AI (Vision-First) to find 'Forgot Your Password?'...
2026-01-19T04:23:29.8241722Z     🔍 Trying smart selectors for 'Forgot Your Password?'...
2026-01-19T04:23:29.8785901Z     ⚠️ Smart selectors failed (no unique match). Falling back to AI Vision...
2026-01-19T04:23:29.8787351Z     🧠 [EXPERT] Strategy: Act as Senior SDET focusing on exploring the application to understand functional flow and identifying critical paths for end-to-end automation.
2026-01-19T04:23:29.8790381Z [CACHE HIT] 3493741b... (hits: 35, misses: 64)
2026-01-19T04:23:29.8791157Z     ⚠️ Skipping duplicate injection: Back to Login
2026-01-19T04:23:29.8791782Z     🧠 Verifying step validity for 'Forgot Your Password?' after no candidates found...
2026-01-19T04:23:32.6893216Z [DEBUG] Sending request to gemini-2.0-flash. Number of parts: 2
2026-01-19T04:23:32.6894571Z [DEBUG] Received response (Length: 173)
2026-01-19T04:23:32.6897571Z     🗑️ Step deemed INVALID: The screenshot shows a 'Page Expired' message. The 'Forgot Your Password?' element is not present on this page.. Removing from workflow.
2026-01-19T04:23:32.6900435Z     ⏭️ Skipping execution of invalid step: Forgot Your Password?
2026-01-19T04:23:32.6901662Z   ▶️ [STEP step_5] ASSERT_URL: 
2026-01-19T04:23:37.7052624Z     ⚠️ Scroll into view failed for text=None. Proceeding anyway.
2026-01-19T04:23:39.7075460Z     ✅ State transitioned.
2026-01-19T04:23:41.0283176Z [DEBUG] Sending request to gemini-2.0-flash. Number of parts: 2
2026-01-19T04:23:41.0284502Z [DEBUG] Received response (Length: 260)
2026-01-19T04:23:41.0285846Z     🤖 AI Next Step Suggestion: navigate -> home page
2026-01-19T04:23:41.0288767Z     💭 Reasoning: The login attempt failed, and the page shows 'Page Expired'. Navigating back to the home page is the next logical step to start the booking process again.
2026-01-19T04:23:41.0291352Z     ➕ Injected AI step: navigate -> home page
2026-01-19T04:23:41.0292434Z   ▶️ [STEP step_5_ai_1] NAVIGATE: home page
2026-01-19T04:23:41.5370685Z     ❌ Navigation failed to home page: Page.goto: Protocol error (Page.navigate): Cannot navigate to invalid URL
2026-01-19T04:23:41.5373028Z Call log:
2026-01-19T04:23:41.5374309Z   - navigating to "home page", waiting until "domcontentloaded"
2026-01-19T04:23:41.5375215Z 
2026-01-19T04:23:41.5376522Z     ⚠️ Critical step failure: Page.goto: Protocol error (Page.navigate): Cannot navigate to invalid URL
2026-01-19T04:23:41.5378057Z Call log:
2026-01-19T04:23:41.5378598Z   - navigating t
2026-01-19T04:23:41.5379358Z   ▶️ [STEP step_6] FILL: email
2026-01-19T04:23:41.5438408Z     🔍 Mining locators for: 'email'
2026-01-19T04:23:41.5660057Z     🧠 Consulting AI (Vision-First) to find 'email'...
2026-01-19T04:23:41.5660986Z     🔍 Trying smart selectors for 'email'...
2026-01-19T04:23:41.6050774Z     ⚠️ Smart selectors failed (no unique match). Falling back to AI Vision...
2026-01-19T04:23:41.6052233Z     🧠 [EXPERT] Strategy: Act as Senior SDET focusing on exploring the application to understand functional flow and identifying critical paths for end-to-end automation.
2026-01-19T04:23:45.9109190Z [DEBUG] Sending request to gemini-2.0-flash. Number of parts: 2
2026-01-19T04:23:45.9110111Z [DEBUG] Received response (Length: 226)
2026-01-19T04:23:45.9111296Z     💡 Expert Suggestion: The page shows 'Page Expired'. Navigate back to the previous page to find the email field.
2026-01-19T04:23:45.9112274Z     🛠️ Executing corrective action: click -> 'Back'
2026-01-19T04:23:45.9399002Z     🔄 Retry 1/3 mining locators for 'email'...
2026-01-19T04:23:46.9662939Z     🧠 Consulting AI (Vision-First) to find 'email'...
2026-01-19T04:23:46.9663595Z     🔍 Trying smart selectors for 'email'...
2026-01-19T04:23:47.0054276Z     ⚠️ Smart selectors failed (no unique match). Falling back to AI Vision...
2026-01-19T04:23:47.0055776Z     🧠 [EXPERT] Strategy: Act as Senior SDET focusing on exploring the application to understand functional flow and identifying critical paths for end-to-end automation.
2026-01-19T04:23:47.0058779Z [CACHE HIT] 5bfadab8... (hits: 36, misses: 67)
2026-01-19T04:23:47.0059418Z     ⚠️ Skipping duplicate injection: Back
2026-01-19T04:23:47.0059847Z     🔄 Retry 2/3 mining locators for 'email'...
2026-01-19T04:23:48.0073735Z     🗑️ Invalidating stale AI cache (retry 2)...
2026-01-19T04:23:48.0075207Z     ⚠️ Cache invalidation warning: No module named 'core.agents.domain_expert'
2026-01-19T04:23:48.0301548Z     🧠 Consulting AI (Vision-First) to find 'email'...
2026-01-19T04:23:48.0302492Z     🔍 Trying smart selectors for 'email'...
2026-01-19T04:23:48.0680662Z     ⚠️ Smart selectors failed (no unique match). Falling back to AI Vision...
2026-01-19T04:23:48.0683835Z     🧠 [EXPERT] Strategy: Act as Senior SDET focusing on exploring the application to understand functional flow and identifying critical paths for end-to-end automation.
2026-01-19T04:23:48.0685685Z [CACHE HIT] 5bfadab8... (hits: 37, misses: 67)
2026-01-19T04:23:48.0686633Z     ⚠️ Skipping duplicate injection: Back
2026-01-19T04:23:48.0688026Z     🧠 Verifying step validity for 'email' after no candidates found...
2026-01-19T04:23:50.6485902Z [DEBUG] Sending request to gemini-2.0-flash. Number of parts: 2
2026-01-19T04:23:50.6486554Z [DEBUG] Received response (Length: 146)
2026-01-19T04:23:50.6487895Z     🗑️ Step deemed INVALID: The screenshot shows a 'Page Expired' message. There is no email field on this page.. Removing from workflow.
2026-01-19T04:23:50.6488945Z     ⏭️ Skipping execution of invalid step: email
2026-01-19T04:23:50.6489486Z   ▶️ [STEP step_7] CLICK: Reset Password
2026-01-19T04:23:50.6550588Z     🔍 Mining locators for: 'Reset Password'
2026-01-19T04:23:50.6775793Z     🧠 Consulting AI (Vision-First) to find 'Reset Password'...
2026-01-19T04:23:50.6776396Z     🔍 Trying smart selectors for 'Reset Password'...
2026-01-19T04:23:50.7271054Z     ⚠️ Smart selectors failed (no unique match). Falling back to AI Vision...
2026-01-19T04:23:50.7274322Z     🧠 [EXPERT] Strategy: Act as Senior SDET focusing on exploring the application to understand functional flow and identifying critical paths for end-to-end automation.
2026-01-19T04:23:55.9079951Z [DEBUG] Sending request to gemini-2.0-flash. Number of parts: 2
2026-01-19T04:23:55.9080700Z [DEBUG] Received response (Length: 289)
2026-01-19T04:23:55.9082415Z     💡 Expert Suggestion: The current page indicates 'Page Expired'. A 'Back to Login' button would likely lead to a login page where 'Reset Password' is typically found.
2026-01-19T04:23:55.9084040Z     🛠️ Executing corrective action: click -> 'Back to Login'
2026-01-19T04:23:55.9406451Z     🔄 Retry 1/3 mining locators for 'Reset Password'...
2026-01-19T04:23:56.9655412Z     🧠 Consulting AI (Vision-First) to find 'Reset Password'...
2026-01-19T04:23:56.9655950Z     🔍 Trying smart selectors for 'Reset Password'...
2026-01-19T04:23:57.0134280Z     ⚠️ Smart selectors failed (no unique match). Falling back to AI Vision...
2026-01-19T04:23:57.0135822Z     🧠 [EXPERT] Strategy: Act as Senior SDET focusing on exploring the application to understand functional flow and identifying critical paths for end-to-end automation.
2026-01-19T04:23:57.0139342Z [CACHE HIT] 2f849424... (hits: 38, misses: 69)
2026-01-19T04:23:57.0140258Z     ⚠️ Skipping duplicate injection: Back to Login
2026-01-19T04:23:57.0140771Z     🔄 Retry 2/3 mining locators for 'Reset Password'...
2026-01-19T04:23:58.0153638Z     🗑️ Invalidating stale AI cache (retry 2)...
2026-01-19T04:23:58.0155464Z     ⚠️ Cache invalidation warning: No module named 'core.agents.domain_expert'
2026-01-19T04:23:58.0397753Z     🧠 Consulting AI (Vision-First) to find 'Reset Password'...
2026-01-19T04:23:58.0398623Z     🔍 Trying smart selectors for 'Reset Password'...
2026-01-19T04:23:58.0882498Z     ⚠️ Smart selectors failed (no unique match). Falling back to AI Vision...
2026-01-19T04:23:58.0884668Z     🧠 [EXPERT] Strategy: Act as Senior SDET focusing on exploring the application to understand functional flow and identifying critical paths for end-to-end automation.
2026-01-19T04:23:58.0886457Z [CACHE HIT] 2f849424... (hits: 39, misses: 69)
2026-01-19T04:23:58.0887181Z     ⚠️ Skipping duplicate injection: Back to Login
2026-01-19T04:23:58.0888332Z     🧠 Verifying step validity for 'Reset Password' after no candidates found...
2026-01-19T04:24:00.8807842Z [DEBUG] Sending request to gemini-2.0-flash. Number of parts: 2
2026-01-19T04:24:00.8808770Z [DEBUG] Received response (Length: 166)
2026-01-19T04:24:00.8810397Z     🗑️ Step deemed INVALID: The screenshot shows a 'Page Expired' message. The 'Reset Password' element is not visible on this page.. Removing from workflow.
2026-01-19T04:24:00.8811792Z     ⏭️ Skipping execution of invalid step: Reset Password
2026-01-19T04:24:02.9172545Z 🗂️  All generated tests written to /home/runner/work/build_qa_automation/build_qa_automation/projects/ci_blazedemo_travel/tests/generated_scenarios.json
2026-01-19T04:24:02.9185640Z 🔄 Updated workflow.json with discovered steps and locators.
2026-01-19T04:24:02.9186117Z 
2026-01-19T04:24:02.9186355Z ✅ Deep Exploration Complete.
2026-01-19T04:25:39.4390091Z 
2026-01-19T04:25:39.4390992Z 🚀 [EXECUTE] Starting Automation Execution Engine
2026-01-19T04:25:39.4391755Z 📍 Project: ci_blazedemo_travel
2026-01-19T04:25:39.4392479Z 🎬 Mode: Headless
2026-01-19T04:25:39.4392778Z 
2026-01-19T04:25:39.4393015Z --- Scenario: Book a flight ---
2026-01-19T04:25:39.4394031Z   ▶️ [STEP step_1] NAVIGATE: Step step_1
2026-01-19T04:25:39.4394788Z     ✅ Step step_1 Passed.
2026-01-19T04:25:39.4395466Z   ▶️ [STEP step_2] ASSERT_URL: Step step_2
2026-01-19T04:25:39.4396207Z     ✅ Step step_2 Passed.
2026-01-19T04:25:39.4396834Z   ▶️ [STEP step_2_ai_1] CLICK: Find Flights
2026-01-19T04:25:39.4397453Z     🎯 Using mined locator: text=Find Flights >> xpath=.. >> input
2026-01-19T04:25:39.4398019Z     ✅ Step step_2_ai_1 Passed.
2026-01-19T04:25:39.4398492Z   ▶️ [STEP step_2_ai_2] CLICK: Choose This Flight
2026-01-19T04:25:39.4398993Z     ✅ Step step_2_ai_2 Passed.
2026-01-19T04:25:39.4399412Z   ▶️ [STEP step_9] FILL: input Name
2026-01-19T04:25:39.4400063Z     ⚠️ Mined locators not found on page. Falling back to semantic search.
2026-01-19T04:25:39.4401424Z     ❌ Attempt 1 failed (element_not_found): Locator.scroll_into_view_if_needed: Timeout 10000ms exceeded.
2026-01-19T04:25:39.4402038Z Call log:
2026-01-19T04:25:39.4402272Z   - waiting for locator("tex...
2026-01-19T04:25:39.4402730Z     🔧 [AUTO-HEAL] Re-mining page to find 'input Name'...
2026-01-19T04:25:39.4403740Z [DEBUG] Sending request to gemini-2.0-flash. Number of parts: 2
2026-01-19T04:25:39.4404306Z [DEBUG] Received response (Length: 525)
2026-01-19T04:25:39.4404802Z     ✨ AI successfully healed the step! Found 2 alternatives.
2026-01-19T04:25:39.4405393Z     ✨ AI successfully healed the step! New selector: input[name='name']
2026-01-19T04:25:39.4406206Z     ❌ Attempt 2 failed (element_not_found): Locator.scroll_into_view_if_needed: Timeout 10000ms exceeded.
2026-01-19T04:25:39.4406790Z Call log:
2026-01-19T04:25:39.4407028Z   - waiting for locator("inp...
2026-01-19T04:25:39.4407680Z     🔧 [AUTO-HEAL] Re-mining page to find 'input Name'...
2026-01-19T04:25:39.4408091Z [CACHE HIT] 926f0b96... (hits: 1, misses: 1)
2026-01-19T04:25:39.4408568Z     ✨ AI successfully healed the step! Found 2 alternatives.
2026-01-19T04:25:39.4409160Z     ✨ AI successfully healed the step! New selector: input[name='name']
2026-01-19T04:25:39.4409966Z     ❌ Attempt 3 failed (element_not_found): Locator.scroll_into_view_if_needed: Timeout 10000ms exceeded.
2026-01-19T04:25:39.4410559Z Call log:
2026-01-19T04:25:39.4410785Z   - waiting for locator("inp...
2026-01-19T04:25:39.4411151Z     💀 Step step_9 failed after all retries.
2026-01-19T04:25:39.4411617Z 🛑 Scenario 'Book a flight' aborted due to step failure.
2026-01-19T04:25:39.4411908Z 
2026-01-19T04:25:39.4412019Z --- Scenario: Vacation Planning ---
2026-01-19T04:25:39.4412348Z   ▶️ [STEP step_1] NAVIGATE: Step step_1
2026-01-19T04:25:39.4412660Z     ✅ Step step_1 Passed.
2026-01-19T04:25:39.4412952Z   ▶️ [STEP step_3] ASSERT_URL: Step step_3
2026-01-19T04:25:39.4413550Z     ✅ Step step_3 Passed.
2026-01-19T04:25:39.4413861Z   ▶️ [STEP step_3_ai_1] FILL: E-Mail Address
2026-01-19T04:25:39.4414329Z     ⚠️ Mined locators not found on page. Falling back to semantic search.
2026-01-19T04:25:39.4415027Z     ❌ Attempt 1 failed (element_not_found): Locator.scroll_into_view_if_needed: Timeout 10000ms exceeded.
2026-01-19T04:25:39.4415523Z Call log:
2026-01-19T04:25:39.4415718Z   - waiting for locator("tex...
2026-01-19T04:25:39.4416088Z     🔧 [AUTO-HEAL] Re-mining page to find 'E-Mail Address'...
2026-01-19T04:25:39.4416518Z [DEBUG] Sending request to gemini-2.0-flash. Number of parts: 2
2026-01-19T04:25:39.4416896Z [DEBUG] Received response (Length: 38)
2026-01-19T04:25:39.4417329Z     ❌ AI could not re-locate the element. Waiting 1s before next retry.
2026-01-19T04:25:39.4418006Z     ❌ Attempt 2 failed (element_not_found): Locator.scroll_into_view_if_needed: Timeout 10000ms exceeded.
2026-01-19T04:25:39.4418502Z Call log:
2026-01-19T04:25:39.4418695Z   - waiting for locator("tex...
2026-01-19T04:25:39.4419079Z     🔧 [AUTO-HEAL] Re-mining page to find 'E-Mail Address'...
2026-01-19T04:25:39.4419441Z [CACHE HIT] a2f675f0... (hits: 2, misses: 2)
2026-01-19T04:25:39.4419884Z     ❌ AI could not re-locate the element. Waiting 1s before next retry.
2026-01-19T04:25:39.4420562Z     ❌ Attempt 3 failed (element_not_found): Locator.scroll_into_view_if_needed: Timeout 10000ms exceeded.
2026-01-19T04:25:39.4421066Z Call log:
2026-01-19T04:25:39.4421258Z   - waiting for locator("tex...
2026-01-19T04:25:39.4421576Z     💀 Step step_3_ai_1 failed after all retries.
2026-01-19T04:25:39.4421991Z 🛑 Scenario 'Vacation Planning' aborted due to step failure.
2026-01-19T04:25:39.4422240Z 
2026-01-19T04:25:39.4422336Z --- Scenario: Password Reset ---
2026-01-19T04:25:39.4422635Z   ▶️ [STEP step_1] NAVIGATE: Step step_1
2026-01-19T04:25:39.4422917Z     ✅ Step step_1 Passed.
2026-01-19T04:25:39.4423161Z   ▶️ [STEP step_2] CLICK: home
2026-01-19T04:25:39.4423734Z     🎯 Using mined locator: role=link[name='home']
2026-01-19T04:25:39.4424088Z     ✅ Step step_2 Passed.
2026-01-19T04:25:39.4424477Z   ▶️ [STEP step_2_ai_1] FILL: E-Mail Address
2026-01-19T04:25:39.4424939Z     🎯 Using mined locator: #email
2026-01-19T04:25:39.4425217Z     ✅ Step step_2_ai_1 Passed.
2026-01-19T04:25:39.4425492Z   ▶️ [STEP step_2_ai_2] FILL: Password
2026-01-19T04:25:39.4425786Z     🎯 Using mined locator: #password
2026-01-19T04:25:39.4426062Z     ✅ Step step_2_ai_2 Passed.
2026-01-19T04:25:39.4426319Z   ▶️ [STEP step_2_ai_3] CLICK: Login
2026-01-19T04:25:39.4426650Z     🎯 Using mined locator: role=button[name='Login']
2026-01-19T04:25:39.4426968Z     ✅ Step step_2_ai_3 Passed.
2026-01-19T04:25:39.4427377Z   ▶️ [STEP step_2_ai_4] NAVIGATE: home
2026-01-19T04:25:39.4427915Z     ❌ Attempt 1 failed (unknown): Page.goto: Protocol error (Page.navigate): Cannot navigate to invalid URL
2026-01-19T04:25:39.4428371Z Call log:
2026-01-19T04:25:39.4428543Z   - navigating t...
2026-01-19T04:25:39.4428920Z     🔧 [AUTO-HEAL] Re-mining page to find 'home'...
2026-01-19T04:25:39.4431181Z [DEBUG] Sending request to gemini-2.0-flash. Number of parts: 2
2026-01-19T04:25:39.4431734Z [DEBUG] Received response (Length: 461)
2026-01-19T04:25:39.4432417Z     ✨ AI successfully healed the step! Found 2 alternatives.
2026-01-19T04:25:39.4433080Z     ✨ AI successfully healed the step! New selector: body
2026-01-19T04:25:39.4434499Z     ❌ Attempt 2 failed (unknown): Page.goto: Protocol error (Page.navigate): Cannot navigate to invalid URL
2026-01-19T04:25:39.4435249Z Call log:
2026-01-19T04:25:39.4435477Z   - navigating t...
2026-01-19T04:25:39.4435804Z     🔧 [AUTO-HEAL] Re-mining page to find 'home'...
2026-01-19T04:25:39.4436186Z [DEBUG] Sending request to gemini-2.0-flash. Number of parts: 2
2026-01-19T04:25:39.4436520Z [DEBUG] Received response (Length: 553)
2026-01-19T04:25:39.4436894Z     ✨ AI successfully healed the step! Found 2 alternatives.
2026-01-19T04:25:39.4437303Z     ✨ AI successfully healed the step! New selector: body
2026-01-19T04:25:39.4437898Z     ❌ Attempt 3 failed (unknown): Page.goto: Protocol error (Page.navigate): Cannot navigate to invalid URL
2026-01-19T04:25:39.4438345Z Call log:
2026-01-19T04:25:39.4438524Z   - navigating t...
2026-01-19T04:25:39.4438785Z     💀 Step step_2_ai_4 failed after all retries.
2026-01-19T04:25:39.4439172Z 🛑 Scenario 'Password Reset' aborted due to step failure.
2026-01-19T04:25:39.4439399Z 
2026-01-19T04:25:39.4439508Z ============================================================
2026-01-19T04:25:39.4439802Z 🎯 EXECUTION SUMMARY
2026-01-19T04:25:39.4440016Z ============================================================
2026-01-19T04:25:39.4440198Z 
2026-01-19T04:25:39.4440307Z 📋 Scenario Overview:
2026-01-19T04:25:39.4440558Z    • Total Scenarios Planned: 3
2026-01-19T04:25:39.4440817Z    • Scenarios Executed: 3
2026-01-19T04:25:39.4441079Z    • Total Steps Executed: 14
2026-01-19T04:25:39.4441230Z 
2026-01-19T04:25:39.4441317Z ✅ Results:
2026-01-19T04:25:39.4441515Z    ❌ Failed: 3 (100%)
2026-01-19T04:25:39.4441644Z 
2026-01-19T04:25:39.4441744Z ⚠️  Failed Scenarios:
2026-01-19T04:25:39.4441952Z    • Book a flight
2026-01-19T04:25:39.4442167Z    • Vacation Planning
2026-01-19T04:25:39.4442394Z    • Password Reset
2026-01-19T04:25:39.4442510Z 
2026-01-19T04:25:39.4442605Z ============================================================
2026-01-19T04:25:39.4442800Z 
2026-01-19T04:25:39.4443546Z 🏁 Execution Finished. Report: /home/runner/work/build_qa_automation/build_qa_automation/projects/ci_blazedemo_travel/execution.json
2026-01-19T04:25:39.6192460Z 
2026-01-19T04:25:39.6193202Z [PHASE] Running Phase: DISCOVERY
2026-01-19T04:25:39.6195322Z    Command: /opt/hostedtoolcache/Python/3.11.14/x64/bin/python /home/runner/work/build_qa_automation/build_qa_automation/core/agents/discovery.py --project /home/runner/work/build_qa_automation/build_qa_automation/projects/ci_blazedemo_travel --url https://blazedemo.com/ --deep
2026-01-19T04:25:39.6197385Z ✅ Phase 'discovery' completed successfully.
2026-01-19T04:25:39.6197713Z 
2026-01-19T04:25:39.6197849Z [PHASE] Running Phase: PLANNING
2026-01-19T04:25:39.6199841Z    Command: /opt/hostedtoolcache/Python/3.11.14/x64/bin/python /home/runner/work/build_qa_automation/build_qa_automation/core/agents/planner.py --project /home/runner/work/build_qa_automation/build_qa_automation/projects/ci_blazedemo_travel --goal Book a flight --url https://blazedemo.com/ --deep
2026-01-19T04:25:39.6201650Z ✅ Phase 'planning' completed successfully.
2026-01-19T04:25:39.6201938Z 
2026-01-19T04:25:39.6202068Z [PHASE] Running Phase: EXPLORATION
2026-01-19T04:25:39.6203727Z    Command: /opt/hostedtoolcache/Python/3.11.14/x64/bin/python /home/runner/work/build_qa_automation/build_qa_automation/core/agents/deep_explorer.py --project /home/runner/work/build_qa_automation/build_qa_automation/projects/ci_blazedemo_travel
2026-01-19T04:25:39.6205200Z ✅ Phase 'exploration' completed successfully.
2026-01-19T04:25:39.6205675Z 📊 Exploration Discovery Success Rate: 76.5%
2026-01-19T04:25:39.6205927Z 
2026-01-19T04:25:39.6206237Z [PHASE] Running Phase: EXECUTION
2026-01-19T04:25:39.6207491Z    Command: /opt/hostedtoolcache/Python/3.11.14/x64/bin/python /home/runner/work/build_qa_automation/build_qa_automation/core/agents/executor.py --project /home/runner/work/build_qa_automation/build_qa_automation/projects/ci_blazedemo_travel
2026-01-19T04:25:39.6208974Z ✅ Phase 'execution' completed successfully.
2026-01-19T04:25:39.6209234Z 
2026-01-19T04:25:39.6209363Z [DONE] Pipeline Execution Finished! [DONE]
2026-01-19T04:25:39.8006189Z ##[group]Run RESULT_FILE="projects/ci_blazedemo_travel/execution.json"
2026-01-19T04:25:39.8006743Z [36;1mRESULT_FILE="projects/ci_blazedemo_travel/execution.json"[0m
2026-01-19T04:25:39.8007126Z [36;1mif [ -f "$RESULT_FILE" ]; then[0m
2026-01-19T04:25:39.8007481Z [36;1m  echo "✅ Results generated successfully: $RESULT_FILE"[0m
2026-01-19T04:25:39.8007969Z [36;1m  cat "$RESULT_FILE" | jq '.scenarios | length' || echo "Result file exists"[0m
2026-01-19T04:25:39.8008355Z [36;1melse[0m
2026-01-19T04:25:39.8008625Z [36;1m  echo "❌ No result file found at $RESULT_FILE"[0m
2026-01-19T04:25:39.8008914Z [36;1m  exit 1[0m
2026-01-19T04:25:39.8009100Z [36;1mfi[0m
2026-01-19T04:25:39.8040855Z shell: /usr/bin/bash -e {0}
2026-01-19T04:25:39.8041109Z env:
2026-01-19T04:25:39.8041379Z   pythonLocation: /opt/hostedtoolcache/Python/3.11.14/x64
2026-01-19T04:25:39.8041829Z   PKG_CONFIG_PATH: /opt/hostedtoolcache/Python/3.11.14/x64/lib/pkgconfig
2026-01-19T04:25:39.8042323Z   Python_ROOT_DIR: /opt/hostedtoolcache/Python/3.11.14/x64
2026-01-19T04:25:39.8042715Z   Python2_ROOT_DIR: /opt/hostedtoolcache/Python/3.11.14/x64
2026-01-19T04:25:39.8043105Z   Python3_ROOT_DIR: /opt/hostedtoolcache/Python/3.11.14/x64
2026-01-19T04:25:39.8043642Z   LD_LIBRARY_PATH: /opt/hostedtoolcache/Python/3.11.14/x64/lib
2026-01-19T04:25:39.8043972Z ##[endgroup]
2026-01-19T04:25:39.8100716Z ✅ Results generated successfully: projects/ci_blazedemo_travel/execution.json
2026-01-19T04:25:39.8128773Z 3
2026-01-19T04:25:39.8392799Z ##[group]Run actions/upload-artifact@v4
2026-01-19T04:25:39.8393107Z with:
2026-01-19T04:25:39.8393597Z   name: blazedemo_travel-execution-results
2026-01-19T04:25:39.8394078Z   path: projects/ci_blazedemo_travel/execution.json
projects/ci_blazedemo_travel/workflow.json

2026-01-19T04:25:39.8394532Z   retention-days: 30
2026-01-19T04:25:39.8394738Z   if-no-files-found: warn
2026-01-19T04:25:39.8394956Z   compression-level: 6
2026-01-19T04:25:39.8395152Z   overwrite: false
2026-01-19T04:25:39.8395355Z   include-hidden-files: false
2026-01-19T04:25:39.8395577Z env:
2026-01-19T04:25:39.8395817Z   pythonLocation: /opt/hostedtoolcache/Python/3.11.14/x64
2026-01-19T04:25:39.8396238Z   PKG_CONFIG_PATH: /opt/hostedtoolcache/Python/3.11.14/x64/lib/pkgconfig
2026-01-19T04:25:39.8396659Z   Python_ROOT_DIR: /opt/hostedtoolcache/Python/3.11.14/x64
2026-01-19T04:25:39.8397028Z   Python2_ROOT_DIR: /opt/hostedtoolcache/Python/3.11.14/x64
2026-01-19T04:25:39.8397449Z   Python3_ROOT_DIR: /opt/hostedtoolcache/Python/3.11.14/x64
2026-01-19T04:25:39.8397832Z   LD_LIBRARY_PATH: /opt/hostedtoolcache/Python/3.11.14/x64/lib
2026-01-19T04:25:39.8398143Z ##[endgroup]
2026-01-19T04:25:40.0752300Z Multiple search paths detected. Calculating the least common ancestor of all paths
2026-01-19T04:25:40.0758964Z The least common ancestor is /home/runner/work/build_qa_automation/build_qa_automation/projects/ci_blazedemo_travel. This will be the root directory of the artifact
2026-01-19T04:25:40.0760416Z With the provided path, there will be 2 files uploaded
2026-01-19T04:25:40.0767855Z Artifact name is valid!
2026-01-19T04:25:40.0768285Z Root directory input is valid!
2026-01-19T04:25:40.1611523Z Beginning upload of artifact content to blob storage
2026-01-19T04:25:40.2310277Z Uploaded bytes 1915
2026-01-19T04:25:40.2507382Z Finished uploading artifact content to blob storage!
2026-01-19T04:25:40.2511018Z SHA256 digest of uploaded artifact zip is efd5dd94eacaae65a7c4a51968c45ce32f17a78de2036d7b593ba0b7096319bc
2026-01-19T04:25:40.2512997Z Finalizing artifact upload
2026-01-19T04:25:40.3401081Z Artifact blazedemo_travel-execution-results.zip successfully finalized. Artifact ID 5172417238
2026-01-19T04:25:40.3404256Z Artifact blazedemo_travel-execution-results has been successfully uploaded! Final size is 1915 bytes. Artifact ID is 5172417238
2026-01-19T04:25:40.3411920Z Artifact download URL: https://github.com/vishvasmca-cmd/build_qa_automation/actions/runs/21124435194/artifacts/5172417238
2026-01-19T04:25:40.3728204Z Post job cleanup.
2026-01-19T04:25:40.5393163Z Cache hit occurred on the primary key setup-python-Linux-x64-24.04-Ubuntu-python-3.11.14-pip-dde08d0e0b672972dcda9f1a063036a2e0c226f5d0a20362e9401931676d80a4, not saving cache.
2026-01-19T04:25:40.5822218Z Post job cleanup.
2026-01-19T04:25:40.6856394Z [command]/usr/bin/git version
2026-01-19T04:25:40.6899561Z git version 2.52.0
2026-01-19T04:25:40.6946709Z Temporarily overriding HOME='/home/runner/work/_temp/a30875f2-0b73-411e-9108-9b21db0c9e4c' before making global git config changes
2026-01-19T04:25:40.6948220Z Adding repository directory to the temporary git global config as a safe directory
2026-01-19T04:25:40.6962627Z [command]/usr/bin/git config --global --add safe.directory /home/runner/work/build_qa_automation/build_qa_automation
2026-01-19T04:25:40.7003762Z [command]/usr/bin/git config --local --name-only --get-regexp core\.sshCommand
2026-01-19T04:25:40.7042072Z [command]/usr/bin/git submodule foreach --recursive sh -c "git config --local --name-only --get-regexp 'core\.sshCommand' && git config --local --unset-all 'core.sshCommand' || :"
2026-01-19T04:25:40.7311540Z [command]/usr/bin/git config --local --name-only --get-regexp http\.https\:\/\/github\.com\/\.extraheader
2026-01-19T04:25:40.7339829Z http.https://github.com/.extraheader
2026-01-19T04:25:40.7355042Z [command]/usr/bin/git config --local --unset-all http.https://github.com/.extraheader
2026-01-19T04:25:40.7389231Z [command]/usr/bin/git submodule foreach --recursive sh -c "git config --local --name-only --get-regexp 'http\.https\:\/\/github\.com\/\.extraheader' && git config --local --unset-all 'http.https://github.com/.extraheader' || :"
2026-01-19T04:25:40.7642200Z [command]/usr/bin/git config --local --name-only --get-regexp ^includeIf\.gitdir:
2026-01-19T04:25:40.7678601Z [command]/usr/bin/git submodule foreach --recursive git config --local --show-origin --name-only --get-regexp remote.origin.url
2026-01-19T04:25:40.8055366Z Cleaning up orphan processes
