2026-01-19T23:50:09.1863971Z Current runner version: '2.331.0'
2026-01-19T23:50:09.1887986Z ##[group]Runner Image Provisioner
2026-01-19T23:50:09.1888834Z Hosted Compute Agent
2026-01-19T23:50:09.1889420Z Version: 20251211.462
2026-01-19T23:50:09.1889993Z Commit: 6cbad8c2bb55d58165063d031ccabf57e2d2db61
2026-01-19T23:50:09.1890764Z Build Date: 2025-12-11T16:28:49Z
2026-01-19T23:50:09.1891625Z Worker ID: {1956950e-ff1c-411e-a781-43d0378fd04b}
2026-01-19T23:50:09.1892272Z ##[endgroup]
2026-01-19T23:50:09.1892865Z ##[group]Operating System
2026-01-19T23:50:09.1893438Z Ubuntu
2026-01-19T23:50:09.1893877Z 24.04.3
2026-01-19T23:50:09.1894418Z LTS
2026-01-19T23:50:09.1894850Z ##[endgroup]
2026-01-19T23:50:09.1895354Z ##[group]Runner Image
2026-01-19T23:50:09.1895965Z Image: ubuntu-24.04
2026-01-19T23:50:09.1896451Z Version: 20260111.209.1
2026-01-19T23:50:09.1897452Z Included Software: https://github.com/actions/runner-images/blob/ubuntu24/20260111.209/images/ubuntu/Ubuntu2404-Readme.md
2026-01-19T23:50:09.1899074Z Image Release: https://github.com/actions/runner-images/releases/tag/ubuntu24%2F20260111.209
2026-01-19T23:50:09.1900124Z ##[endgroup]
2026-01-19T23:50:09.1901212Z ##[group]GITHUB_TOKEN Permissions
2026-01-19T23:50:09.1903404Z Contents: read
2026-01-19T23:50:09.1904064Z Metadata: read
2026-01-19T23:50:09.1904583Z Packages: read
2026-01-19T23:50:09.1905475Z ##[endgroup]
2026-01-19T23:50:09.1907833Z Secret source: Actions
2026-01-19T23:50:09.1908717Z Prepare workflow directory
2026-01-19T23:50:09.2219815Z Prepare all required actions
2026-01-19T23:50:09.2257393Z Getting action download info
2026-01-19T23:50:09.4688629Z Download action repository 'actions/checkout@v4' (SHA:34e114876b0b11c390a56381ad16ebd13914f8d5)
2026-01-19T23:50:09.5681220Z Download action repository 'actions/setup-python@v5' (SHA:a26af69be951a213d495a4c3e4e4022e16d87065)
2026-01-19T23:50:09.7151638Z Download action repository 'actions/upload-artifact@v4' (SHA:ea165f8d65b6e75b540449e92b4886f43607fa02)
2026-01-19T23:50:10.0138622Z Complete job name: test-websites-deep (globalsqa_bank, https://www.globalsqa.com/angularJs-protractor/BankingProject...
2026-01-19T23:50:10.0863897Z ##[group]Run actions/checkout@v4
2026-01-19T23:50:10.0864781Z with:
2026-01-19T23:50:10.0865254Z   repository: vishvasmca-cmd/build_qa_automation
2026-01-19T23:50:10.0865982Z   token: ***
2026-01-19T23:50:10.0866376Z   ssh-strict: true
2026-01-19T23:50:10.0866776Z   ssh-user: git
2026-01-19T23:50:10.0867186Z   persist-credentials: true
2026-01-19T23:50:10.0867644Z   clean: true
2026-01-19T23:50:10.0868056Z   sparse-checkout-cone-mode: true
2026-01-19T23:50:10.0868546Z   fetch-depth: 1
2026-01-19T23:50:10.0868938Z   fetch-tags: false
2026-01-19T23:50:10.0869349Z   show-progress: true
2026-01-19T23:50:10.0869765Z   lfs: false
2026-01-19T23:50:10.0870150Z   submodules: false
2026-01-19T23:50:10.0870578Z   set-safe-directory: true
2026-01-19T23:50:10.0871437Z ##[endgroup]
2026-01-19T23:50:10.1984398Z Syncing repository: vishvasmca-cmd/build_qa_automation
2026-01-19T23:50:10.1987493Z ##[group]Getting Git version info
2026-01-19T23:50:10.1989064Z Working directory is '/home/runner/work/build_qa_automation/build_qa_automation'
2026-01-19T23:50:10.1991107Z [command]/usr/bin/git version
2026-01-19T23:50:10.2056566Z git version 2.52.0
2026-01-19T23:50:10.2083785Z ##[endgroup]
2026-01-19T23:50:10.2098972Z Temporarily overriding HOME='/home/runner/work/_temp/a3a54310-4ee4-4091-a00f-187eae90892a' before making global git config changes
2026-01-19T23:50:10.2101676Z Adding repository directory to the temporary git global config as a safe directory
2026-01-19T23:50:10.2113599Z [command]/usr/bin/git config --global --add safe.directory /home/runner/work/build_qa_automation/build_qa_automation
2026-01-19T23:50:10.2155577Z Deleting the contents of '/home/runner/work/build_qa_automation/build_qa_automation'
2026-01-19T23:50:10.2159141Z ##[group]Initializing the repository
2026-01-19T23:50:10.2163663Z [command]/usr/bin/git init /home/runner/work/build_qa_automation/build_qa_automation
2026-01-19T23:50:10.2289100Z hint: Using 'master' as the name for the initial branch. This default branch name
2026-01-19T23:50:10.2291790Z hint: will change to "main" in Git 3.0. To configure the initial branch name
2026-01-19T23:50:10.2294040Z hint: to use in all of your new repositories, which will suppress this warning,
2026-01-19T23:50:10.2295420Z hint: call:
2026-01-19T23:50:10.2296137Z hint:
2026-01-19T23:50:10.2297032Z hint: 	git config --global init.defaultBranch <name>
2026-01-19T23:50:10.2298066Z hint:
2026-01-19T23:50:10.2299064Z hint: Names commonly chosen instead of 'master' are 'main', 'trunk' and
2026-01-19T23:50:10.2300654Z hint: 'development'. The just-created branch can be renamed via this command:
2026-01-19T23:50:10.2302205Z hint:
2026-01-19T23:50:10.2302991Z hint: 	git branch -m <name>
2026-01-19T23:50:10.2303881Z hint:
2026-01-19T23:50:10.2305056Z hint: Disable this message with "git config set advice.defaultBranchName false"
2026-01-19T23:50:10.2307158Z Initialized empty Git repository in /home/runner/work/build_qa_automation/build_qa_automation/.git/
2026-01-19T23:50:10.2310474Z [command]/usr/bin/git remote add origin https://github.com/vishvasmca-cmd/build_qa_automation
2026-01-19T23:50:10.2345369Z ##[endgroup]
2026-01-19T23:50:10.2346718Z ##[group]Disabling automatic garbage collection
2026-01-19T23:50:10.2349243Z [command]/usr/bin/git config --local gc.auto 0
2026-01-19T23:50:10.2382758Z ##[endgroup]
2026-01-19T23:50:10.2384231Z ##[group]Setting up auth
2026-01-19T23:50:10.2390006Z [command]/usr/bin/git config --local --name-only --get-regexp core\.sshCommand
2026-01-19T23:50:10.2424482Z [command]/usr/bin/git submodule foreach --recursive sh -c "git config --local --name-only --get-regexp 'core\.sshCommand' && git config --local --unset-all 'core.sshCommand' || :"
2026-01-19T23:50:10.2793647Z [command]/usr/bin/git config --local --name-only --get-regexp http\.https\:\/\/github\.com\/\.extraheader
2026-01-19T23:50:10.2825654Z [command]/usr/bin/git submodule foreach --recursive sh -c "git config --local --name-only --get-regexp 'http\.https\:\/\/github\.com\/\.extraheader' && git config --local --unset-all 'http.https://github.com/.extraheader' || :"
2026-01-19T23:50:10.3059224Z [command]/usr/bin/git config --local --name-only --get-regexp ^includeIf\.gitdir:
2026-01-19T23:50:10.3088483Z [command]/usr/bin/git submodule foreach --recursive git config --local --show-origin --name-only --get-regexp remote.origin.url
2026-01-19T23:50:10.3319292Z [command]/usr/bin/git config --local http.https://github.com/.extraheader AUTHORIZATION: basic ***
2026-01-19T23:50:10.3353393Z ##[endgroup]
2026-01-19T23:50:10.3354158Z ##[group]Fetching the repository
2026-01-19T23:50:10.3361476Z [command]/usr/bin/git -c protocol.version=2 fetch --no-tags --prune --no-recurse-submodules --depth=1 origin +d25504decfc404871c7c3bd5ac186d61498b2813:refs/remotes/origin/main
2026-01-19T23:50:11.3380712Z From https://github.com/vishvasmca-cmd/build_qa_automation
2026-01-19T23:50:11.3383888Z  * [new ref]         d25504decfc404871c7c3bd5ac186d61498b2813 -> origin/main
2026-01-19T23:50:11.3452668Z ##[endgroup]
2026-01-19T23:50:11.3454396Z ##[group]Determining the checkout info
2026-01-19T23:50:11.3456178Z ##[endgroup]
2026-01-19T23:50:11.3458900Z [command]/usr/bin/git sparse-checkout disable
2026-01-19T23:50:11.3502613Z [command]/usr/bin/git config --local --unset-all extensions.worktreeConfig
2026-01-19T23:50:11.3530065Z ##[group]Checking out the ref
2026-01-19T23:50:11.3532429Z [command]/usr/bin/git checkout --progress --force -B main refs/remotes/origin/main
2026-01-19T23:50:11.5157907Z Switched to a new branch 'main'
2026-01-19T23:50:11.5159595Z branch 'main' set up to track 'origin/main'.
2026-01-19T23:50:11.5180366Z ##[endgroup]
2026-01-19T23:50:11.5217649Z [command]/usr/bin/git log -1 --format=%H
2026-01-19T23:50:11.5239790Z d25504decfc404871c7c3bd5ac186d61498b2813
2026-01-19T23:50:11.5575363Z ##[group]Run actions/setup-python@v5
2026-01-19T23:50:11.5576585Z with:
2026-01-19T23:50:11.5577412Z   python-version: 3.11
2026-01-19T23:50:11.5578360Z   cache: pip
2026-01-19T23:50:11.5579464Z   check-latest: false
2026-01-19T23:50:11.5580676Z   token: ***
2026-01-19T23:50:11.5581738Z   update-environment: true
2026-01-19T23:50:11.5582809Z   allow-prereleases: false
2026-01-19T23:50:11.5583832Z   freethreaded: false
2026-01-19T23:50:11.5584754Z ##[endgroup]
2026-01-19T23:50:11.7267664Z ##[group]Installed versions
2026-01-19T23:50:11.7383194Z Successfully set up CPython (3.11.14)
2026-01-19T23:50:11.7390882Z ##[endgroup]
2026-01-19T23:50:11.8598312Z [command]/opt/hostedtoolcache/Python/3.11.14/x64/bin/pip cache dir
2026-01-19T23:50:12.2058785Z /home/runner/.cache/pip
2026-01-19T23:50:12.3380893Z Cache hit for: setup-python-Linux-x64-24.04-Ubuntu-python-3.11.14-pip-dde08d0e0b672972dcda9f1a063036a2e0c226f5d0a20362e9401931676d80a4
2026-01-19T23:50:13.4022272Z Received 230686720 of 254742636 (90.6%), 218.0 MBs/sec
2026-01-19T23:50:13.5159453Z Received 254742636 of 254742636 (100.0%), 216.3 MBs/sec
2026-01-19T23:50:13.5161155Z Cache Size: ~243 MB (254742636 B)
2026-01-19T23:50:13.5288631Z [command]/usr/bin/tar -xf /home/runner/work/_temp/23f5da87-4f46-47c6-9abe-ba5f939ed681/cache.tzst -P -C /home/runner/work/build_qa_automation/build_qa_automation --use-compress-program unzstd
2026-01-19T23:50:13.9012756Z Cache restored successfully
2026-01-19T23:50:13.9498126Z Cache restored from key: setup-python-Linux-x64-24.04-Ubuntu-python-3.11.14-pip-dde08d0e0b672972dcda9f1a063036a2e0c226f5d0a20362e9401931676d80a4
2026-01-19T23:50:13.9722243Z ##[group]Run pip install -r requirements.txt
2026-01-19T23:50:13.9722647Z [36;1mpip install -r requirements.txt[0m
2026-01-19T23:50:13.9722934Z [36;1mplaywright install chromium[0m
2026-01-19T23:50:13.9762065Z shell: /usr/bin/bash -e {0}
2026-01-19T23:50:13.9762323Z env:
2026-01-19T23:50:13.9762585Z   pythonLocation: /opt/hostedtoolcache/Python/3.11.14/x64
2026-01-19T23:50:13.9763028Z   PKG_CONFIG_PATH: /opt/hostedtoolcache/Python/3.11.14/x64/lib/pkgconfig
2026-01-19T23:50:13.9763448Z   Python_ROOT_DIR: /opt/hostedtoolcache/Python/3.11.14/x64
2026-01-19T23:50:13.9763830Z   Python2_ROOT_DIR: /opt/hostedtoolcache/Python/3.11.14/x64
2026-01-19T23:50:13.9764193Z   Python3_ROOT_DIR: /opt/hostedtoolcache/Python/3.11.14/x64
2026-01-19T23:50:13.9764583Z   LD_LIBRARY_PATH: /opt/hostedtoolcache/Python/3.11.14/x64/lib
2026-01-19T23:50:13.9764891Z ##[endgroup]
2026-01-19T23:50:14.9646520Z Collecting playwright (from -r requirements.txt (line 1))
2026-01-19T23:50:14.9663704Z   Using cached playwright-1.57.0-py3-none-manylinux1_x86_64.whl.metadata (3.5 kB)
2026-01-19T23:50:14.9874103Z Collecting python-dotenv (from -r requirements.txt (line 2))
2026-01-19T23:50:14.9889415Z   Using cached python_dotenv-1.2.1-py3-none-any.whl.metadata (25 kB)
2026-01-19T23:50:15.0198905Z Collecting requests (from -r requirements.txt (line 3))
2026-01-19T23:50:15.0213388Z   Using cached requests-2.32.5-py3-none-any.whl.metadata (4.9 kB)
2026-01-19T23:50:15.2413337Z Collecting pillow (from -r requirements.txt (line 4))
2026-01-19T23:50:15.2430761Z   Using cached pillow-12.1.0-cp311-cp311-manylinux_2_27_x86_64.manylinux_2_28_x86_64.whl.metadata (8.8 kB)
2026-01-19T23:50:15.2720830Z Collecting google-genai>=0.3.0 (from -r requirements.txt (line 5))
2026-01-19T23:50:15.2735403Z   Using cached google_genai-1.59.0-py3-none-any.whl.metadata (53 kB)
2026-01-19T23:50:15.2908722Z Collecting termcolor (from -r requirements.txt (line 6))
2026-01-19T23:50:15.2922192Z   Using cached termcolor-3.3.0-py3-none-any.whl.metadata (6.5 kB)
2026-01-19T23:50:15.3313319Z Collecting PyYAML (from -r requirements.txt (line 7))
2026-01-19T23:50:15.3327445Z   Using cached pyyaml-6.0.3-cp311-cp311-manylinux2014_x86_64.manylinux_2_17_x86_64.manylinux_2_28_x86_64.whl.metadata (2.4 kB)
2026-01-19T23:50:15.3892676Z Collecting opencv-python-headless (from -r requirements.txt (line 8))
2026-01-19T23:50:15.3908163Z   Using cached opencv_python_headless-4.13.0.90-cp37-abi3-manylinux_2_28_x86_64.whl.metadata (19 kB)
2026-01-19T23:50:15.5892966Z Collecting numpy (from -r requirements.txt (line 9))
2026-01-19T23:50:15.5907976Z   Using cached numpy-2.4.1-cp311-cp311-manylinux_2_27_x86_64.manylinux_2_28_x86_64.whl.metadata (6.6 kB)
2026-01-19T23:50:15.6697836Z Collecting faker (from -r requirements.txt (line 10))
2026-01-19T23:50:15.6712009Z   Using cached faker-40.1.2-py3-none-any.whl.metadata (16 kB)
2026-01-19T23:50:15.6889872Z Collecting pyee<14,>=13 (from playwright->-r requirements.txt (line 1))
2026-01-19T23:50:15.6909523Z   Using cached pyee-13.0.0-py3-none-any.whl.metadata (2.9 kB)
2026-01-19T23:50:15.8107384Z Collecting greenlet<4.0.0,>=3.1.1 (from playwright->-r requirements.txt (line 1))
2026-01-19T23:50:15.8122361Z   Using cached greenlet-3.3.0-cp311-cp311-manylinux_2_24_x86_64.manylinux_2_28_x86_64.whl.metadata (4.1 kB)
2026-01-19T23:50:15.8326030Z Collecting typing-extensions (from pyee<14,>=13->playwright->-r requirements.txt (line 1))
2026-01-19T23:50:15.8338838Z   Using cached typing_extensions-4.15.0-py3-none-any.whl.metadata (3.3 kB)
2026-01-19T23:50:15.9168192Z Collecting charset_normalizer<4,>=2 (from requests->-r requirements.txt (line 3))
2026-01-19T23:50:15.9183663Z   Using cached charset_normalizer-3.4.4-cp311-cp311-manylinux2014_x86_64.manylinux_2_17_x86_64.manylinux_2_28_x86_64.whl.metadata (37 kB)
2026-01-19T23:50:15.9366164Z Collecting idna<4,>=2.5 (from requests->-r requirements.txt (line 3))
2026-01-19T23:50:15.9380378Z   Using cached idna-3.11-py3-none-any.whl.metadata (8.4 kB)
2026-01-19T23:50:15.9679956Z Collecting urllib3<3,>=1.21.1 (from requests->-r requirements.txt (line 3))
2026-01-19T23:50:15.9698210Z   Using cached urllib3-2.6.3-py3-none-any.whl.metadata (6.9 kB)
2026-01-19T23:50:15.9926758Z Collecting certifi>=2017.4.17 (from requests->-r requirements.txt (line 3))
2026-01-19T23:50:15.9940184Z   Using cached certifi-2026.1.4-py3-none-any.whl.metadata (2.5 kB)
2026-01-19T23:50:16.0161854Z Collecting anyio<5.0.0,>=4.8.0 (from google-genai>=0.3.0->-r requirements.txt (line 5))
2026-01-19T23:50:16.0174891Z   Using cached anyio-4.12.1-py3-none-any.whl.metadata (4.3 kB)
2026-01-19T23:50:16.0572850Z Collecting google-auth<3.0.0,>=2.47.0 (from google-auth[requests]<3.0.0,>=2.47.0->google-genai>=0.3.0->-r requirements.txt (line 5))
2026-01-19T23:50:16.0586407Z   Using cached google_auth-2.47.0-py3-none-any.whl.metadata (6.4 kB)
2026-01-19T23:50:16.0857387Z Collecting httpx<1.0.0,>=0.28.1 (from google-genai>=0.3.0->-r requirements.txt (line 5))
2026-01-19T23:50:16.0871197Z   Using cached httpx-0.28.1-py3-none-any.whl.metadata (7.1 kB)
2026-01-19T23:50:16.2332373Z Collecting pydantic<3.0.0,>=2.9.0 (from google-genai>=0.3.0->-r requirements.txt (line 5))
2026-01-19T23:50:16.2347468Z   Using cached pydantic-2.12.5-py3-none-any.whl.metadata (90 kB)
2026-01-19T23:50:16.2624428Z Collecting tenacity<9.2.0,>=8.2.3 (from google-genai>=0.3.0->-r requirements.txt (line 5))
2026-01-19T23:50:16.2638104Z   Using cached tenacity-9.1.2-py3-none-any.whl.metadata (1.2 kB)
2026-01-19T23:50:16.3519614Z Collecting websockets<15.1.0,>=13.0.0 (from google-genai>=0.3.0->-r requirements.txt (line 5))
2026-01-19T23:50:16.3536106Z   Using cached websockets-15.0.1-cp311-cp311-manylinux_2_5_x86_64.manylinux1_x86_64.manylinux_2_17_x86_64.manylinux2014_x86_64.whl.metadata (6.8 kB)
2026-01-19T23:50:16.3707962Z Collecting distro<2,>=1.7.0 (from google-genai>=0.3.0->-r requirements.txt (line 5))
2026-01-19T23:50:16.3721008Z   Using cached distro-1.9.0-py3-none-any.whl.metadata (6.8 kB)
2026-01-19T23:50:16.3840090Z Collecting sniffio (from google-genai>=0.3.0->-r requirements.txt (line 5))
2026-01-19T23:50:16.3853921Z   Using cached sniffio-1.3.1-py3-none-any.whl.metadata (3.9 kB)
2026-01-19T23:50:16.4178810Z Collecting pyasn1-modules>=0.2.1 (from google-auth<3.0.0,>=2.47.0->google-auth[requests]<3.0.0,>=2.47.0->google-genai>=0.3.0->-r requirements.txt (line 5))
2026-01-19T23:50:16.4191927Z   Using cached pyasn1_modules-0.4.2-py3-none-any.whl.metadata (3.5 kB)
2026-01-19T23:50:16.4361147Z Collecting rsa<5,>=3.1.4 (from google-auth<3.0.0,>=2.47.0->google-auth[requests]<3.0.0,>=2.47.0->google-genai>=0.3.0->-r requirements.txt (line 5))
2026-01-19T23:50:16.4375057Z   Using cached rsa-4.9.1-py3-none-any.whl.metadata (5.6 kB)
2026-01-19T23:50:16.4662374Z Collecting httpcore==1.* (from httpx<1.0.0,>=0.28.1->google-genai>=0.3.0->-r requirements.txt (line 5))
2026-01-19T23:50:16.4676072Z   Using cached httpcore-1.0.9-py3-none-any.whl.metadata (21 kB)
2026-01-19T23:50:16.4823094Z Collecting h11>=0.16 (from httpcore==1.*->httpx<1.0.0,>=0.28.1->google-genai>=0.3.0->-r requirements.txt (line 5))
2026-01-19T23:50:16.4836305Z   Using cached h11-0.16.0-py3-none-any.whl.metadata (8.3 kB)
2026-01-19T23:50:16.4963404Z Collecting annotated-types>=0.6.0 (from pydantic<3.0.0,>=2.9.0->google-genai>=0.3.0->-r requirements.txt (line 5))
2026-01-19T23:50:16.4976719Z   Using cached annotated_types-0.7.0-py3-none-any.whl.metadata (15 kB)
2026-01-19T23:50:17.1577050Z Collecting pydantic-core==2.41.5 (from pydantic<3.0.0,>=2.9.0->google-genai>=0.3.0->-r requirements.txt (line 5))
2026-01-19T23:50:17.1592596Z   Using cached pydantic_core-2.41.5-cp311-cp311-manylinux_2_17_x86_64.manylinux2014_x86_64.whl.metadata (7.3 kB)
2026-01-19T23:50:17.1777628Z Collecting typing-inspection>=0.4.2 (from pydantic<3.0.0,>=2.9.0->google-genai>=0.3.0->-r requirements.txt (line 5))
2026-01-19T23:50:17.1798488Z   Using cached typing_inspection-0.4.2-py3-none-any.whl.metadata (2.6 kB)
2026-01-19T23:50:17.2619543Z Collecting pyasn1>=0.1.3 (from rsa<5,>=3.1.4->google-auth<3.0.0,>=2.47.0->google-auth[requests]<3.0.0,>=2.47.0->google-genai>=0.3.0->-r requirements.txt (line 5))
2026-01-19T23:50:17.2634639Z   Using cached pyasn1-0.6.2-py3-none-any.whl.metadata (8.4 kB)
2026-01-19T23:50:17.2927689Z Using cached playwright-1.57.0-py3-none-manylinux1_x86_64.whl (46.0 MB)
2026-01-19T23:50:17.3261672Z Using cached greenlet-3.3.0-cp311-cp311-manylinux_2_24_x86_64.manylinux_2_28_x86_64.whl (590 kB)
2026-01-19T23:50:17.3279138Z Using cached pyee-13.0.0-py3-none-any.whl (15 kB)
2026-01-19T23:50:17.3292752Z Using cached python_dotenv-1.2.1-py3-none-any.whl (21 kB)
2026-01-19T23:50:17.3305793Z Using cached requests-2.32.5-py3-none-any.whl (64 kB)
2026-01-19T23:50:17.3319749Z Using cached charset_normalizer-3.4.4-cp311-cp311-manylinux2014_x86_64.manylinux_2_17_x86_64.manylinux_2_28_x86_64.whl (151 kB)
2026-01-19T23:50:17.3333049Z Using cached idna-3.11-py3-none-any.whl (71 kB)
2026-01-19T23:50:17.3346109Z Using cached urllib3-2.6.3-py3-none-any.whl (131 kB)
2026-01-19T23:50:17.3360086Z Using cached pillow-12.1.0-cp311-cp311-manylinux_2_27_x86_64.manylinux_2_28_x86_64.whl (7.0 MB)
2026-01-19T23:50:17.3421671Z Using cached google_genai-1.59.0-py3-none-any.whl (719 kB)
2026-01-19T23:50:17.3439265Z Using cached anyio-4.12.1-py3-none-any.whl (113 kB)
2026-01-19T23:50:17.3452453Z Using cached distro-1.9.0-py3-none-any.whl (20 kB)
2026-01-19T23:50:17.3465030Z Using cached google_auth-2.47.0-py3-none-any.whl (234 kB)
2026-01-19T23:50:17.3478760Z Using cached httpx-0.28.1-py3-none-any.whl (73 kB)
2026-01-19T23:50:17.3491640Z Using cached httpcore-1.0.9-py3-none-any.whl (78 kB)
2026-01-19T23:50:17.3504873Z Using cached pydantic-2.12.5-py3-none-any.whl (463 kB)
2026-01-19T23:50:17.3520971Z Using cached pydantic_core-2.41.5-cp311-cp311-manylinux_2_17_x86_64.manylinux2014_x86_64.whl (2.1 MB)
2026-01-19T23:50:17.3548046Z Using cached rsa-4.9.1-py3-none-any.whl (34 kB)
2026-01-19T23:50:17.3560655Z Using cached tenacity-9.1.2-py3-none-any.whl (28 kB)
2026-01-19T23:50:17.3574054Z Using cached typing_extensions-4.15.0-py3-none-any.whl (44 kB)
2026-01-19T23:50:17.3587508Z Using cached websockets-15.0.1-cp311-cp311-manylinux_2_5_x86_64.manylinux1_x86_64.manylinux_2_17_x86_64.manylinux2014_x86_64.whl (182 kB)
2026-01-19T23:50:17.3600356Z Using cached termcolor-3.3.0-py3-none-any.whl (7.7 kB)
2026-01-19T23:50:17.3613651Z Using cached pyyaml-6.0.3-cp311-cp311-manylinux2014_x86_64.manylinux_2_17_x86_64.manylinux_2_28_x86_64.whl (806 kB)
2026-01-19T23:50:17.3631492Z Using cached opencv_python_headless-4.13.0.90-cp37-abi3-manylinux_2_28_x86_64.whl (62.5 MB)
2026-01-19T23:50:17.4081809Z Using cached numpy-2.4.1-cp311-cp311-manylinux_2_27_x86_64.manylinux_2_28_x86_64.whl (16.7 MB)
2026-01-19T23:50:17.4214397Z Using cached faker-40.1.2-py3-none-any.whl (2.0 MB)
2026-01-19T23:50:17.4241578Z Using cached annotated_types-0.7.0-py3-none-any.whl (13 kB)
2026-01-19T23:50:17.4254766Z Using cached certifi-2026.1.4-py3-none-any.whl (152 kB)
2026-01-19T23:50:17.4268439Z Using cached h11-0.16.0-py3-none-any.whl (37 kB)
2026-01-19T23:50:17.4284917Z Using cached pyasn1-0.6.2-py3-none-any.whl (83 kB)
2026-01-19T23:50:17.4306765Z Using cached pyasn1_modules-0.4.2-py3-none-any.whl (181 kB)
2026-01-19T23:50:17.4329708Z Using cached typing_inspection-0.4.2-py3-none-any.whl (14 kB)
2026-01-19T23:50:17.4350993Z Using cached sniffio-1.3.1-py3-none-any.whl (10 kB)
2026-01-19T23:50:17.6368771Z Installing collected packages: websockets, urllib3, typing-extensions, termcolor, tenacity, sniffio, PyYAML, python-dotenv, pyasn1, pillow, numpy, idna, h11, greenlet, faker, distro, charset_normalizer, certifi, annotated-types, typing-inspection, rsa, requests, pyee, pydantic-core, pyasn1-modules, opencv-python-headless, httpcore, anyio, pydantic, playwright, httpx, google-auth, google-genai
2026-01-19T23:50:24.4267213Z 
2026-01-19T23:50:24.4289839Z Successfully installed PyYAML-6.0.3 annotated-types-0.7.0 anyio-4.12.1 certifi-2026.1.4 charset_normalizer-3.4.4 distro-1.9.0 faker-40.1.2 google-auth-2.47.0 google-genai-1.59.0 greenlet-3.3.0 h11-0.16.0 httpcore-1.0.9 httpx-0.28.1 idna-3.11 numpy-2.4.1 opencv-python-headless-4.13.0.90 pillow-12.1.0 playwright-1.57.0 pyasn1-0.6.2 pyasn1-modules-0.4.2 pydantic-2.12.5 pydantic-core-2.41.5 pyee-13.0.0 python-dotenv-1.2.1 requests-2.32.5 rsa-4.9.1 sniffio-1.3.1 tenacity-9.1.2 termcolor-3.3.0 typing-extensions-4.15.0 typing-inspection-0.4.2 urllib3-2.6.3 websockets-15.0.1
2026-01-19T23:50:25.0505244Z Downloading Chromium 143.0.7499.4 (playwright build v1200) from https://cdn.playwright.dev/dbazure/download/playwright/builds/chromium/1200/chromium-linux.zip
2026-01-19T23:50:25.1473447Z (node:2205) [DEP0169] DeprecationWarning: `url.parse()` behavior is not standardized and prone to errors that have security implications. Use the WHATWG URL API instead. CVEs are not issued for `url.parse()` vulnerabilities.
2026-01-19T23:50:25.1474776Z (Use `node --trace-deprecation ...` to show where the warning was created)
2026-01-19T23:50:25.2294698Z |                                                                                |   0% of 164.7 MiB
2026-01-19T23:50:25.3582530Z |■■■■■■■■                                                                        |  10% of 164.7 MiB
2026-01-19T23:50:25.4494599Z |■■■■■■■■■■■■■■■■                                                                |  20% of 164.7 MiB
2026-01-19T23:50:25.5174638Z |■■■■■■■■■■■■■■■■■■■■■■■■                                                        |  30% of 164.7 MiB
2026-01-19T23:50:25.5856847Z |■■■■■■■■■■■■■■■■■■■■■■■■■■■■■■■■                                                |  40% of 164.7 MiB
2026-01-19T23:50:25.6567239Z |■■■■■■■■■■■■■■■■■■■■■■■■■■■■■■■■■■■■■■■■                                        |  50% of 164.7 MiB
2026-01-19T23:50:25.7143488Z |■■■■■■■■■■■■■■■■■■■■■■■■■■■■■■■■■■■■■■■■■■■■■■■■                                |  60% of 164.7 MiB
2026-01-19T23:50:25.7859623Z |■■■■■■■■■■■■■■■■■■■■■■■■■■■■■■■■■■■■■■■■■■■■■■■■■■■■■■■■                        |  70% of 164.7 MiB
2026-01-19T23:50:25.8658716Z |■■■■■■■■■■■■■■■■■■■■■■■■■■■■■■■■■■■■■■■■■■■■■■■■■■■■■■■■■■■■■■■■                |  80% of 164.7 MiB
2026-01-19T23:50:25.9249470Z |■■■■■■■■■■■■■■■■■■■■■■■■■■■■■■■■■■■■■■■■■■■■■■■■■■■■■■■■■■■■■■■■■■■■■■■■        |  90% of 164.7 MiB
2026-01-19T23:50:25.9903226Z |■■■■■■■■■■■■■■■■■■■■■■■■■■■■■■■■■■■■■■■■■■■■■■■■■■■■■■■■■■■■■■■■■■■■■■■■■■■■■■■■| 100% of 164.7 MiB
2026-01-19T23:50:28.5506725Z Chromium 143.0.7499.4 (playwright build v1200) downloaded to /home/runner/.cache/ms-playwright/chromium-1200
2026-01-19T23:50:28.5512403Z Downloading FFMPEG playwright build v1011 from https://cdn.playwright.dev/dbazure/download/playwright/builds/ffmpeg/1011/ffmpeg-linux.zip
2026-01-19T23:50:28.6497464Z (node:2216) [DEP0169] DeprecationWarning: `url.parse()` behavior is not standardized and prone to errors that have security implications. Use the WHATWG URL API instead. CVEs are not issued for `url.parse()` vulnerabilities.
2026-01-19T23:50:28.6499463Z (Use `node --trace-deprecation ...` to show where the warning was created)
2026-01-19T23:50:28.7437593Z |                                                                                |   0% of 2.3 MiB
2026-01-19T23:50:28.7684714Z |■■■■■■■■                                                                        |  10% of 2.3 MiB
2026-01-19T23:50:28.7829981Z |■■■■■■■■■■■■■■■■                                                                |  20% of 2.3 MiB
2026-01-19T23:50:28.7899749Z |■■■■■■■■■■■■■■■■■■■■■■■■                                                        |  30% of 2.3 MiB
2026-01-19T23:50:28.7955302Z |■■■■■■■■■■■■■■■■■■■■■■■■■■■■■■■■                                                |  40% of 2.3 MiB
2026-01-19T23:50:28.8005438Z |■■■■■■■■■■■■■■■■■■■■■■■■■■■■■■■■■■■■■■■■                                        |  50% of 2.3 MiB
2026-01-19T23:50:28.8038228Z |■■■■■■■■■■■■■■■■■■■■■■■■■■■■■■■■■■■■■■■■■■■■■■■■                                |  60% of 2.3 MiB
2026-01-19T23:50:28.8060054Z |■■■■■■■■■■■■■■■■■■■■■■■■■■■■■■■■■■■■■■■■■■■■■■■■■■■■■■■■                        |  70% of 2.3 MiB
2026-01-19T23:50:28.8086467Z |■■■■■■■■■■■■■■■■■■■■■■■■■■■■■■■■■■■■■■■■■■■■■■■■■■■■■■■■■■■■■■■■                |  80% of 2.3 MiB
2026-01-19T23:50:28.8112628Z |■■■■■■■■■■■■■■■■■■■■■■■■■■■■■■■■■■■■■■■■■■■■■■■■■■■■■■■■■■■■■■■■■■■■■■■■        |  90% of 2.3 MiB
2026-01-19T23:50:28.8130923Z |■■■■■■■■■■■■■■■■■■■■■■■■■■■■■■■■■■■■■■■■■■■■■■■■■■■■■■■■■■■■■■■■■■■■■■■■■■■■■■■■| 100% of 2.3 MiB
2026-01-19T23:50:28.8736428Z FFMPEG playwright build v1011 downloaded to /home/runner/.cache/ms-playwright/ffmpeg-1011
2026-01-19T23:50:28.8740100Z Downloading Chromium Headless Shell 143.0.7499.4 (playwright build v1200) from https://cdn.playwright.dev/dbazure/download/playwright/builds/chromium/1200/chromium-headless-shell-linux.zip
2026-01-19T23:50:28.9728886Z (node:2227) [DEP0169] DeprecationWarning: `url.parse()` behavior is not standardized and prone to errors that have security implications. Use the WHATWG URL API instead. CVEs are not issued for `url.parse()` vulnerabilities.
2026-01-19T23:50:28.9730754Z (Use `node --trace-deprecation ...` to show where the warning was created)
2026-01-19T23:50:29.0487158Z |                                                                                |   0% of 109.7 MiB
2026-01-19T23:50:29.1555011Z |■■■■■■■■                                                                        |  10% of 109.7 MiB
2026-01-19T23:50:29.2341053Z |■■■■■■■■■■■■■■■■                                                                |  20% of 109.7 MiB
2026-01-19T23:50:29.2871483Z |■■■■■■■■■■■■■■■■■■■■■■■■                                                        |  30% of 109.7 MiB
2026-01-19T23:50:29.3430045Z |■■■■■■■■■■■■■■■■■■■■■■■■■■■■■■■■                                                |  40% of 109.7 MiB
2026-01-19T23:50:29.3995998Z |■■■■■■■■■■■■■■■■■■■■■■■■■■■■■■■■■■■■■■■■                                        |  50% of 109.7 MiB
2026-01-19T23:50:29.4467585Z |■■■■■■■■■■■■■■■■■■■■■■■■■■■■■■■■■■■■■■■■■■■■■■■■                                |  60% of 109.7 MiB
2026-01-19T23:50:29.4911742Z |■■■■■■■■■■■■■■■■■■■■■■■■■■■■■■■■■■■■■■■■■■■■■■■■■■■■■■■■                        |  70% of 109.7 MiB
2026-01-19T23:50:29.5392039Z |■■■■■■■■■■■■■■■■■■■■■■■■■■■■■■■■■■■■■■■■■■■■■■■■■■■■■■■■■■■■■■■■                |  80% of 109.7 MiB
2026-01-19T23:50:29.5821581Z |■■■■■■■■■■■■■■■■■■■■■■■■■■■■■■■■■■■■■■■■■■■■■■■■■■■■■■■■■■■■■■■■■■■■■■■■        |  90% of 109.7 MiB
2026-01-19T23:50:29.6193838Z |■■■■■■■■■■■■■■■■■■■■■■■■■■■■■■■■■■■■■■■■■■■■■■■■■■■■■■■■■■■■■■■■■■■■■■■■■■■■■■■■| 100% of 109.7 MiB
2026-01-19T23:50:31.5077293Z Chromium Headless Shell 143.0.7499.4 (playwright build v1200) downloaded to /home/runner/.cache/ms-playwright/chromium_headless_shell-1200
2026-01-19T23:50:31.5313183Z ##[group]Run mkdir -p projects/ci_globalsqa_bank
2026-01-19T23:50:31.5313600Z [36;1mmkdir -p projects/ci_globalsqa_bank[0m
2026-01-19T23:50:31.5313996Z [36;1mcat > projects/ci_globalsqa_bank/config.json << 'EOF'[0m
2026-01-19T23:50:31.5314313Z [36;1m{[0m
2026-01-19T23:50:31.5314521Z [36;1m  "project_name": "ci_globalsqa_bank",[0m
2026-01-19T23:50:31.5314969Z [36;1m  "target_url": "https://www.globalsqa.com/angularJs-protractor/BankingProject/",[0m
2026-01-19T23:50:31.5315435Z [36;1m  "goal": "Customer and manager banking flows",[0m
2026-01-19T23:50:31.5315771Z [36;1m  "headless": true[0m
2026-01-19T23:50:31.5315981Z [36;1m}[0m
2026-01-19T23:50:31.5316149Z [36;1mEOF[0m
2026-01-19T23:50:31.5347743Z shell: /usr/bin/bash -e {0}
2026-01-19T23:50:31.5347982Z env:
2026-01-19T23:50:31.5348239Z   pythonLocation: /opt/hostedtoolcache/Python/3.11.14/x64
2026-01-19T23:50:31.5348669Z   PKG_CONFIG_PATH: /opt/hostedtoolcache/Python/3.11.14/x64/lib/pkgconfig
2026-01-19T23:50:31.5349130Z   Python_ROOT_DIR: /opt/hostedtoolcache/Python/3.11.14/x64
2026-01-19T23:50:31.5349505Z   Python2_ROOT_DIR: /opt/hostedtoolcache/Python/3.11.14/x64
2026-01-19T23:50:31.5349878Z   Python3_ROOT_DIR: /opt/hostedtoolcache/Python/3.11.14/x64
2026-01-19T23:50:31.5350254Z   LD_LIBRARY_PATH: /opt/hostedtoolcache/Python/3.11.14/x64/lib
2026-01-19T23:50:31.5350567Z ##[endgroup]
2026-01-19T23:50:31.5459206Z ##[group]Run # Use --deep for comprehensive regression suite
2026-01-19T23:50:31.5459652Z [36;1m# Use --deep for comprehensive regression suite[0m
2026-01-19T23:50:31.5460129Z [36;1mpython orchestrator.py --project projects/ci_globalsqa_bank --deep --force[0m
2026-01-19T23:50:31.5491841Z shell: /usr/bin/bash -e {0}
2026-01-19T23:50:31.5492075Z env:
2026-01-19T23:50:31.5492333Z   pythonLocation: /opt/hostedtoolcache/Python/3.11.14/x64
2026-01-19T23:50:31.5492762Z   PKG_CONFIG_PATH: /opt/hostedtoolcache/Python/3.11.14/x64/lib/pkgconfig
2026-01-19T23:50:31.5493193Z   Python_ROOT_DIR: /opt/hostedtoolcache/Python/3.11.14/x64
2026-01-19T23:50:31.5493569Z   Python2_ROOT_DIR: /opt/hostedtoolcache/Python/3.11.14/x64
2026-01-19T23:50:31.5494114Z   Python3_ROOT_DIR: /opt/hostedtoolcache/Python/3.11.14/x64
2026-01-19T23:50:31.5494488Z   LD_LIBRARY_PATH: /opt/hostedtoolcache/Python/3.11.14/x64/lib
2026-01-19T23:50:31.5494966Z   GOOGLE_API_KEY: ***
2026-01-19T23:50:31.5495200Z   PYTHONPATH: .
2026-01-19T23:50:31.5495399Z ##[endgroup]
2026-01-19T23:50:33.3572194Z 🚀 [DEEP] Extensive mapping enabled (Depth: 3, Pages: 50)
2026-01-19T23:50:33.3572579Z 
2026-01-19T23:50:33.3573295Z 🗺️ [DISCOVERY] Starting Parallel Semantic Crawl on https://www.globalsqa.com/angularJs-protractor/BankingProject/ (Workers: 3)
2026-01-19T23:50:34.7857077Z   🔍 [Worker 0] Visiting (0): https://www.globalsqa.com/angularJs-protractor/BankingProject/
2026-01-19T23:50:35.9830264Z [DEBUG] Sending request to gemini-2.0-flash. Number of parts: 1
2026-01-19T23:50:35.9830921Z [DEBUG] Received response (Length: 189)
2026-01-19T23:50:35.9831751Z ✅ Discovery Complete. Mapped 1 pages.
2026-01-19T23:50:46.4399987Z 
2026-01-19T23:50:46.4400711Z [PLAN] PLANNER: Planning goal -> 'Customer and manager banking flows' (Deep Mode: True)
2026-01-19T23:50:46.4401960Z 🗺️ [PLAN] Loaded Sitemap with 1 pages.
2026-01-19T23:50:46.4402374Z 📊 [KNOWLEDGE] Page types: ['unknown']
2026-01-19T23:50:46.4402745Z 🔄 [KNOWLEDGE] Flows: 0, Forms: 0
2026-01-19T23:50:46.4403717Z 🎭 [EXPERT] Detected Domain: FINANCE. Persona: Act as a Senior SDET focusing on exploring application to understand functional flow and automating FinTech scenarios
2026-01-19T23:50:46.4404666Z [DEBUG] Sending request to gemini-2.0-flash. Number of parts: 1
2026-01-19T23:50:46.4405113Z [DEBUG] Received response (Length: 4175)
2026-01-19T23:50:46.4405462Z ✅ Planner generated 3 scenarios. Workflow updated.
2026-01-19T23:50:47.4761094Z 
2026-01-19T23:50:47.4762460Z 🕵️ [DEEP EXPLORER] Starting Multi-Scenario Exploration
2026-01-19T23:50:47.4763497Z 📋 Found 3 scenarios to explore.
2026-01-19T23:50:47.8432812Z 
2026-01-19T23:50:47.8433283Z [1/3] Exploring Scenario: Customer Login and Account Details
2026-01-19T23:50:47.8434472Z     🧠 Initialized exploration context for goal: 'This scenario covers the customer login flow and viewing account details.'
2026-01-19T23:50:47.8435200Z     🎯 Scenario: Customer Login and Account Details
2026-01-19T23:50:47.8444424Z   ▶️ [STEP step_1] NAVIGATE: 
2026-01-19T23:50:48.5698487Z     ✅ Navigated to https://www.globalsqa.com/angularJs-protractor/BankingProject/
2026-01-19T23:50:48.5699150Z   ▶️ [STEP step_2] CLICK: Customer Login
2026-01-19T23:50:48.5885777Z     🔍 Mining locators for: 'Customer Login'
2026-01-19T23:50:48.6392989Z     ✅ Found 2 verified locators
2026-01-19T23:50:52.2218655Z     ✅ State transitioned.
2026-01-19T23:50:53.7960664Z [DEBUG] Sending request to gemini-2.0-flash. Number of parts: 2
2026-01-19T23:50:53.7961535Z [DEBUG] Received response (Length: 214)
2026-01-19T23:50:53.7962345Z     🤖 AI Next Step Suggestion: fill -> userSelect
2026-01-19T23:50:53.7962988Z     🧩 Suggested Locator: select[name='userSelect']
2026-01-19T23:50:53.7963580Z     💭 Reasoning: Select a user to login as. Hermoine Granger is the first user in the list.
2026-01-19T23:50:53.7965296Z     ➕ Injected AI step: fill -> userSelect
2026-01-19T23:50:53.7965626Z   ▶️ [STEP step_2_ai_1] FILL: userSelect
2026-01-19T23:50:53.8027967Z     🎯 Using AI-provided locator: select[name='userSelect']
2026-01-19T23:50:53.8095302Z     ✅ Found 1 verified locators
2026-01-19T23:50:59.8626439Z     ✅ State transitioned.
2026-01-19T23:51:01.0790465Z [DEBUG] Sending request to gemini-2.0-flash. Number of parts: 2
2026-01-19T23:51:01.0791490Z [DEBUG] Received response (Length: 172)
2026-01-19T23:51:01.0792446Z     🤖 AI Next Step Suggestion: click -> Login
2026-01-19T23:51:01.0793153Z     🧩 Suggested Locator: button
2026-01-19T23:51:01.0794282Z     💭 Reasoning: After selecting a user, the next logical step is to click the Login button to proceed.
2026-01-19T23:51:01.0795514Z     ➕ Injected AI step: click -> Login
2026-01-19T23:51:01.0796042Z   ▶️ [STEP step_2_ai_2] CLICK: Login
2026-01-19T23:51:01.0851916Z     🎯 Using AI-provided locator: button
2026-01-19T23:51:01.0914711Z     ✅ Found 1 verified locators
2026-01-19T23:51:05.1532280Z     ✅ State transitioned.
2026-01-19T23:51:06.4256479Z [DEBUG] Sending request to gemini-2.0-flash. Number of parts: 2
2026-01-19T23:51:06.4257245Z [DEBUG] Received response (Length: 229)
2026-01-19T23:51:06.4258017Z     🤖 AI Next Step Suggestion: done -> N/A
2026-01-19T23:51:06.4259700Z     💭 Reasoning: The customer is logged in. The next step would be to view account details, but there are no account details visible on the current page. Therefore, the scenario is complete from this page.
2026-01-19T23:51:06.4261176Z   ▶️ [STEP step_3] ASSERT_VISIBLE: Your Name :
2026-01-19T23:51:06.4319375Z     🔍 Mining locators for: 'Your Name :'
2026-01-19T23:51:06.4572798Z     🧠 Consulting AI (Vision-First) to find 'Your Name :'...
2026-01-19T23:51:06.4608503Z     🔍 Trying smart selectors for 'Your Name :'...
2026-01-19T23:51:06.5588499Z     🔍 [SMART] Searching for: 'Your Name :' (trying 15+ strategies)
2026-01-19T23:51:06.5589521Z     ⚠️ Smart selectors failed (no unique match). Falling back to AI Vision...
2026-01-19T23:51:06.5592490Z     🧠 [EXPERT] Strategy: Act as a Senior SDET focusing on exploring application to understand functional flow and automating FinTech scenarios. Focus on the end-to-end functional flow (e.g., Account Creation, Login, Funds Transfer, Loan Application). Prioritize identifying stable locators and interactive elements for automation. Ensure core banking features are accessible and functional.
2026-01-19T23:51:11.3072740Z [DEBUG] Sending request to gemini-2.0-flash. Number of parts: 2
2026-01-19T23:51:11.3073356Z [DEBUG] Received response (Length: 218)
2026-01-19T23:51:11.3074094Z     💡 Expert Suggestion: "Your Name :" is likely on the customer profile page after logging in.
2026-01-19T23:51:11.3074703Z     🛠️ Executing corrective action: click -> 'Customer Login'
2026-01-19T23:51:11.8547029Z     ✅ Executed corrective navigation
2026-01-19T23:51:13.8570000Z     🔄 Retry 1/3 mining locators for 'Your Name :'...
2026-01-19T23:51:14.8839569Z     🧠 Consulting AI (Vision-First) to find 'Your Name :'...
2026-01-19T23:51:14.8840270Z     🔍 Trying smart selectors for 'Your Name :'...
2026-01-19T23:51:14.9831140Z     🔍 [SMART] Searching for: 'Your Name :' (trying 15+ strategies)
2026-01-19T23:51:14.9832024Z     ✅ Smart selector found 'Your Name :' via proximity-parent-1 (confidence: 0.8)
2026-01-19T23:51:14.9873199Z     ✅ Found 1 verified locators
2026-01-19T23:51:17.5128394Z     ✅ State transitioned.
2026-01-19T23:51:19.0230785Z [DEBUG] Sending request to gemini-2.0-flash. Number of parts: 2
2026-01-19T23:51:19.0231616Z [DEBUG] Received response (Length: 225)
2026-01-19T23:51:19.0232259Z     🤖 AI Next Step Suggestion: done -> N/A
2026-01-19T23:51:19.0233171Z     💭 Reasoning: The user is already logged in, as indicated by the 'Logout' button and the successful assertion of 'Your Name :'. The goal of logging in and viewing account details is likely complete.
2026-01-19T23:51:19.0233989Z   ▶️ [STEP step_4] SELECT: Your Name :
2026-01-19T23:51:19.0288725Z     🔍 Mining locators for: 'Your Name :'
2026-01-19T23:51:19.0567981Z     🧠 Consulting AI (Vision-First) to find 'Your Name :'...
2026-01-19T23:51:19.0568742Z     🔍 Trying smart selectors for 'Your Name :'...
2026-01-19T23:51:19.1561764Z     🔍 [SMART] Searching for: 'Your Name :' (trying 15+ strategies)
2026-01-19T23:51:19.1562851Z     ✅ Smart selector found 'Your Name :' via proximity-parent-1 (confidence: 0.8)
2026-01-19T23:51:19.1603244Z     ✅ Found 1 verified locators
2026-01-19T23:51:21.6960950Z     ✅ State transitioned.
2026-01-19T23:51:21.7006956Z     🔄 Revisited state detected (count: 1)
2026-01-19T23:51:23.6859794Z [DEBUG] Sending request to gemini-2.0-flash. Number of parts: 2
2026-01-19T23:51:23.6860437Z [DEBUG] Received response (Length: 214)
2026-01-19T23:51:23.6861218Z     🤖 AI Next Step Suggestion: click -> Login
2026-01-19T23:51:23.6862037Z     🧩 Suggested Locator: button
2026-01-19T23:51:23.6862897Z     💭 Reasoning: After selecting a user, the next logical step is to click the 'Login' button to proceed with the login process.
2026-01-19T23:51:23.6864698Z ⚠️ Loop detected: same AI suggestion repeated 2 times without state change. Moving to next step.
2026-01-19T23:51:23.6865556Z   ▶️ [STEP step_5] CLICK: Login
2026-01-19T23:51:23.6921587Z     🔍 Mining locators for: 'Login'
2026-01-19T23:51:23.7250523Z     ✅ Found 2 verified locators
2026-01-19T23:51:27.2825813Z     ✅ State transitioned.
2026-01-19T23:51:28.8568450Z [DEBUG] Sending request to gemini-2.0-flash. Number of parts: 2
2026-01-19T23:51:28.8569157Z [DEBUG] Received response (Length: 121)
2026-01-19T23:51:28.8569961Z     🤖 AI Next Step Suggestion: done -> N/A
2026-01-19T23:51:28.8571054Z     💭 Reasoning: The user is logged in and viewing account details. The initial goal is achieved.
2026-01-19T23:51:28.8572444Z   ▶️ [STEP step_6] ASSERT_VISIBLE: Account Number
2026-01-19T23:51:28.8627540Z     🔍 Mining locators for: 'Account Number'
2026-01-19T23:51:28.8900347Z     🧠 Consulting AI (Vision-First) to find 'Account Number'...
2026-01-19T23:51:28.8901483Z     🔍 Trying smart selectors for 'Account Number'...
2026-01-19T23:51:28.9549719Z     🔍 [SMART] Searching for: 'Account Number' (trying 15+ strategies)
2026-01-19T23:51:28.9550599Z     ✅ Smart selector found 'Account Number' via fuzzy-token (confidence: 0.75)
2026-01-19T23:51:28.9595116Z     ✅ Found 1 verified locators
2026-01-19T23:51:31.9957024Z     ✅ State transitioned.
2026-01-19T23:51:33.7154501Z [DEBUG] Sending request to gemini-2.0-flash. Number of parts: 2
2026-01-19T23:51:33.7155016Z [DEBUG] Received response (Length: 175)
2026-01-19T23:51:33.7155849Z     🤖 AI Next Step Suggestion: click -> Transactions
2026-01-19T23:51:33.7156444Z     🧩 Suggested Locator: button:contains('Transactions')
2026-01-19T23:51:33.7157190Z     💭 Reasoning: To view the transaction history for the selected account.
2026-01-19T23:51:33.7157905Z     ➕ Injected AI step: click -> Transactions
2026-01-19T23:51:33.7158430Z   ▶️ [STEP step_6_ai_1] CLICK: Transactions
2026-01-19T23:51:33.7214083Z     🎯 Using AI-provided locator: button:contains('Transactions')
2026-01-19T23:51:33.7250237Z     🔍 Mining locators for: 'Transactions'
2026-01-19T23:51:33.7590547Z     ✅ Found 2 verified locators
2026-01-19T23:51:37.3142350Z     ✅ State transitioned.
2026-01-19T23:51:37.3188868Z     🔄 Revisited state detected (count: 1)
2026-01-19T23:51:38.6409327Z [DEBUG] Sending request to gemini-2.0-flash. Number of parts: 2
2026-01-19T23:51:38.6409986Z [DEBUG] Received response (Length: 118)
2026-01-19T23:51:38.6410636Z     🤖 AI Next Step Suggestion: done -> N/A
2026-01-19T23:51:38.6411194Z     💭 Reasoning: The user has logged in and viewed transactions. The initial goal is complete.
2026-01-19T23:51:38.6412018Z   ▶️ [STEP step_7] CLICK: Logout
2026-01-19T23:51:38.6466828Z     🔍 Mining locators for: 'Logout'
2026-01-19T23:51:38.6819710Z     ✅ Found 2 verified locators
2026-01-19T23:51:42.2354173Z     ✅ State transitioned.
2026-01-19T23:51:44.0366281Z [DEBUG] Sending request to gemini-2.0-flash. Number of parts: 2
2026-01-19T23:51:44.0366996Z [DEBUG] Received response (Length: 208)
2026-01-19T23:51:44.0367884Z     🤖 AI Next Step Suggestion: select -> Your Name :
2026-01-19T23:51:44.0369034Z     🧩 Suggested Locator: #userSelect
2026-01-19T23:51:44.0369614Z     💭 Reasoning: To select a user to login with. Hermoine Granger is the first user in the list.
2026-01-19T23:51:44.0370124Z     ➕ Injected AI step: select -> Your Name :
2026-01-19T23:51:44.0370465Z   ▶️ [STEP step_7_ai_1] SELECT: Your Name :
2026-01-19T23:51:44.0424628Z     🎯 Using AI-provided locator: #userSelect
2026-01-19T23:51:44.0478322Z     ✅ Found 1 verified locators
2026-01-19T23:51:47.0782649Z     ✅ State transitioned.
2026-01-19T23:51:48.9164964Z [DEBUG] Sending request to gemini-2.0-flash. Number of parts: 2
2026-01-19T23:51:48.9165686Z [DEBUG] Received response (Length: 249)
2026-01-19T23:51:48.9166595Z     🤖 AI Next Step Suggestion: select -> Your Name :
2026-01-19T23:51:48.9167261Z     🧩 Suggested Locator: #userSelect
2026-01-19T23:51:48.9168878Z     💭 Reasoning: To login as a specific user, we need to select a user from the dropdown. Hermoine Granger is the first user in the list.
2026-01-19T23:51:48.9170333Z     🔄 Same AI suggestion but state changed (URL or DOM). Resetting loop counter.
2026-01-19T23:51:48.9171664Z     ⚠️ Skipping duplicate AI suggestion (just executed): ('select', 'your name :')
2026-01-19T23:51:48.9172520Z   ▶️ [STEP step_8] ASSERT_VISIBLE: Your Name :
2026-01-19T23:51:48.9227989Z     🔍 Mining locators for: 'Your Name :'
2026-01-19T23:51:48.9492648Z     🧠 Consulting AI (Vision-First) to find 'Your Name :'...
2026-01-19T23:51:48.9493470Z     🔍 Trying smart selectors for 'Your Name :'...
2026-01-19T23:51:49.0503158Z     🔍 [SMART] Searching for: 'Your Name :' (trying 15+ strategies)
2026-01-19T23:51:49.0504212Z     ✅ Smart selector found 'Your Name :' via proximity-parent-1 (confidence: 0.8)
2026-01-19T23:51:49.0544005Z     ✅ Found 1 verified locators
2026-01-19T23:51:51.5778487Z     ✅ State transitioned.
2026-01-19T23:51:51.5823546Z     🔄 Revisited state detected (count: 1)
2026-01-19T23:51:53.8736040Z [DEBUG] Sending request to gemini-2.0-flash. Number of parts: 2
2026-01-19T23:51:53.8736637Z [DEBUG] Received response (Length: 187)
2026-01-19T23:51:53.8737243Z     🤖 AI Next Step Suggestion: click -> Login
2026-01-19T23:51:53.8737825Z     💭 Reasoning: After selecting a user, the next logical step is to click the 'Login' button to proceed.
2026-01-19T23:51:53.8738357Z     ➕ Injected AI step: click -> Login
2026-01-19T23:51:53.8738666Z   ▶️ [STEP step_8_ai_1] CLICK: Login
2026-01-19T23:51:53.8795535Z     🔍 Mining locators for: 'Login'
2026-01-19T23:51:53.9138315Z     ✅ Found 2 verified locators
2026-01-19T23:51:57.4673279Z     ✅ State transitioned.
2026-01-19T23:51:57.4721845Z     🔄 Revisited state detected (count: 2)
2026-01-19T23:51:58.7938720Z [DEBUG] Sending request to gemini-2.0-flash. Number of parts: 2
2026-01-19T23:51:58.7939328Z [DEBUG] Received response (Length: 231)
2026-01-19T23:51:58.7939904Z     🤖 AI Next Step Suggestion: done -> N/A
2026-01-19T23:51:58.7940949Z     💭 Reasoning: The user is logged in and viewing the account details page. The scenario covers the customer login flow and viewing account details. There are no further actions to take to fulfill the goal.
2026-01-19T23:52:00.8285702Z 
2026-01-19T23:52:00.8287169Z [2/3] Exploring Scenario: Manager Login and Add Customer
2026-01-19T23:52:00.8289642Z     🧠 Initialized exploration context for goal: 'This scenario covers the manager login flow and adding a new customer.'
2026-01-19T23:52:00.8290756Z     🎯 Scenario: Manager Login and Add Customer
2026-01-19T23:52:00.8291559Z   ▶️ [STEP step_1] NAVIGATE: 
2026-01-19T23:52:01.6981018Z     ✅ Navigated to https://www.globalsqa.com/angularJs-protractor/BankingProject/
2026-01-19T23:52:01.6982222Z   ▶️ [STEP step_2] CLICK: Bank Manager Login
2026-01-19T23:52:01.7140815Z     🔍 Mining locators for: 'Bank Manager Login'
2026-01-19T23:52:01.7674273Z     ✅ Found 2 verified locators
2026-01-19T23:52:05.3506275Z     ✅ State transitioned.
2026-01-19T23:52:06.5902276Z [DEBUG] Sending request to gemini-2.0-flash. Number of parts: 2
2026-01-19T23:52:06.5902871Z [DEBUG] Received response (Length: 205)
2026-01-19T23:52:06.5903943Z     🤖 AI Next Step Suggestion: click -> Add Customer
2026-01-19T23:52:06.5904875Z     💭 Reasoning: The goal is to add a new customer, and the 'Add Customer' button is visible and available to click.
2026-01-19T23:52:06.5905433Z     ➕ Injected AI step: click -> Add Customer
2026-01-19T23:52:06.5905756Z   ▶️ [STEP step_2_ai_1] CLICK: Add Customer
2026-01-19T23:52:06.5963841Z     🔍 Mining locators for: 'Add Customer'
2026-01-19T23:52:06.6301828Z     ✅ Found 2 verified locators
2026-01-19T23:52:10.1823235Z     ✅ State transitioned.
2026-01-19T23:52:11.7334754Z [DEBUG] Sending request to gemini-2.0-flash. Number of parts: 2
2026-01-19T23:52:11.7335461Z [DEBUG] Received response (Length: 186)
2026-01-19T23:52:11.7336333Z     🤖 AI Next Step Suggestion: fill -> First Name
2026-01-19T23:52:11.7337435Z     🧩 Suggested Locator: input[placeholder='First Name']
2026-01-19T23:52:11.7338336Z     💭 Reasoning: Need to fill the first name field to add a customer.
2026-01-19T23:52:11.7339142Z     ➕ Injected AI step: fill -> First Name
2026-01-19T23:52:11.7339738Z   ▶️ [STEP step_2_ai_2] FILL: First Name
2026-01-19T23:52:11.7393607Z     🎯 Using AI-provided locator: input[placeholder='First Name']
2026-01-19T23:52:11.7453582Z     ✅ Found 1 verified locators
2026-01-19T23:52:17.4021215Z     ✅ State transitioned.
2026-01-19T23:52:18.8427849Z [DEBUG] Sending request to gemini-2.0-flash. Number of parts: 2
2026-01-19T23:52:18.8428425Z [DEBUG] Received response (Length: 197)
2026-01-19T23:52:18.8429094Z     🤖 AI Next Step Suggestion: fill -> Last Name
2026-01-19T23:52:18.8429691Z     🧩 Suggested Locator: input[placeholder='Last Name']
2026-01-19T23:52:18.8430220Z     💭 Reasoning: The form requires the last name to be filled in to add a customer.
2026-01-19T23:52:18.8430750Z     ➕ Injected AI step: fill -> Last Name
2026-01-19T23:52:18.8431098Z   ▶️ [STEP step_2_ai_3] FILL: Last Name
2026-01-19T23:52:18.8485715Z     🎯 Using AI-provided locator: input[placeholder='Last Name']
2026-01-19T23:52:18.8547291Z     ✅ Found 1 verified locators
2026-01-19T23:52:24.1802837Z     ✅ State transitioned.
2026-01-19T23:52:25.6416024Z [DEBUG] Sending request to gemini-2.0-flash. Number of parts: 2
2026-01-19T23:52:25.6416763Z [DEBUG] Received response (Length: 226)
2026-01-19T23:52:25.6417699Z     🤖 AI Next Step Suggestion: fill -> Post Code
2026-01-19T23:52:25.6418544Z     🧩 Suggested Locator: input[placeholder='Post Code']
2026-01-19T23:52:25.6419869Z     💭 Reasoning: The 'Post Code' field is visible and needs to be filled to complete the customer information.
2026-01-19T23:52:25.6421023Z     ➕ Injected AI step: fill -> Post Code
2026-01-19T23:52:25.6421852Z   ▶️ [STEP step_2_ai_4] FILL: Post Code
2026-01-19T23:52:25.6471929Z     🎯 Using AI-provided locator: input[placeholder='Post Code']
2026-01-19T23:52:25.6528963Z     ✅ Found 1 verified locators
2026-01-19T23:52:31.4224616Z     ✅ State transitioned.
2026-01-19T23:52:32.7803280Z [DEBUG] Sending request to gemini-2.0-flash. Number of parts: 2
2026-01-19T23:52:32.7803906Z [DEBUG] Received response (Length: 182)
2026-01-19T23:52:32.7804567Z     🤖 AI Next Step Suggestion: click -> Add Customer
2026-01-19T23:52:32.7805116Z     💭 Reasoning: The form is complete, so click the 'Add Customer' button to submit the form.
2026-01-19T23:52:32.7805607Z     ➕ Injected AI step: click -> Add Customer
2026-01-19T23:52:32.7805967Z   ▶️ [STEP step_2_ai_5] CLICK: Add Customer
2026-01-19T23:52:32.7866779Z     🔍 Mining locators for: 'Add Customer'
2026-01-19T23:52:32.8387345Z     ✅ Found 2 verified locators
2026-01-19T23:52:36.3803123Z     ✅ State transitioned.
2026-01-19T23:52:37.8459804Z [DEBUG] Sending request to gemini-2.0-flash. Number of parts: 2
2026-01-19T23:52:37.8460652Z [DEBUG] Received response (Length: 176)
2026-01-19T23:52:37.8461962Z     🤖 AI Next Step Suggestion: click -> Add Customer
2026-01-19T23:52:37.8464685Z     🧩 Suggested Locator: button:nth-of-type(2)
2026-01-19T23:52:37.8465801Z     💭 Reasoning: The form is filled, so clicking 'Add Customer' will submit the form.
2026-01-19T23:52:37.8467274Z     🔄 Same AI suggestion but state changed (URL or DOM). Resetting loop counter.
2026-01-19T23:52:37.8468321Z     ⚠️ Skipping duplicate AI suggestion (just executed): ('click', 'add customer')
2026-01-19T23:52:37.8469119Z   ▶️ [STEP step_3] ASSERT_VISIBLE: Add Customer
2026-01-19T23:52:37.8524261Z     🔍 Mining locators for: 'Add Customer'
2026-01-19T23:52:37.9076765Z     ✅ Found 2 verified locators
2026-01-19T23:52:40.4608482Z     ✅ State transitioned.
2026-01-19T23:52:40.4657014Z     🔄 Revisited state detected (count: 1)
2026-01-19T23:52:42.5767904Z [DEBUG] Sending request to gemini-2.0-flash. Number of parts: 2
2026-01-19T23:52:42.5768699Z [DEBUG] Received response (Length: 246)
2026-01-19T23:52:42.5769658Z     🤖 AI Next Step Suggestion: click -> Add Customer
2026-01-19T23:52:42.5770972Z     🧩 Suggested Locator: button:contains('Add Customer')
2026-01-19T23:52:42.5772917Z     💭 Reasoning: The form is filled, and the 'Add Customer' button is visible. Clicking it will submit the form and (hopefully) add the customer.
2026-01-19T23:52:42.5774783Z ⚠️ Loop detected: same AI suggestion repeated 2 times without state change. Moving to next step.
2026-01-19T23:52:42.5775759Z   ▶️ [STEP step_4] CLICK: Add Customer
2026-01-19T23:52:42.5831394Z     🔍 Mining locators for: 'Add Customer'
2026-01-19T23:52:42.6395139Z     ✅ Found 2 verified locators
2026-01-19T23:52:46.2100408Z     ✅ State transitioned.
2026-01-19T23:52:46.2149021Z     🔄 Revisited state detected (count: 2)
2026-01-19T23:52:47.4569106Z [DEBUG] Sending request to gemini-2.0-flash. Number of parts: 2
2026-01-19T23:52:47.4569592Z [DEBUG] Received response (Length: 224)
2026-01-19T23:52:47.4570413Z     🤖 AI Next Step Suggestion: click -> Add Customer
2026-01-19T23:52:47.4571574Z     💭 Reasoning: The form is complete, and the 'Add Customer' button is visible. Clicking it will submit the form and add the customer.
2026-01-19T23:52:47.4572401Z     ⚠️ Skipping duplicate AI suggestion (just executed): ('click', 'add customer')
2026-01-19T23:52:47.4572861Z     ⚡ PARALLEL MODE: Batching 3 fill steps
2026-01-19T23:52:47.4573188Z     ⚡ Batch mining 3 fields in parallel...
2026-01-19T23:52:47.4896518Z     🔍 Trying smart selectors for 'First Name :'...
2026-01-19T23:52:47.4903679Z     🔍 [SMART] Searching for: 'First Name :' (trying 15+ strategies)
2026-01-19T23:52:47.4904413Z     🔍 Trying smart selectors for 'Last Name :'...
2026-01-19T23:52:47.4913479Z     🔍 [SMART] Searching for: 'Last Name :' (trying 15+ strategies)
2026-01-19T23:52:47.4914229Z     🔍 Trying smart selectors for 'Post Code :'...
2026-01-19T23:52:47.6276500Z     🔍 [SMART] Searching for: 'Post Code :' (trying 15+ strategies)
2026-01-19T23:52:47.6277489Z     ✅ Smart selector found 'Post Code :' via proximity-parent-1 (confidence: 0.8)
2026-01-19T23:52:47.6311174Z     ✅ Smart selector found 'Last Name :' via proximity-parent-1 (confidence: 0.8)
2026-01-19T23:52:47.6389998Z     ✅ Smart selector found 'First Name :' via proximity-parent-1 (confidence: 0.8)
2026-01-19T23:52:47.6390884Z     ✅ Batch mined 'First Name :' (1 locators)
2026-01-19T23:52:47.6391645Z     ✅ Batch mined 'Last Name :' (1 locators)
2026-01-19T23:52:47.6392200Z     ✅ Batch mined 'Post Code :' (1 locators)
2026-01-19T23:52:47.6392740Z     ✅ Batch mined 3/3 steps successfully
2026-01-19T23:52:47.6393272Z   ▶️ [STEP step_8] CLICK: Add Customer
2026-01-19T23:52:47.6442223Z     🔍 Mining locators for: 'Add Customer'
2026-01-19T23:52:47.7061580Z     ✅ Found 2 verified locators
2026-01-19T23:52:51.2752267Z     ✅ State transitioned.
2026-01-19T23:52:51.2799637Z     🔄 Revisited state detected (count: 3)
2026-01-19T23:52:51.2800317Z     ⚠️ Too many revisits (3). Stopping AI step injection to prevent loops.
2026-01-19T23:52:51.2800784Z   ▶️ [STEP step_9] ASSERT_VISIBLE: Customers
2026-01-19T23:52:51.2857541Z     🔍 Mining locators for: 'Customers'
2026-01-19T23:52:51.3313113Z     ✅ Found 2 verified locators
2026-01-19T23:52:53.8590102Z     ✅ State transitioned.
2026-01-19T23:52:53.8638097Z     🔄 Revisited state detected (count: 4)
2026-01-19T23:52:53.8639134Z     ⚠️ Too many revisits (4). Stopping AI step injection to prevent loops.
2026-01-19T23:52:55.9066062Z 
2026-01-19T23:52:55.9066665Z [3/3] Exploring Scenario: Manager Login and Open Account
2026-01-19T23:52:55.9068484Z     🧠 Initialized exploration context for goal: 'This scenario covers the manager login flow and opening a new account for an existing customer.'
2026-01-19T23:52:55.9069540Z     🎯 Scenario: Manager Login and Open Account
2026-01-19T23:52:55.9069889Z   ▶️ [STEP step_1] NAVIGATE: 
2026-01-19T23:52:56.7287537Z     ✅ Navigated to https://www.globalsqa.com/angularJs-protractor/BankingProject/
2026-01-19T23:52:56.7288726Z   ▶️ [STEP step_2] CLICK: Bank Manager Login
2026-01-19T23:52:56.7452034Z     🔍 Mining locators for: 'Bank Manager Login'
2026-01-19T23:52:56.7991001Z     ✅ Found 2 verified locators
2026-01-19T23:53:00.3805008Z     ✅ State transitioned.
2026-01-19T23:53:01.6017930Z [DEBUG] Sending request to gemini-2.0-flash. Number of parts: 2
2026-01-19T23:53:01.6018646Z [DEBUG] Received response (Length: 271)
2026-01-19T23:53:01.6019396Z     🤖 AI Next Step Suggestion: click -> Open Account
2026-01-19T23:53:01.6020005Z     🧩 Suggested Locator: button:contains('Open Account')
2026-01-19T23:53:01.6020894Z     💭 Reasoning: The goal is to open a new account for an existing customer. The 'Open Account' button is visible and the next logical step after logging in as a manager.
2026-01-19T23:53:01.6021949Z     ➕ Injected AI step: click -> Open Account
2026-01-19T23:53:01.6022299Z   ▶️ [STEP step_2_ai_1] CLICK: Open Account
2026-01-19T23:53:01.6080279Z     🎯 Using AI-provided locator: button:contains('Open Account')
2026-01-19T23:53:01.6115310Z     🔍 Mining locators for: 'Open Account'
2026-01-19T23:53:01.6447912Z     ✅ Found 2 verified locators
2026-01-19T23:53:05.1923642Z     ✅ State transitioned.
2026-01-19T23:53:06.8611099Z [DEBUG] Sending request to gemini-2.0-flash. Number of parts: 2
2026-01-19T23:53:06.8611959Z [DEBUG] Received response (Length: 170)
2026-01-19T23:53:06.8612757Z     🤖 AI Next Step Suggestion: fill -> Customer Name
2026-01-19T23:53:06.8613141Z     🧩 Suggested Locator: #userSelect
2026-01-19T23:53:06.8613513Z     💭 Reasoning: Select a customer to open an account for.
2026-01-19T23:53:06.8613884Z     ➕ Injected AI step: fill -> Customer Name
2026-01-19T23:53:06.8614207Z   ▶️ [STEP step_2_ai_2] FILL: Customer Name
2026-01-19T23:53:06.8669193Z     🎯 Using AI-provided locator: #userSelect
2026-01-19T23:53:06.8732102Z     ✅ Found 1 verified locators
2026-01-19T23:53:13.8532814Z     ✅ State transitioned.
2026-01-19T23:53:15.3552088Z [DEBUG] Sending request to gemini-2.0-flash. Number of parts: 2
2026-01-19T23:53:15.3552850Z [DEBUG] Received response (Length: 221)
2026-01-19T23:53:15.3553772Z     🤖 AI Next Step Suggestion: fill -> currency
2026-01-19T23:53:15.3554502Z     🧩 Suggested Locator: select[name='currency']
2026-01-19T23:53:15.3555690Z     💭 Reasoning: After selecting the customer name, the next step is to select the currency for the new account.
2026-01-19T23:53:15.3556851Z     ➕ Injected AI step: fill -> currency
2026-01-19T23:53:15.3557480Z   ▶️ [STEP step_2_ai_3] FILL: currency
2026-01-19T23:53:15.3612419Z     🎯 Using AI-provided locator: select[name='currency']
2026-01-19T23:53:15.3676137Z     ✅ Found 1 verified locators
2026-01-19T23:53:20.9984895Z     ✅ State transitioned.
2026-01-19T23:53:22.4813551Z [DEBUG] Sending request to gemini-2.0-flash. Number of parts: 2
2026-01-19T23:53:22.4814276Z [DEBUG] Received response (Length: 175)
2026-01-19T23:53:22.4815103Z     🤖 AI Next Step Suggestion: click -> Open Account
2026-01-19T23:53:22.4816048Z     💭 Reasoning: The form is now complete, so we should submit it to open the account.
2026-01-19T23:53:22.4816905Z     ➕ Injected AI step: click -> Open Account
2026-01-19T23:53:22.4817870Z   ▶️ [STEP step_2_ai_4] CLICK: Open Account
2026-01-19T23:53:22.4873358Z     🔍 Mining locators for: 'Open Account'
2026-01-19T23:53:22.5391933Z     ✅ Found 2 verified locators
2026-01-19T23:53:26.0933630Z     ✅ State transitioned.
2026-01-19T23:53:27.5038176Z [DEBUG] Sending request to gemini-2.0-flash. Number of parts: 2
2026-01-19T23:53:27.5038703Z [DEBUG] Received response (Length: 223)
2026-01-19T23:53:27.5039524Z     🤖 AI Next Step Suggestion: click -> Open Account
2026-01-19T23:53:27.5040866Z     💭 Reasoning: The form is filled, so the next step is to click the 'Open Account' button to submit the form and create the account.
2026-01-19T23:53:27.5042076Z     🔄 Same AI suggestion but state changed (URL or DOM). Resetting loop counter.
2026-01-19T23:53:27.5042795Z     ⚠️ Skipping duplicate AI suggestion (just executed): ('click', 'open account')
2026-01-19T23:53:27.5043361Z   ▶️ [STEP step_3] ASSERT_VISIBLE: Open Account
2026-01-19T23:53:27.5098018Z     🔍 Mining locators for: 'Open Account'
2026-01-19T23:53:27.5456209Z     ✅ Found 2 verified locators
2026-01-19T23:53:30.0734686Z     ✅ State transitioned.
2026-01-19T23:53:30.0782173Z     🔄 Revisited state detected (count: 1)
2026-01-19T23:53:32.7313655Z [DEBUG] Sending request to gemini-2.0-flash. Number of parts: 2
2026-01-19T23:53:32.7314304Z [DEBUG] Received response (Length: 224)
2026-01-19T23:53:32.7315219Z     🤖 AI Next Step Suggestion: CLICK -> Process
2026-01-19T23:53:32.7316050Z     💭 Reasoning: After selecting the customer name and currency, the next logical step is to click the 'Process' button to open the account.
2026-01-19T23:53:32.7316732Z     ➕ Injected AI step: CLICK -> Process
2026-01-19T23:53:32.7317065Z   ▶️ [STEP step_3_ai_1] CLICK: Process
2026-01-19T23:53:32.7372724Z     🔍 Mining locators for: 'Process'
2026-01-19T23:53:32.7774872Z     ✅ Found 2 verified locators
2026-01-19T23:53:35.3065971Z     ✅ State transitioned.
2026-01-19T23:53:35.3117244Z     🔄 Revisited state detected (count: 2)
2026-01-19T23:53:37.5489217Z [DEBUG] Sending request to gemini-2.0-flash. Number of parts: 2
2026-01-19T23:53:37.5489888Z [DEBUG] Received response (Length: 177)
2026-01-19T23:53:37.5490682Z     🤖 AI Next Step Suggestion: click -> Process
2026-01-19T23:53:37.5491493Z     🧩 Suggested Locator: button
2026-01-19T23:53:37.5492468Z     💭 Reasoning: The customer and currency have been selected. Clicking 'Process' will create the account.
2026-01-19T23:53:37.5493616Z     ⚠️ Skipping duplicate AI suggestion (just executed): ('click', 'process')
2026-01-19T23:53:37.5494105Z   ▶️ [STEP step_4] CLICK: Open Account
2026-01-19T23:53:37.5548927Z     🔍 Mining locators for: 'Open Account'
2026-01-19T23:53:37.5940256Z     ✅ Found 2 verified locators
2026-01-19T23:53:41.1404428Z     ✅ State transitioned.
2026-01-19T23:53:41.1452398Z     🔄 Revisited state detected (count: 3)
2026-01-19T23:53:41.1453237Z     ⚠️ Too many revisits (3). Stopping AI step injection to prevent loops.
2026-01-19T23:53:41.1453699Z   ▶️ [STEP step_5] SELECT: Customer :
2026-01-19T23:53:41.1507223Z     🔍 Mining locators for: 'Customer :'
2026-01-19T23:53:41.1777385Z     🧠 Consulting AI (Vision-First) to find 'Customer :'...
2026-01-19T23:53:41.1778190Z     🔍 Trying smart selectors for 'Customer :'...
2026-01-19T23:53:41.2639211Z     🔍 [SMART] Searching for: 'Customer :' (trying 15+ strategies)
2026-01-19T23:53:41.2640184Z     ✅ Smart selector found 'Customer :' via proximity-parent-1 (confidence: 0.8)
2026-01-19T23:53:41.2682429Z     ✅ Found 1 verified locators
2026-01-19T23:53:43.7894116Z     ✅ State transitioned.
2026-01-19T23:53:43.7941642Z     🔄 Revisited state detected (count: 4)
2026-01-19T23:53:43.7942550Z     ⚠️ Too many revisits (4). Stopping AI step injection to prevent loops.
2026-01-19T23:53:43.7943355Z   ▶️ [STEP step_6] SELECT: Currency :
2026-01-19T23:53:43.7993174Z     🔍 Mining locators for: 'Currency :'
2026-01-19T23:53:43.8253962Z     🧠 Consulting AI (Vision-First) to find 'Currency :'...
2026-01-19T23:53:43.8254777Z     🔍 Trying smart selectors for 'Currency :'...
2026-01-19T23:53:43.8388077Z     🔍 [SMART] Searching for: 'Currency :' (trying 15+ strategies)
2026-01-19T23:53:43.8389027Z     ✅ Smart selector found 'Currency :' via id-exact (confidence: 0.92)
2026-01-19T23:53:43.8427451Z     ✅ Found 1 verified locators
2026-01-19T23:53:46.8740082Z     ✅ State transitioned.
2026-01-19T23:53:46.8787398Z     🔄 Revisited state detected (count: 5)
2026-01-19T23:53:46.8788208Z     ⚠️ Too many revisits (5). Stopping AI step injection to prevent loops.
2026-01-19T23:53:46.8788651Z   ▶️ [STEP step_7] CLICK: Process
2026-01-19T23:53:46.8841822Z     🔍 Mining locators for: 'Process'
2026-01-19T23:53:46.9219681Z     ✅ Found 2 verified locators
2026-01-19T23:53:50.4757529Z     ✅ State transitioned.
2026-01-19T23:53:52.0618193Z [DEBUG] Sending request to gemini-2.0-flash. Number of parts: 2
2026-01-19T23:53:52.0618866Z [DEBUG] Received response (Length: 231)
2026-01-19T23:53:52.0619669Z     🤖 AI Next Step Suggestion: fill -> userSelect
2026-01-19T23:53:52.0620317Z     🧩 Suggested Locator: select[name='userSelect']
2026-01-19T23:53:52.0620984Z     💭 Reasoning: To open an account, we need to select a customer. Selecting the first customer in the list.
2026-01-19T23:53:52.0621766Z     ➕ Injected AI step: fill -> userSelect
2026-01-19T23:53:52.0622100Z   ▶️ [STEP step_7_ai_1] FILL: userSelect
2026-01-19T23:53:52.0675810Z     🎯 Using AI-provided locator: select[name='userSelect']
2026-01-19T23:53:52.0732743Z     ✅ Found 1 verified locators
2026-01-19T23:53:59.3875970Z     ✅ State transitioned.
2026-01-19T23:53:59.3921088Z     🔄 Revisited state detected (count: 1)
2026-01-19T23:54:00.7652685Z [DEBUG] Sending request to gemini-2.0-flash. Number of parts: 2
2026-01-19T23:54:00.7653409Z [DEBUG] Received response (Length: 216)
2026-01-19T23:54:00.7654261Z     🤖 AI Next Step Suggestion: fill -> currency
2026-01-19T23:54:00.7654925Z     🧩 Suggested Locator: select[name='currency']
2026-01-19T23:54:00.7656017Z     💭 Reasoning: After selecting the customer, the next step is to select the currency for the new account.
2026-01-19T23:54:00.7657036Z     ➕ Injected AI step: fill -> currency
2026-01-19T23:54:00.7657584Z   ▶️ [STEP step_7_ai_2] FILL: currency
2026-01-19T23:54:00.7713088Z     🎯 Using AI-provided locator: select[name='currency']
2026-01-19T23:54:00.7771485Z     ✅ Found 1 verified locators
2026-01-19T23:54:06.3269422Z     ✅ State transitioned.
2026-01-19T23:54:07.7627352Z [DEBUG] Sending request to gemini-2.0-flash. Number of parts: 2
2026-01-19T23:54:07.7628053Z [DEBUG] Received response (Length: 221)
2026-01-19T23:54:07.7628639Z     🤖 AI Next Step Suggestion: click -> Open Account
2026-01-19T23:54:07.7629395Z     💭 Reasoning: After filling the customer and currency, the next step is to click the 'Open Account' button to create the account.
2026-01-19T23:54:07.7630047Z     ➕ Injected AI step: click -> Open Account
2026-01-19T23:54:07.7630387Z   ▶️ [STEP step_7_ai_3] CLICK: Open Account
2026-01-19T23:54:07.7682873Z     🔍 Mining locators for: 'Open Account'
2026-01-19T23:54:07.8059976Z     ✅ Found 2 verified locators
2026-01-19T23:54:11.3562393Z     ✅ State transitioned.
2026-01-19T23:54:12.6361672Z [DEBUG] Sending request to gemini-2.0-flash. Number of parts: 2
2026-01-19T23:54:12.6362312Z [DEBUG] Received response (Length: 206)
2026-01-19T23:54:12.6363110Z     🤖 AI Next Step Suggestion: click -> Process
2026-01-19T23:54:12.6363762Z     🧩 Suggested Locator: button
2026-01-19T23:54:12.6364876Z     💭 Reasoning: After selecting the customer and currency, the next logical step is to click the 'Process' button to open the account.
2026-01-19T23:54:12.6366048Z     ➕ Injected AI step: click -> Process
2026-01-19T23:54:12.6366598Z   ▶️ [STEP step_7_ai_4] CLICK: Process
2026-01-19T23:54:12.6421481Z     🎯 Using AI-provided locator: button
2026-01-19T23:54:12.6478777Z     ✅ Found 1 verified locators
2026-01-19T23:54:16.6894137Z     ✅ State transitioned.
2026-01-19T23:54:17.8152954Z [DEBUG] Sending request to gemini-2.0-flash. Number of parts: 2
2026-01-19T23:54:17.8153709Z [DEBUG] Received response (Length: 256)
2026-01-19T23:54:17.8154590Z     🤖 AI Next Step Suggestion: click -> Bank Manager Login
2026-01-19T23:54:17.8155062Z     🧩 Suggested Locator: button:contains('Bank Manager Login')
2026-01-19T23:54:17.8155996Z     💭 Reasoning: The current page is the login page. To open a new account for an existing customer, we need to log in as a bank manager first.
2026-01-19T23:54:17.8156654Z     ➕ Injected AI step: click -> Bank Manager Login
2026-01-19T23:54:17.8157014Z   ▶️ [STEP step_7_ai_5] CLICK: Bank Manager Login
2026-01-19T23:54:17.8211656Z     🎯 Using AI-provided locator: button:contains('Bank Manager Login')
2026-01-19T23:54:17.8236635Z     🔍 Mining locators for: 'Bank Manager Login'
2026-01-19T23:54:17.8580698Z     ✅ Found 2 verified locators
2026-01-19T23:54:21.4085876Z     ✅ State transitioned.
2026-01-19T23:54:22.8779654Z [DEBUG] Sending request to gemini-2.0-flash. Number of parts: 2
2026-01-19T23:54:22.8780076Z [DEBUG] Received response (Length: 226)
2026-01-19T23:54:22.8780638Z     🤖 AI Next Step Suggestion: done -> N/A
2026-01-19T23:54:22.8781821Z     💭 Reasoning: The goal 'This scenario covers the manager login flow and opening a new account for an existing customer' has been achieved. The manager is logged in, and a new account has been opened.
2026-01-19T23:54:22.8782696Z   ▶️ [STEP step_8] ASSERT_VISIBLE: Customers
2026-01-19T23:54:22.8843264Z     🔍 Mining locators for: 'Customers'
2026-01-19T23:54:22.9188723Z     ✅ Found 2 verified locators
2026-01-19T23:54:25.4544381Z     ✅ State transitioned.
2026-01-19T23:54:28.0064548Z [DEBUG] Sending request to gemini-2.0-flash. Number of parts: 2
2026-01-19T23:54:28.0065225Z [DEBUG] Received response (Length: 203)
2026-01-19T23:54:28.0065859Z     🤖 AI Next Step Suggestion: click -> Customers
2026-01-19T23:54:28.0066538Z     💭 Reasoning: To view the list of customers and potentially select an existing customer for opening a new account.
2026-01-19T23:54:28.0067146Z     ➕ Injected AI step: click -> Customers
2026-01-19T23:54:28.0067514Z   ▶️ [STEP step_8_ai_1] CLICK: Customers
2026-01-19T23:54:28.0122283Z     🔍 Mining locators for: 'Customers'
2026-01-19T23:54:28.0456614Z     ✅ Found 2 verified locators
2026-01-19T23:54:31.6084177Z     ✅ State transitioned.
2026-01-19T23:54:33.2762668Z [DEBUG] Sending request to gemini-2.0-flash. Number of parts: 2
2026-01-19T23:54:33.2763342Z [DEBUG] Received response (Length: 374)
2026-01-19T23:54:33.2764026Z     🤖 AI Next Step Suggestion: click -> Open Account
2026-01-19T23:54:33.2764682Z     🧩 Suggested Locator: button:nth-of-type(2)
2026-01-19T23:54:33.2766200Z     💭 Reasoning: The goal is to open a new account for an existing customer. The 'Open Account' button is visible and directly supports this goal. The previous steps involved logging in as a manager and navigating to the customer list, so now we can proceed with opening the account.
2026-01-19T23:54:33.2767473Z     ➕ Injected AI step: click -> Open Account
2026-01-19T23:54:33.2767847Z   ▶️ [STEP step_8_ai_2] CLICK: Open Account
2026-01-19T23:54:33.2823450Z     🎯 Using AI-provided locator: button:nth-of-type(2)
2026-01-19T23:54:33.2885895Z     ✅ Found 1 verified locators
2026-01-19T23:54:37.3408747Z     ✅ State transitioned.
2026-01-19T23:54:38.5496190Z [DEBUG] Sending request to gemini-2.0-flash. Number of parts: 2
2026-01-19T23:54:38.5496737Z [DEBUG] Received response (Length: 233)
2026-01-19T23:54:38.5497618Z     🤖 AI Next Step Suggestion: fill -> select customer name
2026-01-19T23:54:38.5498056Z     🧩 Suggested Locator: #userSelect
2026-01-19T23:54:38.5498719Z     💭 Reasoning: To open an account for an existing customer, we need to select a customer from the dropdown list.
2026-01-19T23:54:38.5499399Z     ➕ Injected AI step: fill -> select customer name
2026-01-19T23:54:38.5499836Z   ▶️ [STEP step_8_ai_3] FILL: select customer name
2026-01-19T23:54:38.5552575Z     🎯 Using AI-provided locator: #userSelect
2026-01-19T23:54:38.5607968Z     ✅ Found 1 verified locators
2026-01-19T23:54:45.1380081Z     ✅ State transitioned.
2026-01-19T23:54:46.8157628Z [DEBUG] Sending request to gemini-2.0-flash. Number of parts: 2
2026-01-19T23:54:46.8158300Z [DEBUG] Received response (Length: 311)
2026-01-19T23:54:46.8159580Z     🤖 AI Next Step Suggestion: fill -> select customer name
2026-01-19T23:54:46.8160475Z     🧩 Suggested Locator: #userSelect
2026-01-19T23:54:46.8162105Z     💭 Reasoning: The previous action was filling the customer name, but it seems like it was not successful. I will try to fill the customer name again with a specific value from the dropdown.
2026-01-19T23:54:46.8163308Z     🔄 Same AI suggestion but state changed (URL or DOM). Resetting loop counter.
2026-01-19T23:54:46.8164089Z     ⚠️ Skipping duplicate AI suggestion (just executed): ('fill', 'select customer name')
2026-01-19T23:54:48.8500273Z 🗂️  All generated tests written to /home/runner/work/build_qa_automation/build_qa_automation/projects/ci_globalsqa_bank/tests/generated_scenarios.json
2026-01-19T23:54:48.8501564Z 
2026-01-19T23:54:48.8502126Z 📝 Processing scenario 'Customer Login and Account Details' with 13 steps
2026-01-19T23:54:48.8503011Z   🔍 Step 1 (click): Found 2 mined locators
2026-01-19T23:54:48.8503842Z       ✅ Kept robust locator (0.80): role=button[name='Customer Login']...
2026-01-19T23:54:48.8504787Z       ✅ Kept robust locator (0.70): text='Customer Login'...
2026-01-19T23:54:48.8505591Z   💾 Saved 2 robust locators (top stability: 0.80)
2026-01-19T23:54:48.8506279Z   🔍 Step 2 (fill): Found 1 mined locators
2026-01-19T23:54:48.8507045Z       ✅ Kept robust locator (0.95): select[name='userSelect']...
2026-01-19T23:54:48.8507842Z   💾 Saved 1 robust locators (top stability: 0.95)
2026-01-19T23:54:48.8508507Z   🔍 Step 3 (click): Found 1 mined locators
2026-01-19T23:54:48.8509137Z       ✅ Kept robust locator (0.95): button...
2026-01-19T23:54:48.8509842Z   💾 Saved 1 robust locators (top stability: 0.95)
2026-01-19T23:54:48.8510563Z   🔍 Step 4 (assert_visible): Found 1 mined locators
2026-01-19T23:54:48.8511587Z       ✅ Kept robust locator (0.77): text=Your Name : >> xpath=.. >> select...
2026-01-19T23:54:48.8512484Z   💾 Saved 1 robust locators (top stability: 0.77)
2026-01-19T23:54:48.8513162Z   🔍 Step 5 (select): Found 1 mined locators
2026-01-19T23:54:48.8513997Z       ✅ Kept robust locator (0.77): text=Your Name : >> xpath=.. >> select...
2026-01-19T23:54:48.8514868Z   💾 Saved 1 robust locators (top stability: 0.77)
2026-01-19T23:54:48.8515532Z   🔍 Step 6 (click): Found 2 mined locators
2026-01-19T23:54:48.8516282Z       ✅ Kept robust locator (0.80): role=button[name='Login']...
2026-01-19T23:54:48.8517072Z       ✅ Kept robust locator (0.70): text='Login'...
2026-01-19T23:54:48.8517779Z   💾 Saved 2 robust locators (top stability: 0.80)
2026-01-19T23:54:48.8518494Z   🔍 Step 7 (assert_visible): Found 1 mined locators
2026-01-19T23:54:48.8519473Z       ✅ Kept robust locator (0.75): select[name*='account' i], select[id*='account' i]...
2026-01-19T23:54:48.8520435Z   💾 Saved 1 robust locators (top stability: 0.75)
2026-01-19T23:54:48.8521139Z   🔍 Step 8 (click): Found 2 mined locators
2026-01-19T23:54:48.8522164Z       ✅ Kept robust locator (0.80): role=button[name='Transactions']...
2026-01-19T23:54:48.8523048Z       ✅ Kept robust locator (0.70): text='Transactions'...
2026-01-19T23:54:48.8523827Z   💾 Saved 2 robust locators (top stability: 0.80)
2026-01-19T23:54:48.8524520Z   🔍 Step 9 (click): Found 2 mined locators
2026-01-19T23:54:48.8525264Z       ✅ Kept robust locator (0.80): role=button[name='Logout']...
2026-01-19T23:54:48.8526054Z       ✅ Kept robust locator (0.70): text='Logout'...
2026-01-19T23:54:48.8526778Z   💾 Saved 2 robust locators (top stability: 0.80)
2026-01-19T23:54:48.8527456Z   🔍 Step 10 (select): Found 1 mined locators
2026-01-19T23:54:48.8528146Z       ✅ Kept robust locator (0.95): #userSelect...
2026-01-19T23:54:48.8528835Z   💾 Saved 1 robust locators (top stability: 0.95)
2026-01-19T23:54:48.8529559Z   🔍 Step 11 (assert_visible): Found 1 mined locators
2026-01-19T23:54:48.8530422Z       ✅ Kept robust locator (0.77): text=Your Name : >> xpath=.. >> select...
2026-01-19T23:54:48.8531809Z   💾 Saved 1 robust locators (top stability: 0.77)
2026-01-19T23:54:48.8532496Z   🔍 Step 12 (click): Found 2 mined locators
2026-01-19T23:54:48.8533481Z       ✅ Kept robust locator (0.80): role=button[name='Login']...
2026-01-19T23:54:48.8534283Z       ✅ Kept robust locator (0.70): text='Login'...
2026-01-19T23:54:48.8534990Z   💾 Saved 2 robust locators (top stability: 0.80)
2026-01-19T23:54:48.8535912Z ✅ Updated scenario 'Customer Login and Account Details' with 13 validated steps
2026-01-19T23:54:48.8536517Z 
2026-01-19T23:54:48.8537008Z 📝 Processing scenario 'Manager Login and Add Customer' with 14 steps
2026-01-19T23:54:48.8537823Z   🔍 Step 1 (click): Found 2 mined locators
2026-01-19T23:54:48.8538656Z       ✅ Kept robust locator (0.80): role=button[name='Bank Manager Login']...
2026-01-19T23:54:48.8539600Z       ✅ Kept robust locator (0.70): text='Bank Manager Login'...
2026-01-19T23:54:48.8540379Z   💾 Saved 2 robust locators (top stability: 0.80)
2026-01-19T23:54:48.8541084Z   🔍 Step 2 (click): Found 2 mined locators
2026-01-19T23:54:48.8542082Z       ✅ Kept robust locator (0.80): role=button[name='Add Customer']...
2026-01-19T23:54:48.8542967Z       ✅ Kept robust locator (0.70): text='Add Customer'...
2026-01-19T23:54:48.8543710Z   💾 Saved 2 robust locators (top stability: 0.80)
2026-01-19T23:54:48.8544366Z   🔍 Step 3 (fill): Found 1 mined locators
2026-01-19T23:54:48.8545135Z       ✅ Kept robust locator (0.95): input[placeholder='First Name']...
2026-01-19T23:54:48.8545957Z   💾 Saved 1 robust locators (top stability: 0.95)
2026-01-19T23:54:48.8546620Z   🔍 Step 4 (fill): Found 1 mined locators
2026-01-19T23:54:48.8547383Z       ✅ Kept robust locator (0.95): input[placeholder='Last Name']...
2026-01-19T23:54:48.8548233Z   💾 Saved 1 robust locators (top stability: 0.95)
2026-01-19T23:54:48.8548878Z   🔍 Step 5 (fill): Found 1 mined locators
2026-01-19T23:54:48.8549652Z       ✅ Kept robust locator (0.95): input[placeholder='Post Code']...
2026-01-19T23:54:48.8550498Z   💾 Saved 1 robust locators (top stability: 0.95)
2026-01-19T23:54:48.8551169Z   🔍 Step 6 (click): Found 2 mined locators
2026-01-19T23:54:48.8552132Z       ✅ Kept robust locator (0.80): role=button[name='Add Customer']...
2026-01-19T23:54:48.8553005Z       ✅ Kept robust locator (0.70): text='Add Customer'...
2026-01-19T23:54:48.8553834Z   💾 Saved 2 robust locators (top stability: 0.80)
2026-01-19T23:54:48.8554613Z   🔍 Step 7 (assert_visible): Found 2 mined locators
2026-01-19T23:54:48.8555454Z       ✅ Kept robust locator (0.80): role=button[name='Add Customer']...
2026-01-19T23:54:48.8556309Z       ✅ Kept robust locator (0.70): text='Add Customer'...
2026-01-19T23:54:48.8557041Z   💾 Saved 2 robust locators (top stability: 0.80)
2026-01-19T23:54:48.8557711Z   🔍 Step 8 (click): Found 2 mined locators
2026-01-19T23:54:48.8558490Z       ✅ Kept robust locator (0.80): role=button[name='Add Customer']...
2026-01-19T23:54:48.8559333Z       ✅ Kept robust locator (0.70): text='Add Customer'...
2026-01-19T23:54:48.8560084Z   💾 Saved 2 robust locators (top stability: 0.80)
2026-01-19T23:54:48.8560743Z   🔍 Step 9 (fill): Found 1 mined locators
2026-01-19T23:54:48.8561948Z       ✅ Kept robust locator (0.77): text=First Name : >> xpath=.. >> input...
2026-01-19T23:54:48.8562850Z   💾 Saved 1 robust locators (top stability: 0.77)
2026-01-19T23:54:48.8563520Z   🔍 Step 10 (fill): Found 1 mined locators
2026-01-19T23:54:48.8564329Z       ✅ Kept robust locator (0.77): text=Last Name : >> xpath=.. >> input...
2026-01-19T23:54:48.8565191Z   💾 Saved 1 robust locators (top stability: 0.77)
2026-01-19T23:54:48.8565985Z   🔍 Step 11 (fill): Found 1 mined locators
2026-01-19T23:54:48.8566781Z       ✅ Kept robust locator (0.77): text=Post Code : >> xpath=.. >> input...
2026-01-19T23:54:48.8567620Z   💾 Saved 1 robust locators (top stability: 0.77)
2026-01-19T23:54:48.8568287Z   🔍 Step 12 (click): Found 2 mined locators
2026-01-19T23:54:48.8569064Z       ✅ Kept robust locator (0.80): role=button[name='Add Customer']...
2026-01-19T23:54:48.8570167Z       ✅ Kept robust locator (0.70): text='Add Customer'...
2026-01-19T23:54:48.8570880Z   💾 Saved 2 robust locators (top stability: 0.80)
2026-01-19T23:54:48.8571896Z   🔍 Step 13 (assert_visible): Found 2 mined locators
2026-01-19T23:54:48.8572722Z       ✅ Kept robust locator (0.80): role=button[name='Customers']...
2026-01-19T23:54:48.8573542Z       ✅ Kept robust locator (0.70): text='Customers'...
2026-01-19T23:54:48.8574242Z   💾 Saved 2 robust locators (top stability: 0.80)
2026-01-19T23:54:48.8575103Z ✅ Updated scenario 'Manager Login and Add Customer' with 14 validated steps
2026-01-19T23:54:48.8575661Z 
2026-01-19T23:54:48.8576101Z 📝 Processing scenario 'Manager Login and Open Account' with 21 steps
2026-01-19T23:54:48.8576849Z   🔍 Step 1 (click): Found 2 mined locators
2026-01-19T23:54:48.8577613Z       ✅ Kept robust locator (0.80): role=button[name='Bank Manager Login']...
2026-01-19T23:54:48.8578465Z       ✅ Kept robust locator (0.70): text='Bank Manager Login'...
2026-01-19T23:54:48.8579204Z   💾 Saved 2 robust locators (top stability: 0.80)
2026-01-19T23:54:48.8579808Z   🔍 Step 2 (click): Found 2 mined locators
2026-01-19T23:54:48.8580561Z       ✅ Kept robust locator (0.80): role=button[name='Open Account']...
2026-01-19T23:54:48.8581556Z       ✅ Kept robust locator (0.70): text='Open Account'...
2026-01-19T23:54:48.8582233Z   💾 Saved 2 robust locators (top stability: 0.80)
2026-01-19T23:54:48.8582835Z   🔍 Step 3 (fill): Found 1 mined locators
2026-01-19T23:54:48.8583490Z       ✅ Kept robust locator (0.95): #userSelect...
2026-01-19T23:54:48.8584117Z   💾 Saved 1 robust locators (top stability: 0.95)
2026-01-19T23:54:48.8584736Z   🔍 Step 4 (fill): Found 1 mined locators
2026-01-19T23:54:48.8585384Z       ✅ Kept robust locator (0.95): select[name='currency']...
2026-01-19T23:54:48.8586074Z   💾 Saved 1 robust locators (top stability: 0.95)
2026-01-19T23:54:48.8586679Z   🔍 Step 5 (click): Found 2 mined locators
2026-01-19T23:54:48.8587425Z       ✅ Kept robust locator (0.80): role=button[name='Open Account']...
2026-01-19T23:54:48.8588201Z       ✅ Kept robust locator (0.70): text='Open Account'...
2026-01-19T23:54:48.8588867Z   💾 Saved 2 robust locators (top stability: 0.80)
2026-01-19T23:54:48.8589527Z   🔍 Step 6 (assert_visible): Found 2 mined locators
2026-01-19T23:54:48.8590283Z       ✅ Kept robust locator (0.80): role=button[name='Open Account']...
2026-01-19T23:54:48.8591062Z       ✅ Kept robust locator (0.70): text='Open Account'...
2026-01-19T23:54:48.8591901Z   💾 Saved 2 robust locators (top stability: 0.80)
2026-01-19T23:54:48.8592519Z   🔍 Step 7 (CLICK): Found 2 mined locators
2026-01-19T23:54:48.8593214Z       ✅ Kept robust locator (0.80): role=button[name='Process']...
2026-01-19T23:54:48.8593944Z       ✅ Kept robust locator (0.70): text='Process'...
2026-01-19T23:54:48.8594587Z   💾 Saved 2 robust locators (top stability: 0.80)
2026-01-19T23:54:48.8595184Z   🔍 Step 8 (click): Found 2 mined locators
2026-01-19T23:54:48.8595913Z       ✅ Kept robust locator (0.80): role=button[name='Open Account']...
2026-01-19T23:54:48.8596688Z       ✅ Kept robust locator (0.70): text='Open Account'...
2026-01-19T23:54:48.8597411Z   💾 Saved 2 robust locators (top stability: 0.80)
2026-01-19T23:54:48.8598318Z   🔍 Step 9 (select): Found 1 mined locators
2026-01-19T23:54:48.8599421Z       ✅ Kept robust locator (0.77): text=Customer : >> xpath=.. >> select...
2026-01-19T23:54:48.8600290Z   💾 Saved 1 robust locators (top stability: 0.77)
2026-01-19T23:54:48.8600977Z   🔍 Step 10 (select): Found 1 mined locators
2026-01-19T23:54:48.8601813Z       ✅ Kept robust locator (0.92): #currency...
2026-01-19T23:54:48.8602503Z   💾 Saved 1 robust locators (top stability: 0.92)
2026-01-19T23:54:48.8603104Z   🔍 Step 11 (click): Found 2 mined locators
2026-01-19T23:54:48.8603811Z       ✅ Kept robust locator (0.80): role=button[name='Process']...
2026-01-19T23:54:48.8604393Z       ✅ Kept robust locator (0.70): text='Process'...
2026-01-19T23:54:48.8605375Z   💾 Saved 2 robust locators (top stability: 0.80)
2026-01-19T23:54:48.8606048Z   🔍 Step 12 (fill): Found 1 mined locators
2026-01-19T23:54:48.8606737Z       ✅ Kept robust locator (0.95): select[name='userSelect']...
2026-01-19T23:54:48.8607504Z   💾 Saved 1 robust locators (top stability: 0.95)
2026-01-19T23:54:48.8608120Z   🔍 Step 13 (fill): Found 1 mined locators
2026-01-19T23:54:48.8608775Z       ✅ Kept robust locator (0.95): select[name='currency']...
2026-01-19T23:54:48.8609508Z   💾 Saved 1 robust locators (top stability: 0.95)
2026-01-19T23:54:48.8610115Z   🔍 Step 14 (click): Found 2 mined locators
2026-01-19T23:54:48.8612451Z       ✅ Kept robust locator (0.80): role=button[name='Open Account']...
2026-01-19T23:54:48.8613258Z       ✅ Kept robust locator (0.70): text='Open Account'...
2026-01-19T23:54:48.8613896Z   💾 Saved 2 robust locators (top stability: 0.80)
2026-01-19T23:54:48.8614478Z   🔍 Step 15 (click): Found 1 mined locators
2026-01-19T23:54:48.8615011Z       ✅ Kept robust locator (0.95): button...
2026-01-19T23:54:48.8615625Z   💾 Saved 1 robust locators (top stability: 0.95)
2026-01-19T23:54:48.8616217Z   🔍 Step 16 (click): Found 2 mined locators
2026-01-19T23:54:48.8616981Z       ✅ Kept robust locator (0.80): role=button[name='Bank Manager Login']...
2026-01-19T23:54:48.8617816Z       ✅ Kept robust locator (0.70): text='Bank Manager Login'...
2026-01-19T23:54:48.8618518Z   💾 Saved 2 robust locators (top stability: 0.80)
2026-01-19T23:54:48.8619160Z   🔍 Step 17 (assert_visible): Found 2 mined locators
2026-01-19T23:54:48.8619870Z       ✅ Kept robust locator (0.80): role=button[name='Customers']...
2026-01-19T23:54:48.8620609Z       ✅ Kept robust locator (0.70): text='Customers'...
2026-01-19T23:54:48.8620987Z   💾 Saved 2 robust locators (top stability: 0.80)
2026-01-19T23:54:48.8621575Z   🔍 Step 18 (click): Found 2 mined locators
2026-01-19T23:54:48.8621991Z       ✅ Kept robust locator (0.80): role=button[name='Customers']...
2026-01-19T23:54:48.8622405Z       ✅ Kept robust locator (0.70): text='Customers'...
2026-01-19T23:54:48.8622773Z   💾 Saved 2 robust locators (top stability: 0.80)
2026-01-19T23:54:48.8623100Z   🔍 Step 19 (click): Found 1 mined locators
2026-01-19T23:54:48.8623487Z       ⚠️ Skipping positional locator: button:nth-of-type(2)...
2026-01-19T23:54:48.8623994Z   ⚠️  No robust locators passed filtering. Executor will use fallback strategies.
2026-01-19T23:54:48.8624419Z   🔍 Step 20 (fill): Found 1 mined locators
2026-01-19T23:54:48.8624746Z       ✅ Kept robust locator (0.95): #userSelect...
2026-01-19T23:54:48.8625088Z   💾 Saved 1 robust locators (top stability: 0.95)
2026-01-19T23:54:48.8625529Z ✅ Updated scenario 'Manager Login and Open Account' with 21 validated steps
2026-01-19T23:54:48.8626031Z 🔄 Updated workflow.json with discovered steps and locators.
2026-01-19T23:54:48.8626269Z 
2026-01-19T23:54:48.8626371Z ============================================================
2026-01-19T23:54:48.8626691Z 📊 EXPLORER PERFORMANCE SUMMARY
2026-01-19T23:54:48.8626952Z ============================================================
2026-01-19T23:54:48.8627136Z 
2026-01-19T23:54:48.8627236Z 🔍 Locator Mining:
2026-01-19T23:54:48.8627470Z    • Total Locators Mined: 68
2026-01-19T23:54:48.8627919Z    • Filtered Out (Brittle): 1 (1.5%)
2026-01-19T23:54:48.8628219Z    • Saved to Golden Path: 67 (98.5%)
2026-01-19T23:54:48.8628379Z 
2026-01-19T23:54:48.8628492Z ⚠️  Filtering Breakdown:
2026-01-19T23:54:48.8628740Z    • Positional Selectors: 1
2026-01-19T23:54:48.8628885Z 
2026-01-19T23:54:48.8628990Z ✅ Golden Path Quality:
2026-01-19T23:54:48.8629289Z    🌟 EXCELLENT - 98.5% of mined locators are robust!
2026-01-19T23:54:48.8629501Z 
2026-01-19T23:54:48.8629592Z ============================================================
2026-01-19T23:54:48.8629772Z 
2026-01-19T23:54:48.8629894Z ✅ Deep Exploration Complete.
2026-01-19T23:56:48.9064617Z 
2026-01-19T23:56:48.9065386Z 🚀 [EXECUTE] Starting Automation Execution Engine
2026-01-19T23:56:48.9066031Z 📍 Project: ci_globalsqa_bank
2026-01-19T23:56:48.9066925Z 🎬 Mode: Headless
2026-01-19T23:56:48.9067137Z 
2026-01-19T23:56:48.9067387Z --- Scenario: Customer Login and Account Details ---
2026-01-19T23:56:48.9068086Z   ▶️  [STEP step_1] NAVIGATE: NAVIGATE
2026-01-19T23:56:48.9068649Z     ✅ Step step_1 Passed.
2026-01-19T23:56:48.9069126Z   ▶️  [STEP step_2] CLICK: Customer Login
2026-01-19T23:56:48.9069764Z     🔍 Trying 2 validated locators from golden path...
2026-01-19T23:56:48.9070737Z     ✅ SUCCESS! Locator #1: role=button[name='Customer Login']... (method: unknown, stability: 0.80)
2026-01-19T23:56:48.9071756Z     ✅ Step step_2 Passed.
2026-01-19T23:56:48.9072201Z   ▶️  [STEP step_2_ai_1] FILL: userSelect
2026-01-19T23:56:48.9072582Z     🔍 Trying 1 validated locators from golden path...
2026-01-19T23:56:48.9073152Z     ✅ SUCCESS! Locator #1: select[name='userSelect']... (method: unknown, stability: 0.95)
2026-01-19T23:56:48.9073625Z     ✅ Step step_2_ai_1 Passed.
2026-01-19T23:56:48.9073927Z   ▶️  [STEP step_2_ai_2] CLICK: Login
2026-01-19T23:56:48.9074302Z     🔍 Trying 1 validated locators from golden path...
2026-01-19T23:56:48.9074728Z     ⚠️  Locator #1 matched 3 elements (need exactly 1): button...
2026-01-19T23:56:48.9075211Z     ⚠️  All golden path locators failed. Will try text-based fallback.
2026-01-19T23:56:48.9075612Z     ✅ Step step_2_ai_2 Passed.
2026-01-19T23:56:48.9076113Z   ▶️  [STEP step_3] ASSERT_VISIBLE: Your Name :
2026-01-19T23:56:48.9076817Z     🔍 Trying 1 validated locators from golden path...
2026-01-19T23:56:48.9077673Z     ❌ Locator #1 found 0 elements: text=Your Name : >> xpath=.. >> select...
2026-01-19T23:56:48.9078623Z     ⚠️  All golden path locators failed. Will try text-based fallback.
2026-01-19T23:56:48.9079147Z     ❌ Attempt 1 failed (element_not_found): Locator expected to be visible
2026-01-19T23:56:48.9079520Z Actual value: None
2026-01-19T23:56:48.9079750Z Error: element(s) not found 
2026-01-19T23:56:48.9080167Z Call log:
2026-01-19T23:56:48.9080428Z   - Expect ...
2026-01-19T23:56:48.9080788Z     🔧 [AUTO-HEAL] Re-mining page to find 'Your Name :'...
2026-01-19T23:56:48.9081188Z [DEBUG] Sending request to gemini-2.0-flash. Number of parts: 2
2026-01-19T23:56:48.9081791Z [DEBUG] Received response (Length: 38)
2026-01-19T23:56:48.9082224Z     ❌ AI could not re-locate the element. Waiting 1s before next retry.
2026-01-19T23:56:48.9082746Z     ❌ Attempt 2 failed (element_not_found): Locator expected to be visible
2026-01-19T23:56:48.9083119Z Actual value: None
2026-01-19T23:56:48.9083517Z Error: element(s) not found 
2026-01-19T23:56:48.9083774Z Call log:
2026-01-19T23:56:48.9084069Z   - Expect ...
2026-01-19T23:56:48.9084642Z     🔧 [AUTO-HEAL] Re-mining page to find 'Your Name :'...
2026-01-19T23:56:48.9085215Z [CACHE HIT] 6bba813f... (hits: 1, misses: 1)
2026-01-19T23:56:48.9085971Z     ❌ AI could not re-locate the element. Waiting 1s before next retry.
2026-01-19T23:56:48.9086802Z     ❌ Attempt 3 failed (element_not_found): Locator expected to be visible
2026-01-19T23:56:48.9087175Z Actual value: None
2026-01-19T23:56:48.9087425Z Error: element(s) not found 
2026-01-19T23:56:48.9087666Z Call log:
2026-01-19T23:56:48.9087870Z   - Expect ...
2026-01-19T23:56:48.9088142Z     💀 Step step_3 failed after all retries.
2026-01-19T23:56:48.9088847Z 🛑 Scenario 'Customer Login and Account Details' aborted due to step failure.
2026-01-19T23:56:48.9089257Z 
2026-01-19T23:56:48.9089401Z --- Scenario: Manager Login and Add Customer ---
2026-01-19T23:56:48.9089766Z   ▶️  [STEP step_1] NAVIGATE: NAVIGATE
2026-01-19T23:56:48.9090080Z     ✅ Step step_1 Passed.
2026-01-19T23:56:48.9090386Z   ▶️  [STEP step_2] CLICK: Bank Manager Login
2026-01-19T23:56:48.9090771Z     🔍 Trying 2 validated locators from golden path...
2026-01-19T23:56:48.9091569Z     ✅ SUCCESS! Locator #1: role=button[name='Bank Manager Login']... (method: unknown, stability: 0.80)
2026-01-19T23:56:48.9092082Z     ✅ Step step_2 Passed.
2026-01-19T23:56:48.9092376Z   ▶️  [STEP step_2_ai_1] CLICK: Add Customer
2026-01-19T23:56:48.9092744Z     🔍 Trying 2 validated locators from golden path...
2026-01-19T23:56:48.9093438Z     ✅ SUCCESS! Locator #1: role=button[name='Add Customer']... (method: unknown, stability: 0.80)
2026-01-19T23:56:48.9093936Z     ✅ Step step_2_ai_1 Passed.
2026-01-19T23:56:48.9094266Z   ▶️  [STEP step_2_ai_2] FILL: First Name
2026-01-19T23:56:48.9094882Z     🔍 Trying 1 validated locators from golden path...
2026-01-19T23:56:48.9095929Z     ✅ SUCCESS! Locator #1: input[placeholder='First Name']... (method: unknown, stability: 0.95)
2026-01-19T23:56:48.9096878Z     ✅ Step step_2_ai_2 Passed.
2026-01-19T23:56:48.9097401Z   ▶️  [STEP step_2_ai_3] FILL: Last Name
2026-01-19T23:56:48.9098071Z     🔍 Trying 1 validated locators from golden path...
2026-01-19T23:56:48.9098853Z     ✅ SUCCESS! Locator #1: input[placeholder='Last Name']... (method: unknown, stability: 0.95)
2026-01-19T23:56:48.9099338Z     ✅ Step step_2_ai_3 Passed.
2026-01-19T23:56:48.9099651Z   ▶️  [STEP step_2_ai_4] FILL: Post Code
2026-01-19T23:56:48.9100012Z     🔍 Trying 1 validated locators from golden path...
2026-01-19T23:56:48.9100861Z     ✅ SUCCESS! Locator #1: input[placeholder='Post Code']... (method: unknown, stability: 0.95)
2026-01-19T23:56:48.9101620Z     ✅ Step step_2_ai_4 Passed.
2026-01-19T23:56:48.9102104Z   ▶️  [STEP step_2_ai_5] CLICK: Add Customer
2026-01-19T23:56:48.9102600Z     🔍 Trying 2 validated locators from golden path...
2026-01-19T23:56:48.9103612Z     ⚠️  Locator #1 matched 2 elements (need exactly 1): role=button[name='Add Customer']...
2026-01-19T23:56:48.9104316Z     ⚠️  Locator #2 matched 2 elements (need exactly 1): text='Add Customer'...
2026-01-19T23:56:48.9104838Z     ⚠️  All golden path locators failed. Will try text-based fallback.
2026-01-19T23:56:48.9105240Z     ✅ Step step_2_ai_5 Passed.
2026-01-19T23:56:48.9105565Z   ▶️  [STEP step_3] ASSERT_VISIBLE: Add Customer
2026-01-19T23:56:48.9105947Z     🔍 Trying 2 validated locators from golden path...
2026-01-19T23:56:48.9106462Z     ⚠️  Locator #1 matched 2 elements (need exactly 1): role=button[name='Add Customer']...
2026-01-19T23:56:48.9107049Z     ⚠️  Locator #2 matched 2 elements (need exactly 1): text='Add Customer'...
2026-01-19T23:56:48.9107550Z     ⚠️  All golden path locators failed. Will try text-based fallback.
2026-01-19T23:56:48.9107942Z     ✅ Step step_3 Passed.
2026-01-19T23:56:48.9108228Z   ▶️  [STEP step_4] CLICK: Add Customer
2026-01-19T23:56:48.9108588Z     🔍 Trying 2 validated locators from golden path...
2026-01-19T23:56:48.9109107Z     ⚠️  Locator #1 matched 2 elements (need exactly 1): role=button[name='Add Customer']...
2026-01-19T23:56:48.9109685Z     ⚠️  Locator #2 matched 2 elements (need exactly 1): text='Add Customer'...
2026-01-19T23:56:48.9110286Z     ⚠️  All golden path locators failed. Will try text-based fallback.
2026-01-19T23:56:48.9111011Z     ✅ Step step_4 Passed.
2026-01-19T23:56:48.9111776Z   ▶️  [STEP step_5] FILL: First Name :
2026-01-19T23:56:48.9112444Z     🔍 Trying 1 validated locators from golden path...
2026-01-19T23:56:48.9113484Z     ✅ SUCCESS! Locator #1: text=First Name : >> xpath=.. >> input... (method: unknown, stability: 0.77)
2026-01-19T23:56:48.9114661Z     ✅ Step step_5 Passed.
2026-01-19T23:56:48.9115171Z   ▶️  [STEP step_6] FILL: Last Name :
2026-01-19T23:56:48.9115956Z     🔍 Trying 1 validated locators from golden path...
2026-01-19T23:56:48.9116925Z     ✅ SUCCESS! Locator #1: text=Last Name : >> xpath=.. >> input... (method: unknown, stability: 0.77)
2026-01-19T23:56:48.9117754Z     ✅ Step step_6 Passed.
2026-01-19T23:56:48.9118065Z   ▶️  [STEP step_7] FILL: Post Code :
2026-01-19T23:56:48.9118434Z     🔍 Trying 1 validated locators from golden path...
2026-01-19T23:56:48.9119235Z     ✅ SUCCESS! Locator #1: text=Post Code : >> xpath=.. >> input... (method: unknown, stability: 0.77)
2026-01-19T23:56:48.9120201Z     ✅ Step step_7 Passed.
2026-01-19T23:56:48.9120598Z   ▶️  [STEP step_8] CLICK: Add Customer
2026-01-19T23:56:48.9120976Z     🔍 Trying 2 validated locators from golden path...
2026-01-19T23:56:48.9121665Z     ⚠️  Locator #1 matched 2 elements (need exactly 1): role=button[name='Add Customer']...
2026-01-19T23:56:48.9122259Z     ⚠️  Locator #2 matched 2 elements (need exactly 1): text='Add Customer'...
2026-01-19T23:56:48.9122973Z     ⚠️  All golden path locators failed. Will try text-based fallback.
2026-01-19T23:56:48.9123384Z     ✅ Step step_8 Passed.
2026-01-19T23:56:48.9123690Z   ▶️  [STEP step_9] ASSERT_VISIBLE: Customers
2026-01-19T23:56:48.9124074Z     🔍 Trying 2 validated locators from golden path...
2026-01-19T23:56:48.9124600Z     ✅ SUCCESS! Locator #1: role=button[name='Customers']... (method: unknown, stability: 0.80)
2026-01-19T23:56:48.9125065Z     ✅ Step step_9 Passed.
2026-01-19T23:56:48.9125451Z ✅ Scenario 'Manager Login and Add Customer' completed successfully!
2026-01-19T23:56:48.9125730Z 
2026-01-19T23:56:48.9125872Z --- Scenario: Manager Login and Open Account ---
2026-01-19T23:56:48.9126233Z   ▶️  [STEP step_1] NAVIGATE: NAVIGATE
2026-01-19T23:56:48.9126537Z     ✅ Step step_1 Passed.
2026-01-19T23:56:48.9126846Z   ▶️  [STEP step_2] CLICK: Bank Manager Login
2026-01-19T23:56:48.9127222Z     🔍 Trying 2 validated locators from golden path...
2026-01-19T23:56:48.9127789Z     ✅ SUCCESS! Locator #1: role=button[name='Bank Manager Login']... (method: unknown, stability: 0.80)
2026-01-19T23:56:48.9128276Z     ✅ Step step_2 Passed.
2026-01-19T23:56:48.9128627Z   ▶️  [STEP step_2_ai_1] CLICK: Open Account
2026-01-19T23:56:48.9129317Z     🔍 Trying 2 validated locators from golden path...
2026-01-19T23:56:48.9130347Z     ✅ SUCCESS! Locator #1: role=button[name='Open Account']... (method: unknown, stability: 0.80)
2026-01-19T23:56:48.9131485Z     ✅ Step step_2_ai_1 Passed.
2026-01-19T23:56:48.9132058Z   ▶️  [STEP step_2_ai_2] FILL: Customer Name
2026-01-19T23:56:48.9132762Z     🔍 Trying 1 validated locators from golden path...
2026-01-19T23:56:48.9133383Z     ✅ SUCCESS! Locator #1: #userSelect... (method: unknown, stability: 0.95)
2026-01-19T23:56:48.9133807Z     ✅ Step step_2_ai_2 Passed.
2026-01-19T23:56:48.9134127Z   ▶️  [STEP step_2_ai_3] FILL: currency
2026-01-19T23:56:48.9134488Z     🔍 Trying 1 validated locators from golden path...
2026-01-19T23:56:48.9135286Z     ✅ SUCCESS! Locator #1: select[name='currency']... (method: unknown, stability: 0.95)
2026-01-19T23:56:48.9135969Z     ✅ Step step_2_ai_3 Passed.
2026-01-19T23:56:48.9136359Z   ▶️  [STEP step_2_ai_4] CLICK: Open Account
2026-01-19T23:56:48.9137065Z     🔍 Trying 2 validated locators from golden path...
2026-01-19T23:56:48.9137866Z     ✅ SUCCESS! Locator #1: role=button[name='Open Account']... (method: unknown, stability: 0.80)
2026-01-19T23:56:48.9138343Z     ✅ Step step_2_ai_4 Passed.
2026-01-19T23:56:48.9138667Z   ▶️  [STEP step_3] ASSERT_VISIBLE: Open Account
2026-01-19T23:56:48.9139062Z     🔍 Trying 2 validated locators from golden path...
2026-01-19T23:56:48.9139605Z     ✅ SUCCESS! Locator #1: role=button[name='Open Account']... (method: unknown, stability: 0.80)
2026-01-19T23:56:48.9140066Z     ✅ Step step_3 Passed.
2026-01-19T23:56:48.9140614Z   ▶️  [STEP step_3_ai_1] CLICK: Process
2026-01-19T23:56:48.9140974Z     🔍 Trying 2 validated locators from golden path...
2026-01-19T23:56:48.9141831Z     ✅ SUCCESS! Locator #1: role=button[name='Process']... (method: unknown, stability: 0.80)
2026-01-19T23:56:48.9142445Z     ✅ Step step_3_ai_1 Passed.
2026-01-19T23:56:48.9142760Z   ▶️  [STEP step_4] CLICK: Open Account
2026-01-19T23:56:48.9143118Z     🔍 Trying 2 validated locators from golden path...
2026-01-19T23:56:48.9143646Z     ✅ SUCCESS! Locator #1: role=button[name='Open Account']... (method: unknown, stability: 0.80)
2026-01-19T23:56:48.9144112Z     ✅ Step step_4 Passed.
2026-01-19T23:56:48.9144392Z   ▶️  [STEP step_5] SELECT: Customer :
2026-01-19T23:56:48.9144748Z     🔍 Trying 1 validated locators from golden path...
2026-01-19T23:59:05.2373098Z     ✅ SUCCESS! Locator #1: text=Customer : >> xpath=.. >> select... (method: unknown, stability: 0.77)
2026-01-19T23:59:05.2374071Z     ✅ Step step_5 Passed.
2026-01-19T23:59:05.2374618Z   ▶️  [STEP step_6] SELECT: Currency :
2026-01-19T23:59:05.2375338Z     🔍 Trying 1 validated locators from golden path...
2026-01-19T23:59:05.2376151Z     ✅ SUCCESS! Locator #1: #currency... (method: unknown, stability: 0.92)
2026-01-19T23:59:05.2376826Z     ✅ Step step_6 Passed.
2026-01-19T23:59:05.2377301Z   ▶️  [STEP step_7] CLICK: Process
2026-01-19T23:59:05.2377846Z     🔍 Trying 2 validated locators from golden path...
2026-01-19T23:59:05.2378368Z     ✅ SUCCESS! Locator #1: role=button[name='Process']... (method: unknown, stability: 0.80)
2026-01-19T23:59:05.2378818Z     ✅ Step step_7 Passed.
2026-01-19T23:59:05.2379090Z   ▶️  [STEP step_7_ai_1] FILL: userSelect
2026-01-19T23:59:05.2379436Z     🔍 Trying 1 validated locators from golden path...
2026-01-19T23:59:05.2379934Z     ✅ SUCCESS! Locator #1: select[name='userSelect']... (method: unknown, stability: 0.95)
2026-01-19T23:59:05.2380366Z     ✅ Step step_7_ai_1 Passed.
2026-01-19T23:59:05.2380640Z   ▶️  [STEP step_7_ai_2] FILL: currency
2026-01-19T23:59:05.2380991Z     🔍 Trying 1 validated locators from golden path...
2026-01-19T23:59:05.2381857Z     ✅ SUCCESS! Locator #1: select[name='currency']... (method: unknown, stability: 0.95)
2026-01-19T23:59:05.2382292Z     ✅ Step step_7_ai_2 Passed.
2026-01-19T23:59:05.2382591Z   ▶️  [STEP step_7_ai_3] CLICK: Open Account
2026-01-19T23:59:05.2382939Z     🔍 Trying 2 validated locators from golden path...
2026-01-19T23:59:05.2383463Z     ✅ SUCCESS! Locator #1: role=button[name='Open Account']... (method: unknown, stability: 0.80)
2026-01-19T23:59:05.2383919Z     ✅ Step step_7_ai_3 Passed.
2026-01-19T23:59:05.2384183Z   ▶️  [STEP step_7_ai_4] CLICK: Process
2026-01-19T23:59:05.2384515Z     🔍 Trying 1 validated locators from golden path...
2026-01-19T23:59:05.2384930Z     ⚠️  Locator #1 matched 6 elements (need exactly 1): button...
2026-01-19T23:59:05.2385377Z     ⚠️  All golden path locators failed. Will try text-based fallback.
2026-01-19T23:59:05.2385746Z     ✅ Step step_7_ai_4 Passed.
2026-01-19T23:59:05.2386042Z   ▶️  [STEP step_7_ai_5] CLICK: Bank Manager Login
2026-01-19T23:59:05.2386416Z     🔍 Trying 2 validated locators from golden path...
2026-01-19T23:59:05.2386852Z     ❌ Locator #1 found 0 elements: role=button[name='Bank Manager Login']...
2026-01-19T23:59:05.2387321Z     ❌ Locator #2 found 0 elements: text='Bank Manager Login'...
2026-01-19T23:59:05.2387771Z     ⚠️  All golden path locators failed. Will try text-based fallback.
2026-01-19T23:59:05.2388322Z     ❌ Attempt 1 failed (element_not_found): Locator.bounding_box: Timeout 30000ms exceeded.
2026-01-19T23:59:05.2388723Z Call log:
2026-01-19T23:59:05.2388926Z   - waiting for locator("text=Bank Manager...
2026-01-19T23:59:05.2389326Z     🔧 [AUTO-HEAL] Re-mining page to find 'Bank Manager Login'...
2026-01-19T23:59:05.2389733Z [DEBUG] Sending request to gemini-2.0-flash. Number of parts: 2
2026-01-19T23:59:05.2390075Z [DEBUG] Received response (Length: 603)
2026-01-19T23:59:05.2390409Z     ✨ AI heal found 2 alternatives. Validating...
2026-01-19T23:59:05.2391012Z       ❌ Rejected: Element not found
2026-01-19T23:59:05.2391492Z       ❌ Rejected: Element not found
2026-01-19T23:59:05.2391857Z     ⚠️ All AI suggestions failed validation. Using original.
2026-01-19T23:59:05.2392469Z     ❌ AI could not re-locate the element. Waiting 1s before next retry.
2026-01-19T23:59:05.2393029Z     ❌ Attempt 2 failed (element_not_found): Locator.bounding_box: Timeout 30000ms exceeded.
2026-01-19T23:59:05.2393440Z Call log:
2026-01-19T23:59:05.2393650Z   - waiting for locator("text=Bank Manager...
2026-01-19T23:59:05.2394051Z     🔧 [AUTO-HEAL] Re-mining page to find 'Bank Manager Login'...
2026-01-19T23:59:05.2394390Z [CACHE HIT] f6bfadc3... (hits: 2, misses: 2)
2026-01-19T23:59:05.2394727Z     ✨ AI heal found 2 alternatives. Validating...
2026-01-19T23:59:05.2395043Z       ❌ Rejected: Element not found
2026-01-19T23:59:05.2395315Z       ❌ Rejected: Element not found
2026-01-19T23:59:05.2395650Z     ⚠️ All AI suggestions failed validation. Using original.
2026-01-19T23:59:05.2396102Z     ❌ AI could not re-locate the element. Waiting 1s before next retry.
2026-01-19T23:59:05.2396651Z     ❌ Attempt 3 failed (element_not_found): Locator.bounding_box: Timeout 30000ms exceeded.
2026-01-19T23:59:05.2397048Z Call log:
2026-01-19T23:59:05.2397255Z   - waiting for locator("text=Bank Manager...
2026-01-19T23:59:05.2397586Z     💀 Step step_7_ai_5 failed after all retries.
2026-01-19T23:59:05.2398015Z 🛑 Scenario 'Manager Login and Open Account' aborted due to step failure.
2026-01-19T23:59:05.2398300Z 
2026-01-19T23:59:05.2398407Z ============================================================
2026-01-19T23:59:05.2398700Z 🎯 EXECUTION SUMMARY
2026-01-19T23:59:05.2398912Z ============================================================
2026-01-19T23:59:05.2399099Z 
2026-01-19T23:59:05.2399201Z 📋 Scenario Overview:
2026-01-19T23:59:05.2399474Z    • Total Scenarios Planned: 3
2026-01-19T23:59:05.2399736Z    • Scenarios Executed: 3
2026-01-19T23:59:05.2399984Z    • Total Steps Executed: 36
2026-01-19T23:59:05.2400140Z 
2026-01-19T23:59:05.2400231Z ✅ Results:
2026-01-19T23:59:05.2400426Z    ✅ Passed: 1 (33%)
2026-01-19T23:59:05.2400640Z    ❌ Failed: 2 (66%)
2026-01-19T23:59:05.2400753Z 
2026-01-19T23:59:05.2400859Z ⚠️  Failed Scenarios:
2026-01-19T23:59:05.2401109Z    • Customer Login and Account Details
2026-01-19T23:59:05.2402228Z    • Manager Login and Open Account
2026-01-19T23:59:05.2402531Z 
2026-01-19T23:59:05.2402689Z ============================================================
2026-01-19T23:59:05.2403025Z 
2026-01-19T23:59:05.2403652Z 🏁 Execution Finished. Report: /home/runner/work/build_qa_automation/build_qa_automation/projects/ci_globalsqa_bank/execution.json
2026-01-19T23:59:05.2404144Z 
2026-01-19T23:59:05.2404251Z ============================================================
2026-01-19T23:59:05.2404567Z 📊 EXECUTOR PERFORMANCE SUMMARY
2026-01-19T23:59:05.2404827Z ============================================================
2026-01-19T23:59:05.2405026Z 
2026-01-19T23:59:05.2405130Z 🎯 Execution Results:
2026-01-19T23:59:05.2405373Z    • Total Steps: 36
2026-01-19T23:59:05.2405623Z    • First-Attempt Success: 34 (94.4%)
2026-01-19T23:59:05.2405907Z    • Required AI Healing: 4 (11.1%)
2026-01-19T23:59:05.2406183Z    • Final Failures: 2 (5.6%)
2026-01-19T23:59:05.2406336Z 
2026-01-19T23:59:05.2406462Z 🛤️  Golden Path Effectiveness:
2026-01-19T23:59:05.2406735Z    • Steps with Mined Locators: 33
2026-01-19T23:59:05.2407010Z    • Golden Path Hits: 25 (75.8%)
2026-01-19T23:59:05.2407276Z    • Golden Path Misses: 8
2026-01-19T23:59:05.2407532Z    • Fallback Used (No Locators): 3
2026-01-19T23:59:05.2407693Z 
2026-01-19T23:59:05.2407801Z 📈 Overall Assessment:
2026-01-19T23:59:05.2408101Z    ✅ GOOD! Most steps following golden path successfully.
2026-01-19T23:59:05.2408329Z 
2026-01-19T23:59:05.2408440Z 🎯 vs Target (100% Flawless):
2026-01-19T23:59:05.2408690Z    📊 Gap: 5.6% from target
2026-01-19T23:59:05.2408979Z    💡 Recommendation: Review 8 golden path misses
2026-01-19T23:59:05.2409380Z    💡 Recommendation: Explorer needs to mine locators for 3 steps
2026-01-19T23:59:05.2409814Z 
2026-01-19T23:59:05.2409914Z ============================================================
2026-01-19T23:59:05.3502485Z 
2026-01-19T23:59:05.3503133Z [PHASE] Running Phase: DISCOVERY
2026-01-19T23:59:05.3505399Z    Command: /opt/hostedtoolcache/Python/3.11.14/x64/bin/python /home/runner/work/build_qa_automation/build_qa_automation/core/agents/discovery.py --project /home/runner/work/build_qa_automation/build_qa_automation/projects/ci_globalsqa_bank --url https://www.globalsqa.com/angularJs-protractor/BankingProject/ --deep
2026-01-19T23:59:05.3507150Z ✅ Phase 'discovery' completed successfully.
2026-01-19T23:59:05.3507364Z 
2026-01-19T23:59:05.3507465Z [PHASE] Running Phase: PLANNING
2026-01-19T23:59:05.3508980Z    Command: /opt/hostedtoolcache/Python/3.11.14/x64/bin/python /home/runner/work/build_qa_automation/build_qa_automation/core/agents/planner.py --project /home/runner/work/build_qa_automation/build_qa_automation/projects/ci_globalsqa_bank --goal Customer and manager banking flows --url https://www.globalsqa.com/angularJs-protractor/BankingProject/ --deep
2026-01-19T23:59:05.3510530Z ✅ Phase 'planning' completed successfully.
2026-01-19T23:59:05.3510728Z 
2026-01-19T23:59:05.3510831Z [PHASE] Running Phase: EXPLORATION
2026-01-19T23:59:05.3512165Z    Command: /opt/hostedtoolcache/Python/3.11.14/x64/bin/python /home/runner/work/build_qa_automation/build_qa_automation/core/agents/deep_explorer.py --project /home/runner/work/build_qa_automation/build_qa_automation/projects/ci_globalsqa_bank
2026-01-19T23:59:05.3513334Z ✅ Phase 'exploration' completed successfully.
2026-01-19T23:59:05.3513719Z 📊 Exploration Discovery Success Rate: 97.8%
2026-01-19T23:59:05.3513921Z 
2026-01-19T23:59:05.3514019Z [PHASE] Running Phase: EXECUTION
2026-01-19T23:59:05.3515023Z    Command: /opt/hostedtoolcache/Python/3.11.14/x64/bin/python /home/runner/work/build_qa_automation/build_qa_automation/core/agents/executor.py --project /home/runner/work/build_qa_automation/build_qa_automation/projects/ci_globalsqa_bank
2026-01-19T23:59:05.3516132Z ✅ Phase 'execution' completed successfully.
2026-01-19T23:59:05.3516340Z 
2026-01-19T23:59:05.3516444Z [DONE] Pipeline Execution Finished! [DONE]
2026-01-19T23:59:05.4492519Z ##[group]Run RESULT_FILE="projects/ci_globalsqa_bank/execution.json"
2026-01-19T23:59:05.4493043Z [36;1mRESULT_FILE="projects/ci_globalsqa_bank/execution.json"[0m
2026-01-19T23:59:05.4493395Z [36;1mif [ -f "$RESULT_FILE" ]; then[0m
2026-01-19T23:59:05.4493730Z [36;1m  echo "✅ Results generated successfully: $RESULT_FILE"[0m
2026-01-19T23:59:05.4494175Z [36;1m  cat "$RESULT_FILE" | jq '.scenarios | length' || echo "Result file exists"[0m
2026-01-19T23:59:05.4494544Z [36;1melse[0m
2026-01-19T23:59:05.4494776Z [36;1m  echo "❌ No result file found at $RESULT_FILE"[0m
2026-01-19T23:59:05.4495052Z [36;1m  exit 1[0m
2026-01-19T23:59:05.4495230Z [36;1mfi[0m
2026-01-19T23:59:05.4526246Z shell: /usr/bin/bash -e {0}
2026-01-19T23:59:05.4526495Z env:
2026-01-19T23:59:05.4526743Z   pythonLocation: /opt/hostedtoolcache/Python/3.11.14/x64
2026-01-19T23:59:05.4527166Z   PKG_CONFIG_PATH: /opt/hostedtoolcache/Python/3.11.14/x64/lib/pkgconfig
2026-01-19T23:59:05.4527600Z   Python_ROOT_DIR: /opt/hostedtoolcache/Python/3.11.14/x64
2026-01-19T23:59:05.4527982Z   Python2_ROOT_DIR: /opt/hostedtoolcache/Python/3.11.14/x64
2026-01-19T23:59:05.4528347Z   Python3_ROOT_DIR: /opt/hostedtoolcache/Python/3.11.14/x64
2026-01-19T23:59:05.4528718Z   LD_LIBRARY_PATH: /opt/hostedtoolcache/Python/3.11.14/x64/lib
2026-01-19T23:59:05.4529038Z ##[endgroup]
2026-01-19T23:59:05.4579678Z ✅ Results generated successfully: projects/ci_globalsqa_bank/execution.json
2026-01-19T23:59:05.4605833Z 3
2026-01-19T23:59:05.4666884Z ##[group]Run actions/upload-artifact@v4
2026-01-19T23:59:05.4667165Z with:
2026-01-19T23:59:05.4667367Z   name: globalsqa_bank-execution-results
2026-01-19T23:59:05.4667801Z   path: projects/ci_globalsqa_bank/execution.json
projects/ci_globalsqa_bank/workflow.json

2026-01-19T23:59:05.4668415Z   retention-days: 30
2026-01-19T23:59:05.4668627Z   if-no-files-found: warn
2026-01-19T23:59:05.4668846Z   compression-level: 6
2026-01-19T23:59:05.4669041Z   overwrite: false
2026-01-19T23:59:05.4669243Z   include-hidden-files: false
2026-01-19T23:59:05.4669458Z env:
2026-01-19T23:59:05.4669698Z   pythonLocation: /opt/hostedtoolcache/Python/3.11.14/x64
2026-01-19T23:59:05.4670104Z   PKG_CONFIG_PATH: /opt/hostedtoolcache/Python/3.11.14/x64/lib/pkgconfig
2026-01-19T23:59:05.4670505Z   Python_ROOT_DIR: /opt/hostedtoolcache/Python/3.11.14/x64
2026-01-19T23:59:05.4670867Z   Python2_ROOT_DIR: /opt/hostedtoolcache/Python/3.11.14/x64
2026-01-19T23:59:05.4671460Z   Python3_ROOT_DIR: /opt/hostedtoolcache/Python/3.11.14/x64
2026-01-19T23:59:05.4671865Z   LD_LIBRARY_PATH: /opt/hostedtoolcache/Python/3.11.14/x64/lib
2026-01-19T23:59:05.4672170Z ##[endgroup]
2026-01-19T23:59:05.6850591Z Multiple search paths detected. Calculating the least common ancestor of all paths
2026-01-19T23:59:05.6855689Z The least common ancestor is /home/runner/work/build_qa_automation/build_qa_automation/projects/ci_globalsqa_bank. This will be the root directory of the artifact
2026-01-19T23:59:05.6857144Z With the provided path, there will be 2 files uploaded
2026-01-19T23:59:05.6862439Z Artifact name is valid!
2026-01-19T23:59:05.6863698Z Root directory input is valid!
2026-01-19T23:59:05.7696472Z Beginning upload of artifact content to blob storage
2026-01-19T23:59:05.8370774Z Uploaded bytes 2431
2026-01-19T23:59:05.8576960Z Finished uploading artifact content to blob storage!
2026-01-19T23:59:05.8580098Z SHA256 digest of uploaded artifact zip is 77d7e5e87883db26ca841a45de2cad9e50f34326bf717e701c5372d9e6feb73a
2026-01-19T23:59:05.8582653Z Finalizing artifact upload
2026-01-19T23:59:05.9786172Z Artifact globalsqa_bank-execution-results.zip successfully finalized. Artifact ID 5183088032
2026-01-19T23:59:05.9787600Z Artifact globalsqa_bank-execution-results has been successfully uploaded! Final size is 2431 bytes. Artifact ID is 5183088032
2026-01-19T23:59:05.9793623Z Artifact download URL: https://github.com/vishvasmca-cmd/build_qa_automation/actions/runs/21154472744/artifacts/5183088032
2026-01-19T23:59:05.9923209Z Post job cleanup.
2026-01-19T23:59:06.1485774Z Cache hit occurred on the primary key setup-python-Linux-x64-24.04-Ubuntu-python-3.11.14-pip-dde08d0e0b672972dcda9f1a063036a2e0c226f5d0a20362e9401931676d80a4, not saving cache.
2026-01-19T23:59:06.1608730Z Post job cleanup.
2026-01-19T23:59:06.2557761Z [command]/usr/bin/git version
2026-01-19T23:59:06.2594033Z git version 2.52.0
2026-01-19T23:59:06.2638600Z Temporarily overriding HOME='/home/runner/work/_temp/6ebd22a8-8d6e-43cc-b155-0fa59a569013' before making global git config changes
2026-01-19T23:59:06.2640062Z Adding repository directory to the temporary git global config as a safe directory
2026-01-19T23:59:06.2652085Z [command]/usr/bin/git config --global --add safe.directory /home/runner/work/build_qa_automation/build_qa_automation
2026-01-19T23:59:06.2686950Z [command]/usr/bin/git config --local --name-only --get-regexp core\.sshCommand
2026-01-19T23:59:06.2719220Z [command]/usr/bin/git submodule foreach --recursive sh -c "git config --local --name-only --get-regexp 'core\.sshCommand' && git config --local --unset-all 'core.sshCommand' || :"
2026-01-19T23:59:06.2952254Z [command]/usr/bin/git config --local --name-only --get-regexp http\.https\:\/\/github\.com\/\.extraheader
2026-01-19T23:59:06.2975994Z http.https://github.com/.extraheader
2026-01-19T23:59:06.2993412Z [command]/usr/bin/git config --local --unset-all http.https://github.com/.extraheader
2026-01-19T23:59:06.3028461Z [command]/usr/bin/git submodule foreach --recursive sh -c "git config --local --name-only --get-regexp 'http\.https\:\/\/github\.com\/\.extraheader' && git config --local --unset-all 'http.https://github.com/.extraheader' || :"
2026-01-19T23:59:06.3277478Z [command]/usr/bin/git config --local --name-only --get-regexp ^includeIf\.gitdir:
2026-01-19T23:59:06.3314460Z [command]/usr/bin/git submodule foreach --recursive git config --local --show-origin --name-only --get-regexp remote.origin.url
2026-01-19T23:59:06.3697602Z Cleaning up orphan processes
