2026-01-18T23:40:45.2703492Z Current runner version: '2.331.0'
2026-01-18T23:40:45.2727234Z ##[group]Runner Image Provisioner
2026-01-18T23:40:45.2728132Z Hosted Compute Agent
2026-01-18T23:40:45.2728863Z Version: 20251211.462
2026-01-18T23:40:45.2729455Z Commit: 6cbad8c2bb55d58165063d031ccabf57e2d2db61
2026-01-18T23:40:45.2730239Z Build Date: 2025-12-11T16:28:49Z
2026-01-18T23:40:45.2730912Z Worker ID: {622b1f22-13f8-41fd-a937-aa1536fe6948}
2026-01-18T23:40:45.2731621Z ##[endgroup]
2026-01-18T23:40:45.2732203Z ##[group]Operating System
2026-01-18T23:40:45.2732753Z Ubuntu
2026-01-18T23:40:45.2733197Z 24.04.3
2026-01-18T23:40:45.2733714Z LTS
2026-01-18T23:40:45.2734137Z ##[endgroup]
2026-01-18T23:40:45.2734663Z ##[group]Runner Image
2026-01-18T23:40:45.2735263Z Image: ubuntu-24.04
2026-01-18T23:40:45.2735738Z Version: 20260111.209.1
2026-01-18T23:40:45.2736753Z Included Software: https://github.com/actions/runner-images/blob/ubuntu24/20260111.209/images/ubuntu/Ubuntu2404-Readme.md
2026-01-18T23:40:45.2738327Z Image Release: https://github.com/actions/runner-images/releases/tag/ubuntu24%2F20260111.209
2026-01-18T23:40:45.2739475Z ##[endgroup]
2026-01-18T23:40:45.2740617Z ##[group]GITHUB_TOKEN Permissions
2026-01-18T23:40:45.2742391Z Contents: read
2026-01-18T23:40:45.2742984Z Metadata: read
2026-01-18T23:40:45.2743555Z Packages: read
2026-01-18T23:40:45.2744019Z ##[endgroup]
2026-01-18T23:40:45.2746549Z Secret source: Actions
2026-01-18T23:40:45.2747293Z Prepare workflow directory
2026-01-18T23:40:45.3785156Z Prepare all required actions
2026-01-18T23:40:45.3822998Z Getting action download info
2026-01-18T23:40:45.7745567Z Download action repository 'actions/checkout@v4' (SHA:34e114876b0b11c390a56381ad16ebd13914f8d5)
2026-01-18T23:40:45.8710110Z Download action repository 'actions/setup-python@v5' (SHA:a26af69be951a213d495a4c3e4e4022e16d87065)
2026-01-18T23:40:45.9544515Z Download action repository 'actions/upload-artifact@v4' (SHA:ea165f8d65b6e75b540449e92b4886f43607fa02)
2026-01-18T23:40:46.2953102Z Complete job name: test-websites-deep (blazedemo_travel, https://blazedemo.com/, Book a flight)
2026-01-18T23:40:46.5218023Z ##[group]Run actions/checkout@v4
2026-01-18T23:40:46.5219551Z with:
2026-01-18T23:40:46.5220174Z   repository: vishvasmca-cmd/build_qa_automation
2026-01-18T23:40:46.5221127Z   token: ***
2026-01-18T23:40:46.5221659Z   ssh-strict: true
2026-01-18T23:40:46.5222197Z   ssh-user: git
2026-01-18T23:40:46.5222747Z   persist-credentials: true
2026-01-18T23:40:46.5223341Z   clean: true
2026-01-18T23:40:46.5223867Z   sparse-checkout-cone-mode: true
2026-01-18T23:40:46.5224491Z   fetch-depth: 1
2026-01-18T23:40:46.5225011Z   fetch-tags: false
2026-01-18T23:40:46.5225549Z   show-progress: true
2026-01-18T23:40:46.5226108Z   lfs: false
2026-01-18T23:40:46.5226621Z   submodules: false
2026-01-18T23:40:46.5227169Z   set-safe-directory: true
2026-01-18T23:40:46.5228165Z ##[endgroup]
2026-01-18T23:40:46.6359357Z Syncing repository: vishvasmca-cmd/build_qa_automation
2026-01-18T23:40:46.6362820Z ##[group]Getting Git version info
2026-01-18T23:40:46.6364158Z Working directory is '/home/runner/work/build_qa_automation/build_qa_automation'
2026-01-18T23:40:46.6365487Z [command]/usr/bin/git version
2026-01-18T23:40:46.6443898Z git version 2.52.0
2026-01-18T23:40:46.6471680Z ##[endgroup]
2026-01-18T23:40:46.6487558Z Temporarily overriding HOME='/home/runner/work/_temp/9f486f23-913c-42e0-808f-ccc4391ffacb' before making global git config changes
2026-01-18T23:40:46.6490455Z Adding repository directory to the temporary git global config as a safe directory
2026-01-18T23:40:46.6502616Z [command]/usr/bin/git config --global --add safe.directory /home/runner/work/build_qa_automation/build_qa_automation
2026-01-18T23:40:46.6547404Z Deleting the contents of '/home/runner/work/build_qa_automation/build_qa_automation'
2026-01-18T23:40:46.6551018Z ##[group]Initializing the repository
2026-01-18T23:40:46.6556124Z [command]/usr/bin/git init /home/runner/work/build_qa_automation/build_qa_automation
2026-01-18T23:40:46.6687206Z hint: Using 'master' as the name for the initial branch. This default branch name
2026-01-18T23:40:46.6689537Z hint: will change to "main" in Git 3.0. To configure the initial branch name
2026-01-18T23:40:46.6690929Z hint: to use in all of your new repositories, which will suppress this warning,
2026-01-18T23:40:46.6692207Z hint: call:
2026-01-18T23:40:46.6693041Z hint:
2026-01-18T23:40:46.6694175Z hint: 	git config --global init.defaultBranch <name>
2026-01-18T23:40:46.6695391Z hint:
2026-01-18T23:40:46.6696592Z hint: Names commonly chosen instead of 'master' are 'main', 'trunk' and
2026-01-18T23:40:46.6698371Z hint: 'development'. The just-created branch can be renamed via this command:
2026-01-18T23:40:46.6700031Z hint:
2026-01-18T23:40:46.6700877Z hint: 	git branch -m <name>
2026-01-18T23:40:46.6701815Z hint:
2026-01-18T23:40:46.6702982Z hint: Disable this message with "git config set advice.defaultBranchName false"
2026-01-18T23:40:46.6705134Z Initialized empty Git repository in /home/runner/work/build_qa_automation/build_qa_automation/.git/
2026-01-18T23:40:46.6709213Z [command]/usr/bin/git remote add origin https://github.com/vishvasmca-cmd/build_qa_automation
2026-01-18T23:40:46.6749714Z ##[endgroup]
2026-01-18T23:40:46.6751236Z ##[group]Disabling automatic garbage collection
2026-01-18T23:40:46.6755019Z [command]/usr/bin/git config --local gc.auto 0
2026-01-18T23:40:46.6785801Z ##[endgroup]
2026-01-18T23:40:46.6786698Z ##[group]Setting up auth
2026-01-18T23:40:46.6792697Z [command]/usr/bin/git config --local --name-only --get-regexp core\.sshCommand
2026-01-18T23:40:46.6822203Z [command]/usr/bin/git submodule foreach --recursive sh -c "git config --local --name-only --get-regexp 'core\.sshCommand' && git config --local --unset-all 'core.sshCommand' || :"
2026-01-18T23:40:46.7214297Z [command]/usr/bin/git config --local --name-only --get-regexp http\.https\:\/\/github\.com\/\.extraheader
2026-01-18T23:40:46.7243229Z [command]/usr/bin/git submodule foreach --recursive sh -c "git config --local --name-only --get-regexp 'http\.https\:\/\/github\.com\/\.extraheader' && git config --local --unset-all 'http.https://github.com/.extraheader' || :"
2026-01-18T23:40:46.7456771Z [command]/usr/bin/git config --local --name-only --get-regexp ^includeIf\.gitdir:
2026-01-18T23:40:46.7486034Z [command]/usr/bin/git submodule foreach --recursive git config --local --show-origin --name-only --get-regexp remote.origin.url
2026-01-18T23:40:46.7713134Z [command]/usr/bin/git config --local http.https://github.com/.extraheader AUTHORIZATION: basic ***
2026-01-18T23:40:46.7745281Z ##[endgroup]
2026-01-18T23:40:46.7746469Z ##[group]Fetching the repository
2026-01-18T23:40:46.7753812Z [command]/usr/bin/git -c protocol.version=2 fetch --no-tags --prune --no-recurse-submodules --depth=1 origin +10179ac5c7473147e4be3845796c28603a0fa5da:refs/remotes/origin/main
2026-01-18T23:40:47.9674346Z From https://github.com/vishvasmca-cmd/build_qa_automation
2026-01-18T23:40:47.9677450Z  * [new ref]         10179ac5c7473147e4be3845796c28603a0fa5da -> origin/main
2026-01-18T23:40:47.9708164Z ##[endgroup]
2026-01-18T23:40:47.9710015Z ##[group]Determining the checkout info
2026-01-18T23:40:47.9711483Z ##[endgroup]
2026-01-18T23:40:47.9715155Z [command]/usr/bin/git sparse-checkout disable
2026-01-18T23:40:47.9755614Z [command]/usr/bin/git config --local --unset-all extensions.worktreeConfig
2026-01-18T23:40:47.9780921Z ##[group]Checking out the ref
2026-01-18T23:40:47.9783950Z [command]/usr/bin/git checkout --progress --force -B main refs/remotes/origin/main
2026-01-18T23:40:48.0956180Z Switched to a new branch 'main'
2026-01-18T23:40:48.0959316Z branch 'main' set up to track 'origin/main'.
2026-01-18T23:40:48.0978789Z ##[endgroup]
2026-01-18T23:40:48.1021498Z [command]/usr/bin/git log -1 --format=%H
2026-01-18T23:40:48.1045070Z 10179ac5c7473147e4be3845796c28603a0fa5da
2026-01-18T23:40:48.2680045Z ##[group]Run actions/setup-python@v5
2026-01-18T23:40:48.2681154Z with:
2026-01-18T23:40:48.2681875Z   python-version: 3.11
2026-01-18T23:40:48.2682728Z   cache: pip
2026-01-18T23:40:48.2683481Z   check-latest: false
2026-01-18T23:40:48.2684867Z   token: ***
2026-01-18T23:40:48.2685653Z   update-environment: true
2026-01-18T23:40:48.2686597Z   allow-prereleases: false
2026-01-18T23:40:48.2687531Z   freethreaded: false
2026-01-18T23:40:48.2688358Z ##[endgroup]
2026-01-18T23:40:48.4395702Z ##[group]Installed versions
2026-01-18T23:40:48.4515247Z Successfully set up CPython (3.11.14)
2026-01-18T23:40:48.4517950Z ##[endgroup]
2026-01-18T23:40:48.5393684Z [command]/opt/hostedtoolcache/Python/3.11.14/x64/bin/pip cache dir
2026-01-18T23:40:48.8839759Z /home/runner/.cache/pip
2026-01-18T23:40:49.1413326Z Cache hit for: setup-python-Linux-x64-24.04-Ubuntu-python-3.11.14-pip-dde08d0e0b672972dcda9f1a063036a2e0c226f5d0a20362e9401931676d80a4
2026-01-18T23:40:50.3975854Z Received 33554432 of 254742636 (13.2%), 32.0 MBs/sec
2026-01-18T23:40:51.3982403Z Received 134217728 of 254742636 (52.7%), 64.0 MBs/sec
2026-01-18T23:40:52.1122638Z Received 254742636 of 254742636 (100.0%), 89.5 MBs/sec
2026-01-18T23:40:52.1124447Z Cache Size: ~243 MB (254742636 B)
2026-01-18T23:40:52.1257974Z [command]/usr/bin/tar -xf /home/runner/work/_temp/19385d96-9cc8-4716-a961-c51f0c544a83/cache.tzst -P -C /home/runner/work/build_qa_automation/build_qa_automation --use-compress-program unzstd
2026-01-18T23:40:52.5189270Z Cache restored successfully
2026-01-18T23:40:52.5682385Z Cache restored from key: setup-python-Linux-x64-24.04-Ubuntu-python-3.11.14-pip-dde08d0e0b672972dcda9f1a063036a2e0c226f5d0a20362e9401931676d80a4
2026-01-18T23:40:52.5921423Z ##[group]Run pip install -r requirements.txt
2026-01-18T23:40:52.5922049Z [36;1mpip install -r requirements.txt[0m
2026-01-18T23:40:52.5922459Z [36;1mplaywright install chromium[0m
2026-01-18T23:40:52.5962299Z shell: /usr/bin/bash -e {0}
2026-01-18T23:40:52.5962616Z env:
2026-01-18T23:40:52.5963089Z   pythonLocation: /opt/hostedtoolcache/Python/3.11.14/x64
2026-01-18T23:40:52.5963686Z   PKG_CONFIG_PATH: /opt/hostedtoolcache/Python/3.11.14/x64/lib/pkgconfig
2026-01-18T23:40:52.5964262Z   Python_ROOT_DIR: /opt/hostedtoolcache/Python/3.11.14/x64
2026-01-18T23:40:52.5964788Z   Python2_ROOT_DIR: /opt/hostedtoolcache/Python/3.11.14/x64
2026-01-18T23:40:52.5965249Z   Python3_ROOT_DIR: /opt/hostedtoolcache/Python/3.11.14/x64
2026-01-18T23:40:52.5965707Z   LD_LIBRARY_PATH: /opt/hostedtoolcache/Python/3.11.14/x64/lib
2026-01-18T23:40:52.5966199Z ##[endgroup]
2026-01-18T23:40:53.3070663Z Collecting playwright (from -r requirements.txt (line 1))
2026-01-18T23:40:53.3086061Z   Using cached playwright-1.57.0-py3-none-manylinux1_x86_64.whl.metadata (3.5 kB)
2026-01-18T23:40:53.3303273Z Collecting python-dotenv (from -r requirements.txt (line 2))
2026-01-18T23:40:53.3317490Z   Using cached python_dotenv-1.2.1-py3-none-any.whl.metadata (25 kB)
2026-01-18T23:40:53.3638882Z Collecting requests (from -r requirements.txt (line 3))
2026-01-18T23:40:53.3653546Z   Using cached requests-2.32.5-py3-none-any.whl.metadata (4.9 kB)
2026-01-18T23:40:53.5414771Z Collecting pillow (from -r requirements.txt (line 4))
2026-01-18T23:40:53.5431672Z   Using cached pillow-12.1.0-cp311-cp311-manylinux_2_27_x86_64.manylinux_2_28_x86_64.whl.metadata (8.8 kB)
2026-01-18T23:40:53.5749511Z Collecting google-genai>=0.3.0 (from -r requirements.txt (line 5))
2026-01-18T23:40:53.5763789Z   Using cached google_genai-1.59.0-py3-none-any.whl.metadata (53 kB)
2026-01-18T23:40:53.5966073Z Collecting termcolor (from -r requirements.txt (line 6))
2026-01-18T23:40:53.5980097Z   Using cached termcolor-3.3.0-py3-none-any.whl.metadata (6.5 kB)
2026-01-18T23:40:53.6383902Z Collecting PyYAML (from -r requirements.txt (line 7))
2026-01-18T23:40:53.6398453Z   Using cached pyyaml-6.0.3-cp311-cp311-manylinux2014_x86_64.manylinux_2_17_x86_64.manylinux_2_28_x86_64.whl.metadata (2.4 kB)
2026-01-18T23:40:53.6997159Z Collecting opencv-python-headless (from -r requirements.txt (line 8))
2026-01-18T23:40:53.7012647Z   Using cached opencv_python_headless-4.13.0.90-cp37-abi3-manylinux_2_28_x86_64.whl.metadata (19 kB)
2026-01-18T23:40:53.8954403Z Collecting numpy (from -r requirements.txt (line 9))
2026-01-18T23:40:53.8969648Z   Using cached numpy-2.4.1-cp311-cp311-manylinux_2_27_x86_64.manylinux_2_28_x86_64.whl.metadata (6.6 kB)
2026-01-18T23:40:53.9803731Z Collecting faker (from -r requirements.txt (line 10))
2026-01-18T23:40:53.9817678Z   Using cached faker-40.1.2-py3-none-any.whl.metadata (16 kB)
2026-01-18T23:40:54.0034534Z Collecting pyee<14,>=13 (from playwright->-r requirements.txt (line 1))
2026-01-18T23:40:54.0047702Z   Using cached pyee-13.0.0-py3-none-any.whl.metadata (2.9 kB)
2026-01-18T23:40:54.1324419Z Collecting greenlet<4.0.0,>=3.1.1 (from playwright->-r requirements.txt (line 1))
2026-01-18T23:40:54.1339686Z   Using cached greenlet-3.3.0-cp311-cp311-manylinux_2_24_x86_64.manylinux_2_28_x86_64.whl.metadata (4.1 kB)
2026-01-18T23:40:54.1566474Z Collecting typing-extensions (from pyee<14,>=13->playwright->-r requirements.txt (line 1))
2026-01-18T23:40:54.1579758Z   Using cached typing_extensions-4.15.0-py3-none-any.whl.metadata (3.3 kB)
2026-01-18T23:40:54.2420329Z Collecting charset_normalizer<4,>=2 (from requests->-r requirements.txt (line 3))
2026-01-18T23:40:54.2436208Z   Using cached charset_normalizer-3.4.4-cp311-cp311-manylinux2014_x86_64.manylinux_2_17_x86_64.manylinux_2_28_x86_64.whl.metadata (37 kB)
2026-01-18T23:40:54.2640531Z Collecting idna<4,>=2.5 (from requests->-r requirements.txt (line 3))
2026-01-18T23:40:54.2653777Z   Using cached idna-3.11-py3-none-any.whl.metadata (8.4 kB)
2026-01-18T23:40:54.2978530Z Collecting urllib3<3,>=1.21.1 (from requests->-r requirements.txt (line 3))
2026-01-18T23:40:54.2996700Z   Using cached urllib3-2.6.3-py3-none-any.whl.metadata (6.9 kB)
2026-01-18T23:40:54.3245296Z Collecting certifi>=2017.4.17 (from requests->-r requirements.txt (line 3))
2026-01-18T23:40:54.3258541Z   Using cached certifi-2026.1.4-py3-none-any.whl.metadata (2.5 kB)
2026-01-18T23:40:54.3523790Z Collecting anyio<5.0.0,>=4.8.0 (from google-genai>=0.3.0->-r requirements.txt (line 5))
2026-01-18T23:40:54.3538262Z   Using cached anyio-4.12.1-py3-none-any.whl.metadata (4.3 kB)
2026-01-18T23:40:54.3926208Z Collecting google-auth<3.0.0,>=2.47.0 (from google-auth[requests]<3.0.0,>=2.47.0->google-genai>=0.3.0->-r requirements.txt (line 5))
2026-01-18T23:40:54.3941118Z   Using cached google_auth-2.47.0-py3-none-any.whl.metadata (6.4 kB)
2026-01-18T23:40:54.4346690Z Collecting httpx<1.0.0,>=0.28.1 (from google-genai>=0.3.0->-r requirements.txt (line 5))
2026-01-18T23:40:54.4360366Z   Using cached httpx-0.28.1-py3-none-any.whl.metadata (7.1 kB)
2026-01-18T23:40:54.5788849Z Collecting pydantic<3.0.0,>=2.9.0 (from google-genai>=0.3.0->-r requirements.txt (line 5))
2026-01-18T23:40:54.5802504Z   Using cached pydantic-2.12.5-py3-none-any.whl.metadata (90 kB)
2026-01-18T23:40:54.6103796Z Collecting tenacity<9.2.0,>=8.2.3 (from google-genai>=0.3.0->-r requirements.txt (line 5))
2026-01-18T23:40:54.6116561Z   Using cached tenacity-9.1.2-py3-none-any.whl.metadata (1.2 kB)
2026-01-18T23:40:54.7011687Z Collecting websockets<15.1.0,>=13.0.0 (from google-genai>=0.3.0->-r requirements.txt (line 5))
2026-01-18T23:40:54.7031310Z   Using cached websockets-15.0.1-cp311-cp311-manylinux_2_5_x86_64.manylinux1_x86_64.manylinux_2_17_x86_64.manylinux2014_x86_64.whl.metadata (6.8 kB)
2026-01-18T23:40:54.7234462Z Collecting distro<2,>=1.7.0 (from google-genai>=0.3.0->-r requirements.txt (line 5))
2026-01-18T23:40:54.7247714Z   Using cached distro-1.9.0-py3-none-any.whl.metadata (6.8 kB)
2026-01-18T23:40:54.7394827Z Collecting sniffio (from google-genai>=0.3.0->-r requirements.txt (line 5))
2026-01-18T23:40:54.7407566Z   Using cached sniffio-1.3.1-py3-none-any.whl.metadata (3.9 kB)
2026-01-18T23:40:54.7725594Z Collecting pyasn1-modules>=0.2.1 (from google-auth<3.0.0,>=2.47.0->google-auth[requests]<3.0.0,>=2.47.0->google-genai>=0.3.0->-r requirements.txt (line 5))
2026-01-18T23:40:54.7737730Z   Using cached pyasn1_modules-0.4.2-py3-none-any.whl.metadata (3.5 kB)
2026-01-18T23:40:54.7939115Z Collecting rsa<5,>=3.1.4 (from google-auth<3.0.0,>=2.47.0->google-auth[requests]<3.0.0,>=2.47.0->google-genai>=0.3.0->-r requirements.txt (line 5))
2026-01-18T23:40:54.7951540Z   Using cached rsa-4.9.1-py3-none-any.whl.metadata (5.6 kB)
2026-01-18T23:40:54.8268053Z Collecting httpcore==1.* (from httpx<1.0.0,>=0.28.1->google-genai>=0.3.0->-r requirements.txt (line 5))
2026-01-18T23:40:54.8280996Z   Using cached httpcore-1.0.9-py3-none-any.whl.metadata (21 kB)
2026-01-18T23:40:54.8461834Z Collecting h11>=0.16 (from httpcore==1.*->httpx<1.0.0,>=0.28.1->google-genai>=0.3.0->-r requirements.txt (line 5))
2026-01-18T23:40:54.8474064Z   Using cached h11-0.16.0-py3-none-any.whl.metadata (8.3 kB)
2026-01-18T23:40:54.8630998Z Collecting annotated-types>=0.6.0 (from pydantic<3.0.0,>=2.9.0->google-genai>=0.3.0->-r requirements.txt (line 5))
2026-01-18T23:40:54.8643439Z   Using cached annotated_types-0.7.0-py3-none-any.whl.metadata (15 kB)
2026-01-18T23:40:55.5167090Z Collecting pydantic-core==2.41.5 (from pydantic<3.0.0,>=2.9.0->google-genai>=0.3.0->-r requirements.txt (line 5))
2026-01-18T23:40:55.5181999Z   Using cached pydantic_core-2.41.5-cp311-cp311-manylinux_2_17_x86_64.manylinux2014_x86_64.whl.metadata (7.3 kB)
2026-01-18T23:40:55.5382746Z Collecting typing-inspection>=0.4.2 (from pydantic<3.0.0,>=2.9.0->google-genai>=0.3.0->-r requirements.txt (line 5))
2026-01-18T23:40:55.5395965Z   Using cached typing_inspection-0.4.2-py3-none-any.whl.metadata (2.6 kB)
2026-01-18T23:40:55.6103291Z Collecting pyasn1>=0.1.3 (from rsa<5,>=3.1.4->google-auth<3.0.0,>=2.47.0->google-auth[requests]<3.0.0,>=2.47.0->google-genai>=0.3.0->-r requirements.txt (line 5))
2026-01-18T23:40:55.6119125Z   Using cached pyasn1-0.6.2-py3-none-any.whl.metadata (8.4 kB)
2026-01-18T23:40:55.6380152Z Using cached playwright-1.57.0-py3-none-manylinux1_x86_64.whl (46.0 MB)
2026-01-18T23:40:55.6720180Z Using cached greenlet-3.3.0-cp311-cp311-manylinux_2_24_x86_64.manylinux_2_28_x86_64.whl (590 kB)
2026-01-18T23:40:55.6736808Z Using cached pyee-13.0.0-py3-none-any.whl (15 kB)
2026-01-18T23:40:55.6750192Z Using cached python_dotenv-1.2.1-py3-none-any.whl (21 kB)
2026-01-18T23:40:55.6763718Z Using cached requests-2.32.5-py3-none-any.whl (64 kB)
2026-01-18T23:40:55.6777686Z Using cached charset_normalizer-3.4.4-cp311-cp311-manylinux2014_x86_64.manylinux_2_17_x86_64.manylinux_2_28_x86_64.whl (151 kB)
2026-01-18T23:40:55.6791478Z Using cached idna-3.11-py3-none-any.whl (71 kB)
2026-01-18T23:40:55.6804716Z Using cached urllib3-2.6.3-py3-none-any.whl (131 kB)
2026-01-18T23:40:55.6819080Z Using cached pillow-12.1.0-cp311-cp311-manylinux_2_27_x86_64.manylinux_2_28_x86_64.whl (7.0 MB)
2026-01-18T23:40:55.6881063Z Using cached google_genai-1.59.0-py3-none-any.whl (719 kB)
2026-01-18T23:40:55.6898907Z Using cached anyio-4.12.1-py3-none-any.whl (113 kB)
2026-01-18T23:40:55.6912459Z Using cached distro-1.9.0-py3-none-any.whl (20 kB)
2026-01-18T23:40:55.6925421Z Using cached google_auth-2.47.0-py3-none-any.whl (234 kB)
2026-01-18T23:40:55.6939852Z Using cached httpx-0.28.1-py3-none-any.whl (73 kB)
2026-01-18T23:40:55.6952900Z Using cached httpcore-1.0.9-py3-none-any.whl (78 kB)
2026-01-18T23:40:55.6966205Z Using cached pydantic-2.12.5-py3-none-any.whl (463 kB)
2026-01-18T23:40:55.6982648Z Using cached pydantic_core-2.41.5-cp311-cp311-manylinux_2_17_x86_64.manylinux2014_x86_64.whl (2.1 MB)
2026-01-18T23:40:55.7009230Z Using cached rsa-4.9.1-py3-none-any.whl (34 kB)
2026-01-18T23:40:55.7022470Z Using cached tenacity-9.1.2-py3-none-any.whl (28 kB)
2026-01-18T23:40:55.7035275Z Using cached typing_extensions-4.15.0-py3-none-any.whl (44 kB)
2026-01-18T23:40:55.7049145Z Using cached websockets-15.0.1-cp311-cp311-manylinux_2_5_x86_64.manylinux1_x86_64.manylinux_2_17_x86_64.manylinux2014_x86_64.whl (182 kB)
2026-01-18T23:40:55.7063019Z Using cached termcolor-3.3.0-py3-none-any.whl (7.7 kB)
2026-01-18T23:40:55.7076447Z Using cached pyyaml-6.0.3-cp311-cp311-manylinux2014_x86_64.manylinux_2_17_x86_64.manylinux_2_28_x86_64.whl (806 kB)
2026-01-18T23:40:55.7094957Z Using cached opencv_python_headless-4.13.0.90-cp37-abi3-manylinux_2_28_x86_64.whl (62.5 MB)
2026-01-18T23:40:55.7544881Z Using cached numpy-2.4.1-cp311-cp311-manylinux_2_27_x86_64.manylinux_2_28_x86_64.whl (16.7 MB)
2026-01-18T23:40:55.7674516Z Using cached faker-40.1.2-py3-none-any.whl (2.0 MB)
2026-01-18T23:40:55.7700880Z Using cached annotated_types-0.7.0-py3-none-any.whl (13 kB)
2026-01-18T23:40:55.7714027Z Using cached certifi-2026.1.4-py3-none-any.whl (152 kB)
2026-01-18T23:40:55.7727749Z Using cached h11-0.16.0-py3-none-any.whl (37 kB)
2026-01-18T23:40:55.7741032Z Using cached pyasn1-0.6.2-py3-none-any.whl (83 kB)
2026-01-18T23:40:55.7754457Z Using cached pyasn1_modules-0.4.2-py3-none-any.whl (181 kB)
2026-01-18T23:40:55.7768465Z Using cached typing_inspection-0.4.2-py3-none-any.whl (14 kB)
2026-01-18T23:40:55.7781532Z Using cached sniffio-1.3.1-py3-none-any.whl (10 kB)
2026-01-18T23:40:55.9822322Z Installing collected packages: websockets, urllib3, typing-extensions, termcolor, tenacity, sniffio, PyYAML, python-dotenv, pyasn1, pillow, numpy, idna, h11, greenlet, faker, distro, charset_normalizer, certifi, annotated-types, typing-inspection, rsa, requests, pyee, pydantic-core, pyasn1-modules, opencv-python-headless, httpcore, anyio, pydantic, playwright, httpx, google-auth, google-genai
2026-01-18T23:41:02.6860271Z 
2026-01-18T23:41:02.6883073Z Successfully installed PyYAML-6.0.3 annotated-types-0.7.0 anyio-4.12.1 certifi-2026.1.4 charset_normalizer-3.4.4 distro-1.9.0 faker-40.1.2 google-auth-2.47.0 google-genai-1.59.0 greenlet-3.3.0 h11-0.16.0 httpcore-1.0.9 httpx-0.28.1 idna-3.11 numpy-2.4.1 opencv-python-headless-4.13.0.90 pillow-12.1.0 playwright-1.57.0 pyasn1-0.6.2 pyasn1-modules-0.4.2 pydantic-2.12.5 pydantic-core-2.41.5 pyee-13.0.0 python-dotenv-1.2.1 requests-2.32.5 rsa-4.9.1 sniffio-1.3.1 tenacity-9.1.2 termcolor-3.3.0 typing-extensions-4.15.0 typing-inspection-0.4.2 urllib3-2.6.3 websockets-15.0.1
2026-01-18T23:41:03.2983804Z Downloading Chromium 143.0.7499.4 (playwright build v1200) from https://cdn.playwright.dev/dbazure/download/playwright/builds/chromium/1200/chromium-linux.zip
2026-01-18T23:41:03.3962339Z (node:2181) [DEP0169] DeprecationWarning: `url.parse()` behavior is not standardized and prone to errors that have security implications. Use the WHATWG URL API instead. CVEs are not issued for `url.parse()` vulnerabilities.
2026-01-18T23:41:03.3964062Z (Use `node --trace-deprecation ...` to show where the warning was created)
2026-01-18T23:41:03.6435381Z |                                                                                |   0% of 164.7 MiB
2026-01-18T23:41:03.8003006Z |■■■■■■■■                                                                        |  10% of 164.7 MiB
2026-01-18T23:41:03.8946867Z |■■■■■■■■■■■■■■■■                                                                |  20% of 164.7 MiB
2026-01-18T23:41:03.9698367Z |■■■■■■■■■■■■■■■■■■■■■■■■                                                        |  30% of 164.7 MiB
2026-01-18T23:41:04.0507741Z |■■■■■■■■■■■■■■■■■■■■■■■■■■■■■■■■                                                |  40% of 164.7 MiB
2026-01-18T23:41:04.1278362Z |■■■■■■■■■■■■■■■■■■■■■■■■■■■■■■■■■■■■■■■■                                        |  50% of 164.7 MiB
2026-01-18T23:41:04.2090937Z |■■■■■■■■■■■■■■■■■■■■■■■■■■■■■■■■■■■■■■■■■■■■■■■■                                |  60% of 164.7 MiB
2026-01-18T23:41:04.2837365Z |■■■■■■■■■■■■■■■■■■■■■■■■■■■■■■■■■■■■■■■■■■■■■■■■■■■■■■■■                        |  70% of 164.7 MiB
2026-01-18T23:41:04.3506997Z |■■■■■■■■■■■■■■■■■■■■■■■■■■■■■■■■■■■■■■■■■■■■■■■■■■■■■■■■■■■■■■■■                |  80% of 164.7 MiB
2026-01-18T23:41:04.4406205Z |■■■■■■■■■■■■■■■■■■■■■■■■■■■■■■■■■■■■■■■■■■■■■■■■■■■■■■■■■■■■■■■■■■■■■■■■        |  90% of 164.7 MiB
2026-01-18T23:41:04.5257110Z |■■■■■■■■■■■■■■■■■■■■■■■■■■■■■■■■■■■■■■■■■■■■■■■■■■■■■■■■■■■■■■■■■■■■■■■■■■■■■■■■| 100% of 164.7 MiB
2026-01-18T23:41:06.9180614Z Chromium 143.0.7499.4 (playwright build v1200) downloaded to /home/runner/.cache/ms-playwright/chromium-1200
2026-01-18T23:41:06.9188241Z Downloading FFMPEG playwright build v1011 from https://cdn.playwright.dev/dbazure/download/playwright/builds/ffmpeg/1011/ffmpeg-linux.zip
2026-01-18T23:41:07.0166192Z (node:2192) [DEP0169] DeprecationWarning: `url.parse()` behavior is not standardized and prone to errors that have security implications. Use the WHATWG URL API instead. CVEs are not issued for `url.parse()` vulnerabilities.
2026-01-18T23:41:07.0167687Z (Use `node --trace-deprecation ...` to show where the warning was created)
2026-01-18T23:41:07.1327421Z |                                                                                |   0% of 2.3 MiB
2026-01-18T23:41:07.1515292Z |■■■■■■■■                                                                        |  10% of 2.3 MiB
2026-01-18T23:41:07.1595894Z |■■■■■■■■■■■■■■■■                                                                |  20% of 2.3 MiB
2026-01-18T23:41:07.1650903Z |■■■■■■■■■■■■■■■■■■■■■■■■                                                        |  30% of 2.3 MiB
2026-01-18T23:41:07.1683761Z |■■■■■■■■■■■■■■■■■■■■■■■■■■■■■■■■                                                |  40% of 2.3 MiB
2026-01-18T23:41:07.1721203Z |■■■■■■■■■■■■■■■■■■■■■■■■■■■■■■■■■■■■■■■■                                        |  50% of 2.3 MiB
2026-01-18T23:41:07.1736276Z |■■■■■■■■■■■■■■■■■■■■■■■■■■■■■■■■■■■■■■■■■■■■■■■■                                |  60% of 2.3 MiB
2026-01-18T23:41:07.1758944Z |■■■■■■■■■■■■■■■■■■■■■■■■■■■■■■■■■■■■■■■■■■■■■■■■■■■■■■■■                        |  70% of 2.3 MiB
2026-01-18T23:41:07.1773017Z |■■■■■■■■■■■■■■■■■■■■■■■■■■■■■■■■■■■■■■■■■■■■■■■■■■■■■■■■■■■■■■■■                |  80% of 2.3 MiB
2026-01-18T23:41:07.1786398Z |■■■■■■■■■■■■■■■■■■■■■■■■■■■■■■■■■■■■■■■■■■■■■■■■■■■■■■■■■■■■■■■■■■■■■■■■        |  90% of 2.3 MiB
2026-01-18T23:41:07.1806285Z |■■■■■■■■■■■■■■■■■■■■■■■■■■■■■■■■■■■■■■■■■■■■■■■■■■■■■■■■■■■■■■■■■■■■■■■■■■■■■■■■| 100% of 2.3 MiB
2026-01-18T23:41:07.2350683Z FFMPEG playwright build v1011 downloaded to /home/runner/.cache/ms-playwright/ffmpeg-1011
2026-01-18T23:41:07.2354184Z Downloading Chromium Headless Shell 143.0.7499.4 (playwright build v1200) from https://cdn.playwright.dev/dbazure/download/playwright/builds/chromium/1200/chromium-headless-shell-linux.zip
2026-01-18T23:41:07.3321873Z (node:2203) [DEP0169] DeprecationWarning: `url.parse()` behavior is not standardized and prone to errors that have security implications. Use the WHATWG URL API instead. CVEs are not issued for `url.parse()` vulnerabilities.
2026-01-18T23:41:07.3323759Z (Use `node --trace-deprecation ...` to show where the warning was created)
2026-01-18T23:41:07.5424785Z |                                                                                |   0% of 109.7 MiB
2026-01-18T23:41:07.6620523Z |■■■■■■■■                                                                        |  10% of 109.7 MiB
2026-01-18T23:41:07.7189513Z |■■■■■■■■■■■■■■■■                                                                |  20% of 109.7 MiB
2026-01-18T23:41:07.7786024Z |■■■■■■■■■■■■■■■■■■■■■■■■                                                        |  30% of 109.7 MiB
2026-01-18T23:41:07.8330164Z |■■■■■■■■■■■■■■■■■■■■■■■■■■■■■■■■                                                |  40% of 109.7 MiB
2026-01-18T23:41:07.8932610Z |■■■■■■■■■■■■■■■■■■■■■■■■■■■■■■■■■■■■■■■■                                        |  50% of 109.7 MiB
2026-01-18T23:41:07.9753681Z |■■■■■■■■■■■■■■■■■■■■■■■■■■■■■■■■■■■■■■■■■■■■■■■■                                |  60% of 109.7 MiB
2026-01-18T23:41:08.0440374Z |■■■■■■■■■■■■■■■■■■■■■■■■■■■■■■■■■■■■■■■■■■■■■■■■■■■■■■■■                        |  70% of 109.7 MiB
2026-01-18T23:41:08.1066364Z |■■■■■■■■■■■■■■■■■■■■■■■■■■■■■■■■■■■■■■■■■■■■■■■■■■■■■■■■■■■■■■■■                |  80% of 109.7 MiB
2026-01-18T23:41:08.1641884Z |■■■■■■■■■■■■■■■■■■■■■■■■■■■■■■■■■■■■■■■■■■■■■■■■■■■■■■■■■■■■■■■■■■■■■■■■        |  90% of 109.7 MiB
2026-01-18T23:41:08.2467948Z |■■■■■■■■■■■■■■■■■■■■■■■■■■■■■■■■■■■■■■■■■■■■■■■■■■■■■■■■■■■■■■■■■■■■■■■■■■■■■■■■| 100% of 109.7 MiB
2026-01-18T23:41:10.0270794Z Chromium Headless Shell 143.0.7499.4 (playwright build v1200) downloaded to /home/runner/.cache/ms-playwright/chromium_headless_shell-1200
2026-01-18T23:41:10.0588175Z ##[group]Run mkdir -p projects/ci_blazedemo_travel
2026-01-18T23:41:10.0588865Z [36;1mmkdir -p projects/ci_blazedemo_travel[0m
2026-01-18T23:41:10.0589321Z [36;1mcat > projects/ci_blazedemo_travel/config.json << 'EOF'[0m
2026-01-18T23:41:10.0589649Z [36;1m{[0m
2026-01-18T23:41:10.0589856Z [36;1m  "project_name": "ci_blazedemo_travel",[0m
2026-01-18T23:41:10.0590192Z [36;1m  "target_url": "https://blazedemo.com/",[0m
2026-01-18T23:41:10.0590496Z [36;1m  "goal": "Book a flight",[0m
2026-01-18T23:41:10.0590743Z [36;1m  "headless": true[0m
2026-01-18T23:41:10.0590945Z [36;1m}[0m
2026-01-18T23:41:10.0591108Z [36;1mEOF[0m
2026-01-18T23:41:10.0623841Z shell: /usr/bin/bash -e {0}
2026-01-18T23:41:10.0624069Z env:
2026-01-18T23:41:10.0624322Z   pythonLocation: /opt/hostedtoolcache/Python/3.11.14/x64
2026-01-18T23:41:10.0624747Z   PKG_CONFIG_PATH: /opt/hostedtoolcache/Python/3.11.14/x64/lib/pkgconfig
2026-01-18T23:41:10.0625198Z   Python_ROOT_DIR: /opt/hostedtoolcache/Python/3.11.14/x64
2026-01-18T23:41:10.0625570Z   Python2_ROOT_DIR: /opt/hostedtoolcache/Python/3.11.14/x64
2026-01-18T23:41:10.0625936Z   Python3_ROOT_DIR: /opt/hostedtoolcache/Python/3.11.14/x64
2026-01-18T23:41:10.0626300Z   LD_LIBRARY_PATH: /opt/hostedtoolcache/Python/3.11.14/x64/lib
2026-01-18T23:41:10.0626604Z ##[endgroup]
2026-01-18T23:41:10.0790673Z ##[group]Run # Use --deep for comprehensive regression suite
2026-01-18T23:41:10.0791152Z [36;1m# Use --deep for comprehensive regression suite[0m
2026-01-18T23:41:10.0791614Z [36;1mpython orchestrator.py --project projects/ci_blazedemo_travel --deep --force[0m
2026-01-18T23:41:10.0823131Z shell: /usr/bin/bash -e {0}
2026-01-18T23:41:10.0823365Z env:
2026-01-18T23:41:10.0823614Z   pythonLocation: /opt/hostedtoolcache/Python/3.11.14/x64
2026-01-18T23:41:10.0824058Z   PKG_CONFIG_PATH: /opt/hostedtoolcache/Python/3.11.14/x64/lib/pkgconfig
2026-01-18T23:41:10.0824491Z   Python_ROOT_DIR: /opt/hostedtoolcache/Python/3.11.14/x64
2026-01-18T23:41:10.0824854Z   Python2_ROOT_DIR: /opt/hostedtoolcache/Python/3.11.14/x64
2026-01-18T23:41:10.0825394Z   Python3_ROOT_DIR: /opt/hostedtoolcache/Python/3.11.14/x64
2026-01-18T23:41:10.0825765Z   LD_LIBRARY_PATH: /opt/hostedtoolcache/Python/3.11.14/x64/lib
2026-01-18T23:41:10.0826242Z   GOOGLE_API_KEY: ***
2026-01-18T23:41:10.0826487Z   PYTHONPATH: .
2026-01-18T23:41:10.0826667Z ##[endgroup]
2026-01-18T23:41:11.8269955Z 🚀 [DEEP] Extensive mapping enabled (Depth: 3, Pages: 50)
2026-01-18T23:41:11.8270364Z 
2026-01-18T23:41:11.8270857Z 🗺️ [DISCOVERY] Starting Parallel Semantic Crawl on https://blazedemo.com/ (Workers: 3)
2026-01-18T23:41:13.1585203Z   🔍 [Worker 0] Visiting (0): https://blazedemo.com/
2026-01-18T23:41:15.4278036Z [DEBUG] Sending request to gemini-2.0-flash. Number of parts: 1
2026-01-18T23:41:15.4278889Z [DEBUG] Received response (Length: 182)
2026-01-18T23:41:15.4279574Z   🔍 [Worker 1] Visiting (1): https://blazedemo.com/vacation.html
2026-01-18T23:41:15.4298183Z   🔍 [Worker 2] Visiting (1): https://blazedemo.com/index.php
2026-01-18T23:41:15.4313174Z   🔍 [Worker 0] Visiting (1): https://blazedemo.com/home
2026-01-18T23:41:20.3449909Z [CACHE HIT] fd8b1a4c... (hits: 1, misses: 2)
2026-01-18T23:41:20.3450679Z [DEBUG] Sending request to gemini-2.0-flash. Number of parts: 1
2026-01-18T23:41:20.3451538Z [DEBUG] Sending request to gemini-2.0-flash. Number of parts: 1
2026-01-18T23:41:20.3452243Z [DEBUG] Received response (Length: 154)
2026-01-18T23:41:20.3452783Z [DEBUG] Received response (Length: 213)
2026-01-18T23:41:20.3453660Z   🔍 [Worker 2] Visiting (2): https://blazedemo.com/register
2026-01-18T23:41:20.3456418Z   🔍 [Worker 1] Visiting (2): https://blazedemo.com/login
2026-01-18T23:41:20.3469354Z   🔍 [Worker 0] Visiting (2): https://blazedemo.com
2026-01-18T23:41:20.5539772Z [CACHE HIT] fd8b1a4c... (hits: 2, misses: 3)
2026-01-18T23:41:20.5541270Z   🔍 [Worker 0] Visiting (2): https://blazedemo.com/password/reset
2026-01-18T23:41:25.0068459Z [CACHE HIT] 6403e8b6... (hits: 3, misses: 5)
2026-01-18T23:41:25.0069335Z [DEBUG] Sending request to gemini-2.0-flash. Number of parts: 1
2026-01-18T23:41:25.0070076Z [DEBUG] Sending request to gemini-2.0-flash. Number of parts: 1
2026-01-18T23:41:25.0070647Z [DEBUG] Received response (Length: 126)
2026-01-18T23:41:25.0071089Z [DEBUG] Received response (Length: 185)
2026-01-18T23:41:25.0071697Z ✅ Discovery Complete. Mapped 8 pages.
2026-01-18T23:41:35.4353828Z 
2026-01-18T23:41:35.4354447Z [PLAN] PLANNER: Planning goal -> 'Book a flight' (Deep Mode: True)
2026-01-18T23:41:35.4355354Z 🗺️ [PLAN] Loaded Sitemap with 8 pages.
2026-01-18T23:41:35.4356844Z 🎭 [EXPERT] Detected Domain: GENERAL. Persona: Act as Senior SDET focusing on exploring the application to understand functional flow and identifying critical paths for end-to-end automation
2026-01-18T23:41:35.4358272Z [DEBUG] Sending request to gemini-2.0-flash. Number of parts: 1
2026-01-18T23:41:35.4359071Z [DEBUG] Received response (Length: 4975)
2026-01-18T23:41:35.4359612Z ✅ Planner generated 3 scenarios. Workflow updated.
2026-01-18T23:41:36.4485189Z 
2026-01-18T23:41:36.4486085Z 🕵️ [DEEP EXPLORER] Starting Multi-Scenario Exploration
2026-01-18T23:41:36.4486781Z 📋 Found 3 scenarios to explore.
2026-01-18T23:41:36.8160534Z 
2026-01-18T23:41:36.8161169Z [1/3] Exploring Scenario: Book a Flight - Basic Flow
2026-01-18T23:41:36.8164216Z     🧠 Initialized exploration context for goal: 'Book a flight'
2026-01-18T23:41:36.8164965Z   ▶️ [STEP step_1] NAVIGATE: 
2026-01-18T23:41:38.6977854Z     ✅ Navigated to https://blazedemo.com/
2026-01-18T23:41:38.6978970Z   ▶️ [STEP step_2] ASSERT_VISIBLE: BlazeDemo
2026-01-18T23:41:38.7161314Z     🔍 Mining locators for: 'BlazeDemo'
2026-01-18T23:41:38.7607572Z     🧠 Consulting AI (Vision-First) to find 'BlazeDemo'...
2026-01-18T23:41:38.7608535Z     🧠 [EXPERT] Strategy: Act as Senior SDET focusing on exploring the application to understand functional flow and identifying critical paths for end-to-end automation.
2026-01-18T23:41:40.9280244Z [DEBUG] Sending request to gemini-2.0-flash. Number of parts: 2
2026-01-18T23:41:40.9280721Z [DEBUG] Received response (Length: 359)
2026-01-18T23:41:40.9281667Z     🔄 Retry 1/3 mining locators for 'BlazeDemo'...
2026-01-18T23:41:41.9585014Z     🧠 Consulting AI (Vision-First) to find 'BlazeDemo'...
2026-01-18T23:41:41.9587197Z     🧠 [EXPERT] Strategy: Act as Senior SDET focusing on exploring the application to understand functional flow and identifying critical paths for end-to-end automation.
2026-01-18T23:41:41.9590151Z [CACHE HIT] f0dde7cd... (hits: 1, misses: 1)
2026-01-18T23:41:41.9591002Z     🔄 Retry 2/3 mining locators for 'BlazeDemo'...
2026-01-18T23:41:42.9603631Z     🗑️ Invalidating stale AI cache (retry 2)...
2026-01-18T23:41:42.9605162Z     ⚠️ Cache invalidation warning: No module named 'core.agents.domain_expert'
2026-01-18T23:41:42.9924651Z     🧠 Consulting AI (Vision-First) to find 'BlazeDemo'...
2026-01-18T23:41:42.9925951Z     🧠 [EXPERT] Strategy: Act as Senior SDET focusing on exploring the application to understand functional flow and identifying critical paths for end-to-end automation.
2026-01-18T23:41:42.9930792Z [CACHE HIT] f0dde7cd... (hits: 2, misses: 1)
2026-01-18T23:41:42.9931628Z     🧠 Verifying step validity for 'BlazeDemo' after mining failure...
2026-01-18T23:41:45.5957904Z [DEBUG] Sending request to gemini-2.0-flash. Number of parts: 2
2026-01-18T23:41:45.5958566Z [DEBUG] Received response (Length: 403)
2026-01-18T23:41:45.5959411Z     🛠️ Self-Correction: Step is valid. Using new locator: body > div.container > h1
2026-01-18T23:41:51.1117633Z     ⚠️ Scroll into view failed for body > div.container > h1. Proceeding anyway.
2026-01-18T23:41:53.1140618Z     ✅ State transitioned.
2026-01-18T23:41:54.7911413Z [DEBUG] Sending request to gemini-2.0-flash. Number of parts: 2
2026-01-18T23:41:54.7912173Z [DEBUG] Received response (Length: 225)
2026-01-18T23:41:54.7913086Z     🤖 AI Next Step Suggestion: click -> Find Flights
2026-01-18T23:41:54.7914546Z     💭 Reasoning: Now that the departure and destination cities are selected, clicking 'Find Flights' will display the available flights.
2026-01-18T23:41:54.7915776Z     ➕ Injected AI step: click -> Find Flights
2026-01-18T23:41:54.7916205Z   ▶️ [STEP step_2_ai_1] CLICK: Find Flights
2026-01-18T23:41:54.7970470Z     🔍 Mining locators for: 'Find Flights'
2026-01-18T23:41:54.8411458Z     🧠 Consulting AI (Vision-First) to find 'Find Flights'...
2026-01-18T23:41:54.8412913Z     🧠 [EXPERT] Strategy: Act as Senior SDET focusing on exploring the application to understand functional flow and identifying critical paths for end-to-end automation.
2026-01-18T23:42:00.4651517Z [DEBUG] Sending request to gemini-2.0-flash. Number of parts: 2
2026-01-18T23:42:00.4652030Z [DEBUG] Received response (Length: 495)
2026-01-18T23:42:00.4652616Z     ⚠️ Critical step failure: 'priority'
2026-01-18T23:42:00.4653021Z   ▶️ [STEP step_3] SELECT: fromPort
2026-01-18T23:42:00.4703773Z     🔍 Mining locators for: 'fromPort'
2026-01-18T23:42:00.5084675Z     🧠 Consulting AI (Vision-First) to find 'fromPort'...
2026-01-18T23:42:00.5085936Z     🧠 [EXPERT] Strategy: Act as Senior SDET focusing on exploring the application to understand functional flow and identifying critical paths for end-to-end automation.
2026-01-18T23:42:05.4378942Z [DEBUG] Sending request to gemini-2.0-flash. Number of parts: 2
2026-01-18T23:42:05.4379955Z [DEBUG] Received response (Length: 552)
2026-01-18T23:42:05.4380732Z     ⚠️ Critical step failure: 'priority'
2026-01-18T23:42:05.4381274Z   ▶️ [STEP step_4] SELECT: toPort
2026-01-18T23:42:05.4432984Z     🔍 Mining locators for: 'toPort'
2026-01-18T23:42:05.4750980Z     🧠 Consulting AI (Vision-First) to find 'toPort'...
2026-01-18T23:42:05.4752127Z     🧠 [EXPERT] Strategy: Act as Senior SDET focusing on exploring the application to understand functional flow and identifying critical paths for end-to-end automation.
2026-01-18T23:42:10.9482268Z [DEBUG] Sending request to gemini-2.0-flash. Number of parts: 2
2026-01-18T23:42:10.9483637Z [DEBUG] Received response (Length: 415)
2026-01-18T23:42:10.9484423Z     ⚠️ Critical step failure: 'priority'
2026-01-18T23:42:10.9487070Z   ▶️ [STEP step_5] CLICK: Find Flights
2026-01-18T23:42:10.9535737Z     🔍 Mining locators for: 'Find Flights'
2026-01-18T23:42:10.9914598Z     🧠 Consulting AI (Vision-First) to find 'Find Flights'...
2026-01-18T23:42:10.9916227Z     🧠 [EXPERT] Strategy: Act as Senior SDET focusing on exploring the application to understand functional flow and identifying critical paths for end-to-end automation.
2026-01-18T23:42:11.0041753Z [CACHE HIT] b83cd1d3... (hits: 3, misses: 6)
2026-01-18T23:42:11.0042428Z     ⚠️ Critical step failure: 'priority'
2026-01-18T23:42:11.0042996Z   ▶️ [STEP step_6] ASSERT_VISIBLE: flights
2026-01-18T23:42:11.0092751Z     🔍 Mining locators for: 'flights'
2026-01-18T23:42:11.0412161Z     🧠 Consulting AI (Vision-First) to find 'flights'...
2026-01-18T23:42:11.0413975Z     🧠 [EXPERT] Strategy: Act as Senior SDET focusing on exploring the application to understand functional flow and identifying critical paths for end-to-end automation.
2026-01-18T23:42:15.4928083Z [DEBUG] Sending request to gemini-2.0-flash. Number of parts: 2
2026-01-18T23:42:15.4928872Z [DEBUG] Received response (Length: 549)
2026-01-18T23:42:15.4929519Z     ⚠️ Critical step failure: 'priority'
2026-01-18T23:42:15.4930013Z   ▶️ [STEP step_7] CLICK: Choose This Flight
2026-01-18T23:42:15.4976767Z     🔍 Mining locators for: 'Choose This Flight'
2026-01-18T23:42:15.5413221Z     🧠 Consulting AI (Vision-First) to find 'Choose This Flight'...
2026-01-18T23:42:15.5414389Z     🧠 [EXPERT] Strategy: Act as Senior SDET focusing on exploring the application to understand functional flow and identifying critical paths for end-to-end automation.
2026-01-18T23:42:19.6107683Z [DEBUG] Sending request to gemini-2.0-flash. Number of parts: 2
2026-01-18T23:42:19.6108444Z [DEBUG] Received response (Length: 226)
2026-01-18T23:42:19.6110003Z     💡 Expert Suggestion: Clicking 'Find Flights' will navigate to the page containing 'Choose This Flight'.
2026-01-18T23:42:19.6111177Z     🛠️ Executing corrective action: click -> 'Find Flights'
2026-01-18T23:42:19.6574780Z     🔄 Retry 1/3 mining locators for 'Choose This Flight'...
2026-01-18T23:42:20.6901938Z     🧠 Consulting AI (Vision-First) to find 'Choose This Flight'...
2026-01-18T23:42:20.6903776Z     🧠 [EXPERT] Strategy: Act as Senior SDET focusing on exploring the application to understand functional flow and identifying critical paths for end-to-end automation.
2026-01-18T23:42:20.6906867Z [CACHE HIT] 40c6aa5a... (hits: 4, misses: 8)
2026-01-18T23:42:20.6907484Z     ⚠️ Skipping duplicate injection: Find Flights
2026-01-18T23:42:20.6908072Z     🔄 Retry 2/3 mining locators for 'Choose This Flight'...
2026-01-18T23:42:21.6920663Z     🗑️ Invalidating stale AI cache (retry 2)...
2026-01-18T23:42:21.6921948Z     ⚠️ Cache invalidation warning: No module named 'core.agents.domain_expert'
2026-01-18T23:42:21.7244901Z     🧠 Consulting AI (Vision-First) to find 'Choose This Flight'...
2026-01-18T23:42:21.7246169Z     🧠 [EXPERT] Strategy: Act as Senior SDET focusing on exploring the application to understand functional flow and identifying critical paths for end-to-end automation.
2026-01-18T23:42:21.7249759Z [CACHE HIT] 40c6aa5a... (hits: 5, misses: 8)
2026-01-18T23:42:21.7250484Z     ⚠️ Skipping duplicate injection: Find Flights
2026-01-18T23:42:21.7253214Z     🧠 Verifying step validity for 'Choose This Flight' after no candidates found...
2026-01-18T23:42:25.1790548Z [DEBUG] Sending request to gemini-2.0-flash. Number of parts: 2
2026-01-18T23:42:25.1791056Z [DEBUG] Received response (Length: 234)
2026-01-18T23:42:25.1792275Z     🗑️ Step deemed INVALID: "Choose This Flight" is not present on the current page. We are on the homepage where we select departure and destination cities. We need to click "Find Flights" first.. Removing from workflow.
2026-01-18T23:42:25.1793246Z     ⏭️ Skipping execution of invalid step: Choose This Flight
2026-01-18T23:42:25.1793809Z   ▶️ [STEP step_8] ASSERT_VISIBLE: Please provide all the information to purchase your flight:
2026-01-18T23:42:25.1846452Z     🔍 Mining locators for: 'Please provide all the information to purchase your flight:'
2026-01-18T23:42:25.2247308Z     🧠 Consulting AI (Vision-First) to find 'Please provide all the information to purchase your flight:'...
2026-01-18T23:42:25.2249457Z     🧠 [EXPERT] Strategy: Act as Senior SDET focusing on exploring the application to understand functional flow and identifying critical paths for end-to-end automation.
2026-01-18T23:42:29.6346766Z [DEBUG] Sending request to gemini-2.0-flash. Number of parts: 2
2026-01-18T23:42:29.6347530Z [DEBUG] Received response (Length: 265)
2026-01-18T23:42:29.6349557Z     💡 Expert Suggestion: Clicking 'Find Flights' will likely navigate to a page where the user can input their information to purchase the flight.
2026-01-18T23:42:29.6351225Z     🛠️ Executing corrective action: click -> 'Find Flights'
2026-01-18T23:42:29.6744608Z     🔄 Retry 1/3 mining locators for 'Please provide all the information to purchase your flight:'...
2026-01-18T23:42:30.7071892Z     🧠 Consulting AI (Vision-First) to find 'Please provide all the information to purchase your flight:'...
2026-01-18T23:42:30.7073108Z     🧠 [EXPERT] Strategy: Act as Senior SDET focusing on exploring the application to understand functional flow and identifying critical paths for end-to-end automation.
2026-01-18T23:42:30.7075837Z [CACHE HIT] 8f7be7c9... (hits: 6, misses: 10)
2026-01-18T23:42:30.7076457Z     ⚠️ Skipping duplicate injection: Find Flights
2026-01-18T23:42:30.7077051Z     🔄 Retry 2/3 mining locators for 'Please provide all the information to purchase your flight:'...
2026-01-18T23:42:31.7089432Z     🗑️ Invalidating stale AI cache (retry 2)...
2026-01-18T23:42:31.7091287Z     ⚠️ Cache invalidation warning: No module named 'core.agents.domain_expert'
2026-01-18T23:42:31.7415728Z     🧠 Consulting AI (Vision-First) to find 'Please provide all the information to purchase your flight:'...
2026-01-18T23:42:31.7417017Z     🧠 [EXPERT] Strategy: Act as Senior SDET focusing on exploring the application to understand functional flow and identifying critical paths for end-to-end automation.
2026-01-18T23:42:31.7420122Z [CACHE HIT] 8f7be7c9... (hits: 7, misses: 10)
2026-01-18T23:42:31.7420863Z     ⚠️ Skipping duplicate injection: Find Flights
2026-01-18T23:42:31.7421770Z     🧠 Verifying step validity for 'Please provide all the information to purchase your flight:' after no candidates found...
2026-01-18T23:42:35.0266928Z [DEBUG] Sending request to gemini-2.0-flash. Number of parts: 2
2026-01-18T23:42:35.0267634Z [DEBUG] Received response (Length: 249)
2026-01-18T23:42:35.0270411Z     🗑️ Step deemed INVALID: The text "Please provide all the information to purchase your flight:" is not visible on the current page. We are still on the homepage where we select departure and destination cities.. Removing from workflow.
2026-01-18T23:42:35.0273496Z     ⏭️ Skipping execution of invalid step: Please provide all the information to purchase your flight:
2026-01-18T23:42:35.0274546Z   ▶️ [STEP step_9] FILL: input Name
2026-01-18T23:42:35.0325601Z     🔍 Mining locators for: 'input Name'
2026-01-18T23:42:35.0739283Z     🧠 Consulting AI (Vision-First) to find 'input Name'...
2026-01-18T23:42:35.0740882Z     🧠 [EXPERT] Strategy: Act as Senior SDET focusing on exploring the application to understand functional flow and identifying critical paths for end-to-end automation.
2026-01-18T23:42:39.6897203Z [DEBUG] Sending request to gemini-2.0-flash. Number of parts: 2
2026-01-18T23:42:39.6897911Z [DEBUG] Received response (Length: 296)
2026-01-18T23:42:39.6900120Z     💡 Expert Suggestion: After selecting departure and destination cities, clicking 'Find Flights' should lead to a page where passenger details, including name, can be entered.
2026-01-18T23:42:39.6902018Z     🛠️ Executing corrective action: click -> 'Find Flights'
2026-01-18T23:42:39.7404023Z     🔄 Retry 1/3 mining locators for 'input Name'...
2026-01-18T23:42:40.7736621Z     🧠 Consulting AI (Vision-First) to find 'input Name'...
2026-01-18T23:42:40.7738079Z     🧠 [EXPERT] Strategy: Act as Senior SDET focusing on exploring the application to understand functional flow and identifying critical paths for end-to-end automation.
2026-01-18T23:42:40.7741406Z [CACHE HIT] 1b0ef20a... (hits: 8, misses: 12)
2026-01-18T23:42:40.7742141Z     ⚠️ Skipping duplicate injection: Find Flights
2026-01-18T23:42:40.7742568Z     🔄 Retry 2/3 mining locators for 'input Name'...
2026-01-18T23:42:41.7755002Z     🗑️ Invalidating stale AI cache (retry 2)...
2026-01-18T23:42:41.7756125Z     ⚠️ Cache invalidation warning: No module named 'core.agents.domain_expert'
2026-01-18T23:42:41.8073231Z     🧠 Consulting AI (Vision-First) to find 'input Name'...
2026-01-18T23:42:41.8074978Z     🧠 [EXPERT] Strategy: Act as Senior SDET focusing on exploring the application to understand functional flow and identifying critical paths for end-to-end automation.
2026-01-18T23:42:41.8078986Z [CACHE HIT] 1b0ef20a... (hits: 9, misses: 12)
2026-01-18T23:42:41.8079653Z     ⚠️ Skipping duplicate injection: Find Flights
2026-01-18T23:42:41.8080427Z     🧠 Verifying step validity for 'input Name' after no candidates found...
2026-01-18T23:42:44.6906316Z [DEBUG] Sending request to gemini-2.0-flash. Number of parts: 2
2026-01-18T23:42:44.6907144Z [DEBUG] Received response (Length: 290)
2026-01-18T23:42:44.6910211Z     🗑️ Step deemed INVALID: The page currently displays the flight selection options (departure and destination cities). There is no input field for 'Name' on this page. Therefore, attempting to interact with 'input Name' is not a valid step at this point.. Removing from workflow.
2026-01-18T23:42:44.6911707Z     ⏭️ Skipping execution of invalid step: input Name
2026-01-18T23:42:44.6912121Z   ▶️ [STEP step_10] FILL: address
2026-01-18T23:42:44.6962196Z     🔍 Mining locators for: 'address'
2026-01-18T23:42:44.7390316Z     🧠 Consulting AI (Vision-First) to find 'address'...
2026-01-18T23:42:44.7392530Z     🧠 [EXPERT] Strategy: Act as Senior SDET focusing on exploring the application to understand functional flow and identifying critical paths for end-to-end automation.
2026-01-18T23:42:49.6745543Z [DEBUG] Sending request to gemini-2.0-flash. Number of parts: 2
2026-01-18T23:42:49.6746013Z [DEBUG] Received response (Length: 348)
2026-01-18T23:42:49.6747532Z     💡 Expert Suggestion: After selecting departure and destination cities, clicking 'Find Flights' is the next logical step to potentially reach a page where address information might be requested for booking or contact purposes.
2026-01-18T23:42:49.6749038Z     🛠️ Executing corrective action: click -> 'Find Flights'
2026-01-18T23:42:49.7235735Z     🔄 Retry 1/3 mining locators for 'address'...
2026-01-18T23:42:50.7554184Z     🧠 Consulting AI (Vision-First) to find 'address'...
2026-01-18T23:42:50.7555958Z     🧠 [EXPERT] Strategy: Act as Senior SDET focusing on exploring the application to understand functional flow and identifying critical paths for end-to-end automation.
2026-01-18T23:42:50.7559680Z [CACHE HIT] 11cbee17... (hits: 10, misses: 14)
2026-01-18T23:42:50.7560365Z     ⚠️ Skipping duplicate injection: Find Flights
2026-01-18T23:42:50.7560962Z     🔄 Retry 2/3 mining locators for 'address'...
2026-01-18T23:42:51.7573108Z     🗑️ Invalidating stale AI cache (retry 2)...
2026-01-18T23:42:51.7574652Z     ⚠️ Cache invalidation warning: No module named 'core.agents.domain_expert'
2026-01-18T23:42:51.7895130Z     🧠 Consulting AI (Vision-First) to find 'address'...
2026-01-18T23:42:51.7896703Z     🧠 [EXPERT] Strategy: Act as Senior SDET focusing on exploring the application to understand functional flow and identifying critical paths for end-to-end automation.
2026-01-18T23:42:51.7901046Z [CACHE HIT] 11cbee17... (hits: 11, misses: 14)
2026-01-18T23:42:51.7901558Z     ⚠️ Skipping duplicate injection: Find Flights
2026-01-18T23:42:51.7902324Z     🧠 Verifying step validity for 'address' after no candidates found...
2026-01-18T23:42:54.5009901Z [DEBUG] Sending request to gemini-2.0-flash. Number of parts: 2
2026-01-18T23:42:54.5010618Z [DEBUG] Received response (Length: 217)
2026-01-18T23:42:54.5013363Z     🗑️ Step deemed INVALID: There is no element with the text 'address' on the page. The page displays options to choose departure and destination cities, and a 'Find Flights' button.. Removing from workflow.
2026-01-18T23:42:54.5015416Z     ⏭️ Skipping execution of invalid step: address
2026-01-18T23:42:54.5016109Z   ▶️ [STEP step_11] FILL: city
2026-01-18T23:42:54.5069357Z     🔍 Mining locators for: 'city'
2026-01-18T23:42:54.5544683Z     ✅ Found 4 verified locators
2026-01-18T23:42:59.5494800Z     ✅ State transitioned.
2026-01-18T23:42:59.5543111Z     🔄 Revisited state detected (count: 1)
2026-01-18T23:43:01.3417082Z [DEBUG] Sending request to gemini-2.0-flash. Number of parts: 2
2026-01-18T23:43:01.3417854Z [DEBUG] Received response (Length: 254)
2026-01-18T23:43:01.3418988Z     🤖 AI Next Step Suggestion: click -> Find Flights
2026-01-18T23:43:01.3421072Z     💭 Reasoning: After selecting the departure and destination cities, the next logical step is to click the 'Find Flights' button to proceed with the flight search.
2026-01-18T23:43:01.3423216Z ⚠️ Loop detected: same AI suggestion repeated 2 times. Moving to next step.
2026-01-18T23:43:01.3424191Z   ▶️ [STEP step_12] FILL: state
2026-01-18T23:43:01.3476307Z     🔍 Mining locators for: 'state'
2026-01-18T23:43:01.3891353Z     🧠 Consulting AI (Vision-First) to find 'state'...
2026-01-18T23:43:01.3892542Z     🧠 [EXPERT] Strategy: Act as Senior SDET focusing on exploring the application to understand functional flow and identifying critical paths for end-to-end automation.
2026-01-18T23:43:06.5111636Z [DEBUG] Sending request to gemini-2.0-flash. Number of parts: 2
2026-01-18T23:43:06.5112072Z [DEBUG] Received response (Length: 325)
2026-01-18T23:43:06.5113363Z     💡 Expert Suggestion: After selecting departure and destination cities, clicking 'Find Flights' should lead to a page where you can specify dates, number of passengers, and potentially state information.
2026-01-18T23:43:06.5114442Z     🛠️ Executing corrective action: click -> 'Find Flights'
2026-01-18T23:43:06.5558358Z     🔄 Retry 1/3 mining locators for 'state'...
2026-01-18T23:43:07.5899483Z     🧠 Consulting AI (Vision-First) to find 'state'...
2026-01-18T23:43:07.5900959Z     🧠 [EXPERT] Strategy: Act as Senior SDET focusing on exploring the application to understand functional flow and identifying critical paths for end-to-end automation.
2026-01-18T23:43:11.0963943Z [DEBUG] Sending request to gemini-2.0-flash. Number of parts: 2
2026-01-18T23:43:11.0964418Z [DEBUG] Received response (Length: 279)
2026-01-18T23:43:11.0965010Z     ⚠️ Skipping duplicate injection: Find Flights
2026-01-18T23:43:11.0965481Z     🔄 Retry 2/3 mining locators for 'state'...
2026-01-18T23:43:12.0977395Z     🗑️ Invalidating stale AI cache (retry 2)...
2026-01-18T23:43:12.0979060Z     ⚠️ Cache invalidation warning: No module named 'core.agents.domain_expert'
2026-01-18T23:43:12.1393829Z     🧠 Consulting AI (Vision-First) to find 'state'...
2026-01-18T23:43:12.1395821Z     🧠 [EXPERT] Strategy: Act as Senior SDET focusing on exploring the application to understand functional flow and identifying critical paths for end-to-end automation.
2026-01-18T23:43:12.1399786Z [CACHE HIT] c80f8017... (hits: 12, misses: 18)
2026-01-18T23:43:12.1400658Z     ⚠️ Skipping duplicate injection: Find Flights
2026-01-18T23:43:12.1401477Z     🧠 Verifying step validity for 'state' after no candidates found...
2026-01-18T23:43:16.1562213Z [DEBUG] Sending request to gemini-2.0-flash. Number of parts: 2
2026-01-18T23:43:16.1562672Z [DEBUG] Received response (Length: 300)
2026-01-18T23:43:16.1564315Z     🗑️ Step deemed INVALID: The term 'state' does not appear on the page. The page presents options for departure and destination cities. It's likely the intended interaction target is one of these dropdowns, but without further context, 'state' is not identifiable.. Removing from workflow.
2026-01-18T23:43:16.1565652Z     ⏭️ Skipping execution of invalid step: state
2026-01-18T23:43:16.1566047Z   ▶️ [STEP step_13] FILL: zipCode
2026-01-18T23:43:16.1617584Z     🔍 Mining locators for: 'zipCode'
2026-01-18T23:43:16.2056190Z     🧠 Consulting AI (Vision-First) to find 'zipCode'...
2026-01-18T23:43:16.2057688Z     🧠 [EXPERT] Strategy: Act as Senior SDET focusing on exploring the application to understand functional flow and identifying critical paths for end-to-end automation.
2026-01-18T23:43:20.9532473Z [DEBUG] Sending request to gemini-2.0-flash. Number of parts: 2
2026-01-18T23:43:20.9533169Z [DEBUG] Received response (Length: 265)
2026-01-18T23:43:20.9534977Z     💡 Expert Suggestion: Clicking 'Find Flights' will likely lead to a page where you can enter more detailed information, including the zip code.
2026-01-18T23:43:20.9536630Z     🛠️ Executing corrective action: click -> 'Find Flights'
2026-01-18T23:43:20.9880804Z     🔄 Retry 1/3 mining locators for 'zipCode'...
2026-01-18T23:43:22.0314187Z     🧠 Consulting AI (Vision-First) to find 'zipCode'...
2026-01-18T23:43:22.0315437Z     🧠 [EXPERT] Strategy: Act as Senior SDET focusing on exploring the application to understand functional flow and identifying critical paths for end-to-end automation.
2026-01-18T23:43:22.0319106Z [CACHE HIT] 25577f92... (hits: 13, misses: 20)
2026-01-18T23:43:22.0319825Z     ⚠️ Skipping duplicate injection: Find Flights
2026-01-18T23:43:22.0320222Z     🔄 Retry 2/3 mining locators for 'zipCode'...
2026-01-18T23:43:23.0332744Z     🗑️ Invalidating stale AI cache (retry 2)...
2026-01-18T23:43:23.0334268Z     ⚠️ Cache invalidation warning: No module named 'core.agents.domain_expert'
2026-01-18T23:43:23.0717737Z     🧠 Consulting AI (Vision-First) to find 'zipCode'...
2026-01-18T23:43:23.0719180Z     🧠 [EXPERT] Strategy: Act as Senior SDET focusing on exploring the application to understand functional flow and identifying critical paths for end-to-end automation.
2026-01-18T23:43:23.0733930Z [CACHE HIT] 25577f92... (hits: 14, misses: 20)
2026-01-18T23:43:23.0734605Z     ⚠️ Skipping duplicate injection: Find Flights
2026-01-18T23:43:23.0735249Z     🧠 Verifying step validity for 'zipCode' after no candidates found...
2026-01-18T23:43:25.9108211Z [DEBUG] Sending request to gemini-2.0-flash. Number of parts: 2
2026-01-18T23:43:25.9109173Z [DEBUG] Received response (Length: 194)
2026-01-18T23:43:25.9111380Z     🗑️ Step deemed INVALID: The element 'zipCode' is not present on the current page. The page only contains options to choose a departure and destination city.. Removing from workflow.
2026-01-18T23:43:25.9113245Z     ⏭️ Skipping execution of invalid step: zipCode
2026-01-18T23:43:25.9113968Z   ▶️ [STEP step_14] SELECT: cardType
2026-01-18T23:43:25.9167822Z     🔍 Mining locators for: 'cardType'
2026-01-18T23:43:25.9546583Z     🧠 Consulting AI (Vision-First) to find 'cardType'...
2026-01-18T23:43:25.9548016Z     🧠 [EXPERT] Strategy: Act as Senior SDET focusing on exploring the application to understand functional flow and identifying critical paths for end-to-end automation.
2026-01-18T23:43:30.9348378Z [DEBUG] Sending request to gemini-2.0-flash. Number of parts: 2
2026-01-18T23:43:30.9349846Z [DEBUG] Received response (Length: 269)
2026-01-18T23:43:30.9352098Z     💡 Expert Suggestion: The 'cardType' field is likely on the next page after selecting departure and destination cities and clicking 'Find Flights'.
2026-01-18T23:43:30.9353952Z     🛠️ Executing corrective action: click -> 'Find Flights'
2026-01-18T23:43:30.9876442Z     🔄 Retry 1/3 mining locators for 'cardType'...
2026-01-18T23:43:32.0216390Z     🧠 Consulting AI (Vision-First) to find 'cardType'...
2026-01-18T23:43:32.0217823Z     🧠 [EXPERT] Strategy: Act as Senior SDET focusing on exploring the application to understand functional flow and identifying critical paths for end-to-end automation.
2026-01-18T23:43:32.0222505Z [CACHE HIT] c1d8374e... (hits: 15, misses: 22)
2026-01-18T23:43:32.0223015Z     ⚠️ Skipping duplicate injection: Find Flights
2026-01-18T23:43:32.0223401Z     🔄 Retry 2/3 mining locators for 'cardType'...
2026-01-18T23:43:33.0236554Z     🗑️ Invalidating stale AI cache (retry 2)...
2026-01-18T23:43:33.0237671Z     ⚠️ Cache invalidation warning: No module named 'core.agents.domain_expert'
2026-01-18T23:43:33.0540671Z     🧠 Consulting AI (Vision-First) to find 'cardType'...
2026-01-18T23:43:33.0542056Z     🧠 [EXPERT] Strategy: Act as Senior SDET focusing on exploring the application to understand functional flow and identifying critical paths for end-to-end automation.
2026-01-18T23:43:33.0547378Z [CACHE HIT] c1d8374e... (hits: 16, misses: 22)
2026-01-18T23:43:33.0548126Z     ⚠️ Skipping duplicate injection: Find Flights
2026-01-18T23:43:33.0548908Z     🧠 Verifying step validity for 'cardType' after no candidates found...
2026-01-18T23:43:36.0377582Z [DEBUG] Sending request to gemini-2.0-flash. Number of parts: 2
2026-01-18T23:43:36.0378307Z [DEBUG] Received response (Length: 303)
2026-01-18T23:43:36.0381686Z     🗑️ Step deemed INVALID: The page only contains options to choose departure and destination cities. There is no card type selection on this page. We need to proceed to the next page after selecting cities and clicking 'Find Flights' before interacting with cardType.. Removing from workflow.
2026-01-18T23:43:36.0384558Z     ⏭️ Skipping execution of invalid step: cardType
2026-01-18T23:43:36.0385345Z   ▶️ [STEP step_15] FILL: creditCardNumber
2026-01-18T23:43:36.0438124Z     🔍 Mining locators for: 'creditCardNumber'
2026-01-18T23:43:36.0717330Z     🧠 Consulting AI (Vision-First) to find 'creditCardNumber'...
2026-01-18T23:43:36.0718511Z     🧠 [EXPERT] Strategy: Act as Senior SDET focusing on exploring the application to understand functional flow and identifying critical paths for end-to-end automation.
2026-01-18T23:43:41.0536150Z [DEBUG] Sending request to gemini-2.0-flash. Number of parts: 2
2026-01-18T23:43:41.0536566Z [DEBUG] Received response (Length: 272)
2026-01-18T23:43:41.0537549Z     💡 Expert Suggestion: Clicking 'Find Flights' will likely navigate to a page where payment information, including the credit card number, is required.
2026-01-18T23:43:41.0538370Z     🛠️ Executing corrective action: click -> 'Find Flights'
2026-01-18T23:43:41.1040143Z     🔄 Retry 1/3 mining locators for 'creditCardNumber'...
2026-01-18T23:43:42.1380887Z     🧠 Consulting AI (Vision-First) to find 'creditCardNumber'...
2026-01-18T23:43:42.1382096Z     🧠 [EXPERT] Strategy: Act as Senior SDET focusing on exploring the application to understand functional flow and identifying critical paths for end-to-end automation.
2026-01-18T23:43:42.1385472Z [CACHE HIT] 38093dcb... (hits: 17, misses: 24)
2026-01-18T23:43:42.1386133Z     ⚠️ Skipping duplicate injection: Find Flights
2026-01-18T23:43:42.1386572Z     🔄 Retry 2/3 mining locators for 'creditCardNumber'...
2026-01-18T23:43:43.1399542Z     🗑️ Invalidating stale AI cache (retry 2)...
2026-01-18T23:43:43.1400775Z     ⚠️ Cache invalidation warning: No module named 'core.agents.domain_expert'
2026-01-18T23:43:43.1712247Z     🧠 Consulting AI (Vision-First) to find 'creditCardNumber'...
2026-01-18T23:43:43.1714228Z     🧠 [EXPERT] Strategy: Act as Senior SDET focusing on exploring the application to understand functional flow and identifying critical paths for end-to-end automation.
2026-01-18T23:43:43.1718001Z [CACHE HIT] 38093dcb... (hits: 18, misses: 24)
2026-01-18T23:43:43.1719075Z     ⚠️ Skipping duplicate injection: Find Flights
2026-01-18T23:43:43.1719987Z     🧠 Verifying step validity for 'creditCardNumber' after no candidates found...
2026-01-18T23:43:45.9436991Z [DEBUG] Sending request to gemini-2.0-flash. Number of parts: 2
2026-01-18T23:43:45.9437674Z [DEBUG] Received response (Length: 318)
2026-01-18T23:43:45.9439483Z     🗑️ Step deemed INVALID: The 'creditCardNumber' element is not present on the current page. We are on the initial page where the user selects departure and destination cities. We need to click 'Find Flights' first to proceed to the next page where payment information is collected.. Removing from workflow.
2026-01-18T23:43:45.9440768Z     ⏭️ Skipping execution of invalid step: creditCardNumber
2026-01-18T23:43:45.9441168Z   ▶️ [STEP step_16] FILL: creditCardMonth
2026-01-18T23:43:45.9494815Z     🔍 Mining locators for: 'creditCardMonth'
2026-01-18T23:43:45.9879147Z     🧠 Consulting AI (Vision-First) to find 'creditCardMonth'...
2026-01-18T23:43:45.9880744Z     🧠 [EXPERT] Strategy: Act as Senior SDET focusing on exploring the application to understand functional flow and identifying critical paths for end-to-end automation.
2026-01-18T23:43:50.9243742Z [DEBUG] Sending request to gemini-2.0-flash. Number of parts: 2
2026-01-18T23:43:50.9244596Z [DEBUG] Received response (Length: 276)
2026-01-18T23:43:50.9246772Z     💡 Expert Suggestion: The credit card month field is likely on the next page after selecting departure and destination cities and clicking 'Find Flights'.
2026-01-18T23:43:50.9249117Z     🛠️ Executing corrective action: click -> 'Find Flights'
2026-01-18T23:43:50.9710036Z     🔄 Retry 1/3 mining locators for 'creditCardMonth'...
2026-01-18T23:43:52.0036532Z     🧠 Consulting AI (Vision-First) to find 'creditCardMonth'...
2026-01-18T23:43:52.0038331Z     🧠 [EXPERT] Strategy: Act as Senior SDET focusing on exploring the application to understand functional flow and identifying critical paths for end-to-end automation.
2026-01-18T23:43:52.0041569Z [CACHE HIT] db6d5f2f... (hits: 19, misses: 26)
2026-01-18T23:43:52.0042209Z     ⚠️ Skipping duplicate injection: Find Flights
2026-01-18T23:43:52.0042843Z     🔄 Retry 2/3 mining locators for 'creditCardMonth'...
2026-01-18T23:43:53.0055362Z     🗑️ Invalidating stale AI cache (retry 2)...
2026-01-18T23:43:53.0056666Z     ⚠️ Cache invalidation warning: No module named 'core.agents.domain_expert'
2026-01-18T23:43:53.0376525Z     🧠 Consulting AI (Vision-First) to find 'creditCardMonth'...
2026-01-18T23:43:53.0378024Z     🧠 [EXPERT] Strategy: Act as Senior SDET focusing on exploring the application to understand functional flow and identifying critical paths for end-to-end automation.
2026-01-18T23:43:53.0382490Z [CACHE HIT] db6d5f2f... (hits: 20, misses: 26)
2026-01-18T23:43:53.0383212Z     ⚠️ Skipping duplicate injection: Find Flights
2026-01-18T23:43:53.0383724Z     🧠 Verifying step validity for 'creditCardMonth' after no candidates found...
2026-01-18T23:43:56.0444432Z [DEBUG] Sending request to gemini-2.0-flash. Number of parts: 2
2026-01-18T23:43:56.0445190Z [DEBUG] Received response (Length: 292)
2026-01-18T23:43:56.0446979Z     🗑️ Step deemed INVALID: The 'creditCardMonth' element is not present on the current page (https://blazedemo.com/). We are on the initial flight selection page, and the credit card information is collected on a later page after a flight has been selected.. Removing from workflow.
2026-01-18T23:43:56.0448266Z     ⏭️ Skipping execution of invalid step: creditCardMonth
2026-01-18T23:43:56.0448862Z   ▶️ [STEP step_17] FILL: nameOnCard
2026-01-18T23:43:56.0501460Z     🔍 Mining locators for: 'nameOnCard'
2026-01-18T23:43:56.0871534Z     🧠 Consulting AI (Vision-First) to find 'nameOnCard'...
2026-01-18T23:43:56.0872923Z     🧠 [EXPERT] Strategy: Act as Senior SDET focusing on exploring the application to understand functional flow and identifying critical paths for end-to-end automation.
2026-01-18T23:44:00.9820289Z [DEBUG] Sending request to gemini-2.0-flash. Number of parts: 2
2026-01-18T23:44:00.9820780Z [DEBUG] Received response (Length: 256)
2026-01-18T23:44:00.9821790Z     💡 Expert Suggestion: The 'nameOnCard' field is expected to be on the payment page, which is usually accessed after selecting flights.
2026-01-18T23:44:00.9822643Z     🛠️ Executing corrective action: click -> 'Find Flights'
2026-01-18T23:44:01.0201822Z     🔄 Retry 1/3 mining locators for 'nameOnCard'...
2026-01-18T23:44:02.0533599Z     🧠 Consulting AI (Vision-First) to find 'nameOnCard'...
2026-01-18T23:44:02.0535175Z     🧠 [EXPERT] Strategy: Act as Senior SDET focusing on exploring the application to understand functional flow and identifying critical paths for end-to-end automation.
2026-01-18T23:44:02.0538319Z [CACHE HIT] 806f88a4... (hits: 21, misses: 28)
2026-01-18T23:44:02.0539195Z     ⚠️ Skipping duplicate injection: Find Flights
2026-01-18T23:44:02.0539830Z     🔄 Retry 2/3 mining locators for 'nameOnCard'...
2026-01-18T23:44:03.0543681Z     🗑️ Invalidating stale AI cache (retry 2)...
2026-01-18T23:44:03.0545076Z     ⚠️ Cache invalidation warning: No module named 'core.agents.domain_expert'
2026-01-18T23:44:03.0867676Z     🧠 Consulting AI (Vision-First) to find 'nameOnCard'...
2026-01-18T23:44:03.0869428Z     🧠 [EXPERT] Strategy: Act as Senior SDET focusing on exploring the application to understand functional flow and identifying critical paths for end-to-end automation.
2026-01-18T23:44:03.0872571Z [CACHE HIT] 806f88a4... (hits: 22, misses: 28)
2026-01-18T23:44:03.0873193Z     ⚠️ Skipping duplicate injection: Find Flights
2026-01-18T23:44:03.0873968Z     🧠 Verifying step validity for 'nameOnCard' after no candidates found...
2026-01-18T23:44:05.8632441Z [DEBUG] Sending request to gemini-2.0-flash. Number of parts: 2
2026-01-18T23:44:05.8633177Z [DEBUG] Received response (Length: 231)
2026-01-18T23:44:05.8635287Z     🗑️ Step deemed INVALID: "nameOnCard" is part of the payment form, which is not visible on the current page (https://blazedemo.com/). We need to select flights first to reach the payment page.. Removing from workflow.
2026-01-18T23:44:05.8636485Z     ⏭️ Skipping execution of invalid step: nameOnCard
2026-01-18T23:44:05.8636902Z   ▶️ [STEP step_18] CLICK: Purchase Flight
2026-01-18T23:44:05.8686117Z     🔍 Mining locators for: 'Purchase Flight'
2026-01-18T23:44:05.9033754Z     🧠 Consulting AI (Vision-First) to find 'Purchase Flight'...
2026-01-18T23:44:05.9035211Z     🧠 [EXPERT] Strategy: Act as Senior SDET focusing on exploring the application to understand functional flow and identifying critical paths for end-to-end automation.
2026-01-18T23:44:11.0141879Z [DEBUG] Sending request to gemini-2.0-flash. Number of parts: 2
2026-01-18T23:44:11.0142584Z [DEBUG] Received response (Length: 229)
2026-01-18T23:44:11.0143558Z     💡 Expert Suggestion: Clicking 'Find Flights' will likely lead to a page where you can purchase the flight.
2026-01-18T23:44:11.0144361Z     🛠️ Executing corrective action: click -> 'Find Flights'
2026-01-18T23:44:11.0533119Z     🔄 Retry 1/3 mining locators for 'Purchase Flight'...
2026-01-18T23:44:12.0862495Z     🧠 Consulting AI (Vision-First) to find 'Purchase Flight'...
2026-01-18T23:44:12.0864142Z     🧠 [EXPERT] Strategy: Act as Senior SDET focusing on exploring the application to understand functional flow and identifying critical paths for end-to-end automation.
2026-01-18T23:44:12.0868124Z [CACHE HIT] e70107db... (hits: 23, misses: 30)
2026-01-18T23:44:12.0868982Z     ⚠️ Skipping duplicate injection: Find Flights
2026-01-18T23:44:12.0869665Z     🔄 Retry 2/3 mining locators for 'Purchase Flight'...
2026-01-18T23:44:13.0873030Z     🗑️ Invalidating stale AI cache (retry 2)...
2026-01-18T23:44:13.0874000Z     ⚠️ Cache invalidation warning: No module named 'core.agents.domain_expert'
2026-01-18T23:44:13.1201932Z     🧠 Consulting AI (Vision-First) to find 'Purchase Flight'...
2026-01-18T23:44:13.1203357Z     🧠 [EXPERT] Strategy: Act as Senior SDET focusing on exploring the application to understand functional flow and identifying critical paths for end-to-end automation.
2026-01-18T23:44:13.1206669Z [CACHE HIT] e70107db... (hits: 24, misses: 30)
2026-01-18T23:44:13.1207291Z     ⚠️ Skipping duplicate injection: Find Flights
2026-01-18T23:44:13.1207961Z     🧠 Verifying step validity for 'Purchase Flight' after no candidates found...
2026-01-18T23:44:15.9862300Z [DEBUG] Sending request to gemini-2.0-flash. Number of parts: 2
2026-01-18T23:44:15.9862994Z [DEBUG] Received response (Length: 317)
2026-01-18T23:44:15.9865526Z     🗑️ Step deemed INVALID: The 'Purchase Flight' button is not present on this page. The current page displays the flight selection form. We need to first click 'Find Flights' to proceed to the next page where flights are listed, and then select a flight to reach the purchase page.. Removing from workflow.
2026-01-18T23:44:15.9867102Z     ⏭️ Skipping execution of invalid step: Purchase Flight
2026-01-18T23:44:15.9867660Z   ▶️ [STEP step_19] ASSERT_VISIBLE: Thank you for your purchase today!
2026-01-18T23:44:15.9917275Z     🔍 Mining locators for: 'Thank you for your purchase today!'
2026-01-18T23:44:16.0355435Z     🧠 Consulting AI (Vision-First) to find 'Thank you for your purchase today!'...
2026-01-18T23:44:16.0357243Z     🧠 [EXPERT] Strategy: Act as Senior SDET focusing on exploring the application to understand functional flow and identifying critical paths for end-to-end automation.
2026-01-18T23:44:20.9812730Z [DEBUG] Sending request to gemini-2.0-flash. Number of parts: 2
2026-01-18T23:44:20.9813499Z [DEBUG] Received response (Length: 253)
2026-01-18T23:44:20.9815073Z     💡 Expert Suggestion: Clicking 'Find Flights' should lead to a confirmation page with the text 'Thank you for your purchase today!'
2026-01-18T23:44:20.9816312Z     🛠️ Executing corrective action: click -> 'Find Flights'
2026-01-18T23:44:21.0192326Z     🔄 Retry 1/3 mining locators for 'Thank you for your purchase today!'...
2026-01-18T23:44:22.0521526Z     🧠 Consulting AI (Vision-First) to find 'Thank you for your purchase today!'...
2026-01-18T23:44:22.0523229Z     🧠 [EXPERT] Strategy: Act as Senior SDET focusing on exploring the application to understand functional flow and identifying critical paths for end-to-end automation.
2026-01-18T23:44:22.0527346Z [CACHE HIT] 6a607d23... (hits: 25, misses: 32)
2026-01-18T23:44:22.0528071Z     ⚠️ Skipping duplicate injection: Find Flights
2026-01-18T23:44:22.0528568Z     🔄 Retry 2/3 mining locators for 'Thank you for your purchase today!'...
2026-01-18T23:44:23.0535145Z     🗑️ Invalidating stale AI cache (retry 2)...
2026-01-18T23:44:23.0536626Z     ⚠️ Cache invalidation warning: No module named 'core.agents.domain_expert'
2026-01-18T23:44:23.0856849Z     🧠 Consulting AI (Vision-First) to find 'Thank you for your purchase today!'...
2026-01-18T23:44:23.0858562Z     🧠 [EXPERT] Strategy: Act as Senior SDET focusing on exploring the application to understand functional flow and identifying critical paths for end-to-end automation.
2026-01-18T23:44:23.0862360Z [CACHE HIT] 6a607d23... (hits: 26, misses: 32)
2026-01-18T23:44:23.0863090Z     ⚠️ Skipping duplicate injection: Find Flights
2026-01-18T23:44:23.0863779Z     🧠 Verifying step validity for 'Thank you for your purchase today!' after no candidates found...
2026-01-18T23:44:25.9502313Z [DEBUG] Sending request to gemini-2.0-flash. Number of parts: 2
2026-01-18T23:44:25.9503137Z [DEBUG] Received response (Length: 200)
2026-01-18T23:44:25.9505277Z     🗑️ Step deemed INVALID: "Thank you for your purchase today!" is not present on the page. We are on the initial flight selection page, not the confirmation page.. Removing from workflow.
2026-01-18T23:44:25.9506763Z     ⏭️ Skipping execution of invalid step: Thank you for your purchase today!
2026-01-18T23:44:27.9976207Z 
2026-01-18T23:44:27.9976788Z [2/3] Exploring Scenario: Book a Flight - No Destination Selected
2026-01-18T23:44:27.9979946Z     🧠 Initialized exploration context for goal: 'Book a flight'
2026-01-18T23:44:27.9980624Z   ▶️ [STEP step_1] NAVIGATE: 
2026-01-18T23:44:29.1959657Z     ✅ Navigated to https://blazedemo.com/
2026-01-18T23:44:29.1960997Z   ▶️ [STEP step_2] ASSERT_VISIBLE: BlazeDemo
2026-01-18T23:44:29.2143451Z     🔍 Mining locators for: 'BlazeDemo'
2026-01-18T23:44:29.2525449Z     🧠 Consulting AI (Vision-First) to find 'BlazeDemo'...
2026-01-18T23:44:29.2526637Z     🧠 [EXPERT] Strategy: Act as Senior SDET focusing on exploring the application to understand functional flow and identifying critical paths for end-to-end automation.
2026-01-18T23:44:29.2530083Z [CACHE HIT] f0dde7cd... (hits: 27, misses: 33)
2026-01-18T23:44:29.2530614Z     🔄 Retry 1/3 mining locators for 'BlazeDemo'...
2026-01-18T23:44:30.2853607Z     🧠 Consulting AI (Vision-First) to find 'BlazeDemo'...
2026-01-18T23:44:30.2854750Z     🧠 [EXPERT] Strategy: Act as Senior SDET focusing on exploring the application to understand functional flow and identifying critical paths for end-to-end automation.
2026-01-18T23:44:30.2858136Z [CACHE HIT] f0dde7cd... (hits: 28, misses: 33)
2026-01-18T23:44:30.2858892Z     🔄 Retry 2/3 mining locators for 'BlazeDemo'...
2026-01-18T23:44:31.2871180Z     🗑️ Invalidating stale AI cache (retry 2)...
2026-01-18T23:44:31.2872415Z     ⚠️ Cache invalidation warning: No module named 'core.agents.domain_expert'
2026-01-18T23:44:31.3202698Z     🧠 Consulting AI (Vision-First) to find 'BlazeDemo'...
2026-01-18T23:44:31.3204228Z     🧠 [EXPERT] Strategy: Act as Senior SDET focusing on exploring the application to understand functional flow and identifying critical paths for end-to-end automation.
2026-01-18T23:44:31.3208121Z [CACHE HIT] f0dde7cd... (hits: 29, misses: 33)
2026-01-18T23:44:31.3209107Z     🧠 Verifying step validity for 'BlazeDemo' after mining failure...
2026-01-18T23:44:31.3212834Z [CACHE HIT] 63da64ac... (hits: 30, misses: 33)
2026-01-18T23:44:31.3213429Z     🛠️ Self-Correction: Step is valid. Using new locator: body > div.container > h1
2026-01-18T23:44:36.8323005Z     ⚠️ Scroll into view failed for body > div.container > h1. Proceeding anyway.
2026-01-18T23:44:38.8345686Z     ✅ State transitioned.
2026-01-18T23:44:38.9023502Z [CACHE HIT] ce2d62e8... (hits: 31, misses: 33)
2026-01-18T23:44:38.9024237Z     🤖 AI Next Step Suggestion: click -> Find Flights
2026-01-18T23:44:38.9024975Z     💭 Reasoning: Now that the departure and destination cities are selected, clicking 'Find Flights' will display the available flights.
2026-01-18T23:44:38.9025627Z     ➕ Injected AI step: click -> Find Flights
2026-01-18T23:44:38.9025986Z   ▶️ [STEP step_2_ai_1] CLICK: Find Flights
2026-01-18T23:44:38.9072278Z     🔍 Mining locators for: 'Find Flights'
2026-01-18T23:44:38.9346056Z     🧠 Consulting AI (Vision-First) to find 'Find Flights'...
2026-01-18T23:44:38.9347626Z     🧠 [EXPERT] Strategy: Act as Senior SDET focusing on exploring the application to understand functional flow and identifying critical paths for end-to-end automation.
2026-01-18T23:44:38.9469716Z [CACHE HIT] b83cd1d3... (hits: 32, misses: 33)
2026-01-18T23:44:38.9470418Z     ⚠️ Critical step failure: 'priority'
2026-01-18T23:44:38.9470904Z   ▶️ [STEP step_3] SELECT: fromPort
2026-01-18T23:44:38.9529533Z     🔍 Mining locators for: 'fromPort'
2026-01-18T23:44:38.9842857Z     🧠 Consulting AI (Vision-First) to find 'fromPort'...
2026-01-18T23:44:38.9844755Z     🧠 [EXPERT] Strategy: Act as Senior SDET focusing on exploring the application to understand functional flow and identifying critical paths for end-to-end automation.
2026-01-18T23:44:38.9938137Z [CACHE HIT] e1642562... (hits: 33, misses: 33)
2026-01-18T23:44:38.9939035Z     ⚠️ Critical step failure: 'priority'
2026-01-18T23:44:38.9939614Z   ▶️ [STEP step_4] CLICK: Find Flights
2026-01-18T23:44:38.9987757Z     🔍 Mining locators for: 'Find Flights'
2026-01-18T23:44:39.0343437Z     🧠 Consulting AI (Vision-First) to find 'Find Flights'...
2026-01-18T23:44:39.0345109Z     🧠 [EXPERT] Strategy: Act as Senior SDET focusing on exploring the application to understand functional flow and identifying critical paths for end-to-end automation.
2026-01-18T23:44:39.0456876Z [CACHE HIT] b83cd1d3... (hits: 34, misses: 33)
2026-01-18T23:44:39.0457898Z     ⚠️ Critical step failure: 'priority'
2026-01-18T23:44:39.0458532Z   ▶️ [STEP step_5] ASSERT_VISIBLE: flights
2026-01-18T23:44:39.0505010Z     🔍 Mining locators for: 'flights'
2026-01-18T23:44:39.0850626Z     🧠 Consulting AI (Vision-First) to find 'flights'...
2026-01-18T23:44:39.0851972Z     🧠 [EXPERT] Strategy: Act as Senior SDET focusing on exploring the application to understand functional flow and identifying critical paths for end-to-end automation.
2026-01-18T23:44:39.0948091Z [CACHE HIT] 7e89915a... (hits: 35, misses: 33)
2026-01-18T23:44:39.0948590Z     ⚠️ Critical step failure: 'priority'
2026-01-18T23:44:41.1269536Z 
2026-01-18T23:44:41.1271073Z [3/3] Exploring Scenario: Book a Flight - Same Origin and Destination
2026-01-18T23:44:41.1272601Z     🧠 Initialized exploration context for goal: 'Book a flight'
2026-01-18T23:44:41.1273498Z   ▶️ [STEP step_1] NAVIGATE: 
2026-01-18T23:44:42.1824228Z     ✅ Navigated to https://blazedemo.com/
2026-01-18T23:44:42.1824999Z   ▶️ [STEP step_2] ASSERT_VISIBLE: BlazeDemo
2026-01-18T23:44:42.1995238Z     🔍 Mining locators for: 'BlazeDemo'
2026-01-18T23:44:42.2352560Z     🧠 Consulting AI (Vision-First) to find 'BlazeDemo'...
2026-01-18T23:44:42.2353807Z     🧠 [EXPERT] Strategy: Act as Senior SDET focusing on exploring the application to understand functional flow and identifying critical paths for end-to-end automation.
2026-01-18T23:44:42.2357100Z [CACHE HIT] f0dde7cd... (hits: 36, misses: 33)
2026-01-18T23:44:42.2357646Z     🔄 Retry 1/3 mining locators for 'BlazeDemo'...
2026-01-18T23:44:43.2675497Z     🧠 Consulting AI (Vision-First) to find 'BlazeDemo'...
2026-01-18T23:44:43.2677122Z     🧠 [EXPERT] Strategy: Act as Senior SDET focusing on exploring the application to understand functional flow and identifying critical paths for end-to-end automation.
2026-01-18T23:44:43.2681407Z [CACHE HIT] f0dde7cd... (hits: 37, misses: 33)
2026-01-18T23:44:43.2682092Z     🔄 Retry 2/3 mining locators for 'BlazeDemo'...
2026-01-18T23:44:44.2693606Z     🗑️ Invalidating stale AI cache (retry 2)...
2026-01-18T23:44:44.2694823Z     ⚠️ Cache invalidation warning: No module named 'core.agents.domain_expert'
2026-01-18T23:44:44.3004871Z     🧠 Consulting AI (Vision-First) to find 'BlazeDemo'...
2026-01-18T23:44:44.3006617Z     🧠 [EXPERT] Strategy: Act as Senior SDET focusing on exploring the application to understand functional flow and identifying critical paths for end-to-end automation.
2026-01-18T23:44:44.3010088Z [CACHE HIT] f0dde7cd... (hits: 38, misses: 33)
2026-01-18T23:44:44.3010879Z     🧠 Verifying step validity for 'BlazeDemo' after mining failure...
2026-01-18T23:44:44.3014948Z [CACHE HIT] 63da64ac... (hits: 39, misses: 33)
2026-01-18T23:44:44.3015751Z     🛠️ Self-Correction: Step is valid. Using new locator: body > div.container > h1
2026-01-18T23:44:49.8127055Z     ⚠️ Scroll into view failed for body > div.container > h1. Proceeding anyway.
2026-01-18T23:44:51.8149966Z     ✅ State transitioned.
2026-01-18T23:44:51.8512922Z [CACHE HIT] ce2d62e8... (hits: 40, misses: 33)
2026-01-18T23:44:51.8513811Z     🤖 AI Next Step Suggestion: click -> Find Flights
2026-01-18T23:44:51.8515045Z     💭 Reasoning: Now that the departure and destination cities are selected, clicking 'Find Flights' will display the available flights.
2026-01-18T23:44:51.8516346Z ⚠️ Loop detected: same AI suggestion repeated 2 times. Moving to next step.
2026-01-18T23:44:51.8516917Z   ▶️ [STEP step_3] SELECT: fromPort
2026-01-18T23:44:51.8563183Z     🔍 Mining locators for: 'fromPort'
2026-01-18T23:44:51.8841684Z     🧠 Consulting AI (Vision-First) to find 'fromPort'...
2026-01-18T23:44:51.8843387Z     🧠 [EXPERT] Strategy: Act as Senior SDET focusing on exploring the application to understand functional flow and identifying critical paths for end-to-end automation.
2026-01-18T23:44:51.8939215Z [CACHE HIT] e1642562... (hits: 41, misses: 33)
2026-01-18T23:44:51.8940107Z     ⚠️ Critical step failure: 'priority'
2026-01-18T23:44:51.8940685Z   ▶️ [STEP step_4] SELECT: toPort
2026-01-18T23:44:51.8987869Z     🔍 Mining locators for: 'toPort'
2026-01-18T23:44:51.9331678Z     🧠 Consulting AI (Vision-First) to find 'toPort'...
2026-01-18T23:44:51.9333237Z     🧠 [EXPERT] Strategy: Act as Senior SDET focusing on exploring the application to understand functional flow and identifying critical paths for end-to-end automation.
2026-01-18T23:44:51.9392682Z [CACHE HIT] eebc547a... (hits: 42, misses: 33)
2026-01-18T23:44:51.9393345Z     ⚠️ Critical step failure: 'priority'
2026-01-18T23:44:51.9393720Z   ▶️ [STEP step_5] CLICK: Find Flights
2026-01-18T23:44:51.9438473Z     🔍 Mining locators for: 'Find Flights'
2026-01-18T23:44:51.9839979Z     🧠 Consulting AI (Vision-First) to find 'Find Flights'...
2026-01-18T23:44:51.9841503Z     🧠 [EXPERT] Strategy: Act as Senior SDET focusing on exploring the application to understand functional flow and identifying critical paths for end-to-end automation.
2026-01-18T23:44:51.9958560Z [CACHE HIT] b83cd1d3... (hits: 43, misses: 33)
2026-01-18T23:44:51.9959458Z     ⚠️ Critical step failure: 'priority'
2026-01-18T23:44:51.9959818Z   ▶️ [STEP step_6] ASSERT_VISIBLE: flights
2026-01-18T23:44:52.0007654Z     🔍 Mining locators for: 'flights'
2026-01-18T23:44:52.0332773Z     🧠 Consulting AI (Vision-First) to find 'flights'...
2026-01-18T23:44:52.0334554Z     🧠 [EXPERT] Strategy: Act as Senior SDET focusing on exploring the application to understand functional flow and identifying critical paths for end-to-end automation.
2026-01-18T23:44:52.0431484Z [CACHE HIT] 7e89915a... (hits: 44, misses: 33)
2026-01-18T23:44:52.0432057Z     ⚠️ Critical step failure: 'priority'
2026-01-18T23:44:54.0749721Z 🗂️  All generated tests written to /home/runner/work/build_qa_automation/build_qa_automation/projects/ci_blazedemo_travel/tests/generated_scenarios.json
2026-01-18T23:44:54.0754482Z 🔄 Updated workflow.json with discovered steps and locators.
2026-01-18T23:44:54.0754917Z 
2026-01-18T23:44:54.0755161Z ✅ Deep Exploration Complete.
2026-01-18T23:48:00.7513124Z 
2026-01-18T23:48:00.7513911Z 🚀 [EXECUTE] Starting Automation Execution Engine
2026-01-18T23:48:00.7514408Z 📍 Project: ci_blazedemo_travel
2026-01-18T23:48:00.7514672Z 🎬 Mode: Headless
2026-01-18T23:48:00.7514787Z 
2026-01-18T23:48:00.7514919Z --- Scenario: Book a Flight - Basic Flow ---
2026-01-18T23:48:00.7515295Z   ▶️ [STEP step_1] NAVIGATE: Step step_1
2026-01-18T23:48:00.7515585Z     ✅ Step step_1 Passed.
2026-01-18T23:48:00.7515861Z   ▶️ [STEP step_2] ASSERT_VISIBLE: BlazeDemo
2026-01-18T23:48:00.7516277Z     ⚠️ Mined locators not found on page. Falling back to semantic search.
2026-01-18T23:48:00.7516784Z     ❌ Attempt 1 failed (element_not_found): Locator expected to be visible
2026-01-18T23:48:00.7517127Z Actual value: None
2026-01-18T23:48:00.7517322Z Error: element(s) not found 
2026-01-18T23:48:00.7517552Z Call log:
2026-01-18T23:48:00.7517713Z   - Expect ...
2026-01-18T23:48:00.7518005Z     🔧 [AUTO-HEAL] Re-mining page to find 'BlazeDemo'...
2026-01-18T23:48:00.7519083Z [DEBUG] Sending request to gemini-2.0-flash. Number of parts: 2
2026-01-18T23:48:00.7519671Z [DEBUG] Received response (Length: 946)
2026-01-18T23:48:00.7520082Z     ✨ AI successfully healed the step! Found 5 alternatives.
2026-01-18T23:48:00.7520501Z     ✨ AI successfully healed the step! New selector: body
2026-01-18T23:48:00.7520828Z     ✅ Step step_2 Passed.
2026-01-18T23:48:00.7521096Z   ▶️ [STEP step_2_ai_1] CLICK: Find Flights
2026-01-18T23:48:00.7521398Z     ✅ Step step_2_ai_1 Passed.
2026-01-18T23:48:00.7521661Z   ▶️ [STEP step_3] SELECT: fromPort
2026-01-18T23:48:00.7521928Z     ✅ Step step_3 Passed.
2026-01-18T23:48:00.7522174Z   ▶️ [STEP step_4] SELECT: toPort
2026-01-18T23:48:00.7522431Z     ✅ Step step_4 Passed.
2026-01-18T23:48:00.7522672Z   ▶️ [STEP step_5] CLICK: Find Flights
2026-01-18T23:48:00.7523350Z     ❌ Attempt 1 failed (element_not_found): Locator.bounding_box: Timeout 30000ms exceeded.
2026-01-18T23:48:00.7523748Z Call log:
2026-01-18T23:48:00.7523948Z   - waiting for locator("text=Find Flights...
2026-01-18T23:48:00.7524329Z     🔧 [AUTO-HEAL] Re-mining page to find 'Find Flights'...
2026-01-18T23:48:00.7524716Z [DEBUG] Sending request to gemini-2.0-flash. Number of parts: 2
2026-01-18T23:48:00.7525066Z [DEBUG] Received response (Length: 549)
2026-01-18T23:48:00.7525431Z     ✨ AI successfully healed the step! Found 2 alternatives.
2026-01-18T23:48:00.7525918Z     ✨ AI successfully healed the step! New selector: input[value='Choose This Flight']
2026-01-18T23:48:00.7526340Z     ✅ Step step_5 Passed.
2026-01-18T23:48:00.7526601Z   ▶️ [STEP step_6] ASSERT_VISIBLE: flights
2026-01-18T23:48:00.7527005Z     ❌ Attempt 1 failed (element_not_found): Locator expected to be visible
2026-01-18T23:48:00.7527353Z Actual value: None
2026-01-18T23:48:00.7527544Z Error: element(s) not found 
2026-01-18T23:48:00.7527759Z Call log:
2026-01-18T23:48:00.7527921Z   - Expect ...
2026-01-18T23:48:00.7528192Z     🔧 [AUTO-HEAL] Re-mining page to find 'flights'...
2026-01-18T23:48:00.7528558Z [DEBUG] Sending request to gemini-2.0-flash. Number of parts: 2
2026-01-18T23:48:00.7529209Z [DEBUG] Received response (Length: 598)
2026-01-18T23:48:00.7529594Z     ✨ AI successfully healed the step! Found 2 alternatives.
2026-01-18T23:48:00.7530046Z     ✨ AI successfully healed the step! New selector: input[name='name']
2026-01-18T23:48:00.7530535Z     ❌ Attempt 2 failed (element_not_found): Locator expected to be visible
2026-01-18T23:48:00.7530878Z Actual value: None
2026-01-18T23:48:00.7531072Z Error: element(s) not found 
2026-01-18T23:48:00.7531277Z Call log:
2026-01-18T23:48:00.7531430Z   - Expect ...
2026-01-18T23:48:00.7531700Z     🔧 [AUTO-HEAL] Re-mining page to find 'flights'...
2026-01-18T23:48:00.7532016Z [CACHE HIT] 3b9b0dc6... (hits: 1, misses: 3)
2026-01-18T23:48:00.7532373Z     ✨ AI successfully healed the step! Found 2 alternatives.
2026-01-18T23:48:00.7532814Z     ✨ AI successfully healed the step! New selector: input[name='name']
2026-01-18T23:48:00.7533303Z     ❌ Attempt 3 failed (element_not_found): Locator expected to be visible
2026-01-18T23:48:00.7533649Z Actual value: None
2026-01-18T23:48:00.7533841Z Error: element(s) not found 
2026-01-18T23:48:00.7534036Z Call log:
2026-01-18T23:48:00.7534195Z   - Expect ...
2026-01-18T23:48:00.7534432Z     💀 Step step_6 failed after all retries.
2026-01-18T23:48:00.7534836Z 🛑 Scenario 'Book a Flight - Basic Flow' aborted due to step failure.
2026-01-18T23:48:00.7535103Z 
2026-01-18T23:48:00.7535250Z --- Scenario: Book a Flight - No Destination Selected ---
2026-01-18T23:48:00.7535599Z   ▶️ [STEP step_1] NAVIGATE: Step step_1
2026-01-18T23:48:00.7535879Z     ✅ Step step_1 Passed.
2026-01-18T23:48:00.7536228Z   ▶️ [STEP step_2] ASSERT_VISIBLE: BlazeDemo
2026-01-18T23:48:00.7536668Z     ⚠️ Mined locators not found on page. Falling back to semantic search.
2026-01-18T23:48:00.7537174Z     ❌ Attempt 1 failed (element_not_found): Locator expected to be visible
2026-01-18T23:48:00.7537508Z Actual value: None
2026-01-18T23:48:00.7537702Z Error: element(s) not found 
2026-01-18T23:48:00.7537912Z Call log:
2026-01-18T23:48:00.7538219Z   - Expect ...
2026-01-18T23:48:00.7538511Z     🔧 [AUTO-HEAL] Re-mining page to find 'BlazeDemo'...
2026-01-18T23:48:00.7539281Z [CACHE HIT] a978c796... (hits: 2, misses: 3)
2026-01-18T23:48:00.7539922Z     ✨ AI successfully healed the step! Found 5 alternatives.
2026-01-18T23:48:00.7540560Z     ✨ AI successfully healed the step! New selector: body
2026-01-18T23:48:00.7541099Z     ✅ Step step_2 Passed.
2026-01-18T23:48:00.7541491Z   ▶️ [STEP step_2_ai_1] CLICK: Find Flights
2026-01-18T23:48:00.7541792Z     ✅ Step step_2_ai_1 Passed.
2026-01-18T23:48:00.7542058Z   ▶️ [STEP step_3] SELECT: fromPort
2026-01-18T23:48:00.7543985Z     ✅ Step step_3 Passed.
2026-01-18T23:48:00.7544422Z   ▶️ [STEP step_4] CLICK: Find Flights
2026-01-18T23:48:00.7545481Z     ❌ Attempt 1 failed (element_not_found): Locator.bounding_box: Timeout 30000ms exceeded.
2026-01-18T23:48:00.7546160Z Call log:
2026-01-18T23:48:00.7546483Z   - waiting for locator("text=Find Flights...
2026-01-18T23:48:00.7547121Z     🔧 [AUTO-HEAL] Re-mining page to find 'Find Flights'...
2026-01-18T23:48:00.7547560Z [CACHE HIT] 221ef438... (hits: 3, misses: 3)
2026-01-18T23:48:00.7547954Z     ✨ AI successfully healed the step! Found 2 alternatives.
2026-01-18T23:48:00.7548489Z     ✨ AI successfully healed the step! New selector: input[value='Choose This Flight']
2026-01-18T23:48:00.7549255Z     ✅ Step step_4 Passed.
2026-01-18T23:48:00.7549534Z   ▶️ [STEP step_5] ASSERT_VISIBLE: flights
2026-01-18T23:48:00.7549940Z     ❌ Attempt 1 failed (element_not_found): Locator expected to be visible
2026-01-18T23:48:00.7550285Z Actual value: None
2026-01-18T23:48:00.7550475Z Error: element(s) not found 
2026-01-18T23:48:00.7550684Z Call log:
2026-01-18T23:48:00.7550848Z   - Expect ...
2026-01-18T23:48:00.7551140Z     🔧 [AUTO-HEAL] Re-mining page to find 'flights'...
2026-01-18T23:48:00.7551440Z [CACHE HIT] 3b9b0dc6... (hits: 4, misses: 3)
2026-01-18T23:48:00.7551804Z     ✨ AI successfully healed the step! Found 2 alternatives.
2026-01-18T23:48:00.7552255Z     ✨ AI successfully healed the step! New selector: input[name='name']
2026-01-18T23:48:00.7552752Z     ❌ Attempt 2 failed (element_not_found): Locator expected to be visible
2026-01-18T23:48:00.7553088Z Actual value: None
2026-01-18T23:48:00.7553283Z Error: element(s) not found 
2026-01-18T23:48:00.7553491Z Call log:
2026-01-18T23:48:00.7553650Z   - Expect ...
2026-01-18T23:48:00.7553915Z     🔧 [AUTO-HEAL] Re-mining page to find 'flights'...
2026-01-18T23:48:00.7554215Z [CACHE HIT] 3b9b0dc6... (hits: 5, misses: 3)
2026-01-18T23:48:00.7554569Z     ✨ AI successfully healed the step! Found 2 alternatives.
2026-01-18T23:48:00.7555007Z     ✨ AI successfully healed the step! New selector: input[name='name']
2026-01-18T23:48:00.7555496Z     ❌ Attempt 3 failed (element_not_found): Locator expected to be visible
2026-01-18T23:48:00.7555839Z Actual value: None
2026-01-18T23:48:00.7556033Z Error: element(s) not found 
2026-01-18T23:48:00.7556241Z Call log:
2026-01-18T23:48:00.7556403Z   - Expect ...
2026-01-18T23:48:00.7556640Z     💀 Step step_5 failed after all retries.
2026-01-18T23:48:00.7557090Z 🛑 Scenario 'Book a Flight - No Destination Selected' aborted due to step failure.
2026-01-18T23:48:00.7557408Z 
2026-01-18T23:48:00.7557560Z --- Scenario: Book a Flight - Same Origin and Destination ---
2026-01-18T23:48:00.7557931Z   ▶️ [STEP step_1] NAVIGATE: Step step_1
2026-01-18T23:48:00.7558208Z     ✅ Step step_1 Passed.
2026-01-18T23:48:00.7558474Z   ▶️ [STEP step_2] ASSERT_VISIBLE: BlazeDemo
2026-01-18T23:48:00.7559409Z     ⚠️ Mined locators not found on page. Falling back to semantic search.
2026-01-18T23:48:00.7559983Z     ❌ Attempt 1 failed (element_not_found): Locator expected to be visible
2026-01-18T23:48:00.7560323Z Actual value: None
2026-01-18T23:48:00.7560528Z Error: element(s) not found 
2026-01-18T23:48:00.7560735Z Call log:
2026-01-18T23:48:00.7560897Z   - Expect ...
2026-01-18T23:48:00.7561171Z     🔧 [AUTO-HEAL] Re-mining page to find 'BlazeDemo'...
2026-01-18T23:48:00.7561666Z [CACHE HIT] a978c796... (hits: 6, misses: 3)
2026-01-18T23:48:00.7562051Z     ✨ AI successfully healed the step! Found 5 alternatives.
2026-01-18T23:48:00.7562450Z     ✨ AI successfully healed the step! New selector: body
2026-01-18T23:48:00.7562770Z     ✅ Step step_2 Passed.
2026-01-18T23:48:00.7563017Z   ▶️ [STEP step_3] SELECT: fromPort
2026-01-18T23:48:00.7563298Z     ✅ Step step_3 Passed.
2026-01-18T23:48:00.7563543Z   ▶️ [STEP step_4] SELECT: toPort
2026-01-18T23:48:00.7563794Z     ✅ Step step_4 Passed.
2026-01-18T23:48:00.7564039Z   ▶️ [STEP step_5] CLICK: Find Flights
2026-01-18T23:48:00.7564311Z     ✅ Step step_5 Passed.
2026-01-18T23:48:00.7564566Z   ▶️ [STEP step_6] ASSERT_VISIBLE: flights
2026-01-18T23:48:00.7564838Z     ✅ Step step_6 Passed.
2026-01-18T23:48:00.7565357Z ✅ Scenario 'Book a Flight - Same Origin and Destination' completed successfully!
2026-01-18T23:48:00.7565672Z 
2026-01-18T23:48:00.7565770Z ============================================================
2026-01-18T23:48:00.7566066Z 🎯 EXECUTION SUMMARY
2026-01-18T23:48:00.7566288Z ============================================================
2026-01-18T23:48:00.7566471Z 
2026-01-18T23:48:00.7566570Z 📋 Scenario Overview:
2026-01-18T23:48:00.7566812Z    • Total Scenarios Planned: 3
2026-01-18T23:48:00.7567066Z    • Scenarios Executed: 3
2026-01-18T23:48:00.7567310Z    • Total Steps Executed: 19
2026-01-18T23:48:00.7567452Z 
2026-01-18T23:48:00.7567555Z ✅ Results:
2026-01-18T23:48:00.7567752Z    ✅ Passed: 1 (33%)
2026-01-18T23:48:00.7567962Z    ❌ Failed: 2 (66%)
2026-01-18T23:48:00.7568071Z 
2026-01-18T23:48:00.7568174Z ⚠️  Failed Scenarios:
2026-01-18T23:48:00.7568405Z    • Book a Flight - Basic Flow
2026-01-18T23:48:00.7568927Z    • Book a Flight - No Destination Selected
2026-01-18T23:48:00.7569162Z 
2026-01-18T23:48:00.7569256Z ============================================================
2026-01-18T23:48:00.7569443Z 
2026-01-18T23:48:00.7569957Z 🏁 Execution Finished. Report: /home/runner/work/build_qa_automation/build_qa_automation/projects/ci_blazedemo_travel/execution.json
2026-01-18T23:48:00.8775819Z 
2026-01-18T23:48:00.8776309Z [PHASE] Running Phase: DISCOVERY
2026-01-18T23:48:00.8778201Z    Command: /opt/hostedtoolcache/Python/3.11.14/x64/bin/python /home/runner/work/build_qa_automation/build_qa_automation/core/agents/discovery.py --project /home/runner/work/build_qa_automation/build_qa_automation/projects/ci_blazedemo_travel --url https://blazedemo.com/ --deep
2026-01-18T23:48:00.8780573Z ✅ Phase 'discovery' completed successfully.
2026-01-18T23:48:00.8780890Z 
2026-01-18T23:48:00.8781031Z [PHASE] Running Phase: PLANNING
2026-01-18T23:48:00.8782860Z    Command: /opt/hostedtoolcache/Python/3.11.14/x64/bin/python /home/runner/work/build_qa_automation/build_qa_automation/core/agents/planner.py --project /home/runner/work/build_qa_automation/build_qa_automation/projects/ci_blazedemo_travel --goal Book a flight --url https://blazedemo.com/ --deep
2026-01-18T23:48:00.8785069Z ✅ Phase 'planning' completed successfully.
2026-01-18T23:48:00.8785374Z 
2026-01-18T23:48:00.8785528Z [PHASE] Running Phase: EXPLORATION
2026-01-18T23:48:00.8787026Z    Command: /opt/hostedtoolcache/Python/3.11.14/x64/bin/python /home/runner/work/build_qa_automation/build_qa_automation/core/agents/deep_explorer.py --project /home/runner/work/build_qa_automation/build_qa_automation/projects/ci_blazedemo_travel
2026-01-18T23:48:00.8788856Z ✅ Phase 'exploration' completed successfully.
2026-01-18T23:48:00.8789431Z 📊 Exploration Discovery Success Rate: 23.5%
2026-01-18T23:48:00.8790182Z ⚠️ Exploration failed to find stable locators for key steps. Execution might fail.
2026-01-18T23:48:00.8790685Z 
2026-01-18T23:48:00.8790820Z [PHASE] Running Phase: EXECUTION
2026-01-18T23:48:00.8792305Z    Command: /opt/hostedtoolcache/Python/3.11.14/x64/bin/python /home/runner/work/build_qa_automation/build_qa_automation/core/agents/executor.py --project /home/runner/work/build_qa_automation/build_qa_automation/projects/ci_blazedemo_travel
2026-01-18T23:48:00.8793917Z ✅ Phase 'execution' completed successfully.
2026-01-18T23:48:00.8794494Z 
2026-01-18T23:48:00.8794658Z [DONE] Pipeline Execution Finished! [DONE]
2026-01-18T23:48:00.9978109Z ##[group]Run RESULT_FILE="projects/ci_blazedemo_travel/execution.json"
2026-01-18T23:48:00.9978814Z [36;1mRESULT_FILE="projects/ci_blazedemo_travel/execution.json"[0m
2026-01-18T23:48:00.9979184Z [36;1mif [ -f "$RESULT_FILE" ]; then[0m
2026-01-18T23:48:00.9979522Z [36;1m  echo "✅ Results generated successfully: $RESULT_FILE"[0m
2026-01-18T23:48:00.9979971Z [36;1m  cat "$RESULT_FILE" | jq '.scenarios | length' || echo "Result file exists"[0m
2026-01-18T23:48:00.9980341Z [36;1melse[0m
2026-01-18T23:48:00.9980574Z [36;1m  echo "❌ No result file found at $RESULT_FILE"[0m
2026-01-18T23:48:00.9980855Z [36;1m  exit 1[0m
2026-01-18T23:48:00.9981220Z [36;1mfi[0m
2026-01-18T23:48:01.0012462Z shell: /usr/bin/bash -e {0}
2026-01-18T23:48:01.0012692Z env:
2026-01-18T23:48:01.0012940Z   pythonLocation: /opt/hostedtoolcache/Python/3.11.14/x64
2026-01-18T23:48:01.0013373Z   PKG_CONFIG_PATH: /opt/hostedtoolcache/Python/3.11.14/x64/lib/pkgconfig
2026-01-18T23:48:01.0013832Z   Python_ROOT_DIR: /opt/hostedtoolcache/Python/3.11.14/x64
2026-01-18T23:48:01.0014197Z   Python2_ROOT_DIR: /opt/hostedtoolcache/Python/3.11.14/x64
2026-01-18T23:48:01.0014562Z   Python3_ROOT_DIR: /opt/hostedtoolcache/Python/3.11.14/x64
2026-01-18T23:48:01.0014936Z   LD_LIBRARY_PATH: /opt/hostedtoolcache/Python/3.11.14/x64/lib
2026-01-18T23:48:01.0015243Z ##[endgroup]
2026-01-18T23:48:01.0065853Z ✅ Results generated successfully: projects/ci_blazedemo_travel/execution.json
2026-01-18T23:48:01.0091614Z 3
2026-01-18T23:48:01.0328120Z ##[group]Run actions/upload-artifact@v4
2026-01-18T23:48:01.0328404Z with:
2026-01-18T23:48:01.0328814Z   name: blazedemo_travel-execution-results
2026-01-18T23:48:01.0329355Z   path: projects/ci_blazedemo_travel/execution.json
projects/ci_blazedemo_travel/workflow.json

2026-01-18T23:48:01.0329807Z   retention-days: 30
2026-01-18T23:48:01.0330010Z   if-no-files-found: warn
2026-01-18T23:48:01.0330220Z   compression-level: 6
2026-01-18T23:48:01.0330419Z   overwrite: false
2026-01-18T23:48:01.0330611Z   include-hidden-files: false
2026-01-18T23:48:01.0330825Z env:
2026-01-18T23:48:01.0331051Z   pythonLocation: /opt/hostedtoolcache/Python/3.11.14/x64
2026-01-18T23:48:01.0331467Z   PKG_CONFIG_PATH: /opt/hostedtoolcache/Python/3.11.14/x64/lib/pkgconfig
2026-01-18T23:48:01.0331891Z   Python_ROOT_DIR: /opt/hostedtoolcache/Python/3.11.14/x64
2026-01-18T23:48:01.0332254Z   Python2_ROOT_DIR: /opt/hostedtoolcache/Python/3.11.14/x64
2026-01-18T23:48:01.0332644Z   Python3_ROOT_DIR: /opt/hostedtoolcache/Python/3.11.14/x64
2026-01-18T23:48:01.0333022Z   LD_LIBRARY_PATH: /opt/hostedtoolcache/Python/3.11.14/x64/lib
2026-01-18T23:48:01.0333323Z ##[endgroup]
2026-01-18T23:48:01.2476350Z Multiple search paths detected. Calculating the least common ancestor of all paths
2026-01-18T23:48:01.2481448Z The least common ancestor is /home/runner/work/build_qa_automation/build_qa_automation/projects/ci_blazedemo_travel. This will be the root directory of the artifact
2026-01-18T23:48:01.2482867Z With the provided path, there will be 2 files uploaded
2026-01-18T23:48:01.2489743Z Artifact name is valid!
2026-01-18T23:48:01.2491125Z Root directory input is valid!
2026-01-18T23:48:01.4875375Z Beginning upload of artifact content to blob storage
2026-01-18T23:48:01.7477394Z Uploaded bytes 1907
2026-01-18T23:48:01.8160614Z Finished uploading artifact content to blob storage!
2026-01-18T23:48:01.8164144Z SHA256 digest of uploaded artifact zip is e39caa7ee52ed5602ea5bc993ad65da57bfe06678d54add894f533f491ce9273
2026-01-18T23:48:01.8166103Z Finalizing artifact upload
2026-01-18T23:48:01.9638322Z Artifact blazedemo_travel-execution-results.zip successfully finalized. Artifact ID 5171033399
2026-01-18T23:48:01.9639718Z Artifact blazedemo_travel-execution-results has been successfully uploaded! Final size is 1907 bytes. Artifact ID is 5171033399
2026-01-18T23:48:01.9646419Z Artifact download URL: https://github.com/vishvasmca-cmd/build_qa_automation/actions/runs/21120211878/artifacts/5171033399
2026-01-18T23:48:01.9944881Z Post job cleanup.
2026-01-18T23:48:02.1475037Z Cache hit occurred on the primary key setup-python-Linux-x64-24.04-Ubuntu-python-3.11.14-pip-dde08d0e0b672972dcda9f1a063036a2e0c226f5d0a20362e9401931676d80a4, not saving cache.
2026-01-18T23:48:02.1951171Z Post job cleanup.
2026-01-18T23:48:02.2901693Z [command]/usr/bin/git version
2026-01-18T23:48:02.2937947Z git version 2.52.0
2026-01-18T23:48:02.2980704Z Temporarily overriding HOME='/home/runner/work/_temp/976ef21d-0899-49bc-96c1-07abaed35e5a' before making global git config changes
2026-01-18T23:48:02.2982008Z Adding repository directory to the temporary git global config as a safe directory
2026-01-18T23:48:02.2993572Z [command]/usr/bin/git config --global --add safe.directory /home/runner/work/build_qa_automation/build_qa_automation
2026-01-18T23:48:02.3029047Z [command]/usr/bin/git config --local --name-only --get-regexp core\.sshCommand
2026-01-18T23:48:02.3061255Z [command]/usr/bin/git submodule foreach --recursive sh -c "git config --local --name-only --get-regexp 'core\.sshCommand' && git config --local --unset-all 'core.sshCommand' || :"
2026-01-18T23:48:02.3289373Z [command]/usr/bin/git config --local --name-only --get-regexp http\.https\:\/\/github\.com\/\.extraheader
2026-01-18T23:48:02.3310347Z http.https://github.com/.extraheader
2026-01-18T23:48:02.3322466Z [command]/usr/bin/git config --local --unset-all http.https://github.com/.extraheader
2026-01-18T23:48:02.3353556Z [command]/usr/bin/git submodule foreach --recursive sh -c "git config --local --name-only --get-regexp 'http\.https\:\/\/github\.com\/\.extraheader' && git config --local --unset-all 'http.https://github.com/.extraheader' || :"
2026-01-18T23:48:02.3571619Z [command]/usr/bin/git config --local --name-only --get-regexp ^includeIf\.gitdir:
2026-01-18T23:48:02.3601999Z [command]/usr/bin/git submodule foreach --recursive git config --local --show-origin --name-only --get-regexp remote.origin.url
2026-01-18T23:48:02.3958070Z Cleaning up orphan processes
