2026-01-18T23:08:38.9715383Z Current runner version: '2.331.0'
2026-01-18T23:08:38.9738895Z ##[group]Runner Image Provisioner
2026-01-18T23:08:38.9739669Z Hosted Compute Agent
2026-01-18T23:08:38.9740348Z Version: 20251211.462
2026-01-18T23:08:38.9740957Z Commit: 6cbad8c2bb55d58165063d031ccabf57e2d2db61
2026-01-18T23:08:38.9741617Z Build Date: 2025-12-11T16:28:49Z
2026-01-18T23:08:38.9742371Z Worker ID: {96bfa522-9d91-45a4-b1b7-121f26667f94}
2026-01-18T23:08:38.9743006Z ##[endgroup]
2026-01-18T23:08:38.9743529Z ##[group]Operating System
2026-01-18T23:08:38.9744118Z Ubuntu
2026-01-18T23:08:38.9744542Z 24.04.3
2026-01-18T23:08:38.9744992Z LTS
2026-01-18T23:08:38.9745431Z ##[endgroup]
2026-01-18T23:08:38.9745972Z ##[group]Runner Image
2026-01-18T23:08:38.9746554Z Image: ubuntu-24.04
2026-01-18T23:08:38.9747073Z Version: 20260111.209.1
2026-01-18T23:08:38.9748254Z Included Software: https://github.com/actions/runner-images/blob/ubuntu24/20260111.209/images/ubuntu/Ubuntu2404-Readme.md
2026-01-18T23:08:38.9749773Z Image Release: https://github.com/actions/runner-images/releases/tag/ubuntu24%2F20260111.209
2026-01-18T23:08:38.9750907Z ##[endgroup]
2026-01-18T23:08:38.9752058Z ##[group]GITHUB_TOKEN Permissions
2026-01-18T23:08:38.9753847Z Contents: read
2026-01-18T23:08:38.9754362Z Metadata: read
2026-01-18T23:08:38.9755003Z Packages: read
2026-01-18T23:08:38.9755505Z ##[endgroup]
2026-01-18T23:08:38.9757436Z Secret source: Actions
2026-01-18T23:08:38.9759176Z Prepare workflow directory
2026-01-18T23:08:39.0712552Z Prepare all required actions
2026-01-18T23:08:39.0750001Z Getting action download info
2026-01-18T23:08:39.3349171Z Download action repository 'actions/checkout@v4' (SHA:34e114876b0b11c390a56381ad16ebd13914f8d5)
2026-01-18T23:08:39.4244655Z Download action repository 'actions/setup-python@v5' (SHA:a26af69be951a213d495a4c3e4e4022e16d87065)
2026-01-18T23:08:39.5077082Z Download action repository 'actions/upload-artifact@v4' (SHA:ea165f8d65b6e75b540449e92b4886f43607fa02)
2026-01-18T23:08:39.8184760Z Complete job name: test-websites-deep (rahulshetty_shop, https://rahulshettyacademy.com/seleniumPractise/, Search an...
2026-01-18T23:08:40.0257704Z ##[group]Run actions/checkout@v4
2026-01-18T23:08:40.0258763Z with:
2026-01-18T23:08:40.0259210Z   repository: vishvasmca-cmd/build_qa_automation
2026-01-18T23:08:40.0259974Z   token: ***
2026-01-18T23:08:40.0260343Z   ssh-strict: true
2026-01-18T23:08:40.0260720Z   ssh-user: git
2026-01-18T23:08:40.0261102Z   persist-credentials: true
2026-01-18T23:08:40.0261539Z   clean: true
2026-01-18T23:08:40.0261924Z   sparse-checkout-cone-mode: true
2026-01-18T23:08:40.0262388Z   fetch-depth: 1
2026-01-18T23:08:40.0262755Z   fetch-tags: false
2026-01-18T23:08:40.0263148Z   show-progress: true
2026-01-18T23:08:40.0263540Z   lfs: false
2026-01-18T23:08:40.0263887Z   submodules: false
2026-01-18T23:08:40.0264273Z   set-safe-directory: true
2026-01-18T23:08:40.0264981Z ##[endgroup]
2026-01-18T23:08:40.1335050Z Syncing repository: vishvasmca-cmd/build_qa_automation
2026-01-18T23:08:40.1336827Z ##[group]Getting Git version info
2026-01-18T23:08:40.1337698Z Working directory is '/home/runner/work/build_qa_automation/build_qa_automation'
2026-01-18T23:08:40.1339028Z [command]/usr/bin/git version
2026-01-18T23:08:40.1415187Z git version 2.52.0
2026-01-18T23:08:40.1440946Z ##[endgroup]
2026-01-18T23:08:40.1454548Z Temporarily overriding HOME='/home/runner/work/_temp/121d9a54-c23c-42a9-9aab-986e30ac75aa' before making global git config changes
2026-01-18T23:08:40.1455895Z Adding repository directory to the temporary git global config as a safe directory
2026-01-18T23:08:40.1466199Z [command]/usr/bin/git config --global --add safe.directory /home/runner/work/build_qa_automation/build_qa_automation
2026-01-18T23:08:40.1504923Z Deleting the contents of '/home/runner/work/build_qa_automation/build_qa_automation'
2026-01-18T23:08:40.1508380Z ##[group]Initializing the repository
2026-01-18T23:08:40.1512491Z [command]/usr/bin/git init /home/runner/work/build_qa_automation/build_qa_automation
2026-01-18T23:08:40.1623725Z hint: Using 'master' as the name for the initial branch. This default branch name
2026-01-18T23:08:40.1625164Z hint: will change to "main" in Git 3.0. To configure the initial branch name
2026-01-18T23:08:40.1626049Z hint: to use in all of your new repositories, which will suppress this warning,
2026-01-18T23:08:40.1626823Z hint: call:
2026-01-18T23:08:40.1627408Z hint:
2026-01-18T23:08:40.1628458Z hint: 	git config --global init.defaultBranch <name>
2026-01-18T23:08:40.1629043Z hint:
2026-01-18T23:08:40.1629563Z hint: Names commonly chosen instead of 'master' are 'main', 'trunk' and
2026-01-18T23:08:40.1630425Z hint: 'development'. The just-created branch can be renamed via this command:
2026-01-18T23:08:40.1631093Z hint:
2026-01-18T23:08:40.1631448Z hint: 	git branch -m <name>
2026-01-18T23:08:40.1631856Z hint:
2026-01-18T23:08:40.1632410Z hint: Disable this message with "git config set advice.defaultBranchName false"
2026-01-18T23:08:40.1634066Z Initialized empty Git repository in /home/runner/work/build_qa_automation/build_qa_automation/.git/
2026-01-18T23:08:40.1638932Z [command]/usr/bin/git remote add origin https://github.com/vishvasmca-cmd/build_qa_automation
2026-01-18T23:08:40.1672791Z ##[endgroup]
2026-01-18T23:08:40.1673498Z ##[group]Disabling automatic garbage collection
2026-01-18T23:08:40.1676968Z [command]/usr/bin/git config --local gc.auto 0
2026-01-18T23:08:40.1704877Z ##[endgroup]
2026-01-18T23:08:40.1705529Z ##[group]Setting up auth
2026-01-18T23:08:40.1711998Z [command]/usr/bin/git config --local --name-only --get-regexp core\.sshCommand
2026-01-18T23:08:40.1742145Z [command]/usr/bin/git submodule foreach --recursive sh -c "git config --local --name-only --get-regexp 'core\.sshCommand' && git config --local --unset-all 'core.sshCommand' || :"
2026-01-18T23:08:40.2083427Z [command]/usr/bin/git config --local --name-only --get-regexp http\.https\:\/\/github\.com\/\.extraheader
2026-01-18T23:08:40.2115517Z [command]/usr/bin/git submodule foreach --recursive sh -c "git config --local --name-only --get-regexp 'http\.https\:\/\/github\.com\/\.extraheader' && git config --local --unset-all 'http.https://github.com/.extraheader' || :"
2026-01-18T23:08:40.2331550Z [command]/usr/bin/git config --local --name-only --get-regexp ^includeIf\.gitdir:
2026-01-18T23:08:40.2362440Z [command]/usr/bin/git submodule foreach --recursive git config --local --show-origin --name-only --get-regexp remote.origin.url
2026-01-18T23:08:40.2589903Z [command]/usr/bin/git config --local http.https://github.com/.extraheader AUTHORIZATION: basic ***
2026-01-18T23:08:40.2623468Z ##[endgroup]
2026-01-18T23:08:40.2631635Z ##[group]Fetching the repository
2026-01-18T23:08:40.2633940Z [command]/usr/bin/git -c protocol.version=2 fetch --no-tags --prune --no-recurse-submodules --depth=1 origin +10179ac5c7473147e4be3845796c28603a0fa5da:refs/remotes/origin/main
2026-01-18T23:08:40.9299832Z From https://github.com/vishvasmca-cmd/build_qa_automation
2026-01-18T23:08:40.9302187Z  * [new ref]         10179ac5c7473147e4be3845796c28603a0fa5da -> origin/main
2026-01-18T23:08:40.9333286Z ##[endgroup]
2026-01-18T23:08:40.9334472Z ##[group]Determining the checkout info
2026-01-18T23:08:40.9336105Z ##[endgroup]
2026-01-18T23:08:40.9340457Z [command]/usr/bin/git sparse-checkout disable
2026-01-18T23:08:40.9383551Z [command]/usr/bin/git config --local --unset-all extensions.worktreeConfig
2026-01-18T23:08:40.9409325Z ##[group]Checking out the ref
2026-01-18T23:08:40.9414288Z [command]/usr/bin/git checkout --progress --force -B main refs/remotes/origin/main
2026-01-18T23:08:41.0618970Z Switched to a new branch 'main'
2026-01-18T23:08:41.0620256Z branch 'main' set up to track 'origin/main'.
2026-01-18T23:08:41.0638291Z ##[endgroup]
2026-01-18T23:08:41.0676553Z [command]/usr/bin/git log -1 --format=%H
2026-01-18T23:08:41.0698864Z 10179ac5c7473147e4be3845796c28603a0fa5da
2026-01-18T23:08:41.1818847Z ##[group]Run actions/setup-python@v5
2026-01-18T23:08:41.1820005Z with:
2026-01-18T23:08:41.1820726Z   python-version: 3.11
2026-01-18T23:08:41.1821551Z   cache: pip
2026-01-18T23:08:41.1822507Z   check-latest: false
2026-01-18T23:08:41.1823621Z   token: ***
2026-01-18T23:08:41.1824403Z   update-environment: true
2026-01-18T23:08:41.1825328Z   allow-prereleases: false
2026-01-18T23:08:41.1826224Z   freethreaded: false
2026-01-18T23:08:41.1827013Z ##[endgroup]
2026-01-18T23:08:41.3475017Z ##[group]Installed versions
2026-01-18T23:08:41.3586931Z Successfully set up CPython (3.11.14)
2026-01-18T23:08:41.3588278Z ##[endgroup]
2026-01-18T23:08:41.4361788Z [command]/opt/hostedtoolcache/Python/3.11.14/x64/bin/pip cache dir
2026-01-18T23:08:41.7511784Z /home/runner/.cache/pip
2026-01-18T23:08:41.8408822Z Cache hit for: setup-python-Linux-x64-24.04-Ubuntu-python-3.11.14-pip-dde08d0e0b672972dcda9f1a063036a2e0c226f5d0a20362e9401931676d80a4
2026-01-18T23:08:42.8756637Z Received 247463936 of 254742636 (97.1%), 236.0 MBs/sec
2026-01-18T23:08:42.9677411Z Received 254742636 of 254742636 (100.0%), 222.5 MBs/sec
2026-01-18T23:08:42.9679623Z Cache Size: ~243 MB (254742636 B)
2026-01-18T23:08:42.9719219Z [command]/usr/bin/tar -xf /home/runner/work/_temp/2d6f8119-4242-40ff-9a6d-194a3207c067/cache.tzst -P -C /home/runner/work/build_qa_automation/build_qa_automation --use-compress-program unzstd
2026-01-18T23:08:43.3588810Z Cache restored successfully
2026-01-18T23:08:43.4085863Z Cache restored from key: setup-python-Linux-x64-24.04-Ubuntu-python-3.11.14-pip-dde08d0e0b672972dcda9f1a063036a2e0c226f5d0a20362e9401931676d80a4
2026-01-18T23:08:43.4699633Z ##[group]Run pip install -r requirements.txt
2026-01-18T23:08:43.4700197Z [36;1mpip install -r requirements.txt[0m
2026-01-18T23:08:43.4700630Z [36;1mplaywright install chromium[0m
2026-01-18T23:08:43.4740347Z shell: /usr/bin/bash -e {0}
2026-01-18T23:08:43.4740829Z env:
2026-01-18T23:08:43.4741206Z   pythonLocation: /opt/hostedtoolcache/Python/3.11.14/x64
2026-01-18T23:08:43.4741700Z   PKG_CONFIG_PATH: /opt/hostedtoolcache/Python/3.11.14/x64/lib/pkgconfig
2026-01-18T23:08:43.4742338Z   Python_ROOT_DIR: /opt/hostedtoolcache/Python/3.11.14/x64
2026-01-18T23:08:43.4742850Z   Python2_ROOT_DIR: /opt/hostedtoolcache/Python/3.11.14/x64
2026-01-18T23:08:43.4743372Z   Python3_ROOT_DIR: /opt/hostedtoolcache/Python/3.11.14/x64
2026-01-18T23:08:43.4743865Z   LD_LIBRARY_PATH: /opt/hostedtoolcache/Python/3.11.14/x64/lib
2026-01-18T23:08:43.4744235Z ##[endgroup]
2026-01-18T23:08:44.1602353Z Collecting playwright (from -r requirements.txt (line 1))
2026-01-18T23:08:44.1618744Z   Using cached playwright-1.57.0-py3-none-manylinux1_x86_64.whl.metadata (3.5 kB)
2026-01-18T23:08:44.1892411Z Collecting python-dotenv (from -r requirements.txt (line 2))
2026-01-18T23:08:44.1906739Z   Using cached python_dotenv-1.2.1-py3-none-any.whl.metadata (25 kB)
2026-01-18T23:08:44.2308743Z Collecting requests (from -r requirements.txt (line 3))
2026-01-18T23:08:44.2322401Z   Using cached requests-2.32.5-py3-none-any.whl.metadata (4.9 kB)
2026-01-18T23:08:44.4022296Z Collecting pillow (from -r requirements.txt (line 4))
2026-01-18T23:08:44.4039877Z   Using cached pillow-12.1.0-cp311-cp311-manylinux_2_27_x86_64.manylinux_2_28_x86_64.whl.metadata (8.8 kB)
2026-01-18T23:08:44.4390947Z Collecting google-genai>=0.3.0 (from -r requirements.txt (line 5))
2026-01-18T23:08:44.4412021Z   Using cached google_genai-1.59.0-py3-none-any.whl.metadata (53 kB)
2026-01-18T23:08:44.4575044Z Collecting termcolor (from -r requirements.txt (line 6))
2026-01-18T23:08:44.4588431Z   Using cached termcolor-3.3.0-py3-none-any.whl.metadata (6.5 kB)
2026-01-18T23:08:44.4937008Z Collecting PyYAML (from -r requirements.txt (line 7))
2026-01-18T23:08:44.4950734Z   Using cached pyyaml-6.0.3-cp311-cp311-manylinux2014_x86_64.manylinux_2_17_x86_64.manylinux_2_28_x86_64.whl.metadata (2.4 kB)
2026-01-18T23:08:44.5512501Z Collecting opencv-python-headless (from -r requirements.txt (line 8))
2026-01-18T23:08:44.5526159Z   Using cached opencv_python_headless-4.13.0.90-cp37-abi3-manylinux_2_28_x86_64.whl.metadata (19 kB)
2026-01-18T23:08:44.7524764Z Collecting numpy (from -r requirements.txt (line 9))
2026-01-18T23:08:44.7539397Z   Using cached numpy-2.4.1-cp311-cp311-manylinux_2_27_x86_64.manylinux_2_28_x86_64.whl.metadata (6.6 kB)
2026-01-18T23:08:44.8445737Z Collecting faker (from -r requirements.txt (line 10))
2026-01-18T23:08:44.8460598Z   Using cached faker-40.1.2-py3-none-any.whl.metadata (16 kB)
2026-01-18T23:08:44.8822126Z Collecting pyee<14,>=13 (from playwright->-r requirements.txt (line 1))
2026-01-18T23:08:44.8836522Z   Using cached pyee-13.0.0-py3-none-any.whl.metadata (2.9 kB)
2026-01-18T23:08:45.0049819Z Collecting greenlet<4.0.0,>=3.1.1 (from playwright->-r requirements.txt (line 1))
2026-01-18T23:08:45.0065106Z   Using cached greenlet-3.3.0-cp311-cp311-manylinux_2_24_x86_64.manylinux_2_28_x86_64.whl.metadata (4.1 kB)
2026-01-18T23:08:45.0282116Z Collecting typing-extensions (from pyee<14,>=13->playwright->-r requirements.txt (line 1))
2026-01-18T23:08:45.0295354Z   Using cached typing_extensions-4.15.0-py3-none-any.whl.metadata (3.3 kB)
2026-01-18T23:08:45.1105671Z Collecting charset_normalizer<4,>=2 (from requests->-r requirements.txt (line 3))
2026-01-18T23:08:45.1121093Z   Using cached charset_normalizer-3.4.4-cp311-cp311-manylinux2014_x86_64.manylinux_2_17_x86_64.manylinux_2_28_x86_64.whl.metadata (37 kB)
2026-01-18T23:08:45.1386036Z Collecting idna<4,>=2.5 (from requests->-r requirements.txt (line 3))
2026-01-18T23:08:45.1400014Z   Using cached idna-3.11-py3-none-any.whl.metadata (8.4 kB)
2026-01-18T23:08:45.1734267Z Collecting urllib3<3,>=1.21.1 (from requests->-r requirements.txt (line 3))
2026-01-18T23:08:45.1747721Z   Using cached urllib3-2.6.3-py3-none-any.whl.metadata (6.9 kB)
2026-01-18T23:08:45.3230487Z Collecting certifi>=2017.4.17 (from requests->-r requirements.txt (line 3))
2026-01-18T23:08:45.3243928Z   Using cached certifi-2026.1.4-py3-none-any.whl.metadata (2.5 kB)
2026-01-18T23:08:45.3449967Z Collecting anyio<5.0.0,>=4.8.0 (from google-genai>=0.3.0->-r requirements.txt (line 5))
2026-01-18T23:08:45.3463358Z   Using cached anyio-4.12.1-py3-none-any.whl.metadata (4.3 kB)
2026-01-18T23:08:45.3842910Z Collecting google-auth<3.0.0,>=2.47.0 (from google-auth[requests]<3.0.0,>=2.47.0->google-genai>=0.3.0->-r requirements.txt (line 5))
2026-01-18T23:08:45.3855562Z   Using cached google_auth-2.47.0-py3-none-any.whl.metadata (6.4 kB)
2026-01-18T23:08:45.4129171Z Collecting httpx<1.0.0,>=0.28.1 (from google-genai>=0.3.0->-r requirements.txt (line 5))
2026-01-18T23:08:45.4142264Z   Using cached httpx-0.28.1-py3-none-any.whl.metadata (7.1 kB)
2026-01-18T23:08:45.5588447Z Collecting pydantic<3.0.0,>=2.9.0 (from google-genai>=0.3.0->-r requirements.txt (line 5))
2026-01-18T23:08:45.5602835Z   Using cached pydantic-2.12.5-py3-none-any.whl.metadata (90 kB)
2026-01-18T23:08:45.5868389Z Collecting tenacity<9.2.0,>=8.2.3 (from google-genai>=0.3.0->-r requirements.txt (line 5))
2026-01-18T23:08:45.5881878Z   Using cached tenacity-9.1.2-py3-none-any.whl.metadata (1.2 kB)
2026-01-18T23:08:45.6719064Z Collecting websockets<15.1.0,>=13.0.0 (from google-genai>=0.3.0->-r requirements.txt (line 5))
2026-01-18T23:08:45.6733899Z   Using cached websockets-15.0.1-cp311-cp311-manylinux_2_5_x86_64.manylinux1_x86_64.manylinux_2_17_x86_64.manylinux2014_x86_64.whl.metadata (6.8 kB)
2026-01-18T23:08:45.6950497Z Collecting distro<2,>=1.7.0 (from google-genai>=0.3.0->-r requirements.txt (line 5))
2026-01-18T23:08:45.6963871Z   Using cached distro-1.9.0-py3-none-any.whl.metadata (6.8 kB)
2026-01-18T23:08:45.7150667Z Collecting sniffio (from google-genai>=0.3.0->-r requirements.txt (line 5))
2026-01-18T23:08:45.7164339Z   Using cached sniffio-1.3.1-py3-none-any.whl.metadata (3.9 kB)
2026-01-18T23:08:45.7460913Z Collecting pyasn1-modules>=0.2.1 (from google-auth<3.0.0,>=2.47.0->google-auth[requests]<3.0.0,>=2.47.0->google-genai>=0.3.0->-r requirements.txt (line 5))
2026-01-18T23:08:45.7474232Z   Using cached pyasn1_modules-0.4.2-py3-none-any.whl.metadata (3.5 kB)
2026-01-18T23:08:45.7749145Z Collecting rsa<5,>=3.1.4 (from google-auth<3.0.0,>=2.47.0->google-auth[requests]<3.0.0,>=2.47.0->google-genai>=0.3.0->-r requirements.txt (line 5))
2026-01-18T23:08:45.7762542Z   Using cached rsa-4.9.1-py3-none-any.whl.metadata (5.6 kB)
2026-01-18T23:08:45.8043491Z Collecting httpcore==1.* (from httpx<1.0.0,>=0.28.1->google-genai>=0.3.0->-r requirements.txt (line 5))
2026-01-18T23:08:45.8056316Z   Using cached httpcore-1.0.9-py3-none-any.whl.metadata (21 kB)
2026-01-18T23:08:45.8171280Z Collecting h11>=0.16 (from httpcore==1.*->httpx<1.0.0,>=0.28.1->google-genai>=0.3.0->-r requirements.txt (line 5))
2026-01-18T23:08:45.8183996Z   Using cached h11-0.16.0-py3-none-any.whl.metadata (8.3 kB)
2026-01-18T23:08:45.8280277Z Collecting annotated-types>=0.6.0 (from pydantic<3.0.0,>=2.9.0->google-genai>=0.3.0->-r requirements.txt (line 5))
2026-01-18T23:08:45.8293048Z   Using cached annotated_types-0.7.0-py3-none-any.whl.metadata (15 kB)
2026-01-18T23:08:46.4706601Z Collecting pydantic-core==2.41.5 (from pydantic<3.0.0,>=2.9.0->google-genai>=0.3.0->-r requirements.txt (line 5))
2026-01-18T23:08:46.4722711Z   Using cached pydantic_core-2.41.5-cp311-cp311-manylinux_2_17_x86_64.manylinux2014_x86_64.whl.metadata (7.3 kB)
2026-01-18T23:08:46.4852023Z Collecting typing-inspection>=0.4.2 (from pydantic<3.0.0,>=2.9.0->google-genai>=0.3.0->-r requirements.txt (line 5))
2026-01-18T23:08:46.4865684Z   Using cached typing_inspection-0.4.2-py3-none-any.whl.metadata (2.6 kB)
2026-01-18T23:08:46.5510653Z Collecting pyasn1>=0.1.3 (from rsa<5,>=3.1.4->google-auth<3.0.0,>=2.47.0->google-auth[requests]<3.0.0,>=2.47.0->google-genai>=0.3.0->-r requirements.txt (line 5))
2026-01-18T23:08:46.5525079Z   Using cached pyasn1-0.6.2-py3-none-any.whl.metadata (8.4 kB)
2026-01-18T23:08:46.5792841Z Using cached playwright-1.57.0-py3-none-manylinux1_x86_64.whl (46.0 MB)
2026-01-18T23:08:46.6125150Z Using cached greenlet-3.3.0-cp311-cp311-manylinux_2_24_x86_64.manylinux_2_28_x86_64.whl (590 kB)
2026-01-18T23:08:46.6142336Z Using cached pyee-13.0.0-py3-none-any.whl (15 kB)
2026-01-18T23:08:46.6155666Z Using cached python_dotenv-1.2.1-py3-none-any.whl (21 kB)
2026-01-18T23:08:46.6168639Z Using cached requests-2.32.5-py3-none-any.whl (64 kB)
2026-01-18T23:08:46.6182450Z Using cached charset_normalizer-3.4.4-cp311-cp311-manylinux2014_x86_64.manylinux_2_17_x86_64.manylinux_2_28_x86_64.whl (151 kB)
2026-01-18T23:08:46.6195613Z Using cached idna-3.11-py3-none-any.whl (71 kB)
2026-01-18T23:08:46.6208711Z Using cached urllib3-2.6.3-py3-none-any.whl (131 kB)
2026-01-18T23:08:46.6222511Z Using cached pillow-12.1.0-cp311-cp311-manylinux_2_27_x86_64.manylinux_2_28_x86_64.whl (7.0 MB)
2026-01-18T23:08:46.6284308Z Using cached google_genai-1.59.0-py3-none-any.whl (719 kB)
2026-01-18T23:08:46.6301510Z Using cached anyio-4.12.1-py3-none-any.whl (113 kB)
2026-01-18T23:08:46.6314862Z Using cached distro-1.9.0-py3-none-any.whl (20 kB)
2026-01-18T23:08:46.6327475Z Using cached google_auth-2.47.0-py3-none-any.whl (234 kB)
2026-01-18T23:08:46.6341800Z Using cached httpx-0.28.1-py3-none-any.whl (73 kB)
2026-01-18T23:08:46.6354722Z Using cached httpcore-1.0.9-py3-none-any.whl (78 kB)
2026-01-18T23:08:46.6367710Z Using cached pydantic-2.12.5-py3-none-any.whl (463 kB)
2026-01-18T23:08:46.6384053Z Using cached pydantic_core-2.41.5-cp311-cp311-manylinux_2_17_x86_64.manylinux2014_x86_64.whl (2.1 MB)
2026-01-18T23:08:46.6410681Z Using cached rsa-4.9.1-py3-none-any.whl (34 kB)
2026-01-18T23:08:46.6423372Z Using cached tenacity-9.1.2-py3-none-any.whl (28 kB)
2026-01-18T23:08:46.6436039Z Using cached typing_extensions-4.15.0-py3-none-any.whl (44 kB)
2026-01-18T23:08:46.6449621Z Using cached websockets-15.0.1-cp311-cp311-manylinux_2_5_x86_64.manylinux1_x86_64.manylinux_2_17_x86_64.manylinux2014_x86_64.whl (182 kB)
2026-01-18T23:08:46.6463066Z Using cached termcolor-3.3.0-py3-none-any.whl (7.7 kB)
2026-01-18T23:08:46.6475998Z Using cached pyyaml-6.0.3-cp311-cp311-manylinux2014_x86_64.manylinux_2_17_x86_64.manylinux_2_28_x86_64.whl (806 kB)
2026-01-18T23:08:46.6494234Z Using cached opencv_python_headless-4.13.0.90-cp37-abi3-manylinux_2_28_x86_64.whl (62.5 MB)
2026-01-18T23:08:46.6935828Z Using cached numpy-2.4.1-cp311-cp311-manylinux_2_27_x86_64.manylinux_2_28_x86_64.whl (16.7 MB)
2026-01-18T23:08:46.7062592Z Using cached faker-40.1.2-py3-none-any.whl (2.0 MB)
2026-01-18T23:08:46.7089838Z Using cached annotated_types-0.7.0-py3-none-any.whl (13 kB)
2026-01-18T23:08:46.7103414Z Using cached certifi-2026.1.4-py3-none-any.whl (152 kB)
2026-01-18T23:08:46.7117215Z Using cached h11-0.16.0-py3-none-any.whl (37 kB)
2026-01-18T23:08:46.7130582Z Using cached pyasn1-0.6.2-py3-none-any.whl (83 kB)
2026-01-18T23:08:46.7144212Z Using cached pyasn1_modules-0.4.2-py3-none-any.whl (181 kB)
2026-01-18T23:08:46.7158493Z Using cached typing_inspection-0.4.2-py3-none-any.whl (14 kB)
2026-01-18T23:08:46.7171610Z Using cached sniffio-1.3.1-py3-none-any.whl (10 kB)
2026-01-18T23:08:46.9172234Z Installing collected packages: websockets, urllib3, typing-extensions, termcolor, tenacity, sniffio, PyYAML, python-dotenv, pyasn1, pillow, numpy, idna, h11, greenlet, faker, distro, charset_normalizer, certifi, annotated-types, typing-inspection, rsa, requests, pyee, pydantic-core, pyasn1-modules, opencv-python-headless, httpcore, anyio, pydantic, playwright, httpx, google-auth, google-genai
2026-01-18T23:08:53.5157841Z 
2026-01-18T23:08:53.5182168Z Successfully installed PyYAML-6.0.3 annotated-types-0.7.0 anyio-4.12.1 certifi-2026.1.4 charset_normalizer-3.4.4 distro-1.9.0 faker-40.1.2 google-auth-2.47.0 google-genai-1.59.0 greenlet-3.3.0 h11-0.16.0 httpcore-1.0.9 httpx-0.28.1 idna-3.11 numpy-2.4.1 opencv-python-headless-4.13.0.90 pillow-12.1.0 playwright-1.57.0 pyasn1-0.6.2 pyasn1-modules-0.4.2 pydantic-2.12.5 pydantic-core-2.41.5 pyee-13.0.0 python-dotenv-1.2.1 requests-2.32.5 rsa-4.9.1 sniffio-1.3.1 tenacity-9.1.2 termcolor-3.3.0 typing-extensions-4.15.0 typing-inspection-0.4.2 urllib3-2.6.3 websockets-15.0.1
2026-01-18T23:08:54.1108404Z Downloading Chromium 143.0.7499.4 (playwright build v1200) from https://cdn.playwright.dev/dbazure/download/playwright/builds/chromium/1200/chromium-linux.zip
2026-01-18T23:08:54.2088431Z (node:2189) [DEP0169] DeprecationWarning: `url.parse()` behavior is not standardized and prone to errors that have security implications. Use the WHATWG URL API instead. CVEs are not issued for `url.parse()` vulnerabilities.
2026-01-18T23:08:54.2089686Z (Use `node --trace-deprecation ...` to show where the warning was created)
2026-01-18T23:08:54.2750978Z |                                                                                |   0% of 164.7 MiB
2026-01-18T23:08:54.3866358Z |■■■■■■■■                                                                        |  10% of 164.7 MiB
2026-01-18T23:08:54.4612284Z |■■■■■■■■■■■■■■■■                                                                |  20% of 164.7 MiB
2026-01-18T23:08:54.5322875Z |■■■■■■■■■■■■■■■■■■■■■■■■                                                        |  30% of 164.7 MiB
2026-01-18T23:08:54.5928407Z |■■■■■■■■■■■■■■■■■■■■■■■■■■■■■■■■                                                |  40% of 164.7 MiB
2026-01-18T23:08:54.6600352Z |■■■■■■■■■■■■■■■■■■■■■■■■■■■■■■■■■■■■■■■■                                        |  50% of 164.7 MiB
2026-01-18T23:08:54.7274877Z |■■■■■■■■■■■■■■■■■■■■■■■■■■■■■■■■■■■■■■■■■■■■■■■■                                |  60% of 164.7 MiB
2026-01-18T23:08:54.7744958Z |■■■■■■■■■■■■■■■■■■■■■■■■■■■■■■■■■■■■■■■■■■■■■■■■■■■■■■■■                        |  70% of 164.7 MiB
2026-01-18T23:08:54.8255148Z |■■■■■■■■■■■■■■■■■■■■■■■■■■■■■■■■■■■■■■■■■■■■■■■■■■■■■■■■■■■■■■■■                |  80% of 164.7 MiB
2026-01-18T23:08:54.8842627Z |■■■■■■■■■■■■■■■■■■■■■■■■■■■■■■■■■■■■■■■■■■■■■■■■■■■■■■■■■■■■■■■■■■■■■■■■        |  90% of 164.7 MiB
2026-01-18T23:08:54.9431113Z |■■■■■■■■■■■■■■■■■■■■■■■■■■■■■■■■■■■■■■■■■■■■■■■■■■■■■■■■■■■■■■■■■■■■■■■■■■■■■■■■| 100% of 164.7 MiB
2026-01-18T23:08:57.4013896Z Chromium 143.0.7499.4 (playwright build v1200) downloaded to /home/runner/.cache/ms-playwright/chromium-1200
2026-01-18T23:08:57.4018236Z Downloading FFMPEG playwright build v1011 from https://cdn.playwright.dev/dbazure/download/playwright/builds/ffmpeg/1011/ffmpeg-linux.zip
2026-01-18T23:08:57.5034583Z (node:2200) [DEP0169] DeprecationWarning: `url.parse()` behavior is not standardized and prone to errors that have security implications. Use the WHATWG URL API instead. CVEs are not issued for `url.parse()` vulnerabilities.
2026-01-18T23:08:57.5036823Z (Use `node --trace-deprecation ...` to show where the warning was created)
2026-01-18T23:08:57.5617872Z |                                                                                |   0% of 2.3 MiB
2026-01-18T23:08:57.5673662Z |■■■■■■■■                                                                        |  10% of 2.3 MiB
2026-01-18T23:08:57.5698176Z |■■■■■■■■■■■■■■■■                                                                |  20% of 2.3 MiB
2026-01-18T23:08:57.5853441Z |■■■■■■■■■■■■■■■■■■■■■■■■                                                        |  30% of 2.3 MiB
2026-01-18T23:08:57.5875801Z |■■■■■■■■■■■■■■■■■■■■■■■■■■■■■■■■                                                |  40% of 2.3 MiB
2026-01-18T23:08:57.5905373Z |■■■■■■■■■■■■■■■■■■■■■■■■■■■■■■■■■■■■■■■■                                        |  50% of 2.3 MiB
2026-01-18T23:08:57.5917638Z |■■■■■■■■■■■■■■■■■■■■■■■■■■■■■■■■■■■■■■■■■■■■■■■■                                |  60% of 2.3 MiB
2026-01-18T23:08:57.5933371Z |■■■■■■■■■■■■■■■■■■■■■■■■■■■■■■■■■■■■■■■■■■■■■■■■■■■■■■■■                        |  70% of 2.3 MiB
2026-01-18T23:08:57.5946773Z |■■■■■■■■■■■■■■■■■■■■■■■■■■■■■■■■■■■■■■■■■■■■■■■■■■■■■■■■■■■■■■■■                |  80% of 2.3 MiB
2026-01-18T23:08:57.5963570Z |■■■■■■■■■■■■■■■■■■■■■■■■■■■■■■■■■■■■■■■■■■■■■■■■■■■■■■■■■■■■■■■■■■■■■■■■        |  90% of 2.3 MiB
2026-01-18T23:08:57.5974528Z |■■■■■■■■■■■■■■■■■■■■■■■■■■■■■■■■■■■■■■■■■■■■■■■■■■■■■■■■■■■■■■■■■■■■■■■■■■■■■■■■| 100% of 2.3 MiB
2026-01-18T23:08:57.6529625Z FFMPEG playwright build v1011 downloaded to /home/runner/.cache/ms-playwright/ffmpeg-1011
2026-01-18T23:08:57.6533498Z Downloading Chromium Headless Shell 143.0.7499.4 (playwright build v1200) from https://cdn.playwright.dev/dbazure/download/playwright/builds/chromium/1200/chromium-headless-shell-linux.zip
2026-01-18T23:08:57.7488987Z (node:2211) [DEP0169] DeprecationWarning: `url.parse()` behavior is not standardized and prone to errors that have security implications. Use the WHATWG URL API instead. CVEs are not issued for `url.parse()` vulnerabilities.
2026-01-18T23:08:57.7490993Z (Use `node --trace-deprecation ...` to show where the warning was created)
2026-01-18T23:08:57.8186652Z |                                                                                |   0% of 109.7 MiB
2026-01-18T23:08:57.9160065Z |■■■■■■■■                                                                        |  10% of 109.7 MiB
2026-01-18T23:08:57.9876894Z |■■■■■■■■■■■■■■■■                                                                |  20% of 109.7 MiB
2026-01-18T23:08:58.0368492Z |■■■■■■■■■■■■■■■■■■■■■■■■                                                        |  30% of 109.7 MiB
2026-01-18T23:08:58.0898802Z |■■■■■■■■■■■■■■■■■■■■■■■■■■■■■■■■                                                |  40% of 109.7 MiB
2026-01-18T23:08:58.1374582Z |■■■■■■■■■■■■■■■■■■■■■■■■■■■■■■■■■■■■■■■■                                        |  50% of 109.7 MiB
2026-01-18T23:08:58.1810114Z |■■■■■■■■■■■■■■■■■■■■■■■■■■■■■■■■■■■■■■■■■■■■■■■■                                |  60% of 109.7 MiB
2026-01-18T23:08:58.2226590Z |■■■■■■■■■■■■■■■■■■■■■■■■■■■■■■■■■■■■■■■■■■■■■■■■■■■■■■■■                        |  70% of 109.7 MiB
2026-01-18T23:08:58.2617816Z |■■■■■■■■■■■■■■■■■■■■■■■■■■■■■■■■■■■■■■■■■■■■■■■■■■■■■■■■■■■■■■■■                |  80% of 109.7 MiB
2026-01-18T23:08:58.3006605Z |■■■■■■■■■■■■■■■■■■■■■■■■■■■■■■■■■■■■■■■■■■■■■■■■■■■■■■■■■■■■■■■■■■■■■■■■        |  90% of 109.7 MiB
2026-01-18T23:08:58.3381670Z |■■■■■■■■■■■■■■■■■■■■■■■■■■■■■■■■■■■■■■■■■■■■■■■■■■■■■■■■■■■■■■■■■■■■■■■■■■■■■■■■| 100% of 109.7 MiB
2026-01-18T23:09:00.1163990Z Chromium Headless Shell 143.0.7499.4 (playwright build v1200) downloaded to /home/runner/.cache/ms-playwright/chromium_headless_shell-1200
2026-01-18T23:09:00.1484682Z ##[group]Run mkdir -p projects/ci_rahulshetty_shop
2026-01-18T23:09:00.1485114Z [36;1mmkdir -p projects/ci_rahulshetty_shop[0m
2026-01-18T23:09:00.1485545Z [36;1mcat > projects/ci_rahulshetty_shop/config.json << 'EOF'[0m
2026-01-18T23:09:00.1485876Z [36;1m{[0m
2026-01-18T23:09:00.1486094Z [36;1m  "project_name": "ci_rahulshetty_shop",[0m
2026-01-18T23:09:00.1486512Z [36;1m  "target_url": "https://rahulshettyacademy.com/seleniumPractise/",[0m
2026-01-18T23:09:00.1486925Z [36;1m  "goal": "Search and add items to cart",[0m
2026-01-18T23:09:00.1487202Z [36;1m  "headless": true[0m
2026-01-18T23:09:00.1487413Z [36;1m}[0m
2026-01-18T23:09:00.1487576Z [36;1mEOF[0m
2026-01-18T23:09:00.1520921Z shell: /usr/bin/bash -e {0}
2026-01-18T23:09:00.1521154Z env:
2026-01-18T23:09:00.1521406Z   pythonLocation: /opt/hostedtoolcache/Python/3.11.14/x64
2026-01-18T23:09:00.1521843Z   PKG_CONFIG_PATH: /opt/hostedtoolcache/Python/3.11.14/x64/lib/pkgconfig
2026-01-18T23:09:00.1522301Z   Python_ROOT_DIR: /opt/hostedtoolcache/Python/3.11.14/x64
2026-01-18T23:09:00.1522669Z   Python2_ROOT_DIR: /opt/hostedtoolcache/Python/3.11.14/x64
2026-01-18T23:09:00.1523048Z   Python3_ROOT_DIR: /opt/hostedtoolcache/Python/3.11.14/x64
2026-01-18T23:09:00.1523422Z   LD_LIBRARY_PATH: /opt/hostedtoolcache/Python/3.11.14/x64/lib
2026-01-18T23:09:00.1523734Z ##[endgroup]
2026-01-18T23:09:00.1686955Z ##[group]Run # Use --deep for comprehensive regression suite
2026-01-18T23:09:00.1687409Z [36;1m# Use --deep for comprehensive regression suite[0m
2026-01-18T23:09:00.1687880Z [36;1mpython orchestrator.py --project projects/ci_rahulshetty_shop --deep --force[0m
2026-01-18T23:09:00.1719679Z shell: /usr/bin/bash -e {0}
2026-01-18T23:09:00.1719914Z env:
2026-01-18T23:09:00.1720166Z   pythonLocation: /opt/hostedtoolcache/Python/3.11.14/x64
2026-01-18T23:09:00.1720608Z   PKG_CONFIG_PATH: /opt/hostedtoolcache/Python/3.11.14/x64/lib/pkgconfig
2026-01-18T23:09:00.1721029Z   Python_ROOT_DIR: /opt/hostedtoolcache/Python/3.11.14/x64
2026-01-18T23:09:00.1721396Z   Python2_ROOT_DIR: /opt/hostedtoolcache/Python/3.11.14/x64
2026-01-18T23:09:00.1721959Z   Python3_ROOT_DIR: /opt/hostedtoolcache/Python/3.11.14/x64
2026-01-18T23:09:00.1722387Z   LD_LIBRARY_PATH: /opt/hostedtoolcache/Python/3.11.14/x64/lib
2026-01-18T23:09:00.1722906Z   GOOGLE_API_KEY: ***
2026-01-18T23:09:00.1723132Z   PYTHONPATH: .
2026-01-18T23:09:00.1723309Z ##[endgroup]
2026-01-18T23:09:01.8920422Z 🚀 [DEEP] Extensive mapping enabled (Depth: 3, Pages: 50)
2026-01-18T23:09:01.8920920Z 
2026-01-18T23:09:01.8921752Z 🗺️ [DISCOVERY] Starting Parallel Semantic Crawl on https://rahulshettyacademy.com/seleniumPractise/ (Workers: 3)
2026-01-18T23:09:04.2692729Z   🔍 [Worker 0] Visiting (0): https://rahulshettyacademy.com/seleniumPractise/
2026-01-18T23:09:06.8901690Z [DEBUG] Sending request to gemini-2.0-flash. Number of parts: 1
2026-01-18T23:09:06.8902350Z [DEBUG] Received response (Length: 193)
2026-01-18T23:09:06.8903046Z   🔍 [Worker 1] Visiting (1): https://rahulshettyacademy.com/dropdownsPractise
2026-01-18T23:09:06.8920053Z   🔍 [Worker 2] Visiting (1): https://rahulshettyacademy.com/seleniumPractise
2026-01-18T23:09:06.8941462Z   🔍 [Worker 0] Visiting (1): https://rahulshettyacademy.com
2026-01-18T23:09:12.0258488Z [DEBUG] Sending request to gemini-2.0-flash. Number of parts: 1
2026-01-18T23:09:12.0271996Z [DEBUG] Sending request to gemini-2.0-flash. Number of parts: 1
2026-01-18T23:09:12.0272803Z [DEBUG] Sending request to gemini-2.0-flash. Number of parts: 1
2026-01-18T23:09:12.0284049Z [DEBUG] Received response (Length: 361)
2026-01-18T23:09:12.0285433Z   🔍 [Worker 0] Visiting (2): https://rahulshettyacademy.com/all-access-subscription
2026-01-18T23:09:12.2524795Z [DEBUG] Received response (Length: 516)
2026-01-18T23:09:12.2527814Z   🔍 [Worker 2] Visiting (2): https://courses.rahulshettyacademy.com/p/learn-agentic-ai-build-multi-agent-automation-workflow
2026-01-18T23:09:12.2983711Z [DEBUG] Received response (Length: 641)
2026-01-18T23:09:12.2985293Z   🔍 [Worker 1] Visiting (2): https://courses.rahulshettyacademy.com/sign_in
2026-01-18T23:09:16.7777826Z [DEBUG] Sending request to gemini-2.0-flash. Number of parts: 1
2026-01-18T23:09:16.7778836Z [DEBUG] Sending request to gemini-2.0-flash. Number of parts: 1
2026-01-18T23:09:16.7779578Z [DEBUG] Sending request to gemini-2.0-flash. Number of parts: 1
2026-01-18T23:09:16.7780231Z [DEBUG] Received response (Length: 256)
2026-01-18T23:09:16.7781213Z   🔍 [Worker 2] Visiting (2): https://rahulshettyacademy.com/practice
2026-01-18T23:09:16.9601089Z [DEBUG] Received response (Length: 263)
2026-01-18T23:09:16.9609206Z   🔍 [Worker 1] Visiting (2): https://rahulshettyacademy.com/ai-learning-path
2026-01-18T23:09:17.0319155Z [DEBUG] Received response (Length: 322)
2026-01-18T23:09:17.0320603Z   🔍 [Worker 0] Visiting (2): https://courses.rahulshettyacademy.com/p/rest-api-automation-rest-assured-java
2026-01-18T23:09:18.0906362Z [DEBUG] Sending request to gemini-2.0-flash. Number of parts: 1
2026-01-18T23:09:18.0907496Z [DEBUG] Received response (Length: 279)
2026-01-18T23:09:18.0909014Z   🔍 [Worker 2] Visiting (2): https://rahulshettyacademy.com/mentorship
2026-01-18T23:09:22.8610455Z [DEBUG] Sending request to gemini-2.0-flash. Number of parts: 1
2026-01-18T23:09:22.8611600Z [DEBUG] Sending request to gemini-2.0-flash. Number of parts: 1
2026-01-18T23:09:22.8612995Z [DEBUG] Sending request to gemini-2.0-flash. Number of parts: 1
2026-01-18T23:09:22.8614539Z [DEBUG] Received response (Length: 201)
2026-01-18T23:09:22.8615543Z   🔍 [Worker 1] Visiting (2): https://rahulshettyacademy.com/blog
2026-01-18T23:09:22.9733075Z [DEBUG] Received response (Length: 304)
2026-01-18T23:09:22.9733719Z [DEBUG] Received response (Length: 329)
2026-01-18T23:09:22.9741067Z   🔍 [Worker 2] Visiting (2): https://courses.rahulshettyacademy.com/p/selenium-webdriver-interview-questions-tutorial-1
2026-01-18T23:09:22.9827663Z   🔍 [Worker 0] Visiting (2): https://courses.rahulshettyacademy.com/p/learn-generativen-ai-in-software-testing
2026-01-18T23:09:27.8963314Z [DEBUG] Sending request to gemini-2.0-flash. Number of parts: 1
2026-01-18T23:09:27.8964011Z [DEBUG] Sending request to gemini-2.0-flash. Number of parts: 1
2026-01-18T23:09:27.8964986Z [DEBUG] Sending request to gemini-2.0-flash. Number of parts: 1
2026-01-18T23:09:27.8965522Z [DEBUG] Received response (Length: 247)
2026-01-18T23:09:27.8966537Z   🔍 [Worker 0] Visiting (2): https://courses.rahulshettyacademy.com/sign_up
2026-01-18T23:09:27.9947721Z [DEBUG] Received response (Length: 392)
2026-01-18T23:09:27.9949007Z [DEBUG] Received response (Length: 342)
2026-01-18T23:09:27.9955169Z   🔍 [Worker 1] Visiting (2): https://rahulshettyacademy.com/contact-us
2026-01-18T23:09:28.0043333Z   🔍 [Worker 2] Visiting (2): https://courses.rahulshettyacademy.com/p/playwright-js-ts-automation-testing-from-scratch-framework
2026-01-18T23:09:32.8097152Z [DEBUG] Sending request to gemini-2.0-flash. Number of parts: 1
2026-01-18T23:09:32.8098475Z [DEBUG] Sending request to gemini-2.0-flash. Number of parts: 1
2026-01-18T23:09:32.8099476Z [DEBUG] Sending request to gemini-2.0-flash. Number of parts: 1
2026-01-18T23:09:32.8100173Z [DEBUG] Received response (Length: 314)
2026-01-18T23:09:32.8107078Z   🔍 [Worker 2] Visiting (2): https://rahulshettyacademy.com/learning-paths
2026-01-18T23:09:32.8992627Z [DEBUG] Received response (Length: 232)
2026-01-18T23:09:32.9001497Z   🔍 [Worker 1] Visiting (2): https://courses.rahulshettyacademy.com/courses
2026-01-18T23:09:33.0135032Z [DEBUG] Received response (Length: 361)
2026-01-18T23:09:33.0137093Z   🔍 [Worker 0] Visiting (2): https://rahulshettyacademy.com/dropdownsPractise/Cargo.html
2026-01-18T23:09:37.8883523Z [DEBUG] Sending request to gemini-2.0-flash. Number of parts: 1
2026-01-18T23:09:37.8884268Z [DEBUG] Sending request to gemini-2.0-flash. Number of parts: 1
2026-01-18T23:09:37.8884916Z [DEBUG] Sending request to gemini-2.0-flash. Number of parts: 1
2026-01-18T23:09:37.8885489Z [DEBUG] Received response (Length: 240)
2026-01-18T23:09:37.8886700Z   🔍 [Worker 1] Visiting (2): https://rahulshettyacademy.com/dropdownsPractise/cdn-cgi/l/email-protection.html
2026-01-18T23:09:38.1524625Z [DEBUG] Received response (Length: 443)
2026-01-18T23:09:38.1527762Z   🔍 [Worker 0] Visiting (3): https://courses.rahulshettyacademy.com/courses/learn-agentic-ai-build-multi-agent-automation-workflow/lectures/62498093
2026-01-18T23:09:38.2050545Z [DEBUG] Received response (Length: 309)
2026-01-18T23:09:38.2052310Z   🔍 [Worker 2] Visiting (3): https://courses.rahulshettyacademy.com/courses/learn-agentic-ai-build-multi-agent-automation-workflow/lectures/62497991
2026-01-18T23:09:43.0080611Z [DEBUG] Sending request to gemini-2.0-flash. Number of parts: 1
2026-01-18T23:09:43.0081945Z [DEBUG] Sending request to gemini-2.0-flash. Number of parts: 1
2026-01-18T23:09:43.0088529Z [DEBUG] Sending request to gemini-2.0-flash. Number of parts: 1
2026-01-18T23:09:43.0089836Z [DEBUG] Received response (Length: 262)
2026-01-18T23:09:43.0091769Z   🔍 [Worker 0] Visiting (3): https://courses.rahulshettyacademy.com/courses/learn-agentic-ai-build-multi-agent-automation-workflow/lectures/62498098
2026-01-18T23:09:43.0606291Z [DEBUG] Received response (Length: 362)
2026-01-18T23:09:43.0608903Z   🔍 [Worker 2] Visiting (3): https://courses.rahulshettyacademy.com/courses/learn-agentic-ai-build-multi-agent-automation-workflow/lectures/62497988
2026-01-18T23:09:43.1722522Z [DEBUG] Received response (Length: 404)
2026-01-18T23:09:43.1724309Z   🔍 [Worker 1] Visiting (3): https://courses.rahulshettyacademy.com/courses/learn-agentic-ai-build-multi-agent-automation-workflow/lectures/62498109
2026-01-18T23:09:48.0760849Z [DEBUG] Sending request to gemini-2.0-flash. Number of parts: 1
2026-01-18T23:09:48.0769955Z [DEBUG] Sending request to gemini-2.0-flash. Number of parts: 1
2026-01-18T23:09:48.0770993Z [DEBUG] Sending request to gemini-2.0-flash. Number of parts: 1
2026-01-18T23:09:48.0772047Z [DEBUG] Received response (Length: 425)
2026-01-18T23:09:48.0774042Z   🔍 [Worker 2] Visiting (3): https://courses.rahulshettyacademy.com/courses/learn-agentic-ai-build-multi-agent-automation-workflow/lectures/62498091
2026-01-18T23:09:48.1376720Z [DEBUG] Received response (Length: 447)
2026-01-18T23:09:48.1378906Z   🔍 [Worker 0] Visiting (3): https://courses.rahulshettyacademy.com/courses/learn-agentic-ai-build-multi-agent-automation-workflow/lectures/62497960
2026-01-18T23:09:48.1895925Z [DEBUG] Received response (Length: 460)
2026-01-18T23:09:48.1897720Z   🔍 [Worker 1] Visiting (3): https://courses.rahulshettyacademy.com/courses/learn-agentic-ai-build-multi-agent-automation-workflow/lectures/62498069
2026-01-18T23:09:50.5507723Z [DEBUG] Sending request to gemini-2.0-flash. Number of parts: 1
2026-01-18T23:09:50.5516987Z [DEBUG] Received response (Length: 362)
2026-01-18T23:09:50.5518905Z   🔍 [Worker 2] Visiting (3): https://courses.rahulshettyacademy.com/courses/learn-agentic-ai-build-multi-agent-automation-workflow/lectures/62498112
2026-01-18T23:09:55.5927500Z [DEBUG] Sending request to gemini-2.0-flash. Number of parts: 1
2026-01-18T23:09:55.5932164Z [DEBUG] Sending request to gemini-2.0-flash. Number of parts: 1
2026-01-18T23:09:55.5932986Z [DEBUG] Sending request to gemini-2.0-flash. Number of parts: 1
2026-01-18T23:09:55.5933629Z [DEBUG] Received response (Length: 403)
2026-01-18T23:09:55.5935535Z   🔍 [Worker 0] Visiting (3): https://courses.rahulshettyacademy.com/courses/learn-agentic-ai-build-multi-agent-automation-workflow/lectures/62498031
2026-01-18T23:09:55.7085254Z [DEBUG] Received response (Length: 481)
2026-01-18T23:09:55.7088128Z   🔍 [Worker 2] Visiting (3): https://courses.rahulshettyacademy.com/courses/learn-agentic-ai-build-multi-agent-automation-workflow/lectures/62497981
2026-01-18T23:09:55.7450898Z [DEBUG] Received response (Length: 425)
2026-01-18T23:09:55.7453472Z   🔍 [Worker 1] Visiting (3): https://courses.rahulshettyacademy.com/courses/learn-agentic-ai-build-multi-agent-automation-workflow/lectures/62497961
2026-01-18T23:10:00.3879201Z [DEBUG] Sending request to gemini-2.0-flash. Number of parts: 1
2026-01-18T23:10:00.3880205Z [DEBUG] Sending request to gemini-2.0-flash. Number of parts: 1
2026-01-18T23:10:00.3881102Z [DEBUG] Sending request to gemini-2.0-flash. Number of parts: 1
2026-01-18T23:10:00.3881839Z [DEBUG] Received response (Length: 353)
2026-01-18T23:10:00.3882958Z   🔍 [Worker 2] Visiting (3): https://rahulshettyacademy.com/practice-project
2026-01-18T23:10:00.4665921Z [DEBUG] Received response (Length: 389)
2026-01-18T23:10:00.4667716Z   🔍 [Worker 1] Visiting (3): https://courses.rahulshettyacademy.com/courses/learn-agentic-ai-build-multi-agent-automation-workflow/lectures/62498123
2026-01-18T23:10:00.5171737Z [DEBUG] Received response (Length: 389)
2026-01-18T23:10:00.5173615Z   🔍 [Worker 0] Visiting (3): https://courses.rahulshettyacademy.com/courses/learn-agentic-ai-build-multi-agent-automation-workflow/lectures/62498032
2026-01-18T23:10:05.3596006Z [DEBUG] Sending request to gemini-2.0-flash. Number of parts: 1
2026-01-18T23:10:05.3599195Z [DEBUG] Sending request to gemini-2.0-flash. Number of parts: 1
2026-01-18T23:10:05.3600362Z [DEBUG] Sending request to gemini-2.0-flash. Number of parts: 1
2026-01-18T23:10:05.3601274Z [DEBUG] Received response (Length: 216)
2026-01-18T23:10:05.3603243Z   🔍 [Worker 2] Visiting (3): https://courses.rahulshettyacademy.com/courses/learn-agentic-ai-build-multi-agent-automation-workflow/lectures/62498132
2026-01-18T23:10:05.5084878Z [DEBUG] Received response (Length: 412)
2026-01-18T23:10:05.5087248Z   🔍 [Worker 0] Visiting (3): https://courses.rahulshettyacademy.com/p/terms
2026-01-18T23:10:05.5742956Z [DEBUG] Received response (Length: 463)
2026-01-18T23:10:05.5745107Z   🔍 [Worker 1] Visiting (3): https://courses.rahulshettyacademy.com/courses/learn-agentic-ai-build-multi-agent-automation-workflow/lectures/62498003
2026-01-18T23:10:10.4987571Z [DEBUG] Sending request to gemini-2.0-flash. Number of parts: 1
2026-01-18T23:10:10.4988950Z [DEBUG] Sending request to gemini-2.0-flash. Number of parts: 1
2026-01-18T23:10:10.4991329Z [DEBUG] Sending request to gemini-2.0-flash. Number of parts: 1
2026-01-18T23:10:10.4991955Z [DEBUG] Received response (Length: 334)
2026-01-18T23:10:10.4994122Z   🔍 [Worker 2] Visiting (3): https://courses.rahulshettyacademy.com/courses/learn-agentic-ai-build-multi-agent-automation-workflow/lectures/62551332
2026-01-18T23:10:10.5778859Z [DEBUG] Received response (Length: 455)
2026-01-18T23:10:10.5780486Z   🔍 [Worker 0] Visiting (3): https://courses.rahulshettyacademy.com/courses/learn-agentic-ai-build-multi-agent-automation-workflow/lectures/62498075
2026-01-18T23:10:10.6257673Z [DEBUG] Received response (Length: 364)
2026-01-18T23:10:10.6260153Z   🔍 [Worker 1] Visiting (3): https://courses.rahulshettyacademy.com/courses/learn-agentic-ai-build-multi-agent-automation-workflow/lectures/62498079
2026-01-18T23:10:12.8996785Z [DEBUG] Sending request to gemini-2.0-flash. Number of parts: 1
2026-01-18T23:10:12.9003043Z [DEBUG] Received response (Length: 363)
2026-01-18T23:10:12.9004760Z   🔍 [Worker 2] Visiting (3): https://courses.rahulshettyacademy.com/courses/learn-agentic-ai-build-multi-agent-automation-workflow/lectures/62497974
2026-01-18T23:10:17.9160351Z [DEBUG] Sending request to gemini-2.0-flash. Number of parts: 1
2026-01-18T23:10:17.9174120Z [DEBUG] Sending request to gemini-2.0-flash. Number of parts: 1
2026-01-18T23:10:17.9175268Z [DEBUG] Sending request to gemini-2.0-flash. Number of parts: 1
2026-01-18T23:10:17.9176462Z [DEBUG] Received response (Length: 349)
2026-01-18T23:10:17.9178262Z   🔍 [Worker 0] Visiting (3): https://courses.rahulshettyacademy.com/courses/learn-agentic-ai-build-multi-agent-automation-workflow/lectures/62497986
2026-01-18T23:10:18.0399428Z [DEBUG] Received response (Length: 326)
2026-01-18T23:10:18.0400888Z [DEBUG] Received response (Length: 394)
2026-01-18T23:10:18.0402549Z   🔍 [Worker 2] Visiting (3): https://courses.rahulshettyacademy.com/courses/learn-agentic-ai-build-multi-agent-automation-workflow/lectures/62497958
2026-01-18T23:10:18.0473081Z   🔍 [Worker 1] Visiting (3): https://courses.rahulshettyacademy.com/courses/learn-agentic-ai-build-multi-agent-automation-workflow/lectures/62498065
2026-01-18T23:10:20.5348281Z [DEBUG] Sending request to gemini-2.0-flash. Number of parts: 1
2026-01-18T23:10:20.5366767Z [DEBUG] Received response (Length: 320)
2026-01-18T23:10:20.5369854Z   🔍 [Worker 0] Visiting (3): https://courses.rahulshettyacademy.com/courses/learn-agentic-ai-build-multi-agent-automation-workflow/lectures/62497965
2026-01-18T23:10:25.4435384Z [DEBUG] Sending request to gemini-2.0-flash. Number of parts: 1
2026-01-18T23:10:25.4438877Z [DEBUG] Sending request to gemini-2.0-flash. Number of parts: 1
2026-01-18T23:10:25.4454167Z [DEBUG] Sending request to gemini-2.0-flash. Number of parts: 1
2026-01-18T23:10:25.4454819Z [DEBUG] Received response (Length: 304)
2026-01-18T23:10:25.4455787Z   🔍 [Worker 1] Visiting (3): https://courses.rahulshettyacademy.com
2026-01-18T23:10:25.5191613Z [DEBUG] Received response (Length: 406)
2026-01-18T23:10:25.5193417Z   🔍 [Worker 2] Visiting (3): https://courses.rahulshettyacademy.com/courses/learn-agentic-ai-build-multi-agent-automation-workflow/lectures/62498036
2026-01-18T23:10:25.6139463Z [DEBUG] Received response (Length: 309)
2026-01-18T23:10:25.6141768Z   🔍 [Worker 0] Visiting (3): https://courses.rahulshettyacademy.com/courses/learn-agentic-ai-build-multi-agent-automation-workflow/lectures/62498125
2026-01-18T23:10:30.3825187Z [DEBUG] Sending request to gemini-2.0-flash. Number of parts: 1
2026-01-18T23:10:30.3825986Z [DEBUG] Sending request to gemini-2.0-flash. Number of parts: 1
2026-01-18T23:10:30.3826709Z [DEBUG] Sending request to gemini-2.0-flash. Number of parts: 1
2026-01-18T23:10:30.3827302Z [DEBUG] Received response (Length: 312)
2026-01-18T23:10:30.3829259Z   🔍 [Worker 1] Visiting (3): https://courses.rahulshettyacademy.com/courses/learn-agentic-ai-build-multi-agent-automation-workflow/lectures/62498099
2026-01-18T23:10:30.4324454Z [DEBUG] Received response (Length: 324)
2026-01-18T23:10:30.4326166Z   🔍 [Worker 2] Visiting (3): https://courses.rahulshettyacademy.com/courses/learn-agentic-ai-build-multi-agent-automation-workflow/lectures/62498126
2026-01-18T23:10:37.5399255Z [DEBUG] Received response (Length: 367)
2026-01-18T23:10:37.5400420Z [DEBUG] Sending request to gemini-2.0-flash. Number of parts: 1
2026-01-18T23:10:37.5404765Z [DEBUG] Received response (Length: 344)
2026-01-18T23:10:37.5405633Z [DEBUG] Sending request to gemini-2.0-flash. Number of parts: 1
2026-01-18T23:10:37.5406260Z [DEBUG] Received response (Length: 276)
2026-01-18T23:10:37.5407009Z ✅ Discovery Complete. Mapped 50 pages.
2026-01-18T23:10:47.1180306Z 
2026-01-18T23:10:47.1181999Z [PLAN] PLANNER: Planning goal -> 'Search and add items to cart' (Deep Mode: True)
2026-01-18T23:10:47.1183092Z 🗺️ [PLAN] Loaded Sitemap with 50 pages.
2026-01-18T23:10:47.1183975Z 🎭 [EXPERT] Detected Domain: ECOMMERCE. Persona: Act as a Senior SDET focusing on e-commerce flow automation and conversion funnel reliability
2026-01-18T23:10:47.1184668Z [DEBUG] Sending request to gemini-2.0-flash. Number of parts: 1
2026-01-18T23:10:47.1185024Z [DEBUG] Received response (Length: 4096)
2026-01-18T23:10:47.1185402Z ✅ Planner generated 3 scenarios. Workflow updated.
2026-01-18T23:10:48.1457548Z 
2026-01-18T23:10:48.1458970Z 🕵️ [DEEP EXPLORER] Starting Multi-Scenario Exploration
2026-01-18T23:10:48.1459878Z 📋 Found 3 scenarios to explore.
2026-01-18T23:10:48.5133159Z 
2026-01-18T23:10:48.5133705Z [1/3] Exploring Scenario: Search and Add Items to Cart
2026-01-18T23:10:48.5134897Z     🧠 Initialized exploration context for goal: 'Search and add items to cart'
2026-01-18T23:10:48.5135712Z   ▶️ [STEP step_1] NAVIGATE: 
2026-01-18T23:10:50.8142164Z     ✅ Navigated to https://rahulshettyacademy.com/seleniumPractise/
2026-01-18T23:10:50.8143405Z   ▶️ [STEP step_2] ASSERT_VISIBLE: GreenKart - veg and fruits kart
2026-01-18T23:10:50.8327418Z     🔍 Mining locators for: 'GreenKart - veg and fruits kart'
2026-01-18T23:10:50.9942411Z     🧠 Consulting AI (Vision-First) to find 'GreenKart - veg and fruits kart'...
2026-01-18T23:10:50.9945042Z     🧠 [EXPERT] Strategy: Act as a Senior SDET focusing on e-commerce flow automation and conversion funnel reliability. Focus on the complete shopping funnel (Search -> Product Selection -> Add to Cart -> Checkout). CRITICAL: Identify SEARCH BARS, magnifying glass icons, and 'Add to Cart' buttons as primary automation targets. Dismiss popups that block the flow. For product lists, default to selecting the FIRST available item for consistent automation.
2026-01-18T23:10:52.3505958Z [DEBUG] Sending request to gemini-2.0-flash. Number of parts: 2
2026-01-18T23:10:52.3506576Z [DEBUG] Received response (Length: 182)
2026-01-18T23:10:52.3507445Z     💡 Expert Suggestion: Search bar is likely on the Products page.
2026-01-18T23:10:52.3508416Z     🛠️ Executing corrective action: click -> 'Products'
2026-01-18T23:10:52.4429124Z     🔄 Retry 1/3 mining locators for 'GreenKart - veg and fruits kart'...
2026-01-18T23:10:53.5264764Z     🧠 Consulting AI (Vision-First) to find 'GreenKart - veg and fruits kart'...
2026-01-18T23:10:53.5268817Z     🧠 [EXPERT] Strategy: Act as a Senior SDET focusing on e-commerce flow automation and conversion funnel reliability. Focus on the complete shopping funnel (Search -> Product Selection -> Add to Cart -> Checkout). CRITICAL: Identify SEARCH BARS, magnifying glass icons, and 'Add to Cart' buttons as primary automation targets. Dismiss popups that block the flow. For product lists, default to selecting the FIRST available item for consistent automation.
2026-01-18T23:10:57.4753871Z [DEBUG] Sending request to gemini-2.0-flash. Number of parts: 2
2026-01-18T23:10:57.4754297Z [DEBUG] Received response (Length: 297)
2026-01-18T23:10:57.4755336Z     💡 Expert Suggestion: The target 'GreenKart - veg and fruits kart' is not visible on the current page. The text 'Vegetables and i' is visible and might lead to the target.
2026-01-18T23:10:57.4756200Z     🛠️ Executing corrective action: click -> 'Vegetables and i'
2026-01-18T23:10:57.5597523Z     🔄 Retry 2/3 mining locators for 'GreenKart - veg and fruits kart'...
2026-01-18T23:10:58.5610018Z     🗑️ Invalidating stale AI cache (retry 2)...
2026-01-18T23:10:58.5611710Z     ⚠️ Cache invalidation warning: No module named 'core.agents.domain_expert'
2026-01-18T23:10:58.6759267Z     🧠 Consulting AI (Vision-First) to find 'GreenKart - veg and fruits kart'...
2026-01-18T23:10:58.6763129Z     🧠 [EXPERT] Strategy: Act as a Senior SDET focusing on e-commerce flow automation and conversion funnel reliability. Focus on the complete shopping funnel (Search -> Product Selection -> Add to Cart -> Checkout). CRITICAL: Identify SEARCH BARS, magnifying glass icons, and 'Add to Cart' buttons as primary automation targets. Dismiss popups that block the flow. For product lists, default to selecting the FIRST available item for consistent automation.
2026-01-18T23:10:58.6765553Z [CACHE HIT] cdaaa9e1... (hits: 1, misses: 2)
2026-01-18T23:10:58.6766257Z     ⚠️ Skipping duplicate injection: Vegetables and i
2026-01-18T23:10:58.6767229Z     🧠 Verifying step validity for 'GreenKart - veg and fruits kart' after no candidates found...
2026-01-18T23:11:02.1036777Z [DEBUG] Sending request to gemini-2.0-flash. Number of parts: 2
2026-01-18T23:11:02.1037238Z [DEBUG] Received response (Length: 271)
2026-01-18T23:11:02.1039025Z     🗑️ Step deemed INVALID: The cart is currently empty, and the screenshot does not show the main page with the list of vegetables. Therefore, the element 'GreenKart - veg and fruits kart' is not visible, and we cannot interact with it.. Removing from workflow.
2026-01-18T23:11:02.1040342Z     ⏭️ Skipping execution of invalid step: GreenKart - veg and fruits kart
2026-01-18T23:11:02.1040753Z   ▶️ [STEP step_3] FILL: Search
2026-01-18T23:11:02.1102772Z     🔍 Mining locators for: 'Search'
2026-01-18T23:11:02.2208524Z     ✅ Found 2 verified locators
2026-01-18T23:11:08.2649828Z     ⚠️ Action failed: Locator.click: Timeout 5000ms exceeded.
2026-01-18T23:11:08.2650484Z Call log:
2026-01-18T23:11:08.2650753Z ...
2026-01-18T23:11:09.4835972Z [DEBUG] Sending request to gemini-2.0-flash. Number of parts: 2
2026-01-18T23:11:09.4836505Z [DEBUG] Received response (Length: 181)
2026-01-18T23:11:09.4837425Z     ✨ AI Heal Reasoning: The input field with type 'search' is the most likely element to be used for searching items on the page.
2026-01-18T23:11:09.4838403Z     ✨ AI healed exploration action! New selector: input[type='search']
2026-01-18T23:11:15.4107543Z   ▶️ [STEP step_4] WAIT: 
2026-01-18T23:11:20.4256840Z     ⚠️ Scroll into view failed for text=None. Proceeding anyway.
2026-01-18T23:11:22.4279514Z     ✅ State transitioned.
2026-01-18T23:11:23.8640102Z [DEBUG] Sending request to gemini-2.0-flash. Number of parts: 2
2026-01-18T23:11:23.8640747Z [DEBUG] Received response (Length: 265)
2026-01-18T23:11:23.8641678Z     🤖 AI Next Step Suggestion: fill -> Search for Vegetables and Fruits
2026-01-18T23:11:23.8642316Z     🧩 Suggested Locator: input
2026-01-18T23:11:23.8643007Z     💭 Reasoning: The goal is to search and add items to cart. The previous attempt to fill the search bar failed. Trying again with a specific item.
2026-01-18T23:11:23.8643740Z     ➕ Injected AI step: fill -> Search for Vegetables and Fruits
2026-01-18T23:11:23.8644232Z   ▶️ [STEP step_4_ai_1] FILL: Search for Vegetables and Fruits
2026-01-18T23:11:23.8698564Z     🎯 Using AI-provided locator: input
2026-01-18T23:11:23.8756757Z     ✅ Found 1 verified locators
2026-01-18T23:11:29.8396867Z     ✅ State transitioned.
2026-01-18T23:11:31.0388123Z [DEBUG] Sending request to gemini-2.0-flash. Number of parts: 2
2026-01-18T23:11:31.0388790Z [DEBUG] Received response (Length: 233)
2026-01-18T23:11:31.0389606Z     🤖 AI Next Step Suggestion: click -> ADD TO CART
2026-01-18T23:11:31.0390270Z     🧩 Suggested Locator: button:nth-of-type(1)
2026-01-18T23:11:31.0391079Z     💭 Reasoning: The goal is to add items to the cart. The first item 'Cucumber' is visible, so clicking 'ADD TO CART' will add it to the cart.
2026-01-18T23:11:31.0391743Z     ➕ Injected AI step: click -> ADD TO CART
2026-01-18T23:11:31.0392070Z   ▶️ [STEP step_4_ai_2] CLICK: ADD TO CART
2026-01-18T23:11:31.0445462Z     🎯 Using AI-provided locator: button:nth-of-type(1)
2026-01-18T23:11:31.0504968Z     ✅ Found 1 verified locators
2026-01-18T23:11:35.1260856Z     ✅ State transitioned.
2026-01-18T23:11:36.7259458Z [DEBUG] Sending request to gemini-2.0-flash. Number of parts: 2
2026-01-18T23:11:36.7260214Z [DEBUG] Received response (Length: 367)
2026-01-18T23:11:36.7261178Z     🤖 AI Next Step Suggestion: fill -> Search for Vegetables and Fruits
2026-01-18T23:11:36.7262186Z     🧩 Suggested Locator: input[placeholder='Search for Vegetables and Fruits']
2026-01-18T23:11:36.7264126Z     💭 Reasoning: The previous search was for 'Vegetables and Fruits'. Now, let's search for a specific item, 'Cucumber', to add to the cart. This progresses towards the goal of adding items to the cart.
2026-01-18T23:11:36.7265786Z     ➕ Injected AI step: fill -> Search for Vegetables and Fruits
2026-01-18T23:11:36.7266583Z   ▶️ [STEP step_4_ai_3] FILL: Search for Vegetables and Fruits
2026-01-18T23:11:36.7324468Z     🎯 Using AI-provided locator: input[placeholder='Search for Vegetables and Fruits']
2026-01-18T23:11:36.7382886Z     ✅ Found 1 verified locators
2026-01-18T23:11:42.9807408Z     ✅ State transitioned.
2026-01-18T23:11:42.9857716Z     🔄 Revisited state detected (count: 1)
2026-01-18T23:11:44.6052866Z [DEBUG] Sending request to gemini-2.0-flash. Number of parts: 2
2026-01-18T23:11:44.6053649Z [DEBUG] Received response (Length: 338)
2026-01-18T23:11:44.6054644Z     🤖 AI Next Step Suggestion: fill -> Search for Vegetables and Fruits
2026-01-18T23:11:44.6055497Z     🧩 Suggested Locator: input
2026-01-18T23:11:44.6057425Z     💭 Reasoning: The goal is to search and add items to the cart. The last action was filling the search bar, but it seems to have failed. I will try again to fill the search bar with 'Vegetables and Fruits'.
2026-01-18T23:11:44.6059682Z ⚠️ Loop detected: same AI suggestion repeated 2 times. Moving to next step.
2026-01-18T23:11:44.6060574Z   ▶️ [STEP step_5] CLICK: ADD TO CART
2026-01-18T23:11:44.6112761Z     🔍 Mining locators for: 'ADD TO CART'
2026-01-18T23:11:44.6662281Z     ✅ Found 2 verified locators
2026-01-18T23:11:48.2239371Z     ✅ State transitioned.
2026-01-18T23:11:49.8073335Z [DEBUG] Sending request to gemini-2.0-flash. Number of parts: 2
2026-01-18T23:11:49.8074332Z [DEBUG] Received response (Length: 236)
2026-01-18T23:11:49.8075593Z     🤖 AI Next Step Suggestion: fill -> Search for Vegetables and Fruits
2026-01-18T23:11:49.8076646Z     🧩 Suggested Locator: input
2026-01-18T23:11:49.8078379Z     💭 Reasoning: The last action failed to search, so we are retrying to search for Vegetables and Fruits.
2026-01-18T23:11:49.8080086Z     ➕ Injected AI step: fill -> Search for Vegetables and Fruits
2026-01-18T23:11:49.8081328Z   ▶️ [STEP step_5_ai_1] FILL: Search for Vegetables and Fruits
2026-01-18T23:11:49.8134744Z     🎯 Using AI-provided locator: input
2026-01-18T23:11:49.8188504Z     ✅ Found 1 verified locators
2026-01-18T23:11:56.0152005Z     ✅ State transitioned.
2026-01-18T23:11:57.6540741Z [DEBUG] Sending request to gemini-2.0-flash. Number of parts: 2
2026-01-18T23:11:57.6541446Z [DEBUG] Received response (Length: 341)
2026-01-18T23:11:57.6542183Z     🤖 AI Next Step Suggestion: fill -> Search for Vegetables and Fruits
2026-01-18T23:11:57.6542927Z     🧩 Suggested Locator: input
2026-01-18T23:11:57.6544100Z     💭 Reasoning: The previous search failed. The page displays 'Sorry, no products matched your search!' and suggests entering a different keyword. I will try searching for 'Cucumber' since it is listed as a visible element.
2026-01-18T23:11:57.6545360Z ⚠️ Loop detected: same AI suggestion repeated 2 times. Moving to next step.
2026-01-18T23:11:57.6545830Z   ▶️ [STEP step_6] ASSERT_VISIBLE: 1
2026-01-18T23:11:57.6595885Z     🔍 Mining locators for: '1'
2026-01-18T23:11:57.7439187Z     ✅ Found 4 verified locators
2026-01-18T23:12:00.2765913Z     ✅ State transitioned.
2026-01-18T23:12:02.4352253Z [DEBUG] Sending request to gemini-2.0-flash. Number of parts: 2
2026-01-18T23:12:02.4352984Z [DEBUG] Received response (Length: 293)
2026-01-18T23:12:02.4354351Z     🤖 AI Next Step Suggestion: fill -> Search for Vegetables and Fruits
2026-01-18T23:12:02.4355181Z     🧩 Suggested Locator: input
2026-01-18T23:12:02.4356912Z     💭 Reasoning: The previous search failed. The page displays 'Sorry, no products matched your search!' so we need to try a different keyword. Cucumber is visible on the page.
2026-01-18T23:12:02.4358916Z     ➕ Injected AI step: fill -> Search for Vegetables and Fruits
2026-01-18T23:12:02.4359853Z   ▶️ [STEP step_6_ai_1] FILL: Search for Vegetables and Fruits
2026-01-18T23:12:02.4412973Z     🎯 Using AI-provided locator: input
2026-01-18T23:12:02.4468682Z     ✅ Found 1 verified locators
2026-01-18T23:12:08.1592426Z     ✅ State transitioned.
2026-01-18T23:12:09.5170596Z [DEBUG] Sending request to gemini-2.0-flash. Number of parts: 2
2026-01-18T23:12:09.5171328Z [DEBUG] Received response (Length: 231)
2026-01-18T23:12:09.5172346Z     🤖 AI Next Step Suggestion: fill -> Search for Vegetables and Fruits
2026-01-18T23:12:09.5173126Z     🧩 Suggested Locator: input
2026-01-18T23:12:09.5174205Z     💭 Reasoning: The last action was adding to cart, now we need to search again to add another item.
2026-01-18T23:12:09.5175548Z ⚠️ Loop detected: same AI suggestion repeated 2 times. Moving to next step.
2026-01-18T23:12:09.5178200Z   ▶️ [STEP step_7] FILL: Search
2026-01-18T23:12:09.5229632Z     🔍 Mining locators for: 'Search'
2026-01-18T23:12:09.5870781Z     ✅ Found 2 verified locators
2026-01-18T23:12:15.6283458Z     ⚠️ Action failed: Locator.click: Timeout 5000ms exceeded.
2026-01-18T23:12:15.6286048Z Call log:
2026-01-18T23:12:15.6286269Z ...
2026-01-18T23:12:16.7483924Z [DEBUG] Sending request to gemini-2.0-flash. Number of parts: 2
2026-01-18T23:12:16.7484589Z [DEBUG] Received response (Length: 174)
2026-01-18T23:12:16.7485493Z     ✨ AI Heal Reasoning: The element is an input field with type 'search', which is commonly used for search functionality.
2026-01-18T23:12:16.7486276Z     ✨ AI healed exploration action! New selector: input[type='search']
2026-01-18T23:12:22.3328606Z   ▶️ [STEP step_8] WAIT: 
2026-01-18T23:12:27.3477653Z     ⚠️ Scroll into view failed for text=None. Proceeding anyway.
2026-01-18T23:12:29.3500741Z     ✅ State transitioned.
2026-01-18T23:12:30.8694813Z [DEBUG] Sending request to gemini-2.0-flash. Number of parts: 2
2026-01-18T23:12:30.8695549Z [DEBUG] Received response (Length: 202)
2026-01-18T23:12:30.8696388Z     🤖 AI Next Step Suggestion: click -> ADD TO CART
2026-01-18T23:12:30.8697105Z     🧩 Suggested Locator: button:nth-of-type(1)
2026-01-18T23:12:30.8698500Z     💭 Reasoning: The goal is to add items to the cart. The first 'ADD TO CART' button is now available to click.
2026-01-18T23:12:30.8699663Z     ➕ Injected AI step: click -> ADD TO CART
2026-01-18T23:12:30.8700317Z   ▶️ [STEP step_8_ai_1] CLICK: ADD TO CART
2026-01-18T23:12:30.8755057Z     🎯 Using AI-provided locator: button:nth-of-type(1)
2026-01-18T23:12:30.8811904Z     ✅ Found 1 verified locators
2026-01-18T23:12:34.9329373Z     ✅ State transitioned.
2026-01-18T23:12:36.3039094Z [DEBUG] Sending request to gemini-2.0-flash. Number of parts: 2
2026-01-18T23:12:36.3039586Z [DEBUG] Received response (Length: 237)
2026-01-18T23:12:36.3040272Z     🤖 AI Next Step Suggestion: click -> ADD TO CART
2026-01-18T23:12:36.3043657Z     🧩 Suggested Locator: button:nth-of-type(1)
2026-01-18T23:12:36.3045124Z     💭 Reasoning: The goal is to add items to the cart. The 'ADD TO CART' button is visible and available for the first item in the list (Brocolli).
2026-01-18T23:12:36.3046639Z ⚠️ Loop detected: same AI suggestion repeated 2 times. Moving to next step.
2026-01-18T23:12:36.3047516Z   ▶️ [STEP step_9] CLICK: ADD TO CART
2026-01-18T23:12:36.3107208Z     🔍 Mining locators for: 'ADD TO CART'
2026-01-18T23:12:36.3636646Z     ✅ Found 2 verified locators
2026-01-18T23:12:39.9194835Z     ✅ State transitioned.
2026-01-18T23:12:41.3141299Z [DEBUG] Sending request to gemini-2.0-flash. Number of parts: 2
2026-01-18T23:12:41.3142056Z [DEBUG] Received response (Length: 163)
2026-01-18T23:12:41.3143289Z     🤖 AI Next Step Suggestion: click -> CHECKOUT
2026-01-18T23:12:41.3144094Z     🧩 Suggested Locator: #checkoutModalBtnOne
2026-01-18T23:12:41.3145142Z     💭 Reasoning: Brocolli has been added to the cart. Proceeding to checkout.
2026-01-18T23:12:41.3146257Z     ➕ Injected AI step: click -> CHECKOUT
2026-01-18T23:12:41.3146937Z   ▶️ [STEP step_9_ai_1] CLICK: CHECKOUT
2026-01-18T23:12:41.3199715Z     🎯 Using AI-provided locator: #checkoutModalBtnOne
2026-01-18T23:12:41.3255924Z     ✅ Found 1 verified locators
2026-01-18T23:12:45.3789353Z     ✅ State transitioned.
2026-01-18T23:12:46.8368336Z [DEBUG] Sending request to gemini-2.0-flash. Number of parts: 2
2026-01-18T23:12:46.8369011Z [DEBUG] Received response (Length: 153)
2026-01-18T23:12:46.8369593Z     🤖 AI Next Step Suggestion: done -> N/A
2026-01-18T23:12:46.8370461Z     💭 Reasoning: The order has been placed successfully and the page is redirecting back to the cart. The goal has been achieved.
2026-01-18T23:12:46.8371471Z   ▶️ [STEP step_10] ASSERT_VISIBLE: 2
2026-01-18T23:12:46.8424673Z     🔍 Mining locators for: '2'
2026-01-18T23:12:46.9437069Z     ✅ Found 3 verified locators
2026-01-18T23:12:49.4749639Z     ✅ State transitioned.
2026-01-18T23:12:49.4801087Z     🔄 Revisited state detected (count: 1)
2026-01-18T23:12:51.9297819Z [DEBUG] Sending request to gemini-2.0-flash. Number of parts: 2
2026-01-18T23:12:51.9298666Z [DEBUG] Received response (Length: 317)
2026-01-18T23:12:51.9299338Z     🤖 AI Next Step Suggestion: fill -> Search for Vegetables and Fruits
2026-01-18T23:12:51.9299955Z     🧩 Suggested Locator: input[placeholder='Search for Vegetables and Fruits']
2026-01-18T23:12:51.9300916Z     💭 Reasoning: The goal is to search and add items to cart. The page has a search bar. Filling the search bar with 'cucumber' will help find the item.
2026-01-18T23:12:51.9301760Z     ➕ Injected AI step: fill -> Search for Vegetables and Fruits
2026-01-18T23:12:51.9302267Z   ▶️ [STEP step_10_ai_1] FILL: Search for Vegetables and Fruits
2026-01-18T23:12:51.9354473Z     🎯 Using AI-provided locator: input[placeholder='Search for Vegetables and Fruits']
2026-01-18T23:12:51.9411454Z     ✅ Found 1 verified locators
2026-01-18T23:12:57.5149270Z     ✅ State transitioned.
2026-01-18T23:12:58.9548478Z [DEBUG] Sending request to gemini-2.0-flash. Number of parts: 2
2026-01-18T23:12:58.9549177Z [DEBUG] Received response (Length: 294)
2026-01-18T23:12:58.9550012Z     🤖 AI Next Step Suggestion: click -> ADD TO CART
2026-01-18T23:12:58.9550743Z     🧩 Suggested Locator: button:has-text('ADD TO CART')
2026-01-18T23:12:58.9552348Z     💭 Reasoning: The goal is to add items to the cart. The 'ADD TO CART' button is visible and has not been clicked recently. Clicking it will add the first available item (Cucumber) to the cart.
2026-01-18T23:12:58.9553352Z     ➕ Injected AI step: click -> ADD TO CART
2026-01-18T23:12:58.9553683Z   ▶️ [STEP step_10_ai_2] CLICK: ADD TO CART
2026-01-18T23:12:58.9608334Z     🎯 Using AI-provided locator: button:has-text('ADD TO CART')
2026-01-18T23:12:58.9670090Z     ✅ Found 1 verified locators
2026-01-18T23:13:02.5233031Z     ✅ State transitioned.
2026-01-18T23:13:04.0637233Z [DEBUG] Sending request to gemini-2.0-flash. Number of parts: 2
2026-01-18T23:13:04.0638463Z [DEBUG] Received response (Length: 260)
2026-01-18T23:13:04.0639299Z     🤖 AI Next Step Suggestion: click -> CHECKOUT
2026-01-18T23:13:04.0639914Z     🧩 Suggested Locator: #checkoutModalBtnOne
2026-01-18T23:13:04.0641370Z     💭 Reasoning: The goal is to add items to the cart and checkout. An item has been added, and the checkout button is visible. Clicking checkout progresses towards the goal.
2026-01-18T23:13:04.0642319Z     ➕ Injected AI step: click -> CHECKOUT
2026-01-18T23:13:04.0642653Z   ▶️ [STEP step_10_ai_3] CLICK: CHECKOUT
2026-01-18T23:13:04.0696819Z     🎯 Using AI-provided locator: #checkoutModalBtnOne
2026-01-18T23:13:04.0748143Z     ✅ Found 1 verified locators
2026-01-18T23:13:08.1283501Z     ✅ State transitioned.
2026-01-18T23:13:09.4836819Z [DEBUG] Sending request to gemini-2.0-flash. Number of parts: 2
2026-01-18T23:13:09.4837385Z [DEBUG] Received response (Length: 176)
2026-01-18T23:13:09.4838312Z     🤖 AI Next Step Suggestion: done -> N/A
2026-01-18T23:13:09.4839650Z     💭 Reasoning: The order has been placed successfully and the page is redirecting back to the cart. There are no further actions to take on this page.
2026-01-18T23:13:11.5281416Z 
2026-01-18T23:13:11.5282065Z [2/3] Exploring Scenario: Search and Add Multiple Quantities of an Item
2026-01-18T23:13:11.5285978Z     🧠 Initialized exploration context for goal: 'Search and add items to cart'
2026-01-18T23:13:11.5286769Z   ▶️ [STEP step_1] NAVIGATE: 
2026-01-18T23:13:13.8068552Z     ✅ Navigated to https://rahulshettyacademy.com/seleniumPractise/
2026-01-18T23:13:13.8069364Z   ▶️ [STEP step_2] FILL: Search
2026-01-18T23:13:13.8238959Z     🔍 Mining locators for: 'Search'
2026-01-18T23:13:13.9842318Z     ✅ Found 1 verified locators
2026-01-18T23:13:19.8539439Z     ✅ State transitioned.
2026-01-18T23:13:21.3332955Z [DEBUG] Sending request to gemini-2.0-flash. Number of parts: 2
2026-01-18T23:13:21.3333680Z [DEBUG] Received response (Length: 232)
2026-01-18T23:13:21.3334498Z     🤖 AI Next Step Suggestion: click -> ADD TO CART
2026-01-18T23:13:21.3335232Z     🧩 Suggested Locator: button:nth-of-type(12)
2026-01-18T23:13:21.3336544Z     💭 Reasoning: The goal is to add items to the cart. After searching, the next logical step is to add the first available item to the cart.
2026-01-18T23:13:21.3337725Z     ➕ Injected AI step: click -> ADD TO CART
2026-01-18T23:13:21.3338536Z   ▶️ [STEP step_2_ai_1] CLICK: ADD TO CART
2026-01-18T23:13:21.3391994Z     🎯 Using AI-provided locator: button:nth-of-type(12)
2026-01-18T23:13:21.3411160Z     🔍 Mining locators for: 'ADD TO CART'
2026-01-18T23:13:21.3972896Z     ✅ Found 2 verified locators
2026-01-18T23:13:24.9734395Z     ✅ State transitioned.
2026-01-18T23:13:26.7060062Z [DEBUG] Sending request to gemini-2.0-flash. Number of parts: 2
2026-01-18T23:13:26.7060883Z [DEBUG] Received response (Length: 313)
2026-01-18T23:13:26.7061888Z     🤖 AI Next Step Suggestion: fill -> Search for Vegetables and Fruits
2026-01-18T23:13:26.7062664Z     🧩 Suggested Locator: input
2026-01-18T23:13:26.7064504Z     💭 Reasoning: The goal is to search and add items to the cart. Since the last action was adding an item, we should search for another item to add. The search bar is visible and ready for input.
2026-01-18T23:13:26.7066372Z     ➕ Injected AI step: fill -> Search for Vegetables and Fruits
2026-01-18T23:13:26.7067281Z   ▶️ [STEP step_2_ai_2] FILL: Search for Vegetables and Fruits
2026-01-18T23:13:26.7120905Z     🎯 Using AI-provided locator: input
2026-01-18T23:13:26.7178582Z     ✅ Found 1 verified locators
2026-01-18T23:13:32.5509801Z     ✅ State transitioned.
2026-01-18T23:13:33.9745050Z [DEBUG] Sending request to gemini-2.0-flash. Number of parts: 2
2026-01-18T23:13:33.9745800Z [DEBUG] Received response (Length: 226)
2026-01-18T23:13:33.9746623Z     🤖 AI Next Step Suggestion: click -> ADD TO CART
2026-01-18T23:13:33.9747795Z     🧩 Suggested Locator: button:contains('ADD TO CART')
2026-01-18T23:13:33.9751480Z     💭 Reasoning: The goal is to add items to the cart. The 'ADD TO CART' button is visible and available for the Beetroot item.
2026-01-18T23:13:33.9752796Z     ➕ Injected AI step: click -> ADD TO CART
2026-01-18T23:13:33.9753472Z   ▶️ [STEP step_2_ai_3] CLICK: ADD TO CART
2026-01-18T23:13:33.9803054Z     🎯 Using AI-provided locator: button:contains('ADD TO CART')
2026-01-18T23:13:33.9836611Z     🔍 Mining locators for: 'ADD TO CART'
2026-01-18T23:13:34.0297567Z     ✅ Found 2 verified locators
2026-01-18T23:13:37.5844178Z     ✅ State transitioned.
2026-01-18T23:13:38.7505253Z [DEBUG] Sending request to gemini-2.0-flash. Number of parts: 2
2026-01-18T23:13:38.7505938Z [DEBUG] Received response (Length: 189)
2026-01-18T23:13:38.7506801Z     🤖 AI Next Step Suggestion: click -> PROCEED TO CHECKOUT
2026-01-18T23:13:38.7507445Z     🧩 Suggested Locator: button
2026-01-18T23:13:38.7508607Z     💭 Reasoning: Since items have been added to the cart, the next logical step is to proceed to checkout.
2026-01-18T23:13:38.7509593Z     ➕ Injected AI step: click -> PROCEED TO CHECKOUT
2026-01-18T23:13:38.7510252Z   ▶️ [STEP step_2_ai_4] CLICK: PROCEED TO CHECKOUT
2026-01-18T23:13:38.7577759Z     🎯 Using AI-provided locator: button
2026-01-18T23:13:38.7635562Z     ✅ Found 1 verified locators
2026-01-18T23:13:42.8131687Z     ✅ State transitioned.
2026-01-18T23:13:44.5892806Z [DEBUG] Sending request to gemini-2.0-flash. Number of parts: 2
2026-01-18T23:13:44.5893510Z [DEBUG] Received response (Length: 310)
2026-01-18T23:13:44.5894479Z     🤖 AI Next Step Suggestion: fill -> Search for Vegetables and Fruits
2026-01-18T23:13:44.5895211Z     🧩 Suggested Locator: input
2026-01-18T23:13:44.5896798Z     💭 Reasoning: The goal is to search and add items to the cart. The previous search might have been too broad. Now, let's search for a specific item, 'Beetroot', which is visible on the page.
2026-01-18T23:13:44.5897897Z     ➕ Injected AI step: fill -> Search for Vegetables and Fruits
2026-01-18T23:13:44.5898680Z   ▶️ [STEP step_2_ai_5] FILL: Search for Vegetables and Fruits
2026-01-18T23:13:44.5949687Z     🎯 Using AI-provided locator: input
2026-01-18T23:13:44.6003674Z     ✅ Found 1 verified locators
2026-01-18T23:13:50.4477004Z     ✅ State transitioned.
2026-01-18T23:13:50.4529203Z     🔄 Revisited state detected (count: 1)
2026-01-18T23:13:51.6551806Z [DEBUG] Sending request to gemini-2.0-flash. Number of parts: 2
2026-01-18T23:13:51.6552467Z [DEBUG] Received response (Length: 226)
2026-01-18T23:13:51.6553073Z     🤖 AI Next Step Suggestion: click -> ADD TO CART
2026-01-18T23:13:51.6553503Z     🧩 Suggested Locator: button:nth-of-type(1)
2026-01-18T23:13:51.6554256Z     💭 Reasoning: The goal is to add items to the cart. The 'ADD TO CART' button is visible and available for the first item on the list.
2026-01-18T23:13:51.6554943Z     ➕ Injected AI step: click -> ADD TO CART
2026-01-18T23:13:51.6555342Z   ▶️ [STEP step_2_ai_6] CLICK: ADD TO CART
2026-01-18T23:13:51.6608616Z     🎯 Using AI-provided locator: button:nth-of-type(1)
2026-01-18T23:13:51.6668349Z     ✅ Found 1 verified locators
2026-01-18T23:13:55.7128693Z     ✅ State transitioned.
2026-01-18T23:13:55.7179211Z     🔄 Revisited state detected (count: 2)
2026-01-18T23:13:57.2140549Z [DEBUG] Sending request to gemini-2.0-flash. Number of parts: 2
2026-01-18T23:13:57.2141263Z [DEBUG] Received response (Length: 270)
2026-01-18T23:13:57.2142238Z     🤖 AI Next Step Suggestion: fill -> Search for Vegetables and Fruits
2026-01-18T23:13:57.2142903Z     🧩 Suggested Locator: input
2026-01-18T23:13:57.2143787Z     💭 Reasoning: The previous search might have been cleared after the checkout attempt. Refilling the search bar with 'Beetroot' to find the item again.
2026-01-18T23:13:57.2144746Z     ➕ Injected AI step: fill -> Search for Vegetables and Fruits
2026-01-18T23:13:57.2145285Z   ▶️ [STEP step_2_ai_7] FILL: Search for Vegetables and Fruits
2026-01-18T23:13:57.2200927Z     🎯 Using AI-provided locator: input
2026-01-18T23:13:57.2258356Z     ✅ Found 1 verified locators
2026-01-18T23:14:03.3309591Z     ✅ State transitioned.
2026-01-18T23:14:03.3363351Z     🔄 Revisited state detected (count: 3)
2026-01-18T23:14:03.3364334Z     ⚠️ Too many revisits (3). Stopping AI step injection to prevent loops.
2026-01-18T23:14:03.3365090Z   ▶️ [STEP step_3] WAIT: 
2026-01-18T23:14:08.3505958Z     ⚠️ Scroll into view failed for text=None. Proceeding anyway.
2026-01-18T23:14:10.3528626Z     ✅ State transitioned.
2026-01-18T23:14:10.3578099Z     🔄 Revisited state detected (count: 4)
2026-01-18T23:14:10.3578785Z     ⚠️ Too many revisits (4). Stopping AI step injection to prevent loops.
2026-01-18T23:14:10.3579434Z   ▶️ [STEP step_4] CLICK: increment
2026-01-18T23:14:10.3627630Z     🔍 Mining locators for: 'increment'
2026-01-18T23:14:10.4004206Z     🧠 Consulting AI (Vision-First) to find 'increment'...
2026-01-18T23:14:10.4007765Z     🧠 [EXPERT] Strategy: Act as a Senior SDET focusing on e-commerce flow automation and conversion funnel reliability. Focus on the complete shopping funnel (Search -> Product Selection -> Add to Cart -> Checkout). CRITICAL: Identify SEARCH BARS, magnifying glass icons, and 'Add to Cart' buttons as primary automation targets. Dismiss popups that block the flow. For product lists, default to selecting the FIRST available item for consistent automation.
2026-01-18T23:14:11.9220599Z [DEBUG] Sending request to gemini-2.0-flash. Number of parts: 2
2026-01-18T23:14:11.9221418Z [DEBUG] Received response (Length: 335)
2026-01-18T23:14:11.9223975Z     💡 Expert Suggestion: Increment functionality is likely associated with product quantity adjustments, which are commonly found on product pages or within the shopping cart. 'Top Deals' might lead to product listings.
2026-01-18T23:14:11.9226208Z     🛠️ Executing corrective action: click -> 'Top Deals'
2026-01-18T23:14:12.4942574Z     ✅ Executed corrective navigation
2026-01-18T23:14:14.4979323Z     🔄 Retry 1/3 mining locators for 'increment'...
2026-01-18T23:14:15.5346739Z     🧠 Consulting AI (Vision-First) to find 'increment'...
2026-01-18T23:14:15.5349603Z     🧠 [EXPERT] Strategy: Act as a Senior SDET focusing on e-commerce flow automation and conversion funnel reliability. Focus on the complete shopping funnel (Search -> Product Selection -> Add to Cart -> Checkout). CRITICAL: Identify SEARCH BARS, magnifying glass icons, and 'Add to Cart' buttons as primary automation targets. Dismiss popups that block the flow. For product lists, default to selecting the FIRST available item for consistent automation.
2026-01-18T23:14:16.9340904Z [DEBUG] Sending request to gemini-2.0-flash. Number of parts: 2
2026-01-18T23:14:16.9341574Z [DEBUG] Received response (Length: 195)
2026-01-18T23:14:16.9342677Z     💡 Expert Suggestion: The search bar is needed to find the item 'increment'.
2026-01-18T23:14:16.9343709Z     🛠️ Executing corrective action: fill -> 'Search bar'
2026-01-18T23:14:16.9835282Z     🔄 Retry 2/3 mining locators for 'increment'...
2026-01-18T23:14:17.9847551Z     🗑️ Invalidating stale AI cache (retry 2)...
2026-01-18T23:14:17.9848752Z     ⚠️ Cache invalidation warning: No module named 'core.agents.domain_expert'
2026-01-18T23:14:18.0326873Z     🧠 Consulting AI (Vision-First) to find 'increment'...
2026-01-18T23:14:18.0331051Z     🧠 [EXPERT] Strategy: Act as a Senior SDET focusing on e-commerce flow automation and conversion funnel reliability. Focus on the complete shopping funnel (Search -> Product Selection -> Add to Cart -> Checkout). CRITICAL: Identify SEARCH BARS, magnifying glass icons, and 'Add to Cart' buttons as primary automation targets. Dismiss popups that block the flow. For product lists, default to selecting the FIRST available item for consistent automation.
2026-01-18T23:14:18.0334198Z [CACHE HIT] 99026cb2... (hits: 2, misses: 30)
2026-01-18T23:14:18.0335407Z     ⚠️ Skipping duplicate injection: Search bar
2026-01-18T23:14:18.0336166Z     🧠 Verifying step validity for 'increment' after no candidates found...
2026-01-18T23:14:22.0596616Z [DEBUG] Sending request to gemini-2.0-flash. Number of parts: 2
2026-01-18T23:14:22.0597357Z [DEBUG] Received response (Length: 297)
2026-01-18T23:14:22.0600798Z     🗑️ Step deemed INVALID: The screenshot is too cropped to determine if the increment button exists. It only shows the top portion of the page and a checkout button. It's impossible to tell if the increment button is present without seeing the product listings.. Removing from workflow.
2026-01-18T23:14:22.0603037Z     ⏭️ Skipping execution of invalid step: increment
2026-01-18T23:14:22.0603636Z   ▶️ [STEP step_5] CLICK: increment
2026-01-18T23:14:22.0655749Z     🔍 Mining locators for: 'increment'
2026-01-18T23:14:22.1018582Z     🧠 Consulting AI (Vision-First) to find 'increment'...
2026-01-18T23:14:22.1021801Z     🧠 [EXPERT] Strategy: Act as a Senior SDET focusing on e-commerce flow automation and conversion funnel reliability. Focus on the complete shopping funnel (Search -> Product Selection -> Add to Cart -> Checkout). CRITICAL: Identify SEARCH BARS, magnifying glass icons, and 'Add to Cart' buttons as primary automation targets. Dismiss popups that block the flow. For product lists, default to selecting the FIRST available item for consistent automation.
2026-01-18T23:14:22.1024509Z [CACHE HIT] 99026cb2... (hits: 3, misses: 31)
2026-01-18T23:14:22.1025317Z     💡 Expert Suggestion: The search bar is needed to find the item 'increment'.
2026-01-18T23:14:22.1026072Z     🛠️ Executing corrective action: fill -> 'Search bar'
2026-01-18T23:14:22.1500157Z     🔄 Retry 1/3 mining locators for 'increment'...
2026-01-18T23:14:23.1994812Z     🧠 Consulting AI (Vision-First) to find 'increment'...
2026-01-18T23:14:23.1997482Z     🧠 [EXPERT] Strategy: Act as a Senior SDET focusing on e-commerce flow automation and conversion funnel reliability. Focus on the complete shopping funnel (Search -> Product Selection -> Add to Cart -> Checkout). CRITICAL: Identify SEARCH BARS, magnifying glass icons, and 'Add to Cart' buttons as primary automation targets. Dismiss popups that block the flow. For product lists, default to selecting the FIRST available item for consistent automation.
2026-01-18T23:14:23.2000706Z [CACHE HIT] 99026cb2... (hits: 4, misses: 31)
2026-01-18T23:14:23.2001431Z     ⚠️ Skipping duplicate injection: Search bar
2026-01-18T23:14:23.2002148Z     🔄 Retry 2/3 mining locators for 'increment'...
2026-01-18T23:14:24.2014883Z     🗑️ Invalidating stale AI cache (retry 2)...
2026-01-18T23:14:24.2016351Z     ⚠️ Cache invalidation warning: No module named 'core.agents.domain_expert'
2026-01-18T23:14:24.2497846Z     🧠 Consulting AI (Vision-First) to find 'increment'...
2026-01-18T23:14:24.2501776Z     🧠 [EXPERT] Strategy: Act as a Senior SDET focusing on e-commerce flow automation and conversion funnel reliability. Focus on the complete shopping funnel (Search -> Product Selection -> Add to Cart -> Checkout). CRITICAL: Identify SEARCH BARS, magnifying glass icons, and 'Add to Cart' buttons as primary automation targets. Dismiss popups that block the flow. For product lists, default to selecting the FIRST available item for consistent automation.
2026-01-18T23:14:24.2504808Z [CACHE HIT] 99026cb2... (hits: 5, misses: 31)
2026-01-18T23:14:24.2505243Z     ⚠️ Skipping duplicate injection: Search bar
2026-01-18T23:14:24.2505706Z     🧠 Verifying step validity for 'increment' after no candidates found...
2026-01-18T23:14:24.2508354Z [CACHE HIT] d3151342... (hits: 6, misses: 31)
2026-01-18T23:14:24.2510855Z     🗑️ Step deemed INVALID: The screenshot is too cropped to determine if the increment button exists. It only shows the top portion of the page and a checkout button. It's impossible to tell if the increment button is present without seeing the product listings.. Removing from workflow.
2026-01-18T23:14:24.2513052Z     ⏭️ Skipping execution of invalid step: increment
2026-01-18T23:14:24.2513687Z   ▶️ [STEP step_6] CLICK: ADD TO CART
2026-01-18T23:14:24.2561643Z     🔍 Mining locators for: 'ADD TO CART'
2026-01-18T23:14:24.3101628Z     ✅ Found 2 verified locators
2026-01-18T23:14:27.8643468Z     ✅ State transitioned.
2026-01-18T23:14:29.1984812Z [DEBUG] Sending request to gemini-2.0-flash. Number of parts: 2
2026-01-18T23:14:29.1985876Z [DEBUG] Received response (Length: 236)
2026-01-18T23:14:29.1986901Z     🤖 AI Next Step Suggestion: click -> PROCEED TO CHECKOUT
2026-01-18T23:14:29.1987725Z     🧩 Suggested Locator: button
2026-01-18T23:14:29.1989584Z     💭 Reasoning: The goal is to add items to the cart and proceed to checkout. Items have been added, so the next logical step is to proceed to checkout.
2026-01-18T23:14:29.1991226Z     ➕ Injected AI step: click -> PROCEED TO CHECKOUT
2026-01-18T23:14:29.1992036Z   ▶️ [STEP step_6_ai_1] CLICK: PROCEED TO CHECKOUT
2026-01-18T23:14:29.2044624Z     🎯 Using AI-provided locator: button
2026-01-18T23:14:29.2100364Z     ✅ Found 1 verified locators
2026-01-18T23:14:33.2613710Z     ✅ State transitioned.
2026-01-18T23:14:34.6693465Z [DEBUG] Sending request to gemini-2.0-flash. Number of parts: 2
2026-01-18T23:14:34.6694175Z [DEBUG] Received response (Length: 245)
2026-01-18T23:14:34.6694775Z     🤖 AI Next Step Suggestion: click -> ADD TO CART
2026-01-18T23:14:34.6695217Z     🧩 Suggested Locator: button:nth-of-type(1)
2026-01-18T23:14:34.6696076Z     💭 Reasoning: The goal is to add items to the cart. There is an 'ADD TO CART' button visible. Clicking it will add the first available item to the cart.
2026-01-18T23:14:34.6696845Z     ➕ Injected AI step: click -> ADD TO CART
2026-01-18T23:14:34.6697206Z   ▶️ [STEP step_6_ai_2] CLICK: ADD TO CART
2026-01-18T23:14:34.6749610Z     🎯 Using AI-provided locator: button:nth-of-type(1)
2026-01-18T23:14:34.6801458Z     ✅ Found 1 verified locators
2026-01-18T23:14:38.7259124Z     ✅ State transitioned.
2026-01-18T23:14:38.7326267Z     🔄 Revisited state detected (count: 1)
2026-01-18T23:14:40.0017182Z [DEBUG] Sending request to gemini-2.0-flash. Number of parts: 2
2026-01-18T23:14:40.0017588Z [DEBUG] Received response (Length: 238)
2026-01-18T23:14:40.0018508Z     🤖 AI Next Step Suggestion: click -> ADD TO CART
2026-01-18T23:14:40.0018930Z     🧩 Suggested Locator: button:contains('ADD TO CART')
2026-01-18T23:14:40.0019642Z     💭 Reasoning: The goal is to add items to the cart. There is an 'ADD TO CART' button visible. Clicking it will add the item to the cart.
2026-01-18T23:14:40.0020390Z ⚠️ Loop detected: same AI suggestion repeated 2 times. Moving to next step.
2026-01-18T23:14:40.0020813Z   ▶️ [STEP step_7] ASSERT_VISIBLE: 1
2026-01-18T23:14:40.0073313Z     🔍 Mining locators for: '1'
2026-01-18T23:14:40.0837085Z     ✅ Found 3 verified locators
2026-01-18T23:14:42.6213617Z     ✅ State transitioned.
2026-01-18T23:14:42.6268565Z     🔄 Revisited state detected (count: 2)
2026-01-18T23:14:44.9718737Z [DEBUG] Sending request to gemini-2.0-flash. Number of parts: 2
2026-01-18T23:14:44.9719422Z [DEBUG] Received response (Length: 239)
2026-01-18T23:14:44.9720407Z     🤖 AI Next Step Suggestion: fill -> Search for Vegetables and Fruits
2026-01-18T23:14:44.9721771Z     💭 Reasoning: The goal is to search and add items to cart. Filling the search bar with 'Beetroot' will help find the item.
2026-01-18T23:14:44.9722973Z     ➕ Injected AI step: fill -> Search for Vegetables and Fruits
2026-01-18T23:14:44.9723777Z   ▶️ [STEP step_7_ai_1] FILL: Search for Vegetables and Fruits
2026-01-18T23:14:44.9780216Z     🔍 Mining locators for: 'Search for Vegetables and Fruits'
2026-01-18T23:14:45.0236353Z     ✅ Found 1 verified locators
2026-01-18T23:14:50.6207598Z     ✅ State transitioned.
2026-01-18T23:14:50.6261609Z     🔄 Revisited state detected (count: 3)
2026-01-18T23:14:50.6262140Z     ⚠️ Too many revisits (3). Stopping AI step injection to prevent loops.
2026-01-18T23:14:52.6620607Z 
2026-01-18T23:14:52.6621765Z [3/3] Exploring Scenario: Add multiple items to cart and verify total amount
2026-01-18T23:14:52.6624952Z     🧠 Initialized exploration context for goal: 'Search and add items to cart'
2026-01-18T23:14:52.6625885Z   ▶️ [STEP step_1] NAVIGATE: 
2026-01-18T23:14:54.9486226Z     ✅ Navigated to https://rahulshettyacademy.com/seleniumPractise/
2026-01-18T23:14:54.9487282Z   ▶️ [STEP step_2] FILL: Search
2026-01-18T23:14:54.9665424Z     🔍 Mining locators for: 'Search'
2026-01-18T23:14:55.0815613Z     ✅ Found 1 verified locators
2026-01-18T23:15:01.2725992Z     ✅ State transitioned.
2026-01-18T23:15:02.5818562Z [DEBUG] Sending request to gemini-2.0-flash. Number of parts: 2
2026-01-18T23:15:02.5819508Z [DEBUG] Received response (Length: 231)
2026-01-18T23:15:02.5820445Z     🤖 AI Next Step Suggestion: click -> ADD TO CART
2026-01-18T23:15:02.5820986Z     🧩 Suggested Locator: button:nth-of-type(1)
2026-01-18T23:15:02.5821977Z     💭 Reasoning: The goal is to add items to the cart. After searching, the next logical step is to add the first available item to the cart.
2026-01-18T23:15:02.5822884Z     ➕ Injected AI step: click -> ADD TO CART
2026-01-18T23:15:02.5823324Z   ▶️ [STEP step_2_ai_1] CLICK: ADD TO CART
2026-01-18T23:15:02.5876089Z     🎯 Using AI-provided locator: button:nth-of-type(1)
2026-01-18T23:15:02.5938374Z     ✅ Found 1 verified locators
2026-01-18T23:15:06.6598382Z     ✅ State transitioned.
2026-01-18T23:15:08.0803511Z [DEBUG] Sending request to gemini-2.0-flash. Number of parts: 2
2026-01-18T23:15:08.0804422Z [DEBUG] Received response (Length: 315)
2026-01-18T23:15:08.0805555Z     🤖 AI Next Step Suggestion: fill -> Search for Vegetables and Fruits
2026-01-18T23:15:08.0807848Z     💭 Reasoning: The goal is to search and add items to the cart. The last action was adding an item to the cart. Now, we need to search for another item. The search bar is visible and ready for input.
2026-01-18T23:15:08.0810138Z     ➕ Injected AI step: fill -> Search for Vegetables and Fruits
2026-01-18T23:15:08.0811146Z   ▶️ [STEP step_2_ai_2] FILL: Search for Vegetables and Fruits
2026-01-18T23:15:08.0866149Z     🔍 Mining locators for: 'Search for Vegetables and Fruits'
2026-01-18T23:15:08.1390169Z     ✅ Found 1 verified locators
2026-01-18T23:15:14.2807235Z     ✅ State transitioned.
2026-01-18T23:15:15.5792485Z [DEBUG] Sending request to gemini-2.0-flash. Number of parts: 2
2026-01-18T23:15:15.5793336Z [DEBUG] Received response (Length: 298)
2026-01-18T23:15:15.5794537Z     🤖 AI Next Step Suggestion: fill -> Search for Vegetables and Fruits
2026-01-18T23:15:15.5795476Z     🧩 Suggested Locator: input
2026-01-18T23:15:15.5797348Z     💭 Reasoning: The cart is empty. Need to search for an item to add to the cart. The previous search was for 'Vegetables and Fruits', now searching for a specific item 'Cucumber'.
2026-01-18T23:15:15.5799695Z ⚠️ Loop detected: same AI suggestion repeated 2 times. Moving to next step.
2026-01-18T23:15:15.5800655Z   ▶️ [STEP step_3] WAIT: 
2026-01-18T23:15:20.5945508Z     ⚠️ Scroll into view failed for text=None. Proceeding anyway.
2026-01-18T23:15:22.5968460Z     ✅ State transitioned.
2026-01-18T23:15:22.6019648Z     🔄 Revisited state detected (count: 1)
2026-01-18T23:15:24.0073995Z [DEBUG] Sending request to gemini-2.0-flash. Number of parts: 2
2026-01-18T23:15:24.0075051Z [DEBUG] Received response (Length: 287)
2026-01-18T23:15:24.0076295Z     🤖 AI Next Step Suggestion: fill -> Search for Vegetables and Fruits
2026-01-18T23:15:24.0077553Z     🧩 Suggested Locator: input
2026-01-18T23:15:24.0080251Z     💭 Reasoning: The cart is empty, so we need to search for and add an item. The last action was filling the search bar, so we should fill it again with a specific item.
2026-01-18T23:15:24.0082253Z     ➕ Injected AI step: fill -> Search for Vegetables and Fruits
2026-01-18T23:15:24.0083226Z   ▶️ [STEP step_3_ai_1] FILL: Search for Vegetables and Fruits
2026-01-18T23:15:24.0136660Z     🎯 Using AI-provided locator: input
2026-01-18T23:15:24.0191127Z     ✅ Found 1 verified locators
2026-01-18T23:15:30.2496293Z     ✅ State transitioned.
2026-01-18T23:15:30.2547740Z     🔄 Revisited state detected (count: 2)
2026-01-18T23:15:31.5517033Z [DEBUG] Sending request to gemini-2.0-flash. Number of parts: 2
2026-01-18T23:15:31.5518277Z [DEBUG] Received response (Length: 323)
2026-01-18T23:15:31.5519245Z     🤖 AI Next Step Suggestion: fill -> Search for Vegetables and Fruits
2026-01-18T23:15:31.5520057Z     🧩 Suggested Locator: input
2026-01-18T23:15:31.5522185Z     💭 Reasoning: The goal is to search and add items to the cart. The last action was filling the search bar, but it was not specific. Now, I will search for a specific item, 'Cucumber', to add to the cart.
2026-01-18T23:15:31.5524240Z ⚠️ Loop detected: same AI suggestion repeated 2 times. Moving to next step.
2026-01-18T23:15:31.5525110Z   ▶️ [STEP step_4] CLICK: ADD TO CART
2026-01-18T23:15:31.5580697Z     🔍 Mining locators for: 'ADD TO CART'
2026-01-18T23:15:31.6071220Z     ✅ Found 2 verified locators
2026-01-18T23:15:35.1883573Z     ✅ State transitioned.
2026-01-18T23:15:36.7051241Z [DEBUG] Sending request to gemini-2.0-flash. Number of parts: 2
2026-01-18T23:15:36.7051960Z [DEBUG] Received response (Length: 283)
2026-01-18T23:15:36.7052723Z     🤖 AI Next Step Suggestion: fill -> Search for Vegetables and Fruits
2026-01-18T23:15:36.7053244Z     🧩 Suggested Locator: input
2026-01-18T23:15:36.7054174Z     💭 Reasoning: The goal is to search and add items to the cart. We have already added cucumber. Now we need to search for another item. 'Beans' is a valid search term.
2026-01-18T23:15:36.7055146Z     ➕ Injected AI step: fill -> Search for Vegetables and Fruits
2026-01-18T23:15:36.7055678Z   ▶️ [STEP step_4_ai_1] FILL: Search for Vegetables and Fruits
2026-01-18T23:15:36.7107078Z     🎯 Using AI-provided locator: input
2026-01-18T23:15:36.7164068Z     ✅ Found 1 verified locators
2026-01-18T23:15:42.4878817Z     ✅ State transitioned.
2026-01-18T23:15:43.9226128Z [DEBUG] Sending request to gemini-2.0-flash. Number of parts: 2
2026-01-18T23:15:43.9227067Z [DEBUG] Received response (Length: 237)
2026-01-18T23:15:43.9227748Z     🤖 AI Next Step Suggestion: click -> ADD TO CART
2026-01-18T23:15:43.9228416Z     🧩 Suggested Locator: button:nth-of-type(1)
2026-01-18T23:15:43.9229387Z     💭 Reasoning: The goal is to add items to the cart. The 'ADD TO CART' button is visible and available for the first item in the list (Cucumber).
2026-01-18T23:15:43.9230249Z     ➕ Injected AI step: click -> ADD TO CART
2026-01-18T23:15:43.9230676Z   ▶️ [STEP step_4_ai_2] CLICK: ADD TO CART
2026-01-18T23:15:43.9282137Z     🎯 Using AI-provided locator: button:nth-of-type(1)
2026-01-18T23:15:43.9334529Z     ✅ Found 1 verified locators
2026-01-18T23:15:47.9915607Z     ✅ State transitioned.
2026-01-18T23:15:49.5497555Z [DEBUG] Sending request to gemini-2.0-flash. Number of parts: 2
2026-01-18T23:15:49.5498582Z [DEBUG] Received response (Length: 234)
2026-01-18T23:15:49.5499564Z     🤖 AI Next Step Suggestion: click -> ADD TO CART
2026-01-18T23:15:49.5500250Z     🧩 Suggested Locator: button:nth-of-type(1)
2026-01-18T23:15:49.5501496Z     💭 Reasoning: The goal is to add items to the cart. The 'ADD TO CART' button is visible and available for the first item in the list (Beans).
2026-01-18T23:15:49.5502507Z ⚠️ Loop detected: same AI suggestion repeated 2 times. Moving to next step.
2026-01-18T23:15:49.5503001Z   ▶️ [STEP step_5] FILL: Search
2026-01-18T23:15:49.5555193Z     🔍 Mining locators for: 'Search'
2026-01-18T23:15:49.6117693Z     ✅ Found 2 verified locators
2026-01-18T23:15:55.6354636Z     ⚠️ Action failed: Locator.click: Timeout 5000ms exceeded.
2026-01-18T23:15:55.6355489Z Call log:
2026-01-18T23:15:55.6355863Z ...
2026-01-18T23:15:56.9382079Z [DEBUG] Sending request to gemini-2.0-flash. Number of parts: 2
2026-01-18T23:15:56.9382569Z [DEBUG] Received response (Length: 183)
2026-01-18T23:15:56.9383424Z     ✨ AI Heal Reasoning: The input field with type 'search' is the most likely element to be used for searching items on the page.
2026-01-18T23:15:56.9384133Z     ✨ AI healed exploration action! New selector: input[type="search"]
2026-01-18T23:16:02.6362846Z   ▶️ [STEP step_6] WAIT: 
2026-01-18T23:16:07.6511739Z     ⚠️ Scroll into view failed for text=None. Proceeding anyway.
2026-01-18T23:16:09.6534688Z     ✅ State transitioned.
2026-01-18T23:16:11.0246361Z [DEBUG] Sending request to gemini-2.0-flash. Number of parts: 2
2026-01-18T23:16:11.0247099Z [DEBUG] Received response (Length: 326)
2026-01-18T23:16:11.0248274Z     🤖 AI Next Step Suggestion: fill -> Search for Vegetables and Fruits
2026-01-18T23:16:11.0249429Z     🧩 Suggested Locator: input[placeholder='Search for Vegetables and Fruits']
2026-01-18T23:16:11.0251284Z     💭 Reasoning: The goal is to search and add items to the cart. The previous search failed, so I will try searching for 'Cucumber' and then add it to the cart.
2026-01-18T23:16:11.0252967Z     ➕ Injected AI step: fill -> Search for Vegetables and Fruits
2026-01-18T23:16:11.0253963Z   ▶️ [STEP step_6_ai_1] FILL: Search for Vegetables and Fruits
2026-01-18T23:16:11.0305858Z     🎯 Using AI-provided locator: input[placeholder='Search for Vegetables and Fruits']
2026-01-18T23:16:11.0361601Z     ✅ Found 1 verified locators
2026-01-18T23:16:17.3230820Z     ✅ State transitioned.
2026-01-18T23:16:18.7880791Z [DEBUG] Sending request to gemini-2.0-flash. Number of parts: 2
2026-01-18T23:16:18.7881668Z [DEBUG] Received response (Length: 280)
2026-01-18T23:16:18.7882839Z     🤖 AI Next Step Suggestion: fill -> Search for Vegetables and Fruits
2026-01-18T23:16:18.7883767Z     🧩 Suggested Locator: input
2026-01-18T23:16:18.7885447Z     💭 Reasoning: The goal is to search and add items to the cart. The last action was filling the search bar, but it failed. Let's try again with a different item.
2026-01-18T23:16:18.7887320Z ⚠️ Loop detected: same AI suggestion repeated 2 times. Moving to next step.
2026-01-18T23:16:18.7888530Z   ▶️ [STEP step_7] CLICK: ADD TO CART
2026-01-18T23:16:18.7942751Z     🔍 Mining locators for: 'ADD TO CART'
2026-01-18T23:16:18.8547831Z     ✅ Found 2 verified locators
2026-01-18T23:16:22.4104381Z     ✅ State transitioned.
2026-01-18T23:16:23.7999899Z [DEBUG] Sending request to gemini-2.0-flash. Number of parts: 2
2026-01-18T23:16:23.8000443Z [DEBUG] Received response (Length: 267)
2026-01-18T23:16:23.8001304Z     🤖 AI Next Step Suggestion: fill -> Search for Vegetables and Fruits
2026-01-18T23:16:23.8001783Z     🧩 Suggested Locator: input
2026-01-18T23:16:23.8002588Z     💭 Reasoning: The previous search failed, and the goal is to search and add items. Filling the search bar with a new item is the next logical step.
2026-01-18T23:16:23.8003418Z     ➕ Injected AI step: fill -> Search for Vegetables and Fruits
2026-01-18T23:16:23.8003871Z   ▶️ [STEP step_7_ai_1] FILL: Search for Vegetables and Fruits
2026-01-18T23:16:23.8062787Z     🎯 Using AI-provided locator: input
2026-01-18T23:16:23.8115097Z     ✅ Found 1 verified locators
2026-01-18T23:16:30.1098882Z     ✅ State transitioned.
2026-01-18T23:16:31.5795840Z [DEBUG] Sending request to gemini-2.0-flash. Number of parts: 2
2026-01-18T23:16:31.5796433Z [DEBUG] Received response (Length: 246)
2026-01-18T23:16:31.5797129Z     🤖 AI Next Step Suggestion: click -> ADD TO CART
2026-01-18T23:16:31.5797539Z     🧩 Suggested Locator: button:nth-of-type(12)
2026-01-18T23:16:31.5798620Z     💭 Reasoning: The goal is to add items to the cart. There is an 'ADD TO CART' button visible. Clicking it will add the first available item to the cart.
2026-01-18T23:16:31.5799607Z     ➕ Injected AI step: click -> ADD TO CART
2026-01-18T23:16:31.5799944Z   ▶️ [STEP step_7_ai_2] CLICK: ADD TO CART
2026-01-18T23:16:31.5851505Z     🎯 Using AI-provided locator: button:nth-of-type(12)
2026-01-18T23:16:31.5869430Z     🔍 Mining locators for: 'ADD TO CART'
2026-01-18T23:16:31.6380224Z     ✅ Found 2 verified locators
2026-01-18T23:16:35.1935550Z     ✅ State transitioned.
2026-01-18T23:16:37.1814305Z [DEBUG] Sending request to gemini-2.0-flash. Number of parts: 2
2026-01-18T23:16:37.1814962Z [DEBUG] Received response (Length: 299)
2026-01-18T23:16:37.1815901Z     🤖 AI Next Step Suggestion: fill -> Search for Vegetables and Fruits
2026-01-18T23:16:37.1816402Z     🧩 Suggested Locator: input
2026-01-18T23:16:37.1817332Z     💭 Reasoning: The goal is to search and add items to the cart. The previous search was for 'Vegetables and Fruits'. Now, let's search for 'Beans' to add a different item to the cart.
2026-01-18T23:16:37.1818776Z     ➕ Injected AI step: fill -> Search for Vegetables and Fruits
2026-01-18T23:16:37.1819289Z   ▶️ [STEP step_7_ai_3] FILL: Search for Vegetables and Fruits
2026-01-18T23:16:37.1868795Z     🎯 Using AI-provided locator: input
2026-01-18T23:16:37.1921443Z     ✅ Found 1 verified locators
2026-01-18T23:16:42.7295514Z     ✅ State transitioned.
2026-01-18T23:16:43.8831056Z [DEBUG] Sending request to gemini-2.0-flash. Number of parts: 2
2026-01-18T23:16:43.8831610Z [DEBUG] Received response (Length: 226)
2026-01-18T23:16:43.8832314Z     🤖 AI Next Step Suggestion: click -> ADD TO CART
2026-01-18T23:16:43.8832712Z     🧩 Suggested Locator: button:nth-of-type(1)
2026-01-18T23:16:43.8833371Z     💭 Reasoning: The goal is to add items to the cart. The 'ADD TO CART' button is visible and available for the first item in the list.
2026-01-18T23:16:43.8834022Z     ➕ Injected AI step: click -> ADD TO CART
2026-01-18T23:16:43.8834346Z   ▶️ [STEP step_7_ai_4] CLICK: ADD TO CART
2026-01-18T23:16:43.8889481Z     🎯 Using AI-provided locator: button:nth-of-type(1)
2026-01-18T23:16:43.8945901Z     ✅ Found 1 verified locators
2026-01-18T23:16:47.9390839Z     ✅ State transitioned.
2026-01-18T23:16:49.5782674Z [DEBUG] Sending request to gemini-2.0-flash. Number of parts: 2
2026-01-18T23:16:49.5783429Z [DEBUG] Received response (Length: 405)
2026-01-18T23:16:49.5784455Z     🤖 AI Next Step Suggestion: fill -> Search for Vegetables and Fruits
2026-01-18T23:16:49.5785587Z     🧩 Suggested Locator: input[placeholder='Search for Vegetables and Fruits']
2026-01-18T23:16:49.5788622Z     💭 Reasoning: The goal is to search and add items to the cart. The last actions involved adding items to the cart after searching for 'Vegetables and Fruits'. To continue, we should fill the search bar with a specific item, such as 'Beans'.
2026-01-18T23:16:49.5791104Z     ➕ Injected AI step: fill -> Search for Vegetables and Fruits
2026-01-18T23:16:49.5792146Z   ▶️ [STEP step_7_ai_5] FILL: Search for Vegetables and Fruits
2026-01-18T23:16:49.5844645Z     🎯 Using AI-provided locator: input[placeholder='Search for Vegetables and Fruits']
2026-01-18T23:16:49.5900708Z     ✅ Found 1 verified locators
2026-01-18T23:16:55.1858394Z     ✅ State transitioned.
2026-01-18T23:16:55.1910647Z     🔄 Revisited state detected (count: 1)
2026-01-18T23:16:56.7251775Z [DEBUG] Sending request to gemini-2.0-flash. Number of parts: 2
2026-01-18T23:16:56.7252682Z [DEBUG] Received response (Length: 226)
2026-01-18T23:16:56.7253667Z     🤖 AI Next Step Suggestion: click -> ADD TO CART
2026-01-18T23:16:56.7254580Z     🧩 Suggested Locator: button:nth-of-type(1)
2026-01-18T23:16:56.7256135Z     💭 Reasoning: The goal is to add items to the cart. The 'ADD TO CART' button is visible and available for the first item in the list.
2026-01-18T23:16:56.7257544Z     ➕ Injected AI step: click -> ADD TO CART
2026-01-18T23:16:56.7258604Z   ▶️ [STEP step_7_ai_6] CLICK: ADD TO CART
2026-01-18T23:16:56.7312911Z     🎯 Using AI-provided locator: button:nth-of-type(1)
2026-01-18T23:16:56.7366355Z     ✅ Found 1 verified locators
2026-01-18T23:17:00.7881015Z     ✅ State transitioned.
2026-01-18T23:17:00.7936950Z     🔄 Revisited state detected (count: 2)
2026-01-18T23:17:02.1242886Z [DEBUG] Sending request to gemini-2.0-flash. Number of parts: 2
2026-01-18T23:17:02.1243615Z [DEBUG] Received response (Length: 228)
2026-01-18T23:17:02.1244350Z     🤖 AI Next Step Suggestion: fill -> Search for Vegetables and Fruits
2026-01-18T23:17:02.1245033Z     🧩 Suggested Locator: input[placeholder='Search for Vegetables and Fruits']
2026-01-18T23:17:02.1245669Z     💭 Reasoning: To search for a specific item to add to the cart.
2026-01-18T23:17:02.1246234Z     ➕ Injected AI step: fill -> Search for Vegetables and Fruits
2026-01-18T23:17:02.1246787Z   ▶️ [STEP step_7_ai_7] FILL: Search for Vegetables and Fruits
2026-01-18T23:17:02.1305505Z     🎯 Using AI-provided locator: input[placeholder='Search for Vegetables and Fruits']
2026-01-18T23:17:02.1356797Z     ✅ Found 1 verified locators
2026-01-18T23:17:07.5788950Z     ✅ State transitioned.
2026-01-18T23:17:07.5845300Z     🔄 Revisited state detected (count: 3)
2026-01-18T23:17:07.5846024Z     ⚠️ Too many revisits (3). Stopping AI step injection to prevent loops.
2026-01-18T23:17:07.5846516Z   ▶️ [STEP step_8] CLICK: Cart
2026-01-18T23:17:07.5894378Z     🔍 Mining locators for: 'Cart'
2026-01-18T23:17:07.6428798Z     ✅ Found 3 verified locators
2026-01-18T23:17:11.1936361Z     ✅ State transitioned.
2026-01-18T23:17:13.0477813Z [DEBUG] Sending request to gemini-2.0-flash. Number of parts: 2
2026-01-18T23:17:13.0478678Z [DEBUG] Received response (Length: 260)
2026-01-18T23:17:13.0479456Z     🤖 AI Next Step Suggestion: fill -> input
2026-01-18T23:17:13.0480000Z     🧩 Suggested Locator: input
2026-01-18T23:17:13.0481242Z     💭 Reasoning: The goal is to search and add items to cart. The last action was to click the cart. Now we need to search for more items to add to the cart.
2026-01-18T23:17:13.0482470Z     ➕ Injected AI step: fill -> input
2026-01-18T23:17:13.0482801Z   ▶️ [STEP step_8_ai_1] FILL: input
2026-01-18T23:17:13.0536666Z     🎯 Using AI-provided locator: input
2026-01-18T23:17:13.0590112Z     ✅ Found 1 verified locators
2026-01-18T23:17:21.1812559Z     ✅ State transitioned.
2026-01-18T23:17:22.6639639Z [DEBUG] Sending request to gemini-2.0-flash. Number of parts: 2
2026-01-18T23:17:22.6640283Z [DEBUG] Received response (Length: 282)
2026-01-18T23:17:22.6642585Z     🤖 AI Next Step Suggestion: fill -> Search for Vegetables and Fruits
2026-01-18T23:17:22.6643279Z     🧩 Suggested Locator: input
2026-01-18T23:17:22.6644120Z     💭 Reasoning: The previous search failed, and the page indicates no products matched the search. Need to try a different keyword. Cucumber is visible on the page.
2026-01-18T23:17:22.6644944Z     ➕ Injected AI step: fill -> Search for Vegetables and Fruits
2026-01-18T23:17:22.6645389Z   ▶️ [STEP step_8_ai_2] FILL: Search for Vegetables and Fruits
2026-01-18T23:17:22.6699923Z     🎯 Using AI-provided locator: input
2026-01-18T23:17:22.6751496Z     ✅ Found 1 verified locators
2026-01-18T23:17:28.2193525Z     ✅ State transitioned.
2026-01-18T23:17:29.3296986Z [DEBUG] Sending request to gemini-2.0-flash. Number of parts: 2
2026-01-18T23:17:29.3297741Z [DEBUG] Received response (Length: 166)
2026-01-18T23:17:29.3298880Z     🤖 AI Next Step Suggestion: fill -> Search for Vegetables and Fruits
2026-01-18T23:17:29.3299697Z     🧩 Suggested Locator: input
2026-01-18T23:17:29.3300351Z     💭 Reasoning: To search for Beans to add to cart.
2026-01-18T23:17:29.3371512Z ⚠️ Loop detected: same AI suggestion repeated 2 times. Moving to next step.
2026-01-18T23:17:29.3372692Z   ▶️ [STEP step_9] ASSERT_VISIBLE: PROCEED TO CHECKOUT
2026-01-18T23:17:29.3375620Z     🔍 Mining locators for: 'PROCEED TO CHECKOUT'
2026-01-18T23:17:29.3872580Z     ✅ Found 2 verified locators
2026-01-18T23:17:31.9134288Z     ✅ State transitioned.
2026-01-18T23:17:34.4788217Z [DEBUG] Sending request to gemini-2.0-flash. Number of parts: 2
2026-01-18T23:17:34.4788904Z [DEBUG] Received response (Length: 253)
2026-01-18T23:17:34.4790157Z     🤖 AI Next Step Suggestion: fill -> Search for Vegetables and Fruits
2026-01-18T23:17:34.4790880Z     🧩 Suggested Locator: input
2026-01-18T23:17:34.4791984Z     💭 Reasoning: The goal is to search and add items to the cart. The previous search failed, so we will try again with a specific item.
2026-01-18T23:17:34.4792989Z     ➕ Injected AI step: fill -> Search for Vegetables and Fruits
2026-01-18T23:17:34.4793494Z   ▶️ [STEP step_9_ai_1] FILL: Search for Vegetables and Fruits
2026-01-18T23:17:34.4848260Z     🎯 Using AI-provided locator: input
2026-01-18T23:17:34.4904946Z     ✅ Found 1 verified locators
2026-01-18T23:17:40.7102413Z     ✅ State transitioned.
2026-01-18T23:17:40.7156885Z     🔄 Revisited state detected (count: 1)
2026-01-18T23:17:42.1249377Z [DEBUG] Sending request to gemini-2.0-flash. Number of parts: 2
2026-01-18T23:17:42.1250360Z [DEBUG] Received response (Length: 294)
2026-01-18T23:17:42.1251253Z     🤖 AI Next Step Suggestion: fill -> Search for Vegetables and Fruits
2026-01-18T23:17:42.1251746Z     🧩 Suggested Locator: input
2026-01-18T23:17:42.1252726Z     💭 Reasoning: The goal is to search and add items to the cart. The last action was filling the search bar, but it seems to have failed. I will try again with a specific item.
2026-01-18T23:17:42.1253782Z ⚠️ Loop detected: same AI suggestion repeated 2 times. Moving to next step.
2026-01-18T23:17:44.1620394Z 🗂️  All generated tests written to /home/runner/work/build_qa_automation/build_qa_automation/projects/ci_rahulshetty_shop/tests/generated_scenarios.json
2026-01-18T23:17:44.1635901Z 🔄 Updated workflow.json with discovered steps and locators.
2026-01-18T23:17:44.1636359Z 
2026-01-18T23:17:44.1636607Z ✅ Deep Exploration Complete.
2026-01-18T23:21:01.8507897Z 
2026-01-18T23:21:01.8508904Z 🚀 [EXECUTE] Starting Automation Execution Engine
2026-01-18T23:21:01.8509468Z 📍 Project: ci_rahulshetty_shop
2026-01-18T23:21:01.8509742Z 🎬 Mode: Headless
2026-01-18T23:21:01.8509876Z 
2026-01-18T23:21:01.8510005Z --- Scenario: Search and Add Items to Cart ---
2026-01-18T23:21:01.8510417Z   ▶️ [STEP step_1] NAVIGATE: Step step_1
2026-01-18T23:21:01.8510727Z     ✅ Step step_1 Passed.
2026-01-18T23:21:01.8510983Z   ▶️ [STEP step_3] FILL: Search
2026-01-18T23:21:01.8511399Z     🎯 Using mined locator: [placeholder='Search for Vegetables and Fruits']
2026-01-18T23:21:01.8511822Z     ✅ Step step_3 Passed.
2026-01-18T23:21:01.8512085Z   ▶️ [STEP step_4] WAIT: Step step_4
2026-01-18T23:21:01.8512361Z     ✅ Step step_4 Passed.
2026-01-18T23:21:01.8512695Z   ▶️ [STEP step_4_ai_1] FILL: Search for Vegetables and Fruits
2026-01-18T23:21:01.8513062Z     🎯 Using mined locator: input
2026-01-18T23:21:01.8513341Z     ✅ Step step_4_ai_1 Passed.
2026-01-18T23:21:01.8513625Z   ▶️ [STEP step_4_ai_2] CLICK: ADD TO CART
2026-01-18T23:21:01.8513962Z     🎯 Using mined locator: button:nth-of-type(1)
2026-01-18T23:21:01.8514302Z     ✅ Step step_4_ai_2 Passed.
2026-01-18T23:21:01.8514731Z   ▶️ [STEP step_4_ai_3] FILL: Search for Vegetables and Fruits
2026-01-18T23:21:01.8515751Z     🎯 Using mined locator: input[placeholder='Search for Vegetables and Fruits']
2026-01-18T23:21:01.8516626Z     ✅ Step step_4_ai_3 Passed.
2026-01-18T23:21:01.8517159Z   ▶️ [STEP step_5] CLICK: ADD TO CART
2026-01-18T23:21:01.8517847Z     🎯 Using mined locator: role=button[name='ADD TO CART']
2026-01-18T23:21:01.8518520Z     ✅ Step step_5 Passed.
2026-01-18T23:21:01.8518851Z   ▶️ [STEP step_5_ai_1] FILL: Search for Vegetables and Fruits
2026-01-18T23:21:01.8519219Z     🎯 Using mined locator: input
2026-01-18T23:21:01.8519549Z     ✅ Step step_5_ai_1 Passed.
2026-01-18T23:21:01.8520003Z   ▶️ [STEP step_6] ASSERT_VISIBLE: 1
2026-01-18T23:21:01.8520496Z     🎯 Using mined locator: text='1'
2026-01-18T23:21:01.8520947Z     ✅ Step step_6 Passed.
2026-01-18T23:21:01.8521501Z   ▶️ [STEP step_6_ai_1] FILL: Search for Vegetables and Fruits
2026-01-18T23:21:01.8522121Z     🎯 Using mined locator: input
2026-01-18T23:21:01.8522613Z     ✅ Step step_6_ai_1 Passed.
2026-01-18T23:21:01.8523037Z   ▶️ [STEP step_7] FILL: Search
2026-01-18T23:21:01.8524025Z     🎯 Using mined locator: [placeholder='Search for Vegetables and Fruits']
2026-01-18T23:21:01.8524760Z     ✅ Step step_7 Passed.
2026-01-18T23:21:01.8525219Z   ▶️ [STEP step_8] WAIT: Step step_8
2026-01-18T23:21:01.8525696Z     ✅ Step step_8 Passed.
2026-01-18T23:21:01.8526026Z   ▶️ [STEP step_8_ai_1] CLICK: ADD TO CART
2026-01-18T23:21:01.8526557Z     🎯 Using mined locator: button:nth-of-type(1)
2026-01-18T23:21:01.8526876Z     ✅ Step step_8_ai_1 Passed.
2026-01-18T23:21:01.8527148Z   ▶️ [STEP step_9] CLICK: ADD TO CART
2026-01-18T23:21:01.8527497Z     🎯 Using mined locator: role=button[name='ADD TO CART']
2026-01-18T23:21:01.8527826Z     ✅ Step step_9 Passed.
2026-01-18T23:21:01.8528472Z   ▶️ [STEP step_9_ai_1] CLICK: CHECKOUT
2026-01-18T23:21:01.8528802Z     🎯 Using mined locator: #checkoutModalBtnOne
2026-01-18T23:21:01.8529473Z     ❌ Attempt 1 failed (element_not_found): Locator.click: Timeout 10000ms exceeded.
2026-01-18T23:21:01.8529847Z Call log:
2026-01-18T23:21:01.8530067Z   - waiting for locator("#checkoutModalBtnOne")
2026-01-18T23:21:01.8530331Z  ...
2026-01-18T23:21:01.8530602Z     🔧 [AUTO-HEAL] Re-mining page to find 'CHECKOUT'...
2026-01-18T23:21:01.8530988Z [DEBUG] Sending request to gemini-2.0-flash. Number of parts: 2
2026-01-18T23:21:01.8531342Z [DEBUG] Received response (Length: 448)
2026-01-18T23:21:01.8531720Z     ✨ AI successfully healed the step! Found 2 alternatives.
2026-01-18T23:21:01.8532175Z     ✨ AI successfully healed the step! New selector: input[type='text']
2026-01-18T23:21:01.8532561Z     ✅ Step step_9_ai_1 Passed.
2026-01-18T23:21:01.8532830Z   ▶️ [STEP step_10] ASSERT_VISIBLE: 2
2026-01-18T23:21:01.8533118Z     🎯 Using mined locator: text='2'
2026-01-18T23:21:01.8533388Z     ✅ Step step_10 Passed.
2026-01-18T23:21:01.8533728Z   ▶️ [STEP step_10_ai_1] FILL: Search for Vegetables and Fruits
2026-01-18T23:21:01.8534224Z     🎯 Using mined locator: input[placeholder='Search for Vegetables and Fruits']
2026-01-18T23:21:01.8534641Z     ✅ Step step_10_ai_1 Passed.
2026-01-18T23:21:01.8534926Z   ▶️ [STEP step_10_ai_2] CLICK: ADD TO CART
2026-01-18T23:21:01.8535276Z     🎯 Using mined locator: button:has-text('ADD TO CART')
2026-01-18T23:21:01.8535600Z     ✅ Step step_10_ai_2 Passed.
2026-01-18T23:21:01.8535872Z   ▶️ [STEP step_10_ai_3] CLICK: CHECKOUT
2026-01-18T23:21:01.8536190Z     🎯 Using mined locator: #checkoutModalBtnOne
2026-01-18T23:21:01.8536492Z     ✅ Step step_10_ai_3 Passed.
2026-01-18T23:21:01.8536842Z ✅ Scenario 'Search and Add Items to Cart' completed successfully!
2026-01-18T23:21:01.8537110Z 
2026-01-18T23:21:01.8537268Z --- Scenario: Search and Add Multiple Quantities of an Item ---
2026-01-18T23:21:01.8537644Z   ▶️ [STEP step_1] NAVIGATE: Step step_1
2026-01-18T23:21:01.8538106Z     ✅ Step step_1 Passed.
2026-01-18T23:21:01.8538383Z   ▶️ [STEP step_2] FILL: Search
2026-01-18T23:21:01.8538763Z     🎯 Using mined locator: [placeholder='Search for Vegetables and Fruits']
2026-01-18T23:21:01.8539294Z     ✅ Step step_2 Passed.
2026-01-18T23:21:01.8539831Z   ▶️ [STEP step_2_ai_1] CLICK: ADD TO CART
2026-01-18T23:21:01.8540506Z     🎯 Using mined locator: role=button[name='ADD TO CART']
2026-01-18T23:21:01.8541180Z     ✅ Step step_2_ai_1 Passed.
2026-01-18T23:21:01.8541779Z   ▶️ [STEP step_2_ai_2] FILL: Search for Vegetables and Fruits
2026-01-18T23:21:01.8542144Z     🎯 Using mined locator: input
2026-01-18T23:21:01.8542415Z     ✅ Step step_2_ai_2 Passed.
2026-01-18T23:21:01.8542684Z   ▶️ [STEP step_2_ai_3] CLICK: ADD TO CART
2026-01-18T23:21:01.8543092Z     🎯 Using mined locator: role=button[name='ADD TO CART']
2026-01-18T23:21:01.8543704Z     ✅ Step step_2_ai_3 Passed.
2026-01-18T23:21:01.8544080Z   ▶️ [STEP step_2_ai_4] CLICK: PROCEED TO CHECKOUT
2026-01-18T23:21:01.8544447Z     🎯 Using mined locator: button
2026-01-18T23:21:01.8545098Z     ✅ Step step_2_ai_4 Passed.
2026-01-18T23:21:01.8545783Z   ▶️ [STEP step_2_ai_5] FILL: Search for Vegetables and Fruits
2026-01-18T23:21:01.8546469Z     🎯 Using mined locator: input
2026-01-18T23:21:01.8546932Z     ✅ Step step_2_ai_5 Passed.
2026-01-18T23:21:01.8547232Z   ▶️ [STEP step_2_ai_6] CLICK: ADD TO CART
2026-01-18T23:21:01.8547575Z     🎯 Using mined locator: button:nth-of-type(1)
2026-01-18T23:21:01.8548136Z     ✅ Step step_2_ai_6 Passed.
2026-01-18T23:21:01.8548551Z   ▶️ [STEP step_2_ai_7] FILL: Search for Vegetables and Fruits
2026-01-18T23:21:01.8548905Z     🎯 Using mined locator: input
2026-01-18T23:21:01.8549175Z     ✅ Step step_2_ai_7 Passed.
2026-01-18T23:21:01.8549430Z   ▶️ [STEP step_3] WAIT: Step step_3
2026-01-18T23:21:01.8549703Z     ✅ Step step_3 Passed.
2026-01-18T23:21:01.8549961Z   ▶️ [STEP step_6] CLICK: ADD TO CART
2026-01-18T23:21:01.8550302Z     🎯 Using mined locator: role=button[name='ADD TO CART']
2026-01-18T23:21:01.8550628Z     ✅ Step step_6 Passed.
2026-01-18T23:21:01.8550923Z   ▶️ [STEP step_6_ai_1] CLICK: PROCEED TO CHECKOUT
2026-01-18T23:21:01.8551241Z     🎯 Using mined locator: button
2026-01-18T23:21:01.8551508Z     ✅ Step step_6_ai_1 Passed.
2026-01-18T23:21:01.8551783Z   ▶️ [STEP step_6_ai_2] CLICK: ADD TO CART
2026-01-18T23:21:01.8552104Z     🎯 Using mined locator: button:nth-of-type(1)
2026-01-18T23:21:01.8552407Z     ✅ Step step_6_ai_2 Passed.
2026-01-18T23:21:01.8552747Z   ▶️ [STEP step_7] ASSERT_VISIBLE: 1
2026-01-18T23:21:01.8553019Z     🎯 Using mined locator: text='1'
2026-01-18T23:21:01.8553283Z     ✅ Step step_7 Passed.
2026-01-18T23:21:01.8553598Z   ▶️ [STEP step_7_ai_1] FILL: Search for Vegetables and Fruits
2026-01-18T23:21:01.8554069Z     🎯 Using mined locator: [placeholder='Search for Vegetables and Fruits']
2026-01-18T23:21:01.8554464Z     ✅ Step step_7_ai_1 Passed.
2026-01-18T23:21:01.8554881Z ✅ Scenario 'Search and Add Multiple Quantities of an Item' completed successfully!
2026-01-18T23:21:01.8555207Z 
2026-01-18T23:21:01.8555391Z --- Scenario: Add multiple items to cart and verify total amount ---
2026-01-18T23:21:01.8555785Z   ▶️ [STEP step_1] NAVIGATE: Step step_1
2026-01-18T23:21:01.8556066Z     ✅ Step step_1 Passed.
2026-01-18T23:21:01.8556314Z   ▶️ [STEP step_2] FILL: Search
2026-01-18T23:21:01.8556702Z     🎯 Using mined locator: [placeholder='Search for Vegetables and Fruits']
2026-01-18T23:21:01.8557092Z     ✅ Step step_2 Passed.
2026-01-18T23:21:01.8557352Z   ▶️ [STEP step_2_ai_1] CLICK: ADD TO CART
2026-01-18T23:21:01.8557670Z     🎯 Using mined locator: button:nth-of-type(1)
2026-01-18T23:21:01.8558167Z     ✅ Step step_2_ai_1 Passed.
2026-01-18T23:21:01.8558509Z   ▶️ [STEP step_2_ai_2] FILL: Search for Vegetables and Fruits
2026-01-18T23:21:01.8558973Z     🎯 Using mined locator: [placeholder='Search for Vegetables and Fruits']
2026-01-18T23:21:01.8559364Z     ✅ Step step_2_ai_2 Passed.
2026-01-18T23:21:01.8559622Z   ▶️ [STEP step_3] WAIT: Step step_3
2026-01-18T23:21:01.8559886Z     ✅ Step step_3 Passed.
2026-01-18T23:21:01.8560207Z   ▶️ [STEP step_3_ai_1] FILL: Search for Vegetables and Fruits
2026-01-18T23:21:01.8560549Z     🎯 Using mined locator: input
2026-01-18T23:21:01.8560807Z     ✅ Step step_3_ai_1 Passed.
2026-01-18T23:21:01.8561075Z   ▶️ [STEP step_4] CLICK: ADD TO CART
2026-01-18T23:21:01.8561414Z     🎯 Using mined locator: role=button[name='ADD TO CART']
2026-01-18T23:21:01.8561742Z     ✅ Step step_4 Passed.
2026-01-18T23:21:01.8562046Z   ▶️ [STEP step_4_ai_1] FILL: Search for Vegetables and Fruits
2026-01-18T23:21:01.8562384Z     🎯 Using mined locator: input
2026-01-18T23:21:01.8562646Z     ✅ Step step_4_ai_1 Passed.
2026-01-18T23:21:01.8562911Z   ▶️ [STEP step_4_ai_2] CLICK: ADD TO CART
2026-01-18T23:21:01.8563228Z     🎯 Using mined locator: button:nth-of-type(1)
2026-01-18T23:21:01.8563534Z     ✅ Step step_4_ai_2 Passed.
2026-01-18T23:21:01.8563787Z   ▶️ [STEP step_5] FILL: Search
2026-01-18T23:21:01.8564170Z     🎯 Using mined locator: [placeholder='Search for Vegetables and Fruits']
2026-01-18T23:21:01.8564703Z     ✅ Step step_5 Passed.
2026-01-18T23:21:01.8564955Z   ▶️ [STEP step_6] WAIT: Step step_6
2026-01-18T23:21:01.8565219Z     ✅ Step step_6 Passed.
2026-01-18T23:21:01.8565525Z   ▶️ [STEP step_6_ai_1] FILL: Search for Vegetables and Fruits
2026-01-18T23:21:01.8566115Z     🎯 Using mined locator: input[placeholder='Search for Vegetables and Fruits']
2026-01-18T23:21:01.8566534Z     ✅ Step step_6_ai_1 Passed.
2026-01-18T23:21:01.8566795Z   ▶️ [STEP step_7] CLICK: ADD TO CART
2026-01-18T23:21:01.8567135Z     🎯 Using mined locator: role=button[name='ADD TO CART']
2026-01-18T23:21:01.8567460Z     ✅ Step step_7 Passed.
2026-01-18T23:21:01.8567763Z   ▶️ [STEP step_7_ai_1] FILL: Search for Vegetables and Fruits
2026-01-18T23:21:01.8568364Z     🎯 Using mined locator: input
2026-01-18T23:21:01.8568632Z     ✅ Step step_7_ai_1 Passed.
2026-01-18T23:21:01.8568898Z   ▶️ [STEP step_7_ai_2] CLICK: ADD TO CART
2026-01-18T23:21:01.8569241Z     🎯 Using mined locator: role=button[name='ADD TO CART']
2026-01-18T23:21:01.8569585Z     ✅ Step step_7_ai_2 Passed.
2026-01-18T23:21:01.8569908Z   ▶️ [STEP step_7_ai_3] FILL: Search for Vegetables and Fruits
2026-01-18T23:21:01.8570247Z     🎯 Using mined locator: input
2026-01-18T23:21:01.8570533Z     ✅ Step step_7_ai_3 Passed.
2026-01-18T23:21:01.8570806Z   ▶️ [STEP step_7_ai_4] CLICK: ADD TO CART
2026-01-18T23:21:01.8571127Z     🎯 Using mined locator: button:nth-of-type(1)
2026-01-18T23:21:01.8571434Z     ✅ Step step_7_ai_4 Passed.
2026-01-18T23:21:01.8571751Z   ▶️ [STEP step_7_ai_5] FILL: Search for Vegetables and Fruits
2026-01-18T23:21:01.8572228Z     🎯 Using mined locator: input[placeholder='Search for Vegetables and Fruits']
2026-01-18T23:21:01.8572634Z     ✅ Step step_7_ai_5 Passed.
2026-01-18T23:21:01.8572898Z   ▶️ [STEP step_7_ai_6] CLICK: ADD TO CART
2026-01-18T23:21:01.8573215Z     🎯 Using mined locator: button:nth-of-type(1)
2026-01-18T23:21:01.8573511Z     ✅ Step step_7_ai_6 Passed.
2026-01-18T23:21:01.8573832Z   ▶️ [STEP step_7_ai_7] FILL: Search for Vegetables and Fruits
2026-01-18T23:21:01.8574314Z     🎯 Using mined locator: input[placeholder='Search for Vegetables and Fruits']
2026-01-18T23:21:01.8574718Z     ✅ Step step_7_ai_7 Passed.
2026-01-18T23:21:01.8574961Z   ▶️ [STEP step_8] CLICK: Cart
2026-01-18T23:21:01.8575277Z     🎯 Using mined locator: role=button[name='ADD TO CART']
2026-01-18T23:21:01.8575603Z     ✅ Step step_8 Passed.
2026-01-18T23:21:01.8575852Z   ▶️ [STEP step_8_ai_1] FILL: input
2026-01-18T23:21:01.8576120Z     🎯 Using mined locator: input
2026-01-18T23:21:01.8576378Z     ✅ Step step_8_ai_1 Passed.
2026-01-18T23:21:40.0063281Z   ▶️ [STEP step_8_ai_2] FILL: Search for Vegetables and Fruits
2026-01-18T23:21:40.0063957Z     🎯 Using mined locator: input
2026-01-18T23:21:40.0064455Z     ✅ Step step_8_ai_2 Passed.
2026-01-18T23:21:40.0065032Z   ▶️ [STEP step_9] ASSERT_VISIBLE: PROCEED TO CHECKOUT
2026-01-18T23:21:40.0065724Z     🎯 Using mined locator: text='PROCEED TO CHECKOUT'
2026-01-18T23:21:40.0066509Z     ❌ Attempt 1 failed (element_not_found): Locator expected to be visible
2026-01-18T23:21:40.0067148Z Actual value: hidden 
2026-01-18T23:21:40.0067349Z Call log:
2026-01-18T23:21:40.0067541Z   - Expect "to_be_visible" with timeo...
2026-01-18T23:21:40.0068205Z     🔧 [AUTO-HEAL] Re-mining page to find 'PROCEED TO CHECKOUT'...
2026-01-18T23:21:40.0068689Z [DEBUG] Sending request to gemini-2.0-flash. Number of parts: 2
2026-01-18T23:21:40.0069034Z [DEBUG] Received response (Length: 231)
2026-01-18T23:21:40.0069422Z     ✨ AI successfully healed the step! Found 1 alternatives.
2026-01-18T23:21:40.0069837Z     ✨ AI successfully healed the step! New selector: CHECKOUT
2026-01-18T23:21:40.0070311Z     ❌ Attempt 2 failed (element_not_found): Locator expected to be visible
2026-01-18T23:21:40.0070658Z Actual value: None
2026-01-18T23:21:40.0070857Z Error: element(s) not found 
2026-01-18T23:21:40.0071063Z Call log:
2026-01-18T23:21:40.0071230Z   - Expect ...
2026-01-18T23:21:40.0071548Z     🔧 [AUTO-HEAL] Re-mining page to find 'PROCEED TO CHECKOUT'...
2026-01-18T23:21:40.0072165Z [CACHE HIT] 4473e744... (hits: 1, misses: 2)
2026-01-18T23:21:40.0072527Z     ✨ AI successfully healed the step! Found 1 alternatives.
2026-01-18T23:21:40.0072931Z     ✨ AI successfully healed the step! New selector: CHECKOUT
2026-01-18T23:21:40.0073552Z     ❌ Attempt 3 failed (element_not_found): Locator expected to be visible
2026-01-18T23:21:40.0073901Z Actual value: None
2026-01-18T23:21:40.0074087Z Error: element(s) not found 
2026-01-18T23:21:40.0074294Z Call log:
2026-01-18T23:21:40.0074458Z   - Expect ...
2026-01-18T23:21:40.0074701Z     💀 Step step_9 failed after all retries.
2026-01-18T23:21:40.0075197Z 🛑 Scenario 'Add multiple items to cart and verify total amount' aborted due to step failure.
2026-01-18T23:21:40.0075556Z 
2026-01-18T23:21:40.0075653Z ============================================================
2026-01-18T23:21:40.0075951Z 🎯 EXECUTION SUMMARY
2026-01-18T23:21:40.0076163Z ============================================================
2026-01-18T23:21:40.0076361Z 
2026-01-18T23:21:40.0076466Z 📋 Scenario Overview:
2026-01-18T23:21:40.0076706Z    • Total Scenarios Planned: 3
2026-01-18T23:21:40.0076970Z    • Scenarios Executed: 3
2026-01-18T23:21:40.0077219Z    • Total Steps Executed: 58
2026-01-18T23:21:40.0077381Z 
2026-01-18T23:21:40.0077474Z ✅ Results:
2026-01-18T23:21:40.0077663Z    ✅ Passed: 2 (66%)
2026-01-18T23:21:40.0077880Z    ❌ Failed: 1 (33%)
2026-01-18T23:21:40.0078200Z 
2026-01-18T23:21:40.0078335Z ⚠️  Failed Scenarios:
2026-01-18T23:21:40.0078763Z    • Add multiple items to cart and verify total amount
2026-01-18T23:21:40.0078988Z 
2026-01-18T23:21:40.0079089Z ============================================================
2026-01-18T23:21:40.0079288Z 
2026-01-18T23:21:40.0079795Z 🏁 Execution Finished. Report: /home/runner/work/build_qa_automation/build_qa_automation/projects/ci_rahulshetty_shop/execution.json
2026-01-18T23:21:40.1149985Z 
2026-01-18T23:21:40.1150572Z [PHASE] Running Phase: DISCOVERY
2026-01-18T23:21:40.1151980Z    Command: /opt/hostedtoolcache/Python/3.11.14/x64/bin/python /home/runner/work/build_qa_automation/build_qa_automation/core/agents/discovery.py --project /home/runner/work/build_qa_automation/build_qa_automation/projects/ci_rahulshetty_shop --url https://rahulshettyacademy.com/seleniumPractise/ --deep
2026-01-18T23:21:40.1153582Z ✅ Phase 'discovery' completed successfully.
2026-01-18T23:21:40.1153795Z 
2026-01-18T23:21:40.1153893Z [PHASE] Running Phase: PLANNING
2026-01-18T23:21:40.1155223Z    Command: /opt/hostedtoolcache/Python/3.11.14/x64/bin/python /home/runner/work/build_qa_automation/build_qa_automation/core/agents/planner.py --project /home/runner/work/build_qa_automation/build_qa_automation/projects/ci_rahulshetty_shop --goal Search and add items to cart --url https://rahulshettyacademy.com/seleniumPractise/ --deep
2026-01-18T23:21:40.1156631Z ✅ Phase 'planning' completed successfully.
2026-01-18T23:21:40.1156832Z 
2026-01-18T23:21:40.1156924Z [PHASE] Running Phase: EXPLORATION
2026-01-18T23:21:40.1158139Z    Command: /opt/hostedtoolcache/Python/3.11.14/x64/bin/python /home/runner/work/build_qa_automation/build_qa_automation/core/agents/deep_explorer.py --project /home/runner/work/build_qa_automation/build_qa_automation/projects/ci_rahulshetty_shop
2026-01-18T23:21:40.1159282Z ✅ Phase 'exploration' completed successfully.
2026-01-18T23:21:40.1159659Z 📊 Exploration Discovery Success Rate: 91.1%
2026-01-18T23:21:40.1159862Z 
2026-01-18T23:21:40.1159956Z [PHASE] Running Phase: EXECUTION
2026-01-18T23:21:40.1160934Z    Command: /opt/hostedtoolcache/Python/3.11.14/x64/bin/python /home/runner/work/build_qa_automation/build_qa_automation/core/agents/executor.py --project /home/runner/work/build_qa_automation/build_qa_automation/projects/ci_rahulshetty_shop
2026-01-18T23:21:40.1161987Z ✅ Phase 'execution' completed successfully.
2026-01-18T23:21:40.1162185Z 
2026-01-18T23:21:40.1162283Z [DONE] Pipeline Execution Finished! [DONE]
2026-01-18T23:21:40.2368237Z ##[group]Run RESULT_FILE="projects/ci_rahulshetty_shop/execution.json"
2026-01-18T23:21:40.2368990Z [36;1mRESULT_FILE="projects/ci_rahulshetty_shop/execution.json"[0m
2026-01-18T23:21:40.2369361Z [36;1mif [ -f "$RESULT_FILE" ]; then[0m
2026-01-18T23:21:40.2369692Z [36;1m  echo "✅ Results generated successfully: $RESULT_FILE"[0m
2026-01-18T23:21:40.2370142Z [36;1m  cat "$RESULT_FILE" | jq '.scenarios | length' || echo "Result file exists"[0m
2026-01-18T23:21:40.2370513Z [36;1melse[0m
2026-01-18T23:21:40.2370750Z [36;1m  echo "❌ No result file found at $RESULT_FILE"[0m
2026-01-18T23:21:40.2371048Z [36;1m  exit 1[0m
2026-01-18T23:21:40.2371220Z [36;1mfi[0m
2026-01-18T23:21:40.2403017Z shell: /usr/bin/bash -e {0}
2026-01-18T23:21:40.2403247Z env:
2026-01-18T23:21:40.2403493Z   pythonLocation: /opt/hostedtoolcache/Python/3.11.14/x64
2026-01-18T23:21:40.2403929Z   PKG_CONFIG_PATH: /opt/hostedtoolcache/Python/3.11.14/x64/lib/pkgconfig
2026-01-18T23:21:40.2404387Z   Python_ROOT_DIR: /opt/hostedtoolcache/Python/3.11.14/x64
2026-01-18T23:21:40.2404751Z   Python2_ROOT_DIR: /opt/hostedtoolcache/Python/3.11.14/x64
2026-01-18T23:21:40.2405127Z   Python3_ROOT_DIR: /opt/hostedtoolcache/Python/3.11.14/x64
2026-01-18T23:21:40.2405497Z   LD_LIBRARY_PATH: /opt/hostedtoolcache/Python/3.11.14/x64/lib
2026-01-18T23:21:40.2405802Z ##[endgroup]
2026-01-18T23:21:40.2459441Z ✅ Results generated successfully: projects/ci_rahulshetty_shop/execution.json
2026-01-18T23:21:40.2486964Z 3
2026-01-18T23:21:40.2728747Z ##[group]Run actions/upload-artifact@v4
2026-01-18T23:21:40.2729034Z with:
2026-01-18T23:21:40.2729237Z   name: rahulshetty_shop-execution-results
2026-01-18T23:21:40.2729704Z   path: projects/ci_rahulshetty_shop/execution.json
projects/ci_rahulshetty_shop/workflow.json

2026-01-18T23:21:40.2730158Z   retention-days: 30
2026-01-18T23:21:40.2730359Z   if-no-files-found: warn
2026-01-18T23:21:40.2730578Z   compression-level: 6
2026-01-18T23:21:40.2730782Z   overwrite: false
2026-01-18T23:21:40.2730975Z   include-hidden-files: false
2026-01-18T23:21:40.2731180Z env:
2026-01-18T23:21:40.2731429Z   pythonLocation: /opt/hostedtoolcache/Python/3.11.14/x64
2026-01-18T23:21:40.2731843Z   PKG_CONFIG_PATH: /opt/hostedtoolcache/Python/3.11.14/x64/lib/pkgconfig
2026-01-18T23:21:40.2732247Z   Python_ROOT_DIR: /opt/hostedtoolcache/Python/3.11.14/x64
2026-01-18T23:21:40.2732608Z   Python2_ROOT_DIR: /opt/hostedtoolcache/Python/3.11.14/x64
2026-01-18T23:21:40.2732994Z   Python3_ROOT_DIR: /opt/hostedtoolcache/Python/3.11.14/x64
2026-01-18T23:21:40.2733360Z   LD_LIBRARY_PATH: /opt/hostedtoolcache/Python/3.11.14/x64/lib
2026-01-18T23:21:40.2733664Z ##[endgroup]
2026-01-18T23:21:40.4900642Z Multiple search paths detected. Calculating the least common ancestor of all paths
2026-01-18T23:21:40.4903908Z The least common ancestor is /home/runner/work/build_qa_automation/build_qa_automation/projects/ci_rahulshetty_shop. This will be the root directory of the artifact
2026-01-18T23:21:40.4905516Z With the provided path, there will be 2 files uploaded
2026-01-18T23:21:40.4911343Z Artifact name is valid!
2026-01-18T23:21:40.4912618Z Root directory input is valid!
2026-01-18T23:21:40.5988671Z Beginning upload of artifact content to blob storage
2026-01-18T23:21:40.6536415Z Uploaded bytes 2483
2026-01-18T23:21:40.6706895Z Finished uploading artifact content to blob storage!
2026-01-18T23:21:40.6710304Z SHA256 digest of uploaded artifact zip is 2cbe7bd618d4abe1a54e1787515903975d72c5f344196b332da00df22f29c03c
2026-01-18T23:21:40.6712853Z Finalizing artifact upload
2026-01-18T23:21:40.7481978Z Artifact rahulshetty_shop-execution-results.zip successfully finalized. Artifact ID 5170939563
2026-01-18T23:21:40.7483665Z Artifact rahulshetty_shop-execution-results has been successfully uploaded! Final size is 2483 bytes. Artifact ID is 5170939563
2026-01-18T23:21:40.7491307Z Artifact download URL: https://github.com/vishvasmca-cmd/build_qa_automation/actions/runs/21120211878/artifacts/5170939563
2026-01-18T23:21:40.7828294Z Post job cleanup.
2026-01-18T23:21:40.9367130Z Cache hit occurred on the primary key setup-python-Linux-x64-24.04-Ubuntu-python-3.11.14-pip-dde08d0e0b672972dcda9f1a063036a2e0c226f5d0a20362e9401931676d80a4, not saving cache.
2026-01-18T23:21:40.9822921Z Post job cleanup.
2026-01-18T23:21:41.0782298Z [command]/usr/bin/git version
2026-01-18T23:21:41.0825003Z git version 2.52.0
2026-01-18T23:21:41.0870843Z Temporarily overriding HOME='/home/runner/work/_temp/b820e382-dbdd-4ecf-ac1d-0ea54e2d4609' before making global git config changes
2026-01-18T23:21:41.0872309Z Adding repository directory to the temporary git global config as a safe directory
2026-01-18T23:21:41.0877767Z [command]/usr/bin/git config --global --add safe.directory /home/runner/work/build_qa_automation/build_qa_automation
2026-01-18T23:21:41.0920898Z [command]/usr/bin/git config --local --name-only --get-regexp core\.sshCommand
2026-01-18T23:21:41.0958603Z [command]/usr/bin/git submodule foreach --recursive sh -c "git config --local --name-only --get-regexp 'core\.sshCommand' && git config --local --unset-all 'core.sshCommand' || :"
2026-01-18T23:21:41.1224462Z [command]/usr/bin/git config --local --name-only --get-regexp http\.https\:\/\/github\.com\/\.extraheader
2026-01-18T23:21:41.1250082Z http.https://github.com/.extraheader
2026-01-18T23:21:41.1263551Z [command]/usr/bin/git config --local --unset-all http.https://github.com/.extraheader
2026-01-18T23:21:41.1298089Z [command]/usr/bin/git submodule foreach --recursive sh -c "git config --local --name-only --get-regexp 'http\.https\:\/\/github\.com\/\.extraheader' && git config --local --unset-all 'http.https://github.com/.extraheader' || :"
2026-01-18T23:21:41.1546749Z [command]/usr/bin/git config --local --name-only --get-regexp ^includeIf\.gitdir:
2026-01-18T23:21:41.1590680Z [command]/usr/bin/git submodule foreach --recursive git config --local --show-origin --name-only --get-regexp remote.origin.url
2026-01-18T23:21:41.1968310Z Cleaning up orphan processes
