2026-01-19T23:42:07.8874530Z Current runner version: '2.331.0'
2026-01-19T23:42:07.8897458Z ##[group]Runner Image Provisioner
2026-01-19T23:42:07.8898292Z Hosted Compute Agent
2026-01-19T23:42:07.8898866Z Version: 20251211.462
2026-01-19T23:42:07.8899428Z Commit: 6cbad8c2bb55d58165063d031ccabf57e2d2db61
2026-01-19T23:42:07.8900175Z Build Date: 2025-12-11T16:28:49Z
2026-01-19T23:42:07.8901051Z Worker ID: {031a77a0-467a-463c-ba2a-a4bb23deffd8}
2026-01-19T23:42:07.8901761Z ##[endgroup]
2026-01-19T23:42:07.8902322Z ##[group]Operating System
2026-01-19T23:42:07.8902891Z Ubuntu
2026-01-19T23:42:07.8903311Z 24.04.3
2026-01-19T23:42:07.8903786Z LTS
2026-01-19T23:42:07.8904216Z ##[endgroup]
2026-01-19T23:42:07.8904728Z ##[group]Runner Image
2026-01-19T23:42:07.8905293Z Image: ubuntu-24.04
2026-01-19T23:42:07.8905780Z Version: 20260111.209.1
2026-01-19T23:42:07.8906761Z Included Software: https://github.com/actions/runner-images/blob/ubuntu24/20260111.209/images/ubuntu/Ubuntu2404-Readme.md
2026-01-19T23:42:07.8908291Z Image Release: https://github.com/actions/runner-images/releases/tag/ubuntu24%2F20260111.209
2026-01-19T23:42:07.8909286Z ##[endgroup]
2026-01-19T23:42:07.8910407Z ##[group]GITHUB_TOKEN Permissions
2026-01-19T23:42:07.8912321Z Contents: read
2026-01-19T23:42:07.8912802Z Metadata: read
2026-01-19T23:42:07.8913440Z Packages: read
2026-01-19T23:42:07.8913894Z ##[endgroup]
2026-01-19T23:42:07.8916292Z Secret source: Actions
2026-01-19T23:42:07.8917083Z Prepare workflow directory
2026-01-19T23:42:07.9237206Z Prepare all required actions
2026-01-19T23:42:07.9275494Z Getting action download info
2026-01-19T23:42:08.3955022Z Download action repository 'actions/checkout@v4' (SHA:34e114876b0b11c390a56381ad16ebd13914f8d5)
2026-01-19T23:42:09.0437562Z Download action repository 'actions/setup-python@v5' (SHA:a26af69be951a213d495a4c3e4e4022e16d87065)
2026-01-19T23:42:09.1915822Z Download action repository 'actions/upload-artifact@v4' (SHA:ea165f8d65b6e75b540449e92b4886f43607fa02)
2026-01-19T23:42:09.4990291Z Complete job name: test-websites-deep (rahulshetty_shop, https://rahulshettyacademy.com/seleniumPractise/, Search fo...
2026-01-19T23:42:09.5701489Z ##[group]Run actions/checkout@v4
2026-01-19T23:42:09.5702371Z with:
2026-01-19T23:42:09.5702824Z   repository: vishvasmca-cmd/build_qa_automation
2026-01-19T23:42:09.5703544Z   token: ***
2026-01-19T23:42:09.5703926Z   ssh-strict: true
2026-01-19T23:42:09.5704305Z   ssh-user: git
2026-01-19T23:42:09.5704703Z   persist-credentials: true
2026-01-19T23:42:09.5705174Z   clean: true
2026-01-19T23:42:09.5705564Z   sparse-checkout-cone-mode: true
2026-01-19T23:42:09.5706036Z   fetch-depth: 1
2026-01-19T23:42:09.5706413Z   fetch-tags: false
2026-01-19T23:42:09.5706811Z   show-progress: true
2026-01-19T23:42:09.5707209Z   lfs: false
2026-01-19T23:42:09.5707565Z   submodules: false
2026-01-19T23:42:09.5707972Z   set-safe-directory: true
2026-01-19T23:42:09.5708659Z ##[endgroup]
2026-01-19T23:42:09.6780071Z Syncing repository: vishvasmca-cmd/build_qa_automation
2026-01-19T23:42:09.6782298Z ##[group]Getting Git version info
2026-01-19T23:42:09.6783215Z Working directory is '/home/runner/work/build_qa_automation/build_qa_automation'
2026-01-19T23:42:09.6784310Z [command]/usr/bin/git version
2026-01-19T23:42:09.8251668Z git version 2.52.0
2026-01-19T23:42:09.8280828Z ##[endgroup]
2026-01-19T23:42:09.8304217Z Temporarily overriding HOME='/home/runner/work/_temp/28d8bdff-93e8-4171-994a-3f2ec4176467' before making global git config changes
2026-01-19T23:42:09.8305898Z Adding repository directory to the temporary git global config as a safe directory
2026-01-19T23:42:09.8310199Z [command]/usr/bin/git config --global --add safe.directory /home/runner/work/build_qa_automation/build_qa_automation
2026-01-19T23:42:09.8414007Z Deleting the contents of '/home/runner/work/build_qa_automation/build_qa_automation'
2026-01-19T23:42:09.8417525Z ##[group]Initializing the repository
2026-01-19T23:42:09.8422756Z [command]/usr/bin/git init /home/runner/work/build_qa_automation/build_qa_automation
2026-01-19T23:42:09.9211441Z hint: Using 'master' as the name for the initial branch. This default branch name
2026-01-19T23:42:09.9213100Z hint: will change to "main" in Git 3.0. To configure the initial branch name
2026-01-19T23:42:09.9214392Z hint: to use in all of your new repositories, which will suppress this warning,
2026-01-19T23:42:09.9215318Z hint: call:
2026-01-19T23:42:09.9215770Z hint:
2026-01-19T23:42:09.9216375Z hint: 	git config --global init.defaultBranch <name>
2026-01-19T23:42:09.9217130Z hint:
2026-01-19T23:42:09.9217814Z hint: Names commonly chosen instead of 'master' are 'main', 'trunk' and
2026-01-19T23:42:09.9218885Z hint: 'development'. The just-created branch can be renamed via this command:
2026-01-19T23:42:09.9219730Z hint:
2026-01-19T23:42:09.9220156Z hint: 	git branch -m <name>
2026-01-19T23:42:09.9220885Z hint:
2026-01-19T23:42:09.9221604Z hint: Disable this message with "git config set advice.defaultBranchName false"
2026-01-19T23:42:09.9266101Z Initialized empty Git repository in /home/runner/work/build_qa_automation/build_qa_automation/.git/
2026-01-19T23:42:09.9279365Z [command]/usr/bin/git remote add origin https://github.com/vishvasmca-cmd/build_qa_automation
2026-01-19T23:42:09.9437465Z ##[endgroup]
2026-01-19T23:42:09.9439041Z ##[group]Disabling automatic garbage collection
2026-01-19T23:42:09.9443319Z [command]/usr/bin/git config --local gc.auto 0
2026-01-19T23:42:09.9476281Z ##[endgroup]
2026-01-19T23:42:09.9477475Z ##[group]Setting up auth
2026-01-19T23:42:09.9484550Z [command]/usr/bin/git config --local --name-only --get-regexp core\.sshCommand
2026-01-19T23:42:09.9517788Z [command]/usr/bin/git submodule foreach --recursive sh -c "git config --local --name-only --get-regexp 'core\.sshCommand' && git config --local --unset-all 'core.sshCommand' || :"
2026-01-19T23:42:10.1799219Z [command]/usr/bin/git config --local --name-only --get-regexp http\.https\:\/\/github\.com\/\.extraheader
2026-01-19T23:42:10.1833853Z [command]/usr/bin/git submodule foreach --recursive sh -c "git config --local --name-only --get-regexp 'http\.https\:\/\/github\.com\/\.extraheader' && git config --local --unset-all 'http.https://github.com/.extraheader' || :"
2026-01-19T23:42:10.2069843Z [command]/usr/bin/git config --local --name-only --get-regexp ^includeIf\.gitdir:
2026-01-19T23:42:10.2100816Z [command]/usr/bin/git submodule foreach --recursive git config --local --show-origin --name-only --get-regexp remote.origin.url
2026-01-19T23:42:10.2329813Z [command]/usr/bin/git config --local http.https://github.com/.extraheader AUTHORIZATION: basic ***
2026-01-19T23:42:10.2363228Z ##[endgroup]
2026-01-19T23:42:10.2364323Z ##[group]Fetching the repository
2026-01-19T23:42:10.2372047Z [command]/usr/bin/git -c protocol.version=2 fetch --no-tags --prune --no-recurse-submodules --depth=1 origin +d25504decfc404871c7c3bd5ac186d61498b2813:refs/remotes/origin/main
2026-01-19T23:42:11.6886053Z From https://github.com/vishvasmca-cmd/build_qa_automation
2026-01-19T23:42:11.6889381Z  * [new ref]         d25504decfc404871c7c3bd5ac186d61498b2813 -> origin/main
2026-01-19T23:42:11.6988122Z ##[endgroup]
2026-01-19T23:42:11.6989804Z ##[group]Determining the checkout info
2026-01-19T23:42:11.6991900Z ##[endgroup]
2026-01-19T23:42:11.6995802Z [command]/usr/bin/git sparse-checkout disable
2026-01-19T23:42:11.7520804Z [command]/usr/bin/git config --local --unset-all extensions.worktreeConfig
2026-01-19T23:42:11.7549722Z ##[group]Checking out the ref
2026-01-19T23:42:11.7554086Z [command]/usr/bin/git checkout --progress --force -B main refs/remotes/origin/main
2026-01-19T23:42:11.9211326Z Switched to a new branch 'main'
2026-01-19T23:42:11.9213212Z branch 'main' set up to track 'origin/main'.
2026-01-19T23:42:11.9233060Z ##[endgroup]
2026-01-19T23:42:11.9278802Z [command]/usr/bin/git log -1 --format=%H
2026-01-19T23:42:11.9304224Z d25504decfc404871c7c3bd5ac186d61498b2813
2026-01-19T23:42:11.9544747Z ##[group]Run actions/setup-python@v5
2026-01-19T23:42:11.9545111Z with:
2026-01-19T23:42:11.9545327Z   python-version: 3.11
2026-01-19T23:42:11.9545566Z   cache: pip
2026-01-19T23:42:11.9546047Z   check-latest: false
2026-01-19T23:42:11.9546442Z   token: ***
2026-01-19T23:42:11.9546675Z   update-environment: true
2026-01-19T23:42:11.9546937Z   allow-prereleases: false
2026-01-19T23:42:11.9547233Z   freethreaded: false
2026-01-19T23:42:11.9547463Z ##[endgroup]
2026-01-19T23:42:12.1194865Z ##[group]Installed versions
2026-01-19T23:42:12.1967236Z Successfully set up CPython (3.11.14)
2026-01-19T23:42:12.1967877Z ##[endgroup]
2026-01-19T23:42:12.3098200Z [command]/opt/hostedtoolcache/Python/3.11.14/x64/bin/pip cache dir
2026-01-19T23:42:14.0681264Z /home/runner/.cache/pip
2026-01-19T23:42:14.3741605Z Cache hit for: setup-python-Linux-x64-24.04-Ubuntu-python-3.11.14-pip-dde08d0e0b672972dcda9f1a063036a2e0c226f5d0a20362e9401931676d80a4
2026-01-19T23:42:15.6786115Z Received 0 of 254742636 (0.0%), 0.0 MBs/sec
2026-01-19T23:42:16.7233599Z Received 134217728 of 254742636 (52.7%), 62.6 MBs/sec
2026-01-19T23:42:17.7090940Z Received 254742636 of 254742636 (100.0%), 80.2 MBs/sec
2026-01-19T23:42:17.7092288Z Cache Size: ~243 MB (254742636 B)
2026-01-19T23:42:17.7131243Z [command]/usr/bin/tar -xf /home/runner/work/_temp/07c8e580-212e-4d51-8717-2bffea42a8d8/cache.tzst -P -C /home/runner/work/build_qa_automation/build_qa_automation --use-compress-program unzstd
2026-01-19T23:42:18.0860045Z Cache restored successfully
2026-01-19T23:42:18.1353578Z Cache restored from key: setup-python-Linux-x64-24.04-Ubuntu-python-3.11.14-pip-dde08d0e0b672972dcda9f1a063036a2e0c226f5d0a20362e9401931676d80a4
2026-01-19T23:42:18.1587762Z ##[group]Run pip install -r requirements.txt
2026-01-19T23:42:18.1588176Z [36;1mpip install -r requirements.txt[0m
2026-01-19T23:42:18.1588462Z [36;1mplaywright install chromium[0m
2026-01-19T23:42:18.1627443Z shell: /usr/bin/bash -e {0}
2026-01-19T23:42:18.1627688Z env:
2026-01-19T23:42:18.1627938Z   pythonLocation: /opt/hostedtoolcache/Python/3.11.14/x64
2026-01-19T23:42:18.1628373Z   PKG_CONFIG_PATH: /opt/hostedtoolcache/Python/3.11.14/x64/lib/pkgconfig
2026-01-19T23:42:18.1628791Z   Python_ROOT_DIR: /opt/hostedtoolcache/Python/3.11.14/x64
2026-01-19T23:42:18.1629167Z   Python2_ROOT_DIR: /opt/hostedtoolcache/Python/3.11.14/x64
2026-01-19T23:42:18.1629538Z   Python3_ROOT_DIR: /opt/hostedtoolcache/Python/3.11.14/x64
2026-01-19T23:42:18.1629924Z   LD_LIBRARY_PATH: /opt/hostedtoolcache/Python/3.11.14/x64/lib
2026-01-19T23:42:18.1630225Z ##[endgroup]
2026-01-19T23:42:19.8316782Z Collecting playwright (from -r requirements.txt (line 1))
2026-01-19T23:42:19.8333538Z   Using cached playwright-1.57.0-py3-none-manylinux1_x86_64.whl.metadata (3.5 kB)
2026-01-19T23:42:19.8490943Z Collecting python-dotenv (from -r requirements.txt (line 2))
2026-01-19T23:42:19.8505120Z   Using cached python_dotenv-1.2.1-py3-none-any.whl.metadata (25 kB)
2026-01-19T23:42:19.8762337Z Collecting requests (from -r requirements.txt (line 3))
2026-01-19T23:42:19.8776196Z   Using cached requests-2.32.5-py3-none-any.whl.metadata (4.9 kB)
2026-01-19T23:42:20.0776272Z Collecting pillow (from -r requirements.txt (line 4))
2026-01-19T23:42:20.0793548Z   Using cached pillow-12.1.0-cp311-cp311-manylinux_2_27_x86_64.manylinux_2_28_x86_64.whl.metadata (8.8 kB)
2026-01-19T23:42:20.1077779Z Collecting google-genai>=0.3.0 (from -r requirements.txt (line 5))
2026-01-19T23:42:20.1091424Z   Using cached google_genai-1.59.0-py3-none-any.whl.metadata (53 kB)
2026-01-19T23:42:20.1228079Z Collecting termcolor (from -r requirements.txt (line 6))
2026-01-19T23:42:20.1241334Z   Using cached termcolor-3.3.0-py3-none-any.whl.metadata (6.5 kB)
2026-01-19T23:42:20.1579217Z Collecting PyYAML (from -r requirements.txt (line 7))
2026-01-19T23:42:20.1593047Z   Using cached pyyaml-6.0.3-cp311-cp311-manylinux2014_x86_64.manylinux_2_17_x86_64.manylinux_2_28_x86_64.whl.metadata (2.4 kB)
2026-01-19T23:42:20.2131217Z Collecting opencv-python-headless (from -r requirements.txt (line 8))
2026-01-19T23:42:20.2145145Z   Using cached opencv_python_headless-4.13.0.90-cp37-abi3-manylinux_2_28_x86_64.whl.metadata (19 kB)
2026-01-19T23:42:20.4061607Z Collecting numpy (from -r requirements.txt (line 9))
2026-01-19T23:42:20.4076936Z   Using cached numpy-2.4.1-cp311-cp311-manylinux_2_27_x86_64.manylinux_2_28_x86_64.whl.metadata (6.6 kB)
2026-01-19T23:42:20.4836940Z Collecting faker (from -r requirements.txt (line 10))
2026-01-19T23:42:20.4852670Z   Using cached faker-40.1.2-py3-none-any.whl.metadata (16 kB)
2026-01-19T23:42:20.5007223Z Collecting pyee<14,>=13 (from playwright->-r requirements.txt (line 1))
2026-01-19T23:42:20.5021234Z   Using cached pyee-13.0.0-py3-none-any.whl.metadata (2.9 kB)
2026-01-19T23:42:20.6164153Z Collecting greenlet<4.0.0,>=3.1.1 (from playwright->-r requirements.txt (line 1))
2026-01-19T23:42:20.6179391Z   Using cached greenlet-3.3.0-cp311-cp311-manylinux_2_24_x86_64.manylinux_2_28_x86_64.whl.metadata (4.1 kB)
2026-01-19T23:42:20.6349942Z Collecting typing-extensions (from pyee<14,>=13->playwright->-r requirements.txt (line 1))
2026-01-19T23:42:20.6363447Z   Using cached typing_extensions-4.15.0-py3-none-any.whl.metadata (3.3 kB)
2026-01-19T23:42:20.7144127Z Collecting charset_normalizer<4,>=2 (from requests->-r requirements.txt (line 3))
2026-01-19T23:42:20.7158842Z   Using cached charset_normalizer-3.4.4-cp311-cp311-manylinux2014_x86_64.manylinux_2_17_x86_64.manylinux_2_28_x86_64.whl.metadata (37 kB)
2026-01-19T23:42:20.7310481Z Collecting idna<4,>=2.5 (from requests->-r requirements.txt (line 3))
2026-01-19T23:42:20.7324183Z   Using cached idna-3.11-py3-none-any.whl.metadata (8.4 kB)
2026-01-19T23:42:20.7589518Z Collecting urllib3<3,>=1.21.1 (from requests->-r requirements.txt (line 3))
2026-01-19T23:42:20.7602199Z   Using cached urllib3-2.6.3-py3-none-any.whl.metadata (6.9 kB)
2026-01-19T23:42:20.7802556Z Collecting certifi>=2017.4.17 (from requests->-r requirements.txt (line 3))
2026-01-19T23:42:20.7815432Z   Using cached certifi-2026.1.4-py3-none-any.whl.metadata (2.5 kB)
2026-01-19T23:42:20.7998838Z Collecting anyio<5.0.0,>=4.8.0 (from google-genai>=0.3.0->-r requirements.txt (line 5))
2026-01-19T23:42:20.8011616Z   Using cached anyio-4.12.1-py3-none-any.whl.metadata (4.3 kB)
2026-01-19T23:42:20.8368966Z Collecting google-auth<3.0.0,>=2.47.0 (from google-auth[requests]<3.0.0,>=2.47.0->google-genai>=0.3.0->-r requirements.txt (line 5))
2026-01-19T23:42:20.8381472Z   Using cached google_auth-2.47.0-py3-none-any.whl.metadata (6.4 kB)
2026-01-19T23:42:20.8597759Z Collecting httpx<1.0.0,>=0.28.1 (from google-genai>=0.3.0->-r requirements.txt (line 5))
2026-01-19T23:42:20.8612630Z   Using cached httpx-0.28.1-py3-none-any.whl.metadata (7.1 kB)
2026-01-19T23:42:20.9993357Z Collecting pydantic<3.0.0,>=2.9.0 (from google-genai>=0.3.0->-r requirements.txt (line 5))
2026-01-19T23:42:21.0008462Z   Using cached pydantic-2.12.5-py3-none-any.whl.metadata (90 kB)
2026-01-19T23:42:21.0260197Z Collecting tenacity<9.2.0,>=8.2.3 (from google-genai>=0.3.0->-r requirements.txt (line 5))
2026-01-19T23:42:21.0273685Z   Using cached tenacity-9.1.2-py3-none-any.whl.metadata (1.2 kB)
2026-01-19T23:42:21.1168792Z Collecting websockets<15.1.0,>=13.0.0 (from google-genai>=0.3.0->-r requirements.txt (line 5))
2026-01-19T23:42:21.1188314Z   Using cached websockets-15.0.1-cp311-cp311-manylinux_2_5_x86_64.manylinux1_x86_64.manylinux_2_17_x86_64.manylinux2014_x86_64.whl.metadata (6.8 kB)
2026-01-19T23:42:21.1346275Z Collecting distro<2,>=1.7.0 (from google-genai>=0.3.0->-r requirements.txt (line 5))
2026-01-19T23:42:21.1363793Z   Using cached distro-1.9.0-py3-none-any.whl.metadata (6.8 kB)
2026-01-19T23:42:21.1442619Z Collecting sniffio (from google-genai>=0.3.0->-r requirements.txt (line 5))
2026-01-19T23:42:21.1457419Z   Using cached sniffio-1.3.1-py3-none-any.whl.metadata (3.9 kB)
2026-01-19T23:42:21.1756459Z Collecting pyasn1-modules>=0.2.1 (from google-auth<3.0.0,>=2.47.0->google-auth[requests]<3.0.0,>=2.47.0->google-genai>=0.3.0->-r requirements.txt (line 5))
2026-01-19T23:42:21.1769050Z   Using cached pyasn1_modules-0.4.2-py3-none-any.whl.metadata (3.5 kB)
2026-01-19T23:42:21.1934259Z Collecting rsa<5,>=3.1.4 (from google-auth<3.0.0,>=2.47.0->google-auth[requests]<3.0.0,>=2.47.0->google-genai>=0.3.0->-r requirements.txt (line 5))
2026-01-19T23:42:21.1951219Z   Using cached rsa-4.9.1-py3-none-any.whl.metadata (5.6 kB)
2026-01-19T23:42:21.2241477Z Collecting httpcore==1.* (from httpx<1.0.0,>=0.28.1->google-genai>=0.3.0->-r requirements.txt (line 5))
2026-01-19T23:42:21.2254432Z   Using cached httpcore-1.0.9-py3-none-any.whl.metadata (21 kB)
2026-01-19T23:42:21.2378296Z Collecting h11>=0.16 (from httpcore==1.*->httpx<1.0.0,>=0.28.1->google-genai>=0.3.0->-r requirements.txt (line 5))
2026-01-19T23:42:21.2391112Z   Using cached h11-0.16.0-py3-none-any.whl.metadata (8.3 kB)
2026-01-19T23:42:21.2483752Z Collecting annotated-types>=0.6.0 (from pydantic<3.0.0,>=2.9.0->google-genai>=0.3.0->-r requirements.txt (line 5))
2026-01-19T23:42:21.2496610Z   Using cached annotated_types-0.7.0-py3-none-any.whl.metadata (15 kB)
2026-01-19T23:42:21.8963726Z Collecting pydantic-core==2.41.5 (from pydantic<3.0.0,>=2.9.0->google-genai>=0.3.0->-r requirements.txt (line 5))
2026-01-19T23:42:21.8979703Z   Using cached pydantic_core-2.41.5-cp311-cp311-manylinux_2_17_x86_64.manylinux2014_x86_64.whl.metadata (7.3 kB)
2026-01-19T23:42:21.9100871Z Collecting typing-inspection>=0.4.2 (from pydantic<3.0.0,>=2.9.0->google-genai>=0.3.0->-r requirements.txt (line 5))
2026-01-19T23:42:21.9114630Z   Using cached typing_inspection-0.4.2-py3-none-any.whl.metadata (2.6 kB)
2026-01-19T23:42:21.9790203Z Collecting pyasn1>=0.1.3 (from rsa<5,>=3.1.4->google-auth<3.0.0,>=2.47.0->google-auth[requests]<3.0.0,>=2.47.0->google-genai>=0.3.0->-r requirements.txt (line 5))
2026-01-19T23:42:21.9805899Z   Using cached pyasn1-0.6.2-py3-none-any.whl.metadata (8.4 kB)
2026-01-19T23:42:22.0058616Z Using cached playwright-1.57.0-py3-none-manylinux1_x86_64.whl (46.0 MB)
2026-01-19T23:42:22.0405790Z Using cached greenlet-3.3.0-cp311-cp311-manylinux_2_24_x86_64.manylinux_2_28_x86_64.whl (590 kB)
2026-01-19T23:42:22.0423309Z Using cached pyee-13.0.0-py3-none-any.whl (15 kB)
2026-01-19T23:42:22.0436813Z Using cached python_dotenv-1.2.1-py3-none-any.whl (21 kB)
2026-01-19T23:42:22.0450247Z Using cached requests-2.32.5-py3-none-any.whl (64 kB)
2026-01-19T23:42:22.0464560Z Using cached charset_normalizer-3.4.4-cp311-cp311-manylinux2014_x86_64.manylinux_2_17_x86_64.manylinux_2_28_x86_64.whl (151 kB)
2026-01-19T23:42:22.0478061Z Using cached idna-3.11-py3-none-any.whl (71 kB)
2026-01-19T23:42:22.0491259Z Using cached urllib3-2.6.3-py3-none-any.whl (131 kB)
2026-01-19T23:42:22.0505571Z Using cached pillow-12.1.0-cp311-cp311-manylinux_2_27_x86_64.manylinux_2_28_x86_64.whl (7.0 MB)
2026-01-19T23:42:22.0568028Z Using cached google_genai-1.59.0-py3-none-any.whl (719 kB)
2026-01-19T23:42:22.0586219Z Using cached anyio-4.12.1-py3-none-any.whl (113 kB)
2026-01-19T23:42:22.0599784Z Using cached distro-1.9.0-py3-none-any.whl (20 kB)
2026-01-19T23:42:22.0613356Z Using cached google_auth-2.47.0-py3-none-any.whl (234 kB)
2026-01-19T23:42:22.0627968Z Using cached httpx-0.28.1-py3-none-any.whl (73 kB)
2026-01-19T23:42:22.0641321Z Using cached httpcore-1.0.9-py3-none-any.whl (78 kB)
2026-01-19T23:42:22.0655104Z Using cached pydantic-2.12.5-py3-none-any.whl (463 kB)
2026-01-19T23:42:22.0671827Z Using cached pydantic_core-2.41.5-cp311-cp311-manylinux_2_17_x86_64.manylinux2014_x86_64.whl (2.1 MB)
2026-01-19T23:42:22.0700311Z Using cached rsa-4.9.1-py3-none-any.whl (34 kB)
2026-01-19T23:42:22.0713643Z Using cached tenacity-9.1.2-py3-none-any.whl (28 kB)
2026-01-19T23:42:22.0726768Z Using cached typing_extensions-4.15.0-py3-none-any.whl (44 kB)
2026-01-19T23:42:22.0740963Z Using cached websockets-15.0.1-cp311-cp311-manylinux_2_5_x86_64.manylinux1_x86_64.manylinux_2_17_x86_64.manylinux2014_x86_64.whl (182 kB)
2026-01-19T23:42:22.0755160Z Using cached termcolor-3.3.0-py3-none-any.whl (7.7 kB)
2026-01-19T23:42:22.0768673Z Using cached pyyaml-6.0.3-cp311-cp311-manylinux2014_x86_64.manylinux_2_17_x86_64.manylinux_2_28_x86_64.whl (806 kB)
2026-01-19T23:42:22.0787643Z Using cached opencv_python_headless-4.13.0.90-cp37-abi3-manylinux_2_28_x86_64.whl (62.5 MB)
2026-01-19T23:42:22.1244528Z Using cached numpy-2.4.1-cp311-cp311-manylinux_2_27_x86_64.manylinux_2_28_x86_64.whl (16.7 MB)
2026-01-19T23:42:22.1375278Z Using cached faker-40.1.2-py3-none-any.whl (2.0 MB)
2026-01-19T23:42:22.1404289Z Using cached annotated_types-0.7.0-py3-none-any.whl (13 kB)
2026-01-19T23:42:22.1417509Z Using cached certifi-2026.1.4-py3-none-any.whl (152 kB)
2026-01-19T23:42:22.1431722Z Using cached h11-0.16.0-py3-none-any.whl (37 kB)
2026-01-19T23:42:22.1445045Z Using cached pyasn1-0.6.2-py3-none-any.whl (83 kB)
2026-01-19T23:42:22.1458669Z Using cached pyasn1_modules-0.4.2-py3-none-any.whl (181 kB)
2026-01-19T23:42:22.1472723Z Using cached typing_inspection-0.4.2-py3-none-any.whl (14 kB)
2026-01-19T23:42:22.1485643Z Using cached sniffio-1.3.1-py3-none-any.whl (10 kB)
2026-01-19T23:42:22.3756129Z Installing collected packages: websockets, urllib3, typing-extensions, termcolor, tenacity, sniffio, PyYAML, python-dotenv, pyasn1, pillow, numpy, idna, h11, greenlet, faker, distro, charset_normalizer, certifi, annotated-types, typing-inspection, rsa, requests, pyee, pydantic-core, pyasn1-modules, opencv-python-headless, httpcore, anyio, pydantic, playwright, httpx, google-auth, google-genai
2026-01-19T23:42:29.2134857Z 
2026-01-19T23:42:29.2158405Z Successfully installed PyYAML-6.0.3 annotated-types-0.7.0 anyio-4.12.1 certifi-2026.1.4 charset_normalizer-3.4.4 distro-1.9.0 faker-40.1.2 google-auth-2.47.0 google-genai-1.59.0 greenlet-3.3.0 h11-0.16.0 httpcore-1.0.9 httpx-0.28.1 idna-3.11 numpy-2.4.1 opencv-python-headless-4.13.0.90 pillow-12.1.0 playwright-1.57.0 pyasn1-0.6.2 pyasn1-modules-0.4.2 pydantic-2.12.5 pydantic-core-2.41.5 pyee-13.0.0 python-dotenv-1.2.1 requests-2.32.5 rsa-4.9.1 sniffio-1.3.1 tenacity-9.1.2 termcolor-3.3.0 typing-extensions-4.15.0 typing-inspection-0.4.2 urllib3-2.6.3 websockets-15.0.1
2026-01-19T23:42:29.8315895Z Downloading Chromium 143.0.7499.4 (playwright build v1200) from https://cdn.playwright.dev/dbazure/download/playwright/builds/chromium/1200/chromium-linux.zip
2026-01-19T23:42:29.9310843Z (node:2207) [DEP0169] DeprecationWarning: `url.parse()` behavior is not standardized and prone to errors that have security implications. Use the WHATWG URL API instead. CVEs are not issued for `url.parse()` vulnerabilities.
2026-01-19T23:42:29.9312545Z (Use `node --trace-deprecation ...` to show where the warning was created)
2026-01-19T23:42:30.0418939Z |                                                                                |   0% of 164.7 MiB
2026-01-19T23:42:30.2423602Z |■■■■■■■■                                                                        |  10% of 164.7 MiB
2026-01-19T23:42:30.3767945Z |■■■■■■■■■■■■■■■■                                                                |  20% of 164.7 MiB
2026-01-19T23:42:30.5119732Z |■■■■■■■■■■■■■■■■■■■■■■■■                                                        |  30% of 164.7 MiB
2026-01-19T23:42:30.6514377Z |■■■■■■■■■■■■■■■■■■■■■■■■■■■■■■■■                                                |  40% of 164.7 MiB
2026-01-19T23:42:30.7923645Z |■■■■■■■■■■■■■■■■■■■■■■■■■■■■■■■■■■■■■■■■                                        |  50% of 164.7 MiB
2026-01-19T23:42:30.9334492Z |■■■■■■■■■■■■■■■■■■■■■■■■■■■■■■■■■■■■■■■■■■■■■■■■                                |  60% of 164.7 MiB
2026-01-19T23:42:31.0730406Z |■■■■■■■■■■■■■■■■■■■■■■■■■■■■■■■■■■■■■■■■■■■■■■■■■■■■■■■■                        |  70% of 164.7 MiB
2026-01-19T23:42:31.2187377Z |■■■■■■■■■■■■■■■■■■■■■■■■■■■■■■■■■■■■■■■■■■■■■■■■■■■■■■■■■■■■■■■■                |  80% of 164.7 MiB
2026-01-19T23:42:31.3795555Z |■■■■■■■■■■■■■■■■■■■■■■■■■■■■■■■■■■■■■■■■■■■■■■■■■■■■■■■■■■■■■■■■■■■■■■■■        |  90% of 164.7 MiB
2026-01-19T23:42:31.5115617Z |■■■■■■■■■■■■■■■■■■■■■■■■■■■■■■■■■■■■■■■■■■■■■■■■■■■■■■■■■■■■■■■■■■■■■■■■■■■■■■■■| 100% of 164.7 MiB
2026-01-19T23:42:33.9821129Z Chromium 143.0.7499.4 (playwright build v1200) downloaded to /home/runner/.cache/ms-playwright/chromium-1200
2026-01-19T23:42:33.9825556Z Downloading FFMPEG playwright build v1011 from https://cdn.playwright.dev/dbazure/download/playwright/builds/ffmpeg/1011/ffmpeg-linux.zip
2026-01-19T23:42:34.0799375Z (node:2218) [DEP0169] DeprecationWarning: `url.parse()` behavior is not standardized and prone to errors that have security implications. Use the WHATWG URL API instead. CVEs are not issued for `url.parse()` vulnerabilities.
2026-01-19T23:42:34.0801487Z (Use `node --trace-deprecation ...` to show where the warning was created)
2026-01-19T23:42:34.1214386Z |                                                                                |   0% of 2.3 MiB
2026-01-19T23:42:34.1258287Z |■■■■■■■■                                                                        |  10% of 2.3 MiB
2026-01-19T23:42:34.1281580Z |■■■■■■■■■■■■■■■■                                                                |  20% of 2.3 MiB
2026-01-19T23:42:34.1305412Z |■■■■■■■■■■■■■■■■■■■■■■■■                                                        |  30% of 2.3 MiB
2026-01-19T23:42:34.1322900Z |■■■■■■■■■■■■■■■■■■■■■■■■■■■■■■■■                                                |  40% of 2.3 MiB
2026-01-19T23:42:34.1351446Z |■■■■■■■■■■■■■■■■■■■■■■■■■■■■■■■■■■■■■■■■                                        |  50% of 2.3 MiB
2026-01-19T23:42:34.1357986Z |■■■■■■■■■■■■■■■■■■■■■■■■■■■■■■■■■■■■■■■■■■■■■■■■                                |  60% of 2.3 MiB
2026-01-19T23:42:34.1377534Z |■■■■■■■■■■■■■■■■■■■■■■■■■■■■■■■■■■■■■■■■■■■■■■■■■■■■■■■■                        |  70% of 2.3 MiB
2026-01-19T23:42:34.1722991Z |■■■■■■■■■■■■■■■■■■■■■■■■■■■■■■■■■■■■■■■■■■■■■■■■■■■■■■■■■■■■■■■■                |  80% of 2.3 MiB
2026-01-19T23:42:34.1910801Z |■■■■■■■■■■■■■■■■■■■■■■■■■■■■■■■■■■■■■■■■■■■■■■■■■■■■■■■■■■■■■■■■■■■■■■■■        |  90% of 2.3 MiB
2026-01-19T23:42:34.1930296Z |■■■■■■■■■■■■■■■■■■■■■■■■■■■■■■■■■■■■■■■■■■■■■■■■■■■■■■■■■■■■■■■■■■■■■■■■■■■■■■■■| 100% of 2.3 MiB
2026-01-19T23:42:34.2506535Z FFMPEG playwright build v1011 downloaded to /home/runner/.cache/ms-playwright/ffmpeg-1011
2026-01-19T23:42:34.2509475Z Downloading Chromium Headless Shell 143.0.7499.4 (playwright build v1200) from https://cdn.playwright.dev/dbazure/download/playwright/builds/chromium/1200/chromium-headless-shell-linux.zip
2026-01-19T23:42:34.3515363Z (node:2229) [DEP0169] DeprecationWarning: `url.parse()` behavior is not standardized and prone to errors that have security implications. Use the WHATWG URL API instead. CVEs are not issued for `url.parse()` vulnerabilities.
2026-01-19T23:42:34.3517098Z (Use `node --trace-deprecation ...` to show where the warning was created)
2026-01-19T23:42:34.4741801Z |                                                                                |   0% of 109.7 MiB
2026-01-19T23:42:34.6323967Z |■■■■■■■■                                                                        |  10% of 109.7 MiB
2026-01-19T23:42:34.7417426Z |■■■■■■■■■■■■■■■■                                                                |  20% of 109.7 MiB
2026-01-19T23:42:34.8300770Z |■■■■■■■■■■■■■■■■■■■■■■■■                                                        |  30% of 109.7 MiB
2026-01-19T23:42:34.9252566Z |■■■■■■■■■■■■■■■■■■■■■■■■■■■■■■■■                                                |  40% of 109.7 MiB
2026-01-19T23:42:35.0232293Z |■■■■■■■■■■■■■■■■■■■■■■■■■■■■■■■■■■■■■■■■                                        |  50% of 109.7 MiB
2026-01-19T23:42:35.1026644Z |■■■■■■■■■■■■■■■■■■■■■■■■■■■■■■■■■■■■■■■■■■■■■■■■                                |  60% of 109.7 MiB
2026-01-19T23:42:35.2019368Z |■■■■■■■■■■■■■■■■■■■■■■■■■■■■■■■■■■■■■■■■■■■■■■■■■■■■■■■■                        |  70% of 109.7 MiB
2026-01-19T23:42:35.2861901Z |■■■■■■■■■■■■■■■■■■■■■■■■■■■■■■■■■■■■■■■■■■■■■■■■■■■■■■■■■■■■■■■■                |  80% of 109.7 MiB
2026-01-19T23:42:35.3943504Z |■■■■■■■■■■■■■■■■■■■■■■■■■■■■■■■■■■■■■■■■■■■■■■■■■■■■■■■■■■■■■■■■■■■■■■■■        |  90% of 109.7 MiB
2026-01-19T23:42:35.4915069Z |■■■■■■■■■■■■■■■■■■■■■■■■■■■■■■■■■■■■■■■■■■■■■■■■■■■■■■■■■■■■■■■■■■■■■■■■■■■■■■■■| 100% of 109.7 MiB
2026-01-19T23:42:37.3111030Z Chromium Headless Shell 143.0.7499.4 (playwright build v1200) downloaded to /home/runner/.cache/ms-playwright/chromium_headless_shell-1200
2026-01-19T23:42:37.3327654Z ##[group]Run mkdir -p projects/ci_rahulshetty_shop
2026-01-19T23:42:37.3328100Z [36;1mmkdir -p projects/ci_rahulshetty_shop[0m
2026-01-19T23:42:37.3328479Z [36;1mcat > projects/ci_rahulshetty_shop/config.json << 'EOF'[0m
2026-01-19T23:42:37.3328787Z [36;1m{[0m
2026-01-19T23:42:37.3328995Z [36;1m  "project_name": "ci_rahulshetty_shop",[0m
2026-01-19T23:42:37.3329400Z [36;1m  "target_url": "https://rahulshettyacademy.com/seleniumPractise/",[0m
2026-01-19T23:42:37.3329995Z [36;1m  "goal": "Search for 'Brocolli', add FIRST result to cart, click cart icon, verify checkout button visible",[0m
2026-01-19T23:42:37.3330469Z [36;1m  "headless": true[0m
2026-01-19T23:42:37.3330923Z [36;1m}[0m
2026-01-19T23:42:37.3331087Z [36;1mEOF[0m
2026-01-19T23:42:37.3362893Z shell: /usr/bin/bash -e {0}
2026-01-19T23:42:37.3363125Z env:
2026-01-19T23:42:37.3363372Z   pythonLocation: /opt/hostedtoolcache/Python/3.11.14/x64
2026-01-19T23:42:37.3363835Z   PKG_CONFIG_PATH: /opt/hostedtoolcache/Python/3.11.14/x64/lib/pkgconfig
2026-01-19T23:42:37.3364254Z   Python_ROOT_DIR: /opt/hostedtoolcache/Python/3.11.14/x64
2026-01-19T23:42:37.3364636Z   Python2_ROOT_DIR: /opt/hostedtoolcache/Python/3.11.14/x64
2026-01-19T23:42:37.3365005Z   Python3_ROOT_DIR: /opt/hostedtoolcache/Python/3.11.14/x64
2026-01-19T23:42:37.3365371Z   LD_LIBRARY_PATH: /opt/hostedtoolcache/Python/3.11.14/x64/lib
2026-01-19T23:42:37.3365679Z ##[endgroup]
2026-01-19T23:42:37.3467278Z ##[group]Run # Use --deep for comprehensive regression suite
2026-01-19T23:42:37.3467851Z [36;1m# Use --deep for comprehensive regression suite[0m
2026-01-19T23:42:37.3468311Z [36;1mpython orchestrator.py --project projects/ci_rahulshetty_shop --deep --force[0m
2026-01-19T23:42:37.3496805Z shell: /usr/bin/bash -e {0}
2026-01-19T23:42:37.3497026Z env:
2026-01-19T23:42:37.3497270Z   pythonLocation: /opt/hostedtoolcache/Python/3.11.14/x64
2026-01-19T23:42:37.3497687Z   PKG_CONFIG_PATH: /opt/hostedtoolcache/Python/3.11.14/x64/lib/pkgconfig
2026-01-19T23:42:37.3498104Z   Python_ROOT_DIR: /opt/hostedtoolcache/Python/3.11.14/x64
2026-01-19T23:42:37.3498639Z   Python2_ROOT_DIR: /opt/hostedtoolcache/Python/3.11.14/x64
2026-01-19T23:42:37.3498995Z   Python3_ROOT_DIR: /opt/hostedtoolcache/Python/3.11.14/x64
2026-01-19T23:42:37.3499358Z   LD_LIBRARY_PATH: /opt/hostedtoolcache/Python/3.11.14/x64/lib
2026-01-19T23:42:37.3499817Z   GOOGLE_API_KEY: ***
2026-01-19T23:42:37.3500034Z   PYTHONPATH: .
2026-01-19T23:42:37.3500219Z ##[endgroup]
2026-01-19T23:42:39.1829143Z 🚀 [DEEP] Extensive mapping enabled (Depth: 3, Pages: 50)
2026-01-19T23:42:39.1829545Z 
2026-01-19T23:42:39.1830196Z 🗺️ [DISCOVERY] Starting Parallel Semantic Crawl on https://rahulshettyacademy.com/seleniumPractise/ (Workers: 3)
2026-01-19T23:42:41.0466758Z   🔍 [Worker 0] Visiting (0): https://rahulshettyacademy.com/seleniumPractise/
2026-01-19T23:42:43.8229340Z [DEBUG] Sending request to gemini-2.0-flash. Number of parts: 1
2026-01-19T23:42:43.8230011Z [DEBUG] Received response (Length: 230)
2026-01-19T23:42:43.8230885Z   🔍 [Worker 1] Visiting (1): https://rahulshettyacademy.com
2026-01-19T23:42:43.8253213Z   🔍 [Worker 2] Visiting (1): https://rahulshettyacademy.com/seleniumPractise
2026-01-19T23:42:43.8273232Z   🔍 [Worker 0] Visiting (1): https://rahulshettyacademy.com/dropdownsPractise
2026-01-19T23:42:48.9185014Z [DEBUG] Sending request to gemini-2.0-flash. Number of parts: 1
2026-01-19T23:42:48.9185829Z [DEBUG] Sending request to gemini-2.0-flash. Number of parts: 1
2026-01-19T23:42:48.9186448Z [DEBUG] Sending request to gemini-2.0-flash. Number of parts: 1
2026-01-19T23:42:48.9186977Z [DEBUG] Received response (Length: 349)
2026-01-19T23:42:48.9187870Z   🔍 [Worker 1] Visiting (2): https://rahulshettyacademy.com/contact-us
2026-01-19T23:42:49.3178322Z [DEBUG] Received response (Length: 516)
2026-01-19T23:42:49.3178869Z [DEBUG] Received response (Length: 641)
2026-01-19T23:42:49.3881183Z   🔍 [Worker 2] Visiting (2): https://rahulshettyacademy.com/learning-paths
2026-01-19T23:42:49.3882260Z   🔍 [Worker 0] Visiting (2): https://rahulshettyacademy.com/all-access-subscription
2026-01-19T23:42:53.8581603Z [DEBUG] Sending request to gemini-2.0-flash. Number of parts: 1
2026-01-19T23:42:53.8585818Z [DEBUG] Sending request to gemini-2.0-flash. Number of parts: 1
2026-01-19T23:42:53.8587987Z [DEBUG] Sending request to gemini-2.0-flash. Number of parts: 1
2026-01-19T23:42:53.8588553Z [DEBUG] Received response (Length: 318)
2026-01-19T23:42:53.8589521Z   🔍 [Worker 2] Visiting (2): https://rahulshettyacademy.com/ai-learning-path
2026-01-19T23:42:53.9112688Z [DEBUG] Received response (Length: 289)
2026-01-19T23:42:53.9113383Z [DEBUG] Received response (Length: 349)
2026-01-19T23:42:53.9114944Z   🔍 [Worker 0] Visiting (2): https://courses.rahulshettyacademy.com/p/playwright-js-ts-automation-testing-from-scratch-framework
2026-01-19T23:42:53.9148939Z   🔍 [Worker 1] Visiting (2): https://courses.rahulshettyacademy.com/courses
2026-01-19T23:42:55.1169815Z [DEBUG] Sending request to gemini-2.0-flash. Number of parts: 1
2026-01-19T23:42:55.1170580Z [DEBUG] Received response (Length: 269)
2026-01-19T23:42:55.1172132Z   🔍 [Worker 2] Visiting (2): https://courses.rahulshettyacademy.com/sign_in
2026-01-19T23:42:59.9331423Z [DEBUG] Sending request to gemini-2.0-flash. Number of parts: 1
2026-01-19T23:42:59.9332449Z [DEBUG] Sending request to gemini-2.0-flash. Number of parts: 1
2026-01-19T23:42:59.9333579Z [DEBUG] Sending request to gemini-2.0-flash. Number of parts: 1
2026-01-19T23:42:59.9334185Z [DEBUG] Received response (Length: 230)
2026-01-19T23:42:59.9335562Z   🔍 [Worker 1] Visiting (2): https://courses.rahulshettyacademy.com/p/learn-agentic-ai-build-multi-agent-automation-workflow
2026-01-19T23:43:00.0089879Z [DEBUG] Received response (Length: 314)
2026-01-19T23:43:00.0091321Z   🔍 [Worker 0] Visiting (2): https://courses.rahulshettyacademy.com/p/rest-api-automation-rest-assured-java
2026-01-19T23:43:00.1593613Z [DEBUG] Received response (Length: 299)
2026-01-19T23:43:00.1594696Z   🔍 [Worker 2] Visiting (2): https://rahulshettyacademy.com/practice
2026-01-19T23:43:05.0167028Z [DEBUG] Sending request to gemini-2.0-flash. Number of parts: 1
2026-01-19T23:43:05.0169881Z [DEBUG] Sending request to gemini-2.0-flash. Number of parts: 1
2026-01-19T23:43:05.0170842Z [DEBUG] Sending request to gemini-2.0-flash. Number of parts: 1
2026-01-19T23:43:05.0171454Z [DEBUG] Received response (Length: 256)
2026-01-19T23:43:05.0172784Z   🔍 [Worker 1] Visiting (2): https://courses.rahulshettyacademy.com/p/learn-generativen-ai-in-software-testing
2026-01-19T23:43:05.1652031Z [DEBUG] Received response (Length: 326)
2026-01-19T23:43:05.1653507Z   🔍 [Worker 0] Visiting (2): https://courses.rahulshettyacademy.com/p/selenium-webdriver-interview-questions-tutorial-1
2026-01-19T23:43:05.3366896Z [DEBUG] Received response (Length: 441)
2026-01-19T23:43:05.3367995Z   🔍 [Worker 2] Visiting (2): https://courses.rahulshettyacademy.com/sign_up
2026-01-19T23:43:10.0133498Z [DEBUG] Sending request to gemini-2.0-flash. Number of parts: 1
2026-01-19T23:43:10.0137598Z [DEBUG] Sending request to gemini-2.0-flash. Number of parts: 1
2026-01-19T23:43:10.0147953Z [DEBUG] Sending request to gemini-2.0-flash. Number of parts: 1
2026-01-19T23:43:10.0148815Z [DEBUG] Received response (Length: 247)
2026-01-19T23:43:10.0149820Z   🔍 [Worker 1] Visiting (2): https://rahulshettyacademy.com/mentorship
2026-01-19T23:43:10.2026769Z [DEBUG] Received response (Length: 361)
2026-01-19T23:43:10.2027975Z   🔍 [Worker 2] Visiting (2): https://rahulshettyacademy.com/blog
2026-01-19T23:43:10.2698037Z [DEBUG] Received response (Length: 342)
2026-01-19T23:43:10.2699224Z   🔍 [Worker 0] Visiting (2): https://rahulshettyacademy.com/dropdownsPractise/Cargo.html
2026-01-19T23:43:15.1300444Z [DEBUG] Sending request to gemini-2.0-flash. Number of parts: 1
2026-01-19T23:43:15.1306608Z [DEBUG] Sending request to gemini-2.0-flash. Number of parts: 1
2026-01-19T23:43:15.1307358Z [DEBUG] Sending request to gemini-2.0-flash. Number of parts: 1
2026-01-19T23:43:15.1307970Z [DEBUG] Received response (Length: 310)
2026-01-19T23:43:15.1309275Z   🔍 [Worker 1] Visiting (2): https://rahulshettyacademy.com/dropdownsPractise/cdn-cgi/l/email-protection.html
2026-01-19T23:43:15.3780965Z [DEBUG] Received response (Length: 366)
2026-01-19T23:43:15.3782469Z   🔍 [Worker 2] Visiting (3): https://courses.rahulshettyacademy.com/p/all-access-membership
2026-01-19T23:43:15.4818766Z [DEBUG] Received response (Length: 350)
2026-01-19T23:43:15.4819873Z   🔍 [Worker 0] Visiting (3): https://courses.rahulshettyacademy.com/l/products
2026-01-19T23:43:16.7048958Z [CACHE HIT] 249d3a84... (hits: 1, misses: 22)
2026-01-19T23:43:16.7050372Z   🔍 [Worker 0] Visiting (3): https://courses.rahulshettyacademy.com/p/gen-al-al-agents-for-software-testing
2026-01-19T23:43:20.2110931Z [DEBUG] Sending request to gemini-2.0-flash. Number of parts: 1
2026-01-19T23:43:20.2113131Z [DEBUG] Sending request to gemini-2.0-flash. Number of parts: 1
2026-01-19T23:43:20.2114878Z [DEBUG] Sending request to gemini-2.0-flash. Number of parts: 1
2026-01-19T23:43:20.2115753Z [DEBUG] Received response (Length: 313)
2026-01-19T23:43:20.2119156Z   🔍 [Worker 0] Visiting (3): https://courses.rahulshettyacademy.com/p/testing-al-applications-future-proof-your-skills
2026-01-19T23:43:20.2416115Z [DEBUG] Received response (Length: 291)
2026-01-19T23:43:20.2417364Z   🔍 [Worker 2] Visiting (3): https://courses.rahulshettyacademy.com/p/selenium-python-tutorial
2026-01-19T23:43:20.4821074Z [DEBUG] Received response (Length: 368)
2026-01-19T23:43:20.4823792Z   🔍 [Worker 1] Visiting (3): https://courses.rahulshettyacademy.com/p/cypress-testing-automation-tutorial
2026-01-19T23:43:25.2119527Z [DEBUG] Sending request to gemini-2.0-flash. Number of parts: 1
2026-01-19T23:43:25.2144265Z [DEBUG] Sending request to gemini-2.0-flash. Number of parts: 1
2026-01-19T23:43:25.2155813Z [DEBUG] Sending request to gemini-2.0-flash. Number of parts: 1
2026-01-19T23:43:25.2156620Z [DEBUG] Received response (Length: 262)
2026-01-19T23:43:25.2158140Z   🔍 [Worker 2] Visiting (3): https://courses.rahulshettyacademy.com/p/learn-sql-in-practical-database-testing-from-scratch
2026-01-19T23:43:25.2921239Z [DEBUG] Received response (Length: 372)
2026-01-19T23:43:25.2922607Z   🔍 [Worker 0] Visiting (3): https://courses.rahulshettyacademy.com/p/cucumber-tutorial
2026-01-19T23:43:25.3232912Z [DEBUG] Received response (Length: 291)
2026-01-19T23:43:25.3234059Z   🔍 [Worker 1] Visiting (3): https://courses.rahulshettyacademy.com/p/privacy
2026-01-19T23:43:30.1890830Z [DEBUG] Sending request to gemini-2.0-flash. Number of parts: 1
2026-01-19T23:43:30.1892021Z [DEBUG] Sending request to gemini-2.0-flash. Number of parts: 1
2026-01-19T23:43:30.1893110Z [DEBUG] Sending request to gemini-2.0-flash. Number of parts: 1
2026-01-19T23:43:30.1900920Z [DEBUG] Received response (Length: 300)
2026-01-19T23:43:30.1902408Z   🔍 [Worker 1] Visiting (3): https://courses.rahulshettyacademy.com/p/robotic-process-automation-rpa-using-uipath-live-projects
2026-01-19T23:43:30.3321222Z [DEBUG] Received response (Length: 232)
2026-01-19T23:43:30.3325092Z   🔍 [Worker 2] Visiting (3): https://courses.rahulshettyacademy.com/p/introduction-to-machine-learning-models-ai-testing
2026-01-19T23:43:30.3829021Z [DEBUG] Received response (Length: 347)
2026-01-19T23:43:30.3834736Z   🔍 [Worker 0] Visiting (3): https://courses.rahulshettyacademy.com/p/angular-fundamentals-unit-integration-testing
2026-01-19T23:43:32.4857332Z [DEBUG] Sending request to gemini-2.0-flash. Number of parts: 1
2026-01-19T23:43:32.4858506Z [DEBUG] Received response (Length: 376)
2026-01-19T23:43:32.4859917Z   🔍 [Worker 1] Visiting (3): https://courses.rahulshettyacademy.com/p/sdet-test-architect-essentials-road-to-full-stack-qa
2026-01-19T23:43:37.2470823Z [DEBUG] Sending request to gemini-2.0-flash. Number of parts: 1
2026-01-19T23:43:37.2472544Z [DEBUG] Sending request to gemini-2.0-flash. Number of parts: 1
2026-01-19T23:43:37.2473482Z [DEBUG] Sending request to gemini-2.0-flash. Number of parts: 1
2026-01-19T23:43:37.2474284Z [DEBUG] Received response (Length: 202)
2026-01-19T23:43:37.2476654Z   🔍 [Worker 0] Visiting (3): https://courses.rahulshettyacademy.com
2026-01-19T23:43:37.4391522Z [DEBUG] Received response (Length: 285)
2026-01-19T23:43:37.4393398Z   🔍 [Worker 1] Visiting (3): https://courses.rahulshettyacademy.com/p/rag-llm-evaluation-test-automation-for-beginners
2026-01-19T23:43:37.5151263Z [DEBUG] Received response (Length: 365)
2026-01-19T23:43:37.5152522Z   🔍 [Worker 2] Visiting (3): https://courses.rahulshettyacademy.com/p/webdriverio-tutorial
2026-01-19T23:43:42.3444248Z [DEBUG] Sending request to gemini-2.0-flash. Number of parts: 1
2026-01-19T23:43:42.3444995Z [DEBUG] Sending request to gemini-2.0-flash. Number of parts: 1
2026-01-19T23:43:42.3456144Z [DEBUG] Sending request to gemini-2.0-flash. Number of parts: 1
2026-01-19T23:43:42.3456775Z [DEBUG] Received response (Length: 219)
2026-01-19T23:43:42.3458121Z   🔍 [Worker 0] Visiting (3): https://courses.rahulshettyacademy.com/p/learn-git-in-depth-with-bitbucket-practical-work-flows
2026-01-19T23:43:42.4151025Z [DEBUG] Received response (Length: 348)
2026-01-19T23:43:42.4152512Z   🔍 [Worker 2] Visiting (3): https://courses.rahulshettyacademy.com/p/2025-qa-hot-skills-to-standout-in-job-market
2026-01-19T23:43:42.4700444Z [DEBUG] Received response (Length: 336)
2026-01-19T23:43:42.4703323Z   🔍 [Worker 1] Visiting (3): https://courses.rahulshettyacademy.com/p/robot-framework-selenium
2026-01-19T23:43:47.3278495Z [DEBUG] Sending request to gemini-2.0-flash. Number of parts: 1
2026-01-19T23:43:47.3279381Z [DEBUG] Sending request to gemini-2.0-flash. Number of parts: 1
2026-01-19T23:43:47.3280087Z [DEBUG] Sending request to gemini-2.0-flash. Number of parts: 1
2026-01-19T23:43:47.3280888Z [DEBUG] Received response (Length: 219)
2026-01-19T23:43:47.3282206Z   🔍 [Worker 1] Visiting (3): https://courses.rahulshettyacademy.com/p/learn-mobile-automation-performance-testing
2026-01-19T23:43:47.4328093Z [DEBUG] Received response (Length: 334)
2026-01-19T23:43:47.4330129Z   🔍 [Worker 0] Visiting (3): https://courses.rahulshettyacademy.com/p/core-java-for-automation-testers-interview-programs
2026-01-19T23:43:47.6290416Z [DEBUG] Received response (Length: 442)
2026-01-19T23:43:47.6292347Z   🔍 [Worker 2] Visiting (3): https://courses.rahulshettyacademy.com/p/python-sdet-automation-testing
2026-01-19T23:43:49.3416167Z [DEBUG] Sending request to gemini-2.0-flash. Number of parts: 1
2026-01-19T23:43:49.3416868Z [DEBUG] Received response (Length: 373)
2026-01-19T23:43:49.3424764Z   🔍 [Worker 1] Visiting (3): https://courses.rahulshettyacademy.com/p/software-testing-for-beginners
2026-01-19T23:43:54.1935881Z [DEBUG] Sending request to gemini-2.0-flash. Number of parts: 1
2026-01-19T23:43:54.1937027Z [DEBUG] Sending request to gemini-2.0-flash. Number of parts: 1
2026-01-19T23:43:54.1939057Z [DEBUG] Sending request to gemini-2.0-flash. Number of parts: 1
2026-01-19T23:43:54.1939606Z [DEBUG] Received response (Length: 206)
2026-01-19T23:43:54.1940970Z   🔍 [Worker 0] Visiting (3): https://courses.rahulshettyacademy.com/p/software-quality-assurance-engineer
2026-01-19T23:43:54.3578860Z [DEBUG] Received response (Length: 407)
2026-01-19T23:43:54.3579981Z [DEBUG] Received response (Length: 354)
2026-01-19T23:43:54.3581686Z   🔍 [Worker 2] Visiting (3): https://courses.rahulshettyacademy.com/p/azure-devops-fundamentals-for-testers-ci-cd-project-boards
2026-01-19T23:43:54.3632690Z   🔍 [Worker 1] Visiting (3): https://rahulshettyacademy.com/lifetime-access
2026-01-19T23:43:55.7679594Z [DEBUG] Sending request to gemini-2.0-flash. Number of parts: 1
2026-01-19T23:43:55.7680571Z [CACHE HIT] 5497d38b... (hits: 2, misses: 44)
2026-01-19T23:43:55.7682067Z   🔍 [Worker 1] Visiting (3): https://courses.rahulshettyacademy.com/p/appium-tutorial
2026-01-19T23:43:56.5738081Z [DEBUG] Received response (Length: 325)
2026-01-19T23:43:56.5742625Z   🔍 [Worker 0] Visiting (3): https://courses.rahulshettyacademy.com/p/spring-boot-fundamentals-with-unit-testing-mockmvc-mockito
2026-01-19T23:44:01.2664227Z [DEBUG] Sending request to gemini-2.0-flash. Number of parts: 1
2026-01-19T23:44:01.2665356Z [DEBUG] Sending request to gemini-2.0-flash. Number of parts: 1
2026-01-19T23:44:01.2666021Z [DEBUG] Sending request to gemini-2.0-flash. Number of parts: 1
2026-01-19T23:44:01.2666620Z [DEBUG] Received response (Length: 193)
2026-01-19T23:44:01.2667715Z   🔍 [Worker 0] Visiting (3): https://courses.rahulshettyacademy.com/p/jmeter-tutorial
2026-01-19T23:44:01.4611464Z [DEBUG] Received response (Length: 312)
2026-01-19T23:44:01.4622757Z   🔍 [Worker 1] Visiting (3): https://courses.rahulshettyacademy.com/p/python-become-full-stack-qa-automation-expert
2026-01-19T23:44:01.4969940Z [DEBUG] Received response (Length: 278)
2026-01-19T23:44:01.4971579Z   🔍 [Worker 2] Visiting (3): https://courses.rahulshettyacademy.com/p/postman-tutorial
2026-01-19T23:44:06.7722689Z [DEBUG] Sending request to gemini-2.0-flash. Number of parts: 1
2026-01-19T23:44:06.7723488Z [DEBUG] Sending request to gemini-2.0-flash. Number of parts: 1
2026-01-19T23:44:06.7724231Z [DEBUG] Sending request to gemini-2.0-flash. Number of parts: 1
2026-01-19T23:44:06.7724890Z [DEBUG] Received response (Length: 367)
2026-01-19T23:44:06.7725398Z [DEBUG] Received response (Length: 351)
2026-01-19T23:44:06.7725955Z [DEBUG] Received response (Length: 464)
2026-01-19T23:44:06.7726747Z ✅ Discovery Complete. Mapped 50 pages.
2026-01-19T23:44:15.1072460Z 
2026-01-19T23:44:15.1073596Z [PLAN] PLANNER: Planning goal -> 'Search for 'Brocolli', add FIRST result to cart, click cart icon, verify checkout button visible' (Deep Mode: True)
2026-01-19T23:44:15.1074590Z 🗺️ [PLAN] Loaded Sitemap with 50 pages.
2026-01-19T23:44:15.1075211Z 📊 [KNOWLEDGE] Page types: ['unknown', 'homepage', 'contact_form', 'product_list', 'product_detail', 'login']
2026-01-19T23:44:15.1075789Z 🔄 [KNOWLEDGE] Flows: 1, Forms: 35
2026-01-19T23:44:15.1076555Z 🎭 [EXPERT] Detected Domain: ECOMMERCE. Persona: Act as a Senior SDET focusing on e-commerce flow automation and conversion funnel reliability
2026-01-19T23:44:15.1077319Z [DEBUG] Sending request to gemini-2.0-flash. Number of parts: 1
2026-01-19T23:44:15.1077877Z [DEBUG] Received response (Length: 3750)
2026-01-19T23:44:15.1078282Z ✅ Planner generated 3 scenarios. Workflow updated.
2026-01-19T23:44:16.1539131Z 
2026-01-19T23:44:16.1540007Z 🕵️ [DEEP EXPLORER] Starting Multi-Scenario Exploration
2026-01-19T23:44:16.1541046Z 📋 Found 3 scenarios to explore.
2026-01-19T23:44:16.5195281Z 
2026-01-19T23:44:16.5196044Z [1/3] Exploring Scenario: Search, Add to Cart, and Checkout Verification
2026-01-19T23:44:16.5197714Z     🧠 Initialized exploration context for goal: 'This scenario verifies the core e-commerce flow: searching for a product, adding it to the cart, and verifying the checkout button's visibility.'
2026-01-19T23:44:16.5202696Z     🎯 Scenario: Search, Add to Cart, and Checkout Verification
2026-01-19T23:44:16.5208391Z   ▶️ [STEP step_1] NAVIGATE: 
2026-01-19T23:44:18.9588712Z     ✅ Navigated to https://rahulshettyacademy.com/seleniumPractise/
2026-01-19T23:44:18.9589716Z   ▶️ [STEP step_2] FILL: Search for Vegetables and Fruits
2026-01-19T23:44:18.9780840Z     🔍 Mining locators for: 'Search for Vegetables and Fruits'
2026-01-19T23:44:19.1667313Z     ✅ Found 1 verified locators
2026-01-19T23:44:24.8372489Z     ✅ State transitioned.
2026-01-19T23:44:26.5094098Z [DEBUG] Sending request to gemini-2.0-flash. Number of parts: 2
2026-01-19T23:44:26.5094998Z [DEBUG] Received response (Length: 260)
2026-01-19T23:44:26.5096039Z     🤖 AI Next Step Suggestion: click -> ADD TO CART
2026-01-19T23:44:26.5096849Z     🧩 Suggested Locator: button:nth-of-type(1)
2026-01-19T23:44:26.5098612Z     💭 Reasoning: The goal is to add 'Brocolli' to the cart. The 'ADD TO CART' button associated with 'Brocolli' is now visible. Clicking it will add the item to the cart.
2026-01-19T23:44:26.5100184Z     ➕ Injected AI step: click -> ADD TO CART
2026-01-19T23:44:26.5101173Z   ▶️ [STEP step_2_ai_1] CLICK: ADD TO CART
2026-01-19T23:44:26.5165224Z     🎯 Using AI-provided locator: button:nth-of-type(1)
2026-01-19T23:44:26.5228790Z     ✅ Found 1 verified locators
2026-01-19T23:44:30.6091377Z     ✅ State transitioned.
2026-01-19T23:44:32.0493213Z [DEBUG] Sending request to gemini-2.0-flash. Number of parts: 2
2026-01-19T23:44:32.0493938Z [DEBUG] Received response (Length: 245)
2026-01-19T23:44:32.0494805Z     🤖 AI Next Step Suggestion: click -> Cart
2026-01-19T23:44:32.0495448Z     🧩 Suggested Locator: a[class='cart-icon']
2026-01-19T23:44:32.0497265Z     💭 Reasoning: The goal is to verify the checkout button's visibility after adding an item to the cart. The next step is to click the cart icon to view the cart.
2026-01-19T23:44:32.0498674Z     ➕ Injected AI step: click -> Cart
2026-01-19T23:44:32.0499183Z   ▶️ [STEP step_2_ai_2] CLICK: Cart
2026-01-19T23:44:32.0559574Z     🎯 Using AI-provided locator: a[class='cart-icon']
2026-01-19T23:44:32.0627010Z     ✅ Found 1 verified locators
2026-01-19T23:44:36.1206620Z     ✅ State transitioned.
2026-01-19T23:44:37.6186166Z [DEBUG] Sending request to gemini-2.0-flash. Number of parts: 2
2026-01-19T23:44:37.6186722Z [DEBUG] Received response (Length: 281)
2026-01-19T23:44:37.6187610Z     🤖 AI Next Step Suggestion: click -> CHECKOUT
2026-01-19T23:44:37.6188132Z     🧩 Suggested Locator: button[id='checkoutModalBtnOne']
2026-01-19T23:44:37.6189567Z     💭 Reasoning: The cart is currently empty, but the checkout button is visible. Clicking it is the next logical step to proceed with the checkout process, even if the cart is empty.
2026-01-19T23:44:37.6190823Z     ➕ Injected AI step: click -> CHECKOUT
2026-01-19T23:44:37.6191248Z   ▶️ [STEP step_2_ai_3] CLICK: CHECKOUT
2026-01-19T23:44:37.6244411Z     🎯 Using AI-provided locator: button[id='checkoutModalBtnOne']
2026-01-19T23:44:37.6301859Z     ✅ Found 1 verified locators
2026-01-19T23:44:41.6851247Z     ✅ State transitioned.
2026-01-19T23:44:43.0045048Z [DEBUG] Sending request to gemini-2.0-flash. Number of parts: 2
2026-01-19T23:44:43.0045766Z [DEBUG] Received response (Length: 153)
2026-01-19T23:44:43.0046641Z     🤖 AI Next Step Suggestion: done -> N/A
2026-01-19T23:44:43.0048499Z     💭 Reasoning: The order has been placed successfully and the page is redirecting back to the cart. The goal has been achieved.
2026-01-19T23:44:43.0049867Z   ▶️ [STEP step_3] CLICK: ADD TO CART
2026-01-19T23:44:43.0106576Z     🔍 Mining locators for: 'ADD TO CART'
2026-01-19T23:44:43.0661257Z     ✅ Found 2 verified locators
2026-01-19T23:44:46.6273792Z     ✅ State transitioned.
2026-01-19T23:44:48.2793990Z [DEBUG] Sending request to gemini-2.0-flash. Number of parts: 2
2026-01-19T23:44:48.2794532Z [DEBUG] Received response (Length: 235)
2026-01-19T23:44:48.2795114Z     🤖 AI Next Step Suggestion: click -> Cart
2026-01-19T23:44:48.2795867Z     💭 Reasoning: The goal is to verify the checkout button's visibility. The next step is to click the cart icon to view the cart and proceed to checkout.
2026-01-19T23:44:48.2796547Z     ➕ Injected AI step: click -> Cart
2026-01-19T23:44:48.2796853Z   ▶️ [STEP step_3_ai_1] CLICK: Cart
2026-01-19T23:44:48.2856071Z     🔍 Mining locators for: 'Cart'
2026-01-19T23:44:48.3411482Z     ✅ Found 3 verified locators
2026-01-19T23:44:51.9243742Z     ✅ State transitioned.
2026-01-19T23:44:53.4020563Z [DEBUG] Sending request to gemini-2.0-flash. Number of parts: 2
2026-01-19T23:44:53.4045421Z [DEBUG] Received response (Length: 410)
2026-01-19T23:44:53.4046157Z     🤖 AI Next Step Suggestion: done -> N/A
2026-01-19T23:44:53.4048381Z     💭 Reasoning: The goal was to search for 'Brocolli', add the first result to the cart, click the cart icon, and verify the checkout button's visibility. The action history shows that these steps have already been completed successfully. The current page state shows the 'ADD TO CART' button is now 'ADDED', and the 'CHECKOUT' button is visible. Therefore, the goal has been achieved.
2026-01-19T23:44:53.4050151Z   ▶️ [STEP step_4] ASSERT_VISIBLE: PROCEED TO CHECKOUT
2026-01-19T23:44:53.4086791Z     🔍 Mining locators for: 'PROCEED TO CHECKOUT'
2026-01-19T23:44:53.4669914Z     ✅ Found 2 verified locators
2026-01-19T23:44:55.9930577Z     ✅ State transitioned.
2026-01-19T23:44:58.4708293Z [DEBUG] Sending request to gemini-2.0-flash. Number of parts: 2
2026-01-19T23:44:58.4709054Z [DEBUG] Received response (Length: 244)
2026-01-19T23:44:58.4709778Z     🤖 AI Next Step Suggestion: done -> N/A
2026-01-19T23:44:58.4711402Z     💭 Reasoning: The goal has been achieved. The user searched for 'Brocolli', added it to the cart, clicked the cart icon, and verified the checkout button's visibility. The last action was clicking the checkout button.
2026-01-19T23:44:58.4712621Z   ▶️ [STEP step_5] CLICK: PROCEED TO CHECKOUT
2026-01-19T23:44:58.4767818Z     🔍 Mining locators for: 'PROCEED TO CHECKOUT'
2026-01-19T23:44:58.5333002Z     ✅ Found 2 verified locators
2026-01-19T23:45:02.0844696Z     ✅ State transitioned.
2026-01-19T23:45:02.0907352Z     🔄 Revisited state detected (count: 1)
2026-01-19T23:45:03.7835255Z [DEBUG] Sending request to gemini-2.0-flash. Number of parts: 2
2026-01-19T23:45:03.7836062Z [DEBUG] Received response (Length: 346)
2026-01-19T23:45:03.7836999Z     🤖 AI Next Step Suggestion: done -> N/A
2026-01-19T23:45:03.7841120Z     💭 Reasoning: The goal was to search for 'Brocolli', add the first result to the cart, click the cart icon, and verify the checkout button's visibility. The action history shows that all these steps have been successfully completed. The 'PROCEED TO CHECKOUT' button is visible, and it was clicked in the previous steps.
2026-01-19T23:45:03.7844267Z   ▶️ [STEP step_6] ASSERT_VISIBLE: CHECKOUT
2026-01-19T23:45:03.7900168Z     🔍 Mining locators for: 'CHECKOUT'
2026-01-19T23:45:03.8755425Z     ✅ Found 5 verified locators
2026-01-19T23:45:06.4095645Z     ✅ State transitioned.
2026-01-19T23:45:06.4149399Z     🔄 Revisited state detected (count: 2)
2026-01-19T23:45:08.2929965Z [DEBUG] Sending request to gemini-2.0-flash. Number of parts: 2
2026-01-19T23:45:08.2930486Z [DEBUG] Received response (Length: 148)
2026-01-19T23:45:08.2931231Z     🤖 AI Next Step Suggestion: done -> N/A
2026-01-19T23:45:08.2931928Z     💭 Reasoning: The checkout button is visible, and the previous action was to assert its visibility. The goal is complete.
2026-01-19T23:45:10.3299181Z 
2026-01-19T23:45:10.3300425Z [2/3] Exploring Scenario: Add multiple items to cart and verify checkout button
2026-01-19T23:45:10.3303653Z     🧠 Initialized exploration context for goal: 'This scenario adds multiple items to the cart and verifies the checkout button's visibility.'
2026-01-19T23:45:10.3305686Z     🎯 Scenario: Add multiple items to cart and verify checkout button
2026-01-19T23:45:10.3306685Z   ▶️ [STEP step_1] NAVIGATE: 
2026-01-19T23:45:12.7597479Z     ✅ Navigated to https://rahulshettyacademy.com/seleniumPractise/
2026-01-19T23:45:12.7598218Z   ▶️ [STEP step_2] FILL: Search for Vegetables and Fruits
2026-01-19T23:45:12.7772794Z     🔍 Mining locators for: 'Search for Vegetables and Fruits'
2026-01-19T23:45:12.9413170Z     ✅ Found 1 verified locators
2026-01-19T23:45:18.6841361Z     ✅ State transitioned.
2026-01-19T23:45:20.3125790Z [DEBUG] Sending request to gemini-2.0-flash. Number of parts: 2
2026-01-19T23:45:20.3126617Z [DEBUG] Received response (Length: 206)
2026-01-19T23:45:20.3127520Z     🤖 AI Next Step Suggestion: click -> ADD TO CART
2026-01-19T23:45:20.3128850Z     💭 Reasoning: The goal is to add 'Brocolli' to the cart. The 'ADD TO CART' button is visible for 'Brocolli - 1 Kg'.
2026-01-19T23:45:20.3130086Z     ➕ Injected AI step: click -> ADD TO CART
2026-01-19T23:45:20.3131037Z   ▶️ [STEP step_2_ai_1] CLICK: ADD TO CART
2026-01-19T23:45:20.3187818Z     🔍 Mining locators for: 'ADD TO CART'
2026-01-19T23:45:20.3660821Z     ✅ Found 2 verified locators
2026-01-19T23:45:23.9427487Z     ✅ State transitioned.
2026-01-19T23:45:25.4518227Z [DEBUG] Sending request to gemini-2.0-flash. Number of parts: 2
2026-01-19T23:45:25.4519024Z [DEBUG] Received response (Length: 220)
2026-01-19T23:45:25.4519988Z     🤖 AI Next Step Suggestion: click -> CHECKOUT
2026-01-19T23:45:25.4520936Z     🧩 Suggested Locator: #checkoutModalBtnOne
2026-01-19T23:45:25.4522434Z     💭 Reasoning: The goal is to verify the checkout button's visibility. The checkout button is visible, so click it.
2026-01-19T23:45:25.4523845Z     ➕ Injected AI step: click -> CHECKOUT
2026-01-19T23:45:25.4524582Z   ▶️ [STEP step_2_ai_2] CLICK: CHECKOUT
2026-01-19T23:45:25.4584946Z     🎯 Using AI-provided locator: #checkoutModalBtnOne
2026-01-19T23:45:25.4643159Z     ✅ Found 1 verified locators
2026-01-19T23:45:29.5169945Z     ✅ State transitioned.
2026-01-19T23:45:30.8941549Z [DEBUG] Sending request to gemini-2.0-flash. Number of parts: 2
2026-01-19T23:45:30.8942244Z [DEBUG] Received response (Length: 153)
2026-01-19T23:45:30.8943029Z     🤖 AI Next Step Suggestion: done -> N/A
2026-01-19T23:45:30.8944237Z     💭 Reasoning: The order has been placed successfully and the page is redirecting back to the cart. The goal has been achieved.
2026-01-19T23:45:30.8945173Z   ▶️ [STEP step_3] CLICK: ADD TO CART
2026-01-19T23:45:30.8999842Z     🔍 Mining locators for: 'ADD TO CART'
2026-01-19T23:45:30.9477960Z     ✅ Found 2 verified locators
2026-01-19T23:45:34.5028170Z     ✅ State transitioned.
2026-01-19T23:45:35.9733315Z [DEBUG] Sending request to gemini-2.0-flash. Number of parts: 2
2026-01-19T23:45:35.9733982Z [DEBUG] Received response (Length: 216)
2026-01-19T23:45:35.9734909Z     🤖 AI Next Step Suggestion: click -> CHECKOUT
2026-01-19T23:45:35.9735979Z     🧩 Suggested Locator: button[id='checkoutModalBtnOne']
2026-01-19T23:45:35.9737233Z     💭 Reasoning: The goal is to verify the checkout button's visibility. The checkout button is visible and clickable.
2026-01-19T23:45:35.9738527Z     🔄 Same AI suggestion but state changed (URL or DOM). Resetting loop counter.
2026-01-19T23:45:35.9739329Z     ➕ Injected AI step: click -> CHECKOUT
2026-01-19T23:45:35.9739892Z   ▶️ [STEP step_3_ai_1] CLICK: CHECKOUT
2026-01-19T23:45:35.9793408Z     🎯 Using AI-provided locator: button[id='checkoutModalBtnOne']
2026-01-19T23:45:35.9851958Z     ✅ Found 1 verified locators
2026-01-19T23:45:40.0326233Z     ✅ State transitioned.
2026-01-19T23:45:41.4701910Z [DEBUG] Sending request to gemini-2.0-flash. Number of parts: 2
2026-01-19T23:45:41.4702667Z [DEBUG] Received response (Length: 138)
2026-01-19T23:45:41.4703353Z     🤖 AI Next Step Suggestion: done -> N/A
2026-01-19T23:45:41.4704156Z     💭 Reasoning: The order has been placed successfully and is redirecting back to the cart. The goal is complete.
2026-01-19T23:45:41.4705000Z   ▶️ [STEP step_4] FILL: Search for Vegetables and Fruits
2026-01-19T23:45:41.4760403Z     🔍 Mining locators for: 'Search for Vegetables and Fruits'
2026-01-19T23:45:41.5293489Z     ✅ Found 1 verified locators
2026-01-19T23:45:47.1773955Z     ✅ State transitioned.
2026-01-19T23:45:48.9575437Z [DEBUG] Sending request to gemini-2.0-flash. Number of parts: 2
2026-01-19T23:45:48.9576220Z [DEBUG] Received response (Length: 277)
2026-01-19T23:45:48.9577186Z     🤖 AI Next Step Suggestion: click -> ADD TO CART
2026-01-19T23:45:48.9577950Z     🧩 Suggested Locator: button:nth-of-type(1)
2026-01-19T23:45:48.9580078Z     💭 Reasoning: The goal is to add 'Brocolli' to the cart. The first 'ADD TO CART' button corresponds to the first 'Brocolli' item in the list. Clicking it will add the item to the cart.
2026-01-19T23:45:48.9582287Z     ➕ Injected AI step: click -> ADD TO CART
2026-01-19T23:45:48.9583024Z   ▶️ [STEP step_4_ai_1] CLICK: ADD TO CART
2026-01-19T23:45:48.9637147Z     🎯 Using AI-provided locator: button:nth-of-type(1)
2026-01-19T23:45:48.9696722Z     ✅ Found 1 verified locators
2026-01-19T23:45:53.0162700Z     ✅ State transitioned.
2026-01-19T23:45:54.4691266Z [DEBUG] Sending request to gemini-2.0-flash. Number of parts: 2
2026-01-19T23:45:54.4692182Z [DEBUG] Received response (Length: 240)
2026-01-19T23:45:54.4692920Z     🤖 AI Next Step Suggestion: click -> KART
2026-01-19T23:45:54.4694172Z     💭 Reasoning: The goal is to verify the checkout button is visible after adding items to the cart. The next step is to click the cart icon to view the cart.
2026-01-19T23:45:54.4695299Z     ➕ Injected AI step: click -> KART
2026-01-19T23:45:54.4695800Z   ▶️ [STEP step_4_ai_2] CLICK: KART
2026-01-19T23:45:54.4749721Z     🔍 Mining locators for: 'KART'
2026-01-19T23:45:54.5300159Z     ✅ Found 2 verified locators
2026-01-19T23:45:58.0838230Z     ✅ State transitioned.
2026-01-19T23:45:58.0892321Z     🔄 Revisited state detected (count: 1)
2026-01-19T23:45:59.7031716Z [DEBUG] Sending request to gemini-2.0-flash. Number of parts: 2
2026-01-19T23:45:59.7032393Z [DEBUG] Received response (Length: 229)
2026-01-19T23:45:59.7033265Z     🤖 AI Next Step Suggestion: click -> ADD TO CART
2026-01-19T23:45:59.7034029Z     🧩 Suggested Locator: button:nth-of-type(1)
2026-01-19T23:45:59.7035268Z     💭 Reasoning: The goal is to add 'Brocolli' to the cart. The first 'ADD TO CART' button corresponds to the first 'Brocolli' item listed.
2026-01-19T23:45:59.7036396Z     ➕ Injected AI step: click -> ADD TO CART
2026-01-19T23:45:59.7038852Z   ▶️ [STEP step_4_ai_3] CLICK: ADD TO CART
2026-01-19T23:45:59.7093201Z     🎯 Using AI-provided locator: button:nth-of-type(1)
2026-01-19T23:45:59.7152295Z     ✅ Found 1 verified locators
2026-01-19T23:46:03.7655410Z     ✅ State transitioned.
2026-01-19T23:46:03.7708033Z     🔄 Revisited state detected (count: 2)
2026-01-19T23:46:05.0438453Z [DEBUG] Sending request to gemini-2.0-flash. Number of parts: 2
2026-01-19T23:46:05.0439205Z [DEBUG] Received response (Length: 285)
2026-01-19T23:46:05.0440376Z     🤖 AI Next Step Suggestion: click -> KART
2026-01-19T23:46:05.0441257Z     🧩 Suggested Locator: span:contains('KART')
2026-01-19T23:46:05.0443176Z     💭 Reasoning: The goal is to verify the checkout button is visible after adding items to the cart. The last action was adding an item to the cart. Now we need to view the cart to proceed to checkout.
2026-01-19T23:46:05.0444303Z     ➕ Injected AI step: click -> KART
2026-01-19T23:46:05.0444696Z   ▶️ [STEP step_4_ai_4] CLICK: KART
2026-01-19T23:46:05.0495730Z     🎯 Using AI-provided locator: span:contains('KART')
2026-01-19T23:46:05.0530170Z     🔍 Mining locators for: 'KART'
2026-01-19T23:46:05.1126925Z     ✅ Found 2 verified locators
2026-01-19T23:46:08.6646963Z     ✅ State transitioned.
2026-01-19T23:46:08.6698710Z     🔄 Revisited state detected (count: 3)
2026-01-19T23:46:08.6699576Z     ⚠️ Too many revisits (3). Stopping AI step injection to prevent loops.
2026-01-19T23:46:08.6700339Z   ▶️ [STEP step_5] CLICK: ADD TO CART
2026-01-19T23:46:08.6752102Z     🔍 Mining locators for: 'ADD TO CART'
2026-01-19T23:46:08.7308809Z     ✅ Found 2 verified locators
2026-01-19T23:46:12.2876174Z     ✅ State transitioned.
2026-01-19T23:46:13.7937761Z [DEBUG] Sending request to gemini-2.0-flash. Number of parts: 2
2026-01-19T23:46:13.7938390Z [DEBUG] Received response (Length: 204)
2026-01-19T23:46:13.7939243Z     🤖 AI Next Step Suggestion: click -> CHECKOUT
2026-01-19T23:46:13.7939658Z     🧩 Suggested Locator: #checkoutModalBtnOne
2026-01-19T23:46:13.7940280Z     💭 Reasoning: The goal is to verify the checkout button's visibility. The checkout button is visible and clickable.
2026-01-19T23:46:13.7941166Z     ➕ Injected AI step: click -> CHECKOUT
2026-01-19T23:46:13.7941488Z   ▶️ [STEP step_5_ai_1] CLICK: CHECKOUT
2026-01-19T23:46:13.7997493Z     🎯 Using AI-provided locator: #checkoutModalBtnOne
2026-01-19T23:46:13.8052943Z     ✅ Found 1 verified locators
2026-01-19T23:46:17.8637329Z     ✅ State transitioned.
2026-01-19T23:46:19.4499376Z [DEBUG] Sending request to gemini-2.0-flash. Number of parts: 2
2026-01-19T23:46:19.4500078Z [DEBUG] Received response (Length: 138)
2026-01-19T23:46:19.4501020Z     🤖 AI Next Step Suggestion: done -> N/A
2026-01-19T23:46:19.4501760Z     💭 Reasoning: The order has been placed successfully and is redirecting back to the cart. The goal is achieved.
2026-01-19T23:46:19.4502394Z   ▶️ [STEP step_6] ASSERT_VISIBLE: PROCEED TO CHECKOUT
2026-01-19T23:46:19.4556834Z     🔍 Mining locators for: 'PROCEED TO CHECKOUT'
2026-01-19T23:46:19.5116469Z     ✅ Found 2 verified locators
2026-01-19T23:46:22.0413297Z     ✅ State transitioned.
2026-01-19T23:46:22.0471562Z     🔄 Revisited state detected (count: 1)
2026-01-19T23:46:24.4477924Z [DEBUG] Sending request to gemini-2.0-flash. Number of parts: 2
2026-01-19T23:46:24.4478829Z [DEBUG] Received response (Length: 279)
2026-01-19T23:46:24.4479880Z     🤖 AI Next Step Suggestion: done -> N/A
2026-01-19T23:46:24.4483415Z     💭 Reasoning: The goal was to add multiple items to the cart and verify the checkout button's visibility. The checkout button is visible, and the previous actions indicate that items have already been added to the cart. Therefore, the goal is complete.
2026-01-19T23:46:24.4486191Z   ▶️ [STEP step_7] CLICK: PROCEED TO CHECKOUT
2026-01-19T23:46:24.4541386Z     🔍 Mining locators for: 'PROCEED TO CHECKOUT'
2026-01-19T23:46:24.5133121Z     ✅ Found 2 verified locators
2026-01-19T23:46:28.0644503Z     ✅ State transitioned.
2026-01-19T23:46:28.0703222Z     🔄 Revisited state detected (count: 2)
2026-01-19T23:46:29.2276846Z [DEBUG] Sending request to gemini-2.0-flash. Number of parts: 2
2026-01-19T23:46:29.2277558Z [DEBUG] Received response (Length: 237)
2026-01-19T23:46:29.2278758Z     🤖 AI Next Step Suggestion: click -> ADD TO CART
2026-01-19T23:46:29.2279490Z     🧩 Suggested Locator: button:nth-of-type(1)
2026-01-19T23:46:29.2281000Z     💭 Reasoning: The goal is to add 'Brocolli' to the cart. The first 'ADD TO CART' button corresponds to 'Brocolli' based on the visible elements.
2026-01-19T23:46:29.2282461Z     ➕ Injected AI step: click -> ADD TO CART
2026-01-19T23:46:29.2283053Z   ▶️ [STEP step_7_ai_1] CLICK: ADD TO CART
2026-01-19T23:46:29.2341290Z     🎯 Using AI-provided locator: button:nth-of-type(1)
2026-01-19T23:46:29.2395825Z     ✅ Found 1 verified locators
2026-01-19T23:46:33.2974061Z     ✅ State transitioned.
2026-01-19T23:46:33.3029836Z     🔄 Revisited state detected (count: 3)
2026-01-19T23:46:33.3030897Z     ⚠️ Too many revisits (3). Stopping AI step injection to prevent loops.
2026-01-19T23:46:33.3031702Z   ▶️ [STEP step_8] ASSERT_VISIBLE: CHECKOUT
2026-01-19T23:46:33.3085140Z     🔍 Mining locators for: 'CHECKOUT'
2026-01-19T23:46:33.4086529Z     ✅ Found 5 verified locators
2026-01-19T23:46:35.9559781Z     ✅ State transitioned.
2026-01-19T23:46:35.9613192Z     🔄 Revisited state detected (count: 4)
2026-01-19T23:46:35.9613763Z     ⚠️ Too many revisits (4). Stopping AI step injection to prevent loops.
2026-01-19T23:46:38.0040999Z 
2026-01-19T23:46:38.0041724Z [3/3] Exploring Scenario: Verify product quantity update
2026-01-19T23:46:38.0043079Z     🧠 Initialized exploration context for goal: 'This scenario verifies that the product quantity can be updated.'
2026-01-19T23:46:38.0044074Z     🎯 Scenario: Verify product quantity update
2026-01-19T23:46:38.0044615Z   ▶️ [STEP step_1] NAVIGATE: 
2026-01-19T23:46:40.4325988Z     ✅ Navigated to https://rahulshettyacademy.com/seleniumPractise/
2026-01-19T23:46:40.4327071Z   ▶️ [STEP step_2] FILL: Search for Vegetables and Fruits
2026-01-19T23:46:40.4499170Z     🔍 Mining locators for: 'Search for Vegetables and Fruits'
2026-01-19T23:46:40.5682606Z     ✅ Found 1 verified locators
2026-01-19T23:46:46.3464321Z     ✅ State transitioned.
2026-01-19T23:46:47.8896619Z [DEBUG] Sending request to gemini-2.0-flash. Number of parts: 2
2026-01-19T23:46:47.8897317Z [DEBUG] Received response (Length: 219)
2026-01-19T23:46:47.8898077Z     🤖 AI Next Step Suggestion: click -> ADD TO CART
2026-01-19T23:46:47.8898587Z     🧩 Suggested Locator: button:contains('ADD TO CART')
2026-01-19T23:46:47.8899331Z     💭 Reasoning: The goal is to add 'Brocolli' to the cart. The 'ADD TO CART' button is visible for the 'Brocolli' item.
2026-01-19T23:46:47.8900128Z     🔄 Same AI suggestion but state changed (URL or DOM). Resetting loop counter.
2026-01-19T23:46:47.8900875Z     ➕ Injected AI step: click -> ADD TO CART
2026-01-19T23:46:47.8901282Z   ▶️ [STEP step_2_ai_1] CLICK: ADD TO CART
2026-01-19T23:46:47.8952491Z     🎯 Using AI-provided locator: button:contains('ADD TO CART')
2026-01-19T23:46:47.8985941Z     🔍 Mining locators for: 'ADD TO CART'
2026-01-19T23:46:47.9460017Z     ✅ Found 2 verified locators
2026-01-19T23:46:51.5228979Z     ✅ State transitioned.
2026-01-19T23:46:52.7029105Z [DEBUG] Sending request to gemini-2.0-flash. Number of parts: 2
2026-01-19T23:46:52.7029753Z [DEBUG] Received response (Length: 167)
2026-01-19T23:46:52.7030485Z     🤖 AI Next Step Suggestion: click -> CHECKOUT
2026-01-19T23:46:52.7031178Z     🧩 Suggested Locator: #checkoutModalBtnOne
2026-01-19T23:46:52.7031762Z     💭 Reasoning: The product has been added to the cart. Now proceed to checkout.
2026-01-19T23:46:52.7032282Z     ➕ Injected AI step: click -> CHECKOUT
2026-01-19T23:46:52.7032661Z   ▶️ [STEP step_2_ai_2] CLICK: CHECKOUT
2026-01-19T23:46:52.7086834Z     🎯 Using AI-provided locator: #checkoutModalBtnOne
2026-01-19T23:46:52.7145383Z     ✅ Found 1 verified locators
2026-01-19T23:46:56.7600993Z     ✅ State transitioned.
2026-01-19T23:46:58.0088460Z [DEBUG] Sending request to gemini-2.0-flash. Number of parts: 2
2026-01-19T23:46:58.0088988Z [DEBUG] Received response (Length: 147)
2026-01-19T23:46:58.0091908Z     🤖 AI Next Step Suggestion: done -> N/A
2026-01-19T23:46:58.0092934Z     💭 Reasoning: The order has been placed successfully and the page is redirecting back to the cart. The goal is achieved.
2026-01-19T23:46:58.0093908Z   ▶️ [STEP step_3] CLICK: +
2026-01-19T23:46:58.0146674Z     🔍 Mining locators for: '+'
2026-01-19T23:46:58.0617750Z     ✅ Found 2 verified locators
2026-01-19T23:47:01.6181568Z     ✅ State transitioned.
2026-01-19T23:47:03.3932782Z [DEBUG] Sending request to gemini-2.0-flash. Number of parts: 2
2026-01-19T23:47:03.3933532Z [DEBUG] Received response (Length: 206)
2026-01-19T23:47:03.3934232Z     🤖 AI Next Step Suggestion: click -> ADD TO CART
2026-01-19T23:47:03.3935049Z     💭 Reasoning: The goal is to add 'Brocolli' to the cart. The 'ADD TO CART' button is visible for 'Brocolli - 1 Kg'.
2026-01-19T23:47:03.3935774Z     ➕ Injected AI step: click -> ADD TO CART
2026-01-19T23:47:03.3936187Z   ▶️ [STEP step_3_ai_1] CLICK: ADD TO CART
2026-01-19T23:47:03.3989885Z     🔍 Mining locators for: 'ADD TO CART'
2026-01-19T23:47:03.4459374Z     ✅ Found 2 verified locators
2026-01-19T23:47:06.9988289Z     ✅ State transitioned.
2026-01-19T23:47:08.5313977Z [DEBUG] Sending request to gemini-2.0-flash. Number of parts: 2
2026-01-19T23:47:08.5314655Z [DEBUG] Received response (Length: 213)
2026-01-19T23:47:08.5315505Z     🤖 AI Next Step Suggestion: click -> CHECKOUT
2026-01-19T23:47:08.5316277Z     🧩 Suggested Locator: button[id='checkoutModalBtnOne']
2026-01-19T23:47:08.5317070Z     💭 Reasoning: The goal is to verify the checkout button is visible. The checkout button is visible, so click it.
2026-01-19T23:47:08.5317741Z     ➕ Injected AI step: click -> CHECKOUT
2026-01-19T23:47:08.5318113Z   ▶️ [STEP step_3_ai_2] CLICK: CHECKOUT
2026-01-19T23:47:08.5373819Z     🎯 Using AI-provided locator: button[id='checkoutModalBtnOne']
2026-01-19T23:47:08.5433785Z     ✅ Found 1 verified locators
2026-01-19T23:47:12.5949038Z     ✅ State transitioned.
2026-01-19T23:47:13.7556499Z [DEBUG] Sending request to gemini-2.0-flash. Number of parts: 2
2026-01-19T23:47:13.7556962Z [DEBUG] Received response (Length: 157)
2026-01-19T23:47:13.7557502Z     🤖 AI Next Step Suggestion: done -> N/A
2026-01-19T23:47:13.7558187Z     💭 Reasoning: The order has been placed successfully and is redirecting back to the cart. The goal for this scenario has been met.
2026-01-19T23:47:13.7558819Z   ▶️ [STEP step_4] CLICK: ADD TO CART
2026-01-19T23:47:13.7615501Z     🔍 Mining locators for: 'ADD TO CART'
2026-01-19T23:47:13.8093862Z     ✅ Found 2 verified locators
2026-01-19T23:47:17.3634198Z     ✅ State transitioned.
2026-01-19T23:47:19.1058933Z [DEBUG] Sending request to gemini-2.0-flash. Number of parts: 2
2026-01-19T23:47:19.1059586Z [DEBUG] Received response (Length: 202)
2026-01-19T23:47:19.1060300Z     🤖 AI Next Step Suggestion: click -> CHECKOUT
2026-01-19T23:47:19.1061253Z     🧩 Suggested Locator: #checkoutModalBtnOne
2026-01-19T23:47:19.1062508Z     💭 Reasoning: The product has been added to the cart and the quantity has been updated. Now, proceed to checkout.
2026-01-19T23:47:19.1063956Z     🔄 Same AI suggestion but state changed (URL or DOM). Resetting loop counter.
2026-01-19T23:47:19.1064832Z     ➕ Injected AI step: click -> CHECKOUT
2026-01-19T23:47:19.1065461Z   ▶️ [STEP step_4_ai_1] CLICK: CHECKOUT
2026-01-19T23:47:19.1117415Z     🎯 Using AI-provided locator: #checkoutModalBtnOne
2026-01-19T23:47:19.1171559Z     ✅ Found 1 verified locators
2026-01-19T23:47:23.1793430Z     ✅ State transitioned.
2026-01-19T23:47:24.4529891Z [DEBUG] Sending request to gemini-2.0-flash. Number of parts: 2
2026-01-19T23:47:24.4530894Z [DEBUG] Received response (Length: 147)
2026-01-19T23:47:24.4531845Z     🤖 AI Next Step Suggestion: done -> N/A
2026-01-19T23:47:24.4533387Z     💭 Reasoning: The order has been placed successfully and the page is redirecting back to the cart. The goal is achieved.
2026-01-19T23:47:24.4534933Z   ▶️ [STEP step_5] ASSERT_VISIBLE: PROCEED TO CHECKOUT
2026-01-19T23:47:24.4590300Z     🔍 Mining locators for: 'PROCEED TO CHECKOUT'
2026-01-19T23:47:24.5095912Z     ✅ Found 2 verified locators
2026-01-19T23:47:27.0375788Z     ✅ State transitioned.
2026-01-19T23:47:27.0427841Z     🔄 Revisited state detected (count: 1)
2026-01-19T23:47:29.4460549Z [DEBUG] Sending request to gemini-2.0-flash. Number of parts: 2
2026-01-19T23:47:29.4461561Z [DEBUG] Received response (Length: 231)
2026-01-19T23:47:29.4462873Z     🤖 AI Next Step Suggestion: click -> ADD TO CART
2026-01-19T23:47:29.4463795Z     🧩 Suggested Locator: button:nth-of-type(1)
2026-01-19T23:47:29.4465462Z     💭 Reasoning: The goal is to add 'Brocolli' to the cart. The 'ADD TO CART' button is visible and available for the first item in the list.
2026-01-19T23:47:29.4467028Z     ➕ Injected AI step: click -> ADD TO CART
2026-01-19T23:47:29.4467793Z   ▶️ [STEP step_5_ai_1] CLICK: ADD TO CART
2026-01-19T23:47:29.4522527Z     🎯 Using AI-provided locator: button:nth-of-type(1)
2026-01-19T23:47:29.4581916Z     ✅ Found 1 verified locators
2026-01-19T23:47:33.5142205Z     ✅ State transitioned.
2026-01-19T23:47:34.9806998Z [DEBUG] Sending request to gemini-2.0-flash. Number of parts: 2
2026-01-19T23:47:34.9807785Z [DEBUG] Received response (Length: 237)
2026-01-19T23:47:34.9808700Z     🤖 AI Next Step Suggestion: click -> CHECKOUT
2026-01-19T23:47:34.9809440Z     🧩 Suggested Locator: #checkoutModalBtnOne
2026-01-19T23:47:34.9811556Z     💭 Reasoning: The goal is to verify the checkout button is visible. The 'CHECKOUT' button is visible and clicking it will lead to the checkout page.
2026-01-19T23:47:34.9813232Z     ➕ Injected AI step: click -> CHECKOUT
2026-01-19T23:47:34.9813970Z   ▶️ [STEP step_5_ai_2] CLICK: CHECKOUT
2026-01-19T23:47:34.9868969Z     🎯 Using AI-provided locator: #checkoutModalBtnOne
2026-01-19T23:47:34.9922652Z     ✅ Found 1 verified locators
2026-01-19T23:47:39.0420363Z     ✅ State transitioned.
2026-01-19T23:47:39.0472191Z     🔄 Revisited state detected (count: 1)
2026-01-19T23:47:40.2456063Z [DEBUG] Sending request to gemini-2.0-flash. Number of parts: 2
2026-01-19T23:47:40.2456825Z [DEBUG] Received response (Length: 138)
2026-01-19T23:47:40.2457631Z     🤖 AI Next Step Suggestion: done -> N/A
2026-01-19T23:47:40.2458980Z     💭 Reasoning: The order has been placed successfully and is redirecting back to the cart. The goal is complete.
2026-01-19T23:47:40.2460275Z   ▶️ [STEP step_6] CLICK: PROCEED TO CHECKOUT
2026-01-19T23:47:40.2515712Z     🔍 Mining locators for: 'PROCEED TO CHECKOUT'
2026-01-19T23:47:40.3081946Z     ✅ Found 2 verified locators
2026-01-19T23:47:43.8606995Z     ✅ State transitioned.
2026-01-19T23:47:43.8661118Z     🔄 Revisited state detected (count: 2)
2026-01-19T23:47:45.1789111Z [DEBUG] Sending request to gemini-2.0-flash. Number of parts: 2
2026-01-19T23:47:45.1789850Z [DEBUG] Received response (Length: 235)
2026-01-19T23:47:45.1791007Z     🤖 AI Next Step Suggestion: click -> PROCEED TO CHECKOUT
2026-01-19T23:47:45.1791832Z     🧩 Suggested Locator: button
2026-01-19T23:47:45.1793409Z     💭 Reasoning: The 'PROCEED TO CHECKOUT' button is visible and clicking it will move towards the checkout process, which aligns with the overall goal.
2026-01-19T23:47:45.1795368Z     ⚠️ Skipping duplicate AI suggestion (just executed): ('click', 'proceed to checkout')
2026-01-19T23:47:45.1796432Z   ▶️ [STEP step_7] ASSERT_VISIBLE: CHECKOUT
2026-01-19T23:47:45.1852509Z     🔍 Mining locators for: 'CHECKOUT'
2026-01-19T23:47:45.2557743Z     ✅ Found 5 verified locators
2026-01-19T23:47:47.8031112Z     ✅ State transitioned.
2026-01-19T23:47:47.8084603Z     🔄 Revisited state detected (count: 3)
2026-01-19T23:47:47.8085250Z     ⚠️ Too many revisits (3). Stopping AI step injection to prevent loops.
2026-01-19T23:47:49.8438175Z 🗂️  All generated tests written to /home/runner/work/build_qa_automation/build_qa_automation/projects/ci_rahulshetty_shop/tests/generated_scenarios.json
2026-01-19T23:47:49.8439165Z 
2026-01-19T23:47:49.8439730Z 📝 Processing scenario 'Search, Add to Cart, and Checkout Verification' with 10 steps
2026-01-19T23:47:49.8440545Z   🔍 Step 1 (fill): Found 1 mined locators
2026-01-19T23:47:49.8441956Z       ⚠️ Skipping low-confidence locator (0.60): [placeholder='Search for Vegetables and Fruits']...
2026-01-19T23:47:49.8443130Z   ⚠️  No robust locators passed filtering. Executor will use fallback strategies.
2026-01-19T23:47:49.8443835Z   🔍 Step 2 (click): Found 1 mined locators
2026-01-19T23:47:49.8444637Z       ⚠️ Skipping positional locator: button:nth-of-type(1)...
2026-01-19T23:47:49.8445335Z   ⚠️  No robust locators passed filtering. Executor will use fallback strategies.
2026-01-19T23:47:49.8445909Z   🔍 Step 3 (click): Found 1 mined locators
2026-01-19T23:47:49.8446322Z       ✅ Kept robust locator (0.95): a[class='cart-icon']...
2026-01-19T23:47:49.8446778Z   💾 Saved 1 robust locators (top stability: 0.95)
2026-01-19T23:47:49.8447265Z   🔍 Step 4 (click): Found 1 mined locators
2026-01-19T23:47:49.8447656Z       ✅ Kept robust locator (1.05): button[id='checkoutModalBtnOne']...
2026-01-19T23:47:49.8448062Z   💾 Saved 1 robust locators (top stability: 1.00)
2026-01-19T23:47:49.8448582Z   🔍 Step 5 (click): Found 2 mined locators
2026-01-19T23:47:49.8449064Z       ✅ Kept robust locator (0.80): role=button[name='ADD TO CART']...
2026-01-19T23:47:49.8449622Z       ✅ Kept robust locator (0.70): text='ADD TO CART'...
2026-01-19T23:47:49.8450078Z   💾 Saved 2 robust locators (top stability: 0.80)
2026-01-19T23:47:49.8450529Z   🔍 Step 6 (click): Found 3 mined locators
2026-01-19T23:47:49.8451165Z       ✅ Kept robust locator (0.80): role=button[name='ADD TO CART']...
2026-01-19T23:47:49.8451651Z       ✅ Kept robust locator (0.70): text='Cart'...
2026-01-19T23:47:49.8452088Z       ✅ Kept robust locator (0.70): text=ADD TO CART...
2026-01-19T23:47:49.8452542Z   💾 Saved 3 robust locators (top stability: 0.80)
2026-01-19T23:47:49.8453010Z   🔍 Step 7 (assert_visible): Found 2 mined locators
2026-01-19T23:47:49.8453589Z       ✅ Kept robust locator (0.80): role=button[name='PROCEED TO CHECKOUT']...
2026-01-19T23:47:49.8454210Z       ✅ Kept robust locator (0.70): text='PROCEED TO CHECKOUT'...
2026-01-19T23:47:49.8454712Z   💾 Saved 2 robust locators (top stability: 0.80)
2026-01-19T23:47:49.8455127Z   🔍 Step 8 (click): Found 2 mined locators
2026-01-19T23:47:49.8455614Z       ✅ Kept robust locator (0.80): role=button[name='PROCEED TO CHECKOUT']...
2026-01-19T23:47:49.8456173Z       ✅ Kept robust locator (0.70): text='PROCEED TO CHECKOUT'...
2026-01-19T23:47:49.8456656Z   💾 Saved 2 robust locators (top stability: 0.80)
2026-01-19T23:47:49.8457116Z   🔍 Step 9 (assert_visible): Found 5 mined locators
2026-01-19T23:47:49.8457754Z       ✅ Kept robust locator (0.80): role=button[name='PROCEED TO CHECKOUT']...
2026-01-19T23:47:49.8458376Z       ✅ Kept robust locator (0.80): role=button[name='CHECKOUT']...
2026-01-19T23:47:49.8458861Z       ✅ Kept robust locator (0.70): text='CHECKOUT'...
2026-01-19T23:47:49.8459349Z       ✅ Kept robust locator (0.85): #checkoutModalBtnOne...
2026-01-19T23:47:49.8459889Z       ✅ Kept robust locator (0.70): text=PROCEED TO CHECKOUT...
2026-01-19T23:47:49.8460392Z   💾 Saved 3 robust locators (top stability: 0.85)
2026-01-19T23:47:49.8461224Z ✅ Updated scenario 'Search, Add to Cart, and Checkout Verification' with 10 validated steps
2026-01-19T23:47:49.8461593Z 
2026-01-19T23:47:49.8461907Z 📝 Processing scenario 'Add multiple items to cart and verify checkout button' with 17 steps
2026-01-19T23:47:49.8462386Z   🔍 Step 1 (fill): Found 1 mined locators
2026-01-19T23:47:49.8463063Z       ⚠️ Skipping low-confidence locator (0.60): [placeholder='Search for Vegetables and Fruits']...
2026-01-19T23:47:49.8463823Z   ⚠️  No robust locators passed filtering. Executor will use fallback strategies.
2026-01-19T23:47:49.8464412Z   🔍 Step 2 (click): Found 2 mined locators
2026-01-19T23:47:49.8464902Z       ✅ Kept robust locator (0.80): role=button[name='ADD TO CART']...
2026-01-19T23:47:49.8465410Z       ✅ Kept robust locator (0.70): text='ADD TO CART'...
2026-01-19T23:47:49.8465896Z   💾 Saved 2 robust locators (top stability: 0.80)
2026-01-19T23:47:49.8466533Z   🔍 Step 3 (click): Found 1 mined locators
2026-01-19T23:47:49.8466988Z       ✅ Kept robust locator (0.95): #checkoutModalBtnOne...
2026-01-19T23:47:49.8467534Z   💾 Saved 1 robust locators (top stability: 0.95)
2026-01-19T23:47:49.8467971Z   🔍 Step 4 (click): Found 2 mined locators
2026-01-19T23:47:49.8468451Z       ✅ Kept robust locator (0.80): role=button[name='ADD TO CART']...
2026-01-19T23:47:49.8469145Z       ✅ Kept robust locator (0.70): text='ADD TO CART'...
2026-01-19T23:47:49.8469644Z   💾 Saved 2 robust locators (top stability: 0.80)
2026-01-19T23:47:49.8470064Z   🔍 Step 5 (click): Found 1 mined locators
2026-01-19T23:47:49.8470552Z       ✅ Kept robust locator (1.05): button[id='checkoutModalBtnOne']...
2026-01-19T23:47:49.8471437Z   💾 Saved 1 robust locators (top stability: 1.00)
2026-01-19T23:47:49.8471858Z   🔍 Step 6 (fill): Found 1 mined locators
2026-01-19T23:47:49.8472458Z       ⚠️ Skipping low-confidence locator (0.60): [placeholder='Search for Vegetables and Fruits']...
2026-01-19T23:47:49.8473310Z   ⚠️  No robust locators passed filtering. Executor will use fallback strategies.
2026-01-19T23:47:49.8473894Z   🔍 Step 7 (click): Found 1 mined locators
2026-01-19T23:47:49.8474348Z       ⚠️ Skipping positional locator: button:nth-of-type(1)...
2026-01-19T23:47:49.8475016Z   ⚠️  No robust locators passed filtering. Executor will use fallback strategies.
2026-01-19T23:47:49.8475564Z   🔍 Step 8 (click): Found 2 mined locators
2026-01-19T23:47:49.8475977Z       ✅ Kept robust locator (0.70): text='KART'...
2026-01-19T23:47:49.8476702Z       ✅ Kept robust locator (0.70): text=© 2019 GreenKart - buy veg and fruits online...
2026-01-19T23:47:49.8477320Z   💾 Saved 2 robust locators (top stability: 0.70)
2026-01-19T23:47:49.8477748Z   🔍 Step 9 (click): Found 1 mined locators
2026-01-19T23:47:49.8478208Z       ⚠️ Skipping positional locator: button:nth-of-type(1)...
2026-01-19T23:47:49.8478879Z   ⚠️  No robust locators passed filtering. Executor will use fallback strategies.
2026-01-19T23:47:49.8479413Z   🔍 Step 10 (click): Found 2 mined locators
2026-01-19T23:47:49.8479825Z       ✅ Kept robust locator (0.70): text='KART'...
2026-01-19T23:47:49.8480451Z       ✅ Kept robust locator (0.70): text=© 2019 GreenKart - buy veg and fruits online...
2026-01-19T23:47:49.8481225Z   💾 Saved 2 robust locators (top stability: 0.70)
2026-01-19T23:47:49.8481681Z   🔍 Step 11 (click): Found 2 mined locators
2026-01-19T23:47:49.8482201Z       ✅ Kept robust locator (0.80): role=button[name='ADD TO CART']...
2026-01-19T23:47:49.8482742Z       ✅ Kept robust locator (0.70): text='ADD TO CART'...
2026-01-19T23:47:49.8483192Z   💾 Saved 2 robust locators (top stability: 0.80)
2026-01-19T23:47:49.8483604Z   🔍 Step 12 (click): Found 1 mined locators
2026-01-19T23:47:49.8484067Z       ✅ Kept robust locator (0.95): #checkoutModalBtnOne...
2026-01-19T23:47:49.8484828Z   💾 Saved 1 robust locators (top stability: 0.95)
2026-01-19T23:47:49.8485495Z   🔍 Step 13 (assert_visible): Found 2 mined locators
2026-01-19T23:47:49.8486312Z       ✅ Kept robust locator (0.80): role=button[name='PROCEED TO CHECKOUT']...
2026-01-19T23:47:49.8487184Z       ✅ Kept robust locator (0.70): text='PROCEED TO CHECKOUT'...
2026-01-19T23:47:49.8487686Z   💾 Saved 2 robust locators (top stability: 0.80)
2026-01-19T23:47:49.8488137Z   🔍 Step 14 (click): Found 2 mined locators
2026-01-19T23:47:49.8488726Z       ✅ Kept robust locator (0.80): role=button[name='PROCEED TO CHECKOUT']...
2026-01-19T23:47:49.8489337Z       ✅ Kept robust locator (0.70): text='PROCEED TO CHECKOUT'...
2026-01-19T23:47:49.8489854Z   💾 Saved 2 robust locators (top stability: 0.80)
2026-01-19T23:47:49.8490282Z   🔍 Step 15 (click): Found 1 mined locators
2026-01-19T23:47:49.8491016Z       ⚠️ Skipping positional locator: button:nth-of-type(1)...
2026-01-19T23:47:49.8491826Z   ⚠️  No robust locators passed filtering. Executor will use fallback strategies.
2026-01-19T23:47:49.8492467Z   🔍 Step 16 (assert_visible): Found 5 mined locators
2026-01-19T23:47:49.8493185Z       ✅ Kept robust locator (0.80): role=button[name='PROCEED TO CHECKOUT']...
2026-01-19T23:47:49.8494132Z       ✅ Kept robust locator (0.80): role=button[name='CHECKOUT']...
2026-01-19T23:47:49.8494806Z       ✅ Kept robust locator (0.70): text='CHECKOUT'...
2026-01-19T23:47:49.8495312Z       ✅ Kept robust locator (0.85): #checkoutModalBtnOne...
2026-01-19T23:47:49.8496102Z       ✅ Kept robust locator (0.70): text=PROCEED TO CHECKOUT...
2026-01-19T23:47:49.8496680Z   💾 Saved 3 robust locators (top stability: 0.85)
2026-01-19T23:47:49.8497479Z ✅ Updated scenario 'Add multiple items to cart and verify checkout button' with 17 validated steps
2026-01-19T23:47:49.8498055Z 
2026-01-19T23:47:49.8498411Z 📝 Processing scenario 'Verify product quantity update' with 14 steps
2026-01-19T23:47:49.8498981Z   🔍 Step 1 (fill): Found 1 mined locators
2026-01-19T23:47:49.8499724Z       ⚠️ Skipping low-confidence locator (0.60): [placeholder='Search for Vegetables and Fruits']...
2026-01-19T23:47:49.8500781Z   ⚠️  No robust locators passed filtering. Executor will use fallback strategies.
2026-01-19T23:47:49.8501382Z   🔍 Step 2 (click): Found 2 mined locators
2026-01-19T23:47:49.8501952Z       ✅ Kept robust locator (0.80): role=button[name='ADD TO CART']...
2026-01-19T23:47:49.8502521Z       ✅ Kept robust locator (0.70): text='ADD TO CART'...
2026-01-19T23:47:49.8503068Z   💾 Saved 2 robust locators (top stability: 0.80)
2026-01-19T23:47:49.8503582Z   🔍 Step 3 (click): Found 1 mined locators
2026-01-19T23:47:49.8504073Z       ✅ Kept robust locator (0.95): #checkoutModalBtnOne...
2026-01-19T23:47:49.8504620Z   💾 Saved 1 robust locators (top stability: 0.95)
2026-01-19T23:47:49.8505031Z   🔍 Step 4 (click): Found 2 mined locators
2026-01-19T23:47:49.8505378Z       ✅ Kept robust locator (0.80): role=link[name='+']...
2026-01-19T23:47:49.8505729Z       ✅ Kept robust locator (0.70): text='+'...
2026-01-19T23:47:49.8506051Z   💾 Saved 2 robust locators (top stability: 0.80)
2026-01-19T23:47:49.8506363Z   🔍 Step 5 (click): Found 2 mined locators
2026-01-19T23:47:49.8506747Z       ✅ Kept robust locator (0.80): role=button[name='ADD TO CART']...
2026-01-19T23:47:49.8507172Z       ✅ Kept robust locator (0.70): text='ADD TO CART'...
2026-01-19T23:47:49.8507533Z   💾 Saved 2 robust locators (top stability: 0.80)
2026-01-19T23:47:49.8507861Z   🔍 Step 6 (click): Found 1 mined locators
2026-01-19T23:47:49.8508256Z       ✅ Kept robust locator (1.05): button[id='checkoutModalBtnOne']...
2026-01-19T23:47:49.8508663Z   💾 Saved 1 robust locators (top stability: 1.00)
2026-01-19T23:47:49.8508998Z   🔍 Step 7 (click): Found 2 mined locators
2026-01-19T23:47:49.8509375Z       ✅ Kept robust locator (0.80): role=button[name='ADD TO CART']...
2026-01-19T23:47:49.8509784Z       ✅ Kept robust locator (0.70): text='ADD TO CART'...
2026-01-19T23:47:49.8510125Z   💾 Saved 2 robust locators (top stability: 0.80)
2026-01-19T23:47:49.8510438Z   🔍 Step 8 (click): Found 1 mined locators
2026-01-19T23:47:49.8511043Z       ✅ Kept robust locator (0.95): #checkoutModalBtnOne...
2026-01-19T23:47:49.8511439Z   💾 Saved 1 robust locators (top stability: 0.95)
2026-01-19T23:47:49.8511819Z   🔍 Step 9 (assert_visible): Found 2 mined locators
2026-01-19T23:47:49.8512249Z       ✅ Kept robust locator (0.80): role=button[name='PROCEED TO CHECKOUT']...
2026-01-19T23:47:49.8512717Z       ✅ Kept robust locator (0.70): text='PROCEED TO CHECKOUT'...
2026-01-19T23:47:49.8513241Z   💾 Saved 2 robust locators (top stability: 0.80)
2026-01-19T23:47:49.8513588Z   🔍 Step 10 (click): Found 1 mined locators
2026-01-19T23:47:49.8513954Z       ⚠️ Skipping positional locator: button:nth-of-type(1)...
2026-01-19T23:47:49.8514451Z   ⚠️  No robust locators passed filtering. Executor will use fallback strategies.
2026-01-19T23:47:49.8514877Z   🔍 Step 11 (click): Found 1 mined locators
2026-01-19T23:47:49.8515224Z       ✅ Kept robust locator (0.95): #checkoutModalBtnOne...
2026-01-19T23:47:49.8515578Z   💾 Saved 1 robust locators (top stability: 0.95)
2026-01-19T23:47:49.8515898Z   🔍 Step 12 (click): Found 2 mined locators
2026-01-19T23:47:49.8516433Z       ✅ Kept robust locator (0.80): role=button[name='PROCEED TO CHECKOUT']...
2026-01-19T23:47:49.8516896Z       ✅ Kept robust locator (0.70): text='PROCEED TO CHECKOUT'...
2026-01-19T23:47:49.8517284Z   💾 Saved 2 robust locators (top stability: 0.80)
2026-01-19T23:47:49.8517817Z   🔍 Step 13 (assert_visible): Found 5 mined locators
2026-01-19T23:47:49.8518585Z       ✅ Kept robust locator (0.80): role=button[name='PROCEED TO CHECKOUT']...
2026-01-19T23:47:49.8519073Z       ✅ Kept robust locator (0.80): role=button[name='CHECKOUT']...
2026-01-19T23:47:49.8519471Z       ✅ Kept robust locator (0.70): text='CHECKOUT'...
2026-01-19T23:47:49.8519831Z       ✅ Kept robust locator (0.85): #checkoutModalBtnOne...
2026-01-19T23:47:49.8520224Z       ✅ Kept robust locator (0.70): text=PROCEED TO CHECKOUT...
2026-01-19T23:47:49.8520763Z   💾 Saved 3 robust locators (top stability: 0.85)
2026-01-19T23:47:49.8521872Z ✅ Updated scenario 'Verify product quantity update' with 14 validated steps
2026-01-19T23:47:49.8522765Z 🔄 Updated workflow.json with discovered steps and locators.
2026-01-19T23:47:49.8523101Z 
2026-01-19T23:47:49.8523205Z ============================================================
2026-01-19T23:47:49.8523568Z 📊 EXPLORER PERFORMANCE SUMMARY
2026-01-19T23:47:49.8524009Z ============================================================
2026-01-19T23:47:49.8524347Z 
2026-01-19T23:47:49.8524555Z 🔍 Locator Mining:
2026-01-19T23:47:49.8524986Z    • Total Locators Mined: 68
2026-01-19T23:47:49.8525486Z    • Filtered Out (Brittle): 9 (13.2%)
2026-01-19T23:47:49.8526032Z    • Saved to Golden Path: 53 (77.9%)
2026-01-19T23:47:49.8526343Z 
2026-01-19T23:47:49.8526574Z ⚠️  Filtering Breakdown:
2026-01-19T23:47:49.8527043Z    • Low Confidence (<0.75): 4
2026-01-19T23:47:49.8527527Z    • Positional Selectors: 5
2026-01-19T23:47:49.8527808Z 
2026-01-19T23:47:49.8528017Z ✅ Golden Path Quality:
2026-01-19T23:47:49.8528561Z    🌟 EXCELLENT - 77.9% of mined locators are robust!
2026-01-19T23:47:49.8528796Z 
2026-01-19T23:47:49.8528915Z ============================================================
2026-01-19T23:47:49.8529258Z 
2026-01-19T23:47:49.8529482Z ✅ Deep Exploration Complete.
2026-01-19T23:49:50.3428687Z 
2026-01-19T23:49:50.3429628Z 🚀 [EXECUTE] Starting Automation Execution Engine
2026-01-19T23:49:50.3430246Z 📍 Project: ci_rahulshetty_shop
2026-01-19T23:49:50.3430923Z 🎬 Mode: Headless
2026-01-19T23:49:50.3431150Z 
2026-01-19T23:49:50.3431465Z --- Scenario: Search, Add to Cart, and Checkout Verification ---
2026-01-19T23:49:50.3432246Z   ▶️  [STEP step_1] NAVIGATE: NAVIGATE
2026-01-19T23:49:50.3432794Z     ✅ Step step_1 Passed.
2026-01-19T23:49:50.3433401Z   ▶️  [STEP step_2] FILL: Search for Vegetables and Fruits
2026-01-19T23:49:50.3434479Z     ❌ Attempt 1 failed (element_not_found): Locator.scroll_into_view_if_needed: Timeout 10000ms exceeded.
2026-01-19T23:49:50.3435315Z Call log:
2026-01-19T23:49:50.3435637Z   - waiting for locator("tex...
2026-01-19T23:49:50.3436325Z     🔧 [AUTO-HEAL] Re-mining page to find 'Search for Vegetables and Fruits'...
2026-01-19T23:49:50.3437182Z [DEBUG] Sending request to gemini-2.0-flash. Number of parts: 2
2026-01-19T23:49:50.3437693Z [DEBUG] Received response (Length: 500)
2026-01-19T23:49:50.3438097Z     ✨ AI heal found 2 alternatives. Validating...
2026-01-19T23:49:50.3438511Z       ✅ Validated: Selector contains relevant terms
2026-01-19T23:49:50.3439468Z       ❌ Rejected: No match for 'Search for Vegetables and Fruits'
2026-01-19T23:49:50.3440271Z     ✅ 1 validated locators.
2026-01-19T23:49:50.3441328Z     ✨ AI successfully healed the step! New selector: input[type='search']
2026-01-19T23:49:50.3442169Z     ✅ Step step_2 Passed.
2026-01-19T23:49:50.3442487Z   ▶️  [STEP step_2_ai_1] CLICK: ADD TO CART
2026-01-19T23:49:50.3442852Z     ✅ Step step_2_ai_1 Passed.
2026-01-19T23:49:50.3443164Z   ▶️  [STEP step_2_ai_2] CLICK: Cart
2026-01-19T23:49:50.3443561Z     🔍 Trying 1 validated locators from golden path...
2026-01-19T23:49:50.3444367Z     ✅ SUCCESS! Locator #1: a[class='cart-icon']... (method: unknown, stability: 0.95)
2026-01-19T23:49:50.3445049Z     ✅ Step step_2_ai_2 Passed.
2026-01-19T23:49:50.3445325Z   ▶️  [STEP step_2_ai_3] CLICK: CHECKOUT
2026-01-19T23:49:50.3445660Z     🔍 Trying 1 validated locators from golden path...
2026-01-19T23:49:50.3446226Z     ✅ SUCCESS! Locator #1: button[id='checkoutModalBtnOne']... (method: unknown, stability: 1.00)
2026-01-19T23:49:50.3446680Z     ✅ Step step_2_ai_3 Passed.
2026-01-19T23:49:50.3446944Z   ▶️  [STEP step_3] CLICK: ADD TO CART
2026-01-19T23:49:50.3447263Z     🔍 Trying 2 validated locators from golden path...
2026-01-19T23:49:50.3447770Z     ✅ SUCCESS! Locator #1: role=button[name='ADD TO CART']... (method: unknown, stability: 0.80)
2026-01-19T23:49:50.3448207Z     ✅ Step step_3 Passed.
2026-01-19T23:49:50.3448451Z   ▶️  [STEP step_3_ai_1] CLICK: Cart
2026-01-19T23:49:50.3448766Z     🔍 Trying 3 validated locators from golden path...
2026-01-19T23:49:50.3449179Z     ❌ Locator #1 found 0 elements: role=button[name='ADD TO CART']...
2026-01-19T23:49:50.3449667Z     ✅ SUCCESS! Locator #2: text='Cart'... (method: unknown, stability: 0.70)
2026-01-19T23:49:50.3450038Z     ✅ Step step_3_ai_1 Passed.
2026-01-19T23:49:50.3450342Z   ▶️  [STEP step_4] ASSERT_VISIBLE: PROCEED TO CHECKOUT
2026-01-19T23:49:50.3450938Z     🔍 Trying 2 validated locators from golden path...
2026-01-19T23:49:50.3451558Z     ✅ SUCCESS! Locator #1: role=button[name='PROCEED TO CHECKOUT']... (method: unknown, stability: 0.80)
2026-01-19T23:49:50.3452329Z     ✅ Step step_4 Passed.
2026-01-19T23:49:50.3452609Z   ▶️  [STEP step_5] CLICK: PROCEED TO CHECKOUT
2026-01-19T23:49:50.3452956Z     🔍 Trying 2 validated locators from golden path...
2026-01-19T23:49:50.3453492Z     ✅ SUCCESS! Locator #1: role=button[name='PROCEED TO CHECKOUT']... (method: unknown, stability: 0.80)
2026-01-19T23:49:50.3454138Z     ✅ Step step_5 Passed.
2026-01-19T23:49:50.3454594Z   ▶️  [STEP step_6] ASSERT_VISIBLE: CHECKOUT
2026-01-19T23:49:50.3454957Z     🔍 Trying 3 validated locators from golden path...
2026-01-19T23:49:50.3455441Z     ✅ SUCCESS! Locator #1: #checkoutModalBtnOne... (method: unknown, stability: 0.85)
2026-01-19T23:49:50.3455885Z     ✅ Step step_6 Passed.
2026-01-19T23:49:50.3456276Z ✅ Scenario 'Search, Add to Cart, and Checkout Verification' completed successfully!
2026-01-19T23:49:50.3456591Z 
2026-01-19T23:49:50.3456783Z --- Scenario: Add multiple items to cart and verify checkout button ---
2026-01-19T23:49:50.3457179Z   ▶️  [STEP step_1] NAVIGATE: NAVIGATE
2026-01-19T23:49:50.3457487Z     ✅ Step step_1 Passed.
2026-01-19T23:49:50.3457788Z   ▶️  [STEP step_2] FILL: Search for Vegetables and Fruits
2026-01-19T23:49:50.3458342Z     ❌ Attempt 1 failed (element_not_found): Locator.scroll_into_view_if_needed: Timeout 10000ms exceeded.
2026-01-19T23:49:50.3458772Z Call log:
2026-01-19T23:49:50.3458946Z   - waiting for locator("tex...
2026-01-19T23:49:50.3459338Z     🔧 [AUTO-HEAL] Re-mining page to find 'Search for Vegetables and Fruits'...
2026-01-19T23:49:50.3459744Z [CACHE HIT] ab6e0617... (hits: 1, misses: 1)
2026-01-19T23:49:50.3460083Z     ✨ AI heal found 2 alternatives. Validating...
2026-01-19T23:49:50.3460436Z       ✅ Validated: Selector contains relevant terms
2026-01-19T23:49:50.3461021Z       ❌ Rejected: No match for 'Search for Vegetables and Fruits'
2026-01-19T23:49:50.3461367Z     ✅ 1 validated locators.
2026-01-19T23:49:50.3461902Z     ✨ AI successfully healed the step! New selector: input[type='search']
2026-01-19T23:49:50.3462298Z     ✅ Step step_2 Passed.
2026-01-19T23:49:50.3462558Z   ▶️  [STEP step_2_ai_1] CLICK: ADD TO CART
2026-01-19T23:49:50.3462894Z     🔍 Trying 2 validated locators from golden path...
2026-01-19T23:49:50.3463399Z     ✅ SUCCESS! Locator #1: role=button[name='ADD TO CART']... (method: unknown, stability: 0.80)
2026-01-19T23:49:50.3463857Z     ✅ Step step_2_ai_1 Passed.
2026-01-19T23:49:50.3464132Z   ▶️  [STEP step_2_ai_2] CLICK: CHECKOUT
2026-01-19T23:49:50.3464460Z     🔍 Trying 1 validated locators from golden path...
2026-01-19T23:49:50.3465047Z     ✅ SUCCESS! Locator #1: #checkoutModalBtnOne... (method: unknown, stability: 0.95)
2026-01-19T23:49:50.3465461Z     ✅ Step step_2_ai_2 Passed.
2026-01-19T23:49:50.3465895Z   ▶️  [STEP step_3] CLICK: ADD TO CART
2026-01-19T23:49:50.3466413Z     🔍 Trying 2 validated locators from golden path...
2026-01-19T23:49:50.3467106Z     ❌ Locator #1 found 0 elements: role=button[name='ADD TO CART']...
2026-01-19T23:49:50.3467781Z     ❌ Locator #2 found 0 elements: text='ADD TO CART'...
2026-01-19T23:49:50.3468329Z     ⚠️  All golden path locators failed. Will try text-based fallback.
2026-01-19T23:49:50.3468936Z     ✅ Step step_3 Passed.
2026-01-19T23:49:50.3469215Z   ▶️  [STEP step_3_ai_1] CLICK: CHECKOUT
2026-01-19T23:49:50.3469576Z     🔍 Trying 1 validated locators from golden path...
2026-01-19T23:49:50.3470091Z     ✅ SUCCESS! Locator #1: button[id='checkoutModalBtnOne']... (method: unknown, stability: 1.00)
2026-01-19T23:49:50.3470555Z     ✅ Step step_3_ai_1 Passed.
2026-01-19T23:49:50.3471135Z   ▶️  [STEP step_4] FILL: Search for Vegetables and Fruits
2026-01-19T23:49:50.3471819Z     ❌ Attempt 1 failed (element_not_found): Locator.scroll_into_view_if_needed: Timeout 10000ms exceeded.
2026-01-19T23:49:50.3472477Z Call log:
2026-01-19T23:49:50.3472657Z   - waiting for locator("tex...
2026-01-19T23:49:50.3473084Z     🔧 [AUTO-HEAL] Re-mining page to find 'Search for Vegetables and Fruits'...
2026-01-19T23:49:50.3473520Z [DEBUG] Sending request to gemini-2.0-flash. Number of parts: 2
2026-01-19T23:49:50.3473853Z [DEBUG] Received response (Length: 441)
2026-01-19T23:49:50.3474174Z     ✨ AI heal found 2 alternatives. Validating...
2026-01-19T23:49:50.3474487Z       ❌ Rejected: Element not found
2026-01-19T23:49:50.3474756Z       ❌ Rejected: Element not found
2026-01-19T23:49:50.3475095Z     ⚠️ All AI suggestions failed validation. Using original.
2026-01-19T23:49:50.3475529Z     ❌ AI could not re-locate the element. Waiting 1s before next retry.
2026-01-19T23:49:50.3476125Z     ❌ Attempt 2 failed (element_not_found): Locator.scroll_into_view_if_needed: Timeout 10000ms exceeded.
2026-01-19T23:49:50.3476565Z Call log:
2026-01-19T23:49:50.3476731Z   - waiting for locator("tex...
2026-01-19T23:49:50.3477119Z     🔧 [AUTO-HEAL] Re-mining page to find 'Search for Vegetables and Fruits'...
2026-01-19T23:49:50.3477494Z [CACHE HIT] 3d216684... (hits: 2, misses: 2)
2026-01-19T23:49:50.3477815Z     ✨ AI heal found 2 alternatives. Validating...
2026-01-19T23:49:50.3478112Z       ❌ Rejected: Element not found
2026-01-19T23:49:50.3478374Z       ❌ Rejected: Element not found
2026-01-19T23:49:50.3478697Z     ⚠️ All AI suggestions failed validation. Using original.
2026-01-19T23:49:50.3479123Z     ❌ AI could not re-locate the element. Waiting 1s before next retry.
2026-01-19T23:49:50.3479715Z     ❌ Attempt 3 failed (element_not_found): Locator.scroll_into_view_if_needed: Timeout 10000ms exceeded.
2026-01-19T23:49:50.3480444Z Call log:
2026-01-19T23:49:50.3480883Z   - waiting for locator("tex...
2026-01-19T23:49:50.3481281Z     💀 Step step_4 failed after all retries.
2026-01-19T23:49:50.3482002Z 🛑 Scenario 'Add multiple items to cart and verify checkout button' aborted due to step failure.
2026-01-19T23:49:50.3482383Z 
2026-01-19T23:49:50.3482565Z --- Scenario: Verify product quantity update ---
2026-01-19T23:49:50.3483021Z   ▶️  [STEP step_1] NAVIGATE: NAVIGATE
2026-01-19T23:49:50.3483532Z     ✅ Step step_1 Passed.
2026-01-19T23:49:50.3536703Z   ▶️  [STEP step_2] FILL: Search for Vegetables and Fruits
2026-01-19T23:49:50.3537522Z     ❌ Attempt 1 failed (element_not_found): Locator.scroll_into_view_if_needed: Timeout 10000ms exceeded.
2026-01-19T23:49:50.3538056Z Call log:
2026-01-19T23:49:50.3538367Z   - waiting for locator("tex...
2026-01-19T23:49:50.3539118Z     🔧 [AUTO-HEAL] Re-mining page to find 'Search for Vegetables and Fruits'...
2026-01-19T23:49:50.3539823Z [CACHE HIT] ab6e0617... (hits: 3, misses: 2)
2026-01-19T23:49:50.3540489Z     ✨ AI heal found 2 alternatives. Validating...
2026-01-19T23:49:50.3541838Z       ✅ Validated: Selector contains relevant terms
2026-01-19T23:49:50.3542559Z       ❌ Rejected: No match for 'Search for Vegetables and Fruits'
2026-01-19T23:49:50.3542930Z     ✅ 1 validated locators.
2026-01-19T23:49:50.3543429Z     ✨ AI successfully healed the step! New selector: input[type='search']
2026-01-19T23:49:50.3544140Z     ✅ Step step_2 Passed.
2026-01-19T23:49:50.3544539Z   ▶️  [STEP step_2_ai_1] CLICK: ADD TO CART
2026-01-19T23:49:50.3545101Z     🔍 Trying 2 validated locators from golden path...
2026-01-19T23:49:50.3546094Z     ✅ SUCCESS! Locator #1: role=button[name='ADD TO CART']... (method: unknown, stability: 0.80)
2026-01-19T23:49:50.3546984Z     ✅ Step step_2_ai_1 Passed.
2026-01-19T23:49:50.3547484Z   ▶️  [STEP step_2_ai_2] CLICK: CHECKOUT
2026-01-19T23:49:50.3547837Z     🔍 Trying 1 validated locators from golden path...
2026-01-19T23:49:50.3548647Z     ✅ SUCCESS! Locator #1: #checkoutModalBtnOne... (method: unknown, stability: 0.95)
2026-01-19T23:49:50.3549097Z     ✅ Step step_2_ai_2 Passed.
2026-01-19T23:49:50.3549378Z   ▶️  [STEP step_3] CLICK: +
2026-01-19T23:49:50.3549680Z     🔍 Trying 2 validated locators from golden path...
2026-01-19T23:49:50.3550136Z     ✅ SUCCESS! Locator #1: role=link[name='+']... (method: unknown, stability: 0.80)
2026-01-19T23:49:50.3550524Z     ✅ Step step_3 Passed.
2026-01-19T23:49:50.3551100Z   ▶️  [STEP step_3_ai_1] CLICK: ADD TO CART
2026-01-19T23:49:50.3551438Z     🔍 Trying 2 validated locators from golden path...
2026-01-19T23:49:50.3551932Z     ✅ SUCCESS! Locator #1: role=button[name='ADD TO CART']... (method: unknown, stability: 0.80)
2026-01-19T23:49:50.3552367Z     ✅ Step step_3_ai_1 Passed.
2026-01-19T23:49:50.3552622Z   ▶️  [STEP step_3_ai_2] CLICK: CHECKOUT
2026-01-19T23:49:50.3552942Z     🔍 Trying 1 validated locators from golden path...
2026-01-19T23:49:50.3553441Z     ✅ SUCCESS! Locator #1: button[id='checkoutModalBtnOne']... (method: unknown, stability: 1.00)
2026-01-19T23:49:50.3553886Z     ✅ Step step_3_ai_2 Passed.
2026-01-19T23:49:50.3554150Z   ▶️  [STEP step_4] CLICK: ADD TO CART
2026-01-19T23:49:50.3554485Z     🔍 Trying 2 validated locators from golden path...
2026-01-19T23:50:02.9105106Z     ❌ Locator #1 found 0 elements: role=button[name='ADD TO CART']...
2026-01-19T23:50:02.9105861Z     ❌ Locator #2 found 0 elements: text='ADD TO CART'...
2026-01-19T23:50:02.9106607Z     ⚠️  All golden path locators failed. Will try text-based fallback.
2026-01-19T23:50:02.9107213Z     ✅ Step step_4 Passed.
2026-01-19T23:50:02.9107624Z   ▶️  [STEP step_4_ai_1] CLICK: CHECKOUT
2026-01-19T23:50:02.9108163Z     🔍 Trying 1 validated locators from golden path...
2026-01-19T23:50:02.9108930Z     ✅ SUCCESS! Locator #1: #checkoutModalBtnOne... (method: unknown, stability: 0.95)
2026-01-19T23:50:02.9109602Z     ✅ Step step_4_ai_1 Passed.
2026-01-19T23:50:02.9110075Z   ▶️  [STEP step_5] ASSERT_VISIBLE: PROCEED TO CHECKOUT
2026-01-19T23:50:02.9111279Z     🔍 Trying 2 validated locators from golden path...
2026-01-19T23:50:02.9112186Z     ✅ SUCCESS! Locator #1: role=button[name='PROCEED TO CHECKOUT']... (method: unknown, stability: 0.80)
2026-01-19T23:50:02.9113276Z     ✅ Step step_5 Passed.
2026-01-19T23:50:02.9113672Z   ▶️  [STEP step_5_ai_1] CLICK: ADD TO CART
2026-01-19T23:50:02.9114133Z     ✅ Step step_5_ai_1 Passed.
2026-01-19T23:50:02.9114547Z   ▶️  [STEP step_5_ai_2] CLICK: CHECKOUT
2026-01-19T23:50:02.9115276Z     🔍 Trying 1 validated locators from golden path...
2026-01-19T23:50:02.9116031Z     ✅ SUCCESS! Locator #1: #checkoutModalBtnOne... (method: unknown, stability: 0.95)
2026-01-19T23:50:02.9116680Z     ✅ Step step_5_ai_2 Passed.
2026-01-19T23:50:02.9117110Z   ▶️  [STEP step_6] CLICK: PROCEED TO CHECKOUT
2026-01-19T23:50:02.9117640Z     🔍 Trying 2 validated locators from golden path...
2026-01-19T23:50:02.9118470Z     ✅ SUCCESS! Locator #1: role=button[name='PROCEED TO CHECKOUT']... (method: unknown, stability: 0.80)
2026-01-19T23:50:02.9119188Z     ✅ Step step_6 Passed.
2026-01-19T23:50:02.9119590Z   ▶️  [STEP step_7] ASSERT_VISIBLE: CHECKOUT
2026-01-19T23:50:02.9120124Z     🔍 Trying 3 validated locators from golden path...
2026-01-19T23:50:02.9121054Z     ✅ SUCCESS! Locator #1: #checkoutModalBtnOne... (method: unknown, stability: 0.85)
2026-01-19T23:50:02.9121705Z     ✅ Step step_7 Passed.
2026-01-19T23:50:02.9122249Z ✅ Scenario 'Verify product quantity update' completed successfully!
2026-01-19T23:50:02.9122667Z 
2026-01-19T23:50:02.9122828Z ============================================================
2026-01-19T23:50:02.9123282Z 🎯 EXECUTION SUMMARY
2026-01-19T23:50:02.9123592Z ============================================================
2026-01-19T23:50:02.9123879Z 
2026-01-19T23:50:02.9124041Z 📋 Scenario Overview:
2026-01-19T23:50:02.9124398Z    • Total Scenarios Planned: 3
2026-01-19T23:50:02.9124786Z    • Scenarios Executed: 3
2026-01-19T23:50:02.9125155Z    • Total Steps Executed: 31
2026-01-19T23:50:02.9125375Z 
2026-01-19T23:50:02.9125506Z ✅ Results:
2026-01-19T23:50:02.9125806Z    ✅ Passed: 2 (66%)
2026-01-19T23:50:02.9126130Z    ❌ Failed: 1 (33%)
2026-01-19T23:50:02.9126318Z 
2026-01-19T23:50:02.9126472Z ⚠️  Failed Scenarios:
2026-01-19T23:50:02.9126916Z    • Add multiple items to cart and verify checkout button
2026-01-19T23:50:02.9127280Z 
2026-01-19T23:50:02.9127422Z ============================================================
2026-01-19T23:50:02.9127710Z 
2026-01-19T23:50:02.9128488Z 🏁 Execution Finished. Report: /home/runner/work/build_qa_automation/build_qa_automation/projects/ci_rahulshetty_shop/execution.json
2026-01-19T23:50:02.9129270Z 
2026-01-19T23:50:02.9129420Z ============================================================
2026-01-19T23:50:02.9129883Z 📊 EXECUTOR PERFORMANCE SUMMARY
2026-01-19T23:50:02.9130234Z ============================================================
2026-01-19T23:50:02.9130511Z 
2026-01-19T23:50:02.9130976Z 🎯 Execution Results:
2026-01-19T23:50:02.9131324Z    • Total Steps: 31
2026-01-19T23:50:02.9131689Z    • First-Attempt Success: 27 (87.1%)
2026-01-19T23:50:02.9132124Z    • Required AI Healing: 5 (16.1%)
2026-01-19T23:50:02.9132550Z    • Final Failures: 1 (3.2%)
2026-01-19T23:50:02.9132766Z 
2026-01-19T23:50:02.9132939Z 🛤️  Golden Path Effectiveness:
2026-01-19T23:50:02.9133336Z    • Steps with Mined Locators: 22
2026-01-19T23:50:02.9133742Z    • Golden Path Hits: 20 (90.9%)
2026-01-19T23:50:02.9134128Z    • Golden Path Misses: 2
2026-01-19T23:50:02.9134518Z    • Fallback Used (No Locators): 9
2026-01-19T23:50:02.9134760Z 
2026-01-19T23:50:02.9134925Z 📈 Overall Assessment:
2026-01-19T23:50:02.9135369Z    ✅ GOOD! Most steps following golden path successfully.
2026-01-19T23:50:02.9135709Z 
2026-01-19T23:50:02.9135873Z 🎯 vs Target (100% Flawless):
2026-01-19T23:50:02.9136250Z    📊 Gap: 12.9% from target
2026-01-19T23:50:02.9136684Z    💡 Recommendation: Review 2 golden path misses
2026-01-19T23:50:02.9137299Z    💡 Recommendation: Explorer needs to mine locators for 9 steps
2026-01-19T23:50:02.9137675Z 
2026-01-19T23:50:02.9137812Z ============================================================
2026-01-19T23:50:03.0251648Z 
2026-01-19T23:50:03.0252253Z [PHASE] Running Phase: DISCOVERY
2026-01-19T23:50:03.0254036Z    Command: /opt/hostedtoolcache/Python/3.11.14/x64/bin/python /home/runner/work/build_qa_automation/build_qa_automation/core/agents/discovery.py --project /home/runner/work/build_qa_automation/build_qa_automation/projects/ci_rahulshetty_shop --url https://rahulshettyacademy.com/seleniumPractise/ --deep
2026-01-19T23:50:03.0255566Z ✅ Phase 'discovery' completed successfully.
2026-01-19T23:50:03.0255778Z 
2026-01-19T23:50:03.0255872Z [PHASE] Running Phase: PLANNING
2026-01-19T23:50:03.0257414Z    Command: /opt/hostedtoolcache/Python/3.11.14/x64/bin/python /home/runner/work/build_qa_automation/build_qa_automation/core/agents/planner.py --project /home/runner/work/build_qa_automation/build_qa_automation/projects/ci_rahulshetty_shop --goal Search for 'Brocolli', add FIRST result to cart, click cart icon, verify checkout button visible --url https://rahulshettyacademy.com/seleniumPractise/ --deep
2026-01-19T23:50:03.0259045Z ✅ Phase 'planning' completed successfully.
2026-01-19T23:50:03.0259239Z 
2026-01-19T23:50:03.0259333Z [PHASE] Running Phase: EXPLORATION
2026-01-19T23:50:03.0260297Z    Command: /opt/hostedtoolcache/Python/3.11.14/x64/bin/python /home/runner/work/build_qa_automation/build_qa_automation/core/agents/deep_explorer.py --project /home/runner/work/build_qa_automation/build_qa_automation/projects/ci_rahulshetty_shop
2026-01-19T23:50:03.0261628Z ✅ Phase 'exploration' completed successfully.
2026-01-19T23:50:03.0262010Z 📊 Exploration Discovery Success Rate: 76.3%
2026-01-19T23:50:03.0262208Z 
2026-01-19T23:50:03.0262298Z [PHASE] Running Phase: EXECUTION
2026-01-19T23:50:03.0263247Z    Command: /opt/hostedtoolcache/Python/3.11.14/x64/bin/python /home/runner/work/build_qa_automation/build_qa_automation/core/agents/executor.py --project /home/runner/work/build_qa_automation/build_qa_automation/projects/ci_rahulshetty_shop
2026-01-19T23:50:03.0264266Z ✅ Phase 'execution' completed successfully.
2026-01-19T23:50:03.0264471Z 
2026-01-19T23:50:03.0264579Z [DONE] Pipeline Execution Finished! [DONE]
2026-01-19T23:50:03.1233396Z ##[group]Run RESULT_FILE="projects/ci_rahulshetty_shop/execution.json"
2026-01-19T23:50:03.1233912Z [36;1mRESULT_FILE="projects/ci_rahulshetty_shop/execution.json"[0m
2026-01-19T23:50:03.1234262Z [36;1mif [ -f "$RESULT_FILE" ]; then[0m
2026-01-19T23:50:03.1234594Z [36;1m  echo "✅ Results generated successfully: $RESULT_FILE"[0m
2026-01-19T23:50:03.1235041Z [36;1m  cat "$RESULT_FILE" | jq '.scenarios | length' || echo "Result file exists"[0m
2026-01-19T23:50:03.1235392Z [36;1melse[0m
2026-01-19T23:50:03.1235620Z [36;1m  echo "❌ No result file found at $RESULT_FILE"[0m
2026-01-19T23:50:03.1235907Z [36;1m  exit 1[0m
2026-01-19T23:50:03.1236081Z [36;1mfi[0m
2026-01-19T23:50:03.1268347Z shell: /usr/bin/bash -e {0}
2026-01-19T23:50:03.1268570Z env:
2026-01-19T23:50:03.1268815Z   pythonLocation: /opt/hostedtoolcache/Python/3.11.14/x64
2026-01-19T23:50:03.1269234Z   PKG_CONFIG_PATH: /opt/hostedtoolcache/Python/3.11.14/x64/lib/pkgconfig
2026-01-19T23:50:03.1269699Z   Python_ROOT_DIR: /opt/hostedtoolcache/Python/3.11.14/x64
2026-01-19T23:50:03.1270063Z   Python2_ROOT_DIR: /opt/hostedtoolcache/Python/3.11.14/x64
2026-01-19T23:50:03.1270423Z   Python3_ROOT_DIR: /opt/hostedtoolcache/Python/3.11.14/x64
2026-01-19T23:50:03.1270991Z   LD_LIBRARY_PATH: /opt/hostedtoolcache/Python/3.11.14/x64/lib
2026-01-19T23:50:03.1271299Z ##[endgroup]
2026-01-19T23:50:03.1324852Z ✅ Results generated successfully: projects/ci_rahulshetty_shop/execution.json
2026-01-19T23:50:03.1351085Z 3
2026-01-19T23:50:03.1411884Z ##[group]Run actions/upload-artifact@v4
2026-01-19T23:50:03.1412172Z with:
2026-01-19T23:50:03.1412375Z   name: rahulshetty_shop-execution-results
2026-01-19T23:50:03.1412833Z   path: projects/ci_rahulshetty_shop/execution.json
projects/ci_rahulshetty_shop/workflow.json

2026-01-19T23:50:03.1413279Z   retention-days: 30
2026-01-19T23:50:03.1413473Z   if-no-files-found: warn
2026-01-19T23:50:03.1413876Z   compression-level: 6
2026-01-19T23:50:03.1414078Z   overwrite: false
2026-01-19T23:50:03.1414347Z   include-hidden-files: false
2026-01-19T23:50:03.1414712Z env:
2026-01-19T23:50:03.1415088Z   pythonLocation: /opt/hostedtoolcache/Python/3.11.14/x64
2026-01-19T23:50:03.1415785Z   PKG_CONFIG_PATH: /opt/hostedtoolcache/Python/3.11.14/x64/lib/pkgconfig
2026-01-19T23:50:03.1416496Z   Python_ROOT_DIR: /opt/hostedtoolcache/Python/3.11.14/x64
2026-01-19T23:50:03.1417118Z   Python2_ROOT_DIR: /opt/hostedtoolcache/Python/3.11.14/x64
2026-01-19T23:50:03.1417768Z   Python3_ROOT_DIR: /opt/hostedtoolcache/Python/3.11.14/x64
2026-01-19T23:50:03.1418322Z   LD_LIBRARY_PATH: /opt/hostedtoolcache/Python/3.11.14/x64/lib
2026-01-19T23:50:03.1418794Z ##[endgroup]
2026-01-19T23:50:03.3592340Z Multiple search paths detected. Calculating the least common ancestor of all paths
2026-01-19T23:50:03.3595187Z The least common ancestor is /home/runner/work/build_qa_automation/build_qa_automation/projects/ci_rahulshetty_shop. This will be the root directory of the artifact
2026-01-19T23:50:03.3596989Z With the provided path, there will be 2 files uploaded
2026-01-19T23:50:03.3602920Z Artifact name is valid!
2026-01-19T23:50:03.3603630Z Root directory input is valid!
2026-01-19T23:50:03.6148096Z Beginning upload of artifact content to blob storage
2026-01-19T23:50:03.9336782Z Uploaded bytes 2141
2026-01-19T23:50:04.0177874Z Finished uploading artifact content to blob storage!
2026-01-19T23:50:04.0181116Z SHA256 digest of uploaded artifact zip is 63009681097fa408d15d2f2aeff4c468233017019f8e1afda03cbfe12be54428
2026-01-19T23:50:04.0183434Z Finalizing artifact upload
2026-01-19T23:50:04.1570042Z Artifact rahulshetty_shop-execution-results.zip successfully finalized. Artifact ID 5183041155
2026-01-19T23:50:04.1571695Z Artifact rahulshetty_shop-execution-results has been successfully uploaded! Final size is 2141 bytes. Artifact ID is 5183041155
2026-01-19T23:50:04.1577700Z Artifact download URL: https://github.com/vishvasmca-cmd/build_qa_automation/actions/runs/21154472744/artifacts/5183041155
2026-01-19T23:50:04.1701904Z Post job cleanup.
2026-01-19T23:50:04.3207653Z Cache hit occurred on the primary key setup-python-Linux-x64-24.04-Ubuntu-python-3.11.14-pip-dde08d0e0b672972dcda9f1a063036a2e0c226f5d0a20362e9401931676d80a4, not saving cache.
2026-01-19T23:50:04.3314023Z Post job cleanup.
2026-01-19T23:50:04.4267510Z [command]/usr/bin/git version
2026-01-19T23:50:04.4308046Z git version 2.52.0
2026-01-19T23:50:04.4353643Z Temporarily overriding HOME='/home/runner/work/_temp/26758d9a-b456-4081-92bb-f79232c52b37' before making global git config changes
2026-01-19T23:50:04.4355990Z Adding repository directory to the temporary git global config as a safe directory
2026-01-19T23:50:04.4368706Z [command]/usr/bin/git config --global --add safe.directory /home/runner/work/build_qa_automation/build_qa_automation
2026-01-19T23:50:04.4405692Z [command]/usr/bin/git config --local --name-only --get-regexp core\.sshCommand
2026-01-19T23:50:04.4439981Z [command]/usr/bin/git submodule foreach --recursive sh -c "git config --local --name-only --get-regexp 'core\.sshCommand' && git config --local --unset-all 'core.sshCommand' || :"
2026-01-19T23:50:04.4808225Z [command]/usr/bin/git config --local --name-only --get-regexp http\.https\:\/\/github\.com\/\.extraheader
2026-01-19T23:50:04.4830013Z http.https://github.com/.extraheader
2026-01-19T23:50:04.4844525Z [command]/usr/bin/git config --local --unset-all http.https://github.com/.extraheader
2026-01-19T23:50:04.4877040Z [command]/usr/bin/git submodule foreach --recursive sh -c "git config --local --name-only --get-regexp 'http\.https\:\/\/github\.com\/\.extraheader' && git config --local --unset-all 'http.https://github.com/.extraheader' || :"
2026-01-19T23:50:04.5098473Z [command]/usr/bin/git config --local --name-only --get-regexp ^includeIf\.gitdir:
2026-01-19T23:50:04.5129578Z [command]/usr/bin/git submodule foreach --recursive git config --local --show-origin --name-only --get-regexp remote.origin.url
2026-01-19T23:50:04.5491447Z Cleaning up orphan processes
