2026-01-18T19:11:13.9126873Z Current runner version: '2.331.0'
2026-01-18T19:11:13.9152226Z ##[group]Runner Image Provisioner
2026-01-18T19:11:13.9153084Z Hosted Compute Agent
2026-01-18T19:11:13.9153772Z Version: 20251211.462
2026-01-18T19:11:13.9154393Z Commit: 6cbad8c2bb55d58165063d031ccabf57e2d2db61
2026-01-18T19:11:13.9155395Z Build Date: 2025-12-11T16:28:49Z
2026-01-18T19:11:13.9156207Z Worker ID: {411dcab2-1883-49d6-b181-f47cc43987dc}
2026-01-18T19:11:13.9156913Z ##[endgroup]
2026-01-18T19:11:13.9157417Z ##[group]Operating System
2026-01-18T19:11:13.9158042Z Ubuntu
2026-01-18T19:11:13.9158473Z 24.04.3
2026-01-18T19:11:13.9158934Z LTS
2026-01-18T19:11:13.9159585Z ##[endgroup]
2026-01-18T19:11:13.9160080Z ##[group]Runner Image
2026-01-18T19:11:13.9160629Z Image: ubuntu-24.04
2026-01-18T19:11:13.9161157Z Version: 20260111.209.1
2026-01-18T19:11:13.9162190Z Included Software: https://github.com/actions/runner-images/blob/ubuntu24/20260111.209/images/ubuntu/Ubuntu2404-Readme.md
2026-01-18T19:11:13.9163790Z Image Release: https://github.com/actions/runner-images/releases/tag/ubuntu24%2F20260111.209
2026-01-18T19:11:13.9164789Z ##[endgroup]
2026-01-18T19:11:13.9166250Z ##[group]GITHUB_TOKEN Permissions
2026-01-18T19:11:13.9168403Z Contents: read
2026-01-18T19:11:13.9168936Z Metadata: read
2026-01-18T19:11:13.9169521Z Packages: read
2026-01-18T19:11:13.9170055Z ##[endgroup]
2026-01-18T19:11:13.9172415Z Secret source: Actions
2026-01-18T19:11:13.9173771Z Prepare workflow directory
2026-01-18T19:11:13.9526703Z Prepare all required actions
2026-01-18T19:11:13.9566829Z Getting action download info
2026-01-18T19:11:14.3026890Z Download action repository 'actions/checkout@v4' (SHA:34e114876b0b11c390a56381ad16ebd13914f8d5)
2026-01-18T19:11:14.4014468Z Download action repository 'actions/setup-python@v5' (SHA:a26af69be951a213d495a4c3e4e4022e16d87065)
2026-01-18T19:11:14.4846026Z Download action repository 'actions/upload-artifact@v4' (SHA:ea165f8d65b6e75b540449e92b4886f43607fa02)
2026-01-18T19:11:14.7119253Z Complete job name: test-websites-deep (saucedemo_locked, https://www.saucedemo.com/, Test locked user scenarios)
2026-01-18T19:11:14.7875722Z ##[group]Run actions/checkout@v4
2026-01-18T19:11:14.7876709Z with:
2026-01-18T19:11:14.7877226Z   repository: vishvasmca-cmd/build_qa_automation
2026-01-18T19:11:14.7878042Z   token: ***
2026-01-18T19:11:14.7878482Z   ssh-strict: true
2026-01-18T19:11:14.7878923Z   ssh-user: git
2026-01-18T19:11:14.7879367Z   persist-credentials: true
2026-01-18T19:11:14.7879868Z   clean: true
2026-01-18T19:11:14.7880333Z   sparse-checkout-cone-mode: true
2026-01-18T19:11:14.7880883Z   fetch-depth: 1
2026-01-18T19:11:14.7881328Z   fetch-tags: false
2026-01-18T19:11:14.7881791Z   show-progress: true
2026-01-18T19:11:14.7882303Z   lfs: false
2026-01-18T19:11:14.7882732Z   submodules: false
2026-01-18T19:11:14.7883191Z   set-safe-directory: true
2026-01-18T19:11:14.7883936Z ##[endgroup]
2026-01-18T19:11:14.8991123Z Syncing repository: vishvasmca-cmd/build_qa_automation
2026-01-18T19:11:14.8994336Z ##[group]Getting Git version info
2026-01-18T19:11:14.8996331Z Working directory is '/home/runner/work/build_qa_automation/build_qa_automation'
2026-01-18T19:11:14.8998644Z [command]/usr/bin/git version
2026-01-18T19:11:14.9155752Z git version 2.52.0
2026-01-18T19:11:14.9196887Z ##[endgroup]
2026-01-18T19:11:14.9216682Z Temporarily overriding HOME='/home/runner/work/_temp/5c53b8fa-1495-4fbc-b564-583e1fec3ac5' before making global git config changes
2026-01-18T19:11:14.9218640Z Adding repository directory to the temporary git global config as a safe directory
2026-01-18T19:11:14.9234462Z [command]/usr/bin/git config --global --add safe.directory /home/runner/work/build_qa_automation/build_qa_automation
2026-01-18T19:11:14.9284114Z Deleting the contents of '/home/runner/work/build_qa_automation/build_qa_automation'
2026-01-18T19:11:14.9288877Z ##[group]Initializing the repository
2026-01-18T19:11:14.9295580Z [command]/usr/bin/git init /home/runner/work/build_qa_automation/build_qa_automation
2026-01-18T19:11:14.9414469Z hint: Using 'master' as the name for the initial branch. This default branch name
2026-01-18T19:11:14.9416878Z hint: will change to "main" in Git 3.0. To configure the initial branch name
2026-01-18T19:11:14.9418764Z hint: to use in all of your new repositories, which will suppress this warning,
2026-01-18T19:11:14.9420135Z hint: call:
2026-01-18T19:11:14.9420721Z hint:
2026-01-18T19:11:14.9421293Z hint: 	git config --global init.defaultBranch <name>
2026-01-18T19:11:14.9421944Z hint:
2026-01-18T19:11:14.9422552Z hint: Names commonly chosen instead of 'master' are 'main', 'trunk' and
2026-01-18T19:11:14.9423562Z hint: 'development'. The just-created branch can be renamed via this command:
2026-01-18T19:11:14.9424328Z hint:
2026-01-18T19:11:14.9424736Z hint: 	git branch -m <name>
2026-01-18T19:11:14.9425524Z hint:
2026-01-18T19:11:14.9426194Z hint: Disable this message with "git config set advice.defaultBranchName false"
2026-01-18T19:11:14.9427665Z Initialized empty Git repository in /home/runner/work/build_qa_automation/build_qa_automation/.git/
2026-01-18T19:11:14.9435912Z [command]/usr/bin/git remote add origin https://github.com/vishvasmca-cmd/build_qa_automation
2026-01-18T19:11:14.9476621Z ##[endgroup]
2026-01-18T19:11:14.9478151Z ##[group]Disabling automatic garbage collection
2026-01-18T19:11:14.9479991Z [command]/usr/bin/git config --local gc.auto 0
2026-01-18T19:11:14.9523676Z ##[endgroup]
2026-01-18T19:11:14.9524431Z ##[group]Setting up auth
2026-01-18T19:11:14.9525477Z [command]/usr/bin/git config --local --name-only --get-regexp core\.sshCommand
2026-01-18T19:11:14.9558368Z [command]/usr/bin/git submodule foreach --recursive sh -c "git config --local --name-only --get-regexp 'core\.sshCommand' && git config --local --unset-all 'core.sshCommand' || :"
2026-01-18T19:11:14.9918151Z [command]/usr/bin/git config --local --name-only --get-regexp http\.https\:\/\/github\.com\/\.extraheader
2026-01-18T19:11:14.9956308Z [command]/usr/bin/git submodule foreach --recursive sh -c "git config --local --name-only --get-regexp 'http\.https\:\/\/github\.com\/\.extraheader' && git config --local --unset-all 'http.https://github.com/.extraheader' || :"
2026-01-18T19:11:15.0191625Z [command]/usr/bin/git config --local --name-only --get-regexp ^includeIf\.gitdir:
2026-01-18T19:11:15.0223100Z [command]/usr/bin/git submodule foreach --recursive git config --local --show-origin --name-only --get-regexp remote.origin.url
2026-01-18T19:11:15.0454638Z [command]/usr/bin/git config --local http.https://github.com/.extraheader AUTHORIZATION: basic ***
2026-01-18T19:11:15.0489180Z ##[endgroup]
2026-01-18T19:11:15.0489990Z ##[group]Fetching the repository
2026-01-18T19:11:15.0497601Z [command]/usr/bin/git -c protocol.version=2 fetch --no-tags --prune --no-recurse-submodules --depth=1 origin +c9fb31d387d3134fb416430b3b3a9e89b3921439:refs/remotes/origin/main
2026-01-18T19:11:15.7571307Z From https://github.com/vishvasmca-cmd/build_qa_automation
2026-01-18T19:11:15.7572982Z  * [new ref]         c9fb31d387d3134fb416430b3b3a9e89b3921439 -> origin/main
2026-01-18T19:11:15.7602446Z ##[endgroup]
2026-01-18T19:11:15.7603561Z ##[group]Determining the checkout info
2026-01-18T19:11:15.7605352Z ##[endgroup]
2026-01-18T19:11:15.7610186Z [command]/usr/bin/git sparse-checkout disable
2026-01-18T19:11:15.7652805Z [command]/usr/bin/git config --local --unset-all extensions.worktreeConfig
2026-01-18T19:11:15.7679320Z ##[group]Checking out the ref
2026-01-18T19:11:15.7683403Z [command]/usr/bin/git checkout --progress --force -B main refs/remotes/origin/main
2026-01-18T19:11:15.8622721Z Switched to a new branch 'main'
2026-01-18T19:11:15.8624314Z branch 'main' set up to track 'origin/main'.
2026-01-18T19:11:15.8641792Z ##[endgroup]
2026-01-18T19:11:15.8680368Z [command]/usr/bin/git log -1 --format=%H
2026-01-18T19:11:15.8703124Z c9fb31d387d3134fb416430b3b3a9e89b3921439
2026-01-18T19:11:15.9040698Z ##[group]Run actions/setup-python@v5
2026-01-18T19:11:15.9041887Z with:
2026-01-18T19:11:15.9042713Z   python-version: 3.11
2026-01-18T19:11:15.9043653Z   cache: pip
2026-01-18T19:11:15.9044756Z   check-latest: false
2026-01-18T19:11:15.9046121Z   token: ***
2026-01-18T19:11:15.9046993Z   update-environment: true
2026-01-18T19:11:15.9048034Z   allow-prereleases: false
2026-01-18T19:11:15.9049069Z   freethreaded: false
2026-01-18T19:11:15.9050005Z ##[endgroup]
2026-01-18T19:11:16.0707791Z ##[group]Installed versions
2026-01-18T19:11:16.0823305Z Successfully set up CPython (3.11.14)
2026-01-18T19:11:16.0825505Z ##[endgroup]
2026-01-18T19:11:16.1340017Z [command]/opt/hostedtoolcache/Python/3.11.14/x64/bin/pip cache dir
2026-01-18T19:11:16.4301471Z /home/runner/.cache/pip
2026-01-18T19:11:16.5469423Z Cache hit for: setup-python-Linux-x64-24.04-Ubuntu-python-3.11.14-pip-dde08d0e0b672972dcda9f1a063036a2e0c226f5d0a20362e9401931676d80a4
2026-01-18T19:11:17.5833462Z Received 239075328 of 254742636 (93.8%), 227.8 MBs/sec
2026-01-18T19:11:17.6902752Z Received 254742636 of 254742636 (100.0%), 219.1 MBs/sec
2026-01-18T19:11:17.6904184Z Cache Size: ~243 MB (254742636 B)
2026-01-18T19:11:17.6942706Z [command]/usr/bin/tar -xf /home/runner/work/_temp/aef42a38-59c9-485c-bfe0-dee63621ece8/cache.tzst -P -C /home/runner/work/build_qa_automation/build_qa_automation --use-compress-program unzstd
2026-01-18T19:11:18.0600787Z Cache restored successfully
2026-01-18T19:11:18.1077313Z Cache restored from key: setup-python-Linux-x64-24.04-Ubuntu-python-3.11.14-pip-dde08d0e0b672972dcda9f1a063036a2e0c226f5d0a20362e9401931676d80a4
2026-01-18T19:11:18.1324366Z ##[group]Run pip install -r requirements.txt
2026-01-18T19:11:18.1324785Z [36;1mpip install -r requirements.txt[0m
2026-01-18T19:11:18.1325359Z [36;1mplaywright install chromium[0m
2026-01-18T19:11:18.1365367Z shell: /usr/bin/bash -e {0}
2026-01-18T19:11:18.1365645Z env:
2026-01-18T19:11:18.1365916Z   pythonLocation: /opt/hostedtoolcache/Python/3.11.14/x64
2026-01-18T19:11:18.1366366Z   PKG_CONFIG_PATH: /opt/hostedtoolcache/Python/3.11.14/x64/lib/pkgconfig
2026-01-18T19:11:18.1366799Z   Python_ROOT_DIR: /opt/hostedtoolcache/Python/3.11.14/x64
2026-01-18T19:11:18.1367207Z   Python2_ROOT_DIR: /opt/hostedtoolcache/Python/3.11.14/x64
2026-01-18T19:11:18.1367609Z   Python3_ROOT_DIR: /opt/hostedtoolcache/Python/3.11.14/x64
2026-01-18T19:11:18.1367997Z   LD_LIBRARY_PATH: /opt/hostedtoolcache/Python/3.11.14/x64/lib
2026-01-18T19:11:18.1368321Z ##[endgroup]
2026-01-18T19:11:18.7769234Z Collecting playwright (from -r requirements.txt (line 1))
2026-01-18T19:11:18.7785555Z   Using cached playwright-1.57.0-py3-none-manylinux1_x86_64.whl.metadata (3.5 kB)
2026-01-18T19:11:18.7952548Z Collecting python-dotenv (from -r requirements.txt (line 2))
2026-01-18T19:11:18.7967637Z   Using cached python_dotenv-1.2.1-py3-none-any.whl.metadata (25 kB)
2026-01-18T19:11:18.8231778Z Collecting requests (from -r requirements.txt (line 3))
2026-01-18T19:11:18.8245637Z   Using cached requests-2.32.5-py3-none-any.whl.metadata (4.9 kB)
2026-01-18T19:11:18.9888823Z Collecting pillow (from -r requirements.txt (line 4))
2026-01-18T19:11:18.9906083Z   Using cached pillow-12.1.0-cp311-cp311-manylinux_2_27_x86_64.manylinux_2_28_x86_64.whl.metadata (8.8 kB)
2026-01-18T19:11:19.0148587Z Collecting google-genai>=0.3.0 (from -r requirements.txt (line 5))
2026-01-18T19:11:19.0162453Z   Using cached google_genai-1.59.0-py3-none-any.whl.metadata (53 kB)
2026-01-18T19:11:19.0305296Z Collecting termcolor (from -r requirements.txt (line 6))
2026-01-18T19:11:19.0319800Z   Using cached termcolor-3.3.0-py3-none-any.whl.metadata (6.5 kB)
2026-01-18T19:11:19.0658608Z Collecting PyYAML (from -r requirements.txt (line 7))
2026-01-18T19:11:19.0673292Z   Using cached pyyaml-6.0.3-cp311-cp311-manylinux2014_x86_64.manylinux_2_17_x86_64.manylinux_2_28_x86_64.whl.metadata (2.4 kB)
2026-01-18T19:11:19.1217014Z Collecting opencv-python-headless (from -r requirements.txt (line 8))
2026-01-18T19:11:19.1233063Z   Using cached opencv_python_headless-4.13.0.90-cp37-abi3-manylinux_2_28_x86_64.whl.metadata (19 kB)
2026-01-18T19:11:19.3171853Z Collecting numpy (from -r requirements.txt (line 9))
2026-01-18T19:11:19.3187790Z   Using cached numpy-2.4.1-cp311-cp311-manylinux_2_27_x86_64.manylinux_2_28_x86_64.whl.metadata (6.6 kB)
2026-01-18T19:11:19.3924356Z Collecting faker (from -r requirements.txt (line 10))
2026-01-18T19:11:19.3938367Z   Using cached faker-40.1.2-py3-none-any.whl.metadata (16 kB)
2026-01-18T19:11:19.4098463Z Collecting pyee<14,>=13 (from playwright->-r requirements.txt (line 1))
2026-01-18T19:11:19.4118954Z   Using cached pyee-13.0.0-py3-none-any.whl.metadata (2.9 kB)
2026-01-18T19:11:19.5419537Z Collecting greenlet<4.0.0,>=3.1.1 (from playwright->-r requirements.txt (line 1))
2026-01-18T19:11:19.5436095Z   Using cached greenlet-3.3.0-cp311-cp311-manylinux_2_24_x86_64.manylinux_2_28_x86_64.whl.metadata (4.1 kB)
2026-01-18T19:11:19.5610699Z Collecting typing-extensions (from pyee<14,>=13->playwright->-r requirements.txt (line 1))
2026-01-18T19:11:19.5631143Z   Using cached typing_extensions-4.15.0-py3-none-any.whl.metadata (3.3 kB)
2026-01-18T19:11:19.6446103Z Collecting charset_normalizer<4,>=2 (from requests->-r requirements.txt (line 3))
2026-01-18T19:11:19.6461449Z   Using cached charset_normalizer-3.4.4-cp311-cp311-manylinux2014_x86_64.manylinux_2_17_x86_64.manylinux_2_28_x86_64.whl.metadata (37 kB)
2026-01-18T19:11:19.6607892Z Collecting idna<4,>=2.5 (from requests->-r requirements.txt (line 3))
2026-01-18T19:11:19.6621241Z   Using cached idna-3.11-py3-none-any.whl.metadata (8.4 kB)
2026-01-18T19:11:19.6882366Z Collecting urllib3<3,>=1.21.1 (from requests->-r requirements.txt (line 3))
2026-01-18T19:11:19.6900511Z   Using cached urllib3-2.6.3-py3-none-any.whl.metadata (6.9 kB)
2026-01-18T19:11:19.7091347Z Collecting certifi>=2017.4.17 (from requests->-r requirements.txt (line 3))
2026-01-18T19:11:19.7104783Z   Using cached certifi-2026.1.4-py3-none-any.whl.metadata (2.5 kB)
2026-01-18T19:11:19.7314704Z Collecting anyio<5.0.0,>=4.8.0 (from google-genai>=0.3.0->-r requirements.txt (line 5))
2026-01-18T19:11:19.7328304Z   Using cached anyio-4.12.1-py3-none-any.whl.metadata (4.3 kB)
2026-01-18T19:11:19.7703781Z Collecting google-auth<3.0.0,>=2.47.0 (from google-auth[requests]<3.0.0,>=2.47.0->google-genai>=0.3.0->-r requirements.txt (line 5))
2026-01-18T19:11:19.7718800Z   Using cached google_auth-2.47.0-py3-none-any.whl.metadata (6.4 kB)
2026-01-18T19:11:19.7951236Z Collecting httpx<1.0.0,>=0.28.1 (from google-genai>=0.3.0->-r requirements.txt (line 5))
2026-01-18T19:11:19.7965165Z   Using cached httpx-0.28.1-py3-none-any.whl.metadata (7.1 kB)
2026-01-18T19:11:19.9403286Z Collecting pydantic<3.0.0,>=2.9.0 (from google-genai>=0.3.0->-r requirements.txt (line 5))
2026-01-18T19:11:19.9418166Z   Using cached pydantic-2.12.5-py3-none-any.whl.metadata (90 kB)
2026-01-18T19:11:19.9678929Z Collecting tenacity<9.2.0,>=8.2.3 (from google-genai>=0.3.0->-r requirements.txt (line 5))
2026-01-18T19:11:19.9691674Z   Using cached tenacity-9.1.2-py3-none-any.whl.metadata (1.2 kB)
2026-01-18T19:11:20.0529639Z Collecting websockets<15.1.0,>=13.0.0 (from google-genai>=0.3.0->-r requirements.txt (line 5))
2026-01-18T19:11:20.0545910Z   Using cached websockets-15.0.1-cp311-cp311-manylinux_2_5_x86_64.manylinux1_x86_64.manylinux_2_17_x86_64.manylinux2014_x86_64.whl.metadata (6.8 kB)
2026-01-18T19:11:20.0683365Z Collecting distro<2,>=1.7.0 (from google-genai>=0.3.0->-r requirements.txt (line 5))
2026-01-18T19:11:20.0696501Z   Using cached distro-1.9.0-py3-none-any.whl.metadata (6.8 kB)
2026-01-18T19:11:20.0782537Z Collecting sniffio (from google-genai>=0.3.0->-r requirements.txt (line 5))
2026-01-18T19:11:20.0796259Z   Using cached sniffio-1.3.1-py3-none-any.whl.metadata (3.9 kB)
2026-01-18T19:11:20.1062387Z Collecting pyasn1-modules>=0.2.1 (from google-auth<3.0.0,>=2.47.0->google-auth[requests]<3.0.0,>=2.47.0->google-genai>=0.3.0->-r requirements.txt (line 5))
2026-01-18T19:11:20.1076359Z   Using cached pyasn1_modules-0.4.2-py3-none-any.whl.metadata (3.5 kB)
2026-01-18T19:11:20.1233329Z Collecting rsa<5,>=3.1.4 (from google-auth<3.0.0,>=2.47.0->google-auth[requests]<3.0.0,>=2.47.0->google-genai>=0.3.0->-r requirements.txt (line 5))
2026-01-18T19:11:20.1249416Z   Using cached rsa-4.9.1-py3-none-any.whl.metadata (5.6 kB)
2026-01-18T19:11:20.1532820Z Collecting httpcore==1.* (from httpx<1.0.0,>=0.28.1->google-genai>=0.3.0->-r requirements.txt (line 5))
2026-01-18T19:11:20.1552265Z   Using cached httpcore-1.0.9-py3-none-any.whl.metadata (21 kB)
2026-01-18T19:11:20.1692594Z Collecting h11>=0.16 (from httpcore==1.*->httpx<1.0.0,>=0.28.1->google-genai>=0.3.0->-r requirements.txt (line 5))
2026-01-18T19:11:20.1705437Z   Using cached h11-0.16.0-py3-none-any.whl.metadata (8.3 kB)
2026-01-18T19:11:20.1804705Z Collecting annotated-types>=0.6.0 (from pydantic<3.0.0,>=2.9.0->google-genai>=0.3.0->-r requirements.txt (line 5))
2026-01-18T19:11:20.1817798Z   Using cached annotated_types-0.7.0-py3-none-any.whl.metadata (15 kB)
2026-01-18T19:11:20.8307719Z Collecting pydantic-core==2.41.5 (from pydantic<3.0.0,>=2.9.0->google-genai>=0.3.0->-r requirements.txt (line 5))
2026-01-18T19:11:20.8322889Z   Using cached pydantic_core-2.41.5-cp311-cp311-manylinux_2_17_x86_64.manylinux2014_x86_64.whl.metadata (7.3 kB)
2026-01-18T19:11:20.8453910Z Collecting typing-inspection>=0.4.2 (from pydantic<3.0.0,>=2.9.0->google-genai>=0.3.0->-r requirements.txt (line 5))
2026-01-18T19:11:20.8467155Z   Using cached typing_inspection-0.4.2-py3-none-any.whl.metadata (2.6 kB)
2026-01-18T19:11:20.9129299Z Collecting pyasn1>=0.1.3 (from rsa<5,>=3.1.4->google-auth<3.0.0,>=2.47.0->google-auth[requests]<3.0.0,>=2.47.0->google-genai>=0.3.0->-r requirements.txt (line 5))
2026-01-18T19:11:20.9143893Z   Using cached pyasn1-0.6.2-py3-none-any.whl.metadata (8.4 kB)
2026-01-18T19:11:20.9417545Z Using cached playwright-1.57.0-py3-none-manylinux1_x86_64.whl (46.0 MB)
2026-01-18T19:11:20.9754852Z Using cached greenlet-3.3.0-cp311-cp311-manylinux_2_24_x86_64.manylinux_2_28_x86_64.whl (590 kB)
2026-01-18T19:11:20.9770913Z Using cached pyee-13.0.0-py3-none-any.whl (15 kB)
2026-01-18T19:11:20.9784016Z Using cached python_dotenv-1.2.1-py3-none-any.whl (21 kB)
2026-01-18T19:11:20.9796591Z Using cached requests-2.32.5-py3-none-any.whl (64 kB)
2026-01-18T19:11:20.9810155Z Using cached charset_normalizer-3.4.4-cp311-cp311-manylinux2014_x86_64.manylinux_2_17_x86_64.manylinux_2_28_x86_64.whl (151 kB)
2026-01-18T19:11:20.9823334Z Using cached idna-3.11-py3-none-any.whl (71 kB)
2026-01-18T19:11:20.9836541Z Using cached urllib3-2.6.3-py3-none-any.whl (131 kB)
2026-01-18T19:11:20.9850307Z Using cached pillow-12.1.0-cp311-cp311-manylinux_2_27_x86_64.manylinux_2_28_x86_64.whl (7.0 MB)
2026-01-18T19:11:20.9912095Z Using cached google_genai-1.59.0-py3-none-any.whl (719 kB)
2026-01-18T19:11:20.9930492Z Using cached anyio-4.12.1-py3-none-any.whl (113 kB)
2026-01-18T19:11:20.9944032Z Using cached distro-1.9.0-py3-none-any.whl (20 kB)
2026-01-18T19:11:20.9957174Z Using cached google_auth-2.47.0-py3-none-any.whl (234 kB)
2026-01-18T19:11:20.9972050Z Using cached httpx-0.28.1-py3-none-any.whl (73 kB)
2026-01-18T19:11:20.9985413Z Using cached httpcore-1.0.9-py3-none-any.whl (78 kB)
2026-01-18T19:11:20.9998737Z Using cached pydantic-2.12.5-py3-none-any.whl (463 kB)
2026-01-18T19:11:21.0015252Z Using cached pydantic_core-2.41.5-cp311-cp311-manylinux_2_17_x86_64.manylinux2014_x86_64.whl (2.1 MB)
2026-01-18T19:11:21.0042079Z Using cached rsa-4.9.1-py3-none-any.whl (34 kB)
2026-01-18T19:11:21.0055299Z Using cached tenacity-9.1.2-py3-none-any.whl (28 kB)
2026-01-18T19:11:21.0068342Z Using cached typing_extensions-4.15.0-py3-none-any.whl (44 kB)
2026-01-18T19:11:21.0082053Z Using cached websockets-15.0.1-cp311-cp311-manylinux_2_5_x86_64.manylinux1_x86_64.manylinux_2_17_x86_64.manylinux2014_x86_64.whl (182 kB)
2026-01-18T19:11:21.0095682Z Using cached termcolor-3.3.0-py3-none-any.whl (7.7 kB)
2026-01-18T19:11:21.0109258Z Using cached pyyaml-6.0.3-cp311-cp311-manylinux2014_x86_64.manylinux_2_17_x86_64.manylinux_2_28_x86_64.whl (806 kB)
2026-01-18T19:11:21.0128013Z Using cached opencv_python_headless-4.13.0.90-cp37-abi3-manylinux_2_28_x86_64.whl (62.5 MB)
2026-01-18T19:11:21.0580124Z Using cached numpy-2.4.1-cp311-cp311-manylinux_2_27_x86_64.manylinux_2_28_x86_64.whl (16.7 MB)
2026-01-18T19:11:21.0710419Z Using cached faker-40.1.2-py3-none-any.whl (2.0 MB)
2026-01-18T19:11:21.0739323Z Using cached annotated_types-0.7.0-py3-none-any.whl (13 kB)
2026-01-18T19:11:21.0753017Z Using cached certifi-2026.1.4-py3-none-any.whl (152 kB)
2026-01-18T19:11:21.0767043Z Using cached h11-0.16.0-py3-none-any.whl (37 kB)
2026-01-18T19:11:21.0780114Z Using cached pyasn1-0.6.2-py3-none-any.whl (83 kB)
2026-01-18T19:11:21.0793781Z Using cached pyasn1_modules-0.4.2-py3-none-any.whl (181 kB)
2026-01-18T19:11:21.0808663Z Using cached typing_inspection-0.4.2-py3-none-any.whl (14 kB)
2026-01-18T19:11:21.0821682Z Using cached sniffio-1.3.1-py3-none-any.whl (10 kB)
2026-01-18T19:11:21.2846813Z Installing collected packages: websockets, urllib3, typing-extensions, termcolor, tenacity, sniffio, PyYAML, python-dotenv, pyasn1, pillow, numpy, idna, h11, greenlet, faker, distro, charset_normalizer, certifi, annotated-types, typing-inspection, rsa, requests, pyee, pydantic-core, pyasn1-modules, opencv-python-headless, httpcore, anyio, pydantic, playwright, httpx, google-auth, google-genai
2026-01-18T19:11:28.2232269Z 
2026-01-18T19:11:28.2255324Z Successfully installed PyYAML-6.0.3 annotated-types-0.7.0 anyio-4.12.1 certifi-2026.1.4 charset_normalizer-3.4.4 distro-1.9.0 faker-40.1.2 google-auth-2.47.0 google-genai-1.59.0 greenlet-3.3.0 h11-0.16.0 httpcore-1.0.9 httpx-0.28.1 idna-3.11 numpy-2.4.1 opencv-python-headless-4.13.0.90 pillow-12.1.0 playwright-1.57.0 pyasn1-0.6.2 pyasn1-modules-0.4.2 pydantic-2.12.5 pydantic-core-2.41.5 pyee-13.0.0 python-dotenv-1.2.1 requests-2.32.5 rsa-4.9.1 sniffio-1.3.1 tenacity-9.1.2 termcolor-3.3.0 typing-extensions-4.15.0 typing-inspection-0.4.2 urllib3-2.6.3 websockets-15.0.1
2026-01-18T19:11:28.8487745Z Downloading Chromium 143.0.7499.4 (playwright build v1200) from https://cdn.playwright.dev/dbazure/download/playwright/builds/chromium/1200/chromium-linux.zip
2026-01-18T19:11:28.9531522Z (node:2186) [DEP0169] DeprecationWarning: `url.parse()` behavior is not standardized and prone to errors that have security implications. Use the WHATWG URL API instead. CVEs are not issued for `url.parse()` vulnerabilities.
2026-01-18T19:11:28.9532753Z (Use `node --trace-deprecation ...` to show where the warning was created)
2026-01-18T19:11:29.0320659Z |                                                                                |   0% of 164.7 MiB
2026-01-18T19:11:29.1596834Z |■■■■■■■■                                                                        |  10% of 164.7 MiB
2026-01-18T19:11:29.2448448Z |■■■■■■■■■■■■■■■■                                                                |  20% of 164.7 MiB
2026-01-18T19:11:29.3138801Z |■■■■■■■■■■■■■■■■■■■■■■■■                                                        |  30% of 164.7 MiB
2026-01-18T19:11:29.3827645Z |■■■■■■■■■■■■■■■■■■■■■■■■■■■■■■■■                                                |  40% of 164.7 MiB
2026-01-18T19:11:29.4510749Z |■■■■■■■■■■■■■■■■■■■■■■■■■■■■■■■■■■■■■■■■                                        |  50% of 164.7 MiB
2026-01-18T19:11:29.5123553Z |■■■■■■■■■■■■■■■■■■■■■■■■■■■■■■■■■■■■■■■■■■■■■■■■                                |  60% of 164.7 MiB
2026-01-18T19:11:29.5825978Z |■■■■■■■■■■■■■■■■■■■■■■■■■■■■■■■■■■■■■■■■■■■■■■■■■■■■■■■■                        |  70% of 164.7 MiB
2026-01-18T19:11:29.6415224Z |■■■■■■■■■■■■■■■■■■■■■■■■■■■■■■■■■■■■■■■■■■■■■■■■■■■■■■■■■■■■■■■■                |  80% of 164.7 MiB
2026-01-18T19:11:29.7042040Z |■■■■■■■■■■■■■■■■■■■■■■■■■■■■■■■■■■■■■■■■■■■■■■■■■■■■■■■■■■■■■■■■■■■■■■■■        |  90% of 164.7 MiB
2026-01-18T19:11:29.7737674Z |■■■■■■■■■■■■■■■■■■■■■■■■■■■■■■■■■■■■■■■■■■■■■■■■■■■■■■■■■■■■■■■■■■■■■■■■■■■■■■■■| 100% of 164.7 MiB
2026-01-18T19:11:32.2021827Z Chromium 143.0.7499.4 (playwright build v1200) downloaded to /home/runner/.cache/ms-playwright/chromium-1200
2026-01-18T19:11:32.2026253Z Downloading FFMPEG playwright build v1011 from https://cdn.playwright.dev/dbazure/download/playwright/builds/ffmpeg/1011/ffmpeg-linux.zip
2026-01-18T19:11:32.3005734Z (node:2197) [DEP0169] DeprecationWarning: `url.parse()` behavior is not standardized and prone to errors that have security implications. Use the WHATWG URL API instead. CVEs are not issued for `url.parse()` vulnerabilities.
2026-01-18T19:11:32.3009368Z (Use `node --trace-deprecation ...` to show where the warning was created)
2026-01-18T19:11:32.3593397Z |                                                                                |   0% of 2.3 MiB
2026-01-18T19:11:32.3636846Z |■■■■■■■■                                                                        |  10% of 2.3 MiB
2026-01-18T19:11:32.3678437Z |■■■■■■■■■■■■■■■■                                                                |  20% of 2.3 MiB
2026-01-18T19:11:32.3705512Z |■■■■■■■■■■■■■■■■■■■■■■■■                                                        |  30% of 2.3 MiB
2026-01-18T19:11:32.3725699Z |■■■■■■■■■■■■■■■■■■■■■■■■■■■■■■■■                                                |  40% of 2.3 MiB
2026-01-18T19:11:32.3748978Z |■■■■■■■■■■■■■■■■■■■■■■■■■■■■■■■■■■■■■■■■                                        |  50% of 2.3 MiB
2026-01-18T19:11:32.3763024Z |■■■■■■■■■■■■■■■■■■■■■■■■■■■■■■■■■■■■■■■■■■■■■■■■                                |  60% of 2.3 MiB
2026-01-18T19:11:32.3774532Z |■■■■■■■■■■■■■■■■■■■■■■■■■■■■■■■■■■■■■■■■■■■■■■■■■■■■■■■■                        |  70% of 2.3 MiB
2026-01-18T19:11:32.3792220Z |■■■■■■■■■■■■■■■■■■■■■■■■■■■■■■■■■■■■■■■■■■■■■■■■■■■■■■■■■■■■■■■■                |  80% of 2.3 MiB
2026-01-18T19:11:32.3810211Z |■■■■■■■■■■■■■■■■■■■■■■■■■■■■■■■■■■■■■■■■■■■■■■■■■■■■■■■■■■■■■■■■■■■■■■■■        |  90% of 2.3 MiB
2026-01-18T19:11:32.3820588Z |■■■■■■■■■■■■■■■■■■■■■■■■■■■■■■■■■■■■■■■■■■■■■■■■■■■■■■■■■■■■■■■■■■■■■■■■■■■■■■■■| 100% of 2.3 MiB
2026-01-18T19:11:32.4429359Z FFMPEG playwright build v1011 downloaded to /home/runner/.cache/ms-playwright/ffmpeg-1011
2026-01-18T19:11:32.4433199Z Downloading Chromium Headless Shell 143.0.7499.4 (playwright build v1200) from https://cdn.playwright.dev/dbazure/download/playwright/builds/chromium/1200/chromium-headless-shell-linux.zip
2026-01-18T19:11:32.5409014Z (node:2208) [DEP0169] DeprecationWarning: `url.parse()` behavior is not standardized and prone to errors that have security implications. Use the WHATWG URL API instead. CVEs are not issued for `url.parse()` vulnerabilities.
2026-01-18T19:11:32.5410955Z (Use `node --trace-deprecation ...` to show where the warning was created)
2026-01-18T19:11:32.5957498Z |                                                                                |   0% of 109.7 MiB
2026-01-18T19:11:32.6975657Z |■■■■■■■■                                                                        |  10% of 109.7 MiB
2026-01-18T19:11:32.7603448Z |■■■■■■■■■■■■■■■■                                                                |  20% of 109.7 MiB
2026-01-18T19:11:32.8060913Z |■■■■■■■■■■■■■■■■■■■■■■■■                                                        |  30% of 109.7 MiB
2026-01-18T19:11:32.8733776Z |■■■■■■■■■■■■■■■■■■■■■■■■■■■■■■■■                                                |  40% of 109.7 MiB
2026-01-18T19:11:32.9308491Z |■■■■■■■■■■■■■■■■■■■■■■■■■■■■■■■■■■■■■■■■                                        |  50% of 109.7 MiB
2026-01-18T19:11:32.9788553Z |■■■■■■■■■■■■■■■■■■■■■■■■■■■■■■■■■■■■■■■■■■■■■■■■                                |  60% of 109.7 MiB
2026-01-18T19:11:33.0363337Z |■■■■■■■■■■■■■■■■■■■■■■■■■■■■■■■■■■■■■■■■■■■■■■■■■■■■■■■■                        |  70% of 109.7 MiB
2026-01-18T19:11:33.0818578Z |■■■■■■■■■■■■■■■■■■■■■■■■■■■■■■■■■■■■■■■■■■■■■■■■■■■■■■■■■■■■■■■■                |  80% of 109.7 MiB
2026-01-18T19:11:33.1452744Z |■■■■■■■■■■■■■■■■■■■■■■■■■■■■■■■■■■■■■■■■■■■■■■■■■■■■■■■■■■■■■■■■■■■■■■■■        |  90% of 109.7 MiB
2026-01-18T19:11:33.2090788Z |■■■■■■■■■■■■■■■■■■■■■■■■■■■■■■■■■■■■■■■■■■■■■■■■■■■■■■■■■■■■■■■■■■■■■■■■■■■■■■■■| 100% of 109.7 MiB
2026-01-18T19:11:35.0842633Z Chromium Headless Shell 143.0.7499.4 (playwright build v1200) downloaded to /home/runner/.cache/ms-playwright/chromium_headless_shell-1200
2026-01-18T19:11:35.1083128Z ##[group]Run mkdir -p projects/ci_saucedemo_locked
2026-01-18T19:11:35.1083554Z [36;1mmkdir -p projects/ci_saucedemo_locked[0m
2026-01-18T19:11:35.1083981Z [36;1mcat > projects/ci_saucedemo_locked/config.json << 'EOF'[0m
2026-01-18T19:11:35.1084315Z [36;1m{[0m
2026-01-18T19:11:35.1084540Z [36;1m  "project_name": "ci_saucedemo_locked",[0m
2026-01-18T19:11:35.1084904Z [36;1m  "target_url": "https://www.saucedemo.com/",[0m
2026-01-18T19:11:35.1085508Z [36;1m  "goal": "Test locked user scenarios",[0m
2026-01-18T19:11:35.1085803Z [36;1m  "headless": true[0m
2026-01-18T19:11:35.1086023Z [36;1m}[0m
2026-01-18T19:11:35.1086190Z [36;1mEOF[0m
2026-01-18T19:11:35.1118434Z shell: /usr/bin/bash -e {0}
2026-01-18T19:11:35.1118674Z env:
2026-01-18T19:11:35.1118933Z   pythonLocation: /opt/hostedtoolcache/Python/3.11.14/x64
2026-01-18T19:11:35.1119363Z   PKG_CONFIG_PATH: /opt/hostedtoolcache/Python/3.11.14/x64/lib/pkgconfig
2026-01-18T19:11:35.1119823Z   Python_ROOT_DIR: /opt/hostedtoolcache/Python/3.11.14/x64
2026-01-18T19:11:35.1120198Z   Python2_ROOT_DIR: /opt/hostedtoolcache/Python/3.11.14/x64
2026-01-18T19:11:35.1120564Z   Python3_ROOT_DIR: /opt/hostedtoolcache/Python/3.11.14/x64
2026-01-18T19:11:35.1120940Z   LD_LIBRARY_PATH: /opt/hostedtoolcache/Python/3.11.14/x64/lib
2026-01-18T19:11:35.1121269Z ##[endgroup]
2026-01-18T19:11:35.1228216Z ##[group]Run # Use --deep for comprehensive regression suite
2026-01-18T19:11:35.1228689Z [36;1m# Use --deep for comprehensive regression suite[0m
2026-01-18T19:11:35.1229181Z [36;1mpython orchestrator.py --project projects/ci_saucedemo_locked --deep --force[0m
2026-01-18T19:11:35.1259190Z shell: /usr/bin/bash -e {0}
2026-01-18T19:11:35.1259423Z env:
2026-01-18T19:11:35.1259684Z   pythonLocation: /opt/hostedtoolcache/Python/3.11.14/x64
2026-01-18T19:11:35.1260113Z   PKG_CONFIG_PATH: /opt/hostedtoolcache/Python/3.11.14/x64/lib/pkgconfig
2026-01-18T19:11:35.1260532Z   Python_ROOT_DIR: /opt/hostedtoolcache/Python/3.11.14/x64
2026-01-18T19:11:35.1260904Z   Python2_ROOT_DIR: /opt/hostedtoolcache/Python/3.11.14/x64
2026-01-18T19:11:35.1261270Z   Python3_ROOT_DIR: /opt/hostedtoolcache/Python/3.11.14/x64
2026-01-18T19:11:35.1261822Z   LD_LIBRARY_PATH: /opt/hostedtoolcache/Python/3.11.14/x64/lib
2026-01-18T19:11:35.1262714Z   GOOGLE_API_KEY: ***
2026-01-18T19:11:35.1262979Z   PYTHONPATH: .
2026-01-18T19:11:35.1263176Z ##[endgroup]
2026-01-18T19:11:36.7728542Z usage: discovery.py [-h] --project PROJECT --url URL
2026-01-18T19:11:36.7729218Z discovery.py: error: unrecognized arguments: --deep
2026-01-18T19:11:42.1347182Z 
2026-01-18T19:11:42.1347868Z [PLAN] PLANNER: Planning goal -> 'Test locked user scenarios' (Deep Mode: True)
2026-01-18T19:11:42.1351345Z 🎭 [EXPERT] Detected Domain: GENERAL. Persona: Act as Senior SDET focusing on exploring the application to understand functional flow and identifying critical paths for end-to-end automation
2026-01-18T19:11:42.1352447Z [DEBUG] Sending request to gemini-2.0-flash. Number of parts: 1
2026-01-18T19:11:42.1352871Z [DEBUG] Received response (Length: 3281)
2026-01-18T19:11:42.1353308Z ✅ Planner generated 3 scenarios. Workflow updated.
2026-01-18T19:11:43.1812002Z 
2026-01-18T19:11:43.1812946Z 🕵️ [DEEP EXPLORER] Starting Multi-Scenario Exploration
2026-01-18T19:11:43.1813810Z 📋 Found 3 scenarios to explore.
2026-01-18T19:11:45.1698961Z 
2026-01-18T19:11:45.1699658Z [1/3] Exploring Scenario: Locked Out User Scenario
2026-01-18T19:11:45.1701312Z     🧠 Initialized exploration context for goal: 'Test locked user scenarios'
2026-01-18T19:11:45.1701987Z   ▶️ [STEP step_1] NAVIGATE: 
2026-01-18T19:11:45.8821851Z     ✅ Navigated to https://www.saucedemo.com/
2026-01-18T19:11:45.8822719Z   ▶️ [STEP step_2] FILL: Username
2026-01-18T19:11:45.8998690Z     🔍 Mining locators for: 'Username'
2026-01-18T19:11:45.9720908Z     ✅ Found 5 verified locators
2026-01-18T19:11:52.7085717Z     ✅ State transitioned.
2026-01-18T19:11:54.3812453Z [DEBUG] Sending request to gemini-2.0-flash. Number of parts: 2
2026-01-18T19:11:54.3813041Z [DEBUG] Received response (Length: 249)
2026-01-18T19:11:54.3813717Z     🤖 AI Next Step Suggestion: fill -> Password
2026-01-18T19:11:54.3814103Z     🧩 Suggested Locator: #password
2026-01-18T19:11:54.3814864Z     💭 Reasoning: Now that the username has been entered, the next step is to enter the password. The password for all users is provided on the page.
2026-01-18T19:11:54.3815881Z     ➕ Injected AI step: fill -> Password
2026-01-18T19:11:54.3816206Z   ▶️ [STEP step_2_ai_1] FILL: Password
2026-01-18T19:11:54.3877317Z     🎯 Using AI-provided locator: #password
2026-01-18T19:11:54.3936786Z     ✅ Found 1 verified locators
2026-01-18T19:12:00.6698400Z     ✅ State transitioned.
2026-01-18T19:12:02.3965836Z [DEBUG] Sending request to gemini-2.0-flash. Number of parts: 2
2026-01-18T19:12:02.3966507Z [DEBUG] Received response (Length: 246)
2026-01-18T19:12:02.3967318Z     🤖 AI Next Step Suggestion: click -> login-button
2026-01-18T19:12:02.3967873Z     🧩 Suggested Locator: input[id='login-button']
2026-01-18T19:12:02.3968575Z     💭 Reasoning: Now that the username and password have been entered, the next step is to click the login button to attempt to log in.
2026-01-18T19:12:02.3969245Z     ➕ Injected AI step: click -> login-button
2026-01-18T19:12:02.3969601Z   ▶️ [STEP step_2_ai_2] CLICK: login-button
2026-01-18T19:12:02.4029932Z     🎯 Using AI-provided locator: input[id='login-button']
2026-01-18T19:12:02.4087997Z     ✅ Found 1 verified locators
2026-01-18T19:12:06.4759019Z     ✅ State transitioned.
2026-01-18T19:12:08.2186129Z [DEBUG] Sending request to gemini-2.0-flash. Number of parts: 2
2026-01-18T19:12:08.2186845Z [DEBUG] Received response (Length: 195)
2026-01-18T19:12:08.2187682Z     🤖 AI Next Step Suggestion: done -> N/A
2026-01-18T19:12:08.2189588Z     💭 Reasoning: The user is locked out, and there are no actions available to unlock the user from this page. The goal of testing locked user scenarios has been achieved.
2026-01-18T19:12:08.2191274Z   ▶️ [STEP step_3] FILL: Password
2026-01-18T19:12:08.2247737Z     🔍 Mining locators for: 'Password'
2026-01-18T19:12:08.2807682Z     ✅ Found 5 verified locators
2026-01-18T19:12:13.7924798Z     ✅ State transitioned.
2026-01-18T19:12:15.2949974Z [DEBUG] Sending request to gemini-2.0-flash. Number of parts: 2
2026-01-18T19:12:15.2951143Z [DEBUG] Received response (Length: 215)
2026-01-18T19:12:15.2957594Z     🤖 AI Next Step Suggestion: done -> N/A
2026-01-18T19:12:15.2959180Z     💭 Reasoning: The page indicates that the user is locked out. There are no actions available to unlock the user from this page. The goal of testing locked user scenarios has been achieved.
2026-01-18T19:12:15.2960547Z   ▶️ [STEP step_4] CLICK: Login
2026-01-18T19:12:15.3023893Z     🔍 Mining locators for: 'Login'
2026-01-18T19:12:15.3446084Z     🧠 Consulting AI (Vision-First) to find 'Login'...
2026-01-18T19:12:15.3448024Z     🧠 [EXPERT] Strategy: Act as Senior SDET focusing on exploring the application to understand functional flow and identifying critical paths for end-to-end automation.
2026-01-18T19:12:20.4630201Z [DEBUG] Sending request to gemini-2.0-flash. Number of parts: 2
2026-01-18T19:12:20.4630974Z [DEBUG] Received response (Length: 453)
2026-01-18T19:12:20.4631747Z     ⚠️ Critical step failure: 'priority'
2026-01-18T19:12:20.4632375Z   ▶️ [STEP step_5] ASSERT_VISIBLE: Error: User is locked out
2026-01-18T19:12:20.4680454Z     🔍 Mining locators for: 'Error: User is locked out'
2026-01-18T19:12:20.5103657Z     🧠 Consulting AI (Vision-First) to find 'Error: User is locked out'...
2026-01-18T19:12:20.5105197Z     🧠 [EXPERT] Strategy: Act as Senior SDET focusing on exploring the application to understand functional flow and identifying critical paths for end-to-end automation.
2026-01-18T19:12:26.0186442Z [DEBUG] Sending request to gemini-2.0-flash. Number of parts: 2
2026-01-18T19:12:26.0186882Z [DEBUG] Received response (Length: 731)
2026-01-18T19:12:26.0187417Z     ⚠️ Critical step failure: 'priority'
2026-01-18T19:12:28.0566389Z 
2026-01-18T19:12:28.0567624Z [2/3] Exploring Scenario: Standard User Login and Logout
2026-01-18T19:12:28.0569214Z     🧠 Initialized exploration context for goal: 'Test locked user scenarios'
2026-01-18T19:12:28.0570236Z   ▶️ [STEP step_1] NAVIGATE: 
2026-01-18T19:12:28.7212067Z     ✅ Navigated to https://www.saucedemo.com/
2026-01-18T19:12:28.7212899Z   ▶️ [STEP step_2] FILL: Username
2026-01-18T19:12:28.7372489Z     🔍 Mining locators for: 'Username'
2026-01-18T19:12:28.8000717Z     ✅ Found 5 verified locators
2026-01-18T19:12:34.6274705Z     ✅ State transitioned.
2026-01-18T19:12:36.3326344Z [DEBUG] Sending request to gemini-2.0-flash. Number of parts: 2
2026-01-18T19:12:36.3327407Z [DEBUG] Received response (Length: 208)
2026-01-18T19:12:36.3328433Z     🤖 AI Next Step Suggestion: fill -> Password
2026-01-18T19:12:36.3329439Z     🧩 Suggested Locator: #password
2026-01-18T19:12:36.3331133Z     💭 Reasoning: The next step is to fill in the password field with the correct password to attempt login.
2026-01-18T19:12:36.3332800Z     ➕ Injected AI step: fill -> Password
2026-01-18T19:12:36.3333752Z   ▶️ [STEP step_2_ai_1] FILL: Password
2026-01-18T19:12:36.3385534Z     🎯 Using AI-provided locator: #password
2026-01-18T19:12:36.3438786Z     ✅ Found 1 verified locators
2026-01-18T19:12:42.9571083Z     ✅ State transitioned.
2026-01-18T19:12:44.4860875Z [DEBUG] Sending request to gemini-2.0-flash. Number of parts: 2
2026-01-18T19:12:44.4861623Z [DEBUG] Received response (Length: 198)
2026-01-18T19:12:44.4862586Z     🤖 AI Next Step Suggestion: click -> login-button
2026-01-18T19:12:44.4863453Z     🧩 Suggested Locator: input[name='login-button']
2026-01-18T19:12:44.4864744Z     💭 Reasoning: Now that username and password are provided, click the login button to attempt login.
2026-01-18T19:12:44.4866127Z     ➕ Injected AI step: click -> login-button
2026-01-18T19:12:44.4866869Z   ▶️ [STEP step_2_ai_2] CLICK: login-button
2026-01-18T19:12:44.4921808Z     🎯 Using AI-provided locator: input[name='login-button']
2026-01-18T19:12:44.4975944Z     ✅ Found 1 verified locators
2026-01-18T19:12:48.5644306Z     ✅ State transitioned.
2026-01-18T19:12:50.1800115Z [DEBUG] Sending request to gemini-2.0-flash. Number of parts: 2
2026-01-18T19:12:50.1803448Z [DEBUG] Received response (Length: 284)
2026-01-18T19:12:50.1804357Z     🤖 AI Next Step Suggestion: done -> N/A
2026-01-18T19:12:50.1807874Z     💭 Reasoning: The user is already logged in and on the inventory page. The goal was to test locked user scenarios, which would have been done by attempting to log in with a locked user. Since the user is logged in, the goal is not achievable from this page.
2026-01-18T19:12:50.1809027Z   ▶️ [STEP step_3] FILL: Password
2026-01-18T19:12:50.1859474Z     🔍 Mining locators for: 'Password'
2026-01-18T19:12:50.2286179Z     🧠 Consulting AI (Vision-First) to find 'Password'...
2026-01-18T19:12:50.2287546Z     🧠 [EXPERT] Strategy: Act as Senior SDET focusing on exploring the application to understand functional flow and identifying critical paths for end-to-end automation.
2026-01-18T19:12:54.9584423Z [DEBUG] Sending request to gemini-2.0-flash. Number of parts: 2
2026-01-18T19:12:54.9585235Z [DEBUG] Received response (Length: 242)
2026-01-18T19:12:54.9586408Z     💡 Expert Suggestion: The 'Password' field is likely located in the login/profile section, which can be accessed via the menu icon.
2026-01-18T19:12:54.9588212Z     🛠️ Executing corrective action: click -> '☰'
2026-01-18T19:12:55.0005513Z     🔄 Retry 1/3 mining locators for 'Password'...
2026-01-18T19:12:56.0438275Z     🧠 Consulting AI (Vision-First) to find 'Password'...
2026-01-18T19:12:56.0439593Z     🧠 [EXPERT] Strategy: Act as Senior SDET focusing on exploring the application to understand functional flow and identifying critical paths for end-to-end automation.
2026-01-18T19:12:56.0444421Z [CACHE HIT] 894d2e4a... (hits: 1, misses: 10)
2026-01-18T19:12:56.0445198Z     ⚠️ Skipping duplicate injection: ☰
2026-01-18T19:12:56.0445659Z     🔄 Retry 2/3 mining locators for 'Password'...
2026-01-18T19:12:57.0821288Z     🧠 Consulting AI (Vision-First) to find 'Password'...
2026-01-18T19:12:57.0823151Z     🧠 [EXPERT] Strategy: Act as Senior SDET focusing on exploring the application to understand functional flow and identifying critical paths for end-to-end automation.
2026-01-18T19:12:57.0829680Z [CACHE HIT] 894d2e4a... (hits: 2, misses: 10)
2026-01-18T19:12:57.0830184Z     ⚠️ Skipping duplicate injection: ☰
2026-01-18T19:12:57.0830889Z     🧠 Verifying step validity for 'Password' after no candidates found...
2026-01-18T19:12:59.8059696Z [DEBUG] Sending request to gemini-2.0-flash. Number of parts: 2
2026-01-18T19:12:59.8060234Z [DEBUG] Received response (Length: 185)
2026-01-18T19:12:59.8061278Z     🗑️ Step deemed INVALID: The current page is the inventory page. The 'Password' element is not present on this page. It should be on the login page.. Removing from workflow.
2026-01-18T19:12:59.8062097Z     ⏭️ Skipping execution of invalid step: Password
2026-01-18T19:12:59.8062446Z   ▶️ [STEP step_4] CLICK: Login
2026-01-18T19:12:59.8117643Z     🔍 Mining locators for: 'Login'
2026-01-18T19:12:59.8484398Z     🧠 Consulting AI (Vision-First) to find 'Login'...
2026-01-18T19:12:59.8485872Z     🧠 [EXPERT] Strategy: Act as Senior SDET focusing on exploring the application to understand functional flow and identifying critical paths for end-to-end automation.
2026-01-18T19:13:05.4517251Z [DEBUG] Sending request to gemini-2.0-flash. Number of parts: 2
2026-01-18T19:13:05.4517862Z [DEBUG] Received response (Length: 308)
2026-01-18T19:13:05.4519297Z     💡 Expert Suggestion: Login functionality is typically found outside the product listing page. Clicking 'Products' might lead to a navigation bar or a separate page containing login options.
2026-01-18T19:13:05.4520508Z     🛠️ Executing corrective action: click -> 'Products'
2026-01-18T19:13:06.0037337Z     ✅ Executed corrective navigation
2026-01-18T19:13:08.0061190Z     🔄 Retry 1/3 mining locators for 'Login'...
2026-01-18T19:13:09.0466679Z     🧠 Consulting AI (Vision-First) to find 'Login'...
2026-01-18T19:13:09.0468110Z     🧠 [EXPERT] Strategy: Act as Senior SDET focusing on exploring the application to understand functional flow and identifying critical paths for end-to-end automation.
2026-01-18T19:13:09.0474160Z [CACHE HIT] efc07fe0... (hits: 3, misses: 12)
2026-01-18T19:13:09.0474862Z     ⚠️ Skipping duplicate injection: Products
2026-01-18T19:13:09.0475615Z     🔄 Retry 2/3 mining locators for 'Login'...
2026-01-18T19:13:10.0930137Z     🧠 Consulting AI (Vision-First) to find 'Login'...
2026-01-18T19:13:10.0932436Z     🧠 [EXPERT] Strategy: Act as Senior SDET focusing on exploring the application to understand functional flow and identifying critical paths for end-to-end automation.
2026-01-18T19:13:10.0938908Z [CACHE HIT] efc07fe0... (hits: 4, misses: 12)
2026-01-18T19:13:10.0939563Z     ⚠️ Skipping duplicate injection: Products
2026-01-18T19:13:10.0940681Z     🧠 Verifying step validity for 'Login' after no candidates found...
2026-01-18T19:13:11.4868476Z [DEBUG] Sending request to gemini-2.0-flash. Number of parts: 2
2026-01-18T19:13:11.4869063Z [DEBUG] Received response (Length: 246)
2026-01-18T19:13:11.4871015Z     🗑️ Step deemed INVALID: The current page is the inventory page, which displays a list of products. The 'Login' button is not present on this page. We are on the wrong page to interact with the 'Login' button.. Removing from workflow.
2026-01-18T19:13:11.4872544Z     ⏭️ Skipping execution of invalid step: Login
2026-01-18T19:13:11.4872892Z   ▶️ [STEP step_5] ASSERT_URL: 
2026-01-18T19:13:16.5020489Z     ⚠️ Scroll into view failed for text=None. Proceeding anyway.
2026-01-18T19:13:18.5043883Z     ✅ State transitioned.
2026-01-18T19:13:19.9298816Z [DEBUG] Sending request to gemini-2.0-flash. Number of parts: 2
2026-01-18T19:13:19.9299270Z [DEBUG] Received response (Length: 235)
2026-01-18T19:13:19.9299873Z     🤖 AI Next Step Suggestion: done -> N/A
2026-01-18T19:13:19.9300858Z     💭 Reasoning: The goal was to test locked user scenarios, and after logging in, the user is now on the inventory page. This indicates that the locked user scenario was not triggered, and the test is complete.
2026-01-18T19:13:19.9301767Z   ▶️ [STEP step_6] CLICK: Open Menu
2026-01-18T19:13:19.9360303Z     🔍 Mining locators for: 'Open Menu'
2026-01-18T19:13:19.9977091Z     ✅ Found 3 verified locators
2026-01-18T19:13:23.5638938Z     ✅ State transitioned.
2026-01-18T19:13:25.1311256Z [DEBUG] Sending request to gemini-2.0-flash. Number of parts: 2
2026-01-18T19:13:25.1312110Z [DEBUG] Received response (Length: 211)
2026-01-18T19:13:25.1312934Z     🤖 AI Next Step Suggestion: click -> Logout
2026-01-18T19:13:25.1313740Z     🧩 Suggested Locator: #logout_sidebar_link
2026-01-18T19:13:25.1315543Z     💭 Reasoning: To test locked user scenarios, I need to log out the current user. The 'Logout' button is visible in the menu.
2026-01-18T19:13:25.1316949Z     ➕ Injected AI step: click -> Logout
2026-01-18T19:13:25.1317507Z   ▶️ [STEP step_6_ai_1] CLICK: Logout
2026-01-18T19:13:25.1372317Z     🎯 Using AI-provided locator: #logout_sidebar_link
2026-01-18T19:13:25.1435621Z     ✅ Found 1 verified locators
2026-01-18T19:13:29.1989469Z     ✅ State transitioned.
2026-01-18T19:13:30.8160742Z [DEBUG] Sending request to gemini-2.0-flash. Number of parts: 2
2026-01-18T19:13:30.8161611Z [DEBUG] Received response (Length: 227)
2026-01-18T19:13:30.8162949Z     🤖 AI Next Step Suggestion: fill -> Username
2026-01-18T19:13:30.8163474Z     🧩 Suggested Locator: #user-name
2026-01-18T19:13:30.8164210Z     💭 Reasoning: To test the locked user scenario, we need to fill the username field with the 'locked_out_user' username.
2026-01-18T19:13:30.8164893Z     ➕ Injected AI step: fill -> Username
2026-01-18T19:13:30.8165457Z   ▶️ [STEP step_6_ai_2] FILL: Username
2026-01-18T19:13:30.8219553Z     🎯 Using AI-provided locator: #user-name
2026-01-18T19:13:30.8268322Z     ✅ Found 1 verified locators
2026-01-18T19:13:37.9271015Z     ✅ State transitioned.
2026-01-18T19:13:39.1659513Z [DEBUG] Sending request to gemini-2.0-flash. Number of parts: 2
2026-01-18T19:13:39.1660348Z [DEBUG] Received response (Length: 199)
2026-01-18T19:13:39.1661220Z     🤖 AI Next Step Suggestion: fill -> Password
2026-01-18T19:13:39.1662430Z     🧩 Suggested Locator: #password
2026-01-18T19:13:39.1663737Z     💭 Reasoning: To attempt login with the locked out user, we need to fill in the password field.
2026-01-18T19:13:39.1665213Z     ➕ Injected AI step: fill -> Password
2026-01-18T19:13:39.1666015Z   ▶️ [STEP step_6_ai_3] FILL: Password
2026-01-18T19:13:39.1721412Z     🎯 Using AI-provided locator: #password
2026-01-18T19:13:39.1774478Z     ✅ Found 1 verified locators
2026-01-18T19:13:45.9151000Z     ✅ State transitioned.
2026-01-18T19:13:47.5962982Z [DEBUG] Sending request to gemini-2.0-flash. Number of parts: 2
2026-01-18T19:13:47.5963749Z [DEBUG] Received response (Length: 204)
2026-01-18T19:13:47.5964585Z     🤖 AI Next Step Suggestion: click -> Login
2026-01-18T19:13:47.5965580Z     🧩 Suggested Locator: #login-button
2026-01-18T19:13:47.5966907Z     💭 Reasoning: Now that the username and password have been entered, click the login button to attempt login.
2026-01-18T19:13:47.5968220Z     ➕ Injected AI step: click -> Login
2026-01-18T19:13:47.5968896Z   ▶️ [STEP step_6_ai_4] CLICK: Login
2026-01-18T19:13:47.6023097Z     🎯 Using AI-provided locator: #login-button
2026-01-18T19:13:47.6076078Z     ✅ Found 1 verified locators
2026-01-18T19:13:51.6705822Z     ✅ State transitioned.
2026-01-18T19:13:53.1115212Z [DEBUG] Sending request to gemini-2.0-flash. Number of parts: 2
2026-01-18T19:13:53.1115884Z [DEBUG] Received response (Length: 373)
2026-01-18T19:13:53.1116657Z     🤖 AI Next Step Suggestion: click -> Login
2026-01-18T19:13:53.1117221Z     🧩 Suggested Locator: #login-button
2026-01-18T19:13:53.1118520Z     💭 Reasoning: The page shows the error message 'Epic sadface: Sorry, this user has been locked out.' after attempting to log in with the locked_out_user. Clicking the login button again will refresh the page and show the same error message, confirming the locked user scenario.
2026-01-18T19:13:53.1119849Z     ⚠️ Skipping duplicate AI suggestion (just executed): ('click', 'login')
2026-01-18T19:13:53.1120305Z   ▶️ [STEP step_7] CLICK: Logout
2026-01-18T19:13:53.1172785Z     🔍 Mining locators for: 'Logout'
2026-01-18T19:13:53.1561094Z     🧠 Consulting AI (Vision-First) to find 'Logout'...
2026-01-18T19:13:53.1562774Z     🧠 [EXPERT] Strategy: Act as Senior SDET focusing on exploring the application to understand functional flow and identifying critical paths for end-to-end automation.
2026-01-18T19:13:57.9403099Z [DEBUG] Sending request to gemini-2.0-flash. Number of parts: 2
2026-01-18T19:13:57.9403602Z [DEBUG] Received response (Length: 222)
2026-01-18T19:13:57.9404179Z     ⚠️ Skipping duplicate injection: Login
2026-01-18T19:13:57.9404669Z     🔄 Retry 1/3 mining locators for 'Logout'...
2026-01-18T19:13:58.9722341Z     🧠 Consulting AI (Vision-First) to find 'Logout'...
2026-01-18T19:13:58.9723925Z     🧠 [EXPERT] Strategy: Act as Senior SDET focusing on exploring the application to understand functional flow and identifying critical paths for end-to-end automation.
2026-01-18T19:13:58.9728197Z [CACHE HIT] 9373bd2e... (hits: 5, misses: 20)
2026-01-18T19:13:58.9728955Z     ⚠️ Skipping duplicate injection: Login
2026-01-18T19:13:58.9729575Z     🔄 Retry 2/3 mining locators for 'Logout'...
2026-01-18T19:14:00.0065243Z     🧠 Consulting AI (Vision-First) to find 'Logout'...
2026-01-18T19:14:00.0066882Z     🧠 [EXPERT] Strategy: Act as Senior SDET focusing on exploring the application to understand functional flow and identifying critical paths for end-to-end automation.
2026-01-18T19:14:00.0070435Z [CACHE HIT] 9373bd2e... (hits: 6, misses: 20)
2026-01-18T19:14:00.0070888Z     ⚠️ Skipping duplicate injection: Login
2026-01-18T19:14:00.0071621Z     🧠 Verifying step validity for 'Logout' after no candidates found...
2026-01-18T19:14:03.0522978Z [DEBUG] Sending request to gemini-2.0-flash. Number of parts: 2
2026-01-18T19:14:03.0523821Z [DEBUG] Received response (Length: 274)
2026-01-18T19:14:03.0548651Z     🗑️ Step deemed INVALID: The current page is the login page, and the user is locked out. The 'Logout' option is only available after a successful login. Therefore, attempting to locate and interact with 'Logout' at this stage is invalid.. Removing from workflow.
2026-01-18T19:14:03.0550794Z     ⏭️ Skipping execution of invalid step: Logout
2026-01-18T19:14:03.0551159Z   ▶️ [STEP step_8] ASSERT_URL: 
2026-01-18T19:14:08.0687615Z     ⚠️ Scroll into view failed for text=None. Proceeding anyway.
2026-01-18T19:14:10.0711084Z     ✅ State transitioned.
2026-01-18T19:14:11.2958408Z [DEBUG] Sending request to gemini-2.0-flash. Number of parts: 2
2026-01-18T19:14:11.2959068Z [DEBUG] Received response (Length: 199)
2026-01-18T19:14:11.2959753Z     🤖 AI Next Step Suggestion: fill -> Username
2026-01-18T19:14:11.2960131Z     🧩 Suggested Locator: #user-name
2026-01-18T19:14:11.2960644Z     💭 Reasoning: To test other user scenarios, fill in the username field with a valid username.
2026-01-18T19:14:11.2961133Z     ➕ Injected AI step: fill -> Username
2026-01-18T19:14:11.2961448Z   ▶️ [STEP step_8_ai_1] FILL: Username
2026-01-18T19:14:11.3018002Z     🎯 Using AI-provided locator: #user-name
2026-01-18T19:14:11.3073755Z     ✅ Found 1 verified locators
2026-01-18T19:14:18.3053917Z     ✅ State transitioned.
2026-01-18T19:14:20.0479308Z [DEBUG] Sending request to gemini-2.0-flash. Number of parts: 2
2026-01-18T19:14:20.0480014Z [DEBUG] Received response (Length: 403)
2026-01-18T19:14:20.0480801Z     🤖 AI Next Step Suggestion: fill -> Username
2026-01-18T19:14:20.0481223Z     🧩 Suggested Locator: #user-name
2026-01-18T19:14:20.0482708Z     💭 Reasoning: The goal is to test locked user scenarios. The page displays 'Epic sadface: Sorry, this user has been locked out.' and lists 'locked_out_user' as an accepted username. Filling the username field with 'locked_out_user' is the next logical step to reproduce the locked user scenario.
2026-01-18T19:14:20.0484169Z     ⚠️ Skipping duplicate AI suggestion (just executed): ('fill', 'username')
2026-01-18T19:14:22.1030781Z 
2026-01-18T19:14:22.1031501Z [3/3] Exploring Scenario: Problem User Login and Inventory Check
2026-01-18T19:14:22.1032805Z     🧠 Initialized exploration context for goal: 'Test locked user scenarios'
2026-01-18T19:14:22.1033622Z   ▶️ [STEP step_1] NAVIGATE: 
2026-01-18T19:14:22.7623213Z     ✅ Navigated to https://www.saucedemo.com/
2026-01-18T19:14:22.7623799Z   ▶️ [STEP step_2] FILL: Username
2026-01-18T19:14:22.7779305Z     🔍 Mining locators for: 'Username'
2026-01-18T19:14:22.8450853Z     ✅ Found 5 verified locators
2026-01-18T19:14:28.2083452Z     ✅ State transitioned.
2026-01-18T19:14:29.8766150Z [DEBUG] Sending request to gemini-2.0-flash. Number of parts: 2
2026-01-18T19:14:29.8766786Z [DEBUG] Received response (Length: 222)
2026-01-18T19:14:29.8767573Z     🤖 AI Next Step Suggestion: fill -> Password
2026-01-18T19:14:29.8768161Z     🧩 Suggested Locator: #password
2026-01-18T19:14:29.8769112Z     💭 Reasoning: Need to fill in the password field to attempt login. The password for all users is provided on the page.
2026-01-18T19:14:29.8770028Z     ➕ Injected AI step: fill -> Password
2026-01-18T19:14:29.8770351Z   ▶️ [STEP step_2_ai_1] FILL: Password
2026-01-18T19:14:29.8829111Z     🎯 Using AI-provided locator: #password
2026-01-18T19:14:29.8883630Z     ✅ Found 1 verified locators
2026-01-18T19:14:36.0380107Z     ✅ State transitioned.
2026-01-18T19:14:37.4640428Z [DEBUG] Sending request to gemini-2.0-flash. Number of parts: 2
2026-01-18T19:14:37.4641058Z [DEBUG] Received response (Length: 203)
2026-01-18T19:14:37.4641910Z     🤖 AI Next Step Suggestion: click -> login-button
2026-01-18T19:14:37.4642632Z     🧩 Suggested Locator: input[name='login-button']
2026-01-18T19:14:37.4643699Z     💭 Reasoning: Now that username and password have been entered, click the login button to attempt login.
2026-01-18T19:14:37.4644641Z     ➕ Injected AI step: click -> login-button
2026-01-18T19:14:37.4645488Z   ▶️ [STEP step_2_ai_2] CLICK: login-button
2026-01-18T19:14:37.4709842Z     🎯 Using AI-provided locator: input[name='login-button']
2026-01-18T19:14:37.4763585Z     ✅ Found 1 verified locators
2026-01-18T19:14:41.5388090Z     ✅ State transitioned.
2026-01-18T19:14:43.1164583Z [DEBUG] Sending request to gemini-2.0-flash. Number of parts: 2
2026-01-18T19:14:43.1165624Z [DEBUG] Received response (Length: 254)
2026-01-18T19:14:43.1166521Z     🤖 AI Next Step Suggestion: done -> N/A
2026-01-18T19:14:43.1168410Z     💭 Reasoning: The user is already logged in and on the inventory page. The original goal was to test locked user scenarios, but the user is already logged in. There is no clear path to test locked user scenarios from this page.
2026-01-18T19:14:43.1170204Z   ▶️ [STEP step_3] FILL: Password
2026-01-18T19:14:43.1222313Z     🔍 Mining locators for: 'Password'
2026-01-18T19:14:43.1572862Z     🧠 Consulting AI (Vision-First) to find 'Password'...
2026-01-18T19:14:43.1576314Z     🧠 [EXPERT] Strategy: Act as Senior SDET focusing on exploring the application to understand functional flow and identifying critical paths for end-to-end automation.
2026-01-18T19:14:48.0991053Z [DEBUG] Sending request to gemini-2.0-flash. Number of parts: 2
2026-01-18T19:14:48.0991910Z [DEBUG] Received response (Length: 262)
2026-01-18T19:14:48.0993903Z     💡 Expert Suggestion: The 'Password' field is likely located on the login or account settings page, which can be accessed through the menu.
2026-01-18T19:14:48.0996038Z     🛠️ Executing corrective action: click -> 'the menu icon'
2026-01-18T19:14:48.1406675Z     🔄 Retry 1/3 mining locators for 'Password'...
2026-01-18T19:14:49.1787251Z     🧠 Consulting AI (Vision-First) to find 'Password'...
2026-01-18T19:14:49.1789212Z     🧠 [EXPERT] Strategy: Act as Senior SDET focusing on exploring the application to understand functional flow and identifying critical paths for end-to-end automation.
2026-01-18T19:14:49.1796333Z [CACHE HIT] d6f66573... (hits: 7, misses: 27)
2026-01-18T19:14:49.1796922Z     ⚠️ Skipping duplicate injection: the menu icon
2026-01-18T19:14:49.1797464Z     🔄 Retry 2/3 mining locators for 'Password'...
2026-01-18T19:14:50.2227476Z     🧠 Consulting AI (Vision-First) to find 'Password'...
2026-01-18T19:14:50.2228675Z     🧠 [EXPERT] Strategy: Act as Senior SDET focusing on exploring the application to understand functional flow and identifying critical paths for end-to-end automation.
2026-01-18T19:14:50.2233935Z [CACHE HIT] d6f66573... (hits: 8, misses: 27)
2026-01-18T19:14:50.2234691Z     ⚠️ Skipping duplicate injection: the menu icon
2026-01-18T19:14:50.2235554Z     🧠 Verifying step validity for 'Password' after no candidates found...
2026-01-18T19:14:52.8757040Z [DEBUG] Sending request to gemini-2.0-flash. Number of parts: 2
2026-01-18T19:14:52.8757823Z [DEBUG] Received response (Length: 219)
2026-01-18T19:14:52.8760362Z     🗑️ Step deemed INVALID: The current page is the inventory page, which displays a list of products. The 'Password' element is not present on this page. The task is therefore invalid.. Removing from workflow.
2026-01-18T19:14:52.8762622Z     ⏭️ Skipping execution of invalid step: Password
2026-01-18T19:14:52.8763794Z   ▶️ [STEP step_4] CLICK: Login
2026-01-18T19:14:52.8816240Z     🔍 Mining locators for: 'Login'
2026-01-18T19:14:52.9227010Z     🧠 Consulting AI (Vision-First) to find 'Login'...
2026-01-18T19:14:52.9228885Z     🧠 [EXPERT] Strategy: Act as Senior SDET focusing on exploring the application to understand functional flow and identifying critical paths for end-to-end automation.
2026-01-18T19:14:58.4914040Z [DEBUG] Sending request to gemini-2.0-flash. Number of parts: 2
2026-01-18T19:14:58.4914800Z [DEBUG] Received response (Length: 308)
2026-01-18T19:14:58.4917571Z     💡 Expert Suggestion: Login functionality is typically found outside the product listing page. Clicking 'Products' might lead to a navigation bar or a separate page containing login options.
2026-01-18T19:14:58.4919840Z     🛠️ Executing corrective action: click -> 'Products'
2026-01-18T19:14:59.0499385Z     ✅ Executed corrective navigation
2026-01-18T19:15:01.0523070Z     🔄 Retry 1/3 mining locators for 'Login'...
2026-01-18T19:15:02.0919633Z     🧠 Consulting AI (Vision-First) to find 'Login'...
2026-01-18T19:15:02.0920890Z     🧠 [EXPERT] Strategy: Act as Senior SDET focusing on exploring the application to understand functional flow and identifying critical paths for end-to-end automation.
2026-01-18T19:15:02.0926288Z [CACHE HIT] a569645a... (hits: 9, misses: 29)
2026-01-18T19:15:02.0926784Z     ⚠️ Skipping duplicate injection: Products
2026-01-18T19:15:02.0927156Z     🔄 Retry 2/3 mining locators for 'Login'...
2026-01-18T19:15:03.1301286Z     🧠 Consulting AI (Vision-First) to find 'Login'...
2026-01-18T19:15:03.1302515Z     🧠 [EXPERT] Strategy: Act as Senior SDET focusing on exploring the application to understand functional flow and identifying critical paths for end-to-end automation.
2026-01-18T19:15:03.1307609Z [CACHE HIT] a569645a... (hits: 10, misses: 29)
2026-01-18T19:15:03.1308348Z     ⚠️ Skipping duplicate injection: Products
2026-01-18T19:15:03.1308938Z     🧠 Verifying step validity for 'Login' after no candidates found...
2026-01-18T19:15:04.6420722Z [DEBUG] Sending request to gemini-2.0-flash. Number of parts: 2
2026-01-18T19:15:04.6421203Z [DEBUG] Received response (Length: 275)
2026-01-18T19:15:04.6423106Z     🗑️ Step deemed INVALID: The current page is the inventory page, which displays the list of products. The 'Login' button is only present on the login page. Therefore, attempting to locate and interact with 'Login' on this page is invalid.. Removing from workflow.
2026-01-18T19:15:04.6424250Z     ⏭️ Skipping execution of invalid step: Login
2026-01-18T19:15:04.6424598Z   ▶️ [STEP step_5] ASSERT_URL: 
2026-01-18T19:15:09.6569013Z     ⚠️ Scroll into view failed for text=None. Proceeding anyway.
2026-01-18T19:15:11.6592445Z     ✅ State transitioned.
2026-01-18T19:15:13.4382395Z [DEBUG] Sending request to gemini-2.0-flash. Number of parts: 2
2026-01-18T19:15:13.4383100Z [DEBUG] Received response (Length: 288)
2026-01-18T19:15:13.4383952Z     🤖 AI Next Step Suggestion: done -> N/A
2026-01-18T19:15:13.4386851Z     💭 Reasoning: The user is already logged in and on the inventory page. The goal was to test locked user scenarios, which implies testing the login functionality with a locked user. Since the user is already logged in, this goal is not achievable from this page.
2026-01-18T19:15:13.4389262Z   ▶️ [STEP step_6] ASSERT_VISIBLE: Sauce Labs Backpack
2026-01-18T19:15:13.4442288Z     🔍 Mining locators for: 'Sauce Labs Backpack'
2026-01-18T19:15:13.5116402Z     ✅ Found 4 verified locators
2026-01-18T19:15:16.0564468Z     ✅ State transitioned.
2026-01-18T19:15:16.0601547Z     🔄 Revisited state detected (count: 1)
2026-01-18T19:15:18.1929257Z [DEBUG] Sending request to gemini-2.0-flash. Number of parts: 2
2026-01-18T19:15:18.1929947Z [DEBUG] Received response (Length: 191)
2026-01-18T19:15:18.1930780Z     🤖 AI Next Step Suggestion: click -> Add to cart
2026-01-18T19:15:18.1931278Z     🧩 Suggested Locator: #add-to-cart-sauce-labs-backpack
2026-01-18T19:15:18.1931812Z     💭 Reasoning: To add an item to the cart and proceed towards checkout.
2026-01-18T19:15:18.1932594Z     ➕ Injected AI step: click -> Add to cart
2026-01-18T19:15:18.1932965Z   ▶️ [STEP step_6_ai_1] CLICK: Add to cart
2026-01-18T19:15:18.1987078Z     🎯 Using AI-provided locator: #add-to-cart-sauce-labs-backpack
2026-01-18T19:15:18.2041990Z     ✅ Found 1 verified locators
2026-01-18T19:15:22.2572534Z     ✅ State transitioned.
2026-01-18T19:15:22.2613674Z     🔄 Revisited state detected (count: 2)
2026-01-18T19:15:23.8163653Z [DEBUG] Sending request to gemini-2.0-flash. Number of parts: 2
2026-01-18T19:15:23.8164234Z [DEBUG] Received response (Length: 180)
2026-01-18T19:15:23.8164828Z     🤖 AI Next Step Suggestion: click -> Add to cart
2026-01-18T19:15:23.8165520Z     🧩 Suggested Locator: #add-to-cart-sauce-labs-bike-light
2026-01-18T19:15:23.8166085Z     💭 Reasoning: To add another item to the cart to proceed towards checkout.
2026-01-18T19:15:23.8166722Z     ⚠️ Skipping duplicate AI suggestion (just executed): ('click', 'add to cart')
2026-01-18T19:15:25.8521095Z 🗂️  All generated tests written to /home/runner/work/build_qa_automation/build_qa_automation/projects/ci_saucedemo_locked/tests/generated_scenarios.json
2026-01-18T19:15:25.8529085Z 🔄 Updated workflow.json with discovered steps and locators.
2026-01-18T19:15:25.8529442Z 
2026-01-18T19:15:25.8529595Z ✅ Deep Exploration Complete.
2026-01-18T19:16:55.6766530Z 
2026-01-18T19:16:55.6767350Z 🚀 [EXECUTE] Starting Automation Execution Engine
2026-01-18T19:16:55.6768048Z 📍 Project: ci_saucedemo_locked
2026-01-18T19:16:55.6768498Z 🎬 Mode: Headless
2026-01-18T19:16:55.6768707Z 
2026-01-18T19:16:55.6768890Z --- Scenario: Locked Out User Scenario ---
2026-01-18T19:16:55.6769505Z   ▶️ [STEP step_1] NAVIGATE: Step step_1
2026-01-18T19:16:55.6770046Z     ✅ Step step_1 Passed.
2026-01-18T19:16:55.6770530Z   ▶️ [STEP step_2] FILL: Username
2026-01-18T19:16:55.6771095Z     🎯 Using mined locator: role=textbox[name='Username']
2026-01-18T19:16:55.6771622Z     ✅ Step step_2 Passed.
2026-01-18T19:16:55.6772101Z   ▶️ [STEP step_2_ai_1] FILL: Password
2026-01-18T19:16:55.6772578Z     🎯 Using mined locator: #password
2026-01-18T19:16:55.6773045Z     ✅ Step step_2_ai_1 Passed.
2026-01-18T19:16:55.6773525Z   ▶️ [STEP step_2_ai_2] CLICK: login-button
2026-01-18T19:16:55.6774091Z     🎯 Using mined locator: input[id='login-button']
2026-01-18T19:16:55.6774649Z     ✅ Step step_2_ai_2 Passed.
2026-01-18T19:16:55.6775820Z   ▶️ [STEP step_3] FILL: Password
2026-01-18T19:16:55.6776190Z     🎯 Using mined locator: role=textbox[name='Password']
2026-01-18T19:16:55.6776541Z     ✅ Step step_3 Passed.
2026-01-18T19:16:55.6776801Z   ▶️ [STEP step_4] CLICK: Login
2026-01-18T19:16:55.6777076Z     ✅ Step step_4 Passed.
2026-01-18T19:16:55.6777411Z   ▶️ [STEP step_5] ASSERT_VISIBLE: Error: User is locked out
2026-01-18T19:16:55.6777906Z     ❌ Attempt 1 failed (element_not_found): Locator expected to be visible
2026-01-18T19:16:55.6778271Z Actual value: None
2026-01-18T19:16:55.6778485Z Error: element(s) not found 
2026-01-18T19:16:55.6778728Z Call log:
2026-01-18T19:16:55.6778943Z   - Expect ...
2026-01-18T19:16:55.6779321Z     🔧 [AUTO-HEAL] Re-mining page to find 'Error: User is locked out'...
2026-01-18T19:16:55.6779777Z [DEBUG] Sending request to gemini-2.0-flash. Number of parts: 2
2026-01-18T19:16:55.6780149Z [DEBUG] Received response (Length: 717)
2026-01-18T19:16:55.6780544Z     ✨ AI successfully healed the step! Found 2 alternatives.
2026-01-18T19:16:55.6781108Z     ✨ AI successfully healed the step! New selector: div[class*='error-message-container']
2026-01-18T19:16:55.6781567Z     ✅ Step step_5 Passed.
2026-01-18T19:16:55.6781913Z ✅ Scenario 'Locked Out User Scenario' completed successfully!
2026-01-18T19:16:55.6782166Z 
2026-01-18T19:16:55.6782286Z --- Scenario: Standard User Login and Logout ---
2026-01-18T19:16:55.6782624Z   ▶️ [STEP step_1] NAVIGATE: Step step_1
2026-01-18T19:16:55.6782909Z     ✅ Step step_1 Passed.
2026-01-18T19:16:55.6783161Z   ▶️ [STEP step_2] FILL: Username
2026-01-18T19:16:55.6783488Z     🎯 Using mined locator: role=textbox[name='Username']
2026-01-18T19:16:55.6784146Z     ✅ Step step_2 Passed.
2026-01-18T19:16:55.6784413Z   ▶️ [STEP step_2_ai_1] FILL: Password
2026-01-18T19:16:55.6784847Z     🎯 Using mined locator: #password
2026-01-18T19:16:55.6785427Z     ✅ Step step_2_ai_1 Passed.
2026-01-18T19:16:55.6785723Z   ▶️ [STEP step_2_ai_2] CLICK: login-button
2026-01-18T19:16:55.6786078Z     🎯 Using mined locator: input[name='login-button']
2026-01-18T19:16:55.6786432Z     ✅ Step step_2_ai_2 Passed.
2026-01-18T19:16:55.6786720Z   ▶️ [STEP step_5] ASSERT_URL: Step step_5
2026-01-18T19:16:55.6787010Z     ✅ Step step_5 Passed.
2026-01-18T19:16:55.6787271Z   ▶️ [STEP step_6] CLICK: Open Menu
2026-01-18T19:16:55.6787605Z     🎯 Using mined locator: role=button[name='Open Menu']
2026-01-18T19:16:55.6787932Z     ✅ Step step_6 Passed.
2026-01-18T19:16:55.6788194Z   ▶️ [STEP step_6_ai_1] CLICK: Logout
2026-01-18T19:16:55.6788506Z     🎯 Using mined locator: #logout_sidebar_link
2026-01-18T19:16:55.6788823Z     ✅ Step step_6_ai_1 Passed.
2026-01-18T19:16:55.6789100Z   ▶️ [STEP step_6_ai_2] FILL: Username
2026-01-18T19:16:55.6789392Z     🎯 Using mined locator: #user-name
2026-01-18T19:16:55.6789681Z     ✅ Step step_6_ai_2 Passed.
2026-01-18T19:16:55.6789949Z   ▶️ [STEP step_6_ai_3] FILL: Password
2026-01-18T19:16:55.6790232Z     🎯 Using mined locator: #password
2026-01-18T19:16:55.6790510Z     ✅ Step step_6_ai_3 Passed.
2026-01-18T19:16:55.6790777Z   ▶️ [STEP step_6_ai_4] CLICK: Login
2026-01-18T19:16:55.6791068Z     🎯 Using mined locator: #login-button
2026-01-18T19:16:55.6791349Z     ✅ Step step_6_ai_4 Passed.
2026-01-18T19:16:55.6791622Z   ▶️ [STEP step_8] ASSERT_URL: Step step_8
2026-01-18T19:16:55.6791905Z     ✅ Step step_8 Passed.
2026-01-18T19:16:55.6792159Z   ▶️ [STEP step_8_ai_1] FILL: Username
2026-01-18T19:16:55.6792519Z     🎯 Using mined locator: #user-name
2026-01-18T19:16:55.6792832Z     ✅ Step step_8_ai_1 Passed.
2026-01-18T19:16:55.6793205Z ✅ Scenario 'Standard User Login and Logout' completed successfully!
2026-01-18T19:16:55.6793493Z 
2026-01-18T19:16:55.6793636Z --- Scenario: Problem User Login and Inventory Check ---
2026-01-18T19:16:55.6793994Z   ▶️ [STEP step_1] NAVIGATE: Step step_1
2026-01-18T19:16:55.6794285Z     ✅ Step step_1 Passed.
2026-01-18T19:16:55.6794537Z   ▶️ [STEP step_2] FILL: Username
2026-01-18T19:16:55.6794862Z     🎯 Using mined locator: role=textbox[name='Username']
2026-01-18T19:16:55.6795592Z     ✅ Step step_2 Passed.
2026-01-18T19:16:55.6796031Z   ▶️ [STEP step_2_ai_1] FILL: Password
2026-01-18T19:16:55.6796416Z     🎯 Using mined locator: #password
2026-01-18T19:16:55.6796699Z     ✅ Step step_2_ai_1 Passed.
2026-01-18T19:16:55.6796979Z   ▶️ [STEP step_2_ai_2] CLICK: login-button
2026-01-18T19:16:55.6797328Z     🎯 Using mined locator: input[name='login-button']
2026-01-18T19:16:55.6797644Z     ✅ Step step_2_ai_2 Passed.
2026-01-18T19:16:55.6798256Z   ▶️ [STEP step_5] ASSERT_URL: Step step_5
2026-01-18T19:16:55.6798774Z     ✅ Step step_5 Passed.
2026-01-18T19:16:55.6799349Z   ▶️ [STEP step_6] ASSERT_VISIBLE: Sauce Labs Backpack
2026-01-18T19:16:55.6800111Z     🎯 Using mined locator: role=link[name='Sauce Labs Backpack']
2026-01-18T19:16:55.6800588Z     ✅ Step step_6 Passed.
2026-01-18T19:16:55.6800877Z   ▶️ [STEP step_6_ai_1] CLICK: Add to cart
2026-01-18T19:16:55.6801254Z     🎯 Using mined locator: #add-to-cart-sauce-labs-backpack
2026-01-18T19:16:55.6801602Z     ✅ Step step_6_ai_1 Passed.
2026-01-18T19:16:55.6802000Z ✅ Scenario 'Problem User Login and Inventory Check' completed successfully!
2026-01-18T19:16:55.6802300Z 
2026-01-18T19:16:55.6802402Z ============================================================
2026-01-18T19:16:55.6802702Z 🎯 EXECUTION SUMMARY
2026-01-18T19:16:55.6802922Z ============================================================
2026-01-18T19:16:55.6803114Z 
2026-01-18T19:16:55.6803221Z 📋 Scenario Overview:
2026-01-18T19:16:55.6803475Z    • Total Scenarios Planned: 3
2026-01-18T19:16:55.6803743Z    • Scenarios Executed: 3
2026-01-18T19:16:55.6804592Z    • Total Steps Executed: 26
2026-01-18T19:16:55.6804860Z 
2026-01-18T19:16:55.6805262Z ✅ Results:
2026-01-18T19:16:55.6805650Z    ✅ Passed: 3 (100%)
2026-01-18T19:16:55.6805872Z 
2026-01-18T19:16:55.6806286Z ============================================================
2026-01-18T19:16:55.6806664Z 
2026-01-18T19:16:55.6807624Z 🏁 Execution Finished. Report: /home/runner/work/build_qa_automation/build_qa_automation/projects/ci_saucedemo_locked/execution.json
2026-01-18T19:16:55.8100405Z 
2026-01-18T19:16:55.8100874Z [PHASE] Running Phase: DISCOVERY
2026-01-18T19:16:55.8102235Z    Command: /opt/hostedtoolcache/Python/3.11.14/x64/bin/python /home/runner/work/build_qa_automation/build_qa_automation/core/agents/discovery.py --project /home/runner/work/build_qa_automation/build_qa_automation/projects/ci_saucedemo_locked --url https://www.saucedemo.com/ --deep
2026-01-18T19:16:55.8105393Z ❌ Phase 'discovery' failed with error: Command '['/opt/hostedtoolcache/Python/3.11.14/x64/bin/python', '/home/runner/work/build_qa_automation/build_qa_automation/core/agents/discovery.py', '--project', '/home/runner/work/build_qa_automation/build_qa_automation/projects/ci_saucedemo_locked', '--url', 'https://www.saucedemo.com/', '--deep']' returned non-zero exit status 2.
2026-01-18T19:16:55.8106913Z ⚠️ Initial discovery failed, but proceeding to planning...
2026-01-18T19:16:55.8107151Z 
2026-01-18T19:16:55.8107254Z [PHASE] Running Phase: PLANNING
2026-01-18T19:16:55.8108435Z    Command: /opt/hostedtoolcache/Python/3.11.14/x64/bin/python /home/runner/work/build_qa_automation/build_qa_automation/core/agents/planner.py --project /home/runner/work/build_qa_automation/build_qa_automation/projects/ci_saucedemo_locked --goal Test locked user scenarios --url https://www.saucedemo.com/ --deep
2026-01-18T19:16:55.8109684Z ✅ Phase 'planning' completed successfully.
2026-01-18T19:16:55.8109874Z 
2026-01-18T19:16:55.8109968Z [PHASE] Running Phase: EXPLORATION
2026-01-18T19:16:55.8110893Z    Command: /opt/hostedtoolcache/Python/3.11.14/x64/bin/python /home/runner/work/build_qa_automation/build_qa_automation/core/agents/deep_explorer.py --project /home/runner/work/build_qa_automation/build_qa_automation/projects/ci_saucedemo_locked
2026-01-18T19:16:55.8111910Z ✅ Phase 'exploration' completed successfully.
2026-01-18T19:16:55.8112261Z 📊 Exploration Discovery Success Rate: 78.3%
2026-01-18T19:16:55.8112447Z 
2026-01-18T19:16:55.8112542Z [PHASE] Running Phase: EXECUTION
2026-01-18T19:16:55.8113430Z    Command: /opt/hostedtoolcache/Python/3.11.14/x64/bin/python /home/runner/work/build_qa_automation/build_qa_automation/core/agents/executor.py --project /home/runner/work/build_qa_automation/build_qa_automation/projects/ci_saucedemo_locked
2026-01-18T19:16:55.8114395Z ✅ Phase 'execution' completed successfully.
2026-01-18T19:16:55.8114585Z 
2026-01-18T19:16:55.8114689Z [DONE] Pipeline Execution Finished! [DONE]
2026-01-18T19:16:55.9147602Z ##[group]Run RESULT_FILE="projects/ci_saucedemo_locked/execution.json"
2026-01-18T19:16:55.9148145Z [36;1mRESULT_FILE="projects/ci_saucedemo_locked/execution.json"[0m
2026-01-18T19:16:55.9148540Z [36;1mif [ -f "$RESULT_FILE" ]; then[0m
2026-01-18T19:16:55.9148941Z [36;1m  echo "✅ Results generated successfully: $RESULT_FILE"[0m
2026-01-18T19:16:55.9149388Z [36;1m  cat "$RESULT_FILE" | jq '.scenarios | length' || echo "Result file exists"[0m
2026-01-18T19:16:55.9149766Z [36;1melse[0m
2026-01-18T19:16:55.9150005Z [36;1m  echo "❌ No result file found at $RESULT_FILE"[0m
2026-01-18T19:16:55.9150295Z [36;1m  exit 1[0m
2026-01-18T19:16:55.9150470Z [36;1mfi[0m
2026-01-18T19:16:55.9184890Z shell: /usr/bin/bash -e {0}
2026-01-18T19:16:55.9185408Z env:
2026-01-18T19:16:55.9185661Z   pythonLocation: /opt/hostedtoolcache/Python/3.11.14/x64
2026-01-18T19:16:55.9186094Z   PKG_CONFIG_PATH: /opt/hostedtoolcache/Python/3.11.14/x64/lib/pkgconfig
2026-01-18T19:16:55.9186562Z   Python_ROOT_DIR: /opt/hostedtoolcache/Python/3.11.14/x64
2026-01-18T19:16:55.9186929Z   Python2_ROOT_DIR: /opt/hostedtoolcache/Python/3.11.14/x64
2026-01-18T19:16:55.9187488Z   Python3_ROOT_DIR: /opt/hostedtoolcache/Python/3.11.14/x64
2026-01-18T19:16:55.9187857Z   LD_LIBRARY_PATH: /opt/hostedtoolcache/Python/3.11.14/x64/lib
2026-01-18T19:16:55.9188166Z ##[endgroup]
2026-01-18T19:16:55.9239749Z ✅ Results generated successfully: projects/ci_saucedemo_locked/execution.json
2026-01-18T19:16:55.9266191Z 3
2026-01-18T19:16:55.9328162Z ##[group]Run actions/upload-artifact@v4
2026-01-18T19:16:55.9328450Z with:
2026-01-18T19:16:55.9328654Z   name: saucedemo_locked-execution-results
2026-01-18T19:16:55.9329124Z   path: projects/ci_saucedemo_locked/execution.json
projects/ci_saucedemo_locked/workflow.json

2026-01-18T19:16:55.9329575Z   retention-days: 30
2026-01-18T19:16:55.9329781Z   if-no-files-found: warn
2026-01-18T19:16:55.9330003Z   compression-level: 6
2026-01-18T19:16:55.9330204Z   overwrite: false
2026-01-18T19:16:55.9330405Z   include-hidden-files: false
2026-01-18T19:16:55.9330621Z env:
2026-01-18T19:16:55.9330858Z   pythonLocation: /opt/hostedtoolcache/Python/3.11.14/x64
2026-01-18T19:16:55.9331297Z   PKG_CONFIG_PATH: /opt/hostedtoolcache/Python/3.11.14/x64/lib/pkgconfig
2026-01-18T19:16:55.9331734Z   Python_ROOT_DIR: /opt/hostedtoolcache/Python/3.11.14/x64
2026-01-18T19:16:55.9332102Z   Python2_ROOT_DIR: /opt/hostedtoolcache/Python/3.11.14/x64
2026-01-18T19:16:55.9332502Z   Python3_ROOT_DIR: /opt/hostedtoolcache/Python/3.11.14/x64
2026-01-18T19:16:55.9332878Z   LD_LIBRARY_PATH: /opt/hostedtoolcache/Python/3.11.14/x64/lib
2026-01-18T19:16:55.9333182Z ##[endgroup]
2026-01-18T19:16:56.1483489Z Multiple search paths detected. Calculating the least common ancestor of all paths
2026-01-18T19:16:56.1487533Z The least common ancestor is /home/runner/work/build_qa_automation/build_qa_automation/projects/ci_saucedemo_locked. This will be the root directory of the artifact
2026-01-18T19:16:56.1488953Z With the provided path, there will be 2 files uploaded
2026-01-18T19:16:56.1495290Z Artifact name is valid!
2026-01-18T19:16:56.1496882Z Root directory input is valid!
2026-01-18T19:16:56.2300412Z Beginning upload of artifact content to blob storage
2026-01-18T19:16:56.3005923Z Uploaded bytes 1910
2026-01-18T19:16:56.3158577Z Finished uploading artifact content to blob storage!
2026-01-18T19:16:56.3161962Z SHA256 digest of uploaded artifact zip is b8d62c2c0fc6ddc6b81d291a3ccfff14e21cd9ef5e4d914254baf0d3ee15c00f
2026-01-18T19:16:56.3163900Z Finalizing artifact upload
2026-01-18T19:16:56.3809878Z Artifact saucedemo_locked-execution-results.zip successfully finalized. Artifact ID 5170047609
2026-01-18T19:16:56.3810899Z Artifact saucedemo_locked-execution-results has been successfully uploaded! Final size is 1910 bytes. Artifact ID is 5170047609
2026-01-18T19:16:56.3817207Z Artifact download URL: https://github.com/vishvasmca-cmd/build_qa_automation/actions/runs/21116744370/artifacts/5170047609
2026-01-18T19:16:56.3944621Z Post job cleanup.
2026-01-18T19:16:56.5501351Z Cache hit occurred on the primary key setup-python-Linux-x64-24.04-Ubuntu-python-3.11.14-pip-dde08d0e0b672972dcda9f1a063036a2e0c226f5d0a20362e9401931676d80a4, not saving cache.
2026-01-18T19:16:56.5609608Z Post job cleanup.
2026-01-18T19:16:56.6543189Z [command]/usr/bin/git version
2026-01-18T19:16:56.6584240Z git version 2.52.0
2026-01-18T19:16:56.6626884Z Temporarily overriding HOME='/home/runner/work/_temp/68879be9-4fd6-4892-8b4d-eade41aea885' before making global git config changes
2026-01-18T19:16:56.6628304Z Adding repository directory to the temporary git global config as a safe directory
2026-01-18T19:16:56.6632936Z [command]/usr/bin/git config --global --add safe.directory /home/runner/work/build_qa_automation/build_qa_automation
2026-01-18T19:16:56.6670798Z [command]/usr/bin/git config --local --name-only --get-regexp core\.sshCommand
2026-01-18T19:16:56.6704883Z [command]/usr/bin/git submodule foreach --recursive sh -c "git config --local --name-only --get-regexp 'core\.sshCommand' && git config --local --unset-all 'core.sshCommand' || :"
2026-01-18T19:16:56.6960277Z [command]/usr/bin/git config --local --name-only --get-regexp http\.https\:\/\/github\.com\/\.extraheader
2026-01-18T19:16:56.6982903Z http.https://github.com/.extraheader
2026-01-18T19:16:56.7000363Z [command]/usr/bin/git config --local --unset-all http.https://github.com/.extraheader
2026-01-18T19:16:56.7035893Z [command]/usr/bin/git submodule foreach --recursive sh -c "git config --local --name-only --get-regexp 'http\.https\:\/\/github\.com\/\.extraheader' && git config --local --unset-all 'http.https://github.com/.extraheader' || :"
2026-01-18T19:16:56.7278857Z [command]/usr/bin/git config --local --name-only --get-regexp ^includeIf\.gitdir:
2026-01-18T19:16:56.7313760Z [command]/usr/bin/git submodule foreach --recursive git config --local --show-origin --name-only --get-regexp remote.origin.url
2026-01-18T19:16:56.7681392Z Cleaning up orphan processes
