2026-01-19T02:13:51.5443480Z Current runner version: '2.331.0'
2026-01-19T02:13:51.5467723Z ##[group]Runner Image Provisioner
2026-01-19T02:13:51.5468663Z Hosted Compute Agent
2026-01-19T02:13:51.5469198Z Version: 20251211.462
2026-01-19T02:13:51.5469793Z Commit: 6cbad8c2bb55d58165063d031ccabf57e2d2db61
2026-01-19T02:13:51.5470559Z Build Date: 2025-12-11T16:28:49Z
2026-01-19T02:13:51.5471189Z Worker ID: {9c4cbf1d-034a-42ad-8b72-b1b75e8f44d9}
2026-01-19T02:13:51.5471896Z ##[endgroup]
2026-01-19T02:13:51.5472448Z ##[group]Operating System
2026-01-19T02:13:51.5473015Z Ubuntu
2026-01-19T02:13:51.5473463Z 24.04.3
2026-01-19T02:13:51.5473950Z LTS
2026-01-19T02:13:51.5474415Z ##[endgroup]
2026-01-19T02:13:51.5474917Z ##[group]Runner Image
2026-01-19T02:13:51.5475534Z Image: ubuntu-24.04
2026-01-19T02:13:51.5476216Z Version: 20260111.209.1
2026-01-19T02:13:51.5477188Z Included Software: https://github.com/actions/runner-images/blob/ubuntu24/20260111.209/images/ubuntu/Ubuntu2404-Readme.md
2026-01-19T02:13:51.5478749Z Image Release: https://github.com/actions/runner-images/releases/tag/ubuntu24%2F20260111.209
2026-01-19T02:13:51.5479714Z ##[endgroup]
2026-01-19T02:13:51.5480855Z ##[group]GITHUB_TOKEN Permissions
2026-01-19T02:13:51.5482669Z Contents: read
2026-01-19T02:13:51.5483297Z Metadata: read
2026-01-19T02:13:51.5483779Z Packages: read
2026-01-19T02:13:51.5484332Z ##[endgroup]
2026-01-19T02:13:51.5487526Z Secret source: Actions
2026-01-19T02:13:51.5488202Z Prepare workflow directory
2026-01-19T02:13:51.5818425Z Prepare all required actions
2026-01-19T02:13:51.5858224Z Getting action download info
2026-01-19T02:13:52.0588958Z Download action repository 'actions/checkout@v4' (SHA:34e114876b0b11c390a56381ad16ebd13914f8d5)
2026-01-19T02:13:52.1894262Z Download action repository 'actions/setup-python@v5' (SHA:a26af69be951a213d495a4c3e4e4022e16d87065)
2026-01-19T02:13:52.3194274Z Download action repository 'actions/upload-artifact@v4' (SHA:ea165f8d65b6e75b540449e92b4886f43607fa02)
2026-01-19T02:13:52.6313340Z Complete job name: test-websites-deep (the_internet_forms, https://the-internet.herokuapp.com/, Test authentication ...
2026-01-19T02:13:52.7182917Z ##[group]Run actions/checkout@v4
2026-01-19T02:13:52.7184269Z with:
2026-01-19T02:13:52.7185098Z   repository: vishvasmca-cmd/build_qa_automation
2026-01-19T02:13:52.7186791Z   token: ***
2026-01-19T02:13:52.7187508Z   ssh-strict: true
2026-01-19T02:13:52.7188233Z   ssh-user: git
2026-01-19T02:13:52.7188973Z   persist-credentials: true
2026-01-19T02:13:52.7189812Z   clean: true
2026-01-19T02:13:52.7190554Z   sparse-checkout-cone-mode: true
2026-01-19T02:13:52.7191482Z   fetch-depth: 1
2026-01-19T02:13:52.7192196Z   fetch-tags: false
2026-01-19T02:13:52.7192946Z   show-progress: true
2026-01-19T02:13:52.7193688Z   lfs: false
2026-01-19T02:13:52.7194442Z   submodules: false
2026-01-19T02:13:52.7195200Z   set-safe-directory: true
2026-01-19T02:13:52.7196691Z ##[endgroup]
2026-01-19T02:13:52.8384986Z Syncing repository: vishvasmca-cmd/build_qa_automation
2026-01-19T02:13:52.8389721Z ##[group]Getting Git version info
2026-01-19T02:13:52.8392335Z Working directory is '/home/runner/work/build_qa_automation/build_qa_automation'
2026-01-19T02:13:52.8394478Z [command]/usr/bin/git version
2026-01-19T02:13:52.8488636Z git version 2.52.0
2026-01-19T02:13:52.8519797Z ##[endgroup]
2026-01-19T02:13:52.8537909Z Temporarily overriding HOME='/home/runner/work/_temp/6ffc27d8-488e-4622-b82a-86908a751cc2' before making global git config changes
2026-01-19T02:13:52.8542542Z Adding repository directory to the temporary git global config as a safe directory
2026-01-19T02:13:52.8554026Z [command]/usr/bin/git config --global --add safe.directory /home/runner/work/build_qa_automation/build_qa_automation
2026-01-19T02:13:52.8598464Z Deleting the contents of '/home/runner/work/build_qa_automation/build_qa_automation'
2026-01-19T02:13:52.8602306Z ##[group]Initializing the repository
2026-01-19T02:13:52.8608018Z [command]/usr/bin/git init /home/runner/work/build_qa_automation/build_qa_automation
2026-01-19T02:13:52.8733804Z hint: Using 'master' as the name for the initial branch. This default branch name
2026-01-19T02:13:52.8737965Z hint: will change to "main" in Git 3.0. To configure the initial branch name
2026-01-19T02:13:52.8741067Z hint: to use in all of your new repositories, which will suppress this warning,
2026-01-19T02:13:52.8743475Z hint: call:
2026-01-19T02:13:52.8744566Z hint:
2026-01-19T02:13:52.8746608Z hint: 	git config --global init.defaultBranch <name>
2026-01-19T02:13:52.8748434Z hint:
2026-01-19T02:13:52.8750195Z hint: Names commonly chosen instead of 'master' are 'main', 'trunk' and
2026-01-19T02:13:52.8753262Z hint: 'development'. The just-created branch can be renamed via this command:
2026-01-19T02:13:52.8755564Z hint:
2026-01-19T02:13:52.8756892Z hint: 	git branch -m <name>
2026-01-19T02:13:52.8758170Z hint:
2026-01-19T02:13:52.8759996Z hint: Disable this message with "git config set advice.defaultBranchName false"
2026-01-19T02:13:52.8762180Z Initialized empty Git repository in /home/runner/work/build_qa_automation/build_qa_automation/.git/
2026-01-19T02:13:52.8766338Z [command]/usr/bin/git remote add origin https://github.com/vishvasmca-cmd/build_qa_automation
2026-01-19T02:13:52.8794263Z ##[endgroup]
2026-01-19T02:13:52.8796697Z ##[group]Disabling automatic garbage collection
2026-01-19T02:13:52.8798842Z [command]/usr/bin/git config --local gc.auto 0
2026-01-19T02:13:52.8832700Z ##[endgroup]
2026-01-19T02:13:52.8834815Z ##[group]Setting up auth
2026-01-19T02:13:52.8841497Z [command]/usr/bin/git config --local --name-only --get-regexp core\.sshCommand
2026-01-19T02:13:52.8877039Z [command]/usr/bin/git submodule foreach --recursive sh -c "git config --local --name-only --get-regexp 'core\.sshCommand' && git config --local --unset-all 'core.sshCommand' || :"
2026-01-19T02:13:52.9245763Z [command]/usr/bin/git config --local --name-only --get-regexp http\.https\:\/\/github\.com\/\.extraheader
2026-01-19T02:13:52.9281997Z [command]/usr/bin/git submodule foreach --recursive sh -c "git config --local --name-only --get-regexp 'http\.https\:\/\/github\.com\/\.extraheader' && git config --local --unset-all 'http.https://github.com/.extraheader' || :"
2026-01-19T02:13:52.9521280Z [command]/usr/bin/git config --local --name-only --get-regexp ^includeIf\.gitdir:
2026-01-19T02:13:52.9556519Z [command]/usr/bin/git submodule foreach --recursive git config --local --show-origin --name-only --get-regexp remote.origin.url
2026-01-19T02:13:52.9805661Z [command]/usr/bin/git config --local http.https://github.com/.extraheader AUTHORIZATION: basic ***
2026-01-19T02:13:52.9843277Z ##[endgroup]
2026-01-19T02:13:52.9845593Z ##[group]Fetching the repository
2026-01-19T02:13:52.9855306Z [command]/usr/bin/git -c protocol.version=2 fetch --no-tags --prune --no-recurse-submodules --depth=1 origin +8ae9e7a98960844bdcef67161cbe93442a7431bc:refs/remotes/origin/main
2026-01-19T02:13:54.2327439Z From https://github.com/vishvasmca-cmd/build_qa_automation
2026-01-19T02:13:54.2329557Z  * [new ref]         8ae9e7a98960844bdcef67161cbe93442a7431bc -> origin/main
2026-01-19T02:13:54.2365321Z ##[endgroup]
2026-01-19T02:13:54.2368125Z ##[group]Determining the checkout info
2026-01-19T02:13:54.2369216Z ##[endgroup]
2026-01-19T02:13:54.2372177Z [command]/usr/bin/git sparse-checkout disable
2026-01-19T02:13:54.2418330Z [command]/usr/bin/git config --local --unset-all extensions.worktreeConfig
2026-01-19T02:13:54.2449335Z ##[group]Checking out the ref
2026-01-19T02:13:54.2453615Z [command]/usr/bin/git checkout --progress --force -B main refs/remotes/origin/main
2026-01-19T02:13:54.3796962Z Switched to a new branch 'main'
2026-01-19T02:13:54.3798325Z branch 'main' set up to track 'origin/main'.
2026-01-19T02:13:54.3816436Z ##[endgroup]
2026-01-19T02:13:54.3853978Z [command]/usr/bin/git log -1 --format=%H
2026-01-19T02:13:54.3878829Z 8ae9e7a98960844bdcef67161cbe93442a7431bc
2026-01-19T02:13:54.4119792Z ##[group]Run actions/setup-python@v5
2026-01-19T02:13:54.4120146Z with:
2026-01-19T02:13:54.4120366Z   python-version: 3.11
2026-01-19T02:13:54.4120610Z   cache: pip
2026-01-19T02:13:54.4121102Z   check-latest: false
2026-01-19T02:13:54.4121499Z   token: ***
2026-01-19T02:13:54.4121744Z   update-environment: true
2026-01-19T02:13:54.4122039Z   allow-prereleases: false
2026-01-19T02:13:54.4122302Z   freethreaded: false
2026-01-19T02:13:54.4122582Z ##[endgroup]
2026-01-19T02:13:54.5838373Z ##[group]Installed versions
2026-01-19T02:13:54.6423052Z Successfully set up CPython (3.11.14)
2026-01-19T02:13:54.6424019Z ##[endgroup]
2026-01-19T02:13:54.7609724Z [command]/opt/hostedtoolcache/Python/3.11.14/x64/bin/pip cache dir
2026-01-19T02:13:56.2848966Z /home/runner/.cache/pip
2026-01-19T02:13:56.5529302Z Cache hit for: setup-python-Linux-x64-24.04-Ubuntu-python-3.11.14-pip-dde08d0e0b672972dcda9f1a063036a2e0c226f5d0a20362e9401931676d80a4
2026-01-19T02:13:57.8447145Z Received 4194304 of 254742636 (1.6%), 4.0 MBs/sec
2026-01-19T02:13:58.9342004Z Received 134217728 of 254742636 (52.7%), 61.2 MBs/sec
2026-01-19T02:13:59.8094695Z Received 254742636 of 254742636 (100.0%), 81.9 MBs/sec
2026-01-19T02:13:59.8096304Z Cache Size: ~243 MB (254742636 B)
2026-01-19T02:13:59.8235043Z [command]/usr/bin/tar -xf /home/runner/work/_temp/c17ce6b5-ac93-4a78-95bb-683e15737984/cache.tzst -P -C /home/runner/work/build_qa_automation/build_qa_automation --use-compress-program unzstd
2026-01-19T02:14:00.2303379Z Cache restored successfully
2026-01-19T02:14:00.2802289Z Cache restored from key: setup-python-Linux-x64-24.04-Ubuntu-python-3.11.14-pip-dde08d0e0b672972dcda9f1a063036a2e0c226f5d0a20362e9401931676d80a4
2026-01-19T02:14:00.3052502Z ##[group]Run pip install -r requirements.txt
2026-01-19T02:14:00.3052961Z [36;1mpip install -r requirements.txt[0m
2026-01-19T02:14:00.3053313Z [36;1mplaywright install chromium[0m
2026-01-19T02:14:00.3094604Z shell: /usr/bin/bash -e {0}
2026-01-19T02:14:00.3094881Z env:
2026-01-19T02:14:00.3095151Z   pythonLocation: /opt/hostedtoolcache/Python/3.11.14/x64
2026-01-19T02:14:00.3095591Z   PKG_CONFIG_PATH: /opt/hostedtoolcache/Python/3.11.14/x64/lib/pkgconfig
2026-01-19T02:14:00.3096403Z   Python_ROOT_DIR: /opt/hostedtoolcache/Python/3.11.14/x64
2026-01-19T02:14:00.3096839Z   Python2_ROOT_DIR: /opt/hostedtoolcache/Python/3.11.14/x64
2026-01-19T02:14:00.3097215Z   Python3_ROOT_DIR: /opt/hostedtoolcache/Python/3.11.14/x64
2026-01-19T02:14:00.3097594Z   LD_LIBRARY_PATH: /opt/hostedtoolcache/Python/3.11.14/x64/lib
2026-01-19T02:14:00.3097906Z ##[endgroup]
2026-01-19T02:14:01.3463554Z Collecting playwright (from -r requirements.txt (line 1))
2026-01-19T02:14:01.3487329Z   Using cached playwright-1.57.0-py3-none-manylinux1_x86_64.whl.metadata (3.5 kB)
2026-01-19T02:14:01.3666261Z Collecting python-dotenv (from -r requirements.txt (line 2))
2026-01-19T02:14:01.3682599Z   Using cached python_dotenv-1.2.1-py3-none-any.whl.metadata (25 kB)
2026-01-19T02:14:01.3945295Z Collecting requests (from -r requirements.txt (line 3))
2026-01-19T02:14:01.3961985Z   Using cached requests-2.32.5-py3-none-any.whl.metadata (4.9 kB)
2026-01-19T02:14:01.5694978Z Collecting pillow (from -r requirements.txt (line 4))
2026-01-19T02:14:01.5712465Z   Using cached pillow-12.1.0-cp311-cp311-manylinux_2_27_x86_64.manylinux_2_28_x86_64.whl.metadata (8.8 kB)
2026-01-19T02:14:01.5973782Z Collecting google-genai>=0.3.0 (from -r requirements.txt (line 5))
2026-01-19T02:14:01.5988443Z   Using cached google_genai-1.59.0-py3-none-any.whl.metadata (53 kB)
2026-01-19T02:14:01.6158814Z Collecting termcolor (from -r requirements.txt (line 6))
2026-01-19T02:14:01.6172621Z   Using cached termcolor-3.3.0-py3-none-any.whl.metadata (6.5 kB)
2026-01-19T02:14:01.6541639Z Collecting PyYAML (from -r requirements.txt (line 7))
2026-01-19T02:14:01.6557515Z   Using cached pyyaml-6.0.3-cp311-cp311-manylinux2014_x86_64.manylinux_2_17_x86_64.manylinux_2_28_x86_64.whl.metadata (2.4 kB)
2026-01-19T02:14:01.7101721Z Collecting opencv-python-headless (from -r requirements.txt (line 8))
2026-01-19T02:14:01.7117114Z   Using cached opencv_python_headless-4.13.0.90-cp37-abi3-manylinux_2_28_x86_64.whl.metadata (19 kB)
2026-01-19T02:14:01.9071050Z Collecting numpy (from -r requirements.txt (line 9))
2026-01-19T02:14:01.9086577Z   Using cached numpy-2.4.1-cp311-cp311-manylinux_2_27_x86_64.manylinux_2_28_x86_64.whl.metadata (6.6 kB)
2026-01-19T02:14:01.9934846Z Collecting faker (from -r requirements.txt (line 10))
2026-01-19T02:14:01.9950512Z   Using cached faker-40.1.2-py3-none-any.whl.metadata (16 kB)
2026-01-19T02:14:02.0090368Z Collecting pyee<14,>=13 (from playwright->-r requirements.txt (line 1))
2026-01-19T02:14:02.0110672Z   Using cached pyee-13.0.0-py3-none-any.whl.metadata (2.9 kB)
2026-01-19T02:14:02.1270307Z Collecting greenlet<4.0.0,>=3.1.1 (from playwright->-r requirements.txt (line 1))
2026-01-19T02:14:02.1285209Z   Using cached greenlet-3.3.0-cp311-cp311-manylinux_2_24_x86_64.manylinux_2_28_x86_64.whl.metadata (4.1 kB)
2026-01-19T02:14:02.1449639Z Collecting typing-extensions (from pyee<14,>=13->playwright->-r requirements.txt (line 1))
2026-01-19T02:14:02.1463277Z   Using cached typing_extensions-4.15.0-py3-none-any.whl.metadata (3.3 kB)
2026-01-19T02:14:02.2242848Z Collecting charset_normalizer<4,>=2 (from requests->-r requirements.txt (line 3))
2026-01-19T02:14:02.2258336Z   Using cached charset_normalizer-3.4.4-cp311-cp311-manylinux2014_x86_64.manylinux_2_17_x86_64.manylinux_2_28_x86_64.whl.metadata (37 kB)
2026-01-19T02:14:02.2394130Z Collecting idna<4,>=2.5 (from requests->-r requirements.txt (line 3))
2026-01-19T02:14:02.2407590Z   Using cached idna-3.11-py3-none-any.whl.metadata (8.4 kB)
2026-01-19T02:14:02.2662073Z Collecting urllib3<3,>=1.21.1 (from requests->-r requirements.txt (line 3))
2026-01-19T02:14:02.2676252Z   Using cached urllib3-2.6.3-py3-none-any.whl.metadata (6.9 kB)
2026-01-19T02:14:02.2871991Z Collecting certifi>=2017.4.17 (from requests->-r requirements.txt (line 3))
2026-01-19T02:14:02.2886516Z   Using cached certifi-2026.1.4-py3-none-any.whl.metadata (2.5 kB)
2026-01-19T02:14:02.3088837Z Collecting anyio<5.0.0,>=4.8.0 (from google-genai>=0.3.0->-r requirements.txt (line 5))
2026-01-19T02:14:02.3103022Z   Using cached anyio-4.12.1-py3-none-any.whl.metadata (4.3 kB)
2026-01-19T02:14:02.3467043Z Collecting google-auth<3.0.0,>=2.47.0 (from google-auth[requests]<3.0.0,>=2.47.0->google-genai>=0.3.0->-r requirements.txt (line 5))
2026-01-19T02:14:02.3481199Z   Using cached google_auth-2.47.0-py3-none-any.whl.metadata (6.4 kB)
2026-01-19T02:14:02.3701827Z Collecting httpx<1.0.0,>=0.28.1 (from google-genai>=0.3.0->-r requirements.txt (line 5))
2026-01-19T02:14:02.3714975Z   Using cached httpx-0.28.1-py3-none-any.whl.metadata (7.1 kB)
2026-01-19T02:14:02.5145324Z Collecting pydantic<3.0.0,>=2.9.0 (from google-genai>=0.3.0->-r requirements.txt (line 5))
2026-01-19T02:14:02.5161819Z   Using cached pydantic-2.12.5-py3-none-any.whl.metadata (90 kB)
2026-01-19T02:14:02.5456373Z Collecting tenacity<9.2.0,>=8.2.3 (from google-genai>=0.3.0->-r requirements.txt (line 5))
2026-01-19T02:14:02.5470031Z   Using cached tenacity-9.1.2-py3-none-any.whl.metadata (1.2 kB)
2026-01-19T02:14:02.6319917Z Collecting websockets<15.1.0,>=13.0.0 (from google-genai>=0.3.0->-r requirements.txt (line 5))
2026-01-19T02:14:02.6339740Z   Using cached websockets-15.0.1-cp311-cp311-manylinux_2_5_x86_64.manylinux1_x86_64.manylinux_2_17_x86_64.manylinux2014_x86_64.whl.metadata (6.8 kB)
2026-01-19T02:14:02.6517554Z Collecting distro<2,>=1.7.0 (from google-genai>=0.3.0->-r requirements.txt (line 5))
2026-01-19T02:14:02.6531313Z   Using cached distro-1.9.0-py3-none-any.whl.metadata (6.8 kB)
2026-01-19T02:14:02.6611011Z Collecting sniffio (from google-genai>=0.3.0->-r requirements.txt (line 5))
2026-01-19T02:14:02.6625206Z   Using cached sniffio-1.3.1-py3-none-any.whl.metadata (3.9 kB)
2026-01-19T02:14:02.6876531Z Collecting pyasn1-modules>=0.2.1 (from google-auth<3.0.0,>=2.47.0->google-auth[requests]<3.0.0,>=2.47.0->google-genai>=0.3.0->-r requirements.txt (line 5))
2026-01-19T02:14:02.6890419Z   Using cached pyasn1_modules-0.4.2-py3-none-any.whl.metadata (3.5 kB)
2026-01-19T02:14:02.7021173Z Collecting rsa<5,>=3.1.4 (from google-auth<3.0.0,>=2.47.0->google-auth[requests]<3.0.0,>=2.47.0->google-genai>=0.3.0->-r requirements.txt (line 5))
2026-01-19T02:14:02.7034649Z   Using cached rsa-4.9.1-py3-none-any.whl.metadata (5.6 kB)
2026-01-19T02:14:02.7290157Z Collecting httpcore==1.* (from httpx<1.0.0,>=0.28.1->google-genai>=0.3.0->-r requirements.txt (line 5))
2026-01-19T02:14:02.7303884Z   Using cached httpcore-1.0.9-py3-none-any.whl.metadata (21 kB)
2026-01-19T02:14:02.7420924Z Collecting h11>=0.16 (from httpcore==1.*->httpx<1.0.0,>=0.28.1->google-genai>=0.3.0->-r requirements.txt (line 5))
2026-01-19T02:14:02.7434395Z   Using cached h11-0.16.0-py3-none-any.whl.metadata (8.3 kB)
2026-01-19T02:14:02.7566776Z Collecting annotated-types>=0.6.0 (from pydantic<3.0.0,>=2.9.0->google-genai>=0.3.0->-r requirements.txt (line 5))
2026-01-19T02:14:02.7580821Z   Using cached annotated_types-0.7.0-py3-none-any.whl.metadata (15 kB)
2026-01-19T02:14:03.4144607Z Collecting pydantic-core==2.41.5 (from pydantic<3.0.0,>=2.9.0->google-genai>=0.3.0->-r requirements.txt (line 5))
2026-01-19T02:14:03.4160668Z   Using cached pydantic_core-2.41.5-cp311-cp311-manylinux_2_17_x86_64.manylinux2014_x86_64.whl.metadata (7.3 kB)
2026-01-19T02:14:03.4296992Z Collecting typing-inspection>=0.4.2 (from pydantic<3.0.0,>=2.9.0->google-genai>=0.3.0->-r requirements.txt (line 5))
2026-01-19T02:14:03.4310200Z   Using cached typing_inspection-0.4.2-py3-none-any.whl.metadata (2.6 kB)
2026-01-19T02:14:03.5017507Z Collecting pyasn1>=0.1.3 (from rsa<5,>=3.1.4->google-auth<3.0.0,>=2.47.0->google-auth[requests]<3.0.0,>=2.47.0->google-genai>=0.3.0->-r requirements.txt (line 5))
2026-01-19T02:14:03.5032667Z   Using cached pyasn1-0.6.2-py3-none-any.whl.metadata (8.4 kB)
2026-01-19T02:14:03.5299456Z Using cached playwright-1.57.0-py3-none-manylinux1_x86_64.whl (46.0 MB)
2026-01-19T02:14:03.5647498Z Using cached greenlet-3.3.0-cp311-cp311-manylinux_2_24_x86_64.manylinux_2_28_x86_64.whl (590 kB)
2026-01-19T02:14:03.5664191Z Using cached pyee-13.0.0-py3-none-any.whl (15 kB)
2026-01-19T02:14:03.5677537Z Using cached python_dotenv-1.2.1-py3-none-any.whl (21 kB)
2026-01-19T02:14:03.5690710Z Using cached requests-2.32.5-py3-none-any.whl (64 kB)
2026-01-19T02:14:03.5704715Z Using cached charset_normalizer-3.4.4-cp311-cp311-manylinux2014_x86_64.manylinux_2_17_x86_64.manylinux_2_28_x86_64.whl (151 kB)
2026-01-19T02:14:03.5718600Z Using cached idna-3.11-py3-none-any.whl (71 kB)
2026-01-19T02:14:03.5732081Z Using cached urllib3-2.6.3-py3-none-any.whl (131 kB)
2026-01-19T02:14:03.5746491Z Using cached pillow-12.1.0-cp311-cp311-manylinux_2_27_x86_64.manylinux_2_28_x86_64.whl (7.0 MB)
2026-01-19T02:14:03.5809882Z Using cached google_genai-1.59.0-py3-none-any.whl (719 kB)
2026-01-19T02:14:03.5828320Z Using cached anyio-4.12.1-py3-none-any.whl (113 kB)
2026-01-19T02:14:03.5841982Z Using cached distro-1.9.0-py3-none-any.whl (20 kB)
2026-01-19T02:14:03.5855034Z Using cached google_auth-2.47.0-py3-none-any.whl (234 kB)
2026-01-19T02:14:03.5869622Z Using cached httpx-0.28.1-py3-none-any.whl (73 kB)
2026-01-19T02:14:03.5883013Z Using cached httpcore-1.0.9-py3-none-any.whl (78 kB)
2026-01-19T02:14:03.5896599Z Using cached pydantic-2.12.5-py3-none-any.whl (463 kB)
2026-01-19T02:14:03.5913386Z Using cached pydantic_core-2.41.5-cp311-cp311-manylinux_2_17_x86_64.manylinux2014_x86_64.whl (2.1 MB)
2026-01-19T02:14:03.5940428Z Using cached rsa-4.9.1-py3-none-any.whl (34 kB)
2026-01-19T02:14:03.5953589Z Using cached tenacity-9.1.2-py3-none-any.whl (28 kB)
2026-01-19T02:14:03.5966793Z Using cached typing_extensions-4.15.0-py3-none-any.whl (44 kB)
2026-01-19T02:14:03.5980604Z Using cached websockets-15.0.1-cp311-cp311-manylinux_2_5_x86_64.manylinux1_x86_64.manylinux_2_17_x86_64.manylinux2014_x86_64.whl (182 kB)
2026-01-19T02:14:03.5994437Z Using cached termcolor-3.3.0-py3-none-any.whl (7.7 kB)
2026-01-19T02:14:03.6008073Z Using cached pyyaml-6.0.3-cp311-cp311-manylinux2014_x86_64.manylinux_2_17_x86_64.manylinux_2_28_x86_64.whl (806 kB)
2026-01-19T02:14:03.6027015Z Using cached opencv_python_headless-4.13.0.90-cp37-abi3-manylinux_2_28_x86_64.whl (62.5 MB)
2026-01-19T02:14:03.6489497Z Using cached numpy-2.4.1-cp311-cp311-manylinux_2_27_x86_64.manylinux_2_28_x86_64.whl (16.7 MB)
2026-01-19T02:14:03.6622662Z Using cached faker-40.1.2-py3-none-any.whl (2.0 MB)
2026-01-19T02:14:03.6651805Z Using cached annotated_types-0.7.0-py3-none-any.whl (13 kB)
2026-01-19T02:14:03.6665543Z Using cached certifi-2026.1.4-py3-none-any.whl (152 kB)
2026-01-19T02:14:03.6681407Z Using cached h11-0.16.0-py3-none-any.whl (37 kB)
2026-01-19T02:14:03.6694380Z Using cached pyasn1-0.6.2-py3-none-any.whl (83 kB)
2026-01-19T02:14:03.6708213Z Using cached pyasn1_modules-0.4.2-py3-none-any.whl (181 kB)
2026-01-19T02:14:03.6722665Z Using cached typing_inspection-0.4.2-py3-none-any.whl (14 kB)
2026-01-19T02:14:03.6735691Z Using cached sniffio-1.3.1-py3-none-any.whl (10 kB)
2026-01-19T02:14:03.8878731Z Installing collected packages: websockets, urllib3, typing-extensions, termcolor, tenacity, sniffio, PyYAML, python-dotenv, pyasn1, pillow, numpy, idna, h11, greenlet, faker, distro, charset_normalizer, certifi, annotated-types, typing-inspection, rsa, requests, pyee, pydantic-core, pyasn1-modules, opencv-python-headless, httpcore, anyio, pydantic, playwright, httpx, google-auth, google-genai
2026-01-19T02:14:10.8822589Z 
2026-01-19T02:14:10.8845754Z Successfully installed PyYAML-6.0.3 annotated-types-0.7.0 anyio-4.12.1 certifi-2026.1.4 charset_normalizer-3.4.4 distro-1.9.0 faker-40.1.2 google-auth-2.47.0 google-genai-1.59.0 greenlet-3.3.0 h11-0.16.0 httpcore-1.0.9 httpx-0.28.1 idna-3.11 numpy-2.4.1 opencv-python-headless-4.13.0.90 pillow-12.1.0 playwright-1.57.0 pyasn1-0.6.2 pyasn1-modules-0.4.2 pydantic-2.12.5 pydantic-core-2.41.5 pyee-13.0.0 python-dotenv-1.2.1 requests-2.32.5 rsa-4.9.1 sniffio-1.3.1 tenacity-9.1.2 termcolor-3.3.0 typing-extensions-4.15.0 typing-inspection-0.4.2 urllib3-2.6.3 websockets-15.0.1
2026-01-19T02:14:11.6235247Z Downloading Chromium 143.0.7499.4 (playwright build v1200) from https://cdn.playwright.dev/dbazure/download/playwright/builds/chromium/1200/chromium-linux.zip
2026-01-19T02:14:11.7234739Z (node:2192) [DEP0169] DeprecationWarning: `url.parse()` behavior is not standardized and prone to errors that have security implications. Use the WHATWG URL API instead. CVEs are not issued for `url.parse()` vulnerabilities.
2026-01-19T02:14:11.7236760Z (Use `node --trace-deprecation ...` to show where the warning was created)
2026-01-19T02:14:11.8588748Z |                                                                                |   0% of 164.7 MiB
2026-01-19T02:14:12.0881642Z |■■■■■■■■                                                                        |  10% of 164.7 MiB
2026-01-19T02:14:12.2062772Z |■■■■■■■■■■■■■■■■                                                                |  20% of 164.7 MiB
2026-01-19T02:14:12.3207496Z |■■■■■■■■■■■■■■■■■■■■■■■■                                                        |  30% of 164.7 MiB
2026-01-19T02:14:12.4653665Z |■■■■■■■■■■■■■■■■■■■■■■■■■■■■■■■■                                                |  40% of 164.7 MiB
2026-01-19T02:14:12.5702326Z |■■■■■■■■■■■■■■■■■■■■■■■■■■■■■■■■■■■■■■■■                                        |  50% of 164.7 MiB
2026-01-19T02:14:12.6835728Z |■■■■■■■■■■■■■■■■■■■■■■■■■■■■■■■■■■■■■■■■■■■■■■■■                                |  60% of 164.7 MiB
2026-01-19T02:14:12.7943145Z |■■■■■■■■■■■■■■■■■■■■■■■■■■■■■■■■■■■■■■■■■■■■■■■■■■■■■■■■                        |  70% of 164.7 MiB
2026-01-19T02:14:12.9009773Z |■■■■■■■■■■■■■■■■■■■■■■■■■■■■■■■■■■■■■■■■■■■■■■■■■■■■■■■■■■■■■■■■                |  80% of 164.7 MiB
2026-01-19T02:14:13.0133432Z |■■■■■■■■■■■■■■■■■■■■■■■■■■■■■■■■■■■■■■■■■■■■■■■■■■■■■■■■■■■■■■■■■■■■■■■■        |  90% of 164.7 MiB
2026-01-19T02:14:13.1317572Z |■■■■■■■■■■■■■■■■■■■■■■■■■■■■■■■■■■■■■■■■■■■■■■■■■■■■■■■■■■■■■■■■■■■■■■■■■■■■■■■■| 100% of 164.7 MiB
2026-01-19T02:14:15.7332121Z Chromium 143.0.7499.4 (playwright build v1200) downloaded to /home/runner/.cache/ms-playwright/chromium-1200
2026-01-19T02:14:15.7337961Z Downloading FFMPEG playwright build v1011 from https://cdn.playwright.dev/dbazure/download/playwright/builds/ffmpeg/1011/ffmpeg-linux.zip
2026-01-19T02:14:15.8390329Z (node:2203) [DEP0169] DeprecationWarning: `url.parse()` behavior is not standardized and prone to errors that have security implications. Use the WHATWG URL API instead. CVEs are not issued for `url.parse()` vulnerabilities.
2026-01-19T02:14:15.8392239Z (Use `node --trace-deprecation ...` to show where the warning was created)
2026-01-19T02:14:15.8755907Z |                                                                                |   0% of 2.3 MiB
2026-01-19T02:14:15.8835669Z |■■■■■■■■                                                                        |  10% of 2.3 MiB
2026-01-19T02:14:15.8862397Z |■■■■■■■■■■■■■■■■                                                                |  20% of 2.3 MiB
2026-01-19T02:14:15.8892055Z |■■■■■■■■■■■■■■■■■■■■■■■■                                                        |  30% of 2.3 MiB
2026-01-19T02:14:15.8907645Z |■■■■■■■■■■■■■■■■■■■■■■■■■■■■■■■■                                                |  40% of 2.3 MiB
2026-01-19T02:14:15.8921773Z |■■■■■■■■■■■■■■■■■■■■■■■■■■■■■■■■■■■■■■■■                                        |  50% of 2.3 MiB
2026-01-19T02:14:15.8945026Z |■■■■■■■■■■■■■■■■■■■■■■■■■■■■■■■■■■■■■■■■■■■■■■■■                                |  60% of 2.3 MiB
2026-01-19T02:14:15.8966224Z |■■■■■■■■■■■■■■■■■■■■■■■■■■■■■■■■■■■■■■■■■■■■■■■■■■■■■■■■                        |  70% of 2.3 MiB
2026-01-19T02:14:15.8982025Z |■■■■■■■■■■■■■■■■■■■■■■■■■■■■■■■■■■■■■■■■■■■■■■■■■■■■■■■■■■■■■■■■                |  80% of 2.3 MiB
2026-01-19T02:14:15.9003119Z |■■■■■■■■■■■■■■■■■■■■■■■■■■■■■■■■■■■■■■■■■■■■■■■■■■■■■■■■■■■■■■■■■■■■■■■■        |  90% of 2.3 MiB
2026-01-19T02:14:15.9013993Z |■■■■■■■■■■■■■■■■■■■■■■■■■■■■■■■■■■■■■■■■■■■■■■■■■■■■■■■■■■■■■■■■■■■■■■■■■■■■■■■■| 100% of 2.3 MiB
2026-01-19T02:14:15.9641889Z FFMPEG playwright build v1011 downloaded to /home/runner/.cache/ms-playwright/ffmpeg-1011
2026-01-19T02:14:15.9645812Z Downloading Chromium Headless Shell 143.0.7499.4 (playwright build v1200) from https://cdn.playwright.dev/dbazure/download/playwright/builds/chromium/1200/chromium-headless-shell-linux.zip
2026-01-19T02:14:16.0659211Z (node:2214) [DEP0169] DeprecationWarning: `url.parse()` behavior is not standardized and prone to errors that have security implications. Use the WHATWG URL API instead. CVEs are not issued for `url.parse()` vulnerabilities.
2026-01-19T02:14:16.0661007Z (Use `node --trace-deprecation ...` to show where the warning was created)
2026-01-19T02:14:16.1709464Z |                                                                                |   0% of 109.7 MiB
2026-01-19T02:14:16.2877745Z |■■■■■■■■                                                                        |  10% of 109.7 MiB
2026-01-19T02:14:16.3723334Z |■■■■■■■■■■■■■■■■                                                                |  20% of 109.7 MiB
2026-01-19T02:14:16.4548158Z |■■■■■■■■■■■■■■■■■■■■■■■■                                                        |  30% of 109.7 MiB
2026-01-19T02:14:16.5287330Z |■■■■■■■■■■■■■■■■■■■■■■■■■■■■■■■■                                                |  40% of 109.7 MiB
2026-01-19T02:14:16.6157486Z |■■■■■■■■■■■■■■■■■■■■■■■■■■■■■■■■■■■■■■■■                                        |  50% of 109.7 MiB
2026-01-19T02:14:16.6764892Z |■■■■■■■■■■■■■■■■■■■■■■■■■■■■■■■■■■■■■■■■■■■■■■■■                                |  60% of 109.7 MiB
2026-01-19T02:14:16.7572188Z |■■■■■■■■■■■■■■■■■■■■■■■■■■■■■■■■■■■■■■■■■■■■■■■■■■■■■■■■                        |  70% of 109.7 MiB
2026-01-19T02:14:16.8164057Z |■■■■■■■■■■■■■■■■■■■■■■■■■■■■■■■■■■■■■■■■■■■■■■■■■■■■■■■■■■■■■■■■                |  80% of 109.7 MiB
2026-01-19T02:14:16.8934626Z |■■■■■■■■■■■■■■■■■■■■■■■■■■■■■■■■■■■■■■■■■■■■■■■■■■■■■■■■■■■■■■■■■■■■■■■■        |  90% of 109.7 MiB
2026-01-19T02:14:16.9727960Z |■■■■■■■■■■■■■■■■■■■■■■■■■■■■■■■■■■■■■■■■■■■■■■■■■■■■■■■■■■■■■■■■■■■■■■■■■■■■■■■■| 100% of 109.7 MiB
2026-01-19T02:14:18.8703023Z Chromium Headless Shell 143.0.7499.4 (playwright build v1200) downloaded to /home/runner/.cache/ms-playwright/chromium_headless_shell-1200
2026-01-19T02:14:18.8931069Z ##[group]Run mkdir -p projects/ci_the_internet_forms
2026-01-19T02:14:18.8931535Z [36;1mmkdir -p projects/ci_the_internet_forms[0m
2026-01-19T02:14:18.8931934Z [36;1mcat > projects/ci_the_internet_forms/config.json << 'EOF'[0m
2026-01-19T02:14:18.8932278Z [36;1m{[0m
2026-01-19T02:14:18.8932502Z [36;1m  "project_name": "ci_the_internet_forms",[0m
2026-01-19T02:14:18.8932885Z [36;1m  "target_url": "https://the-internet.herokuapp.com/",[0m
2026-01-19T02:14:18.8933262Z [36;1m  "goal": "Test authentication and forms",[0m
2026-01-19T02:14:18.8933552Z [36;1m  "headless": true[0m
2026-01-19T02:14:18.8933764Z [36;1m}[0m
2026-01-19T02:14:18.8933934Z [36;1mEOF[0m
2026-01-19T02:14:18.8966256Z shell: /usr/bin/bash -e {0}
2026-01-19T02:14:18.8966509Z env:
2026-01-19T02:14:18.8966779Z   pythonLocation: /opt/hostedtoolcache/Python/3.11.14/x64
2026-01-19T02:14:18.8967222Z   PKG_CONFIG_PATH: /opt/hostedtoolcache/Python/3.11.14/x64/lib/pkgconfig
2026-01-19T02:14:18.8967693Z   Python_ROOT_DIR: /opt/hostedtoolcache/Python/3.11.14/x64
2026-01-19T02:14:18.8968084Z   Python2_ROOT_DIR: /opt/hostedtoolcache/Python/3.11.14/x64
2026-01-19T02:14:18.8968447Z   Python3_ROOT_DIR: /opt/hostedtoolcache/Python/3.11.14/x64
2026-01-19T02:14:18.8968823Z   LD_LIBRARY_PATH: /opt/hostedtoolcache/Python/3.11.14/x64/lib
2026-01-19T02:14:18.8969134Z ##[endgroup]
2026-01-19T02:14:18.9075505Z ##[group]Run # Use --deep for comprehensive regression suite
2026-01-19T02:14:18.9076235Z [36;1m# Use --deep for comprehensive regression suite[0m
2026-01-19T02:14:18.9076743Z [36;1mpython orchestrator.py --project projects/ci_the_internet_forms --deep --force[0m
2026-01-19T02:14:18.9107348Z shell: /usr/bin/bash -e {0}
2026-01-19T02:14:18.9107584Z env:
2026-01-19T02:14:18.9107834Z   pythonLocation: /opt/hostedtoolcache/Python/3.11.14/x64
2026-01-19T02:14:18.9108264Z   PKG_CONFIG_PATH: /opt/hostedtoolcache/Python/3.11.14/x64/lib/pkgconfig
2026-01-19T02:14:18.9108677Z   Python_ROOT_DIR: /opt/hostedtoolcache/Python/3.11.14/x64
2026-01-19T02:14:18.9109245Z   Python2_ROOT_DIR: /opt/hostedtoolcache/Python/3.11.14/x64
2026-01-19T02:14:18.9109614Z   Python3_ROOT_DIR: /opt/hostedtoolcache/Python/3.11.14/x64
2026-01-19T02:14:18.9109993Z   LD_LIBRARY_PATH: /opt/hostedtoolcache/Python/3.11.14/x64/lib
2026-01-19T02:14:18.9110516Z   GOOGLE_API_KEY: ***
2026-01-19T02:14:18.9110754Z   PYTHONPATH: .
2026-01-19T02:14:18.9110937Z ##[endgroup]
2026-01-19T02:14:20.8428427Z 🚀 [DEEP] Extensive mapping enabled (Depth: 3, Pages: 50)
2026-01-19T02:14:20.8428921Z 
2026-01-19T02:14:20.8429655Z 🗺️ [DISCOVERY] Starting Parallel Semantic Crawl on https://the-internet.herokuapp.com/ (Workers: 3)
2026-01-19T02:14:22.4684563Z   🔍 [Worker 0] Visiting (0): https://the-internet.herokuapp.com/
2026-01-19T02:14:24.1259316Z [DEBUG] Sending request to gemini-2.0-flash. Number of parts: 1
2026-01-19T02:14:24.1259987Z [DEBUG] Received response (Length: 139)
2026-01-19T02:14:24.1260978Z   🔍 [Worker 1] Visiting (1): https://the-internet.herokuapp.com/inputs
2026-01-19T02:14:24.1266745Z   🔍 [Worker 2] Visiting (1): https://the-internet.herokuapp.com/key_presses
2026-01-19T02:14:24.1295311Z   🔍 [Worker 0] Visiting (1): https://the-internet.herokuapp.com/checkboxes
2026-01-19T02:14:28.9821130Z [DEBUG] Sending request to gemini-2.0-flash. Number of parts: 1
2026-01-19T02:14:28.9821895Z [DEBUG] Sending request to gemini-2.0-flash. Number of parts: 1
2026-01-19T02:14:28.9822548Z [DEBUG] Sending request to gemini-2.0-flash. Number of parts: 1
2026-01-19T02:14:28.9823115Z [DEBUG] Received response (Length: 84)
2026-01-19T02:14:28.9824060Z   🔍 [Worker 1] Visiting (1): https://the-internet.herokuapp.com/entry_ad
2026-01-19T02:14:29.1075397Z [DEBUG] Received response (Length: 207)
2026-01-19T02:14:29.1078079Z   🔍 [Worker 2] Visiting (1): https://the-internet.herokuapp.com/status_codes
2026-01-19T02:14:29.1584103Z [DEBUG] Received response (Length: 199)
2026-01-19T02:14:29.1607360Z   🔍 [Worker 0] Visiting (1): https://the-internet.herokuapp.com/login
2026-01-19T02:14:29.8392772Z [DEBUG] Sending request to gemini-2.0-flash. Number of parts: 1
2026-01-19T02:14:29.8393575Z [DEBUG] Received response (Length: 139)
2026-01-19T02:14:29.8394698Z   🔍 [Worker 1] Visiting (1): https://the-internet.herokuapp.com/javascript_alerts
2026-01-19T02:14:34.8391623Z [DEBUG] Sending request to gemini-2.0-flash. Number of parts: 1
2026-01-19T02:14:34.8392640Z [DEBUG] Sending request to gemini-2.0-flash. Number of parts: 1
2026-01-19T02:14:34.8394471Z [DEBUG] Sending request to gemini-2.0-flash. Number of parts: 1
2026-01-19T02:14:34.8395129Z [DEBUG] Received response (Length: 195)
2026-01-19T02:14:34.8395608Z [DEBUG] Received response (Length: 184)
2026-01-19T02:14:34.8396940Z   🔍 [Worker 2] Visiting (1): https://the-internet.herokuapp.com/floating_menu
2026-01-19T02:14:34.8444674Z   🔍 [Worker 0] Visiting (1): https://the-internet.herokuapp.com/shifting_content
2026-01-19T02:14:35.0348902Z [DEBUG] Received response (Length: 305)
2026-01-19T02:14:35.0351717Z   🔍 [Worker 1] Visiting (1): https://the-internet.herokuapp.com/forgot_password
2026-01-19T02:14:39.8915188Z [DEBUG] Sending request to gemini-2.0-flash. Number of parts: 1
2026-01-19T02:14:39.8916556Z [DEBUG] Sending request to gemini-2.0-flash. Number of parts: 1
2026-01-19T02:14:39.8917834Z [DEBUG] Sending request to gemini-2.0-flash. Number of parts: 1
2026-01-19T02:14:39.8920628Z [DEBUG] Received response (Length: 239)
2026-01-19T02:14:39.8921723Z   🔍 [Worker 0] Visiting (1): https://the-internet.herokuapp.com/dynamic_controls
2026-01-19T02:14:39.9399600Z [DEBUG] Received response (Length: 252)
2026-01-19T02:14:39.9401057Z   🔍 [Worker 1] Visiting (1): https://the-internet.herokuapp.com/frames
2026-01-19T02:14:40.1219022Z [DEBUG] Received response (Length: 286)
2026-01-19T02:14:40.1220863Z   🔍 [Worker 2] Visiting (1): https://the-internet.herokuapp.com/horizontal_slider
2026-01-19T02:14:44.7958516Z [DEBUG] Sending request to gemini-2.0-flash. Number of parts: 1
2026-01-19T02:14:44.7959228Z [DEBUG] Sending request to gemini-2.0-flash. Number of parts: 1
2026-01-19T02:14:44.7960189Z [DEBUG] Sending request to gemini-2.0-flash. Number of parts: 1
2026-01-19T02:14:44.7960723Z [DEBUG] Received response (Length: 162)
2026-01-19T02:14:44.7961648Z   🔍 [Worker 1] Visiting (1): https://the-internet.herokuapp.com/shadowdom
2026-01-19T02:14:44.8243371Z [DEBUG] Received response (Length: 157)
2026-01-19T02:14:44.8244496Z   🔍 [Worker 2] Visiting (1): https://the-internet.herokuapp.com/redirector
2026-01-19T02:14:44.8730509Z [DEBUG] Received response (Length: 238)
2026-01-19T02:14:44.8733339Z   🔍 [Worker 0] Visiting (1): https://the-internet.herokuapp.com/windows
2026-01-19T02:14:49.7027993Z [DEBUG] Sending request to gemini-2.0-flash. Number of parts: 1
2026-01-19T02:14:49.7028744Z [DEBUG] Sending request to gemini-2.0-flash. Number of parts: 1
2026-01-19T02:14:49.7029376Z [DEBUG] Sending request to gemini-2.0-flash. Number of parts: 1
2026-01-19T02:14:49.7029921Z [DEBUG] Received response (Length: 83)
2026-01-19T02:14:49.7030817Z   🔍 [Worker 1] Visiting (1): https://the-internet.herokuapp.com/nested_frames
2026-01-19T02:14:49.9017197Z [DEBUG] Received response (Length: 150)
2026-01-19T02:14:49.9018419Z   🔍 [Worker 0] Visiting (1): https://the-internet.herokuapp.com/hovers
2026-01-19T02:14:49.9487601Z [DEBUG] Received response (Length: 280)
2026-01-19T02:14:49.9490322Z   🔍 [Worker 2] Visiting (1): https://the-internet.herokuapp.com/large
2026-01-19T02:14:54.8479731Z [DEBUG] Sending request to gemini-2.0-flash. Number of parts: 1
2026-01-19T02:14:54.8482061Z [DEBUG] Sending request to gemini-2.0-flash. Number of parts: 1
2026-01-19T02:14:54.8483132Z [DEBUG] Sending request to gemini-2.0-flash. Number of parts: 1
2026-01-19T02:14:54.8489834Z [DEBUG] Received response (Length: 183)
2026-01-19T02:14:54.8490822Z   🔍 [Worker 0] Visiting (1): https://the-internet.herokuapp.com/dropdown
2026-01-19T02:14:54.8960969Z [DEBUG] Received response (Length: 282)
2026-01-19T02:14:54.8967241Z   🔍 [Worker 2] Visiting (1): https://the-internet.herokuapp.com/jqueryui/menu
2026-01-19T02:14:55.2489872Z [DEBUG] Sending request to gemini-2.0-flash. Number of parts: 1
2026-01-19T02:14:55.2501393Z [DEBUG] Received response (Length: 250)
2026-01-19T02:14:55.2502850Z   🔍 [Worker 1] Visiting (1): https://the-internet.herokuapp.com/slow
2026-01-19T02:14:55.7720281Z [DEBUG] Received response (Length: 152)
2026-01-19T02:14:55.7721439Z   🔍 [Worker 0] Visiting (1): https://the-internet.herokuapp.com/dynamic_loading
2026-01-19T02:15:00.7239508Z [DEBUG] Sending request to gemini-2.0-flash. Number of parts: 1
2026-01-19T02:15:00.7240249Z [DEBUG] Sending request to gemini-2.0-flash. Number of parts: 1
2026-01-19T02:15:00.7240913Z [DEBUG] Sending request to gemini-2.0-flash. Number of parts: 1
2026-01-19T02:15:00.7241451Z [DEBUG] Received response (Length: 217)
2026-01-19T02:15:00.7242466Z   🔍 [Worker 1] Visiting (1): https://the-internet.herokuapp.com/notification_message
2026-01-19T02:15:00.7749527Z [DEBUG] Received response (Length: 201)
2026-01-19T02:15:00.7750168Z [DEBUG] Received response (Length: 292)
2026-01-19T02:15:00.7751280Z   🔍 [Worker 0] Visiting (1): https://the-internet.herokuapp.com/context_menu
2026-01-19T02:15:00.7789390Z   🔍 [Worker 2] Visiting (1): https://the-internet.herokuapp.com/geolocation
2026-01-19T02:15:05.6420816Z [DEBUG] Sending request to gemini-2.0-flash. Number of parts: 1
2026-01-19T02:15:05.6422604Z [DEBUG] Sending request to gemini-2.0-flash. Number of parts: 1
2026-01-19T02:15:05.6423554Z [DEBUG] Sending request to gemini-2.0-flash. Number of parts: 1
2026-01-19T02:15:05.6426289Z [DEBUG] LLM Error: 429 RESOURCE_EXHAUSTED. {'error': {'code': 429, 'message': 'Resource exhausted. Please try again later. Please refer to https://cloud.google.com/vertex-ai/generative-ai/docs/error-code-429 for more details.', 'status': 'RESOURCE_EXHAUSTED'}}
2026-01-19T02:15:05.6428689Z ⚠️ 429 Rate Limit Hit. Cooling down for 60s...
2026-01-19T02:15:05.6429203Z [DEBUG] Received response (Length: 138)
2026-01-19T02:15:05.6429966Z   🔍 [Worker 2] Visiting (1): https://the-internet.herokuapp.com/typos
2026-01-19T02:15:05.8395473Z [DEBUG] Received response (Length: 189)
2026-01-19T02:15:05.8396768Z   🔍 [Worker 0] Visiting (1): https://the-internet.herokuapp.com/add_remove_elements
2026-01-19T02:15:10.5546874Z [DEBUG] Sending request to gemini-2.0-flash. Number of parts: 1
2026-01-19T02:15:10.5547632Z [DEBUG] Sending request to gemini-2.0-flash. Number of parts: 1
2026-01-19T02:15:10.5548186Z [DEBUG] Received response (Length: 84)
2026-01-19T02:15:10.5549152Z   🔍 [Worker 0] Visiting (1): https://the-internet.herokuapp.com/download_secure
2026-01-19T02:15:10.6665275Z [DEBUG] Received response (Length: 199)
2026-01-19T02:15:10.6666889Z   🔍 [Worker 2] Visiting (1): https://the-internet.herokuapp.com/tinymce
2026-01-19T02:15:15.6931325Z [DEBUG] Sending request to gemini-2.0-flash. Number of parts: 1
2026-01-19T02:15:15.6932963Z [DEBUG] Sending request to gemini-2.0-flash. Number of parts: 1
2026-01-19T02:15:15.6934719Z [DEBUG] Received response (Length: 141)
2026-01-19T02:15:15.6935553Z [DEBUG] Received response (Length: 146)
2026-01-19T02:15:15.6942627Z   🔍 [Worker 0] Visiting (1): https://the-internet.herokuapp.com/upload
2026-01-19T02:15:15.6976210Z   🔍 [Worker 2] Visiting (1): https://the-internet.herokuapp.com/download
2026-01-19T02:15:20.6785299Z [DEBUG] Sending request to gemini-2.0-flash. Number of parts: 1
2026-01-19T02:15:20.6786285Z [DEBUG] Sending request to gemini-2.0-flash. Number of parts: 1
2026-01-19T02:15:20.6786845Z [DEBUG] Received response (Length: 180)
2026-01-19T02:15:20.6787875Z   🔍 [Worker 0] Visiting (1): https://the-internet.herokuapp.com/dynamic_content
2026-01-19T02:15:20.8777870Z [DEBUG] Received response (Length: 292)
2026-01-19T02:15:20.8779132Z   🔍 [Worker 2] Visiting (1): https://the-internet.herokuapp.com/digest_auth
2026-01-19T02:15:20.9934142Z [CACHE HIT] 51265742... (hits: 1, misses: 34)
2026-01-19T02:15:20.9938474Z   🔍 [Worker 2] Visiting (1): https://the-internet.herokuapp.com/basic_auth
2026-01-19T02:15:21.1060487Z [CACHE HIT] 7e32be55... (hits: 2, misses: 34)
2026-01-19T02:15:21.1061591Z   🔍 [Worker 2] Visiting (1): https://the-internet.herokuapp.com/abtest
2026-01-19T02:15:25.7077537Z [DEBUG] Sending request to gemini-2.0-flash. Number of parts: 1
2026-01-19T02:15:25.7079136Z [DEBUG] Sending request to gemini-2.0-flash. Number of parts: 1
2026-01-19T02:15:25.7079761Z [DEBUG] Received response (Length: 264)
2026-01-19T02:15:25.7081115Z   🔍 [Worker 2] Visiting (1): https://the-internet.herokuapp.com/challenging_dom
2026-01-19T02:15:25.9120504Z [DEBUG] Received response (Length: 221)
2026-01-19T02:15:25.9121736Z   🔍 [Worker 0] Visiting (1): https://the-internet.herokuapp.com/disappearing_elements
2026-01-19T02:15:30.7870057Z [DEBUG] Sending request to gemini-2.0-flash. Number of parts: 1
2026-01-19T02:15:30.7870795Z [DEBUG] Sending request to gemini-2.0-flash. Number of parts: 1
2026-01-19T02:15:30.7871334Z [DEBUG] Received response (Length: 271)
2026-01-19T02:15:30.7872335Z   🔍 [Worker 0] Visiting (1): https://the-internet.herokuapp.com/broken_images
2026-01-19T02:15:30.9409870Z [DEBUG] Received response (Length: 293)
2026-01-19T02:15:30.9417007Z   🔍 [Worker 2] Visiting (1): https://the-internet.herokuapp.com/javascript_error
2026-01-19T02:15:35.5809190Z [DEBUG] Sending request to gemini-2.0-flash. Number of parts: 1
2026-01-19T02:15:35.5820189Z [DEBUG] Sending request to gemini-2.0-flash. Number of parts: 1
2026-01-19T02:15:35.5820910Z [DEBUG] Received response (Length: 157)
2026-01-19T02:15:35.5821924Z   🔍 [Worker 2] Visiting (1): https://the-internet.herokuapp.com/exit_intent
2026-01-19T02:15:35.6302101Z [DEBUG] Received response (Length: 95)
2026-01-19T02:15:35.6305304Z   🔍 [Worker 0] Visiting (1): https://the-internet.herokuapp.com/infinite_scroll
2026-01-19T02:15:40.7619407Z [DEBUG] Sending request to gemini-2.0-flash. Number of parts: 1
2026-01-19T02:15:40.7622312Z [DEBUG] Sending request to gemini-2.0-flash. Number of parts: 1
2026-01-19T02:15:40.7622940Z [DEBUG] Received response (Length: 189)
2026-01-19T02:15:40.7623364Z [DEBUG] Received response (Length: 193)
2026-01-19T02:15:40.7624765Z   🔍 [Worker 2] Visiting (1): https://the-internet.herokuapp.com/drag_and_drop
2026-01-19T02:15:40.7694755Z   🔍 [Worker 0] Visiting (1): https://the-internet.herokuapp.com/tables
2026-01-19T02:15:45.5403075Z [DEBUG] Sending request to gemini-2.0-flash. Number of parts: 1
2026-01-19T02:15:45.5407926Z [DEBUG] Sending request to gemini-2.0-flash. Number of parts: 1
2026-01-19T02:15:45.5408592Z [DEBUG] Received response (Length: 114)
2026-01-19T02:15:45.5409634Z   🔍 [Worker 2] Visiting (2): https://the-internet.herokuapp.com/status_codes/301
2026-01-19T02:15:45.8892092Z [DEBUG] Received response (Length: 349)
2026-01-19T02:15:45.8893768Z   🔍 [Worker 0] Visiting (2): https://the-internet.herokuapp.com/status_codes/404
2026-01-19T02:15:50.7032052Z [DEBUG] Sending request to gemini-2.0-flash. Number of parts: 1
2026-01-19T02:15:50.7033121Z [DEBUG] Sending request to gemini-2.0-flash. Number of parts: 1
2026-01-19T02:15:50.7033714Z [DEBUG] Received response (Length: 167)
2026-01-19T02:15:50.7034750Z   🔍 [Worker 2] Visiting (2): https://the-internet.herokuapp.com/status_codes/200
2026-01-19T02:15:50.8544996Z [DEBUG] Received response (Length: 202)
2026-01-19T02:15:50.8549955Z   🔍 [Worker 0] Visiting (2): https://the-internet.herokuapp.com/status_codes/500
2026-01-19T02:15:55.6930372Z [DEBUG] Sending request to gemini-2.0-flash. Number of parts: 1
2026-01-19T02:15:55.6931466Z [DEBUG] Sending request to gemini-2.0-flash. Number of parts: 1
2026-01-19T02:15:55.6932070Z [DEBUG] Received response (Length: 163)
2026-01-19T02:15:55.6933105Z   🔍 [Worker 2] Visiting (2): https://the-internet.herokuapp.com/shifting_content/menu
2026-01-19T02:15:55.8410002Z [DEBUG] Received response (Length: 173)
2026-01-19T02:15:55.8413186Z   🔍 [Worker 0] Visiting (2): https://the-internet.herokuapp.com/shifting_content/image
2026-01-19T02:16:00.9569288Z [DEBUG] Sending request to gemini-2.0-flash. Number of parts: 1
2026-01-19T02:16:00.9570319Z [DEBUG] Sending request to gemini-2.0-flash. Number of parts: 1
2026-01-19T02:16:00.9570928Z [DEBUG] Received response (Length: 378)
2026-01-19T02:16:00.9571989Z   🔍 [Worker 2] Visiting (2): https://the-internet.herokuapp.com/shifting_content/list
2026-01-19T02:16:10.8509550Z [DEBUG] Received response (Length: 321)
2026-01-19T02:16:10.8510249Z [DEBUG] Sending request to gemini-2.0-flash. Number of parts: 1
2026-01-19T02:16:10.8510931Z [DEBUG] Received response (Length: 422)
2026-01-19T02:16:10.8511589Z [DEBUG] Sending request to gemini-2.0-flash. Number of parts: 1
2026-01-19T02:16:10.8512216Z [DEBUG] Received response (Length: 257)
2026-01-19T02:16:10.8513084Z ✅ Discovery Complete. Mapped 50 pages.
2026-01-19T02:17:23.6260812Z 
2026-01-19T02:17:23.6261453Z [PLAN] PLANNER: Planning goal -> 'Test authentication and forms' (Deep Mode: True)
2026-01-19T02:17:23.6262243Z 🗺️ [PLAN] Loaded Sitemap with 50 pages.
2026-01-19T02:17:23.6263346Z 🎭 [EXPERT] Detected Domain: GENERAL. Persona: Act as Senior SDET focusing on exploring the application to understand functional flow and identifying critical paths for end-to-end automation
2026-01-19T02:17:23.6264415Z [DEBUG] Sending request to gemini-2.0-flash. Number of parts: 1
2026-01-19T02:17:23.6266166Z [DEBUG] LLM Error: 429 RESOURCE_EXHAUSTED. {'error': {'code': 429, 'message': 'Resource exhausted. Please try again later. Please refer to https://cloud.google.com/vertex-ai/generative-ai/docs/error-code-429 for more details.', 'status': 'RESOURCE_EXHAUSTED'}}
2026-01-19T02:17:23.6267440Z ⚠️ 429 Rate Limit Hit. Cooling down for 60s...
2026-01-19T02:17:23.6267829Z [DEBUG] Sending request to gemini-2.0-flash. Number of parts: 1
2026-01-19T02:17:23.6268212Z [DEBUG] Received response (Length: 4938)
2026-01-19T02:17:23.6268588Z ✅ Planner generated 4 scenarios. Workflow updated.
2026-01-19T02:17:24.6805733Z 
2026-01-19T02:17:24.6807083Z 🕵️ [DEEP EXPLORER] Starting Multi-Scenario Exploration
2026-01-19T02:17:24.6807771Z 📋 Found 4 scenarios to explore.
2026-01-19T02:17:25.0537314Z 
2026-01-19T02:17:25.0537982Z [1/4] Exploring Scenario: Authentication - Successful Login
2026-01-19T02:17:25.0539327Z     🧠 Initialized exploration context for goal: 'Test authentication and forms'
2026-01-19T02:17:25.0539793Z   ▶️ [STEP step_1] NAVIGATE: 
2026-01-19T02:17:26.4920852Z     ✅ Navigated to https://the-internet.herokuapp.com/
2026-01-19T02:17:26.4921551Z   ▶️ [STEP step_2] ASSERT_URL: 
2026-01-19T02:17:31.5244373Z     ⚠️ Scroll into view failed for text=None. Proceeding anyway.
2026-01-19T02:17:33.5268404Z     ✅ State transitioned.
2026-01-19T02:17:35.2566557Z [DEBUG] Sending request to gemini-2.0-flash. Number of parts: 2
2026-01-19T02:17:35.2567285Z [DEBUG] Received response (Length: 243)
2026-01-19T02:17:35.2568164Z     🤖 AI Next Step Suggestion: click -> Form Authentication
2026-01-19T02:17:35.2568970Z     🧩 Suggested Locator: a[href='/login']
2026-01-19T02:17:35.2570595Z     💭 Reasoning: The goal is to test authentication and forms. 'Form Authentication' is a direct link to a login form, which is the next logical step.
2026-01-19T02:17:35.2572186Z     ➕ Injected AI step: click -> Form Authentication
2026-01-19T02:17:35.2573027Z   ▶️ [STEP step_2_ai_1] CLICK: Form Authentication
2026-01-19T02:17:35.2639302Z     🎯 Using AI-provided locator: a[href='/login']
2026-01-19T02:17:35.2714258Z     ✅ Found 1 verified locators
2026-01-19T02:17:39.3386807Z     ✅ State transitioned.
2026-01-19T02:17:40.9598610Z [DEBUG] Sending request to gemini-2.0-flash. Number of parts: 2
2026-01-19T02:17:40.9599374Z [DEBUG] Received response (Length: 220)
2026-01-19T02:17:40.9600034Z     🤖 AI Next Step Suggestion: fill -> Username
2026-01-19T02:17:40.9600411Z     🧩 Suggested Locator: #username
2026-01-19T02:17:40.9601057Z     💭 Reasoning: The page requires username and password. Filling the username field with the provided username 'tomsmith'.
2026-01-19T02:17:40.9601674Z     ➕ Injected AI step: fill -> Username
2026-01-19T02:17:40.9602011Z   ▶️ [STEP step_2_ai_2] FILL: Username
2026-01-19T02:17:40.9761614Z     🎯 Using AI-provided locator: #username
2026-01-19T02:17:40.9861967Z     ✅ Found 1 verified locators
2026-01-19T02:17:46.9398700Z     ✅ State transitioned.
2026-01-19T02:17:48.5305254Z [DEBUG] Sending request to gemini-2.0-flash. Number of parts: 2
2026-01-19T02:17:48.5305895Z [DEBUG] Received response (Length: 214)
2026-01-19T02:17:48.5306932Z     🤖 AI Next Step Suggestion: fill -> Password
2026-01-19T02:17:48.5307363Z     🧩 Suggested Locator: #password
2026-01-19T02:17:48.5307931Z     💭 Reasoning: The username field has been filled. Now filling the password field to complete the form.
2026-01-19T02:17:48.5308477Z     ➕ Injected AI step: fill -> Password
2026-01-19T02:17:48.5308818Z   ▶️ [STEP step_2_ai_3] FILL: Password
2026-01-19T02:17:48.5369058Z     🎯 Using AI-provided locator: #password
2026-01-19T02:17:48.5427821Z     ✅ Found 1 verified locators
2026-01-19T02:17:55.5155155Z     ✅ State transitioned.
2026-01-19T02:17:57.0000225Z [DEBUG] Sending request to gemini-2.0-flash. Number of parts: 2
2026-01-19T02:17:57.0018940Z [DEBUG] Received response (Length: 202)
2026-01-19T02:17:57.0019742Z     🤖 AI Next Step Suggestion: click -> Login
2026-01-19T02:17:57.0020323Z     🧩 Suggested Locator: button
2026-01-19T02:17:57.0021304Z     💭 Reasoning: The username and password fields have been filled, so the next step is to click the Login button to submit the form.
2026-01-19T02:17:57.0022483Z     ➕ Injected AI step: click -> Login
2026-01-19T02:17:57.0022854Z   ▶️ [STEP step_2_ai_4] CLICK: Login
2026-01-19T02:17:57.0066521Z     🎯 Using AI-provided locator: button
2026-01-19T02:17:57.0131886Z     ✅ Found 1 verified locators
2026-01-19T02:18:01.0642490Z     ✅ State transitioned.
2026-01-19T02:18:02.5393903Z [DEBUG] Sending request to gemini-2.0-flash. Number of parts: 2
2026-01-19T02:18:02.5394658Z [DEBUG] Received response (Length: 222)
2026-01-19T02:18:02.5395440Z     🤖 AI Next Step Suggestion: click -> Logout
2026-01-19T02:18:02.5396360Z     🧩 Suggested Locator: a[href="/logout"]
2026-01-19T02:18:02.5397902Z     💭 Reasoning: The goal is to test authentication and forms. We have successfully logged in. Now we should test the logout functionality.
2026-01-19T02:18:02.5399684Z     ➕ Injected AI step: click -> Logout
2026-01-19T02:18:02.5400360Z   ▶️ [STEP step_2_ai_5] CLICK: Logout
2026-01-19T02:18:02.5547556Z     🎯 Using AI-provided locator: a[href="/logout"]
2026-01-19T02:18:02.5609476Z     ✅ Found 1 verified locators
2026-01-19T02:18:06.6176290Z     ✅ State transitioned.
2026-01-19T02:18:08.0381011Z [DEBUG] Sending request to gemini-2.0-flash. Number of parts: 2
2026-01-19T02:18:08.0381670Z [DEBUG] Received response (Length: 167)
2026-01-19T02:18:08.0382540Z     🤖 AI Next Step Suggestion: fill -> Username
2026-01-19T02:18:08.0383101Z     🧩 Suggested Locator: #username
2026-01-19T02:18:08.0383784Z     💭 Reasoning: The page instructs to use 'tomsmith' as the username.
2026-01-19T02:18:08.0384485Z     ➕ Injected AI step: fill -> Username
2026-01-19T02:18:08.0385037Z   ▶️ [STEP step_2_ai_6] FILL: Username
2026-01-19T02:18:08.0540806Z     🎯 Using AI-provided locator: #username
2026-01-19T02:18:08.0602201Z     ✅ Found 1 verified locators
2026-01-19T02:18:14.2054647Z     ✅ State transitioned.
2026-01-19T02:18:15.7442890Z [DEBUG] Sending request to gemini-2.0-flash. Number of parts: 2
2026-01-19T02:18:15.7443573Z [DEBUG] Received response (Length: 198)
2026-01-19T02:18:15.7444401Z     🤖 AI Next Step Suggestion: fill -> Password
2026-01-19T02:18:15.7445083Z     🧩 Suggested Locator: #password
2026-01-19T02:18:15.7445929Z     💭 Reasoning: The username has been filled, now filling the password to attempt login.
2026-01-19T02:18:15.7447142Z     ➕ Injected AI step: fill -> Password
2026-01-19T02:18:15.7447684Z   ▶️ [STEP step_2_ai_7] FILL: Password
2026-01-19T02:18:15.7502709Z     🎯 Using AI-provided locator: #password
2026-01-19T02:18:15.7562661Z     ✅ Found 1 verified locators
2026-01-19T02:18:23.7465151Z     ✅ State transitioned.
2026-01-19T02:18:25.4209358Z [DEBUG] Sending request to gemini-2.0-flash. Number of parts: 2
2026-01-19T02:18:25.4210030Z [DEBUG] Received response (Length: 214)
2026-01-19T02:18:25.4210871Z     🤖 AI Next Step Suggestion: click -> Login
2026-01-19T02:18:25.4211320Z     🧩 Suggested Locator: button
2026-01-19T02:18:25.4212033Z     💭 Reasoning: The username and password fields have been filled. Clicking the Login button is the next logical step to attempt authentication.
2026-01-19T02:18:25.4212728Z     ➕ Injected AI step: click -> Login
2026-01-19T02:18:25.4213033Z   ▶️ [STEP step_2_ai_8] CLICK: Login
2026-01-19T02:18:25.4272353Z     🎯 Using AI-provided locator: button
2026-01-19T02:18:25.4330106Z     ✅ Found 1 verified locators
2026-01-19T02:18:29.4782093Z     ✅ State transitioned.
2026-01-19T02:18:29.4847226Z     🔄 Revisited state detected (count: 1)
2026-01-19T02:18:30.7167673Z [DEBUG] Sending request to gemini-2.0-flash. Number of parts: 2
2026-01-19T02:18:30.7168411Z [DEBUG] Received response (Length: 223)
2026-01-19T02:18:30.7169223Z     🤖 AI Next Step Suggestion: click -> Logout
2026-01-19T02:18:30.7169807Z     🧩 Suggested Locator: a[href="/logout"]
2026-01-19T02:18:30.7171185Z     💭 Reasoning: The goal is to test authentication and forms. We have successfully logged in. Now, we should test the logout functionality.
2026-01-19T02:18:30.7172316Z     ➕ Injected AI step: click -> Logout
2026-01-19T02:18:30.7172848Z   ▶️ [STEP step_2_ai_9] CLICK: Logout
2026-01-19T02:18:30.7326400Z     🎯 Using AI-provided locator: a[href="/logout"]
2026-01-19T02:18:30.7386899Z     ✅ Found 1 verified locators
2026-01-19T02:18:34.7962686Z     ✅ State transitioned.
2026-01-19T02:18:34.8027802Z     🔄 Revisited state detected (count: 2)
2026-01-19T02:18:36.0869553Z [DEBUG] Sending request to gemini-2.0-flash. Number of parts: 2
2026-01-19T02:18:36.0870462Z [DEBUG] Received response (Length: 181)
2026-01-19T02:18:36.0871352Z     🤖 AI Next Step Suggestion: click -> Login
2026-01-19T02:18:36.0872133Z     🧩 Suggested Locator: button
2026-01-19T02:18:36.0873610Z     💭 Reasoning: The form is complete, and the next logical step is to submit it by clicking the 'Login' button.
2026-01-19T02:18:36.0875556Z     ➕ Injected AI step: click -> Login
2026-01-19T02:18:36.0876622Z   ▶️ [STEP step_2_ai_10] CLICK: Login
2026-01-19T02:18:36.0935338Z     🎯 Using AI-provided locator: button
2026-01-19T02:18:36.0990198Z     ✅ Found 1 verified locators
2026-01-19T02:18:40.1637422Z     ✅ State transitioned.
2026-01-19T02:18:41.7564614Z [DEBUG] Sending request to gemini-2.0-flash. Number of parts: 2
2026-01-19T02:18:41.7565627Z [DEBUG] Received response (Length: 179)
2026-01-19T02:18:41.7567033Z     🤖 AI Next Step Suggestion: fill -> Username
2026-01-19T02:18:41.7567940Z     🧩 Suggested Locator: #username
2026-01-19T02:18:41.7569165Z     💭 Reasoning: The page description indicates the username should be 'tomsmith'.
2026-01-19T02:18:41.7570418Z     ➕ Injected AI step: fill -> Username
2026-01-19T02:18:41.7571249Z   ▶️ [STEP step_2_ai_11] FILL: Username
2026-01-19T02:18:41.7724657Z     🎯 Using AI-provided locator: #username
2026-01-19T02:18:41.7780157Z     ✅ Found 1 verified locators
2026-01-19T02:18:47.8895419Z     ✅ State transitioned.
2026-01-19T02:18:50.0712650Z [DEBUG] Sending request to gemini-2.0-flash. Number of parts: 2
2026-01-19T02:18:50.0713367Z [DEBUG] Received response (Length: 198)
2026-01-19T02:18:50.0714098Z     🤖 AI Next Step Suggestion: fill -> Password
2026-01-19T02:18:50.0714461Z     🧩 Suggested Locator: #password
2026-01-19T02:18:50.0714973Z     💭 Reasoning: The username has been filled, now filling the password to attempt login.
2026-01-19T02:18:50.0715455Z     ➕ Injected AI step: fill -> Password
2026-01-19T02:18:50.0715773Z   ▶️ [STEP step_2_ai_12] FILL: Password
2026-01-19T02:18:50.0771676Z     🎯 Using AI-provided locator: #password
2026-01-19T02:18:50.0831996Z     ✅ Found 1 verified locators
2026-01-19T02:18:57.2545019Z     ✅ State transitioned.
2026-01-19T02:18:59.0821852Z [DEBUG] Sending request to gemini-2.0-flash. Number of parts: 2
2026-01-19T02:18:59.0822488Z [DEBUG] Received response (Length: 214)
2026-01-19T02:18:59.0823299Z     🤖 AI Next Step Suggestion: click -> Login
2026-01-19T02:18:59.0823811Z     🧩 Suggested Locator: button
2026-01-19T02:18:59.0824570Z     💭 Reasoning: The username and password fields have been filled. Clicking the login button is the next logical step to attempt authentication.
2026-01-19T02:18:59.0825267Z     ➕ Injected AI step: click -> Login
2026-01-19T02:18:59.0825607Z   ▶️ [STEP step_2_ai_13] CLICK: Login
2026-01-19T02:18:59.0881836Z     🎯 Using AI-provided locator: button
2026-01-19T02:18:59.0936490Z     ✅ Found 1 verified locators
2026-01-19T02:19:03.1433129Z     ✅ State transitioned.
2026-01-19T02:19:03.1497728Z     🔄 Revisited state detected (count: 1)
2026-01-19T02:19:05.2593823Z [DEBUG] Sending request to gemini-2.0-flash. Number of parts: 2
2026-01-19T02:19:05.2594403Z [DEBUG] Received response (Length: 254)
2026-01-19T02:19:05.2595200Z     🤖 AI Next Step Suggestion: click -> Logout
2026-01-19T02:19:05.2595607Z     🧩 Suggested Locator: a[href="/logout"]
2026-01-19T02:19:05.2596691Z     💭 Reasoning: The goal is to test authentication and forms. We have successfully logged in. Now, we should test the logout functionality to ensure it works as expected.
2026-01-19T02:19:05.2597487Z     ➕ Injected AI step: click -> Logout
2026-01-19T02:19:05.2597847Z   ▶️ [STEP step_2_ai_14] CLICK: Logout
2026-01-19T02:19:05.2752776Z     🎯 Using AI-provided locator: a[href="/logout"]
2026-01-19T02:19:05.2812783Z     ✅ Found 1 verified locators
2026-01-19T02:19:09.3439661Z     ✅ State transitioned.
2026-01-19T02:19:09.3505536Z     🔄 Revisited state detected (count: 2)
2026-01-19T02:19:10.6399604Z [DEBUG] Sending request to gemini-2.0-flash. Number of parts: 2
2026-01-19T02:19:10.6400302Z [DEBUG] Received response (Length: 169)
2026-01-19T02:19:10.6401148Z     🤖 AI Next Step Suggestion: click -> Login
2026-01-19T02:19:10.6401838Z     🧩 Suggested Locator: button
2026-01-19T02:19:10.6402959Z     💭 Reasoning: The form is complete, and the next logical step is to submit the login credentials.
2026-01-19T02:19:10.6404070Z     ➕ Injected AI step: click -> Login
2026-01-19T02:19:10.6405113Z   ▶️ [STEP step_2_ai_15] CLICK: Login
2026-01-19T02:19:10.6466651Z     🎯 Using AI-provided locator: button
2026-01-19T02:19:10.6522678Z     ✅ Found 1 verified locators
2026-01-19T02:19:14.7147211Z     ✅ State transitioned.
2026-01-19T02:19:14.7217838Z     🔄 Revisited state detected (count: 3)
2026-01-19T02:19:14.7218768Z     ⚠️ Too many revisits (3). Stopping AI step injection to prevent loops.
2026-01-19T02:19:14.7219564Z   ▶️ [STEP step_3] CLICK: Form Authentication
2026-01-19T02:19:14.7373736Z     🔍 Mining locators for: 'Form Authentication'
2026-01-19T02:19:14.7724752Z     🧠 Consulting AI (Vision-First) to find 'Form Authentication'...
2026-01-19T02:19:14.7734694Z     🔍 Trying smart selectors for 'Form Authentication'...
2026-01-19T02:19:14.7972849Z     ⚠️ Smart selectors failed (no unique match). Falling back to AI Vision...
2026-01-19T02:19:14.7973804Z     ⚠️ Critical step failure: name 'time' is not defined
2026-01-19T02:19:14.7974430Z   ▶️ [STEP step_4] ASSERT_URL: 
2026-01-19T02:19:19.8126155Z     ⚠️ Scroll into view failed for text=None. Proceeding anyway.
2026-01-19T02:19:21.8149547Z     ✅ State transitioned.
2026-01-19T02:19:23.4878682Z [DEBUG] Sending request to gemini-2.0-flash. Number of parts: 2
2026-01-19T02:19:23.4879375Z [DEBUG] Received response (Length: 294)
2026-01-19T02:19:23.4880195Z     🤖 AI Next Step Suggestion: fill -> Username
2026-01-19T02:19:23.4880812Z     🧩 Suggested Locator: #username
2026-01-19T02:19:23.4882474Z     💭 Reasoning: The page displays 'Your username is invalid!' and the text indicates the correct username is 'tomsmith'. Filling the username field with the correct value is the next logical step.
2026-01-19T02:19:23.4884035Z     ➕ Injected AI step: fill -> Username
2026-01-19T02:19:23.4884597Z   ▶️ [STEP step_4_ai_1] FILL: Username
2026-01-19T02:19:23.4939539Z     🎯 Using AI-provided locator: #username
2026-01-19T02:19:23.4995091Z     ✅ Found 1 verified locators
2026-01-19T02:19:29.7319092Z     ✅ State transitioned.
2026-01-19T02:19:29.7366407Z     🔄 Revisited state detected (count: 1)
2026-01-19T02:19:31.6579060Z [DEBUG] Sending request to gemini-2.0-flash. Number of parts: 2
2026-01-19T02:19:31.6579880Z [DEBUG] Received response (Length: 204)
2026-01-19T02:19:31.6580832Z     🤖 AI Next Step Suggestion: fill -> Password
2026-01-19T02:19:31.6581672Z     🧩 Suggested Locator: #password
2026-01-19T02:19:31.6582799Z     💭 Reasoning: The username has been filled. Now filling the password field to attempt login.
2026-01-19T02:19:31.6583532Z     ➕ Injected AI step: fill -> Password
2026-01-19T02:19:31.6583988Z   ▶️ [STEP step_4_ai_2] FILL: Password
2026-01-19T02:19:31.6636980Z     🎯 Using AI-provided locator: #password
2026-01-19T02:19:31.6696763Z     ✅ Found 1 verified locators
2026-01-19T02:19:38.9328173Z     ✅ State transitioned.
2026-01-19T02:19:38.9377717Z     🔄 Revisited state detected (count: 2)
2026-01-19T02:19:40.4148608Z [DEBUG] Sending request to gemini-2.0-flash. Number of parts: 2
2026-01-19T02:19:40.4149405Z [DEBUG] Received response (Length: 167)
2026-01-19T02:19:40.4150712Z     🤖 AI Next Step Suggestion: click -> Login
2026-01-19T02:19:40.4151443Z     🧩 Suggested Locator: button
2026-01-19T02:19:40.4152555Z     💭 Reasoning: The form is complete, and the next logical step is to submit it to attempt login.
2026-01-19T02:19:40.4153878Z     ➕ Injected AI step: click -> Login
2026-01-19T02:19:40.4154538Z   ▶️ [STEP step_4_ai_3] CLICK: Login
2026-01-19T02:19:40.4212978Z     🎯 Using AI-provided locator: button
2026-01-19T02:19:40.4267847Z     ✅ Found 1 verified locators
2026-01-19T02:19:44.4763500Z     ✅ State transitioned.
2026-01-19T02:19:44.4829380Z     🔄 Revisited state detected (count: 3)
2026-01-19T02:19:44.4830168Z     ⚠️ Too many revisits (3). Stopping AI step injection to prevent loops.
2026-01-19T02:19:44.4830712Z   ▶️ [STEP step_5] FILL: username
2026-01-19T02:19:44.4993346Z     🔍 Mining locators for: 'username'
2026-01-19T02:19:44.5368397Z     🧠 Consulting AI (Vision-First) to find 'username'...
2026-01-19T02:19:44.5368955Z     🔍 Trying smart selectors for 'username'...
2026-01-19T02:19:44.5589271Z     ⚠️ Smart selectors failed (no unique match). Falling back to AI Vision...
2026-01-19T02:19:44.5589923Z     ⚠️ Critical step failure: name 'time' is not defined
2026-01-19T02:19:44.5590342Z   ▶️ [STEP step_6] FILL: password
2026-01-19T02:19:44.5638429Z     🔍 Mining locators for: 'password'
2026-01-19T02:19:44.6031004Z     🧠 Consulting AI (Vision-First) to find 'password'...
2026-01-19T02:19:44.6031811Z     🔍 Trying smart selectors for 'password'...
2026-01-19T02:19:44.6253167Z     ⚠️ Smart selectors failed (no unique match). Falling back to AI Vision...
2026-01-19T02:19:44.6255139Z     ⚠️ Critical step failure: name 'time' is not defined
2026-01-19T02:19:44.6255791Z   ▶️ [STEP step_7] CLICK: Login
2026-01-19T02:19:44.6309952Z     🔍 Mining locators for: 'Login'
2026-01-19T02:19:44.6692743Z     🧠 Consulting AI (Vision-First) to find 'Login'...
2026-01-19T02:19:44.6693585Z     🔍 Trying smart selectors for 'Login'...
2026-01-19T02:19:44.6905100Z     ⚠️ Smart selectors failed (no unique match). Falling back to AI Vision...
2026-01-19T02:19:44.6906280Z     ⚠️ Critical step failure: name 'time' is not defined
2026-01-19T02:19:44.6907125Z   ▶️ [STEP step_8] ASSERT_VISIBLE: You logged into a secure area!
2026-01-19T02:19:44.6957350Z     🔍 Mining locators for: 'You logged into a secure area!'
2026-01-19T02:19:44.7362392Z     🧠 Consulting AI (Vision-First) to find 'You logged into a secure area!'...
2026-01-19T02:19:44.7363398Z     🔍 Trying smart selectors for 'You logged into a secure area!'...
2026-01-19T02:19:44.7580792Z     ⚠️ Smart selectors failed (no unique match). Falling back to AI Vision...
2026-01-19T02:19:44.7581659Z     ⚠️ Critical step failure: name 'time' is not defined
2026-01-19T02:19:46.7931140Z 
2026-01-19T02:19:46.7934829Z [2/4] Exploring Scenario: Authentication - Failed Login
2026-01-19T02:19:46.7936915Z     🧠 Initialized exploration context for goal: 'Test authentication and forms'
2026-01-19T02:19:46.7937766Z   ▶️ [STEP step_1] NAVIGATE: 
2026-01-19T02:19:48.1869459Z     ✅ Navigated to https://the-internet.herokuapp.com/
2026-01-19T02:19:48.1870078Z   ▶️ [STEP step_2] ASSERT_URL: 
2026-01-19T02:19:53.2153030Z     ⚠️ Scroll into view failed for text=None. Proceeding anyway.
2026-01-19T02:19:55.2176759Z     ✅ State transitioned.
2026-01-19T02:19:55.2724246Z [CACHE HIT] d60a5351... (hits: 1, misses: 18)
2026-01-19T02:19:55.2725174Z     🤖 AI Next Step Suggestion: click -> Form Authentication
2026-01-19T02:19:55.2725813Z     🧩 Suggested Locator: a[href='/login']
2026-01-19T02:19:55.2726895Z     💭 Reasoning: The goal is to test authentication and forms. 'Form Authentication' is a direct link to a login form, which is the next logical step.
2026-01-19T02:19:55.2727625Z     ➕ Injected AI step: click -> Form Authentication
2026-01-19T02:19:55.2728016Z   ▶️ [STEP step_2_ai_1] CLICK: Form Authentication
2026-01-19T02:19:55.2776297Z     🎯 Using AI-provided locator: a[href='/login']
2026-01-19T02:19:55.2837509Z     ✅ Found 1 verified locators
2026-01-19T02:19:59.3442508Z     ✅ State transitioned.
2026-01-19T02:19:59.3878049Z [CACHE HIT] 2d0616e6... (hits: 2, misses: 18)
2026-01-19T02:19:59.3879026Z     🤖 AI Next Step Suggestion: fill -> Username
2026-01-19T02:19:59.3879684Z     🧩 Suggested Locator: #username
2026-01-19T02:19:59.3881294Z     💭 Reasoning: The page requires username and password. Filling the username field with the provided username 'tomsmith'.
2026-01-19T02:19:59.3882530Z     ➕ Injected AI step: fill -> Username
2026-01-19T02:19:59.3883160Z   ▶️ [STEP step_2_ai_2] FILL: Username
2026-01-19T02:19:59.4024791Z     🎯 Using AI-provided locator: #username
2026-01-19T02:19:59.4081189Z     ✅ Found 1 verified locators
2026-01-19T02:20:05.2186544Z     ✅ State transitioned.
2026-01-19T02:20:05.2547690Z [CACHE HIT] 258ff28b... (hits: 3, misses: 18)
2026-01-19T02:20:05.2548557Z     🤖 AI Next Step Suggestion: fill -> Password
2026-01-19T02:20:05.2548982Z     🧩 Suggested Locator: #password
2026-01-19T02:20:05.2549543Z     💭 Reasoning: The username field has been filled. Now filling the password field to complete the form.
2026-01-19T02:20:05.2550109Z     ➕ Injected AI step: fill -> Password
2026-01-19T02:20:05.2550424Z   ▶️ [STEP step_2_ai_3] FILL: Password
2026-01-19T02:20:05.2599644Z     🎯 Using AI-provided locator: #password
2026-01-19T02:20:05.2654534Z     ✅ Found 1 verified locators
2026-01-19T02:20:11.7392870Z     ✅ State transitioned.
2026-01-19T02:20:13.2194217Z [DEBUG] Sending request to gemini-2.0-flash. Number of parts: 2
2026-01-19T02:20:13.2194954Z [DEBUG] Received response (Length: 202)
2026-01-19T02:20:13.2195678Z     🤖 AI Next Step Suggestion: click -> Login
2026-01-19T02:20:13.2196361Z     🧩 Suggested Locator: button
2026-01-19T02:20:13.2197047Z     💭 Reasoning: The username and password fields have been filled, so the next step is to click the Login button to submit the form.
2026-01-19T02:20:13.2197679Z     ➕ Injected AI step: click -> Login
2026-01-19T02:20:13.2198026Z   ▶️ [STEP step_2_ai_4] CLICK: Login
2026-01-19T02:20:13.2257477Z     🎯 Using AI-provided locator: button
2026-01-19T02:20:13.2314404Z     ✅ Found 1 verified locators
2026-01-19T02:20:17.2747229Z     ✅ State transitioned.
2026-01-19T02:20:17.3206726Z [CACHE HIT] de1a879f... (hits: 4, misses: 19)
2026-01-19T02:20:17.3207736Z     🤖 AI Next Step Suggestion: click -> Logout
2026-01-19T02:20:17.3208392Z     🧩 Suggested Locator: a[href="/logout"]
2026-01-19T02:20:17.3209676Z     💭 Reasoning: The goal is to test authentication and forms. We have successfully logged in. Now we should test the logout functionality.
2026-01-19T02:20:17.3210821Z     ➕ Injected AI step: click -> Logout
2026-01-19T02:20:17.3211368Z   ▶️ [STEP step_2_ai_5] CLICK: Logout
2026-01-19T02:20:17.3359871Z     🎯 Using AI-provided locator: a[href="/logout"]
2026-01-19T02:20:17.3420118Z     ✅ Found 1 verified locators
2026-01-19T02:20:21.3933470Z     ✅ State transitioned.
2026-01-19T02:20:21.4378909Z [CACHE HIT] fa74c8a7... (hits: 5, misses: 19)
2026-01-19T02:20:21.4379808Z     🤖 AI Next Step Suggestion: fill -> Username
2026-01-19T02:20:21.4380406Z     🧩 Suggested Locator: #username
2026-01-19T02:20:21.4380850Z     💭 Reasoning: The page instructs to use 'tomsmith' as the username.
2026-01-19T02:20:21.4381281Z     ➕ Injected AI step: fill -> Username
2026-01-19T02:20:21.4381646Z   ▶️ [STEP step_2_ai_6] FILL: Username
2026-01-19T02:20:21.4534019Z     🎯 Using AI-provided locator: #username
2026-01-19T02:20:21.4589894Z     ✅ Found 1 verified locators
2026-01-19T02:20:27.6502323Z     ✅ State transitioned.
2026-01-19T02:20:27.6877694Z [CACHE HIT] 803fca91... (hits: 6, misses: 19)
2026-01-19T02:20:27.6878504Z     🤖 AI Next Step Suggestion: fill -> Password
2026-01-19T02:20:27.6879012Z     🧩 Suggested Locator: #password
2026-01-19T02:20:27.6879520Z     💭 Reasoning: The username has been filled, now filling the password to attempt login.
2026-01-19T02:20:27.6880021Z     ➕ Injected AI step: fill -> Password
2026-01-19T02:20:27.6880372Z   ▶️ [STEP step_2_ai_7] FILL: Password
2026-01-19T02:20:27.6929439Z     🎯 Using AI-provided locator: #password
2026-01-19T02:20:27.6983696Z     ✅ Found 1 verified locators
2026-01-19T02:20:34.1177462Z     ✅ State transitioned.
2026-01-19T02:20:34.1535907Z [CACHE HIT] f070f4a5... (hits: 7, misses: 19)
2026-01-19T02:20:34.1537306Z     🤖 AI Next Step Suggestion: click -> Login
2026-01-19T02:20:34.1537894Z     🧩 Suggested Locator: button
2026-01-19T02:20:34.1539084Z     💭 Reasoning: The username and password fields have been filled. Clicking the Login button is the next logical step to attempt authentication.
2026-01-19T02:20:34.1540222Z     ➕ Injected AI step: click -> Login
2026-01-19T02:20:34.1540615Z   ▶️ [STEP step_2_ai_8] CLICK: Login
2026-01-19T02:20:34.1591797Z     🎯 Using AI-provided locator: button
2026-01-19T02:20:34.1644219Z     ✅ Found 1 verified locators
2026-01-19T02:20:38.2067264Z     ✅ State transitioned.
2026-01-19T02:20:38.2130740Z     🔄 Revisited state detected (count: 1)
2026-01-19T02:20:38.2527468Z [CACHE HIT] 8f488d49... (hits: 8, misses: 19)
2026-01-19T02:20:38.2528449Z     🤖 AI Next Step Suggestion: click -> Logout
2026-01-19T02:20:38.2529100Z     🧩 Suggested Locator: a[href="/logout"]
2026-01-19T02:20:38.2530386Z     💭 Reasoning: The goal is to test authentication and forms. We have successfully logged in. Now, we should test the logout functionality.
2026-01-19T02:20:38.2531525Z     ➕ Injected AI step: click -> Logout
2026-01-19T02:20:38.2532053Z   ▶️ [STEP step_2_ai_9] CLICK: Logout
2026-01-19T02:20:38.2687039Z     🎯 Using AI-provided locator: a[href="/logout"]
2026-01-19T02:20:38.2744547Z     ✅ Found 1 verified locators
2026-01-19T02:20:42.3236616Z     ✅ State transitioned.
2026-01-19T02:20:42.3300656Z     🔄 Revisited state detected (count: 2)
2026-01-19T02:20:42.3880087Z [CACHE HIT] 6ddf36e0... (hits: 9, misses: 19)
2026-01-19T02:20:42.3881042Z     🤖 AI Next Step Suggestion: click -> Login
2026-01-19T02:20:42.3881645Z     🧩 Suggested Locator: button
2026-01-19T02:20:42.3882668Z     💭 Reasoning: The form is complete, and the next logical step is to submit it by clicking the 'Login' button.
2026-01-19T02:20:42.3883698Z     ➕ Injected AI step: click -> Login
2026-01-19T02:20:42.3884231Z   ▶️ [STEP step_2_ai_10] CLICK: Login
2026-01-19T02:20:42.3934660Z     🎯 Using AI-provided locator: button
2026-01-19T02:20:42.3988598Z     ✅ Found 1 verified locators
2026-01-19T02:20:46.4578066Z     ✅ State transitioned.
2026-01-19T02:20:46.5028993Z [CACHE HIT] e70490d3... (hits: 10, misses: 19)
2026-01-19T02:20:46.5029954Z     🤖 AI Next Step Suggestion: fill -> Username
2026-01-19T02:20:46.5030482Z     🧩 Suggested Locator: #username
2026-01-19T02:20:46.5031017Z     💭 Reasoning: The page description indicates the username should be 'tomsmith'.
2026-01-19T02:20:46.5031546Z     ➕ Injected AI step: fill -> Username
2026-01-19T02:20:46.5031918Z   ▶️ [STEP step_2_ai_11] FILL: Username
2026-01-19T02:20:46.5184729Z     🎯 Using AI-provided locator: #username
2026-01-19T02:20:46.5241254Z     ✅ Found 1 verified locators
2026-01-19T02:20:52.4686224Z     ✅ State transitioned.
2026-01-19T02:20:52.5203554Z [CACHE HIT] e99c2545... (hits: 11, misses: 19)
2026-01-19T02:20:52.5204419Z     🤖 AI Next Step Suggestion: fill -> Password
2026-01-19T02:20:52.5204986Z     🧩 Suggested Locator: #password
2026-01-19T02:20:52.5205687Z     💭 Reasoning: The username has been filled, now filling the password to attempt login.
2026-01-19T02:20:52.5206394Z     ➕ Injected AI step: fill -> Password
2026-01-19T02:20:52.5206755Z   ▶️ [STEP step_2_ai_12] FILL: Password
2026-01-19T02:20:52.5254890Z     🎯 Using AI-provided locator: #password
2026-01-19T02:20:52.5310340Z     ✅ Found 1 verified locators
2026-01-19T02:21:00.5432448Z     ✅ State transitioned.
2026-01-19T02:21:00.5860531Z [CACHE HIT] 9fa19699... (hits: 12, misses: 19)
2026-01-19T02:21:00.5861472Z     🤖 AI Next Step Suggestion: click -> Login
2026-01-19T02:21:00.5862098Z     🧩 Suggested Locator: button
2026-01-19T02:21:00.5863375Z     💭 Reasoning: The username and password fields have been filled. Clicking the login button is the next logical step to attempt authentication.
2026-01-19T02:21:00.5864952Z     ➕ Injected AI step: click -> Login
2026-01-19T02:21:00.5867041Z   ▶️ [STEP step_2_ai_13] CLICK: Login
2026-01-19T02:21:00.5917776Z     🎯 Using AI-provided locator: button
2026-01-19T02:21:00.5971460Z     ✅ Found 1 verified locators
2026-01-19T02:21:04.6397064Z     ✅ State transitioned.
2026-01-19T02:21:04.6463749Z     🔄 Revisited state detected (count: 1)
2026-01-19T02:21:04.6855224Z [CACHE HIT] 734df930... (hits: 13, misses: 19)
2026-01-19T02:21:04.6856283Z     🤖 AI Next Step Suggestion: click -> Logout
2026-01-19T02:21:04.6856939Z     🧩 Suggested Locator: a[href="/logout"]
2026-01-19T02:21:04.6858022Z     💭 Reasoning: The goal is to test authentication and forms. We have successfully logged in. Now, we should test the logout functionality to ensure it works as expected.
2026-01-19T02:21:04.6858757Z     ➕ Injected AI step: click -> Logout
2026-01-19T02:21:04.6859082Z   ▶️ [STEP step_2_ai_14] CLICK: Logout
2026-01-19T02:21:04.7017075Z     🎯 Using AI-provided locator: a[href="/logout"]
2026-01-19T02:21:04.7084312Z     ✅ Found 1 verified locators
2026-01-19T02:21:08.7743302Z     ✅ State transitioned.
2026-01-19T02:21:08.7810002Z     🔄 Revisited state detected (count: 2)
2026-01-19T02:21:08.8376495Z [CACHE HIT] 5c6ce6a8... (hits: 14, misses: 19)
2026-01-19T02:21:08.8377360Z     🤖 AI Next Step Suggestion: click -> Login
2026-01-19T02:21:08.8377924Z     🧩 Suggested Locator: button
2026-01-19T02:21:08.8378810Z     💭 Reasoning: The form is complete, and the next logical step is to submit the login credentials.
2026-01-19T02:21:08.8379672Z     ➕ Injected AI step: click -> Login
2026-01-19T02:21:08.8380194Z   ▶️ [STEP step_2_ai_15] CLICK: Login
2026-01-19T02:21:08.8433340Z     🎯 Using AI-provided locator: button
2026-01-19T02:21:08.8487004Z     ✅ Found 1 verified locators
2026-01-19T02:21:12.9059296Z     ✅ State transitioned.
2026-01-19T02:21:12.9126225Z     🔄 Revisited state detected (count: 3)
2026-01-19T02:21:12.9127265Z     ⚠️ Too many revisits (3). Stopping AI step injection to prevent loops.
2026-01-19T02:21:12.9128231Z   ▶️ [STEP step_3] CLICK: Form Authentication
2026-01-19T02:21:12.9281653Z     🔍 Mining locators for: 'Form Authentication'
2026-01-19T02:21:12.9683706Z     🧠 Consulting AI (Vision-First) to find 'Form Authentication'...
2026-01-19T02:21:12.9684542Z     🔍 Trying smart selectors for 'Form Authentication'...
2026-01-19T02:21:12.9908866Z     ⚠️ Smart selectors failed (no unique match). Falling back to AI Vision...
2026-01-19T02:21:12.9909978Z     ⚠️ Critical step failure: name 'time' is not defined
2026-01-19T02:21:12.9910603Z   ▶️ [STEP step_4] ASSERT_URL: 
2026-01-19T02:21:18.0047962Z     ⚠️ Scroll into view failed for text=None. Proceeding anyway.
2026-01-19T02:21:20.0070662Z     ✅ State transitioned.
2026-01-19T02:21:20.0516383Z [CACHE HIT] c0903f4f... (hits: 15, misses: 19)
2026-01-19T02:21:20.0517257Z     🤖 AI Next Step Suggestion: fill -> Username
2026-01-19T02:21:20.0517656Z     🧩 Suggested Locator: #username
2026-01-19T02:21:20.0518783Z     💭 Reasoning: The page displays 'Your username is invalid!' and the text indicates the correct username is 'tomsmith'. Filling the username field with the correct value is the next logical step.
2026-01-19T02:21:20.0519787Z     ➕ Injected AI step: fill -> Username
2026-01-19T02:21:20.0520165Z   ▶️ [STEP step_4_ai_1] FILL: Username
2026-01-19T02:21:20.0567043Z     🎯 Using AI-provided locator: #username
2026-01-19T02:21:20.0621264Z     ✅ Found 1 verified locators
2026-01-19T02:21:26.0255442Z     ✅ State transitioned.
2026-01-19T02:21:26.0305869Z     🔄 Revisited state detected (count: 1)
2026-01-19T02:21:26.0687025Z [CACHE HIT] a957616e... (hits: 16, misses: 19)
2026-01-19T02:21:26.0688000Z     🤖 AI Next Step Suggestion: fill -> Password
2026-01-19T02:21:26.0688633Z     🧩 Suggested Locator: #password
2026-01-19T02:21:26.0689577Z     💭 Reasoning: The username has been filled. Now filling the password field to attempt login.
2026-01-19T02:21:26.0690884Z     ➕ Injected AI step: fill -> Password
2026-01-19T02:21:26.0691444Z   ▶️ [STEP step_4_ai_2] FILL: Password
2026-01-19T02:21:26.0742634Z     🎯 Using AI-provided locator: #password
2026-01-19T02:21:26.0798551Z     ✅ Found 1 verified locators
2026-01-19T02:21:33.2417113Z     ✅ State transitioned.
2026-01-19T02:21:33.2465799Z     🔄 Revisited state detected (count: 2)
2026-01-19T02:21:33.2926805Z [CACHE HIT] 3dec85d1... (hits: 17, misses: 19)
2026-01-19T02:21:33.2927688Z     🤖 AI Next Step Suggestion: click -> Login
2026-01-19T02:21:33.2928231Z     🧩 Suggested Locator: button
2026-01-19T02:21:33.2929058Z     💭 Reasoning: The form is complete, and the next logical step is to submit it to attempt login.
2026-01-19T02:21:33.2929633Z     ➕ Injected AI step: click -> Login
2026-01-19T02:21:33.2929987Z   ▶️ [STEP step_4_ai_3] CLICK: Login
2026-01-19T02:21:33.2979418Z     🎯 Using AI-provided locator: button
2026-01-19T02:21:33.3037813Z     ✅ Found 1 verified locators
2026-01-19T02:21:37.3547012Z     ✅ State transitioned.
2026-01-19T02:21:37.3611876Z     🔄 Revisited state detected (count: 3)
2026-01-19T02:21:37.3612554Z     ⚠️ Too many revisits (3). Stopping AI step injection to prevent loops.
2026-01-19T02:21:37.3613056Z   ▶️ [STEP step_5] FILL: username
2026-01-19T02:21:37.3779306Z     🔍 Mining locators for: 'username'
2026-01-19T02:21:37.4163598Z     🧠 Consulting AI (Vision-First) to find 'username'...
2026-01-19T02:21:37.4164076Z     🔍 Trying smart selectors for 'username'...
2026-01-19T02:21:37.4391234Z     ⚠️ Smart selectors failed (no unique match). Falling back to AI Vision...
2026-01-19T02:21:37.4392166Z     ⚠️ Critical step failure: name 'time' is not defined
2026-01-19T02:21:37.4392792Z   ▶️ [STEP step_6] FILL: password
2026-01-19T02:21:37.4449476Z     🔍 Mining locators for: 'password'
2026-01-19T02:21:37.4820221Z     🧠 Consulting AI (Vision-First) to find 'password'...
2026-01-19T02:21:37.4821017Z     🔍 Trying smart selectors for 'password'...
2026-01-19T02:21:37.5048243Z     ⚠️ Smart selectors failed (no unique match). Falling back to AI Vision...
2026-01-19T02:21:37.5048940Z     ⚠️ Critical step failure: name 'time' is not defined
2026-01-19T02:21:37.5049355Z   ▶️ [STEP step_7] CLICK: Login
2026-01-19T02:21:37.5099625Z     🔍 Mining locators for: 'Login'
2026-01-19T02:21:37.5483994Z     🧠 Consulting AI (Vision-First) to find 'Login'...
2026-01-19T02:21:37.5484672Z     🔍 Trying smart selectors for 'Login'...
2026-01-19T02:21:37.5704120Z     ⚠️ Smart selectors failed (no unique match). Falling back to AI Vision...
2026-01-19T02:21:37.5705094Z     ⚠️ Critical step failure: name 'time' is not defined
2026-01-19T02:21:37.5705603Z   ▶️ [STEP step_8] ASSERT_VISIBLE: Your username is invalid!
2026-01-19T02:21:37.5754480Z     🔍 Mining locators for: 'Your username is invalid!'
2026-01-19T02:21:37.6145799Z     🧠 Consulting AI (Vision-First) to find 'Your username is invalid!'...
2026-01-19T02:21:37.6146942Z     🔍 Trying smart selectors for 'Your username is invalid!'...
2026-01-19T02:21:37.6361096Z     ⚠️ Smart selectors failed (no unique match). Falling back to AI Vision...
2026-01-19T02:21:37.6361749Z     ⚠️ Critical step failure: name 'time' is not defined
2026-01-19T02:21:39.6707600Z 
2026-01-19T02:21:39.6708128Z [3/4] Exploring Scenario: Form Input Validation
2026-01-19T02:21:39.6709369Z     🧠 Initialized exploration context for goal: 'Test authentication and forms'
2026-01-19T02:21:39.6709902Z   ▶️ [STEP step_1] NAVIGATE: 
2026-01-19T02:21:41.1114073Z     ✅ Navigated to https://the-internet.herokuapp.com/
2026-01-19T02:21:41.1114679Z   ▶️ [STEP step_2] ASSERT_URL: 
2026-01-19T02:21:46.1400682Z     ⚠️ Scroll into view failed for text=None. Proceeding anyway.
2026-01-19T02:21:48.1423943Z     ✅ State transitioned.
2026-01-19T02:21:48.2004952Z [CACHE HIT] d60a5351... (hits: 18, misses: 19)
2026-01-19T02:21:48.2006114Z     🤖 AI Next Step Suggestion: click -> Form Authentication
2026-01-19T02:21:48.2006780Z     🧩 Suggested Locator: a[href='/login']
2026-01-19T02:21:48.2008114Z     💭 Reasoning: The goal is to test authentication and forms. 'Form Authentication' is a direct link to a login form, which is the next logical step.
2026-01-19T02:21:48.2009492Z     ➕ Injected AI step: click -> Form Authentication
2026-01-19T02:21:48.2009969Z   ▶️ [STEP step_2_ai_1] CLICK: Form Authentication
2026-01-19T02:21:48.2056294Z     🎯 Using AI-provided locator: a[href='/login']
2026-01-19T02:21:48.2116165Z     ✅ Found 1 verified locators
2026-01-19T02:21:52.2748877Z     ✅ State transitioned.
2026-01-19T02:21:52.3170341Z [CACHE HIT] 2d0616e6... (hits: 19, misses: 19)
2026-01-19T02:21:52.3171208Z     🤖 AI Next Step Suggestion: fill -> Username
2026-01-19T02:21:52.3171778Z     🧩 Suggested Locator: #username
2026-01-19T02:21:52.3172832Z     💭 Reasoning: The page requires username and password. Filling the username field with the provided username 'tomsmith'.
2026-01-19T02:21:52.3173535Z     ➕ Injected AI step: fill -> Username
2026-01-19T02:21:52.3173847Z   ▶️ [STEP step_2_ai_2] FILL: Username
2026-01-19T02:21:52.3314330Z     🎯 Using AI-provided locator: #username
2026-01-19T02:21:52.3373519Z     ✅ Found 1 verified locators
2026-01-19T02:21:58.1878526Z     ✅ State transitioned.
2026-01-19T02:21:58.2332826Z [CACHE HIT] 258ff28b... (hits: 20, misses: 19)
2026-01-19T02:21:58.2333704Z     🤖 AI Next Step Suggestion: fill -> Password
2026-01-19T02:21:58.2334344Z     🧩 Suggested Locator: #password
2026-01-19T02:21:58.2335378Z     💭 Reasoning: The username field has been filled. Now filling the password field to complete the form.
2026-01-19T02:21:58.2336449Z     ➕ Injected AI step: fill -> Password
2026-01-19T02:21:58.2336979Z   ▶️ [STEP step_2_ai_3] FILL: Password
2026-01-19T02:21:58.2385449Z     🎯 Using AI-provided locator: #password
2026-01-19T02:21:58.2442478Z     ✅ Found 1 verified locators
2026-01-19T02:22:05.7253418Z     ✅ State transitioned.
2026-01-19T02:22:07.3974890Z [DEBUG] Sending request to gemini-2.0-flash. Number of parts: 2
2026-01-19T02:22:07.3975632Z [DEBUG] Received response (Length: 234)
2026-01-19T02:22:07.3976753Z     🤖 AI Next Step Suggestion: click -> Login
2026-01-19T02:22:07.3977391Z     🧩 Suggested Locator: button
2026-01-19T02:22:07.3978647Z     💭 Reasoning: Now that the username and password fields are filled, the next logical step is to click the Login button to attempt authentication.
2026-01-19T02:22:07.3979845Z     ➕ Injected AI step: click -> Login
2026-01-19T02:22:07.3980364Z   ▶️ [STEP step_2_ai_4] CLICK: Login
2026-01-19T02:22:07.4037732Z     🎯 Using AI-provided locator: button
2026-01-19T02:22:07.4095013Z     ✅ Found 1 verified locators
2026-01-19T02:22:11.4533763Z     ✅ State transitioned.
2026-01-19T02:22:11.4988172Z [CACHE HIT] de1a879f... (hits: 21, misses: 20)
2026-01-19T02:22:11.4989169Z     🤖 AI Next Step Suggestion: click -> Logout
2026-01-19T02:22:11.4989810Z     🧩 Suggested Locator: a[href="/logout"]
2026-01-19T02:22:11.4991081Z     💭 Reasoning: The goal is to test authentication and forms. We have successfully logged in. Now we should test the logout functionality.
2026-01-19T02:22:11.4992268Z     ➕ Injected AI step: click -> Logout
2026-01-19T02:22:11.4992823Z   ▶️ [STEP step_2_ai_5] CLICK: Logout
2026-01-19T02:22:11.5144840Z     🎯 Using AI-provided locator: a[href="/logout"]
2026-01-19T02:22:11.5207528Z     ✅ Found 1 verified locators
2026-01-19T02:22:15.5714885Z     ✅ State transitioned.
2026-01-19T02:22:15.6162203Z [CACHE HIT] fa74c8a7... (hits: 22, misses: 20)
2026-01-19T02:22:15.6163122Z     🤖 AI Next Step Suggestion: fill -> Username
2026-01-19T02:22:15.6163498Z     🧩 Suggested Locator: #username
2026-01-19T02:22:15.6163909Z     💭 Reasoning: The page instructs to use 'tomsmith' as the username.
2026-01-19T02:22:15.6164312Z     ➕ Injected AI step: fill -> Username
2026-01-19T02:22:15.6164624Z   ▶️ [STEP step_2_ai_6] FILL: Username
2026-01-19T02:22:15.6314567Z     🎯 Using AI-provided locator: #username
2026-01-19T02:22:15.6371716Z     ✅ Found 1 verified locators
2026-01-19T02:22:21.7734522Z     ✅ State transitioned.
2026-01-19T02:22:21.8160983Z [CACHE HIT] 803fca91... (hits: 23, misses: 20)
2026-01-19T02:22:21.8162306Z     🤖 AI Next Step Suggestion: fill -> Password
2026-01-19T02:22:21.8162962Z     🧩 Suggested Locator: #password
2026-01-19T02:22:21.8163832Z     💭 Reasoning: The username has been filled, now filling the password to attempt login.
2026-01-19T02:22:21.8164693Z     ➕ Injected AI step: fill -> Password
2026-01-19T02:22:21.8165259Z   ▶️ [STEP step_2_ai_7] FILL: Password
2026-01-19T02:22:21.8213926Z     🎯 Using AI-provided locator: #password
2026-01-19T02:22:21.8266836Z     ✅ Found 1 verified locators
2026-01-19T02:22:28.5862960Z     ✅ State transitioned.
2026-01-19T02:22:28.6322068Z [CACHE HIT] f070f4a5... (hits: 24, misses: 20)
2026-01-19T02:22:28.6322926Z     🤖 AI Next Step Suggestion: click -> Login
2026-01-19T02:22:28.6323476Z     🧩 Suggested Locator: button
2026-01-19T02:22:28.6324681Z     💭 Reasoning: The username and password fields have been filled. Clicking the Login button is the next logical step to attempt authentication.
2026-01-19T02:22:28.6325861Z     ➕ Injected AI step: click -> Login
2026-01-19T02:22:28.6326557Z   ▶️ [STEP step_2_ai_8] CLICK: Login
2026-01-19T02:22:28.6376818Z     🎯 Using AI-provided locator: button
2026-01-19T02:22:28.6428041Z     ✅ Found 1 verified locators
2026-01-19T02:22:32.6846588Z     ✅ State transitioned.
2026-01-19T02:22:32.6912390Z     🔄 Revisited state detected (count: 1)
2026-01-19T02:22:32.7306235Z [CACHE HIT] 8f488d49... (hits: 25, misses: 20)
2026-01-19T02:22:32.7307186Z     🤖 AI Next Step Suggestion: click -> Logout
2026-01-19T02:22:32.7307828Z     🧩 Suggested Locator: a[href="/logout"]
2026-01-19T02:22:32.7309105Z     💭 Reasoning: The goal is to test authentication and forms. We have successfully logged in. Now, we should test the logout functionality.
2026-01-19T02:22:32.7310247Z     ➕ Injected AI step: click -> Logout
2026-01-19T02:22:32.7310777Z   ▶️ [STEP step_2_ai_9] CLICK: Logout
2026-01-19T02:22:32.7451626Z     🎯 Using AI-provided locator: a[href="/logout"]
2026-01-19T02:22:32.7514413Z     ✅ Found 1 verified locators
2026-01-19T02:22:36.8035669Z     ✅ State transitioned.
2026-01-19T02:22:36.8100881Z     🔄 Revisited state detected (count: 2)
2026-01-19T02:22:36.8667301Z [CACHE HIT] 6ddf36e0... (hits: 26, misses: 20)
2026-01-19T02:22:36.8668262Z     🤖 AI Next Step Suggestion: click -> Login
2026-01-19T02:22:36.8668924Z     🧩 Suggested Locator: button
2026-01-19T02:22:36.8669958Z     💭 Reasoning: The form is complete, and the next logical step is to submit it by clicking the 'Login' button.
2026-01-19T02:22:36.8670935Z     ➕ Injected AI step: click -> Login
2026-01-19T02:22:36.8671471Z   ▶️ [STEP step_2_ai_10] CLICK: Login
2026-01-19T02:22:36.8721210Z     🎯 Using AI-provided locator: button
2026-01-19T02:22:36.8774427Z     ✅ Found 1 verified locators
2026-01-19T02:22:40.9363047Z     ✅ State transitioned.
2026-01-19T02:22:40.9818038Z [CACHE HIT] e70490d3... (hits: 27, misses: 20)
2026-01-19T02:22:40.9818905Z     🤖 AI Next Step Suggestion: fill -> Username
2026-01-19T02:22:40.9819471Z     🧩 Suggested Locator: #username
2026-01-19T02:22:40.9820276Z     💭 Reasoning: The page description indicates the username should be 'tomsmith'.
2026-01-19T02:22:40.9821043Z     ➕ Injected AI step: fill -> Username
2026-01-19T02:22:40.9821559Z   ▶️ [STEP step_2_ai_11] FILL: Username
2026-01-19T02:22:40.9960343Z     🎯 Using AI-provided locator: #username
2026-01-19T02:22:41.0014529Z     ✅ Found 1 verified locators
2026-01-19T02:22:46.9843626Z     ✅ State transitioned.
2026-01-19T02:22:47.0314250Z [CACHE HIT] e99c2545... (hits: 28, misses: 20)
2026-01-19T02:22:47.0315134Z     🤖 AI Next Step Suggestion: fill -> Password
2026-01-19T02:22:47.0315707Z     🧩 Suggested Locator: #password
2026-01-19T02:22:47.0316682Z     💭 Reasoning: The username has been filled, now filling the password to attempt login.
2026-01-19T02:22:47.0317479Z     ➕ Injected AI step: fill -> Password
2026-01-19T02:22:47.0318007Z   ▶️ [STEP step_2_ai_12] FILL: Password
2026-01-19T02:22:47.0365607Z     🎯 Using AI-provided locator: #password
2026-01-19T02:22:47.0417505Z     ✅ Found 1 verified locators
2026-01-19T02:22:53.2941445Z     ✅ State transitioned.
2026-01-19T02:22:53.3313681Z [CACHE HIT] 9fa19699... (hits: 29, misses: 20)
2026-01-19T02:22:53.3314616Z     🤖 AI Next Step Suggestion: click -> Login
2026-01-19T02:22:53.3315168Z     🧩 Suggested Locator: button
2026-01-19T02:22:53.3316576Z     💭 Reasoning: The username and password fields have been filled. Clicking the login button is the next logical step to attempt authentication.
2026-01-19T02:22:53.3317725Z     ➕ Injected AI step: click -> Login
2026-01-19T02:22:53.3318230Z   ▶️ [STEP step_2_ai_13] CLICK: Login
2026-01-19T02:22:53.3365238Z     🎯 Using AI-provided locator: button
2026-01-19T02:22:53.3418769Z     ✅ Found 1 verified locators
2026-01-19T02:22:57.3826511Z     ✅ State transitioned.
2026-01-19T02:22:57.3890348Z     🔄 Revisited state detected (count: 1)
2026-01-19T02:22:57.4181419Z [CACHE HIT] 734df930... (hits: 30, misses: 20)
2026-01-19T02:22:57.4182133Z     🤖 AI Next Step Suggestion: click -> Logout
2026-01-19T02:22:57.4182678Z     🧩 Suggested Locator: a[href="/logout"]
2026-01-19T02:22:57.4183489Z     💭 Reasoning: The goal is to test authentication and forms. We have successfully logged in. Now, we should test the logout functionality to ensure it works as expected.
2026-01-19T02:22:57.4184216Z     ➕ Injected AI step: click -> Logout
2026-01-19T02:22:57.4184530Z   ▶️ [STEP step_2_ai_14] CLICK: Logout
2026-01-19T02:22:57.4327880Z     🎯 Using AI-provided locator: a[href="/logout"]
2026-01-19T02:22:57.4386574Z     ✅ Found 1 verified locators
2026-01-19T02:23:01.5020492Z     ✅ State transitioned.
2026-01-19T02:23:01.5084871Z     🔄 Revisited state detected (count: 2)
2026-01-19T02:23:01.5650700Z [CACHE HIT] 5c6ce6a8... (hits: 31, misses: 20)
2026-01-19T02:23:01.5651560Z     🤖 AI Next Step Suggestion: click -> Login
2026-01-19T02:23:01.5652080Z     🧩 Suggested Locator: button
2026-01-19T02:23:01.5652604Z     💭 Reasoning: The form is complete, and the next logical step is to submit the login credentials.
2026-01-19T02:23:01.5653177Z     ➕ Injected AI step: click -> Login
2026-01-19T02:23:01.5653503Z   ▶️ [STEP step_2_ai_15] CLICK: Login
2026-01-19T02:23:01.5703533Z     🎯 Using AI-provided locator: button
2026-01-19T02:23:01.5755001Z     ✅ Found 1 verified locators
2026-01-19T02:23:05.6334287Z     ✅ State transitioned.
2026-01-19T02:23:05.6407649Z     🔄 Revisited state detected (count: 3)
2026-01-19T02:23:05.6408478Z     ⚠️ Too many revisits (3). Stopping AI step injection to prevent loops.
2026-01-19T02:23:05.6408918Z   ▶️ [STEP step_3] CLICK: Inputs
2026-01-19T02:23:05.6552335Z     🔍 Mining locators for: 'Inputs'
2026-01-19T02:23:05.6973565Z     🧠 Consulting AI (Vision-First) to find 'Inputs'...
2026-01-19T02:23:05.6974022Z     🔍 Trying smart selectors for 'Inputs'...
2026-01-19T02:23:05.7194606Z     ⚠️ Smart selectors failed (no unique match). Falling back to AI Vision...
2026-01-19T02:23:05.7195241Z     ⚠️ Critical step failure: name 'time' is not defined
2026-01-19T02:23:05.7195641Z   ▶️ [STEP step_4] ASSERT_URL: 
2026-01-19T02:23:10.7335899Z     ⚠️ Scroll into view failed for text=None. Proceeding anyway.
2026-01-19T02:23:12.7358828Z     ✅ State transitioned.
2026-01-19T02:23:12.7800844Z [CACHE HIT] c0903f4f... (hits: 32, misses: 20)
2026-01-19T02:23:12.7802256Z     🤖 AI Next Step Suggestion: fill -> Username
2026-01-19T02:23:12.7802802Z     🧩 Suggested Locator: #username
2026-01-19T02:23:12.7804047Z     💭 Reasoning: The page displays 'Your username is invalid!' and the text indicates the correct username is 'tomsmith'. Filling the username field with the correct value is the next logical step.
2026-01-19T02:23:12.7805022Z     ➕ Injected AI step: fill -> Username
2026-01-19T02:23:12.7805460Z   ▶️ [STEP step_4_ai_1] FILL: Username
2026-01-19T02:23:12.7850554Z     🎯 Using AI-provided locator: #username
2026-01-19T02:23:12.7903144Z     ✅ Found 1 verified locators
2026-01-19T02:23:18.7127552Z     ✅ State transitioned.
2026-01-19T02:23:18.7172906Z     🔄 Revisited state detected (count: 1)
2026-01-19T02:23:18.7636496Z [CACHE HIT] a957616e... (hits: 33, misses: 20)
2026-01-19T02:23:18.7637368Z     🤖 AI Next Step Suggestion: fill -> Password
2026-01-19T02:23:18.7637931Z     🧩 Suggested Locator: #password
2026-01-19T02:23:18.7638790Z     💭 Reasoning: The username has been filled. Now filling the password field to attempt login.
2026-01-19T02:23:18.7639321Z     ➕ Injected AI step: fill -> Password
2026-01-19T02:23:18.7639643Z   ▶️ [STEP step_4_ai_2] FILL: Password
2026-01-19T02:23:18.7687744Z     🎯 Using AI-provided locator: #password
2026-01-19T02:23:18.7738627Z     ✅ Found 1 verified locators
2026-01-19T02:23:25.9516467Z     ✅ State transitioned.
2026-01-19T02:23:25.9564523Z     🔄 Revisited state detected (count: 2)
2026-01-19T02:23:26.0042545Z [CACHE HIT] 3dec85d1... (hits: 34, misses: 20)
2026-01-19T02:23:26.0043410Z     🤖 AI Next Step Suggestion: click -> Login
2026-01-19T02:23:26.0043944Z     🧩 Suggested Locator: button
2026-01-19T02:23:26.0044714Z     💭 Reasoning: The form is complete, and the next logical step is to submit it to attempt login.
2026-01-19T02:23:26.0045284Z     ➕ Injected AI step: click -> Login
2026-01-19T02:23:26.0045610Z   ▶️ [STEP step_4_ai_3] CLICK: Login
2026-01-19T02:23:26.0091683Z     🎯 Using AI-provided locator: button
2026-01-19T02:23:26.0145031Z     ✅ Found 1 verified locators
2026-01-19T02:23:30.0670781Z     ✅ State transitioned.
2026-01-19T02:23:30.0738624Z     🔄 Revisited state detected (count: 3)
2026-01-19T02:23:30.0739323Z     ⚠️ Too many revisits (3). Stopping AI step injection to prevent loops.
2026-01-19T02:23:30.0739745Z   ▶️ [STEP step_5] FILL: number
2026-01-19T02:23:30.0885150Z     🔍 Mining locators for: 'number'
2026-01-19T02:23:30.1284248Z     🧠 Consulting AI (Vision-First) to find 'number'...
2026-01-19T02:23:30.1284758Z     🔍 Trying smart selectors for 'number'...
2026-01-19T02:23:30.1499320Z     ⚠️ Smart selectors failed (no unique match). Falling back to AI Vision...
2026-01-19T02:23:30.1499963Z     ⚠️ Critical step failure: name 'time' is not defined
2026-01-19T02:23:30.1500424Z   ▶️ [STEP step_6] ASSERT_VISIBLE: number
2026-01-19T02:23:30.1547713Z     🔍 Mining locators for: 'number'
2026-01-19T02:23:30.1931089Z     🧠 Consulting AI (Vision-First) to find 'number'...
2026-01-19T02:23:30.1931524Z     🔍 Trying smart selectors for 'number'...
2026-01-19T02:23:30.2147230Z     ⚠️ Smart selectors failed (no unique match). Falling back to AI Vision...
2026-01-19T02:23:30.2147817Z     ⚠️ Critical step failure: name 'time' is not defined
2026-01-19T02:23:32.2486156Z 
2026-01-19T02:23:32.2487158Z [4/4] Exploring Scenario: Forgot Password Functionality
2026-01-19T02:23:32.2488506Z     🧠 Initialized exploration context for goal: 'Test authentication and forms'
2026-01-19T02:23:32.2489272Z   ▶️ [STEP step_1] NAVIGATE: 
2026-01-19T02:23:33.7076942Z     ✅ Navigated to https://the-internet.herokuapp.com/
2026-01-19T02:23:33.7077612Z   ▶️ [STEP step_2] ASSERT_URL: 
2026-01-19T02:23:38.7354754Z     ⚠️ Scroll into view failed for text=None. Proceeding anyway.
2026-01-19T02:23:40.7377672Z     ✅ State transitioned.
2026-01-19T02:23:40.7870954Z [CACHE HIT] d60a5351... (hits: 35, misses: 20)
2026-01-19T02:23:40.7872031Z     🤖 AI Next Step Suggestion: click -> Form Authentication
2026-01-19T02:23:40.7872770Z     🧩 Suggested Locator: a[href='/login']
2026-01-19T02:23:40.7877543Z     💭 Reasoning: The goal is to test authentication and forms. 'Form Authentication' is a direct link to a login form, which is the next logical step.
2026-01-19T02:23:40.7878919Z     ➕ Injected AI step: click -> Form Authentication
2026-01-19T02:23:40.7879604Z   ▶️ [STEP step_2_ai_1] CLICK: Form Authentication
2026-01-19T02:23:40.7926729Z     🎯 Using AI-provided locator: a[href='/login']
2026-01-19T02:23:40.7990583Z     ✅ Found 1 verified locators
2026-01-19T02:23:44.8711885Z     ✅ State transitioned.
2026-01-19T02:23:44.9126538Z [CACHE HIT] 2d0616e6... (hits: 36, misses: 20)
2026-01-19T02:23:44.9127434Z     🤖 AI Next Step Suggestion: fill -> Username
2026-01-19T02:23:44.9128011Z     🧩 Suggested Locator: #username
2026-01-19T02:23:44.9128988Z     💭 Reasoning: The page requires username and password. Filling the username field with the provided username 'tomsmith'.
2026-01-19T02:23:44.9130018Z     ➕ Injected AI step: fill -> Username
2026-01-19T02:23:44.9130426Z   ▶️ [STEP step_2_ai_2] FILL: Username
2026-01-19T02:23:44.9273831Z     🎯 Using AI-provided locator: #username
2026-01-19T02:23:44.9330275Z     ✅ Found 1 verified locators
2026-01-19T02:23:50.9367454Z     ✅ State transitioned.
2026-01-19T02:23:50.9788990Z [CACHE HIT] 258ff28b... (hits: 37, misses: 20)
2026-01-19T02:23:50.9790002Z     🤖 AI Next Step Suggestion: fill -> Password
2026-01-19T02:23:50.9790635Z     🧩 Suggested Locator: #password
2026-01-19T02:23:50.9791639Z     💭 Reasoning: The username field has been filled. Now filling the password field to complete the form.
2026-01-19T02:23:50.9792599Z     ➕ Injected AI step: fill -> Password
2026-01-19T02:23:50.9793153Z   ▶️ [STEP step_2_ai_3] FILL: Password
2026-01-19T02:23:50.9841575Z     🎯 Using AI-provided locator: #password
2026-01-19T02:23:50.9894989Z     ✅ Found 1 verified locators
2026-01-19T02:23:58.6134762Z     ✅ State transitioned.
2026-01-19T02:23:58.6621070Z [CACHE HIT] eba93c3c... (hits: 38, misses: 20)
2026-01-19T02:23:58.6622041Z     🤖 AI Next Step Suggestion: click -> Login
2026-01-19T02:23:58.6622710Z     🧩 Suggested Locator: button
2026-01-19T02:23:58.6624015Z     💭 Reasoning: Now that the username and password fields are filled, the next logical step is to click the Login button to attempt authentication.
2026-01-19T02:23:58.6625218Z     ➕ Injected AI step: click -> Login
2026-01-19T02:23:58.6625750Z   ▶️ [STEP step_2_ai_4] CLICK: Login
2026-01-19T02:23:58.6676276Z     🎯 Using AI-provided locator: button
2026-01-19T02:23:58.6731579Z     ✅ Found 1 verified locators
2026-01-19T02:24:02.7153513Z     ✅ State transitioned.
2026-01-19T02:24:02.7501129Z [CACHE HIT] de1a879f... (hits: 39, misses: 20)
2026-01-19T02:24:02.7502098Z     🤖 AI Next Step Suggestion: click -> Logout
2026-01-19T02:24:02.7502796Z     🧩 Suggested Locator: a[href="/logout"]
2026-01-19T02:24:02.7504075Z     💭 Reasoning: The goal is to test authentication and forms. We have successfully logged in. Now we should test the logout functionality.
2026-01-19T02:24:02.7505220Z     ➕ Injected AI step: click -> Logout
2026-01-19T02:24:02.7505785Z   ▶️ [STEP step_2_ai_5] CLICK: Logout
2026-01-19T02:24:02.7646451Z     🎯 Using AI-provided locator: a[href="/logout"]
2026-01-19T02:24:02.7706512Z     ✅ Found 1 verified locators
2026-01-19T02:24:06.8330951Z     ✅ State transitioned.
2026-01-19T02:24:06.8789945Z [CACHE HIT] fa74c8a7... (hits: 40, misses: 20)
2026-01-19T02:24:06.8790788Z     🤖 AI Next Step Suggestion: fill -> Username
2026-01-19T02:24:06.8791286Z     🧩 Suggested Locator: #username
2026-01-19T02:24:06.8791706Z     💭 Reasoning: The page instructs to use 'tomsmith' as the username.
2026-01-19T02:24:06.8792122Z     ➕ Injected AI step: fill -> Username
2026-01-19T02:24:06.8792432Z   ▶️ [STEP step_2_ai_6] FILL: Username
2026-01-19T02:24:06.8933942Z     🎯 Using AI-provided locator: #username
2026-01-19T02:24:06.8990120Z     ✅ Found 1 verified locators
2026-01-19T02:24:12.5304193Z     ✅ State transitioned.
2026-01-19T02:24:12.5789092Z [CACHE HIT] 803fca91... (hits: 41, misses: 20)
2026-01-19T02:24:12.5790241Z     🤖 AI Next Step Suggestion: fill -> Password
2026-01-19T02:24:12.5790648Z     🧩 Suggested Locator: #password
2026-01-19T02:24:12.5791140Z     💭 Reasoning: The username has been filled, now filling the password to attempt login.
2026-01-19T02:24:12.5791618Z     ➕ Injected AI step: fill -> Password
2026-01-19T02:24:12.5791930Z   ▶️ [STEP step_2_ai_7] FILL: Password
2026-01-19T02:24:12.5838740Z     🎯 Using AI-provided locator: #password
2026-01-19T02:24:12.5897324Z     ✅ Found 1 verified locators
2026-01-19T02:24:19.3836972Z     ✅ State transitioned.
2026-01-19T02:24:19.4283177Z [CACHE HIT] f070f4a5... (hits: 42, misses: 20)
2026-01-19T02:24:19.4284034Z     🤖 AI Next Step Suggestion: click -> Login
2026-01-19T02:24:19.4284615Z     🧩 Suggested Locator: button
2026-01-19T02:24:19.4285585Z     💭 Reasoning: The username and password fields have been filled. Clicking the Login button is the next logical step to attempt authentication.
2026-01-19T02:24:19.4286419Z     ➕ Injected AI step: click -> Login
2026-01-19T02:24:19.4286760Z   ▶️ [STEP step_2_ai_8] CLICK: Login
2026-01-19T02:24:19.4336844Z     🎯 Using AI-provided locator: button
2026-01-19T02:24:19.4388131Z     ✅ Found 1 verified locators
2026-01-19T02:24:23.4807942Z     ✅ State transitioned.
2026-01-19T02:24:23.4871952Z     🔄 Revisited state detected (count: 1)
2026-01-19T02:24:23.5158498Z [CACHE HIT] 8f488d49... (hits: 43, misses: 20)
2026-01-19T02:24:23.5159383Z     🤖 AI Next Step Suggestion: click -> Logout
2026-01-19T02:24:23.5159969Z     🧩 Suggested Locator: a[href="/logout"]
2026-01-19T02:24:23.5161168Z     💭 Reasoning: The goal is to test authentication and forms. We have successfully logged in. Now, we should test the logout functionality.
2026-01-19T02:24:23.5162300Z     ➕ Injected AI step: click -> Logout
2026-01-19T02:24:23.5162831Z   ▶️ [STEP step_2_ai_9] CLICK: Logout
2026-01-19T02:24:23.5305282Z     🎯 Using AI-provided locator: a[href="/logout"]
2026-01-19T02:24:23.5362266Z     ✅ Found 1 verified locators
2026-01-19T02:24:27.5989340Z     ✅ State transitioned.
2026-01-19T02:24:27.6055641Z     🔄 Revisited state detected (count: 2)
2026-01-19T02:24:27.6619844Z [CACHE HIT] 6ddf36e0... (hits: 44, misses: 20)
2026-01-19T02:24:27.6620694Z     🤖 AI Next Step Suggestion: click -> Login
2026-01-19T02:24:27.6621188Z     🧩 Suggested Locator: button
2026-01-19T02:24:27.6621802Z     💭 Reasoning: The form is complete, and the next logical step is to submit it by clicking the 'Login' button.
2026-01-19T02:24:27.6622379Z     ➕ Injected AI step: click -> Login
2026-01-19T02:24:27.6622724Z   ▶️ [STEP step_2_ai_10] CLICK: Login
2026-01-19T02:24:27.6668765Z     🎯 Using AI-provided locator: button
2026-01-19T02:24:27.6721576Z     ✅ Found 1 verified locators
2026-01-19T02:24:31.7325659Z     ✅ State transitioned.
2026-01-19T02:24:31.7779380Z [CACHE HIT] e70490d3... (hits: 45, misses: 20)
2026-01-19T02:24:31.7780284Z     🤖 AI Next Step Suggestion: fill -> Username
2026-01-19T02:24:31.7780893Z     🧩 Suggested Locator: #username
2026-01-19T02:24:31.7781701Z     💭 Reasoning: The page description indicates the username should be 'tomsmith'.
2026-01-19T02:24:31.7782510Z     ➕ Injected AI step: fill -> Username
2026-01-19T02:24:31.7783043Z   ▶️ [STEP step_2_ai_11] FILL: Username
2026-01-19T02:24:31.7923410Z     🎯 Using AI-provided locator: #username
2026-01-19T02:24:31.7981054Z     ✅ Found 1 verified locators
2026-01-19T02:24:37.3154154Z     ✅ State transitioned.
2026-01-19T02:24:37.3604718Z [CACHE HIT] e99c2545... (hits: 46, misses: 20)
2026-01-19T02:24:37.3605598Z     🤖 AI Next Step Suggestion: fill -> Password
2026-01-19T02:24:37.3606397Z     🧩 Suggested Locator: #password
2026-01-19T02:24:37.3607062Z     💭 Reasoning: The username has been filled, now filling the password to attempt login.
2026-01-19T02:24:37.3607861Z     ➕ Injected AI step: fill -> Password
2026-01-19T02:24:37.3608176Z   ▶️ [STEP step_2_ai_12] FILL: Password
2026-01-19T02:24:37.3656751Z     🎯 Using AI-provided locator: #password
2026-01-19T02:24:37.3711722Z     ✅ Found 1 verified locators
2026-01-19T02:24:44.6643681Z     ✅ State transitioned.
2026-01-19T02:24:44.7107273Z [CACHE HIT] 9fa19699... (hits: 47, misses: 20)
2026-01-19T02:24:44.7107887Z     🤖 AI Next Step Suggestion: click -> Login
2026-01-19T02:24:44.7108413Z     🧩 Suggested Locator: button
2026-01-19T02:24:44.7109619Z     💭 Reasoning: The username and password fields have been filled. Clicking the login button is the next logical step to attempt authentication.
2026-01-19T02:24:44.7110737Z     ➕ Injected AI step: click -> Login
2026-01-19T02:24:44.7111244Z   ▶️ [STEP step_2_ai_13] CLICK: Login
2026-01-19T02:24:44.7159142Z     🎯 Using AI-provided locator: button
2026-01-19T02:24:44.7210924Z     ✅ Found 1 verified locators
2026-01-19T02:24:48.7620347Z     ✅ State transitioned.
2026-01-19T02:24:48.7683352Z     🔄 Revisited state detected (count: 1)
2026-01-19T02:24:48.7973276Z [CACHE HIT] 734df930... (hits: 48, misses: 20)
2026-01-19T02:24:48.7974261Z     🤖 AI Next Step Suggestion: click -> Logout
2026-01-19T02:24:48.7974953Z     🧩 Suggested Locator: a[href="/logout"]
2026-01-19T02:24:48.7976782Z     💭 Reasoning: The goal is to test authentication and forms. We have successfully logged in. Now, we should test the logout functionality to ensure it works as expected.
2026-01-19T02:24:48.7978107Z     ➕ Injected AI step: click -> Logout
2026-01-19T02:24:48.7978639Z   ▶️ [STEP step_2_ai_14] CLICK: Logout
2026-01-19T02:24:48.8117331Z     🎯 Using AI-provided locator: a[href="/logout"]
2026-01-19T02:24:48.8172440Z     ✅ Found 1 verified locators
2026-01-19T02:24:52.8818940Z     ✅ State transitioned.
2026-01-19T02:24:52.8882445Z     🔄 Revisited state detected (count: 2)
2026-01-19T02:24:52.9425291Z [CACHE HIT] 5c6ce6a8... (hits: 49, misses: 20)
2026-01-19T02:24:52.9426365Z     🤖 AI Next Step Suggestion: click -> Login
2026-01-19T02:24:52.9426913Z     🧩 Suggested Locator: button
2026-01-19T02:24:52.9427716Z     💭 Reasoning: The form is complete, and the next logical step is to submit the login credentials.
2026-01-19T02:24:52.9428259Z     ➕ Injected AI step: click -> Login
2026-01-19T02:24:52.9428575Z   ▶️ [STEP step_2_ai_15] CLICK: Login
2026-01-19T02:24:52.9476914Z     🎯 Using AI-provided locator: button
2026-01-19T02:24:52.9529017Z     ✅ Found 1 verified locators
2026-01-19T02:24:57.0148896Z     ✅ State transitioned.
2026-01-19T02:24:57.0216525Z     🔄 Revisited state detected (count: 3)
2026-01-19T02:24:57.0217397Z     ⚠️ Too many revisits (3). Stopping AI step injection to prevent loops.
2026-01-19T02:24:57.0218186Z   ▶️ [STEP step_3] CLICK: Forgot Password
2026-01-19T02:24:57.0363517Z     🔍 Mining locators for: 'Forgot Password'
2026-01-19T02:24:57.0759326Z     🧠 Consulting AI (Vision-First) to find 'Forgot Password'...
2026-01-19T02:24:57.0760270Z     🔍 Trying smart selectors for 'Forgot Password'...
2026-01-19T02:24:57.0975480Z     ⚠️ Smart selectors failed (no unique match). Falling back to AI Vision...
2026-01-19T02:24:57.0976656Z     ⚠️ Critical step failure: name 'time' is not defined
2026-01-19T02:24:57.0977346Z   ▶️ [STEP step_4] ASSERT_URL: 
2026-01-19T02:25:02.1118868Z     ⚠️ Scroll into view failed for text=None. Proceeding anyway.
2026-01-19T02:25:04.1142378Z     ✅ State transitioned.
2026-01-19T02:25:04.1598653Z [CACHE HIT] c0903f4f... (hits: 50, misses: 20)
2026-01-19T02:25:04.1599601Z     🤖 AI Next Step Suggestion: fill -> Username
2026-01-19T02:25:04.1600241Z     🧩 Suggested Locator: #username
2026-01-19T02:25:04.1601919Z     💭 Reasoning: The page displays 'Your username is invalid!' and the text indicates the correct username is 'tomsmith'. Filling the username field with the correct value is the next logical step.
2026-01-19T02:25:04.1603409Z     ➕ Injected AI step: fill -> Username
2026-01-19T02:25:04.1605713Z   ▶️ [STEP step_4_ai_1] FILL: Username
2026-01-19T02:25:04.1651907Z     🎯 Using AI-provided locator: #username
2026-01-19T02:25:04.1703071Z     ✅ Found 1 verified locators
2026-01-19T02:25:10.1581427Z     ✅ State transitioned.
2026-01-19T02:25:10.1626495Z     🔄 Revisited state detected (count: 1)
2026-01-19T02:25:10.1934594Z [CACHE HIT] a957616e... (hits: 51, misses: 20)
2026-01-19T02:25:10.1935578Z     🤖 AI Next Step Suggestion: fill -> Password
2026-01-19T02:25:10.1936470Z     🧩 Suggested Locator: #password
2026-01-19T02:25:10.1937407Z     💭 Reasoning: The username has been filled. Now filling the password field to attempt login.
2026-01-19T02:25:10.1938298Z     ➕ Injected AI step: fill -> Password
2026-01-19T02:25:10.1938829Z   ▶️ [STEP step_4_ai_2] FILL: Password
2026-01-19T02:25:10.1985086Z     🎯 Using AI-provided locator: #password
2026-01-19T02:25:10.2036165Z     ✅ Found 1 verified locators
2026-01-19T02:25:18.2311708Z     ✅ State transitioned.
2026-01-19T02:25:18.2358559Z     🔄 Revisited state detected (count: 2)
2026-01-19T02:25:18.2828741Z [CACHE HIT] 3dec85d1... (hits: 52, misses: 20)
2026-01-19T02:25:18.2829640Z     🤖 AI Next Step Suggestion: click -> Login
2026-01-19T02:25:18.2830184Z     🧩 Suggested Locator: button
2026-01-19T02:25:18.2830955Z     💭 Reasoning: The form is complete, and the next logical step is to submit it to attempt login.
2026-01-19T02:25:18.2831478Z     ➕ Injected AI step: click -> Login
2026-01-19T02:25:18.2831798Z   ▶️ [STEP step_4_ai_3] CLICK: Login
2026-01-19T02:25:18.2877732Z     🎯 Using AI-provided locator: button
2026-01-19T02:25:18.2931228Z     ✅ Found 1 verified locators
2026-01-19T02:25:22.3432129Z     ✅ State transitioned.
2026-01-19T02:25:22.3496377Z     🔄 Revisited state detected (count: 3)
2026-01-19T02:25:22.3497300Z     ⚠️ Too many revisits (3). Stopping AI step injection to prevent loops.
2026-01-19T02:25:22.3498042Z   ▶️ [STEP step_5] FILL: email
2026-01-19T02:25:22.3661754Z     🔍 Mining locators for: 'email'
2026-01-19T02:25:22.4077262Z     🧠 Consulting AI (Vision-First) to find 'email'...
2026-01-19T02:25:22.4078054Z     🔍 Trying smart selectors for 'email'...
2026-01-19T02:25:22.4297908Z     ⚠️ Smart selectors failed (no unique match). Falling back to AI Vision...
2026-01-19T02:25:22.4298876Z     ⚠️ Critical step failure: name 'time' is not defined
2026-01-19T02:25:22.4299651Z   ▶️ [STEP step_6] CLICK: Retrieve password
2026-01-19T02:25:22.4348775Z     🔍 Mining locators for: 'Retrieve password'
2026-01-19T02:25:22.4721715Z     🧠 Consulting AI (Vision-First) to find 'Retrieve password'...
2026-01-19T02:25:22.4722263Z     🔍 Trying smart selectors for 'Retrieve password'...
2026-01-19T02:25:22.4936745Z     ⚠️ Smart selectors failed (no unique match). Falling back to AI Vision...
2026-01-19T02:25:22.4937440Z     ⚠️ Critical step failure: name 'time' is not defined
2026-01-19T02:25:22.4937937Z   ▶️ [STEP step_7] ASSERT_VISIBLE: Your e-mail's been sent!
2026-01-19T02:25:22.4984616Z     🔍 Mining locators for: 'Your e-mail's been sent!'
2026-01-19T02:25:22.5393185Z     🧠 Consulting AI (Vision-First) to find 'Your e-mail's been sent!'...
2026-01-19T02:25:22.5394125Z     🔍 Trying smart selectors for 'Your e-mail's been sent!'...
2026-01-19T02:25:22.5482205Z     ⚠️ Smart selector error: Locator.count: Unexpected token "" while parsing css selector "[aria-label*='Your e-mail's been sent!' i]". Did you mean to CSS.escape it?. Falling back to AI Vision...
2026-01-19T02:25:22.5483112Z     ⚠️ Critical step failure: name 'time' is not defined
2026-01-19T02:25:24.5847510Z 🗂️  All generated tests written to /home/runner/work/build_qa_automation/build_qa_automation/projects/ci_the_internet_forms/tests/generated_scenarios.json
2026-01-19T02:25:24.5866787Z 🔄 Updated workflow.json with discovered steps and locators.
2026-01-19T02:25:24.5867205Z 
2026-01-19T02:25:24.5867387Z ✅ Deep Exploration Complete.
2026-01-19T02:30:14.4183608Z 
2026-01-19T02:30:14.4184785Z 🚀 [EXECUTE] Starting Automation Execution Engine
2026-01-19T02:30:14.4185556Z 📍 Project: ci_the_internet_forms
2026-01-19T02:30:14.4187023Z 🎬 Mode: Headless
2026-01-19T02:30:14.4187293Z 
2026-01-19T02:30:14.4187504Z --- Scenario: Authentication - Successful Login ---
2026-01-19T02:30:14.4188101Z   ▶️ [STEP step_1] NAVIGATE: Step step_1
2026-01-19T02:30:14.4188537Z     ✅ Step step_1 Passed.
2026-01-19T02:30:14.4189208Z   ▶️ [STEP step_2] ASSERT_URL: Step step_2
2026-01-19T02:30:14.4189644Z     ✅ Step step_2 Passed.
2026-01-19T02:30:14.4190064Z   ▶️ [STEP step_2_ai_1] CLICK: Form Authentication
2026-01-19T02:30:14.4190557Z     🎯 Using mined locator: a[href='/login']
2026-01-19T02:30:14.4190988Z     ✅ Step step_2_ai_1 Passed.
2026-01-19T02:30:14.4191380Z   ▶️ [STEP step_2_ai_2] FILL: Username
2026-01-19T02:30:14.4191804Z     🎯 Using mined locator: #username
2026-01-19T02:30:14.4192200Z     ✅ Step step_2_ai_2 Passed.
2026-01-19T02:30:14.4192799Z   ▶️ [STEP step_2_ai_3] FILL: Password
2026-01-19T02:30:14.4193402Z     🎯 Using mined locator: #password
2026-01-19T02:30:14.4193976Z     ✅ Step step_2_ai_3 Passed.
2026-01-19T02:30:14.4194545Z   ▶️ [STEP step_2_ai_4] CLICK: Login
2026-01-19T02:30:14.4195017Z     🎯 Using mined locator: button
2026-01-19T02:30:14.4195509Z     ✅ Step step_2_ai_4 Passed.
2026-01-19T02:30:14.4196236Z   ▶️ [STEP step_2_ai_5] CLICK: Logout
2026-01-19T02:30:14.4196898Z     🎯 Using mined locator: a[href="/logout"]
2026-01-19T02:30:14.4197417Z     ✅ Step step_2_ai_5 Passed.
2026-01-19T02:30:14.4197924Z   ▶️ [STEP step_2_ai_6] FILL: Username
2026-01-19T02:30:14.4198554Z     🎯 Using mined locator: #username
2026-01-19T02:30:14.4199122Z     ✅ Step step_2_ai_6 Passed.
2026-01-19T02:30:14.4199668Z   ▶️ [STEP step_2_ai_7] FILL: Password
2026-01-19T02:30:14.4200373Z     🎯 Using mined locator: #password
2026-01-19T02:30:14.4201110Z     ✅ Step step_2_ai_7 Passed.
2026-01-19T02:30:14.4201799Z   ▶️ [STEP step_2_ai_8] CLICK: Login
2026-01-19T02:30:14.4202546Z     🎯 Using mined locator: button
2026-01-19T02:30:14.4203263Z     ✅ Step step_2_ai_8 Passed.
2026-01-19T02:30:14.4203962Z   ▶️ [STEP step_2_ai_9] CLICK: Logout
2026-01-19T02:30:14.4204794Z     🎯 Using mined locator: a[href="/logout"]
2026-01-19T02:30:14.4205301Z     ✅ Step step_2_ai_9 Passed.
2026-01-19T02:30:14.4205765Z   ▶️ [STEP step_2_ai_10] CLICK: Login
2026-01-19T02:30:14.4206451Z     🎯 Using mined locator: button
2026-01-19T02:30:14.4206916Z     ✅ Step step_2_ai_10 Passed.
2026-01-19T02:30:14.4207369Z   ▶️ [STEP step_2_ai_11] FILL: Username
2026-01-19T02:30:14.4207859Z     🎯 Using mined locator: #username
2026-01-19T02:30:14.4208315Z     ✅ Step step_2_ai_11 Passed.
2026-01-19T02:30:14.4208754Z   ▶️ [STEP step_2_ai_12] FILL: Password
2026-01-19T02:30:14.4209234Z     🎯 Using mined locator: #password
2026-01-19T02:30:14.4209693Z     ✅ Step step_2_ai_12 Passed.
2026-01-19T02:30:14.4210127Z   ▶️ [STEP step_2_ai_13] CLICK: Login
2026-01-19T02:30:14.4210581Z     🎯 Using mined locator: button
2026-01-19T02:30:14.4211024Z     ✅ Step step_2_ai_13 Passed.
2026-01-19T02:30:14.4211464Z   ▶️ [STEP step_2_ai_14] CLICK: Logout
2026-01-19T02:30:14.4211997Z     🎯 Using mined locator: a[href="/logout"]
2026-01-19T02:30:14.4212488Z     ✅ Step step_2_ai_14 Passed.
2026-01-19T02:30:14.4212921Z   ▶️ [STEP step_2_ai_15] CLICK: Login
2026-01-19T02:30:14.4213406Z     🎯 Using mined locator: button
2026-01-19T02:30:14.4213950Z     ✅ Step step_2_ai_15 Passed.
2026-01-19T02:30:14.4214679Z   ▶️ [STEP step_3] CLICK: Form Authentication
2026-01-19T02:30:14.4215571Z     ❌ Attempt 1 failed (element_not_found): Locator.bounding_box: Timeout 30000ms exceeded.
2026-01-19T02:30:14.4216459Z Call log:
2026-01-19T02:30:14.4216798Z   - waiting for locator("text=Form Authent...
2026-01-19T02:30:14.4217500Z     🔧 [AUTO-HEAL] Re-mining page to find 'Form Authentication'...
2026-01-19T02:30:14.4218183Z [DEBUG] Sending request to gemini-2.0-flash. Number of parts: 2
2026-01-19T02:30:14.4218781Z [DEBUG] Received response (Length: 476)
2026-01-19T02:30:14.4219415Z     ✨ AI successfully healed the step! Found 2 alternatives.
2026-01-19T02:30:14.4220218Z     ✨ AI successfully healed the step! New selector: button[type='submit']
2026-01-19T02:30:14.4221106Z     ✅ Step step_3 Passed.
2026-01-19T02:30:14.4221584Z   ▶️ [STEP step_4] ASSERT_URL: Step step_4
2026-01-19T02:30:14.4222051Z     ✅ Step step_4 Passed.
2026-01-19T02:30:14.4222584Z   ▶️ [STEP step_4_ai_1] FILL: Username
2026-01-19T02:30:14.4222952Z     🎯 Using mined locator: #username
2026-01-19T02:30:14.4223226Z     ✅ Step step_4_ai_1 Passed.
2026-01-19T02:30:14.4223511Z   ▶️ [STEP step_4_ai_2] FILL: Password
2026-01-19T02:30:14.4223805Z     🎯 Using mined locator: #password
2026-01-19T02:30:14.4224081Z     ✅ Step step_4_ai_2 Passed.
2026-01-19T02:30:14.4224343Z   ▶️ [STEP step_4_ai_3] CLICK: Login
2026-01-19T02:30:14.4224621Z     🎯 Using mined locator: button
2026-01-19T02:30:14.4224889Z     ✅ Step step_4_ai_3 Passed.
2026-01-19T02:30:14.4225139Z   ▶️ [STEP step_5] FILL: username
2026-01-19T02:30:14.4225650Z     ❌ Attempt 1 failed (element_not_found): Locator.scroll_into_view_if_needed: Timeout 10000ms exceeded.
2026-01-19T02:30:14.4226684Z Call log:
2026-01-19T02:30:14.4226876Z   - waiting for locator("tex...
2026-01-19T02:30:14.4227225Z     🔧 [AUTO-HEAL] Re-mining page to find 'username'...
2026-01-19T02:30:14.4227594Z [DEBUG] Sending request to gemini-2.0-flash. Number of parts: 2
2026-01-19T02:30:14.4227944Z [DEBUG] Received response (Length: 38)
2026-01-19T02:30:14.4228346Z     ❌ AI could not re-locate the element. Waiting 1s before next retry.
2026-01-19T02:30:14.4228950Z     ❌ Attempt 2 failed (element_not_found): Locator.scroll_into_view_if_needed: Timeout 10000ms exceeded.
2026-01-19T02:30:14.4229384Z Call log:
2026-01-19T02:30:14.4229555Z   - waiting for locator("tex...
2026-01-19T02:30:14.4229867Z     🔧 [AUTO-HEAL] Re-mining page to find 'username'...
2026-01-19T02:30:14.4230171Z [CACHE HIT] b92be9fb... (hits: 1, misses: 2)
2026-01-19T02:30:14.4230563Z     ❌ AI could not re-locate the element. Waiting 1s before next retry.
2026-01-19T02:30:14.4231573Z     ❌ Attempt 3 failed (element_not_found): Locator.scroll_into_view_if_needed: Timeout 10000ms exceeded.
2026-01-19T02:30:14.4232037Z Call log:
2026-01-19T02:30:14.4232214Z   - waiting for locator("tex...
2026-01-19T02:30:14.4232508Z     💀 Step step_5 failed after all retries.
2026-01-19T02:30:14.4232940Z 🛑 Scenario 'Authentication - Successful Login' aborted due to step failure.
2026-01-19T02:30:14.4233255Z 
2026-01-19T02:30:14.4233481Z --- Scenario: Authentication - Failed Login ---
2026-01-19T02:30:14.4234029Z   ▶️ [STEP step_1] NAVIGATE: Step step_1
2026-01-19T02:30:14.4234500Z     ✅ Step step_1 Passed.
2026-01-19T02:30:14.4234936Z   ▶️ [STEP step_2] ASSERT_URL: Step step_2
2026-01-19T02:30:14.4235397Z     ✅ Step step_2 Passed.
2026-01-19T02:30:14.4235866Z   ▶️ [STEP step_2_ai_1] CLICK: Form Authentication
2026-01-19T02:30:14.4236603Z     🎯 Using mined locator: a[href='/login']
2026-01-19T02:30:14.4237086Z     ✅ Step step_2_ai_1 Passed.
2026-01-19T02:30:14.4237520Z   ▶️ [STEP step_2_ai_2] FILL: Username
2026-01-19T02:30:14.4238012Z     🎯 Using mined locator: #username
2026-01-19T02:30:14.4238508Z     ✅ Step step_2_ai_2 Passed.
2026-01-19T02:30:14.4238975Z   ▶️ [STEP step_2_ai_3] FILL: Password
2026-01-19T02:30:14.4239457Z     🎯 Using mined locator: #password
2026-01-19T02:30:14.4239936Z     ✅ Step step_2_ai_3 Passed.
2026-01-19T02:30:14.4240390Z   ▶️ [STEP step_2_ai_4] CLICK: Login
2026-01-19T02:30:14.4241144Z     🎯 Using mined locator: button
2026-01-19T02:30:14.4241624Z     ✅ Step step_2_ai_4 Passed.
2026-01-19T02:30:14.4242073Z   ▶️ [STEP step_2_ai_5] CLICK: Logout
2026-01-19T02:30:14.4242589Z     🎯 Using mined locator: a[href="/logout"]
2026-01-19T02:30:14.4243093Z     ✅ Step step_2_ai_5 Passed.
2026-01-19T02:30:14.4243549Z   ▶️ [STEP step_2_ai_6] FILL: Username
2026-01-19T02:30:14.4244033Z     🎯 Using mined locator: #username
2026-01-19T02:30:14.4244505Z     ✅ Step step_2_ai_6 Passed.
2026-01-19T02:30:14.4244960Z   ▶️ [STEP step_2_ai_7] FILL: Password
2026-01-19T02:30:14.4245450Z     🎯 Using mined locator: #password
2026-01-19T02:30:14.4245914Z     ✅ Step step_2_ai_7 Passed.
2026-01-19T02:30:14.4246775Z   ▶️ [STEP step_2_ai_8] CLICK: Login
2026-01-19T02:30:14.4247260Z     🎯 Using mined locator: button
2026-01-19T02:30:14.4247724Z     ✅ Step step_2_ai_8 Passed.
2026-01-19T02:30:14.4248154Z   ▶️ [STEP step_2_ai_9] CLICK: Logout
2026-01-19T02:30:14.4248678Z     🎯 Using mined locator: a[href="/logout"]
2026-01-19T02:30:14.4249174Z     ✅ Step step_2_ai_9 Passed.
2026-01-19T02:30:14.4249611Z   ▶️ [STEP step_2_ai_10] CLICK: Login
2026-01-19T02:30:14.4250069Z     🎯 Using mined locator: button
2026-01-19T02:30:14.4250536Z     ✅ Step step_2_ai_10 Passed.
2026-01-19T02:30:14.4250996Z   ▶️ [STEP step_2_ai_11] FILL: Username
2026-01-19T02:30:14.4251490Z     🎯 Using mined locator: #username
2026-01-19T02:30:14.4251956Z     ✅ Step step_2_ai_11 Passed.
2026-01-19T02:30:14.4252415Z   ▶️ [STEP step_2_ai_12] FILL: Password
2026-01-19T02:30:14.4252915Z     🎯 Using mined locator: #password
2026-01-19T02:30:14.4253395Z     ✅ Step step_2_ai_12 Passed.
2026-01-19T02:30:14.4253842Z   ▶️ [STEP step_2_ai_13] CLICK: Login
2026-01-19T02:30:14.4254336Z     🎯 Using mined locator: button
2026-01-19T02:30:14.4254794Z     ✅ Step step_2_ai_13 Passed.
2026-01-19T02:30:14.4255247Z   ▶️ [STEP step_2_ai_14] CLICK: Logout
2026-01-19T02:30:14.4255754Z     🎯 Using mined locator: a[href="/logout"]
2026-01-19T02:30:14.4256417Z     ✅ Step step_2_ai_14 Passed.
2026-01-19T02:30:14.4256853Z   ▶️ [STEP step_2_ai_15] CLICK: Login
2026-01-19T02:30:14.4257309Z     🎯 Using mined locator: button
2026-01-19T02:30:14.4257738Z     ✅ Step step_2_ai_15 Passed.
2026-01-19T02:30:14.4258220Z   ▶️ [STEP step_3] CLICK: Form Authentication
2026-01-19T02:30:14.4259076Z     ❌ Attempt 1 failed (element_not_found): Locator.bounding_box: Timeout 30000ms exceeded.
2026-01-19T02:30:14.4259780Z Call log:
2026-01-19T02:30:14.4260121Z   - waiting for locator("text=Form Authent...
2026-01-19T02:30:14.4260805Z     🔧 [AUTO-HEAL] Re-mining page to find 'Form Authentication'...
2026-01-19T02:30:14.4261403Z [CACHE HIT] 2ec8cfb4... (hits: 2, misses: 2)
2026-01-19T02:30:14.4262048Z     ✨ AI successfully healed the step! Found 2 alternatives.
2026-01-19T02:30:14.4262850Z     ✨ AI successfully healed the step! New selector: button[type='submit']
2026-01-19T02:30:14.4263504Z     ✅ Step step_3 Passed.
2026-01-19T02:30:14.4263954Z   ▶️ [STEP step_4] ASSERT_URL: Step step_4
2026-01-19T02:30:14.4264447Z     ✅ Step step_4 Passed.
2026-01-19T02:30:14.4264869Z   ▶️ [STEP step_4_ai_1] FILL: Username
2026-01-19T02:30:14.4265362Z     🎯 Using mined locator: #username
2026-01-19T02:30:14.4265870Z     ✅ Step step_4_ai_1 Passed.
2026-01-19T02:30:14.4266666Z   ▶️ [STEP step_4_ai_2] FILL: Password
2026-01-19T02:30:14.4267177Z     🎯 Using mined locator: #password
2026-01-19T02:30:14.4267638Z     ✅ Step step_4_ai_2 Passed.
2026-01-19T02:30:14.4268090Z   ▶️ [STEP step_4_ai_3] CLICK: Login
2026-01-19T02:30:14.4268557Z     🎯 Using mined locator: button
2026-01-19T02:30:14.4269008Z     ✅ Step step_4_ai_3 Passed.
2026-01-19T02:30:14.4269433Z   ▶️ [STEP step_5] FILL: username
2026-01-19T02:30:14.4270324Z     ❌ Attempt 1 failed (element_not_found): Locator.scroll_into_view_if_needed: Timeout 10000ms exceeded.
2026-01-19T02:30:14.4271126Z Call log:
2026-01-19T02:30:14.4271453Z   - waiting for locator("tex...
2026-01-19T02:30:14.4272019Z     🔧 [AUTO-HEAL] Re-mining page to find 'username'...
2026-01-19T02:30:14.4272549Z [CACHE HIT] b92be9fb... (hits: 3, misses: 2)
2026-01-19T02:30:14.4272974Z     ❌ AI could not re-locate the element. Waiting 1s before next retry.
2026-01-19T02:30:14.4273577Z     ❌ Attempt 2 failed (element_not_found): Locator.scroll_into_view_if_needed: Timeout 10000ms exceeded.
2026-01-19T02:30:14.4274006Z Call log:
2026-01-19T02:30:14.4274179Z   - waiting for locator("tex...
2026-01-19T02:30:14.4274498Z     🔧 [AUTO-HEAL] Re-mining page to find 'username'...
2026-01-19T02:30:14.4274808Z [CACHE HIT] b92be9fb... (hits: 4, misses: 2)
2026-01-19T02:30:14.4275192Z     ❌ AI could not re-locate the element. Waiting 1s before next retry.
2026-01-19T02:30:14.4275779Z     ❌ Attempt 3 failed (element_not_found): Locator.scroll_into_view_if_needed: Timeout 10000ms exceeded.
2026-01-19T02:30:14.4276601Z Call log:
2026-01-19T02:30:14.4276777Z   - waiting for locator("tex...
2026-01-19T02:30:14.4277072Z     💀 Step step_5 failed after all retries.
2026-01-19T02:30:14.4277597Z 🛑 Scenario 'Authentication - Failed Login' aborted due to step failure.
2026-01-19T02:30:14.4278105Z 
2026-01-19T02:30:14.4278272Z --- Scenario: Form Input Validation ---
2026-01-19T02:30:14.4278824Z   ▶️ [STEP step_1] NAVIGATE: Step step_1
2026-01-19T02:30:14.4279326Z     ✅ Step step_1 Passed.
2026-01-19T02:30:14.4279799Z   ▶️ [STEP step_2] ASSERT_URL: Step step_2
2026-01-19T02:30:14.4280296Z     ✅ Step step_2 Passed.
2026-01-19T02:30:14.4280820Z   ▶️ [STEP step_2_ai_1] CLICK: Form Authentication
2026-01-19T02:30:14.4281409Z     🎯 Using mined locator: a[href='/login']
2026-01-19T02:35:18.9366830Z     ✅ Step step_2_ai_1 Passed.
2026-01-19T02:35:18.9367431Z   ▶️ [STEP step_2_ai_2] FILL: Username
2026-01-19T02:35:18.9368033Z     🎯 Using mined locator: #username
2026-01-19T02:35:18.9368509Z     ✅ Step step_2_ai_2 Passed.
2026-01-19T02:35:18.9369021Z   ▶️ [STEP step_2_ai_3] FILL: Password
2026-01-19T02:35:18.9369496Z     🎯 Using mined locator: #password
2026-01-19T02:35:18.9369942Z     ✅ Step step_2_ai_3 Passed.
2026-01-19T02:35:18.9370391Z   ▶️ [STEP step_2_ai_4] CLICK: Login
2026-01-19T02:35:18.9370837Z     🎯 Using mined locator: button
2026-01-19T02:35:18.9371255Z     ✅ Step step_2_ai_4 Passed.
2026-01-19T02:35:18.9371678Z   ▶️ [STEP step_2_ai_5] CLICK: Logout
2026-01-19T02:35:18.9372161Z     🎯 Using mined locator: a[href="/logout"]
2026-01-19T02:35:18.9372654Z     ✅ Step step_2_ai_5 Passed.
2026-01-19T02:35:18.9373059Z   ▶️ [STEP step_2_ai_6] FILL: Username
2026-01-19T02:35:18.9373517Z     🎯 Using mined locator: #username
2026-01-19T02:35:18.9373947Z     ✅ Step step_2_ai_6 Passed.
2026-01-19T02:35:18.9374349Z   ▶️ [STEP step_2_ai_7] FILL: Password
2026-01-19T02:35:18.9374852Z     🎯 Using mined locator: #password
2026-01-19T02:35:18.9375355Z     ✅ Step step_2_ai_7 Passed.
2026-01-19T02:35:18.9375755Z   ▶️ [STEP step_2_ai_8] CLICK: Login
2026-01-19T02:35:18.9376483Z     🎯 Using mined locator: button
2026-01-19T02:35:18.9376898Z     ✅ Step step_2_ai_8 Passed.
2026-01-19T02:35:18.9377319Z   ▶️ [STEP step_2_ai_9] CLICK: Logout
2026-01-19T02:35:18.9377790Z     🎯 Using mined locator: a[href="/logout"]
2026-01-19T02:35:18.9378235Z     ✅ Step step_2_ai_9 Passed.
2026-01-19T02:35:18.9378630Z   ▶️ [STEP step_2_ai_10] CLICK: Login
2026-01-19T02:35:18.9379049Z     🎯 Using mined locator: button
2026-01-19T02:35:18.9379470Z     ✅ Step step_2_ai_10 Passed.
2026-01-19T02:35:18.9379873Z   ▶️ [STEP step_2_ai_11] FILL: Username
2026-01-19T02:35:18.9380308Z     🎯 Using mined locator: #username
2026-01-19T02:35:18.9380726Z     ✅ Step step_2_ai_11 Passed.
2026-01-19T02:35:18.9381140Z   ▶️ [STEP step_2_ai_12] FILL: Password
2026-01-19T02:35:18.9381579Z     🎯 Using mined locator: #password
2026-01-19T02:35:18.9382010Z     ✅ Step step_2_ai_12 Passed.
2026-01-19T02:35:18.9382448Z   ▶️ [STEP step_2_ai_13] CLICK: Login
2026-01-19T02:35:18.9382876Z     🎯 Using mined locator: button
2026-01-19T02:35:18.9383273Z     ✅ Step step_2_ai_13 Passed.
2026-01-19T02:35:18.9383672Z   ▶️ [STEP step_2_ai_14] CLICK: Logout
2026-01-19T02:35:18.9384564Z     🎯 Using mined locator: a[href="/logout"]
2026-01-19T02:35:18.9385052Z     ✅ Step step_2_ai_14 Passed.
2026-01-19T02:35:18.9385458Z   ▶️ [STEP step_2_ai_15] CLICK: Login
2026-01-19T02:35:18.9385872Z     🎯 Using mined locator: button
2026-01-19T02:35:18.9386539Z     ✅ Step step_2_ai_15 Passed.
2026-01-19T02:35:18.9386950Z   ▶️ [STEP step_3] CLICK: Inputs
2026-01-19T02:35:18.9387678Z     ❌ Attempt 1 failed (element_not_found): Locator.bounding_box: Timeout 30000ms exceeded.
2026-01-19T02:35:18.9388309Z Call log:
2026-01-19T02:35:18.9388598Z   - waiting for locator("text=Inputs")
2026-01-19T02:35:18.9388961Z ...
2026-01-19T02:35:18.9389360Z     🔧 [AUTO-HEAL] Re-mining page to find 'Inputs'...
2026-01-19T02:35:18.9390178Z [DEBUG] Sending request to gemini-2.0-flash. Number of parts: 2
2026-01-19T02:35:18.9390701Z [DEBUG] Received response (Length: 600)
2026-01-19T02:35:18.9391264Z     ✨ AI successfully healed the step! Found 2 alternatives.
2026-01-19T02:35:18.9392012Z     ✨ AI successfully healed the step! New selector: input[name='username']
2026-01-19T02:35:18.9392619Z     ✅ Step step_3 Passed.
2026-01-19T02:35:18.9393031Z   ▶️ [STEP step_4] ASSERT_URL: Step step_4
2026-01-19T02:35:18.9393469Z     ✅ Step step_4 Passed.
2026-01-19T02:35:18.9393857Z   ▶️ [STEP step_4_ai_1] FILL: Username
2026-01-19T02:35:18.9394276Z     🎯 Using mined locator: #username
2026-01-19T02:35:18.9394727Z     ✅ Step step_4_ai_1 Passed.
2026-01-19T02:35:18.9395181Z   ▶️ [STEP step_4_ai_2] FILL: Password
2026-01-19T02:35:18.9395629Z     🎯 Using mined locator: #password
2026-01-19T02:35:18.9396316Z     ✅ Step step_4_ai_2 Passed.
2026-01-19T02:35:18.9396732Z   ▶️ [STEP step_4_ai_3] CLICK: Login
2026-01-19T02:35:18.9397158Z     🎯 Using mined locator: button
2026-01-19T02:35:18.9397593Z     ✅ Step step_4_ai_3 Passed.
2026-01-19T02:35:18.9397966Z   ▶️ [STEP step_5] FILL: number
2026-01-19T02:35:18.9398758Z     ❌ Attempt 1 failed (element_not_found): Locator.scroll_into_view_if_needed: Timeout 10000ms exceeded.
2026-01-19T02:35:18.9411245Z Call log:
2026-01-19T02:35:18.9411572Z   - waiting for locator("tex...
2026-01-19T02:35:18.9412130Z     🔧 [AUTO-HEAL] Re-mining page to find 'number'...
2026-01-19T02:35:18.9412697Z [DEBUG] Sending request to gemini-2.0-flash. Number of parts: 2
2026-01-19T02:35:18.9413223Z [DEBUG] Received response (Length: 563)
2026-01-19T02:35:18.9413788Z     ✨ AI successfully healed the step! Found 2 alternatives.
2026-01-19T02:35:18.9414505Z     ✨ AI successfully healed the step! New selector: a[href="/logout"]
2026-01-19T02:35:18.9415065Z     ✅ Step step_5 Passed.
2026-01-19T02:35:18.9415473Z   ▶️ [STEP step_6] ASSERT_VISIBLE: number
2026-01-19T02:35:18.9416317Z     ❌ Attempt 1 failed (element_not_found): Locator expected to be visible
2026-01-19T02:35:18.9416871Z Actual value: None
2026-01-19T02:35:18.9417173Z Error: element(s) not found 
2026-01-19T02:35:18.9417487Z Call log:
2026-01-19T02:35:18.9417737Z   - Expect ...
2026-01-19T02:35:18.9418169Z     🔧 [AUTO-HEAL] Re-mining page to find 'number'...
2026-01-19T02:35:18.9418741Z [DEBUG] Sending request to gemini-2.0-flash. Number of parts: 2
2026-01-19T02:35:18.9419247Z [DEBUG] Received response (Length: 624)
2026-01-19T02:35:18.9419799Z     ✨ AI successfully healed the step! Found 2 alternatives.
2026-01-19T02:35:18.9420529Z     ✨ AI successfully healed the step! New selector: input[name='username']
2026-01-19T02:35:18.9421122Z     ✅ Step step_6 Passed.
2026-01-19T02:35:18.9421625Z ✅ Scenario 'Form Input Validation' completed successfully!
2026-01-19T02:35:18.9421992Z 
2026-01-19T02:35:18.9422178Z --- Scenario: Forgot Password Functionality ---
2026-01-19T02:35:18.9422693Z   ▶️ [STEP step_1] NAVIGATE: Step step_1
2026-01-19T02:35:18.9423149Z     ✅ Step step_1 Passed.
2026-01-19T02:35:18.9423817Z   ▶️ [STEP step_2] ASSERT_URL: Step step_2
2026-01-19T02:35:18.9424254Z     ✅ Step step_2 Passed.
2026-01-19T02:35:18.9424702Z   ▶️ [STEP step_2_ai_1] CLICK: Form Authentication
2026-01-19T02:35:18.9425233Z     🎯 Using mined locator: a[href='/login']
2026-01-19T02:35:18.9425887Z     ✅ Step step_2_ai_1 Passed.
2026-01-19T02:35:18.9426478Z   ▶️ [STEP step_2_ai_2] FILL: Username
2026-01-19T02:35:18.9426946Z     🎯 Using mined locator: #username
2026-01-19T02:35:18.9427375Z     ✅ Step step_2_ai_2 Passed.
2026-01-19T02:35:18.9427797Z   ▶️ [STEP step_2_ai_3] FILL: Password
2026-01-19T02:35:18.9428248Z     🎯 Using mined locator: #password
2026-01-19T02:35:18.9428679Z     ✅ Step step_2_ai_3 Passed.
2026-01-19T02:35:18.9429075Z   ▶️ [STEP step_2_ai_4] CLICK: Login
2026-01-19T02:35:18.9429509Z     🎯 Using mined locator: button
2026-01-19T02:35:18.9429921Z     ✅ Step step_2_ai_4 Passed.
2026-01-19T02:35:18.9430315Z   ▶️ [STEP step_2_ai_5] CLICK: Logout
2026-01-19T02:35:18.9430767Z     🎯 Using mined locator: a[href="/logout"]
2026-01-19T02:35:18.9431237Z     ✅ Step step_2_ai_5 Passed.
2026-01-19T02:35:18.9431629Z   ▶️ [STEP step_2_ai_6] FILL: Username
2026-01-19T02:35:18.9432059Z     🎯 Using mined locator: #username
2026-01-19T02:35:18.9432477Z     ✅ Step step_2_ai_6 Passed.
2026-01-19T02:35:18.9432922Z   ▶️ [STEP step_2_ai_7] FILL: Password
2026-01-19T02:35:18.9433353Z     🎯 Using mined locator: #password
2026-01-19T02:35:18.9433761Z     ✅ Step step_2_ai_7 Passed.
2026-01-19T02:35:18.9434140Z   ▶️ [STEP step_2_ai_8] CLICK: Login
2026-01-19T02:35:18.9434547Z     🎯 Using mined locator: button
2026-01-19T02:35:18.9434944Z     ✅ Step step_2_ai_8 Passed.
2026-01-19T02:35:18.9435333Z   ▶️ [STEP step_2_ai_9] CLICK: Logout
2026-01-19T02:35:18.9435768Z     🎯 Using mined locator: a[href="/logout"]
2026-01-19T02:35:18.9436761Z     ✅ Step step_2_ai_9 Passed.
2026-01-19T02:35:18.9437169Z   ▶️ [STEP step_2_ai_10] CLICK: Login
2026-01-19T02:35:18.9437596Z     🎯 Using mined locator: button
2026-01-19T02:35:18.9438130Z     ✅ Step step_2_ai_10 Passed.
2026-01-19T02:35:18.9438530Z   ▶️ [STEP step_2_ai_11] FILL: Username
2026-01-19T02:35:18.9438954Z     🎯 Using mined locator: #username
2026-01-19T02:35:18.9439357Z     ✅ Step step_2_ai_11 Passed.
2026-01-19T02:35:18.9439754Z   ▶️ [STEP step_2_ai_12] FILL: Password
2026-01-19T02:35:18.9440194Z     🎯 Using mined locator: #password
2026-01-19T02:35:18.9440656Z     ✅ Step step_2_ai_12 Passed.
2026-01-19T02:35:18.9441101Z   ▶️ [STEP step_2_ai_13] CLICK: Login
2026-01-19T02:35:18.9441536Z     🎯 Using mined locator: button
2026-01-19T02:35:18.9441951Z     ✅ Step step_2_ai_13 Passed.
2026-01-19T02:35:18.9442352Z   ▶️ [STEP step_2_ai_14] CLICK: Logout
2026-01-19T02:35:18.9442816Z     🎯 Using mined locator: a[href="/logout"]
2026-01-19T02:35:18.9443257Z     ✅ Step step_2_ai_14 Passed.
2026-01-19T02:35:18.9443661Z   ▶️ [STEP step_2_ai_15] CLICK: Login
2026-01-19T02:35:18.9444083Z     🎯 Using mined locator: button
2026-01-19T02:35:18.9444477Z     ✅ Step step_2_ai_15 Passed.
2026-01-19T02:35:18.9444902Z   ▶️ [STEP step_3] CLICK: Forgot Password
2026-01-19T02:35:18.9445639Z     ❌ Attempt 1 failed (element_not_found): Locator.bounding_box: Timeout 30000ms exceeded.
2026-01-19T02:35:18.9446413Z Call log:
2026-01-19T02:35:18.9446709Z   - waiting for locator("text=Forgot Passw...
2026-01-19T02:35:18.9447312Z     🔧 [AUTO-HEAL] Re-mining page to find 'Forgot Password'...
2026-01-19T02:35:18.9447892Z [DEBUG] Sending request to gemini-2.0-flash. Number of parts: 2
2026-01-19T02:35:18.9448404Z [DEBUG] Received response (Length: 38)
2026-01-19T02:35:18.9449008Z     ❌ AI could not re-locate the element. Waiting 1s before next retry.
2026-01-19T02:35:18.9449950Z     ❌ Attempt 2 failed (element_not_found): Locator.bounding_box: Timeout 30000ms exceeded.
2026-01-19T02:35:18.9450549Z Call log:
2026-01-19T02:35:18.9450848Z   - waiting for locator("text=Forgot Passw...
2026-01-19T02:35:18.9451436Z     🔧 [AUTO-HEAL] Re-mining page to find 'Forgot Password'...
2026-01-19T02:35:18.9451915Z [CACHE HIT] 1ce53ad4... (hits: 5, misses: 6)
2026-01-19T02:35:18.9452721Z     ❌ AI could not re-locate the element. Waiting 1s before next retry.
2026-01-19T02:35:18.9453564Z     ❌ Attempt 3 failed (element_not_found): Locator.bounding_box: Timeout 30000ms exceeded.
2026-01-19T02:35:18.9454150Z Call log:
2026-01-19T02:35:18.9454625Z   - waiting for locator("text=Forgot Passw...
2026-01-19T02:35:18.9455120Z     💀 Step step_3 failed after all retries.
2026-01-19T02:35:18.9455780Z 🛑 Scenario 'Forgot Password Functionality' aborted due to step failure.
2026-01-19T02:35:18.9456544Z 
2026-01-19T02:35:18.9456697Z ============================================================
2026-01-19T02:35:18.9457147Z 🎯 EXECUTION SUMMARY
2026-01-19T02:35:18.9457463Z ============================================================
2026-01-19T02:35:18.9457746Z 
2026-01-19T02:35:18.9457908Z 📋 Scenario Overview:
2026-01-19T02:35:18.9458278Z    • Total Scenarios Planned: 4
2026-01-19T02:35:18.9458672Z    • Scenarios Executed: 4
2026-01-19T02:35:18.9459059Z    • Total Steps Executed: 88
2026-01-19T02:35:18.9459284Z 
2026-01-19T02:35:18.9459417Z ✅ Results:
2026-01-19T02:35:18.9459709Z    ✅ Passed: 1 (25%)
2026-01-19T02:35:18.9460034Z    ❌ Failed: 3 (75%)
2026-01-19T02:35:18.9460203Z 
2026-01-19T02:35:18.9460355Z ⚠️  Failed Scenarios:
2026-01-19T02:35:18.9460752Z    • Authentication - Successful Login
2026-01-19T02:35:18.9461200Z    • Authentication - Failed Login
2026-01-19T02:35:18.9461628Z    • Forgot Password Functionality
2026-01-19T02:35:18.9461874Z 
2026-01-19T02:35:18.9462017Z ============================================================
2026-01-19T02:35:18.9462291Z 
2026-01-19T02:35:18.9463075Z 🏁 Execution Finished. Report: /home/runner/work/build_qa_automation/build_qa_automation/projects/ci_the_internet_forms/execution.json
2026-01-19T02:35:19.1119833Z 
2026-01-19T02:35:19.1120289Z [PHASE] Running Phase: DISCOVERY
2026-01-19T02:35:19.1121752Z    Command: /opt/hostedtoolcache/Python/3.11.14/x64/bin/python /home/runner/work/build_qa_automation/build_qa_automation/core/agents/discovery.py --project /home/runner/work/build_qa_automation/build_qa_automation/projects/ci_the_internet_forms --url https://the-internet.herokuapp.com/ --deep
2026-01-19T02:35:19.1123233Z ✅ Phase 'discovery' completed successfully.
2026-01-19T02:35:19.1123439Z 
2026-01-19T02:35:19.1123546Z [PHASE] Running Phase: PLANNING
2026-01-19T02:35:19.1124782Z    Command: /opt/hostedtoolcache/Python/3.11.14/x64/bin/python /home/runner/work/build_qa_automation/build_qa_automation/core/agents/planner.py --project /home/runner/work/build_qa_automation/build_qa_automation/projects/ci_the_internet_forms --goal Test authentication and forms --url https://the-internet.herokuapp.com/ --deep
2026-01-19T02:35:19.1126368Z ✅ Phase 'planning' completed successfully.
2026-01-19T02:35:19.1126570Z 
2026-01-19T02:35:19.1126667Z [PHASE] Running Phase: EXPLORATION
2026-01-19T02:35:19.1127629Z    Command: /opt/hostedtoolcache/Python/3.11.14/x64/bin/python /home/runner/work/build_qa_automation/build_qa_automation/core/agents/deep_explorer.py --project /home/runner/work/build_qa_automation/build_qa_automation/projects/ci_the_internet_forms
2026-01-19T02:35:19.1128683Z ✅ Phase 'exploration' completed successfully.
2026-01-19T02:35:19.1129056Z 📊 Exploration Discovery Success Rate: 74.2%
2026-01-19T02:35:19.1129245Z 
2026-01-19T02:35:19.1129348Z [PHASE] Running Phase: EXECUTION
2026-01-19T02:35:19.1130263Z    Command: /opt/hostedtoolcache/Python/3.11.14/x64/bin/python /home/runner/work/build_qa_automation/build_qa_automation/core/agents/executor.py --project /home/runner/work/build_qa_automation/build_qa_automation/projects/ci_the_internet_forms
2026-01-19T02:35:19.1131262Z ✅ Phase 'execution' completed successfully.
2026-01-19T02:35:19.1131453Z 
2026-01-19T02:35:19.1131551Z [DONE] Pipeline Execution Finished! [DONE]
2026-01-19T02:35:19.2474363Z ##[group]Run RESULT_FILE="projects/ci_the_internet_forms/execution.json"
2026-01-19T02:35:19.2474918Z [36;1mRESULT_FILE="projects/ci_the_internet_forms/execution.json"[0m
2026-01-19T02:35:19.2475484Z [36;1mif [ -f "$RESULT_FILE" ]; then[0m
2026-01-19T02:35:19.2475829Z [36;1m  echo "✅ Results generated successfully: $RESULT_FILE"[0m
2026-01-19T02:35:19.2476687Z [36;1m  cat "$RESULT_FILE" | jq '.scenarios | length' || echo "Result file exists"[0m
2026-01-19T02:35:19.2477047Z [36;1melse[0m
2026-01-19T02:35:19.2477281Z [36;1m  echo "❌ No result file found at $RESULT_FILE"[0m
2026-01-19T02:35:19.2477561Z [36;1m  exit 1[0m
2026-01-19T02:35:19.2477734Z [36;1mfi[0m
2026-01-19T02:35:19.2510155Z shell: /usr/bin/bash -e {0}
2026-01-19T02:35:19.2510386Z env:
2026-01-19T02:35:19.2510650Z   pythonLocation: /opt/hostedtoolcache/Python/3.11.14/x64
2026-01-19T02:35:19.2511095Z   PKG_CONFIG_PATH: /opt/hostedtoolcache/Python/3.11.14/x64/lib/pkgconfig
2026-01-19T02:35:19.2511550Z   Python_ROOT_DIR: /opt/hostedtoolcache/Python/3.11.14/x64
2026-01-19T02:35:19.2511929Z   Python2_ROOT_DIR: /opt/hostedtoolcache/Python/3.11.14/x64
2026-01-19T02:35:19.2512296Z   Python3_ROOT_DIR: /opt/hostedtoolcache/Python/3.11.14/x64
2026-01-19T02:35:19.2512678Z   LD_LIBRARY_PATH: /opt/hostedtoolcache/Python/3.11.14/x64/lib
2026-01-19T02:35:19.2512982Z ##[endgroup]
2026-01-19T02:35:19.2569847Z ✅ Results generated successfully: projects/ci_the_internet_forms/execution.json
2026-01-19T02:35:19.2597880Z 4
2026-01-19T02:35:19.2662126Z ##[group]Run actions/upload-artifact@v4
2026-01-19T02:35:19.2662409Z with:
2026-01-19T02:35:19.2662616Z   name: the_internet_forms-execution-results
2026-01-19T02:35:19.2663116Z   path: projects/ci_the_internet_forms/execution.json
projects/ci_the_internet_forms/workflow.json

2026-01-19T02:35:19.2663577Z   retention-days: 30
2026-01-19T02:35:19.2663776Z   if-no-files-found: warn
2026-01-19T02:35:19.2663991Z   compression-level: 6
2026-01-19T02:35:19.2664189Z   overwrite: false
2026-01-19T02:35:19.2664384Z   include-hidden-files: false
2026-01-19T02:35:19.2664591Z env:
2026-01-19T02:35:19.2664824Z   pythonLocation: /opt/hostedtoolcache/Python/3.11.14/x64
2026-01-19T02:35:19.2665254Z   PKG_CONFIG_PATH: /opt/hostedtoolcache/Python/3.11.14/x64/lib/pkgconfig
2026-01-19T02:35:19.2665659Z   Python_ROOT_DIR: /opt/hostedtoolcache/Python/3.11.14/x64
2026-01-19T02:35:19.2666430Z   Python2_ROOT_DIR: /opt/hostedtoolcache/Python/3.11.14/x64
2026-01-19T02:35:19.2666864Z   Python3_ROOT_DIR: /opt/hostedtoolcache/Python/3.11.14/x64
2026-01-19T02:35:19.2667245Z   LD_LIBRARY_PATH: /opt/hostedtoolcache/Python/3.11.14/x64/lib
2026-01-19T02:35:19.2667547Z ##[endgroup]
2026-01-19T02:35:19.4935373Z Multiple search paths detected. Calculating the least common ancestor of all paths
2026-01-19T02:35:19.4937460Z The least common ancestor is /home/runner/work/build_qa_automation/build_qa_automation/projects/ci_the_internet_forms. This will be the root directory of the artifact
2026-01-19T02:35:19.4938731Z With the provided path, there will be 2 files uploaded
2026-01-19T02:35:19.4939414Z Artifact name is valid!
2026-01-19T02:35:19.4939738Z Root directory input is valid!
2026-01-19T02:35:19.7472374Z Beginning upload of artifact content to blob storage
2026-01-19T02:35:20.0657275Z Uploaded bytes 2724
2026-01-19T02:35:20.1470247Z Finished uploading artifact content to blob storage!
2026-01-19T02:35:20.1473480Z SHA256 digest of uploaded artifact zip is 17ae0d2062a8a5ffbec0a97b6f24bdcb8bb520e43e5a3fdea7aa6380ae99b67c
2026-01-19T02:35:20.1476649Z Finalizing artifact upload
2026-01-19T02:35:20.2831950Z Artifact the_internet_forms-execution-results.zip successfully finalized. Artifact ID 5171809284
2026-01-19T02:35:20.2833631Z Artifact the_internet_forms-execution-results has been successfully uploaded! Final size is 2724 bytes. Artifact ID is 5171809284
2026-01-19T02:35:20.2840927Z Artifact download URL: https://github.com/vishvasmca-cmd/build_qa_automation/actions/runs/21122730879/artifacts/5171809284
2026-01-19T02:35:20.2998996Z Post job cleanup.
2026-01-19T02:35:20.4545302Z Cache hit occurred on the primary key setup-python-Linux-x64-24.04-Ubuntu-python-3.11.14-pip-dde08d0e0b672972dcda9f1a063036a2e0c226f5d0a20362e9401931676d80a4, not saving cache.
2026-01-19T02:35:20.4650690Z Post job cleanup.
2026-01-19T02:35:20.5624344Z [command]/usr/bin/git version
2026-01-19T02:35:20.5662105Z git version 2.52.0
2026-01-19T02:35:20.5707968Z Temporarily overriding HOME='/home/runner/work/_temp/0a510ed0-828c-40ad-b29a-51630cdea0f6' before making global git config changes
2026-01-19T02:35:20.5709355Z Adding repository directory to the temporary git global config as a safe directory
2026-01-19T02:35:20.5721930Z [command]/usr/bin/git config --global --add safe.directory /home/runner/work/build_qa_automation/build_qa_automation
2026-01-19T02:35:20.5757252Z [command]/usr/bin/git config --local --name-only --get-regexp core\.sshCommand
2026-01-19T02:35:20.5790697Z [command]/usr/bin/git submodule foreach --recursive sh -c "git config --local --name-only --get-regexp 'core\.sshCommand' && git config --local --unset-all 'core.sshCommand' || :"
2026-01-19T02:35:20.6029746Z [command]/usr/bin/git config --local --name-only --get-regexp http\.https\:\/\/github\.com\/\.extraheader
2026-01-19T02:35:20.6051882Z http.https://github.com/.extraheader
2026-01-19T02:35:20.6065768Z [command]/usr/bin/git config --local --unset-all http.https://github.com/.extraheader
2026-01-19T02:35:20.6100993Z [command]/usr/bin/git submodule foreach --recursive sh -c "git config --local --name-only --get-regexp 'http\.https\:\/\/github\.com\/\.extraheader' && git config --local --unset-all 'http.https://github.com/.extraheader' || :"
2026-01-19T02:35:20.6350565Z [command]/usr/bin/git config --local --name-only --get-regexp ^includeIf\.gitdir:
2026-01-19T02:35:20.6385934Z [command]/usr/bin/git submodule foreach --recursive git config --local --show-origin --name-only --get-regexp remote.origin.url
2026-01-19T02:35:20.6778189Z Cleaning up orphan processes
