2026-01-19T04:24:40.0339683Z Current runner version: '2.331.0'
2026-01-19T04:24:40.0364928Z ##[group]Runner Image Provisioner
2026-01-19T04:24:40.0365894Z Hosted Compute Agent
2026-01-19T04:24:40.0366492Z Version: 20251211.462
2026-01-19T04:24:40.0367089Z Commit: 6cbad8c2bb55d58165063d031ccabf57e2d2db61
2026-01-19T04:24:40.0367861Z Build Date: 2025-12-11T16:28:49Z
2026-01-19T04:24:40.0368535Z Worker ID: {d263b0e8-6903-4d58-be6d-681a6e5896fb}
2026-01-19T04:24:40.0369226Z ##[endgroup]
2026-01-19T04:24:40.0369823Z ##[group]Operating System
2026-01-19T04:24:40.0370359Z Ubuntu
2026-01-19T04:24:40.0371098Z 24.04.3
2026-01-19T04:24:40.0371717Z LTS
2026-01-19T04:24:40.0372165Z ##[endgroup]
2026-01-19T04:24:40.0372708Z ##[group]Runner Image
2026-01-19T04:24:40.0373279Z Image: ubuntu-24.04
2026-01-19T04:24:40.0373825Z Version: 20260111.209.1
2026-01-19T04:24:40.0374868Z Included Software: https://github.com/actions/runner-images/blob/ubuntu24/20260111.209/images/ubuntu/Ubuntu2404-Readme.md
2026-01-19T04:24:40.0376472Z Image Release: https://github.com/actions/runner-images/releases/tag/ubuntu24%2F20260111.209
2026-01-19T04:24:40.0377524Z ##[endgroup]
2026-01-19T04:24:40.0378684Z ##[group]GITHUB_TOKEN Permissions
2026-01-19T04:24:40.0380530Z Contents: read
2026-01-19T04:24:40.0381381Z Metadata: read
2026-01-19T04:24:40.0381973Z Packages: read
2026-01-19T04:24:40.0382455Z ##[endgroup]
2026-01-19T04:24:40.0385074Z Secret source: Actions
2026-01-19T04:24:40.0385856Z Prepare workflow directory
2026-01-19T04:24:40.1392303Z Prepare all required actions
2026-01-19T04:24:40.1430495Z Getting action download info
2026-01-19T04:24:40.5394300Z Download action repository 'actions/checkout@v4' (SHA:34e114876b0b11c390a56381ad16ebd13914f8d5)
2026-01-19T04:24:40.6239259Z Download action repository 'actions/setup-python@v5' (SHA:a26af69be951a213d495a4c3e4e4022e16d87065)
2026-01-19T04:24:40.7530482Z Download action repository 'actions/upload-artifact@v4' (SHA:ea165f8d65b6e75b540449e92b4886f43607fa02)
2026-01-19T04:24:41.0674231Z Complete job name: test-websites-deep (uitestingplayground, http://uitestingplayground.com/, Test UI interactions)
2026-01-19T04:24:41.2759706Z ##[group]Run actions/checkout@v4
2026-01-19T04:24:41.2760583Z with:
2026-01-19T04:24:41.2761206Z   repository: vishvasmca-cmd/build_qa_automation
2026-01-19T04:24:41.2761992Z   token: ***
2026-01-19T04:24:41.2762368Z   ssh-strict: true
2026-01-19T04:24:41.2762757Z   ssh-user: git
2026-01-19T04:24:41.2763149Z   persist-credentials: true
2026-01-19T04:24:41.2763588Z   clean: true
2026-01-19T04:24:41.2763976Z   sparse-checkout-cone-mode: true
2026-01-19T04:24:41.2764443Z   fetch-depth: 1
2026-01-19T04:24:41.2764824Z   fetch-tags: false
2026-01-19T04:24:41.2765213Z   show-progress: true
2026-01-19T04:24:41.2765601Z   lfs: false
2026-01-19T04:24:41.2765952Z   submodules: false
2026-01-19T04:24:41.2766347Z   set-safe-directory: true
2026-01-19T04:24:41.2767023Z ##[endgroup]
2026-01-19T04:24:41.3864718Z Syncing repository: vishvasmca-cmd/build_qa_automation
2026-01-19T04:24:41.3866641Z ##[group]Getting Git version info
2026-01-19T04:24:41.3867546Z Working directory is '/home/runner/work/build_qa_automation/build_qa_automation'
2026-01-19T04:24:41.3868592Z [command]/usr/bin/git version
2026-01-19T04:24:41.3923615Z git version 2.52.0
2026-01-19T04:24:41.3950157Z ##[endgroup]
2026-01-19T04:24:41.3965968Z Temporarily overriding HOME='/home/runner/work/_temp/66312a48-e2ee-4b88-8083-cb3af91c980b' before making global git config changes
2026-01-19T04:24:41.3967820Z Adding repository directory to the temporary git global config as a safe directory
2026-01-19T04:24:41.3979795Z [command]/usr/bin/git config --global --add safe.directory /home/runner/work/build_qa_automation/build_qa_automation
2026-01-19T04:24:41.4020165Z Deleting the contents of '/home/runner/work/build_qa_automation/build_qa_automation'
2026-01-19T04:24:41.4024052Z ##[group]Initializing the repository
2026-01-19T04:24:41.4028151Z [command]/usr/bin/git init /home/runner/work/build_qa_automation/build_qa_automation
2026-01-19T04:24:41.4115582Z hint: Using 'master' as the name for the initial branch. This default branch name
2026-01-19T04:24:41.4117432Z hint: will change to "main" in Git 3.0. To configure the initial branch name
2026-01-19T04:24:41.4118932Z hint: to use in all of your new repositories, which will suppress this warning,
2026-01-19T04:24:41.4120507Z hint: call:
2026-01-19T04:24:41.4121184Z hint:
2026-01-19T04:24:41.4121866Z hint: 	git config --global init.defaultBranch <name>
2026-01-19T04:24:41.4122715Z hint:
2026-01-19T04:24:41.4123505Z hint: Names commonly chosen instead of 'master' are 'main', 'trunk' and
2026-01-19T04:24:41.4124982Z hint: 'development'. The just-created branch can be renamed via this command:
2026-01-19T04:24:41.4126123Z hint:
2026-01-19T04:24:41.4126628Z hint: 	git branch -m <name>
2026-01-19T04:24:41.4127111Z hint:
2026-01-19T04:24:41.4127766Z hint: Disable this message with "git config set advice.defaultBranchName false"
2026-01-19T04:24:41.4129036Z Initialized empty Git repository in /home/runner/work/build_qa_automation/build_qa_automation/.git/
2026-01-19T04:24:41.4131956Z [command]/usr/bin/git remote add origin https://github.com/vishvasmca-cmd/build_qa_automation
2026-01-19T04:24:41.4166123Z ##[endgroup]
2026-01-19T04:24:41.4166867Z ##[group]Disabling automatic garbage collection
2026-01-19T04:24:41.4170423Z [command]/usr/bin/git config --local gc.auto 0
2026-01-19T04:24:41.4198987Z ##[endgroup]
2026-01-19T04:24:41.4199655Z ##[group]Setting up auth
2026-01-19T04:24:41.4206667Z [command]/usr/bin/git config --local --name-only --get-regexp core\.sshCommand
2026-01-19T04:24:41.4236685Z [command]/usr/bin/git submodule foreach --recursive sh -c "git config --local --name-only --get-regexp 'core\.sshCommand' && git config --local --unset-all 'core.sshCommand' || :"
2026-01-19T04:24:41.4571233Z [command]/usr/bin/git config --local --name-only --get-regexp http\.https\:\/\/github\.com\/\.extraheader
2026-01-19T04:24:41.4606657Z [command]/usr/bin/git submodule foreach --recursive sh -c "git config --local --name-only --get-regexp 'http\.https\:\/\/github\.com\/\.extraheader' && git config --local --unset-all 'http.https://github.com/.extraheader' || :"
2026-01-19T04:24:41.4833939Z [command]/usr/bin/git config --local --name-only --get-regexp ^includeIf\.gitdir:
2026-01-19T04:24:41.4866410Z [command]/usr/bin/git submodule foreach --recursive git config --local --show-origin --name-only --get-regexp remote.origin.url
2026-01-19T04:24:41.5106206Z [command]/usr/bin/git config --local http.https://github.com/.extraheader AUTHORIZATION: basic ***
2026-01-19T04:24:41.5141311Z ##[endgroup]
2026-01-19T04:24:41.5142100Z ##[group]Fetching the repository
2026-01-19T04:24:41.5150079Z [command]/usr/bin/git -c protocol.version=2 fetch --no-tags --prune --no-recurse-submodules --depth=1 origin +2f305d435d899f67f11ae5adc61ad536fdd999e8:refs/remotes/origin/main
2026-01-19T04:24:42.7309262Z From https://github.com/vishvasmca-cmd/build_qa_automation
2026-01-19T04:24:42.7311781Z  * [new ref]         2f305d435d899f67f11ae5adc61ad536fdd999e8 -> origin/main
2026-01-19T04:24:42.7342564Z ##[endgroup]
2026-01-19T04:24:42.7343463Z ##[group]Determining the checkout info
2026-01-19T04:24:42.7344550Z ##[endgroup]
2026-01-19T04:24:42.7349539Z [command]/usr/bin/git sparse-checkout disable
2026-01-19T04:24:42.7389652Z [command]/usr/bin/git config --local --unset-all extensions.worktreeConfig
2026-01-19T04:24:42.7414897Z ##[group]Checking out the ref
2026-01-19T04:24:42.7418485Z [command]/usr/bin/git checkout --progress --force -B main refs/remotes/origin/main
2026-01-19T04:24:42.8858322Z Switched to a new branch 'main'
2026-01-19T04:24:42.8859066Z branch 'main' set up to track 'origin/main'.
2026-01-19T04:24:42.8875969Z ##[endgroup]
2026-01-19T04:24:42.8915489Z [command]/usr/bin/git log -1 --format=%H
2026-01-19T04:24:42.8939619Z 2f305d435d899f67f11ae5adc61ad536fdd999e8
2026-01-19T04:24:43.0032506Z ##[group]Run actions/setup-python@v5
2026-01-19T04:24:43.0032932Z with:
2026-01-19T04:24:43.0033181Z   python-version: 3.11
2026-01-19T04:24:43.0033460Z   cache: pip
2026-01-19T04:24:43.0033937Z   check-latest: false
2026-01-19T04:24:43.0034484Z   token: ***
2026-01-19T04:24:43.0034754Z   update-environment: true
2026-01-19T04:24:43.0035061Z   allow-prereleases: false
2026-01-19T04:24:43.0035358Z   freethreaded: false
2026-01-19T04:24:43.0035625Z ##[endgroup]
2026-01-19T04:24:43.1744907Z ##[group]Installed versions
2026-01-19T04:24:43.1856120Z Successfully set up CPython (3.11.14)
2026-01-19T04:24:43.1857080Z ##[endgroup]
2026-01-19T04:24:43.2949091Z [command]/opt/hostedtoolcache/Python/3.11.14/x64/bin/pip cache dir
2026-01-19T04:24:45.3433102Z /home/runner/.cache/pip
2026-01-19T04:24:45.6279314Z Cache hit for: setup-python-Linux-x64-24.04-Ubuntu-python-3.11.14-pip-dde08d0e0b672972dcda9f1a063036a2e0c226f5d0a20362e9401931676d80a4
2026-01-19T04:24:46.9332160Z Received 4194304 of 254742636 (1.6%), 4.0 MBs/sec
2026-01-19T04:24:47.9335813Z Received 134217728 of 254742636 (52.7%), 64.0 MBs/sec
2026-01-19T04:24:48.7973192Z Received 254742636 of 254742636 (100.0%), 84.8 MBs/sec
2026-01-19T04:24:48.7974191Z Cache Size: ~243 MB (254742636 B)
2026-01-19T04:24:48.8016224Z [command]/usr/bin/tar -xf /home/runner/work/_temp/20fb69fc-e2da-4447-b054-21735aefff57/cache.tzst -P -C /home/runner/work/build_qa_automation/build_qa_automation --use-compress-program unzstd
2026-01-19T04:24:49.1983894Z Cache restored successfully
2026-01-19T04:24:49.2504595Z Cache restored from key: setup-python-Linux-x64-24.04-Ubuntu-python-3.11.14-pip-dde08d0e0b672972dcda9f1a063036a2e0c226f5d0a20362e9401931676d80a4
2026-01-19T04:24:49.3058395Z ##[group]Run pip install -r requirements.txt
2026-01-19T04:24:49.3058882Z [36;1mpip install -r requirements.txt[0m
2026-01-19T04:24:49.3059191Z [36;1mplaywright install chromium[0m
2026-01-19T04:24:49.3097744Z shell: /usr/bin/bash -e {0}
2026-01-19T04:24:49.3098013Z env:
2026-01-19T04:24:49.3098302Z   pythonLocation: /opt/hostedtoolcache/Python/3.11.14/x64
2026-01-19T04:24:49.3098777Z   PKG_CONFIG_PATH: /opt/hostedtoolcache/Python/3.11.14/x64/lib/pkgconfig
2026-01-19T04:24:49.3099219Z   Python_ROOT_DIR: /opt/hostedtoolcache/Python/3.11.14/x64
2026-01-19T04:24:49.3099616Z   Python2_ROOT_DIR: /opt/hostedtoolcache/Python/3.11.14/x64
2026-01-19T04:24:49.3100012Z   Python3_ROOT_DIR: /opt/hostedtoolcache/Python/3.11.14/x64
2026-01-19T04:24:49.3100400Z   LD_LIBRARY_PATH: /opt/hostedtoolcache/Python/3.11.14/x64/lib
2026-01-19T04:24:49.3100715Z ##[endgroup]
2026-01-19T04:24:50.8421859Z Collecting playwright (from -r requirements.txt (line 1))
2026-01-19T04:24:50.8438550Z   Using cached playwright-1.57.0-py3-none-manylinux1_x86_64.whl.metadata (3.5 kB)
2026-01-19T04:24:50.8596629Z Collecting python-dotenv (from -r requirements.txt (line 2))
2026-01-19T04:24:50.8612468Z   Using cached python_dotenv-1.2.1-py3-none-any.whl.metadata (25 kB)
2026-01-19T04:24:50.8881924Z Collecting requests (from -r requirements.txt (line 3))
2026-01-19T04:24:50.8898668Z   Using cached requests-2.32.5-py3-none-any.whl.metadata (4.9 kB)
2026-01-19T04:24:51.0619471Z Collecting pillow (from -r requirements.txt (line 4))
2026-01-19T04:24:51.0637814Z   Using cached pillow-12.1.0-cp311-cp311-manylinux_2_27_x86_64.manylinux_2_28_x86_64.whl.metadata (8.8 kB)
2026-01-19T04:24:51.0906880Z Collecting google-genai>=0.3.0 (from -r requirements.txt (line 5))
2026-01-19T04:24:51.0924071Z   Using cached google_genai-1.59.0-py3-none-any.whl.metadata (53 kB)
2026-01-19T04:24:51.1103998Z Collecting termcolor (from -r requirements.txt (line 6))
2026-01-19T04:24:51.1117991Z   Using cached termcolor-3.3.0-py3-none-any.whl.metadata (6.5 kB)
2026-01-19T04:24:51.1502872Z Collecting PyYAML (from -r requirements.txt (line 7))
2026-01-19T04:24:51.1518543Z   Using cached pyyaml-6.0.3-cp311-cp311-manylinux2014_x86_64.manylinux_2_17_x86_64.manylinux_2_28_x86_64.whl.metadata (2.4 kB)
2026-01-19T04:24:51.2088048Z Collecting opencv-python-headless (from -r requirements.txt (line 8))
2026-01-19T04:24:51.2104132Z   Using cached opencv_python_headless-4.13.0.90-cp37-abi3-manylinux_2_28_x86_64.whl.metadata (19 kB)
2026-01-19T04:24:51.4148747Z Collecting numpy (from -r requirements.txt (line 9))
2026-01-19T04:24:51.4164975Z   Using cached numpy-2.4.1-cp311-cp311-manylinux_2_27_x86_64.manylinux_2_28_x86_64.whl.metadata (6.6 kB)
2026-01-19T04:24:51.4946823Z Collecting faker (from -r requirements.txt (line 10))
2026-01-19T04:24:51.4962916Z   Using cached faker-40.1.2-py3-none-any.whl.metadata (16 kB)
2026-01-19T04:24:51.5142260Z Collecting pyee<14,>=13 (from playwright->-r requirements.txt (line 1))
2026-01-19T04:24:51.5156783Z   Using cached pyee-13.0.0-py3-none-any.whl.metadata (2.9 kB)
2026-01-19T04:24:51.6606604Z Collecting greenlet<4.0.0,>=3.1.1 (from playwright->-r requirements.txt (line 1))
2026-01-19T04:24:51.6623991Z   Using cached greenlet-3.3.0-cp311-cp311-manylinux_2_24_x86_64.manylinux_2_28_x86_64.whl.metadata (4.1 kB)
2026-01-19T04:24:51.6803041Z Collecting typing-extensions (from pyee<14,>=13->playwright->-r requirements.txt (line 1))
2026-01-19T04:24:51.6818543Z   Using cached typing_extensions-4.15.0-py3-none-any.whl.metadata (3.3 kB)
2026-01-19T04:24:51.7668877Z Collecting charset_normalizer<4,>=2 (from requests->-r requirements.txt (line 3))
2026-01-19T04:24:51.7685072Z   Using cached charset_normalizer-3.4.4-cp311-cp311-manylinux2014_x86_64.manylinux_2_17_x86_64.manylinux_2_28_x86_64.whl.metadata (37 kB)
2026-01-19T04:24:51.7829918Z Collecting idna<4,>=2.5 (from requests->-r requirements.txt (line 3))
2026-01-19T04:24:51.7844028Z   Using cached idna-3.11-py3-none-any.whl.metadata (8.4 kB)
2026-01-19T04:24:51.8172711Z Collecting urllib3<3,>=1.21.1 (from requests->-r requirements.txt (line 3))
2026-01-19T04:24:51.8193703Z   Using cached urllib3-2.6.3-py3-none-any.whl.metadata (6.9 kB)
2026-01-19T04:24:51.8395736Z Collecting certifi>=2017.4.17 (from requests->-r requirements.txt (line 3))
2026-01-19T04:24:51.8410392Z   Using cached certifi-2026.1.4-py3-none-any.whl.metadata (2.5 kB)
2026-01-19T04:24:51.8609939Z Collecting anyio<5.0.0,>=4.8.0 (from google-genai>=0.3.0->-r requirements.txt (line 5))
2026-01-19T04:24:51.8624237Z   Using cached anyio-4.12.1-py3-none-any.whl.metadata (4.3 kB)
2026-01-19T04:24:51.8988754Z Collecting google-auth<3.0.0,>=2.47.0 (from google-auth[requests]<3.0.0,>=2.47.0->google-genai>=0.3.0->-r requirements.txt (line 5))
2026-01-19T04:24:51.9004331Z   Using cached google_auth-2.47.0-py3-none-any.whl.metadata (6.4 kB)
2026-01-19T04:24:51.9246426Z Collecting httpx<1.0.0,>=0.28.1 (from google-genai>=0.3.0->-r requirements.txt (line 5))
2026-01-19T04:24:51.9261284Z   Using cached httpx-0.28.1-py3-none-any.whl.metadata (7.1 kB)
2026-01-19T04:24:52.0732250Z Collecting pydantic<3.0.0,>=2.9.0 (from google-genai>=0.3.0->-r requirements.txt (line 5))
2026-01-19T04:24:52.0748579Z   Using cached pydantic-2.12.5-py3-none-any.whl.metadata (90 kB)
2026-01-19T04:24:52.1030529Z Collecting tenacity<9.2.0,>=8.2.3 (from google-genai>=0.3.0->-r requirements.txt (line 5))
2026-01-19T04:24:52.1045199Z   Using cached tenacity-9.1.2-py3-none-any.whl.metadata (1.2 kB)
2026-01-19T04:24:52.1883197Z Collecting websockets<15.1.0,>=13.0.0 (from google-genai>=0.3.0->-r requirements.txt (line 5))
2026-01-19T04:24:52.1899579Z   Using cached websockets-15.0.1-cp311-cp311-manylinux_2_5_x86_64.manylinux1_x86_64.manylinux_2_17_x86_64.manylinux2014_x86_64.whl.metadata (6.8 kB)
2026-01-19T04:24:52.2056047Z Collecting distro<2,>=1.7.0 (from google-genai>=0.3.0->-r requirements.txt (line 5))
2026-01-19T04:24:52.2070001Z   Using cached distro-1.9.0-py3-none-any.whl.metadata (6.8 kB)
2026-01-19T04:24:52.2161263Z Collecting sniffio (from google-genai>=0.3.0->-r requirements.txt (line 5))
2026-01-19T04:24:52.2174696Z   Using cached sniffio-1.3.1-py3-none-any.whl.metadata (3.9 kB)
2026-01-19T04:24:52.2455277Z Collecting pyasn1-modules>=0.2.1 (from google-auth<3.0.0,>=2.47.0->google-auth[requests]<3.0.0,>=2.47.0->google-genai>=0.3.0->-r requirements.txt (line 5))
2026-01-19T04:24:52.2473112Z   Using cached pyasn1_modules-0.4.2-py3-none-any.whl.metadata (3.5 kB)
2026-01-19T04:24:52.2622529Z Collecting rsa<5,>=3.1.4 (from google-auth<3.0.0,>=2.47.0->google-auth[requests]<3.0.0,>=2.47.0->google-genai>=0.3.0->-r requirements.txt (line 5))
2026-01-19T04:24:52.2638293Z   Using cached rsa-4.9.1-py3-none-any.whl.metadata (5.6 kB)
2026-01-19T04:24:52.2932017Z Collecting httpcore==1.* (from httpx<1.0.0,>=0.28.1->google-genai>=0.3.0->-r requirements.txt (line 5))
2026-01-19T04:24:52.2946859Z   Using cached httpcore-1.0.9-py3-none-any.whl.metadata (21 kB)
2026-01-19T04:24:52.3065296Z Collecting h11>=0.16 (from httpcore==1.*->httpx<1.0.0,>=0.28.1->google-genai>=0.3.0->-r requirements.txt (line 5))
2026-01-19T04:24:52.3079457Z   Using cached h11-0.16.0-py3-none-any.whl.metadata (8.3 kB)
2026-01-19T04:24:52.3184755Z Collecting annotated-types>=0.6.0 (from pydantic<3.0.0,>=2.9.0->google-genai>=0.3.0->-r requirements.txt (line 5))
2026-01-19T04:24:52.3198795Z   Using cached annotated_types-0.7.0-py3-none-any.whl.metadata (15 kB)
2026-01-19T04:24:52.9769847Z Collecting pydantic-core==2.41.5 (from pydantic<3.0.0,>=2.9.0->google-genai>=0.3.0->-r requirements.txt (line 5))
2026-01-19T04:24:52.9785748Z   Using cached pydantic_core-2.41.5-cp311-cp311-manylinux_2_17_x86_64.manylinux2014_x86_64.whl.metadata (7.3 kB)
2026-01-19T04:24:52.9910500Z Collecting typing-inspection>=0.4.2 (from pydantic<3.0.0,>=2.9.0->google-genai>=0.3.0->-r requirements.txt (line 5))
2026-01-19T04:24:52.9925139Z   Using cached typing_inspection-0.4.2-py3-none-any.whl.metadata (2.6 kB)
2026-01-19T04:24:53.0665489Z Collecting pyasn1>=0.1.3 (from rsa<5,>=3.1.4->google-auth<3.0.0,>=2.47.0->google-auth[requests]<3.0.0,>=2.47.0->google-genai>=0.3.0->-r requirements.txt (line 5))
2026-01-19T04:24:53.0681371Z   Using cached pyasn1-0.6.2-py3-none-any.whl.metadata (8.4 kB)
2026-01-19T04:24:53.0962101Z Using cached playwright-1.57.0-py3-none-manylinux1_x86_64.whl (46.0 MB)
2026-01-19T04:24:53.1310437Z Using cached greenlet-3.3.0-cp311-cp311-manylinux_2_24_x86_64.manylinux_2_28_x86_64.whl (590 kB)
2026-01-19T04:24:53.1327208Z Using cached pyee-13.0.0-py3-none-any.whl (15 kB)
2026-01-19T04:24:53.1340425Z Using cached python_dotenv-1.2.1-py3-none-any.whl (21 kB)
2026-01-19T04:24:53.1353899Z Using cached requests-2.32.5-py3-none-any.whl (64 kB)
2026-01-19T04:24:53.1368270Z Using cached charset_normalizer-3.4.4-cp311-cp311-manylinux2014_x86_64.manylinux_2_17_x86_64.manylinux_2_28_x86_64.whl (151 kB)
2026-01-19T04:24:53.1382110Z Using cached idna-3.11-py3-none-any.whl (71 kB)
2026-01-19T04:24:53.1395466Z Using cached urllib3-2.6.3-py3-none-any.whl (131 kB)
2026-01-19T04:24:53.1409697Z Using cached pillow-12.1.0-cp311-cp311-manylinux_2_27_x86_64.manylinux_2_28_x86_64.whl (7.0 MB)
2026-01-19T04:24:53.1474741Z Using cached google_genai-1.59.0-py3-none-any.whl (719 kB)
2026-01-19T04:24:53.1492670Z Using cached anyio-4.12.1-py3-none-any.whl (113 kB)
2026-01-19T04:24:53.1506301Z Using cached distro-1.9.0-py3-none-any.whl (20 kB)
2026-01-19T04:24:53.1519632Z Using cached google_auth-2.47.0-py3-none-any.whl (234 kB)
2026-01-19T04:24:53.1534691Z Using cached httpx-0.28.1-py3-none-any.whl (73 kB)
2026-01-19T04:24:53.1548081Z Using cached httpcore-1.0.9-py3-none-any.whl (78 kB)
2026-01-19T04:24:53.1561545Z Using cached pydantic-2.12.5-py3-none-any.whl (463 kB)
2026-01-19T04:24:53.1578335Z Using cached pydantic_core-2.41.5-cp311-cp311-manylinux_2_17_x86_64.manylinux2014_x86_64.whl (2.1 MB)
2026-01-19T04:24:53.1608080Z Using cached rsa-4.9.1-py3-none-any.whl (34 kB)
2026-01-19T04:24:53.1621540Z Using cached tenacity-9.1.2-py3-none-any.whl (28 kB)
2026-01-19T04:24:53.1635043Z Using cached typing_extensions-4.15.0-py3-none-any.whl (44 kB)
2026-01-19T04:24:53.1648902Z Using cached websockets-15.0.1-cp311-cp311-manylinux_2_5_x86_64.manylinux1_x86_64.manylinux_2_17_x86_64.manylinux2014_x86_64.whl (182 kB)
2026-01-19T04:24:53.1662912Z Using cached termcolor-3.3.0-py3-none-any.whl (7.7 kB)
2026-01-19T04:24:53.1676666Z Using cached pyyaml-6.0.3-cp311-cp311-manylinux2014_x86_64.manylinux_2_17_x86_64.manylinux_2_28_x86_64.whl (806 kB)
2026-01-19T04:24:53.1695831Z Using cached opencv_python_headless-4.13.0.90-cp37-abi3-manylinux_2_28_x86_64.whl (62.5 MB)
2026-01-19T04:24:53.2164685Z Using cached numpy-2.4.1-cp311-cp311-manylinux_2_27_x86_64.manylinux_2_28_x86_64.whl (16.7 MB)
2026-01-19T04:24:53.2298969Z Using cached faker-40.1.2-py3-none-any.whl (2.0 MB)
2026-01-19T04:24:53.2327051Z Using cached annotated_types-0.7.0-py3-none-any.whl (13 kB)
2026-01-19T04:24:53.2340352Z Using cached certifi-2026.1.4-py3-none-any.whl (152 kB)
2026-01-19T04:24:53.2354805Z Using cached h11-0.16.0-py3-none-any.whl (37 kB)
2026-01-19T04:24:53.2368073Z Using cached pyasn1-0.6.2-py3-none-any.whl (83 kB)
2026-01-19T04:24:53.2381765Z Using cached pyasn1_modules-0.4.2-py3-none-any.whl (181 kB)
2026-01-19T04:24:53.2396258Z Using cached typing_inspection-0.4.2-py3-none-any.whl (14 kB)
2026-01-19T04:24:53.2409476Z Using cached sniffio-1.3.1-py3-none-any.whl (10 kB)
2026-01-19T04:24:53.4637141Z Installing collected packages: websockets, urllib3, typing-extensions, termcolor, tenacity, sniffio, PyYAML, python-dotenv, pyasn1, pillow, numpy, idna, h11, greenlet, faker, distro, charset_normalizer, certifi, annotated-types, typing-inspection, rsa, requests, pyee, pydantic-core, pyasn1-modules, opencv-python-headless, httpcore, anyio, pydantic, playwright, httpx, google-auth, google-genai
2026-01-19T04:25:00.4306289Z 
2026-01-19T04:25:00.4333850Z Successfully installed PyYAML-6.0.3 annotated-types-0.7.0 anyio-4.12.1 certifi-2026.1.4 charset_normalizer-3.4.4 distro-1.9.0 faker-40.1.2 google-auth-2.47.0 google-genai-1.59.0 greenlet-3.3.0 h11-0.16.0 httpcore-1.0.9 httpx-0.28.1 idna-3.11 numpy-2.4.1 opencv-python-headless-4.13.0.90 pillow-12.1.0 playwright-1.57.0 pyasn1-0.6.2 pyasn1-modules-0.4.2 pydantic-2.12.5 pydantic-core-2.41.5 pyee-13.0.0 python-dotenv-1.2.1 requests-2.32.5 rsa-4.9.1 sniffio-1.3.1 tenacity-9.1.2 termcolor-3.3.0 typing-extensions-4.15.0 typing-inspection-0.4.2 urllib3-2.6.3 websockets-15.0.1
2026-01-19T04:25:01.1980480Z Downloading Chromium 143.0.7499.4 (playwright build v1200) from https://cdn.playwright.dev/dbazure/download/playwright/builds/chromium/1200/chromium-linux.zip
2026-01-19T04:25:01.2999195Z (node:2238) [DEP0169] DeprecationWarning: `url.parse()` behavior is not standardized and prone to errors that have security implications. Use the WHATWG URL API instead. CVEs are not issued for `url.parse()` vulnerabilities.
2026-01-19T04:25:01.3001594Z (Use `node --trace-deprecation ...` to show where the warning was created)
2026-01-19T04:25:01.4072807Z |                                                                                |   0% of 164.7 MiB
2026-01-19T04:25:01.5584999Z |■■■■■■■■                                                                        |  10% of 164.7 MiB
2026-01-19T04:25:01.6759911Z |■■■■■■■■■■■■■■■■                                                                |  20% of 164.7 MiB
2026-01-19T04:25:01.7907014Z |■■■■■■■■■■■■■■■■■■■■■■■■                                                        |  30% of 164.7 MiB
2026-01-19T04:25:01.9086678Z |■■■■■■■■■■■■■■■■■■■■■■■■■■■■■■■■                                                |  40% of 164.7 MiB
2026-01-19T04:25:02.0185302Z |■■■■■■■■■■■■■■■■■■■■■■■■■■■■■■■■■■■■■■■■                                        |  50% of 164.7 MiB
2026-01-19T04:25:02.1276553Z |■■■■■■■■■■■■■■■■■■■■■■■■■■■■■■■■■■■■■■■■■■■■■■■■                                |  60% of 164.7 MiB
2026-01-19T04:25:02.2217865Z |■■■■■■■■■■■■■■■■■■■■■■■■■■■■■■■■■■■■■■■■■■■■■■■■■■■■■■■■                        |  70% of 164.7 MiB
2026-01-19T04:25:02.3248083Z |■■■■■■■■■■■■■■■■■■■■■■■■■■■■■■■■■■■■■■■■■■■■■■■■■■■■■■■■■■■■■■■■                |  80% of 164.7 MiB
2026-01-19T04:25:02.4323978Z |■■■■■■■■■■■■■■■■■■■■■■■■■■■■■■■■■■■■■■■■■■■■■■■■■■■■■■■■■■■■■■■■■■■■■■■■        |  90% of 164.7 MiB
2026-01-19T04:25:02.5470551Z |■■■■■■■■■■■■■■■■■■■■■■■■■■■■■■■■■■■■■■■■■■■■■■■■■■■■■■■■■■■■■■■■■■■■■■■■■■■■■■■■| 100% of 164.7 MiB
2026-01-19T04:25:04.9348414Z Chromium 143.0.7499.4 (playwright build v1200) downloaded to /home/runner/.cache/ms-playwright/chromium-1200
2026-01-19T04:25:04.9353100Z Downloading FFMPEG playwright build v1011 from https://cdn.playwright.dev/dbazure/download/playwright/builds/ffmpeg/1011/ffmpeg-linux.zip
2026-01-19T04:25:05.0346275Z (node:2252) [DEP0169] DeprecationWarning: `url.parse()` behavior is not standardized and prone to errors that have security implications. Use the WHATWG URL API instead. CVEs are not issued for `url.parse()` vulnerabilities.
2026-01-19T04:25:05.0348307Z (Use `node --trace-deprecation ...` to show where the warning was created)
2026-01-19T04:25:05.3253875Z |                                                                                |   0% of 2.3 MiB
2026-01-19T04:25:05.4166962Z |■■■■■■■■                                                                        |  10% of 2.3 MiB
2026-01-19T04:25:05.4541495Z |■■■■■■■■■■■■■■■■                                                                |  20% of 2.3 MiB
2026-01-19T04:25:05.4785033Z |■■■■■■■■■■■■■■■■■■■■■■■■                                                        |  30% of 2.3 MiB
2026-01-19T04:25:05.4930190Z |■■■■■■■■■■■■■■■■■■■■■■■■■■■■■■■■                                                |  40% of 2.3 MiB
2026-01-19T04:25:05.5058983Z |■■■■■■■■■■■■■■■■■■■■■■■■■■■■■■■■■■■■■■■■                                        |  50% of 2.3 MiB
2026-01-19T04:25:05.5224522Z |■■■■■■■■■■■■■■■■■■■■■■■■■■■■■■■■■■■■■■■■■■■■■■■■                                |  60% of 2.3 MiB
2026-01-19T04:25:05.5313229Z |■■■■■■■■■■■■■■■■■■■■■■■■■■■■■■■■■■■■■■■■■■■■■■■■■■■■■■■■                        |  70% of 2.3 MiB
2026-01-19T04:25:05.5386281Z |■■■■■■■■■■■■■■■■■■■■■■■■■■■■■■■■■■■■■■■■■■■■■■■■■■■■■■■■■■■■■■■■                |  80% of 2.3 MiB
2026-01-19T04:25:05.5469880Z |■■■■■■■■■■■■■■■■■■■■■■■■■■■■■■■■■■■■■■■■■■■■■■■■■■■■■■■■■■■■■■■■■■■■■■■■        |  90% of 2.3 MiB
2026-01-19T04:25:05.5521807Z |■■■■■■■■■■■■■■■■■■■■■■■■■■■■■■■■■■■■■■■■■■■■■■■■■■■■■■■■■■■■■■■■■■■■■■■■■■■■■■■■| 100% of 2.3 MiB
2026-01-19T04:25:05.6075625Z FFMPEG playwright build v1011 downloaded to /home/runner/.cache/ms-playwright/ffmpeg-1011
2026-01-19T04:25:05.6079880Z Downloading Chromium Headless Shell 143.0.7499.4 (playwright build v1200) from https://cdn.playwright.dev/dbazure/download/playwright/builds/chromium/1200/chromium-headless-shell-linux.zip
2026-01-19T04:25:05.7052426Z (node:2263) [DEP0169] DeprecationWarning: `url.parse()` behavior is not standardized and prone to errors that have security implications. Use the WHATWG URL API instead. CVEs are not issued for `url.parse()` vulnerabilities.
2026-01-19T04:25:05.7054373Z (Use `node --trace-deprecation ...` to show where the warning was created)
2026-01-19T04:25:05.8044005Z |                                                                                |   0% of 109.7 MiB
2026-01-19T04:25:05.9307603Z |■■■■■■■■                                                                        |  10% of 109.7 MiB
2026-01-19T04:25:05.9896985Z |■■■■■■■■■■■■■■■■                                                                |  20% of 109.7 MiB
2026-01-19T04:25:06.0721255Z |■■■■■■■■■■■■■■■■■■■■■■■■                                                        |  30% of 109.7 MiB
2026-01-19T04:25:06.1497828Z |■■■■■■■■■■■■■■■■■■■■■■■■■■■■■■■■                                                |  40% of 109.7 MiB
2026-01-19T04:25:06.2224685Z |■■■■■■■■■■■■■■■■■■■■■■■■■■■■■■■■■■■■■■■■                                        |  50% of 109.7 MiB
2026-01-19T04:25:06.2916587Z |■■■■■■■■■■■■■■■■■■■■■■■■■■■■■■■■■■■■■■■■■■■■■■■■                                |  60% of 109.7 MiB
2026-01-19T04:25:06.3637620Z |■■■■■■■■■■■■■■■■■■■■■■■■■■■■■■■■■■■■■■■■■■■■■■■■■■■■■■■■                        |  70% of 109.7 MiB
2026-01-19T04:25:06.4262595Z |■■■■■■■■■■■■■■■■■■■■■■■■■■■■■■■■■■■■■■■■■■■■■■■■■■■■■■■■■■■■■■■■                |  80% of 109.7 MiB
2026-01-19T04:25:06.5199920Z |■■■■■■■■■■■■■■■■■■■■■■■■■■■■■■■■■■■■■■■■■■■■■■■■■■■■■■■■■■■■■■■■■■■■■■■■        |  90% of 109.7 MiB
2026-01-19T04:25:06.5862748Z |■■■■■■■■■■■■■■■■■■■■■■■■■■■■■■■■■■■■■■■■■■■■■■■■■■■■■■■■■■■■■■■■■■■■■■■■■■■■■■■■| 100% of 109.7 MiB
2026-01-19T04:25:08.3710600Z Chromium Headless Shell 143.0.7499.4 (playwright build v1200) downloaded to /home/runner/.cache/ms-playwright/chromium_headless_shell-1200
2026-01-19T04:25:08.4117943Z ##[group]Run mkdir -p projects/ci_uitestingplayground
2026-01-19T04:25:08.4118560Z [36;1mmkdir -p projects/ci_uitestingplayground[0m
2026-01-19T04:25:08.4118990Z [36;1mcat > projects/ci_uitestingplayground/config.json << 'EOF'[0m
2026-01-19T04:25:08.4119331Z [36;1m{[0m
2026-01-19T04:25:08.4119561Z [36;1m  "project_name": "ci_uitestingplayground",[0m
2026-01-19T04:25:08.4119918Z [36;1m  "target_url": "http://uitestingplayground.com/",[0m
2026-01-19T04:25:08.4120247Z [36;1m  "goal": "Test UI interactions",[0m
2026-01-19T04:25:08.4120508Z [36;1m  "headless": true[0m
2026-01-19T04:25:08.4120716Z [36;1m}[0m
2026-01-19T04:25:08.4121024Z [36;1mEOF[0m
2026-01-19T04:25:08.4155253Z shell: /usr/bin/bash -e {0}
2026-01-19T04:25:08.4155492Z env:
2026-01-19T04:25:08.4155755Z   pythonLocation: /opt/hostedtoolcache/Python/3.11.14/x64
2026-01-19T04:25:08.4156195Z   PKG_CONFIG_PATH: /opt/hostedtoolcache/Python/3.11.14/x64/lib/pkgconfig
2026-01-19T04:25:08.4156671Z   Python_ROOT_DIR: /opt/hostedtoolcache/Python/3.11.14/x64
2026-01-19T04:25:08.4157066Z   Python2_ROOT_DIR: /opt/hostedtoolcache/Python/3.11.14/x64
2026-01-19T04:25:08.4157459Z   Python3_ROOT_DIR: /opt/hostedtoolcache/Python/3.11.14/x64
2026-01-19T04:25:08.4157843Z   LD_LIBRARY_PATH: /opt/hostedtoolcache/Python/3.11.14/x64/lib
2026-01-19T04:25:08.4158152Z ##[endgroup]
2026-01-19T04:25:08.4378587Z ##[group]Run # Use --deep for comprehensive regression suite
2026-01-19T04:25:08.4379349Z [36;1m# Use --deep for comprehensive regression suite[0m
2026-01-19T04:25:08.4380181Z [36;1mpython orchestrator.py --project projects/ci_uitestingplayground --deep --force[0m
2026-01-19T04:25:08.4416953Z shell: /usr/bin/bash -e {0}
2026-01-19T04:25:08.4417196Z env:
2026-01-19T04:25:08.4417451Z   pythonLocation: /opt/hostedtoolcache/Python/3.11.14/x64
2026-01-19T04:25:08.4417895Z   PKG_CONFIG_PATH: /opt/hostedtoolcache/Python/3.11.14/x64/lib/pkgconfig
2026-01-19T04:25:08.4418334Z   Python_ROOT_DIR: /opt/hostedtoolcache/Python/3.11.14/x64
2026-01-19T04:25:08.4418714Z   Python2_ROOT_DIR: /opt/hostedtoolcache/Python/3.11.14/x64
2026-01-19T04:25:08.4419286Z   Python3_ROOT_DIR: /opt/hostedtoolcache/Python/3.11.14/x64
2026-01-19T04:25:08.4419668Z   LD_LIBRARY_PATH: /opt/hostedtoolcache/Python/3.11.14/x64/lib
2026-01-19T04:25:08.4420184Z   GOOGLE_API_KEY: ***
2026-01-19T04:25:08.4420427Z   PYTHONPATH: .
2026-01-19T04:25:08.4420608Z ##[endgroup]
2026-01-19T04:25:10.3718246Z 🚀 [DEEP] Extensive mapping enabled (Depth: 3, Pages: 50)
2026-01-19T04:25:10.3718752Z 
2026-01-19T04:25:10.3719438Z 🗺️ [DISCOVERY] Starting Parallel Semantic Crawl on http://uitestingplayground.com/ (Workers: 3)
2026-01-19T04:25:10.8413521Z   🔍 [Worker 0] Visiting (0): http://uitestingplayground.com/
2026-01-19T04:25:12.0131926Z [DEBUG] Sending request to gemini-2.0-flash. Number of parts: 1
2026-01-19T04:25:12.0132434Z [DEBUG] Received response (Length: 340)
2026-01-19T04:25:12.0133101Z   🔍 [Worker 1] Visiting (1): http://uitestingplayground.com/overlapped
2026-01-19T04:25:12.0149043Z   🔍 [Worker 2] Visiting (1): http://uitestingplayground.com/click
2026-01-19T04:25:12.0176569Z   🔍 [Worker 0] Visiting (1): http://uitestingplayground.com/autowait
2026-01-19T04:25:17.0099876Z [DEBUG] Sending request to gemini-2.0-flash. Number of parts: 1
2026-01-19T04:25:17.0102431Z [DEBUG] Sending request to gemini-2.0-flash. Number of parts: 1
2026-01-19T04:25:17.0103199Z [DEBUG] Sending request to gemini-2.0-flash. Number of parts: 1
2026-01-19T04:25:17.0103790Z [DEBUG] Received response (Length: 308)
2026-01-19T04:25:17.0104784Z   🔍 [Worker 0] Visiting (1): http://uitestingplayground.com/dynamicid
2026-01-19T04:25:17.0375914Z [DEBUG] Received response (Length: 272)
2026-01-19T04:25:17.0385464Z   🔍 [Worker 1] Visiting (1): http://uitestingplayground.com/verifytext
2026-01-19T04:25:17.2378253Z [DEBUG] Received response (Length: 443)
2026-01-19T04:25:17.2379464Z   🔍 [Worker 2] Visiting (1): http://uitestingplayground.com/loaddelay
2026-01-19T04:25:22.0955254Z [DEBUG] Sending request to gemini-2.0-flash. Number of parts: 1
2026-01-19T04:25:22.0957889Z [DEBUG] Sending request to gemini-2.0-flash. Number of parts: 1
2026-01-19T04:25:22.0959522Z [DEBUG] Received response (Length: 420)
2026-01-19T04:25:22.0961240Z   🔍 [Worker 0] Visiting (1): http://uitestingplayground.com/classattr
2026-01-19T04:25:22.3556504Z [DEBUG] Received response (Length: 491)
2026-01-19T04:25:22.3558797Z   🔍 [Worker 1] Visiting (1): http://uitestingplayground.com/home
2026-01-19T04:25:22.6443742Z [CACHE HIT] fa439546... (hits: 1, misses: 8)
2026-01-19T04:25:22.6447113Z   🔍 [Worker 1] Visiting (1): http://uitestingplayground.com/visibility
2026-01-19T04:25:27.1754055Z [DEBUG] Sending request to gemini-2.0-flash. Number of parts: 1
2026-01-19T04:25:27.1756112Z [DEBUG] Sending request to gemini-2.0-flash. Number of parts: 1
2026-01-19T04:25:27.1756795Z [DEBUG] Sending request to gemini-2.0-flash. Number of parts: 1
2026-01-19T04:25:27.1757354Z [DEBUG] Received response (Length: 388)
2026-01-19T04:25:27.1758323Z   🔍 [Worker 2] Visiting (1): http://uitestingplayground.com/ajax
2026-01-19T04:25:27.2603812Z [DEBUG] Received response (Length: 443)
2026-01-19T04:25:27.2604884Z   🔍 [Worker 1] Visiting (1): http://uitestingplayground.com/shadowdom
2026-01-19T04:25:27.3735602Z [DEBUG] Received response (Length: 500)
2026-01-19T04:25:27.3737495Z   🔍 [Worker 0] Visiting (1): http://uitestingplayground.com/resources
2026-01-19T04:25:32.0766738Z [DEBUG] Sending request to gemini-2.0-flash. Number of parts: 1
2026-01-19T04:25:32.0767490Z [DEBUG] Sending request to gemini-2.0-flash. Number of parts: 1
2026-01-19T04:25:32.0768168Z [DEBUG] Sending request to gemini-2.0-flash. Number of parts: 1
2026-01-19T04:25:32.0768762Z [DEBUG] Received response (Length: 307)
2026-01-19T04:25:32.0769749Z   🔍 [Worker 1] Visiting (1): http://uitestingplayground.com/disabledinput
2026-01-19T04:25:32.1928506Z [DEBUG] Received response (Length: 386)
2026-01-19T04:25:32.1929989Z   🔍 [Worker 2] Visiting (1): http://uitestingplayground.com/alerts
2026-01-19T04:25:32.2953428Z [DEBUG] Received response (Length: 487)
2026-01-19T04:25:32.2955022Z   🔍 [Worker 0] Visiting (1): http://uitestingplayground.com/animation
2026-01-19T04:25:37.0680219Z [DEBUG] Sending request to gemini-2.0-flash. Number of parts: 1
2026-01-19T04:25:37.0681390Z [DEBUG] Sending request to gemini-2.0-flash. Number of parts: 1
2026-01-19T04:25:37.0682460Z [DEBUG] Sending request to gemini-2.0-flash. Number of parts: 1
2026-01-19T04:25:37.0683034Z [DEBUG] Received response (Length: 351)
2026-01-19T04:25:37.0684009Z   🔍 [Worker 0] Visiting (1): http://uitestingplayground.com/hiddenlayers
2026-01-19T04:25:37.1054361Z [DEBUG] Received response (Length: 347)
2026-01-19T04:25:37.1057716Z   🔍 [Worker 1] Visiting (1): http://uitestingplayground.com/mouseover
2026-01-19T04:25:37.2094850Z [DEBUG] Received response (Length: 460)
2026-01-19T04:25:37.2101360Z   🔍 [Worker 2] Visiting (1): http://uitestingplayground.com/dynamictable
2026-01-19T04:25:42.1545274Z [DEBUG] Sending request to gemini-2.0-flash. Number of parts: 1
2026-01-19T04:25:42.1546118Z [DEBUG] Sending request to gemini-2.0-flash. Number of parts: 1
2026-01-19T04:25:42.1546730Z [DEBUG] Sending request to gemini-2.0-flash. Number of parts: 1
2026-01-19T04:25:42.1547268Z [DEBUG] Received response (Length: 365)
2026-01-19T04:25:42.1548199Z   🔍 [Worker 2] Visiting (1): http://uitestingplayground.com/sampleapp
2026-01-19T04:25:42.1825504Z [DEBUG] Received response (Length: 370)
2026-01-19T04:25:42.1826507Z   🔍 [Worker 0] Visiting (1): http://uitestingplayground.com
2026-01-19T04:25:42.2098762Z [DEBUG] Received response (Length: 423)
2026-01-19T04:25:42.2103304Z   🔍 [Worker 1] Visiting (1): http://uitestingplayground.com/progressbar
2026-01-19T04:25:42.4660806Z [CACHE HIT] fa439546... (hits: 2, misses: 19)
2026-01-19T04:25:42.4662151Z   🔍 [Worker 0] Visiting (1): http://uitestingplayground.com/clientdelay
2026-01-19T04:25:47.0549569Z [DEBUG] Sending request to gemini-2.0-flash. Number of parts: 1
2026-01-19T04:25:47.0551439Z [DEBUG] Sending request to gemini-2.0-flash. Number of parts: 1
2026-01-19T04:25:47.0552586Z [DEBUG] Sending request to gemini-2.0-flash. Number of parts: 1
2026-01-19T04:25:47.0557743Z [DEBUG] Received response (Length: 276)
2026-01-19T04:25:47.0558704Z   🔍 [Worker 2] Visiting (1): http://uitestingplayground.com/upload
2026-01-19T04:25:47.1576308Z [DEBUG] Received response (Length: 315)
2026-01-19T04:25:47.1579262Z   🔍 [Worker 1] Visiting (1): http://uitestingplayground.com/nbsp
2026-01-19T04:25:47.3462653Z [DEBUG] Received response (Length: 494)
2026-01-19T04:25:47.3464185Z   🔍 [Worker 0] Visiting (1): http://uitestingplayground.com/scrollbars
2026-01-19T04:25:51.9975758Z [DEBUG] Sending request to gemini-2.0-flash. Number of parts: 1
2026-01-19T04:25:51.9976483Z [DEBUG] Sending request to gemini-2.0-flash. Number of parts: 1
2026-01-19T04:25:51.9977107Z [DEBUG] Sending request to gemini-2.0-flash. Number of parts: 1
2026-01-19T04:25:51.9977639Z [DEBUG] Received response (Length: 267)
2026-01-19T04:25:51.9978563Z   🔍 [Worker 2] Visiting (1): http://uitestingplayground.com/textinput
2026-01-19T04:25:53.0690122Z [DEBUG] Received response (Length: 347)
2026-01-19T04:25:53.0690716Z [DEBUG] Received response (Length: 351)
2026-01-19T04:25:53.0691951Z [DEBUG] Sending request to gemini-2.0-flash. Number of parts: 1
2026-01-19T04:25:53.0692632Z [DEBUG] Received response (Length: 298)
2026-01-19T04:25:53.0693857Z ✅ Discovery Complete. Mapped 27 pages.
2026-01-19T04:26:04.3928137Z 
2026-01-19T04:26:04.3928899Z [PLAN] PLANNER: Planning goal -> 'Test UI interactions' (Deep Mode: True)
2026-01-19T04:26:04.3929725Z 🗺️ [PLAN] Loaded Sitemap with 27 pages.
2026-01-19T04:26:04.3931145Z 🎭 [EXPERT] Detected Domain: GENERAL. Persona: Act as Senior SDET focusing on exploring the application to understand functional flow and identifying critical paths for end-to-end automation
2026-01-19T04:26:04.3932267Z [DEBUG] Sending request to gemini-2.0-flash. Number of parts: 1
2026-01-19T04:26:04.3932694Z [DEBUG] Received response (Length: 5703)
2026-01-19T04:26:04.3933118Z ✅ Planner generated 5 scenarios. Workflow updated.
2026-01-19T04:26:05.4344874Z 
2026-01-19T04:26:05.4345853Z 🕵️ [DEEP EXPLORER] Starting Multi-Scenario Exploration
2026-01-19T04:26:05.4346909Z 📋 Found 5 scenarios to explore.
2026-01-19T04:26:05.8070527Z 
2026-01-19T04:26:05.8071191Z [1/5] Exploring Scenario: Dynamic ID Challenge
2026-01-19T04:26:05.8074858Z     🧠 Initialized exploration context for goal: 'Test UI interactions'
2026-01-19T04:26:05.8076452Z   ▶️ [STEP step_1] NAVIGATE: 
2026-01-19T04:26:06.6784098Z     ✅ Navigated to http://uitestingplayground.com/
2026-01-19T04:26:06.6784801Z   ▶️ [STEP step_2] ASSERT_URL: 
2026-01-19T04:26:11.7095683Z     ⚠️ Scroll into view failed for text=None. Proceeding anyway.
2026-01-19T04:26:13.7118754Z     ✅ State transitioned.
2026-01-19T04:26:15.3792809Z [DEBUG] Sending request to gemini-2.0-flash. Number of parts: 2
2026-01-19T04:26:15.3793470Z [DEBUG] Received response (Length: 206)
2026-01-19T04:26:15.3794307Z     🤖 AI Next Step Suggestion: click -> Class Attribute
2026-01-19T04:26:15.3794868Z     🧩 Suggested Locator: a[href='/classattr']
2026-01-19T04:26:15.3795507Z     💭 Reasoning: Navigating to the 'Class Attribute' page to explore UI interactions related to class attributes.
2026-01-19T04:26:15.3796104Z     ➕ Injected AI step: click -> Class Attribute
2026-01-19T04:26:15.3796493Z   ▶️ [STEP step_2_ai_1] CLICK: Class Attribute
2026-01-19T04:26:15.3860567Z     🎯 Using AI-provided locator: a[href='/classattr']
2026-01-19T04:26:15.3932914Z     ✅ Found 1 verified locators
2026-01-19T04:26:19.4675470Z     ✅ State transitioned.
2026-01-19T04:26:21.3227580Z [DEBUG] Sending request to gemini-2.0-flash. Number of parts: 2
2026-01-19T04:26:21.3228207Z [DEBUG] Received response (Length: 251)
2026-01-19T04:26:21.3228792Z     🤖 AI Next Step Suggestion: click -> Button
2026-01-19T04:26:21.3229179Z     🧩 Suggested Locator: button.btn.btn-primary
2026-01-19T04:26:21.3230055Z     💭 Reasoning: The scenario describes to 'Record primary (blue) button click and press ok in alert popup.' The blue button is the one with class 'btn btn-primary'.
2026-01-19T04:26:21.3231006Z     ➕ Injected AI step: click -> Button
2026-01-19T04:26:21.3231339Z   ▶️ [STEP step_2_ai_2] CLICK: Button
2026-01-19T04:26:21.3387935Z     🎯 Using AI-provided locator: button.btn.btn-primary
2026-01-19T04:26:21.3451905Z     ✅ Found 1 verified locators
2026-01-19T04:26:25.3967152Z     ✅ State transitioned.
2026-01-19T04:26:27.3157336Z [DEBUG] Sending request to gemini-2.0-flash. Number of parts: 2
2026-01-19T04:26:27.3158075Z [DEBUG] Received response (Length: 259)
2026-01-19T04:26:27.3158707Z     🤖 AI Next Step Suggestion: click -> Button
2026-01-19T04:26:27.3159169Z     🧩 Suggested Locator: button.btn.btn-primary.btn-test
2026-01-19T04:26:27.3160110Z     💭 Reasoning: The scenario describes to record primary (blue) button click and press ok in alert popup. The blue button has the class 'btn btn-primary btn-test'.
2026-01-19T04:26:27.3161224Z ⚠️ Loop detected: same AI suggestion repeated 2 times. Moving to next step.
2026-01-19T04:26:27.3161736Z   ▶️ [STEP step_3] CLICK: Dynamic ID
2026-01-19T04:26:27.3216642Z     🔍 Mining locators for: 'Dynamic ID'
2026-01-19T04:26:27.3558835Z     🧠 Consulting AI (Vision-First) to find 'Dynamic ID'...
2026-01-19T04:26:27.3576444Z     🔍 Trying smart selectors for 'Dynamic ID'...
2026-01-19T04:26:27.4042647Z     ⚠️ Smart selectors failed (no unique match). Falling back to AI Vision...
2026-01-19T04:26:27.4043765Z     🧠 [EXPERT] Strategy: Act as Senior SDET focusing on exploring the application to understand functional flow and identifying critical paths for end-to-end automation.
2026-01-19T04:26:31.9666040Z [DEBUG] Sending request to gemini-2.0-flash. Number of parts: 2
2026-01-19T04:26:31.9667154Z [DEBUG] Received response (Length: 232)
2026-01-19T04:26:31.9669464Z     💡 Expert Suggestion: The 'Dynamic ID' element is likely located on the Home page or a page linked from the Home page.
2026-01-19T04:26:31.9671850Z     🛠️ Executing corrective action: click -> 'Home'
2026-01-19T04:26:32.6077713Z     ✅ Executed corrective navigation
2026-01-19T04:26:34.6103535Z     🔄 Retry 1/3 mining locators for 'Dynamic ID'...
2026-01-19T04:26:35.6929839Z     ✅ Found 3 verified locators
2026-01-19T04:26:39.2635041Z     ✅ State transitioned.
2026-01-19T04:26:41.0895878Z [DEBUG] Sending request to gemini-2.0-flash. Number of parts: 2
2026-01-19T04:26:41.0896583Z [DEBUG] Received response (Length: 303)
2026-01-19T04:26:41.0897378Z     🤖 AI Next Step Suggestion: click -> Button with Dynamic ID
2026-01-19T04:26:41.0897935Z     🧩 Suggested Locator: button[id]
2026-01-19T04:26:41.0899402Z     💭 Reasoning: The goal is to test UI interactions, and the page presents a button with a dynamic ID. Clicking this button is the primary interaction available on the page and aligns with the scenario described.
2026-01-19T04:26:41.0900808Z     ➕ Injected AI step: click -> Button with Dynamic ID
2026-01-19T04:26:41.0901618Z   ▶️ [STEP step_3_ai_1] CLICK: Button with Dynamic ID
2026-01-19T04:26:41.1056390Z     🎯 Using AI-provided locator: button[id]
2026-01-19T04:26:41.1116720Z     ✅ Found 1 verified locators
2026-01-19T04:26:45.1626904Z     ✅ State transitioned.
2026-01-19T04:26:46.7213662Z [DEBUG] Sending request to gemini-2.0-flash. Number of parts: 2
2026-01-19T04:26:46.7214284Z [DEBUG] Received response (Length: 259)
2026-01-19T04:26:46.7215074Z     🤖 AI Next Step Suggestion: click -> Button with Dynamic ID
2026-01-19T04:26:46.7215605Z     🧩 Suggested Locator: button[id]
2026-01-19T04:26:46.7216722Z     💭 Reasoning: The goal is to test UI interactions, and the page presents a button with a dynamic ID. Clicking it again will further test the dynamic ID functionality.
2026-01-19T04:26:46.7217918Z ⚠️ Loop detected: same AI suggestion repeated 2 times. Moving to next step.
2026-01-19T04:26:46.7218477Z   ▶️ [STEP step_4] ASSERT_URL: 
2026-01-19T04:26:51.7365913Z     ⚠️ Scroll into view failed for text=None. Proceeding anyway.
2026-01-19T04:26:53.7388903Z     ✅ State transitioned.
2026-01-19T04:26:53.7437869Z     🔄 Revisited state detected (count: 1)
2026-01-19T04:26:55.2381790Z [DEBUG] Sending request to gemini-2.0-flash. Number of parts: 2
2026-01-19T04:26:55.2382918Z [DEBUG] Received response (Length: 393)
2026-01-19T04:26:55.2384259Z     🤖 AI Next Step Suggestion: click -> Button with Dynamic ID
2026-01-19T04:26:55.2385572Z     🧩 Suggested Locator: button[id]
2026-01-19T04:26:55.2390124Z     💭 Reasoning: The goal is to test UI interactions, and the page contains a button with a dynamic ID. Clicking it is the next logical step to continue exploring the page's functionality. The button was clicked before, but the ID is dynamic, so clicking it again will test the dynamic ID functionality.
2026-01-19T04:26:55.2393869Z     ➕ Injected AI step: click -> Button with Dynamic ID
2026-01-19T04:26:55.2394880Z   ▶️ [STEP step_4_ai_1] CLICK: Button with Dynamic ID
2026-01-19T04:26:55.2449128Z     🎯 Using AI-provided locator: button[id]
2026-01-19T04:26:55.2504808Z     ✅ Found 1 verified locators
2026-01-19T04:26:59.2930367Z     ✅ State transitioned.
2026-01-19T04:26:59.2978496Z     🔄 Revisited state detected (count: 2)
2026-01-19T04:27:00.6735898Z [DEBUG] Sending request to gemini-2.0-flash. Number of parts: 2
2026-01-19T04:27:00.6736567Z [DEBUG] Received response (Length: 368)
2026-01-19T04:27:00.6737802Z     🤖 AI Next Step Suggestion: click -> Button with Dynamic ID
2026-01-19T04:27:00.6738509Z     🧩 Suggested Locator: button[id]
2026-01-19T04:27:00.6740681Z     💭 Reasoning: The goal is to test UI interactions, and the current page has a button with a dynamic ID. The scenario description suggests clicking this button. The button has been clicked multiple times, but the goal is not yet achieved, so clicking it again is a valid step.
2026-01-19T04:27:00.6743567Z ⚠️ Loop detected: same AI suggestion repeated 2 times. Moving to next step.
2026-01-19T04:27:00.6744305Z   ▶️ [STEP step_5] CLICK: button
2026-01-19T04:27:00.6795058Z     🔍 Mining locators for: 'button'
2026-01-19T04:27:00.7148691Z     ✅ Found 2 verified locators
2026-01-19T04:27:04.2764063Z     ✅ State transitioned.
2026-01-19T04:27:04.2826107Z     🔄 Revisited state detected (count: 3)
2026-01-19T04:27:04.2826776Z     ⚠️ Too many revisits (3). Stopping AI step injection to prevent loops.
2026-01-19T04:27:06.3180131Z 
2026-01-19T04:27:06.3183543Z [2/5] Exploring Scenario: Sample App Login
2026-01-19T04:27:06.3185653Z     🧠 Initialized exploration context for goal: 'Test UI interactions'
2026-01-19T04:27:06.3186396Z   ▶️ [STEP step_1] NAVIGATE: 
2026-01-19T04:27:07.1919009Z     ✅ Navigated to http://uitestingplayground.com/
2026-01-19T04:27:07.1920136Z   ▶️ [STEP step_2] ASSERT_URL: 
2026-01-19T04:27:12.2206747Z     ⚠️ Scroll into view failed for text=None. Proceeding anyway.
2026-01-19T04:27:14.2229716Z     ✅ State transitioned.
2026-01-19T04:27:14.2817443Z [CACHE HIT] f2e4673a... (hits: 1, misses: 8)
2026-01-19T04:27:14.2818393Z     🤖 AI Next Step Suggestion: click -> Class Attribute
2026-01-19T04:27:14.2819052Z     🧩 Suggested Locator: a[href='/classattr']
2026-01-19T04:27:14.2819865Z     💭 Reasoning: Navigating to the 'Class Attribute' page to explore UI interactions related to class attributes.
2026-01-19T04:27:14.2820494Z     ➕ Injected AI step: click -> Class Attribute
2026-01-19T04:27:14.2821023Z   ▶️ [STEP step_2_ai_1] CLICK: Class Attribute
2026-01-19T04:27:14.2871852Z     🎯 Using AI-provided locator: a[href='/classattr']
2026-01-19T04:27:14.2930569Z     ✅ Found 1 verified locators
2026-01-19T04:27:18.3627535Z     ✅ State transitioned.
2026-01-19T04:27:20.0746781Z [DEBUG] Sending request to gemini-2.0-flash. Number of parts: 2
2026-01-19T04:27:20.0747557Z [DEBUG] Received response (Length: 206)
2026-01-19T04:27:20.0748223Z     🤖 AI Next Step Suggestion: click -> Button
2026-01-19T04:27:20.0748658Z     🧩 Suggested Locator: button.btn.btn-primary
2026-01-19T04:27:20.0749440Z     💭 Reasoning: The scenario describes to click the primary (blue) button. This button has the class 'btn btn-primary'.
2026-01-19T04:27:20.0750149Z     ➕ Injected AI step: click -> Button
2026-01-19T04:27:20.0751421Z   ▶️ [STEP step_2_ai_2] CLICK: Button
2026-01-19T04:27:20.0904411Z     🎯 Using AI-provided locator: button.btn.btn-primary
2026-01-19T04:27:20.0968910Z     ✅ Found 1 verified locators
2026-01-19T04:27:24.1604609Z     ✅ State transitioned.
2026-01-19T04:27:25.8735439Z [DEBUG] Sending request to gemini-2.0-flash. Number of parts: 2
2026-01-19T04:27:25.8736097Z [DEBUG] Received response (Length: 259)
2026-01-19T04:27:25.8736851Z     🤖 AI Next Step Suggestion: click -> Button
2026-01-19T04:27:25.8737344Z     🧩 Suggested Locator: button.btn.btn-primary.btn-test
2026-01-19T04:27:25.8738304Z     💭 Reasoning: The scenario describes clicking the primary (blue) button and pressing ok in the alert popup. This button has the class 'btn btn-primary btn-test'.
2026-01-19T04:27:25.8739260Z ⚠️ Loop detected: same AI suggestion repeated 2 times. Moving to next step.
2026-01-19T04:27:25.8739722Z   ▶️ [STEP step_3] CLICK: Sample App
2026-01-19T04:27:25.8793585Z     🔍 Mining locators for: 'Sample App'
2026-01-19T04:27:25.9109203Z     🧠 Consulting AI (Vision-First) to find 'Sample App'...
2026-01-19T04:27:25.9109793Z     🔍 Trying smart selectors for 'Sample App'...
2026-01-19T04:27:25.9626400Z     ⚠️ Smart selectors failed (no unique match). Falling back to AI Vision...
2026-01-19T04:27:25.9628044Z     🧠 [EXPERT] Strategy: Act as Senior SDET focusing on exploring the application to understand functional flow and identifying critical paths for end-to-end automation.
2026-01-19T04:27:30.7349142Z [DEBUG] Sending request to gemini-2.0-flash. Number of parts: 2
2026-01-19T04:27:30.7350087Z [DEBUG] Received response (Length: 271)
2026-01-19T04:27:30.7352680Z     💡 Expert Suggestion: The 'Sample App' is likely located on the homepage or a dedicated 'Products' page. Starting with the homepage is a reasonable approach.
2026-01-19T04:27:30.7354744Z     🛠️ Executing corrective action: click -> 'Home'
2026-01-19T04:27:31.3656959Z     ✅ Executed corrective navigation
2026-01-19T04:27:33.3681890Z     🔄 Retry 1/3 mining locators for 'Sample App'...
2026-01-19T04:27:34.4474223Z     ✅ Found 2 verified locators
2026-01-19T04:27:38.0267572Z     ✅ State transitioned.
2026-01-19T04:27:39.9328079Z [DEBUG] Sending request to gemini-2.0-flash. Number of parts: 2
2026-01-19T04:27:39.9328769Z [DEBUG] Received response (Length: 218)
2026-01-19T04:27:39.9329499Z     🤖 AI Next Step Suggestion: fill -> User Name
2026-01-19T04:27:39.9330098Z     🧩 Suggested Locator: #3ad85cfd-cc38-9cd8-3bd7-e604f1a9a701
2026-01-19T04:27:39.9331168Z     💭 Reasoning: The form needs to be filled to attempt login. Filling the username field first.
2026-01-19T04:27:39.9331861Z     ➕ Injected AI step: fill -> User Name
2026-01-19T04:27:39.9332233Z   ▶️ [STEP step_3_ai_1] FILL: User Name
2026-01-19T04:27:39.9483338Z     🎯 Using AI-provided locator: #3ad85cfd-cc38-9cd8-3bd7-e604f1a9a701
2026-01-19T04:27:39.9518526Z     🔍 Mining locators for: 'User Name'
2026-01-19T04:27:40.0044245Z     ✅ Found 4 verified locators
2026-01-19T04:27:45.0439763Z     ✅ State transitioned.
2026-01-19T04:27:47.1298437Z [DEBUG] Sending request to gemini-2.0-flash. Number of parts: 2
2026-01-19T04:27:47.1298940Z [DEBUG] Received response (Length: 284)
2026-01-19T04:27:47.1311402Z     🤖 AI Next Step Suggestion: fill -> Password
2026-01-19T04:27:47.1312149Z     🧩 Suggested Locator: #2861999e-d18d-deed-aa12-d2066469fb37
2026-01-19T04:27:47.1313576Z     💭 Reasoning: The instructions state to use 'pwd' as the password for successful login. Filling the password field is the next logical step to complete the form.
2026-01-19T04:27:47.1314917Z     ➕ Injected AI step: fill -> Password
2026-01-19T04:27:47.1315422Z   ▶️ [STEP step_3_ai_2] FILL: Password
2026-01-19T04:27:47.1355880Z     🎯 Using AI-provided locator: #2861999e-d18d-deed-aa12-d2066469fb37
2026-01-19T04:27:47.1379018Z     🔍 Mining locators for: 'Password'
2026-01-19T04:27:47.1730501Z     ✅ Found 1 verified locators
2026-01-19T04:27:51.9141710Z     ✅ State transitioned.
2026-01-19T04:27:51.9196515Z     🔄 Revisited state detected (count: 1)
2026-01-19T04:27:53.5274843Z [DEBUG] Sending request to gemini-2.0-flash. Number of parts: 2
2026-01-19T04:27:53.5275827Z [DEBUG] Received response (Length: 209)
2026-01-19T04:27:53.5276889Z     🤖 AI Next Step Suggestion: click -> Log In
2026-01-19T04:27:53.5277459Z     🧩 Suggested Locator: #login
2026-01-19T04:27:53.5278187Z     💭 Reasoning: The username and password fields have been filled. Clicking the 'Log In' button is the next logical step to attempt login.
2026-01-19T04:27:53.5278835Z     ➕ Injected AI step: click -> Log In
2026-01-19T04:27:53.5279158Z   ▶️ [STEP step_3_ai_3] CLICK: Log In
2026-01-19T04:27:53.5335447Z     🎯 Using AI-provided locator: #login
2026-01-19T04:27:53.5391106Z     ✅ Found 1 verified locators
2026-01-19T04:27:57.5917024Z     ✅ State transitioned.
2026-01-19T04:27:59.3221191Z [DEBUG] Sending request to gemini-2.0-flash. Number of parts: 2
2026-01-19T04:27:59.3222098Z [DEBUG] Received response (Length: 202)
2026-01-19T04:27:59.3223013Z     🤖 AI Next Step Suggestion: click -> Log In
2026-01-19T04:27:59.3223706Z     🧩 Suggested Locator: #login
2026-01-19T04:27:59.3224996Z     💭 Reasoning: The username and password fields have been filled. Clicking 'Log In' is the next logical step to attempt to log in.
2026-01-19T04:27:59.3226536Z ⚠️ Loop detected: same AI suggestion repeated 2 times. Moving to next step.
2026-01-19T04:27:59.3227195Z   ▶️ [STEP step_4] ASSERT_URL: 
2026-01-19T04:28:04.3385054Z     ⚠️ Scroll into view failed for text=None. Proceeding anyway.
2026-01-19T04:28:06.3408079Z     ✅ State transitioned.
2026-01-19T04:28:06.3459446Z     🔄 Revisited state detected (count: 1)
2026-01-19T04:28:07.7120635Z [DEBUG] Sending request to gemini-2.0-flash. Number of parts: 2
2026-01-19T04:28:07.7121824Z [DEBUG] Received response (Length: 198)
2026-01-19T04:28:07.7122816Z     🤖 AI Next Step Suggestion: click -> Log In
2026-01-19T04:28:07.7123385Z     🧩 Suggested Locator: #login
2026-01-19T04:28:07.7124287Z     💭 Reasoning: The username and password fields have been filled. Clicking 'Log In' is the next logical step to attempt login.
2026-01-19T04:28:07.7125469Z     ➕ Injected AI step: click -> Log In
2026-01-19T04:28:07.7125904Z   ▶️ [STEP step_4_ai_1] CLICK: Log In
2026-01-19T04:28:07.7175761Z     🎯 Using AI-provided locator: #login
2026-01-19T04:28:07.7226383Z     ✅ Found 1 verified locators
2026-01-19T04:28:11.7740324Z     ✅ State transitioned.
2026-01-19T04:28:11.7789118Z     🔄 Revisited state detected (count: 2)
2026-01-19T04:28:13.1944718Z [DEBUG] Sending request to gemini-2.0-flash. Number of parts: 2
2026-01-19T04:28:13.1945706Z [DEBUG] Received response (Length: 193)
2026-01-19T04:28:13.1946836Z     🤖 AI Next Step Suggestion: fill -> Password
2026-01-19T04:28:13.1947415Z     🧩 Suggested Locator: input[name='Password']
2026-01-19T04:28:13.1948225Z     💭 Reasoning: The instructions say to use 'pwd' as the password for successful login.
2026-01-19T04:28:13.1948981Z     ➕ Injected AI step: fill -> Password
2026-01-19T04:28:13.1949470Z   ▶️ [STEP step_4_ai_2] FILL: Password
2026-01-19T04:28:13.2003158Z     🎯 Using AI-provided locator: input[name='Password']
2026-01-19T04:28:13.2055175Z     ✅ Found 1 verified locators
2026-01-19T04:28:18.5196629Z     ✅ State transitioned.
2026-01-19T04:28:20.2917185Z [DEBUG] Sending request to gemini-2.0-flash. Number of parts: 2
2026-01-19T04:28:20.2918040Z [DEBUG] Received response (Length: 312)
2026-01-19T04:28:20.2918920Z     🤖 AI Next Step Suggestion: fill -> User Name
2026-01-19T04:28:20.2919936Z     🧩 Suggested Locator: #3ad85cfd-cc38-9cd8-3bd7-e604f1a9a701
2026-01-19T04:28:20.2922051Z     💭 Reasoning: The password field has been filled, but the username field is still at its default value. Filling the username field with a non-empty value is required for successful login.
2026-01-19T04:28:20.2923649Z     ➕ Injected AI step: fill -> User Name
2026-01-19T04:28:20.2924254Z   ▶️ [STEP step_4_ai_3] FILL: User Name
2026-01-19T04:28:20.2974961Z     🎯 Using AI-provided locator: #3ad85cfd-cc38-9cd8-3bd7-e604f1a9a701
2026-01-19T04:28:20.2997533Z     🔍 Mining locators for: 'User Name'
2026-01-19T04:28:20.3510367Z     ✅ Found 4 verified locators
2026-01-19T04:28:25.2883941Z     ✅ State transitioned.
2026-01-19T04:28:26.8835933Z [DEBUG] Sending request to gemini-2.0-flash. Number of parts: 2
2026-01-19T04:28:26.8836629Z [DEBUG] Received response (Length: 216)
2026-01-19T04:28:26.8837417Z     🤖 AI Next Step Suggestion: click -> Log In
2026-01-19T04:28:26.8837931Z     🧩 Suggested Locator: #login
2026-01-19T04:28:26.8838592Z     💭 Reasoning: The username and password fields have been filled. Clicking 'Log In' will submit the form and attempt to log in.
2026-01-19T04:28:26.8839211Z     ➕ Injected AI step: click -> Log In
2026-01-19T04:28:26.8839524Z   ▶️ [STEP step_4_ai_4] CLICK: Log In
2026-01-19T04:28:26.8893973Z     🎯 Using AI-provided locator: #login
2026-01-19T04:28:26.8945984Z     ✅ Found 1 verified locators
2026-01-19T04:28:30.9368803Z     ✅ State transitioned.
2026-01-19T04:28:32.4349080Z [DEBUG] Sending request to gemini-2.0-flash. Number of parts: 2
2026-01-19T04:28:32.4350130Z [DEBUG] Received response (Length: 211)
2026-01-19T04:28:32.4351182Z     🤖 AI Next Step Suggestion: click -> Log Out
2026-01-19T04:28:32.4351882Z     🧩 Suggested Locator: #login
2026-01-19T04:28:32.4353373Z     💭 Reasoning: The user is currently logged in. Clicking 'Log Out' will test the logout functionality and UI interaction.
2026-01-19T04:28:32.4354619Z     ➕ Injected AI step: click -> Log Out
2026-01-19T04:28:32.4355244Z   ▶️ [STEP step_4_ai_5] CLICK: Log Out
2026-01-19T04:28:32.4406831Z     🎯 Using AI-provided locator: #login
2026-01-19T04:28:32.4467875Z     ✅ Found 1 verified locators
2026-01-19T04:28:36.4870345Z     ✅ State transitioned.
2026-01-19T04:28:38.2481153Z [DEBUG] Sending request to gemini-2.0-flash. Number of parts: 2
2026-01-19T04:28:38.2481952Z [DEBUG] Received response (Length: 227)
2026-01-19T04:28:38.2482859Z     🤖 AI Next Step Suggestion: click -> Log In
2026-01-19T04:28:38.2483654Z     🧩 Suggested Locator: #login
2026-01-19T04:28:38.2485346Z     💭 Reasoning: The username and password fields are filled, so the next logical step is to click the 'Log In' button to attempt to log in.
2026-01-19T04:28:38.2486912Z     ➕ Injected AI step: click -> Log In
2026-01-19T04:28:38.2487631Z   ▶️ [STEP step_4_ai_6] CLICK: Log In
2026-01-19T04:28:38.2549160Z     🎯 Using AI-provided locator: #login
2026-01-19T04:28:38.2606462Z     ✅ Found 1 verified locators
2026-01-19T04:28:42.3042100Z     ✅ State transitioned.
2026-01-19T04:28:42.3089634Z     🔄 Revisited state detected (count: 1)
2026-01-19T04:28:43.7685694Z [DEBUG] Sending request to gemini-2.0-flash. Number of parts: 2
2026-01-19T04:28:43.7686295Z [DEBUG] Received response (Length: 199)
2026-01-19T04:28:43.7687046Z     🤖 AI Next Step Suggestion: click -> Log In
2026-01-19T04:28:43.7687436Z     🧩 Suggested Locator: #login
2026-01-19T04:28:43.7688199Z     💭 Reasoning: The username and password fields have been filled. Clicking 'Log In' will submit the form and attempt to log in.
2026-01-19T04:28:43.7689141Z ⚠️ Loop detected: same AI suggestion repeated 2 times. Moving to next step.
2026-01-19T04:28:43.7689630Z   ▶️ [STEP step_5] FILL: User Name
2026-01-19T04:28:43.7744390Z     🔍 Mining locators for: 'User Name'
2026-01-19T04:28:43.8336904Z     ✅ Found 4 verified locators
2026-01-19T04:28:50.1909833Z     ✅ State transitioned.
2026-01-19T04:28:51.9373796Z [DEBUG] Sending request to gemini-2.0-flash. Number of parts: 2
2026-01-19T04:28:51.9374516Z [DEBUG] Received response (Length: 210)
2026-01-19T04:28:51.9375307Z     🤖 AI Next Step Suggestion: fill -> Password
2026-01-19T04:28:51.9375814Z     🧩 Suggested Locator: #2861999e-d18d-deed-aa12-d2066469fb37
2026-01-19T04:28:51.9376513Z     💭 Reasoning: The instructions state to use `pwd` as the password for successful login.
2026-01-19T04:28:51.9377095Z     ➕ Injected AI step: fill -> Password
2026-01-19T04:28:51.9377464Z   ▶️ [STEP step_5_ai_1] FILL: Password
2026-01-19T04:28:51.9428759Z     🎯 Using AI-provided locator: #2861999e-d18d-deed-aa12-d2066469fb37
2026-01-19T04:28:51.9451286Z     🔍 Mining locators for: 'Password'
2026-01-19T04:28:51.9874907Z     ✅ Found 1 verified locators
2026-01-19T04:28:56.8126965Z     ✅ State transitioned.
2026-01-19T04:28:56.8179331Z     🔄 Revisited state detected (count: 1)
2026-01-19T04:28:58.2867555Z [DEBUG] Sending request to gemini-2.0-flash. Number of parts: 2
2026-01-19T04:28:58.2868255Z [DEBUG] Received response (Length: 199)
2026-01-19T04:28:58.2869124Z     🤖 AI Next Step Suggestion: click -> Log In
2026-01-19T04:28:58.2869777Z     🧩 Suggested Locator: #login
2026-01-19T04:28:58.2871256Z     💭 Reasoning: The username and password fields have been filled. Clicking 'Log In' will submit the form and attempt to log in.
2026-01-19T04:28:58.2872454Z     ➕ Injected AI step: click -> Log In
2026-01-19T04:28:58.2873027Z   ▶️ [STEP step_5_ai_2] CLICK: Log In
2026-01-19T04:28:58.2925049Z     🎯 Using AI-provided locator: #login
2026-01-19T04:28:58.3370592Z     ✅ Found 1 verified locators
2026-01-19T04:29:02.3868930Z     ✅ State transitioned.
2026-01-19T04:29:02.3915496Z     🔄 Revisited state detected (count: 2)
2026-01-19T04:29:03.8698550Z [DEBUG] Sending request to gemini-2.0-flash. Number of parts: 2
2026-01-19T04:29:03.8699328Z [DEBUG] Received response (Length: 199)
2026-01-19T04:29:03.8700483Z     🤖 AI Next Step Suggestion: click -> Log In
2026-01-19T04:29:03.8701027Z     🧩 Suggested Locator: #login
2026-01-19T04:29:03.8701694Z     💭 Reasoning: The username and password fields have been filled. Clicking 'Log In' will submit the form and attempt to log in.
2026-01-19T04:29:03.8702453Z ⚠️ Loop detected: same AI suggestion repeated 2 times. Moving to next step.
2026-01-19T04:29:03.8702888Z   ▶️ [STEP step_6] FILL: Password
2026-01-19T04:29:03.8755741Z     🔍 Mining locators for: 'Password'
2026-01-19T04:29:03.9279419Z     ✅ Found 1 verified locators
2026-01-19T04:29:08.9461985Z     ✅ State transitioned.
2026-01-19T04:29:08.9513355Z     🔄 Revisited state detected (count: 3)
2026-01-19T04:29:08.9514505Z     ⚠️ Too many revisits (3). Stopping AI step injection to prevent loops.
2026-01-19T04:29:08.9515193Z   ▶️ [STEP step_7] CLICK: Log In
2026-01-19T04:29:08.9562281Z     🔍 Mining locators for: 'Log In'
2026-01-19T04:29:09.0103340Z     ✅ Found 3 verified locators
2026-01-19T04:29:12.5532280Z     ✅ State transitioned.
2026-01-19T04:29:12.5580502Z     🔄 Revisited state detected (count: 4)
2026-01-19T04:29:12.5581578Z     ⚠️ Too many revisits (4). Stopping AI step injection to prevent loops.
2026-01-19T04:29:12.5582445Z   ▶️ [STEP step_8] ASSERT_VISIBLE: Log Out
2026-01-19T04:29:12.5630428Z     🔍 Mining locators for: 'Log Out'
2026-01-19T04:29:12.5991411Z     🧠 Consulting AI (Vision-First) to find 'Log Out'...
2026-01-19T04:29:12.5992392Z     🔍 Trying smart selectors for 'Log Out'...
2026-01-19T04:29:12.6499517Z     ⚠️ Smart selectors failed (no unique match). Falling back to AI Vision...
2026-01-19T04:29:12.6501011Z     🧠 [EXPERT] Strategy: Act as Senior SDET focusing on exploring the application to understand functional flow and identifying critical paths for end-to-end automation.
2026-01-19T04:29:14.1360524Z [DEBUG] Sending request to gemini-2.0-flash. Number of parts: 2
2026-01-19T04:29:14.1361294Z [DEBUG] Received response (Length: 303)
2026-01-19T04:29:14.1362862Z     💡 Expert Suggestion: The 'Log Out' option is likely available after logging in, possibly under a user profile or settings menu accessible from the 'Home' page or a similar navigation link.
2026-01-19T04:29:14.1363854Z     🛠️ Executing corrective action: click -> 'Home'
2026-01-19T04:29:14.7876644Z     ✅ Executed corrective navigation
2026-01-19T04:29:16.7901091Z     🔄 Retry 1/3 mining locators for 'Log Out'...
2026-01-19T04:29:17.8462178Z     🧠 Consulting AI (Vision-First) to find 'Log Out'...
2026-01-19T04:29:17.8462966Z     🔍 Trying smart selectors for 'Log Out'...
2026-01-19T04:29:17.9063915Z     ⚠️ Smart selectors failed (no unique match). Falling back to AI Vision...
2026-01-19T04:29:17.9065647Z     🧠 [EXPERT] Strategy: Act as Senior SDET focusing on exploring the application to understand functional flow and identifying critical paths for end-to-end automation.
2026-01-19T04:29:19.7125124Z [DEBUG] Sending request to gemini-2.0-flash. Number of parts: 2
2026-01-19T04:29:19.7125756Z [DEBUG] Received response (Length: 306)
2026-01-19T04:29:19.7126646Z     ⚠️ Skipping duplicate injection: Home
2026-01-19T04:29:19.7127214Z     🔄 Retry 2/3 mining locators for 'Log Out'...
2026-01-19T04:29:20.7138637Z     🗑️ Invalidating stale AI cache (retry 2)...
2026-01-19T04:29:20.7140462Z     ⚠️ Cache invalidation warning: No module named 'core.agents.domain_expert'
2026-01-19T04:29:20.7682200Z     🧠 Consulting AI (Vision-First) to find 'Log Out'...
2026-01-19T04:29:20.7682884Z     🔍 Trying smart selectors for 'Log Out'...
2026-01-19T04:29:20.8180217Z     ⚠️ Smart selectors failed (no unique match). Falling back to AI Vision...
2026-01-19T04:29:20.8181693Z     🧠 [EXPERT] Strategy: Act as Senior SDET focusing on exploring the application to understand functional flow and identifying critical paths for end-to-end automation.
2026-01-19T04:29:20.8186290Z [CACHE HIT] 2dadea87... (hits: 2, misses: 27)
2026-01-19T04:29:20.8187004Z     ⚠️ Skipping duplicate injection: Home
2026-01-19T04:29:20.8187586Z     🧠 Verifying step validity for 'Log Out' after no candidates found...
2026-01-19T04:29:24.3006402Z [DEBUG] Sending request to gemini-2.0-flash. Number of parts: 2
2026-01-19T04:29:24.3007003Z [DEBUG] Received response (Length: 193)
2026-01-19T04:29:24.3008468Z     🗑️ Step deemed INVALID: "Log Out" is not present on the home page. It's likely a step from a different page or a page that requires authentication first.. Removing from workflow.
2026-01-19T04:29:24.3009619Z     ⏭️ Skipping execution of invalid step: Log Out
2026-01-19T04:29:26.3465482Z 
2026-01-19T04:29:26.3466127Z [3/5] Exploring Scenario: Verify Text Challenge
2026-01-19T04:29:26.3467390Z     🧠 Initialized exploration context for goal: 'Test UI interactions'
2026-01-19T04:29:26.3468107Z   ▶️ [STEP step_1] NAVIGATE: 
2026-01-19T04:29:27.2147890Z     ✅ Navigated to http://uitestingplayground.com/
2026-01-19T04:29:27.2148748Z   ▶️ [STEP step_2] ASSERT_URL: 
2026-01-19T04:29:32.2426586Z     ⚠️ Scroll into view failed for text=None. Proceeding anyway.
2026-01-19T04:29:34.2449152Z     ✅ State transitioned.
2026-01-19T04:29:34.3027432Z [CACHE HIT] f2e4673a... (hits: 3, misses: 28)
2026-01-19T04:29:34.3028532Z     🤖 AI Next Step Suggestion: click -> Class Attribute
2026-01-19T04:29:34.3029240Z     🧩 Suggested Locator: a[href='/classattr']
2026-01-19T04:29:34.3030339Z     💭 Reasoning: Navigating to the 'Class Attribute' page to explore UI interactions related to class attributes.
2026-01-19T04:29:34.3031627Z     ➕ Injected AI step: click -> Class Attribute
2026-01-19T04:29:34.3032245Z   ▶️ [STEP step_2_ai_1] CLICK: Class Attribute
2026-01-19T04:29:34.3081330Z     🎯 Using AI-provided locator: a[href='/classattr']
2026-01-19T04:29:34.3141367Z     ✅ Found 1 verified locators
2026-01-19T04:29:38.3713065Z     ✅ State transitioned.
2026-01-19T04:29:39.9519635Z [DEBUG] Sending request to gemini-2.0-flash. Number of parts: 2
2026-01-19T04:29:39.9520356Z [DEBUG] Received response (Length: 243)
2026-01-19T04:29:39.9521449Z     🤖 AI Next Step Suggestion: click -> Button
2026-01-19T04:29:39.9522171Z     🧩 Suggested Locator: button.btn.btn-primary
2026-01-19T04:29:39.9523648Z     💭 Reasoning: The scenario describes to record primary (blue) button click and press ok in alert popup. The blue button is the one with class btn-primary.
2026-01-19T04:29:39.9525020Z     ➕ Injected AI step: click -> Button
2026-01-19T04:29:39.9525599Z   ▶️ [STEP step_2_ai_2] CLICK: Button
2026-01-19T04:29:39.9674596Z     🎯 Using AI-provided locator: button.btn.btn-primary
2026-01-19T04:29:39.9732235Z     ✅ Found 1 verified locators
2026-01-19T04:29:44.0188502Z     ✅ State transitioned.
2026-01-19T04:29:45.6592840Z [DEBUG] Sending request to gemini-2.0-flash. Number of parts: 2
2026-01-19T04:29:45.6593717Z [DEBUG] Received response (Length: 244)
2026-01-19T04:29:45.6594836Z     🤖 AI Next Step Suggestion: click -> Button
2026-01-19T04:29:45.6595608Z     🧩 Suggested Locator: button.btn.btn-primary.btn-test
2026-01-19T04:29:45.6597178Z     💭 Reasoning: The scenario describes to record primary (blue) button click and press ok in alert popup. The blue button has the class btn-primary.
2026-01-19T04:29:45.6598719Z ⚠️ Loop detected: same AI suggestion repeated 2 times. Moving to next step.
2026-01-19T04:29:45.6599541Z   ▶️ [STEP step_3] CLICK: Verify Text
2026-01-19T04:29:45.6654126Z     🔍 Mining locators for: 'Verify Text'
2026-01-19T04:29:45.6981757Z     🧠 Consulting AI (Vision-First) to find 'Verify Text'...
2026-01-19T04:29:45.6982570Z     🔍 Trying smart selectors for 'Verify Text'...
2026-01-19T04:29:45.7471485Z     ⚠️ Smart selectors failed (no unique match). Falling back to AI Vision...
2026-01-19T04:29:45.7472801Z     🧠 [EXPERT] Strategy: Act as Senior SDET focusing on exploring the application to understand functional flow and identifying critical paths for end-to-end automation.
2026-01-19T04:29:50.2241266Z [DEBUG] Sending request to gemini-2.0-flash. Number of parts: 2
2026-01-19T04:29:50.2241784Z [DEBUG] Received response (Length: 71)
2026-01-19T04:29:50.2242461Z     🔄 Retry 1/3 mining locators for 'Verify Text'...
2026-01-19T04:29:51.2583156Z     🧠 Consulting AI (Vision-First) to find 'Verify Text'...
2026-01-19T04:29:51.2583907Z     🔍 Trying smart selectors for 'Verify Text'...
2026-01-19T04:29:51.3074128Z     ⚠️ Smart selectors failed (no unique match). Falling back to AI Vision...
2026-01-19T04:29:51.3076221Z     🧠 [EXPERT] Strategy: Act as Senior SDET focusing on exploring the application to understand functional flow and identifying critical paths for end-to-end automation.
2026-01-19T04:29:51.3080683Z [CACHE HIT] 909f44f2... (hits: 4, misses: 31)
2026-01-19T04:29:51.3081414Z     🔄 Retry 2/3 mining locators for 'Verify Text'...
2026-01-19T04:29:52.3094558Z     🗑️ Invalidating stale AI cache (retry 2)...
2026-01-19T04:29:52.3095940Z     ⚠️ Cache invalidation warning: No module named 'core.agents.domain_expert'
2026-01-19T04:29:52.3416730Z     🧠 Consulting AI (Vision-First) to find 'Verify Text'...
2026-01-19T04:29:52.3417462Z     🔍 Trying smart selectors for 'Verify Text'...
2026-01-19T04:29:52.3889602Z     ⚠️ Smart selectors failed (no unique match). Falling back to AI Vision...
2026-01-19T04:29:52.3891333Z     🧠 [EXPERT] Strategy: Act as Senior SDET focusing on exploring the application to understand functional flow and identifying critical paths for end-to-end automation.
2026-01-19T04:29:52.3894703Z [CACHE HIT] 909f44f2... (hits: 5, misses: 31)
2026-01-19T04:29:52.3895629Z     🧠 Verifying step validity for 'Verify Text' after no candidates found...
2026-01-19T04:29:55.2952240Z [DEBUG] Sending request to gemini-2.0-flash. Number of parts: 2
2026-01-19T04:29:55.2953012Z [DEBUG] Received response (Length: 158)
2026-01-19T04:29:55.2954283Z     🗑️ Step deemed INVALID: The text 'Verify Text' is not visible on the page. The buttons on the page are labeled 'Button'.. Removing from workflow.
2026-01-19T04:29:55.2955242Z     ⏭️ Skipping execution of invalid step: Verify Text
2026-01-19T04:29:55.2955688Z   ▶️ [STEP step_4] ASSERT_URL: 
2026-01-19T04:30:00.3097292Z     ⚠️ Scroll into view failed for text=None. Proceeding anyway.
2026-01-19T04:30:02.3121225Z     ✅ State transitioned.
2026-01-19T04:30:02.3176722Z     🔄 Revisited state detected (count: 1)
2026-01-19T04:30:04.1964213Z [DEBUG] Sending request to gemini-2.0-flash. Number of parts: 2
2026-01-19T04:30:04.1964762Z [DEBUG] Received response (Length: 246)
2026-01-19T04:30:04.1965442Z     🤖 AI Next Step Suggestion: click -> Button
2026-01-19T04:30:04.1965861Z     🧩 Suggested Locator: button.btn.btn-primary.btn-test
2026-01-19T04:30:04.1966672Z     💭 Reasoning: The scenario describes clicking the primary (blue) button. The button with the class 'btn btn-primary btn-test' is the primary button.
2026-01-19T04:30:04.1967359Z     ➕ Injected AI step: click -> Button
2026-01-19T04:30:04.1967686Z   ▶️ [STEP step_4_ai_1] CLICK: Button
2026-01-19T04:30:04.2022884Z     🎯 Using AI-provided locator: button.btn.btn-primary.btn-test
2026-01-19T04:30:04.2080553Z     ✅ Found 1 verified locators
2026-01-19T04:30:08.2524748Z     ✅ State transitioned.
2026-01-19T04:30:08.2574256Z     🔄 Revisited state detected (count: 2)
2026-01-19T04:30:09.9073066Z [DEBUG] Sending request to gemini-2.0-flash. Number of parts: 2
2026-01-19T04:30:09.9073848Z [DEBUG] Received response (Length: 247)
2026-01-19T04:30:09.9074656Z     🤖 AI Next Step Suggestion: click -> Button
2026-01-19T04:30:09.9075322Z     🧩 Suggested Locator: button.btn.btn-primary
2026-01-19T04:30:09.9076764Z     💭 Reasoning: The scenario describes to click the primary (blue) button and press ok in alert popup. The blue button has the class 'btn btn-primary btn-test'.
2026-01-19T04:30:09.9078255Z ⚠️ Loop detected: same AI suggestion repeated 2 times. Moving to next step.
2026-01-19T04:30:09.9079069Z   ▶️ [STEP step_5] ASSERT_TEXT: Welcome UserName!
2026-01-19T04:30:09.9130578Z     🔍 Mining locators for: 'Welcome UserName!'
2026-01-19T04:30:09.9475364Z     🧠 Consulting AI (Vision-First) to find 'Welcome UserName!'...
2026-01-19T04:30:09.9476267Z     🔍 Trying smart selectors for 'Welcome UserName!'...
2026-01-19T04:30:09.9962298Z     ⚠️ Smart selectors failed (no unique match). Falling back to AI Vision...
2026-01-19T04:30:09.9963490Z     🧠 [EXPERT] Strategy: Act as Senior SDET focusing on exploring the application to understand functional flow and identifying critical paths for end-to-end automation.
2026-01-19T04:30:14.8296594Z [DEBUG] Sending request to gemini-2.0-flash. Number of parts: 2
2026-01-19T04:30:14.8297417Z [DEBUG] Received response (Length: 277)
2026-01-19T04:30:14.8299403Z     💡 Expert Suggestion: The 'Welcome UserName!' message is likely to be found on the homepage or a user profile page, which might be accessible from the 'Home' link.
2026-01-19T04:30:14.8300550Z     🛠️ Executing corrective action: click -> 'Home'
2026-01-19T04:30:15.4644117Z     ✅ Executed corrective navigation
2026-01-19T04:30:17.4668327Z     🔄 Retry 1/3 mining locators for 'Welcome UserName!'...
2026-01-19T04:30:18.5194023Z     🧠 Consulting AI (Vision-First) to find 'Welcome UserName!'...
2026-01-19T04:30:18.5194931Z     🔍 Trying smart selectors for 'Welcome UserName!'...
2026-01-19T04:30:18.5808095Z     ⚠️ Smart selectors failed (no unique match). Falling back to AI Vision...
2026-01-19T04:30:18.5809888Z     🧠 [EXPERT] Strategy: Act as Senior SDET focusing on exploring the application to understand functional flow and identifying critical paths for end-to-end automation.
2026-01-19T04:30:19.9854120Z [DEBUG] Sending request to gemini-2.0-flash. Number of parts: 2
2026-01-19T04:30:19.9854768Z [DEBUG] Received response (Length: 277)
2026-01-19T04:30:19.9855420Z     ⚠️ Skipping duplicate injection: Home
2026-01-19T04:30:19.9855885Z     🔄 Retry 2/3 mining locators for 'Welcome UserName!'...
2026-01-19T04:30:20.9867419Z     🗑️ Invalidating stale AI cache (retry 2)...
2026-01-19T04:30:20.9868463Z     ⚠️ Cache invalidation warning: No module named 'core.agents.domain_expert'
2026-01-19T04:30:21.0343519Z     🧠 Consulting AI (Vision-First) to find 'Welcome UserName!'...
2026-01-19T04:30:21.0344050Z     🔍 Trying smart selectors for 'Welcome UserName!'...
2026-01-19T04:30:21.1260472Z     ⚠️ Smart selectors failed (no unique match). Falling back to AI Vision...
2026-01-19T04:30:21.1262366Z     🧠 [EXPERT] Strategy: Act as Senior SDET focusing on exploring the application to understand functional flow and identifying critical paths for end-to-end automation.
2026-01-19T04:30:21.1266307Z [CACHE HIT] 8db928e4... (hits: 6, misses: 36)
2026-01-19T04:30:21.1267000Z     ⚠️ Skipping duplicate injection: Home
2026-01-19T04:30:21.1268122Z     🧠 Verifying step validity for 'Welcome UserName!' after no candidates found...
2026-01-19T04:30:24.9285762Z [DEBUG] Sending request to gemini-2.0-flash. Number of parts: 2
2026-01-19T04:30:24.9286649Z [DEBUG] Received response (Length: 191)
2026-01-19T04:30:24.9288280Z     🗑️ Step deemed INVALID: The text 'Welcome UserName!' is not visible on the home page. It's likely on a different page after a login or some other action.. Removing from workflow.
2026-01-19T04:30:24.9289650Z     ⏭️ Skipping execution of invalid step: Welcome UserName!
2026-01-19T04:30:26.9622684Z 
2026-01-19T04:30:26.9623249Z [4/5] Exploring Scenario: Text Input Challenge
2026-01-19T04:30:26.9624678Z     🧠 Initialized exploration context for goal: 'Test UI interactions'
2026-01-19T04:30:26.9625466Z   ▶️ [STEP step_1] NAVIGATE: 
2026-01-19T04:30:27.8283920Z     ✅ Navigated to http://uitestingplayground.com/
2026-01-19T04:30:27.8284772Z   ▶️ [STEP step_2] ASSERT_URL: 
2026-01-19T04:30:32.8547487Z     ⚠️ Scroll into view failed for text=None. Proceeding anyway.
2026-01-19T04:30:34.8570072Z     ✅ State transitioned.
2026-01-19T04:30:34.9182991Z [CACHE HIT] f2e4673a... (hits: 7, misses: 37)
2026-01-19T04:30:34.9183852Z     🤖 AI Next Step Suggestion: click -> Class Attribute
2026-01-19T04:30:34.9184609Z     🧩 Suggested Locator: a[href='/classattr']
2026-01-19T04:30:34.9185293Z     💭 Reasoning: Navigating to the 'Class Attribute' page to explore UI interactions related to class attributes.
2026-01-19T04:30:34.9185930Z     ➕ Injected AI step: click -> Class Attribute
2026-01-19T04:30:34.9186499Z   ▶️ [STEP step_2_ai_1] CLICK: Class Attribute
2026-01-19T04:30:34.9233267Z     🎯 Using AI-provided locator: a[href='/classattr']
2026-01-19T04:30:34.9292979Z     ✅ Found 1 verified locators
2026-01-19T04:30:38.9856581Z     ✅ State transitioned.
2026-01-19T04:30:39.0312659Z [CACHE HIT] b1da7ae1... (hits: 8, misses: 37)
2026-01-19T04:30:39.0313433Z     🤖 AI Next Step Suggestion: click -> Button
2026-01-19T04:30:39.0313814Z     🧩 Suggested Locator: button.btn.btn-primary
2026-01-19T04:30:39.0315858Z     💭 Reasoning: The scenario describes to 'Record primary (blue) button click and press ok in alert popup.' The blue button is the one with class 'btn btn-primary'.
2026-01-19T04:30:39.0316595Z     ➕ Injected AI step: click -> Button
2026-01-19T04:30:39.0316949Z   ▶️ [STEP step_2_ai_2] CLICK: Button
2026-01-19T04:30:39.0452525Z     🎯 Using AI-provided locator: button.btn.btn-primary
2026-01-19T04:30:39.0513628Z     ✅ Found 1 verified locators
2026-01-19T04:30:43.1018864Z     ✅ State transitioned.
2026-01-19T04:30:43.1392568Z [CACHE HIT] 9afe18c6... (hits: 9, misses: 37)
2026-01-19T04:30:43.1393337Z     🤖 AI Next Step Suggestion: click -> Button
2026-01-19T04:30:43.1393846Z     🧩 Suggested Locator: button.btn.btn-primary.btn-test
2026-01-19T04:30:43.1394701Z     💭 Reasoning: The scenario describes to record primary (blue) button click and press ok in alert popup. The blue button has the class 'btn btn-primary btn-test'.
2026-01-19T04:30:43.1395545Z ⚠️ Loop detected: same AI suggestion repeated 2 times. Moving to next step.
2026-01-19T04:30:43.1395964Z   ▶️ [STEP step_3] CLICK: Text Input
2026-01-19T04:30:43.1442683Z     🔍 Mining locators for: 'Text Input'
2026-01-19T04:30:43.1786665Z     🧠 Consulting AI (Vision-First) to find 'Text Input'...
2026-01-19T04:30:43.1787162Z     🔍 Trying smart selectors for 'Text Input'...
2026-01-19T04:30:43.2273695Z     ⚠️ Smart selectors failed (no unique match). Falling back to AI Vision...
2026-01-19T04:30:43.2275073Z     🧠 [EXPERT] Strategy: Act as Senior SDET focusing on exploring the application to understand functional flow and identifying critical paths for end-to-end automation.
2026-01-19T04:30:44.7407873Z [DEBUG] Sending request to gemini-2.0-flash. Number of parts: 2
2026-01-19T04:30:44.7408713Z [DEBUG] Received response (Length: 231)
2026-01-19T04:30:44.7410334Z     💡 Expert Suggestion: Navigating to the Home page might reveal a text input field or a link to a page containing one.
2026-01-19T04:30:44.7412010Z     🛠️ Executing corrective action: click -> 'Home'
2026-01-19T04:30:45.3736202Z     ✅ Executed corrective navigation
2026-01-19T04:30:47.3761273Z     🔄 Retry 1/3 mining locators for 'Text Input'...
2026-01-19T04:30:48.4558764Z     ✅ Found 2 verified locators
2026-01-19T04:30:52.0348472Z     ✅ State transitioned.
2026-01-19T04:30:53.8561507Z [DEBUG] Sending request to gemini-2.0-flash. Number of parts: 2
2026-01-19T04:30:53.8562394Z [DEBUG] Received response (Length: 269)
2026-01-19T04:30:53.8563318Z     🤖 AI Next Step Suggestion: fill -> input field
2026-01-19T04:30:53.8564112Z     🧩 Suggested Locator: #newButtonName
2026-01-19T04:30:53.8565253Z     💭 Reasoning: The scenario describes setting text into the input field. The input field is currently populated with 'MyButton'. I will change it to 'NewButton'.
2026-01-19T04:30:53.8566306Z     ➕ Injected AI step: fill -> input field
2026-01-19T04:30:53.8566758Z   ▶️ [STEP step_3_ai_1] FILL: input field
2026-01-19T04:30:53.8705245Z     🎯 Using AI-provided locator: #newButtonName
2026-01-19T04:30:53.8761758Z     ✅ Found 1 verified locators
2026-01-19T04:30:59.8257451Z     ✅ State transitioned.
2026-01-19T04:31:01.8681750Z [DEBUG] Sending request to gemini-2.0-flash. Number of parts: 2
2026-01-19T04:31:01.8682428Z [DEBUG] Received response (Length: 422)
2026-01-19T04:31:01.8683928Z     🤖 AI Next Step Suggestion: click -> Button That Should Change it's Name Based on Input Value
2026-01-19T04:31:01.8684915Z     🧩 Suggested Locator: #updatingButton
2026-01-19T04:31:01.8687382Z     💭 Reasoning: The scenario description mentions pressing the button after setting the text in the input field. The goal is to test UI interactions, and clicking the button after filling the input field is the next logical step to see if the button name changes as expected.
2026-01-19T04:31:01.8690004Z     ➕ Injected AI step: click -> Button That Should Change it's Name Based on Input Value
2026-01-19T04:31:01.8691255Z   ▶️ [STEP step_3_ai_2] CLICK: Button That Should Change it's Name Based on Input Value
2026-01-19T04:31:01.8740734Z     🎯 Using AI-provided locator: #updatingButton
2026-01-19T04:31:01.8797744Z     ✅ Found 1 verified locators
2026-01-19T04:31:05.9359223Z     ✅ State transitioned.
2026-01-19T04:31:07.8252866Z [DEBUG] Sending request to gemini-2.0-flash. Number of parts: 2
2026-01-19T04:31:07.8253636Z [DEBUG] Received response (Length: 296)
2026-01-19T04:31:07.8254451Z     🤖 AI Next Step Suggestion: fill -> input field
2026-01-19T04:31:07.8255113Z     🧩 Suggested Locator: #newButtonName
2026-01-19T04:31:07.8256775Z     💭 Reasoning: The goal is to test UI interactions, specifically changing the button name. The last action was clicking the button, so now we should fill the input field with a new name.
2026-01-19T04:31:07.8258254Z     ➕ Injected AI step: fill -> input field
2026-01-19T04:31:07.8258833Z   ▶️ [STEP step_3_ai_3] FILL: input field
2026-01-19T04:31:07.8309643Z     🎯 Using AI-provided locator: #newButtonName
2026-01-19T04:31:07.8362487Z     ✅ Found 1 verified locators
2026-01-19T04:31:13.7342743Z     ✅ State transitioned.
2026-01-19T04:31:15.6201042Z [DEBUG] Sending request to gemini-2.0-flash. Number of parts: 2
2026-01-19T04:31:15.6201812Z [DEBUG] Received response (Length: 380)
2026-01-19T04:31:15.6202989Z     🤖 AI Next Step Suggestion: click -> Button That Should Change it's Name Based on Input Value
2026-01-19T04:31:15.6204175Z     🧩 Suggested Locator: #updatingButton
2026-01-19T04:31:15.6206757Z     💭 Reasoning: The scenario describes recording text into the input field and pressing the button. The goal is to make sure that the button name is changing. We have filled the input field and now need to click the button to see if the name changes.
2026-01-19T04:31:15.6209441Z     ➕ Injected AI step: click -> Button That Should Change it's Name Based on Input Value
2026-01-19T04:31:15.6210798Z   ▶️ [STEP step_3_ai_4] CLICK: Button That Should Change it's Name Based on Input Value
2026-01-19T04:31:15.6262509Z     🎯 Using AI-provided locator: #updatingButton
2026-01-19T04:31:15.6317760Z     ✅ Found 1 verified locators
2026-01-19T04:31:19.6858568Z     ✅ State transitioned.
2026-01-19T04:31:21.4953594Z [DEBUG] Sending request to gemini-2.0-flash. Number of parts: 2
2026-01-19T04:31:21.4954493Z [DEBUG] Received response (Length: 302)
2026-01-19T04:31:21.4955672Z     🤖 AI Next Step Suggestion: fill -> input field
2026-01-19T04:31:21.4956622Z     🧩 Suggested Locator: #newButtonName
2026-01-19T04:31:21.4959371Z     💭 Reasoning: The goal is to test UI interactions, specifically changing the button name. The last action was clicking the button, so now we should fill the input field with a new value.
2026-01-19T04:31:21.4961832Z     ➕ Injected AI step: fill -> input field
2026-01-19T04:31:21.4962715Z   ▶️ [STEP step_3_ai_5] FILL: input field
2026-01-19T04:31:21.5014877Z     🎯 Using AI-provided locator: #newButtonName
2026-01-19T04:31:21.5068548Z     ✅ Found 1 verified locators
2026-01-19T04:31:27.5156121Z     ✅ State transitioned.
2026-01-19T04:31:29.2665667Z [DEBUG] Sending request to gemini-2.0-flash. Number of parts: 2
2026-01-19T04:31:29.2666302Z [DEBUG] Received response (Length: 380)
2026-01-19T04:31:29.2667128Z     🤖 AI Next Step Suggestion: click -> Button That Should Change it's Name Based on Input Value
2026-01-19T04:31:29.2667967Z     🧩 Suggested Locator: #updatingButton
2026-01-19T04:31:29.2669073Z     💭 Reasoning: The goal is to test UI interactions, specifically changing the button name. The last few actions involved filling the input field and clicking the button. Clicking the button again will further test the functionality.
2026-01-19T04:31:29.2670285Z     ➕ Injected AI step: click -> Button That Should Change it's Name Based on Input Value
2026-01-19T04:31:29.2671119Z   ▶️ [STEP step_3_ai_6] CLICK: Button That Should Change it's Name Based on Input Value
2026-01-19T04:31:29.2722466Z     🎯 Using AI-provided locator: #updatingButton
2026-01-19T04:31:29.2776117Z     ✅ Found 1 verified locators
2026-01-19T04:31:33.3337217Z     ✅ State transitioned.
2026-01-19T04:31:35.1288437Z [DEBUG] Sending request to gemini-2.0-flash. Number of parts: 2
2026-01-19T04:31:35.1289499Z [DEBUG] Received response (Length: 397)
2026-01-19T04:31:35.1290438Z     🤖 AI Next Step Suggestion: fill -> input field
2026-01-19T04:31:35.1291607Z     🧩 Suggested Locator: #newButtonName
2026-01-19T04:31:35.1295202Z     💭 Reasoning: The scenario is to set text into the input field and pressing the button. The last actions were clicking the button and filling the input field, but it seems like the value was not correct. I will try to fill the input field with the correct value and click the button again.
2026-01-19T04:31:35.1298048Z     ➕ Injected AI step: fill -> input field
2026-01-19T04:31:35.1298811Z   ▶️ [STEP step_3_ai_7] FILL: input field
2026-01-19T04:31:35.1349531Z     🎯 Using AI-provided locator: #newButtonName
2026-01-19T04:31:35.1408987Z     ✅ Found 1 verified locators
2026-01-19T04:31:41.2379035Z     ✅ State transitioned.
2026-01-19T04:31:43.1272391Z [DEBUG] Sending request to gemini-2.0-flash. Number of parts: 2
2026-01-19T04:31:43.1273156Z [DEBUG] Received response (Length: 341)
2026-01-19T04:31:43.1274174Z     🤖 AI Next Step Suggestion: click -> Button That Should Change it's Name Based on Input Value
2026-01-19T04:31:43.1274959Z     🧩 Suggested Locator: #updatingButton
2026-01-19T04:31:43.1276482Z     💭 Reasoning: The goal is to test UI interactions, specifically changing the button name. The last action was filling the input field, so now we need to click the button to see if the name changes as expected.
2026-01-19T04:31:43.1277997Z     ➕ Injected AI step: click -> Button That Should Change it's Name Based on Input Value
2026-01-19T04:31:43.1279015Z   ▶️ [STEP step_3_ai_8] CLICK: Button That Should Change it's Name Based on Input Value
2026-01-19T04:31:43.1327197Z     🎯 Using AI-provided locator: #updatingButton
2026-01-19T04:31:43.1378524Z     ✅ Found 1 verified locators
2026-01-19T04:31:47.1809456Z     ✅ State transitioned.
2026-01-19T04:31:48.8980394Z [DEBUG] Sending request to gemini-2.0-flash. Number of parts: 2
2026-01-19T04:31:48.8981318Z [DEBUG] Received response (Length: 293)
2026-01-19T04:31:48.8982067Z     🤖 AI Next Step Suggestion: fill -> input field
2026-01-19T04:31:48.8982495Z     🧩 Suggested Locator: #newButtonName
2026-01-19T04:31:48.8983594Z     💭 Reasoning: The scenario is to record setting text into the input field and pressing the button. The last action was clicking the button, so now we need to fill the input field again.
2026-01-19T04:31:48.8984551Z     ➕ Injected AI step: fill -> input field
2026-01-19T04:31:48.8985189Z   ▶️ [STEP step_3_ai_9] FILL: input field
2026-01-19T04:31:48.9034332Z     🎯 Using AI-provided locator: #newButtonName
2026-01-19T04:31:48.9088869Z     ✅ Found 1 verified locators
2026-01-19T04:31:54.7022150Z     ✅ State transitioned.
2026-01-19T04:31:56.4236262Z [DEBUG] Sending request to gemini-2.0-flash. Number of parts: 2
2026-01-19T04:31:56.4237167Z [DEBUG] Received response (Length: 341)
2026-01-19T04:31:56.4238560Z     🤖 AI Next Step Suggestion: click -> Button That Should Change it's Name Based on Input Value
2026-01-19T04:31:56.4239942Z     🧩 Suggested Locator: #updatingButton
2026-01-19T04:31:56.4242871Z     💭 Reasoning: The goal is to test UI interactions, specifically changing the button name. The last action was filling the input field, so now we need to click the button to see if the name changes as expected.
2026-01-19T04:31:56.4246014Z     ➕ Injected AI step: click -> Button That Should Change it's Name Based on Input Value
2026-01-19T04:31:56.4249215Z   ▶️ [STEP step_3_ai_10] CLICK: Button That Should Change it's Name Based on Input Value
2026-01-19T04:31:56.4299698Z     🎯 Using AI-provided locator: #updatingButton
2026-01-19T04:31:56.4352741Z     ✅ Found 1 verified locators
2026-01-19T04:32:00.4811140Z     ✅ State transitioned.
2026-01-19T04:32:03.2489363Z [DEBUG] Sending request to gemini-2.0-flash. Number of parts: 2
2026-01-19T04:32:03.2490139Z [DEBUG] Received response (Length: 356)
2026-01-19T04:32:03.2491264Z     🤖 AI Next Step Suggestion: fill -> input field
2026-01-19T04:32:03.2491979Z     🧩 Suggested Locator: #newButtonName
2026-01-19T04:32:03.2494104Z     💭 Reasoning: The scenario is to record setting text into the input field and pressing the button. The input field is currently empty, so filling it with a value is the next logical step. The current value is 'MyButton' so I will fill it with that.
2026-01-19T04:32:03.2495645Z     ➕ Injected AI step: fill -> input field
2026-01-19T04:32:03.2496099Z   ▶️ [STEP step_3_ai_11] FILL: input field
2026-01-19T04:32:03.2549810Z     🎯 Using AI-provided locator: #newButtonName
2026-01-19T04:32:03.2604600Z     ✅ Found 1 verified locators
2026-01-19T04:32:09.2484729Z     ✅ State transitioned.
2026-01-19T04:32:10.8748636Z [DEBUG] Sending request to gemini-2.0-flash. Number of parts: 2
2026-01-19T04:32:10.8749151Z [DEBUG] Received response (Length: 362)
2026-01-19T04:32:10.8749875Z     🤖 AI Next Step Suggestion: click -> New Name
2026-01-19T04:32:10.8750239Z     🧩 Suggested Locator: #updatingButton
2026-01-19T04:32:10.8751588Z     💭 Reasoning: The goal is to test UI interactions, specifically changing the button name. The last few actions involved filling the input field and clicking the button. To continue testing, I should click the button again to see if the name changes as expected.
2026-01-19T04:32:10.8752706Z     ➕ Injected AI step: click -> New Name
2026-01-19T04:32:10.8753021Z   ▶️ [STEP step_3_ai_12] CLICK: New Name
2026-01-19T04:32:10.8802543Z     🎯 Using AI-provided locator: #updatingButton
2026-01-19T04:32:10.8855571Z     ✅ Found 1 verified locators
2026-01-19T04:32:14.9303855Z     ✅ State transitioned.
2026-01-19T04:32:14.9355848Z     🔄 Revisited state detected (count: 1)
2026-01-19T04:32:16.6717114Z [DEBUG] Sending request to gemini-2.0-flash. Number of parts: 2
2026-01-19T04:32:16.6717828Z [DEBUG] Received response (Length: 347)
2026-01-19T04:32:16.6718945Z     🤖 AI Next Step Suggestion: click -> Button That Should Change it's Name Based on Input Value
2026-01-19T04:32:16.6719851Z     🧩 Suggested Locator: #updatingButton
2026-01-19T04:32:16.6721872Z     💭 Reasoning: The goal is to test UI interactions, specifically changing the button name. The last action was clicking the button with the new name. Now, click the button again to see if it reverts or changes again.
2026-01-19T04:32:16.6723842Z     ➕ Injected AI step: click -> Button That Should Change it's Name Based on Input Value
2026-01-19T04:32:16.6724914Z   ▶️ [STEP step_3_ai_13] CLICK: Button That Should Change it's Name Based on Input Value
2026-01-19T04:32:16.6774269Z     🎯 Using AI-provided locator: #updatingButton
2026-01-19T04:32:16.6827033Z     ✅ Found 1 verified locators
2026-01-19T04:32:20.7291331Z     ✅ State transitioned.
2026-01-19T04:32:20.7340463Z     🔄 Revisited state detected (count: 2)
2026-01-19T04:32:22.3317957Z [DEBUG] Sending request to gemini-2.0-flash. Number of parts: 2
2026-01-19T04:32:22.3318792Z [DEBUG] Received response (Length: 398)
2026-01-19T04:32:22.3319847Z     🤖 AI Next Step Suggestion: click -> Button That Should Change it's Name Based on Input Value
2026-01-19T04:32:22.3320647Z     🧩 Suggested Locator: #updatingButton
2026-01-19T04:32:22.3322772Z     💭 Reasoning: The goal is to test UI interactions, specifically changing the button name. The last few actions involved filling the input field and clicking the button. Clicking the button again will update its name based on the input field's value.
2026-01-19T04:32:22.3324621Z ⚠️ Loop detected: same AI suggestion repeated 2 times. Moving to next step.
2026-01-19T04:32:22.3325213Z   ▶️ [STEP step_4] ASSERT_URL: 
2026-01-19T04:32:27.3467304Z     ⚠️ Scroll into view failed for text=None. Proceeding anyway.
2026-01-19T04:32:29.3490390Z     ✅ State transitioned.
2026-01-19T04:32:29.3552007Z     🔄 Revisited state detected (count: 3)
2026-01-19T04:32:29.3552905Z     ⚠️ Too many revisits (3). Stopping AI step injection to prevent loops.
2026-01-19T04:32:29.3553708Z   ▶️ [STEP step_5] FILL: myTextInput
2026-01-19T04:32:29.3601880Z     🔍 Mining locators for: 'myTextInput'
2026-01-19T04:32:29.3929390Z     🧠 Consulting AI (Vision-First) to find 'myTextInput'...
2026-01-19T04:32:29.3930236Z     🔍 Trying smart selectors for 'myTextInput'...
2026-01-19T04:32:29.4317092Z     ⚠️ Smart selectors failed (no unique match). Falling back to AI Vision...
2026-01-19T04:32:29.4318816Z     🧠 [EXPERT] Strategy: Act as Senior SDET focusing on exploring the application to understand functional flow and identifying critical paths for end-to-end automation.
2026-01-19T04:32:31.9146883Z [DEBUG] Sending request to gemini-2.0-flash. Number of parts: 2
2026-01-19T04:32:31.9147545Z [DEBUG] Received response (Length: 399)
2026-01-19T04:32:31.9148171Z     🔄 Retry 1/3 mining locators for 'myTextInput'...
2026-01-19T04:32:32.9598440Z     🧠 Consulting AI (Vision-First) to find 'myTextInput'...
2026-01-19T04:32:32.9599146Z     🔍 Trying smart selectors for 'myTextInput'...
2026-01-19T04:32:32.9962445Z     ⚠️ Smart selectors failed (no unique match). Falling back to AI Vision...
2026-01-19T04:32:32.9964312Z     🧠 [EXPERT] Strategy: Act as Senior SDET focusing on exploring the application to understand functional flow and identifying critical paths for end-to-end automation.
2026-01-19T04:32:32.9967399Z [CACHE HIT] 48324b63... (hits: 10, misses: 53)
2026-01-19T04:32:32.9968102Z     🔄 Retry 2/3 mining locators for 'myTextInput'...
2026-01-19T04:32:33.9981609Z     🗑️ Invalidating stale AI cache (retry 2)...
2026-01-19T04:32:33.9983293Z     ⚠️ Cache invalidation warning: No module named 'core.agents.domain_expert'
2026-01-19T04:32:34.0426730Z     🧠 Consulting AI (Vision-First) to find 'myTextInput'...
2026-01-19T04:32:34.0427565Z     🔍 Trying smart selectors for 'myTextInput'...
2026-01-19T04:32:34.0797757Z     ⚠️ Smart selectors failed (no unique match). Falling back to AI Vision...
2026-01-19T04:32:34.0799450Z     🧠 [EXPERT] Strategy: Act as Senior SDET focusing on exploring the application to understand functional flow and identifying critical paths for end-to-end automation.
2026-01-19T04:32:34.0805452Z [CACHE HIT] 48324b63... (hits: 11, misses: 53)
2026-01-19T04:32:34.0806202Z     🧠 Verifying step validity for 'myTextInput' after mining failure...
2026-01-19T04:32:35.7963423Z [DEBUG] Sending request to gemini-2.0-flash. Number of parts: 2
2026-01-19T04:32:35.7963972Z [DEBUG] Received response (Length: 214)
2026-01-19T04:32:35.7964728Z     🛠️ Self-Correction: Step is valid. Using new locator: #newButtonName
2026-01-19T04:32:41.6576143Z     ✅ State transitioned.
2026-01-19T04:32:43.2097359Z [DEBUG] Sending request to gemini-2.0-flash. Number of parts: 2
2026-01-19T04:32:43.2098233Z [DEBUG] Received response (Length: 287)
2026-01-19T04:32:43.2099291Z     🤖 AI Next Step Suggestion: fill -> input field
2026-01-19T04:32:43.2100220Z     🧩 Suggested Locator: #newButtonName
2026-01-19T04:32:43.2102741Z     💭 Reasoning: The scenario is to record setting text into the input field and pressing the button. The last action was to click the button, so now we need to fill the input field.
2026-01-19T04:32:43.2104877Z     ➕ Injected AI step: fill -> input field
2026-01-19T04:32:43.2105733Z   ▶️ [STEP step_5_ai_1] FILL: input field
2026-01-19T04:32:43.2156791Z     🎯 Using AI-provided locator: #newButtonName
2026-01-19T04:32:43.2211715Z     ✅ Found 1 verified locators
2026-01-19T04:32:49.2128866Z     ✅ State transitioned.
2026-01-19T04:32:49.2180807Z     🔄 Revisited state detected (count: 1)
2026-01-19T04:32:51.1438958Z [DEBUG] Sending request to gemini-2.0-flash. Number of parts: 2
2026-01-19T04:32:51.1439667Z [DEBUG] Received response (Length: 373)
2026-01-19T04:32:51.1440783Z     🤖 AI Next Step Suggestion: click -> Button That Should Change it's Name Based on Input Value
2026-01-19T04:32:51.1441753Z     🧩 Suggested Locator: #updatingButton
2026-01-19T04:32:51.1443386Z     💭 Reasoning: The goal is to test UI interactions, specifically changing the button name. The last few actions involved filling the input field and clicking the button. Clicking the button again will update its name based on the input value.
2026-01-19T04:32:51.1445060Z     ➕ Injected AI step: click -> Button That Should Change it's Name Based on Input Value
2026-01-19T04:32:51.1445792Z   ▶️ [STEP step_5_ai_2] CLICK: Button That Should Change it's Name Based on Input Value
2026-01-19T04:32:51.1496969Z     🎯 Using AI-provided locator: #updatingButton
2026-01-19T04:32:51.1547565Z     ✅ Found 1 verified locators
2026-01-19T04:32:55.1942883Z     ✅ State transitioned.
2026-01-19T04:32:55.1992822Z     🔄 Revisited state detected (count: 2)
2026-01-19T04:32:56.9851802Z [DEBUG] Sending request to gemini-2.0-flash. Number of parts: 2
2026-01-19T04:32:56.9852361Z [DEBUG] Received response (Length: 298)
2026-01-19T04:32:56.9853152Z     🤖 AI Next Step Suggestion: fill -> input field
2026-01-19T04:32:56.9853580Z     🧩 Suggested Locator: #newButtonName
2026-01-19T04:32:56.9854673Z     💭 Reasoning: The scenario is to record setting text into the input field and pressing the button. The input field is currently empty, so filling it with 'MyButton' is the next logical step.
2026-01-19T04:32:56.9855614Z     ➕ Injected AI step: fill -> input field
2026-01-19T04:32:56.9855955Z   ▶️ [STEP step_5_ai_3] FILL: input field
2026-01-19T04:32:56.9911839Z     🎯 Using AI-provided locator: #newButtonName
2026-01-19T04:32:56.9962169Z     ✅ Found 1 verified locators
2026-01-19T04:33:03.0466098Z     ✅ State transitioned.
2026-01-19T04:33:03.0520310Z     🔄 Revisited state detected (count: 3)
2026-01-19T04:33:03.0521388Z     ⚠️ Too many revisits (3). Stopping AI step injection to prevent loops.
2026-01-19T04:33:03.0522116Z   ▶️ [STEP step_6] CLICK: updatingButton
2026-01-19T04:33:03.0572340Z     🔍 Mining locators for: 'updatingButton'
2026-01-19T04:33:03.0922192Z     🧠 Consulting AI (Vision-First) to find 'updatingButton'...
2026-01-19T04:33:03.0923322Z     🔍 Trying smart selectors for 'updatingButton'...
2026-01-19T04:33:03.1295204Z     ⚠️ Smart selectors failed (no unique match). Falling back to AI Vision...
2026-01-19T04:33:03.1298074Z     🧠 [EXPERT] Strategy: Act as Senior SDET focusing on exploring the application to understand functional flow and identifying critical paths for end-to-end automation.
2026-01-19T04:33:04.6404291Z [DEBUG] Sending request to gemini-2.0-flash. Number of parts: 2
2026-01-19T04:33:04.6405529Z [DEBUG] Received response (Length: 71)
2026-01-19T04:33:04.6415838Z     🔄 Retry 1/3 mining locators for 'updatingButton'...
2026-01-19T04:33:05.6743419Z     🧠 Consulting AI (Vision-First) to find 'updatingButton'...
2026-01-19T04:33:05.6744626Z     🔍 Trying smart selectors for 'updatingButton'...
2026-01-19T04:33:05.7101945Z     ⚠️ Smart selectors failed (no unique match). Falling back to AI Vision...
2026-01-19T04:33:05.7103685Z     🧠 [EXPERT] Strategy: Act as Senior SDET focusing on exploring the application to understand functional flow and identifying critical paths for end-to-end automation.
2026-01-19T04:33:05.7108193Z [CACHE HIT] d4451024... (hits: 12, misses: 58)
2026-01-19T04:33:05.7108923Z     🔄 Retry 2/3 mining locators for 'updatingButton'...
2026-01-19T04:33:06.7122035Z     🗑️ Invalidating stale AI cache (retry 2)...
2026-01-19T04:33:06.7123436Z     ⚠️ Cache invalidation warning: No module named 'core.agents.domain_expert'
2026-01-19T04:33:06.7578120Z     🧠 Consulting AI (Vision-First) to find 'updatingButton'...
2026-01-19T04:33:06.7578801Z     🔍 Trying smart selectors for 'updatingButton'...
2026-01-19T04:33:06.7945600Z     ⚠️ Smart selectors failed (no unique match). Falling back to AI Vision...
2026-01-19T04:33:06.7947623Z     🧠 [EXPERT] Strategy: Act as Senior SDET focusing on exploring the application to understand functional flow and identifying critical paths for end-to-end automation.
2026-01-19T04:33:06.7950636Z [CACHE HIT] d4451024... (hits: 13, misses: 58)
2026-01-19T04:33:06.7951733Z     🧠 Verifying step validity for 'updatingButton' after no candidates found...
2026-01-19T04:33:09.3605077Z [DEBUG] Sending request to gemini-2.0-flash. Number of parts: 2
2026-01-19T04:33:09.3605846Z [DEBUG] Received response (Length: 166)
2026-01-19T04:33:09.3606936Z     🛠️ Self-Correction: Step is valid. Using new locator: #updatingButton
2026-01-19T04:33:13.4096601Z     ✅ State transitioned.
2026-01-19T04:33:13.4144844Z     🔄 Revisited state detected (count: 4)
2026-01-19T04:33:13.4145918Z     ⚠️ Too many revisits (4). Stopping AI step injection to prevent loops.
2026-01-19T04:33:13.4146910Z   ▶️ [STEP step_7] ASSERT_TEXT: New Button Name
2026-01-19T04:33:13.4193150Z     🔍 Mining locators for: 'New Button Name'
2026-01-19T04:33:13.4577833Z     🧠 Consulting AI (Vision-First) to find 'New Button Name'...
2026-01-19T04:33:13.4578494Z     🔍 Trying smart selectors for 'New Button Name'...
2026-01-19T04:33:13.4797110Z     ✅ Smart selector found 'New Button Name' via label-for (confidence: 0.87)
2026-01-19T04:33:13.4833455Z     ✅ Found 1 verified locators
2026-01-19T04:33:16.5096320Z     ✅ State transitioned.
2026-01-19T04:33:16.5142928Z     🔄 Revisited state detected (count: 5)
2026-01-19T04:33:16.5143755Z     ⚠️ Too many revisits (5). Stopping AI step injection to prevent loops.
2026-01-19T04:33:18.5474506Z 
2026-01-19T04:33:18.5475982Z [5/5] Exploring Scenario: Click Challenge
2026-01-19T04:33:18.5477088Z     🧠 Initialized exploration context for goal: 'Test UI interactions'
2026-01-19T04:33:18.5478039Z   ▶️ [STEP step_1] NAVIGATE: 
2026-01-19T04:33:19.4096483Z     ✅ Navigated to http://uitestingplayground.com/
2026-01-19T04:33:19.4097378Z   ▶️ [STEP step_2] ASSERT_URL: 
2026-01-19T04:33:24.4361792Z     ⚠️ Scroll into view failed for text=None. Proceeding anyway.
2026-01-19T04:33:26.4384710Z     ✅ State transitioned.
2026-01-19T04:33:26.4965318Z [CACHE HIT] f2e4673a... (hits: 14, misses: 59)
2026-01-19T04:33:26.4966358Z     🤖 AI Next Step Suggestion: click -> Class Attribute
2026-01-19T04:33:26.4967080Z     🧩 Suggested Locator: a[href='/classattr']
2026-01-19T04:33:26.4968218Z     💭 Reasoning: Navigating to the 'Class Attribute' page to explore UI interactions related to class attributes.
2026-01-19T04:33:26.4969297Z     ➕ Injected AI step: click -> Class Attribute
2026-01-19T04:33:26.4969975Z   ▶️ [STEP step_2_ai_1] CLICK: Class Attribute
2026-01-19T04:33:26.5019745Z     🎯 Using AI-provided locator: a[href='/classattr']
2026-01-19T04:33:26.5079656Z     ✅ Found 1 verified locators
2026-01-19T04:33:30.5787400Z     ✅ State transitioned.
2026-01-19T04:33:30.6238734Z [CACHE HIT] fd24e009... (hits: 15, misses: 59)
2026-01-19T04:33:30.6239562Z     🤖 AI Next Step Suggestion: click -> Button
2026-01-19T04:33:30.6240076Z     🧩 Suggested Locator: button.btn.btn-primary
2026-01-19T04:33:30.6241511Z     💭 Reasoning: The scenario describes to record primary (blue) button click and press ok in alert popup. The blue button is the one with class btn-primary.
2026-01-19T04:33:30.6242285Z     ➕ Injected AI step: click -> Button
2026-01-19T04:33:30.6242613Z   ▶️ [STEP step_2_ai_2] CLICK: Button
2026-01-19T04:33:30.6376514Z     🎯 Using AI-provided locator: button.btn.btn-primary
2026-01-19T04:33:30.6435489Z     ✅ Found 1 verified locators
2026-01-19T04:33:34.6934366Z     ✅ State transitioned.
2026-01-19T04:33:34.7331329Z [CACHE HIT] 8bc66c3e... (hits: 16, misses: 59)
2026-01-19T04:33:34.7332356Z     🤖 AI Next Step Suggestion: click -> Button
2026-01-19T04:33:34.7333117Z     🧩 Suggested Locator: button.btn.btn-primary.btn-test
2026-01-19T04:33:34.7334628Z     💭 Reasoning: The scenario describes to record primary (blue) button click and press ok in alert popup. The blue button has the class btn-primary.
2026-01-19T04:33:34.7336077Z ⚠️ Loop detected: same AI suggestion repeated 2 times. Moving to next step.
2026-01-19T04:33:34.7336813Z   ▶️ [STEP step_3] CLICK: Click
2026-01-19T04:33:34.7385200Z     🔍 Mining locators for: 'Click'
2026-01-19T04:33:34.7717285Z     🧠 Consulting AI (Vision-First) to find 'Click'...
2026-01-19T04:33:34.7718061Z     🔍 Trying smart selectors for 'Click'...
2026-01-19T04:33:34.8156107Z     ⚠️ Smart selectors failed (no unique match). Falling back to AI Vision...
2026-01-19T04:33:34.8158431Z     🧠 [EXPERT] Strategy: Act as Senior SDET focusing on exploring the application to understand functional flow and identifying critical paths for end-to-end automation.
2026-01-19T04:33:36.8126822Z [DEBUG] Sending request to gemini-2.0-flash. Number of parts: 2
2026-01-19T04:33:36.8127673Z [DEBUG] Received response (Length: 428)
2026-01-19T04:33:36.8128541Z     ⚠️ Critical step failure: 'priority'
2026-01-19T04:33:36.8129160Z   ▶️ [STEP step_4] ASSERT_URL: 
2026-01-19T04:33:41.8272905Z     ⚠️ Scroll into view failed for text=None. Proceeding anyway.
2026-01-19T04:33:43.8295697Z     ✅ State transitioned.
2026-01-19T04:33:43.8348866Z     🔄 Revisited state detected (count: 1)
2026-01-19T04:33:43.8731404Z [CACHE HIT] 8ff20a47... (hits: 17, misses: 60)
2026-01-19T04:33:43.8732161Z     🤖 AI Next Step Suggestion: click -> Button
2026-01-19T04:33:43.8732734Z     🧩 Suggested Locator: button.btn.btn-primary.btn-test
2026-01-19T04:33:43.8733548Z     💭 Reasoning: The scenario describes clicking the primary (blue) button. The button with the class 'btn btn-primary btn-test' is the primary button.
2026-01-19T04:33:43.8734246Z     ➕ Injected AI step: click -> Button
2026-01-19T04:33:43.8734563Z   ▶️ [STEP step_4_ai_1] CLICK: Button
2026-01-19T04:33:43.8779507Z     🎯 Using AI-provided locator: button.btn.btn-primary.btn-test
2026-01-19T04:33:43.8832948Z     ✅ Found 1 verified locators
2026-01-19T04:33:47.9268792Z     ✅ State transitioned.
2026-01-19T04:33:47.9315366Z     🔄 Revisited state detected (count: 2)
2026-01-19T04:33:47.9714733Z [CACHE HIT] 30c3f56e... (hits: 18, misses: 60)
2026-01-19T04:33:47.9715704Z     🤖 AI Next Step Suggestion: click -> Button
2026-01-19T04:33:47.9716401Z     🧩 Suggested Locator: button.btn.btn-primary
2026-01-19T04:33:47.9717885Z     💭 Reasoning: The scenario describes to click the primary (blue) button and press ok in alert popup. The blue button has the class 'btn btn-primary btn-test'.
2026-01-19T04:33:47.9719388Z ⚠️ Loop detected: same AI suggestion repeated 2 times. Moving to next step.
2026-01-19T04:33:47.9720115Z   ▶️ [STEP step_5] CLICK: button
2026-01-19T04:33:47.9764492Z     🔍 Mining locators for: 'button'
2026-01-19T04:33:48.0519508Z     ✅ Found 4 verified locators
2026-01-19T04:33:51.6100729Z     ✅ State transitioned.
2026-01-19T04:33:51.6151390Z     🔄 Revisited state detected (count: 3)
2026-01-19T04:33:51.6152777Z     ⚠️ Too many revisits (3). Stopping AI step injection to prevent loops.
2026-01-19T04:33:51.6153570Z   ▶️ [STEP step_6] ASSERT_TEXT: button
2026-01-19T04:33:51.6201994Z     🔍 Mining locators for: 'button'
2026-01-19T04:33:51.7290436Z     ✅ Found 4 verified locators
2026-01-19T04:33:54.2582245Z     ✅ State transitioned.
2026-01-19T04:33:54.2632536Z     🔄 Revisited state detected (count: 4)
2026-01-19T04:33:54.2633257Z     ⚠️ Too many revisits (4). Stopping AI step injection to prevent loops.
2026-01-19T04:33:56.2993706Z 🗂️  All generated tests written to /home/runner/work/build_qa_automation/build_qa_automation/projects/ci_uitestingplayground/tests/generated_scenarios.json
2026-01-19T04:33:56.3009119Z 🔄 Updated workflow.json with discovered steps and locators.
2026-01-19T04:33:56.3009576Z 
2026-01-19T04:33:56.3009802Z ✅ Deep Exploration Complete.
2026-01-19T04:39:17.5248380Z 
2026-01-19T04:39:17.5249506Z 🚀 [EXECUTE] Starting Automation Execution Engine
2026-01-19T04:39:17.5250722Z 📍 Project: ci_uitestingplayground
2026-01-19T04:39:17.5251749Z 🎬 Mode: Headless
2026-01-19T04:39:17.5251985Z 
2026-01-19T04:39:17.5252171Z --- Scenario: Dynamic ID Challenge ---
2026-01-19T04:39:17.5252768Z   ▶️ [STEP step_1] NAVIGATE: Step step_1
2026-01-19T04:39:17.5253294Z     ✅ Step step_1 Passed.
2026-01-19T04:39:17.5253760Z   ▶️ [STEP step_2] ASSERT_URL: Step step_2
2026-01-19T04:39:17.5254260Z     ✅ Step step_2 Passed.
2026-01-19T04:39:17.5254733Z   ▶️ [STEP step_2_ai_1] CLICK: Class Attribute
2026-01-19T04:39:17.5255313Z     🎯 Using mined locator: a[href='/classattr']
2026-01-19T04:39:17.5255751Z     ✅ Step step_2_ai_1 Passed.
2026-01-19T04:39:17.5256125Z   ▶️ [STEP step_2_ai_2] CLICK: Button
2026-01-19T04:39:17.5256574Z     🎯 Using mined locator: button.btn.btn-primary
2026-01-19T04:39:17.5257021Z     ✅ Step step_2_ai_2 Passed.
2026-01-19T04:39:17.5257388Z   ▶️ [STEP step_3] CLICK: Dynamic ID
2026-01-19T04:39:17.5257949Z     ⚠️ Mined locators not found on page. Falling back to semantic search.
2026-01-19T04:39:17.5258795Z     ❌ Attempt 1 failed (element_not_found): Locator.bounding_box: Timeout 30000ms exceeded.
2026-01-19T04:39:17.5259375Z Call log:
2026-01-19T04:39:17.5259654Z   - waiting for locator("text=Dynamic ID")...
2026-01-19T04:39:17.5260180Z     🔧 [AUTO-HEAL] Re-mining page to find 'Dynamic ID'...
2026-01-19T04:39:17.5260728Z [DEBUG] Sending request to gemini-2.0-flash. Number of parts: 2
2026-01-19T04:39:17.5261455Z [DEBUG] Received response (Length: 488)
2026-01-19T04:39:17.5261983Z     ✨ AI successfully healed the step! Found 2 alternatives.
2026-01-19T04:39:17.5262597Z     ✨ AI successfully healed the step! New selector: .btn-primary
2026-01-19T04:39:17.5263100Z     ✅ Step step_3 Passed.
2026-01-19T04:39:17.5263509Z   ▶️ [STEP step_3_ai_1] CLICK: Button with Dynamic ID
2026-01-19T04:39:17.5264127Z     ⚠️ Mined locators not found on page. Falling back to semantic search.
2026-01-19T04:39:17.5265182Z     ❌ Attempt 1 failed (element_not_found): Locator.bounding_box: Timeout 30000ms exceeded.
2026-01-19T04:39:17.5265924Z Call log:
2026-01-19T04:39:17.5266233Z   - waiting for locator("text=Button with ...
2026-01-19T04:39:17.5266989Z     🔧 [AUTO-HEAL] Re-mining page to find 'Button with Dynamic ID'...
2026-01-19T04:39:17.5267785Z [DEBUG] Sending request to gemini-2.0-flash. Number of parts: 2
2026-01-19T04:39:17.5268377Z [DEBUG] Received response (Length: 595)
2026-01-19T04:39:17.5269089Z     ✨ AI successfully healed the step! Found 2 alternatives.
2026-01-19T04:39:17.5270009Z     ✨ AI successfully healed the step! New selector: button.btn.btn-primary
2026-01-19T04:39:17.5270739Z     ✅ Step step_3_ai_1 Passed.
2026-01-19T04:39:17.5271549Z   ▶️ [STEP step_4] ASSERT_URL: Step step_4
2026-01-19T04:39:17.5272210Z     ✅ Step step_4 Passed.
2026-01-19T04:39:17.5272786Z   ▶️ [STEP step_4_ai_1] CLICK: Button with Dynamic ID
2026-01-19T04:39:17.5273414Z     ⚠️ Mined locators not found on page. Falling back to semantic search.
2026-01-19T04:39:17.5274569Z     ❌ Attempt 1 failed (element_not_found): Locator.bounding_box: Timeout 30000ms exceeded.
2026-01-19T04:39:17.5275161Z Call log:
2026-01-19T04:39:17.5275433Z   - waiting for locator("text=Button with ...
2026-01-19T04:39:17.5275885Z     🔧 [AUTO-HEAL] Re-mining page to find 'Button with Dynamic ID'...
2026-01-19T04:39:17.5276392Z [CACHE HIT] 79556577... (hits: 1, misses: 2)
2026-01-19T04:39:17.5276778Z     ✨ AI successfully healed the step! Found 2 alternatives.
2026-01-19T04:39:17.5277255Z     ✨ AI successfully healed the step! New selector: button.btn.btn-primary
2026-01-19T04:39:17.5277646Z     ✅ Step step_4_ai_1 Passed.
2026-01-19T04:39:17.5277908Z   ▶️ [STEP step_5] CLICK: button
2026-01-19T04:39:17.5278285Z     ⚠️ Mined locators not found on page. Falling back to semantic search.
2026-01-19T04:39:17.5278654Z     ✅ Step step_5 Passed.
2026-01-19T04:39:17.5278960Z ✅ Scenario 'Dynamic ID Challenge' completed successfully!
2026-01-19T04:39:17.5279197Z 
2026-01-19T04:39:17.5279290Z --- Scenario: Sample App Login ---
2026-01-19T04:39:17.5279598Z   ▶️ [STEP step_1] NAVIGATE: Step step_1
2026-01-19T04:39:17.5279876Z     ✅ Step step_1 Passed.
2026-01-19T04:39:17.5280128Z   ▶️ [STEP step_2] ASSERT_URL: Step step_2
2026-01-19T04:39:17.5280410Z     ✅ Step step_2 Passed.
2026-01-19T04:39:17.5280686Z   ▶️ [STEP step_2_ai_1] CLICK: Class Attribute
2026-01-19T04:39:17.5281296Z     🎯 Using mined locator: a[href='/classattr']
2026-01-19T04:39:17.5281614Z     ✅ Step step_2_ai_1 Passed.
2026-01-19T04:39:17.5282118Z   ▶️ [STEP step_2_ai_2] CLICK: Button
2026-01-19T04:39:17.5282711Z     🎯 Using mined locator: button.btn.btn-primary
2026-01-19T04:39:17.5283281Z     ✅ Step step_2_ai_2 Passed.
2026-01-19T04:39:17.5283752Z   ▶️ [STEP step_3] CLICK: Sample App
2026-01-19T04:39:17.5284469Z     ⚠️ Mined locators not found on page. Falling back to semantic search.
2026-01-19T04:39:17.5285462Z     ❌ Attempt 1 failed (element_not_found): Locator.bounding_box: Timeout 30000ms exceeded.
2026-01-19T04:39:17.5285971Z Call log:
2026-01-19T04:39:17.5286280Z   - waiting for locator("text=Sample App")...
2026-01-19T04:39:17.5286915Z     🔧 [AUTO-HEAL] Re-mining page to find 'Sample App'...
2026-01-19T04:39:17.5287526Z [DEBUG] Sending request to gemini-2.0-flash. Number of parts: 2
2026-01-19T04:39:17.5288079Z [DEBUG] Received response (Length: 414)
2026-01-19T04:39:17.5288723Z     ✨ AI successfully healed the step! Found 2 alternatives.
2026-01-19T04:39:17.5289502Z     ✨ AI successfully healed the step! New selector: button.btn.btn-primary
2026-01-19T04:39:17.5290114Z     ✅ Step step_3 Passed.
2026-01-19T04:39:17.5290510Z   ▶️ [STEP step_3_ai_1] FILL: User Name
2026-01-19T04:39:17.5291426Z     ⚠️ Mined locators not found on page. Falling back to semantic search.
2026-01-19T04:39:17.5292550Z     ❌ Attempt 1 failed (element_not_found): Locator.scroll_into_view_if_needed: Timeout 10000ms exceeded.
2026-01-19T04:39:17.5293336Z Call log:
2026-01-19T04:39:17.5293649Z   - waiting for locator("tex...
2026-01-19T04:39:17.5294249Z     🔧 [AUTO-HEAL] Re-mining page to find 'User Name'...
2026-01-19T04:39:17.5297159Z [DEBUG] Sending request to gemini-2.0-flash. Number of parts: 2
2026-01-19T04:39:17.5297762Z [DEBUG] Received response (Length: 38)
2026-01-19T04:39:17.5298506Z     ❌ AI could not re-locate the element. Waiting 1s before next retry.
2026-01-19T04:39:17.5299674Z     ❌ Attempt 2 failed (element_not_found): Locator.scroll_into_view_if_needed: Timeout 10000ms exceeded.
2026-01-19T04:39:17.5300484Z Call log:
2026-01-19T04:39:17.5300795Z   - waiting for locator("tex...
2026-01-19T04:39:17.5301609Z     🔧 [AUTO-HEAL] Re-mining page to find 'User Name'...
2026-01-19T04:39:17.5302150Z [CACHE HIT] e7d473d9... (hits: 2, misses: 4)
2026-01-19T04:39:17.5302874Z     ❌ AI could not re-locate the element. Waiting 1s before next retry.
2026-01-19T04:39:17.5303945Z     ❌ Attempt 3 failed (element_not_found): Locator.scroll_into_view_if_needed: Timeout 10000ms exceeded.
2026-01-19T04:39:17.5304746Z Call log:
2026-01-19T04:39:17.5305037Z   - waiting for locator("tex...
2026-01-19T04:39:17.5305868Z     💀 Step step_3_ai_1 failed after all retries.
2026-01-19T04:39:17.5306563Z 🛑 Scenario 'Sample App Login' aborted due to step failure.
2026-01-19T04:39:17.5306985Z 
2026-01-19T04:39:17.5307159Z --- Scenario: Verify Text Challenge ---
2026-01-19T04:39:17.5307897Z   ▶️ [STEP step_1] NAVIGATE: Step step_1
2026-01-19T04:39:17.5308423Z     ✅ Step step_1 Passed.
2026-01-19T04:39:17.5308899Z   ▶️ [STEP step_2] ASSERT_URL: Step step_2
2026-01-19T04:39:17.5309409Z     ✅ Step step_2 Passed.
2026-01-19T04:39:17.5309888Z   ▶️ [STEP step_2_ai_1] CLICK: Class Attribute
2026-01-19T04:39:17.5310482Z     🎯 Using mined locator: a[href='/classattr']
2026-01-19T04:39:17.5311210Z     ✅ Step step_2_ai_1 Passed.
2026-01-19T04:39:17.5311696Z   ▶️ [STEP step_2_ai_2] CLICK: Button
2026-01-19T04:39:17.5312268Z     🎯 Using mined locator: button.btn.btn-primary
2026-01-19T04:39:17.5312839Z     ✅ Step step_2_ai_2 Passed.
2026-01-19T04:39:17.5313335Z   ▶️ [STEP step_4] ASSERT_URL: Step step_4
2026-01-19T04:39:17.5313869Z     ✅ Step step_4 Passed.
2026-01-19T04:39:17.5314328Z   ▶️ [STEP step_4_ai_1] CLICK: Button
2026-01-19T04:39:17.5315014Z     🎯 Using mined locator: button.btn.btn-primary.btn-test
2026-01-19T04:39:17.5315641Z     ✅ Step step_4_ai_1 Passed.
2026-01-19T04:39:17.5316242Z ✅ Scenario 'Verify Text Challenge' completed successfully!
2026-01-19T04:39:17.5316626Z 
2026-01-19T04:39:17.5316778Z --- Scenario: Text Input Challenge ---
2026-01-19T04:39:17.5317290Z   ▶️ [STEP step_1] NAVIGATE: Step step_1
2026-01-19T04:39:17.5317778Z     ✅ Step step_1 Passed.
2026-01-19T04:39:17.5318207Z   ▶️ [STEP step_2] ASSERT_URL: Step step_2
2026-01-19T04:39:17.5318625Z     ✅ Step step_2 Passed.
2026-01-19T04:39:17.5319060Z   ▶️ [STEP step_2_ai_1] CLICK: Class Attribute
2026-01-19T04:39:17.5319615Z     🎯 Using mined locator: a[href='/classattr']
2026-01-19T04:39:17.5320092Z     ✅ Step step_2_ai_1 Passed.
2026-01-19T04:39:17.5320505Z   ▶️ [STEP step_2_ai_2] CLICK: Button
2026-01-19T04:39:17.5321189Z     🎯 Using mined locator: button.btn.btn-primary
2026-01-19T04:39:17.5321749Z     ✅ Step step_2_ai_2 Passed.
2026-01-19T04:39:17.5322210Z   ▶️ [STEP step_3] CLICK: Text Input
2026-01-19T04:39:17.5322922Z     ⚠️ Mined locators not found on page. Falling back to semantic search.
2026-01-19T04:39:17.5323870Z     ❌ Attempt 1 failed (element_not_found): Locator.bounding_box: Timeout 30000ms exceeded.
2026-01-19T04:39:17.5324505Z Call log:
2026-01-19T04:39:17.5324813Z   - waiting for locator("text=Text Input")...
2026-01-19T04:39:17.5325420Z     🔧 [AUTO-HEAL] Re-mining page to find 'Text Input'...
2026-01-19T04:39:17.5326082Z [DEBUG] Sending request to gemini-2.0-flash. Number of parts: 2
2026-01-19T04:39:17.5326676Z [DEBUG] Received response (Length: 489)
2026-01-19T04:39:17.5327320Z     ✨ AI successfully healed the step! Found 2 alternatives.
2026-01-19T04:39:17.5328134Z     ✨ AI successfully healed the step! New selector: button.btn.btn-primary
2026-01-19T04:39:17.5328822Z     ✅ Step step_3 Passed.
2026-01-19T04:39:17.5329280Z   ▶️ [STEP step_3_ai_1] FILL: input field
2026-01-19T04:39:17.5330006Z     ⚠️ Mined locators not found on page. Falling back to semantic search.
2026-01-19T04:39:17.5331260Z     ❌ Attempt 1 failed (element_not_found): Locator.scroll_into_view_if_needed: Timeout 10000ms exceeded.
2026-01-19T04:39:17.5332009Z Call log:
2026-01-19T04:39:17.5332198Z   - waiting for locator("tex...
2026-01-19T04:39:17.5332541Z     🔧 [AUTO-HEAL] Re-mining page to find 'input field'...
2026-01-19T04:39:17.5332913Z [DEBUG] Sending request to gemini-2.0-flash. Number of parts: 2
2026-01-19T04:39:17.5333243Z [DEBUG] Received response (Length: 377)
2026-01-19T04:39:17.5333597Z     ✨ AI successfully healed the step! Found 2 alternatives.
2026-01-19T04:39:17.5334037Z     ✨ AI successfully healed the step! New selector: button.btn-primary
2026-01-19T04:39:17.5334409Z     ✅ Step step_3_ai_1 Passed.
2026-01-19T04:39:17.5334815Z   ▶️ [STEP step_3_ai_2] CLICK: Button That Should Change it's Name Based on Input Value
2026-01-19T04:39:17.5335560Z     ⚠️ Mined locators not found on page. Falling back to semantic search.
2026-01-19T04:39:17.5336117Z     ❌ Attempt 1 failed (element_not_found): Locator.bounding_box: Timeout 30000ms exceeded.
2026-01-19T04:39:17.5336507Z Call log:
2026-01-19T04:39:17.5336700Z   - waiting for locator("text=Button That ...
2026-01-19T04:39:17.5337340Z     🔧 [AUTO-HEAL] Re-mining page to find 'Button That Should Change it's Name Based on Input Value'...
2026-01-19T04:39:17.5337877Z [DEBUG] Sending request to gemini-2.0-flash. Number of parts: 2
2026-01-19T04:39:17.5338224Z [DEBUG] Received response (Length: 466)
2026-01-19T04:39:17.5338588Z     ✨ AI successfully healed the step! Found 2 alternatives.
2026-01-19T04:39:17.5339053Z     ✨ AI successfully healed the step! New selector: button.btn.btn-primary
2026-01-19T04:39:17.5339466Z     ✅ Step step_3_ai_2 Passed.
2026-01-19T04:39:17.5339954Z   ▶️ [STEP step_3_ai_3] FILL: input field
2026-01-19T04:39:17.5340367Z     ⚠️ Mined locators not found on page. Falling back to semantic search.
2026-01-19T04:39:17.5341193Z     ❌ Attempt 1 failed (element_not_found): Locator.scroll_into_view_if_needed: Timeout 10000ms exceeded.
2026-01-19T04:39:17.5341634Z Call log:
2026-01-19T04:39:17.5341814Z   - waiting for locator("tex...
2026-01-19T04:46:51.4701537Z     🔧 [AUTO-HEAL] Re-mining page to find 'input field'...
2026-01-19T04:46:51.4702197Z [DEBUG] Sending request to gemini-2.0-flash. Number of parts: 2
2026-01-19T04:46:51.4703916Z [DEBUG] LLM Error: 429 RESOURCE_EXHAUSTED. {'error': {'code': 429, 'message': 'Resource exhausted. Please try again later. Please refer to https://cloud.google.com/vertex-ai/generative-ai/docs/error-code-429 for more details.', 'status': 'RESOURCE_EXHAUSTED'}}
2026-01-19T04:46:51.4705467Z ⚠️ 429 Rate Limit Hit. Cooling down for 60s...
2026-01-19T04:46:51.4705935Z [DEBUG] Sending request to gemini-2.0-flash. Number of parts: 2
2026-01-19T04:46:51.4707388Z [DEBUG] LLM Error: 429 RESOURCE_EXHAUSTED. {'error': {'code': 429, 'message': 'Resource exhausted. Please try again later. Please refer to https://cloud.google.com/vertex-ai/generative-ai/docs/error-code-429 for more details.', 'status': 'RESOURCE_EXHAUSTED'}}
2026-01-19T04:46:51.4708860Z ⚠️ 429 Rate Limit Hit. Cooling down for 60s...
2026-01-19T04:46:51.4709314Z [DEBUG] Sending request to gemini-2.0-flash. Number of parts: 2
2026-01-19T04:46:51.4709759Z [DEBUG] Received response (Length: 455)
2026-01-19T04:46:51.4710233Z     ✨ AI successfully healed the step! Found 2 alternatives.
2026-01-19T04:46:51.4711051Z     ✨ AI successfully healed the step! New selector: button.btn.btn-primary
2026-01-19T04:46:51.4711622Z     ✅ Step step_3_ai_3 Passed.
2026-01-19T04:46:51.4712204Z   ▶️ [STEP step_3_ai_4] CLICK: Button That Should Change it's Name Based on Input Value
2026-01-19T04:46:51.4712915Z     ⚠️ Mined locators not found on page. Falling back to semantic search.
2026-01-19T04:46:51.4713669Z     ❌ Attempt 1 failed (element_not_found): Locator.bounding_box: Timeout 30000ms exceeded.
2026-01-19T04:46:51.4714203Z Call log:
2026-01-19T04:46:51.4714475Z   - waiting for locator("text=Button That ...
2026-01-19T04:46:51.4715168Z     🔧 [AUTO-HEAL] Re-mining page to find 'Button That Should Change it's Name Based on Input Value'...
2026-01-19T04:46:51.4715775Z [CACHE HIT] 7d4430ca... (hits: 3, misses: 10)
2026-01-19T04:46:51.4716260Z     ✨ AI successfully healed the step! Found 2 alternatives.
2026-01-19T04:46:51.4716872Z     ✨ AI successfully healed the step! New selector: button.btn.btn-primary
2026-01-19T04:46:51.4717394Z     ✅ Step step_3_ai_4 Passed.
2026-01-19T04:46:51.4717739Z   ▶️ [STEP step_3_ai_5] FILL: input field
2026-01-19T04:46:51.4718259Z     ⚠️ Mined locators not found on page. Falling back to semantic search.
2026-01-19T04:46:51.4719068Z     ❌ Attempt 1 failed (element_not_found): Locator.scroll_into_view_if_needed: Timeout 10000ms exceeded.
2026-01-19T04:46:51.4719652Z Call log:
2026-01-19T04:46:51.4719876Z   - waiting for locator("tex...
2026-01-19T04:46:51.4720321Z     🔧 [AUTO-HEAL] Re-mining page to find 'input field'...
2026-01-19T04:46:51.4721211Z [CACHE HIT] 593e17c2... (hits: 4, misses: 10)
2026-01-19T04:46:51.4721617Z     ✨ AI successfully healed the step! Found 2 alternatives.
2026-01-19T04:46:51.4722088Z     ✨ AI successfully healed the step! New selector: button.btn.btn-primary
2026-01-19T04:46:51.4722665Z     ✅ Step step_3_ai_5 Passed.
2026-01-19T04:46:51.4723087Z   ▶️ [STEP step_3_ai_6] CLICK: Button That Should Change it's Name Based on Input Value
2026-01-19T04:46:51.4723625Z     ⚠️ Mined locators not found on page. Falling back to semantic search.
2026-01-19T04:46:51.4724190Z     ❌ Attempt 1 failed (element_not_found): Locator.bounding_box: Timeout 30000ms exceeded.
2026-01-19T04:46:51.4724588Z Call log:
2026-01-19T04:46:51.4724783Z   - waiting for locator("text=Button That ...
2026-01-19T04:46:51.4725309Z     🔧 [AUTO-HEAL] Re-mining page to find 'Button That Should Change it's Name Based on Input Value'...
2026-01-19T04:46:51.4725784Z [CACHE HIT] 7d4430ca... (hits: 5, misses: 10)
2026-01-19T04:46:51.4726173Z     ✨ AI successfully healed the step! Found 2 alternatives.
2026-01-19T04:46:51.4726650Z     ✨ AI successfully healed the step! New selector: button.btn.btn-primary
2026-01-19T04:46:51.4727059Z     ✅ Step step_3_ai_6 Passed.
2026-01-19T04:46:51.4727334Z   ▶️ [STEP step_3_ai_7] FILL: input field
2026-01-19T04:46:51.4727738Z     ⚠️ Mined locators not found on page. Falling back to semantic search.
2026-01-19T04:46:51.4728351Z     ❌ Attempt 1 failed (element_not_found): Locator.scroll_into_view_if_needed: Timeout 10000ms exceeded.
2026-01-19T04:46:51.4728789Z Call log:
2026-01-19T04:46:51.4728968Z   - waiting for locator("tex...
2026-01-19T04:46:51.4729291Z     🔧 [AUTO-HEAL] Re-mining page to find 'input field'...
2026-01-19T04:46:51.4729613Z [CACHE HIT] 593e17c2... (hits: 6, misses: 10)
2026-01-19T04:46:51.4729982Z     ✨ AI successfully healed the step! Found 2 alternatives.
2026-01-19T04:46:51.4730447Z     ✨ AI successfully healed the step! New selector: button.btn.btn-primary
2026-01-19T04:46:51.4731028Z     ✅ Step step_3_ai_7 Passed.
2026-01-19T04:46:51.4731454Z   ▶️ [STEP step_3_ai_8] CLICK: Button That Should Change it's Name Based on Input Value
2026-01-19T04:46:51.4731990Z     ⚠️ Mined locators not found on page. Falling back to semantic search.
2026-01-19T04:46:51.4732820Z     ❌ Attempt 1 failed (element_not_found): Locator.bounding_box: Timeout 30000ms exceeded.
2026-01-19T04:46:51.4733432Z Call log:
2026-01-19T04:46:51.4733746Z   - waiting for locator("text=Button That ...
2026-01-19T04:46:51.4734618Z     🔧 [AUTO-HEAL] Re-mining page to find 'Button That Should Change it's Name Based on Input Value'...
2026-01-19T04:46:51.4735434Z [CACHE HIT] 7d4430ca... (hits: 7, misses: 10)
2026-01-19T04:46:51.4736050Z     ✨ AI successfully healed the step! Found 2 alternatives.
2026-01-19T04:46:51.4736754Z     ✨ AI successfully healed the step! New selector: button.btn.btn-primary
2026-01-19T04:46:51.4737439Z     ✅ Step step_3_ai_8 Passed.
2026-01-19T04:46:51.4737946Z   ▶️ [STEP step_3_ai_9] FILL: input field
2026-01-19T04:46:51.4738749Z     ⚠️ Mined locators not found on page. Falling back to semantic search.
2026-01-19T04:46:51.4739829Z     ❌ Attempt 1 failed (element_not_found): Locator.scroll_into_view_if_needed: Timeout 10000ms exceeded.
2026-01-19T04:46:51.4740621Z Call log:
2026-01-19T04:46:51.4741427Z   - waiting for locator("tex...
2026-01-19T04:46:51.4742141Z     🔧 [AUTO-HEAL] Re-mining page to find 'input field'...
2026-01-19T04:46:51.4742718Z [CACHE HIT] 593e17c2... (hits: 8, misses: 10)
2026-01-19T04:46:51.4743463Z     ✨ AI successfully healed the step! Found 2 alternatives.
2026-01-19T04:46:51.4744331Z     ✨ AI successfully healed the step! New selector: button.btn.btn-primary
2026-01-19T04:46:51.4745094Z     ✅ Step step_3_ai_9 Passed.
2026-01-19T04:46:51.4745841Z   ▶️ [STEP step_3_ai_10] CLICK: Button That Should Change it's Name Based on Input Value
2026-01-19T04:46:51.4746823Z     ⚠️ Mined locators not found on page. Falling back to semantic search.
2026-01-19T04:46:51.4747822Z     ❌ Attempt 1 failed (element_not_found): Locator.bounding_box: Timeout 30000ms exceeded.
2026-01-19T04:46:51.4748754Z Call log:
2026-01-19T04:46:51.4749094Z   - waiting for locator("text=Button That ...
2026-01-19T04:46:51.4750098Z     🔧 [AUTO-HEAL] Re-mining page to find 'Button That Should Change it's Name Based on Input Value'...
2026-01-19T04:46:51.4751025Z [CACHE HIT] 7d4430ca... (hits: 9, misses: 10)
2026-01-19T04:46:51.4751674Z     ✨ AI successfully healed the step! Found 2 alternatives.
2026-01-19T04:46:51.4752467Z     ✨ AI successfully healed the step! New selector: button.btn.btn-primary
2026-01-19T04:46:51.4753171Z     ✅ Step step_3_ai_10 Passed.
2026-01-19T04:46:51.4753648Z   ▶️ [STEP step_3_ai_11] FILL: input field
2026-01-19T04:46:51.4754342Z     ⚠️ Mined locators not found on page. Falling back to semantic search.
2026-01-19T04:46:51.4755395Z     ❌ Attempt 1 failed (element_not_found): Locator.scroll_into_view_if_needed: Timeout 10000ms exceeded.
2026-01-19T04:46:51.4756822Z Call log:
2026-01-19T04:46:51.4757133Z   - waiting for locator("tex...
2026-01-19T04:46:51.4758873Z     🔧 [AUTO-HEAL] Re-mining page to find 'input field'...
2026-01-19T04:46:51.4759413Z [CACHE HIT] 593e17c2... (hits: 10, misses: 10)
2026-01-19T04:46:51.4760075Z     ✨ AI successfully healed the step! Found 2 alternatives.
2026-01-19T04:46:51.4761112Z     ✨ AI successfully healed the step! New selector: button.btn.btn-primary
2026-01-19T04:46:51.4761843Z     ✅ Step step_3_ai_11 Passed.
2026-01-19T04:46:51.4762332Z   ▶️ [STEP step_3_ai_12] CLICK: New Name
2026-01-19T04:46:51.4763066Z     ⚠️ Mined locators not found on page. Falling back to semantic search.
2026-01-19T04:46:51.4764134Z     ❌ Attempt 1 failed (element_not_found): Locator.bounding_box: Timeout 30000ms exceeded.
2026-01-19T04:46:51.4764846Z Call log:
2026-01-19T04:46:51.4765161Z   - waiting for locator("text=New Name")
2026-01-19T04:46:51.4765583Z ...
2026-01-19T04:46:51.4766076Z     🔧 [AUTO-HEAL] Re-mining page to find 'New Name'...
2026-01-19T04:46:51.4766739Z [DEBUG] Sending request to gemini-2.0-flash. Number of parts: 2
2026-01-19T04:46:51.4767370Z [DEBUG] Received response (Length: 715)
2026-01-19T04:46:51.4768077Z     ✨ AI successfully healed the step! Found 2 alternatives.
2026-01-19T04:46:51.4769628Z     ✨ AI successfully healed the step! New selector: button.btn-primary
2026-01-19T04:46:51.4770398Z     ✅ Step step_3_ai_12 Passed.
2026-01-19T04:46:51.4771428Z   ▶️ [STEP step_3_ai_13] CLICK: Button That Should Change it's Name Based on Input Value
2026-01-19T04:46:51.4772426Z     ⚠️ Mined locators not found on page. Falling back to semantic search.
2026-01-19T04:46:51.4773483Z     ❌ Attempt 1 failed (element_not_found): Locator.bounding_box: Timeout 30000ms exceeded.
2026-01-19T04:46:51.4774200Z Call log:
2026-01-19T04:46:51.4774540Z   - waiting for locator("text=Button That ...
2026-01-19T04:46:51.4775505Z     🔧 [AUTO-HEAL] Re-mining page to find 'Button That Should Change it's Name Based on Input Value'...
2026-01-19T04:46:51.4776335Z [CACHE HIT] 7d4430ca... (hits: 11, misses: 11)
2026-01-19T04:46:51.4777033Z     ✨ AI successfully healed the step! Found 2 alternatives.
2026-01-19T04:46:51.4777879Z     ✨ AI successfully healed the step! New selector: button.btn.btn-primary
2026-01-19T04:46:51.4778613Z     ✅ Step step_3_ai_13 Passed.
2026-01-19T04:46:51.4779358Z   ▶️ [STEP step_4] ASSERT_URL: Step step_4
2026-01-19T04:46:51.4779917Z     ✅ Step step_4 Passed.
2026-01-19T04:46:51.4780335Z   ▶️ [STEP step_5] FILL: myTextInput
2026-01-19T04:46:51.4781128Z     ⚠️ Mined locators not found on page. Falling back to semantic search.
2026-01-19T04:46:51.4782127Z     ❌ Attempt 1 failed (element_not_found): Locator.scroll_into_view_if_needed: Timeout 10000ms exceeded.
2026-01-19T04:46:51.4782823Z Call log:
2026-01-19T04:46:51.4783075Z   - waiting for locator("tex...
2026-01-19T04:46:51.4783544Z     🔧 [AUTO-HEAL] Re-mining page to find 'myTextInput'...
2026-01-19T04:46:51.4784107Z [DEBUG] Sending request to gemini-2.0-flash. Number of parts: 2
2026-01-19T04:46:51.4784598Z [DEBUG] Received response (Length: 38)
2026-01-19T04:46:51.4785443Z     ❌ AI could not re-locate the element. Waiting 1s before next retry.
2026-01-19T04:46:51.4786454Z     ❌ Attempt 2 failed (element_not_found): Locator.scroll_into_view_if_needed: Timeout 10000ms exceeded.
2026-01-19T04:46:51.4787231Z Call log:
2026-01-19T04:46:51.4787540Z   - waiting for locator("tex...
2026-01-19T04:46:51.4788130Z     🔧 [AUTO-HEAL] Re-mining page to find 'myTextInput'...
2026-01-19T04:46:51.4788700Z [CACHE HIT] bbb3e3b9... (hits: 12, misses: 12)
2026-01-19T04:46:51.4789363Z     ❌ AI could not re-locate the element. Waiting 1s before next retry.
2026-01-19T04:46:51.4790384Z     ❌ Attempt 3 failed (element_not_found): Locator.scroll_into_view_if_needed: Timeout 10000ms exceeded.
2026-01-19T04:46:51.4791308Z Call log:
2026-01-19T04:46:51.4791605Z   - waiting for locator("tex...
2026-01-19T04:47:02.3933754Z     💀 Step step_5 failed after all retries.
2026-01-19T04:47:02.3934281Z 🛑 Scenario 'Text Input Challenge' aborted due to step failure.
2026-01-19T04:47:02.3934628Z 
2026-01-19T04:47:02.3934731Z --- Scenario: Click Challenge ---
2026-01-19T04:47:02.3935051Z   ▶️ [STEP step_1] NAVIGATE: Step step_1
2026-01-19T04:47:02.3935352Z     ✅ Step step_1 Passed.
2026-01-19T04:47:02.3935631Z   ▶️ [STEP step_2] ASSERT_URL: Step step_2
2026-01-19T04:47:02.3935947Z     ✅ Step step_2 Passed.
2026-01-19T04:47:02.3936228Z   ▶️ [STEP step_2_ai_1] CLICK: Class Attribute
2026-01-19T04:47:02.3936567Z     🎯 Using mined locator: a[href='/classattr']
2026-01-19T04:47:02.3936885Z     ✅ Step step_2_ai_1 Passed.
2026-01-19T04:47:02.3937159Z   ▶️ [STEP step_2_ai_2] CLICK: Button
2026-01-19T04:47:02.3937489Z     🎯 Using mined locator: button.btn.btn-primary
2026-01-19T04:47:02.3937821Z     ✅ Step step_2_ai_2 Passed.
2026-01-19T04:47:02.3938074Z   ▶️ [STEP step_3] CLICK: Click
2026-01-19T04:47:02.3938329Z     ✅ Step step_3 Passed.
2026-01-19T04:47:02.3938593Z   ▶️ [STEP step_4] ASSERT_URL: Step step_4
2026-01-19T04:47:02.3938869Z     ✅ Step step_4 Passed.
2026-01-19T04:47:02.3939131Z   ▶️ [STEP step_4_ai_1] CLICK: Button
2026-01-19T04:47:02.3939486Z     🎯 Using mined locator: button.btn.btn-primary.btn-test
2026-01-19T04:47:02.3939836Z     ✅ Step step_4_ai_1 Passed.
2026-01-19T04:47:02.3940094Z   ▶️ [STEP step_5] CLICK: button
2026-01-19T04:47:02.3940417Z     🎯 Using mined locator: role=button[name='Button']
2026-01-19T04:47:02.3940724Z     ✅ Step step_5 Passed.
2026-01-19T04:47:02.3941658Z   ▶️ [STEP step_6] ASSERT_TEXT: button
2026-01-19T04:47:02.3942010Z     🎯 Using mined locator: role=button[name='Button']
2026-01-19T04:47:02.3942328Z     ✅ Step step_6 Passed.
2026-01-19T04:47:02.3942634Z ✅ Scenario 'Click Challenge' completed successfully!
2026-01-19T04:47:02.3942856Z 
2026-01-19T04:47:02.3942958Z ============================================================
2026-01-19T04:47:02.3943263Z 🎯 EXECUTION SUMMARY
2026-01-19T04:47:02.3943480Z ============================================================
2026-01-19T04:47:02.3943669Z 
2026-01-19T04:47:02.3943768Z 📋 Scenario Overview:
2026-01-19T04:47:02.3944035Z    • Total Scenarios Planned: 5
2026-01-19T04:47:02.3944299Z    • Scenarios Executed: 5
2026-01-19T04:47:02.3944552Z    • Total Steps Executed: 50
2026-01-19T04:47:02.3944697Z 
2026-01-19T04:47:02.3944790Z ✅ Results:
2026-01-19T04:47:02.3944980Z    ✅ Passed: 3 (60%)
2026-01-19T04:47:02.3945576Z    ❌ Failed: 2 (40%)
2026-01-19T04:47:02.3945697Z 
2026-01-19T04:47:02.3945807Z ⚠️  Failed Scenarios:
2026-01-19T04:47:02.3946025Z    • Sample App Login
2026-01-19T04:47:02.3946241Z    • Text Input Challenge
2026-01-19T04:47:02.3946380Z 
2026-01-19T04:47:02.3946486Z ============================================================
2026-01-19T04:47:02.3946678Z 
2026-01-19T04:47:02.3947195Z 🏁 Execution Finished. Report: /home/runner/work/build_qa_automation/build_qa_automation/projects/ci_uitestingplayground/execution.json
2026-01-19T04:47:02.5796742Z 
2026-01-19T04:47:02.5797290Z [PHASE] Running Phase: DISCOVERY
2026-01-19T04:47:02.5799331Z    Command: /opt/hostedtoolcache/Python/3.11.14/x64/bin/python /home/runner/work/build_qa_automation/build_qa_automation/core/agents/discovery.py --project /home/runner/work/build_qa_automation/build_qa_automation/projects/ci_uitestingplayground --url http://uitestingplayground.com/ --deep
2026-01-19T04:47:02.5802020Z ✅ Phase 'discovery' completed successfully.
2026-01-19T04:47:02.5802306Z 
2026-01-19T04:47:02.5802436Z [PHASE] Running Phase: PLANNING
2026-01-19T04:47:02.5804241Z    Command: /opt/hostedtoolcache/Python/3.11.14/x64/bin/python /home/runner/work/build_qa_automation/build_qa_automation/core/agents/planner.py --project /home/runner/work/build_qa_automation/build_qa_automation/projects/ci_uitestingplayground --goal Test UI interactions --url http://uitestingplayground.com/ --deep
2026-01-19T04:47:02.5806146Z ✅ Phase 'planning' completed successfully.
2026-01-19T04:47:02.5806423Z 
2026-01-19T04:47:02.5806553Z [PHASE] Running Phase: EXPLORATION
2026-01-19T04:47:02.5807971Z    Command: /opt/hostedtoolcache/Python/3.11.14/x64/bin/python /home/runner/work/build_qa_automation/build_qa_automation/core/agents/deep_explorer.py --project /home/runner/work/build_qa_automation/build_qa_automation/projects/ci_uitestingplayground
2026-01-19T04:47:02.5809526Z ✅ Phase 'exploration' completed successfully.
2026-01-19T04:47:02.5809996Z 📊 Exploration Discovery Success Rate: 82.8%
2026-01-19T04:47:02.5810200Z 
2026-01-19T04:47:02.5810294Z [PHASE] Running Phase: EXECUTION
2026-01-19T04:47:02.5811427Z    Command: /opt/hostedtoolcache/Python/3.11.14/x64/bin/python /home/runner/work/build_qa_automation/build_qa_automation/core/agents/executor.py --project /home/runner/work/build_qa_automation/build_qa_automation/projects/ci_uitestingplayground
2026-01-19T04:47:02.5812514Z ✅ Phase 'execution' completed successfully.
2026-01-19T04:47:02.5812709Z 
2026-01-19T04:47:02.5812815Z [DONE] Pipeline Execution Finished! [DONE]
2026-01-19T04:47:02.7586821Z ##[group]Run RESULT_FILE="projects/ci_uitestingplayground/execution.json"
2026-01-19T04:47:02.7587383Z [36;1mRESULT_FILE="projects/ci_uitestingplayground/execution.json"[0m
2026-01-19T04:47:02.7587784Z [36;1mif [ -f "$RESULT_FILE" ]; then[0m
2026-01-19T04:47:02.7588118Z [36;1m  echo "✅ Results generated successfully: $RESULT_FILE"[0m
2026-01-19T04:47:02.7588567Z [36;1m  cat "$RESULT_FILE" | jq '.scenarios | length' || echo "Result file exists"[0m
2026-01-19T04:47:02.7588929Z [36;1melse[0m
2026-01-19T04:47:02.7589160Z [36;1m  echo "❌ No result file found at $RESULT_FILE"[0m
2026-01-19T04:47:02.7589440Z [36;1m  exit 1[0m
2026-01-19T04:47:02.7589610Z [36;1mfi[0m
2026-01-19T04:47:02.7621858Z shell: /usr/bin/bash -e {0}
2026-01-19T04:47:02.7622088Z env:
2026-01-19T04:47:02.7622342Z   pythonLocation: /opt/hostedtoolcache/Python/3.11.14/x64
2026-01-19T04:47:02.7622760Z   PKG_CONFIG_PATH: /opt/hostedtoolcache/Python/3.11.14/x64/lib/pkgconfig
2026-01-19T04:47:02.7623296Z   Python_ROOT_DIR: /opt/hostedtoolcache/Python/3.11.14/x64
2026-01-19T04:47:02.7623653Z   Python2_ROOT_DIR: /opt/hostedtoolcache/Python/3.11.14/x64
2026-01-19T04:47:02.7624031Z   Python3_ROOT_DIR: /opt/hostedtoolcache/Python/3.11.14/x64
2026-01-19T04:47:02.7624397Z   LD_LIBRARY_PATH: /opt/hostedtoolcache/Python/3.11.14/x64/lib
2026-01-19T04:47:02.7624699Z ##[endgroup]
2026-01-19T04:47:02.7680081Z ✅ Results generated successfully: projects/ci_uitestingplayground/execution.json
2026-01-19T04:47:02.7708396Z 5
2026-01-19T04:47:02.7962915Z ##[group]Run actions/upload-artifact@v4
2026-01-19T04:47:02.7963212Z with:
2026-01-19T04:47:02.7963439Z   name: uitestingplayground-execution-results
2026-01-19T04:47:02.7963958Z   path: projects/ci_uitestingplayground/execution.json
projects/ci_uitestingplayground/workflow.json

2026-01-19T04:47:02.7964437Z   retention-days: 30
2026-01-19T04:47:02.7964645Z   if-no-files-found: warn
2026-01-19T04:47:02.7964862Z   compression-level: 6
2026-01-19T04:47:02.7965058Z   overwrite: false
2026-01-19T04:47:02.7965252Z   include-hidden-files: false
2026-01-19T04:47:02.7965463Z env:
2026-01-19T04:47:02.7965697Z   pythonLocation: /opt/hostedtoolcache/Python/3.11.14/x64
2026-01-19T04:47:02.7966320Z   PKG_CONFIG_PATH: /opt/hostedtoolcache/Python/3.11.14/x64/lib/pkgconfig
2026-01-19T04:47:02.7966739Z   Python_ROOT_DIR: /opt/hostedtoolcache/Python/3.11.14/x64
2026-01-19T04:47:02.7967104Z   Python2_ROOT_DIR: /opt/hostedtoolcache/Python/3.11.14/x64
2026-01-19T04:47:02.7967507Z   Python3_ROOT_DIR: /opt/hostedtoolcache/Python/3.11.14/x64
2026-01-19T04:47:02.7967869Z   LD_LIBRARY_PATH: /opt/hostedtoolcache/Python/3.11.14/x64/lib
2026-01-19T04:47:02.7968166Z ##[endgroup]
2026-01-19T04:47:03.0598619Z Multiple search paths detected. Calculating the least common ancestor of all paths
2026-01-19T04:47:03.0601227Z The least common ancestor is /home/runner/work/build_qa_automation/build_qa_automation/projects/ci_uitestingplayground. This will be the root directory of the artifact
2026-01-19T04:47:03.0603115Z With the provided path, there will be 2 files uploaded
2026-01-19T04:47:03.0607715Z Artifact name is valid!
2026-01-19T04:47:03.0609168Z Root directory input is valid!
2026-01-19T04:47:03.3707584Z Beginning upload of artifact content to blob storage
2026-01-19T04:47:03.6808397Z Uploaded bytes 3227
2026-01-19T04:47:03.7574111Z Finished uploading artifact content to blob storage!
2026-01-19T04:47:03.7576225Z SHA256 digest of uploaded artifact zip is 93f3621c6ac7609ac99065db63d0af3ec33aa09b281aa9e06c02d66c8a0b8089
2026-01-19T04:47:03.7578908Z Finalizing artifact upload
2026-01-19T04:47:03.9075149Z Artifact uitestingplayground-execution-results.zip successfully finalized. Artifact ID 5172548332
2026-01-19T04:47:03.9076164Z Artifact uitestingplayground-execution-results has been successfully uploaded! Final size is 3227 bytes. Artifact ID is 5172548332
2026-01-19T04:47:03.9083952Z Artifact download URL: https://github.com/vishvasmca-cmd/build_qa_automation/actions/runs/21124435194/artifacts/5172548332
2026-01-19T04:47:03.9411491Z Post job cleanup.
2026-01-19T04:47:04.1058887Z Cache hit occurred on the primary key setup-python-Linux-x64-24.04-Ubuntu-python-3.11.14-pip-dde08d0e0b672972dcda9f1a063036a2e0c226f5d0a20362e9401931676d80a4, not saving cache.
2026-01-19T04:47:04.1526852Z Post job cleanup.
2026-01-19T04:47:04.2581162Z [command]/usr/bin/git version
2026-01-19T04:47:04.2626108Z git version 2.52.0
2026-01-19T04:47:04.2675374Z Temporarily overriding HOME='/home/runner/work/_temp/28028107-a985-401c-ac05-667ba722d77b' before making global git config changes
2026-01-19T04:47:04.2676861Z Adding repository directory to the temporary git global config as a safe directory
2026-01-19T04:47:04.2692893Z [command]/usr/bin/git config --global --add safe.directory /home/runner/work/build_qa_automation/build_qa_automation
2026-01-19T04:47:04.2737159Z [command]/usr/bin/git config --local --name-only --get-regexp core\.sshCommand
2026-01-19T04:47:04.2778403Z [command]/usr/bin/git submodule foreach --recursive sh -c "git config --local --name-only --get-regexp 'core\.sshCommand' && git config --local --unset-all 'core.sshCommand' || :"
2026-01-19T04:47:04.3051612Z [command]/usr/bin/git config --local --name-only --get-regexp http\.https\:\/\/github\.com\/\.extraheader
2026-01-19T04:47:04.3079880Z http.https://github.com/.extraheader
2026-01-19T04:47:04.3094356Z [command]/usr/bin/git config --local --unset-all http.https://github.com/.extraheader
2026-01-19T04:47:04.3133484Z [command]/usr/bin/git submodule foreach --recursive sh -c "git config --local --name-only --get-regexp 'http\.https\:\/\/github\.com\/\.extraheader' && git config --local --unset-all 'http.https://github.com/.extraheader' || :"
2026-01-19T04:47:04.3398856Z [command]/usr/bin/git config --local --name-only --get-regexp ^includeIf\.gitdir:
2026-01-19T04:47:04.3437708Z [command]/usr/bin/git submodule foreach --recursive git config --local --show-origin --name-only --get-regexp remote.origin.url
2026-01-19T04:47:04.3830706Z Cleaning up orphan processes
