2026-01-20T00:18:15.8487177Z Current runner version: '2.331.0'
2026-01-20T00:18:15.8519983Z ##[group]Runner Image Provisioner
2026-01-20T00:18:15.8521219Z Hosted Compute Agent
2026-01-20T00:18:15.8522381Z Version: 20251211.462
2026-01-20T00:18:15.8523423Z Commit: 6cbad8c2bb55d58165063d031ccabf57e2d2db61
2026-01-20T00:18:15.8524945Z Build Date: 2025-12-11T16:28:49Z
2026-01-20T00:18:15.8526411Z Worker ID: {0c6e19fd-5f0e-423d-9814-b93e6df5c06f}
2026-01-20T00:18:15.8527536Z ##[endgroup]
2026-01-20T00:18:15.8528494Z ##[group]Operating System
2026-01-20T00:18:15.8529401Z Ubuntu
2026-01-20T00:18:15.8530153Z 24.04.3
2026-01-20T00:18:15.8530951Z LTS
2026-01-20T00:18:15.8531646Z ##[endgroup]
2026-01-20T00:18:15.8532513Z ##[group]Runner Image
2026-01-20T00:18:15.8533504Z Image: ubuntu-24.04
2026-01-20T00:18:15.8534499Z Version: 20260111.209.1
2026-01-20T00:18:15.8536214Z Included Software: https://github.com/actions/runner-images/blob/ubuntu24/20260111.209/images/ubuntu/Ubuntu2404-Readme.md
2026-01-20T00:18:15.8539351Z Image Release: https://github.com/actions/runner-images/releases/tag/ubuntu24%2F20260111.209
2026-01-20T00:18:15.8541277Z ##[endgroup]
2026-01-20T00:18:15.8543177Z ##[group]GITHUB_TOKEN Permissions
2026-01-20T00:18:15.8546359Z Contents: read
2026-01-20T00:18:15.8547275Z Metadata: read
2026-01-20T00:18:15.8548161Z Packages: read
2026-01-20T00:18:15.8549053Z ##[endgroup]
2026-01-20T00:18:15.8552352Z Secret source: Actions
2026-01-20T00:18:15.8553693Z Prepare workflow directory
2026-01-20T00:18:15.9021379Z Prepare all required actions
2026-01-20T00:18:15.9078674Z Getting action download info
2026-01-20T00:18:16.1360673Z Download action repository 'actions/checkout@v4' (SHA:34e114876b0b11c390a56381ad16ebd13914f8d5)
2026-01-20T00:18:16.2196602Z Download action repository 'actions/setup-python@v5' (SHA:a26af69be951a213d495a4c3e4e4022e16d87065)
2026-01-20T00:18:16.2996378Z Download action repository 'actions/upload-artifact@v4' (SHA:ea165f8d65b6e75b540449e92b4886f43607fa02)
2026-01-20T00:18:16.5314117Z Complete job name: test-websites-deep (w3schools_tryit, https://www.w3schools.com/html/tryit.asp?filename=tryhtml_de...
2026-01-20T00:18:16.6038145Z ##[group]Run actions/checkout@v4
2026-01-20T00:18:16.6038976Z with:
2026-01-20T00:18:16.6039418Z   repository: vishvasmca-cmd/build_qa_automation
2026-01-20T00:18:16.6040135Z   token: ***
2026-01-20T00:18:16.6040509Z   ssh-strict: true
2026-01-20T00:18:16.6040895Z   ssh-user: git
2026-01-20T00:18:16.6041292Z   persist-credentials: true
2026-01-20T00:18:16.6041732Z   clean: true
2026-01-20T00:18:16.6042128Z   sparse-checkout-cone-mode: true
2026-01-20T00:18:16.6042594Z   fetch-depth: 1
2026-01-20T00:18:16.6042965Z   fetch-tags: false
2026-01-20T00:18:16.6043354Z   show-progress: true
2026-01-20T00:18:16.6043747Z   lfs: false
2026-01-20T00:18:16.6044330Z   submodules: false
2026-01-20T00:18:16.6044724Z   set-safe-directory: true
2026-01-20T00:18:16.6045584Z ##[endgroup]
2026-01-20T00:18:16.7171748Z Syncing repository: vishvasmca-cmd/build_qa_automation
2026-01-20T00:18:16.7174828Z ##[group]Getting Git version info
2026-01-20T00:18:16.7175808Z Working directory is '/home/runner/work/build_qa_automation/build_qa_automation'
2026-01-20T00:18:16.7176864Z [command]/usr/bin/git version
2026-01-20T00:18:16.7227828Z git version 2.52.0
2026-01-20T00:18:16.7255573Z ##[endgroup]
2026-01-20T00:18:16.7281141Z Temporarily overriding HOME='/home/runner/work/_temp/d79ff1ee-e103-4f50-9ff0-1f0b75582cc7' before making global git config changes
2026-01-20T00:18:16.7283446Z Adding repository directory to the temporary git global config as a safe directory
2026-01-20T00:18:16.7288209Z [command]/usr/bin/git config --global --add safe.directory /home/runner/work/build_qa_automation/build_qa_automation
2026-01-20T00:18:16.7329022Z Deleting the contents of '/home/runner/work/build_qa_automation/build_qa_automation'
2026-01-20T00:18:16.7332789Z ##[group]Initializing the repository
2026-01-20T00:18:16.7338184Z [command]/usr/bin/git init /home/runner/work/build_qa_automation/build_qa_automation
2026-01-20T00:18:16.7434055Z hint: Using 'master' as the name for the initial branch. This default branch name
2026-01-20T00:18:16.7435873Z hint: will change to "main" in Git 3.0. To configure the initial branch name
2026-01-20T00:18:16.7437365Z hint: to use in all of your new repositories, which will suppress this warning,
2026-01-20T00:18:16.7438318Z hint: call:
2026-01-20T00:18:16.7438945Z hint:
2026-01-20T00:18:16.7440169Z hint: 	git config --global init.defaultBranch <name>
2026-01-20T00:18:16.7441217Z hint:
2026-01-20T00:18:16.7442197Z hint: Names commonly chosen instead of 'master' are 'main', 'trunk' and
2026-01-20T00:18:16.7443825Z hint: 'development'. The just-created branch can be renamed via this command:
2026-01-20T00:18:16.7445418Z hint:
2026-01-20T00:18:16.7446146Z hint: 	git branch -m <name>
2026-01-20T00:18:16.7446897Z hint:
2026-01-20T00:18:16.7447963Z hint: Disable this message with "git config set advice.defaultBranchName false"
2026-01-20T00:18:16.7449885Z Initialized empty Git repository in /home/runner/work/build_qa_automation/build_qa_automation/.git/
2026-01-20T00:18:16.7453097Z [command]/usr/bin/git remote add origin https://github.com/vishvasmca-cmd/build_qa_automation
2026-01-20T00:18:16.7487892Z ##[endgroup]
2026-01-20T00:18:16.7489034Z ##[group]Disabling automatic garbage collection
2026-01-20T00:18:16.7493098Z [command]/usr/bin/git config --local gc.auto 0
2026-01-20T00:18:16.7523198Z ##[endgroup]
2026-01-20T00:18:16.7524586Z ##[group]Setting up auth
2026-01-20T00:18:16.7531269Z [command]/usr/bin/git config --local --name-only --get-regexp core\.sshCommand
2026-01-20T00:18:16.7587327Z [command]/usr/bin/git submodule foreach --recursive sh -c "git config --local --name-only --get-regexp 'core\.sshCommand' && git config --local --unset-all 'core.sshCommand' || :"
2026-01-20T00:18:16.7925103Z [command]/usr/bin/git config --local --name-only --get-regexp http\.https\:\/\/github\.com\/\.extraheader
2026-01-20T00:18:16.7955529Z [command]/usr/bin/git submodule foreach --recursive sh -c "git config --local --name-only --get-regexp 'http\.https\:\/\/github\.com\/\.extraheader' && git config --local --unset-all 'http.https://github.com/.extraheader' || :"
2026-01-20T00:18:16.8192202Z [command]/usr/bin/git config --local --name-only --get-regexp ^includeIf\.gitdir:
2026-01-20T00:18:16.8225002Z [command]/usr/bin/git submodule foreach --recursive git config --local --show-origin --name-only --get-regexp remote.origin.url
2026-01-20T00:18:16.8475477Z [command]/usr/bin/git config --local http.https://github.com/.extraheader AUTHORIZATION: basic ***
2026-01-20T00:18:16.8517057Z ##[endgroup]
2026-01-20T00:18:16.8518025Z ##[group]Fetching the repository
2026-01-20T00:18:16.8529373Z [command]/usr/bin/git -c protocol.version=2 fetch --no-tags --prune --no-recurse-submodules --depth=1 origin +d25504decfc404871c7c3bd5ac186d61498b2813:refs/remotes/origin/main
2026-01-20T00:18:17.8596199Z From https://github.com/vishvasmca-cmd/build_qa_automation
2026-01-20T00:18:17.8598028Z  * [new ref]         d25504decfc404871c7c3bd5ac186d61498b2813 -> origin/main
2026-01-20T00:18:17.8632468Z ##[endgroup]
2026-01-20T00:18:17.8633820Z ##[group]Determining the checkout info
2026-01-20T00:18:17.8635734Z ##[endgroup]
2026-01-20T00:18:17.8640840Z [command]/usr/bin/git sparse-checkout disable
2026-01-20T00:18:17.8683310Z [command]/usr/bin/git config --local --unset-all extensions.worktreeConfig
2026-01-20T00:18:17.8712046Z ##[group]Checking out the ref
2026-01-20T00:18:17.8716366Z [command]/usr/bin/git checkout --progress --force -B main refs/remotes/origin/main
2026-01-20T00:18:18.0290315Z Switched to a new branch 'main'
2026-01-20T00:18:18.0291802Z branch 'main' set up to track 'origin/main'.
2026-01-20T00:18:18.0311212Z ##[endgroup]
2026-01-20T00:18:18.0349109Z [command]/usr/bin/git log -1 --format=%H
2026-01-20T00:18:18.0371898Z d25504decfc404871c7c3bd5ac186d61498b2813
2026-01-20T00:18:18.0696985Z ##[group]Run actions/setup-python@v5
2026-01-20T00:18:18.0698217Z with:
2026-01-20T00:18:18.0699055Z   python-version: 3.11
2026-01-20T00:18:18.0700010Z   cache: pip
2026-01-20T00:18:18.0701078Z   check-latest: false
2026-01-20T00:18:18.0702304Z   token: ***
2026-01-20T00:18:18.0703200Z   update-environment: true
2026-01-20T00:18:18.0704415Z   allow-prereleases: false
2026-01-20T00:18:18.0705456Z   freethreaded: false
2026-01-20T00:18:18.0706389Z ##[endgroup]
2026-01-20T00:18:18.2602065Z ##[group]Installed versions
2026-01-20T00:18:18.2702227Z Successfully set up CPython (3.11.14)
2026-01-20T00:18:18.2703272Z ##[endgroup]
2026-01-20T00:18:18.3913063Z [command]/opt/hostedtoolcache/Python/3.11.14/x64/bin/pip cache dir
2026-01-20T00:18:18.6916366Z /home/runner/.cache/pip
2026-01-20T00:18:18.8119144Z Cache hit for: setup-python-Linux-x64-24.04-Ubuntu-python-3.11.14-pip-dde08d0e0b672972dcda9f1a063036a2e0c226f5d0a20362e9401931676d80a4
2026-01-20T00:18:19.8653271Z Received 197132288 of 254742636 (77.4%), 187.8 MBs/sec
2026-01-20T00:18:20.1153259Z Received 254742636 of 254742636 (100.0%), 194.0 MBs/sec
2026-01-20T00:18:20.1154680Z Cache Size: ~243 MB (254742636 B)
2026-01-20T00:18:20.1270315Z [command]/usr/bin/tar -xf /home/runner/work/_temp/6661ed45-9980-4cef-9363-6641c2a0094d/cache.tzst -P -C /home/runner/work/build_qa_automation/build_qa_automation --use-compress-program unzstd
2026-01-20T00:18:20.5197944Z Cache restored successfully
2026-01-20T00:18:20.5679394Z Cache restored from key: setup-python-Linux-x64-24.04-Ubuntu-python-3.11.14-pip-dde08d0e0b672972dcda9f1a063036a2e0c226f5d0a20362e9401931676d80a4
2026-01-20T00:18:20.5915612Z ##[group]Run pip install -r requirements.txt
2026-01-20T00:18:20.5916035Z [36;1mpip install -r requirements.txt[0m
2026-01-20T00:18:20.5916333Z [36;1mplaywright install chromium[0m
2026-01-20T00:18:20.5954710Z shell: /usr/bin/bash -e {0}
2026-01-20T00:18:20.5954965Z env:
2026-01-20T00:18:20.5955236Z   pythonLocation: /opt/hostedtoolcache/Python/3.11.14/x64
2026-01-20T00:18:20.5955692Z   PKG_CONFIG_PATH: /opt/hostedtoolcache/Python/3.11.14/x64/lib/pkgconfig
2026-01-20T00:18:20.5956137Z   Python_ROOT_DIR: /opt/hostedtoolcache/Python/3.11.14/x64
2026-01-20T00:18:20.5956527Z   Python2_ROOT_DIR: /opt/hostedtoolcache/Python/3.11.14/x64
2026-01-20T00:18:20.5956908Z   Python3_ROOT_DIR: /opt/hostedtoolcache/Python/3.11.14/x64
2026-01-20T00:18:20.5957282Z   LD_LIBRARY_PATH: /opt/hostedtoolcache/Python/3.11.14/x64/lib
2026-01-20T00:18:20.5957591Z ##[endgroup]
2026-01-20T00:18:21.2017860Z Collecting playwright (from -r requirements.txt (line 1))
2026-01-20T00:18:21.2028882Z   Using cached playwright-1.57.0-py3-none-manylinux1_x86_64.whl.metadata (3.5 kB)
2026-01-20T00:18:21.2233057Z Collecting python-dotenv (from -r requirements.txt (line 2))
2026-01-20T00:18:21.2247760Z   Using cached python_dotenv-1.2.1-py3-none-any.whl.metadata (25 kB)
2026-01-20T00:18:21.2548278Z Collecting requests (from -r requirements.txt (line 3))
2026-01-20T00:18:21.2562284Z   Using cached requests-2.32.5-py3-none-any.whl.metadata (4.9 kB)
2026-01-20T00:18:21.4759640Z Collecting pillow (from -r requirements.txt (line 4))
2026-01-20T00:18:21.4776941Z   Using cached pillow-12.1.0-cp311-cp311-manylinux_2_27_x86_64.manylinux_2_28_x86_64.whl.metadata (8.8 kB)
2026-01-20T00:18:21.5166072Z Collecting google-genai>=0.3.0 (from -r requirements.txt (line 5))
2026-01-20T00:18:21.5180354Z   Using cached google_genai-1.59.0-py3-none-any.whl.metadata (53 kB)
2026-01-20T00:18:21.5355034Z Collecting termcolor (from -r requirements.txt (line 6))
2026-01-20T00:18:21.5368979Z   Using cached termcolor-3.3.0-py3-none-any.whl.metadata (6.5 kB)
2026-01-20T00:18:21.5763351Z Collecting PyYAML (from -r requirements.txt (line 7))
2026-01-20T00:18:21.5778748Z   Using cached pyyaml-6.0.3-cp311-cp311-manylinux2014_x86_64.manylinux_2_17_x86_64.manylinux_2_28_x86_64.whl.metadata (2.4 kB)
2026-01-20T00:18:21.6374924Z Collecting opencv-python-headless (from -r requirements.txt (line 8))
2026-01-20T00:18:21.6390022Z   Using cached opencv_python_headless-4.13.0.90-cp37-abi3-manylinux_2_28_x86_64.whl.metadata (19 kB)
2026-01-20T00:18:21.8445028Z Collecting numpy (from -r requirements.txt (line 9))
2026-01-20T00:18:21.8460208Z   Using cached numpy-2.4.1-cp311-cp311-manylinux_2_27_x86_64.manylinux_2_28_x86_64.whl.metadata (6.6 kB)
2026-01-20T00:18:21.9241197Z Collecting faker (from -r requirements.txt (line 10))
2026-01-20T00:18:21.9254984Z   Using cached faker-40.1.2-py3-none-any.whl.metadata (16 kB)
2026-01-20T00:18:21.9452971Z Collecting pyee<14,>=13 (from playwright->-r requirements.txt (line 1))
2026-01-20T00:18:21.9466446Z   Using cached pyee-13.0.0-py3-none-any.whl.metadata (2.9 kB)
2026-01-20T00:18:22.0676893Z Collecting greenlet<4.0.0,>=3.1.1 (from playwright->-r requirements.txt (line 1))
2026-01-20T00:18:22.0692514Z   Using cached greenlet-3.3.0-cp311-cp311-manylinux_2_24_x86_64.manylinux_2_28_x86_64.whl.metadata (4.1 kB)
2026-01-20T00:18:22.0945877Z Collecting typing-extensions (from pyee<14,>=13->playwright->-r requirements.txt (line 1))
2026-01-20T00:18:22.0960798Z   Using cached typing_extensions-4.15.0-py3-none-any.whl.metadata (3.3 kB)
2026-01-20T00:18:22.1827671Z Collecting charset_normalizer<4,>=2 (from requests->-r requirements.txt (line 3))
2026-01-20T00:18:22.1842866Z   Using cached charset_normalizer-3.4.4-cp311-cp311-manylinux2014_x86_64.manylinux_2_17_x86_64.manylinux_2_28_x86_64.whl.metadata (37 kB)
2026-01-20T00:18:22.2025582Z Collecting idna<4,>=2.5 (from requests->-r requirements.txt (line 3))
2026-01-20T00:18:22.2038588Z   Using cached idna-3.11-py3-none-any.whl.metadata (8.4 kB)
2026-01-20T00:18:22.2395929Z Collecting urllib3<3,>=1.21.1 (from requests->-r requirements.txt (line 3))
2026-01-20T00:18:22.2416610Z   Using cached urllib3-2.6.3-py3-none-any.whl.metadata (6.9 kB)
2026-01-20T00:18:22.2650041Z Collecting certifi>=2017.4.17 (from requests->-r requirements.txt (line 3))
2026-01-20T00:18:22.2663502Z   Using cached certifi-2026.1.4-py3-none-any.whl.metadata (2.5 kB)
2026-01-20T00:18:22.2919467Z Collecting anyio<5.0.0,>=4.8.0 (from google-genai>=0.3.0->-r requirements.txt (line 5))
2026-01-20T00:18:22.2932436Z   Using cached anyio-4.12.1-py3-none-any.whl.metadata (4.3 kB)
2026-01-20T00:18:22.3358367Z Collecting google-auth<3.0.0,>=2.47.0 (from google-auth[requests]<3.0.0,>=2.47.0->google-genai>=0.3.0->-r requirements.txt (line 5))
2026-01-20T00:18:22.3371132Z   Using cached google_auth-2.47.0-py3-none-any.whl.metadata (6.4 kB)
2026-01-20T00:18:22.3707517Z Collecting httpx<1.0.0,>=0.28.1 (from google-genai>=0.3.0->-r requirements.txt (line 5))
2026-01-20T00:18:22.3720246Z   Using cached httpx-0.28.1-py3-none-any.whl.metadata (7.1 kB)
2026-01-20T00:18:22.5286543Z Collecting pydantic<3.0.0,>=2.9.0 (from google-genai>=0.3.0->-r requirements.txt (line 5))
2026-01-20T00:18:22.5301441Z   Using cached pydantic-2.12.5-py3-none-any.whl.metadata (90 kB)
2026-01-20T00:18:22.5608830Z Collecting tenacity<9.2.0,>=8.2.3 (from google-genai>=0.3.0->-r requirements.txt (line 5))
2026-01-20T00:18:22.5622548Z   Using cached tenacity-9.1.2-py3-none-any.whl.metadata (1.2 kB)
2026-01-20T00:18:22.6698240Z Collecting websockets<15.1.0,>=13.0.0 (from google-genai>=0.3.0->-r requirements.txt (line 5))
2026-01-20T00:18:22.6713204Z   Using cached websockets-15.0.1-cp311-cp311-manylinux_2_5_x86_64.manylinux1_x86_64.manylinux_2_17_x86_64.manylinux2014_x86_64.whl.metadata (6.8 kB)
2026-01-20T00:18:22.6894811Z Collecting distro<2,>=1.7.0 (from google-genai>=0.3.0->-r requirements.txt (line 5))
2026-01-20T00:18:22.6908387Z   Using cached distro-1.9.0-py3-none-any.whl.metadata (6.8 kB)
2026-01-20T00:18:22.7032849Z Collecting sniffio (from google-genai>=0.3.0->-r requirements.txt (line 5))
2026-01-20T00:18:22.7046078Z   Using cached sniffio-1.3.1-py3-none-any.whl.metadata (3.9 kB)
2026-01-20T00:18:22.7386745Z Collecting pyasn1-modules>=0.2.1 (from google-auth<3.0.0,>=2.47.0->google-auth[requests]<3.0.0,>=2.47.0->google-genai>=0.3.0->-r requirements.txt (line 5))
2026-01-20T00:18:22.7399694Z   Using cached pyasn1_modules-0.4.2-py3-none-any.whl.metadata (3.5 kB)
2026-01-20T00:18:22.7582059Z Collecting rsa<5,>=3.1.4 (from google-auth<3.0.0,>=2.47.0->google-auth[requests]<3.0.0,>=2.47.0->google-genai>=0.3.0->-r requirements.txt (line 5))
2026-01-20T00:18:22.7602632Z   Using cached rsa-4.9.1-py3-none-any.whl.metadata (5.6 kB)
2026-01-20T00:18:22.7929949Z Collecting httpcore==1.* (from httpx<1.0.0,>=0.28.1->google-genai>=0.3.0->-r requirements.txt (line 5))
2026-01-20T00:18:22.7943020Z   Using cached httpcore-1.0.9-py3-none-any.whl.metadata (21 kB)
2026-01-20T00:18:22.8122476Z Collecting h11>=0.16 (from httpcore==1.*->httpx<1.0.0,>=0.28.1->google-genai>=0.3.0->-r requirements.txt (line 5))
2026-01-20T00:18:22.8135869Z   Using cached h11-0.16.0-py3-none-any.whl.metadata (8.3 kB)
2026-01-20T00:18:22.8298182Z Collecting annotated-types>=0.6.0 (from pydantic<3.0.0,>=2.9.0->google-genai>=0.3.0->-r requirements.txt (line 5))
2026-01-20T00:18:22.8310903Z   Using cached annotated_types-0.7.0-py3-none-any.whl.metadata (15 kB)
2026-01-20T00:18:23.4845538Z Collecting pydantic-core==2.41.5 (from pydantic<3.0.0,>=2.9.0->google-genai>=0.3.0->-r requirements.txt (line 5))
2026-01-20T00:18:23.4861389Z   Using cached pydantic_core-2.41.5-cp311-cp311-manylinux_2_17_x86_64.manylinux2014_x86_64.whl.metadata (7.3 kB)
2026-01-20T00:18:23.5024651Z Collecting typing-inspection>=0.4.2 (from pydantic<3.0.0,>=2.9.0->google-genai>=0.3.0->-r requirements.txt (line 5))
2026-01-20T00:18:23.5038401Z   Using cached typing_inspection-0.4.2-py3-none-any.whl.metadata (2.6 kB)
2026-01-20T00:18:23.5733712Z Collecting pyasn1>=0.1.3 (from rsa<5,>=3.1.4->google-auth<3.0.0,>=2.47.0->google-auth[requests]<3.0.0,>=2.47.0->google-genai>=0.3.0->-r requirements.txt (line 5))
2026-01-20T00:18:23.5748934Z   Using cached pyasn1-0.6.2-py3-none-any.whl.metadata (8.4 kB)
2026-01-20T00:18:23.5994470Z Using cached playwright-1.57.0-py3-none-manylinux1_x86_64.whl (46.0 MB)
2026-01-20T00:18:23.6341566Z Using cached greenlet-3.3.0-cp311-cp311-manylinux_2_24_x86_64.manylinux_2_28_x86_64.whl (590 kB)
2026-01-20T00:18:23.6358258Z Using cached pyee-13.0.0-py3-none-any.whl (15 kB)
2026-01-20T00:18:23.6371390Z Using cached python_dotenv-1.2.1-py3-none-any.whl (21 kB)
2026-01-20T00:18:23.6384492Z Using cached requests-2.32.5-py3-none-any.whl (64 kB)
2026-01-20T00:18:23.6398458Z Using cached charset_normalizer-3.4.4-cp311-cp311-manylinux2014_x86_64.manylinux_2_17_x86_64.manylinux_2_28_x86_64.whl (151 kB)
2026-01-20T00:18:23.6411807Z Using cached idna-3.11-py3-none-any.whl (71 kB)
2026-01-20T00:18:23.6425297Z Using cached urllib3-2.6.3-py3-none-any.whl (131 kB)
2026-01-20T00:18:23.6439330Z Using cached pillow-12.1.0-cp311-cp311-manylinux_2_27_x86_64.manylinux_2_28_x86_64.whl (7.0 MB)
2026-01-20T00:18:23.6500609Z Using cached google_genai-1.59.0-py3-none-any.whl (719 kB)
2026-01-20T00:18:23.6518540Z Using cached anyio-4.12.1-py3-none-any.whl (113 kB)
2026-01-20T00:18:23.6531879Z Using cached distro-1.9.0-py3-none-any.whl (20 kB)
2026-01-20T00:18:23.6544944Z Using cached google_auth-2.47.0-py3-none-any.whl (234 kB)
2026-01-20T00:18:23.6559054Z Using cached httpx-0.28.1-py3-none-any.whl (73 kB)
2026-01-20T00:18:23.6572149Z Using cached httpcore-1.0.9-py3-none-any.whl (78 kB)
2026-01-20T00:18:23.6585403Z Using cached pydantic-2.12.5-py3-none-any.whl (463 kB)
2026-01-20T00:18:23.6601763Z Using cached pydantic_core-2.41.5-cp311-cp311-manylinux_2_17_x86_64.manylinux2014_x86_64.whl (2.1 MB)
2026-01-20T00:18:23.6629432Z Using cached rsa-4.9.1-py3-none-any.whl (34 kB)
2026-01-20T00:18:23.6642218Z Using cached tenacity-9.1.2-py3-none-any.whl (28 kB)
2026-01-20T00:18:23.6655323Z Using cached typing_extensions-4.15.0-py3-none-any.whl (44 kB)
2026-01-20T00:18:23.6668960Z Using cached websockets-15.0.1-cp311-cp311-manylinux_2_5_x86_64.manylinux1_x86_64.manylinux_2_17_x86_64.manylinux2014_x86_64.whl (182 kB)
2026-01-20T00:18:23.6682550Z Using cached termcolor-3.3.0-py3-none-any.whl (7.7 kB)
2026-01-20T00:18:23.6696269Z Using cached pyyaml-6.0.3-cp311-cp311-manylinux2014_x86_64.manylinux_2_17_x86_64.manylinux_2_28_x86_64.whl (806 kB)
2026-01-20T00:18:23.6714700Z Using cached opencv_python_headless-4.13.0.90-cp37-abi3-manylinux_2_28_x86_64.whl (62.5 MB)
2026-01-20T00:18:23.7165874Z Using cached numpy-2.4.1-cp311-cp311-manylinux_2_27_x86_64.manylinux_2_28_x86_64.whl (16.7 MB)
2026-01-20T00:18:23.7294482Z Using cached faker-40.1.2-py3-none-any.whl (2.0 MB)
2026-01-20T00:18:23.7320843Z Using cached annotated_types-0.7.0-py3-none-any.whl (13 kB)
2026-01-20T00:18:23.7334506Z Using cached certifi-2026.1.4-py3-none-any.whl (152 kB)
2026-01-20T00:18:23.7348214Z Using cached h11-0.16.0-py3-none-any.whl (37 kB)
2026-01-20T00:18:23.7361232Z Using cached pyasn1-0.6.2-py3-none-any.whl (83 kB)
2026-01-20T00:18:23.7374719Z Using cached pyasn1_modules-0.4.2-py3-none-any.whl (181 kB)
2026-01-20T00:18:23.7388891Z Using cached typing_inspection-0.4.2-py3-none-any.whl (14 kB)
2026-01-20T00:18:23.7401820Z Using cached sniffio-1.3.1-py3-none-any.whl (10 kB)
2026-01-20T00:18:23.9391247Z Installing collected packages: websockets, urllib3, typing-extensions, termcolor, tenacity, sniffio, PyYAML, python-dotenv, pyasn1, pillow, numpy, idna, h11, greenlet, faker, distro, charset_normalizer, certifi, annotated-types, typing-inspection, rsa, requests, pyee, pydantic-core, pyasn1-modules, opencv-python-headless, httpcore, anyio, pydantic, playwright, httpx, google-auth, google-genai
2026-01-20T00:18:30.7240159Z 
2026-01-20T00:18:30.7263630Z Successfully installed PyYAML-6.0.3 annotated-types-0.7.0 anyio-4.12.1 certifi-2026.1.4 charset_normalizer-3.4.4 distro-1.9.0 faker-40.1.2 google-auth-2.47.0 google-genai-1.59.0 greenlet-3.3.0 h11-0.16.0 httpcore-1.0.9 httpx-0.28.1 idna-3.11 numpy-2.4.1 opencv-python-headless-4.13.0.90 pillow-12.1.0 playwright-1.57.0 pyasn1-0.6.2 pyasn1-modules-0.4.2 pydantic-2.12.5 pydantic-core-2.41.5 pyee-13.0.0 python-dotenv-1.2.1 requests-2.32.5 rsa-4.9.1 sniffio-1.3.1 tenacity-9.1.2 termcolor-3.3.0 typing-extensions-4.15.0 typing-inspection-0.4.2 urllib3-2.6.3 websockets-15.0.1
2026-01-20T00:18:31.3116912Z Downloading Chromium 143.0.7499.4 (playwright build v1200) from https://cdn.playwright.dev/dbazure/download/playwright/builds/chromium/1200/chromium-linux.zip
2026-01-20T00:18:31.4082157Z (node:2186) [DEP0169] DeprecationWarning: `url.parse()` behavior is not standardized and prone to errors that have security implications. Use the WHATWG URL API instead. CVEs are not issued for `url.parse()` vulnerabilities.
2026-01-20T00:18:31.4083786Z (Use `node --trace-deprecation ...` to show where the warning was created)
2026-01-20T00:18:31.4794246Z |                                                                                |   0% of 164.7 MiB
2026-01-20T00:18:31.6174404Z |■■■■■■■■                                                                        |  10% of 164.7 MiB
2026-01-20T00:18:31.7092612Z |■■■■■■■■■■■■■■■■                                                                |  20% of 164.7 MiB
2026-01-20T00:18:31.7915684Z |■■■■■■■■■■■■■■■■■■■■■■■■                                                        |  30% of 164.7 MiB
2026-01-20T00:18:31.8713033Z |■■■■■■■■■■■■■■■■■■■■■■■■■■■■■■■■                                                |  40% of 164.7 MiB
2026-01-20T00:18:31.9572543Z |■■■■■■■■■■■■■■■■■■■■■■■■■■■■■■■■■■■■■■■■                                        |  50% of 164.7 MiB
2026-01-20T00:18:32.0143634Z |■■■■■■■■■■■■■■■■■■■■■■■■■■■■■■■■■■■■■■■■■■■■■■■■                                |  60% of 164.7 MiB
2026-01-20T00:18:32.0630053Z |■■■■■■■■■■■■■■■■■■■■■■■■■■■■■■■■■■■■■■■■■■■■■■■■■■■■■■■■                        |  70% of 164.7 MiB
2026-01-20T00:18:32.1332590Z |■■■■■■■■■■■■■■■■■■■■■■■■■■■■■■■■■■■■■■■■■■■■■■■■■■■■■■■■■■■■■■■■                |  80% of 164.7 MiB
2026-01-20T00:18:32.2041974Z |■■■■■■■■■■■■■■■■■■■■■■■■■■■■■■■■■■■■■■■■■■■■■■■■■■■■■■■■■■■■■■■■■■■■■■■■        |  90% of 164.7 MiB
2026-01-20T00:18:32.2712845Z |■■■■■■■■■■■■■■■■■■■■■■■■■■■■■■■■■■■■■■■■■■■■■■■■■■■■■■■■■■■■■■■■■■■■■■■■■■■■■■■■| 100% of 164.7 MiB
2026-01-20T00:18:34.8606231Z Chromium 143.0.7499.4 (playwright build v1200) downloaded to /home/runner/.cache/ms-playwright/chromium-1200
2026-01-20T00:18:34.8610724Z Downloading FFMPEG playwright build v1011 from https://cdn.playwright.dev/dbazure/download/playwright/builds/ffmpeg/1011/ffmpeg-linux.zip
2026-01-20T00:18:34.9581059Z (node:2197) [DEP0169] DeprecationWarning: `url.parse()` behavior is not standardized and prone to errors that have security implications. Use the WHATWG URL API instead. CVEs are not issued for `url.parse()` vulnerabilities.
2026-01-20T00:18:34.9583279Z (Use `node --trace-deprecation ...` to show where the warning was created)
2026-01-20T00:18:35.0499557Z |                                                                                |   0% of 2.3 MiB
2026-01-20T00:18:35.0741571Z |■■■■■■■■                                                                        |  10% of 2.3 MiB
2026-01-20T00:18:35.0815357Z |■■■■■■■■■■■■■■■■                                                                |  20% of 2.3 MiB
2026-01-20T00:18:35.0875550Z |■■■■■■■■■■■■■■■■■■■■■■■■                                                        |  30% of 2.3 MiB
2026-01-20T00:18:35.0913713Z |■■■■■■■■■■■■■■■■■■■■■■■■■■■■■■■■                                                |  40% of 2.3 MiB
2026-01-20T00:18:35.0961053Z |■■■■■■■■■■■■■■■■■■■■■■■■■■■■■■■■■■■■■■■■                                        |  50% of 2.3 MiB
2026-01-20T00:18:35.0979874Z |■■■■■■■■■■■■■■■■■■■■■■■■■■■■■■■■■■■■■■■■■■■■■■■■                                |  60% of 2.3 MiB
2026-01-20T00:18:35.0992606Z |■■■■■■■■■■■■■■■■■■■■■■■■■■■■■■■■■■■■■■■■■■■■■■■■■■■■■■■■                        |  70% of 2.3 MiB
2026-01-20T00:18:35.1052099Z |■■■■■■■■■■■■■■■■■■■■■■■■■■■■■■■■■■■■■■■■■■■■■■■■■■■■■■■■■■■■■■■■                |  80% of 2.3 MiB
2026-01-20T00:18:35.1089474Z |■■■■■■■■■■■■■■■■■■■■■■■■■■■■■■■■■■■■■■■■■■■■■■■■■■■■■■■■■■■■■■■■■■■■■■■■        |  90% of 2.3 MiB
2026-01-20T00:18:35.1192016Z |■■■■■■■■■■■■■■■■■■■■■■■■■■■■■■■■■■■■■■■■■■■■■■■■■■■■■■■■■■■■■■■■■■■■■■■■■■■■■■■■| 100% of 2.3 MiB
2026-01-20T00:18:35.1810270Z FFMPEG playwright build v1011 downloaded to /home/runner/.cache/ms-playwright/ffmpeg-1011
2026-01-20T00:18:35.1814251Z Downloading Chromium Headless Shell 143.0.7499.4 (playwright build v1200) from https://cdn.playwright.dev/dbazure/download/playwright/builds/chromium/1200/chromium-headless-shell-linux.zip
2026-01-20T00:18:35.2841632Z (node:2208) [DEP0169] DeprecationWarning: `url.parse()` behavior is not standardized and prone to errors that have security implications. Use the WHATWG URL API instead. CVEs are not issued for `url.parse()` vulnerabilities.
2026-01-20T00:18:35.2843527Z (Use `node --trace-deprecation ...` to show where the warning was created)
2026-01-20T00:18:35.3582380Z |                                                                                |   0% of 109.7 MiB
2026-01-20T00:18:35.4585948Z |■■■■■■■■                                                                        |  10% of 109.7 MiB
2026-01-20T00:18:35.5234005Z |■■■■■■■■■■■■■■■■                                                                |  20% of 109.7 MiB
2026-01-20T00:18:35.5789720Z |■■■■■■■■■■■■■■■■■■■■■■■■                                                        |  30% of 109.7 MiB
2026-01-20T00:18:35.6302975Z |■■■■■■■■■■■■■■■■■■■■■■■■■■■■■■■■                                                |  40% of 109.7 MiB
2026-01-20T00:18:35.6916148Z |■■■■■■■■■■■■■■■■■■■■■■■■■■■■■■■■■■■■■■■■                                        |  50% of 109.7 MiB
2026-01-20T00:18:35.7438300Z |■■■■■■■■■■■■■■■■■■■■■■■■■■■■■■■■■■■■■■■■■■■■■■■■                                |  60% of 109.7 MiB
2026-01-20T00:18:35.7971724Z |■■■■■■■■■■■■■■■■■■■■■■■■■■■■■■■■■■■■■■■■■■■■■■■■■■■■■■■■                        |  70% of 109.7 MiB
2026-01-20T00:18:35.8352561Z |■■■■■■■■■■■■■■■■■■■■■■■■■■■■■■■■■■■■■■■■■■■■■■■■■■■■■■■■■■■■■■■■                |  80% of 109.7 MiB
2026-01-20T00:18:35.8785272Z |■■■■■■■■■■■■■■■■■■■■■■■■■■■■■■■■■■■■■■■■■■■■■■■■■■■■■■■■■■■■■■■■■■■■■■■■        |  90% of 109.7 MiB
2026-01-20T00:18:35.9169103Z |■■■■■■■■■■■■■■■■■■■■■■■■■■■■■■■■■■■■■■■■■■■■■■■■■■■■■■■■■■■■■■■■■■■■■■■■■■■■■■■■| 100% of 109.7 MiB
2026-01-20T00:18:37.8685726Z Chromium Headless Shell 143.0.7499.4 (playwright build v1200) downloaded to /home/runner/.cache/ms-playwright/chromium_headless_shell-1200
2026-01-20T00:18:37.8902984Z ##[group]Run mkdir -p projects/ci_w3schools_tryit
2026-01-20T00:18:37.8903396Z [36;1mmkdir -p projects/ci_w3schools_tryit[0m
2026-01-20T00:18:37.8903792Z [36;1mcat > projects/ci_w3schools_tryit/config.json << 'EOF'[0m
2026-01-20T00:18:37.8904391Z [36;1m{[0m
2026-01-20T00:18:37.8904597Z [36;1m  "project_name": "ci_w3schools_tryit",[0m
2026-01-20T00:18:37.8905052Z [36;1m  "target_url": "https://www.w3schools.com/html/tryit.asp?filename=tryhtml_default",[0m
2026-01-20T00:18:37.8905501Z [36;1m  "goal": "Test HTML editor",[0m
2026-01-20T00:18:37.8905756Z [36;1m  "headless": true[0m
2026-01-20T00:18:37.8905966Z [36;1m}[0m
2026-01-20T00:18:37.8906128Z [36;1mEOF[0m
2026-01-20T00:18:37.8938831Z shell: /usr/bin/bash -e {0}
2026-01-20T00:18:37.8939061Z env:
2026-01-20T00:18:37.8939334Z   pythonLocation: /opt/hostedtoolcache/Python/3.11.14/x64
2026-01-20T00:18:37.8939756Z   PKG_CONFIG_PATH: /opt/hostedtoolcache/Python/3.11.14/x64/lib/pkgconfig
2026-01-20T00:18:37.8940209Z   Python_ROOT_DIR: /opt/hostedtoolcache/Python/3.11.14/x64
2026-01-20T00:18:37.8940575Z   Python2_ROOT_DIR: /opt/hostedtoolcache/Python/3.11.14/x64
2026-01-20T00:18:37.8940948Z   Python3_ROOT_DIR: /opt/hostedtoolcache/Python/3.11.14/x64
2026-01-20T00:18:37.8941315Z   LD_LIBRARY_PATH: /opt/hostedtoolcache/Python/3.11.14/x64/lib
2026-01-20T00:18:37.8941619Z ##[endgroup]
2026-01-20T00:18:37.9047765Z ##[group]Run # Use --deep for comprehensive regression suite
2026-01-20T00:18:37.9048207Z [36;1m# Use --deep for comprehensive regression suite[0m
2026-01-20T00:18:37.9048655Z [36;1mpython orchestrator.py --project projects/ci_w3schools_tryit --deep --force[0m
2026-01-20T00:18:37.9078483Z shell: /usr/bin/bash -e {0}
2026-01-20T00:18:37.9078720Z env:
2026-01-20T00:18:37.9078980Z   pythonLocation: /opt/hostedtoolcache/Python/3.11.14/x64
2026-01-20T00:18:37.9079401Z   PKG_CONFIG_PATH: /opt/hostedtoolcache/Python/3.11.14/x64/lib/pkgconfig
2026-01-20T00:18:37.9079815Z   Python_ROOT_DIR: /opt/hostedtoolcache/Python/3.11.14/x64
2026-01-20T00:18:37.9080188Z   Python2_ROOT_DIR: /opt/hostedtoolcache/Python/3.11.14/x64
2026-01-20T00:18:37.9080711Z   Python3_ROOT_DIR: /opt/hostedtoolcache/Python/3.11.14/x64
2026-01-20T00:18:37.9081080Z   LD_LIBRARY_PATH: /opt/hostedtoolcache/Python/3.11.14/x64/lib
2026-01-20T00:18:37.9081582Z   GOOGLE_API_KEY: ***
2026-01-20T00:18:37.9081814Z   PYTHONPATH: .
2026-01-20T00:18:37.9081991Z ##[endgroup]
2026-01-20T00:18:39.5478486Z 🚀 [DEEP] Extensive mapping enabled (Depth: 3, Pages: 50)
2026-01-20T00:18:39.5478887Z 
2026-01-20T00:18:39.5479670Z 🗺️ [DISCOVERY] Starting Parallel Semantic Crawl on https://www.w3schools.com/html/tryit.asp?filename=tryhtml_default (Workers: 3)
2026-01-20T00:18:39.9799902Z   🔍 [Worker 0] Visiting (0): https://www.w3schools.com/html/tryit.asp?filename=tryhtml_default
2026-01-20T00:18:41.0116184Z [DEBUG] Sending request to gemini-2.0-flash. Number of parts: 1
2026-01-20T00:18:41.0122383Z [DEBUG] Received response (Length: 214)
2026-01-20T00:18:41.0125522Z   🔍 [Worker 1] Visiting (1): https://www.w3schools.com/about/about_copyright.asp
2026-01-20T00:18:41.0135496Z   🔍 [Worker 2] Visiting (1): https://spaces.w3schools.com
2026-01-20T00:18:41.0599992Z   🔍 [Worker 0] Visiting (1): https://www.w3schools.com/spaces
2026-01-20T00:18:45.9966635Z [DEBUG] Sending request to gemini-2.0-flash. Number of parts: 1
2026-01-20T00:18:45.9967282Z [DEBUG] Sending request to gemini-2.0-flash. Number of parts: 1
2026-01-20T00:18:45.9967712Z [DEBUG] Sending request to gemini-2.0-flash. Number of parts: 1
2026-01-20T00:18:45.9968773Z [DEBUG] LLM Error: 429 RESOURCE_EXHAUSTED. {'error': {'code': 429, 'message': 'Resource exhausted. Please try again later. Please refer to https://cloud.google.com/vertex-ai/generative-ai/docs/error-code-429 for more details.', 'status': 'RESOURCE_EXHAUSTED'}}
2026-01-20T00:18:45.9970080Z ⚠️ 429 Rate Limit Hit. Cooling down for 60s...
2026-01-20T00:18:45.9970377Z [DEBUG] Received response (Length: 287)
2026-01-20T00:18:45.9970832Z   🔍 [Worker 0] Visiting (1): https://www.w3schools.com/about/about_privacy.asp
2026-01-20T00:18:46.0789656Z [DEBUG] Received response (Length: 336)
2026-01-20T00:18:46.0790931Z   🔍 [Worker 1] Visiting (1): https://www.w3schools.com
2026-01-20T00:18:51.1497217Z [DEBUG] Sending request to gemini-2.0-flash. Number of parts: 1
2026-01-20T00:18:51.1498384Z [DEBUG] Sending request to gemini-2.0-flash. Number of parts: 1
2026-01-20T00:18:51.1505316Z [DEBUG] LLM Error: 429 RESOURCE_EXHAUSTED. {'error': {'code': 429, 'message': 'Resource exhausted. Please try again later. Please refer to https://cloud.google.com/vertex-ai/generative-ai/docs/error-code-429 for more details.', 'status': 'RESOURCE_EXHAUSTED'}}
2026-01-20T00:18:51.1507495Z ⚠️ 429 Rate Limit Hit. Cooling down for 60s...
2026-01-20T00:18:51.1508015Z [DEBUG] Received response (Length: 262)
2026-01-20T00:18:51.1508732Z   🔍 [Worker 0] Visiting (2): https://spaces.w3schools.com/space
2026-01-20T00:18:55.9414707Z [DEBUG] Sending request to gemini-2.0-flash. Number of parts: 1
2026-01-20T00:18:55.9415329Z [DEBUG] Received response (Length: 163)
2026-01-20T00:18:55.9416346Z   🔍 [Worker 0] Visiting (2): http://www.w3schools.com/accessibility/index.php
2026-01-20T00:19:01.2961775Z [DEBUG] Sending request to gemini-2.0-flash. Number of parts: 1
2026-01-20T00:19:01.2962755Z [DEBUG] Received response (Length: 444)
2026-01-20T00:19:01.2965486Z   🔍 [Worker 0] Visiting (2): http://www.w3schools.com/php/default.asp
2026-01-20T00:19:06.1131184Z [DEBUG] Sending request to gemini-2.0-flash. Number of parts: 1
2026-01-20T00:19:06.1131891Z [DEBUG] Received response (Length: 336)
2026-01-20T00:19:06.1132963Z   🔍 [Worker 0] Visiting (2): http://www.w3schools.com/java/java_ref_reference.asp
2026-01-20T00:19:45.6665760Z [DEBUG] Sending request to gemini-2.0-flash. Number of parts: 1
2026-01-20T00:19:45.6668975Z [DEBUG] LLM Error: 429 RESOURCE_EXHAUSTED. {'error': {'code': 429, 'message': 'Resource exhausted. Please try again later. Please refer to https://cloud.google.com/vertex-ai/generative-ai/docs/error-code-429 for more details.', 'status': 'RESOURCE_EXHAUSTED'}}
2026-01-20T00:19:45.6671370Z ⚠️ 429 Rate Limit Hit. Cooling down for 60s...
2026-01-20T00:19:45.6672398Z [CACHE HIT] 5a7f79c6... (hits: 1, misses: 10)
2026-01-20T00:19:45.6674943Z   🔍 [Worker 2] Visiting (2): http://www.w3schools.com/php/php_exercises.asp
2026-01-20T00:19:47.4059004Z [DEBUG] Sending request to gemini-2.0-flash. Number of parts: 1
2026-01-20T00:19:47.4060367Z [DEBUG] Received response (Length: 307)
2026-01-20T00:19:47.4067460Z   🔍 [Worker 2] Visiting (2): https://campus.w3schools.com/products/excel-certificate
2026-01-20T00:19:52.2235906Z [DEBUG] Sending request to gemini-2.0-flash. Number of parts: 1
2026-01-20T00:19:52.2245250Z [DEBUG] Sending request to gemini-2.0-flash. Number of parts: 1
2026-01-20T00:19:52.2246219Z [DEBUG] Received response (Length: 200)
2026-01-20T00:19:52.2247519Z   🔍 [Worker 2] Visiting (2): http://www.w3schools.com/bootcamp/nodejs.php
2026-01-20T00:19:54.6845218Z [DEBUG] Received response (Length: 501)
2026-01-20T00:19:54.6846779Z   🔍 [Worker 1] Visiting (2): http://www.w3schools.com/python/scipy/scipy_quiz.php
2026-01-20T00:19:57.2997052Z [DEBUG] Sending request to gemini-2.0-flash. Number of parts: 1
2026-01-20T00:19:57.2997785Z [DEBUG] Sending request to gemini-2.0-flash. Number of parts: 1
2026-01-20T00:19:57.2998365Z [DEBUG] Received response (Length: 248)
2026-01-20T00:19:57.2999531Z   🔍 [Worker 1] Visiting (2): http://www.w3schools.com/angular/angularjs_ref_directives.asp
2026-01-20T00:19:57.4447626Z [DEBUG] Received response (Length: 364)
2026-01-20T00:19:57.4449318Z   🔍 [Worker 2] Visiting (2): https://campus.w3schools.com/products/pandas-certification-exam
2026-01-20T00:20:02.2559536Z [DEBUG] Sending request to gemini-2.0-flash. Number of parts: 1
2026-01-20T00:20:02.2561386Z [DEBUG] Sending request to gemini-2.0-flash. Number of parts: 1
2026-01-20T00:20:02.2562036Z [DEBUG] Received response (Length: 184)
2026-01-20T00:20:02.2562514Z [DEBUG] Received response (Length: 203)
2026-01-20T00:20:02.2563453Z   🔍 [Worker 1] Visiting (2): http://www.w3schools.com/css/css_quiz.asp
2026-01-20T00:20:02.2872158Z   🔍 [Worker 2] Visiting (2): http://www.w3schools.com/icons/icons_reference.asp
2026-01-20T00:20:07.6147475Z [DEBUG] Sending request to gemini-2.0-flash. Number of parts: 1
2026-01-20T00:20:07.6148935Z [DEBUG] Sending request to gemini-2.0-flash. Number of parts: 1
2026-01-20T00:20:07.6150773Z [DEBUG] LLM Error: 429 RESOURCE_EXHAUSTED. {'error': {'code': 429, 'message': 'Resource exhausted. Please try again later. Please refer to https://cloud.google.com/vertex-ai/generative-ai/docs/error-code-429 for more details.', 'status': 'RESOURCE_EXHAUSTED'}}
2026-01-20T00:20:07.6152811Z ⚠️ 429 Rate Limit Hit. Cooling down for 60s...
2026-01-20T00:20:07.6153316Z [DEBUG] Received response (Length: 478)
2026-01-20T00:20:07.6154334Z   🔍 [Worker 1] Visiting (2): http://www.w3schools.com/angular/angular_quiz.asp
2026-01-20T00:20:09.0699160Z [DEBUG] Sending request to gemini-2.0-flash. Number of parts: 1
2026-01-20T00:20:09.0700284Z [DEBUG] Received response (Length: 446)
2026-01-20T00:20:09.0702039Z   🔍 [Worker 1] Visiting (2): https://campus.w3schools.com/products/vue-js-certification-exam
2026-01-20T00:20:13.7431502Z [DEBUG] Sending request to gemini-2.0-flash. Number of parts: 1
2026-01-20T00:20:13.7432606Z [DEBUG] Sending request to gemini-2.0-flash. Number of parts: 1
2026-01-20T00:20:13.7433556Z [DEBUG] Received response (Length: 248)
2026-01-20T00:20:13.7434729Z   🔍 [Worker 1] Visiting (2): http://www.w3schools.com/videos/index.php
2026-01-20T00:20:13.9752003Z [DEBUG] Received response (Length: 440)
2026-01-20T00:20:13.9753327Z   🔍 [Worker 0] Visiting (2): http://www.w3schools.com/bootcamp/web-development.php
2026-01-20T00:20:18.8581558Z [DEBUG] Sending request to gemini-2.0-flash. Number of parts: 1
2026-01-20T00:20:18.8583719Z [DEBUG] Sending request to gemini-2.0-flash. Number of parts: 1
2026-01-20T00:20:18.8585883Z [DEBUG] Received response (Length: 379)
2026-01-20T00:20:18.8586926Z   🔍 [Worker 1] Visiting (2): http://www.w3schools.com/python/pandas/default.asp
2026-01-20T00:20:23.6850260Z [DEBUG] Sending request to gemini-2.0-flash. Number of parts: 1
2026-01-20T00:20:23.6859685Z [DEBUG] LLM Error: 429 RESOURCE_EXHAUSTED. {'error': {'code': 429, 'message': 'Resource exhausted. Please try again later. Please refer to https://cloud.google.com/vertex-ai/generative-ai/docs/error-code-429 for more details.', 'status': 'RESOURCE_EXHAUSTED'}}
2026-01-20T00:20:23.6861973Z ⚠️ 429 Rate Limit Hit. Cooling down for 60s...
2026-01-20T00:20:23.6862508Z [DEBUG] Received response (Length: 236)
2026-01-20T00:20:23.6863301Z   🔍 [Worker 1] Visiting (2): http://www.w3schools.com/angularjs/default.asp
2026-01-20T00:20:28.7727416Z [DEBUG] Sending request to gemini-2.0-flash. Number of parts: 1
2026-01-20T00:20:28.7729404Z [DEBUG] Received response (Length: 342)
2026-01-20T00:20:28.7730571Z   🔍 [Worker 1] Visiting (2): http://www.w3schools.com/html/html_quiz.asp
2026-01-20T00:20:34.0634401Z [DEBUG] Sending request to gemini-2.0-flash. Number of parts: 1
2026-01-20T00:20:34.0635888Z [DEBUG] Received response (Length: 477)
2026-01-20T00:20:34.0637305Z   🔍 [Worker 1] Visiting (2): http://www.w3schools.com/bootstrap4/bootstrap_exercises.asp
2026-01-20T00:20:38.7458633Z [DEBUG] Sending request to gemini-2.0-flash. Number of parts: 1
2026-01-20T00:20:38.7465852Z [DEBUG] Received response (Length: 313)
2026-01-20T00:20:38.7466929Z   🔍 [Worker 1] Visiting (2): http://www.w3schools.com/graphics/canvas_intro.asp
2026-01-20T00:20:43.8156352Z [DEBUG] Sending request to gemini-2.0-flash. Number of parts: 1
2026-01-20T00:20:43.8157525Z [DEBUG] Received response (Length: 409)
2026-01-20T00:20:43.8162553Z   🔍 [Worker 1] Visiting (2): https://campus.w3schools.com/collections/course-catalog/products/xml-course
2026-01-20T00:20:48.6325258Z [DEBUG] Sending request to gemini-2.0-flash. Number of parts: 1
2026-01-20T00:20:48.6325956Z [DEBUG] Received response (Length: 211)
2026-01-20T00:20:48.6327736Z   🔍 [Worker 1] Visiting (2): http://www.w3schools.com/quiztest/default.asp
2026-01-20T00:20:53.7343168Z [DEBUG] Sending request to gemini-2.0-flash. Number of parts: 1
2026-01-20T00:20:53.7348039Z [DEBUG] Received response (Length: 271)
2026-01-20T00:20:53.7350232Z   🔍 [Worker 1] Visiting (2): https://campus.w3schools.com/collections/certifications/products/modern-web-development-certification
2026-01-20T00:20:58.7429176Z [DEBUG] Sending request to gemini-2.0-flash. Number of parts: 1
2026-01-20T00:20:58.7444431Z [DEBUG] Received response (Length: 285)
2026-01-20T00:20:58.7451646Z   🔍 [Worker 1] Visiting (2): http://www.w3schools.com/js/js_examples.asp
2026-01-20T00:21:03.8311722Z [DEBUG] Sending request to gemini-2.0-flash. Number of parts: 1
2026-01-20T00:21:03.8312379Z [DEBUG] Received response (Length: 324)
2026-01-20T00:21:03.8313365Z   🔍 [Worker 1] Visiting (2): http://www.w3schools.com/gen_ai/chatgpt-4/index.php
2026-01-20T00:21:08.8323415Z [DEBUG] Sending request to gemini-2.0-flash. Number of parts: 1
2026-01-20T00:21:08.8324636Z [DEBUG] Sending request to gemini-2.0-flash. Number of parts: 1
2026-01-20T00:21:08.8326525Z [DEBUG] Received response (Length: 384)
2026-01-20T00:21:08.8327560Z   🔍 [Worker 2] Visiting (2): http://www.w3schools.com/xml/default.asp
2026-01-20T00:21:08.8678284Z [DEBUG] Received response (Length: 438)
2026-01-20T00:21:08.8680456Z   🔍 [Worker 1] Visiting (2): http://www.w3schools.com/statistics/index.php
2026-01-20T00:21:13.8151753Z [DEBUG] Sending request to gemini-2.0-flash. Number of parts: 1
2026-01-20T00:21:13.8154809Z [DEBUG] Sending request to gemini-2.0-flash. Number of parts: 1
2026-01-20T00:21:13.8155412Z [DEBUG] Received response (Length: 420)
2026-01-20T00:21:13.8156359Z   🔍 [Worker 1] Visiting (2): http://www.w3schools.com/where_to_start.asp
2026-01-20T00:21:13.8469928Z [DEBUG] Received response (Length: 346)
2026-01-20T00:21:13.8477812Z   🔍 [Worker 2] Visiting (2): http://www.w3schools.com/bootstrap/bootstrap_exercises.asp
2026-01-20T00:21:18.7157870Z [DEBUG] Sending request to gemini-2.0-flash. Number of parts: 1
2026-01-20T00:21:18.7158682Z [DEBUG] Sending request to gemini-2.0-flash. Number of parts: 1
2026-01-20T00:21:18.7162379Z [DEBUG] Received response (Length: 265)
2026-01-20T00:21:18.7163333Z   🔍 [Worker 1] Visiting (2): http://www.w3schools.com/cs/cs_quiz.php
2026-01-20T00:21:18.7494920Z [DEBUG] Received response (Length: 322)
2026-01-20T00:21:18.7496388Z   🔍 [Worker 2] Visiting (2): http://www.w3schools.com/git/git_quiz.asp
2026-01-20T00:21:23.9901098Z [DEBUG] Sending request to gemini-2.0-flash. Number of parts: 1
2026-01-20T00:21:23.9903293Z [DEBUG] Sending request to gemini-2.0-flash. Number of parts: 1
2026-01-20T00:21:23.9905464Z [DEBUG] LLM Error: 429 RESOURCE_EXHAUSTED. {'error': {'code': 429, 'message': 'Resource exhausted. Please try again later. Please refer to https://cloud.google.com/vertex-ai/generative-ai/docs/error-code-429 for more details.', 'status': 'RESOURCE_EXHAUSTED'}}
2026-01-20T00:21:23.9907603Z ⚠️ 429 Rate Limit Hit. Cooling down for 60s...
2026-01-20T00:21:23.9908083Z [DEBUG] Received response (Length: 352)
2026-01-20T00:21:23.9908807Z   🔍 [Worker 1] Visiting (2): http://www.w3schools.com/css/css_examples.asp
2026-01-20T00:21:28.8111574Z [DEBUG] Sending request to gemini-2.0-flash. Number of parts: 1
2026-01-20T00:21:28.8114237Z [DEBUG] Sending request to gemini-2.0-flash. Number of parts: 1
2026-01-20T00:21:28.8114885Z [DEBUG] Received response (Length: 345)
2026-01-20T00:21:28.8115856Z   🔍 [Worker 0] Visiting (2): http://www.w3schools.com/python/python_exercises.asp
2026-01-20T00:21:28.9228109Z [DEBUG] Received response (Length: 466)
2026-01-20T00:21:28.9229147Z   🔍 [Worker 1] Visiting (2): http://www.w3schools.com/dsa/index.php
2026-01-20T00:21:33.7561848Z [DEBUG] Sending request to gemini-2.0-flash. Number of parts: 1
2026-01-20T00:21:33.7562645Z [DEBUG] Sending request to gemini-2.0-flash. Number of parts: 1
2026-01-20T00:21:33.7563247Z [DEBUG] Received response (Length: 319)
2026-01-20T00:21:33.7564534Z   🔍 [Worker 0] Visiting (2): https://campus.w3schools.com/collections/certifications
2026-01-20T00:21:33.9056539Z [DEBUG] Received response (Length: 419)
2026-01-20T00:21:33.9057673Z   🔍 [Worker 1] Visiting (2): http://www.w3schools.com/cs/cs_exercises.php
2026-01-20T00:21:38.7345069Z [DEBUG] Sending request to gemini-2.0-flash. Number of parts: 1
2026-01-20T00:21:38.7348588Z [DEBUG] Sending request to gemini-2.0-flash. Number of parts: 1
2026-01-20T00:21:38.7349208Z [DEBUG] Received response (Length: 243)
2026-01-20T00:21:38.7350139Z   🔍 [Worker 0] Visiting (2): http://www.w3schools.com/bash/bash_exercises.php
2026-01-20T00:21:38.9903325Z [DEBUG] Received response (Length: 491)
2026-01-20T00:21:38.9908787Z   🔍 [Worker 1] Visiting (2): http://www.w3schools.com/postgresql/postgresql_exercises.php
2026-01-20T00:21:43.7302775Z [DEBUG] Sending request to gemini-2.0-flash. Number of parts: 1
2026-01-20T00:21:43.7304058Z [DEBUG] Sending request to gemini-2.0-flash. Number of parts: 1
2026-01-20T00:21:43.7305062Z [DEBUG] Received response (Length: 273)
2026-01-20T00:21:43.7306568Z   🔍 [Worker 0] Visiting (2): https://campus.w3schools.com/collections/course-catalog/products/front-end-course
2026-01-20T00:21:43.8850666Z [DEBUG] Received response (Length: 382)
2026-01-20T00:21:43.8852107Z   🔍 [Worker 1] Visiting (2): http://www.w3schools.com/postgresql/index.php
2026-01-20T00:21:45.2999310Z [DEBUG] Sending request to gemini-2.0-flash. Number of parts: 1
2026-01-20T00:21:45.3001230Z [DEBUG] Received response (Length: 415)
2026-01-20T00:21:45.3009859Z   🔍 [Worker 1] Visiting (2): http://www.w3schools.com/mysql/mysql_quiz.asp
2026-01-20T00:21:50.0961977Z [DEBUG] Sending request to gemini-2.0-flash. Number of parts: 1
2026-01-20T00:21:50.0962698Z [DEBUG] Sending request to gemini-2.0-flash. Number of parts: 1
2026-01-20T00:21:50.0963268Z [DEBUG] Received response (Length: 197)
2026-01-20T00:21:50.0964479Z   🔍 [Worker 0] Visiting (2): http://www.w3schools.com/html/html_exercises.asp
2026-01-20T00:21:50.2088063Z [DEBUG] Received response (Length: 336)
2026-01-20T00:21:50.2089544Z   🔍 [Worker 1] Visiting (2): http://www.w3schools.com/sql/sql_ref_keywords.asp
2026-01-20T00:21:55.1214464Z [DEBUG] Sending request to gemini-2.0-flash. Number of parts: 1
2026-01-20T00:21:55.1216313Z [DEBUG] Sending request to gemini-2.0-flash. Number of parts: 1
2026-01-20T00:21:55.1217597Z [DEBUG] Received response (Length: 290)
2026-01-20T00:21:55.1224846Z   🔍 [Worker 0] Visiting (2): http://www.w3schools.com/mysql/default.asp
2026-01-20T00:21:55.3761823Z [DEBUG] Received response (Length: 467)
2026-01-20T00:21:55.3766333Z   🔍 [Worker 1] Visiting (2): https://campus.w3schools.com/collections/certifications/products/bootstrap-5-certificate
2026-01-20T00:23:24.9182681Z [DEBUG] Sending request to gemini-2.0-flash. Number of parts: 1
2026-01-20T00:23:24.9184682Z [DEBUG] Sending request to gemini-2.0-flash. Number of parts: 1
2026-01-20T00:23:24.9185435Z [DEBUG] Received response (Length: 208)
2026-01-20T00:23:24.9185902Z [DEBUG] Received response (Length: 444)
2026-01-20T00:23:24.9188079Z [DEBUG] Sending request to gemini-2.0-flash. Number of parts: 1
2026-01-20T00:23:24.9190166Z [DEBUG] LLM Error: 429 RESOURCE_EXHAUSTED. {'error': {'code': 429, 'message': 'Resource exhausted. Please try again later. Please refer to https://cloud.google.com/vertex-ai/generative-ai/docs/error-code-429 for more details.', 'status': 'RESOURCE_EXHAUSTED'}}
2026-01-20T00:23:24.9192384Z ⚠️ 429 Rate Limit Hit. Cooling down for 60s...
2026-01-20T00:23:24.9193050Z [DEBUG] Sending request to gemini-2.0-flash. Number of parts: 1
2026-01-20T00:23:24.9193414Z [DEBUG] Received response (Length: 486)
2026-01-20T00:23:24.9193778Z ✅ Discovery Complete. Mapped 50 pages.
2026-01-20T00:23:33.1774340Z 
2026-01-20T00:23:33.1775001Z [PLAN] PLANNER: Planning goal -> 'Test HTML editor' (Deep Mode: True)
2026-01-20T00:23:33.1775925Z 🗺️ [PLAN] Loaded Sitemap with 50 pages.
2026-01-20T00:23:33.1776548Z 📊 [KNOWLEDGE] Page types: ['unknown', 'homepage', 'product_list']
2026-01-20T00:23:33.1777189Z 🔄 [KNOWLEDGE] Flows: 0, Forms: 11
2026-01-20T00:23:33.1778603Z 🎭 [EXPERT] Detected Domain: GENERAL. Persona: Act as Senior SDET focusing on exploring the application to understand functional flow and identifying critical paths for end-to-end automation
2026-01-20T00:23:33.1780003Z [DEBUG] Sending request to gemini-2.0-flash. Number of parts: 1
2026-01-20T00:23:33.1780540Z [DEBUG] Received response (Length: 3209)
2026-01-20T00:23:33.1781096Z ✅ Planner generated 3 scenarios. Workflow updated.
2026-01-20T00:23:34.1955375Z 
2026-01-20T00:23:34.1956326Z 🕵️ [DEEP EXPLORER] Starting Multi-Scenario Exploration
2026-01-20T00:23:34.1956877Z 📋 Found 3 scenarios to explore.
2026-01-20T00:23:34.5560684Z 
2026-01-20T00:23:34.5561448Z [1/3] Exploring Scenario: HTML Editor - Basic HTML Editing and Execution
2026-01-20T00:23:34.5562757Z     🧠 Initialized exploration context for goal: 'Verify that the HTML editor allows users to input HTML code, execute it, and view the output.'
2026-01-20T00:23:34.5563497Z     🎯 Scenario: HTML Editor - Basic HTML Editing and Execution
2026-01-20T00:23:34.5570826Z   ▶️ [STEP step_1] NAVIGATE: 
2026-01-20T00:23:35.3811230Z     ✅ Navigated to https://www.w3schools.com/html/tryit.asp?filename=tryhtml_default
2026-01-20T00:23:35.3812194Z   ▶️ [STEP step_2] ASSERT_VISIBLE: Run ❯
2026-01-20T00:23:35.3996101Z     🔍 Mining locators for: 'Run ❯'
2026-01-20T00:23:35.5448737Z     ✅ Found 3 verified locators
2026-01-20T00:23:38.1075655Z     ✅ State transitioned.
2026-01-20T00:23:39.8922888Z [DEBUG] Sending request to gemini-2.0-flash. Number of parts: 2
2026-01-20T00:23:39.8923335Z [DEBUG] Received response (Length: 264)
2026-01-20T00:23:39.8924112Z     🤖 AI Next Step Suggestion: done -> N/A
2026-01-20T00:23:39.8925211Z     💭 Reasoning: The goal is to verify that the HTML editor allows users to input HTML code, execute it, and view the output. The 'Run' button has been clicked, and the output is visible in the iframe. Therefore, the goal has been achieved.
2026-01-20T00:23:39.8926161Z   ▶️ [STEP step_3] FILL: textareaCode
2026-01-20T00:23:39.8994292Z     🔍 Mining locators for: 'textareaCode'
2026-01-20T00:23:39.9554894Z     🧠 Consulting AI (Vision-First) to find 'textareaCode'...
2026-01-20T00:23:39.9586468Z     🔍 Trying smart selectors for 'textareaCode'...
2026-01-20T00:23:40.0410348Z     🔍 [SMART] Searching for: 'textareaCode' (trying 15+ strategies)
2026-01-20T00:23:40.0411330Z     ⚠️ Smart selectors failed (no unique match). Falling back to AI Vision...
2026-01-20T00:23:40.0412930Z     🧠 [EXPERT] Strategy: Act as Senior SDET focusing on exploring the application to understand functional flow and identifying critical paths for end-to-end automation.
2026-01-20T00:23:45.0123671Z [DEBUG] Sending request to gemini-2.0-flash. Number of parts: 2
2026-01-20T00:23:45.0124368Z [DEBUG] Received response (Length: 247)
2026-01-20T00:23:45.0125283Z     💡 Expert Suggestion: The HTML code is displayed as a result. Clicking 'Run' might lead to the editor where 'textareaCode' is located.
2026-01-20T00:23:45.0125974Z     🛠️ Executing corrective action: click -> 'Run'
2026-01-20T00:23:45.5962348Z     ✅ Executed corrective navigation
2026-01-20T00:23:47.5985370Z     🔄 Retry 1/3 mining locators for 'textareaCode'...
2026-01-20T00:23:48.6558792Z     🧠 Consulting AI (Vision-First) to find 'textareaCode'...
2026-01-20T00:23:48.6559266Z     🔍 Trying smart selectors for 'textareaCode'...
2026-01-20T00:23:48.7330384Z     🔍 [SMART] Searching for: 'textareaCode' (trying 15+ strategies)
2026-01-20T00:23:48.7331390Z     ⚠️ Smart selectors failed (no unique match). Falling back to AI Vision...
2026-01-20T00:23:48.7332967Z     🧠 [EXPERT] Strategy: Act as Senior SDET focusing on exploring the application to understand functional flow and identifying critical paths for end-to-end automation.
2026-01-20T00:23:50.4250679Z [DEBUG] Sending request to gemini-2.0-flash. Number of parts: 2
2026-01-20T00:23:50.4251309Z [DEBUG] Received response (Length: 205)
2026-01-20T00:23:50.4251894Z     ⚠️ Skipping duplicate injection: Run
2026-01-20T00:23:50.4252299Z     🔄 Retry 2/3 mining locators for 'textareaCode'...
2026-01-20T00:23:51.4265037Z     🗑️ Invalidating stale AI cache (retry 2)...
2026-01-20T00:23:51.4889458Z     🧠 Consulting AI (Vision-First) to find 'textareaCode'...
2026-01-20T00:23:51.4890195Z     🔍 Trying smart selectors for 'textareaCode'...
2026-01-20T00:23:51.5667396Z     🔍 [SMART] Searching for: 'textareaCode' (trying 15+ strategies)
2026-01-20T00:23:51.5668245Z     ⚠️ Smart selectors failed (no unique match). Falling back to AI Vision...
2026-01-20T00:23:51.5669288Z     🧠 [EXPERT] Strategy: Act as Senior SDET focusing on exploring the application to understand functional flow and identifying critical paths for end-to-end automation.
2026-01-20T00:23:51.5672360Z [CACHE HIT] 52321707... (hits: 1, misses: 3)
2026-01-20T00:23:51.5672922Z     ⚠️ Skipping duplicate injection: Run
2026-01-20T00:23:51.5673663Z     🧠 Verifying step validity for 'textareaCode' after no candidates found...
2026-01-20T00:23:55.1497380Z [DEBUG] Sending request to gemini-2.0-flash. Number of parts: 2
2026-01-20T00:23:55.1498164Z [DEBUG] Received response (Length: 208)
2026-01-20T00:23:55.1500356Z     🗑️ Step deemed INVALID: The element with id 'textareaCode' is not visible in the current page state. The screenshot shows the rendered HTML output, not the editor itself.. Removing from workflow.
2026-01-20T00:23:55.1502148Z     ⏭️ Skipping execution of invalid step: textareaCode
2026-01-20T00:23:55.1502624Z   ▶️ [STEP step_4] CLICK: Run ❯
2026-01-20T00:23:55.1555845Z     🔍 Mining locators for: 'Run ❯'
2026-01-20T00:23:55.2179242Z     ✅ Found 3 verified locators
2026-01-20T00:23:58.7669050Z     ✅ State transitioned.
2026-01-20T00:24:00.2714936Z [DEBUG] Sending request to gemini-2.0-flash. Number of parts: 2
2026-01-20T00:24:00.2715472Z [DEBUG] Received response (Length: 267)
2026-01-20T00:24:00.2716073Z     🤖 AI Next Step Suggestion: done -> N/A
2026-01-20T00:24:00.2717471Z     💭 Reasoning: The goal is to verify that the HTML editor allows users to input HTML code, execute it, and view the output. The user has already clicked the 'Run' button and asserted that it is visible. Therefore, the goal has been achieved.
2026-01-20T00:24:00.2719141Z   ▶️ [STEP step_5] ASSERT_VISIBLE: This is a Heading
2026-01-20T00:24:00.2774093Z     🔍 Mining locators for: 'This is a Heading'
2026-01-20T00:24:00.3477105Z     ✅ Found 2 verified locators
2026-01-20T00:24:02.8735148Z     ✅ State transitioned.
2026-01-20T00:24:02.8801537Z     🔄 Revisited state detected (count: 1)
2026-01-20T00:24:05.5605556Z [DEBUG] Sending request to gemini-2.0-flash. Number of parts: 2
2026-01-20T00:24:05.5606259Z [DEBUG] Received response (Length: 280)
2026-01-20T00:24:05.5607227Z     🤖 AI Next Step Suggestion: fill -> textarea
2026-01-20T00:24:05.5607669Z     🧩 Suggested Locator: textarea
2026-01-20T00:24:05.5608627Z     💭 Reasoning: To test the HTML editor, I should input different HTML code. Currently, the default code is present. I will replace it with a simple 'Hello World' heading.
2026-01-20T00:24:05.5609515Z     ➕ Injected AI step: fill -> textarea
2026-01-20T00:24:05.5609890Z   ▶️ [STEP step_5_ai_1] FILL: textarea
2026-01-20T00:24:05.5666696Z     🎯 Using AI-provided locator: textarea
2026-01-20T00:24:05.5686319Z     🔍 Mining locators for: 'textarea'
2026-01-20T00:24:05.6224726Z     🧠 Consulting AI (Vision-First) to find 'textarea'...
2026-01-20T00:24:05.6225535Z     🔍 Trying smart selectors for 'textarea'...
2026-01-20T00:24:05.6319342Z     🔍 [SMART] Searching for: 'textarea' (trying 15+ strategies)
2026-01-20T00:24:05.6320262Z     ✅ Smart selector found 'textarea' via id-exact (confidence: 0.92)
2026-01-20T00:24:05.6359808Z     ✅ Found 1 verified locators
2026-01-20T00:24:13.2287966Z     ✅ State transitioned.
2026-01-20T00:24:13.2346120Z     🔄 Revisited state detected (count: 2)
2026-01-20T00:24:14.8768150Z [DEBUG] Sending request to gemini-2.0-flash. Number of parts: 2
2026-01-20T00:24:14.8768577Z [DEBUG] Received response (Length: 316)
2026-01-20T00:24:14.8769094Z     🤖 AI Next Step Suggestion: done -> N/A
2026-01-20T00:24:14.8770360Z     💭 Reasoning: The goal is to verify that the HTML editor allows users to input HTML code, execute it, and view the output. The last actions were filling the textarea with HTML code, clicking the 'Run' button, and verifying that the output is visible. Therefore, the goal has been achieved.
2026-01-20T00:24:16.9124193Z 
2026-01-20T00:24:16.9125598Z [2/3] Exploring Scenario: HTML Editor - Update HTML and Verify Output
2026-01-20T00:24:16.9127853Z     🧠 Initialized exploration context for goal: 'Verify that the HTML editor allows users to update HTML code, execute it, and view the updated output.'
2026-01-20T00:24:16.9129282Z     🎯 Scenario: HTML Editor - Update HTML and Verify Output
2026-01-20T00:24:16.9129971Z   ▶️ [STEP step_1] NAVIGATE: 
2026-01-20T00:24:17.7420982Z     ✅ Navigated to https://www.w3schools.com/html/tryit.asp?filename=tryhtml_default
2026-01-20T00:24:17.7422192Z   ▶️ [STEP step_2] ASSERT_VISIBLE: Run ❯
2026-01-20T00:24:17.7590552Z     🔍 Mining locators for: 'Run ❯'
2026-01-20T00:24:17.8355691Z     ✅ Found 3 verified locators
2026-01-20T00:24:20.3888211Z     ✅ State transitioned.
2026-01-20T00:24:22.2868627Z [DEBUG] Sending request to gemini-2.0-flash. Number of parts: 2
2026-01-20T00:24:22.2869331Z [DEBUG] Received response (Length: 290)
2026-01-20T00:24:22.2870186Z     🤖 AI Next Step Suggestion: fill -> textarea
2026-01-20T00:24:22.2871127Z     🧩 Suggested Locator: textarea
2026-01-20T00:24:22.2872700Z     💭 Reasoning: To verify the functionality of the HTML editor, I need to update the HTML code in the textarea. I will replace the existing code with a simple 'Hello World' heading.
2026-01-20T00:24:22.2874557Z     🔄 Same AI suggestion but state changed (URL or DOM). Resetting loop counter.
2026-01-20T00:24:22.2875326Z     ➕ Injected AI step: fill -> textarea
2026-01-20T00:24:22.2875880Z     ⚡ PARALLEL MODE: Batching 2 fill steps
2026-01-20T00:24:22.2876418Z     ⚡ Batch mining 2 fields in parallel...
2026-01-20T00:24:22.3384563Z     🔍 Trying smart selectors for 'textarea'...
2026-01-20T00:24:22.3391852Z     🔍 [SMART] Searching for: 'textarea' (trying 15+ strategies)
2026-01-20T00:24:22.3393553Z     🔍 Trying smart selectors for 'textareaCode'...
2026-01-20T00:24:22.3483454Z     🔍 [SMART] Searching for: 'textareaCode' (trying 15+ strategies)
2026-01-20T00:24:22.3484706Z     ✅ Smart selector found 'textarea' via id-exact (confidence: 0.92)
2026-01-20T00:24:22.4055531Z     ⚠️ Smart selectors failed (no unique match). Falling back to AI Vision...
2026-01-20T00:24:22.4057014Z     🧠 [EXPERT] Strategy: Act as Senior SDET focusing on exploring the application to understand functional flow and identifying critical paths for end-to-end automation.
2026-01-20T00:24:27.2176795Z [DEBUG] Sending request to gemini-2.0-flash. Number of parts: 2
2026-01-20T00:24:27.2177585Z [DEBUG] Received response (Length: 258)
2026-01-20T00:24:27.2178454Z     ✅ Batch mined 'textarea' (1 locators)
2026-01-20T00:24:27.2179123Z     ✅ Batch mined 'textareaCode' (1 locators)
2026-01-20T00:24:27.2179782Z     ✅ Batch mined 2/2 steps successfully
2026-01-20T00:24:27.2180435Z   ▶️ [STEP step_4] CLICK: Run ❯
2026-01-20T00:24:27.2236998Z     🔍 Mining locators for: 'Run ❯'
2026-01-20T00:24:27.2837295Z     ✅ Found 3 verified locators
2026-01-20T00:24:30.8322453Z     ✅ State transitioned.
2026-01-20T00:24:32.9990620Z [DEBUG] Sending request to gemini-2.0-flash. Number of parts: 2
2026-01-20T00:24:32.9991369Z [DEBUG] Received response (Length: 300)
2026-01-20T00:24:32.9992238Z     🤖 AI Next Step Suggestion: fill -> textarea
2026-01-20T00:24:32.9992800Z     🧩 Suggested Locator: textarea
2026-01-20T00:24:32.9994642Z     💭 Reasoning: The goal is to verify that the HTML editor allows users to update HTML code, execute it, and view the updated output. The next step is to update the HTML code in the textarea.
2026-01-20T00:24:32.9996329Z     🔄 Same AI suggestion but state changed (URL or DOM). Resetting loop counter.
2026-01-20T00:24:32.9997093Z     ➕ Injected AI step: fill -> textarea
2026-01-20T00:24:32.9997618Z   ▶️ [STEP step_4_ai_1] FILL: textarea
2026-01-20T00:24:33.0053383Z     🎯 Using AI-provided locator: textarea
2026-01-20T00:24:33.0073435Z     🔍 Mining locators for: 'textarea'
2026-01-20T00:24:33.0539908Z     🧠 Consulting AI (Vision-First) to find 'textarea'...
2026-01-20T00:24:33.0540560Z     🔍 Trying smart selectors for 'textarea'...
2026-01-20T00:24:33.0629415Z     🔍 [SMART] Searching for: 'textarea' (trying 15+ strategies)
2026-01-20T00:24:33.0630152Z     ✅ Smart selector found 'textarea' via id-exact (confidence: 0.92)
2026-01-20T00:24:33.0668373Z     ✅ Found 1 verified locators
2026-01-20T00:24:40.7617432Z     ✅ State transitioned.
2026-01-20T00:24:40.7677375Z     🔄 Revisited state detected (count: 1)
2026-01-20T00:24:42.6301410Z [DEBUG] Sending request to gemini-2.0-flash. Number of parts: 2
2026-01-20T00:24:42.6303271Z [DEBUG] Received response (Length: 412)
2026-01-20T00:24:42.6304306Z     🤖 AI Next Step Suggestion: done -> N/A
2026-01-20T00:24:42.6305970Z     💭 Reasoning: The goal is to verify that the HTML editor allows users to update HTML code, execute it, and view the updated output. The last actions were filling the textarea, clicking the run button, and asserting that the run button is visible. This indicates that the user has successfully updated the code, executed it, and viewed the output. Therefore, the goal has been achieved.
2026-01-20T00:24:42.6307992Z   ▶️ [STEP step_5] ASSERT_VISIBLE: This is an Updated Heading
2026-01-20T00:24:42.6357709Z     🔍 Mining locators for: 'This is an Updated Heading'
2026-01-20T00:24:42.6695987Z     🧠 Consulting AI (Vision-First) to find 'This is an Updated Heading'...
2026-01-20T00:24:42.6696990Z     🔍 Trying smart selectors for 'This is an Updated Heading'...
2026-01-20T00:24:42.7643231Z     🔍 [SMART] Searching for: 'This is an Updated Heading' (trying 15+ strategies)
2026-01-20T00:24:42.7644384Z     ⚠️ Smart selectors failed (no unique match). Falling back to AI Vision...
2026-01-20T00:24:42.7645945Z     🧠 [EXPERT] Strategy: Act as Senior SDET focusing on exploring the application to understand functional flow and identifying critical paths for end-to-end automation.
2026-01-20T00:24:47.2807009Z [DEBUG] Sending request to gemini-2.0-flash. Number of parts: 2
2026-01-20T00:24:47.2807818Z [DEBUG] Received response (Length: 206)
2026-01-20T00:24:47.2809230Z     💡 Expert Suggestion: "This is an Updated Heading" might be the result of running the code.
2026-01-20T00:24:47.2810382Z     🛠️ Executing corrective action: click -> 'Run'
2026-01-20T00:24:47.8554702Z     ✅ Executed corrective navigation
2026-01-20T00:24:49.8582101Z     🔄 Retry 1/3 mining locators for 'This is an Updated Heading'...
2026-01-20T00:24:50.9032497Z     🧠 Consulting AI (Vision-First) to find 'This is an Updated Heading'...
2026-01-20T00:24:50.9033506Z     🔍 Trying smart selectors for 'This is an Updated Heading'...
2026-01-20T00:24:50.9988422Z     🔍 [SMART] Searching for: 'This is an Updated Heading' (trying 15+ strategies)
2026-01-20T00:24:50.9989460Z     ⚠️ Smart selectors failed (no unique match). Falling back to AI Vision...
2026-01-20T00:24:50.9991011Z     🧠 [EXPERT] Strategy: Act as Senior SDET focusing on exploring the application to understand functional flow and identifying critical paths for end-to-end automation.
2026-01-20T00:24:52.8136514Z [DEBUG] Sending request to gemini-2.0-flash. Number of parts: 2
2026-01-20T00:24:52.8136959Z [DEBUG] Received response (Length: 329)
2026-01-20T00:24:52.8137555Z     ⚠️ Skipping duplicate injection: Run
2026-01-20T00:24:52.8137974Z     🔄 Retry 2/3 mining locators for 'This is an Updated Heading'...
2026-01-20T00:24:53.8149921Z     🗑️ Invalidating stale AI cache (retry 2)...
2026-01-20T00:24:53.8522895Z     🧠 Consulting AI (Vision-First) to find 'This is an Updated Heading'...
2026-01-20T00:24:53.8524121Z     🔍 Trying smart selectors for 'This is an Updated Heading'...
2026-01-20T00:24:53.9463017Z     🔍 [SMART] Searching for: 'This is an Updated Heading' (trying 15+ strategies)
2026-01-20T00:24:53.9463994Z     ⚠️ Smart selectors failed (no unique match). Falling back to AI Vision...
2026-01-20T00:24:53.9464935Z     🧠 [EXPERT] Strategy: Act as Senior SDET focusing on exploring the application to understand functional flow and identifying critical paths for end-to-end automation.
2026-01-20T00:24:53.9467608Z [CACHE HIT] ddfb89b4... (hits: 2, misses: 13)
2026-01-20T00:24:53.9468306Z     ⚠️ Skipping duplicate injection: Run
2026-01-20T00:24:53.9468913Z     🧠 Verifying step validity for 'This is an Updated Heading' after no candidates found...
2026-01-20T00:24:57.3904346Z [DEBUG] Sending request to gemini-2.0-flash. Number of parts: 2
2026-01-20T00:24:57.3904760Z [DEBUG] Received response (Length: 193)
2026-01-20T00:24:57.3905831Z     🗑️ Step deemed INVALID: The text 'This is an Updated Heading' is not visible in the current page's rendered output. The heading displayed is 'Hello World'.. Removing from workflow.
2026-01-20T00:24:57.3906691Z     ⏭️ Skipping execution of invalid step: This is an Updated Heading
2026-01-20T00:24:59.4244718Z 
2026-01-20T00:24:59.4245606Z [3/3] Exploring Scenario: HTML Editor - Empty HTML and Verify Output
2026-01-20T00:24:59.4247557Z     🧠 Initialized exploration context for goal: 'Verify that the HTML editor handles empty HTML code gracefully.'
2026-01-20T00:24:59.4248990Z     🎯 Scenario: HTML Editor - Empty HTML and Verify Output
2026-01-20T00:24:59.4249622Z   ▶️ [STEP step_1] NAVIGATE: 
2026-01-20T00:25:00.1828322Z     ✅ Navigated to https://www.w3schools.com/html/tryit.asp?filename=tryhtml_default
2026-01-20T00:25:00.1829101Z   ▶️ [STEP step_2] ASSERT_VISIBLE: Run ❯
2026-01-20T00:25:00.1986287Z     🔍 Mining locators for: 'Run ❯'
2026-01-20T00:25:00.3174501Z     ✅ Found 3 verified locators
2026-01-20T00:25:02.8875612Z     ✅ State transitioned.
2026-01-20T00:25:04.6442785Z [DEBUG] Sending request to gemini-2.0-flash. Number of parts: 2
2026-01-20T00:25:04.6443468Z [DEBUG] Received response (Length: 232)
2026-01-20T00:25:04.6444505Z     🤖 AI Next Step Suggestion: fill -> textarea
2026-01-20T00:25:04.6445129Z     🧩 Suggested Locator: textarea
2026-01-20T00:25:04.6446334Z     💭 Reasoning: To verify that the HTML editor handles empty HTML code gracefully, the next step is to clear the existing code in the textarea.
2026-01-20T00:25:04.6447800Z     🔄 Same AI suggestion but state changed (URL or DOM). Resetting loop counter.
2026-01-20T00:25:04.6448564Z     ➕ Injected AI step: fill -> textarea
2026-01-20T00:25:04.6449125Z     ⚡ PARALLEL MODE: Batching 2 fill steps
2026-01-20T00:25:04.6449663Z     ⚡ Batch mining 2 fields in parallel...
2026-01-20T00:25:04.7022690Z     🔍 Trying smart selectors for 'textarea'...
2026-01-20T00:25:04.7029986Z     🔍 [SMART] Searching for: 'textarea' (trying 15+ strategies)
2026-01-20T00:25:04.7030707Z     🔍 Trying smart selectors for 'textareaCode'...
2026-01-20T00:25:04.7112385Z     🔍 [SMART] Searching for: 'textareaCode' (trying 15+ strategies)
2026-01-20T00:25:04.7113262Z     ✅ Smart selector found 'textarea' via id-exact (confidence: 0.92)
2026-01-20T00:25:04.7662230Z     ⚠️ Smart selectors failed (no unique match). Falling back to AI Vision...
2026-01-20T00:25:04.7663587Z     🧠 [EXPERT] Strategy: Act as Senior SDET focusing on exploring the application to understand functional flow and identifying critical paths for end-to-end automation.
2026-01-20T00:25:09.5867207Z [DEBUG] Sending request to gemini-2.0-flash. Number of parts: 2
2026-01-20T00:25:09.5867993Z [DEBUG] Received response (Length: 250)
2026-01-20T00:25:09.5868587Z     ✅ Batch mined 'textarea' (1 locators)
2026-01-20T00:25:09.5868994Z     ✅ Batch mined 'textareaCode' (1 locators)
2026-01-20T00:25:09.5869385Z     ✅ Batch mined 2/2 steps successfully
2026-01-20T00:25:09.5869761Z   ▶️ [STEP step_4] CLICK: Run ❯
2026-01-20T00:25:09.5930056Z     🔍 Mining locators for: 'Run ❯'
2026-01-20T00:25:09.6641658Z     ✅ Found 3 verified locators
2026-01-20T00:25:13.2106681Z     ✅ State transitioned.
2026-01-20T00:25:14.6913572Z [DEBUG] Sending request to gemini-2.0-flash. Number of parts: 2
2026-01-20T00:25:14.6914447Z [DEBUG] Received response (Length: 222)
2026-01-20T00:25:14.6915293Z     🤖 AI Next Step Suggestion: fill -> textarea
2026-01-20T00:25:14.6915924Z     🧩 Suggested Locator: textarea
2026-01-20T00:25:14.6917151Z     💭 Reasoning: To verify that the HTML editor handles empty HTML code gracefully, I need to clear the existing code in the textarea.
2026-01-20T00:25:14.6918500Z     🔄 Same AI suggestion but state changed (URL or DOM). Resetting loop counter.
2026-01-20T00:25:14.6919257Z     ➕ Injected AI step: fill -> textarea
2026-01-20T00:25:14.6919790Z   ▶️ [STEP step_4_ai_1] FILL: textarea
2026-01-20T00:25:14.6969836Z     🎯 Using AI-provided locator: textarea
2026-01-20T00:25:14.6988776Z     🔍 Mining locators for: 'textarea'
2026-01-20T00:25:14.7523223Z     🧠 Consulting AI (Vision-First) to find 'textarea'...
2026-01-20T00:25:14.7524263Z     🔍 Trying smart selectors for 'textarea'...
2026-01-20T00:25:14.7615886Z     🔍 [SMART] Searching for: 'textarea' (trying 15+ strategies)
2026-01-20T00:25:14.7616789Z     ✅ Smart selector found 'textarea' via id-exact (confidence: 0.92)
2026-01-20T00:25:14.7653739Z     ✅ Found 1 verified locators
2026-01-20T00:25:19.8230153Z     ✅ State transitioned.
2026-01-20T00:25:19.8285286Z     🔄 Revisited state detected (count: 1)
2026-01-20T00:25:21.4549006Z [DEBUG] Sending request to gemini-2.0-flash. Number of parts: 2
2026-01-20T00:25:21.4551962Z [DEBUG] Received response (Length: 262)
2026-01-20T00:25:21.4552926Z     🤖 AI Next Step Suggestion: click -> Run ❯
2026-01-20T00:25:21.4553609Z     🧩 Suggested Locator: #runbtn
2026-01-20T00:25:21.4555713Z     💭 Reasoning: After filling the textarea with empty code, clicking 'Run' will execute the code and show the result, allowing us to verify that the editor handles empty HTML code gracefully.
2026-01-20T00:25:21.4557439Z     ➕ Injected AI step: click -> Run ❯
2026-01-20T00:25:21.4558043Z   ▶️ [STEP step_4_ai_2] CLICK: Run ❯
2026-01-20T00:25:21.4603690Z     🎯 Using AI-provided locator: #runbtn
2026-01-20T00:25:21.4660807Z     ✅ Found 1 verified locators
2026-01-20T00:25:25.5096708Z     ✅ State transitioned.
2026-01-20T00:25:27.1716438Z [DEBUG] Sending request to gemini-2.0-flash. Number of parts: 2
2026-01-20T00:25:27.1717122Z [DEBUG] Received response (Length: 261)
2026-01-20T00:25:27.1717637Z     🤖 AI Next Step Suggestion: done -> N/A
2026-01-20T00:25:27.1718747Z     💭 Reasoning: The goal was to verify that the HTML editor handles empty HTML code gracefully. The last actions involved filling the textarea with empty code and running it. Since the action was successful, the goal is likely achieved.
2026-01-20T00:25:27.1719744Z   ▶️ [STEP step_5] ASSERT_VISIBLE: Get your own website
2026-01-20T00:25:27.1771868Z     🔍 Mining locators for: 'Get your own website'
2026-01-20T00:25:27.2270725Z     ✅ Found 2 verified locators
2026-01-20T00:25:29.7530357Z     ✅ State transitioned.
2026-01-20T00:25:29.7594276Z     🔄 Revisited state detected (count: 1)
2026-01-20T00:25:32.0366690Z [DEBUG] Sending request to gemini-2.0-flash. Number of parts: 2
2026-01-20T00:25:32.0367111Z [DEBUG] Received response (Length: 245)
2026-01-20T00:25:32.0367622Z     🤖 AI Next Step Suggestion: done -> N/A
2026-01-20T00:25:32.0368694Z     💭 Reasoning: The goal was to verify that the HTML editor handles empty HTML code gracefully. The steps taken were to clear the textarea, click 'Run', and verify that the page didn't break. This goal has been achieved.
2026-01-20T00:25:34.0716190Z 🗂️  All generated tests written to /home/runner/work/build_qa_automation/build_qa_automation/projects/ci_w3schools_tryit/tests/generated_scenarios.json
2026-01-20T00:25:34.0717199Z 
2026-01-20T00:25:34.0717649Z 📝 Processing scenario 'HTML Editor - Basic HTML Editing and Execution' with 5 steps
2026-01-20T00:25:34.0718338Z   🔍 Step 1 (assert_visible): Found 3 mined locators
2026-01-20T00:25:34.0718891Z       ✅ Kept robust locator (0.80): role=button[name='Run ❯']...
2026-01-20T00:25:34.0719401Z       ✅ Kept robust locator (0.70): text='Run ❯'...
2026-01-20T00:25:34.0719862Z       ✅ Kept robust locator (0.85): #runbtn...
2026-01-20T00:25:34.0720326Z   💾 Saved 3 robust locators (top stability: 0.85)
2026-01-20T00:25:34.0720784Z   🔍 Step 2 (click): Found 3 mined locators
2026-01-20T00:25:34.0721320Z       ✅ Kept robust locator (0.80): role=button[name='Run ❯']...
2026-01-20T00:25:34.0721825Z       ✅ Kept robust locator (0.70): text='Run ❯'...
2026-01-20T00:25:34.0722284Z       ✅ Kept robust locator (0.85): #runbtn...
2026-01-20T00:25:34.0722743Z   💾 Saved 3 robust locators (top stability: 0.85)
2026-01-20T00:25:34.0723217Z   🔍 Step 3 (assert_visible): Found 2 mined locators
2026-01-20T00:25:34.0723735Z       ✅ Kept robust locator (0.70): text='This is a Heading'...
2026-01-20T00:25:34.0724521Z       ✅ Kept robust locator (0.70): text=<h1>This is a Heading</h1>...
2026-01-20T00:25:34.0725051Z   💾 Saved 2 robust locators (top stability: 0.70)
2026-01-20T00:25:34.0725514Z   🔍 Step 4 (fill): Found 1 mined locators
2026-01-20T00:25:34.0726110Z       ✅ Kept robust locator (0.92): #textarea...
2026-01-20T00:25:34.0726743Z   💾 Saved 1 robust locators (top stability: 0.92)
2026-01-20T00:25:34.0727382Z ✅ Updated scenario 'HTML Editor - Basic HTML Editing and Execution' with 5 validated steps
2026-01-20T00:25:34.0728194Z 
2026-01-20T00:25:34.0728607Z 📝 Processing scenario 'HTML Editor - Update HTML and Verify Output' with 6 steps
2026-01-20T00:25:34.0729480Z   🔍 Step 1 (assert_visible): Found 3 mined locators
2026-01-20T00:25:34.0730057Z       ✅ Kept robust locator (0.80): role=button[name='Run ❯']...
2026-01-20T00:25:34.0730607Z       ✅ Kept robust locator (0.70): text='Run ❯'...
2026-01-20T00:25:34.0731082Z       ✅ Kept robust locator (0.85): #runbtn...
2026-01-20T00:25:34.0731559Z   💾 Saved 3 robust locators (top stability: 0.85)
2026-01-20T00:25:34.0731979Z   🔍 Step 2 (fill): Found 1 mined locators
2026-01-20T00:25:34.0732384Z       ✅ Kept robust locator (0.92): #textarea...
2026-01-20T00:25:34.0732837Z   💾 Saved 1 robust locators (top stability: 0.92)
2026-01-20T00:25:34.0733255Z   🔍 Step 3 (fill): Found 1 mined locators
2026-01-20T00:25:34.0733750Z       ⚠️ Skipping low-confidence locator (0.60): ...
2026-01-20T00:25:34.0735220Z   ⚠️  No robust locators passed filtering. Executor will use fallback strategies.
2026-01-20T00:25:34.0735842Z   🔍 Step 4 (click): Found 3 mined locators
2026-01-20T00:25:34.0736351Z       ✅ Kept robust locator (0.80): role=button[name='Run ❯']...
2026-01-20T00:25:34.0736881Z       ✅ Kept robust locator (0.70): text='Run ❯'...
2026-01-20T00:25:34.0737342Z       ✅ Kept robust locator (0.85): #runbtn...
2026-01-20T00:25:34.0737791Z   💾 Saved 3 robust locators (top stability: 0.85)
2026-01-20T00:25:34.0738231Z   🔍 Step 5 (fill): Found 1 mined locators
2026-01-20T00:25:34.0738722Z       ✅ Kept robust locator (0.92): #textarea...
2026-01-20T00:25:34.0739208Z   💾 Saved 1 robust locators (top stability: 0.92)
2026-01-20T00:25:34.0739923Z ✅ Updated scenario 'HTML Editor - Update HTML and Verify Output' with 6 validated steps
2026-01-20T00:25:34.0740397Z 
2026-01-20T00:25:34.0740778Z 📝 Processing scenario 'HTML Editor - Empty HTML and Verify Output' with 8 steps
2026-01-20T00:25:34.0741354Z   🔍 Step 1 (assert_visible): Found 3 mined locators
2026-01-20T00:25:34.0744358Z       ✅ Kept robust locator (0.80): role=button[name='Run ❯']...
2026-01-20T00:25:34.0744748Z       ✅ Kept robust locator (0.70): text='Run ❯'...
2026-01-20T00:25:34.0745086Z       ✅ Kept robust locator (0.85): #runbtn...
2026-01-20T00:25:34.0745415Z   💾 Saved 3 robust locators (top stability: 0.85)
2026-01-20T00:25:34.0745739Z   🔍 Step 2 (fill): Found 1 mined locators
2026-01-20T00:25:34.0746049Z       ✅ Kept robust locator (0.92): #textarea...
2026-01-20T00:25:34.0746387Z   💾 Saved 1 robust locators (top stability: 0.92)
2026-01-20T00:25:34.0746877Z   🔍 Step 3 (fill): Found 1 mined locators
2026-01-20T00:25:34.0747432Z       ⚠️ Skipping low-confidence locator (0.60): ...
2026-01-20T00:25:34.0748020Z   ⚠️  No robust locators passed filtering. Executor will use fallback strategies.
2026-01-20T00:25:34.0748450Z   🔍 Step 4 (click): Found 3 mined locators
2026-01-20T00:25:34.0748814Z       ✅ Kept robust locator (0.80): role=button[name='Run ❯']...
2026-01-20T00:25:34.0749542Z       ✅ Kept robust locator (0.70): text='Run ❯'...
2026-01-20T00:25:34.0749863Z       ✅ Kept robust locator (0.85): #runbtn...
2026-01-20T00:25:34.0750189Z   💾 Saved 3 robust locators (top stability: 0.85)
2026-01-20T00:25:34.0750530Z   🔍 Step 5 (fill): Found 1 mined locators
2026-01-20T00:25:34.0750835Z       ✅ Kept robust locator (0.92): #textarea...
2026-01-20T00:25:34.0751165Z   💾 Saved 1 robust locators (top stability: 0.92)
2026-01-20T00:25:34.0751484Z   🔍 Step 6 (click): Found 1 mined locators
2026-01-20T00:25:34.0751791Z       ✅ Kept robust locator (0.95): #runbtn...
2026-01-20T00:25:34.0752113Z   💾 Saved 1 robust locators (top stability: 0.95)
2026-01-20T00:25:34.0752451Z   🔍 Step 7 (assert_visible): Found 2 mined locators
2026-01-20T00:25:34.0752913Z       ✅ Kept robust locator (0.80): role=link[name='Get your own website']...
2026-01-20T00:25:34.0753422Z       ✅ Kept robust locator (0.85): #getwebsitebtn...
2026-01-20T00:25:34.0753985Z   💾 Saved 2 robust locators (top stability: 0.85)
2026-01-20T00:25:34.0755133Z ✅ Updated scenario 'HTML Editor - Empty HTML and Verify Output' with 8 validated steps
2026-01-20T00:25:34.0756228Z 🔄 Updated workflow.json with discovered steps and locators.
2026-01-20T00:25:34.0756643Z 
2026-01-20T00:25:34.0756995Z ============================================================
2026-01-20T00:25:34.0757553Z 📊 EXPLORER PERFORMANCE SUMMARY
2026-01-20T00:25:34.0757970Z ============================================================
2026-01-20T00:25:34.0758281Z 
2026-01-20T00:25:34.0758455Z 🔍 Locator Mining:
2026-01-20T00:25:34.0758841Z    • Total Locators Mined: 30
2026-01-20T00:25:34.0759292Z    • Filtered Out (Brittle): 2 (6.7%)
2026-01-20T00:25:34.0759777Z    • Saved to Golden Path: 28 (93.3%)
2026-01-20T00:25:34.0760061Z 
2026-01-20T00:25:34.0760246Z ⚠️  Filtering Breakdown:
2026-01-20T00:25:34.0760659Z    • Low Confidence (<0.75): 2
2026-01-20T00:25:34.0760904Z 
2026-01-20T00:25:34.0761078Z ✅ Golden Path Quality:
2026-01-20T00:25:34.0761655Z    🌟 EXCELLENT - 93.3% of mined locators are robust!
2026-01-20T00:25:34.0762101Z 
2026-01-20T00:25:34.0762280Z ============================================================
2026-01-20T00:25:34.0762631Z 
2026-01-20T00:25:34.0762888Z ✅ Deep Exploration Complete.
2026-01-20T00:27:10.3372705Z 
2026-01-20T00:27:10.3373478Z 🚀 [EXECUTE] Starting Automation Execution Engine
2026-01-20T00:27:10.3374477Z 📍 Project: ci_w3schools_tryit
2026-01-20T00:27:10.3374919Z 🎬 Mode: Headless
2026-01-20T00:27:10.3375171Z 
2026-01-20T00:27:10.3375468Z --- Scenario: HTML Editor - Basic HTML Editing and Execution ---
2026-01-20T00:27:10.3376169Z   ▶️  [STEP step_1] NAVIGATE: NAVIGATE
2026-01-20T00:27:10.3376640Z     ✅ Step step_1 Passed.
2026-01-20T00:27:10.3377090Z   ▶️  [STEP step_2] ASSERT_VISIBLE: Run ❯
2026-01-20T00:27:10.3377676Z     🔍 Trying 3 validated locators from golden path...
2026-01-20T00:27:10.3378310Z     ✅ SUCCESS! Locator #1: #runbtn... (method: unknown, stability: 0.85)
2026-01-20T00:27:10.3378696Z     ✅ Step step_2 Passed.
2026-01-20T00:27:10.3378975Z   ▶️  [STEP step_4] CLICK: Run ❯
2026-01-20T00:27:10.3379295Z     🔍 Trying 3 validated locators from golden path...
2026-01-20T00:27:10.3379722Z     ✅ SUCCESS! Locator #1: #runbtn... (method: unknown, stability: 0.85)
2026-01-20T00:27:10.3380087Z     ✅ Step step_4 Passed.
2026-01-20T00:27:10.3380376Z   ▶️  [STEP step_5] ASSERT_VISIBLE: This is a Heading
2026-01-20T00:27:10.3380730Z     🔍 Trying 2 validated locators from golden path...
2026-01-20T00:27:10.3381197Z     ✅ SUCCESS! Locator #1: text='This is a Heading'... (method: unknown, stability: 0.70)
2026-01-20T00:27:10.3381610Z     ✅ Step step_5 Passed.
2026-01-20T00:27:10.3381862Z   ▶️  [STEP step_5_ai_1] FILL: textarea
2026-01-20T00:27:10.3382190Z     🔍 Trying 1 validated locators from golden path...
2026-01-20T00:27:10.3382622Z     ✅ SUCCESS! Locator #1: #textarea... (method: unknown, stability: 0.92)
2026-01-20T00:27:10.3382994Z     ✅ Step step_5_ai_1 Passed.
2026-01-20T00:27:10.3383408Z ✅ Scenario 'HTML Editor - Basic HTML Editing and Execution' completed successfully!
2026-01-20T00:27:10.3383732Z 
2026-01-20T00:27:10.3384128Z --- Scenario: HTML Editor - Update HTML and Verify Output ---
2026-01-20T00:27:10.3384528Z   ▶️  [STEP step_1] NAVIGATE: NAVIGATE
2026-01-20T00:27:10.3384816Z     ✅ Step step_1 Passed.
2026-01-20T00:27:10.3385073Z   ▶️  [STEP step_2] ASSERT_VISIBLE: Run ❯
2026-01-20T00:27:10.3385420Z     🔍 Trying 3 validated locators from golden path...
2026-01-20T00:27:10.3385852Z     ✅ SUCCESS! Locator #1: #runbtn... (method: unknown, stability: 0.85)
2026-01-20T00:27:10.3386213Z     ✅ Step step_2 Passed.
2026-01-20T00:27:10.3386463Z   ▶️  [STEP step_2_ai_1] FILL: textarea
2026-01-20T00:27:10.3386780Z     🔍 Trying 1 validated locators from golden path...
2026-01-20T00:27:10.3387199Z     ✅ SUCCESS! Locator #1: #textarea... (method: unknown, stability: 0.92)
2026-01-20T00:27:10.3387603Z     ✅ Step step_2_ai_1 Passed.
2026-01-20T00:27:10.3387867Z   ▶️  [STEP step_3] FILL: textareaCode
2026-01-20T00:27:10.3388646Z     ❌ Attempt 1 failed (element_not_found): Locator.scroll_into_view_if_needed: Timeout 10000ms exceeded.
2026-01-20T00:27:10.3389083Z Call log:
2026-01-20T00:27:10.3389260Z   - waiting for locator("tex...
2026-01-20T00:27:10.3389748Z     🔧 [AUTO-HEAL] Re-mining page to find 'textareaCode'...
2026-01-20T00:27:10.3390131Z [DEBUG] Sending request to gemini-2.0-flash. Number of parts: 2
2026-01-20T00:27:10.3390465Z [DEBUG] Received response (Length: 539)
2026-01-20T00:27:10.3390795Z     ✨ AI heal found 2 alternatives. Validating...
2026-01-20T00:27:10.3391111Z       ❌ Rejected: Element not found
2026-01-20T00:27:10.3391378Z       ❌ Rejected: Element not found
2026-01-20T00:27:10.3391714Z     ⚠️ All AI suggestions failed validation. Using original.
2026-01-20T00:27:10.3392144Z     ❌ AI could not re-locate the element. Waiting 1s before next retry.
2026-01-20T00:27:10.3392739Z     ❌ Attempt 2 failed (element_not_found): Locator.scroll_into_view_if_needed: Timeout 10000ms exceeded.
2026-01-20T00:27:10.3393170Z Call log:
2026-01-20T00:27:10.3393351Z   - waiting for locator("tex...
2026-01-20T00:27:10.3393671Z     🔧 [AUTO-HEAL] Re-mining page to find 'textareaCode'...
2026-01-20T00:27:10.3394271Z [DEBUG] Sending request to gemini-2.0-flash. Number of parts: 2
2026-01-20T00:27:10.3394615Z [DEBUG] Received response (Length: 38)
2026-01-20T00:27:10.3395001Z     ❌ AI could not re-locate the element. Waiting 1s before next retry.
2026-01-20T00:27:10.3395596Z     ❌ Attempt 3 failed (element_not_found): Locator.scroll_into_view_if_needed: Timeout 10000ms exceeded.
2026-01-20T00:27:10.3396031Z Call log:
2026-01-20T00:27:10.3396203Z   - waiting for locator("tex...
2026-01-20T00:27:10.3396476Z     💀 Step step_3 failed after all retries.
2026-01-20T00:27:10.3396934Z 🛑 Scenario 'HTML Editor - Update HTML and Verify Output' aborted due to step failure.
2026-01-20T00:27:10.3397256Z 
2026-01-20T00:27:10.3397403Z --- Scenario: HTML Editor - Empty HTML and Verify Output ---
2026-01-20T00:27:10.3397753Z   ▶️  [STEP step_1] NAVIGATE: NAVIGATE
2026-01-20T00:27:10.3398030Z     ✅ Step step_1 Passed.
2026-01-20T00:27:10.3398280Z   ▶️  [STEP step_2] ASSERT_VISIBLE: Run ❯
2026-01-20T00:27:10.3398610Z     🔍 Trying 3 validated locators from golden path...
2026-01-20T00:27:10.3399038Z     ✅ SUCCESS! Locator #1: #runbtn... (method: unknown, stability: 0.85)
2026-01-20T00:27:10.3399393Z     ✅ Step step_2 Passed.
2026-01-20T00:27:10.3399636Z   ▶️  [STEP step_2_ai_1] FILL: textarea
2026-01-20T00:27:10.3399952Z     🔍 Trying 1 validated locators from golden path...
2026-01-20T00:27:10.3400371Z     ✅ SUCCESS! Locator #1: #textarea... (method: unknown, stability: 0.92)
2026-01-20T00:27:10.3400737Z     ✅ Step step_2_ai_1 Passed.
2026-01-20T00:27:10.3400995Z   ▶️  [STEP step_3] FILL: textareaCode
2026-01-20T00:27:10.3401491Z     ❌ Attempt 1 failed (element_not_found): Locator.scroll_into_view_if_needed: Timeout 10000ms exceeded.
2026-01-20T00:27:10.3401918Z Call log:
2026-01-20T00:27:10.3402087Z   - waiting for locator("tex...
2026-01-20T00:27:10.3402416Z     🔧 [AUTO-HEAL] Re-mining page to find 'textareaCode'...
2026-01-20T00:27:10.3402774Z [DEBUG] Sending request to gemini-2.0-flash. Number of parts: 2
2026-01-20T00:27:10.3403097Z [DEBUG] Received response (Length: 38)
2026-01-20T00:27:10.3403480Z     ❌ AI could not re-locate the element. Waiting 1s before next retry.
2026-01-20T00:27:10.3404913Z     ❌ Attempt 2 failed (element_not_found): Locator.scroll_into_view_if_needed: Timeout 10000ms exceeded.
2026-01-20T00:27:10.3405690Z Call log:
2026-01-20T00:27:10.3405988Z   - waiting for locator("tex...
2026-01-20T00:27:10.3406537Z     🔧 [AUTO-HEAL] Re-mining page to find 'textareaCode'...
2026-01-20T00:27:10.3407135Z [DEBUG] Sending request to gemini-2.0-flash. Number of parts: 2
2026-01-20T00:27:10.3407705Z [DEBUG] Received response (Length: 470)
2026-01-20T00:27:10.3408045Z     ✨ AI heal found 2 alternatives. Validating...
2026-01-20T00:27:10.3408365Z       ❌ Rejected: No keyword match in 'ad
2026-01-20T00:27:10.3408536Z 
2026-01-20T00:27:10.3408541Z 
2026-01-20T00:27:10.3408711Z 
2026-01-20T00:27:10.3408721Z 
2026-01-20T00:27:10.3408725Z 
2026-01-20T00:27:10.3408798Z   
2026-01-20T00:27:10.3408951Z   
2026-01-20T00:27:10.3409032Z 
2026-01-20T00:27:10.3409092Z   
2026-01-20T00:27:10.3409177Z 
2026-01-20T00:27:10.3410828Z   
2026-01-20T00:27:10.3411139Z   
2026-01-20T00:27:10.3411282Z 
2026-01-20T00:27:10.3411419Z   ru' for 'textareaCode'
2026-01-20T00:27:10.3411997Z       ❌ Rejected: No keyword match in 'w3schools tryit editor
2026-01-20T00:27:10.3412358Z 
2026-01-20T00:27:10.3412364Z 
2026-01-20T00:27:10.3412369Z 
2026-01-20T00:27:10.3412374Z 
2026-01-20T00:27:10.3412380Z 
2026-01-20T00:27:10.3412385Z 
2026-01-20T00:27:10.3412390Z 
2026-01-20T00:27:10.3412523Z ' for 'textareaCode'
2026-01-20T00:27:10.3413026Z     ⚠️ All AI suggestions failed validation. Using original.
2026-01-20T00:27:10.3413695Z     ❌ AI could not re-locate the element. Waiting 1s before next retry.
2026-01-20T00:27:10.3414570Z     ❌ Attempt 3 failed (element_not_found): Locator.scroll_into_view_if_needed: Timeout 10000ms exceeded.
2026-01-20T00:27:10.3415037Z Call log:
2026-01-20T00:27:10.3415217Z   - waiting for locator("tex...
2026-01-20T00:27:10.3415516Z     💀 Step step_3 failed after all retries.
2026-01-20T00:27:10.3415991Z 🛑 Scenario 'HTML Editor - Empty HTML and Verify Output' aborted due to step failure.
2026-01-20T00:27:10.3416308Z 
2026-01-20T00:27:10.3416415Z ============================================================
2026-01-20T00:27:10.3416706Z 🎯 EXECUTION SUMMARY
2026-01-20T00:27:10.3416916Z ============================================================
2026-01-20T00:27:10.3417117Z 
2026-01-20T00:27:10.3417216Z 📋 Scenario Overview:
2026-01-20T00:27:10.3417457Z    • Total Scenarios Planned: 3
2026-01-20T00:27:10.3417706Z    • Scenarios Executed: 3
2026-01-20T00:27:10.3417952Z    • Total Steps Executed: 13
2026-01-20T00:27:10.3418099Z 
2026-01-20T00:27:10.3418184Z ✅ Results:
2026-01-20T00:27:10.3418375Z    ✅ Passed: 1 (33%)
2026-01-20T00:27:10.3418579Z    ❌ Failed: 2 (66%)
2026-01-20T00:27:10.3418704Z 
2026-01-20T00:27:10.3418803Z ⚠️  Failed Scenarios:
2026-01-20T00:27:10.3419068Z    • HTML Editor - Update HTML and Verify Output
2026-01-20T00:27:10.3419420Z    • HTML Editor - Empty HTML and Verify Output
2026-01-20T00:27:10.3419616Z 
2026-01-20T00:27:10.3419717Z ============================================================
2026-01-20T00:27:10.3419897Z 
2026-01-20T00:27:10.3420377Z 🏁 Execution Finished. Report: /home/runner/work/build_qa_automation/build_qa_automation/projects/ci_w3schools_tryit/execution.json
2026-01-20T00:27:10.3420850Z 
2026-01-20T00:27:10.3420940Z ============================================================
2026-01-20T00:27:10.3421233Z 📊 EXECUTOR PERFORMANCE SUMMARY
2026-01-20T00:27:10.3421467Z ============================================================
2026-01-20T00:27:10.3421641Z 
2026-01-20T00:27:10.3421743Z 🎯 Execution Results:
2026-01-20T00:27:10.3421952Z    • Total Steps: 13
2026-01-20T00:27:10.3422190Z    • First-Attempt Success: 11 (84.6%)
2026-01-20T00:27:10.3422482Z    • Required AI Healing: 4 (30.8%)
2026-01-20T00:27:10.3422753Z    • Final Failures: 2 (15.4%)
2026-01-20T00:27:10.3422897Z 
2026-01-20T00:27:10.3423018Z 🛤️  Golden Path Effectiveness:
2026-01-20T00:27:10.3423446Z    • Steps with Mined Locators: 8
2026-01-20T00:27:10.3423734Z    • Golden Path Hits: 8 (100.0%)
2026-01-20T00:27:10.3424277Z    • Golden Path Misses: 0
2026-01-20T00:27:10.3424544Z    • Fallback Used (No Locators): 5
2026-01-20T00:27:10.3424706Z 
2026-01-20T00:27:10.3424808Z 📈 Overall Assessment:
2026-01-20T00:27:10.3425136Z    ✅ GOOD! Most steps following golden path successfully.
2026-01-20T00:27:10.3425358Z 
2026-01-20T00:27:10.3425467Z 🎯 vs Target (100% Flawless):
2026-01-20T00:27:10.3425715Z    📊 Gap: 15.4% from target
2026-01-20T00:27:10.3426064Z    💡 Recommendation: Explorer needs to mine locators for 5 steps
2026-01-20T00:27:10.3426309Z 
2026-01-20T00:27:10.3426405Z ============================================================
2026-01-20T00:27:10.4389801Z 
2026-01-20T00:27:10.4390592Z [PHASE] Running Phase: DISCOVERY
2026-01-20T00:27:10.4392704Z    Command: /opt/hostedtoolcache/Python/3.11.14/x64/bin/python /home/runner/work/build_qa_automation/build_qa_automation/core/agents/discovery.py --project /home/runner/work/build_qa_automation/build_qa_automation/projects/ci_w3schools_tryit --url https://www.w3schools.com/html/tryit.asp?filename=tryhtml_default --deep
2026-01-20T00:27:10.4395215Z ✅ Phase 'discovery' completed successfully.
2026-01-20T00:27:10.4395538Z 
2026-01-20T00:27:10.4395668Z [PHASE] Running Phase: PLANNING
2026-01-20T00:27:10.4397692Z    Command: /opt/hostedtoolcache/Python/3.11.14/x64/bin/python /home/runner/work/build_qa_automation/build_qa_automation/core/agents/planner.py --project /home/runner/work/build_qa_automation/build_qa_automation/projects/ci_w3schools_tryit --goal Test HTML editor --url https://www.w3schools.com/html/tryit.asp?filename=tryhtml_default --deep
2026-01-20T00:27:10.4399845Z ✅ Phase 'planning' completed successfully.
2026-01-20T00:27:10.4400150Z 
2026-01-20T00:27:10.4400292Z [PHASE] Running Phase: EXPLORATION
2026-01-20T00:27:10.4401778Z    Command: /opt/hostedtoolcache/Python/3.11.14/x64/bin/python /home/runner/work/build_qa_automation/build_qa_automation/core/agents/deep_explorer.py --project /home/runner/work/build_qa_automation/build_qa_automation/projects/ci_w3schools_tryit
2026-01-20T00:27:10.4403434Z ✅ Phase 'exploration' completed successfully.
2026-01-20T00:27:10.4404115Z 📊 Exploration Discovery Success Rate: 87.5%
2026-01-20T00:27:10.4404411Z 
2026-01-20T00:27:10.4404546Z [PHASE] Running Phase: EXECUTION
2026-01-20T00:27:10.4406005Z    Command: /opt/hostedtoolcache/Python/3.11.14/x64/bin/python /home/runner/work/build_qa_automation/build_qa_automation/core/agents/executor.py --project /home/runner/work/build_qa_automation/build_qa_automation/projects/ci_w3schools_tryit
2026-01-20T00:27:10.4407595Z ✅ Phase 'execution' completed successfully.
2026-01-20T00:27:10.4407885Z 
2026-01-20T00:27:10.4408042Z [DONE] Pipeline Execution Finished! [DONE]
2026-01-20T00:27:10.5280446Z ##[group]Run RESULT_FILE="projects/ci_w3schools_tryit/execution.json"
2026-01-20T00:27:10.5280977Z [36;1mRESULT_FILE="projects/ci_w3schools_tryit/execution.json"[0m
2026-01-20T00:27:10.5281331Z [36;1mif [ -f "$RESULT_FILE" ]; then[0m
2026-01-20T00:27:10.5281669Z [36;1m  echo "✅ Results generated successfully: $RESULT_FILE"[0m
2026-01-20T00:27:10.5282112Z [36;1m  cat "$RESULT_FILE" | jq '.scenarios | length' || echo "Result file exists"[0m
2026-01-20T00:27:10.5282475Z [36;1melse[0m
2026-01-20T00:27:10.5282703Z [36;1m  echo "❌ No result file found at $RESULT_FILE"[0m
2026-01-20T00:27:10.5282974Z [36;1m  exit 1[0m
2026-01-20T00:27:10.5283147Z [36;1mfi[0m
2026-01-20T00:27:10.5315009Z shell: /usr/bin/bash -e {0}
2026-01-20T00:27:10.5315240Z env:
2026-01-20T00:27:10.5315495Z   pythonLocation: /opt/hostedtoolcache/Python/3.11.14/x64
2026-01-20T00:27:10.5315922Z   PKG_CONFIG_PATH: /opt/hostedtoolcache/Python/3.11.14/x64/lib/pkgconfig
2026-01-20T00:27:10.5316380Z   Python_ROOT_DIR: /opt/hostedtoolcache/Python/3.11.14/x64
2026-01-20T00:27:10.5316748Z   Python2_ROOT_DIR: /opt/hostedtoolcache/Python/3.11.14/x64
2026-01-20T00:27:10.5317122Z   Python3_ROOT_DIR: /opt/hostedtoolcache/Python/3.11.14/x64
2026-01-20T00:27:10.5317489Z   LD_LIBRARY_PATH: /opt/hostedtoolcache/Python/3.11.14/x64/lib
2026-01-20T00:27:10.5317795Z ##[endgroup]
2026-01-20T00:27:10.5369214Z ✅ Results generated successfully: projects/ci_w3schools_tryit/execution.json
2026-01-20T00:27:10.5395374Z 3
2026-01-20T00:27:10.5507988Z ##[group]Run actions/upload-artifact@v4
2026-01-20T00:27:10.5508436Z with:
2026-01-20T00:27:10.5508721Z   name: w3schools_tryit-execution-results
2026-01-20T00:27:10.5509191Z   path: projects/ci_w3schools_tryit/execution.json
projects/ci_w3schools_tryit/workflow.json

2026-01-20T00:27:10.5509633Z   retention-days: 30
2026-01-20T00:27:10.5509834Z   if-no-files-found: warn
2026-01-20T00:27:10.5510048Z   compression-level: 6
2026-01-20T00:27:10.5510242Z   overwrite: false
2026-01-20T00:27:10.5510671Z   include-hidden-files: false
2026-01-20T00:27:10.5510879Z env:
2026-01-20T00:27:10.5511109Z   pythonLocation: /opt/hostedtoolcache/Python/3.11.14/x64
2026-01-20T00:27:10.5511510Z   PKG_CONFIG_PATH: /opt/hostedtoolcache/Python/3.11.14/x64/lib/pkgconfig
2026-01-20T00:27:10.5511910Z   Python_ROOT_DIR: /opt/hostedtoolcache/Python/3.11.14/x64
2026-01-20T00:27:10.5512258Z   Python2_ROOT_DIR: /opt/hostedtoolcache/Python/3.11.14/x64
2026-01-20T00:27:10.5512644Z   Python3_ROOT_DIR: /opt/hostedtoolcache/Python/3.11.14/x64
2026-01-20T00:27:10.5513008Z   LD_LIBRARY_PATH: /opt/hostedtoolcache/Python/3.11.14/x64/lib
2026-01-20T00:27:10.5513300Z ##[endgroup]
2026-01-20T00:27:10.7676324Z Multiple search paths detected. Calculating the least common ancestor of all paths
2026-01-20T00:27:10.7680735Z The least common ancestor is /home/runner/work/build_qa_automation/build_qa_automation/projects/ci_w3schools_tryit. This will be the root directory of the artifact
2026-01-20T00:27:10.7682073Z With the provided path, there will be 2 files uploaded
2026-01-20T00:27:10.7687433Z Artifact name is valid!
2026-01-20T00:27:10.7688397Z Root directory input is valid!
2026-01-20T00:27:10.8723181Z Beginning upload of artifact content to blob storage
2026-01-20T00:27:10.9465301Z Uploaded bytes 1611
2026-01-20T00:27:10.9686547Z Finished uploading artifact content to blob storage!
2026-01-20T00:27:10.9690581Z SHA256 digest of uploaded artifact zip is e5a35d26463a23c380c7c39fcd348c51e2a212a4a9ff8cbf696785d3d7d75a48
2026-01-20T00:27:10.9692973Z Finalizing artifact upload
2026-01-20T00:27:11.0598894Z Artifact w3schools_tryit-execution-results.zip successfully finalized. Artifact ID 5183256535
2026-01-20T00:27:11.0600335Z Artifact w3schools_tryit-execution-results has been successfully uploaded! Final size is 1611 bytes. Artifact ID is 5183256535
2026-01-20T00:27:11.0608904Z Artifact download URL: https://github.com/vishvasmca-cmd/build_qa_automation/actions/runs/21154472744/artifacts/5183256535
2026-01-20T00:27:11.0741349Z Post job cleanup.
2026-01-20T00:27:11.2221677Z Cache hit occurred on the primary key setup-python-Linux-x64-24.04-Ubuntu-python-3.11.14-pip-dde08d0e0b672972dcda9f1a063036a2e0c226f5d0a20362e9401931676d80a4, not saving cache.
2026-01-20T00:27:11.2325614Z Post job cleanup.
2026-01-20T00:27:11.3261823Z [command]/usr/bin/git version
2026-01-20T00:27:11.3302617Z git version 2.52.0
2026-01-20T00:27:11.3346590Z Temporarily overriding HOME='/home/runner/work/_temp/229c4bb7-b7ea-4bca-9d7e-fe7c3db321d1' before making global git config changes
2026-01-20T00:27:11.3348212Z Adding repository directory to the temporary git global config as a safe directory
2026-01-20T00:27:11.3352915Z [command]/usr/bin/git config --global --add safe.directory /home/runner/work/build_qa_automation/build_qa_automation
2026-01-20T00:27:11.3389886Z [command]/usr/bin/git config --local --name-only --get-regexp core\.sshCommand
2026-01-20T00:27:11.3424290Z [command]/usr/bin/git submodule foreach --recursive sh -c "git config --local --name-only --get-regexp 'core\.sshCommand' && git config --local --unset-all 'core.sshCommand' || :"
2026-01-20T00:27:11.3676484Z [command]/usr/bin/git config --local --name-only --get-regexp http\.https\:\/\/github\.com\/\.extraheader
2026-01-20T00:27:11.3699426Z http.https://github.com/.extraheader
2026-01-20T00:27:11.3715613Z [command]/usr/bin/git config --local --unset-all http.https://github.com/.extraheader
2026-01-20T00:27:11.3750686Z [command]/usr/bin/git submodule foreach --recursive sh -c "git config --local --name-only --get-regexp 'http\.https\:\/\/github\.com\/\.extraheader' && git config --local --unset-all 'http.https://github.com/.extraheader' || :"
2026-01-20T00:27:11.3991311Z [command]/usr/bin/git config --local --name-only --get-regexp ^includeIf\.gitdir:
2026-01-20T00:27:11.4023373Z [command]/usr/bin/git submodule foreach --recursive git config --local --show-origin --name-only --get-regexp remote.origin.url
2026-01-20T00:27:11.4356814Z Cleaning up orphan processes
