2026-01-19T02:42:42.1723621Z Current runner version: '2.331.0'
2026-01-19T02:42:42.1747910Z ##[group]Runner Image Provisioner
2026-01-19T02:42:42.1748835Z Hosted Compute Agent
2026-01-19T02:42:42.1749361Z Version: 20251211.462
2026-01-19T02:42:42.1749966Z Commit: 6cbad8c2bb55d58165063d031ccabf57e2d2db61
2026-01-19T02:42:42.1750748Z Build Date: 2025-12-11T16:28:49Z
2026-01-19T02:42:42.1751374Z Worker ID: {380ba928-f988-4c59-8923-b023415387e6}
2026-01-19T02:42:42.1752064Z ##[endgroup]
2026-01-19T02:42:42.1752613Z ##[group]Operating System
2026-01-19T02:42:42.1753170Z Ubuntu
2026-01-19T02:42:42.1753616Z 24.04.3
2026-01-19T02:42:42.1754099Z LTS
2026-01-19T02:42:42.1754597Z ##[endgroup]
2026-01-19T02:42:42.1755227Z ##[group]Runner Image
2026-01-19T02:42:42.1755847Z Image: ubuntu-24.04
2026-01-19T02:42:42.1756357Z Version: 20260111.209.1
2026-01-19T02:42:42.1757327Z Included Software: https://github.com/actions/runner-images/blob/ubuntu24/20260111.209/images/ubuntu/Ubuntu2404-Readme.md
2026-01-19T02:42:42.1758945Z Image Release: https://github.com/actions/runner-images/releases/tag/ubuntu24%2F20260111.209
2026-01-19T02:42:42.1759905Z ##[endgroup]
2026-01-19T02:42:42.1761019Z ##[group]GITHUB_TOKEN Permissions
2026-01-19T02:42:42.1763117Z Contents: read
2026-01-19T02:42:42.1763828Z Metadata: read
2026-01-19T02:42:42.1764300Z Packages: read
2026-01-19T02:42:42.1764802Z ##[endgroup]
2026-01-19T02:42:42.1767194Z Secret source: Actions
2026-01-19T02:42:42.1768130Z Prepare workflow directory
2026-01-19T02:42:42.2105973Z Prepare all required actions
2026-01-19T02:42:42.2147880Z Getting action download info
2026-01-19T02:42:42.5466621Z Download action repository 'actions/checkout@v4' (SHA:34e114876b0b11c390a56381ad16ebd13914f8d5)
2026-01-19T02:42:42.6520970Z Download action repository 'actions/setup-python@v5' (SHA:a26af69be951a213d495a4c3e4e4022e16d87065)
2026-01-19T02:42:42.7372694Z Download action repository 'actions/upload-artifact@v4' (SHA:ea165f8d65b6e75b540449e92b4886f43607fa02)
2026-01-19T02:42:43.0768445Z Complete job name: test-websites-deep (jquery_ui_demos, https://jqueryui.com/demos/, Test jQuery UI components)
2026-01-19T02:42:43.1510181Z ##[group]Run actions/checkout@v4
2026-01-19T02:42:43.1511049Z with:
2026-01-19T02:42:43.1511532Z   repository: vishvasmca-cmd/build_qa_automation
2026-01-19T02:42:43.1512288Z   token: ***
2026-01-19T02:42:43.1512678Z   ssh-strict: true
2026-01-19T02:42:43.1513079Z   ssh-user: git
2026-01-19T02:42:43.1513572Z   persist-credentials: true
2026-01-19T02:42:43.1514026Z   clean: true
2026-01-19T02:42:43.1514482Z   sparse-checkout-cone-mode: true
2026-01-19T02:42:43.1515202Z   fetch-depth: 1
2026-01-19T02:42:43.1515681Z   fetch-tags: false
2026-01-19T02:42:43.1516089Z   show-progress: true
2026-01-19T02:42:43.1516505Z   lfs: false
2026-01-19T02:42:43.1516916Z   submodules: false
2026-01-19T02:42:43.1517335Z   set-safe-directory: true
2026-01-19T02:42:43.1518119Z ##[endgroup]
2026-01-19T02:42:43.2596614Z Syncing repository: vishvasmca-cmd/build_qa_automation
2026-01-19T02:42:43.2598479Z ##[group]Getting Git version info
2026-01-19T02:42:43.2599417Z Working directory is '/home/runner/work/build_qa_automation/build_qa_automation'
2026-01-19T02:42:43.2600494Z [command]/usr/bin/git version
2026-01-19T02:42:43.2677861Z git version 2.52.0
2026-01-19T02:42:43.2703816Z ##[endgroup]
2026-01-19T02:42:43.2717198Z Temporarily overriding HOME='/home/runner/work/_temp/1c5d67b0-40a1-403c-8662-60d7e30132ae' before making global git config changes
2026-01-19T02:42:43.2718682Z Adding repository directory to the temporary git global config as a safe directory
2026-01-19T02:42:43.2722554Z [command]/usr/bin/git config --global --add safe.directory /home/runner/work/build_qa_automation/build_qa_automation
2026-01-19T02:42:43.2768980Z Deleting the contents of '/home/runner/work/build_qa_automation/build_qa_automation'
2026-01-19T02:42:43.2772324Z ##[group]Initializing the repository
2026-01-19T02:42:43.2776436Z [command]/usr/bin/git init /home/runner/work/build_qa_automation/build_qa_automation
2026-01-19T02:42:43.2876241Z hint: Using 'master' as the name for the initial branch. This default branch name
2026-01-19T02:42:43.2878323Z hint: will change to "main" in Git 3.0. To configure the initial branch name
2026-01-19T02:42:43.2879942Z hint: to use in all of your new repositories, which will suppress this warning,
2026-01-19T02:42:43.2881163Z hint: call:
2026-01-19T02:42:43.2881763Z hint:
2026-01-19T02:42:43.2882551Z hint: 	git config --global init.defaultBranch <name>
2026-01-19T02:42:43.2883271Z hint:
2026-01-19T02:42:43.2883819Z hint: Names commonly chosen instead of 'master' are 'main', 'trunk' and
2026-01-19T02:42:43.2884695Z hint: 'development'. The just-created branch can be renamed via this command:
2026-01-19T02:42:43.2885684Z hint:
2026-01-19T02:42:43.2886078Z hint: 	git branch -m <name>
2026-01-19T02:42:43.2886514Z hint:
2026-01-19T02:42:43.2887272Z hint: Disable this message with "git config set advice.defaultBranchName false"
2026-01-19T02:42:43.2888667Z Initialized empty Git repository in /home/runner/work/build_qa_automation/build_qa_automation/.git/
2026-01-19T02:42:43.2892960Z [command]/usr/bin/git remote add origin https://github.com/vishvasmca-cmd/build_qa_automation
2026-01-19T02:42:43.2933851Z ##[endgroup]
2026-01-19T02:42:43.2934594Z ##[group]Disabling automatic garbage collection
2026-01-19T02:42:43.2938267Z [command]/usr/bin/git config --local gc.auto 0
2026-01-19T02:42:43.2965581Z ##[endgroup]
2026-01-19T02:42:43.2966278Z ##[group]Setting up auth
2026-01-19T02:42:43.2971834Z [command]/usr/bin/git config --local --name-only --get-regexp core\.sshCommand
2026-01-19T02:42:43.3006824Z [command]/usr/bin/git submodule foreach --recursive sh -c "git config --local --name-only --get-regexp 'core\.sshCommand' && git config --local --unset-all 'core.sshCommand' || :"
2026-01-19T02:42:43.3335692Z [command]/usr/bin/git config --local --name-only --get-regexp http\.https\:\/\/github\.com\/\.extraheader
2026-01-19T02:42:43.3367376Z [command]/usr/bin/git submodule foreach --recursive sh -c "git config --local --name-only --get-regexp 'http\.https\:\/\/github\.com\/\.extraheader' && git config --local --unset-all 'http.https://github.com/.extraheader' || :"
2026-01-19T02:42:43.3595775Z [command]/usr/bin/git config --local --name-only --get-regexp ^includeIf\.gitdir:
2026-01-19T02:42:43.3624152Z [command]/usr/bin/git submodule foreach --recursive git config --local --show-origin --name-only --get-regexp remote.origin.url
2026-01-19T02:42:43.3849909Z [command]/usr/bin/git config --local http.https://github.com/.extraheader AUTHORIZATION: basic ***
2026-01-19T02:42:43.3882204Z ##[endgroup]
2026-01-19T02:42:43.3883015Z ##[group]Fetching the repository
2026-01-19T02:42:43.3890710Z [command]/usr/bin/git -c protocol.version=2 fetch --no-tags --prune --no-recurse-submodules --depth=1 origin +8ae9e7a98960844bdcef67161cbe93442a7431bc:refs/remotes/origin/main
2026-01-19T02:42:44.2663890Z From https://github.com/vishvasmca-cmd/build_qa_automation
2026-01-19T02:42:44.2665916Z  * [new ref]         8ae9e7a98960844bdcef67161cbe93442a7431bc -> origin/main
2026-01-19T02:42:44.2693724Z ##[endgroup]
2026-01-19T02:42:44.2695342Z ##[group]Determining the checkout info
2026-01-19T02:42:44.2696848Z ##[endgroup]
2026-01-19T02:42:44.2700617Z [command]/usr/bin/git sparse-checkout disable
2026-01-19T02:42:44.2740109Z [command]/usr/bin/git config --local --unset-all extensions.worktreeConfig
2026-01-19T02:42:44.2764561Z ##[group]Checking out the ref
2026-01-19T02:42:44.2768108Z [command]/usr/bin/git checkout --progress --force -B main refs/remotes/origin/main
2026-01-19T02:42:44.4091976Z Switched to a new branch 'main'
2026-01-19T02:42:44.4093589Z branch 'main' set up to track 'origin/main'.
2026-01-19T02:42:44.4112193Z ##[endgroup]
2026-01-19T02:42:44.4149983Z [command]/usr/bin/git log -1 --format=%H
2026-01-19T02:42:44.4171793Z 8ae9e7a98960844bdcef67161cbe93442a7431bc
2026-01-19T02:42:44.4496386Z ##[group]Run actions/setup-python@v5
2026-01-19T02:42:44.4497600Z with:
2026-01-19T02:42:44.4498436Z   python-version: 3.11
2026-01-19T02:42:44.4499383Z   cache: pip
2026-01-19T02:42:44.4500504Z   check-latest: false
2026-01-19T02:42:44.4501733Z   token: ***
2026-01-19T02:42:44.4502609Z   update-environment: true
2026-01-19T02:42:44.4503683Z   allow-prereleases: false
2026-01-19T02:42:44.4504761Z   freethreaded: false
2026-01-19T02:42:44.4505985Z ##[endgroup]
2026-01-19T02:42:44.6166320Z ##[group]Installed versions
2026-01-19T02:42:44.6268855Z Successfully set up CPython (3.11.14)
2026-01-19T02:42:44.6270716Z ##[endgroup]
2026-01-19T02:42:44.7408609Z [command]/opt/hostedtoolcache/Python/3.11.14/x64/bin/pip cache dir
2026-01-19T02:42:46.0344503Z /home/runner/.cache/pip
2026-01-19T02:42:46.1661887Z Cache hit for: setup-python-Linux-x64-24.04-Ubuntu-python-3.11.14-pip-dde08d0e0b672972dcda9f1a063036a2e0c226f5d0a20362e9401931676d80a4
2026-01-19T02:42:47.2572649Z Received 150994944 of 254742636 (59.3%), 144.1 MBs/sec
2026-01-19T02:42:47.6622244Z Received 254742636 of 254742636 (100.0%), 172.9 MBs/sec
2026-01-19T02:42:47.6623673Z Cache Size: ~243 MB (254742636 B)
2026-01-19T02:42:47.6663173Z [command]/usr/bin/tar -xf /home/runner/work/_temp/2154d7a5-a05b-4044-806b-5300cd949f10/cache.tzst -P -C /home/runner/work/build_qa_automation/build_qa_automation --use-compress-program unzstd
2026-01-19T02:42:48.0157414Z Cache restored successfully
2026-01-19T02:42:48.0641975Z Cache restored from key: setup-python-Linux-x64-24.04-Ubuntu-python-3.11.14-pip-dde08d0e0b672972dcda9f1a063036a2e0c226f5d0a20362e9401931676d80a4
2026-01-19T02:42:48.0901729Z ##[group]Run pip install -r requirements.txt
2026-01-19T02:42:48.0902119Z [36;1mpip install -r requirements.txt[0m
2026-01-19T02:42:48.0902408Z [36;1mplaywright install chromium[0m
2026-01-19T02:42:48.0942063Z shell: /usr/bin/bash -e {0}
2026-01-19T02:42:48.0942316Z env:
2026-01-19T02:42:48.0942578Z   pythonLocation: /opt/hostedtoolcache/Python/3.11.14/x64
2026-01-19T02:42:48.0943010Z   PKG_CONFIG_PATH: /opt/hostedtoolcache/Python/3.11.14/x64/lib/pkgconfig
2026-01-19T02:42:48.0943442Z   Python_ROOT_DIR: /opt/hostedtoolcache/Python/3.11.14/x64
2026-01-19T02:42:48.0943852Z   Python2_ROOT_DIR: /opt/hostedtoolcache/Python/3.11.14/x64
2026-01-19T02:42:48.0944234Z   Python3_ROOT_DIR: /opt/hostedtoolcache/Python/3.11.14/x64
2026-01-19T02:42:48.0944618Z   LD_LIBRARY_PATH: /opt/hostedtoolcache/Python/3.11.14/x64/lib
2026-01-19T02:42:48.0944927Z ##[endgroup]
2026-01-19T02:42:49.0383743Z Collecting playwright (from -r requirements.txt (line 1))
2026-01-19T02:42:49.0403698Z   Using cached playwright-1.57.0-py3-none-manylinux1_x86_64.whl.metadata (3.5 kB)
2026-01-19T02:42:49.0557792Z Collecting python-dotenv (from -r requirements.txt (line 2))
2026-01-19T02:42:49.0571899Z   Using cached python_dotenv-1.2.1-py3-none-any.whl.metadata (25 kB)
2026-01-19T02:42:49.0829121Z Collecting requests (from -r requirements.txt (line 3))
2026-01-19T02:42:49.0842696Z   Using cached requests-2.32.5-py3-none-any.whl.metadata (4.9 kB)
2026-01-19T02:42:49.2521651Z Collecting pillow (from -r requirements.txt (line 4))
2026-01-19T02:42:49.2539475Z   Using cached pillow-12.1.0-cp311-cp311-manylinux_2_27_x86_64.manylinux_2_28_x86_64.whl.metadata (8.8 kB)
2026-01-19T02:42:49.2785855Z Collecting google-genai>=0.3.0 (from -r requirements.txt (line 5))
2026-01-19T02:42:49.2799913Z   Using cached google_genai-1.59.0-py3-none-any.whl.metadata (53 kB)
2026-01-19T02:42:49.2935592Z Collecting termcolor (from -r requirements.txt (line 6))
2026-01-19T02:42:49.2949220Z   Using cached termcolor-3.3.0-py3-none-any.whl.metadata (6.5 kB)
2026-01-19T02:42:49.3282961Z Collecting PyYAML (from -r requirements.txt (line 7))
2026-01-19T02:42:49.3297112Z   Using cached pyyaml-6.0.3-cp311-cp311-manylinux2014_x86_64.manylinux_2_17_x86_64.manylinux_2_28_x86_64.whl.metadata (2.4 kB)
2026-01-19T02:42:49.3848447Z Collecting opencv-python-headless (from -r requirements.txt (line 8))
2026-01-19T02:42:49.3862090Z   Using cached opencv_python_headless-4.13.0.90-cp37-abi3-manylinux_2_28_x86_64.whl.metadata (19 kB)
2026-01-19T02:42:49.5782717Z Collecting numpy (from -r requirements.txt (line 9))
2026-01-19T02:42:49.5796940Z   Using cached numpy-2.4.1-cp311-cp311-manylinux_2_27_x86_64.manylinux_2_28_x86_64.whl.metadata (6.6 kB)
2026-01-19T02:42:49.6551947Z Collecting faker (from -r requirements.txt (line 10))
2026-01-19T02:42:49.6565265Z   Using cached faker-40.1.2-py3-none-any.whl.metadata (16 kB)
2026-01-19T02:42:49.6717353Z Collecting pyee<14,>=13 (from playwright->-r requirements.txt (line 1))
2026-01-19T02:42:49.6730935Z   Using cached pyee-13.0.0-py3-none-any.whl.metadata (2.9 kB)
2026-01-19T02:42:49.7887778Z Collecting greenlet<4.0.0,>=3.1.1 (from playwright->-r requirements.txt (line 1))
2026-01-19T02:42:49.7902615Z   Using cached greenlet-3.3.0-cp311-cp311-manylinux_2_24_x86_64.manylinux_2_28_x86_64.whl.metadata (4.1 kB)
2026-01-19T02:42:49.8073828Z Collecting typing-extensions (from pyee<14,>=13->playwright->-r requirements.txt (line 1))
2026-01-19T02:42:49.8087765Z   Using cached typing_extensions-4.15.0-py3-none-any.whl.metadata (3.3 kB)
2026-01-19T02:42:49.8862131Z Collecting charset_normalizer<4,>=2 (from requests->-r requirements.txt (line 3))
2026-01-19T02:42:49.8877520Z   Using cached charset_normalizer-3.4.4-cp311-cp311-manylinux2014_x86_64.manylinux_2_17_x86_64.manylinux_2_28_x86_64.whl.metadata (37 kB)
2026-01-19T02:42:49.9040116Z Collecting idna<4,>=2.5 (from requests->-r requirements.txt (line 3))
2026-01-19T02:42:49.9053648Z   Using cached idna-3.11-py3-none-any.whl.metadata (8.4 kB)
2026-01-19T02:42:49.9312047Z Collecting urllib3<3,>=1.21.1 (from requests->-r requirements.txt (line 3))
2026-01-19T02:42:49.9329620Z   Using cached urllib3-2.6.3-py3-none-any.whl.metadata (6.9 kB)
2026-01-19T02:42:49.9526503Z Collecting certifi>=2017.4.17 (from requests->-r requirements.txt (line 3))
2026-01-19T02:42:49.9539980Z   Using cached certifi-2026.1.4-py3-none-any.whl.metadata (2.5 kB)
2026-01-19T02:42:49.9733429Z Collecting anyio<5.0.0,>=4.8.0 (from google-genai>=0.3.0->-r requirements.txt (line 5))
2026-01-19T02:42:49.9746950Z   Using cached anyio-4.12.1-py3-none-any.whl.metadata (4.3 kB)
2026-01-19T02:42:50.0066053Z Collecting google-auth<3.0.0,>=2.47.0 (from google-auth[requests]<3.0.0,>=2.47.0->google-genai>=0.3.0->-r requirements.txt (line 5))
2026-01-19T02:42:50.0079710Z   Using cached google_auth-2.47.0-py3-none-any.whl.metadata (6.4 kB)
2026-01-19T02:42:50.0298999Z Collecting httpx<1.0.0,>=0.28.1 (from google-genai>=0.3.0->-r requirements.txt (line 5))
2026-01-19T02:42:50.0312439Z   Using cached httpx-0.28.1-py3-none-any.whl.metadata (7.1 kB)
2026-01-19T02:42:50.1741027Z Collecting pydantic<3.0.0,>=2.9.0 (from google-genai>=0.3.0->-r requirements.txt (line 5))
2026-01-19T02:42:50.1756594Z   Using cached pydantic-2.12.5-py3-none-any.whl.metadata (90 kB)
2026-01-19T02:42:50.2025214Z Collecting tenacity<9.2.0,>=8.2.3 (from google-genai>=0.3.0->-r requirements.txt (line 5))
2026-01-19T02:42:50.2038651Z   Using cached tenacity-9.1.2-py3-none-any.whl.metadata (1.2 kB)
2026-01-19T02:42:50.2913910Z Collecting websockets<15.1.0,>=13.0.0 (from google-genai>=0.3.0->-r requirements.txt (line 5))
2026-01-19T02:42:50.2928944Z   Using cached websockets-15.0.1-cp311-cp311-manylinux_2_5_x86_64.manylinux1_x86_64.manylinux_2_17_x86_64.manylinux2014_x86_64.whl.metadata (6.8 kB)
2026-01-19T02:42:50.3057068Z Collecting distro<2,>=1.7.0 (from google-genai>=0.3.0->-r requirements.txt (line 5))
2026-01-19T02:42:50.3070340Z   Using cached distro-1.9.0-py3-none-any.whl.metadata (6.8 kB)
2026-01-19T02:42:50.3157925Z Collecting sniffio (from google-genai>=0.3.0->-r requirements.txt (line 5))
2026-01-19T02:42:50.3171843Z   Using cached sniffio-1.3.1-py3-none-any.whl.metadata (3.9 kB)
2026-01-19T02:42:50.3418267Z Collecting pyasn1-modules>=0.2.1 (from google-auth<3.0.0,>=2.47.0->google-auth[requests]<3.0.0,>=2.47.0->google-genai>=0.3.0->-r requirements.txt (line 5))
2026-01-19T02:42:50.3437895Z   Using cached pyasn1_modules-0.4.2-py3-none-any.whl.metadata (3.5 kB)
2026-01-19T02:42:50.3589714Z Collecting rsa<5,>=3.1.4 (from google-auth<3.0.0,>=2.47.0->google-auth[requests]<3.0.0,>=2.47.0->google-genai>=0.3.0->-r requirements.txt (line 5))
2026-01-19T02:42:50.3605712Z   Using cached rsa-4.9.1-py3-none-any.whl.metadata (5.6 kB)
2026-01-19T02:42:50.3884354Z Collecting httpcore==1.* (from httpx<1.0.0,>=0.28.1->google-genai>=0.3.0->-r requirements.txt (line 5))
2026-01-19T02:42:50.3897204Z   Using cached httpcore-1.0.9-py3-none-any.whl.metadata (21 kB)
2026-01-19T02:42:50.4008850Z Collecting h11>=0.16 (from httpcore==1.*->httpx<1.0.0,>=0.28.1->google-genai>=0.3.0->-r requirements.txt (line 5))
2026-01-19T02:42:50.4022251Z   Using cached h11-0.16.0-py3-none-any.whl.metadata (8.3 kB)
2026-01-19T02:42:50.4134815Z Collecting annotated-types>=0.6.0 (from pydantic<3.0.0,>=2.9.0->google-genai>=0.3.0->-r requirements.txt (line 5))
2026-01-19T02:42:50.4154940Z   Using cached annotated_types-0.7.0-py3-none-any.whl.metadata (15 kB)
2026-01-19T02:42:51.0609626Z Collecting pydantic-core==2.41.5 (from pydantic<3.0.0,>=2.9.0->google-genai>=0.3.0->-r requirements.txt (line 5))
2026-01-19T02:42:51.0625714Z   Using cached pydantic_core-2.41.5-cp311-cp311-manylinux_2_17_x86_64.manylinux2014_x86_64.whl.metadata (7.3 kB)
2026-01-19T02:42:51.0748546Z Collecting typing-inspection>=0.4.2 (from pydantic<3.0.0,>=2.9.0->google-genai>=0.3.0->-r requirements.txt (line 5))
2026-01-19T02:42:51.0762184Z   Using cached typing_inspection-0.4.2-py3-none-any.whl.metadata (2.6 kB)
2026-01-19T02:42:51.1415545Z Collecting pyasn1>=0.1.3 (from rsa<5,>=3.1.4->google-auth<3.0.0,>=2.47.0->google-auth[requests]<3.0.0,>=2.47.0->google-genai>=0.3.0->-r requirements.txt (line 5))
2026-01-19T02:42:51.1431039Z   Using cached pyasn1-0.6.2-py3-none-any.whl.metadata (8.4 kB)
2026-01-19T02:42:51.1709432Z Using cached playwright-1.57.0-py3-none-manylinux1_x86_64.whl (46.0 MB)
2026-01-19T02:42:51.2052125Z Using cached greenlet-3.3.0-cp311-cp311-manylinux_2_24_x86_64.manylinux_2_28_x86_64.whl (590 kB)
2026-01-19T02:42:51.2070326Z Using cached pyee-13.0.0-py3-none-any.whl (15 kB)
2026-01-19T02:42:51.2083828Z Using cached python_dotenv-1.2.1-py3-none-any.whl (21 kB)
2026-01-19T02:42:51.2097153Z Using cached requests-2.32.5-py3-none-any.whl (64 kB)
2026-01-19T02:42:51.2111142Z Using cached charset_normalizer-3.4.4-cp311-cp311-manylinux2014_x86_64.manylinux_2_17_x86_64.manylinux_2_28_x86_64.whl (151 kB)
2026-01-19T02:42:51.2124893Z Using cached idna-3.11-py3-none-any.whl (71 kB)
2026-01-19T02:42:51.2138698Z Using cached urllib3-2.6.3-py3-none-any.whl (131 kB)
2026-01-19T02:42:51.2152906Z Using cached pillow-12.1.0-cp311-cp311-manylinux_2_27_x86_64.manylinux_2_28_x86_64.whl (7.0 MB)
2026-01-19T02:42:51.2215130Z Using cached google_genai-1.59.0-py3-none-any.whl (719 kB)
2026-01-19T02:42:51.2233665Z Using cached anyio-4.12.1-py3-none-any.whl (113 kB)
2026-01-19T02:42:51.2247435Z Using cached distro-1.9.0-py3-none-any.whl (20 kB)
2026-01-19T02:42:51.2260517Z Using cached google_auth-2.47.0-py3-none-any.whl (234 kB)
2026-01-19T02:42:51.2274865Z Using cached httpx-0.28.1-py3-none-any.whl (73 kB)
2026-01-19T02:42:51.2288467Z Using cached httpcore-1.0.9-py3-none-any.whl (78 kB)
2026-01-19T02:42:51.2301913Z Using cached pydantic-2.12.5-py3-none-any.whl (463 kB)
2026-01-19T02:42:51.2318386Z Using cached pydantic_core-2.41.5-cp311-cp311-manylinux_2_17_x86_64.manylinux2014_x86_64.whl (2.1 MB)
2026-01-19T02:42:51.2345735Z Using cached rsa-4.9.1-py3-none-any.whl (34 kB)
2026-01-19T02:42:51.2359102Z Using cached tenacity-9.1.2-py3-none-any.whl (28 kB)
2026-01-19T02:42:51.2372141Z Using cached typing_extensions-4.15.0-py3-none-any.whl (44 kB)
2026-01-19T02:42:51.2386285Z Using cached websockets-15.0.1-cp311-cp311-manylinux_2_5_x86_64.manylinux1_x86_64.manylinux_2_17_x86_64.manylinux2014_x86_64.whl (182 kB)
2026-01-19T02:42:51.2399985Z Using cached termcolor-3.3.0-py3-none-any.whl (7.7 kB)
2026-01-19T02:42:51.2413472Z Using cached pyyaml-6.0.3-cp311-cp311-manylinux2014_x86_64.manylinux_2_17_x86_64.manylinux_2_28_x86_64.whl (806 kB)
2026-01-19T02:42:51.2432332Z Using cached opencv_python_headless-4.13.0.90-cp37-abi3-manylinux_2_28_x86_64.whl (62.5 MB)
2026-01-19T02:42:51.2877835Z Using cached numpy-2.4.1-cp311-cp311-manylinux_2_27_x86_64.manylinux_2_28_x86_64.whl (16.7 MB)
2026-01-19T02:42:51.3016080Z Using cached faker-40.1.2-py3-none-any.whl (2.0 MB)
2026-01-19T02:42:51.3043389Z Using cached annotated_types-0.7.0-py3-none-any.whl (13 kB)
2026-01-19T02:42:51.3056355Z Using cached certifi-2026.1.4-py3-none-any.whl (152 kB)
2026-01-19T02:42:51.3069977Z Using cached h11-0.16.0-py3-none-any.whl (37 kB)
2026-01-19T02:42:51.3082995Z Using cached pyasn1-0.6.2-py3-none-any.whl (83 kB)
2026-01-19T02:42:51.3096561Z Using cached pyasn1_modules-0.4.2-py3-none-any.whl (181 kB)
2026-01-19T02:42:51.3110725Z Using cached typing_inspection-0.4.2-py3-none-any.whl (14 kB)
2026-01-19T02:42:51.3123785Z Using cached sniffio-1.3.1-py3-none-any.whl (10 kB)
2026-01-19T02:42:51.5275840Z Installing collected packages: websockets, urllib3, typing-extensions, termcolor, tenacity, sniffio, PyYAML, python-dotenv, pyasn1, pillow, numpy, idna, h11, greenlet, faker, distro, charset_normalizer, certifi, annotated-types, typing-inspection, rsa, requests, pyee, pydantic-core, pyasn1-modules, opencv-python-headless, httpcore, anyio, pydantic, playwright, httpx, google-auth, google-genai
2026-01-19T02:42:58.2024747Z 
2026-01-19T02:42:58.2047536Z Successfully installed PyYAML-6.0.3 annotated-types-0.7.0 anyio-4.12.1 certifi-2026.1.4 charset_normalizer-3.4.4 distro-1.9.0 faker-40.1.2 google-auth-2.47.0 google-genai-1.59.0 greenlet-3.3.0 h11-0.16.0 httpcore-1.0.9 httpx-0.28.1 idna-3.11 numpy-2.4.1 opencv-python-headless-4.13.0.90 pillow-12.1.0 playwright-1.57.0 pyasn1-0.6.2 pyasn1-modules-0.4.2 pydantic-2.12.5 pydantic-core-2.41.5 pyee-13.0.0 python-dotenv-1.2.1 requests-2.32.5 rsa-4.9.1 sniffio-1.3.1 tenacity-9.1.2 termcolor-3.3.0 typing-extensions-4.15.0 typing-inspection-0.4.2 urllib3-2.6.3 websockets-15.0.1
2026-01-19T02:42:58.7976419Z Downloading Chromium 143.0.7499.4 (playwright build v1200) from https://cdn.playwright.dev/dbazure/download/playwright/builds/chromium/1200/chromium-linux.zip
2026-01-19T02:42:58.8938731Z (node:2181) [DEP0169] DeprecationWarning: `url.parse()` behavior is not standardized and prone to errors that have security implications. Use the WHATWG URL API instead. CVEs are not issued for `url.parse()` vulnerabilities.
2026-01-19T02:42:59.0096041Z (Use `node --trace-deprecation ...` to show where the warning was created)
2026-01-19T02:42:59.0097006Z |                                                                                |   0% of 164.7 MiB
2026-01-19T02:42:59.2468402Z |■■■■■■■■                                                                        |  10% of 164.7 MiB
2026-01-19T02:42:59.4087478Z |■■■■■■■■■■■■■■■■                                                                |  20% of 164.7 MiB
2026-01-19T02:42:59.5476084Z |■■■■■■■■■■■■■■■■■■■■■■■■                                                        |  30% of 164.7 MiB
2026-01-19T02:42:59.7084153Z |■■■■■■■■■■■■■■■■■■■■■■■■■■■■■■■■                                                |  40% of 164.7 MiB
2026-01-19T02:42:59.8501425Z |■■■■■■■■■■■■■■■■■■■■■■■■■■■■■■■■■■■■■■■■                                        |  50% of 164.7 MiB
2026-01-19T02:43:00.0104862Z |■■■■■■■■■■■■■■■■■■■■■■■■■■■■■■■■■■■■■■■■■■■■■■■■                                |  60% of 164.7 MiB
2026-01-19T02:43:00.1636998Z |■■■■■■■■■■■■■■■■■■■■■■■■■■■■■■■■■■■■■■■■■■■■■■■■■■■■■■■■                        |  70% of 164.7 MiB
2026-01-19T02:43:00.3040661Z |■■■■■■■■■■■■■■■■■■■■■■■■■■■■■■■■■■■■■■■■■■■■■■■■■■■■■■■■■■■■■■■■                |  80% of 164.7 MiB
2026-01-19T02:43:00.4505580Z |■■■■■■■■■■■■■■■■■■■■■■■■■■■■■■■■■■■■■■■■■■■■■■■■■■■■■■■■■■■■■■■■■■■■■■■■        |  90% of 164.7 MiB
2026-01-19T02:43:00.5870457Z |■■■■■■■■■■■■■■■■■■■■■■■■■■■■■■■■■■■■■■■■■■■■■■■■■■■■■■■■■■■■■■■■■■■■■■■■■■■■■■■■| 100% of 164.7 MiB
2026-01-19T02:43:02.9964663Z Chromium 143.0.7499.4 (playwright build v1200) downloaded to /home/runner/.cache/ms-playwright/chromium-1200
2026-01-19T02:43:02.9969275Z Downloading FFMPEG playwright build v1011 from https://cdn.playwright.dev/dbazure/download/playwright/builds/ffmpeg/1011/ffmpeg-linux.zip
2026-01-19T02:43:03.0983078Z (node:2192) [DEP0169] DeprecationWarning: `url.parse()` behavior is not standardized and prone to errors that have security implications. Use the WHATWG URL API instead. CVEs are not issued for `url.parse()` vulnerabilities.
2026-01-19T02:43:03.0986675Z (Use `node --trace-deprecation ...` to show where the warning was created)
2026-01-19T02:43:03.2768880Z |                                                                                |   0% of 2.3 MiB
2026-01-19T02:43:03.3977648Z |■■■■■■■■                                                                        |  10% of 2.3 MiB
2026-01-19T02:43:03.4433470Z |■■■■■■■■■■■■■■■■                                                                |  20% of 2.3 MiB
2026-01-19T02:43:03.4738951Z |■■■■■■■■■■■■■■■■■■■■■■■■                                                        |  30% of 2.3 MiB
2026-01-19T02:43:03.4883856Z |■■■■■■■■■■■■■■■■■■■■■■■■■■■■■■■■                                                |  40% of 2.3 MiB
2026-01-19T02:43:03.5023968Z |■■■■■■■■■■■■■■■■■■■■■■■■■■■■■■■■■■■■■■■■                                        |  50% of 2.3 MiB
2026-01-19T02:43:03.5208163Z |■■■■■■■■■■■■■■■■■■■■■■■■■■■■■■■■■■■■■■■■■■■■■■■■                                |  60% of 2.3 MiB
2026-01-19T02:43:03.5282668Z |■■■■■■■■■■■■■■■■■■■■■■■■■■■■■■■■■■■■■■■■■■■■■■■■■■■■■■■■                        |  70% of 2.3 MiB
2026-01-19T02:43:03.5358165Z |■■■■■■■■■■■■■■■■■■■■■■■■■■■■■■■■■■■■■■■■■■■■■■■■■■■■■■■■■■■■■■■■                |  80% of 2.3 MiB
2026-01-19T02:43:03.5449746Z |■■■■■■■■■■■■■■■■■■■■■■■■■■■■■■■■■■■■■■■■■■■■■■■■■■■■■■■■■■■■■■■■■■■■■■■■        |  90% of 2.3 MiB
2026-01-19T02:43:03.5492594Z |■■■■■■■■■■■■■■■■■■■■■■■■■■■■■■■■■■■■■■■■■■■■■■■■■■■■■■■■■■■■■■■■■■■■■■■■■■■■■■■■| 100% of 2.3 MiB
2026-01-19T02:43:03.6041687Z FFMPEG playwright build v1011 downloaded to /home/runner/.cache/ms-playwright/ffmpeg-1011
2026-01-19T02:43:03.6045418Z Downloading Chromium Headless Shell 143.0.7499.4 (playwright build v1200) from https://cdn.playwright.dev/dbazure/download/playwright/builds/chromium/1200/chromium-headless-shell-linux.zip
2026-01-19T02:43:03.6987904Z (node:2203) [DEP0169] DeprecationWarning: `url.parse()` behavior is not standardized and prone to errors that have security implications. Use the WHATWG URL API instead. CVEs are not issued for `url.parse()` vulnerabilities.
2026-01-19T02:43:03.6989830Z (Use `node --trace-deprecation ...` to show where the warning was created)
2026-01-19T02:43:03.7790990Z |                                                                                |   0% of 109.7 MiB
2026-01-19T02:43:03.8960846Z |■■■■■■■■                                                                        |  10% of 109.7 MiB
2026-01-19T02:43:03.9519772Z |■■■■■■■■■■■■■■■■                                                                |  20% of 109.7 MiB
2026-01-19T02:43:03.9970639Z |■■■■■■■■■■■■■■■■■■■■■■■■                                                        |  30% of 109.7 MiB
2026-01-19T02:43:04.0476299Z |■■■■■■■■■■■■■■■■■■■■■■■■■■■■■■■■                                                |  40% of 109.7 MiB
2026-01-19T02:43:04.0900014Z |■■■■■■■■■■■■■■■■■■■■■■■■■■■■■■■■■■■■■■■■                                        |  50% of 109.7 MiB
2026-01-19T02:43:04.1437295Z |■■■■■■■■■■■■■■■■■■■■■■■■■■■■■■■■■■■■■■■■■■■■■■■■                                |  60% of 109.7 MiB
2026-01-19T02:43:04.2084602Z |■■■■■■■■■■■■■■■■■■■■■■■■■■■■■■■■■■■■■■■■■■■■■■■■■■■■■■■■                        |  70% of 109.7 MiB
2026-01-19T02:43:04.2617711Z |■■■■■■■■■■■■■■■■■■■■■■■■■■■■■■■■■■■■■■■■■■■■■■■■■■■■■■■■■■■■■■■■                |  80% of 109.7 MiB
2026-01-19T02:43:04.3104434Z |■■■■■■■■■■■■■■■■■■■■■■■■■■■■■■■■■■■■■■■■■■■■■■■■■■■■■■■■■■■■■■■■■■■■■■■■        |  90% of 109.7 MiB
2026-01-19T02:43:04.3621911Z |■■■■■■■■■■■■■■■■■■■■■■■■■■■■■■■■■■■■■■■■■■■■■■■■■■■■■■■■■■■■■■■■■■■■■■■■■■■■■■■■| 100% of 109.7 MiB
2026-01-19T02:43:06.2636062Z Chromium Headless Shell 143.0.7499.4 (playwright build v1200) downloaded to /home/runner/.cache/ms-playwright/chromium_headless_shell-1200
2026-01-19T02:43:06.2856616Z ##[group]Run mkdir -p projects/ci_jquery_ui_demos
2026-01-19T02:43:06.2857030Z [36;1mmkdir -p projects/ci_jquery_ui_demos[0m
2026-01-19T02:43:06.2857444Z [36;1mcat > projects/ci_jquery_ui_demos/config.json << 'EOF'[0m
2026-01-19T02:43:06.2857758Z [36;1m{[0m
2026-01-19T02:43:06.2857965Z [36;1m  "project_name": "ci_jquery_ui_demos",[0m
2026-01-19T02:43:06.2858317Z [36;1m  "target_url": "https://jqueryui.com/demos/",[0m
2026-01-19T02:43:06.2858669Z [36;1m  "goal": "Test jQuery UI components",[0m
2026-01-19T02:43:06.2858948Z [36;1m  "headless": true[0m
2026-01-19T02:43:06.2859156Z [36;1m}[0m
2026-01-19T02:43:06.2859324Z [36;1mEOF[0m
2026-01-19T02:43:06.2890974Z shell: /usr/bin/bash -e {0}
2026-01-19T02:43:06.2891213Z env:
2026-01-19T02:43:06.2891473Z   pythonLocation: /opt/hostedtoolcache/Python/3.11.14/x64
2026-01-19T02:43:06.2891906Z   PKG_CONFIG_PATH: /opt/hostedtoolcache/Python/3.11.14/x64/lib/pkgconfig
2026-01-19T02:43:06.2892344Z   Python_ROOT_DIR: /opt/hostedtoolcache/Python/3.11.14/x64
2026-01-19T02:43:06.2892714Z   Python2_ROOT_DIR: /opt/hostedtoolcache/Python/3.11.14/x64
2026-01-19T02:43:06.2893118Z   Python3_ROOT_DIR: /opt/hostedtoolcache/Python/3.11.14/x64
2026-01-19T02:43:06.2893512Z   LD_LIBRARY_PATH: /opt/hostedtoolcache/Python/3.11.14/x64/lib
2026-01-19T02:43:06.2893825Z ##[endgroup]
2026-01-19T02:43:06.2995721Z ##[group]Run # Use --deep for comprehensive regression suite
2026-01-19T02:43:06.2996207Z [36;1m# Use --deep for comprehensive regression suite[0m
2026-01-19T02:43:06.2996688Z [36;1mpython orchestrator.py --project projects/ci_jquery_ui_demos --deep --force[0m
2026-01-19T02:43:06.3024908Z shell: /usr/bin/bash -e {0}
2026-01-19T02:43:06.3025367Z env:
2026-01-19T02:43:06.3025645Z   pythonLocation: /opt/hostedtoolcache/Python/3.11.14/x64
2026-01-19T02:43:06.3026096Z   PKG_CONFIG_PATH: /opt/hostedtoolcache/Python/3.11.14/x64/lib/pkgconfig
2026-01-19T02:43:06.3026527Z   Python_ROOT_DIR: /opt/hostedtoolcache/Python/3.11.14/x64
2026-01-19T02:43:06.3026908Z   Python2_ROOT_DIR: /opt/hostedtoolcache/Python/3.11.14/x64
2026-01-19T02:43:06.3027285Z   Python3_ROOT_DIR: /opt/hostedtoolcache/Python/3.11.14/x64
2026-01-19T02:43:06.3027845Z   LD_LIBRARY_PATH: /opt/hostedtoolcache/Python/3.11.14/x64/lib
2026-01-19T02:43:06.3028333Z   GOOGLE_API_KEY: ***
2026-01-19T02:43:06.3028572Z   PYTHONPATH: .
2026-01-19T02:43:06.3028760Z ##[endgroup]
2026-01-19T02:43:08.0519578Z 🚀 [DEEP] Extensive mapping enabled (Depth: 3, Pages: 50)
2026-01-19T02:43:08.0519976Z 
2026-01-19T02:43:08.0520515Z 🗺️ [DISCOVERY] Starting Parallel Semantic Crawl on https://jqueryui.com/demos/ (Workers: 3)
2026-01-19T02:43:09.4569373Z   🔍 [Worker 0] Visiting (0): https://jqueryui.com/demos/
2026-01-19T02:43:12.2371155Z [DEBUG] Sending request to gemini-2.0-flash. Number of parts: 1
2026-01-19T02:43:12.2371828Z [DEBUG] Received response (Length: 346)
2026-01-19T02:43:12.2372733Z   🔍 [Worker 1] Visiting (1): https://jqueryui.com/toggle
2026-01-19T02:43:12.2380045Z   🔍 [Worker 2] Visiting (1): https://jqueryui.com/accordion
2026-01-19T02:43:12.2409487Z   🔍 [Worker 0] Visiting (1): https://jqueryui.com/slider
2026-01-19T02:43:15.6639736Z [DEBUG] Sending request to gemini-2.0-flash. Number of parts: 1
2026-01-19T02:43:15.6644622Z [DEBUG] Sending request to gemini-2.0-flash. Number of parts: 1
2026-01-19T02:43:15.6645574Z [DEBUG] Sending request to gemini-2.0-flash. Number of parts: 1
2026-01-19T02:43:15.6646164Z [DEBUG] Received response (Length: 282)
2026-01-19T02:43:15.6647040Z   🔍 [Worker 0] Visiting (1): https://jqueryui.com/switchClass
2026-01-19T02:43:16.0228670Z [DEBUG] Received response (Length: 288)
2026-01-19T02:43:16.0229635Z   🔍 [Worker 2] Visiting (1): https://jqueryui.com/tooltip
2026-01-19T02:43:16.3187786Z [DEBUG] Received response (Length: 241)
2026-01-19T02:43:16.3188804Z   🔍 [Worker 1] Visiting (1): https://jqueryui.com/sortable
2026-01-19T02:43:20.6432707Z [DEBUG] Sending request to gemini-2.0-flash. Number of parts: 1
2026-01-19T02:43:20.6444299Z [DEBUG] Sending request to gemini-2.0-flash. Number of parts: 1
2026-01-19T02:43:20.6445567Z [DEBUG] Sending request to gemini-2.0-flash. Number of parts: 1
2026-01-19T02:43:20.6446486Z [DEBUG] Received response (Length: 324)
2026-01-19T02:43:20.6447575Z   🔍 [Worker 1] Visiting (1): https://jqueryui.com/about
2026-01-19T02:43:20.8258440Z [DEBUG] Received response (Length: 355)
2026-01-19T02:43:20.8259350Z   🔍 [Worker 2] Visiting (1): https://jqueryui.com/tabs
2026-01-19T02:43:21.3695536Z [DEBUG] Received response (Length: 288)
2026-01-19T02:43:21.3696911Z   🔍 [Worker 0] Visiting (1): https://jqueryui.com/toggleClass
2026-01-19T02:43:25.5738955Z [DEBUG] Sending request to gemini-2.0-flash. Number of parts: 1
2026-01-19T02:43:25.5739739Z [DEBUG] Sending request to gemini-2.0-flash. Number of parts: 1
2026-01-19T02:43:25.5740472Z [DEBUG] Sending request to gemini-2.0-flash. Number of parts: 1
2026-01-19T02:43:25.5741094Z [DEBUG] Received response (Length: 243)
2026-01-19T02:43:25.5742250Z   🔍 [Worker 1] Visiting (1): https://jqueryui.com/droppable
2026-01-19T02:43:25.7987894Z [DEBUG] Received response (Length: 388)
2026-01-19T02:43:25.7988963Z   🔍 [Worker 2] Visiting (1): https://jqueryui.com
2026-01-19T02:43:26.0228149Z [DEBUG] Received response (Length: 400)
2026-01-19T02:43:26.0229155Z   🔍 [Worker 0] Visiting (1): https://jqueryui.com/position
2026-01-19T02:43:30.6354693Z [DEBUG] Sending request to gemini-2.0-flash. Number of parts: 1
2026-01-19T02:43:30.6355719Z [DEBUG] Sending request to gemini-2.0-flash. Number of parts: 1
2026-01-19T02:43:30.6356470Z [DEBUG] Sending request to gemini-2.0-flash. Number of parts: 1
2026-01-19T02:43:30.6357097Z [DEBUG] Received response (Length: 264)
2026-01-19T02:43:30.6357608Z [DEBUG] Received response (Length: 247)
2026-01-19T02:43:30.6358654Z   🔍 [Worker 2] Visiting (1): https://jqueryui.com/controlgroup
2026-01-19T02:43:30.6396179Z   🔍 [Worker 0] Visiting (1): https://jqueryui.com/spinner
2026-01-19T02:43:30.7950191Z [DEBUG] Received response (Length: 325)
2026-01-19T02:43:30.7953539Z   🔍 [Worker 1] Visiting (1): https://jqueryui.com/selectmenu
2026-01-19T02:43:35.6036609Z [DEBUG] Sending request to gemini-2.0-flash. Number of parts: 1
2026-01-19T02:43:35.6038112Z [DEBUG] Sending request to gemini-2.0-flash. Number of parts: 1
2026-01-19T02:43:35.6044108Z [DEBUG] Sending request to gemini-2.0-flash. Number of parts: 1
2026-01-19T02:43:35.6045238Z [DEBUG] Received response (Length: 326)
2026-01-19T02:43:35.6046255Z   🔍 [Worker 2] Visiting (1): https://jqueryui.com/resizable
2026-01-19T02:43:35.6409610Z [DEBUG] Received response (Length: 265)
2026-01-19T02:43:35.6410842Z   🔍 [Worker 1] Visiting (1): https://jqueryui.com/button
2026-01-19T02:43:35.6681216Z [DEBUG] Received response (Length: 299)
2026-01-19T02:43:35.6682166Z   🔍 [Worker 0] Visiting (1): https://blog.jqueryui.com
2026-01-19T02:43:40.6378304Z [DEBUG] Sending request to gemini-2.0-flash. Number of parts: 1
2026-01-19T02:43:40.6380238Z [DEBUG] Sending request to gemini-2.0-flash. Number of parts: 1
2026-01-19T02:43:40.6381207Z [DEBUG] Sending request to gemini-2.0-flash. Number of parts: 1
2026-01-19T02:43:40.6381978Z [DEBUG] Received response (Length: 252)
2026-01-19T02:43:40.6384074Z   🔍 [Worker 1] Visiting (1): https://jqueryui.com/draggable
2026-01-19T02:43:40.7372673Z [DEBUG] Received response (Length: 340)
2026-01-19T02:43:40.7375720Z   🔍 [Worker 0] Visiting (1): https://jqueryui.com/menu
2026-01-19T02:43:40.8447747Z [DEBUG] Received response (Length: 422)
2026-01-19T02:43:40.8448734Z   🔍 [Worker 2] Visiting (1): https://jqueryui.com/animate
2026-01-19T02:43:41.7750837Z [DEBUG] Sending request to gemini-2.0-flash. Number of parts: 1
2026-01-19T02:43:41.7751720Z [DEBUG] Received response (Length: 373)
2026-01-19T02:43:41.7753008Z   🔍 [Worker 1] Visiting (1): https://jqueryui.com/dialog
2026-01-19T02:43:46.6802805Z [DEBUG] Sending request to gemini-2.0-flash. Number of parts: 1
2026-01-19T02:43:46.6804356Z [DEBUG] Sending request to gemini-2.0-flash. Number of parts: 1
2026-01-19T02:43:46.6805480Z [DEBUG] Sending request to gemini-2.0-flash. Number of parts: 1
2026-01-19T02:43:46.6807024Z [DEBUG] Received response (Length: 286)
2026-01-19T02:43:46.6808036Z   🔍 [Worker 1] Visiting (1): https://jqueryui.com/autocomplete
2026-01-19T02:43:46.7894201Z [DEBUG] Received response (Length: 383)
2026-01-19T02:43:46.7895718Z   🔍 [Worker 2] Visiting (1): https://jqueryui.com/selectable
2026-01-19T02:43:46.9369554Z [DEBUG] Received response (Length: 199)
2026-01-19T02:43:46.9371645Z   🔍 [Worker 0] Visiting (1): https://api.jqueryui.com
2026-01-19T02:43:51.5020866Z [DEBUG] Sending request to gemini-2.0-flash. Number of parts: 1
2026-01-19T02:43:51.5021656Z [DEBUG] Sending request to gemini-2.0-flash. Number of parts: 1
2026-01-19T02:43:51.5022355Z [DEBUG] Sending request to gemini-2.0-flash. Number of parts: 1
2026-01-19T02:43:51.5022952Z [DEBUG] Received response (Length: 171)
2026-01-19T02:43:51.5023848Z   🔍 [Worker 1] Visiting (1): https://jqueryui.com/demos
2026-01-19T02:43:51.5863623Z [DEBUG] Received response (Length: 236)
2026-01-19T02:43:51.5864786Z   🔍 [Worker 2] Visiting (1): https://jqueryui.com/checkboxradio
2026-01-19T02:43:51.7241553Z [CACHE HIT] 5da45cce... (hits: 1, misses: 26)
2026-01-19T02:43:51.7245463Z   🔍 [Worker 1] Visiting (1): https://jqueryui.com/effect
2026-01-19T02:43:51.8160377Z [DEBUG] Received response (Length: 351)
2026-01-19T02:43:51.8162454Z   🔍 [Worker 0] Visiting (1): https://jqueryui.com/widget
2026-01-19T02:43:52.6775647Z [DEBUG] Sending request to gemini-2.0-flash. Number of parts: 1
2026-01-19T02:43:52.6785176Z [DEBUG] Received response (Length: 345)
2026-01-19T02:43:52.6786806Z   🔍 [Worker 2] Visiting (1): https://jqueryui.com/hide
2026-01-19T02:43:57.6077735Z [DEBUG] Sending request to gemini-2.0-flash. Number of parts: 1
2026-01-19T02:43:57.6079712Z [DEBUG] Sending request to gemini-2.0-flash. Number of parts: 1
2026-01-19T02:43:57.6080530Z [DEBUG] Sending request to gemini-2.0-flash. Number of parts: 1
2026-01-19T02:43:57.6081163Z [DEBUG] Received response (Length: 265)
2026-01-19T02:43:57.6082071Z   🔍 [Worker 0] Visiting (1): https://jqueryui.com/themeroller
2026-01-19T02:43:57.6578537Z [DEBUG] Received response (Length: 185)
2026-01-19T02:43:57.6580926Z   🔍 [Worker 2] Visiting (1): https://jqueryui.com/download
2026-01-19T02:43:57.6878562Z [DEBUG] Received response (Length: 319)
2026-01-19T02:43:57.6900470Z   🔍 [Worker 1] Visiting (1): https://jqueryui.com/show
2026-01-19T02:44:02.7436992Z [DEBUG] Sending request to gemini-2.0-flash. Number of parts: 1
2026-01-19T02:44:02.7440541Z [DEBUG] Sending request to gemini-2.0-flash. Number of parts: 1
2026-01-19T02:44:02.7441280Z [DEBUG] Sending request to gemini-2.0-flash. Number of parts: 1
2026-01-19T02:44:02.7441824Z [DEBUG] Received response (Length: 390)
2026-01-19T02:44:02.7442694Z   🔍 [Worker 0] Visiting (1): https://jqueryui.com/development
2026-01-19T02:44:03.0036354Z [DEBUG] Received response (Length: 290)
2026-01-19T02:44:03.0038224Z   🔍 [Worker 2] Visiting (1): https://jqueryui.com/easing
2026-01-19T02:44:03.3332308Z [DEBUG] Received response (Length: 235)
2026-01-19T02:44:03.3333438Z   🔍 [Worker 1] Visiting (1): https://jqueryui.com/support
2026-01-19T02:44:07.4885287Z [DEBUG] Sending request to gemini-2.0-flash. Number of parts: 1
2026-01-19T02:44:07.4885774Z [DEBUG] Sending request to gemini-2.0-flash. Number of parts: 1
2026-01-19T02:44:07.4886200Z [DEBUG] Sending request to gemini-2.0-flash. Number of parts: 1
2026-01-19T02:44:07.4886726Z [DEBUG] Received response (Length: 175)
2026-01-19T02:44:07.4887576Z   🔍 [Worker 2] Visiting (1): https://jqueryui.com/removeClass
2026-01-19T02:44:07.6243376Z [DEBUG] Received response (Length: 271)
2026-01-19T02:44:07.6247421Z   🔍 [Worker 0] Visiting (1): https://jqueryui.com/datepicker
2026-01-19T02:44:07.8890024Z [DEBUG] Received response (Length: 247)
2026-01-19T02:44:07.8891104Z   🔍 [Worker 1] Visiting (1): https://jqueryui.com/addClass
2026-01-19T02:44:12.4471906Z [DEBUG] Sending request to gemini-2.0-flash. Number of parts: 1
2026-01-19T02:44:12.4478885Z [DEBUG] Sending request to gemini-2.0-flash. Number of parts: 1
2026-01-19T02:44:12.4484600Z [DEBUG] Sending request to gemini-2.0-flash. Number of parts: 1
2026-01-19T02:44:12.4485436Z [DEBUG] Received response (Length: 162)
2026-01-19T02:44:12.4486339Z   🔍 [Worker 2] Visiting (1): https://jqueryui.com/progressbar
2026-01-19T02:44:12.6993934Z [DEBUG] Received response (Length: 310)
2026-01-19T02:44:12.6995354Z   🔍 [Worker 0] Visiting (2): https://jqueryui.com/resources/demos/slider/rangemin.html
2026-01-19T02:44:12.7930066Z [DEBUG] Received response (Length: 240)
2026-01-19T02:44:12.7931540Z   🔍 [Worker 1] Visiting (2): https://jqueryui.com/resources/demos/slider/slider-vertical.html
2026-01-19T02:44:17.4060256Z [DEBUG] Sending request to gemini-2.0-flash. Number of parts: 1
2026-01-19T02:44:17.4062018Z [DEBUG] Sending request to gemini-2.0-flash. Number of parts: 1
2026-01-19T02:44:17.4062680Z [DEBUG] Sending request to gemini-2.0-flash. Number of parts: 1
2026-01-19T02:44:17.4063234Z [DEBUG] Received response (Length: 91)
2026-01-19T02:44:17.4064199Z   🔍 [Worker 1] Visiting (2): https://jqueryui.com/resources/demos/slider/default.html
2026-01-19T02:44:17.5064323Z [DEBUG] Received response (Length: 171)
2026-01-19T02:44:17.5065955Z   🔍 [Worker 0] Visiting (2): https://jqueryui.com/resources/demos/slider/colorpicker.html
2026-01-19T02:44:17.9711561Z [DEBUG] Received response (Length: 406)
2026-01-19T02:44:17.9713988Z   🔍 [Worker 2] Visiting (2): https://jqueryui.com/resources/demos/slider/hotelrooms.html
2026-01-19T02:44:22.4195909Z [DEBUG] Sending request to gemini-2.0-flash. Number of parts: 1
2026-01-19T02:44:22.4196701Z [DEBUG] Sending request to gemini-2.0-flash. Number of parts: 1
2026-01-19T02:44:22.4200796Z [DEBUG] Sending request to gemini-2.0-flash. Number of parts: 1
2026-01-19T02:44:22.4201635Z [DEBUG] Received response (Length: 115)
2026-01-19T02:44:22.4204274Z   🔍 [Worker 0] Visiting (2): https://jqueryui.com/resources/demos/slider/range-vertical.html
2026-01-19T02:44:22.5219618Z [DEBUG] Received response (Length: 154)
2026-01-19T02:44:22.5220911Z   🔍 [Worker 2] Visiting (2): https://jqueryui.com/resources/demos/slider/multiple-vertical.html
2026-01-19T02:44:22.5487522Z [DEBUG] Received response (Length: 230)
2026-01-19T02:44:22.5488524Z   🔍 [Worker 1] Visiting (2): https://api.jqueryui.com/slider
2026-01-19T02:44:27.4410856Z [DEBUG] Sending request to gemini-2.0-flash. Number of parts: 1
2026-01-19T02:44:27.4412563Z [DEBUG] Sending request to gemini-2.0-flash. Number of parts: 1
2026-01-19T02:44:27.4414303Z [DEBUG] Sending request to gemini-2.0-flash. Number of parts: 1
2026-01-19T02:44:27.4416071Z [DEBUG] Received response (Length: 141)
2026-01-19T02:44:27.4422425Z   🔍 [Worker 0] Visiting (2): https://jqueryui.com/resources/demos/slider/custom-handle.html
2026-01-19T02:44:27.6215812Z [DEBUG] Received response (Length: 158)
2026-01-19T02:44:27.6217514Z   🔍 [Worker 2] Visiting (2): https://jqueryui.com/resources/demos/slider/range.html
2026-01-19T02:44:27.9418074Z [DEBUG] Received response (Length: 467)
2026-01-19T02:44:27.9419209Z   🔍 [Worker 1] Visiting (2): https://jqueryui.com/resources/demos/slider/rangemax.html
2026-01-19T02:44:32.7699265Z [DEBUG] Sending request to gemini-2.0-flash. Number of parts: 1
2026-01-19T02:44:32.7700101Z [DEBUG] Sending request to gemini-2.0-flash. Number of parts: 1
2026-01-19T02:44:32.7700904Z [DEBUG] Sending request to gemini-2.0-flash. Number of parts: 1
2026-01-19T02:44:32.7701546Z [DEBUG] Received response (Length: 151)
2026-01-19T02:44:32.7702042Z [DEBUG] Received response (Length: 157)
2026-01-19T02:44:32.7702502Z [DEBUG] Received response (Length: 234)
2026-01-19T02:44:32.7703274Z ✅ Discovery Complete. Mapped 50 pages.
2026-01-19T02:44:41.1713880Z 
2026-01-19T02:44:41.1714699Z [PLAN] PLANNER: Planning goal -> 'Test jQuery UI components' (Deep Mode: True)
2026-01-19T02:44:41.1716011Z 🗺️ [PLAN] Loaded Sitemap with 50 pages.
2026-01-19T02:44:41.1717133Z 🎭 [EXPERT] Detected Domain: GENERAL. Persona: Act as Senior SDET focusing on exploring the application to understand functional flow and identifying critical paths for end-to-end automation
2026-01-19T02:44:41.1718130Z [DEBUG] Sending request to gemini-2.0-flash. Number of parts: 1
2026-01-19T02:44:41.1718559Z [DEBUG] Received response (Length: 3244)
2026-01-19T02:44:41.1718951Z ✅ Planner generated 3 scenarios. Workflow updated.
2026-01-19T02:44:42.2602015Z 
2026-01-19T02:44:42.2603084Z 🕵️ [DEEP EXPLORER] Starting Multi-Scenario Exploration
2026-01-19T02:44:42.2603685Z 📋 Found 3 scenarios to explore.
2026-01-19T02:44:42.6354738Z 
2026-01-19T02:44:42.6356451Z [1/3] Exploring Scenario: Verify Slider Functionality
2026-01-19T02:44:42.6357603Z     🧠 Initialized exploration context for goal: 'Test jQuery UI components'
2026-01-19T02:44:42.6358365Z   ▶️ [STEP step_1] NAVIGATE: 
2026-01-19T02:44:43.3682308Z     ✅ Navigated to https://jqueryui.com/demos/
2026-01-19T02:44:43.3682848Z   ▶️ [STEP step_2] ASSERT_URL: 
2026-01-19T02:44:48.4014448Z     ⚠️ Scroll into view failed for text=None. Proceeding anyway.
2026-01-19T02:44:50.4037400Z     ✅ State transitioned.
2026-01-19T02:44:52.1986492Z [DEBUG] Sending request to gemini-2.0-flash. Number of parts: 2
2026-01-19T02:44:52.1987048Z [DEBUG] Received response (Length: 262)
2026-01-19T02:44:52.1987709Z     🤖 AI Next Step Suggestion: click -> Draggable
2026-01-19T02:44:52.1988145Z     🧩 Suggested Locator: a[href='draggable/']
2026-01-19T02:44:52.1989386Z     💭 Reasoning: To explore the jQuery UI components, I will start by clicking on the 'Draggable' link under the 'Interactions' section to navigate to the Draggable demo page.
2026-01-19T02:44:52.1990178Z     ➕ Injected AI step: click -> Draggable
2026-01-19T02:44:52.1990498Z   ▶️ [STEP step_2_ai_1] CLICK: Draggable
2026-01-19T02:44:52.2058831Z     🎯 Using AI-provided locator: a[href='draggable/']
2026-01-19T02:44:52.2083601Z     🔍 Mining locators for: 'Draggable'
2026-01-19T02:44:52.3242268Z     ✅ Found 2 verified locators
2026-01-19T02:44:55.8952107Z     ✅ State transitioned.
2026-01-19T02:44:58.0158430Z [DEBUG] Sending request to gemini-2.0-flash. Number of parts: 2
2026-01-19T02:44:58.0159144Z [DEBUG] Received response (Length: 223)
2026-01-19T02:44:58.0160013Z     🤖 AI Next Step Suggestion: click -> iframe
2026-01-19T02:44:58.0160955Z     🧩 Suggested Locator: iframe
2026-01-19T02:44:58.0162323Z     💭 Reasoning: The page contains an iframe with the draggable element. To interact with the draggable element, we need to switch to the iframe context.
2026-01-19T02:44:58.0163461Z     ➕ Injected AI step: click -> iframe
2026-01-19T02:44:58.0163827Z   ▶️ [STEP step_2_ai_2] CLICK: iframe
2026-01-19T02:44:58.0327847Z     🎯 Using AI-provided locator: iframe
2026-01-19T02:44:58.0394640Z     ✅ Found 1 verified locators
2026-01-19T02:45:02.0857862Z     ✅ State transitioned.
2026-01-19T02:45:03.9161801Z [DEBUG] Sending request to gemini-2.0-flash. Number of parts: 2
2026-01-19T02:45:03.9162298Z [DEBUG] Received response (Length: 420)
2026-01-19T02:45:03.9162829Z     🤖 AI Next Step Suggestion: done -> N/A
2026-01-19T02:45:03.9164631Z     💭 Reasoning: The current task is to test jQuery UI components, specifically the Draggable component. The page is currently inside the iframe of the Draggable example. The next step would be to interact with the draggable element inside the iframe, which requires manual interaction and cannot be automated further with simple clicks. Therefore, the exploration for this component is complete.
2026-01-19T02:45:03.9166509Z   ▶️ [STEP step_3] CLICK: Slider
2026-01-19T02:45:03.9222360Z     🔍 Mining locators for: 'Slider'
2026-01-19T02:45:04.0066324Z     ✅ Found 2 verified locators
2026-01-19T02:45:07.5568296Z     ✅ State transitioned.
2026-01-19T02:45:09.3132978Z [DEBUG] Sending request to gemini-2.0-flash. Number of parts: 2
2026-01-19T02:45:09.3133632Z [DEBUG] Received response (Length: 242)
2026-01-19T02:45:09.3134507Z     🤖 AI Next Step Suggestion: CLICK -> Default functionality
2026-01-19T02:45:09.3135465Z     🧩 Suggested Locator: a:contains('Default functionality')
2026-01-19T02:45:09.3136717Z     💭 Reasoning: To explore the basic functionality of the slider, clicking on 'Default functionality' is the next logical step.
2026-01-19T02:45:09.3137828Z     ➕ Injected AI step: CLICK -> Default functionality
2026-01-19T02:45:09.3138303Z   ▶️ [STEP step_3_ai_1] CLICK: Default functionality
2026-01-19T02:45:09.3294439Z     🎯 Using AI-provided locator: a:contains('Default functionality')
2026-01-19T02:45:09.3331385Z     🔍 Mining locators for: 'Default functionality'
2026-01-19T02:45:09.4541546Z     ✅ Found 2 verified locators
2026-01-19T02:45:11.9864624Z     ✅ State transitioned.
2026-01-19T02:45:13.9640203Z [DEBUG] Sending request to gemini-2.0-flash. Number of parts: 2
2026-01-19T02:45:13.9640748Z [DEBUG] Received response (Length: 201)
2026-01-19T02:45:13.9641418Z     🤖 AI Next Step Suggestion: click -> Colorpicker
2026-01-19T02:45:13.9641961Z     🧩 Suggested Locator: a:contains('Colorpicker')
2026-01-19T02:45:13.9642588Z     💭 Reasoning: To explore another example of the slider widget and continue testing jQuery UI components.
2026-01-19T02:45:13.9643136Z     ➕ Injected AI step: click -> Colorpicker
2026-01-19T02:45:13.9643470Z   ▶️ [STEP step_3_ai_2] CLICK: Colorpicker
2026-01-19T02:45:13.9707606Z     🎯 Using AI-provided locator: a:contains('Colorpicker')
2026-01-19T02:45:13.9732001Z     🔍 Mining locators for: 'Colorpicker'
2026-01-19T02:45:14.0505640Z     ✅ Found 2 verified locators
2026-01-19T02:45:17.6268858Z     ✅ State transitioned.
2026-01-19T02:45:19.3271615Z [DEBUG] Sending request to gemini-2.0-flash. Number of parts: 2
2026-01-19T02:45:19.3272430Z [DEBUG] Received response (Length: 363)
2026-01-19T02:45:19.3273351Z     🤖 AI Next Step Suggestion: done -> N/A
2026-01-19T02:45:19.3276381Z     💭 Reasoning: The current task is to test jQuery UI components. The current page is the colorpicker example within the slider component. Interacting with the sliders within the iframe would be the next logical step, but that is outside the scope of what can be automated without more advanced tools. Therefore, I will mark this as done.
2026-01-19T02:45:19.3278280Z   ▶️ [STEP step_4] ASSERT_URL: 
2026-01-19T02:45:24.8483510Z     ⚠️ Scroll into view failed for text=None. Proceeding anyway.
2026-01-19T02:45:26.8488159Z     ✅ State transitioned.
2026-01-19T02:45:26.8567820Z     🔄 Revisited state detected (count: 1)
2026-01-19T02:45:28.5438560Z [DEBUG] Sending request to gemini-2.0-flash. Number of parts: 2
2026-01-19T02:45:28.5439260Z [DEBUG] Received response (Length: 392)
2026-01-19T02:45:28.5440046Z     🤖 AI Next Step Suggestion: done -> N/A
2026-01-19T02:45:28.5443106Z     💭 Reasoning: The current goal is to test jQuery UI components, and the current page is the colorpicker example for the slider component. The colorpicker functionality is displayed on the page, and the previous action was to assert the URL. There are no further actions to take on this page to test the colorpicker. Therefore, the goal is likely achieved from here.
2026-01-19T02:45:28.5446041Z   ▶️ [STEP step_5] ASSERT_VISIBLE: Slider | jQuery UI
2026-01-19T02:45:28.5502069Z     🔍 Mining locators for: 'Slider | jQuery UI'
2026-01-19T02:45:28.6182505Z     🧠 Consulting AI (Vision-First) to find 'Slider | jQuery UI'...
2026-01-19T02:45:28.6192774Z     🔍 Trying smart selectors for 'Slider | jQuery UI'...
2026-01-19T02:45:28.6443432Z     ⚠️ Smart selectors failed (no unique match). Falling back to AI Vision...
2026-01-19T02:45:28.6444319Z     ⚠️ Critical step failure: name 'time' is not defined
2026-01-19T02:45:28.6444913Z   ▶️ [STEP step_6] NAVIGATE: 
2026-01-19T02:45:29.1649058Z     ✅ Navigated to https://jqueryui.com/resources/demos/slider/default.html
2026-01-19T02:45:29.1649967Z   ▶️ [STEP step_7] ASSERT_URL: 
2026-01-19T02:45:34.1903488Z     ⚠️ Scroll into view failed for text=None. Proceeding anyway.
2026-01-19T02:45:36.1908689Z     ✅ State transitioned.
2026-01-19T02:45:37.4854263Z [DEBUG] Sending request to gemini-2.0-flash. Number of parts: 2
2026-01-19T02:45:37.4854942Z [DEBUG] Received response (Length: 281)
2026-01-19T02:45:37.4855961Z     🤖 AI Next Step Suggestion: done -> N/A
2026-01-19T02:45:37.4858291Z     💭 Reasoning: The current page is a demo of the slider functionality. There are no further actions to take on this specific demo page to progress towards the overall goal of testing jQuery UI components. The slider functionality is displayed on the page.
2026-01-19T02:45:37.4860681Z   ▶️ [STEP step_8] ASSERT_VISIBLE: jQuery UI Slider - Default functionality
2026-01-19T02:45:37.4913953Z     🔍 Mining locators for: 'jQuery UI Slider - Default functionality'
2026-01-19T02:45:37.5131182Z     🧠 Consulting AI (Vision-First) to find 'jQuery UI Slider - Default functionality'...
2026-01-19T02:45:37.5131985Z     🔍 Trying smart selectors for 'jQuery UI Slider - Default functionality'...
2026-01-19T02:45:37.5352233Z     ⚠️ Smart selectors failed (no unique match). Falling back to AI Vision...
2026-01-19T02:45:37.5353228Z     ⚠️ Critical step failure: name 'time' is not defined
2026-01-19T02:45:39.5701855Z 
2026-01-19T02:45:39.5702869Z [2/3] Exploring Scenario: Verify Accordion Functionality
2026-01-19T02:45:39.5704514Z     🧠 Initialized exploration context for goal: 'Test jQuery UI components'
2026-01-19T02:45:39.5705822Z   ▶️ [STEP step_1] NAVIGATE: 
2026-01-19T02:45:40.4455495Z     ✅ Navigated to https://jqueryui.com/demos/
2026-01-19T02:45:40.4456164Z   ▶️ [STEP step_2] ASSERT_URL: 
2026-01-19T02:45:45.4757962Z     ⚠️ Scroll into view failed for text=None. Proceeding anyway.
2026-01-19T02:45:47.4780568Z     ✅ State transitioned.
2026-01-19T02:45:47.6031940Z [CACHE HIT] df2e705a... (hits: 1, misses: 8)
2026-01-19T02:45:47.6032940Z     🤖 AI Next Step Suggestion: click -> Draggable
2026-01-19T02:45:47.6033618Z     🧩 Suggested Locator: a[href='draggable/']
2026-01-19T02:45:47.6035472Z     💭 Reasoning: To explore the jQuery UI components, I will start by clicking on the 'Draggable' link under the 'Interactions' section to navigate to the Draggable demo page.
2026-01-19T02:45:47.6036889Z     ➕ Injected AI step: click -> Draggable
2026-01-19T02:45:47.6037447Z   ▶️ [STEP step_2_ai_1] CLICK: Draggable
2026-01-19T02:45:47.6089509Z     🎯 Using AI-provided locator: a[href='draggable/']
2026-01-19T02:45:47.6108888Z     🔍 Mining locators for: 'Draggable'
2026-01-19T02:45:47.7220147Z     ✅ Found 2 verified locators
2026-01-19T02:45:51.2907756Z     ✅ State transitioned.
2026-01-19T02:45:51.3680130Z [CACHE HIT] 94ccf3b7... (hits: 2, misses: 8)
2026-01-19T02:45:51.3681020Z     🤖 AI Next Step Suggestion: click -> iframe
2026-01-19T02:45:51.3681443Z     🧩 Suggested Locator: iframe
2026-01-19T02:45:51.3682424Z     💭 Reasoning: The page contains an iframe with the draggable element. To interact with the draggable element, we need to switch to the iframe context.
2026-01-19T02:45:51.3683354Z     ➕ Injected AI step: click -> iframe
2026-01-19T02:45:51.3683758Z   ▶️ [STEP step_2_ai_2] CLICK: iframe
2026-01-19T02:45:51.3835466Z     🎯 Using AI-provided locator: iframe
2026-01-19T02:45:51.3896765Z     ✅ Found 1 verified locators
2026-01-19T02:45:55.4362794Z     ✅ State transitioned.
2026-01-19T02:45:55.5184111Z [CACHE HIT] 9135e2ea... (hits: 3, misses: 8)
2026-01-19T02:45:55.5185282Z     🤖 AI Next Step Suggestion: done -> N/A
2026-01-19T02:45:55.5188636Z     💭 Reasoning: The current task is to test jQuery UI components, specifically the Draggable component. The page is currently inside the iframe of the Draggable example. The next step would be to interact with the draggable element inside the iframe, which requires manual interaction and cannot be automated further with simple clicks. Therefore, the exploration for this component is complete.
2026-01-19T02:45:55.5191511Z   ▶️ [STEP step_3] CLICK: Accordion
2026-01-19T02:45:55.5242417Z     🔍 Mining locators for: 'Accordion'
2026-01-19T02:45:55.6021812Z     ✅ Found 2 verified locators
2026-01-19T02:45:59.1582421Z     ✅ State transitioned.
2026-01-19T02:46:00.8842220Z [DEBUG] Sending request to gemini-2.0-flash. Number of parts: 2
2026-01-19T02:46:00.8843002Z [DEBUG] Received response (Length: 232)
2026-01-19T02:46:00.8843759Z     🤖 AI Next Step Suggestion: click -> iframe
2026-01-19T02:46:00.8844274Z     🧩 Suggested Locator: iframe
2026-01-19T02:46:00.8845591Z     💭 Reasoning: The page contains an iframe. To interact with the accordion elements within the iframe, we need to switch to the iframe context.
2026-01-19T02:46:00.8846960Z ⚠️ Loop detected: same AI suggestion repeated 2 times. Moving to next step.
2026-01-19T02:46:00.8847622Z   ▶️ [STEP step_4] ASSERT_URL: 
2026-01-19T02:46:05.9109282Z     ⚠️ Scroll into view failed for text=None. Proceeding anyway.
2026-01-19T02:46:07.9132618Z     ✅ State transitioned.
2026-01-19T02:46:09.5740039Z [DEBUG] Sending request to gemini-2.0-flash. Number of parts: 2
2026-01-19T02:46:09.5740753Z [DEBUG] Received response (Length: 214)
2026-01-19T02:46:09.5741557Z     🤖 AI Next Step Suggestion: CLICK -> iframe
2026-01-19T02:46:09.5742193Z     🧩 Suggested Locator: iframe
2026-01-19T02:46:09.5743446Z     💭 Reasoning: The page contains an iframe. To interact with the accordion elements, we need to switch to the iframe context.
2026-01-19T02:46:09.5744709Z     ➕ Injected AI step: CLICK -> iframe
2026-01-19T02:46:09.5745537Z   ▶️ [STEP step_4_ai_1] CLICK: iframe
2026-01-19T02:46:09.5804568Z     🎯 Using AI-provided locator: iframe
2026-01-19T02:46:09.5860295Z     ✅ Found 1 verified locators
2026-01-19T02:46:12.6174382Z     ✅ State transitioned.
2026-01-19T02:46:12.6257804Z     🔄 Revisited state detected (count: 1)
2026-01-19T02:46:14.6706457Z [DEBUG] Sending request to gemini-2.0-flash. Number of parts: 2
2026-01-19T02:46:14.6707175Z [DEBUG] Received response (Length: 249)
2026-01-19T02:46:14.6708058Z     🤖 AI Next Step Suggestion: click -> iframe
2026-01-19T02:46:14.6708678Z     🧩 Suggested Locator: iframe
2026-01-19T02:46:14.6710570Z     💭 Reasoning: Need to interact with the content inside the iframe to test the accordion functionality. Clicking the iframe will focus the interaction within the iframe content.
2026-01-19T02:46:14.6712646Z     ⚠️ Skipping duplicate AI suggestion (just executed): ('click', 'iframe')
2026-01-19T02:46:14.6713573Z   ▶️ [STEP step_5] ASSERT_VISIBLE: Accordion | jQuery UI
2026-01-19T02:46:14.6774026Z     🔍 Mining locators for: 'Accordion | jQuery UI'
2026-01-19T02:46:14.7502121Z     🧠 Consulting AI (Vision-First) to find 'Accordion | jQuery UI'...
2026-01-19T02:46:14.7503057Z     🔍 Trying smart selectors for 'Accordion | jQuery UI'...
2026-01-19T02:46:14.7747993Z     ⚠️ Smart selectors failed (no unique match). Falling back to AI Vision...
2026-01-19T02:46:14.7748673Z     ⚠️ Critical step failure: name 'time' is not defined
2026-01-19T02:46:16.8079932Z 
2026-01-19T02:46:16.8080947Z [3/3] Exploring Scenario: Verify Datepicker Functionality
2026-01-19T02:46:16.8082541Z     🧠 Initialized exploration context for goal: 'Test jQuery UI components'
2026-01-19T02:46:16.8083621Z   ▶️ [STEP step_1] NAVIGATE: 
2026-01-19T02:46:17.5320614Z     ✅ Navigated to https://jqueryui.com/demos/
2026-01-19T02:46:17.5321603Z   ▶️ [STEP step_2] ASSERT_URL: 
2026-01-19T02:46:22.5611323Z     ⚠️ Scroll into view failed for text=None. Proceeding anyway.
2026-01-19T02:46:24.5634401Z     ✅ State transitioned.
2026-01-19T02:46:24.6544352Z [CACHE HIT] df2e705a... (hits: 4, misses: 11)
2026-01-19T02:46:24.6545576Z     🤖 AI Next Step Suggestion: click -> Draggable
2026-01-19T02:46:24.6546256Z     🧩 Suggested Locator: a[href='draggable/']
2026-01-19T02:46:24.6547849Z     💭 Reasoning: To explore the jQuery UI components, I will start by clicking on the 'Draggable' link under the 'Interactions' section to navigate to the Draggable demo page.
2026-01-19T02:46:24.6549232Z     ➕ Injected AI step: click -> Draggable
2026-01-19T02:46:24.6549788Z   ▶️ [STEP step_2_ai_1] CLICK: Draggable
2026-01-19T02:46:24.6604535Z     🎯 Using AI-provided locator: a[href='draggable/']
2026-01-19T02:46:24.6625694Z     🔍 Mining locators for: 'Draggable'
2026-01-19T02:46:24.7720473Z     ✅ Found 2 verified locators
2026-01-19T02:46:28.3413013Z     ✅ State transitioned.
2026-01-19T02:46:28.4850027Z [CACHE HIT] 94ccf3b7... (hits: 5, misses: 11)
2026-01-19T02:46:28.4851105Z     🤖 AI Next Step Suggestion: click -> iframe
2026-01-19T02:46:28.4851726Z     🧩 Suggested Locator: iframe
2026-01-19T02:46:28.4853185Z     💭 Reasoning: The page contains an iframe with the draggable element. To interact with the draggable element, we need to switch to the iframe context.
2026-01-19T02:46:28.4854506Z     ➕ Injected AI step: click -> iframe
2026-01-19T02:46:28.4855313Z   ▶️ [STEP step_2_ai_2] CLICK: iframe
2026-01-19T02:46:28.5011706Z     🎯 Using AI-provided locator: iframe
2026-01-19T02:46:28.5073763Z     ✅ Found 1 verified locators
2026-01-19T02:46:32.5669152Z     ✅ State transitioned.
2026-01-19T02:46:32.6327845Z [CACHE HIT] 9135e2ea... (hits: 6, misses: 11)
2026-01-19T02:46:32.6328455Z     🤖 AI Next Step Suggestion: done -> N/A
2026-01-19T02:46:32.6331394Z     💭 Reasoning: The current task is to test jQuery UI components, specifically the Draggable component. The page is currently inside the iframe of the Draggable example. The next step would be to interact with the draggable element inside the iframe, which requires manual interaction and cannot be automated further with simple clicks. Therefore, the exploration for this component is complete.
2026-01-19T02:46:32.6333385Z   ▶️ [STEP step_3] CLICK: Datepicker
2026-01-19T02:46:32.6382505Z     🔍 Mining locators for: 'Datepicker'
2026-01-19T02:46:32.7213727Z     ✅ Found 2 verified locators
2026-01-19T02:46:36.2698454Z     ✅ State transitioned.
2026-01-19T02:46:37.7458532Z [DEBUG] Sending request to gemini-2.0-flash. Number of parts: 2
2026-01-19T02:46:37.7459452Z [DEBUG] Received response (Length: 166)
2026-01-19T02:46:37.7460433Z     🤖 AI Next Step Suggestion: click -> iframe
2026-01-19T02:46:37.7461289Z     🧩 Suggested Locator: iframe
2026-01-19T02:46:37.7462642Z     💭 Reasoning: Need to switch to the iframe to interact with the datepicker element inside it.
2026-01-19T02:46:37.7464347Z ⚠️ Loop detected: same AI suggestion repeated 2 times. Moving to next step.
2026-01-19T02:46:37.7465771Z   ▶️ [STEP step_4] ASSERT_URL: 
2026-01-19T02:46:42.7728189Z     ⚠️ Scroll into view failed for text=None. Proceeding anyway.
2026-01-19T02:46:44.7751502Z     ✅ State transitioned.
2026-01-19T02:46:46.2328309Z [DEBUG] Sending request to gemini-2.0-flash. Number of parts: 2
2026-01-19T02:46:46.2329132Z [DEBUG] Received response (Length: 211)
2026-01-19T02:46:46.2330116Z     🤖 AI Next Step Suggestion: click -> iframe
2026-01-19T02:46:46.2330802Z     🧩 Suggested Locator: iframe
2026-01-19T02:46:46.2332107Z     💭 Reasoning: The datepicker is inside an iframe, so we need to switch to it to interact with the datepicker input field.
2026-01-19T02:46:46.2333266Z     ➕ Injected AI step: click -> iframe
2026-01-19T02:46:46.2333698Z   ▶️ [STEP step_4_ai_1] CLICK: iframe
2026-01-19T02:46:46.2389323Z     🎯 Using AI-provided locator: iframe
2026-01-19T02:46:46.2446003Z     ✅ Found 1 verified locators
2026-01-19T02:46:50.2989733Z     ✅ State transitioned.
2026-01-19T02:46:50.3060588Z     🔄 Revisited state detected (count: 1)
2026-01-19T02:46:51.7818556Z [DEBUG] Sending request to gemini-2.0-flash. Number of parts: 2
2026-01-19T02:46:51.7819561Z [DEBUG] Received response (Length: 160)
2026-01-19T02:46:51.7820674Z     🤖 AI Next Step Suggestion: click -> iframe
2026-01-19T02:46:51.7821630Z     🧩 Suggested Locator: iframe
2026-01-19T02:46:51.7822901Z     💭 Reasoning: Need to switch to the iframe to interact with the datepicker input field.
2026-01-19T02:46:51.7824359Z ⚠️ Loop detected: same AI suggestion repeated 2 times. Moving to next step.
2026-01-19T02:46:51.7825746Z   ▶️ [STEP step_5] ASSERT_VISIBLE: Datepicker | jQuery UI
2026-01-19T02:46:51.7882906Z     🔍 Mining locators for: 'Datepicker | jQuery UI'
2026-01-19T02:46:51.9152378Z     🧠 Consulting AI (Vision-First) to find 'Datepicker | jQuery UI'...
2026-01-19T02:46:51.9153354Z     🔍 Trying smart selectors for 'Datepicker | jQuery UI'...
2026-01-19T02:46:51.9400180Z     ⚠️ Smart selectors failed (no unique match). Falling back to AI Vision...
2026-01-19T02:46:51.9400764Z     ⚠️ Critical step failure: name 'time' is not defined
2026-01-19T02:46:53.9746180Z 🗂️  All generated tests written to /home/runner/work/build_qa_automation/build_qa_automation/projects/ci_jquery_ui_demos/tests/generated_scenarios.json
2026-01-19T02:46:53.9752925Z 🔄 Updated workflow.json with discovered steps and locators.
2026-01-19T02:46:53.9753378Z 
2026-01-19T02:46:53.9753582Z ✅ Deep Exploration Complete.
2026-01-19T02:48:59.8059527Z 
2026-01-19T02:48:59.8060287Z 🚀 [EXECUTE] Starting Automation Execution Engine
2026-01-19T02:48:59.8060934Z 📍 Project: ci_jquery_ui_demos
2026-01-19T02:48:59.8061375Z 🎬 Mode: Headless
2026-01-19T02:48:59.8061587Z 
2026-01-19T02:48:59.8061788Z --- Scenario: Verify Slider Functionality ---
2026-01-19T02:48:59.8062409Z   ▶️ [STEP step_1] NAVIGATE: Step step_1
2026-01-19T02:48:59.8062933Z     ✅ Step step_1 Passed.
2026-01-19T02:48:59.8063395Z   ▶️ [STEP step_2] ASSERT_URL: Step step_2
2026-01-19T02:48:59.8063885Z     ✅ Step step_2 Passed.
2026-01-19T02:48:59.8064327Z   ▶️ [STEP step_2_ai_1] CLICK: Draggable
2026-01-19T02:48:59.8064922Z     🎯 Using mined locator: role=link[name='Draggable']
2026-01-19T02:48:59.8066030Z     ✅ Step step_2_ai_1 Passed.
2026-01-19T02:48:59.8066380Z   ▶️ [STEP step_2_ai_2] CLICK: iframe
2026-01-19T02:48:59.8066676Z     🎯 Using mined locator: iframe
2026-01-19T02:48:59.8067123Z     ✅ Step step_2_ai_2 Passed.
2026-01-19T02:48:59.8067402Z   ▶️ [STEP step_3] CLICK: Slider
2026-01-19T02:48:59.8067721Z     🎯 Using mined locator: role=link[name='Slider']
2026-01-19T02:48:59.8068040Z     ✅ Step step_3 Passed.
2026-01-19T02:48:59.8068336Z   ▶️ [STEP step_3_ai_1] CLICK: Default functionality
2026-01-19T02:48:59.8068752Z     🎯 Using mined locator: role=link[name='Default functionality']
2026-01-19T02:48:59.8069130Z     ✅ Step step_3_ai_1 Passed.
2026-01-19T02:48:59.8069411Z   ▶️ [STEP step_3_ai_2] CLICK: Colorpicker
2026-01-19T02:48:59.8069769Z     🎯 Using mined locator: role=link[name='Colorpicker']
2026-01-19T02:48:59.8070108Z     ✅ Step step_3_ai_2 Passed.
2026-01-19T02:48:59.8070385Z   ▶️ [STEP step_4] ASSERT_URL: Step step_4
2026-01-19T02:48:59.8070709Z     ✅ Step step_4 Passed.
2026-01-19T02:48:59.8071011Z   ▶️ [STEP step_5] ASSERT_VISIBLE: Slider | jQuery UI
2026-01-19T02:48:59.8071456Z     ❌ Attempt 1 failed (element_not_found): Locator expected to be visible
2026-01-19T02:48:59.8071820Z Actual value: None
2026-01-19T02:48:59.8072031Z Error: element(s) not found 
2026-01-19T02:48:59.8072242Z Call log:
2026-01-19T02:48:59.8072411Z   - Expect ...
2026-01-19T02:48:59.8072731Z     🔧 [AUTO-HEAL] Re-mining page to find 'Slider | jQuery UI'...
2026-01-19T02:48:59.8073188Z [DEBUG] Sending request to gemini-2.0-flash. Number of parts: 2
2026-01-19T02:48:59.8073538Z [DEBUG] Received response (Length: 615)
2026-01-19T02:48:59.8073904Z     ✨ AI successfully healed the step! Found 2 alternatives.
2026-01-19T02:48:59.8074461Z     ✨ AI successfully healed the step! New selector: #content > div.demo > div:nth-child(2) > div
2026-01-19T02:48:59.8075420Z     ❌ Attempt 2 failed (element_not_found): Locator expected to be visible
2026-01-19T02:48:59.8075782Z Actual value: None
2026-01-19T02:48:59.8075977Z Error: element(s) not found 
2026-01-19T02:48:59.8076200Z Call log:
2026-01-19T02:48:59.8076367Z   - Expect ...
2026-01-19T02:48:59.8076695Z     🔧 [AUTO-HEAL] Re-mining page to find 'Slider | jQuery UI'...
2026-01-19T02:48:59.8077050Z [CACHE HIT] e3366a41... (hits: 1, misses: 1)
2026-01-19T02:48:59.8077425Z     ✨ AI successfully healed the step! Found 2 alternatives.
2026-01-19T02:48:59.8077960Z     ✨ AI successfully healed the step! New selector: #content > div.demo > div:nth-child(2) > div
2026-01-19T02:48:59.8078540Z     ❌ Attempt 3 failed (element_not_found): Locator expected to be visible
2026-01-19T02:48:59.8078890Z Actual value: None
2026-01-19T02:48:59.8079085Z Error: element(s) not found 
2026-01-19T02:48:59.8079290Z Call log:
2026-01-19T02:48:59.8079456Z   - Expect ...
2026-01-19T02:48:59.8079689Z     💀 Step step_5 failed after all retries.
2026-01-19T02:48:59.8080096Z 🛑 Scenario 'Verify Slider Functionality' aborted due to step failure.
2026-01-19T02:48:59.8080373Z 
2026-01-19T02:48:59.8080493Z --- Scenario: Verify Accordion Functionality ---
2026-01-19T02:48:59.8080834Z   ▶️ [STEP step_1] NAVIGATE: Step step_1
2026-01-19T02:48:59.8081116Z     ✅ Step step_1 Passed.
2026-01-19T02:48:59.8081384Z   ▶️ [STEP step_2] ASSERT_URL: Step step_2
2026-01-19T02:48:59.8081661Z     ✅ Step step_2 Passed.
2026-01-19T02:48:59.8081916Z   ▶️ [STEP step_2_ai_1] CLICK: Draggable
2026-01-19T02:48:59.8082248Z     🎯 Using mined locator: role=link[name='Draggable']
2026-01-19T02:48:59.8082565Z     ✅ Step step_2_ai_1 Passed.
2026-01-19T02:48:59.8082830Z   ▶️ [STEP step_2_ai_2] CLICK: iframe
2026-01-19T02:48:59.8083110Z     🎯 Using mined locator: iframe
2026-01-19T02:48:59.8083378Z     ✅ Step step_2_ai_2 Passed.
2026-01-19T02:48:59.8083633Z   ▶️ [STEP step_3] CLICK: Accordion
2026-01-19T02:48:59.8083955Z     🎯 Using mined locator: role=link[name='Accordion']
2026-01-19T02:48:59.8084334Z     ✅ Step step_3 Passed.
2026-01-19T02:48:59.8084640Z   ▶️ [STEP step_4] ASSERT_URL: Step step_4
2026-01-19T02:48:59.8084921Z     ✅ Step step_4 Passed.
2026-01-19T02:48:59.8087432Z   ▶️ [STEP step_4_ai_1] CLICK: iframe
2026-01-19T02:48:59.8087916Z     🎯 Using mined locator: iframe
2026-01-19T02:48:59.8088379Z     ✅ Step step_4_ai_1 Passed.
2026-01-19T02:48:59.8089177Z   ▶️ [STEP step_5] ASSERT_VISIBLE: Accordion | jQuery UI
2026-01-19T02:48:59.8089981Z     ❌ Attempt 1 failed (element_not_found): Locator expected to be visible
2026-01-19T02:48:59.8090572Z Actual value: None
2026-01-19T02:48:59.8090916Z Error: element(s) not found 
2026-01-19T02:48:59.8091276Z Call log:
2026-01-19T02:48:59.8091548Z   - Expect ...
2026-01-19T02:48:59.8092115Z     🔧 [AUTO-HEAL] Re-mining page to find 'Accordion | jQuery UI'...
2026-01-19T02:48:59.8092799Z [DEBUG] Sending request to gemini-2.0-flash. Number of parts: 2
2026-01-19T02:48:59.8093383Z [DEBUG] Received response (Length: 496)
2026-01-19T02:48:59.8094122Z     ✨ AI successfully healed the step! Found 2 alternatives.
2026-01-19T02:48:59.8094920Z     ✨ AI successfully healed the step! New selector: #ui-id-1
2026-01-19T02:48:59.8096023Z     ❌ Attempt 2 failed (element_not_found): Locator expected to be visible
2026-01-19T02:48:59.8096658Z Actual value: None
2026-01-19T02:48:59.8097027Z Error: element(s) not found 
2026-01-19T02:48:59.8097428Z Call log:
2026-01-19T02:48:59.8097731Z   - Expect ...
2026-01-19T02:48:59.8098294Z     🔧 [AUTO-HEAL] Re-mining page to find 'Accordion | jQuery UI'...
2026-01-19T02:48:59.8098675Z [CACHE HIT] b12df4fd... (hits: 2, misses: 2)
2026-01-19T02:48:59.8099046Z     ✨ AI successfully healed the step! Found 2 alternatives.
2026-01-19T02:48:59.8099463Z     ✨ AI successfully healed the step! New selector: #ui-id-1
2026-01-19T02:48:59.8099917Z     ❌ Attempt 3 failed (element_not_found): Locator expected to be visible
2026-01-19T02:48:59.8100257Z Actual value: None
2026-01-19T02:48:59.8100450Z Error: element(s) not found 
2026-01-19T02:48:59.8100658Z Call log:
2026-01-19T02:48:59.8100822Z   - Expect ...
2026-01-19T02:48:59.8101062Z     💀 Step step_5 failed after all retries.
2026-01-19T02:48:59.8101493Z 🛑 Scenario 'Verify Accordion Functionality' aborted due to step failure.
2026-01-19T02:48:59.8101786Z 
2026-01-19T02:48:59.8101909Z --- Scenario: Verify Datepicker Functionality ---
2026-01-19T02:48:59.8102256Z   ▶️ [STEP step_1] NAVIGATE: Step step_1
2026-01-19T02:48:59.8102540Z     ✅ Step step_1 Passed.
2026-01-19T02:48:59.8102806Z   ▶️ [STEP step_2] ASSERT_URL: Step step_2
2026-01-19T02:48:59.8103079Z     ✅ Step step_2 Passed.
2026-01-19T02:48:59.8103332Z   ▶️ [STEP step_2_ai_1] CLICK: Draggable
2026-01-19T02:48:59.8103668Z     🎯 Using mined locator: role=link[name='Draggable']
2026-01-19T02:48:59.8103990Z     ✅ Step step_2_ai_1 Passed.
2026-01-19T02:48:59.8104253Z   ▶️ [STEP step_2_ai_2] CLICK: iframe
2026-01-19T02:48:59.8104530Z     🎯 Using mined locator: iframe
2026-01-19T02:48:59.8104818Z     ✅ Step step_2_ai_2 Passed.
2026-01-19T02:48:59.8105336Z   ▶️ [STEP step_3] CLICK: Datepicker
2026-01-19T02:48:59.8105676Z     🎯 Using mined locator: role=link[name='Datepicker']
2026-01-19T02:48:59.8106010Z     ✅ Step step_3 Passed.
2026-01-19T02:48:59.8106416Z   ▶️ [STEP step_4] ASSERT_URL: Step step_4
2026-01-19T02:48:59.8106703Z     ✅ Step step_4 Passed.
2026-01-19T02:48:59.8106966Z   ▶️ [STEP step_4_ai_1] CLICK: iframe
2026-01-19T02:48:59.8107248Z     🎯 Using mined locator: iframe
2026-01-19T02:48:59.8107510Z     ✅ Step step_4_ai_1 Passed.
2026-01-19T02:48:59.8107820Z   ▶️ [STEP step_5] ASSERT_VISIBLE: Datepicker | jQuery UI
2026-01-19T02:48:59.8108262Z     ❌ Attempt 1 failed (element_not_found): Locator expected to be visible
2026-01-19T02:48:59.8108602Z Actual value: None
2026-01-19T02:48:59.8108796Z Error: element(s) not found 
2026-01-19T02:48:59.8109015Z Call log:
2026-01-19T02:48:59.8109182Z   - Expect ...
2026-01-19T02:48:59.8109508Z     🔧 [AUTO-HEAL] Re-mining page to find 'Datepicker | jQuery UI'...
2026-01-19T02:48:59.8109918Z [DEBUG] Sending request to gemini-2.0-flash. Number of parts: 2
2026-01-19T02:48:59.8110260Z [DEBUG] Received response (Length: 505)
2026-01-19T02:48:59.8110815Z     ✨ AI successfully healed the step! Found 2 alternatives.
2026-01-19T02:48:59.8111265Z     ✨ AI successfully healed the step! New selector: input[type='text']
2026-01-19T02:48:59.8111870Z     ❌ Attempt 2 failed (element_not_found): Locator expected to be visible
2026-01-19T02:48:59.8112215Z Actual value: None
2026-01-19T02:48:59.8112413Z Error: element(s) not found 
2026-01-19T02:48:59.8112622Z Call log:
2026-01-19T02:48:59.8112783Z   - Expect ...
2026-01-19T02:48:59.8113110Z     🔧 [AUTO-HEAL] Re-mining page to find 'Datepicker | jQuery UI'...
2026-01-19T02:48:59.8113457Z [CACHE HIT] 966aaff6... (hits: 3, misses: 3)
2026-01-19T02:48:59.8113813Z     ✨ AI successfully healed the step! Found 2 alternatives.
2026-01-19T02:48:59.8114254Z     ✨ AI successfully healed the step! New selector: input[type='text']
2026-01-19T02:48:59.8114734Z     ❌ Attempt 3 failed (element_not_found): Locator expected to be visible
2026-01-19T02:48:59.8115316Z Actual value: None
2026-01-19T02:48:59.8115513Z Error: element(s) not found 
2026-01-19T02:48:59.8115729Z Call log:
2026-01-19T02:48:59.8115886Z   - Expect ...
2026-01-19T02:48:59.8116136Z     💀 Step step_5 failed after all retries.
2026-01-19T02:48:59.8116562Z 🛑 Scenario 'Verify Datepicker Functionality' aborted due to step failure.
2026-01-19T02:48:59.8116843Z 
2026-01-19T02:48:59.8116942Z ============================================================
2026-01-19T02:48:59.8117228Z 🎯 EXECUTION SUMMARY
2026-01-19T02:48:59.8117442Z ============================================================
2026-01-19T02:48:59.8117628Z 
2026-01-19T02:48:59.8117728Z 📋 Scenario Overview:
2026-01-19T02:48:59.8117979Z    • Total Scenarios Planned: 3
2026-01-19T02:48:59.8118232Z    • Scenarios Executed: 3
2026-01-19T02:48:59.8118486Z    • Total Steps Executed: 25
2026-01-19T02:48:59.8118634Z 
2026-01-19T02:48:59.8118722Z ✅ Results:
2026-01-19T02:48:59.8118918Z    ❌ Failed: 3 (100%)
2026-01-19T02:48:59.8119036Z 
2026-01-19T02:48:59.8119143Z ⚠️  Failed Scenarios:
2026-01-19T02:48:59.8119375Z    • Verify Slider Functionality
2026-01-19T02:48:59.8119674Z    • Verify Accordion Functionality
2026-01-19T02:48:59.8119971Z    • Verify Datepicker Functionality
2026-01-19T02:48:59.8120139Z 
2026-01-19T02:48:59.8120245Z ============================================================
2026-01-19T02:48:59.8120431Z 
2026-01-19T02:48:59.8120919Z 🏁 Execution Finished. Report: /home/runner/work/build_qa_automation/build_qa_automation/projects/ci_jquery_ui_demos/execution.json
2026-01-19T02:48:59.9317965Z 
2026-01-19T02:48:59.9318408Z [PHASE] Running Phase: DISCOVERY
2026-01-19T02:48:59.9320474Z    Command: /opt/hostedtoolcache/Python/3.11.14/x64/bin/python /home/runner/work/build_qa_automation/build_qa_automation/core/agents/discovery.py --project /home/runner/work/build_qa_automation/build_qa_automation/projects/ci_jquery_ui_demos --url https://jqueryui.com/demos/ --deep
2026-01-19T02:48:59.9322133Z ✅ Phase 'discovery' completed successfully.
2026-01-19T02:48:59.9322344Z 
2026-01-19T02:48:59.9322440Z [PHASE] Running Phase: PLANNING
2026-01-19T02:48:59.9323708Z    Command: /opt/hostedtoolcache/Python/3.11.14/x64/bin/python /home/runner/work/build_qa_automation/build_qa_automation/core/agents/planner.py --project /home/runner/work/build_qa_automation/build_qa_automation/projects/ci_jquery_ui_demos --goal Test jQuery UI components --url https://jqueryui.com/demos/ --deep
2026-01-19T02:48:59.9325262Z ✅ Phase 'planning' completed successfully.
2026-01-19T02:48:59.9325483Z 
2026-01-19T02:48:59.9325586Z [PHASE] Running Phase: EXPLORATION
2026-01-19T02:48:59.9326568Z    Command: /opt/hostedtoolcache/Python/3.11.14/x64/bin/python /home/runner/work/build_qa_automation/build_qa_automation/core/agents/deep_explorer.py --project /home/runner/work/build_qa_automation/build_qa_automation/projects/ci_jquery_ui_demos
2026-01-19T02:48:59.9327643Z ✅ Phase 'exploration' completed successfully.
2026-01-19T02:48:59.9328051Z 📊 Exploration Discovery Success Rate: 54.2%
2026-01-19T02:48:59.9328381Z 
2026-01-19T02:48:59.9328533Z [PHASE] Running Phase: EXECUTION
2026-01-19T02:48:59.9330106Z    Command: /opt/hostedtoolcache/Python/3.11.14/x64/bin/python /home/runner/work/build_qa_automation/build_qa_automation/core/agents/executor.py --project /home/runner/work/build_qa_automation/build_qa_automation/projects/ci_jquery_ui_demos
2026-01-19T02:48:59.9331135Z ✅ Phase 'execution' completed successfully.
2026-01-19T02:48:59.9331324Z 
2026-01-19T02:48:59.9331426Z [DONE] Pipeline Execution Finished! [DONE]
2026-01-19T02:49:00.0385301Z ##[group]Run RESULT_FILE="projects/ci_jquery_ui_demos/execution.json"
2026-01-19T02:49:00.0385845Z [36;1mRESULT_FILE="projects/ci_jquery_ui_demos/execution.json"[0m
2026-01-19T02:49:00.0386220Z [36;1mif [ -f "$RESULT_FILE" ]; then[0m
2026-01-19T02:49:00.0386562Z [36;1m  echo "✅ Results generated successfully: $RESULT_FILE"[0m
2026-01-19T02:49:00.0387012Z [36;1m  cat "$RESULT_FILE" | jq '.scenarios | length' || echo "Result file exists"[0m
2026-01-19T02:49:00.0387388Z [36;1melse[0m
2026-01-19T02:49:00.0387626Z [36;1m  echo "❌ No result file found at $RESULT_FILE"[0m
2026-01-19T02:49:00.0387926Z [36;1m  exit 1[0m
2026-01-19T02:49:00.0388107Z [36;1mfi[0m
2026-01-19T02:49:00.0419666Z shell: /usr/bin/bash -e {0}
2026-01-19T02:49:00.0419894Z env:
2026-01-19T02:49:00.0420143Z   pythonLocation: /opt/hostedtoolcache/Python/3.11.14/x64
2026-01-19T02:49:00.0420560Z   PKG_CONFIG_PATH: /opt/hostedtoolcache/Python/3.11.14/x64/lib/pkgconfig
2026-01-19T02:49:00.0421000Z   Python_ROOT_DIR: /opt/hostedtoolcache/Python/3.11.14/x64
2026-01-19T02:49:00.0421367Z   Python2_ROOT_DIR: /opt/hostedtoolcache/Python/3.11.14/x64
2026-01-19T02:49:00.0421733Z   Python3_ROOT_DIR: /opt/hostedtoolcache/Python/3.11.14/x64
2026-01-19T02:49:00.0422101Z   LD_LIBRARY_PATH: /opt/hostedtoolcache/Python/3.11.14/x64/lib
2026-01-19T02:49:00.0422411Z ##[endgroup]
2026-01-19T02:49:00.0475148Z ✅ Results generated successfully: projects/ci_jquery_ui_demos/execution.json
2026-01-19T02:49:00.0501183Z 3
2026-01-19T02:49:00.0563680Z ##[group]Run actions/upload-artifact@v4
2026-01-19T02:49:00.0563982Z with:
2026-01-19T02:49:00.0564182Z   name: jquery_ui_demos-execution-results
2026-01-19T02:49:00.0564626Z   path: projects/ci_jquery_ui_demos/execution.json
projects/ci_jquery_ui_demos/workflow.json

2026-01-19T02:49:00.0565343Z   retention-days: 30
2026-01-19T02:49:00.0565553Z   if-no-files-found: warn
2026-01-19T02:49:00.0565773Z   compression-level: 6
2026-01-19T02:49:00.0565976Z   overwrite: false
2026-01-19T02:49:00.0566175Z   include-hidden-files: false
2026-01-19T02:49:00.0566386Z env:
2026-01-19T02:49:00.0566622Z   pythonLocation: /opt/hostedtoolcache/Python/3.11.14/x64
2026-01-19T02:49:00.0567040Z   PKG_CONFIG_PATH: /opt/hostedtoolcache/Python/3.11.14/x64/lib/pkgconfig
2026-01-19T02:49:00.0567444Z   Python_ROOT_DIR: /opt/hostedtoolcache/Python/3.11.14/x64
2026-01-19T02:49:00.0567831Z   Python2_ROOT_DIR: /opt/hostedtoolcache/Python/3.11.14/x64
2026-01-19T02:49:00.0568232Z   Python3_ROOT_DIR: /opt/hostedtoolcache/Python/3.11.14/x64
2026-01-19T02:49:00.0568598Z   LD_LIBRARY_PATH: /opt/hostedtoolcache/Python/3.11.14/x64/lib
2026-01-19T02:49:00.0568904Z ##[endgroup]
2026-01-19T02:49:00.2736311Z Multiple search paths detected. Calculating the least common ancestor of all paths
2026-01-19T02:49:00.2740965Z The least common ancestor is /home/runner/work/build_qa_automation/build_qa_automation/projects/ci_jquery_ui_demos. This will be the root directory of the artifact
2026-01-19T02:49:00.2742358Z With the provided path, there will be 2 files uploaded
2026-01-19T02:49:00.2748422Z Artifact name is valid!
2026-01-19T02:49:00.2749599Z Root directory input is valid!
2026-01-19T02:49:00.4096773Z Beginning upload of artifact content to blob storage
2026-01-19T02:49:00.5351706Z Uploaded bytes 2031
2026-01-19T02:49:00.5683482Z Finished uploading artifact content to blob storage!
2026-01-19T02:49:00.5687138Z SHA256 digest of uploaded artifact zip is 0a66e49a7849a65f0fe64d6ccfb68a3d26b6dbad814c2dfcb6cb87b100b6478c
2026-01-19T02:49:00.5689425Z Finalizing artifact upload
2026-01-19T02:49:00.6683922Z Artifact jquery_ui_demos-execution-results.zip successfully finalized. Artifact ID 5171882120
2026-01-19T02:49:00.6685857Z Artifact jquery_ui_demos-execution-results has been successfully uploaded! Final size is 2031 bytes. Artifact ID is 5171882120
2026-01-19T02:49:00.6694537Z Artifact download URL: https://github.com/vishvasmca-cmd/build_qa_automation/actions/runs/21122730879/artifacts/5171882120
2026-01-19T02:49:00.6918831Z Post job cleanup.
2026-01-19T02:49:00.8495718Z Cache hit occurred on the primary key setup-python-Linux-x64-24.04-Ubuntu-python-3.11.14-pip-dde08d0e0b672972dcda9f1a063036a2e0c226f5d0a20362e9401931676d80a4, not saving cache.
2026-01-19T02:49:00.8651538Z Post job cleanup.
2026-01-19T02:49:00.9635655Z [command]/usr/bin/git version
2026-01-19T02:49:00.9672545Z git version 2.52.0
2026-01-19T02:49:00.9716528Z Temporarily overriding HOME='/home/runner/work/_temp/da1f55b7-199c-4e80-9147-9e22b633462b' before making global git config changes
2026-01-19T02:49:00.9717711Z Adding repository directory to the temporary git global config as a safe directory
2026-01-19T02:49:00.9729508Z [command]/usr/bin/git config --global --add safe.directory /home/runner/work/build_qa_automation/build_qa_automation
2026-01-19T02:49:00.9764777Z [command]/usr/bin/git config --local --name-only --get-regexp core\.sshCommand
2026-01-19T02:49:00.9797612Z [command]/usr/bin/git submodule foreach --recursive sh -c "git config --local --name-only --get-regexp 'core\.sshCommand' && git config --local --unset-all 'core.sshCommand' || :"
2026-01-19T02:49:01.0031380Z [command]/usr/bin/git config --local --name-only --get-regexp http\.https\:\/\/github\.com\/\.extraheader
2026-01-19T02:49:01.0054554Z http.https://github.com/.extraheader
2026-01-19T02:49:01.0067785Z [command]/usr/bin/git config --local --unset-all http.https://github.com/.extraheader
2026-01-19T02:49:01.0097707Z [command]/usr/bin/git submodule foreach --recursive sh -c "git config --local --name-only --get-regexp 'http\.https\:\/\/github\.com\/\.extraheader' && git config --local --unset-all 'http.https://github.com/.extraheader' || :"
2026-01-19T02:49:01.0327214Z [command]/usr/bin/git config --local --name-only --get-regexp ^includeIf\.gitdir:
2026-01-19T02:49:01.0358712Z [command]/usr/bin/git submodule foreach --recursive git config --local --show-origin --name-only --get-regexp remote.origin.url
2026-01-19T02:49:01.0693039Z Cleaning up orphan processes
