2026-01-19T04:04:28.9720902Z Current runner version: '2.331.0'
2026-01-19T04:04:28.9743499Z ##[group]Runner Image Provisioner
2026-01-19T04:04:28.9744589Z Hosted Compute Agent
2026-01-19T04:04:28.9745187Z Version: 20251211.462
2026-01-19T04:04:28.9745904Z Commit: 6cbad8c2bb55d58165063d031ccabf57e2d2db61
2026-01-19T04:04:28.9746584Z Build Date: 2025-12-11T16:28:49Z
2026-01-19T04:04:28.9747260Z Worker ID: {56fcecba-4c00-4a7b-a7f9-064e496f888f}
2026-01-19T04:04:28.9747987Z ##[endgroup]
2026-01-19T04:04:28.9748635Z ##[group]Operating System
2026-01-19T04:04:28.9749171Z Ubuntu
2026-01-19T04:04:28.9749695Z 24.04.3
2026-01-19T04:04:28.9750149Z LTS
2026-01-19T04:04:28.9750605Z ##[endgroup]
2026-01-19T04:04:28.9751144Z ##[group]Runner Image
2026-01-19T04:04:28.9751690Z Image: ubuntu-24.04
2026-01-19T04:04:28.9752162Z Version: 20260111.209.1
2026-01-19T04:04:28.9753234Z Included Software: https://github.com/actions/runner-images/blob/ubuntu24/20260111.209/images/ubuntu/Ubuntu2404-Readme.md
2026-01-19T04:04:28.9754928Z Image Release: https://github.com/actions/runner-images/releases/tag/ubuntu24%2F20260111.209
2026-01-19T04:04:28.9755998Z ##[endgroup]
2026-01-19T04:04:28.9757047Z ##[group]GITHUB_TOKEN Permissions
2026-01-19T04:04:28.9759180Z Contents: read
2026-01-19T04:04:28.9759698Z Metadata: read
2026-01-19T04:04:28.9760247Z Packages: read
2026-01-19T04:04:28.9760815Z ##[endgroup]
2026-01-19T04:04:28.9762883Z Secret source: Actions
2026-01-19T04:04:28.9763856Z Prepare workflow directory
2026-01-19T04:04:29.1066910Z Prepare all required actions
2026-01-19T04:04:29.1121638Z Getting action download info
2026-01-19T04:04:29.4099572Z Download action repository 'actions/checkout@v4' (SHA:34e114876b0b11c390a56381ad16ebd13914f8d5)
2026-01-19T04:04:29.4958815Z Download action repository 'actions/setup-python@v5' (SHA:a26af69be951a213d495a4c3e4e4022e16d87065)
2026-01-19T04:04:29.5799216Z Download action repository 'actions/upload-artifact@v4' (SHA:ea165f8d65b6e75b540449e92b4886f43607fa02)
2026-01-19T04:04:29.9058453Z Complete job name: test-websites-deep (orangehrm_demo, https://opensource-demo.orangehrmlive.com/, Test HR managemen...
2026-01-19T04:04:30.1370425Z ##[group]Run actions/checkout@v4
2026-01-19T04:04:30.1371433Z with:
2026-01-19T04:04:30.1371916Z   repository: vishvasmca-cmd/build_qa_automation
2026-01-19T04:04:30.1372743Z   token: ***
2026-01-19T04:04:30.1373157Z   ssh-strict: true
2026-01-19T04:04:30.1373574Z   ssh-user: git
2026-01-19T04:04:30.1374195Z   persist-credentials: true
2026-01-19T04:04:30.1374698Z   clean: true
2026-01-19T04:04:30.1375124Z   sparse-checkout-cone-mode: true
2026-01-19T04:04:30.1375633Z   fetch-depth: 1
2026-01-19T04:04:30.1376048Z   fetch-tags: false
2026-01-19T04:04:30.1376482Z   show-progress: true
2026-01-19T04:04:30.1376916Z   lfs: false
2026-01-19T04:04:30.1377310Z   submodules: false
2026-01-19T04:04:30.1377753Z   set-safe-directory: true
2026-01-19T04:04:30.1378496Z ##[endgroup]
2026-01-19T04:04:30.2465349Z Syncing repository: vishvasmca-cmd/build_qa_automation
2026-01-19T04:04:30.2467188Z ##[group]Getting Git version info
2026-01-19T04:04:30.2468127Z Working directory is '/home/runner/work/build_qa_automation/build_qa_automation'
2026-01-19T04:04:30.2469293Z [command]/usr/bin/git version
2026-01-19T04:04:30.2572430Z git version 2.52.0
2026-01-19T04:04:30.2598903Z ##[endgroup]
2026-01-19T04:04:30.2616091Z Temporarily overriding HOME='/home/runner/work/_temp/e6cadfbe-5ad3-4736-ac01-4e41d08fe6e0' before making global git config changes
2026-01-19T04:04:30.2618808Z Adding repository directory to the temporary git global config as a safe directory
2026-01-19T04:04:30.2630677Z [command]/usr/bin/git config --global --add safe.directory /home/runner/work/build_qa_automation/build_qa_automation
2026-01-19T04:04:30.2671538Z Deleting the contents of '/home/runner/work/build_qa_automation/build_qa_automation'
2026-01-19T04:04:30.2676085Z ##[group]Initializing the repository
2026-01-19T04:04:30.2681257Z [command]/usr/bin/git init /home/runner/work/build_qa_automation/build_qa_automation
2026-01-19T04:04:30.2812157Z hint: Using 'master' as the name for the initial branch. This default branch name
2026-01-19T04:04:30.2814470Z hint: will change to "main" in Git 3.0. To configure the initial branch name
2026-01-19T04:04:30.2816268Z hint: to use in all of your new repositories, which will suppress this warning,
2026-01-19T04:04:30.2817602Z hint: call:
2026-01-19T04:04:30.2818262Z hint:
2026-01-19T04:04:30.2818814Z hint: 	git config --global init.defaultBranch <name>
2026-01-19T04:04:30.2819445Z hint:
2026-01-19T04:04:30.2820032Z hint: Names commonly chosen instead of 'master' are 'main', 'trunk' and
2026-01-19T04:04:30.2820998Z hint: 'development'. The just-created branch can be renamed via this command:
2026-01-19T04:04:30.2821722Z hint:
2026-01-19T04:04:30.2822370Z hint: 	git branch -m <name>
2026-01-19T04:04:30.2823133Z hint:
2026-01-19T04:04:30.2823767Z hint: Disable this message with "git config set advice.defaultBranchName false"
2026-01-19T04:04:30.2825135Z Initialized empty Git repository in /home/runner/work/build_qa_automation/build_qa_automation/.git/
2026-01-19T04:04:30.2828286Z [command]/usr/bin/git remote add origin https://github.com/vishvasmca-cmd/build_qa_automation
2026-01-19T04:04:30.2860896Z ##[endgroup]
2026-01-19T04:04:30.2861667Z ##[group]Disabling automatic garbage collection
2026-01-19T04:04:30.2864727Z [command]/usr/bin/git config --local gc.auto 0
2026-01-19T04:04:30.2891417Z ##[endgroup]
2026-01-19T04:04:30.2892149Z ##[group]Setting up auth
2026-01-19T04:04:30.2898407Z [command]/usr/bin/git config --local --name-only --get-regexp core\.sshCommand
2026-01-19T04:04:30.2929946Z [command]/usr/bin/git submodule foreach --recursive sh -c "git config --local --name-only --get-regexp 'core\.sshCommand' && git config --local --unset-all 'core.sshCommand' || :"
2026-01-19T04:04:30.3255823Z [command]/usr/bin/git config --local --name-only --get-regexp http\.https\:\/\/github\.com\/\.extraheader
2026-01-19T04:04:30.3286666Z [command]/usr/bin/git submodule foreach --recursive sh -c "git config --local --name-only --get-regexp 'http\.https\:\/\/github\.com\/\.extraheader' && git config --local --unset-all 'http.https://github.com/.extraheader' || :"
2026-01-19T04:04:30.3501608Z [command]/usr/bin/git config --local --name-only --get-regexp ^includeIf\.gitdir:
2026-01-19T04:04:30.3531354Z [command]/usr/bin/git submodule foreach --recursive git config --local --show-origin --name-only --get-regexp remote.origin.url
2026-01-19T04:04:30.3760969Z [command]/usr/bin/git config --local http.https://github.com/.extraheader AUTHORIZATION: basic ***
2026-01-19T04:04:30.3794337Z ##[endgroup]
2026-01-19T04:04:30.3795800Z ##[group]Fetching the repository
2026-01-19T04:04:30.3804646Z [command]/usr/bin/git -c protocol.version=2 fetch --no-tags --prune --no-recurse-submodules --depth=1 origin +2f305d435d899f67f11ae5adc61ad536fdd999e8:refs/remotes/origin/main
2026-01-19T04:04:31.4284990Z From https://github.com/vishvasmca-cmd/build_qa_automation
2026-01-19T04:04:31.4286317Z  * [new ref]         2f305d435d899f67f11ae5adc61ad536fdd999e8 -> origin/main
2026-01-19T04:04:31.4318065Z ##[endgroup]
2026-01-19T04:04:31.4319907Z ##[group]Determining the checkout info
2026-01-19T04:04:31.4321845Z ##[endgroup]
2026-01-19T04:04:31.4326175Z [command]/usr/bin/git sparse-checkout disable
2026-01-19T04:04:31.4367504Z [command]/usr/bin/git config --local --unset-all extensions.worktreeConfig
2026-01-19T04:04:31.4394217Z ##[group]Checking out the ref
2026-01-19T04:04:31.4398154Z [command]/usr/bin/git checkout --progress --force -B main refs/remotes/origin/main
2026-01-19T04:04:31.5816524Z Switched to a new branch 'main'
2026-01-19T04:04:31.5818352Z branch 'main' set up to track 'origin/main'.
2026-01-19T04:04:31.5837423Z ##[endgroup]
2026-01-19T04:04:31.5874096Z [command]/usr/bin/git log -1 --format=%H
2026-01-19T04:04:31.5897526Z 2f305d435d899f67f11ae5adc61ad536fdd999e8
2026-01-19T04:04:31.7627031Z ##[group]Run actions/setup-python@v5
2026-01-19T04:04:31.7628214Z with:
2026-01-19T04:04:31.7629053Z   python-version: 3.11
2026-01-19T04:04:31.7629998Z   cache: pip
2026-01-19T04:04:31.7631125Z   check-latest: false
2026-01-19T04:04:31.7632291Z   token: ***
2026-01-19T04:04:31.7633093Z   update-environment: true
2026-01-19T04:04:31.7634223Z   allow-prereleases: false
2026-01-19T04:04:31.7635181Z   freethreaded: false
2026-01-19T04:04:31.7636030Z ##[endgroup]
2026-01-19T04:04:31.9347195Z ##[group]Installed versions
2026-01-19T04:04:31.9447506Z Successfully set up CPython (3.11.14)
2026-01-19T04:04:31.9449747Z ##[endgroup]
2026-01-19T04:04:32.0491144Z [command]/opt/hostedtoolcache/Python/3.11.14/x64/bin/pip cache dir
2026-01-19T04:04:33.5383750Z /home/runner/.cache/pip
2026-01-19T04:04:33.6901456Z Cache hit for: setup-python-Linux-x64-24.04-Ubuntu-python-3.11.14-pip-dde08d0e0b672972dcda9f1a063036a2e0c226f5d0a20362e9401931676d80a4
2026-01-19T04:04:34.7841192Z Received 134217728 of 254742636 (52.7%), 128.0 MBs/sec
2026-01-19T04:04:35.3480034Z Received 254742636 of 254742636 (100.0%), 155.3 MBs/sec
2026-01-19T04:04:35.3481262Z Cache Size: ~243 MB (254742636 B)
2026-01-19T04:04:35.3599035Z [command]/usr/bin/tar -xf /home/runner/work/_temp/0775347d-57d2-42d7-8aa0-c7b0cba00fee/cache.tzst -P -C /home/runner/work/build_qa_automation/build_qa_automation --use-compress-program unzstd
2026-01-19T04:04:35.7417622Z Cache restored successfully
2026-01-19T04:04:35.7943477Z Cache restored from key: setup-python-Linux-x64-24.04-Ubuntu-python-3.11.14-pip-dde08d0e0b672972dcda9f1a063036a2e0c226f5d0a20362e9401931676d80a4
2026-01-19T04:04:35.8185485Z ##[group]Run pip install -r requirements.txt
2026-01-19T04:04:35.8186022Z [36;1mpip install -r requirements.txt[0m
2026-01-19T04:04:35.8186406Z [36;1mplaywright install chromium[0m
2026-01-19T04:04:35.8225836Z shell: /usr/bin/bash -e {0}
2026-01-19T04:04:35.8226271Z env:
2026-01-19T04:04:35.8226658Z   pythonLocation: /opt/hostedtoolcache/Python/3.11.14/x64
2026-01-19T04:04:35.8227214Z   PKG_CONFIG_PATH: /opt/hostedtoolcache/Python/3.11.14/x64/lib/pkgconfig
2026-01-19T04:04:35.8227756Z   Python_ROOT_DIR: /opt/hostedtoolcache/Python/3.11.14/x64
2026-01-19T04:04:35.8228265Z   Python2_ROOT_DIR: /opt/hostedtoolcache/Python/3.11.14/x64
2026-01-19T04:04:35.8228768Z   Python3_ROOT_DIR: /opt/hostedtoolcache/Python/3.11.14/x64
2026-01-19T04:04:35.8229288Z   LD_LIBRARY_PATH: /opt/hostedtoolcache/Python/3.11.14/x64/lib
2026-01-19T04:04:35.8229704Z ##[endgroup]
2026-01-19T04:04:36.9116401Z Collecting playwright (from -r requirements.txt (line 1))
2026-01-19T04:04:36.9131112Z   Using cached playwright-1.57.0-py3-none-manylinux1_x86_64.whl.metadata (3.5 kB)
2026-01-19T04:04:36.9278741Z Collecting python-dotenv (from -r requirements.txt (line 2))
2026-01-19T04:04:36.9292984Z   Using cached python_dotenv-1.2.1-py3-none-any.whl.metadata (25 kB)
2026-01-19T04:04:36.9542001Z Collecting requests (from -r requirements.txt (line 3))
2026-01-19T04:04:36.9555842Z   Using cached requests-2.32.5-py3-none-any.whl.metadata (4.9 kB)
2026-01-19T04:04:37.1341745Z Collecting pillow (from -r requirements.txt (line 4))
2026-01-19T04:04:37.1358564Z   Using cached pillow-12.1.0-cp311-cp311-manylinux_2_27_x86_64.manylinux_2_28_x86_64.whl.metadata (8.8 kB)
2026-01-19T04:04:37.3749143Z Collecting google-genai>=0.3.0 (from -r requirements.txt (line 5))
2026-01-19T04:04:37.3763416Z   Using cached google_genai-1.59.0-py3-none-any.whl.metadata (53 kB)
2026-01-19T04:04:37.3896070Z Collecting termcolor (from -r requirements.txt (line 6))
2026-01-19T04:04:37.3909769Z   Using cached termcolor-3.3.0-py3-none-any.whl.metadata (6.5 kB)
2026-01-19T04:04:37.4236309Z Collecting PyYAML (from -r requirements.txt (line 7))
2026-01-19T04:04:37.4250310Z   Using cached pyyaml-6.0.3-cp311-cp311-manylinux2014_x86_64.manylinux_2_17_x86_64.manylinux_2_28_x86_64.whl.metadata (2.4 kB)
2026-01-19T04:04:37.4760298Z Collecting opencv-python-headless (from -r requirements.txt (line 8))
2026-01-19T04:04:37.4774541Z   Using cached opencv_python_headless-4.13.0.90-cp37-abi3-manylinux_2_28_x86_64.whl.metadata (19 kB)
2026-01-19T04:04:37.6671209Z Collecting numpy (from -r requirements.txt (line 9))
2026-01-19T04:04:37.6686958Z   Using cached numpy-2.4.1-cp311-cp311-manylinux_2_27_x86_64.manylinux_2_28_x86_64.whl.metadata (6.6 kB)
2026-01-19T04:04:37.7532888Z Collecting faker (from -r requirements.txt (line 10))
2026-01-19T04:04:37.7547579Z   Using cached faker-40.1.2-py3-none-any.whl.metadata (16 kB)
2026-01-19T04:04:37.7699586Z Collecting pyee<14,>=13 (from playwright->-r requirements.txt (line 1))
2026-01-19T04:04:37.7719296Z   Using cached pyee-13.0.0-py3-none-any.whl.metadata (2.9 kB)
2026-01-19T04:04:37.8852682Z Collecting greenlet<4.0.0,>=3.1.1 (from playwright->-r requirements.txt (line 1))
2026-01-19T04:04:37.8866929Z   Using cached greenlet-3.3.0-cp311-cp311-manylinux_2_24_x86_64.manylinux_2_28_x86_64.whl.metadata (4.1 kB)
2026-01-19T04:04:37.9023816Z Collecting typing-extensions (from pyee<14,>=13->playwright->-r requirements.txt (line 1))
2026-01-19T04:04:37.9037196Z   Using cached typing_extensions-4.15.0-py3-none-any.whl.metadata (3.3 kB)
2026-01-19T04:04:37.9786823Z Collecting charset_normalizer<4,>=2 (from requests->-r requirements.txt (line 3))
2026-01-19T04:04:37.9800963Z   Using cached charset_normalizer-3.4.4-cp311-cp311-manylinux2014_x86_64.manylinux_2_17_x86_64.manylinux_2_28_x86_64.whl.metadata (37 kB)
2026-01-19T04:04:37.9933735Z Collecting idna<4,>=2.5 (from requests->-r requirements.txt (line 3))
2026-01-19T04:04:37.9946862Z   Using cached idna-3.11-py3-none-any.whl.metadata (8.4 kB)
2026-01-19T04:04:38.0192882Z Collecting urllib3<3,>=1.21.1 (from requests->-r requirements.txt (line 3))
2026-01-19T04:04:38.0205131Z   Using cached urllib3-2.6.3-py3-none-any.whl.metadata (6.9 kB)
2026-01-19T04:04:38.0404973Z Collecting certifi>=2017.4.17 (from requests->-r requirements.txt (line 3))
2026-01-19T04:04:38.0417796Z   Using cached certifi-2026.1.4-py3-none-any.whl.metadata (2.5 kB)
2026-01-19T04:04:38.0605096Z Collecting anyio<5.0.0,>=4.8.0 (from google-genai>=0.3.0->-r requirements.txt (line 5))
2026-01-19T04:04:38.0617926Z   Using cached anyio-4.12.1-py3-none-any.whl.metadata (4.3 kB)
2026-01-19T04:04:38.0939727Z Collecting google-auth<3.0.0,>=2.47.0 (from google-auth[requests]<3.0.0,>=2.47.0->google-genai>=0.3.0->-r requirements.txt (line 5))
2026-01-19T04:04:38.0953165Z   Using cached google_auth-2.47.0-py3-none-any.whl.metadata (6.4 kB)
2026-01-19T04:04:38.1162492Z Collecting httpx<1.0.0,>=0.28.1 (from google-genai>=0.3.0->-r requirements.txt (line 5))
2026-01-19T04:04:38.1176294Z   Using cached httpx-0.28.1-py3-none-any.whl.metadata (7.1 kB)
2026-01-19T04:04:38.2534847Z Collecting pydantic<3.0.0,>=2.9.0 (from google-genai>=0.3.0->-r requirements.txt (line 5))
2026-01-19T04:04:38.2549661Z   Using cached pydantic-2.12.5-py3-none-any.whl.metadata (90 kB)
2026-01-19T04:04:38.2795549Z Collecting tenacity<9.2.0,>=8.2.3 (from google-genai>=0.3.0->-r requirements.txt (line 5))
2026-01-19T04:04:38.2808843Z   Using cached tenacity-9.1.2-py3-none-any.whl.metadata (1.2 kB)
2026-01-19T04:04:38.3667170Z Collecting websockets<15.1.0,>=13.0.0 (from google-genai>=0.3.0->-r requirements.txt (line 5))
2026-01-19T04:04:38.3681481Z   Using cached websockets-15.0.1-cp311-cp311-manylinux_2_5_x86_64.manylinux1_x86_64.manylinux_2_17_x86_64.manylinux2014_x86_64.whl.metadata (6.8 kB)
2026-01-19T04:04:38.3810653Z Collecting distro<2,>=1.7.0 (from google-genai>=0.3.0->-r requirements.txt (line 5))
2026-01-19T04:04:38.3823873Z   Using cached distro-1.9.0-py3-none-any.whl.metadata (6.8 kB)
2026-01-19T04:04:38.3914566Z Collecting sniffio (from google-genai>=0.3.0->-r requirements.txt (line 5))
2026-01-19T04:04:38.3927917Z   Using cached sniffio-1.3.1-py3-none-any.whl.metadata (3.9 kB)
2026-01-19T04:04:38.4177810Z Collecting pyasn1-modules>=0.2.1 (from google-auth<3.0.0,>=2.47.0->google-auth[requests]<3.0.0,>=2.47.0->google-genai>=0.3.0->-r requirements.txt (line 5))
2026-01-19T04:04:38.4191037Z   Using cached pyasn1_modules-0.4.2-py3-none-any.whl.metadata (3.5 kB)
2026-01-19T04:04:38.4317808Z Collecting rsa<5,>=3.1.4 (from google-auth<3.0.0,>=2.47.0->google-auth[requests]<3.0.0,>=2.47.0->google-genai>=0.3.0->-r requirements.txt (line 5))
2026-01-19T04:04:38.4331120Z   Using cached rsa-4.9.1-py3-none-any.whl.metadata (5.6 kB)
2026-01-19T04:04:38.4577343Z Collecting httpcore==1.* (from httpx<1.0.0,>=0.28.1->google-genai>=0.3.0->-r requirements.txt (line 5))
2026-01-19T04:04:38.4590151Z   Using cached httpcore-1.0.9-py3-none-any.whl.metadata (21 kB)
2026-01-19T04:04:38.4691329Z Collecting h11>=0.16 (from httpcore==1.*->httpx<1.0.0,>=0.28.1->google-genai>=0.3.0->-r requirements.txt (line 5))
2026-01-19T04:04:38.4704518Z   Using cached h11-0.16.0-py3-none-any.whl.metadata (8.3 kB)
2026-01-19T04:04:38.4800444Z Collecting annotated-types>=0.6.0 (from pydantic<3.0.0,>=2.9.0->google-genai>=0.3.0->-r requirements.txt (line 5))
2026-01-19T04:04:38.4813630Z   Using cached annotated_types-0.7.0-py3-none-any.whl.metadata (15 kB)
2026-01-19T04:04:39.1114528Z Collecting pydantic-core==2.41.5 (from pydantic<3.0.0,>=2.9.0->google-genai>=0.3.0->-r requirements.txt (line 5))
2026-01-19T04:04:39.1129941Z   Using cached pydantic_core-2.41.5-cp311-cp311-manylinux_2_17_x86_64.manylinux2014_x86_64.whl.metadata (7.3 kB)
2026-01-19T04:04:39.1236600Z Collecting typing-inspection>=0.4.2 (from pydantic<3.0.0,>=2.9.0->google-genai>=0.3.0->-r requirements.txt (line 5))
2026-01-19T04:04:39.1249274Z   Using cached typing_inspection-0.4.2-py3-none-any.whl.metadata (2.6 kB)
2026-01-19T04:04:39.1851088Z Collecting pyasn1>=0.1.3 (from rsa<5,>=3.1.4->google-auth<3.0.0,>=2.47.0->google-auth[requests]<3.0.0,>=2.47.0->google-genai>=0.3.0->-r requirements.txt (line 5))
2026-01-19T04:04:39.1865737Z   Using cached pyasn1-0.6.2-py3-none-any.whl.metadata (8.4 kB)
2026-01-19T04:04:39.2129316Z Using cached playwright-1.57.0-py3-none-manylinux1_x86_64.whl (46.0 MB)
2026-01-19T04:04:39.2468417Z Using cached greenlet-3.3.0-cp311-cp311-manylinux_2_24_x86_64.manylinux_2_28_x86_64.whl (590 kB)
2026-01-19T04:04:39.2484702Z Using cached pyee-13.0.0-py3-none-any.whl (15 kB)
2026-01-19T04:04:39.2497613Z Using cached python_dotenv-1.2.1-py3-none-any.whl (21 kB)
2026-01-19T04:04:39.2510402Z Using cached requests-2.32.5-py3-none-any.whl (64 kB)
2026-01-19T04:04:39.2524406Z Using cached charset_normalizer-3.4.4-cp311-cp311-manylinux2014_x86_64.manylinux_2_17_x86_64.manylinux_2_28_x86_64.whl (151 kB)
2026-01-19T04:04:39.2537738Z Using cached idna-3.11-py3-none-any.whl (71 kB)
2026-01-19T04:04:39.2550790Z Using cached urllib3-2.6.3-py3-none-any.whl (131 kB)
2026-01-19T04:04:39.2564919Z Using cached pillow-12.1.0-cp311-cp311-manylinux_2_27_x86_64.manylinux_2_28_x86_64.whl (7.0 MB)
2026-01-19T04:04:39.2626212Z Using cached google_genai-1.59.0-py3-none-any.whl (719 kB)
2026-01-19T04:04:39.2643457Z Using cached anyio-4.12.1-py3-none-any.whl (113 kB)
2026-01-19T04:04:39.2656919Z Using cached distro-1.9.0-py3-none-any.whl (20 kB)
2026-01-19T04:04:39.2669564Z Using cached google_auth-2.47.0-py3-none-any.whl (234 kB)
2026-01-19T04:04:39.2683421Z Using cached httpx-0.28.1-py3-none-any.whl (73 kB)
2026-01-19T04:04:39.2696534Z Using cached httpcore-1.0.9-py3-none-any.whl (78 kB)
2026-01-19T04:04:39.2709561Z Using cached pydantic-2.12.5-py3-none-any.whl (463 kB)
2026-01-19T04:04:39.2725694Z Using cached pydantic_core-2.41.5-cp311-cp311-manylinux_2_17_x86_64.manylinux2014_x86_64.whl (2.1 MB)
2026-01-19T04:04:39.2752793Z Using cached rsa-4.9.1-py3-none-any.whl (34 kB)
2026-01-19T04:04:39.2765495Z Using cached tenacity-9.1.2-py3-none-any.whl (28 kB)
2026-01-19T04:04:39.2778130Z Using cached typing_extensions-4.15.0-py3-none-any.whl (44 kB)
2026-01-19T04:04:39.2791412Z Using cached websockets-15.0.1-cp311-cp311-manylinux_2_5_x86_64.manylinux1_x86_64.manylinux_2_17_x86_64.manylinux2014_x86_64.whl (182 kB)
2026-01-19T04:04:39.2804522Z Using cached termcolor-3.3.0-py3-none-any.whl (7.7 kB)
2026-01-19T04:04:39.2817586Z Using cached pyyaml-6.0.3-cp311-cp311-manylinux2014_x86_64.manylinux_2_17_x86_64.manylinux_2_28_x86_64.whl (806 kB)
2026-01-19T04:04:39.2835719Z Using cached opencv_python_headless-4.13.0.90-cp37-abi3-manylinux_2_28_x86_64.whl (62.5 MB)
2026-01-19T04:04:39.3285287Z Using cached numpy-2.4.1-cp311-cp311-manylinux_2_27_x86_64.manylinux_2_28_x86_64.whl (16.7 MB)
2026-01-19T04:04:39.3414231Z Using cached faker-40.1.2-py3-none-any.whl (2.0 MB)
2026-01-19T04:04:39.3441133Z Using cached annotated_types-0.7.0-py3-none-any.whl (13 kB)
2026-01-19T04:04:39.3453750Z Using cached certifi-2026.1.4-py3-none-any.whl (152 kB)
2026-01-19T04:04:39.3467544Z Using cached h11-0.16.0-py3-none-any.whl (37 kB)
2026-01-19T04:04:39.3479898Z Using cached pyasn1-0.6.2-py3-none-any.whl (83 kB)
2026-01-19T04:04:39.3493144Z Using cached pyasn1_modules-0.4.2-py3-none-any.whl (181 kB)
2026-01-19T04:04:39.3507158Z Using cached typing_inspection-0.4.2-py3-none-any.whl (14 kB)
2026-01-19T04:04:39.3519769Z Using cached sniffio-1.3.1-py3-none-any.whl (10 kB)
2026-01-19T04:04:39.5675742Z Installing collected packages: websockets, urllib3, typing-extensions, termcolor, tenacity, sniffio, PyYAML, python-dotenv, pyasn1, pillow, numpy, idna, h11, greenlet, faker, distro, charset_normalizer, certifi, annotated-types, typing-inspection, rsa, requests, pyee, pydantic-core, pyasn1-modules, opencv-python-headless, httpcore, anyio, pydantic, playwright, httpx, google-auth, google-genai
2026-01-19T04:04:46.3336562Z 
2026-01-19T04:04:46.3359852Z Successfully installed PyYAML-6.0.3 annotated-types-0.7.0 anyio-4.12.1 certifi-2026.1.4 charset_normalizer-3.4.4 distro-1.9.0 faker-40.1.2 google-auth-2.47.0 google-genai-1.59.0 greenlet-3.3.0 h11-0.16.0 httpcore-1.0.9 httpx-0.28.1 idna-3.11 numpy-2.4.1 opencv-python-headless-4.13.0.90 pillow-12.1.0 playwright-1.57.0 pyasn1-0.6.2 pyasn1-modules-0.4.2 pydantic-2.12.5 pydantic-core-2.41.5 pyee-13.0.0 python-dotenv-1.2.1 requests-2.32.5 rsa-4.9.1 sniffio-1.3.1 tenacity-9.1.2 termcolor-3.3.0 typing-extensions-4.15.0 typing-inspection-0.4.2 urllib3-2.6.3 websockets-15.0.1
2026-01-19T04:04:47.0038401Z Downloading Chromium 143.0.7499.4 (playwright build v1200) from https://cdn.playwright.dev/dbazure/download/playwright/builds/chromium/1200/chromium-linux.zip
2026-01-19T04:04:47.1010649Z (node:2192) [DEP0169] DeprecationWarning: `url.parse()` behavior is not standardized and prone to errors that have security implications. Use the WHATWG URL API instead. CVEs are not issued for `url.parse()` vulnerabilities.
2026-01-19T04:04:47.1012664Z (Use `node --trace-deprecation ...` to show where the warning was created)
2026-01-19T04:04:47.1811627Z |                                                                                |   0% of 164.7 MiB
2026-01-19T04:04:47.3270264Z |■■■■■■■■                                                                        |  10% of 164.7 MiB
2026-01-19T04:04:47.4694715Z |■■■■■■■■■■■■■■■■                                                                |  20% of 164.7 MiB
2026-01-19T04:04:47.6130214Z |■■■■■■■■■■■■■■■■■■■■■■■■                                                        |  30% of 164.7 MiB
2026-01-19T04:04:47.7259243Z |■■■■■■■■■■■■■■■■■■■■■■■■■■■■■■■■                                                |  40% of 164.7 MiB
2026-01-19T04:04:47.8433745Z |■■■■■■■■■■■■■■■■■■■■■■■■■■■■■■■■■■■■■■■■                                        |  50% of 164.7 MiB
2026-01-19T04:04:47.9991767Z |■■■■■■■■■■■■■■■■■■■■■■■■■■■■■■■■■■■■■■■■■■■■■■■■                                |  60% of 164.7 MiB
2026-01-19T04:04:48.1097810Z |■■■■■■■■■■■■■■■■■■■■■■■■■■■■■■■■■■■■■■■■■■■■■■■■■■■■■■■■                        |  70% of 164.7 MiB
2026-01-19T04:04:48.2336123Z |■■■■■■■■■■■■■■■■■■■■■■■■■■■■■■■■■■■■■■■■■■■■■■■■■■■■■■■■■■■■■■■■                |  80% of 164.7 MiB
2026-01-19T04:04:48.3517399Z |■■■■■■■■■■■■■■■■■■■■■■■■■■■■■■■■■■■■■■■■■■■■■■■■■■■■■■■■■■■■■■■■■■■■■■■■        |  90% of 164.7 MiB
2026-01-19T04:04:48.4573752Z |■■■■■■■■■■■■■■■■■■■■■■■■■■■■■■■■■■■■■■■■■■■■■■■■■■■■■■■■■■■■■■■■■■■■■■■■■■■■■■■■| 100% of 164.7 MiB
2026-01-19T04:04:50.9334327Z Chromium 143.0.7499.4 (playwright build v1200) downloaded to /home/runner/.cache/ms-playwright/chromium-1200
2026-01-19T04:04:50.9338751Z Downloading FFMPEG playwright build v1011 from https://cdn.playwright.dev/dbazure/download/playwright/builds/ffmpeg/1011/ffmpeg-linux.zip
2026-01-19T04:04:51.0301509Z (node:2203) [DEP0169] DeprecationWarning: `url.parse()` behavior is not standardized and prone to errors that have security implications. Use the WHATWG URL API instead. CVEs are not issued for `url.parse()` vulnerabilities.
2026-01-19T04:04:51.0303549Z (Use `node --trace-deprecation ...` to show where the warning was created)
2026-01-19T04:04:51.2135944Z |                                                                                |   0% of 2.3 MiB
2026-01-19T04:04:51.3339861Z |■■■■■■■■                                                                        |  10% of 2.3 MiB
2026-01-19T04:04:51.3795496Z |■■■■■■■■■■■■■■■■                                                                |  20% of 2.3 MiB
2026-01-19T04:04:51.4124570Z |■■■■■■■■■■■■■■■■■■■■■■■■                                                        |  30% of 2.3 MiB
2026-01-19T04:04:51.4258585Z |■■■■■■■■■■■■■■■■■■■■■■■■■■■■■■■■                                                |  40% of 2.3 MiB
2026-01-19T04:04:51.4357753Z |■■■■■■■■■■■■■■■■■■■■■■■■■■■■■■■■■■■■■■■■                                        |  50% of 2.3 MiB
2026-01-19T04:04:51.4604555Z |■■■■■■■■■■■■■■■■■■■■■■■■■■■■■■■■■■■■■■■■■■■■■■■■                                |  60% of 2.3 MiB
2026-01-19T04:04:51.4674379Z |■■■■■■■■■■■■■■■■■■■■■■■■■■■■■■■■■■■■■■■■■■■■■■■■■■■■■■■■                        |  70% of 2.3 MiB
2026-01-19T04:04:51.4737634Z |■■■■■■■■■■■■■■■■■■■■■■■■■■■■■■■■■■■■■■■■■■■■■■■■■■■■■■■■■■■■■■■■                |  80% of 2.3 MiB
2026-01-19T04:04:51.4797466Z |■■■■■■■■■■■■■■■■■■■■■■■■■■■■■■■■■■■■■■■■■■■■■■■■■■■■■■■■■■■■■■■■■■■■■■■■        |  90% of 2.3 MiB
2026-01-19T04:04:51.4845542Z |■■■■■■■■■■■■■■■■■■■■■■■■■■■■■■■■■■■■■■■■■■■■■■■■■■■■■■■■■■■■■■■■■■■■■■■■■■■■■■■■| 100% of 2.3 MiB
2026-01-19T04:04:51.5398309Z FFMPEG playwright build v1011 downloaded to /home/runner/.cache/ms-playwright/ffmpeg-1011
2026-01-19T04:04:51.5401884Z Downloading Chromium Headless Shell 143.0.7499.4 (playwright build v1200) from https://cdn.playwright.dev/dbazure/download/playwright/builds/chromium/1200/chromium-headless-shell-linux.zip
2026-01-19T04:04:51.6349568Z (node:2214) [DEP0169] DeprecationWarning: `url.parse()` behavior is not standardized and prone to errors that have security implications. Use the WHATWG URL API instead. CVEs are not issued for `url.parse()` vulnerabilities.
2026-01-19T04:04:51.6351595Z (Use `node --trace-deprecation ...` to show where the warning was created)
2026-01-19T04:04:51.7178688Z |                                                                                |   0% of 109.7 MiB
2026-01-19T04:04:51.8603504Z |■■■■■■■■                                                                        |  10% of 109.7 MiB
2026-01-19T04:04:51.9378695Z |■■■■■■■■■■■■■■■■                                                                |  20% of 109.7 MiB
2026-01-19T04:04:52.0286244Z |■■■■■■■■■■■■■■■■■■■■■■■■                                                        |  30% of 109.7 MiB
2026-01-19T04:04:52.1161087Z |■■■■■■■■■■■■■■■■■■■■■■■■■■■■■■■■                                                |  40% of 109.7 MiB
2026-01-19T04:04:52.1974049Z |■■■■■■■■■■■■■■■■■■■■■■■■■■■■■■■■■■■■■■■■                                        |  50% of 109.7 MiB
2026-01-19T04:04:52.2797762Z |■■■■■■■■■■■■■■■■■■■■■■■■■■■■■■■■■■■■■■■■■■■■■■■■                                |  60% of 109.7 MiB
2026-01-19T04:04:52.3612891Z |■■■■■■■■■■■■■■■■■■■■■■■■■■■■■■■■■■■■■■■■■■■■■■■■■■■■■■■■                        |  70% of 109.7 MiB
2026-01-19T04:04:52.4564874Z |■■■■■■■■■■■■■■■■■■■■■■■■■■■■■■■■■■■■■■■■■■■■■■■■■■■■■■■■■■■■■■■■                |  80% of 109.7 MiB
2026-01-19T04:04:52.5396403Z |■■■■■■■■■■■■■■■■■■■■■■■■■■■■■■■■■■■■■■■■■■■■■■■■■■■■■■■■■■■■■■■■■■■■■■■■        |  90% of 109.7 MiB
2026-01-19T04:04:52.6259913Z |■■■■■■■■■■■■■■■■■■■■■■■■■■■■■■■■■■■■■■■■■■■■■■■■■■■■■■■■■■■■■■■■■■■■■■■■■■■■■■■■| 100% of 109.7 MiB
2026-01-19T04:04:54.4635248Z Chromium Headless Shell 143.0.7499.4 (playwright build v1200) downloaded to /home/runner/.cache/ms-playwright/chromium_headless_shell-1200
2026-01-19T04:04:54.4960324Z ##[group]Run mkdir -p projects/ci_orangehrm_demo
2026-01-19T04:04:54.4960747Z [36;1mmkdir -p projects/ci_orangehrm_demo[0m
2026-01-19T04:04:54.4961165Z [36;1mcat > projects/ci_orangehrm_demo/config.json << 'EOF'[0m
2026-01-19T04:04:54.4961493Z [36;1m{[0m
2026-01-19T04:04:54.4961710Z [36;1m  "project_name": "ci_orangehrm_demo",[0m
2026-01-19T04:04:54.4962112Z [36;1m  "target_url": "https://opensource-demo.orangehrmlive.com/",[0m
2026-01-19T04:04:54.4962518Z [36;1m  "goal": "Test HR management features",[0m
2026-01-19T04:04:54.4962805Z [36;1m  "headless": true[0m
2026-01-19T04:04:54.4963038Z [36;1m}[0m
2026-01-19T04:04:54.4963214Z [36;1mEOF[0m
2026-01-19T04:04:54.4994817Z shell: /usr/bin/bash -e {0}
2026-01-19T04:04:54.4995061Z env:
2026-01-19T04:04:54.4995320Z   pythonLocation: /opt/hostedtoolcache/Python/3.11.14/x64
2026-01-19T04:04:54.4995736Z   PKG_CONFIG_PATH: /opt/hostedtoolcache/Python/3.11.14/x64/lib/pkgconfig
2026-01-19T04:04:54.4996193Z   Python_ROOT_DIR: /opt/hostedtoolcache/Python/3.11.14/x64
2026-01-19T04:04:54.4996572Z   Python2_ROOT_DIR: /opt/hostedtoolcache/Python/3.11.14/x64
2026-01-19T04:04:54.4996948Z   Python3_ROOT_DIR: /opt/hostedtoolcache/Python/3.11.14/x64
2026-01-19T04:04:54.4997330Z   LD_LIBRARY_PATH: /opt/hostedtoolcache/Python/3.11.14/x64/lib
2026-01-19T04:04:54.4997647Z ##[endgroup]
2026-01-19T04:04:54.5159010Z ##[group]Run # Use --deep for comprehensive regression suite
2026-01-19T04:04:54.5159486Z [36;1m# Use --deep for comprehensive regression suite[0m
2026-01-19T04:04:54.5159953Z [36;1mpython orchestrator.py --project projects/ci_orangehrm_demo --deep --force[0m
2026-01-19T04:04:54.5189555Z shell: /usr/bin/bash -e {0}
2026-01-19T04:04:54.5189799Z env:
2026-01-19T04:04:54.5190060Z   pythonLocation: /opt/hostedtoolcache/Python/3.11.14/x64
2026-01-19T04:04:54.5190510Z   PKG_CONFIG_PATH: /opt/hostedtoolcache/Python/3.11.14/x64/lib/pkgconfig
2026-01-19T04:04:54.5190938Z   Python_ROOT_DIR: /opt/hostedtoolcache/Python/3.11.14/x64
2026-01-19T04:04:54.5191306Z   Python2_ROOT_DIR: /opt/hostedtoolcache/Python/3.11.14/x64
2026-01-19T04:04:54.5191679Z   Python3_ROOT_DIR: /opt/hostedtoolcache/Python/3.11.14/x64
2026-01-19T04:04:54.5192243Z   LD_LIBRARY_PATH: /opt/hostedtoolcache/Python/3.11.14/x64/lib
2026-01-19T04:04:54.5192883Z   GOOGLE_API_KEY: ***
2026-01-19T04:04:54.5193125Z   PYTHONPATH: .
2026-01-19T04:04:54.5193775Z ##[endgroup]
2026-01-19T04:04:56.3130930Z 🚀 [DEEP] Extensive mapping enabled (Depth: 3, Pages: 50)
2026-01-19T04:04:56.3131366Z 
2026-01-19T04:04:56.3132064Z 🗺️ [DISCOVERY] Starting Parallel Semantic Crawl on https://opensource-demo.orangehrmlive.com/ (Workers: 3)
2026-01-19T04:04:56.7364947Z   🔍 [Worker 0] Visiting (0): https://opensource-demo.orangehrmlive.com/
2026-01-19T04:04:58.3857535Z [DEBUG] Sending request to gemini-2.0-flash. Number of parts: 1
2026-01-19T04:04:58.3858290Z [DEBUG] Received response (Length: 231)
2026-01-19T04:04:58.3859130Z ✅ Discovery Complete. Mapped 1 pages.
2026-01-19T04:05:10.9977645Z 
2026-01-19T04:05:10.9978456Z [PLAN] PLANNER: Planning goal -> 'Test HR management features' (Deep Mode: True)
2026-01-19T04:05:10.9979677Z 🗺️ [PLAN] Loaded Sitemap with 1 pages.
2026-01-19T04:05:10.9980756Z 🎭 [EXPERT] Detected Domain: SAAS. Persona: Act as a Senior SDET focusing on SaaS platform stability and functional coverage
2026-01-19T04:05:10.9981774Z [DEBUG] Sending request to gemini-2.0-flash. Number of parts: 1
2026-01-19T04:05:10.9982185Z [DEBUG] Received response (Length: 6469)
2026-01-19T04:05:10.9982611Z ✅ Planner generated 3 scenarios. Workflow updated.
2026-01-19T04:05:12.0230952Z 
2026-01-19T04:05:12.0231983Z 🕵️ [DEEP EXPLORER] Starting Multi-Scenario Exploration
2026-01-19T04:05:12.0232986Z 📋 Found 3 scenarios to explore.
2026-01-19T04:05:12.3921223Z 
2026-01-19T04:05:12.3922539Z [1/3] Exploring Scenario: HR Management - Login and Employee Management
2026-01-19T04:05:12.3926833Z     🧠 Initialized exploration context for goal: 'Test HR management features'
2026-01-19T04:05:12.3927654Z   ▶️ [STEP step_1] NAVIGATE: 
2026-01-19T04:05:13.7039452Z     ✅ Navigated to https://opensource-demo.orangehrmlive.com/
2026-01-19T04:05:13.7040742Z   ▶️ [STEP step_2] ASSERT_VISIBLE: Login page
2026-01-19T04:05:13.7234767Z     🔍 Mining locators for: 'Login page'
2026-01-19T04:05:13.7702627Z     🧠 Consulting AI (Vision-First) to find 'Login page'...
2026-01-19T04:05:13.7721344Z     🔍 Trying smart selectors for 'Login page'...
2026-01-19T04:05:13.8276690Z     ⚠️ Smart selectors failed (no unique match). Falling back to AI Vision...
2026-01-19T04:05:13.8279118Z     🧠 [EXPERT] Strategy: Act as a Senior SDET focusing on SaaS platform stability and functional coverage. Focus on user onboarding flows and dashboard state transitions. Prioritize 'Sign Up', 'Upgrade', and navigation sidebar items as critical automation paths.
2026-01-19T04:05:15.7892904Z [DEBUG] Sending request to gemini-2.0-flash. Number of parts: 2
2026-01-19T04:05:15.7893336Z [DEBUG] Received response (Length: 447)
2026-01-19T04:05:15.7893861Z     ⚠️ Critical step failure: 'priority'
2026-01-19T04:05:15.7894488Z   ▶️ [STEP step_3] FILL: Username
2026-01-19T04:05:15.7947678Z     🔍 Mining locators for: 'Username'
2026-01-19T04:05:15.8924259Z     ✅ Found 5 verified locators
2026-01-19T04:05:20.7759514Z     ✅ State transitioned.
2026-01-19T04:05:22.4179905Z [DEBUG] Sending request to gemini-2.0-flash. Number of parts: 2
2026-01-19T04:05:22.4180644Z [DEBUG] Received response (Length: 210)
2026-01-19T04:05:22.4181515Z     🤖 AI Next Step Suggestion: fill -> Password
2026-01-19T04:05:22.4182258Z     🧩 Suggested Locator: input[name='password']
2026-01-19T04:05:22.4183317Z     💭 Reasoning: The username has been filled. Now filling the password field to proceed with login.
2026-01-19T04:05:22.4184543Z     ➕ Injected AI step: fill -> Password
2026-01-19T04:05:22.4185145Z   ▶️ [STEP step_3_ai_1] FILL: Password
2026-01-19T04:05:22.4250478Z     🎯 Using AI-provided locator: input[name='password']
2026-01-19T04:05:22.4310335Z     ✅ Found 1 verified locators
2026-01-19T04:05:28.2978814Z     ✅ State transitioned.
2026-01-19T04:05:30.0232213Z [DEBUG] Sending request to gemini-2.0-flash. Number of parts: 2
2026-01-19T04:05:30.0233289Z [DEBUG] Received response (Length: 220)
2026-01-19T04:05:30.0234376Z     🤖 AI Next Step Suggestion: click -> Login
2026-01-19T04:05:30.0235026Z     🧩 Suggested Locator: button
2026-01-19T04:05:30.0236450Z     💭 Reasoning: Now that the username and password have been entered, the next step is to click the Login button to access the HR management features.
2026-01-19T04:05:30.0237777Z     ➕ Injected AI step: click -> Login
2026-01-19T04:05:30.0238362Z   ▶️ [STEP step_3_ai_2] CLICK: Login
2026-01-19T04:05:30.0291912Z     🎯 Using AI-provided locator: button
2026-01-19T04:05:30.0348929Z     ✅ Found 1 verified locators
2026-01-19T04:05:34.0918322Z     ✅ State transitioned.
2026-01-19T04:05:35.9343375Z [DEBUG] Sending request to gemini-2.0-flash. Number of parts: 2
2026-01-19T04:05:35.9344272Z [DEBUG] Received response (Length: 244)
2026-01-19T04:05:35.9344850Z     🤖 AI Next Step Suggestion: click -> Admin
2026-01-19T04:05:35.9345369Z     🧩 Suggested Locator: a[href*='/web/index.php/admin/viewAdminModule']
2026-01-19T04:05:35.9346229Z     💭 Reasoning: The goal is to test HR management features. 'Admin' is a core HR function and a logical next step from the dashboard.
2026-01-19T04:05:35.9346891Z     ➕ Injected AI step: click -> Admin
2026-01-19T04:05:35.9347222Z   ▶️ [STEP step_3_ai_3] CLICK: Admin
2026-01-19T04:05:35.9523840Z     🎯 Using AI-provided locator: a[href*='/web/index.php/admin/viewAdminModule']
2026-01-19T04:05:35.9591840Z     ✅ Found 1 verified locators
2026-01-19T04:05:40.0259555Z     ✅ State transitioned.
2026-01-19T04:05:41.6228587Z [DEBUG] Sending request to gemini-2.0-flash. Number of parts: 2
2026-01-19T04:05:41.6229380Z [DEBUG] Received response (Length: 168)
2026-01-19T04:05:41.6230319Z     🤖 AI Next Step Suggestion: click -> Add
2026-01-19T04:05:41.6230974Z     🧩 Suggested Locator: button:contains('Add')
2026-01-19T04:05:41.6231669Z     💭 Reasoning: To add a new user, I should click the 'Add' button.
2026-01-19T04:05:41.6232133Z     ➕ Injected AI step: click -> Add
2026-01-19T04:05:41.6232509Z   ▶️ [STEP step_3_ai_4] CLICK: Add
2026-01-19T04:05:41.6400904Z     🎯 Using AI-provided locator: button:contains('Add')
2026-01-19T04:05:41.6438126Z     🔍 Mining locators for: 'Add'
2026-01-19T04:05:41.7335132Z     ✅ Found 1 verified locators
2026-01-19T04:05:45.2935678Z     ✅ State transitioned.
2026-01-19T04:05:47.3779297Z [DEBUG] Sending request to gemini-2.0-flash. Number of parts: 2
2026-01-19T04:05:47.3780037Z [DEBUG] Received response (Length: 289)
2026-01-19T04:05:47.3780906Z     🤖 AI Next Step Suggestion: click -> -- Select --
2026-01-19T04:05:47.3782187Z     🧩 Suggested Locator: div:nth-child(1) > div.oxd-input-group.oxd-input-field-bottom-space > div > div:nth-child(2)
2026-01-19T04:05:47.3784110Z     💭 Reasoning: The form requires selecting a User Role. Clicking the dropdown is the next logical step to populate the field.
2026-01-19T04:05:47.3785303Z     ➕ Injected AI step: click -> -- Select --
2026-01-19T04:05:47.3785947Z   ▶️ [STEP step_3_ai_5] CLICK: -- Select --
2026-01-19T04:05:47.3940761Z     🎯 Using AI-provided locator: div:nth-child(1) > div.oxd-input-group.oxd-input-field-bottom-space > div > div:nth-child(2)
2026-01-19T04:05:47.3966963Z     🔍 Mining locators for: '-- Select --'
2026-01-19T04:05:47.4737898Z     ✅ Found 1 verified locators
2026-01-19T04:05:51.0595947Z     ✅ State transitioned.
2026-01-19T04:05:53.1897202Z [DEBUG] Sending request to gemini-2.0-flash. Number of parts: 2
2026-01-19T04:05:53.1897877Z [DEBUG] Received response (Length: 330)
2026-01-19T04:05:53.1898788Z     🤖 AI Next Step Suggestion: click -> -- Select --
2026-01-19T04:05:53.1900191Z     🧩 Suggested Locator: div:nth-child(1) > div:nth-child(1) > div.oxd-input-group.oxd-input-field-bottom-space > div > div:nth-child(2) > div
2026-01-19T04:05:53.1902219Z     💭 Reasoning: The form requires selecting a User Role. Clicking the '-- Select --' dropdown is the next logical step to populate this field.
2026-01-19T04:05:53.1903373Z ⚠️ Loop detected: same AI suggestion repeated 2 times. Moving to next step.
2026-01-19T04:05:53.1905087Z   ▶️ [STEP step_4] FILL: Password
2026-01-19T04:05:53.1956613Z     🔍 Mining locators for: 'Password'
2026-01-19T04:05:53.3080329Z     ✅ Found 1 verified locators
2026-01-19T04:05:58.7287695Z     ✅ State transitioned.
2026-01-19T04:05:58.7351239Z     🔄 Revisited state detected (count: 1)
2026-01-19T04:06:00.4121329Z [DEBUG] Sending request to gemini-2.0-flash. Number of parts: 2
2026-01-19T04:06:00.4121953Z [DEBUG] Received response (Length: 176)
2026-01-19T04:06:00.4122547Z     🤖 AI Next Step Suggestion: fill -> Confirm Password
2026-01-19T04:06:00.4123100Z     💭 Reasoning: Need to fill out the confirm password field to complete the form.
2026-01-19T04:06:00.4123634Z     ➕ Injected AI step: fill -> Confirm Password
2026-01-19T04:06:00.4124376Z   ▶️ [STEP step_4_ai_1] FILL: Confirm Password
2026-01-19T04:06:00.4184338Z     🔍 Mining locators for: 'Confirm Password'
2026-01-19T04:06:00.4697299Z     🧠 Consulting AI (Vision-First) to find 'Confirm Password'...
2026-01-19T04:06:00.4699070Z     🔍 Trying smart selectors for 'Confirm Password'...
2026-01-19T04:06:00.5344823Z     ⚠️ Smart selectors failed (no unique match). Falling back to AI Vision...
2026-01-19T04:06:00.5347423Z     🧠 [EXPERT] Strategy: Act as a Senior SDET focusing on SaaS platform stability and functional coverage. Focus on user onboarding flows and dashboard state transitions. Prioritize 'Sign Up', 'Upgrade', and navigation sidebar items as critical automation paths.
2026-01-19T04:06:05.8957965Z [DEBUG] Sending request to gemini-2.0-flash. Number of parts: 2
2026-01-19T04:06:05.8958396Z [DEBUG] Received response (Length: 676)
2026-01-19T04:06:05.8959005Z     🔄 Retry 1/3 mining locators for 'Confirm Password'...
2026-01-19T04:06:06.9536905Z     🧠 Consulting AI (Vision-First) to find 'Confirm Password'...
2026-01-19T04:06:06.9537548Z     🔍 Trying smart selectors for 'Confirm Password'...
2026-01-19T04:06:07.0177961Z     ⚠️ Smart selectors failed (no unique match). Falling back to AI Vision...
2026-01-19T04:06:07.0182242Z     🧠 [EXPERT] Strategy: Act as a Senior SDET focusing on SaaS platform stability and functional coverage. Focus on user onboarding flows and dashboard state transitions. Prioritize 'Sign Up', 'Upgrade', and navigation sidebar items as critical automation paths.
2026-01-19T04:06:11.2604139Z [DEBUG] Sending request to gemini-2.0-flash. Number of parts: 2
2026-01-19T04:06:11.2604691Z [DEBUG] Received response (Length: 650)
2026-01-19T04:06:11.2605414Z     🔄 Retry 2/3 mining locators for 'Confirm Password'...
2026-01-19T04:06:12.2617403Z     🗑️ Invalidating stale AI cache (retry 2)...
2026-01-19T04:06:12.2618599Z     ⚠️ Cache invalidation warning: No module named 'core.agents.domain_expert'
2026-01-19T04:06:12.3193285Z     🧠 Consulting AI (Vision-First) to find 'Confirm Password'...
2026-01-19T04:06:12.3194499Z     🔍 Trying smart selectors for 'Confirm Password'...
2026-01-19T04:06:12.3835467Z     ⚠️ Smart selectors failed (no unique match). Falling back to AI Vision...
2026-01-19T04:06:12.3839652Z     🧠 [EXPERT] Strategy: Act as a Senior SDET focusing on SaaS platform stability and functional coverage. Focus on user onboarding flows and dashboard state transitions. Prioritize 'Sign Up', 'Upgrade', and navigation sidebar items as critical automation paths.
2026-01-19T04:06:12.3927275Z [CACHE HIT] de76968e... (hits: 1, misses: 10)
2026-01-19T04:06:12.3928128Z     🧠 Verifying step validity for 'Confirm Password' after mining failure...
2026-01-19T04:06:15.2386698Z [DEBUG] Sending request to gemini-2.0-flash. Number of parts: 2
2026-01-19T04:06:15.2387549Z [DEBUG] Received response (Length: 218)
2026-01-19T04:06:15.2388468Z     🛠️ Self-Correction: Step is valid. Using new locator: input[name="confirmPassword"]
2026-01-19T04:06:20.7506278Z     ⚠️ Scroll into view failed for input[name="confirmPassword"]. Proceeding anyway.
2026-01-19T04:06:26.2519795Z     ⚠️ Action failed: Locator.click: Timeout 5000ms exceeded.
2026-01-19T04:06:26.2520262Z Call log:
2026-01-19T04:06:26.2520855Z ...
2026-01-19T04:06:27.8620100Z [DEBUG] Sending request to gemini-2.0-flash. Number of parts: 2
2026-01-19T04:06:27.8620963Z [DEBUG] Received response (Length: 245)
2026-01-19T04:06:27.8623380Z     ✨ AI Heal Reasoning: The element with the name 'confirmPassword' is an input field, which is appropriate for filling in the 'Confirm Password' field. It is also visible on the page.
2026-01-19T04:06:27.8626045Z     ✨ AI healed exploration action! New selector: input[name='confirmPassword']
2026-01-19T04:06:33.3687552Z     ⚠️ Scroll into view failed for input[name='confirmPassword']. Proceeding anyway.
2026-01-19T04:06:38.8710525Z   ▶️ [STEP step_5] CLICK: Login
2026-01-19T04:06:38.8774810Z     🔍 Mining locators for: 'Login'
2026-01-19T04:06:38.9360095Z     🧠 Consulting AI (Vision-First) to find 'Login'...
2026-01-19T04:06:38.9360894Z     🔍 Trying smart selectors for 'Login'...
2026-01-19T04:06:38.9778238Z     ⚠️ Smart selectors failed (no unique match). Falling back to AI Vision...
2026-01-19T04:06:38.9780092Z     🧠 [EXPERT] Strategy: Act as a Senior SDET focusing on SaaS platform stability and functional coverage. Focus on user onboarding flows and dashboard state transitions. Prioritize 'Sign Up', 'Upgrade', and navigation sidebar items as critical automation paths.
2026-01-19T04:06:40.4281355Z [DEBUG] Sending request to gemini-2.0-flash. Number of parts: 2
2026-01-19T04:06:40.4282144Z [DEBUG] Received response (Length: 296)
2026-01-19T04:06:40.4284631Z     💡 Expert Suggestion: Clicking on the user profile 'manda user' might reveal a 'Logout' or 'Login' option, or a link to the profile settings where login details can be managed.
2026-01-19T04:06:40.4285918Z     🛠️ Executing corrective action: click -> 'manda user'
2026-01-19T04:06:40.9985448Z     ✅ Executed corrective navigation
2026-01-19T04:06:43.0009170Z     🔄 Retry 1/3 mining locators for 'Login'...
2026-01-19T04:06:44.0504758Z     🧠 Consulting AI (Vision-First) to find 'Login'...
2026-01-19T04:06:44.0505534Z     🔍 Trying smart selectors for 'Login'...
2026-01-19T04:06:44.0971584Z     ⚠️ Smart selectors failed (no unique match). Falling back to AI Vision...
2026-01-19T04:06:44.0974884Z     🧠 [EXPERT] Strategy: Act as a Senior SDET focusing on SaaS platform stability and functional coverage. Focus on user onboarding flows and dashboard state transitions. Prioritize 'Sign Up', 'Upgrade', and navigation sidebar items as critical automation paths.
2026-01-19T04:06:45.9664822Z [DEBUG] Sending request to gemini-2.0-flash. Number of parts: 2
2026-01-19T04:06:45.9665491Z [DEBUG] Received response (Length: 291)
2026-01-19T04:06:45.9666146Z     ⚠️ Skipping duplicate injection: manda user
2026-01-19T04:06:45.9666565Z     🔄 Retry 2/3 mining locators for 'Login'...
2026-01-19T04:06:46.9678689Z     🗑️ Invalidating stale AI cache (retry 2)...
2026-01-19T04:06:46.9679907Z     ⚠️ Cache invalidation warning: No module named 'core.agents.domain_expert'
2026-01-19T04:06:47.0847538Z     🧠 Consulting AI (Vision-First) to find 'Login'...
2026-01-19T04:06:47.0848044Z     🔍 Trying smart selectors for 'Login'...
2026-01-19T04:06:47.1280711Z     ⚠️ Smart selectors failed (no unique match). Falling back to AI Vision...
2026-01-19T04:06:47.1284593Z     🧠 [EXPERT] Strategy: Act as a Senior SDET focusing on SaaS platform stability and functional coverage. Focus on user onboarding flows and dashboard state transitions. Prioritize 'Sign Up', 'Upgrade', and navigation sidebar items as critical automation paths.
2026-01-19T04:06:47.1287926Z [CACHE HIT] 60ff4072... (hits: 2, misses: 14)
2026-01-19T04:06:47.1288592Z     ⚠️ Skipping duplicate injection: manda user
2026-01-19T04:06:47.1289384Z     🧠 Verifying step validity for 'Login' after no candidates found...
2026-01-19T04:06:50.7067323Z [DEBUG] Sending request to gemini-2.0-flash. Number of parts: 2
2026-01-19T04:06:50.7067987Z [DEBUG] Received response (Length: 214)
2026-01-19T04:06:50.7069160Z     🗑️ Step deemed INVALID: The target element 'Login' does not exist on the 'Add User' page. The user is already logged in, and the page is for creating new users, not logging in.. Removing from workflow.
2026-01-19T04:06:50.7070346Z     ⏭️ Skipping execution of invalid step: Login
2026-01-19T04:06:50.7070710Z   ▶️ [STEP step_6] ASSERT_VISIBLE: Dashboard
2026-01-19T04:06:50.7130861Z     🔍 Mining locators for: 'Dashboard'
2026-01-19T04:06:50.7845606Z     ✅ Found 2 verified locators
2026-01-19T04:06:53.3197379Z     ✅ State transitioned.
2026-01-19T04:06:53.3264748Z     🔄 Revisited state detected (count: 2)
2026-01-19T04:06:55.7257694Z [DEBUG] Sending request to gemini-2.0-flash. Number of parts: 2
2026-01-19T04:06:55.7258718Z [DEBUG] Received response (Length: 281)
2026-01-19T04:06:55.7259670Z     🤖 AI Next Step Suggestion: fill -> Confirm Password
2026-01-19T04:06:55.7260498Z     🧩 Suggested Locator: input[name="confirmPassword"]
2026-01-19T04:06:55.7262095Z     💭 Reasoning: The 'Confirm Password' field failed in the previous step. It needs to be filled with a valid password to match the 'Password' field.
2026-01-19T04:06:55.7263759Z ⚠️ Loop detected: same AI suggestion repeated 2 times. Moving to next step.
2026-01-19T04:06:55.7264895Z   ▶️ [STEP step_7] CLICK: PIM
2026-01-19T04:06:55.7323300Z     🔍 Mining locators for: 'PIM'
2026-01-19T04:06:55.7985278Z     ✅ Found 2 verified locators
2026-01-19T04:06:59.3735906Z     ✅ State transitioned.
2026-01-19T04:07:01.3012316Z [DEBUG] Sending request to gemini-2.0-flash. Number of parts: 2
2026-01-19T04:07:01.3013109Z [DEBUG] Received response (Length: 216)
2026-01-19T04:07:01.3014222Z     🤖 AI Next Step Suggestion: click -> Add
2026-01-19T04:07:01.3014888Z     🧩 Suggested Locator: text: Add
2026-01-19T04:07:01.3016125Z     💭 Reasoning: The goal is to test HR management features. The current page is the employee list. To add a new employee, click the 'Add' button.
2026-01-19T04:07:01.3016867Z     ➕ Injected AI step: click -> Add
2026-01-19T04:07:01.3017194Z   ▶️ [STEP step_7_ai_1] CLICK: Add
2026-01-19T04:07:01.3200589Z     🎯 Using AI-provided locator: text: Add
2026-01-19T04:07:01.3217556Z     🔍 Mining locators for: 'Add'
2026-01-19T04:07:01.7957558Z     ✅ Found 2 verified locators
2026-01-19T04:07:05.3579805Z     ✅ State transitioned.
2026-01-19T04:07:06.7920739Z [DEBUG] Sending request to gemini-2.0-flash. Number of parts: 2
2026-01-19T04:07:06.7921680Z [DEBUG] Received response (Length: 176)
2026-01-19T04:07:06.7922680Z     🤖 AI Next Step Suggestion: fill -> First Name
2026-01-19T04:07:06.7923717Z     🧩 Suggested Locator: input[name='firstName']
2026-01-19T04:07:06.7925207Z     💭 Reasoning: The form requires a first name to add an employee.
2026-01-19T04:07:06.7926335Z     ➕ Injected AI step: fill -> First Name
2026-01-19T04:07:06.7927171Z   ▶️ [STEP step_7_ai_2] FILL: First Name
2026-01-19T04:07:06.8085950Z     🎯 Using AI-provided locator: input[name='firstName']
2026-01-19T04:07:06.8160471Z     ✅ Found 1 verified locators
2026-01-19T04:07:12.2358491Z     ✅ State transitioned.
2026-01-19T04:07:13.7532217Z [DEBUG] Sending request to gemini-2.0-flash. Number of parts: 2
2026-01-19T04:07:13.7533336Z [DEBUG] Received response (Length: 179)
2026-01-19T04:07:13.7534831Z     🤖 AI Next Step Suggestion: fill -> Middle Name
2026-01-19T04:07:13.7536010Z     🧩 Suggested Locator: input[name='middleName']
2026-01-19T04:07:13.7537734Z     💭 Reasoning: Filling the middle name field to complete the form.
2026-01-19T04:07:13.7539000Z     ➕ Injected AI step: fill -> Middle Name
2026-01-19T04:07:13.7539964Z   ▶️ [STEP step_7_ai_3] FILL: Middle Name
2026-01-19T04:07:13.7602417Z     🎯 Using AI-provided locator: input[name='middleName']
2026-01-19T04:07:13.7672600Z     ✅ Found 1 verified locators
2026-01-19T04:07:19.3385552Z     ✅ State transitioned.
2026-01-19T04:07:21.3038921Z [DEBUG] Sending request to gemini-2.0-flash. Number of parts: 2
2026-01-19T04:07:21.3039756Z [DEBUG] Received response (Length: 227)
2026-01-19T04:07:21.3040679Z     🤖 AI Next Step Suggestion: fill -> Last Name
2026-01-19T04:07:21.3041540Z     🧩 Suggested Locator: input[name='lastName']
2026-01-19T04:07:21.3043514Z     💭 Reasoning: The 'Add Employee' form requires 'Last Name'. Filling it is the next logical step to complete the form.
2026-01-19T04:07:21.3045255Z     ➕ Injected AI step: fill -> Last Name
2026-01-19T04:07:21.3046056Z   ▶️ [STEP step_7_ai_4] FILL: Last Name
2026-01-19T04:07:21.3105346Z     🎯 Using AI-provided locator: input[name='lastName']
2026-01-19T04:07:21.3166014Z     ✅ Found 1 verified locators
2026-01-19T04:07:26.6424811Z     ✅ State transitioned.
2026-01-19T04:07:28.1412064Z [DEBUG] Sending request to gemini-2.0-flash. Number of parts: 2
2026-01-19T04:07:28.1412916Z [DEBUG] Received response (Length: 176)
2026-01-19T04:07:28.1414203Z     🤖 AI Next Step Suggestion: fill -> Employee Id
2026-01-19T04:07:28.1415061Z     🧩 Suggested Locator: input[name='employeeId']
2026-01-19T04:07:28.1416013Z     💭 Reasoning: Fill the employee id field to complete the form.
2026-01-19T04:07:28.1416817Z     ➕ Injected AI step: fill -> Employee Id
2026-01-19T04:07:28.1417296Z   ▶️ [STEP step_7_ai_5] FILL: Employee Id
2026-01-19T04:07:28.1478423Z     🎯 Using AI-provided locator: input[name='employeeId']
2026-01-19T04:07:28.1496701Z     🔍 Mining locators for: 'Employee Id'
2026-01-19T04:07:28.1990777Z     🧠 Consulting AI (Vision-First) to find 'Employee Id'...
2026-01-19T04:07:28.1991409Z     🔍 Trying smart selectors for 'Employee Id'...
2026-01-19T04:07:28.2559522Z     ⚠️ Smart selectors failed (no unique match). Falling back to AI Vision...
2026-01-19T04:07:28.2561502Z     🧠 [EXPERT] Strategy: Act as a Senior SDET focusing on SaaS platform stability and functional coverage. Focus on user onboarding flows and dashboard state transitions. Prioritize 'Sign Up', 'Upgrade', and navigation sidebar items as critical automation paths.
2026-01-19T04:07:33.4619568Z [DEBUG] Sending request to gemini-2.0-flash. Number of parts: 2
2026-01-19T04:07:33.4620228Z [DEBUG] Received response (Length: 386)
2026-01-19T04:07:33.4620914Z     ⚠️ Critical step failure: 'priority'
2026-01-19T04:07:33.4621361Z   ▶️ [STEP step_8] ASSERT_URL: 
2026-01-19T04:07:38.4773469Z     ⚠️ Scroll into view failed for text=None. Proceeding anyway.
2026-01-19T04:07:40.4797004Z     ✅ State transitioned.
2026-01-19T04:07:40.4861041Z     🔄 Revisited state detected (count: 1)
2026-01-19T04:07:41.9401228Z [DEBUG] Sending request to gemini-2.0-flash. Number of parts: 2
2026-01-19T04:07:41.9402008Z [DEBUG] Received response (Length: 189)
2026-01-19T04:07:41.9403056Z     🤖 AI Next Step Suggestion: fill -> Last Name
2026-01-19T04:07:41.9403863Z     🧩 Suggested Locator: input[name='lastName']
2026-01-19T04:07:41.9405257Z     💭 Reasoning: Fill in the last name field to complete the employee's full name.
2026-01-19T04:07:41.9406107Z     ➕ Injected AI step: fill -> Last Name
2026-01-19T04:07:41.9406560Z   ▶️ [STEP step_8_ai_1] FILL: Last Name
2026-01-19T04:07:41.9458593Z     🎯 Using AI-provided locator: input[name='lastName']
2026-01-19T04:07:41.9514057Z     ✅ Found 1 verified locators
2026-01-19T04:07:47.4502803Z     ✅ State transitioned.
2026-01-19T04:07:47.4569606Z     🔄 Revisited state detected (count: 2)
2026-01-19T04:07:49.3196573Z [DEBUG] Sending request to gemini-2.0-flash. Number of parts: 2
2026-01-19T04:07:49.3197620Z [DEBUG] Received response (Length: 263)
2026-01-19T04:07:49.3199123Z     🤖 AI Next Step Suggestion: fill -> Last Name
2026-01-19T04:07:49.3200277Z     🧩 Suggested Locator: input[name='lastName']
2026-01-19T04:07:49.3202664Z     💭 Reasoning: The last action was filling the last name, but it seems like it didn't register correctly. I'm refilling it to ensure the form is complete.
2026-01-19T04:07:49.3205434Z ⚠️ Loop detected: same AI suggestion repeated 2 times. Moving to next step.
2026-01-19T04:07:49.3206716Z   ▶️ [STEP step_9] CLICK: Add
2026-01-19T04:07:49.3271907Z     🔍 Mining locators for: 'Add'
2026-01-19T04:07:49.4016720Z     ✅ Found 2 verified locators
2026-01-19T04:07:52.9548362Z     ✅ State transitioned.
2026-01-19T04:07:52.9930595Z     🔄 Revisited state detected (count: 3)
2026-01-19T04:07:52.9931543Z     ⚠️ Too many revisits (3). Stopping AI step injection to prevent loops.
2026-01-19T04:07:52.9932448Z   ▶️ [STEP step_10] ASSERT_VISIBLE: Add Employee
2026-01-19T04:07:53.0086274Z     🔍 Mining locators for: 'Add Employee'
2026-01-19T04:07:53.1022801Z     ✅ Found 2 verified locators
2026-01-19T04:07:55.6322050Z     ✅ State transitioned.
2026-01-19T04:07:57.0861658Z [DEBUG] Sending request to gemini-2.0-flash. Number of parts: 2
2026-01-19T04:07:57.0862368Z [DEBUG] Received response (Length: 182)
2026-01-19T04:07:57.0863198Z     🤖 AI Next Step Suggestion: fill -> First Name
2026-01-19T04:07:57.0863795Z     🧩 Suggested Locator: input[name='firstName']
2026-01-19T04:07:57.0864529Z     💭 Reasoning: Need to fill the first name field to create an employee.
2026-01-19T04:07:57.0865009Z     ➕ Injected AI step: fill -> First Name
2026-01-19T04:07:57.0865375Z   ▶️ [STEP step_10_ai_1] FILL: First Name
2026-01-19T04:07:57.0922219Z     🎯 Using AI-provided locator: input[name='firstName']
2026-01-19T04:07:57.0981398Z     ✅ Found 1 verified locators
2026-01-19T04:08:02.6817723Z     ✅ State transitioned.
2026-01-19T04:08:02.6886412Z     🔄 Revisited state detected (count: 1)
2026-01-19T04:08:03.9568139Z [DEBUG] Sending request to gemini-2.0-flash. Number of parts: 2
2026-01-19T04:08:03.9568923Z [DEBUG] Received response (Length: 179)
2026-01-19T04:08:03.9569541Z     🤖 AI Next Step Suggestion: fill -> Middle Name
2026-01-19T04:08:03.9569933Z     🧩 Suggested Locator: input[name='middleName']
2026-01-19T04:08:03.9572021Z     💭 Reasoning: Filling the middle name field to complete the form.
2026-01-19T04:08:03.9573077Z     ➕ Injected AI step: fill -> Middle Name
2026-01-19T04:08:03.9573854Z   ▶️ [STEP step_10_ai_2] FILL: Middle Name
2026-01-19T04:08:03.9626287Z     🎯 Using AI-provided locator: input[name='middleName']
2026-01-19T04:08:03.9684095Z     ✅ Found 1 verified locators
2026-01-19T04:08:09.6041457Z     ✅ State transitioned.
2026-01-19T04:08:09.6106906Z     🔄 Revisited state detected (count: 2)
2026-01-19T04:08:10.8792732Z [DEBUG] Sending request to gemini-2.0-flash. Number of parts: 2
2026-01-19T04:08:10.8793471Z [DEBUG] Received response (Length: 217)
2026-01-19T04:08:10.8794422Z     🤖 AI Next Step Suggestion: fill -> Last Name
2026-01-19T04:08:10.8794837Z     🧩 Suggested Locator: input[name='lastName']
2026-01-19T04:08:10.8795469Z     💭 Reasoning: The 'Last Name' field is visible and needs to be filled to complete the employee information.
2026-01-19T04:08:10.8796013Z     ➕ Injected AI step: fill -> Last Name
2026-01-19T04:08:10.8796338Z   ▶️ [STEP step_10_ai_3] FILL: Last Name
2026-01-19T04:08:10.8857176Z     🎯 Using AI-provided locator: input[name='lastName']
2026-01-19T04:08:10.8910134Z     ✅ Found 1 verified locators
2026-01-19T04:08:16.5373665Z     ✅ State transitioned.
2026-01-19T04:08:16.5434994Z     🔄 Revisited state detected (count: 3)
2026-01-19T04:08:16.5435934Z     ⚠️ Too many revisits (3). Stopping AI step injection to prevent loops.
2026-01-19T04:08:16.5436496Z   ▶️ [STEP step_11] FILL: First Name
2026-01-19T04:08:16.5485527Z     🔍 Mining locators for: 'First Name'
2026-01-19T04:08:16.6101949Z     ✅ Found 3 verified locators
2026-01-19T04:08:22.5730481Z     ✅ State transitioned.
2026-01-19T04:08:24.1560278Z [DEBUG] Sending request to gemini-2.0-flash. Number of parts: 2
2026-01-19T04:08:24.1561082Z [DEBUG] Received response (Length: 237)
2026-01-19T04:08:24.1561892Z     🤖 AI Next Step Suggestion: fill -> Last Name
2026-01-19T04:08:24.1562395Z     🧩 Suggested Locator: input[name='lastName']
2026-01-19T04:08:24.1563087Z     💭 Reasoning: The first and middle names have been filled. Filling the last name is the next logical step to complete the form.
2026-01-19T04:08:24.1563818Z ⚠️ Loop detected: same AI suggestion repeated 2 times. Moving to next step.
2026-01-19T04:08:24.1564481Z   ▶️ [STEP step_12] FILL: Last Name
2026-01-19T04:08:24.1618792Z     🔍 Mining locators for: 'Last Name'
2026-01-19T04:08:24.2285842Z     ✅ Found 3 verified locators
2026-01-19T04:08:30.6086840Z     ✅ State transitioned.
2026-01-19T04:08:32.3721187Z [DEBUG] Sending request to gemini-2.0-flash. Number of parts: 2
2026-01-19T04:08:32.3722028Z [DEBUG] Received response (Length: 215)
2026-01-19T04:08:32.3722949Z     🤖 AI Next Step Suggestion: FILL -> Last Name
2026-01-19T04:08:32.3723814Z     🧩 Suggested Locator: input[name='lastName']
2026-01-19T04:08:32.3725249Z     💭 Reasoning: The last name field is visible and needs to be filled to complete the employee information.
2026-01-19T04:08:32.3726498Z     ⚠️ Skipping duplicate AI suggestion (just executed): ('fill', 'last name')
2026-01-19T04:08:32.3727025Z   ▶️ [STEP step_13] CLICK: Save
2026-01-19T04:08:32.3779019Z     🔍 Mining locators for: 'Save'
2026-01-19T04:08:32.4403015Z     ✅ Found 2 verified locators
2026-01-19T04:08:35.9890942Z     ✅ State transitioned.
2026-01-19T04:08:35.9955158Z     🔄 Revisited state detected (count: 1)
2026-01-19T04:08:37.7520035Z [DEBUG] Sending request to gemini-2.0-flash. Number of parts: 2
2026-01-19T04:08:37.7520721Z [DEBUG] Received response (Length: 170)
2026-01-19T04:08:37.7521587Z     🤖 AI Next Step Suggestion: fill -> Last Name
2026-01-19T04:08:37.7522077Z     🧩 Suggested Locator: input[name='lastName']
2026-01-19T04:08:37.7522544Z     💭 Reasoning: Fill the last name field to complete the form.
2026-01-19T04:08:37.7523022Z     ➕ Injected AI step: fill -> Last Name
2026-01-19T04:08:37.7523389Z   ▶️ [STEP step_13_ai_1] FILL: Last Name
2026-01-19T04:08:37.7579308Z     🎯 Using AI-provided locator: input[name='lastName']
2026-01-19T04:08:37.7640777Z     ✅ Found 1 verified locators
2026-01-19T04:08:47.3192167Z     ✅ State transitioned.
2026-01-19T04:08:48.9858352Z [DEBUG] Sending request to gemini-2.0-flash. Number of parts: 2
2026-01-19T04:08:48.9859184Z [DEBUG] Received response (Length: 198)
2026-01-19T04:08:48.9860133Z     🤖 AI Next Step Suggestion: click -> Save
2026-01-19T04:08:48.9861660Z     💭 Reasoning: The first name, middle name, and last name have been filled. Clicking save will persist the changes.
2026-01-19T04:08:48.9863074Z     ➕ Injected AI step: click -> Save
2026-01-19T04:08:48.9863868Z   ▶️ [STEP step_13_ai_2] CLICK: Save
2026-01-19T04:08:48.9923396Z     🔍 Mining locators for: 'Save'
2026-01-19T04:08:49.0869315Z     ✅ Found 2 verified locators
2026-01-19T04:08:52.6509638Z     ✅ State transitioned.
2026-01-19T04:08:54.5176219Z [DEBUG] Sending request to gemini-2.0-flash. Number of parts: 2
2026-01-19T04:08:54.5176995Z [DEBUG] Received response (Length: 358)
2026-01-19T04:08:54.5177899Z     🤖 AI Next Step Suggestion: done -> N/A
2026-01-19T04:08:54.5181790Z     💭 Reasoning: The 'Success Successfully Updated' message indicates that the personal details have been saved. There are no immediate actions to take on this page to further the goal of testing HR management features. Moving to another section or creating a new employee would be the next logical step, but that requires navigation.
2026-01-19T04:08:54.5185359Z   ▶️ [STEP step_14] ASSERT_VISIBLE: Personal Details
2026-01-19T04:08:54.5246527Z     🔍 Mining locators for: 'Personal Details'
2026-01-19T04:08:54.6251482Z     ✅ Found 3 verified locators
2026-01-19T04:08:57.1468330Z     ✅ State transitioned.
2026-01-19T04:08:57.1544886Z     🔄 Revisited state detected (count: 1)
2026-01-19T04:08:59.4691365Z [DEBUG] Sending request to gemini-2.0-flash. Number of parts: 2
2026-01-19T04:08:59.4692129Z [DEBUG] Received response (Length: 272)
2026-01-19T04:08:59.4693009Z     🤖 AI Next Step Suggestion: click -> Save
2026-01-19T04:08:59.4693370Z     🧩 Suggested Locator: text=Save
2026-01-19T04:08:59.4694630Z     💭 Reasoning: The form has been partially filled (first and last name). Clicking 'Save' will persist the data and potentially reveal any validation errors or further steps in the HR management flow.
2026-01-19T04:08:59.4695652Z ⚠️ Loop detected: same AI suggestion repeated 2 times. Moving to next step.
2026-01-19T04:09:01.5134484Z 
2026-01-19T04:09:01.5135039Z [2/3] Exploring Scenario: HR Management - Leave Request
2026-01-19T04:09:01.5136267Z     🧠 Initialized exploration context for goal: 'Test HR management features'
2026-01-19T04:09:01.5137160Z   ▶️ [STEP step_1] NAVIGATE: 
2026-01-19T04:09:04.4381874Z     ✅ Navigated to https://opensource-demo.orangehrmlive.com/
2026-01-19T04:09:04.4382732Z   ▶️ [STEP step_2] FILL: Username
2026-01-19T04:09:04.4548775Z     🔍 Mining locators for: 'Username'
2026-01-19T04:09:04.4909875Z     🧠 Consulting AI (Vision-First) to find 'Username'...
2026-01-19T04:09:04.4910681Z     🔍 Trying smart selectors for 'Username'...
2026-01-19T04:09:04.5301020Z     ⚠️ Smart selectors failed (no unique match). Falling back to AI Vision...
2026-01-19T04:09:04.5302717Z     🧠 [EXPERT] Strategy: Act as a Senior SDET focusing on SaaS platform stability and functional coverage. Focus on user onboarding flows and dashboard state transitions. Prioritize 'Sign Up', 'Upgrade', and navigation sidebar items as critical automation paths.
2026-01-19T04:09:05.8859330Z [DEBUG] Sending request to gemini-2.0-flash. Number of parts: 2
2026-01-19T04:09:05.8859763Z [DEBUG] Received response (Length: 206)
2026-01-19T04:09:05.8860549Z     💡 Expert Suggestion: The 'Username' field is typically found during the sign-up process.
2026-01-19T04:09:05.8861110Z     🛠️ Executing corrective action: click -> 'Sign Up'
2026-01-19T04:09:05.9280462Z     🔄 Retry 1/3 mining locators for 'Username'...
2026-01-19T04:09:06.9835416Z     ✅ Found 5 verified locators
2026-01-19T04:09:11.8467188Z     ✅ State transitioned.
2026-01-19T04:09:11.8952381Z [CACHE HIT] 2a5dfe92... (hits: 3, misses: 34)
2026-01-19T04:09:11.8953363Z     🤖 AI Next Step Suggestion: fill -> Password
2026-01-19T04:09:11.8954292Z     🧩 Suggested Locator: input[name='password']
2026-01-19T04:09:11.8955358Z     💭 Reasoning: The username has been filled. Now filling the password field to proceed with login.
2026-01-19T04:09:11.8956322Z     ➕ Injected AI step: fill -> Password
2026-01-19T04:09:11.8956882Z   ▶️ [STEP step_2_ai_1] FILL: Password
2026-01-19T04:09:11.9005845Z     🎯 Using AI-provided locator: input[name='password']
2026-01-19T04:09:11.9064785Z     ✅ Found 1 verified locators
2026-01-19T04:09:17.3898586Z     ✅ State transitioned.
2026-01-19T04:09:17.4273025Z [CACHE HIT] cc78f28e... (hits: 4, misses: 34)
2026-01-19T04:09:17.4274402Z     🤖 AI Next Step Suggestion: click -> Login
2026-01-19T04:09:17.4276679Z     🧩 Suggested Locator: button
2026-01-19T04:09:17.4277953Z     💭 Reasoning: Now that the username and password have been entered, the next step is to click the Login button to access the HR management features.
2026-01-19T04:09:17.4279148Z     ➕ Injected AI step: click -> Login
2026-01-19T04:09:17.4279606Z   ▶️ [STEP step_2_ai_2] CLICK: Login
2026-01-19T04:09:17.4327568Z     🎯 Using AI-provided locator: button
2026-01-19T04:09:17.4381092Z     ✅ Found 1 verified locators
2026-01-19T04:09:21.4810052Z     ✅ State transitioned.
2026-01-19T04:09:26.2667192Z [DEBUG] Sending request to gemini-2.0-flash. Number of parts: 2
2026-01-19T04:09:26.2668031Z [DEBUG] Received response (Length: 212)
2026-01-19T04:09:26.2668965Z     🤖 AI Next Step Suggestion: navigate -> Admin
2026-01-19T04:09:26.2670574Z     🧩 Suggested Locator: a[href*='/web/index.php/admin/viewAdminModule']
2026-01-19T04:09:26.2671962Z     💭 Reasoning: Navigating to the Admin module to explore HR management features.
2026-01-19T04:09:26.2673343Z     ➕ Injected AI step: navigate -> Admin
2026-01-19T04:09:26.2674368Z   ▶️ [STEP step_2_ai_3] NAVIGATE: Admin
2026-01-19T04:09:26.7843079Z     ❌ Navigation failed to Admin: Page.goto: Protocol error (Page.navigate): Cannot navigate to invalid URL
2026-01-19T04:09:26.7844589Z Call log:
2026-01-19T04:09:26.7845245Z   - navigating to "Admin", waiting until "domcontentloaded"
2026-01-19T04:09:26.7845845Z 
2026-01-19T04:09:26.7846793Z     ⚠️ Critical step failure: Page.goto: Protocol error (Page.navigate): Cannot navigate to invalid URL
2026-01-19T04:09:26.7847957Z Call log:
2026-01-19T04:09:26.7848367Z   - navigating t
2026-01-19T04:09:26.7848954Z   ▶️ [STEP step_3] FILL: Password
2026-01-19T04:09:26.7904440Z     🔍 Mining locators for: 'Password'
2026-01-19T04:09:26.8114578Z     🧠 Consulting AI (Vision-First) to find 'Password'...
2026-01-19T04:09:26.8115404Z     🔍 Trying smart selectors for 'Password'...
2026-01-19T04:09:26.8487349Z     ⚠️ Smart selectors failed (no unique match). Falling back to AI Vision...
2026-01-19T04:09:26.8489871Z     🧠 [EXPERT] Strategy: Act as a Senior SDET focusing on SaaS platform stability and functional coverage. Focus on user onboarding flows and dashboard state transitions. Prioritize 'Sign Up', 'Upgrade', and navigation sidebar items as critical automation paths.
2026-01-19T04:09:31.2697754Z [DEBUG] Sending request to gemini-2.0-flash. Number of parts: 2
2026-01-19T04:09:31.2698679Z [DEBUG] Received response (Length: 220)
2026-01-19T04:09:31.2699718Z     💡 Expert Suggestion: Password settings are typically found under the 'Settings' or 'Account' section.
2026-01-19T04:09:31.2700580Z     🛠️ Executing corrective action: click -> 'Settings'
2026-01-19T04:09:31.3445240Z     🔄 Retry 1/3 mining locators for 'Password'...
2026-01-19T04:09:32.4276889Z     🧠 Consulting AI (Vision-First) to find 'Password'...
2026-01-19T04:09:32.4277659Z     🔍 Trying smart selectors for 'Password'...
2026-01-19T04:09:32.4678908Z     ⚠️ Smart selectors failed (no unique match). Falling back to AI Vision...
2026-01-19T04:09:32.4680512Z     🧠 [EXPERT] Strategy: Act as a Senior SDET focusing on SaaS platform stability and functional coverage. Focus on user onboarding flows and dashboard state transitions. Prioritize 'Sign Up', 'Upgrade', and navigation sidebar items as critical automation paths.
2026-01-19T04:09:36.8685624Z [DEBUG] Sending request to gemini-2.0-flash. Number of parts: 2
2026-01-19T04:09:36.8686403Z [DEBUG] Received response (Length: 227)
2026-01-19T04:09:36.8687528Z     💡 Expert Suggestion: Password settings are typically found under 'My Info' or a similar user profile section.
2026-01-19T04:09:36.8688480Z     🛠️ Executing corrective action: click -> 'My Info'
2026-01-19T04:09:44.3431049Z     🔄 Retry 2/3 mining locators for 'Password'...
2026-01-19T04:09:45.3444588Z     🗑️ Invalidating stale AI cache (retry 2)...
2026-01-19T04:09:45.3445725Z     ⚠️ Cache invalidation warning: No module named 'core.agents.domain_expert'
2026-01-19T04:09:45.3724587Z     🧠 Consulting AI (Vision-First) to find 'Password'...
2026-01-19T04:09:45.3725219Z     🔍 Trying smart selectors for 'Password'...
2026-01-19T04:09:45.4100493Z     ⚠️ Smart selectors failed (no unique match). Falling back to AI Vision...
2026-01-19T04:09:45.4103561Z     🧠 [EXPERT] Strategy: Act as a Senior SDET focusing on SaaS platform stability and functional coverage. Focus on user onboarding flows and dashboard state transitions. Prioritize 'Sign Up', 'Upgrade', and navigation sidebar items as critical automation paths.
2026-01-19T04:09:45.4105896Z [CACHE HIT] a08917ab... (hits: 5, misses: 37)
2026-01-19T04:09:45.4106817Z     ⚠️ Skipping duplicate injection: Settings
2026-01-19T04:09:45.4107848Z     🧠 Verifying step validity for 'Password' after no candidates found...
2026-01-19T04:09:46.8252700Z [DEBUG] Sending request to gemini-2.0-flash. Number of parts: 2
2026-01-19T04:09:46.8253413Z [DEBUG] Received response (Length: 267)
2026-01-19T04:09:46.8256397Z     🗑️ Step deemed INVALID: The screenshot is completely blank, so it's impossible to determine if 'Password' exists on the page or to provide a valid CSS selector. It's likely the page didn't load correctly or the screenshot failed.. Removing from workflow.
2026-01-19T04:09:46.8258581Z     ⏭️ Skipping execution of invalid step: Password
2026-01-19T04:09:46.8259242Z   ▶️ [STEP step_4] CLICK: Login
2026-01-19T04:09:46.8315788Z     🔍 Mining locators for: 'Login'
2026-01-19T04:09:46.8948989Z     🧠 Consulting AI (Vision-First) to find 'Login'...
2026-01-19T04:09:46.8949618Z     🔍 Trying smart selectors for 'Login'...
2026-01-19T04:09:46.9368959Z     ⚠️ Smart selectors failed (no unique match). Falling back to AI Vision...
2026-01-19T04:09:46.9370680Z     🧠 [EXPERT] Strategy: Act as a Senior SDET focusing on SaaS platform stability and functional coverage. Focus on user onboarding flows and dashboard state transitions. Prioritize 'Sign Up', 'Upgrade', and navigation sidebar items as critical automation paths.
2026-01-19T04:09:52.0427138Z [DEBUG] Sending request to gemini-2.0-flash. Number of parts: 2
2026-01-19T04:09:52.0428128Z [DEBUG] Received response (Length: 212)
2026-01-19T04:09:52.0429689Z     💡 Expert Suggestion: The 'Login' option is typically found under the user profile dropdown.
2026-01-19T04:09:52.0431035Z     🛠️ Executing corrective action: click -> 'manda user'
2026-01-19T04:09:52.6431504Z     ✅ Executed corrective navigation
2026-01-19T04:09:54.6455004Z     🔄 Retry 1/3 mining locators for 'Login'...
2026-01-19T04:09:55.7602551Z     🧠 Consulting AI (Vision-First) to find 'Login'...
2026-01-19T04:09:55.7603338Z     🔍 Trying smart selectors for 'Login'...
2026-01-19T04:09:55.8005063Z     ⚠️ Smart selectors failed (no unique match). Falling back to AI Vision...
2026-01-19T04:09:55.8007544Z     🧠 [EXPERT] Strategy: Act as a Senior SDET focusing on SaaS platform stability and functional coverage. Focus on user onboarding flows and dashboard state transitions. Prioritize 'Sign Up', 'Upgrade', and navigation sidebar items as critical automation paths.
2026-01-19T04:09:57.5342828Z [DEBUG] Sending request to gemini-2.0-flash. Number of parts: 2
2026-01-19T04:09:57.5343357Z [DEBUG] Received response (Length: 338)
2026-01-19T04:09:57.5345186Z     💡 Expert Suggestion: The 'Logout' option under the 'manda user' dropdown is the closest equivalent to a 'Login' button, as it allows the user to exit the current session, which would then require a login to re-enter.
2026-01-19T04:09:57.5348666Z     🛠️ Executing corrective action: click -> 'manda user▼'
2026-01-19T04:09:57.6106147Z     🔄 Retry 2/3 mining locators for 'Login'...
2026-01-19T04:09:58.6119306Z     🗑️ Invalidating stale AI cache (retry 2)...
2026-01-19T04:09:58.6120422Z     ⚠️ Cache invalidation warning: No module named 'core.agents.domain_expert'
2026-01-19T04:09:58.6775478Z     🧠 Consulting AI (Vision-First) to find 'Login'...
2026-01-19T04:09:58.6776574Z     🔍 Trying smart selectors for 'Login'...
2026-01-19T04:09:58.7181533Z     ⚠️ Smart selectors failed (no unique match). Falling back to AI Vision...
2026-01-19T04:09:58.7183250Z     🧠 [EXPERT] Strategy: Act as a Senior SDET focusing on SaaS platform stability and functional coverage. Focus on user onboarding flows and dashboard state transitions. Prioritize 'Sign Up', 'Upgrade', and navigation sidebar items as critical automation paths.
2026-01-19T04:09:58.7186899Z [CACHE HIT] fac97281... (hits: 6, misses: 40)
2026-01-19T04:09:58.7187669Z     ⚠️ Skipping duplicate injection: manda user▼
2026-01-19T04:09:58.7188267Z     🧠 Verifying step validity for 'Login' after no candidates found...
2026-01-19T04:11:04.6847345Z [DEBUG] Sending request to gemini-2.0-flash. Number of parts: 2
2026-01-19T04:11:04.6850020Z [DEBUG] LLM Error: 429 RESOURCE_EXHAUSTED. {'error': {'code': 429, 'message': 'Resource exhausted. Please try again later. Please refer to https://cloud.google.com/vertex-ai/generative-ai/docs/error-code-429 for more details.', 'status': 'RESOURCE_EXHAUSTED'}}
2026-01-19T04:11:04.6853301Z ⚠️ 429 Rate Limit Hit. Cooling down for 60s...
2026-01-19T04:11:04.6854711Z [DEBUG] Sending request to gemini-2.0-flash. Number of parts: 2
2026-01-19T04:11:04.6855612Z [DEBUG] Received response (Length: 240)
2026-01-19T04:11:04.6858275Z     🗑️ Step deemed INVALID: The 'Login' button is not present on the current page. The user is already logged in and viewing their personal details. The 'Logout' option is available under the user dropdown.. Removing from workflow.
2026-01-19T04:11:04.6860573Z     ⏭️ Skipping execution of invalid step: Login
2026-01-19T04:11:04.6861261Z   ▶️ [STEP step_5] CLICK: Leave
2026-01-19T04:11:04.6915267Z     🔍 Mining locators for: 'Leave'
2026-01-19T04:11:04.7760997Z     ✅ Found 2 verified locators
2026-01-19T04:11:08.3639957Z     ✅ State transitioned.
2026-01-19T04:11:10.0616117Z [DEBUG] Sending request to gemini-2.0-flash. Number of parts: 2
2026-01-19T04:11:10.0616900Z [DEBUG] Received response (Length: 216)
2026-01-19T04:11:10.0617754Z     🤖 AI Next Step Suggestion: click -> Search
2026-01-19T04:11:10.0618427Z     🧩 Suggested Locator: button[type='submit']
2026-01-19T04:11:10.0619600Z     💭 Reasoning: The page is on the Leave List page, and the dates are already filled in. Clicking search will show the leave list.
2026-01-19T04:11:10.0620790Z     ➕ Injected AI step: click -> Search
2026-01-19T04:11:10.0621359Z   ▶️ [STEP step_5_ai_1] CLICK: Search
2026-01-19T04:11:10.0773787Z     🎯 Using AI-provided locator: button[type='submit']
2026-01-19T04:11:10.0834255Z     ✅ Found 1 verified locators
2026-01-19T04:11:14.1617435Z     ✅ State transitioned.
2026-01-19T04:11:17.2766343Z [DEBUG] Sending request to gemini-2.0-flash. Number of parts: 2
2026-01-19T04:11:17.2767675Z [DEBUG] Received response (Length: 314)
2026-01-19T04:11:17.2769080Z     🤖 AI Next Step Suggestion: click -> Search
2026-01-19T04:11:17.2770452Z     🧩 Suggested Locator: button[type='submit']
2026-01-19T04:11:17.2774294Z     💭 Reasoning: After landing on the Leave page, the next logical step is to search for leave records. Since the page shows 'No Records Found', clicking 'Search' will initiate a search with the default or any specified criteria.
2026-01-19T04:11:17.2777776Z ⚠️ Loop detected: same AI suggestion repeated 2 times. Moving to next step.
2026-01-19T04:11:17.2779050Z   ▶️ [STEP step_6] ASSERT_URL: 
2026-01-19T04:11:22.2946408Z     ⚠️ Scroll into view failed for text=None. Proceeding anyway.
2026-01-19T04:11:24.2969788Z     ✅ State transitioned.
2026-01-19T04:11:24.3037609Z     🔄 Revisited state detected (count: 1)
2026-01-19T04:11:26.0666384Z [DEBUG] Sending request to gemini-2.0-flash. Number of parts: 2
2026-01-19T04:11:26.0667289Z [DEBUG] Received response (Length: 227)
2026-01-19T04:11:26.0668218Z     🤖 AI Next Step Suggestion: click -> Search
2026-01-19T04:11:26.0668659Z     🧩 Suggested Locator: button[type='submit']
2026-01-19T04:11:26.0669495Z     💭 Reasoning: Clicking the search button will apply the filters and display the leave list based on the selected criteria.
2026-01-19T04:11:26.0670184Z     ➕ Injected AI step: click -> Search
2026-01-19T04:11:26.0670553Z   ▶️ [STEP step_6_ai_1] CLICK: Search
2026-01-19T04:11:26.0724571Z     🎯 Using AI-provided locator: button[type='submit']
2026-01-19T04:11:26.0780036Z     ✅ Found 1 verified locators
2026-01-19T04:11:30.1250443Z     ✅ State transitioned.
2026-01-19T04:11:30.1325572Z     🔄 Revisited state detected (count: 2)
2026-01-19T04:11:34.6020217Z [DEBUG] Sending request to gemini-2.0-flash. Number of parts: 2
2026-01-19T04:11:34.6021031Z [DEBUG] Received response (Length: 445)
2026-01-19T04:11:34.6021999Z     🤖 AI Next Step Suggestion: click -> Search
2026-01-19T04:11:34.6022886Z     🧩 Suggested Locator: button[type='submit']
2026-01-19T04:11:34.6027000Z     💭 Reasoning: The page is on the Leave List page, and the previous actions involved clicking 'Leave' and 'Search'. Since no search criteria have been entered, clicking 'Search' again might reveal some default results or an error message, which is valuable for testing. The 'Search' button is the next logical step to interact with the page.
2026-01-19T04:11:34.6031359Z ⚠️ Loop detected: same AI suggestion repeated 2 times. Moving to next step.
2026-01-19T04:11:34.6032432Z   ▶️ [STEP step_7] CLICK: Apply
2026-01-19T04:11:34.6084649Z     🔍 Mining locators for: 'Apply'
2026-01-19T04:11:34.6733562Z     ✅ Found 2 verified locators
2026-01-19T04:11:38.2254658Z     ✅ State transitioned.
2026-01-19T04:11:40.0493123Z [DEBUG] Sending request to gemini-2.0-flash. Number of parts: 2
2026-01-19T04:11:40.0493795Z [DEBUG] Received response (Length: 269)
2026-01-19T04:11:40.0494814Z     🤖 AI Next Step Suggestion: click -> Entitlements
2026-01-19T04:11:40.0495438Z     🧩 Suggested Locator: li:nth-child(1)
2026-01-19T04:11:40.0496474Z     💭 Reasoning: Since there are no leave types with leave balance, we need to configure entitlements first. Clicking on 'Entitlements' under the 'Leave' menu is the next logical step.
2026-01-19T04:11:40.0497333Z     ➕ Injected AI step: click -> Entitlements
2026-01-19T04:11:40.0497688Z   ▶️ [STEP step_7_ai_1] CLICK: Entitlements
2026-01-19T04:11:40.0649359Z     🎯 Using AI-provided locator: li:nth-child(1)
2026-01-19T04:11:40.0711183Z     ✅ Found 1 verified locators
2026-01-19T04:11:44.1232050Z     ✅ State transitioned.
2026-01-19T04:11:46.1677923Z [DEBUG] Sending request to gemini-2.0-flash. Number of parts: 2
2026-01-19T04:11:46.1678703Z [DEBUG] Received response (Length: 257)
2026-01-19T04:11:46.1679494Z     🤖 AI Next Step Suggestion: click -> Add
2026-01-19T04:11:46.1680525Z     🧩 Suggested Locator: button.oxd-button--medium.oxd-button--secondary
2026-01-19T04:11:46.1682472Z     💭 Reasoning: To test HR management features, adding a new user is a logical step. The 'Add' button is visible and allows for creating a new user.
2026-01-19T04:11:46.1684233Z     ➕ Injected AI step: click -> Add
2026-01-19T04:11:46.1684929Z   ▶️ [STEP step_7_ai_2] CLICK: Add
2026-01-19T04:11:46.1836548Z     🎯 Using AI-provided locator: button.oxd-button--medium.oxd-button--secondary
2026-01-19T04:11:46.1897061Z     ✅ Found 1 verified locators
2026-01-19T04:11:50.2446602Z     ✅ State transitioned.
2026-01-19T04:11:52.1767635Z [DEBUG] Sending request to gemini-2.0-flash. Number of parts: 2
2026-01-19T04:11:52.1768285Z [DEBUG] Received response (Length: 298)
2026-01-19T04:11:52.1768906Z     🤖 AI Next Step Suggestion: click -> Add
2026-01-19T04:11:52.1769583Z     🧩 Suggested Locator: button.oxd-button.oxd-button--medium.oxd-button--secondary
2026-01-19T04:11:52.1770921Z     💭 Reasoning: The goal is to test HR management features, and adding a new user is a key HR management function. The 'Add' button is visible and allows us to create a new user.
2026-01-19T04:11:52.1772099Z ⚠️ Loop detected: same AI suggestion repeated 2 times. Moving to next step.
2026-01-19T04:11:52.1772689Z   ▶️ [STEP step_8] ASSERT_VISIBLE: Apply Leave
2026-01-19T04:11:52.1835647Z     🔍 Mining locators for: 'Apply Leave'
2026-01-19T04:11:52.2383096Z     🧠 Consulting AI (Vision-First) to find 'Apply Leave'...
2026-01-19T04:11:52.2384230Z     🔍 Trying smart selectors for 'Apply Leave'...
2026-01-19T04:11:52.2952172Z     ⚠️ Smart selectors failed (no unique match). Falling back to AI Vision...
2026-01-19T04:11:52.2954944Z     🧠 [EXPERT] Strategy: Act as a Senior SDET focusing on SaaS platform stability and functional coverage. Focus on user onboarding flows and dashboard state transitions. Prioritize 'Sign Up', 'Upgrade', and navigation sidebar items as critical automation paths.
2026-01-19T04:12:00.8935990Z [DEBUG] Sending request to gemini-2.0-flash. Number of parts: 2
2026-01-19T04:12:00.8936500Z [DEBUG] Received response (Length: 237)
2026-01-19T04:12:00.8937547Z     💡 Expert Suggestion: "Apply Leave" functionality is typically found under the 'Leave' section in HR management systems.
2026-01-19T04:12:00.8938402Z     🛠️ Executing corrective action: click -> 'Leave'
2026-01-19T04:12:02.1440907Z     ✅ Executed corrective navigation
2026-01-19T04:12:04.1450330Z     🔄 Retry 1/3 mining locators for 'Apply Leave'...
2026-01-19T04:12:05.2559023Z     🧠 Consulting AI (Vision-First) to find 'Apply Leave'...
2026-01-19T04:12:05.2561938Z     🔍 Trying smart selectors for 'Apply Leave'...
2026-01-19T04:12:05.3182858Z     ⚠️ Smart selectors failed (no unique match). Falling back to AI Vision...
2026-01-19T04:12:05.3184754Z     🧠 [EXPERT] Strategy: Act as a Senior SDET focusing on SaaS platform stability and functional coverage. Focus on user onboarding flows and dashboard state transitions. Prioritize 'Sign Up', 'Upgrade', and navigation sidebar items as critical automation paths.
2026-01-19T04:13:09.5737316Z [DEBUG] Sending request to gemini-2.0-flash. Number of parts: 2
2026-01-19T04:13:09.5738729Z [DEBUG] LLM Error: 429 RESOURCE_EXHAUSTED. {'error': {'code': 429, 'message': 'Resource exhausted. Please try again later. Please refer to https://cloud.google.com/vertex-ai/generative-ai/docs/error-code-429 for more details.', 'status': 'RESOURCE_EXHAUSTED'}}
2026-01-19T04:13:09.5740318Z ⚠️ 429 Rate Limit Hit. Cooling down for 60s...
2026-01-19T04:13:09.5740767Z [DEBUG] Sending request to gemini-2.0-flash. Number of parts: 2
2026-01-19T04:13:09.5741230Z [DEBUG] Received response (Length: 334)
2026-01-19T04:13:09.5741660Z     🔄 Retry 2/3 mining locators for 'Apply Leave'...
2026-01-19T04:13:10.5750544Z     🗑️ Invalidating stale AI cache (retry 2)...
2026-01-19T04:13:10.5752160Z     ⚠️ Cache invalidation warning: No module named 'core.agents.domain_expert'
2026-01-19T04:13:10.6523849Z     🧠 Consulting AI (Vision-First) to find 'Apply Leave'...
2026-01-19T04:13:10.6524943Z     🔍 Trying smart selectors for 'Apply Leave'...
2026-01-19T04:13:10.7031400Z     ⚠️ Smart selectors failed (no unique match). Falling back to AI Vision...
2026-01-19T04:13:10.7033057Z     🧠 [EXPERT] Strategy: Act as a Senior SDET focusing on SaaS platform stability and functional coverage. Focus on user onboarding flows and dashboard state transitions. Prioritize 'Sign Up', 'Upgrade', and navigation sidebar items as critical automation paths.
2026-01-19T04:13:14.2670218Z [DEBUG] Sending request to gemini-2.0-flash. Number of parts: 2
2026-01-19T04:13:14.2671055Z [DEBUG] Received response (Length: 205)
2026-01-19T04:13:14.2672540Z     💡 Expert Suggestion: The 'Apply' button is likely the entry point for applying for leave.
2026-01-19T04:13:14.2673865Z     🛠️ Executing corrective action: click -> 'Apply'
2026-01-19T04:13:15.2482735Z     ✅ Executed corrective navigation
2026-01-19T04:13:17.2495836Z     🧠 Verifying step validity for 'Apply Leave' after no candidates found...
2026-01-19T04:14:20.5124677Z [DEBUG] Sending request to gemini-2.0-flash. Number of parts: 2
2026-01-19T04:14:20.5127541Z [DEBUG] LLM Error: 429 RESOURCE_EXHAUSTED. {'error': {'code': 429, 'message': 'Resource exhausted. Please try again later. Please refer to https://cloud.google.com/vertex-ai/generative-ai/docs/error-code-429 for more details.', 'status': 'RESOURCE_EXHAUSTED'}}
2026-01-19T04:14:20.5130604Z ⚠️ 429 Rate Limit Hit. Cooling down for 60s...
2026-01-19T04:14:20.5131510Z [DEBUG] Sending request to gemini-2.0-flash. Number of parts: 2
2026-01-19T04:14:20.5132677Z [DEBUG] Received response (Length: 287)
2026-01-19T04:14:20.5133796Z     🛠️ Self-Correction: Step is valid. Using new locator: a:contains('Apply')
2026-01-19T04:14:20.5385053Z     ⚠️ Scroll into view failed for a:contains('Apply'). Proceeding anyway.
2026-01-19T04:14:22.5408393Z     ✅ State transitioned.
2026-01-19T04:14:22.5745119Z     🔄 Revisited state detected (count: 1)
2026-01-19T04:14:25.2664378Z [DEBUG] Sending request to gemini-2.0-flash. Number of parts: 2
2026-01-19T04:14:25.2665299Z [DEBUG] Received response (Length: 269)
2026-01-19T04:14:25.2666295Z     🤖 AI Next Step Suggestion: click -> Entitlements
2026-01-19T04:14:25.2666820Z     🧩 Suggested Locator: li:nth-child(1)
2026-01-19T04:14:25.2668598Z     💭 Reasoning: Since there are no leave types with leave balance, we need to configure entitlements first. Clicking on 'Entitlements' under the 'Leave' menu is the next logical step.
2026-01-19T04:14:25.2670109Z     ➕ Injected AI step: click -> Entitlements
2026-01-19T04:14:25.2670625Z   ▶️ [STEP step_8_ai_1] CLICK: Entitlements
2026-01-19T04:14:25.2723081Z     🎯 Using AI-provided locator: li:nth-child(1)
2026-01-19T04:14:25.2787819Z     ✅ Found 1 verified locators
2026-01-19T04:14:29.3342550Z     ✅ State transitioned.
2026-01-19T04:14:29.3710140Z     🔄 Revisited state detected (count: 2)
2026-01-19T04:14:31.0682945Z [DEBUG] Sending request to gemini-2.0-flash. Number of parts: 2
2026-01-19T04:14:31.0683702Z [DEBUG] Received response (Length: 164)
2026-01-19T04:14:31.0684512Z     🤖 AI Next Step Suggestion: click -> Add
2026-01-19T04:14:31.0684894Z     🧩 Suggested Locator: button:nth-of-type(1)
2026-01-19T04:14:31.0685372Z     💭 Reasoning: To add a new user to the system, I should click the 'Add' button.
2026-01-19T04:14:31.0685830Z     ➕ Injected AI step: click -> Add
2026-01-19T04:14:31.0686184Z   ▶️ [STEP step_8_ai_2] CLICK: Add
2026-01-19T04:14:31.0747235Z     🎯 Using AI-provided locator: button:nth-of-type(1)
2026-01-19T04:14:31.0808757Z     ✅ Found 1 verified locators
2026-01-19T04:14:35.1382495Z     ✅ State transitioned.
2026-01-19T04:14:36.8472810Z [DEBUG] Sending request to gemini-2.0-flash. Number of parts: 2
2026-01-19T04:14:36.8473661Z [DEBUG] Received response (Length: 187)
2026-01-19T04:14:36.8474699Z     🤖 AI Next Step Suggestion: click -> Add
2026-01-19T04:14:36.8475962Z     🧩 Suggested Locator: button.oxd-button.oxd-button--medium.oxd-button--secondary
2026-01-19T04:14:36.8477396Z     💭 Reasoning: To add a new user, I should click the 'Add' button.
2026-01-19T04:14:36.8478687Z ⚠️ Loop detected: same AI suggestion repeated 2 times. Moving to next step.
2026-01-19T04:14:36.8479727Z   ▶️ [STEP step_9] SELECT: Leave Type
2026-01-19T04:14:36.8536602Z     🔍 Mining locators for: 'Leave Type'
2026-01-19T04:14:36.9151369Z     🧠 Consulting AI (Vision-First) to find 'Leave Type'...
2026-01-19T04:14:36.9152250Z     🔍 Trying smart selectors for 'Leave Type'...
2026-01-19T04:14:36.9709620Z     ⚠️ Smart selectors failed (no unique match). Falling back to AI Vision...
2026-01-19T04:14:36.9712529Z     🧠 [EXPERT] Strategy: Act as a Senior SDET focusing on SaaS platform stability and functional coverage. Focus on user onboarding flows and dashboard state transitions. Prioritize 'Sign Up', 'Upgrade', and navigation sidebar items as critical automation paths.
2026-01-19T04:14:41.9577179Z [DEBUG] Sending request to gemini-2.0-flash. Number of parts: 2
2026-01-19T04:14:41.9577983Z [DEBUG] Received response (Length: 232)
2026-01-19T04:14:41.9579538Z     💡 Expert Suggestion: Leave Type is typically found under Configuration or Settings in HR management systems.
2026-01-19T04:14:41.9580895Z     🛠️ Executing corrective action: click -> 'Configuration'
2026-01-19T04:14:42.5969948Z     ✅ Executed corrective navigation
2026-01-19T04:14:44.5993735Z     🔄 Retry 1/3 mining locators for 'Leave Type'...
2026-01-19T04:14:45.6652113Z     🧠 Consulting AI (Vision-First) to find 'Leave Type'...
2026-01-19T04:14:45.6652873Z     🔍 Trying smart selectors for 'Leave Type'...
2026-01-19T04:14:45.7176957Z     ⚠️ Smart selectors failed (no unique match). Falling back to AI Vision...
2026-01-19T04:14:45.7178525Z     🧠 [EXPERT] Strategy: Act as a Senior SDET focusing on SaaS platform stability and functional coverage. Focus on user onboarding flows and dashboard state transitions. Prioritize 'Sign Up', 'Upgrade', and navigation sidebar items as critical automation paths.
2026-01-19T04:14:47.2660098Z [DEBUG] Sending request to gemini-2.0-flash. Number of parts: 2
2026-01-19T04:14:47.2660745Z [DEBUG] Received response (Length: 195)
2026-01-19T04:14:47.2661316Z     ⚠️ Skipping duplicate injection: Configuration
2026-01-19T04:14:47.2661756Z     🔄 Retry 2/3 mining locators for 'Leave Type'...
2026-01-19T04:14:48.2674108Z     🗑️ Invalidating stale AI cache (retry 2)...
2026-01-19T04:14:48.2675138Z     ⚠️ Cache invalidation warning: No module named 'core.agents.domain_expert'
2026-01-19T04:14:48.3308986Z     🧠 Consulting AI (Vision-First) to find 'Leave Type'...
2026-01-19T04:14:48.3309497Z     🔍 Trying smart selectors for 'Leave Type'...
2026-01-19T04:14:48.3832784Z     ⚠️ Smart selectors failed (no unique match). Falling back to AI Vision...
2026-01-19T04:14:48.3836510Z     🧠 [EXPERT] Strategy: Act as a Senior SDET focusing on SaaS platform stability and functional coverage. Focus on user onboarding flows and dashboard state transitions. Prioritize 'Sign Up', 'Upgrade', and navigation sidebar items as critical automation paths.
2026-01-19T04:14:48.3839974Z [CACHE HIT] 2562f664... (hits: 7, misses: 60)
2026-01-19T04:14:48.3840648Z     ⚠️ Skipping duplicate injection: Configuration
2026-01-19T04:14:48.3841602Z     🧠 Verifying step validity for 'Leave Type' after no candidates found...
2026-01-19T04:14:52.4542506Z [DEBUG] Sending request to gemini-2.0-flash. Number of parts: 2
2026-01-19T04:14:52.4543013Z [DEBUG] Received response (Length: 214)
2026-01-19T04:14:52.4544777Z     🗑️ Step deemed INVALID: The 'Leave Type' option is not visible on the current page (Admin -> User Management). It is likely located under Configuration -> Leave -> Leave Types.. Removing from workflow.
2026-01-19T04:14:52.4545857Z     ⏭️ Skipping execution of invalid step: Leave Type
2026-01-19T04:14:52.4546256Z   ▶️ [STEP step_10] FILL: From Date
2026-01-19T04:14:52.4604674Z     🔍 Mining locators for: 'From Date'
2026-01-19T04:14:52.5141479Z     🧠 Consulting AI (Vision-First) to find 'From Date'...
2026-01-19T04:14:52.5141962Z     🔍 Trying smart selectors for 'From Date'...
2026-01-19T04:14:52.5687024Z     ⚠️ Smart selectors failed (no unique match). Falling back to AI Vision...
2026-01-19T04:14:52.5690017Z     🧠 [EXPERT] Strategy: Act as a Senior SDET focusing on SaaS platform stability and functional coverage. Focus on user onboarding flows and dashboard state transitions. Prioritize 'Sign Up', 'Upgrade', and navigation sidebar items as critical automation paths.
2026-01-19T04:14:57.0945495Z [DEBUG] Sending request to gemini-2.0-flash. Number of parts: 2
2026-01-19T04:14:57.0946266Z [DEBUG] Received response (Length: 309)
2026-01-19T04:14:57.0947823Z     💡 Expert Suggestion: "From Date" is likely within the configuration settings or related modules. Clicking 'Configuration' might reveal options to navigate to the desired date setting.
2026-01-19T04:14:57.0949148Z     🛠️ Executing corrective action: click -> 'Configuration'
2026-01-19T04:14:58.0749079Z     ✅ Executed corrective navigation
2026-01-19T04:15:00.0767973Z     🔄 Retry 1/3 mining locators for 'From Date'...
2026-01-19T04:15:01.1475400Z     🧠 Consulting AI (Vision-First) to find 'From Date'...
2026-01-19T04:15:01.1476155Z     🔍 Trying smart selectors for 'From Date'...
2026-01-19T04:15:01.2118078Z     ⚠️ Smart selectors failed (no unique match). Falling back to AI Vision...
2026-01-19T04:15:01.2120163Z     🧠 [EXPERT] Strategy: Act as a Senior SDET focusing on SaaS platform stability and functional coverage. Focus on user onboarding flows and dashboard state transitions. Prioritize 'Sign Up', 'Upgrade', and navigation sidebar items as critical automation paths.
2026-01-19T04:15:02.8648118Z [DEBUG] Sending request to gemini-2.0-flash. Number of parts: 2
2026-01-19T04:15:02.8648931Z [DEBUG] Received response (Length: 296)
2026-01-19T04:15:02.8651062Z     💡 Expert Suggestion: The 'From Date' field is commonly associated with employee records or reporting, which are often found within the PIM (Personnel Information Management) section.
2026-01-19T04:15:02.8652877Z     🛠️ Executing corrective action: click -> 'PIM'
2026-01-19T04:15:04.4404344Z     ✅ Executed corrective navigation
2026-01-19T04:15:06.4425164Z     🔄 Retry 2/3 mining locators for 'From Date'...
2026-01-19T04:15:07.4438067Z     🗑️ Invalidating stale AI cache (retry 2)...
2026-01-19T04:15:07.4439428Z     ⚠️ Cache invalidation warning: No module named 'core.agents.domain_expert'
2026-01-19T04:15:07.8361711Z     🧠 Consulting AI (Vision-First) to find 'From Date'...
2026-01-19T04:15:07.8362662Z     🔍 Trying smart selectors for 'From Date'...
2026-01-19T04:15:07.9355494Z     ⚠️ Smart selectors failed (no unique match). Falling back to AI Vision...
2026-01-19T04:15:07.9358363Z     🧠 [EXPERT] Strategy: Act as a Senior SDET focusing on SaaS platform stability and functional coverage. Focus on user onboarding flows and dashboard state transitions. Prioritize 'Sign Up', 'Upgrade', and navigation sidebar items as critical automation paths.
2026-01-19T04:15:09.6732590Z [DEBUG] Sending request to gemini-2.0-flash. Number of parts: 2
2026-01-19T04:15:09.6733271Z [DEBUG] Received response (Length: 261)
2026-01-19T04:15:09.6734649Z     💡 Expert Suggestion: "From Date" is likely part of the employee creation/editing form, which can be accessed by clicking 'Add Employee'.
2026-01-19T04:15:09.6735494Z     🛠️ Executing corrective action: click -> 'Add Employee'
2026-01-19T04:15:11.1440914Z     ✅ Executed corrective navigation
2026-01-19T04:15:13.1462999Z     🧠 Verifying step validity for 'From Date' after no candidates found...
2026-01-19T04:15:14.7478120Z [DEBUG] Sending request to gemini-2.0-flash. Number of parts: 2
2026-01-19T04:15:14.7479064Z [DEBUG] Received response (Length: 254)
2026-01-19T04:15:14.7480893Z     🗑️ Step deemed INVALID: The current page is the 'Employee List' page, not the 'Add Employee' page. Therefore, the 'From Date' element is not present on this page. We need to navigate to the 'Add Employee' page first.. Removing from workflow.
2026-01-19T04:15:14.7482351Z     ⏭️ Skipping execution of invalid step: From Date
2026-01-19T04:15:14.7482837Z   ▶️ [STEP step_11] FILL: To Date
2026-01-19T04:15:14.7670107Z     🔍 Mining locators for: 'To Date'
2026-01-19T04:15:14.8301112Z     🧠 Consulting AI (Vision-First) to find 'To Date'...
2026-01-19T04:15:14.8301583Z     🔍 Trying smart selectors for 'To Date'...
2026-01-19T04:15:14.8841742Z     ⚠️ Smart selectors failed (no unique match). Falling back to AI Vision...
2026-01-19T04:15:14.8843473Z     🧠 [EXPERT] Strategy: Act as a Senior SDET focusing on SaaS platform stability and functional coverage. Focus on user onboarding flows and dashboard state transitions. Prioritize 'Sign Up', 'Upgrade', and navigation sidebar items as critical automation paths.
2026-01-19T04:15:19.9546926Z [DEBUG] Sending request to gemini-2.0-flash. Number of parts: 2
2026-01-19T04:15:19.9547836Z [DEBUG] Received response (Length: 288)
2026-01-19T04:15:19.9550425Z     💡 Expert Suggestion: "To Date" is commonly associated with time-related features like attendance or reports. Navigating to the 'Time' section is a logical step to find it.
2026-01-19T04:15:19.9552704Z     🛠️ Executing corrective action: click -> 'Time'
2026-01-19T04:15:21.3346078Z     ✅ Executed corrective navigation
2026-01-19T04:15:23.3361401Z     🔄 Retry 1/3 mining locators for 'To Date'...
2026-01-19T04:15:24.3966333Z     🧠 Consulting AI (Vision-First) to find 'To Date'...
2026-01-19T04:15:24.3966902Z     🔍 Trying smart selectors for 'To Date'...
2026-01-19T04:15:24.4509753Z     ⚠️ Smart selectors failed (no unique match). Falling back to AI Vision...
2026-01-19T04:15:24.4512703Z     🧠 [EXPERT] Strategy: Act as a Senior SDET focusing on SaaS platform stability and functional coverage. Focus on user onboarding flows and dashboard state transitions. Prioritize 'Sign Up', 'Upgrade', and navigation sidebar items as critical automation paths.
2026-01-19T04:15:26.0095660Z [DEBUG] Sending request to gemini-2.0-flash. Number of parts: 2
2026-01-19T04:15:26.0096447Z [DEBUG] Received response (Length: 258)
2026-01-19T04:15:26.0098147Z     💡 Expert Suggestion: "To Date" is commonly found within reporting or filtering sections, suggesting a navigation to the 'Reports' section.
2026-01-19T04:15:26.0099285Z     🛠️ Executing corrective action: click -> 'Reports'
2026-01-19T04:15:26.5767942Z     ✅ Executed corrective navigation
2026-01-19T04:15:28.5791280Z     🔄 Retry 2/3 mining locators for 'To Date'...
2026-01-19T04:15:29.5804996Z     🗑️ Invalidating stale AI cache (retry 2)...
2026-01-19T04:15:29.5806788Z     ⚠️ Cache invalidation warning: No module named 'core.agents.domain_expert'
2026-01-19T04:15:29.6303258Z     🧠 Consulting AI (Vision-First) to find 'To Date'...
2026-01-19T04:15:29.6304296Z     🔍 Trying smart selectors for 'To Date'...
2026-01-19T04:15:29.6762893Z     ⚠️ Smart selectors failed (no unique match). Falling back to AI Vision...
2026-01-19T04:15:29.6765592Z     🧠 [EXPERT] Strategy: Act as a Senior SDET focusing on SaaS platform stability and functional coverage. Focus on user onboarding flows and dashboard state transitions. Prioritize 'Sign Up', 'Upgrade', and navigation sidebar items as critical automation paths.
2026-01-19T04:15:31.2903468Z [DEBUG] Sending request to gemini-2.0-flash. Number of parts: 2
2026-01-19T04:15:31.2904479Z [DEBUG] Received response (Length: 315)
2026-01-19T04:15:31.2905154Z     ⚠️ Skipping duplicate injection: Reports
2026-01-19T04:15:31.2905790Z     🧠 Verifying step validity for 'To Date' after no candidates found...
2026-01-19T04:15:36.0899898Z [DEBUG] Sending request to gemini-2.0-flash. Number of parts: 2
2026-01-19T04:15:36.0900510Z [DEBUG] Received response (Length: 235)
2026-01-19T04:15:36.0902286Z     🗑️ Step deemed INVALID: The 'To Date' field is not visible on the current page. The page displays a list of timesheets and a section to select an employee. There is no date range selection visible.. Removing from workflow.
2026-01-19T04:15:36.0903646Z     ⏭️ Skipping execution of invalid step: To Date
2026-01-19T04:15:36.0904426Z   ▶️ [STEP step_12] FILL: Comment
2026-01-19T04:15:36.0961477Z     🔍 Mining locators for: 'Comment'
2026-01-19T04:15:36.1462154Z     🧠 Consulting AI (Vision-First) to find 'Comment'...
2026-01-19T04:15:36.1462952Z     🔍 Trying smart selectors for 'Comment'...
2026-01-19T04:15:36.1850383Z     ⚠️ Smart selectors failed (no unique match). Falling back to AI Vision...
2026-01-19T04:15:36.1852072Z     🧠 [EXPERT] Strategy: Act as a Senior SDET focusing on SaaS platform stability and functional coverage. Focus on user onboarding flows and dashboard state transitions. Prioritize 'Sign Up', 'Upgrade', and navigation sidebar items as critical automation paths.
2026-01-19T04:15:40.9050583Z [DEBUG] Sending request to gemini-2.0-flash. Number of parts: 2
2026-01-19T04:15:40.9051105Z [DEBUG] Received response (Length: 232)
2026-01-19T04:15:40.9052174Z     💡 Expert Suggestion: Clicking 'View' on a timesheet entry might lead to a page where comments can be added or viewed.
2026-01-19T04:15:40.9053019Z     🛠️ Executing corrective action: click -> 'View'
2026-01-19T04:15:41.4805036Z     ✅ Executed corrective navigation
2026-01-19T04:15:43.4766610Z     🔄 Retry 1/3 mining locators for 'Comment'...
2026-01-19T04:15:44.5296195Z     🧠 Consulting AI (Vision-First) to find 'Comment'...
2026-01-19T04:15:44.5296750Z     🔍 Trying smart selectors for 'Comment'...
2026-01-19T04:15:44.5693396Z     ⚠️ Smart selectors failed (no unique match). Falling back to AI Vision...
2026-01-19T04:15:44.5697102Z     🧠 [EXPERT] Strategy: Act as a Senior SDET focusing on SaaS platform stability and functional coverage. Focus on user onboarding flows and dashboard state transitions. Prioritize 'Sign Up', 'Upgrade', and navigation sidebar items as critical automation paths.
2026-01-19T04:15:46.9611614Z [DEBUG] Sending request to gemini-2.0-flash. Number of parts: 2
2026-01-19T04:15:46.9612411Z [DEBUG] Received response (Length: 232)
2026-01-19T04:15:46.9613270Z     ⚠️ Skipping duplicate injection: View
2026-01-19T04:15:46.9614203Z     🔄 Retry 2/3 mining locators for 'Comment'...
2026-01-19T04:15:47.9625259Z     🗑️ Invalidating stale AI cache (retry 2)...
2026-01-19T04:15:47.9626440Z     ⚠️ Cache invalidation warning: No module named 'core.agents.domain_expert'
2026-01-19T04:15:48.0121858Z     🧠 Consulting AI (Vision-First) to find 'Comment'...
2026-01-19T04:15:48.0122402Z     🔍 Trying smart selectors for 'Comment'...
2026-01-19T04:15:48.0495974Z     ⚠️ Smart selectors failed (no unique match). Falling back to AI Vision...
2026-01-19T04:15:48.0498543Z     🧠 [EXPERT] Strategy: Act as a Senior SDET focusing on SaaS platform stability and functional coverage. Focus on user onboarding flows and dashboard state transitions. Prioritize 'Sign Up', 'Upgrade', and navigation sidebar items as critical automation paths.
2026-01-19T04:15:48.0502160Z [CACHE HIT] 536d6670... (hits: 8, misses: 71)
2026-01-19T04:15:48.0502905Z     ⚠️ Skipping duplicate injection: View
2026-01-19T04:15:48.0503463Z     🧠 Verifying step validity for 'Comment' after no candidates found...
2026-01-19T04:15:51.3928233Z [DEBUG] Sending request to gemini-2.0-flash. Number of parts: 2
2026-01-19T04:15:51.3928998Z [DEBUG] Received response (Length: 288)
2026-01-19T04:15:51.3932394Z     🗑️ Step deemed INVALID: The page displays a list of timesheets. To interact with 'Comment', we first need to select an employee and view their timesheet. The 'Comment' section is likely within the individual timesheet view, not on this overview page.. Removing from workflow.
2026-01-19T04:15:51.3935692Z     ⏭️ Skipping execution of invalid step: Comment
2026-01-19T04:15:51.3936517Z   ▶️ [STEP step_13] CLICK: Apply
2026-01-19T04:15:51.3989259Z     🔍 Mining locators for: 'Apply'
2026-01-19T04:15:51.4456440Z     🧠 Consulting AI (Vision-First) to find 'Apply'...
2026-01-19T04:15:51.4457235Z     🔍 Trying smart selectors for 'Apply'...
2026-01-19T04:15:51.4855924Z     ⚠️ Smart selectors failed (no unique match). Falling back to AI Vision...
2026-01-19T04:15:51.4858029Z     🧠 [EXPERT] Strategy: Act as a Senior SDET focusing on SaaS platform stability and functional coverage. Focus on user onboarding flows and dashboard state transitions. Prioritize 'Sign Up', 'Upgrade', and navigation sidebar items as critical automation paths.
2026-01-19T04:15:55.9623457Z [DEBUG] Sending request to gemini-2.0-flash. Number of parts: 2
2026-01-19T04:15:55.9624565Z [DEBUG] Received response (Length: 232)
2026-01-19T04:15:55.9626186Z     💡 Expert Suggestion: The 'Apply' button is typically found within the Recruitment module for job applications.
2026-01-19T04:15:55.9627406Z     🛠️ Executing corrective action: click -> 'Recruitment'
2026-01-19T04:15:57.4064577Z     ✅ Executed corrective navigation
2026-01-19T04:15:59.4086070Z     🔄 Retry 1/3 mining locators for 'Apply'...
2026-01-19T04:16:00.6138891Z     🧠 Consulting AI (Vision-First) to find 'Apply'...
2026-01-19T04:16:00.6139349Z     🔍 Trying smart selectors for 'Apply'...
2026-01-19T04:16:00.6849587Z     ⚠️ Smart selectors failed (no unique match). Falling back to AI Vision...
2026-01-19T04:16:00.6852203Z     🧠 [EXPERT] Strategy: Act as a Senior SDET focusing on SaaS platform stability and functional coverage. Focus on user onboarding flows and dashboard state transitions. Prioritize 'Sign Up', 'Upgrade', and navigation sidebar items as critical automation paths.
2026-01-19T04:16:02.3993591Z [DEBUG] Sending request to gemini-2.0-flash. Number of parts: 2
2026-01-19T04:16:02.3994375Z [DEBUG] Received response (Length: 212)
2026-01-19T04:16:02.3995715Z     💡 Expert Suggestion: Clicking the '+ Add' button will likely lead to a form where you can apply.
2026-01-19T04:16:02.3996318Z     🛠️ Executing corrective action: click -> '+ Add'
2026-01-19T04:16:02.5979276Z     🔄 Retry 2/3 mining locators for 'Apply'...
2026-01-19T04:16:03.5992594Z     🗑️ Invalidating stale AI cache (retry 2)...
2026-01-19T04:16:03.5993708Z     ⚠️ Cache invalidation warning: No module named 'core.agents.domain_expert'
2026-01-19T04:16:03.7312200Z     🧠 Consulting AI (Vision-First) to find 'Apply'...
2026-01-19T04:16:03.7312665Z     🔍 Trying smart selectors for 'Apply'...
2026-01-19T04:16:03.7838618Z     ⚠️ Smart selectors failed (no unique match). Falling back to AI Vision...
2026-01-19T04:16:03.7840982Z     🧠 [EXPERT] Strategy: Act as a Senior SDET focusing on SaaS platform stability and functional coverage. Focus on user onboarding flows and dashboard state transitions. Prioritize 'Sign Up', 'Upgrade', and navigation sidebar items as critical automation paths.
2026-01-19T04:16:03.7844598Z [CACHE HIT] 000df946... (hits: 9, misses: 74)
2026-01-19T04:16:03.7845169Z     ⚠️ Skipping duplicate injection: + Add
2026-01-19T04:16:03.7846005Z     🧠 Verifying step validity for 'Apply' after no candidates found...
2026-01-19T04:16:07.2889614Z [DEBUG] Sending request to gemini-2.0-flash. Number of parts: 2
2026-01-19T04:16:07.2890648Z [DEBUG] Received response (Length: 314)
2026-01-19T04:16:07.2894504Z     🗑️ Step deemed INVALID: The 'Apply' button is not visible on the 'Candidates' page. The page displays a list of candidates and a filter section. The 'Apply' button would typically be found on a specific job posting or candidate profile page, not on the candidate listing page.. Removing from workflow.
2026-01-19T04:16:07.2897738Z     ⏭️ Skipping execution of invalid step: Apply
2026-01-19T04:16:07.2898787Z   ▶️ [STEP step_14] ASSERT_VISIBLE: Leave Request Successfully Sent
2026-01-19T04:16:07.2964847Z     🔍 Mining locators for: 'Leave Request Successfully Sent'
2026-01-19T04:16:07.4801399Z     🧠 Consulting AI (Vision-First) to find 'Leave Request Successfully Sent'...
2026-01-19T04:16:07.4802028Z     🔍 Trying smart selectors for 'Leave Request Successfully Sent'...
2026-01-19T04:16:07.5672266Z     ⚠️ Smart selectors failed (no unique match). Falling back to AI Vision...
2026-01-19T04:16:07.5675716Z     🧠 [EXPERT] Strategy: Act as a Senior SDET focusing on SaaS platform stability and functional coverage. Focus on user onboarding flows and dashboard state transitions. Prioritize 'Sign Up', 'Upgrade', and navigation sidebar items as critical automation paths.
2026-01-19T04:16:12.2293775Z [DEBUG] Sending request to gemini-2.0-flash. Number of parts: 2
2026-01-19T04:16:12.2294589Z [DEBUG] Received response (Length: 224)
2026-01-19T04:16:12.2295487Z     💡 Expert Suggestion: The target 'Leave Request Successfully Sent' is likely found under the 'Leave' section.
2026-01-19T04:16:12.2296146Z     🛠️ Executing corrective action: click -> 'Leave'
2026-01-19T04:16:13.7502885Z     ✅ Executed corrective navigation
2026-01-19T04:16:15.7516908Z     🔄 Retry 1/3 mining locators for 'Leave Request Successfully Sent'...
2026-01-19T04:16:16.8281914Z     🧠 Consulting AI (Vision-First) to find 'Leave Request Successfully Sent'...
2026-01-19T04:16:16.8282625Z     🔍 Trying smart selectors for 'Leave Request Successfully Sent'...
2026-01-19T04:16:16.9547456Z     ⚠️ Smart selectors failed (no unique match). Falling back to AI Vision...
2026-01-19T04:16:16.9550690Z     🧠 [EXPERT] Strategy: Act as a Senior SDET focusing on SaaS platform stability and functional coverage. Focus on user onboarding flows and dashboard state transitions. Prioritize 'Sign Up', 'Upgrade', and navigation sidebar items as critical automation paths.
2026-01-19T04:16:18.3655468Z [DEBUG] Sending request to gemini-2.0-flash. Number of parts: 2
2026-01-19T04:16:18.3656070Z [DEBUG] Received response (Length: 284)
2026-01-19T04:16:18.3656704Z     ⚠️ Skipping duplicate injection: Apply
2026-01-19T04:16:18.3657288Z     🔄 Retry 2/3 mining locators for 'Leave Request Successfully Sent'...
2026-01-19T04:16:19.3669041Z     🗑️ Invalidating stale AI cache (retry 2)...
2026-01-19T04:16:19.3670677Z     ⚠️ Cache invalidation warning: No module named 'core.agents.domain_expert'
2026-01-19T04:16:19.4284506Z     🧠 Consulting AI (Vision-First) to find 'Leave Request Successfully Sent'...
2026-01-19T04:16:19.4285185Z     🔍 Trying smart selectors for 'Leave Request Successfully Sent'...
2026-01-19T04:16:19.4909259Z     ⚠️ Smart selectors failed (no unique match). Falling back to AI Vision...
2026-01-19T04:16:19.4911027Z     🧠 [EXPERT] Strategy: Act as a Senior SDET focusing on SaaS platform stability and functional coverage. Focus on user onboarding flows and dashboard state transitions. Prioritize 'Sign Up', 'Upgrade', and navigation sidebar items as critical automation paths.
2026-01-19T04:16:23.7173127Z [DEBUG] Sending request to gemini-2.0-flash. Number of parts: 2
2026-01-19T04:16:23.7173839Z [DEBUG] Received response (Length: 267)
2026-01-19T04:16:23.7174885Z     ⚠️ Skipping duplicate injection: Apply
2026-01-19T04:16:23.7175906Z     🧠 Verifying step validity for 'Leave Request Successfully Sent' after no candidates found...
2026-01-19T04:16:28.3442373Z [DEBUG] Sending request to gemini-2.0-flash. Number of parts: 2
2026-01-19T04:16:28.3443022Z [DEBUG] Received response (Length: 295)
2026-01-19T04:16:28.3445084Z     🗑️ Step deemed INVALID: The text "Leave Request Successfully Sent" is not visible on the page. The page shows the Leave List, and there are no records found. It's likely that the user needs to submit a leave request first before this message would appear.. Removing from workflow.
2026-01-19T04:16:28.3446623Z     ⏭️ Skipping execution of invalid step: Leave Request Successfully Sent
2026-01-19T04:16:30.3807031Z 
2026-01-19T04:16:30.3807659Z [3/3] Exploring Scenario: HR Management - Recruitment Process
2026-01-19T04:16:30.3809004Z     🧠 Initialized exploration context for goal: 'Test HR management features'
2026-01-19T04:16:30.3809847Z   ▶️ [STEP step_1] NAVIGATE: 
2026-01-19T04:16:32.2471588Z     ✅ Navigated to https://opensource-demo.orangehrmlive.com/
2026-01-19T04:16:32.2472474Z   ▶️ [STEP step_2] FILL: Username
2026-01-19T04:16:32.2645526Z     🔍 Mining locators for: 'Username'
2026-01-19T04:16:32.4518078Z     ✅ Found 5 verified locators
2026-01-19T04:16:37.6505237Z     ✅ State transitioned.
2026-01-19T04:16:37.6929958Z [CACHE HIT] 2a5dfe92... (hits: 10, misses: 79)
2026-01-19T04:16:37.6930951Z     🤖 AI Next Step Suggestion: fill -> Password
2026-01-19T04:16:37.6931665Z     🧩 Suggested Locator: input[name='password']
2026-01-19T04:16:37.6932730Z     💭 Reasoning: The username has been filled. Now filling the password field to proceed with login.
2026-01-19T04:16:37.6933701Z     ➕ Injected AI step: fill -> Password
2026-01-19T04:16:37.6934472Z   ▶️ [STEP step_2_ai_1] FILL: Password
2026-01-19T04:16:37.6980253Z     🎯 Using AI-provided locator: input[name='password']
2026-01-19T04:16:37.7033814Z     ✅ Found 1 verified locators
2026-01-19T04:16:43.8745856Z     ✅ State transitioned.
2026-01-19T04:16:43.9257235Z [CACHE HIT] cc78f28e... (hits: 11, misses: 79)
2026-01-19T04:16:43.9258255Z     🤖 AI Next Step Suggestion: click -> Login
2026-01-19T04:16:43.9258943Z     🧩 Suggested Locator: button
2026-01-19T04:16:43.9260322Z     💭 Reasoning: Now that the username and password have been entered, the next step is to click the Login button to access the HR management features.
2026-01-19T04:16:43.9261594Z     ➕ Injected AI step: click -> Login
2026-01-19T04:16:43.9263510Z   ▶️ [STEP step_2_ai_2] CLICK: Login
2026-01-19T04:16:43.9309741Z     🎯 Using AI-provided locator: button
2026-01-19T04:16:43.9363760Z     ✅ Found 1 verified locators
2026-01-19T04:16:47.9798732Z     ✅ State transitioned.
2026-01-19T04:16:50.2124366Z [DEBUG] Sending request to gemini-2.0-flash. Number of parts: 2
2026-01-19T04:16:50.2125094Z [DEBUG] Received response (Length: 263)
2026-01-19T04:16:50.2125927Z     🤖 AI Next Step Suggestion: click -> Admin
2026-01-19T04:16:50.2126581Z     🧩 Suggested Locator: a[href*='/web/index.php/admin/viewAdminModule']
2026-01-19T04:16:50.2128027Z     💭 Reasoning: The goal is to test HR management features. 'Admin' is a core HR function and a navigation sidebar item, which aligns with the strategy.
2026-01-19T04:16:50.2128772Z     ➕ Injected AI step: click -> Admin
2026-01-19T04:16:50.2129100Z   ▶️ [STEP step_2_ai_3] CLICK: Admin
2026-01-19T04:16:50.2285524Z     🎯 Using AI-provided locator: a[href*='/web/index.php/admin/viewAdminModule']
2026-01-19T04:16:50.2351437Z     ✅ Found 1 verified locators
2026-01-19T04:16:54.2951595Z     ✅ State transitioned.
2026-01-19T04:16:55.8075633Z [DEBUG] Sending request to gemini-2.0-flash. Number of parts: 2
2026-01-19T04:16:55.8076405Z [DEBUG] Received response (Length: 148)
2026-01-19T04:16:55.8077033Z     🤖 AI Next Step Suggestion: click -> Add
2026-01-19T04:16:55.8077579Z     💭 Reasoning: To add a new user, I should click the 'Add' button.
2026-01-19T04:16:55.8078109Z     ➕ Injected AI step: click -> Add
2026-01-19T04:16:55.8078536Z   ▶️ [STEP step_2_ai_4] CLICK: Add
2026-01-19T04:16:55.8231484Z     🔍 Mining locators for: 'Add'
2026-01-19T04:16:55.8889273Z     ✅ Found 1 verified locators
2026-01-19T04:16:59.4474405Z     ✅ State transitioned.
2026-01-19T04:16:59.5433579Z [CACHE HIT] 38261515... (hits: 12, misses: 81)
2026-01-19T04:16:59.5434654Z     🤖 AI Next Step Suggestion: click -> -- Select --
2026-01-19T04:16:59.5435803Z     🧩 Suggested Locator: div:nth-child(1) > div.oxd-input-group.oxd-input-field-bottom-space > div > div:nth-child(2)
2026-01-19T04:16:59.5436722Z     💭 Reasoning: The form requires selecting a User Role. Clicking the dropdown is the next logical step to populate the field.
2026-01-19T04:16:59.5437369Z     ➕ Injected AI step: click -> -- Select --
2026-01-19T04:16:59.5437707Z   ▶️ [STEP step_2_ai_5] CLICK: -- Select --
2026-01-19T04:16:59.5584475Z     🎯 Using AI-provided locator: div:nth-child(1) > div.oxd-input-group.oxd-input-field-bottom-space > div > div:nth-child(2)
2026-01-19T04:16:59.5608074Z     🔍 Mining locators for: '-- Select --'
2026-01-19T04:16:59.6284322Z     ✅ Found 1 verified locators
2026-01-19T04:17:03.1985701Z     ✅ State transitioned.
2026-01-19T04:17:03.3100695Z [CACHE HIT] 9f28b758... (hits: 13, misses: 81)
2026-01-19T04:17:03.3101658Z     🤖 AI Next Step Suggestion: click -> -- Select --
2026-01-19T04:17:03.3103004Z     🧩 Suggested Locator: div:nth-child(1) > div:nth-child(1) > div.oxd-input-group.oxd-input-field-bottom-space > div > div:nth-child(2) > div
2026-01-19T04:17:03.3104978Z     💭 Reasoning: The form requires selecting a User Role. Clicking the '-- Select --' dropdown is the next logical step to populate this field.
2026-01-19T04:17:03.3105780Z ⚠️ Loop detected: same AI suggestion repeated 2 times. Moving to next step.
2026-01-19T04:17:03.3106214Z   ▶️ [STEP step_3] FILL: Password
2026-01-19T04:17:03.3151787Z     🔍 Mining locators for: 'Password'
2026-01-19T04:17:03.3802014Z     ✅ Found 1 verified locators
2026-01-19T04:17:08.8788366Z     ✅ State transitioned.
2026-01-19T04:17:08.8853068Z     🔄 Revisited state detected (count: 1)
2026-01-19T04:17:08.9433814Z [CACHE HIT] 155fc82b... (hits: 14, misses: 81)
2026-01-19T04:17:08.9435142Z     🤖 AI Next Step Suggestion: fill -> Confirm Password
2026-01-19T04:17:08.9436173Z     💭 Reasoning: Need to fill out the confirm password field to complete the form.
2026-01-19T04:17:08.9437055Z     ➕ Injected AI step: fill -> Confirm Password
2026-01-19T04:17:08.9437707Z   ▶️ [STEP step_3_ai_1] FILL: Confirm Password
2026-01-19T04:17:08.9487388Z     🔍 Mining locators for: 'Confirm Password'
2026-01-19T04:17:09.0094078Z     🧠 Consulting AI (Vision-First) to find 'Confirm Password'...
2026-01-19T04:17:09.0095034Z     🔍 Trying smart selectors for 'Confirm Password'...
2026-01-19T04:17:09.0705723Z     ⚠️ Smart selectors failed (no unique match). Falling back to AI Vision...
2026-01-19T04:17:09.0708735Z     🧠 [EXPERT] Strategy: Act as a Senior SDET focusing on SaaS platform stability and functional coverage. Focus on user onboarding flows and dashboard state transitions. Prioritize 'Sign Up', 'Upgrade', and navigation sidebar items as critical automation paths.
2026-01-19T04:17:09.0807250Z [CACHE HIT] 8cd29ce6... (hits: 15, misses: 81)
2026-01-19T04:17:09.0808105Z     🔄 Retry 1/3 mining locators for 'Confirm Password'...
2026-01-19T04:17:10.1551650Z     🧠 Consulting AI (Vision-First) to find 'Confirm Password'...
2026-01-19T04:17:10.1552190Z     🔍 Trying smart selectors for 'Confirm Password'...
2026-01-19T04:17:10.2148687Z     ⚠️ Smart selectors failed (no unique match). Falling back to AI Vision...
2026-01-19T04:17:10.2151227Z     🧠 [EXPERT] Strategy: Act as a Senior SDET focusing on SaaS platform stability and functional coverage. Focus on user onboarding flows and dashboard state transitions. Prioritize 'Sign Up', 'Upgrade', and navigation sidebar items as critical automation paths.
2026-01-19T04:17:10.2236881Z [CACHE HIT] 8cd29ce6... (hits: 16, misses: 81)
2026-01-19T04:17:10.2237530Z     🔄 Retry 2/3 mining locators for 'Confirm Password'...
2026-01-19T04:17:11.2250648Z     🗑️ Invalidating stale AI cache (retry 2)...
2026-01-19T04:17:11.2252087Z     ⚠️ Cache invalidation warning: No module named 'core.agents.domain_expert'
2026-01-19T04:17:11.2755173Z     🧠 Consulting AI (Vision-First) to find 'Confirm Password'...
2026-01-19T04:17:11.2755689Z     🔍 Trying smart selectors for 'Confirm Password'...
2026-01-19T04:17:11.3326362Z     ⚠️ Smart selectors failed (no unique match). Falling back to AI Vision...
2026-01-19T04:17:11.3328018Z     🧠 [EXPERT] Strategy: Act as a Senior SDET focusing on SaaS platform stability and functional coverage. Focus on user onboarding flows and dashboard state transitions. Prioritize 'Sign Up', 'Upgrade', and navigation sidebar items as critical automation paths.
2026-01-19T04:17:11.3410177Z [CACHE HIT] 8cd29ce6... (hits: 17, misses: 81)
2026-01-19T04:17:11.3410965Z     🧠 Verifying step validity for 'Confirm Password' after mining failure...
2026-01-19T04:17:12.6076945Z [DEBUG] Sending request to gemini-2.0-flash. Number of parts: 2
2026-01-19T04:17:12.6077964Z [DEBUG] Received response (Length: 195)
2026-01-19T04:17:12.6079382Z     🛠️ Self-Correction: Step is valid. Using new locator: input[name="confirmPassword"]
2026-01-19T04:17:18.1195105Z     ⚠️ Scroll into view failed for input[name="confirmPassword"]. Proceeding anyway.
2026-01-19T04:17:23.6205285Z     ⚠️ Action failed: Locator.click: Timeout 5000ms exceeded.
2026-01-19T04:17:23.6205974Z Call log:
2026-01-19T04:17:23.6206346Z ...
2026-01-19T04:17:23.6763057Z [CACHE HIT] 5d3dde71... (hits: 18, misses: 82)
2026-01-19T04:17:23.6765235Z     ✨ AI Heal Reasoning: The element with the name 'confirmPassword' is an input field, which is appropriate for filling in the 'Confirm Password' field. It is also visible on the page.
2026-01-19T04:17:23.6766960Z     ✨ AI healed exploration action! New selector: input[name='confirmPassword']
2026-01-19T04:17:29.1809431Z     ⚠️ Scroll into view failed for input[name='confirmPassword']. Proceeding anyway.
2026-01-19T04:17:34.6828822Z   ▶️ [STEP step_4] CLICK: Login
2026-01-19T04:17:34.6886739Z     🔍 Mining locators for: 'Login'
2026-01-19T04:17:34.7419093Z     🧠 Consulting AI (Vision-First) to find 'Login'...
2026-01-19T04:17:34.7419587Z     🔍 Trying smart selectors for 'Login'...
2026-01-19T04:17:34.7807431Z     ⚠️ Smart selectors failed (no unique match). Falling back to AI Vision...
2026-01-19T04:17:34.7810696Z     🧠 [EXPERT] Strategy: Act as a Senior SDET focusing on SaaS platform stability and functional coverage. Focus on user onboarding flows and dashboard state transitions. Prioritize 'Sign Up', 'Upgrade', and navigation sidebar items as critical automation paths.
2026-01-19T04:17:34.7814392Z [CACHE HIT] 12b0bf41... (hits: 19, misses: 82)
2026-01-19T04:17:34.7815463Z     💡 Expert Suggestion: Clicking on the user profile 'manda user' might reveal a 'Logout' or 'Login' option, or a link to the profile settings where login details can be managed.
2026-01-19T04:17:34.7816352Z     🛠️ Executing corrective action: click -> 'manda user'
2026-01-19T04:17:35.3532511Z     ✅ Executed corrective navigation
2026-01-19T04:17:37.3556029Z     🔄 Retry 1/3 mining locators for 'Login'...
2026-01-19T04:17:38.4581890Z     🧠 Consulting AI (Vision-First) to find 'Login'...
2026-01-19T04:17:38.4582687Z     🔍 Trying smart selectors for 'Login'...
2026-01-19T04:17:38.4957934Z     ⚠️ Smart selectors failed (no unique match). Falling back to AI Vision...
2026-01-19T04:17:38.4959611Z     🧠 [EXPERT] Strategy: Act as a Senior SDET focusing on SaaS platform stability and functional coverage. Focus on user onboarding flows and dashboard state transitions. Prioritize 'Sign Up', 'Upgrade', and navigation sidebar items as critical automation paths.
2026-01-19T04:17:40.2360573Z [DEBUG] Sending request to gemini-2.0-flash. Number of parts: 2
2026-01-19T04:17:40.2361011Z [DEBUG] Received response (Length: 336)
2026-01-19T04:17:40.2361560Z     ⚠️ Skipping duplicate injection: manda user
2026-01-19T04:17:40.2361941Z     🔄 Retry 2/3 mining locators for 'Login'...
2026-01-19T04:17:41.2374486Z     🗑️ Invalidating stale AI cache (retry 2)...
2026-01-19T04:17:41.2375843Z     ⚠️ Cache invalidation warning: No module named 'core.agents.domain_expert'
2026-01-19T04:17:41.2912309Z     🧠 Consulting AI (Vision-First) to find 'Login'...
2026-01-19T04:17:41.2912763Z     🔍 Trying smart selectors for 'Login'...
2026-01-19T04:17:41.3312403Z     ⚠️ Smart selectors failed (no unique match). Falling back to AI Vision...
2026-01-19T04:17:41.3314591Z     🧠 [EXPERT] Strategy: Act as a Senior SDET focusing on SaaS platform stability and functional coverage. Focus on user onboarding flows and dashboard state transitions. Prioritize 'Sign Up', 'Upgrade', and navigation sidebar items as critical automation paths.
2026-01-19T04:17:41.3319265Z [CACHE HIT] a151e25d... (hits: 20, misses: 83)
2026-01-19T04:17:41.3320024Z     ⚠️ Skipping duplicate injection: manda user
2026-01-19T04:17:41.3320848Z     🧠 Verifying step validity for 'Login' after no candidates found...
2026-01-19T04:17:45.1612891Z [DEBUG] Sending request to gemini-2.0-flash. Number of parts: 2
2026-01-19T04:17:45.1613565Z [DEBUG] Received response (Length: 257)
2026-01-19T04:17:45.1615376Z     🗑️ Step deemed INVALID: The 'Login' element is not present on the 'Add User' page. The user is already logged in, and the page is for creating new users. The 'Logout' option is available under the user profile dropdown.. Removing from workflow.
2026-01-19T04:17:45.1616559Z     ⏭️ Skipping execution of invalid step: Login
2026-01-19T04:17:45.1616949Z   ▶️ [STEP step_5] CLICK: Recruitment
2026-01-19T04:17:45.1671046Z     🔍 Mining locators for: 'Recruitment'
2026-01-19T04:17:45.2392014Z     ✅ Found 2 verified locators
2026-01-19T04:17:48.8119402Z     ✅ State transitioned.
2026-01-19T04:17:50.2958368Z [DEBUG] Sending request to gemini-2.0-flash. Number of parts: 2
2026-01-19T04:17:50.2959201Z [DEBUG] Received response (Length: 171)
2026-01-19T04:17:50.2960147Z     🤖 AI Next Step Suggestion: click -> + Add
2026-01-19T04:17:50.2961434Z     💭 Reasoning: To add a new candidate for recruitment, I should click the 'Add' button.
2026-01-19T04:17:50.2962620Z     ➕ Injected AI step: click -> + Add
2026-01-19T04:17:50.2963432Z   ▶️ [STEP step_5_ai_1] CLICK: + Add
2026-01-19T04:17:50.3151186Z     🔍 Mining locators for: '+ Add'
2026-01-19T04:17:50.4931959Z     🧠 Consulting AI (Vision-First) to find '+ Add'...
2026-01-19T04:17:50.4932743Z     🔍 Trying smart selectors for '+ Add'...
2026-01-19T04:17:50.5441347Z     ⚠️ Smart selectors failed (no unique match). Falling back to AI Vision...
2026-01-19T04:17:50.5444373Z     🧠 [EXPERT] Strategy: Act as a Senior SDET focusing on SaaS platform stability and functional coverage. Focus on user onboarding flows and dashboard state transitions. Prioritize 'Sign Up', 'Upgrade', and navigation sidebar items as critical automation paths.
2026-01-19T04:17:55.7245314Z [DEBUG] Sending request to gemini-2.0-flash. Number of parts: 2
2026-01-19T04:17:55.7245904Z [DEBUG] Received response (Length: 380)
2026-01-19T04:17:55.7246877Z     🔄 Retry 1/3 mining locators for '+ Add'...
2026-01-19T04:17:56.9094643Z     🧠 Consulting AI (Vision-First) to find '+ Add'...
2026-01-19T04:17:56.9095243Z     🔍 Trying smart selectors for '+ Add'...
2026-01-19T04:17:56.9597719Z     ⚠️ Smart selectors failed (no unique match). Falling back to AI Vision...
2026-01-19T04:17:56.9599511Z     🧠 [EXPERT] Strategy: Act as a Senior SDET focusing on SaaS platform stability and functional coverage. Focus on user onboarding flows and dashboard state transitions. Prioritize 'Sign Up', 'Upgrade', and navigation sidebar items as critical automation paths.
2026-01-19T04:17:56.9602906Z [CACHE HIT] e35b6eb7... (hits: 21, misses: 86)
2026-01-19T04:17:56.9603445Z     🔄 Retry 2/3 mining locators for '+ Add'...
2026-01-19T04:17:57.9616452Z     🗑️ Invalidating stale AI cache (retry 2)...
2026-01-19T04:17:57.9617917Z     ⚠️ Cache invalidation warning: No module named 'core.agents.domain_expert'
2026-01-19T04:17:58.0924938Z     🧠 Consulting AI (Vision-First) to find '+ Add'...
2026-01-19T04:17:58.0925443Z     🔍 Trying smart selectors for '+ Add'...
2026-01-19T04:17:58.1412723Z     ⚠️ Smart selectors failed (no unique match). Falling back to AI Vision...
2026-01-19T04:17:58.1414668Z     🧠 [EXPERT] Strategy: Act as a Senior SDET focusing on SaaS platform stability and functional coverage. Focus on user onboarding flows and dashboard state transitions. Prioritize 'Sign Up', 'Upgrade', and navigation sidebar items as critical automation paths.
2026-01-19T04:17:58.1417885Z [CACHE HIT] e35b6eb7... (hits: 22, misses: 86)
2026-01-19T04:17:58.1418736Z     🧠 Verifying step validity for '+ Add' after mining failure...
2026-01-19T04:18:00.3899647Z [DEBUG] Sending request to gemini-2.0-flash. Number of parts: 2
2026-01-19T04:18:00.3900291Z [DEBUG] Received response (Length: 217)
2026-01-19T04:18:00.3901017Z     🛠️ Self-Correction: Step is valid. Using new locator: button.oxd-button--success
2026-01-19T04:18:05.9027949Z     ⚠️ Scroll into view failed for button.oxd-button--success. Proceeding anyway.
2026-01-19T04:18:10.9055610Z     ⚠️ Action failed: Locator.bounding_box: Timeout 5000ms exceeded.
2026-01-19T04:18:10.9056096Z Cal...
2026-01-19T04:18:12.4158493Z [DEBUG] Sending request to gemini-2.0-flash. Number of parts: 2
2026-01-19T04:18:12.4158929Z [DEBUG] Received response (Length: 279)
2026-01-19T04:18:12.4160063Z     ✨ AI Heal Reasoning: The element with the text '+ Add' is a button, and it is located in the recruitment page header. This is the most visible and likely element to perform the 'click' action.
2026-01-19T04:18:12.4161170Z     ✨ AI healed exploration action! New selector: div.orangehrm-recruitment-page-header > div > button
2026-01-19T04:18:17.9226064Z     ⚠️ Scroll into view failed for div.orangehrm-recruitment-page-header > div > button. Proceeding anyway.
2026-01-19T04:18:22.9250460Z   ▶️ [STEP step_6] ASSERT_URL: 
2026-01-19T04:18:27.9431529Z     ⚠️ Scroll into view failed for text=None. Proceeding anyway.
2026-01-19T04:18:29.9454416Z     ✅ State transitioned.
2026-01-19T04:18:31.4633715Z [DEBUG] Sending request to gemini-2.0-flash. Number of parts: 2
2026-01-19T04:18:31.4634822Z [DEBUG] Received response (Length: 203)
2026-01-19T04:18:31.4636061Z     🤖 AI Next Step Suggestion: click -> + Add
2026-01-19T04:18:31.4637116Z     🧩 Suggested Locator: button.oxd-button--success
2026-01-19T04:18:31.4638812Z     💭 Reasoning: The previous attempt to click '+ Add' failed. Trying again to navigate to the add candidate form.
2026-01-19T04:18:31.4640668Z ⚠️ Loop detected: same AI suggestion repeated 2 times. Moving to next step.
2026-01-19T04:18:31.4641781Z   ▶️ [STEP step_7] CLICK: Add
2026-01-19T04:18:31.4709522Z     🔍 Mining locators for: 'Add'
2026-01-19T04:18:31.6868174Z     ✅ Found 1 verified locators
2026-01-19T04:18:35.2457397Z     ✅ State transitioned.
2026-01-19T04:18:36.2988748Z [DEBUG] Sending request to gemini-2.0-flash. Number of parts: 2
2026-01-19T04:18:36.2989603Z [DEBUG] Received response (Length: 154)
2026-01-19T04:18:36.2990551Z     🤖 AI Next Step Suggestion: done -> N/A
2026-01-19T04:18:36.2992519Z     💭 Reasoning: The page is blank, and there are no interactive elements. It's impossible to proceed with the current page state.
2026-01-19T04:18:36.2994289Z   ▶️ [STEP step_8] ASSERT_VISIBLE: Add Candidate
2026-01-19T04:18:36.3131209Z     🔍 Mining locators for: 'Add Candidate'
2026-01-19T04:18:36.3781926Z     ✅ Found 1 verified locators
2026-01-19T04:18:38.9237228Z     ✅ State transitioned.
2026-01-19T04:18:41.7307335Z [DEBUG] Sending request to gemini-2.0-flash. Number of parts: 2
2026-01-19T04:18:41.7308183Z [DEBUG] Received response (Length: 181)
2026-01-19T04:18:41.7309046Z     🤖 AI Next Step Suggestion: fill -> First Name
2026-01-19T04:18:41.7309957Z     🧩 Suggested Locator: input[name='firstName']
2026-01-19T04:18:41.7311051Z     💭 Reasoning: Filling the first name field in the Add Candidate form.
2026-01-19T04:18:41.7312077Z     ➕ Injected AI step: fill -> First Name
2026-01-19T04:18:41.7312838Z   ▶️ [STEP step_8_ai_1] FILL: First Name
2026-01-19T04:18:41.7368892Z     🎯 Using AI-provided locator: input[name='firstName']
2026-01-19T04:18:41.7439144Z     ✅ Found 1 verified locators
2026-01-19T04:18:47.3661437Z     ✅ State transitioned.
2026-01-19T04:18:48.9959301Z [DEBUG] Sending request to gemini-2.0-flash. Number of parts: 2
2026-01-19T04:18:48.9959878Z [DEBUG] Received response (Length: 176)
2026-01-19T04:18:48.9960447Z     🤖 AI Next Step Suggestion: fill -> Middle Name
2026-01-19T04:18:48.9960837Z     🧩 Suggested Locator: input[name='middleName']
2026-01-19T04:18:48.9961290Z     💭 Reasoning: Filling the middle name field to complete the form.
2026-01-19T04:18:48.9961710Z     ➕ Injected AI step: fill -> Middle Name
2026-01-19T04:18:48.9962045Z   ▶️ [STEP step_8_ai_2] FILL: Middle Name
2026-01-19T04:18:49.0016431Z     🎯 Using AI-provided locator: input[name='middleName']
2026-01-19T04:18:49.0072364Z     ✅ Found 1 verified locators
2026-01-19T04:18:54.1641715Z     ✅ State transitioned.
2026-01-19T04:18:56.1093002Z [DEBUG] Sending request to gemini-2.0-flash. Number of parts: 2
2026-01-19T04:18:56.1093795Z [DEBUG] Received response (Length: 259)
2026-01-19T04:18:56.1094802Z     🤖 AI Next Step Suggestion: fill -> Last Name
2026-01-19T04:18:56.1095548Z     🧩 Suggested Locator: input[name='lastName']
2026-01-19T04:18:56.1097045Z     💭 Reasoning: The 'Add Candidate' form requires the last name to be filled in. Filling in the last name is the next logical step to complete the form.
2026-01-19T04:18:56.1098390Z     ➕ Injected AI step: fill -> Last Name
2026-01-19T04:18:56.1098993Z   ▶️ [STEP step_8_ai_3] FILL: Last Name
2026-01-19T04:18:56.1149347Z     🎯 Using AI-provided locator: input[name='lastName']
2026-01-19T04:18:56.1207211Z     ✅ Found 1 verified locators
2026-01-19T04:19:01.6140881Z     ✅ State transitioned.
2026-01-19T04:19:03.1654377Z [DEBUG] Sending request to gemini-2.0-flash. Number of parts: 2
2026-01-19T04:19:03.1654998Z [DEBUG] Received response (Length: 199)
2026-01-19T04:19:03.1655873Z     🤖 AI Next Step Suggestion: click -> -- Select --
2026-01-19T04:19:03.1656793Z     🧩 Suggested Locator: div > div.oxd-select-text.oxd-select-text--active
2026-01-19T04:19:03.1657534Z     💭 Reasoning: The next logical step is to select a vacancy for the candidate.
2026-01-19T04:19:03.1658363Z     ➕ Injected AI step: click -> -- Select --
2026-01-19T04:19:03.1658803Z   ▶️ [STEP step_8_ai_4] CLICK: -- Select --
2026-01-19T04:19:03.1709415Z     🎯 Using AI-provided locator: div > div.oxd-select-text.oxd-select-text--active
2026-01-19T04:19:03.1767668Z     ✅ Found 1 verified locators
2026-01-19T04:19:07.2261312Z     ✅ State transitioned.
2026-01-19T04:19:07.2331839Z     🔄 Revisited state detected (count: 1)
2026-01-19T04:19:09.2812747Z [DEBUG] Sending request to gemini-2.0-flash. Number of parts: 2
2026-01-19T04:19:09.2813496Z [DEBUG] Received response (Length: 391)
2026-01-19T04:19:09.2814439Z     🤖 AI Next Step Suggestion: CLICK -> -- Select --
2026-01-19T04:19:09.2815413Z     🧩 Suggested Locator: div:nth-child(1) > div.oxd-input-group.oxd-input-field-bottom-space > div > div:nth-child(2) > div > div.oxd-select-text.oxd-select-text--active
2026-01-19T04:19:09.2816996Z     💭 Reasoning: The last action was clicking the '-- Select --' dropdown. Now we need to select a value from the dropdown to proceed with filling out the form.
2026-01-19T04:19:09.2817892Z     ⚠️ Skipping duplicate AI suggestion (just executed): ('click', '-- select --')
2026-01-19T04:19:09.2818366Z   ▶️ [STEP step_9] FILL: First Name
2026-01-19T04:19:09.2870956Z     🔍 Mining locators for: 'First Name'
2026-01-19T04:19:09.3535441Z     ✅ Found 3 verified locators
2026-01-19T04:19:14.8210176Z     ✅ State transitioned.
2026-01-19T04:19:16.4136849Z [DEBUG] Sending request to gemini-2.0-flash. Number of parts: 2
2026-01-19T04:19:16.4137606Z [DEBUG] Received response (Length: 186)
2026-01-19T04:19:16.4138597Z     🤖 AI Next Step Suggestion: click -> -- Select --
2026-01-19T04:19:16.4139569Z     🧩 Suggested Locator: div > div.oxd-select-text--after > i
2026-01-19T04:19:16.4140726Z     💭 Reasoning: The next logical step is to select a vacancy from the dropdown.
2026-01-19T04:19:16.4141787Z     ➕ Injected AI step: click -> -- Select --
2026-01-19T04:19:16.4142512Z   ▶️ [STEP step_9_ai_1] CLICK: -- Select --
2026-01-19T04:19:16.4197540Z     🎯 Using AI-provided locator: div > div.oxd-select-text--after > i
2026-01-19T04:19:16.4269211Z     ✅ Found 1 verified locators
2026-01-19T04:19:20.4734266Z     ✅ State transitioned.
2026-01-19T04:19:20.4796703Z     🔄 Revisited state detected (count: 1)
2026-01-19T04:19:22.6052275Z [DEBUG] Sending request to gemini-2.0-flash. Number of parts: 2
2026-01-19T04:19:22.6053253Z [DEBUG] Received response (Length: 335)
2026-01-19T04:19:22.6054552Z     🤖 AI Next Step Suggestion: click -> -- Select --
2026-01-19T04:19:22.6056943Z     🧩 Suggested Locator: div:nth-child(1) > div.oxd-input-group.oxd-input-field-bottom-space > div > div:nth-child(2) > div > div.oxd-select-wrapper > div
2026-01-19T04:19:22.6060031Z     💭 Reasoning: The next step is to select a vacancy for the candidate. The vacancy dropdown needs to be clicked to reveal the options.
2026-01-19T04:19:22.6062323Z ⚠️ Loop detected: same AI suggestion repeated 2 times. Moving to next step.
2026-01-19T04:19:22.6063486Z   ▶️ [STEP step_10] FILL: Last Name
2026-01-19T04:19:22.6116073Z     🔍 Mining locators for: 'Last Name'
2026-01-19T04:19:22.6856277Z     ✅ Found 3 verified locators
2026-01-19T04:19:28.6369973Z     ✅ State transitioned.
2026-01-19T04:19:30.7133333Z [DEBUG] Sending request to gemini-2.0-flash. Number of parts: 2
2026-01-19T04:19:30.7134315Z [DEBUG] Received response (Length: 232)
2026-01-19T04:19:30.7135213Z     🤖 AI Next Step Suggestion: fill -> First Name
2026-01-19T04:19:30.7135967Z     🧩 Suggested Locator: input[name='firstName']
2026-01-19T04:19:30.7137362Z     💭 Reasoning: The form requires a first name, and it hasn't been filled yet. Filling it is the next logical step.
2026-01-19T04:19:30.7138637Z     ➕ Injected AI step: fill -> First Name
2026-01-19T04:19:30.7139341Z   ▶️ [STEP step_10_ai_1] FILL: First Name
2026-01-19T04:19:30.7190668Z     🎯 Using AI-provided locator: input[name='firstName']
2026-01-19T04:19:30.7247113Z     ✅ Found 1 verified locators
2026-01-19T04:19:36.8087214Z     ✅ State transitioned.
2026-01-19T04:19:38.2980582Z [DEBUG] Sending request to gemini-2.0-flash. Number of parts: 2
2026-01-19T04:19:38.2981274Z [DEBUG] Received response (Length: 176)
2026-01-19T04:19:38.2982090Z     🤖 AI Next Step Suggestion: fill -> Middle Name
2026-01-19T04:19:38.2982735Z     🧩 Suggested Locator: input[name='middleName']
2026-01-19T04:19:38.2983499Z     💭 Reasoning: Filling the middle name field to complete the form.
2026-01-19T04:19:38.2984510Z     ➕ Injected AI step: fill -> Middle Name
2026-01-19T04:19:38.2984874Z   ▶️ [STEP step_10_ai_2] FILL: Middle Name
2026-01-19T04:19:38.3033807Z     🎯 Using AI-provided locator: input[name='middleName']
2026-01-19T04:19:38.3087281Z     ✅ Found 1 verified locators
2026-01-19T04:19:43.4647192Z     ✅ State transitioned.
2026-01-19T04:19:43.4707656Z     🔄 Revisited state detected (count: 1)
2026-01-19T04:19:45.1273805Z [DEBUG] Sending request to gemini-2.0-flash. Number of parts: 2
2026-01-19T04:19:45.1274641Z [DEBUG] Received response (Length: 228)
2026-01-19T04:19:45.1275410Z     🤖 AI Next Step Suggestion: FILL -> Last Name
2026-01-19T04:19:45.1275987Z     🧩 Suggested Locator: input[name='lastName']
2026-01-19T04:19:45.1276729Z     💭 Reasoning: The first and middle names have been filled. Filling the last name completes the full name field.
2026-01-19T04:19:45.1277404Z     ➕ Injected AI step: FILL -> Last Name
2026-01-19T04:19:45.1277792Z   ▶️ [STEP step_10_ai_3] FILL: Last Name
2026-01-19T04:19:45.1331226Z     🎯 Using AI-provided locator: input[name='lastName']
2026-01-19T04:19:45.1387214Z     ✅ Found 1 verified locators
2026-01-19T04:19:48.1719057Z     ✅ State transitioned.
2026-01-19T04:19:48.1782483Z     🔄 Revisited state detected (count: 2)
2026-01-19T04:19:50.1590983Z [DEBUG] Sending request to gemini-2.0-flash. Number of parts: 2
2026-01-19T04:19:50.1591841Z [DEBUG] Received response (Length: 171)
2026-01-19T04:19:50.1592900Z     🤖 AI Next Step Suggestion: fill -> Email
2026-01-19T04:19:50.1593666Z     💭 Reasoning: Filling the email field to proceed with adding a candidate.
2026-01-19T04:19:50.1594585Z     ➕ Injected AI step: fill -> Email
2026-01-19T04:19:50.1595075Z   ▶️ [STEP step_10_ai_4] FILL: Email
2026-01-19T04:19:50.1651259Z     🔍 Mining locators for: 'Email'
2026-01-19T04:19:50.2191423Z     🧠 Consulting AI (Vision-First) to find 'Email'...
2026-01-19T04:19:50.2192117Z     🔍 Trying smart selectors for 'Email'...
2026-01-19T04:19:50.3085422Z     ⚠️ Smart selectors failed (no unique match). Falling back to AI Vision...
2026-01-19T04:19:50.3087418Z     🧠 [EXPERT] Strategy: Act as a Senior SDET focusing on SaaS platform stability and functional coverage. Focus on user onboarding flows and dashboard state transitions. Prioritize 'Sign Up', 'Upgrade', and navigation sidebar items as critical automation paths.
2026-01-19T04:19:55.7597546Z [DEBUG] Sending request to gemini-2.0-flash. Number of parts: 2
2026-01-19T04:19:55.7598241Z [DEBUG] Received response (Length: 466)
2026-01-19T04:19:55.7598998Z     ⚠️ Critical step failure: 'priority'
2026-01-19T04:19:55.7599576Z   ▶️ [STEP step_11] FILL: Email
2026-01-19T04:19:55.7642880Z     🔍 Mining locators for: 'Email'
2026-01-19T04:19:55.8182083Z     🧠 Consulting AI (Vision-First) to find 'Email'...
2026-01-19T04:19:55.8182785Z     🔍 Trying smart selectors for 'Email'...
2026-01-19T04:19:55.8641251Z     ⚠️ Smart selectors failed (no unique match). Falling back to AI Vision...
2026-01-19T04:19:55.8643825Z     🧠 [EXPERT] Strategy: Act as a Senior SDET focusing on SaaS platform stability and functional coverage. Focus on user onboarding flows and dashboard state transitions. Prioritize 'Sign Up', 'Upgrade', and navigation sidebar items as critical automation paths.
2026-01-19T04:20:00.3336437Z [DEBUG] Sending request to gemini-2.0-flash. Number of parts: 2
2026-01-19T04:20:00.3336914Z [DEBUG] Received response (Length: 336)
2026-01-19T04:20:00.3337538Z     🔄 Retry 1/3 mining locators for 'Email'...
2026-01-19T04:20:01.3856599Z     🧠 Consulting AI (Vision-First) to find 'Email'...
2026-01-19T04:20:01.3857669Z     🔍 Trying smart selectors for 'Email'...
2026-01-19T04:20:01.4317920Z     ⚠️ Smart selectors failed (no unique match). Falling back to AI Vision...
2026-01-19T04:20:01.4321035Z     🧠 [EXPERT] Strategy: Act as a Senior SDET focusing on SaaS platform stability and functional coverage. Focus on user onboarding flows and dashboard state transitions. Prioritize 'Sign Up', 'Upgrade', and navigation sidebar items as critical automation paths.
2026-01-19T04:20:01.4359930Z [CACHE HIT] 48ba961d... (hits: 23, misses: 103)
2026-01-19T04:20:01.4360402Z     🔄 Retry 2/3 mining locators for 'Email'...
2026-01-19T04:20:02.4373662Z     🗑️ Invalidating stale AI cache (retry 2)...
2026-01-19T04:20:02.4374990Z     ⚠️ Cache invalidation warning: No module named 'core.agents.domain_expert'
2026-01-19T04:20:02.4852394Z     🧠 Consulting AI (Vision-First) to find 'Email'...
2026-01-19T04:20:02.4853191Z     🔍 Trying smart selectors for 'Email'...
2026-01-19T04:20:02.5312251Z     ⚠️ Smart selectors failed (no unique match). Falling back to AI Vision...
2026-01-19T04:20:02.5314119Z     🧠 [EXPERT] Strategy: Act as a Senior SDET focusing on SaaS platform stability and functional coverage. Focus on user onboarding flows and dashboard state transitions. Prioritize 'Sign Up', 'Upgrade', and navigation sidebar items as critical automation paths.
2026-01-19T04:20:05.6076532Z [DEBUG] Sending request to gemini-2.0-flash. Number of parts: 2
2026-01-19T04:20:05.6076978Z [DEBUG] Received response (Length: 502)
2026-01-19T04:20:05.6077596Z     🧠 Verifying step validity for 'Email' after mining failure...
2026-01-19T04:20:10.2061362Z [DEBUG] Sending request to gemini-2.0-flash. Number of parts: 2
2026-01-19T04:20:10.2061834Z [DEBUG] Received response (Length: 246)
2026-01-19T04:20:10.2062702Z     🛠️ Self-Correction: Step is valid. Using new locator: div:nth-child(4) > div > div:nth-child(2) > input
2026-01-19T04:20:15.7174326Z     ⚠️ Scroll into view failed for div:nth-child(4) > div > div:nth-child(2) > input. Proceeding anyway.
2026-01-19T04:20:21.2201230Z     ⚠️ Action failed: Locator.click: Timeout 5000ms exceeded.
2026-01-19T04:20:21.2201792Z Call log:
2026-01-19T04:20:21.2202057Z ...
2026-01-19T04:20:22.8299207Z [DEBUG] Sending request to gemini-2.0-flash. Number of parts: 2
2026-01-19T04:20:22.8299939Z [DEBUG] Received response (Length: 220)
2026-01-19T04:20:22.8301724Z     ✨ AI Heal Reasoning: The element is an input field labeled 'Email' and is visible on the page, making it suitable for the 'fill' action.
2026-01-19T04:20:22.8303650Z     ✨ AI healed exploration action! New selector: div:nth-child(4) > div:nth-child(1) > div > input
2026-01-19T04:20:28.3366459Z     ⚠️ Scroll into view failed for div:nth-child(4) > div:nth-child(1) > div > input. Proceeding anyway.
2026-01-19T04:20:33.8379487Z   ▶️ [STEP step_12] CLICK: Save
2026-01-19T04:20:33.8446814Z     🔍 Mining locators for: 'Save'
2026-01-19T04:20:33.9101520Z     ✅ Found 2 verified locators
2026-01-19T04:20:37.4531915Z     ✅ State transitioned.
2026-01-19T04:20:37.4597592Z     🔄 Revisited state detected (count: 3)
2026-01-19T04:20:37.4598380Z     ⚠️ Too many revisits (3). Stopping AI step injection to prevent loops.
2026-01-19T04:20:37.4598985Z   ▶️ [STEP step_13] ASSERT_VISIBLE: Candidate Details
2026-01-19T04:20:37.4646707Z     🔍 Mining locators for: 'Candidate Details'
2026-01-19T04:20:37.5170878Z     🧠 Consulting AI (Vision-First) to find 'Candidate Details'...
2026-01-19T04:20:37.5171804Z     🔍 Trying smart selectors for 'Candidate Details'...
2026-01-19T04:20:37.5755552Z     ⚠️ Smart selectors failed (no unique match). Falling back to AI Vision...
2026-01-19T04:20:37.5758562Z     🧠 [EXPERT] Strategy: Act as a Senior SDET focusing on SaaS platform stability and functional coverage. Focus on user onboarding flows and dashboard state transitions. Prioritize 'Sign Up', 'Upgrade', and navigation sidebar items as critical automation paths.
2026-01-19T04:20:39.6577918Z [DEBUG] Sending request to gemini-2.0-flash. Number of parts: 2
2026-01-19T04:20:39.6578795Z [DEBUG] Received response (Length: 393)
2026-01-19T04:20:39.6580546Z     💡 Expert Suggestion: The current page is the 'Candidates' section within Recruitment. 'Candidate Details' is likely a sub-section or a specific view within the Recruitment module, requiring a click on a candidate entry or a dedicated 'View Details' button after a search.
2026-01-19T04:20:39.6582027Z     🛠️ Executing corrective action: click -> 'Recruitment'
2026-01-19T04:20:40.9539362Z     ✅ Executed corrective navigation
2026-01-19T04:20:42.9551354Z     🔄 Retry 1/3 mining locators for 'Candidate Details'...
2026-01-19T04:20:44.1693823Z     🧠 Consulting AI (Vision-First) to find 'Candidate Details'...
2026-01-19T04:20:44.1695185Z     🔍 Trying smart selectors for 'Candidate Details'...
2026-01-19T04:20:44.2479607Z     ⚠️ Smart selectors failed (no unique match). Falling back to AI Vision...
2026-01-19T04:20:44.2482443Z     🧠 [EXPERT] Strategy: Act as a Senior SDET focusing on SaaS platform stability and functional coverage. Focus on user onboarding flows and dashboard state transitions. Prioritize 'Sign Up', 'Upgrade', and navigation sidebar items as critical automation paths.
2026-01-19T04:20:45.9042966Z [DEBUG] Sending request to gemini-2.0-flash. Number of parts: 2
2026-01-19T04:20:45.9043756Z [DEBUG] Received response (Length: 223)
2026-01-19T04:20:45.9045337Z     💡 Expert Suggestion: Clicking '+ Add' should lead to a page where you can view or create candidate details.
2026-01-19T04:20:45.9046319Z     🛠️ Executing corrective action: click -> '+ Add'
2026-01-19T04:20:46.0519427Z     🔄 Retry 2/3 mining locators for 'Candidate Details'...
2026-01-19T04:20:47.0533230Z     🗑️ Invalidating stale AI cache (retry 2)...
2026-01-19T04:20:47.0534747Z     ⚠️ Cache invalidation warning: No module named 'core.agents.domain_expert'
2026-01-19T04:20:47.2743564Z     🧠 Consulting AI (Vision-First) to find 'Candidate Details'...
2026-01-19T04:20:47.2746218Z     🔍 Trying smart selectors for 'Candidate Details'...
2026-01-19T04:20:47.3446508Z     ⚠️ Smart selectors failed (no unique match). Falling back to AI Vision...
2026-01-19T04:20:47.3449819Z     🧠 [EXPERT] Strategy: Act as a Senior SDET focusing on SaaS platform stability and functional coverage. Focus on user onboarding flows and dashboard state transitions. Prioritize 'Sign Up', 'Upgrade', and navigation sidebar items as critical automation paths.
2026-01-19T04:20:47.3453323Z [CACHE HIT] 0bd5df5c... (hits: 24, misses: 108)
2026-01-19T04:20:47.3454308Z     ⚠️ Skipping duplicate injection: + Add
2026-01-19T04:20:47.3454995Z     🧠 Verifying step validity for 'Candidate Details' after no candidates found...
2026-01-19T04:20:50.7667319Z [DEBUG] Sending request to gemini-2.0-flash. Number of parts: 2
2026-01-19T04:20:50.7667930Z [DEBUG] Received response (Length: 288)
2026-01-19T04:20:50.7670097Z     🗑️ Step deemed INVALID: The term 'Candidate Details' is not visible on the current page. The page displays a list of candidates and a search filter. It's likely that 'Candidate Details' would appear after selecting a specific candidate from the list.. Removing from workflow.
2026-01-19T04:20:50.7671918Z     ⏭️ Skipping execution of invalid step: Candidate Details
2026-01-19T04:20:52.8014435Z 🗂️  All generated tests written to /home/runner/work/build_qa_automation/build_qa_automation/projects/ci_orangehrm_demo/tests/generated_scenarios.json
2026-01-19T04:20:52.8034431Z 🔄 Updated workflow.json with discovered steps and locators.
2026-01-19T04:20:52.8034914Z 
2026-01-19T04:20:52.8035185Z ✅ Deep Exploration Complete.
2026-01-19T04:24:34.0272952Z 
2026-01-19T04:24:34.0273701Z 🚀 [EXECUTE] Starting Automation Execution Engine
2026-01-19T04:24:34.0274531Z 📍 Project: ci_orangehrm_demo
2026-01-19T04:24:34.0275004Z 🎬 Mode: Headless
2026-01-19T04:24:34.0275211Z 
2026-01-19T04:24:34.0275515Z --- Scenario: HR Management - Login and Employee Management ---
2026-01-19T04:24:34.0276664Z   ▶️ [STEP step_1] NAVIGATE: Step step_1
2026-01-19T04:24:34.0277103Z     ✅ Step step_1 Passed.
2026-01-19T04:24:34.0277607Z   ▶️ [STEP step_2] ASSERT_VISIBLE: Login page
2026-01-19T04:24:34.0286939Z     ❌ Attempt 1 failed (element_not_found): Locator expected to be visible
2026-01-19T04:24:34.0287343Z Actual value: None
2026-01-19T04:24:34.0287567Z Error: element(s) not found 
2026-01-19T04:24:34.0287912Z Call log:
2026-01-19T04:24:34.0288108Z   - Expect ...
2026-01-19T04:24:34.0288469Z     🔧 [AUTO-HEAL] Re-mining page to find 'Login page'...
2026-01-19T04:24:34.0288885Z [DEBUG] Sending request to gemini-2.0-flash. Number of parts: 2
2026-01-19T04:24:34.0289261Z [DEBUG] Received response (Length: 563)
2026-01-19T04:24:34.0289648Z     ✨ AI successfully healed the step! Found 3 alternatives.
2026-01-19T04:24:34.0290119Z     ✨ AI successfully healed the step! New selector: input[name='username']
2026-01-19T04:24:34.0290522Z     ✅ Step step_2 Passed.
2026-01-19T04:24:34.0290814Z   ▶️ [STEP step_3] FILL: Username
2026-01-19T04:24:34.0291145Z     🎯 Using mined locator: role=textbox[name='Username']
2026-01-19T04:24:34.0291466Z     ✅ Step step_3 Passed.
2026-01-19T04:24:34.0291748Z   ▶️ [STEP step_3_ai_1] FILL: Password
2026-01-19T04:24:34.0292087Z     🎯 Using mined locator: input[name='password']
2026-01-19T04:24:34.0292417Z     ✅ Step step_3_ai_1 Passed.
2026-01-19T04:24:34.0292688Z   ▶️ [STEP step_3_ai_2] CLICK: Login
2026-01-19T04:24:34.0292967Z     🎯 Using mined locator: button
2026-01-19T04:24:34.0293279Z     ✅ Step step_3_ai_2 Passed.
2026-01-19T04:24:34.0293543Z   ▶️ [STEP step_3_ai_3] CLICK: Admin
2026-01-19T04:24:34.0294178Z     ⚠️ Mined locators not found on page. Falling back to semantic search.
2026-01-19T04:24:34.0294841Z     ✅ Step step_3_ai_3 Passed.
2026-01-19T04:24:34.0295268Z   ▶️ [STEP step_3_ai_4] CLICK: Add
2026-01-19T04:24:34.0295914Z     ⚠️ Mined locators not found on page. Falling back to semantic search.
2026-01-19T04:24:34.0296582Z     ✅ Step step_3_ai_4 Passed.
2026-01-19T04:24:34.0297071Z   ▶️ [STEP step_3_ai_5] CLICK: -- Select --
2026-01-19T04:24:34.0297756Z     ⚠️ Mined locators not found on page. Falling back to semantic search.
2026-01-19T04:24:34.0299139Z     ❌ Attempt 1 failed (unknown): Locator.bounding_box: Error: strict mode violation: locator("text=-- Select --") resolved to 2 eleme...
2026-01-19T04:24:34.0299917Z     🔧 [AUTO-HEAL] Re-mining page to find '-- Select --'...
2026-01-19T04:24:34.0300309Z [DEBUG] Sending request to gemini-2.0-flash. Number of parts: 2
2026-01-19T04:24:34.0300655Z [DEBUG] Received response (Length: 749)
2026-01-19T04:24:34.0301015Z     ✨ AI successfully healed the step! Found 2 alternatives.
2026-01-19T04:24:34.0301780Z     ✨ AI successfully healed the step! New selector: div:nth-child(1) > div.oxd-input-group.oxd-input-field-bottom-space > div > div:nth-child(2) > i
2026-01-19T04:24:34.0302616Z     ❌ Attempt 2 failed (element_not_found): Locator.bounding_box: Timeout 30000ms exceeded.
2026-01-19T04:24:34.0303034Z Call log:
2026-01-19T04:24:34.0303238Z   - waiting for locator("div:nth-child(1) ...
2026-01-19T04:24:34.0303609Z     🔧 [AUTO-HEAL] Re-mining page to find '-- Select --'...
2026-01-19T04:24:34.0304355Z [CACHE HIT] ef92818a... (hits: 1, misses: 2)
2026-01-19T04:24:34.0304819Z     ✨ AI successfully healed the step! Found 2 alternatives.
2026-01-19T04:24:34.0305588Z     ✨ AI successfully healed the step! New selector: div:nth-child(1) > div.oxd-input-group.oxd-input-field-bottom-space > div > div:nth-child(2) > i
2026-01-19T04:24:34.0306418Z     ❌ Attempt 3 failed (element_not_found): Locator.bounding_box: Timeout 30000ms exceeded.
2026-01-19T04:24:34.0306824Z Call log:
2026-01-19T04:24:34.0307032Z   - waiting for locator("div:nth-child(1) ...
2026-01-19T04:24:34.0307380Z     💀 Step step_3_ai_5 failed after all retries.
2026-01-19T04:24:34.0307877Z 🛑 Scenario 'HR Management - Login and Employee Management' aborted due to step failure.
2026-01-19T04:24:34.0308222Z 
2026-01-19T04:24:34.0308635Z --- Scenario: HR Management - Leave Request ---
2026-01-19T04:24:34.0308988Z   ▶️ [STEP step_1] NAVIGATE: Step step_1
2026-01-19T04:24:34.0309285Z     ✅ Step step_1 Passed.
2026-01-19T04:24:34.0309688Z   ▶️ [STEP step_2] FILL: Username
2026-01-19T04:24:34.0310028Z     🎯 Using mined locator: role=textbox[name='Username']
2026-01-19T04:24:34.0310357Z     ✅ Step step_2 Passed.
2026-01-19T04:24:34.0310620Z   ▶️ [STEP step_2_ai_1] FILL: Password
2026-01-19T04:24:34.0310947Z     🎯 Using mined locator: input[name='password']
2026-01-19T04:24:34.0311260Z     ✅ Step step_2_ai_1 Passed.
2026-01-19T04:24:34.0311530Z   ▶️ [STEP step_2_ai_2] CLICK: Login
2026-01-19T04:24:34.0311812Z     🎯 Using mined locator: button
2026-01-19T04:24:34.0312083Z     ✅ Step step_2_ai_2 Passed.
2026-01-19T04:24:34.0312426Z   ▶️ [STEP step_2_ai_3] NAVIGATE: Admin
2026-01-19T04:24:34.0312999Z     ❌ Attempt 1 failed (unknown): Page.goto: Protocol error (Page.navigate): Cannot navigate to invalid URL
2026-01-19T04:24:34.0313477Z Call log:
2026-01-19T04:24:34.0313659Z   - navigating t...
2026-01-19T04:24:34.0314255Z     🔧 [AUTO-HEAL] Re-mining page to find 'Admin'...
2026-01-19T04:24:34.0314809Z [DEBUG] Sending request to gemini-2.0-flash. Number of parts: 2
2026-01-19T04:24:34.0315180Z [DEBUG] Received response (Length: 695)
2026-01-19T04:24:34.0315573Z     ✨ AI successfully healed the step! Found 2 alternatives.
2026-01-19T04:24:34.0316139Z     ✨ AI successfully healed the step! New selector: a[href*='/web/index.php/admin/viewAdminModule']
2026-01-19T04:24:34.0316912Z     ❌ Attempt 2 failed (unknown): Page.goto: Protocol error (Page.navigate): Cannot navigate to invalid URL
2026-01-19T04:24:34.0317368Z Call log:
2026-01-19T04:24:34.0317553Z   - navigating t...
2026-01-19T04:24:34.0317852Z     🔧 [AUTO-HEAL] Re-mining page to find 'Admin'...
2026-01-19T04:24:34.0318229Z [DEBUG] Sending request to gemini-2.0-flash. Number of parts: 2
2026-01-19T04:24:34.0318573Z [DEBUG] Received response (Length: 856)
2026-01-19T04:24:34.0320655Z     ✨ AI successfully healed the step! Found 2 alternatives.
2026-01-19T04:24:34.0321639Z     ✨ AI successfully healed the step! New selector: a[href*='/web/index.php/admin/viewAdminModule']
2026-01-19T04:24:34.0322928Z     ❌ Attempt 3 failed (unknown): Page.goto: Protocol error (Page.navigate): Cannot navigate to invalid URL
2026-01-19T04:24:34.0323720Z Call log:
2026-01-19T04:24:34.0324208Z   - navigating t...
2026-01-19T04:24:34.0324542Z     💀 Step step_2_ai_3 failed after all retries.
2026-01-19T04:24:34.0324996Z 🛑 Scenario 'HR Management - Leave Request' aborted due to step failure.
2026-01-19T04:24:34.0325280Z 
2026-01-19T04:24:34.0325426Z --- Scenario: HR Management - Recruitment Process ---
2026-01-19T04:24:34.0325783Z   ▶️ [STEP step_1] NAVIGATE: Step step_1
2026-01-19T04:24:34.0326080Z     ✅ Step step_1 Passed.
2026-01-19T04:24:34.0326342Z   ▶️ [STEP step_2] FILL: Username
2026-01-19T04:24:34.0326673Z     🎯 Using mined locator: role=textbox[name='Username']
2026-01-19T04:24:34.0326997Z     ✅ Step step_2 Passed.
2026-01-19T04:24:34.0327273Z   ▶️ [STEP step_2_ai_1] FILL: Password
2026-01-19T04:24:34.0327609Z     🎯 Using mined locator: input[name='password']
2026-01-19T04:24:34.0327931Z     ✅ Step step_2_ai_1 Passed.
2026-01-19T04:24:34.0328216Z   ▶️ [STEP step_2_ai_2] CLICK: Login
2026-01-19T04:24:34.0328506Z     🎯 Using mined locator: button
2026-01-19T04:24:34.0328782Z     ✅ Step step_2_ai_2 Passed.
2026-01-19T04:24:34.0329046Z   ▶️ [STEP step_2_ai_3] CLICK: Admin
2026-01-19T04:24:34.0329434Z     ⚠️ Mined locators not found on page. Falling back to semantic search.
2026-01-19T04:24:34.0329821Z     ✅ Step step_2_ai_3 Passed.
2026-01-19T04:24:34.0330082Z   ▶️ [STEP step_2_ai_4] CLICK: Add
2026-01-19T04:24:34.0330463Z     ⚠️ Mined locators not found on page. Falling back to semantic search.
2026-01-19T04:24:34.0330841Z     ✅ Step step_2_ai_4 Passed.
2026-01-19T04:24:34.0331119Z   ▶️ [STEP step_2_ai_5] CLICK: -- Select --
2026-01-19T04:24:34.0331526Z     ⚠️ Mined locators not found on page. Falling back to semantic search.
2026-01-19T04:24:34.0332502Z     ❌ Attempt 1 failed (unknown): Locator.bounding_box: Error: strict mode violation: locator("text=-- Select --") resolved to 2 eleme...
2026-01-19T04:24:34.0333310Z     🔧 [AUTO-HEAL] Re-mining page to find '-- Select --'...
2026-01-19T04:24:34.0333640Z [CACHE HIT] ef92818a... (hits: 2, misses: 4)
2026-01-19T04:24:34.0334237Z     ✨ AI successfully healed the step! Found 2 alternatives.
2026-01-19T04:24:34.0335023Z     ✨ AI successfully healed the step! New selector: div:nth-child(1) > div.oxd-input-group.oxd-input-field-bottom-space > div > div:nth-child(2) > i
2026-01-19T04:24:34.0335860Z     ❌ Attempt 2 failed (element_not_found): Locator.bounding_box: Timeout 30000ms exceeded.
2026-01-19T04:24:34.0336269Z Call log:
2026-01-19T04:24:34.0336471Z   - waiting for locator("div:nth-child(1) ...
2026-01-19T04:24:34.0336847Z     🔧 [AUTO-HEAL] Re-mining page to find '-- Select --'...
2026-01-19T04:24:34.0337165Z [CACHE HIT] ef92818a... (hits: 3, misses: 4)
2026-01-19T04:24:34.0337544Z     ✨ AI successfully healed the step! Found 2 alternatives.
2026-01-19T04:24:34.0338310Z     ✨ AI successfully healed the step! New selector: div:nth-child(1) > div.oxd-input-group.oxd-input-field-bottom-space > div > div:nth-child(2) > i
2026-01-19T04:24:34.0339133Z     ❌ Attempt 3 failed (element_not_found): Locator.bounding_box: Timeout 30000ms exceeded.
2026-01-19T04:24:34.0339535Z Call log:
2026-01-19T04:24:34.0339736Z   - waiting for locator("div:nth-child(1) ...
2026-01-19T04:24:34.0340083Z     💀 Step step_2_ai_5 failed after all retries.
2026-01-19T04:24:34.0340540Z 🛑 Scenario 'HR Management - Recruitment Process' aborted due to step failure.
2026-01-19T04:24:34.0340853Z 
2026-01-19T04:24:34.0340953Z ============================================================
2026-01-19T04:24:34.0341256Z 🎯 EXECUTION SUMMARY
2026-01-19T04:24:34.0341482Z ============================================================
2026-01-19T04:24:34.0341670Z 
2026-01-19T04:24:34.0341774Z 📋 Scenario Overview:
2026-01-19T04:24:34.0342037Z    • Total Scenarios Planned: 3
2026-01-19T04:24:34.0342304Z    • Scenarios Executed: 3
2026-01-19T04:24:34.0342561Z    • Total Steps Executed: 20
2026-01-19T04:24:34.0342706Z 
2026-01-19T04:24:34.0342811Z ✅ Results:
2026-01-19T04:24:34.0343007Z    ❌ Failed: 3 (100%)
2026-01-19T04:24:34.0343132Z 
2026-01-19T04:24:34.0343234Z ⚠️  Failed Scenarios:
2026-01-19T04:24:34.0343515Z    • HR Management - Login and Employee Management
2026-01-19T04:24:34.0343842Z    • HR Management - Leave Request
2026-01-19T04:24:34.0344333Z    • HR Management - Recruitment Process
2026-01-19T04:24:34.0344523Z 
2026-01-19T04:24:34.0344624Z ============================================================
2026-01-19T04:24:34.0344829Z 
2026-01-19T04:24:34.0345324Z 🏁 Execution Finished. Report: /home/runner/work/build_qa_automation/build_qa_automation/projects/ci_orangehrm_demo/execution.json
2026-01-19T04:24:34.1985329Z 
2026-01-19T04:24:34.1985862Z [PHASE] Running Phase: DISCOVERY
2026-01-19T04:24:34.1987223Z    Command: /opt/hostedtoolcache/Python/3.11.14/x64/bin/python /home/runner/work/build_qa_automation/build_qa_automation/core/agents/discovery.py --project /home/runner/work/build_qa_automation/build_qa_automation/projects/ci_orangehrm_demo --url https://opensource-demo.orangehrmlive.com/ --deep
2026-01-19T04:24:34.1988647Z ✅ Phase 'discovery' completed successfully.
2026-01-19T04:24:34.1988857Z 
2026-01-19T04:24:34.1988971Z [PHASE] Running Phase: PLANNING
2026-01-19T04:24:34.1990225Z    Command: /opt/hostedtoolcache/Python/3.11.14/x64/bin/python /home/runner/work/build_qa_automation/build_qa_automation/core/agents/planner.py --project /home/runner/work/build_qa_automation/build_qa_automation/projects/ci_orangehrm_demo --goal Test HR management features --url https://opensource-demo.orangehrmlive.com/ --deep
2026-01-19T04:24:34.1991557Z ✅ Phase 'planning' completed successfully.
2026-01-19T04:24:34.1991753Z 
2026-01-19T04:24:34.1991848Z [PHASE] Running Phase: EXPLORATION
2026-01-19T04:24:34.1993022Z    Command: /opt/hostedtoolcache/Python/3.11.14/x64/bin/python /home/runner/work/build_qa_automation/build_qa_automation/core/agents/deep_explorer.py --project /home/runner/work/build_qa_automation/build_qa_automation/projects/ci_orangehrm_demo
2026-01-19T04:24:34.1994541Z ✅ Phase 'exploration' completed successfully.
2026-01-19T04:24:34.1994929Z 📊 Exploration Discovery Success Rate: 91.2%
2026-01-19T04:24:34.1995123Z 
2026-01-19T04:24:34.1995216Z [PHASE] Running Phase: EXECUTION
2026-01-19T04:24:34.1996137Z    Command: /opt/hostedtoolcache/Python/3.11.14/x64/bin/python /home/runner/work/build_qa_automation/build_qa_automation/core/agents/executor.py --project /home/runner/work/build_qa_automation/build_qa_automation/projects/ci_orangehrm_demo
2026-01-19T04:24:34.1997130Z ✅ Phase 'execution' completed successfully.
2026-01-19T04:24:34.1997322Z 
2026-01-19T04:24:34.1997431Z [DONE] Pipeline Execution Finished! [DONE]
2026-01-19T04:24:34.3288142Z ##[group]Run RESULT_FILE="projects/ci_orangehrm_demo/execution.json"
2026-01-19T04:24:34.3288704Z [36;1mRESULT_FILE="projects/ci_orangehrm_demo/execution.json"[0m
2026-01-19T04:24:34.3289065Z [36;1mif [ -f "$RESULT_FILE" ]; then[0m
2026-01-19T04:24:34.3289409Z [36;1m  echo "✅ Results generated successfully: $RESULT_FILE"[0m
2026-01-19T04:24:34.3289862Z [36;1m  cat "$RESULT_FILE" | jq '.scenarios | length' || echo "Result file exists"[0m
2026-01-19T04:24:34.3290236Z [36;1melse[0m
2026-01-19T04:24:34.3290478Z [36;1m  echo "❌ No result file found at $RESULT_FILE"[0m
2026-01-19T04:24:34.3290766Z [36;1m  exit 1[0m
2026-01-19T04:24:34.3290949Z [36;1mfi[0m
2026-01-19T04:24:34.3322317Z shell: /usr/bin/bash -e {0}
2026-01-19T04:24:34.3322558Z env:
2026-01-19T04:24:34.3322811Z   pythonLocation: /opt/hostedtoolcache/Python/3.11.14/x64
2026-01-19T04:24:34.3323230Z   PKG_CONFIG_PATH: /opt/hostedtoolcache/Python/3.11.14/x64/lib/pkgconfig
2026-01-19T04:24:34.3323698Z   Python_ROOT_DIR: /opt/hostedtoolcache/Python/3.11.14/x64
2026-01-19T04:24:34.3324561Z   Python2_ROOT_DIR: /opt/hostedtoolcache/Python/3.11.14/x64
2026-01-19T04:24:34.3324953Z   Python3_ROOT_DIR: /opt/hostedtoolcache/Python/3.11.14/x64
2026-01-19T04:24:34.3325335Z   LD_LIBRARY_PATH: /opt/hostedtoolcache/Python/3.11.14/x64/lib
2026-01-19T04:24:34.3325647Z ##[endgroup]
2026-01-19T04:24:34.3380040Z ✅ Results generated successfully: projects/ci_orangehrm_demo/execution.json
2026-01-19T04:24:34.3405968Z 3
2026-01-19T04:24:34.3654245Z ##[group]Run actions/upload-artifact@v4
2026-01-19T04:24:34.3654551Z with:
2026-01-19T04:24:34.3654765Z   name: orangehrm_demo-execution-results
2026-01-19T04:24:34.3655356Z   path: projects/ci_orangehrm_demo/execution.json
projects/ci_orangehrm_demo/workflow.json

2026-01-19T04:24:34.3655807Z   retention-days: 30
2026-01-19T04:24:34.3656016Z   if-no-files-found: warn
2026-01-19T04:24:34.3656240Z   compression-level: 6
2026-01-19T04:24:34.3656449Z   overwrite: false
2026-01-19T04:24:34.3656653Z   include-hidden-files: false
2026-01-19T04:24:34.3656868Z env:
2026-01-19T04:24:34.3657109Z   pythonLocation: /opt/hostedtoolcache/Python/3.11.14/x64
2026-01-19T04:24:34.3657552Z   PKG_CONFIG_PATH: /opt/hostedtoolcache/Python/3.11.14/x64/lib/pkgconfig
2026-01-19T04:24:34.3657973Z   Python_ROOT_DIR: /opt/hostedtoolcache/Python/3.11.14/x64
2026-01-19T04:24:34.3658349Z   Python2_ROOT_DIR: /opt/hostedtoolcache/Python/3.11.14/x64
2026-01-19T04:24:34.3658753Z   Python3_ROOT_DIR: /opt/hostedtoolcache/Python/3.11.14/x64
2026-01-19T04:24:34.3659132Z   LD_LIBRARY_PATH: /opt/hostedtoolcache/Python/3.11.14/x64/lib
2026-01-19T04:24:34.3659440Z ##[endgroup]
2026-01-19T04:24:34.5920862Z Multiple search paths detected. Calculating the least common ancestor of all paths
2026-01-19T04:24:34.5925598Z The least common ancestor is /home/runner/work/build_qa_automation/build_qa_automation/projects/ci_orangehrm_demo. This will be the root directory of the artifact
2026-01-19T04:24:34.5926954Z With the provided path, there will be 2 files uploaded
2026-01-19T04:24:34.5932523Z Artifact name is valid!
2026-01-19T04:24:34.5934160Z Root directory input is valid!
2026-01-19T04:24:34.7285874Z Beginning upload of artifact content to blob storage
2026-01-19T04:24:34.8573226Z Uploaded bytes 3487
2026-01-19T04:24:34.8920576Z Finished uploading artifact content to blob storage!
2026-01-19T04:24:34.8924156Z SHA256 digest of uploaded artifact zip is 4781e27b13b769f347ba4c139d94ab20f6b88ac2d1cc7d0979ac4f3395f69d64
2026-01-19T04:24:34.8926676Z Finalizing artifact upload
2026-01-19T04:24:34.9910129Z Artifact orangehrm_demo-execution-results.zip successfully finalized. Artifact ID 5172410847
2026-01-19T04:24:34.9911306Z Artifact orangehrm_demo-execution-results has been successfully uploaded! Final size is 3487 bytes. Artifact ID is 5172410847
2026-01-19T04:24:34.9918096Z Artifact download URL: https://github.com/vishvasmca-cmd/build_qa_automation/actions/runs/21124435194/artifacts/5172410847
2026-01-19T04:24:35.0224267Z Post job cleanup.
2026-01-19T04:24:35.1762903Z Cache hit occurred on the primary key setup-python-Linux-x64-24.04-Ubuntu-python-3.11.14-pip-dde08d0e0b672972dcda9f1a063036a2e0c226f5d0a20362e9401931676d80a4, not saving cache.
2026-01-19T04:24:35.2210045Z Post job cleanup.
2026-01-19T04:24:35.3172874Z [command]/usr/bin/git version
2026-01-19T04:24:35.3210129Z git version 2.52.0
2026-01-19T04:24:35.3253300Z Temporarily overriding HOME='/home/runner/work/_temp/3f9df4dd-d16a-44ea-a781-24a0f04dab37' before making global git config changes
2026-01-19T04:24:35.3255172Z Adding repository directory to the temporary git global config as a safe directory
2026-01-19T04:24:35.3267534Z [command]/usr/bin/git config --global --add safe.directory /home/runner/work/build_qa_automation/build_qa_automation
2026-01-19T04:24:35.3305641Z [command]/usr/bin/git config --local --name-only --get-regexp core\.sshCommand
2026-01-19T04:24:35.3339896Z [command]/usr/bin/git submodule foreach --recursive sh -c "git config --local --name-only --get-regexp 'core\.sshCommand' && git config --local --unset-all 'core.sshCommand' || :"
2026-01-19T04:24:35.3576232Z [command]/usr/bin/git config --local --name-only --get-regexp http\.https\:\/\/github\.com\/\.extraheader
2026-01-19T04:24:35.3599001Z http.https://github.com/.extraheader
2026-01-19T04:24:35.3611576Z [command]/usr/bin/git config --local --unset-all http.https://github.com/.extraheader
2026-01-19T04:24:35.3642553Z [command]/usr/bin/git submodule foreach --recursive sh -c "git config --local --name-only --get-regexp 'http\.https\:\/\/github\.com\/\.extraheader' && git config --local --unset-all 'http.https://github.com/.extraheader' || :"
2026-01-19T04:24:35.3871932Z [command]/usr/bin/git config --local --name-only --get-regexp ^includeIf\.gitdir:
2026-01-19T04:24:35.3909259Z [command]/usr/bin/git submodule foreach --recursive git config --local --show-origin --name-only --get-regexp remote.origin.url
2026-01-19T04:24:35.4280817Z Cleaning up orphan processes
