2026-01-19T02:28:43.3026836Z Current runner version: '2.331.0'
2026-01-19T02:28:43.3054689Z ##[group]Runner Image Provisioner
2026-01-19T02:28:43.3055649Z Hosted Compute Agent
2026-01-19T02:28:43.3056178Z Version: 20251211.462
2026-01-19T02:28:43.3056756Z Commit: 6cbad8c2bb55d58165063d031ccabf57e2d2db61
2026-01-19T02:28:43.3057484Z Build Date: 2025-12-11T16:28:49Z
2026-01-19T02:28:43.3058105Z Worker ID: {8fa9e610-adab-414c-a928-f9e503ffc174}
2026-01-19T02:28:43.3058740Z ##[endgroup]
2026-01-19T02:28:43.3059262Z ##[group]Operating System
2026-01-19T02:28:43.3059911Z Ubuntu
2026-01-19T02:28:43.3060319Z 24.04.3
2026-01-19T02:28:43.3060791Z LTS
2026-01-19T02:28:43.3061198Z ##[endgroup]
2026-01-19T02:28:43.3061685Z ##[group]Runner Image
2026-01-19T02:28:43.3062215Z Image: ubuntu-24.04
2026-01-19T02:28:43.3062660Z Version: 20260111.209.1
2026-01-19T02:28:43.3063592Z Included Software: https://github.com/actions/runner-images/blob/ubuntu24/20260111.209/images/ubuntu/Ubuntu2404-Readme.md
2026-01-19T02:28:43.3065044Z Image Release: https://github.com/actions/runner-images/releases/tag/ubuntu24%2F20260111.209
2026-01-19T02:28:43.3065952Z ##[endgroup]
2026-01-19T02:28:43.3067022Z ##[group]GITHUB_TOKEN Permissions
2026-01-19T02:28:43.3069158Z Contents: read
2026-01-19T02:28:43.3069822Z Metadata: read
2026-01-19T02:28:43.3070370Z Packages: read
2026-01-19T02:28:43.3070824Z ##[endgroup]
2026-01-19T02:28:43.3073765Z Secret source: Actions
2026-01-19T02:28:43.3074497Z Prepare workflow directory
2026-01-19T02:28:43.3429300Z Prepare all required actions
2026-01-19T02:28:43.3474620Z Getting action download info
2026-01-19T02:28:43.7946593Z Download action repository 'actions/checkout@v4' (SHA:34e114876b0b11c390a56381ad16ebd13914f8d5)
2026-01-19T02:28:43.9035501Z Download action repository 'actions/setup-python@v5' (SHA:a26af69be951a213d495a4c3e4e4022e16d87065)
2026-01-19T02:28:43.9810302Z Download action repository 'actions/upload-artifact@v4' (SHA:ea165f8d65b6e75b540449e92b4886f43607fa02)
2026-01-19T02:28:44.2715195Z Complete job name: test-websites-deep (automation_practice, http://www.automationpractice.pl/, Practice automation s...
2026-01-19T02:28:44.3662726Z ##[group]Run actions/checkout@v4
2026-01-19T02:28:44.3663974Z with:
2026-01-19T02:28:44.3664526Z   repository: vishvasmca-cmd/build_qa_automation
2026-01-19T02:28:44.3665511Z   token: ***
2026-01-19T02:28:44.3665935Z   ssh-strict: true
2026-01-19T02:28:44.3666448Z   ssh-user: git
2026-01-19T02:28:44.3666907Z   persist-credentials: true
2026-01-19T02:28:44.3667443Z   clean: true
2026-01-19T02:28:44.3667924Z   sparse-checkout-cone-mode: true
2026-01-19T02:28:44.3668473Z   fetch-depth: 1
2026-01-19T02:28:44.3668952Z   fetch-tags: false
2026-01-19T02:28:44.3669428Z   show-progress: true
2026-01-19T02:28:44.3670098Z   lfs: false
2026-01-19T02:28:44.3670543Z   submodules: false
2026-01-19T02:28:44.3671011Z   set-safe-directory: true
2026-01-19T02:28:44.3672010Z ##[endgroup]
2026-01-19T02:28:44.4839789Z Syncing repository: vishvasmca-cmd/build_qa_automation
2026-01-19T02:28:44.4842193Z ##[group]Getting Git version info
2026-01-19T02:28:44.4843259Z Working directory is '/home/runner/work/build_qa_automation/build_qa_automation'
2026-01-19T02:28:44.4844608Z [command]/usr/bin/git version
2026-01-19T02:28:44.4961113Z git version 2.52.0
2026-01-19T02:28:44.4987327Z ##[endgroup]
2026-01-19T02:28:44.5003981Z Temporarily overriding HOME='/home/runner/work/_temp/43ad5f0d-38f9-4d19-bbc0-885a6d4d2cc9' before making global git config changes
2026-01-19T02:28:44.5005490Z Adding repository directory to the temporary git global config as a safe directory
2026-01-19T02:28:44.5020125Z [command]/usr/bin/git config --global --add safe.directory /home/runner/work/build_qa_automation/build_qa_automation
2026-01-19T02:28:44.5070636Z Deleting the contents of '/home/runner/work/build_qa_automation/build_qa_automation'
2026-01-19T02:28:44.5074624Z ##[group]Initializing the repository
2026-01-19T02:28:44.5080513Z [command]/usr/bin/git init /home/runner/work/build_qa_automation/build_qa_automation
2026-01-19T02:28:44.5333070Z hint: Using 'master' as the name for the initial branch. This default branch name
2026-01-19T02:28:44.5336135Z hint: will change to "main" in Git 3.0. To configure the initial branch name
2026-01-19T02:28:44.5338095Z hint: to use in all of your new repositories, which will suppress this warning,
2026-01-19T02:28:44.5339129Z hint: call:
2026-01-19T02:28:44.5339978Z hint:
2026-01-19T02:28:44.5340703Z hint: 	git config --global init.defaultBranch <name>
2026-01-19T02:28:44.5341467Z hint:
2026-01-19T02:28:44.5342262Z hint: Names commonly chosen instead of 'master' are 'main', 'trunk' and
2026-01-19T02:28:44.5343607Z hint: 'development'. The just-created branch can be renamed via this command:
2026-01-19T02:28:44.5345020Z hint:
2026-01-19T02:28:44.5345523Z hint: 	git branch -m <name>
2026-01-19T02:28:44.5346129Z hint:
2026-01-19T02:28:44.5346913Z hint: Disable this message with "git config set advice.defaultBranchName false"
2026-01-19T02:28:44.5348544Z Initialized empty Git repository in /home/runner/work/build_qa_automation/build_qa_automation/.git/
2026-01-19T02:28:44.5353291Z [command]/usr/bin/git remote add origin https://github.com/vishvasmca-cmd/build_qa_automation
2026-01-19T02:28:44.5408542Z ##[endgroup]
2026-01-19T02:28:44.5409410Z ##[group]Disabling automatic garbage collection
2026-01-19T02:28:44.5412418Z [command]/usr/bin/git config --local gc.auto 0
2026-01-19T02:28:44.5445315Z ##[endgroup]
2026-01-19T02:28:44.5446148Z ##[group]Setting up auth
2026-01-19T02:28:44.5452544Z [command]/usr/bin/git config --local --name-only --get-regexp core\.sshCommand
2026-01-19T02:28:44.5494528Z [command]/usr/bin/git submodule foreach --recursive sh -c "git config --local --name-only --get-regexp 'core\.sshCommand' && git config --local --unset-all 'core.sshCommand' || :"
2026-01-19T02:28:44.5878034Z [command]/usr/bin/git config --local --name-only --get-regexp http\.https\:\/\/github\.com\/\.extraheader
2026-01-19T02:28:44.5909074Z [command]/usr/bin/git submodule foreach --recursive sh -c "git config --local --name-only --get-regexp 'http\.https\:\/\/github\.com\/\.extraheader' && git config --local --unset-all 'http.https://github.com/.extraheader' || :"
2026-01-19T02:28:44.6125931Z [command]/usr/bin/git config --local --name-only --get-regexp ^includeIf\.gitdir:
2026-01-19T02:28:44.6163645Z [command]/usr/bin/git submodule foreach --recursive git config --local --show-origin --name-only --get-regexp remote.origin.url
2026-01-19T02:28:44.6399624Z [command]/usr/bin/git config --local http.https://github.com/.extraheader AUTHORIZATION: basic ***
2026-01-19T02:28:44.6546705Z ##[endgroup]
2026-01-19T02:28:44.6547696Z ##[group]Fetching the repository
2026-01-19T02:28:44.6555702Z [command]/usr/bin/git -c protocol.version=2 fetch --no-tags --prune --no-recurse-submodules --depth=1 origin +8ae9e7a98960844bdcef67161cbe93442a7431bc:refs/remotes/origin/main
2026-01-19T02:28:46.0370545Z From https://github.com/vishvasmca-cmd/build_qa_automation
2026-01-19T02:28:46.0372392Z  * [new ref]         8ae9e7a98960844bdcef67161cbe93442a7431bc -> origin/main
2026-01-19T02:28:46.0414643Z ##[endgroup]
2026-01-19T02:28:46.0416786Z ##[group]Determining the checkout info
2026-01-19T02:28:46.0419166Z ##[endgroup]
2026-01-19T02:28:46.0420995Z [command]/usr/bin/git sparse-checkout disable
2026-01-19T02:28:46.0486249Z [command]/usr/bin/git config --local --unset-all extensions.worktreeConfig
2026-01-19T02:28:46.0521948Z ##[group]Checking out the ref
2026-01-19T02:28:46.0526292Z [command]/usr/bin/git checkout --progress --force -B main refs/remotes/origin/main
2026-01-19T02:28:46.1888065Z Switched to a new branch 'main'
2026-01-19T02:28:46.1890564Z branch 'main' set up to track 'origin/main'.
2026-01-19T02:28:46.1904945Z ##[endgroup]
2026-01-19T02:28:46.1950582Z [command]/usr/bin/git log -1 --format=%H
2026-01-19T02:28:46.1981992Z 8ae9e7a98960844bdcef67161cbe93442a7431bc
2026-01-19T02:28:46.2354885Z ##[group]Run actions/setup-python@v5
2026-01-19T02:28:46.2355219Z with:
2026-01-19T02:28:46.2355469Z   python-version: 3.11
2026-01-19T02:28:46.2355727Z   cache: pip
2026-01-19T02:28:46.2356217Z   check-latest: false
2026-01-19T02:28:46.2356718Z   token: ***
2026-01-19T02:28:46.2356951Z   update-environment: true
2026-01-19T02:28:46.2357248Z   allow-prereleases: false
2026-01-19T02:28:46.2357527Z   freethreaded: false
2026-01-19T02:28:46.2357786Z ##[endgroup]
2026-01-19T02:28:46.4297490Z ##[group]Installed versions
2026-01-19T02:28:46.4453280Z Successfully set up CPython (3.11.14)
2026-01-19T02:28:46.4454631Z ##[endgroup]
2026-01-19T02:28:46.5431942Z [command]/opt/hostedtoolcache/Python/3.11.14/x64/bin/pip cache dir
2026-01-19T02:28:46.9212429Z /home/runner/.cache/pip
2026-01-19T02:28:47.2081602Z Cache hit for: setup-python-Linux-x64-24.04-Ubuntu-python-3.11.14-pip-dde08d0e0b672972dcda9f1a063036a2e0c226f5d0a20362e9401931676d80a4
2026-01-19T02:28:48.4474463Z Received 37748736 of 254742636 (14.8%), 36.0 MBs/sec
2026-01-19T02:28:49.4501116Z Received 176160768 of 254742636 (69.2%), 84.0 MBs/sec
2026-01-19T02:28:49.9150288Z Received 254742636 of 254742636 (100.0%), 98.4 MBs/sec
2026-01-19T02:28:49.9150941Z Cache Size: ~243 MB (254742636 B)
2026-01-19T02:28:49.9189020Z [command]/usr/bin/tar -xf /home/runner/work/_temp/12d01933-844c-4a4e-b6cb-b13cb947c95d/cache.tzst -P -C /home/runner/work/build_qa_automation/build_qa_automation --use-compress-program unzstd
2026-01-19T02:28:50.1863558Z Cache restored successfully
2026-01-19T02:28:50.2176643Z Cache restored from key: setup-python-Linux-x64-24.04-Ubuntu-python-3.11.14-pip-dde08d0e0b672972dcda9f1a063036a2e0c226f5d0a20362e9401931676d80a4
2026-01-19T02:28:50.2341295Z ##[group]Run pip install -r requirements.txt
2026-01-19T02:28:50.2341795Z [36;1mpip install -r requirements.txt[0m
2026-01-19T02:28:50.2342156Z [36;1mplaywright install chromium[0m
2026-01-19T02:28:50.2373620Z shell: /usr/bin/bash -e {0}
2026-01-19T02:28:50.2373989Z env:
2026-01-19T02:28:50.2374299Z   pythonLocation: /opt/hostedtoolcache/Python/3.11.14/x64
2026-01-19T02:28:50.2374761Z   PKG_CONFIG_PATH: /opt/hostedtoolcache/Python/3.11.14/x64/lib/pkgconfig
2026-01-19T02:28:50.2375228Z   Python_ROOT_DIR: /opt/hostedtoolcache/Python/3.11.14/x64
2026-01-19T02:28:50.2375628Z   Python2_ROOT_DIR: /opt/hostedtoolcache/Python/3.11.14/x64
2026-01-19T02:28:50.2376034Z   Python3_ROOT_DIR: /opt/hostedtoolcache/Python/3.11.14/x64
2026-01-19T02:28:50.2376434Z   LD_LIBRARY_PATH: /opt/hostedtoolcache/Python/3.11.14/x64/lib
2026-01-19T02:28:50.2376758Z ##[endgroup]
2026-01-19T02:28:50.9870264Z Collecting playwright (from -r requirements.txt (line 1))
2026-01-19T02:28:50.9889629Z   Using cached playwright-1.57.0-py3-none-manylinux1_x86_64.whl.metadata (3.5 kB)
2026-01-19T02:28:51.0119854Z Collecting python-dotenv (from -r requirements.txt (line 2))
2026-01-19T02:28:51.0139060Z   Using cached python_dotenv-1.2.1-py3-none-any.whl.metadata (25 kB)
2026-01-19T02:28:51.0460553Z Collecting requests (from -r requirements.txt (line 3))
2026-01-19T02:28:51.0477453Z   Using cached requests-2.32.5-py3-none-any.whl.metadata (4.9 kB)
2026-01-19T02:28:51.2141656Z Collecting pillow (from -r requirements.txt (line 4))
2026-01-19T02:28:51.2160907Z   Using cached pillow-12.1.0-cp311-cp311-manylinux_2_27_x86_64.manylinux_2_28_x86_64.whl.metadata (8.8 kB)
2026-01-19T02:28:51.2472431Z Collecting google-genai>=0.3.0 (from -r requirements.txt (line 5))
2026-01-19T02:28:51.2488270Z   Using cached google_genai-1.59.0-py3-none-any.whl.metadata (53 kB)
2026-01-19T02:28:51.2704447Z Collecting termcolor (from -r requirements.txt (line 6))
2026-01-19T02:28:51.2723350Z   Using cached termcolor-3.3.0-py3-none-any.whl.metadata (6.5 kB)
2026-01-19T02:28:51.3151610Z Collecting PyYAML (from -r requirements.txt (line 7))
2026-01-19T02:28:51.3167966Z   Using cached pyyaml-6.0.3-cp311-cp311-manylinux2014_x86_64.manylinux_2_17_x86_64.manylinux_2_28_x86_64.whl.metadata (2.4 kB)
2026-01-19T02:28:51.3770450Z Collecting opencv-python-headless (from -r requirements.txt (line 8))
2026-01-19T02:28:51.3787724Z   Using cached opencv_python_headless-4.13.0.90-cp37-abi3-manylinux_2_28_x86_64.whl.metadata (19 kB)
2026-01-19T02:28:51.5858932Z Collecting numpy (from -r requirements.txt (line 9))
2026-01-19T02:28:51.5877172Z   Using cached numpy-2.4.1-cp311-cp311-manylinux_2_27_x86_64.manylinux_2_28_x86_64.whl.metadata (6.6 kB)
2026-01-19T02:28:51.9023983Z Collecting faker (from -r requirements.txt (line 10))
2026-01-19T02:28:51.9038855Z   Using cached faker-40.1.2-py3-none-any.whl.metadata (16 kB)
2026-01-19T02:28:51.9271353Z Collecting pyee<14,>=13 (from playwright->-r requirements.txt (line 1))
2026-01-19T02:28:51.9294969Z   Using cached pyee-13.0.0-py3-none-any.whl.metadata (2.9 kB)
2026-01-19T02:28:52.0427058Z Collecting greenlet<4.0.0,>=3.1.1 (from playwright->-r requirements.txt (line 1))
2026-01-19T02:28:52.0442322Z   Using cached greenlet-3.3.0-cp311-cp311-manylinux_2_24_x86_64.manylinux_2_28_x86_64.whl.metadata (4.1 kB)
2026-01-19T02:28:52.0683318Z Collecting typing-extensions (from pyee<14,>=13->playwright->-r requirements.txt (line 1))
2026-01-19T02:28:52.0698622Z   Using cached typing_extensions-4.15.0-py3-none-any.whl.metadata (3.3 kB)
2026-01-19T02:28:52.1487486Z Collecting charset_normalizer<4,>=2 (from requests->-r requirements.txt (line 3))
2026-01-19T02:28:52.1504496Z   Using cached charset_normalizer-3.4.4-cp311-cp311-manylinux2014_x86_64.manylinux_2_17_x86_64.manylinux_2_28_x86_64.whl.metadata (37 kB)
2026-01-19T02:28:52.1725966Z Collecting idna<4,>=2.5 (from requests->-r requirements.txt (line 3))
2026-01-19T02:28:52.1742569Z   Using cached idna-3.11-py3-none-any.whl.metadata (8.4 kB)
2026-01-19T02:28:52.2074343Z Collecting urllib3<3,>=1.21.1 (from requests->-r requirements.txt (line 3))
2026-01-19T02:28:52.2090892Z   Using cached urllib3-2.6.3-py3-none-any.whl.metadata (6.9 kB)
2026-01-19T02:28:52.2363613Z Collecting certifi>=2017.4.17 (from requests->-r requirements.txt (line 3))
2026-01-19T02:28:52.2380694Z   Using cached certifi-2026.1.4-py3-none-any.whl.metadata (2.5 kB)
2026-01-19T02:28:52.2640128Z Collecting anyio<5.0.0,>=4.8.0 (from google-genai>=0.3.0->-r requirements.txt (line 5))
2026-01-19T02:28:52.2664550Z   Using cached anyio-4.12.1-py3-none-any.whl.metadata (4.3 kB)
2026-01-19T02:28:52.3125963Z Collecting google-auth<3.0.0,>=2.47.0 (from google-auth[requests]<3.0.0,>=2.47.0->google-genai>=0.3.0->-r requirements.txt (line 5))
2026-01-19T02:28:52.3142992Z   Using cached google_auth-2.47.0-py3-none-any.whl.metadata (6.4 kB)
2026-01-19T02:28:52.3462893Z Collecting httpx<1.0.0,>=0.28.1 (from google-genai>=0.3.0->-r requirements.txt (line 5))
2026-01-19T02:28:52.3478746Z   Using cached httpx-0.28.1-py3-none-any.whl.metadata (7.1 kB)
2026-01-19T02:28:52.5012724Z Collecting pydantic<3.0.0,>=2.9.0 (from google-genai>=0.3.0->-r requirements.txt (line 5))
2026-01-19T02:28:52.5029035Z   Using cached pydantic-2.12.5-py3-none-any.whl.metadata (90 kB)
2026-01-19T02:28:52.5325212Z Collecting tenacity<9.2.0,>=8.2.3 (from google-genai>=0.3.0->-r requirements.txt (line 5))
2026-01-19T02:28:52.5342649Z   Using cached tenacity-9.1.2-py3-none-any.whl.metadata (1.2 kB)
2026-01-19T02:28:52.6160862Z Collecting websockets<15.1.0,>=13.0.0 (from google-genai>=0.3.0->-r requirements.txt (line 5))
2026-01-19T02:28:52.6177644Z   Using cached websockets-15.0.1-cp311-cp311-manylinux_2_5_x86_64.manylinux1_x86_64.manylinux_2_17_x86_64.manylinux2014_x86_64.whl.metadata (6.8 kB)
2026-01-19T02:28:52.6382648Z Collecting distro<2,>=1.7.0 (from google-genai>=0.3.0->-r requirements.txt (line 5))
2026-01-19T02:28:52.6398476Z   Using cached distro-1.9.0-py3-none-any.whl.metadata (6.8 kB)
2026-01-19T02:28:52.6573118Z Collecting sniffio (from google-genai>=0.3.0->-r requirements.txt (line 5))
2026-01-19T02:28:52.6592838Z   Using cached sniffio-1.3.1-py3-none-any.whl.metadata (3.9 kB)
2026-01-19T02:28:52.6920784Z Collecting pyasn1-modules>=0.2.1 (from google-auth<3.0.0,>=2.47.0->google-auth[requests]<3.0.0,>=2.47.0->google-genai>=0.3.0->-r requirements.txt (line 5))
2026-01-19T02:28:52.6943265Z   Using cached pyasn1_modules-0.4.2-py3-none-any.whl.metadata (3.5 kB)
2026-01-19T02:28:52.7151697Z Collecting rsa<5,>=3.1.4 (from google-auth<3.0.0,>=2.47.0->google-auth[requests]<3.0.0,>=2.47.0->google-genai>=0.3.0->-r requirements.txt (line 5))
2026-01-19T02:28:52.7169080Z   Using cached rsa-4.9.1-py3-none-any.whl.metadata (5.6 kB)
2026-01-19T02:28:52.7517798Z Collecting httpcore==1.* (from httpx<1.0.0,>=0.28.1->google-genai>=0.3.0->-r requirements.txt (line 5))
2026-01-19T02:28:52.7535273Z   Using cached httpcore-1.0.9-py3-none-any.whl.metadata (21 kB)
2026-01-19T02:28:52.7733987Z Collecting h11>=0.16 (from httpcore==1.*->httpx<1.0.0,>=0.28.1->google-genai>=0.3.0->-r requirements.txt (line 5))
2026-01-19T02:28:52.7749366Z   Using cached h11-0.16.0-py3-none-any.whl.metadata (8.3 kB)
2026-01-19T02:28:52.7935480Z Collecting annotated-types>=0.6.0 (from pydantic<3.0.0,>=2.9.0->google-genai>=0.3.0->-r requirements.txt (line 5))
2026-01-19T02:28:52.7951067Z   Using cached annotated_types-0.7.0-py3-none-any.whl.metadata (15 kB)
2026-01-19T02:28:53.4416296Z Collecting pydantic-core==2.41.5 (from pydantic<3.0.0,>=2.9.0->google-genai>=0.3.0->-r requirements.txt (line 5))
2026-01-19T02:28:53.4433283Z   Using cached pydantic_core-2.41.5-cp311-cp311-manylinux_2_17_x86_64.manylinux2014_x86_64.whl.metadata (7.3 kB)
2026-01-19T02:28:53.4626947Z Collecting typing-inspection>=0.4.2 (from pydantic<3.0.0,>=2.9.0->google-genai>=0.3.0->-r requirements.txt (line 5))
2026-01-19T02:28:53.4642113Z   Using cached typing_inspection-0.4.2-py3-none-any.whl.metadata (2.6 kB)
2026-01-19T02:28:53.5710815Z Collecting pyasn1>=0.1.3 (from rsa<5,>=3.1.4->google-auth<3.0.0,>=2.47.0->google-auth[requests]<3.0.0,>=2.47.0->google-genai>=0.3.0->-r requirements.txt (line 5))
2026-01-19T02:28:53.5726006Z   Using cached pyasn1-0.6.2-py3-none-any.whl.metadata (8.4 kB)
2026-01-19T02:28:53.5981364Z Using cached playwright-1.57.0-py3-none-manylinux1_x86_64.whl (46.0 MB)
2026-01-19T02:28:53.6259844Z Using cached greenlet-3.3.0-cp311-cp311-manylinux_2_24_x86_64.manylinux_2_28_x86_64.whl (590 kB)
2026-01-19T02:28:53.6276503Z Using cached pyee-13.0.0-py3-none-any.whl (15 kB)
2026-01-19T02:28:53.6288992Z Using cached python_dotenv-1.2.1-py3-none-any.whl (21 kB)
2026-01-19T02:28:53.6301372Z Using cached requests-2.32.5-py3-none-any.whl (64 kB)
2026-01-19T02:28:53.6314297Z Using cached charset_normalizer-3.4.4-cp311-cp311-manylinux2014_x86_64.manylinux_2_17_x86_64.manylinux_2_28_x86_64.whl (151 kB)
2026-01-19T02:28:53.6326442Z Using cached idna-3.11-py3-none-any.whl (71 kB)
2026-01-19T02:28:53.6338407Z Using cached urllib3-2.6.3-py3-none-any.whl (131 kB)
2026-01-19T02:28:53.6351514Z Using cached pillow-12.1.0-cp311-cp311-manylinux_2_27_x86_64.manylinux_2_28_x86_64.whl (7.0 MB)
2026-01-19T02:28:53.6408598Z Using cached google_genai-1.59.0-py3-none-any.whl (719 kB)
2026-01-19T02:28:53.6427235Z Using cached anyio-4.12.1-py3-none-any.whl (113 kB)
2026-01-19T02:28:53.6440847Z Using cached distro-1.9.0-py3-none-any.whl (20 kB)
2026-01-19T02:28:53.6453902Z Using cached google_auth-2.47.0-py3-none-any.whl (234 kB)
2026-01-19T02:28:53.6467147Z Using cached httpx-0.28.1-py3-none-any.whl (73 kB)
2026-01-19T02:28:53.6479100Z Using cached httpcore-1.0.9-py3-none-any.whl (78 kB)
2026-01-19T02:28:53.6491271Z Using cached pydantic-2.12.5-py3-none-any.whl (463 kB)
2026-01-19T02:28:53.6506302Z Using cached pydantic_core-2.41.5-cp311-cp311-manylinux_2_17_x86_64.manylinux2014_x86_64.whl (2.1 MB)
2026-01-19T02:28:53.6530270Z Using cached rsa-4.9.1-py3-none-any.whl (34 kB)
2026-01-19T02:28:53.6541944Z Using cached tenacity-9.1.2-py3-none-any.whl (28 kB)
2026-01-19T02:28:53.6553964Z Using cached typing_extensions-4.15.0-py3-none-any.whl (44 kB)
2026-01-19T02:28:53.6565925Z Using cached websockets-15.0.1-cp311-cp311-manylinux_2_5_x86_64.manylinux1_x86_64.manylinux_2_17_x86_64.manylinux2014_x86_64.whl (182 kB)
2026-01-19T02:28:53.6578298Z Using cached termcolor-3.3.0-py3-none-any.whl (7.7 kB)
2026-01-19T02:28:53.6590193Z Using cached pyyaml-6.0.3-cp311-cp311-manylinux2014_x86_64.manylinux_2_17_x86_64.manylinux_2_28_x86_64.whl (806 kB)
2026-01-19T02:28:53.6607365Z Using cached opencv_python_headless-4.13.0.90-cp37-abi3-manylinux_2_28_x86_64.whl (62.5 MB)
2026-01-19T02:28:53.6977355Z Using cached numpy-2.4.1-cp311-cp311-manylinux_2_27_x86_64.manylinux_2_28_x86_64.whl (16.7 MB)
2026-01-19T02:28:53.7088591Z Using cached faker-40.1.2-py3-none-any.whl (2.0 MB)
2026-01-19T02:28:53.7114341Z Using cached annotated_types-0.7.0-py3-none-any.whl (13 kB)
2026-01-19T02:28:53.7127025Z Using cached certifi-2026.1.4-py3-none-any.whl (152 kB)
2026-01-19T02:28:53.7140301Z Using cached h11-0.16.0-py3-none-any.whl (37 kB)
2026-01-19T02:28:53.7152391Z Using cached pyasn1-0.6.2-py3-none-any.whl (83 kB)
2026-01-19T02:28:53.7164746Z Using cached pyasn1_modules-0.4.2-py3-none-any.whl (181 kB)
2026-01-19T02:28:53.7177605Z Using cached typing_inspection-0.4.2-py3-none-any.whl (14 kB)
2026-01-19T02:28:53.7189339Z Using cached sniffio-1.3.1-py3-none-any.whl (10 kB)
2026-01-19T02:28:53.9507872Z Installing collected packages: websockets, urllib3, typing-extensions, termcolor, tenacity, sniffio, PyYAML, python-dotenv, pyasn1, pillow, numpy, idna, h11, greenlet, faker, distro, charset_normalizer, certifi, annotated-types, typing-inspection, rsa, requests, pyee, pydantic-core, pyasn1-modules, opencv-python-headless, httpcore, anyio, pydantic, playwright, httpx, google-auth, google-genai
2026-01-19T02:29:00.7149123Z 
2026-01-19T02:29:00.7172876Z Successfully installed PyYAML-6.0.3 annotated-types-0.7.0 anyio-4.12.1 certifi-2026.1.4 charset_normalizer-3.4.4 distro-1.9.0 faker-40.1.2 google-auth-2.47.0 google-genai-1.59.0 greenlet-3.3.0 h11-0.16.0 httpcore-1.0.9 httpx-0.28.1 idna-3.11 numpy-2.4.1 opencv-python-headless-4.13.0.90 pillow-12.1.0 playwright-1.57.0 pyasn1-0.6.2 pyasn1-modules-0.4.2 pydantic-2.12.5 pydantic-core-2.41.5 pyee-13.0.0 python-dotenv-1.2.1 requests-2.32.5 rsa-4.9.1 sniffio-1.3.1 tenacity-9.1.2 termcolor-3.3.0 typing-extensions-4.15.0 typing-inspection-0.4.2 urllib3-2.6.3 websockets-15.0.1
2026-01-19T02:29:01.5295870Z Downloading Chromium 143.0.7499.4 (playwright build v1200) from https://cdn.playwright.dev/dbazure/download/playwright/builds/chromium/1200/chromium-linux.zip
2026-01-19T02:29:01.6368020Z (node:2204) [DEP0169] DeprecationWarning: `url.parse()` behavior is not standardized and prone to errors that have security implications. Use the WHATWG URL API instead. CVEs are not issued for `url.parse()` vulnerabilities.
2026-01-19T02:29:01.6369696Z (Use `node --trace-deprecation ...` to show where the warning was created)
2026-01-19T02:29:01.7993239Z |                                                                                |   0% of 164.7 MiB
2026-01-19T02:29:01.9423600Z |■■■■■■■■                                                                        |  10% of 164.7 MiB
2026-01-19T02:29:02.0271479Z |■■■■■■■■■■■■■■■■                                                                |  20% of 164.7 MiB
2026-01-19T02:29:02.1123784Z |■■■■■■■■■■■■■■■■■■■■■■■■                                                        |  30% of 164.7 MiB
2026-01-19T02:29:02.1720994Z |■■■■■■■■■■■■■■■■■■■■■■■■■■■■■■■■                                                |  40% of 164.7 MiB
2026-01-19T02:29:02.2586326Z |■■■■■■■■■■■■■■■■■■■■■■■■■■■■■■■■■■■■■■■■                                        |  50% of 164.7 MiB
2026-01-19T02:29:02.3499952Z |■■■■■■■■■■■■■■■■■■■■■■■■■■■■■■■■■■■■■■■■■■■■■■■■                                |  60% of 164.7 MiB
2026-01-19T02:29:02.4317970Z |■■■■■■■■■■■■■■■■■■■■■■■■■■■■■■■■■■■■■■■■■■■■■■■■■■■■■■■■                        |  70% of 164.7 MiB
2026-01-19T02:29:02.4928983Z |■■■■■■■■■■■■■■■■■■■■■■■■■■■■■■■■■■■■■■■■■■■■■■■■■■■■■■■■■■■■■■■■                |  80% of 164.7 MiB
2026-01-19T02:29:02.5658630Z |■■■■■■■■■■■■■■■■■■■■■■■■■■■■■■■■■■■■■■■■■■■■■■■■■■■■■■■■■■■■■■■■■■■■■■■■        |  90% of 164.7 MiB
2026-01-19T02:29:02.6298992Z |■■■■■■■■■■■■■■■■■■■■■■■■■■■■■■■■■■■■■■■■■■■■■■■■■■■■■■■■■■■■■■■■■■■■■■■■■■■■■■■■| 100% of 164.7 MiB
2026-01-19T02:29:05.0946055Z Chromium 143.0.7499.4 (playwright build v1200) downloaded to /home/runner/.cache/ms-playwright/chromium-1200
2026-01-19T02:29:05.0952166Z Downloading FFMPEG playwright build v1011 from https://cdn.playwright.dev/dbazure/download/playwright/builds/ffmpeg/1011/ffmpeg-linux.zip
2026-01-19T02:29:05.1958537Z (node:2215) [DEP0169] DeprecationWarning: `url.parse()` behavior is not standardized and prone to errors that have security implications. Use the WHATWG URL API instead. CVEs are not issued for `url.parse()` vulnerabilities.
2026-01-19T02:29:05.1960238Z (Use `node --trace-deprecation ...` to show where the warning was created)
2026-01-19T02:29:05.5076904Z |                                                                                |   0% of 2.3 MiB
2026-01-19T02:29:05.5270964Z |■■■■■■■■                                                                        |  10% of 2.3 MiB
2026-01-19T02:29:05.5350398Z |■■■■■■■■■■■■■■■■                                                                |  20% of 2.3 MiB
2026-01-19T02:29:05.5411611Z |■■■■■■■■■■■■■■■■■■■■■■■■                                                        |  30% of 2.3 MiB
2026-01-19T02:29:05.5448515Z |■■■■■■■■■■■■■■■■■■■■■■■■■■■■■■■■                                                |  40% of 2.3 MiB
2026-01-19T02:29:05.5506825Z |■■■■■■■■■■■■■■■■■■■■■■■■■■■■■■■■■■■■■■■■                                        |  50% of 2.3 MiB
2026-01-19T02:29:05.5555046Z |■■■■■■■■■■■■■■■■■■■■■■■■■■■■■■■■■■■■■■■■■■■■■■■■                                |  60% of 2.3 MiB
2026-01-19T02:29:05.5579073Z |■■■■■■■■■■■■■■■■■■■■■■■■■■■■■■■■■■■■■■■■■■■■■■■■■■■■■■■■                        |  70% of 2.3 MiB
2026-01-19T02:29:05.5591912Z |■■■■■■■■■■■■■■■■■■■■■■■■■■■■■■■■■■■■■■■■■■■■■■■■■■■■■■■■■■■■■■■■                |  80% of 2.3 MiB
2026-01-19T02:29:05.5607875Z |■■■■■■■■■■■■■■■■■■■■■■■■■■■■■■■■■■■■■■■■■■■■■■■■■■■■■■■■■■■■■■■■■■■■■■■■        |  90% of 2.3 MiB
2026-01-19T02:29:05.5624907Z |■■■■■■■■■■■■■■■■■■■■■■■■■■■■■■■■■■■■■■■■■■■■■■■■■■■■■■■■■■■■■■■■■■■■■■■■■■■■■■■■| 100% of 2.3 MiB
2026-01-19T02:29:05.6134355Z FFMPEG playwright build v1011 downloaded to /home/runner/.cache/ms-playwright/ffmpeg-1011
2026-01-19T02:29:05.6138085Z Downloading Chromium Headless Shell 143.0.7499.4 (playwright build v1200) from https://cdn.playwright.dev/dbazure/download/playwright/builds/chromium/1200/chromium-headless-shell-linux.zip
2026-01-19T02:29:05.7123189Z (node:2226) [DEP0169] DeprecationWarning: `url.parse()` behavior is not standardized and prone to errors that have security implications. Use the WHATWG URL API instead. CVEs are not issued for `url.parse()` vulnerabilities.
2026-01-19T02:29:05.7124711Z (Use `node --trace-deprecation ...` to show where the warning was created)
2026-01-19T02:29:05.8694549Z |                                                                                |   0% of 109.7 MiB
2026-01-19T02:29:05.9892595Z |■■■■■■■■                                                                        |  10% of 109.7 MiB
2026-01-19T02:29:06.0498236Z |■■■■■■■■■■■■■■■■                                                                |  20% of 109.7 MiB
2026-01-19T02:29:06.1258315Z |■■■■■■■■■■■■■■■■■■■■■■■■                                                        |  30% of 109.7 MiB
2026-01-19T02:29:06.2335881Z |■■■■■■■■■■■■■■■■■■■■■■■■■■■■■■■■                                                |  40% of 109.7 MiB
2026-01-19T02:29:06.3003745Z |■■■■■■■■■■■■■■■■■■■■■■■■■■■■■■■■■■■■■■■■                                        |  50% of 109.7 MiB
2026-01-19T02:29:06.3686755Z |■■■■■■■■■■■■■■■■■■■■■■■■■■■■■■■■■■■■■■■■■■■■■■■■                                |  60% of 109.7 MiB
2026-01-19T02:29:06.4550533Z |■■■■■■■■■■■■■■■■■■■■■■■■■■■■■■■■■■■■■■■■■■■■■■■■■■■■■■■■                        |  70% of 109.7 MiB
2026-01-19T02:29:06.5216222Z |■■■■■■■■■■■■■■■■■■■■■■■■■■■■■■■■■■■■■■■■■■■■■■■■■■■■■■■■■■■■■■■■                |  80% of 109.7 MiB
2026-01-19T02:29:06.6316936Z |■■■■■■■■■■■■■■■■■■■■■■■■■■■■■■■■■■■■■■■■■■■■■■■■■■■■■■■■■■■■■■■■■■■■■■■■        |  90% of 109.7 MiB
2026-01-19T02:29:06.6834647Z |■■■■■■■■■■■■■■■■■■■■■■■■■■■■■■■■■■■■■■■■■■■■■■■■■■■■■■■■■■■■■■■■■■■■■■■■■■■■■■■■| 100% of 109.7 MiB
2026-01-19T02:29:08.6263192Z Chromium Headless Shell 143.0.7499.4 (playwright build v1200) downloaded to /home/runner/.cache/ms-playwright/chromium_headless_shell-1200
2026-01-19T02:29:08.6504464Z ##[group]Run mkdir -p projects/ci_automation_practice
2026-01-19T02:29:08.6504961Z [36;1mmkdir -p projects/ci_automation_practice[0m
2026-01-19T02:29:08.6505358Z [36;1mcat > projects/ci_automation_practice/config.json << 'EOF'[0m
2026-01-19T02:29:08.6505693Z [36;1m{[0m
2026-01-19T02:29:08.6505921Z [36;1m  "project_name": "ci_automation_practice",[0m
2026-01-19T02:29:08.6506311Z [36;1m  "target_url": "http://www.automationpractice.pl/",[0m
2026-01-19T02:29:08.6506687Z [36;1m  "goal": "Practice automation scenarios",[0m
2026-01-19T02:29:08.6506991Z [36;1m  "headless": true[0m
2026-01-19T02:29:08.6507216Z [36;1m}[0m
2026-01-19T02:29:08.6507415Z [36;1mEOF[0m
2026-01-19T02:29:08.6531404Z shell: /usr/bin/bash -e {0}
2026-01-19T02:29:08.6531702Z env:
2026-01-19T02:29:08.6532015Z   pythonLocation: /opt/hostedtoolcache/Python/3.11.14/x64
2026-01-19T02:29:08.6532445Z   PKG_CONFIG_PATH: /opt/hostedtoolcache/Python/3.11.14/x64/lib/pkgconfig
2026-01-19T02:29:08.6532949Z   Python_ROOT_DIR: /opt/hostedtoolcache/Python/3.11.14/x64
2026-01-19T02:29:08.6533351Z   Python2_ROOT_DIR: /opt/hostedtoolcache/Python/3.11.14/x64
2026-01-19T02:29:08.6533733Z   Python3_ROOT_DIR: /opt/hostedtoolcache/Python/3.11.14/x64
2026-01-19T02:29:08.6534113Z   LD_LIBRARY_PATH: /opt/hostedtoolcache/Python/3.11.14/x64/lib
2026-01-19T02:29:08.6534455Z ##[endgroup]
2026-01-19T02:29:08.6645885Z ##[group]Run # Use --deep for comprehensive regression suite
2026-01-19T02:29:08.6646408Z [36;1m# Use --deep for comprehensive regression suite[0m
2026-01-19T02:29:08.6646909Z [36;1mpython orchestrator.py --project projects/ci_automation_practice --deep --force[0m
2026-01-19T02:29:08.6669660Z shell: /usr/bin/bash -e {0}
2026-01-19T02:29:08.6669992Z env:
2026-01-19T02:29:08.6670295Z   pythonLocation: /opt/hostedtoolcache/Python/3.11.14/x64
2026-01-19T02:29:08.6670726Z   PKG_CONFIG_PATH: /opt/hostedtoolcache/Python/3.11.14/x64/lib/pkgconfig
2026-01-19T02:29:08.6671143Z   Python_ROOT_DIR: /opt/hostedtoolcache/Python/3.11.14/x64
2026-01-19T02:29:08.6671782Z   Python2_ROOT_DIR: /opt/hostedtoolcache/Python/3.11.14/x64
2026-01-19T02:29:08.6672168Z   Python3_ROOT_DIR: /opt/hostedtoolcache/Python/3.11.14/x64
2026-01-19T02:29:08.6672536Z   LD_LIBRARY_PATH: /opt/hostedtoolcache/Python/3.11.14/x64/lib
2026-01-19T02:29:08.6673121Z   GOOGLE_API_KEY: ***
2026-01-19T02:29:08.6673449Z   PYTHONPATH: .
2026-01-19T02:29:08.6673648Z ##[endgroup]
2026-01-19T02:29:10.3292218Z 🚀 [DEEP] Extensive mapping enabled (Depth: 3, Pages: 50)
2026-01-19T02:29:10.3292714Z 
2026-01-19T02:29:10.3293446Z 🗺️ [DISCOVERY] Starting Parallel Semantic Crawl on http://www.automationpractice.pl/ (Workers: 3)
2026-01-19T02:29:11.5333994Z   🔍 [Worker 0] Visiting (0): http://www.automationpractice.pl/
2026-01-19T02:29:15.7446234Z [DEBUG] Sending request to gemini-2.0-flash. Number of parts: 1
2026-01-19T02:29:15.7446899Z [DEBUG] Received response (Length: 309)
2026-01-19T02:29:15.7448013Z   🔍 [Worker 1] Visiting (1): http://www.automationpractice.pl/index.php?controller=identity
2026-01-19T02:29:15.7454351Z   🔍 [Worker 2] Visiting (1): http://www.automationpractice.pl/index.php?id_product=3&controller=product
2026-01-19T02:29:15.7510129Z   🔍 [Worker 0] Visiting (1): http://www.automationpractice.pl/index.php?controller=order
2026-01-19T02:29:20.6126766Z [DEBUG] Sending request to gemini-2.0-flash. Number of parts: 1
2026-01-19T02:29:20.6128466Z [DEBUG] Sending request to gemini-2.0-flash. Number of parts: 1
2026-01-19T02:29:20.6129240Z [DEBUG] Sending request to gemini-2.0-flash. Number of parts: 1
2026-01-19T02:29:20.6130128Z [DEBUG] Received response (Length: 352)
2026-01-19T02:29:20.6131378Z   🔍 [Worker 1] Visiting (1): http://www.automationpractice.pl/index.php?id_category=7&controller=category
2026-01-19T02:29:20.8408491Z [DEBUG] Received response (Length: 417)
2026-01-19T02:29:20.8411113Z   🔍 [Worker 2] Visiting (1): http://www.automationpractice.pl/index.php?id_category=10&controller=category
2026-01-19T02:29:20.9761734Z [DEBUG] Received response (Length: 348)
2026-01-19T02:29:20.9767305Z   🔍 [Worker 0] Visiting (1): http://www.automationpractice.pl
2026-01-19T02:29:21.7285024Z [CACHE HIT] 602306d7... (hits: 1, misses: 6)
2026-01-19T02:29:21.7288388Z   🔍 [Worker 0] Visiting (1): http://www.automationpractice.pl/index.php?id_cms=4&controller=cms
2026-01-19T02:29:25.6454949Z [DEBUG] Sending request to gemini-2.0-flash. Number of parts: 1
2026-01-19T02:29:25.6455981Z [DEBUG] Sending request to gemini-2.0-flash. Number of parts: 1
2026-01-19T02:29:25.6456771Z [DEBUG] Sending request to gemini-2.0-flash. Number of parts: 1
2026-01-19T02:29:25.6458606Z [DEBUG] Received response (Length: 349)
2026-01-19T02:29:25.6460033Z   🔍 [Worker 1] Visiting (1): http://www.automationpractice.pl/index.php?id_category=4&controller=category
2026-01-19T02:29:25.7695207Z [DEBUG] Received response (Length: 374)
2026-01-19T02:29:25.7697423Z   🔍 [Worker 0] Visiting (1): http://www.automationpractice.pl/index.php?id_cms=3&controller=cms
2026-01-19T02:29:25.9404190Z [DEBUG] Received response (Length: 563)
2026-01-19T02:29:25.9417947Z   🔍 [Worker 2] Visiting (1): http://www.automationpractice.pl/index.php?controller=order-slip
2026-01-19T02:29:26.5347656Z [CACHE HIT] e6083124... (hits: 2, misses: 9)
2026-01-19T02:29:26.5348898Z   🔍 [Worker 2] Visiting (1): http://www.automationpractice.pl/index.php?controller=addresses
2026-01-19T02:29:27.1247740Z [CACHE HIT] e6083124... (hits: 3, misses: 9)
2026-01-19T02:29:27.1249677Z   🔍 [Worker 2] Visiting (1): http://www.automationpractice.pl/index.php?id_product=1&controller=product
2026-01-19T02:29:30.5054286Z [DEBUG] Sending request to gemini-2.0-flash. Number of parts: 1
2026-01-19T02:29:30.5056166Z [DEBUG] Sending request to gemini-2.0-flash. Number of parts: 1
2026-01-19T02:29:30.5075329Z [DEBUG] Sending request to gemini-2.0-flash. Number of parts: 1
2026-01-19T02:29:30.5075957Z [DEBUG] Received response (Length: 200)
2026-01-19T02:29:30.5077228Z   🔍 [Worker 0] Visiting (1): http://www.automationpractice.pl/index.php?id_product=2&controller=product
2026-01-19T02:29:30.8924848Z [DEBUG] Received response (Length: 491)
2026-01-19T02:29:30.8928570Z   🔍 [Worker 1] Visiting (1): http://www.automationpractice.pl/index.php?controller=my-account
2026-01-19T02:29:31.0082280Z [DEBUG] Received response (Length: 521)
2026-01-19T02:29:31.0083701Z   🔍 [Worker 2] Visiting (1): http://www.automationpractice.pl/index.php?id_category=11&controller=category
2026-01-19T02:29:31.6160725Z [CACHE HIT] e6083124... (hits: 4, misses: 11)
2026-01-19T02:29:31.6162043Z   🔍 [Worker 1] Visiting (1): http://www.automationpractice.pl/index.php?controller=stores
2026-01-19T02:29:35.6454695Z [DEBUG] Sending request to gemini-2.0-flash. Number of parts: 1
2026-01-19T02:29:35.6455685Z [DEBUG] Sending request to gemini-2.0-flash. Number of parts: 1
2026-01-19T02:29:35.6456546Z [DEBUG] Sending request to gemini-2.0-flash. Number of parts: 1
2026-01-19T02:29:35.6457206Z [DEBUG] Received response (Length: 412)
2026-01-19T02:29:35.6458509Z   🔍 [Worker 1] Visiting (1): http://www.automationpractice.pl/index.php?id_category=8&controller=category
2026-01-19T02:29:35.7101118Z [DEBUG] Received response (Length: 393)
2026-01-19T02:29:35.7102862Z   🔍 [Worker 2] Visiting (1): http://www.automationpractice.pl/index.php?id_category=9&controller=category
2026-01-19T02:29:35.8473062Z [DEBUG] Received response (Length: 422)
2026-01-19T02:29:35.8488806Z   🔍 [Worker 0] Visiting (1): http://www.automationpractice.pl/index.php
2026-01-19T02:29:36.3553207Z [CACHE HIT] 602306d7... (hits: 5, misses: 15)
2026-01-19T02:29:36.3554796Z   🔍 [Worker 0] Visiting (1): http://www.automationpractice.pl/index.php?id_product=7&controller=product
2026-01-19T02:29:40.4790831Z [DEBUG] Sending request to gemini-2.0-flash. Number of parts: 1
2026-01-19T02:29:40.4791745Z [DEBUG] Sending request to gemini-2.0-flash. Number of parts: 1
2026-01-19T02:29:40.4792501Z [DEBUG] Sending request to gemini-2.0-flash. Number of parts: 1
2026-01-19T02:29:40.4793238Z [DEBUG] Received response (Length: 260)
2026-01-19T02:29:40.4794555Z   🔍 [Worker 1] Visiting (1): http://www.automationpractice.pl/index.php?id_category=5&controller=category
2026-01-19T02:29:40.5352537Z [DEBUG] Received response (Length: 205)
2026-01-19T02:29:40.5353988Z   🔍 [Worker 0] Visiting (1): http://www.automationpractice.pl/index.php?id_product=6&controller=product
2026-01-19T02:29:40.8386854Z [DEBUG] Received response (Length: 455)
2026-01-19T02:29:40.8391833Z   🔍 [Worker 2] Visiting (1): http://www.automationpractice.pl/index.php?id_category=3&controller=category
2026-01-19T02:29:45.5656250Z [DEBUG] Sending request to gemini-2.0-flash. Number of parts: 1
2026-01-19T02:29:45.5656950Z [DEBUG] Sending request to gemini-2.0-flash. Number of parts: 1
2026-01-19T02:29:45.5657578Z [DEBUG] Sending request to gemini-2.0-flash. Number of parts: 1
2026-01-19T02:29:45.5658986Z [DEBUG] Received response (Length: 257)
2026-01-19T02:29:45.5660261Z   🔍 [Worker 2] Visiting (1): http://www.automationpractice.pl/index.php?id_product=5&controller=product
2026-01-19T02:29:45.8182995Z [DEBUG] Received response (Length: 485)
2026-01-19T02:29:45.8184195Z   🔍 [Worker 1] Visiting (1): http://www.automationpractice.pl/index.php?controller=history
2026-01-19T02:29:46.0152985Z [DEBUG] Received response (Length: 613)
2026-01-19T02:29:46.0155879Z   🔍 [Worker 0] Visiting (1): http://www.automationpractice.pl/index.php?controller=contact
2026-01-19T02:29:46.4066211Z [CACHE HIT] e6083124... (hits: 6, misses: 20)
2026-01-19T02:29:46.4067668Z   🔍 [Worker 1] Visiting (2): http://www.automationpractice.pl/index.php?controller=password
2026-01-19T02:29:50.3702542Z [DEBUG] Sending request to gemini-2.0-flash. Number of parts: 1
2026-01-19T02:29:50.3703476Z [DEBUG] Sending request to gemini-2.0-flash. Number of parts: 1
2026-01-19T02:29:50.3704240Z [DEBUG] Sending request to gemini-2.0-flash. Number of parts: 1
2026-01-19T02:29:50.3704865Z [DEBUG] Received response (Length: 193)
2026-01-19T02:29:50.3706004Z   🔍 [Worker 1] Visiting (2): http://www.automationpractice.pl/index.php?id_cms=1&controller=cms
2026-01-19T02:29:50.4589213Z [DEBUG] Received response (Length: 238)
2026-01-19T02:29:50.4591064Z   🔍 [Worker 0] Visiting (2): http://www.automationpractice.pl/index.php?id_cms=5&controller=cms
2026-01-19T02:29:50.6223189Z [DEBUG] Received response (Length: 257)
2026-01-19T02:29:50.6224365Z   🔍 [Worker 2] Visiting (2): http://www.automationpractice.pl/index.php?controller=prices-drop
2026-01-19T02:29:55.5992077Z [DEBUG] Sending request to gemini-2.0-flash. Number of parts: 1
2026-01-19T02:29:55.5993556Z [DEBUG] Sending request to gemini-2.0-flash. Number of parts: 1
2026-01-19T02:29:55.6000430Z [DEBUG] Sending request to gemini-2.0-flash. Number of parts: 1
2026-01-19T02:29:55.6006413Z [DEBUG] Received response (Length: 278)
2026-01-19T02:29:55.6007651Z   🔍 [Worker 2] Visiting (2): http://www.automationpractice.pl/index.php?id_cms=2&controller=cms
2026-01-19T02:29:55.7090038Z [DEBUG] Received response (Length: 399)
2026-01-19T02:29:55.7091679Z   🔍 [Worker 1] Visiting (2): http://www.automationpractice.pl/index.php?id_cms_category=1&controller=cms
2026-01-19T02:29:55.7684214Z [DEBUG] Received response (Length: 412)
2026-01-19T02:29:55.7685607Z   🔍 [Worker 0] Visiting (2): http://www.automationpractice.pl/index.php?id_product=4&controller=product
2026-01-19T02:30:00.5596335Z [DEBUG] Sending request to gemini-2.0-flash. Number of parts: 1
2026-01-19T02:30:00.5597610Z [DEBUG] Sending request to gemini-2.0-flash. Number of parts: 1
2026-01-19T02:30:00.5598581Z [DEBUG] Sending request to gemini-2.0-flash. Number of parts: 1
2026-01-19T02:30:00.5599761Z [DEBUG] Received response (Length: 274)
2026-01-19T02:30:00.5601168Z   🔍 [Worker 1] Visiting (3): http://www.automationpractice.pl/index.php?controller=authentication
2026-01-19T02:30:00.5887912Z [DEBUG] Received response (Length: 289)
2026-01-19T02:30:00.5897831Z   🔍 [Worker 2] Visiting (3): http://www.automationpractice.pl/index.php?controller=best-sales
2026-01-19T02:30:00.6774203Z [DEBUG] Received response (Length: 302)
2026-01-19T02:30:00.6775738Z   🔍 [Worker 0] Visiting (3): http://www.automationpractice.pl/index.php?controller=manufacturer
2026-01-19T02:30:00.9505016Z [CACHE HIT] e6083124... (hits: 7, misses: 28)
2026-01-19T02:30:00.9511230Z   🔍 [Worker 1] Visiting (3): http://www.automationpractice.pl/index.php?controller=supplier
2026-01-19T02:30:05.3723058Z [DEBUG] Sending request to gemini-2.0-flash. Number of parts: 1
2026-01-19T02:30:05.3723894Z [DEBUG] Sending request to gemini-2.0-flash. Number of parts: 1
2026-01-19T02:30:05.3724670Z [DEBUG] Sending request to gemini-2.0-flash. Number of parts: 1
2026-01-19T02:30:05.3725315Z [DEBUG] Received response (Length: 157)
2026-01-19T02:30:05.3726571Z   🔍 [Worker 2] Visiting (3): http://www.automationpractice.pl/index.php?id_supplier=1&controller=supplier
2026-01-19T02:30:05.7634935Z [DEBUG] Received response (Length: 436)
2026-01-19T02:30:05.7637708Z   🔍 [Worker 1] Visiting (3): http://www.automationpractice.pl/index.php?id_manufacturer=1&controller=manufacturer
2026-01-19T02:30:10.7051190Z [DEBUG] Received response (Length: 383)
2026-01-19T02:30:10.7051911Z [DEBUG] Sending request to gemini-2.0-flash. Number of parts: 1
2026-01-19T02:30:10.7052705Z [DEBUG] Sending request to gemini-2.0-flash. Number of parts: 1
2026-01-19T02:30:10.7053251Z [DEBUG] Received response (Length: 234)
2026-01-19T02:30:10.7053698Z [DEBUG] Received response (Length: 331)
2026-01-19T02:30:10.7056355Z ✅ Discovery Complete. Mapped 40 pages.
2026-01-19T02:30:22.8529352Z 
2026-01-19T02:30:22.8530282Z [PLAN] PLANNER: Planning goal -> 'Practice automation scenarios' (Deep Mode: True)
2026-01-19T02:30:22.8531465Z 🗺️ [PLAN] Loaded Sitemap with 40 pages.
2026-01-19T02:30:22.8532617Z 🎭 [EXPERT] Detected Domain: GENERAL. Persona: Act as Senior SDET focusing on exploring the application to understand functional flow and identifying critical paths for end-to-end automation
2026-01-19T02:30:22.8533572Z [DEBUG] Sending request to gemini-2.0-flash. Number of parts: 1
2026-01-19T02:30:22.8533986Z [DEBUG] Received response (Length: 8948)
2026-01-19T02:30:22.8534399Z ✅ Planner generated 3 scenarios. Workflow updated.
2026-01-19T02:30:23.7853239Z 
2026-01-19T02:30:23.7854460Z 🕵️ [DEEP EXPLORER] Starting Multi-Scenario Exploration
2026-01-19T02:30:23.7855037Z 📋 Found 3 scenarios to explore.
2026-01-19T02:30:24.1125118Z 
2026-01-19T02:30:24.1126329Z [1/3] Exploring Scenario: Complete Purchase Flow
2026-01-19T02:30:24.1127780Z     🧠 Initialized exploration context for goal: 'Practice automation scenarios'
2026-01-19T02:30:24.1129205Z   ▶️ [STEP step_1] NAVIGATE: 
2026-01-19T02:30:26.9253217Z     ✅ Navigated to http://www.automationpractice.pl/
2026-01-19T02:30:26.9254019Z   ▶️ [STEP step_2] ASSERT_URL: 
2026-01-19T02:30:31.9562526Z     ⚠️ Scroll into view failed for text=None. Proceeding anyway.
2026-01-19T02:30:33.9585610Z     ✅ State transitioned.
2026-01-19T02:30:35.8160586Z [DEBUG] Sending request to gemini-2.0-flash. Number of parts: 2
2026-01-19T02:30:35.8161107Z [DEBUG] Received response (Length: 225)
2026-01-19T02:30:35.8161768Z     🤖 AI Next Step Suggestion: navigate -> Dresses
2026-01-19T02:30:35.8162198Z     🧩 Suggested Locator: a[title='Dresses']
2026-01-19T02:30:35.8162784Z     💭 Reasoning: Navigating to the 'Dresses' category will allow me to explore products and practice automation scenarios.
2026-01-19T02:30:35.8163324Z     ➕ Injected AI step: navigate -> Dresses
2026-01-19T02:30:35.8163668Z   ▶️ [STEP step_2_ai_1] NAVIGATE: Dresses
2026-01-19T02:30:36.3256499Z     ❌ Navigation failed to Dresses: Page.goto: Protocol error (Page.navigate): Cannot navigate to invalid URL
2026-01-19T02:30:36.3257542Z Call log:
2026-01-19T02:30:36.3258128Z   - navigating to "Dresses", waiting until "domcontentloaded"
2026-01-19T02:30:36.3258722Z 
2026-01-19T02:30:36.3259779Z     ⚠️ Critical step failure: Page.goto: Protocol error (Page.navigate): Cannot navigate to invalid URL
2026-01-19T02:30:36.3260854Z Call log:
2026-01-19T02:30:36.3261272Z   - navigating t
2026-01-19T02:30:36.3261840Z   ▶️ [STEP step_3] CLICK: Women
2026-01-19T02:30:36.3339091Z     🔍 Mining locators for: 'Women'
2026-01-19T02:30:36.4404608Z     ✅ Found 3 verified locators
2026-01-19T02:30:40.2872898Z     ✅ State transitioned.
2026-01-19T02:30:42.0777332Z [DEBUG] Sending request to gemini-2.0-flash. Number of parts: 2
2026-01-19T02:30:42.0778096Z [DEBUG] Received response (Length: 235)
2026-01-19T02:30:42.0779033Z     🤖 AI Next Step Suggestion: click -> Faded Short Sleeve T-shirts
2026-01-19T02:30:42.0780113Z     🧩 Suggested Locator: a[title='Faded Short Sleeve T-shirts']
2026-01-19T02:30:42.0781236Z     💭 Reasoning: Navigating to a specific product to explore further details and potentially add it to the cart.
2026-01-19T02:30:42.0781937Z     ➕ Injected AI step: click -> Faded Short Sleeve T-shirts
2026-01-19T02:30:42.0782424Z   ▶️ [STEP step_3_ai_1] CLICK: Faded Short Sleeve T-shirts
2026-01-19T02:30:42.0948581Z     🎯 Using AI-provided locator: a[title='Faded Short Sleeve T-shirts']
2026-01-19T02:30:42.1018106Z     ✅ Found 1 verified locators
2026-01-19T02:30:46.1691244Z     ✅ State transitioned.
2026-01-19T02:30:48.0458870Z [DEBUG] Sending request to gemini-2.0-flash. Number of parts: 2
2026-01-19T02:30:48.0459860Z [DEBUG] Received response (Length: 273)
2026-01-19T02:30:48.0460948Z     🤖 AI Next Step Suggestion: click -> close the product details popup
2026-01-19T02:30:48.0461711Z     🧩 Suggested Locator: .fancybox-close
2026-01-19T02:30:48.0462769Z     💭 Reasoning: The product details are displayed in a popup. Since the product is out of stock, the next logical step is to close the popup and explore other products.
2026-01-19T02:30:48.0463527Z     ➕ Injected AI step: click -> close the product details popup
2026-01-19T02:30:48.0463966Z   ▶️ [STEP step_3_ai_2] CLICK: close the product details popup
2026-01-19T02:30:48.0536456Z     🎯 Using AI-provided locator: .fancybox-close
2026-01-19T02:30:48.0611324Z     ✅ Found 1 verified locators
2026-01-19T02:30:52.1221495Z     ✅ State transitioned.
2026-01-19T02:30:53.9336943Z [DEBUG] Sending request to gemini-2.0-flash. Number of parts: 2
2026-01-19T02:30:53.9337742Z [DEBUG] Received response (Length: 173)
2026-01-19T02:30:53.9338936Z     🤖 AI Next Step Suggestion: click -> Blouse
2026-01-19T02:30:53.9339822Z     💭 Reasoning: To explore another product on the page and practice automation scenarios.
2026-01-19T02:30:53.9340375Z     ➕ Injected AI step: click -> Blouse
2026-01-19T02:30:53.9340748Z   ▶️ [STEP step_3_ai_3] CLICK: Blouse
2026-01-19T02:30:53.9436319Z     🔍 Mining locators for: 'Blouse'
2026-01-19T02:30:54.2137964Z     ✅ Found 5 verified locators
2026-01-19T02:30:57.7915276Z     ✅ State transitioned.
2026-01-19T02:30:57.8072722Z     🔄 Revisited state detected (count: 1)
2026-01-19T02:30:59.6861081Z [DEBUG] Sending request to gemini-2.0-flash. Number of parts: 2
2026-01-19T02:30:59.6861856Z [DEBUG] Received response (Length: 263)
2026-01-19T02:30:59.6863011Z     🤖 AI Next Step Suggestion: click -> close the product details popup
2026-01-19T02:30:59.6864057Z     🧩 Suggested Locator: css=a.fancybox-item.fancybox-close
2026-01-19T02:30:59.6865765Z     💭 Reasoning: The Blouse product details popup is open, and the next logical step is to close it to continue exploring the category page.
2026-01-19T02:30:59.6867467Z     ➕ Injected AI step: click -> close the product details popup
2026-01-19T02:30:59.6868488Z   ▶️ [STEP step_3_ai_4] CLICK: close the product details popup
2026-01-19T02:30:59.6957561Z     🎯 Using AI-provided locator: css=a.fancybox-item.fancybox-close
2026-01-19T02:30:59.7060135Z     ✅ Found 1 verified locators
2026-01-19T02:31:03.2534053Z     ✅ State transitioned.
2026-01-19T02:31:03.2677990Z     🔄 Revisited state detected (count: 2)
2026-01-19T02:31:04.8118847Z [DEBUG] Sending request to gemini-2.0-flash. Number of parts: 2
2026-01-19T02:31:04.8119871Z [DEBUG] Received response (Length: 173)
2026-01-19T02:31:04.8120849Z     🤖 AI Next Step Suggestion: click -> Printed Dress
2026-01-19T02:31:04.8121702Z     🧩 Suggested Locator: a[title='Printed Dress']
2026-01-19T02:31:04.8122763Z     💭 Reasoning: To explore another product and practice automation scenarios.
2026-01-19T02:31:04.8123887Z     ➕ Injected AI step: click -> Printed Dress
2026-01-19T02:31:04.8124707Z   ▶️ [STEP step_3_ai_5] CLICK: Printed Dress
2026-01-19T02:31:04.8209820Z     🎯 Using AI-provided locator: a[title='Printed Dress']
2026-01-19T02:31:04.8289184Z     ✅ Found 1 verified locators
2026-01-19T02:31:08.9015432Z     ✅ State transitioned.
2026-01-19T02:31:08.9165448Z     🔄 Revisited state detected (count: 3)
2026-01-19T02:31:08.9166059Z     ⚠️ Too many revisits (3). Stopping AI step injection to prevent loops.
2026-01-19T02:31:08.9166549Z   ▶️ [STEP step_4] ASSERT_URL: 
2026-01-19T02:31:13.9369386Z     ⚠️ Scroll into view failed for text=None. Proceeding anyway.
2026-01-19T02:31:15.9372721Z     ✅ State transitioned.
2026-01-19T02:31:15.9528752Z     🔄 Revisited state detected (count: 4)
2026-01-19T02:31:15.9529887Z     ⚠️ Too many revisits (4). Stopping AI step injection to prevent loops.
2026-01-19T02:31:15.9530778Z   ▶️ [STEP step_5] CLICK: Faded Short Sleeve T-shirts
2026-01-19T02:31:15.9623591Z     🔍 Mining locators for: 'Faded Short Sleeve T-shirts'
2026-01-19T02:31:16.2981803Z     ✅ Found 4 verified locators
2026-01-19T02:31:19.8619153Z     ✅ State transitioned.
2026-01-19T02:31:21.5407555Z [DEBUG] Sending request to gemini-2.0-flash. Number of parts: 2
2026-01-19T02:31:21.5408806Z [DEBUG] Received response (Length: 284)
2026-01-19T02:31:21.5410764Z     🤖 AI Next Step Suggestion: navigate -> http://www.automationpractice.pl/index.php?id_category=3&controller=category
2026-01-19T02:31:21.5412922Z     💭 Reasoning: The current product is out of stock. Navigating back to the category page allows selecting a different product.
2026-01-19T02:31:21.5414878Z     ➕ Injected AI step: navigate -> http://www.automationpractice.pl/index.php?id_category=3&controller=category
2026-01-19T02:31:21.5416808Z   ▶️ [STEP step_5_ai_1] NAVIGATE: http://www.automationpractice.pl/index.php?id_category=3&controller=category
2026-01-19T02:31:22.5503654Z     ✅ Navigated to http://www.automationpractice.pl/index.php?id_category=3&controller=category
2026-01-19T02:31:22.5505205Z   ▶️ [STEP step_6] ASSERT_URL: 
2026-01-19T02:31:27.5904624Z     ⚠️ Scroll into view failed for text=None. Proceeding anyway.
2026-01-19T02:31:29.5929982Z     ✅ State transitioned.
2026-01-19T02:31:29.6086536Z     🔄 Revisited state detected (count: 1)
2026-01-19T02:31:31.1214530Z [DEBUG] Sending request to gemini-2.0-flash. Number of parts: 2
2026-01-19T02:31:31.1215180Z [DEBUG] Received response (Length: 201)
2026-01-19T02:31:31.1309299Z     🤖 AI Next Step Suggestion: click -> Printed Dress
2026-01-19T02:31:31.1310020Z     🧩 Suggested Locator: a[title='Printed Dress']
2026-01-19T02:31:31.1310792Z     💭 Reasoning: To explore another product within the Women's category and practice automation scenarios.
2026-01-19T02:31:31.1311381Z     ➕ Injected AI step: click -> Printed Dress
2026-01-19T02:31:31.1311848Z   ▶️ [STEP step_6_ai_1] CLICK: Printed Dress
2026-01-19T02:31:31.1323489Z     🎯 Using AI-provided locator: a[title='Printed Dress']
2026-01-19T02:31:31.1417726Z     ✅ Found 1 verified locators
2026-01-19T02:31:35.2399681Z     ✅ State transitioned.
2026-01-19T02:31:35.2550614Z     🔄 Revisited state detected (count: 2)
2026-01-19T02:31:37.2407809Z [DEBUG] Sending request to gemini-2.0-flash. Number of parts: 2
2026-01-19T02:31:37.2408423Z [DEBUG] Received response (Length: 251)
2026-01-19T02:31:37.2409204Z     🤖 AI Next Step Suggestion: click -> close the product details popup
2026-01-19T02:31:37.2410030Z     🧩 Suggested Locator: css=a.fancybox-close
2026-01-19T02:31:37.2410751Z     💭 Reasoning: The product details popup is currently open, and the next logical step is to close it to continue browsing the category page.
2026-01-19T02:31:37.2411471Z     ➕ Injected AI step: click -> close the product details popup
2026-01-19T02:31:37.2411946Z   ▶️ [STEP step_6_ai_2] CLICK: close the product details popup
2026-01-19T02:31:37.2513190Z     🎯 Using AI-provided locator: css=a.fancybox-close
2026-01-19T02:31:37.2606877Z     ✅ Found 1 verified locators
2026-01-19T02:31:40.8218540Z     ✅ State transitioned.
2026-01-19T02:31:40.8371824Z     🔄 Revisited state detected (count: 3)
2026-01-19T02:31:40.8372433Z     ⚠️ Too many revisits (3). Stopping AI step injection to prevent loops.
2026-01-19T02:31:40.8372919Z   ▶️ [STEP step_7] CLICK: Add to cart
2026-01-19T02:31:40.8451342Z     🔍 Mining locators for: 'Add to cart'
2026-01-19T02:31:40.9680941Z     🧠 Consulting AI (Vision-First) to find 'Add to cart'...
2026-01-19T02:31:40.9692504Z     🔍 Trying smart selectors for 'Add to cart'...
2026-01-19T02:31:41.0096346Z     ⚠️ Smart selectors failed (no unique match). Falling back to AI Vision...
2026-01-19T02:31:41.0097336Z     ⚠️ Critical step failure: name 'time' is not defined
2026-01-19T02:31:41.0098102Z   ▶️ [STEP step_8] WAIT_FOR_ELEMENT: Proceed to checkout
2026-01-19T02:31:41.0175979Z     🔍 Mining locators for: 'Proceed to checkout'
2026-01-19T02:31:41.1307804Z     🧠 Consulting AI (Vision-First) to find 'Proceed to checkout'...
2026-01-19T02:31:41.1308707Z     🔍 Trying smart selectors for 'Proceed to checkout'...
2026-01-19T02:31:41.1648639Z     ✅ Smart selector found 'Proceed to checkout' via a-text-exact (confidence: 0.9)
2026-01-19T02:31:41.1719838Z     ✅ Found 1 verified locators
2026-01-19T02:31:46.6885739Z     ⚠️ Scroll into view failed for a:has-text('Proceed to checkout'). Proceeding anyway.
2026-01-19T02:31:48.6908309Z     ✅ State transitioned.
2026-01-19T02:31:48.7066707Z     🔄 Revisited state detected (count: 4)
2026-01-19T02:31:48.7067555Z     ⚠️ Too many revisits (4). Stopping AI step injection to prevent loops.
2026-01-19T02:31:48.7068364Z   ▶️ [STEP step_9] CLICK: Proceed to checkout
2026-01-19T02:31:48.7152292Z     🔍 Mining locators for: 'Proceed to checkout'
2026-01-19T02:31:48.9157934Z     🧠 Consulting AI (Vision-First) to find 'Proceed to checkout'...
2026-01-19T02:31:48.9158554Z     🔍 Trying smart selectors for 'Proceed to checkout'...
2026-01-19T02:31:48.9520531Z     ✅ Smart selector found 'Proceed to checkout' via a-text-exact (confidence: 0.9)
2026-01-19T02:31:48.9592089Z     ✅ Found 1 verified locators
2026-01-19T02:31:54.4759800Z     ⚠️ Scroll into view failed for a:has-text('Proceed to checkout'). Proceeding anyway.
2026-01-19T02:31:54.9936683Z     ⚠️ Action failed: Locator.click: Element is not visible
2026-01-19T02:31:54.9937183Z Call log:
2026-01-19T02:31:54.9937459Z   ...
2026-01-19T02:31:56.7286299Z [DEBUG] Sending request to gemini-2.0-flash. Number of parts: 2
2026-01-19T02:31:56.7287124Z [DEBUG] Received response (Length: 271)
2026-01-19T02:31:56.7289869Z     ✨ AI Heal Reasoning: The 'Compare (0) >' button is the most visually prominent element that could lead to a checkout process, even though it's for comparison. It's a link (<a> tag) with 'compare' in the href attribute.
2026-01-19T02:31:56.7292233Z     ✨ AI healed exploration action! New selector: a[href*='compare']
2026-01-19T02:32:02.2355789Z     ⚠️ Scroll into view failed for a[href*='compare']. Proceeding anyway.
2026-01-19T02:32:07.2380840Z   ▶️ [STEP step_10] ASSERT_URL: 
2026-01-19T02:32:12.2581114Z     ⚠️ Scroll into view failed for text=None. Proceeding anyway.
2026-01-19T02:32:14.2603549Z     ✅ State transitioned.
2026-01-19T02:32:14.2748083Z     🔄 Revisited state detected (count: 5)
2026-01-19T02:32:14.2748685Z     ⚠️ Too many revisits (5). Stopping AI step injection to prevent loops.
2026-01-19T02:32:14.2749140Z   ▶️ [STEP step_11] CLICK: Proceed to checkout
2026-01-19T02:32:14.2807068Z     🔍 Mining locators for: 'Proceed to checkout'
2026-01-19T02:32:14.4283728Z     🧠 Consulting AI (Vision-First) to find 'Proceed to checkout'...
2026-01-19T02:32:14.4284316Z     🔍 Trying smart selectors for 'Proceed to checkout'...
2026-01-19T02:32:14.4550659Z     ✅ Smart selector found 'Proceed to checkout' via a-text-exact (confidence: 0.9)
2026-01-19T02:32:14.4603224Z     ✅ Found 1 verified locators
2026-01-19T02:32:19.9724567Z     ⚠️ Scroll into view failed for a:has-text('Proceed to checkout'). Proceeding anyway.
2026-01-19T02:32:20.4870402Z     ⚠️ Action failed: Locator.click: Element is not visible
2026-01-19T02:32:20.4871220Z Call log:
2026-01-19T02:32:20.4871576Z   ...
2026-01-19T02:32:20.5946432Z [CACHE HIT] 8730e381... (hits: 1, misses: 10)
2026-01-19T02:32:20.5947950Z     ✨ AI Heal Reasoning: The 'Compare (0) >' button is the most visually prominent element that could lead to a checkout process, even though it's for comparison. It's a link (<a> tag) with 'compare' in the href attribute.
2026-01-19T02:32:20.5949006Z     ✨ AI healed exploration action! New selector: a[href*='compare']
2026-01-19T02:32:26.1003447Z     ⚠️ Scroll into view failed for a[href*='compare']. Proceeding anyway.
2026-01-19T02:32:31.1033516Z   ▶️ [STEP step_12] FILL: Email address
2026-01-19T02:32:31.1116441Z     🔍 Mining locators for: 'Email address'
2026-01-19T02:32:31.2941452Z     🧠 Consulting AI (Vision-First) to find 'Email address'...
2026-01-19T02:32:31.2941960Z     🔍 Trying smart selectors for 'Email address'...
2026-01-19T02:32:31.3279305Z     ⚠️ Smart selectors failed (no unique match). Falling back to AI Vision...
2026-01-19T02:32:31.3280837Z     ⚠️ Critical step failure: name 'time' is not defined
2026-01-19T02:32:31.3281412Z   ▶️ [STEP step_13] CLICK: Create an account
2026-01-19T02:32:31.3342042Z     🔍 Mining locators for: 'Create an account'
2026-01-19T02:32:31.4436250Z     🧠 Consulting AI (Vision-First) to find 'Create an account'...
2026-01-19T02:32:31.4436785Z     🔍 Trying smart selectors for 'Create an account'...
2026-01-19T02:32:31.4704382Z     ⚠️ Smart selectors failed (no unique match). Falling back to AI Vision...
2026-01-19T02:32:31.4705191Z     ⚠️ Critical step failure: name 'time' is not defined
2026-01-19T02:32:31.4705810Z   ▶️ [STEP step_14] WAIT_FOR_ELEMENT: Your personal information
2026-01-19T02:32:31.4761160Z     🔍 Mining locators for: 'Your personal information'
2026-01-19T02:32:31.5776044Z     🧠 Consulting AI (Vision-First) to find 'Your personal information'...
2026-01-19T02:32:31.5776677Z     🔍 Trying smart selectors for 'Your personal information'...
2026-01-19T02:32:31.6051341Z     ⚠️ Smart selectors failed (no unique match). Falling back to AI Vision...
2026-01-19T02:32:31.6051870Z     ⚠️ Critical step failure: name 'time' is not defined
2026-01-19T02:32:31.6052237Z   ▶️ [STEP step_15] FILL: First name
2026-01-19T02:32:31.6113127Z     🔍 Mining locators for: 'First name'
2026-01-19T02:32:31.7791268Z     🧠 Consulting AI (Vision-First) to find 'First name'...
2026-01-19T02:32:31.7792068Z     🔍 Trying smart selectors for 'First name'...
2026-01-19T02:32:31.8155976Z     ⚠️ Smart selectors failed (no unique match). Falling back to AI Vision...
2026-01-19T02:32:31.8156505Z     ⚠️ Critical step failure: name 'time' is not defined
2026-01-19T02:32:31.8156871Z   ▶️ [STEP step_16] FILL: Last name
2026-01-19T02:32:31.8216421Z     🔍 Mining locators for: 'Last name'
2026-01-19T02:32:31.9277459Z     🧠 Consulting AI (Vision-First) to find 'Last name'...
2026-01-19T02:32:31.9277933Z     🔍 Trying smart selectors for 'Last name'...
2026-01-19T02:32:31.9569655Z     ⚠️ Smart selectors failed (no unique match). Falling back to AI Vision...
2026-01-19T02:32:31.9570265Z     ⚠️ Critical step failure: name 'time' is not defined
2026-01-19T02:32:31.9570629Z   ▶️ [STEP step_17] FILL: Password
2026-01-19T02:32:31.9629610Z     🔍 Mining locators for: 'Password'
2026-01-19T02:32:32.1454445Z     🧠 Consulting AI (Vision-First) to find 'Password'...
2026-01-19T02:32:32.1455256Z     🔍 Trying smart selectors for 'Password'...
2026-01-19T02:32:32.1762647Z     ⚠️ Smart selectors failed (no unique match). Falling back to AI Vision...
2026-01-19T02:32:32.1763572Z     ⚠️ Critical step failure: name 'time' is not defined
2026-01-19T02:32:32.1764238Z   ▶️ [STEP step_18] FILL: Address
2026-01-19T02:32:32.1822529Z     🔍 Mining locators for: 'Address'
2026-01-19T02:32:32.2954973Z     🧠 Consulting AI (Vision-First) to find 'Address'...
2026-01-19T02:32:32.2955541Z     🔍 Trying smart selectors for 'Address'...
2026-01-19T02:32:32.3268240Z     ✅ Smart selector found 'Address' via a-text-exact (confidence: 0.9)
2026-01-19T02:32:32.3328884Z     ✅ Found 1 verified locators
2026-01-19T02:32:38.5675207Z     ✅ State transitioned.
2026-01-19T02:32:40.1892287Z [DEBUG] Sending request to gemini-2.0-flash. Number of parts: 2
2026-01-19T02:32:40.1892722Z [DEBUG] Received response (Length: 234)
2026-01-19T02:32:40.1893572Z     🤖 AI Next Step Suggestion: fill -> Email address
2026-01-19T02:32:40.1893988Z     🧩 Suggested Locator: #email_create
2026-01-19T02:32:40.1894606Z     💭 Reasoning: To create an account, we need to fill in the email address field under the 'CREATE AN ACCOUNT' section.
2026-01-19T02:32:40.1895215Z     ➕ Injected AI step: fill -> Email address
2026-01-19T02:32:40.1895609Z   ▶️ [STEP step_18_ai_1] FILL: Email address
2026-01-19T02:32:40.2120960Z     🎯 Using AI-provided locator: #email_create
2026-01-19T02:32:40.2190776Z     ✅ Found 1 verified locators
2026-01-19T02:32:46.5493215Z     ✅ State transitioned.
2026-01-19T02:32:48.3706707Z [DEBUG] Sending request to gemini-2.0-flash. Number of parts: 2
2026-01-19T02:32:48.3707632Z [DEBUG] Received response (Length: 224)
2026-01-19T02:32:48.3708332Z     🤖 AI Next Step Suggestion: click -> Create an account
2026-01-19T02:32:48.3708708Z     🧩 Suggested Locator: #SubmitCreate
2026-01-19T02:32:48.3709685Z     💭 Reasoning: The page is asking for authentication. Since the user is not already registered, the next step is to create an account.
2026-01-19T02:32:48.3710347Z     ➕ Injected AI step: click -> Create an account
2026-01-19T02:32:48.3710732Z   ▶️ [STEP step_18_ai_2] CLICK: Create an account
2026-01-19T02:32:48.3781552Z     🎯 Using AI-provided locator: #SubmitCreate
2026-01-19T02:32:48.3858016Z     ✅ Found 1 verified locators
2026-01-19T02:32:52.4394670Z     ✅ State transitioned.
2026-01-19T02:32:52.4474596Z     🔄 Revisited state detected (count: 1)
2026-01-19T02:32:54.3736714Z [DEBUG] Sending request to gemini-2.0-flash. Number of parts: 2
2026-01-19T02:32:54.3737277Z [DEBUG] Received response (Length: 325)
2026-01-19T02:32:54.3737943Z     🤖 AI Next Step Suggestion: fill -> Email address
2026-01-19T02:32:54.3738395Z     🧩 Suggested Locator: #email
2026-01-19T02:32:54.3739659Z     💭 Reasoning: The page shows an error message indicating that the email address is already registered. Filling the email address and password in the 'ALREADY REGISTERED?' section is the next logical step to sign in.
2026-01-19T02:32:54.3740684Z     ➕ Injected AI step: fill -> Email address
2026-01-19T02:32:54.3741082Z   ▶️ [STEP step_18_ai_3] FILL: Email address
2026-01-19T02:32:54.3816106Z     🎯 Using AI-provided locator: #email
2026-01-19T02:32:54.3890987Z     ✅ Found 1 verified locators
2026-01-19T02:33:00.3801474Z     ✅ State transitioned.
2026-01-19T02:33:00.3884138Z     🔄 Revisited state detected (count: 2)
2026-01-19T02:33:02.0217909Z [DEBUG] Sending request to gemini-2.0-flash. Number of parts: 2
2026-01-19T02:33:02.0218592Z [DEBUG] Received response (Length: 199)
2026-01-19T02:33:02.0219380Z     🤖 AI Next Step Suggestion: fill -> Password
2026-01-19T02:33:02.0220038Z     🧩 Suggested Locator: #passwd
2026-01-19T02:33:02.0220577Z     💭 Reasoning: The email address is already registered, so we need to fill in the password to sign in.
2026-01-19T02:33:02.0221094Z     ➕ Injected AI step: fill -> Password
2026-01-19T02:33:02.0221427Z   ▶️ [STEP step_18_ai_4] FILL: Password
2026-01-19T02:33:02.0297546Z     🎯 Using AI-provided locator: #passwd
2026-01-19T02:33:02.0366508Z     ✅ Found 1 verified locators
2026-01-19T02:33:08.0674648Z     ✅ State transitioned.
2026-01-19T02:33:09.8986121Z [DEBUG] Sending request to gemini-2.0-flash. Number of parts: 2
2026-01-19T02:33:09.8986917Z [DEBUG] Received response (Length: 236)
2026-01-19T02:33:09.8987904Z     🤖 AI Next Step Suggestion: click -> Sign in
2026-01-19T02:33:09.8988654Z     🧩 Suggested Locator: #SubmitLogin
2026-01-19T02:33:09.8990609Z     💭 Reasoning: The email and password fields under 'ALREADY REGISTERED?' are filled. Clicking 'Sign in' will attempt to log in with the provided credentials.
2026-01-19T02:33:09.8992344Z     ➕ Injected AI step: click -> Sign in
2026-01-19T02:33:09.8993042Z   ▶️ [STEP step_18_ai_5] CLICK: Sign in
2026-01-19T02:33:09.9060207Z     🎯 Using AI-provided locator: #SubmitLogin
2026-01-19T02:33:09.9128490Z     ✅ Found 1 verified locators
2026-01-19T02:33:13.9700391Z     ✅ State transitioned.
2026-01-19T02:33:15.5346977Z [DEBUG] Sending request to gemini-2.0-flash. Number of parts: 2
2026-01-19T02:33:15.5347758Z [DEBUG] Received response (Length: 152)
2026-01-19T02:33:15.5348723Z     🤖 AI Next Step Suggestion: click -> Sign in
2026-01-19T02:33:15.5349743Z     🧩 Suggested Locator: #SubmitLogin
2026-01-19T02:33:15.5350726Z     💭 Reasoning: The authentication failed, so I will try to sign in again.
2026-01-19T02:33:15.5351997Z ⚠️ Loop detected: same AI suggestion repeated 2 times. Moving to next step.
2026-01-19T02:33:15.5352976Z   ▶️ [STEP step_19] FILL: City
2026-01-19T02:33:15.5525860Z     🔍 Mining locators for: 'City'
2026-01-19T02:33:15.6097981Z     🧠 Consulting AI (Vision-First) to find 'City'...
2026-01-19T02:33:15.6098775Z     🔍 Trying smart selectors for 'City'...
2026-01-19T02:33:15.6384544Z     ⚠️ Smart selectors failed (no unique match). Falling back to AI Vision...
2026-01-19T02:33:15.6385322Z     ⚠️ Critical step failure: name 'time' is not defined
2026-01-19T02:33:15.6385742Z   ▶️ [STEP step_20] SELECT: State
2026-01-19T02:33:15.6442359Z     🔍 Mining locators for: 'State'
2026-01-19T02:33:15.6932592Z     🧠 Consulting AI (Vision-First) to find 'State'...
2026-01-19T02:33:15.6933134Z     🔍 Trying smart selectors for 'State'...
2026-01-19T02:33:15.7207887Z     ⚠️ Smart selectors failed (no unique match). Falling back to AI Vision...
2026-01-19T02:33:15.7208757Z     ⚠️ Critical step failure: name 'time' is not defined
2026-01-19T02:33:15.7209301Z   ▶️ [STEP step_21] FILL: Zip/Postal Code
2026-01-19T02:33:15.7268399Z     🔍 Mining locators for: 'Zip/Postal Code'
2026-01-19T02:33:15.7755839Z     🧠 Consulting AI (Vision-First) to find 'Zip/Postal Code'...
2026-01-19T02:33:15.7756721Z     🔍 Trying smart selectors for 'Zip/Postal Code'...
2026-01-19T02:33:15.8031535Z     ⚠️ Smart selectors failed (no unique match). Falling back to AI Vision...
2026-01-19T02:33:15.8032399Z     ⚠️ Critical step failure: name 'time' is not defined
2026-01-19T02:33:15.8032992Z   ▶️ [STEP step_22] SELECT: Country
2026-01-19T02:33:15.8102312Z     🔍 Mining locators for: 'Country'
2026-01-19T02:33:15.8587083Z     🧠 Consulting AI (Vision-First) to find 'Country'...
2026-01-19T02:33:15.8587928Z     🔍 Trying smart selectors for 'Country'...
2026-01-19T02:33:15.8884192Z     ⚠️ Smart selectors failed (no unique match). Falling back to AI Vision...
2026-01-19T02:33:15.8885007Z     ⚠️ Critical step failure: name 'time' is not defined
2026-01-19T02:33:15.8885630Z   ▶️ [STEP step_23] FILL: Mobile phone
2026-01-19T02:33:15.8947900Z     🔍 Mining locators for: 'Mobile phone'
2026-01-19T02:33:15.9420306Z     🧠 Consulting AI (Vision-First) to find 'Mobile phone'...
2026-01-19T02:33:15.9421063Z     🔍 Trying smart selectors for 'Mobile phone'...
2026-01-19T02:33:15.9799869Z     ⚠️ Smart selectors failed (no unique match). Falling back to AI Vision...
2026-01-19T02:33:15.9800873Z     ⚠️ Critical step failure: name 'time' is not defined
2026-01-19T02:33:15.9801557Z   ▶️ [STEP step_24] FILL: Address alias
2026-01-19T02:33:15.9887069Z     🔍 Mining locators for: 'Address alias'
2026-01-19T02:33:16.0421607Z     🧠 Consulting AI (Vision-First) to find 'Address alias'...
2026-01-19T02:33:16.0422452Z     🔍 Trying smart selectors for 'Address alias'...
2026-01-19T02:33:16.0695364Z     ⚠️ Smart selectors failed (no unique match). Falling back to AI Vision...
2026-01-19T02:33:16.0696319Z     ⚠️ Critical step failure: name 'time' is not defined
2026-01-19T02:33:16.0696987Z   ▶️ [STEP step_25] CLICK: Register
2026-01-19T02:33:16.0753519Z     🔍 Mining locators for: 'Register'
2026-01-19T02:33:16.1333139Z     ✅ Found 1 verified locators
2026-01-19T02:33:19.7006367Z     ✅ State transitioned.
2026-01-19T02:33:21.4514696Z [DEBUG] Sending request to gemini-2.0-flash. Number of parts: 2
2026-01-19T02:33:21.4515632Z [DEBUG] Received response (Length: 303)
2026-01-19T02:33:21.4516685Z     🤖 AI Next Step Suggestion: fill -> Email address
2026-01-19T02:33:21.4517498Z     🧩 Suggested Locator: #email
2026-01-19T02:33:21.4519879Z     💭 Reasoning: The page shows 'Authentication failed'. It's likely the previous login attempt failed. Filling the email address field in the 'ALREADY REGISTERED?' section to attempt login again.
2026-01-19T02:33:21.4521876Z     ➕ Injected AI step: fill -> Email address
2026-01-19T02:33:21.4522659Z   ▶️ [STEP step_25_ai_1] FILL: Email address
2026-01-19T02:33:21.4585377Z     🎯 Using AI-provided locator: #email
2026-01-19T02:33:21.4659199Z     ✅ Found 1 verified locators
2026-01-19T02:33:27.9131222Z     ✅ State transitioned.
2026-01-19T02:33:27.9211128Z     🔄 Revisited state detected (count: 1)
2026-01-19T02:33:29.5921794Z [DEBUG] Sending request to gemini-2.0-flash. Number of parts: 2
2026-01-19T02:33:29.5922294Z [DEBUG] Received response (Length: 228)
2026-01-19T02:33:29.5923709Z     🤖 AI Next Step Suggestion: fill -> Password
2026-01-19T02:33:29.5924121Z     🧩 Suggested Locator: #passwd
2026-01-19T02:33:29.5924843Z     💭 Reasoning: The email address is already filled in the 'ALREADY REGISTERED?' section. Now, fill the password field to attempt login.
2026-01-19T02:33:29.5925776Z     ➕ Injected AI step: fill -> Password
2026-01-19T02:33:29.5926146Z   ▶️ [STEP step_25_ai_2] FILL: Password
2026-01-19T02:33:29.6034199Z     🎯 Using AI-provided locator: #passwd
2026-01-19T02:33:29.6119893Z     ✅ Found 1 verified locators
2026-01-19T02:33:35.1567820Z     ✅ State transitioned.
2026-01-19T02:33:36.8221530Z [DEBUG] Sending request to gemini-2.0-flash. Number of parts: 2
2026-01-19T02:33:36.8222160Z [DEBUG] Received response (Length: 236)
2026-01-19T02:33:36.8222888Z     🤖 AI Next Step Suggestion: click -> Sign in
2026-01-19T02:33:36.8223247Z     🧩 Suggested Locator: #SubmitLogin
2026-01-19T02:33:36.8223995Z     💭 Reasoning: The email and password fields under 'ALREADY REGISTERED?' are filled. Clicking 'Sign in' will attempt to log in with the provided credentials.
2026-01-19T02:33:36.8224705Z     ➕ Injected AI step: click -> Sign in
2026-01-19T02:33:36.8225019Z   ▶️ [STEP step_25_ai_3] CLICK: Sign in
2026-01-19T02:33:36.8283182Z     🎯 Using AI-provided locator: #SubmitLogin
2026-01-19T02:33:36.8335665Z     ✅ Found 1 verified locators
2026-01-19T02:33:40.8815292Z     ✅ State transitioned.
2026-01-19T02:33:42.6616591Z [DEBUG] Sending request to gemini-2.0-flash. Number of parts: 2
2026-01-19T02:33:42.6617150Z [DEBUG] Received response (Length: 235)
2026-01-19T02:33:42.6617871Z     🤖 AI Next Step Suggestion: fill -> Password
2026-01-19T02:33:42.6618401Z     🧩 Suggested Locator: #passwd
2026-01-19T02:33:42.6619700Z     💭 Reasoning: The last action was clicking sign in, which failed due to an invalid password. I will attempt to fill the password field again.
2026-01-19T02:33:42.6620382Z     ➕ Injected AI step: fill -> Password
2026-01-19T02:33:42.6620772Z   ▶️ [STEP step_25_ai_4] FILL: Password
2026-01-19T02:33:42.6799043Z     🎯 Using AI-provided locator: #passwd
2026-01-19T02:33:42.6869843Z     ✅ Found 1 verified locators
2026-01-19T02:33:48.3391746Z     ✅ State transitioned.
2026-01-19T02:33:48.3474362Z     🔄 Revisited state detected (count: 1)
2026-01-19T02:33:49.9447711Z [DEBUG] Sending request to gemini-2.0-flash. Number of parts: 2
2026-01-19T02:33:49.9448497Z [DEBUG] Received response (Length: 300)
2026-01-19T02:33:49.9449833Z     🤖 AI Next Step Suggestion: click -> Forgot your password?
2026-01-19T02:33:49.9450820Z     🧩 Suggested Locator: a:has-text('Forgot your password?')
2026-01-19T02:33:49.9452803Z     💭 Reasoning: The login failed, and the error message indicates an invalid password. Clicking 'Forgot your password?' is the next logical step to recover the account.
2026-01-19T02:33:49.9454639Z     ➕ Injected AI step: click -> Forgot your password?
2026-01-19T02:33:49.9455544Z   ▶️ [STEP step_25_ai_5] CLICK: Forgot your password?
2026-01-19T02:33:49.9581450Z     🎯 Using AI-provided locator: a:has-text('Forgot your password?')
2026-01-19T02:33:49.9772548Z     ✅ Found 1 verified locators
2026-01-19T02:33:53.5337131Z     ✅ State transitioned.
2026-01-19T02:33:55.3433360Z [DEBUG] Sending request to gemini-2.0-flash. Number of parts: 2
2026-01-19T02:33:55.3434085Z [DEBUG] Received response (Length: 242)
2026-01-19T02:33:55.3434764Z     🤖 AI Next Step Suggestion: fill -> Email address
2026-01-19T02:33:55.3435142Z     🧩 Suggested Locator: #email
2026-01-19T02:33:55.3435789Z     💭 Reasoning: The form requires an email address to retrieve the password. Filling the email address field is the next logical step.
2026-01-19T02:33:55.3436416Z     ➕ Injected AI step: fill -> Email address
2026-01-19T02:33:55.3436770Z   ▶️ [STEP step_25_ai_6] FILL: Email address
2026-01-19T02:33:55.3622419Z     🎯 Using AI-provided locator: #email
2026-01-19T02:33:55.3695511Z     ✅ Found 1 verified locators
2026-01-19T02:34:01.8706331Z     ✅ State transitioned.
2026-01-19T02:34:03.4776449Z [DEBUG] Sending request to gemini-2.0-flash. Number of parts: 2
2026-01-19T02:34:03.4777213Z [DEBUG] Received response (Length: 204)
2026-01-19T02:34:03.4778282Z     🤖 AI Next Step Suggestion: click -> Retrieve Password
2026-01-19T02:34:03.4779088Z     🧩 Suggested Locator: button
2026-01-19T02:34:03.4781075Z     💭 Reasoning: The email address has been filled, so the next step is to click the 'Retrieve Password' button to proceed.
2026-01-19T02:34:03.4782547Z     ➕ Injected AI step: click -> Retrieve Password
2026-01-19T02:34:03.4783377Z   ▶️ [STEP step_25_ai_7] CLICK: Retrieve Password
2026-01-19T02:34:03.4852859Z     🎯 Using AI-provided locator: button
2026-01-19T02:34:03.4923289Z     ✅ Found 1 verified locators
2026-01-19T02:34:07.5473091Z     ✅ State transitioned.
2026-01-19T02:34:09.5625400Z [DEBUG] Sending request to gemini-2.0-flash. Number of parts: 2
2026-01-19T02:34:09.5626159Z [DEBUG] Received response (Length: 258)
2026-01-19T02:34:09.5627125Z     🤖 AI Next Step Suggestion: fill -> Search
2026-01-19T02:34:09.5627956Z     🧩 Suggested Locator: #search_query_top
2026-01-19T02:34:09.5630020Z     💭 Reasoning: The page indicates that no search keyword was entered. To proceed with the automation scenario, a search term like 'dress' should be entered.
2026-01-19T02:34:09.5631745Z     ➕ Injected AI step: fill -> Search
2026-01-19T02:34:09.5632407Z   ▶️ [STEP step_25_ai_8] FILL: Search
2026-01-19T02:34:09.5814932Z     🎯 Using AI-provided locator: #search_query_top
2026-01-19T02:34:09.5893074Z     ✅ Found 1 verified locators
2026-01-19T02:34:15.1134662Z     ✅ State transitioned.
2026-01-19T02:34:17.0080920Z [DEBUG] Sending request to gemini-2.0-flash. Number of parts: 2
2026-01-19T02:34:17.0081672Z [DEBUG] Received response (Length: 265)
2026-01-19T02:34:17.0082480Z     🤖 AI Next Step Suggestion: fill -> Search
2026-01-19T02:34:17.0083049Z     🧩 Suggested Locator: #search_query_top
2026-01-19T02:34:17.0084614Z     💭 Reasoning: The previous search returned no results. The page prompts to enter a search keyword. Filling the search bar with 'dress' will allow to find dresses.
2026-01-19T02:34:17.0085704Z ⚠️ Loop detected: same AI suggestion repeated 2 times. Moving to next step.
2026-01-19T02:34:17.0086205Z   ▶️ [STEP step_26] ASSERT_URL: 
2026-01-19T02:34:22.0299645Z     ⚠️ Scroll into view failed for text=None. Proceeding anyway.
2026-01-19T02:34:24.0323008Z     ✅ State transitioned.
2026-01-19T02:34:24.0430168Z     🔄 Revisited state detected (count: 1)
2026-01-19T02:34:25.9567242Z [DEBUG] Sending request to gemini-2.0-flash. Number of parts: 2
2026-01-19T02:34:25.9568009Z [DEBUG] Received response (Length: 299)
2026-01-19T02:34:25.9568643Z     🤖 AI Next Step Suggestion: fill -> Search
2026-01-19T02:34:25.9569066Z     🧩 Suggested Locator: #search_query_top
2026-01-19T02:34:25.9570173Z     💭 Reasoning: The page indicates that no search results were found and prompts to enter a search keyword. Filling the search bar with 'dress' will allow us to proceed with the automation scenario.
2026-01-19T02:34:25.9571009Z     ➕ Injected AI step: fill -> Search
2026-01-19T02:34:25.9571332Z   ▶️ [STEP step_26_ai_1] FILL: Search
2026-01-19T02:34:25.9644702Z     🎯 Using AI-provided locator: #search_query_top
2026-01-19T02:34:25.9716941Z     ✅ Found 1 verified locators
2026-01-19T02:34:31.3482321Z     ✅ State transitioned.
2026-01-19T02:34:31.3583878Z     🔄 Revisited state detected (count: 2)
2026-01-19T02:34:33.2987013Z [DEBUG] Sending request to gemini-2.0-flash. Number of parts: 2
2026-01-19T02:34:33.2987542Z [DEBUG] Received response (Length: 238)
2026-01-19T02:34:33.2988498Z     🤖 AI Next Step Suggestion: fill -> Search
2026-01-19T02:34:33.2988883Z     🧩 Suggested Locator: #search_query_top
2026-01-19T02:34:33.2989845Z     💭 Reasoning: The page indicates that no results were found because no keyword was entered. I will enter 'dress' to search for dresses.
2026-01-19T02:34:33.2990674Z ⚠️ Loop detected: same AI suggestion repeated 2 times. Moving to next step.
2026-01-19T02:34:33.2991731Z   ▶️ [STEP step_27] CLICK: Proceed to checkout
2026-01-19T02:34:33.3083880Z     🔍 Mining locators for: 'Proceed to checkout'
2026-01-19T02:34:33.3900418Z     🧠 Consulting AI (Vision-First) to find 'Proceed to checkout'...
2026-01-19T02:34:33.3901331Z     🔍 Trying smart selectors for 'Proceed to checkout'...
2026-01-19T02:34:33.4225628Z     ✅ Smart selector found 'Proceed to checkout' via a-text-exact (confidence: 0.9)
2026-01-19T02:34:33.4289126Z     ✅ Found 1 verified locators
2026-01-19T02:34:38.9448316Z     ⚠️ Scroll into view failed for a:has-text('Proceed to checkout'). Proceeding anyway.
2026-01-19T02:34:39.4610185Z     ⚠️ Action failed: Locator.click: Element is not visible
2026-01-19T02:34:39.4610629Z Call log:
2026-01-19T02:34:39.4610843Z   ...
2026-01-19T02:34:40.8853705Z [DEBUG] Sending request to gemini-2.0-flash. Number of parts: 2
2026-01-19T02:34:40.8854550Z [DEBUG] Received response (Length: 125)
2026-01-19T02:34:40.8855999Z   ▶️ [STEP step_28] CHECK: I agree to the terms of service and will adhere to them unconditionally.
2026-01-19T02:34:40.8936309Z     🔍 Mining locators for: 'I agree to the terms of service and will adhere to them unconditionally.'
2026-01-19T02:34:40.9729841Z     🧠 Consulting AI (Vision-First) to find 'I agree to the terms of service and will adhere to them unconditionally.'...
2026-01-19T02:34:40.9731475Z     🔍 Trying smart selectors for 'I agree to the terms of service and will adhere to them unconditionally.'...
2026-01-19T02:34:41.0025953Z     ⚠️ Smart selectors failed (no unique match). Falling back to AI Vision...
2026-01-19T02:34:41.0026493Z     ⚠️ Critical step failure: name 'time' is not defined
2026-01-19T02:34:41.0026880Z   ▶️ [STEP step_29] CLICK: Proceed to checkout
2026-01-19T02:34:41.0087713Z     🔍 Mining locators for: 'Proceed to checkout'
2026-01-19T02:34:41.0735868Z     🧠 Consulting AI (Vision-First) to find 'Proceed to checkout'...
2026-01-19T02:34:41.0736903Z     🔍 Trying smart selectors for 'Proceed to checkout'...
2026-01-19T02:34:41.1031527Z     ✅ Smart selector found 'Proceed to checkout' via a-text-exact (confidence: 0.9)
2026-01-19T02:34:41.1092084Z     ✅ Found 1 verified locators
2026-01-19T02:34:46.6228167Z     ⚠️ Scroll into view failed for a:has-text('Proceed to checkout'). Proceeding anyway.
2026-01-19T02:34:47.1388501Z     ⚠️ Action failed: Locator.click: Element is not visible
2026-01-19T02:34:47.1389241Z Call log:
2026-01-19T02:34:47.1389962Z   ...
2026-01-19T02:34:47.2251967Z [CACHE HIT] 6505d51f... (hits: 2, misses: 28)
2026-01-19T02:34:47.2252966Z   ▶️ [STEP step_30] CLICK: Pay by bank wire
2026-01-19T02:34:47.2328029Z     🔍 Mining locators for: 'Pay by bank wire'
2026-01-19T02:34:47.3091678Z     🧠 Consulting AI (Vision-First) to find 'Pay by bank wire'...
2026-01-19T02:34:47.3092565Z     🔍 Trying smart selectors for 'Pay by bank wire'...
2026-01-19T02:34:47.3410693Z     ⚠️ Smart selectors failed (no unique match). Falling back to AI Vision...
2026-01-19T02:34:47.3411578Z     ⚠️ Critical step failure: name 'time' is not defined
2026-01-19T02:34:47.3412145Z   ▶️ [STEP step_31] ASSERT_VISIBLE: ORDER SUMMARY
2026-01-19T02:34:47.3482090Z     🔍 Mining locators for: 'ORDER SUMMARY'
2026-01-19T02:34:47.4400224Z     🧠 Consulting AI (Vision-First) to find 'ORDER SUMMARY'...
2026-01-19T02:34:47.4400739Z     🔍 Trying smart selectors for 'ORDER SUMMARY'...
2026-01-19T02:34:47.4702672Z     ⚠️ Smart selectors failed (no unique match). Falling back to AI Vision...
2026-01-19T02:34:47.4703659Z     ⚠️ Critical step failure: name 'time' is not defined
2026-01-19T02:34:47.4704392Z   ▶️ [STEP step_32] CLICK: I confirm my order
2026-01-19T02:34:47.4770917Z     🔍 Mining locators for: 'I confirm my order'
2026-01-19T02:34:47.6297142Z     🧠 Consulting AI (Vision-First) to find 'I confirm my order'...
2026-01-19T02:34:47.6297901Z     🔍 Trying smart selectors for 'I confirm my order'...
2026-01-19T02:34:47.6636580Z     ⚠️ Smart selectors failed (no unique match). Falling back to AI Vision...
2026-01-19T02:34:47.6637122Z     ⚠️ Critical step failure: name 'time' is not defined
2026-01-19T02:34:47.6637975Z   ▶️ [STEP step_33] ASSERT_VISIBLE: Your order on My Shop is complete.
2026-01-19T02:34:47.6697557Z     🔍 Mining locators for: 'Your order on My Shop is complete.'
2026-01-19T02:34:47.7400289Z     🧠 Consulting AI (Vision-First) to find 'Your order on My Shop is complete.'...
2026-01-19T02:34:47.7401060Z     🔍 Trying smart selectors for 'Your order on My Shop is complete.'...
2026-01-19T02:34:47.7726111Z     ⚠️ Smart selectors failed (no unique match). Falling back to AI Vision...
2026-01-19T02:34:47.7726680Z     ⚠️ Critical step failure: name 'time' is not defined
2026-01-19T02:34:49.8118762Z 
2026-01-19T02:34:49.8120111Z [2/3] Exploring Scenario: Contact Us Form Submission
2026-01-19T02:34:49.8122075Z     🧠 Initialized exploration context for goal: 'Practice automation scenarios'
2026-01-19T02:34:49.8123662Z   ▶️ [STEP step_1] NAVIGATE: 
2026-01-19T02:34:52.5560033Z     ✅ Navigated to http://www.automationpractice.pl/
2026-01-19T02:34:52.5560565Z   ▶️ [STEP step_2] CLICK: Contact us
2026-01-19T02:34:52.5770713Z     🔍 Mining locators for: 'Contact us'
2026-01-19T02:34:52.6950837Z     ✅ Found 3 verified locators
2026-01-19T02:34:56.3095618Z     ✅ State transitioned.
2026-01-19T02:34:57.8539290Z [DEBUG] Sending request to gemini-2.0-flash. Number of parts: 2
2026-01-19T02:34:57.8540322Z [DEBUG] Received response (Length: 238)
2026-01-19T02:34:57.8541306Z     🤖 AI Next Step Suggestion: fill -> Email address
2026-01-19T02:34:57.8542115Z     🧩 Suggested Locator: #email
2026-01-19T02:34:57.8543400Z     💭 Reasoning: The contact form requires an email address. Filling this field is the next logical step to progress with the form.
2026-01-19T02:34:57.8544661Z     ➕ Injected AI step: fill -> Email address
2026-01-19T02:34:57.8545306Z   ▶️ [STEP step_2_ai_1] FILL: Email address
2026-01-19T02:34:57.8718407Z     🎯 Using AI-provided locator: #email
2026-01-19T02:34:57.8806614Z     ✅ Found 1 verified locators
2026-01-19T02:35:05.1431059Z     ✅ State transitioned.
2026-01-19T02:35:06.7187908Z [DEBUG] Sending request to gemini-2.0-flash. Number of parts: 2
2026-01-19T02:35:06.7188690Z [DEBUG] Received response (Length: 192)
2026-01-19T02:35:06.7189910Z     🤖 AI Next Step Suggestion: fill -> Order reference
2026-01-19T02:35:06.7190608Z     🧩 Suggested Locator: input[id='id_order']
2026-01-19T02:35:06.7191568Z     💭 Reasoning: Filling the order reference field to complete the contact form.
2026-01-19T02:35:06.7192466Z     ➕ Injected AI step: fill -> Order reference
2026-01-19T02:35:06.7193130Z   ▶️ [STEP step_2_ai_2] FILL: Order reference
2026-01-19T02:35:06.7269351Z     🎯 Using AI-provided locator: input[id='id_order']
2026-01-19T02:35:06.7348006Z     ✅ Found 1 verified locators
2026-01-19T02:35:12.3637760Z     ✅ State transitioned.
2026-01-19T02:35:14.0643170Z [DEBUG] Sending request to gemini-2.0-flash. Number of parts: 2
2026-01-19T02:35:14.0643887Z [DEBUG] Received response (Length: 207)
2026-01-19T02:35:14.0644656Z     🤖 AI Next Step Suggestion: fill -> Message
2026-01-19T02:35:14.0645075Z     🧩 Suggested Locator: #message
2026-01-19T02:35:14.0645685Z     💭 Reasoning: The form requires a message to be sent. Filling the message field is the next logical step.
2026-01-19T02:35:14.0646274Z     ➕ Injected AI step: fill -> Message
2026-01-19T02:35:14.0646910Z   ▶️ [STEP step_2_ai_3] FILL: Message
2026-01-19T02:35:14.0717805Z     🎯 Using AI-provided locator: #message
2026-01-19T02:35:14.0786299Z     ✅ Found 1 verified locators
2026-01-19T02:35:20.8587962Z     ✅ State transitioned.
2026-01-19T02:35:22.6563848Z [DEBUG] Sending request to gemini-2.0-flash. Number of parts: 2
2026-01-19T02:35:22.6564792Z [DEBUG] Received response (Length: 184)
2026-01-19T02:35:22.6565863Z     🤖 AI Next Step Suggestion: click -> -- Choose --
2026-01-19T02:35:22.6566735Z     🧩 Suggested Locator: span
2026-01-19T02:35:22.6567981Z     💭 Reasoning: The subject heading is not selected yet. Need to select a subject before submitting the form.
2026-01-19T02:35:22.6569260Z     ➕ Injected AI step: click -> -- Choose --
2026-01-19T02:35:22.6570554Z   ▶️ [STEP step_2_ai_4] CLICK: -- Choose --
2026-01-19T02:35:22.6638712Z     🎯 Using AI-provided locator: span
2026-01-19T02:35:22.6704550Z     ✅ Found 1 verified locators
2026-01-19T02:35:26.7275646Z     ✅ State transitioned.
2026-01-19T02:35:26.7372006Z     🔄 Revisited state detected (count: 1)
2026-01-19T02:35:28.2812119Z [DEBUG] Sending request to gemini-2.0-flash. Number of parts: 2
2026-01-19T02:35:28.2812738Z [DEBUG] Received response (Length: 200)
2026-01-19T02:35:28.2813405Z     🤖 AI Next Step Suggestion: click -> -- Choose --
2026-01-19T02:35:28.2813885Z     🧩 Suggested Locator: span:contains('-- Choose --')
2026-01-19T02:35:28.2814560Z     💭 Reasoning: The subject heading is a required field. Need to select a subject from the dropdown.
2026-01-19T02:35:28.2815291Z ⚠️ Loop detected: same AI suggestion repeated 2 times. Moving to next step.
2026-01-19T02:35:28.2815783Z   ▶️ [STEP step_3] ASSERT_URL: 
2026-01-19T02:35:33.2993838Z     ⚠️ Scroll into view failed for text=None. Proceeding anyway.
2026-01-19T02:35:35.3016419Z     ✅ State transitioned.
2026-01-19T02:35:35.3090914Z     🔄 Revisited state detected (count: 2)
2026-01-19T02:35:36.8460701Z [DEBUG] Sending request to gemini-2.0-flash. Number of parts: 2
2026-01-19T02:35:36.8461521Z [DEBUG] Received response (Length: 147)
2026-01-19T02:35:36.8462203Z     🤖 AI Next Step Suggestion: click -> Choose File
2026-01-19T02:35:36.8462633Z     🧩 Suggested Locator: #uniform-fileUpload
2026-01-19T02:35:36.8463107Z     💭 Reasoning: The next logical step is to attach a file.
2026-01-19T02:35:36.8463553Z     ➕ Injected AI step: click -> Choose File
2026-01-19T02:35:36.8463945Z   ▶️ [STEP step_3_ai_1] CLICK: Choose File
2026-01-19T02:35:36.8533321Z     🎯 Using AI-provided locator: #uniform-fileUpload
2026-01-19T02:35:36.8604906Z     ✅ Found 1 verified locators
2026-01-19T02:35:40.9080494Z     ✅ State transitioned.
2026-01-19T02:35:40.9158901Z     🔄 Revisited state detected (count: 3)
2026-01-19T02:35:40.9160152Z     ⚠️ Too many revisits (3). Stopping AI step injection to prevent loops.
2026-01-19T02:35:40.9161011Z   ▶️ [STEP step_4] SELECT: Subject Heading
2026-01-19T02:35:40.9229736Z     🔍 Mining locators for: 'Subject Heading'
2026-01-19T02:35:40.9693579Z     🧠 Consulting AI (Vision-First) to find 'Subject Heading'...
2026-01-19T02:35:40.9694426Z     🔍 Trying smart selectors for 'Subject Heading'...
2026-01-19T02:35:40.9986351Z     ✅ Smart selector found 'Subject Heading' via label-for (confidence: 0.87)
2026-01-19T02:35:41.0032098Z     ✅ Found 1 verified locators
2026-01-19T02:35:44.0380945Z     ✅ State transitioned.
2026-01-19T02:35:44.0458135Z     🔄 Revisited state detected (count: 4)
2026-01-19T02:35:44.0459000Z     ⚠️ Too many revisits (4). Stopping AI step injection to prevent loops.
2026-01-19T02:35:44.0459981Z   ▶️ [STEP step_5] FILL: Email address
2026-01-19T02:35:44.0523444Z     🔍 Mining locators for: 'Email address'
2026-01-19T02:35:44.1339171Z     ✅ Found 4 verified locators
2026-01-19T02:35:49.5901744Z     ✅ State transitioned.
2026-01-19T02:35:51.2401029Z [DEBUG] Sending request to gemini-2.0-flash. Number of parts: 2
2026-01-19T02:35:51.2401805Z [DEBUG] Received response (Length: 189)
2026-01-19T02:35:51.2402839Z     🤖 AI Next Step Suggestion: click -> -- Choose --
2026-01-19T02:35:51.2404544Z     💭 Reasoning: The subject heading dropdown needs to be selected to proceed with the contact form.
2026-01-19T02:35:51.2405847Z     ➕ Injected AI step: click -> -- Choose --
2026-01-19T02:35:51.2406625Z   ▶️ [STEP step_5_ai_1] CLICK: -- Choose --
2026-01-19T02:35:51.2485684Z     🔍 Mining locators for: '-- Choose --'
2026-01-19T02:35:51.3761497Z     ✅ Found 1 verified locators
2026-01-19T02:35:54.9708116Z     ✅ State transitioned.
2026-01-19T02:35:54.9789110Z     🔄 Revisited state detected (count: 1)
2026-01-19T02:35:56.5360350Z [DEBUG] Sending request to gemini-2.0-flash. Number of parts: 2
2026-01-19T02:35:56.5361121Z [DEBUG] Received response (Length: 181)
2026-01-19T02:35:56.5362053Z     🤖 AI Next Step Suggestion: click -> -- Choose --
2026-01-19T02:35:56.5363175Z     🧩 Suggested Locator: #id_contact
2026-01-19T02:35:56.5364408Z     💭 Reasoning: The subject heading dropdown needs to be selected to proceed with the contact form.
2026-01-19T02:35:56.5365941Z ⚠️ Loop detected: same AI suggestion repeated 2 times. Moving to next step.
2026-01-19T02:35:56.5366908Z   ▶️ [STEP step_6] FILL: Order reference
2026-01-19T02:35:56.5428509Z     🔍 Mining locators for: 'Order reference'
2026-01-19T02:35:56.6096414Z     🧠 Consulting AI (Vision-First) to find 'Order reference'...
2026-01-19T02:35:56.6096909Z     🔍 Trying smart selectors for 'Order reference'...
2026-01-19T02:35:56.6382707Z     ⚠️ Smart selectors failed (no unique match). Falling back to AI Vision...
2026-01-19T02:35:56.6383225Z     ⚠️ Critical step failure: name 'time' is not defined
2026-01-19T02:35:56.6383571Z   ▶️ [STEP step_7] FILL: Message
2026-01-19T02:35:56.6441222Z     🔍 Mining locators for: 'Message'
2026-01-19T02:35:56.7390653Z     ✅ Found 5 verified locators
2026-01-19T02:36:03.8110614Z     ✅ State transitioned.
2026-01-19T02:36:05.4350801Z [DEBUG] Sending request to gemini-2.0-flash. Number of parts: 2
2026-01-19T02:36:05.4351423Z [DEBUG] Received response (Length: 166)
2026-01-19T02:36:05.4352301Z     🤖 AI Next Step Suggestion: fill -> id_order
2026-01-19T02:36:05.4352959Z     🧩 Suggested Locator: #id_order
2026-01-19T02:36:05.4353752Z     💭 Reasoning: Filling the order reference field to complete the form.
2026-01-19T02:36:05.4354569Z     ➕ Injected AI step: fill -> id_order
2026-01-19T02:36:05.4355169Z   ▶️ [STEP step_7_ai_1] FILL: id_order
2026-01-19T02:36:05.4424031Z     🎯 Using AI-provided locator: #id_order
2026-01-19T02:36:05.4491464Z     ✅ Found 1 verified locators
2026-01-19T02:36:11.0444211Z     ✅ State transitioned.
2026-01-19T02:36:11.0529729Z     🔄 Revisited state detected (count: 1)
2026-01-19T02:36:12.7404050Z [DEBUG] Sending request to gemini-2.0-flash. Number of parts: 2
2026-01-19T02:36:12.7404888Z [DEBUG] Received response (Length: 193)
2026-01-19T02:36:12.7405869Z     🤖 AI Next Step Suggestion: done -> N/A
2026-01-19T02:36:12.7406843Z     💭 Reasoning: The contact form is filled. There is no submit button. The goal is to practice automation scenarios, and this page is not progressing towards that goal.
2026-01-19T02:36:12.7407717Z   ▶️ [STEP step_8] CLICK: Send
2026-01-19T02:36:12.7476464Z     🔍 Mining locators for: 'Send'
2026-01-19T02:36:12.8352564Z     ✅ Found 4 verified locators
2026-01-19T02:36:16.4113325Z     ✅ State transitioned.
2026-01-19T02:36:18.1480880Z [DEBUG] Sending request to gemini-2.0-flash. Number of parts: 2
2026-01-19T02:36:18.1481783Z [DEBUG] Received response (Length: 317)
2026-01-19T02:36:18.1482749Z     🤖 AI Next Step Suggestion: fill -> Email address
2026-01-19T02:36:18.1483403Z     🧩 Suggested Locator: #email
2026-01-19T02:36:18.1485239Z     💭 Reasoning: The form has an error indicating an invalid email address. Filling the email field with a valid email address is the next logical step to resolve the error and proceed with submitting the form.
2026-01-19T02:36:18.1486975Z     ➕ Injected AI step: fill -> Email address
2026-01-19T02:36:18.1487640Z   ▶️ [STEP step_8_ai_1] FILL: Email address
2026-01-19T02:36:18.1652388Z     🎯 Using AI-provided locator: #email
2026-01-19T02:36:18.1717713Z     ✅ Found 1 verified locators
2026-01-19T02:36:24.5077784Z     ✅ State transitioned.
2026-01-19T02:36:26.3154749Z [DEBUG] Sending request to gemini-2.0-flash. Number of parts: 2
2026-01-19T02:36:26.3155377Z [DEBUG] Received response (Length: 272)
2026-01-19T02:36:26.3156169Z     🤖 AI Next Step Suggestion: fill -> Email address
2026-01-19T02:36:26.3156755Z     🧩 Suggested Locator: #email
2026-01-19T02:36:26.3157814Z     💭 Reasoning: The form has an error indicating an invalid email address. Filling the email address field again with a valid email address is necessary to proceed.
2026-01-19T02:36:26.3158610Z ⚠️ Loop detected: same AI suggestion repeated 2 times. Moving to next step.
2026-01-19T02:36:26.3159650Z   ▶️ [STEP step_9] ASSERT_VISIBLE: Your message has been successfully sent to our team.
2026-01-19T02:36:26.3230708Z     🔍 Mining locators for: 'Your message has been successfully sent to our team.'
2026-01-19T02:36:26.3846566Z     🧠 Consulting AI (Vision-First) to find 'Your message has been successfully sent to our team.'...
2026-01-19T02:36:26.3847287Z     🔍 Trying smart selectors for 'Your message has been successfully sent to our team.'...
2026-01-19T02:36:26.4133237Z     ⚠️ Smart selectors failed (no unique match). Falling back to AI Vision...
2026-01-19T02:36:26.4133974Z     ⚠️ Critical step failure: name 'time' is not defined
2026-01-19T02:36:28.4469608Z 
2026-01-19T02:36:28.4471818Z [3/3] Exploring Scenario: Login and Update Profile Information
2026-01-19T02:36:28.4473050Z     🧠 Initialized exploration context for goal: 'Practice automation scenarios'
2026-01-19T02:36:28.4474036Z   ▶️ [STEP step_1] NAVIGATE: 
2026-01-19T02:36:31.2201371Z     ✅ Navigated to http://www.automationpractice.pl/
2026-01-19T02:36:31.2202007Z   ▶️ [STEP step_2] CLICK: Sign in
2026-01-19T02:36:31.2382028Z     🔍 Mining locators for: 'Sign in'
2026-01-19T02:36:31.3375801Z     🧠 Consulting AI (Vision-First) to find 'Sign in'...
2026-01-19T02:36:31.3376319Z     🔍 Trying smart selectors for 'Sign in'...
2026-01-19T02:36:31.3705877Z     ✅ Smart selector found 'Sign in' via a-text-exact (confidence: 0.9)
2026-01-19T02:36:31.3774706Z     ✅ Found 1 verified locators
2026-01-19T02:36:35.1018406Z     ✅ State transitioned.
2026-01-19T02:36:36.7185268Z [DEBUG] Sending request to gemini-2.0-flash. Number of parts: 2
2026-01-19T02:36:36.7185913Z [DEBUG] Received response (Length: 195)
2026-01-19T02:36:36.7186673Z     🤖 AI Next Step Suggestion: fill -> Email address
2026-01-19T02:36:36.7187034Z     🧩 Suggested Locator: #email
2026-01-19T02:36:36.7187485Z     💭 Reasoning: To proceed with signing in, the email address field needs to be filled.
2026-01-19T02:36:36.7187963Z     ➕ Injected AI step: fill -> Email address
2026-01-19T02:36:36.7188356Z   ▶️ [STEP step_2_ai_1] FILL: Email address
2026-01-19T02:36:36.7347785Z     🎯 Using AI-provided locator: #email
2026-01-19T02:36:36.7413036Z     ✅ Found 1 verified locators
2026-01-19T02:36:43.2512606Z     ✅ State transitioned.
2026-01-19T02:36:45.0161549Z [DEBUG] Sending request to gemini-2.0-flash. Number of parts: 2
2026-01-19T02:36:45.0162312Z [DEBUG] Received response (Length: 260)
2026-01-19T02:36:45.0163284Z     🤖 AI Next Step Suggestion: fill -> Password
2026-01-19T02:36:45.0164004Z     🧩 Suggested Locator: #passwd
2026-01-19T02:36:45.0165813Z     💭 Reasoning: The email address is already filled in the 'Already Registered?' section. Now, filling the password field is the next logical step to attempt login.
2026-01-19T02:36:45.0167532Z     ➕ Injected AI step: fill -> Password
2026-01-19T02:36:45.0168233Z   ▶️ [STEP step_2_ai_2] FILL: Password
2026-01-19T02:36:45.0236738Z     🎯 Using AI-provided locator: #passwd
2026-01-19T02:36:45.0304742Z     ✅ Found 1 verified locators
2026-01-19T02:36:51.2845860Z     ✅ State transitioned.
2026-01-19T02:36:53.0185787Z [DEBUG] Sending request to gemini-2.0-flash. Number of parts: 2
2026-01-19T02:36:53.0186638Z [DEBUG] Received response (Length: 245)
2026-01-19T02:36:53.0187617Z     🤖 AI Next Step Suggestion: click -> Sign in
2026-01-19T02:36:53.0188722Z     🧩 Suggested Locator: #SubmitLogin
2026-01-19T02:36:53.0190842Z     💭 Reasoning: The email and password fields are filled in the 'Already Registered?' section. Clicking 'Sign in' will attempt to log in with the provided credentials.
2026-01-19T02:36:53.0192590Z     ➕ Injected AI step: click -> Sign in
2026-01-19T02:36:53.0193305Z   ▶️ [STEP step_2_ai_3] CLICK: Sign in
2026-01-19T02:36:53.0265603Z     🎯 Using AI-provided locator: #SubmitLogin
2026-01-19T02:36:53.0331568Z     ✅ Found 1 verified locators
2026-01-19T02:36:57.0919316Z     ✅ State transitioned.
2026-01-19T02:36:58.6658119Z [DEBUG] Sending request to gemini-2.0-flash. Number of parts: 2
2026-01-19T02:36:58.6658828Z [DEBUG] Received response (Length: 248)
2026-01-19T02:36:58.6659836Z     🤖 AI Next Step Suggestion: fill -> Email address
2026-01-19T02:36:58.6660212Z     🧩 Suggested Locator: #email_create
2026-01-19T02:36:58.6660852Z     💭 Reasoning: The authentication failed, so let's try creating a new account. Filling the email address field for account creation.
2026-01-19T02:36:58.6661460Z     ➕ Injected AI step: fill -> Email address
2026-01-19T02:36:58.6661802Z   ▶️ [STEP step_2_ai_4] FILL: Email address
2026-01-19T02:36:58.6823044Z     🎯 Using AI-provided locator: #email_create
2026-01-19T02:36:58.6883419Z     ✅ Found 1 verified locators
2026-01-19T02:37:04.7529143Z     ✅ State transitioned.
2026-01-19T02:37:06.5427112Z [DEBUG] Sending request to gemini-2.0-flash. Number of parts: 2
2026-01-19T02:37:06.5427792Z [DEBUG] Received response (Length: 229)
2026-01-19T02:37:06.5428444Z     🤖 AI Next Step Suggestion: fill -> Password
2026-01-19T02:37:06.5428933Z     🧩 Suggested Locator: #passwd
2026-01-19T02:37:06.5430094Z     💭 Reasoning: The email address is already filled in the 'ALREADY REGISTERED?' section. Now, fill in the password to attempt login.
2026-01-19T02:37:06.5431061Z     ➕ Injected AI step: fill -> Password
2026-01-19T02:37:06.5431464Z   ▶️ [STEP step_2_ai_5] FILL: Password
2026-01-19T02:37:06.5547544Z     🎯 Using AI-provided locator: #passwd
2026-01-19T02:37:06.5640911Z     ✅ Found 1 verified locators
2026-01-19T02:37:12.2210164Z     ✅ State transitioned.
2026-01-19T02:37:12.2283418Z     🔄 Revisited state detected (count: 1)
2026-01-19T02:37:13.9497440Z [DEBUG] Sending request to gemini-2.0-flash. Number of parts: 2
2026-01-19T02:37:13.9498171Z [DEBUG] Received response (Length: 192)
2026-01-19T02:37:13.9499168Z     🤖 AI Next Step Suggestion: click -> Create an account
2026-01-19T02:37:13.9500181Z     🧩 Suggested Locator: #SubmitCreate
2026-01-19T02:37:13.9501426Z     💭 Reasoning: The previous attempts to sign in failed. The next logical step is to create an account.
2026-01-19T02:37:13.9502681Z     ➕ Injected AI step: click -> Create an account
2026-01-19T02:37:13.9503577Z   ▶️ [STEP step_2_ai_6] CLICK: Create an account
2026-01-19T02:37:13.9566643Z     🎯 Using AI-provided locator: #SubmitCreate
2026-01-19T02:37:13.9675095Z     ✅ Found 1 verified locators
2026-01-19T02:37:18.0240612Z     ✅ State transitioned.
2026-01-19T02:37:18.0323432Z     🔄 Revisited state detected (count: 2)
2026-01-19T02:37:19.7860149Z [DEBUG] Sending request to gemini-2.0-flash. Number of parts: 2
2026-01-19T02:37:19.7860764Z [DEBUG] Received response (Length: 295)
2026-01-19T02:37:19.7861503Z     🤖 AI Next Step Suggestion: fill -> Email address
2026-01-19T02:37:19.7862067Z     🧩 Suggested Locator: #email_create
2026-01-19T02:37:19.7863623Z     💭 Reasoning: The previous attempt to create an account failed because the email address was already registered. I need to try a different email address to create a new account.
2026-01-19T02:37:19.7864983Z     ➕ Injected AI step: fill -> Email address
2026-01-19T02:37:19.7865505Z   ▶️ [STEP step_2_ai_7] FILL: Email address
2026-01-19T02:37:19.7931455Z     🎯 Using AI-provided locator: #email_create
2026-01-19T02:37:19.7996866Z     ✅ Found 1 verified locators
2026-01-19T02:37:26.2387395Z     ✅ State transitioned.
2026-01-19T02:37:28.2938854Z [DEBUG] Sending request to gemini-2.0-flash. Number of parts: 2
2026-01-19T02:37:28.2940002Z [DEBUG] Received response (Length: 264)
2026-01-19T02:37:28.2940611Z     🤖 AI Next Step Suggestion: click -> Create an account
2026-01-19T02:37:28.2940977Z     🧩 Suggested Locator: #SubmitCreate
2026-01-19T02:37:28.2941695Z     💭 Reasoning: The email address has been entered, and the next step is to click the 'Create an account' button to proceed with the account creation process.
2026-01-19T02:37:28.2942380Z     ➕ Injected AI step: click -> Create an account
2026-01-19T02:37:28.2942758Z   ▶️ [STEP step_2_ai_8] CLICK: Create an account
2026-01-19T02:37:28.3020999Z     🎯 Using AI-provided locator: #SubmitCreate
2026-01-19T02:37:28.3097531Z     ✅ Found 1 verified locators
2026-01-19T02:37:32.3758949Z     ✅ State transitioned.
2026-01-19T02:37:32.3839049Z     🔄 Revisited state detected (count: 1)
2026-01-19T02:37:34.0933060Z [DEBUG] Sending request to gemini-2.0-flash. Number of parts: 2
2026-01-19T02:37:34.0933847Z [DEBUG] Received response (Length: 281)
2026-01-19T02:37:34.0934632Z     🤖 AI Next Step Suggestion: click -> Recover your forgotten password
2026-01-19T02:37:34.0935222Z     🧩 Suggested Locator: a:contains('Recover your forgotten password')
2026-01-19T02:37:34.0936151Z     💭 Reasoning: The system indicates that the email address is already registered. Instead of creating a new account, try to recover the password.
2026-01-19T02:37:34.0936986Z     ➕ Injected AI step: click -> Recover your forgotten password
2026-01-19T02:37:34.0937520Z   ▶️ [STEP step_2_ai_9] CLICK: Recover your forgotten password
2026-01-19T02:37:34.1003505Z     🎯 Using AI-provided locator: a:contains('Recover your forgotten password')
2026-01-19T02:37:34.1048618Z     🔍 Mining locators for: 'Recover your forgotten password'
2026-01-19T02:37:34.1897152Z     ✅ Found 1 verified locators
2026-01-19T02:37:38.2533507Z     ✅ State transitioned.
2026-01-19T02:37:40.0853747Z [DEBUG] Sending request to gemini-2.0-flash. Number of parts: 2
2026-01-19T02:37:40.0854389Z [DEBUG] Received response (Length: 241)
2026-01-19T02:37:40.0855020Z     🤖 AI Next Step Suggestion: fill -> Email address
2026-01-19T02:37:40.0855379Z     🧩 Suggested Locator: #email
2026-01-19T02:37:40.0855999Z     💭 Reasoning: The page is asking for the email address to recover the password. Filling the email address is the next logical step.
2026-01-19T02:37:40.0856594Z     ➕ Injected AI step: fill -> Email address
2026-01-19T02:37:40.0856936Z   ▶️ [STEP step_2_ai_10] FILL: Email address
2026-01-19T02:37:40.1033176Z     🎯 Using AI-provided locator: #email
2026-01-19T02:37:40.1141650Z     ✅ Found 1 verified locators
2026-01-19T02:37:46.4724881Z     ✅ State transitioned.
2026-01-19T02:37:48.0687081Z [DEBUG] Sending request to gemini-2.0-flash. Number of parts: 2
2026-01-19T02:37:48.0688039Z [DEBUG] Received response (Length: 254)
2026-01-19T02:37:48.0689212Z     🤖 AI Next Step Suggestion: click -> Retrieve Password
2026-01-19T02:37:48.0690425Z     🧩 Suggested Locator: button[name='submit']
2026-01-19T02:37:48.0692743Z     💭 Reasoning: The email address has been filled, so the next step is to click the 'Retrieve Password' button to proceed with the password recovery process.
2026-01-19T02:37:48.0694682Z     ➕ Injected AI step: click -> Retrieve Password
2026-01-19T02:37:48.0695500Z   ▶️ [STEP step_2_ai_11] CLICK: Retrieve Password
2026-01-19T02:37:48.0754925Z     🎯 Using AI-provided locator: button[name='submit']
2026-01-19T02:37:48.0776131Z     🔍 Mining locators for: 'Retrieve Password'
2026-01-19T02:37:48.1534268Z     ✅ Found 1 verified locators
2026-01-19T02:37:51.7205513Z     ✅ State transitioned.
2026-01-19T02:37:53.5720145Z [DEBUG] Sending request to gemini-2.0-flash. Number of parts: 2
2026-01-19T02:37:53.5720952Z [DEBUG] Received response (Length: 367)
2026-01-19T02:37:53.5722257Z     🤖 AI Next Step Suggestion: click -> Retrieve Password
2026-01-19T02:37:53.5722978Z     🧩 Suggested Locator: button[name='submit_search']
2026-01-19T02:37:53.5724407Z     💭 Reasoning: The previous attempt to retrieve the password resulted in an error. Since the email field is already filled, clicking 'Retrieve Password' again is the next logical step to see if the issue persists or if the password retrieval process can proceed.
2026-01-19T02:37:53.5725517Z ⚠️ Loop detected: same AI suggestion repeated 2 times. Moving to next step.
2026-01-19T02:37:53.5725931Z   ▶️ [STEP step_3] ASSERT_URL: 
2026-01-19T02:37:58.5981266Z     ⚠️ Scroll into view failed for text=None. Proceeding anyway.
2026-01-19T02:38:00.6006174Z     ✅ State transitioned.
2026-01-19T02:38:00.6087586Z     🔄 Revisited state detected (count: 1)
2026-01-19T02:38:02.2800202Z [DEBUG] Sending request to gemini-2.0-flash. Number of parts: 2
2026-01-19T02:38:02.2800865Z [DEBUG] Received response (Length: 253)
2026-01-19T02:38:02.2801754Z     🤖 AI Next Step Suggestion: click -> Retrieve Password
2026-01-19T02:38:02.2802177Z     🧩 Suggested Locator: button[name='submit']
2026-01-19T02:38:02.2802927Z     💭 Reasoning: The form is filled with an email address, and the next logical step is to click the 'Retrieve Password' button to attempt password recovery.
2026-01-19T02:38:02.2803586Z     ➕ Injected AI step: click -> Retrieve Password
2026-01-19T02:38:02.2803964Z   ▶️ [STEP step_3_ai_1] CLICK: Retrieve Password
2026-01-19T02:38:02.2873788Z     🎯 Using AI-provided locator: button[name='submit']
2026-01-19T02:38:02.2895138Z     🔍 Mining locators for: 'Retrieve Password'
2026-01-19T02:38:02.3720268Z     ✅ Found 1 verified locators
2026-01-19T02:38:05.9910151Z     ✅ State transitioned.
2026-01-19T02:38:07.7743264Z [DEBUG] Sending request to gemini-2.0-flash. Number of parts: 2
2026-01-19T02:38:07.7744033Z [DEBUG] Received response (Length: 383)
2026-01-19T02:38:07.7745032Z     🤖 AI Next Step Suggestion: click -> Retrieve Password
2026-01-19T02:38:07.7745959Z     🧩 Suggested Locator: button[name='submit']
2026-01-19T02:38:07.7748828Z     💭 Reasoning: The previous attempt to retrieve the password resulted in an error. Since the email address is already filled, clicking 'Retrieve Password' again is the next logical step to see if the error persists or if the password retrieval is successful this time.
2026-01-19T02:38:07.7751940Z ⚠️ Loop detected: same AI suggestion repeated 2 times. Moving to next step.
2026-01-19T02:38:07.7752910Z   ▶️ [STEP step_4] FILL: Email address
2026-01-19T02:38:07.7909343Z     🔍 Mining locators for: 'Email address'
2026-01-19T02:38:07.9240808Z     ✅ Found 5 verified locators
2026-01-19T02:38:13.5999815Z     ✅ State transitioned.
2026-01-19T02:38:13.6081148Z     🔄 Revisited state detected (count: 1)
2026-01-19T02:38:15.2350930Z [DEBUG] Sending request to gemini-2.0-flash. Number of parts: 2
2026-01-19T02:38:15.2351672Z [DEBUG] Received response (Length: 253)
2026-01-19T02:38:15.2352456Z     🤖 AI Next Step Suggestion: click -> Retrieve Password
2026-01-19T02:38:15.2352960Z     🧩 Suggested Locator: button[name='submit']
2026-01-19T02:38:15.2353956Z     💭 Reasoning: The email address has been filled, and the next logical step is to click the 'Retrieve Password' button to attempt to retrieve the password.
2026-01-19T02:38:15.2354874Z     ➕ Injected AI step: click -> Retrieve Password
2026-01-19T02:38:15.2355328Z   ▶️ [STEP step_4_ai_1] CLICK: Retrieve Password
2026-01-19T02:38:15.2427871Z     🎯 Using AI-provided locator: button[name='submit']
2026-01-19T02:38:15.2451732Z     🔍 Mining locators for: 'Retrieve Password'
2026-01-19T02:38:15.3395009Z     ✅ Found 1 verified locators
2026-01-19T02:38:18.8891683Z     ✅ State transitioned.
2026-01-19T02:38:20.6083056Z [DEBUG] Sending request to gemini-2.0-flash. Number of parts: 2
2026-01-19T02:38:20.6083729Z [DEBUG] Received response (Length: 279)
2026-01-19T02:38:20.6084594Z     🤖 AI Next Step Suggestion: click -> Retrieve Password
2026-01-19T02:38:20.6085599Z     🧩 Suggested Locator: button[name='submit']
2026-01-19T02:38:20.6087314Z     💭 Reasoning: The email address field has been filled, and the next logical step is to click the 'Retrieve Password' button to submit the form and attempt to retrieve the password.
2026-01-19T02:38:20.6089185Z ⚠️ Loop detected: same AI suggestion repeated 2 times. Moving to next step.
2026-01-19T02:38:20.6090151Z   ▶️ [STEP step_5] FILL: Password
2026-01-19T02:38:20.6245263Z     🔍 Mining locators for: 'Password'
2026-01-19T02:38:20.7136938Z     ✅ Found 3 verified locators
2026-01-19T02:38:26.5081544Z     ✅ State transitioned.
2026-01-19T02:38:26.5208714Z     🔄 Revisited state detected (count: 1)
2026-01-19T02:38:28.2305192Z [DEBUG] Sending request to gemini-2.0-flash. Number of parts: 2
2026-01-19T02:38:28.2305987Z [DEBUG] Received response (Length: 248)
2026-01-19T02:38:28.2306996Z     🤖 AI Next Step Suggestion: click -> Retrieve Password
2026-01-19T02:38:28.2307848Z     🧩 Suggested Locator: button[name='submit']
2026-01-19T02:38:28.2309920Z     💭 Reasoning: The email address has been filled, and the next logical step is to click the Retrieve Password button to attempt to reset the password.
2026-01-19T02:38:28.2311582Z     ➕ Injected AI step: click -> Retrieve Password
2026-01-19T02:38:28.2312435Z   ▶️ [STEP step_5_ai_1] CLICK: Retrieve Password
2026-01-19T02:38:28.2375600Z     🎯 Using AI-provided locator: button[name='submit']
2026-01-19T02:38:28.2395522Z     🔍 Mining locators for: 'Retrieve Password'
2026-01-19T02:38:28.3200631Z     ✅ Found 1 verified locators
2026-01-19T02:38:31.9080294Z     ✅ State transitioned.
2026-01-19T02:38:33.4616062Z [DEBUG] Sending request to gemini-2.0-flash. Number of parts: 2
2026-01-19T02:38:33.4616711Z [DEBUG] Received response (Length: 297)
2026-01-19T02:38:33.4617606Z     🤖 AI Next Step Suggestion: click -> Retrieve Password
2026-01-19T02:38:33.4618326Z     🧩 Suggested Locator: button[name='submit']
2026-01-19T02:38:33.4620226Z     💭 Reasoning: The form is filled with an email address, and the next logical step is to click the 'Retrieve Password' button to submit the form and attempt to retrieve the password.
2026-01-19T02:38:33.4621979Z ⚠️ Loop detected: same AI suggestion repeated 2 times. Moving to next step.
2026-01-19T02:38:33.4622795Z   ▶️ [STEP step_6] CLICK: Sign in
2026-01-19T02:38:33.4775343Z     🔍 Mining locators for: 'Sign in'
2026-01-19T02:38:33.5291493Z     🧠 Consulting AI (Vision-First) to find 'Sign in'...
2026-01-19T02:38:33.5291942Z     🔍 Trying smart selectors for 'Sign in'...
2026-01-19T02:38:33.5548470Z     ✅ Smart selector found 'Sign in' via a-text-exact (confidence: 0.9)
2026-01-19T02:38:33.5597314Z     ✅ Found 1 verified locators
2026-01-19T02:38:37.1365817Z     ✅ State transitioned.
2026-01-19T02:38:37.1472616Z     🔄 Revisited state detected (count: 1)
2026-01-19T02:38:38.8270848Z [DEBUG] Sending request to gemini-2.0-flash. Number of parts: 2
2026-01-19T02:38:38.8271658Z [DEBUG] Received response (Length: 243)
2026-01-19T02:38:38.8272743Z     🤖 AI Next Step Suggestion: fill -> Email address
2026-01-19T02:38:38.8273525Z     🧩 Suggested Locator: #email_create
2026-01-19T02:38:38.8274957Z     💭 Reasoning: To create a new account, an email address is required. Filling the email address field is the next logical step.
2026-01-19T02:38:38.8276420Z     ➕ Injected AI step: fill -> Email address
2026-01-19T02:38:38.8277184Z   ▶️ [STEP step_6_ai_1] FILL: Email address
2026-01-19T02:38:38.8426640Z     🎯 Using AI-provided locator: #email_create
2026-01-19T02:38:38.8486805Z     ✅ Found 1 verified locators
2026-01-19T02:38:45.7988935Z     ✅ State transitioned.
2026-01-19T02:38:47.3980333Z [DEBUG] Sending request to gemini-2.0-flash. Number of parts: 2
2026-01-19T02:38:47.3980989Z [DEBUG] Received response (Length: 160)
2026-01-19T02:38:47.3981620Z     🤖 AI Next Step Suggestion: fill -> Password
2026-01-19T02:38:47.3981962Z     🧩 Suggested Locator: #passwd
2026-01-19T02:38:47.3982355Z     💭 Reasoning: Need to fill in the password field to attempt login.
2026-01-19T02:38:47.3983052Z     ➕ Injected AI step: fill -> Password
2026-01-19T02:38:47.3983384Z   ▶️ [STEP step_6_ai_2] FILL: Password
2026-01-19T02:38:47.4054794Z     🎯 Using AI-provided locator: #passwd
2026-01-19T02:38:47.4121959Z     ✅ Found 1 verified locators
2026-01-19T02:38:52.8294867Z     ✅ State transitioned.
2026-01-19T02:38:54.5257068Z [DEBUG] Sending request to gemini-2.0-flash. Number of parts: 2
2026-01-19T02:38:54.5257834Z [DEBUG] Received response (Length: 255)
2026-01-19T02:38:54.5258885Z     🤖 AI Next Step Suggestion: click -> Create an account
2026-01-19T02:38:54.5259910Z     🧩 Suggested Locator: #SubmitCreate
2026-01-19T02:38:54.5261785Z     💭 Reasoning: The email address for creating an account has been filled. Clicking 'Create an account' will proceed to the next step in the account creation process.
2026-01-19T02:38:54.5263551Z     ➕ Injected AI step: click -> Create an account
2026-01-19T02:38:54.5264316Z   ▶️ [STEP step_6_ai_3] CLICK: Create an account
2026-01-19T02:38:54.5329958Z     🎯 Using AI-provided locator: #SubmitCreate
2026-01-19T02:38:54.5396425Z     ✅ Found 1 verified locators
2026-01-19T02:38:58.6033326Z     ✅ State transitioned.
2026-01-19T02:38:58.6107422Z     🔄 Revisited state detected (count: 1)
2026-01-19T02:39:00.4581514Z [DEBUG] Sending request to gemini-2.0-flash. Number of parts: 2
2026-01-19T02:39:00.4582389Z [DEBUG] Received response (Length: 211)
2026-01-19T02:39:00.4583192Z     🤖 AI Next Step Suggestion: fill -> Password
2026-01-19T02:39:00.4583666Z     🧩 Suggested Locator: #passwd
2026-01-19T02:39:00.4584426Z     💭 Reasoning: The email address is already registered, so we need to fill in the password field to sign in.
2026-01-19T02:39:00.4585133Z     ➕ Injected AI step: fill -> Password
2026-01-19T02:39:00.4585541Z   ▶️ [STEP step_6_ai_4] FILL: Password
2026-01-19T02:39:00.4652116Z     🎯 Using AI-provided locator: #passwd
2026-01-19T02:39:00.4714521Z     ✅ Found 1 verified locators
2026-01-19T02:39:07.5279196Z     ✅ State transitioned.
2026-01-19T02:39:09.5002141Z [DEBUG] Sending request to gemini-2.0-flash. Number of parts: 2
2026-01-19T02:39:09.5002904Z [DEBUG] Received response (Length: 262)
2026-01-19T02:39:09.5003975Z     🤖 AI Next Step Suggestion: click -> Forgot your password?
2026-01-19T02:39:09.5004840Z     🧩 Suggested Locator: a[href*='password']
2026-01-19T02:39:09.5006730Z     💭 Reasoning: Since the email address is already registered, and the password field has been filled, the next logical step is to attempt to recover the password.
2026-01-19T02:39:09.5008500Z     ➕ Injected AI step: click -> Forgot your password?
2026-01-19T02:39:09.5009854Z   ▶️ [STEP step_6_ai_5] CLICK: Forgot your password?
2026-01-19T02:39:09.5078559Z     🎯 Using AI-provided locator: a[href*='password']
2026-01-19T02:39:09.5151642Z     ✅ Found 1 verified locators
2026-01-19T02:39:13.5671330Z     ✅ State transitioned.
2026-01-19T02:39:15.1001576Z [DEBUG] Sending request to gemini-2.0-flash. Number of parts: 2
2026-01-19T02:39:15.1002200Z [DEBUG] Received response (Length: 242)
2026-01-19T02:39:15.1003039Z     🤖 AI Next Step Suggestion: fill -> Email address
2026-01-19T02:39:15.1003406Z     🧩 Suggested Locator: #email
2026-01-19T02:39:15.1004044Z     💭 Reasoning: The page requires an email address to retrieve the password. Filling the email address field is the next logical step.
2026-01-19T02:39:15.1004668Z     ➕ Injected AI step: fill -> Email address
2026-01-19T02:39:15.1005006Z   ▶️ [STEP step_6_ai_6] FILL: Email address
2026-01-19T02:39:15.1165404Z     🎯 Using AI-provided locator: #email
2026-01-19T02:39:15.1228661Z     ✅ Found 1 verified locators
2026-01-19T02:39:21.3747630Z     ✅ State transitioned.
2026-01-19T02:39:21.3818262Z     🔄 Revisited state detected (count: 1)
2026-01-19T02:39:22.8923842Z [DEBUG] Sending request to gemini-2.0-flash. Number of parts: 2
2026-01-19T02:39:22.8924418Z [DEBUG] Received response (Length: 219)
2026-01-19T02:39:22.8925113Z     🤖 AI Next Step Suggestion: click -> Retrieve Password
2026-01-19T02:39:22.8925516Z     🧩 Suggested Locator: button[name='submit']
2026-01-19T02:39:22.8926476Z     💭 Reasoning: The email address has been filled, so the next step is to click the 'Retrieve Password' button to proceed.
2026-01-19T02:39:22.8927055Z     ➕ Injected AI step: click -> Retrieve Password
2026-01-19T02:39:22.8927588Z   ▶️ [STEP step_6_ai_7] CLICK: Retrieve Password
2026-01-19T02:39:22.8998498Z     🎯 Using AI-provided locator: button[name='submit']
2026-01-19T02:39:22.9021308Z     🔍 Mining locators for: 'Retrieve Password'
2026-01-19T02:39:22.9866065Z     ✅ Found 1 verified locators
2026-01-19T02:39:26.5591588Z     ✅ State transitioned.
2026-01-19T02:39:28.2210729Z [DEBUG] Sending request to gemini-2.0-flash. Number of parts: 2
2026-01-19T02:39:28.2211413Z [DEBUG] Received response (Length: 259)
2026-01-19T02:39:28.2212093Z     🤖 AI Next Step Suggestion: click -> Retrieve Password
2026-01-19T02:39:28.2212544Z     🧩 Suggested Locator: button[name='submit']
2026-01-19T02:39:28.2213445Z     💭 Reasoning: The last action was filling the email address, and the next logical step is to click the 'Retrieve Password' button to attempt password retrieval.
2026-01-19T02:39:28.2214424Z ⚠️ Loop detected: same AI suggestion repeated 2 times. Moving to next step.
2026-01-19T02:39:28.2214946Z   ▶️ [STEP step_7] ASSERT_VISIBLE: My account
2026-01-19T02:39:28.2392313Z     🔍 Mining locators for: 'My account'
2026-01-19T02:39:28.3025157Z     ✅ Found 1 verified locators
2026-01-19T02:39:30.8448325Z     ✅ State transitioned.
2026-01-19T02:39:30.8528667Z     🔄 Revisited state detected (count: 1)
2026-01-19T02:39:33.3419848Z [DEBUG] Sending request to gemini-2.0-flash. Number of parts: 2
2026-01-19T02:39:33.3420625Z [DEBUG] Received response (Length: 245)
2026-01-19T02:39:33.3421312Z     🤖 AI Next Step Suggestion: click -> Retrieve Password
2026-01-19T02:39:33.3421798Z     🧩 Suggested Locator: button[name='submitNewsletter']
2026-01-19T02:39:33.3422656Z     💭 Reasoning: The email address has been filled. Clicking 'Retrieve Password' will submit the form and attempt to retrieve the password.
2026-01-19T02:39:33.3423481Z     ➕ Injected AI step: click -> Retrieve Password
2026-01-19T02:39:33.3423935Z   ▶️ [STEP step_7_ai_1] CLICK: Retrieve Password
2026-01-19T02:39:33.3492317Z     🎯 Using AI-provided locator: button[name='submitNewsletter']
2026-01-19T02:39:33.3569987Z     ✅ Found 1 verified locators
2026-01-19T02:39:37.4183807Z     ✅ State transitioned.
2026-01-19T02:39:39.3492251Z [DEBUG] Sending request to gemini-2.0-flash. Number of parts: 2
2026-01-19T02:39:39.3492862Z [DEBUG] Received response (Length: 368)
2026-01-19T02:39:39.3493674Z     🤖 AI Next Step Suggestion: done -> N/A
2026-01-19T02:39:39.3496601Z     💭 Reasoning: The current page is the homepage. The last few actions were related to password retrieval, which resulted in an error message. There are no further actions to take on this page related to that goal. The goal is to practice automation scenarios, and there are no clear next steps from the homepage based on the previous actions.
2026-01-19T02:39:39.3499245Z   ▶️ [STEP step_8] CLICK: My personal information
2026-01-19T02:39:39.3684690Z     🔍 Mining locators for: 'My personal information'
2026-01-19T02:39:39.4640055Z     ✅ Found 1 verified locators
2026-01-19T02:39:43.5591987Z     ✅ State transitioned.
2026-01-19T02:39:45.2643948Z [DEBUG] Sending request to gemini-2.0-flash. Number of parts: 2
2026-01-19T02:39:45.2644620Z [DEBUG] Received response (Length: 237)
2026-01-19T02:39:45.2645436Z     🤖 AI Next Step Suggestion: fill -> Email address
2026-01-19T02:39:45.2646084Z     🧩 Suggested Locator: #email_create
2026-01-19T02:39:45.2647102Z     💭 Reasoning: To create a new account, we need to fill in the email address field under the 'CREATE AN ACCOUNT' section.
2026-01-19T02:39:45.2647769Z     ➕ Injected AI step: fill -> Email address
2026-01-19T02:39:45.2648177Z   ▶️ [STEP step_8_ai_1] FILL: Email address
2026-01-19T02:39:45.2807154Z     🎯 Using AI-provided locator: #email_create
2026-01-19T02:39:45.2873779Z     ✅ Found 1 verified locators
2026-01-19T02:39:51.3724327Z     ✅ State transitioned.
2026-01-19T02:39:53.0251303Z [DEBUG] Sending request to gemini-2.0-flash. Number of parts: 2
2026-01-19T02:39:53.0252089Z [DEBUG] Received response (Length: 254)
2026-01-19T02:39:53.0253036Z     🤖 AI Next Step Suggestion: click -> Create an account
2026-01-19T02:39:53.0253799Z     🧩 Suggested Locator: #SubmitCreate
2026-01-19T02:39:53.0254565Z     💭 Reasoning: The email address has been filled in the 'CREATE AN ACCOUNT' section. Clicking 'Create an account' will proceed to the next step of account creation.
2026-01-19T02:39:53.0255275Z     ➕ Injected AI step: click -> Create an account
2026-01-19T02:39:53.0255659Z   ▶️ [STEP step_8_ai_2] CLICK: Create an account
2026-01-19T02:39:53.0320592Z     🎯 Using AI-provided locator: #SubmitCreate
2026-01-19T02:39:53.0384535Z     ✅ Found 1 verified locators
2026-01-19T02:39:57.1051645Z     ✅ State transitioned.
2026-01-19T02:39:57.1129966Z     🔄 Revisited state detected (count: 1)
2026-01-19T02:39:58.6143676Z [DEBUG] Sending request to gemini-2.0-flash. Number of parts: 2
2026-01-19T02:39:58.6144314Z [DEBUG] Received response (Length: 232)
2026-01-19T02:39:58.6145167Z     🤖 AI Next Step Suggestion: fill -> Email address
2026-01-19T02:39:58.6145540Z     🧩 Suggested Locator: #email_create
2026-01-19T02:39:58.6146184Z     💭 Reasoning: The previous email address was already registered. Filling a new email address to create an account.
2026-01-19T02:39:58.6146755Z     ➕ Injected AI step: fill -> Email address
2026-01-19T02:39:58.6147093Z   ▶️ [STEP step_8_ai_3] FILL: Email address
2026-01-19T02:39:58.6223267Z     🎯 Using AI-provided locator: #email_create
2026-01-19T02:39:58.6317562Z     ✅ Found 1 verified locators
2026-01-19T02:40:05.0695253Z     ✅ State transitioned.
2026-01-19T02:40:06.9450743Z [DEBUG] Sending request to gemini-2.0-flash. Number of parts: 2
2026-01-19T02:40:06.9451396Z [DEBUG] Received response (Length: 206)
2026-01-19T02:40:06.9452316Z     🤖 AI Next Step Suggestion: click -> Create an account
2026-01-19T02:40:06.9453037Z     🧩 Suggested Locator: #SubmitCreate
2026-01-19T02:40:06.9454190Z     💭 Reasoning: The email address is already registered. Need to create a new account with a different email address.
2026-01-19T02:40:06.9455339Z     ➕ Injected AI step: click -> Create an account
2026-01-19T02:40:06.9456049Z   ▶️ [STEP step_8_ai_4] CLICK: Create an account
2026-01-19T02:40:06.9517527Z     🎯 Using AI-provided locator: #SubmitCreate
2026-01-19T02:40:06.9575792Z     ✅ Found 1 verified locators
2026-01-19T02:40:11.0213568Z     ✅ State transitioned.
2026-01-19T02:40:11.0299358Z     🔄 Revisited state detected (count: 1)
2026-01-19T02:40:12.7266002Z [DEBUG] Sending request to gemini-2.0-flash. Number of parts: 2
2026-01-19T02:40:12.7266808Z [DEBUG] Received response (Length: 232)
2026-01-19T02:40:12.7267492Z     🤖 AI Next Step Suggestion: fill -> Email address
2026-01-19T02:40:12.7267969Z     🧩 Suggested Locator: #email_create
2026-01-19T02:40:12.7268654Z     💭 Reasoning: The previous email address was already registered. Filling a new email address to create an account.
2026-01-19T02:40:12.7269256Z     ➕ Injected AI step: fill -> Email address
2026-01-19T02:40:12.7269781Z   ▶️ [STEP step_8_ai_5] FILL: Email address
2026-01-19T02:40:12.7334480Z     🎯 Using AI-provided locator: #email_create
2026-01-19T02:40:12.7400376Z     ✅ Found 1 verified locators
2026-01-19T02:40:19.4892062Z     ✅ State transitioned.
2026-01-19T02:40:21.4880023Z [DEBUG] Sending request to gemini-2.0-flash. Number of parts: 2
2026-01-19T02:40:21.4880809Z [DEBUG] Received response (Length: 413)
2026-01-19T02:40:21.4881857Z     🤖 AI Next Step Suggestion: click -> Create an account
2026-01-19T02:40:21.4882644Z     🧩 Suggested Locator: #SubmitCreate
2026-01-19T02:40:21.4885924Z     💭 Reasoning: The email address field has been filled, and the next logical step is to click the 'Create an account' button to proceed with the account creation process. The previous attempts to create an account failed because the email was already registered, but we need to continue practicing the automation scenarios.
2026-01-19T02:40:21.4889445Z     ➕ Injected AI step: click -> Create an account
2026-01-19T02:40:21.4890429Z   ▶️ [STEP step_8_ai_6] CLICK: Create an account
2026-01-19T02:40:21.4958001Z     🎯 Using AI-provided locator: #SubmitCreate
2026-01-19T02:40:21.5022950Z     ✅ Found 1 verified locators
2026-01-19T02:40:25.5492334Z     ✅ State transitioned.
2026-01-19T02:40:25.5570745Z     🔄 Revisited state detected (count: 1)
2026-01-19T02:40:27.6762782Z [DEBUG] Sending request to gemini-2.0-flash. Number of parts: 2
2026-01-19T02:40:27.6763562Z [DEBUG] Received response (Length: 452)
2026-01-19T02:40:27.6764532Z     🤖 AI Next Step Suggestion: click -> Create an account
2026-01-19T02:40:27.6765278Z     🧩 Suggested Locator: #SubmitCreate
2026-01-19T02:40:27.6767040Z     💭 Reasoning: The email address field has been filled, and the next logical step is to click the 'Create an account' button to proceed with the account creation process. The previous attempts to create an account failed, likely due to the email already being registered. However, the goal is to practice automation scenarios, so we will proceed with the action.
2026-01-19T02:40:27.6768472Z ⚠️ Loop detected: same AI suggestion repeated 2 times. Moving to next step.
2026-01-19T02:40:27.6768914Z   ▶️ [STEP step_9] ASSERT_URL: 
2026-01-19T02:40:32.6956050Z     ⚠️ Scroll into view failed for text=None. Proceeding anyway.
2026-01-19T02:40:34.6979200Z     ✅ State transitioned.
2026-01-19T02:40:34.7059334Z     🔄 Revisited state detected (count: 2)
2026-01-19T02:40:36.2528226Z [DEBUG] Sending request to gemini-2.0-flash. Number of parts: 2
2026-01-19T02:40:36.2528916Z [DEBUG] Received response (Length: 243)
2026-01-19T02:40:36.2529781Z     🤖 AI Next Step Suggestion: click -> Create an account
2026-01-19T02:40:36.2530194Z     🧩 Suggested Locator: #SubmitCreate
2026-01-19T02:40:36.2530964Z     💭 Reasoning: The email address has been entered, and the next step is to click the 'Create an account' button to proceed with the registration process.
2026-01-19T02:40:36.2531731Z     ➕ Injected AI step: click -> Create an account
2026-01-19T02:40:36.2532140Z   ▶️ [STEP step_9_ai_1] CLICK: Create an account
2026-01-19T02:40:36.2625322Z     🎯 Using AI-provided locator: #SubmitCreate
2026-01-19T02:40:36.2694648Z     ✅ Found 1 verified locators
2026-01-19T02:40:40.3289759Z     ✅ State transitioned.
2026-01-19T02:40:40.3375680Z     🔄 Revisited state detected (count: 3)
2026-01-19T02:40:40.3376553Z     ⚠️ Too many revisits (3). Stopping AI step injection to prevent loops.
2026-01-19T02:40:40.3377325Z   ▶️ [STEP step_10] FILL: First name
2026-01-19T02:40:40.3437546Z     🔍 Mining locators for: 'First name'
2026-01-19T02:40:40.3898487Z     🧠 Consulting AI (Vision-First) to find 'First name'...
2026-01-19T02:40:40.3899283Z     🔍 Trying smart selectors for 'First name'...
2026-01-19T02:40:40.4151475Z     ⚠️ Smart selectors failed (no unique match). Falling back to AI Vision...
2026-01-19T02:40:40.4152502Z     ⚠️ Critical step failure: name 'time' is not defined
2026-01-19T02:40:40.4153215Z   ▶️ [STEP step_11] FILL: Current password
2026-01-19T02:40:40.4205445Z     🔍 Mining locators for: 'Current password'
2026-01-19T02:40:40.4740032Z     🧠 Consulting AI (Vision-First) to find 'Current password'...
2026-01-19T02:40:40.4741296Z     🔍 Trying smart selectors for 'Current password'...
2026-01-19T02:40:40.5021157Z     ⚠️ Smart selectors failed (no unique match). Falling back to AI Vision...
2026-01-19T02:40:40.5022095Z     ⚠️ Critical step failure: name 'time' is not defined
2026-01-19T02:40:40.5022754Z   ▶️ [STEP step_12] CLICK: Save
2026-01-19T02:40:40.5081661Z     🔍 Mining locators for: 'Save'
2026-01-19T02:40:40.5741671Z     🧠 Consulting AI (Vision-First) to find 'Save'...
2026-01-19T02:40:40.5742387Z     🔍 Trying smart selectors for 'Save'...
2026-01-19T02:40:40.5982693Z     ⚠️ Smart selectors failed (no unique match). Falling back to AI Vision...
2026-01-19T02:40:40.5983674Z     ⚠️ Critical step failure: name 'time' is not defined
2026-01-19T02:40:40.5984929Z   ▶️ [STEP step_13] ASSERT_VISIBLE: Information successfully updated
2026-01-19T02:40:40.6034666Z     🔍 Mining locators for: 'Information successfully updated'
2026-01-19T02:40:40.6588267Z     🧠 Consulting AI (Vision-First) to find 'Information successfully updated'...
2026-01-19T02:40:40.6589397Z     🔍 Trying smart selectors for 'Information successfully updated'...
2026-01-19T02:40:40.6890500Z     ⚠️ Smart selectors failed (no unique match). Falling back to AI Vision...
2026-01-19T02:40:40.6891059Z     ⚠️ Critical step failure: name 'time' is not defined
2026-01-19T02:40:42.7260125Z 🗂️  All generated tests written to /home/runner/work/build_qa_automation/build_qa_automation/projects/ci_automation_practice/tests/generated_scenarios.json
2026-01-19T02:40:42.7284013Z 🔄 Updated workflow.json with discovered steps and locators.
2026-01-19T02:40:42.7284429Z 
2026-01-19T02:40:42.7284671Z ✅ Deep Exploration Complete.
2026-01-19T02:43:50.5703617Z 
2026-01-19T02:43:50.5704709Z 🚀 [EXECUTE] Starting Automation Execution Engine
2026-01-19T02:43:50.5705505Z 📍 Project: ci_automation_practice
2026-01-19T02:43:50.5706042Z 🎬 Mode: Headless
2026-01-19T02:43:50.5706266Z 
2026-01-19T02:43:50.5706499Z --- Scenario: Complete Purchase Flow ---
2026-01-19T02:43:50.5707142Z   ▶️ [STEP step_1] NAVIGATE: Step step_1
2026-01-19T02:43:50.5707724Z     ✅ Step step_1 Passed.
2026-01-19T02:43:50.5708267Z   ▶️ [STEP step_2] ASSERT_URL: Step step_2
2026-01-19T02:43:50.5708814Z     ✅ Step step_2 Passed.
2026-01-19T02:43:50.5709315Z   ▶️ [STEP step_2_ai_1] NAVIGATE: Dresses
2026-01-19T02:43:50.5710609Z     ❌ Attempt 1 failed (unknown): Page.goto: Protocol error (Page.navigate): Cannot navigate to invalid URL
2026-01-19T02:43:50.5711512Z Call log:
2026-01-19T02:43:50.5711819Z   - navigating t...
2026-01-19T02:43:50.5712307Z     🔧 [AUTO-HEAL] Re-mining page to find 'Dresses'...
2026-01-19T02:43:50.5712906Z [DEBUG] Sending request to gemini-2.0-flash. Number of parts: 2
2026-01-19T02:43:50.5713493Z [DEBUG] Received response (Length: 510)
2026-01-19T02:43:50.5714107Z     ✨ AI successfully healed the step! Found 2 alternatives.
2026-01-19T02:43:50.5714809Z     ✨ AI successfully healed the step! New selector: a[href*='dresses']
2026-01-19T02:43:50.5715578Z     ❌ Attempt 2 failed (unknown): Page.goto: Protocol error (Page.navigate): Cannot navigate to invalid URL
2026-01-19T02:43:50.5716017Z Call log:
2026-01-19T02:43:50.5716210Z   - navigating t...
2026-01-19T02:43:50.5716508Z     🔧 [AUTO-HEAL] Re-mining page to find 'Dresses'...
2026-01-19T02:43:50.5716861Z [DEBUG] Sending request to gemini-2.0-flash. Number of parts: 2
2026-01-19T02:43:50.5717198Z [DEBUG] Received response (Length: 615)
2026-01-19T02:43:50.5717555Z     ✨ AI successfully healed the step! Found 2 alternatives.
2026-01-19T02:43:50.5718003Z     ✨ AI successfully healed the step! New selector: a:contains('DRESSES')
2026-01-19T02:43:50.5718597Z     ❌ Attempt 3 failed (unknown): Page.goto: Protocol error (Page.navigate): Cannot navigate to invalid URL
2026-01-19T02:43:50.5719035Z Call log:
2026-01-19T02:43:50.5719224Z   - navigating t...
2026-01-19T02:43:50.5719688Z     💀 Step step_2_ai_1 failed after all retries.
2026-01-19T02:43:50.5720184Z 🛑 Scenario 'Complete Purchase Flow' aborted due to step failure.
2026-01-19T02:43:50.5720427Z 
2026-01-19T02:43:50.5720927Z --- Scenario: Contact Us Form Submission ---
2026-01-19T02:43:50.5721281Z   ▶️ [STEP step_1] NAVIGATE: Step step_1
2026-01-19T02:43:50.5721577Z     ✅ Step step_1 Passed.
2026-01-19T02:43:50.5721855Z   ▶️ [STEP step_2] CLICK: Contact us
2026-01-19T02:43:50.5722197Z     🎯 Using mined locator: role=link[name='Contact us']
2026-01-19T02:43:50.5722521Z     ✅ Step step_2 Passed.
2026-01-19T02:43:50.5722798Z   ▶️ [STEP step_2_ai_1] FILL: Email address
2026-01-19T02:43:50.5723094Z     🎯 Using mined locator: #email
2026-01-19T02:43:50.5723371Z     ✅ Step step_2_ai_1 Passed.
2026-01-19T02:43:50.5723670Z   ▶️ [STEP step_2_ai_2] FILL: Order reference
2026-01-19T02:43:50.5724135Z     🎯 Using mined locator: input[id='id_order']
2026-01-19T02:43:50.5724437Z     ✅ Step step_2_ai_2 Passed.
2026-01-19T02:43:50.5724701Z   ▶️ [STEP step_2_ai_3] FILL: Message
2026-01-19T02:43:50.5724998Z     🎯 Using mined locator: #message
2026-01-19T02:43:50.5725283Z     ✅ Step step_2_ai_3 Passed.
2026-01-19T02:43:50.5725583Z   ▶️ [STEP step_2_ai_4] CLICK: -- Choose --
2026-01-19T02:43:50.5725887Z     🎯 Using mined locator: span
2026-01-19T02:43:50.5726156Z     ✅ Step step_2_ai_4 Passed.
2026-01-19T02:43:50.5726449Z   ▶️ [STEP step_3] ASSERT_URL: Step step_3
2026-01-19T02:43:50.5726738Z     ✅ Step step_3 Passed.
2026-01-19T02:43:50.5727009Z   ▶️ [STEP step_3_ai_1] CLICK: Choose File
2026-01-19T02:43:50.5727327Z     🎯 Using mined locator: #uniform-fileUpload
2026-01-19T02:43:50.5727638Z     ✅ Step step_3_ai_1 Passed.
2026-01-19T02:43:50.5727923Z   ▶️ [STEP step_4] SELECT: Subject Heading
2026-01-19T02:43:50.5728224Z     🎯 Using mined locator: #id_contact
2026-01-19T02:43:50.5728496Z     ✅ Step step_4 Passed.
2026-01-19T02:43:50.5728776Z   ▶️ [STEP step_5] FILL: Email address
2026-01-19T02:43:50.5729134Z     🎯 Using mined locator: role=textbox[name='Email address']
2026-01-19T02:43:50.5729681Z     ✅ Step step_5 Passed.
2026-01-19T02:43:50.5730103Z   ▶️ [STEP step_5_ai_1] CLICK: -- Choose --
2026-01-19T02:43:50.5730446Z     🎯 Using mined locator: text='-- Choose --'
2026-01-19T02:43:50.5730755Z     ✅ Step step_5_ai_1 Passed.
2026-01-19T02:43:50.5731029Z   ▶️ [STEP step_6] FILL: Order reference
2026-01-19T02:43:50.5731298Z     ✅ Step step_6 Passed.
2026-01-19T02:43:50.5731561Z   ▶️ [STEP step_7] FILL: Message
2026-01-19T02:43:50.5732066Z     🎯 Using mined locator: role=textbox[name='Message']
2026-01-19T02:43:50.5732513Z     ✅ Step step_7 Passed.
2026-01-19T02:43:50.5733004Z   ▶️ [STEP step_7_ai_1] FILL: id_order
2026-01-19T02:43:50.5733523Z     🎯 Using mined locator: #id_order
2026-01-19T02:43:50.5734056Z     ✅ Step step_7_ai_1 Passed.
2026-01-19T02:43:50.5734521Z   ▶️ [STEP step_8] CLICK: Send
2026-01-19T02:43:50.5734983Z     🎯 Using mined locator: text='Send'
2026-01-19T02:43:50.5735527Z     ✅ Step step_8 Passed.
2026-01-19T02:43:50.5736050Z   ▶️ [STEP step_8_ai_1] FILL: Email address
2026-01-19T02:43:50.5736572Z     🎯 Using mined locator: #email
2026-01-19T02:43:50.5737018Z     ✅ Step step_8_ai_1 Passed.
2026-01-19T02:43:50.5737895Z   ▶️ [STEP step_9] ASSERT_VISIBLE: Your message has been successfully sent to our team.
2026-01-19T02:43:50.5738988Z     ❌ Attempt 1 failed (element_not_found): Locator expected to be visible
2026-01-19T02:43:50.5739809Z Actual value: None
2026-01-19T02:43:50.5740180Z Error: element(s) not found 
2026-01-19T02:43:50.5743184Z Call log:
2026-01-19T02:43:50.5743526Z   - Expect ...
2026-01-19T02:43:50.5744489Z     🔧 [AUTO-HEAL] Re-mining page to find 'Your message has been successfully sent to our team.'...
2026-01-19T02:43:50.5745499Z [DEBUG] Sending request to gemini-2.0-flash. Number of parts: 2
2026-01-19T02:43:50.5746177Z [DEBUG] Received response (Length: 625)
2026-01-19T02:43:50.5746840Z     ✨ AI successfully healed the step! Found 2 alternatives.
2026-01-19T02:43:50.5747581Z     ✨ AI successfully healed the step! New selector: .alert.alert-danger
2026-01-19T02:43:50.5748197Z     ✅ Step step_9 Passed.
2026-01-19T02:43:50.5748741Z ✅ Scenario 'Contact Us Form Submission' completed successfully!
2026-01-19T02:43:50.5749669Z 
2026-01-19T02:43:50.5749951Z --- Scenario: Login and Update Profile Information ---
2026-01-19T02:43:50.5750655Z   ▶️ [STEP step_1] NAVIGATE: Step step_1
2026-01-19T02:43:50.5751216Z     ✅ Step step_1 Passed.
2026-01-19T02:43:50.5751675Z   ▶️ [STEP step_2] CLICK: Sign in
2026-01-19T02:43:50.5752191Z     🎯 Using mined locator: a:has-text('Sign in')
2026-01-19T02:43:50.5752681Z     ✅ Step step_2 Passed.
2026-01-19T02:43:50.5753139Z   ▶️ [STEP step_2_ai_1] FILL: Email address
2026-01-19T02:43:50.5753719Z     ⚠️ Mined locators not found on page. Falling back to semantic search.
2026-01-19T02:43:50.5754446Z     ❌ Attempt 1 failed (unknown): Locator.scroll_into_view_if_needed: Error: strict mode violation: locator("text=Email address") reso...
2026-01-19T02:43:50.5755270Z     🔧 [AUTO-HEAL] Re-mining page to find 'Email address'...
2026-01-19T02:43:50.5755649Z [DEBUG] Sending request to gemini-2.0-flash. Number of parts: 2
2026-01-19T02:43:50.5756003Z [DEBUG] Received response (Length: 784)
2026-01-19T02:43:50.5756377Z     ✨ AI successfully healed the step! Found 3 alternatives.
2026-01-19T02:43:50.5756815Z     ✨ AI successfully healed the step! New selector: input[name='email']
2026-01-19T02:43:50.5757181Z     ✅ Step step_2_ai_1 Passed.
2026-01-19T02:43:50.5757467Z   ▶️ [STEP step_2_ai_2] FILL: Password
2026-01-19T02:43:50.5757759Z     🎯 Using mined locator: #passwd
2026-01-19T02:43:50.5758046Z     ✅ Step step_2_ai_2 Passed.
2026-01-19T02:43:50.5758321Z   ▶️ [STEP step_2_ai_3] CLICK: Sign in
2026-01-19T02:43:50.5758624Z     🎯 Using mined locator: #SubmitLogin
2026-01-19T02:43:50.5758918Z     ✅ Step step_2_ai_3 Passed.
2026-01-19T02:43:50.5759207Z   ▶️ [STEP step_2_ai_4] FILL: Email address
2026-01-19T02:43:50.5759694Z     🎯 Using mined locator: #email_create
2026-01-19T02:43:50.5760026Z     ✅ Step step_2_ai_4 Passed.
2026-01-19T02:43:50.5760317Z   ▶️ [STEP step_2_ai_5] FILL: Password
2026-01-19T02:43:50.5760629Z     🎯 Using mined locator: #passwd
2026-01-19T02:43:50.5760920Z     ✅ Step step_2_ai_5 Passed.
2026-01-19T02:43:50.5761223Z   ▶️ [STEP step_2_ai_6] CLICK: Create an account
2026-01-19T02:43:50.5761555Z     🎯 Using mined locator: #SubmitCreate
2026-01-19T02:43:50.5761856Z     ✅ Step step_2_ai_6 Passed.
2026-01-19T02:43:50.5762130Z   ▶️ [STEP step_2_ai_7] FILL: Email address
2026-01-19T02:43:50.5762426Z     🎯 Using mined locator: #email_create
2026-01-19T02:43:50.5762706Z     ✅ Step step_2_ai_7 Passed.
2026-01-19T02:43:50.5762998Z   ▶️ [STEP step_2_ai_8] CLICK: Create an account
2026-01-19T02:43:50.5763305Z     🎯 Using mined locator: #SubmitCreate
2026-01-19T02:43:50.5763593Z     ✅ Step step_2_ai_8 Passed.
2026-01-19T02:43:50.5763926Z   ▶️ [STEP step_2_ai_9] CLICK: Recover your forgotten password
2026-01-19T02:43:50.5764378Z     🎯 Using mined locator: [title='Recover your forgotten password']
2026-01-19T02:43:50.5764730Z     ✅ Step step_2_ai_9 Passed.
2026-01-19T02:43:50.5765015Z   ▶️ [STEP step_2_ai_10] FILL: Email address
2026-01-19T02:43:50.5765331Z     🎯 Using mined locator: #email
2026-01-19T02:43:50.5765621Z     ✅ Step step_2_ai_10 Passed.
2026-01-19T02:43:50.5765925Z   ▶️ [STEP step_2_ai_11] CLICK: Retrieve Password
2026-01-19T02:43:50.5766274Z     🎯 Using mined locator: text='Retrieve Password'
2026-01-19T02:43:50.5766594Z     ✅ Step step_2_ai_11 Passed.
2026-01-19T02:43:50.5766876Z   ▶️ [STEP step_3] ASSERT_URL: Step step_3
2026-01-19T02:43:50.5767172Z     ✅ Step step_3 Passed.
2026-01-19T02:43:50.5767480Z   ▶️ [STEP step_3_ai_1] CLICK: Retrieve Password
2026-01-19T02:43:50.5767833Z     🎯 Using mined locator: text='Retrieve Password'
2026-01-19T02:43:50.5768149Z     ✅ Step step_3_ai_1 Passed.
2026-01-19T02:43:50.5768424Z   ▶️ [STEP step_4] FILL: Email address
2026-01-19T02:43:50.5768934Z     🎯 Using mined locator: role=textbox[name='Email address']
2026-01-19T02:43:50.5769276Z     ✅ Step step_4 Passed.
2026-01-19T02:43:50.5769742Z   ▶️ [STEP step_4_ai_1] CLICK: Retrieve Password
2026-01-19T02:43:50.5770098Z     🎯 Using mined locator: text='Retrieve Password'
2026-01-19T02:43:50.5770517Z     ✅ Step step_4_ai_1 Passed.
2026-01-19T02:43:50.5770794Z   ▶️ [STEP step_5] FILL: Password
2026-01-19T02:43:50.5771128Z     🎯 Using mined locator: text=FORGOT YOUR PASSWORD?
2026-01-19T02:43:50.5771439Z     ✅ Step step_5 Passed.
2026-01-19T02:43:50.5771718Z   ▶️ [STEP step_5_ai_1] CLICK: Retrieve Password
2026-01-19T02:43:50.5772069Z     🎯 Using mined locator: text='Retrieve Password'
2026-01-19T02:43:50.5772385Z     ✅ Step step_5_ai_1 Passed.
2026-01-19T02:43:50.5772668Z   ▶️ [STEP step_6] CLICK: Sign in
2026-01-19T02:43:50.5772973Z     🎯 Using mined locator: a:has-text('Sign in')
2026-01-19T02:43:50.5773289Z     ✅ Step step_6 Passed.
2026-01-19T02:43:50.5773578Z   ▶️ [STEP step_6_ai_1] FILL: Email address
2026-01-19T02:43:50.5773898Z     🎯 Using mined locator: #email_create
2026-01-19T02:43:50.5774180Z     ✅ Step step_6_ai_1 Passed.
2026-01-19T02:43:50.5774454Z   ▶️ [STEP step_6_ai_2] FILL: Password
2026-01-19T02:43:50.5774741Z     🎯 Using mined locator: #passwd
2026-01-19T02:43:50.5775025Z     ✅ Step step_6_ai_2 Passed.
2026-01-19T02:43:50.5775317Z   ▶️ [STEP step_6_ai_3] CLICK: Create an account
2026-01-19T02:43:50.5775627Z     🎯 Using mined locator: #SubmitCreate
2026-01-19T02:43:50.5775915Z     ✅ Step step_6_ai_3 Passed.
2026-01-19T02:43:50.5776184Z   ▶️ [STEP step_6_ai_4] FILL: Password
2026-01-19T02:43:50.5776507Z     🎯 Using mined locator: #passwd
2026-01-19T02:43:50.5776788Z     ✅ Step step_6_ai_4 Passed.
2026-01-19T02:43:50.5777091Z   ▶️ [STEP step_6_ai_5] CLICK: Forgot your password?
2026-01-19T02:43:50.5777426Z     🎯 Using mined locator: a[href*='password']
2026-01-19T02:43:50.5777728Z     ✅ Step step_6_ai_5 Passed.
2026-01-19T02:43:50.5778010Z   ▶️ [STEP step_6_ai_6] FILL: Email address
2026-01-19T02:43:50.5778321Z     🎯 Using mined locator: #email
2026-01-19T02:43:50.5778584Z     ✅ Step step_6_ai_6 Passed.
2026-01-19T02:43:50.5778876Z   ▶️ [STEP step_6_ai_7] CLICK: Retrieve Password
2026-01-19T02:43:50.5779229Z     🎯 Using mined locator: text='Retrieve Password'
2026-01-19T02:43:50.5779648Z     ✅ Step step_6_ai_7 Passed.
2026-01-19T02:43:50.5779946Z   ▶️ [STEP step_7] ASSERT_VISIBLE: My account
2026-01-19T02:43:50.5780261Z     🎯 Using mined locator: text='My account'
2026-01-19T02:43:50.5780564Z     ✅ Step step_7 Passed.
2026-01-19T02:43:50.5780863Z   ▶️ [STEP step_7_ai_1] CLICK: Retrieve Password
2026-01-19T02:43:50.5781247Z     🎯 Using mined locator: button[name='submitNewsletter']
2026-01-19T02:44:53.7185785Z     ✅ Step step_7_ai_1 Passed.
2026-01-19T02:44:53.7186925Z   ▶️ [STEP step_8] CLICK: My personal information
2026-01-19T02:44:53.7188306Z     🎯 Using mined locator: [title='Manage my personal information']
2026-01-19T02:44:53.7189744Z     ✅ Step step_8 Passed.
2026-01-19T02:44:53.7190261Z   ▶️ [STEP step_8_ai_1] FILL: Email address
2026-01-19T02:44:53.7190927Z     🎯 Using mined locator: #email_create
2026-01-19T02:44:53.7191887Z     ✅ Step step_8_ai_1 Passed.
2026-01-19T02:44:53.7192866Z   ▶️ [STEP step_8_ai_2] CLICK: Create an account
2026-01-19T02:44:53.7193999Z     🎯 Using mined locator: #SubmitCreate
2026-01-19T02:44:53.7194946Z     ✅ Step step_8_ai_2 Passed.
2026-01-19T02:44:53.7195876Z   ▶️ [STEP step_8_ai_3] FILL: Email address
2026-01-19T02:44:53.7196860Z     🎯 Using mined locator: #email_create
2026-01-19T02:44:53.7197827Z     ✅ Step step_8_ai_3 Passed.
2026-01-19T02:44:53.7198740Z   ▶️ [STEP step_8_ai_4] CLICK: Create an account
2026-01-19T02:44:53.7200480Z     🎯 Using mined locator: #SubmitCreate
2026-01-19T02:44:53.7201466Z     ✅ Step step_8_ai_4 Passed.
2026-01-19T02:44:53.7202393Z   ▶️ [STEP step_8_ai_5] FILL: Email address
2026-01-19T02:44:53.7203387Z     🎯 Using mined locator: #email_create
2026-01-19T02:44:53.7204805Z     ✅ Step step_8_ai_5 Passed.
2026-01-19T02:44:53.7205588Z   ▶️ [STEP step_8_ai_6] CLICK: Create an account
2026-01-19T02:44:53.7206502Z     🎯 Using mined locator: #SubmitCreate
2026-01-19T02:44:53.7207306Z     ✅ Step step_8_ai_6 Passed.
2026-01-19T02:44:53.7208069Z   ▶️ [STEP step_9] ASSERT_URL: Step step_9
2026-01-19T02:44:53.7209071Z     ✅ Step step_9 Passed.
2026-01-19T02:44:53.7210232Z   ▶️ [STEP step_9_ai_1] CLICK: Create an account
2026-01-19T02:44:53.7211090Z     🎯 Using mined locator: #SubmitCreate
2026-01-19T02:44:53.7211885Z     ✅ Step step_9_ai_1 Passed.
2026-01-19T02:44:53.7212603Z   ▶️ [STEP step_10] FILL: First name
2026-01-19T02:44:53.7214037Z     ❌ Attempt 1 failed (element_not_found): Locator.scroll_into_view_if_needed: Timeout 10000ms exceeded.
2026-01-19T02:44:53.7215299Z Call log:
2026-01-19T02:44:53.7215801Z   - waiting for locator("tex...
2026-01-19T02:44:53.7216681Z     🔧 [AUTO-HEAL] Re-mining page to find 'First name'...
2026-01-19T02:44:53.7217708Z [DEBUG] Sending request to gemini-2.0-flash. Number of parts: 2
2026-01-19T02:44:53.7218678Z [DEBUG] Received response (Length: 38)
2026-01-19T02:44:53.7219764Z     ❌ AI could not re-locate the element. Waiting 1s before next retry.
2026-01-19T02:44:53.7221461Z     ❌ Attempt 2 failed (element_not_found): Locator.scroll_into_view_if_needed: Timeout 10000ms exceeded.
2026-01-19T02:44:53.7222727Z Call log:
2026-01-19T02:44:53.7223222Z   - waiting for locator("tex...
2026-01-19T02:44:53.7224086Z     🔧 [AUTO-HEAL] Re-mining page to find 'First name'...
2026-01-19T02:44:53.7224955Z [CACHE HIT] ab2627db... (hits: 1, misses: 5)
2026-01-19T02:44:53.7226039Z     ❌ AI could not re-locate the element. Waiting 1s before next retry.
2026-01-19T02:44:53.7227720Z     ❌ Attempt 3 failed (element_not_found): Locator.scroll_into_view_if_needed: Timeout 10000ms exceeded.
2026-01-19T02:44:53.7228991Z Call log:
2026-01-19T02:44:53.7229589Z   - waiting for locator("tex...
2026-01-19T02:44:53.7230415Z     💀 Step step_10 failed after all retries.
2026-01-19T02:44:53.7231697Z 🛑 Scenario 'Login and Update Profile Information' aborted due to step failure.
2026-01-19T02:44:53.7232552Z 
2026-01-19T02:44:53.7232819Z ============================================================
2026-01-19T02:44:53.7233580Z 🎯 EXECUTION SUMMARY
2026-01-19T02:44:53.7234162Z ============================================================
2026-01-19T02:44:53.7234669Z 
2026-01-19T02:44:53.7234931Z 📋 Scenario Overview:
2026-01-19T02:44:53.7235552Z    • Total Scenarios Planned: 3
2026-01-19T02:44:53.7236241Z    • Scenarios Executed: 3
2026-01-19T02:44:53.7236929Z    • Total Steps Executed: 59
2026-01-19T02:44:53.7237342Z 
2026-01-19T02:44:53.7237586Z ✅ Results:
2026-01-19T02:44:53.7238116Z    ✅ Passed: 1 (33%)
2026-01-19T02:44:53.7238720Z    ❌ Failed: 2 (66%)
2026-01-19T02:44:53.7239061Z 
2026-01-19T02:44:53.7239352Z ⚠️  Failed Scenarios:
2026-01-19T02:44:53.7240077Z    • Complete Purchase Flow
2026-01-19T02:44:53.7240687Z    • Login and Update Profile Information
2026-01-19T02:44:53.7240916Z 
2026-01-19T02:44:53.7241094Z ============================================================
2026-01-19T02:44:53.7241382Z 
2026-01-19T02:44:53.7242094Z 🏁 Execution Finished. Report: /home/runner/work/build_qa_automation/build_qa_automation/projects/ci_automation_practice/execution.json
2026-01-19T02:44:53.9024393Z 
2026-01-19T02:44:53.9024912Z [PHASE] Running Phase: DISCOVERY
2026-01-19T02:44:53.9026567Z    Command: /opt/hostedtoolcache/Python/3.11.14/x64/bin/python /home/runner/work/build_qa_automation/build_qa_automation/core/agents/discovery.py --project /home/runner/work/build_qa_automation/build_qa_automation/projects/ci_automation_practice --url http://www.automationpractice.pl/ --deep
2026-01-19T02:44:53.9028110Z ✅ Phase 'discovery' completed successfully.
2026-01-19T02:44:53.9028340Z 
2026-01-19T02:44:53.9028454Z [PHASE] Running Phase: PLANNING
2026-01-19T02:44:53.9030141Z    Command: /opt/hostedtoolcache/Python/3.11.14/x64/bin/python /home/runner/work/build_qa_automation/build_qa_automation/core/agents/planner.py --project /home/runner/work/build_qa_automation/build_qa_automation/projects/ci_automation_practice --goal Practice automation scenarios --url http://www.automationpractice.pl/ --deep
2026-01-19T02:44:53.9031887Z ✅ Phase 'planning' completed successfully.
2026-01-19T02:44:53.9032133Z 
2026-01-19T02:44:53.9032403Z [PHASE] Running Phase: EXPLORATION
2026-01-19T02:44:53.9033485Z    Command: /opt/hostedtoolcache/Python/3.11.14/x64/bin/python /home/runner/work/build_qa_automation/build_qa_automation/core/agents/deep_explorer.py --project /home/runner/work/build_qa_automation/build_qa_automation/projects/ci_automation_practice
2026-01-19T02:44:53.9034632Z ✅ Phase 'exploration' completed successfully.
2026-01-19T02:44:53.9035057Z 📊 Exploration Discovery Success Rate: 70.9%
2026-01-19T02:44:53.9035291Z 
2026-01-19T02:44:53.9035406Z [PHASE] Running Phase: EXECUTION
2026-01-19T02:44:53.9036425Z    Command: /opt/hostedtoolcache/Python/3.11.14/x64/bin/python /home/runner/work/build_qa_automation/build_qa_automation/core/agents/executor.py --project /home/runner/work/build_qa_automation/build_qa_automation/projects/ci_automation_practice
2026-01-19T02:44:53.9037560Z ✅ Phase 'execution' completed successfully.
2026-01-19T02:44:53.9037775Z 
2026-01-19T02:44:53.9037910Z [DONE] Pipeline Execution Finished! [DONE]
2026-01-19T02:44:54.0540994Z ##[group]Run RESULT_FILE="projects/ci_automation_practice/execution.json"
2026-01-19T02:44:54.0541512Z [36;1mRESULT_FILE="projects/ci_automation_practice/execution.json"[0m
2026-01-19T02:44:54.0541884Z [36;1mif [ -f "$RESULT_FILE" ]; then[0m
2026-01-19T02:44:54.0542216Z [36;1m  echo "✅ Results generated successfully: $RESULT_FILE"[0m
2026-01-19T02:44:54.0542637Z [36;1m  cat "$RESULT_FILE" | jq '.scenarios | length' || echo "Result file exists"[0m
2026-01-19T02:44:54.0542994Z [36;1melse[0m
2026-01-19T02:44:54.0543239Z [36;1m  echo "❌ No result file found at $RESULT_FILE"[0m
2026-01-19T02:44:54.0543509Z [36;1m  exit 1[0m
2026-01-19T02:44:54.0543704Z [36;1mfi[0m
2026-01-19T02:44:54.0563061Z shell: /usr/bin/bash -e {0}
2026-01-19T02:44:54.0563304Z env:
2026-01-19T02:44:54.0563574Z   pythonLocation: /opt/hostedtoolcache/Python/3.11.14/x64
2026-01-19T02:44:54.0563982Z   PKG_CONFIG_PATH: /opt/hostedtoolcache/Python/3.11.14/x64/lib/pkgconfig
2026-01-19T02:44:54.0564430Z   Python_ROOT_DIR: /opt/hostedtoolcache/Python/3.11.14/x64
2026-01-19T02:44:54.0564792Z   Python2_ROOT_DIR: /opt/hostedtoolcache/Python/3.11.14/x64
2026-01-19T02:44:54.0565140Z   Python3_ROOT_DIR: /opt/hostedtoolcache/Python/3.11.14/x64
2026-01-19T02:44:54.0565500Z   LD_LIBRARY_PATH: /opt/hostedtoolcache/Python/3.11.14/x64/lib
2026-01-19T02:44:54.0565805Z ##[endgroup]
2026-01-19T02:44:54.0607104Z ✅ Results generated successfully: projects/ci_automation_practice/execution.json
2026-01-19T02:44:54.0630768Z 3
2026-01-19T02:44:54.0701058Z ##[group]Run actions/upload-artifact@v4
2026-01-19T02:44:54.0701342Z with:
2026-01-19T02:44:54.0701564Z   name: automation_practice-execution-results
2026-01-19T02:44:54.0702030Z   path: projects/ci_automation_practice/execution.json
projects/ci_automation_practice/workflow.json

2026-01-19T02:44:54.0702506Z   retention-days: 30
2026-01-19T02:44:54.0702726Z   if-no-files-found: warn
2026-01-19T02:44:54.0702949Z   compression-level: 6
2026-01-19T02:44:54.0703153Z   overwrite: false
2026-01-19T02:44:54.0703367Z   include-hidden-files: false
2026-01-19T02:44:54.0703594Z env:
2026-01-19T02:44:54.0703837Z   pythonLocation: /opt/hostedtoolcache/Python/3.11.14/x64
2026-01-19T02:44:54.0704230Z   PKG_CONFIG_PATH: /opt/hostedtoolcache/Python/3.11.14/x64/lib/pkgconfig
2026-01-19T02:44:54.0704637Z   Python_ROOT_DIR: /opt/hostedtoolcache/Python/3.11.14/x64
2026-01-19T02:44:54.0704993Z   Python2_ROOT_DIR: /opt/hostedtoolcache/Python/3.11.14/x64
2026-01-19T02:44:54.0705395Z   Python3_ROOT_DIR: /opt/hostedtoolcache/Python/3.11.14/x64
2026-01-19T02:44:54.0705756Z   LD_LIBRARY_PATH: /opt/hostedtoolcache/Python/3.11.14/x64/lib
2026-01-19T02:44:54.0706058Z ##[endgroup]
2026-01-19T02:44:54.2883424Z Multiple search paths detected. Calculating the least common ancestor of all paths
2026-01-19T02:44:54.2887639Z The least common ancestor is /home/runner/work/build_qa_automation/build_qa_automation/projects/ci_automation_practice. This will be the root directory of the artifact
2026-01-19T02:44:54.2888841Z With the provided path, there will be 2 files uploaded
2026-01-19T02:44:54.2894895Z Artifact name is valid!
2026-01-19T02:44:54.2895312Z Root directory input is valid!
2026-01-19T02:44:54.5228327Z Beginning upload of artifact content to blob storage
2026-01-19T02:44:54.7873925Z Uploaded bytes 4543
2026-01-19T02:44:54.8491005Z Finished uploading artifact content to blob storage!
2026-01-19T02:44:54.8494056Z SHA256 digest of uploaded artifact zip is 061126a937a50abe45385d6aee7e90003174d3a26b49157d700b2379ac2a989e
2026-01-19T02:44:54.8497095Z Finalizing artifact upload
2026-01-19T02:44:54.9967931Z Artifact automation_practice-execution-results.zip successfully finalized. Artifact ID 5171855359
2026-01-19T02:44:54.9969798Z Artifact automation_practice-execution-results has been successfully uploaded! Final size is 4543 bytes. Artifact ID is 5171855359
2026-01-19T02:44:54.9977366Z Artifact download URL: https://github.com/vishvasmca-cmd/build_qa_automation/actions/runs/21122730879/artifacts/5171855359
2026-01-19T02:44:55.0102517Z Post job cleanup.
2026-01-19T02:44:55.1567119Z Cache hit occurred on the primary key setup-python-Linux-x64-24.04-Ubuntu-python-3.11.14-pip-dde08d0e0b672972dcda9f1a063036a2e0c226f5d0a20362e9401931676d80a4, not saving cache.
2026-01-19T02:44:55.1658604Z Post job cleanup.
2026-01-19T02:44:55.2592268Z [command]/usr/bin/git version
2026-01-19T02:44:55.2629085Z git version 2.52.0
2026-01-19T02:44:55.2672695Z Temporarily overriding HOME='/home/runner/work/_temp/bec9b8fd-70c2-4c51-be3f-d2d0ec7dffec' before making global git config changes
2026-01-19T02:44:55.2673880Z Adding repository directory to the temporary git global config as a safe directory
2026-01-19T02:44:55.2679764Z [command]/usr/bin/git config --global --add safe.directory /home/runner/work/build_qa_automation/build_qa_automation
2026-01-19T02:44:55.2720815Z [command]/usr/bin/git config --local --name-only --get-regexp core\.sshCommand
2026-01-19T02:44:55.2757999Z [command]/usr/bin/git submodule foreach --recursive sh -c "git config --local --name-only --get-regexp 'core\.sshCommand' && git config --local --unset-all 'core.sshCommand' || :"
2026-01-19T02:44:55.2988338Z [command]/usr/bin/git config --local --name-only --get-regexp http\.https\:\/\/github\.com\/\.extraheader
2026-01-19T02:44:55.3010410Z http.https://github.com/.extraheader
2026-01-19T02:44:55.3023250Z [command]/usr/bin/git config --local --unset-all http.https://github.com/.extraheader
2026-01-19T02:44:55.3055137Z [command]/usr/bin/git submodule foreach --recursive sh -c "git config --local --name-only --get-regexp 'http\.https\:\/\/github\.com\/\.extraheader' && git config --local --unset-all 'http.https://github.com/.extraheader' || :"
2026-01-19T02:44:55.3252748Z [command]/usr/bin/git config --local --name-only --get-regexp ^includeIf\.gitdir:
2026-01-19T02:44:55.3290390Z [command]/usr/bin/git submodule foreach --recursive git config --local --show-origin --name-only --get-regexp remote.origin.url
2026-01-19T02:44:55.3620414Z Cleaning up orphan processes
