2026-01-19T23:42:07.0559042Z Current runner version: '2.331.0'
2026-01-19T23:42:07.0582861Z ##[group]Runner Image Provisioner
2026-01-19T23:42:07.0583644Z Hosted Compute Agent
2026-01-19T23:42:07.0584143Z Version: 20251211.462
2026-01-19T23:42:07.0584831Z Commit: 6cbad8c2bb55d58165063d031ccabf57e2d2db61
2026-01-19T23:42:07.0585512Z Build Date: 2025-12-11T16:28:49Z
2026-01-19T23:42:07.0586131Z Worker ID: {ef6b956a-dcbd-4870-a010-0b3378fd2b2b}
2026-01-19T23:42:07.0586997Z ##[endgroup]
2026-01-19T23:42:07.0587509Z ##[group]Operating System
2026-01-19T23:42:07.0588051Z Ubuntu
2026-01-19T23:42:07.0588524Z 24.04.3
2026-01-19T23:42:07.0589011Z LTS
2026-01-19T23:42:07.0589453Z ##[endgroup]
2026-01-19T23:42:07.0589937Z ##[group]Runner Image
2026-01-19T23:42:07.0590463Z Image: ubuntu-24.04
2026-01-19T23:42:07.0590956Z Version: 20260111.209.1
2026-01-19T23:42:07.0591905Z Included Software: https://github.com/actions/runner-images/blob/ubuntu24/20260111.209/images/ubuntu/Ubuntu2404-Readme.md
2026-01-19T23:42:07.0593368Z Image Release: https://github.com/actions/runner-images/releases/tag/ubuntu24%2F20260111.209
2026-01-19T23:42:07.0594296Z ##[endgroup]
2026-01-19T23:42:07.0595327Z ##[group]GITHUB_TOKEN Permissions
2026-01-19T23:42:07.0597734Z Contents: read
2026-01-19T23:42:07.0598285Z Metadata: read
2026-01-19T23:42:07.0598746Z Packages: read
2026-01-19T23:42:07.0599288Z ##[endgroup]
2026-01-19T23:42:07.0601704Z Secret source: Actions
2026-01-19T23:42:07.0602384Z Prepare workflow directory
2026-01-19T23:42:07.1036166Z Prepare all required actions
2026-01-19T23:42:07.1095091Z Getting action download info
2026-01-19T23:42:07.4120956Z Download action repository 'actions/checkout@v4' (SHA:34e114876b0b11c390a56381ad16ebd13914f8d5)
2026-01-19T23:42:07.4880900Z Download action repository 'actions/setup-python@v5' (SHA:a26af69be951a213d495a4c3e4e4022e16d87065)
2026-01-19T23:42:07.5561975Z Download action repository 'actions/upload-artifact@v4' (SHA:ea165f8d65b6e75b540449e92b4886f43607fa02)
2026-01-19T23:42:07.7395279Z Complete job name: test-websites-deep (automationexercise_shop, https://www.automationexercise.com/, Click 'Products...
2026-01-19T23:42:07.8147363Z ##[group]Run actions/checkout@v4
2026-01-19T23:42:07.8148682Z with:
2026-01-19T23:42:07.8149425Z   repository: vishvasmca-cmd/build_qa_automation
2026-01-19T23:42:07.8150679Z   token: ***
2026-01-19T23:42:07.8151285Z   ssh-strict: true
2026-01-19T23:42:07.8151841Z   ssh-user: git
2026-01-19T23:42:07.8152426Z   persist-credentials: true
2026-01-19T23:42:07.8153106Z   clean: true
2026-01-19T23:42:07.8153749Z   sparse-checkout-cone-mode: true
2026-01-19T23:42:07.8154520Z   fetch-depth: 1
2026-01-19T23:42:07.8155141Z   fetch-tags: false
2026-01-19T23:42:07.8155766Z   show-progress: true
2026-01-19T23:42:07.8156288Z   lfs: false
2026-01-19T23:42:07.8156639Z   submodules: false
2026-01-19T23:42:07.8157251Z   set-safe-directory: true
2026-01-19T23:42:07.8158284Z ##[endgroup]
2026-01-19T23:42:07.9163785Z Syncing repository: vishvasmca-cmd/build_qa_automation
2026-01-19T23:42:07.9165479Z ##[group]Getting Git version info
2026-01-19T23:42:07.9166287Z Working directory is '/home/runner/work/build_qa_automation/build_qa_automation'
2026-01-19T23:42:07.9167511Z [command]/usr/bin/git version
2026-01-19T23:42:07.9232103Z git version 2.52.0
2026-01-19T23:42:07.9256015Z ##[endgroup]
2026-01-19T23:42:07.9278318Z Temporarily overriding HOME='/home/runner/work/_temp/13f2ea04-0a08-4f30-80c4-9ef15d2e6c5c' before making global git config changes
2026-01-19T23:42:07.9280501Z Adding repository directory to the temporary git global config as a safe directory
2026-01-19T23:42:07.9285084Z [command]/usr/bin/git config --global --add safe.directory /home/runner/work/build_qa_automation/build_qa_automation
2026-01-19T23:42:07.9320565Z Deleting the contents of '/home/runner/work/build_qa_automation/build_qa_automation'
2026-01-19T23:42:07.9323993Z ##[group]Initializing the repository
2026-01-19T23:42:07.9328857Z [command]/usr/bin/git init /home/runner/work/build_qa_automation/build_qa_automation
2026-01-19T23:42:07.9431923Z hint: Using 'master' as the name for the initial branch. This default branch name
2026-01-19T23:42:07.9433643Z hint: will change to "main" in Git 3.0. To configure the initial branch name
2026-01-19T23:42:07.9434801Z hint: to use in all of your new repositories, which will suppress this warning,
2026-01-19T23:42:07.9435911Z hint: call:
2026-01-19T23:42:07.9436474Z hint:
2026-01-19T23:42:07.9437744Z hint: 	git config --global init.defaultBranch <name>
2026-01-19T23:42:07.9438662Z hint:
2026-01-19T23:42:07.9439428Z hint: Names commonly chosen instead of 'master' are 'main', 'trunk' and
2026-01-19T23:42:07.9440741Z hint: 'development'. The just-created branch can be renamed via this command:
2026-01-19T23:42:07.9441857Z hint:
2026-01-19T23:42:07.9442444Z hint: 	git branch -m <name>
2026-01-19T23:42:07.9443137Z hint:
2026-01-19T23:42:07.9444004Z hint: Disable this message with "git config set advice.defaultBranchName false"
2026-01-19T23:42:07.9445707Z Initialized empty Git repository in /home/runner/work/build_qa_automation/build_qa_automation/.git/
2026-01-19T23:42:07.9448811Z [command]/usr/bin/git remote add origin https://github.com/vishvasmca-cmd/build_qa_automation
2026-01-19T23:42:07.9479672Z ##[endgroup]
2026-01-19T23:42:07.9480796Z ##[group]Disabling automatic garbage collection
2026-01-19T23:42:07.9484511Z [command]/usr/bin/git config --local gc.auto 0
2026-01-19T23:42:07.9509790Z ##[endgroup]
2026-01-19T23:42:07.9510442Z ##[group]Setting up auth
2026-01-19T23:42:07.9516936Z [command]/usr/bin/git config --local --name-only --get-regexp core\.sshCommand
2026-01-19T23:42:07.9542329Z [command]/usr/bin/git submodule foreach --recursive sh -c "git config --local --name-only --get-regexp 'core\.sshCommand' && git config --local --unset-all 'core.sshCommand' || :"
2026-01-19T23:42:07.9841250Z [command]/usr/bin/git config --local --name-only --get-regexp http\.https\:\/\/github\.com\/\.extraheader
2026-01-19T23:42:07.9869620Z [command]/usr/bin/git submodule foreach --recursive sh -c "git config --local --name-only --get-regexp 'http\.https\:\/\/github\.com\/\.extraheader' && git config --local --unset-all 'http.https://github.com/.extraheader' || :"
2026-01-19T23:42:08.0049602Z [command]/usr/bin/git config --local --name-only --get-regexp ^includeIf\.gitdir:
2026-01-19T23:42:08.0079236Z [command]/usr/bin/git submodule foreach --recursive git config --local --show-origin --name-only --get-regexp remote.origin.url
2026-01-19T23:42:08.0264036Z [command]/usr/bin/git config --local http.https://github.com/.extraheader AUTHORIZATION: basic ***
2026-01-19T23:42:08.0294862Z ##[endgroup]
2026-01-19T23:42:08.0296060Z ##[group]Fetching the repository
2026-01-19T23:42:08.0304106Z [command]/usr/bin/git -c protocol.version=2 fetch --no-tags --prune --no-recurse-submodules --depth=1 origin +d25504decfc404871c7c3bd5ac186d61498b2813:refs/remotes/origin/main
2026-01-19T23:42:09.0724711Z From https://github.com/vishvasmca-cmd/build_qa_automation
2026-01-19T23:42:09.0727313Z  * [new ref]         d25504decfc404871c7c3bd5ac186d61498b2813 -> origin/main
2026-01-19T23:42:09.0757147Z ##[endgroup]
2026-01-19T23:42:09.0759287Z ##[group]Determining the checkout info
2026-01-19T23:42:09.0761604Z ##[endgroup]
2026-01-19T23:42:09.0764229Z [command]/usr/bin/git sparse-checkout disable
2026-01-19T23:42:09.0801798Z [command]/usr/bin/git config --local --unset-all extensions.worktreeConfig
2026-01-19T23:42:09.0825594Z ##[group]Checking out the ref
2026-01-19T23:42:09.0829857Z [command]/usr/bin/git checkout --progress --force -B main refs/remotes/origin/main
2026-01-19T23:42:09.2271103Z Switched to a new branch 'main'
2026-01-19T23:42:09.2272627Z branch 'main' set up to track 'origin/main'.
2026-01-19T23:42:09.2285172Z ##[endgroup]
2026-01-19T23:42:09.2319833Z [command]/usr/bin/git log -1 --format=%H
2026-01-19T23:42:09.2340158Z d25504decfc404871c7c3bd5ac186d61498b2813
2026-01-19T23:42:09.2640620Z ##[group]Run actions/setup-python@v5
2026-01-19T23:42:09.2641822Z with:
2026-01-19T23:42:09.2642623Z   python-version: 3.11
2026-01-19T23:42:09.2643554Z   cache: pip
2026-01-19T23:42:09.2644548Z   check-latest: false
2026-01-19T23:42:09.2645793Z   token: ***
2026-01-19T23:42:09.2646655Z   update-environment: true
2026-01-19T23:42:09.2647874Z   allow-prereleases: false
2026-01-19T23:42:09.2648882Z   freethreaded: false
2026-01-19T23:42:09.2649794Z ##[endgroup]
2026-01-19T23:42:09.4267964Z ##[group]Installed versions
2026-01-19T23:42:09.4369850Z Successfully set up CPython (3.11.14)
2026-01-19T23:42:09.4370494Z ##[endgroup]
2026-01-19T23:42:09.5297442Z [command]/opt/hostedtoolcache/Python/3.11.14/x64/bin/pip cache dir
2026-01-19T23:42:09.8355493Z /home/runner/.cache/pip
2026-01-19T23:42:09.9769312Z Cache hit for: setup-python-Linux-x64-24.04-Ubuntu-python-3.11.14-pip-dde08d0e0b672972dcda9f1a063036a2e0c226f5d0a20362e9401931676d80a4
2026-01-19T23:42:11.0918135Z Received 134217728 of 254742636 (52.7%), 127.9 MBs/sec
2026-01-19T23:42:11.6059709Z Received 254742636 of 254742636 (100.0%), 160.4 MBs/sec
2026-01-19T23:42:11.6060521Z Cache Size: ~243 MB (254742636 B)
2026-01-19T23:42:11.6187956Z [command]/usr/bin/tar -xf /home/runner/work/_temp/0a1992b5-13ea-4d69-bb07-d6d882ceb227/cache.tzst -P -C /home/runner/work/build_qa_automation/build_qa_automation --use-compress-program unzstd
2026-01-19T23:42:11.8652216Z Cache restored successfully
2026-01-19T23:42:11.8945300Z Cache restored from key: setup-python-Linux-x64-24.04-Ubuntu-python-3.11.14-pip-dde08d0e0b672972dcda9f1a063036a2e0c226f5d0a20362e9401931676d80a4
2026-01-19T23:42:11.9066023Z ##[group]Run pip install -r requirements.txt
2026-01-19T23:42:11.9066462Z [36;1mpip install -r requirements.txt[0m
2026-01-19T23:42:11.9066744Z [36;1mplaywright install chromium[0m
2026-01-19T23:42:11.9092870Z shell: /usr/bin/bash -e {0}
2026-01-19T23:42:11.9093146Z env:
2026-01-19T23:42:11.9093409Z   pythonLocation: /opt/hostedtoolcache/Python/3.11.14/x64
2026-01-19T23:42:11.9093828Z   PKG_CONFIG_PATH: /opt/hostedtoolcache/Python/3.11.14/x64/lib/pkgconfig
2026-01-19T23:42:11.9094224Z   Python_ROOT_DIR: /opt/hostedtoolcache/Python/3.11.14/x64
2026-01-19T23:42:11.9094612Z   Python2_ROOT_DIR: /opt/hostedtoolcache/Python/3.11.14/x64
2026-01-19T23:42:11.9094996Z   Python3_ROOT_DIR: /opt/hostedtoolcache/Python/3.11.14/x64
2026-01-19T23:42:11.9095359Z   LD_LIBRARY_PATH: /opt/hostedtoolcache/Python/3.11.14/x64/lib
2026-01-19T23:42:11.9095657Z ##[endgroup]
2026-01-19T23:42:12.4977813Z Collecting playwright (from -r requirements.txt (line 1))
2026-01-19T23:42:12.4994488Z   Using cached playwright-1.57.0-py3-none-manylinux1_x86_64.whl.metadata (3.5 kB)
2026-01-19T23:42:12.5136264Z Collecting python-dotenv (from -r requirements.txt (line 2))
2026-01-19T23:42:12.5151856Z   Using cached python_dotenv-1.2.1-py3-none-any.whl.metadata (25 kB)
2026-01-19T23:42:12.5387662Z Collecting requests (from -r requirements.txt (line 3))
2026-01-19T23:42:12.5403430Z   Using cached requests-2.32.5-py3-none-any.whl.metadata (4.9 kB)
2026-01-19T23:42:12.7151298Z Collecting pillow (from -r requirements.txt (line 4))
2026-01-19T23:42:12.7166612Z   Using cached pillow-12.1.0-cp311-cp311-manylinux_2_27_x86_64.manylinux_2_28_x86_64.whl.metadata (8.8 kB)
2026-01-19T23:42:12.7385881Z Collecting google-genai>=0.3.0 (from -r requirements.txt (line 5))
2026-01-19T23:42:12.7399506Z   Using cached google_genai-1.59.0-py3-none-any.whl.metadata (53 kB)
2026-01-19T23:42:12.7546133Z Collecting termcolor (from -r requirements.txt (line 6))
2026-01-19T23:42:12.7559818Z   Using cached termcolor-3.3.0-py3-none-any.whl.metadata (6.5 kB)
2026-01-19T23:42:12.7868891Z Collecting PyYAML (from -r requirements.txt (line 7))
2026-01-19T23:42:12.7884809Z   Using cached pyyaml-6.0.3-cp311-cp311-manylinux2014_x86_64.manylinux_2_17_x86_64.manylinux_2_28_x86_64.whl.metadata (2.4 kB)
2026-01-19T23:42:12.8354047Z Collecting opencv-python-headless (from -r requirements.txt (line 8))
2026-01-19T23:42:12.8369304Z   Using cached opencv_python_headless-4.13.0.90-cp37-abi3-manylinux_2_28_x86_64.whl.metadata (19 kB)
2026-01-19T23:42:13.0085184Z Collecting numpy (from -r requirements.txt (line 9))
2026-01-19T23:42:13.0098079Z   Using cached numpy-2.4.1-cp311-cp311-manylinux_2_27_x86_64.manylinux_2_28_x86_64.whl.metadata (6.6 kB)
2026-01-19T23:42:13.0778849Z Collecting faker (from -r requirements.txt (line 10))
2026-01-19T23:42:13.0790596Z   Using cached faker-40.1.2-py3-none-any.whl.metadata (16 kB)
2026-01-19T23:42:13.1143303Z Collecting pyee<14,>=13 (from playwright->-r requirements.txt (line 1))
2026-01-19T23:42:13.1156578Z   Using cached pyee-13.0.0-py3-none-any.whl.metadata (2.9 kB)
2026-01-19T23:42:13.2170020Z Collecting greenlet<4.0.0,>=3.1.1 (from playwright->-r requirements.txt (line 1))
2026-01-19T23:42:13.2185412Z   Using cached greenlet-3.3.0-cp311-cp311-manylinux_2_24_x86_64.manylinux_2_28_x86_64.whl.metadata (4.1 kB)
2026-01-19T23:42:13.2357185Z Collecting typing-extensions (from pyee<14,>=13->playwright->-r requirements.txt (line 1))
2026-01-19T23:42:13.2372084Z   Using cached typing_extensions-4.15.0-py3-none-any.whl.metadata (3.3 kB)
2026-01-19T23:42:13.3063520Z Collecting charset_normalizer<4,>=2 (from requests->-r requirements.txt (line 3))
2026-01-19T23:42:13.3078780Z   Using cached charset_normalizer-3.4.4-cp311-cp311-manylinux2014_x86_64.manylinux_2_17_x86_64.manylinux_2_28_x86_64.whl.metadata (37 kB)
2026-01-19T23:42:13.3214194Z Collecting idna<4,>=2.5 (from requests->-r requirements.txt (line 3))
2026-01-19T23:42:13.3228542Z   Using cached idna-3.11-py3-none-any.whl.metadata (8.4 kB)
2026-01-19T23:42:13.3468853Z Collecting urllib3<3,>=1.21.1 (from requests->-r requirements.txt (line 3))
2026-01-19T23:42:13.3489868Z   Using cached urllib3-2.6.3-py3-none-any.whl.metadata (6.9 kB)
2026-01-19T23:42:13.3668175Z Collecting certifi>=2017.4.17 (from requests->-r requirements.txt (line 3))
2026-01-19T23:42:13.3680677Z   Using cached certifi-2026.1.4-py3-none-any.whl.metadata (2.5 kB)
2026-01-19T23:42:13.3854854Z Collecting anyio<5.0.0,>=4.8.0 (from google-genai>=0.3.0->-r requirements.txt (line 5))
2026-01-19T23:42:13.3868860Z   Using cached anyio-4.12.1-py3-none-any.whl.metadata (4.3 kB)
2026-01-19T23:42:13.4161763Z Collecting google-auth<3.0.0,>=2.47.0 (from google-auth[requests]<3.0.0,>=2.47.0->google-genai>=0.3.0->-r requirements.txt (line 5))
2026-01-19T23:42:13.4176405Z   Using cached google_auth-2.47.0-py3-none-any.whl.metadata (6.4 kB)
2026-01-19T23:42:13.4395416Z Collecting httpx<1.0.0,>=0.28.1 (from google-genai>=0.3.0->-r requirements.txt (line 5))
2026-01-19T23:42:13.4410166Z   Using cached httpx-0.28.1-py3-none-any.whl.metadata (7.1 kB)
2026-01-19T23:42:13.5724395Z Collecting pydantic<3.0.0,>=2.9.0 (from google-genai>=0.3.0->-r requirements.txt (line 5))
2026-01-19T23:42:13.5737071Z   Using cached pydantic-2.12.5-py3-none-any.whl.metadata (90 kB)
2026-01-19T23:42:13.5953037Z Collecting tenacity<9.2.0,>=8.2.3 (from google-genai>=0.3.0->-r requirements.txt (line 5))
2026-01-19T23:42:13.5967383Z   Using cached tenacity-9.1.2-py3-none-any.whl.metadata (1.2 kB)
2026-01-19T23:42:13.6688857Z Collecting websockets<15.1.0,>=13.0.0 (from google-genai>=0.3.0->-r requirements.txt (line 5))
2026-01-19T23:42:13.6702634Z   Using cached websockets-15.0.1-cp311-cp311-manylinux_2_5_x86_64.manylinux1_x86_64.manylinux_2_17_x86_64.manylinux2014_x86_64.whl.metadata (6.8 kB)
2026-01-19T23:42:13.6834135Z Collecting distro<2,>=1.7.0 (from google-genai>=0.3.0->-r requirements.txt (line 5))
2026-01-19T23:42:13.6848243Z   Using cached distro-1.9.0-py3-none-any.whl.metadata (6.8 kB)
2026-01-19T23:42:13.6927653Z Collecting sniffio (from google-genai>=0.3.0->-r requirements.txt (line 5))
2026-01-19T23:42:13.6941188Z   Using cached sniffio-1.3.1-py3-none-any.whl.metadata (3.9 kB)
2026-01-19T23:42:13.7182510Z Collecting pyasn1-modules>=0.2.1 (from google-auth<3.0.0,>=2.47.0->google-auth[requests]<3.0.0,>=2.47.0->google-genai>=0.3.0->-r requirements.txt (line 5))
2026-01-19T23:42:13.7197321Z   Using cached pyasn1_modules-0.4.2-py3-none-any.whl.metadata (3.5 kB)
2026-01-19T23:42:13.7326112Z Collecting rsa<5,>=3.1.4 (from google-auth<3.0.0,>=2.47.0->google-auth[requests]<3.0.0,>=2.47.0->google-genai>=0.3.0->-r requirements.txt (line 5))
2026-01-19T23:42:13.7341197Z   Using cached rsa-4.9.1-py3-none-any.whl.metadata (5.6 kB)
2026-01-19T23:42:13.7586135Z Collecting httpcore==1.* (from httpx<1.0.0,>=0.28.1->google-genai>=0.3.0->-r requirements.txt (line 5))
2026-01-19T23:42:13.7599013Z   Using cached httpcore-1.0.9-py3-none-any.whl.metadata (21 kB)
2026-01-19T23:42:13.7707566Z Collecting h11>=0.16 (from httpcore==1.*->httpx<1.0.0,>=0.28.1->google-genai>=0.3.0->-r requirements.txt (line 5))
2026-01-19T23:42:13.7720960Z   Using cached h11-0.16.0-py3-none-any.whl.metadata (8.3 kB)
2026-01-19T23:42:13.7813808Z Collecting annotated-types>=0.6.0 (from pydantic<3.0.0,>=2.9.0->google-genai>=0.3.0->-r requirements.txt (line 5))
2026-01-19T23:42:13.7827711Z   Using cached annotated_types-0.7.0-py3-none-any.whl.metadata (15 kB)
2026-01-19T23:42:14.3521645Z Collecting pydantic-core==2.41.5 (from pydantic<3.0.0,>=2.9.0->google-genai>=0.3.0->-r requirements.txt (line 5))
2026-01-19T23:42:14.3533920Z   Using cached pydantic_core-2.41.5-cp311-cp311-manylinux_2_17_x86_64.manylinux2014_x86_64.whl.metadata (7.3 kB)
2026-01-19T23:42:14.3662810Z Collecting typing-inspection>=0.4.2 (from pydantic<3.0.0,>=2.9.0->google-genai>=0.3.0->-r requirements.txt (line 5))
2026-01-19T23:42:14.3676638Z   Using cached typing_inspection-0.4.2-py3-none-any.whl.metadata (2.6 kB)
2026-01-19T23:42:14.4385527Z Collecting pyasn1>=0.1.3 (from rsa<5,>=3.1.4->google-auth<3.0.0,>=2.47.0->google-auth[requests]<3.0.0,>=2.47.0->google-genai>=0.3.0->-r requirements.txt (line 5))
2026-01-19T23:42:14.4401170Z   Using cached pyasn1-0.6.2-py3-none-any.whl.metadata (8.4 kB)
2026-01-19T23:42:14.4635453Z Using cached playwright-1.57.0-py3-none-manylinux1_x86_64.whl (46.0 MB)
2026-01-19T23:42:14.4875377Z Using cached greenlet-3.3.0-cp311-cp311-manylinux_2_24_x86_64.manylinux_2_28_x86_64.whl (590 kB)
2026-01-19T23:42:14.4889440Z Using cached pyee-13.0.0-py3-none-any.whl (15 kB)
2026-01-19T23:42:14.4902217Z Using cached python_dotenv-1.2.1-py3-none-any.whl (21 kB)
2026-01-19T23:42:14.4914603Z Using cached requests-2.32.5-py3-none-any.whl (64 kB)
2026-01-19T23:42:14.4928041Z Using cached charset_normalizer-3.4.4-cp311-cp311-manylinux2014_x86_64.manylinux_2_17_x86_64.manylinux_2_28_x86_64.whl (151 kB)
2026-01-19T23:42:14.4940915Z Using cached idna-3.11-py3-none-any.whl (71 kB)
2026-01-19T23:42:14.4953621Z Using cached urllib3-2.6.3-py3-none-any.whl (131 kB)
2026-01-19T23:42:14.4968675Z Using cached pillow-12.1.0-cp311-cp311-manylinux_2_27_x86_64.manylinux_2_28_x86_64.whl (7.0 MB)
2026-01-19T23:42:14.5016181Z Using cached google_genai-1.59.0-py3-none-any.whl (719 kB)
2026-01-19T23:42:14.5031911Z Using cached anyio-4.12.1-py3-none-any.whl (113 kB)
2026-01-19T23:42:14.5044258Z Using cached distro-1.9.0-py3-none-any.whl (20 kB)
2026-01-19T23:42:14.5056454Z Using cached google_auth-2.47.0-py3-none-any.whl (234 kB)
2026-01-19T23:42:14.5070080Z Using cached httpx-0.28.1-py3-none-any.whl (73 kB)
2026-01-19T23:42:14.5082662Z Using cached httpcore-1.0.9-py3-none-any.whl (78 kB)
2026-01-19T23:42:14.5097128Z Using cached pydantic-2.12.5-py3-none-any.whl (463 kB)
2026-01-19T23:42:14.5113082Z Using cached pydantic_core-2.41.5-cp311-cp311-manylinux_2_17_x86_64.manylinux2014_x86_64.whl (2.1 MB)
2026-01-19T23:42:14.5135251Z Using cached rsa-4.9.1-py3-none-any.whl (34 kB)
2026-01-19T23:42:14.5147653Z Using cached tenacity-9.1.2-py3-none-any.whl (28 kB)
2026-01-19T23:42:14.5160485Z Using cached typing_extensions-4.15.0-py3-none-any.whl (44 kB)
2026-01-19T23:42:14.5173610Z Using cached websockets-15.0.1-cp311-cp311-manylinux_2_5_x86_64.manylinux1_x86_64.manylinux_2_17_x86_64.manylinux2014_x86_64.whl (182 kB)
2026-01-19T23:42:14.5186060Z Using cached termcolor-3.3.0-py3-none-any.whl (7.7 kB)
2026-01-19T23:42:14.5199029Z Using cached pyyaml-6.0.3-cp311-cp311-manylinux2014_x86_64.manylinux_2_17_x86_64.manylinux_2_28_x86_64.whl (806 kB)
2026-01-19T23:42:14.5216074Z Using cached opencv_python_headless-4.13.0.90-cp37-abi3-manylinux_2_28_x86_64.whl (62.5 MB)
2026-01-19T23:42:14.5545620Z Using cached numpy-2.4.1-cp311-cp311-manylinux_2_27_x86_64.manylinux_2_28_x86_64.whl (16.7 MB)
2026-01-19T23:42:14.5643452Z Using cached faker-40.1.2-py3-none-any.whl (2.0 MB)
2026-01-19T23:42:14.5666684Z Using cached annotated_types-0.7.0-py3-none-any.whl (13 kB)
2026-01-19T23:42:14.5679834Z Using cached certifi-2026.1.4-py3-none-any.whl (152 kB)
2026-01-19T23:42:14.5692708Z Using cached h11-0.16.0-py3-none-any.whl (37 kB)
2026-01-19T23:42:14.5705317Z Using cached pyasn1-0.6.2-py3-none-any.whl (83 kB)
2026-01-19T23:42:14.5718446Z Using cached pyasn1_modules-0.4.2-py3-none-any.whl (181 kB)
2026-01-19T23:42:14.5733457Z Using cached typing_inspection-0.4.2-py3-none-any.whl (14 kB)
2026-01-19T23:42:14.5746605Z Using cached sniffio-1.3.1-py3-none-any.whl (10 kB)
2026-01-19T23:42:14.8046507Z Installing collected packages: websockets, urllib3, typing-extensions, termcolor, tenacity, sniffio, PyYAML, python-dotenv, pyasn1, pillow, numpy, idna, h11, greenlet, faker, distro, charset_normalizer, certifi, annotated-types, typing-inspection, rsa, requests, pyee, pydantic-core, pyasn1-modules, opencv-python-headless, httpcore, anyio, pydantic, playwright, httpx, google-auth, google-genai
2026-01-19T23:42:20.8552250Z 
2026-01-19T23:42:20.8574386Z Successfully installed PyYAML-6.0.3 annotated-types-0.7.0 anyio-4.12.1 certifi-2026.1.4 charset_normalizer-3.4.4 distro-1.9.0 faker-40.1.2 google-auth-2.47.0 google-genai-1.59.0 greenlet-3.3.0 h11-0.16.0 httpcore-1.0.9 httpx-0.28.1 idna-3.11 numpy-2.4.1 opencv-python-headless-4.13.0.90 pillow-12.1.0 playwright-1.57.0 pyasn1-0.6.2 pyasn1-modules-0.4.2 pydantic-2.12.5 pydantic-core-2.41.5 pyee-13.0.0 python-dotenv-1.2.1 requests-2.32.5 rsa-4.9.1 sniffio-1.3.1 tenacity-9.1.2 termcolor-3.3.0 typing-extensions-4.15.0 typing-inspection-0.4.2 urllib3-2.6.3 websockets-15.0.1
2026-01-19T23:42:21.5255745Z Downloading Chromium 143.0.7499.4 (playwright build v1200) from https://cdn.playwright.dev/dbazure/download/playwright/builds/chromium/1200/chromium-linux.zip
2026-01-19T23:42:21.6197729Z (node:2207) [DEP0169] DeprecationWarning: `url.parse()` behavior is not standardized and prone to errors that have security implications. Use the WHATWG URL API instead. CVEs are not issued for `url.parse()` vulnerabilities.
2026-01-19T23:42:21.7715897Z (Use `node --trace-deprecation ...` to show where the warning was created)
2026-01-19T23:42:21.7716721Z |                                                                                |   0% of 164.7 MiB
2026-01-19T23:42:21.9710331Z |■■■■■■■■                                                                        |  10% of 164.7 MiB
2026-01-19T23:42:22.1178972Z |■■■■■■■■■■■■■■■■                                                                |  20% of 164.7 MiB
2026-01-19T23:42:22.2572477Z |■■■■■■■■■■■■■■■■■■■■■■■■                                                        |  30% of 164.7 MiB
2026-01-19T23:42:22.4280340Z |■■■■■■■■■■■■■■■■■■■■■■■■■■■■■■■■                                                |  40% of 164.7 MiB
2026-01-19T23:42:22.6728955Z |■■■■■■■■■■■■■■■■■■■■■■■■■■■■■■■■■■■■■■■■                                        |  50% of 164.7 MiB
2026-01-19T23:42:22.8477809Z |■■■■■■■■■■■■■■■■■■■■■■■■■■■■■■■■■■■■■■■■■■■■■■■■                                |  60% of 164.7 MiB
2026-01-19T23:42:23.0609369Z |■■■■■■■■■■■■■■■■■■■■■■■■■■■■■■■■■■■■■■■■■■■■■■■■■■■■■■■■                        |  70% of 164.7 MiB
2026-01-19T23:42:23.1980847Z |■■■■■■■■■■■■■■■■■■■■■■■■■■■■■■■■■■■■■■■■■■■■■■■■■■■■■■■■■■■■■■■■                |  80% of 164.7 MiB
2026-01-19T23:42:23.4437493Z |■■■■■■■■■■■■■■■■■■■■■■■■■■■■■■■■■■■■■■■■■■■■■■■■■■■■■■■■■■■■■■■■■■■■■■■■        |  90% of 164.7 MiB
2026-01-19T23:42:23.6019749Z |■■■■■■■■■■■■■■■■■■■■■■■■■■■■■■■■■■■■■■■■■■■■■■■■■■■■■■■■■■■■■■■■■■■■■■■■■■■■■■■■| 100% of 164.7 MiB
2026-01-19T23:42:25.9607915Z Chromium 143.0.7499.4 (playwright build v1200) downloaded to /home/runner/.cache/ms-playwright/chromium-1200
2026-01-19T23:42:25.9611935Z Downloading FFMPEG playwright build v1011 from https://cdn.playwright.dev/dbazure/download/playwright/builds/ffmpeg/1011/ffmpeg-linux.zip
2026-01-19T23:42:26.0554123Z (node:2218) [DEP0169] DeprecationWarning: `url.parse()` behavior is not standardized and prone to errors that have security implications. Use the WHATWG URL API instead. CVEs are not issued for `url.parse()` vulnerabilities.
2026-01-19T23:42:26.0555404Z (Use `node --trace-deprecation ...` to show where the warning was created)
2026-01-19T23:42:26.6895174Z |                                                                                |   0% of 2.3 MiB
2026-01-19T23:42:26.6937761Z |■■■■■■■■                                                                        |  10% of 2.3 MiB
2026-01-19T23:42:26.6955324Z |■■■■■■■■■■■■■■■■                                                                |  20% of 2.3 MiB
2026-01-19T23:42:26.6969692Z |■■■■■■■■■■■■■■■■■■■■■■■■                                                        |  30% of 2.3 MiB
2026-01-19T23:42:26.6985693Z |■■■■■■■■■■■■■■■■■■■■■■■■■■■■■■■■                                                |  40% of 2.3 MiB
2026-01-19T23:42:26.7004702Z |■■■■■■■■■■■■■■■■■■■■■■■■■■■■■■■■■■■■■■■■                                        |  50% of 2.3 MiB
2026-01-19T23:42:26.7016769Z |■■■■■■■■■■■■■■■■■■■■■■■■■■■■■■■■■■■■■■■■■■■■■■■■                                |  60% of 2.3 MiB
2026-01-19T23:42:26.7029334Z |■■■■■■■■■■■■■■■■■■■■■■■■■■■■■■■■■■■■■■■■■■■■■■■■■■■■■■■■                        |  70% of 2.3 MiB
2026-01-19T23:42:26.7037596Z |■■■■■■■■■■■■■■■■■■■■■■■■■■■■■■■■■■■■■■■■■■■■■■■■■■■■■■■■■■■■■■■■                |  80% of 2.3 MiB
2026-01-19T23:42:26.7055858Z |■■■■■■■■■■■■■■■■■■■■■■■■■■■■■■■■■■■■■■■■■■■■■■■■■■■■■■■■■■■■■■■■■■■■■■■■        |  90% of 2.3 MiB
2026-01-19T23:42:26.7063693Z |■■■■■■■■■■■■■■■■■■■■■■■■■■■■■■■■■■■■■■■■■■■■■■■■■■■■■■■■■■■■■■■■■■■■■■■■■■■■■■■■| 100% of 2.3 MiB
2026-01-19T23:42:26.7546369Z FFMPEG playwright build v1011 downloaded to /home/runner/.cache/ms-playwright/ffmpeg-1011
2026-01-19T23:42:26.7550341Z Downloading Chromium Headless Shell 143.0.7499.4 (playwright build v1200) from https://cdn.playwright.dev/dbazure/download/playwright/builds/chromium/1200/chromium-headless-shell-linux.zip
2026-01-19T23:42:26.8475544Z (node:2229) [DEP0169] DeprecationWarning: `url.parse()` behavior is not standardized and prone to errors that have security implications. Use the WHATWG URL API instead. CVEs are not issued for `url.parse()` vulnerabilities.
2026-01-19T23:42:26.8476650Z (Use `node --trace-deprecation ...` to show where the warning was created)
2026-01-19T23:42:26.9297086Z |                                                                                |   0% of 109.7 MiB
2026-01-19T23:42:27.0221202Z |■■■■■■■■                                                                        |  10% of 109.7 MiB
2026-01-19T23:42:27.0747642Z |■■■■■■■■■■■■■■■■                                                                |  20% of 109.7 MiB
2026-01-19T23:42:27.1295009Z |■■■■■■■■■■■■■■■■■■■■■■■■                                                        |  30% of 109.7 MiB
2026-01-19T23:42:27.1865943Z |■■■■■■■■■■■■■■■■■■■■■■■■■■■■■■■■                                                |  40% of 109.7 MiB
2026-01-19T23:42:27.2366185Z |■■■■■■■■■■■■■■■■■■■■■■■■■■■■■■■■■■■■■■■■                                        |  50% of 109.7 MiB
2026-01-19T23:42:27.2879591Z |■■■■■■■■■■■■■■■■■■■■■■■■■■■■■■■■■■■■■■■■■■■■■■■■                                |  60% of 109.7 MiB
2026-01-19T23:42:27.3383485Z |■■■■■■■■■■■■■■■■■■■■■■■■■■■■■■■■■■■■■■■■■■■■■■■■■■■■■■■■                        |  70% of 109.7 MiB
2026-01-19T23:42:27.3909203Z |■■■■■■■■■■■■■■■■■■■■■■■■■■■■■■■■■■■■■■■■■■■■■■■■■■■■■■■■■■■■■■■■                |  80% of 109.7 MiB
2026-01-19T23:42:27.4501959Z |■■■■■■■■■■■■■■■■■■■■■■■■■■■■■■■■■■■■■■■■■■■■■■■■■■■■■■■■■■■■■■■■■■■■■■■■        |  90% of 109.7 MiB
2026-01-19T23:42:27.5084116Z |■■■■■■■■■■■■■■■■■■■■■■■■■■■■■■■■■■■■■■■■■■■■■■■■■■■■■■■■■■■■■■■■■■■■■■■■■■■■■■■■| 100% of 109.7 MiB
2026-01-19T23:42:29.2265065Z Chromium Headless Shell 143.0.7499.4 (playwright build v1200) downloaded to /home/runner/.cache/ms-playwright/chromium_headless_shell-1200
2026-01-19T23:42:29.2453440Z ##[group]Run mkdir -p projects/ci_automationexercise_shop
2026-01-19T23:42:29.2453898Z [36;1mmkdir -p projects/ci_automationexercise_shop[0m
2026-01-19T23:42:29.2454289Z [36;1mcat > projects/ci_automationexercise_shop/config.json << 'EOF'[0m
2026-01-19T23:42:29.2454615Z [36;1m{[0m
2026-01-19T23:42:29.2454851Z [36;1m  "project_name": "ci_automationexercise_shop",[0m
2026-01-19T23:42:29.2455223Z [36;1m  "target_url": "https://www.automationexercise.com/",[0m
2026-01-19T23:42:29.2455696Z [36;1m  "goal": "Click 'Products', click FIRST product, add to cart, verify cart shows 1 item",[0m
2026-01-19T23:42:29.2456092Z [36;1m  "headless": true[0m
2026-01-19T23:42:29.2456302Z [36;1m}[0m
2026-01-19T23:42:29.2456469Z [36;1mEOF[0m
2026-01-19T23:42:29.2476924Z shell: /usr/bin/bash -e {0}
2026-01-19T23:42:29.2477181Z env:
2026-01-19T23:42:29.2477449Z   pythonLocation: /opt/hostedtoolcache/Python/3.11.14/x64
2026-01-19T23:42:29.2477894Z   PKG_CONFIG_PATH: /opt/hostedtoolcache/Python/3.11.14/x64/lib/pkgconfig
2026-01-19T23:42:29.2478294Z   Python_ROOT_DIR: /opt/hostedtoolcache/Python/3.11.14/x64
2026-01-19T23:42:29.2478655Z   Python2_ROOT_DIR: /opt/hostedtoolcache/Python/3.11.14/x64
2026-01-19T23:42:29.2478998Z   Python3_ROOT_DIR: /opt/hostedtoolcache/Python/3.11.14/x64
2026-01-19T23:42:29.2479347Z   LD_LIBRARY_PATH: /opt/hostedtoolcache/Python/3.11.14/x64/lib
2026-01-19T23:42:29.2479636Z ##[endgroup]
2026-01-19T23:42:29.2567965Z ##[group]Run # Use --deep for comprehensive regression suite
2026-01-19T23:42:29.2568385Z [36;1m# Use --deep for comprehensive regression suite[0m
2026-01-19T23:42:29.2568840Z [36;1mpython orchestrator.py --project projects/ci_automationexercise_shop --deep --force[0m
2026-01-19T23:42:29.2588225Z shell: /usr/bin/bash -e {0}
2026-01-19T23:42:29.2588470Z env:
2026-01-19T23:42:29.2588727Z   pythonLocation: /opt/hostedtoolcache/Python/3.11.14/x64
2026-01-19T23:42:29.2589139Z   PKG_CONFIG_PATH: /opt/hostedtoolcache/Python/3.11.14/x64/lib/pkgconfig
2026-01-19T23:42:29.2589526Z   Python_ROOT_DIR: /opt/hostedtoolcache/Python/3.11.14/x64
2026-01-19T23:42:29.2589877Z   Python2_ROOT_DIR: /opt/hostedtoolcache/Python/3.11.14/x64
2026-01-19T23:42:29.2590351Z   Python3_ROOT_DIR: /opt/hostedtoolcache/Python/3.11.14/x64
2026-01-19T23:42:29.2590703Z   LD_LIBRARY_PATH: /opt/hostedtoolcache/Python/3.11.14/x64/lib
2026-01-19T23:42:29.2591215Z   GOOGLE_API_KEY: ***
2026-01-19T23:42:29.2591447Z   PYTHONPATH: .
2026-01-19T23:42:29.2591620Z ##[endgroup]
2026-01-19T23:42:30.8152265Z 🚀 [DEEP] Extensive mapping enabled (Depth: 3, Pages: 50)
2026-01-19T23:42:30.8152711Z 
2026-01-19T23:42:30.8153433Z 🗺️ [DISCOVERY] Starting Parallel Semantic Crawl on https://www.automationexercise.com/ (Workers: 3)
2026-01-19T23:42:32.7361426Z   🔍 [Worker 0] Visiting (0): https://www.automationexercise.com/
2026-01-19T23:42:33.3204088Z [CACHE HIT] 2a907338... (hits: 1, misses: 0)
2026-01-19T23:42:33.3211109Z   🔍 [Worker 1] Visiting (1): https://www.automationexercise.com/product_details/39
2026-01-19T23:42:33.3213675Z   🔍 [Worker 2] Visiting (1): https://www.automationexercise.com/product_details/7
2026-01-19T23:42:33.3360731Z   🔍 [Worker 0] Visiting (1): https://www.automationexercise.com/product_details/21
2026-01-19T23:42:34.0012478Z [DEBUG] Sending request to gemini-2.0-flash. Number of parts: 1
2026-01-19T23:42:34.0013072Z [CACHE HIT] 395e1eaa... (hits: 2, misses: 2)
2026-01-19T23:42:34.0014094Z   🔍 [Worker 1] Visiting (1): https://www.automationexercise.com/product_details/20
2026-01-19T23:42:34.4588603Z [CACHE HIT] 60dc93ab... (hits: 3, misses: 2)
2026-01-19T23:42:34.4590346Z   🔍 [Worker 1] Visiting (1): https://www.automationexercise.com/brand_products/Allen%20Solly%20Junior
2026-01-19T23:42:34.8114647Z [DEBUG] Received response (Length: 326)
2026-01-19T23:42:34.8116075Z   🔍 [Worker 2] Visiting (1): https://www.automationexercise.com/product_details/43
2026-01-19T23:42:39.6462459Z [DEBUG] Sending request to gemini-2.0-flash. Number of parts: 1
2026-01-19T23:42:39.6463245Z [DEBUG] Sending request to gemini-2.0-flash. Number of parts: 1
2026-01-19T23:42:39.6464000Z [DEBUG] Sending request to gemini-2.0-flash. Number of parts: 1
2026-01-19T23:42:39.6464687Z [DEBUG] Received response (Length: 344)
2026-01-19T23:42:39.6465756Z   🔍 [Worker 2] Visiting (1): https://www.automationexercise.com/product_details/2
2026-01-19T23:42:39.8765903Z [DEBUG] Received response (Length: 424)
2026-01-19T23:42:39.8767905Z   🔍 [Worker 1] Visiting (1): https://www.automationexercise.com/product_details/35
2026-01-19T23:42:40.0142251Z [CACHE HIT] 14145d70... (hits: 4, misses: 4)
2026-01-19T23:42:40.0145416Z   🔍 [Worker 2] Visiting (1): https://www.automationexercise.com/product_details/33
2026-01-19T23:42:40.1375576Z [DEBUG] Received response (Length: 619)
2026-01-19T23:42:40.1377386Z   🔍 [Worker 0] Visiting (1): https://www.automationexercise.com/product_details/31
2026-01-19T23:42:40.6372836Z [CACHE HIT] e8f36680... (hits: 5, misses: 6)
2026-01-19T23:42:40.6374709Z   🔍 [Worker 0] Visiting (1): https://www.automationexercise.com/product_details/37
2026-01-19T23:42:41.1848615Z [CACHE HIT] 37378198... (hits: 6, misses: 6)
2026-01-19T23:42:41.1852441Z   🔍 [Worker 0] Visiting (1): https://www.automationexercise.com/product_details/13
2026-01-19T23:42:44.6479503Z [DEBUG] Sending request to gemini-2.0-flash. Number of parts: 1
2026-01-19T23:42:44.6481116Z [DEBUG] Sending request to gemini-2.0-flash. Number of parts: 1
2026-01-19T23:42:44.6487922Z [DEBUG] Sending request to gemini-2.0-flash. Number of parts: 1
2026-01-19T23:42:44.6488520Z [DEBUG] Received response (Length: 322)
2026-01-19T23:42:44.6489495Z   🔍 [Worker 1] Visiting (1): https://www.automationexercise.com/product_details/38
2026-01-19T23:42:44.7431098Z [DEBUG] Received response (Length: 326)
2026-01-19T23:42:44.7432126Z   🔍 [Worker 0] Visiting (1): https://www.automationexercise.com/product_details/12
2026-01-19T23:42:44.9545419Z [DEBUG] Received response (Length: 509)
2026-01-19T23:42:44.9558366Z [DEBUG] Sending request to gemini-2.0-flash. Number of parts: 1
2026-01-19T23:42:44.9559710Z   🔍 [Worker 2] Visiting (1): https://www.automationexercise.com/product_details/42
2026-01-19T23:42:45.7458770Z [DEBUG] Received response (Length: 335)
2026-01-19T23:42:45.7460151Z   🔍 [Worker 1] Visiting (1): https://www.automationexercise.com/product_details/22
2026-01-19T23:42:46.2114013Z [CACHE HIT] c0502b1c... (hits: 7, misses: 10)
2026-01-19T23:42:46.2117854Z   🔍 [Worker 1] Visiting (1): https://www.automationexercise.com/brand_products/Babyhug
2026-01-19T23:42:46.4636224Z [CACHE HIT] f1e9969d... (hits: 8, misses: 10)
2026-01-19T23:42:46.4637626Z   🔍 [Worker 1] Visiting (1): https://www.automationexercise.com/product_details/16
2026-01-19T23:42:46.7933547Z [CACHE HIT] edb825cf... (hits: 9, misses: 10)
2026-01-19T23:42:46.7935659Z   🔍 [Worker 1] Visiting (1): https://www.automationexercise.com/brand_products/Biba
2026-01-19T23:42:47.2538022Z [CACHE HIT] ae99648d... (hits: 10, misses: 10)
2026-01-19T23:42:47.2539994Z   🔍 [Worker 1] Visiting (1): https://www.automationexercise.com/brand_products/Polo
2026-01-19T23:42:47.4986695Z [CACHE HIT] 056f2e12... (hits: 11, misses: 10)
2026-01-19T23:42:47.4991181Z   🔍 [Worker 1] Visiting (1): https://www.automationexercise.com/product_details/3
2026-01-19T23:42:50.6168460Z [DEBUG] Sending request to gemini-2.0-flash. Number of parts: 1
2026-01-19T23:42:50.6169379Z [DEBUG] Sending request to gemini-2.0-flash. Number of parts: 1
2026-01-19T23:42:50.6169960Z [DEBUG] Sending request to gemini-2.0-flash. Number of parts: 1
2026-01-19T23:42:50.6170434Z [DEBUG] Received response (Length: 252)
2026-01-19T23:42:50.6171323Z   🔍 [Worker 1] Visiting (1): https://www.automationexercise.com/product_details/14
2026-01-19T23:42:50.7463628Z [DEBUG] Received response (Length: 352)
2026-01-19T23:42:50.7465199Z   🔍 [Worker 0] Visiting (1): https://www.automationexercise.com/contact_us
2026-01-19T23:42:50.7777895Z [DEBUG] Received response (Length: 337)
2026-01-19T23:42:50.7779773Z   🔍 [Worker 2] Visiting (1): https://www.automationexercise.com/category_products/2
2026-01-19T23:42:51.0582472Z [CACHE HIT] fedb512d... (hits: 12, misses: 11)
2026-01-19T23:42:51.0585063Z   🔍 [Worker 1] Visiting (1): https://www.automationexercise.com/product_details/5
2026-01-19T23:42:51.1930832Z [DEBUG] Sending request to gemini-2.0-flash. Number of parts: 1
2026-01-19T23:42:51.1931815Z [CACHE HIT] 0737564f... (hits: 13, misses: 12)
2026-01-19T23:42:51.1932880Z   🔍 [Worker 0] Visiting (1): https://www.automationexercise.com/product_details/19
2026-01-19T23:42:51.6173782Z [CACHE HIT] 26085524... (hits: 14, misses: 13)
2026-01-19T23:42:51.6175247Z   🔍 [Worker 0] Visiting (1): https://www.automationexercise.com/product_details/6
2026-01-19T23:42:52.1390036Z [DEBUG] Received response (Length: 395)
2026-01-19T23:42:52.1393725Z   🔍 [Worker 2] Visiting (1): https://www.automationexercise.com/product_details/4
2026-01-19T23:42:52.5255625Z [CACHE HIT] 26aa0a2a... (hits: 15, misses: 14)
2026-01-19T23:42:52.5256770Z   🔍 [Worker 2] Visiting (1): https://www.automationexercise.com/product_details/23
2026-01-19T23:42:52.8468674Z [CACHE HIT] d844c3a3... (hits: 16, misses: 14)
2026-01-19T23:42:52.8470448Z   🔍 [Worker 2] Visiting (1): https://www.automationexercise.com/category_products/6
2026-01-19T23:42:57.0203891Z [DEBUG] Sending request to gemini-2.0-flash. Number of parts: 1
2026-01-19T23:42:57.0204920Z [DEBUG] Sending request to gemini-2.0-flash. Number of parts: 1
2026-01-19T23:42:57.0206151Z [DEBUG] Sending request to gemini-2.0-flash. Number of parts: 1
2026-01-19T23:42:57.0207546Z [DEBUG] Received response (Length: 342)
2026-01-19T23:42:57.0218976Z   🔍 [Worker 1] Visiting (1): https://www.automationexercise.com/test_cases
2026-01-19T23:42:57.1104292Z [DEBUG] Received response (Length: 459)
2026-01-19T23:42:57.1105960Z   🔍 [Worker 2] Visiting (1): https://www.automationexercise.com/product_details/28
2026-01-19T23:42:57.2961118Z [DEBUG] Sending request to gemini-2.0-flash. Number of parts: 1
2026-01-19T23:42:57.2965190Z [DEBUG] Received response (Length: 536)
2026-01-19T23:42:57.2966388Z   🔍 [Worker 0] Visiting (1): https://www.automationexercise.com/product_details/24
2026-01-19T23:42:57.8564453Z [DEBUG] Received response (Length: 238)
2026-01-19T23:42:57.8565524Z   🔍 [Worker 1] Visiting (1): https://www.automationexercise.com/brand_products/Madame
2026-01-19T23:43:03.1951327Z [DEBUG] Sending request to gemini-2.0-flash. Number of parts: 1
2026-01-19T23:43:03.1952512Z [DEBUG] Sending request to gemini-2.0-flash. Number of parts: 1
2026-01-19T23:43:03.1953512Z [DEBUG] Sending request to gemini-2.0-flash. Number of parts: 1
2026-01-19T23:43:03.1954378Z [DEBUG] Received response (Length: 368)
2026-01-19T23:43:03.1957001Z   🔍 [Worker 0] Visiting (1): https://www.automationexercise.com/product_details/15
2026-01-19T23:43:03.3008234Z [DEBUG] Received response (Length: 510)
2026-01-19T23:43:03.3009660Z   🔍 [Worker 2] Visiting (1): https://www.automationexercise.com/category_products/7
2026-01-19T23:43:03.3891107Z [DEBUG] Received response (Length: 510)
2026-01-19T23:43:03.3892403Z   🔍 [Worker 1] Visiting (1): https://www.automationexercise.com/product_details/11
2026-01-19T23:43:08.1561123Z [DEBUG] Sending request to gemini-2.0-flash. Number of parts: 1
2026-01-19T23:43:08.1563245Z [DEBUG] Sending request to gemini-2.0-flash. Number of parts: 1
2026-01-19T23:43:08.1564477Z [DEBUG] Sending request to gemini-2.0-flash. Number of parts: 1
2026-01-19T23:43:08.1565580Z [DEBUG] Received response (Length: 340)
2026-01-19T23:43:08.1568112Z   🔍 [Worker 0] Visiting (1): https://www.automationexercise.com/product_details/29
2026-01-19T23:43:08.5628278Z [DEBUG] Received response (Length: 539)
2026-01-19T23:43:08.5629215Z   🔍 [Worker 2] Visiting (1): https://www.automationexercise.com/api_list
2026-01-19T23:43:08.6607698Z [DEBUG] Received response (Length: 673)
2026-01-19T23:43:08.6609229Z   🔍 [Worker 1] Visiting (1): https://www.automationexercise.com/product_details/8
2026-01-19T23:43:08.8082743Z [CACHE HIT] 22eac6ed... (hits: 17, misses: 23)
2026-01-19T23:43:08.8084557Z   🔍 [Worker 2] Visiting (1): https://www.automationexercise.com/product_details/41
2026-01-19T23:43:13.0416730Z [DEBUG] Sending request to gemini-2.0-flash. Number of parts: 1
2026-01-19T23:43:13.0420641Z [DEBUG] Sending request to gemini-2.0-flash. Number of parts: 1
2026-01-19T23:43:13.0421373Z [DEBUG] Sending request to gemini-2.0-flash. Number of parts: 1
2026-01-19T23:43:13.0421921Z [DEBUG] Received response (Length: 342)
2026-01-19T23:43:13.0422841Z   🔍 [Worker 2] Visiting (1): https://www.automationexercise.com/login
2026-01-19T23:43:13.0984725Z [DEBUG] Received response (Length: 324)
2026-01-19T23:43:13.0985473Z [DEBUG] Received response (Length: 337)
2026-01-19T23:43:13.0986747Z   🔍 [Worker 0] Visiting (1): https://www.automationexercise.com/category_products/3
2026-01-19T23:43:13.1144067Z   🔍 [Worker 1] Visiting (1): https://www.automationexercise.com/brand_products/H&M
2026-01-19T23:43:18.0547160Z [DEBUG] Sending request to gemini-2.0-flash. Number of parts: 1
2026-01-19T23:43:18.0548945Z [DEBUG] Sending request to gemini-2.0-flash. Number of parts: 1
2026-01-19T23:43:18.0549568Z [DEBUG] Sending request to gemini-2.0-flash. Number of parts: 1
2026-01-19T23:43:18.0550096Z [DEBUG] Received response (Length: 334)
2026-01-19T23:43:18.0551123Z   🔍 [Worker 2] Visiting (1): https://www.automationexercise.com/brand_products/Kookie%20Kids
2026-01-19T23:43:18.1388208Z [DEBUG] Received response (Length: 354)
2026-01-19T23:43:18.1391278Z   🔍 [Worker 1] Visiting (1): https://www.automationexercise.com/view_cart
2026-01-19T23:43:18.2426709Z [DEBUG] Received response (Length: 451)
2026-01-19T23:43:18.2434510Z   🔍 [Worker 0] Visiting (1): https://www.automationexercise.com/product_details/30
2026-01-19T23:43:18.6678168Z [CACHE HIT] 5ea77373... (hits: 18, misses: 30)
2026-01-19T23:43:18.6679466Z   🔍 [Worker 0] Visiting (1): https://www.automationexercise.com/products
2026-01-19T23:43:23.0344013Z [DEBUG] Sending request to gemini-2.0-flash. Number of parts: 1
2026-01-19T23:43:23.0344829Z [DEBUG] Sending request to gemini-2.0-flash. Number of parts: 1
2026-01-19T23:43:23.0345950Z [DEBUG] Sending request to gemini-2.0-flash. Number of parts: 1
2026-01-19T23:43:23.0348939Z [DEBUG] Received response (Length: 235)
2026-01-19T23:43:23.0350039Z   🔍 [Worker 1] Visiting (1): https://www.automationexercise.com/product_details/18
2026-01-19T23:43:23.3941929Z [DEBUG] Received response (Length: 514)
2026-01-19T23:43:23.3953074Z   🔍 [Worker 2] Visiting (1): https://www.automationexercise.com/category_products/4
2026-01-19T23:43:23.5070346Z [DEBUG] Received response (Length: 492)
2026-01-19T23:43:23.5081163Z   🔍 [Worker 0] Visiting (1): https://www.automationexercise.com/product_details/1
2026-01-19T23:43:28.4117619Z [DEBUG] Sending request to gemini-2.0-flash. Number of parts: 1
2026-01-19T23:43:28.4118303Z [DEBUG] Sending request to gemini-2.0-flash. Number of parts: 1
2026-01-19T23:43:28.4118907Z [DEBUG] Sending request to gemini-2.0-flash. Number of parts: 1
2026-01-19T23:43:28.4119381Z [DEBUG] Received response (Length: 341)
2026-01-19T23:43:28.4119782Z [DEBUG] Received response (Length: 460)
2026-01-19T23:43:28.4120181Z [DEBUG] Received response (Length: 528)
2026-01-19T23:43:28.4123470Z ✅ Discovery Complete. Mapped 50 pages.
2026-01-19T23:43:38.0295638Z 
2026-01-19T23:43:38.0296504Z [PLAN] PLANNER: Planning goal -> 'Click 'Products', click FIRST product, add to cart, verify cart shows 1 item' (Deep Mode: True)
2026-01-19T23:43:38.0297598Z 🗺️ [PLAN] Loaded Sitemap with 50 pages.
2026-01-19T23:43:38.0298133Z 📊 [KNOWLEDGE] Page types: ['homepage', 'product_detail', 'unknown', 'contact_form', 'product_list', 'login']
2026-01-19T23:43:38.0298629Z 🔄 [KNOWLEDGE] Flows: 1, Forms: 50
2026-01-19T23:43:38.0299277Z 🎭 [EXPERT] Detected Domain: ECOMMERCE. Persona: Act as a Senior SDET focusing on e-commerce flow automation and conversion funnel reliability
2026-01-19T23:43:38.0299914Z [DEBUG] Sending request to gemini-2.0-flash. Number of parts: 1
2026-01-19T23:43:38.0300242Z [DEBUG] Received response (Length: 5716)
2026-01-19T23:43:38.0300588Z ✅ Planner generated 4 scenarios. Workflow updated.
2026-01-19T23:43:38.9950513Z 
2026-01-19T23:43:38.9951494Z 🕵️ [DEEP EXPLORER] Starting Multi-Scenario Exploration
2026-01-19T23:43:38.9952147Z 📋 Found 4 scenarios to explore.
2026-01-19T23:43:39.3297806Z 
2026-01-19T23:43:39.3298650Z [1/4] Exploring Scenario: Add product to cart from product list and verify cart count
2026-01-19T23:43:39.3299966Z     🧠 Initialized exploration context for goal: 'Browse products, add the first product to the cart, and verify that the cart shows 1 item.'
2026-01-19T23:43:39.3300942Z     🎯 Scenario: Add product to cart from product list and verify cart count
2026-01-19T23:43:39.3301672Z   ▶️ [STEP step_1] NAVIGATE: 
2026-01-19T23:43:40.2676592Z     ✅ Navigated to https://www.automationexercise.com/
2026-01-19T23:43:40.2677382Z   ▶️ [STEP step_2] ASSERT_URL: 
2026-01-19T23:43:40.2907964Z     📢 Detected overlay (ins.adsbygoogle). Dismissing...
2026-01-19T23:43:41.8099285Z     📢 Detected overlay (ins.adsbygoogle). Dismissing...
2026-01-19T23:43:48.3238254Z     ⚠️ Scroll into view failed for text=None. Proceeding anyway.
2026-01-19T23:43:50.3260533Z     ✅ State transitioned.
2026-01-19T23:43:52.1800326Z [DEBUG] Sending request to gemini-2.0-flash. Number of parts: 2
2026-01-19T23:43:52.1800952Z [DEBUG] Received response (Length: 218)
2026-01-19T23:43:52.1801627Z     🤖 AI Next Step Suggestion: click -> Add to cart
2026-01-19T23:43:52.1802249Z     🧩 Suggested Locator: a[data-product-id='1']
2026-01-19T23:43:52.1802873Z     💭 Reasoning: The goal is to add the first product to the cart. The first 'Add to cart' button is now visible and clickable.
2026-01-19T23:43:52.1803428Z     ➕ Injected AI step: click -> Add to cart
2026-01-19T23:43:52.1803751Z   ▶️ [STEP step_2_ai_1] CLICK: Add to cart
2026-01-19T23:43:52.1876717Z     📢 Detected overlay (ins.adsbygoogle). Dismissing...
2026-01-19T23:43:53.6958352Z     🎯 Using AI-provided locator: a[data-product-id='1']
2026-01-19T23:43:53.7039161Z     ✅ Found 1 verified locators
2026-01-19T23:43:53.7109697Z     📢 Detected overlay (ins.adsbygoogle). Dismissing...
2026-01-19T23:43:59.3245990Z     ✅ State transitioned.
2026-01-19T23:44:01.0800839Z [DEBUG] Sending request to gemini-2.0-flash. Number of parts: 2
2026-01-19T23:44:01.0801406Z [DEBUG] Received response (Length: 217)
2026-01-19T23:44:01.0802106Z     🤖 AI Next Step Suggestion: click -> View Cart
2026-01-19T23:44:01.0802517Z     🧩 Suggested Locator: a:contains('View Cart')
2026-01-19T23:44:01.0803080Z     💭 Reasoning: The product has been added to the cart. The next step is to view the cart to verify the item.
2026-01-19T23:44:01.0803576Z     ➕ Injected AI step: click -> View Cart
2026-01-19T23:44:01.0803894Z   ▶️ [STEP step_2_ai_2] CLICK: View Cart
2026-01-19T23:44:01.0882859Z     📢 Detected overlay (ins.adsbygoogle). Dismissing...
2026-01-19T23:44:02.5953771Z     🎯 Using AI-provided locator: a:contains('View Cart')
2026-01-19T23:44:02.5994605Z     🔍 Mining locators for: 'View Cart'
2026-01-19T23:44:02.7702084Z     ✅ Found 1 verified locators
2026-01-19T23:44:02.7824555Z     📢 Detected overlay (ins.adsbygoogle). Dismissing...
2026-01-19T23:44:07.8693897Z     ✅ State transitioned.
2026-01-19T23:44:09.4780591Z [DEBUG] Sending request to gemini-2.0-flash. Number of parts: 2
2026-01-19T23:44:09.4781001Z [DEBUG] Received response (Length: 179)
2026-01-19T23:44:09.4782573Z     🤖 AI Next Step Suggestion: click -> Proceed To Checkout
2026-01-19T23:44:09.4783237Z     💭 Reasoning: The cart shows 1 item, so the next step is to proceed to checkout.
2026-01-19T23:44:09.4783712Z     ➕ Injected AI step: click -> Proceed To Checkout
2026-01-19T23:44:09.4784083Z   ▶️ [STEP step_2_ai_3] CLICK: Proceed To Checkout
2026-01-19T23:44:09.4939087Z     📢 Detected overlay (ins.adsbygoogle). Dismissing...
2026-01-19T23:44:11.0015620Z     🔍 Mining locators for: 'Proceed To Checkout'
2026-01-19T23:44:11.0544757Z     ✅ Found 1 verified locators
2026-01-19T23:44:11.0611956Z     📢 Detected overlay (ins.adsbygoogle). Dismissing...
2026-01-19T23:44:16.1193082Z     ✅ State transitioned.
2026-01-19T23:44:17.8457422Z [DEBUG] Sending request to gemini-2.0-flash. Number of parts: 2
2026-01-19T23:44:17.8458133Z [DEBUG] Received response (Length: 224)
2026-01-19T23:44:17.8458988Z     🤖 AI Next Step Suggestion: click -> Register / Login
2026-01-19T23:44:17.8459553Z     🧩 Suggested Locator: a[href='/login']
2026-01-19T23:44:17.8460827Z     💭 Reasoning: The popup requires login/registration to proceed with checkout. Clicking 'Register / Login' is the next logical step.
2026-01-19T23:44:17.8462229Z       ❌ Rejected: Login action 'register / login' not relevant to scenario
2026-01-19T23:44:17.8463378Z     ⚠️ AI suggestion 'click -> Register / Login' not relevant for current page/scenario. Skipping.
2026-01-19T23:44:17.8464298Z   ▶️ [STEP step_3] CLICK:  Products
2026-01-19T23:44:17.8526768Z     📢 Detected overlay (ins.adsbygoogle). Dismissing...
2026-01-19T23:44:19.3592311Z     🔍 Mining locators for: ' Products'
2026-01-19T23:44:19.4198586Z     ✅ Found 1 verified locators
2026-01-19T23:44:19.4259392Z     📢 Detected overlay (ins.adsbygoogle). Dismissing...
2026-01-19T23:44:24.4834329Z     ✅ State transitioned.
2026-01-19T23:44:24.5056924Z     🔄 Revisited state detected (count: 1)
2026-01-19T23:44:26.0039774Z [DEBUG] Sending request to gemini-2.0-flash. Number of parts: 2
2026-01-19T23:44:26.0040408Z [DEBUG] Received response (Length: 234)
2026-01-19T23:44:26.0041501Z     🤖 AI Next Step Suggestion: click -> Register / Login
2026-01-19T23:44:26.0041873Z     🧩 Suggested Locator: a[href='/login']
2026-01-19T23:44:26.0042546Z     💭 Reasoning: The cart requires login to proceed to checkout. Clicking 'Register / Login' will allow us to proceed with the checkout process.
2026-01-19T23:44:26.0043247Z       ❌ Rejected: Login action 'register / login' not relevant to scenario
2026-01-19T23:44:26.0043820Z     ⚠️ AI suggestion 'click -> Register / Login' not relevant for current page/scenario. Skipping.
2026-01-19T23:44:26.0044271Z   ▶️ [STEP step_4] ASSERT_URL: 
2026-01-19T23:44:26.0103677Z     📢 Detected overlay (ins.adsbygoogle). Dismissing...
2026-01-19T23:44:27.5233930Z     📢 Detected overlay (ins.adsbygoogle). Dismissing...
2026-01-19T23:44:34.0326549Z     ⚠️ Scroll into view failed for text=None. Proceeding anyway.
2026-01-19T23:44:36.0351209Z     ✅ State transitioned.
2026-01-19T23:44:36.0576162Z     🔄 Revisited state detected (count: 2)
2026-01-19T23:44:37.4286999Z [DEBUG] Sending request to gemini-2.0-flash. Number of parts: 2
2026-01-19T23:44:37.4287830Z [DEBUG] Received response (Length: 222)
2026-01-19T23:44:37.4288677Z     🤖 AI Next Step Suggestion: click -> Register / Login
2026-01-19T23:44:37.4289454Z     🧩 Suggested Locator: a:contains('Register / Login')
2026-01-19T23:44:37.4290435Z     💭 Reasoning: The cart requires login to proceed to checkout. Clicking 'Register / Login' will allow us to proceed.
2026-01-19T23:44:37.4291399Z       ❌ Rejected: Login action 'register / login' not relevant to scenario
2026-01-19T23:44:37.4292224Z     ⚠️ AI suggestion 'click -> Register / Login' not relevant for current page/scenario. Skipping.
2026-01-19T23:44:37.4293032Z   ▶️ [STEP step_5] CLICK: Add to cart
2026-01-19T23:44:37.4293618Z     📢 Detected overlay (ins.adsbygoogle). Dismissing...
2026-01-19T23:44:38.9343486Z     🔍 Mining locators for: 'Add to cart'
2026-01-19T23:44:38.9759006Z     🧠 Consulting AI (Vision-First) to find 'Add to cart'...
2026-01-19T23:44:38.9785117Z     🔍 Trying smart selectors for 'Add to cart'...
2026-01-19T23:44:38.9920064Z     🔍 [SMART] Searching for: 'Add to cart' (trying 15+ strategies)
2026-01-19T23:44:38.9920666Z     ✅ Smart selector found 'Add to cart' via ecommerce-first-item (confidence: 0.9)
2026-01-19T23:44:38.9962109Z     ✅ Found 1 verified locators
2026-01-19T23:44:39.0022165Z     📢 Detected overlay (ins.adsbygoogle). Dismissing...
2026-01-19T23:44:44.5463086Z     ✅ State transitioned.
2026-01-19T23:44:44.5686531Z     🔄 Revisited state detected (count: 3)
2026-01-19T23:44:44.5687295Z     ⚠️ Too many revisits (3). Stopping AI step injection to prevent loops.
2026-01-19T23:44:44.5687743Z   ▶️ [STEP step_6] ASSERT_VISIBLE: Continue Shopping
2026-01-19T23:44:44.5743224Z     📢 Detected overlay (ins.adsbygoogle). Dismissing...
2026-01-19T23:44:46.0795381Z     🔍 Mining locators for: 'Continue Shopping'
2026-01-19T23:44:46.1248325Z     🧠 Consulting AI (Vision-First) to find 'Continue Shopping'...
2026-01-19T23:44:46.1249110Z     🔍 Trying smart selectors for 'Continue Shopping'...
2026-01-19T23:44:46.2241258Z     🔍 [SMART] Searching for: 'Continue Shopping' (trying 15+ strategies)
2026-01-19T23:44:46.2241868Z     ⚠️ Smart selectors failed (no unique match). Falling back to AI Vision...
2026-01-19T23:44:46.2243769Z     🧠 [EXPERT] Strategy: Act as a Senior SDET focusing on e-commerce flow automation and conversion funnel reliability. Focus on the complete shopping funnel (Search -> Product Selection -> Add to Cart -> Checkout). CRITICAL: Identify SEARCH BARS, magnifying glass icons, and 'Add to Cart' buttons as primary automation targets. Dismiss popups that block the flow. For product lists, default to selecting the FIRST available item for consistent automation.
2026-01-19T23:44:48.6184152Z [DEBUG] Sending request to gemini-2.0-flash. Number of parts: 2
2026-01-19T23:44:48.6184567Z [DEBUG] Received response (Length: 565)
2026-01-19T23:44:48.6185123Z     🔄 Retry 1/3 mining locators for 'Continue Shopping'...
2026-01-19T23:44:49.6590586Z     🧠 Consulting AI (Vision-First) to find 'Continue Shopping'...
2026-01-19T23:44:49.6591329Z     🔍 Trying smart selectors for 'Continue Shopping'...
2026-01-19T23:44:49.7561682Z     🔍 [SMART] Searching for: 'Continue Shopping' (trying 15+ strategies)
2026-01-19T23:44:49.7562647Z     ⚠️ Smart selectors failed (no unique match). Falling back to AI Vision...
2026-01-19T23:44:49.7564686Z     🧠 [EXPERT] Strategy: Act as a Senior SDET focusing on e-commerce flow automation and conversion funnel reliability. Focus on the complete shopping funnel (Search -> Product Selection -> Add to Cart -> Checkout). CRITICAL: Identify SEARCH BARS, magnifying glass icons, and 'Add to Cart' buttons as primary automation targets. Dismiss popups that block the flow. For product lists, default to selecting the FIRST available item for consistent automation.
2026-01-19T23:44:49.7628101Z [CACHE HIT] d569aeaf... (hits: 1, misses: 7)
2026-01-19T23:44:49.7628778Z     🔄 Retry 2/3 mining locators for 'Continue Shopping'...
2026-01-19T23:44:50.7642917Z     🗑️ Invalidating stale AI cache (retry 2)...
2026-01-19T23:44:50.8109115Z     🧠 Consulting AI (Vision-First) to find 'Continue Shopping'...
2026-01-19T23:44:50.8111309Z     🔍 Trying smart selectors for 'Continue Shopping'...
2026-01-19T23:44:50.9124194Z     🔍 [SMART] Searching for: 'Continue Shopping' (trying 15+ strategies)
2026-01-19T23:44:50.9125243Z     ⚠️ Smart selectors failed (no unique match). Falling back to AI Vision...
2026-01-19T23:44:50.9128614Z     🧠 [EXPERT] Strategy: Act as a Senior SDET focusing on e-commerce flow automation and conversion funnel reliability. Focus on the complete shopping funnel (Search -> Product Selection -> Add to Cart -> Checkout). CRITICAL: Identify SEARCH BARS, magnifying glass icons, and 'Add to Cart' buttons as primary automation targets. Dismiss popups that block the flow. For product lists, default to selecting the FIRST available item for consistent automation.
2026-01-19T23:44:50.9194787Z [CACHE HIT] d569aeaf... (hits: 2, misses: 7)
2026-01-19T23:44:50.9195908Z     🧠 Verifying step validity for 'Continue Shopping' after mining failure...
2026-01-19T23:44:52.5824694Z [DEBUG] Sending request to gemini-2.0-flash. Number of parts: 2
2026-01-19T23:44:52.5825210Z [DEBUG] Received response (Length: 237)
2026-01-19T23:44:52.5825847Z     🛠️ Self-Correction: Step is valid. Using new locator: a[data-dismiss='modal']
2026-01-19T23:44:52.5892877Z     📢 Detected overlay (ins.adsbygoogle). Dismissing...
2026-01-19T23:44:59.5992905Z     ⚠️ Scroll into view failed for a[data-dismiss='modal']. Proceeding anyway.
2026-01-19T23:45:01.6018215Z     ✅ State transitioned.
2026-01-19T23:45:01.6245860Z     🔄 Revisited state detected (count: 4)
2026-01-19T23:45:01.6246347Z     ⚠️ Too many revisits (4). Stopping AI step injection to prevent loops.
2026-01-19T23:45:01.6246931Z   ▶️ [STEP step_7] CLICK: Continue Shopping
2026-01-19T23:45:01.6304228Z     📢 Detected overlay (ins.adsbygoogle). Dismissing...
2026-01-19T23:45:03.1365021Z     🔍 Mining locators for: 'Continue Shopping'
2026-01-19T23:45:03.1931151Z     🧠 Consulting AI (Vision-First) to find 'Continue Shopping'...
2026-01-19T23:45:03.1931650Z     🔍 Trying smart selectors for 'Continue Shopping'...
2026-01-19T23:45:03.2916254Z     🔍 [SMART] Searching for: 'Continue Shopping' (trying 15+ strategies)
2026-01-19T23:45:03.2917254Z     ⚠️ Smart selectors failed (no unique match). Falling back to AI Vision...
2026-01-19T23:45:03.2919165Z     🧠 [EXPERT] Strategy: Act as a Senior SDET focusing on e-commerce flow automation and conversion funnel reliability. Focus on the complete shopping funnel (Search -> Product Selection -> Add to Cart -> Checkout). CRITICAL: Identify SEARCH BARS, magnifying glass icons, and 'Add to Cart' buttons as primary automation targets. Dismiss popups that block the flow. For product lists, default to selecting the FIRST available item for consistent automation.
2026-01-19T23:45:03.2981984Z [CACHE HIT] d569aeaf... (hits: 3, misses: 8)
2026-01-19T23:45:03.2982507Z     🔄 Retry 1/3 mining locators for 'Continue Shopping'...
2026-01-19T23:45:04.3747868Z     🧠 Consulting AI (Vision-First) to find 'Continue Shopping'...
2026-01-19T23:45:04.3748690Z     🔍 Trying smart selectors for 'Continue Shopping'...
2026-01-19T23:45:04.4728047Z     🔍 [SMART] Searching for: 'Continue Shopping' (trying 15+ strategies)
2026-01-19T23:45:04.4728830Z     ⚠️ Smart selectors failed (no unique match). Falling back to AI Vision...
2026-01-19T23:45:04.4730739Z     🧠 [EXPERT] Strategy: Act as a Senior SDET focusing on e-commerce flow automation and conversion funnel reliability. Focus on the complete shopping funnel (Search -> Product Selection -> Add to Cart -> Checkout). CRITICAL: Identify SEARCH BARS, magnifying glass icons, and 'Add to Cart' buttons as primary automation targets. Dismiss popups that block the flow. For product lists, default to selecting the FIRST available item for consistent automation.
2026-01-19T23:45:04.4793275Z [CACHE HIT] d569aeaf... (hits: 4, misses: 8)
2026-01-19T23:45:04.4793937Z     🔄 Retry 2/3 mining locators for 'Continue Shopping'...
2026-01-19T23:45:05.4808446Z     🗑️ Invalidating stale AI cache (retry 2)...
2026-01-19T23:45:05.5246960Z     🧠 Consulting AI (Vision-First) to find 'Continue Shopping'...
2026-01-19T23:45:05.5247742Z     🔍 Trying smart selectors for 'Continue Shopping'...
2026-01-19T23:45:05.6332678Z     🔍 [SMART] Searching for: 'Continue Shopping' (trying 15+ strategies)
2026-01-19T23:45:05.6333527Z     ⚠️ Smart selectors failed (no unique match). Falling back to AI Vision...
2026-01-19T23:45:05.6335889Z     🧠 [EXPERT] Strategy: Act as a Senior SDET focusing on e-commerce flow automation and conversion funnel reliability. Focus on the complete shopping funnel (Search -> Product Selection -> Add to Cart -> Checkout). CRITICAL: Identify SEARCH BARS, magnifying glass icons, and 'Add to Cart' buttons as primary automation targets. Dismiss popups that block the flow. For product lists, default to selecting the FIRST available item for consistent automation.
2026-01-19T23:45:05.6396955Z [CACHE HIT] d569aeaf... (hits: 5, misses: 8)
2026-01-19T23:45:05.6397736Z     🧠 Verifying step validity for 'Continue Shopping' after mining failure...
2026-01-19T23:45:05.6401481Z [CACHE HIT] 46a3adf8... (hits: 6, misses: 8)
2026-01-19T23:45:05.6402407Z     🛠️ Self-Correction: Step is valid. Using new locator: a[data-dismiss='modal']
2026-01-19T23:45:05.6465686Z     📢 Detected overlay (ins.adsbygoogle). Dismissing...
2026-01-19T23:45:12.6565163Z     ⚠️ Scroll into view failed for a[data-dismiss='modal']. Proceeding anyway.
2026-01-19T23:45:17.6575661Z     ⚠️ Action failed: Locator.bounding_box: Timeout 5000ms exceeded.
2026-01-19T23:45:17.6576057Z Cal...
2026-01-19T23:45:19.1046578Z [DEBUG] Sending request to gemini-2.0-flash. Number of parts: 2
2026-01-19T23:45:19.1047346Z [DEBUG] Received response (Length: 244)
2026-01-19T23:45:19.1048102Z     ✨ AI Heal Reasoning: The 'Continue On Cart' button is visible and clickable within the checkout popup.
2026-01-19T23:45:19.1049033Z     ✨ AI healed exploration action! New selector: body > div.fancybox-container.fancybox-is-open > div.fancybox-inner > div > div > div > div.text-center > a
2026-01-19T23:45:24.6090860Z     ⚠️ Scroll into view failed for body > div.fancybox-container.fancybox-is-open > div.fancybox-inner > div > div > div > div.text-center > a. Proceeding anyway.
2026-01-19T23:45:29.6111117Z   ▶️ [STEP step_8] CLICK: Cart
2026-01-19T23:45:29.6166907Z     📢 Detected overlay (ins.adsbygoogle). Dismissing...
2026-01-19T23:45:31.1221234Z     🔍 Mining locators for: 'Cart'
2026-01-19T23:45:31.2077439Z     ✅ Found 4 verified locators
2026-01-19T23:45:31.2138248Z     📢 Detected overlay (ins.adsbygoogle). Dismissing...
2026-01-19T23:45:36.2620522Z     ✅ State transitioned.
2026-01-19T23:45:36.2876218Z     🔄 Revisited state detected (count: 5)
2026-01-19T23:45:36.2877249Z     ⚠️ Too many revisits (5). Stopping AI step injection to prevent loops.
2026-01-19T23:45:36.2878020Z   ▶️ [STEP step_9] ASSERT_URL: 
2026-01-19T23:45:36.2929601Z     📢 Detected overlay (ins.adsbygoogle). Dismissing...
2026-01-19T23:45:37.8060299Z     📢 Detected overlay (ins.adsbygoogle). Dismissing...
2026-01-19T23:45:44.3177978Z     ⚠️ Scroll into view failed for text=None. Proceeding anyway.
2026-01-19T23:45:46.3201777Z     ✅ State transitioned.
2026-01-19T23:45:46.3462218Z     🔄 Revisited state detected (count: 6)
2026-01-19T23:45:46.3463083Z     ⚠️ Too many revisits (6). Stopping AI step injection to prevent loops.
2026-01-19T23:45:46.3463838Z   ▶️ [STEP step_10] ASSERT_VISIBLE: Cart
2026-01-19T23:45:46.3515068Z     📢 Detected overlay (ins.adsbygoogle). Dismissing...
2026-01-19T23:45:47.8575297Z     🔍 Mining locators for: 'Cart'
2026-01-19T23:45:47.9504085Z     ✅ Found 4 verified locators
2026-01-19T23:45:47.9560912Z     📢 Detected overlay (ins.adsbygoogle). Dismissing...
2026-01-19T23:45:51.9936354Z     ✅ State transitioned.
2026-01-19T23:45:52.0194369Z     🔄 Revisited state detected (count: 7)
2026-01-19T23:45:52.0194901Z     ⚠️ Too many revisits (7). Stopping AI step injection to prevent loops.
2026-01-19T23:45:54.0608947Z 
2026-01-19T23:45:54.0609468Z [2/4] Exploring Scenario: Contact Us Form Submission
2026-01-19T23:45:54.0611942Z     🧠 Initialized exploration context for goal: 'Navigate to the Contact Us page, fill out the form, upload a file, and submit.'
2026-01-19T23:45:54.0612974Z     🎯 Scenario: Contact Us Form Submission
2026-01-19T23:45:54.0613317Z   ▶️ [STEP step_1] NAVIGATE: 
2026-01-19T23:45:54.9979353Z     ✅ Navigated to https://www.automationexercise.com/
2026-01-19T23:45:54.9980039Z   ▶️ [STEP step_2] CLICK: Contact us
2026-01-19T23:45:55.0553140Z     📢 Detected overlay (ins.adsbygoogle). Dismissing...
2026-01-19T23:45:56.5647431Z     🔍 Mining locators for: 'Contact us'
2026-01-19T23:45:56.7839114Z     ✅ Found 1 verified locators
2026-01-19T23:45:56.7904822Z     📢 Detected overlay (ins.adsbygoogle). Dismissing...
2026-01-19T23:46:01.8779898Z     ✅ State transitioned.
2026-01-19T23:46:03.5100519Z [DEBUG] Sending request to gemini-2.0-flash. Number of parts: 2
2026-01-19T23:46:03.5101089Z [DEBUG] Received response (Length: 209)
2026-01-19T23:46:03.5101630Z     🤖 AI Next Step Suggestion: fill -> Name
2026-01-19T23:46:03.5101996Z     🧩 Suggested Locator: input[name='name']
2026-01-19T23:46:03.5102618Z     💭 Reasoning: The contact form needs to be filled out. Filling the name field is the next logical step.
2026-01-19T23:46:03.5103199Z     ➕ Injected AI step: fill -> Name
2026-01-19T23:46:03.5103523Z   ▶️ [STEP step_2_ai_1] FILL: Name
2026-01-19T23:46:03.5242026Z     📢 Detected overlay (ins.adsbygoogle). Dismissing...
2026-01-19T23:46:05.0319948Z     🎯 Using AI-provided locator: input[name='name']
2026-01-19T23:46:05.0382455Z     ✅ Found 1 verified locators
2026-01-19T23:46:05.0442274Z     📢 Detected overlay (ins.adsbygoogle). Dismissing...
2026-01-19T23:46:12.1610185Z     ✅ State transitioned.
2026-01-19T23:46:13.8998461Z [DEBUG] Sending request to gemini-2.0-flash. Number of parts: 2
2026-01-19T23:46:13.8999081Z [DEBUG] Received response (Length: 223)
2026-01-19T23:46:13.8999834Z     🤖 AI Next Step Suggestion: fill -> Email
2026-01-19T23:46:13.9000213Z     🧩 Suggested Locator: input[name='email']
2026-01-19T23:46:13.9000789Z     💭 Reasoning: The form requires an email address. Filling this field progresses towards completing the form.
2026-01-19T23:46:13.9001337Z     ➕ Injected AI step: fill -> Email
2026-01-19T23:46:13.9001626Z   ▶️ [STEP step_2_ai_2] FILL: Email
2026-01-19T23:46:13.9058293Z     📢 Detected overlay (ins.adsbygoogle). Dismissing...
2026-01-19T23:46:15.4120948Z     🎯 Using AI-provided locator: input[name='email']
2026-01-19T23:46:15.4186536Z     ✅ Found 1 verified locators
2026-01-19T23:46:15.4249862Z     📢 Detected overlay (ins.adsbygoogle). Dismissing...
2026-01-19T23:46:23.7231712Z     ✅ State transitioned.
2026-01-19T23:46:25.3747498Z [DEBUG] Sending request to gemini-2.0-flash. Number of parts: 2
2026-01-19T23:46:25.3748141Z [DEBUG] Received response (Length: 202)
2026-01-19T23:46:25.3748885Z     🤖 AI Next Step Suggestion: FILL -> Subject
2026-01-19T23:46:25.3752406Z     🧩 Suggested Locator: input[name='subject']
2026-01-19T23:46:25.3753529Z     💭 Reasoning: The subject field is visible and needs to be filled to complete the form.
2026-01-19T23:46:25.3754430Z     ➕ Injected AI step: FILL -> Subject
2026-01-19T23:46:25.3755012Z   ▶️ [STEP step_2_ai_3] FILL: Subject
2026-01-19T23:46:25.3821342Z     📢 Detected overlay (ins.adsbygoogle). Dismissing...
2026-01-19T23:46:26.8889568Z     🎯 Using AI-provided locator: input[name='subject']
2026-01-19T23:46:26.8949565Z     ✅ Found 1 verified locators
2026-01-19T23:46:26.9006758Z     📢 Detected overlay (ins.adsbygoogle). Dismissing...
2026-01-19T23:46:31.4246149Z     ✅ State transitioned.
2026-01-19T23:46:31.4517849Z     🔄 Revisited state detected (count: 1)
2026-01-19T23:46:32.9298710Z [DEBUG] Sending request to gemini-2.0-flash. Number of parts: 2
2026-01-19T23:46:32.9299346Z [DEBUG] Received response (Length: 186)
2026-01-19T23:46:32.9300134Z     🤖 AI Next Step Suggestion: fill -> Your Message Here
2026-01-19T23:46:32.9303104Z     🧩 Suggested Locator: #message
2026-01-19T23:46:32.9304035Z     💭 Reasoning: Filling the message field to complete the contact form.
2026-01-19T23:46:32.9304826Z     ➕ Injected AI step: fill -> Your Message Here
2026-01-19T23:46:32.9305498Z   ▶️ [STEP step_2_ai_4] FILL: Your Message Here
2026-01-19T23:46:32.9360222Z     📢 Detected overlay (ins.adsbygoogle). Dismissing...
2026-01-19T23:46:34.4420030Z     🎯 Using AI-provided locator: #message
2026-01-19T23:46:34.4495110Z     ✅ Found 1 verified locators
2026-01-19T23:46:34.4551960Z     📢 Detected overlay (ins.adsbygoogle). Dismissing...
2026-01-19T23:46:42.9137758Z     ✅ State transitioned.
2026-01-19T23:46:44.4195103Z [DEBUG] Sending request to gemini-2.0-flash. Number of parts: 2
2026-01-19T23:46:44.4195811Z [DEBUG] Received response (Length: 166)
2026-01-19T23:46:44.4196552Z     🤖 AI Next Step Suggestion: click -> input
2026-01-19T23:46:44.4197397Z     🧩 Suggested Locator: [name='upload_file']
2026-01-19T23:46:44.4198277Z     💭 Reasoning: The next step in filling out the contact form is to upload a file.
2026-01-19T23:46:44.4199116Z     ➕ Injected AI step: click -> input
2026-01-19T23:46:44.4199685Z   ▶️ [STEP step_2_ai_5] CLICK: input
2026-01-19T23:46:44.4258339Z     📢 Detected overlay (ins.adsbygoogle). Dismissing...
2026-01-19T23:46:45.9311374Z     🎯 Using AI-provided locator: [name='upload_file']
2026-01-19T23:46:45.9371100Z     ✅ Found 1 verified locators
2026-01-19T23:46:45.9430216Z     📢 Detected overlay (ins.adsbygoogle). Dismissing...
2026-01-19T23:46:51.4916391Z     ✅ State transitioned.
2026-01-19T23:46:51.5185045Z     🔄 Revisited state detected (count: 1)
2026-01-19T23:46:53.3841024Z [DEBUG] Sending request to gemini-2.0-flash. Number of parts: 2
2026-01-19T23:46:53.3841736Z [DEBUG] Received response (Length: 208)
2026-01-19T23:46:53.3842470Z     🤖 AI Next Step Suggestion: click -> input
2026-01-19T23:46:53.3842849Z     🧩 Suggested Locator: input[name='upload_file']
2026-01-19T23:46:53.3843505Z     💭 Reasoning: The next step is to upload a file. The input element with name 'upload_file' is the file upload button.
2026-01-19T23:46:53.3844234Z ⚠️ Loop detected: same AI suggestion repeated 2 times without state change. Moving to next step.
2026-01-19T23:46:53.3844692Z   ▶️ [STEP step_3] ASSERT_URL: 
2026-01-19T23:46:53.3900825Z     📢 Detected overlay (ins.adsbygoogle). Dismissing...
2026-01-19T23:46:54.9028810Z     📢 Detected overlay (ins.adsbygoogle). Dismissing...
2026-01-19T23:47:01.4137947Z     ⚠️ Scroll into view failed for text=None. Proceeding anyway.
2026-01-19T23:47:03.4160869Z     ✅ State transitioned.
2026-01-19T23:47:03.4545077Z     🔄 Revisited state detected (count: 2)
2026-01-19T23:47:05.1799557Z [DEBUG] Sending request to gemini-2.0-flash. Number of parts: 2
2026-01-19T23:47:05.1800533Z [DEBUG] Received response (Length: 210)
2026-01-19T23:47:05.1801302Z     🤖 AI Next Step Suggestion: CLICK -> Submit
2026-01-19T23:47:05.1804399Z     💭 Reasoning: The form is almost complete, and the submit button is visible. Clicking submit will progress towards the goal.
2026-01-19T23:47:05.1805606Z     ➕ Injected AI step: CLICK -> Submit
2026-01-19T23:47:05.1806180Z   ▶️ [STEP step_3_ai_1] CLICK: Submit
2026-01-19T23:47:05.1863031Z     📢 Detected overlay (ins.adsbygoogle). Dismissing...
2026-01-19T23:47:06.6923070Z     🔍 Mining locators for: 'Submit'
2026-01-19T23:47:06.7463715Z     ✅ Found 2 verified locators
2026-01-19T23:47:06.7521471Z     📢 Detected overlay (ins.adsbygoogle). Dismissing...
2026-01-19T23:47:11.2732155Z     ✅ State transitioned.
2026-01-19T23:47:11.3002446Z     🔄 Revisited state detected (count: 3)
2026-01-19T23:47:11.3002980Z     ⚠️ Too many revisits (3). Stopping AI step injection to prevent loops.
2026-01-19T23:47:11.3004227Z     ⚡ PARALLEL MODE: Batching 4 fill steps
2026-01-19T23:47:11.3004627Z     ⚡ Batch mining 4 fields in parallel...
2026-01-19T23:47:11.4039476Z     ✅ Batch mined 'Name' (4 locators)
2026-01-19T23:47:11.4040058Z     ✅ Batch mined 'Email' (8 locators)
2026-01-19T23:47:11.4040608Z     ✅ Batch mined 'Subject' (4 locators)
2026-01-19T23:47:11.4042675Z     ✅ Batch mined 'Your Message Here' (5 locators)
2026-01-19T23:47:11.4047819Z     ✅ Batch mined 4/4 steps successfully
2026-01-19T23:47:11.4048362Z   ▶️ [STEP step_8] CLICK: Submit
2026-01-19T23:47:11.4096776Z     📢 Detected overlay (ins.adsbygoogle). Dismissing...
2026-01-19T23:47:12.9159904Z     🔍 Mining locators for: 'Submit'
2026-01-19T23:47:12.9806478Z     ✅ Found 2 verified locators
2026-01-19T23:47:12.9867359Z     📢 Detected overlay (ins.adsbygoogle). Dismissing...
2026-01-19T23:47:18.5416752Z     ✅ State transitioned.
2026-01-19T23:47:18.5687367Z     🔄 Revisited state detected (count: 4)
2026-01-19T23:47:18.5688082Z     ⚠️ Too many revisits (4). Stopping AI step injection to prevent loops.
2026-01-19T23:47:20.6015927Z 
2026-01-19T23:47:20.6016572Z [3/4] Exploring Scenario: Verify Test Cases Page
2026-01-19T23:47:20.6018596Z     🧠 Initialized exploration context for goal: 'Navigate to the Test Cases page and verify the URL.'
2026-01-19T23:47:20.6019582Z     🎯 Scenario: Verify Test Cases Page
2026-01-19T23:47:20.6020085Z   ▶️ [STEP step_1] NAVIGATE: 
2026-01-19T23:47:21.5012929Z     ✅ Navigated to https://www.automationexercise.com/
2026-01-19T23:47:21.5013532Z   ▶️ [STEP step_2] CLICK: Test Cases
2026-01-19T23:47:21.5664403Z     📢 Detected overlay (ins.adsbygoogle). Dismissing...
2026-01-19T23:47:23.0803787Z     🔍 Mining locators for: 'Test Cases'
2026-01-19T23:47:23.3006144Z     ✅ Found 3 verified locators
2026-01-19T23:47:23.3083517Z     📢 Detected overlay (ins.adsbygoogle). Dismissing...
2026-01-19T23:47:28.3764971Z     ✅ State transitioned.
2026-01-19T23:47:30.0120088Z [DEBUG] Sending request to gemini-2.0-flash. Number of parts: 2
2026-01-19T23:47:30.0120889Z [DEBUG] Received response (Length: 219)
2026-01-19T23:47:30.0121711Z     🤖 AI Next Step Suggestion: navigate -> Products
2026-01-19T23:47:30.0122982Z     💭 Reasoning: To start the e-commerce flow, we need to navigate to the Products page to select a product and add it to the cart.
2026-01-19T23:47:30.0124144Z     ➕ Injected AI step: navigate -> Products
2026-01-19T23:47:30.0124772Z   ▶️ [STEP step_2_ai_1] NAVIGATE: Products
2026-01-19T23:47:30.0275785Z     📢 Detected overlay (ins.adsbygoogle). Dismissing...
2026-01-19T23:47:32.0360310Z     ❌ Navigation failed to Products: Page.goto: Protocol error (Page.navigate): Cannot navigate to invalid URL
2026-01-19T23:47:32.0361203Z Call log:
2026-01-19T23:47:32.0361676Z   - navigating to "Products", waiting until "domcontentloaded"
2026-01-19T23:47:32.0362171Z 
2026-01-19T23:47:32.0362904Z     ⚠️ Critical step failure: Page.goto: Protocol error (Page.navigate): Cannot navigate to invalid URL
2026-01-19T23:47:32.0363758Z Call log:
2026-01-19T23:47:32.0364423Z   - navigating t
2026-01-19T23:47:32.0364875Z   ▶️ [STEP step_3] ASSERT_URL: 
2026-01-19T23:47:32.0426958Z     📢 Detected overlay (ins.adsbygoogle). Dismissing...
2026-01-19T23:47:33.5548689Z     📢 Detected overlay (ins.adsbygoogle). Dismissing...
2026-01-19T23:47:40.0648810Z     ⚠️ Scroll into view failed for text=None. Proceeding anyway.
2026-01-19T23:47:42.0676702Z     ✅ State transitioned.
2026-01-19T23:47:43.6031664Z [DEBUG] Sending request to gemini-2.0-flash. Number of parts: 2
2026-01-19T23:47:43.6032335Z [DEBUG] Received response (Length: 173)
2026-01-19T23:47:43.6033127Z     🤖 AI Next Step Suggestion: click -> Products
2026-01-19T23:47:43.6033939Z     💭 Reasoning: To start the e-commerce flow, we need to navigate to the products page.
2026-01-19T23:47:43.6034413Z     ➕ Injected AI step: click -> Products
2026-01-19T23:47:43.6034725Z   ▶️ [STEP step_3_ai_1] CLICK: Products
2026-01-19T23:47:43.6099760Z     📢 Detected overlay (ins.adsbygoogle). Dismissing...
2026-01-19T23:47:45.1151127Z     🔍 Mining locators for: 'Products'
2026-01-19T23:47:45.4085317Z     ✅ Found 14 verified locators
2026-01-19T23:47:45.4149251Z     📢 Detected overlay (ins.adsbygoogle). Dismissing...
2026-01-19T23:47:50.4755092Z     ✅ State transitioned.
2026-01-19T23:47:50.4941475Z     🔄 Revisited state detected (count: 1)
2026-01-19T23:47:52.2527977Z [DEBUG] Sending request to gemini-2.0-flash. Number of parts: 2
2026-01-19T23:47:52.2528639Z [DEBUG] Received response (Length: 343)
2026-01-19T23:47:52.2529424Z     🤖 AI Next Step Suggestion: click -> Products
2026-01-19T23:47:52.2529780Z     🧩 Suggested Locator: a[href='/products']
2026-01-19T23:47:52.2530828Z     💭 Reasoning: The goal is to click 'Products', click the first product, add to cart, and verify the cart shows 1 item. We've already clicked 'Products' once, but we're back on the Test Cases page. We need to navigate back to the Products page to continue.
2026-01-19T23:47:52.2531936Z ⚠️ Loop detected: same AI suggestion repeated 2 times without state change. Moving to next step.
2026-01-19T23:47:52.2532510Z   ▶️ [STEP step_4] ASSERT_VISIBLE: Test Case 1: Register User
2026-01-19T23:47:52.2593781Z     📢 Detected overlay (ins.adsbygoogle). Dismissing...
2026-01-19T23:47:53.7654014Z     🔍 Mining locators for: 'Test Case 1: Register User'
2026-01-19T23:47:53.8947692Z     ✅ Found 2 verified locators
2026-01-19T23:47:53.9044328Z     📢 Detected overlay (ins.adsbygoogle). Dismissing...
2026-01-19T23:47:57.9384191Z     ✅ State transitioned.
2026-01-19T23:47:57.9575750Z     🔄 Revisited state detected (count: 2)
2026-01-19T23:47:59.4853646Z [DEBUG] Sending request to gemini-2.0-flash. Number of parts: 2
2026-01-19T23:47:59.4854311Z [DEBUG] Received response (Length: 213)
2026-01-19T23:47:59.4855044Z     🤖 AI Next Step Suggestion: click -> Products
2026-01-19T23:47:59.4855673Z     🧩 Suggested Locator: a[href='/products']
2026-01-19T23:47:59.4857039Z     💭 Reasoning: The overall goal is to add a product to the cart. We need to navigate to the products page to select a product.
2026-01-19T23:47:59.4858202Z     ➕ Injected AI step: click -> Products
2026-01-19T23:47:59.4858790Z   ▶️ [STEP step_4_ai_1] CLICK: Products
2026-01-19T23:47:59.4922811Z     📢 Detected overlay (ins.adsbygoogle). Dismissing...
2026-01-19T23:48:00.9975704Z     🎯 Using AI-provided locator: a[href='/products']
2026-01-19T23:48:01.0042473Z     ✅ Found 1 verified locators
2026-01-19T23:48:01.0107324Z     📢 Detected overlay (ins.adsbygoogle). Dismissing...
2026-01-19T23:48:06.5557785Z     ✅ State transitioned.
2026-01-19T23:48:08.1864688Z [DEBUG] Sending request to gemini-2.0-flash. Number of parts: 2
2026-01-19T23:48:08.1865430Z [DEBUG] Received response (Length: 260)
2026-01-19T23:48:08.1866111Z     🤖 AI Next Step Suggestion: click -> Products
2026-01-19T23:48:08.1866503Z     🧩 Suggested Locator: a[href='/products']
2026-01-19T23:48:08.1867470Z     💭 Reasoning: The goal is to click 'Products', click the first product, add to cart, and verify the cart shows 1 item. We need to navigate to the products page to continue.
2026-01-19T23:48:08.1868484Z     🔄 Same AI suggestion but state changed (URL or DOM). Resetting loop counter.
2026-01-19T23:48:08.1869015Z     ⚠️ Skipping duplicate AI suggestion (just executed): ('click', 'products')
2026-01-19T23:48:10.2204217Z 
2026-01-19T23:48:10.2205370Z [4/4] Exploring Scenario: Search Product and Add to Cart
2026-01-19T23:48:10.2207035Z     🧠 Initialized exploration context for goal: 'Search for a product, view the product details, and add it to the cart from the product detail page.'
2026-01-19T23:48:10.2208127Z     🎯 Scenario: Search Product and Add to Cart
2026-01-19T23:48:10.2208654Z   ▶️ [STEP step_1] NAVIGATE: 
2026-01-19T23:48:11.2514169Z     ✅ Navigated to https://www.automationexercise.com/
2026-01-19T23:48:11.2514856Z   ▶️ [STEP step_2] CLICK:  Products
2026-01-19T23:48:11.3028253Z     📢 Detected overlay (ins.adsbygoogle). Dismissing...
2026-01-19T23:48:12.8378528Z     🔍 Mining locators for: ' Products'
2026-01-19T23:48:13.0422202Z     ✅ Found 1 verified locators
2026-01-19T23:48:13.0486457Z     📢 Detected overlay (ins.adsbygoogle). Dismissing...
2026-01-19T23:48:18.1367072Z     ✅ State transitioned.
2026-01-19T23:48:19.8599564Z [DEBUG] Sending request to gemini-2.0-flash. Number of parts: 2
2026-01-19T23:48:19.8600269Z [DEBUG] Received response (Length: 274)
2026-01-19T23:48:19.8601103Z     🤖 AI Next Step Suggestion: fill -> Search Product
2026-01-19T23:48:19.8601753Z     🧩 Suggested Locator: #search_product
2026-01-19T23:48:19.8603245Z     💭 Reasoning: The goal is to search for a product, and the 'Search Product' input field is visible. Filling it with 'dress' will allow us to proceed with the search.
2026-01-19T23:48:19.8604623Z     ➕ Injected AI step: fill -> Search Product
2026-01-19T23:48:19.8605257Z   ▶️ [STEP step_2_ai_1] FILL: Search Product
2026-01-19T23:48:19.8881479Z     📢 Detected overlay (ins.adsbygoogle). Dismissing...
2026-01-19T23:48:21.3949802Z     🎯 Using AI-provided locator: #search_product
2026-01-19T23:48:21.4014154Z     ✅ Found 1 verified locators
2026-01-19T23:48:21.4078255Z     📢 Detected overlay (ins.adsbygoogle). Dismissing...
2026-01-19T23:48:28.5793676Z     ✅ State transitioned.
2026-01-19T23:48:30.5114395Z [DEBUG] Sending request to gemini-2.0-flash. Number of parts: 2
2026-01-19T23:48:30.5115125Z [DEBUG] Received response (Length: 276)
2026-01-19T23:48:30.5115950Z     🤖 AI Next Step Suggestion: fill -> Search Product
2026-01-19T23:48:30.5116510Z     🧩 Suggested Locator: #search_product
2026-01-19T23:48:30.5118212Z     💭 Reasoning: The goal is to search for a product, and the 'Search Product' input field is available. Filling it with 'dress' will allow us to proceed with the search.
2026-01-19T23:48:30.5119848Z     🔄 Same AI suggestion but state changed (URL or DOM). Resetting loop counter.
2026-01-19T23:48:30.5120956Z     ⚠️ Skipping duplicate AI suggestion (just executed): ('fill', 'search product')
2026-01-19T23:48:30.5121757Z   ▶️ [STEP step_3] ASSERT_URL: 
2026-01-19T23:48:30.5187156Z     📢 Detected overlay (ins.adsbygoogle). Dismissing...
2026-01-19T23:48:32.0305622Z     📢 Detected overlay (ins.adsbygoogle). Dismissing...
2026-01-19T23:48:38.5420472Z     ⚠️ Scroll into view failed for text=None. Proceeding anyway.
2026-01-19T23:48:40.5445941Z     ✅ State transitioned.
2026-01-19T23:48:40.5740249Z     🔄 Revisited state detected (count: 1)
2026-01-19T23:48:42.2134272Z [DEBUG] Sending request to gemini-2.0-flash. Number of parts: 2
2026-01-19T23:48:42.2134665Z [DEBUG] Received response (Length: 276)
2026-01-19T23:48:42.2135197Z     🤖 AI Next Step Suggestion: fill -> Search Product
2026-01-19T23:48:42.2135547Z     🧩 Suggested Locator: #search_product
2026-01-19T23:48:42.2136289Z     💭 Reasoning: The goal is to search for a product, and the 'Search Product' input field is available. Filling it with 'dress' will allow us to proceed with the search.
2026-01-19T23:48:42.2137370Z ⚠️ Loop detected: same AI suggestion repeated 2 times without state change. Moving to next step.
2026-01-19T23:48:42.2138106Z   ▶️ [STEP step_4] FILL: Search Product
2026-01-19T23:48:42.2206711Z     📢 Detected overlay (ins.adsbygoogle). Dismissing...
2026-01-19T23:48:43.7269511Z     🔍 Mining locators for: 'Search Product'
2026-01-19T23:48:43.8767003Z     ✅ Found 4 verified locators
2026-01-19T23:48:43.8830749Z     📢 Detected overlay (ins.adsbygoogle). Dismissing...
2026-01-19T23:48:50.5694805Z     ✅ State transitioned.
2026-01-19T23:48:52.1629121Z [DEBUG] Sending request to gemini-2.0-flash. Number of parts: 2
2026-01-19T23:48:52.1629931Z [DEBUG] Received response (Length: 326)
2026-01-19T23:48:52.1630807Z     🤖 AI Next Step Suggestion: fill -> Search Product
2026-01-19T23:48:52.1631541Z     🧩 Suggested Locator: #search_product
2026-01-19T23:48:52.1633554Z     💭 Reasoning: The goal is to search for a product, and the 'Search Product' field is visible and available to be filled. The previous action was also filling the search bar, so this is a continuation of that process.
2026-01-19T23:48:52.1635534Z     ⚠️ Skipping duplicate AI suggestion (just executed): ('fill', 'search product')
2026-01-19T23:48:52.1636413Z   ▶️ [STEP step_5] PRESS: Search Product
2026-01-19T23:48:52.1701131Z     📢 Detected overlay (ins.adsbygoogle). Dismissing...
2026-01-19T23:48:53.6763443Z     🔍 Mining locators for: 'Search Product'
2026-01-19T23:48:53.8425864Z     ✅ Found 4 verified locators
2026-01-19T23:48:53.8488728Z     📢 Detected overlay (ins.adsbygoogle). Dismissing...
2026-01-19T23:48:57.9024490Z     ✅ State transitioned.
2026-01-19T23:48:57.9326287Z     🔄 Revisited state detected (count: 1)
2026-01-19T23:48:59.3415847Z [DEBUG] Sending request to gemini-2.0-flash. Number of parts: 2
2026-01-19T23:48:59.3416590Z [DEBUG] Received response (Length: 194)
2026-01-19T23:48:59.3417723Z     🤖 AI Next Step Suggestion: press -> Search Product
2026-01-19T23:48:59.3418471Z     🧩 Suggested Locator: #search_product
2026-01-19T23:48:59.3419520Z     💭 Reasoning: The search term has been entered, now press enter to initiate the search.
2026-01-19T23:48:59.3420939Z     ⚠️ Skipping duplicate AI suggestion (just executed): ('press', 'search product')
2026-01-19T23:48:59.3421971Z   ▶️ [STEP step_6] ASSERT_VISIBLE: Add to cart
2026-01-19T23:48:59.3493517Z     📢 Detected overlay (ins.adsbygoogle). Dismissing...
2026-01-19T23:49:00.8557207Z     🔍 Mining locators for: 'Add to cart'
2026-01-19T23:49:01.2475890Z     ✅ Found 1 verified locators
2026-01-19T23:49:01.2544145Z     📢 Detected overlay (ins.adsbygoogle). Dismissing...
2026-01-19T23:49:05.3022376Z     ✅ State transitioned.
2026-01-19T23:49:05.3743373Z     🔄 Revisited state detected (count: 2)
2026-01-19T23:49:07.0901361Z [DEBUG] Sending request to gemini-2.0-flash. Number of parts: 2
2026-01-19T23:49:07.0901984Z [DEBUG] Received response (Length: 282)
2026-01-19T23:49:07.0902764Z     🤖 AI Next Step Suggestion: click -> Add to cart
2026-01-19T23:49:07.0903178Z     🧩 Suggested Locator: a:contains('Add to cart')
2026-01-19T23:49:07.0903947Z     💭 Reasoning: The goal is to add a product to the cart. There are multiple 'Add to cart' buttons visible. Clicking the first one will add the first product to the cart.
2026-01-19T23:49:07.0904653Z     ➕ Injected AI step: click -> Add to cart
2026-01-19T23:49:07.0904965Z   ▶️ [STEP step_6_ai_1] CLICK: Add to cart
2026-01-19T23:49:07.0973125Z     📢 Detected overlay (ins.adsbygoogle). Dismissing...
2026-01-19T23:49:08.6033520Z     🎯 Using AI-provided locator: a:contains('Add to cart')
2026-01-19T23:49:08.6069115Z     🔍 Mining locators for: 'Add to cart'
2026-01-19T23:49:09.0329190Z     ✅ Found 1 verified locators
2026-01-19T23:49:09.0391678Z     📢 Detected overlay (ins.adsbygoogle). Dismissing...
2026-01-19T23:49:14.1103837Z     ✅ State transitioned.
2026-01-19T23:49:14.1397359Z     🔄 Revisited state detected (count: 3)
2026-01-19T23:49:14.1398057Z     ⚠️ Too many revisits (3). Stopping AI step injection to prevent loops.
2026-01-19T23:49:14.1398504Z   ▶️ [STEP step_7] CLICK: Add to cart
2026-01-19T23:49:14.1462309Z     📢 Detected overlay (ins.adsbygoogle). Dismissing...
2026-01-19T23:49:15.6524784Z     🔍 Mining locators for: 'Add to cart'
2026-01-19T23:49:16.0060011Z     ✅ Found 1 verified locators
2026-01-19T23:49:16.0125635Z     📢 Detected overlay (ins.adsbygoogle). Dismissing...
2026-01-19T23:49:21.0906142Z     ✅ State transitioned.
2026-01-19T23:49:21.1207122Z     🔄 Revisited state detected (count: 4)
2026-01-19T23:49:21.1207695Z     ⚠️ Too many revisits (4). Stopping AI step injection to prevent loops.
2026-01-19T23:49:21.1208132Z   ▶️ [STEP step_8] ASSERT_VISIBLE: Continue Shopping
2026-01-19T23:49:21.1271980Z     📢 Detected overlay (ins.adsbygoogle). Dismissing...
2026-01-19T23:49:22.6334514Z     🔍 Mining locators for: 'Continue Shopping'
2026-01-19T23:49:22.8181272Z     ✅ Found 2 verified locators
2026-01-19T23:49:22.8242373Z     📢 Detected overlay (ins.adsbygoogle). Dismissing...
2026-01-19T23:49:26.8683541Z     ✅ State transitioned.
2026-01-19T23:49:26.8978722Z     🔄 Revisited state detected (count: 5)
2026-01-19T23:49:26.8980153Z     ⚠️ Too many revisits (5). Stopping AI step injection to prevent loops.
2026-01-19T23:49:26.8980943Z   ▶️ [STEP step_9] CLICK: Continue Shopping
2026-01-19T23:49:26.9037552Z     📢 Detected overlay (ins.adsbygoogle). Dismissing...
2026-01-19T23:49:28.4104422Z     🔍 Mining locators for: 'Continue Shopping'
2026-01-19T23:49:28.5499667Z     ✅ Found 2 verified locators
2026-01-19T23:49:28.5561505Z     📢 Detected overlay (ins.adsbygoogle). Dismissing...
2026-01-19T23:49:33.6405218Z     ✅ State transitioned.
2026-01-19T23:49:33.6701522Z     🔄 Revisited state detected (count: 6)
2026-01-19T23:49:33.6703125Z     ⚠️ Too many revisits (6). Stopping AI step injection to prevent loops.
2026-01-19T23:49:33.6703895Z   ▶️ [STEP step_10] CLICK: Cart
2026-01-19T23:49:33.6765893Z     📢 Detected overlay (ins.adsbygoogle). Dismissing...
2026-01-19T23:49:35.1831286Z     🔍 Mining locators for: 'Cart'
2026-01-19T23:49:35.5882842Z     ✅ Found 1 verified locators
2026-01-19T23:49:35.5945312Z     📢 Detected overlay (ins.adsbygoogle). Dismissing...
2026-01-19T23:49:40.6747965Z     ✅ State transitioned.
2026-01-19T23:49:40.7039799Z     🔄 Revisited state detected (count: 7)
2026-01-19T23:49:40.7040449Z     ⚠️ Too many revisits (7). Stopping AI step injection to prevent loops.
2026-01-19T23:49:40.7040848Z   ▶️ [STEP step_11] ASSERT_URL: 
2026-01-19T23:49:40.7105462Z     📢 Detected overlay (ins.adsbygoogle). Dismissing...
2026-01-19T23:49:42.2237297Z     📢 Detected overlay (ins.adsbygoogle). Dismissing...
2026-01-19T23:49:48.7348282Z     ⚠️ Scroll into view failed for text=None. Proceeding anyway.
2026-01-19T23:49:50.7370430Z     ✅ State transitioned.
2026-01-19T23:49:50.7671349Z     🔄 Revisited state detected (count: 8)
2026-01-19T23:49:50.7671907Z     ⚠️ Too many revisits (8). Stopping AI step injection to prevent loops.
2026-01-19T23:49:50.7672370Z   ▶️ [STEP step_12] ASSERT_VISIBLE: Cart
2026-01-19T23:49:50.7737105Z     📢 Detected overlay (ins.adsbygoogle). Dismissing...
2026-01-19T23:49:52.2799655Z     🔍 Mining locators for: 'Cart'
2026-01-19T23:49:52.7379913Z     ✅ Found 4 verified locators
2026-01-19T23:49:52.7558504Z     📢 Detected overlay (ins.adsbygoogle). Dismissing...
2026-01-19T23:49:56.8003059Z     ✅ State transitioned.
2026-01-19T23:49:56.8293560Z     🔄 Revisited state detected (count: 9)
2026-01-19T23:49:56.8294627Z     ⚠️ Too many revisits (9). Stopping AI step injection to prevent loops.
2026-01-19T23:49:58.8613683Z 🗂️  All generated tests written to /home/runner/work/build_qa_automation/build_qa_automation/projects/ci_automationexercise_shop/tests/generated_scenarios.json
2026-01-19T23:49:58.8614709Z 
2026-01-19T23:49:58.8615305Z 📝 Processing scenario 'Add product to cart from product list and verify cart count' with 13 steps
2026-01-19T23:49:58.8616139Z   🔍 Step 2 (click): Found 1 mined locators
2026-01-19T23:49:58.8616763Z       ✅ Kept robust locator (1.05): a[data-product-id='1']...
2026-01-19T23:49:58.8617528Z   💾 Saved 1 robust locators (top stability: 1.00)
2026-01-19T23:49:58.8618085Z   🔍 Step 3 (click): Found 1 mined locators
2026-01-19T23:49:58.8618963Z       ✅ Kept robust locator (0.70): text='View Cart'...
2026-01-19T23:49:58.8619565Z   💾 Saved 1 robust locators (top stability: 0.70)
2026-01-19T23:49:58.8620113Z   🔍 Step 4 (click): Found 1 mined locators
2026-01-19T23:49:58.8620772Z       ✅ Kept robust locator (0.70): text='Proceed To Checkout'...
2026-01-19T23:49:58.8621410Z   💾 Saved 1 robust locators (top stability: 0.70)
2026-01-19T23:49:58.8621957Z   🔍 Step 5 (click): Found 1 mined locators
2026-01-19T23:49:58.8622599Z       ✅ Kept robust locator (0.80): role=link[name=' Products']...
2026-01-19T23:49:58.8623253Z   💾 Saved 1 robust locators (top stability: 0.80)
2026-01-19T23:49:58.8623788Z   🔍 Step 7 (click): Found 1 mined locators
2026-01-19T23:49:58.8624368Z       ✅ Kept robust locator (1.00): a[data-product-id='1']...
2026-01-19T23:49:58.8624989Z   💾 Saved 1 robust locators (top stability: 1.00)
2026-01-19T23:49:58.8625575Z   🔍 Step 8 (assert_visible): Found 1 mined locators
2026-01-19T23:49:58.8626241Z       ✅ Kept robust locator (0.90): a[data-dismiss='modal']...
2026-01-19T23:49:58.8626966Z   💾 Saved 1 robust locators (top stability: 0.90)
2026-01-19T23:49:58.8627505Z   🔍 Step 9 (click): Found 1 mined locators
2026-01-19T23:49:58.8628090Z       ✅ Kept robust locator (0.90): a[data-dismiss='modal']...
2026-01-19T23:49:58.8628761Z   💾 Saved 1 robust locators (top stability: 0.90)
2026-01-19T23:49:58.8629303Z   🔍 Step 10 (click): Found 4 mined locators
2026-01-19T23:49:58.8629984Z       ✅ Kept robust locator (0.80): role=button[name='Continue On Cart']...
2026-01-19T23:49:58.8630714Z       ✅ Kept robust locator (0.80): role=link[name='Cart']...
2026-01-19T23:49:58.8631310Z       ✅ Kept robust locator (0.70): text='Cart'...
2026-01-19T23:49:58.8631935Z       ✅ Kept robust locator (0.70): text=Continue On Cart...
2026-01-19T23:49:58.8632534Z   💾 Saved 3 robust locators (top stability: 0.80)
2026-01-19T23:49:58.8633118Z   🔍 Step 12 (assert_visible): Found 4 mined locators
2026-01-19T23:49:58.8633751Z       ✅ Kept robust locator (0.80): role=link[name='Cart']...
2026-01-19T23:49:58.8634571Z       ✅ Kept robust locator (0.80): role=link[name='Go to shopping options for Cart']...
2026-01-19T23:49:58.8635310Z       ✅ Kept robust locator (0.70): text='Cart'...
2026-01-19T23:49:58.8635896Z       ✅ Kept robust locator (0.85): #google-anno-sa...
2026-01-19T23:49:58.8636484Z   💾 Saved 3 robust locators (top stability: 0.85)
2026-01-19T23:49:58.8637500Z ✅ Updated scenario 'Add product to cart from product list and verify cart count' with 13 validated steps
2026-01-19T23:49:58.8638126Z 
2026-01-19T23:49:58.8638493Z 📝 Processing scenario 'Contact Us Form Submission' with 14 steps
2026-01-19T23:49:58.8639121Z   🔍 Step 1 (click): Found 1 mined locators
2026-01-19T23:49:58.8639687Z       ✅ Kept robust locator (0.70): text='Contact us'...
2026-01-19T23:49:58.8640278Z   💾 Saved 1 robust locators (top stability: 0.70)
2026-01-19T23:49:58.8640822Z   🔍 Step 2 (fill): Found 1 mined locators
2026-01-19T23:49:58.8641383Z       ✅ Kept robust locator (0.95): input[name='name']...
2026-01-19T23:49:58.8641989Z   💾 Saved 1 robust locators (top stability: 0.95)
2026-01-19T23:49:58.8642526Z   🔍 Step 3 (fill): Found 1 mined locators
2026-01-19T23:49:58.8643096Z       ✅ Kept robust locator (0.95): input[name='email']...
2026-01-19T23:49:58.8643880Z   💾 Saved 1 robust locators (top stability: 0.95)
2026-01-19T23:49:58.8644419Z   🔍 Step 4 (FILL): Found 1 mined locators
2026-01-19T23:49:58.8645008Z       ✅ Kept robust locator (0.95): input[name='subject']...
2026-01-19T23:49:58.8645624Z   💾 Saved 1 robust locators (top stability: 0.95)
2026-01-19T23:49:58.8646164Z   🔍 Step 5 (fill): Found 1 mined locators
2026-01-19T23:49:58.8646675Z       ✅ Kept robust locator (0.95): #message...
2026-01-19T23:49:58.8647331Z   💾 Saved 1 robust locators (top stability: 0.95)
2026-01-19T23:49:58.8647866Z   🔍 Step 6 (click): Found 1 mined locators
2026-01-19T23:49:58.8648446Z       ✅ Kept robust locator (0.95): [name='upload_file']...
2026-01-19T23:49:58.8649169Z   💾 Saved 1 robust locators (top stability: 0.95)
2026-01-19T23:49:58.8649706Z   🔍 Step 8 (CLICK): Found 2 mined locators
2026-01-19T23:49:58.8650314Z       ✅ Kept robust locator (0.75): input[name='submit']...
2026-01-19T23:49:58.8650919Z       ✅ Kept robust locator (0.75): role=textbox...
2026-01-19T23:49:58.8651504Z   💾 Saved 2 robust locators (top stability: 0.75)
2026-01-19T23:49:58.8652044Z   🔍 Step 9 (fill): Found 4 mined locators
2026-01-19T23:49:58.8652639Z       ✅ Kept robust locator (0.80): role=textbox[name='Name']...
2026-01-19T23:49:58.8653251Z       ✅ Kept robust locator (0.70): text='Name'...
2026-01-19T23:49:58.8653949Z       ⚠️ Skipping low-confidence locator (0.60): [placeholder='Name']...
2026-01-19T23:49:58.8654659Z       ✅ Kept robust locator (0.75): input[name='name']...
2026-01-19T23:49:58.8655243Z   💾 Saved 3 robust locators (top stability: 0.80)
2026-01-19T23:49:58.8655800Z   🔍 Step 10 (fill): Found 8 mined locators
2026-01-19T23:49:58.8656535Z       ✅ Kept robust locator (0.80): role=textbox[name='Email']...
2026-01-19T23:49:58.8657283Z       ✅ Kept robust locator (0.70): text='Email'...
2026-01-19T23:49:58.8657980Z       ⚠️ Skipping low-confidence locator (0.60): [placeholder='Email']...
2026-01-19T23:49:58.8658698Z       ✅ Kept robust locator (0.75): input[name='email']...
2026-01-19T23:49:58.8659445Z       ✅ Kept robust locator (0.80): role=textbox[name='Your email address']...
2026-01-19T23:49:58.8660197Z       ✅ Kept robust locator (0.70): text=Your email address...
2026-01-19T23:49:58.8661030Z       ⚠️ Skipping low-confidence locator (0.60): [placeholder='Your email address']...
2026-01-19T23:49:58.8661824Z       ✅ Kept robust locator (0.85): #susbscribe_email...
2026-01-19T23:49:58.8662405Z   💾 Saved 3 robust locators (top stability: 0.85)
2026-01-19T23:49:58.8662950Z   🔍 Step 11 (fill): Found 4 mined locators
2026-01-19T23:49:58.8663578Z       ✅ Kept robust locator (0.80): role=textbox[name='Subject']...
2026-01-19T23:49:58.8664231Z       ✅ Kept robust locator (0.70): text='Subject'...
2026-01-19T23:49:58.8664948Z       ⚠️ Skipping low-confidence locator (0.60): [placeholder='Subject']...
2026-01-19T23:49:58.8665689Z       ✅ Kept robust locator (0.75): input[name='subject']...
2026-01-19T23:49:58.8668038Z   💾 Saved 3 robust locators (top stability: 0.80)
2026-01-19T23:49:58.8668606Z   🔍 Step 12 (fill): Found 5 mined locators
2026-01-19T23:49:58.8669004Z       ✅ Kept robust locator (0.80): role=textbox[name='Your Message Here']...
2026-01-19T23:49:58.8669430Z       ✅ Kept robust locator (0.70): text='Your Message Here'...
2026-01-19T23:49:58.8669904Z       ⚠️ Skipping low-confidence locator (0.60): [placeholder='Your Message Here']...
2026-01-19T23:49:58.8670333Z       ✅ Kept robust locator (0.85): #message...
2026-01-19T23:49:58.8670687Z       ✅ Kept robust locator (0.75): textarea[name='message']...
2026-01-19T23:49:58.8671043Z   💾 Saved 3 robust locators (top stability: 0.85)
2026-01-19T23:49:58.8671367Z   🔍 Step 13 (click): Found 2 mined locators
2026-01-19T23:49:58.8671718Z       ✅ Kept robust locator (0.75): input[name='submit']...
2026-01-19T23:49:58.8672109Z       ✅ Kept robust locator (0.75): role=textbox...
2026-01-19T23:49:58.8672496Z   💾 Saved 2 robust locators (top stability: 0.75)
2026-01-19T23:49:58.8673135Z ✅ Updated scenario 'Contact Us Form Submission' with 14 validated steps
2026-01-19T23:49:58.8673412Z 
2026-01-19T23:49:58.8673615Z 📝 Processing scenario 'Verify Test Cases Page' with 7 steps
2026-01-19T23:49:58.8673965Z   🔍 Step 1 (click): Found 3 mined locators
2026-01-19T23:49:58.8674334Z       ✅ Kept robust locator (0.80): role=button[name='Test Cases']...
2026-01-19T23:49:58.8674753Z       ✅ Kept robust locator (0.80): role=link[name='Test Cases']...
2026-01-19T23:49:58.8675143Z       ✅ Kept robust locator (0.70): text='Test Cases'...
2026-01-19T23:49:58.8675487Z   💾 Saved 3 robust locators (top stability: 0.80)
2026-01-19T23:49:58.8675812Z   🔍 Step 4 (click): Found 14 mined locators
2026-01-19T23:49:58.8676242Z       ✅ Kept robust locator (0.80): role=link[name='Test Case 8: Verify All Products a...
2026-01-19T23:49:58.8677008Z       ✅ Kept robust locator (0.80): role=link[name='Test Case 20: Search Products and ...
2026-01-19T23:49:58.8677542Z       ✅ Kept robust locator (0.80): role=link[name='Test Case 17: Remove Products From...
2026-01-19T23:49:58.8678077Z       ✅ Kept robust locator (0.80): role=link[name='Test Case 12: Add Products in Cart...
2026-01-19T23:49:58.8678605Z       ✅ Kept robust locator (0.80): role=link[name='Test Case 19: View & Cart Brand Pr...
2026-01-19T23:49:58.8679126Z       ✅ Kept robust locator (0.80): role=link[name='Test Case 18: View Category Produc...
2026-01-19T23:49:58.8679600Z       ✅ Kept robust locator (0.80): role=link[name=' Products']...
2026-01-19T23:49:58.8680083Z       ✅ Kept robust locator (0.70): text=Test Case 8: Verify All Products and product ...
2026-01-19T23:49:58.8680613Z       ✅ Kept robust locator (0.70): text=Test Case 12: Add Products in Cart...
2026-01-19T23:49:58.8681110Z       ✅ Kept robust locator (0.70): text=Test Case 17: Remove Products From Cart...
2026-01-19T23:49:58.8681605Z       ✅ Kept robust locator (0.70): text=Test Case 18: View Category Products...
2026-01-19T23:49:58.8682099Z       ✅ Kept robust locator (0.70): text=Test Case 19: View & Cart Brand Products...
2026-01-19T23:49:58.8682626Z       ✅ Kept robust locator (0.70): text=Test Case 20: Search Products and Verify Cart...
2026-01-19T23:49:58.8683067Z       ✅ Kept robust locator (0.70): text= Products...
2026-01-19T23:49:58.8683663Z   💾 Saved 3 robust locators (top stability: 0.80)
2026-01-19T23:49:58.8684270Z   🔍 Step 5 (assert_visible): Found 2 mined locators
2026-01-19T23:49:58.8684879Z       ✅ Kept robust locator (0.80): role=link[name='Test Case 1: Register User']...
2026-01-19T23:49:58.8685636Z       ✅ Kept robust locator (0.70): text='Test Case 1: Register User'...
2026-01-19T23:49:58.8686321Z   💾 Saved 2 robust locators (top stability: 0.80)
2026-01-19T23:49:58.8686962Z   🔍 Step 6 (click): Found 1 mined locators
2026-01-19T23:49:58.8687310Z       ✅ Kept robust locator (0.95): a[href='/products']...
2026-01-19T23:49:58.8687745Z   💾 Saved 1 robust locators (top stability: 0.95)
2026-01-19T23:49:58.8688381Z ✅ Updated scenario 'Verify Test Cases Page' with 7 validated steps
2026-01-19T23:49:58.8688768Z 
2026-01-19T23:49:58.8689120Z 📝 Processing scenario 'Search Product and Add to Cart' with 14 steps
2026-01-19T23:49:58.8689502Z   🔍 Step 1 (click): Found 1 mined locators
2026-01-19T23:49:58.8689864Z       ✅ Kept robust locator (0.80): role=link[name=' Products']...
2026-01-19T23:49:58.8690235Z   💾 Saved 1 robust locators (top stability: 0.80)
2026-01-19T23:49:58.8690547Z   🔍 Step 2 (fill): Found 1 mined locators
2026-01-19T23:49:58.8690878Z       ✅ Kept robust locator (0.95): #search_product...
2026-01-19T23:49:58.8691211Z   💾 Saved 1 robust locators (top stability: 0.95)
2026-01-19T23:49:58.8691529Z   🔍 Step 4 (fill): Found 4 mined locators
2026-01-19T23:49:58.8691904Z       ✅ Kept robust locator (0.80): role=textbox[name='Search Product']...
2026-01-19T23:49:58.8692885Z       ⚠️ Skipping low-confidence locator (0.60): [placeholder='Search Product']...
2026-01-19T23:49:58.8693582Z       ✅ Kept robust locator (0.85): #search_product...
2026-01-19T23:49:58.8694320Z       ✅ Kept robust locator (0.75): input[name='search']...
2026-01-19T23:49:58.8694910Z   💾 Saved 3 robust locators (top stability: 0.85)
2026-01-19T23:49:58.8695436Z   🔍 Step 5 (press): Found 4 mined locators
2026-01-19T23:49:58.8696031Z       ✅ Kept robust locator (0.80): role=textbox[name='Search Product']...
2026-01-19T23:49:58.8696994Z       ⚠️ Skipping low-confidence locator (0.60): [placeholder='Search Product']...
2026-01-19T23:49:58.8697769Z       ✅ Kept robust locator (0.85): #search_product...
2026-01-19T23:49:58.8698409Z       ✅ Kept robust locator (0.75): input[name='search']...
2026-01-19T23:49:58.8699023Z   💾 Saved 3 robust locators (top stability: 0.85)
2026-01-19T23:49:58.8699622Z   🔍 Step 6 (assert_visible): Found 1 mined locators
2026-01-19T23:49:58.8700225Z       ✅ Kept robust locator (0.70): text='Add to cart'...
2026-01-19T23:49:58.8700777Z   💾 Saved 1 robust locators (top stability: 0.70)
2026-01-19T23:49:58.8701279Z   🔍 Step 7 (click): Found 1 mined locators
2026-01-19T23:49:58.8701778Z       ✅ Kept robust locator (0.70): text='Add to cart'...
2026-01-19T23:49:58.8702328Z   💾 Saved 1 robust locators (top stability: 0.70)
2026-01-19T23:49:58.8702810Z   🔍 Step 8 (click): Found 1 mined locators
2026-01-19T23:49:58.8703358Z       ✅ Kept robust locator (0.70): text='Add to cart'...
2026-01-19T23:49:58.8703709Z   💾 Saved 1 robust locators (top stability: 0.70)
2026-01-19T23:49:58.8704048Z   🔍 Step 9 (assert_visible): Found 2 mined locators
2026-01-19T23:49:58.8704470Z       ✅ Kept robust locator (0.80): role=button[name='Continue Shopping']...
2026-01-19T23:49:58.8704913Z       ✅ Kept robust locator (0.70): text='Continue Shopping'...
2026-01-19T23:49:58.8705278Z   💾 Saved 2 robust locators (top stability: 0.80)
2026-01-19T23:49:58.8705612Z   🔍 Step 10 (click): Found 2 mined locators
2026-01-19T23:49:58.8706001Z       ✅ Kept robust locator (0.80): role=button[name='Continue Shopping']...
2026-01-19T23:49:58.8706435Z       ✅ Kept robust locator (0.70): text='Continue Shopping'...
2026-01-19T23:49:58.8706977Z   💾 Saved 2 robust locators (top stability: 0.80)
2026-01-19T23:49:58.8707509Z   🔍 Step 11 (click): Found 1 mined locators
2026-01-19T23:49:58.8708022Z       ✅ Kept robust locator (0.70): text=Add to cart...
2026-01-19T23:49:58.8708524Z   💾 Saved 1 robust locators (top stability: 0.70)
2026-01-19T23:49:58.8709050Z   🔍 Step 13 (assert_visible): Found 4 mined locators
2026-01-19T23:49:58.8709699Z       ✅ Kept robust locator (0.80): role=link[name='View Cart']...
2026-01-19T23:49:58.8710329Z       ✅ Kept robust locator (0.70): text=View Cart...
2026-01-19T23:49:58.8710960Z       ✅ Kept robust locator (0.70): text=Add to cart...
2026-01-19T23:49:58.8711672Z       ✅ Kept robust locator (0.70): text=Your product has been added to cart....
2026-01-19T23:49:58.8712352Z   💾 Saved 3 robust locators (top stability: 0.80)
2026-01-19T23:49:58.8713031Z ✅ Updated scenario 'Search Product and Add to Cart' with 14 validated steps
2026-01-19T23:49:58.8713791Z 🔄 Updated workflow.json with discovered steps and locators.
2026-01-19T23:49:58.8714172Z 
2026-01-19T23:49:58.8714338Z ============================================================
2026-01-19T23:49:58.8714788Z 📊 EXPLORER PERFORMANCE SUMMARY
2026-01-19T23:49:58.8715166Z ============================================================
2026-01-19T23:49:58.8715511Z 
2026-01-19T23:49:58.8715692Z 🔍 Locator Mining:
2026-01-19T23:49:58.8716116Z    • Total Locators Mined: 88
2026-01-19T23:49:58.8716604Z    • Filtered Out (Brittle): 7 (8.0%)
2026-01-19T23:49:58.8717284Z    • Saved to Golden Path: 63 (71.6%)
2026-01-19T23:49:58.8717580Z 
2026-01-19T23:49:58.8717789Z ⚠️  Filtering Breakdown:
2026-01-19T23:49:58.8718222Z    • Low Confidence (<0.75): 7
2026-01-19T23:49:58.8718492Z 
2026-01-19T23:49:58.8718883Z ✅ Golden Path Quality:
2026-01-19T23:49:58.8719409Z    🌟 EXCELLENT - 71.6% of mined locators are robust!
2026-01-19T23:49:58.8719793Z 
2026-01-19T23:49:58.8719973Z ============================================================
2026-01-19T23:49:58.8720317Z 
2026-01-19T23:49:58.8720630Z ✅ Deep Exploration Complete.
2026-01-19T23:52:04.8917992Z 
2026-01-19T23:52:04.8920744Z 🚀 [EXECUTE] Starting Automation Execution Engine
2026-01-19T23:52:04.8921449Z 📍 Project: ci_automationexercise_shop
2026-01-19T23:52:04.8921979Z 🎬 Mode: Headless
2026-01-19T23:52:04.8922166Z 
2026-01-19T23:52:04.8922549Z --- Scenario: Add product to cart from product list and verify cart count ---
2026-01-19T23:52:04.8923352Z   ▶️  [STEP step_1] NAVIGATE: NAVIGATE
2026-01-19T23:52:04.8923876Z     ✅ Step step_1 Passed.
2026-01-19T23:52:04.8924583Z     📢 Detected overlay (ins.adsbygoogle). Attempting to dismiss...
2026-01-19T23:52:04.8925316Z   ▶️  [STEP step_2] ASSERT_URL: ASSERT_URL
2026-01-19T23:52:04.8925851Z     ✅ Step step_2 Passed.
2026-01-19T23:52:04.8926693Z     📢 Detected overlay (ins.adsbygoogle). Attempting to dismiss...
2026-01-19T23:52:04.8927557Z   ▶️  [STEP step_2_ai_1] CLICK: Add to cart
2026-01-19T23:52:04.8928201Z     🔍 Trying 1 validated locators from golden path...
2026-01-19T23:52:04.8929058Z     ⚠️  Locator #1 matched 3 elements (need exactly 1): a[data-product-id='1']...
2026-01-19T23:52:04.8929995Z     ⚠️  All golden path locators failed. Will try text-based fallback.
2026-01-19T23:52:04.8930685Z     ✅ Step step_2_ai_1 Passed.
2026-01-19T23:52:04.8931290Z     📢 Detected overlay (ins.adsbygoogle). Attempting to dismiss...
2026-01-19T23:52:04.8931867Z   ▶️  [STEP step_2_ai_2] CLICK: View Cart
2026-01-19T23:52:04.8932486Z     🔍 Trying 1 validated locators from golden path...
2026-01-19T23:52:04.8933377Z     ✅ SUCCESS! Locator #1: text='View Cart'... (method: unknown, stability: 0.70)
2026-01-19T23:52:04.8934131Z     ✅ Step step_2_ai_2 Passed.
2026-01-19T23:52:04.8934616Z   ▶️  [STEP step_2_ai_3] CLICK: Proceed To Checkout
2026-01-19T23:52:04.8935226Z     🔍 Trying 1 validated locators from golden path...
2026-01-19T23:52:04.8936027Z     ✅ SUCCESS! Locator #1: text='Proceed To Checkout'... (method: unknown, stability: 0.70)
2026-01-19T23:52:04.8936734Z     ✅ Step step_2_ai_3 Passed.
2026-01-19T23:52:04.8937398Z   ▶️  [STEP step_3] CLICK:  Products
2026-01-19T23:52:04.8937932Z     🔍 Trying 1 validated locators from golden path...
2026-01-19T23:52:04.8938687Z     ✅ SUCCESS! Locator #1: role=link[name=' Products']... (method: unknown, stability: 0.80)
2026-01-19T23:52:04.8939301Z     ✅ Step step_3 Passed.
2026-01-19T23:52:04.8939686Z   ▶️  [STEP step_4] ASSERT_URL: ASSERT_URL
2026-01-19T23:52:04.8940071Z     ✅ Step step_4 Passed.
2026-01-19T23:52:04.8940453Z   ▶️  [STEP step_5] CLICK: Add to cart
2026-01-19T23:52:04.8940948Z     🔍 Trying 1 validated locators from golden path...
2026-01-19T23:52:04.8941610Z     ✅ SUCCESS! Locator #1: a[data-product-id='1']... (method: unknown, stability: 1.00)
2026-01-19T23:52:04.8942142Z     ✅ Step step_5 Passed.
2026-01-19T23:52:04.8942441Z   ▶️  [STEP step_6] ASSERT_VISIBLE: Continue Shopping
2026-01-19T23:52:04.8942807Z     🔍 Trying 1 validated locators from golden path...
2026-01-19T23:52:04.8943194Z     ❌ Locator #1 found 0 elements: a[data-dismiss='modal']...
2026-01-19T23:52:04.8943645Z     ⚠️  All golden path locators failed. Will try text-based fallback.
2026-01-19T23:52:04.8944112Z     ❌ Attempt 1 failed (element_not_found): Locator expected to be visible
2026-01-19T23:52:04.8944524Z Actual value: None
2026-01-19T23:52:04.8944732Z Error: element(s) not found 
2026-01-19T23:52:04.8944937Z Call log:
2026-01-19T23:52:04.8945113Z   - Expect ...
2026-01-19T23:52:04.8945602Z     🔧 [AUTO-HEAL] Re-mining page to find 'Continue Shopping'...
2026-01-19T23:52:04.8946215Z [DEBUG] Sending request to gemini-2.0-flash. Number of parts: 2
2026-01-19T23:52:04.8946745Z [DEBUG] Received response (Length: 559)
2026-01-19T23:52:04.8947458Z     ✨ AI heal found 2 alternatives. Validating...
2026-01-19T23:52:04.8948300Z       ❌ Rejected: No keyword match in 'cart' for 'Continue Shopping'
2026-01-19T23:52:04.8948739Z       ❌ Validation error: Locator.count: SyntaxError: Failed to ex
2026-01-19T23:52:04.8949146Z     ⚠️ All AI suggestions failed validation. Using original.
2026-01-19T23:52:04.8949702Z     ❌ AI could not re-locate the element. Waiting 1s before next retry.
2026-01-19T23:52:04.8950172Z     ❌ Attempt 2 failed (element_not_found): Locator expected to be visible
2026-01-19T23:52:04.8950502Z Actual value: None
2026-01-19T23:52:04.8950698Z Error: element(s) not found 
2026-01-19T23:52:04.8950902Z Call log:
2026-01-19T23:52:04.8951073Z   - Expect ...
2026-01-19T23:52:04.8951377Z     🔧 [AUTO-HEAL] Re-mining page to find 'Continue Shopping'...
2026-01-19T23:52:04.8951744Z [DEBUG] Sending request to gemini-2.0-flash. Number of parts: 2
2026-01-19T23:52:04.8952059Z [DEBUG] Received response (Length: 544)
2026-01-19T23:52:04.8952372Z     ✨ AI heal found 2 alternatives. Validating...
2026-01-19T23:52:04.8952774Z       ❌ Rejected: No keyword match in 'cart' for 'Continue Shopping'
2026-01-19T23:52:04.8953206Z       ❌ Validation error: Locator.count: SyntaxError: Failed to ex
2026-01-19T23:52:04.8953606Z     ⚠️ All AI suggestions failed validation. Using original.
2026-01-19T23:52:04.8954032Z     ❌ AI could not re-locate the element. Waiting 1s before next retry.
2026-01-19T23:52:04.8954487Z     ❌ Attempt 3 failed (element_not_found): Locator expected to be visible
2026-01-19T23:52:04.8954811Z Actual value: None
2026-01-19T23:52:04.8955000Z Error: element(s) not found 
2026-01-19T23:52:04.8955210Z Call log:
2026-01-19T23:52:04.8955377Z   - Expect ...
2026-01-19T23:52:04.8955644Z     💀 Step step_6 failed after all retries.
2026-01-19T23:52:04.8956137Z 🛑 Scenario 'Add product to cart from product list and verify cart count' aborted due to step failure.
2026-01-19T23:52:04.8956480Z 
2026-01-19T23:52:04.8956595Z --- Scenario: Contact Us Form Submission ---
2026-01-19T23:52:04.8957117Z   ▶️  [STEP step_1] NAVIGATE: NAVIGATE
2026-01-19T23:52:04.8957413Z     ✅ Step step_1 Passed.
2026-01-19T23:52:04.8957760Z     📢 Detected overlay (ins.adsbygoogle). Attempting to dismiss...
2026-01-19T23:52:04.8958131Z   ▶️  [STEP step_2] CLICK: Contact us
2026-01-19T23:52:04.8958452Z     🔍 Trying 1 validated locators from golden path...
2026-01-19T23:52:04.8958895Z     ✅ SUCCESS! Locator #1: text='Contact us'... (method: unknown, stability: 0.70)
2026-01-19T23:52:04.8959280Z     ✅ Step step_2 Passed.
2026-01-19T23:52:04.8959620Z     📢 Detected overlay (ins.adsbygoogle). Attempting to dismiss...
2026-01-19T23:52:04.8959974Z   ▶️  [STEP step_2_ai_1] FILL: Name
2026-01-19T23:52:04.8960280Z     🔍 Trying 1 validated locators from golden path...
2026-01-19T23:52:04.8960722Z     ✅ SUCCESS! Locator #1: input[name='name']... (method: unknown, stability: 0.95)
2026-01-19T23:52:04.8961110Z     ✅ Step step_2_ai_1 Passed.
2026-01-19T23:52:04.8961453Z     📢 Detected overlay (ins.adsbygoogle). Attempting to dismiss...
2026-01-19T23:52:04.8961811Z   ▶️  [STEP step_2_ai_2] FILL: Email
2026-01-19T23:52:04.8962128Z     🔍 Trying 1 validated locators from golden path...
2026-01-19T23:52:04.8962561Z     ✅ SUCCESS! Locator #1: input[name='email']... (method: unknown, stability: 0.95)
2026-01-19T23:52:04.8962948Z     ✅ Step step_2_ai_2 Passed.
2026-01-19T23:52:04.8963303Z     📢 Detected overlay (ins.adsbygoogle). Attempting to dismiss...
2026-01-19T23:52:04.8963656Z   ▶️  [STEP step_2_ai_3] FILL: Subject
2026-01-19T23:52:04.8963968Z     🔍 Trying 1 validated locators from golden path...
2026-01-19T23:52:04.8964402Z     ✅ SUCCESS! Locator #1: input[name='subject']... (method: unknown, stability: 0.95)
2026-01-19T23:52:04.8964791Z     ✅ Step step_2_ai_3 Passed.
2026-01-19T23:52:04.8965124Z     📢 Detected overlay (ins.adsbygoogle). Attempting to dismiss...
2026-01-19T23:52:04.8965500Z   ▶️  [STEP step_2_ai_4] FILL: Your Message Here
2026-01-19T23:52:04.8965841Z     🔍 Trying 1 validated locators from golden path...
2026-01-19T23:52:04.8966251Z     ✅ SUCCESS! Locator #1: #message... (method: unknown, stability: 0.95)
2026-01-19T23:52:04.8966746Z     ✅ Step step_2_ai_4 Passed.
2026-01-19T23:52:04.8967384Z     📢 Detected overlay (ins.adsbygoogle). Attempting to dismiss...
2026-01-19T23:52:04.8967744Z   ▶️  [STEP step_2_ai_5] CLICK: input
2026-01-19T23:52:04.8968164Z     🔍 Trying 1 validated locators from golden path...
2026-01-19T23:52:04.8968609Z     ✅ SUCCESS! Locator #1: [name='upload_file']... (method: unknown, stability: 0.95)
2026-01-19T23:52:04.8968987Z     ✅ Step step_2_ai_5 Passed.
2026-01-19T23:52:04.8969328Z     📢 Detected overlay (ins.adsbygoogle). Attempting to dismiss...
2026-01-19T23:52:04.8969687Z   ▶️  [STEP step_3] ASSERT_URL: ASSERT_URL
2026-01-19T23:52:04.8969965Z     ✅ Step step_3 Passed.
2026-01-19T23:52:04.8970286Z     📢 Detected overlay (ins.adsbygoogle). Attempting to dismiss...
2026-01-19T23:52:04.8970642Z   ▶️  [STEP step_3_ai_1] CLICK: Submit
2026-01-19T23:52:04.8970965Z     🔍 Trying 2 validated locators from golden path...
2026-01-19T23:52:04.8971414Z     ✅ SUCCESS! Locator #1: input[name='submit']... (method: unknown, stability: 0.75)
2026-01-19T23:52:04.8971794Z     ✅ Step step_3_ai_1 Passed.
2026-01-19T23:52:04.8972134Z     📢 Detected overlay (ins.adsbygoogle). Attempting to dismiss...
2026-01-19T23:52:04.8972487Z   ▶️  [STEP step_4] FILL: Name
2026-01-19T23:52:04.8972786Z     🔍 Trying 3 validated locators from golden path...
2026-01-19T23:52:04.8973242Z     ✅ SUCCESS! Locator #1: role=textbox[name='Name']... (method: unknown, stability: 0.80)
2026-01-19T23:52:04.8973640Z     ✅ Step step_4 Passed.
2026-01-19T23:52:04.8973971Z     📢 Detected overlay (ins.adsbygoogle). Attempting to dismiss...
2026-01-19T23:52:04.8974310Z   ▶️  [STEP step_5] FILL: Email
2026-01-19T23:52:04.8974617Z     🔍 Trying 3 validated locators from golden path...
2026-01-19T23:52:04.8975046Z     ✅ SUCCESS! Locator #1: #susbscribe_email... (method: unknown, stability: 0.85)
2026-01-19T23:52:04.8975427Z     ✅ Step step_5 Passed.
2026-01-19T23:52:04.8975764Z     📢 Detected overlay (ins.adsbygoogle). Attempting to dismiss...
2026-01-19T23:52:04.8976113Z   ▶️  [STEP step_6] FILL: Subject
2026-01-19T23:52:04.8976411Z     🔍 Trying 3 validated locators from golden path...
2026-01-19T23:52:04.8977082Z     ✅ SUCCESS! Locator #1: role=textbox[name='Subject']... (method: unknown, stability: 0.80)
2026-01-19T23:52:04.8977501Z     ✅ Step step_6 Passed.
2026-01-19T23:52:04.8977839Z     📢 Detected overlay (ins.adsbygoogle). Attempting to dismiss...
2026-01-19T23:52:04.8978205Z   ▶️  [STEP step_7] FILL: Your Message Here
2026-01-19T23:52:04.8978566Z     🔍 Trying 3 validated locators from golden path...
2026-01-19T23:52:04.8978975Z     ✅ SUCCESS! Locator #1: #message... (method: unknown, stability: 0.85)
2026-01-19T23:52:04.8979810Z     ✅ Step step_7 Passed.
2026-01-19T23:52:04.8980337Z     📢 Detected overlay (ins.adsbygoogle). Attempting to dismiss...
2026-01-19T23:52:04.8980896Z   ▶️  [STEP step_8] CLICK: Submit
2026-01-19T23:52:04.8981365Z     🔍 Trying 2 validated locators from golden path...
2026-01-19T23:52:04.8982145Z     ✅ SUCCESS! Locator #1: input[name='submit']... (method: unknown, stability: 0.75)
2026-01-19T23:52:04.8982885Z     ✅ Step step_8 Passed.
2026-01-19T23:52:04.8983346Z ✅ Scenario 'Contact Us Form Submission' completed successfully!
2026-01-19T23:52:04.8983584Z 
2026-01-19T23:52:04.8983714Z --- Scenario: Verify Test Cases Page ---
2026-01-19T23:52:04.8984020Z   ▶️  [STEP step_1] NAVIGATE: NAVIGATE
2026-01-19T23:52:04.8984283Z     ✅ Step step_1 Passed.
2026-01-19T23:52:04.8984616Z     📢 Detected overlay (ins.adsbygoogle). Attempting to dismiss...
2026-01-19T23:52:04.8984973Z   ▶️  [STEP step_2] CLICK: Test Cases
2026-01-19T23:52:04.8985295Z     🔍 Trying 3 validated locators from golden path...
2026-01-19T23:52:04.8985772Z     ✅ SUCCESS! Locator #1: role=button[name='Test Cases']... (method: unknown, stability: 0.80)
2026-01-19T23:52:04.8986186Z     ✅ Step step_2 Passed.
2026-01-19T23:52:04.8986522Z     📢 Detected overlay (ins.adsbygoogle). Attempting to dismiss...
2026-01-19T23:52:04.8987256Z   ▶️  [STEP step_2_ai_1] NAVIGATE: Products
2026-01-19T23:52:04.8987766Z     ❌ Attempt 1 failed (unknown): Page.goto: Protocol error (Page.navigate): Cannot navigate to invalid URL
2026-01-19T23:52:04.8988198Z Call log:
2026-01-19T23:52:04.8988376Z   - navigating t...
2026-01-19T23:52:04.8988756Z     🔧 [AUTO-HEAL] Re-mining page to find 'Products'...
2026-01-19T23:52:47.3124265Z [DEBUG] Sending request to gemini-2.0-flash. Number of parts: 2
2026-01-19T23:52:47.3125341Z [DEBUG] Received response (Length: 626)
2026-01-19T23:52:47.3126410Z     ✨ AI heal found 3 alternatives. Validating...
2026-01-19T23:52:47.3127439Z       ❌ Rejected: Element not found
2026-01-19T23:52:47.3128186Z       ❌ Rejected: Element not found
2026-01-19T23:52:47.3129225Z       ❌ Validation error: Locator.count: SyntaxError: Failed to ex
2026-01-19T23:52:47.3130420Z     ⚠️ All AI suggestions failed validation. Using original.
2026-01-19T23:52:47.3131601Z     ❌ AI could not re-locate the element. Waiting 1s before next retry.
2026-01-19T23:52:47.3133362Z     ❌ Attempt 2 failed (unknown): Page.goto: Protocol error (Page.navigate): Cannot navigate to invalid URL
2026-01-19T23:52:47.3134625Z Call log:
2026-01-19T23:52:47.3135109Z   - navigating t...
2026-01-19T23:52:47.3135904Z     🔧 [AUTO-HEAL] Re-mining page to find 'Products'...
2026-01-19T23:52:47.3136728Z [CACHE HIT] 9b735495... (hits: 1, misses: 3)
2026-01-19T23:52:47.3137788Z     ✨ AI heal found 3 alternatives. Validating...
2026-01-19T23:52:47.3138645Z       ❌ Rejected: Element not found
2026-01-19T23:52:47.3139408Z       ❌ Rejected: Element not found
2026-01-19T23:52:47.3140373Z       ❌ Validation error: Locator.count: SyntaxError: Failed to ex
2026-01-19T23:52:47.3141520Z     ⚠️ All AI suggestions failed validation. Using original.
2026-01-19T23:52:47.3142712Z     ❌ AI could not re-locate the element. Waiting 1s before next retry.
2026-01-19T23:52:47.3144359Z     ❌ Attempt 3 failed (unknown): Page.goto: Protocol error (Page.navigate): Cannot navigate to invalid URL
2026-01-19T23:52:47.3145605Z Call log:
2026-01-19T23:52:47.3146054Z   - navigating t...
2026-01-19T23:52:47.3146739Z     💀 Step step_2_ai_1 failed after all retries.
2026-01-19T23:52:47.3147499Z 🛑 Scenario 'Verify Test Cases Page' aborted due to step failure.
2026-01-19T23:52:47.3147998Z 
2026-01-19T23:52:47.3148321Z --- Scenario: Search Product and Add to Cart ---
2026-01-19T23:52:47.3149180Z   ▶️  [STEP step_1] NAVIGATE: NAVIGATE
2026-01-19T23:52:47.3149915Z     ✅ Step step_1 Passed.
2026-01-19T23:52:47.3150816Z     📢 Detected overlay (ins.adsbygoogle). Attempting to dismiss...
2026-01-19T23:52:47.3151827Z   ▶️  [STEP step_2] CLICK:  Products
2026-01-19T23:52:47.3152681Z     🔍 Trying 1 validated locators from golden path...
2026-01-19T23:52:47.3154007Z     ✅ SUCCESS! Locator #1: role=link[name=' Products']... (method: unknown, stability: 0.80)
2026-01-19T23:52:47.3155174Z     ✅ Step step_2 Passed.
2026-01-19T23:52:47.3156057Z     📢 Detected overlay (ins.adsbygoogle). Attempting to dismiss...
2026-01-19T23:52:47.3157251Z   ▶️  [STEP step_2_ai_1] FILL: Search Product
2026-01-19T23:52:47.3158195Z     🔍 Trying 1 validated locators from golden path...
2026-01-19T23:52:47.3159449Z     ✅ SUCCESS! Locator #1: #search_product... (method: unknown, stability: 0.95)
2026-01-19T23:52:47.3160565Z     ✅ Step step_2_ai_1 Passed.
2026-01-19T23:52:47.3161503Z     📢 Detected overlay (ins.adsbygoogle). Attempting to dismiss...
2026-01-19T23:52:47.3162502Z   ▶️  [STEP step_3] ASSERT_URL: ASSERT_URL
2026-01-19T23:52:47.3163217Z     ✅ Step step_3 Passed.
2026-01-19T23:52:47.3164093Z     📢 Detected overlay (ins.adsbygoogle). Attempting to dismiss...
2026-01-19T23:52:47.3165136Z   ▶️  [STEP step_4] FILL: Search Product
2026-01-19T23:52:47.3166013Z     🔍 Trying 3 validated locators from golden path...
2026-01-19T23:52:47.3167329Z     ✅ SUCCESS! Locator #1: #search_product... (method: unknown, stability: 0.85)
2026-01-19T23:52:47.3168458Z     ✅ Step step_4 Passed.
2026-01-19T23:52:47.3169385Z     📢 Detected overlay (ins.adsbygoogle). Attempting to dismiss...
2026-01-19T23:52:47.3170331Z   ▶️  [STEP step_5] PRESS: Search Product
2026-01-19T23:52:47.3170812Z     🔍 Trying 3 validated locators from golden path...
2026-01-19T23:52:47.3171633Z     ✅ SUCCESS! Locator #1: #search_product... (method: unknown, stability: 0.85)
2026-01-19T23:52:47.3172219Z     ✅ Step step_5 Passed.
2026-01-19T23:52:47.3172720Z     📢 Detected overlay (ins.adsbygoogle). Attempting to dismiss...
2026-01-19T23:52:47.3173280Z   ▶️  [STEP step_6] ASSERT_VISIBLE: Add to cart
2026-01-19T23:52:47.3173800Z     🔍 Trying 1 validated locators from golden path...
2026-01-19T23:52:47.3174437Z     ⚠️  Locator #1 matched 68 elements (need exactly 1): text='Add to cart'...
2026-01-19T23:52:47.3175161Z     ⚠️  All golden path locators failed. Will try text-based fallback.
2026-01-19T23:52:47.3175677Z     ✅ Step step_6 Passed.
2026-01-19T23:52:47.3176174Z     📢 Detected overlay (ins.adsbygoogle). Attempting to dismiss...
2026-01-19T23:52:47.3176724Z   ▶️  [STEP step_6_ai_1] CLICK: Add to cart
2026-01-19T23:52:47.3177389Z     🔍 Trying 1 validated locators from golden path...
2026-01-19T23:52:47.3178060Z     ⚠️  Locator #1 matched 68 elements (need exactly 1): text='Add to cart'...
2026-01-19T23:52:47.3178812Z     ⚠️  All golden path locators failed. Will try text-based fallback.
2026-01-19T23:52:47.3179344Z     ✅ Step step_6_ai_1 Passed.
2026-01-19T23:52:47.3179867Z     📢 Detected overlay (ins.adsbygoogle). Attempting to dismiss...
2026-01-19T23:52:47.3180397Z   ▶️  [STEP step_7] CLICK: Add to cart
2026-01-19T23:52:47.3180862Z     🔍 Trying 1 validated locators from golden path...
2026-01-19T23:52:47.3181510Z     ⚠️  Locator #1 matched 68 elements (need exactly 1): text='Add to cart'...
2026-01-19T23:52:47.3182217Z     ⚠️  All golden path locators failed. Will try text-based fallback.
2026-01-19T23:52:47.3182725Z     ✅ Step step_7 Passed.
2026-01-19T23:52:47.3183214Z     📢 Detected overlay (ins.adsbygoogle). Attempting to dismiss...
2026-01-19T23:52:47.3183816Z   ▶️  [STEP step_8] ASSERT_VISIBLE: Continue Shopping
2026-01-19T23:52:47.3184353Z     🔍 Trying 2 validated locators from golden path...
2026-01-19T23:52:47.3185154Z     ✅ SUCCESS! Locator #1: role=button[name='Continue Shopping']... (method: unknown, stability: 0.80)
2026-01-19T23:52:47.3185840Z     ✅ Step step_8 Passed.
2026-01-19T23:52:47.3186330Z     📢 Detected overlay (ins.adsbygoogle). Attempting to dismiss...
2026-01-19T23:52:47.3187102Z   ▶️  [STEP step_9] CLICK: Continue Shopping
2026-01-19T23:52:47.3187612Z     🔍 Trying 2 validated locators from golden path...
2026-01-19T23:52:47.3188395Z     ✅ SUCCESS! Locator #1: role=button[name='Continue Shopping']... (method: unknown, stability: 0.80)
2026-01-19T23:52:47.3189065Z     ✅ Step step_9 Passed.
2026-01-19T23:52:47.3189583Z     📢 Detected overlay (ins.adsbygoogle). Attempting to dismiss...
2026-01-19T23:52:47.3190134Z   ▶️  [STEP step_10] CLICK: Cart
2026-01-19T23:52:47.3190597Z     🔍 Trying 1 validated locators from golden path...
2026-01-19T23:52:47.3191264Z     ⚠️  Locator #1 matched 68 elements (need exactly 1): text=Add to cart...
2026-01-19T23:52:47.3191969Z     ⚠️  All golden path locators failed. Will try text-based fallback.
2026-01-19T23:52:47.3192488Z     ✅ Step step_10 Passed.
2026-01-19T23:52:47.3193098Z   ▶️  [STEP step_11] ASSERT_URL: ASSERT_URL
2026-01-19T23:52:47.3216067Z     ✅ Step step_11 Passed.
2026-01-19T23:52:47.3216565Z   ▶️  [STEP step_12] ASSERT_VISIBLE: Cart
2026-01-19T23:52:47.3217249Z     🔍 Trying 3 validated locators from golden path...
2026-01-19T23:52:47.3217861Z     ❌ Locator #1 found 0 elements: role=link[name='View Cart']...
2026-01-19T23:52:47.3218473Z     ❌ Locator #2 found 0 elements: text=View Cart...
2026-01-19T23:52:47.3219021Z     ❌ Locator #3 found 0 elements: text=Add to cart...
2026-01-19T23:52:47.3219685Z     ⚠️  All golden path locators failed. Will try text-based fallback.
2026-01-19T23:52:47.3220265Z     ✅ Step step_12 Passed.
2026-01-19T23:52:47.3220813Z ✅ Scenario 'Search Product and Add to Cart' completed successfully!
2026-01-19T23:52:47.3221477Z 
2026-01-19T23:52:47.3221634Z ============================================================
2026-01-19T23:52:47.3222090Z 🎯 EXECUTION SUMMARY
2026-01-19T23:52:47.3222398Z ============================================================
2026-01-19T23:52:47.3222704Z 
2026-01-19T23:52:47.3222876Z 📋 Scenario Overview:
2026-01-19T23:52:47.3223255Z    • Total Scenarios Planned: 4
2026-01-19T23:52:47.3223664Z    • Scenarios Executed: 4
2026-01-19T23:52:47.3224048Z    • Total Steps Executed: 40
2026-01-19T23:52:47.3224279Z 
2026-01-19T23:52:47.3224412Z ✅ Results:
2026-01-19T23:52:47.3224712Z    ✅ Passed: 2 (50%)
2026-01-19T23:52:47.3225046Z    ❌ Failed: 2 (50%)
2026-01-19T23:52:47.3225231Z 
2026-01-19T23:52:47.3225399Z ⚠️  Failed Scenarios:
2026-01-19T23:52:47.3225880Z    • Add product to cart from product list and verify cart count
2026-01-19T23:52:47.3226426Z    • Verify Test Cases Page
2026-01-19T23:52:47.3226642Z 
2026-01-19T23:52:47.3226917Z ============================================================
2026-01-19T23:52:47.3227217Z 
2026-01-19T23:52:47.3228076Z 🏁 Execution Finished. Report: /home/runner/work/build_qa_automation/build_qa_automation/projects/ci_automationexercise_shop/execution.json
2026-01-19T23:52:47.3228863Z 
2026-01-19T23:52:47.3229047Z ============================================================
2026-01-19T23:52:47.3229508Z 📊 EXECUTOR PERFORMANCE SUMMARY
2026-01-19T23:52:47.3229886Z ============================================================
2026-01-19T23:52:47.3230175Z 
2026-01-19T23:52:47.3230335Z 🎯 Execution Results:
2026-01-19T23:52:47.3230676Z    • Total Steps: 40
2026-01-19T23:52:47.3231045Z    • First-Attempt Success: 38 (95.0%)
2026-01-19T23:52:47.3231502Z    • Required AI Healing: 4 (10.0%)
2026-01-19T23:52:47.3231923Z    • Final Failures: 2 (5.0%)
2026-01-19T23:52:47.3232138Z 
2026-01-19T23:52:47.3232322Z 🛤️  Golden Path Effectiveness:
2026-01-19T23:52:47.3232731Z    • Steps with Mined Locators: 30
2026-01-19T23:52:47.3233146Z    • Golden Path Hits: 23 (76.7%)
2026-01-19T23:52:47.3233575Z    • Golden Path Misses: 7
2026-01-19T23:52:47.3233979Z    • Fallback Used (No Locators): 10
2026-01-19T23:52:47.3234228Z 
2026-01-19T23:52:47.3234394Z 📈 Overall Assessment:
2026-01-19T23:52:47.3234864Z    ✅ GOOD! Most steps following golden path successfully.
2026-01-19T23:52:47.3235212Z 
2026-01-19T23:52:47.3235382Z 🎯 vs Target (100% Flawless):
2026-01-19T23:52:47.3235747Z    📊 Gap: 5.0% from target
2026-01-19T23:52:47.3236188Z    💡 Recommendation: Review 7 golden path misses
2026-01-19T23:52:47.3236939Z    💡 Recommendation: Explorer needs to mine locators for 10 steps
2026-01-19T23:52:47.3237339Z 
2026-01-19T23:52:47.3237476Z ============================================================
2026-01-19T23:52:47.4351851Z 
2026-01-19T23:52:47.4352436Z [PHASE] Running Phase: DISCOVERY
2026-01-19T23:52:47.4354266Z    Command: /opt/hostedtoolcache/Python/3.11.14/x64/bin/python /home/runner/work/build_qa_automation/build_qa_automation/core/agents/discovery.py --project /home/runner/work/build_qa_automation/build_qa_automation/projects/ci_automationexercise_shop --url https://www.automationexercise.com/ --deep
2026-01-19T23:52:47.4356118Z ✅ Phase 'discovery' completed successfully.
2026-01-19T23:52:47.4356368Z 
2026-01-19T23:52:47.4356911Z [PHASE] Running Phase: PLANNING
2026-01-19T23:52:47.4358291Z    Command: /opt/hostedtoolcache/Python/3.11.14/x64/bin/python /home/runner/work/build_qa_automation/build_qa_automation/core/agents/planner.py --project /home/runner/work/build_qa_automation/build_qa_automation/projects/ci_automationexercise_shop --goal Click 'Products', click FIRST product, add to cart, verify cart shows 1 item --url https://www.automationexercise.com/ --deep
2026-01-19T23:52:47.4359671Z ✅ Phase 'planning' completed successfully.
2026-01-19T23:52:47.4359859Z 
2026-01-19T23:52:47.4359957Z [PHASE] Running Phase: EXPLORATION
2026-01-19T23:52:47.4360838Z    Command: /opt/hostedtoolcache/Python/3.11.14/x64/bin/python /home/runner/work/build_qa_automation/build_qa_automation/core/agents/deep_explorer.py --project /home/runner/work/build_qa_automation/build_qa_automation/projects/ci_automationexercise_shop
2026-01-19T23:52:47.4361926Z ✅ Phase 'exploration' completed successfully.
2026-01-19T23:52:47.4362279Z 📊 Exploration Discovery Success Rate: 83.7%
2026-01-19T23:52:47.4362464Z 
2026-01-19T23:52:47.4362559Z [PHASE] Running Phase: EXECUTION
2026-01-19T23:52:47.4363417Z    Command: /opt/hostedtoolcache/Python/3.11.14/x64/bin/python /home/runner/work/build_qa_automation/build_qa_automation/core/agents/executor.py --project /home/runner/work/build_qa_automation/build_qa_automation/projects/ci_automationexercise_shop
2026-01-19T23:52:47.4364344Z ✅ Phase 'execution' completed successfully.
2026-01-19T23:52:47.4364528Z 
2026-01-19T23:52:47.4364636Z [DONE] Pipeline Execution Finished! [DONE]
2026-01-19T23:52:47.5626748Z ##[group]Run RESULT_FILE="projects/ci_automationexercise_shop/execution.json"
2026-01-19T23:52:47.5627527Z [36;1mRESULT_FILE="projects/ci_automationexercise_shop/execution.json"[0m
2026-01-19T23:52:47.5627923Z [36;1mif [ -f "$RESULT_FILE" ]; then[0m
2026-01-19T23:52:47.5628237Z [36;1m  echo "✅ Results generated successfully: $RESULT_FILE"[0m
2026-01-19T23:52:47.5628650Z [36;1m  cat "$RESULT_FILE" | jq '.scenarios | length' || echo "Result file exists"[0m
2026-01-19T23:52:47.5628993Z [36;1melse[0m
2026-01-19T23:52:47.5629224Z [36;1m  echo "❌ No result file found at $RESULT_FILE"[0m
2026-01-19T23:52:47.5629486Z [36;1m  exit 1[0m
2026-01-19T23:52:47.5629668Z [36;1mfi[0m
2026-01-19T23:52:47.5648766Z shell: /usr/bin/bash -e {0}
2026-01-19T23:52:47.5649000Z env:
2026-01-19T23:52:47.5649256Z   pythonLocation: /opt/hostedtoolcache/Python/3.11.14/x64
2026-01-19T23:52:47.5649666Z   PKG_CONFIG_PATH: /opt/hostedtoolcache/Python/3.11.14/x64/lib/pkgconfig
2026-01-19T23:52:47.5650102Z   Python_ROOT_DIR: /opt/hostedtoolcache/Python/3.11.14/x64
2026-01-19T23:52:47.5650459Z   Python2_ROOT_DIR: /opt/hostedtoolcache/Python/3.11.14/x64
2026-01-19T23:52:47.5650814Z   Python3_ROOT_DIR: /opt/hostedtoolcache/Python/3.11.14/x64
2026-01-19T23:52:47.5651167Z   LD_LIBRARY_PATH: /opt/hostedtoolcache/Python/3.11.14/x64/lib
2026-01-19T23:52:47.5651460Z ##[endgroup]
2026-01-19T23:52:47.5690250Z ✅ Results generated successfully: projects/ci_automationexercise_shop/execution.json
2026-01-19T23:52:47.5714052Z 4
2026-01-19T23:52:47.5776757Z ##[group]Run actions/upload-artifact@v4
2026-01-19T23:52:47.5777160Z with:
2026-01-19T23:52:47.5777388Z   name: automationexercise_shop-execution-results
2026-01-19T23:52:47.5777902Z   path: projects/ci_automationexercise_shop/execution.json
projects/ci_automationexercise_shop/workflow.json

2026-01-19T23:52:47.5778366Z   retention-days: 30
2026-01-19T23:52:47.5778571Z   if-no-files-found: warn
2026-01-19T23:52:47.5778779Z   compression-level: 6
2026-01-19T23:52:47.5778977Z   overwrite: false
2026-01-19T23:52:47.5779175Z   include-hidden-files: false
2026-01-19T23:52:47.5779391Z env:
2026-01-19T23:52:47.5779617Z   pythonLocation: /opt/hostedtoolcache/Python/3.11.14/x64
2026-01-19T23:52:47.5780025Z   PKG_CONFIG_PATH: /opt/hostedtoolcache/Python/3.11.14/x64/lib/pkgconfig
2026-01-19T23:52:47.5780409Z   Python_ROOT_DIR: /opt/hostedtoolcache/Python/3.11.14/x64
2026-01-19T23:52:47.5780756Z   Python2_ROOT_DIR: /opt/hostedtoolcache/Python/3.11.14/x64
2026-01-19T23:52:47.5781135Z   Python3_ROOT_DIR: /opt/hostedtoolcache/Python/3.11.14/x64
2026-01-19T23:52:47.5781486Z   LD_LIBRARY_PATH: /opt/hostedtoolcache/Python/3.11.14/x64/lib
2026-01-19T23:52:47.5781769Z ##[endgroup]
2026-01-19T23:52:47.7855643Z Multiple search paths detected. Calculating the least common ancestor of all paths
2026-01-19T23:52:47.7861781Z The least common ancestor is /home/runner/work/build_qa_automation/build_qa_automation/projects/ci_automationexercise_shop. This will be the root directory of the artifact
2026-01-19T23:52:47.7863116Z With the provided path, there will be 2 files uploaded
2026-01-19T23:52:47.7867516Z Artifact name is valid!
2026-01-19T23:52:47.7869125Z Root directory input is valid!
2026-01-19T23:52:47.9148984Z Beginning upload of artifact content to blob storage
2026-01-19T23:52:48.0404898Z Uploaded bytes 2861
2026-01-19T23:52:48.0743545Z Finished uploading artifact content to blob storage!
2026-01-19T23:52:48.0745808Z SHA256 digest of uploaded artifact zip is a1462fb6d18f5b1ac3ca9ff72089598adbbbb60431d0d9b7f5b5036f984b3f7e
2026-01-19T23:52:48.0748198Z Finalizing artifact upload
2026-01-19T23:52:48.1516988Z Artifact automationexercise_shop-execution-results.zip successfully finalized. Artifact ID 5183055422
2026-01-19T23:52:48.1517786Z Artifact automationexercise_shop-execution-results has been successfully uploaded! Final size is 2861 bytes. Artifact ID is 5183055422
2026-01-19T23:52:48.1522632Z Artifact download URL: https://github.com/vishvasmca-cmd/build_qa_automation/actions/runs/21154472744/artifacts/5183055422
2026-01-19T23:52:48.1620910Z Post job cleanup.
2026-01-19T23:52:48.3036201Z Cache hit occurred on the primary key setup-python-Linux-x64-24.04-Ubuntu-python-3.11.14-pip-dde08d0e0b672972dcda9f1a063036a2e0c226f5d0a20362e9401931676d80a4, not saving cache.
2026-01-19T23:52:48.3126620Z Post job cleanup.
2026-01-19T23:52:48.4004351Z [command]/usr/bin/git version
2026-01-19T23:52:48.4037430Z git version 2.52.0
2026-01-19T23:52:48.4075323Z Temporarily overriding HOME='/home/runner/work/_temp/62d9ad71-f5d9-40f0-b3aa-7a95405c5030' before making global git config changes
2026-01-19T23:52:48.4076578Z Adding repository directory to the temporary git global config as a safe directory
2026-01-19T23:52:48.4089615Z [command]/usr/bin/git config --global --add safe.directory /home/runner/work/build_qa_automation/build_qa_automation
2026-01-19T23:52:48.4120724Z [command]/usr/bin/git config --local --name-only --get-regexp core\.sshCommand
2026-01-19T23:52:48.4148619Z [command]/usr/bin/git submodule foreach --recursive sh -c "git config --local --name-only --get-regexp 'core\.sshCommand' && git config --local --unset-all 'core.sshCommand' || :"
2026-01-19T23:52:48.4335904Z [command]/usr/bin/git config --local --name-only --get-regexp http\.https\:\/\/github\.com\/\.extraheader
2026-01-19T23:52:48.4354045Z http.https://github.com/.extraheader
2026-01-19T23:52:48.4365411Z [command]/usr/bin/git config --local --unset-all http.https://github.com/.extraheader
2026-01-19T23:52:48.4390773Z [command]/usr/bin/git submodule foreach --recursive sh -c "git config --local --name-only --get-regexp 'http\.https\:\/\/github\.com\/\.extraheader' && git config --local --unset-all 'http.https://github.com/.extraheader' || :"
2026-01-19T23:52:48.4563414Z [command]/usr/bin/git config --local --name-only --get-regexp ^includeIf\.gitdir:
2026-01-19T23:52:48.4589497Z [command]/usr/bin/git submodule foreach --recursive git config --local --show-origin --name-only --get-regexp remote.origin.url
2026-01-19T23:52:48.4852711Z Cleaning up orphan processes
