2026-01-18T23:48:07.2307168Z Current runner version: '2.331.0'
2026-01-18T23:48:07.2333116Z ##[group]Runner Image Provisioner
2026-01-18T23:48:07.2334257Z Hosted Compute Agent
2026-01-18T23:48:07.2335008Z Version: 20251211.462
2026-01-18T23:48:07.2336015Z Commit: 6cbad8c2bb55d58165063d031ccabf57e2d2db61
2026-01-18T23:48:07.2336771Z Build Date: 2025-12-11T16:28:49Z
2026-01-18T23:48:07.2337376Z Worker ID: {52d434ef-8fe8-4520-98d2-d3d354046425}
2026-01-18T23:48:07.2338142Z ##[endgroup]
2026-01-18T23:48:07.2338639Z ##[group]Operating System
2026-01-18T23:48:07.2339267Z Ubuntu
2026-01-18T23:48:07.2340018Z 24.04.3
2026-01-18T23:48:07.2340562Z LTS
2026-01-18T23:48:07.2341099Z ##[endgroup]
2026-01-18T23:48:07.2341597Z ##[group]Runner Image
2026-01-18T23:48:07.2342152Z Image: ubuntu-24.04
2026-01-18T23:48:07.2342709Z Version: 20260111.209.1
2026-01-18T23:48:07.2343683Z Included Software: https://github.com/actions/runner-images/blob/ubuntu24/20260111.209/images/ubuntu/Ubuntu2404-Readme.md
2026-01-18T23:48:07.2345255Z Image Release: https://github.com/actions/runner-images/releases/tag/ubuntu24%2F20260111.209
2026-01-18T23:48:07.2346293Z ##[endgroup]
2026-01-18T23:48:07.2347343Z ##[group]GITHUB_TOKEN Permissions
2026-01-18T23:48:07.2349343Z Contents: read
2026-01-18T23:48:07.2350143Z Metadata: read
2026-01-18T23:48:07.2350648Z Packages: read
2026-01-18T23:48:07.2351285Z ##[endgroup]
2026-01-18T23:48:07.2353364Z Secret source: Actions
2026-01-18T23:48:07.2354064Z Prepare workflow directory
2026-01-18T23:48:07.3336256Z Prepare all required actions
2026-01-18T23:48:07.3374311Z Getting action download info
2026-01-18T23:48:07.5708194Z Download action repository 'actions/checkout@v4' (SHA:34e114876b0b11c390a56381ad16ebd13914f8d5)
2026-01-18T23:48:07.6933463Z Download action repository 'actions/setup-python@v5' (SHA:a26af69be951a213d495a4c3e4e4022e16d87065)
2026-01-18T23:48:07.7795883Z Download action repository 'actions/upload-artifact@v4' (SHA:ea165f8d65b6e75b540449e92b4886f43607fa02)
2026-01-18T23:48:08.1012772Z Complete job name: test-websites-deep (saucedemo_locked, https://www.saucedemo.com/, Test locked user scenarios)
2026-01-18T23:48:08.3247899Z ##[group]Run actions/checkout@v4
2026-01-18T23:48:08.3248762Z with:
2026-01-18T23:48:08.3249211Z   repository: vishvasmca-cmd/build_qa_automation
2026-01-18T23:48:08.3250225Z   token: ***
2026-01-18T23:48:08.3250625Z   ssh-strict: true
2026-01-18T23:48:08.3251013Z   ssh-user: git
2026-01-18T23:48:08.3251416Z   persist-credentials: true
2026-01-18T23:48:08.3251858Z   clean: true
2026-01-18T23:48:08.3252257Z   sparse-checkout-cone-mode: true
2026-01-18T23:48:08.3252740Z   fetch-depth: 1
2026-01-18T23:48:08.3253130Z   fetch-tags: false
2026-01-18T23:48:08.3253532Z   show-progress: true
2026-01-18T23:48:08.3253934Z   lfs: false
2026-01-18T23:48:08.3254294Z   submodules: false
2026-01-18T23:48:08.3254714Z   set-safe-directory: true
2026-01-18T23:48:08.3255439Z ##[endgroup]
2026-01-18T23:48:08.4432821Z Syncing repository: vishvasmca-cmd/build_qa_automation
2026-01-18T23:48:08.4435920Z ##[group]Getting Git version info
2026-01-18T23:48:08.4437415Z Working directory is '/home/runner/work/build_qa_automation/build_qa_automation'
2026-01-18T23:48:08.4439328Z [command]/usr/bin/git version
2026-01-18T23:48:08.4527689Z git version 2.52.0
2026-01-18T23:48:08.4556652Z ##[endgroup]
2026-01-18T23:48:08.4571835Z Temporarily overriding HOME='/home/runner/work/_temp/b3183af0-9551-4646-89cb-97659ac5e5b7' before making global git config changes
2026-01-18T23:48:08.4585744Z Adding repository directory to the temporary git global config as a safe directory
2026-01-18T23:48:08.4587076Z [command]/usr/bin/git config --global --add safe.directory /home/runner/work/build_qa_automation/build_qa_automation
2026-01-18T23:48:08.4630705Z Deleting the contents of '/home/runner/work/build_qa_automation/build_qa_automation'
2026-01-18T23:48:08.4634275Z ##[group]Initializing the repository
2026-01-18T23:48:08.4638819Z [command]/usr/bin/git init /home/runner/work/build_qa_automation/build_qa_automation
2026-01-18T23:48:08.4746374Z hint: Using 'master' as the name for the initial branch. This default branch name
2026-01-18T23:48:08.4748067Z hint: will change to "main" in Git 3.0. To configure the initial branch name
2026-01-18T23:48:08.4749167Z hint: to use in all of your new repositories, which will suppress this warning,
2026-01-18T23:48:08.4750204Z hint: call:
2026-01-18T23:48:08.4750885Z hint:
2026-01-18T23:48:08.4751525Z hint: 	git config --global init.defaultBranch <name>
2026-01-18T23:48:08.4752268Z hint:
2026-01-18T23:48:08.4752963Z hint: Names commonly chosen instead of 'master' are 'main', 'trunk' and
2026-01-18T23:48:08.4754145Z hint: 'development'. The just-created branch can be renamed via this command:
2026-01-18T23:48:08.4755065Z hint:
2026-01-18T23:48:08.4755539Z hint: 	git branch -m <name>
2026-01-18T23:48:08.4756092Z hint:
2026-01-18T23:48:08.4756908Z hint: Disable this message with "git config set advice.defaultBranchName false"
2026-01-18T23:48:08.4758823Z Initialized empty Git repository in /home/runner/work/build_qa_automation/build_qa_automation/.git/
2026-01-18T23:48:08.4765659Z [command]/usr/bin/git remote add origin https://github.com/vishvasmca-cmd/build_qa_automation
2026-01-18T23:48:08.4803911Z ##[endgroup]
2026-01-18T23:48:08.4804663Z ##[group]Disabling automatic garbage collection
2026-01-18T23:48:08.4808475Z [command]/usr/bin/git config --local gc.auto 0
2026-01-18T23:48:08.4841823Z ##[endgroup]
2026-01-18T23:48:08.4843183Z ##[group]Setting up auth
2026-01-18T23:48:08.4849982Z [command]/usr/bin/git config --local --name-only --get-regexp core\.sshCommand
2026-01-18T23:48:08.4883067Z [command]/usr/bin/git submodule foreach --recursive sh -c "git config --local --name-only --get-regexp 'core\.sshCommand' && git config --local --unset-all 'core.sshCommand' || :"
2026-01-18T23:48:08.5281483Z [command]/usr/bin/git config --local --name-only --get-regexp http\.https\:\/\/github\.com\/\.extraheader
2026-01-18T23:48:08.5313932Z [command]/usr/bin/git submodule foreach --recursive sh -c "git config --local --name-only --get-regexp 'http\.https\:\/\/github\.com\/\.extraheader' && git config --local --unset-all 'http.https://github.com/.extraheader' || :"
2026-01-18T23:48:08.5550353Z [command]/usr/bin/git config --local --name-only --get-regexp ^includeIf\.gitdir:
2026-01-18T23:48:08.5584576Z [command]/usr/bin/git submodule foreach --recursive git config --local --show-origin --name-only --get-regexp remote.origin.url
2026-01-18T23:48:08.5828167Z [command]/usr/bin/git config --local http.https://github.com/.extraheader AUTHORIZATION: basic ***
2026-01-18T23:48:08.5867858Z ##[endgroup]
2026-01-18T23:48:08.5869358Z ##[group]Fetching the repository
2026-01-18T23:48:08.5878846Z [command]/usr/bin/git -c protocol.version=2 fetch --no-tags --prune --no-recurse-submodules --depth=1 origin +10179ac5c7473147e4be3845796c28603a0fa5da:refs/remotes/origin/main
2026-01-18T23:48:09.2762843Z From https://github.com/vishvasmca-cmd/build_qa_automation
2026-01-18T23:48:09.2765055Z  * [new ref]         10179ac5c7473147e4be3845796c28603a0fa5da -> origin/main
2026-01-18T23:48:09.2797492Z ##[endgroup]
2026-01-18T23:48:09.2799188Z ##[group]Determining the checkout info
2026-01-18T23:48:09.2801281Z ##[endgroup]
2026-01-18T23:48:09.2804618Z [command]/usr/bin/git sparse-checkout disable
2026-01-18T23:48:09.2846928Z [command]/usr/bin/git config --local --unset-all extensions.worktreeConfig
2026-01-18T23:48:09.2874511Z ##[group]Checking out the ref
2026-01-18T23:48:09.2877917Z [command]/usr/bin/git checkout --progress --force -B main refs/remotes/origin/main
2026-01-18T23:48:09.4051369Z Switched to a new branch 'main'
2026-01-18T23:48:09.4053021Z branch 'main' set up to track 'origin/main'.
2026-01-18T23:48:09.4069526Z ##[endgroup]
2026-01-18T23:48:09.4108831Z [command]/usr/bin/git log -1 --format=%H
2026-01-18T23:48:09.4132672Z 10179ac5c7473147e4be3845796c28603a0fa5da
2026-01-18T23:48:09.5351109Z ##[group]Run actions/setup-python@v5
2026-01-18T23:48:09.5352255Z with:
2026-01-18T23:48:09.5352986Z   python-version: 3.11
2026-01-18T23:48:09.5353836Z   cache: pip
2026-01-18T23:48:09.5354894Z   check-latest: false
2026-01-18T23:48:09.5356118Z   token: ***
2026-01-18T23:48:09.5356884Z   update-environment: true
2026-01-18T23:48:09.5357797Z   allow-prereleases: false
2026-01-18T23:48:09.5358697Z   freethreaded: false
2026-01-18T23:48:09.5359490Z ##[endgroup]
2026-01-18T23:48:09.7121846Z ##[group]Installed versions
2026-01-18T23:48:09.7236655Z Successfully set up CPython (3.11.14)
2026-01-18T23:48:09.7237595Z ##[endgroup]
2026-01-18T23:48:09.8111809Z [command]/opt/hostedtoolcache/Python/3.11.14/x64/bin/pip cache dir
2026-01-18T23:48:10.1738335Z /home/runner/.cache/pip
2026-01-18T23:48:10.2869179Z Cache hit for: setup-python-Linux-x64-24.04-Ubuntu-python-3.11.14-pip-dde08d0e0b672972dcda9f1a063036a2e0c226f5d0a20362e9401931676d80a4
2026-01-18T23:48:11.3242797Z Received 226492416 of 254742636 (88.9%), 215.8 MBs/sec
2026-01-18T23:48:11.4538290Z Received 254742636 of 254742636 (100.0%), 214.8 MBs/sec
2026-01-18T23:48:11.4539841Z Cache Size: ~243 MB (254742636 B)
2026-01-18T23:48:11.4584945Z [command]/usr/bin/tar -xf /home/runner/work/_temp/1f81d282-0e4e-4496-bb6b-16f06bac39bf/cache.tzst -P -C /home/runner/work/build_qa_automation/build_qa_automation --use-compress-program unzstd
2026-01-18T23:48:11.8678855Z Cache restored successfully
2026-01-18T23:48:11.9210724Z Cache restored from key: setup-python-Linux-x64-24.04-Ubuntu-python-3.11.14-pip-dde08d0e0b672972dcda9f1a063036a2e0c226f5d0a20362e9401931676d80a4
2026-01-18T23:48:11.9882650Z ##[group]Run pip install -r requirements.txt
2026-01-18T23:48:11.9883252Z [36;1mpip install -r requirements.txt[0m
2026-01-18T23:48:11.9883743Z [36;1mplaywright install chromium[0m
2026-01-18T23:48:11.9923588Z shell: /usr/bin/bash -e {0}
2026-01-18T23:48:11.9924107Z env:
2026-01-18T23:48:11.9924489Z   pythonLocation: /opt/hostedtoolcache/Python/3.11.14/x64
2026-01-18T23:48:11.9925133Z   PKG_CONFIG_PATH: /opt/hostedtoolcache/Python/3.11.14/x64/lib/pkgconfig
2026-01-18T23:48:11.9925661Z   Python_ROOT_DIR: /opt/hostedtoolcache/Python/3.11.14/x64
2026-01-18T23:48:11.9926178Z   Python2_ROOT_DIR: /opt/hostedtoolcache/Python/3.11.14/x64
2026-01-18T23:48:11.9926716Z   Python3_ROOT_DIR: /opt/hostedtoolcache/Python/3.11.14/x64
2026-01-18T23:48:11.9927224Z   LD_LIBRARY_PATH: /opt/hostedtoolcache/Python/3.11.14/x64/lib
2026-01-18T23:48:11.9927677Z ##[endgroup]
2026-01-18T23:48:12.8521963Z Collecting playwright (from -r requirements.txt (line 1))
2026-01-18T23:48:12.8534317Z   Using cached playwright-1.57.0-py3-none-manylinux1_x86_64.whl.metadata (3.5 kB)
2026-01-18T23:48:12.8808658Z Collecting python-dotenv (from -r requirements.txt (line 2))
2026-01-18T23:48:12.8836068Z   Using cached python_dotenv-1.2.1-py3-none-any.whl.metadata (25 kB)
2026-01-18T23:48:12.9139945Z Collecting requests (from -r requirements.txt (line 3))
2026-01-18T23:48:12.9155815Z   Using cached requests-2.32.5-py3-none-any.whl.metadata (4.9 kB)
2026-01-18T23:48:13.0938278Z Collecting pillow (from -r requirements.txt (line 4))
2026-01-18T23:48:13.0956090Z   Using cached pillow-12.1.0-cp311-cp311-manylinux_2_27_x86_64.manylinux_2_28_x86_64.whl.metadata (8.8 kB)
2026-01-18T23:48:13.1197923Z Collecting google-genai>=0.3.0 (from -r requirements.txt (line 5))
2026-01-18T23:48:13.1220923Z   Using cached google_genai-1.59.0-py3-none-any.whl.metadata (53 kB)
2026-01-18T23:48:13.1381626Z Collecting termcolor (from -r requirements.txt (line 6))
2026-01-18T23:48:13.1397329Z   Using cached termcolor-3.3.0-py3-none-any.whl.metadata (6.5 kB)
2026-01-18T23:48:13.1856640Z Collecting PyYAML (from -r requirements.txt (line 7))
2026-01-18T23:48:13.1872738Z   Using cached pyyaml-6.0.3-cp311-cp311-manylinux2014_x86_64.manylinux_2_17_x86_64.manylinux_2_28_x86_64.whl.metadata (2.4 kB)
2026-01-18T23:48:13.2456504Z Collecting opencv-python-headless (from -r requirements.txt (line 8))
2026-01-18T23:48:13.2473438Z   Using cached opencv_python_headless-4.13.0.90-cp37-abi3-manylinux_2_28_x86_64.whl.metadata (19 kB)
2026-01-18T23:48:13.4450004Z Collecting numpy (from -r requirements.txt (line 9))
2026-01-18T23:48:13.4468002Z   Using cached numpy-2.4.1-cp311-cp311-manylinux_2_27_x86_64.manylinux_2_28_x86_64.whl.metadata (6.6 kB)
2026-01-18T23:48:13.5230825Z Collecting faker (from -r requirements.txt (line 10))
2026-01-18T23:48:13.5246206Z   Using cached faker-40.1.2-py3-none-any.whl.metadata (16 kB)
2026-01-18T23:48:13.5404187Z Collecting pyee<14,>=13 (from playwright->-r requirements.txt (line 1))
2026-01-18T23:48:13.5418455Z   Using cached pyee-13.0.0-py3-none-any.whl.metadata (2.9 kB)
2026-01-18T23:48:13.6781655Z Collecting greenlet<4.0.0,>=3.1.1 (from playwright->-r requirements.txt (line 1))
2026-01-18T23:48:13.6800740Z   Using cached greenlet-3.3.0-cp311-cp311-manylinux_2_24_x86_64.manylinux_2_28_x86_64.whl.metadata (4.1 kB)
2026-01-18T23:48:13.6980857Z Collecting typing-extensions (from pyee<14,>=13->playwright->-r requirements.txt (line 1))
2026-01-18T23:48:13.6996179Z   Using cached typing_extensions-4.15.0-py3-none-any.whl.metadata (3.3 kB)
2026-01-18T23:48:13.7813960Z Collecting charset_normalizer<4,>=2 (from requests->-r requirements.txt (line 3))
2026-01-18T23:48:13.7829971Z   Using cached charset_normalizer-3.4.4-cp311-cp311-manylinux2014_x86_64.manylinux_2_17_x86_64.manylinux_2_28_x86_64.whl.metadata (37 kB)
2026-01-18T23:48:13.7997756Z Collecting idna<4,>=2.5 (from requests->-r requirements.txt (line 3))
2026-01-18T23:48:13.8011455Z   Using cached idna-3.11-py3-none-any.whl.metadata (8.4 kB)
2026-01-18T23:48:13.8291997Z Collecting urllib3<3,>=1.21.1 (from requests->-r requirements.txt (line 3))
2026-01-18T23:48:13.8312351Z   Using cached urllib3-2.6.3-py3-none-any.whl.metadata (6.9 kB)
2026-01-18T23:48:13.8508066Z Collecting certifi>=2017.4.17 (from requests->-r requirements.txt (line 3))
2026-01-18T23:48:13.8523456Z   Using cached certifi-2026.1.4-py3-none-any.whl.metadata (2.5 kB)
2026-01-18T23:48:13.8753011Z Collecting anyio<5.0.0,>=4.8.0 (from google-genai>=0.3.0->-r requirements.txt (line 5))
2026-01-18T23:48:13.8767498Z   Using cached anyio-4.12.1-py3-none-any.whl.metadata (4.3 kB)
2026-01-18T23:48:13.9096948Z Collecting google-auth<3.0.0,>=2.47.0 (from google-auth[requests]<3.0.0,>=2.47.0->google-genai>=0.3.0->-r requirements.txt (line 5))
2026-01-18T23:48:13.9112850Z   Using cached google_auth-2.47.0-py3-none-any.whl.metadata (6.4 kB)
2026-01-18T23:48:13.9389405Z Collecting httpx<1.0.0,>=0.28.1 (from google-genai>=0.3.0->-r requirements.txt (line 5))
2026-01-18T23:48:13.9408547Z   Using cached httpx-0.28.1-py3-none-any.whl.metadata (7.1 kB)
2026-01-18T23:48:14.0866699Z Collecting pydantic<3.0.0,>=2.9.0 (from google-genai>=0.3.0->-r requirements.txt (line 5))
2026-01-18T23:48:14.0882150Z   Using cached pydantic-2.12.5-py3-none-any.whl.metadata (90 kB)
2026-01-18T23:48:14.2014044Z Collecting tenacity<9.2.0,>=8.2.3 (from google-genai>=0.3.0->-r requirements.txt (line 5))
2026-01-18T23:48:14.2028236Z   Using cached tenacity-9.1.2-py3-none-any.whl.metadata (1.2 kB)
2026-01-18T23:48:14.3081026Z Collecting websockets<15.1.0,>=13.0.0 (from google-genai>=0.3.0->-r requirements.txt (line 5))
2026-01-18T23:48:14.3097606Z   Using cached websockets-15.0.1-cp311-cp311-manylinux_2_5_x86_64.manylinux1_x86_64.manylinux_2_17_x86_64.manylinux2014_x86_64.whl.metadata (6.8 kB)
2026-01-18T23:48:14.3536886Z Collecting distro<2,>=1.7.0 (from google-genai>=0.3.0->-r requirements.txt (line 5))
2026-01-18T23:48:14.3550720Z   Using cached distro-1.9.0-py3-none-any.whl.metadata (6.8 kB)
2026-01-18T23:48:14.3691780Z Collecting sniffio (from google-genai>=0.3.0->-r requirements.txt (line 5))
2026-01-18T23:48:14.3705558Z   Using cached sniffio-1.3.1-py3-none-any.whl.metadata (3.9 kB)
2026-01-18T23:48:14.3982741Z Collecting pyasn1-modules>=0.2.1 (from google-auth<3.0.0,>=2.47.0->google-auth[requests]<3.0.0,>=2.47.0->google-genai>=0.3.0->-r requirements.txt (line 5))
2026-01-18T23:48:14.3996869Z   Using cached pyasn1_modules-0.4.2-py3-none-any.whl.metadata (3.5 kB)
2026-01-18T23:48:14.4193492Z Collecting rsa<5,>=3.1.4 (from google-auth<3.0.0,>=2.47.0->google-auth[requests]<3.0.0,>=2.47.0->google-genai>=0.3.0->-r requirements.txt (line 5))
2026-01-18T23:48:14.4207340Z   Using cached rsa-4.9.1-py3-none-any.whl.metadata (5.6 kB)
2026-01-18T23:48:14.4508261Z Collecting httpcore==1.* (from httpx<1.0.0,>=0.28.1->google-genai>=0.3.0->-r requirements.txt (line 5))
2026-01-18T23:48:14.4521993Z   Using cached httpcore-1.0.9-py3-none-any.whl.metadata (21 kB)
2026-01-18T23:48:14.4644699Z Collecting h11>=0.16 (from httpcore==1.*->httpx<1.0.0,>=0.28.1->google-genai>=0.3.0->-r requirements.txt (line 5))
2026-01-18T23:48:14.4657876Z   Using cached h11-0.16.0-py3-none-any.whl.metadata (8.3 kB)
2026-01-18T23:48:14.4786542Z Collecting annotated-types>=0.6.0 (from pydantic<3.0.0,>=2.9.0->google-genai>=0.3.0->-r requirements.txt (line 5))
2026-01-18T23:48:14.4808647Z   Using cached annotated_types-0.7.0-py3-none-any.whl.metadata (15 kB)
2026-01-18T23:48:15.1343011Z Collecting pydantic-core==2.41.5 (from pydantic<3.0.0,>=2.9.0->google-genai>=0.3.0->-r requirements.txt (line 5))
2026-01-18T23:48:15.1357906Z   Using cached pydantic_core-2.41.5-cp311-cp311-manylinux_2_17_x86_64.manylinux2014_x86_64.whl.metadata (7.3 kB)
2026-01-18T23:48:15.1494635Z Collecting typing-inspection>=0.4.2 (from pydantic<3.0.0,>=2.9.0->google-genai>=0.3.0->-r requirements.txt (line 5))
2026-01-18T23:48:15.1507942Z   Using cached typing_inspection-0.4.2-py3-none-any.whl.metadata (2.6 kB)
2026-01-18T23:48:15.2194914Z Collecting pyasn1>=0.1.3 (from rsa<5,>=3.1.4->google-auth<3.0.0,>=2.47.0->google-auth[requests]<3.0.0,>=2.47.0->google-genai>=0.3.0->-r requirements.txt (line 5))
2026-01-18T23:48:15.2209835Z   Using cached pyasn1-0.6.2-py3-none-any.whl.metadata (8.4 kB)
2026-01-18T23:48:15.2504615Z Using cached playwright-1.57.0-py3-none-manylinux1_x86_64.whl (46.0 MB)
2026-01-18T23:48:15.2840698Z Using cached greenlet-3.3.0-cp311-cp311-manylinux_2_24_x86_64.manylinux_2_28_x86_64.whl (590 kB)
2026-01-18T23:48:15.2856175Z Using cached pyee-13.0.0-py3-none-any.whl (15 kB)
2026-01-18T23:48:15.2868833Z Using cached python_dotenv-1.2.1-py3-none-any.whl (21 kB)
2026-01-18T23:48:15.2881443Z Using cached requests-2.32.5-py3-none-any.whl (64 kB)
2026-01-18T23:48:15.2894891Z Using cached charset_normalizer-3.4.4-cp311-cp311-manylinux2014_x86_64.manylinux_2_17_x86_64.manylinux_2_28_x86_64.whl (151 kB)
2026-01-18T23:48:15.2907605Z Using cached idna-3.11-py3-none-any.whl (71 kB)
2026-01-18T23:48:15.2920268Z Using cached urllib3-2.6.3-py3-none-any.whl (131 kB)
2026-01-18T23:48:15.2934027Z Using cached pillow-12.1.0-cp311-cp311-manylinux_2_27_x86_64.manylinux_2_28_x86_64.whl (7.0 MB)
2026-01-18T23:48:15.2996983Z Using cached google_genai-1.59.0-py3-none-any.whl (719 kB)
2026-01-18T23:48:15.3014385Z Using cached anyio-4.12.1-py3-none-any.whl (113 kB)
2026-01-18T23:48:15.3027476Z Using cached distro-1.9.0-py3-none-any.whl (20 kB)
2026-01-18T23:48:15.3039961Z Using cached google_auth-2.47.0-py3-none-any.whl (234 kB)
2026-01-18T23:48:15.3054085Z Using cached httpx-0.28.1-py3-none-any.whl (73 kB)
2026-01-18T23:48:15.3066768Z Using cached httpcore-1.0.9-py3-none-any.whl (78 kB)
2026-01-18T23:48:15.3079534Z Using cached pydantic-2.12.5-py3-none-any.whl (463 kB)
2026-01-18T23:48:15.3095793Z Using cached pydantic_core-2.41.5-cp311-cp311-manylinux_2_17_x86_64.manylinux2014_x86_64.whl (2.1 MB)
2026-01-18T23:48:15.3122172Z Using cached rsa-4.9.1-py3-none-any.whl (34 kB)
2026-01-18T23:48:15.3134585Z Using cached tenacity-9.1.2-py3-none-any.whl (28 kB)
2026-01-18T23:48:15.3147046Z Using cached typing_extensions-4.15.0-py3-none-any.whl (44 kB)
2026-01-18T23:48:15.3160567Z Using cached websockets-15.0.1-cp311-cp311-manylinux_2_5_x86_64.manylinux1_x86_64.manylinux_2_17_x86_64.manylinux2014_x86_64.whl (182 kB)
2026-01-18T23:48:15.3173432Z Using cached termcolor-3.3.0-py3-none-any.whl (7.7 kB)
2026-01-18T23:48:15.3186353Z Using cached pyyaml-6.0.3-cp311-cp311-manylinux2014_x86_64.manylinux_2_17_x86_64.manylinux_2_28_x86_64.whl (806 kB)
2026-01-18T23:48:15.3205102Z Using cached opencv_python_headless-4.13.0.90-cp37-abi3-manylinux_2_28_x86_64.whl (62.5 MB)
2026-01-18T23:48:15.3653550Z Using cached numpy-2.4.1-cp311-cp311-manylinux_2_27_x86_64.manylinux_2_28_x86_64.whl (16.7 MB)
2026-01-18T23:48:15.3784791Z Using cached faker-40.1.2-py3-none-any.whl (2.0 MB)
2026-01-18T23:48:15.3811135Z Using cached annotated_types-0.7.0-py3-none-any.whl (13 kB)
2026-01-18T23:48:15.3823867Z Using cached certifi-2026.1.4-py3-none-any.whl (152 kB)
2026-01-18T23:48:15.3837015Z Using cached h11-0.16.0-py3-none-any.whl (37 kB)
2026-01-18T23:48:15.3849576Z Using cached pyasn1-0.6.2-py3-none-any.whl (83 kB)
2026-01-18T23:48:15.3862903Z Using cached pyasn1_modules-0.4.2-py3-none-any.whl (181 kB)
2026-01-18T23:48:15.3876609Z Using cached typing_inspection-0.4.2-py3-none-any.whl (14 kB)
2026-01-18T23:48:15.3889150Z Using cached sniffio-1.3.1-py3-none-any.whl (10 kB)
2026-01-18T23:48:15.5906933Z Installing collected packages: websockets, urllib3, typing-extensions, termcolor, tenacity, sniffio, PyYAML, python-dotenv, pyasn1, pillow, numpy, idna, h11, greenlet, faker, distro, charset_normalizer, certifi, annotated-types, typing-inspection, rsa, requests, pyee, pydantic-core, pyasn1-modules, opencv-python-headless, httpcore, anyio, pydantic, playwright, httpx, google-auth, google-genai
2026-01-18T23:48:22.3331525Z 
2026-01-18T23:48:22.3354550Z Successfully installed PyYAML-6.0.3 annotated-types-0.7.0 anyio-4.12.1 certifi-2026.1.4 charset_normalizer-3.4.4 distro-1.9.0 faker-40.1.2 google-auth-2.47.0 google-genai-1.59.0 greenlet-3.3.0 h11-0.16.0 httpcore-1.0.9 httpx-0.28.1 idna-3.11 numpy-2.4.1 opencv-python-headless-4.13.0.90 pillow-12.1.0 playwright-1.57.0 pyasn1-0.6.2 pyasn1-modules-0.4.2 pydantic-2.12.5 pydantic-core-2.41.5 pyee-13.0.0 python-dotenv-1.2.1 requests-2.32.5 rsa-4.9.1 sniffio-1.3.1 tenacity-9.1.2 termcolor-3.3.0 typing-extensions-4.15.0 typing-inspection-0.4.2 urllib3-2.6.3 websockets-15.0.1
2026-01-18T23:48:22.9987854Z Downloading Chromium 143.0.7499.4 (playwright build v1200) from https://cdn.playwright.dev/dbazure/download/playwright/builds/chromium/1200/chromium-linux.zip
2026-01-18T23:48:23.0986725Z (node:2204) [DEP0169] DeprecationWarning: `url.parse()` behavior is not standardized and prone to errors that have security implications. Use the WHATWG URL API instead. CVEs are not issued for `url.parse()` vulnerabilities.
2026-01-18T23:48:23.0987975Z (Use `node --trace-deprecation ...` to show where the warning was created)
2026-01-18T23:48:23.1586406Z |                                                                                |   0% of 164.7 MiB
2026-01-18T23:48:23.2660225Z |■■■■■■■■                                                                        |  10% of 164.7 MiB
2026-01-18T23:48:23.3429559Z |■■■■■■■■■■■■■■■■                                                                |  20% of 164.7 MiB
2026-01-18T23:48:23.4206252Z |■■■■■■■■■■■■■■■■■■■■■■■■                                                        |  30% of 164.7 MiB
2026-01-18T23:48:23.4917119Z |■■■■■■■■■■■■■■■■■■■■■■■■■■■■■■■■                                                |  40% of 164.7 MiB
2026-01-18T23:48:23.5541131Z |■■■■■■■■■■■■■■■■■■■■■■■■■■■■■■■■■■■■■■■■                                        |  50% of 164.7 MiB
2026-01-18T23:48:23.6568553Z |■■■■■■■■■■■■■■■■■■■■■■■■■■■■■■■■■■■■■■■■■■■■■■■■                                |  60% of 164.7 MiB
2026-01-18T23:48:23.7458565Z |■■■■■■■■■■■■■■■■■■■■■■■■■■■■■■■■■■■■■■■■■■■■■■■■■■■■■■■■                        |  70% of 164.7 MiB
2026-01-18T23:48:23.8403849Z |■■■■■■■■■■■■■■■■■■■■■■■■■■■■■■■■■■■■■■■■■■■■■■■■■■■■■■■■■■■■■■■■                |  80% of 164.7 MiB
2026-01-18T23:48:23.9235201Z |■■■■■■■■■■■■■■■■■■■■■■■■■■■■■■■■■■■■■■■■■■■■■■■■■■■■■■■■■■■■■■■■■■■■■■■■        |  90% of 164.7 MiB
2026-01-18T23:48:24.0136352Z |■■■■■■■■■■■■■■■■■■■■■■■■■■■■■■■■■■■■■■■■■■■■■■■■■■■■■■■■■■■■■■■■■■■■■■■■■■■■■■■■| 100% of 164.7 MiB
2026-01-18T23:48:26.4843887Z Chromium 143.0.7499.4 (playwright build v1200) downloaded to /home/runner/.cache/ms-playwright/chromium-1200
2026-01-18T23:48:26.4849127Z Downloading FFMPEG playwright build v1011 from https://cdn.playwright.dev/dbazure/download/playwright/builds/ffmpeg/1011/ffmpeg-linux.zip
2026-01-18T23:48:26.5887384Z (node:2215) [DEP0169] DeprecationWarning: `url.parse()` behavior is not standardized and prone to errors that have security implications. Use the WHATWG URL API instead. CVEs are not issued for `url.parse()` vulnerabilities.
2026-01-18T23:48:26.5890186Z (Use `node --trace-deprecation ...` to show where the warning was created)
2026-01-18T23:48:26.6458931Z |                                                                                |   0% of 2.3 MiB
2026-01-18T23:48:26.6568891Z |■■■■■■■■                                                                        |  10% of 2.3 MiB
2026-01-18T23:48:26.6632133Z |■■■■■■■■■■■■■■■■                                                                |  20% of 2.3 MiB
2026-01-18T23:48:26.6740401Z |■■■■■■■■■■■■■■■■■■■■■■■■                                                        |  30% of 2.3 MiB
2026-01-18T23:48:26.6789171Z |■■■■■■■■■■■■■■■■■■■■■■■■■■■■■■■■                                                |  40% of 2.3 MiB
2026-01-18T23:48:26.6827126Z |■■■■■■■■■■■■■■■■■■■■■■■■■■■■■■■■■■■■■■■■                                        |  50% of 2.3 MiB
2026-01-18T23:48:26.6838283Z |■■■■■■■■■■■■■■■■■■■■■■■■■■■■■■■■■■■■■■■■■■■■■■■■                                |  60% of 2.3 MiB
2026-01-18T23:48:26.6852704Z |■■■■■■■■■■■■■■■■■■■■■■■■■■■■■■■■■■■■■■■■■■■■■■■■■■■■■■■■                        |  70% of 2.3 MiB
2026-01-18T23:48:26.6965599Z |■■■■■■■■■■■■■■■■■■■■■■■■■■■■■■■■■■■■■■■■■■■■■■■■■■■■■■■■■■■■■■■■                |  80% of 2.3 MiB
2026-01-18T23:48:26.7016297Z |■■■■■■■■■■■■■■■■■■■■■■■■■■■■■■■■■■■■■■■■■■■■■■■■■■■■■■■■■■■■■■■■■■■■■■■■        |  90% of 2.3 MiB
2026-01-18T23:48:26.7027708Z |■■■■■■■■■■■■■■■■■■■■■■■■■■■■■■■■■■■■■■■■■■■■■■■■■■■■■■■■■■■■■■■■■■■■■■■■■■■■■■■■| 100% of 2.3 MiB
2026-01-18T23:48:26.7634627Z FFMPEG playwright build v1011 downloaded to /home/runner/.cache/ms-playwright/ffmpeg-1011
2026-01-18T23:48:26.7638025Z Downloading Chromium Headless Shell 143.0.7499.4 (playwright build v1200) from https://cdn.playwright.dev/dbazure/download/playwright/builds/chromium/1200/chromium-headless-shell-linux.zip
2026-01-18T23:48:26.8626570Z (node:2226) [DEP0169] DeprecationWarning: `url.parse()` behavior is not standardized and prone to errors that have security implications. Use the WHATWG URL API instead. CVEs are not issued for `url.parse()` vulnerabilities.
2026-01-18T23:48:26.8628548Z (Use `node --trace-deprecation ...` to show where the warning was created)
2026-01-18T23:48:26.9172573Z |                                                                                |   0% of 109.7 MiB
2026-01-18T23:48:27.0193727Z |■■■■■■■■                                                                        |  10% of 109.7 MiB
2026-01-18T23:48:27.0859503Z |■■■■■■■■■■■■■■■■                                                                |  20% of 109.7 MiB
2026-01-18T23:48:27.1309491Z |■■■■■■■■■■■■■■■■■■■■■■■■                                                        |  30% of 109.7 MiB
2026-01-18T23:48:27.1804538Z |■■■■■■■■■■■■■■■■■■■■■■■■■■■■■■■■                                                |  40% of 109.7 MiB
2026-01-18T23:48:27.2407639Z |■■■■■■■■■■■■■■■■■■■■■■■■■■■■■■■■■■■■■■■■                                        |  50% of 109.7 MiB
2026-01-18T23:48:27.2780474Z |■■■■■■■■■■■■■■■■■■■■■■■■■■■■■■■■■■■■■■■■■■■■■■■■                                |  60% of 109.7 MiB
2026-01-18T23:48:27.3265749Z |■■■■■■■■■■■■■■■■■■■■■■■■■■■■■■■■■■■■■■■■■■■■■■■■■■■■■■■■                        |  70% of 109.7 MiB
2026-01-18T23:48:27.3657204Z |■■■■■■■■■■■■■■■■■■■■■■■■■■■■■■■■■■■■■■■■■■■■■■■■■■■■■■■■■■■■■■■■                |  80% of 109.7 MiB
2026-01-18T23:48:27.4159860Z |■■■■■■■■■■■■■■■■■■■■■■■■■■■■■■■■■■■■■■■■■■■■■■■■■■■■■■■■■■■■■■■■■■■■■■■■        |  90% of 109.7 MiB
2026-01-18T23:48:27.4758244Z |■■■■■■■■■■■■■■■■■■■■■■■■■■■■■■■■■■■■■■■■■■■■■■■■■■■■■■■■■■■■■■■■■■■■■■■■■■■■■■■■| 100% of 109.7 MiB
2026-01-18T23:48:29.2530885Z Chromium Headless Shell 143.0.7499.4 (playwright build v1200) downloaded to /home/runner/.cache/ms-playwright/chromium_headless_shell-1200
2026-01-18T23:48:29.2858643Z ##[group]Run mkdir -p projects/ci_saucedemo_locked
2026-01-18T23:48:29.2859087Z [36;1mmkdir -p projects/ci_saucedemo_locked[0m
2026-01-18T23:48:29.2859509Z [36;1mcat > projects/ci_saucedemo_locked/config.json << 'EOF'[0m
2026-01-18T23:48:29.2860051Z [36;1m{[0m
2026-01-18T23:48:29.2860264Z [36;1m  "project_name": "ci_saucedemo_locked",[0m
2026-01-18T23:48:29.2860614Z [36;1m  "target_url": "https://www.saucedemo.com/",[0m
2026-01-18T23:48:29.2860957Z [36;1m  "goal": "Test locked user scenarios",[0m
2026-01-18T23:48:29.2861229Z [36;1m  "headless": true[0m
2026-01-18T23:48:29.2861446Z [36;1m}[0m
2026-01-18T23:48:29.2861610Z [36;1mEOF[0m
2026-01-18T23:48:29.2895215Z shell: /usr/bin/bash -e {0}
2026-01-18T23:48:29.2895451Z env:
2026-01-18T23:48:29.2895712Z   pythonLocation: /opt/hostedtoolcache/Python/3.11.14/x64
2026-01-18T23:48:29.2896172Z   PKG_CONFIG_PATH: /opt/hostedtoolcache/Python/3.11.14/x64/lib/pkgconfig
2026-01-18T23:48:29.2896634Z   Python_ROOT_DIR: /opt/hostedtoolcache/Python/3.11.14/x64
2026-01-18T23:48:29.2897024Z   Python2_ROOT_DIR: /opt/hostedtoolcache/Python/3.11.14/x64
2026-01-18T23:48:29.2897414Z   Python3_ROOT_DIR: /opt/hostedtoolcache/Python/3.11.14/x64
2026-01-18T23:48:29.2897803Z   LD_LIBRARY_PATH: /opt/hostedtoolcache/Python/3.11.14/x64/lib
2026-01-18T23:48:29.2898121Z ##[endgroup]
2026-01-18T23:48:29.3068919Z ##[group]Run # Use --deep for comprehensive regression suite
2026-01-18T23:48:29.3069388Z [36;1m# Use --deep for comprehensive regression suite[0m
2026-01-18T23:48:29.3070159Z [36;1mpython orchestrator.py --project projects/ci_saucedemo_locked --deep --force[0m
2026-01-18T23:48:29.3101463Z shell: /usr/bin/bash -e {0}
2026-01-18T23:48:29.3101695Z env:
2026-01-18T23:48:29.3101946Z   pythonLocation: /opt/hostedtoolcache/Python/3.11.14/x64
2026-01-18T23:48:29.3102388Z   PKG_CONFIG_PATH: /opt/hostedtoolcache/Python/3.11.14/x64/lib/pkgconfig
2026-01-18T23:48:29.3102813Z   Python_ROOT_DIR: /opt/hostedtoolcache/Python/3.11.14/x64
2026-01-18T23:48:29.3103199Z   Python2_ROOT_DIR: /opt/hostedtoolcache/Python/3.11.14/x64
2026-01-18T23:48:29.3103578Z   Python3_ROOT_DIR: /opt/hostedtoolcache/Python/3.11.14/x64
2026-01-18T23:48:29.3104138Z   LD_LIBRARY_PATH: /opt/hostedtoolcache/Python/3.11.14/x64/lib
2026-01-18T23:48:29.3104662Z   GOOGLE_API_KEY: ***
2026-01-18T23:48:29.3104901Z   PYTHONPATH: .
2026-01-18T23:48:29.3105091Z ##[endgroup]
2026-01-18T23:48:31.0590917Z 🚀 [DEEP] Extensive mapping enabled (Depth: 3, Pages: 50)
2026-01-18T23:48:31.0591382Z 
2026-01-18T23:48:31.0591895Z 🗺️ [DISCOVERY] Starting Parallel Semantic Crawl on https://www.saucedemo.com/ (Workers: 3)
2026-01-18T23:48:31.5090537Z   🔍 [Worker 0] Visiting (0): https://www.saucedemo.com/
2026-01-18T23:48:31.7678168Z [CACHE HIT] 474f9e14... (hits: 1, misses: 0)
2026-01-18T23:48:31.7679014Z ✅ Discovery Complete. Mapped 1 pages.
2026-01-18T23:48:37.1100825Z 
2026-01-18T23:48:37.1101577Z [PLAN] PLANNER: Planning goal -> 'Test locked user scenarios' (Deep Mode: True)
2026-01-18T23:48:37.1102683Z 🗺️ [PLAN] Loaded Sitemap with 1 pages.
2026-01-18T23:48:37.1104287Z 🎭 [EXPERT] Detected Domain: GENERAL. Persona: Act as Senior SDET focusing on exploring the application to understand functional flow and identifying critical paths for end-to-end automation
2026-01-18T23:48:37.1105421Z [DEBUG] Sending request to gemini-2.0-flash. Number of parts: 1
2026-01-18T23:48:37.1105855Z [DEBUG] Received response (Length: 3351)
2026-01-18T23:48:37.1106269Z ✅ Planner generated 3 scenarios. Workflow updated.
2026-01-18T23:48:38.2362411Z 
2026-01-18T23:48:38.2363533Z 🕵️ [DEEP EXPLORER] Starting Multi-Scenario Exploration
2026-01-18T23:48:38.2370729Z 📋 Found 3 scenarios to explore.
2026-01-18T23:48:38.6207546Z 
2026-01-18T23:48:38.6209366Z [1/3] Exploring Scenario: Locked Out User Login Attempt
2026-01-18T23:48:38.6212343Z     🧠 Initialized exploration context for goal: 'Test locked user scenarios'
2026-01-18T23:48:38.6213145Z   ▶️ [STEP step_1] NAVIGATE: 
2026-01-18T23:48:39.2975094Z     ✅ Navigated to https://www.saucedemo.com/
2026-01-18T23:48:39.2976028Z   ▶️ [STEP step_2] FILL: Username
2026-01-18T23:48:39.3162389Z     🔍 Mining locators for: 'Username'
2026-01-18T23:48:39.3880822Z     ✅ Found 5 verified locators
2026-01-18T23:48:45.3256292Z     ✅ State transitioned.
2026-01-18T23:48:46.8154120Z [DEBUG] Sending request to gemini-2.0-flash. Number of parts: 2
2026-01-18T23:48:46.8155048Z [DEBUG] Received response (Length: 229)
2026-01-18T23:48:46.8156026Z     🤖 AI Next Step Suggestion: fill -> Password
2026-01-18T23:48:46.8156821Z     🧩 Suggested Locator: #password
2026-01-18T23:48:46.8158362Z     💭 Reasoning: The username has been filled. Now, fill the password field with the correct password to proceed with the login.
2026-01-18T23:48:46.8160197Z     ➕ Injected AI step: fill -> Password
2026-01-18T23:48:46.8160971Z   ▶️ [STEP step_2_ai_1] FILL: Password
2026-01-18T23:48:46.8218344Z     🎯 Using AI-provided locator: #password
2026-01-18T23:48:46.8276130Z     ✅ Found 1 verified locators
2026-01-18T23:48:53.1367351Z     ✅ State transitioned.
2026-01-18T23:48:54.6476821Z [DEBUG] Sending request to gemini-2.0-flash. Number of parts: 2
2026-01-18T23:48:54.6477691Z [DEBUG] Received response (Length: 194)
2026-01-18T23:48:54.6478755Z     🤖 AI Next Step Suggestion: click -> login-button
2026-01-18T23:48:54.6483308Z     🧩 Suggested Locator: input[id='login-button']
2026-01-18T23:48:54.6484938Z     💭 Reasoning: Now that username and password are filled, click the login button to attempt login.
2026-01-18T23:48:54.6486074Z     ➕ Injected AI step: click -> login-button
2026-01-18T23:48:54.6486720Z   ▶️ [STEP step_2_ai_2] CLICK: login-button
2026-01-18T23:48:54.6574501Z     🎯 Using AI-provided locator: input[id='login-button']
2026-01-18T23:48:54.6655370Z     ✅ Found 1 verified locators
2026-01-18T23:48:58.7247798Z     ✅ State transitioned.
2026-01-18T23:49:00.2286939Z [DEBUG] Sending request to gemini-2.0-flash. Number of parts: 2
2026-01-18T23:49:00.2287724Z [DEBUG] Received response (Length: 180)
2026-01-18T23:49:00.2288599Z     🤖 AI Next Step Suggestion: done -> N/A
2026-01-18T23:49:00.2290288Z     💭 Reasoning: The user is locked, and there are no options to unlock the user from this page. The goal is achieved by verifying the locked user scenario.
2026-01-18T23:49:00.2291531Z   ▶️ [STEP step_3] FILL: Password
2026-01-18T23:49:00.2344599Z     🔍 Mining locators for: 'Password'
2026-01-18T23:49:00.2965640Z     ✅ Found 5 verified locators
2026-01-18T23:49:05.8467908Z     ✅ State transitioned.
2026-01-18T23:49:07.0050836Z [DEBUG] Sending request to gemini-2.0-flash. Number of parts: 2
2026-01-18T23:49:07.0051532Z [DEBUG] Received response (Length: 241)
2026-01-18T23:49:07.0052319Z     🤖 AI Next Step Suggestion: done -> N/A
2026-01-18T23:49:07.0054101Z     💭 Reasoning: The page indicates that the user is locked out. There are no further actions to take on this page to achieve the goal of testing locked user scenarios. The test has confirmed the locked user scenario.
2026-01-18T23:49:07.0055139Z   ▶️ [STEP step_4] CLICK: Login
2026-01-18T23:49:07.0134567Z     🔍 Mining locators for: 'Login'
2026-01-18T23:49:07.0589911Z     🧠 Consulting AI (Vision-First) to find 'Login'...
2026-01-18T23:49:07.0591565Z     🧠 [EXPERT] Strategy: Act as Senior SDET focusing on exploring the application to understand functional flow and identifying critical paths for end-to-end automation.
2026-01-18T23:49:12.9068575Z [DEBUG] Sending request to gemini-2.0-flash. Number of parts: 2
2026-01-18T23:49:12.9069321Z [DEBUG] Received response (Length: 458)
2026-01-18T23:49:12.9070334Z     ⚠️ Critical step failure: 'priority'
2026-01-18T23:49:12.9071182Z   ▶️ [STEP step_5] ASSERT_VISIBLE: Epic sadface: Sorry, this user has been locked out.
2026-01-18T23:49:12.9117401Z     🔍 Mining locators for: 'Epic sadface: Sorry, this user has been locked out.'
2026-01-18T23:49:12.9451615Z     ✅ Found 1 verified locators
2026-01-18T23:49:15.4777643Z     ✅ State transitioned.
2026-01-18T23:49:15.4825210Z     🔄 Revisited state detected (count: 1)
2026-01-18T23:49:17.1322511Z [DEBUG] Sending request to gemini-2.0-flash. Number of parts: 2
2026-01-18T23:49:17.1323059Z [DEBUG] Received response (Length: 248)
2026-01-18T23:49:17.1323676Z     🤖 AI Next Step Suggestion: done -> N/A
2026-01-18T23:49:17.1324950Z     💭 Reasoning: The goal is to test locked user scenarios, and the application is already displaying the message indicating that the user is locked out. There are no further actions to take on this page to achieve the goal.
2026-01-18T23:49:19.1693307Z 
2026-01-18T23:49:19.1694086Z [2/3] Exploring Scenario: Standard User Login and Logout
2026-01-18T23:49:19.1701229Z     🧠 Initialized exploration context for goal: 'Test locked user scenarios'
2026-01-18T23:49:19.1701726Z   ▶️ [STEP step_1] NAVIGATE: 
2026-01-18T23:49:19.8552898Z     ✅ Navigated to https://www.saucedemo.com/
2026-01-18T23:49:19.8553823Z   ▶️ [STEP step_2] FILL: Username
2026-01-18T23:49:19.8721111Z     🔍 Mining locators for: 'Username'
2026-01-18T23:49:19.9321607Z     ✅ Found 5 verified locators
2026-01-18T23:49:26.0131457Z     ✅ State transitioned.
2026-01-18T23:49:27.6214155Z [DEBUG] Sending request to gemini-2.0-flash. Number of parts: 2
2026-01-18T23:49:27.6214981Z [DEBUG] Received response (Length: 219)
2026-01-18T23:49:27.6215823Z     🤖 AI Next Step Suggestion: fill -> Password
2026-01-18T23:49:27.6216753Z     🧩 Suggested Locator: #password
2026-01-18T23:49:27.6217976Z     💭 Reasoning: Need to fill the password field to attempt login. The password for all users is provided on the page.
2026-01-18T23:49:27.6219022Z     ➕ Injected AI step: fill -> Password
2026-01-18T23:49:27.6219586Z   ▶️ [STEP step_2_ai_1] FILL: Password
2026-01-18T23:49:27.6272429Z     🎯 Using AI-provided locator: #password
2026-01-18T23:49:27.6331323Z     ✅ Found 1 verified locators
2026-01-18T23:49:33.3360981Z     ✅ State transitioned.
2026-01-18T23:49:34.7996752Z [DEBUG] Sending request to gemini-2.0-flash. Number of parts: 2
2026-01-18T23:49:34.7997445Z [DEBUG] Received response (Length: 194)
2026-01-18T23:49:34.7998347Z     🤖 AI Next Step Suggestion: click -> login-button
2026-01-18T23:49:34.7999037Z     🧩 Suggested Locator: input[id='login-button']
2026-01-18T23:49:34.8000249Z     💭 Reasoning: Now that username and password are filled, click the login button to attempt login.
2026-01-18T23:49:34.8000890Z     ➕ Injected AI step: click -> login-button
2026-01-18T23:49:34.8001310Z   ▶️ [STEP step_2_ai_2] CLICK: login-button
2026-01-18T23:49:34.8050581Z     🎯 Using AI-provided locator: input[id='login-button']
2026-01-18T23:49:34.8106292Z     ✅ Found 1 verified locators
2026-01-18T23:49:38.8822250Z     ✅ State transitioned.
2026-01-18T23:49:40.5022100Z [DEBUG] Sending request to gemini-2.0-flash. Number of parts: 2
2026-01-18T23:49:40.5022931Z [DEBUG] Received response (Length: 182)
2026-01-18T23:49:40.5023866Z     🤖 AI Next Step Suggestion: done -> N/A
2026-01-18T23:49:40.5025547Z     💭 Reasoning: The locked user is already logged in and on the inventory page. There is nothing more to do to test the locked user scenario from this point.
2026-01-18T23:49:40.5026527Z   ▶️ [STEP step_3] FILL: Password
2026-01-18T23:49:40.5081686Z     🔍 Mining locators for: 'Password'
2026-01-18T23:49:40.5437224Z     🧠 Consulting AI (Vision-First) to find 'Password'...
2026-01-18T23:49:40.5438585Z     🧠 [EXPERT] Strategy: Act as Senior SDET focusing on exploring the application to understand functional flow and identifying critical paths for end-to-end automation.
2026-01-18T23:49:45.4307526Z [DEBUG] Sending request to gemini-2.0-flash. Number of parts: 2
2026-01-18T23:49:45.4308314Z [DEBUG] Received response (Length: 292)
2026-01-18T23:49:45.4310950Z     💡 Expert Suggestion: The 'Password' field is likely located in the user profile or settings, which might be accessible through the 'Products' or a similar navigation option.
2026-01-18T23:49:45.4312732Z     🛠️ Executing corrective action: click -> 'Products'
2026-01-18T23:49:45.9863445Z     ✅ Executed corrective navigation
2026-01-18T23:49:47.9886206Z     🔄 Retry 1/3 mining locators for 'Password'...
2026-01-18T23:49:49.0268472Z     🧠 Consulting AI (Vision-First) to find 'Password'...
2026-01-18T23:49:49.0270216Z     🧠 [EXPERT] Strategy: Act as Senior SDET focusing on exploring the application to understand functional flow and identifying critical paths for end-to-end automation.
2026-01-18T23:49:49.0276014Z [CACHE HIT] 5c35f49d... (hits: 1, misses: 10)
2026-01-18T23:49:49.0276494Z     ⚠️ Skipping duplicate injection: Products
2026-01-18T23:49:49.0276882Z     🔄 Retry 2/3 mining locators for 'Password'...
2026-01-18T23:49:50.0290334Z     🗑️ Invalidating stale AI cache (retry 2)...
2026-01-18T23:49:50.0291531Z     ⚠️ Cache invalidation warning: No module named 'core.agents.domain_expert'
2026-01-18T23:49:50.0662682Z     🧠 Consulting AI (Vision-First) to find 'Password'...
2026-01-18T23:49:50.0664155Z     🧠 [EXPERT] Strategy: Act as Senior SDET focusing on exploring the application to understand functional flow and identifying critical paths for end-to-end automation.
2026-01-18T23:49:50.0670014Z [CACHE HIT] 5c35f49d... (hits: 2, misses: 10)
2026-01-18T23:49:50.0670454Z     ⚠️ Skipping duplicate injection: Products
2026-01-18T23:49:50.0671601Z     🧠 Verifying step validity for 'Password' after no candidates found...
2026-01-18T23:49:51.2417737Z [DEBUG] Sending request to gemini-2.0-flash. Number of parts: 2
2026-01-18T23:49:51.2418580Z [DEBUG] Received response (Length: 249)
2026-01-18T23:49:51.2420301Z     🗑️ Step deemed INVALID: The current page (inventory.html) displays a list of products. The element 'Password' is not present on this page. It is likely that the intended interaction target was on the login page.. Removing from workflow.
2026-01-18T23:49:51.2421425Z     ⏭️ Skipping execution of invalid step: Password
2026-01-18T23:49:51.2421765Z   ▶️ [STEP step_4] CLICK: Login
2026-01-18T23:49:51.2477458Z     🔍 Mining locators for: 'Login'
2026-01-18T23:49:51.2829545Z     🧠 Consulting AI (Vision-First) to find 'Login'...
2026-01-18T23:49:51.2831134Z     🧠 [EXPERT] Strategy: Act as Senior SDET focusing on exploring the application to understand functional flow and identifying critical paths for end-to-end automation.
2026-01-18T23:49:56.4248209Z [DEBUG] Sending request to gemini-2.0-flash. Number of parts: 2
2026-01-18T23:49:56.4249092Z [DEBUG] Received response (Length: 299)
2026-01-18T23:49:56.4251821Z     💡 Expert Suggestion: The login functionality is typically found within the user account or settings section, which is often accessible through a menu button.
2026-01-18T23:49:56.4254141Z     🛠️ Executing corrective action: click -> 'the menu button on the top left'
2026-01-18T23:49:56.4668870Z     🔄 Retry 1/3 mining locators for 'Login'...
2026-01-18T23:49:57.5084340Z     🧠 Consulting AI (Vision-First) to find 'Login'...
2026-01-18T23:49:57.5085502Z     🧠 [EXPERT] Strategy: Act as Senior SDET focusing on exploring the application to understand functional flow and identifying critical paths for end-to-end automation.
2026-01-18T23:49:57.5090057Z [CACHE HIT] 708ddf2c... (hits: 3, misses: 12)
2026-01-18T23:49:57.5090825Z     ⚠️ Skipping duplicate injection: the menu button on the top left
2026-01-18T23:49:57.5091646Z     🔄 Retry 2/3 mining locators for 'Login'...
2026-01-18T23:49:58.5104274Z     🗑️ Invalidating stale AI cache (retry 2)...
2026-01-18T23:49:58.5105739Z     ⚠️ Cache invalidation warning: No module named 'core.agents.domain_expert'
2026-01-18T23:49:58.5500101Z     🧠 Consulting AI (Vision-First) to find 'Login'...
2026-01-18T23:49:58.5501358Z     🧠 [EXPERT] Strategy: Act as Senior SDET focusing on exploring the application to understand functional flow and identifying critical paths for end-to-end automation.
2026-01-18T23:49:58.5505566Z [CACHE HIT] 708ddf2c... (hits: 4, misses: 12)
2026-01-18T23:49:58.5506127Z     ⚠️ Skipping duplicate injection: the menu button on the top left
2026-01-18T23:49:58.5507021Z     🧠 Verifying step validity for 'Login' after no candidates found...
2026-01-18T23:50:01.4006356Z [DEBUG] Sending request to gemini-2.0-flash. Number of parts: 2
2026-01-18T23:50:01.4006887Z [DEBUG] Received response (Length: 260)
2026-01-18T23:50:01.4008471Z     🗑️ Step deemed INVALID: The current page is the inventory page, which displays the list of products. The 'Login' button is only present on the login page. Therefore, it is not logical to interact with 'Login' on this page.. Removing from workflow.
2026-01-18T23:50:01.4014106Z     ⏭️ Skipping execution of invalid step: Login
2026-01-18T23:50:01.4014828Z   ▶️ [STEP step_5] ASSERT_URL: 
2026-01-18T23:50:06.4256734Z     ⚠️ Scroll into view failed for text=None. Proceeding anyway.
2026-01-18T23:50:08.4280008Z     ✅ State transitioned.
2026-01-18T23:50:10.0342936Z [DEBUG] Sending request to gemini-2.0-flash. Number of parts: 2
2026-01-18T23:50:10.0343660Z [DEBUG] Received response (Length: 214)
2026-01-18T23:50:10.0344422Z     🤖 AI Next Step Suggestion: done -> N/A
2026-01-18T23:50:10.0345951Z     💭 Reasoning: The user is already logged in and on the inventory page. The goal was to test locked user scenarios, which is not achievable from this page. Therefore, the task is complete.
2026-01-18T23:50:10.0346791Z   ▶️ [STEP step_6] CLICK: Open Menu
2026-01-18T23:50:10.0399072Z     🔍 Mining locators for: 'Open Menu'
2026-01-18T23:50:10.0898517Z     ✅ Found 3 verified locators
2026-01-18T23:50:13.6454403Z     ✅ State transitioned.
2026-01-18T23:50:15.2101573Z [DEBUG] Sending request to gemini-2.0-flash. Number of parts: 2
2026-01-18T23:50:15.2102201Z [DEBUG] Received response (Length: 242)
2026-01-18T23:50:15.2102776Z     🤖 AI Next Step Suggestion: click -> Logout
2026-01-18T23:50:15.2105279Z     🧩 Suggested Locator: a[id='logout_sidebar_link']
2026-01-18T23:50:15.2106465Z     💭 Reasoning: The goal is to test locked user scenarios. After logging in, the next step is to log out to prepare for testing locked user scenarios.
2026-01-18T23:50:15.2107552Z     ➕ Injected AI step: click -> Logout
2026-01-18T23:50:15.2108049Z   ▶️ [STEP step_6_ai_1] CLICK: Logout
2026-01-18T23:50:15.2160122Z     🎯 Using AI-provided locator: a[id='logout_sidebar_link']
2026-01-18T23:50:15.2218620Z     ✅ Found 1 verified locators
2026-01-18T23:50:19.2785712Z     ✅ State transitioned.
2026-01-18T23:50:20.6382969Z [DEBUG] Sending request to gemini-2.0-flash. Number of parts: 2
2026-01-18T23:50:20.6383738Z [DEBUG] Received response (Length: 214)
2026-01-18T23:50:20.6384643Z     🤖 AI Next Step Suggestion: fill -> Username
2026-01-18T23:50:20.6385365Z     🧩 Suggested Locator: #user-name
2026-01-18T23:50:20.6386586Z     💭 Reasoning: To test the locked user scenario, we need to fill the username field with 'locked_out_user'.
2026-01-18T23:50:20.6387772Z     ➕ Injected AI step: fill -> Username
2026-01-18T23:50:20.6388438Z   ▶️ [STEP step_6_ai_2] FILL: Username
2026-01-18T23:50:20.6444581Z     🎯 Using AI-provided locator: #user-name
2026-01-18T23:50:20.6498678Z     ✅ Found 1 verified locators
2026-01-18T23:50:26.7573754Z     ✅ State transitioned.
2026-01-18T23:50:28.2371248Z [DEBUG] Sending request to gemini-2.0-flash. Number of parts: 2
2026-01-18T23:50:28.2372161Z [DEBUG] Received response (Length: 224)
2026-01-18T23:50:28.2373192Z     🤖 AI Next Step Suggestion: fill -> Password
2026-01-18T23:50:28.2374032Z     🧩 Suggested Locator: #password
2026-01-18T23:50:28.2375532Z     💭 Reasoning: The username is already filled. Now filling the password field with the correct password to attempt login.
2026-01-18T23:50:28.2376912Z     ➕ Injected AI step: fill -> Password
2026-01-18T23:50:28.2377598Z   ▶️ [STEP step_6_ai_3] FILL: Password
2026-01-18T23:50:28.2430143Z     🎯 Using AI-provided locator: #password
2026-01-18T23:50:28.2483118Z     ✅ Found 1 verified locators
2026-01-18T23:50:34.5368904Z     ✅ State transitioned.
2026-01-18T23:50:35.7586893Z [DEBUG] Sending request to gemini-2.0-flash. Number of parts: 2
2026-01-18T23:50:35.7587571Z [DEBUG] Received response (Length: 246)
2026-01-18T23:50:35.7588400Z     🤖 AI Next Step Suggestion: click -> login-button
2026-01-18T23:50:35.7588935Z     🧩 Suggested Locator: input[id='login-button']
2026-01-18T23:50:35.7589855Z     💭 Reasoning: Now that the username and password have been entered, the next step is to click the login button to attempt to log in.
2026-01-18T23:50:35.7590629Z     ➕ Injected AI step: click -> login-button
2026-01-18T23:50:35.7590980Z   ▶️ [STEP step_6_ai_4] CLICK: login-button
2026-01-18T23:50:35.7644390Z     🎯 Using AI-provided locator: input[id='login-button']
2026-01-18T23:50:35.7697649Z     ✅ Found 1 verified locators
2026-01-18T23:50:39.8151989Z     ✅ State transitioned.
2026-01-18T23:50:41.1607111Z [DEBUG] Sending request to gemini-2.0-flash. Number of parts: 2
2026-01-18T23:50:41.1607826Z [DEBUG] Received response (Length: 283)
2026-01-18T23:50:41.1608646Z     🤖 AI Next Step Suggestion: done -> N/A
2026-01-18T23:50:41.1610807Z     💭 Reasoning: The user is locked, and the page indicates this with the message 'Epic sadface: Sorry, this user has been locked out.' There are no actions available to unlock the user from this page. The goal to test locked user scenarios has been achieved.
2026-01-18T23:50:41.1612121Z   ▶️ [STEP step_7] CLICK: Logout
2026-01-18T23:50:41.1662256Z     🔍 Mining locators for: 'Logout'
2026-01-18T23:50:41.2044900Z     🧠 Consulting AI (Vision-First) to find 'Logout'...
2026-01-18T23:50:41.2047012Z     🧠 [EXPERT] Strategy: Act as Senior SDET focusing on exploring the application to understand functional flow and identifying critical paths for end-to-end automation.
2026-01-18T23:50:46.1232316Z [DEBUG] Sending request to gemini-2.0-flash. Number of parts: 2
2026-01-18T23:50:46.1233021Z [DEBUG] Received response (Length: 193)
2026-01-18T23:50:46.1233833Z     💡 Expert Suggestion: After logging in, the logout button should be available.
2026-01-18T23:50:46.1234497Z     🛠️ Executing corrective action: click -> 'Login'
2026-01-18T23:50:46.1716997Z     🔄 Retry 1/3 mining locators for 'Logout'...
2026-01-18T23:50:47.2049218Z     🧠 Consulting AI (Vision-First) to find 'Logout'...
2026-01-18T23:50:47.2050660Z     🧠 [EXPERT] Strategy: Act as Senior SDET focusing on exploring the application to understand functional flow and identifying critical paths for end-to-end automation.
2026-01-18T23:50:47.2054463Z [CACHE HIT] d2cb08cd... (hits: 5, misses: 20)
2026-01-18T23:50:47.2055016Z     ⚠️ Skipping duplicate injection: Login
2026-01-18T23:50:47.2055375Z     🔄 Retry 2/3 mining locators for 'Logout'...
2026-01-18T23:50:48.2068200Z     🗑️ Invalidating stale AI cache (retry 2)...
2026-01-18T23:50:48.2070378Z     ⚠️ Cache invalidation warning: No module named 'core.agents.domain_expert'
2026-01-18T23:50:48.2376859Z     🧠 Consulting AI (Vision-First) to find 'Logout'...
2026-01-18T23:50:48.2378507Z     🧠 [EXPERT] Strategy: Act as Senior SDET focusing on exploring the application to understand functional flow and identifying critical paths for end-to-end automation.
2026-01-18T23:50:48.2382441Z [CACHE HIT] d2cb08cd... (hits: 6, misses: 20)
2026-01-18T23:50:48.2383083Z     ⚠️ Skipping duplicate injection: Login
2026-01-18T23:50:48.2383632Z     🧠 Verifying step validity for 'Logout' after no candidates found...
2026-01-18T23:50:51.1857130Z [DEBUG] Sending request to gemini-2.0-flash. Number of parts: 2
2026-01-18T23:50:51.1857913Z [DEBUG] Received response (Length: 274)
2026-01-18T23:50:51.1860125Z     🗑️ Step deemed INVALID: The current page is the login page, and the user is locked out. The 'Logout' option is only available after a successful login. Therefore, attempting to locate and interact with 'Logout' at this stage is invalid.. Removing from workflow.
2026-01-18T23:50:51.1861666Z     ⏭️ Skipping execution of invalid step: Logout
2026-01-18T23:50:51.1862096Z   ▶️ [STEP step_8] ASSERT_URL: 
2026-01-18T23:50:56.2014024Z     ⚠️ Scroll into view failed for text=None. Proceeding anyway.
2026-01-18T23:50:58.2036616Z     ✅ State transitioned.
2026-01-18T23:50:59.6717341Z [DEBUG] Sending request to gemini-2.0-flash. Number of parts: 2
2026-01-18T23:50:59.6718018Z [DEBUG] Received response (Length: 335)
2026-01-18T23:50:59.6718954Z     🤖 AI Next Step Suggestion: click -> login-button
2026-01-18T23:50:59.6719496Z     🧩 Suggested Locator: #login-button
2026-01-18T23:50:59.6721186Z     💭 Reasoning: The page shows the locked out message. To re-test the locked user scenario, we need to attempt to login again after logging out. Clicking the login button will attempt to log in with the previously entered credentials.
2026-01-18T23:50:59.6722747Z ⚠️ Loop detected: same AI suggestion repeated 2 times. Moving to next step.
2026-01-18T23:51:01.7070521Z 
2026-01-18T23:51:01.7071679Z [3/3] Exploring Scenario: Problem User Login and Inventory Check
2026-01-18T23:51:01.7089333Z     🧠 Initialized exploration context for goal: 'Test locked user scenarios'
2026-01-18T23:51:01.7090448Z   ▶️ [STEP step_1] NAVIGATE: 
2026-01-18T23:51:02.3708970Z     ✅ Navigated to https://www.saucedemo.com/
2026-01-18T23:51:02.3709490Z   ▶️ [STEP step_2] FILL: Username
2026-01-18T23:51:02.3875503Z     🔍 Mining locators for: 'Username'
2026-01-18T23:51:02.4445201Z     ✅ Found 5 verified locators
2026-01-18T23:51:08.1787632Z     ✅ State transitioned.
2026-01-18T23:51:09.6446097Z [DEBUG] Sending request to gemini-2.0-flash. Number of parts: 2
2026-01-18T23:51:09.6447218Z [DEBUG] Received response (Length: 219)
2026-01-18T23:51:09.6447907Z     🤖 AI Next Step Suggestion: fill -> Password
2026-01-18T23:51:09.6448364Z     🧩 Suggested Locator: #password
2026-01-18T23:51:09.6449440Z     💭 Reasoning: Need to fill the password field to attempt login. The password for all users is provided on the page.
2026-01-18T23:51:09.6450491Z     ➕ Injected AI step: fill -> Password
2026-01-18T23:51:09.6450908Z   ▶️ [STEP step_2_ai_1] FILL: Password
2026-01-18T23:51:09.6500325Z     🎯 Using AI-provided locator: #password
2026-01-18T23:51:09.6554384Z     ✅ Found 1 verified locators
2026-01-18T23:51:16.3910983Z     ✅ State transitioned.
2026-01-18T23:51:17.8402455Z [DEBUG] Sending request to gemini-2.0-flash. Number of parts: 2
2026-01-18T23:51:17.8403352Z [DEBUG] Received response (Length: 229)
2026-01-18T23:51:17.8404384Z     🤖 AI Next Step Suggestion: click -> login-button
2026-01-18T23:51:17.8405158Z     🧩 Suggested Locator: input[id='login-button']
2026-01-18T23:51:17.8406231Z     💭 Reasoning: Now that the username and password fields are filled, the next step is to click the login button to attempt to log in.
2026-01-18T23:51:17.8407102Z     ➕ Injected AI step: click -> login-button
2026-01-18T23:51:17.8407546Z   ▶️ [STEP step_2_ai_2] CLICK: login-button
2026-01-18T23:51:17.8468127Z     🎯 Using AI-provided locator: input[id='login-button']
2026-01-18T23:51:17.8527988Z     ✅ Found 1 verified locators
2026-01-18T23:51:21.9246702Z     ✅ State transitioned.
2026-01-18T23:51:23.4971273Z [DEBUG] Sending request to gemini-2.0-flash. Number of parts: 2
2026-01-18T23:51:23.4972244Z [DEBUG] Received response (Length: 194)
2026-01-18T23:51:23.4973251Z     🤖 AI Next Step Suggestion: done -> N/A
2026-01-18T23:51:23.4975167Z     💭 Reasoning: The user has successfully logged in. The goal is to test locked user scenarios, which cannot be achieved from this page. Therefore, the task is complete.
2026-01-18T23:51:23.4976849Z   ▶️ [STEP step_3] FILL: Password
2026-01-18T23:51:23.5029576Z     🔍 Mining locators for: 'Password'
2026-01-18T23:51:23.5383636Z     🧠 Consulting AI (Vision-First) to find 'Password'...
2026-01-18T23:51:23.5384869Z     🧠 [EXPERT] Strategy: Act as Senior SDET focusing on exploring the application to understand functional flow and identifying critical paths for end-to-end automation.
2026-01-18T23:51:28.3508825Z [DEBUG] Sending request to gemini-2.0-flash. Number of parts: 2
2026-01-18T23:51:28.3509945Z [DEBUG] Received response (Length: 272)
2026-01-18T23:51:28.3512186Z     💡 Expert Suggestion: The 'Password' field is typically found on the login or account settings page, which is accessible via the hamburger menu.
2026-01-18T23:51:28.3514290Z     🛠️ Executing corrective action: click -> 'the hamburger menu'
2026-01-18T23:51:28.3933989Z     🔄 Retry 1/3 mining locators for 'Password'...
2026-01-18T23:51:29.4310171Z     🧠 Consulting AI (Vision-First) to find 'Password'...
2026-01-18T23:51:29.4312045Z     🧠 [EXPERT] Strategy: Act as Senior SDET focusing on exploring the application to understand functional flow and identifying critical paths for end-to-end automation.
2026-01-18T23:51:29.4318075Z [CACHE HIT] 6b70ac1a... (hits: 7, misses: 26)
2026-01-18T23:51:29.4318649Z     ⚠️ Skipping duplicate injection: the hamburger menu
2026-01-18T23:51:29.4319080Z     🔄 Retry 2/3 mining locators for 'Password'...
2026-01-18T23:51:30.4332067Z     🗑️ Invalidating stale AI cache (retry 2)...
2026-01-18T23:51:30.4333614Z     ⚠️ Cache invalidation warning: No module named 'core.agents.domain_expert'
2026-01-18T23:51:30.4713551Z     🧠 Consulting AI (Vision-First) to find 'Password'...
2026-01-18T23:51:30.4715179Z     🧠 [EXPERT] Strategy: Act as Senior SDET focusing on exploring the application to understand functional flow and identifying critical paths for end-to-end automation.
2026-01-18T23:51:30.4721044Z [CACHE HIT] 6b70ac1a... (hits: 8, misses: 26)
2026-01-18T23:51:30.4721669Z     ⚠️ Skipping duplicate injection: the hamburger menu
2026-01-18T23:51:30.4722542Z     🧠 Verifying step validity for 'Password' after no candidates found...
2026-01-18T23:51:33.5605601Z [DEBUG] Sending request to gemini-2.0-flash. Number of parts: 2
2026-01-18T23:51:33.5606060Z [DEBUG] Received response (Length: 324)
2026-01-18T23:51:33.5608103Z     🗑️ Step deemed INVALID: The current page is the inventory page, which displays a list of products. The 'Password' element is not present on this page. It is likely that the user is trying to interact with the password field on the login page, but the current page is the inventory page.. Removing from workflow.
2026-01-18T23:51:33.5609510Z     ⏭️ Skipping execution of invalid step: Password
2026-01-18T23:51:33.5610174Z   ▶️ [STEP step_4] CLICK: Login
2026-01-18T23:51:33.5664935Z     🔍 Mining locators for: 'Login'
2026-01-18T23:51:33.6045177Z     🧠 Consulting AI (Vision-First) to find 'Login'...
2026-01-18T23:51:33.6046473Z     🧠 [EXPERT] Strategy: Act as Senior SDET focusing on exploring the application to understand functional flow and identifying critical paths for end-to-end automation.
2026-01-18T23:51:38.5279981Z [DEBUG] Sending request to gemini-2.0-flash. Number of parts: 2
2026-01-18T23:51:38.5280927Z [DEBUG] Received response (Length: 293)
2026-01-18T23:51:38.5283617Z     💡 Expert Suggestion: The 'Login' button is not visible on the current page. It is likely accessible from the main menu, which can be opened by clicking the 'Products' button.
2026-01-18T23:51:38.5285700Z     🛠️ Executing corrective action: click -> 'Products'
2026-01-18T23:51:39.0828265Z     ✅ Executed corrective navigation
2026-01-18T23:51:41.0851881Z     🔄 Retry 1/3 mining locators for 'Login'...
2026-01-18T23:51:42.1237380Z     🧠 Consulting AI (Vision-First) to find 'Login'...
2026-01-18T23:51:42.1238635Z     🧠 [EXPERT] Strategy: Act as Senior SDET focusing on exploring the application to understand functional flow and identifying critical paths for end-to-end automation.
2026-01-18T23:51:42.1243914Z [CACHE HIT] b90d5a8d... (hits: 9, misses: 28)
2026-01-18T23:51:42.1246068Z     ⚠️ Skipping duplicate injection: Products
2026-01-18T23:51:42.1246512Z     🔄 Retry 2/3 mining locators for 'Login'...
2026-01-18T23:51:43.1258138Z     🗑️ Invalidating stale AI cache (retry 2)...
2026-01-18T23:51:43.1259950Z     ⚠️ Cache invalidation warning: No module named 'core.agents.domain_expert'
2026-01-18T23:51:43.2056567Z     🧠 Consulting AI (Vision-First) to find 'Login'...
2026-01-18T23:51:43.2057861Z     🧠 [EXPERT] Strategy: Act as Senior SDET focusing on exploring the application to understand functional flow and identifying critical paths for end-to-end automation.
2026-01-18T23:51:43.2062847Z [CACHE HIT] b90d5a8d... (hits: 10, misses: 28)
2026-01-18T23:51:43.2063570Z     ⚠️ Skipping duplicate injection: Products
2026-01-18T23:51:43.2064207Z     🧠 Verifying step validity for 'Login' after no candidates found...
2026-01-18T23:51:44.5581002Z [DEBUG] Sending request to gemini-2.0-flash. Number of parts: 2
2026-01-18T23:51:44.5581876Z [DEBUG] Received response (Length: 275)
2026-01-18T23:51:44.5585077Z     🗑️ Step deemed INVALID: The current page is the inventory page, which displays the list of products. The 'Login' button is only present on the login page. Therefore, attempting to locate and interact with 'Login' on this page is invalid.. Removing from workflow.
2026-01-18T23:51:44.5587877Z     ⏭️ Skipping execution of invalid step: Login
2026-01-18T23:51:44.5588634Z   ▶️ [STEP step_5] ASSERT_URL: 
2026-01-18T23:51:49.5733539Z     ⚠️ Scroll into view failed for text=None. Proceeding anyway.
2026-01-18T23:51:51.5756459Z     ✅ State transitioned.
2026-01-18T23:51:53.0756529Z [DEBUG] Sending request to gemini-2.0-flash. Number of parts: 2
2026-01-18T23:51:53.0757409Z [DEBUG] Received response (Length: 298)
2026-01-18T23:51:53.0758325Z     🤖 AI Next Step Suggestion: done -> N/A
2026-01-18T23:51:53.0760490Z     💭 Reasoning: The user has successfully logged in. The goal was to test locked user scenarios, and the current page indicates a successful login. Since the locked user scenario would have prevented login, this test is not applicable here. Therefore, the goal is complete.
2026-01-18T23:51:53.0762208Z   ▶️ [STEP step_6] ASSERT_VISIBLE: Sauce Labs Backpack
2026-01-18T23:51:53.0816214Z     🔍 Mining locators for: 'Sauce Labs Backpack'
2026-01-18T23:51:53.1532339Z     ✅ Found 4 verified locators
2026-01-18T23:51:55.7033541Z     ✅ State transitioned.
2026-01-18T23:51:55.7095175Z     🔄 Revisited state detected (count: 1)
2026-01-18T23:51:57.8850699Z [DEBUG] Sending request to gemini-2.0-flash. Number of parts: 2
2026-01-18T23:51:57.8851303Z [DEBUG] Received response (Length: 214)
2026-01-18T23:51:57.8852000Z     🤖 AI Next Step Suggestion: done -> N/A
2026-01-18T23:51:57.8853225Z     💭 Reasoning: The user is already logged in and on the inventory page. The goal is to test locked user scenarios, which cannot be achieved from this page. Therefore, the task is complete.
2026-01-18T23:51:59.9222794Z 🗂️  All generated tests written to /home/runner/work/build_qa_automation/build_qa_automation/projects/ci_saucedemo_locked/tests/generated_scenarios.json
2026-01-18T23:51:59.9230182Z 🔄 Updated workflow.json with discovered steps and locators.
2026-01-18T23:51:59.9230596Z 
2026-01-18T23:51:59.9230743Z ✅ Deep Exploration Complete.
2026-01-18T23:53:07.7962847Z 
2026-01-18T23:53:07.7963690Z 🚀 [EXECUTE] Starting Automation Execution Engine
2026-01-18T23:53:07.7964317Z 📍 Project: ci_saucedemo_locked
2026-01-18T23:53:07.7964795Z 🎬 Mode: Headless
2026-01-18T23:53:07.7965018Z 
2026-01-18T23:53:07.7965240Z --- Scenario: Locked Out User Login Attempt ---
2026-01-18T23:53:07.7965931Z   ▶️ [STEP step_1] NAVIGATE: Step step_1
2026-01-18T23:53:07.7966471Z     ✅ Step step_1 Passed.
2026-01-18T23:53:07.7966918Z   ▶️ [STEP step_2] FILL: Username
2026-01-18T23:53:07.7967502Z     🎯 Using mined locator: role=textbox[name='Username']
2026-01-18T23:53:07.7968078Z     ✅ Step step_2 Passed.
2026-01-18T23:53:07.7968534Z   ▶️ [STEP step_2_ai_1] FILL: Password
2026-01-18T23:53:07.7968872Z     🎯 Using mined locator: #password
2026-01-18T23:53:07.7969193Z     ✅ Step step_2_ai_1 Passed.
2026-01-18T23:53:07.7969485Z   ▶️ [STEP step_2_ai_2] CLICK: login-button
2026-01-18T23:53:07.7970111Z     🎯 Using mined locator: input[id='login-button']
2026-01-18T23:53:07.7970467Z     ✅ Step step_2_ai_2 Passed.
2026-01-18T23:53:07.7970777Z   ▶️ [STEP step_3] FILL: Password
2026-01-18T23:53:07.7971117Z     🎯 Using mined locator: role=textbox[name='Password']
2026-01-18T23:53:07.7971464Z     ✅ Step step_3 Passed.
2026-01-18T23:53:07.7971718Z   ▶️ [STEP step_4] CLICK: Login
2026-01-18T23:53:07.7971978Z     ✅ Step step_4 Passed.
2026-01-18T23:53:07.7972402Z   ▶️ [STEP step_5] ASSERT_VISIBLE: Epic sadface: Sorry, this user has been locked out.
2026-01-18T23:53:07.7973030Z     🎯 Using mined locator: text='Epic sadface: Sorry, this user has been locked out.'
2026-01-18T23:53:07.7973478Z     ✅ Step step_5 Passed.
2026-01-18T23:53:07.7973856Z ✅ Scenario 'Locked Out User Login Attempt' completed successfully!
2026-01-18T23:53:07.7974144Z 
2026-01-18T23:53:07.7974283Z --- Scenario: Standard User Login and Logout ---
2026-01-18T23:53:07.7974642Z   ▶️ [STEP step_1] NAVIGATE: Step step_1
2026-01-18T23:53:07.7974940Z     ✅ Step step_1 Passed.
2026-01-18T23:53:07.7975206Z   ▶️ [STEP step_2] FILL: Username
2026-01-18T23:53:07.7975542Z     🎯 Using mined locator: role=textbox[name='Username']
2026-01-18T23:53:07.7975884Z     ✅ Step step_2 Passed.
2026-01-18T23:53:07.7976150Z   ▶️ [STEP step_2_ai_1] FILL: Password
2026-01-18T23:53:07.7976462Z     🎯 Using mined locator: #password
2026-01-18T23:53:07.7976758Z     ✅ Step step_2_ai_1 Passed.
2026-01-18T23:53:07.7977050Z   ▶️ [STEP step_2_ai_2] CLICK: login-button
2026-01-18T23:53:07.7977410Z     🎯 Using mined locator: input[id='login-button']
2026-01-18T23:53:07.7977744Z     ✅ Step step_2_ai_2 Passed.
2026-01-18T23:53:07.7978023Z   ▶️ [STEP step_5] ASSERT_URL: Step step_5
2026-01-18T23:53:07.7978320Z     ✅ Step step_5 Passed.
2026-01-18T23:53:07.7978580Z   ▶️ [STEP step_6] CLICK: Open Menu
2026-01-18T23:53:07.7978925Z     🎯 Using mined locator: role=button[name='Open Menu']
2026-01-18T23:53:07.7979564Z     ✅ Step step_6 Passed.
2026-01-18T23:53:07.7980029Z   ▶️ [STEP step_6_ai_1] CLICK: Logout
2026-01-18T23:53:07.7980543Z     🎯 Using mined locator: a[id='logout_sidebar_link']
2026-01-18T23:53:07.7980896Z     ✅ Step step_6_ai_1 Passed.
2026-01-18T23:53:07.7981167Z   ▶️ [STEP step_6_ai_2] FILL: Username
2026-01-18T23:53:07.7981466Z     🎯 Using mined locator: #user-name
2026-01-18T23:53:07.7981752Z     ✅ Step step_6_ai_2 Passed.
2026-01-18T23:53:07.7982035Z   ▶️ [STEP step_6_ai_3] FILL: Password
2026-01-18T23:53:07.7982334Z     🎯 Using mined locator: #password
2026-01-18T23:53:07.7982610Z     ✅ Step step_6_ai_3 Passed.
2026-01-18T23:53:07.7982890Z   ▶️ [STEP step_6_ai_4] CLICK: login-button
2026-01-18T23:53:07.7983238Z     🎯 Using mined locator: input[id='login-button']
2026-01-18T23:53:07.7983557Z     ✅ Step step_6_ai_4 Passed.
2026-01-18T23:53:07.7983825Z   ▶️ [STEP step_8] ASSERT_URL: Step step_8
2026-01-18T23:53:07.7984108Z     ✅ Step step_8 Passed.
2026-01-18T23:53:07.7984479Z ✅ Scenario 'Standard User Login and Logout' completed successfully!
2026-01-18T23:53:07.7984757Z 
2026-01-18T23:53:07.7984925Z --- Scenario: Problem User Login and Inventory Check ---
2026-01-18T23:53:07.7985282Z   ▶️ [STEP step_1] NAVIGATE: Step step_1
2026-01-18T23:53:07.7985573Z     ✅ Step step_1 Passed.
2026-01-18T23:53:07.7985823Z   ▶️ [STEP step_2] FILL: Username
2026-01-18T23:53:07.7986151Z     🎯 Using mined locator: role=textbox[name='Username']
2026-01-18T23:53:07.7986469Z     ✅ Step step_2 Passed.
2026-01-18T23:53:07.7986722Z   ▶️ [STEP step_2_ai_1] FILL: Password
2026-01-18T23:53:07.7987012Z     🎯 Using mined locator: #password
2026-01-18T23:53:07.7987287Z     ✅ Step step_2_ai_1 Passed.
2026-01-18T23:53:07.7987579Z   ▶️ [STEP step_2_ai_2] CLICK: login-button
2026-01-18T23:53:07.7988010Z     🎯 Using mined locator: input[id='login-button']
2026-01-18T23:53:07.7988325Z     ✅ Step step_2_ai_2 Passed.
2026-01-18T23:53:07.7988595Z   ▶️ [STEP step_5] ASSERT_URL: Step step_5
2026-01-18T23:53:07.7990916Z     ✅ Step step_5 Passed.
2026-01-18T23:53:07.7991428Z   ▶️ [STEP step_6] ASSERT_VISIBLE: Sauce Labs Backpack
2026-01-18T23:53:07.7992130Z     🎯 Using mined locator: role=link[name='Sauce Labs Backpack']
2026-01-18T23:53:07.7992710Z     ✅ Step step_6 Passed.
2026-01-18T23:53:07.7993279Z ✅ Scenario 'Problem User Login and Inventory Check' completed successfully!
2026-01-18T23:53:07.7993601Z 
2026-01-18T23:53:07.7993713Z ============================================================
2026-01-18T23:53:07.7994025Z 🎯 EXECUTION SUMMARY
2026-01-18T23:53:07.7994253Z ============================================================
2026-01-18T23:53:07.7994450Z 
2026-01-18T23:53:07.7994551Z 📋 Scenario Overview:
2026-01-18T23:53:07.7994805Z    • Total Scenarios Planned: 3
2026-01-18T23:53:07.7995065Z    • Scenarios Executed: 3
2026-01-18T23:53:07.7995660Z    • Total Steps Executed: 24
2026-01-18T23:53:07.7995922Z 
2026-01-18T23:53:07.7996083Z ✅ Results:
2026-01-18T23:53:07.7996474Z    ✅ Passed: 3 (100%)
2026-01-18T23:53:07.7996699Z 
2026-01-18T23:53:07.7996871Z ============================================================
2026-01-18T23:53:07.7997221Z 
2026-01-18T23:53:07.7998071Z 🏁 Execution Finished. Report: /home/runner/work/build_qa_automation/build_qa_automation/projects/ci_saucedemo_locked/execution.json
2026-01-18T23:53:07.9566096Z 
2026-01-18T23:53:07.9566712Z [PHASE] Running Phase: DISCOVERY
2026-01-18T23:53:07.9568753Z    Command: /opt/hostedtoolcache/Python/3.11.14/x64/bin/python /home/runner/work/build_qa_automation/build_qa_automation/core/agents/discovery.py --project /home/runner/work/build_qa_automation/build_qa_automation/projects/ci_saucedemo_locked --url https://www.saucedemo.com/ --deep
2026-01-18T23:53:07.9571304Z ✅ Phase 'discovery' completed successfully.
2026-01-18T23:53:07.9571633Z 
2026-01-18T23:53:07.9571775Z [PHASE] Running Phase: PLANNING
2026-01-18T23:53:07.9574140Z    Command: /opt/hostedtoolcache/Python/3.11.14/x64/bin/python /home/runner/work/build_qa_automation/build_qa_automation/core/agents/planner.py --project /home/runner/work/build_qa_automation/build_qa_automation/projects/ci_saucedemo_locked --goal Test locked user scenarios --url https://www.saucedemo.com/ --deep
2026-01-18T23:53:07.9576719Z ✅ Phase 'planning' completed successfully.
2026-01-18T23:53:07.9577027Z 
2026-01-18T23:53:07.9577174Z [PHASE] Running Phase: EXPLORATION
2026-01-18T23:53:07.9578784Z    Command: /opt/hostedtoolcache/Python/3.11.14/x64/bin/python /home/runner/work/build_qa_automation/build_qa_automation/core/agents/deep_explorer.py --project /home/runner/work/build_qa_automation/build_qa_automation/projects/ci_saucedemo_locked
2026-01-18T23:53:07.9580748Z ✅ Phase 'exploration' completed successfully.
2026-01-18T23:53:07.9581317Z 📊 Exploration Discovery Success Rate: 81.0%
2026-01-18T23:53:07.9581620Z 
2026-01-18T23:53:07.9581762Z [PHASE] Running Phase: EXECUTION
2026-01-18T23:53:07.9583342Z    Command: /opt/hostedtoolcache/Python/3.11.14/x64/bin/python /home/runner/work/build_qa_automation/build_qa_automation/core/agents/executor.py --project /home/runner/work/build_qa_automation/build_qa_automation/projects/ci_saucedemo_locked
2026-01-18T23:53:07.9585080Z ✅ Phase 'execution' completed successfully.
2026-01-18T23:53:07.9585379Z 
2026-01-18T23:53:07.9585535Z [DONE] Pipeline Execution Finished! [DONE]
2026-01-18T23:53:08.0995942Z ##[group]Run RESULT_FILE="projects/ci_saucedemo_locked/execution.json"
2026-01-18T23:53:08.0996493Z [36;1mRESULT_FILE="projects/ci_saucedemo_locked/execution.json"[0m
2026-01-18T23:53:08.0996863Z [36;1mif [ -f "$RESULT_FILE" ]; then[0m
2026-01-18T23:53:08.0997203Z [36;1m  echo "✅ Results generated successfully: $RESULT_FILE"[0m
2026-01-18T23:53:08.0997664Z [36;1m  cat "$RESULT_FILE" | jq '.scenarios | length' || echo "Result file exists"[0m
2026-01-18T23:53:08.0998043Z [36;1melse[0m
2026-01-18T23:53:08.0998277Z [36;1m  echo "❌ No result file found at $RESULT_FILE"[0m
2026-01-18T23:53:08.0998561Z [36;1m  exit 1[0m
2026-01-18T23:53:08.0998757Z [36;1mfi[0m
2026-01-18T23:53:08.1030880Z shell: /usr/bin/bash -e {0}
2026-01-18T23:53:08.1031110Z env:
2026-01-18T23:53:08.1031368Z   pythonLocation: /opt/hostedtoolcache/Python/3.11.14/x64
2026-01-18T23:53:08.1031807Z   PKG_CONFIG_PATH: /opt/hostedtoolcache/Python/3.11.14/x64/lib/pkgconfig
2026-01-18T23:53:08.1032267Z   Python_ROOT_DIR: /opt/hostedtoolcache/Python/3.11.14/x64
2026-01-18T23:53:08.1032641Z   Python2_ROOT_DIR: /opt/hostedtoolcache/Python/3.11.14/x64
2026-01-18T23:53:08.1033023Z   Python3_ROOT_DIR: /opt/hostedtoolcache/Python/3.11.14/x64
2026-01-18T23:53:08.1033410Z   LD_LIBRARY_PATH: /opt/hostedtoolcache/Python/3.11.14/x64/lib
2026-01-18T23:53:08.1033730Z ##[endgroup]
2026-01-18T23:53:08.1087341Z ✅ Results generated successfully: projects/ci_saucedemo_locked/execution.json
2026-01-18T23:53:08.1113411Z 3
2026-01-18T23:53:08.1427706Z ##[group]Run actions/upload-artifact@v4
2026-01-18T23:53:08.1427999Z with:
2026-01-18T23:53:08.1428197Z   name: saucedemo_locked-execution-results
2026-01-18T23:53:08.1428700Z   path: projects/ci_saucedemo_locked/execution.json
projects/ci_saucedemo_locked/workflow.json

2026-01-18T23:53:08.1429170Z   retention-days: 30
2026-01-18T23:53:08.1429375Z   if-no-files-found: warn
2026-01-18T23:53:08.1429590Z   compression-level: 6
2026-01-18T23:53:08.1429947Z   overwrite: false
2026-01-18T23:53:08.1430142Z   include-hidden-files: false
2026-01-18T23:53:08.1430352Z env:
2026-01-18T23:53:08.1430586Z   pythonLocation: /opt/hostedtoolcache/Python/3.11.14/x64
2026-01-18T23:53:08.1431023Z   PKG_CONFIG_PATH: /opt/hostedtoolcache/Python/3.11.14/x64/lib/pkgconfig
2026-01-18T23:53:08.1431436Z   Python_ROOT_DIR: /opt/hostedtoolcache/Python/3.11.14/x64
2026-01-18T23:53:08.1431798Z   Python2_ROOT_DIR: /opt/hostedtoolcache/Python/3.11.14/x64
2026-01-18T23:53:08.1432208Z   Python3_ROOT_DIR: /opt/hostedtoolcache/Python/3.11.14/x64
2026-01-18T23:53:08.1432582Z   LD_LIBRARY_PATH: /opt/hostedtoolcache/Python/3.11.14/x64/lib
2026-01-18T23:53:08.1432888Z ##[endgroup]
2026-01-18T23:53:08.3623483Z Multiple search paths detected. Calculating the least common ancestor of all paths
2026-01-18T23:53:08.3627349Z The least common ancestor is /home/runner/work/build_qa_automation/build_qa_automation/projects/ci_saucedemo_locked. This will be the root directory of the artifact
2026-01-18T23:53:08.3628900Z With the provided path, there will be 2 files uploaded
2026-01-18T23:53:08.3634478Z Artifact name is valid!
2026-01-18T23:53:08.3635578Z Root directory input is valid!
2026-01-18T23:53:08.4390346Z Beginning upload of artifact content to blob storage
2026-01-18T23:53:08.4896955Z Uploaded bytes 1652
2026-01-18T23:53:08.5053181Z Finished uploading artifact content to blob storage!
2026-01-18T23:53:08.5056344Z SHA256 digest of uploaded artifact zip is 833f056f2bc9890d949b9f330f0ac2646bf4a63e4aa305cd0b44e80a0b3f6876
2026-01-18T23:53:08.5057835Z Finalizing artifact upload
2026-01-18T23:53:08.5756617Z Artifact saucedemo_locked-execution-results.zip successfully finalized. Artifact ID 5171050568
2026-01-18T23:53:08.5758286Z Artifact saucedemo_locked-execution-results has been successfully uploaded! Final size is 1652 bytes. Artifact ID is 5171050568
2026-01-18T23:53:08.5764790Z Artifact download URL: https://github.com/vishvasmca-cmd/build_qa_automation/actions/runs/21120211878/artifacts/5171050568
2026-01-18T23:53:08.6097842Z Post job cleanup.
2026-01-18T23:53:08.7618603Z Cache hit occurred on the primary key setup-python-Linux-x64-24.04-Ubuntu-python-3.11.14-pip-dde08d0e0b672972dcda9f1a063036a2e0c226f5d0a20362e9401931676d80a4, not saving cache.
2026-01-18T23:53:08.8092254Z Post job cleanup.
2026-01-18T23:53:08.9039964Z [command]/usr/bin/git version
2026-01-18T23:53:08.9075935Z git version 2.52.0
2026-01-18T23:53:08.9118267Z Temporarily overriding HOME='/home/runner/work/_temp/fcc67287-18d5-4460-97f7-6604ace5a4e0' before making global git config changes
2026-01-18T23:53:08.9119998Z Adding repository directory to the temporary git global config as a safe directory
2026-01-18T23:53:08.9131425Z [command]/usr/bin/git config --global --add safe.directory /home/runner/work/build_qa_automation/build_qa_automation
2026-01-18T23:53:08.9164297Z [command]/usr/bin/git config --local --name-only --get-regexp core\.sshCommand
2026-01-18T23:53:08.9196700Z [command]/usr/bin/git submodule foreach --recursive sh -c "git config --local --name-only --get-regexp 'core\.sshCommand' && git config --local --unset-all 'core.sshCommand' || :"
2026-01-18T23:53:08.9425199Z [command]/usr/bin/git config --local --name-only --get-regexp http\.https\:\/\/github\.com\/\.extraheader
2026-01-18T23:53:08.9445174Z http.https://github.com/.extraheader
2026-01-18T23:53:08.9457385Z [command]/usr/bin/git config --local --unset-all http.https://github.com/.extraheader
2026-01-18T23:53:08.9487441Z [command]/usr/bin/git submodule foreach --recursive sh -c "git config --local --name-only --get-regexp 'http\.https\:\/\/github\.com\/\.extraheader' && git config --local --unset-all 'http.https://github.com/.extraheader' || :"
2026-01-18T23:53:08.9706458Z [command]/usr/bin/git config --local --name-only --get-regexp ^includeIf\.gitdir:
2026-01-18T23:53:08.9736597Z [command]/usr/bin/git submodule foreach --recursive git config --local --show-origin --name-only --get-regexp remote.origin.url
2026-01-18T23:53:09.0081683Z Cleaning up orphan processes
