2026-01-20T00:11:48.8321608Z Current runner version: '2.331.0'
2026-01-20T00:11:48.8346019Z ##[group]Runner Image Provisioner
2026-01-20T00:11:48.8346829Z Hosted Compute Agent
2026-01-20T00:11:48.8347548Z Version: 20251211.462
2026-01-20T00:11:48.8348289Z Commit: 6cbad8c2bb55d58165063d031ccabf57e2d2db61
2026-01-20T00:11:48.8348958Z Build Date: 2025-12-11T16:28:49Z
2026-01-20T00:11:48.8349892Z Worker ID: {74a5ac9e-c1d1-4a61-a84c-4dedd5f5646e}
2026-01-20T00:11:48.8350658Z ##[endgroup]
2026-01-20T00:11:48.8351157Z ##[group]Operating System
2026-01-20T00:11:48.8351754Z Ubuntu
2026-01-20T00:11:48.8352212Z 24.04.3
2026-01-20T00:11:48.8352677Z LTS
2026-01-20T00:11:48.8353175Z ##[endgroup]
2026-01-20T00:11:48.8353690Z ##[group]Runner Image
2026-01-20T00:11:48.8354245Z Image: ubuntu-24.04
2026-01-20T00:11:48.8354709Z Version: 20260111.209.1
2026-01-20T00:11:48.8355787Z Included Software: https://github.com/actions/runner-images/blob/ubuntu24/20260111.209/images/ubuntu/Ubuntu2404-Readme.md
2026-01-20T00:11:48.8357309Z Image Release: https://github.com/actions/runner-images/releases/tag/ubuntu24%2F20260111.209
2026-01-20T00:11:48.8358379Z ##[endgroup]
2026-01-20T00:11:48.8359459Z ##[group]GITHUB_TOKEN Permissions
2026-01-20T00:11:48.8361581Z Contents: read
2026-01-20T00:11:48.8362111Z Metadata: read
2026-01-20T00:11:48.8362605Z Packages: read
2026-01-20T00:11:48.8363261Z ##[endgroup]
2026-01-20T00:11:48.8365768Z Secret source: Actions
2026-01-20T00:11:48.8366478Z Prepare workflow directory
2026-01-20T00:11:48.8709662Z Prepare all required actions
2026-01-20T00:11:48.8750422Z Getting action download info
2026-01-20T00:11:49.3105195Z Download action repository 'actions/checkout@v4' (SHA:34e114876b0b11c390a56381ad16ebd13914f8d5)
2026-01-20T00:11:49.4383270Z Download action repository 'actions/setup-python@v5' (SHA:a26af69be951a213d495a4c3e4e4022e16d87065)
2026-01-20T00:11:49.5201906Z Download action repository 'actions/upload-artifact@v4' (SHA:ea165f8d65b6e75b540449e92b4886f43607fa02)
2026-01-20T00:11:49.7472334Z Complete job name: test-websites-deep (wordpress_demo, https://tastewp.com/new, Quick WordPress testing)
2026-01-20T00:11:49.8202953Z ##[group]Run actions/checkout@v4
2026-01-20T00:11:49.8203809Z with:
2026-01-20T00:11:49.8204270Z   repository: vishvasmca-cmd/build_qa_automation
2026-01-20T00:11:49.8205035Z   token: ***
2026-01-20T00:11:49.8205420Z   ssh-strict: true
2026-01-20T00:11:49.8205819Z   ssh-user: git
2026-01-20T00:11:49.8206220Z   persist-credentials: true
2026-01-20T00:11:49.8206715Z   clean: true
2026-01-20T00:11:49.8207119Z   sparse-checkout-cone-mode: true
2026-01-20T00:11:49.8207604Z   fetch-depth: 1
2026-01-20T00:11:49.8207983Z   fetch-tags: false
2026-01-20T00:11:49.8208380Z   show-progress: true
2026-01-20T00:11:49.8208789Z   lfs: false
2026-01-20T00:11:49.8209160Z   submodules: false
2026-01-20T00:11:49.8209719Z   set-safe-directory: true
2026-01-20T00:11:49.8210422Z ##[endgroup]
2026-01-20T00:11:49.9352669Z Syncing repository: vishvasmca-cmd/build_qa_automation
2026-01-20T00:11:49.9354551Z ##[group]Getting Git version info
2026-01-20T00:11:49.9355413Z Working directory is '/home/runner/work/build_qa_automation/build_qa_automation'
2026-01-20T00:11:49.9356492Z [command]/usr/bin/git version
2026-01-20T00:11:49.9472888Z git version 2.52.0
2026-01-20T00:11:49.9516542Z ##[endgroup]
2026-01-20T00:11:49.9537234Z Temporarily overriding HOME='/home/runner/work/_temp/2157908b-937f-40ce-8734-f6f44af25fca' before making global git config changes
2026-01-20T00:11:49.9538581Z Adding repository directory to the temporary git global config as a safe directory
2026-01-20T00:11:49.9554717Z [command]/usr/bin/git config --global --add safe.directory /home/runner/work/build_qa_automation/build_qa_automation
2026-01-20T00:11:49.9600589Z Deleting the contents of '/home/runner/work/build_qa_automation/build_qa_automation'
2026-01-20T00:11:49.9604890Z ##[group]Initializing the repository
2026-01-20T00:11:49.9610066Z [command]/usr/bin/git init /home/runner/work/build_qa_automation/build_qa_automation
2026-01-20T00:11:49.9739029Z hint: Using 'master' as the name for the initial branch. This default branch name
2026-01-20T00:11:49.9741125Z hint: will change to "main" in Git 3.0. To configure the initial branch name
2026-01-20T00:11:49.9742777Z hint: to use in all of your new repositories, which will suppress this warning,
2026-01-20T00:11:49.9743929Z hint: call:
2026-01-20T00:11:49.9744623Z hint:
2026-01-20T00:11:49.9745487Z hint: 	git config --global init.defaultBranch <name>
2026-01-20T00:11:49.9746559Z hint:
2026-01-20T00:11:49.9747521Z hint: Names commonly chosen instead of 'master' are 'main', 'trunk' and
2026-01-20T00:11:49.9749155Z hint: 'development'. The just-created branch can be renamed via this command:
2026-01-20T00:11:49.9750645Z hint:
2026-01-20T00:11:49.9751341Z hint: 	git branch -m <name>
2026-01-20T00:11:49.9752128Z hint:
2026-01-20T00:11:49.9753125Z hint: Disable this message with "git config set advice.defaultBranchName false"
2026-01-20T00:11:49.9754957Z Initialized empty Git repository in /home/runner/work/build_qa_automation/build_qa_automation/.git/
2026-01-20T00:11:49.9758685Z [command]/usr/bin/git remote add origin https://github.com/vishvasmca-cmd/build_qa_automation
2026-01-20T00:11:49.9800831Z ##[endgroup]
2026-01-20T00:11:49.9802028Z ##[group]Disabling automatic garbage collection
2026-01-20T00:11:49.9806276Z [command]/usr/bin/git config --local gc.auto 0
2026-01-20T00:11:49.9838980Z ##[endgroup]
2026-01-20T00:11:49.9840415Z ##[group]Setting up auth
2026-01-20T00:11:49.9847652Z [command]/usr/bin/git config --local --name-only --get-regexp core\.sshCommand
2026-01-20T00:11:49.9885996Z [command]/usr/bin/git submodule foreach --recursive sh -c "git config --local --name-only --get-regexp 'core\.sshCommand' && git config --local --unset-all 'core.sshCommand' || :"
2026-01-20T00:11:50.0275945Z [command]/usr/bin/git config --local --name-only --get-regexp http\.https\:\/\/github\.com\/\.extraheader
2026-01-20T00:11:50.0308022Z [command]/usr/bin/git submodule foreach --recursive sh -c "git config --local --name-only --get-regexp 'http\.https\:\/\/github\.com\/\.extraheader' && git config --local --unset-all 'http.https://github.com/.extraheader' || :"
2026-01-20T00:11:50.0535718Z [command]/usr/bin/git config --local --name-only --get-regexp ^includeIf\.gitdir:
2026-01-20T00:11:50.0569339Z [command]/usr/bin/git submodule foreach --recursive git config --local --show-origin --name-only --get-regexp remote.origin.url
2026-01-20T00:11:50.0810392Z [command]/usr/bin/git config --local http.https://github.com/.extraheader AUTHORIZATION: basic ***
2026-01-20T00:11:50.0844690Z ##[endgroup]
2026-01-20T00:11:50.0845961Z ##[group]Fetching the repository
2026-01-20T00:11:50.0855627Z [command]/usr/bin/git -c protocol.version=2 fetch --no-tags --prune --no-recurse-submodules --depth=1 origin +d25504decfc404871c7c3bd5ac186d61498b2813:refs/remotes/origin/main
2026-01-20T00:11:51.3130589Z From https://github.com/vishvasmca-cmd/build_qa_automation
2026-01-20T00:11:51.3132640Z  * [new ref]         d25504decfc404871c7c3bd5ac186d61498b2813 -> origin/main
2026-01-20T00:11:51.3167780Z ##[endgroup]
2026-01-20T00:11:51.3169169Z ##[group]Determining the checkout info
2026-01-20T00:11:51.3170894Z ##[endgroup]
2026-01-20T00:11:51.3176239Z [command]/usr/bin/git sparse-checkout disable
2026-01-20T00:11:51.3243848Z [command]/usr/bin/git config --local --unset-all extensions.worktreeConfig
2026-01-20T00:11:51.3277263Z ##[group]Checking out the ref
2026-01-20T00:11:51.3282376Z [command]/usr/bin/git checkout --progress --force -B main refs/remotes/origin/main
2026-01-20T00:11:51.4880383Z Switched to a new branch 'main'
2026-01-20T00:11:51.4881568Z branch 'main' set up to track 'origin/main'.
2026-01-20T00:11:51.4902676Z ##[endgroup]
2026-01-20T00:11:51.4943989Z [command]/usr/bin/git log -1 --format=%H
2026-01-20T00:11:51.4969311Z d25504decfc404871c7c3bd5ac186d61498b2813
2026-01-20T00:11:51.5310340Z ##[group]Run actions/setup-python@v5
2026-01-20T00:11:51.5311553Z with:
2026-01-20T00:11:51.5312378Z   python-version: 3.11
2026-01-20T00:11:51.5313288Z   cache: pip
2026-01-20T00:11:51.5314390Z   check-latest: false
2026-01-20T00:11:51.5315642Z   token: ***
2026-01-20T00:11:51.5316499Z   update-environment: true
2026-01-20T00:11:51.5317513Z   allow-prereleases: false
2026-01-20T00:11:51.5318500Z   freethreaded: false
2026-01-20T00:11:51.5319405Z ##[endgroup]
2026-01-20T00:11:51.7117581Z ##[group]Installed versions
2026-01-20T00:11:51.7208007Z Successfully set up CPython (3.11.14)
2026-01-20T00:11:51.7216196Z ##[endgroup]
2026-01-20T00:11:51.8428650Z [command]/opt/hostedtoolcache/Python/3.11.14/x64/bin/pip cache dir
2026-01-20T00:11:52.1842918Z /home/runner/.cache/pip
2026-01-20T00:11:52.4724544Z Cache hit for: setup-python-Linux-x64-24.04-Ubuntu-python-3.11.14-pip-dde08d0e0b672972dcda9f1a063036a2e0c226f5d0a20362e9401931676d80a4
2026-01-20T00:11:53.7658539Z Received 4194304 of 254742636 (1.6%), 4.0 MBs/sec
2026-01-20T00:11:54.7656939Z Received 109051904 of 254742636 (42.8%), 52.0 MBs/sec
2026-01-20T00:11:55.7662160Z Received 251658240 of 254742636 (98.8%), 80.0 MBs/sec
2026-01-20T00:11:55.8552531Z Received 254742636 of 254742636 (100.0%), 78.6 MBs/sec
2026-01-20T00:11:55.8554201Z Cache Size: ~243 MB (254742636 B)
2026-01-20T00:11:55.8596608Z [command]/usr/bin/tar -xf /home/runner/work/_temp/c96fd9ed-dae7-4f56-b6fb-a56d99817b52/cache.tzst -P -C /home/runner/work/build_qa_automation/build_qa_automation --use-compress-program unzstd
2026-01-20T00:11:56.2344158Z Cache restored successfully
2026-01-20T00:11:56.2835349Z Cache restored from key: setup-python-Linux-x64-24.04-Ubuntu-python-3.11.14-pip-dde08d0e0b672972dcda9f1a063036a2e0c226f5d0a20362e9401931676d80a4
2026-01-20T00:11:56.3086466Z ##[group]Run pip install -r requirements.txt
2026-01-20T00:11:56.3086916Z [36;1mpip install -r requirements.txt[0m
2026-01-20T00:11:56.3087218Z [36;1mplaywright install chromium[0m
2026-01-20T00:11:56.3126176Z shell: /usr/bin/bash -e {0}
2026-01-20T00:11:56.3126454Z env:
2026-01-20T00:11:56.3126739Z   pythonLocation: /opt/hostedtoolcache/Python/3.11.14/x64
2026-01-20T00:11:56.3127183Z   PKG_CONFIG_PATH: /opt/hostedtoolcache/Python/3.11.14/x64/lib/pkgconfig
2026-01-20T00:11:56.3127613Z   Python_ROOT_DIR: /opt/hostedtoolcache/Python/3.11.14/x64
2026-01-20T00:11:56.3127978Z   Python2_ROOT_DIR: /opt/hostedtoolcache/Python/3.11.14/x64
2026-01-20T00:11:56.3128335Z   Python3_ROOT_DIR: /opt/hostedtoolcache/Python/3.11.14/x64
2026-01-20T00:11:56.3128701Z   LD_LIBRARY_PATH: /opt/hostedtoolcache/Python/3.11.14/x64/lib
2026-01-20T00:11:56.3129009Z ##[endgroup]
2026-01-20T00:11:56.9663732Z Collecting playwright (from -r requirements.txt (line 1))
2026-01-20T00:11:56.9680693Z   Using cached playwright-1.57.0-py3-none-manylinux1_x86_64.whl.metadata (3.5 kB)
2026-01-20T00:11:56.9845450Z Collecting python-dotenv (from -r requirements.txt (line 2))
2026-01-20T00:11:56.9861046Z   Using cached python_dotenv-1.2.1-py3-none-any.whl.metadata (25 kB)
2026-01-20T00:11:57.0128819Z Collecting requests (from -r requirements.txt (line 3))
2026-01-20T00:11:57.0145231Z   Using cached requests-2.32.5-py3-none-any.whl.metadata (4.9 kB)
2026-01-20T00:11:57.2163016Z Collecting pillow (from -r requirements.txt (line 4))
2026-01-20T00:11:57.2180213Z   Using cached pillow-12.1.0-cp311-cp311-manylinux_2_27_x86_64.manylinux_2_28_x86_64.whl.metadata (8.8 kB)
2026-01-20T00:11:57.2441297Z Collecting google-genai>=0.3.0 (from -r requirements.txt (line 5))
2026-01-20T00:11:57.2456601Z   Using cached google_genai-1.59.0-py3-none-any.whl.metadata (53 kB)
2026-01-20T00:11:57.2592006Z Collecting termcolor (from -r requirements.txt (line 6))
2026-01-20T00:11:57.2606055Z   Using cached termcolor-3.3.0-py3-none-any.whl.metadata (6.5 kB)
2026-01-20T00:11:57.2953025Z Collecting PyYAML (from -r requirements.txt (line 7))
2026-01-20T00:11:57.2969278Z   Using cached pyyaml-6.0.3-cp311-cp311-manylinux2014_x86_64.manylinux_2_17_x86_64.manylinux_2_28_x86_64.whl.metadata (2.4 kB)
2026-01-20T00:11:57.3505247Z Collecting opencv-python-headless (from -r requirements.txt (line 8))
2026-01-20T00:11:57.3520401Z   Using cached opencv_python_headless-4.13.0.90-cp37-abi3-manylinux_2_28_x86_64.whl.metadata (19 kB)
2026-01-20T00:11:57.5546687Z Collecting numpy (from -r requirements.txt (line 9))
2026-01-20T00:11:57.5561904Z   Using cached numpy-2.4.1-cp311-cp311-manylinux_2_27_x86_64.manylinux_2_28_x86_64.whl.metadata (6.6 kB)
2026-01-20T00:11:57.6313530Z Collecting faker (from -r requirements.txt (line 10))
2026-01-20T00:11:57.6328715Z   Using cached faker-40.1.2-py3-none-any.whl.metadata (16 kB)
2026-01-20T00:11:57.6499064Z Collecting pyee<14,>=13 (from playwright->-r requirements.txt (line 1))
2026-01-20T00:11:57.6513189Z   Using cached pyee-13.0.0-py3-none-any.whl.metadata (2.9 kB)
2026-01-20T00:11:57.7700277Z Collecting greenlet<4.0.0,>=3.1.1 (from playwright->-r requirements.txt (line 1))
2026-01-20T00:11:57.7716847Z   Using cached greenlet-3.3.0-cp311-cp311-manylinux_2_24_x86_64.manylinux_2_28_x86_64.whl.metadata (4.1 kB)
2026-01-20T00:11:57.7883840Z Collecting typing-extensions (from pyee<14,>=13->playwright->-r requirements.txt (line 1))
2026-01-20T00:11:57.7898034Z   Using cached typing_extensions-4.15.0-py3-none-any.whl.metadata (3.3 kB)
2026-01-20T00:11:57.8690010Z Collecting charset_normalizer<4,>=2 (from requests->-r requirements.txt (line 3))
2026-01-20T00:11:57.8706224Z   Using cached charset_normalizer-3.4.4-cp311-cp311-manylinux2014_x86_64.manylinux_2_17_x86_64.manylinux_2_28_x86_64.whl.metadata (37 kB)
2026-01-20T00:11:57.8839380Z Collecting idna<4,>=2.5 (from requests->-r requirements.txt (line 3))
2026-01-20T00:11:57.8853416Z   Using cached idna-3.11-py3-none-any.whl.metadata (8.4 kB)
2026-01-20T00:11:57.9104796Z Collecting urllib3<3,>=1.21.1 (from requests->-r requirements.txt (line 3))
2026-01-20T00:11:57.9119132Z   Using cached urllib3-2.6.3-py3-none-any.whl.metadata (6.9 kB)
2026-01-20T00:11:57.9315627Z Collecting certifi>=2017.4.17 (from requests->-r requirements.txt (line 3))
2026-01-20T00:11:57.9329460Z   Using cached certifi-2026.1.4-py3-none-any.whl.metadata (2.5 kB)
2026-01-20T00:11:57.9526091Z Collecting anyio<5.0.0,>=4.8.0 (from google-genai>=0.3.0->-r requirements.txt (line 5))
2026-01-20T00:11:57.9541496Z   Using cached anyio-4.12.1-py3-none-any.whl.metadata (4.3 kB)
2026-01-20T00:11:57.9875030Z Collecting google-auth<3.0.0,>=2.47.0 (from google-auth[requests]<3.0.0,>=2.47.0->google-genai>=0.3.0->-r requirements.txt (line 5))
2026-01-20T00:11:57.9890763Z   Using cached google_auth-2.47.0-py3-none-any.whl.metadata (6.4 kB)
2026-01-20T00:11:58.0111791Z Collecting httpx<1.0.0,>=0.28.1 (from google-genai>=0.3.0->-r requirements.txt (line 5))
2026-01-20T00:11:58.0125193Z   Using cached httpx-0.28.1-py3-none-any.whl.metadata (7.1 kB)
2026-01-20T00:11:58.1585886Z Collecting pydantic<3.0.0,>=2.9.0 (from google-genai>=0.3.0->-r requirements.txt (line 5))
2026-01-20T00:11:58.1601260Z   Using cached pydantic-2.12.5-py3-none-any.whl.metadata (90 kB)
2026-01-20T00:11:58.1864896Z Collecting tenacity<9.2.0,>=8.2.3 (from google-genai>=0.3.0->-r requirements.txt (line 5))
2026-01-20T00:11:58.1880042Z   Using cached tenacity-9.1.2-py3-none-any.whl.metadata (1.2 kB)
2026-01-20T00:11:58.2728022Z Collecting websockets<15.1.0,>=13.0.0 (from google-genai>=0.3.0->-r requirements.txt (line 5))
2026-01-20T00:11:58.2746006Z   Using cached websockets-15.0.1-cp311-cp311-manylinux_2_5_x86_64.manylinux1_x86_64.manylinux_2_17_x86_64.manylinux2014_x86_64.whl.metadata (6.8 kB)
2026-01-20T00:11:58.2876261Z Collecting distro<2,>=1.7.0 (from google-genai>=0.3.0->-r requirements.txt (line 5))
2026-01-20T00:11:58.2891415Z   Using cached distro-1.9.0-py3-none-any.whl.metadata (6.8 kB)
2026-01-20T00:11:58.2981618Z Collecting sniffio (from google-genai>=0.3.0->-r requirements.txt (line 5))
2026-01-20T00:11:58.2995600Z   Using cached sniffio-1.3.1-py3-none-any.whl.metadata (3.9 kB)
2026-01-20T00:11:58.3260334Z Collecting pyasn1-modules>=0.2.1 (from google-auth<3.0.0,>=2.47.0->google-auth[requests]<3.0.0,>=2.47.0->google-genai>=0.3.0->-r requirements.txt (line 5))
2026-01-20T00:11:58.3281869Z   Using cached pyasn1_modules-0.4.2-py3-none-any.whl.metadata (3.5 kB)
2026-01-20T00:11:58.3426164Z Collecting rsa<5,>=3.1.4 (from google-auth<3.0.0,>=2.47.0->google-auth[requests]<3.0.0,>=2.47.0->google-genai>=0.3.0->-r requirements.txt (line 5))
2026-01-20T00:11:58.3440773Z   Using cached rsa-4.9.1-py3-none-any.whl.metadata (5.6 kB)
2026-01-20T00:11:58.3706120Z Collecting httpcore==1.* (from httpx<1.0.0,>=0.28.1->google-genai>=0.3.0->-r requirements.txt (line 5))
2026-01-20T00:11:58.3721501Z   Using cached httpcore-1.0.9-py3-none-any.whl.metadata (21 kB)
2026-01-20T00:11:58.3835794Z Collecting h11>=0.16 (from httpcore==1.*->httpx<1.0.0,>=0.28.1->google-genai>=0.3.0->-r requirements.txt (line 5))
2026-01-20T00:11:58.3855599Z   Using cached h11-0.16.0-py3-none-any.whl.metadata (8.3 kB)
2026-01-20T00:11:58.3987817Z Collecting annotated-types>=0.6.0 (from pydantic<3.0.0,>=2.9.0->google-genai>=0.3.0->-r requirements.txt (line 5))
2026-01-20T00:11:58.4002462Z   Using cached annotated_types-0.7.0-py3-none-any.whl.metadata (15 kB)
2026-01-20T00:11:59.0928260Z Collecting pydantic-core==2.41.5 (from pydantic<3.0.0,>=2.9.0->google-genai>=0.3.0->-r requirements.txt (line 5))
2026-01-20T00:11:59.0944062Z   Using cached pydantic_core-2.41.5-cp311-cp311-manylinux_2_17_x86_64.manylinux2014_x86_64.whl.metadata (7.3 kB)
2026-01-20T00:11:59.1089358Z Collecting typing-inspection>=0.4.2 (from pydantic<3.0.0,>=2.9.0->google-genai>=0.3.0->-r requirements.txt (line 5))
2026-01-20T00:11:59.1102656Z   Using cached typing_inspection-0.4.2-py3-none-any.whl.metadata (2.6 kB)
2026-01-20T00:11:59.1931316Z Collecting pyasn1>=0.1.3 (from rsa<5,>=3.1.4->google-auth<3.0.0,>=2.47.0->google-auth[requests]<3.0.0,>=2.47.0->google-genai>=0.3.0->-r requirements.txt (line 5))
2026-01-20T00:11:59.1947310Z   Using cached pyasn1-0.6.2-py3-none-any.whl.metadata (8.4 kB)
2026-01-20T00:11:59.2220107Z Using cached playwright-1.57.0-py3-none-manylinux1_x86_64.whl (46.0 MB)
2026-01-20T00:11:59.2566662Z Using cached greenlet-3.3.0-cp311-cp311-manylinux_2_24_x86_64.manylinux_2_28_x86_64.whl (590 kB)
2026-01-20T00:11:59.2584521Z Using cached pyee-13.0.0-py3-none-any.whl (15 kB)
2026-01-20T00:11:59.2598581Z Using cached python_dotenv-1.2.1-py3-none-any.whl (21 kB)
2026-01-20T00:11:59.2611617Z Using cached requests-2.32.5-py3-none-any.whl (64 kB)
2026-01-20T00:11:59.2625277Z Using cached charset_normalizer-3.4.4-cp311-cp311-manylinux2014_x86_64.manylinux_2_17_x86_64.manylinux_2_28_x86_64.whl (151 kB)
2026-01-20T00:11:59.2638210Z Using cached idna-3.11-py3-none-any.whl (71 kB)
2026-01-20T00:11:59.2651380Z Using cached urllib3-2.6.3-py3-none-any.whl (131 kB)
2026-01-20T00:11:59.2665663Z Using cached pillow-12.1.0-cp311-cp311-manylinux_2_27_x86_64.manylinux_2_28_x86_64.whl (7.0 MB)
2026-01-20T00:11:59.2733259Z Using cached google_genai-1.59.0-py3-none-any.whl (719 kB)
2026-01-20T00:11:59.2751277Z Using cached anyio-4.12.1-py3-none-any.whl (113 kB)
2026-01-20T00:11:59.2764707Z Using cached distro-1.9.0-py3-none-any.whl (20 kB)
2026-01-20T00:11:59.2780776Z Using cached google_auth-2.47.0-py3-none-any.whl (234 kB)
2026-01-20T00:11:59.2795123Z Using cached httpx-0.28.1-py3-none-any.whl (73 kB)
2026-01-20T00:11:59.2808044Z Using cached httpcore-1.0.9-py3-none-any.whl (78 kB)
2026-01-20T00:11:59.2821447Z Using cached pydantic-2.12.5-py3-none-any.whl (463 kB)
2026-01-20T00:11:59.2837579Z Using cached pydantic_core-2.41.5-cp311-cp311-manylinux_2_17_x86_64.manylinux2014_x86_64.whl (2.1 MB)
2026-01-20T00:11:59.2864735Z Using cached rsa-4.9.1-py3-none-any.whl (34 kB)
2026-01-20T00:11:59.2877192Z Using cached tenacity-9.1.2-py3-none-any.whl (28 kB)
2026-01-20T00:11:59.2890170Z Using cached typing_extensions-4.15.0-py3-none-any.whl (44 kB)
2026-01-20T00:11:59.2903569Z Using cached websockets-15.0.1-cp311-cp311-manylinux_2_5_x86_64.manylinux1_x86_64.manylinux_2_17_x86_64.manylinux2014_x86_64.whl (182 kB)
2026-01-20T00:11:59.2917642Z Using cached termcolor-3.3.0-py3-none-any.whl (7.7 kB)
2026-01-20T00:11:59.2930868Z Using cached pyyaml-6.0.3-cp311-cp311-manylinux2014_x86_64.manylinux_2_17_x86_64.manylinux_2_28_x86_64.whl (806 kB)
2026-01-20T00:11:59.2950568Z Using cached opencv_python_headless-4.13.0.90-cp37-abi3-manylinux_2_28_x86_64.whl (62.5 MB)
2026-01-20T00:11:59.3415083Z Using cached numpy-2.4.1-cp311-cp311-manylinux_2_27_x86_64.manylinux_2_28_x86_64.whl (16.7 MB)
2026-01-20T00:11:59.3550768Z Using cached faker-40.1.2-py3-none-any.whl (2.0 MB)
2026-01-20T00:11:59.3581124Z Using cached annotated_types-0.7.0-py3-none-any.whl (13 kB)
2026-01-20T00:11:59.3594827Z Using cached certifi-2026.1.4-py3-none-any.whl (152 kB)
2026-01-20T00:11:59.3609230Z Using cached h11-0.16.0-py3-none-any.whl (37 kB)
2026-01-20T00:11:59.3623180Z Using cached pyasn1-0.6.2-py3-none-any.whl (83 kB)
2026-01-20T00:11:59.3636833Z Using cached pyasn1_modules-0.4.2-py3-none-any.whl (181 kB)
2026-01-20T00:11:59.3651427Z Using cached typing_inspection-0.4.2-py3-none-any.whl (14 kB)
2026-01-20T00:11:59.3664585Z Using cached sniffio-1.3.1-py3-none-any.whl (10 kB)
2026-01-20T00:11:59.5719879Z Installing collected packages: websockets, urllib3, typing-extensions, termcolor, tenacity, sniffio, PyYAML, python-dotenv, pyasn1, pillow, numpy, idna, h11, greenlet, faker, distro, charset_normalizer, certifi, annotated-types, typing-inspection, rsa, requests, pyee, pydantic-core, pyasn1-modules, opencv-python-headless, httpcore, anyio, pydantic, playwright, httpx, google-auth, google-genai
2026-01-20T00:12:06.4022845Z 
2026-01-20T00:12:06.4047223Z Successfully installed PyYAML-6.0.3 annotated-types-0.7.0 anyio-4.12.1 certifi-2026.1.4 charset_normalizer-3.4.4 distro-1.9.0 faker-40.1.2 google-auth-2.47.0 google-genai-1.59.0 greenlet-3.3.0 h11-0.16.0 httpcore-1.0.9 httpx-0.28.1 idna-3.11 numpy-2.4.1 opencv-python-headless-4.13.0.90 pillow-12.1.0 playwright-1.57.0 pyasn1-0.6.2 pyasn1-modules-0.4.2 pydantic-2.12.5 pydantic-core-2.41.5 pyee-13.0.0 python-dotenv-1.2.1 requests-2.32.5 rsa-4.9.1 sniffio-1.3.1 tenacity-9.1.2 termcolor-3.3.0 typing-extensions-4.15.0 typing-inspection-0.4.2 urllib3-2.6.3 websockets-15.0.1
2026-01-20T00:12:07.0756981Z Downloading Chromium 143.0.7499.4 (playwright build v1200) from https://cdn.playwright.dev/dbazure/download/playwright/builds/chromium/1200/chromium-linux.zip
2026-01-20T00:12:07.1738554Z (node:2203) [DEP0169] DeprecationWarning: `url.parse()` behavior is not standardized and prone to errors that have security implications. Use the WHATWG URL API instead. CVEs are not issued for `url.parse()` vulnerabilities.
2026-01-20T00:12:07.1740382Z (Use `node --trace-deprecation ...` to show where the warning was created)
2026-01-20T00:12:07.2726160Z |                                                                                |   0% of 164.7 MiB
2026-01-20T00:12:07.4605014Z |■■■■■■■■                                                                        |  10% of 164.7 MiB
2026-01-20T00:12:07.6016673Z |■■■■■■■■■■■■■■■■                                                                |  20% of 164.7 MiB
2026-01-20T00:12:07.7382119Z |■■■■■■■■■■■■■■■■■■■■■■■■                                                        |  30% of 164.7 MiB
2026-01-20T00:12:07.9206006Z |■■■■■■■■■■■■■■■■■■■■■■■■■■■■■■■■                                                |  40% of 164.7 MiB
2026-01-20T00:12:08.1088105Z |■■■■■■■■■■■■■■■■■■■■■■■■■■■■■■■■■■■■■■■■                                        |  50% of 164.7 MiB
2026-01-20T00:12:08.2663459Z |■■■■■■■■■■■■■■■■■■■■■■■■■■■■■■■■■■■■■■■■■■■■■■■■                                |  60% of 164.7 MiB
2026-01-20T00:12:08.4474187Z |■■■■■■■■■■■■■■■■■■■■■■■■■■■■■■■■■■■■■■■■■■■■■■■■■■■■■■■■                        |  70% of 164.7 MiB
2026-01-20T00:12:08.6415152Z |■■■■■■■■■■■■■■■■■■■■■■■■■■■■■■■■■■■■■■■■■■■■■■■■■■■■■■■■■■■■■■■■                |  80% of 164.7 MiB
2026-01-20T00:12:08.7947263Z |■■■■■■■■■■■■■■■■■■■■■■■■■■■■■■■■■■■■■■■■■■■■■■■■■■■■■■■■■■■■■■■■■■■■■■■■        |  90% of 164.7 MiB
2026-01-20T00:12:08.9353379Z |■■■■■■■■■■■■■■■■■■■■■■■■■■■■■■■■■■■■■■■■■■■■■■■■■■■■■■■■■■■■■■■■■■■■■■■■■■■■■■■■| 100% of 164.7 MiB
2026-01-20T00:12:11.5043246Z Chromium 143.0.7499.4 (playwright build v1200) downloaded to /home/runner/.cache/ms-playwright/chromium-1200
2026-01-20T00:12:11.5048159Z Downloading FFMPEG playwright build v1011 from https://cdn.playwright.dev/dbazure/download/playwright/builds/ffmpeg/1011/ffmpeg-linux.zip
2026-01-20T00:12:11.6031320Z (node:2214) [DEP0169] DeprecationWarning: `url.parse()` behavior is not standardized and prone to errors that have security implications. Use the WHATWG URL API instead. CVEs are not issued for `url.parse()` vulnerabilities.
2026-01-20T00:12:11.6033230Z (Use `node --trace-deprecation ...` to show where the warning was created)
2026-01-20T00:12:11.7889144Z |                                                                                |   0% of 2.3 MiB
2026-01-20T00:12:11.7926115Z |■■■■■■■■                                                                        |  10% of 2.3 MiB
2026-01-20T00:12:11.7950401Z |■■■■■■■■■■■■■■■■                                                                |  20% of 2.3 MiB
2026-01-20T00:12:11.7987393Z |■■■■■■■■■■■■■■■■■■■■■■■■                                                        |  30% of 2.3 MiB
2026-01-20T00:12:11.8009701Z |■■■■■■■■■■■■■■■■■■■■■■■■■■■■■■■■                                                |  40% of 2.3 MiB
2026-01-20T00:12:11.8035593Z |■■■■■■■■■■■■■■■■■■■■■■■■■■■■■■■■■■■■■■■■                                        |  50% of 2.3 MiB
2026-01-20T00:12:11.8046661Z |■■■■■■■■■■■■■■■■■■■■■■■■■■■■■■■■■■■■■■■■■■■■■■■■                                |  60% of 2.3 MiB
2026-01-20T00:12:11.8060259Z |■■■■■■■■■■■■■■■■■■■■■■■■■■■■■■■■■■■■■■■■■■■■■■■■■■■■■■■■                        |  70% of 2.3 MiB
2026-01-20T00:12:11.8077059Z |■■■■■■■■■■■■■■■■■■■■■■■■■■■■■■■■■■■■■■■■■■■■■■■■■■■■■■■■■■■■■■■■                |  80% of 2.3 MiB
2026-01-20T00:12:11.8090796Z |■■■■■■■■■■■■■■■■■■■■■■■■■■■■■■■■■■■■■■■■■■■■■■■■■■■■■■■■■■■■■■■■■■■■■■■■        |  90% of 2.3 MiB
2026-01-20T00:12:11.8100228Z |■■■■■■■■■■■■■■■■■■■■■■■■■■■■■■■■■■■■■■■■■■■■■■■■■■■■■■■■■■■■■■■■■■■■■■■■■■■■■■■■| 100% of 2.3 MiB
2026-01-20T00:12:11.8670626Z FFMPEG playwright build v1011 downloaded to /home/runner/.cache/ms-playwright/ffmpeg-1011
2026-01-20T00:12:11.8675253Z Downloading Chromium Headless Shell 143.0.7499.4 (playwright build v1200) from https://cdn.playwright.dev/dbazure/download/playwright/builds/chromium/1200/chromium-headless-shell-linux.zip
2026-01-20T00:12:11.9686150Z (node:2225) [DEP0169] DeprecationWarning: `url.parse()` behavior is not standardized and prone to errors that have security implications. Use the WHATWG URL API instead. CVEs are not issued for `url.parse()` vulnerabilities.
2026-01-20T00:12:11.9688033Z (Use `node --trace-deprecation ...` to show where the warning was created)
2026-01-20T00:12:12.0776996Z |                                                                                |   0% of 109.7 MiB
2026-01-20T00:12:12.2347668Z |■■■■■■■■                                                                        |  10% of 109.7 MiB
2026-01-20T00:12:12.3678045Z |■■■■■■■■■■■■■■■■                                                                |  20% of 109.7 MiB
2026-01-20T00:12:12.4826005Z |■■■■■■■■■■■■■■■■■■■■■■■■                                                        |  30% of 109.7 MiB
2026-01-20T00:12:12.6178112Z |■■■■■■■■■■■■■■■■■■■■■■■■■■■■■■■■                                                |  40% of 109.7 MiB
2026-01-20T00:12:12.7349036Z |■■■■■■■■■■■■■■■■■■■■■■■■■■■■■■■■■■■■■■■■                                        |  50% of 109.7 MiB
2026-01-20T00:12:12.8578469Z |■■■■■■■■■■■■■■■■■■■■■■■■■■■■■■■■■■■■■■■■■■■■■■■■                                |  60% of 109.7 MiB
2026-01-20T00:12:12.9574540Z |■■■■■■■■■■■■■■■■■■■■■■■■■■■■■■■■■■■■■■■■■■■■■■■■■■■■■■■■                        |  70% of 109.7 MiB
2026-01-20T00:12:13.0842260Z |■■■■■■■■■■■■■■■■■■■■■■■■■■■■■■■■■■■■■■■■■■■■■■■■■■■■■■■■■■■■■■■■                |  80% of 109.7 MiB
2026-01-20T00:12:13.2021361Z |■■■■■■■■■■■■■■■■■■■■■■■■■■■■■■■■■■■■■■■■■■■■■■■■■■■■■■■■■■■■■■■■■■■■■■■■        |  90% of 109.7 MiB
2026-01-20T00:12:13.2905216Z |■■■■■■■■■■■■■■■■■■■■■■■■■■■■■■■■■■■■■■■■■■■■■■■■■■■■■■■■■■■■■■■■■■■■■■■■■■■■■■■■| 100% of 109.7 MiB
2026-01-20T00:12:15.1851527Z Chromium Headless Shell 143.0.7499.4 (playwright build v1200) downloaded to /home/runner/.cache/ms-playwright/chromium_headless_shell-1200
2026-01-20T00:12:15.2088638Z ##[group]Run mkdir -p projects/ci_wordpress_demo
2026-01-20T00:12:15.2089051Z [36;1mmkdir -p projects/ci_wordpress_demo[0m
2026-01-20T00:12:15.2089425Z [36;1mcat > projects/ci_wordpress_demo/config.json << 'EOF'[0m
2026-01-20T00:12:15.2089989Z [36;1m{[0m
2026-01-20T00:12:15.2090209Z [36;1m  "project_name": "ci_wordpress_demo",[0m
2026-01-20T00:12:15.2090535Z [36;1m  "target_url": "https://tastewp.com/new",[0m
2026-01-20T00:12:15.2090866Z [36;1m  "goal": "Quick WordPress testing",[0m
2026-01-20T00:12:15.2091136Z [36;1m  "headless": true[0m
2026-01-20T00:12:15.2091346Z [36;1m}[0m
2026-01-20T00:12:15.2091523Z [36;1mEOF[0m
2026-01-20T00:12:15.2124669Z shell: /usr/bin/bash -e {0}
2026-01-20T00:12:15.2124925Z env:
2026-01-20T00:12:15.2125179Z   pythonLocation: /opt/hostedtoolcache/Python/3.11.14/x64
2026-01-20T00:12:15.2125612Z   PKG_CONFIG_PATH: /opt/hostedtoolcache/Python/3.11.14/x64/lib/pkgconfig
2026-01-20T00:12:15.2126054Z   Python_ROOT_DIR: /opt/hostedtoolcache/Python/3.11.14/x64
2026-01-20T00:12:15.2126428Z   Python2_ROOT_DIR: /opt/hostedtoolcache/Python/3.11.14/x64
2026-01-20T00:12:15.2126798Z   Python3_ROOT_DIR: /opt/hostedtoolcache/Python/3.11.14/x64
2026-01-20T00:12:15.2127173Z   LD_LIBRARY_PATH: /opt/hostedtoolcache/Python/3.11.14/x64/lib
2026-01-20T00:12:15.2127478Z ##[endgroup]
2026-01-20T00:12:15.2241153Z ##[group]Run # Use --deep for comprehensive regression suite
2026-01-20T00:12:15.2241609Z [36;1m# Use --deep for comprehensive regression suite[0m
2026-01-20T00:12:15.2242054Z [36;1mpython orchestrator.py --project projects/ci_wordpress_demo --deep --force[0m
2026-01-20T00:12:15.2274167Z shell: /usr/bin/bash -e {0}
2026-01-20T00:12:15.2274404Z env:
2026-01-20T00:12:15.2274651Z   pythonLocation: /opt/hostedtoolcache/Python/3.11.14/x64
2026-01-20T00:12:15.2275071Z   PKG_CONFIG_PATH: /opt/hostedtoolcache/Python/3.11.14/x64/lib/pkgconfig
2026-01-20T00:12:15.2275485Z   Python_ROOT_DIR: /opt/hostedtoolcache/Python/3.11.14/x64
2026-01-20T00:12:15.2276034Z   Python2_ROOT_DIR: /opt/hostedtoolcache/Python/3.11.14/x64
2026-01-20T00:12:15.2276405Z   Python3_ROOT_DIR: /opt/hostedtoolcache/Python/3.11.14/x64
2026-01-20T00:12:15.2276781Z   LD_LIBRARY_PATH: /opt/hostedtoolcache/Python/3.11.14/x64/lib
2026-01-20T00:12:15.2277301Z   GOOGLE_API_KEY: ***
2026-01-20T00:12:15.2277534Z   PYTHONPATH: .
2026-01-20T00:12:15.2277713Z ##[endgroup]
2026-01-20T00:12:16.9605402Z 🚀 [DEEP] Extensive mapping enabled (Depth: 3, Pages: 50)
2026-01-20T00:12:16.9605902Z 
2026-01-20T00:12:16.9606519Z 🗺️ [DISCOVERY] Starting Parallel Semantic Crawl on https://tastewp.com/new (Workers: 3)
2026-01-20T00:12:18.3448934Z   🔍 [Worker 0] Visiting (0): https://tastewp.com/new
2026-01-20T00:12:20.2674073Z [DEBUG] Sending request to gemini-2.0-flash. Number of parts: 1
2026-01-20T00:12:20.2674858Z [DEBUG] Received response (Length: 212)
2026-01-20T00:12:20.2676133Z   🔍 [Worker 1] Visiting (1): https://tastewp.com/create/NMS/8.5/6.9/tastewp-default/twentytwentythree
2026-01-20T00:12:20.2684469Z   🔍 [Worker 2] Visiting (1): https://tastewp.com
2026-01-20T00:12:25.1074993Z [CACHE HIT] 1f324102... (hits: 1, misses: 1)
2026-01-20T00:12:25.1076165Z [DEBUG] Sending request to gemini-2.0-flash. Number of parts: 1
2026-01-20T00:12:25.1077046Z [DEBUG] Received response (Length: 278)
2026-01-20T00:12:25.1078226Z   🔍 [Worker 0] Visiting (2): https://tastewp.com/premium-show
2026-01-20T00:12:25.1087702Z   🔍 [Worker 1] Visiting (2): https://tastewp.com/new/?pre-installed-theme-slug=neve
2026-01-20T00:12:25.1433724Z   🔍 [Worker 2] Visiting (2): https://tastewp.com/blog/use-links-to-spin-up-a-site
2026-01-20T00:12:26.0558220Z [CACHE HIT] 1f324102... (hits: 2, misses: 2)
2026-01-20T00:12:26.0559835Z [CACHE HIT] 343d93f5... (hits: 3, misses: 2)
2026-01-20T00:12:26.0561697Z   🔍 [Worker 1] Visiting (2): https://tastewp.com/blog/new-tastewp-module-for-teachers-and-students
2026-01-20T00:12:26.1661680Z   🔍 [Worker 0] Visiting (2): https://tastewp.com/new/?pre-installed-plugin-slug=akismet
2026-01-20T00:12:26.6573165Z [CACHE HIT] 1f324102... (hits: 4, misses: 2)
2026-01-20T00:12:26.6574118Z   🔍 [Worker 0] Visiting (2): https://tastewp.com/blog
2026-01-20T00:12:30.0937849Z [DEBUG] Sending request to gemini-2.0-flash. Number of parts: 1
2026-01-20T00:12:30.0938897Z [DEBUG] Sending request to gemini-2.0-flash. Number of parts: 1
2026-01-20T00:12:30.0939946Z [DEBUG] Sending request to gemini-2.0-flash. Number of parts: 1
2026-01-20T00:12:30.0940559Z [DEBUG] Received response (Length: 256)
2026-01-20T00:12:30.0941644Z   🔍 [Worker 1] Visiting (2): https://tastewp.com/blog/how-to-create-wordpress-product-demo
2026-01-20T00:12:30.1859736Z [DEBUG] Received response (Length: 262)
2026-01-20T00:12:30.1861894Z   🔍 [Worker 0] Visiting (2): https://tastewp.com/blog/the-tastewp-chrome-extension-is-live
2026-01-20T00:12:30.2330307Z [DEBUG] Received response (Length: 217)
2026-01-20T00:12:30.2336892Z   🔍 [Worker 2] Visiting (3): https://tastewp.com/create/NMS/8.5/6.9/tastewp-default/neve
2026-01-20T00:12:30.6176182Z [CACHE HIT] 1f324102... (hits: 5, misses: 5)
2026-01-20T00:12:30.6178798Z   🔍 [Worker 2] Visiting (3): https://tastewp.com/create/NMS/8.5/6.9/akismet/twentytwentythree
2026-01-20T00:12:31.0072427Z [CACHE HIT] 1f324102... (hits: 6, misses: 5)
2026-01-20T00:12:31.0075278Z   🔍 [Worker 2] Visiting (3): https://tastewp.com/dashboard
2026-01-20T00:12:32.0489969Z [DEBUG] Sending request to gemini-2.0-flash. Number of parts: 1
2026-01-20T00:12:32.0494472Z [DEBUG] Received response (Length: 303)
2026-01-20T00:12:32.0500593Z   🔍 [Worker 1] Visiting (3): https://tastewp.com/?open=setup
2026-01-20T00:12:36.9866197Z [DEBUG] Sending request to gemini-2.0-flash. Number of parts: 1
2026-01-20T00:12:36.9868595Z [DEBUG] Sending request to gemini-2.0-flash. Number of parts: 1
2026-01-20T00:12:36.9872240Z [DEBUG] Sending request to gemini-2.0-flash. Number of parts: 1
2026-01-20T00:12:36.9872831Z [DEBUG] Received response (Length: 168)
2026-01-20T00:12:36.9873830Z   🔍 [Worker 0] Visiting (3): https://blog.tastewp.com/?open=login
2026-01-20T00:12:37.0234883Z [DEBUG] Received response (Length: 173)
2026-01-20T00:12:37.0239384Z   🔍 [Worker 2] Visiting (3): https://blog.tastewp.com/new-tastewp-module-for-teachers-and-students
2026-01-20T00:12:37.1266338Z [DEBUG] Received response (Length: 257)
2026-01-20T00:12:37.1267266Z   🔍 [Worker 1] Visiting (3): https://blog.tastewp.com
2026-01-20T00:12:37.5956071Z [CACHE HIT] 56033909... (hits: 7, misses: 9)
2026-01-20T00:12:37.5957069Z   🔍 [Worker 0] Visiting (3): https://tastewp.com/?open=policy
2026-01-20T00:12:37.7398394Z [CACHE HIT] 56033909... (hits: 8, misses: 9)
2026-01-20T00:12:37.7400284Z   🔍 [Worker 1] Visiting (3): https://tastewp.com/?open=register
2026-01-20T00:12:38.0671983Z [CACHE HIT] bf11cdf7... (hits: 9, misses: 9)
2026-01-20T00:12:38.0684256Z   🔍 [Worker 2] Visiting (3): https://blog.tastewp.com/new-features
2026-01-20T00:12:41.8451486Z [DEBUG] Sending request to gemini-2.0-flash. Number of parts: 1
2026-01-20T00:12:41.8458827Z [DEBUG] Sending request to gemini-2.0-flash. Number of parts: 1
2026-01-20T00:12:41.8471340Z [DEBUG] Sending request to gemini-2.0-flash. Number of parts: 1
2026-01-20T00:12:41.8472037Z [DEBUG] Received response (Length: 184)
2026-01-20T00:12:41.8473043Z   🔍 [Worker 1] Visiting (3): https://tastewp.com/?open=login
2026-01-20T00:12:42.0051008Z [DEBUG] Received response (Length: 294)
2026-01-20T00:12:42.0052390Z   🔍 [Worker 2] Visiting (3): https://blog.tastewp.com/use-links-to-spin-up-a-site
2026-01-20T00:12:42.1271181Z [DEBUG] Received response (Length: 341)
2026-01-20T00:12:42.1272309Z   🔍 [Worker 0] Visiting (3): https://blog.tastewp.com/tastewp-launches-premium-offer
2026-01-20T00:12:42.4840194Z [CACHE HIT] 84306fa7... (hits: 10, misses: 12)
2026-01-20T00:12:42.4841563Z   🔍 [Worker 1] Visiting (3): https://blog.tastewp.com/introducing-site-recipes-full-scale-demo-sites-on-tastewp
2026-01-20T00:12:43.1540404Z [CACHE HIT] 3abbcbe6... (hits: 11, misses: 12)
2026-01-20T00:12:43.1541436Z   🔍 [Worker 2] Visiting (3): https://blog.tastewp.com/news
2026-01-20T00:12:43.8978996Z [DEBUG] Sending request to gemini-2.0-flash. Number of parts: 1
2026-01-20T00:12:43.8981424Z [DEBUG] Received response (Length: 224)
2026-01-20T00:12:43.8984181Z   🔍 [Worker 0] Visiting (3): https://blog.tastewp.com/welcome-to-the-tastewp-blog
2026-01-20T00:12:48.9683771Z [DEBUG] Sending request to gemini-2.0-flash. Number of parts: 1
2026-01-20T00:12:48.9694164Z [DEBUG] Sending request to gemini-2.0-flash. Number of parts: 1
2026-01-20T00:12:48.9697354Z [DEBUG] Sending request to gemini-2.0-flash. Number of parts: 1
2026-01-20T00:12:48.9699355Z [DEBUG] Received response (Length: 259)
2026-01-20T00:12:48.9702450Z   🔍 [Worker 1] Visiting (3): https://blog.tastewp.com/use-your-own-domain-on-tastewp
2026-01-20T00:12:49.0708896Z [DEBUG] Received response (Length: 291)
2026-01-20T00:12:49.0709672Z [DEBUG] Received response (Length: 274)
2026-01-20T00:12:49.0710880Z   🔍 [Worker 2] Visiting (3): https://blog.tastewp.com/the-tastewp-chrome-extension-is-live
2026-01-20T00:12:49.0725002Z   🔍 [Worker 0] Visiting (3): https://blog.tastewp.com/how-to-create-wordpress-product-demo
2026-01-20T00:12:49.9467220Z [CACHE HIT] 2a00e821... (hits: 12, misses: 17)
2026-01-20T00:12:49.9468594Z   🔍 [Worker 0] Visiting (3): https://blog.tastewp.com/weve-reached-1-million-sites
2026-01-20T00:12:50.0693339Z [CACHE HIT] a79b3b43... (hits: 13, misses: 17)
2026-01-20T00:12:50.0694623Z   🔍 [Worker 2] Visiting (3): https://blog.tastewp.com/guides
2026-01-20T00:12:53.8554654Z [DEBUG] Sending request to gemini-2.0-flash. Number of parts: 1
2026-01-20T00:12:53.8555910Z [DEBUG] Sending request to gemini-2.0-flash. Number of parts: 1
2026-01-20T00:12:53.8556595Z [DEBUG] Sending request to gemini-2.0-flash. Number of parts: 1
2026-01-20T00:12:53.8557135Z [DEBUG] Received response (Length: 150)
2026-01-20T00:12:53.8558221Z   🔍 [Worker 0] Visiting (3): https://blog.tastewp.com/how-to-create-free-wordpress-staging-site
2026-01-20T00:12:53.9932561Z [DEBUG] Received response (Length: 238)
2026-01-20T00:12:53.9933916Z   🔍 [Worker 1] Visiting (3): https://blog.tastewp.com/general
2026-01-20T00:12:54.1498005Z [DEBUG] Received response (Length: 334)
2026-01-20T00:12:54.1499290Z   🔍 [Worker 2] Visiting (3): https://tastewp.com/dashboard/recipes
2026-01-20T00:12:55.2871245Z [DEBUG] Sending request to gemini-2.0-flash. Number of parts: 1
2026-01-20T00:12:55.2882653Z [CACHE HIT] 84306fa7... (hits: 14, misses: 21)
2026-01-20T00:12:55.2884523Z   🔍 [Worker 2] Visiting (3): https://tastewp.com/new?pre-installed-plugin-slug=backup-migration&redirect=admin.php%3Fpage%3Dbackup-migration&ni=true
2026-01-20T00:12:55.5532993Z [DEBUG] Received response (Length: 310)
2026-01-20T00:12:55.5534627Z   🔍 [Worker 0] Visiting (3): https://tastewp.com/new/?ni=true
2026-01-20T00:12:55.8472489Z [CACHE HIT] 1f324102... (hits: 15, misses: 21)
2026-01-20T00:12:55.8473862Z   🔍 [Worker 2] Visiting (3): https://tastewp.com/new/?pre-installed-theme-slug=twentytwentyone
2026-01-20T00:12:56.1060763Z [CACHE HIT] 1f324102... (hits: 16, misses: 21)
2026-01-20T00:12:56.1061981Z   🔍 [Worker 0] Visiting (3): https://demo.tastewp.com/akismet
2026-01-20T00:12:56.3384248Z [CACHE HIT] 1f324102... (hits: 17, misses: 21)
2026-01-20T00:12:56.3385645Z   🔍 [Worker 2] Visiting (3): https://demo.tastewp.com/astra-bundle
2026-01-20T00:13:00.3955614Z [DEBUG] Sending request to gemini-2.0-flash. Number of parts: 1
2026-01-20T00:13:00.3956450Z [DEBUG] Sending request to gemini-2.0-flash. Number of parts: 1
2026-01-20T00:13:00.3958125Z [DEBUG] Sending request to gemini-2.0-flash. Number of parts: 1
2026-01-20T00:13:00.3958835Z [DEBUG] Received response (Length: 168)
2026-01-20T00:13:00.3959956Z   🔍 [Worker 0] Visiting (3): https://tastewp.com/recipe/SiteRecipeDemo
2026-01-20T00:13:00.4209041Z [DEBUG] Received response (Length: 139)
2026-01-20T00:13:00.4215267Z   🔍 [Worker 2] Visiting (3): https://demo.tastewp.com/cdp-premium
2026-01-20T00:13:00.6865860Z [DEBUG] Sending request to gemini-2.0-flash. Number of parts: 1
2026-01-20T00:13:00.6868289Z [DEBUG] Received response (Length: 249)
2026-01-20T00:13:00.6870341Z   🔍 [Worker 1] Visiting (3): https://tastewp.com/dashboard/premium
2026-01-20T00:13:06.3135443Z [DEBUG] Received response (Length: 168)
2026-01-20T00:13:06.3136164Z [DEBUG] Sending request to gemini-2.0-flash. Number of parts: 1
2026-01-20T00:13:06.3136933Z [DEBUG] Sending request to gemini-2.0-flash. Number of parts: 1
2026-01-20T00:13:06.3137578Z [DEBUG] Received response (Length: 168)
2026-01-20T00:13:06.3138080Z [DEBUG] Received response (Length: 154)
2026-01-20T00:13:06.3138814Z ✅ Discovery Complete. Mapped 43 pages.
2026-01-20T00:13:10.7857634Z 
2026-01-20T00:13:10.7858551Z [PLAN] PLANNER: Planning goal -> 'Quick WordPress testing' (Deep Mode: True)
2026-01-20T00:13:10.7859751Z 🗺️ [PLAN] Loaded Sitemap with 43 pages.
2026-01-20T00:13:10.7860261Z 📊 [KNOWLEDGE] Page types: ['unknown', 'homepage']
2026-01-20T00:13:10.7860739Z 🔄 [KNOWLEDGE] Flows: 0, Forms: 21
2026-01-20T00:13:10.7862010Z 🎭 [EXPERT] Detected Domain: GENERAL. Persona: Act as Senior SDET focusing on exploring the application to understand functional flow and identifying critical paths for end-to-end automation
2026-01-20T00:13:10.7863272Z [DEBUG] Sending request to gemini-2.0-flash. Number of parts: 1
2026-01-20T00:13:10.7863767Z [DEBUG] Received response (Length: 2815)
2026-01-20T00:13:10.7864250Z ✅ Planner generated 4 scenarios. Workflow updated.
2026-01-20T00:13:11.8566706Z 
2026-01-20T00:13:11.8567538Z 🕵️ [DEEP EXPLORER] Starting Multi-Scenario Exploration
2026-01-20T00:13:11.8568233Z 📋 Found 4 scenarios to explore.
2026-01-20T00:13:12.2250604Z 
2026-01-20T00:13:12.2251155Z [1/4] Exploring Scenario: Create a new WordPress site with default settings
2026-01-20T00:13:12.2252171Z     🧠 Initialized exploration context for goal: 'Verify that a new WordPress site can be created with the default settings.'
2026-01-20T00:13:12.2252865Z     🎯 Scenario: Create a new WordPress site with default settings
2026-01-20T00:13:12.2261359Z   ▶️ [STEP step_1] NAVIGATE: 
2026-01-20T00:13:12.9945894Z     ✅ Navigated to https://tastewp.com/new
2026-01-20T00:13:12.9947042Z   ▶️ [STEP step_2] ASSERT_VISIBLE: TasteWP.com
2026-01-20T00:13:13.0158054Z     🔍 Mining locators for: 'TasteWP.com'
2026-01-20T00:13:13.0522324Z     🧠 Consulting AI (Vision-First) to find 'TasteWP.com'...
2026-01-20T00:13:13.0556174Z     🔍 Trying smart selectors for 'TasteWP.com'...
2026-01-20T00:13:13.1401327Z     🔍 [SMART] Searching for: 'TasteWP.com' (trying 15+ strategies)
2026-01-20T00:13:13.1402284Z     ⚠️ Smart selectors failed (no unique match). Falling back to AI Vision...
2026-01-20T00:13:13.1403866Z     🧠 [EXPERT] Strategy: Act as Senior SDET focusing on exploring the application to understand functional flow and identifying critical paths for end-to-end automation.
2026-01-20T00:13:14.7460732Z [DEBUG] Sending request to gemini-2.0-flash. Number of parts: 2
2026-01-20T00:13:14.7461630Z [DEBUG] Received response (Length: 280)
2026-01-20T00:13:14.7463778Z     💡 Expert Suggestion: The page shows a 'BANNED' message, suggesting an error page. Navigating to the homepage might allow finding the desired element or a search bar.
2026-01-20T00:13:14.7465746Z     🛠️ Executing corrective action: click -> 'Home'
2026-01-20T00:13:14.8119700Z     🔄 Retry 1/3 mining locators for 'TasteWP.com'...
2026-01-20T00:13:15.8384705Z     🧠 Consulting AI (Vision-First) to find 'TasteWP.com'...
2026-01-20T00:13:15.8385400Z     🔍 Trying smart selectors for 'TasteWP.com'...
2026-01-20T00:13:15.9214242Z     🔍 [SMART] Searching for: 'TasteWP.com' (trying 15+ strategies)
2026-01-20T00:13:15.9215168Z     ⚠️ Smart selectors failed (no unique match). Falling back to AI Vision...
2026-01-20T00:13:15.9216884Z     🧠 [EXPERT] Strategy: Act as Senior SDET focusing on exploring the application to understand functional flow and identifying critical paths for end-to-end automation.
2026-01-20T00:13:19.7024365Z [DEBUG] Sending request to gemini-2.0-flash. Number of parts: 2
2026-01-20T00:13:19.7024944Z [DEBUG] Received response (Length: 288)
2026-01-20T00:13:19.7026358Z     💡 Expert Suggestion: The page indicates a ban due to too many requests. TasteWP.com might be found after the ban is lifted, potentially through a contact or support page.
2026-01-20T00:13:19.7027528Z     🛠️ Executing corrective action: click -> 'Contact'
2026-01-20T00:13:19.7353828Z     🔄 Retry 2/3 mining locators for 'TasteWP.com'...
2026-01-20T00:13:20.7360471Z     🗑️ Invalidating stale AI cache (retry 2)...
2026-01-20T00:13:20.7609171Z     🧠 Consulting AI (Vision-First) to find 'TasteWP.com'...
2026-01-20T00:13:20.7610119Z     🔍 Trying smart selectors for 'TasteWP.com'...
2026-01-20T00:13:20.8381079Z     🔍 [SMART] Searching for: 'TasteWP.com' (trying 15+ strategies)
2026-01-20T00:13:20.8382257Z     ⚠️ Smart selectors failed (no unique match). Falling back to AI Vision...
2026-01-20T00:13:20.8384356Z     🧠 [EXPERT] Strategy: Act as Senior SDET focusing on exploring the application to understand functional flow and identifying critical paths for end-to-end automation.
2026-01-20T00:13:24.7558153Z [DEBUG] Sending request to gemini-2.0-flash. Number of parts: 2
2026-01-20T00:13:24.7559159Z [DEBUG] Received response (Length: 234)
2026-01-20T00:13:24.7560383Z     ⚠️ Skipping duplicate injection: Home
2026-01-20T00:13:24.7561472Z     🧠 Verifying step validity for 'TasteWP.com' after no candidates found...
2026-01-20T00:13:30.0448545Z [DEBUG] Sending request to gemini-2.0-flash. Number of parts: 2
2026-01-20T00:13:30.0449132Z [DEBUG] Received response (Length: 257)
2026-01-20T00:13:30.0451023Z     🗑️ Step deemed INVALID: The page shows a 'BANNED' message, indicating the IP address has been temporarily blocked. The element 'TasteWP.com' is not visible on this page. Therefore, it's not possible to interact with it.. Removing from workflow.
2026-01-20T00:13:30.0454195Z     ⏭️ Skipping execution of invalid step: TasteWP.com
2026-01-20T00:13:32.0821763Z 
2026-01-20T00:13:32.0822616Z [2/4] Exploring Scenario: Create a new WordPress site with a pre-installed theme
2026-01-20T00:13:32.0824174Z     🧠 Initialized exploration context for goal: 'Verify that a new WordPress site can be created with a specified pre-installed theme.'
2026-01-20T00:13:32.0825867Z     🎯 Scenario: Create a new WordPress site with a pre-installed theme
2026-01-20T00:13:32.0826578Z   ▶️ [STEP step_1] NAVIGATE: 
2026-01-20T00:13:33.1685716Z     ✅ Navigated to https://tastewp.com/new
2026-01-20T00:13:33.1686599Z   ▶️ [STEP step_2] NAVIGATE: 
2026-01-20T00:13:34.1866041Z     ✅ Navigated to https://tastewp.com/new/?pre-installed-theme-slug=neve
2026-01-20T00:13:34.1867007Z   ▶️ [STEP step_3] ASSERT_VISIBLE: TasteWP.com
2026-01-20T00:13:34.2029231Z     🔍 Mining locators for: 'TasteWP.com'
2026-01-20T00:13:34.2348143Z     🧠 Consulting AI (Vision-First) to find 'TasteWP.com'...
2026-01-20T00:13:34.2348875Z     🔍 Trying smart selectors for 'TasteWP.com'...
2026-01-20T00:13:34.3122503Z     🔍 [SMART] Searching for: 'TasteWP.com' (trying 15+ strategies)
2026-01-20T00:13:34.3123419Z     ⚠️ Smart selectors failed (no unique match). Falling back to AI Vision...
2026-01-20T00:13:34.3124426Z     🧠 [EXPERT] Strategy: Act as Senior SDET focusing on exploring the application to understand functional flow and identifying critical paths for end-to-end automation.
2026-01-20T00:13:36.0159695Z [DEBUG] Sending request to gemini-2.0-flash. Number of parts: 2
2026-01-20T00:13:36.0160310Z [DEBUG] Received response (Length: 359)
2026-01-20T00:13:36.0161913Z     💡 Expert Suggestion: The current page is a 'BANNED' page, suggesting the user has been blocked. Navigating to the home page might allow the user to start over or find information about the block. TasteWP.com is likely linked from the home page.
2026-01-20T00:13:36.0163310Z     🛠️ Executing corrective action: click -> 'Home'
2026-01-20T00:13:36.0511966Z     🔄 Retry 1/3 mining locators for 'TasteWP.com'...
2026-01-20T00:13:37.0779358Z     🧠 Consulting AI (Vision-First) to find 'TasteWP.com'...
2026-01-20T00:13:37.0780394Z     🔍 Trying smart selectors for 'TasteWP.com'...
2026-01-20T00:13:37.1527388Z     🔍 [SMART] Searching for: 'TasteWP.com' (trying 15+ strategies)
2026-01-20T00:13:37.1528330Z     ⚠️ Smart selectors failed (no unique match). Falling back to AI Vision...
2026-01-20T00:13:37.1529284Z     🧠 [EXPERT] Strategy: Act as Senior SDET focusing on exploring the application to understand functional flow and identifying critical paths for end-to-end automation.
2026-01-20T00:13:40.8292637Z [DEBUG] Sending request to gemini-2.0-flash. Number of parts: 2
2026-01-20T00:13:40.8293151Z [DEBUG] Received response (Length: 272)
2026-01-20T00:13:40.8293748Z     ⚠️ Skipping duplicate injection: Home
2026-01-20T00:13:40.8294220Z     🔄 Retry 2/3 mining locators for 'TasteWP.com'...
2026-01-20T00:13:41.8306042Z     🗑️ Invalidating stale AI cache (retry 2)...
2026-01-20T00:13:41.8556760Z     🧠 Consulting AI (Vision-First) to find 'TasteWP.com'...
2026-01-20T00:13:41.8557563Z     🔍 Trying smart selectors for 'TasteWP.com'...
2026-01-20T00:13:41.9303362Z     🔍 [SMART] Searching for: 'TasteWP.com' (trying 15+ strategies)
2026-01-20T00:13:41.9304360Z     ⚠️ Smart selectors failed (no unique match). Falling back to AI Vision...
2026-01-20T00:13:41.9305960Z     🧠 [EXPERT] Strategy: Act as Senior SDET focusing on exploring the application to understand functional flow and identifying critical paths for end-to-end automation.
2026-01-20T00:13:45.9324429Z [DEBUG] Sending request to gemini-2.0-flash. Number of parts: 2
2026-01-20T00:13:45.9325195Z [DEBUG] Received response (Length: 288)
2026-01-20T00:13:45.9326966Z     💡 Expert Suggestion: The page indicates a ban, so navigating back to the homepage or a main navigation page is the most logical step to find the desired content.
2026-01-20T00:13:45.9328035Z     🛠️ Executing corrective action: click -> 'Back to Homepage'
2026-01-20T00:13:45.9672486Z     🧠 Verifying step validity for 'TasteWP.com' after no candidates found...
2026-01-20T00:13:50.7957932Z [DEBUG] Sending request to gemini-2.0-flash. Number of parts: 2
2026-01-20T00:13:50.7958542Z [DEBUG] Received response (Length: 319)
2026-01-20T00:13:50.7961398Z     🗑️ Step deemed INVALID: The page shows a 'BANNED' message, indicating that the IP address has been temporarily blocked due to excessive requests. The 'TasteWP.com' element is not visible on this page, so it's not possible to interact with it. The current task is therefore invalid.. Removing from workflow.
2026-01-20T00:13:50.7963158Z     ⏭️ Skipping execution of invalid step: TasteWP.com
2026-01-20T00:13:52.8306695Z 
2026-01-20T00:13:52.8307553Z [3/4] Exploring Scenario: Create a new WordPress site with a pre-installed plugin
2026-01-20T00:13:52.8309217Z     🧠 Initialized exploration context for goal: 'Verify that a new WordPress site can be created with a specified pre-installed plugin.'
2026-01-20T00:13:52.8310701Z     🎯 Scenario: Create a new WordPress site with a pre-installed plugin
2026-01-20T00:13:52.8311384Z   ▶️ [STEP step_1] NAVIGATE: 
2026-01-20T00:13:53.9061176Z     ✅ Navigated to https://tastewp.com/new
2026-01-20T00:13:53.9062074Z   ▶️ [STEP step_2] NAVIGATE: 
2026-01-20T00:13:54.9222463Z     ✅ Navigated to https://tastewp.com/new/?pre-installed-plugin-slug=akismet
2026-01-20T00:13:54.9223398Z   ▶️ [STEP step_3] ASSERT_VISIBLE: TasteWP.com
2026-01-20T00:13:54.9383466Z     🔍 Mining locators for: 'TasteWP.com'
2026-01-20T00:13:54.9667242Z     🧠 Consulting AI (Vision-First) to find 'TasteWP.com'...
2026-01-20T00:13:54.9667766Z     🔍 Trying smart selectors for 'TasteWP.com'...
2026-01-20T00:13:55.0426144Z     🔍 [SMART] Searching for: 'TasteWP.com' (trying 15+ strategies)
2026-01-20T00:13:55.0427127Z     ⚠️ Smart selectors failed (no unique match). Falling back to AI Vision...
2026-01-20T00:13:55.0428143Z     🧠 [EXPERT] Strategy: Act as Senior SDET focusing on exploring the application to understand functional flow and identifying critical paths for end-to-end automation.
2026-01-20T00:13:56.5563604Z [DEBUG] Sending request to gemini-2.0-flash. Number of parts: 2
2026-01-20T00:13:56.5587550Z [DEBUG] Received response (Length: 236)
2026-01-20T00:13:56.5588853Z     💡 Expert Suggestion: The page is currently banned, so navigating to the home page might help to find the desired element.
2026-01-20T00:13:56.5589892Z     🛠️ Executing corrective action: click -> 'Home'
2026-01-20T00:13:56.5868269Z     🔄 Retry 1/3 mining locators for 'TasteWP.com'...
2026-01-20T00:13:57.6181232Z     🧠 Consulting AI (Vision-First) to find 'TasteWP.com'...
2026-01-20T00:13:57.6182054Z     🔍 Trying smart selectors for 'TasteWP.com'...
2026-01-20T00:13:57.6930017Z     🔍 [SMART] Searching for: 'TasteWP.com' (trying 15+ strategies)
2026-01-20T00:13:57.6930881Z     ⚠️ Smart selectors failed (no unique match). Falling back to AI Vision...
2026-01-20T00:13:57.6931836Z     🧠 [EXPERT] Strategy: Act as Senior SDET focusing on exploring the application to understand functional flow and identifying critical paths for end-to-end automation.
2026-01-20T00:14:01.5226177Z [DEBUG] Sending request to gemini-2.0-flash. Number of parts: 2
2026-01-20T00:14:01.5226635Z [DEBUG] Received response (Length: 234)
2026-01-20T00:14:01.5227257Z     ⚠️ Skipping duplicate injection: Home
2026-01-20T00:14:01.5227675Z     🔄 Retry 2/3 mining locators for 'TasteWP.com'...
2026-01-20T00:14:02.5240226Z     🗑️ Invalidating stale AI cache (retry 2)...
2026-01-20T00:14:02.5492470Z     🧠 Consulting AI (Vision-First) to find 'TasteWP.com'...
2026-01-20T00:14:02.5493683Z     🔍 Trying smart selectors for 'TasteWP.com'...
2026-01-20T00:14:02.6259846Z     🔍 [SMART] Searching for: 'TasteWP.com' (trying 15+ strategies)
2026-01-20T00:14:02.6260965Z     ⚠️ Smart selectors failed (no unique match). Falling back to AI Vision...
2026-01-20T00:14:02.6262671Z     🧠 [EXPERT] Strategy: Act as Senior SDET focusing on exploring the application to understand functional flow and identifying critical paths for end-to-end automation.
2026-01-20T00:14:06.6243793Z [DEBUG] Sending request to gemini-2.0-flash. Number of parts: 2
2026-01-20T00:14:06.6244402Z [DEBUG] Received response (Length: 297)
2026-01-20T00:14:06.6244996Z     ⚠️ Skipping duplicate injection: Home
2026-01-20T00:14:06.6245893Z     🧠 Verifying step validity for 'TasteWP.com' after no candidates found...
2026-01-20T00:14:11.7664181Z [DEBUG] Sending request to gemini-2.0-flash. Number of parts: 2
2026-01-20T00:14:11.7664681Z [DEBUG] Received response (Length: 297)
2026-01-20T00:14:11.7666465Z     🗑️ Step deemed INVALID: The screenshot shows a 'BANNED' page, indicating the IP address has been temporarily blocked due to excessive requests. The element 'TasteWP.com' is not visible on this page. Therefore, it's not possible to locate and interact with it.. Removing from workflow.
2026-01-20T00:14:11.7667919Z     ⏭️ Skipping execution of invalid step: TasteWP.com
2026-01-20T00:14:13.8017880Z 
2026-01-20T00:14:13.8018794Z [4/4] Exploring Scenario: Navigate to the blog and search for a post
2026-01-20T00:14:13.8020758Z     🧠 Initialized exploration context for goal: 'Verify that the user can navigate to the blog and search for a specific post.'
2026-01-20T00:14:13.8022154Z     🎯 Scenario: Navigate to the blog and search for a post
2026-01-20T00:14:13.8024226Z   ▶️ [STEP step_1] NAVIGATE: 
2026-01-20T00:14:14.5524663Z     ✅ Navigated to https://tastewp.com/new
2026-01-20T00:14:14.5525327Z   ▶️ [STEP step_2] NAVIGATE: 
2026-01-20T00:14:16.2535534Z     ✅ Navigated to https://tastewp.com/blog
2026-01-20T00:14:16.2536102Z   ▶️ [STEP step_3] FILL: Search in blog posts
2026-01-20T00:14:16.2780844Z     🔍 Mining locators for: 'Search in blog posts'
2026-01-20T00:14:16.3742315Z     ✅ Found 3 verified locators
2026-01-20T00:14:22.3582748Z     ✅ State transitioned.
2026-01-20T00:14:24.1820418Z [DEBUG] Sending request to gemini-2.0-flash. Number of parts: 2
2026-01-20T00:14:24.1821129Z [DEBUG] Received response (Length: 219)
2026-01-20T00:14:24.1822008Z     🤖 AI Next Step Suggestion: click -> WordPress
2026-01-20T00:14:24.1822601Z     🧩 Suggested Locator: a
2026-01-20T00:14:24.1823594Z     💭 Reasoning: After filling the search bar, the next logical step is to click the search button or the suggested search term to initiate the search.
2026-01-20T00:14:24.1824442Z     ➕ Injected AI step: click -> WordPress
2026-01-20T00:14:24.1824825Z   ▶️ [STEP step_3_ai_1] CLICK: WordPress
2026-01-20T00:14:24.1881627Z     🎯 Using AI-provided locator: a
2026-01-20T00:14:24.2030167Z     ✅ Found 1 verified locators
2026-01-20T00:14:28.2698612Z     ✅ State transitioned.
2026-01-20T00:14:30.1172779Z [DEBUG] Sending request to gemini-2.0-flash. Number of parts: 2
2026-01-20T00:14:30.1173200Z [DEBUG] Received response (Length: 133)
2026-01-20T00:14:30.1173903Z     🤖 AI Next Step Suggestion: done -> N/A
2026-01-20T00:14:30.1174888Z     💭 Reasoning: The page indicates the IP is banned and the goal cannot be achieved until the ban is lifted.
2026-01-20T00:14:30.1175830Z   ▶️ [STEP step_4] PRESS: Search in blog posts
2026-01-20T00:14:30.1393396Z     🔍 Mining locators for: 'Search in blog posts'
2026-01-20T00:14:30.1652630Z     🧠 Consulting AI (Vision-First) to find 'Search in blog posts'...
2026-01-20T00:14:30.1653475Z     🔍 Trying smart selectors for 'Search in blog posts'...
2026-01-20T00:14:30.2698499Z     🔍 [SMART] Searching for: 'Search in blog posts' (trying 15+ strategies)
2026-01-20T00:14:30.2699361Z     ⚠️ Smart selectors failed (no unique match). Falling back to AI Vision...
2026-01-20T00:14:30.2700933Z     🧠 [EXPERT] Strategy: Act as Senior SDET focusing on exploring the application to understand functional flow and identifying critical paths for end-to-end automation.
2026-01-20T00:14:35.0145568Z [DEBUG] Sending request to gemini-2.0-flash. Number of parts: 2
2026-01-20T00:14:35.0146374Z [DEBUG] Received response (Length: 272)
2026-01-20T00:14:35.0148310Z     💡 Expert Suggestion: The current page indicates a ban, suggesting an error page. Navigating to the 'Home' page is a standard first step to find a search bar.
2026-01-20T00:14:35.0150231Z     🛠️ Executing corrective action: click -> 'Home'
2026-01-20T00:14:35.0481689Z     🔄 Retry 1/3 mining locators for 'Search in blog posts'...
2026-01-20T00:14:36.0747500Z     🧠 Consulting AI (Vision-First) to find 'Search in blog posts'...
2026-01-20T00:14:36.0748486Z     🔍 Trying smart selectors for 'Search in blog posts'...
2026-01-20T00:14:36.1772317Z     🔍 [SMART] Searching for: 'Search in blog posts' (trying 15+ strategies)
2026-01-20T00:14:36.1773235Z     ⚠️ Smart selectors failed (no unique match). Falling back to AI Vision...
2026-01-20T00:14:36.1774158Z     🧠 [EXPERT] Strategy: Act as Senior SDET focusing on exploring the application to understand functional flow and identifying critical paths for end-to-end automation.
2026-01-20T00:14:40.0124350Z [DEBUG] Sending request to gemini-2.0-flash. Number of parts: 2
2026-01-20T00:14:40.0124982Z [DEBUG] Received response (Length: 276)
2026-01-20T00:14:40.0125586Z     ⚠️ Skipping duplicate injection: Home
2026-01-20T00:14:40.0126001Z     🔄 Retry 2/3 mining locators for 'Search in blog posts'...
2026-01-20T00:14:41.0137649Z     🗑️ Invalidating stale AI cache (retry 2)...
2026-01-20T00:14:41.0393268Z     🧠 Consulting AI (Vision-First) to find 'Search in blog posts'...
2026-01-20T00:14:41.0394166Z     🔍 Trying smart selectors for 'Search in blog posts'...
2026-01-20T00:14:41.1385093Z     🔍 [SMART] Searching for: 'Search in blog posts' (trying 15+ strategies)
2026-01-20T00:14:41.1385956Z     ⚠️ Smart selectors failed (no unique match). Falling back to AI Vision...
2026-01-20T00:14:41.1386904Z     🧠 [EXPERT] Strategy: Act as Senior SDET focusing on exploring the application to understand functional flow and identifying critical paths for end-to-end automation.
2026-01-20T00:14:44.8137987Z [DEBUG] Sending request to gemini-2.0-flash. Number of parts: 2
2026-01-20T00:14:44.8138716Z [DEBUG] Received response (Length: 349)
2026-01-20T00:14:44.8139436Z     ⚠️ Skipping duplicate injection: Home
2026-01-20T00:14:44.8140508Z     🧠 Verifying step validity for 'Search in blog posts' after no candidates found...
2026-01-20T00:14:49.9811383Z [DEBUG] Sending request to gemini-2.0-flash. Number of parts: 2
2026-01-20T00:14:49.9812040Z [DEBUG] Received response (Length: 352)
2026-01-20T00:14:49.9814176Z     🗑️ Step deemed INVALID: The page shows a 'BANNED' message, indicating that the IP address has been blocked due to too many requests. Therefore, the 'Search in blog posts' element is not visible or accessible on the page in its current state. It is not possible to interact with the website until the ban is lifted.. Removing from workflow.
2026-01-20T00:14:49.9816086Z     ⏭️ Skipping execution of invalid step: Search in blog posts
2026-01-20T00:14:49.9816460Z   ▶️ [STEP step_5] ASSERT_URL: 
2026-01-20T00:14:54.9987911Z     ⚠️ Scroll into view failed for text=None. Proceeding anyway.
2026-01-20T00:14:57.0011218Z     ✅ State transitioned.
2026-01-20T00:14:58.3559321Z [DEBUG] Sending request to gemini-2.0-flash. Number of parts: 2
2026-01-20T00:14:58.3560104Z [DEBUG] Received response (Length: 133)
2026-01-20T00:14:58.3560788Z     🤖 AI Next Step Suggestion: done -> N/A
2026-01-20T00:14:58.3561618Z     💭 Reasoning: The page indicates the IP is banned and the goal cannot be achieved until the ban is lifted.
2026-01-20T00:15:00.3913776Z 🗂️  All generated tests written to /home/runner/work/build_qa_automation/build_qa_automation/projects/ci_wordpress_demo/tests/generated_scenarios.json
2026-01-20T00:15:00.3914894Z 
2026-01-20T00:15:00.3915855Z 📝 Processing scenario 'Create a new WordPress site with default settings' with 1 steps
2026-01-20T00:15:00.3917141Z ✅ Updated scenario 'Create a new WordPress site with default settings' with 1 validated steps
2026-01-20T00:15:00.3917813Z 
2026-01-20T00:15:00.3918466Z 📝 Processing scenario 'Create a new WordPress site with a pre-installed theme' with 2 steps
2026-01-20T00:15:00.3920057Z ✅ Updated scenario 'Create a new WordPress site with a pre-installed theme' with 2 validated steps
2026-01-20T00:15:00.3920788Z 
2026-01-20T00:15:00.3921440Z 📝 Processing scenario 'Create a new WordPress site with a pre-installed plugin' with 2 steps
2026-01-20T00:15:00.3922779Z ✅ Updated scenario 'Create a new WordPress site with a pre-installed plugin' with 2 validated steps
2026-01-20T00:15:00.3923503Z 
2026-01-20T00:15:00.3924017Z 📝 Processing scenario 'Navigate to the blog and search for a post' with 5 steps
2026-01-20T00:15:00.3924835Z   🔍 Step 2 (fill): Found 3 mined locators
2026-01-20T00:15:00.3925781Z       ⚠️ Skipping low-confidence locator (0.60): [placeholder='Search in blog posts']...
2026-01-20T00:15:00.3926683Z       ✅ Kept robust locator (0.85): #s...
2026-01-20T00:15:00.3927354Z       ✅ Kept robust locator (0.75): input[name='s']...
2026-01-20T00:15:00.3928158Z   💾 Saved 2 robust locators (top stability: 0.85)
2026-01-20T00:15:00.3928820Z   🔍 Step 3 (click): Found 1 mined locators
2026-01-20T00:15:00.3929416Z       ✅ Kept robust locator (0.95): a...
2026-01-20T00:15:00.3930256Z   💾 Saved 1 robust locators (top stability: 0.95)
2026-01-20T00:15:00.3931150Z ✅ Updated scenario 'Navigate to the blog and search for a post' with 5 validated steps
2026-01-20T00:15:00.3932087Z 🔄 Updated workflow.json with discovered steps and locators.
2026-01-20T00:15:00.3932511Z 
2026-01-20T00:15:00.3932710Z ============================================================
2026-01-20T00:15:00.3933304Z 📊 EXPLORER PERFORMANCE SUMMARY
2026-01-20T00:15:00.3933795Z ============================================================
2026-01-20T00:15:00.3934166Z 
2026-01-20T00:15:00.3934412Z 🔍 Locator Mining:
2026-01-20T00:15:00.3934846Z    • Total Locators Mined: 4
2026-01-20T00:15:00.3935356Z    • Filtered Out (Brittle): 1 (25.0%)
2026-01-20T00:15:00.3935929Z    • Saved to Golden Path: 3 (75.0%)
2026-01-20T00:15:00.3936112Z 
2026-01-20T00:15:00.3936229Z ⚠️  Filtering Breakdown:
2026-01-20T00:15:00.3936747Z    • Low Confidence (<0.75): 1
2026-01-20T00:15:00.3937034Z 
2026-01-20T00:15:00.3937254Z ✅ Golden Path Quality:
2026-01-20T00:15:00.3937865Z    🌟 EXCELLENT - 75.0% of mined locators are robust!
2026-01-20T00:15:00.3938283Z 
2026-01-20T00:15:00.3938457Z ============================================================
2026-01-20T00:15:00.3938771Z 
2026-01-20T00:15:00.3939021Z ✅ Deep Exploration Complete.
2026-01-20T00:15:16.4224896Z 
2026-01-20T00:15:16.4225777Z 🚀 [EXECUTE] Starting Automation Execution Engine
2026-01-20T00:15:16.4226227Z 📍 Project: ci_wordpress_demo
2026-01-20T00:15:16.4226512Z 🎬 Mode: Headless
2026-01-20T00:15:16.4226638Z 
2026-01-20T00:15:16.4226891Z --- Scenario: Create a new WordPress site with default settings ---
2026-01-20T00:15:16.4227373Z   ▶️  [STEP step_1] NAVIGATE: NAVIGATE
2026-01-20T00:15:16.4227685Z     ✅ Step step_1 Passed.
2026-01-20T00:15:16.4228156Z ✅ Scenario 'Create a new WordPress site with default settings' completed successfully!
2026-01-20T00:15:16.4228528Z 
2026-01-20T00:15:16.4228740Z --- Scenario: Create a new WordPress site with a pre-installed theme ---
2026-01-20T00:15:16.4229191Z   ▶️  [STEP step_1] NAVIGATE: NAVIGATE
2026-01-20T00:15:16.4229704Z     ✅ Step step_1 Passed.
2026-01-20T00:15:16.4230098Z   ▶️  [STEP step_2] NAVIGATE: NAVIGATE
2026-01-20T00:15:16.4230399Z     ✅ Step step_2 Passed.
2026-01-20T00:15:16.4231221Z ✅ Scenario 'Create a new WordPress site with a pre-installed theme' completed successfully!
2026-01-20T00:15:16.4231618Z 
2026-01-20T00:15:16.4231832Z --- Scenario: Create a new WordPress site with a pre-installed plugin ---
2026-01-20T00:15:16.4232290Z   ▶️  [STEP step_1] NAVIGATE: NAVIGATE
2026-01-20T00:15:16.4232748Z     ✅ Step step_1 Passed.
2026-01-20T00:15:16.4233033Z   ▶️  [STEP step_2] NAVIGATE: NAVIGATE
2026-01-20T00:15:16.4233329Z     ✅ Step step_2 Passed.
2026-01-20T00:15:16.4233817Z ✅ Scenario 'Create a new WordPress site with a pre-installed plugin' completed successfully!
2026-01-20T00:15:16.4234214Z 
2026-01-20T00:15:16.4234377Z --- Scenario: Navigate to the blog and search for a post ---
2026-01-20T00:15:16.4234770Z   ▶️  [STEP step_1] NAVIGATE: NAVIGATE
2026-01-20T00:15:16.4235066Z     ✅ Step step_1 Passed.
2026-01-20T00:15:16.4235336Z   ▶️  [STEP step_2] NAVIGATE: NAVIGATE
2026-01-20T00:15:16.4235657Z     ✅ Step step_2 Passed.
2026-01-20T00:15:16.4235952Z   ▶️  [STEP step_3] FILL: Search in blog posts
2026-01-20T00:15:16.4236359Z     🔍 Trying 2 validated locators from golden path...
2026-01-20T00:15:16.4236816Z     ✅ SUCCESS! Locator #1: #s... (method: unknown, stability: 0.85)
2026-01-20T00:15:16.4237196Z     ✅ Step step_3 Passed.
2026-01-20T00:15:16.4237476Z   ▶️  [STEP step_3_ai_1] CLICK: WordPress
2026-01-20T00:15:16.4237852Z     🔍 Trying 1 validated locators from golden path...
2026-01-20T00:15:16.4238279Z     ⚠️  Locator #1 matched 50 elements (need exactly 1): a...
2026-01-20T00:15:16.4238734Z     ⚠️  All golden path locators failed. Will try text-based fallback.
2026-01-20T00:15:16.4239103Z     ✅ Step step_3_ai_1 Passed.
2026-01-20T00:15:16.4239372Z   ▶️  [STEP step_5] ASSERT_URL: ASSERT_URL
2026-01-20T00:15:16.4239892Z     ✅ Step step_5 Passed.
2026-01-20T00:15:16.4240290Z ✅ Scenario 'Navigate to the blog and search for a post' completed successfully!
2026-01-20T00:15:16.4240599Z 
2026-01-20T00:15:16.4240700Z ============================================================
2026-01-20T00:15:16.4241003Z 🎯 EXECUTION SUMMARY
2026-01-20T00:15:16.4241213Z ============================================================
2026-01-20T00:15:16.4241391Z 
2026-01-20T00:15:16.4241494Z 📋 Scenario Overview:
2026-01-20T00:15:16.4241741Z    • Total Scenarios Planned: 4
2026-01-20T00:15:16.4241996Z    • Scenarios Executed: 4
2026-01-20T00:15:16.4242242Z    • Total Steps Executed: 10
2026-01-20T00:15:16.4242392Z 
2026-01-20T00:15:16.4242479Z ✅ Results:
2026-01-20T00:15:16.4242674Z    ✅ Passed: 4 (100%)
2026-01-20T00:15:16.4242791Z 
2026-01-20T00:15:16.4242885Z ============================================================
2026-01-20T00:15:16.4243060Z 
2026-01-20T00:15:16.4243545Z 🏁 Execution Finished. Report: /home/runner/work/build_qa_automation/build_qa_automation/projects/ci_wordpress_demo/execution.json
2026-01-20T00:15:16.4244019Z 
2026-01-20T00:15:16.4244111Z ============================================================
2026-01-20T00:15:16.4244400Z 📊 EXECUTOR PERFORMANCE SUMMARY
2026-01-20T00:15:16.4244644Z ============================================================
2026-01-20T00:15:16.4244817Z 
2026-01-20T00:15:16.4244921Z 🎯 Execution Results:
2026-01-20T00:15:16.4245136Z    • Total Steps: 10
2026-01-20T00:15:16.4245374Z    • First-Attempt Success: 10 (100.0%)
2026-01-20T00:15:16.4245662Z    • Required AI Healing: 0 (0.0%)
2026-01-20T00:15:16.4245933Z    • Final Failures: 0 (0.0%)
2026-01-20T00:15:16.4246081Z 
2026-01-20T00:15:16.4246204Z 🛤️  Golden Path Effectiveness:
2026-01-20T00:15:16.4246470Z    • Steps with Mined Locators: 2
2026-01-20T00:15:16.4246735Z    • Golden Path Hits: 1 (50.0%)
2026-01-20T00:15:16.4246986Z    • Golden Path Misses: 1
2026-01-20T00:15:16.4247252Z    • Fallback Used (No Locators): 8
2026-01-20T00:15:16.4247409Z 
2026-01-20T00:15:16.4247510Z 📈 Overall Assessment:
2026-01-20T00:15:16.4247911Z    ❌ POOR. Golden path is not effective. Explorer may need better locator mining.
2026-01-20T00:15:16.4248211Z 
2026-01-20T00:15:16.4248319Z 🎯 vs Target (100% Flawless):
2026-01-20T00:15:16.4248791Z    ✅ TARGET ACHIEVED! 100% first-attempt success!
2026-01-20T00:15:16.4248985Z 
2026-01-20T00:15:16.4249082Z ============================================================
2026-01-20T00:15:16.5698457Z 
2026-01-20T00:15:16.5698786Z [PHASE] Running Phase: DISCOVERY
2026-01-20T00:15:16.5702398Z    Command: /opt/hostedtoolcache/Python/3.11.14/x64/bin/python /home/runner/work/build_qa_automation/build_qa_automation/core/agents/discovery.py --project /home/runner/work/build_qa_automation/build_qa_automation/projects/ci_wordpress_demo --url https://tastewp.com/new --deep
2026-01-20T00:15:16.5704548Z ✅ Phase 'discovery' completed successfully.
2026-01-20T00:15:16.5704928Z 
2026-01-20T00:15:16.5705098Z [PHASE] Running Phase: PLANNING
2026-01-20T00:15:16.5707121Z    Command: /opt/hostedtoolcache/Python/3.11.14/x64/bin/python /home/runner/work/build_qa_automation/build_qa_automation/core/agents/planner.py --project /home/runner/work/build_qa_automation/build_qa_automation/projects/ci_wordpress_demo --goal Quick WordPress testing --url https://tastewp.com/new --deep
2026-01-20T00:15:16.5709184Z ✅ Phase 'planning' completed successfully.
2026-01-20T00:15:16.5709411Z 
2026-01-20T00:15:16.5709764Z [PHASE] Running Phase: EXPLORATION
2026-01-20T00:15:16.5710873Z    Command: /opt/hostedtoolcache/Python/3.11.14/x64/bin/python /home/runner/work/build_qa_automation/build_qa_automation/core/agents/deep_explorer.py --project /home/runner/work/build_qa_automation/build_qa_automation/projects/ci_wordpress_demo
2026-01-20T00:15:16.5712059Z ✅ Phase 'exploration' completed successfully.
2026-01-20T00:15:16.5712467Z 📊 Exploration Discovery Success Rate: 66.7%
2026-01-20T00:15:16.5712687Z 
2026-01-20T00:15:16.5712787Z [PHASE] Running Phase: EXECUTION
2026-01-20T00:15:16.5713834Z    Command: /opt/hostedtoolcache/Python/3.11.14/x64/bin/python /home/runner/work/build_qa_automation/build_qa_automation/core/agents/executor.py --project /home/runner/work/build_qa_automation/build_qa_automation/projects/ci_wordpress_demo
2026-01-20T00:15:16.5714966Z ✅ Phase 'execution' completed successfully.
2026-01-20T00:15:16.5715174Z 
2026-01-20T00:15:16.5715294Z [DONE] Pipeline Execution Finished! [DONE]
2026-01-20T00:15:16.6696586Z ##[group]Run RESULT_FILE="projects/ci_wordpress_demo/execution.json"
2026-01-20T00:15:16.6697144Z [36;1mRESULT_FILE="projects/ci_wordpress_demo/execution.json"[0m
2026-01-20T00:15:16.6697534Z [36;1mif [ -f "$RESULT_FILE" ]; then[0m
2026-01-20T00:15:16.6697895Z [36;1m  echo "✅ Results generated successfully: $RESULT_FILE"[0m
2026-01-20T00:15:16.6698391Z [36;1m  cat "$RESULT_FILE" | jq '.scenarios | length' || echo "Result file exists"[0m
2026-01-20T00:15:16.6698808Z [36;1melse[0m
2026-01-20T00:15:16.6699064Z [36;1m  echo "❌ No result file found at $RESULT_FILE"[0m
2026-01-20T00:15:16.6699377Z [36;1m  exit 1[0m
2026-01-20T00:15:16.6699898Z [36;1mfi[0m
2026-01-20T00:15:16.6732003Z shell: /usr/bin/bash -e {0}
2026-01-20T00:15:16.6732235Z env:
2026-01-20T00:15:16.6732488Z   pythonLocation: /opt/hostedtoolcache/Python/3.11.14/x64
2026-01-20T00:15:16.6732953Z   PKG_CONFIG_PATH: /opt/hostedtoolcache/Python/3.11.14/x64/lib/pkgconfig
2026-01-20T00:15:16.6733428Z   Python_ROOT_DIR: /opt/hostedtoolcache/Python/3.11.14/x64
2026-01-20T00:15:16.6733818Z   Python2_ROOT_DIR: /opt/hostedtoolcache/Python/3.11.14/x64
2026-01-20T00:15:16.6734200Z   Python3_ROOT_DIR: /opt/hostedtoolcache/Python/3.11.14/x64
2026-01-20T00:15:16.6734603Z   LD_LIBRARY_PATH: /opt/hostedtoolcache/Python/3.11.14/x64/lib
2026-01-20T00:15:16.6734934Z ##[endgroup]
2026-01-20T00:15:16.6788924Z ✅ Results generated successfully: projects/ci_wordpress_demo/execution.json
2026-01-20T00:15:16.6815525Z 4
2026-01-20T00:15:16.6883426Z ##[group]Run actions/upload-artifact@v4
2026-01-20T00:15:16.6883707Z with:
2026-01-20T00:15:16.6883903Z   name: wordpress_demo-execution-results
2026-01-20T00:15:16.6884335Z   path: projects/ci_wordpress_demo/execution.json
projects/ci_wordpress_demo/workflow.json

2026-01-20T00:15:16.6884758Z   retention-days: 30
2026-01-20T00:15:16.6885139Z   if-no-files-found: warn
2026-01-20T00:15:16.6885352Z   compression-level: 6
2026-01-20T00:15:16.6885545Z   overwrite: false
2026-01-20T00:15:16.6885738Z   include-hidden-files: false
2026-01-20T00:15:16.6885950Z env:
2026-01-20T00:15:16.6886179Z   pythonLocation: /opt/hostedtoolcache/Python/3.11.14/x64
2026-01-20T00:15:16.6886576Z   PKG_CONFIG_PATH: /opt/hostedtoolcache/Python/3.11.14/x64/lib/pkgconfig
2026-01-20T00:15:16.6886975Z   Python_ROOT_DIR: /opt/hostedtoolcache/Python/3.11.14/x64
2026-01-20T00:15:16.6887333Z   Python2_ROOT_DIR: /opt/hostedtoolcache/Python/3.11.14/x64
2026-01-20T00:15:16.6887717Z   Python3_ROOT_DIR: /opt/hostedtoolcache/Python/3.11.14/x64
2026-01-20T00:15:16.6888076Z   LD_LIBRARY_PATH: /opt/hostedtoolcache/Python/3.11.14/x64/lib
2026-01-20T00:15:16.6888378Z ##[endgroup]
2026-01-20T00:15:16.9087231Z Multiple search paths detected. Calculating the least common ancestor of all paths
2026-01-20T00:15:16.9092480Z The least common ancestor is /home/runner/work/build_qa_automation/build_qa_automation/projects/ci_wordpress_demo. This will be the root directory of the artifact
2026-01-20T00:15:16.9093551Z With the provided path, there will be 2 files uploaded
2026-01-20T00:15:16.9101939Z Artifact name is valid!
2026-01-20T00:15:16.9103593Z Root directory input is valid!
2026-01-20T00:15:17.1858111Z Beginning upload of artifact content to blob storage
2026-01-20T00:15:17.4908582Z Uploaded bytes 1130
2026-01-20T00:15:17.5704395Z Finished uploading artifact content to blob storage!
2026-01-20T00:15:17.5707993Z SHA256 digest of uploaded artifact zip is 5983d2b4d5fd556988dffc88228e6879514507e097bb3a1e947f63d0440649bd
2026-01-20T00:15:17.5709366Z Finalizing artifact upload
2026-01-20T00:15:17.7141851Z Artifact wordpress_demo-execution-results.zip successfully finalized. Artifact ID 5183179781
2026-01-20T00:15:17.7143338Z Artifact wordpress_demo-execution-results has been successfully uploaded! Final size is 1130 bytes. Artifact ID is 5183179781
2026-01-20T00:15:17.7150605Z Artifact download URL: https://github.com/vishvasmca-cmd/build_qa_automation/actions/runs/21154472744/artifacts/5183179781
2026-01-20T00:15:17.7282122Z Post job cleanup.
2026-01-20T00:15:17.8837198Z Cache hit occurred on the primary key setup-python-Linux-x64-24.04-Ubuntu-python-3.11.14-pip-dde08d0e0b672972dcda9f1a063036a2e0c226f5d0a20362e9401931676d80a4, not saving cache.
2026-01-20T00:15:17.8998891Z Post job cleanup.
2026-01-20T00:15:17.9993788Z [command]/usr/bin/git version
2026-01-20T00:15:18.0036284Z git version 2.52.0
2026-01-20T00:15:18.0087529Z Temporarily overriding HOME='/home/runner/work/_temp/d4ac64ba-3d21-4109-8888-c48a43d4785c' before making global git config changes
2026-01-20T00:15:18.0090753Z Adding repository directory to the temporary git global config as a safe directory
2026-01-20T00:15:18.0166366Z [command]/usr/bin/git config --global --add safe.directory /home/runner/work/build_qa_automation/build_qa_automation
2026-01-20T00:15:18.0168140Z [command]/usr/bin/git config --local --name-only --get-regexp core\.sshCommand
2026-01-20T00:15:18.0199702Z [command]/usr/bin/git submodule foreach --recursive sh -c "git config --local --name-only --get-regexp 'core\.sshCommand' && git config --local --unset-all 'core.sshCommand' || :"
2026-01-20T00:15:18.0441622Z [command]/usr/bin/git config --local --name-only --get-regexp http\.https\:\/\/github\.com\/\.extraheader
2026-01-20T00:15:18.0464657Z http.https://github.com/.extraheader
2026-01-20T00:15:18.0477827Z [command]/usr/bin/git config --local --unset-all http.https://github.com/.extraheader
2026-01-20T00:15:18.0510823Z [command]/usr/bin/git submodule foreach --recursive sh -c "git config --local --name-only --get-regexp 'http\.https\:\/\/github\.com\/\.extraheader' && git config --local --unset-all 'http.https://github.com/.extraheader' || :"
2026-01-20T00:15:18.0743850Z [command]/usr/bin/git config --local --name-only --get-regexp ^includeIf\.gitdir:
2026-01-20T00:15:18.0777466Z [command]/usr/bin/git submodule foreach --recursive git config --local --show-origin --name-only --get-regexp remote.origin.url
2026-01-20T00:15:18.1119322Z Cleaning up orphan processes
