2026-01-18T23:58:08.3358041Z Current runner version: '2.331.0'
2026-01-18T23:58:08.3381680Z ##[group]Runner Image Provisioner
2026-01-18T23:58:08.3382422Z Hosted Compute Agent
2026-01-18T23:58:08.3383002Z Version: 20251211.462
2026-01-18T23:58:08.3383519Z Commit: 6cbad8c2bb55d58165063d031ccabf57e2d2db61
2026-01-18T23:58:08.3384137Z Build Date: 2025-12-11T16:28:49Z
2026-01-18T23:58:08.3384762Z Worker ID: {e4841fef-4b01-4022-9bbb-dc465b082d13}
2026-01-18T23:58:08.3385355Z ##[endgroup]
2026-01-18T23:58:08.3385809Z ##[group]Operating System
2026-01-18T23:58:08.3386320Z Ubuntu
2026-01-18T23:58:08.3386762Z 24.04.3
2026-01-18T23:58:08.3387165Z LTS
2026-01-18T23:58:08.3387575Z ##[endgroup]
2026-01-18T23:58:08.3388029Z ##[group]Runner Image
2026-01-18T23:58:08.3388525Z Image: ubuntu-24.04
2026-01-18T23:58:08.3388987Z Version: 20260111.209.1
2026-01-18T23:58:08.3389882Z Included Software: https://github.com/actions/runner-images/blob/ubuntu24/20260111.209/images/ubuntu/Ubuntu2404-Readme.md
2026-01-18T23:58:08.3391387Z Image Release: https://github.com/actions/runner-images/releases/tag/ubuntu24%2F20260111.209
2026-01-18T23:58:08.3392246Z ##[endgroup]
2026-01-18T23:58:08.3393276Z ##[group]GITHUB_TOKEN Permissions
2026-01-18T23:58:08.3395111Z Contents: read
2026-01-18T23:58:08.3395544Z Metadata: read
2026-01-18T23:58:08.3396076Z Packages: read
2026-01-18T23:58:08.3396527Z ##[endgroup]
2026-01-18T23:58:08.3398977Z Secret source: Actions
2026-01-18T23:58:08.3399650Z Prepare workflow directory
2026-01-18T23:58:08.4397570Z Prepare all required actions
2026-01-18T23:58:08.4453696Z Getting action download info
2026-01-18T23:58:08.7816340Z Download action repository 'actions/checkout@v4' (SHA:34e114876b0b11c390a56381ad16ebd13914f8d5)
2026-01-18T23:58:08.8717335Z Download action repository 'actions/setup-python@v5' (SHA:a26af69be951a213d495a4c3e4e4022e16d87065)
2026-01-18T23:58:08.9392887Z Download action repository 'actions/upload-artifact@v4' (SHA:ea165f8d65b6e75b540449e92b4886f43607fa02)
2026-01-18T23:58:09.2445560Z Complete job name: test-websites-deep (petstore_swagger, https://petstore.swagger.io/, Test Swagger UI interactions)
2026-01-18T23:58:09.4690394Z ##[group]Run actions/checkout@v4
2026-01-18T23:58:09.4691525Z with:
2026-01-18T23:58:09.4692031Z   repository: vishvasmca-cmd/build_qa_automation
2026-01-18T23:58:09.4692886Z   token: ***
2026-01-18T23:58:09.4693291Z   ssh-strict: true
2026-01-18T23:58:09.4693697Z   ssh-user: git
2026-01-18T23:58:09.4694124Z   persist-credentials: true
2026-01-18T23:58:09.4694597Z   clean: true
2026-01-18T23:58:09.4695017Z   sparse-checkout-cone-mode: true
2026-01-18T23:58:09.4695519Z   fetch-depth: 1
2026-01-18T23:58:09.4695932Z   fetch-tags: false
2026-01-18T23:58:09.4696356Z   show-progress: true
2026-01-18T23:58:09.4696777Z   lfs: false
2026-01-18T23:58:09.4697152Z   submodules: false
2026-01-18T23:58:09.4697575Z   set-safe-directory: true
2026-01-18T23:58:09.4698304Z ##[endgroup]
2026-01-18T23:58:09.5719893Z Syncing repository: vishvasmca-cmd/build_qa_automation
2026-01-18T23:58:09.5722136Z ##[group]Getting Git version info
2026-01-18T23:58:09.5723073Z Working directory is '/home/runner/work/build_qa_automation/build_qa_automation'
2026-01-18T23:58:09.5724158Z [command]/usr/bin/git version
2026-01-18T23:58:09.5789379Z git version 2.52.0
2026-01-18T23:58:09.5811669Z ##[endgroup]
2026-01-18T23:58:09.5826784Z Temporarily overriding HOME='/home/runner/work/_temp/f6dbc6b4-a99a-4cd2-8e3e-8afcae05903c' before making global git config changes
2026-01-18T23:58:09.5829589Z Adding repository directory to the temporary git global config as a safe directory
2026-01-18T23:58:09.5840742Z [command]/usr/bin/git config --global --add safe.directory /home/runner/work/build_qa_automation/build_qa_automation
2026-01-18T23:58:09.5874983Z Deleting the contents of '/home/runner/work/build_qa_automation/build_qa_automation'
2026-01-18T23:58:09.5879471Z ##[group]Initializing the repository
2026-01-18T23:58:09.5884583Z [command]/usr/bin/git init /home/runner/work/build_qa_automation/build_qa_automation
2026-01-18T23:58:09.5978418Z hint: Using 'master' as the name for the initial branch. This default branch name
2026-01-18T23:58:09.5979986Z hint: will change to "main" in Git 3.0. To configure the initial branch name
2026-01-18T23:58:09.5981994Z hint: to use in all of your new repositories, which will suppress this warning,
2026-01-18T23:58:09.5983251Z hint: call:
2026-01-18T23:58:09.5983628Z hint:
2026-01-18T23:58:09.5984280Z hint: 	git config --global init.defaultBranch <name>
2026-01-18T23:58:09.5984866Z hint:
2026-01-18T23:58:09.5985418Z hint: Names commonly chosen instead of 'master' are 'main', 'trunk' and
2026-01-18T23:58:09.5986324Z hint: 'development'. The just-created branch can be renamed via this command:
2026-01-18T23:58:09.5987515Z hint:
2026-01-18T23:58:09.5987932Z hint: 	git branch -m <name>
2026-01-18T23:58:09.5988396Z hint:
2026-01-18T23:58:09.5988988Z hint: Disable this message with "git config set advice.defaultBranchName false"
2026-01-18T23:58:09.5990120Z Initialized empty Git repository in /home/runner/work/build_qa_automation/build_qa_automation/.git/
2026-01-18T23:58:09.5992799Z [command]/usr/bin/git remote add origin https://github.com/vishvasmca-cmd/build_qa_automation
2026-01-18T23:58:09.6019425Z ##[endgroup]
2026-01-18T23:58:09.6020243Z ##[group]Disabling automatic garbage collection
2026-01-18T23:58:09.6022840Z [command]/usr/bin/git config --local gc.auto 0
2026-01-18T23:58:09.6045201Z ##[endgroup]
2026-01-18T23:58:09.6045951Z ##[group]Setting up auth
2026-01-18T23:58:09.6051691Z [command]/usr/bin/git config --local --name-only --get-regexp core\.sshCommand
2026-01-18T23:58:09.6076295Z [command]/usr/bin/git submodule foreach --recursive sh -c "git config --local --name-only --get-regexp 'core\.sshCommand' && git config --local --unset-all 'core.sshCommand' || :"
2026-01-18T23:58:09.6368426Z [command]/usr/bin/git config --local --name-only --get-regexp http\.https\:\/\/github\.com\/\.extraheader
2026-01-18T23:58:09.6393123Z [command]/usr/bin/git submodule foreach --recursive sh -c "git config --local --name-only --get-regexp 'http\.https\:\/\/github\.com\/\.extraheader' && git config --local --unset-all 'http.https://github.com/.extraheader' || :"
2026-01-18T23:58:09.6564381Z [command]/usr/bin/git config --local --name-only --get-regexp ^includeIf\.gitdir:
2026-01-18T23:58:09.6591707Z [command]/usr/bin/git submodule foreach --recursive git config --local --show-origin --name-only --get-regexp remote.origin.url
2026-01-18T23:58:09.6776230Z [command]/usr/bin/git config --local http.https://github.com/.extraheader AUTHORIZATION: basic ***
2026-01-18T23:58:09.6804741Z ##[endgroup]
2026-01-18T23:58:09.6805529Z ##[group]Fetching the repository
2026-01-18T23:58:09.6812580Z [command]/usr/bin/git -c protocol.version=2 fetch --no-tags --prune --no-recurse-submodules --depth=1 origin +10179ac5c7473147e4be3845796c28603a0fa5da:refs/remotes/origin/main
2026-01-18T23:58:10.7875997Z From https://github.com/vishvasmca-cmd/build_qa_automation
2026-01-18T23:58:10.7879686Z  * [new ref]         10179ac5c7473147e4be3845796c28603a0fa5da -> origin/main
2026-01-18T23:58:10.7903568Z ##[endgroup]
2026-01-18T23:58:10.7905655Z ##[group]Determining the checkout info
2026-01-18T23:58:10.7907886Z ##[endgroup]
2026-01-18T23:58:10.7910327Z [command]/usr/bin/git sparse-checkout disable
2026-01-18T23:58:10.7958062Z [command]/usr/bin/git config --local --unset-all extensions.worktreeConfig
2026-01-18T23:58:10.7979539Z ##[group]Checking out the ref
2026-01-18T23:58:10.7983051Z [command]/usr/bin/git checkout --progress --force -B main refs/remotes/origin/main
2026-01-18T23:58:10.9056939Z Switched to a new branch 'main'
2026-01-18T23:58:10.9058763Z branch 'main' set up to track 'origin/main'.
2026-01-18T23:58:10.9069523Z ##[endgroup]
2026-01-18T23:58:10.9103319Z [command]/usr/bin/git log -1 --format=%H
2026-01-18T23:58:10.9122753Z 10179ac5c7473147e4be3845796c28603a0fa5da
2026-01-18T23:58:11.0666477Z ##[group]Run actions/setup-python@v5
2026-01-18T23:58:11.0667508Z with:
2026-01-18T23:58:11.0668264Z   python-version: 3.11
2026-01-18T23:58:11.0669116Z   cache: pip
2026-01-18T23:58:11.0670196Z   check-latest: false
2026-01-18T23:58:11.0671469Z   token: ***
2026-01-18T23:58:11.0672241Z   update-environment: true
2026-01-18T23:58:11.0673139Z   allow-prereleases: false
2026-01-18T23:58:11.0674023Z   freethreaded: false
2026-01-18T23:58:11.0674822Z ##[endgroup]
2026-01-18T23:58:11.2286910Z ##[group]Installed versions
2026-01-18T23:58:11.2391979Z Successfully set up CPython (3.11.14)
2026-01-18T23:58:11.2394626Z ##[endgroup]
2026-01-18T23:58:11.3101033Z [command]/opt/hostedtoolcache/Python/3.11.14/x64/bin/pip cache dir
2026-01-18T23:58:12.2812438Z /home/runner/.cache/pip
2026-01-18T23:58:12.4981140Z Cache hit for: setup-python-Linux-x64-24.04-Ubuntu-python-3.11.14-pip-dde08d0e0b672972dcda9f1a063036a2e0c226f5d0a20362e9401931676d80a4
2026-01-18T23:58:13.7031707Z Received 62914560 of 254742636 (24.7%), 59.6 MBs/sec
2026-01-18T23:58:14.7072184Z Received 234881024 of 254742636 (92.2%), 111.6 MBs/sec
2026-01-18T23:58:14.8245886Z Received 254742636 of 254742636 (100.0%), 114.2 MBs/sec
2026-01-18T23:58:14.8246492Z Cache Size: ~243 MB (254742636 B)
2026-01-18T23:58:14.8279425Z [command]/usr/bin/tar -xf /home/runner/work/_temp/0f11595e-5c2d-4cf5-b62d-9d6694bea7e3/cache.tzst -P -C /home/runner/work/build_qa_automation/build_qa_automation --use-compress-program unzstd
2026-01-18T23:58:15.0746779Z Cache restored successfully
2026-01-18T23:58:15.1042036Z Cache restored from key: setup-python-Linux-x64-24.04-Ubuntu-python-3.11.14-pip-dde08d0e0b672972dcda9f1a063036a2e0c226f5d0a20362e9401931676d80a4
2026-01-18T23:58:15.1272534Z ##[group]Run pip install -r requirements.txt
2026-01-18T23:58:15.1272950Z [36;1mpip install -r requirements.txt[0m
2026-01-18T23:58:15.1273279Z [36;1mplaywright install chromium[0m
2026-01-18T23:58:15.1299209Z shell: /usr/bin/bash -e {0}
2026-01-18T23:58:15.1299458Z env:
2026-01-18T23:58:15.1299729Z   pythonLocation: /opt/hostedtoolcache/Python/3.11.14/x64
2026-01-18T23:58:15.1300148Z   PKG_CONFIG_PATH: /opt/hostedtoolcache/Python/3.11.14/x64/lib/pkgconfig
2026-01-18T23:58:15.1300714Z   Python_ROOT_DIR: /opt/hostedtoolcache/Python/3.11.14/x64
2026-01-18T23:58:15.1301088Z   Python2_ROOT_DIR: /opt/hostedtoolcache/Python/3.11.14/x64
2026-01-18T23:58:15.1301438Z   Python3_ROOT_DIR: /opt/hostedtoolcache/Python/3.11.14/x64
2026-01-18T23:58:15.1301794Z   LD_LIBRARY_PATH: /opt/hostedtoolcache/Python/3.11.14/x64/lib
2026-01-18T23:58:15.1302090Z ##[endgroup]
2026-01-18T23:58:16.0212905Z Collecting playwright (from -r requirements.txt (line 1))
2026-01-18T23:58:16.0227788Z   Using cached playwright-1.57.0-py3-none-manylinux1_x86_64.whl.metadata (3.5 kB)
2026-01-18T23:58:16.0524476Z Collecting python-dotenv (from -r requirements.txt (line 2))
2026-01-18T23:58:16.0538041Z   Using cached python_dotenv-1.2.1-py3-none-any.whl.metadata (25 kB)
2026-01-18T23:58:16.0920966Z Collecting requests (from -r requirements.txt (line 3))
2026-01-18T23:58:16.0933650Z   Using cached requests-2.32.5-py3-none-any.whl.metadata (4.9 kB)
2026-01-18T23:58:16.2548425Z Collecting pillow (from -r requirements.txt (line 4))
2026-01-18T23:58:16.2565431Z   Using cached pillow-12.1.0-cp311-cp311-manylinux_2_27_x86_64.manylinux_2_28_x86_64.whl.metadata (8.8 kB)
2026-01-18T23:58:16.2946870Z Collecting google-genai>=0.3.0 (from -r requirements.txt (line 5))
2026-01-18T23:58:16.2960512Z   Using cached google_genai-1.59.0-py3-none-any.whl.metadata (53 kB)
2026-01-18T23:58:16.3267467Z Collecting termcolor (from -r requirements.txt (line 6))
2026-01-18T23:58:16.3286458Z   Using cached termcolor-3.3.0-py3-none-any.whl.metadata (6.5 kB)
2026-01-18T23:58:16.3762319Z Collecting PyYAML (from -r requirements.txt (line 7))
2026-01-18T23:58:16.3777198Z   Using cached pyyaml-6.0.3-cp311-cp311-manylinux2014_x86_64.manylinux_2_17_x86_64.manylinux_2_28_x86_64.whl.metadata (2.4 kB)
2026-01-18T23:58:16.4420773Z Collecting opencv-python-headless (from -r requirements.txt (line 8))
2026-01-18T23:58:16.4434693Z   Using cached opencv_python_headless-4.13.0.90-cp37-abi3-manylinux_2_28_x86_64.whl.metadata (19 kB)
2026-01-18T23:58:16.6289590Z Collecting numpy (from -r requirements.txt (line 9))
2026-01-18T23:58:16.6308453Z   Using cached numpy-2.4.1-cp311-cp311-manylinux_2_27_x86_64.manylinux_2_28_x86_64.whl.metadata (6.6 kB)
2026-01-18T23:58:16.9311842Z Collecting faker (from -r requirements.txt (line 10))
2026-01-18T23:58:16.9325451Z   Using cached faker-40.1.2-py3-none-any.whl.metadata (16 kB)
2026-01-18T23:58:17.0672325Z Collecting pyee<14,>=13 (from playwright->-r requirements.txt (line 1))
2026-01-18T23:58:17.0692292Z   Using cached pyee-13.0.0-py3-none-any.whl.metadata (2.9 kB)
2026-01-18T23:58:17.1873274Z Collecting greenlet<4.0.0,>=3.1.1 (from playwright->-r requirements.txt (line 1))
2026-01-18T23:58:17.1885968Z   Using cached greenlet-3.3.0-cp311-cp311-manylinux_2_24_x86_64.manylinux_2_28_x86_64.whl.metadata (4.1 kB)
2026-01-18T23:58:17.2194257Z Collecting typing-extensions (from pyee<14,>=13->playwright->-r requirements.txt (line 1))
2026-01-18T23:58:17.2206402Z   Using cached typing_extensions-4.15.0-py3-none-any.whl.metadata (3.3 kB)
2026-01-18T23:58:17.3065508Z Collecting charset_normalizer<4,>=2 (from requests->-r requirements.txt (line 3))
2026-01-18T23:58:17.3079517Z   Using cached charset_normalizer-3.4.4-cp311-cp311-manylinux2014_x86_64.manylinux_2_17_x86_64.manylinux_2_28_x86_64.whl.metadata (37 kB)
2026-01-18T23:58:17.3373910Z Collecting idna<4,>=2.5 (from requests->-r requirements.txt (line 3))
2026-01-18T23:58:17.3386607Z   Using cached idna-3.11-py3-none-any.whl.metadata (8.4 kB)
2026-01-18T23:58:17.3777662Z Collecting urllib3<3,>=1.21.1 (from requests->-r requirements.txt (line 3))
2026-01-18T23:58:17.3798550Z   Using cached urllib3-2.6.3-py3-none-any.whl.metadata (6.9 kB)
2026-01-18T23:58:17.4132862Z Collecting certifi>=2017.4.17 (from requests->-r requirements.txt (line 3))
2026-01-18T23:58:17.4146561Z   Using cached certifi-2026.1.4-py3-none-any.whl.metadata (2.5 kB)
2026-01-18T23:58:17.4483944Z Collecting anyio<5.0.0,>=4.8.0 (from google-genai>=0.3.0->-r requirements.txt (line 5))
2026-01-18T23:58:17.4496977Z   Using cached anyio-4.12.1-py3-none-any.whl.metadata (4.3 kB)
2026-01-18T23:58:17.4988712Z Collecting google-auth<3.0.0,>=2.47.0 (from google-auth[requests]<3.0.0,>=2.47.0->google-genai>=0.3.0->-r requirements.txt (line 5))
2026-01-18T23:58:17.5001178Z   Using cached google_auth-2.47.0-py3-none-any.whl.metadata (6.4 kB)
2026-01-18T23:58:17.5381177Z Collecting httpx<1.0.0,>=0.28.1 (from google-genai>=0.3.0->-r requirements.txt (line 5))
2026-01-18T23:58:17.5395826Z   Using cached httpx-0.28.1-py3-none-any.whl.metadata (7.1 kB)
2026-01-18T23:58:17.6796727Z Collecting pydantic<3.0.0,>=2.9.0 (from google-genai>=0.3.0->-r requirements.txt (line 5))
2026-01-18T23:58:17.6811385Z   Using cached pydantic-2.12.5-py3-none-any.whl.metadata (90 kB)
2026-01-18T23:58:17.7188755Z Collecting tenacity<9.2.0,>=8.2.3 (from google-genai>=0.3.0->-r requirements.txt (line 5))
2026-01-18T23:58:17.7201370Z   Using cached tenacity-9.1.2-py3-none-any.whl.metadata (1.2 kB)
2026-01-18T23:58:17.8086811Z Collecting websockets<15.1.0,>=13.0.0 (from google-genai>=0.3.0->-r requirements.txt (line 5))
2026-01-18T23:58:17.8100853Z   Using cached websockets-15.0.1-cp311-cp311-manylinux_2_5_x86_64.manylinux1_x86_64.manylinux_2_17_x86_64.manylinux2014_x86_64.whl.metadata (6.8 kB)
2026-01-18T23:58:17.8382771Z Collecting distro<2,>=1.7.0 (from google-genai>=0.3.0->-r requirements.txt (line 5))
2026-01-18T23:58:17.8394955Z   Using cached distro-1.9.0-py3-none-any.whl.metadata (6.8 kB)
2026-01-18T23:58:17.8653210Z Collecting sniffio (from google-genai>=0.3.0->-r requirements.txt (line 5))
2026-01-18T23:58:17.8670389Z   Using cached sniffio-1.3.1-py3-none-any.whl.metadata (3.9 kB)
2026-01-18T23:58:17.9064437Z Collecting pyasn1-modules>=0.2.1 (from google-auth<3.0.0,>=2.47.0->google-auth[requests]<3.0.0,>=2.47.0->google-genai>=0.3.0->-r requirements.txt (line 5))
2026-01-18T23:58:17.9084230Z   Using cached pyasn1_modules-0.4.2-py3-none-any.whl.metadata (3.5 kB)
2026-01-18T23:58:17.9367758Z Collecting rsa<5,>=3.1.4 (from google-auth<3.0.0,>=2.47.0->google-auth[requests]<3.0.0,>=2.47.0->google-genai>=0.3.0->-r requirements.txt (line 5))
2026-01-18T23:58:17.9379513Z   Using cached rsa-4.9.1-py3-none-any.whl.metadata (5.6 kB)
2026-01-18T23:58:17.9758245Z Collecting httpcore==1.* (from httpx<1.0.0,>=0.28.1->google-genai>=0.3.0->-r requirements.txt (line 5))
2026-01-18T23:58:17.9770273Z   Using cached httpcore-1.0.9-py3-none-any.whl.metadata (21 kB)
2026-01-18T23:58:18.0028388Z Collecting h11>=0.16 (from httpcore==1.*->httpx<1.0.0,>=0.28.1->google-genai>=0.3.0->-r requirements.txt (line 5))
2026-01-18T23:58:18.0040098Z   Using cached h11-0.16.0-py3-none-any.whl.metadata (8.3 kB)
2026-01-18T23:58:18.0283577Z Collecting annotated-types>=0.6.0 (from pydantic<3.0.0,>=2.9.0->google-genai>=0.3.0->-r requirements.txt (line 5))
2026-01-18T23:58:18.0295308Z   Using cached annotated_types-0.7.0-py3-none-any.whl.metadata (15 kB)
2026-01-18T23:58:18.6045429Z Collecting pydantic-core==2.41.5 (from pydantic<3.0.0,>=2.9.0->google-genai>=0.3.0->-r requirements.txt (line 5))
2026-01-18T23:58:18.6060092Z   Using cached pydantic_core-2.41.5-cp311-cp311-manylinux_2_17_x86_64.manylinux2014_x86_64.whl.metadata (7.3 kB)
2026-01-18T23:58:18.6335318Z Collecting typing-inspection>=0.4.2 (from pydantic<3.0.0,>=2.9.0->google-genai>=0.3.0->-r requirements.txt (line 5))
2026-01-18T23:58:18.6348335Z   Using cached typing_inspection-0.4.2-py3-none-any.whl.metadata (2.6 kB)
2026-01-18T23:58:18.7147773Z Collecting pyasn1>=0.1.3 (from rsa<5,>=3.1.4->google-auth<3.0.0,>=2.47.0->google-auth[requests]<3.0.0,>=2.47.0->google-genai>=0.3.0->-r requirements.txt (line 5))
2026-01-18T23:58:18.7161213Z   Using cached pyasn1-0.6.2-py3-none-any.whl.metadata (8.4 kB)
2026-01-18T23:58:18.7416348Z Using cached playwright-1.57.0-py3-none-manylinux1_x86_64.whl (46.0 MB)
2026-01-18T23:58:18.7652272Z Using cached greenlet-3.3.0-cp311-cp311-manylinux_2_24_x86_64.manylinux_2_28_x86_64.whl (590 kB)
2026-01-18T23:58:18.7668159Z Using cached pyee-13.0.0-py3-none-any.whl (15 kB)
2026-01-18T23:58:18.7681067Z Using cached python_dotenv-1.2.1-py3-none-any.whl (21 kB)
2026-01-18T23:58:18.7693880Z Using cached requests-2.32.5-py3-none-any.whl (64 kB)
2026-01-18T23:58:18.7707131Z Using cached charset_normalizer-3.4.4-cp311-cp311-manylinux2014_x86_64.manylinux_2_17_x86_64.manylinux_2_28_x86_64.whl (151 kB)
2026-01-18T23:58:18.7720326Z Using cached idna-3.11-py3-none-any.whl (71 kB)
2026-01-18T23:58:18.7733538Z Using cached urllib3-2.6.3-py3-none-any.whl (131 kB)
2026-01-18T23:58:18.7746945Z Using cached pillow-12.1.0-cp311-cp311-manylinux_2_27_x86_64.manylinux_2_28_x86_64.whl (7.0 MB)
2026-01-18T23:58:18.7793363Z Using cached google_genai-1.59.0-py3-none-any.whl (719 kB)
2026-01-18T23:58:18.7809646Z Using cached anyio-4.12.1-py3-none-any.whl (113 kB)
2026-01-18T23:58:18.7822363Z Using cached distro-1.9.0-py3-none-any.whl (20 kB)
2026-01-18T23:58:18.7834829Z Using cached google_auth-2.47.0-py3-none-any.whl (234 kB)
2026-01-18T23:58:18.7847944Z Using cached httpx-0.28.1-py3-none-any.whl (73 kB)
2026-01-18T23:58:18.7860768Z Using cached httpcore-1.0.9-py3-none-any.whl (78 kB)
2026-01-18T23:58:18.7873511Z Using cached pydantic-2.12.5-py3-none-any.whl (463 kB)
2026-01-18T23:58:18.7888330Z Using cached pydantic_core-2.41.5-cp311-cp311-manylinux_2_17_x86_64.manylinux2014_x86_64.whl (2.1 MB)
2026-01-18T23:58:18.7910268Z Using cached rsa-4.9.1-py3-none-any.whl (34 kB)
2026-01-18T23:58:18.7922378Z Using cached tenacity-9.1.2-py3-none-any.whl (28 kB)
2026-01-18T23:58:18.7934582Z Using cached typing_extensions-4.15.0-py3-none-any.whl (44 kB)
2026-01-18T23:58:18.7947650Z Using cached websockets-15.0.1-cp311-cp311-manylinux_2_5_x86_64.manylinux1_x86_64.manylinux_2_17_x86_64.manylinux2014_x86_64.whl (182 kB)
2026-01-18T23:58:18.7960943Z Using cached termcolor-3.3.0-py3-none-any.whl (7.7 kB)
2026-01-18T23:58:18.7973717Z Using cached pyyaml-6.0.3-cp311-cp311-manylinux2014_x86_64.manylinux_2_17_x86_64.manylinux_2_28_x86_64.whl (806 kB)
2026-01-18T23:58:18.7992135Z Using cached opencv_python_headless-4.13.0.90-cp37-abi3-manylinux_2_28_x86_64.whl (62.5 MB)
2026-01-18T23:58:18.8310125Z Using cached numpy-2.4.1-cp311-cp311-manylinux_2_27_x86_64.manylinux_2_28_x86_64.whl (16.7 MB)
2026-01-18T23:58:18.8405416Z Using cached faker-40.1.2-py3-none-any.whl (2.0 MB)
2026-01-18T23:58:18.8429588Z Using cached annotated_types-0.7.0-py3-none-any.whl (13 kB)
2026-01-18T23:58:18.8440995Z Using cached certifi-2026.1.4-py3-none-any.whl (152 kB)
2026-01-18T23:58:18.8453872Z Using cached h11-0.16.0-py3-none-any.whl (37 kB)
2026-01-18T23:58:18.8466328Z Using cached pyasn1-0.6.2-py3-none-any.whl (83 kB)
2026-01-18T23:58:18.8479149Z Using cached pyasn1_modules-0.4.2-py3-none-any.whl (181 kB)
2026-01-18T23:58:18.8491795Z Using cached typing_inspection-0.4.2-py3-none-any.whl (14 kB)
2026-01-18T23:58:18.8504100Z Using cached sniffio-1.3.1-py3-none-any.whl (10 kB)
2026-01-18T23:58:19.0763693Z Installing collected packages: websockets, urllib3, typing-extensions, termcolor, tenacity, sniffio, PyYAML, python-dotenv, pyasn1, pillow, numpy, idna, h11, greenlet, faker, distro, charset_normalizer, certifi, annotated-types, typing-inspection, rsa, requests, pyee, pydantic-core, pyasn1-modules, opencv-python-headless, httpcore, anyio, pydantic, playwright, httpx, google-auth, google-genai
2026-01-18T23:58:24.9887512Z 
2026-01-18T23:58:24.9907077Z Successfully installed PyYAML-6.0.3 annotated-types-0.7.0 anyio-4.12.1 certifi-2026.1.4 charset_normalizer-3.4.4 distro-1.9.0 faker-40.1.2 google-auth-2.47.0 google-genai-1.59.0 greenlet-3.3.0 h11-0.16.0 httpcore-1.0.9 httpx-0.28.1 idna-3.11 numpy-2.4.1 opencv-python-headless-4.13.0.90 pillow-12.1.0 playwright-1.57.0 pyasn1-0.6.2 pyasn1-modules-0.4.2 pydantic-2.12.5 pydantic-core-2.41.5 pyee-13.0.0 python-dotenv-1.2.1 requests-2.32.5 rsa-4.9.1 sniffio-1.3.1 tenacity-9.1.2 termcolor-3.3.0 typing-extensions-4.15.0 typing-inspection-0.4.2 urllib3-2.6.3 websockets-15.0.1
2026-01-18T23:58:25.5383440Z Downloading Chromium 143.0.7499.4 (playwright build v1200) from https://cdn.playwright.dev/dbazure/download/playwright/builds/chromium/1200/chromium-linux.zip
2026-01-18T23:58:25.6285621Z (node:2198) [DEP0169] DeprecationWarning: `url.parse()` behavior is not standardized and prone to errors that have security implications. Use the WHATWG URL API instead. CVEs are not issued for `url.parse()` vulnerabilities.
2026-01-18T23:58:25.6286876Z (Use `node --trace-deprecation ...` to show where the warning was created)
2026-01-18T23:58:25.7669921Z |                                                                                |   0% of 164.7 MiB
2026-01-18T23:58:25.9030482Z |■■■■■■■■                                                                        |  10% of 164.7 MiB
2026-01-18T23:58:25.9609581Z |■■■■■■■■■■■■■■■■                                                                |  20% of 164.7 MiB
2026-01-18T23:58:26.0269022Z |■■■■■■■■■■■■■■■■■■■■■■■■                                                        |  30% of 164.7 MiB
2026-01-18T23:58:26.0775699Z |■■■■■■■■■■■■■■■■■■■■■■■■■■■■■■■■                                                |  40% of 164.7 MiB
2026-01-18T23:58:26.1237952Z |■■■■■■■■■■■■■■■■■■■■■■■■■■■■■■■■■■■■■■■■                                        |  50% of 164.7 MiB
2026-01-18T23:58:26.1662331Z |■■■■■■■■■■■■■■■■■■■■■■■■■■■■■■■■■■■■■■■■■■■■■■■■                                |  60% of 164.7 MiB
2026-01-18T23:58:26.2088187Z |■■■■■■■■■■■■■■■■■■■■■■■■■■■■■■■■■■■■■■■■■■■■■■■■■■■■■■■■                        |  70% of 164.7 MiB
2026-01-18T23:58:26.2515046Z |■■■■■■■■■■■■■■■■■■■■■■■■■■■■■■■■■■■■■■■■■■■■■■■■■■■■■■■■■■■■■■■■                |  80% of 164.7 MiB
2026-01-18T23:58:26.2971825Z |■■■■■■■■■■■■■■■■■■■■■■■■■■■■■■■■■■■■■■■■■■■■■■■■■■■■■■■■■■■■■■■■■■■■■■■■        |  90% of 164.7 MiB
2026-01-18T23:58:26.3410169Z |■■■■■■■■■■■■■■■■■■■■■■■■■■■■■■■■■■■■■■■■■■■■■■■■■■■■■■■■■■■■■■■■■■■■■■■■■■■■■■■■| 100% of 164.7 MiB
2026-01-18T23:58:28.6553801Z Chromium 143.0.7499.4 (playwright build v1200) downloaded to /home/runner/.cache/ms-playwright/chromium-1200
2026-01-18T23:58:28.6557077Z Downloading FFMPEG playwright build v1011 from https://cdn.playwright.dev/dbazure/download/playwright/builds/ffmpeg/1011/ffmpeg-linux.zip
2026-01-18T23:58:28.7469675Z (node:2209) [DEP0169] DeprecationWarning: `url.parse()` behavior is not standardized and prone to errors that have security implications. Use the WHATWG URL API instead. CVEs are not issued for `url.parse()` vulnerabilities.
2026-01-18T23:58:28.7470757Z (Use `node --trace-deprecation ...` to show where the warning was created)
2026-01-18T23:58:28.8609866Z |                                                                                |   0% of 2.3 MiB
2026-01-18T23:58:28.8967249Z |■■■■■■■■                                                                        |  10% of 2.3 MiB
2026-01-18T23:58:28.9121134Z |■■■■■■■■■■■■■■■■                                                                |  20% of 2.3 MiB
2026-01-18T23:58:28.9225337Z |■■■■■■■■■■■■■■■■■■■■■■■■                                                        |  30% of 2.3 MiB
2026-01-18T23:58:28.9291844Z |■■■■■■■■■■■■■■■■■■■■■■■■■■■■■■■■                                                |  40% of 2.3 MiB
2026-01-18T23:58:28.9346581Z |■■■■■■■■■■■■■■■■■■■■■■■■■■■■■■■■■■■■■■■■                                        |  50% of 2.3 MiB
2026-01-18T23:58:28.9389138Z |■■■■■■■■■■■■■■■■■■■■■■■■■■■■■■■■■■■■■■■■■■■■■■■■                                |  60% of 2.3 MiB
2026-01-18T23:58:28.9431129Z |■■■■■■■■■■■■■■■■■■■■■■■■■■■■■■■■■■■■■■■■■■■■■■■■■■■■■■■■                        |  70% of 2.3 MiB
2026-01-18T23:58:28.9458393Z |■■■■■■■■■■■■■■■■■■■■■■■■■■■■■■■■■■■■■■■■■■■■■■■■■■■■■■■■■■■■■■■■                |  80% of 2.3 MiB
2026-01-18T23:58:28.9491536Z |■■■■■■■■■■■■■■■■■■■■■■■■■■■■■■■■■■■■■■■■■■■■■■■■■■■■■■■■■■■■■■■■■■■■■■■■        |  90% of 2.3 MiB
2026-01-18T23:58:28.9514399Z |■■■■■■■■■■■■■■■■■■■■■■■■■■■■■■■■■■■■■■■■■■■■■■■■■■■■■■■■■■■■■■■■■■■■■■■■■■■■■■■■| 100% of 2.3 MiB
2026-01-18T23:58:29.0044692Z FFMPEG playwright build v1011 downloaded to /home/runner/.cache/ms-playwright/ffmpeg-1011
2026-01-18T23:58:29.0047493Z Downloading Chromium Headless Shell 143.0.7499.4 (playwright build v1200) from https://cdn.playwright.dev/dbazure/download/playwright/builds/chromium/1200/chromium-headless-shell-linux.zip
2026-01-18T23:58:29.0946205Z (node:2220) [DEP0169] DeprecationWarning: `url.parse()` behavior is not standardized and prone to errors that have security implications. Use the WHATWG URL API instead. CVEs are not issued for `url.parse()` vulnerabilities.
2026-01-18T23:58:29.0947238Z (Use `node --trace-deprecation ...` to show where the warning was created)
2026-01-18T23:58:29.2024259Z |                                                                                |   0% of 109.7 MiB
2026-01-18T23:58:29.3209519Z |■■■■■■■■                                                                        |  10% of 109.7 MiB
2026-01-18T23:58:29.3687185Z |■■■■■■■■■■■■■■■■                                                                |  20% of 109.7 MiB
2026-01-18T23:58:29.4075423Z |■■■■■■■■■■■■■■■■■■■■■■■■                                                        |  30% of 109.7 MiB
2026-01-18T23:58:29.4495767Z |■■■■■■■■■■■■■■■■■■■■■■■■■■■■■■■■                                                |  40% of 109.7 MiB
2026-01-18T23:58:29.4888110Z |■■■■■■■■■■■■■■■■■■■■■■■■■■■■■■■■■■■■■■■■                                        |  50% of 109.7 MiB
2026-01-18T23:58:29.5216078Z |■■■■■■■■■■■■■■■■■■■■■■■■■■■■■■■■■■■■■■■■■■■■■■■■                                |  60% of 109.7 MiB
2026-01-18T23:58:29.5531898Z |■■■■■■■■■■■■■■■■■■■■■■■■■■■■■■■■■■■■■■■■■■■■■■■■■■■■■■■■                        |  70% of 109.7 MiB
2026-01-18T23:58:29.5832065Z |■■■■■■■■■■■■■■■■■■■■■■■■■■■■■■■■■■■■■■■■■■■■■■■■■■■■■■■■■■■■■■■■                |  80% of 109.7 MiB
2026-01-18T23:58:29.6130935Z |■■■■■■■■■■■■■■■■■■■■■■■■■■■■■■■■■■■■■■■■■■■■■■■■■■■■■■■■■■■■■■■■■■■■■■■■        |  90% of 109.7 MiB
2026-01-18T23:58:29.6430196Z |■■■■■■■■■■■■■■■■■■■■■■■■■■■■■■■■■■■■■■■■■■■■■■■■■■■■■■■■■■■■■■■■■■■■■■■■■■■■■■■■| 100% of 109.7 MiB
2026-01-18T23:58:31.3616789Z Chromium Headless Shell 143.0.7499.4 (playwright build v1200) downloaded to /home/runner/.cache/ms-playwright/chromium_headless_shell-1200
2026-01-18T23:58:31.3870056Z ##[group]Run mkdir -p projects/ci_petstore_swagger
2026-01-18T23:58:31.3870476Z [36;1mmkdir -p projects/ci_petstore_swagger[0m
2026-01-18T23:58:31.3871067Z [36;1mcat > projects/ci_petstore_swagger/config.json << 'EOF'[0m
2026-01-18T23:58:31.3871373Z [36;1m{[0m
2026-01-18T23:58:31.3871576Z [36;1m  "project_name": "ci_petstore_swagger",[0m
2026-01-18T23:58:31.3871949Z [36;1m  "target_url": "https://petstore.swagger.io/",[0m
2026-01-18T23:58:31.3872269Z [36;1m  "goal": "Test Swagger UI interactions",[0m
2026-01-18T23:58:31.3872538Z [36;1m  "headless": true[0m
2026-01-18T23:58:31.3872742Z [36;1m}[0m
2026-01-18T23:58:31.3872907Z [36;1mEOF[0m
2026-01-18T23:58:31.3891494Z shell: /usr/bin/bash -e {0}
2026-01-18T23:58:31.3891724Z env:
2026-01-18T23:58:31.3891975Z   pythonLocation: /opt/hostedtoolcache/Python/3.11.14/x64
2026-01-18T23:58:31.3892368Z   PKG_CONFIG_PATH: /opt/hostedtoolcache/Python/3.11.14/x64/lib/pkgconfig
2026-01-18T23:58:31.3892796Z   Python_ROOT_DIR: /opt/hostedtoolcache/Python/3.11.14/x64
2026-01-18T23:58:31.3893156Z   Python2_ROOT_DIR: /opt/hostedtoolcache/Python/3.11.14/x64
2026-01-18T23:58:31.3893501Z   Python3_ROOT_DIR: /opt/hostedtoolcache/Python/3.11.14/x64
2026-01-18T23:58:31.3893862Z   LD_LIBRARY_PATH: /opt/hostedtoolcache/Python/3.11.14/x64/lib
2026-01-18T23:58:31.3894156Z ##[endgroup]
2026-01-18T23:58:31.4031575Z ##[group]Run # Use --deep for comprehensive regression suite
2026-01-18T23:58:31.4032006Z [36;1m# Use --deep for comprehensive regression suite[0m
2026-01-18T23:58:31.4032454Z [36;1mpython orchestrator.py --project projects/ci_petstore_swagger --deep --force[0m
2026-01-18T23:58:31.4049144Z shell: /usr/bin/bash -e {0}
2026-01-18T23:58:31.4049375Z env:
2026-01-18T23:58:31.4049615Z   pythonLocation: /opt/hostedtoolcache/Python/3.11.14/x64
2026-01-18T23:58:31.4050015Z   PKG_CONFIG_PATH: /opt/hostedtoolcache/Python/3.11.14/x64/lib/pkgconfig
2026-01-18T23:58:31.4050408Z   Python_ROOT_DIR: /opt/hostedtoolcache/Python/3.11.14/x64
2026-01-18T23:58:31.4050981Z   Python2_ROOT_DIR: /opt/hostedtoolcache/Python/3.11.14/x64
2026-01-18T23:58:31.4051477Z   Python3_ROOT_DIR: /opt/hostedtoolcache/Python/3.11.14/x64
2026-01-18T23:58:31.4051831Z   LD_LIBRARY_PATH: /opt/hostedtoolcache/Python/3.11.14/x64/lib
2026-01-18T23:58:31.4052266Z   GOOGLE_API_KEY: ***
2026-01-18T23:58:31.4052508Z   PYTHONPATH: .
2026-01-18T23:58:31.4052707Z ##[endgroup]
2026-01-18T23:58:32.9713775Z 🚀 [DEEP] Extensive mapping enabled (Depth: 3, Pages: 50)
2026-01-18T23:58:32.9714224Z 
2026-01-18T23:58:32.9714780Z 🗺️ [DISCOVERY] Starting Parallel Semantic Crawl on https://petstore.swagger.io/ (Workers: 3)
2026-01-18T23:58:34.1276835Z   🔍 [Worker 0] Visiting (0): https://petstore.swagger.io/
2026-01-18T23:58:35.7868331Z [DEBUG] Sending request to gemini-2.0-flash. Number of parts: 1
2026-01-18T23:58:35.7868775Z [DEBUG] Received response (Length: 145)
2026-01-18T23:58:35.7869259Z ✅ Discovery Complete. Mapped 1 pages.
2026-01-18T23:58:44.5680314Z 
2026-01-18T23:58:44.5681389Z [PLAN] PLANNER: Planning goal -> 'Test Swagger UI interactions' (Deep Mode: True)
2026-01-18T23:58:44.5682912Z 🗺️ [PLAN] Loaded Sitemap with 1 pages.
2026-01-18T23:58:44.5685409Z 🎭 [EXPERT] Detected Domain: GENERAL. Persona: Act as Senior SDET focusing on exploring the application to understand functional flow and identifying critical paths for end-to-end automation
2026-01-18T23:58:44.5687853Z [DEBUG] Sending request to gemini-2.0-flash. Number of parts: 1
2026-01-18T23:58:44.5688808Z [DEBUG] Received response (Length: 3139)
2026-01-18T23:58:44.5689778Z ✅ Planner generated 3 scenarios. Workflow updated.
2026-01-18T23:58:45.4682783Z 
2026-01-18T23:58:45.4683729Z 🕵️ [DEEP EXPLORER] Starting Multi-Scenario Exploration
2026-01-18T23:58:45.4684348Z 📋 Found 3 scenarios to explore.
2026-01-18T23:58:45.7911891Z 
2026-01-18T23:58:45.7912483Z [1/3] Exploring Scenario: Explore Petstore API Documentation
2026-01-18T23:58:45.7913194Z     🧠 Initialized exploration context for goal: 'Test Swagger UI interactions'
2026-01-18T23:58:45.7913657Z   ▶️ [STEP step_1] NAVIGATE: 
2026-01-18T23:58:47.0421309Z     ✅ Navigated to https://petstore.swagger.io/
2026-01-18T23:58:47.0422040Z   ▶️ [STEP step_2] ASSERT_VISIBLE: Swagger Petstore
2026-01-18T23:58:47.0610002Z     🔍 Mining locators for: 'Swagger Petstore'
2026-01-18T23:58:47.2661929Z     ✅ Found 1 verified locators
2026-01-18T23:58:49.8272541Z     ✅ State transitioned.
2026-01-18T23:58:51.6020812Z [DEBUG] Sending request to gemini-2.0-flash. Number of parts: 2
2026-01-18T23:58:51.6021446Z [DEBUG] Received response (Length: 255)
2026-01-18T23:58:51.6022281Z     🤖 AI Next Step Suggestion: click -> Find out more
2026-01-18T23:58:51.6022951Z     🧩 Suggested Locator: #operations-tag-pet > div > a
2026-01-18T23:58:51.6023687Z     💭 Reasoning: To explore the 'pet' operations in Swagger UI, clicking 'Find out more' next to 'pet Everything about your Pets' is the logical next step.
2026-01-18T23:58:51.6024326Z     ➕ Injected AI step: click -> Find out more
2026-01-18T23:58:51.6024660Z   ▶️ [STEP step_2_ai_1] CLICK: Find out more
2026-01-18T23:58:51.6092927Z     🎯 Using AI-provided locator: #operations-tag-pet > div > a
2026-01-18T23:58:51.6122025Z     🔍 Mining locators for: 'Find out more'
2026-01-18T23:58:51.7725562Z     ✅ Found 4 verified locators
2026-01-18T23:58:55.8608724Z     ✅ State transitioned.
2026-01-18T23:58:57.1523510Z [DEBUG] Sending request to gemini-2.0-flash. Number of parts: 2
2026-01-18T23:58:57.1523957Z [DEBUG] Received response (Length: 149)
2026-01-18T23:58:57.1524486Z     🤖 AI Next Step Suggestion: click -> Explore
2026-01-18T23:58:57.1524895Z     💭 Reasoning: To explore the Swagger UI with the provided URL.
2026-01-18T23:58:57.1525266Z     ➕ Injected AI step: click -> Explore
2026-01-18T23:58:57.1525572Z   ▶️ [STEP step_2_ai_2] CLICK: Explore
2026-01-18T23:58:57.1578509Z     🔍 Mining locators for: 'Explore'
2026-01-18T23:58:57.1986454Z     ✅ Found 2 verified locators
2026-01-18T23:59:00.7494226Z     ✅ State transitioned.
2026-01-18T23:59:02.5081020Z [DEBUG] Sending request to gemini-2.0-flash. Number of parts: 2
2026-01-18T23:59:02.5082040Z [DEBUG] Received response (Length: 198)
2026-01-18T23:59:02.5082871Z     🤖 AI Next Step Suggestion: click -> ALLOW ALL COOKIES
2026-01-18T23:59:02.5083352Z     🧩 Suggested Locator: button
2026-01-18T23:59:02.5083843Z     💭 Reasoning: To proceed with testing the Swagger UI, it's necessary to accept the cookie policy.
2026-01-18T23:59:02.5084330Z     ➕ Injected AI step: click -> ALLOW ALL COOKIES
2026-01-18T23:59:02.5084674Z   ▶️ [STEP step_2_ai_3] CLICK: ALLOW ALL COOKIES
2026-01-18T23:59:02.5138534Z     🎯 Using AI-provided locator: button
2026-01-18T23:59:02.5192196Z     ✅ Found 1 verified locators
2026-01-18T23:59:06.5775474Z     ✅ State transitioned.
2026-01-18T23:59:08.4291608Z [DEBUG] Sending request to gemini-2.0-flash. Number of parts: 2
2026-01-18T23:59:08.4292241Z [DEBUG] Received response (Length: 343)
2026-01-18T23:59:08.4292804Z     🤖 AI Next Step Suggestion: click -> ALLOW ALL COOKIES
2026-01-18T23:59:08.4293176Z     🧩 Suggested Locator: button:nth-of-type(2)
2026-01-18T23:59:08.4294252Z     💭 Reasoning: The cookie popup is still visible. Although we clicked 'ALLOW ALL COOKIES' before, it seems it didn't close the popup. Clicking it again to ensure the popup is dismissed and we can proceed with testing the Swagger UI interactions.
2026-01-18T23:59:08.4295367Z ⚠️ Loop detected: same AI suggestion repeated 2 times. Moving to next step.
2026-01-18T23:59:08.4295800Z   ▶️ [STEP step_3] ASSERT_VISIBLE: openapi: 3.0.0
2026-01-18T23:59:08.4360277Z     🔍 Mining locators for: 'openapi: 3.0.0'
2026-01-18T23:59:08.4843824Z     🧠 Consulting AI (Vision-First) to find 'openapi: 3.0.0'...
2026-01-18T23:59:08.4845346Z     🧠 [EXPERT] Strategy: Act as Senior SDET focusing on exploring the application to understand functional flow and identifying critical paths for end-to-end automation.
2026-01-18T23:59:13.0906380Z [DEBUG] Sending request to gemini-2.0-flash. Number of parts: 2
2026-01-18T23:59:13.0907019Z [DEBUG] Received response (Length: 245)
2026-01-18T23:59:13.0908196Z     💡 Expert Suggestion: The target 'openapi: 3.0.0' is likely within the Swagger UI, which is accessible via the 'Explore' button.
2026-01-18T23:59:13.0908817Z     🛠️ Executing corrective action: click -> 'Explore'
2026-01-18T23:59:13.6624468Z     ✅ Executed corrective navigation
2026-01-18T23:59:15.6647292Z     🔄 Retry 1/3 mining locators for 'openapi: 3.0.0'...
2026-01-18T23:59:16.7049728Z     🧠 Consulting AI (Vision-First) to find 'openapi: 3.0.0'...
2026-01-18T23:59:16.7051436Z     🧠 [EXPERT] Strategy: Act as Senior SDET focusing on exploring the application to understand functional flow and identifying critical paths for end-to-end automation.
2026-01-18T23:59:16.7057526Z [CACHE HIT] 9ef8e5e5... (hits: 1, misses: 5)
2026-01-18T23:59:16.7058466Z     ⚠️ Skipping duplicate injection: Explore
2026-01-18T23:59:16.7059106Z     🔄 Retry 2/3 mining locators for 'openapi: 3.0.0'...
2026-01-18T23:59:17.7069842Z     🗑️ Invalidating stale AI cache (retry 2)...
2026-01-18T23:59:17.7070885Z     ⚠️ Cache invalidation warning: No module named 'core.agents.domain_expert'
2026-01-18T23:59:17.7550489Z     🧠 Consulting AI (Vision-First) to find 'openapi: 3.0.0'...
2026-01-18T23:59:17.7552246Z     🧠 [EXPERT] Strategy: Act as Senior SDET focusing on exploring the application to understand functional flow and identifying critical paths for end-to-end automation.
2026-01-18T23:59:17.7556303Z [CACHE HIT] 9ef8e5e5... (hits: 2, misses: 5)
2026-01-18T23:59:17.7556976Z     ⚠️ Skipping duplicate injection: Explore
2026-01-18T23:59:17.7557749Z     🧠 Verifying step validity for 'openapi: 3.0.0' after no candidates found...
2026-01-18T23:59:18.9983323Z [DEBUG] Sending request to gemini-2.0-flash. Number of parts: 2
2026-01-18T23:59:18.9983758Z [DEBUG] Received response (Length: 224)
2026-01-18T23:59:18.9984841Z     🗑️ Step deemed INVALID: The current page displays a cookie consent dialog. The target element 'openapi: 3.0.0' is not visible in this context. We need to dismiss the cookie dialog first.. Removing from workflow.
2026-01-18T23:59:18.9988125Z     ⏭️ Skipping execution of invalid step: openapi: 3.0.0
2026-01-18T23:59:18.9988650Z   ▶️ [STEP step_4] ASSERT_VISIBLE: Info
2026-01-18T23:59:19.0046734Z     🔍 Mining locators for: 'Info'
2026-01-18T23:59:19.1143129Z     ✅ Found 5 verified locators
2026-01-18T23:59:21.6429070Z     ✅ State transitioned.
2026-01-18T23:59:24.5326213Z [DEBUG] Sending request to gemini-2.0-flash. Number of parts: 2
2026-01-18T23:59:24.5326817Z [DEBUG] Received response (Length: 278)
2026-01-18T23:59:24.5327393Z     🤖 AI Next Step Suggestion: click -> SAVE SETTINGS
2026-01-18T23:59:24.5327916Z     🧩 Suggested Locator: #ch2-settings > div > div.ch2-buttons > button.ch2-save-settings
2026-01-18T23:59:24.5328693Z     💭 Reasoning: The cookie settings are displayed, and the next logical step is to save the settings to proceed with exploring the Swagger UI.
2026-01-18T23:59:24.5329302Z     ➕ Injected AI step: click -> SAVE SETTINGS
2026-01-18T23:59:24.5329618Z   ▶️ [STEP step_4_ai_1] CLICK: SAVE SETTINGS
2026-01-18T23:59:24.5391195Z     🎯 Using AI-provided locator: #ch2-settings > div > div.ch2-buttons > button.ch2-save-settings
2026-01-18T23:59:24.5413820Z     🔍 Mining locators for: 'SAVE SETTINGS'
2026-01-18T23:59:24.5970138Z     🔄 Retry 1/3 mining locators for 'SAVE SETTINGS'...
2026-01-18T23:59:25.6485030Z     🔄 Retry 2/3 mining locators for 'SAVE SETTINGS'...
2026-01-18T23:59:26.6496105Z     🗑️ Invalidating stale AI cache (retry 2)...
2026-01-18T23:59:26.6497452Z     ⚠️ Cache invalidation warning: No module named 'core.agents.domain_expert'
2026-01-18T23:59:26.6962613Z     🧠 Verifying step validity for 'SAVE SETTINGS' after mining failure...
2026-01-18T23:59:29.5112900Z [DEBUG] Sending request to gemini-2.0-flash. Number of parts: 2
2026-01-18T23:59:29.5113441Z [DEBUG] Received response (Length: 227)
2026-01-18T23:59:29.5114176Z     🛠️ Self-Correction: Step is valid. Using new locator: button[class='sc-dkPtRN iVjMPL']
2026-01-18T23:59:35.0246787Z     ⚠️ Scroll into view failed for button[class='sc-dkPtRN iVjMPL']. Proceeding anyway.
2026-01-18T23:59:40.0263831Z     ⚠️ Action failed: Locator.bounding_box: Timeout 5000ms exceeded.
2026-01-18T23:59:40.0264423Z Cal...
2026-01-18T23:59:41.5199730Z [DEBUG] Sending request to gemini-2.0-flash. Number of parts: 2
2026-01-18T23:59:41.5200250Z [DEBUG] Received response (Length: 195)
2026-01-18T23:59:41.5201228Z     ✨ AI Heal Reasoning: The element with the text 'SAVE SETTINGS' is a button, which is the best element to perform a click action on.
2026-01-18T23:59:41.5201931Z     ✨ AI healed exploration action! New selector: div.sc-eCImvq.fXjQYQ > button
2026-01-18T23:59:47.0259620Z     ⚠️ Scroll into view failed for div.sc-eCImvq.fXjQYQ > button. Proceeding anyway.
2026-01-18T23:59:52.0291579Z   ▶️ [STEP step_5] ASSERT_VISIBLE: Servers
2026-01-18T23:59:52.0355470Z     🔍 Mining locators for: 'Servers'
2026-01-18T23:59:52.0880874Z     🧠 Consulting AI (Vision-First) to find 'Servers'...
2026-01-18T23:59:52.0882297Z     🧠 [EXPERT] Strategy: Act as Senior SDET focusing on exploring the application to understand functional flow and identifying critical paths for end-to-end automation.
2026-01-18T23:59:53.6617005Z [DEBUG] Sending request to gemini-2.0-flash. Number of parts: 2
2026-01-18T23:59:53.6617572Z [DEBUG] Received response (Length: 245)
2026-01-18T23:59:53.6619047Z     💡 Expert Suggestion: The 'Servers' option is likely within the main application interface, accessible after clicking 'Explore'.
2026-01-18T23:59:53.6620004Z     🛠️ Executing corrective action: click -> 'Explore'
2026-01-18T23:59:54.2433909Z     ✅ Executed corrective navigation
2026-01-18T23:59:56.2456505Z     🔄 Retry 1/3 mining locators for 'Servers'...
2026-01-18T23:59:57.2878631Z     🧠 Consulting AI (Vision-First) to find 'Servers'...
2026-01-18T23:59:57.2880274Z     🧠 [EXPERT] Strategy: Act as Senior SDET focusing on exploring the application to understand functional flow and identifying critical paths for end-to-end automation.
2026-01-18T23:59:57.2885616Z [CACHE HIT] fa01708b... (hits: 3, misses: 10)
2026-01-18T23:59:57.2886406Z     ⚠️ Skipping duplicate injection: Explore
2026-01-18T23:59:57.2886761Z     🔄 Retry 2/3 mining locators for 'Servers'...
2026-01-18T23:59:58.2898207Z     🗑️ Invalidating stale AI cache (retry 2)...
2026-01-18T23:59:58.2899608Z     ⚠️ Cache invalidation warning: No module named 'core.agents.domain_expert'
2026-01-18T23:59:58.3368711Z     🧠 Consulting AI (Vision-First) to find 'Servers'...
2026-01-18T23:59:58.3370203Z     🧠 [EXPERT] Strategy: Act as Senior SDET focusing on exploring the application to understand functional flow and identifying critical paths for end-to-end automation.
2026-01-18T23:59:58.3375986Z [CACHE HIT] fa01708b... (hits: 4, misses: 10)
2026-01-18T23:59:58.3377060Z     ⚠️ Skipping duplicate injection: Explore
2026-01-18T23:59:58.3377797Z     🧠 Verifying step validity for 'Servers' after no candidates found...
2026-01-18T23:59:59.7223036Z [DEBUG] Sending request to gemini-2.0-flash. Number of parts: 2
2026-01-18T23:59:59.7223643Z [DEBUG] Received response (Length: 229)
2026-01-18T23:59:59.7224790Z     🗑️ Step deemed INVALID: The current page shows a cookie consent dialog, not the main Swagger UI. The 'Servers' element is not present in this view. We need to dismiss the cookie dialog first.. Removing from workflow.
2026-01-18T23:59:59.7225634Z     ⏭️ Skipping execution of invalid step: Servers
2026-01-18T23:59:59.7225961Z   ▶️ [STEP step_6] ASSERT_VISIBLE: Tags
2026-01-18T23:59:59.7291109Z     🔍 Mining locators for: 'Tags'
2026-01-18T23:59:59.7697165Z     🧠 Consulting AI (Vision-First) to find 'Tags'...
2026-01-18T23:59:59.7698292Z     🧠 [EXPERT] Strategy: Act as Senior SDET focusing on exploring the application to understand functional flow and identifying critical paths for end-to-end automation.
2026-01-19T00:00:04.6626571Z [DEBUG] Sending request to gemini-2.0-flash. Number of parts: 2
2026-01-19T00:00:04.6627310Z [DEBUG] Received response (Length: 262)
2026-01-19T00:00:04.6628867Z     💡 Expert Suggestion: The 'Tags' section is likely located within the main application interface, accessible after clicking the 'Explore' button.
2026-01-19T00:00:04.6630315Z     🛠️ Executing corrective action: click -> 'Explore'
2026-01-19T00:00:05.2441461Z     ✅ Executed corrective navigation
2026-01-19T00:00:07.2463885Z     🔄 Retry 1/3 mining locators for 'Tags'...
2026-01-19T00:00:08.2860505Z     🧠 Consulting AI (Vision-First) to find 'Tags'...
2026-01-19T00:00:08.2862064Z     🧠 [EXPERT] Strategy: Act as Senior SDET focusing on exploring the application to understand functional flow and identifying critical paths for end-to-end automation.
2026-01-19T00:00:08.2867516Z [CACHE HIT] 44e9bcd7... (hits: 5, misses: 12)
2026-01-19T00:00:08.2868571Z     ⚠️ Skipping duplicate injection: Explore
2026-01-19T00:00:08.2869143Z     🔄 Retry 2/3 mining locators for 'Tags'...
2026-01-19T00:00:09.2879991Z     🗑️ Invalidating stale AI cache (retry 2)...
2026-01-19T00:00:09.2881484Z     ⚠️ Cache invalidation warning: No module named 'core.agents.domain_expert'
2026-01-19T00:00:09.3375384Z     🧠 Consulting AI (Vision-First) to find 'Tags'...
2026-01-19T00:00:09.3376932Z     🧠 [EXPERT] Strategy: Act as Senior SDET focusing on exploring the application to understand functional flow and identifying critical paths for end-to-end automation.
2026-01-19T00:00:09.3382221Z [CACHE HIT] 44e9bcd7... (hits: 6, misses: 12)
2026-01-19T00:00:09.3382862Z     ⚠️ Skipping duplicate injection: Explore
2026-01-19T00:00:09.3383265Z     🧠 Verifying step validity for 'Tags' after no candidates found...
2026-01-19T00:00:10.5477426Z [DEBUG] Sending request to gemini-2.0-flash. Number of parts: 2
2026-01-19T00:00:10.5477837Z [DEBUG] Received response (Length: 242)
2026-01-19T00:00:10.5479009Z     🗑️ Step deemed INVALID: The current page displays a cookie settings popup, not the main Swagger UI. The 'Tags' section is not visible in this state. Therefore, interacting with 'Tags' is not a valid step.. Removing from workflow.
2026-01-19T00:00:10.5479908Z     ⏭️ Skipping execution of invalid step: Tags
2026-01-19T00:00:12.5798120Z 
2026-01-19T00:00:12.5798713Z [2/3] Exploring Scenario: Expand and Explore the Pet Endpoint
2026-01-19T00:00:12.5799881Z     🧠 Initialized exploration context for goal: 'Test Swagger UI interactions'
2026-01-19T00:00:12.5800949Z   ▶️ [STEP step_1] NAVIGATE: 
2026-01-19T00:00:14.0787507Z     ✅ Navigated to https://petstore.swagger.io/
2026-01-19T00:00:14.0788189Z   ▶️ [STEP step_2] CLICK: pet
2026-01-19T00:00:14.1021453Z     🔍 Mining locators for: 'pet'
2026-01-19T00:00:14.5910833Z     ✅ Found 18 verified locators
2026-01-19T00:00:18.2427144Z     ✅ State transitioned.
2026-01-19T00:00:19.8962362Z [DEBUG] Sending request to gemini-2.0-flash. Number of parts: 2
2026-01-19T00:00:19.8962999Z [DEBUG] Received response (Length: 261)
2026-01-19T00:00:19.8963940Z     🤖 AI Next Step Suggestion: click -> POST /pet Add a new pet to the store
2026-01-19T00:00:19.8964704Z     🧩 Suggested Locator: button
2026-01-19T00:00:19.8966117Z     💭 Reasoning: To explore the 'pet' operations, clicking on one of the available operations like 'POST /pet Add a new pet to the store' is a logical next step.
2026-01-19T00:00:19.8967645Z     ➕ Injected AI step: click -> POST /pet Add a new pet to the store
2026-01-19T00:00:19.8968554Z   ▶️ [STEP step_2_ai_1] CLICK: POST /pet Add a new pet to the store
2026-01-19T00:00:19.9024378Z     🎯 Using AI-provided locator: button
2026-01-19T00:00:19.9084242Z     ✅ Found 1 verified locators
2026-01-19T00:00:23.9719767Z     ✅ State transitioned.
2026-01-19T00:00:25.7986927Z [DEBUG] Sending request to gemini-2.0-flash. Number of parts: 2
2026-01-19T00:00:25.7987317Z [DEBUG] Received response (Length: 229)
2026-01-19T00:00:25.7987932Z     🤖 AI Next Step Suggestion: click -> POST /pet Add a new pet to the store
2026-01-19T00:00:25.7988344Z     🧩 Suggested Locator: button
2026-01-19T00:00:25.7988924Z     💭 Reasoning: Since the cookie settings are blocking the view, I will click on the button again to proceed with the next step.
2026-01-19T00:00:25.7989609Z ⚠️ Loop detected: same AI suggestion repeated 2 times. Moving to next step.
2026-01-19T00:00:25.7990065Z   ▶️ [STEP step_3] ASSERT_VISIBLE: POST /pet
2026-01-19T00:00:25.8055552Z     🔍 Mining locators for: 'POST /pet'
2026-01-19T00:00:25.9865813Z     ✅ Found 2 verified locators
2026-01-19T00:00:28.5404608Z     ✅ State transitioned.
2026-01-19T00:00:30.8291795Z [DEBUG] Sending request to gemini-2.0-flash. Number of parts: 2
2026-01-19T00:00:30.8292546Z [DEBUG] Received response (Length: 343)
2026-01-19T00:00:30.8293468Z     🤖 AI Next Step Suggestion: click -> ALLOW ALL COOKIES
2026-01-19T00:00:30.8294956Z     🧩 Suggested Locator: #ch2-settings > div > div > div.ch2-buttons > button.ch2-btn.ch2-allow-all.ch2-color-main.ch2-mr-1
2026-01-19T00:00:30.8296974Z     💭 Reasoning: The cookie settings popup is obscuring the page. Clicking 'ALLOW ALL COOKIES' will dismiss it and allow interaction with the Swagger UI.
2026-01-19T00:00:30.8298294Z     ➕ Injected AI step: click -> ALLOW ALL COOKIES
2026-01-19T00:00:30.8298990Z   ▶️ [STEP step_3_ai_1] CLICK: ALLOW ALL COOKIES
2026-01-19T00:00:30.8363176Z     🎯 Using AI-provided locator: #ch2-settings > div > div > div.ch2-buttons > button.ch2-btn.ch2-allow-all.ch2-color-main.ch2-mr-1
2026-01-19T00:00:30.8386920Z     🔍 Mining locators for: 'ALLOW ALL COOKIES'
2026-01-19T00:00:30.9860051Z     🔄 Retry 1/3 mining locators for 'ALLOW ALL COOKIES'...
2026-01-19T00:00:32.1013926Z     🔄 Retry 2/3 mining locators for 'ALLOW ALL COOKIES'...
2026-01-19T00:00:33.1026150Z     🗑️ Invalidating stale AI cache (retry 2)...
2026-01-19T00:00:33.1027302Z     ⚠️ Cache invalidation warning: No module named 'core.agents.domain_expert'
2026-01-19T00:00:33.2694976Z     🧠 Verifying step validity for 'ALLOW ALL COOKIES' after mining failure...
2026-01-19T00:00:36.3741016Z [DEBUG] Sending request to gemini-2.0-flash. Number of parts: 2
2026-01-19T00:00:36.3741426Z [DEBUG] Received response (Length: 237)
2026-01-19T00:00:36.3742093Z     🛠️ Self-Correction: Step is valid. Using new locator: button:has-text('ALLOW ALL COOKIES')
2026-01-19T00:00:41.8878588Z     ⚠️ Scroll into view failed for button:has-text('ALLOW ALL COOKIES'). Proceeding anyway.
2026-01-19T00:00:42.4021022Z     ⚠️ Action failed: Locator.click: Element is not visible
2026-01-19T00:00:42.4021636Z Call log:
2026-01-19T00:00:42.4021953Z   ...
2026-01-19T00:00:44.6856364Z [DEBUG] Sending request to gemini-2.0-flash. Number of parts: 2
2026-01-19T00:00:44.6856919Z [DEBUG] Received response (Length: 188)
2026-01-19T00:00:44.6857814Z     ✨ AI Heal Reasoning: The text 'ALLOW ALL COOKIES' is visible and clickable. It is the most direct way to interact with the element.
2026-01-19T00:00:44.6858499Z     ✨ AI healed exploration action! New selector: text=ALLOW ALL COOKIES
2026-01-19T00:00:50.1933265Z     ⚠️ Scroll into view failed for text=ALLOW ALL COOKIES. Proceeding anyway.
2026-01-19T00:00:50.7159337Z   ▶️ [STEP step_4] ASSERT_VISIBLE: PUT /pet
2026-01-19T00:00:50.7225589Z     🔍 Mining locators for: 'PUT /pet'
2026-01-19T00:00:50.8629796Z     ✅ Found 1 verified locators
2026-01-19T00:00:53.4055433Z     ✅ State transitioned.
2026-01-19T00:00:53.4160184Z     🔄 Revisited state detected (count: 1)
2026-01-19T00:00:54.9750048Z [DEBUG] Sending request to gemini-2.0-flash. Number of parts: 2
2026-01-19T00:00:54.9750897Z [DEBUG] Received response (Length: 281)
2026-01-19T00:00:54.9751506Z     🤖 AI Next Step Suggestion: click -> ALLOW ALL COOKIES
2026-01-19T00:00:54.9751917Z     🧩 Suggested Locator: button:has-text('ALLOW ALL COOKIES')
2026-01-19T00:00:54.9752717Z     💭 Reasoning: The previous attempt to click 'ALLOW ALL COOKIES' failed. Trying again to dismiss the cookie banner and proceed with testing the Swagger UI interactions.
2026-01-19T00:00:54.9753491Z ⚠️ Loop detected: same AI suggestion repeated 2 times. Moving to next step.
2026-01-19T00:00:54.9753921Z   ▶️ [STEP step_5] ASSERT_VISIBLE: GET /pet/{petId}
2026-01-19T00:00:54.9819631Z     🔍 Mining locators for: 'GET /pet/{petId}'
2026-01-19T00:00:55.1221149Z     ✅ Found 1 verified locators
2026-01-19T00:00:57.6723272Z     ✅ State transitioned.
2026-01-19T00:00:57.6827069Z     🔄 Revisited state detected (count: 2)
2026-01-19T00:01:00.6875466Z [DEBUG] Sending request to gemini-2.0-flash. Number of parts: 2
2026-01-19T00:01:00.6876231Z [DEBUG] Received response (Length: 281)
2026-01-19T00:01:00.6877122Z     🤖 AI Next Step Suggestion: click -> ALLOW ALL COOKIES
2026-01-19T00:01:00.6877909Z     🧩 Suggested Locator: button:has-text('ALLOW ALL COOKIES')
2026-01-19T00:01:00.6879681Z     💭 Reasoning: The previous attempt to click 'ALLOW ALL COOKIES' failed. Trying again to dismiss the cookie banner and proceed with testing the Swagger UI interactions.
2026-01-19T00:01:00.6881282Z     ➕ Injected AI step: click -> ALLOW ALL COOKIES
2026-01-19T00:01:00.6881973Z   ▶️ [STEP step_5_ai_1] CLICK: ALLOW ALL COOKIES
2026-01-19T00:01:00.6950256Z     🎯 Using AI-provided locator: button:has-text('ALLOW ALL COOKIES')
2026-01-19T00:01:00.6974916Z     🔍 Mining locators for: 'ALLOW ALL COOKIES'
2026-01-19T00:01:00.8046687Z     🧠 Consulting AI (Vision-First) to find 'ALLOW ALL COOKIES'...
2026-01-19T00:01:00.8047960Z     🧠 [EXPERT] Strategy: Act as Senior SDET focusing on exploring the application to understand functional flow and identifying critical paths for end-to-end automation.
2026-01-19T00:01:05.8423325Z [DEBUG] Sending request to gemini-2.0-flash. Number of parts: 2
2026-01-19T00:01:05.8423788Z [DEBUG] Received response (Length: 535)
2026-01-19T00:01:05.8424367Z     🔄 Retry 1/3 mining locators for 'ALLOW ALL COOKIES'...
2026-01-19T00:01:06.9540287Z     🧠 Consulting AI (Vision-First) to find 'ALLOW ALL COOKIES'...
2026-01-19T00:01:06.9541668Z     🧠 [EXPERT] Strategy: Act as Senior SDET focusing on exploring the application to understand functional flow and identifying critical paths for end-to-end automation.
2026-01-19T00:01:06.9545970Z [CACHE HIT] 9a686485... (hits: 7, misses: 21)
2026-01-19T00:01:06.9546476Z     🔄 Retry 2/3 mining locators for 'ALLOW ALL COOKIES'...
2026-01-19T00:01:07.9558817Z     🗑️ Invalidating stale AI cache (retry 2)...
2026-01-19T00:01:07.9560057Z     ⚠️ Cache invalidation warning: No module named 'core.agents.domain_expert'
2026-01-19T00:01:08.0896526Z     🧠 Consulting AI (Vision-First) to find 'ALLOW ALL COOKIES'...
2026-01-19T00:01:08.0898411Z     🧠 [EXPERT] Strategy: Act as Senior SDET focusing on exploring the application to understand functional flow and identifying critical paths for end-to-end automation.
2026-01-19T00:01:08.0905611Z [CACHE HIT] 9a686485... (hits: 8, misses: 21)
2026-01-19T00:01:08.0906479Z     🧠 Verifying step validity for 'ALLOW ALL COOKIES' after mining failure...
2026-01-19T00:01:10.1198851Z [DEBUG] Sending request to gemini-2.0-flash. Number of parts: 2
2026-01-19T00:01:10.1199388Z [DEBUG] Received response (Length: 289)
2026-01-19T00:01:10.1200075Z     🛠️ Self-Correction: Step is valid. Using new locator: button:has-text('ALLOW ALL COOKIES')
2026-01-19T00:01:15.6317452Z     ⚠️ Scroll into view failed for button:has-text('ALLOW ALL COOKIES'). Proceeding anyway.
2026-01-19T00:01:16.1455410Z     ⚠️ Action failed: Locator.click: Element is not visible
2026-01-19T00:01:16.1455956Z Call log:
2026-01-19T00:01:16.1456233Z   ...
2026-01-19T00:01:17.4569085Z [DEBUG] Sending request to gemini-2.0-flash. Number of parts: 2
2026-01-19T00:01:17.4569804Z [DEBUG] Received response (Length: 169)
2026-01-19T00:01:17.4571160Z     ✨ AI Heal Reasoning: The button contains the text 'ALLOW ALL COOKIES' and is visible in the image.
2026-01-19T00:01:17.4572407Z     ✨ AI healed exploration action! New selector: button:contains('ALLOW ALL COOKIES')
2026-01-19T00:01:17.4637897Z     ⚠️ Scroll into view failed for button:contains('ALLOW ALL COOKIES'). Proceeding anyway.
2026-01-19T00:01:17.4666899Z   ▶️ [STEP step_6] ASSERT_VISIBLE: DELETE /pet/{petId}
2026-01-19T00:01:17.4727148Z     🔍 Mining locators for: 'DELETE /pet/{petId}'
2026-01-19T00:01:17.6350960Z     ✅ Found 1 verified locators
2026-01-19T00:01:20.1713982Z     ✅ State transitioned.
2026-01-19T00:01:20.1821893Z     🔄 Revisited state detected (count: 3)
2026-01-19T00:01:20.1822524Z     ⚠️ Too many revisits (3). Stopping AI step injection to prevent loops.
2026-01-19T00:01:22.2268152Z 
2026-01-19T00:01:22.2268711Z [3/3] Exploring Scenario: Expand and Execute a GET Operation
2026-01-19T00:01:22.2271375Z     🧠 Initialized exploration context for goal: 'Test Swagger UI interactions'
2026-01-19T00:01:22.2272422Z   ▶️ [STEP step_1] NAVIGATE: 
2026-01-19T00:01:23.5535703Z     ✅ Navigated to https://petstore.swagger.io/
2026-01-19T00:01:23.5536317Z   ▶️ [STEP step_2] CLICK: pet
2026-01-19T00:01:23.5699845Z     🔍 Mining locators for: 'pet'
2026-01-19T00:01:24.0046318Z     ✅ Found 18 verified locators
2026-01-19T00:01:27.6259229Z     ✅ State transitioned.
2026-01-19T00:01:27.7696057Z [CACHE HIT] 9c35c9ba... (hits: 9, misses: 23)
2026-01-19T00:01:27.7697213Z     🤖 AI Next Step Suggestion: click -> POST /pet Add a new pet to the store
2026-01-19T00:01:27.7698010Z     🧩 Suggested Locator: button
2026-01-19T00:01:27.7699423Z     💭 Reasoning: To explore the 'pet' operations, clicking on one of the available operations like 'POST /pet Add a new pet to the store' is a logical next step.
2026-01-19T00:01:27.7701408Z     ➕ Injected AI step: click -> POST /pet Add a new pet to the store
2026-01-19T00:01:27.7702454Z   ▶️ [STEP step_2_ai_1] CLICK: POST /pet Add a new pet to the store
2026-01-19T00:01:27.7751870Z     🎯 Using AI-provided locator: button
2026-01-19T00:01:27.7815378Z     ✅ Found 1 verified locators
2026-01-19T00:01:31.8363742Z     ✅ State transitioned.
2026-01-19T00:01:32.0033829Z [CACHE HIT] f55b30dc... (hits: 10, misses: 23)
2026-01-19T00:01:32.0034638Z     🤖 AI Next Step Suggestion: click -> POST /pet Add a new pet to the store
2026-01-19T00:01:32.0035052Z     🧩 Suggested Locator: button
2026-01-19T00:01:32.0035630Z     💭 Reasoning: Since the cookie settings are blocking the view, I will click on the button again to proceed with the next step.
2026-01-19T00:01:32.0037897Z ⚠️ Loop detected: same AI suggestion repeated 2 times. Moving to next step.
2026-01-19T00:01:32.0038812Z   ▶️ [STEP step_3] CLICK: GET /pet/{petId}
2026-01-19T00:01:32.0094746Z     🔍 Mining locators for: 'GET /pet/{petId}'
2026-01-19T00:01:32.1514075Z     ✅ Found 1 verified locators
2026-01-19T00:01:35.7271791Z     ✅ State transitioned.
2026-01-19T00:01:37.2871423Z [DEBUG] Sending request to gemini-2.0-flash. Number of parts: 2
2026-01-19T00:01:37.2872113Z [DEBUG] Received response (Length: 256)
2026-01-19T00:01:37.2872996Z     🤖 AI Next Step Suggestion: click -> ALLOW ALL COOKIES
2026-01-19T00:01:37.2873791Z     🧩 Suggested Locator: button:contains('ALLOW ALL COOKIES')
2026-01-19T00:01:37.2875270Z     💭 Reasoning: The cookie banner is obscuring the page. Clicking 'ALLOW ALL COOKIES' will dismiss it and allow interaction with the Swagger UI.
2026-01-19T00:01:37.2876552Z     ➕ Injected AI step: click -> ALLOW ALL COOKIES
2026-01-19T00:01:37.2877236Z   ▶️ [STEP step_3_ai_1] CLICK: ALLOW ALL COOKIES
2026-01-19T00:01:37.2939877Z     🎯 Using AI-provided locator: button:contains('ALLOW ALL COOKIES')
2026-01-19T00:01:37.2967405Z     🔍 Mining locators for: 'ALLOW ALL COOKIES'
2026-01-19T00:01:37.4026381Z     🧠 Consulting AI (Vision-First) to find 'ALLOW ALL COOKIES'...
2026-01-19T00:01:37.4028077Z     🧠 [EXPERT] Strategy: Act as Senior SDET focusing on exploring the application to understand functional flow and identifying critical paths for end-to-end automation.
2026-01-19T00:01:37.4034293Z [CACHE HIT] 9a686485... (hits: 11, misses: 24)
2026-01-19T00:01:37.4034791Z     🔄 Retry 1/3 mining locators for 'ALLOW ALL COOKIES'...
2026-01-19T00:01:38.5187757Z     🧠 Consulting AI (Vision-First) to find 'ALLOW ALL COOKIES'...
2026-01-19T00:01:38.5188990Z     🧠 [EXPERT] Strategy: Act as Senior SDET focusing on exploring the application to understand functional flow and identifying critical paths for end-to-end automation.
2026-01-19T00:01:38.5193754Z [CACHE HIT] 9a686485... (hits: 12, misses: 24)
2026-01-19T00:01:38.5194248Z     🔄 Retry 2/3 mining locators for 'ALLOW ALL COOKIES'...
2026-01-19T00:01:39.5206290Z     🗑️ Invalidating stale AI cache (retry 2)...
2026-01-19T00:01:39.5207506Z     ⚠️ Cache invalidation warning: No module named 'core.agents.domain_expert'
2026-01-19T00:01:39.6518747Z     🧠 Consulting AI (Vision-First) to find 'ALLOW ALL COOKIES'...
2026-01-19T00:01:39.6519748Z     🧠 [EXPERT] Strategy: Act as Senior SDET focusing on exploring the application to understand functional flow and identifying critical paths for end-to-end automation.
2026-01-19T00:01:39.6524007Z [CACHE HIT] 9a686485... (hits: 13, misses: 24)
2026-01-19T00:01:39.6524706Z     🧠 Verifying step validity for 'ALLOW ALL COOKIES' after mining failure...
2026-01-19T00:01:39.6530348Z [CACHE HIT] 80d37c28... (hits: 14, misses: 24)
2026-01-19T00:01:39.6531151Z     🛠️ Self-Correction: Step is valid. Using new locator: button:has-text('ALLOW ALL COOKIES')
2026-01-19T00:01:45.1668467Z     ⚠️ Scroll into view failed for button:has-text('ALLOW ALL COOKIES'). Proceeding anyway.
2026-01-19T00:01:45.6799513Z     ⚠️ Action failed: Locator.click: Element is not visible
2026-01-19T00:01:45.6800448Z Call log:
2026-01-19T00:01:45.6800890Z   ...
2026-01-19T00:01:45.7865748Z [CACHE HIT] a56e613b... (hits: 15, misses: 24)
2026-01-19T00:01:45.7867207Z     ✨ AI Heal Reasoning: The button contains the text 'ALLOW ALL COOKIES' and is visible in the image.
2026-01-19T00:01:45.7868125Z     ✨ AI healed exploration action! New selector: button:contains('ALLOW ALL COOKIES')
2026-01-19T00:01:45.7922783Z     ⚠️ Scroll into view failed for button:contains('ALLOW ALL COOKIES'). Proceeding anyway.
2026-01-19T00:01:45.7951409Z   ▶️ [STEP step_4] FILL: petId
2026-01-19T00:01:45.8012435Z     🔍 Mining locators for: 'petId'
2026-01-19T00:01:46.0508584Z     ✅ Found 3 verified locators
2026-01-19T00:01:52.0881674Z     ⚠️ Action failed: Locator.click: Timeout 5000ms exceeded.
2026-01-19T00:01:52.0882019Z Call log:
2026-01-19T00:01:52.0882190Z ...
2026-01-19T00:01:54.1022973Z [DEBUG] Sending request to gemini-2.0-flash. Number of parts: 2
2026-01-19T00:01:54.1023673Z [DEBUG] Received response (Length: 296)
2026-01-19T00:01:54.1025186Z     ✨ AI Heal Reasoning: The element 'get[path='/pet/{petId}']' is the most suitable visible element for the 'petId' field on the current page. It is a good match visually because it is clearly labeled and indicates the purpose of the field.
2026-01-19T00:01:54.1026161Z     ✨ AI healed exploration action! New selector: get[path='/pet/{petId}']
2026-01-19T00:01:59.6069523Z     ⚠️ Scroll into view failed for get[path='/pet/{petId}']. Proceeding anyway.
2026-01-19T00:02:05.1106022Z   ▶️ [STEP step_5] CLICK: Try it out
2026-01-19T00:02:05.1172822Z     🔍 Mining locators for: 'Try it out'
2026-01-19T00:02:05.2185030Z     🧠 Consulting AI (Vision-First) to find 'Try it out'...
2026-01-19T00:02:05.2186028Z     🧠 [EXPERT] Strategy: Act as Senior SDET focusing on exploring the application to understand functional flow and identifying critical paths for end-to-end automation.
2026-01-19T00:02:06.6488969Z [DEBUG] Sending request to gemini-2.0-flash. Number of parts: 2
2026-01-19T00:02:06.6489459Z [DEBUG] Received response (Length: 71)
2026-01-19T00:02:06.6490023Z     🔄 Retry 1/3 mining locators for 'Try it out'...
2026-01-19T00:02:07.7850263Z     🧠 Consulting AI (Vision-First) to find 'Try it out'...
2026-01-19T00:02:07.7851596Z     🧠 [EXPERT] Strategy: Act as Senior SDET focusing on exploring the application to understand functional flow and identifying critical paths for end-to-end automation.
2026-01-19T00:02:07.7856685Z [CACHE HIT] 1eab6f67... (hits: 16, misses: 26)
2026-01-19T00:02:07.7857240Z     🔄 Retry 2/3 mining locators for 'Try it out'...
2026-01-19T00:02:08.7869541Z     🗑️ Invalidating stale AI cache (retry 2)...
2026-01-19T00:02:08.7870688Z     ⚠️ Cache invalidation warning: No module named 'core.agents.domain_expert'
2026-01-19T00:02:08.8850069Z     🧠 Consulting AI (Vision-First) to find 'Try it out'...
2026-01-19T00:02:08.8851308Z     🧠 [EXPERT] Strategy: Act as Senior SDET focusing on exploring the application to understand functional flow and identifying critical paths for end-to-end automation.
2026-01-19T00:02:08.8855851Z [CACHE HIT] 1eab6f67... (hits: 17, misses: 26)
2026-01-19T00:02:08.8856510Z     🧠 Verifying step validity for 'Try it out' after no candidates found...
2026-01-19T00:02:11.6109282Z [DEBUG] Sending request to gemini-2.0-flash. Number of parts: 2
2026-01-19T00:02:11.6109949Z [DEBUG] Received response (Length: 246)
2026-01-19T00:02:11.6111308Z     🗑️ Step deemed INVALID: The screenshot shows a cookie consent popup obscuring the Swagger UI. The 'Try it out' button for the 'uploadFile' operation is not visible. We need to dismiss the cookie banner first.. Removing from workflow.
2026-01-19T00:02:11.6112244Z     ⏭️ Skipping execution of invalid step: Try it out
2026-01-19T00:02:11.6112587Z   ▶️ [STEP step_6] CLICK: Execute
2026-01-19T00:02:11.6175464Z     🔍 Mining locators for: 'Execute'
2026-01-19T00:02:11.7680167Z     🧠 Consulting AI (Vision-First) to find 'Execute'...
2026-01-19T00:02:11.7681397Z     🧠 [EXPERT] Strategy: Act as Senior SDET focusing on exploring the application to understand functional flow and identifying critical paths for end-to-end automation.
2026-01-19T00:02:16.6840526Z [DEBUG] Sending request to gemini-2.0-flash. Number of parts: 2
2026-01-19T00:02:16.6841551Z [DEBUG] Received response (Length: 323)
2026-01-19T00:02:16.6842898Z     💡 Expert Suggestion: The 'Execute' button is typically found within the individual API endpoint sections. Clicking on an endpoint like '/pet/findByStatus' will likely reveal the 'Execute' button.
2026-01-19T00:02:16.6844357Z     🛠️ Executing corrective action: click -> '/pet/findByStatus'
2026-01-19T00:02:17.3683780Z     ✅ Executed corrective navigation
2026-01-19T00:02:19.3709037Z     🔄 Retry 1/3 mining locators for 'Execute'...
2026-01-19T00:02:20.4683775Z     🧠 Consulting AI (Vision-First) to find 'Execute'...
2026-01-19T00:02:20.4684688Z     🧠 [EXPERT] Strategy: Act as Senior SDET focusing on exploring the application to understand functional flow and identifying critical paths for end-to-end automation.
2026-01-19T00:02:22.1908331Z [DEBUG] Sending request to gemini-2.0-flash. Number of parts: 2
2026-01-19T00:02:22.1908943Z [DEBUG] Received response (Length: 325)
2026-01-19T00:02:22.1910725Z     💡 Expert Suggestion: The 'Execute' button is typically found within the individual API operation sections (e.g., under 'pet'). Clicking on 'pet' will likely expand the operations and reveal the 'Execute' button.
2026-01-19T00:02:22.1911580Z     🛠️ Executing corrective action: click -> 'pet'
2026-01-19T00:02:22.8893619Z     ✅ Executed corrective navigation
2026-01-19T00:02:24.8914683Z     🔄 Retry 2/3 mining locators for 'Execute'...
2026-01-19T00:02:25.8929316Z     🗑️ Invalidating stale AI cache (retry 2)...
2026-01-19T00:02:25.8930200Z     ⚠️ Cache invalidation warning: No module named 'core.agents.domain_expert'
2026-01-19T00:02:26.0020355Z     🧠 Consulting AI (Vision-First) to find 'Execute'...
2026-01-19T00:02:26.0021965Z     🧠 [EXPERT] Strategy: Act as Senior SDET focusing on exploring the application to understand functional flow and identifying critical paths for end-to-end automation.
2026-01-19T00:02:27.5681371Z [DEBUG] Sending request to gemini-2.0-flash. Number of parts: 2
2026-01-19T00:02:27.5682007Z [DEBUG] Received response (Length: 241)
2026-01-19T00:02:27.5682786Z     ⚠️ Skipping duplicate injection: pet
2026-01-19T00:02:27.5683216Z     🧠 Verifying step validity for 'Execute' after no candidates found...
2026-01-19T00:02:32.3691824Z [DEBUG] Sending request to gemini-2.0-flash. Number of parts: 2
2026-01-19T00:02:32.3692490Z [DEBUG] Received response (Length: 219)
2026-01-19T00:02:32.3694115Z     🗑️ Step deemed INVALID: The 'Execute' button is not visible in the current state of the page. A cookie consent popup is obscuring the main content. We need to close the popup first.. Removing from workflow.
2026-01-19T00:02:32.3694935Z     ⏭️ Skipping execution of invalid step: Execute
2026-01-19T00:02:32.3695289Z   ▶️ [STEP step_7] ASSERT_VISIBLE: Server response
2026-01-19T00:02:32.3763206Z     🔍 Mining locators for: 'Server response'
2026-01-19T00:02:32.5179630Z     🧠 Consulting AI (Vision-First) to find 'Server response'...
2026-01-19T00:02:32.5180886Z     🧠 [EXPERT] Strategy: Act as Senior SDET focusing on exploring the application to understand functional flow and identifying critical paths for end-to-end automation.
2026-01-19T00:02:37.3660276Z [DEBUG] Sending request to gemini-2.0-flash. Number of parts: 2
2026-01-19T00:02:37.3660827Z [DEBUG] Received response (Length: 268)
2026-01-19T00:02:37.3661714Z     💡 Expert Suggestion: The 'Server response' section is typically found within the details of an API endpoint, which may require scrolling down to view.
2026-01-19T00:02:37.3662402Z     🛠️ Executing corrective action: scroll -> 'bottom'
2026-01-19T00:02:37.4838826Z     🔄 Retry 1/3 mining locators for 'Server response'...
2026-01-19T00:02:38.5841439Z     🧠 Consulting AI (Vision-First) to find 'Server response'...
2026-01-19T00:02:38.5844346Z     🧠 [EXPERT] Strategy: Act as Senior SDET focusing on exploring the application to understand functional flow and identifying critical paths for end-to-end automation.
2026-01-19T00:02:38.5849162Z [CACHE HIT] a5a237b4... (hits: 18, misses: 32)
2026-01-19T00:02:38.5849912Z     ⚠️ Skipping duplicate injection: bottom
2026-01-19T00:02:38.5850307Z     🔄 Retry 2/3 mining locators for 'Server response'...
2026-01-19T00:02:39.5865709Z     🗑️ Invalidating stale AI cache (retry 2)...
2026-01-19T00:02:39.5869551Z     ⚠️ Cache invalidation warning: No module named 'core.agents.domain_expert'
2026-01-19T00:02:39.7344425Z     🧠 Consulting AI (Vision-First) to find 'Server response'...
2026-01-19T00:02:39.7345423Z     🧠 [EXPERT] Strategy: Act as Senior SDET focusing on exploring the application to understand functional flow and identifying critical paths for end-to-end automation.
2026-01-19T00:02:39.7350137Z [CACHE HIT] a5a237b4... (hits: 19, misses: 32)
2026-01-19T00:02:39.7350910Z     ⚠️ Skipping duplicate injection: bottom
2026-01-19T00:02:39.7351447Z     🧠 Verifying step validity for 'Server response' after no candidates found...
2026-01-19T00:02:43.0037158Z [DEBUG] Sending request to gemini-2.0-flash. Number of parts: 2
2026-01-19T00:02:43.0037602Z [DEBUG] Received response (Length: 283)
2026-01-19T00:02:43.0038940Z     🗑️ Step deemed INVALID: The 'About cookies on this site' modal is obscuring the Swagger UI. It's impossible to interact with elements on the page until the modal is dismissed. Therefore, the element 'Server response' is not currently accessible.. Removing from workflow.
2026-01-19T00:02:43.0040096Z     ⏭️ Skipping execution of invalid step: Server response
2026-01-19T00:02:45.0327278Z 🗂️  All generated tests written to /home/runner/work/build_qa_automation/build_qa_automation/projects/ci_petstore_swagger/tests/generated_scenarios.json
2026-01-19T00:02:45.0336403Z 🔄 Updated workflow.json with discovered steps and locators.
2026-01-19T00:02:45.0336785Z 
2026-01-19T00:02:45.0336934Z ✅ Deep Exploration Complete.
2026-01-19T00:05:14.2931424Z 
2026-01-19T00:05:14.2932259Z 🚀 [EXECUTE] Starting Automation Execution Engine
2026-01-19T00:05:14.2932922Z 📍 Project: ci_petstore_swagger
2026-01-19T00:05:14.2933340Z 🎬 Mode: Headless
2026-01-19T00:05:14.2933518Z 
2026-01-19T00:05:14.2933847Z --- Scenario: Explore Petstore API Documentation ---
2026-01-19T00:05:14.2934471Z   ▶️ [STEP step_1] NAVIGATE: Step step_1
2026-01-19T00:05:14.2934958Z     ✅ Step step_1 Passed.
2026-01-19T00:05:14.2935355Z   ▶️ [STEP step_2] ASSERT_VISIBLE: Swagger Petstore
2026-01-19T00:05:14.2935744Z     🎯 Using mined locator: text=Swagger Petstore 1.0.7 OAS 2.0
2026-01-19T00:05:14.2936075Z     ✅ Step step_2 Passed.
2026-01-19T00:05:14.2936337Z   ▶️ [STEP step_2_ai_1] CLICK: Find out more
2026-01-19T00:05:14.2936657Z     🎯 Using mined locator: #operations-tag-pet
2026-01-19T00:05:14.2936954Z     ✅ Step step_2_ai_1 Passed.
2026-01-19T00:05:14.2937223Z   ▶️ [STEP step_2_ai_2] CLICK: Explore
2026-01-19T00:05:14.2937539Z     🎯 Using mined locator: role=button[name='Explore']
2026-01-19T00:05:14.2937872Z     ✅ Step step_2_ai_2 Passed.
2026-01-19T00:05:14.2938159Z   ▶️ [STEP step_2_ai_3] CLICK: ALLOW ALL COOKIES
2026-01-19T00:05:14.2938459Z     🎯 Using mined locator: button
2026-01-19T00:05:14.2938720Z     ✅ Step step_2_ai_3 Passed.
2026-01-19T00:05:14.2938999Z   ▶️ [STEP step_4] ASSERT_VISIBLE: Info
2026-01-19T00:05:14.2939330Z     🎯 Using mined locator: role=button[name='ZoomInfo']
2026-01-19T00:05:14.2939632Z     ✅ Step step_4 Passed.
2026-01-19T00:05:14.2939886Z   ▶️ [STEP step_4_ai_1] CLICK: SAVE SETTINGS
2026-01-19T00:05:14.2940280Z     ⚠️ Mined locators not found on page. Falling back to semantic search.
2026-01-19T00:05:14.2940839Z     ✅ Step step_4_ai_1 Passed.
2026-01-19T00:05:14.2941325Z ✅ Scenario 'Explore Petstore API Documentation' completed successfully!
2026-01-19T00:05:14.2941748Z 
2026-01-19T00:05:14.2941890Z --- Scenario: Expand and Explore the Pet Endpoint ---
2026-01-19T00:05:14.2942219Z   ▶️ [STEP step_1] NAVIGATE: Step step_1
2026-01-19T00:05:14.2942723Z     ✅ Step step_1 Passed.
2026-01-19T00:05:14.2942976Z   ▶️ [STEP step_2] CLICK: pet
2026-01-19T00:05:14.2943423Z     🎯 Using mined locator: role=button[name='POST /pet/{petId}/uploadImage uploads an image']
2026-01-19T00:05:14.2943837Z     ✅ Step step_2 Passed.
2026-01-19T00:05:14.2944296Z   ▶️ [STEP step_2_ai_1] CLICK: POST /pet Add a new pet to the store
2026-01-19T00:05:14.2944662Z     🎯 Using mined locator: button
2026-01-19T00:05:14.2944934Z     ✅ Step step_2_ai_1 Passed.
2026-01-19T00:05:14.2945206Z   ▶️ [STEP step_3] ASSERT_VISIBLE: POST /pet
2026-01-19T00:05:14.2945640Z     🎯 Using mined locator: role=button[name='POST /pet Add a new pet to the store']
2026-01-19T00:05:14.2946029Z     ✅ Step step_3 Passed.
2026-01-19T00:05:14.2946303Z   ▶️ [STEP step_3_ai_1] CLICK: ALLOW ALL COOKIES
2026-01-19T00:05:14.2946669Z     🎯 Using mined locator: button:has-text('ALLOW ALL COOKIES')
2026-01-19T00:05:14.2947150Z     ❌ Attempt 1 failed (element_not_found): Locator.click: Timeout 10000ms exceeded.
2026-01-19T00:05:14.2947513Z Call log:
2026-01-19T00:05:14.2947740Z   - waiting for locator("button:has-text('ALLOW A...
2026-01-19T00:05:14.2948137Z     🔧 [AUTO-HEAL] Re-mining page to find 'ALLOW ALL COOKIES'...
2026-01-19T00:05:14.2948537Z [DEBUG] Sending request to gemini-2.0-flash. Number of parts: 2
2026-01-19T00:05:14.2948891Z [DEBUG] Received response (Length: 1046)
2026-01-19T00:05:14.2949245Z     ✨ AI successfully healed the step! Found 3 alternatives.
2026-01-19T00:05:14.2949879Z     ✨ AI successfully healed the step! New selector: body > div.cc-window > div.cc-compliance > a.cc-btn.cc-allow-all.cc-btn-base
2026-01-19T00:05:14.2950859Z     ❌ Attempt 2 failed (element_not_found): Locator.bounding_box: Timeout 30000ms exceeded.
2026-01-19T00:05:14.2951243Z Call log:
2026-01-19T00:05:14.2951485Z   - waiting for locator("body > div.cc-win...
2026-01-19T00:05:14.2951861Z     🔧 [AUTO-HEAL] Re-mining page to find 'ALLOW ALL COOKIES'...
2026-01-19T00:05:14.2952229Z [DEBUG] Sending request to gemini-2.0-flash. Number of parts: 2
2026-01-19T00:05:14.2952550Z [DEBUG] Received response (Length: 614)
2026-01-19T00:05:14.2952894Z     ✨ AI successfully healed the step! Found 2 alternatives.
2026-01-19T00:05:14.2953456Z     ✨ AI successfully healed the step! New selector: button:has-text('ALLOW ALL COOKIES')
2026-01-19T00:05:14.2954010Z     ❌ Attempt 3 failed (element_not_found): Locator.click: Timeout 10000ms exceeded.
2026-01-19T00:05:14.2954350Z Call log:
2026-01-19T00:05:14.2954561Z   - waiting for locator("button:has-text('ALLOW A...
2026-01-19T00:05:14.2954903Z     💀 Step step_3_ai_1 failed after all retries.
2026-01-19T00:05:14.2955367Z 🛑 Scenario 'Expand and Explore the Pet Endpoint' aborted due to step failure.
2026-01-19T00:05:14.2955635Z 
2026-01-19T00:05:14.2955758Z --- Scenario: Expand and Execute a GET Operation ---
2026-01-19T00:05:14.2956085Z   ▶️ [STEP step_1] NAVIGATE: Step step_1
2026-01-19T00:05:14.2956355Z     ✅ Step step_1 Passed.
2026-01-19T00:05:14.2956599Z   ▶️ [STEP step_2] CLICK: pet
2026-01-19T00:05:14.2957038Z     🎯 Using mined locator: role=button[name='POST /pet/{petId}/uploadImage uploads an image']
2026-01-19T00:05:14.2957543Z     ✅ Step step_2 Passed.
2026-01-19T00:05:14.2957899Z   ▶️ [STEP step_2_ai_1] CLICK: POST /pet Add a new pet to the store
2026-01-19T00:05:14.2958250Z     🎯 Using mined locator: button
2026-01-19T00:05:14.2958519Z     ✅ Step step_2_ai_1 Passed.
2026-01-19T00:05:14.2958796Z   ▶️ [STEP step_3] CLICK: GET /pet/{petId}
2026-01-19T00:05:14.2959192Z     🎯 Using mined locator: role=button[name='GET /pet/{petId} Find pet by ID']
2026-01-19T00:05:14.2959566Z     ✅ Step step_3 Passed.
2026-01-19T00:05:14.2959845Z   ▶️ [STEP step_3_ai_1] CLICK: ALLOW ALL COOKIES
2026-01-19T00:05:14.2960214Z     🎯 Using mined locator: button:has-text('ALLOW ALL COOKIES')
2026-01-19T00:05:14.2961032Z     ❌ Attempt 1 failed (element_not_found): Locator.click: Timeout 10000ms exceeded.
2026-01-19T00:05:14.2961412Z Call log:
2026-01-19T00:05:14.2961636Z   - waiting for locator("button:has-text('ALLOW A...
2026-01-19T00:05:14.2962271Z     🔧 [AUTO-HEAL] Re-mining page to find 'ALLOW ALL COOKIES'...
2026-01-19T00:05:14.2962652Z [DEBUG] Sending request to gemini-2.0-flash. Number of parts: 2
2026-01-19T00:05:14.2962972Z [DEBUG] Received response (Length: 682)
2026-01-19T00:05:14.2964943Z     ✨ AI successfully healed the step! Found 2 alternatives.
2026-01-19T00:05:14.2965708Z     ✨ AI successfully healed the step! New selector: button:has-text('ALLOW ALL COOKIES')
2026-01-19T00:05:14.2966590Z     ❌ Attempt 2 failed (element_not_found): Locator.click: Timeout 10000ms exceeded.
2026-01-19T00:05:14.2967104Z Call log:
2026-01-19T00:05:14.2967432Z   - waiting for locator("button:has-text('ALLOW A...
2026-01-19T00:05:14.2968009Z     🔧 [AUTO-HEAL] Re-mining page to find 'ALLOW ALL COOKIES'...
2026-01-19T00:05:14.2968434Z [DEBUG] Sending request to gemini-2.0-flash. Number of parts: 2
2026-01-19T00:05:14.2968749Z [DEBUG] Received response (Length: 547)
2026-01-19T00:05:14.2969122Z     ✨ AI successfully healed the step! Found 2 alternatives.
2026-01-19T00:05:14.2969604Z     ✨ AI successfully healed the step! New selector: button:has-text('ALLOW ALL COOKIES')
2026-01-19T00:05:14.2970151Z     ❌ Attempt 3 failed (element_not_found): Locator.click: Timeout 10000ms exceeded.
2026-01-19T00:05:14.2970506Z Call log:
2026-01-19T00:05:14.2971032Z   - waiting for locator("button:has-text('ALLOW A...
2026-01-19T00:05:14.2971393Z     💀 Step step_3_ai_1 failed after all retries.
2026-01-19T00:05:14.2971830Z 🛑 Scenario 'Expand and Execute a GET Operation' aborted due to step failure.
2026-01-19T00:05:14.2972104Z 
2026-01-19T00:05:14.2972221Z ============================================================
2026-01-19T00:05:14.2972504Z 🎯 EXECUTION SUMMARY
2026-01-19T00:05:14.2972723Z ============================================================
2026-01-19T00:05:14.2972908Z 
2026-01-19T00:05:14.2973014Z 📋 Scenario Overview:
2026-01-19T00:05:14.2973286Z    • Total Scenarios Planned: 3
2026-01-19T00:05:14.2973559Z    • Scenarios Executed: 3
2026-01-19T00:05:14.2973803Z    • Total Steps Executed: 17
2026-01-19T00:05:14.2973950Z 
2026-01-19T00:05:14.2974044Z ✅ Results:
2026-01-19T00:05:14.2974245Z    ✅ Passed: 1 (33%)
2026-01-19T00:05:14.2974462Z    ❌ Failed: 2 (66%)
2026-01-19T00:05:14.2974575Z 
2026-01-19T00:05:14.2974695Z ⚠️  Failed Scenarios:
2026-01-19T00:05:14.2974948Z    • Expand and Explore the Pet Endpoint
2026-01-19T00:05:14.2975278Z    • Expand and Execute a GET Operation
2026-01-19T00:05:14.2975438Z 
2026-01-19T00:05:14.2975538Z ============================================================
2026-01-19T00:05:14.2975709Z 
2026-01-19T00:05:14.2976159Z 🏁 Execution Finished. Report: /home/runner/work/build_qa_automation/build_qa_automation/projects/ci_petstore_swagger/execution.json
2026-01-19T00:05:14.4139794Z 
2026-01-19T00:05:14.4140707Z [PHASE] Running Phase: DISCOVERY
2026-01-19T00:05:14.4141998Z    Command: /opt/hostedtoolcache/Python/3.11.14/x64/bin/python /home/runner/work/build_qa_automation/build_qa_automation/core/agents/discovery.py --project /home/runner/work/build_qa_automation/build_qa_automation/projects/ci_petstore_swagger --url https://petstore.swagger.io/ --deep
2026-01-19T00:05:14.4143375Z ✅ Phase 'discovery' completed successfully.
2026-01-19T00:05:14.4143564Z 
2026-01-19T00:05:14.4143870Z [PHASE] Running Phase: PLANNING
2026-01-19T00:05:14.4144959Z    Command: /opt/hostedtoolcache/Python/3.11.14/x64/bin/python /home/runner/work/build_qa_automation/build_qa_automation/core/agents/planner.py --project /home/runner/work/build_qa_automation/build_qa_automation/projects/ci_petstore_swagger --goal Test Swagger UI interactions --url https://petstore.swagger.io/ --deep
2026-01-19T00:05:14.4146105Z ✅ Phase 'planning' completed successfully.
2026-01-19T00:05:14.4146289Z 
2026-01-19T00:05:14.4146390Z [PHASE] Running Phase: EXPLORATION
2026-01-19T00:05:14.4147240Z    Command: /opt/hostedtoolcache/Python/3.11.14/x64/bin/python /home/runner/work/build_qa_automation/build_qa_automation/core/agents/deep_explorer.py --project /home/runner/work/build_qa_automation/build_qa_automation/projects/ci_petstore_swagger
2026-01-19T00:05:14.4148271Z ✅ Phase 'exploration' completed successfully.
2026-01-19T00:05:14.4148616Z 📊 Exploration Discovery Success Rate: 100.0%
2026-01-19T00:05:14.4148794Z 
2026-01-19T00:05:14.4148901Z [PHASE] Running Phase: EXECUTION
2026-01-19T00:05:14.4149716Z    Command: /opt/hostedtoolcache/Python/3.11.14/x64/bin/python /home/runner/work/build_qa_automation/build_qa_automation/core/agents/executor.py --project /home/runner/work/build_qa_automation/build_qa_automation/projects/ci_petstore_swagger
2026-01-19T00:05:14.4150718Z ✅ Phase 'execution' completed successfully.
2026-01-19T00:05:14.4150903Z 
2026-01-19T00:05:14.4151006Z [DONE] Pipeline Execution Finished! [DONE]
2026-01-19T00:05:14.5151097Z ##[group]Run RESULT_FILE="projects/ci_petstore_swagger/execution.json"
2026-01-19T00:05:14.5151575Z [36;1mRESULT_FILE="projects/ci_petstore_swagger/execution.json"[0m
2026-01-19T00:05:14.5151936Z [36;1mif [ -f "$RESULT_FILE" ]; then[0m
2026-01-19T00:05:14.5152256Z [36;1m  echo "✅ Results generated successfully: $RESULT_FILE"[0m
2026-01-19T00:05:14.5152660Z [36;1m  cat "$RESULT_FILE" | jq '.scenarios | length' || echo "Result file exists"[0m
2026-01-19T00:05:14.5152999Z [36;1melse[0m
2026-01-19T00:05:14.5153226Z [36;1m  echo "❌ No result file found at $RESULT_FILE"[0m
2026-01-19T00:05:14.5153494Z [36;1m  exit 1[0m
2026-01-19T00:05:14.5153662Z [36;1mfi[0m
2026-01-19T00:05:14.5171987Z shell: /usr/bin/bash -e {0}
2026-01-19T00:05:14.5172207Z env:
2026-01-19T00:05:14.5172453Z   pythonLocation: /opt/hostedtoolcache/Python/3.11.14/x64
2026-01-19T00:05:14.5172845Z   PKG_CONFIG_PATH: /opt/hostedtoolcache/Python/3.11.14/x64/lib/pkgconfig
2026-01-19T00:05:14.5173333Z   Python_ROOT_DIR: /opt/hostedtoolcache/Python/3.11.14/x64
2026-01-19T00:05:14.5173675Z   Python2_ROOT_DIR: /opt/hostedtoolcache/Python/3.11.14/x64
2026-01-19T00:05:14.5174020Z   Python3_ROOT_DIR: /opt/hostedtoolcache/Python/3.11.14/x64
2026-01-19T00:05:14.5174386Z   LD_LIBRARY_PATH: /opt/hostedtoolcache/Python/3.11.14/x64/lib
2026-01-19T00:05:14.5174678Z ##[endgroup]
2026-01-19T00:05:14.5210704Z ✅ Results generated successfully: projects/ci_petstore_swagger/execution.json
2026-01-19T00:05:14.5233551Z 3
2026-01-19T00:05:14.5465019Z ##[group]Run actions/upload-artifact@v4
2026-01-19T00:05:14.5465291Z with:
2026-01-19T00:05:14.5465499Z   name: petstore_swagger-execution-results
2026-01-19T00:05:14.5465943Z   path: projects/ci_petstore_swagger/execution.json
projects/ci_petstore_swagger/workflow.json

2026-01-19T00:05:14.5466367Z   retention-days: 30
2026-01-19T00:05:14.5466567Z   if-no-files-found: warn
2026-01-19T00:05:14.5466780Z   compression-level: 6
2026-01-19T00:05:14.5466990Z   overwrite: false
2026-01-19T00:05:14.5467186Z   include-hidden-files: false
2026-01-19T00:05:14.5467434Z env:
2026-01-19T00:05:14.5467669Z   pythonLocation: /opt/hostedtoolcache/Python/3.11.14/x64
2026-01-19T00:05:14.5468062Z   PKG_CONFIG_PATH: /opt/hostedtoolcache/Python/3.11.14/x64/lib/pkgconfig
2026-01-19T00:05:14.5468473Z   Python_ROOT_DIR: /opt/hostedtoolcache/Python/3.11.14/x64
2026-01-19T00:05:14.5468814Z   Python2_ROOT_DIR: /opt/hostedtoolcache/Python/3.11.14/x64
2026-01-19T00:05:14.5469204Z   Python3_ROOT_DIR: /opt/hostedtoolcache/Python/3.11.14/x64
2026-01-19T00:05:14.5469549Z   LD_LIBRARY_PATH: /opt/hostedtoolcache/Python/3.11.14/x64/lib
2026-01-19T00:05:14.5469830Z ##[endgroup]
2026-01-19T00:05:14.7449231Z Multiple search paths detected. Calculating the least common ancestor of all paths
2026-01-19T00:05:14.7452518Z The least common ancestor is /home/runner/work/build_qa_automation/build_qa_automation/projects/ci_petstore_swagger. This will be the root directory of the artifact
2026-01-19T00:05:14.7453513Z With the provided path, there will be 2 files uploaded
2026-01-19T00:05:14.7457687Z Artifact name is valid!
2026-01-19T00:05:14.7458759Z Root directory input is valid!
2026-01-19T00:05:14.9440127Z Beginning upload of artifact content to blob storage
2026-01-19T00:05:15.1649260Z Uploaded bytes 2745
2026-01-19T00:05:15.2243569Z Finished uploading artifact content to blob storage!
2026-01-19T00:05:15.2246061Z SHA256 digest of uploaded artifact zip is c68d6eca4220e3b432ec5db36a8faa74b6b484e3aeb4e36b5facf02c28efc34b
2026-01-19T00:05:15.2248333Z Finalizing artifact upload
2026-01-19T00:05:15.4549577Z Artifact petstore_swagger-execution-results.zip successfully finalized. Artifact ID 5171096301
2026-01-19T00:05:15.4551756Z Artifact petstore_swagger-execution-results has been successfully uploaded! Final size is 2745 bytes. Artifact ID is 5171096301
2026-01-19T00:05:15.4557510Z Artifact download URL: https://github.com/vishvasmca-cmd/build_qa_automation/actions/runs/21120211878/artifacts/5171096301
2026-01-19T00:05:15.4879773Z Post job cleanup.
2026-01-19T00:05:15.6288283Z Cache hit occurred on the primary key setup-python-Linux-x64-24.04-Ubuntu-python-3.11.14-pip-dde08d0e0b672972dcda9f1a063036a2e0c226f5d0a20362e9401931676d80a4, not saving cache.
2026-01-19T00:05:15.6688260Z Post job cleanup.
2026-01-19T00:05:15.7549442Z [command]/usr/bin/git version
2026-01-19T00:05:15.7581390Z git version 2.52.0
2026-01-19T00:05:15.7618181Z Temporarily overriding HOME='/home/runner/work/_temp/395fb45d-6af7-41f7-92f7-8dda9022645f' before making global git config changes
2026-01-19T00:05:15.7619194Z Adding repository directory to the temporary git global config as a safe directory
2026-01-19T00:05:15.7630893Z [command]/usr/bin/git config --global --add safe.directory /home/runner/work/build_qa_automation/build_qa_automation
2026-01-19T00:05:15.7659233Z [command]/usr/bin/git config --local --name-only --get-regexp core\.sshCommand
2026-01-19T00:05:15.7685578Z [command]/usr/bin/git submodule foreach --recursive sh -c "git config --local --name-only --get-regexp 'core\.sshCommand' && git config --local --unset-all 'core.sshCommand' || :"
2026-01-19T00:05:15.7875115Z [command]/usr/bin/git config --local --name-only --get-regexp http\.https\:\/\/github\.com\/\.extraheader
2026-01-19T00:05:15.7893460Z http.https://github.com/.extraheader
2026-01-19T00:05:15.7904901Z [command]/usr/bin/git config --local --unset-all http.https://github.com/.extraheader
2026-01-19T00:05:15.7931938Z [command]/usr/bin/git submodule foreach --recursive sh -c "git config --local --name-only --get-regexp 'http\.https\:\/\/github\.com\/\.extraheader' && git config --local --unset-all 'http.https://github.com/.extraheader' || :"
2026-01-19T00:05:15.8115672Z [command]/usr/bin/git config --local --name-only --get-regexp ^includeIf\.gitdir:
2026-01-19T00:05:15.8144911Z [command]/usr/bin/git submodule foreach --recursive git config --local --show-origin --name-only --get-regexp remote.origin.url
2026-01-19T00:05:15.8430322Z Cleaning up orphan processes
