2026-01-19T02:38:56.4523009Z Current runner version: '2.331.0'
2026-01-19T02:38:56.4555381Z ##[group]Runner Image Provisioner
2026-01-19T02:38:56.4556662Z Hosted Compute Agent
2026-01-19T02:38:56.4557502Z Version: 20251211.462
2026-01-19T02:38:56.4558510Z Commit: 6cbad8c2bb55d58165063d031ccabf57e2d2db61
2026-01-19T02:38:56.4559682Z Build Date: 2025-12-11T16:28:49Z
2026-01-19T02:38:56.4560693Z Worker ID: {00223e74-32f1-4708-a456-9fb46209f5f0}
2026-01-19T02:38:56.4562154Z ##[endgroup]
2026-01-19T02:38:56.4562932Z ##[group]Operating System
2026-01-19T02:38:56.4563827Z Ubuntu
2026-01-19T02:38:56.4564722Z 24.04.3
2026-01-19T02:38:56.4565460Z LTS
2026-01-19T02:38:56.4566160Z ##[endgroup]
2026-01-19T02:38:56.4566885Z ##[group]Runner Image
2026-01-19T02:38:56.4567918Z Image: ubuntu-24.04
2026-01-19T02:38:56.4568719Z Version: 20260111.209.1
2026-01-19T02:38:56.4570441Z Included Software: https://github.com/actions/runner-images/blob/ubuntu24/20260111.209/images/ubuntu/Ubuntu2404-Readme.md
2026-01-19T02:38:56.4573350Z Image Release: https://github.com/actions/runner-images/releases/tag/ubuntu24%2F20260111.209
2026-01-19T02:38:56.4575085Z ##[endgroup]
2026-01-19T02:38:56.4576821Z ##[group]GITHUB_TOKEN Permissions
2026-01-19T02:38:56.4579339Z Contents: read
2026-01-19T02:38:56.4580289Z Metadata: read
2026-01-19T02:38:56.4581044Z Packages: read
2026-01-19T02:38:56.4582120Z ##[endgroup]
2026-01-19T02:38:56.4584888Z Secret source: Actions
2026-01-19T02:38:56.4585895Z Prepare workflow directory
2026-01-19T02:38:56.5034251Z Prepare all required actions
2026-01-19T02:38:56.5089018Z Getting action download info
2026-01-19T02:38:56.8088789Z Download action repository 'actions/checkout@v4' (SHA:34e114876b0b11c390a56381ad16ebd13914f8d5)
2026-01-19T02:38:56.9006850Z Download action repository 'actions/setup-python@v5' (SHA:a26af69be951a213d495a4c3e4e4022e16d87065)
2026-01-19T02:38:56.9896204Z Download action repository 'actions/upload-artifact@v4' (SHA:ea165f8d65b6e75b540449e92b4886f43607fa02)
2026-01-19T02:38:57.2089179Z Complete job name: test-websites-deep (petstore_swagger, https://petstore.swagger.io/, Test Swagger UI interactions)
2026-01-19T02:38:57.2763997Z ##[group]Run actions/checkout@v4
2026-01-19T02:38:57.2764823Z with:
2026-01-19T02:38:57.2765278Z   repository: vishvasmca-cmd/build_qa_automation
2026-01-19T02:38:57.2765979Z   token: ***
2026-01-19T02:38:57.2766363Z   ssh-strict: true
2026-01-19T02:38:57.2766753Z   ssh-user: git
2026-01-19T02:38:57.2767171Z   persist-credentials: true
2026-01-19T02:38:57.2767622Z   clean: true
2026-01-19T02:38:57.2768022Z   sparse-checkout-cone-mode: true
2026-01-19T02:38:57.2768501Z   fetch-depth: 1
2026-01-19T02:38:57.2768883Z   fetch-tags: false
2026-01-19T02:38:57.2769277Z   show-progress: true
2026-01-19T02:38:57.2769681Z   lfs: false
2026-01-19T02:38:57.2770034Z   submodules: false
2026-01-19T02:38:57.2770436Z   set-safe-directory: true
2026-01-19T02:38:57.2771195Z ##[endgroup]
2026-01-19T02:38:57.3823146Z Syncing repository: vishvasmca-cmd/build_qa_automation
2026-01-19T02:38:57.3824858Z ##[group]Getting Git version info
2026-01-19T02:38:57.3825727Z Working directory is '/home/runner/work/build_qa_automation/build_qa_automation'
2026-01-19T02:38:57.3826793Z [command]/usr/bin/git version
2026-01-19T02:38:57.3914816Z git version 2.52.0
2026-01-19T02:38:57.3940790Z ##[endgroup]
2026-01-19T02:38:57.3954969Z Temporarily overriding HOME='/home/runner/work/_temp/32242593-0221-465d-9be3-67290706d3ce' before making global git config changes
2026-01-19T02:38:57.3956332Z Adding repository directory to the temporary git global config as a safe directory
2026-01-19T02:38:57.3967665Z [command]/usr/bin/git config --global --add safe.directory /home/runner/work/build_qa_automation/build_qa_automation
2026-01-19T02:38:57.4007806Z Deleting the contents of '/home/runner/work/build_qa_automation/build_qa_automation'
2026-01-19T02:38:57.4011266Z ##[group]Initializing the repository
2026-01-19T02:38:57.4015743Z [command]/usr/bin/git init /home/runner/work/build_qa_automation/build_qa_automation
2026-01-19T02:38:57.4135827Z hint: Using 'master' as the name for the initial branch. This default branch name
2026-01-19T02:38:57.4137076Z hint: will change to "main" in Git 3.0. To configure the initial branch name
2026-01-19T02:38:57.4137955Z hint: to use in all of your new repositories, which will suppress this warning,
2026-01-19T02:38:57.4138635Z hint: call:
2026-01-19T02:38:57.4139127Z hint:
2026-01-19T02:38:57.4139600Z hint: 	git config --global init.defaultBranch <name>
2026-01-19T02:38:57.4140163Z hint:
2026-01-19T02:38:57.4140831Z hint: Names commonly chosen instead of 'master' are 'main', 'trunk' and
2026-01-19T02:38:57.4142654Z hint: 'development'. The just-created branch can be renamed via this command:
2026-01-19T02:38:57.4143841Z hint:
2026-01-19T02:38:57.4144483Z hint: 	git branch -m <name>
2026-01-19T02:38:57.4145284Z hint:
2026-01-19T02:38:57.4146467Z hint: Disable this message with "git config set advice.defaultBranchName false"
2026-01-19T02:38:57.4148555Z Initialized empty Git repository in /home/runner/work/build_qa_automation/build_qa_automation/.git/
2026-01-19T02:38:57.4156388Z [command]/usr/bin/git remote add origin https://github.com/vishvasmca-cmd/build_qa_automation
2026-01-19T02:38:57.4192276Z ##[endgroup]
2026-01-19T02:38:57.4193509Z ##[group]Disabling automatic garbage collection
2026-01-19T02:38:57.4197192Z [command]/usr/bin/git config --local gc.auto 0
2026-01-19T02:38:57.4228693Z ##[endgroup]
2026-01-19T02:38:57.4229971Z ##[group]Setting up auth
2026-01-19T02:38:57.4236823Z [command]/usr/bin/git config --local --name-only --get-regexp core\.sshCommand
2026-01-19T02:38:57.4269149Z [command]/usr/bin/git submodule foreach --recursive sh -c "git config --local --name-only --get-regexp 'core\.sshCommand' && git config --local --unset-all 'core.sshCommand' || :"
2026-01-19T02:38:57.4672502Z [command]/usr/bin/git config --local --name-only --get-regexp http\.https\:\/\/github\.com\/\.extraheader
2026-01-19T02:38:57.4707272Z [command]/usr/bin/git submodule foreach --recursive sh -c "git config --local --name-only --get-regexp 'http\.https\:\/\/github\.com\/\.extraheader' && git config --local --unset-all 'http.https://github.com/.extraheader' || :"
2026-01-19T02:38:57.4964677Z [command]/usr/bin/git config --local --name-only --get-regexp ^includeIf\.gitdir:
2026-01-19T02:38:57.4997143Z [command]/usr/bin/git submodule foreach --recursive git config --local --show-origin --name-only --get-regexp remote.origin.url
2026-01-19T02:38:57.5260450Z [command]/usr/bin/git config --local http.https://github.com/.extraheader AUTHORIZATION: basic ***
2026-01-19T02:38:57.5300145Z ##[endgroup]
2026-01-19T02:38:57.5302233Z ##[group]Fetching the repository
2026-01-19T02:38:57.5310578Z [command]/usr/bin/git -c protocol.version=2 fetch --no-tags --prune --no-recurse-submodules --depth=1 origin +8ae9e7a98960844bdcef67161cbe93442a7431bc:refs/remotes/origin/main
2026-01-19T02:38:58.3269986Z From https://github.com/vishvasmca-cmd/build_qa_automation
2026-01-19T02:38:58.3272001Z  * [new ref]         8ae9e7a98960844bdcef67161cbe93442a7431bc -> origin/main
2026-01-19T02:38:58.3305200Z ##[endgroup]
2026-01-19T02:38:58.3308125Z ##[group]Determining the checkout info
2026-01-19T02:38:58.3309515Z ##[endgroup]
2026-01-19T02:38:58.3315497Z [command]/usr/bin/git sparse-checkout disable
2026-01-19T02:38:58.3360526Z [command]/usr/bin/git config --local --unset-all extensions.worktreeConfig
2026-01-19T02:38:58.3390539Z ##[group]Checking out the ref
2026-01-19T02:38:58.3395329Z [command]/usr/bin/git checkout --progress --force -B main refs/remotes/origin/main
2026-01-19T02:38:58.4738517Z Switched to a new branch 'main'
2026-01-19T02:38:58.4740304Z branch 'main' set up to track 'origin/main'.
2026-01-19T02:38:58.4758674Z ##[endgroup]
2026-01-19T02:38:58.4797031Z [command]/usr/bin/git log -1 --format=%H
2026-01-19T02:38:58.4819002Z 8ae9e7a98960844bdcef67161cbe93442a7431bc
2026-01-19T02:38:58.5127387Z ##[group]Run actions/setup-python@v5
2026-01-19T02:38:58.5128565Z with:
2026-01-19T02:38:58.5129381Z   python-version: 3.11
2026-01-19T02:38:58.5130300Z   cache: pip
2026-01-19T02:38:58.5131571Z   check-latest: false
2026-01-19T02:38:58.5132776Z   token: ***
2026-01-19T02:38:58.5133643Z   update-environment: true
2026-01-19T02:38:58.5134656Z   allow-prereleases: false
2026-01-19T02:38:58.5135673Z   freethreaded: false
2026-01-19T02:38:58.5136563Z ##[endgroup]
2026-01-19T02:38:58.6808501Z ##[group]Installed versions
2026-01-19T02:38:58.6925444Z Successfully set up CPython (3.11.14)
2026-01-19T02:38:58.6927784Z ##[endgroup]
2026-01-19T02:38:58.7900797Z [command]/opt/hostedtoolcache/Python/3.11.14/x64/bin/pip cache dir
2026-01-19T02:38:59.1090150Z /home/runner/.cache/pip
2026-01-19T02:38:59.2071854Z Cache hit for: setup-python-Linux-x64-24.04-Ubuntu-python-3.11.14-pip-dde08d0e0b672972dcda9f1a063036a2e0c226f5d0a20362e9401931676d80a4
2026-01-19T02:39:00.2635877Z Received 213909504 of 254742636 (84.0%), 203.8 MBs/sec
2026-01-19T02:39:00.4457026Z Received 254742636 of 254742636 (100.0%), 205.4 MBs/sec
2026-01-19T02:39:00.4458425Z Cache Size: ~243 MB (254742636 B)
2026-01-19T02:39:00.4578817Z [command]/usr/bin/tar -xf /home/runner/work/_temp/a4bb826b-56ce-4da5-abf5-0db1b589243b/cache.tzst -P -C /home/runner/work/build_qa_automation/build_qa_automation --use-compress-program unzstd
2026-01-19T02:39:00.8349917Z Cache restored successfully
2026-01-19T02:39:00.8834481Z Cache restored from key: setup-python-Linux-x64-24.04-Ubuntu-python-3.11.14-pip-dde08d0e0b672972dcda9f1a063036a2e0c226f5d0a20362e9401931676d80a4
2026-01-19T02:39:00.9073891Z ##[group]Run pip install -r requirements.txt
2026-01-19T02:39:00.9074362Z [36;1mpip install -r requirements.txt[0m
2026-01-19T02:39:00.9074681Z [36;1mplaywright install chromium[0m
2026-01-19T02:39:00.9113545Z shell: /usr/bin/bash -e {0}
2026-01-19T02:39:00.9113846Z env:
2026-01-19T02:39:00.9114114Z   pythonLocation: /opt/hostedtoolcache/Python/3.11.14/x64
2026-01-19T02:39:00.9114553Z   PKG_CONFIG_PATH: /opt/hostedtoolcache/Python/3.11.14/x64/lib/pkgconfig
2026-01-19T02:39:00.9114972Z   Python_ROOT_DIR: /opt/hostedtoolcache/Python/3.11.14/x64
2026-01-19T02:39:00.9115380Z   Python2_ROOT_DIR: /opt/hostedtoolcache/Python/3.11.14/x64
2026-01-19T02:39:00.9115767Z   Python3_ROOT_DIR: /opt/hostedtoolcache/Python/3.11.14/x64
2026-01-19T02:39:00.9116141Z   LD_LIBRARY_PATH: /opt/hostedtoolcache/Python/3.11.14/x64/lib
2026-01-19T02:39:00.9116451Z ##[endgroup]
2026-01-19T02:39:01.5635414Z Collecting playwright (from -r requirements.txt (line 1))
2026-01-19T02:39:01.5652398Z   Using cached playwright-1.57.0-py3-none-manylinux1_x86_64.whl.metadata (3.5 kB)
2026-01-19T02:39:01.5853680Z Collecting python-dotenv (from -r requirements.txt (line 2))
2026-01-19T02:39:01.5867956Z   Using cached python_dotenv-1.2.1-py3-none-any.whl.metadata (25 kB)
2026-01-19T02:39:01.6242792Z Collecting requests (from -r requirements.txt (line 3))
2026-01-19T02:39:01.6258637Z   Using cached requests-2.32.5-py3-none-any.whl.metadata (4.9 kB)
2026-01-19T02:39:01.8067423Z Collecting pillow (from -r requirements.txt (line 4))
2026-01-19T02:39:01.8084869Z   Using cached pillow-12.1.0-cp311-cp311-manylinux_2_27_x86_64.manylinux_2_28_x86_64.whl.metadata (8.8 kB)
2026-01-19T02:39:01.8417717Z Collecting google-genai>=0.3.0 (from -r requirements.txt (line 5))
2026-01-19T02:39:01.8442742Z   Using cached google_genai-1.59.0-py3-none-any.whl.metadata (53 kB)
2026-01-19T02:39:01.8703331Z Collecting termcolor (from -r requirements.txt (line 6))
2026-01-19T02:39:01.8724867Z   Using cached termcolor-3.3.0-py3-none-any.whl.metadata (6.5 kB)
2026-01-19T02:39:01.9289707Z Collecting PyYAML (from -r requirements.txt (line 7))
2026-01-19T02:39:01.9306794Z   Using cached pyyaml-6.0.3-cp311-cp311-manylinux2014_x86_64.manylinux_2_17_x86_64.manylinux_2_28_x86_64.whl.metadata (2.4 kB)
2026-01-19T02:39:01.9882075Z Collecting opencv-python-headless (from -r requirements.txt (line 8))
2026-01-19T02:39:01.9896813Z   Using cached opencv_python_headless-4.13.0.90-cp37-abi3-manylinux_2_28_x86_64.whl.metadata (19 kB)
2026-01-19T02:39:02.1853277Z Collecting numpy (from -r requirements.txt (line 9))
2026-01-19T02:39:02.1869025Z   Using cached numpy-2.4.1-cp311-cp311-manylinux_2_27_x86_64.manylinux_2_28_x86_64.whl.metadata (6.6 kB)
2026-01-19T02:39:02.2675756Z Collecting faker (from -r requirements.txt (line 10))
2026-01-19T02:39:02.2690702Z   Using cached faker-40.1.2-py3-none-any.whl.metadata (16 kB)
2026-01-19T02:39:02.2894705Z Collecting pyee<14,>=13 (from playwright->-r requirements.txt (line 1))
2026-01-19T02:39:02.2916228Z   Using cached pyee-13.0.0-py3-none-any.whl.metadata (2.9 kB)
2026-01-19T02:39:02.4160770Z Collecting greenlet<4.0.0,>=3.1.1 (from playwright->-r requirements.txt (line 1))
2026-01-19T02:39:02.4177066Z   Using cached greenlet-3.3.0-cp311-cp311-manylinux_2_24_x86_64.manylinux_2_28_x86_64.whl.metadata (4.1 kB)
2026-01-19T02:39:02.4385251Z Collecting typing-extensions (from pyee<14,>=13->playwright->-r requirements.txt (line 1))
2026-01-19T02:39:02.4399100Z   Using cached typing_extensions-4.15.0-py3-none-any.whl.metadata (3.3 kB)
2026-01-19T02:39:02.5226930Z Collecting charset_normalizer<4,>=2 (from requests->-r requirements.txt (line 3))
2026-01-19T02:39:02.5241937Z   Using cached charset_normalizer-3.4.4-cp311-cp311-manylinux2014_x86_64.manylinux_2_17_x86_64.manylinux_2_28_x86_64.whl.metadata (37 kB)
2026-01-19T02:39:02.5423777Z Collecting idna<4,>=2.5 (from requests->-r requirements.txt (line 3))
2026-01-19T02:39:02.5436652Z   Using cached idna-3.11-py3-none-any.whl.metadata (8.4 kB)
2026-01-19T02:39:02.5741947Z Collecting urllib3<3,>=1.21.1 (from requests->-r requirements.txt (line 3))
2026-01-19T02:39:02.5758425Z   Using cached urllib3-2.6.3-py3-none-any.whl.metadata (6.9 kB)
2026-01-19T02:39:02.6006062Z Collecting certifi>=2017.4.17 (from requests->-r requirements.txt (line 3))
2026-01-19T02:39:02.6019644Z   Using cached certifi-2026.1.4-py3-none-any.whl.metadata (2.5 kB)
2026-01-19T02:39:02.6241618Z Collecting anyio<5.0.0,>=4.8.0 (from google-genai>=0.3.0->-r requirements.txt (line 5))
2026-01-19T02:39:02.6254923Z   Using cached anyio-4.12.1-py3-none-any.whl.metadata (4.3 kB)
2026-01-19T02:39:02.6657567Z Collecting google-auth<3.0.0,>=2.47.0 (from google-auth[requests]<3.0.0,>=2.47.0->google-genai>=0.3.0->-r requirements.txt (line 5))
2026-01-19T02:39:02.6670239Z   Using cached google_auth-2.47.0-py3-none-any.whl.metadata (6.4 kB)
2026-01-19T02:39:02.6967480Z Collecting httpx<1.0.0,>=0.28.1 (from google-genai>=0.3.0->-r requirements.txt (line 5))
2026-01-19T02:39:02.6980389Z   Using cached httpx-0.28.1-py3-none-any.whl.metadata (7.1 kB)
2026-01-19T02:39:02.8408069Z Collecting pydantic<3.0.0,>=2.9.0 (from google-genai>=0.3.0->-r requirements.txt (line 5))
2026-01-19T02:39:02.8422950Z   Using cached pydantic-2.12.5-py3-none-any.whl.metadata (90 kB)
2026-01-19T02:39:02.8736566Z Collecting tenacity<9.2.0,>=8.2.3 (from google-genai>=0.3.0->-r requirements.txt (line 5))
2026-01-19T02:39:02.8749489Z   Using cached tenacity-9.1.2-py3-none-any.whl.metadata (1.2 kB)
2026-01-19T02:39:02.9818156Z Collecting websockets<15.1.0,>=13.0.0 (from google-genai>=0.3.0->-r requirements.txt (line 5))
2026-01-19T02:39:02.9833406Z   Using cached websockets-15.0.1-cp311-cp311-manylinux_2_5_x86_64.manylinux1_x86_64.manylinux_2_17_x86_64.manylinux2014_x86_64.whl.metadata (6.8 kB)
2026-01-19T02:39:03.0003218Z Collecting distro<2,>=1.7.0 (from google-genai>=0.3.0->-r requirements.txt (line 5))
2026-01-19T02:39:03.0017063Z   Using cached distro-1.9.0-py3-none-any.whl.metadata (6.8 kB)
2026-01-19T02:39:03.0251220Z Collecting sniffio (from google-genai>=0.3.0->-r requirements.txt (line 5))
2026-01-19T02:39:03.0264880Z   Using cached sniffio-1.3.1-py3-none-any.whl.metadata (3.9 kB)
2026-01-19T02:39:03.0590826Z Collecting pyasn1-modules>=0.2.1 (from google-auth<3.0.0,>=2.47.0->google-auth[requests]<3.0.0,>=2.47.0->google-genai>=0.3.0->-r requirements.txt (line 5))
2026-01-19T02:39:03.0603647Z   Using cached pyasn1_modules-0.4.2-py3-none-any.whl.metadata (3.5 kB)
2026-01-19T02:39:03.0775539Z Collecting rsa<5,>=3.1.4 (from google-auth<3.0.0,>=2.47.0->google-auth[requests]<3.0.0,>=2.47.0->google-genai>=0.3.0->-r requirements.txt (line 5))
2026-01-19T02:39:03.0788058Z   Using cached rsa-4.9.1-py3-none-any.whl.metadata (5.6 kB)
2026-01-19T02:39:03.1120006Z Collecting httpcore==1.* (from httpx<1.0.0,>=0.28.1->google-genai>=0.3.0->-r requirements.txt (line 5))
2026-01-19T02:39:03.1133031Z   Using cached httpcore-1.0.9-py3-none-any.whl.metadata (21 kB)
2026-01-19T02:39:03.1287445Z Collecting h11>=0.16 (from httpcore==1.*->httpx<1.0.0,>=0.28.1->google-genai>=0.3.0->-r requirements.txt (line 5))
2026-01-19T02:39:03.1299898Z   Using cached h11-0.16.0-py3-none-any.whl.metadata (8.3 kB)
2026-01-19T02:39:03.1434415Z Collecting annotated-types>=0.6.0 (from pydantic<3.0.0,>=2.9.0->google-genai>=0.3.0->-r requirements.txt (line 5))
2026-01-19T02:39:03.1447222Z   Using cached annotated_types-0.7.0-py3-none-any.whl.metadata (15 kB)
2026-01-19T02:39:03.7914046Z Collecting pydantic-core==2.41.5 (from pydantic<3.0.0,>=2.9.0->google-genai>=0.3.0->-r requirements.txt (line 5))
2026-01-19T02:39:03.7929393Z   Using cached pydantic_core-2.41.5-cp311-cp311-manylinux_2_17_x86_64.manylinux2014_x86_64.whl.metadata (7.3 kB)
2026-01-19T02:39:03.8617717Z Collecting typing-inspection>=0.4.2 (from pydantic<3.0.0,>=2.9.0->google-genai>=0.3.0->-r requirements.txt (line 5))
2026-01-19T02:39:03.8631609Z   Using cached typing_inspection-0.4.2-py3-none-any.whl.metadata (2.6 kB)
2026-01-19T02:39:03.9420116Z Collecting pyasn1>=0.1.3 (from rsa<5,>=3.1.4->google-auth<3.0.0,>=2.47.0->google-auth[requests]<3.0.0,>=2.47.0->google-genai>=0.3.0->-r requirements.txt (line 5))
2026-01-19T02:39:03.9435413Z   Using cached pyasn1-0.6.2-py3-none-any.whl.metadata (8.4 kB)
2026-01-19T02:39:03.9714156Z Using cached playwright-1.57.0-py3-none-manylinux1_x86_64.whl (46.0 MB)
2026-01-19T02:39:04.0051596Z Using cached greenlet-3.3.0-cp311-cp311-manylinux_2_24_x86_64.manylinux_2_28_x86_64.whl (590 kB)
2026-01-19T02:39:04.0067659Z Using cached pyee-13.0.0-py3-none-any.whl (15 kB)
2026-01-19T02:39:04.0080490Z Using cached python_dotenv-1.2.1-py3-none-any.whl (21 kB)
2026-01-19T02:39:04.0093366Z Using cached requests-2.32.5-py3-none-any.whl (64 kB)
2026-01-19T02:39:04.0107253Z Using cached charset_normalizer-3.4.4-cp311-cp311-manylinux2014_x86_64.manylinux_2_17_x86_64.manylinux_2_28_x86_64.whl (151 kB)
2026-01-19T02:39:04.0120257Z Using cached idna-3.11-py3-none-any.whl (71 kB)
2026-01-19T02:39:04.0133542Z Using cached urllib3-2.6.3-py3-none-any.whl (131 kB)
2026-01-19T02:39:04.0147267Z Using cached pillow-12.1.0-cp311-cp311-manylinux_2_27_x86_64.manylinux_2_28_x86_64.whl (7.0 MB)
2026-01-19T02:39:04.0208544Z Using cached google_genai-1.59.0-py3-none-any.whl (719 kB)
2026-01-19T02:39:04.0225949Z Using cached anyio-4.12.1-py3-none-any.whl (113 kB)
2026-01-19T02:39:04.0239320Z Using cached distro-1.9.0-py3-none-any.whl (20 kB)
2026-01-19T02:39:04.0252030Z Using cached google_auth-2.47.0-py3-none-any.whl (234 kB)
2026-01-19T02:39:04.0266180Z Using cached httpx-0.28.1-py3-none-any.whl (73 kB)
2026-01-19T02:39:04.0279135Z Using cached httpcore-1.0.9-py3-none-any.whl (78 kB)
2026-01-19T02:39:04.0292075Z Using cached pydantic-2.12.5-py3-none-any.whl (463 kB)
2026-01-19T02:39:04.0308048Z Using cached pydantic_core-2.41.5-cp311-cp311-manylinux_2_17_x86_64.manylinux2014_x86_64.whl (2.1 MB)
2026-01-19T02:39:04.0334659Z Using cached rsa-4.9.1-py3-none-any.whl (34 kB)
2026-01-19T02:39:04.0347192Z Using cached tenacity-9.1.2-py3-none-any.whl (28 kB)
2026-01-19T02:39:04.0359749Z Using cached typing_extensions-4.15.0-py3-none-any.whl (44 kB)
2026-01-19T02:39:04.0373162Z Using cached websockets-15.0.1-cp311-cp311-manylinux_2_5_x86_64.manylinux1_x86_64.manylinux_2_17_x86_64.manylinux2014_x86_64.whl (182 kB)
2026-01-19T02:39:04.0386138Z Using cached termcolor-3.3.0-py3-none-any.whl (7.7 kB)
2026-01-19T02:39:04.0399119Z Using cached pyyaml-6.0.3-cp311-cp311-manylinux2014_x86_64.manylinux_2_17_x86_64.manylinux_2_28_x86_64.whl (806 kB)
2026-01-19T02:39:04.0417374Z Using cached opencv_python_headless-4.13.0.90-cp37-abi3-manylinux_2_28_x86_64.whl (62.5 MB)
2026-01-19T02:39:04.0870164Z Using cached numpy-2.4.1-cp311-cp311-manylinux_2_27_x86_64.manylinux_2_28_x86_64.whl (16.7 MB)
2026-01-19T02:39:04.1003877Z Using cached faker-40.1.2-py3-none-any.whl (2.0 MB)
2026-01-19T02:39:04.1032333Z Using cached annotated_types-0.7.0-py3-none-any.whl (13 kB)
2026-01-19T02:39:04.1045736Z Using cached certifi-2026.1.4-py3-none-any.whl (152 kB)
2026-01-19T02:39:04.1060575Z Using cached h11-0.16.0-py3-none-any.whl (37 kB)
2026-01-19T02:39:04.1073347Z Using cached pyasn1-0.6.2-py3-none-any.whl (83 kB)
2026-01-19T02:39:04.1086641Z Using cached pyasn1_modules-0.4.2-py3-none-any.whl (181 kB)
2026-01-19T02:39:04.1100857Z Using cached typing_inspection-0.4.2-py3-none-any.whl (14 kB)
2026-01-19T02:39:04.1113949Z Using cached sniffio-1.3.1-py3-none-any.whl (10 kB)
2026-01-19T02:39:04.3118075Z Installing collected packages: websockets, urllib3, typing-extensions, termcolor, tenacity, sniffio, PyYAML, python-dotenv, pyasn1, pillow, numpy, idna, h11, greenlet, faker, distro, charset_normalizer, certifi, annotated-types, typing-inspection, rsa, requests, pyee, pydantic-core, pyasn1-modules, opencv-python-headless, httpcore, anyio, pydantic, playwright, httpx, google-auth, google-genai
2026-01-19T02:39:10.9926645Z 
2026-01-19T02:39:10.9949365Z Successfully installed PyYAML-6.0.3 annotated-types-0.7.0 anyio-4.12.1 certifi-2026.1.4 charset_normalizer-3.4.4 distro-1.9.0 faker-40.1.2 google-auth-2.47.0 google-genai-1.59.0 greenlet-3.3.0 h11-0.16.0 httpcore-1.0.9 httpx-0.28.1 idna-3.11 numpy-2.4.1 opencv-python-headless-4.13.0.90 pillow-12.1.0 playwright-1.57.0 pyasn1-0.6.2 pyasn1-modules-0.4.2 pydantic-2.12.5 pydantic-core-2.41.5 pyee-13.0.0 python-dotenv-1.2.1 requests-2.32.5 rsa-4.9.1 sniffio-1.3.1 tenacity-9.1.2 termcolor-3.3.0 typing-extensions-4.15.0 typing-inspection-0.4.2 urllib3-2.6.3 websockets-15.0.1
2026-01-19T02:39:11.6253193Z Downloading Chromium 143.0.7499.4 (playwright build v1200) from https://cdn.playwright.dev/dbazure/download/playwright/builds/chromium/1200/chromium-linux.zip
2026-01-19T02:39:11.7229364Z (node:2280) [DEP0169] DeprecationWarning: `url.parse()` behavior is not standardized and prone to errors that have security implications. Use the WHATWG URL API instead. CVEs are not issued for `url.parse()` vulnerabilities.
2026-01-19T02:39:11.7230663Z (Use `node --trace-deprecation ...` to show where the warning was created)
2026-01-19T02:39:11.8226974Z |                                                                                |   0% of 164.7 MiB
2026-01-19T02:39:11.9634693Z |■■■■■■■■                                                                        |  10% of 164.7 MiB
2026-01-19T02:39:12.0586550Z |■■■■■■■■■■■■■■■■                                                                |  20% of 164.7 MiB
2026-01-19T02:39:12.1278626Z |■■■■■■■■■■■■■■■■■■■■■■■■                                                        |  30% of 164.7 MiB
2026-01-19T02:39:12.1906255Z |■■■■■■■■■■■■■■■■■■■■■■■■■■■■■■■■                                                |  40% of 164.7 MiB
2026-01-19T02:39:12.2629290Z |■■■■■■■■■■■■■■■■■■■■■■■■■■■■■■■■■■■■■■■■                                        |  50% of 164.7 MiB
2026-01-19T02:39:12.3242534Z |■■■■■■■■■■■■■■■■■■■■■■■■■■■■■■■■■■■■■■■■■■■■■■■■                                |  60% of 164.7 MiB
2026-01-19T02:39:12.3796524Z |■■■■■■■■■■■■■■■■■■■■■■■■■■■■■■■■■■■■■■■■■■■■■■■■■■■■■■■■                        |  70% of 164.7 MiB
2026-01-19T02:39:12.4437893Z |■■■■■■■■■■■■■■■■■■■■■■■■■■■■■■■■■■■■■■■■■■■■■■■■■■■■■■■■■■■■■■■■                |  80% of 164.7 MiB
2026-01-19T02:39:12.5142226Z |■■■■■■■■■■■■■■■■■■■■■■■■■■■■■■■■■■■■■■■■■■■■■■■■■■■■■■■■■■■■■■■■■■■■■■■■        |  90% of 164.7 MiB
2026-01-19T02:39:12.5796521Z |■■■■■■■■■■■■■■■■■■■■■■■■■■■■■■■■■■■■■■■■■■■■■■■■■■■■■■■■■■■■■■■■■■■■■■■■■■■■■■■■| 100% of 164.7 MiB
2026-01-19T02:39:15.0528720Z Chromium 143.0.7499.4 (playwright build v1200) downloaded to /home/runner/.cache/ms-playwright/chromium-1200
2026-01-19T02:39:15.0533757Z Downloading FFMPEG playwright build v1011 from https://cdn.playwright.dev/dbazure/download/playwright/builds/ffmpeg/1011/ffmpeg-linux.zip
2026-01-19T02:39:15.1515596Z (node:2291) [DEP0169] DeprecationWarning: `url.parse()` behavior is not standardized and prone to errors that have security implications. Use the WHATWG URL API instead. CVEs are not issued for `url.parse()` vulnerabilities.
2026-01-19T02:39:15.1517521Z (Use `node --trace-deprecation ...` to show where the warning was created)
2026-01-19T02:39:15.2160531Z |                                                                                |   0% of 2.3 MiB
2026-01-19T02:39:15.2405915Z |■■■■■■■■                                                                        |  10% of 2.3 MiB
2026-01-19T02:39:15.2510750Z |■■■■■■■■■■■■■■■■                                                                |  20% of 2.3 MiB
2026-01-19T02:39:15.2584593Z |■■■■■■■■■■■■■■■■■■■■■■■■                                                        |  30% of 2.3 MiB
2026-01-19T02:39:15.2616894Z |■■■■■■■■■■■■■■■■■■■■■■■■■■■■■■■■                                                |  40% of 2.3 MiB
2026-01-19T02:39:15.2669108Z |■■■■■■■■■■■■■■■■■■■■■■■■■■■■■■■■■■■■■■■■                                        |  50% of 2.3 MiB
2026-01-19T02:39:15.2694903Z |■■■■■■■■■■■■■■■■■■■■■■■■■■■■■■■■■■■■■■■■■■■■■■■■                                |  60% of 2.3 MiB
2026-01-19T02:39:15.2709208Z |■■■■■■■■■■■■■■■■■■■■■■■■■■■■■■■■■■■■■■■■■■■■■■■■■■■■■■■■                        |  70% of 2.3 MiB
2026-01-19T02:39:15.2738902Z |■■■■■■■■■■■■■■■■■■■■■■■■■■■■■■■■■■■■■■■■■■■■■■■■■■■■■■■■■■■■■■■■                |  80% of 2.3 MiB
2026-01-19T02:39:15.2758303Z |■■■■■■■■■■■■■■■■■■■■■■■■■■■■■■■■■■■■■■■■■■■■■■■■■■■■■■■■■■■■■■■■■■■■■■■■        |  90% of 2.3 MiB
2026-01-19T02:39:15.2772288Z |■■■■■■■■■■■■■■■■■■■■■■■■■■■■■■■■■■■■■■■■■■■■■■■■■■■■■■■■■■■■■■■■■■■■■■■■■■■■■■■■| 100% of 2.3 MiB
2026-01-19T02:39:15.3330150Z FFMPEG playwright build v1011 downloaded to /home/runner/.cache/ms-playwright/ffmpeg-1011
2026-01-19T02:39:15.3334116Z Downloading Chromium Headless Shell 143.0.7499.4 (playwright build v1200) from https://cdn.playwright.dev/dbazure/download/playwright/builds/chromium/1200/chromium-headless-shell-linux.zip
2026-01-19T02:39:15.4296294Z (node:2302) [DEP0169] DeprecationWarning: `url.parse()` behavior is not standardized and prone to errors that have security implications. Use the WHATWG URL API instead. CVEs are not issued for `url.parse()` vulnerabilities.
2026-01-19T02:39:15.4298568Z (Use `node --trace-deprecation ...` to show where the warning was created)
2026-01-19T02:39:15.4990828Z |                                                                                |   0% of 109.7 MiB
2026-01-19T02:39:15.5945151Z |■■■■■■■■                                                                        |  10% of 109.7 MiB
2026-01-19T02:39:15.6568133Z |■■■■■■■■■■■■■■■■                                                                |  20% of 109.7 MiB
2026-01-19T02:39:15.7212385Z |■■■■■■■■■■■■■■■■■■■■■■■■                                                        |  30% of 109.7 MiB
2026-01-19T02:39:15.7697163Z |■■■■■■■■■■■■■■■■■■■■■■■■■■■■■■■■                                                |  40% of 109.7 MiB
2026-01-19T02:39:15.8238590Z |■■■■■■■■■■■■■■■■■■■■■■■■■■■■■■■■■■■■■■■■                                        |  50% of 109.7 MiB
2026-01-19T02:39:15.8715421Z |■■■■■■■■■■■■■■■■■■■■■■■■■■■■■■■■■■■■■■■■■■■■■■■■                                |  60% of 109.7 MiB
2026-01-19T02:39:15.9227665Z |■■■■■■■■■■■■■■■■■■■■■■■■■■■■■■■■■■■■■■■■■■■■■■■■■■■■■■■■                        |  70% of 109.7 MiB
2026-01-19T02:39:15.9607978Z |■■■■■■■■■■■■■■■■■■■■■■■■■■■■■■■■■■■■■■■■■■■■■■■■■■■■■■■■■■■■■■■■                |  80% of 109.7 MiB
2026-01-19T02:39:16.0002297Z |■■■■■■■■■■■■■■■■■■■■■■■■■■■■■■■■■■■■■■■■■■■■■■■■■■■■■■■■■■■■■■■■■■■■■■■■        |  90% of 109.7 MiB
2026-01-19T02:39:16.0399808Z |■■■■■■■■■■■■■■■■■■■■■■■■■■■■■■■■■■■■■■■■■■■■■■■■■■■■■■■■■■■■■■■■■■■■■■■■■■■■■■■■| 100% of 109.7 MiB
2026-01-19T02:39:17.8755312Z Chromium Headless Shell 143.0.7499.4 (playwright build v1200) downloaded to /home/runner/.cache/ms-playwright/chromium_headless_shell-1200
2026-01-19T02:39:17.8984155Z ##[group]Run mkdir -p projects/ci_petstore_swagger
2026-01-19T02:39:17.8984637Z [36;1mmkdir -p projects/ci_petstore_swagger[0m
2026-01-19T02:39:17.8985054Z [36;1mcat > projects/ci_petstore_swagger/config.json << 'EOF'[0m
2026-01-19T02:39:17.8985377Z [36;1m{[0m
2026-01-19T02:39:17.8985590Z [36;1m  "project_name": "ci_petstore_swagger",[0m
2026-01-19T02:39:17.8985956Z [36;1m  "target_url": "https://petstore.swagger.io/",[0m
2026-01-19T02:39:17.8986303Z [36;1m  "goal": "Test Swagger UI interactions",[0m
2026-01-19T02:39:17.8986583Z [36;1m  "headless": true[0m
2026-01-19T02:39:17.8986789Z [36;1m}[0m
2026-01-19T02:39:17.8986957Z [36;1mEOF[0m
2026-01-19T02:39:17.9021084Z shell: /usr/bin/bash -e {0}
2026-01-19T02:39:17.9021543Z env:
2026-01-19T02:39:17.9021823Z   pythonLocation: /opt/hostedtoolcache/Python/3.11.14/x64
2026-01-19T02:39:17.9022258Z   PKG_CONFIG_PATH: /opt/hostedtoolcache/Python/3.11.14/x64/lib/pkgconfig
2026-01-19T02:39:17.9022725Z   Python_ROOT_DIR: /opt/hostedtoolcache/Python/3.11.14/x64
2026-01-19T02:39:17.9023104Z   Python2_ROOT_DIR: /opt/hostedtoolcache/Python/3.11.14/x64
2026-01-19T02:39:17.9023490Z   Python3_ROOT_DIR: /opt/hostedtoolcache/Python/3.11.14/x64
2026-01-19T02:39:17.9023862Z   LD_LIBRARY_PATH: /opt/hostedtoolcache/Python/3.11.14/x64/lib
2026-01-19T02:39:17.9024163Z ##[endgroup]
2026-01-19T02:39:17.9142186Z ##[group]Run # Use --deep for comprehensive regression suite
2026-01-19T02:39:17.9142752Z [36;1m# Use --deep for comprehensive regression suite[0m
2026-01-19T02:39:17.9143216Z [36;1mpython orchestrator.py --project projects/ci_petstore_swagger --deep --force[0m
2026-01-19T02:39:17.9176333Z shell: /usr/bin/bash -e {0}
2026-01-19T02:39:17.9176571Z env:
2026-01-19T02:39:17.9176822Z   pythonLocation: /opt/hostedtoolcache/Python/3.11.14/x64
2026-01-19T02:39:17.9177249Z   PKG_CONFIG_PATH: /opt/hostedtoolcache/Python/3.11.14/x64/lib/pkgconfig
2026-01-19T02:39:17.9177665Z   Python_ROOT_DIR: /opt/hostedtoolcache/Python/3.11.14/x64
2026-01-19T02:39:17.9178049Z   Python2_ROOT_DIR: /opt/hostedtoolcache/Python/3.11.14/x64
2026-01-19T02:39:17.9178437Z   Python3_ROOT_DIR: /opt/hostedtoolcache/Python/3.11.14/x64
2026-01-19T02:39:17.9179031Z   LD_LIBRARY_PATH: /opt/hostedtoolcache/Python/3.11.14/x64/lib
2026-01-19T02:39:17.9179625Z   GOOGLE_API_KEY: ***
2026-01-19T02:39:17.9179868Z   PYTHONPATH: .
2026-01-19T02:39:17.9180057Z ##[endgroup]
2026-01-19T02:39:19.8427969Z 🚀 [DEEP] Extensive mapping enabled (Depth: 3, Pages: 50)
2026-01-19T02:39:19.8428351Z 
2026-01-19T02:39:19.8428854Z 🗺️ [DISCOVERY] Starting Parallel Semantic Crawl on https://petstore.swagger.io/ (Workers: 3)
2026-01-19T02:39:20.3160975Z   🔍 [Worker 0] Visiting (0): https://petstore.swagger.io/
2026-01-19T02:39:21.5485965Z [DEBUG] Sending request to gemini-2.0-flash. Number of parts: 1
2026-01-19T02:39:21.5486688Z [DEBUG] Received response (Length: 145)
2026-01-19T02:39:21.5487526Z ✅ Discovery Complete. Mapped 1 pages.
2026-01-19T02:39:31.0230635Z 
2026-01-19T02:39:31.0231521Z [PLAN] PLANNER: Planning goal -> 'Test Swagger UI interactions' (Deep Mode: True)
2026-01-19T02:39:31.0232332Z 🗺️ [PLAN] Loaded Sitemap with 1 pages.
2026-01-19T02:39:31.0233355Z 🎭 [EXPERT] Detected Domain: GENERAL. Persona: Act as Senior SDET focusing on exploring the application to understand functional flow and identifying critical paths for end-to-end automation
2026-01-19T02:39:31.0234269Z [DEBUG] Sending request to gemini-2.0-flash. Number of parts: 1
2026-01-19T02:39:31.0234632Z [DEBUG] Received response (Length: 3139)
2026-01-19T02:39:31.0234999Z ✅ Planner generated 3 scenarios. Workflow updated.
2026-01-19T02:39:32.0734480Z 
2026-01-19T02:39:32.0735607Z 🕵️ [DEEP EXPLORER] Starting Multi-Scenario Exploration
2026-01-19T02:39:32.0736309Z 📋 Found 3 scenarios to explore.
2026-01-19T02:39:32.4448286Z 
2026-01-19T02:39:32.4448908Z [1/3] Exploring Scenario: Explore Petstore API Documentation
2026-01-19T02:39:32.4450064Z     🧠 Initialized exploration context for goal: 'Test Swagger UI interactions'
2026-01-19T02:39:32.4450575Z   ▶️ [STEP step_1] NAVIGATE: 
2026-01-19T02:39:33.3622184Z     ✅ Navigated to https://petstore.swagger.io/
2026-01-19T02:39:33.3623098Z   ▶️ [STEP step_2] ASSERT_VISIBLE: Swagger Petstore
2026-01-19T02:39:33.3812180Z     🔍 Mining locators for: 'Swagger Petstore'
2026-01-19T02:39:33.5842017Z     ✅ Found 1 verified locators
2026-01-19T02:39:36.1441845Z     ✅ State transitioned.
2026-01-19T02:39:38.0470078Z [DEBUG] Sending request to gemini-2.0-flash. Number of parts: 2
2026-01-19T02:39:38.0470837Z [DEBUG] Received response (Length: 255)
2026-01-19T02:39:38.0471949Z     🤖 AI Next Step Suggestion: click -> Find out more
2026-01-19T02:39:38.0472810Z     🧩 Suggested Locator: #operations-tag-pet > div > a
2026-01-19T02:39:38.0474546Z     💭 Reasoning: To explore the 'pet' operations in Swagger UI, clicking 'Find out more' next to 'pet Everything about your Pets' is the logical next step.
2026-01-19T02:39:38.0476112Z     ➕ Injected AI step: click -> Find out more
2026-01-19T02:39:38.0476824Z   ▶️ [STEP step_2_ai_1] CLICK: Find out more
2026-01-19T02:39:38.0544698Z     🎯 Using AI-provided locator: #operations-tag-pet > div > a
2026-01-19T02:39:38.0571833Z     🔍 Mining locators for: 'Find out more'
2026-01-19T02:39:38.2435216Z     ✅ Found 4 verified locators
2026-01-19T02:39:42.3319300Z     ✅ State transitioned.
2026-01-19T02:39:43.8653350Z [DEBUG] Sending request to gemini-2.0-flash. Number of parts: 2
2026-01-19T02:39:43.8654024Z [DEBUG] Received response (Length: 194)
2026-01-19T02:39:43.8654824Z     🤖 AI Next Step Suggestion: click -> Explore
2026-01-19T02:39:43.8655640Z     💭 Reasoning: To explore the swagger UI interactions, clicking the explore button is the next logical step.
2026-01-19T02:39:43.8656289Z     ➕ Injected AI step: click -> Explore
2026-01-19T02:39:43.8656639Z   ▶️ [STEP step_2_ai_2] CLICK: Explore
2026-01-19T02:39:43.8712516Z     🔍 Mining locators for: 'Explore'
2026-01-19T02:39:43.9190546Z     ✅ Found 2 verified locators
2026-01-19T02:39:47.4683847Z     ✅ State transitioned.
2026-01-19T02:39:48.8688566Z [DEBUG] Sending request to gemini-2.0-flash. Number of parts: 2
2026-01-19T02:39:48.8689591Z [DEBUG] Received response (Length: 180)
2026-01-19T02:39:48.8690443Z     🤖 AI Next Step Suggestion: click -> ALLOW ALL COOKIES
2026-01-19T02:39:48.8691053Z     🧩 Suggested Locator: button
2026-01-19T02:39:48.8692141Z     💭 Reasoning: To dismiss the cookie banner and proceed with testing the Swagger UI interactions.
2026-01-19T02:39:48.8693036Z     ➕ Injected AI step: click -> ALLOW ALL COOKIES
2026-01-19T02:39:48.8693440Z   ▶️ [STEP step_2_ai_3] CLICK: ALLOW ALL COOKIES
2026-01-19T02:39:48.8745313Z     🎯 Using AI-provided locator: button
2026-01-19T02:39:48.8804544Z     ✅ Found 1 verified locators
2026-01-19T02:39:52.9483218Z     ✅ State transitioned.
2026-01-19T02:39:54.6990117Z [DEBUG] Sending request to gemini-2.0-flash. Number of parts: 2
2026-01-19T02:39:54.6990830Z [DEBUG] Received response (Length: 343)
2026-01-19T02:39:54.6992033Z     🤖 AI Next Step Suggestion: click -> ALLOW ALL COOKIES
2026-01-19T02:39:54.6992812Z     🧩 Suggested Locator: button:nth-of-type(2)
2026-01-19T02:39:54.6995279Z     💭 Reasoning: The cookie popup is still visible. Although we clicked 'ALLOW ALL COOKIES' before, it seems it didn't close the popup. Clicking it again to ensure the popup is dismissed and we can proceed with testing the Swagger UI interactions.
2026-01-19T02:39:54.6997843Z ⚠️ Loop detected: same AI suggestion repeated 2 times. Moving to next step.
2026-01-19T02:39:54.6998836Z   ▶️ [STEP step_3] ASSERT_VISIBLE: openapi: 3.0.0
2026-01-19T02:39:54.7062327Z     🔍 Mining locators for: 'openapi: 3.0.0'
2026-01-19T02:39:54.7580748Z     🧠 Consulting AI (Vision-First) to find 'openapi: 3.0.0'...
2026-01-19T02:39:54.7591164Z     🔍 Trying smart selectors for 'openapi: 3.0.0'...
2026-01-19T02:39:54.7854523Z     ⚠️ Smart selectors failed (no unique match). Falling back to AI Vision...
2026-01-19T02:39:54.7855441Z     ⚠️ Critical step failure: name 'time' is not defined
2026-01-19T02:39:54.7856075Z   ▶️ [STEP step_4] ASSERT_VISIBLE: Info
2026-01-19T02:39:54.7910983Z     🔍 Mining locators for: 'Info'
2026-01-19T02:39:54.8975025Z     ✅ Found 5 verified locators
2026-01-19T02:39:57.4255046Z     ✅ State transitioned.
2026-01-19T02:39:59.9620835Z [DEBUG] Sending request to gemini-2.0-flash. Number of parts: 2
2026-01-19T02:39:59.9621705Z [DEBUG] Received response (Length: 278)
2026-01-19T02:39:59.9622615Z     🤖 AI Next Step Suggestion: click -> SAVE SETTINGS
2026-01-19T02:39:59.9623488Z     🧩 Suggested Locator: #ch2-settings > div > div.ch2-buttons > button.ch2-save-settings
2026-01-19T02:39:59.9624390Z     💭 Reasoning: The cookie settings are displayed, and the next logical step is to save the settings to proceed with exploring the Swagger UI.
2026-01-19T02:39:59.9625035Z     ➕ Injected AI step: click -> SAVE SETTINGS
2026-01-19T02:39:59.9625361Z   ▶️ [STEP step_4_ai_1] CLICK: SAVE SETTINGS
2026-01-19T02:39:59.9688098Z     🎯 Using AI-provided locator: #ch2-settings > div > div.ch2-buttons > button.ch2-save-settings
2026-01-19T02:39:59.9711722Z     🔍 Mining locators for: 'SAVE SETTINGS'
2026-01-19T02:40:00.0337479Z     🔄 Retry 1/3 mining locators for 'SAVE SETTINGS'...
2026-01-19T02:40:01.1013061Z     🔄 Retry 2/3 mining locators for 'SAVE SETTINGS'...
2026-01-19T02:40:02.1024876Z     🗑️ Invalidating stale AI cache (retry 2)...
2026-01-19T02:40:02.1026509Z     ⚠️ Cache invalidation warning: No module named 'core.agents.domain_expert'
2026-01-19T02:40:02.1659562Z     🧠 Verifying step validity for 'SAVE SETTINGS' after mining failure...
2026-01-19T02:40:04.8730693Z [DEBUG] Sending request to gemini-2.0-flash. Number of parts: 2
2026-01-19T02:40:04.8731679Z [DEBUG] Received response (Length: 227)
2026-01-19T02:40:04.8732930Z     🛠️ Self-Correction: Step is valid. Using new locator: button[class='sc-dkPtRN iVjMPL']
2026-01-19T02:40:10.3857593Z     ⚠️ Scroll into view failed for button[class='sc-dkPtRN iVjMPL']. Proceeding anyway.
2026-01-19T02:40:15.3884416Z     ⚠️ Action failed: Locator.bounding_box: Timeout 5000ms exceeded.
2026-01-19T02:40:15.3885156Z Cal...
2026-01-19T02:40:16.9324430Z [DEBUG] Sending request to gemini-2.0-flash. Number of parts: 2
2026-01-19T02:40:16.9325464Z [DEBUG] Received response (Length: 195)
2026-01-19T02:40:16.9326813Z     ✨ AI Heal Reasoning: The element with the text 'SAVE SETTINGS' is a button, which is the best element to perform a click action on.
2026-01-19T02:40:16.9327785Z     ✨ AI healed exploration action! New selector: div.sc-eCImvq.fXjQYQ > button
2026-01-19T02:40:22.4378874Z     ⚠️ Scroll into view failed for div.sc-eCImvq.fXjQYQ > button. Proceeding anyway.
2026-01-19T02:40:27.4400051Z   ▶️ [STEP step_5] ASSERT_VISIBLE: Servers
2026-01-19T02:40:27.4463621Z     🔍 Mining locators for: 'Servers'
2026-01-19T02:40:27.4893655Z     🧠 Consulting AI (Vision-First) to find 'Servers'...
2026-01-19T02:40:27.4894243Z     🔍 Trying smart selectors for 'Servers'...
2026-01-19T02:40:27.5135267Z     ⚠️ Smart selectors failed (no unique match). Falling back to AI Vision...
2026-01-19T02:40:27.5136118Z     ⚠️ Critical step failure: name 'time' is not defined
2026-01-19T02:40:27.5136504Z   ▶️ [STEP step_6] ASSERT_VISIBLE: Tags
2026-01-19T02:40:27.5188857Z     🔍 Mining locators for: 'Tags'
2026-01-19T02:40:27.5735333Z     🧠 Consulting AI (Vision-First) to find 'Tags'...
2026-01-19T02:40:27.5735934Z     🔍 Trying smart selectors for 'Tags'...
2026-01-19T02:40:27.5974173Z     ⚠️ Smart selectors failed (no unique match). Falling back to AI Vision...
2026-01-19T02:40:27.5975036Z     ⚠️ Critical step failure: name 'time' is not defined
2026-01-19T02:40:29.6319280Z 
2026-01-19T02:40:29.6321053Z [2/3] Exploring Scenario: Expand and Explore the Pet Endpoint
2026-01-19T02:40:29.6322844Z     🧠 Initialized exploration context for goal: 'Test Swagger UI interactions'
2026-01-19T02:40:29.6323671Z   ▶️ [STEP step_1] NAVIGATE: 
2026-01-19T02:40:30.6038342Z     ✅ Navigated to https://petstore.swagger.io/
2026-01-19T02:40:30.6039026Z   ▶️ [STEP step_2] CLICK: pet
2026-01-19T02:40:30.6205349Z     🔍 Mining locators for: 'pet'
2026-01-19T02:40:31.1202261Z     ✅ Found 18 verified locators
2026-01-19T02:40:34.7445236Z     ✅ State transitioned.
2026-01-19T02:40:36.7636909Z [DEBUG] Sending request to gemini-2.0-flash. Number of parts: 2
2026-01-19T02:40:36.7637602Z [DEBUG] Received response (Length: 430)
2026-01-19T02:40:36.7638425Z     🤖 AI Next Step Suggestion: done -> N/A
2026-01-19T02:40:36.7642158Z     💭 Reasoning: The current page is the base URL, and the 'pet' section has already been clicked. There are no other immediately obvious actions to take to further explore the Swagger UI interactions from this specific page. The error message 'Could not render OperationContainer' suggests there might be issues with rendering the pet operations, so further exploration might not be fruitful at this time.
2026-01-19T02:40:36.7645487Z   ▶️ [STEP step_3] ASSERT_VISIBLE: POST /pet
2026-01-19T02:40:36.7700487Z     🔍 Mining locators for: 'POST /pet'
2026-01-19T02:40:36.9095359Z     ✅ Found 2 verified locators
2026-01-19T02:40:39.4402847Z     ✅ State transitioned.
2026-01-19T02:40:39.4482639Z     🔄 Revisited state detected (count: 1)
2026-01-19T02:40:41.6582271Z [DEBUG] Sending request to gemini-2.0-flash. Number of parts: 2
2026-01-19T02:40:41.6582928Z [DEBUG] Received response (Length: 216)
2026-01-19T02:40:41.6584225Z     🤖 AI Next Step Suggestion: click -> POST /pet Add a new pet to the store
2026-01-19T02:40:41.6584961Z     🧩 Suggested Locator: button
2026-01-19T02:40:41.6585913Z     💭 Reasoning: Now that the 'pet' section is visible, I want to explore the 'POST /pet' endpoint to add a new pet.
2026-01-19T02:40:41.6586977Z     ➕ Injected AI step: click -> POST /pet Add a new pet to the store
2026-01-19T02:40:41.6587862Z   ▶️ [STEP step_3_ai_1] CLICK: POST /pet Add a new pet to the store
2026-01-19T02:40:41.6642664Z     🎯 Using AI-provided locator: button
2026-01-19T02:40:41.6700178Z     ✅ Found 1 verified locators
2026-01-19T02:40:45.7407846Z     ✅ State transitioned.
2026-01-19T02:40:47.7011036Z [DEBUG] Sending request to gemini-2.0-flash. Number of parts: 2
2026-01-19T02:40:47.7012169Z [DEBUG] Received response (Length: 330)
2026-01-19T02:40:47.7013932Z     🤖 AI Next Step Suggestion: click -> ALLOW ALL COOKIES
2026-01-19T02:40:47.7015534Z     🧩 Suggested Locator: #ch2-settings > div > div > div > div.ch2-buttons > button.ch2-btn.ch2-allow-all.ch2-color-main.ch2-mr
2026-01-19T02:40:47.7017933Z     💭 Reasoning: The cookie settings popup is obscuring the page. Clicking 'ALLOW ALL COOKIES' will dismiss it and allow interaction with the Swagger UI.
2026-01-19T02:40:47.7019392Z     ➕ Injected AI step: click -> ALLOW ALL COOKIES
2026-01-19T02:40:47.7020119Z   ▶️ [STEP step_3_ai_2] CLICK: ALLOW ALL COOKIES
2026-01-19T02:40:47.7082570Z     🎯 Using AI-provided locator: #ch2-settings > div > div > div > div.ch2-buttons > button.ch2-btn.ch2-allow-all.ch2-color-main.ch2-mr
2026-01-19T02:40:47.7107801Z     🔍 Mining locators for: 'ALLOW ALL COOKIES'
2026-01-19T02:40:47.8728877Z     🔄 Retry 1/3 mining locators for 'ALLOW ALL COOKIES'...
2026-01-19T02:40:49.0069680Z     🔄 Retry 2/3 mining locators for 'ALLOW ALL COOKIES'...
2026-01-19T02:40:50.0082577Z     🗑️ Invalidating stale AI cache (retry 2)...
2026-01-19T02:40:50.0083884Z     ⚠️ Cache invalidation warning: No module named 'core.agents.domain_expert'
2026-01-19T02:40:50.1222947Z     🧠 Verifying step validity for 'ALLOW ALL COOKIES' after mining failure...
2026-01-19T02:40:52.9932375Z [DEBUG] Sending request to gemini-2.0-flash. Number of parts: 2
2026-01-19T02:40:52.9932842Z [DEBUG] Received response (Length: 286)
2026-01-19T02:40:52.9933615Z     🛠️ Self-Correction: Step is valid. Using new locator: button:has-text('ALLOW ALL COOKIES')
2026-01-19T02:40:58.5080939Z     ⚠️ Scroll into view failed for button:has-text('ALLOW ALL COOKIES'). Proceeding anyway.
2026-01-19T02:40:59.0228988Z     ⚠️ Action failed: Locator.click: Element is not visible
2026-01-19T02:40:59.0229795Z Call log:
2026-01-19T02:40:59.0230225Z   ...
2026-01-19T02:41:00.6137295Z [DEBUG] Sending request to gemini-2.0-flash. Number of parts: 2
2026-01-19T02:41:00.6137787Z [DEBUG] Received response (Length: 188)
2026-01-19T02:41:00.6138818Z     ✨ AI Heal Reasoning: The text 'ALLOW ALL COOKIES' is visible and clickable. It is the most direct way to interact with the element.
2026-01-19T02:41:00.6139690Z     ✨ AI healed exploration action! New selector: text=ALLOW ALL COOKIES
2026-01-19T02:41:06.1213733Z     ⚠️ Scroll into view failed for text=ALLOW ALL COOKIES. Proceeding anyway.
2026-01-19T02:41:06.6419303Z   ▶️ [STEP step_4] ASSERT_VISIBLE: PUT /pet
2026-01-19T02:41:06.6492949Z     🔍 Mining locators for: 'PUT /pet'
2026-01-19T02:41:06.7872727Z     ✅ Found 1 verified locators
2026-01-19T02:41:09.3390072Z     ✅ State transitioned.
2026-01-19T02:41:11.1791128Z [DEBUG] Sending request to gemini-2.0-flash. Number of parts: 2
2026-01-19T02:41:11.1791936Z [DEBUG] Received response (Length: 281)
2026-01-19T02:41:11.1792777Z     🤖 AI Next Step Suggestion: click -> ALLOW ALL COOKIES
2026-01-19T02:41:11.1793523Z     🧩 Suggested Locator: button:has-text('ALLOW ALL COOKIES')
2026-01-19T02:41:11.1795018Z     💭 Reasoning: The previous attempt to click 'ALLOW ALL COOKIES' failed. Trying again to dismiss the cookie banner and proceed with testing the Swagger UI interactions.
2026-01-19T02:41:11.1796649Z ⚠️ Loop detected: same AI suggestion repeated 2 times. Moving to next step.
2026-01-19T02:41:11.1797178Z   ▶️ [STEP step_5] ASSERT_VISIBLE: GET /pet/{petId}
2026-01-19T02:41:11.1861042Z     🔍 Mining locators for: 'GET /pet/{petId}'
2026-01-19T02:41:11.3342657Z     ✅ Found 1 verified locators
2026-01-19T02:41:13.8720676Z     ✅ State transitioned.
2026-01-19T02:41:13.8844106Z     🔄 Revisited state detected (count: 1)
2026-01-19T02:41:16.1542876Z [DEBUG] Sending request to gemini-2.0-flash. Number of parts: 2
2026-01-19T02:41:16.1543602Z [DEBUG] Received response (Length: 281)
2026-01-19T02:41:16.1544506Z     🤖 AI Next Step Suggestion: CLICK -> ALLOW ALL COOKIES
2026-01-19T02:41:16.1545297Z     🧩 Suggested Locator: button:has-text('ALLOW ALL COOKIES')
2026-01-19T02:41:16.1546923Z     💭 Reasoning: The previous attempt to click 'ALLOW ALL COOKIES' failed. Trying again to dismiss the cookie banner and proceed with testing the Swagger UI interactions.
2026-01-19T02:41:16.1548781Z     ➕ Injected AI step: CLICK -> ALLOW ALL COOKIES
2026-01-19T02:41:16.1549460Z   ▶️ [STEP step_5_ai_1] CLICK: ALLOW ALL COOKIES
2026-01-19T02:41:16.1618220Z     🎯 Using AI-provided locator: button:has-text('ALLOW ALL COOKIES')
2026-01-19T02:41:16.1647380Z     🔍 Mining locators for: 'ALLOW ALL COOKIES'
2026-01-19T02:41:16.3236301Z     🧠 Consulting AI (Vision-First) to find 'ALLOW ALL COOKIES'...
2026-01-19T02:41:16.3238959Z     🔍 Trying smart selectors for 'ALLOW ALL COOKIES'...
2026-01-19T02:41:16.3509507Z     ⚠️ Smart selectors failed (no unique match). Falling back to AI Vision...
2026-01-19T02:41:16.3510452Z     ⚠️ Critical step failure: name 'time' is not defined
2026-01-19T02:41:16.3511180Z   ▶️ [STEP step_6] ASSERT_VISIBLE: DELETE /pet/{petId}
2026-01-19T02:41:16.3567021Z     🔍 Mining locators for: 'DELETE /pet/{petId}'
2026-01-19T02:41:16.4950324Z     ✅ Found 1 verified locators
2026-01-19T02:41:19.0562402Z     ✅ State transitioned.
2026-01-19T02:41:19.0687733Z     🔄 Revisited state detected (count: 2)
2026-01-19T02:41:21.1034990Z [DEBUG] Sending request to gemini-2.0-flash. Number of parts: 2
2026-01-19T02:41:21.1035654Z [DEBUG] Received response (Length: 228)
2026-01-19T02:41:21.1036525Z     🤖 AI Next Step Suggestion: click -> ALLOW ALL COOKIES
2026-01-19T02:41:21.1037240Z     🧩 Suggested Locator: button:has-text('ALLOW ALL COOKIES')
2026-01-19T02:41:21.1038342Z     💭 Reasoning: The previous attempt to click 'ALLOW ALL COOKIES' failed. Trying again to dismiss the cookie banner.
2026-01-19T02:41:21.1039365Z     ➕ Injected AI step: click -> ALLOW ALL COOKIES
2026-01-19T02:41:21.1039968Z   ▶️ [STEP step_6_ai_1] CLICK: ALLOW ALL COOKIES
2026-01-19T02:41:21.1105264Z     🎯 Using AI-provided locator: button:has-text('ALLOW ALL COOKIES')
2026-01-19T02:41:21.1130113Z     🔍 Mining locators for: 'ALLOW ALL COOKIES'
2026-01-19T02:41:21.2236406Z     🧠 Consulting AI (Vision-First) to find 'ALLOW ALL COOKIES'...
2026-01-19T02:41:21.2237025Z     🔍 Trying smart selectors for 'ALLOW ALL COOKIES'...
2026-01-19T02:41:21.2494303Z     ⚠️ Smart selectors failed (no unique match). Falling back to AI Vision...
2026-01-19T02:41:21.2495219Z     ⚠️ Critical step failure: name 'time' is not defined
2026-01-19T02:41:23.2827250Z 
2026-01-19T02:41:23.2828157Z [3/3] Exploring Scenario: Expand and Execute a GET Operation
2026-01-19T02:41:23.2829517Z     🧠 Initialized exploration context for goal: 'Test Swagger UI interactions'
2026-01-19T02:41:23.2830571Z   ▶️ [STEP step_1] NAVIGATE: 
2026-01-19T02:41:24.1846440Z     ✅ Navigated to https://petstore.swagger.io/
2026-01-19T02:41:24.1847140Z   ▶️ [STEP step_2] CLICK: pet
2026-01-19T02:41:24.2036309Z     🔍 Mining locators for: 'pet'
2026-01-19T02:41:24.6413351Z     ✅ Found 18 verified locators
2026-01-19T02:41:28.2639318Z     ✅ State transitioned.
2026-01-19T02:41:28.4251048Z [CACHE HIT] 9e92d056... (hits: 1, misses: 15)
2026-01-19T02:41:28.4252325Z     🤖 AI Next Step Suggestion: done -> N/A
2026-01-19T02:41:28.4254495Z     💭 Reasoning: The current page is the base URL, and the 'pet' section has already been clicked. There are no other immediately obvious actions to take to further explore the Swagger UI interactions from this specific page. The error message 'Could not render OperationContainer' suggests there might be issues with rendering the pet operations, so further exploration might not be fruitful at this time.
2026-01-19T02:41:28.4256290Z   ▶️ [STEP step_3] CLICK: GET /pet/{petId}
2026-01-19T02:41:28.4303159Z     🔍 Mining locators for: 'GET /pet/{petId}'
2026-01-19T02:41:28.5428309Z     ✅ Found 1 verified locators
2026-01-19T02:41:32.1694228Z     ✅ State transitioned.
2026-01-19T02:41:34.7960249Z [DEBUG] Sending request to gemini-2.0-flash. Number of parts: 2
2026-01-19T02:41:34.7960905Z [DEBUG] Received response (Length: 325)
2026-01-19T02:41:34.7962203Z     🤖 AI Next Step Suggestion: click -> POST /pet/{petId} Updates a pet in the store with form data
2026-01-19T02:41:34.7963124Z     🧩 Suggested Locator: button:nth-of-type(1)
2026-01-19T02:41:34.7964654Z     💭 Reasoning: To continue exploring the 'pet' section and test different interactions, clicking on 'POST /pet/{petId} Updates a pet in the store with form data' is a logical next step.
2026-01-19T02:41:34.7965979Z     ➕ Injected AI step: click -> POST /pet/{petId} Updates a pet in the store with form data
2026-01-19T02:41:34.7966640Z   ▶️ [STEP step_3_ai_1] CLICK: POST /pet/{petId} Updates a pet in the store with form data
2026-01-19T02:41:34.8019210Z     🎯 Using AI-provided locator: button:nth-of-type(1)
2026-01-19T02:41:34.8081121Z     ✅ Found 1 verified locators
2026-01-19T02:41:38.8713581Z     ✅ State transitioned.
2026-01-19T02:41:41.1642270Z [DEBUG] Sending request to gemini-2.0-flash. Number of parts: 2
2026-01-19T02:41:41.1642910Z [DEBUG] Received response (Length: 292)
2026-01-19T02:41:41.1643705Z     🤖 AI Next Step Suggestion: DELETE /pet/{petId} Deletes a pet -> DELETE /pet/{petId} Deletes a pet
2026-01-19T02:41:41.1644788Z     💭 Reasoning: To continue exploring the different operations available for the 'pet' category, I will now click on 'DELETE /pet/{petId} Deletes a pet'.
2026-01-19T02:41:41.1645764Z     ➕ Injected AI step: DELETE /pet/{petId} Deletes a pet -> DELETE /pet/{petId} Deletes a pet
2026-01-19T02:41:41.1646486Z   ▶️ [STEP step_3_ai_2] DELETE /PET/{PETID} DELETES A PET: DELETE /pet/{petId} Deletes a pet
2026-01-19T02:41:41.1710372Z     🔍 Mining locators for: 'DELETE /pet/{petId} Deletes a pet'
2026-01-19T02:41:41.3231884Z     ✅ Found 1 verified locators
2026-01-19T02:41:43.8550683Z     ✅ State transitioned.
2026-01-19T02:41:45.7894137Z [DEBUG] Sending request to gemini-2.0-flash. Number of parts: 2
2026-01-19T02:41:45.7894807Z [DEBUG] Received response (Length: 284)
2026-01-19T02:41:45.7895826Z     🤖 AI Next Step Suggestion: click -> GET /pet/findByStatus Finds Pets by status
2026-01-19T02:41:45.7896857Z     🧩 Suggested Locator: button[title='GET /pet/findByStatus Finds Pets by status']
2026-01-19T02:41:45.7898237Z     💭 Reasoning: To explore other functionalities related to pets, clicking on 'GET /pet/findByStatus' is a logical next step.
2026-01-19T02:41:45.7899110Z     ➕ Injected AI step: click -> GET /pet/findByStatus Finds Pets by status
2026-01-19T02:41:45.7899678Z   ▶️ [STEP step_3_ai_3] CLICK: GET /pet/findByStatus Finds Pets by status
2026-01-19T02:41:45.7960379Z     🎯 Using AI-provided locator: button[title='GET /pet/findByStatus Finds Pets by status']
2026-01-19T02:41:45.7981747Z     🔍 Mining locators for: 'GET /pet/findByStatus Finds Pets by status'
2026-01-19T02:41:45.9388351Z     ✅ Found 1 verified locators
2026-01-19T02:41:49.5149635Z     ✅ State transitioned.
2026-01-19T02:41:49.5273743Z     🔄 Revisited state detected (count: 1)
2026-01-19T02:41:51.1688140Z [DEBUG] Sending request to gemini-2.0-flash. Number of parts: 2
2026-01-19T02:41:51.1688762Z [DEBUG] Received response (Length: 290)
2026-01-19T02:41:51.1689695Z     🤖 AI Next Step Suggestion: click -> GET /pet/findByTags Finds Pets by tags
2026-01-19T02:41:51.1690557Z     🧩 Suggested Locator: button:nth-child(2)
2026-01-19T02:41:51.1691760Z     💭 Reasoning: To continue exploring the different 'pet' operations available in the Swagger UI, clicking on 'GET /pet/findByTags Finds Pets by tags' is a logical next step.
2026-01-19T02:41:51.1692630Z     ➕ Injected AI step: click -> GET /pet/findByTags Finds Pets by tags
2026-01-19T02:41:51.1693106Z   ▶️ [STEP step_3_ai_4] CLICK: GET /pet/findByTags Finds Pets by tags
2026-01-19T02:41:51.1757522Z     🎯 Using AI-provided locator: button:nth-child(2)
2026-01-19T02:41:51.1779195Z     🔍 Mining locators for: 'GET /pet/findByTags Finds Pets by tags'
2026-01-19T02:41:51.3189959Z     ✅ Found 1 verified locators
2026-01-19T02:41:54.9038078Z     ✅ State transitioned.
2026-01-19T02:41:57.8934253Z [DEBUG] Sending request to gemini-2.0-flash. Number of parts: 2
2026-01-19T02:41:57.8934977Z [DEBUG] Received response (Length: 346)
2026-01-19T02:41:57.8935917Z     🤖 AI Next Step Suggestion: click -> POST /pet Add a new pet to the store
2026-01-19T02:41:57.8936831Z     🧩 Suggested Locator: button[title='POST /pet']
2026-01-19T02:41:57.8938741Z     💭 Reasoning: To explore the 'pet' operations further, clicking 'POST /pet Add a new pet to the store' is a logical next step. It allows us to interact with a different endpoint related to pets and potentially add a new pet.
2026-01-19T02:41:57.8940558Z     ➕ Injected AI step: click -> POST /pet Add a new pet to the store
2026-01-19T02:41:57.8941603Z   ▶️ [STEP step_3_ai_5] CLICK: POST /pet Add a new pet to the store
2026-01-19T02:41:57.9010906Z     🎯 Using AI-provided locator: button[title='POST /pet']
2026-01-19T02:41:57.9034364Z     🔍 Mining locators for: 'POST /pet Add a new pet to the store'
2026-01-19T02:41:58.0686457Z     ✅ Found 1 verified locators
2026-01-19T02:42:01.6679310Z     ✅ State transitioned.
2026-01-19T02:42:06.5282435Z [DEBUG] Sending request to gemini-2.0-flash. Number of parts: 2
2026-01-19T02:42:06.5283141Z [DEBUG] Received response (Length: 336)
2026-01-19T02:42:06.5284070Z     🤖 AI Next Step Suggestion: click -> PUT /pet Update an existing pet
2026-01-19T02:42:06.5284901Z     🧩 Suggested Locator: div:nth-child(1) > div.opblock-summary.opblock-summary-put
2026-01-19T02:42:06.5285936Z     💭 Reasoning: To continue exploring the Swagger UI interactions, I will now test the 'Update an existing pet' endpoint. This will help understand the different functionalities available.
2026-01-19T02:42:06.5286802Z     ➕ Injected AI step: click -> PUT /pet Update an existing pet
2026-01-19T02:42:06.5287250Z   ▶️ [STEP step_3_ai_6] CLICK: PUT /pet Update an existing pet
2026-01-19T02:42:06.5349362Z     🎯 Using AI-provided locator: div:nth-child(1) > div.opblock-summary.opblock-summary-put
2026-01-19T02:42:06.5420469Z     ✅ Found 1 verified locators
2026-01-19T02:42:10.6369764Z     ✅ State transitioned.
2026-01-19T02:42:12.4648349Z [DEBUG] Sending request to gemini-2.0-flash. Number of parts: 2
2026-01-19T02:42:12.4649121Z [DEBUG] Received response (Length: 285)
2026-01-19T02:42:12.4650238Z     🤖 AI Next Step Suggestion: click -> POST /pet/{petId} Updates a pet in the store with form data
2026-01-19T02:42:12.4651193Z     🧩 Suggested Locator: button
2026-01-19T02:42:12.4652890Z     💭 Reasoning: To explore the 'Updates a pet in the store with form data' endpoint, I need to click on it to expand the section and view the request parameters.
2026-01-19T02:42:12.4654538Z     ➕ Injected AI step: click -> POST /pet/{petId} Updates a pet in the store with form data
2026-01-19T02:42:12.4655737Z   ▶️ [STEP step_3_ai_7] CLICK: POST /pet/{petId} Updates a pet in the store with form data
2026-01-19T02:42:12.4716520Z     🎯 Using AI-provided locator: button
2026-01-19T02:42:12.4737690Z     🔍 Mining locators for: 'POST /pet/{petId} Updates a pet in the store with form data'
2026-01-19T02:42:12.6445096Z     ✅ Found 1 verified locators
2026-01-19T02:42:16.2444556Z     ✅ State transitioned.
2026-01-19T02:42:18.2515045Z [DEBUG] Sending request to gemini-2.0-flash. Number of parts: 2
2026-01-19T02:42:18.2516023Z [DEBUG] Received response (Length: 220)
2026-01-19T02:42:18.2517010Z     🤖 AI Next Step Suggestion: click -> DELETE /pet/{petId} Deletes a pet
2026-01-19T02:42:18.2518106Z     🧩 Suggested Locator: button[title='deletePet']
2026-01-19T02:42:18.2519155Z     💭 Reasoning: To continue exploring the pet operations, I will now test the delete pet functionality.
2026-01-19T02:42:18.2520183Z     ➕ Injected AI step: click -> DELETE /pet/{petId} Deletes a pet
2026-01-19T02:42:18.2520803Z   ▶️ [STEP step_3_ai_8] CLICK: DELETE /pet/{petId} Deletes a pet
2026-01-19T02:42:18.2580145Z     🎯 Using AI-provided locator: button[title='deletePet']
2026-01-19T02:42:18.2600320Z     🔍 Mining locators for: 'DELETE /pet/{petId} Deletes a pet'
2026-01-19T02:42:18.3857444Z     ✅ Found 1 verified locators
2026-01-19T02:42:21.9883347Z     ✅ State transitioned.
2026-01-19T02:42:23.9235383Z [DEBUG] Sending request to gemini-2.0-flash. Number of parts: 2
2026-01-19T02:42:23.9236163Z [DEBUG] Received response (Length: 263)
2026-01-19T02:42:23.9237195Z     🤖 AI Next Step Suggestion: click -> GET /pet/findByStatus Finds Pets by status
2026-01-19T02:42:23.9238100Z     🧩 Suggested Locator: button
2026-01-19T02:42:23.9239623Z     💭 Reasoning: To continue exploring the pet operations, I will click on 'GET /pet/findByStatus Finds Pets by status' to see the details of this operation.
2026-01-19T02:42:23.9241266Z     ➕ Injected AI step: click -> GET /pet/findByStatus Finds Pets by status
2026-01-19T02:42:23.9242484Z   ▶️ [STEP step_3_ai_9] CLICK: GET /pet/findByStatus Finds Pets by status
2026-01-19T02:42:23.9303767Z     🎯 Using AI-provided locator: button
2026-01-19T02:42:23.9323938Z     🔍 Mining locators for: 'GET /pet/findByStatus Finds Pets by status'
2026-01-19T02:42:24.1041694Z     ✅ Found 1 verified locators
2026-01-19T02:42:27.7003305Z     ✅ State transitioned.
2026-01-19T02:42:30.1317413Z [DEBUG] Sending request to gemini-2.0-flash. Number of parts: 2
2026-01-19T02:42:30.1318359Z [DEBUG] Received response (Length: 313)
2026-01-19T02:42:30.1319621Z     🤖 AI Next Step Suggestion: click -> GET /pet/findByTags Finds Pets by tags
2026-01-19T02:42:30.1320831Z     🧩 Suggested Locator: button[title='GET /pet/findByTags']
2026-01-19T02:42:30.1323344Z     💭 Reasoning: The goal is to test Swagger UI interactions. Since we have interacted with findByStatus, we should now interact with findByTags to explore different functionalities.
2026-01-19T02:42:30.1325492Z     ➕ Injected AI step: click -> GET /pet/findByTags Finds Pets by tags
2026-01-19T02:42:30.1326741Z   ▶️ [STEP step_3_ai_10] CLICK: GET /pet/findByTags Finds Pets by tags
2026-01-19T02:42:30.1387175Z     🎯 Using AI-provided locator: button[title='GET /pet/findByTags']
2026-01-19T02:42:30.1407965Z     🔍 Mining locators for: 'GET /pet/findByTags Finds Pets by tags'
2026-01-19T02:42:30.2488992Z     ✅ Found 1 verified locators
2026-01-19T02:42:33.8501539Z     ✅ State transitioned.
2026-01-19T02:42:36.3922069Z [DEBUG] Sending request to gemini-2.0-flash. Number of parts: 2
2026-01-19T02:42:36.3922903Z [DEBUG] Received response (Length: 285)
2026-01-19T02:42:36.3923762Z     🤖 AI Next Step Suggestion: click -> GET /store/inventory Returns pet inventories by status
2026-01-19T02:42:36.3924396Z     🧩 Suggested Locator: button:nth-of-type(1)
2026-01-19T02:42:36.3925242Z     💭 Reasoning: Exploring the 'store' section to test Swagger UI interactions. Clicking on 'GET /store/inventory' to see the pet inventories by status.
2026-01-19T02:42:36.3926036Z     ➕ Injected AI step: click -> GET /store/inventory Returns pet inventories by status
2026-01-19T02:42:36.3926611Z   ▶️ [STEP step_3_ai_11] CLICK: GET /store/inventory Returns pet inventories by status
2026-01-19T02:42:36.3991850Z     🎯 Using AI-provided locator: button:nth-of-type(1)
2026-01-19T02:42:36.4014839Z     🔍 Mining locators for: 'GET /store/inventory Returns pet inventories by status'
2026-01-19T02:42:36.5257630Z     ✅ Found 1 verified locators
2026-01-19T02:42:40.1172813Z     ✅ State transitioned.
2026-01-19T02:42:41.7544036Z [DEBUG] Sending request to gemini-2.0-flash. Number of parts: 2
2026-01-19T02:42:41.7544766Z [DEBUG] Received response (Length: 336)
2026-01-19T02:42:41.7546226Z     🤖 AI Next Step Suggestion: click -> POST /store/order Place an order for a pet
2026-01-19T02:42:41.7547430Z     🧩 Suggested Locator: button[aria-label='post /store/order']
2026-01-19T02:42:41.7549660Z     💭 Reasoning: To test Swagger UI interactions, I should explore the different API endpoints. Clicking on 'POST /store/order Place an order for a pet' will allow me to interact with that endpoint.
2026-01-19T02:42:41.7553262Z     ➕ Injected AI step: click -> POST /store/order Place an order for a pet
2026-01-19T02:42:41.7554002Z   ▶️ [STEP step_3_ai_12] CLICK: POST /store/order Place an order for a pet
2026-01-19T02:42:41.7613531Z     🎯 Using AI-provided locator: button[aria-label='post /store/order']
2026-01-19T02:42:41.7636261Z     🔍 Mining locators for: 'POST /store/order Place an order for a pet'
2026-01-19T02:42:41.9003230Z     ✅ Found 1 verified locators
2026-01-19T02:42:45.4949180Z     ✅ State transitioned.
2026-01-19T02:42:47.1407893Z [DEBUG] Sending request to gemini-2.0-flash. Number of parts: 2
2026-01-19T02:42:47.1408491Z [DEBUG] Received response (Length: 331)
2026-01-19T02:42:47.1409334Z     🤖 AI Next Step Suggestion: click -> GET /store/order/{orderId} Find purchase order by ID
2026-01-19T02:42:47.1409982Z     🧩 Suggested Locator: button[title='GET /store/order/{orderId} Find purchase order by ID']
2026-01-19T02:42:47.1410833Z     💭 Reasoning: To explore the 'Find purchase order by ID' endpoint in the Swagger UI, I need to click on it to expand the details and interact with it.
2026-01-19T02:42:47.1411902Z     ➕ Injected AI step: click -> GET /store/order/{orderId} Find purchase order by ID
2026-01-19T02:42:47.1412468Z   ▶️ [STEP step_3_ai_13] CLICK: GET /store/order/{orderId} Find purchase order by ID
2026-01-19T02:42:47.1471275Z     🎯 Using AI-provided locator: button[title='GET /store/order/{orderId} Find purchase order by ID']
2026-01-19T02:42:47.1491546Z     🔍 Mining locators for: 'GET /store/order/{orderId} Find purchase order by ID'
2026-01-19T02:42:47.2623501Z     ✅ Found 1 verified locators
2026-01-19T02:42:50.8629664Z     ✅ State transitioned.
2026-01-19T02:42:52.5335581Z [DEBUG] Sending request to gemini-2.0-flash. Number of parts: 2
2026-01-19T02:42:52.5336222Z [DEBUG] Received response (Length: 339)
2026-01-19T02:42:52.5337603Z     🤖 AI Next Step Suggestion: click -> DELETE /store/order/{orderId} Delete purchase order by ID
2026-01-19T02:42:52.5338737Z     🧩 Suggested Locator: button[title='deleteOrder']
2026-01-19T02:42:52.5340752Z     💭 Reasoning: The current page is related to store orders, and the goal is to test Swagger UI interactions. Clicking on the DELETE operation for orders is a logical next step to explore the API.
2026-01-19T02:42:52.5342492Z     ➕ Injected AI step: click -> DELETE /store/order/{orderId} Delete purchase order by ID
2026-01-19T02:42:52.5343291Z   ▶️ [STEP step_3_ai_14] CLICK: DELETE /store/order/{orderId} Delete purchase order by ID
2026-01-19T02:42:52.5401988Z     🎯 Using AI-provided locator: button[title='deleteOrder']
2026-01-19T02:42:52.5422508Z     🔍 Mining locators for: 'DELETE /store/order/{orderId} Delete purchase order by ID'
2026-01-19T02:42:52.6591973Z     ✅ Found 1 verified locators
2026-01-19T02:42:56.2435160Z     ✅ State transitioned.
2026-01-19T02:42:58.0732144Z [DEBUG] Sending request to gemini-2.0-flash. Number of parts: 2
2026-01-19T02:42:58.0732816Z [DEBUG] Received response (Length: 248)
2026-01-19T02:42:58.0733603Z     🤖 AI Next Step Suggestion: done -> N/A
2026-01-19T02:42:58.0735393Z     💭 Reasoning: The current page shows errors and the goal is to test Swagger UI interactions. The recent actions have been focused on store orders. There are no clear next steps to progress towards the goal from this page.
2026-01-19T02:42:58.0736398Z   ▶️ [STEP step_4] FILL: petId
2026-01-19T02:42:58.0795278Z     🔍 Mining locators for: 'petId'
2026-01-19T02:42:58.1513476Z     🧠 Consulting AI (Vision-First) to find 'petId'...
2026-01-19T02:42:58.1514235Z     🔍 Trying smart selectors for 'petId'...
2026-01-19T02:42:58.1766634Z     ⚠️ Smart selectors failed (no unique match). Falling back to AI Vision...
2026-01-19T02:42:58.1769407Z     ⚠️ Critical step failure: name 'time' is not defined
2026-01-19T02:42:58.1770033Z   ▶️ [STEP step_5] CLICK: Try it out
2026-01-19T02:42:58.1824195Z     🔍 Mining locators for: 'Try it out'
2026-01-19T02:42:58.2501153Z     🧠 Consulting AI (Vision-First) to find 'Try it out'...
2026-01-19T02:42:58.2501935Z     🔍 Trying smart selectors for 'Try it out'...
2026-01-19T02:42:58.2745255Z     ⚠️ Smart selectors failed (no unique match). Falling back to AI Vision...
2026-01-19T02:42:58.2746178Z     ⚠️ Critical step failure: name 'time' is not defined
2026-01-19T02:42:58.2746815Z   ▶️ [STEP step_6] CLICK: Execute
2026-01-19T02:42:58.2806660Z     🔍 Mining locators for: 'Execute'
2026-01-19T02:42:58.3508930Z     🧠 Consulting AI (Vision-First) to find 'Execute'...
2026-01-19T02:42:58.3509692Z     🔍 Trying smart selectors for 'Execute'...
2026-01-19T02:42:58.3752504Z     ⚠️ Smart selectors failed (no unique match). Falling back to AI Vision...
2026-01-19T02:42:58.3753466Z     ⚠️ Critical step failure: name 'time' is not defined
2026-01-19T02:42:58.3754173Z   ▶️ [STEP step_7] ASSERT_VISIBLE: Server response
2026-01-19T02:42:58.3808356Z     🔍 Mining locators for: 'Server response'
2026-01-19T02:42:58.4508743Z     🧠 Consulting AI (Vision-First) to find 'Server response'...
2026-01-19T02:42:58.4509272Z     🔍 Trying smart selectors for 'Server response'...
2026-01-19T02:42:58.4769275Z     ⚠️ Smart selectors failed (no unique match). Falling back to AI Vision...
2026-01-19T02:42:58.4769827Z     ⚠️ Critical step failure: name 'time' is not defined
2026-01-19T02:43:00.5112537Z 🗂️  All generated tests written to /home/runner/work/build_qa_automation/build_qa_automation/projects/ci_petstore_swagger/tests/generated_scenarios.json
2026-01-19T02:43:00.5125446Z 🔄 Updated workflow.json with discovered steps and locators.
2026-01-19T02:43:00.5125795Z 
2026-01-19T02:43:00.5125948Z ✅ Deep Exploration Complete.
2026-01-19T02:45:41.0377095Z 
2026-01-19T02:45:41.0385847Z 🚀 [EXECUTE] Starting Automation Execution Engine
2026-01-19T02:45:41.0386987Z 📍 Project: ci_petstore_swagger
2026-01-19T02:45:41.0387561Z 🎬 Mode: Headless
2026-01-19T02:45:41.0387860Z 
2026-01-19T02:45:41.0388191Z --- Scenario: Explore Petstore API Documentation ---
2026-01-19T02:45:41.0390176Z   ▶️ [STEP step_1] NAVIGATE: Step step_1
2026-01-19T02:45:41.0390729Z     ✅ Step step_1 Passed.
2026-01-19T02:45:41.0391278Z   ▶️ [STEP step_2] ASSERT_VISIBLE: Swagger Petstore
2026-01-19T02:45:41.0392215Z     🎯 Using mined locator: text=Swagger Petstore 1.0.7 OAS 2.0
2026-01-19T02:45:41.0392857Z     ✅ Step step_2 Passed.
2026-01-19T02:45:41.0393359Z   ▶️ [STEP step_2_ai_1] CLICK: Find out more
2026-01-19T02:45:41.0393968Z     🎯 Using mined locator: #operations-tag-pet
2026-01-19T02:45:41.0394565Z     ✅ Step step_2_ai_1 Passed.
2026-01-19T02:45:41.0395069Z   ▶️ [STEP step_2_ai_2] CLICK: Explore
2026-01-19T02:45:41.0395689Z     🎯 Using mined locator: role=button[name='Explore']
2026-01-19T02:45:41.0396297Z     ✅ Step step_2_ai_2 Passed.
2026-01-19T02:45:41.0396824Z   ▶️ [STEP step_2_ai_3] CLICK: ALLOW ALL COOKIES
2026-01-19T02:45:41.0397343Z     🎯 Using mined locator: button
2026-01-19T02:45:41.0397801Z     ✅ Step step_2_ai_3 Passed.
2026-01-19T02:45:41.0398112Z   ▶️ [STEP step_3] ASSERT_VISIBLE: openapi: 3.0.0
2026-01-19T02:45:41.0398546Z     ❌ Attempt 1 failed (element_not_found): Locator expected to be visible
2026-01-19T02:45:41.0398895Z Actual value: None
2026-01-19T02:45:41.0399097Z Error: element(s) not found 
2026-01-19T02:45:41.0399308Z Call log:
2026-01-19T02:45:41.0399475Z   - Expect ...
2026-01-19T02:45:41.0399787Z     🔧 [AUTO-HEAL] Re-mining page to find 'openapi: 3.0.0'...
2026-01-19T02:45:41.0400177Z [DEBUG] Sending request to gemini-2.0-flash. Number of parts: 2
2026-01-19T02:45:41.0400832Z [DEBUG] Received response (Length: 453)
2026-01-19T02:45:41.0401205Z     ✨ AI successfully healed the step! Found 2 alternatives.
2026-01-19T02:45:41.0402257Z     ✨ AI successfully healed the step! New selector: div[role='dialog']
2026-01-19T02:45:41.0402803Z     ❌ Attempt 2 failed (element_not_found): Locator expected to be visible
2026-01-19T02:45:41.0403148Z Actual value: hidden 
2026-01-19T02:45:41.0403337Z Call log:
2026-01-19T02:45:41.0403520Z   - Expect "to_be_visible" with timeo...
2026-01-19T02:45:41.0403882Z     🔧 [AUTO-HEAL] Re-mining page to find 'openapi: 3.0.0'...
2026-01-19T02:45:41.0404257Z [DEBUG] Sending request to gemini-2.0-flash. Number of parts: 2
2026-01-19T02:45:41.0404596Z [DEBUG] Received response (Length: 549)
2026-01-19T02:45:41.0404941Z     ✨ AI successfully healed the step! Found 2 alternatives.
2026-01-19T02:45:41.0405528Z     ✨ AI successfully healed the step! New selector: div[class='sc-iAyFgw dYgPd']
2026-01-19T02:45:41.0406397Z     ❌ Attempt 3 failed (element_not_found): Locator expected to be visible
2026-01-19T02:45:41.0407009Z Actual value: None
2026-01-19T02:45:41.0407345Z Error: element(s) not found 
2026-01-19T02:45:41.0407694Z Call log:
2026-01-19T02:45:41.0407982Z   - Expect ...
2026-01-19T02:45:41.0408395Z     💀 Step step_3 failed after all retries.
2026-01-19T02:45:41.0409154Z 🛑 Scenario 'Explore Petstore API Documentation' aborted due to step failure.
2026-01-19T02:45:41.0409671Z 
2026-01-19T02:45:41.0409892Z --- Scenario: Expand and Explore the Pet Endpoint ---
2026-01-19T02:45:41.0410487Z   ▶️ [STEP step_1] NAVIGATE: Step step_1
2026-01-19T02:45:41.0410972Z     ✅ Step step_1 Passed.
2026-01-19T02:45:41.0411553Z   ▶️ [STEP step_2] CLICK: pet
2026-01-19T02:45:41.0412301Z     🎯 Using mined locator: role=button[name='POST /pet/{petId}/uploadImage uploads an image']
2026-01-19T02:45:41.0413073Z     ✅ Step step_2 Passed.
2026-01-19T02:45:41.0413530Z   ▶️ [STEP step_3] ASSERT_VISIBLE: POST /pet
2026-01-19T02:45:41.0414294Z     🎯 Using mined locator: role=button[name='POST /pet Add a new pet to the store']
2026-01-19T02:45:41.0415015Z     ✅ Step step_3 Passed.
2026-01-19T02:45:41.0415579Z   ▶️ [STEP step_3_ai_1] CLICK: POST /pet Add a new pet to the store
2026-01-19T02:45:41.0416217Z     🎯 Using mined locator: button
2026-01-19T02:45:41.0416681Z     ✅ Step step_3_ai_1 Passed.
2026-01-19T02:45:41.0417170Z   ▶️ [STEP step_3_ai_2] CLICK: ALLOW ALL COOKIES
2026-01-19T02:45:41.0417821Z     🎯 Using mined locator: button:has-text('ALLOW ALL COOKIES')
2026-01-19T02:45:41.0418752Z     ❌ Attempt 1 failed (element_not_found): Locator.click: Timeout 10000ms exceeded.
2026-01-19T02:45:41.0419392Z Call log:
2026-01-19T02:45:41.0419754Z   - waiting for locator("button:has-text('ALLOW A...
2026-01-19T02:45:41.0420439Z     🔧 [AUTO-HEAL] Re-mining page to find 'ALLOW ALL COOKIES'...
2026-01-19T02:45:41.0421104Z [DEBUG] Sending request to gemini-2.0-flash. Number of parts: 2
2026-01-19T02:45:41.0421911Z [DEBUG] Received response (Length: 611)
2026-01-19T02:45:41.0422569Z     ✨ AI successfully healed the step! Found 2 alternatives.
2026-01-19T02:45:41.0423567Z     ✨ AI successfully healed the step! New selector: button:has-text('ALLOW ALL COOKIES')
2026-01-19T02:45:41.0424624Z     ❌ Attempt 2 failed (element_not_found): Locator.click: Timeout 10000ms exceeded.
2026-01-19T02:45:41.0425243Z Call log:
2026-01-19T02:45:41.0425594Z   - waiting for locator("button:has-text('ALLOW A...
2026-01-19T02:45:41.0426251Z     🔧 [AUTO-HEAL] Re-mining page to find 'ALLOW ALL COOKIES'...
2026-01-19T02:45:41.0426868Z [DEBUG] Sending request to gemini-2.0-flash. Number of parts: 2
2026-01-19T02:45:41.0427398Z [DEBUG] Received response (Length: 1076)
2026-01-19T02:45:41.0427994Z     ✨ AI successfully healed the step! Found 3 alternatives.
2026-01-19T02:45:41.0429350Z     ✨ AI successfully healed the step! New selector: body > div.sc-iAyFgw.dYgiet > div > div > div > div.sc-jTzLtm.hqaXwH > div.sc-kgAjT.fEaFvd > button.sc-eCImvq.hKzRnL
2026-01-19T02:45:41.0430778Z     ❌ Attempt 3 failed (element_not_found): Locator.bounding_box: Timeout 30000ms exceeded.
2026-01-19T02:45:41.0431867Z Call log:
2026-01-19T02:45:41.0432184Z   - waiting for locator("body > div.sc-iAy...
2026-01-19T02:45:41.0432941Z     💀 Step step_3_ai_2 failed after all retries.
2026-01-19T02:45:41.0433709Z 🛑 Scenario 'Expand and Explore the Pet Endpoint' aborted due to step failure.
2026-01-19T02:45:41.0434286Z 
2026-01-19T02:45:41.0434488Z --- Scenario: Expand and Execute a GET Operation ---
2026-01-19T02:45:41.0435038Z   ▶️ [STEP step_1] NAVIGATE: Step step_1
2026-01-19T02:45:41.0435487Z     ✅ Step step_1 Passed.
2026-01-19T02:45:41.0435896Z   ▶️ [STEP step_2] CLICK: pet
2026-01-19T02:45:41.0436626Z     🎯 Using mined locator: role=button[name='POST /pet/{petId}/uploadImage uploads an image']
2026-01-19T02:45:41.0437366Z     ✅ Step step_2 Passed.
2026-01-19T02:45:41.0437797Z   ▶️ [STEP step_3] CLICK: GET /pet/{petId}
2026-01-19T02:45:41.0438480Z     🎯 Using mined locator: role=button[name='GET /pet/{petId} Find pet by ID']
2026-01-19T02:45:41.0439129Z     ✅ Step step_3 Passed.
2026-01-19T02:45:41.0439790Z   ▶️ [STEP step_3_ai_1] CLICK: POST /pet/{petId} Updates a pet in the store with form data
2026-01-19T02:45:41.0440558Z     🎯 Using mined locator: button:nth-of-type(1)
2026-01-19T02:45:41.0441061Z     ✅ Step step_3_ai_1 Passed.
2026-01-19T02:45:41.0441949Z   ▶️ [STEP step_3_ai_2] DELETE /PET/{PETID} DELETES A PET: DELETE /pet/{petId} Deletes a pet
2026-01-19T02:45:41.0442907Z     🎯 Using mined locator: role=button[name='DELETE /pet/{petId} Deletes a pet']
2026-01-19T02:45:41.0443577Z     ✅ Step step_3_ai_2 Passed.
2026-01-19T02:45:41.0444187Z   ▶️ [STEP step_3_ai_3] CLICK: GET /pet/findByStatus Finds Pets by status
2026-01-19T02:45:41.0445106Z     🎯 Using mined locator: role=button[name='GET /pet/findByStatus Finds Pets by status']
2026-01-19T02:45:41.0445850Z     ✅ Step step_3_ai_3 Passed.
2026-01-19T02:45:41.0446457Z   ▶️ [STEP step_3_ai_4] CLICK: GET /pet/findByTags Finds Pets by tags
2026-01-19T02:45:41.0447371Z     🎯 Using mined locator: role=button[name='GET /pet/findByTags Finds Pets by tags']
2026-01-19T02:45:41.0448087Z     ✅ Step step_3_ai_4 Passed.
2026-01-19T02:45:41.0448678Z   ▶️ [STEP step_3_ai_5] CLICK: POST /pet Add a new pet to the store
2026-01-19T02:45:41.0449525Z     🎯 Using mined locator: role=button[name='POST /pet Add a new pet to the store']
2026-01-19T02:45:41.0450227Z     ✅ Step step_3_ai_5 Passed.
2026-01-19T02:45:41.0450782Z   ▶️ [STEP step_3_ai_6] CLICK: PUT /pet Update an existing pet
2026-01-19T02:45:41.0451840Z     🎯 Using mined locator: div:nth-child(1) > div.opblock-summary.opblock-summary-put
2026-01-19T02:45:41.0452579Z     ✅ Step step_3_ai_6 Passed.
2026-01-19T02:45:41.0453300Z   ▶️ [STEP step_3_ai_7] CLICK: POST /pet/{petId} Updates a pet in the store with form data
2026-01-19T02:45:41.0454446Z     🎯 Using mined locator: role=button[name='POST /pet/{petId} Updates a pet in the store with form data']
2026-01-19T02:45:41.0455264Z     ✅ Step step_3_ai_7 Passed.
2026-01-19T02:45:41.0455826Z   ▶️ [STEP step_3_ai_8] CLICK: DELETE /pet/{petId} Deletes a pet
2026-01-19T02:45:41.0456662Z     🎯 Using mined locator: role=button[name='DELETE /pet/{petId} Deletes a pet']
2026-01-19T02:45:41.0457534Z     ✅ Step step_3_ai_8 Passed.
2026-01-19T02:45:41.0458188Z   ▶️ [STEP step_3_ai_9] CLICK: GET /pet/findByStatus Finds Pets by status
2026-01-19T02:45:41.0459137Z     🎯 Using mined locator: role=button[name='GET /pet/findByStatus Finds Pets by status']
2026-01-19T02:45:41.0459883Z     ✅ Step step_3_ai_9 Passed.
2026-01-19T02:45:41.0460493Z   ▶️ [STEP step_3_ai_10] CLICK: GET /pet/findByTags Finds Pets by tags
2026-01-19T02:45:41.0461569Z     🎯 Using mined locator: role=button[name='GET /pet/findByTags Finds Pets by tags']
2026-01-19T02:45:41.0462314Z     ✅ Step step_3_ai_10 Passed.
2026-01-19T02:45:41.0462998Z   ▶️ [STEP step_3_ai_11] CLICK: GET /store/inventory Returns pet inventories by status
2026-01-19T02:45:41.0464111Z     🎯 Using mined locator: role=button[name='GET /store/inventory Returns pet inventories by status']
2026-01-19T02:45:41.0465132Z     ✅ Step step_3_ai_11 Passed.
2026-01-19T02:45:41.0465764Z   ▶️ [STEP step_3_ai_12] CLICK: POST /store/order Place an order for a pet
2026-01-19T02:45:41.0466727Z     🎯 Using mined locator: role=button[name='POST /store/order Place an order for a pet']
2026-01-19T02:45:41.0467466Z     ✅ Step step_3_ai_12 Passed.
2026-01-19T02:45:41.0468141Z   ▶️ [STEP step_3_ai_13] CLICK: GET /store/order/{orderId} Find purchase order by ID
2026-01-19T02:45:41.0469177Z     🎯 Using mined locator: role=button[name='GET /store/order/{orderId} Find purchase order by ID']
2026-01-19T02:45:41.0469979Z     ✅ Step step_3_ai_13 Passed.
2026-01-19T02:45:41.0470698Z   ▶️ [STEP step_3_ai_14] CLICK: DELETE /store/order/{orderId} Delete purchase order by ID
2026-01-19T02:45:41.0478332Z     🎯 Using mined locator: role=button[name='DELETE /store/order/{orderId} Delete purchase order by ID']
2026-01-19T02:45:41.0479167Z     ✅ Step step_3_ai_14 Passed.
2026-01-19T02:45:41.0479611Z   ▶️ [STEP step_4] FILL: petId
2026-01-19T02:45:41.0480034Z     ✅ Step step_4 Passed.
2026-01-19T02:45:41.0480441Z   ▶️ [STEP step_5] CLICK: Try it out
2026-01-19T02:45:41.0480883Z     ✅ Step step_5 Passed.
2026-01-19T02:45:41.0481458Z   ▶️ [STEP step_6] CLICK: Execute
2026-01-19T02:45:41.0481910Z     ✅ Step step_6 Passed.
2026-01-19T02:45:41.0482371Z   ▶️ [STEP step_7] ASSERT_VISIBLE: Server response
2026-01-19T02:45:41.0482869Z     ✅ Step step_7 Passed.
2026-01-19T02:45:41.0483504Z ✅ Scenario 'Expand and Execute a GET Operation' completed successfully!
2026-01-19T02:45:41.0483983Z 
2026-01-19T02:45:41.0484150Z ============================================================
2026-01-19T02:45:41.0484628Z 🎯 EXECUTION SUMMARY
2026-01-19T02:45:41.0484991Z ============================================================
2026-01-19T02:45:41.0485319Z 
2026-01-19T02:45:41.0485494Z 📋 Scenario Overview:
2026-01-19T02:45:41.0485899Z    • Total Scenarios Planned: 3
2026-01-19T02:45:41.0486332Z    • Scenarios Executed: 3
2026-01-19T02:45:41.0486779Z    • Total Steps Executed: 32
2026-01-19T02:45:41.0487033Z 
2026-01-19T02:45:41.0487182Z ✅ Results:
2026-01-19T02:45:41.0487515Z    ✅ Passed: 1 (33%)
2026-01-19T02:45:41.0487870Z    ❌ Failed: 2 (66%)
2026-01-19T02:45:41.0488078Z 
2026-01-19T02:45:41.0488244Z ⚠️  Failed Scenarios:
2026-01-19T02:45:41.0488659Z    • Explore Petstore API Documentation
2026-01-19T02:45:41.0489177Z    • Expand and Explore the Pet Endpoint
2026-01-19T02:45:41.0489476Z 
2026-01-19T02:45:41.0517659Z ============================================================
2026-01-19T02:45:41.0518042Z 
2026-01-19T02:45:41.0518956Z 🏁 Execution Finished. Report: /home/runner/work/build_qa_automation/build_qa_automation/projects/ci_petstore_swagger/execution.json
2026-01-19T02:45:41.1889962Z 
2026-01-19T02:45:41.1890377Z [PHASE] Running Phase: DISCOVERY
2026-01-19T02:45:41.1891972Z    Command: /opt/hostedtoolcache/Python/3.11.14/x64/bin/python /home/runner/work/build_qa_automation/build_qa_automation/core/agents/discovery.py --project /home/runner/work/build_qa_automation/build_qa_automation/projects/ci_petstore_swagger --url https://petstore.swagger.io/ --deep
2026-01-19T02:45:41.1893395Z ✅ Phase 'discovery' completed successfully.
2026-01-19T02:45:41.1893857Z 
2026-01-19T02:45:41.1893965Z [PHASE] Running Phase: PLANNING
2026-01-19T02:45:41.1895167Z    Command: /opt/hostedtoolcache/Python/3.11.14/x64/bin/python /home/runner/work/build_qa_automation/build_qa_automation/core/agents/planner.py --project /home/runner/work/build_qa_automation/build_qa_automation/projects/ci_petstore_swagger --goal Test Swagger UI interactions --url https://petstore.swagger.io/ --deep
2026-01-19T02:45:41.1896427Z ✅ Phase 'planning' completed successfully.
2026-01-19T02:45:41.1896621Z 
2026-01-19T02:45:41.1896713Z [PHASE] Running Phase: EXPLORATION
2026-01-19T02:45:41.1897625Z    Command: /opt/hostedtoolcache/Python/3.11.14/x64/bin/python /home/runner/work/build_qa_automation/build_qa_automation/core/agents/deep_explorer.py --project /home/runner/work/build_qa_automation/build_qa_automation/projects/ci_petstore_swagger
2026-01-19T02:45:41.1898793Z ✅ Phase 'exploration' completed successfully.
2026-01-19T02:45:41.1899159Z 📊 Exploration Discovery Success Rate: 76.3%
2026-01-19T02:45:41.1899357Z 
2026-01-19T02:45:41.1899449Z [PHASE] Running Phase: EXECUTION
2026-01-19T02:45:41.1900352Z    Command: /opt/hostedtoolcache/Python/3.11.14/x64/bin/python /home/runner/work/build_qa_automation/build_qa_automation/core/agents/executor.py --project /home/runner/work/build_qa_automation/build_qa_automation/projects/ci_petstore_swagger
2026-01-19T02:45:41.1901621Z ✅ Phase 'execution' completed successfully.
2026-01-19T02:45:41.1901855Z 
2026-01-19T02:45:41.1901964Z [DONE] Pipeline Execution Finished! [DONE]
2026-01-19T02:45:41.3060223Z ##[group]Run RESULT_FILE="projects/ci_petstore_swagger/execution.json"
2026-01-19T02:45:41.3060738Z [36;1mRESULT_FILE="projects/ci_petstore_swagger/execution.json"[0m
2026-01-19T02:45:41.3061096Z [36;1mif [ -f "$RESULT_FILE" ]; then[0m
2026-01-19T02:45:41.3061617Z [36;1m  echo "✅ Results generated successfully: $RESULT_FILE"[0m
2026-01-19T02:45:41.3062067Z [36;1m  cat "$RESULT_FILE" | jq '.scenarios | length' || echo "Result file exists"[0m
2026-01-19T02:45:41.3062429Z [36;1melse[0m
2026-01-19T02:45:41.3062659Z [36;1m  echo "❌ No result file found at $RESULT_FILE"[0m
2026-01-19T02:45:41.3062936Z [36;1m  exit 1[0m
2026-01-19T02:45:41.3063112Z [36;1mfi[0m
2026-01-19T02:45:41.3095034Z shell: /usr/bin/bash -e {0}
2026-01-19T02:45:41.3095264Z env:
2026-01-19T02:45:41.3095516Z   pythonLocation: /opt/hostedtoolcache/Python/3.11.14/x64
2026-01-19T02:45:41.3095946Z   PKG_CONFIG_PATH: /opt/hostedtoolcache/Python/3.11.14/x64/lib/pkgconfig
2026-01-19T02:45:41.3096377Z   Python_ROOT_DIR: /opt/hostedtoolcache/Python/3.11.14/x64
2026-01-19T02:45:41.3096744Z   Python2_ROOT_DIR: /opt/hostedtoolcache/Python/3.11.14/x64
2026-01-19T02:45:41.3097102Z   Python3_ROOT_DIR: /opt/hostedtoolcache/Python/3.11.14/x64
2026-01-19T02:45:41.3097467Z   LD_LIBRARY_PATH: /opt/hostedtoolcache/Python/3.11.14/x64/lib
2026-01-19T02:45:41.3097789Z ##[endgroup]
2026-01-19T02:45:41.3149360Z ✅ Results generated successfully: projects/ci_petstore_swagger/execution.json
2026-01-19T02:45:41.3175331Z 3
2026-01-19T02:45:41.3237938Z ##[group]Run actions/upload-artifact@v4
2026-01-19T02:45:41.3238220Z with:
2026-01-19T02:45:41.3238425Z   name: petstore_swagger-execution-results
2026-01-19T02:45:41.3238877Z   path: projects/ci_petstore_swagger/execution.json
projects/ci_petstore_swagger/workflow.json

2026-01-19T02:45:41.3239329Z   retention-days: 30
2026-01-19T02:45:41.3239540Z   if-no-files-found: warn
2026-01-19T02:45:41.3239757Z   compression-level: 6
2026-01-19T02:45:41.3239951Z   overwrite: false
2026-01-19T02:45:41.3240145Z   include-hidden-files: false
2026-01-19T02:45:41.3240360Z env:
2026-01-19T02:45:41.3240593Z   pythonLocation: /opt/hostedtoolcache/Python/3.11.14/x64
2026-01-19T02:45:41.3240996Z   PKG_CONFIG_PATH: /opt/hostedtoolcache/Python/3.11.14/x64/lib/pkgconfig
2026-01-19T02:45:41.3241678Z   Python_ROOT_DIR: /opt/hostedtoolcache/Python/3.11.14/x64
2026-01-19T02:45:41.3242069Z   Python2_ROOT_DIR: /opt/hostedtoolcache/Python/3.11.14/x64
2026-01-19T02:45:41.3242453Z   Python3_ROOT_DIR: /opt/hostedtoolcache/Python/3.11.14/x64
2026-01-19T02:45:41.3242812Z   LD_LIBRARY_PATH: /opt/hostedtoolcache/Python/3.11.14/x64/lib
2026-01-19T02:45:41.3243112Z ##[endgroup]
2026-01-19T02:45:41.5369478Z Multiple search paths detected. Calculating the least common ancestor of all paths
2026-01-19T02:45:41.5374686Z The least common ancestor is /home/runner/work/build_qa_automation/build_qa_automation/projects/ci_petstore_swagger. This will be the root directory of the artifact
2026-01-19T02:45:41.5375715Z With the provided path, there will be 2 files uploaded
2026-01-19T02:45:41.5383477Z Artifact name is valid!
2026-01-19T02:45:41.5385029Z Root directory input is valid!
2026-01-19T02:45:41.6378248Z Beginning upload of artifact content to blob storage
2026-01-19T02:45:41.6851215Z Uploaded bytes 3279
2026-01-19T02:45:41.6989262Z Finished uploading artifact content to blob storage!
2026-01-19T02:45:41.6992790Z SHA256 digest of uploaded artifact zip is b0f9a2c99299809cd201df71588655b130ccc7fa45aae886e3af865cf442a46b
2026-01-19T02:45:41.6995533Z Finalizing artifact upload
2026-01-19T02:45:41.7778499Z Artifact petstore_swagger-execution-results.zip successfully finalized. Artifact ID 5171860073
2026-01-19T02:45:41.7779873Z Artifact petstore_swagger-execution-results has been successfully uploaded! Final size is 3279 bytes. Artifact ID is 5171860073
2026-01-19T02:45:41.7787857Z Artifact download URL: https://github.com/vishvasmca-cmd/build_qa_automation/actions/runs/21122730879/artifacts/5171860073
2026-01-19T02:45:41.7967079Z Post job cleanup.
2026-01-19T02:45:41.9499250Z Cache hit occurred on the primary key setup-python-Linux-x64-24.04-Ubuntu-python-3.11.14-pip-dde08d0e0b672972dcda9f1a063036a2e0c226f5d0a20362e9401931676d80a4, not saving cache.
2026-01-19T02:45:41.9609760Z Post job cleanup.
2026-01-19T02:45:42.0544737Z [command]/usr/bin/git version
2026-01-19T02:45:42.0584062Z git version 2.52.0
2026-01-19T02:45:42.0628643Z Temporarily overriding HOME='/home/runner/work/_temp/1ccb8bed-4876-47bf-9aeb-e9e969406bb1' before making global git config changes
2026-01-19T02:45:42.0630056Z Adding repository directory to the temporary git global config as a safe directory
2026-01-19T02:45:42.0635330Z [command]/usr/bin/git config --global --add safe.directory /home/runner/work/build_qa_automation/build_qa_automation
2026-01-19T02:45:42.0672102Z [command]/usr/bin/git config --local --name-only --get-regexp core\.sshCommand
2026-01-19T02:45:42.0707236Z [command]/usr/bin/git submodule foreach --recursive sh -c "git config --local --name-only --get-regexp 'core\.sshCommand' && git config --local --unset-all 'core.sshCommand' || :"
2026-01-19T02:45:42.0961557Z [command]/usr/bin/git config --local --name-only --get-regexp http\.https\:\/\/github\.com\/\.extraheader
2026-01-19T02:45:42.0985377Z http.https://github.com/.extraheader
2026-01-19T02:45:42.0997913Z [command]/usr/bin/git config --local --unset-all http.https://github.com/.extraheader
2026-01-19T02:45:42.1032234Z [command]/usr/bin/git submodule foreach --recursive sh -c "git config --local --name-only --get-regexp 'http\.https\:\/\/github\.com\/\.extraheader' && git config --local --unset-all 'http.https://github.com/.extraheader' || :"
2026-01-19T02:45:42.1280148Z [command]/usr/bin/git config --local --name-only --get-regexp ^includeIf\.gitdir:
2026-01-19T02:45:42.1315076Z [command]/usr/bin/git submodule foreach --recursive git config --local --show-origin --name-only --get-regexp remote.origin.url
2026-01-19T02:45:42.1667129Z Cleaning up orphan processes
