2026-01-23T04:14:47.7053497Z Current runner version: '2.331.0'
2026-01-23T04:14:47.7088154Z ##[group]Runner Image Provisioner
2026-01-23T04:14:47.7089859Z Hosted Compute Agent
2026-01-23T04:14:47.7090817Z Version: 20260115.477
2026-01-23T04:14:47.7091835Z Commit: 4b342d620503cbe250a3154040964899ea7c9b00
2026-01-23T04:14:47.7093146Z Build Date: 2026-01-15T22:32:41Z
2026-01-23T04:14:47.7094288Z Worker ID: {3507e13c-dea1-41f3-ac5b-c2d05a86fe4d}
2026-01-23T04:14:47.7095550Z Azure Region: eastus2
2026-01-23T04:14:47.7096560Z ##[endgroup]
2026-01-23T04:14:47.7099049Z ##[group]Operating System
2026-01-23T04:14:47.7100110Z Ubuntu
2026-01-23T04:14:47.7100856Z 24.04.3
2026-01-23T04:14:47.7101615Z LTS
2026-01-23T04:14:47.7102307Z ##[endgroup]
2026-01-23T04:14:47.7103424Z ##[group]Runner Image
2026-01-23T04:14:47.7104450Z Image: ubuntu-24.04
2026-01-23T04:14:47.7105468Z Version: 20260119.4.1
2026-01-23T04:14:47.7107708Z Included Software: https://github.com/actions/runner-images/blob/ubuntu24/20260119.4/images/ubuntu/Ubuntu2404-Readme.md
2026-01-23T04:14:47.7110495Z Image Release: https://github.com/actions/runner-images/releases/tag/ubuntu24%2F20260119.4
2026-01-23T04:14:47.7112124Z ##[endgroup]
2026-01-23T04:14:47.7114038Z ##[group]GITHUB_TOKEN Permissions
2026-01-23T04:14:47.7116601Z Contents: read
2026-01-23T04:14:47.7117637Z Metadata: read
2026-01-23T04:14:47.7118662Z Packages: read
2026-01-23T04:14:47.7119473Z ##[endgroup]
2026-01-23T04:14:47.7122959Z Secret source: Actions
2026-01-23T04:14:47.7124437Z Prepare workflow directory
2026-01-23T04:14:47.7601992Z Prepare all required actions
2026-01-23T04:14:47.7659165Z Getting action download info
2026-01-23T04:14:47.9845090Z Download action repository 'actions/checkout@v4' (SHA:34e114876b0b11c390a56381ad16ebd13914f8d5)
2026-01-23T04:14:48.1156442Z Download action repository 'actions/setup-python@v5' (SHA:a26af69be951a213d495a4c3e4e4022e16d87065)
2026-01-23T04:14:48.2363728Z Download action repository 'actions/upload-artifact@v4' (SHA:ea165f8d65b6e75b540449e92b4886f43607fa02)
2026-01-23T04:14:48.5053398Z Complete job name: test-websites-e2e (saucedemo_e2e, https://www.saucedemo.com/, Login as 'standard_user'/'secret_sa...
2026-01-23T04:14:48.5787786Z ##[group]Run actions/checkout@v4
2026-01-23T04:14:48.5788707Z with:
2026-01-23T04:14:48.5789177Z   repository: vishvasmca-cmd/build_qa_automation
2026-01-23T04:14:48.5789934Z   token: ***
2026-01-23T04:14:48.5790327Z   ssh-strict: true
2026-01-23T04:14:48.5790734Z   ssh-user: git
2026-01-23T04:14:48.5791153Z   persist-credentials: true
2026-01-23T04:14:48.5791616Z   clean: true
2026-01-23T04:14:48.5792037Z   sparse-checkout-cone-mode: true
2026-01-23T04:14:48.5792534Z   fetch-depth: 1
2026-01-23T04:14:48.5792933Z   fetch-tags: false
2026-01-23T04:14:48.5793373Z   show-progress: true
2026-01-23T04:14:48.5793781Z   lfs: false
2026-01-23T04:14:48.5794176Z   submodules: false
2026-01-23T04:14:48.5794596Z   set-safe-directory: true
2026-01-23T04:14:48.5795294Z ##[endgroup]
2026-01-23T04:14:48.6884711Z Syncing repository: vishvasmca-cmd/build_qa_automation
2026-01-23T04:14:48.6886765Z ##[group]Getting Git version info
2026-01-23T04:14:48.6887857Z Working directory is '/home/runner/work/build_qa_automation/build_qa_automation'
2026-01-23T04:14:48.6888932Z [command]/usr/bin/git version
2026-01-23T04:14:48.6980363Z git version 2.52.0
2026-01-23T04:14:48.7006717Z ##[endgroup]
2026-01-23T04:14:48.7021225Z Temporarily overriding HOME='/home/runner/work/_temp/fc1088f3-777d-4842-98f4-a32e33c9e5a4' before making global git config changes
2026-01-23T04:14:48.7022568Z Adding repository directory to the temporary git global config as a safe directory
2026-01-23T04:14:48.7034071Z [command]/usr/bin/git config --global --add safe.directory /home/runner/work/build_qa_automation/build_qa_automation
2026-01-23T04:14:48.7073629Z Deleting the contents of '/home/runner/work/build_qa_automation/build_qa_automation'
2026-01-23T04:14:48.7076861Z ##[group]Initializing the repository
2026-01-23T04:14:48.7081247Z [command]/usr/bin/git init /home/runner/work/build_qa_automation/build_qa_automation
2026-01-23T04:14:48.7214997Z hint: Using 'master' as the name for the initial branch. This default branch name
2026-01-23T04:14:48.7216069Z hint: will change to "main" in Git 3.0. To configure the initial branch name
2026-01-23T04:14:48.7217443Z hint: to use in all of your new repositories, which will suppress this warning,
2026-01-23T04:14:48.7218287Z hint: call:
2026-01-23T04:14:48.7218660Z hint:
2026-01-23T04:14:48.7219149Z hint: 	git config --global init.defaultBranch <name>
2026-01-23T04:14:48.7219726Z hint:
2026-01-23T04:14:48.7220707Z hint: Names commonly chosen instead of 'master' are 'main', 'trunk' and
2026-01-23T04:14:48.7222339Z hint: 'development'. The just-created branch can be renamed via this command:
2026-01-23T04:14:48.7223677Z hint:
2026-01-23T04:14:48.7224403Z hint: 	git branch -m <name>
2026-01-23T04:14:48.7225260Z hint:
2026-01-23T04:14:48.7226394Z hint: Disable this message with "git config set advice.defaultBranchName false"
2026-01-23T04:14:48.7228751Z Initialized empty Git repository in /home/runner/work/build_qa_automation/build_qa_automation/.git/
2026-01-23T04:14:48.7236286Z [command]/usr/bin/git remote add origin https://github.com/vishvasmca-cmd/build_qa_automation
2026-01-23T04:14:48.7281180Z ##[endgroup]
2026-01-23T04:14:48.7281973Z ##[group]Disabling automatic garbage collection
2026-01-23T04:14:48.7282623Z [command]/usr/bin/git config --local gc.auto 0
2026-01-23T04:14:48.7314088Z ##[endgroup]
2026-01-23T04:14:48.7326114Z ##[group]Setting up auth
2026-01-23T04:14:48.7327579Z [command]/usr/bin/git config --local --name-only --get-regexp core\.sshCommand
2026-01-23T04:14:48.7361775Z [command]/usr/bin/git submodule foreach --recursive sh -c "git config --local --name-only --get-regexp 'core\.sshCommand' && git config --local --unset-all 'core.sshCommand' || :"
2026-01-23T04:14:48.7758238Z [command]/usr/bin/git config --local --name-only --get-regexp http\.https\:\/\/github\.com\/\.extraheader
2026-01-23T04:14:48.7788312Z [command]/usr/bin/git submodule foreach --recursive sh -c "git config --local --name-only --get-regexp 'http\.https\:\/\/github\.com\/\.extraheader' && git config --local --unset-all 'http.https://github.com/.extraheader' || :"
2026-01-23T04:14:48.8021273Z [command]/usr/bin/git config --local --name-only --get-regexp ^includeIf\.gitdir:
2026-01-23T04:14:48.8062620Z [command]/usr/bin/git submodule foreach --recursive git config --local --show-origin --name-only --get-regexp remote.origin.url
2026-01-23T04:14:48.8293580Z [command]/usr/bin/git config --local http.https://github.com/.extraheader AUTHORIZATION: basic ***
2026-01-23T04:14:48.8331189Z ##[endgroup]
2026-01-23T04:14:48.8339517Z ##[group]Fetching the repository
2026-01-23T04:14:48.8341844Z [command]/usr/bin/git -c protocol.version=2 fetch --no-tags --prune --no-recurse-submodules --depth=1 origin +5bd9297783ab53bda39be1bd4569712a8a384e82:refs/remotes/origin/main
2026-01-23T04:14:49.1341834Z From https://github.com/vishvasmca-cmd/build_qa_automation
2026-01-23T04:14:49.1344221Z  * [new ref]         5bd9297783ab53bda39be1bd4569712a8a384e82 -> origin/main
2026-01-23T04:14:49.1376860Z ##[endgroup]
2026-01-23T04:14:49.1378418Z ##[group]Determining the checkout info
2026-01-23T04:14:49.1380655Z ##[endgroup]
2026-01-23T04:14:49.1385411Z [command]/usr/bin/git sparse-checkout disable
2026-01-23T04:14:49.1433674Z [command]/usr/bin/git config --local --unset-all extensions.worktreeConfig
2026-01-23T04:14:49.1462358Z ##[group]Checking out the ref
2026-01-23T04:14:49.1467472Z [command]/usr/bin/git checkout --progress --force -B main refs/remotes/origin/main
2026-01-23T04:14:49.2055759Z Switched to a new branch 'main'
2026-01-23T04:14:49.2057650Z branch 'main' set up to track 'origin/main'.
2026-01-23T04:14:49.2101131Z ##[endgroup]
2026-01-23T04:14:49.2104683Z [command]/usr/bin/git log -1 --format=%H
2026-01-23T04:14:49.2127871Z 5bd9297783ab53bda39be1bd4569712a8a384e82
2026-01-23T04:14:49.2441356Z ##[group]Run actions/setup-python@v5
2026-01-23T04:14:49.2442450Z with:
2026-01-23T04:14:49.2443421Z   python-version: 3.11
2026-01-23T04:14:49.2444518Z   cache: pip
2026-01-23T04:14:49.2445264Z   check-latest: false
2026-01-23T04:14:49.2446389Z   token: ***
2026-01-23T04:14:49.2447304Z   update-environment: true
2026-01-23T04:14:49.2448322Z   allow-prereleases: false
2026-01-23T04:14:49.2449275Z   freethreaded: false
2026-01-23T04:14:49.2450108Z ##[endgroup]
2026-01-23T04:14:49.4175608Z ##[group]Installed versions
2026-01-23T04:14:49.4282447Z Successfully set up CPython (3.11.14)
2026-01-23T04:14:49.4284429Z ##[endgroup]
2026-01-23T04:14:49.5410353Z [command]/opt/hostedtoolcache/Python/3.11.14/x64/bin/pip cache dir
2026-01-23T04:14:49.9094153Z /home/runner/.cache/pip
2026-01-23T04:14:50.0450469Z Cache hit for: setup-python-Linux-x64-24.04-Ubuntu-python-3.11.14-pip-dde08d0e0b672972dcda9f1a063036a2e0c226f5d0a20362e9401931676d80a4
2026-01-23T04:14:51.1004461Z Received 209715200 of 254742636 (82.3%), 199.6 MBs/sec
2026-01-23T04:14:51.2901094Z Received 254742636 of 254742636 (100.0%), 203.6 MBs/sec
2026-01-23T04:14:51.2902864Z Cache Size: ~243 MB (254742636 B)
2026-01-23T04:14:51.2943749Z [command]/usr/bin/tar -xf /home/runner/work/_temp/a79fbb4b-bf0d-4961-ab42-1ba1118e8249/cache.tzst -P -C /home/runner/work/build_qa_automation/build_qa_automation --use-compress-program unzstd
2026-01-23T04:14:51.6737929Z Cache restored successfully
2026-01-23T04:14:51.7224482Z Cache restored from key: setup-python-Linux-x64-24.04-Ubuntu-python-3.11.14-pip-dde08d0e0b672972dcda9f1a063036a2e0c226f5d0a20362e9401931676d80a4
2026-01-23T04:14:51.7492491Z ##[group]Run pip install -r requirements.txt
2026-01-23T04:14:51.7493095Z [36;1mpip install -r requirements.txt[0m
2026-01-23T04:14:51.7493421Z [36;1mplaywright install chromium[0m
2026-01-23T04:14:51.7532813Z shell: /usr/bin/bash -e {0}
2026-01-23T04:14:51.7533084Z env:
2026-01-23T04:14:51.7533378Z   pythonLocation: /opt/hostedtoolcache/Python/3.11.14/x64
2026-01-23T04:14:51.7533822Z   PKG_CONFIG_PATH: /opt/hostedtoolcache/Python/3.11.14/x64/lib/pkgconfig
2026-01-23T04:14:51.7534249Z   Python_ROOT_DIR: /opt/hostedtoolcache/Python/3.11.14/x64
2026-01-23T04:14:51.7534656Z   Python2_ROOT_DIR: /opt/hostedtoolcache/Python/3.11.14/x64
2026-01-23T04:14:51.7535051Z   Python3_ROOT_DIR: /opt/hostedtoolcache/Python/3.11.14/x64
2026-01-23T04:14:51.7535428Z   LD_LIBRARY_PATH: /opt/hostedtoolcache/Python/3.11.14/x64/lib
2026-01-23T04:14:51.7535740Z ##[endgroup]
2026-01-23T04:14:52.7446143Z Collecting playwright (from -r requirements.txt (line 1))
2026-01-23T04:14:52.7462774Z   Using cached playwright-1.57.0-py3-none-manylinux1_x86_64.whl.metadata (3.5 kB)
2026-01-23T04:14:52.7662527Z Collecting python-dotenv (from -r requirements.txt (line 2))
2026-01-23T04:14:52.7676859Z   Using cached python_dotenv-1.2.1-py3-none-any.whl.metadata (25 kB)
2026-01-23T04:14:52.7970141Z Collecting requests (from -r requirements.txt (line 3))
2026-01-23T04:14:52.7984553Z   Using cached requests-2.32.5-py3-none-any.whl.metadata (4.9 kB)
2026-01-23T04:14:52.9672025Z Collecting pillow (from -r requirements.txt (line 4))
2026-01-23T04:14:52.9689152Z   Using cached pillow-12.1.0-cp311-cp311-manylinux_2_27_x86_64.manylinux_2_28_x86_64.whl.metadata (8.8 kB)
2026-01-23T04:14:53.0051243Z Collecting google-genai>=0.3.0 (from -r requirements.txt (line 5))
2026-01-23T04:14:53.0843328Z   Downloading google_genai-1.60.0-py3-none-any.whl.metadata (53 kB)
2026-01-23T04:14:53.1192061Z Collecting termcolor (from -r requirements.txt (line 6))
2026-01-23T04:14:53.1205885Z   Using cached termcolor-3.3.0-py3-none-any.whl.metadata (6.5 kB)
2026-01-23T04:14:53.1584427Z Collecting PyYAML (from -r requirements.txt (line 7))
2026-01-23T04:14:53.1598265Z   Using cached pyyaml-6.0.3-cp311-cp311-manylinux2014_x86_64.manylinux_2_17_x86_64.manylinux_2_28_x86_64.whl.metadata (2.4 kB)
2026-01-23T04:14:53.2167295Z Collecting opencv-python-headless (from -r requirements.txt (line 8))
2026-01-23T04:14:53.2182048Z   Using cached opencv_python_headless-4.13.0.90-cp37-abi3-manylinux_2_28_x86_64.whl.metadata (19 kB)
2026-01-23T04:14:53.4198255Z Collecting numpy (from -r requirements.txt (line 9))
2026-01-23T04:14:53.4213259Z   Using cached numpy-2.4.1-cp311-cp311-manylinux_2_27_x86_64.manylinux_2_28_x86_64.whl.metadata (6.6 kB)
2026-01-23T04:14:53.5007708Z Collecting faker (from -r requirements.txt (line 10))
2026-01-23T04:14:53.5022818Z   Using cached faker-40.1.2-py3-none-any.whl.metadata (16 kB)
2026-01-23T04:14:53.5220321Z Collecting pyee<14,>=13 (from playwright->-r requirements.txt (line 1))
2026-01-23T04:14:53.5234160Z   Using cached pyee-13.0.0-py3-none-any.whl.metadata (2.9 kB)
2026-01-23T04:14:53.6450679Z Collecting greenlet<4.0.0,>=3.1.1 (from playwright->-r requirements.txt (line 1))
2026-01-23T04:14:53.6466054Z   Using cached greenlet-3.3.0-cp311-cp311-manylinux_2_24_x86_64.manylinux_2_28_x86_64.whl.metadata (4.1 kB)
2026-01-23T04:14:53.6670143Z Collecting typing-extensions (from pyee<14,>=13->playwright->-r requirements.txt (line 1))
2026-01-23T04:14:53.6683301Z   Using cached typing_extensions-4.15.0-py3-none-any.whl.metadata (3.3 kB)
2026-01-23T04:14:53.7534488Z Collecting charset_normalizer<4,>=2 (from requests->-r requirements.txt (line 3))
2026-01-23T04:14:53.7549438Z   Using cached charset_normalizer-3.4.4-cp311-cp311-manylinux2014_x86_64.manylinux_2_17_x86_64.manylinux_2_28_x86_64.whl.metadata (37 kB)
2026-01-23T04:14:53.7734686Z Collecting idna<4,>=2.5 (from requests->-r requirements.txt (line 3))
2026-01-23T04:14:53.7747946Z   Using cached idna-3.11-py3-none-any.whl.metadata (8.4 kB)
2026-01-23T04:14:53.8057859Z Collecting urllib3<3,>=1.21.1 (from requests->-r requirements.txt (line 3))
2026-01-23T04:14:53.8072284Z   Using cached urllib3-2.6.3-py3-none-any.whl.metadata (6.9 kB)
2026-01-23T04:14:53.8301924Z Collecting certifi>=2017.4.17 (from requests->-r requirements.txt (line 3))
2026-01-23T04:14:53.8315689Z   Using cached certifi-2026.1.4-py3-none-any.whl.metadata (2.5 kB)
2026-01-23T04:14:53.8536886Z Collecting anyio<5.0.0,>=4.8.0 (from google-genai>=0.3.0->-r requirements.txt (line 5))
2026-01-23T04:14:53.8551118Z   Using cached anyio-4.12.1-py3-none-any.whl.metadata (4.3 kB)
2026-01-23T04:14:53.9108085Z Collecting google-auth<3.0.0,>=2.47.0 (from google-auth[requests]<3.0.0,>=2.47.0->google-genai>=0.3.0->-r requirements.txt (line 5))
2026-01-23T04:14:53.9122343Z   Using cached google_auth-2.47.0-py3-none-any.whl.metadata (6.4 kB)
2026-01-23T04:14:53.9378246Z Collecting httpx<1.0.0,>=0.28.1 (from google-genai>=0.3.0->-r requirements.txt (line 5))
2026-01-23T04:14:53.9392510Z   Using cached httpx-0.28.1-py3-none-any.whl.metadata (7.1 kB)
2026-01-23T04:14:54.0909099Z Collecting pydantic<3.0.0,>=2.9.0 (from google-genai>=0.3.0->-r requirements.txt (line 5))
2026-01-23T04:14:54.0923922Z   Using cached pydantic-2.12.5-py3-none-any.whl.metadata (90 kB)
2026-01-23T04:14:54.1235343Z Collecting tenacity<9.2.0,>=8.2.3 (from google-genai>=0.3.0->-r requirements.txt (line 5))
2026-01-23T04:14:54.1249104Z   Using cached tenacity-9.1.2-py3-none-any.whl.metadata (1.2 kB)
2026-01-23T04:14:54.2124888Z Collecting websockets<15.1.0,>=13.0.0 (from google-genai>=0.3.0->-r requirements.txt (line 5))
2026-01-23T04:14:54.2141014Z   Using cached websockets-15.0.1-cp311-cp311-manylinux_2_5_x86_64.manylinux1_x86_64.manylinux_2_17_x86_64.manylinux2014_x86_64.whl.metadata (6.8 kB)
2026-01-23T04:14:54.2457699Z Collecting distro<2,>=1.7.0 (from google-genai>=0.3.0->-r requirements.txt (line 5))
2026-01-23T04:14:54.2473147Z   Using cached distro-1.9.0-py3-none-any.whl.metadata (6.8 kB)
2026-01-23T04:14:54.2601109Z Collecting sniffio (from google-genai>=0.3.0->-r requirements.txt (line 5))
2026-01-23T04:14:54.2615642Z   Using cached sniffio-1.3.1-py3-none-any.whl.metadata (3.9 kB)
2026-01-23T04:14:54.2917476Z Collecting pyasn1-modules>=0.2.1 (from google-auth<3.0.0,>=2.47.0->google-auth[requests]<3.0.0,>=2.47.0->google-genai>=0.3.0->-r requirements.txt (line 5))
2026-01-23T04:14:54.2931535Z   Using cached pyasn1_modules-0.4.2-py3-none-any.whl.metadata (3.5 kB)
2026-01-23T04:14:54.3102416Z Collecting rsa<5,>=3.1.4 (from google-auth<3.0.0,>=2.47.0->google-auth[requests]<3.0.0,>=2.47.0->google-genai>=0.3.0->-r requirements.txt (line 5))
2026-01-23T04:14:54.3115729Z   Using cached rsa-4.9.1-py3-none-any.whl.metadata (5.6 kB)
2026-01-23T04:14:54.3446733Z Collecting httpcore==1.* (from httpx<1.0.0,>=0.28.1->google-genai>=0.3.0->-r requirements.txt (line 5))
2026-01-23T04:14:54.3460828Z   Using cached httpcore-1.0.9-py3-none-any.whl.metadata (21 kB)
2026-01-23T04:14:54.3621658Z Collecting h11>=0.16 (from httpcore==1.*->httpx<1.0.0,>=0.28.1->google-genai>=0.3.0->-r requirements.txt (line 5))
2026-01-23T04:14:54.3634835Z   Using cached h11-0.16.0-py3-none-any.whl.metadata (8.3 kB)
2026-01-23T04:14:54.3768189Z Collecting annotated-types>=0.6.0 (from pydantic<3.0.0,>=2.9.0->google-genai>=0.3.0->-r requirements.txt (line 5))
2026-01-23T04:14:54.3780951Z   Using cached annotated_types-0.7.0-py3-none-any.whl.metadata (15 kB)
2026-01-23T04:14:55.0380294Z Collecting pydantic-core==2.41.5 (from pydantic<3.0.0,>=2.9.0->google-genai>=0.3.0->-r requirements.txt (line 5))
2026-01-23T04:14:55.0396046Z   Using cached pydantic_core-2.41.5-cp311-cp311-manylinux_2_17_x86_64.manylinux2014_x86_64.whl.metadata (7.3 kB)
2026-01-23T04:14:55.0558275Z Collecting typing-inspection>=0.4.2 (from pydantic<3.0.0,>=2.9.0->google-genai>=0.3.0->-r requirements.txt (line 5))
2026-01-23T04:14:55.0571862Z   Using cached typing_inspection-0.4.2-py3-none-any.whl.metadata (2.6 kB)
2026-01-23T04:14:55.1288925Z Collecting pyasn1>=0.1.3 (from rsa<5,>=3.1.4->google-auth<3.0.0,>=2.47.0->google-auth[requests]<3.0.0,>=2.47.0->google-genai>=0.3.0->-r requirements.txt (line 5))
2026-01-23T04:14:55.1304581Z   Using cached pyasn1-0.6.2-py3-none-any.whl.metadata (8.4 kB)
2026-01-23T04:14:55.1585107Z Using cached playwright-1.57.0-py3-none-manylinux1_x86_64.whl (46.0 MB)
2026-01-23T04:14:55.1931343Z Using cached greenlet-3.3.0-cp311-cp311-manylinux_2_24_x86_64.manylinux_2_28_x86_64.whl (590 kB)
2026-01-23T04:14:55.1947867Z Using cached pyee-13.0.0-py3-none-any.whl (15 kB)
2026-01-23T04:14:55.1961432Z Using cached python_dotenv-1.2.1-py3-none-any.whl (21 kB)
2026-01-23T04:14:55.1974688Z Using cached requests-2.32.5-py3-none-any.whl (64 kB)
2026-01-23T04:14:55.1989043Z Using cached charset_normalizer-3.4.4-cp311-cp311-manylinux2014_x86_64.manylinux_2_17_x86_64.manylinux_2_28_x86_64.whl (151 kB)
2026-01-23T04:14:55.2002745Z Using cached idna-3.11-py3-none-any.whl (71 kB)
2026-01-23T04:14:55.2016129Z Using cached urllib3-2.6.3-py3-none-any.whl (131 kB)
2026-01-23T04:14:55.2030794Z Using cached pillow-12.1.0-cp311-cp311-manylinux_2_27_x86_64.manylinux_2_28_x86_64.whl (7.0 MB)
2026-01-23T04:14:55.2159800Z Downloading google_genai-1.60.0-py3-none-any.whl (719 kB)
2026-01-23T04:14:55.2899915Z    ━━━━━━━━━━━━━━━━━━━━━━━━━━━━━━━━━━━━━━━━ 719.4/719.4 kB 11.6 MB/s  0:00:00
2026-01-23T04:14:55.2913994Z Using cached anyio-4.12.1-py3-none-any.whl (113 kB)
2026-01-23T04:14:55.2928026Z Using cached distro-1.9.0-py3-none-any.whl (20 kB)
2026-01-23T04:14:55.2941468Z Using cached google_auth-2.47.0-py3-none-any.whl (234 kB)
2026-01-23T04:14:55.2956150Z Using cached httpx-0.28.1-py3-none-any.whl (73 kB)
2026-01-23T04:14:55.2969989Z Using cached httpcore-1.0.9-py3-none-any.whl (78 kB)
2026-01-23T04:14:55.2983487Z Using cached pydantic-2.12.5-py3-none-any.whl (463 kB)
2026-01-23T04:14:55.3000596Z Using cached pydantic_core-2.41.5-cp311-cp311-manylinux_2_17_x86_64.manylinux2014_x86_64.whl (2.1 MB)
2026-01-23T04:14:55.3028288Z Using cached rsa-4.9.1-py3-none-any.whl (34 kB)
2026-01-23T04:14:55.3041457Z Using cached tenacity-9.1.2-py3-none-any.whl (28 kB)
2026-01-23T04:14:55.3054877Z Using cached typing_extensions-4.15.0-py3-none-any.whl (44 kB)
2026-01-23T04:14:55.3069135Z Using cached websockets-15.0.1-cp311-cp311-manylinux_2_5_x86_64.manylinux1_x86_64.manylinux_2_17_x86_64.manylinux2014_x86_64.whl (182 kB)
2026-01-23T04:14:55.3083185Z Using cached termcolor-3.3.0-py3-none-any.whl (7.7 kB)
2026-01-23T04:14:55.3096759Z Using cached pyyaml-6.0.3-cp311-cp311-manylinux2014_x86_64.manylinux_2_17_x86_64.manylinux_2_28_x86_64.whl (806 kB)
2026-01-23T04:14:55.3116272Z Using cached opencv_python_headless-4.13.0.90-cp37-abi3-manylinux_2_28_x86_64.whl (62.5 MB)
2026-01-23T04:14:55.3576348Z Using cached numpy-2.4.1-cp311-cp311-manylinux_2_27_x86_64.manylinux_2_28_x86_64.whl (16.7 MB)
2026-01-23T04:14:55.3708905Z Using cached faker-40.1.2-py3-none-any.whl (2.0 MB)
2026-01-23T04:14:55.3735686Z Using cached annotated_types-0.7.0-py3-none-any.whl (13 kB)
2026-01-23T04:14:55.3749166Z Using cached certifi-2026.1.4-py3-none-any.whl (152 kB)
2026-01-23T04:14:55.3763293Z Using cached h11-0.16.0-py3-none-any.whl (37 kB)
2026-01-23T04:14:55.3776754Z Using cached pyasn1-0.6.2-py3-none-any.whl (83 kB)
2026-01-23T04:14:55.3790352Z Using cached pyasn1_modules-0.4.2-py3-none-any.whl (181 kB)
2026-01-23T04:14:55.3804556Z Using cached typing_inspection-0.4.2-py3-none-any.whl (14 kB)
2026-01-23T04:14:55.3817855Z Using cached sniffio-1.3.1-py3-none-any.whl (10 kB)
2026-01-23T04:14:55.5860700Z Installing collected packages: websockets, urllib3, typing-extensions, termcolor, tenacity, sniffio, PyYAML, python-dotenv, pyasn1, pillow, numpy, idna, h11, greenlet, faker, distro, charset_normalizer, certifi, annotated-types, typing-inspection, rsa, requests, pyee, pydantic-core, pyasn1-modules, opencv-python-headless, httpcore, anyio, pydantic, playwright, httpx, google-auth, google-genai
2026-01-23T04:15:02.4191283Z 
2026-01-23T04:15:02.4214426Z Successfully installed PyYAML-6.0.3 annotated-types-0.7.0 anyio-4.12.1 certifi-2026.1.4 charset_normalizer-3.4.4 distro-1.9.0 faker-40.1.2 google-auth-2.47.0 google-genai-1.60.0 greenlet-3.3.0 h11-0.16.0 httpcore-1.0.9 httpx-0.28.1 idna-3.11 numpy-2.4.1 opencv-python-headless-4.13.0.90 pillow-12.1.0 playwright-1.57.0 pyasn1-0.6.2 pyasn1-modules-0.4.2 pydantic-2.12.5 pydantic-core-2.41.5 pyee-13.0.0 python-dotenv-1.2.1 requests-2.32.5 rsa-4.9.1 sniffio-1.3.1 tenacity-9.1.2 termcolor-3.3.0 typing-extensions-4.15.0 typing-inspection-0.4.2 urllib3-2.6.3 websockets-15.0.1
2026-01-23T04:15:03.0284290Z Downloading Chromium 143.0.7499.4 (playwright build v1200) from https://cdn.playwright.dev/dbazure/download/playwright/builds/chromium/1200/chromium-linux.zip
2026-01-23T04:15:03.1253706Z (node:2262) [DEP0169] DeprecationWarning: `url.parse()` behavior is not standardized and prone to errors that have security implications. Use the WHATWG URL API instead. CVEs are not issued for `url.parse()` vulnerabilities.
2026-01-23T04:15:03.1255458Z (Use `node --trace-deprecation ...` to show where the warning was created)
2026-01-23T04:15:03.2376799Z |                                                                                |   0% of 164.7 MiB
2026-01-23T04:15:03.3804733Z |■■■■■■■■                                                                        |  10% of 164.7 MiB
2026-01-23T04:15:03.4625686Z |■■■■■■■■■■■■■■■■                                                                |  20% of 164.7 MiB
2026-01-23T04:15:03.5473626Z |■■■■■■■■■■■■■■■■■■■■■■■■                                                        |  30% of 164.7 MiB
2026-01-23T04:15:03.6195860Z |■■■■■■■■■■■■■■■■■■■■■■■■■■■■■■■■                                                |  40% of 164.7 MiB
2026-01-23T04:15:03.6947932Z |■■■■■■■■■■■■■■■■■■■■■■■■■■■■■■■■■■■■■■■■                                        |  50% of 164.7 MiB
2026-01-23T04:15:03.7556568Z |■■■■■■■■■■■■■■■■■■■■■■■■■■■■■■■■■■■■■■■■■■■■■■■■                                |  60% of 164.7 MiB
2026-01-23T04:15:03.8135568Z |■■■■■■■■■■■■■■■■■■■■■■■■■■■■■■■■■■■■■■■■■■■■■■■■■■■■■■■■                        |  70% of 164.7 MiB
2026-01-23T04:15:03.8716016Z |■■■■■■■■■■■■■■■■■■■■■■■■■■■■■■■■■■■■■■■■■■■■■■■■■■■■■■■■■■■■■■■■                |  80% of 164.7 MiB
2026-01-23T04:15:03.9285699Z |■■■■■■■■■■■■■■■■■■■■■■■■■■■■■■■■■■■■■■■■■■■■■■■■■■■■■■■■■■■■■■■■■■■■■■■■        |  90% of 164.7 MiB
2026-01-23T04:15:03.9869787Z |■■■■■■■■■■■■■■■■■■■■■■■■■■■■■■■■■■■■■■■■■■■■■■■■■■■■■■■■■■■■■■■■■■■■■■■■■■■■■■■■| 100% of 164.7 MiB
2026-01-23T04:15:06.4798120Z Chromium 143.0.7499.4 (playwright build v1200) downloaded to /home/runner/.cache/ms-playwright/chromium-1200
2026-01-23T04:15:06.4802255Z Downloading FFMPEG playwright build v1011 from https://cdn.playwright.dev/dbazure/download/playwright/builds/ffmpeg/1011/ffmpeg-linux.zip
2026-01-23T04:15:06.5761455Z (node:2273) [DEP0169] DeprecationWarning: `url.parse()` behavior is not standardized and prone to errors that have security implications. Use the WHATWG URL API instead. CVEs are not issued for `url.parse()` vulnerabilities.
2026-01-23T04:15:06.5763738Z (Use `node --trace-deprecation ...` to show where the warning was created)
2026-01-23T04:15:06.6349553Z |                                                                                |   0% of 2.3 MiB
2026-01-23T04:15:06.6446068Z |■■■■■■■■                                                                        |  10% of 2.3 MiB
2026-01-23T04:15:06.6501466Z |■■■■■■■■■■■■■■■■                                                                |  20% of 2.3 MiB
2026-01-23T04:15:06.6533457Z |■■■■■■■■■■■■■■■■■■■■■■■■                                                        |  30% of 2.3 MiB
2026-01-23T04:15:06.6556672Z |■■■■■■■■■■■■■■■■■■■■■■■■■■■■■■■■                                                |  40% of 2.3 MiB
2026-01-23T04:15:06.6580391Z |■■■■■■■■■■■■■■■■■■■■■■■■■■■■■■■■■■■■■■■■                                        |  50% of 2.3 MiB
2026-01-23T04:15:06.6592026Z |■■■■■■■■■■■■■■■■■■■■■■■■■■■■■■■■■■■■■■■■■■■■■■■■                                |  60% of 2.3 MiB
2026-01-23T04:15:06.6608705Z |■■■■■■■■■■■■■■■■■■■■■■■■■■■■■■■■■■■■■■■■■■■■■■■■■■■■■■■■                        |  70% of 2.3 MiB
2026-01-23T04:15:06.6624694Z |■■■■■■■■■■■■■■■■■■■■■■■■■■■■■■■■■■■■■■■■■■■■■■■■■■■■■■■■■■■■■■■■                |  80% of 2.3 MiB
2026-01-23T04:15:06.6642467Z |■■■■■■■■■■■■■■■■■■■■■■■■■■■■■■■■■■■■■■■■■■■■■■■■■■■■■■■■■■■■■■■■■■■■■■■■        |  90% of 2.3 MiB
2026-01-23T04:15:06.6652810Z |■■■■■■■■■■■■■■■■■■■■■■■■■■■■■■■■■■■■■■■■■■■■■■■■■■■■■■■■■■■■■■■■■■■■■■■■■■■■■■■■| 100% of 2.3 MiB
2026-01-23T04:15:06.7218768Z FFMPEG playwright build v1011 downloaded to /home/runner/.cache/ms-playwright/ffmpeg-1011
2026-01-23T04:15:06.7222302Z Downloading Chromium Headless Shell 143.0.7499.4 (playwright build v1200) from https://cdn.playwright.dev/dbazure/download/playwright/builds/chromium/1200/chromium-headless-shell-linux.zip
2026-01-23T04:15:06.8166166Z (node:2284) [DEP0169] DeprecationWarning: `url.parse()` behavior is not standardized and prone to errors that have security implications. Use the WHATWG URL API instead. CVEs are not issued for `url.parse()` vulnerabilities.
2026-01-23T04:15:06.8168392Z (Use `node --trace-deprecation ...` to show where the warning was created)
2026-01-23T04:15:06.8869307Z |                                                                                |   0% of 109.7 MiB
2026-01-23T04:15:06.9841080Z |■■■■■■■■                                                                        |  10% of 109.7 MiB
2026-01-23T04:15:07.0423464Z |■■■■■■■■■■■■■■■■                                                                |  20% of 109.7 MiB
2026-01-23T04:15:07.0952404Z |■■■■■■■■■■■■■■■■■■■■■■■■                                                        |  30% of 109.7 MiB
2026-01-23T04:15:07.1559838Z |■■■■■■■■■■■■■■■■■■■■■■■■■■■■■■■■                                                |  40% of 109.7 MiB
2026-01-23T04:15:07.2094650Z |■■■■■■■■■■■■■■■■■■■■■■■■■■■■■■■■■■■■■■■■                                        |  50% of 109.7 MiB
2026-01-23T04:15:07.2521174Z |■■■■■■■■■■■■■■■■■■■■■■■■■■■■■■■■■■■■■■■■■■■■■■■■                                |  60% of 109.7 MiB
2026-01-23T04:15:07.3018205Z |■■■■■■■■■■■■■■■■■■■■■■■■■■■■■■■■■■■■■■■■■■■■■■■■■■■■■■■■                        |  70% of 109.7 MiB
2026-01-23T04:15:07.3434474Z |■■■■■■■■■■■■■■■■■■■■■■■■■■■■■■■■■■■■■■■■■■■■■■■■■■■■■■■■■■■■■■■■                |  80% of 109.7 MiB
2026-01-23T04:15:07.3964879Z |■■■■■■■■■■■■■■■■■■■■■■■■■■■■■■■■■■■■■■■■■■■■■■■■■■■■■■■■■■■■■■■■■■■■■■■■        |  90% of 109.7 MiB
2026-01-23T04:15:07.4598387Z |■■■■■■■■■■■■■■■■■■■■■■■■■■■■■■■■■■■■■■■■■■■■■■■■■■■■■■■■■■■■■■■■■■■■■■■■■■■■■■■■| 100% of 109.7 MiB
2026-01-23T04:15:09.2869878Z Chromium Headless Shell 143.0.7499.4 (playwright build v1200) downloaded to /home/runner/.cache/ms-playwright/chromium_headless_shell-1200
2026-01-23T04:15:09.3090162Z ##[group]Run mkdir -p projects/ci_saucedemo_e2e
2026-01-23T04:15:09.3090563Z [36;1mmkdir -p projects/ci_saucedemo_e2e[0m
2026-01-23T04:15:09.3090925Z [36;1mcat > projects/ci_saucedemo_e2e/config.json << 'EOF'[0m
2026-01-23T04:15:09.3091235Z [36;1m{[0m
2026-01-23T04:15:09.3091435Z [36;1m  "project_name": "ci_saucedemo_e2e",[0m
2026-01-23T04:15:09.3091779Z [36;1m  "target_url": "https://www.saucedemo.com/",[0m
2026-01-23T04:15:09.3092389Z [36;1m  "goal": "Login as 'standard_user'/'secret_sauce', add 'Backpack' to cart, checkout with zip='90210', verify order confirmation",[0m
2026-01-23T04:15:09.3092950Z [36;1m  "headless": true[0m
2026-01-23T04:15:09.3093165Z [36;1m}[0m
2026-01-23T04:15:09.3093327Z [36;1mEOF[0m
2026-01-23T04:15:09.3125135Z shell: /usr/bin/bash -e {0}
2026-01-23T04:15:09.3125371Z env:
2026-01-23T04:15:09.3125625Z   pythonLocation: /opt/hostedtoolcache/Python/3.11.14/x64
2026-01-23T04:15:09.3126088Z   PKG_CONFIG_PATH: /opt/hostedtoolcache/Python/3.11.14/x64/lib/pkgconfig
2026-01-23T04:15:09.3126524Z   Python_ROOT_DIR: /opt/hostedtoolcache/Python/3.11.14/x64
2026-01-23T04:15:09.3126911Z   Python2_ROOT_DIR: /opt/hostedtoolcache/Python/3.11.14/x64
2026-01-23T04:15:09.3127477Z   Python3_ROOT_DIR: /opt/hostedtoolcache/Python/3.11.14/x64
2026-01-23T04:15:09.3127867Z   LD_LIBRARY_PATH: /opt/hostedtoolcache/Python/3.11.14/x64/lib
2026-01-23T04:15:09.3128179Z ##[endgroup]
2026-01-23T04:15:09.3231045Z ##[group]Run # Discovery mode skip: No --deep flag
2026-01-23T04:15:09.3231458Z [36;1m# Discovery mode skip: No --deep flag[0m
2026-01-23T04:15:09.3231883Z [36;1mpython orchestrator.py --project projects/ci_saucedemo_e2e --force[0m
2026-01-23T04:15:09.3260889Z shell: /usr/bin/bash -e {0}
2026-01-23T04:15:09.3261126Z env:
2026-01-23T04:15:09.3261385Z   pythonLocation: /opt/hostedtoolcache/Python/3.11.14/x64
2026-01-23T04:15:09.3261820Z   PKG_CONFIG_PATH: /opt/hostedtoolcache/Python/3.11.14/x64/lib/pkgconfig
2026-01-23T04:15:09.3262445Z   Python_ROOT_DIR: /opt/hostedtoolcache/Python/3.11.14/x64
2026-01-23T04:15:09.3262820Z   Python2_ROOT_DIR: /opt/hostedtoolcache/Python/3.11.14/x64
2026-01-23T04:15:09.3263202Z   Python3_ROOT_DIR: /opt/hostedtoolcache/Python/3.11.14/x64
2026-01-23T04:15:09.3263589Z   LD_LIBRARY_PATH: /opt/hostedtoolcache/Python/3.11.14/x64/lib
2026-01-23T04:15:09.3264128Z   GOOGLE_API_KEY: ***
2026-01-23T04:15:09.3264337Z   PYTHONPATH: .
2026-01-23T04:15:09.3264545Z ##[endgroup]
2026-01-23T04:15:16.2147482Z [LLM] SafeLLM Initialized: model=gemini-2.0-flash-lite-preview-02-05
2026-01-23T04:15:16.2148166Z 
2026-01-23T04:15:16.2149247Z [PLAN] PLANNER: Planning goal -> 'Login as 'standard_user'/'secret_sauce', add 'Backpack' to cart, checkout with zip='90210', verify order confirmation' (Deep Mode: False)
2026-01-23T04:15:16.2150995Z [EXPERT] Detected Domain: ECOMMERCE. Persona: Act as a Senior SDET focusing on e-commerce flow automation and conversion funnel reliability
2026-01-23T04:15:16.2151908Z [DEBUG] Sending request to gemini-2.0-flash-lite-preview-02-05. Number of parts: 1
2026-01-23T04:15:16.2152462Z [DEBUG] Received response (Length: 2469)
2026-01-23T04:15:16.2152775Z [OK] Planner generated 1 scenarios. Workflow updated.
2026-01-23T04:15:17.2572509Z [LLM] SafeLLM Initialized: model=gemini-2.0-flash-lite-preview-02-05
2026-01-23T04:15:17.2573063Z 
2026-01-23T04:15:17.2573355Z [EXPLORE] [EXPLORE] Starting AI-Guided Exploration & Mining
2026-01-23T04:15:17.2573983Z [LOC] Project: ci_saucedemo_e2e
2026-01-23T04:15:18.9769535Z 
2026-01-23T04:15:18.9770357Z --- Exploring Scenario: Login, Add Backpack to Cart, Checkout, Verify Order Confirmation ---
2026-01-23T04:15:18.9771922Z     [AI] Initialized exploration context for goal: 'This scenario logs in, adds a 'Backpack' to the cart, proceeds to checkout, and verifies the order confirmation.'
2026-01-23T04:15:18.9773335Z     [TARGET] Scenario: Login, Add Backpack to Cart, Checkout, Verify Order Confirmation
2026-01-23T04:15:18.9780530Z   [STEP] [STEP step_1] NAVIGATE: 
2026-01-23T04:15:19.7803306Z     [OK] Navigated to https://www.saucedemo.com/
2026-01-23T04:15:19.7804525Z     ⚡ PARALLEL MODE: Batching 2 fill steps
2026-01-23T04:15:19.7805456Z       Batch mining 2 fields in parallel...
2026-01-23T04:15:19.9042342Z     [SEARCH] Batch rejecting incompatible locator for 'fill': text=Accepted usernames are:
2026-01-23T04:15:19.9241464Z     [SEARCH] Batch rejecting incompatible locator for 'fill': text=Password for all users:
2026-01-23T04:15:19.9243560Z     [OK] Batch mined 'Username' (5 locators)
2026-01-23T04:15:19.9244128Z     [OK] Batch mined 'Password' (5 locators)
2026-01-23T04:15:19.9244923Z     ✅ Batch mined 2/2 steps successfully
2026-01-23T04:15:19.9245381Z   [STEP] [STEP step_4] CLICK: Login
2026-01-23T04:15:19.9317925Z     [SEARCH] Mining locators for: 'Login'
2026-01-23T04:15:19.9735208Z     [AI] Consulting AI (Vision-First) to find 'Login'...
2026-01-23T04:15:19.9789794Z     [SEARCH] Trying smart selectors for 'Login'...
2026-01-23T04:15:20.2322644Z     [SEARCH] Searching for: 'Login' (optimized order: ID -> Role -> Name -> Text)
2026-01-23T04:15:20.2323477Z       [1] id-exact: '#login' -> 0 matches
2026-01-23T04:15:20.2323973Z       [1] id-exact: '#login' -> 0 matches
2026-01-23T04:15:20.2324437Z       [1] id-exact: '#login' -> 0 matches
2026-01-23T04:15:20.2324895Z       [1] id-exact: '#login' -> 0 matches
2026-01-23T04:15:20.2325353Z       [1] id-exact: '#login' -> 0 matches
2026-01-23T04:15:20.2326328Z       [1.5] data-test: '[data-test*='login' i]' -> 5 matches
2026-01-23T04:15:20.2326930Z       [1.5] data-test: '[data-test*='login' i]' -> 5 matches
2026-01-23T04:15:20.2327745Z       [1.5] data-test: '[data-test*='login' i]' -> 5 matches
2026-01-23T04:15:20.2328318Z       [1.5] data-test: '[data-test*='login' i]' -> 5 matches
2026-01-23T04:15:20.2328914Z       [1.5] data-testid: '[data-testid*='login' i]' -> 0 matches
2026-01-23T04:15:20.2329532Z       [1.5] data-testid: '[data-testid*='login' i]' -> 0 matches
2026-01-23T04:15:20.2330144Z       [1.5] data-testid: '[data-testid*='login' i]' -> 0 matches
2026-01-23T04:15:20.2330972Z       [1.5] data-testid: '[data-testid*='login' i]' -> 0 matches
2026-01-23T04:15:20.2331577Z       [1.5] data-qa: '[data-qa*='login' i]' -> 0 matches
2026-01-23T04:15:20.2332121Z       [1.5] data-qa: '[data-qa*='login' i]' -> 0 matches
2026-01-23T04:15:20.2332653Z       [1.5] data-qa: '[data-qa*='login' i]' -> 0 matches
2026-01-23T04:15:20.2333212Z       [1.5] data-qa: '[data-qa*='login' i]' -> 0 matches
2026-01-23T04:15:20.2333753Z       [1.5] qa-id: '[qa-id*='login' i]' -> 0 matches
2026-01-23T04:15:20.2334262Z       [1.5] qa-id: '[qa-id*='login' i]' -> 0 matches
2026-01-23T04:15:20.2334750Z       [1.5] qa-id: '[qa-id*='login' i]' -> 0 matches
2026-01-23T04:15:20.2335258Z       [1.5] qa-id: '[qa-id*='login' i]' -> 0 matches
2026-01-23T04:15:20.2335788Z       [1.5] test-id: '[test-id*='login' i]' -> 0 matches
2026-01-23T04:15:20.2336327Z       [1.5] test-id: '[test-id*='login' i]' -> 0 matches
2026-01-23T04:15:20.2336865Z       [1.5] test-id: '[test-id*='login' i]' -> 0 matches
2026-01-23T04:15:20.2337598Z       [1.5] test-id: '[test-id*='login' i]' -> 0 matches
2026-01-23T04:15:20.2338252Z       [2] role-button-exact: 'role=button[name='Login' i]' -> 1 matches
2026-01-23T04:15:20.2338921Z       [OK] EARLY EXIT: Role match (0.96 confidence)!
2026-01-23T04:15:20.2339555Z     [OK] Smart selector found 'Login' via role-button-exact (confidence: 0.96)
2026-01-23T04:15:20.2375830Z     [OK] Found 1 verified locators
2026-01-23T04:15:23.8041225Z     [OK] State transitioned.
2026-01-23T04:16:26.1354919Z [DEBUG] Sending request to gemini-2.0-flash-lite-preview-02-05. Number of parts: 2
2026-01-23T04:16:26.1356314Z [DEBUG] LLM Error: 429 RESOURCE_EXHAUSTED. {'error': {'code': 429, 'message': 'Resource exhausted. Please try again later. Please refer to https://cloud.google.com/vertex-ai/generative-ai/docs/error-code-429 for more details.', 'status': 'RESOURCE_EXHAUSTED'}}
2026-01-23T04:16:26.1360236Z [LIMIT] 429 Rate Limit Hit. Cooling down for 60s...
2026-01-23T04:16:26.1360724Z [DEBUG] Sending request to gemini-2.0-flash-lite-preview-02-05. Number of parts: 2
2026-01-23T04:16:26.1361164Z [DEBUG] Received response (Length: 184)
2026-01-23T04:16:26.1361469Z       AI Next Step Suggestion: fill -> Username
2026-01-23T04:16:26.1361769Z     [SUGGEST] Suggested Locator: #user-name
2026-01-23T04:16:26.1362191Z     [REASON] Reasoning: The username field needs to be filled to proceed with the login.
2026-01-23T04:16:26.1427627Z     [OK] AI suggested locator '#user-name' validated (1 element found)
2026-01-23T04:16:26.1428333Z       Injected AI step: fill -> Username
2026-01-23T04:16:26.1428897Z   [STEP] [STEP step_4_ai_1] FILL: Username
2026-01-23T04:16:26.1495625Z     [TARGET] Using AI-provided locator: #user-name
2026-01-23T04:16:26.1593091Z     [OK] Found 1 verified locators
2026-01-23T04:16:32.7996017Z     [OK] State transitioned.
2026-01-23T04:16:34.0942714Z [DEBUG] Sending request to gemini-2.0-flash-lite-preview-02-05. Number of parts: 2
2026-01-23T04:16:34.0943509Z [DEBUG] Received response (Length: 191)
2026-01-23T04:16:34.0943931Z       AI Next Step Suggestion: fill -> Password
2026-01-23T04:16:34.0944241Z     [SUGGEST] Suggested Locator: #password
2026-01-23T04:16:34.0944684Z     [REASON] Reasoning: The username is required, so the next step is to fill the password field.
2026-01-23T04:16:34.1014738Z     [OK] AI suggested locator '#password' validated (1 element found)
2026-01-23T04:16:34.1015694Z       Injected AI step: fill -> Password
2026-01-23T04:16:34.1016186Z   [STEP] [STEP step_4_ai_2] FILL: Password
2026-01-23T04:16:34.1082519Z     [TARGET] Using AI-provided locator: #password
2026-01-23T04:16:34.1169517Z     [OK] Found 1 verified locators
2026-01-23T04:16:40.1664217Z     [OK] State transitioned.
2026-01-23T04:16:41.6506742Z [DEBUG] Sending request to gemini-2.0-flash-lite-preview-02-05. Number of parts: 2
2026-01-23T04:16:41.6507736Z [DEBUG] Received response (Length: 205)
2026-01-23T04:16:41.6508258Z       AI Next Step Suggestion: fill -> Username
2026-01-23T04:16:41.6509195Z     [SUGGEST] Suggested Locator: #user-name
2026-01-23T04:16:41.6510166Z     [REASON] Reasoning: The username field needs to be filled with 'standard_user' to proceed with the login.
2026-01-23T04:16:41.6574571Z     [OK] AI suggested locator '#user-name' validated (1 element found)
2026-01-23T04:16:41.6575667Z       Injected AI step: fill -> Username
2026-01-23T04:16:41.6576402Z   [STEP] [STEP step_4_ai_3] FILL: Username
2026-01-23T04:16:41.6649291Z     [TARGET] Using AI-provided locator: #user-name
2026-01-23T04:16:41.6734851Z     [OK] Found 1 verified locators
2026-01-23T04:16:47.4698540Z     [OK] State transitioned.
2026-01-23T04:16:47.4750354Z       Revisited state detected (count: 1)
2026-01-23T04:16:49.0154512Z [DEBUG] Sending request to gemini-2.0-flash-lite-preview-02-05. Number of parts: 2
2026-01-23T04:16:49.0155380Z [DEBUG] Received response (Length: 237)
2026-01-23T04:16:49.0155943Z       AI Next Step Suggestion: fill -> Username
2026-01-23T04:16:49.0156568Z     [SUGGEST] Suggested Locator: #user-name
2026-01-23T04:16:49.0158091Z     [REASON] Reasoning: The previous action filled the username field, but the error message indicates it was cleared. Re-enter the username.
2026-01-23T04:16:49.0159979Z [WARN] Loop detected: AI suggested 'fill -> Username' 3 times on this page. Inhibiting and moving to next step.
2026-01-23T04:16:49.0161082Z   [STEP] [STEP step_8] ASSERT_URL: 
2026-01-23T04:16:51.0330322Z     [OK] State transitioned.
2026-01-23T04:16:51.0375790Z       Revisited state detected (count: 2)
2026-01-23T04:16:52.3564347Z [DEBUG] Sending request to gemini-2.0-flash-lite-preview-02-05. Number of parts: 2
2026-01-23T04:16:52.3565120Z [DEBUG] Received response (Length: 205)
2026-01-23T04:16:52.3565489Z       AI Next Step Suggestion: fill -> Username
2026-01-23T04:16:52.3565881Z     [SUGGEST] Suggested Locator: #user-name
2026-01-23T04:16:52.3566361Z     [REASON] Reasoning: The username field needs to be filled with 'standard_user' to proceed with the login.
2026-01-23T04:16:52.3567298Z [WARN] Loop detected: AI suggested 'fill -> Username' 4 times on this page. Inhibiting and moving to next step.
2026-01-23T04:16:52.3567835Z   [STEP] [STEP step_9] CLICK: Add to cart
2026-01-23T04:16:52.3638043Z     [SEARCH] Mining locators for: 'Add to cart'
2026-01-23T04:16:52.4028991Z     [AI] Consulting AI (Vision-First) to find 'Add to cart'...
2026-01-23T04:16:52.4029678Z     [SEARCH] Trying smart selectors for 'Add to cart'...
2026-01-23T04:16:52.5063698Z     [SEARCH] Searching for: 'Add to cart' (optimized order: ID -> Role -> Name -> Text)
2026-01-23T04:16:52.5064532Z       [1] id-exact: '#add\20 to\20 cart' -> 0 matches
2026-01-23T04:16:52.5065121Z       [1] id-exact: '#add_to_cart' -> 0 matches
2026-01-23T04:16:52.5065648Z       [1] id-exact: '#add-to-cart' -> 0 matches
2026-01-23T04:16:52.5066181Z       [1] id-exact: '#addtocart' -> 0 matches
2026-01-23T04:16:52.5066604Z       [1] id-exact: '#AddToCart' -> 0 matches
2026-01-23T04:16:52.5067360Z       [1.5] data-test: '[data-test*='add to cart' i]' -> 0 matches
2026-01-23T04:16:52.5068067Z       [1.5] data-test: '[data-test*='add_to_cart' i]' -> 0 matches
2026-01-23T04:16:52.5068724Z       [1.5] data-test: '[data-test*='add-to-cart' i]' -> 0 matches
2026-01-23T04:16:52.5069135Z       [1.5] data-test: '[data-test*='addtocart' i]' -> 0 matches
2026-01-23T04:16:52.5069548Z       [1.5] data-testid: '[data-testid*='add to cart' i]' -> 0 matches
2026-01-23T04:16:52.5070327Z       [1.5] data-testid: '[data-testid*='add_to_cart' i]' -> 0 matches
2026-01-23T04:16:52.5070773Z       [1.5] data-testid: '[data-testid*='add-to-cart' i]' -> 0 matches
2026-01-23T04:16:52.5071188Z       [1.5] data-testid: '[data-testid*='addtocart' i]' -> 0 matches
2026-01-23T04:16:52.5071582Z       [1.5] data-qa: '[data-qa*='add to cart' i]' -> 0 matches
2026-01-23T04:16:52.5071949Z       [1.5] data-qa: '[data-qa*='add_to_cart' i]' -> 0 matches
2026-01-23T04:16:52.5072306Z       [1.5] data-qa: '[data-qa*='add-to-cart' i]' -> 0 matches
2026-01-23T04:16:52.5072659Z       [1.5] data-qa: '[data-qa*='addtocart' i]' -> 0 matches
2026-01-23T04:16:52.5073317Z       [1.5] qa-id: '[qa-id*='add to cart' i]' -> 0 matches
2026-01-23T04:16:52.5073658Z       [1.5] qa-id: '[qa-id*='add_to_cart' i]' -> 0 matches
2026-01-23T04:16:52.5073992Z       [1.5] qa-id: '[qa-id*='add-to-cart' i]' -> 0 matches
2026-01-23T04:16:52.5074327Z       [1.5] qa-id: '[qa-id*='addtocart' i]' -> 0 matches
2026-01-23T04:16:52.5074675Z       [1.5] test-id: '[test-id*='add to cart' i]' -> 0 matches
2026-01-23T04:16:52.5075040Z       [1.5] test-id: '[test-id*='add_to_cart' i]' -> 0 matches
2026-01-23T04:16:52.5075398Z       [1.5] test-id: '[test-id*='add-to-cart' i]' -> 0 matches
2026-01-23T04:16:52.5075754Z       [1.5] test-id: '[test-id*='addtocart' i]' -> 0 matches
2026-01-23T04:16:52.5076127Z       [2] role-button-exact: 'role=button[name='Add to cart' i]' -> 0 matches
2026-01-23T04:16:52.5076590Z       [2] role-button-partial: 'role=button[name*='Add to cart' i]' -> 0 matches
2026-01-23T04:16:52.5077027Z       [2] role-link-exact: 'role=link[name='Add to cart' i]' -> 0 matches
2026-01-23T04:16:52.5077701Z       [2] role-link-partial: 'role=link[name*='Add to cart' i]' -> 0 matches
2026-01-23T04:16:52.5078076Z       [8] id-partial: '[id*='add to cart']' -> 0 matches
2026-01-23T04:16:52.5078399Z       [5] name-exact: 'input[name='add to cart' i]' -> 0 matches
2026-01-23T04:16:52.5078720Z       [5] name: '[name*='add to cart' i]' -> 0 matches
2026-01-23T04:16:52.5079106Z       [6] placeholder-exact-ci: 'input[placeholder='Add to cart' i]' -> 0 matches
2026-01-23T04:16:52.5079548Z       [7] button-text-is: 'button:text-is('Add to cart')' -> 0 matches
2026-01-23T04:16:52.5079919Z       [7] span-text-is: 'span:text-is('Add to cart')' -> 0 matches
2026-01-23T04:16:52.5080258Z       [7] a-text-is: 'a:text-is('Add to cart')' -> 0 matches
2026-01-23T04:16:52.5080659Z     [WARN] Smart selectors failed (no unique match). Falling back to AI Vision...
2026-01-23T04:16:52.5082401Z     [AI] [EXPERT] Strategy: Act as a Senior SDET focusing on e-commerce flow automation and conversion funnel reliability. Focus on the complete shopping funnel (Search -> Product Selection -> Add to Cart -> Checkout). CRITICAL: Identify SEARCH BARS, magnifying glass icons, and 'Add to Cart' buttons as primary automation targets. Dismiss popups that block the flow. For product lists, default to selecting the FIRST available item for consistent automation.
2026-01-23T04:16:54.7789549Z [DEBUG] Sending request to gemini-2.0-flash-lite-preview-02-05. Number of parts: 2
2026-01-23T04:16:54.7790569Z [DEBUG] Received response (Length: 279)
2026-01-23T04:16:54.7792068Z     [TIP] Expert Suggestion: The current page is the login page. The 'Add to cart' button is not present. The next step is to login and then navigate to the products page.
2026-01-23T04:16:55.5553304Z     [SEARCH] Searching for: 'Login' (optimized order: ID -> Role -> Name -> Text)
2026-01-23T04:16:55.5554022Z       [1] id-exact: '#login' -> 0 matches
2026-01-23T04:16:55.5554415Z       [1] id-exact: '#login' -> 0 matches
2026-01-23T04:16:55.5554838Z       [1] id-exact: '#login' -> 0 matches
2026-01-23T04:16:55.5555234Z       [1] id-exact: '#login' -> 0 matches
2026-01-23T04:16:55.5555654Z       [1] id-exact: '#login' -> 0 matches
2026-01-23T04:16:55.5556105Z       [1.5] data-test: '[data-test*='login' i]' -> 5 matches
2026-01-23T04:16:55.5556669Z       [1.5] data-test: '[data-test*='login' i]' -> 5 matches
2026-01-23T04:16:55.5557910Z       [1.5] data-test: '[data-test*='login' i]' -> 5 matches
2026-01-23T04:16:55.5558497Z       [1.5] data-test: '[data-test*='login' i]' -> 5 matches
2026-01-23T04:16:55.5559096Z       [1.5] data-testid: '[data-testid*='login' i]' -> 0 matches
2026-01-23T04:16:55.5559681Z       [1.5] data-testid: '[data-testid*='login' i]' -> 0 matches
2026-01-23T04:16:55.5560292Z       [1.5] data-testid: '[data-testid*='login' i]' -> 0 matches
2026-01-23T04:16:55.5560974Z       [1.5] data-testid: '[data-testid*='login' i]' -> 0 matches
2026-01-23T04:16:55.5561566Z       [1.5] data-qa: '[data-qa*='login' i]' -> 0 matches
2026-01-23T04:16:55.5562428Z       [1.5] data-qa: '[data-qa*='login' i]' -> 0 matches
2026-01-23T04:16:55.5562979Z       [1.5] data-qa: '[data-qa*='login' i]' -> 0 matches
2026-01-23T04:16:55.5563580Z       [1.5] data-qa: '[data-qa*='login' i]' -> 0 matches
2026-01-23T04:16:55.5564073Z       [1.5] qa-id: '[qa-id*='login' i]' -> 0 matches
2026-01-23T04:16:55.5564600Z       [1.5] qa-id: '[qa-id*='login' i]' -> 0 matches
2026-01-23T04:16:55.5564944Z       [1.5] qa-id: '[qa-id*='login' i]' -> 0 matches
2026-01-23T04:16:55.5565212Z       [1.5] qa-id: '[qa-id*='login' i]' -> 0 matches
2026-01-23T04:16:55.5565502Z       [1.5] test-id: '[test-id*='login' i]' -> 0 matches
2026-01-23T04:16:55.5565800Z       [1.5] test-id: '[test-id*='login' i]' -> 0 matches
2026-01-23T04:16:55.5566103Z       [1.5] test-id: '[test-id*='login' i]' -> 0 matches
2026-01-23T04:16:55.5566402Z       [1.5] test-id: '[test-id*='login' i]' -> 0 matches
2026-01-23T04:16:55.5566760Z       [2] role-button-exact: 'role=button[name='Login' i]' -> 1 matches
2026-01-23T04:16:55.5567392Z       [OK] EARLY EXIT: Role match (0.96 confidence)!
2026-01-23T04:16:55.5567725Z     [OK] Executed corrective navigation: click -> Login
2026-01-23T04:17:01.1078304Z     [OK] State transitioned.
2026-01-23T04:17:02.6504405Z [DEBUG] Sending request to gemini-2.0-flash-lite-preview-02-05. Number of parts: 2
2026-01-23T04:17:02.6505197Z [DEBUG] Received response (Length: 231)
2026-01-23T04:17:02.6505781Z       AI Next Step Suggestion: click -> Add to cart
2026-01-23T04:17:02.6506415Z     [SUGGEST] Suggested Locator: #add-to-cart-sauce-labs-backpack
2026-01-23T04:17:02.6507586Z     [REASON] Reasoning: The goal is to add 'Backpack' to the cart. The 'Add to cart' button for the backpack is visible.
2026-01-23T04:17:02.6508648Z     [WARN] Skipping duplicate AI suggestion (just executed): ('click', 'add to cart')
2026-01-23T04:17:02.6509259Z   [STEP] [STEP step_10] CLICK: Cart
2026-01-23T04:17:02.6579486Z     [SEARCH] Mining locators for: 'Cart'
2026-01-23T04:17:02.7761189Z     [OK] Found 11 verified locators
2026-01-23T04:17:06.3245585Z     [OK] State transitioned.
2026-01-23T04:17:08.5088502Z [DEBUG] Sending request to gemini-2.0-flash-lite-preview-02-05. Number of parts: 2
2026-01-23T04:17:08.5089320Z [DEBUG] Received response (Length: 454)
2026-01-23T04:17:08.5089846Z       AI Next Step Suggestion: click -> Add to cart
2026-01-23T04:17:08.5090590Z     [SUGGEST] Suggested Locator: #add-to-cart-sauce-labs-bolt-t-shirt
2026-01-23T04:17:08.5092883Z     [REASON] Reasoning: The goal is to add 'Backpack' to the cart, but the current page shows the product list. The 'Add to cart' button for 'Sauce Labs Bolt T-Shirt' is visible, and the previous action was to click 'Add to cart'. Since the goal is to add 'Backpack', and it is already in the cart, the next step is to click the cart icon.
2026-01-23T04:17:08.5123926Z     [OK] AI suggested locator '#add-to-cart-sauce-labs-bolt-t-shirt' validated (1 element found)
2026-01-23T04:17:08.5124813Z       Injected AI step: click -> Add to cart
2026-01-23T04:17:08.5125357Z   [STEP] [STEP step_10_ai_1] CLICK: Add to cart
2026-01-23T04:17:08.5192270Z     [TARGET] Using AI-provided locator: #add-to-cart-sauce-labs-bolt-t-shirt
2026-01-23T04:17:08.5250313Z     [OK] Found 1 verified locators
2026-01-23T04:17:12.5752257Z     [OK] State transitioned.
2026-01-23T04:17:12.5809935Z       Revisited state detected (count: 1)
2026-01-23T04:17:14.1852179Z [DEBUG] Sending request to gemini-2.0-flash-lite-preview-02-05. Number of parts: 2
2026-01-23T04:17:14.1853258Z [DEBUG] Received response (Length: 202)
2026-01-23T04:17:14.1853883Z       AI Next Step Suggestion: click -> Cart
2026-01-23T04:17:14.1855118Z     [REASON] Reasoning: The previous action added an item to the cart. The next step is to view the cart to proceed to checkout.
2026-01-23T04:17:14.1856375Z       Injected AI step: click -> Cart
2026-01-23T04:17:14.1856949Z   [STEP] [STEP step_10_ai_2] CLICK: Cart
2026-01-23T04:17:14.1933406Z     [SEARCH] Mining locators for: 'Cart'
2026-01-23T04:17:14.2760335Z     [OK] Found 7 verified locators
2026-01-23T04:17:17.8241396Z     [OK] State transitioned.
2026-01-23T04:17:17.8301157Z       Revisited state detected (count: 2)
2026-01-23T04:17:19.5040153Z [DEBUG] Sending request to gemini-2.0-flash-lite-preview-02-05. Number of parts: 2
2026-01-23T04:17:19.5040959Z [DEBUG] Received response (Length: 215)
2026-01-23T04:17:19.5041310Z       AI Next Step Suggestion: click -> Cart
2026-01-23T04:17:19.5042055Z     [REASON] Reasoning: The previous actions added items to the cart. Now, the next step is to proceed to checkout by clicking the cart icon.
2026-01-23T04:17:19.5042862Z     [WARN] Skipping duplicate AI suggestion (just executed): ('click', 'cart')
2026-01-23T04:17:19.5043246Z   [STEP] [STEP step_13] ASSERT_URL: 
2026-01-23T04:17:21.5216960Z     [OK] State transitioned.
2026-01-23T04:17:21.5278210Z       Revisited state detected (count: 3)
2026-01-23T04:17:21.5278957Z     [WARN] Too many revisits (3). Stopping AI step injection to prevent loops.
2026-01-23T04:17:21.5279711Z   [STEP] [STEP step_14] CLICK: Checkout
2026-01-23T04:17:21.5348299Z     [SEARCH] Mining locators for: 'Checkout'
2026-01-23T04:17:21.5703828Z     [AI] Consulting AI (Vision-First) to find 'Checkout'...
2026-01-23T04:17:21.5704486Z     [SEARCH] Trying smart selectors for 'Checkout'...
2026-01-23T04:17:21.6689206Z     [SEARCH] Searching for: 'Checkout' (optimized order: ID -> Role -> Name -> Text)
2026-01-23T04:17:21.6690020Z       [1] id-exact: '#checkout' -> 0 matches
2026-01-23T04:17:21.6690762Z       [1] id-exact: '#checkout' -> 0 matches
2026-01-23T04:17:21.6691471Z       [1] id-exact: '#checkout' -> 0 matches
2026-01-23T04:17:21.6692003Z       [1] id-exact: '#checkout' -> 0 matches
2026-01-23T04:17:21.6692550Z       [1] id-exact: '#checkout' -> 0 matches
2026-01-23T04:17:21.6693198Z       [1.5] data-test: '[data-test*='checkout' i]' -> 0 matches
2026-01-23T04:17:21.6693948Z       [1.5] data-test: '[data-test*='checkout' i]' -> 0 matches
2026-01-23T04:17:21.6694626Z       [1.5] data-test: '[data-test*='checkout' i]' -> 0 matches
2026-01-23T04:17:21.6695198Z       [1.5] data-test: '[data-test*='checkout' i]' -> 0 matches
2026-01-23T04:17:21.6695839Z       [1.5] data-testid: '[data-testid*='checkout' i]' -> 0 matches
2026-01-23T04:17:21.6696612Z       [1.5] data-testid: '[data-testid*='checkout' i]' -> 0 matches
2026-01-23T04:17:21.6697538Z       [1.5] data-testid: '[data-testid*='checkout' i]' -> 0 matches
2026-01-23T04:17:21.6698239Z       [1.5] data-testid: '[data-testid*='checkout' i]' -> 0 matches
2026-01-23T04:17:21.6698933Z       [1.5] data-qa: '[data-qa*='checkout' i]' -> 0 matches
2026-01-23T04:17:21.6699749Z       [1.5] data-qa: '[data-qa*='checkout' i]' -> 0 matches
2026-01-23T04:17:21.6700443Z       [1.5] data-qa: '[data-qa*='checkout' i]' -> 0 matches
2026-01-23T04:17:21.6701126Z       [1.5] data-qa: '[data-qa*='checkout' i]' -> 0 matches
2026-01-23T04:17:21.6701794Z       [1.5] qa-id: '[qa-id*='checkout' i]' -> 0 matches
2026-01-23T04:17:21.6702368Z       [1.5] qa-id: '[qa-id*='checkout' i]' -> 0 matches
2026-01-23T04:17:21.6702873Z       [1.5] qa-id: '[qa-id*='checkout' i]' -> 0 matches
2026-01-23T04:17:21.6703371Z       [1.5] qa-id: '[qa-id*='checkout' i]' -> 0 matches
2026-01-23T04:17:21.6703908Z       [1.5] test-id: '[test-id*='checkout' i]' -> 0 matches
2026-01-23T04:17:21.6704449Z       [1.5] test-id: '[test-id*='checkout' i]' -> 0 matches
2026-01-23T04:17:21.6705293Z       [1.5] test-id: '[test-id*='checkout' i]' -> 0 matches
2026-01-23T04:17:21.6705914Z       [1.5] test-id: '[test-id*='checkout' i]' -> 0 matches
2026-01-23T04:17:21.6706615Z       [2] role-button-exact: 'role=button[name='Checkout' i]' -> 0 matches
2026-01-23T04:17:21.6707662Z       [2] role-button-partial: 'role=button[name*='Checkout' i]' -> 0 matches
2026-01-23T04:17:21.6708393Z       [8] id-partial: '[id*='checkout']' -> 0 matches
2026-01-23T04:17:21.6708995Z       [5] name-exact: 'input[name='checkout' i]' -> 0 matches
2026-01-23T04:17:21.6709574Z       [5] name: '[name*='checkout' i]' -> 0 matches
2026-01-23T04:17:21.6710548Z       [6] placeholder-exact-ci: 'input[placeholder='Checkout' i]' -> 0 matches
2026-01-23T04:17:21.6711341Z       [7] button-text-is: 'button:text-is('Checkout')' -> 0 matches
2026-01-23T04:17:21.6712021Z       [7] span-text-is: 'span:text-is('Checkout')' -> 0 matches
2026-01-23T04:17:21.6712801Z       [7] a-text-is: 'a:text-is('Checkout')' -> 0 matches
2026-01-23T04:17:21.6734144Z     [WARN] Smart selectors failed (no unique match). Falling back to AI Vision...
2026-01-23T04:17:21.6736600Z     [AI] [EXPERT] Strategy: Act as a Senior SDET focusing on e-commerce flow automation and conversion funnel reliability. Focus on the complete shopping funnel (Search -> Product Selection -> Add to Cart -> Checkout). CRITICAL: Identify SEARCH BARS, magnifying glass icons, and 'Add to Cart' buttons as primary automation targets. Dismiss popups that block the flow. For product lists, default to selecting the FIRST available item for consistent automation.
2026-01-23T04:17:23.3062195Z [DEBUG] Sending request to gemini-2.0-flash-lite-preview-02-05. Number of parts: 2
2026-01-23T04:17:23.3063068Z [DEBUG] Received response (Length: 185)
2026-01-23T04:17:23.3063796Z     [TIP] Expert Suggestion: The 'Checkout' button is likely on the cart page.
2026-01-23T04:17:24.1391077Z     [SEARCH] Searching for: 'cart' (optimized order: ID -> Role -> Name -> Text)
2026-01-23T04:17:24.1391568Z       [1] id-exact: '#cart' -> 0 matches
2026-01-23T04:17:24.1391889Z       [1] id-exact: '#cart' -> 0 matches
2026-01-23T04:17:24.1392160Z       [1] id-exact: '#cart' -> 0 matches
2026-01-23T04:17:24.1392429Z       [1] id-exact: '#cart' -> 0 matches
2026-01-23T04:17:24.1392695Z       [1] id-exact: '#cart' -> 0 matches
2026-01-23T04:17:24.1393016Z       [1.5] data-test: '[data-test*='cart' i]' -> 4 matches
2026-01-23T04:17:24.1393383Z       [1.5] data-test: '[data-test*='cart' i]' -> 4 matches
2026-01-23T04:17:24.1393735Z       [1.5] data-test: '[data-test*='cart' i]' -> 4 matches
2026-01-23T04:17:24.1394083Z       [1.5] data-test: '[data-test*='cart' i]' -> 4 matches
2026-01-23T04:17:24.1394457Z       [1.5] data-testid: '[data-testid*='cart' i]' -> 0 matches
2026-01-23T04:17:24.1394840Z       [1.5] data-testid: '[data-testid*='cart' i]' -> 0 matches
2026-01-23T04:17:24.1395218Z       [1.5] data-testid: '[data-testid*='cart' i]' -> 0 matches
2026-01-23T04:17:24.1395589Z       [1.5] data-testid: '[data-testid*='cart' i]' -> 0 matches
2026-01-23T04:17:24.1395958Z       [1.5] data-qa: '[data-qa*='cart' i]' -> 0 matches
2026-01-23T04:17:24.1396430Z       [1.5] data-qa: '[data-qa*='cart' i]' -> 0 matches
2026-01-23T04:17:24.1396758Z       [1.5] data-qa: '[data-qa*='cart' i]' -> 0 matches
2026-01-23T04:17:24.1397301Z       [1.5] data-qa: '[data-qa*='cart' i]' -> 0 matches
2026-01-23T04:17:24.1397718Z       [1.5] qa-id: '[qa-id*='cart' i]' -> 0 matches
2026-01-23T04:17:24.1398016Z       [1.5] qa-id: '[qa-id*='cart' i]' -> 0 matches
2026-01-23T04:17:24.1398298Z       [1.5] qa-id: '[qa-id*='cart' i]' -> 0 matches
2026-01-23T04:17:24.1398595Z       [1.5] qa-id: '[qa-id*='cart' i]' -> 0 matches
2026-01-23T04:17:24.1398909Z       [1.5] test-id: '[test-id*='cart' i]' -> 0 matches
2026-01-23T04:17:24.1399224Z       [1.5] test-id: '[test-id*='cart' i]' -> 0 matches
2026-01-23T04:17:24.1399526Z       [1.5] test-id: '[test-id*='cart' i]' -> 0 matches
2026-01-23T04:17:24.1399828Z       [1.5] test-id: '[test-id*='cart' i]' -> 0 matches
2026-01-23T04:17:24.1400410Z       [2] role-link-exact: 'role=link[name='cart' i]' -> 0 matches
2026-01-23T04:17:24.1400844Z       [2] role-link-partial: 'role=link[name*='cart' i]' -> 0 matches
2026-01-23T04:17:24.1401209Z       [8] id-partial: '[id*='cart']' -> 3 matches
2026-01-23T04:17:24.1401546Z       [9] id-partial-visible: '[id*='cart']:visible' -> 3 matches
2026-01-23T04:17:24.1401905Z       [5] name-exact: 'input[name='cart' i]' -> 0 matches
2026-01-23T04:17:24.1402215Z       [5] name: '[name*='cart' i]' -> 2 matches
2026-01-23T04:17:24.1402599Z       [6] placeholder-exact-ci: 'input[placeholder='cart' i]' -> 0 matches
2026-01-23T04:17:24.1403163Z       [7] button-text-is: 'button:text-is('cart')' -> 0 matches
2026-01-23T04:17:24.1403527Z       [7] span-text-is: 'span:text-is('cart')' -> 0 matches
2026-01-23T04:17:24.1403856Z       [7] a-text-is: 'a:text-is('cart')' -> 0 matches
2026-01-23T04:17:24.1404259Z       [BOOST] [PRIMING] Goal keyword 'cart' found in selector. Boosting confidence.
2026-01-23T04:17:24.1404768Z       [BOOST] [PRIMING] Goal keyword 'cart' found in selector. Boosting confidence.
2026-01-23T04:17:24.1405258Z       [BOOST] [PRIMING] Goal keyword 'cart' found in selector. Boosting confidence.
2026-01-23T04:17:24.1405749Z       [BOOST] [PRIMING] Goal keyword 'cart' found in selector. Boosting confidence.
2026-01-23T04:17:24.1406240Z       [BOOST] [PRIMING] Goal keyword 'cart' found in selector. Boosting confidence.
2026-01-23T04:17:24.1406733Z       [BOOST] [PRIMING] Goal keyword 'cart' found in selector. Boosting confidence.
2026-01-23T04:17:24.1407236Z     [TOP 3] Smart Locators found:
2026-01-23T04:17:24.1407621Z        1. [data-test*='cart' i] >> nth=2 (Score: 0.93, Method: data-test-disambiguated)
2026-01-23T04:17:24.1408115Z        2. [data-test*='cart' i] >> nth=2 (Score: 0.93, Method: data-test-disambiguated)
2026-01-23T04:17:24.1408567Z        3. [data-test*='cart' i] >> nth=2 (Score: 0.93, Method: data-test-disambiguated)
2026-01-23T04:17:24.1408966Z     [OK] Executed corrective navigation: click -> cart
2026-01-23T04:17:31.1551739Z     [WARN] Scroll into view failed for text=Checkout. Proceeding anyway.
2026-01-23T04:17:36.1571401Z     [WARN] Action failed: Locator.bounding_box: Timeout 5000ms exceeded.
2026-01-23T04:17:36.1571981Z Cal...
2026-01-23T04:17:37.8453600Z [DEBUG] Sending request to gemini-2.0-flash-lite-preview-02-05. Number of parts: 2
2026-01-23T04:17:37.8454319Z [DEBUG] Received response (Length: 364)
2026-01-23T04:17:37.8454655Z     [AI] AI suggested 1 healing approaches.
2026-01-23T04:17:37.8499864Z       [FAIL] Rejected: Invalid selector syntax 'button:contains('Add to cart')' (Locator.count: SyntaxError: Failed to execute 'que)
2026-01-23T04:17:37.8500784Z     [FAIL] AI healing failed to find valid replacements.
2026-01-23T04:17:37.8501260Z        Tried: CSS selectors, visibility filters, coordinate fallback
2026-01-23T04:17:37.8503363Z     ⚡ PARALLEL MODE: Batching 3 fill steps
2026-01-23T04:17:37.8503725Z       Batch mining 3 fields in parallel...
2026-01-23T04:17:37.8860269Z     [SEARCH] Trying smart selectors for 'First Name'...
2026-01-23T04:17:37.8868354Z     [SEARCH] Searching for: 'First Name' (optimized order: ID -> Role -> Name -> Text)
2026-01-23T04:17:37.8869212Z     [SEARCH] Trying smart selectors for 'Last Name'...
2026-01-23T04:17:37.8877663Z     [SEARCH] Searching for: 'Last Name' (optimized order: ID -> Role -> Name -> Text)
2026-01-23T04:17:37.8879959Z     [SEARCH] Trying smart selectors for 'Zip/Postal Code'...
2026-01-23T04:17:38.0402216Z     [SEARCH] Searching for: 'Zip/Postal Code' (optimized order: ID -> Role -> Name -> Text)
2026-01-23T04:17:38.0403121Z       [1] id-exact: '#first\20 name' -> 0 matches
2026-01-23T04:17:38.0403607Z       [1] id-exact: '#last\20 name' -> 0 matches
2026-01-23T04:17:38.0404128Z       [1] id-exact: '#zip\2f postal\20 code' -> 0 matches
2026-01-23T04:17:38.0404691Z       [1] id-exact: '#first_name' -> 0 matches
2026-01-23T04:17:38.0405213Z       [1] id-exact: '#last_name' -> 0 matches
2026-01-23T04:17:38.0405684Z       [1] id-exact: '#zippostal_code' -> 0 matches
2026-01-23T04:17:38.0406329Z       [1] id-exact: '#first-name' -> 0 matches
2026-01-23T04:17:38.0406740Z       [1] id-exact: '#last-name' -> 0 matches
2026-01-23T04:17:38.0407419Z       [1] id-exact: '#zippostal-code' -> 0 matches
2026-01-23T04:17:38.0407999Z       [1] id-exact: '#firstname' -> 0 matches
2026-01-23T04:17:38.0408519Z       [1] id-exact: '#lastname' -> 0 matches
2026-01-23T04:17:38.0409004Z       [1] id-exact: '#zippostalcode' -> 0 matches
2026-01-23T04:17:38.0409294Z       [1] id-exact: '#FirstName' -> 0 matches
2026-01-23T04:17:38.0409559Z       [1] id-exact: '#LastName' -> 0 matches
2026-01-23T04:17:38.0410044Z       [1] id-exact: '#ZippostalCode' -> 0 matches
2026-01-23T04:17:38.0410369Z       [1.5] data-test: '[data-test*='first name' i]' -> 0 matches
2026-01-23T04:17:38.0410728Z       [1.5] data-test: '[data-test*='last name' i]' -> 0 matches
2026-01-23T04:17:38.0411228Z       [1.5] data-test: '[data-test*='zip/postal code' i]' -> 0 matches
2026-01-23T04:17:38.0411861Z       [1.5] data-test: '[data-test*='first_name' i]' -> 0 matches
2026-01-23T04:17:38.0412209Z       [1.5] data-test: '[data-test*='last_name' i]' -> 0 matches
2026-01-23T04:17:38.0412692Z       [1.5] data-test: '[data-test*='zippostal_code' i]' -> 0 matches
2026-01-23T04:17:38.0413309Z       [1.5] data-test: '[data-test*='first-name' i]' -> 0 matches
2026-01-23T04:17:38.0413833Z       [1.5] data-test: '[data-test*='last-name' i]' -> 0 matches
2026-01-23T04:17:38.0414308Z       [1.5] data-test: '[data-test*='zippostal-code' i]' -> 0 matches
2026-01-23T04:17:38.0414668Z       [1.5] data-test: '[data-test*='firstname' i]' -> 0 matches
2026-01-23T04:17:38.0415011Z       [1.5] data-test: '[data-test*='lastname' i]' -> 0 matches
2026-01-23T04:17:38.0415366Z       [1.5] data-test: '[data-test*='zippostalcode' i]' -> 0 matches
2026-01-23T04:17:38.0415727Z       [1.5] data-testid: '[data-testid*='first name' i]' -> 0 matches
2026-01-23T04:17:38.0416096Z       [1.5] data-testid: '[data-testid*='last name' i]' -> 0 matches
2026-01-23T04:17:38.0416766Z       [1.5] data-testid: '[data-testid*='zip/postal code' i]' -> 0 matches
2026-01-23T04:17:38.0417640Z       [1.5] data-testid: '[data-testid*='first_name' i]' -> 0 matches
2026-01-23T04:17:38.0418275Z       [1.5] data-testid: '[data-testid*='last_name' i]' -> 0 matches
2026-01-23T04:17:38.0418936Z       [1.5] data-testid: '[data-testid*='zippostal_code' i]' -> 0 matches
2026-01-23T04:17:38.0419613Z       [1.5] data-testid: '[data-testid*='first-name' i]' -> 0 matches
2026-01-23T04:17:38.0420240Z       [1.5] data-testid: '[data-testid*='last-name' i]' -> 0 matches
2026-01-23T04:17:38.0420844Z       [1.5] data-testid: '[data-testid*='zippostal-code' i]' -> 0 matches
2026-01-23T04:17:38.0421492Z       [1.5] data-testid: '[data-testid*='firstname' i]' -> 0 matches
2026-01-23T04:17:38.0422169Z       [1.5] data-testid: '[data-testid*='lastname' i]' -> 0 matches
2026-01-23T04:17:38.0422867Z       [1.5] data-testid: '[data-testid*='zippostalcode' i]' -> 0 matches
2026-01-23T04:17:38.0423313Z       [1.5] data-qa: '[data-qa*='first name' i]' -> 0 matches
2026-01-23T04:17:38.0423802Z       [1.5] data-qa: '[data-qa*='last name' i]' -> 0 matches
2026-01-23T04:17:38.0424387Z       [1.5] data-qa: '[data-qa*='zip/postal code' i]' -> 0 matches
2026-01-23T04:17:38.0425016Z       [1.5] data-qa: '[data-qa*='first_name' i]' -> 0 matches
2026-01-23T04:17:38.0425651Z       [1.5] data-qa: '[data-qa*='last_name' i]' -> 0 matches
2026-01-23T04:17:38.0426261Z       [1.5] data-qa: '[data-qa*='zippostal_code' i]' -> 0 matches
2026-01-23T04:17:38.0426882Z       [1.5] data-qa: '[data-qa*='first-name' i]' -> 0 matches
2026-01-23T04:17:38.0427641Z       [1.5] data-qa: '[data-qa*='last-name' i]' -> 0 matches
2026-01-23T04:17:38.0428255Z       [1.5] data-qa: '[data-qa*='zippostal-code' i]' -> 0 matches
2026-01-23T04:17:38.0428920Z       [1.5] data-qa: '[data-qa*='firstname' i]' -> 0 matches
2026-01-23T04:17:38.0429405Z       [1.5] data-qa: '[data-qa*='lastname' i]' -> 0 matches
2026-01-23T04:17:38.0429914Z       [1.5] data-qa: '[data-qa*='zippostalcode' i]' -> 0 matches
2026-01-23T04:17:38.0430406Z       [1.5] qa-id: '[qa-id*='first name' i]' -> 0 matches
2026-01-23T04:17:38.0430761Z       [1.5] qa-id: '[qa-id*='last name' i]' -> 0 matches
2026-01-23T04:17:38.0431081Z       [1.5] qa-id: '[qa-id*='zip/postal code' i]' -> 0 matches
2026-01-23T04:17:38.0431395Z       [1.5] qa-id: '[qa-id*='first_name' i]' -> 0 matches
2026-01-23T04:17:38.0431913Z       [1.5] qa-id: '[qa-id*='last_name' i]' -> 0 matches
2026-01-23T04:17:38.0432358Z       [1.5] qa-id: '[qa-id*='zippostal_code' i]' -> 0 matches
2026-01-23T04:17:38.0432818Z       [1.5] qa-id: '[qa-id*='first-name' i]' -> 0 matches
2026-01-23T04:17:38.0433354Z       [1.5] qa-id: '[qa-id*='last-name' i]' -> 0 matches
2026-01-23T04:17:38.0433826Z       [1.5] qa-id: '[qa-id*='zippostal-code' i]' -> 0 matches
2026-01-23T04:17:38.0434321Z       [1.5] qa-id: '[qa-id*='firstname' i]' -> 0 matches
2026-01-23T04:17:38.0434745Z       [1.5] qa-id: '[qa-id*='lastname' i]' -> 0 matches
2026-01-23T04:17:38.0435073Z       [1.5] qa-id: '[qa-id*='zippostalcode' i]' -> 0 matches
2026-01-23T04:17:38.0435404Z       [1.5] test-id: '[test-id*='first name' i]' -> 0 matches
2026-01-23T04:17:38.0436023Z       [1.5] test-id: '[test-id*='last name' i]' -> 0 matches
2026-01-23T04:17:38.0436656Z       [1.5] test-id: '[test-id*='zip/postal code' i]' -> 0 matches
2026-01-23T04:17:38.0439116Z       [1.5] test-id: '[test-id*='first_name' i]' -> 0 matches
2026-01-23T04:17:38.0439666Z       [1.5] test-id: '[test-id*='last_name' i]' -> 0 matches
2026-01-23T04:17:38.0440230Z       [1.5] test-id: '[test-id*='zippostal_code' i]' -> 0 matches
2026-01-23T04:17:38.0440819Z       [1.5] test-id: '[test-id*='first-name' i]' -> 0 matches
2026-01-23T04:17:38.0441365Z       [1.5] test-id: '[test-id*='last-name' i]' -> 0 matches
2026-01-23T04:17:38.0441916Z       [1.5] test-id: '[test-id*='zippostal-code' i]' -> 0 matches
2026-01-23T04:17:38.0442492Z       [1.5] test-id: '[test-id*='firstname' i]' -> 0 matches
2026-01-23T04:17:38.0443050Z       [1.5] test-id: '[test-id*='lastname' i]' -> 0 matches
2026-01-23T04:17:38.0443645Z       [1.5] test-id: '[test-id*='zippostalcode' i]' -> 0 matches
2026-01-23T04:17:38.0444423Z       [1] ordinal-generic: '.name, [data-test*='name'], [id*='name'] >> nth=0' -> 6 matches
2026-01-23T04:17:38.0445395Z       [1] ordinal-generic: '.name, [data-test*='name'], [id*='name'] >> nth=-1' -> 6 matches
2026-01-23T04:17:38.0446421Z       [2] role-textbox-exact: 'role=textbox[name='Zip/Postal Code' i]' -> 0 matches
2026-01-23T04:17:38.0447400Z       [2] role-textbox-exact: 'role=textbox[name='First Name' i]' -> 0 matches
2026-01-23T04:17:38.0447917Z       [2] role-textbox-exact: 'role=textbox[name='Last Name' i]' -> 0 matches
2026-01-23T04:17:38.0448392Z       [2] role-textbox-partial: 'role=textbox[name*='Zip/Postal Code' i]' -> 0 matches
2026-01-23T04:17:38.0448881Z       [2] role-textbox-partial: 'role=textbox[name*='First Name' i]' -> 0 matches
2026-01-23T04:17:38.0449340Z       [2] role-textbox-partial: 'role=textbox[name*='Last Name' i]' -> 0 matches
2026-01-23T04:17:38.0449748Z       [8] id-partial: '[id*='zippostal code']' -> 0 matches
2026-01-23T04:17:38.0450437Z       [4] ordinal-generic: '.name, [data-test*='name'], [id*='name'] >> nth=0' -> 6 matches
2026-01-23T04:17:38.0451179Z       [4] ordinal-generic: '.name, [data-test*='name'], [id*='name'] >> nth=-1' -> 6 matches
2026-01-23T04:17:38.0451597Z       [8] id-partial: '[id*='first name']' -> 0 matches
2026-01-23T04:17:38.0451896Z       [8] id-partial: '[id*='last name']' -> 0 matches
2026-01-23T04:17:38.0452234Z       [5] name-exact: 'input[name='zippostal code' i]' -> 0 matches
2026-01-23T04:17:38.0452585Z       [5] name: '[name*='zippostal code' i]' -> 0 matches
2026-01-23T04:17:38.0452914Z       [5] name-exact: 'input[name='first name' i]' -> 0 matches
2026-01-23T04:17:38.0453260Z       [5] name-exact: 'input[name='last name' i]' -> 0 matches
2026-01-23T04:17:38.0453686Z       [6] placeholder-exact-ci: 'input[placeholder='Zip/Postal Code' i]' -> 0 matches
2026-01-23T04:17:38.0454416Z       [5] name: '[name*='first name' i]' -> 0 matches
2026-01-23T04:17:38.0454744Z       [5] name: '[name*='last name' i]' -> 0 matches
2026-01-23T04:17:38.0455132Z       [6] placeholder-exact-ci: 'input[placeholder='First Name' i]' -> 0 matches
2026-01-23T04:17:38.0455599Z       [6] placeholder-exact-ci: 'input[placeholder='Last Name' i]' -> 0 matches
2026-01-23T04:17:38.0456044Z       [7] button-text-is: 'button:text-is('Zip/Postal Code')' -> 0 matches
2026-01-23T04:17:38.0456451Z       [7] span-text-is: 'span:text-is('Zip/Postal Code')' -> 0 matches
2026-01-23T04:17:38.0457609Z       [7] button-text-is: 'button:text-is('First Name')' -> 0 matches
2026-01-23T04:17:38.0458287Z       [7] button-text-is: 'button:text-is('Last Name')' -> 0 matches
2026-01-23T04:17:38.0458952Z       [7] a-text-is: 'a:text-is('Zip/Postal Code')' -> 0 matches
2026-01-23T04:17:38.0459613Z       [7] span-text-is: 'span:text-is('First Name')' -> 0 matches
2026-01-23T04:17:38.0460283Z       [7] span-text-is: 'span:text-is('Last Name')' -> 0 matches
2026-01-23T04:17:38.0460836Z       [7] a-text-is: 'a:text-is('First Name')' -> 0 matches
2026-01-23T04:17:38.0461163Z       [7] a-text-is: 'a:text-is('Last Name')' -> 0 matches
2026-01-23T04:17:38.0461572Z     [WARN] Smart selectors failed (no unique match). Falling back to AI Vision...
2026-01-23T04:17:38.0463332Z     [AI] [EXPERT] Strategy: Act as a Senior SDET focusing on e-commerce flow automation and conversion funnel reliability. Focus on the complete shopping funnel (Search -> Product Selection -> Add to Cart -> Checkout). CRITICAL: Identify SEARCH BARS, magnifying glass icons, and 'Add to Cart' buttons as primary automation targets. Dismiss popups that block the flow. For product lists, default to selecting the FIRST available item for consistent automation.
2026-01-23T04:17:38.0464998Z     [TOP 3] Smart Locators found:
2026-01-23T04:17:38.0465367Z        1. .name, [data-test*='name'], [id*='name'] >> nth=0 (Score: 0.88, Method: ordinal-generic)
2026-01-23T04:17:38.0465883Z        2. .name, [data-test*='name'], [id*='name'] >> nth=0 (Score: 0.88, Method: ordinal-generic)
2026-01-23T04:17:38.0466378Z     [OK] Smart selector found 'First Name' via ordinal-generic (confidence: 0.88)
2026-01-23T04:17:38.0466750Z     [TOP 3] Smart Locators found:
2026-01-23T04:17:38.0467327Z        1. .name, [data-test*='name'], [id*='name'] >> nth=-1 (Score: 0.88, Method: ordinal-generic)
2026-01-23T04:17:38.0467857Z        2. .name, [data-test*='name'], [id*='name'] >> nth=-1 (Score: 0.88, Method: ordinal-generic)
2026-01-23T04:17:38.0468352Z     [OK] Smart selector found 'Last Name' via ordinal-generic (confidence: 0.88)
2026-01-23T04:17:40.1855382Z [DEBUG] Sending request to gemini-2.0-flash-lite-preview-02-05. Number of parts: 2
2026-01-23T04:17:40.1856143Z [DEBUG] Received response (Length: 286)
2026-01-23T04:17:40.1856957Z     [SEARCH] Batch rejecting incompatible locator for 'fill': .name, [data-test*='name'], [id*='name'] >> nth=0
2026-01-23T04:17:40.1924388Z     [SEARCH] Batch rejecting incompatible locator for 'fill': .name, [data-test*='name'], [id*='name'] >> nth=-1
2026-01-23T04:17:40.1926268Z     ⚠️ Batch processing error: 'value'
2026-01-23T04:17:40.1926891Z     🔄 Falling back to sequential processing
2026-01-23T04:17:40.1927568Z   [STEP] [STEP step_15] FILL: First Name
2026-01-23T04:17:40.1993196Z     [SEARCH] Mining locators for: 'First Name'
2026-01-23T04:17:40.2359161Z     [AI] Consulting AI (Vision-First) to find 'First Name'...
2026-01-23T04:17:40.2359871Z     [SEARCH] Trying smart selectors for 'First Name'...
2026-01-23T04:17:40.3352455Z     [SEARCH] Searching for: 'First Name' (optimized order: ID -> Role -> Name -> Text)
2026-01-23T04:17:40.3353216Z       [1] id-exact: '#first\20 name' -> 0 matches
2026-01-23T04:17:40.3353573Z       [1] id-exact: '#first_name' -> 0 matches
2026-01-23T04:17:40.3353906Z       [1] id-exact: '#first-name' -> 0 matches
2026-01-23T04:17:40.3354225Z       [1] id-exact: '#firstname' -> 0 matches
2026-01-23T04:17:40.3354828Z       [1] id-exact: '#FirstName' -> 0 matches
2026-01-23T04:17:40.3355214Z       [1.5] data-test: '[data-test*='first name' i]' -> 0 matches
2026-01-23T04:17:40.3355646Z       [1.5] data-test: '[data-test*='first_name' i]' -> 0 matches
2026-01-23T04:17:40.3356057Z       [1.5] data-test: '[data-test*='first-name' i]' -> 0 matches
2026-01-23T04:17:40.3356471Z       [1.5] data-test: '[data-test*='firstname' i]' -> 0 matches
2026-01-23T04:17:40.3357272Z       [1.5] data-testid: '[data-testid*='first name' i]' -> 0 matches
2026-01-23T04:17:40.3357850Z       [1.5] data-testid: '[data-testid*='first_name' i]' -> 0 matches
2026-01-23T04:17:40.3358495Z       [1.5] data-testid: '[data-testid*='first-name' i]' -> 0 matches
2026-01-23T04:17:40.3358945Z       [1.5] data-testid: '[data-testid*='firstname' i]' -> 0 matches
2026-01-23T04:17:40.3359364Z       [1.5] data-qa: '[data-qa*='first name' i]' -> 0 matches
2026-01-23T04:17:40.3359754Z       [1.5] data-qa: '[data-qa*='first_name' i]' -> 0 matches
2026-01-23T04:17:40.3360140Z       [1.5] data-qa: '[data-qa*='first-name' i]' -> 0 matches
2026-01-23T04:17:40.3360522Z       [1.5] data-qa: '[data-qa*='firstname' i]' -> 0 matches
2026-01-23T04:17:40.3360850Z       [1.5] qa-id: '[qa-id*='first name' i]' -> 0 matches
2026-01-23T04:17:40.3361152Z       [1.5] qa-id: '[qa-id*='first_name' i]' -> 0 matches
2026-01-23T04:17:40.3361450Z       [1.5] qa-id: '[qa-id*='first-name' i]' -> 0 matches
2026-01-23T04:17:40.3361745Z       [1.5] qa-id: '[qa-id*='firstname' i]' -> 0 matches
2026-01-23T04:17:40.3362053Z       [1.5] test-id: '[test-id*='first name' i]' -> 0 matches
2026-01-23T04:17:40.3362388Z       [1.5] test-id: '[test-id*='first_name' i]' -> 0 matches
2026-01-23T04:17:40.3362709Z       [1.5] test-id: '[test-id*='first-name' i]' -> 0 matches
2026-01-23T04:17:40.3363029Z       [1.5] test-id: '[test-id*='firstname' i]' -> 0 matches
2026-01-23T04:17:40.3363430Z       [1] ordinal-generic: '.name, [data-test*='name'], [id*='name'] >> nth=0' -> 6 matches
2026-01-23T04:17:40.3363919Z       [2] role-textbox-exact: 'role=textbox[name='First Name' i]' -> 0 matches
2026-01-23T04:17:40.3364392Z       [2] role-textbox-partial: 'role=textbox[name*='First Name' i]' -> 0 matches
2026-01-23T04:17:40.3364876Z       [4] ordinal-generic: '.name, [data-test*='name'], [id*='name'] >> nth=0' -> 6 matches
2026-01-23T04:17:40.3365281Z       [8] id-partial: '[id*='first name']' -> 0 matches
2026-01-23T04:17:40.3365608Z       [5] name-exact: 'input[name='first name' i]' -> 0 matches
2026-01-23T04:17:40.3365929Z       [5] name: '[name*='first name' i]' -> 0 matches
2026-01-23T04:17:40.3366314Z       [6] placeholder-exact-ci: 'input[placeholder='First Name' i]' -> 0 matches
2026-01-23T04:17:40.3367051Z       [7] button-text-is: 'button:text-is('First Name')' -> 0 matches
2026-01-23T04:17:40.3367549Z       [7] span-text-is: 'span:text-is('First Name')' -> 0 matches
2026-01-23T04:17:40.3367895Z       [7] a-text-is: 'a:text-is('First Name')' -> 0 matches
2026-01-23T04:17:40.3368428Z     [TOP 3] Smart Locators found:
2026-01-23T04:17:40.3368812Z        1. .name, [data-test*='name'], [id*='name'] >> nth=0 (Score: 0.88, Method: ordinal-generic)
2026-01-23T04:17:40.3369344Z        2. .name, [data-test*='name'], [id*='name'] >> nth=0 (Score: 0.88, Method: ordinal-generic)
2026-01-23T04:17:40.3369841Z     [OK] Smart selector found 'First Name' via ordinal-generic (confidence: 0.88)
2026-01-23T04:17:40.3400416Z     [OK] Found 1 verified locators
2026-01-23T04:17:45.4387691Z     [OK] State transitioned.
2026-01-23T04:17:46.9401458Z [DEBUG] Sending request to gemini-2.0-flash-lite-preview-02-05. Number of parts: 2
2026-01-23T04:17:46.9402017Z [DEBUG] Received response (Length: 227)
2026-01-23T04:17:46.9402375Z       AI Next Step Suggestion: click -> Back to products
2026-01-23T04:17:46.9402749Z     [SUGGEST] Suggested Locator: #back-to-products
2026-01-23T04:17:46.9403431Z     [REASON] Reasoning: The user is on the product detail page. The next step is to go back to the products page to continue the checkout flow.
2026-01-23T04:17:46.9433173Z     [OK] AI suggested locator '#back-to-products' validated (1 element found)
2026-01-23T04:17:46.9433870Z       Injected AI step: click -> Back to products
2026-01-23T04:17:46.9434212Z   [STEP] [STEP step_15_ai_1] CLICK: Back to products
2026-01-23T04:17:46.9500614Z     [TARGET] Using AI-provided locator: #back-to-products
2026-01-23T04:17:46.9554443Z     [OK] Found 1 verified locators
2026-01-23T04:17:51.0128790Z     [OK] State transitioned.
2026-01-23T04:17:51.0190554Z       Revisited state detected (count: 1)
2026-01-23T04:17:52.7823825Z [DEBUG] Sending request to gemini-2.0-flash-lite-preview-02-05. Number of parts: 2
2026-01-23T04:17:52.7824823Z [DEBUG] Received response (Length: 207)
2026-01-23T04:17:52.7825249Z       AI Next Step Suggestion: click -> Cart
2026-01-23T04:17:52.7825707Z     [SUGGEST] Suggested Locator: #shopping_cart_container a
2026-01-23T04:17:52.7826304Z     [REASON] Reasoning: The previous action was 'Back to products'. The next step is to go to the cart to proceed to checkout.
2026-01-23T04:17:52.7827446Z [WARN] Loop detected: AI suggested 'click -> Cart' 3 times on this page. Inhibiting and moving to next step.
2026-01-23T04:17:52.7828175Z     ⚡ PARALLEL MODE: Batching 2 fill steps
2026-01-23T04:17:52.7828455Z       Batch mining 2 fields in parallel...
2026-01-23T04:17:52.8198580Z     [SEARCH] Trying smart selectors for 'Last Name'...
2026-01-23T04:17:52.8206122Z     [SEARCH] Searching for: 'Last Name' (optimized order: ID -> Role -> Name -> Text)
2026-01-23T04:17:52.8207005Z     [SEARCH] Trying smart selectors for 'Zip/Postal Code'...
2026-01-23T04:17:52.9204079Z     [SEARCH] Searching for: 'Zip/Postal Code' (optimized order: ID -> Role -> Name -> Text)
2026-01-23T04:17:52.9204884Z       [1] id-exact: '#last\20 name' -> 0 matches
2026-01-23T04:17:52.9205419Z       [1] id-exact: '#zip\2f postal\20 code' -> 0 matches
2026-01-23T04:17:52.9205929Z       [1] id-exact: '#last_name' -> 0 matches
2026-01-23T04:17:52.9206406Z       [1] id-exact: '#zippostal_code' -> 0 matches
2026-01-23T04:17:52.9206919Z       [1] id-exact: '#last-name' -> 0 matches
2026-01-23T04:17:52.9207571Z       [1] id-exact: '#zippostal-code' -> 0 matches
2026-01-23T04:17:52.9208047Z       [1] id-exact: '#lastname' -> 0 matches
2026-01-23T04:17:52.9208511Z       [1] id-exact: '#zippostalcode' -> 0 matches
2026-01-23T04:17:52.9208976Z       [1] id-exact: '#LastName' -> 0 matches
2026-01-23T04:17:52.9209411Z       [1] id-exact: '#ZippostalCode' -> 0 matches
2026-01-23T04:17:52.9209965Z       [1.5] data-test: '[data-test*='last name' i]' -> 0 matches
2026-01-23T04:17:52.9210360Z       [1.5] data-test: '[data-test*='zip/postal code' i]' -> 0 matches
2026-01-23T04:17:52.9210765Z       [1.5] data-test: '[data-test*='last_name' i]' -> 0 matches
2026-01-23T04:17:52.9211292Z       [1.5] data-test: '[data-test*='zippostal_code' i]' -> 0 matches
2026-01-23T04:17:52.9211664Z       [1.5] data-test: '[data-test*='last-name' i]' -> 0 matches
2026-01-23T04:17:52.9212036Z       [1.5] data-test: '[data-test*='zippostal-code' i]' -> 0 matches
2026-01-23T04:17:52.9212490Z       [1.5] data-test: '[data-test*='lastname' i]' -> 0 matches
2026-01-23T04:17:52.9213212Z       [1.5] data-test: '[data-test*='zippostalcode' i]' -> 0 matches
2026-01-23T04:17:52.9213955Z       [1.5] data-testid: '[data-testid*='last name' i]' -> 0 matches
2026-01-23T04:17:52.9214701Z       [1.5] data-testid: '[data-testid*='zip/postal code' i]' -> 0 matches
2026-01-23T04:17:52.9215461Z       [1.5] data-testid: '[data-testid*='last_name' i]' -> 0 matches
2026-01-23T04:17:52.9216189Z       [1.5] data-testid: '[data-testid*='zippostal_code' i]' -> 0 matches
2026-01-23T04:17:52.9216895Z       [1.5] data-testid: '[data-testid*='last-name' i]' -> 0 matches
2026-01-23T04:17:52.9217772Z       [1.5] data-testid: '[data-testid*='zippostal-code' i]' -> 0 matches
2026-01-23T04:17:52.9218472Z       [1.5] data-testid: '[data-testid*='lastname' i]' -> 0 matches
2026-01-23T04:17:52.9219151Z       [1.5] data-testid: '[data-testid*='zippostalcode' i]' -> 0 matches
2026-01-23T04:17:52.9220134Z       [1.5] data-qa: '[data-qa*='last name' i]' -> 0 matches
2026-01-23T04:17:52.9220760Z       [1.5] data-qa: '[data-qa*='zip/postal code' i]' -> 0 matches
2026-01-23T04:17:52.9221368Z       [1.5] data-qa: '[data-qa*='last_name' i]' -> 0 matches
2026-01-23T04:17:52.9221955Z       [1.5] data-qa: '[data-qa*='zippostal_code' i]' -> 0 matches
2026-01-23T04:17:52.9222543Z       [1.5] data-qa: '[data-qa*='last-name' i]' -> 0 matches
2026-01-23T04:17:52.9223131Z       [1.5] data-qa: '[data-qa*='zippostal-code' i]' -> 0 matches
2026-01-23T04:17:52.9223733Z       [1.5] data-qa: '[data-qa*='lastname' i]' -> 0 matches
2026-01-23T04:17:52.9224579Z       [1.5] data-qa: '[data-qa*='zippostalcode' i]' -> 0 matches
2026-01-23T04:17:52.9225170Z       [1.5] qa-id: '[qa-id*='last name' i]' -> 0 matches
2026-01-23T04:17:52.9225732Z       [1.5] qa-id: '[qa-id*='zip/postal code' i]' -> 0 matches
2026-01-23T04:17:52.9226295Z       [1.5] qa-id: '[qa-id*='last_name' i]' -> 0 matches
2026-01-23T04:17:52.9226869Z       [1.5] qa-id: '[qa-id*='zippostal_code' i]' -> 0 matches
2026-01-23T04:17:52.9227752Z       [1.5] qa-id: '[qa-id*='last-name' i]' -> 0 matches
2026-01-23T04:17:52.9228314Z       [1.5] qa-id: '[qa-id*='zippostal-code' i]' -> 0 matches
2026-01-23T04:17:52.9228885Z       [1.5] qa-id: '[qa-id*='lastname' i]' -> 0 matches
2026-01-23T04:17:52.9229437Z       [1.5] qa-id: '[qa-id*='zippostalcode' i]' -> 0 matches
2026-01-23T04:17:52.9230041Z       [1.5] test-id: '[test-id*='last name' i]' -> 0 matches
2026-01-23T04:17:52.9230667Z       [1.5] test-id: '[test-id*='zip/postal code' i]' -> 0 matches
2026-01-23T04:17:52.9231318Z       [1.5] test-id: '[test-id*='last_name' i]' -> 0 matches
2026-01-23T04:17:52.9231951Z       [1.5] test-id: '[test-id*='zippostal_code' i]' -> 0 matches
2026-01-23T04:17:52.9232556Z       [1.5] test-id: '[test-id*='last-name' i]' -> 0 matches
2026-01-23T04:17:52.9232920Z       [1.5] test-id: '[test-id*='zippostal-code' i]' -> 0 matches
2026-01-23T04:17:52.9233268Z       [1.5] test-id: '[test-id*='lastname' i]' -> 0 matches
2026-01-23T04:17:52.9233606Z       [1.5] test-id: '[test-id*='zippostalcode' i]' -> 0 matches
2026-01-23T04:17:52.9234027Z       [1] ordinal-generic: '.name, [data-test*='name'], [id*='name'] >> nth=-1' -> 6 matches
2026-01-23T04:17:52.9234532Z       [2] role-textbox-exact: 'role=textbox[name='Zip/Postal Code' i]' -> 0 matches
2026-01-23T04:17:52.9235274Z       [2] role-textbox-exact: 'role=textbox[name='Last Name' i]' -> 0 matches
2026-01-23T04:17:52.9235772Z       [2] role-textbox-partial: 'role=textbox[name*='Zip/Postal Code' i]' -> 0 matches
2026-01-23T04:17:52.9236312Z       [2] role-textbox-partial: 'role=textbox[name*='Last Name' i]' -> 0 matches
2026-01-23T04:17:52.9237054Z       [8] id-partial: '[id*='zippostal code']' -> 0 matches
2026-01-23T04:17:52.9237998Z       [4] ordinal-generic: '.name, [data-test*='name'], [id*='name'] >> nth=-1' -> 6 matches
2026-01-23T04:17:52.9238756Z       [8] id-partial: '[id*='last name']' -> 0 matches
2026-01-23T04:17:52.9239376Z       [5] name-exact: 'input[name='zippostal code' i]' -> 0 matches
2026-01-23T04:17:52.9239912Z       [5] name: '[name*='zippostal code' i]' -> 0 matches
2026-01-23T04:17:52.9240429Z       [5] name-exact: 'input[name='last name' i]' -> 0 matches
2026-01-23T04:17:52.9240852Z       [6] placeholder-exact-ci: 'input[placeholder='Zip/Postal Code' i]' -> 0 matches
2026-01-23T04:17:52.9241515Z       [5] name: '[name*='last name' i]' -> 0 matches
2026-01-23T04:17:52.9242223Z       [6] placeholder-exact-ci: 'input[placeholder='Last Name' i]' -> 0 matches
2026-01-23T04:17:52.9243042Z       [7] button-text-is: 'button:text-is('Zip/Postal Code')' -> 0 matches
2026-01-23T04:17:52.9243838Z       [7] span-text-is: 'span:text-is('Zip/Postal Code')' -> 0 matches
2026-01-23T04:17:52.9244540Z       [7] button-text-is: 'button:text-is('Last Name')' -> 0 matches
2026-01-23T04:17:52.9245191Z       [7] a-text-is: 'a:text-is('Zip/Postal Code')' -> 0 matches
2026-01-23T04:17:52.9245783Z       [7] span-text-is: 'span:text-is('Last Name')' -> 0 matches
2026-01-23T04:17:52.9246583Z       [7] a-text-is: 'a:text-is('Last Name')' -> 0 matches
2026-01-23T04:17:52.9247514Z     [WARN] Smart selectors failed (no unique match). Falling back to AI Vision...
2026-01-23T04:17:52.9249389Z     [AI] [EXPERT] Strategy: Act as a Senior SDET focusing on e-commerce flow automation and conversion funnel reliability. Focus on the complete shopping funnel (Search -> Product Selection -> Add to Cart -> Checkout). CRITICAL: Identify SEARCH BARS, magnifying glass icons, and 'Add to Cart' buttons as primary automation targets. Dismiss popups that block the flow. For product lists, default to selecting the FIRST available item for consistent automation.
2026-01-23T04:17:52.9251213Z     [TOP 3] Smart Locators found:
2026-01-23T04:17:52.9251603Z        1. .name, [data-test*='name'], [id*='name'] >> nth=-1 (Score: 0.88, Method: ordinal-generic)
2026-01-23T04:17:52.9252125Z        2. .name, [data-test*='name'], [id*='name'] >> nth=-1 (Score: 0.88, Method: ordinal-generic)
2026-01-23T04:17:52.9252629Z     [OK] Smart selector found 'Last Name' via ordinal-generic (confidence: 0.88)
2026-01-23T04:17:55.4131315Z [DEBUG] Sending request to gemini-2.0-flash-lite-preview-02-05. Number of parts: 2
2026-01-23T04:17:55.4132091Z [DEBUG] Received response (Length: 315)
2026-01-23T04:17:55.4132907Z     [SEARCH] Batch rejecting incompatible locator for 'fill': .name, [data-test*='name'], [id*='name'] >> nth=-1
2026-01-23T04:17:55.4134028Z     ⚠️ Batch processing error: 'value'
2026-01-23T04:17:55.4134595Z     🔄 Falling back to sequential processing
2026-01-23T04:17:55.4135028Z   [STEP] [STEP step_17] FILL: Last Name
2026-01-23T04:17:55.4196615Z     [SEARCH] Mining locators for: 'Last Name'
2026-01-23T04:17:55.4554556Z     [AI] Consulting AI (Vision-First) to find 'Last Name'...
2026-01-23T04:17:55.4555277Z     [SEARCH] Trying smart selectors for 'Last Name'...
2026-01-23T04:17:55.5535801Z     [SEARCH] Searching for: 'Last Name' (optimized order: ID -> Role -> Name -> Text)
2026-01-23T04:17:55.5536626Z       [1] id-exact: '#last\20 name' -> 0 matches
2026-01-23T04:17:55.5537370Z       [1] id-exact: '#last_name' -> 0 matches
2026-01-23T04:17:55.5537855Z       [1] id-exact: '#last-name' -> 0 matches
2026-01-23T04:17:55.5538318Z       [1] id-exact: '#lastname' -> 0 matches
2026-01-23T04:17:55.5538751Z       [1] id-exact: '#LastName' -> 0 matches
2026-01-23T04:17:55.5539304Z       [1.5] data-test: '[data-test*='last name' i]' -> 0 matches
2026-01-23T04:17:55.5539944Z       [1.5] data-test: '[data-test*='last_name' i]' -> 0 matches
2026-01-23T04:17:55.5540541Z       [1.5] data-test: '[data-test*='last-name' i]' -> 0 matches
2026-01-23T04:17:55.5541154Z       [1.5] data-test: '[data-test*='lastname' i]' -> 0 matches
2026-01-23T04:17:55.5541789Z       [1.5] data-testid: '[data-testid*='last name' i]' -> 0 matches
2026-01-23T04:17:55.5542494Z       [1.5] data-testid: '[data-testid*='last_name' i]' -> 0 matches
2026-01-23T04:17:55.5543163Z       [1.5] data-testid: '[data-testid*='last-name' i]' -> 0 matches
2026-01-23T04:17:55.5543818Z       [1.5] data-testid: '[data-testid*='lastname' i]' -> 0 matches
2026-01-23T04:17:55.5544430Z       [1.5] data-qa: '[data-qa*='last name' i]' -> 0 matches
2026-01-23T04:17:55.5545006Z       [1.5] data-qa: '[data-qa*='last_name' i]' -> 0 matches
2026-01-23T04:17:55.5545555Z       [1.5] data-qa: '[data-qa*='last-name' i]' -> 0 matches
2026-01-23T04:17:55.5546112Z       [1.5] data-qa: '[data-qa*='lastname' i]' -> 0 matches
2026-01-23T04:17:55.5546662Z       [1.5] qa-id: '[qa-id*='last name' i]' -> 0 matches
2026-01-23T04:17:55.5547374Z       [1.5] qa-id: '[qa-id*='last_name' i]' -> 0 matches
2026-01-23T04:17:55.5547899Z       [1.5] qa-id: '[qa-id*='last-name' i]' -> 0 matches
2026-01-23T04:17:55.5548423Z       [1.5] qa-id: '[qa-id*='lastname' i]' -> 0 matches
2026-01-23T04:17:55.5549012Z       [1.5] test-id: '[test-id*='last name' i]' -> 0 matches
2026-01-23T04:17:55.5549572Z       [1.5] test-id: '[test-id*='last_name' i]' -> 0 matches
2026-01-23T04:17:55.5550368Z       [1.5] test-id: '[test-id*='last-name' i]' -> 0 matches
2026-01-23T04:17:55.5550976Z       [1.5] test-id: '[test-id*='lastname' i]' -> 0 matches
2026-01-23T04:17:55.5551748Z       [1] ordinal-generic: '.name, [data-test*='name'], [id*='name'] >> nth=-1' -> 6 matches
2026-01-23T04:17:55.5552610Z       [2] role-textbox-exact: 'role=textbox[name='Last Name' i]' -> 0 matches
2026-01-23T04:17:55.5553456Z       [2] role-textbox-partial: 'role=textbox[name*='Last Name' i]' -> 0 matches
2026-01-23T04:17:55.5554346Z       [4] ordinal-generic: '.name, [data-test*='name'], [id*='name'] >> nth=-1' -> 6 matches
2026-01-23T04:17:55.5555309Z       [8] id-partial: '[id*='last name']' -> 0 matches
2026-01-23T04:17:55.5555914Z       [5] name-exact: 'input[name='last name' i]' -> 0 matches
2026-01-23T04:17:55.5556503Z       [5] name: '[name*='last name' i]' -> 0 matches
2026-01-23T04:17:55.5557377Z       [6] placeholder-exact-ci: 'input[placeholder='Last Name' i]' -> 0 matches
2026-01-23T04:17:55.5558109Z       [7] button-text-is: 'button:text-is('Last Name')' -> 0 matches
2026-01-23T04:17:55.5558513Z       [7] span-text-is: 'span:text-is('Last Name')' -> 0 matches
2026-01-23T04:17:55.5558864Z       [7] a-text-is: 'a:text-is('Last Name')' -> 0 matches
2026-01-23T04:17:55.5559157Z     [TOP 3] Smart Locators found:
2026-01-23T04:17:55.5559530Z        1. .name, [data-test*='name'], [id*='name'] >> nth=-1 (Score: 0.88, Method: ordinal-generic)
2026-01-23T04:17:55.5560212Z        2. .name, [data-test*='name'], [id*='name'] >> nth=-1 (Score: 0.88, Method: ordinal-generic)
2026-01-23T04:17:55.5560777Z     [OK] Smart selector found 'Last Name' via ordinal-generic (confidence: 0.88)
2026-01-23T04:17:55.5591307Z     [OK] Found 1 verified locators
2026-01-23T04:18:00.6934170Z     [OK] State transitioned.
2026-01-23T04:18:02.0635785Z [DEBUG] Sending request to gemini-2.0-flash-lite-preview-02-05. Number of parts: 2
2026-01-23T04:18:02.0636731Z [DEBUG] Received response (Length: 246)
2026-01-23T04:18:02.0637676Z       AI Next Step Suggestion: click -> Add to cart
2026-01-23T04:18:02.0638494Z     [SUGGEST] Suggested Locator: button#add-to-cart
2026-01-23T04:18:02.0640202Z     [REASON] Reasoning: The goal is to add 'Backpack' to the cart. The current page is a product detail page. Clicking 'Add to cart' will add the product to the cart.
2026-01-23T04:18:02.0672122Z     [OK] AI suggested locator 'button#add-to-cart' validated (1 element found)
2026-01-23T04:18:02.0672890Z       Injected AI step: click -> Add to cart
2026-01-23T04:18:02.0673417Z   [STEP] [STEP step_17_ai_1] CLICK: Add to cart
2026-01-23T04:18:02.0742152Z     [TARGET] Using AI-provided locator: button#add-to-cart
2026-01-23T04:18:02.0804581Z     [OK] Found 1 verified locators
2026-01-23T04:18:06.1392593Z     [OK] State transitioned.
2026-01-23T04:18:07.7862229Z [DEBUG] Sending request to gemini-2.0-flash-lite-preview-02-05. Number of parts: 2
2026-01-23T04:18:07.7863096Z [DEBUG] Received response (Length: 257)
2026-01-23T04:18:07.7863812Z       AI Next Step Suggestion: click -> Back to products
2026-01-23T04:18:07.7864547Z     [SUGGEST] Suggested Locator: #back-to-products
2026-01-23T04:18:07.7865803Z     [REASON] Reasoning: The previous action was 'Back to products', and the goal is to add a 'Backpack' to the cart. This action will take the user back to the product list.
2026-01-23T04:18:07.7894070Z     [OK] AI suggested locator '#back-to-products' validated (1 element found)
2026-01-23T04:18:07.7894868Z       Injected AI step: click -> Back to products
2026-01-23T04:18:07.7895453Z   [STEP] [STEP step_17_ai_2] CLICK: Back to products
2026-01-23T04:18:07.7958571Z     [TARGET] Using AI-provided locator: #back-to-products
2026-01-23T04:18:07.8014696Z     [OK] Found 1 verified locators
2026-01-23T04:18:11.8640843Z     [OK] State transitioned.
2026-01-23T04:18:11.8701446Z       Revisited state detected (count: 1)
2026-01-23T04:18:13.4213051Z [DEBUG] Sending request to gemini-2.0-flash-lite-preview-02-05. Number of parts: 2
2026-01-23T04:18:13.4213937Z [DEBUG] Received response (Length: 246)
2026-01-23T04:18:13.4214757Z       AI Next Step Suggestion: click -> Cart
2026-01-23T04:18:13.4215323Z     [SUGGEST] Suggested Locator: .shopping_cart_link
2026-01-23T04:18:13.4216622Z     [REASON] Reasoning: The goal is to add 'Backpack' to the cart and then checkout. The previous steps added the backpack. Now, the next logical step is to go to the cart.
2026-01-23T04:18:13.4218182Z [WARN] Loop detected: AI suggested 'click -> Cart' 4 times on this page. Inhibiting and moving to next step.
2026-01-23T04:18:13.4218781Z   [STEP] [STEP step_20] FILL: Zip/Postal Code
2026-01-23T04:18:13.4284693Z     [SEARCH] Mining locators for: 'Zip/Postal Code'
2026-01-23T04:18:13.4679327Z     [AI] Consulting AI (Vision-First) to find 'Zip/Postal Code'...
2026-01-23T04:18:13.4680085Z     [SEARCH] Trying smart selectors for 'Zip/Postal Code'...
2026-01-23T04:18:13.5604112Z     [SEARCH] Searching for: 'Zip/Postal Code' (optimized order: ID -> Role -> Name -> Text)
2026-01-23T04:18:13.5604939Z       [1] id-exact: '#zip\2f postal\20 code' -> 0 matches
2026-01-23T04:18:13.5605370Z       [1] id-exact: '#zippostal_code' -> 0 matches
2026-01-23T04:18:13.5605731Z       [1] id-exact: '#zippostal-code' -> 0 matches
2026-01-23T04:18:13.5606071Z       [1] id-exact: '#zippostalcode' -> 0 matches
2026-01-23T04:18:13.5606426Z       [1] id-exact: '#ZippostalCode' -> 0 matches
2026-01-23T04:18:13.5606834Z       [1.5] data-test: '[data-test*='zip/postal code' i]' -> 0 matches
2026-01-23T04:18:13.5607539Z       [1.5] data-test: '[data-test*='zippostal_code' i]' -> 0 matches
2026-01-23T04:18:13.5607999Z       [1.5] data-test: '[data-test*='zippostal-code' i]' -> 0 matches
2026-01-23T04:18:13.5608456Z       [1.5] data-test: '[data-test*='zippostalcode' i]' -> 0 matches
2026-01-23T04:18:13.5608926Z       [1.5] data-testid: '[data-testid*='zip/postal code' i]' -> 0 matches
2026-01-23T04:18:13.5609426Z       [1.5] data-testid: '[data-testid*='zippostal_code' i]' -> 0 matches
2026-01-23T04:18:13.5609920Z       [1.5] data-testid: '[data-testid*='zippostal-code' i]' -> 0 matches
2026-01-23T04:18:13.5610404Z       [1.5] data-testid: '[data-testid*='zippostalcode' i]' -> 0 matches
2026-01-23T04:18:13.5610867Z       [1.5] data-qa: '[data-qa*='zip/postal code' i]' -> 0 matches
2026-01-23T04:18:13.5611295Z       [1.5] data-qa: '[data-qa*='zippostal_code' i]' -> 0 matches
2026-01-23T04:18:13.5611714Z       [1.5] data-qa: '[data-qa*='zippostal-code' i]' -> 0 matches
2026-01-23T04:18:13.5612131Z       [1.5] data-qa: '[data-qa*='zippostalcode' i]' -> 0 matches
2026-01-23T04:18:13.5612541Z       [1.5] qa-id: '[qa-id*='zip/postal code' i]' -> 0 matches
2026-01-23T04:18:13.5612916Z       [1.5] qa-id: '[qa-id*='zippostal_code' i]' -> 0 matches
2026-01-23T04:18:13.5613246Z       [1.5] qa-id: '[qa-id*='zippostal-code' i]' -> 0 matches
2026-01-23T04:18:13.5613600Z       [1.5] qa-id: '[qa-id*='zippostalcode' i]' -> 0 matches
2026-01-23T04:18:13.5613941Z       [1.5] test-id: '[test-id*='zip/postal code' i]' -> 0 matches
2026-01-23T04:18:13.5614292Z       [1.5] test-id: '[test-id*='zippostal_code' i]' -> 0 matches
2026-01-23T04:18:13.5614643Z       [1.5] test-id: '[test-id*='zippostal-code' i]' -> 0 matches
2026-01-23T04:18:13.5615005Z       [1.5] test-id: '[test-id*='zippostalcode' i]' -> 0 matches
2026-01-23T04:18:13.5615430Z       [2] role-textbox-exact: 'role=textbox[name='Zip/Postal Code' i]' -> 0 matches
2026-01-23T04:18:13.5615931Z       [2] role-textbox-partial: 'role=textbox[name*='Zip/Postal Code' i]' -> 0 matches
2026-01-23T04:18:13.5616362Z       [8] id-partial: '[id*='zippostal code']' -> 0 matches
2026-01-23T04:18:13.5616720Z       [5] name-exact: 'input[name='zippostal code' i]' -> 0 matches
2026-01-23T04:18:13.5617072Z       [5] name: '[name*='zippostal code' i]' -> 0 matches
2026-01-23T04:18:13.5617687Z       [6] placeholder-exact-ci: 'input[placeholder='Zip/Postal Code' i]' -> 0 matches
2026-01-23T04:18:13.5618160Z       [7] button-text-is: 'button:text-is('Zip/Postal Code')' -> 0 matches
2026-01-23T04:18:13.5618574Z       [7] span-text-is: 'span:text-is('Zip/Postal Code')' -> 0 matches
2026-01-23T04:18:13.5619230Z       [7] a-text-is: 'a:text-is('Zip/Postal Code')' -> 0 matches
2026-01-23T04:18:13.5619678Z     [WARN] Smart selectors failed (no unique match). Falling back to AI Vision...
2026-01-23T04:18:13.5621418Z     [AI] [EXPERT] Strategy: Act as a Senior SDET focusing on e-commerce flow automation and conversion funnel reliability. Focus on the complete shopping funnel (Search -> Product Selection -> Add to Cart -> Checkout). CRITICAL: Identify SEARCH BARS, magnifying glass icons, and 'Add to Cart' buttons as primary automation targets. Dismiss popups that block the flow. For product lists, default to selecting the FIRST available item for consistent automation.
2026-01-23T04:18:15.8260199Z [DEBUG] Sending request to gemini-2.0-flash-lite-preview-02-05. Number of parts: 2
2026-01-23T04:18:15.8262676Z [DEBUG] Received response (Length: 280)
2026-01-23T04:18:15.8263753Z     [TIP] Expert Suggestion: The current page is the product listing. The 'Zip/Postal Code' field is likely on the checkout page, which is not accessible from this page.
2026-01-23T04:18:16.4391165Z     [SEARCH] Searching for: 'Products' (optimized order: ID -> Role -> Name -> Text)
2026-01-23T04:18:16.4392113Z       [1] id-exact: '#products' -> 0 matches
2026-01-23T04:18:16.4392705Z       [1] id-exact: '#products' -> 0 matches
2026-01-23T04:18:16.4393324Z       [1] id-exact: '#products' -> 0 matches
2026-01-23T04:18:16.4393864Z       [1] id-exact: '#products' -> 0 matches
2026-01-23T04:18:16.4394443Z       [1] id-exact: '#products' -> 0 matches
2026-01-23T04:18:16.4395101Z       [1.5] data-test: '[data-test*='products' i]' -> 0 matches
2026-01-23T04:18:16.4395921Z       [1.5] data-test: '[data-test*='products' i]' -> 0 matches
2026-01-23T04:18:16.4396487Z       [1.5] data-test: '[data-test*='products' i]' -> 0 matches
2026-01-23T04:18:16.4396921Z       [1.5] data-test: '[data-test*='products' i]' -> 0 matches
2026-01-23T04:18:16.4397712Z       [1.5] data-testid: '[data-testid*='products' i]' -> 0 matches
2026-01-23T04:18:16.4398364Z       [1.5] data-testid: '[data-testid*='products' i]' -> 0 matches
2026-01-23T04:18:16.4398849Z       [1.5] data-testid: '[data-testid*='products' i]' -> 0 matches
2026-01-23T04:18:16.4399317Z       [1.5] data-testid: '[data-testid*='products' i]' -> 0 matches
2026-01-23T04:18:16.4399756Z       [1.5] data-qa: '[data-qa*='products' i]' -> 0 matches
2026-01-23T04:18:16.4400176Z       [1.5] data-qa: '[data-qa*='products' i]' -> 0 matches
2026-01-23T04:18:16.4400586Z       [1.5] data-qa: '[data-qa*='products' i]' -> 0 matches
2026-01-23T04:18:16.4400993Z       [1.5] data-qa: '[data-qa*='products' i]' -> 0 matches
2026-01-23T04:18:16.4401390Z       [1.5] qa-id: '[qa-id*='products' i]' -> 0 matches
2026-01-23T04:18:16.4401782Z       [1.5] qa-id: '[qa-id*='products' i]' -> 0 matches
2026-01-23T04:18:16.4402163Z       [1.5] qa-id: '[qa-id*='products' i]' -> 0 matches
2026-01-23T04:18:16.4402540Z       [1.5] qa-id: '[qa-id*='products' i]' -> 0 matches
2026-01-23T04:18:16.4402933Z       [1.5] test-id: '[test-id*='products' i]' -> 0 matches
2026-01-23T04:18:16.4403333Z       [1.5] test-id: '[test-id*='products' i]' -> 0 matches
2026-01-23T04:18:16.4403735Z       [1.5] test-id: '[test-id*='products' i]' -> 0 matches
2026-01-23T04:18:16.4404135Z       [1.5] test-id: '[test-id*='products' i]' -> 0 matches
2026-01-23T04:18:16.4404596Z       [2] role-link-exact: 'role=link[name='Products' i]' -> 0 matches
2026-01-23T04:18:16.4405130Z       [2] role-link-partial: 'role=link[name*='Products' i]' -> 0 matches
2026-01-23T04:18:16.4405612Z       [8] id-partial: '[id*='products']' -> 0 matches
2026-01-23T04:18:16.4406035Z       [5] name-exact: 'input[name='products' i]' -> 0 matches
2026-01-23T04:18:16.4406444Z       [5] name: '[name*='products' i]' -> 0 matches
2026-01-23T04:18:16.4406858Z       [6] placeholder-exact-ci: 'input[placeholder='Products' i]' -> 0 matches
2026-01-23T04:18:16.4407520Z       [7] button-text-is: 'button:text-is('Products')' -> 0 matches
2026-01-23T04:18:16.4408105Z       [7] span-text-is: 'span:text-is('Products')' -> 1 matches
2026-01-23T04:18:16.4408453Z       [7] a-text-is: 'a:text-is('Products')' -> 0 matches
2026-01-23T04:18:16.4408740Z     [TOP 3] Smart Locators found:
2026-01-23T04:18:16.4409056Z        1. span:text-is('Products') (Score: 0.88, Method: span-text-is)
2026-01-23T04:18:16.4409470Z        2. span:text-is('Products') (Score: 0.85, Method: text-case-insensitive)
2026-01-23T04:18:16.4409873Z     [OK] Executed corrective navigation: click -> Products
2026-01-23T04:18:23.4545105Z     [WARN] Scroll into view failed for text=Zip/Postal Code. Proceeding anyway.
2026-01-23T04:18:28.9568032Z     [WARN] Action failed: Locator.click: Timeout 5000ms exceeded.
2026-01-23T04:18:28.9568824Z Call log:
2026-01-23T04:18:28.9569270Z ...
2026-01-23T04:18:31.0588416Z [DEBUG] Sending request to gemini-2.0-flash-lite-preview-02-05. Number of parts: 2
2026-01-23T04:18:31.0589616Z [DEBUG] Received response (Length: 636)
2026-01-23T04:18:31.0590302Z     [AI] AI suggested 3 healing approaches.
2026-01-23T04:18:31.0623230Z       [1] Testing: 'input[placeholder='Zip/Postal Code']' -> 0 matches
2026-01-23T04:18:31.0648322Z       [2] Testing: 'input[name='postal-code']' -> 0 matches
2026-01-23T04:18:31.0672347Z       [3] Testing: 'input[id='zip-postal-code']' -> 0 matches
2026-01-23T04:18:31.0673049Z     [FAIL] AI healing failed to find valid replacements.
2026-01-23T04:18:31.0673687Z        Tried: CSS selectors, visibility filters, coordinate fallback
2026-01-23T04:18:31.0677674Z   [STEP] [STEP step_21] CLICK: Continue
2026-01-23T04:18:31.0744613Z     [SEARCH] Mining locators for: 'Continue'
2026-01-23T04:18:31.1108215Z     [AI] Consulting AI (Vision-First) to find 'Continue'...
2026-01-23T04:18:31.1108923Z     [SEARCH] Trying smart selectors for 'Continue'...
2026-01-23T04:18:31.2122620Z     [SEARCH] Searching for: 'Continue' (optimized order: ID -> Role -> Name -> Text)
2026-01-23T04:18:31.2123269Z       [1] id-exact: '#continue' -> 0 matches
2026-01-23T04:18:31.2123829Z       [1] id-exact: '#continue' -> 0 matches
2026-01-23T04:18:31.2124460Z       [1] id-exact: '#continue' -> 0 matches
2026-01-23T04:18:31.2125003Z       [1] id-exact: '#continue' -> 0 matches
2026-01-23T04:18:31.2125520Z       [1] id-exact: '#continue' -> 0 matches
2026-01-23T04:18:31.2126124Z       [1.5] data-test: '[data-test*='continue' i]' -> 0 matches
2026-01-23T04:18:31.2126812Z       [1.5] data-test: '[data-test*='continue' i]' -> 0 matches
2026-01-23T04:18:31.2127698Z       [1.5] data-test: '[data-test*='continue' i]' -> 0 matches
2026-01-23T04:18:31.2128225Z       [1.5] data-test: '[data-test*='continue' i]' -> 0 matches
2026-01-23T04:18:31.2128851Z       [1.5] data-testid: '[data-testid*='continue' i]' -> 0 matches
2026-01-23T04:18:31.2129522Z       [1.5] data-testid: '[data-testid*='continue' i]' -> 0 matches
2026-01-23T04:18:31.2130164Z       [1.5] data-testid: '[data-testid*='continue' i]' -> 0 matches
2026-01-23T04:18:31.2130573Z       [1.5] data-testid: '[data-testid*='continue' i]' -> 0 matches
2026-01-23T04:18:31.2130980Z       [1.5] data-qa: '[data-qa*='continue' i]' -> 0 matches
2026-01-23T04:18:31.2131347Z       [1.5] data-qa: '[data-qa*='continue' i]' -> 0 matches
2026-01-23T04:18:31.2131692Z       [1.5] data-qa: '[data-qa*='continue' i]' -> 0 matches
2026-01-23T04:18:31.2132037Z       [1.5] data-qa: '[data-qa*='continue' i]' -> 0 matches
2026-01-23T04:18:31.2132378Z       [1.5] qa-id: '[qa-id*='continue' i]' -> 0 matches
2026-01-23T04:18:31.2132708Z       [1.5] qa-id: '[qa-id*='continue' i]' -> 0 matches
2026-01-23T04:18:31.2133030Z       [1.5] qa-id: '[qa-id*='continue' i]' -> 0 matches
2026-01-23T04:18:31.2133340Z       [1.5] qa-id: '[qa-id*='continue' i]' -> 0 matches
2026-01-23T04:18:31.2133634Z       [1.5] test-id: '[test-id*='continue' i]' -> 0 matches
2026-01-23T04:18:31.2133941Z       [1.5] test-id: '[test-id*='continue' i]' -> 0 matches
2026-01-23T04:18:31.2134247Z       [1.5] test-id: '[test-id*='continue' i]' -> 0 matches
2026-01-23T04:18:31.2134592Z       [1.5] test-id: '[test-id*='continue' i]' -> 0 matches
2026-01-23T04:18:31.2135210Z       [2] role-button-exact: 'role=button[name='Continue' i]' -> 0 matches
2026-01-23T04:18:31.2135698Z       [2] role-button-partial: 'role=button[name*='Continue' i]' -> 0 matches
2026-01-23T04:18:31.2136098Z       [8] id-partial: '[id*='continue']' -> 0 matches
2026-01-23T04:18:31.2136418Z       [5] name-exact: 'input[name='continue' i]' -> 0 matches
2026-01-23T04:18:31.2136733Z       [5] name: '[name*='continue' i]' -> 0 matches
2026-01-23T04:18:31.2137347Z       [6] placeholder-exact-ci: 'input[placeholder='Continue' i]' -> 0 matches
2026-01-23T04:18:31.2138013Z       [7] button-text-is: 'button:text-is('Continue')' -> 0 matches
2026-01-23T04:18:31.2138396Z       [7] span-text-is: 'span:text-is('Continue')' -> 0 matches
2026-01-23T04:18:31.2138750Z       [7] a-text-is: 'a:text-is('Continue')' -> 0 matches
2026-01-23T04:18:31.2139157Z     [WARN] Smart selectors failed (no unique match). Falling back to AI Vision...
2026-01-23T04:18:31.2141152Z     [AI] [EXPERT] Strategy: Act as a Senior SDET focusing on e-commerce flow automation and conversion funnel reliability. Focus on the complete shopping funnel (Search -> Product Selection -> Add to Cart -> Checkout). CRITICAL: Identify SEARCH BARS, magnifying glass icons, and 'Add to Cart' buttons as primary automation targets. Dismiss popups that block the flow. For product lists, default to selecting the FIRST available item for consistent automation.
2026-01-23T04:18:32.6955140Z [DEBUG] Sending request to gemini-2.0-flash-lite-preview-02-05. Number of parts: 2
2026-01-23T04:18:32.6956131Z [DEBUG] Received response (Length: 248)
2026-01-23T04:18:32.6957691Z     [TIP] Expert Suggestion: The 'Continue' button is likely on the cart or checkout page. The cart icon is visible, so navigate there first.
2026-01-23T04:18:33.4013689Z     [SEARCH] Searching for: 'cart' (optimized order: ID -> Role -> Name -> Text)
2026-01-23T04:18:33.4014462Z       [1] id-exact: '#cart' -> 0 matches
2026-01-23T04:18:33.4014904Z       [1] id-exact: '#cart' -> 0 matches
2026-01-23T04:18:33.4015236Z       [1] id-exact: '#cart' -> 0 matches
2026-01-23T04:18:33.4015525Z       [1] id-exact: '#cart' -> 0 matches
2026-01-23T04:18:33.4015814Z       [1] id-exact: '#cart' -> 0 matches
2026-01-23T04:18:33.4016149Z       [1.5] data-test: '[data-test*='cart' i]' -> 2 matches
2026-01-23T04:18:33.4016542Z       [1.5] data-test: '[data-test*='cart' i]' -> 2 matches
2026-01-23T04:18:33.4016918Z       [1.5] data-test: '[data-test*='cart' i]' -> 2 matches
2026-01-23T04:18:33.4017589Z       [1.5] data-test: '[data-test*='cart' i]' -> 2 matches
2026-01-23T04:18:33.4017999Z       [1.5] data-testid: '[data-testid*='cart' i]' -> 0 matches
2026-01-23T04:18:33.4018424Z       [1.5] data-testid: '[data-testid*='cart' i]' -> 0 matches
2026-01-23T04:18:33.4018830Z       [1.5] data-testid: '[data-testid*='cart' i]' -> 0 matches
2026-01-23T04:18:33.4019225Z       [1.5] data-testid: '[data-testid*='cart' i]' -> 0 matches
2026-01-23T04:18:33.4019609Z       [1.5] data-qa: '[data-qa*='cart' i]' -> 0 matches
2026-01-23T04:18:33.4019969Z       [1.5] data-qa: '[data-qa*='cart' i]' -> 0 matches
2026-01-23T04:18:33.4020322Z       [1.5] data-qa: '[data-qa*='cart' i]' -> 0 matches
2026-01-23T04:18:33.4020671Z       [1.5] data-qa: '[data-qa*='cart' i]' -> 0 matches
2026-01-23T04:18:33.4021016Z       [1.5] qa-id: '[qa-id*='cart' i]' -> 0 matches
2026-01-23T04:18:33.4021344Z       [1.5] qa-id: '[qa-id*='cart' i]' -> 0 matches
2026-01-23T04:18:33.4021673Z       [1.5] qa-id: '[qa-id*='cart' i]' -> 0 matches
2026-01-23T04:18:33.4021999Z       [1.5] qa-id: '[qa-id*='cart' i]' -> 0 matches
2026-01-23T04:18:33.4022340Z       [1.5] test-id: '[test-id*='cart' i]' -> 0 matches
2026-01-23T04:18:33.4022681Z       [1.5] test-id: '[test-id*='cart' i]' -> 0 matches
2026-01-23T04:18:33.4023029Z       [1.5] test-id: '[test-id*='cart' i]' -> 0 matches
2026-01-23T04:18:33.4023385Z       [1.5] test-id: '[test-id*='cart' i]' -> 0 matches
2026-01-23T04:18:33.4023780Z       [2] role-link-exact: 'role=link[name='cart' i]' -> 0 matches
2026-01-23T04:18:33.4024468Z       [2] role-link-partial: 'role=link[name*='cart' i]' -> 0 matches
2026-01-23T04:18:33.4024836Z       [8] id-partial: '[id*='cart']' -> 1 matches
2026-01-23T04:18:33.4025146Z       [5] name-exact: 'input[name='cart' i]' -> 0 matches
2026-01-23T04:18:33.4025447Z       [5] name: '[name*='cart' i]' -> 0 matches
2026-01-23T04:18:33.4025806Z       [6] placeholder-exact-ci: 'input[placeholder='cart' i]' -> 0 matches
2026-01-23T04:18:33.4026229Z       [7] button-text-is: 'button:text-is('cart')' -> 0 matches
2026-01-23T04:18:33.4026573Z       [7] span-text-is: 'span:text-is('cart')' -> 0 matches
2026-01-23T04:18:33.4027031Z       [7] a-text-is: 'a:text-is('cart')' -> 0 matches
2026-01-23T04:18:33.4027588Z       [BOOST] [PRIMING] Goal keyword 'cart' found in selector. Boosting confidence.
2026-01-23T04:18:33.4028070Z       [BOOST] [PRIMING] Goal keyword 'cart' found in selector. Boosting confidence.
2026-01-23T04:18:33.4028541Z       [BOOST] [PRIMING] Goal keyword 'cart' found in selector. Boosting confidence.
2026-01-23T04:18:33.4029037Z       [BOOST] [PRIMING] Goal keyword 'cart' found in selector. Boosting confidence.
2026-01-23T04:18:33.4029506Z       [BOOST] [PRIMING] Goal keyword 'cart' found in selector. Boosting confidence.
2026-01-23T04:18:33.4029877Z     [TOP 3] Smart Locators found:
2026-01-23T04:18:33.4030230Z        1. [data-test*='cart' i] >> nth=0 (Score: 0.93, Method: data-test-disambiguated)
2026-01-23T04:18:33.4030695Z        2. [data-test*='cart' i] >> nth=0 (Score: 0.93, Method: data-test-disambiguated)
2026-01-23T04:18:33.4031147Z        3. [data-test*='cart' i] >> nth=0 (Score: 0.93, Method: data-test-disambiguated)
2026-01-23T04:18:33.4031553Z     [OK] Executed corrective navigation: click -> cart
2026-01-23T04:18:38.9605624Z     [OK] State transitioned.
2026-01-23T04:18:38.9667769Z       Revisited state detected (count: 2)
2026-01-23T04:18:40.6876191Z [DEBUG] Sending request to gemini-2.0-flash-lite-preview-02-05. Number of parts: 2
2026-01-23T04:18:40.6876980Z [DEBUG] Received response (Length: 198)
2026-01-23T04:18:40.6877831Z       AI Next Step Suggestion: fill -> Zip/Postal Code
2026-01-23T04:18:40.6878791Z     [REASON] Reasoning: The previous action failed to fill the zip code. The next step is to fill the zip code.
2026-01-23T04:18:40.6879694Z       Injected AI step: fill -> Zip/Postal Code
2026-01-23T04:18:40.6880092Z   [STEP] [STEP step_21_ai_1] FILL: Zip/Postal Code
2026-01-23T04:18:40.6953839Z     [SEARCH] Mining locators for: 'Zip/Postal Code'
2026-01-23T04:18:40.7392522Z     [AI] Consulting AI (Vision-First) to find 'Zip/Postal Code'...
2026-01-23T04:18:40.7393109Z     [SEARCH] Trying smart selectors for 'Zip/Postal Code'...
2026-01-23T04:18:40.8350690Z     [SEARCH] Searching for: 'Zip/Postal Code' (optimized order: ID -> Role -> Name -> Text)
2026-01-23T04:18:40.8351738Z       [1] id-exact: '#zip\2f postal\20 code' -> 0 matches
2026-01-23T04:18:40.8352430Z       [1] id-exact: '#zippostal_code' -> 0 matches
2026-01-23T04:18:40.8353006Z       [1] id-exact: '#zippostal-code' -> 0 matches
2026-01-23T04:18:40.8353547Z       [1] id-exact: '#zippostalcode' -> 0 matches
2026-01-23T04:18:40.8354057Z       [1] id-exact: '#ZippostalCode' -> 0 matches
2026-01-23T04:18:40.8354646Z       [1.5] data-test: '[data-test*='zip/postal code' i]' -> 0 matches
2026-01-23T04:18:40.8355317Z       [1.5] data-test: '[data-test*='zippostal_code' i]' -> 0 matches
2026-01-23T04:18:40.8355982Z       [1.5] data-test: '[data-test*='zippostal-code' i]' -> 0 matches
2026-01-23T04:18:40.8356595Z       [1.5] data-test: '[data-test*='zippostalcode' i]' -> 0 matches
2026-01-23T04:18:40.8357010Z       [1.5] data-testid: '[data-testid*='zip/postal code' i]' -> 0 matches
2026-01-23T04:18:40.8357723Z       [1.5] data-testid: '[data-testid*='zippostal_code' i]' -> 0 matches
2026-01-23T04:18:40.8358163Z       [1.5] data-testid: '[data-testid*='zippostal-code' i]' -> 0 matches
2026-01-23T04:18:40.8358583Z       [1.5] data-testid: '[data-testid*='zippostalcode' i]' -> 0 matches
2026-01-23T04:18:40.8359230Z       [1.5] data-qa: '[data-qa*='zip/postal code' i]' -> 0 matches
2026-01-23T04:18:40.8359616Z       [1.5] data-qa: '[data-qa*='zippostal_code' i]' -> 0 matches
2026-01-23T04:18:40.8359965Z       [1.5] data-qa: '[data-qa*='zippostal-code' i]' -> 0 matches
2026-01-23T04:18:40.8360319Z       [1.5] data-qa: '[data-qa*='zippostalcode' i]' -> 0 matches
2026-01-23T04:18:40.8360705Z       [1.5] qa-id: '[qa-id*='zip/postal code' i]' -> 0 matches
2026-01-23T04:18:40.8361031Z       [1.5] qa-id: '[qa-id*='zippostal_code' i]' -> 0 matches
2026-01-23T04:18:40.8361346Z       [1.5] qa-id: '[qa-id*='zippostal-code' i]' -> 0 matches
2026-01-23T04:18:40.8361830Z       [1.5] qa-id: '[qa-id*='zippostalcode' i]' -> 0 matches
2026-01-23T04:18:40.8362167Z       [1.5] test-id: '[test-id*='zip/postal code' i]' -> 0 matches
2026-01-23T04:18:40.8362515Z       [1.5] test-id: '[test-id*='zippostal_code' i]' -> 0 matches
2026-01-23T04:18:40.8362877Z       [1.5] test-id: '[test-id*='zippostal-code' i]' -> 0 matches
2026-01-23T04:18:40.8363227Z       [1.5] test-id: '[test-id*='zippostalcode' i]' -> 0 matches
2026-01-23T04:18:40.8363649Z       [2] role-textbox-exact: 'role=textbox[name='Zip/Postal Code' i]' -> 0 matches
2026-01-23T04:18:40.8364158Z       [2] role-textbox-partial: 'role=textbox[name*='Zip/Postal Code' i]' -> 0 matches
2026-01-23T04:18:40.8364595Z       [8] id-partial: '[id*='zippostal code']' -> 0 matches
2026-01-23T04:18:40.8364946Z       [5] name-exact: 'input[name='zippostal code' i]' -> 0 matches
2026-01-23T04:18:40.8365289Z       [5] name: '[name*='zippostal code' i]' -> 0 matches
2026-01-23T04:18:40.8365698Z       [6] placeholder-exact-ci: 'input[placeholder='Zip/Postal Code' i]' -> 0 matches
2026-01-23T04:18:40.8366165Z       [7] button-text-is: 'button:text-is('Zip/Postal Code')' -> 0 matches
2026-01-23T04:18:40.8366575Z       [7] span-text-is: 'span:text-is('Zip/Postal Code')' -> 0 matches
2026-01-23T04:18:40.8366940Z       [7] a-text-is: 'a:text-is('Zip/Postal Code')' -> 0 matches
2026-01-23T04:18:40.8367571Z     [WARN] Smart selectors failed (no unique match). Falling back to AI Vision...
2026-01-23T04:18:40.8369328Z     [AI] [EXPERT] Strategy: Act as a Senior SDET focusing on e-commerce flow automation and conversion funnel reliability. Focus on the complete shopping funnel (Search -> Product Selection -> Add to Cart -> Checkout). CRITICAL: Identify SEARCH BARS, magnifying glass icons, and 'Add to Cart' buttons as primary automation targets. Dismiss popups that block the flow. For product lists, default to selecting the FIRST available item for consistent automation.
2026-01-23T04:18:43.0522612Z [DEBUG] Sending request to gemini-2.0-flash-lite-preview-02-05. Number of parts: 2
2026-01-23T04:18:43.0523559Z [DEBUG] Received response (Length: 343)
2026-01-23T04:18:43.0525328Z     [TIP] Expert Suggestion: The current page appears to be a product listing. The 'Zip/Postal Code' field is likely on the checkout or address form, which is not visible on this page. Navigation to the checkout process is required.
2026-01-23T04:18:43.6635459Z     [SEARCH] Searching for: 'Products' (optimized order: ID -> Role -> Name -> Text)
2026-01-23T04:18:43.6636477Z       [1] id-exact: '#products' -> 0 matches
2026-01-23T04:18:43.6637365Z       [1] id-exact: '#products' -> 0 matches
2026-01-23T04:18:43.6638026Z       [1] id-exact: '#products' -> 0 matches
2026-01-23T04:18:43.6639096Z       [1] id-exact: '#products' -> 0 matches
2026-01-23T04:18:43.6639603Z       [1] id-exact: '#products' -> 0 matches
2026-01-23T04:18:43.6640266Z       [1.5] data-test: '[data-test*='products' i]' -> 0 matches
2026-01-23T04:18:43.6641302Z       [1.5] data-test: '[data-test*='products' i]' -> 0 matches
2026-01-23T04:18:43.6642164Z       [1.5] data-test: '[data-test*='products' i]' -> 0 matches
2026-01-23T04:18:43.6642938Z       [1.5] data-test: '[data-test*='products' i]' -> 0 matches
2026-01-23T04:18:43.6651260Z       [1.5] data-testid: '[data-testid*='products' i]' -> 0 matches
2026-01-23T04:18:43.6651750Z       [1.5] data-testid: '[data-testid*='products' i]' -> 0 matches
2026-01-23T04:18:43.6652365Z       [1.5] data-testid: '[data-testid*='products' i]' -> 0 matches
2026-01-23T04:18:43.6652731Z       [1.5] data-testid: '[data-testid*='products' i]' -> 0 matches
2026-01-23T04:18:43.6653080Z       [1.5] data-qa: '[data-qa*='products' i]' -> 0 matches
2026-01-23T04:18:43.6653423Z       [1.5] data-qa: '[data-qa*='products' i]' -> 0 matches
2026-01-23T04:18:43.6653752Z       [1.5] data-qa: '[data-qa*='products' i]' -> 0 matches
2026-01-23T04:18:43.6654060Z       [1.5] data-qa: '[data-qa*='products' i]' -> 0 matches
2026-01-23T04:18:43.6654361Z       [1.5] qa-id: '[qa-id*='products' i]' -> 0 matches
2026-01-23T04:18:43.6654806Z       [1.5] qa-id: '[qa-id*='products' i]' -> 0 matches
2026-01-23T04:18:43.6655097Z       [1.5] qa-id: '[qa-id*='products' i]' -> 0 matches
2026-01-23T04:18:43.6655387Z       [1.5] qa-id: '[qa-id*='products' i]' -> 0 matches
2026-01-23T04:18:43.6655675Z       [1.5] test-id: '[test-id*='products' i]' -> 0 matches
2026-01-23T04:18:43.6655992Z       [1.5] test-id: '[test-id*='products' i]' -> 0 matches
2026-01-23T04:18:43.6656298Z       [1.5] test-id: '[test-id*='products' i]' -> 0 matches
2026-01-23T04:18:43.6656599Z       [1.5] test-id: '[test-id*='products' i]' -> 0 matches
2026-01-23T04:18:43.6656955Z       [2] role-link-exact: 'role=link[name='Products' i]' -> 0 matches
2026-01-23T04:18:43.6657666Z       [2] role-link-partial: 'role=link[name*='Products' i]' -> 0 matches
2026-01-23T04:18:43.6658043Z       [8] id-partial: '[id*='products']' -> 0 matches
2026-01-23T04:18:43.6658371Z       [5] name-exact: 'input[name='products' i]' -> 0 matches
2026-01-23T04:18:43.6658696Z       [5] name: '[name*='products' i]' -> 0 matches
2026-01-23T04:18:43.6659071Z       [6] placeholder-exact-ci: 'input[placeholder='Products' i]' -> 0 matches
2026-01-23T04:18:43.6659498Z       [7] button-text-is: 'button:text-is('Products')' -> 0 matches
2026-01-23T04:18:43.6659865Z       [7] span-text-is: 'span:text-is('Products')' -> 1 matches
2026-01-23T04:18:43.6660212Z       [7] a-text-is: 'a:text-is('Products')' -> 0 matches
2026-01-23T04:18:43.6660506Z     [TOP 3] Smart Locators found:
2026-01-23T04:18:43.6660812Z        1. span:text-is('Products') (Score: 0.88, Method: span-text-is)
2026-01-23T04:18:43.6661238Z        2. span:text-is('Products') (Score: 0.85, Method: text-case-insensitive)
2026-01-23T04:18:43.6661645Z     [OK] Executed corrective navigation: click -> Products
2026-01-23T04:18:50.6783643Z     [WARN] Scroll into view failed for text=Zip/Postal Code. Proceeding anyway.
2026-01-23T04:18:56.1805299Z     [WARN] Action failed: Locator.click: Timeout 5000ms exceeded.
2026-01-23T04:18:56.1805832Z Call log:
2026-01-23T04:18:56.1806058Z ...
2026-01-23T04:18:56.2225304Z [CACHE HIT] fe0ae538... (hits: 1, misses: 25)
2026-01-23T04:18:56.2225758Z     [AI] AI suggested 3 healing approaches.
2026-01-23T04:18:56.2250589Z       [1] Testing: 'input[placeholder='Zip/Postal Code']' -> 0 matches
2026-01-23T04:18:56.2274228Z       [2] Testing: 'input[name='postal-code']' -> 0 matches
2026-01-23T04:18:56.2297636Z       [3] Testing: 'input[id='zip-postal-code']' -> 0 matches
2026-01-23T04:18:56.2298719Z     [FAIL] AI healing failed to find valid replacements.
2026-01-23T04:18:56.2299606Z        Tried: CSS selectors, visibility filters, coordinate fallback
2026-01-23T04:18:56.2304015Z   [STEP] [STEP step_23] CLICK: Finish
2026-01-23T04:18:56.2372999Z     [SEARCH] Mining locators for: 'Finish'
2026-01-23T04:18:56.2833197Z     [AI] Consulting AI (Vision-First) to find 'Finish'...
2026-01-23T04:18:56.2833895Z     [SEARCH] Trying smart selectors for 'Finish'...
2026-01-23T04:18:56.3750730Z     [SEARCH] Searching for: 'Finish' (optimized order: ID -> Role -> Name -> Text)
2026-01-23T04:18:56.3751501Z       [1] id-exact: '#finish' -> 0 matches
2026-01-23T04:18:56.3751954Z       [1] id-exact: '#finish' -> 0 matches
2026-01-23T04:18:56.3752400Z       [1] id-exact: '#finish' -> 0 matches
2026-01-23T04:18:56.3752824Z       [1] id-exact: '#finish' -> 0 matches
2026-01-23T04:18:56.3753238Z       [1] id-exact: '#finish' -> 0 matches
2026-01-23T04:18:56.3754075Z       [1.5] data-test: '[data-test*='finish' i]' -> 0 matches
2026-01-23T04:18:56.3754659Z       [1.5] data-test: '[data-test*='finish' i]' -> 0 matches
2026-01-23T04:18:56.3755176Z       [1.5] data-test: '[data-test*='finish' i]' -> 0 matches
2026-01-23T04:18:56.3755718Z       [1.5] data-test: '[data-test*='finish' i]' -> 0 matches
2026-01-23T04:18:56.3756347Z       [1.5] data-testid: '[data-testid*='finish' i]' -> 0 matches
2026-01-23T04:18:56.3756995Z       [1.5] data-testid: '[data-testid*='finish' i]' -> 0 matches
2026-01-23T04:18:56.3758170Z       [1.5] data-testid: '[data-testid*='finish' i]' -> 0 matches
2026-01-23T04:18:56.3758783Z       [1.5] data-testid: '[data-testid*='finish' i]' -> 0 matches
2026-01-23T04:18:56.3759389Z       [1.5] data-qa: '[data-qa*='finish' i]' -> 0 matches
2026-01-23T04:18:56.3759935Z       [1.5] data-qa: '[data-qa*='finish' i]' -> 0 matches
2026-01-23T04:18:56.3760459Z       [1.5] data-qa: '[data-qa*='finish' i]' -> 0 matches
2026-01-23T04:18:56.3761228Z       [1.5] data-qa: '[data-qa*='finish' i]' -> 0 matches
2026-01-23T04:18:56.3761738Z       [1.5] qa-id: '[qa-id*='finish' i]' -> 0 matches
2026-01-23T04:18:56.3762226Z       [1.5] qa-id: '[qa-id*='finish' i]' -> 0 matches
2026-01-23T04:18:56.3762700Z       [1.5] qa-id: '[qa-id*='finish' i]' -> 0 matches
2026-01-23T04:18:56.3763184Z       [1.5] qa-id: '[qa-id*='finish' i]' -> 0 matches
2026-01-23T04:18:56.3763725Z       [1.5] test-id: '[test-id*='finish' i]' -> 0 matches
2026-01-23T04:18:56.3764274Z       [1.5] test-id: '[test-id*='finish' i]' -> 0 matches
2026-01-23T04:18:56.3764850Z       [1.5] test-id: '[test-id*='finish' i]' -> 0 matches
2026-01-23T04:18:56.3765401Z       [1.5] test-id: '[test-id*='finish' i]' -> 0 matches
2026-01-23T04:18:56.3765975Z       [8] id-partial: '[id*='finish']' -> 0 matches
2026-01-23T04:18:56.3766578Z       [5] name-exact: 'input[name='finish' i]' -> 0 matches
2026-01-23T04:18:56.3767336Z       [5] name: '[name*='finish' i]' -> 0 matches
2026-01-23T04:18:56.3768049Z       [6] placeholder-exact-ci: 'input[placeholder='Finish' i]' -> 0 matches
2026-01-23T04:18:56.3768841Z       [7] button-text-is: 'button:text-is('Finish')' -> 0 matches
2026-01-23T04:18:56.3769502Z       [7] span-text-is: 'span:text-is('Finish')' -> 0 matches
2026-01-23T04:18:56.3770113Z       [7] a-text-is: 'a:text-is('Finish')' -> 0 matches
2026-01-23T04:18:56.3770839Z     [WARN] Smart selectors failed (no unique match). Falling back to AI Vision...
2026-01-23T04:18:56.3774118Z     [AI] [EXPERT] Strategy: Act as a Senior SDET focusing on e-commerce flow automation and conversion funnel reliability. Focus on the complete shopping funnel (Search -> Product Selection -> Add to Cart -> Checkout). CRITICAL: Identify SEARCH BARS, magnifying glass icons, and 'Add to Cart' buttons as primary automation targets. Dismiss popups that block the flow. For product lists, default to selecting the FIRST available item for consistent automation.
2026-01-23T04:18:57.8108080Z [DEBUG] Sending request to gemini-2.0-flash-lite-preview-02-05. Number of parts: 2
2026-01-23T04:18:57.8108962Z [DEBUG] Received response (Length: 307)
2026-01-23T04:18:57.8109738Z     [TIP] Expert Suggestion: The 'Finish' button is likely on the checkout page, which is not visible from the current page. The Products button is the first step to navigate to the checkout page.
2026-01-23T04:18:58.4223877Z     [SEARCH] Searching for: 'Products' (optimized order: ID -> Role -> Name -> Text)
2026-01-23T04:18:58.4224679Z       [1] id-exact: '#products' -> 0 matches
2026-01-23T04:18:58.4225147Z       [1] id-exact: '#products' -> 0 matches
2026-01-23T04:18:58.4225644Z       [1] id-exact: '#products' -> 0 matches
2026-01-23T04:18:58.4226113Z       [1] id-exact: '#products' -> 0 matches
2026-01-23T04:18:58.4226600Z       [1] id-exact: '#products' -> 0 matches
2026-01-23T04:18:58.4227423Z       [1.5] data-test: '[data-test*='products' i]' -> 0 matches
2026-01-23T04:18:58.4228020Z       [1.5] data-test: '[data-test*='products' i]' -> 0 matches
2026-01-23T04:18:58.4229019Z       [1.5] data-test: '[data-test*='products' i]' -> 0 matches
2026-01-23T04:18:58.4229630Z       [1.5] data-test: '[data-test*='products' i]' -> 0 matches
2026-01-23T04:18:58.4230264Z       [1.5] data-testid: '[data-testid*='products' i]' -> 0 matches
2026-01-23T04:18:58.4230696Z       [1.5] data-testid: '[data-testid*='products' i]' -> 0 matches
2026-01-23T04:18:58.4231100Z       [1.5] data-testid: '[data-testid*='products' i]' -> 0 matches
2026-01-23T04:18:58.4231715Z       [1.5] data-testid: '[data-testid*='products' i]' -> 0 matches
2026-01-23T04:18:58.4232301Z       [1.5] data-qa: '[data-qa*='products' i]' -> 0 matches
2026-01-23T04:18:58.4232647Z       [1.5] data-qa: '[data-qa*='products' i]' -> 0 matches
2026-01-23T04:18:58.4232975Z       [1.5] data-qa: '[data-qa*='products' i]' -> 0 matches
2026-01-23T04:18:58.4233286Z       [1.5] data-qa: '[data-qa*='products' i]' -> 0 matches
2026-01-23T04:18:58.4233593Z       [1.5] qa-id: '[qa-id*='products' i]' -> 0 matches
2026-01-23T04:18:58.4233895Z       [1.5] qa-id: '[qa-id*='products' i]' -> 0 matches
2026-01-23T04:18:58.4234179Z       [1.5] qa-id: '[qa-id*='products' i]' -> 0 matches
2026-01-23T04:18:58.4234462Z       [1.5] qa-id: '[qa-id*='products' i]' -> 0 matches
2026-01-23T04:18:58.4234753Z       [1.5] test-id: '[test-id*='products' i]' -> 0 matches
2026-01-23T04:18:58.4235058Z       [1.5] test-id: '[test-id*='products' i]' -> 0 matches
2026-01-23T04:18:58.4235362Z       [1.5] test-id: '[test-id*='products' i]' -> 0 matches
2026-01-23T04:18:58.4235684Z       [1.5] test-id: '[test-id*='products' i]' -> 0 matches
2026-01-23T04:18:58.4236047Z       [2] role-link-exact: 'role=link[name='Products' i]' -> 0 matches
2026-01-23T04:18:58.4236462Z       [2] role-link-partial: 'role=link[name*='Products' i]' -> 0 matches
2026-01-23T04:18:58.4236824Z       [8] id-partial: '[id*='products']' -> 0 matches
2026-01-23T04:18:58.4237383Z       [5] name-exact: 'input[name='products' i]' -> 0 matches
2026-01-23T04:18:58.4237717Z       [5] name: '[name*='products' i]' -> 0 matches
2026-01-23T04:18:58.4238094Z       [6] placeholder-exact-ci: 'input[placeholder='Products' i]' -> 0 matches
2026-01-23T04:18:58.4238528Z       [7] button-text-is: 'button:text-is('Products')' -> 0 matches
2026-01-23T04:18:58.4238887Z       [7] span-text-is: 'span:text-is('Products')' -> 1 matches
2026-01-23T04:18:58.4239221Z       [7] a-text-is: 'a:text-is('Products')' -> 0 matches
2026-01-23T04:18:58.4239509Z     [TOP 3] Smart Locators found:
2026-01-23T04:18:58.4239820Z        1. span:text-is('Products') (Score: 0.88, Method: span-text-is)
2026-01-23T04:18:58.4240236Z        2. span:text-is('Products') (Score: 0.85, Method: text-case-insensitive)
2026-01-23T04:18:58.4240639Z     [OK] Executed corrective navigation: click -> Products
2026-01-23T04:19:05.4391597Z     [WARN] Scroll into view failed for text=Finish. Proceeding anyway.
2026-01-23T04:19:10.4413562Z     [WARN] Action failed: Locator.bounding_box: Timeout 5000ms exceeded.
2026-01-23T04:19:10.4414137Z Cal...
2026-01-23T04:19:12.5808948Z [DEBUG] Sending request to gemini-2.0-flash-lite-preview-02-05. Number of parts: 2
2026-01-23T04:19:12.5809436Z [DEBUG] Received response (Length: 509)
2026-01-23T04:19:12.5809719Z     [AI] AI suggested 2 healing approaches.
2026-01-23T04:19:12.5844164Z       [1] Testing: 'button[class='btn btn_secondary btn_inventory']' -> 0 matches
2026-01-23T04:19:12.5875490Z       [FAIL] Rejected: Invalid selector syntax 'button:contains('Remove')' (Locator.count: SyntaxError: Failed to execute 'que)
2026-01-23T04:19:12.5876525Z     [FAIL] AI healing failed to find valid replacements.
2026-01-23T04:19:12.5877383Z        Tried: CSS selectors, visibility filters, coordinate fallback
2026-01-23T04:19:12.5881838Z   [STEP] [STEP step_24] ASSERT_TEXT: Order Confirmation
2026-01-23T04:19:12.5951153Z     [SEARCH] Mining locators for: 'Order Confirmation'
2026-01-23T04:19:12.6324077Z     [AI] Consulting AI (Vision-First) to find 'Order Confirmation'...
2026-01-23T04:19:12.6324903Z     [SEARCH] Trying smart selectors for 'Order Confirmation'...
2026-01-23T04:19:12.7276086Z     [SEARCH] Searching for: 'Order Confirmation' (optimized order: ID -> Role -> Name -> Text)
2026-01-23T04:19:12.7276980Z       [1] id-exact: '#order\20 confirmation' -> 0 matches
2026-01-23T04:19:12.7277620Z       [1] id-exact: '#order_confirmation' -> 0 matches
2026-01-23T04:19:12.7277961Z       [1] id-exact: '#order-confirmation' -> 0 matches
2026-01-23T04:19:12.7278285Z       [1] id-exact: '#orderconfirmation' -> 0 matches
2026-01-23T04:19:12.7278587Z       [1] id-exact: '#OrderConfirmation' -> 0 matches
2026-01-23T04:19:12.7279289Z       [1.5] data-test: '[data-test*='order confirmation' i]' -> 0 matches
2026-01-23T04:19:12.7279713Z       [1.5] data-test: '[data-test*='order_confirmation' i]' -> 0 matches
2026-01-23T04:19:12.7280137Z       [1.5] data-test: '[data-test*='order-confirmation' i]' -> 0 matches
2026-01-23T04:19:12.7280539Z       [1.5] data-test: '[data-test*='orderconfirmation' i]' -> 0 matches
2026-01-23T04:19:12.7280957Z       [1.5] data-testid: '[data-testid*='order confirmation' i]' -> 0 matches
2026-01-23T04:19:12.7281391Z       [1.5] data-testid: '[data-testid*='order_confirmation' i]' -> 0 matches
2026-01-23T04:19:12.7281816Z       [1.5] data-testid: '[data-testid*='order-confirmation' i]' -> 0 matches
2026-01-23T04:19:12.7282235Z       [1.5] data-testid: '[data-testid*='orderconfirmation' i]' -> 0 matches
2026-01-23T04:19:12.7282640Z       [1.5] data-qa: '[data-qa*='order confirmation' i]' -> 0 matches
2026-01-23T04:19:12.7283002Z       [1.5] data-qa: '[data-qa*='order_confirmation' i]' -> 0 matches
2026-01-23T04:19:12.7283364Z       [1.5] data-qa: '[data-qa*='order-confirmation' i]' -> 0 matches
2026-01-23T04:19:12.7283723Z       [1.5] data-qa: '[data-qa*='orderconfirmation' i]' -> 0 matches
2026-01-23T04:19:12.7284080Z       [1.5] qa-id: '[qa-id*='order confirmation' i]' -> 0 matches
2026-01-23T04:19:12.7284409Z       [1.5] qa-id: '[qa-id*='order_confirmation' i]' -> 0 matches
2026-01-23T04:19:12.7284743Z       [1.5] qa-id: '[qa-id*='order-confirmation' i]' -> 0 matches
2026-01-23T04:19:12.7285080Z       [1.5] qa-id: '[qa-id*='orderconfirmation' i]' -> 0 matches
2026-01-23T04:19:12.7285427Z       [1.5] test-id: '[test-id*='order confirmation' i]' -> 0 matches
2026-01-23T04:19:12.7285781Z       [1.5] test-id: '[test-id*='order_confirmation' i]' -> 0 matches
2026-01-23T04:19:12.7286131Z       [1.5] test-id: '[test-id*='order-confirmation' i]' -> 0 matches
2026-01-23T04:19:12.7286482Z       [1.5] test-id: '[test-id*='orderconfirmation' i]' -> 0 matches
2026-01-23T04:19:12.7286836Z       [8] id-partial: '[id*='order confirmation']' -> 0 matches
2026-01-23T04:19:12.7287442Z       [5] name-exact: 'input[name='order confirmation' i]' -> 0 matches
2026-01-23T04:19:12.7287825Z       [5] name: '[name*='order confirmation' i]' -> 0 matches
2026-01-23T04:19:12.7288264Z       [6] placeholder-exact-ci: 'input[placeholder='Order Confirmation' i]' -> 0 matches
2026-01-23T04:19:12.7288759Z       [7] button-text-is: 'button:text-is('Order Confirmation')' -> 0 matches
2026-01-23T04:19:12.7289189Z       [7] span-text-is: 'span:text-is('Order Confirmation')' -> 0 matches
2026-01-23T04:19:12.7289587Z       [7] a-text-is: 'a:text-is('Order Confirmation')' -> 0 matches
2026-01-23T04:19:12.7290008Z     [WARN] Smart selectors failed (no unique match). Falling back to AI Vision...
2026-01-23T04:19:12.7291742Z     [AI] [EXPERT] Strategy: Act as a Senior SDET focusing on e-commerce flow automation and conversion funnel reliability. Focus on the complete shopping funnel (Search -> Product Selection -> Add to Cart -> Checkout). CRITICAL: Identify SEARCH BARS, magnifying glass icons, and 'Add to Cart' buttons as primary automation targets. Dismiss popups that block the flow. For product lists, default to selecting the FIRST available item for consistent automation.
2026-01-23T04:19:14.1585677Z [DEBUG] Sending request to gemini-2.0-flash-lite-preview-02-05. Number of parts: 2
2026-01-23T04:19:14.1586184Z [DEBUG] Received response (Length: 251)
2026-01-23T04:19:14.1587057Z     [TIP] Expert Suggestion: The current page displays a list of products. Order confirmation is likely on a subsequent page after checkout.
2026-01-23T04:19:14.7699084Z     [SEARCH] Searching for: 'Products' (optimized order: ID -> Role -> Name -> Text)
2026-01-23T04:19:14.7699857Z       [1] id-exact: '#products' -> 0 matches
2026-01-23T04:19:14.7700201Z       [1] id-exact: '#products' -> 0 matches
2026-01-23T04:19:14.7700514Z       [1] id-exact: '#products' -> 0 matches
2026-01-23T04:19:14.7700827Z       [1] id-exact: '#products' -> 0 matches
2026-01-23T04:19:14.7701481Z       [1] id-exact: '#products' -> 0 matches
2026-01-23T04:19:14.7701844Z       [1.5] data-test: '[data-test*='products' i]' -> 0 matches
2026-01-23T04:19:14.7702259Z       [1.5] data-test: '[data-test*='products' i]' -> 0 matches
2026-01-23T04:19:14.7702663Z       [1.5] data-test: '[data-test*='products' i]' -> 0 matches
2026-01-23T04:19:14.7703060Z       [1.5] data-test: '[data-test*='products' i]' -> 0 matches
2026-01-23T04:19:14.7703491Z       [1.5] data-testid: '[data-testid*='products' i]' -> 0 matches
2026-01-23T04:19:14.7703939Z       [1.5] data-testid: '[data-testid*='products' i]' -> 0 matches
2026-01-23T04:19:14.7704367Z       [1.5] data-testid: '[data-testid*='products' i]' -> 0 matches
2026-01-23T04:19:14.7704793Z       [1.5] data-testid: '[data-testid*='products' i]' -> 0 matches
2026-01-23T04:19:14.7705204Z       [1.5] data-qa: '[data-qa*='products' i]' -> 0 matches
2026-01-23T04:19:14.7705588Z       [1.5] data-qa: '[data-qa*='products' i]' -> 0 matches
2026-01-23T04:19:14.7705959Z       [1.5] data-qa: '[data-qa*='products' i]' -> 0 matches
2026-01-23T04:19:14.7706802Z       [1.5] data-qa: '[data-qa*='products' i]' -> 0 matches
2026-01-23T04:19:14.7707519Z       [1.5] qa-id: '[qa-id*='products' i]' -> 0 matches
2026-01-23T04:19:14.7707936Z       [1.5] qa-id: '[qa-id*='products' i]' -> 0 matches
2026-01-23T04:19:14.7708290Z       [1.5] qa-id: '[qa-id*='products' i]' -> 0 matches
2026-01-23T04:19:14.7708616Z       [1.5] qa-id: '[qa-id*='products' i]' -> 0 matches
2026-01-23T04:19:14.7708969Z       [1.5] test-id: '[test-id*='products' i]' -> 0 matches
2026-01-23T04:19:14.7709318Z       [1.5] test-id: '[test-id*='products' i]' -> 0 matches
2026-01-23T04:19:14.7709662Z       [1.5] test-id: '[test-id*='products' i]' -> 0 matches
2026-01-23T04:19:14.7709999Z       [1.5] test-id: '[test-id*='products' i]' -> 0 matches
2026-01-23T04:19:14.7710396Z       [2] role-link-exact: 'role=link[name='Products' i]' -> 0 matches
2026-01-23T04:19:14.7710858Z       [2] role-link-partial: 'role=link[name*='Products' i]' -> 0 matches
2026-01-23T04:19:14.7711272Z       [8] id-partial: '[id*='products']' -> 0 matches
2026-01-23T04:19:14.7711631Z       [5] name-exact: 'input[name='products' i]' -> 0 matches
2026-01-23T04:19:14.7711981Z       [5] name: '[name*='products' i]' -> 0 matches
2026-01-23T04:19:14.7712405Z       [6] placeholder-exact-ci: 'input[placeholder='Products' i]' -> 0 matches
2026-01-23T04:19:14.7712891Z       [7] button-text-is: 'button:text-is('Products')' -> 0 matches
2026-01-23T04:19:14.7713299Z       [7] span-text-is: 'span:text-is('Products')' -> 1 matches
2026-01-23T04:19:14.7713673Z       [7] a-text-is: 'a:text-is('Products')' -> 0 matches
2026-01-23T04:19:14.7713998Z     [TOP 3] Smart Locators found:
2026-01-23T04:19:14.7714343Z        1. span:text-is('Products') (Score: 0.88, Method: span-text-is)
2026-01-23T04:19:14.7714808Z        2. span:text-is('Products') (Score: 0.85, Method: text-case-insensitive)
2026-01-23T04:19:14.7715255Z     [OK] Executed corrective navigation: click -> Products
2026-01-23T04:19:18.7844657Z     [OK] State transitioned.
2026-01-23T04:19:18.7910929Z       Revisited state detected (count: 3)
2026-01-23T04:19:18.7911827Z     [WARN] Too many revisits (3). Stopping AI step injection to prevent loops.
2026-01-23T04:19:20.7936632Z [SAVE] Saving 1 scenarios to /home/runner/work/build_qa_automation/build_qa_automation/projects/ci_saucedemo_e2e/workflow.json
2026-01-23T04:19:20.8250231Z 
2026-01-23T04:19:20.8251131Z ============================================================
2026-01-23T04:19:20.8252100Z [STATS] EXPLORATION SUMMARY
2026-01-23T04:19:20.8252772Z ============================================================
2026-01-23T04:19:20.8253175Z 
2026-01-23T04:19:20.8253338Z [INFO] Scenario Overview:
2026-01-23T04:19:20.8253781Z      Total Scenarios Planned: 1
2026-01-23T04:19:20.8254232Z      Scenarios Explored: 1
2026-01-23T04:19:20.8254646Z      Total Steps Generated: 24
2026-01-23T04:19:20.8254928Z 
2026-01-23T04:19:20.8255087Z [SEARCH] Discovery Statistics:
2026-01-23T04:19:20.8255836Z    [OK] Successfully Mined: 12
2026-01-23T04:19:20.8256276Z    [AI] AI Assisted/Healed: 3
2026-01-23T04:19:20.8256700Z    [FAIL] Discovery Failures: 4
2026-01-23T04:19:20.8256980Z 
2026-01-23T04:19:20.8257322Z [WARN]  Failure Details:
2026-01-23T04:19:20.8257754Z    - Step step_14: Action failed and no healing
2026-01-23T04:19:20.8258255Z    - Step step_20: Action failed and no healing
2026-01-23T04:19:20.8258787Z    - Step step_21_ai_1: Action failed and no healing
2026-01-23T04:19:20.8259303Z    - Step step_23: Action failed and no healing
2026-01-23T04:19:20.8259650Z 
2026-01-23T04:19:20.8259823Z ============================================================
2026-01-23T04:19:20.8260951Z [DONE] Exploration Complete. Locators saved to: /home/runner/work/build_qa_automation/build_qa_automation/projects/ci_saucedemo_e2e/workflow.json
2026-01-23T04:19:20.8262009Z 
2026-01-23T04:19:20.8262248Z ============================================================
2026-01-23T04:19:20.8263072Z 📊 Navigation Metrics: all_scenarios
2026-01-23T04:19:20.8263575Z ============================================================
2026-01-23T04:19:20.8264067Z Total Steps Generated:    24
2026-01-23T04:19:20.8264493Z Optimized Steps:          19
2026-01-23T04:19:20.8264901Z Duplicate Steps Removed:  5
2026-01-23T04:19:20.8265265Z Path Efficiency:          79.17%
2026-01-23T04:19:20.8265668Z Redundancy Rate:          20.83%
2026-01-23T04:19:20.8266158Z ------------------------------------------------------------
2026-01-23T04:19:20.8266883Z Cache Hits:               1
2026-01-23T04:19:20.8268803Z Cache Misses:             28
2026-01-23T04:19:20.8269215Z Cache Hit Rate:           3.45%
2026-01-23T04:19:20.8269667Z ------------------------------------------------------------
2026-01-23T04:19:20.8270180Z States Visited:           4
2026-01-23T04:19:20.8270567Z Unique States:            8
2026-01-23T04:19:20.8270945Z Circular Paths Blocked:   3
2026-01-23T04:19:20.8271348Z ============================================================
2026-01-23T04:19:20.8271702Z 
2026-01-23T04:19:20.8272725Z [STATS] Navigation metrics saved to: /home/runner/work/build_qa_automation/build_qa_automation/projects/ci_saucedemo_e2e/outputs/navigation_metrics_ci_saucedemo_e2e_all_scenarios.json
2026-01-23T04:19:20.8273927Z 
2026-01-23T04:19:20.8274101Z ============================================================
2026-01-23T04:19:20.8274708Z 📊 PERFORMANCE METRICS
2026-01-23T04:19:20.8275119Z ============================================================
2026-01-23T04:19:20.8275464Z 
2026-01-23T04:19:20.8275661Z ⏱️  Phase Timings:
2026-01-23T04:19:20.8275880Z 
2026-01-23T04:19:20.8276083Z 🎯 Element Resolution:
2026-01-23T04:19:20.8276450Z    Total Attempts: 15
2026-01-23T04:19:20.8276815Z    Smart Selectors: 6 (40.0%)
2026-01-23T04:19:20.8277442Z    AI Fallbacks: 9
2026-01-23T04:19:20.8277783Z    Deterministic: 0
2026-01-23T04:19:20.8277996Z 
2026-01-23T04:19:20.8278219Z 🤖 AI Performance:
2026-01-23T04:19:20.8278545Z    Total Calls: 9
2026-01-23T04:19:20.8278851Z    Batch Calls: 0
2026-01-23T04:19:20.8279180Z    Sequential: 9
2026-01-23T04:19:20.8279510Z    Avg Latency: 1928.9ms
2026-01-23T04:19:20.8279757Z 
2026-01-23T04:19:20.8279980Z 💾 Cache Performance:
2026-01-23T04:19:20.8280377Z    Hits: 0
2026-01-23T04:19:20.8280664Z    Misses: 0
2026-01-23T04:19:20.8280910Z    Hit Rate: 0.0%
2026-01-23T04:19:20.8281107Z 
2026-01-23T04:19:20.8281325Z 🔄 Retry Metrics:
2026-01-23T04:19:20.8281625Z    Mining Retries: 0
2026-01-23T04:19:20.8282218Z    Loop Detections: 0
2026-01-23T04:19:20.8282575Z    State Revisits: 0
2026-01-23T04:19:20.8282927Z ============================================================
2026-01-23T04:19:20.8283262Z 
2026-01-23T04:19:20.8284106Z [STATS] Performance metrics saved to: /home/runner/work/build_qa_automation/build_qa_automation/projects/ci_saucedemo_e2e/outputs/performance_metrics.json
2026-01-23T04:20:13.0431994Z [LLM] SafeLLM Initialized: model=gemini-2.0-flash-lite-preview-02-05
2026-01-23T04:20:13.0432537Z 
2026-01-23T04:20:13.0432770Z   [EXECUTE] Starting Automation Execution Engine
2026-01-23T04:20:13.0433611Z [LOC] Project: ci_saucedemo_e2e
2026-01-23T04:20:13.0433980Z   Mode: Headless
2026-01-23T04:20:13.0434153Z 
2026-01-23T04:20:13.0434521Z --- Scenario: Login, Add Backpack to Cart, Checkout, Verify Order Confirmation ---
2026-01-23T04:20:13.0435170Z   [STEP]  [STEP step_0] NAVIGATE: NAVIGATE
2026-01-23T04:20:13.0435578Z     [OK] Step step_0 Passed.
2026-01-23T04:20:13.0435963Z   [STEP]  [STEP step_1] FILL: Username
2026-01-23T04:20:13.0436442Z     [SEARCH] Trying 5 validated locators from golden path...
2026-01-23T04:20:13.0437428Z     [OK] SUCCESS! Locator #1: role=textbox[name='Username']... (method: unknown, stability: 0.00)
2026-01-23T04:20:13.0438092Z     [OK] Step step_1 Passed.
2026-01-23T04:20:13.0438439Z   [STEP]  [STEP step_2] FILL: Password
2026-01-23T04:20:13.0438916Z     [SEARCH] Trying 5 validated locators from golden path...
2026-01-23T04:20:13.0439642Z     [OK] SUCCESS! Locator #1: role=textbox[name='Password']... (method: unknown, stability: 0.00)
2026-01-23T04:20:13.0440305Z     [OK] Step step_2 Passed.
2026-01-23T04:20:13.0440641Z   [STEP]  [STEP step_3] CLICK: Login
2026-01-23T04:20:13.0441099Z     [SEARCH] Trying 1 validated locators from golden path...
2026-01-23T04:20:13.0441810Z     [OK] SUCCESS! Locator #1: role=button[name='Login' i]... (method: unknown, stability: 0.96)
2026-01-23T04:20:13.0442422Z     [OK] Step step_3 Passed.
2026-01-23T04:20:13.0442779Z   [STEP]  [STEP step_4_ai_1] FILL: Username
2026-01-23T04:20:13.0443268Z     [SEARCH] Trying 1 validated locators from golden path...
2026-01-23T04:20:13.0443805Z     [FAIL] Locator #1 found 0 elements: #user-name...
2026-01-23T04:20:13.0444377Z     [WARN]  All golden path locators failed. Will try text-based fallback.
2026-01-23T04:20:13.0445235Z     [FAIL] Attempt 1 failed (element_not_found): Locator.scroll_into_view_if_needed: Timeout 10000ms exceeded.
2026-01-23T04:20:13.0445957Z Call log:
2026-01-23T04:20:13.0446223Z   - waiting for locator("tex...
2026-01-23T04:20:13.0446651Z       [AUTO-HEAL] Re-mining page to find 'Username'...
2026-01-23T04:20:13.0447470Z [DEBUG] Sending request to gemini-2.0-flash-lite-preview-02-05. Number of parts: 2
2026-01-23T04:20:13.0448106Z [DEBUG] Received response (Length: 624)
2026-01-23T04:20:13.0448559Z     [AI] AI heal found 2 alternatives. Validating...
2026-01-23T04:20:13.0449122Z       [FAIL] Rejected: No keyword match in 'add to cart' for 'Username'
2026-01-23T04:20:13.0449772Z       [FAIL] Rejected: No keyword match in 'add to cart' for 'Username'
2026-01-23T04:20:13.0450402Z     [WARN] All AI suggestions failed validation. Using original.
2026-01-23T04:20:13.0451036Z     [FAIL] AI could not re-locate the element. Waiting 1s before next retry.
2026-01-23T04:20:13.0451898Z     [FAIL] Attempt 2 failed (element_not_found): Locator.scroll_into_view_if_needed: Timeout 10000ms exceeded.
2026-01-23T04:20:13.0452596Z Call log:
2026-01-23T04:20:13.0452863Z   - waiting for locator("tex...
2026-01-23T04:20:13.0453268Z       [AUTO-HEAL] Re-mining page to find 'Username'...
2026-01-23T04:20:13.0453744Z [CACHE HIT] c723b1d5... (hits: 1, misses: 1)
2026-01-23T04:20:13.0454209Z     [AI] AI heal found 2 alternatives. Validating...
2026-01-23T04:20:13.0454764Z       [FAIL] Rejected: No keyword match in 'add to cart' for 'Username'
2026-01-23T04:20:13.0455373Z       [FAIL] Rejected: No keyword match in 'add to cart' for 'Username'
2026-01-23T04:20:13.0456239Z     [WARN] All AI suggestions failed validation. Using original.
2026-01-23T04:20:13.0456880Z     [FAIL] AI could not re-locate the element. Waiting 1s before next retry.
2026-01-23T04:20:13.0461254Z     [FAIL] Attempt 3 failed (element_not_found): Locator.scroll_into_view_if_needed: Timeout 10000ms exceeded.
2026-01-23T04:20:13.0461961Z Call log:
2026-01-23T04:20:13.0462236Z   - waiting for locator("tex...
2026-01-23T04:20:13.0462628Z       Step step_4_ai_1 failed after all retries.
2026-01-23T04:20:13.0463391Z [ABORT] Scenario 'Login, Add Backpack to Cart, Checkout, Verify Order Confirmation' aborted due to step failure.
2026-01-23T04:20:13.0464238Z 
2026-01-23T04:20:13.0464378Z ============================================================
2026-01-23T04:20:13.0464797Z [TARGET] EXECUTION SUMMARY
2026-01-23T04:20:13.0465140Z ============================================================
2026-01-23T04:20:13.0465418Z 
2026-01-23T04:20:13.0465534Z [INFO] Scenario Overview:
2026-01-23T04:20:13.0465873Z      Total Scenarios Planned: 1
2026-01-23T04:20:13.0466224Z      Scenarios Executed: 1
2026-01-23T04:20:13.0466556Z      Total Steps Executed: 5
2026-01-23T04:20:13.0466768Z 
2026-01-23T04:20:13.0466869Z [OK] Results:
2026-01-23T04:20:13.0467312Z    [FAIL] Failed: 1 (100%)
2026-01-23T04:20:13.0467527Z 
2026-01-23T04:20:13.0467648Z [WARN]  Failed Scenarios:
2026-01-23T04:20:13.0468106Z      Login, Add Backpack to Cart, Checkout, Verify Order Confirmation
2026-01-23T04:20:13.0468509Z 
2026-01-23T04:20:13.0468652Z ============================================================
2026-01-23T04:20:13.0468939Z 
2026-01-23T04:20:13.0469570Z [DONE] Execution Finished. Report: /home/runner/work/build_qa_automation/build_qa_automation/projects/ci_saucedemo_e2e/execution.json
2026-01-23T04:20:13.0470435Z 
2026-01-23T04:20:13.0470572Z ============================================================
2026-01-23T04:20:13.0470964Z PERFORMANCE SUMMARY
2026-01-23T04:20:13.0471274Z ============================================================
2026-01-23T04:20:13.0471551Z 
2026-01-23T04:20:13.0471670Z Execution Results:
2026-01-23T04:20:13.0471946Z    - Total Steps: 5
2026-01-23T04:20:13.0472251Z    - First-Attempt Success: 4 (80.0%)
2026-01-23T04:20:13.0472678Z    - Required AI Healing: 2 (40.0%)
2026-01-23T04:20:13.0473048Z    - Final Failures: 1 (20.0%)
2026-01-23T04:20:13.0473267Z 
2026-01-23T04:20:13.0473400Z [GOLDEN]  Golden Path Effectiveness:
2026-01-23T04:20:13.0473768Z      Steps with Mined Locators: 4
2026-01-23T04:20:13.0474130Z      Golden Path Hits: 3 (75.0%)
2026-01-23T04:20:13.0474475Z      Golden Path Misses: 1
2026-01-23T04:20:13.0474802Z      Fallback Used (No Locators): 1
2026-01-23T04:20:13.0475052Z 
2026-01-23T04:20:13.0475176Z [ASSESS] Overall Assessment:
2026-01-23T04:20:13.0475600Z    [OK] GOOD! Most steps following golden path successfully.
2026-01-23T04:20:13.0475954Z 
2026-01-23T04:20:13.0476085Z [TARGET] vs Target (100% Flawless):
2026-01-23T04:20:13.0476444Z    [STATS] Gap: 20.0% from target
2026-01-23T04:20:13.0476863Z    [TIP] Recommendation: Review 1 golden path misses
2026-01-23T04:20:13.0477591Z    [TIP] Recommendation: Explorer needs to mine locators for 1 steps
2026-01-23T04:20:13.0478004Z 
2026-01-23T04:20:13.0478150Z ============================================================
2026-01-23T04:20:13.1682442Z 
2026-01-23T04:20:13.1683781Z [PHASE] Running Phase: PLANNING
2026-01-23T04:20:13.1686333Z    Command: /opt/hostedtoolcache/Python/3.11.14/x64/bin/python /home/runner/work/build_qa_automation/build_qa_automation/core/agents/planner.py --project /home/runner/work/build_qa_automation/build_qa_automation/projects/ci_saucedemo_e2e --goal Login as 'standard_user'/'secret_sauce', add 'Backpack' to cart, checkout with zip='90210', verify order confirmation --url https://www.saucedemo.com/
2026-01-23T04:20:13.1689081Z [OK] Phase 'planning' completed successfully.
2026-01-23T04:20:13.1689295Z 
2026-01-23T04:20:13.1689391Z [PHASE] Running Phase: EXPLORATION
2026-01-23T04:20:13.1690524Z    Command: /opt/hostedtoolcache/Python/3.11.14/x64/bin/python /home/runner/work/build_qa_automation/build_qa_automation/core/agents/explorer.py --project /home/runner/work/build_qa_automation/build_qa_automation/projects/ci_saucedemo_e2e
2026-01-23T04:20:13.1691497Z [OK] Phase 'exploration' completed successfully.
2026-01-23T04:20:13.1691825Z Summary: Exploration Discovery Success Rate: 60.9%
2026-01-23T04:20:13.1692031Z 
2026-01-23T04:20:13.1692127Z [PHASE] Running Phase: EXECUTION
2026-01-23T04:20:13.1693016Z    Command: /opt/hostedtoolcache/Python/3.11.14/x64/bin/python /home/runner/work/build_qa_automation/build_qa_automation/core/agents/executor.py --project /home/runner/work/build_qa_automation/build_qa_automation/projects/ci_saucedemo_e2e
2026-01-23T04:20:13.1694102Z [OK] Phase 'execution' completed successfully.
2026-01-23T04:20:13.1694298Z 
2026-01-23T04:20:13.1694397Z [DONE] Pipeline Execution Finished! [DONE]
2026-01-23T04:20:13.2764852Z ##[group]Run RESULT_FILE="projects/ci_saucedemo_e2e/execution.json"
2026-01-23T04:20:13.2765369Z [36;1mRESULT_FILE="projects/ci_saucedemo_e2e/execution.json"[0m
2026-01-23T04:20:13.2765719Z [36;1mif [ -f "$RESULT_FILE" ]; then[0m
2026-01-23T04:20:13.2766063Z [36;1m  echo "✅ Results generated successfully: $RESULT_FILE"[0m
2026-01-23T04:20:13.2766513Z [36;1m  cat "$RESULT_FILE" | jq '.scenarios | length' || echo "Result file exists"[0m
2026-01-23T04:20:13.2766872Z [36;1melse[0m
2026-01-23T04:20:13.2767406Z [36;1m  echo "❌ No result file found at $RESULT_FILE"[0m
2026-01-23T04:20:13.2767733Z [36;1m  exit 1[0m
2026-01-23T04:20:13.2767909Z [36;1mfi[0m
2026-01-23T04:20:13.2798773Z shell: /usr/bin/bash -e {0}
2026-01-23T04:20:13.2799029Z env:
2026-01-23T04:20:13.2799278Z   pythonLocation: /opt/hostedtoolcache/Python/3.11.14/x64
2026-01-23T04:20:13.2799694Z   PKG_CONFIG_PATH: /opt/hostedtoolcache/Python/3.11.14/x64/lib/pkgconfig
2026-01-23T04:20:13.2800130Z   Python_ROOT_DIR: /opt/hostedtoolcache/Python/3.11.14/x64
2026-01-23T04:20:13.2800505Z   Python2_ROOT_DIR: /opt/hostedtoolcache/Python/3.11.14/x64
2026-01-23T04:20:13.2800866Z   Python3_ROOT_DIR: /opt/hostedtoolcache/Python/3.11.14/x64
2026-01-23T04:20:13.2801233Z   LD_LIBRARY_PATH: /opt/hostedtoolcache/Python/3.11.14/x64/lib
2026-01-23T04:20:13.2801537Z ##[endgroup]
2026-01-23T04:20:13.2852714Z ✅ Results generated successfully: projects/ci_saucedemo_e2e/execution.json
2026-01-23T04:20:13.2878233Z 1
2026-01-23T04:20:13.2943228Z ##[group]Run actions/upload-artifact@v4
2026-01-23T04:20:13.2943507Z with:
2026-01-23T04:20:13.2943701Z   name: saucedemo_e2e-execution-results
2026-01-23T04:20:13.2944123Z   path: projects/ci_saucedemo_e2e/execution.json
projects/ci_saucedemo_e2e/workflow.json

2026-01-23T04:20:13.2944567Z   retention-days: 30
2026-01-23T04:20:13.2944777Z   if-no-files-found: warn
2026-01-23T04:20:13.2944989Z   compression-level: 6
2026-01-23T04:20:13.2945192Z   overwrite: false
2026-01-23T04:20:13.2945384Z   include-hidden-files: false
2026-01-23T04:20:13.2945597Z env:
2026-01-23T04:20:13.2945833Z   pythonLocation: /opt/hostedtoolcache/Python/3.11.14/x64
2026-01-23T04:20:13.2946244Z   PKG_CONFIG_PATH: /opt/hostedtoolcache/Python/3.11.14/x64/lib/pkgconfig
2026-01-23T04:20:13.2946637Z   Python_ROOT_DIR: /opt/hostedtoolcache/Python/3.11.14/x64
2026-01-23T04:20:13.2947006Z   Python2_ROOT_DIR: /opt/hostedtoolcache/Python/3.11.14/x64
2026-01-23T04:20:13.2947678Z   Python3_ROOT_DIR: /opt/hostedtoolcache/Python/3.11.14/x64
2026-01-23T04:20:13.2948044Z   LD_LIBRARY_PATH: /opt/hostedtoolcache/Python/3.11.14/x64/lib
2026-01-23T04:20:13.2948375Z ##[endgroup]
2026-01-23T04:20:13.5135534Z Multiple search paths detected. Calculating the least common ancestor of all paths
2026-01-23T04:20:13.5140580Z The least common ancestor is /home/runner/work/build_qa_automation/build_qa_automation/projects/ci_saucedemo_e2e. This will be the root directory of the artifact
2026-01-23T04:20:13.5142570Z With the provided path, there will be 2 files uploaded
2026-01-23T04:20:13.5148199Z Artifact name is valid!
2026-01-23T04:20:13.5148677Z Root directory input is valid!
2026-01-23T04:20:13.6048206Z Beginning upload of artifact content to blob storage
2026-01-23T04:20:13.6686834Z Uploaded bytes 1772
2026-01-23T04:20:13.6876148Z Finished uploading artifact content to blob storage!
2026-01-23T04:20:13.6879952Z SHA256 digest of uploaded artifact zip is 1dca2b597b65e1db406c732909e788dbdee1e2607b770c31268d406ff21f8c6b
2026-01-23T04:20:13.6881911Z Finalizing artifact upload
2026-01-23T04:20:13.7653268Z Artifact saucedemo_e2e-execution-results.zip successfully finalized. Artifact ID 5229229330
2026-01-23T04:20:13.7654343Z Artifact saucedemo_e2e-execution-results has been successfully uploaded! Final size is 1772 bytes. Artifact ID is 5229229330
2026-01-23T04:20:13.7662283Z Artifact download URL: https://github.com/vishvasmca-cmd/build_qa_automation/actions/runs/21274347091/artifacts/5229229330
2026-01-23T04:20:13.7836089Z Post job cleanup.
2026-01-23T04:20:13.9359668Z Cache hit occurred on the primary key setup-python-Linux-x64-24.04-Ubuntu-python-3.11.14-pip-dde08d0e0b672972dcda9f1a063036a2e0c226f5d0a20362e9401931676d80a4, not saving cache.
2026-01-23T04:20:13.9468894Z Post job cleanup.
2026-01-23T04:20:14.0427879Z [command]/usr/bin/git version
2026-01-23T04:20:14.0470344Z git version 2.52.0
2026-01-23T04:20:14.0516658Z Temporarily overriding HOME='/home/runner/work/_temp/85361dee-7416-4203-89c8-e1563c6680a5' before making global git config changes
2026-01-23T04:20:14.0518226Z Adding repository directory to the temporary git global config as a safe directory
2026-01-23T04:20:14.0532722Z [command]/usr/bin/git config --global --add safe.directory /home/runner/work/build_qa_automation/build_qa_automation
2026-01-23T04:20:14.0571542Z [command]/usr/bin/git config --local --name-only --get-regexp core\.sshCommand
2026-01-23T04:20:14.0608116Z [command]/usr/bin/git submodule foreach --recursive sh -c "git config --local --name-only --get-regexp 'core\.sshCommand' && git config --local --unset-all 'core.sshCommand' || :"
2026-01-23T04:20:14.0865359Z [command]/usr/bin/git config --local --name-only --get-regexp http\.https\:\/\/github\.com\/\.extraheader
2026-01-23T04:20:14.0889871Z http.https://github.com/.extraheader
2026-01-23T04:20:14.0903127Z [command]/usr/bin/git config --local --unset-all http.https://github.com/.extraheader
2026-01-23T04:20:14.0935851Z [command]/usr/bin/git submodule foreach --recursive sh -c "git config --local --name-only --get-regexp 'http\.https\:\/\/github\.com\/\.extraheader' && git config --local --unset-all 'http.https://github.com/.extraheader' || :"
2026-01-23T04:20:14.1185592Z [command]/usr/bin/git config --local --name-only --get-regexp ^includeIf\.gitdir:
2026-01-23T04:20:14.1219960Z [command]/usr/bin/git submodule foreach --recursive git config --local --show-origin --name-only --get-regexp remote.origin.url
2026-01-23T04:20:14.1576355Z Cleaning up orphan processes
