2026-01-19T04:27:14.4563760Z Current runner version: '2.331.0'
2026-01-19T04:27:14.4587470Z ##[group]Runner Image Provisioner
2026-01-19T04:27:14.4588683Z Hosted Compute Agent
2026-01-19T04:27:14.4589372Z Version: 20251211.462
2026-01-19T04:27:14.4590072Z Commit: 6cbad8c2bb55d58165063d031ccabf57e2d2db61
2026-01-19T04:27:14.4590804Z Build Date: 2025-12-11T16:28:49Z
2026-01-19T04:27:14.4591538Z Worker ID: {44641bb2-9065-43c3-bcc2-8d48a5d79800}
2026-01-19T04:27:14.4592210Z ##[endgroup]
2026-01-19T04:27:14.4592698Z ##[group]Operating System
2026-01-19T04:27:14.4593324Z Ubuntu
2026-01-19T04:27:14.4593745Z 24.04.3
2026-01-19T04:27:14.4594234Z LTS
2026-01-19T04:27:14.4594767Z ##[endgroup]
2026-01-19T04:27:14.4595215Z ##[group]Runner Image
2026-01-19T04:27:14.4595744Z Image: ubuntu-24.04
2026-01-19T04:27:14.4596309Z Version: 20260111.209.1
2026-01-19T04:27:14.4597295Z Included Software: https://github.com/actions/runner-images/blob/ubuntu24/20260111.209/images/ubuntu/Ubuntu2404-Readme.md
2026-01-19T04:27:14.4599080Z Image Release: https://github.com/actions/runner-images/releases/tag/ubuntu24%2F20260111.209
2026-01-19T04:27:14.4600116Z ##[endgroup]
2026-01-19T04:27:14.4601212Z ##[group]GITHUB_TOKEN Permissions
2026-01-19T04:27:14.4603929Z Contents: read
2026-01-19T04:27:14.4604493Z Metadata: read
2026-01-19T04:27:14.4605056Z Packages: read
2026-01-19T04:27:14.4605586Z ##[endgroup]
2026-01-19T04:27:14.4608048Z Secret source: Actions
2026-01-19T04:27:14.4608870Z Prepare workflow directory
2026-01-19T04:27:14.5545387Z Prepare all required actions
2026-01-19T04:27:14.5582228Z Getting action download info
2026-01-19T04:27:14.8217862Z Download action repository 'actions/checkout@v4' (SHA:34e114876b0b11c390a56381ad16ebd13914f8d5)
2026-01-19T04:27:14.9308094Z Download action repository 'actions/setup-python@v5' (SHA:a26af69be951a213d495a4c3e4e4022e16d87065)
2026-01-19T04:27:15.0171060Z Download action repository 'actions/upload-artifact@v4' (SHA:ea165f8d65b6e75b540449e92b4886f43607fa02)
2026-01-19T04:27:15.4105501Z Complete job name: test-websites-deep (petstore_swagger, https://petstore.swagger.io/, Test Swagger UI interactions)
2026-01-19T04:27:15.6419010Z ##[group]Run actions/checkout@v4
2026-01-19T04:27:15.6419950Z with:
2026-01-19T04:27:15.6420451Z   repository: vishvasmca-cmd/build_qa_automation
2026-01-19T04:27:15.6421311Z   token: ***
2026-01-19T04:27:15.6421738Z   ssh-strict: true
2026-01-19T04:27:15.6422181Z   ssh-user: git
2026-01-19T04:27:15.6422644Z   persist-credentials: true
2026-01-19T04:27:15.6423127Z   clean: true
2026-01-19T04:27:15.6423561Z   sparse-checkout-cone-mode: true
2026-01-19T04:27:15.6424095Z   fetch-depth: 1
2026-01-19T04:27:15.6424527Z   fetch-tags: false
2026-01-19T04:27:15.6424979Z   show-progress: true
2026-01-19T04:27:15.6425432Z   lfs: false
2026-01-19T04:27:15.6425838Z   submodules: false
2026-01-19T04:27:15.6426300Z   set-safe-directory: true
2026-01-19T04:27:15.6427012Z ##[endgroup]
2026-01-19T04:27:15.7504078Z Syncing repository: vishvasmca-cmd/build_qa_automation
2026-01-19T04:27:15.7505930Z ##[group]Getting Git version info
2026-01-19T04:27:15.7507070Z Working directory is '/home/runner/work/build_qa_automation/build_qa_automation'
2026-01-19T04:27:15.7508805Z [command]/usr/bin/git version
2026-01-19T04:27:15.7550644Z git version 2.52.0
2026-01-19T04:27:15.7576260Z ##[endgroup]
2026-01-19T04:27:15.7596765Z Temporarily overriding HOME='/home/runner/work/_temp/7172e0a2-a902-4498-a2cf-10e6d1a6ee34' before making global git config changes
2026-01-19T04:27:15.7598443Z Adding repository directory to the temporary git global config as a safe directory
2026-01-19T04:27:15.7602547Z [command]/usr/bin/git config --global --add safe.directory /home/runner/work/build_qa_automation/build_qa_automation
2026-01-19T04:27:15.7638410Z Deleting the contents of '/home/runner/work/build_qa_automation/build_qa_automation'
2026-01-19T04:27:15.7641492Z ##[group]Initializing the repository
2026-01-19T04:27:15.7645724Z [command]/usr/bin/git init /home/runner/work/build_qa_automation/build_qa_automation
2026-01-19T04:27:15.7732772Z hint: Using 'master' as the name for the initial branch. This default branch name
2026-01-19T04:27:15.7734396Z hint: will change to "main" in Git 3.0. To configure the initial branch name
2026-01-19T04:27:15.7736114Z hint: to use in all of your new repositories, which will suppress this warning,
2026-01-19T04:27:15.7737266Z hint: call:
2026-01-19T04:27:15.7738246Z hint:
2026-01-19T04:27:15.7739289Z hint: 	git config --global init.defaultBranch <name>
2026-01-19T04:27:15.7740535Z hint:
2026-01-19T04:27:15.7741690Z hint: Names commonly chosen instead of 'master' are 'main', 'trunk' and
2026-01-19T04:27:15.7743672Z hint: 'development'. The just-created branch can be renamed via this command:
2026-01-19T04:27:15.7745209Z hint:
2026-01-19T04:27:15.7745999Z hint: 	git branch -m <name>
2026-01-19T04:27:15.7746908Z hint:
2026-01-19T04:27:15.7748499Z hint: Disable this message with "git config set advice.defaultBranchName false"
2026-01-19T04:27:15.7750839Z Initialized empty Git repository in /home/runner/work/build_qa_automation/build_qa_automation/.git/
2026-01-19T04:27:15.7754257Z [command]/usr/bin/git remote add origin https://github.com/vishvasmca-cmd/build_qa_automation
2026-01-19T04:27:15.7783847Z ##[endgroup]
2026-01-19T04:27:15.7785217Z ##[group]Disabling automatic garbage collection
2026-01-19T04:27:15.7788933Z [command]/usr/bin/git config --local gc.auto 0
2026-01-19T04:27:15.7817817Z ##[endgroup]
2026-01-19T04:27:15.7819284Z ##[group]Setting up auth
2026-01-19T04:27:15.7825440Z [command]/usr/bin/git config --local --name-only --get-regexp core\.sshCommand
2026-01-19T04:27:15.7856108Z [command]/usr/bin/git submodule foreach --recursive sh -c "git config --local --name-only --get-regexp 'core\.sshCommand' && git config --local --unset-all 'core.sshCommand' || :"
2026-01-19T04:27:15.8158703Z [command]/usr/bin/git config --local --name-only --get-regexp http\.https\:\/\/github\.com\/\.extraheader
2026-01-19T04:27:15.8187769Z [command]/usr/bin/git submodule foreach --recursive sh -c "git config --local --name-only --get-regexp 'http\.https\:\/\/github\.com\/\.extraheader' && git config --local --unset-all 'http.https://github.com/.extraheader' || :"
2026-01-19T04:27:15.8402488Z [command]/usr/bin/git config --local --name-only --get-regexp ^includeIf\.gitdir:
2026-01-19T04:27:15.8433877Z [command]/usr/bin/git submodule foreach --recursive git config --local --show-origin --name-only --get-regexp remote.origin.url
2026-01-19T04:27:15.8653343Z [command]/usr/bin/git config --local http.https://github.com/.extraheader AUTHORIZATION: basic ***
2026-01-19T04:27:15.8686435Z ##[endgroup]
2026-01-19T04:27:15.8688105Z ##[group]Fetching the repository
2026-01-19T04:27:15.8696464Z [command]/usr/bin/git -c protocol.version=2 fetch --no-tags --prune --no-recurse-submodules --depth=1 origin +2f305d435d899f67f11ae5adc61ad536fdd999e8:refs/remotes/origin/main
2026-01-19T04:27:16.7883603Z From https://github.com/vishvasmca-cmd/build_qa_automation
2026-01-19T04:27:16.7914185Z  * [new ref]         2f305d435d899f67f11ae5adc61ad536fdd999e8 -> origin/main
2026-01-19T04:27:16.7919662Z ##[endgroup]
2026-01-19T04:27:16.7923272Z ##[group]Determining the checkout info
2026-01-19T04:27:16.7925354Z ##[endgroup]
2026-01-19T04:27:16.7926568Z [command]/usr/bin/git sparse-checkout disable
2026-01-19T04:27:16.7964786Z [command]/usr/bin/git config --local --unset-all extensions.worktreeConfig
2026-01-19T04:27:16.7991439Z ##[group]Checking out the ref
2026-01-19T04:27:16.7994367Z [command]/usr/bin/git checkout --progress --force -B main refs/remotes/origin/main
2026-01-19T04:27:16.9419913Z Switched to a new branch 'main'
2026-01-19T04:27:16.9421462Z branch 'main' set up to track 'origin/main'.
2026-01-19T04:27:16.9440820Z ##[endgroup]
2026-01-19T04:27:16.9479041Z [command]/usr/bin/git log -1 --format=%H
2026-01-19T04:27:16.9501835Z 2f305d435d899f67f11ae5adc61ad536fdd999e8
2026-01-19T04:27:17.1127922Z ##[group]Run actions/setup-python@v5
2026-01-19T04:27:17.1129046Z with:
2026-01-19T04:27:17.1129790Z   python-version: 3.11
2026-01-19T04:27:17.1130656Z   cache: pip
2026-01-19T04:27:17.1131725Z   check-latest: false
2026-01-19T04:27:17.1132867Z   token: ***
2026-01-19T04:27:17.1133673Z   update-environment: true
2026-01-19T04:27:17.1134644Z   allow-prereleases: false
2026-01-19T04:27:17.1135591Z   freethreaded: false
2026-01-19T04:27:17.1136438Z ##[endgroup]
2026-01-19T04:27:17.2925993Z ##[group]Installed versions
2026-01-19T04:27:17.3030646Z Successfully set up CPython (3.11.14)
2026-01-19T04:27:17.3033467Z ##[endgroup]
2026-01-19T04:27:17.4343505Z [command]/opt/hostedtoolcache/Python/3.11.14/x64/bin/pip cache dir
2026-01-19T04:27:17.7209403Z /home/runner/.cache/pip
2026-01-19T04:27:17.8347749Z Cache hit for: setup-python-Linux-x64-24.04-Ubuntu-python-3.11.14-pip-dde08d0e0b672972dcda9f1a063036a2e0c226f5d0a20362e9401931676d80a4
2026-01-19T04:27:18.8739236Z Received 247463936 of 254742636 (97.1%), 235.8 MBs/sec
2026-01-19T04:27:18.9724303Z Received 254742636 of 254742636 (100.0%), 220.5 MBs/sec
2026-01-19T04:27:18.9725783Z Cache Size: ~243 MB (254742636 B)
2026-01-19T04:27:18.9773472Z [command]/usr/bin/tar -xf /home/runner/work/_temp/1436e969-7cfb-4fbb-aee1-68e9a42e90a1/cache.tzst -P -C /home/runner/work/build_qa_automation/build_qa_automation --use-compress-program unzstd
2026-01-19T04:27:19.3943789Z Cache restored successfully
2026-01-19T04:27:19.4432322Z Cache restored from key: setup-python-Linux-x64-24.04-Ubuntu-python-3.11.14-pip-dde08d0e0b672972dcda9f1a063036a2e0c226f5d0a20362e9401931676d80a4
2026-01-19T04:27:19.4712289Z ##[group]Run pip install -r requirements.txt
2026-01-19T04:27:19.4712815Z [36;1mpip install -r requirements.txt[0m
2026-01-19T04:27:19.4713291Z [36;1mplaywright install chromium[0m
2026-01-19T04:27:19.4752287Z shell: /usr/bin/bash -e {0}
2026-01-19T04:27:19.4752765Z env:
2026-01-19T04:27:19.4753148Z   pythonLocation: /opt/hostedtoolcache/Python/3.11.14/x64
2026-01-19T04:27:19.4753786Z   PKG_CONFIG_PATH: /opt/hostedtoolcache/Python/3.11.14/x64/lib/pkgconfig
2026-01-19T04:27:19.4754305Z   Python_ROOT_DIR: /opt/hostedtoolcache/Python/3.11.14/x64
2026-01-19T04:27:19.4754801Z   Python2_ROOT_DIR: /opt/hostedtoolcache/Python/3.11.14/x64
2026-01-19T04:27:19.4755335Z   Python3_ROOT_DIR: /opt/hostedtoolcache/Python/3.11.14/x64
2026-01-19T04:27:19.4755848Z   LD_LIBRARY_PATH: /opt/hostedtoolcache/Python/3.11.14/x64/lib
2026-01-19T04:27:19.4756319Z ##[endgroup]
2026-01-19T04:27:20.4392605Z Collecting playwright (from -r requirements.txt (line 1))
2026-01-19T04:27:20.4418709Z   Using cached playwright-1.57.0-py3-none-manylinux1_x86_64.whl.metadata (3.5 kB)
2026-01-19T04:27:20.4636678Z Collecting python-dotenv (from -r requirements.txt (line 2))
2026-01-19T04:27:20.4655612Z   Using cached python_dotenv-1.2.1-py3-none-any.whl.metadata (25 kB)
2026-01-19T04:27:20.4939974Z Collecting requests (from -r requirements.txt (line 3))
2026-01-19T04:27:20.4954010Z   Using cached requests-2.32.5-py3-none-any.whl.metadata (4.9 kB)
2026-01-19T04:27:20.6616303Z Collecting pillow (from -r requirements.txt (line 4))
2026-01-19T04:27:20.6633049Z   Using cached pillow-12.1.0-cp311-cp311-manylinux_2_27_x86_64.manylinux_2_28_x86_64.whl.metadata (8.8 kB)
2026-01-19T04:27:20.6884243Z Collecting google-genai>=0.3.0 (from -r requirements.txt (line 5))
2026-01-19T04:27:20.6902564Z   Using cached google_genai-1.59.0-py3-none-any.whl.metadata (53 kB)
2026-01-19T04:27:20.7086062Z Collecting termcolor (from -r requirements.txt (line 6))
2026-01-19T04:27:20.7103511Z   Using cached termcolor-3.3.0-py3-none-any.whl.metadata (6.5 kB)
2026-01-19T04:27:20.7531633Z Collecting PyYAML (from -r requirements.txt (line 7))
2026-01-19T04:27:20.7545453Z   Using cached pyyaml-6.0.3-cp311-cp311-manylinux2014_x86_64.manylinux_2_17_x86_64.manylinux_2_28_x86_64.whl.metadata (2.4 kB)
2026-01-19T04:27:20.8123588Z Collecting opencv-python-headless (from -r requirements.txt (line 8))
2026-01-19T04:27:20.8138001Z   Using cached opencv_python_headless-4.13.0.90-cp37-abi3-manylinux_2_28_x86_64.whl.metadata (19 kB)
2026-01-19T04:27:21.0149540Z Collecting numpy (from -r requirements.txt (line 9))
2026-01-19T04:27:21.0165817Z   Using cached numpy-2.4.1-cp311-cp311-manylinux_2_27_x86_64.manylinux_2_28_x86_64.whl.metadata (6.6 kB)
2026-01-19T04:27:21.0915057Z Collecting faker (from -r requirements.txt (line 10))
2026-01-19T04:27:21.0929546Z   Using cached faker-40.1.2-py3-none-any.whl.metadata (16 kB)
2026-01-19T04:27:21.1082078Z Collecting pyee<14,>=13 (from playwright->-r requirements.txt (line 1))
2026-01-19T04:27:21.1095193Z   Using cached pyee-13.0.0-py3-none-any.whl.metadata (2.9 kB)
2026-01-19T04:27:21.2234248Z Collecting greenlet<4.0.0,>=3.1.1 (from playwright->-r requirements.txt (line 1))
2026-01-19T04:27:21.2249033Z   Using cached greenlet-3.3.0-cp311-cp311-manylinux_2_24_x86_64.manylinux_2_28_x86_64.whl.metadata (4.1 kB)
2026-01-19T04:27:21.2415655Z Collecting typing-extensions (from pyee<14,>=13->playwright->-r requirements.txt (line 1))
2026-01-19T04:27:21.2429256Z   Using cached typing_extensions-4.15.0-py3-none-any.whl.metadata (3.3 kB)
2026-01-19T04:27:21.3192567Z Collecting charset_normalizer<4,>=2 (from requests->-r requirements.txt (line 3))
2026-01-19T04:27:21.3208376Z   Using cached charset_normalizer-3.4.4-cp311-cp311-manylinux2014_x86_64.manylinux_2_17_x86_64.manylinux_2_28_x86_64.whl.metadata (37 kB)
2026-01-19T04:27:21.3357045Z Collecting idna<4,>=2.5 (from requests->-r requirements.txt (line 3))
2026-01-19T04:27:21.3370492Z   Using cached idna-3.11-py3-none-any.whl.metadata (8.4 kB)
2026-01-19T04:27:21.3622961Z Collecting urllib3<3,>=1.21.1 (from requests->-r requirements.txt (line 3))
2026-01-19T04:27:21.3635753Z   Using cached urllib3-2.6.3-py3-none-any.whl.metadata (6.9 kB)
2026-01-19T04:27:21.3834001Z Collecting certifi>=2017.4.17 (from requests->-r requirements.txt (line 3))
2026-01-19T04:27:21.3846854Z   Using cached certifi-2026.1.4-py3-none-any.whl.metadata (2.5 kB)
2026-01-19T04:27:21.4040612Z Collecting anyio<5.0.0,>=4.8.0 (from google-genai>=0.3.0->-r requirements.txt (line 5))
2026-01-19T04:27:21.4053485Z   Using cached anyio-4.12.1-py3-none-any.whl.metadata (4.3 kB)
2026-01-19T04:27:21.4370870Z Collecting google-auth<3.0.0,>=2.47.0 (from google-auth[requests]<3.0.0,>=2.47.0->google-genai>=0.3.0->-r requirements.txt (line 5))
2026-01-19T04:27:21.4383819Z   Using cached google_auth-2.47.0-py3-none-any.whl.metadata (6.4 kB)
2026-01-19T04:27:21.4621579Z Collecting httpx<1.0.0,>=0.28.1 (from google-genai>=0.3.0->-r requirements.txt (line 5))
2026-01-19T04:27:21.4635346Z   Using cached httpx-0.28.1-py3-none-any.whl.metadata (7.1 kB)
2026-01-19T04:27:21.6004841Z Collecting pydantic<3.0.0,>=2.9.0 (from google-genai>=0.3.0->-r requirements.txt (line 5))
2026-01-19T04:27:21.6022654Z   Using cached pydantic-2.12.5-py3-none-any.whl.metadata (90 kB)
2026-01-19T04:27:21.6252171Z Collecting tenacity<9.2.0,>=8.2.3 (from google-genai>=0.3.0->-r requirements.txt (line 5))
2026-01-19T04:27:21.6264631Z   Using cached tenacity-9.1.2-py3-none-any.whl.metadata (1.2 kB)
2026-01-19T04:27:21.7096570Z Collecting websockets<15.1.0,>=13.0.0 (from google-genai>=0.3.0->-r requirements.txt (line 5))
2026-01-19T04:27:21.7112675Z   Using cached websockets-15.0.1-cp311-cp311-manylinux_2_5_x86_64.manylinux1_x86_64.manylinux_2_17_x86_64.manylinux2014_x86_64.whl.metadata (6.8 kB)
2026-01-19T04:27:21.7246775Z Collecting distro<2,>=1.7.0 (from google-genai>=0.3.0->-r requirements.txt (line 5))
2026-01-19T04:27:21.7260001Z   Using cached distro-1.9.0-py3-none-any.whl.metadata (6.8 kB)
2026-01-19T04:27:21.7353144Z Collecting sniffio (from google-genai>=0.3.0->-r requirements.txt (line 5))
2026-01-19T04:27:21.7366575Z   Using cached sniffio-1.3.1-py3-none-any.whl.metadata (3.9 kB)
2026-01-19T04:27:21.7621654Z Collecting pyasn1-modules>=0.2.1 (from google-auth<3.0.0,>=2.47.0->google-auth[requests]<3.0.0,>=2.47.0->google-genai>=0.3.0->-r requirements.txt (line 5))
2026-01-19T04:27:21.7640548Z   Using cached pyasn1_modules-0.4.2-py3-none-any.whl.metadata (3.5 kB)
2026-01-19T04:27:21.7772032Z Collecting rsa<5,>=3.1.4 (from google-auth<3.0.0,>=2.47.0->google-auth[requests]<3.0.0,>=2.47.0->google-genai>=0.3.0->-r requirements.txt (line 5))
2026-01-19T04:27:21.7784241Z   Using cached rsa-4.9.1-py3-none-any.whl.metadata (5.6 kB)
2026-01-19T04:27:21.8034942Z Collecting httpcore==1.* (from httpx<1.0.0,>=0.28.1->google-genai>=0.3.0->-r requirements.txt (line 5))
2026-01-19T04:27:21.8047316Z   Using cached httpcore-1.0.9-py3-none-any.whl.metadata (21 kB)
2026-01-19T04:27:21.8156799Z Collecting h11>=0.16 (from httpcore==1.*->httpx<1.0.0,>=0.28.1->google-genai>=0.3.0->-r requirements.txt (line 5))
2026-01-19T04:27:21.8169513Z   Using cached h11-0.16.0-py3-none-any.whl.metadata (8.3 kB)
2026-01-19T04:27:21.8262227Z Collecting annotated-types>=0.6.0 (from pydantic<3.0.0,>=2.9.0->google-genai>=0.3.0->-r requirements.txt (line 5))
2026-01-19T04:27:21.8274834Z   Using cached annotated_types-0.7.0-py3-none-any.whl.metadata (15 kB)
2026-01-19T04:27:22.4718194Z Collecting pydantic-core==2.41.5 (from pydantic<3.0.0,>=2.9.0->google-genai>=0.3.0->-r requirements.txt (line 5))
2026-01-19T04:27:22.4733414Z   Using cached pydantic_core-2.41.5-cp311-cp311-manylinux_2_17_x86_64.manylinux2014_x86_64.whl.metadata (7.3 kB)
2026-01-19T04:27:22.4866090Z Collecting typing-inspection>=0.4.2 (from pydantic<3.0.0,>=2.9.0->google-genai>=0.3.0->-r requirements.txt (line 5))
2026-01-19T04:27:22.4880261Z   Using cached typing_inspection-0.4.2-py3-none-any.whl.metadata (2.6 kB)
2026-01-19T04:27:22.5544724Z Collecting pyasn1>=0.1.3 (from rsa<5,>=3.1.4->google-auth<3.0.0,>=2.47.0->google-auth[requests]<3.0.0,>=2.47.0->google-genai>=0.3.0->-r requirements.txt (line 5))
2026-01-19T04:27:22.5559263Z   Using cached pyasn1-0.6.2-py3-none-any.whl.metadata (8.4 kB)
2026-01-19T04:27:22.5833244Z Using cached playwright-1.57.0-py3-none-manylinux1_x86_64.whl (46.0 MB)
2026-01-19T04:27:22.6170054Z Using cached greenlet-3.3.0-cp311-cp311-manylinux_2_24_x86_64.manylinux_2_28_x86_64.whl (590 kB)
2026-01-19T04:27:22.6186581Z Using cached pyee-13.0.0-py3-none-any.whl (15 kB)
2026-01-19T04:27:22.6199918Z Using cached python_dotenv-1.2.1-py3-none-any.whl (21 kB)
2026-01-19T04:27:22.6212651Z Using cached requests-2.32.5-py3-none-any.whl (64 kB)
2026-01-19T04:27:22.6226220Z Using cached charset_normalizer-3.4.4-cp311-cp311-manylinux2014_x86_64.manylinux_2_17_x86_64.manylinux_2_28_x86_64.whl (151 kB)
2026-01-19T04:27:22.6239544Z Using cached idna-3.11-py3-none-any.whl (71 kB)
2026-01-19T04:27:22.6252347Z Using cached urllib3-2.6.3-py3-none-any.whl (131 kB)
2026-01-19T04:27:22.6265901Z Using cached pillow-12.1.0-cp311-cp311-manylinux_2_27_x86_64.manylinux_2_28_x86_64.whl (7.0 MB)
2026-01-19T04:27:22.6327107Z Using cached google_genai-1.59.0-py3-none-any.whl (719 kB)
2026-01-19T04:27:22.6345717Z Using cached anyio-4.12.1-py3-none-any.whl (113 kB)
2026-01-19T04:27:22.6359034Z Using cached distro-1.9.0-py3-none-any.whl (20 kB)
2026-01-19T04:27:22.6371639Z Using cached google_auth-2.47.0-py3-none-any.whl (234 kB)
2026-01-19T04:27:22.6385406Z Using cached httpx-0.28.1-py3-none-any.whl (73 kB)
2026-01-19T04:27:22.6398122Z Using cached httpcore-1.0.9-py3-none-any.whl (78 kB)
2026-01-19T04:27:22.6411158Z Using cached pydantic-2.12.5-py3-none-any.whl (463 kB)
2026-01-19T04:27:22.6426913Z Using cached pydantic_core-2.41.5-cp311-cp311-manylinux_2_17_x86_64.manylinux2014_x86_64.whl (2.1 MB)
2026-01-19T04:27:22.6453704Z Using cached rsa-4.9.1-py3-none-any.whl (34 kB)
2026-01-19T04:27:22.6466392Z Using cached tenacity-9.1.2-py3-none-any.whl (28 kB)
2026-01-19T04:27:22.6479076Z Using cached typing_extensions-4.15.0-py3-none-any.whl (44 kB)
2026-01-19T04:27:22.6492345Z Using cached websockets-15.0.1-cp311-cp311-manylinux_2_5_x86_64.manylinux1_x86_64.manylinux_2_17_x86_64.manylinux2014_x86_64.whl (182 kB)
2026-01-19T04:27:22.6505358Z Using cached termcolor-3.3.0-py3-none-any.whl (7.7 kB)
2026-01-19T04:27:22.6518579Z Using cached pyyaml-6.0.3-cp311-cp311-manylinux2014_x86_64.manylinux_2_17_x86_64.manylinux_2_28_x86_64.whl (806 kB)
2026-01-19T04:27:22.6536496Z Using cached opencv_python_headless-4.13.0.90-cp37-abi3-manylinux_2_28_x86_64.whl (62.5 MB)
2026-01-19T04:27:22.7016665Z Using cached numpy-2.4.1-cp311-cp311-manylinux_2_27_x86_64.manylinux_2_28_x86_64.whl (16.7 MB)
2026-01-19T04:27:22.7147065Z Using cached faker-40.1.2-py3-none-any.whl (2.0 MB)
2026-01-19T04:27:22.7174220Z Using cached annotated_types-0.7.0-py3-none-any.whl (13 kB)
2026-01-19T04:27:22.7187015Z Using cached certifi-2026.1.4-py3-none-any.whl (152 kB)
2026-01-19T04:27:22.7200847Z Using cached h11-0.16.0-py3-none-any.whl (37 kB)
2026-01-19T04:27:22.7213568Z Using cached pyasn1-0.6.2-py3-none-any.whl (83 kB)
2026-01-19T04:27:22.7226555Z Using cached pyasn1_modules-0.4.2-py3-none-any.whl (181 kB)
2026-01-19T04:27:22.7240508Z Using cached typing_inspection-0.4.2-py3-none-any.whl (14 kB)
2026-01-19T04:27:22.7252858Z Using cached sniffio-1.3.1-py3-none-any.whl (10 kB)
2026-01-19T04:27:22.9236164Z Installing collected packages: websockets, urllib3, typing-extensions, termcolor, tenacity, sniffio, PyYAML, python-dotenv, pyasn1, pillow, numpy, idna, h11, greenlet, faker, distro, charset_normalizer, certifi, annotated-types, typing-inspection, rsa, requests, pyee, pydantic-core, pyasn1-modules, opencv-python-headless, httpcore, anyio, pydantic, playwright, httpx, google-auth, google-genai
2026-01-19T04:27:29.6514562Z 
2026-01-19T04:27:29.6538472Z Successfully installed PyYAML-6.0.3 annotated-types-0.7.0 anyio-4.12.1 certifi-2026.1.4 charset_normalizer-3.4.4 distro-1.9.0 faker-40.1.2 google-auth-2.47.0 google-genai-1.59.0 greenlet-3.3.0 h11-0.16.0 httpcore-1.0.9 httpx-0.28.1 idna-3.11 numpy-2.4.1 opencv-python-headless-4.13.0.90 pillow-12.1.0 playwright-1.57.0 pyasn1-0.6.2 pyasn1-modules-0.4.2 pydantic-2.12.5 pydantic-core-2.41.5 pyee-13.0.0 python-dotenv-1.2.1 requests-2.32.5 rsa-4.9.1 sniffio-1.3.1 tenacity-9.1.2 termcolor-3.3.0 typing-extensions-4.15.0 typing-inspection-0.4.2 urllib3-2.6.3 websockets-15.0.1
2026-01-19T04:27:30.2616223Z Downloading Chromium 143.0.7499.4 (playwright build v1200) from https://cdn.playwright.dev/dbazure/download/playwright/builds/chromium/1200/chromium-linux.zip
2026-01-19T04:27:30.3582125Z (node:2190) [DEP0169] DeprecationWarning: `url.parse()` behavior is not standardized and prone to errors that have security implications. Use the WHATWG URL API instead. CVEs are not issued for `url.parse()` vulnerabilities.
2026-01-19T04:27:30.3583464Z (Use `node --trace-deprecation ...` to show where the warning was created)
2026-01-19T04:27:30.4403822Z |                                                                                |   0% of 164.7 MiB
2026-01-19T04:27:30.5656852Z |■■■■■■■■                                                                        |  10% of 164.7 MiB
2026-01-19T04:27:30.6727458Z |■■■■■■■■■■■■■■■■                                                                |  20% of 164.7 MiB
2026-01-19T04:27:30.7523404Z |■■■■■■■■■■■■■■■■■■■■■■■■                                                        |  30% of 164.7 MiB
2026-01-19T04:27:30.8132719Z |■■■■■■■■■■■■■■■■■■■■■■■■■■■■■■■■                                                |  40% of 164.7 MiB
2026-01-19T04:27:30.8793318Z |■■■■■■■■■■■■■■■■■■■■■■■■■■■■■■■■■■■■■■■■                                        |  50% of 164.7 MiB
2026-01-19T04:27:30.9397281Z |■■■■■■■■■■■■■■■■■■■■■■■■■■■■■■■■■■■■■■■■■■■■■■■■                                |  60% of 164.7 MiB
2026-01-19T04:27:30.9974980Z |■■■■■■■■■■■■■■■■■■■■■■■■■■■■■■■■■■■■■■■■■■■■■■■■■■■■■■■■                        |  70% of 164.7 MiB
2026-01-19T04:27:31.0543636Z |■■■■■■■■■■■■■■■■■■■■■■■■■■■■■■■■■■■■■■■■■■■■■■■■■■■■■■■■■■■■■■■■                |  80% of 164.7 MiB
2026-01-19T04:27:31.1260104Z |■■■■■■■■■■■■■■■■■■■■■■■■■■■■■■■■■■■■■■■■■■■■■■■■■■■■■■■■■■■■■■■■■■■■■■■■        |  90% of 164.7 MiB
2026-01-19T04:27:31.1962523Z |■■■■■■■■■■■■■■■■■■■■■■■■■■■■■■■■■■■■■■■■■■■■■■■■■■■■■■■■■■■■■■■■■■■■■■■■■■■■■■■■| 100% of 164.7 MiB
2026-01-19T04:27:33.7161974Z Chromium 143.0.7499.4 (playwright build v1200) downloaded to /home/runner/.cache/ms-playwright/chromium-1200
2026-01-19T04:27:33.7167031Z Downloading FFMPEG playwright build v1011 from https://cdn.playwright.dev/dbazure/download/playwright/builds/ffmpeg/1011/ffmpeg-linux.zip
2026-01-19T04:27:33.8160119Z (node:2201) [DEP0169] DeprecationWarning: `url.parse()` behavior is not standardized and prone to errors that have security implications. Use the WHATWG URL API instead. CVEs are not issued for `url.parse()` vulnerabilities.
2026-01-19T04:27:33.8162706Z (Use `node --trace-deprecation ...` to show where the warning was created)
2026-01-19T04:27:33.8656931Z |                                                                                |   0% of 2.3 MiB
2026-01-19T04:27:33.8711096Z |■■■■■■■■                                                                        |  10% of 2.3 MiB
2026-01-19T04:27:33.8732236Z |■■■■■■■■■■■■■■■■                                                                |  20% of 2.3 MiB
2026-01-19T04:27:33.8758296Z |■■■■■■■■■■■■■■■■■■■■■■■■                                                        |  30% of 2.3 MiB
2026-01-19T04:27:33.8773119Z |■■■■■■■■■■■■■■■■■■■■■■■■■■■■■■■■                                                |  40% of 2.3 MiB
2026-01-19T04:27:33.8784797Z |■■■■■■■■■■■■■■■■■■■■■■■■■■■■■■■■■■■■■■■■                                        |  50% of 2.3 MiB
2026-01-19T04:27:33.8810308Z |■■■■■■■■■■■■■■■■■■■■■■■■■■■■■■■■■■■■■■■■■■■■■■■■                                |  60% of 2.3 MiB
2026-01-19T04:27:33.8826087Z |■■■■■■■■■■■■■■■■■■■■■■■■■■■■■■■■■■■■■■■■■■■■■■■■■■■■■■■■                        |  70% of 2.3 MiB
2026-01-19T04:27:33.8847444Z |■■■■■■■■■■■■■■■■■■■■■■■■■■■■■■■■■■■■■■■■■■■■■■■■■■■■■■■■■■■■■■■■                |  80% of 2.3 MiB
2026-01-19T04:27:33.8891600Z |■■■■■■■■■■■■■■■■■■■■■■■■■■■■■■■■■■■■■■■■■■■■■■■■■■■■■■■■■■■■■■■■■■■■■■■■        |  90% of 2.3 MiB
2026-01-19T04:27:33.8914593Z |■■■■■■■■■■■■■■■■■■■■■■■■■■■■■■■■■■■■■■■■■■■■■■■■■■■■■■■■■■■■■■■■■■■■■■■■■■■■■■■■| 100% of 2.3 MiB
2026-01-19T04:27:33.9492080Z FFMPEG playwright build v1011 downloaded to /home/runner/.cache/ms-playwright/ffmpeg-1011
2026-01-19T04:27:33.9496120Z Downloading Chromium Headless Shell 143.0.7499.4 (playwright build v1200) from https://cdn.playwright.dev/dbazure/download/playwright/builds/chromium/1200/chromium-headless-shell-linux.zip
2026-01-19T04:27:34.0482407Z (node:2212) [DEP0169] DeprecationWarning: `url.parse()` behavior is not standardized and prone to errors that have security implications. Use the WHATWG URL API instead. CVEs are not issued for `url.parse()` vulnerabilities.
2026-01-19T04:27:34.0484244Z (Use `node --trace-deprecation ...` to show where the warning was created)
2026-01-19T04:27:34.1091700Z |                                                                                |   0% of 109.7 MiB
2026-01-19T04:27:34.1990740Z |■■■■■■■■                                                                        |  10% of 109.7 MiB
2026-01-19T04:27:34.2672194Z |■■■■■■■■■■■■■■■■                                                                |  20% of 109.7 MiB
2026-01-19T04:27:34.3111703Z |■■■■■■■■■■■■■■■■■■■■■■■■                                                        |  30% of 109.7 MiB
2026-01-19T04:27:34.3748950Z |■■■■■■■■■■■■■■■■■■■■■■■■■■■■■■■■                                                |  40% of 109.7 MiB
2026-01-19T04:27:34.4394916Z |■■■■■■■■■■■■■■■■■■■■■■■■■■■■■■■■■■■■■■■■                                        |  50% of 109.7 MiB
2026-01-19T04:27:34.4926280Z |■■■■■■■■■■■■■■■■■■■■■■■■■■■■■■■■■■■■■■■■■■■■■■■■                                |  60% of 109.7 MiB
2026-01-19T04:27:34.5554714Z |■■■■■■■■■■■■■■■■■■■■■■■■■■■■■■■■■■■■■■■■■■■■■■■■■■■■■■■■                        |  70% of 109.7 MiB
2026-01-19T04:27:34.6085183Z |■■■■■■■■■■■■■■■■■■■■■■■■■■■■■■■■■■■■■■■■■■■■■■■■■■■■■■■■■■■■■■■■                |  80% of 109.7 MiB
2026-01-19T04:27:34.6653249Z |■■■■■■■■■■■■■■■■■■■■■■■■■■■■■■■■■■■■■■■■■■■■■■■■■■■■■■■■■■■■■■■■■■■■■■■■        |  90% of 109.7 MiB
2026-01-19T04:27:34.7134735Z |■■■■■■■■■■■■■■■■■■■■■■■■■■■■■■■■■■■■■■■■■■■■■■■■■■■■■■■■■■■■■■■■■■■■■■■■■■■■■■■■| 100% of 109.7 MiB
2026-01-19T04:27:36.5769857Z Chromium Headless Shell 143.0.7499.4 (playwright build v1200) downloaded to /home/runner/.cache/ms-playwright/chromium_headless_shell-1200
2026-01-19T04:27:36.6097106Z ##[group]Run mkdir -p projects/ci_petstore_swagger
2026-01-19T04:27:36.6097785Z [36;1mmkdir -p projects/ci_petstore_swagger[0m
2026-01-19T04:27:36.6098216Z [36;1mcat > projects/ci_petstore_swagger/config.json << 'EOF'[0m
2026-01-19T04:27:36.6098541Z [36;1m{[0m
2026-01-19T04:27:36.6098760Z [36;1m  "project_name": "ci_petstore_swagger",[0m
2026-01-19T04:27:36.6099120Z [36;1m  "target_url": "https://petstore.swagger.io/",[0m
2026-01-19T04:27:36.6099474Z [36;1m  "goal": "Test Swagger UI interactions",[0m
2026-01-19T04:27:36.6099771Z [36;1m  "headless": true[0m
2026-01-19T04:27:36.6099986Z [36;1m}[0m
2026-01-19T04:27:36.6100147Z [36;1mEOF[0m
2026-01-19T04:27:36.6132406Z shell: /usr/bin/bash -e {0}
2026-01-19T04:27:36.6132637Z env:
2026-01-19T04:27:36.6132884Z   pythonLocation: /opt/hostedtoolcache/Python/3.11.14/x64
2026-01-19T04:27:36.6133318Z   PKG_CONFIG_PATH: /opt/hostedtoolcache/Python/3.11.14/x64/lib/pkgconfig
2026-01-19T04:27:36.6133767Z   Python_ROOT_DIR: /opt/hostedtoolcache/Python/3.11.14/x64
2026-01-19T04:27:36.6134132Z   Python2_ROOT_DIR: /opt/hostedtoolcache/Python/3.11.14/x64
2026-01-19T04:27:36.6134503Z   Python3_ROOT_DIR: /opt/hostedtoolcache/Python/3.11.14/x64
2026-01-19T04:27:36.6134871Z   LD_LIBRARY_PATH: /opt/hostedtoolcache/Python/3.11.14/x64/lib
2026-01-19T04:27:36.6135176Z ##[endgroup]
2026-01-19T04:27:36.6296324Z ##[group]Run # Use --deep for comprehensive regression suite
2026-01-19T04:27:36.6296814Z [36;1m# Use --deep for comprehensive regression suite[0m
2026-01-19T04:27:36.6297435Z [36;1mpython orchestrator.py --project projects/ci_petstore_swagger --deep --force[0m
2026-01-19T04:27:36.6328544Z shell: /usr/bin/bash -e {0}
2026-01-19T04:27:36.6328785Z env:
2026-01-19T04:27:36.6329035Z   pythonLocation: /opt/hostedtoolcache/Python/3.11.14/x64
2026-01-19T04:27:36.6329462Z   PKG_CONFIG_PATH: /opt/hostedtoolcache/Python/3.11.14/x64/lib/pkgconfig
2026-01-19T04:27:36.6329872Z   Python_ROOT_DIR: /opt/hostedtoolcache/Python/3.11.14/x64
2026-01-19T04:27:36.6330239Z   Python2_ROOT_DIR: /opt/hostedtoolcache/Python/3.11.14/x64
2026-01-19T04:27:36.6330601Z   Python3_ROOT_DIR: /opt/hostedtoolcache/Python/3.11.14/x64
2026-01-19T04:27:36.6331146Z   LD_LIBRARY_PATH: /opt/hostedtoolcache/Python/3.11.14/x64/lib
2026-01-19T04:27:36.6331781Z   GOOGLE_API_KEY: ***
2026-01-19T04:27:36.6332040Z   PYTHONPATH: .
2026-01-19T04:27:36.6332230Z ##[endgroup]
2026-01-19T04:27:38.3599221Z 🚀 [DEEP] Extensive mapping enabled (Depth: 3, Pages: 50)
2026-01-19T04:27:38.3599757Z 
2026-01-19T04:27:38.3600307Z 🗺️ [DISCOVERY] Starting Parallel Semantic Crawl on https://petstore.swagger.io/ (Workers: 3)
2026-01-19T04:27:39.7070809Z   🔍 [Worker 0] Visiting (0): https://petstore.swagger.io/
2026-01-19T04:27:41.0225132Z [DEBUG] Sending request to gemini-2.0-flash. Number of parts: 1
2026-01-19T04:27:41.0225885Z [DEBUG] Received response (Length: 145)
2026-01-19T04:27:41.0226726Z ✅ Discovery Complete. Mapped 1 pages.
2026-01-19T04:27:50.4584212Z 
2026-01-19T04:27:50.4584850Z [PLAN] PLANNER: Planning goal -> 'Test Swagger UI interactions' (Deep Mode: True)
2026-01-19T04:27:50.4585692Z 🗺️ [PLAN] Loaded Sitemap with 1 pages.
2026-01-19T04:27:50.4586877Z 🎭 [EXPERT] Detected Domain: GENERAL. Persona: Act as Senior SDET focusing on exploring the application to understand functional flow and identifying critical paths for end-to-end automation
2026-01-19T04:27:50.4588320Z [DEBUG] Sending request to gemini-2.0-flash. Number of parts: 1
2026-01-19T04:27:50.4588844Z [DEBUG] Received response (Length: 3122)
2026-01-19T04:27:50.4589275Z ✅ Planner generated 3 scenarios. Workflow updated.
2026-01-19T04:27:51.4778064Z 
2026-01-19T04:27:51.4779034Z 🕵️ [DEEP EXPLORER] Starting Multi-Scenario Exploration
2026-01-19T04:27:51.4779866Z 📋 Found 3 scenarios to explore.
2026-01-19T04:27:51.8421273Z 
2026-01-19T04:27:51.8421985Z [1/3] Exploring Scenario: Explore Petstore API Documentation
2026-01-19T04:27:51.8422840Z     🧠 Initialized exploration context for goal: 'Test Swagger UI interactions'
2026-01-19T04:27:51.8423297Z   ▶️ [STEP step_1] NAVIGATE: 
2026-01-19T04:27:52.7303890Z     ✅ Navigated to https://petstore.swagger.io/
2026-01-19T04:27:52.7304437Z   ▶️ [STEP step_2] ASSERT_VISIBLE: Swagger Petstore
2026-01-19T04:27:52.7555549Z     🔍 Mining locators for: 'Swagger Petstore'
2026-01-19T04:27:52.9399998Z     ✅ Found 1 verified locators
2026-01-19T04:27:55.5007479Z     ✅ State transitioned.
2026-01-19T04:27:57.5371688Z [DEBUG] Sending request to gemini-2.0-flash. Number of parts: 2
2026-01-19T04:27:57.5372339Z [DEBUG] Received response (Length: 255)
2026-01-19T04:27:57.5373195Z     🤖 AI Next Step Suggestion: click -> Find out more
2026-01-19T04:27:57.5373890Z     🧩 Suggested Locator: #operations-tag-pet > div > a
2026-01-19T04:27:57.5374773Z     💭 Reasoning: To explore the 'pet' operations in Swagger UI, clicking 'Find out more' next to 'pet Everything about your Pets' is the logical next step.
2026-01-19T04:27:57.5375468Z     ➕ Injected AI step: click -> Find out more
2026-01-19T04:27:57.5375820Z   ▶️ [STEP step_2_ai_1] CLICK: Find out more
2026-01-19T04:27:57.5443217Z     🎯 Using AI-provided locator: #operations-tag-pet > div > a
2026-01-19T04:27:57.5471229Z     🔍 Mining locators for: 'Find out more'
2026-01-19T04:27:57.7141298Z     ✅ Found 4 verified locators
2026-01-19T04:28:01.8012664Z     ✅ State transitioned.
2026-01-19T04:28:03.3451353Z [DEBUG] Sending request to gemini-2.0-flash. Number of parts: 2
2026-01-19T04:28:03.3451992Z [DEBUG] Received response (Length: 194)
2026-01-19T04:28:03.3452737Z     🤖 AI Next Step Suggestion: click -> Explore
2026-01-19T04:28:03.3453718Z     💭 Reasoning: To explore the swagger UI interactions, clicking the explore button is the next logical step.
2026-01-19T04:28:03.3454595Z     ➕ Injected AI step: click -> Explore
2026-01-19T04:28:03.3455113Z   ▶️ [STEP step_2_ai_2] CLICK: Explore
2026-01-19T04:28:03.3508058Z     🔍 Mining locators for: 'Explore'
2026-01-19T04:28:03.3895397Z     ✅ Found 2 verified locators
2026-01-19T04:28:06.9419242Z     ✅ State transitioned.
2026-01-19T04:28:08.3192332Z [DEBUG] Sending request to gemini-2.0-flash. Number of parts: 2
2026-01-19T04:28:08.3193370Z [DEBUG] Received response (Length: 180)
2026-01-19T04:28:08.3194123Z     🤖 AI Next Step Suggestion: click -> ALLOW ALL COOKIES
2026-01-19T04:28:08.3194589Z     🧩 Suggested Locator: button
2026-01-19T04:28:08.3195241Z     💭 Reasoning: To dismiss the cookie banner and proceed with testing the Swagger UI interactions.
2026-01-19T04:28:08.3195916Z     ➕ Injected AI step: click -> ALLOW ALL COOKIES
2026-01-19T04:28:08.3196374Z   ▶️ [STEP step_2_ai_3] CLICK: ALLOW ALL COOKIES
2026-01-19T04:28:08.3250737Z     🎯 Using AI-provided locator: button
2026-01-19T04:28:08.3307334Z     ✅ Found 1 verified locators
2026-01-19T04:28:12.4005605Z     ✅ State transitioned.
2026-01-19T04:28:14.3175142Z [DEBUG] Sending request to gemini-2.0-flash. Number of parts: 2
2026-01-19T04:28:14.3175736Z [DEBUG] Received response (Length: 343)
2026-01-19T04:28:14.3176450Z     🤖 AI Next Step Suggestion: click -> ALLOW ALL COOKIES
2026-01-19T04:28:14.3176894Z     🧩 Suggested Locator: button:nth-of-type(2)
2026-01-19T04:28:14.3178577Z     💭 Reasoning: The cookie popup is still visible. Although we clicked 'ALLOW ALL COOKIES' before, it seems it didn't close the popup. Clicking it again to ensure the popup is dismissed and we can proceed with testing the Swagger UI interactions.
2026-01-19T04:28:14.3179747Z ⚠️ Loop detected: same AI suggestion repeated 2 times. Moving to next step.
2026-01-19T04:28:14.3180214Z   ▶️ [STEP step_3] ASSERT_VISIBLE: OpenAPI definition
2026-01-19T04:28:14.3240540Z     🔍 Mining locators for: 'OpenAPI definition'
2026-01-19T04:28:14.3808222Z     🧠 Consulting AI (Vision-First) to find 'OpenAPI definition'...
2026-01-19T04:28:14.3825205Z     🔍 Trying smart selectors for 'OpenAPI definition'...
2026-01-19T04:28:14.4468107Z     ⚠️ Smart selectors failed (no unique match). Falling back to AI Vision...
2026-01-19T04:28:14.4469523Z     🧠 [EXPERT] Strategy: Act as Senior SDET focusing on exploring the application to understand functional flow and identifying critical paths for end-to-end automation.
2026-01-19T04:28:18.9537853Z [DEBUG] Sending request to gemini-2.0-flash. Number of parts: 2
2026-01-19T04:28:18.9538277Z [DEBUG] Received response (Length: 279)
2026-01-19T04:28:18.9539322Z     💡 Expert Suggestion: The 'OpenAPI definition' is likely accessible through the main application interface, which can be reached by clicking the 'Explore' button.
2026-01-19T04:28:18.9540110Z     🛠️ Executing corrective action: click -> 'Explore'
2026-01-19T04:28:19.5382569Z     ✅ Executed corrective navigation
2026-01-19T04:28:21.5405845Z     🔄 Retry 1/3 mining locators for 'OpenAPI definition'...
2026-01-19T04:28:22.5973159Z     🧠 Consulting AI (Vision-First) to find 'OpenAPI definition'...
2026-01-19T04:28:22.5974080Z     🔍 Trying smart selectors for 'OpenAPI definition'...
2026-01-19T04:28:22.6608116Z     ⚠️ Smart selectors failed (no unique match). Falling back to AI Vision...
2026-01-19T04:28:22.6609477Z     🧠 [EXPERT] Strategy: Act as Senior SDET focusing on exploring the application to understand functional flow and identifying critical paths for end-to-end automation.
2026-01-19T04:28:22.6613625Z [CACHE HIT] 9da339c8... (hits: 1, misses: 5)
2026-01-19T04:28:22.6614305Z     ⚠️ Skipping duplicate injection: Explore
2026-01-19T04:28:22.6615019Z     🔄 Retry 2/3 mining locators for 'OpenAPI definition'...
2026-01-19T04:28:23.6627953Z     🗑️ Invalidating stale AI cache (retry 2)...
2026-01-19T04:28:23.6629916Z     ⚠️ Cache invalidation warning: No module named 'core.agents.domain_expert'
2026-01-19T04:28:23.7135303Z     🧠 Consulting AI (Vision-First) to find 'OpenAPI definition'...
2026-01-19T04:28:23.7136210Z     🔍 Trying smart selectors for 'OpenAPI definition'...
2026-01-19T04:28:23.7763719Z     ⚠️ Smart selectors failed (no unique match). Falling back to AI Vision...
2026-01-19T04:28:23.7765099Z     🧠 [EXPERT] Strategy: Act as Senior SDET focusing on exploring the application to understand functional flow and identifying critical paths for end-to-end automation.
2026-01-19T04:28:23.7769358Z [CACHE HIT] 9da339c8... (hits: 2, misses: 5)
2026-01-19T04:28:23.7770590Z     ⚠️ Skipping duplicate injection: Explore
2026-01-19T04:28:23.7771095Z     🧠 Verifying step validity for 'OpenAPI definition' after no candidates found...
2026-01-19T04:28:25.1160887Z [DEBUG] Sending request to gemini-2.0-flash. Number of parts: 2
2026-01-19T04:28:25.1161649Z [DEBUG] Received response (Length: 221)
2026-01-19T04:28:25.1164297Z     🗑️ Step deemed INVALID: The current page shows a cookie consent popup. The target element 'OpenAPI definition' is not visible in this state. We need to dismiss the cookie popup first.. Removing from workflow.
2026-01-19T04:28:25.1166647Z     ⏭️ Skipping execution of invalid step: OpenAPI definition
2026-01-19T04:28:25.1167758Z   ▶️ [STEP step_4] CLICK: Pet
2026-01-19T04:28:25.1230200Z     🔍 Mining locators for: 'Pet'
2026-01-19T04:28:25.1634498Z     🧠 Consulting AI (Vision-First) to find 'Pet'...
2026-01-19T04:28:25.1635258Z     🔍 Trying smart selectors for 'Pet'...
2026-01-19T04:28:25.2384942Z     ⚠️ Smart selectors failed (no unique match). Falling back to AI Vision...
2026-01-19T04:28:25.2386184Z     🧠 [EXPERT] Strategy: Act as Senior SDET focusing on exploring the application to understand functional flow and identifying critical paths for end-to-end automation.
2026-01-19T04:28:30.1128137Z [DEBUG] Sending request to gemini-2.0-flash. Number of parts: 2
2026-01-19T04:28:30.1128770Z [DEBUG] Received response (Length: 277)
2026-01-19T04:28:30.1130370Z     💡 Expert Suggestion: The 'Pet' functionality is likely within the main application, accessible after closing the cookie settings and exploring the application.
2026-01-19T04:28:30.1131388Z     🛠️ Executing corrective action: click -> 'Explore'
2026-01-19T04:28:30.6853906Z     ✅ Executed corrective navigation
2026-01-19T04:28:32.6876683Z     🔄 Retry 1/3 mining locators for 'Pet'...
2026-01-19T04:28:33.7463270Z     🧠 Consulting AI (Vision-First) to find 'Pet'...
2026-01-19T04:28:33.7463698Z     🔍 Trying smart selectors for 'Pet'...
2026-01-19T04:28:33.8092745Z     ⚠️ Smart selectors failed (no unique match). Falling back to AI Vision...
2026-01-19T04:28:33.8094001Z     🧠 [EXPERT] Strategy: Act as Senior SDET focusing on exploring the application to understand functional flow and identifying critical paths for end-to-end automation.
2026-01-19T04:28:33.8097883Z [CACHE HIT] 42e216c2... (hits: 3, misses: 7)
2026-01-19T04:28:33.8098533Z     ⚠️ Skipping duplicate injection: Explore
2026-01-19T04:28:33.8098894Z     🔄 Retry 2/3 mining locators for 'Pet'...
2026-01-19T04:28:34.8111854Z     🗑️ Invalidating stale AI cache (retry 2)...
2026-01-19T04:28:34.8112805Z     ⚠️ Cache invalidation warning: No module named 'core.agents.domain_expert'
2026-01-19T04:28:34.8640718Z     🧠 Consulting AI (Vision-First) to find 'Pet'...
2026-01-19T04:28:34.8641459Z     🔍 Trying smart selectors for 'Pet'...
2026-01-19T04:28:34.9472826Z     ⚠️ Smart selectors failed (no unique match). Falling back to AI Vision...
2026-01-19T04:28:34.9474162Z     🧠 [EXPERT] Strategy: Act as Senior SDET focusing on exploring the application to understand functional flow and identifying critical paths for end-to-end automation.
2026-01-19T04:28:34.9481330Z [CACHE HIT] 42e216c2... (hits: 4, misses: 7)
2026-01-19T04:28:34.9482671Z     ⚠️ Skipping duplicate injection: Explore
2026-01-19T04:28:34.9483208Z     🧠 Verifying step validity for 'Pet' after no candidates found...
2026-01-19T04:28:36.2160582Z [DEBUG] Sending request to gemini-2.0-flash. Number of parts: 2
2026-01-19T04:28:36.2161245Z [DEBUG] Received response (Length: 213)
2026-01-19T04:28:36.2163215Z     🗑️ Step deemed INVALID: The screenshot shows a cookie consent dialog. The 'Pet' element is not visible or accessible in this state. We need to dismiss the cookie dialog first.. Removing from workflow.
2026-01-19T04:28:36.2164780Z     ⏭️ Skipping execution of invalid step: Pet
2026-01-19T04:28:36.2165352Z   ▶️ [STEP step_5] ASSERT_VISIBLE: addPet
2026-01-19T04:28:36.2227679Z     🔍 Mining locators for: 'addPet'
2026-01-19T04:28:36.2621380Z     🧠 Consulting AI (Vision-First) to find 'addPet'...
2026-01-19T04:28:36.2622180Z     🔍 Trying smart selectors for 'addPet'...
2026-01-19T04:28:36.3064832Z     ⚠️ Smart selectors failed (no unique match). Falling back to AI Vision...
2026-01-19T04:28:36.3066816Z     🧠 [EXPERT] Strategy: Act as Senior SDET focusing on exploring the application to understand functional flow and identifying critical paths for end-to-end automation.
2026-01-19T04:28:41.3428765Z [DEBUG] Sending request to gemini-2.0-flash. Number of parts: 2
2026-01-19T04:28:41.3429441Z [DEBUG] Received response (Length: 381)
2026-01-19T04:28:41.3431711Z     💡 Expert Suggestion: The 'addPet' functionality is likely within the main application, which is accessible after dismissing the cookie banner and navigating to the main application view. Clicking 'Explore' might lead to the Swagger UI where 'addPet' can be found.
2026-01-19T04:28:41.3433170Z     🛠️ Executing corrective action: click -> 'Explore'
2026-01-19T04:28:41.9160952Z     ✅ Executed corrective navigation
2026-01-19T04:28:43.9184594Z     🔄 Retry 1/3 mining locators for 'addPet'...
2026-01-19T04:28:44.9628193Z     🧠 Consulting AI (Vision-First) to find 'addPet'...
2026-01-19T04:28:44.9629152Z     🔍 Trying smart selectors for 'addPet'...
2026-01-19T04:28:45.0069860Z     ⚠️ Smart selectors failed (no unique match). Falling back to AI Vision...
2026-01-19T04:28:45.0072217Z     🧠 [EXPERT] Strategy: Act as Senior SDET focusing on exploring the application to understand functional flow and identifying critical paths for end-to-end automation.
2026-01-19T04:28:45.0075414Z [CACHE HIT] 83e8c10d... (hits: 5, misses: 9)
2026-01-19T04:28:45.0076009Z     ⚠️ Skipping duplicate injection: Explore
2026-01-19T04:28:45.0076993Z     🔄 Retry 2/3 mining locators for 'addPet'...
2026-01-19T04:28:46.0089889Z     🗑️ Invalidating stale AI cache (retry 2)...
2026-01-19T04:28:46.0091446Z     ⚠️ Cache invalidation warning: No module named 'core.agents.domain_expert'
2026-01-19T04:28:46.0706291Z     🧠 Consulting AI (Vision-First) to find 'addPet'...
2026-01-19T04:28:46.0707119Z     🔍 Trying smart selectors for 'addPet'...
2026-01-19T04:28:46.1166381Z     ⚠️ Smart selectors failed (no unique match). Falling back to AI Vision...
2026-01-19T04:28:46.1168410Z     🧠 [EXPERT] Strategy: Act as Senior SDET focusing on exploring the application to understand functional flow and identifying critical paths for end-to-end automation.
2026-01-19T04:28:46.1171805Z [CACHE HIT] 83e8c10d... (hits: 6, misses: 9)
2026-01-19T04:28:46.1172432Z     ⚠️ Skipping duplicate injection: Explore
2026-01-19T04:28:46.1173205Z     🧠 Verifying step validity for 'addPet' after no candidates found...
2026-01-19T04:28:47.2864011Z [DEBUG] Sending request to gemini-2.0-flash. Number of parts: 2
2026-01-19T04:28:47.2864706Z [DEBUG] Received response (Length: 271)
2026-01-19T04:28:47.2867726Z     🗑️ Step deemed INVALID: The screenshot shows a cookie consent popup. The 'addPet' element is part of the Swagger UI, which is not visible in the screenshot. Therefore, it's not possible to interact with 'addPet' in the current state.. Removing from workflow.
2026-01-19T04:28:47.2869219Z     ⏭️ Skipping execution of invalid step: addPet
2026-01-19T04:28:47.2869633Z   ▶️ [STEP step_6] CLICK: Order
2026-01-19T04:28:47.2927345Z     🔍 Mining locators for: 'Order'
2026-01-19T04:28:47.3454898Z     🧠 Consulting AI (Vision-First) to find 'Order'...
2026-01-19T04:28:47.3455559Z     🔍 Trying smart selectors for 'Order'...
2026-01-19T04:28:47.3903353Z     ⚠️ Smart selectors failed (no unique match). Falling back to AI Vision...
2026-01-19T04:28:47.3904640Z     🧠 [EXPERT] Strategy: Act as Senior SDET focusing on exploring the application to understand functional flow and identifying critical paths for end-to-end automation.
2026-01-19T04:28:52.5320961Z [DEBUG] Sending request to gemini-2.0-flash. Number of parts: 2
2026-01-19T04:28:52.5321620Z [DEBUG] Received response (Length: 269)
2026-01-19T04:28:52.5323312Z     💡 Expert Suggestion: The 'Order' functionality is likely within the main application, accessible after clicking 'Explore' to dismiss the cookie notice.
2026-01-19T04:28:52.5325161Z     🛠️ Executing corrective action: click -> 'Explore'
2026-01-19T04:28:53.1209449Z     ✅ Executed corrective navigation
2026-01-19T04:28:55.1232571Z     🔄 Retry 1/3 mining locators for 'Order'...
2026-01-19T04:28:56.1788102Z     🧠 Consulting AI (Vision-First) to find 'Order'...
2026-01-19T04:28:56.1788570Z     🔍 Trying smart selectors for 'Order'...
2026-01-19T04:28:56.2229308Z     ⚠️ Smart selectors failed (no unique match). Falling back to AI Vision...
2026-01-19T04:28:56.2230834Z     🧠 [EXPERT] Strategy: Act as Senior SDET focusing on exploring the application to understand functional flow and identifying critical paths for end-to-end automation.
2026-01-19T04:28:56.2235645Z [CACHE HIT] bb842cf4... (hits: 7, misses: 11)
2026-01-19T04:28:56.2236078Z     ⚠️ Skipping duplicate injection: Explore
2026-01-19T04:28:56.2236441Z     🔄 Retry 2/3 mining locators for 'Order'...
2026-01-19T04:28:57.2249940Z     🗑️ Invalidating stale AI cache (retry 2)...
2026-01-19T04:28:57.2252050Z     ⚠️ Cache invalidation warning: No module named 'core.agents.domain_expert'
2026-01-19T04:28:57.2787860Z     🧠 Consulting AI (Vision-First) to find 'Order'...
2026-01-19T04:28:57.2788636Z     🔍 Trying smart selectors for 'Order'...
2026-01-19T04:28:57.3211415Z     ⚠️ Smart selectors failed (no unique match). Falling back to AI Vision...
2026-01-19T04:28:57.3213087Z     🧠 [EXPERT] Strategy: Act as Senior SDET focusing on exploring the application to understand functional flow and identifying critical paths for end-to-end automation.
2026-01-19T04:28:57.3217236Z [CACHE HIT] bb842cf4... (hits: 8, misses: 11)
2026-01-19T04:28:57.3217944Z     ⚠️ Skipping duplicate injection: Explore
2026-01-19T04:28:57.3218576Z     🧠 Verifying step validity for 'Order' after no candidates found...
2026-01-19T04:28:58.6315850Z [DEBUG] Sending request to gemini-2.0-flash. Number of parts: 2
2026-01-19T04:28:58.6316559Z [DEBUG] Received response (Length: 249)
2026-01-19T04:28:58.6319431Z     🗑️ Step deemed INVALID: The screenshot shows a cookie consent popup. The 'Order' element is part of the Swagger Petstore API definition and is not visible on this page. We need to dismiss the cookie popup first.. Removing from workflow.
2026-01-19T04:28:58.6321586Z     ⏭️ Skipping execution of invalid step: Order
2026-01-19T04:28:58.6322276Z   ▶️ [STEP step_7] ASSERT_VISIBLE: placeOrder
2026-01-19T04:28:58.6381666Z     🔍 Mining locators for: 'placeOrder'
2026-01-19T04:28:58.6785793Z     🧠 Consulting AI (Vision-First) to find 'placeOrder'...
2026-01-19T04:28:58.6786281Z     🔍 Trying smart selectors for 'placeOrder'...
2026-01-19T04:28:58.7218493Z     ⚠️ Smart selectors failed (no unique match). Falling back to AI Vision...
2026-01-19T04:28:58.7220263Z     🧠 [EXPERT] Strategy: Act as Senior SDET focusing on exploring the application to understand functional flow and identifying critical paths for end-to-end automation.
2026-01-19T04:29:03.5518868Z [DEBUG] Sending request to gemini-2.0-flash. Number of parts: 2
2026-01-19T04:29:03.5519375Z [DEBUG] Received response (Length: 264)
2026-01-19T04:29:03.5520706Z     💡 Expert Suggestion: The current page is a cookie settings popup. 'placeOrder' functionality is likely found after exploring the main application.
2026-01-19T04:29:03.5521518Z     🛠️ Executing corrective action: click -> 'Explore'
2026-01-19T04:29:04.1346292Z     ✅ Executed corrective navigation
2026-01-19T04:29:06.1369799Z     🔄 Retry 1/3 mining locators for 'placeOrder'...
2026-01-19T04:29:07.1952867Z     🧠 Consulting AI (Vision-First) to find 'placeOrder'...
2026-01-19T04:29:07.1953339Z     🔍 Trying smart selectors for 'placeOrder'...
2026-01-19T04:29:07.2399772Z     ⚠️ Smart selectors failed (no unique match). Falling back to AI Vision...
2026-01-19T04:29:07.2401218Z     🧠 [EXPERT] Strategy: Act as Senior SDET focusing on exploring the application to understand functional flow and identifying critical paths for end-to-end automation.
2026-01-19T04:29:07.2404950Z [CACHE HIT] ee4a5db4... (hits: 9, misses: 13)
2026-01-19T04:29:07.2405476Z     ⚠️ Skipping duplicate injection: Explore
2026-01-19T04:29:07.2405902Z     🔄 Retry 2/3 mining locators for 'placeOrder'...
2026-01-19T04:29:08.2420032Z     🗑️ Invalidating stale AI cache (retry 2)...
2026-01-19T04:29:08.2421917Z     ⚠️ Cache invalidation warning: No module named 'core.agents.domain_expert'
2026-01-19T04:29:08.2949009Z     🧠 Consulting AI (Vision-First) to find 'placeOrder'...
2026-01-19T04:29:08.2949901Z     🔍 Trying smart selectors for 'placeOrder'...
2026-01-19T04:29:08.3374291Z     ⚠️ Smart selectors failed (no unique match). Falling back to AI Vision...
2026-01-19T04:29:08.3375652Z     🧠 [EXPERT] Strategy: Act as Senior SDET focusing on exploring the application to understand functional flow and identifying critical paths for end-to-end automation.
2026-01-19T04:29:08.3379611Z [CACHE HIT] ee4a5db4... (hits: 10, misses: 13)
2026-01-19T04:29:08.3380310Z     ⚠️ Skipping duplicate injection: Explore
2026-01-19T04:29:08.3381008Z     🧠 Verifying step validity for 'placeOrder' after no candidates found...
2026-01-19T04:29:09.6273188Z [DEBUG] Sending request to gemini-2.0-flash. Number of parts: 2
2026-01-19T04:29:09.6273668Z [DEBUG] Received response (Length: 300)
2026-01-19T04:29:09.6275235Z     🗑️ Step deemed INVALID: The screenshot shows a cookie consent popup. The 'placeOrder' element is part of the Swagger UI for the Petstore API, which is not visible in the screenshot. Therefore, it's not possible to interact with 'placeOrder' in the current state.. Removing from workflow.
2026-01-19T04:29:09.6276426Z     ⏭️ Skipping execution of invalid step: placeOrder
2026-01-19T04:29:11.6625404Z 
2026-01-19T04:29:11.6625988Z [2/3] Exploring Scenario: Expand and Collapse Pet API
2026-01-19T04:29:11.6627120Z     🧠 Initialized exploration context for goal: 'Test Swagger UI interactions'
2026-01-19T04:29:11.6628066Z   ▶️ [STEP step_1] NAVIGATE: 
2026-01-19T04:29:12.5613805Z     ✅ Navigated to https://petstore.swagger.io/
2026-01-19T04:29:12.5614759Z   ▶️ [STEP step_2] CLICK: Pet
2026-01-19T04:29:12.5799696Z     🔍 Mining locators for: 'Pet'
2026-01-19T04:29:13.0651314Z     ✅ Found 18 verified locators
2026-01-19T04:29:16.6950844Z     ✅ State transitioned.
2026-01-19T04:29:18.2874367Z [DEBUG] Sending request to gemini-2.0-flash. Number of parts: 2
2026-01-19T04:29:18.2875079Z [DEBUG] Received response (Length: 273)
2026-01-19T04:29:18.2876075Z     🤖 AI Next Step Suggestion: click -> POST /pet Add a new pet to the store
2026-01-19T04:29:18.2876915Z     🧩 Suggested Locator: button
2026-01-19T04:29:18.2878620Z     💭 Reasoning: To explore the 'pet' operations, I should click on one of the available operations. 'POST /pet Add a new pet to the store' seems like a good starting point.
2026-01-19T04:29:18.2880084Z     ➕ Injected AI step: click -> POST /pet Add a new pet to the store
2026-01-19T04:29:18.2880934Z   ▶️ [STEP step_2_ai_1] CLICK: POST /pet Add a new pet to the store
2026-01-19T04:29:18.2937935Z     🎯 Using AI-provided locator: button
2026-01-19T04:29:18.2996018Z     ✅ Found 1 verified locators
2026-01-19T04:29:22.3622667Z     ✅ State transitioned.
2026-01-19T04:29:24.4807015Z [DEBUG] Sending request to gemini-2.0-flash. Number of parts: 2
2026-01-19T04:29:24.4807823Z [DEBUG] Received response (Length: 240)
2026-01-19T04:29:24.4808422Z     🤖 AI Next Step Suggestion: click -> ALLOW ALL COOKIES
2026-01-19T04:29:24.4808786Z     🧩 Suggested Locator: #ch2-c-bdr-1
2026-01-19T04:29:24.4809521Z     💭 Reasoning: The cookie settings popup is obscuring the page. Clicking 'ALLOW ALL COOKIES' will dismiss it and allow interaction with the Swagger UI.
2026-01-19T04:29:24.4810218Z     ➕ Injected AI step: click -> ALLOW ALL COOKIES
2026-01-19T04:29:24.4810581Z   ▶️ [STEP step_2_ai_2] CLICK: ALLOW ALL COOKIES
2026-01-19T04:29:24.4877093Z     🎯 Using AI-provided locator: #ch2-c-bdr-1
2026-01-19T04:29:24.4896243Z     🔍 Mining locators for: 'ALLOW ALL COOKIES'
2026-01-19T04:29:24.6120193Z     🔄 Retry 1/3 mining locators for 'ALLOW ALL COOKIES'...
2026-01-19T04:29:25.7266186Z     🔄 Retry 2/3 mining locators for 'ALLOW ALL COOKIES'...
2026-01-19T04:29:26.7279283Z     🗑️ Invalidating stale AI cache (retry 2)...
2026-01-19T04:29:26.7281059Z     ⚠️ Cache invalidation warning: No module named 'core.agents.domain_expert'
2026-01-19T04:29:26.8933466Z     🧠 Verifying step validity for 'ALLOW ALL COOKIES' after mining failure...
2026-01-19T04:29:29.2541072Z [DEBUG] Sending request to gemini-2.0-flash. Number of parts: 2
2026-01-19T04:29:29.2541719Z [DEBUG] Received response (Length: 286)
2026-01-19T04:29:29.2542760Z     🛠️ Self-Correction: Step is valid. Using new locator: button:has-text('ALLOW ALL COOKIES')
2026-01-19T04:29:34.7667317Z     ⚠️ Scroll into view failed for button:has-text('ALLOW ALL COOKIES'). Proceeding anyway.
2026-01-19T04:29:35.2805979Z     ⚠️ Action failed: Locator.click: Element is not visible
2026-01-19T04:29:35.2806556Z Call log:
2026-01-19T04:29:35.2806881Z   ...
2026-01-19T04:29:36.5948620Z [DEBUG] Sending request to gemini-2.0-flash. Number of parts: 2
2026-01-19T04:29:36.5949321Z [DEBUG] Received response (Length: 188)
2026-01-19T04:29:36.5950283Z     ✨ AI Heal Reasoning: The text 'ALLOW ALL COOKIES' is visible and clickable. It is the most direct way to interact with the element.
2026-01-19T04:29:36.5951107Z     ✨ AI healed exploration action! New selector: text=ALLOW ALL COOKIES
2026-01-19T04:29:42.1033981Z     ⚠️ Scroll into view failed for text=ALLOW ALL COOKIES. Proceeding anyway.
2026-01-19T04:29:42.6234541Z   ▶️ [STEP step_3] ASSERT_VISIBLE: addPet
2026-01-19T04:29:42.6299986Z     🔍 Mining locators for: 'addPet'
2026-01-19T04:29:42.7798191Z     🧠 Consulting AI (Vision-First) to find 'addPet'...
2026-01-19T04:29:42.7798653Z     🔍 Trying smart selectors for 'addPet'...
2026-01-19T04:29:42.8299756Z     ⚠️ Smart selectors failed (no unique match). Falling back to AI Vision...
2026-01-19T04:29:42.8301077Z     🧠 [EXPERT] Strategy: Act as Senior SDET focusing on exploring the application to understand functional flow and identifying critical paths for end-to-end automation.
2026-01-19T04:29:44.9148107Z [DEBUG] Sending request to gemini-2.0-flash. Number of parts: 2
2026-01-19T04:29:44.9148819Z [DEBUG] Received response (Length: 471)
2026-01-19T04:29:44.9149650Z     ⚠️ Critical step failure: 'priority'
2026-01-19T04:29:44.9150187Z   ▶️ [STEP step_4] CLICK: Pet
2026-01-19T04:29:44.9207057Z     🔍 Mining locators for: 'Pet'
2026-01-19T04:29:45.4839516Z     ✅ Found 16 verified locators
2026-01-19T04:29:49.0381951Z     ✅ State transitioned.
2026-01-19T04:29:50.4553359Z [DEBUG] Sending request to gemini-2.0-flash. Number of parts: 2
2026-01-19T04:29:50.4554040Z [DEBUG] Received response (Length: 228)
2026-01-19T04:29:50.4554920Z     🤖 AI Next Step Suggestion: click -> ALLOW ALL COOKIES
2026-01-19T04:29:50.4555697Z     🧩 Suggested Locator: button:has-text('ALLOW ALL COOKIES')
2026-01-19T04:29:50.4556870Z     💭 Reasoning: The previous attempt to click 'ALLOW ALL COOKIES' failed. Trying again to dismiss the cookie banner.
2026-01-19T04:29:50.4558671Z ⚠️ Loop detected: same AI suggestion repeated 2 times. Moving to next step.
2026-01-19T04:29:50.4559472Z   ▶️ [STEP step_5] ASSERT_VISIBLE: Operations
2026-01-19T04:29:50.4623055Z     🔍 Mining locators for: 'Operations'
2026-01-19T04:29:50.5774163Z     ✅ Found 1 verified locators
2026-01-19T04:29:53.6109894Z     ✅ State transitioned.
2026-01-19T04:29:53.6228610Z     🔄 Revisited state detected (count: 1)
2026-01-19T04:29:55.7671485Z [DEBUG] Sending request to gemini-2.0-flash. Number of parts: 2
2026-01-19T04:29:55.7672164Z [DEBUG] Received response (Length: 281)
2026-01-19T04:29:55.7673026Z     🤖 AI Next Step Suggestion: click -> SAVE SETTINGS
2026-01-19T04:29:55.7673827Z     🧩 Suggested Locator: button:has-text('SAVE SETTINGS')
2026-01-19T04:29:55.7675431Z     💭 Reasoning: The cookie settings popup is blocking interaction with the page. Clicking 'SAVE SETTINGS' will close the popup and allow further interaction with the Swagger UI.
2026-01-19T04:29:55.7676855Z     ➕ Injected AI step: click -> SAVE SETTINGS
2026-01-19T04:29:55.7677745Z   ▶️ [STEP step_5_ai_1] CLICK: SAVE SETTINGS
2026-01-19T04:29:55.7739337Z     🎯 Using AI-provided locator: button:has-text('SAVE SETTINGS')
2026-01-19T04:29:55.7815601Z     ✅ Found 1 verified locators
2026-01-19T04:29:59.3384336Z     ✅ State transitioned.
2026-01-19T04:30:01.1338514Z [DEBUG] Sending request to gemini-2.0-flash. Number of parts: 2
2026-01-19T04:30:01.1339318Z [DEBUG] Received response (Length: 183)
2026-01-19T04:30:01.1340124Z     🤖 AI Next Step Suggestion: click -> store Access to Petstore orders
2026-01-19T04:30:01.1340661Z     🧩 Suggested Locator: #operations-tag-store
2026-01-19T04:30:01.1341178Z     💭 Reasoning: Navigating to the 'store' operations to explore the API.
2026-01-19T04:30:01.1341771Z     ➕ Injected AI step: click -> store Access to Petstore orders
2026-01-19T04:30:01.1342297Z   ▶️ [STEP step_5_ai_2] CLICK: store Access to Petstore orders
2026-01-19T04:30:01.1404472Z     🎯 Using AI-provided locator: #operations-tag-store
2026-01-19T04:30:01.1464728Z     ✅ Found 1 verified locators
2026-01-19T04:30:05.2231414Z     ✅ State transitioned.
2026-01-19T04:30:06.7155319Z [DEBUG] Sending request to gemini-2.0-flash. Number of parts: 2
2026-01-19T04:30:06.7156274Z [DEBUG] Received response (Length: 255)
2026-01-19T04:30:06.7157300Z     🤖 AI Next Step Suggestion: click -> Explore
2026-01-19T04:30:06.7158401Z     🧩 Suggested Locator: button:has-text('Explore')
2026-01-19T04:30:06.7160245Z     💭 Reasoning: The current page shows an input field and an 'Explore' button. Clicking 'Explore' will load the swagger definition from the URL in the input field.
2026-01-19T04:30:06.7161847Z     ➕ Injected AI step: click -> Explore
2026-01-19T04:30:06.7162524Z   ▶️ [STEP step_5_ai_3] CLICK: Explore
2026-01-19T04:30:06.7220555Z     🎯 Using AI-provided locator: button:has-text('Explore')
2026-01-19T04:30:06.7283185Z     ✅ Found 1 verified locators
2026-01-19T04:30:10.2842125Z     ✅ State transitioned.
2026-01-19T04:30:10.2933455Z     🔄 Revisited state detected (count: 1)
2026-01-19T04:30:11.5970013Z [DEBUG] Sending request to gemini-2.0-flash. Number of parts: 2
2026-01-19T04:30:11.5970660Z [DEBUG] Received response (Length: 277)
2026-01-19T04:30:11.5971481Z     🤖 AI Next Step Suggestion: click -> Explore
2026-01-19T04:30:11.5971976Z     🧩 Suggested Locator: button:has-text('Explore')
2026-01-19T04:30:11.5972895Z     💭 Reasoning: The 'Explore' button is visible and clicking it will likely load the swagger definition from the URL in the input field, allowing us to interact with the API definition.
2026-01-19T04:30:11.5973825Z ⚠️ Loop detected: same AI suggestion repeated 2 times. Moving to next step.
2026-01-19T04:30:13.6378633Z 
2026-01-19T04:30:13.6379434Z [3/3] Exploring Scenario: Try Out a GET Operation
2026-01-19T04:30:13.6380782Z     🧠 Initialized exploration context for goal: 'Test Swagger UI interactions'
2026-01-19T04:30:13.6383205Z   ▶️ [STEP step_1] NAVIGATE: 
2026-01-19T04:30:14.5963731Z     ✅ Navigated to https://petstore.swagger.io/
2026-01-19T04:30:14.5964859Z   ▶️ [STEP step_2] CLICK: Pet
2026-01-19T04:30:14.6421195Z     🔍 Mining locators for: 'Pet'
2026-01-19T04:30:15.0586225Z     ✅ Found 18 verified locators
2026-01-19T04:30:18.6921133Z     ✅ State transitioned.
2026-01-19T04:30:20.7061490Z [DEBUG] Sending request to gemini-2.0-flash. Number of parts: 2
2026-01-19T04:30:20.7062198Z [DEBUG] Received response (Length: 356)
2026-01-19T04:30:20.7063107Z     🤖 AI Next Step Suggestion: done -> N/A
2026-01-19T04:30:20.7066177Z     💭 Reasoning: The page is showing the documentation for the Pet API. The goal is to test Swagger UI interactions. Since the last action was clicking on 'Pet', and the current page shows the documentation for the Pet API, there are no further actions to take on this page to progress towards the goal. Therefore, the task is done.
2026-01-19T04:30:20.7069022Z   ▶️ [STEP step_3] CLICK: findPetsByStatus
2026-01-19T04:30:20.7124277Z     🔍 Mining locators for: 'findPetsByStatus'
2026-01-19T04:30:20.8275567Z     🧠 Consulting AI (Vision-First) to find 'findPetsByStatus'...
2026-01-19T04:30:20.8276447Z     🔍 Trying smart selectors for 'findPetsByStatus'...
2026-01-19T04:30:20.8788158Z     ⚠️ Smart selectors failed (no unique match). Falling back to AI Vision...
2026-01-19T04:30:20.8789432Z     🧠 [EXPERT] Strategy: Act as Senior SDET focusing on exploring the application to understand functional flow and identifying critical paths for end-to-end automation.
2026-01-19T04:30:25.2290272Z [DEBUG] Sending request to gemini-2.0-flash. Number of parts: 2
2026-01-19T04:30:25.2291039Z [DEBUG] Received response (Length: 251)
2026-01-19T04:30:25.2292839Z     💡 Expert Suggestion: "findPetsByStatus" is likely under the 'pet' section, which can be accessed by clicking 'Find out more'.
2026-01-19T04:30:25.2294500Z     🛠️ Executing corrective action: click -> 'Find out more'
2026-01-19T04:30:25.8722869Z     ✅ Executed corrective navigation
2026-01-19T04:30:27.8745361Z     🔄 Retry 1/3 mining locators for 'findPetsByStatus'...
2026-01-19T04:30:28.9072142Z     🧠 Consulting AI (Vision-First) to find 'findPetsByStatus'...
2026-01-19T04:30:28.9073030Z     🔍 Trying smart selectors for 'findPetsByStatus'...
2026-01-19T04:30:28.9436062Z     ⚠️ Smart selectors failed (no unique match). Falling back to AI Vision...
2026-01-19T04:30:28.9437424Z     🧠 [EXPERT] Strategy: Act as Senior SDET focusing on exploring the application to understand functional flow and identifying critical paths for end-to-end automation.
2026-01-19T04:30:30.4861112Z [DEBUG] Sending request to gemini-2.0-flash. Number of parts: 2
2026-01-19T04:30:30.4861618Z [DEBUG] Received response (Length: 298)
2026-01-19T04:30:30.4862911Z     💡 Expert Suggestion: "findPetsByStatus" is not visible on the current page. Clicking 'Explore' might load the Swagger UI with the API definitions, including "findPetsByStatus".
2026-01-19T04:30:30.4863964Z     🛠️ Executing corrective action: click -> 'Explore'
2026-01-19T04:30:31.0524794Z     ✅ Executed corrective navigation
2026-01-19T04:30:33.0548105Z     🔄 Retry 2/3 mining locators for 'findPetsByStatus'...
2026-01-19T04:30:34.0560950Z     🗑️ Invalidating stale AI cache (retry 2)...
2026-01-19T04:30:34.0562384Z     ⚠️ Cache invalidation warning: No module named 'core.agents.domain_expert'
2026-01-19T04:30:34.0915240Z     🧠 Consulting AI (Vision-First) to find 'findPetsByStatus'...
2026-01-19T04:30:34.0916071Z     🔍 Trying smart selectors for 'findPetsByStatus'...
2026-01-19T04:30:34.1349913Z     ⚠️ Smart selectors failed (no unique match). Falling back to AI Vision...
2026-01-19T04:30:34.1351178Z     🧠 [EXPERT] Strategy: Act as Senior SDET focusing on exploring the application to understand functional flow and identifying critical paths for end-to-end automation.
2026-01-19T04:30:35.8195340Z [DEBUG] Sending request to gemini-2.0-flash. Number of parts: 2
2026-01-19T04:30:35.8195904Z [DEBUG] Received response (Length: 313)
2026-01-19T04:30:35.8196517Z     ⚠️ Skipping duplicate injection: Explore
2026-01-19T04:30:35.8197139Z     🧠 Verifying step validity for 'findPetsByStatus' after no candidates found...
2026-01-19T04:30:40.4243833Z [DEBUG] Sending request to gemini-2.0-flash. Number of parts: 2
2026-01-19T04:30:40.4244587Z [DEBUG] Received response (Length: 325)
2026-01-19T04:30:40.4246273Z     🗑️ Step deemed INVALID: The page is displaying the swagger.json file content, not the interactive Swagger UI. The 'findPetsByStatus' element is part of the interactive UI, which is not rendered on this page. The error message 'Could not render BaseLayout, see the console' confirms this.. Removing from workflow.
2026-01-19T04:30:40.4251166Z     ⏭️ Skipping execution of invalid step: findPetsByStatus
2026-01-19T04:30:40.4251866Z   ▶️ [STEP step_4] CLICK: Try it out
2026-01-19T04:30:40.4313984Z     🔍 Mining locators for: 'Try it out'
2026-01-19T04:30:40.4728210Z     🧠 Consulting AI (Vision-First) to find 'Try it out'...
2026-01-19T04:30:40.4729037Z     🔍 Trying smart selectors for 'Try it out'...
2026-01-19T04:30:40.5207051Z     ⚠️ Smart selectors failed (no unique match). Falling back to AI Vision...
2026-01-19T04:30:40.5208963Z     🧠 [EXPERT] Strategy: Act as Senior SDET focusing on exploring the application to understand functional flow and identifying critical paths for end-to-end automation.
2026-01-19T04:30:45.3892050Z [DEBUG] Sending request to gemini-2.0-flash. Number of parts: 2
2026-01-19T04:30:45.3892860Z [DEBUG] Received response (Length: 220)
2026-01-19T04:30:45.3894304Z     💡 Expert Suggestion: Clicking 'Explore' might reveal the interactive elements, including 'Try it out'.
2026-01-19T04:30:45.3895576Z     🛠️ Executing corrective action: click -> 'Explore'
2026-01-19T04:30:45.9577455Z     ✅ Executed corrective navigation
2026-01-19T04:30:47.9601038Z     🔄 Retry 1/3 mining locators for 'Try it out'...
2026-01-19T04:30:49.0054261Z     🧠 Consulting AI (Vision-First) to find 'Try it out'...
2026-01-19T04:30:49.0054999Z     🔍 Trying smart selectors for 'Try it out'...
2026-01-19T04:30:49.1039364Z     ⚠️ Smart selectors failed (no unique match). Falling back to AI Vision...
2026-01-19T04:30:49.1041282Z     🧠 [EXPERT] Strategy: Act as Senior SDET focusing on exploring the application to understand functional flow and identifying critical paths for end-to-end automation.
2026-01-19T04:30:50.4213109Z [DEBUG] Sending request to gemini-2.0-flash. Number of parts: 2
2026-01-19T04:30:50.4213563Z [DEBUG] Received response (Length: 298)
2026-01-19T04:30:50.4214127Z     ⚠️ Skipping duplicate injection: Explore
2026-01-19T04:30:50.4214561Z     🔄 Retry 2/3 mining locators for 'Try it out'...
2026-01-19T04:30:51.4226714Z     🗑️ Invalidating stale AI cache (retry 2)...
2026-01-19T04:30:51.4228175Z     ⚠️ Cache invalidation warning: No module named 'core.agents.domain_expert'
2026-01-19T04:30:51.4554000Z     🧠 Consulting AI (Vision-First) to find 'Try it out'...
2026-01-19T04:30:51.4554746Z     🔍 Trying smart selectors for 'Try it out'...
2026-01-19T04:30:51.5029107Z     ⚠️ Smart selectors failed (no unique match). Falling back to AI Vision...
2026-01-19T04:30:51.5030951Z     🧠 [EXPERT] Strategy: Act as Senior SDET focusing on exploring the application to understand functional flow and identifying critical paths for end-to-end automation.
2026-01-19T04:30:51.5033625Z [CACHE HIT] f671991d... (hits: 11, misses: 31)
2026-01-19T04:30:51.5034253Z     ⚠️ Skipping duplicate injection: Explore
2026-01-19T04:30:51.5035051Z     🧠 Verifying step validity for 'Try it out' after no candidates found...
2026-01-19T04:30:55.4683211Z [DEBUG] Sending request to gemini-2.0-flash. Number of parts: 2
2026-01-19T04:30:55.4683891Z [DEBUG] Received response (Length: 301)
2026-01-19T04:30:55.4686496Z     🗑️ Step deemed INVALID: The page failed to render correctly, displaying 'Could not render BaseLayout, see the console.' Therefore, the 'Try it out' button is not visible or accessible in the current state. We are likely on the wrong page or the page has an error.. Removing from workflow.
2026-01-19T04:30:55.4688334Z     ⏭️ Skipping execution of invalid step: Try it out
2026-01-19T04:30:55.4691007Z   ▶️ [STEP step_5] FILL: status
2026-01-19T04:30:55.4737379Z     🔍 Mining locators for: 'status'
2026-01-19T04:30:55.5052062Z     🧠 Consulting AI (Vision-First) to find 'status'...
2026-01-19T04:30:55.5053074Z     🔍 Trying smart selectors for 'status'...
2026-01-19T04:30:55.5424798Z     ⚠️ Smart selectors failed (no unique match). Falling back to AI Vision...
2026-01-19T04:30:55.5426595Z     🧠 [EXPERT] Strategy: Act as Senior SDET focusing on exploring the application to understand functional flow and identifying critical paths for end-to-end automation.
2026-01-19T04:31:00.2698546Z [DEBUG] Sending request to gemini-2.0-flash. Number of parts: 2
2026-01-19T04:31:00.2699223Z [DEBUG] Received response (Length: 219)
2026-01-19T04:31:00.2700174Z     💡 Expert Suggestion: The 'status' information is likely available after exploring the API definition.
2026-01-19T04:31:00.2700880Z     🛠️ Executing corrective action: click -> 'Explore'
2026-01-19T04:31:00.8213607Z     ✅ Executed corrective navigation
2026-01-19T04:31:02.8236732Z     🔄 Retry 1/3 mining locators for 'status'...
2026-01-19T04:31:03.8559230Z     🧠 Consulting AI (Vision-First) to find 'status'...
2026-01-19T04:31:03.8560058Z     🔍 Trying smart selectors for 'status'...
2026-01-19T04:31:03.8913818Z     ⚠️ Smart selectors failed (no unique match). Falling back to AI Vision...
2026-01-19T04:31:03.8915147Z     🧠 [EXPERT] Strategy: Act as Senior SDET focusing on exploring the application to understand functional flow and identifying critical paths for end-to-end automation.
2026-01-19T04:31:03.8919119Z [CACHE HIT] 8fbe18cf... (hits: 12, misses: 33)
2026-01-19T04:31:03.8919783Z     ⚠️ Skipping duplicate injection: Explore
2026-01-19T04:31:03.8920161Z     🔄 Retry 2/3 mining locators for 'status'...
2026-01-19T04:31:04.8933445Z     🗑️ Invalidating stale AI cache (retry 2)...
2026-01-19T04:31:04.8934743Z     ⚠️ Cache invalidation warning: No module named 'core.agents.domain_expert'
2026-01-19T04:31:04.9214074Z     🧠 Consulting AI (Vision-First) to find 'status'...
2026-01-19T04:31:04.9216014Z     🔍 Trying smart selectors for 'status'...
2026-01-19T04:31:04.9586047Z     ⚠️ Smart selectors failed (no unique match). Falling back to AI Vision...
2026-01-19T04:31:04.9587401Z     🧠 [EXPERT] Strategy: Act as Senior SDET focusing on exploring the application to understand functional flow and identifying critical paths for end-to-end automation.
2026-01-19T04:31:04.9590837Z [CACHE HIT] 8fbe18cf... (hits: 13, misses: 33)
2026-01-19T04:31:04.9591555Z     ⚠️ Skipping duplicate injection: Explore
2026-01-19T04:31:04.9592084Z     🧠 Verifying step validity for 'status' after no candidates found...
2026-01-19T04:31:06.1399425Z [DEBUG] Sending request to gemini-2.0-flash. Number of parts: 2
2026-01-19T04:31:06.1399873Z [DEBUG] Received response (Length: 247)
2026-01-19T04:31:06.1401190Z     🗑️ Step deemed INVALID: The page failed to render correctly, displaying 'Could not render BaseLayout, see the console.' Therefore, the element 'status' is likely not present or accessible in the current state.. Removing from workflow.
2026-01-19T04:31:06.1402247Z     ⏭️ Skipping execution of invalid step: status
2026-01-19T04:31:06.1402582Z   ▶️ [STEP step_6] CLICK: Execute
2026-01-19T04:31:06.1454258Z     🔍 Mining locators for: 'Execute'
2026-01-19T04:31:06.1882004Z     🧠 Consulting AI (Vision-First) to find 'Execute'...
2026-01-19T04:31:06.1882725Z     🔍 Trying smart selectors for 'Execute'...
2026-01-19T04:31:06.2249291Z     ⚠️ Smart selectors failed (no unique match). Falling back to AI Vision...
2026-01-19T04:31:06.2251119Z     🧠 [EXPERT] Strategy: Act as Senior SDET focusing on exploring the application to understand functional flow and identifying critical paths for end-to-end automation.
2026-01-19T04:32:11.9834140Z [DEBUG] Sending request to gemini-2.0-flash. Number of parts: 2
2026-01-19T04:32:11.9836831Z [DEBUG] LLM Error: 429 RESOURCE_EXHAUSTED. {'error': {'code': 429, 'message': 'Resource exhausted. Please try again later. Please refer to https://cloud.google.com/vertex-ai/generative-ai/docs/error-code-429 for more details.', 'status': 'RESOURCE_EXHAUSTED'}}
2026-01-19T04:32:11.9839514Z ⚠️ 429 Rate Limit Hit. Cooling down for 60s...
2026-01-19T04:32:11.9840366Z [DEBUG] Sending request to gemini-2.0-flash. Number of parts: 2
2026-01-19T04:32:11.9840752Z [DEBUG] Received response (Length: 215)
2026-01-19T04:32:11.9841314Z     💡 Expert Suggestion: Clicking 'Explore' might reveal the API operations and the 'Execute' button.
2026-01-19T04:32:11.9841887Z     🛠️ Executing corrective action: click -> 'Explore'
2026-01-19T04:32:12.5530056Z     ✅ Executed corrective navigation
2026-01-19T04:32:14.5553577Z     🔄 Retry 1/3 mining locators for 'Execute'...
2026-01-19T04:32:15.5853890Z     🧠 Consulting AI (Vision-First) to find 'Execute'...
2026-01-19T04:32:15.5854606Z     🔍 Trying smart selectors for 'Execute'...
2026-01-19T04:32:15.6239148Z     ⚠️ Smart selectors failed (no unique match). Falling back to AI Vision...
2026-01-19T04:32:15.6240942Z     🧠 [EXPERT] Strategy: Act as Senior SDET focusing on exploring the application to understand functional flow and identifying critical paths for end-to-end automation.
2026-01-19T04:32:15.6245103Z [CACHE HIT] b47f9452... (hits: 14, misses: 36)
2026-01-19T04:32:15.6245820Z     ⚠️ Skipping duplicate injection: Explore
2026-01-19T04:32:15.6246393Z     🔄 Retry 2/3 mining locators for 'Execute'...
2026-01-19T04:32:16.6260112Z     🗑️ Invalidating stale AI cache (retry 2)...
2026-01-19T04:32:16.6261431Z     ⚠️ Cache invalidation warning: No module named 'core.agents.domain_expert'
2026-01-19T04:32:16.6692192Z     🧠 Consulting AI (Vision-First) to find 'Execute'...
2026-01-19T04:32:16.6692910Z     🔍 Trying smart selectors for 'Execute'...
2026-01-19T04:32:16.7059940Z     ⚠️ Smart selectors failed (no unique match). Falling back to AI Vision...
2026-01-19T04:32:16.7062093Z     🧠 [EXPERT] Strategy: Act as Senior SDET focusing on exploring the application to understand functional flow and identifying critical paths for end-to-end automation.
2026-01-19T04:32:16.7065574Z [CACHE HIT] b47f9452... (hits: 15, misses: 36)
2026-01-19T04:32:16.7066163Z     ⚠️ Skipping duplicate injection: Explore
2026-01-19T04:32:16.7067081Z     🧠 Verifying step validity for 'Execute' after no candidates found...
2026-01-19T04:32:18.2514303Z [DEBUG] Sending request to gemini-2.0-flash. Number of parts: 2
2026-01-19T04:32:18.2514723Z [DEBUG] Received response (Length: 387)
2026-01-19T04:32:18.2516512Z     🗑️ Step deemed INVALID: The page is displaying the raw swagger.json file. The Swagger UI is not rendering correctly, as indicated by the "Could not render BaseLayout" message. Therefore, the 'Execute' button, which is part of the interactive Swagger UI, is not present on this page. We are on the wrong page or the page is not rendering correctly.. Removing from workflow.
2026-01-19T04:32:18.2518226Z     ⏭️ Skipping execution of invalid step: Execute
2026-01-19T04:32:18.2518613Z   ▶️ [STEP step_7] ASSERT_VISIBLE: Server response
2026-01-19T04:32:18.2568890Z     🔍 Mining locators for: 'Server response'
2026-01-19T04:32:18.2852303Z     🧠 Consulting AI (Vision-First) to find 'Server response'...
2026-01-19T04:32:18.2853151Z     🔍 Trying smart selectors for 'Server response'...
2026-01-19T04:32:18.3335059Z     ⚠️ Smart selectors failed (no unique match). Falling back to AI Vision...
2026-01-19T04:32:18.3336344Z     🧠 [EXPERT] Strategy: Act as Senior SDET focusing on exploring the application to understand functional flow and identifying critical paths for end-to-end automation.
2026-01-19T04:32:23.0107805Z [DEBUG] Sending request to gemini-2.0-flash. Number of parts: 2
2026-01-19T04:32:23.0108525Z [DEBUG] Received response (Length: 232)
2026-01-19T04:32:23.0110144Z     💡 Expert Suggestion: Clicking 'Explore' might load the API documentation where 'Server response' would be visible.
2026-01-19T04:32:23.0111552Z     🛠️ Executing corrective action: click -> 'Explore'
2026-01-19T04:32:23.5676421Z     ✅ Executed corrective navigation
2026-01-19T04:32:25.5699478Z     🔄 Retry 1/3 mining locators for 'Server response'...
2026-01-19T04:32:26.6015321Z     🧠 Consulting AI (Vision-First) to find 'Server response'...
2026-01-19T04:32:26.6016496Z     🔍 Trying smart selectors for 'Server response'...
2026-01-19T04:32:26.6494080Z     ⚠️ Smart selectors failed (no unique match). Falling back to AI Vision...
2026-01-19T04:32:26.6495373Z     🧠 [EXPERT] Strategy: Act as Senior SDET focusing on exploring the application to understand functional flow and identifying critical paths for end-to-end automation.
2026-01-19T04:32:26.6498898Z [CACHE HIT] 22216a33... (hits: 16, misses: 38)
2026-01-19T04:32:26.6499487Z     ⚠️ Skipping duplicate injection: Explore
2026-01-19T04:32:26.6500083Z     🔄 Retry 2/3 mining locators for 'Server response'...
2026-01-19T04:32:27.6513554Z     🗑️ Invalidating stale AI cache (retry 2)...
2026-01-19T04:32:27.6515146Z     ⚠️ Cache invalidation warning: No module named 'core.agents.domain_expert'
2026-01-19T04:32:27.6859832Z     🧠 Consulting AI (Vision-First) to find 'Server response'...
2026-01-19T04:32:27.6860644Z     🔍 Trying smart selectors for 'Server response'...
2026-01-19T04:32:27.7355266Z     ⚠️ Smart selectors failed (no unique match). Falling back to AI Vision...
2026-01-19T04:32:27.7356595Z     🧠 [EXPERT] Strategy: Act as Senior SDET focusing on exploring the application to understand functional flow and identifying critical paths for end-to-end automation.
2026-01-19T04:32:27.7361232Z [CACHE HIT] 22216a33... (hits: 17, misses: 38)
2026-01-19T04:32:27.7361937Z     ⚠️ Skipping duplicate injection: Explore
2026-01-19T04:32:27.7362411Z     🧠 Verifying step validity for 'Server response' after no candidates found...
2026-01-19T04:32:29.1181387Z [DEBUG] Sending request to gemini-2.0-flash. Number of parts: 2
2026-01-19T04:32:29.1181867Z [DEBUG] Received response (Length: 363)
2026-01-19T04:32:29.1183702Z     🗑️ Step deemed INVALID: The page displays 'Could not render BaseLayout, see the console.' This indicates a problem with rendering the Swagger UI. Therefore, 'Server response' is unlikely to be present or accessible in a meaningful way. It's not logical to interact with something that might not exist or be properly rendered.. Removing from workflow.
2026-01-19T04:32:29.1185257Z     ⏭️ Skipping execution of invalid step: Server response
2026-01-19T04:32:31.1520015Z 🗂️  All generated tests written to /home/runner/work/build_qa_automation/build_qa_automation/projects/ci_petstore_swagger/tests/generated_scenarios.json
2026-01-19T04:32:31.1529083Z 🔄 Updated workflow.json with discovered steps and locators.
2026-01-19T04:32:31.1529532Z 
2026-01-19T04:32:31.1529750Z ✅ Deep Exploration Complete.
2026-01-19T04:34:01.0362467Z 
2026-01-19T04:34:01.0363418Z 🚀 [EXECUTE] Starting Automation Execution Engine
2026-01-19T04:34:01.0364038Z 📍 Project: ci_petstore_swagger
2026-01-19T04:34:01.0364443Z 🎬 Mode: Headless
2026-01-19T04:34:01.0364623Z 
2026-01-19T04:34:01.0364852Z --- Scenario: Explore Petstore API Documentation ---
2026-01-19T04:34:01.0365516Z   ▶️ [STEP step_1] NAVIGATE: Step step_1
2026-01-19T04:34:01.0365993Z     ✅ Step step_1 Passed.
2026-01-19T04:34:01.0366450Z   ▶️ [STEP step_2] ASSERT_VISIBLE: Swagger Petstore
2026-01-19T04:34:01.0367422Z     🎯 Using mined locator: text=Swagger Petstore 1.0.7 OAS 2.0
2026-01-19T04:34:01.0368453Z     ✅ Step step_2 Passed.
2026-01-19T04:34:01.0368887Z   ▶️ [STEP step_2_ai_1] CLICK: Find out more
2026-01-19T04:34:01.0369390Z     🎯 Using mined locator: #operations-tag-pet
2026-01-19T04:34:01.0369869Z     ✅ Step step_2_ai_1 Passed.
2026-01-19T04:34:01.0370290Z   ▶️ [STEP step_2_ai_2] CLICK: Explore
2026-01-19T04:34:01.0370809Z     🎯 Using mined locator: role=button[name='Explore']
2026-01-19T04:34:01.0371316Z     ✅ Step step_2_ai_2 Passed.
2026-01-19T04:34:01.0371765Z   ▶️ [STEP step_2_ai_3] CLICK: ALLOW ALL COOKIES
2026-01-19T04:34:01.0372239Z     🎯 Using mined locator: button
2026-01-19T04:34:01.0372640Z     ✅ Step step_2_ai_3 Passed.
2026-01-19T04:34:01.0373256Z ✅ Scenario 'Explore Petstore API Documentation' completed successfully!
2026-01-19T04:34:01.0373982Z 
2026-01-19T04:34:01.0374163Z --- Scenario: Expand and Collapse Pet API ---
2026-01-19T04:34:01.0374665Z   ▶️ [STEP step_1] NAVIGATE: Step step_1
2026-01-19T04:34:01.0375124Z     ✅ Step step_1 Passed.
2026-01-19T04:34:01.0375502Z   ▶️ [STEP step_2] CLICK: Pet
2026-01-19T04:34:01.0376209Z     🎯 Using mined locator: role=button[name='POST /pet/{petId}/uploadImage uploads an image']
2026-01-19T04:34:01.0376879Z     ✅ Step step_2 Passed.
2026-01-19T04:34:01.0377386Z   ▶️ [STEP step_2_ai_1] CLICK: POST /pet Add a new pet to the store
2026-01-19T04:34:01.0378126Z     🎯 Using mined locator: button
2026-01-19T04:34:01.0378536Z     ✅ Step step_2_ai_1 Passed.
2026-01-19T04:34:01.0378978Z   ▶️ [STEP step_2_ai_2] CLICK: ALLOW ALL COOKIES
2026-01-19T04:34:01.0379562Z     🎯 Using mined locator: button:has-text('ALLOW ALL COOKIES')
2026-01-19T04:34:01.0380362Z     ❌ Attempt 1 failed (element_not_found): Locator.click: Timeout 10000ms exceeded.
2026-01-19T04:34:01.0380971Z Call log:
2026-01-19T04:34:01.0381336Z   - waiting for locator("button:has-text('ALLOW A...
2026-01-19T04:34:01.0381978Z     🔧 [AUTO-HEAL] Re-mining page to find 'ALLOW ALL COOKIES'...
2026-01-19T04:34:01.0382608Z [DEBUG] Sending request to gemini-2.0-flash. Number of parts: 2
2026-01-19T04:34:01.0383133Z [DEBUG] Received response (Length: 504)
2026-01-19T04:34:01.0383687Z     ✨ AI successfully healed the step! Found 2 alternatives.
2026-01-19T04:34:01.0384484Z     ✨ AI successfully healed the step! New selector: button:has-text('ALLOW ALL COOKIES')
2026-01-19T04:34:01.0385429Z     ❌ Attempt 2 failed (element_not_found): Locator.click: Timeout 10000ms exceeded.
2026-01-19T04:34:01.0386002Z Call log:
2026-01-19T04:34:01.0386329Z   - waiting for locator("button:has-text('ALLOW A...
2026-01-19T04:34:01.0386967Z     🔧 [AUTO-HEAL] Re-mining page to find 'ALLOW ALL COOKIES'...
2026-01-19T04:34:01.0387909Z [DEBUG] Sending request to gemini-2.0-flash. Number of parts: 2
2026-01-19T04:34:01.0388449Z [DEBUG] Received response (Length: 1076)
2026-01-19T04:34:01.0389063Z     ✨ AI successfully healed the step! Found 3 alternatives.
2026-01-19T04:34:01.0390370Z     ✨ AI successfully healed the step! New selector: body > div.sc-iAyFgw.dYgiet > div > div > div > div.sc-jTzLtm.hqaXwH > div.sc-kgAjT.fEaFvd > button.sc-eCImvq.hKzRnL
2026-01-19T04:34:01.0391774Z     ❌ Attempt 3 failed (element_not_found): Locator.bounding_box: Timeout 30000ms exceeded.
2026-01-19T04:34:01.0392404Z Call log:
2026-01-19T04:34:01.0392697Z   - waiting for locator("body > div.sc-iAy...
2026-01-19T04:34:01.0393236Z     💀 Step step_2_ai_2 failed after all retries.
2026-01-19T04:34:01.0393887Z 🛑 Scenario 'Expand and Collapse Pet API' aborted due to step failure.
2026-01-19T04:34:01.0394317Z 
2026-01-19T04:34:01.0394467Z --- Scenario: Try Out a GET Operation ---
2026-01-19T04:34:01.0394956Z   ▶️ [STEP step_1] NAVIGATE: Step step_1
2026-01-19T04:34:01.0395385Z     ✅ Step step_1 Passed.
2026-01-19T04:34:01.0395762Z   ▶️ [STEP step_2] CLICK: Pet
2026-01-19T04:34:01.0396474Z     🎯 Using mined locator: role=button[name='POST /pet/{petId}/uploadImage uploads an image']
2026-01-19T04:34:01.0397179Z     ✅ Step step_2 Passed.
2026-01-19T04:34:01.0398064Z ✅ Scenario 'Try Out a GET Operation' completed successfully!
2026-01-19T04:34:01.0398466Z 
2026-01-19T04:34:01.0398613Z ============================================================
2026-01-19T04:34:01.0399078Z 🎯 EXECUTION SUMMARY
2026-01-19T04:34:01.0399401Z ============================================================
2026-01-19T04:34:01.0399694Z 
2026-01-19T04:34:01.0399846Z 📋 Scenario Overview:
2026-01-19T04:34:01.0400210Z    • Total Scenarios Planned: 3
2026-01-19T04:34:01.0400606Z    • Scenarios Executed: 3
2026-01-19T04:34:01.0400989Z    • Total Steps Executed: 11
2026-01-19T04:34:01.0401282Z 
2026-01-19T04:34:01.0401421Z ✅ Results:
2026-01-19T04:34:01.0401752Z    ✅ Passed: 2 (66%)
2026-01-19T04:34:01.0402083Z    ❌ Failed: 1 (33%)
2026-01-19T04:34:01.0402258Z 
2026-01-19T04:34:01.0402413Z ⚠️  Failed Scenarios:
2026-01-19T04:34:01.0402990Z    • Expand and Collapse Pet API
2026-01-19T04:34:01.0403233Z 
2026-01-19T04:34:01.0403380Z ============================================================
2026-01-19T04:34:01.0403662Z 
2026-01-19T04:34:01.0404439Z 🏁 Execution Finished. Report: /home/runner/work/build_qa_automation/build_qa_automation/projects/ci_petstore_swagger/execution.json
2026-01-19T04:34:01.1612631Z 
2026-01-19T04:34:01.1615015Z [PHASE] Running Phase: DISCOVERY
2026-01-19T04:34:01.1617017Z    Command: /opt/hostedtoolcache/Python/3.11.14/x64/bin/python /home/runner/work/build_qa_automation/build_qa_automation/core/agents/discovery.py --project /home/runner/work/build_qa_automation/build_qa_automation/projects/ci_petstore_swagger --url https://petstore.swagger.io/ --deep
2026-01-19T04:34:01.1619441Z ✅ Phase 'discovery' completed successfully.
2026-01-19T04:34:01.1619759Z 
2026-01-19T04:34:01.1619895Z [PHASE] Running Phase: PLANNING
2026-01-19T04:34:01.1621865Z    Command: /opt/hostedtoolcache/Python/3.11.14/x64/bin/python /home/runner/work/build_qa_automation/build_qa_automation/core/agents/planner.py --project /home/runner/work/build_qa_automation/build_qa_automation/projects/ci_petstore_swagger --goal Test Swagger UI interactions --url https://petstore.swagger.io/ --deep
2026-01-19T04:34:01.1623934Z ✅ Phase 'planning' completed successfully.
2026-01-19T04:34:01.1624223Z 
2026-01-19T04:34:01.1624362Z [PHASE] Running Phase: EXPLORATION
2026-01-19T04:34:01.1625895Z    Command: /opt/hostedtoolcache/Python/3.11.14/x64/bin/python /home/runner/work/build_qa_automation/build_qa_automation/core/agents/deep_explorer.py --project /home/runner/work/build_qa_automation/build_qa_automation/projects/ci_petstore_swagger
2026-01-19T04:34:01.1627690Z ✅ Phase 'exploration' completed successfully.
2026-01-19T04:34:01.1628262Z 📊 Exploration Discovery Success Rate: 92.9%
2026-01-19T04:34:01.1628555Z 
2026-01-19T04:34:01.1628692Z [PHASE] Running Phase: EXECUTION
2026-01-19T04:34:01.1630141Z    Command: /opt/hostedtoolcache/Python/3.11.14/x64/bin/python /home/runner/work/build_qa_automation/build_qa_automation/core/agents/executor.py --project /home/runner/work/build_qa_automation/build_qa_automation/projects/ci_petstore_swagger
2026-01-19T04:34:01.1631739Z ✅ Phase 'execution' completed successfully.
2026-01-19T04:34:01.1632024Z 
2026-01-19T04:34:01.1632176Z [DONE] Pipeline Execution Finished! [DONE]
2026-01-19T04:34:01.2609983Z ##[group]Run RESULT_FILE="projects/ci_petstore_swagger/execution.json"
2026-01-19T04:34:01.2610510Z [36;1mRESULT_FILE="projects/ci_petstore_swagger/execution.json"[0m
2026-01-19T04:34:01.2610869Z [36;1mif [ -f "$RESULT_FILE" ]; then[0m
2026-01-19T04:34:01.2674486Z [36;1m  echo "✅ Results generated successfully: $RESULT_FILE"[0m
2026-01-19T04:34:01.2675270Z [36;1m  cat "$RESULT_FILE" | jq '.scenarios | length' || echo "Result file exists"[0m
2026-01-19T04:34:01.2675860Z [36;1melse[0m
2026-01-19T04:34:01.2676215Z [36;1m  echo "❌ No result file found at $RESULT_FILE"[0m
2026-01-19T04:34:01.2676639Z [36;1m  exit 1[0m
2026-01-19T04:34:01.2676815Z [36;1mfi[0m
2026-01-19T04:34:01.2708607Z shell: /usr/bin/bash -e {0}
2026-01-19T04:34:01.2708852Z env:
2026-01-19T04:34:01.2709107Z   pythonLocation: /opt/hostedtoolcache/Python/3.11.14/x64
2026-01-19T04:34:01.2709537Z   PKG_CONFIG_PATH: /opt/hostedtoolcache/Python/3.11.14/x64/lib/pkgconfig
2026-01-19T04:34:01.2709996Z   Python_ROOT_DIR: /opt/hostedtoolcache/Python/3.11.14/x64
2026-01-19T04:34:01.2710368Z   Python2_ROOT_DIR: /opt/hostedtoolcache/Python/3.11.14/x64
2026-01-19T04:34:01.2710731Z   Python3_ROOT_DIR: /opt/hostedtoolcache/Python/3.11.14/x64
2026-01-19T04:34:01.2711104Z   LD_LIBRARY_PATH: /opt/hostedtoolcache/Python/3.11.14/x64/lib
2026-01-19T04:34:01.2711415Z ##[endgroup]
2026-01-19T04:34:01.2763874Z ✅ Results generated successfully: projects/ci_petstore_swagger/execution.json
2026-01-19T04:34:01.2789951Z 3
2026-01-19T04:34:01.3006657Z ##[group]Run actions/upload-artifact@v4
2026-01-19T04:34:01.3006938Z with:
2026-01-19T04:34:01.3007143Z   name: petstore_swagger-execution-results
2026-01-19T04:34:01.3008020Z   path: projects/ci_petstore_swagger/execution.json
projects/ci_petstore_swagger/workflow.json

2026-01-19T04:34:01.3008470Z   retention-days: 30
2026-01-19T04:34:01.3008669Z   if-no-files-found: warn
2026-01-19T04:34:01.3008884Z   compression-level: 6
2026-01-19T04:34:01.3009081Z   overwrite: false
2026-01-19T04:34:01.3009276Z   include-hidden-files: false
2026-01-19T04:34:01.3009486Z env:
2026-01-19T04:34:01.3009716Z   pythonLocation: /opt/hostedtoolcache/Python/3.11.14/x64
2026-01-19T04:34:01.3010122Z   PKG_CONFIG_PATH: /opt/hostedtoolcache/Python/3.11.14/x64/lib/pkgconfig
2026-01-19T04:34:01.3010523Z   Python_ROOT_DIR: /opt/hostedtoolcache/Python/3.11.14/x64
2026-01-19T04:34:01.3010877Z   Python2_ROOT_DIR: /opt/hostedtoolcache/Python/3.11.14/x64
2026-01-19T04:34:01.3011267Z   Python3_ROOT_DIR: /opt/hostedtoolcache/Python/3.11.14/x64
2026-01-19T04:34:01.3011630Z   LD_LIBRARY_PATH: /opt/hostedtoolcache/Python/3.11.14/x64/lib
2026-01-19T04:34:01.3011936Z ##[endgroup]
2026-01-19T04:34:01.5280887Z Multiple search paths detected. Calculating the least common ancestor of all paths
2026-01-19T04:34:01.5288664Z The least common ancestor is /home/runner/work/build_qa_automation/build_qa_automation/projects/ci_petstore_swagger. This will be the root directory of the artifact
2026-01-19T04:34:01.5290594Z With the provided path, there will be 2 files uploaded
2026-01-19T04:34:01.5293113Z Artifact name is valid!
2026-01-19T04:34:01.5294910Z Root directory input is valid!
2026-01-19T04:34:01.6130666Z Beginning upload of artifact content to blob storage
2026-01-19T04:34:01.6758067Z Uploaded bytes 2324
2026-01-19T04:34:01.6934437Z Finished uploading artifact content to blob storage!
2026-01-19T04:34:01.6937655Z SHA256 digest of uploaded artifact zip is 3f0c711402e0ef77990e5dc52f7b961be0c513ffc4629e0e32d14e55c2af2e56
2026-01-19T04:34:01.6940154Z Finalizing artifact upload
2026-01-19T04:34:01.7666410Z Artifact petstore_swagger-execution-results.zip successfully finalized. Artifact ID 5172471171
2026-01-19T04:34:01.7668095Z Artifact petstore_swagger-execution-results has been successfully uploaded! Final size is 2324 bytes. Artifact ID is 5172471171
2026-01-19T04:34:01.7674155Z Artifact download URL: https://github.com/vishvasmca-cmd/build_qa_automation/actions/runs/21124435194/artifacts/5172471171
2026-01-19T04:34:01.7972457Z Post job cleanup.
2026-01-19T04:34:01.9551941Z Cache hit occurred on the primary key setup-python-Linux-x64-24.04-Ubuntu-python-3.11.14-pip-dde08d0e0b672972dcda9f1a063036a2e0c226f5d0a20362e9401931676d80a4, not saving cache.
2026-01-19T04:34:01.9977366Z Post job cleanup.
2026-01-19T04:34:02.0978341Z [command]/usr/bin/git version
2026-01-19T04:34:02.1018881Z git version 2.52.0
2026-01-19T04:34:02.1064661Z Temporarily overriding HOME='/home/runner/work/_temp/a7757f83-bff9-448b-8408-281f4509d308' before making global git config changes
2026-01-19T04:34:02.1066104Z Adding repository directory to the temporary git global config as a safe directory
2026-01-19T04:34:02.1079505Z [command]/usr/bin/git config --global --add safe.directory /home/runner/work/build_qa_automation/build_qa_automation
2026-01-19T04:34:02.1115272Z [command]/usr/bin/git config --local --name-only --get-regexp core\.sshCommand
2026-01-19T04:34:02.1149444Z [command]/usr/bin/git submodule foreach --recursive sh -c "git config --local --name-only --get-regexp 'core\.sshCommand' && git config --local --unset-all 'core.sshCommand' || :"
2026-01-19T04:34:02.1402395Z [command]/usr/bin/git config --local --name-only --get-regexp http\.https\:\/\/github\.com\/\.extraheader
2026-01-19T04:34:02.1425095Z http.https://github.com/.extraheader
2026-01-19T04:34:02.1438033Z [command]/usr/bin/git config --local --unset-all http.https://github.com/.extraheader
2026-01-19T04:34:02.1470872Z [command]/usr/bin/git submodule foreach --recursive sh -c "git config --local --name-only --get-regexp 'http\.https\:\/\/github\.com\/\.extraheader' && git config --local --unset-all 'http.https://github.com/.extraheader' || :"
2026-01-19T04:34:02.1712359Z [command]/usr/bin/git config --local --name-only --get-regexp ^includeIf\.gitdir:
2026-01-19T04:34:02.1745171Z [command]/usr/bin/git submodule foreach --recursive git config --local --show-origin --name-only --get-regexp remote.origin.url
2026-01-19T04:34:02.2100945Z Cleaning up orphan processes
