2026-01-20T00:18:26.2116849Z Current runner version: '2.331.0'
2026-01-20T00:18:26.2150650Z ##[group]Runner Image Provisioner
2026-01-20T00:18:26.2151744Z Hosted Compute Agent
2026-01-20T00:18:26.2152910Z Version: 20251211.462
2026-01-20T00:18:26.2153937Z Commit: 6cbad8c2bb55d58165063d031ccabf57e2d2db61
2026-01-20T00:18:26.2155094Z Build Date: 2025-12-11T16:28:49Z
2026-01-20T00:18:26.2156727Z Worker ID: {27de574b-6fa5-4692-b48b-bf3154e666fc}
2026-01-20T00:18:26.2157912Z ##[endgroup]
2026-01-20T00:18:26.2158748Z ##[group]Operating System
2026-01-20T00:18:26.2159717Z Ubuntu
2026-01-20T00:18:26.2160419Z 24.04.3
2026-01-20T00:18:26.2161169Z LTS
2026-01-20T00:18:26.2162099Z ##[endgroup]
2026-01-20T00:18:26.2163137Z ##[group]Runner Image
2026-01-20T00:18:26.2164063Z Image: ubuntu-24.04
2026-01-20T00:18:26.2164933Z Version: 20260111.209.1
2026-01-20T00:18:26.2166743Z Included Software: https://github.com/actions/runner-images/blob/ubuntu24/20260111.209/images/ubuntu/Ubuntu2404-Readme.md
2026-01-20T00:18:26.2169712Z Image Release: https://github.com/actions/runner-images/releases/tag/ubuntu24%2F20260111.209
2026-01-20T00:18:26.2171414Z ##[endgroup]
2026-01-20T00:18:26.2173513Z ##[group]GITHUB_TOKEN Permissions
2026-01-20T00:18:26.2176273Z Contents: read
2026-01-20T00:18:26.2177028Z Metadata: read
2026-01-20T00:18:26.2177940Z Packages: read
2026-01-20T00:18:26.2178800Z ##[endgroup]
2026-01-20T00:18:26.2181957Z Secret source: Actions
2026-01-20T00:18:26.2183717Z Prepare workflow directory
2026-01-20T00:18:26.2635914Z Prepare all required actions
2026-01-20T00:18:26.2690961Z Getting action download info
2026-01-20T00:18:26.5432883Z Download action repository 'actions/checkout@v4' (SHA:34e114876b0b11c390a56381ad16ebd13914f8d5)
2026-01-20T00:18:26.6414808Z Download action repository 'actions/setup-python@v5' (SHA:a26af69be951a213d495a4c3e4e4022e16d87065)
2026-01-20T00:18:26.7237026Z Download action repository 'actions/upload-artifact@v4' (SHA:ea165f8d65b6e75b540449e92b4886f43607fa02)
2026-01-20T00:18:26.9469192Z Complete job name: test-websites-deep (jquery_ui_demos, https://jqueryui.com/demos/, Test jQuery UI components)
2026-01-20T00:18:27.0177318Z ##[group]Run actions/checkout@v4
2026-01-20T00:18:27.0178184Z with:
2026-01-20T00:18:27.0178662Z   repository: vishvasmca-cmd/build_qa_automation
2026-01-20T00:18:27.0179416Z   token: ***
2026-01-20T00:18:27.0179808Z   ssh-strict: true
2026-01-20T00:18:27.0180209Z   ssh-user: git
2026-01-20T00:18:27.0180631Z   persist-credentials: true
2026-01-20T00:18:27.0181075Z   clean: true
2026-01-20T00:18:27.0181483Z   sparse-checkout-cone-mode: true
2026-01-20T00:18:27.0181970Z   fetch-depth: 1
2026-01-20T00:18:27.0182535Z   fetch-tags: false
2026-01-20T00:18:27.0182938Z   show-progress: true
2026-01-20T00:18:27.0183339Z   lfs: false
2026-01-20T00:18:27.0183708Z   submodules: false
2026-01-20T00:18:27.0184116Z   set-safe-directory: true
2026-01-20T00:18:27.0184951Z ##[endgroup]
2026-01-20T00:18:27.1261874Z Syncing repository: vishvasmca-cmd/build_qa_automation
2026-01-20T00:18:27.1264216Z ##[group]Getting Git version info
2026-01-20T00:18:27.1265125Z Working directory is '/home/runner/work/build_qa_automation/build_qa_automation'
2026-01-20T00:18:27.1266198Z [command]/usr/bin/git version
2026-01-20T00:18:27.1355526Z git version 2.52.0
2026-01-20T00:18:27.1381306Z ##[endgroup]
2026-01-20T00:18:27.1395663Z Temporarily overriding HOME='/home/runner/work/_temp/5e5c8315-c716-4d11-be8a-89b0722ab1ee' before making global git config changes
2026-01-20T00:18:27.1408497Z Adding repository directory to the temporary git global config as a safe directory
2026-01-20T00:18:27.1409988Z [command]/usr/bin/git config --global --add safe.directory /home/runner/work/build_qa_automation/build_qa_automation
2026-01-20T00:18:27.1448836Z Deleting the contents of '/home/runner/work/build_qa_automation/build_qa_automation'
2026-01-20T00:18:27.1452090Z ##[group]Initializing the repository
2026-01-20T00:18:27.1456455Z [command]/usr/bin/git init /home/runner/work/build_qa_automation/build_qa_automation
2026-01-20T00:18:27.1574480Z hint: Using 'master' as the name for the initial branch. This default branch name
2026-01-20T00:18:27.1576607Z hint: will change to "main" in Git 3.0. To configure the initial branch name
2026-01-20T00:18:27.1578219Z hint: to use in all of your new repositories, which will suppress this warning,
2026-01-20T00:18:27.1579545Z hint: call:
2026-01-20T00:18:27.1580418Z hint:
2026-01-20T00:18:27.1581120Z hint: 	git config --global init.defaultBranch <name>
2026-01-20T00:18:27.1581767Z hint:
2026-01-20T00:18:27.1582630Z hint: Names commonly chosen instead of 'master' are 'main', 'trunk' and
2026-01-20T00:18:27.1583664Z hint: 'development'. The just-created branch can be renamed via this command:
2026-01-20T00:18:27.1584458Z hint:
2026-01-20T00:18:27.1584857Z hint: 	git branch -m <name>
2026-01-20T00:18:27.1585625Z hint:
2026-01-20T00:18:27.1586466Z hint: Disable this message with "git config set advice.defaultBranchName false"
2026-01-20T00:18:27.1587729Z Initialized empty Git repository in /home/runner/work/build_qa_automation/build_qa_automation/.git/
2026-01-20T00:18:27.1591553Z [command]/usr/bin/git remote add origin https://github.com/vishvasmca-cmd/build_qa_automation
2026-01-20T00:18:27.1625753Z ##[endgroup]
2026-01-20T00:18:27.1626485Z ##[group]Disabling automatic garbage collection
2026-01-20T00:18:27.1629830Z [command]/usr/bin/git config --local gc.auto 0
2026-01-20T00:18:27.1657777Z ##[endgroup]
2026-01-20T00:18:27.1658491Z ##[group]Setting up auth
2026-01-20T00:18:27.1664472Z [command]/usr/bin/git config --local --name-only --get-regexp core\.sshCommand
2026-01-20T00:18:27.1693823Z [command]/usr/bin/git submodule foreach --recursive sh -c "git config --local --name-only --get-regexp 'core\.sshCommand' && git config --local --unset-all 'core.sshCommand' || :"
2026-01-20T00:18:27.2088316Z [command]/usr/bin/git config --local --name-only --get-regexp http\.https\:\/\/github\.com\/\.extraheader
2026-01-20T00:18:27.2124674Z [command]/usr/bin/git submodule foreach --recursive sh -c "git config --local --name-only --get-regexp 'http\.https\:\/\/github\.com\/\.extraheader' && git config --local --unset-all 'http.https://github.com/.extraheader' || :"
2026-01-20T00:18:27.2370015Z [command]/usr/bin/git config --local --name-only --get-regexp ^includeIf\.gitdir:
2026-01-20T00:18:27.2419402Z [command]/usr/bin/git submodule foreach --recursive git config --local --show-origin --name-only --get-regexp remote.origin.url
2026-01-20T00:18:27.2675922Z [command]/usr/bin/git config --local http.https://github.com/.extraheader AUTHORIZATION: basic ***
2026-01-20T00:18:27.2710426Z ##[endgroup]
2026-01-20T00:18:27.2711435Z ##[group]Fetching the repository
2026-01-20T00:18:27.2719874Z [command]/usr/bin/git -c protocol.version=2 fetch --no-tags --prune --no-recurse-submodules --depth=1 origin +d25504decfc404871c7c3bd5ac186d61498b2813:refs/remotes/origin/main
2026-01-20T00:18:28.2854878Z From https://github.com/vishvasmca-cmd/build_qa_automation
2026-01-20T00:18:28.2856978Z  * [new ref]         d25504decfc404871c7c3bd5ac186d61498b2813 -> origin/main
2026-01-20T00:18:28.2893041Z ##[endgroup]
2026-01-20T00:18:28.2894354Z ##[group]Determining the checkout info
2026-01-20T00:18:28.2896069Z ##[endgroup]
2026-01-20T00:18:28.2899768Z [command]/usr/bin/git sparse-checkout disable
2026-01-20T00:18:28.2944589Z [command]/usr/bin/git config --local --unset-all extensions.worktreeConfig
2026-01-20T00:18:28.2972446Z ##[group]Checking out the ref
2026-01-20T00:18:28.2976697Z [command]/usr/bin/git checkout --progress --force -B main refs/remotes/origin/main
2026-01-20T00:18:28.4537393Z Switched to a new branch 'main'
2026-01-20T00:18:28.4539275Z branch 'main' set up to track 'origin/main'.
2026-01-20T00:18:28.4558649Z ##[endgroup]
2026-01-20T00:18:28.4596212Z [command]/usr/bin/git log -1 --format=%H
2026-01-20T00:18:28.4618476Z d25504decfc404871c7c3bd5ac186d61498b2813
2026-01-20T00:18:28.4934538Z ##[group]Run actions/setup-python@v5
2026-01-20T00:18:28.4935700Z with:
2026-01-20T00:18:28.4936517Z   python-version: 3.11
2026-01-20T00:18:28.4937432Z   cache: pip
2026-01-20T00:18:28.4938489Z   check-latest: false
2026-01-20T00:18:28.4939667Z   token: ***
2026-01-20T00:18:28.4940519Z   update-environment: true
2026-01-20T00:18:28.4941521Z   allow-prereleases: false
2026-01-20T00:18:28.4942728Z   freethreaded: false
2026-01-20T00:18:28.4943636Z ##[endgroup]
2026-01-20T00:18:28.6620089Z ##[group]Installed versions
2026-01-20T00:18:28.6742759Z Successfully set up CPython (3.11.14)
2026-01-20T00:18:28.6743735Z ##[endgroup]
2026-01-20T00:18:28.7845432Z [command]/opt/hostedtoolcache/Python/3.11.14/x64/bin/pip cache dir
2026-01-20T00:18:29.1436868Z /home/runner/.cache/pip
2026-01-20T00:18:29.2480807Z Cache hit for: setup-python-Linux-x64-24.04-Ubuntu-python-3.11.14-pip-dde08d0e0b672972dcda9f1a063036a2e0c226f5d0a20362e9401931676d80a4
2026-01-20T00:18:30.3038309Z Received 243269632 of 254742636 (95.5%), 231.5 MBs/sec
2026-01-20T00:18:30.4087115Z Received 254742636 of 254742636 (100.0%), 219.5 MBs/sec
2026-01-20T00:18:30.4089591Z Cache Size: ~243 MB (254742636 B)
2026-01-20T00:18:30.4128664Z [command]/usr/bin/tar -xf /home/runner/work/_temp/e8edf80f-396e-439e-9205-0ca17e9decc2/cache.tzst -P -C /home/runner/work/build_qa_automation/build_qa_automation --use-compress-program unzstd
2026-01-20T00:18:30.7807493Z Cache restored successfully
2026-01-20T00:18:30.8299649Z Cache restored from key: setup-python-Linux-x64-24.04-Ubuntu-python-3.11.14-pip-dde08d0e0b672972dcda9f1a063036a2e0c226f5d0a20362e9401931676d80a4
2026-01-20T00:18:30.8585053Z ##[group]Run pip install -r requirements.txt
2026-01-20T00:18:30.8585551Z [36;1mpip install -r requirements.txt[0m
2026-01-20T00:18:30.8585857Z [36;1mplaywright install chromium[0m
2026-01-20T00:18:30.8624335Z shell: /usr/bin/bash -e {0}
2026-01-20T00:18:30.8624596Z env:
2026-01-20T00:18:30.8624856Z   pythonLocation: /opt/hostedtoolcache/Python/3.11.14/x64
2026-01-20T00:18:30.8625321Z   PKG_CONFIG_PATH: /opt/hostedtoolcache/Python/3.11.14/x64/lib/pkgconfig
2026-01-20T00:18:30.8625774Z   Python_ROOT_DIR: /opt/hostedtoolcache/Python/3.11.14/x64
2026-01-20T00:18:30.8626172Z   Python2_ROOT_DIR: /opt/hostedtoolcache/Python/3.11.14/x64
2026-01-20T00:18:30.8626560Z   Python3_ROOT_DIR: /opt/hostedtoolcache/Python/3.11.14/x64
2026-01-20T00:18:30.8626964Z   LD_LIBRARY_PATH: /opt/hostedtoolcache/Python/3.11.14/x64/lib
2026-01-20T00:18:30.8627278Z ##[endgroup]
2026-01-20T00:18:31.5663910Z Collecting playwright (from -r requirements.txt (line 1))
2026-01-20T00:18:31.5681754Z   Using cached playwright-1.57.0-py3-none-manylinux1_x86_64.whl.metadata (3.5 kB)
2026-01-20T00:18:31.5915199Z Collecting python-dotenv (from -r requirements.txt (line 2))
2026-01-20T00:18:31.5941643Z   Using cached python_dotenv-1.2.1-py3-none-any.whl.metadata (25 kB)
2026-01-20T00:18:31.6307209Z Collecting requests (from -r requirements.txt (line 3))
2026-01-20T00:18:31.6325868Z   Using cached requests-2.32.5-py3-none-any.whl.metadata (4.9 kB)
2026-01-20T00:18:31.8545220Z Collecting pillow (from -r requirements.txt (line 4))
2026-01-20T00:18:31.8563322Z   Using cached pillow-12.1.0-cp311-cp311-manylinux_2_27_x86_64.manylinux_2_28_x86_64.whl.metadata (8.8 kB)
2026-01-20T00:18:31.8843413Z Collecting google-genai>=0.3.0 (from -r requirements.txt (line 5))
2026-01-20T00:18:31.8859147Z   Using cached google_genai-1.59.0-py3-none-any.whl.metadata (53 kB)
2026-01-20T00:18:31.9047461Z Collecting termcolor (from -r requirements.txt (line 6))
2026-01-20T00:18:31.9063476Z   Using cached termcolor-3.3.0-py3-none-any.whl.metadata (6.5 kB)
2026-01-20T00:18:31.9459808Z Collecting PyYAML (from -r requirements.txt (line 7))
2026-01-20T00:18:31.9476975Z   Using cached pyyaml-6.0.3-cp311-cp311-manylinux2014_x86_64.manylinux_2_17_x86_64.manylinux_2_28_x86_64.whl.metadata (2.4 kB)
2026-01-20T00:18:32.0065182Z Collecting opencv-python-headless (from -r requirements.txt (line 8))
2026-01-20T00:18:32.0081656Z   Using cached opencv_python_headless-4.13.0.90-cp37-abi3-manylinux_2_28_x86_64.whl.metadata (19 kB)
2026-01-20T00:18:32.2140614Z Collecting numpy (from -r requirements.txt (line 9))
2026-01-20T00:18:32.2157539Z   Using cached numpy-2.4.1-cp311-cp311-manylinux_2_27_x86_64.manylinux_2_28_x86_64.whl.metadata (6.6 kB)
2026-01-20T00:18:32.2971851Z Collecting faker (from -r requirements.txt (line 10))
2026-01-20T00:18:32.2988468Z   Using cached faker-40.1.2-py3-none-any.whl.metadata (16 kB)
2026-01-20T00:18:32.3178419Z Collecting pyee<14,>=13 (from playwright->-r requirements.txt (line 1))
2026-01-20T00:18:32.3192609Z   Using cached pyee-13.0.0-py3-none-any.whl.metadata (2.9 kB)
2026-01-20T00:18:32.4439395Z Collecting greenlet<4.0.0,>=3.1.1 (from playwright->-r requirements.txt (line 1))
2026-01-20T00:18:32.4455888Z   Using cached greenlet-3.3.0-cp311-cp311-manylinux_2_24_x86_64.manylinux_2_28_x86_64.whl.metadata (4.1 kB)
2026-01-20T00:18:32.4671733Z Collecting typing-extensions (from pyee<14,>=13->playwright->-r requirements.txt (line 1))
2026-01-20T00:18:32.4688061Z   Using cached typing_extensions-4.15.0-py3-none-any.whl.metadata (3.3 kB)
2026-01-20T00:18:32.5516605Z Collecting charset_normalizer<4,>=2 (from requests->-r requirements.txt (line 3))
2026-01-20T00:18:32.5533425Z   Using cached charset_normalizer-3.4.4-cp311-cp311-manylinux2014_x86_64.manylinux_2_17_x86_64.manylinux_2_28_x86_64.whl.metadata (37 kB)
2026-01-20T00:18:32.5724281Z Collecting idna<4,>=2.5 (from requests->-r requirements.txt (line 3))
2026-01-20T00:18:32.5738755Z   Using cached idna-3.11-py3-none-any.whl.metadata (8.4 kB)
2026-01-20T00:18:32.6049963Z Collecting urllib3<3,>=1.21.1 (from requests->-r requirements.txt (line 3))
2026-01-20T00:18:32.6070876Z   Using cached urllib3-2.6.3-py3-none-any.whl.metadata (6.9 kB)
2026-01-20T00:18:32.6305215Z Collecting certifi>=2017.4.17 (from requests->-r requirements.txt (line 3))
2026-01-20T00:18:32.6319701Z   Using cached certifi-2026.1.4-py3-none-any.whl.metadata (2.5 kB)
2026-01-20T00:18:32.6558120Z Collecting anyio<5.0.0,>=4.8.0 (from google-genai>=0.3.0->-r requirements.txt (line 5))
2026-01-20T00:18:32.6573048Z   Using cached anyio-4.12.1-py3-none-any.whl.metadata (4.3 kB)
2026-01-20T00:18:32.6990759Z Collecting google-auth<3.0.0,>=2.47.0 (from google-auth[requests]<3.0.0,>=2.47.0->google-genai>=0.3.0->-r requirements.txt (line 5))
2026-01-20T00:18:32.7007282Z   Using cached google_auth-2.47.0-py3-none-any.whl.metadata (6.4 kB)
2026-01-20T00:18:32.7302625Z Collecting httpx<1.0.0,>=0.28.1 (from google-genai>=0.3.0->-r requirements.txt (line 5))
2026-01-20T00:18:32.7317797Z   Using cached httpx-0.28.1-py3-none-any.whl.metadata (7.1 kB)
2026-01-20T00:18:32.8803747Z Collecting pydantic<3.0.0,>=2.9.0 (from google-genai>=0.3.0->-r requirements.txt (line 5))
2026-01-20T00:18:32.8819121Z   Using cached pydantic-2.12.5-py3-none-any.whl.metadata (90 kB)
2026-01-20T00:18:32.9163769Z Collecting tenacity<9.2.0,>=8.2.3 (from google-genai>=0.3.0->-r requirements.txt (line 5))
2026-01-20T00:18:32.9177749Z   Using cached tenacity-9.1.2-py3-none-any.whl.metadata (1.2 kB)
2026-01-20T00:18:33.0085246Z Collecting websockets<15.1.0,>=13.0.0 (from google-genai>=0.3.0->-r requirements.txt (line 5))
2026-01-20T00:18:33.0101029Z   Using cached websockets-15.0.1-cp311-cp311-manylinux_2_5_x86_64.manylinux1_x86_64.manylinux_2_17_x86_64.manylinux2014_x86_64.whl.metadata (6.8 kB)
2026-01-20T00:18:33.0280288Z Collecting distro<2,>=1.7.0 (from google-genai>=0.3.0->-r requirements.txt (line 5))
2026-01-20T00:18:33.0293718Z   Using cached distro-1.9.0-py3-none-any.whl.metadata (6.8 kB)
2026-01-20T00:18:33.0408276Z Collecting sniffio (from google-genai>=0.3.0->-r requirements.txt (line 5))
2026-01-20T00:18:33.0421635Z   Using cached sniffio-1.3.1-py3-none-any.whl.metadata (3.9 kB)
2026-01-20T00:18:33.0723030Z Collecting pyasn1-modules>=0.2.1 (from google-auth<3.0.0,>=2.47.0->google-auth[requests]<3.0.0,>=2.47.0->google-genai>=0.3.0->-r requirements.txt (line 5))
2026-01-20T00:18:33.0735677Z   Using cached pyasn1_modules-0.4.2-py3-none-any.whl.metadata (3.5 kB)
2026-01-20T00:18:33.0921262Z Collecting rsa<5,>=3.1.4 (from google-auth<3.0.0,>=2.47.0->google-auth[requests]<3.0.0,>=2.47.0->google-genai>=0.3.0->-r requirements.txt (line 5))
2026-01-20T00:18:33.0935508Z   Using cached rsa-4.9.1-py3-none-any.whl.metadata (5.6 kB)
2026-01-20T00:18:33.1244096Z Collecting httpcore==1.* (from httpx<1.0.0,>=0.28.1->google-genai>=0.3.0->-r requirements.txt (line 5))
2026-01-20T00:18:33.1258716Z   Using cached httpcore-1.0.9-py3-none-any.whl.metadata (21 kB)
2026-01-20T00:18:33.1417757Z Collecting h11>=0.16 (from httpcore==1.*->httpx<1.0.0,>=0.28.1->google-genai>=0.3.0->-r requirements.txt (line 5))
2026-01-20T00:18:33.1431183Z   Using cached h11-0.16.0-py3-none-any.whl.metadata (8.3 kB)
2026-01-20T00:18:33.1565118Z Collecting annotated-types>=0.6.0 (from pydantic<3.0.0,>=2.9.0->google-genai>=0.3.0->-r requirements.txt (line 5))
2026-01-20T00:18:33.1578002Z   Using cached annotated_types-0.7.0-py3-none-any.whl.metadata (15 kB)
2026-01-20T00:18:33.8439814Z Collecting pydantic-core==2.41.5 (from pydantic<3.0.0,>=2.9.0->google-genai>=0.3.0->-r requirements.txt (line 5))
2026-01-20T00:18:33.8455953Z   Using cached pydantic_core-2.41.5-cp311-cp311-manylinux_2_17_x86_64.manylinux2014_x86_64.whl.metadata (7.3 kB)
2026-01-20T00:18:33.8616360Z Collecting typing-inspection>=0.4.2 (from pydantic<3.0.0,>=2.9.0->google-genai>=0.3.0->-r requirements.txt (line 5))
2026-01-20T00:18:33.8630020Z   Using cached typing_inspection-0.4.2-py3-none-any.whl.metadata (2.6 kB)
2026-01-20T00:18:33.9393382Z Collecting pyasn1>=0.1.3 (from rsa<5,>=3.1.4->google-auth<3.0.0,>=2.47.0->google-auth[requests]<3.0.0,>=2.47.0->google-genai>=0.3.0->-r requirements.txt (line 5))
2026-01-20T00:18:33.9410619Z   Using cached pyasn1-0.6.2-py3-none-any.whl.metadata (8.4 kB)
2026-01-20T00:18:33.9692309Z Using cached playwright-1.57.0-py3-none-manylinux1_x86_64.whl (46.0 MB)
2026-01-20T00:18:34.0093521Z Using cached greenlet-3.3.0-cp311-cp311-manylinux_2_24_x86_64.manylinux_2_28_x86_64.whl (590 kB)
2026-01-20T00:18:34.0112770Z Using cached pyee-13.0.0-py3-none-any.whl (15 kB)
2026-01-20T00:18:34.0127222Z Using cached python_dotenv-1.2.1-py3-none-any.whl (21 kB)
2026-01-20T00:18:34.0141542Z Using cached requests-2.32.5-py3-none-any.whl (64 kB)
2026-01-20T00:18:34.0156993Z Using cached charset_normalizer-3.4.4-cp311-cp311-manylinux2014_x86_64.manylinux_2_17_x86_64.manylinux_2_28_x86_64.whl (151 kB)
2026-01-20T00:18:34.0171709Z Using cached idna-3.11-py3-none-any.whl (71 kB)
2026-01-20T00:18:34.0186437Z Using cached urllib3-2.6.3-py3-none-any.whl (131 kB)
2026-01-20T00:18:34.0201824Z Using cached pillow-12.1.0-cp311-cp311-manylinux_2_27_x86_64.manylinux_2_28_x86_64.whl (7.0 MB)
2026-01-20T00:18:34.0272892Z Using cached google_genai-1.59.0-py3-none-any.whl (719 kB)
2026-01-20T00:18:34.0292548Z Using cached anyio-4.12.1-py3-none-any.whl (113 kB)
2026-01-20T00:18:34.0307692Z Using cached distro-1.9.0-py3-none-any.whl (20 kB)
2026-01-20T00:18:34.0321597Z Using cached google_auth-2.47.0-py3-none-any.whl (234 kB)
2026-01-20T00:18:34.0337571Z Using cached httpx-0.28.1-py3-none-any.whl (73 kB)
2026-01-20T00:18:34.0351742Z Using cached httpcore-1.0.9-py3-none-any.whl (78 kB)
2026-01-20T00:18:34.0366290Z Using cached pydantic-2.12.5-py3-none-any.whl (463 kB)
2026-01-20T00:18:34.0384339Z Using cached pydantic_core-2.41.5-cp311-cp311-manylinux_2_17_x86_64.manylinux2014_x86_64.whl (2.1 MB)
2026-01-20T00:18:34.0414513Z Using cached rsa-4.9.1-py3-none-any.whl (34 kB)
2026-01-20T00:18:34.0428391Z Using cached tenacity-9.1.2-py3-none-any.whl (28 kB)
2026-01-20T00:18:34.0442470Z Using cached typing_extensions-4.15.0-py3-none-any.whl (44 kB)
2026-01-20T00:18:34.0457469Z Using cached websockets-15.0.1-cp311-cp311-manylinux_2_5_x86_64.manylinux1_x86_64.manylinux_2_17_x86_64.manylinux2014_x86_64.whl (182 kB)
2026-01-20T00:18:34.0472580Z Using cached termcolor-3.3.0-py3-none-any.whl (7.7 kB)
2026-01-20T00:18:34.0487093Z Using cached pyyaml-6.0.3-cp311-cp311-manylinux2014_x86_64.manylinux_2_17_x86_64.manylinux_2_28_x86_64.whl (806 kB)
2026-01-20T00:18:34.0507751Z Using cached opencv_python_headless-4.13.0.90-cp37-abi3-manylinux_2_28_x86_64.whl (62.5 MB)
2026-01-20T00:18:34.0998975Z Using cached numpy-2.4.1-cp311-cp311-manylinux_2_27_x86_64.manylinux_2_28_x86_64.whl (16.7 MB)
2026-01-20T00:18:34.1132972Z Using cached faker-40.1.2-py3-none-any.whl (2.0 MB)
2026-01-20T00:18:34.1160010Z Using cached annotated_types-0.7.0-py3-none-any.whl (13 kB)
2026-01-20T00:18:34.1173014Z Using cached certifi-2026.1.4-py3-none-any.whl (152 kB)
2026-01-20T00:18:34.1186880Z Using cached h11-0.16.0-py3-none-any.whl (37 kB)
2026-01-20T00:18:34.1199975Z Using cached pyasn1-0.6.2-py3-none-any.whl (83 kB)
2026-01-20T00:18:34.1213522Z Using cached pyasn1_modules-0.4.2-py3-none-any.whl (181 kB)
2026-01-20T00:18:34.1227619Z Using cached typing_inspection-0.4.2-py3-none-any.whl (14 kB)
2026-01-20T00:18:34.1240565Z Using cached sniffio-1.3.1-py3-none-any.whl (10 kB)
2026-01-20T00:18:34.3269333Z Installing collected packages: websockets, urllib3, typing-extensions, termcolor, tenacity, sniffio, PyYAML, python-dotenv, pyasn1, pillow, numpy, idna, h11, greenlet, faker, distro, charset_normalizer, certifi, annotated-types, typing-inspection, rsa, requests, pyee, pydantic-core, pyasn1-modules, opencv-python-headless, httpcore, anyio, pydantic, playwright, httpx, google-auth, google-genai
2026-01-20T00:18:41.4119971Z 
2026-01-20T00:18:41.4143901Z Successfully installed PyYAML-6.0.3 annotated-types-0.7.0 anyio-4.12.1 certifi-2026.1.4 charset_normalizer-3.4.4 distro-1.9.0 faker-40.1.2 google-auth-2.47.0 google-genai-1.59.0 greenlet-3.3.0 h11-0.16.0 httpcore-1.0.9 httpx-0.28.1 idna-3.11 numpy-2.4.1 opencv-python-headless-4.13.0.90 pillow-12.1.0 playwright-1.57.0 pyasn1-0.6.2 pyasn1-modules-0.4.2 pydantic-2.12.5 pydantic-core-2.41.5 pyee-13.0.0 python-dotenv-1.2.1 requests-2.32.5 rsa-4.9.1 sniffio-1.3.1 tenacity-9.1.2 termcolor-3.3.0 typing-extensions-4.15.0 typing-inspection-0.4.2 urllib3-2.6.3 websockets-15.0.1
2026-01-20T00:18:42.0467813Z Downloading Chromium 143.0.7499.4 (playwright build v1200) from https://cdn.playwright.dev/dbazure/download/playwright/builds/chromium/1200/chromium-linux.zip
2026-01-20T00:18:42.1440906Z (node:2183) [DEP0169] DeprecationWarning: `url.parse()` behavior is not standardized and prone to errors that have security implications. Use the WHATWG URL API instead. CVEs are not issued for `url.parse()` vulnerabilities.
2026-01-20T00:18:42.1443045Z (Use `node --trace-deprecation ...` to show where the warning was created)
2026-01-20T00:18:42.2481934Z |                                                                                |   0% of 164.7 MiB
2026-01-20T00:18:42.3689906Z |■■■■■■■■                                                                        |  10% of 164.7 MiB
2026-01-20T00:18:42.4410272Z |■■■■■■■■■■■■■■■■                                                                |  20% of 164.7 MiB
2026-01-20T00:18:42.5122816Z |■■■■■■■■■■■■■■■■■■■■■■■■                                                        |  30% of 164.7 MiB
2026-01-20T00:18:42.5823113Z |■■■■■■■■■■■■■■■■■■■■■■■■■■■■■■■■                                                |  40% of 164.7 MiB
2026-01-20T00:18:42.7004163Z |■■■■■■■■■■■■■■■■■■■■■■■■■■■■■■■■■■■■■■■■                                        |  50% of 164.7 MiB
2026-01-20T00:18:42.8048617Z |■■■■■■■■■■■■■■■■■■■■■■■■■■■■■■■■■■■■■■■■■■■■■■■■                                |  60% of 164.7 MiB
2026-01-20T00:18:42.8983217Z |■■■■■■■■■■■■■■■■■■■■■■■■■■■■■■■■■■■■■■■■■■■■■■■■■■■■■■■■                        |  70% of 164.7 MiB
2026-01-20T00:18:42.9967187Z |■■■■■■■■■■■■■■■■■■■■■■■■■■■■■■■■■■■■■■■■■■■■■■■■■■■■■■■■■■■■■■■■                |  80% of 164.7 MiB
2026-01-20T00:18:43.0680501Z |■■■■■■■■■■■■■■■■■■■■■■■■■■■■■■■■■■■■■■■■■■■■■■■■■■■■■■■■■■■■■■■■■■■■■■■■        |  90% of 164.7 MiB
2026-01-20T00:18:43.1443798Z |■■■■■■■■■■■■■■■■■■■■■■■■■■■■■■■■■■■■■■■■■■■■■■■■■■■■■■■■■■■■■■■■■■■■■■■■■■■■■■■■| 100% of 164.7 MiB
2026-01-20T00:18:45.5247091Z Chromium 143.0.7499.4 (playwright build v1200) downloaded to /home/runner/.cache/ms-playwright/chromium-1200
2026-01-20T00:18:45.5253073Z Downloading FFMPEG playwright build v1011 from https://cdn.playwright.dev/dbazure/download/playwright/builds/ffmpeg/1011/ffmpeg-linux.zip
2026-01-20T00:18:45.6224877Z (node:2194) [DEP0169] DeprecationWarning: `url.parse()` behavior is not standardized and prone to errors that have security implications. Use the WHATWG URL API instead. CVEs are not issued for `url.parse()` vulnerabilities.
2026-01-20T00:18:45.6227629Z (Use `node --trace-deprecation ...` to show where the warning was created)
2026-01-20T00:18:45.9309381Z |                                                                                |   0% of 2.3 MiB
2026-01-20T00:18:45.9545553Z |■■■■■■■■                                                                        |  10% of 2.3 MiB
2026-01-20T00:18:45.9673919Z |■■■■■■■■■■■■■■■■                                                                |  20% of 2.3 MiB
2026-01-20T00:18:45.9742830Z |■■■■■■■■■■■■■■■■■■■■■■■■                                                        |  30% of 2.3 MiB
2026-01-20T00:18:45.9816173Z |■■■■■■■■■■■■■■■■■■■■■■■■■■■■■■■■                                                |  40% of 2.3 MiB
2026-01-20T00:18:45.9828863Z |■■■■■■■■■■■■■■■■■■■■■■■■■■■■■■■■■■■■■■■■                                        |  50% of 2.3 MiB
2026-01-20T00:18:45.9859757Z |■■■■■■■■■■■■■■■■■■■■■■■■■■■■■■■■■■■■■■■■■■■■■■■■                                |  60% of 2.3 MiB
2026-01-20T00:18:45.9892520Z |■■■■■■■■■■■■■■■■■■■■■■■■■■■■■■■■■■■■■■■■■■■■■■■■■■■■■■■■                        |  70% of 2.3 MiB
2026-01-20T00:18:45.9919576Z |■■■■■■■■■■■■■■■■■■■■■■■■■■■■■■■■■■■■■■■■■■■■■■■■■■■■■■■■■■■■■■■■                |  80% of 2.3 MiB
2026-01-20T00:18:45.9973865Z |■■■■■■■■■■■■■■■■■■■■■■■■■■■■■■■■■■■■■■■■■■■■■■■■■■■■■■■■■■■■■■■■■■■■■■■■        |  90% of 2.3 MiB
2026-01-20T00:18:46.0039116Z |■■■■■■■■■■■■■■■■■■■■■■■■■■■■■■■■■■■■■■■■■■■■■■■■■■■■■■■■■■■■■■■■■■■■■■■■■■■■■■■■| 100% of 2.3 MiB
2026-01-20T00:18:46.0575739Z FFMPEG playwright build v1011 downloaded to /home/runner/.cache/ms-playwright/ffmpeg-1011
2026-01-20T00:18:46.0579419Z Downloading Chromium Headless Shell 143.0.7499.4 (playwright build v1200) from https://cdn.playwright.dev/dbazure/download/playwright/builds/chromium/1200/chromium-headless-shell-linux.zip
2026-01-20T00:18:46.1537417Z (node:2205) [DEP0169] DeprecationWarning: `url.parse()` behavior is not standardized and prone to errors that have security implications. Use the WHATWG URL API instead. CVEs are not issued for `url.parse()` vulnerabilities.
2026-01-20T00:18:46.1539481Z (Use `node --trace-deprecation ...` to show where the warning was created)
2026-01-20T00:18:46.2194935Z |                                                                                |   0% of 109.7 MiB
2026-01-20T00:18:46.3125633Z |■■■■■■■■                                                                        |  10% of 109.7 MiB
2026-01-20T00:18:46.3634674Z |■■■■■■■■■■■■■■■■                                                                |  20% of 109.7 MiB
2026-01-20T00:18:46.4124297Z |■■■■■■■■■■■■■■■■■■■■■■■■                                                        |  30% of 109.7 MiB
2026-01-20T00:18:46.4503279Z |■■■■■■■■■■■■■■■■■■■■■■■■■■■■■■■■                                                |  40% of 109.7 MiB
2026-01-20T00:18:46.5084013Z |■■■■■■■■■■■■■■■■■■■■■■■■■■■■■■■■■■■■■■■■                                        |  50% of 109.7 MiB
2026-01-20T00:18:46.5498056Z |■■■■■■■■■■■■■■■■■■■■■■■■■■■■■■■■■■■■■■■■■■■■■■■■                                |  60% of 109.7 MiB
2026-01-20T00:18:46.6250344Z |■■■■■■■■■■■■■■■■■■■■■■■■■■■■■■■■■■■■■■■■■■■■■■■■■■■■■■■■                        |  70% of 109.7 MiB
2026-01-20T00:18:46.6829333Z |■■■■■■■■■■■■■■■■■■■■■■■■■■■■■■■■■■■■■■■■■■■■■■■■■■■■■■■■■■■■■■■■                |  80% of 109.7 MiB
2026-01-20T00:18:46.7402850Z |■■■■■■■■■■■■■■■■■■■■■■■■■■■■■■■■■■■■■■■■■■■■■■■■■■■■■■■■■■■■■■■■■■■■■■■■        |  90% of 109.7 MiB
2026-01-20T00:18:46.7963083Z |■■■■■■■■■■■■■■■■■■■■■■■■■■■■■■■■■■■■■■■■■■■■■■■■■■■■■■■■■■■■■■■■■■■■■■■■■■■■■■■■| 100% of 109.7 MiB
2026-01-20T00:18:48.5648641Z Chromium Headless Shell 143.0.7499.4 (playwright build v1200) downloaded to /home/runner/.cache/ms-playwright/chromium_headless_shell-1200
2026-01-20T00:18:48.5873807Z ##[group]Run mkdir -p projects/ci_jquery_ui_demos
2026-01-20T00:18:48.5874227Z [36;1mmkdir -p projects/ci_jquery_ui_demos[0m
2026-01-20T00:18:48.5874635Z [36;1mcat > projects/ci_jquery_ui_demos/config.json << 'EOF'[0m
2026-01-20T00:18:48.5874961Z [36;1m{[0m
2026-01-20T00:18:48.5875172Z [36;1m  "project_name": "ci_jquery_ui_demos",[0m
2026-01-20T00:18:48.5875521Z [36;1m  "target_url": "https://jqueryui.com/demos/",[0m
2026-01-20T00:18:48.5875853Z [36;1m  "goal": "Test jQuery UI components",[0m
2026-01-20T00:18:48.5876124Z [36;1m  "headless": true[0m
2026-01-20T00:18:48.5876327Z [36;1m}[0m
2026-01-20T00:18:48.5876500Z [36;1mEOF[0m
2026-01-20T00:18:48.5909911Z shell: /usr/bin/bash -e {0}
2026-01-20T00:18:48.5910140Z env:
2026-01-20T00:18:48.5910399Z   pythonLocation: /opt/hostedtoolcache/Python/3.11.14/x64
2026-01-20T00:18:48.5910827Z   PKG_CONFIG_PATH: /opt/hostedtoolcache/Python/3.11.14/x64/lib/pkgconfig
2026-01-20T00:18:48.5911273Z   Python_ROOT_DIR: /opt/hostedtoolcache/Python/3.11.14/x64
2026-01-20T00:18:48.5911649Z   Python2_ROOT_DIR: /opt/hostedtoolcache/Python/3.11.14/x64
2026-01-20T00:18:48.5912024Z   Python3_ROOT_DIR: /opt/hostedtoolcache/Python/3.11.14/x64
2026-01-20T00:18:48.5912609Z   LD_LIBRARY_PATH: /opt/hostedtoolcache/Python/3.11.14/x64/lib
2026-01-20T00:18:48.5912928Z ##[endgroup]
2026-01-20T00:18:48.6020509Z ##[group]Run # Use --deep for comprehensive regression suite
2026-01-20T00:18:48.6020965Z [36;1m# Use --deep for comprehensive regression suite[0m
2026-01-20T00:18:48.6021424Z [36;1mpython orchestrator.py --project projects/ci_jquery_ui_demos --deep --force[0m
2026-01-20T00:18:48.6051253Z shell: /usr/bin/bash -e {0}
2026-01-20T00:18:48.6051486Z env:
2026-01-20T00:18:48.6051758Z   pythonLocation: /opt/hostedtoolcache/Python/3.11.14/x64
2026-01-20T00:18:48.6052333Z   PKG_CONFIG_PATH: /opt/hostedtoolcache/Python/3.11.14/x64/lib/pkgconfig
2026-01-20T00:18:48.6052763Z   Python_ROOT_DIR: /opt/hostedtoolcache/Python/3.11.14/x64
2026-01-20T00:18:48.6053128Z   Python2_ROOT_DIR: /opt/hostedtoolcache/Python/3.11.14/x64
2026-01-20T00:18:48.6053499Z   Python3_ROOT_DIR: /opt/hostedtoolcache/Python/3.11.14/x64
2026-01-20T00:18:48.6054055Z   LD_LIBRARY_PATH: /opt/hostedtoolcache/Python/3.11.14/x64/lib
2026-01-20T00:18:48.6054570Z   GOOGLE_API_KEY: ***
2026-01-20T00:18:48.6054805Z   PYTHONPATH: .
2026-01-20T00:18:48.6054987Z ##[endgroup]
2026-01-20T00:18:50.3568671Z 🚀 [DEEP] Extensive mapping enabled (Depth: 3, Pages: 50)
2026-01-20T00:18:50.3569021Z 
2026-01-20T00:18:50.3569484Z 🗺️ [DISCOVERY] Starting Parallel Semantic Crawl on https://jqueryui.com/demos/ (Workers: 3)
2026-01-20T00:18:50.7986604Z   🔍 [Worker 0] Visiting (0): https://jqueryui.com/demos/
2026-01-20T00:18:52.5528323Z [DEBUG] Sending request to gemini-2.0-flash. Number of parts: 1
2026-01-20T00:18:52.5528962Z [DEBUG] Received response (Length: 346)
2026-01-20T00:18:52.5529778Z   🔍 [Worker 1] Visiting (1): https://jqueryui.com
2026-01-20T00:18:52.5543121Z   🔍 [Worker 2] Visiting (1): https://jqueryui.com/datepicker
2026-01-20T00:18:52.5557651Z   🔍 [Worker 0] Visiting (1): https://jqueryui.com/progressbar
2026-01-20T00:18:57.0960571Z [DEBUG] Sending request to gemini-2.0-flash. Number of parts: 1
2026-01-20T00:18:57.0962565Z [DEBUG] Sending request to gemini-2.0-flash. Number of parts: 1
2026-01-20T00:18:57.0963308Z [DEBUG] Sending request to gemini-2.0-flash. Number of parts: 1
2026-01-20T00:18:57.0963910Z [DEBUG] Received response (Length: 310)
2026-01-20T00:18:57.0964390Z [DEBUG] Received response (Length: 264)
2026-01-20T00:18:57.0965264Z   🔍 [Worker 2] Visiting (1): https://jqueryui.com/effect
2026-01-20T00:18:57.1064384Z   🔍 [Worker 1] Visiting (1): https://jqueryui.com/sortable
2026-01-20T00:18:57.2506621Z [DEBUG] Received response (Length: 406)
2026-01-20T00:18:57.2507546Z   🔍 [Worker 0] Visiting (1): https://jqueryui.com/toggleClass
2026-01-20T00:19:02.1177560Z [DEBUG] Sending request to gemini-2.0-flash. Number of parts: 1
2026-01-20T00:19:02.1178715Z [DEBUG] Sending request to gemini-2.0-flash. Number of parts: 1
2026-01-20T00:19:02.1182616Z [DEBUG] Sending request to gemini-2.0-flash. Number of parts: 1
2026-01-20T00:19:02.1184866Z [DEBUG] LLM Error: 429 RESOURCE_EXHAUSTED. {'error': {'code': 429, 'message': 'Resource exhausted. Please try again later. Please refer to https://cloud.google.com/vertex-ai/generative-ai/docs/error-code-429 for more details.', 'status': 'RESOURCE_EXHAUSTED'}}
2026-01-20T00:19:02.1187379Z ⚠️ 429 Rate Limit Hit. Cooling down for 60s...
2026-01-20T00:19:02.1192782Z [DEBUG] Received response (Length: 324)
2026-01-20T00:19:02.1193602Z   🔍 [Worker 1] Visiting (1): https://jqueryui.com/addClass
2026-01-20T00:19:02.3415042Z [DEBUG] Received response (Length: 319)
2026-01-20T00:19:02.3415992Z   🔍 [Worker 2] Visiting (1): https://jqueryui.com/dialog
2026-01-20T00:19:03.6291779Z [DEBUG] Sending request to gemini-2.0-flash. Number of parts: 1
2026-01-20T00:19:03.6292897Z [DEBUG] Received response (Length: 262)
2026-01-20T00:19:03.6294084Z   🔍 [Worker 1] Visiting (1): https://jqueryui.com/controlgroup
2026-01-20T00:19:08.3185416Z [DEBUG] Sending request to gemini-2.0-flash. Number of parts: 1
2026-01-20T00:19:08.3186759Z [DEBUG] Sending request to gemini-2.0-flash. Number of parts: 1
2026-01-20T00:19:08.3187531Z [DEBUG] Received response (Length: 286)
2026-01-20T00:19:08.3188895Z   🔍 [Worker 2] Visiting (1): https://jqueryui.com/draggable
2026-01-20T00:19:08.3764779Z [DEBUG] Received response (Length: 326)
2026-01-20T00:19:08.3766081Z   🔍 [Worker 1] Visiting (1): https://jqueryui.com/show
2026-01-20T00:19:13.3160768Z [DEBUG] Sending request to gemini-2.0-flash. Number of parts: 1
2026-01-20T00:19:13.3161527Z [DEBUG] Sending request to gemini-2.0-flash. Number of parts: 1
2026-01-20T00:19:13.3162310Z [DEBUG] Received response (Length: 235)
2026-01-20T00:19:13.3163215Z   🔍 [Worker 1] Visiting (1): https://jqueryui.com/animate
2026-01-20T00:19:13.4640328Z [DEBUG] Received response (Length: 373)
2026-01-20T00:19:13.4641317Z   🔍 [Worker 2] Visiting (1): https://jqueryui.com/selectmenu
2026-01-20T00:19:18.2510571Z [DEBUG] Sending request to gemini-2.0-flash. Number of parts: 1
2026-01-20T00:19:18.2511645Z [DEBUG] Sending request to gemini-2.0-flash. Number of parts: 1
2026-01-20T00:19:18.2512398Z [DEBUG] Received response (Length: 265)
2026-01-20T00:19:18.2513300Z   🔍 [Worker 2] Visiting (1): https://jqueryui.com/slider
2026-01-20T00:19:18.4490681Z [DEBUG] Received response (Length: 383)
2026-01-20T00:19:18.4493001Z   🔍 [Worker 1] Visiting (1): https://jqueryui.com/button
2026-01-20T00:19:23.2374001Z [DEBUG] Sending request to gemini-2.0-flash. Number of parts: 1
2026-01-20T00:19:23.2375158Z [DEBUG] Sending request to gemini-2.0-flash. Number of parts: 1
2026-01-20T00:19:23.2384414Z [DEBUG] Received response (Length: 252)
2026-01-20T00:19:23.2385299Z   🔍 [Worker 1] Visiting (1): https://jqueryui.com/switchClass
2026-01-20T00:19:23.3121147Z [DEBUG] Received response (Length: 282)
2026-01-20T00:19:23.3141435Z   🔍 [Worker 2] Visiting (1): https://jqueryui.com/about
2026-01-20T00:19:28.2475919Z [DEBUG] Sending request to gemini-2.0-flash. Number of parts: 1
2026-01-20T00:19:28.2477330Z [DEBUG] Sending request to gemini-2.0-flash. Number of parts: 1
2026-01-20T00:19:28.2480794Z [DEBUG] Received response (Length: 243)
2026-01-20T00:19:28.2483998Z   🔍 [Worker 2] Visiting (1): https://jqueryui.com/accordion
2026-01-20T00:19:28.3499813Z [DEBUG] Received response (Length: 288)
2026-01-20T00:19:28.3510849Z   🔍 [Worker 1] Visiting (1): https://jqueryui.com/spinner
2026-01-20T00:19:33.4022406Z [DEBUG] Sending request to gemini-2.0-flash. Number of parts: 1
2026-01-20T00:19:33.4023128Z [DEBUG] Sending request to gemini-2.0-flash. Number of parts: 1
2026-01-20T00:19:33.4023747Z [DEBUG] Received response (Length: 299)
2026-01-20T00:19:33.4024658Z   🔍 [Worker 1] Visiting (1): https://jqueryui.com/checkboxradio
2026-01-20T00:19:33.6288668Z [DEBUG] Received response (Length: 288)
2026-01-20T00:19:33.6290483Z   🔍 [Worker 2] Visiting (1): https://jqueryui.com/support
2026-01-20T00:19:38.5382062Z [DEBUG] Sending request to gemini-2.0-flash. Number of parts: 1
2026-01-20T00:19:38.5383093Z [DEBUG] Sending request to gemini-2.0-flash. Number of parts: 1
2026-01-20T00:19:38.5384752Z [DEBUG] Received response (Length: 325)
2026-01-20T00:19:38.5385615Z   🔍 [Worker 2] Visiting (1): https://blog.jqueryui.com
2026-01-20T00:19:38.9099583Z [DEBUG] Received response (Length: 345)
2026-01-20T00:19:38.9100684Z   🔍 [Worker 1] Visiting (1): https://jqueryui.com/demos
2026-01-20T00:19:39.2314666Z [CACHE HIT] 5da45cce... (hits: 1, misses: 23)
2026-01-20T00:19:39.2316233Z   🔍 [Worker 1] Visiting (1): https://jqueryui.com/themeroller
2026-01-20T00:19:43.5178016Z [DEBUG] Sending request to gemini-2.0-flash. Number of parts: 1
2026-01-20T00:19:43.5178778Z [DEBUG] Sending request to gemini-2.0-flash. Number of parts: 1
2026-01-20T00:19:43.5180600Z [DEBUG] LLM Error: 429 RESOURCE_EXHAUSTED. {'error': {'code': 429, 'message': 'Resource exhausted. Please try again later. Please refer to https://cloud.google.com/vertex-ai/generative-ai/docs/error-code-429 for more details.', 'status': 'RESOURCE_EXHAUSTED'}}
2026-01-20T00:19:43.5183224Z ⚠️ 429 Rate Limit Hit. Cooling down for 60s...
2026-01-20T00:19:43.5189121Z [DEBUG] Received response (Length: 390)
2026-01-20T00:19:43.5189861Z   🔍 [Worker 1] Visiting (1): https://jqueryui.com/resizable
2026-01-20T00:19:44.8408601Z [DEBUG] Sending request to gemini-2.0-flash. Number of parts: 1
2026-01-20T00:19:44.8410622Z [DEBUG] Received response (Length: 371)
2026-01-20T00:19:44.8411532Z   🔍 [Worker 1] Visiting (1): https://jqueryui.com/easing
2026-01-20T00:19:49.6345662Z [DEBUG] Sending request to gemini-2.0-flash. Number of parts: 1
2026-01-20T00:19:49.6347025Z [DEBUG] Received response (Length: 236)
2026-01-20T00:19:49.6348731Z   🔍 [Worker 1] Visiting (1): https://jqueryui.com/autocomplete
2026-01-20T00:19:54.4745009Z [DEBUG] Sending request to gemini-2.0-flash. Number of parts: 1
2026-01-20T00:19:54.4745719Z [DEBUG] Received response (Length: 171)
2026-01-20T00:19:54.4746779Z   🔍 [Worker 1] Visiting (1): https://api.jqueryui.com
2026-01-20T00:19:59.7998374Z [DEBUG] Sending request to gemini-2.0-flash. Number of parts: 1
2026-01-20T00:19:59.7999413Z [DEBUG] Received response (Length: 351)
2026-01-20T00:19:59.8000272Z   🔍 [Worker 1] Visiting (1): https://jqueryui.com/hide
2026-01-20T00:20:04.8217890Z [DEBUG] Sending request to gemini-2.0-flash. Number of parts: 1
2026-01-20T00:20:04.8218628Z [DEBUG] Sending request to gemini-2.0-flash. Number of parts: 1
2026-01-20T00:20:04.8219198Z [DEBUG] Received response (Length: 369)
2026-01-20T00:20:04.8220102Z   🔍 [Worker 0] Visiting (1): https://jqueryui.com/position
2026-01-20T00:20:04.8499076Z [DEBUG] Received response (Length: 185)
2026-01-20T00:20:04.8500017Z   🔍 [Worker 1] Visiting (1): https://jqueryui.com/tabs
2026-01-20T00:20:09.5980297Z [DEBUG] Sending request to gemini-2.0-flash. Number of parts: 1
2026-01-20T00:20:09.5981043Z [DEBUG] Sending request to gemini-2.0-flash. Number of parts: 1
2026-01-20T00:20:09.5981607Z [DEBUG] Received response (Length: 247)
2026-01-20T00:20:09.5982680Z   🔍 [Worker 0] Visiting (1): https://jqueryui.com/droppable
2026-01-20T00:20:09.8731333Z [DEBUG] Received response (Length: 405)
2026-01-20T00:20:09.8732886Z   🔍 [Worker 1] Visiting (1): https://jqueryui.com/menu
2026-01-20T00:20:43.7050838Z [DEBUG] Sending request to gemini-2.0-flash. Number of parts: 1
2026-01-20T00:20:43.7055893Z [DEBUG] Sending request to gemini-2.0-flash. Number of parts: 1
2026-01-20T00:20:43.7057646Z [DEBUG] LLM Error: 429 RESOURCE_EXHAUSTED. {'error': {'code': 429, 'message': 'Resource exhausted. Please try again later. Please refer to https://cloud.google.com/vertex-ai/generative-ai/docs/error-code-429 for more details.', 'status': 'RESOURCE_EXHAUSTED'}}
2026-01-20T00:20:43.7059555Z ⚠️ 429 Rate Limit Hit. Cooling down for 60s...
2026-01-20T00:20:43.7061157Z [DEBUG] LLM Error: 429 RESOURCE_EXHAUSTED. {'error': {'code': 429, 'message': 'Resource exhausted. Please try again later. Please refer to https://cloud.google.com/vertex-ai/generative-ai/docs/error-code-429 for more details.', 'status': 'RESOURCE_EXHAUSTED'}}
2026-01-20T00:20:43.7063005Z ⚠️ 429 Rate Limit Hit. Cooling down for 60s...
2026-01-20T00:20:43.7063579Z [DEBUG] Sending request to gemini-2.0-flash. Number of parts: 1
2026-01-20T00:20:43.7064109Z [DEBUG] Received response (Length: 340)
2026-01-20T00:20:43.7064682Z   🔍 [Worker 2] Visiting (1): https://jqueryui.com/toggle
2026-01-20T00:20:48.6659593Z [DEBUG] Sending request to gemini-2.0-flash. Number of parts: 1
2026-01-20T00:20:48.6661242Z [DEBUG] Received response (Length: 283)
2026-01-20T00:20:48.6662395Z   🔍 [Worker 2] Visiting (1): https://jqueryui.com/download
2026-01-20T00:20:53.5476193Z [DEBUG] Sending request to gemini-2.0-flash. Number of parts: 1
2026-01-20T00:20:53.5482429Z [DEBUG] Received response (Length: 249)
2026-01-20T00:20:53.5484387Z   🔍 [Worker 2] Visiting (1): https://jqueryui.com/selectable
2026-01-20T00:20:58.6711233Z [DEBUG] Sending request to gemini-2.0-flash. Number of parts: 1
2026-01-20T00:20:58.6711906Z [DEBUG] Received response (Length: 236)
2026-01-20T00:20:58.6713151Z   🔍 [Worker 2] Visiting (1): https://jqueryui.com/tooltip
2026-01-20T00:21:03.6695883Z [DEBUG] Sending request to gemini-2.0-flash. Number of parts: 1
2026-01-20T00:21:03.6696825Z [DEBUG] Received response (Length: 363)
2026-01-20T00:21:03.6699735Z   🔍 [Worker 2] Visiting (1): https://jqueryui.com/widget
2026-01-20T00:21:08.5429616Z [DEBUG] Sending request to gemini-2.0-flash. Number of parts: 1
2026-01-20T00:21:08.5430811Z [DEBUG] Received response (Length: 265)
2026-01-20T00:21:08.5432910Z   🔍 [Worker 2] Visiting (1): https://jqueryui.com/removeClass
2026-01-20T00:21:13.4264497Z [DEBUG] Sending request to gemini-2.0-flash. Number of parts: 1
2026-01-20T00:21:13.4265132Z [DEBUG] Received response (Length: 162)
2026-01-20T00:21:13.4266118Z   🔍 [Worker 2] Visiting (1): https://jqueryui.com/development
2026-01-20T00:21:18.6662484Z [DEBUG] Sending request to gemini-2.0-flash. Number of parts: 1
2026-01-20T00:21:18.6666496Z [DEBUG] Sending request to gemini-2.0-flash. Number of parts: 1
2026-01-20T00:21:18.6667255Z [DEBUG] Sending request to gemini-2.0-flash. Number of parts: 1
2026-01-20T00:21:18.6670389Z [DEBUG] Received response (Length: 301)
2026-01-20T00:21:18.6671646Z   🔍 [Worker 1] Visiting (2): https://jqueryui.com/resources/demos/datepicker/show-week.html
2026-01-20T00:21:18.6841948Z [DEBUG] Received response (Length: 271)
2026-01-20T00:21:18.6844169Z   🔍 [Worker 2] Visiting (2): https://jqueryui.com/resources/demos/datepicker/default.html
2026-01-20T00:21:18.7100198Z [DEBUG] Received response (Length: 339)
2026-01-20T00:21:18.7101289Z   🔍 [Worker 0] Visiting (2): https://jqueryui.com/resources/demos/datepicker/inline.html
2026-01-20T00:21:23.4603315Z [DEBUG] Sending request to gemini-2.0-flash. Number of parts: 1
2026-01-20T00:21:23.4604325Z [DEBUG] Sending request to gemini-2.0-flash. Number of parts: 1
2026-01-20T00:21:23.4605008Z [DEBUG] Sending request to gemini-2.0-flash. Number of parts: 1
2026-01-20T00:21:23.4605610Z [DEBUG] Received response (Length: 144)
2026-01-20T00:21:23.4606675Z   🔍 [Worker 1] Visiting (2): https://jqueryui.com/resources/demos/datepicker/animation.html
2026-01-20T00:21:23.6186767Z [DEBUG] Received response (Length: 183)
2026-01-20T00:21:23.6188262Z   🔍 [Worker 0] Visiting (2): https://jqueryui.com/resources/demos/datepicker/dropdown-month-year.html
2026-01-20T00:21:23.6379500Z [DEBUG] Received response (Length: 228)
2026-01-20T00:21:23.6382090Z   🔍 [Worker 2] Visiting (2): https://jqueryui.com/resources/demos/datepicker/min-max.html
2026-01-20T00:21:28.4496441Z [DEBUG] Sending request to gemini-2.0-flash. Number of parts: 1
2026-01-20T00:21:28.4501242Z [DEBUG] Sending request to gemini-2.0-flash. Number of parts: 1
2026-01-20T00:21:28.4501959Z [DEBUG] Sending request to gemini-2.0-flash. Number of parts: 1
2026-01-20T00:21:28.4502730Z [DEBUG] Received response (Length: 165)
2026-01-20T00:21:28.4503854Z   🔍 [Worker 2] Visiting (2): https://jqueryui.com/resources/demos/datepicker/date-formats.html
2026-01-20T00:21:28.7277517Z [DEBUG] Received response (Length: 277)
2026-01-20T00:21:28.7283609Z   🔍 [Worker 0] Visiting (2): https://jqueryui.com/resources/demos/datepicker/other-months.html
2026-01-20T00:21:28.7624754Z [DEBUG] Received response (Length: 363)
2026-01-20T00:21:28.7626042Z   🔍 [Worker 1] Visiting (2): https://jqueryui.com/resources/demos/datepicker/buttonbar.html
2026-01-20T00:21:33.5953309Z [DEBUG] Sending request to gemini-2.0-flash. Number of parts: 1
2026-01-20T00:21:33.5954937Z [DEBUG] Sending request to gemini-2.0-flash. Number of parts: 1
2026-01-20T00:21:33.5956562Z [DEBUG] Sending request to gemini-2.0-flash. Number of parts: 1
2026-01-20T00:21:33.5957153Z [DEBUG] Received response (Length: 232)
2026-01-20T00:21:33.5958273Z   🔍 [Worker 2] Visiting (2): https://jqueryui.com/resources/demos/datepicker/alt-field.html
2026-01-20T00:21:33.6213384Z [DEBUG] Received response (Length: 255)
2026-01-20T00:21:33.6214676Z   🔍 [Worker 0] Visiting (2): https://api.jqueryui.com/datepicker
2026-01-20T00:21:39.9093149Z [DEBUG] Received response (Length: 312)
2026-01-20T00:21:39.9094710Z [DEBUG] Sending request to gemini-2.0-flash. Number of parts: 1
2026-01-20T00:21:39.9095401Z [DEBUG] Received response (Length: 341)
2026-01-20T00:21:39.9099185Z [DEBUG] Sending request to gemini-2.0-flash. Number of parts: 1
2026-01-20T00:21:39.9102645Z [DEBUG] Received response (Length: 426)
2026-01-20T00:21:39.9103508Z ✅ Discovery Complete. Mapped 50 pages.
2026-01-20T00:21:49.8519699Z 
2026-01-20T00:21:49.8520440Z [PLAN] PLANNER: Planning goal -> 'Test jQuery UI components' (Deep Mode: True)
2026-01-20T00:21:49.8521290Z 🗺️ [PLAN] Loaded Sitemap with 50 pages.
2026-01-20T00:21:49.8521739Z 📊 [KNOWLEDGE] Page types: ['unknown', 'homepage']
2026-01-20T00:21:49.8522085Z 🔄 [KNOWLEDGE] Flows: 0, Forms: 41
2026-01-20T00:21:49.8523176Z 🎭 [EXPERT] Detected Domain: GENERAL. Persona: Act as Senior SDET focusing on exploring the application to understand functional flow and identifying critical paths for end-to-end automation
2026-01-20T00:21:49.8524013Z [DEBUG] Sending request to gemini-2.0-flash. Number of parts: 1
2026-01-20T00:21:49.8524642Z [DEBUG] Received response (Length: 6625)
2026-01-20T00:21:49.8524990Z ✅ Planner generated 3 scenarios. Workflow updated.
2026-01-20T00:21:50.9246788Z 
2026-01-20T00:21:50.9247837Z 🕵️ [DEEP EXPLORER] Starting Multi-Scenario Exploration
2026-01-20T00:21:50.9248679Z 📋 Found 3 scenarios to explore.
2026-01-20T00:21:51.2879896Z 
2026-01-20T00:21:51.2881824Z [1/3] Exploring Scenario: Datepicker Functionality Test
2026-01-20T00:21:51.2885028Z     🧠 Initialized exploration context for goal: 'Test the core functionalities of the Datepicker component, including date selection, range restriction, and format customization.'
2026-01-20T00:21:51.2886525Z     🎯 Scenario: Datepicker Functionality Test
2026-01-20T00:21:51.2893327Z   ▶️ [STEP step_1] NAVIGATE: 
2026-01-20T00:21:52.2279446Z     ✅ Navigated to https://jqueryui.com/demos/
2026-01-20T00:21:52.2280094Z   ▶️ [STEP step_2] ASSERT_URL: 
2026-01-20T00:21:57.2599164Z     ⚠️ Scroll into view failed for text=None. Proceeding anyway.
2026-01-20T00:21:59.2622592Z     ✅ State transitioned.
2026-01-20T00:22:01.0626626Z [DEBUG] Sending request to gemini-2.0-flash. Number of parts: 2
2026-01-20T00:22:01.0627273Z [DEBUG] Received response (Length: 231)
2026-01-20T00:22:01.0628150Z     🤖 AI Next Step Suggestion: click -> Datepicker
2026-01-20T00:22:01.0628694Z     🧩 Suggested Locator: a:contains('Datepicker')
2026-01-20T00:22:01.0629450Z     💭 Reasoning: The goal is to test the Datepicker component. Clicking on the 'Datepicker' link will navigate to the Datepicker demo page.
2026-01-20T00:22:01.0630131Z     ➕ Injected AI step: click -> Datepicker
2026-01-20T00:22:01.0630466Z   ▶️ [STEP step_2_ai_1] CLICK: Datepicker
2026-01-20T00:22:01.0695748Z     🎯 Using AI-provided locator: a:contains('Datepicker')
2026-01-20T00:22:01.0734870Z     🔍 Mining locators for: 'Datepicker'
2026-01-20T00:22:01.1841247Z     ✅ Found 2 verified locators
2026-01-20T00:22:04.7555991Z     ✅ State transitioned.
2026-01-20T00:22:06.6073894Z [DEBUG] Sending request to gemini-2.0-flash. Number of parts: 2
2026-01-20T00:22:06.6074901Z [DEBUG] Received response (Length: 254)
2026-01-20T00:22:06.6075775Z     🤖 AI Next Step Suggestion: click -> Default functionality
2026-01-20T00:22:06.6076407Z     🧩 Suggested Locator: a:contains('Default functionality')
2026-01-20T00:22:06.6077506Z     💭 Reasoning: To test the core functionalities of the Datepicker component, it's logical to start with the default functionality example.
2026-01-20T00:22:06.6078494Z     ➕ Injected AI step: click -> Default functionality
2026-01-20T00:22:06.6079034Z   ▶️ [STEP step_2_ai_2] CLICK: Default functionality
2026-01-20T00:22:06.6232631Z     🎯 Using AI-provided locator: a:contains('Default functionality')
2026-01-20T00:22:06.6258426Z     🔍 Mining locators for: 'Default functionality'
2026-01-20T00:22:06.7135470Z     ✅ Found 2 verified locators
2026-01-20T00:22:10.2870897Z     ✅ State transitioned.
2026-01-20T00:22:11.9115135Z [DEBUG] Sending request to gemini-2.0-flash. Number of parts: 2
2026-01-20T00:22:11.9115686Z [DEBUG] Received response (Length: 177)
2026-01-20T00:22:11.9116381Z     🤖 AI Next Step Suggestion: click -> iframe
2026-01-20T00:22:11.9134792Z     🧩 Suggested Locator: iframe
2026-01-20T00:22:11.9136005Z     💭 Reasoning: Need to switch to the iframe to interact with the datepicker input field.
2026-01-20T00:22:11.9136834Z     ➕ Injected AI step: click -> iframe
2026-01-20T00:22:11.9137346Z   ▶️ [STEP step_2_ai_3] CLICK: iframe
2026-01-20T00:22:11.9183243Z     🎯 Using AI-provided locator: iframe
2026-01-20T00:22:11.9248183Z     ✅ Found 1 verified locators
2026-01-20T00:22:15.9807665Z     ✅ State transitioned.
2026-01-20T00:22:15.9880245Z     🔄 Revisited state detected (count: 1)
2026-01-20T00:22:17.5899819Z [DEBUG] Sending request to gemini-2.0-flash. Number of parts: 2
2026-01-20T00:22:17.5900274Z [DEBUG] Received response (Length: 179)
2026-01-20T00:22:17.5900913Z     🤖 AI Next Step Suggestion: click -> input
2026-01-20T00:22:17.5901384Z     🧩 Suggested Locator: input[name='date']
2026-01-20T00:22:17.5902438Z     💭 Reasoning: The next step is to interact with the date input field to trigger the datepicker.
2026-01-20T00:22:17.5902968Z     ➕ Injected AI step: click -> input
2026-01-20T00:22:17.5903299Z   ▶️ [STEP step_2_ai_4] CLICK: input
2026-01-20T00:22:17.5963565Z     🎯 Using AI-provided locator: input[name='date']
2026-01-20T00:22:17.5985493Z     🔍 Mining locators for: 'input'
2026-01-20T00:22:17.6668771Z     ✅ Found 1 verified locators
2026-01-20T00:22:21.2104256Z     ✅ State transitioned.
2026-01-20T00:22:21.2174186Z     🔄 Revisited state detected (count: 2)
2026-01-20T00:22:22.9842507Z [DEBUG] Sending request to gemini-2.0-flash. Number of parts: 2
2026-01-20T00:22:22.9843210Z [DEBUG] Received response (Length: 326)
2026-01-20T00:22:22.9844167Z     🤖 AI Next Step Suggestion: click -> a date on the calendar
2026-01-20T00:22:22.9844847Z     🧩 Suggested Locator: a.ui-state-default
2026-01-20T00:22:22.9846586Z     💭 Reasoning: After clicking the input field within the iframe, the datepicker calendar should be visible. The next logical step is to select a date from the calendar to test the date selection functionality.
2026-01-20T00:22:22.9848258Z     ➕ Injected AI step: click -> a date on the calendar
2026-01-20T00:22:22.9848973Z   ▶️ [STEP step_2_ai_5] CLICK: a date on the calendar
2026-01-20T00:22:22.9909035Z     🎯 Using AI-provided locator: a.ui-state-default
2026-01-20T00:22:22.9929651Z     🔍 Mining locators for: 'a date on the calendar'
2026-01-20T00:22:23.0598142Z     🧠 Consulting AI (Vision-First) to find 'a date on the calendar'...
2026-01-20T00:22:23.0627086Z     🔍 Trying smart selectors for 'a date on the calendar'...
2026-01-20T00:22:23.1733172Z     🔍 [SMART] Searching for: 'a date on the calendar' (trying 15+ strategies)
2026-01-20T00:22:23.1734217Z     ⚠️ Smart selectors failed (no unique match). Falling back to AI Vision...
2026-01-20T00:22:23.1735914Z     🧠 [EXPERT] Strategy: Act as Senior SDET focusing on exploring the application to understand functional flow and identifying critical paths for end-to-end automation.
2026-01-20T00:22:27.8945202Z [DEBUG] Sending request to gemini-2.0-flash. Number of parts: 2
2026-01-20T00:22:27.8945979Z [DEBUG] Received response (Length: 326)
2026-01-20T00:22:27.8948671Z     💡 Expert Suggestion: The current page describes the Datepicker widget, but does not display an actual calendar. Clicking 'Datepicker' on the left menu should navigate to a page where a calendar is visible.
2026-01-20T00:22:27.8951026Z     🛠️ Executing corrective action: click -> 'Datepicker'
2026-01-20T00:22:28.4734759Z     ✅ Executed corrective navigation
2026-01-20T00:22:30.4758828Z     🔄 Retry 1/3 mining locators for 'a date on the calendar'...
2026-01-20T00:22:31.5437493Z     🧠 Consulting AI (Vision-First) to find 'a date on the calendar'...
2026-01-20T00:22:31.5438445Z     🔍 Trying smart selectors for 'a date on the calendar'...
2026-01-20T00:22:31.6503890Z     🔍 [SMART] Searching for: 'a date on the calendar' (trying 15+ strategies)
2026-01-20T00:22:31.6505100Z     ⚠️ Smart selectors failed (no unique match). Falling back to AI Vision...
2026-01-20T00:22:31.6508034Z     🧠 [EXPERT] Strategy: Act as Senior SDET focusing on exploring the application to understand functional flow and identifying critical paths for end-to-end automation.
2026-01-20T00:22:31.6511796Z [CACHE HIT] d5adf2d9... (hits: 1, misses: 6)
2026-01-20T00:22:31.6512599Z     ⚠️ Skipping duplicate injection: Datepicker
2026-01-20T00:22:31.6513188Z     🔄 Retry 2/3 mining locators for 'a date on the calendar'...
2026-01-20T00:22:32.6525455Z     🗑️ Invalidating stale AI cache (retry 2)...
2026-01-20T00:22:32.7601256Z     🧠 Consulting AI (Vision-First) to find 'a date on the calendar'...
2026-01-20T00:22:32.7602367Z     🔍 Trying smart selectors for 'a date on the calendar'...
2026-01-20T00:22:32.8660244Z     🔍 [SMART] Searching for: 'a date on the calendar' (trying 15+ strategies)
2026-01-20T00:22:32.8661219Z     ⚠️ Smart selectors failed (no unique match). Falling back to AI Vision...
2026-01-20T00:22:32.8663083Z     🧠 [EXPERT] Strategy: Act as Senior SDET focusing on exploring the application to understand functional flow and identifying critical paths for end-to-end automation.
2026-01-20T00:22:32.8665891Z [CACHE HIT] d5adf2d9... (hits: 2, misses: 6)
2026-01-20T00:22:32.8666620Z     ⚠️ Skipping duplicate injection: Datepicker
2026-01-20T00:22:32.8667279Z     🧠 Verifying step validity for 'a date on the calendar' after no candidates found...
2026-01-20T00:22:34.9153388Z [DEBUG] Sending request to gemini-2.0-flash. Number of parts: 2
2026-01-20T00:22:34.9154294Z [DEBUG] Received response (Length: 328)
2026-01-20T00:22:34.9157746Z     🗑️ Step deemed INVALID: The current page displays the documentation for the datepicker, not the datepicker itself. Therefore, there is no calendar and no date to interact with. We need to first interact with the 'Datepicker' link on the left navigation to load the actual datepicker widget.. Removing from workflow.
2026-01-20T00:22:34.9159807Z     ⏭️ Skipping execution of invalid step: a date on the calendar
2026-01-20T00:22:34.9160422Z   ▶️ [STEP step_3] CLICK: Datepicker
2026-01-20T00:22:34.9214143Z     🔍 Mining locators for: 'Datepicker'
2026-01-20T00:22:35.0314289Z     ✅ Found 4 verified locators
2026-01-20T00:22:38.5827914Z     ✅ State transitioned.
2026-01-20T00:22:38.5922816Z     🔄 Revisited state detected (count: 3)
2026-01-20T00:22:38.5923718Z     ⚠️ Too many revisits (3). Stopping AI step injection to prevent loops.
2026-01-20T00:22:38.5924460Z   ▶️ [STEP step_4] ASSERT_URL: 
2026-01-20T00:22:43.6189279Z     ⚠️ Scroll into view failed for text=None. Proceeding anyway.
2026-01-20T00:22:45.6212587Z     ✅ State transitioned.
2026-01-20T00:22:45.6293293Z     🔄 Revisited state detected (count: 4)
2026-01-20T00:22:45.6294110Z     ⚠️ Too many revisits (4). Stopping AI step injection to prevent loops.
2026-01-20T00:22:45.6294798Z   ▶️ [STEP step_5] CLICK: Show week of the year
2026-01-20T00:22:45.6345897Z     🔍 Mining locators for: 'Show week of the year'
2026-01-20T00:22:45.7292398Z     ✅ Found 2 verified locators
2026-01-20T00:22:49.2862514Z     ✅ State transitioned.
2026-01-20T00:22:51.1560960Z [DEBUG] Sending request to gemini-2.0-flash. Number of parts: 2
2026-01-20T00:22:51.1561714Z [DEBUG] Received response (Length: 256)
2026-01-20T00:22:51.1562758Z     🤖 AI Next Step Suggestion: click -> iframe
2026-01-20T00:22:51.1563209Z     🧩 Suggested Locator: iframe
2026-01-20T00:22:51.1564399Z     💭 Reasoning: Need to interact with the datepicker inside the iframe to test the 'Show week of the year' functionality. Clicking the iframe will allow interaction with the datepicker.
2026-01-20T00:22:51.1565514Z     ➕ Injected AI step: click -> iframe
2026-01-20T00:22:51.1565935Z   ▶️ [STEP step_5_ai_1] CLICK: iframe
2026-01-20T00:22:51.1623807Z     🎯 Using AI-provided locator: iframe
2026-01-20T00:22:51.1686536Z     ✅ Found 1 verified locators
2026-01-20T00:22:55.2138780Z     ✅ State transitioned.
2026-01-20T00:22:55.2215115Z     🔄 Revisited state detected (count: 1)
2026-01-20T00:22:57.1150844Z [DEBUG] Sending request to gemini-2.0-flash. Number of parts: 2
2026-01-20T00:22:57.1151784Z [DEBUG] Received response (Length: 311)
2026-01-20T00:22:57.1153070Z     🤖 AI Next Step Suggestion: click -> iframe
2026-01-20T00:22:57.1154225Z     🧩 Suggested Locator: iframe
2026-01-20T00:22:57.1157202Z     💭 Reasoning: Need to switch to the iframe to interact with the datepicker input field. The last action was clicking the iframe, so it's likely we need to re-enter it to interact with the datepicker after enabling 'Show week of the year'.
2026-01-20T00:22:57.1160239Z ⚠️ Loop detected: same AI suggestion repeated 2 times without state change. Moving to next step.
2026-01-20T00:22:57.1161099Z   ▶️ [STEP step_6] ASSERT_URL: 
2026-01-20T00:23:02.1327874Z     ⚠️ Scroll into view failed for text=None. Proceeding anyway.
2026-01-20T00:23:04.1350992Z     ✅ State transitioned.
2026-01-20T00:23:04.1422785Z     🔄 Revisited state detected (count: 2)
2026-01-20T00:23:06.0612538Z [DEBUG] Sending request to gemini-2.0-flash. Number of parts: 2
2026-01-20T00:23:06.0613545Z [DEBUG] Received response (Length: 242)
2026-01-20T00:23:06.0614384Z     🤖 AI Next Step Suggestion: click -> input
2026-01-20T00:23:06.0616794Z     🧩 Suggested Locator: input
2026-01-20T00:23:06.0617618Z     💭 Reasoning: The last action was to assert the URL. Before that, the bot clicked the iframe. Now, it should click the input field to open the datepicker.
2026-01-20T00:23:06.0618381Z     ➕ Injected AI step: click -> input
2026-01-20T00:23:06.0618713Z   ▶️ [STEP step_6_ai_1] CLICK: input
2026-01-20T00:23:06.0678671Z     🎯 Using AI-provided locator: input
2026-01-20T00:23:06.0735047Z     ✅ Found 1 verified locators
2026-01-20T00:23:10.1297057Z     ✅ State transitioned.
2026-01-20T00:23:12.1410352Z [DEBUG] Sending request to gemini-2.0-flash. Number of parts: 2
2026-01-20T00:23:12.1411042Z [DEBUG] Received response (Length: 209)
2026-01-20T00:23:12.1411836Z     🤖 AI Next Step Suggestion: click -> input
2026-01-20T00:23:12.1412486Z     🧩 Suggested Locator: input
2026-01-20T00:23:12.1413350Z     💭 Reasoning: To interact with the datepicker and select a date, I need to click on the input field to open the calendar.
2026-01-20T00:23:12.1414359Z     🔄 Same AI suggestion but state changed (URL or DOM). Resetting loop counter.
2026-01-20T00:23:12.1415109Z     ⚠️ Skipping duplicate AI suggestion (just executed): ('click', 'input')
2026-01-20T00:23:12.1415675Z   ▶️ [STEP step_7] FILL: datepicker
2026-01-20T00:23:12.1473585Z     🔍 Mining locators for: 'datepicker'
2026-01-20T00:23:12.2608169Z     ✅ Found 4 verified locators
2026-01-20T00:23:18.1247944Z     ✅ State transitioned.
2026-01-20T00:23:19.8903254Z [DEBUG] Sending request to gemini-2.0-flash. Number of parts: 2
2026-01-20T00:23:19.8903720Z [DEBUG] Received response (Length: 245)
2026-01-20T00:23:19.8904350Z     🤖 AI Next Step Suggestion: click -> iframe
2026-01-20T00:23:19.8904808Z     🧩 Suggested Locator: iframe
2026-01-20T00:23:19.8905594Z     💭 Reasoning: Need to interact with the datepicker inside the iframe to test its functionalities. Clicking the iframe will focus the interaction within it.
2026-01-20T00:23:19.8906333Z     ➕ Injected AI step: click -> iframe
2026-01-20T00:23:19.8906651Z   ▶️ [STEP step_7_ai_1] CLICK: iframe
2026-01-20T00:23:19.9074425Z     🎯 Using AI-provided locator: iframe
2026-01-20T00:23:19.9136599Z     ✅ Found 1 verified locators
2026-01-20T00:23:23.9626341Z     ✅ State transitioned.
2026-01-20T00:23:33.9852894Z [DEBUG] Sending request to gemini-2.0-flash. Number of parts: 2
2026-01-20T00:23:33.9853536Z [DEBUG] Received response (Length: 300)
2026-01-20T00:23:33.9854332Z     🤖 AI Next Step Suggestion: click -> input
2026-01-20T00:23:33.9854909Z     🧩 Suggested Locator: input[name='s']
2026-01-20T00:23:33.9856676Z     💭 Reasoning: The previous actions involved interacting with the datepicker within the iframe. Now, let's explore the search functionality on the main page. Clicking the input field will allow us to enter a search term.
2026-01-20T00:23:33.9858050Z     ➕ Injected AI step: click -> input
2026-01-20T00:23:33.9858665Z   ▶️ [STEP step_7_ai_2] CLICK: input
2026-01-20T00:23:33.9924791Z     🎯 Using AI-provided locator: input[name='s']
2026-01-20T00:23:33.9993800Z     ✅ Found 1 verified locators
2026-01-20T00:23:38.0436922Z     ✅ State transitioned.
2026-01-20T00:23:38.0508871Z     🔄 Revisited state detected (count: 1)
2026-01-20T00:23:39.9589165Z [DEBUG] Sending request to gemini-2.0-flash. Number of parts: 2
2026-01-20T00:23:39.9589860Z [DEBUG] Received response (Length: 269)
2026-01-20T00:23:39.9590737Z     🤖 AI Next Step Suggestion: click -> input
2026-01-20T00:23:39.9591496Z     🧩 Suggested Locator: input[name='s']
2026-01-20T00:23:39.9593406Z     💭 Reasoning: The previous actions involved filling the datepicker input field. Now, to continue testing, I will click the search input field to clear the previous search.
2026-01-20T00:23:39.9595189Z ⚠️ Loop detected: same AI suggestion repeated 2 times without state change. Moving to next step.
2026-01-20T00:23:39.9595841Z   ▶️ [STEP step_8] ASSERT_VISIBLE: datepicker
2026-01-20T00:23:39.9657952Z     🔍 Mining locators for: 'datepicker'
2026-01-20T00:23:40.0788158Z     ✅ Found 4 verified locators
2026-01-20T00:23:42.6258997Z     ✅ State transitioned.
2026-01-20T00:23:42.6330092Z     🔄 Revisited state detected (count: 2)
2026-01-20T00:23:44.5727263Z [DEBUG] Sending request to gemini-2.0-flash. Number of parts: 2
2026-01-20T00:23:44.5727891Z [DEBUG] Received response (Length: 230)
2026-01-20T00:23:44.5728512Z     🤖 AI Next Step Suggestion: click -> input
2026-01-20T00:23:44.5728916Z     🧩 Suggested Locator: input
2026-01-20T00:23:44.5729622Z     💭 Reasoning: The datepicker is visible, and the goal is to test date selection. Clicking the input field should open the datepicker calendar.
2026-01-20T00:23:44.5730266Z     ➕ Injected AI step: click -> input
2026-01-20T00:23:44.5730570Z   ▶️ [STEP step_8_ai_1] CLICK: input
2026-01-20T00:23:44.5882307Z     🎯 Using AI-provided locator: input
2026-01-20T00:23:44.5938506Z     ✅ Found 1 verified locators
2026-01-20T00:23:48.6430504Z     ✅ State transitioned.
2026-01-20T00:23:48.6502594Z     🔄 Revisited state detected (count: 3)
2026-01-20T00:23:48.6503573Z     ⚠️ Too many revisits (3). Stopping AI step injection to prevent loops.
2026-01-20T00:23:48.6504326Z   ▶️ [STEP step_9] NAVIGATE: 
2026-01-20T00:23:49.4543611Z     ✅ Navigated to https://jqueryui.com/demos/
2026-01-20T00:23:49.4544456Z   ▶️ [STEP step_10] CLICK: Datepicker
2026-01-20T00:23:49.4721632Z     🔍 Mining locators for: 'Datepicker'
2026-01-20T00:23:49.6098565Z     ✅ Found 2 verified locators
2026-01-20T00:23:53.1824248Z     ✅ State transitioned.
2026-01-20T00:23:53.1925152Z     🔄 Revisited state detected (count: 4)
2026-01-20T00:23:53.1925986Z     ⚠️ Too many revisits (4). Stopping AI step injection to prevent loops.
2026-01-20T00:23:53.1926636Z   ▶️ [STEP step_11] CLICK: Restrict date range
2026-01-20T00:23:53.2088854Z     🔍 Mining locators for: 'Restrict date range'
2026-01-20T00:23:53.2945908Z     ✅ Found 2 verified locators
2026-01-20T00:23:56.8507518Z     ✅ State transitioned.
2026-01-20T00:23:58.6213618Z [DEBUG] Sending request to gemini-2.0-flash. Number of parts: 2
2026-01-20T00:23:58.6214625Z [DEBUG] Received response (Length: 211)
2026-01-20T00:23:58.6215701Z     🤖 AI Next Step Suggestion: click -> input
2026-01-20T00:23:58.6216431Z     🧩 Suggested Locator: input
2026-01-20T00:23:58.6218077Z     💭 Reasoning: The datepicker is visible, and the goal is to test date selection. Clicking the input field will open the datepicker calendar.
2026-01-20T00:23:58.6220095Z     🔄 Same AI suggestion but state changed (URL or DOM). Resetting loop counter.
2026-01-20T00:23:58.6221065Z     ➕ Injected AI step: click -> input
2026-01-20T00:23:58.6221644Z   ▶️ [STEP step_11_ai_1] CLICK: input
2026-01-20T00:23:58.6282508Z     🎯 Using AI-provided locator: input
2026-01-20T00:23:58.6350595Z     ✅ Found 1 verified locators
2026-01-20T00:24:02.6770859Z     ✅ State transitioned.
2026-01-20T00:24:04.6555685Z [DEBUG] Sending request to gemini-2.0-flash. Number of parts: 2
2026-01-20T00:24:04.6556674Z [DEBUG] Received response (Length: 302)
2026-01-20T00:24:04.6557389Z     🤖 AI Next Step Suggestion: click -> input
2026-01-20T00:24:04.6558169Z     🧩 Suggested Locator: input
2026-01-20T00:24:04.6559447Z     💭 Reasoning: The last action was clicking the 'Restrict date range' link. Now, we need to interact with the datepicker input field to trigger the datepicker to appear and select a date within the restricted range.
2026-01-20T00:24:04.6560638Z     🔄 Same AI suggestion but state changed (URL or DOM). Resetting loop counter.
2026-01-20T00:24:04.6561250Z     ⚠️ Skipping duplicate AI suggestion (just executed): ('click', 'input')
2026-01-20T00:24:04.6561696Z   ▶️ [STEP step_12] ASSERT_URL: 
2026-01-20T00:24:09.6737346Z     ⚠️ Scroll into view failed for text=None. Proceeding anyway.
2026-01-20T00:24:11.6760348Z     ✅ State transitioned.
2026-01-20T00:24:11.6832426Z     🔄 Revisited state detected (count: 1)
2026-01-20T00:24:13.6195271Z [DEBUG] Sending request to gemini-2.0-flash. Number of parts: 2
2026-01-20T00:24:13.6195929Z [DEBUG] Received response (Length: 291)
2026-01-20T00:24:13.6196729Z     🤖 AI Next Step Suggestion: click -> input
2026-01-20T00:24:13.6197292Z     🧩 Suggested Locator: input
2026-01-20T00:24:13.6198442Z     💭 Reasoning: The last action was asserting the URL. Now, we need to interact with the datepicker again to select a date and test the range restriction. Clicking the input field will open the datepicker.
2026-01-20T00:24:13.6199570Z ⚠️ Loop detected: same AI suggestion repeated 2 times without state change. Moving to next step.
2026-01-20T00:24:13.6200094Z   ▶️ [STEP step_13] FILL: datepicker
2026-01-20T00:24:13.6263972Z     🔍 Mining locators for: 'datepicker'
2026-01-20T00:24:13.7376541Z     ✅ Found 3 verified locators
2026-01-20T00:24:19.3943457Z     ✅ State transitioned.
2026-01-20T00:24:21.4741115Z [DEBUG] Sending request to gemini-2.0-flash. Number of parts: 2
2026-01-20T00:24:21.4742008Z [DEBUG] Received response (Length: 252)
2026-01-20T00:24:21.4743220Z     🤖 AI Next Step Suggestion: click -> input
2026-01-20T00:24:21.4744046Z     🧩 Suggested Locator: input[name='s']
2026-01-20T00:24:21.4746105Z     💭 Reasoning: The last action was filling the datepicker input. Now, I should click the input field to trigger the datepicker to appear and select a date.
2026-01-20T00:24:21.4747991Z     ➕ Injected AI step: click -> input
2026-01-20T00:24:21.4748785Z   ▶️ [STEP step_13_ai_1] CLICK: input
2026-01-20T00:24:21.4915855Z     🎯 Using AI-provided locator: input[name='s']
2026-01-20T00:24:21.4979477Z     ✅ Found 1 verified locators
2026-01-20T00:24:25.5599865Z     ✅ State transitioned.
2026-01-20T00:24:30.8471850Z [DEBUG] Sending request to gemini-2.0-flash. Number of parts: 2
2026-01-20T00:24:30.8472950Z [DEBUG] Received response (Length: 227)
2026-01-20T00:24:30.8473950Z     🤖 AI Next Step Suggestion: click -> Default functionality
2026-01-20T00:24:30.8474715Z     🧩 Suggested Locator: a:contains('Default functionality')
2026-01-20T00:24:30.8475958Z     💭 Reasoning: To explore the default functionality of the datepicker, which is a core aspect of the component.
2026-01-20T00:24:30.8477009Z     ➕ Injected AI step: click -> Default functionality
2026-01-20T00:24:30.8477689Z   ▶️ [STEP step_13_ai_2] CLICK: Default functionality
2026-01-20T00:24:30.8537105Z     🎯 Using AI-provided locator: a:contains('Default functionality')
2026-01-20T00:24:30.8564132Z     🔍 Mining locators for: 'Default functionality'
2026-01-20T00:24:30.9458858Z     ✅ Found 2 verified locators
2026-01-20T00:24:34.4982016Z     ✅ State transitioned.
2026-01-20T00:24:36.5238668Z [DEBUG] Sending request to gemini-2.0-flash. Number of parts: 2
2026-01-20T00:24:36.5239314Z [DEBUG] Received response (Length: 287)
2026-01-20T00:24:36.5240123Z     🤖 AI Next Step Suggestion: click -> input
2026-01-20T00:24:36.5240692Z     🧩 Suggested Locator: input[name='s']
2026-01-20T00:24:36.5242393Z     💭 Reasoning: The goal is to test the datepicker. The last action was clicking the 'Default functionality' link. Now, I need to interact with the date input field to trigger the datepicker.
2026-01-20T00:24:36.5243708Z     ➕ Injected AI step: click -> input
2026-01-20T00:24:36.5246014Z   ▶️ [STEP step_13_ai_3] CLICK: input
2026-01-20T00:24:36.5303143Z     🎯 Using AI-provided locator: input[name='s']
2026-01-20T00:24:36.5367297Z     ✅ Found 1 verified locators
2026-01-20T00:24:40.5911574Z     ✅ State transitioned.
2026-01-20T00:24:40.5981037Z     🔄 Revisited state detected (count: 1)
2026-01-20T00:24:42.4595163Z [DEBUG] Sending request to gemini-2.0-flash. Number of parts: 2
2026-01-20T00:24:42.4595850Z [DEBUG] Received response (Length: 250)
2026-01-20T00:24:42.4596627Z     🤖 AI Next Step Suggestion: click -> input
2026-01-20T00:24:42.4597148Z     🧩 Suggested Locator: iframe
2026-01-20T00:24:42.4597969Z     💭 Reasoning: The last action was clicking the input field, which likely opened the datepicker. Now, we need to select a date from the datepicker that appeared within the iframe.
2026-01-20T00:24:42.4599006Z ⚠️ Loop detected: same AI suggestion repeated 2 times without state change. Moving to next step.
2026-01-20T00:24:42.4599518Z   ▶️ [STEP step_14] ASSERT_VISIBLE: datepicker
2026-01-20T00:24:42.4656723Z     🔍 Mining locators for: 'datepicker'
2026-01-20T00:24:42.5609838Z     ✅ Found 4 verified locators
2026-01-20T00:24:45.1057568Z     ✅ State transitioned.
2026-01-20T00:24:45.1124303Z     🔄 Revisited state detected (count: 2)
2026-01-20T00:24:47.1275754Z [DEBUG] Sending request to gemini-2.0-flash. Number of parts: 2
2026-01-20T00:24:47.1276425Z [DEBUG] Received response (Length: 184)
2026-01-20T00:24:47.1277194Z     🤖 AI Next Step Suggestion: click -> input
2026-01-20T00:24:47.1277732Z     🧩 Suggested Locator: iframe
2026-01-20T00:24:47.1278704Z     💭 Reasoning: The datepicker is visible, and the next step is to interact with the input field to select a date.
2026-01-20T00:24:47.1279650Z     ➕ Injected AI step: click -> input
2026-01-20T00:24:47.1280046Z   ▶️ [STEP step_14_ai_1] CLICK: input
2026-01-20T00:24:47.1338460Z     🎯 Using AI-provided locator: iframe
2026-01-20T00:24:47.1393645Z     ✅ Found 1 verified locators
2026-01-20T00:24:51.1913637Z     ✅ State transitioned.
2026-01-20T00:24:51.1978181Z     🔄 Revisited state detected (count: 3)
2026-01-20T00:24:51.1978976Z     ⚠️ Too many revisits (3). Stopping AI step injection to prevent loops.
2026-01-20T00:24:51.1979594Z   ▶️ [STEP step_15] NAVIGATE: 
2026-01-20T00:24:51.8458612Z     ✅ Navigated to https://jqueryui.com/demos/
2026-01-20T00:24:51.8459223Z   ▶️ [STEP step_16] CLICK: Datepicker
2026-01-20T00:24:51.8632502Z     🔍 Mining locators for: 'Datepicker'
2026-01-20T00:24:51.9711542Z     ✅ Found 2 verified locators
2026-01-20T00:24:55.5439149Z     ✅ State transitioned.
2026-01-20T00:24:55.5537357Z     🔄 Revisited state detected (count: 4)
2026-01-20T00:24:55.5538263Z     ⚠️ Too many revisits (4). Stopping AI step injection to prevent loops.
2026-01-20T00:24:55.5539085Z   ▶️ [STEP step_17] CLICK: Display month & year menus
2026-01-20T00:24:55.5697266Z     🔍 Mining locators for: 'Display month & year menus'
2026-01-20T00:24:55.6572713Z     ✅ Found 2 verified locators
2026-01-20T00:24:59.2123577Z     ✅ State transitioned.
2026-01-20T00:25:00.8246843Z [DEBUG] Sending request to gemini-2.0-flash. Number of parts: 2
2026-01-20T00:25:00.8247565Z [DEBUG] Received response (Length: 156)
2026-01-20T00:25:00.8248377Z     🤖 AI Next Step Suggestion: click -> input
2026-01-20T00:25:00.8248965Z     🧩 Suggested Locator: iframe
2026-01-20T00:25:00.8249791Z     💭 Reasoning: To open the datepicker and interact with the month and year dropdowns.
2026-01-20T00:25:00.8250837Z     🔄 Same AI suggestion but state changed (URL or DOM). Resetting loop counter.
2026-01-20T00:25:00.8251604Z     ➕ Injected AI step: click -> input
2026-01-20T00:25:00.8252346Z   ▶️ [STEP step_17_ai_1] CLICK: input
2026-01-20T00:25:00.8310651Z     🎯 Using AI-provided locator: iframe
2026-01-20T00:25:00.8378855Z     ✅ Found 1 verified locators
2026-01-20T00:25:04.8894110Z     ✅ State transitioned.
2026-01-20T00:25:04.8966374Z     🔄 Revisited state detected (count: 1)
2026-01-20T00:25:06.6923239Z [DEBUG] Sending request to gemini-2.0-flash. Number of parts: 2
2026-01-20T00:25:06.6926175Z [DEBUG] Received response (Length: 170)
2026-01-20T00:25:06.6926856Z     🤖 AI Next Step Suggestion: click -> input
2026-01-20T00:25:06.6927304Z     🧩 Suggested Locator: input
2026-01-20T00:25:06.6928028Z     💭 Reasoning: To open the datepicker and select a date after clicking 'Display month & year menus'.
2026-01-20T00:25:06.6929058Z ⚠️ Loop detected: same AI suggestion repeated 2 times without state change. Moving to next step.
2026-01-20T00:25:06.6929739Z   ▶️ [STEP step_18] ASSERT_URL: 
2026-01-20T00:25:11.7092607Z     ⚠️ Scroll into view failed for text=None. Proceeding anyway.
2026-01-20T00:25:13.7116259Z     ✅ State transitioned.
2026-01-20T00:25:13.7188721Z     🔄 Revisited state detected (count: 2)
2026-01-20T00:25:15.1998515Z [DEBUG] Sending request to gemini-2.0-flash. Number of parts: 2
2026-01-20T00:25:15.1999211Z [DEBUG] Received response (Length: 154)
2026-01-20T00:25:15.1999990Z     🤖 AI Next Step Suggestion: click -> input
2026-01-20T00:25:15.2000556Z     🧩 Suggested Locator: input
2026-01-20T00:25:15.2001152Z     💭 Reasoning: To open the datepicker after navigating to the page.
2026-01-20T00:25:15.2001581Z     ➕ Injected AI step: click -> input
2026-01-20T00:25:15.2001908Z   ▶️ [STEP step_18_ai_1] CLICK: input
2026-01-20T00:25:15.2072718Z     🎯 Using AI-provided locator: input
2026-01-20T00:25:15.2127300Z     ✅ Found 1 verified locators
2026-01-20T00:25:19.2563426Z     ✅ State transitioned.
2026-01-20T00:25:21.1046180Z [DEBUG] Sending request to gemini-2.0-flash. Number of parts: 2
2026-01-20T00:25:21.1046875Z [DEBUG] Received response (Length: 287)
2026-01-20T00:25:21.1047661Z     🤖 AI Next Step Suggestion: click -> input
2026-01-20T00:25:21.1048124Z     🧩 Suggested Locator: input[name='s']
2026-01-20T00:25:21.1049399Z     💭 Reasoning: To interact with the datepicker, we need to click on the input field to activate it. Since the last action was also clicking the input, it's likely to bring up the datepicker.
2026-01-20T00:25:21.1050794Z     🔄 Same AI suggestion but state changed (URL or DOM). Resetting loop counter.
2026-01-20T00:25:21.1051574Z     ⚠️ Skipping duplicate AI suggestion (just executed): ('click', 'input')
2026-01-20T00:25:21.1052324Z   ▶️ [STEP step_19] FILL: datepicker
2026-01-20T00:25:21.1106914Z     🔍 Mining locators for: 'datepicker'
2026-01-20T00:25:21.2165210Z     ✅ Found 3 verified locators
2026-01-20T00:25:26.9571471Z     ✅ State transitioned.
2026-01-20T00:25:28.9074267Z [DEBUG] Sending request to gemini-2.0-flash. Number of parts: 2
2026-01-20T00:25:28.9074915Z [DEBUG] Received response (Length: 268)
2026-01-20T00:25:28.9075695Z     🤖 AI Next Step Suggestion: click -> input
2026-01-20T00:25:28.9076276Z     🧩 Suggested Locator: input[name='s']
2026-01-20T00:25:28.9077672Z     💭 Reasoning: The last action was filling the datepicker. Now, I should try searching for a specific date or functionality using the search bar to explore other features.
2026-01-20T00:25:28.9079210Z     🔄 Same AI suggestion but state changed (URL or DOM). Resetting loop counter.
2026-01-20T00:25:28.9079664Z     ➕ Injected AI step: click -> input
2026-01-20T00:25:28.9079981Z   ▶️ [STEP step_19_ai_1] CLICK: input
2026-01-20T00:25:28.9247688Z     🎯 Using AI-provided locator: input[name='s']
2026-01-20T00:25:28.9307301Z     ✅ Found 1 verified locators
2026-01-20T00:25:32.9882521Z     ✅ State transitioned.
2026-01-20T00:25:34.7107448Z [DEBUG] Sending request to gemini-2.0-flash. Number of parts: 2
2026-01-20T00:25:34.7108100Z [DEBUG] Received response (Length: 240)
2026-01-20T00:25:34.7108960Z     🤖 AI Next Step Suggestion: click -> Default functionality
2026-01-20T00:25:34.7109423Z     🧩 Suggested Locator: a[href='#default']
2026-01-20T00:25:34.7110171Z     💭 Reasoning: To explore the default functionality of the datepicker, clicking on the 'Default functionality' link is the next logical step.
2026-01-20T00:25:34.7111181Z     ➕ Injected AI step: click -> Default functionality
2026-01-20T00:25:34.7111596Z   ▶️ [STEP step_19_ai_2] CLICK: Default functionality
2026-01-20T00:25:34.7169888Z     🎯 Using AI-provided locator: a[href='#default']
2026-01-20T00:25:34.7189087Z     🔍 Mining locators for: 'Default functionality'
2026-01-20T00:25:34.8554342Z     ✅ Found 2 verified locators
2026-01-20T00:25:38.4105849Z     ✅ State transitioned.
2026-01-20T00:25:40.5531210Z [DEBUG] Sending request to gemini-2.0-flash. Number of parts: 2
2026-01-20T00:25:40.5532063Z [DEBUG] Received response (Length: 277)
2026-01-20T00:25:40.5533273Z     🤖 AI Next Step Suggestion: click -> input
2026-01-20T00:25:40.5533967Z     🧩 Suggested Locator: input[name='s']
2026-01-20T00:25:40.5535328Z     💭 Reasoning: The previous actions involved clicking 'Default functionality' and filling the datepicker input. Now, to continue exploring the datepicker, I will click the search input to clear it.
2026-01-20T00:25:40.5536597Z     ➕ Injected AI step: click -> input
2026-01-20T00:25:40.5537028Z   ▶️ [STEP step_19_ai_3] CLICK: input
2026-01-20T00:25:40.5592027Z     🎯 Using AI-provided locator: input[name='s']
2026-01-20T00:25:40.5648600Z     ✅ Found 1 verified locators
2026-01-20T00:25:44.6050527Z     ✅ State transitioned.
2026-01-20T00:25:44.6120864Z     🔄 Revisited state detected (count: 1)
2026-01-20T00:25:46.5920147Z [DEBUG] Sending request to gemini-2.0-flash. Number of parts: 2
2026-01-20T00:25:46.5920697Z [DEBUG] Received response (Length: 228)
2026-01-20T00:25:46.5921483Z     🤖 AI Next Step Suggestion: fill -> datepicker
2026-01-20T00:25:46.5922080Z     🧩 Suggested Locator: input[name='s']
2026-01-20T00:25:46.5923381Z     💭 Reasoning: The input field is still focused, and the previous action was filling it. Let's try filling it with a date.
2026-01-20T00:25:46.5924382Z     ➕ Injected AI step: fill -> datepicker
2026-01-20T00:25:46.5924890Z   ▶️ [STEP step_19_ai_4] FILL: datepicker
2026-01-20T00:25:46.5985549Z     🎯 Using AI-provided locator: input[name='s']
2026-01-20T00:25:46.6046665Z     ✅ Found 1 verified locators
2026-01-20T00:25:52.2364169Z     ✅ State transitioned.
2026-01-20T00:25:52.2433749Z     🔄 Revisited state detected (count: 2)
2026-01-20T00:25:54.2124928Z [DEBUG] Sending request to gemini-2.0-flash. Number of parts: 2
2026-01-20T00:25:54.2125444Z [DEBUG] Received response (Length: 203)
2026-01-20T00:25:54.2126152Z     🤖 AI Next Step Suggestion: click -> input
2026-01-20T00:25:54.2126504Z     🧩 Suggested Locator: iframe
2026-01-20T00:25:54.2127200Z     💭 Reasoning: The datepicker input field needs to be clicked to open the calendar and select a date. The input is inside an iframe.
2026-01-20T00:25:54.2127853Z     ➕ Injected AI step: click -> input
2026-01-20T00:25:54.2128179Z   ▶️ [STEP step_19_ai_5] CLICK: input
2026-01-20T00:25:54.2191585Z     🎯 Using AI-provided locator: iframe
2026-01-20T00:25:54.2246167Z     ✅ Found 1 verified locators
2026-01-20T00:25:58.2689815Z     ✅ State transitioned.
2026-01-20T00:25:58.2762893Z     🔄 Revisited state detected (count: 3)
2026-01-20T00:25:58.2763672Z     ⚠️ Too many revisits (3). Stopping AI step injection to prevent loops.
2026-01-20T00:25:58.2764439Z   ▶️ [STEP step_20] ASSERT_VISIBLE: datepicker
2026-01-20T00:25:58.2816368Z     🔍 Mining locators for: 'datepicker'
2026-01-20T00:25:58.3903235Z     ✅ Found 4 verified locators
2026-01-20T00:26:00.9208639Z     ✅ State transitioned.
2026-01-20T00:26:00.9280114Z     🔄 Revisited state detected (count: 4)
2026-01-20T00:26:00.9280730Z     ⚠️ Too many revisits (4). Stopping AI step injection to prevent loops.
2026-01-20T00:26:02.9716368Z 
2026-01-20T00:26:02.9717005Z [2/3] Exploring Scenario: Draggable and Droppable Interaction Test
2026-01-20T00:26:02.9719050Z     🧠 Initialized exploration context for goal: 'Verify the interaction between Draggable and Droppable components, ensuring elements can be dragged and dropped correctly.'
2026-01-20T00:26:02.9720497Z     🎯 Scenario: Draggable and Droppable Interaction Test
2026-01-20T00:26:02.9721451Z   ▶️ [STEP step_1] NAVIGATE: 
2026-01-20T00:26:03.7338381Z     ✅ Navigated to https://jqueryui.com/demos/
2026-01-20T00:26:03.7339092Z   ▶️ [STEP step_2] ASSERT_URL: 
2026-01-20T00:26:08.7638826Z     ⚠️ Scroll into view failed for text=None. Proceeding anyway.
2026-01-20T00:26:10.7661058Z     ✅ State transitioned.
2026-01-20T00:26:12.8540844Z [DEBUG] Sending request to gemini-2.0-flash. Number of parts: 2
2026-01-20T00:26:12.8541735Z [DEBUG] Received response (Length: 284)
2026-01-20T00:26:12.8542983Z     🤖 AI Next Step Suggestion: click -> Draggable
2026-01-20T00:26:12.8543951Z     🧩 Suggested Locator: a[href='//jqueryui.com/demos/draggable/']
2026-01-20T00:26:12.8545979Z     💭 Reasoning: The goal is to verify the interaction between Draggable and Droppable components. Clicking on 'Draggable' is the first step to explore the Draggable component.
2026-01-20T00:26:12.8547675Z     ➕ Injected AI step: click -> Draggable
2026-01-20T00:26:12.8548355Z   ▶️ [STEP step_2_ai_1] CLICK: Draggable
2026-01-20T00:26:12.8609940Z     🎯 Using AI-provided locator: a[href='//jqueryui.com/demos/draggable/']
2026-01-20T00:26:12.8629566Z     🔍 Mining locators for: 'Draggable'
2026-01-20T00:26:12.9722800Z     ✅ Found 2 verified locators
2026-01-20T00:26:16.5405835Z     ✅ State transitioned.
2026-01-20T00:26:18.4999046Z [DEBUG] Sending request to gemini-2.0-flash. Number of parts: 2
2026-01-20T00:26:18.4999753Z [DEBUG] Received response (Length: 271)
2026-01-20T00:26:18.5000598Z     🤖 AI Next Step Suggestion: click -> Droppable
2026-01-20T00:26:18.5001457Z     🧩 Suggested Locator: a[href='https://jqueryui.com/droppable/']
2026-01-20T00:26:18.5003368Z     💭 Reasoning: To verify the interaction between Draggable and Droppable components, we need to navigate to the Droppable page after visiting the Draggable page.
2026-01-20T00:26:18.5004786Z     ➕ Injected AI step: click -> Droppable
2026-01-20T00:26:18.5005385Z   ▶️ [STEP step_2_ai_2] CLICK: Droppable
2026-01-20T00:26:18.5178598Z     🎯 Using AI-provided locator: a[href='https://jqueryui.com/droppable/']
2026-01-20T00:26:18.5241307Z     ✅ Found 1 verified locators
2026-01-20T00:26:22.5887833Z     ✅ State transitioned.
2026-01-20T00:26:24.3513258Z [DEBUG] Sending request to gemini-2.0-flash. Number of parts: 2
2026-01-20T00:26:24.3513973Z [DEBUG] Received response (Length: 256)
2026-01-20T00:26:24.3514976Z     🤖 AI Next Step Suggestion: navigate -> https://jqueryui.com/draggable/
2026-01-20T00:26:24.3516232Z     💭 Reasoning: To test the interaction between Draggable and Droppable, we need to navigate to the Draggable page to see the draggable element.
2026-01-20T00:26:24.3517363Z     ➕ Injected AI step: navigate -> https://jqueryui.com/draggable/
2026-01-20T00:26:24.3518065Z   ▶️ [STEP step_2_ai_3] NAVIGATE: https://jqueryui.com/draggable/
2026-01-20T00:26:25.0299618Z     ✅ Navigated to https://jqueryui.com/draggable/
2026-01-20T00:26:25.0300235Z   ▶️ [STEP step_3] CLICK: Draggable
2026-01-20T00:26:25.0470249Z     🔍 Mining locators for: 'Draggable'
2026-01-20T00:26:25.1670734Z     ✅ Found 6 verified locators
2026-01-20T00:26:28.7240030Z     ✅ State transitioned.
2026-01-20T00:26:28.7334433Z     🔄 Revisited state detected (count: 1)
2026-01-20T00:26:31.0072032Z [DEBUG] Sending request to gemini-2.0-flash. Number of parts: 2
2026-01-20T00:26:31.0073054Z [DEBUG] Received response (Length: 287)
2026-01-20T00:26:31.0073758Z     🤖 AI Next Step Suggestion: click -> Droppable
2026-01-20T00:26:31.0074431Z     🧩 Suggested Locator: a[href='https://jqueryui.com/droppable/']
2026-01-20T00:26:31.0075810Z     💭 Reasoning: The goal is to verify the interaction between Draggable and Droppable components. We were on the Draggable page, so now we need to navigate to the Droppable page.
2026-01-20T00:26:31.0076960Z     ➕ Injected AI step: click -> Droppable
2026-01-20T00:26:31.0077422Z   ▶️ [STEP step_3_ai_1] CLICK: Droppable
2026-01-20T00:26:31.0231984Z     🎯 Using AI-provided locator: a[href='https://jqueryui.com/droppable/']
2026-01-20T00:26:31.0293978Z     ✅ Found 1 verified locators
2026-01-20T00:26:35.0869323Z     ✅ State transitioned.
2026-01-20T00:26:35.0976250Z     🔄 Revisited state detected (count: 2)
2026-01-20T00:26:36.9212551Z [DEBUG] Sending request to gemini-2.0-flash. Number of parts: 2
2026-01-20T00:26:36.9213154Z [DEBUG] Received response (Length: 307)
2026-01-20T00:26:36.9213960Z     🤖 AI Next Step Suggestion: navigate -> https://jqueryui.com/draggable/
2026-01-20T00:26:36.9215302Z     💭 Reasoning: The goal is to verify the interaction between Draggable and Droppable. We are currently on the Droppable page and need to navigate to the Draggable page to set up the interaction.
2026-01-20T00:26:36.9216504Z     ➕ Injected AI step: navigate -> https://jqueryui.com/draggable/
2026-01-20T00:26:36.9217119Z   ▶️ [STEP step_3_ai_2] NAVIGATE: https://jqueryui.com/draggable/
2026-01-20T00:26:37.5854441Z     ✅ Navigated to https://jqueryui.com/draggable/
2026-01-20T00:26:37.5855468Z   ▶️ [STEP step_4] ASSERT_URL: 
2026-01-20T00:26:42.6155997Z     ⚠️ Scroll into view failed for text=None. Proceeding anyway.
2026-01-20T00:26:44.6179258Z     ✅ State transitioned.
2026-01-20T00:26:44.6255488Z     🔄 Revisited state detected (count: 3)
2026-01-20T00:26:44.6256240Z     ⚠️ Too many revisits (3). Stopping AI step injection to prevent loops.
2026-01-20T00:26:44.6256740Z   ▶️ [STEP step_5] CLICK: Droppable
2026-01-20T00:26:44.6311058Z     🔍 Mining locators for: 'Droppable'
2026-01-20T00:26:44.7177386Z     ✅ Found 2 verified locators
2026-01-20T00:26:48.2887359Z     ✅ State transitioned.
2026-01-20T00:26:48.2994057Z     🔄 Revisited state detected (count: 4)
2026-01-20T00:26:48.2995004Z     ⚠️ Too many revisits (4). Stopping AI step injection to prevent loops.
2026-01-20T00:26:48.2995716Z   ▶️ [STEP step_6] ASSERT_URL: 
2026-01-20T00:26:53.3255752Z     ⚠️ Scroll into view failed for text=None. Proceeding anyway.
2026-01-20T00:26:55.3278542Z     ✅ State transitioned.
2026-01-20T00:26:55.3369377Z     🔄 Revisited state detected (count: 5)
2026-01-20T00:26:55.3370236Z     ⚠️ Too many revisits (5). Stopping AI step injection to prevent loops.
2026-01-20T00:26:55.3370915Z   ▶️ [STEP step_7] NAVIGATE: 
2026-01-20T00:26:55.9818187Z     ✅ Navigated to https://jqueryui.com/demos/
2026-01-20T00:26:55.9818900Z   ▶️ [STEP step_8] CLICK: Draggable
2026-01-20T00:26:55.9988955Z     🔍 Mining locators for: 'Draggable'
2026-01-20T00:26:56.1184362Z     ✅ Found 2 verified locators
2026-01-20T00:26:59.6856335Z     ✅ State transitioned.
2026-01-20T00:26:59.6950033Z     🔄 Revisited state detected (count: 6)
2026-01-20T00:26:59.6950727Z     ⚠️ Too many revisits (6). Stopping AI step injection to prevent loops.
2026-01-20T00:26:59.6951211Z   ▶️ [STEP step_9] CLICK: Constrain movement
2026-01-20T00:26:59.7107999Z     🔍 Mining locators for: 'Constrain movement'
2026-01-20T00:26:59.8018877Z     ✅ Found 2 verified locators
2026-01-20T00:27:03.3635722Z     ✅ State transitioned.
2026-01-20T00:27:04.9788040Z [DEBUG] Sending request to gemini-2.0-flash. Number of parts: 2
2026-01-20T00:27:04.9788554Z [DEBUG] Received response (Length: 308)
2026-01-20T00:27:04.9789308Z     🤖 AI Next Step Suggestion: click -> Droppable
2026-01-20T00:27:04.9790112Z     🧩 Suggested Locator: a[href='https://jqueryui.com/droppable/']
2026-01-20T00:27:04.9791271Z     💭 Reasoning: The goal is to verify the interaction between Draggable and Droppable components. We are currently on the Draggable page, so navigating to the Droppable page is the next logical step.
2026-01-20T00:27:04.9792469Z     ➕ Injected AI step: click -> Droppable
2026-01-20T00:27:04.9792833Z   ▶️ [STEP step_9_ai_1] CLICK: Droppable
2026-01-20T00:27:04.9851684Z     🎯 Using AI-provided locator: a[href='https://jqueryui.com/droppable/']
2026-01-20T00:27:04.9914127Z     ✅ Found 1 verified locators
2026-01-20T00:27:09.0352972Z     ✅ State transitioned.
2026-01-20T00:27:09.0450655Z     🔄 Revisited state detected (count: 1)
2026-01-20T00:27:10.5318247Z [DEBUG] Sending request to gemini-2.0-flash. Number of parts: 2
2026-01-20T00:27:10.5319042Z [DEBUG] Received response (Length: 244)
2026-01-20T00:27:10.5320416Z     🤖 AI Next Step Suggestion: click -> Draggable
2026-01-20T00:27:10.5321058Z     🧩 Suggested Locator: a[href='https://jqueryui.com/draggable/']
2026-01-20T00:27:10.5322439Z     💭 Reasoning: To explore the Draggable component further and understand its properties before testing the interaction with Droppable.
2026-01-20T00:27:10.5323468Z     ➕ Injected AI step: click -> Draggable
2026-01-20T00:27:10.5323896Z   ▶️ [STEP step_9_ai_2] CLICK: Draggable
2026-01-20T00:27:10.5481994Z     🎯 Using AI-provided locator: a[href='https://jqueryui.com/draggable/']
2026-01-20T00:27:10.5546691Z     ✅ Found 1 verified locators
2026-01-20T00:27:14.6011245Z     ✅ State transitioned.
2026-01-20T00:27:14.6103747Z     🔄 Revisited state detected (count: 2)
2026-01-20T00:27:16.3290156Z [DEBUG] Sending request to gemini-2.0-flash. Number of parts: 2
2026-01-20T00:27:16.3290794Z [DEBUG] Received response (Length: 308)
2026-01-20T00:27:16.3291610Z     🤖 AI Next Step Suggestion: click -> Droppable
2026-01-20T00:27:16.3292593Z     🧩 Suggested Locator: a[href='https://jqueryui.com/droppable/']
2026-01-20T00:27:16.3293674Z     💭 Reasoning: The goal is to verify the interaction between Draggable and Droppable components. We are currently on the Draggable page, so navigating to the Droppable page is the next logical step.
2026-01-20T00:27:16.3294512Z     ➕ Injected AI step: click -> Droppable
2026-01-20T00:27:16.3294842Z   ▶️ [STEP step_9_ai_3] CLICK: Droppable
2026-01-20T00:27:16.3350510Z     🎯 Using AI-provided locator: a[href='https://jqueryui.com/droppable/']
2026-01-20T00:27:16.3409090Z     ✅ Found 1 verified locators
2026-01-20T00:27:20.4026119Z     ✅ State transitioned.
2026-01-20T00:27:20.4124180Z     🔄 Revisited state detected (count: 3)
2026-01-20T00:27:20.4124972Z     ⚠️ Too many revisits (3). Stopping AI step injection to prevent loops.
2026-01-20T00:27:20.4125647Z   ▶️ [STEP step_10] ASSERT_URL: 
2026-01-20T00:27:25.4391774Z     ⚠️ Scroll into view failed for text=None. Proceeding anyway.
2026-01-20T00:27:27.4415193Z     ✅ State transitioned.
2026-01-20T00:27:27.4497808Z     🔄 Revisited state detected (count: 4)
2026-01-20T00:27:27.4498455Z     ⚠️ Too many revisits (4). Stopping AI step injection to prevent loops.
2026-01-20T00:27:27.4498901Z   ▶️ [STEP step_11] NAVIGATE: 
2026-01-20T00:27:28.1001921Z     ✅ Navigated to https://jqueryui.com/demos/
2026-01-20T00:27:28.1003151Z   ▶️ [STEP step_12] CLICK: Droppable
2026-01-20T00:27:28.1168190Z     🔍 Mining locators for: 'Droppable'
2026-01-20T00:27:28.2353606Z     ✅ Found 2 verified locators
2026-01-20T00:27:31.8065800Z     ✅ State transitioned.
2026-01-20T00:27:31.8159883Z     🔄 Revisited state detected (count: 5)
2026-01-20T00:27:31.8160791Z     ⚠️ Too many revisits (5). Stopping AI step injection to prevent loops.
2026-01-20T00:27:31.8161571Z   ▶️ [STEP step_13] CLICK: Shopping Cart Demo
2026-01-20T00:27:31.8321938Z     🔍 Mining locators for: 'Shopping Cart Demo'
2026-01-20T00:27:31.8986714Z     🧠 Consulting AI (Vision-First) to find 'Shopping Cart Demo'...
2026-01-20T00:27:31.8987400Z     🔍 Trying smart selectors for 'Shopping Cart Demo'...
2026-01-20T00:27:32.0185900Z     🔍 [SMART] Searching for: 'Shopping Cart Demo' (trying 15+ strategies)
2026-01-20T00:27:32.0187287Z     ⚠️ Smart selectors failed (no unique match). Falling back to AI Vision...
2026-01-20T00:27:32.0189505Z     🧠 [EXPERT] Strategy: Act as Senior SDET focusing on exploring the application to understand functional flow and identifying critical paths for end-to-end automation.
2026-01-20T00:27:33.5576864Z [DEBUG] Sending request to gemini-2.0-flash. Number of parts: 2
2026-01-20T00:27:33.5577506Z [DEBUG] Received response (Length: 230)
2026-01-20T00:27:33.5578331Z     💡 Expert Suggestion: The 'Shopping Cart Demo' is likely located within the Demos section of the jQuery UI website.
2026-01-20T00:27:33.5578988Z     🛠️ Executing corrective action: click -> 'Demos'
2026-01-20T00:27:34.2842747Z     ✅ Executed corrective navigation
2026-01-20T00:27:36.2866116Z     🔄 Retry 1/3 mining locators for 'Shopping Cart Demo'...
2026-01-20T00:27:37.3676976Z     🧠 Consulting AI (Vision-First) to find 'Shopping Cart Demo'...
2026-01-20T00:27:37.3677610Z     🔍 Trying smart selectors for 'Shopping Cart Demo'...
2026-01-20T00:27:37.4905749Z     🔍 [SMART] Searching for: 'Shopping Cart Demo' (trying 15+ strategies)
2026-01-20T00:27:37.4906769Z     ⚠️ Smart selectors failed (no unique match). Falling back to AI Vision...
2026-01-20T00:27:37.4907718Z     🧠 [EXPERT] Strategy: Act as Senior SDET focusing on exploring the application to understand functional flow and identifying critical paths for end-to-end automation.
2026-01-20T00:27:38.9206791Z [DEBUG] Sending request to gemini-2.0-flash. Number of parts: 2
2026-01-20T00:27:38.9207198Z [DEBUG] Received response (Length: 230)
2026-01-20T00:27:38.9207716Z     ⚠️ Skipping duplicate injection: Demos
2026-01-20T00:27:38.9208155Z     🔄 Retry 2/3 mining locators for 'Shopping Cart Demo'...
2026-01-20T00:27:39.9220247Z     🗑️ Invalidating stale AI cache (retry 2)...
2026-01-20T00:27:40.0328908Z     🧠 Consulting AI (Vision-First) to find 'Shopping Cart Demo'...
2026-01-20T00:27:40.0329605Z     🔍 Trying smart selectors for 'Shopping Cart Demo'...
2026-01-20T00:27:40.1427255Z     🔍 [SMART] Searching for: 'Shopping Cart Demo' (trying 15+ strategies)
2026-01-20T00:27:40.1429194Z     ⚠️ Smart selectors failed (no unique match). Falling back to AI Vision...
2026-01-20T00:27:40.1431541Z     🧠 [EXPERT] Strategy: Act as Senior SDET focusing on exploring the application to understand functional flow and identifying critical paths for end-to-end automation.
2026-01-20T00:27:40.1436158Z [CACHE HIT] e68cb4f9... (hits: 3, misses: 42)
2026-01-20T00:27:40.1436998Z     ⚠️ Skipping duplicate injection: Demos
2026-01-20T00:27:40.1488194Z     🧠 Verifying step validity for 'Shopping Cart Demo' after no candidates found...
2026-01-20T00:27:44.0251982Z [DEBUG] Sending request to gemini-2.0-flash. Number of parts: 2
2026-01-20T00:27:44.0253117Z [DEBUG] Received response (Length: 186)
2026-01-20T00:27:44.0255358Z     🗑️ Step deemed INVALID: The text 'Shopping Cart Demo' is not visible in the current page. It is likely that the element does not exist on this page.. Removing from workflow.
2026-01-20T00:27:44.0257435Z     ⏭️ Skipping execution of invalid step: Shopping Cart Demo
2026-01-20T00:27:44.0258294Z   ▶️ [STEP step_14] ASSERT_URL: 
2026-01-20T00:27:49.0418470Z     ⚠️ Scroll into view failed for text=None. Proceeding anyway.
2026-01-20T00:27:51.0441731Z     ✅ State transitioned.
2026-01-20T00:27:52.7447140Z [DEBUG] Sending request to gemini-2.0-flash. Number of parts: 2
2026-01-20T00:27:52.7448040Z [DEBUG] Received response (Length: 353)
2026-01-20T00:27:52.7449087Z     🤖 AI Next Step Suggestion: click -> Draggable
2026-01-20T00:27:52.7450118Z     🧩 Suggested Locator: a[href='https://jqueryui.com/draggable/']
2026-01-20T00:27:52.7453654Z     💭 Reasoning: The goal is to verify the interaction between Draggable and Droppable components. We have clicked on Droppable and some options related to it. Now, we should go to Draggable to continue exploring the interaction between the two.
2026-01-20T00:27:52.7456052Z     ➕ Injected AI step: click -> Draggable
2026-01-20T00:27:52.7456989Z   ▶️ [STEP step_14_ai_1] CLICK: Draggable
2026-01-20T00:27:52.7510666Z     🎯 Using AI-provided locator: a[href='https://jqueryui.com/draggable/']
2026-01-20T00:27:52.7568341Z     ✅ Found 1 verified locators
2026-01-20T00:27:56.8183114Z     ✅ State transitioned.
2026-01-20T00:27:56.8276975Z     🔄 Revisited state detected (count: 1)
2026-01-20T00:27:58.5630659Z [DEBUG] Sending request to gemini-2.0-flash. Number of parts: 2
2026-01-20T00:27:58.5631383Z [DEBUG] Received response (Length: 333)
2026-01-20T00:27:58.5632102Z     🤖 AI Next Step Suggestion: click -> Droppable
2026-01-20T00:27:58.5632943Z     🧩 Suggested Locator: a[href='https://jqueryui.com/droppable/']
2026-01-20T00:27:58.5634397Z     💭 Reasoning: The goal is to verify the interaction between Draggable and Droppable components. We are currently on the Draggable page, so the next logical step is to navigate to the Droppable page to test the interaction.
2026-01-20T00:27:58.5635912Z     ➕ Injected AI step: click -> Droppable
2026-01-20T00:27:58.5636334Z   ▶️ [STEP step_14_ai_2] CLICK: Droppable
2026-01-20T00:27:58.5787751Z     🎯 Using AI-provided locator: a[href='https://jqueryui.com/droppable/']
2026-01-20T00:27:58.5847983Z     ✅ Found 1 verified locators
2026-01-20T00:28:02.6343479Z     ✅ State transitioned.
2026-01-20T00:28:02.6441416Z     🔄 Revisited state detected (count: 2)
2026-01-20T00:28:04.0798872Z [DEBUG] Sending request to gemini-2.0-flash. Number of parts: 2
2026-01-20T00:28:04.0799518Z [DEBUG] Received response (Length: 266)
2026-01-20T00:28:04.0800489Z     🤖 AI Next Step Suggestion: navigate -> https://jqueryui.com/draggable/
2026-01-20T00:28:04.0801416Z     💭 Reasoning: To test the interaction between Draggable and Droppable, we need to navigate to the Draggable page to interact with the draggable element.
2026-01-20T00:28:04.0802439Z     ➕ Injected AI step: navigate -> https://jqueryui.com/draggable/
2026-01-20T00:28:04.0802939Z   ▶️ [STEP step_14_ai_3] NAVIGATE: https://jqueryui.com/draggable/
2026-01-20T00:28:04.7549786Z     ✅ Navigated to https://jqueryui.com/draggable/
2026-01-20T00:28:06.7909259Z 
2026-01-20T00:28:06.7910594Z [3/3] Exploring Scenario: ThemeRoller Customization Test
2026-01-20T00:28:06.7913402Z     🧠 Initialized exploration context for goal: 'Test the ThemeRoller functionality by customizing a theme and verifying the changes are applied to the UI components.'
2026-01-20T00:28:06.7914823Z     🎯 Scenario: ThemeRoller Customization Test
2026-01-20T00:28:06.7915432Z   ▶️ [STEP step_1] NAVIGATE: 
2026-01-20T00:28:07.5611533Z     ✅ Navigated to https://jqueryui.com/demos/
2026-01-20T00:28:07.5612448Z   ▶️ [STEP step_2] ASSERT_URL: 
2026-01-20T00:28:12.5890673Z     ⚠️ Scroll into view failed for text=None. Proceeding anyway.
2026-01-20T00:28:14.5913350Z     ✅ State transitioned.
2026-01-20T00:28:16.4037651Z [DEBUG] Sending request to gemini-2.0-flash. Number of parts: 2
2026-01-20T00:28:16.4038171Z [DEBUG] Received response (Length: 286)
2026-01-20T00:28:16.4038867Z     🤖 AI Next Step Suggestion: navigate -> Themes
2026-01-20T00:28:16.4039357Z     🧩 Suggested Locator: a[href='https://jqueryui.com/themeroller/']
2026-01-20T00:28:16.4040213Z     💭 Reasoning: To test the ThemeRoller functionality, I need to navigate to the ThemeRoller page. The 'Themes' link in the navigation bar will take me there.
2026-01-20T00:28:16.4040922Z     ➕ Injected AI step: navigate -> Themes
2026-01-20T00:28:16.4041253Z   ▶️ [STEP step_2_ai_1] NAVIGATE: Themes
2026-01-20T00:28:16.9108276Z     ❌ Navigation failed to Themes: Page.goto: Protocol error (Page.navigate): Cannot navigate to invalid URL
2026-01-20T00:28:16.9108934Z Call log:
2026-01-20T00:28:16.9109266Z   - navigating to "Themes", waiting until "domcontentloaded"
2026-01-20T00:28:16.9109627Z 
2026-01-20T00:28:16.9110122Z     ⚠️ Critical step failure: Page.goto: Protocol error (Page.navigate): Cannot navigate to invalid URL
2026-01-20T00:28:16.9110738Z Call log:
2026-01-20T00:28:16.9110950Z   - navigating t
2026-01-20T00:28:16.9111563Z   ▶️ [STEP step_3] CLICK: ThemeRoller
2026-01-20T00:28:16.9170190Z     🔍 Mining locators for: 'ThemeRoller'
2026-01-20T00:28:17.0471547Z     🧠 Consulting AI (Vision-First) to find 'ThemeRoller'...
2026-01-20T00:28:17.0472039Z     🔍 Trying smart selectors for 'ThemeRoller'...
2026-01-20T00:28:17.1308325Z     🔍 [SMART] Searching for: 'ThemeRoller' (trying 15+ strategies)
2026-01-20T00:28:17.1309232Z     ⚠️ Smart selectors failed (no unique match). Falling back to AI Vision...
2026-01-20T00:28:17.1310185Z     🧠 [EXPERT] Strategy: Act as Senior SDET focusing on exploring the application to understand functional flow and identifying critical paths for end-to-end automation.
2026-01-20T00:28:21.1699483Z [DEBUG] Sending request to gemini-2.0-flash. Number of parts: 2
2026-01-20T00:28:21.1700126Z [DEBUG] Received response (Length: 187)
2026-01-20T00:28:21.1701037Z     💡 Expert Suggestion: ThemeRoller is likely under the 'Themes' section.
2026-01-20T00:28:21.1701526Z     🛠️ Executing corrective action: click -> 'Themes'
2026-01-20T00:28:21.7690863Z     ✅ Executed corrective navigation
2026-01-20T00:28:23.7714247Z     🔄 Retry 1/3 mining locators for 'ThemeRoller'...
2026-01-20T00:28:24.8478505Z     🧠 Consulting AI (Vision-First) to find 'ThemeRoller'...
2026-01-20T00:28:24.8478992Z     🔍 Trying smart selectors for 'ThemeRoller'...
2026-01-20T00:28:24.9281790Z     🔍 [SMART] Searching for: 'ThemeRoller' (trying 15+ strategies)
2026-01-20T00:28:24.9283321Z     ⚠️ Smart selectors failed (no unique match). Falling back to AI Vision...
2026-01-20T00:28:24.9285704Z     🧠 [EXPERT] Strategy: Act as Senior SDET focusing on exploring the application to understand functional flow and identifying critical paths for end-to-end automation.
2026-01-20T00:28:24.9290617Z [CACHE HIT] 0a90f452... (hits: 4, misses: 48)
2026-01-20T00:28:24.9291164Z     ⚠️ Skipping duplicate injection: Themes
2026-01-20T00:28:24.9291594Z     🔄 Retry 2/3 mining locators for 'ThemeRoller'...
2026-01-20T00:28:25.9305050Z     🗑️ Invalidating stale AI cache (retry 2)...
2026-01-20T00:28:25.9972971Z     🧠 Consulting AI (Vision-First) to find 'ThemeRoller'...
2026-01-20T00:28:25.9973557Z     🔍 Trying smart selectors for 'ThemeRoller'...
2026-01-20T00:28:26.0856857Z     🔍 [SMART] Searching for: 'ThemeRoller' (trying 15+ strategies)
2026-01-20T00:28:26.0857792Z     ⚠️ Smart selectors failed (no unique match). Falling back to AI Vision...
2026-01-20T00:28:26.0858923Z     🧠 [EXPERT] Strategy: Act as Senior SDET focusing on exploring the application to understand functional flow and identifying critical paths for end-to-end automation.
2026-01-20T00:28:26.0863598Z [CACHE HIT] 0a90f452... (hits: 5, misses: 48)
2026-01-20T00:28:26.0864320Z     ⚠️ Skipping duplicate injection: Themes
2026-01-20T00:28:26.0864815Z     🧠 Verifying step validity for 'ThemeRoller' after no candidates found...
2026-01-20T00:28:27.6968749Z [DEBUG] Sending request to gemini-2.0-flash. Number of parts: 2
2026-01-20T00:28:27.6969555Z [DEBUG] Received response (Length: 288)
2026-01-20T00:28:27.6972667Z     🗑️ Step deemed INVALID: The 'ThemeRoller' is not directly visible on the Demos page. The text 'build a theme' is present, which links to the ThemeRoller, but the task asks to locate 'ThemeRoller' itself. Therefore, the step is not valid on this page.. Removing from workflow.
2026-01-20T00:28:27.6974205Z     ⏭️ Skipping execution of invalid step: ThemeRoller
2026-01-20T00:28:27.6974654Z   ▶️ [STEP step_4] ASSERT_URL: 
2026-01-20T00:28:32.7118182Z     ⚠️ Scroll into view failed for text=None. Proceeding anyway.
2026-01-20T00:28:34.7140615Z     ✅ State transitioned.
2026-01-20T00:28:36.4355411Z [DEBUG] Sending request to gemini-2.0-flash. Number of parts: 2
2026-01-20T00:28:36.4356042Z [DEBUG] Received response (Length: 286)
2026-01-20T00:28:36.4356746Z     🤖 AI Next Step Suggestion: navigate -> Themes
2026-01-20T00:28:36.4357608Z     🧩 Suggested Locator: a[href='https://jqueryui.com/themeroller/']
2026-01-20T00:28:36.4358675Z     💭 Reasoning: To test the ThemeRoller functionality, I need to navigate to the ThemeRoller page. The 'Themes' link in the navigation bar will take me there.
2026-01-20T00:28:36.4359544Z     🔄 Same AI suggestion but state changed (URL or DOM). Resetting loop counter.
2026-01-20T00:28:36.4360003Z     ➕ Injected AI step: navigate -> Themes
2026-01-20T00:28:36.4360336Z   ▶️ [STEP step_4_ai_1] NAVIGATE: Themes
2026-01-20T00:28:36.9430372Z     ❌ Navigation failed to Themes: Page.goto: Protocol error (Page.navigate): Cannot navigate to invalid URL
2026-01-20T00:28:36.9431565Z Call log:
2026-01-20T00:28:36.9432338Z   - navigating to "Themes", waiting until "domcontentloaded"
2026-01-20T00:28:36.9432911Z 
2026-01-20T00:28:36.9433554Z     ⚠️ Critical step failure: Page.goto: Protocol error (Page.navigate): Cannot navigate to invalid URL
2026-01-20T00:28:36.9434206Z Call log:
2026-01-20T00:28:36.9434476Z   - navigating t
2026-01-20T00:28:36.9434821Z   ▶️ [STEP step_5] FILL: bgColorHeader
2026-01-20T00:28:36.9489705Z     🔍 Mining locators for: 'bgColorHeader'
2026-01-20T00:28:37.0646749Z     🧠 Consulting AI (Vision-First) to find 'bgColorHeader'...
2026-01-20T00:28:37.0647870Z     🔍 Trying smart selectors for 'bgColorHeader'...
2026-01-20T00:28:37.1431535Z     🔍 [SMART] Searching for: 'bgColorHeader' (trying 15+ strategies)
2026-01-20T00:28:37.1432643Z     ⚠️ Smart selectors failed (no unique match). Falling back to AI Vision...
2026-01-20T00:28:37.1433611Z     🧠 [EXPERT] Strategy: Act as Senior SDET focusing on exploring the application to understand functional flow and identifying critical paths for end-to-end automation.
2026-01-20T00:28:41.2803840Z [DEBUG] Sending request to gemini-2.0-flash. Number of parts: 2
2026-01-20T00:28:41.2804728Z [DEBUG] Received response (Length: 246)
2026-01-20T00:28:41.2806742Z     💡 Expert Suggestion: The 'bgColorHeader' might be a theme-related setting, so navigating to the 'Themes' section could reveal it.
2026-01-20T00:28:41.2808746Z     🛠️ Executing corrective action: click -> 'Themes'
2026-01-20T00:28:41.8746276Z     ✅ Executed corrective navigation
2026-01-20T00:28:43.8769866Z     🔄 Retry 1/3 mining locators for 'bgColorHeader'...
2026-01-20T00:28:44.9640498Z     🧠 Consulting AI (Vision-First) to find 'bgColorHeader'...
2026-01-20T00:28:44.9641343Z     🔍 Trying smart selectors for 'bgColorHeader'...
2026-01-20T00:28:45.0452406Z     🔍 [SMART] Searching for: 'bgColorHeader' (trying 15+ strategies)
2026-01-20T00:28:45.0453373Z     ⚠️ Smart selectors failed (no unique match). Falling back to AI Vision...
2026-01-20T00:28:45.0454725Z     🧠 [EXPERT] Strategy: Act as Senior SDET focusing on exploring the application to understand functional flow and identifying critical paths for end-to-end automation.
2026-01-20T00:28:45.0458292Z [CACHE HIT] 40b6d0a1... (hits: 6, misses: 51)
2026-01-20T00:28:45.0459056Z     ⚠️ Skipping duplicate injection: Themes
2026-01-20T00:28:45.0459722Z     🔄 Retry 2/3 mining locators for 'bgColorHeader'...
2026-01-20T00:28:46.0473102Z     🗑️ Invalidating stale AI cache (retry 2)...
2026-01-20T00:28:46.1300268Z     🧠 Consulting AI (Vision-First) to find 'bgColorHeader'...
2026-01-20T00:28:46.1300944Z     🔍 Trying smart selectors for 'bgColorHeader'...
2026-01-20T00:28:46.2105414Z     🔍 [SMART] Searching for: 'bgColorHeader' (trying 15+ strategies)
2026-01-20T00:28:46.2106447Z     ⚠️ Smart selectors failed (no unique match). Falling back to AI Vision...
2026-01-20T00:28:46.2107785Z     🧠 [EXPERT] Strategy: Act as Senior SDET focusing on exploring the application to understand functional flow and identifying critical paths for end-to-end automation.
2026-01-20T00:28:46.2111365Z [CACHE HIT] 40b6d0a1... (hits: 7, misses: 51)
2026-01-20T00:28:46.2112309Z     ⚠️ Skipping duplicate injection: Themes
2026-01-20T00:28:46.2113053Z     🧠 Verifying step validity for 'bgColorHeader' after no candidates found...
2026-01-20T00:28:47.6314038Z [DEBUG] Sending request to gemini-2.0-flash. Number of parts: 2
2026-01-20T00:28:47.6315058Z [DEBUG] Received response (Length: 237)
2026-01-20T00:28:47.6316803Z     🗑️ Step deemed INVALID: The element 'bgColorHeader' is not visible on the current page. It's likely related to a specific demo within the jQuery UI demos, and we are currently on the main demos page.. Removing from workflow.
2026-01-20T00:28:47.6318100Z     ⏭️ Skipping execution of invalid step: bgColorHeader
2026-01-20T00:28:47.6318552Z   ▶️ [STEP step_6] CLICK: Preview Changes
2026-01-20T00:28:47.6370899Z     🔍 Mining locators for: 'Preview Changes'
2026-01-20T00:28:47.6958988Z     🧠 Consulting AI (Vision-First) to find 'Preview Changes'...
2026-01-20T00:28:47.6959612Z     🔍 Trying smart selectors for 'Preview Changes'...
2026-01-20T00:28:47.8051387Z     🔍 [SMART] Searching for: 'Preview Changes' (trying 15+ strategies)
2026-01-20T00:28:47.8052467Z     ⚠️ Smart selectors failed (no unique match). Falling back to AI Vision...
2026-01-20T00:28:47.8053454Z     🧠 [EXPERT] Strategy: Act as Senior SDET focusing on exploring the application to understand functional flow and identifying critical paths for end-to-end automation.
2026-01-20T00:28:52.7397401Z [DEBUG] Sending request to gemini-2.0-flash. Number of parts: 2
2026-01-20T00:28:52.7398297Z [DEBUG] Received response (Length: 296)
2026-01-20T00:28:52.7400678Z     💡 Expert Suggestion: The 'Preview Changes' functionality is likely related to themes or customization options. Navigating to the 'Themes' section might reveal the desired element.
2026-01-20T00:28:52.7403084Z     🛠️ Executing corrective action: click -> 'Themes'
2026-01-20T00:28:53.3760128Z     ✅ Executed corrective navigation
2026-01-20T00:28:55.3783383Z     🔄 Retry 1/3 mining locators for 'Preview Changes'...
2026-01-20T00:28:56.4464787Z     🧠 Consulting AI (Vision-First) to find 'Preview Changes'...
2026-01-20T00:28:56.4465292Z     🔍 Trying smart selectors for 'Preview Changes'...
2026-01-20T00:28:56.5485976Z     🔍 [SMART] Searching for: 'Preview Changes' (trying 15+ strategies)
2026-01-20T00:28:56.5487013Z     ⚠️ Smart selectors failed (no unique match). Falling back to AI Vision...
2026-01-20T00:28:56.5488370Z     🧠 [EXPERT] Strategy: Act as Senior SDET focusing on exploring the application to understand functional flow and identifying critical paths for end-to-end automation.
2026-01-20T00:28:56.5491820Z [CACHE HIT] cb43382a... (hits: 8, misses: 53)
2026-01-20T00:28:56.5492750Z     ⚠️ Skipping duplicate injection: Themes
2026-01-20T00:28:56.5493385Z     🔄 Retry 2/3 mining locators for 'Preview Changes'...
2026-01-20T00:28:57.5506445Z     🗑️ Invalidating stale AI cache (retry 2)...
2026-01-20T00:28:57.6133402Z     🧠 Consulting AI (Vision-First) to find 'Preview Changes'...
2026-01-20T00:28:57.6134054Z     🔍 Trying smart selectors for 'Preview Changes'...
2026-01-20T00:28:57.7156538Z     🔍 [SMART] Searching for: 'Preview Changes' (trying 15+ strategies)
2026-01-20T00:28:57.7157684Z     ⚠️ Smart selectors failed (no unique match). Falling back to AI Vision...
2026-01-20T00:28:57.7159080Z     🧠 [EXPERT] Strategy: Act as Senior SDET focusing on exploring the application to understand functional flow and identifying critical paths for end-to-end automation.
2026-01-20T00:28:57.7162082Z [CACHE HIT] cb43382a... (hits: 9, misses: 53)
2026-01-20T00:28:57.7163023Z     ⚠️ Skipping duplicate injection: Themes
2026-01-20T00:28:57.7163800Z     🧠 Verifying step validity for 'Preview Changes' after no candidates found...
2026-01-20T00:28:59.3188006Z [DEBUG] Sending request to gemini-2.0-flash. Number of parts: 2
2026-01-20T00:28:59.3188765Z [DEBUG] Received response (Length: 343)
2026-01-20T00:28:59.3191689Z     🗑️ Step deemed INVALID: The text "Preview Changes" is not visible on the current page. The page displays the jQuery UI Demos page, which lists available interactions and widgets. It's likely that the intended interaction target is located within a specific demo page, not on the main demos listing page.. Removing from workflow.
2026-01-20T00:28:59.3194169Z     ⏭️ Skipping execution of invalid step: Preview Changes
2026-01-20T00:28:59.3194642Z   ▶️ [STEP step_7] ASSERT_VISIBLE: Book Now!
2026-01-20T00:28:59.3245833Z     🔍 Mining locators for: 'Book Now!'
2026-01-20T00:28:59.3959153Z     🧠 Consulting AI (Vision-First) to find 'Book Now!'...
2026-01-20T00:28:59.3959731Z     🔍 Trying smart selectors for 'Book Now!'...
2026-01-20T00:28:59.4903863Z     🔍 [SMART] Searching for: 'Book Now!' (trying 15+ strategies)
2026-01-20T00:28:59.4904734Z     ⚠️ Smart selectors failed (no unique match). Falling back to AI Vision...
2026-01-20T00:28:59.4905667Z     🧠 [EXPERT] Strategy: Act as Senior SDET focusing on exploring the application to understand functional flow and identifying critical paths for end-to-end automation.
2026-01-20T00:29:04.2901298Z [DEBUG] Sending request to gemini-2.0-flash. Number of parts: 2
2026-01-20T00:29:04.2901716Z [DEBUG] Received response (Length: 216)
2026-01-20T00:29:04.2902664Z     💡 Expert Suggestion: The 'Book Now!' button is likely to be found within one of the jQuery UI Demos.
2026-01-20T00:29:04.2903306Z     🛠️ Executing corrective action: click -> 'Demos'
2026-01-20T00:29:04.9230881Z     ✅ Executed corrective navigation
2026-01-20T00:29:06.9254306Z     🔄 Retry 1/3 mining locators for 'Book Now!'...
2026-01-20T00:29:07.9958413Z     🧠 Consulting AI (Vision-First) to find 'Book Now!'...
2026-01-20T00:29:07.9958997Z     🔍 Trying smart selectors for 'Book Now!'...
2026-01-20T00:29:08.0899889Z     🔍 [SMART] Searching for: 'Book Now!' (trying 15+ strategies)
2026-01-20T00:29:08.0900731Z     ⚠️ Smart selectors failed (no unique match). Falling back to AI Vision...
2026-01-20T00:29:08.0901683Z     🧠 [EXPERT] Strategy: Act as Senior SDET focusing on exploring the application to understand functional flow and identifying critical paths for end-to-end automation.
2026-01-20T00:29:08.0906256Z [CACHE HIT] ab41b449... (hits: 10, misses: 55)
2026-01-20T00:29:08.0906973Z     ⚠️ Skipping duplicate injection: Demos
2026-01-20T00:29:08.0907402Z     🔄 Retry 2/3 mining locators for 'Book Now!'...
2026-01-20T00:29:09.0920171Z     🗑️ Invalidating stale AI cache (retry 2)...
2026-01-20T00:29:09.1618046Z     🧠 Consulting AI (Vision-First) to find 'Book Now!'...
2026-01-20T00:29:09.1618824Z     🔍 Trying smart selectors for 'Book Now!'...
2026-01-20T00:29:09.2524263Z     🔍 [SMART] Searching for: 'Book Now!' (trying 15+ strategies)
2026-01-20T00:29:09.2525250Z     ⚠️ Smart selectors failed (no unique match). Falling back to AI Vision...
2026-01-20T00:29:09.2527608Z     🧠 [EXPERT] Strategy: Act as Senior SDET focusing on exploring the application to understand functional flow and identifying critical paths for end-to-end automation.
2026-01-20T00:29:09.2532813Z [CACHE HIT] ab41b449... (hits: 11, misses: 55)
2026-01-20T00:29:09.2533483Z     ⚠️ Skipping duplicate injection: Demos
2026-01-20T00:29:09.2534273Z     🧠 Verifying step validity for 'Book Now!' after no candidates found...
2026-01-20T00:29:10.6600261Z [DEBUG] Sending request to gemini-2.0-flash. Number of parts: 2
2026-01-20T00:29:10.6600766Z [DEBUG] Received response (Length: 192)
2026-01-20T00:29:10.6601963Z     🗑️ Step deemed INVALID: "Book Now!" does not appear to exist on the current page (https://jqueryui.com/demos/) based on the provided screenshot and OCR.. Removing from workflow.
2026-01-20T00:29:10.6603192Z     ⏭️ Skipping execution of invalid step: Book Now!
2026-01-20T00:29:12.6966165Z 🗂️  All generated tests written to /home/runner/work/build_qa_automation/build_qa_automation/projects/ci_jquery_ui_demos/tests/generated_scenarios.json
2026-01-20T00:29:12.6967243Z 
2026-01-20T00:29:12.6967545Z 📝 Processing scenario 'Datepicker Functionality Test' with 41 steps
2026-01-20T00:29:12.6968136Z   🔍 Step 2 (click): Found 2 mined locators
2026-01-20T00:29:12.6968690Z       ✅ Kept robust locator (0.80): role=link[name='Datepicker']...
2026-01-20T00:29:12.6969230Z       ✅ Kept robust locator (0.70): text='Datepicker'...
2026-01-20T00:29:12.6969695Z   💾 Saved 2 robust locators (top stability: 0.80)
2026-01-20T00:29:12.6970504Z   🔍 Step 3 (click): Found 2 mined locators
2026-01-20T00:29:12.6971034Z       ✅ Kept robust locator (0.80): role=link[name='Default functionality']...
2026-01-20T00:29:12.6971871Z       ✅ Kept robust locator (0.70): text='Default functionality'...
2026-01-20T00:29:12.6972649Z   💾 Saved 2 robust locators (top stability: 0.80)
2026-01-20T00:29:12.6973088Z   🔍 Step 4 (click): Found 1 mined locators
2026-01-20T00:29:12.6973498Z       ✅ Kept robust locator (0.95): iframe...
2026-01-20T00:29:12.6973920Z   💾 Saved 1 robust locators (top stability: 0.95)
2026-01-20T00:29:12.6974329Z   🔍 Step 5 (click): Found 1 mined locators
2026-01-20T00:29:12.6974864Z       ✅ Kept robust locator (0.70): text=The datepicker is tied to a standard form inp...
2026-01-20T00:29:12.6975477Z   💾 Saved 1 robust locators (top stability: 0.70)
2026-01-20T00:29:12.6975911Z   🔍 Step 6 (click): Found 4 mined locators
2026-01-20T00:29:12.6976428Z       ✅ Kept robust locator (0.80): role=link[name='Datepicker']...
2026-01-20T00:29:12.6976952Z       ✅ Kept robust locator (0.70): text='Datepicker'...
2026-01-20T00:29:12.6977600Z       ✅ Kept robust locator (0.70): text=The datepicker is tied to a standard form inp...
2026-01-20T00:29:12.6978335Z       ✅ Kept robust locator (0.70): text=Want to learn more about the datepicker widge...
2026-01-20T00:29:12.6978883Z   💾 Saved 3 robust locators (top stability: 0.80)
2026-01-20T00:29:12.6979290Z   🔍 Step 8 (click): Found 2 mined locators
2026-01-20T00:29:12.6979825Z       ✅ Kept robust locator (0.80): role=link[name='Show week of the year']...
2026-01-20T00:29:12.6980428Z       ✅ Kept robust locator (0.70): text='Show week of the year'...
2026-01-20T00:29:12.6980907Z   💾 Saved 2 robust locators (top stability: 0.80)
2026-01-20T00:29:12.6981342Z   🔍 Step 9 (click): Found 1 mined locators
2026-01-20T00:29:12.6981763Z       ✅ Kept robust locator (0.95): iframe...
2026-01-20T00:29:12.6982362Z   💾 Saved 1 robust locators (top stability: 0.95)
2026-01-20T00:29:12.6982862Z   🔍 Step 11 (click): Found 1 mined locators
2026-01-20T00:29:12.6983237Z       ✅ Kept robust locator (0.95): input...
2026-01-20T00:29:12.6983661Z   💾 Saved 1 robust locators (top stability: 0.95)
2026-01-20T00:29:12.6984107Z   🔍 Step 12 (fill): Found 4 mined locators
2026-01-20T00:29:12.6984577Z       ✅ Kept robust locator (0.80): role=link[name='Datepicker']...
2026-01-20T00:29:12.6985144Z       ✅ Kept robust locator (0.70): text='Datepicker'...
2026-01-20T00:29:12.6985739Z       ✅ Kept robust locator (0.70): text=The datepicker can show the week of the year....
2026-01-20T00:29:12.6986433Z       ✅ Kept robust locator (0.70): text=Want to learn more about the datepicker widge...
2026-01-20T00:29:12.6987053Z   💾 Saved 3 robust locators (top stability: 0.80)
2026-01-20T00:29:12.6987467Z   🔍 Step 13 (click): Found 1 mined locators
2026-01-20T00:29:12.6987866Z       ✅ Kept robust locator (0.95): iframe...
2026-01-20T00:29:12.6988331Z   💾 Saved 1 robust locators (top stability: 0.95)
2026-01-20T00:29:12.6988760Z   🔍 Step 14 (click): Found 1 mined locators
2026-01-20T00:29:12.6989185Z       ✅ Kept robust locator (0.95): input[name='s']...
2026-01-20T00:29:12.6989637Z   💾 Saved 1 robust locators (top stability: 0.95)
2026-01-20T00:29:12.6990088Z   🔍 Step 15 (assert_visible): Found 4 mined locators
2026-01-20T00:29:12.6990652Z       ✅ Kept robust locator (0.80): role=link[name='Datepicker']...
2026-01-20T00:29:12.6991152Z       ✅ Kept robust locator (0.70): text='Datepicker'...
2026-01-20T00:29:12.6991791Z       ✅ Kept robust locator (0.70): text=The datepicker is tied to a standard form inp...
2026-01-20T00:29:12.6992799Z       ✅ Kept robust locator (0.70): text=Want to learn more about the datepicker widge...
2026-01-20T00:29:12.6993421Z   💾 Saved 3 robust locators (top stability: 0.80)
2026-01-20T00:29:12.6993873Z   🔍 Step 16 (click): Found 1 mined locators
2026-01-20T00:29:12.6994267Z       ✅ Kept robust locator (0.95): input...
2026-01-20T00:29:12.6994682Z   💾 Saved 1 robust locators (top stability: 0.95)
2026-01-20T00:29:12.6995358Z   🔍 Step 18 (click): Found 2 mined locators
2026-01-20T00:29:12.6995851Z       ✅ Kept robust locator (0.80): role=link[name='Datepicker']...
2026-01-20T00:29:12.6996569Z       ✅ Kept robust locator (0.70): text='Datepicker'...
2026-01-20T00:29:12.6997110Z   💾 Saved 2 robust locators (top stability: 0.80)
2026-01-20T00:29:12.6997531Z   🔍 Step 19 (click): Found 2 mined locators
2026-01-20T00:29:12.6998096Z       ✅ Kept robust locator (0.80): role=link[name='Restrict date range']...
2026-01-20T00:29:12.6998650Z       ✅ Kept robust locator (0.70): text='Restrict date range'...
2026-01-20T00:29:12.6999156Z   💾 Saved 2 robust locators (top stability: 0.80)
2026-01-20T00:29:12.6999594Z   🔍 Step 20 (click): Found 1 mined locators
2026-01-20T00:29:12.6999988Z       ✅ Kept robust locator (0.95): input...
2026-01-20T00:29:12.7000392Z   💾 Saved 1 robust locators (top stability: 0.95)
2026-01-20T00:29:12.7000816Z   🔍 Step 22 (fill): Found 3 mined locators
2026-01-20T00:29:12.7001345Z       ✅ Kept robust locator (0.80): role=link[name='Datepicker']...
2026-01-20T00:29:12.7001994Z       ✅ Kept robust locator (0.70): text='Datepicker'...
2026-01-20T00:29:12.7002787Z       ✅ Kept robust locator (0.70): text=Want to learn more about the datepicker widge...
2026-01-20T00:29:12.7003358Z   💾 Saved 3 robust locators (top stability: 0.80)
2026-01-20T00:29:12.7003776Z   🔍 Step 23 (click): Found 1 mined locators
2026-01-20T00:29:12.7004225Z       ✅ Kept robust locator (0.95): input[name='s']...
2026-01-20T00:29:12.7004722Z   💾 Saved 1 robust locators (top stability: 0.95)
2026-01-20T00:29:12.7005137Z   🔍 Step 24 (click): Found 2 mined locators
2026-01-20T00:29:12.7005695Z       ✅ Kept robust locator (0.80): role=link[name='Default functionality']...
2026-01-20T00:29:12.7006343Z       ✅ Kept robust locator (0.70): text='Default functionality'...
2026-01-20T00:29:12.7006876Z   💾 Saved 2 robust locators (top stability: 0.80)
2026-01-20T00:29:12.7007284Z   🔍 Step 25 (click): Found 1 mined locators
2026-01-20T00:29:12.7007738Z       ✅ Kept robust locator (0.95): input[name='s']...
2026-01-20T00:29:12.7008238Z   💾 Saved 1 robust locators (top stability: 0.95)
2026-01-20T00:29:12.7008689Z   🔍 Step 26 (assert_visible): Found 4 mined locators
2026-01-20T00:29:12.7010916Z       ✅ Kept robust locator (0.80): role=link[name='Datepicker']...
2026-01-20T00:29:12.7011607Z       ✅ Kept robust locator (0.70): text='Datepicker'...
2026-01-20T00:29:12.7012728Z       ✅ Kept robust locator (0.70): text=The datepicker is tied to a standard form inp...
2026-01-20T00:29:12.7013684Z       ✅ Kept robust locator (0.70): text=Want to learn more about the datepicker widge...
2026-01-20T00:29:12.7014480Z   💾 Saved 3 robust locators (top stability: 0.80)
2026-01-20T00:29:12.7014974Z   🔍 Step 27 (click): Found 1 mined locators
2026-01-20T00:29:12.7015432Z       ✅ Kept robust locator (0.95): iframe...
2026-01-20T00:29:12.7015899Z   💾 Saved 1 robust locators (top stability: 0.95)
2026-01-20T00:29:12.7016369Z   🔍 Step 29 (click): Found 2 mined locators
2026-01-20T00:29:12.7016867Z       ✅ Kept robust locator (0.80): role=link[name='Datepicker']...
2026-01-20T00:29:12.7017472Z       ✅ Kept robust locator (0.70): text='Datepicker'...
2026-01-20T00:29:12.7017938Z   💾 Saved 2 robust locators (top stability: 0.80)
2026-01-20T00:29:12.7018370Z   🔍 Step 30 (click): Found 2 mined locators
2026-01-20T00:29:12.7018930Z       ✅ Kept robust locator (0.80): role=link[name='Display month & year menus']...
2026-01-20T00:29:12.7019581Z       ✅ Kept robust locator (0.70): text='Display month & year menus'...
2026-01-20T00:29:12.7020160Z   💾 Saved 2 robust locators (top stability: 0.80)
2026-01-20T00:29:12.7020582Z   🔍 Step 31 (click): Found 1 mined locators
2026-01-20T00:29:12.7020979Z       ✅ Kept robust locator (0.95): iframe...
2026-01-20T00:29:12.7021400Z   💾 Saved 1 robust locators (top stability: 0.95)
2026-01-20T00:29:12.7021819Z   🔍 Step 33 (click): Found 1 mined locators
2026-01-20T00:29:12.7022536Z       ✅ Kept robust locator (0.95): input...
2026-01-20T00:29:12.7023341Z   💾 Saved 1 robust locators (top stability: 0.95)
2026-01-20T00:29:12.7023806Z   🔍 Step 34 (fill): Found 3 mined locators
2026-01-20T00:29:12.7024449Z       ✅ Kept robust locator (0.80): role=link[name='Datepicker']...
2026-01-20T00:29:12.7025067Z       ✅ Kept robust locator (0.70): text='Datepicker'...
2026-01-20T00:29:12.7025671Z       ✅ Kept robust locator (0.70): text=Want to learn more about the datepicker widge...
2026-01-20T00:29:12.7026245Z   💾 Saved 3 robust locators (top stability: 0.80)
2026-01-20T00:29:12.7026651Z   🔍 Step 35 (click): Found 1 mined locators
2026-01-20T00:29:12.7027101Z       ✅ Kept robust locator (0.95): input[name='s']...
2026-01-20T00:29:12.7027583Z   💾 Saved 1 robust locators (top stability: 0.95)
2026-01-20T00:29:12.7028017Z   🔍 Step 36 (click): Found 2 mined locators
2026-01-20T00:29:12.7028516Z       ✅ Kept robust locator (0.80): role=link[name='Default functionality']...
2026-01-20T00:29:12.7029155Z       ✅ Kept robust locator (0.70): text='Default functionality'...
2026-01-20T00:29:12.7029707Z   💾 Saved 2 robust locators (top stability: 0.80)
2026-01-20T00:29:12.7030129Z   🔍 Step 37 (click): Found 1 mined locators
2026-01-20T00:29:12.7030555Z       ✅ Kept robust locator (0.95): input[name='s']...
2026-01-20T00:29:12.7030997Z   💾 Saved 1 robust locators (top stability: 0.95)
2026-01-20T00:29:12.7031458Z   🔍 Step 38 (fill): Found 1 mined locators
2026-01-20T00:29:12.7031923Z       ✅ Kept robust locator (0.95): input[name='s']...
2026-01-20T00:29:12.7032525Z   💾 Saved 1 robust locators (top stability: 0.95)
2026-01-20T00:29:12.7032927Z   🔍 Step 39 (click): Found 1 mined locators
2026-01-20T00:29:12.7033296Z       ✅ Kept robust locator (0.95): iframe...
2026-01-20T00:29:12.7033710Z   💾 Saved 1 robust locators (top stability: 0.95)
2026-01-20T00:29:12.7034226Z   🔍 Step 40 (assert_visible): Found 4 mined locators
2026-01-20T00:29:12.7034761Z       ✅ Kept robust locator (0.80): role=link[name='Datepicker']...
2026-01-20T00:29:12.7035324Z       ✅ Kept robust locator (0.70): text='Datepicker'...
2026-01-20T00:29:12.7035919Z       ✅ Kept robust locator (0.70): text=The datepicker is tied to a standard form inp...
2026-01-20T00:29:12.7036668Z       ✅ Kept robust locator (0.70): text=Want to learn more about the datepicker widge...
2026-01-20T00:29:12.7037242Z   💾 Saved 3 robust locators (top stability: 0.80)
2026-01-20T00:29:12.7037767Z ✅ Updated scenario 'Datepicker Functionality Test' with 41 validated steps
2026-01-20T00:29:12.7038063Z 
2026-01-20T00:29:12.7038332Z 📝 Processing scenario 'Draggable and Droppable Interaction Test' with 24 steps
2026-01-20T00:29:12.7038766Z   🔍 Step 2 (click): Found 2 mined locators
2026-01-20T00:29:12.7039146Z       ✅ Kept robust locator (0.80): role=link[name='Draggable']...
2026-01-20T00:29:12.7039542Z       ✅ Kept robust locator (0.70): text='Draggable'...
2026-01-20T00:29:12.7039884Z   💾 Saved 2 robust locators (top stability: 0.80)
2026-01-20T00:29:12.7040203Z   🔍 Step 3 (click): Found 1 mined locators
2026-01-20T00:29:12.7040650Z       ✅ Kept robust locator (0.95): a[href='https://jqueryui.com/droppable/']...
2026-01-20T00:29:12.7041231Z   💾 Saved 1 robust locators (top stability: 0.95)
2026-01-20T00:29:12.7041554Z   🔍 Step 5 (click): Found 6 mined locators
2026-01-20T00:29:12.7041917Z       ✅ Kept robust locator (0.80): role=link[name='Draggable']...
2026-01-20T00:29:12.7042605Z       ✅ Kept robust locator (0.80): role=link[name='jQuery UI Draggable + Sortable']...
2026-01-20T00:29:12.7043061Z       ✅ Kept robust locator (0.70): text='Draggable'...
2026-01-20T00:29:12.7043510Z       ✅ Kept robust locator (0.70): text=Enable draggable functionality on any DOM ele...
2026-01-20T00:29:12.7044066Z       ✅ Kept robust locator (0.70): text=Want to learn more about the draggable intera...
2026-01-20T00:29:12.7044575Z       ✅ Kept robust locator (0.70): text=jQuery UI Draggable + Sortable...
2026-01-20T00:29:12.7044996Z   💾 Saved 3 robust locators (top stability: 0.80)
2026-01-20T00:29:12.7045464Z   🔍 Step 6 (click): Found 1 mined locators
2026-01-20T00:29:12.7045877Z       ✅ Kept robust locator (0.95): a[href='https://jqueryui.com/droppable/']...
2026-01-20T00:29:12.7046308Z   💾 Saved 1 robust locators (top stability: 0.95)
2026-01-20T00:29:12.7046625Z   🔍 Step 9 (click): Found 2 mined locators
2026-01-20T00:29:12.7046985Z       ✅ Kept robust locator (0.80): role=link[name='Droppable']...
2026-01-20T00:29:12.7047371Z       ✅ Kept robust locator (0.70): text='Droppable'...
2026-01-20T00:29:12.7047706Z   💾 Saved 2 robust locators (top stability: 0.80)
2026-01-20T00:29:12.7048025Z   🔍 Step 12 (click): Found 2 mined locators
2026-01-20T00:29:12.7048384Z       ✅ Kept robust locator (0.80): role=link[name='Draggable']...
2026-01-20T00:29:12.7048762Z       ✅ Kept robust locator (0.70): text='Draggable'...
2026-01-20T00:29:12.7049091Z   💾 Saved 2 robust locators (top stability: 0.80)
2026-01-20T00:29:12.7049408Z   🔍 Step 13 (click): Found 2 mined locators
2026-01-20T00:29:12.7049806Z       ✅ Kept robust locator (0.80): role=link[name='Constrain movement']...
2026-01-20T00:29:12.7050250Z       ✅ Kept robust locator (0.70): text='Constrain movement'...
2026-01-20T00:29:12.7050626Z   💾 Saved 2 robust locators (top stability: 0.80)
2026-01-20T00:29:12.7050941Z   🔍 Step 14 (click): Found 1 mined locators
2026-01-20T00:29:12.7051355Z       ✅ Kept robust locator (0.95): a[href='https://jqueryui.com/droppable/']...
2026-01-20T00:29:12.7051784Z   💾 Saved 1 robust locators (top stability: 0.95)
2026-01-20T00:29:12.7052097Z   🔍 Step 15 (click): Found 1 mined locators
2026-01-20T00:29:12.7052676Z       ✅ Kept robust locator (0.95): a[href='https://jqueryui.com/draggable/']...
2026-01-20T00:29:12.7053100Z   💾 Saved 1 robust locators (top stability: 0.95)
2026-01-20T00:29:12.7053416Z   🔍 Step 16 (click): Found 1 mined locators
2026-01-20T00:29:12.7053823Z       ✅ Kept robust locator (0.95): a[href='https://jqueryui.com/droppable/']...
2026-01-20T00:29:12.7054250Z   💾 Saved 1 robust locators (top stability: 0.95)
2026-01-20T00:29:12.7054598Z   🔍 Step 19 (click): Found 2 mined locators
2026-01-20T00:29:12.7055264Z       ✅ Kept robust locator (0.80): role=link[name='Droppable']...
2026-01-20T00:29:12.7055837Z       ✅ Kept robust locator (0.70): text='Droppable'...
2026-01-20T00:29:12.7056312Z   💾 Saved 2 robust locators (top stability: 0.80)
2026-01-20T00:29:12.7056774Z   🔍 Step 21 (click): Found 1 mined locators
2026-01-20T00:29:12.7057335Z       ✅ Kept robust locator (0.95): a[href='https://jqueryui.com/draggable/']...
2026-01-20T00:29:12.7058113Z   💾 Saved 1 robust locators (top stability: 0.95)
2026-01-20T00:29:12.7058582Z   🔍 Step 22 (click): Found 1 mined locators
2026-01-20T00:29:12.7059094Z       ✅ Kept robust locator (0.95): a[href='https://jqueryui.com/droppable/']...
2026-01-20T00:29:12.7059525Z   💾 Saved 1 robust locators (top stability: 0.95)
2026-01-20T00:29:12.7059994Z ✅ Updated scenario 'Draggable and Droppable Interaction Test' with 24 validated steps
2026-01-20T00:29:12.7060329Z 
2026-01-20T00:29:12.7060603Z 📝 Processing scenario 'ThemeRoller Customization Test' with 5 steps
2026-01-20T00:29:12.7061496Z ✅ Updated scenario 'ThemeRoller Customization Test' with 5 validated steps
2026-01-20T00:29:12.7062789Z 🔄 Updated workflow.json with discovered steps and locators.
2026-01-20T00:29:12.7063066Z 
2026-01-20T00:29:12.7063197Z ============================================================
2026-01-20T00:29:12.7063772Z 📊 EXPLORER PERFORMANCE SUMMARY
2026-01-20T00:29:12.7064231Z ============================================================
2026-01-20T00:29:12.7064578Z 
2026-01-20T00:29:12.7064800Z 🔍 Locator Mining:
2026-01-20T00:29:12.7065216Z    • Total Locators Mined: 84
2026-01-20T00:29:12.7065721Z    • Filtered Out (Brittle): 0 (0.0%)
2026-01-20T00:29:12.7066277Z    • Saved to Golden Path: 76 (90.5%)
2026-01-20T00:29:12.7066578Z 
2026-01-20T00:29:12.7066791Z ✅ Golden Path Quality:
2026-01-20T00:29:12.7067334Z    🌟 EXCELLENT - 90.5% of mined locators are robust!
2026-01-20T00:29:12.7068023Z 
2026-01-20T00:29:12.7068208Z ============================================================
2026-01-20T00:29:12.7068546Z 
2026-01-20T00:29:12.7068802Z ✅ Deep Exploration Complete.
2026-01-20T00:30:26.0529632Z 
2026-01-20T00:30:26.0530590Z 🚀 [EXECUTE] Starting Automation Execution Engine
2026-01-20T00:30:26.0531241Z 📍 Project: ci_jquery_ui_demos
2026-01-20T00:30:26.0531702Z 🎬 Mode: Headless
2026-01-20T00:30:26.0531911Z 
2026-01-20T00:30:26.0532302Z --- Scenario: Datepicker Functionality Test ---
2026-01-20T00:30:26.0533053Z   ▶️  [STEP step_1] NAVIGATE: NAVIGATE
2026-01-20T00:30:26.0533609Z     ✅ Step step_1 Passed.
2026-01-20T00:30:26.0534093Z   ▶️  [STEP step_2] ASSERT_URL: ASSERT_URL
2026-01-20T00:30:26.0534609Z     ✅ Step step_2 Passed.
2026-01-20T00:30:26.0535124Z   ▶️  [STEP step_2_ai_1] CLICK: Datepicker
2026-01-20T00:30:26.0535754Z     🔍 Trying 2 validated locators from golden path...
2026-01-20T00:30:26.0536668Z     ⚠️  Locator #1 matched 2 elements (need exactly 1): role=link[name='Datepicker']...
2026-01-20T00:30:26.0537738Z     ⚠️  Locator #2 matched 2 elements (need exactly 1): text='Datepicker'...
2026-01-20T00:30:26.0538329Z     ⚠️  All golden path locators failed. Will try text-based fallback.
2026-01-20T00:30:26.0538796Z     ✅ Step step_2_ai_1 Passed.
2026-01-20T00:30:26.0539119Z   ▶️  [STEP step_2_ai_2] CLICK: Default functionality
2026-01-20T00:30:26.0539628Z     🔍 Trying 2 validated locators from golden path...
2026-01-20T00:30:26.0540183Z     ✅ SUCCESS! Locator #1: role=link[name='Default functionality']... (method: unknown, stability: 0.80)
2026-01-20T00:30:26.0541046Z     ✅ Step step_2_ai_2 Passed.
2026-01-20T00:30:26.0541512Z   ▶️  [STEP step_2_ai_3] CLICK: iframe
2026-01-20T00:30:26.0542075Z     🔍 Trying 1 validated locators from golden path...
2026-01-20T00:30:26.0542998Z     ✅ SUCCESS! Locator #1: iframe... (method: unknown, stability: 0.95)
2026-01-20T00:30:26.0543639Z     ✅ Step step_2_ai_3 Passed.
2026-01-20T00:30:26.0544087Z   ▶️  [STEP step_2_ai_4] CLICK: input
2026-01-20T00:30:26.0544668Z     🔍 Trying 1 validated locators from golden path...
2026-01-20T00:30:26.0545582Z     ✅ SUCCESS! Locator #1: text=The datepicker is tied to a standard form input field. ... (method: unknown, stability: 0.70)
2026-01-20T00:30:26.0546394Z     ✅ Step step_2_ai_4 Passed.
2026-01-20T00:30:26.0546670Z   ▶️  [STEP step_3] CLICK: Datepicker
2026-01-20T00:30:26.0547001Z     🔍 Trying 3 validated locators from golden path...
2026-01-20T00:30:26.0547499Z     ✅ SUCCESS! Locator #1: role=link[name='Datepicker']... (method: unknown, stability: 0.80)
2026-01-20T00:30:26.0547933Z     ✅ Step step_3 Passed.
2026-01-20T00:30:26.0548380Z   ▶️  [STEP step_4] ASSERT_URL: ASSERT_URL
2026-01-20T00:30:26.0548672Z     ✅ Step step_4 Passed.
2026-01-20T00:30:26.0548955Z   ▶️  [STEP step_5] CLICK: Show week of the year
2026-01-20T00:30:26.0549302Z     🔍 Trying 2 validated locators from golden path...
2026-01-20T00:30:26.0549830Z     ✅ SUCCESS! Locator #1: role=link[name='Show week of the year']... (method: unknown, stability: 0.80)
2026-01-20T00:30:26.0550299Z     ✅ Step step_5 Passed.
2026-01-20T00:30:26.0550550Z   ▶️  [STEP step_5_ai_1] CLICK: iframe
2026-01-20T00:30:26.0551145Z     🔍 Trying 1 validated locators from golden path...
2026-01-20T00:30:26.0551585Z     ✅ SUCCESS! Locator #1: iframe... (method: unknown, stability: 0.95)
2026-01-20T00:30:26.0551949Z     ✅ Step step_5_ai_1 Passed.
2026-01-20T00:30:26.0552459Z   ▶️  [STEP step_6] ASSERT_URL: ASSERT_URL
2026-01-20T00:30:26.0552741Z     ✅ Step step_6 Passed.
2026-01-20T00:30:26.0552990Z   ▶️  [STEP step_6_ai_1] CLICK: input
2026-01-20T00:30:26.0553308Z     🔍 Trying 1 validated locators from golden path...
2026-01-20T00:30:26.0553714Z     ✅ SUCCESS! Locator #1: input... (method: unknown, stability: 0.95)
2026-01-20T00:30:26.0554069Z     ✅ Step step_6_ai_1 Passed.
2026-01-20T00:30:26.0554332Z   ▶️  [STEP step_7] FILL: datepicker
2026-01-20T00:30:26.0554665Z     🔍 Trying 3 validated locators from golden path...
2026-01-20T00:30:26.0555145Z     ✅ SUCCESS! Locator #1: role=link[name='Datepicker']... (method: unknown, stability: 0.80)
2026-01-20T00:30:26.0555751Z     ✅ Step step_7 Passed.
2026-01-20T00:30:26.0555998Z   ▶️  [STEP step_7_ai_1] CLICK: iframe
2026-01-20T00:30:26.0556320Z     🔍 Trying 1 validated locators from golden path...
2026-01-20T00:30:26.0556732Z     ✅ SUCCESS! Locator #1: iframe... (method: unknown, stability: 0.95)
2026-01-20T00:30:26.0557088Z     ✅ Step step_7_ai_1 Passed.
2026-01-20T00:30:26.0557347Z   ▶️  [STEP step_7_ai_2] CLICK: input
2026-01-20T00:30:26.0557651Z     🔍 Trying 1 validated locators from golden path...
2026-01-20T00:30:26.0558089Z     ✅ SUCCESS! Locator #1: input[name='s']... (method: unknown, stability: 0.95)
2026-01-20T00:30:26.0558471Z     ✅ Step step_7_ai_2 Passed.
2026-01-20T00:30:26.0558749Z   ▶️  [STEP step_8] ASSERT_VISIBLE: datepicker
2026-01-20T00:30:26.0559078Z     🔍 Trying 3 validated locators from golden path...
2026-01-20T00:30:26.0559561Z     ✅ SUCCESS! Locator #1: role=link[name='Datepicker']... (method: unknown, stability: 0.80)
2026-01-20T00:30:26.0560051Z     ✅ Step step_8 Passed.
2026-01-20T00:30:26.0560506Z   ▶️  [STEP step_8_ai_1] CLICK: input
2026-01-20T00:30:26.0560885Z     🔍 Trying 1 validated locators from golden path...
2026-01-20T00:30:26.0561319Z     ✅ SUCCESS! Locator #1: input... (method: unknown, stability: 0.95)
2026-01-20T00:30:26.0561688Z     ✅ Step step_8_ai_1 Passed.
2026-01-20T00:30:26.0562094Z   ▶️  [STEP step_9] NAVIGATE: NAVIGATE
2026-01-20T00:30:26.0562741Z     ✅ Step step_9 Passed.
2026-01-20T00:30:26.0563178Z   ▶️  [STEP step_10] CLICK: Datepicker
2026-01-20T00:30:26.0563788Z     🔍 Trying 2 validated locators from golden path...
2026-01-20T00:30:26.0564498Z     ⚠️  Locator #1 matched 2 elements (need exactly 1): role=link[name='Datepicker']...
2026-01-20T00:30:26.0565095Z     ⚠️  Locator #2 matched 2 elements (need exactly 1): text='Datepicker'...
2026-01-20T00:30:26.0566032Z     ⚠️  All golden path locators failed. Will try text-based fallback.
2026-01-20T00:30:26.0566628Z     ✅ Step step_10 Passed.
2026-01-20T00:30:26.0566940Z   ▶️  [STEP step_11] CLICK: Restrict date range
2026-01-20T00:30:26.0567301Z     🔍 Trying 2 validated locators from golden path...
2026-01-20T00:30:26.0567858Z     ✅ SUCCESS! Locator #1: role=link[name='Restrict date range']... (method: unknown, stability: 0.80)
2026-01-20T00:30:26.0568327Z     ✅ Step step_11 Passed.
2026-01-20T00:30:26.0568575Z   ▶️  [STEP step_11_ai_1] CLICK: input
2026-01-20T00:30:26.0568899Z     🔍 Trying 1 validated locators from golden path...
2026-01-20T00:30:26.0569311Z     ✅ SUCCESS! Locator #1: input... (method: unknown, stability: 0.95)
2026-01-20T00:30:26.0569675Z     ✅ Step step_11_ai_1 Passed.
2026-01-20T00:30:26.0569946Z   ▶️  [STEP step_12] ASSERT_URL: ASSERT_URL
2026-01-20T00:30:26.0570227Z     ✅ Step step_12 Passed.
2026-01-20T00:30:26.0570477Z   ▶️  [STEP step_13] FILL: datepicker
2026-01-20T00:30:26.0570791Z     🔍 Trying 3 validated locators from golden path...
2026-01-20T00:30:26.0571270Z     ✅ SUCCESS! Locator #1: role=link[name='Datepicker']... (method: unknown, stability: 0.80)
2026-01-20T00:30:26.0571944Z     ✅ Step step_13 Passed.
2026-01-20T00:30:26.0572563Z   ▶️  [STEP step_13_ai_1] CLICK: input
2026-01-20T00:30:26.0573342Z     🔍 Trying 1 validated locators from golden path...
2026-01-20T00:30:26.0574131Z     ✅ SUCCESS! Locator #1: input[name='s']... (method: unknown, stability: 0.95)
2026-01-20T00:30:26.0574789Z     ✅ Step step_13_ai_1 Passed.
2026-01-20T00:30:26.0575113Z   ▶️  [STEP step_13_ai_2] CLICK: Default functionality
2026-01-20T00:30:26.0575474Z     🔍 Trying 2 validated locators from golden path...
2026-01-20T00:30:26.0576008Z     ✅ SUCCESS! Locator #1: role=link[name='Default functionality']... (method: unknown, stability: 0.80)
2026-01-20T00:30:26.0576481Z     ✅ Step step_13_ai_2 Passed.
2026-01-20T00:30:26.0576742Z   ▶️  [STEP step_13_ai_3] CLICK: input
2026-01-20T00:30:26.0577059Z     🔍 Trying 1 validated locators from golden path...
2026-01-20T00:30:26.0577497Z     ✅ SUCCESS! Locator #1: input[name='s']... (method: unknown, stability: 0.95)
2026-01-20T00:30:26.0578048Z     ✅ Step step_13_ai_3 Passed.
2026-01-20T00:30:26.0578332Z   ▶️  [STEP step_14] ASSERT_VISIBLE: datepicker
2026-01-20T00:30:26.0578695Z     🔍 Trying 3 validated locators from golden path...
2026-01-20T00:30:26.0579179Z     ✅ SUCCESS! Locator #1: role=link[name='Datepicker']... (method: unknown, stability: 0.80)
2026-01-20T00:30:26.0579604Z     ✅ Step step_14 Passed.
2026-01-20T00:30:26.0579849Z   ▶️  [STEP step_14_ai_1] CLICK: input
2026-01-20T00:30:26.0580161Z     🔍 Trying 1 validated locators from golden path...
2026-01-20T00:30:26.0580572Z     ✅ SUCCESS! Locator #1: iframe... (method: unknown, stability: 0.95)
2026-01-20T00:30:26.0580936Z     ✅ Step step_14_ai_1 Passed.
2026-01-20T00:30:26.0581192Z   ▶️  [STEP step_15] NAVIGATE: NAVIGATE
2026-01-20T00:30:26.0581461Z     ✅ Step step_15 Passed.
2026-01-20T00:30:26.0581707Z   ▶️  [STEP step_16] CLICK: Datepicker
2026-01-20T00:30:26.0582027Z     🔍 Trying 2 validated locators from golden path...
2026-01-20T00:30:26.0582785Z     ⚠️  Locator #1 matched 2 elements (need exactly 1): role=link[name='Datepicker']...
2026-01-20T00:30:26.0583330Z     ⚠️  Locator #2 matched 2 elements (need exactly 1): text='Datepicker'...
2026-01-20T00:30:26.0583804Z     ⚠️  All golden path locators failed. Will try text-based fallback.
2026-01-20T00:30:26.0584158Z     ✅ Step step_16 Passed.
2026-01-20T00:30:26.0584442Z   ▶️  [STEP step_17] CLICK: Display month & year menus
2026-01-20T00:30:26.0584988Z     🔍 Trying 2 validated locators from golden path...
2026-01-20T00:30:26.0585909Z     ✅ SUCCESS! Locator #1: role=link[name='Display month & year menus']... (method: unknown, stability: 0.80)
2026-01-20T00:30:26.0586791Z     ✅ Step step_17 Passed.
2026-01-20T00:30:26.0587199Z   ▶️  [STEP step_17_ai_1] CLICK: input
2026-01-20T00:30:26.0587732Z     🔍 Trying 1 validated locators from golden path...
2026-01-20T00:30:26.0588414Z     ✅ SUCCESS! Locator #1: iframe... (method: unknown, stability: 0.95)
2026-01-20T00:30:26.0589057Z     ✅ Step step_17_ai_1 Passed.
2026-01-20T00:30:26.0589514Z   ▶️  [STEP step_18] ASSERT_URL: ASSERT_URL
2026-01-20T00:30:26.0589981Z     ✅ Step step_18 Passed.
2026-01-20T00:30:26.0590411Z   ▶️  [STEP step_18_ai_1] CLICK: input
2026-01-20T00:30:26.0590950Z     🔍 Trying 1 validated locators from golden path...
2026-01-20T00:30:26.0591650Z     ✅ SUCCESS! Locator #1: input... (method: unknown, stability: 0.95)
2026-01-20T00:30:26.0592468Z     ✅ Step step_18_ai_1 Passed.
2026-01-20T00:30:26.0592916Z   ▶️  [STEP step_19] FILL: datepicker
2026-01-20T00:30:26.0593459Z     🔍 Trying 3 validated locators from golden path...
2026-01-20T00:30:26.0594294Z     ✅ SUCCESS! Locator #1: role=link[name='Datepicker']... (method: unknown, stability: 0.80)
2026-01-20T00:30:26.0595024Z     ✅ Step step_19 Passed.
2026-01-20T00:30:26.0595432Z   ▶️  [STEP step_19_ai_1] CLICK: input
2026-01-20T00:30:26.0595977Z     🔍 Trying 1 validated locators from golden path...
2026-01-20T00:30:26.0596730Z     ✅ SUCCESS! Locator #1: input[name='s']... (method: unknown, stability: 0.95)
2026-01-20T00:30:26.0597616Z     ✅ Step step_19_ai_1 Passed.
2026-01-20T00:30:26.0598119Z   ▶️  [STEP step_19_ai_2] CLICK: Default functionality
2026-01-20T00:30:26.0598904Z     🔍 Trying 2 validated locators from golden path...
2026-01-20T00:30:26.0599831Z     ✅ SUCCESS! Locator #1: role=link[name='Default functionality']... (method: unknown, stability: 0.80)
2026-01-20T00:30:26.0600634Z     ✅ Step step_19_ai_2 Passed.
2026-01-20T00:30:26.0601059Z   ▶️  [STEP step_19_ai_3] CLICK: input
2026-01-20T00:30:26.0601590Z     🔍 Trying 1 validated locators from golden path...
2026-01-20T00:30:26.0602521Z     ✅ SUCCESS! Locator #1: input[name='s']... (method: unknown, stability: 0.95)
2026-01-20T00:30:26.0603161Z     ✅ Step step_19_ai_3 Passed.
2026-01-20T00:30:26.0603563Z   ▶️  [STEP step_19_ai_4] FILL: datepicker
2026-01-20T00:30:26.0604138Z     🔍 Trying 1 validated locators from golden path...
2026-01-20T00:30:26.0604843Z     ✅ SUCCESS! Locator #1: input[name='s']... (method: unknown, stability: 0.95)
2026-01-20T00:30:26.0605264Z     ✅ Step step_19_ai_4 Passed.
2026-01-20T00:31:04.8984958Z   ▶️  [STEP step_19_ai_5] CLICK: input
2026-01-20T00:31:04.8985654Z     🔍 Trying 1 validated locators from golden path...
2026-01-20T00:31:04.8986363Z     ✅ SUCCESS! Locator #1: iframe... (method: unknown, stability: 0.95)
2026-01-20T00:31:04.8986973Z     ✅ Step step_19_ai_5 Passed.
2026-01-20T00:31:04.8987463Z   ▶️  [STEP step_20] ASSERT_VISIBLE: datepicker
2026-01-20T00:31:04.8988006Z     🔍 Trying 3 validated locators from golden path...
2026-01-20T00:31:04.8988799Z     ✅ SUCCESS! Locator #1: role=link[name='Datepicker']... (method: unknown, stability: 0.80)
2026-01-20T00:31:04.8989495Z     ✅ Step step_20 Passed.
2026-01-20T00:31:04.8990048Z ✅ Scenario 'Datepicker Functionality Test' completed successfully!
2026-01-20T00:31:04.8990452Z 
2026-01-20T00:31:04.8990684Z --- Scenario: Draggable and Droppable Interaction Test ---
2026-01-20T00:31:04.8991228Z   ▶️  [STEP step_1] NAVIGATE: NAVIGATE
2026-01-20T00:31:04.8991670Z     ✅ Step step_1 Passed.
2026-01-20T00:31:04.8992079Z   ▶️  [STEP step_2] ASSERT_URL: ASSERT_URL
2026-01-20T00:31:04.8992703Z     ✅ Step step_2 Passed.
2026-01-20T00:31:04.8993107Z   ▶️  [STEP step_2_ai_1] CLICK: Draggable
2026-01-20T00:31:04.8993621Z     🔍 Trying 2 validated locators from golden path...
2026-01-20T00:31:04.8994353Z     ⚠️  Locator #1 matched 2 elements (need exactly 1): role=link[name='Draggable']...
2026-01-20T00:31:04.8995207Z     ⚠️  Locator #2 matched 2 elements (need exactly 1): text='Draggable'...
2026-01-20T00:31:04.8995955Z     ⚠️  All golden path locators failed. Will try text-based fallback.
2026-01-20T00:31:04.8996529Z     ✅ Step step_2_ai_1 Passed.
2026-01-20T00:31:04.8996957Z   ▶️  [STEP step_2_ai_2] CLICK: Droppable
2026-01-20T00:31:04.8997475Z     🔍 Trying 1 validated locators from golden path...
2026-01-20T00:31:04.8998336Z     ✅ SUCCESS! Locator #1: a[href='https://jqueryui.com/droppable/']... (method: unknown, stability: 0.95)
2026-01-20T00:31:04.8999108Z     ✅ Step step_2_ai_2 Passed.
2026-01-20T00:31:04.8999644Z   ▶️  [STEP step_2_ai_3] NAVIGATE: https://jqueryui.com/draggable/
2026-01-20T00:31:04.9000196Z     ✅ Step step_2_ai_3 Passed.
2026-01-20T00:31:04.9000605Z   ▶️  [STEP step_3] CLICK: Draggable
2026-01-20T00:31:04.9001098Z     🔍 Trying 3 validated locators from golden path...
2026-01-20T00:31:04.9001873Z     ✅ SUCCESS! Locator #1: role=link[name='Draggable']... (method: unknown, stability: 0.80)
2026-01-20T00:31:04.9002731Z     ✅ Step step_3 Passed.
2026-01-20T00:31:04.9003146Z   ▶️  [STEP step_3_ai_1] CLICK: Droppable
2026-01-20T00:31:04.9003660Z     🔍 Trying 1 validated locators from golden path...
2026-01-20T00:31:04.9004538Z     ✅ SUCCESS! Locator #1: a[href='https://jqueryui.com/droppable/']... (method: unknown, stability: 0.95)
2026-01-20T00:31:04.9005292Z     ✅ Step step_3_ai_1 Passed.
2026-01-20T00:31:04.9005814Z   ▶️  [STEP step_3_ai_2] NAVIGATE: https://jqueryui.com/draggable/
2026-01-20T00:31:04.9006376Z     ✅ Step step_3_ai_2 Passed.
2026-01-20T00:31:04.9007216Z   ▶️  [STEP step_4] ASSERT_URL: ASSERT_URL
2026-01-20T00:31:04.9007653Z     ✅ Step step_4 Passed.
2026-01-20T00:31:04.9008037Z   ▶️  [STEP step_5] CLICK: Droppable
2026-01-20T00:31:04.9008809Z     🔍 Trying 2 validated locators from golden path...
2026-01-20T00:31:04.9009638Z     ✅ SUCCESS! Locator #1: role=link[name='Droppable']... (method: unknown, stability: 0.80)
2026-01-20T00:31:04.9010318Z     ✅ Step step_5 Passed.
2026-01-20T00:31:04.9010715Z   ▶️  [STEP step_6] ASSERT_URL: ASSERT_URL
2026-01-20T00:31:04.9011140Z     ✅ Step step_6 Passed.
2026-01-20T00:31:04.9011522Z   ▶️  [STEP step_7] NAVIGATE: NAVIGATE
2026-01-20T00:31:04.9011940Z     ✅ Step step_7 Passed.
2026-01-20T00:31:04.9012512Z   ▶️  [STEP step_8] CLICK: Draggable
2026-01-20T00:31:04.9013012Z     🔍 Trying 2 validated locators from golden path...
2026-01-20T00:31:04.9013736Z     ⚠️  Locator #1 matched 2 elements (need exactly 1): role=link[name='Draggable']...
2026-01-20T00:31:04.9014555Z     ⚠️  Locator #2 matched 2 elements (need exactly 1): text='Draggable'...
2026-01-20T00:31:04.9015309Z     ⚠️  All golden path locators failed. Will try text-based fallback.
2026-01-20T00:31:04.9015876Z     ✅ Step step_8 Passed.
2026-01-20T00:31:04.9016277Z   ▶️  [STEP step_9] CLICK: Constrain movement
2026-01-20T00:31:04.9016798Z     🔍 Trying 2 validated locators from golden path...
2026-01-20T00:31:04.9017612Z     ✅ SUCCESS! Locator #1: role=link[name='Constrain movement']... (method: unknown, stability: 0.80)
2026-01-20T00:31:04.9018316Z     ✅ Step step_9 Passed.
2026-01-20T00:31:04.9018715Z   ▶️  [STEP step_9_ai_1] CLICK: Droppable
2026-01-20T00:31:04.9019227Z     🔍 Trying 1 validated locators from golden path...
2026-01-20T00:31:04.9020094Z     ✅ SUCCESS! Locator #1: a[href='https://jqueryui.com/droppable/']... (method: unknown, stability: 0.95)
2026-01-20T00:31:04.9020840Z     ✅ Step step_9_ai_1 Passed.
2026-01-20T00:31:04.9021251Z   ▶️  [STEP step_9_ai_2] CLICK: Draggable
2026-01-20T00:31:04.9021778Z     🔍 Trying 1 validated locators from golden path...
2026-01-20T00:31:04.9022806Z     ✅ SUCCESS! Locator #1: a[href='https://jqueryui.com/draggable/']... (method: unknown, stability: 0.95)
2026-01-20T00:31:04.9023562Z     ✅ Step step_9_ai_2 Passed.
2026-01-20T00:31:04.9023977Z   ▶️  [STEP step_9_ai_3] CLICK: Droppable
2026-01-20T00:31:04.9035980Z     🔍 Trying 1 validated locators from golden path...
2026-01-20T00:31:04.9037003Z     ✅ SUCCESS! Locator #1: a[href='https://jqueryui.com/droppable/']... (method: unknown, stability: 0.95)
2026-01-20T00:31:04.9037790Z     ✅ Step step_9_ai_3 Passed.
2026-01-20T00:31:04.9038237Z   ▶️  [STEP step_10] ASSERT_URL: ASSERT_URL
2026-01-20T00:31:04.9038694Z     ✅ Step step_10 Passed.
2026-01-20T00:31:04.9039098Z   ▶️  [STEP step_11] NAVIGATE: NAVIGATE
2026-01-20T00:31:04.9039522Z     ✅ Step step_11 Passed.
2026-01-20T00:31:04.9039909Z   ▶️  [STEP step_12] CLICK: Droppable
2026-01-20T00:31:04.9040425Z     🔍 Trying 2 validated locators from golden path...
2026-01-20T00:31:04.9041194Z     ⚠️  Locator #1 matched 2 elements (need exactly 1): role=link[name='Droppable']...
2026-01-20T00:31:04.9042037Z     ⚠️  Locator #2 matched 2 elements (need exactly 1): text='Droppable'...
2026-01-20T00:31:04.9044646Z     ⚠️  All golden path locators failed. Will try text-based fallback.
2026-01-20T00:31:04.9045221Z     ✅ Step step_12 Passed.
2026-01-20T00:31:04.9045632Z   ▶️  [STEP step_14] ASSERT_URL: ASSERT_URL
2026-01-20T00:31:04.9046070Z     ✅ Step step_14 Passed.
2026-01-20T00:31:04.9046456Z   ▶️  [STEP step_14_ai_1] CLICK: Draggable
2026-01-20T00:31:04.9046975Z     🔍 Trying 1 validated locators from golden path...
2026-01-20T00:31:04.9047838Z     ✅ SUCCESS! Locator #1: a[href='https://jqueryui.com/draggable/']... (method: unknown, stability: 0.95)
2026-01-20T00:31:04.9048581Z     ✅ Step step_14_ai_1 Passed.
2026-01-20T00:31:04.9048988Z   ▶️  [STEP step_14_ai_2] CLICK: Droppable
2026-01-20T00:31:04.9049493Z     🔍 Trying 1 validated locators from golden path...
2026-01-20T00:31:04.9050586Z     ✅ SUCCESS! Locator #1: a[href='https://jqueryui.com/droppable/']... (method: unknown, stability: 0.95)
2026-01-20T00:31:04.9051353Z     ✅ Step step_14_ai_2 Passed.
2026-01-20T00:31:04.9052077Z   ▶️  [STEP step_14_ai_3] NAVIGATE: https://jqueryui.com/draggable/
2026-01-20T00:31:04.9052830Z     ✅ Step step_14_ai_3 Passed.
2026-01-20T00:31:04.9053437Z ✅ Scenario 'Draggable and Droppable Interaction Test' completed successfully!
2026-01-20T00:31:04.9053917Z 
2026-01-20T00:31:04.9054106Z --- Scenario: ThemeRoller Customization Test ---
2026-01-20T00:31:04.9054604Z   ▶️  [STEP step_1] NAVIGATE: NAVIGATE
2026-01-20T00:31:04.9055030Z     ✅ Step step_1 Passed.
2026-01-20T00:31:04.9055427Z   ▶️  [STEP step_2] ASSERT_URL: ASSERT_URL
2026-01-20T00:31:04.9055859Z     ✅ Step step_2 Passed.
2026-01-20T00:31:04.9056248Z   ▶️  [STEP step_2_ai_1] NAVIGATE: Themes
2026-01-20T00:31:04.9057050Z     ❌ Attempt 1 failed (unknown): Page.goto: Protocol error (Page.navigate): Cannot navigate to invalid URL
2026-01-20T00:31:04.9057750Z Call log:
2026-01-20T00:31:04.9057994Z   - navigating t...
2026-01-20T00:31:04.9058459Z     🔧 [AUTO-HEAL] Re-mining page to find 'Themes'...
2026-01-20T00:31:04.9059013Z [DEBUG] Sending request to gemini-2.0-flash. Number of parts: 2
2026-01-20T00:31:04.9059511Z [DEBUG] Received response (Length: 534)
2026-01-20T00:31:04.9060033Z     ✨ AI heal found 2 alternatives. Validating...
2026-01-20T00:31:04.9060508Z       ❌ Rejected: Element not found
2026-01-20T00:31:04.9061062Z       ❌ Validation error: Locator.count: SyntaxError: Failed to ex
2026-01-20T00:31:04.9061718Z     ⚠️ All AI suggestions failed validation. Using original.
2026-01-20T00:31:04.9062548Z     ❌ AI could not re-locate the element. Waiting 1s before next retry.
2026-01-20T00:31:04.9063489Z     ❌ Attempt 2 failed (unknown): Page.goto: Protocol error (Page.navigate): Cannot navigate to invalid URL
2026-01-20T00:31:04.9064150Z Call log:
2026-01-20T00:31:04.9064399Z   - navigating t...
2026-01-20T00:31:04.9064819Z     🔧 [AUTO-HEAL] Re-mining page to find 'Themes'...
2026-01-20T00:31:04.9065267Z [CACHE HIT] 5e9bd85f... (hits: 1, misses: 1)
2026-01-20T00:31:04.9065739Z     ✨ AI heal found 2 alternatives. Validating...
2026-01-20T00:31:04.9066224Z       ❌ Rejected: Element not found
2026-01-20T00:31:04.9066775Z       ❌ Validation error: Locator.count: SyntaxError: Failed to ex
2026-01-20T00:31:04.9067410Z     ⚠️ All AI suggestions failed validation. Using original.
2026-01-20T00:31:04.9068048Z     ❌ AI could not re-locate the element. Waiting 1s before next retry.
2026-01-20T00:31:04.9068961Z     ❌ Attempt 3 failed (unknown): Page.goto: Protocol error (Page.navigate): Cannot navigate to invalid URL
2026-01-20T00:31:04.9069639Z Call log:
2026-01-20T00:31:04.9069887Z   - navigating t...
2026-01-20T00:31:04.9070287Z     💀 Step step_2_ai_1 failed after all retries.
2026-01-20T00:31:04.9070957Z 🛑 Scenario 'ThemeRoller Customization Test' aborted due to step failure.
2026-01-20T00:31:04.9071383Z 
2026-01-20T00:31:04.9071526Z ============================================================
2026-01-20T00:31:04.9071971Z 🎯 EXECUTION SUMMARY
2026-01-20T00:31:04.9072433Z ============================================================
2026-01-20T00:31:04.9072699Z 
2026-01-20T00:31:04.9072875Z 📋 Scenario Overview:
2026-01-20T00:31:04.9073235Z    • Total Scenarios Planned: 3
2026-01-20T00:31:04.9073675Z    • Scenarios Executed: 3
2026-01-20T00:31:04.9074047Z    • Total Steps Executed: 68
2026-01-20T00:31:04.9074258Z 
2026-01-20T00:31:04.9074387Z ✅ Results:
2026-01-20T00:31:04.9074683Z    ✅ Passed: 2 (66%)
2026-01-20T00:31:04.9074995Z    ❌ Failed: 1 (33%)
2026-01-20T00:31:04.9075156Z 
2026-01-20T00:31:04.9075321Z ⚠️  Failed Scenarios:
2026-01-20T00:31:04.9075679Z    • ThemeRoller Customization Test
2026-01-20T00:31:04.9075931Z 
2026-01-20T00:31:04.9076069Z ============================================================
2026-01-20T00:31:04.9076352Z 
2026-01-20T00:31:04.9077101Z 🏁 Execution Finished. Report: /home/runner/work/build_qa_automation/build_qa_automation/projects/ci_jquery_ui_demos/execution.json
2026-01-20T00:31:04.9078024Z 
2026-01-20T00:31:04.9078164Z ============================================================
2026-01-20T00:31:04.9078642Z 📊 EXECUTOR PERFORMANCE SUMMARY
2026-01-20T00:31:04.9079155Z ============================================================
2026-01-20T00:31:04.9079440Z 
2026-01-20T00:31:04.9079601Z 🎯 Execution Results:
2026-01-20T00:31:04.9079923Z    • Total Steps: 68
2026-01-20T00:31:04.9080283Z    • First-Attempt Success: 67 (98.5%)
2026-01-20T00:31:04.9080701Z    • Required AI Healing: 2 (2.9%)
2026-01-20T00:31:04.9081105Z    • Final Failures: 1 (1.5%)
2026-01-20T00:31:04.9081327Z 
2026-01-20T00:31:04.9081507Z 🛤️  Golden Path Effectiveness:
2026-01-20T00:31:04.9081909Z    • Steps with Mined Locators: 46
2026-01-20T00:31:04.9082508Z    • Golden Path Hits: 40 (87.0%)
2026-01-20T00:31:04.9082894Z    • Golden Path Misses: 6
2026-01-20T00:31:04.9083280Z    • Fallback Used (No Locators): 22
2026-01-20T00:31:04.9083532Z 
2026-01-20T00:31:04.9083708Z 📈 Overall Assessment:
2026-01-20T00:31:04.9084155Z    ✅ GOOD! Most steps following golden path successfully.
2026-01-20T00:31:04.9084483Z 
2026-01-20T00:31:04.9084651Z 🎯 vs Target (100% Flawless):
2026-01-20T00:31:04.9085034Z    📊 Gap: 1.5% from target
2026-01-20T00:31:04.9085455Z    💡 Recommendation: Review 6 golden path misses
2026-01-20T00:31:04.9086072Z    💡 Recommendation: Explorer needs to mine locators for 22 steps
2026-01-20T00:31:04.9086450Z 
2026-01-20T00:31:04.9086593Z ============================================================
2026-01-20T00:31:05.0106736Z 
2026-01-20T00:31:05.0107183Z [PHASE] Running Phase: DISCOVERY
2026-01-20T00:31:05.0108791Z    Command: /opt/hostedtoolcache/Python/3.11.14/x64/bin/python /home/runner/work/build_qa_automation/build_qa_automation/core/agents/discovery.py --project /home/runner/work/build_qa_automation/build_qa_automation/projects/ci_jquery_ui_demos --url https://jqueryui.com/demos/ --deep
2026-01-20T00:31:05.0110540Z ✅ Phase 'discovery' completed successfully.
2026-01-20T00:31:05.0110833Z 
2026-01-20T00:31:05.0110952Z [PHASE] Running Phase: PLANNING
2026-01-20T00:31:05.0112706Z    Command: /opt/hostedtoolcache/Python/3.11.14/x64/bin/python /home/runner/work/build_qa_automation/build_qa_automation/core/agents/planner.py --project /home/runner/work/build_qa_automation/build_qa_automation/projects/ci_jquery_ui_demos --goal Test jQuery UI components --url https://jqueryui.com/demos/ --deep
2026-01-20T00:31:05.0114401Z ✅ Phase 'planning' completed successfully.
2026-01-20T00:31:05.0114648Z 
2026-01-20T00:31:05.0114770Z [PHASE] Running Phase: EXPLORATION
2026-01-20T00:31:05.0116027Z    Command: /opt/hostedtoolcache/Python/3.11.14/x64/bin/python /home/runner/work/build_qa_automation/build_qa_automation/core/agents/deep_explorer.py --project /home/runner/work/build_qa_automation/build_qa_automation/projects/ci_jquery_ui_demos
2026-01-20T00:31:05.0117398Z ✅ Phase 'exploration' completed successfully.
2026-01-20T00:31:05.0117837Z 📊 Exploration Discovery Success Rate: 79.3%
2026-01-20T00:31:05.0118072Z 
2026-01-20T00:31:05.0118182Z [PHASE] Running Phase: EXECUTION
2026-01-20T00:31:05.0119323Z    Command: /opt/hostedtoolcache/Python/3.11.14/x64/bin/python /home/runner/work/build_qa_automation/build_qa_automation/core/agents/executor.py --project /home/runner/work/build_qa_automation/build_qa_automation/projects/ci_jquery_ui_demos
2026-01-20T00:31:05.0120552Z ✅ Phase 'execution' completed successfully.
2026-01-20T00:31:05.0120775Z 
2026-01-20T00:31:05.0120893Z [DONE] Pipeline Execution Finished! [DONE]
2026-01-20T00:31:05.1014009Z ##[group]Run RESULT_FILE="projects/ci_jquery_ui_demos/execution.json"
2026-01-20T00:31:05.1014530Z [36;1mRESULT_FILE="projects/ci_jquery_ui_demos/execution.json"[0m
2026-01-20T00:31:05.1014886Z [36;1mif [ -f "$RESULT_FILE" ]; then[0m
2026-01-20T00:31:05.1015216Z [36;1m  echo "✅ Results generated successfully: $RESULT_FILE"[0m
2026-01-20T00:31:05.1015662Z [36;1m  cat "$RESULT_FILE" | jq '.scenarios | length' || echo "Result file exists"[0m
2026-01-20T00:31:05.1016220Z [36;1melse[0m
2026-01-20T00:31:05.1016454Z [36;1m  echo "❌ No result file found at $RESULT_FILE"[0m
2026-01-20T00:31:05.1016734Z [36;1m  exit 1[0m
2026-01-20T00:31:05.1016916Z [36;1mfi[0m
2026-01-20T00:31:05.1048695Z shell: /usr/bin/bash -e {0}
2026-01-20T00:31:05.1048921Z env:
2026-01-20T00:31:05.1049171Z   pythonLocation: /opt/hostedtoolcache/Python/3.11.14/x64
2026-01-20T00:31:05.1049595Z   PKG_CONFIG_PATH: /opt/hostedtoolcache/Python/3.11.14/x64/lib/pkgconfig
2026-01-20T00:31:05.1050053Z   Python_ROOT_DIR: /opt/hostedtoolcache/Python/3.11.14/x64
2026-01-20T00:31:05.1050418Z   Python2_ROOT_DIR: /opt/hostedtoolcache/Python/3.11.14/x64
2026-01-20T00:31:05.1050783Z   Python3_ROOT_DIR: /opt/hostedtoolcache/Python/3.11.14/x64
2026-01-20T00:31:05.1051146Z   LD_LIBRARY_PATH: /opt/hostedtoolcache/Python/3.11.14/x64/lib
2026-01-20T00:31:05.1051444Z ##[endgroup]
2026-01-20T00:31:05.1103390Z ✅ Results generated successfully: projects/ci_jquery_ui_demos/execution.json
2026-01-20T00:31:05.1129991Z 3
2026-01-20T00:31:05.1191866Z ##[group]Run actions/upload-artifact@v4
2026-01-20T00:31:05.1192393Z with:
2026-01-20T00:31:05.1192597Z   name: jquery_ui_demos-execution-results
2026-01-20T00:31:05.1193034Z   path: projects/ci_jquery_ui_demos/execution.json
projects/ci_jquery_ui_demos/workflow.json

2026-01-20T00:31:05.1193465Z   retention-days: 30
2026-01-20T00:31:05.1193670Z   if-no-files-found: warn
2026-01-20T00:31:05.1193884Z   compression-level: 6
2026-01-20T00:31:05.1194075Z   overwrite: false
2026-01-20T00:31:05.1194268Z   include-hidden-files: false
2026-01-20T00:31:05.1194482Z env:
2026-01-20T00:31:05.1194709Z   pythonLocation: /opt/hostedtoolcache/Python/3.11.14/x64
2026-01-20T00:31:05.1195108Z   PKG_CONFIG_PATH: /opt/hostedtoolcache/Python/3.11.14/x64/lib/pkgconfig
2026-01-20T00:31:05.1195501Z   Python_ROOT_DIR: /opt/hostedtoolcache/Python/3.11.14/x64
2026-01-20T00:31:05.1195856Z   Python2_ROOT_DIR: /opt/hostedtoolcache/Python/3.11.14/x64
2026-01-20T00:31:05.1196239Z   Python3_ROOT_DIR: /opt/hostedtoolcache/Python/3.11.14/x64
2026-01-20T00:31:05.1196608Z   LD_LIBRARY_PATH: /opt/hostedtoolcache/Python/3.11.14/x64/lib
2026-01-20T00:31:05.1196908Z ##[endgroup]
2026-01-20T00:31:05.3349975Z Multiple search paths detected. Calculating the least common ancestor of all paths
2026-01-20T00:31:05.3357623Z The least common ancestor is /home/runner/work/build_qa_automation/build_qa_automation/projects/ci_jquery_ui_demos. This will be the root directory of the artifact
2026-01-20T00:31:05.3359363Z With the provided path, there will be 2 files uploaded
2026-01-20T00:31:05.3364135Z Artifact name is valid!
2026-01-20T00:31:05.3364557Z Root directory input is valid!
2026-01-20T00:31:05.4208619Z Beginning upload of artifact content to blob storage
2026-01-20T00:31:05.4892881Z Uploaded bytes 2790
2026-01-20T00:31:05.5099908Z Finished uploading artifact content to blob storage!
2026-01-20T00:31:05.5103271Z SHA256 digest of uploaded artifact zip is bc86bfc7809772910d7c85192b2adccbd662518b9fa0fc1919529154a30d2b36
2026-01-20T00:31:05.5106173Z Finalizing artifact upload
2026-01-20T00:31:05.5860935Z Artifact jquery_ui_demos-execution-results.zip successfully finalized. Artifact ID 5183283045
2026-01-20T00:31:05.5862872Z Artifact jquery_ui_demos-execution-results has been successfully uploaded! Final size is 2790 bytes. Artifact ID is 5183283045
2026-01-20T00:31:05.5870266Z Artifact download URL: https://github.com/vishvasmca-cmd/build_qa_automation/actions/runs/21154472744/artifacts/5183283045
2026-01-20T00:31:05.5996572Z Post job cleanup.
2026-01-20T00:31:05.7502979Z Cache hit occurred on the primary key setup-python-Linux-x64-24.04-Ubuntu-python-3.11.14-pip-dde08d0e0b672972dcda9f1a063036a2e0c226f5d0a20362e9401931676d80a4, not saving cache.
2026-01-20T00:31:05.7613587Z Post job cleanup.
2026-01-20T00:31:05.8600369Z [command]/usr/bin/git version
2026-01-20T00:31:05.8636434Z git version 2.52.0
2026-01-20T00:31:05.8680475Z Temporarily overriding HOME='/home/runner/work/_temp/687cd491-4494-4f60-afb5-98deaf0746b6' before making global git config changes
2026-01-20T00:31:05.8682073Z Adding repository directory to the temporary git global config as a safe directory
2026-01-20T00:31:05.8695416Z [command]/usr/bin/git config --global --add safe.directory /home/runner/work/build_qa_automation/build_qa_automation
2026-01-20T00:31:05.8730080Z [command]/usr/bin/git config --local --name-only --get-regexp core\.sshCommand
2026-01-20T00:31:05.8764284Z [command]/usr/bin/git submodule foreach --recursive sh -c "git config --local --name-only --get-regexp 'core\.sshCommand' && git config --local --unset-all 'core.sshCommand' || :"
2026-01-20T00:31:05.9003363Z [command]/usr/bin/git config --local --name-only --get-regexp http\.https\:\/\/github\.com\/\.extraheader
2026-01-20T00:31:05.9026133Z http.https://github.com/.extraheader
2026-01-20T00:31:05.9038091Z [command]/usr/bin/git config --local --unset-all http.https://github.com/.extraheader
2026-01-20T00:31:05.9071802Z [command]/usr/bin/git submodule foreach --recursive sh -c "git config --local --name-only --get-regexp 'http\.https\:\/\/github\.com\/\.extraheader' && git config --local --unset-all 'http.https://github.com/.extraheader' || :"
2026-01-20T00:31:05.9297286Z [command]/usr/bin/git config --local --name-only --get-regexp ^includeIf\.gitdir:
2026-01-20T00:31:05.9328755Z [command]/usr/bin/git submodule foreach --recursive git config --local --show-origin --name-only --get-regexp remote.origin.url
2026-01-20T00:31:05.9668723Z Cleaning up orphan processes
