2026-01-18T18:06:27.9449383Z Current runner version: '2.331.0'
2026-01-18T18:06:27.9474074Z ##[group]Runner Image Provisioner
2026-01-18T18:06:27.9474834Z Hosted Compute Agent
2026-01-18T18:06:27.9475416Z Version: 20251211.462
2026-01-18T18:06:27.9476129Z Commit: 6cbad8c2bb55d58165063d031ccabf57e2d2db61
2026-01-18T18:06:27.9476794Z Build Date: 2025-12-11T16:28:49Z
2026-01-18T18:06:27.9477715Z Worker ID: {7e98cd2b-ecc1-4175-8427-c9cb0a93bca6}
2026-01-18T18:06:27.9478508Z ##[endgroup]
2026-01-18T18:06:27.9479593Z ##[group]Operating System
2026-01-18T18:06:27.9480640Z Ubuntu
2026-01-18T18:06:27.9481589Z 24.04.3
2026-01-18T18:06:27.9482401Z LTS
2026-01-18T18:06:27.9483120Z ##[endgroup]
2026-01-18T18:06:27.9484047Z ##[group]Runner Image
2026-01-18T18:06:27.9484878Z Image: ubuntu-24.04
2026-01-18T18:06:27.9485369Z Version: 20260111.209.1
2026-01-18T18:06:27.9486440Z Included Software: https://github.com/actions/runner-images/blob/ubuntu24/20260111.209/images/ubuntu/Ubuntu2404-Readme.md
2026-01-18T18:06:27.9488749Z Image Release: https://github.com/actions/runner-images/releases/tag/ubuntu24%2F20260111.209
2026-01-18T18:06:27.9490864Z ##[endgroup]
2026-01-18T18:06:27.9492839Z ##[group]GITHUB_TOKEN Permissions
2026-01-18T18:06:27.9495957Z Contents: read
2026-01-18T18:06:27.9496799Z Metadata: read
2026-01-18T18:06:27.9497943Z Packages: read
2026-01-18T18:06:27.9498945Z ##[endgroup]
2026-01-18T18:06:27.9501903Z Secret source: Actions
2026-01-18T18:06:27.9503451Z Prepare workflow directory
2026-01-18T18:06:27.9829358Z Prepare all required actions
2026-01-18T18:06:27.9867185Z Getting action download info
2026-01-18T18:06:28.2949019Z Download action repository 'actions/checkout@v4' (SHA:34e114876b0b11c390a56381ad16ebd13914f8d5)
2026-01-18T18:06:28.3739165Z Download action repository 'actions/setup-python@v5' (SHA:a26af69be951a213d495a4c3e4e4022e16d87065)
2026-01-18T18:06:28.4568294Z Download action repository 'actions/upload-artifact@v4' (SHA:ea165f8d65b6e75b540449e92b4886f43607fa02)
2026-01-18T18:06:28.6733862Z Complete job name: test-complex-websites (parabank_banking, https://parabank.parasoft.com/, Register new user, login...
2026-01-18T18:06:28.7434969Z ##[group]Run actions/checkout@v4
2026-01-18T18:06:28.7435822Z with:
2026-01-18T18:06:28.7436284Z   repository: vishvasmca-cmd/build_qa_automation
2026-01-18T18:06:28.7437024Z   token: ***
2026-01-18T18:06:28.7437649Z   ssh-strict: true
2026-01-18T18:06:28.7438041Z   ssh-user: git
2026-01-18T18:06:28.7438456Z   persist-credentials: true
2026-01-18T18:06:28.7438919Z   clean: true
2026-01-18T18:06:28.7439318Z   sparse-checkout-cone-mode: true
2026-01-18T18:06:28.7439797Z   fetch-depth: 1
2026-01-18T18:06:28.7440180Z   fetch-tags: false
2026-01-18T18:06:28.7440588Z   show-progress: true
2026-01-18T18:06:28.7440996Z   lfs: false
2026-01-18T18:06:28.7441362Z   submodules: false
2026-01-18T18:06:28.7441816Z   set-safe-directory: true
2026-01-18T18:06:28.7442521Z ##[endgroup]
2026-01-18T18:06:28.8520705Z Syncing repository: vishvasmca-cmd/build_qa_automation
2026-01-18T18:06:28.8522467Z ##[group]Getting Git version info
2026-01-18T18:06:28.8523357Z Working directory is '/home/runner/work/build_qa_automation/build_qa_automation'
2026-01-18T18:06:28.8524410Z [command]/usr/bin/git version
2026-01-18T18:06:28.8577702Z git version 2.52.0
2026-01-18T18:06:28.8603872Z ##[endgroup]
2026-01-18T18:06:28.8618359Z Temporarily overriding HOME='/home/runner/work/_temp/b3528141-c4e1-4ba4-bdb9-a1ca06424922' before making global git config changes
2026-01-18T18:06:28.8619712Z Adding repository directory to the temporary git global config as a safe directory
2026-01-18T18:06:28.8631087Z [command]/usr/bin/git config --global --add safe.directory /home/runner/work/build_qa_automation/build_qa_automation
2026-01-18T18:06:28.8667844Z Deleting the contents of '/home/runner/work/build_qa_automation/build_qa_automation'
2026-01-18T18:06:28.8671946Z ##[group]Initializing the repository
2026-01-18T18:06:28.8675826Z [command]/usr/bin/git init /home/runner/work/build_qa_automation/build_qa_automation
2026-01-18T18:06:28.8762242Z hint: Using 'master' as the name for the initial branch. This default branch name
2026-01-18T18:06:28.8763647Z hint: will change to "main" in Git 3.0. To configure the initial branch name
2026-01-18T18:06:28.8764610Z hint: to use in all of your new repositories, which will suppress this warning,
2026-01-18T18:06:28.8765543Z hint: call:
2026-01-18T18:06:28.8766300Z hint:
2026-01-18T18:06:28.8766966Z hint: 	git config --global init.defaultBranch <name>
2026-01-18T18:06:28.8767724Z hint:
2026-01-18T18:06:28.8768273Z hint: Names commonly chosen instead of 'master' are 'main', 'trunk' and
2026-01-18T18:06:28.8769207Z hint: 'development'. The just-created branch can be renamed via this command:
2026-01-18T18:06:28.8769944Z hint:
2026-01-18T18:06:28.8770314Z hint: 	git branch -m <name>
2026-01-18T18:06:28.8770760Z hint:
2026-01-18T18:06:28.8771503Z hint: Disable this message with "git config set advice.defaultBranchName false"
2026-01-18T18:06:28.8772751Z Initialized empty Git repository in /home/runner/work/build_qa_automation/build_qa_automation/.git/
2026-01-18T18:06:28.8777686Z [command]/usr/bin/git remote add origin https://github.com/vishvasmca-cmd/build_qa_automation
2026-01-18T18:06:28.8808802Z ##[endgroup]
2026-01-18T18:06:28.8809504Z ##[group]Disabling automatic garbage collection
2026-01-18T18:06:28.8812788Z [command]/usr/bin/git config --local gc.auto 0
2026-01-18T18:06:28.8839718Z ##[endgroup]
2026-01-18T18:06:28.8840387Z ##[group]Setting up auth
2026-01-18T18:06:28.8846624Z [command]/usr/bin/git config --local --name-only --get-regexp core\.sshCommand
2026-01-18T18:06:28.8875644Z [command]/usr/bin/git submodule foreach --recursive sh -c "git config --local --name-only --get-regexp 'core\.sshCommand' && git config --local --unset-all 'core.sshCommand' || :"
2026-01-18T18:06:28.9207648Z [command]/usr/bin/git config --local --name-only --get-regexp http\.https\:\/\/github\.com\/\.extraheader
2026-01-18T18:06:28.9243824Z [command]/usr/bin/git submodule foreach --recursive sh -c "git config --local --name-only --get-regexp 'http\.https\:\/\/github\.com\/\.extraheader' && git config --local --unset-all 'http.https://github.com/.extraheader' || :"
2026-01-18T18:06:28.9483827Z [command]/usr/bin/git config --local --name-only --get-regexp ^includeIf\.gitdir:
2026-01-18T18:06:28.9520704Z [command]/usr/bin/git submodule foreach --recursive git config --local --show-origin --name-only --get-regexp remote.origin.url
2026-01-18T18:06:28.9785688Z [command]/usr/bin/git config --local http.https://github.com/.extraheader AUTHORIZATION: basic ***
2026-01-18T18:06:28.9826404Z ##[endgroup]
2026-01-18T18:06:28.9827692Z ##[group]Fetching the repository
2026-01-18T18:06:28.9839280Z [command]/usr/bin/git -c protocol.version=2 fetch --no-tags --prune --no-recurse-submodules --depth=1 origin +60ac9e3ee9f645cb9efe67f9b3ac8059454afffe:refs/remotes/origin/main
2026-01-18T18:06:29.6817895Z From https://github.com/vishvasmca-cmd/build_qa_automation
2026-01-18T18:06:29.6819614Z  * [new ref]         60ac9e3ee9f645cb9efe67f9b3ac8059454afffe -> origin/main
2026-01-18T18:06:29.6852723Z ##[endgroup]
2026-01-18T18:06:29.6854104Z ##[group]Determining the checkout info
2026-01-18T18:06:29.6856708Z ##[endgroup]
2026-01-18T18:06:29.6862448Z [command]/usr/bin/git sparse-checkout disable
2026-01-18T18:06:29.6905093Z [command]/usr/bin/git config --local --unset-all extensions.worktreeConfig
2026-01-18T18:06:29.6934620Z ##[group]Checking out the ref
2026-01-18T18:06:29.6938692Z [command]/usr/bin/git checkout --progress --force -B main refs/remotes/origin/main
2026-01-18T18:06:29.7882060Z Switched to a new branch 'main'
2026-01-18T18:06:29.7883779Z branch 'main' set up to track 'origin/main'.
2026-01-18T18:06:29.7899243Z ##[endgroup]
2026-01-18T18:06:29.7936131Z [command]/usr/bin/git log -1 --format=%H
2026-01-18T18:06:29.7958202Z 60ac9e3ee9f645cb9efe67f9b3ac8059454afffe
2026-01-18T18:06:29.8268937Z ##[group]Run actions/setup-python@v5
2026-01-18T18:06:29.8270086Z with:
2026-01-18T18:06:29.8270914Z   python-version: 3.11
2026-01-18T18:06:29.8271829Z   cache: pip
2026-01-18T18:06:29.8272882Z   check-latest: false
2026-01-18T18:06:29.8274082Z   token: ***
2026-01-18T18:06:29.8274945Z   update-environment: true
2026-01-18T18:06:29.8275960Z   allow-prereleases: false
2026-01-18T18:06:29.8276953Z   freethreaded: false
2026-01-18T18:06:29.8278044Z ##[endgroup]
2026-01-18T18:06:29.9963322Z ##[group]Installed versions
2026-01-18T18:06:30.0063110Z Successfully set up CPython (3.11.14)
2026-01-18T18:06:30.0064105Z ##[endgroup]
2026-01-18T18:06:30.0609771Z [command]/opt/hostedtoolcache/Python/3.11.14/x64/bin/pip cache dir
2026-01-18T18:06:31.5147645Z /home/runner/.cache/pip
2026-01-18T18:06:31.6034883Z Cache hit for: setup-python-Linux-x64-24.04-Ubuntu-python-3.11.14-pip-dde08d0e0b672972dcda9f1a063036a2e0c226f5d0a20362e9401931676d80a4
2026-01-18T18:06:32.6524838Z Received 250548332 of 254742636 (98.4%), 237.5 MBs/sec
2026-01-18T18:06:32.7289981Z Received 254742636 of 254742636 (100.0%), 224.3 MBs/sec
2026-01-18T18:06:32.7291561Z Cache Size: ~243 MB (254742636 B)
2026-01-18T18:06:32.7333445Z [command]/usr/bin/tar -xf /home/runner/work/_temp/29929dfe-1f6b-4d75-9783-6feddd4ed33f/cache.tzst -P -C /home/runner/work/build_qa_automation/build_qa_automation --use-compress-program unzstd
2026-01-18T18:06:33.0921429Z Cache restored successfully
2026-01-18T18:06:33.1458656Z Cache restored from key: setup-python-Linux-x64-24.04-Ubuntu-python-3.11.14-pip-dde08d0e0b672972dcda9f1a063036a2e0c226f5d0a20362e9401931676d80a4
2026-01-18T18:06:33.1708134Z ##[group]Run pip install -r requirements.txt
2026-01-18T18:06:33.1708568Z [36;1mpip install -r requirements.txt[0m
2026-01-18T18:06:33.1708886Z [36;1mplaywright install chromium[0m
2026-01-18T18:06:33.1748337Z shell: /usr/bin/bash -e {0}
2026-01-18T18:06:33.1748594Z env:
2026-01-18T18:06:33.1748853Z   pythonLocation: /opt/hostedtoolcache/Python/3.11.14/x64
2026-01-18T18:06:33.1749297Z   PKG_CONFIG_PATH: /opt/hostedtoolcache/Python/3.11.14/x64/lib/pkgconfig
2026-01-18T18:06:33.1749735Z   Python_ROOT_DIR: /opt/hostedtoolcache/Python/3.11.14/x64
2026-01-18T18:06:33.1750122Z   Python2_ROOT_DIR: /opt/hostedtoolcache/Python/3.11.14/x64
2026-01-18T18:06:33.1750482Z   Python3_ROOT_DIR: /opt/hostedtoolcache/Python/3.11.14/x64
2026-01-18T18:06:33.1750931Z   LD_LIBRARY_PATH: /opt/hostedtoolcache/Python/3.11.14/x64/lib
2026-01-18T18:06:33.1751245Z ##[endgroup]
2026-01-18T18:06:34.1613252Z Collecting playwright (from -r requirements.txt (line 1))
2026-01-18T18:06:34.1629591Z   Using cached playwright-1.57.0-py3-none-manylinux1_x86_64.whl.metadata (3.5 kB)
2026-01-18T18:06:34.1789803Z Collecting python-dotenv (from -r requirements.txt (line 2))
2026-01-18T18:06:34.1804060Z   Using cached python_dotenv-1.2.1-py3-none-any.whl.metadata (25 kB)
2026-01-18T18:06:34.2059324Z Collecting requests (from -r requirements.txt (line 3))
2026-01-18T18:06:34.2073361Z   Using cached requests-2.32.5-py3-none-any.whl.metadata (4.9 kB)
2026-01-18T18:06:34.3756254Z Collecting pillow (from -r requirements.txt (line 4))
2026-01-18T18:06:34.3773418Z   Using cached pillow-12.1.0-cp311-cp311-manylinux_2_27_x86_64.manylinux_2_28_x86_64.whl.metadata (8.8 kB)
2026-01-18T18:06:34.4011485Z Collecting google-genai>=0.3.0 (from -r requirements.txt (line 5))
2026-01-18T18:06:34.4025409Z   Using cached google_genai-1.59.0-py3-none-any.whl.metadata (53 kB)
2026-01-18T18:06:34.4160668Z Collecting termcolor (from -r requirements.txt (line 6))
2026-01-18T18:06:34.4174338Z   Using cached termcolor-3.3.0-py3-none-any.whl.metadata (6.5 kB)
2026-01-18T18:06:34.4521068Z Collecting PyYAML (from -r requirements.txt (line 7))
2026-01-18T18:06:34.4536393Z   Using cached pyyaml-6.0.3-cp311-cp311-manylinux2014_x86_64.manylinux_2_17_x86_64.manylinux_2_28_x86_64.whl.metadata (2.4 kB)
2026-01-18T18:06:34.5085298Z Collecting opencv-python-headless (from -r requirements.txt (line 8))
2026-01-18T18:06:34.5100917Z   Using cached opencv_python_headless-4.13.0.90-cp37-abi3-manylinux_2_28_x86_64.whl.metadata (19 kB)
2026-01-18T18:06:34.7074237Z Collecting numpy (from -r requirements.txt (line 9))
2026-01-18T18:06:34.7090012Z   Using cached numpy-2.4.1-cp311-cp311-manylinux_2_27_x86_64.manylinux_2_28_x86_64.whl.metadata (6.6 kB)
2026-01-18T18:06:34.7858508Z Collecting faker (from -r requirements.txt (line 10))
2026-01-18T18:06:34.7873990Z   Using cached faker-40.1.2-py3-none-any.whl.metadata (16 kB)
2026-01-18T18:06:34.8022317Z Collecting pyee<14,>=13 (from playwright->-r requirements.txt (line 1))
2026-01-18T18:06:34.8036159Z   Using cached pyee-13.0.0-py3-none-any.whl.metadata (2.9 kB)
2026-01-18T18:06:34.9221633Z Collecting greenlet<4.0.0,>=3.1.1 (from playwright->-r requirements.txt (line 1))
2026-01-18T18:06:34.9237241Z   Using cached greenlet-3.3.0-cp311-cp311-manylinux_2_24_x86_64.manylinux_2_28_x86_64.whl.metadata (4.1 kB)
2026-01-18T18:06:34.9408380Z Collecting typing-extensions (from pyee<14,>=13->playwright->-r requirements.txt (line 1))
2026-01-18T18:06:34.9421906Z   Using cached typing_extensions-4.15.0-py3-none-any.whl.metadata (3.3 kB)
2026-01-18T18:06:35.0215135Z Collecting charset_normalizer<4,>=2 (from requests->-r requirements.txt (line 3))
2026-01-18T18:06:35.0231311Z   Using cached charset_normalizer-3.4.4-cp311-cp311-manylinux2014_x86_64.manylinux_2_17_x86_64.manylinux_2_28_x86_64.whl.metadata (37 kB)
2026-01-18T18:06:35.0376360Z Collecting idna<4,>=2.5 (from requests->-r requirements.txt (line 3))
2026-01-18T18:06:35.0390282Z   Using cached idna-3.11-py3-none-any.whl.metadata (8.4 kB)
2026-01-18T18:06:35.0652682Z Collecting urllib3<3,>=1.21.1 (from requests->-r requirements.txt (line 3))
2026-01-18T18:06:35.0666453Z   Using cached urllib3-2.6.3-py3-none-any.whl.metadata (6.9 kB)
2026-01-18T18:06:35.0868270Z Collecting certifi>=2017.4.17 (from requests->-r requirements.txt (line 3))
2026-01-18T18:06:35.0881800Z   Using cached certifi-2026.1.4-py3-none-any.whl.metadata (2.5 kB)
2026-01-18T18:06:35.1070107Z Collecting anyio<5.0.0,>=4.8.0 (from google-genai>=0.3.0->-r requirements.txt (line 5))
2026-01-18T18:06:35.1083453Z   Using cached anyio-4.12.1-py3-none-any.whl.metadata (4.3 kB)
2026-01-18T18:06:35.1446416Z Collecting google-auth<3.0.0,>=2.47.0 (from google-auth[requests]<3.0.0,>=2.47.0->google-genai>=0.3.0->-r requirements.txt (line 5))
2026-01-18T18:06:35.1460152Z   Using cached google_auth-2.47.0-py3-none-any.whl.metadata (6.4 kB)
2026-01-18T18:06:35.1678488Z Collecting httpx<1.0.0,>=0.28.1 (from google-genai>=0.3.0->-r requirements.txt (line 5))
2026-01-18T18:06:35.1691364Z   Using cached httpx-0.28.1-py3-none-any.whl.metadata (7.1 kB)
2026-01-18T18:06:35.3123320Z Collecting pydantic<3.0.0,>=2.9.0 (from google-genai>=0.3.0->-r requirements.txt (line 5))
2026-01-18T18:06:35.3138485Z   Using cached pydantic-2.12.5-py3-none-any.whl.metadata (90 kB)
2026-01-18T18:06:35.3372097Z Collecting tenacity<9.2.0,>=8.2.3 (from google-genai>=0.3.0->-r requirements.txt (line 5))
2026-01-18T18:06:35.3385103Z   Using cached tenacity-9.1.2-py3-none-any.whl.metadata (1.2 kB)
2026-01-18T18:06:35.4230740Z Collecting websockets<15.1.0,>=13.0.0 (from google-genai>=0.3.0->-r requirements.txt (line 5))
2026-01-18T18:06:35.4245601Z   Using cached websockets-15.0.1-cp311-cp311-manylinux_2_5_x86_64.manylinux1_x86_64.manylinux_2_17_x86_64.manylinux2014_x86_64.whl.metadata (6.8 kB)
2026-01-18T18:06:35.4370968Z Collecting distro<2,>=1.7.0 (from google-genai>=0.3.0->-r requirements.txt (line 5))
2026-01-18T18:06:35.4384452Z   Using cached distro-1.9.0-py3-none-any.whl.metadata (6.8 kB)
2026-01-18T18:06:35.4462738Z Collecting sniffio (from google-genai>=0.3.0->-r requirements.txt (line 5))
2026-01-18T18:06:35.4476174Z   Using cached sniffio-1.3.1-py3-none-any.whl.metadata (3.9 kB)
2026-01-18T18:06:35.4732883Z Collecting pyasn1-modules>=0.2.1 (from google-auth<3.0.0,>=2.47.0->google-auth[requests]<3.0.0,>=2.47.0->google-genai>=0.3.0->-r requirements.txt (line 5))
2026-01-18T18:06:35.4746246Z   Using cached pyasn1_modules-0.4.2-py3-none-any.whl.metadata (3.5 kB)
2026-01-18T18:06:35.4876822Z Collecting rsa<5,>=3.1.4 (from google-auth<3.0.0,>=2.47.0->google-auth[requests]<3.0.0,>=2.47.0->google-genai>=0.3.0->-r requirements.txt (line 5))
2026-01-18T18:06:35.4890482Z   Using cached rsa-4.9.1-py3-none-any.whl.metadata (5.6 kB)
2026-01-18T18:06:35.5144495Z Collecting httpcore==1.* (from httpx<1.0.0,>=0.28.1->google-genai>=0.3.0->-r requirements.txt (line 5))
2026-01-18T18:06:35.5157934Z   Using cached httpcore-1.0.9-py3-none-any.whl.metadata (21 kB)
2026-01-18T18:06:35.5268106Z Collecting h11>=0.16 (from httpcore==1.*->httpx<1.0.0,>=0.28.1->google-genai>=0.3.0->-r requirements.txt (line 5))
2026-01-18T18:06:35.5281368Z   Using cached h11-0.16.0-py3-none-any.whl.metadata (8.3 kB)
2026-01-18T18:06:35.5375486Z Collecting annotated-types>=0.6.0 (from pydantic<3.0.0,>=2.9.0->google-genai>=0.3.0->-r requirements.txt (line 5))
2026-01-18T18:06:35.5389394Z   Using cached annotated_types-0.7.0-py3-none-any.whl.metadata (15 kB)
2026-01-18T18:06:36.1923502Z Collecting pydantic-core==2.41.5 (from pydantic<3.0.0,>=2.9.0->google-genai>=0.3.0->-r requirements.txt (line 5))
2026-01-18T18:06:36.1939162Z   Using cached pydantic_core-2.41.5-cp311-cp311-manylinux_2_17_x86_64.manylinux2014_x86_64.whl.metadata (7.3 kB)
2026-01-18T18:06:36.2061320Z Collecting typing-inspection>=0.4.2 (from pydantic<3.0.0,>=2.9.0->google-genai>=0.3.0->-r requirements.txt (line 5))
2026-01-18T18:06:36.2074499Z   Using cached typing_inspection-0.4.2-py3-none-any.whl.metadata (2.6 kB)
2026-01-18T18:06:36.2742353Z Collecting pyasn1>=0.1.3 (from rsa<5,>=3.1.4->google-auth<3.0.0,>=2.47.0->google-auth[requests]<3.0.0,>=2.47.0->google-genai>=0.3.0->-r requirements.txt (line 5))
2026-01-18T18:06:36.2758535Z   Using cached pyasn1-0.6.2-py3-none-any.whl.metadata (8.4 kB)
2026-01-18T18:06:36.3026628Z Using cached playwright-1.57.0-py3-none-manylinux1_x86_64.whl (46.0 MB)
2026-01-18T18:06:36.3370947Z Using cached greenlet-3.3.0-cp311-cp311-manylinux_2_24_x86_64.manylinux_2_28_x86_64.whl (590 kB)
2026-01-18T18:06:36.3387706Z Using cached pyee-13.0.0-py3-none-any.whl (15 kB)
2026-01-18T18:06:36.3401394Z Using cached python_dotenv-1.2.1-py3-none-any.whl (21 kB)
2026-01-18T18:06:36.3414585Z Using cached requests-2.32.5-py3-none-any.whl (64 kB)
2026-01-18T18:06:36.3428525Z Using cached charset_normalizer-3.4.4-cp311-cp311-manylinux2014_x86_64.manylinux_2_17_x86_64.manylinux_2_28_x86_64.whl (151 kB)
2026-01-18T18:06:36.3442591Z Using cached idna-3.11-py3-none-any.whl (71 kB)
2026-01-18T18:06:36.3456183Z Using cached urllib3-2.6.3-py3-none-any.whl (131 kB)
2026-01-18T18:06:36.3470442Z Using cached pillow-12.1.0-cp311-cp311-manylinux_2_27_x86_64.manylinux_2_28_x86_64.whl (7.0 MB)
2026-01-18T18:06:36.3532584Z Using cached google_genai-1.59.0-py3-none-any.whl (719 kB)
2026-01-18T18:06:36.3551180Z Using cached anyio-4.12.1-py3-none-any.whl (113 kB)
2026-01-18T18:06:36.3564531Z Using cached distro-1.9.0-py3-none-any.whl (20 kB)
2026-01-18T18:06:36.3577646Z Using cached google_auth-2.47.0-py3-none-any.whl (234 kB)
2026-01-18T18:06:36.3592268Z Using cached httpx-0.28.1-py3-none-any.whl (73 kB)
2026-01-18T18:06:36.3605794Z Using cached httpcore-1.0.9-py3-none-any.whl (78 kB)
2026-01-18T18:06:36.3619091Z Using cached pydantic-2.12.5-py3-none-any.whl (463 kB)
2026-01-18T18:06:36.3635531Z Using cached pydantic_core-2.41.5-cp311-cp311-manylinux_2_17_x86_64.manylinux2014_x86_64.whl (2.1 MB)
2026-01-18T18:06:36.3662842Z Using cached rsa-4.9.1-py3-none-any.whl (34 kB)
2026-01-18T18:06:36.3676069Z Using cached tenacity-9.1.2-py3-none-any.whl (28 kB)
2026-01-18T18:06:36.3689264Z Using cached typing_extensions-4.15.0-py3-none-any.whl (44 kB)
2026-01-18T18:06:36.3703095Z Using cached websockets-15.0.1-cp311-cp311-manylinux_2_5_x86_64.manylinux1_x86_64.manylinux_2_17_x86_64.manylinux2014_x86_64.whl (182 kB)
2026-01-18T18:06:36.3716660Z Using cached termcolor-3.3.0-py3-none-any.whl (7.7 kB)
2026-01-18T18:06:36.3730352Z Using cached pyyaml-6.0.3-cp311-cp311-manylinux2014_x86_64.manylinux_2_17_x86_64.manylinux_2_28_x86_64.whl (806 kB)
2026-01-18T18:06:36.3749555Z Using cached opencv_python_headless-4.13.0.90-cp37-abi3-manylinux_2_28_x86_64.whl (62.5 MB)
2026-01-18T18:06:36.4209602Z Using cached numpy-2.4.1-cp311-cp311-manylinux_2_27_x86_64.manylinux_2_28_x86_64.whl (16.7 MB)
2026-01-18T18:06:36.4341481Z Using cached faker-40.1.2-py3-none-any.whl (2.0 MB)
2026-01-18T18:06:36.4369527Z Using cached annotated_types-0.7.0-py3-none-any.whl (13 kB)
2026-01-18T18:06:36.4382581Z Using cached certifi-2026.1.4-py3-none-any.whl (152 kB)
2026-01-18T18:06:36.4396180Z Using cached h11-0.16.0-py3-none-any.whl (37 kB)
2026-01-18T18:06:36.4409429Z Using cached pyasn1-0.6.2-py3-none-any.whl (83 kB)
2026-01-18T18:06:36.4422964Z Using cached pyasn1_modules-0.4.2-py3-none-any.whl (181 kB)
2026-01-18T18:06:36.4437155Z Using cached typing_inspection-0.4.2-py3-none-any.whl (14 kB)
2026-01-18T18:06:36.4450778Z Using cached sniffio-1.3.1-py3-none-any.whl (10 kB)
2026-01-18T18:06:36.6578468Z Installing collected packages: websockets, urllib3, typing-extensions, termcolor, tenacity, sniffio, PyYAML, python-dotenv, pyasn1, pillow, numpy, idna, h11, greenlet, faker, distro, charset_normalizer, certifi, annotated-types, typing-inspection, rsa, requests, pyee, pydantic-core, pyasn1-modules, opencv-python-headless, httpcore, anyio, pydantic, playwright, httpx, google-auth, google-genai
2026-01-18T18:06:43.3723288Z 
2026-01-18T18:06:43.3746717Z Successfully installed PyYAML-6.0.3 annotated-types-0.7.0 anyio-4.12.1 certifi-2026.1.4 charset_normalizer-3.4.4 distro-1.9.0 faker-40.1.2 google-auth-2.47.0 google-genai-1.59.0 greenlet-3.3.0 h11-0.16.0 httpcore-1.0.9 httpx-0.28.1 idna-3.11 numpy-2.4.1 opencv-python-headless-4.13.0.90 pillow-12.1.0 playwright-1.57.0 pyasn1-0.6.2 pyasn1-modules-0.4.2 pydantic-2.12.5 pydantic-core-2.41.5 pyee-13.0.0 python-dotenv-1.2.1 requests-2.32.5 rsa-4.9.1 sniffio-1.3.1 tenacity-9.1.2 termcolor-3.3.0 typing-extensions-4.15.0 typing-inspection-0.4.2 urllib3-2.6.3 websockets-15.0.1
2026-01-18T18:06:44.0036250Z Downloading Chromium 143.0.7499.4 (playwright build v1200) from https://cdn.playwright.dev/dbazure/download/playwright/builds/chromium/1200/chromium-linux.zip
2026-01-18T18:06:44.1002427Z (node:2201) [DEP0169] DeprecationWarning: `url.parse()` behavior is not standardized and prone to errors that have security implications. Use the WHATWG URL API instead. CVEs are not issued for `url.parse()` vulnerabilities.
2026-01-18T18:06:44.1004354Z (Use `node --trace-deprecation ...` to show where the warning was created)
2026-01-18T18:06:44.1719655Z |                                                                                |   0% of 164.7 MiB
2026-01-18T18:06:44.2799999Z |■■■■■■■■                                                                        |  10% of 164.7 MiB
2026-01-18T18:06:44.3539427Z |■■■■■■■■■■■■■■■■                                                                |  20% of 164.7 MiB
2026-01-18T18:06:44.4415505Z |■■■■■■■■■■■■■■■■■■■■■■■■                                                        |  30% of 164.7 MiB
2026-01-18T18:06:44.5150035Z |■■■■■■■■■■■■■■■■■■■■■■■■■■■■■■■■                                                |  40% of 164.7 MiB
2026-01-18T18:06:44.5774876Z |■■■■■■■■■■■■■■■■■■■■■■■■■■■■■■■■■■■■■■■■                                        |  50% of 164.7 MiB
2026-01-18T18:06:44.6327918Z |■■■■■■■■■■■■■■■■■■■■■■■■■■■■■■■■■■■■■■■■■■■■■■■■                                |  60% of 164.7 MiB
2026-01-18T18:06:44.6831262Z |■■■■■■■■■■■■■■■■■■■■■■■■■■■■■■■■■■■■■■■■■■■■■■■■■■■■■■■■                        |  70% of 164.7 MiB
2026-01-18T18:06:44.7505172Z |■■■■■■■■■■■■■■■■■■■■■■■■■■■■■■■■■■■■■■■■■■■■■■■■■■■■■■■■■■■■■■■■                |  80% of 164.7 MiB
2026-01-18T18:06:44.8056398Z |■■■■■■■■■■■■■■■■■■■■■■■■■■■■■■■■■■■■■■■■■■■■■■■■■■■■■■■■■■■■■■■■■■■■■■■■        |  90% of 164.7 MiB
2026-01-18T18:06:44.8712136Z |■■■■■■■■■■■■■■■■■■■■■■■■■■■■■■■■■■■■■■■■■■■■■■■■■■■■■■■■■■■■■■■■■■■■■■■■■■■■■■■■| 100% of 164.7 MiB
2026-01-18T18:06:47.2783432Z Chromium 143.0.7499.4 (playwright build v1200) downloaded to /home/runner/.cache/ms-playwright/chromium-1200
2026-01-18T18:06:47.2787513Z Downloading FFMPEG playwright build v1011 from https://cdn.playwright.dev/dbazure/download/playwright/builds/ffmpeg/1011/ffmpeg-linux.zip
2026-01-18T18:06:47.3750083Z (node:2212) [DEP0169] DeprecationWarning: `url.parse()` behavior is not standardized and prone to errors that have security implications. Use the WHATWG URL API instead. CVEs are not issued for `url.parse()` vulnerabilities.
2026-01-18T18:06:47.3752683Z (Use `node --trace-deprecation ...` to show where the warning was created)
2026-01-18T18:06:47.4381303Z |                                                                                |   0% of 2.3 MiB
2026-01-18T18:06:47.4532983Z |■■■■■■■■                                                                        |  10% of 2.3 MiB
2026-01-18T18:06:47.4602583Z |■■■■■■■■■■■■■■■■                                                                |  20% of 2.3 MiB
2026-01-18T18:06:47.4639303Z |■■■■■■■■■■■■■■■■■■■■■■■■                                                        |  30% of 2.3 MiB
2026-01-18T18:06:47.4663925Z |■■■■■■■■■■■■■■■■■■■■■■■■■■■■■■■■                                                |  40% of 2.3 MiB
2026-01-18T18:06:47.4680942Z |■■■■■■■■■■■■■■■■■■■■■■■■■■■■■■■■■■■■■■■■                                        |  50% of 2.3 MiB
2026-01-18T18:06:47.4700417Z |■■■■■■■■■■■■■■■■■■■■■■■■■■■■■■■■■■■■■■■■■■■■■■■■                                |  60% of 2.3 MiB
2026-01-18T18:06:47.4724799Z |■■■■■■■■■■■■■■■■■■■■■■■■■■■■■■■■■■■■■■■■■■■■■■■■■■■■■■■■                        |  70% of 2.3 MiB
2026-01-18T18:06:47.4738471Z |■■■■■■■■■■■■■■■■■■■■■■■■■■■■■■■■■■■■■■■■■■■■■■■■■■■■■■■■■■■■■■■■                |  80% of 2.3 MiB
2026-01-18T18:06:47.4754810Z |■■■■■■■■■■■■■■■■■■■■■■■■■■■■■■■■■■■■■■■■■■■■■■■■■■■■■■■■■■■■■■■■■■■■■■■■        |  90% of 2.3 MiB
2026-01-18T18:06:47.4766521Z |■■■■■■■■■■■■■■■■■■■■■■■■■■■■■■■■■■■■■■■■■■■■■■■■■■■■■■■■■■■■■■■■■■■■■■■■■■■■■■■■| 100% of 2.3 MiB
2026-01-18T18:06:47.5306588Z FFMPEG playwright build v1011 downloaded to /home/runner/.cache/ms-playwright/ffmpeg-1011
2026-01-18T18:06:47.5310416Z Downloading Chromium Headless Shell 143.0.7499.4 (playwright build v1200) from https://cdn.playwright.dev/dbazure/download/playwright/builds/chromium/1200/chromium-headless-shell-linux.zip
2026-01-18T18:06:47.6294002Z (node:2223) [DEP0169] DeprecationWarning: `url.parse()` behavior is not standardized and prone to errors that have security implications. Use the WHATWG URL API instead. CVEs are not issued for `url.parse()` vulnerabilities.
2026-01-18T18:06:47.6295909Z (Use `node --trace-deprecation ...` to show where the warning was created)
2026-01-18T18:06:47.6933190Z |                                                                                |   0% of 109.7 MiB
2026-01-18T18:06:47.7875324Z |■■■■■■■■                                                                        |  10% of 109.7 MiB
2026-01-18T18:06:47.8445026Z |■■■■■■■■■■■■■■■■                                                                |  20% of 109.7 MiB
2026-01-18T18:06:47.8931085Z |■■■■■■■■■■■■■■■■■■■■■■■■                                                        |  30% of 109.7 MiB
2026-01-18T18:06:47.9364923Z |■■■■■■■■■■■■■■■■■■■■■■■■■■■■■■■■                                                |  40% of 109.7 MiB
2026-01-18T18:06:47.9905108Z |■■■■■■■■■■■■■■■■■■■■■■■■■■■■■■■■■■■■■■■■                                        |  50% of 109.7 MiB
2026-01-18T18:06:48.0268418Z |■■■■■■■■■■■■■■■■■■■■■■■■■■■■■■■■■■■■■■■■■■■■■■■■                                |  60% of 109.7 MiB
2026-01-18T18:06:48.0725213Z |■■■■■■■■■■■■■■■■■■■■■■■■■■■■■■■■■■■■■■■■■■■■■■■■■■■■■■■■                        |  70% of 109.7 MiB
2026-01-18T18:06:48.1116251Z |■■■■■■■■■■■■■■■■■■■■■■■■■■■■■■■■■■■■■■■■■■■■■■■■■■■■■■■■■■■■■■■■                |  80% of 109.7 MiB
2026-01-18T18:06:48.1490823Z |■■■■■■■■■■■■■■■■■■■■■■■■■■■■■■■■■■■■■■■■■■■■■■■■■■■■■■■■■■■■■■■■■■■■■■■■        |  90% of 109.7 MiB
2026-01-18T18:06:48.1849187Z |■■■■■■■■■■■■■■■■■■■■■■■■■■■■■■■■■■■■■■■■■■■■■■■■■■■■■■■■■■■■■■■■■■■■■■■■■■■■■■■■| 100% of 109.7 MiB
2026-01-18T18:06:49.9769700Z Chromium Headless Shell 143.0.7499.4 (playwright build v1200) downloaded to /home/runner/.cache/ms-playwright/chromium_headless_shell-1200
2026-01-18T18:06:49.9996138Z ##[group]Run mkdir -p projects/ci_parabank_banking
2026-01-18T18:06:49.9996547Z [36;1mmkdir -p projects/ci_parabank_banking[0m
2026-01-18T18:06:49.9996954Z [36;1mcat > projects/ci_parabank_banking/config.json << 'EOF'[0m
2026-01-18T18:06:49.9997425Z [36;1m{[0m
2026-01-18T18:06:49.9997642Z [36;1m  "project_name": "ci_parabank_banking",[0m
2026-01-18T18:06:49.9998001Z [36;1m  "target_url": "https://parabank.parasoft.com/",[0m
2026-01-18T18:06:49.9998557Z [36;1m  "goal": "Register new user, login, open new account, transfer funds between accounts, view account overview",[0m
2026-01-18T18:06:49.9999057Z [36;1m  "max_steps": 20,[0m
2026-01-18T18:06:49.9999280Z [36;1m  "headless": true[0m
2026-01-18T18:06:49.9999483Z [36;1m}[0m
2026-01-18T18:06:49.9999641Z [36;1mEOF[0m
2026-01-18T18:06:50.0033583Z shell: /usr/bin/bash -e {0}
2026-01-18T18:06:50.0033830Z env:
2026-01-18T18:06:50.0034075Z   pythonLocation: /opt/hostedtoolcache/Python/3.11.14/x64
2026-01-18T18:06:50.0034530Z   PKG_CONFIG_PATH: /opt/hostedtoolcache/Python/3.11.14/x64/lib/pkgconfig
2026-01-18T18:06:50.0034963Z   Python_ROOT_DIR: /opt/hostedtoolcache/Python/3.11.14/x64
2026-01-18T18:06:50.0035343Z   Python2_ROOT_DIR: /opt/hostedtoolcache/Python/3.11.14/x64
2026-01-18T18:06:50.0035718Z   Python3_ROOT_DIR: /opt/hostedtoolcache/Python/3.11.14/x64
2026-01-18T18:06:50.0036088Z   LD_LIBRARY_PATH: /opt/hostedtoolcache/Python/3.11.14/x64/lib
2026-01-18T18:06:50.0036398Z ##[endgroup]
2026-01-18T18:06:50.0148643Z ##[group]Run # Use the new Orchestrator with refined exploration.
2026-01-18T18:06:50.0149092Z [36;1m# Use the new Orchestrator with refined exploration.[0m
2026-01-18T18:06:50.0149497Z [36;1m# We don't use --deep here to keep CI fast (1 scenario vs 5), [0m
2026-01-18T18:06:50.0149937Z [36;1m# but we benefit from the new iterative & self-healing explorer.py[0m
2026-01-18T18:06:50.0150438Z [36;1mpython orchestrator.py --project projects/ci_parabank_banking --force[0m
2026-01-18T18:06:50.0180262Z shell: /usr/bin/bash -e {0}
2026-01-18T18:06:50.0180480Z env:
2026-01-18T18:06:50.0180728Z   pythonLocation: /opt/hostedtoolcache/Python/3.11.14/x64
2026-01-18T18:06:50.0181312Z   PKG_CONFIG_PATH: /opt/hostedtoolcache/Python/3.11.14/x64/lib/pkgconfig
2026-01-18T18:06:50.0181732Z   Python_ROOT_DIR: /opt/hostedtoolcache/Python/3.11.14/x64
2026-01-18T18:06:50.0182097Z   Python2_ROOT_DIR: /opt/hostedtoolcache/Python/3.11.14/x64
2026-01-18T18:06:50.0182480Z   Python3_ROOT_DIR: /opt/hostedtoolcache/Python/3.11.14/x64
2026-01-18T18:06:50.0182844Z   LD_LIBRARY_PATH: /opt/hostedtoolcache/Python/3.11.14/x64/lib
2026-01-18T18:06:50.0183340Z   GOOGLE_API_KEY: ***
2026-01-18T18:06:50.0183539Z   PYTHONPATH: .
2026-01-18T18:06:50.0183718Z ##[endgroup]
2026-01-18T18:06:57.1302943Z 
2026-01-18T18:06:57.1304089Z [PLAN] PLANNER: Planning goal -> 'Register new user, login, open new account, transfer funds between accounts, view account overview' (Deep Mode: False)
2026-01-18T18:06:57.1305813Z 🎭 [EXPERT] Detected Domain: FINANCE. Persona: Act as a Senior SDET focusing on exploring application to understand functional flow and automating FinTech scenarios
2026-01-18T18:06:57.1306778Z [DEBUG] Sending request to gemini-2.0-flash. Number of parts: 1
2026-01-18T18:06:57.1307209Z [DEBUG] Received response (Length: 4086)
2026-01-18T18:06:57.1307896Z ✅ Planner generated 1 scenarios. Workflow updated.
2026-01-18T18:06:58.1203159Z 
2026-01-18T18:06:58.1204159Z 🧭 [EXPLORE] Starting AI-Guided Exploration & Mining
2026-01-18T18:06:58.1204902Z 📍 Project: ci_parabank_banking
2026-01-18T18:06:59.7305036Z 
2026-01-18T18:06:59.7306546Z --- Exploring Scenario: New User Registration, Account Creation, and Funds Transfer ---
2026-01-18T18:06:59.7308709Z     🧠 Initialized exploration context for goal: 'Register new user, login, open new account, transfer funds between accounts, view account overview'
2026-01-18T18:06:59.7309479Z   ▶️ [STEP step_1] NAVIGATE: 
2026-01-18T18:06:59.7615215Z     ⚠️ Skipping cross-domain navigation: example.com (target: parabank.parasoft.com)
2026-01-18T18:06:59.7615860Z     🎯 Staying on target domain to maintain test focus
2026-01-18T18:06:59.7616315Z   ▶️ [STEP step_2] ASSERT_URL: 
2026-01-18T18:07:04.7799766Z     ⚠️ Scroll into view failed for text=None. Proceeding anyway.
2026-01-18T18:07:06.7822600Z     ✅ State transitioned.
2026-01-18T18:07:08.2630652Z [DEBUG] Sending request to gemini-2.0-flash. Number of parts: 2
2026-01-18T18:07:08.2631212Z [DEBUG] Received response (Length: 382)
2026-01-18T18:07:08.2631861Z     🤖 AI Next Step Suggestion: navigate -> banking application
2026-01-18T18:07:08.2633115Z     💭 Reasoning: The current page is blank. We need to navigate to a banking application to start the process of registering a new user, logging in, opening a new account, transferring funds, and viewing the account overview. Replace example.com with the actual URL.
2026-01-18T18:07:08.2634236Z     ➕ Injected AI step: navigate -> banking application
2026-01-18T18:07:08.2634642Z   ▶️ [STEP step_2_ai_1] NAVIGATE: banking application
2026-01-18T18:07:08.7714961Z     ❌ Navigation failed to banking application: Page.goto: Protocol error (Page.navigate): Cannot navigate to invalid URL
2026-01-18T18:07:08.7716375Z Call log:
2026-01-18T18:07:08.7717071Z   - navigating to "banking application", waiting until "domcontentloaded"
2026-01-18T18:07:08.7718046Z 
2026-01-18T18:07:08.7719145Z     ⚠️ Critical step failure: Page.goto: Protocol error (Page.navigate): Cannot navigate to invalid URL
2026-01-18T18:07:08.7720621Z Call log:
2026-01-18T18:07:08.7720933Z   - navigating t
2026-01-18T18:07:08.7721369Z   ▶️ [STEP step_4] FILL: First Name
2026-01-18T18:07:08.7775557Z     🔍 Mining locators for: 'First Name'
2026-01-18T18:07:08.7980123Z     🧠 Consulting AI (Vision-First) to find 'First Name'...
2026-01-18T18:07:08.7984103Z     🧠 [EXPERT] Strategy: Act as a Senior SDET focusing on exploring application to understand functional flow and automating FinTech scenarios. Focus on the end-to-end functional flow (e.g., Account Creation, Login, Funds Transfer, Loan Application). Prioritize identifying stable locators and interactive elements for automation. Ensure core banking features are accessible and functional.
2026-01-18T18:07:13.0074981Z [DEBUG] Sending request to gemini-2.0-flash. Number of parts: 2
2026-01-18T18:07:13.0076057Z [DEBUG] Received response (Length: 205)
2026-01-18T18:07:13.0077994Z     💡 Expert Suggestion: The 'First Name' field is typically found on a registration form.
2026-01-18T18:07:13.0079017Z     🛠️ Executing corrective action: click -> 'Register'
2026-01-18T18:07:13.0353872Z     🔄 Retry 1/3 mining locators for 'First Name'...
2026-01-18T18:07:14.0582285Z     🧠 Consulting AI (Vision-First) to find 'First Name'...
2026-01-18T18:07:14.0584431Z     🧠 [EXPERT] Strategy: Act as a Senior SDET focusing on exploring application to understand functional flow and automating FinTech scenarios. Focus on the end-to-end functional flow (e.g., Account Creation, Login, Funds Transfer, Loan Application). Prioritize identifying stable locators and interactive elements for automation. Ensure core banking features are accessible and functional.
2026-01-18T18:07:14.0587014Z [CACHE HIT] 13bd8954... (hits: 1, misses: 2)
2026-01-18T18:07:14.0588066Z     ⚠️ Skipping duplicate injection: Register
2026-01-18T18:07:14.0588442Z     🔄 Retry 2/3 mining locators for 'First Name'...
2026-01-18T18:07:15.0827510Z     🧠 Consulting AI (Vision-First) to find 'First Name'...
2026-01-18T18:07:15.0830398Z     🧠 [EXPERT] Strategy: Act as a Senior SDET focusing on exploring application to understand functional flow and automating FinTech scenarios. Focus on the end-to-end functional flow (e.g., Account Creation, Login, Funds Transfer, Loan Application). Prioritize identifying stable locators and interactive elements for automation. Ensure core banking features are accessible and functional.
2026-01-18T18:07:15.0834145Z [CACHE HIT] 13bd8954... (hits: 2, misses: 2)
2026-01-18T18:07:15.0834851Z     ⚠️ Skipping duplicate injection: Register
2026-01-18T18:07:15.0835608Z     🧠 Verifying step validity for 'First Name' after no candidates found...
2026-01-18T18:07:17.8214639Z [DEBUG] Sending request to gemini-2.0-flash. Number of parts: 2
2026-01-18T18:07:17.8215454Z [DEBUG] Received response (Length: 139)
2026-01-18T18:07:17.8216987Z     🗑️ Step deemed INVALID: The current page is blank. There is no "First Name" field to interact with.. Removing from workflow.
2026-01-18T18:07:17.8218588Z     ⏭️ Skipping execution of invalid step: First Name
2026-01-18T18:07:17.8219298Z   ▶️ [STEP step_5] FILL: Last Name
2026-01-18T18:07:17.8275671Z     🔍 Mining locators for: 'Last Name'
2026-01-18T18:07:17.8484685Z     🧠 Consulting AI (Vision-First) to find 'Last Name'...
2026-01-18T18:07:17.8486791Z     🧠 [EXPERT] Strategy: Act as a Senior SDET focusing on exploring application to understand functional flow and automating FinTech scenarios. Focus on the end-to-end functional flow (e.g., Account Creation, Login, Funds Transfer, Loan Application). Prioritize identifying stable locators and interactive elements for automation. Ensure core banking features are accessible and functional.
2026-01-18T18:07:22.8232072Z [DEBUG] Sending request to gemini-2.0-flash. Number of parts: 2
2026-01-18T18:07:22.8232791Z [DEBUG] Received response (Length: 208)
2026-01-18T18:07:22.8234097Z     💡 Expert Suggestion: The 'Last Name' field is typically found within a registration form.
2026-01-18T18:07:22.8235368Z     🛠️ Executing corrective action: click -> 'Register'
2026-01-18T18:07:22.8503505Z     🔄 Retry 1/3 mining locators for 'Last Name'...
2026-01-18T18:07:23.8803700Z     🧠 Consulting AI (Vision-First) to find 'Last Name'...
2026-01-18T18:07:23.8805835Z     🧠 [EXPERT] Strategy: Act as a Senior SDET focusing on exploring application to understand functional flow and automating FinTech scenarios. Focus on the end-to-end functional flow (e.g., Account Creation, Login, Funds Transfer, Loan Application). Prioritize identifying stable locators and interactive elements for automation. Ensure core banking features are accessible and functional.
2026-01-18T18:07:23.8808655Z [CACHE HIT] 0dc6963a... (hits: 3, misses: 4)
2026-01-18T18:07:23.8809386Z     ⚠️ Skipping duplicate injection: Register
2026-01-18T18:07:23.8809764Z     🔄 Retry 2/3 mining locators for 'Last Name'...
2026-01-18T18:07:24.9034931Z     🧠 Consulting AI (Vision-First) to find 'Last Name'...
2026-01-18T18:07:24.9037153Z     🧠 [EXPERT] Strategy: Act as a Senior SDET focusing on exploring application to understand functional flow and automating FinTech scenarios. Focus on the end-to-end functional flow (e.g., Account Creation, Login, Funds Transfer, Loan Application). Prioritize identifying stable locators and interactive elements for automation. Ensure core banking features are accessible and functional.
2026-01-18T18:07:24.9039836Z [CACHE HIT] 0dc6963a... (hits: 4, misses: 4)
2026-01-18T18:07:24.9040507Z     ⚠️ Skipping duplicate injection: Register
2026-01-18T18:07:24.9041303Z     🧠 Verifying step validity for 'Last Name' after no candidates found...
2026-01-18T18:07:27.8167006Z [DEBUG] Sending request to gemini-2.0-flash. Number of parts: 2
2026-01-18T18:07:27.8168260Z [DEBUG] Received response (Length: 141)
2026-01-18T18:07:27.8170215Z     🗑️ Step deemed INVALID: The current page is blank, so there is no "Last Name" field to interact with.. Removing from workflow.
2026-01-18T18:07:27.8171918Z     ⏭️ Skipping execution of invalid step: Last Name
2026-01-18T18:07:27.8172663Z   ▶️ [STEP step_6] FILL: Email Address
2026-01-18T18:07:27.8230622Z     🔍 Mining locators for: 'Email Address'
2026-01-18T18:07:27.8465210Z     🧠 Consulting AI (Vision-First) to find 'Email Address'...
2026-01-18T18:07:27.8468771Z     🧠 [EXPERT] Strategy: Act as a Senior SDET focusing on exploring application to understand functional flow and automating FinTech scenarios. Focus on the end-to-end functional flow (e.g., Account Creation, Login, Funds Transfer, Loan Application). Prioritize identifying stable locators and interactive elements for automation. Ensure core banking features are accessible and functional.
2026-01-18T18:07:32.8255869Z [DEBUG] Sending request to gemini-2.0-flash. Number of parts: 2
2026-01-18T18:07:32.8256465Z [DEBUG] Received response (Length: 204)
2026-01-18T18:07:32.8257578Z     💡 Expert Suggestion: Email address field is typically found on the registration page.
2026-01-18T18:07:32.8258343Z     🛠️ Executing corrective action: click -> 'Register'
2026-01-18T18:07:32.8522297Z     🔄 Retry 1/3 mining locators for 'Email Address'...
2026-01-18T18:07:33.8804348Z     🧠 Consulting AI (Vision-First) to find 'Email Address'...
2026-01-18T18:07:33.8806696Z     🧠 [EXPERT] Strategy: Act as a Senior SDET focusing on exploring application to understand functional flow and automating FinTech scenarios. Focus on the end-to-end functional flow (e.g., Account Creation, Login, Funds Transfer, Loan Application). Prioritize identifying stable locators and interactive elements for automation. Ensure core banking features are accessible and functional.
2026-01-18T18:07:33.8809579Z [CACHE HIT] 1cdd6f7d... (hits: 5, misses: 6)
2026-01-18T18:07:33.8810265Z     ⚠️ Skipping duplicate injection: Register
2026-01-18T18:07:33.8810881Z     🔄 Retry 2/3 mining locators for 'Email Address'...
2026-01-18T18:07:34.9036614Z     🧠 Consulting AI (Vision-First) to find 'Email Address'...
2026-01-18T18:07:34.9040438Z     🧠 [EXPERT] Strategy: Act as a Senior SDET focusing on exploring application to understand functional flow and automating FinTech scenarios. Focus on the end-to-end functional flow (e.g., Account Creation, Login, Funds Transfer, Loan Application). Prioritize identifying stable locators and interactive elements for automation. Ensure core banking features are accessible and functional.
2026-01-18T18:07:34.9042820Z [CACHE HIT] 1cdd6f7d... (hits: 6, misses: 6)
2026-01-18T18:07:34.9043416Z     ⚠️ Skipping duplicate injection: Register
2026-01-18T18:07:34.9044225Z     🧠 Verifying step validity for 'Email Address' after no candidates found...
2026-01-18T18:07:37.7170028Z [DEBUG] Sending request to gemini-2.0-flash. Number of parts: 2
2026-01-18T18:07:37.7170673Z [DEBUG] Received response (Length: 126)
2026-01-18T18:07:37.7172050Z     🗑️ Step deemed INVALID: The current page is blank. There is no element to interact with.. Removing from workflow.
2026-01-18T18:07:37.7172667Z     ⏭️ Skipping execution of invalid step: Email Address
2026-01-18T18:07:37.7173037Z   ▶️ [STEP step_7] FILL: Password
2026-01-18T18:07:37.7233143Z     🔍 Mining locators for: 'Password'
2026-01-18T18:07:37.7468603Z     🧠 Consulting AI (Vision-First) to find 'Password'...
2026-01-18T18:07:37.7470822Z     🧠 [EXPERT] Strategy: Act as a Senior SDET focusing on exploring application to understand functional flow and automating FinTech scenarios. Focus on the end-to-end functional flow (e.g., Account Creation, Login, Funds Transfer, Loan Application). Prioritize identifying stable locators and interactive elements for automation. Ensure core banking features are accessible and functional.
2026-01-18T18:07:42.7645029Z [DEBUG] Sending request to gemini-2.0-flash. Number of parts: 2
2026-01-18T18:07:42.7645853Z [DEBUG] Received response (Length: 205)
2026-01-18T18:07:42.7647216Z     💡 Expert Suggestion: The 'Password' field is typically found on the registration page.
2026-01-18T18:07:42.7648708Z     🛠️ Executing corrective action: click -> 'Register'
2026-01-18T18:07:42.7966966Z     🔄 Retry 1/3 mining locators for 'Password'...
2026-01-18T18:07:43.8196814Z     🧠 Consulting AI (Vision-First) to find 'Password'...
2026-01-18T18:07:43.8200010Z     🧠 [EXPERT] Strategy: Act as a Senior SDET focusing on exploring application to understand functional flow and automating FinTech scenarios. Focus on the end-to-end functional flow (e.g., Account Creation, Login, Funds Transfer, Loan Application). Prioritize identifying stable locators and interactive elements for automation. Ensure core banking features are accessible and functional.
2026-01-18T18:07:43.8201975Z [CACHE HIT] 0363ff0a... (hits: 7, misses: 8)
2026-01-18T18:07:43.8202357Z     ⚠️ Skipping duplicate injection: Register
2026-01-18T18:07:43.8202713Z     🔄 Retry 2/3 mining locators for 'Password'...
2026-01-18T18:07:44.8458916Z     🧠 Consulting AI (Vision-First) to find 'Password'...
2026-01-18T18:07:44.8461743Z     🧠 [EXPERT] Strategy: Act as a Senior SDET focusing on exploring application to understand functional flow and automating FinTech scenarios. Focus on the end-to-end functional flow (e.g., Account Creation, Login, Funds Transfer, Loan Application). Prioritize identifying stable locators and interactive elements for automation. Ensure core banking features are accessible and functional.
2026-01-18T18:07:44.8463853Z [CACHE HIT] 0363ff0a... (hits: 8, misses: 8)
2026-01-18T18:07:44.8464487Z     ⚠️ Skipping duplicate injection: Register
2026-01-18T18:07:44.8465001Z     🧠 Verifying step validity for 'Password' after no candidates found...
2026-01-18T18:07:47.8055350Z [DEBUG] Sending request to gemini-2.0-flash. Number of parts: 2
2026-01-18T18:07:47.8056075Z [DEBUG] Received response (Length: 173)
2026-01-18T18:07:47.8058211Z     🗑️ Step deemed INVALID: The current page is blank, so there is no 'Password' element to interact with. We are likely on the wrong page.. Removing from workflow.
2026-01-18T18:07:47.8059652Z     ⏭️ Skipping execution of invalid step: Password
2026-01-18T18:07:47.8060271Z   ▶️ [STEP step_8] CLICK: Register
2026-01-18T18:07:47.8116245Z     🔍 Mining locators for: 'Register'
2026-01-18T18:07:47.8320839Z     🧠 Consulting AI (Vision-First) to find 'Register'...
2026-01-18T18:07:47.8323746Z     🧠 [EXPERT] Strategy: Act as a Senior SDET focusing on exploring application to understand functional flow and automating FinTech scenarios. Focus on the end-to-end functional flow (e.g., Account Creation, Login, Funds Transfer, Loan Application). Prioritize identifying stable locators and interactive elements for automation. Ensure core banking features are accessible and functional.
2026-01-18T18:07:53.0511005Z [DEBUG] Sending request to gemini-2.0-flash. Number of parts: 2
2026-01-18T18:07:53.0511509Z [DEBUG] Received response (Length: 238)
2026-01-18T18:07:53.0512903Z     💡 Expert Suggestion: The 'Register' option is typically found near the 'Login' button or within the login/account section.
2026-01-18T18:07:53.0513732Z     🛠️ Executing corrective action: click -> 'Login'
2026-01-18T18:07:53.0789733Z     🔄 Retry 1/3 mining locators for 'Register'...
2026-01-18T18:07:54.1013895Z     🧠 Consulting AI (Vision-First) to find 'Register'...
2026-01-18T18:07:54.1015942Z     🧠 [EXPERT] Strategy: Act as a Senior SDET focusing on exploring application to understand functional flow and automating FinTech scenarios. Focus on the end-to-end functional flow (e.g., Account Creation, Login, Funds Transfer, Loan Application). Prioritize identifying stable locators and interactive elements for automation. Ensure core banking features are accessible and functional.
2026-01-18T18:07:54.1018814Z [CACHE HIT] 260063e8... (hits: 9, misses: 10)
2026-01-18T18:07:54.1019213Z     ⚠️ Skipping duplicate injection: Login
2026-01-18T18:07:54.1019567Z     🔄 Retry 2/3 mining locators for 'Register'...
2026-01-18T18:07:55.1609393Z     🧠 Consulting AI (Vision-First) to find 'Register'...
2026-01-18T18:07:55.1612402Z     🧠 [EXPERT] Strategy: Act as a Senior SDET focusing on exploring application to understand functional flow and automating FinTech scenarios. Focus on the end-to-end functional flow (e.g., Account Creation, Login, Funds Transfer, Loan Application). Prioritize identifying stable locators and interactive elements for automation. Ensure core banking features are accessible and functional.
2026-01-18T18:07:55.1615256Z [CACHE HIT] 260063e8... (hits: 10, misses: 10)
2026-01-18T18:07:55.1615749Z     ⚠️ Skipping duplicate injection: Login
2026-01-18T18:07:55.1616303Z     🧠 Verifying step validity for 'Register' after no candidates found...
2026-01-18T18:07:57.9617670Z [DEBUG] Sending request to gemini-2.0-flash. Number of parts: 2
2026-01-18T18:07:57.9618439Z [DEBUG] Received response (Length: 201)
2026-01-18T18:07:57.9620736Z     🗑️ Step deemed INVALID: The screenshot is completely blank, so there is no way to locate a 'Register' button or any other element. We are likely on the wrong page.. Removing from workflow.
2026-01-18T18:07:57.9622819Z     ⏭️ Skipping execution of invalid step: Register
2026-01-18T18:07:57.9623581Z   ▶️ [STEP step_9] ASSERT_URL: 
2026-01-18T18:08:02.9763826Z     ⚠️ Scroll into view failed for text=None. Proceeding anyway.
2026-01-18T18:08:04.9786750Z     ✅ State transitioned.
2026-01-18T18:08:04.9815390Z     🔄 Revisited state detected
2026-01-18T18:08:06.3941973Z [DEBUG] Sending request to gemini-2.0-flash. Number of parts: 2
2026-01-18T18:08:06.3942735Z [DEBUG] Received response (Length: 383)
2026-01-18T18:08:06.3943763Z     🤖 AI Next Step Suggestion: navigate -> banking application
2026-01-18T18:08:06.3946854Z     💭 Reasoning: The current page is blank. To achieve the goal of registering a user, logging in, opening an account, transferring funds, and viewing the account overview, we need to navigate to the banking application's URL. Replace example.com with the actual URL.
2026-01-18T18:08:06.3949958Z     ➕ Injected AI step: navigate -> banking application
2026-01-18T18:08:06.3950889Z   ▶️ [STEP step_9_ai_1] NAVIGATE: banking application
2026-01-18T18:08:06.9013491Z     ❌ Navigation failed to banking application: Page.goto: Protocol error (Page.navigate): Cannot navigate to invalid URL
2026-01-18T18:08:06.9014956Z Call log:
2026-01-18T18:08:06.9016158Z   - navigating to "banking application", waiting until "domcontentloaded"
2026-01-18T18:08:06.9016919Z 
2026-01-18T18:08:06.9018080Z     ⚠️ Critical step failure: Page.goto: Protocol error (Page.navigate): Cannot navigate to invalid URL
2026-01-18T18:08:06.9019063Z Call log:
2026-01-18T18:08:06.9019421Z   - navigating t
2026-01-18T18:08:06.9019956Z   ▶️ [STEP step_11] FILL: Email Address
2026-01-18T18:08:06.9075722Z     🔍 Mining locators for: 'Email Address'
2026-01-18T18:08:06.9295345Z     🧠 Consulting AI (Vision-First) to find 'Email Address'...
2026-01-18T18:08:06.9298296Z     🧠 [EXPERT] Strategy: Act as a Senior SDET focusing on exploring application to understand functional flow and automating FinTech scenarios. Focus on the end-to-end functional flow (e.g., Account Creation, Login, Funds Transfer, Loan Application). Prioritize identifying stable locators and interactive elements for automation. Ensure core banking features are accessible and functional.
2026-01-18T18:08:06.9300482Z [CACHE HIT] 1cdd6f7d... (hits: 11, misses: 12)
2026-01-18T18:08:06.9301308Z     💡 Expert Suggestion: Email address field is typically found on the registration page.
2026-01-18T18:08:06.9301843Z     🛠️ Executing corrective action: click -> 'Register'
2026-01-18T18:08:06.9627969Z     🔄 Retry 1/3 mining locators for 'Email Address'...
2026-01-18T18:08:07.9850773Z     🧠 Consulting AI (Vision-First) to find 'Email Address'...
2026-01-18T18:08:07.9854047Z     🧠 [EXPERT] Strategy: Act as a Senior SDET focusing on exploring application to understand functional flow and automating FinTech scenarios. Focus on the end-to-end functional flow (e.g., Account Creation, Login, Funds Transfer, Loan Application). Prioritize identifying stable locators and interactive elements for automation. Ensure core banking features are accessible and functional.
2026-01-18T18:08:07.9856555Z [CACHE HIT] 1cdd6f7d... (hits: 12, misses: 12)
2026-01-18T18:08:07.9857007Z     ⚠️ Skipping duplicate injection: Register
2026-01-18T18:08:07.9857739Z     🔄 Retry 2/3 mining locators for 'Email Address'...
2026-01-18T18:08:09.0115376Z     🧠 Consulting AI (Vision-First) to find 'Email Address'...
2026-01-18T18:08:09.0118507Z     🧠 [EXPERT] Strategy: Act as a Senior SDET focusing on exploring application to understand functional flow and automating FinTech scenarios. Focus on the end-to-end functional flow (e.g., Account Creation, Login, Funds Transfer, Loan Application). Prioritize identifying stable locators and interactive elements for automation. Ensure core banking features are accessible and functional.
2026-01-18T18:08:09.0121364Z [CACHE HIT] 1cdd6f7d... (hits: 13, misses: 12)
2026-01-18T18:08:09.0121898Z     ⚠️ Skipping duplicate injection: Register
2026-01-18T18:08:09.0122534Z     🧠 Verifying step validity for 'Email Address' after no candidates found...
2026-01-18T18:08:09.0123214Z [CACHE HIT] 54cc7d05... (hits: 14, misses: 12)
2026-01-18T18:08:09.0124622Z     🗑️ Step deemed INVALID: The current page is blank. There is no element to interact with.. Removing from workflow.
2026-01-18T18:08:09.0125678Z     ⏭️ Skipping execution of invalid step: Email Address
2026-01-18T18:08:09.0126170Z   ▶️ [STEP step_12] FILL: Password
2026-01-18T18:08:09.0176251Z     🔍 Mining locators for: 'Password'
2026-01-18T18:08:09.0451959Z     🧠 Consulting AI (Vision-First) to find 'Password'...
2026-01-18T18:08:09.0453959Z     🧠 [EXPERT] Strategy: Act as a Senior SDET focusing on exploring application to understand functional flow and automating FinTech scenarios. Focus on the end-to-end functional flow (e.g., Account Creation, Login, Funds Transfer, Loan Application). Prioritize identifying stable locators and interactive elements for automation. Ensure core banking features are accessible and functional.
2026-01-18T18:08:09.0455555Z [CACHE HIT] 0363ff0a... (hits: 15, misses: 12)
2026-01-18T18:08:09.0456419Z     💡 Expert Suggestion: The 'Password' field is typically found on the registration page.
2026-01-18T18:08:09.0457855Z     🛠️ Executing corrective action: click -> 'Register'
2026-01-18T18:08:09.0786516Z     🔄 Retry 1/3 mining locators for 'Password'...
2026-01-18T18:08:10.1010699Z     🧠 Consulting AI (Vision-First) to find 'Password'...
2026-01-18T18:08:10.1012643Z     🧠 [EXPERT] Strategy: Act as a Senior SDET focusing on exploring application to understand functional flow and automating FinTech scenarios. Focus on the end-to-end functional flow (e.g., Account Creation, Login, Funds Transfer, Loan Application). Prioritize identifying stable locators and interactive elements for automation. Ensure core banking features are accessible and functional.
2026-01-18T18:08:10.1014304Z [CACHE HIT] 0363ff0a... (hits: 16, misses: 12)
2026-01-18T18:08:10.1015246Z     ⚠️ Skipping duplicate injection: Register
2026-01-18T18:08:10.1015693Z     🔄 Retry 2/3 mining locators for 'Password'...
2026-01-18T18:08:11.1288861Z     🧠 Consulting AI (Vision-First) to find 'Password'...
2026-01-18T18:08:11.1291442Z     🧠 [EXPERT] Strategy: Act as a Senior SDET focusing on exploring application to understand functional flow and automating FinTech scenarios. Focus on the end-to-end functional flow (e.g., Account Creation, Login, Funds Transfer, Loan Application). Prioritize identifying stable locators and interactive elements for automation. Ensure core banking features are accessible and functional.
2026-01-18T18:08:11.1293985Z [CACHE HIT] 0363ff0a... (hits: 17, misses: 12)
2026-01-18T18:08:11.1294432Z     ⚠️ Skipping duplicate injection: Register
2026-01-18T18:08:11.1294985Z     🧠 Verifying step validity for 'Password' after no candidates found...
2026-01-18T18:08:11.1296120Z [CACHE HIT] cfb4ebee... (hits: 18, misses: 12)
2026-01-18T18:08:11.1297931Z     🗑️ Step deemed INVALID: The current page is blank, so there is no 'Password' element to interact with. We are likely on the wrong page.. Removing from workflow.
2026-01-18T18:08:11.1298813Z     ⏭️ Skipping execution of invalid step: Password
2026-01-18T18:08:11.1299205Z   ▶️ [STEP step_13] CLICK: Login
2026-01-18T18:08:11.1349483Z     🔍 Mining locators for: 'Login'
2026-01-18T18:08:11.1628679Z     🧠 Consulting AI (Vision-First) to find 'Login'...
2026-01-18T18:08:11.1630706Z     🧠 [EXPERT] Strategy: Act as a Senior SDET focusing on exploring application to understand functional flow and automating FinTech scenarios. Focus on the end-to-end functional flow (e.g., Account Creation, Login, Funds Transfer, Loan Application). Prioritize identifying stable locators and interactive elements for automation. Ensure core banking features are accessible and functional.
2026-01-18T18:08:12.1124820Z [DEBUG] Sending request to gemini-2.0-flash. Number of parts: 2
2026-01-18T18:08:12.1125741Z [DEBUG] Received response (Length: 182)
2026-01-18T18:08:12.1126832Z     💡 Expert Suggestion: Search bar is likely on the Products page.
2026-01-18T18:08:12.1128038Z     🛠️ Executing corrective action: click -> 'Products'
2026-01-18T18:08:12.1391571Z     🔄 Retry 1/3 mining locators for 'Login'...
2026-01-18T18:08:13.1618421Z     🧠 Consulting AI (Vision-First) to find 'Login'...
2026-01-18T18:08:13.1620540Z     🧠 [EXPERT] Strategy: Act as a Senior SDET focusing on exploring application to understand functional flow and automating FinTech scenarios. Focus on the end-to-end functional flow (e.g., Account Creation, Login, Funds Transfer, Loan Application). Prioritize identifying stable locators and interactive elements for automation. Ensure core banking features are accessible and functional.
2026-01-18T18:08:13.1623083Z [CACHE HIT] 493802bc... (hits: 19, misses: 13)
2026-01-18T18:08:13.1623479Z     ⚠️ Skipping duplicate injection: Products
2026-01-18T18:08:13.1623816Z     🔄 Retry 2/3 mining locators for 'Login'...
2026-01-18T18:08:14.1854658Z     🧠 Consulting AI (Vision-First) to find 'Login'...
2026-01-18T18:08:14.1858183Z     🧠 [EXPERT] Strategy: Act as a Senior SDET focusing on exploring application to understand functional flow and automating FinTech scenarios. Focus on the end-to-end functional flow (e.g., Account Creation, Login, Funds Transfer, Loan Application). Prioritize identifying stable locators and interactive elements for automation. Ensure core banking features are accessible and functional.
2026-01-18T18:08:14.1860987Z [CACHE HIT] 493802bc... (hits: 20, misses: 13)
2026-01-18T18:08:14.1861497Z     ⚠️ Skipping duplicate injection: Products
2026-01-18T18:08:14.1862097Z     🧠 Verifying step validity for 'Login' after no candidates found...
2026-01-18T18:08:17.1344702Z [DEBUG] Sending request to gemini-2.0-flash. Number of parts: 2
2026-01-18T18:08:17.1345355Z [DEBUG] Received response (Length: 134)
2026-01-18T18:08:17.1346372Z     🗑️ Step deemed INVALID: The current page is blank. There is no 'Login' element to interact with.. Removing from workflow.
2026-01-18T18:08:17.1347728Z     ⏭️ Skipping execution of invalid step: Login
2026-01-18T18:08:17.1348176Z   ▶️ [STEP step_14] ASSERT_URL: 
2026-01-18T18:08:22.1486918Z     ⚠️ Scroll into view failed for text=None. Proceeding anyway.
2026-01-18T18:08:24.1510745Z     ✅ State transitioned.
2026-01-18T18:08:24.1536238Z     🔄 Revisited state detected
2026-01-18T18:08:25.2625405Z [DEBUG] Sending request to gemini-2.0-flash. Number of parts: 2
2026-01-18T18:08:25.2626047Z [DEBUG] Received response (Length: 252)
2026-01-18T18:08:25.2626933Z     🤖 AI Next Step Suggestion: navigate -> application homepage
2026-01-18T18:08:25.2628381Z     💭 Reasoning: The current page is blank. Navigating to a known banking application homepage is the first step to achieving the goal.
2026-01-18T18:08:25.2629327Z     ➕ Injected AI step: navigate -> application homepage
2026-01-18T18:08:25.2629720Z   ▶️ [STEP step_14_ai_1] NAVIGATE: application homepage
2026-01-18T18:08:25.7700571Z     ❌ Navigation failed to application homepage: Page.goto: Protocol error (Page.navigate): Cannot navigate to invalid URL
2026-01-18T18:08:25.7701491Z Call log:
2026-01-18T18:08:25.7701944Z   - navigating to "application homepage", waiting until "domcontentloaded"
2026-01-18T18:08:25.7702333Z 
2026-01-18T18:08:25.7704152Z     ⚠️ Critical step failure: Page.goto: Protocol error (Page.navigate): Cannot navigate to invalid URL
2026-01-18T18:08:25.7704764Z Call log:
2026-01-18T18:08:25.7704987Z   - navigating t
2026-01-18T18:08:25.7705315Z   ▶️ [STEP step_16] CLICK: Open New Account
2026-01-18T18:08:25.7756383Z     🔍 Mining locators for: 'Open New Account'
2026-01-18T18:08:25.7968010Z     🧠 Consulting AI (Vision-First) to find 'Open New Account'...
2026-01-18T18:08:25.7988992Z     🧠 [EXPERT] Strategy: Act as a Senior SDET focusing on exploring application to understand functional flow and automating FinTech scenarios. Focus on the end-to-end functional flow (e.g., Account Creation, Login, Funds Transfer, Loan Application). Prioritize identifying stable locators and interactive elements for automation. Ensure core banking features are accessible and functional.
2026-01-18T18:08:30.3029629Z [DEBUG] Sending request to gemini-2.0-flash. Number of parts: 2
2026-01-18T18:08:30.3030046Z [DEBUG] Received response (Length: 182)
2026-01-18T18:08:30.3030695Z     💡 Expert Suggestion: Search bar is likely on the Products page.
2026-01-18T18:08:30.3031167Z     🛠️ Executing corrective action: click -> 'Products'
2026-01-18T18:08:30.3304025Z     🔄 Retry 1/3 mining locators for 'Open New Account'...
2026-01-18T18:08:31.3528533Z     🧠 Consulting AI (Vision-First) to find 'Open New Account'...
2026-01-18T18:08:31.3531470Z     🧠 [EXPERT] Strategy: Act as a Senior SDET focusing on exploring application to understand functional flow and automating FinTech scenarios. Focus on the end-to-end functional flow (e.g., Account Creation, Login, Funds Transfer, Loan Application). Prioritize identifying stable locators and interactive elements for automation. Ensure core banking features are accessible and functional.
2026-01-18T18:08:31.3533717Z [CACHE HIT] 5e2da921... (hits: 21, misses: 16)
2026-01-18T18:08:31.3534114Z     ⚠️ Skipping duplicate injection: Products
2026-01-18T18:08:31.3534488Z     🔄 Retry 2/3 mining locators for 'Open New Account'...
2026-01-18T18:08:32.3778338Z     🧠 Consulting AI (Vision-First) to find 'Open New Account'...
2026-01-18T18:08:32.3781363Z     🧠 [EXPERT] Strategy: Act as a Senior SDET focusing on exploring application to understand functional flow and automating FinTech scenarios. Focus on the end-to-end functional flow (e.g., Account Creation, Login, Funds Transfer, Loan Application). Prioritize identifying stable locators and interactive elements for automation. Ensure core banking features are accessible and functional.
2026-01-18T18:08:32.3783740Z [CACHE HIT] 5e2da921... (hits: 22, misses: 16)
2026-01-18T18:08:32.3784389Z     ⚠️ Skipping duplicate injection: Products
2026-01-18T18:08:32.3785309Z     🧠 Verifying step validity for 'Open New Account' after no candidates found...
2026-01-18T18:08:35.2647878Z [DEBUG] Sending request to gemini-2.0-flash. Number of parts: 2
2026-01-18T18:08:35.2648658Z [DEBUG] Received response (Length: 183)
2026-01-18T18:08:35.2650835Z     🗑️ Step deemed INVALID: The current page is blank. It's impossible to locate 'Open New Account' on a blank page. We are likely on the wrong page.. Removing from workflow.
2026-01-18T18:08:35.2652788Z     ⏭️ Skipping execution of invalid step: Open New Account
2026-01-18T18:08:35.2653766Z   ▶️ [STEP step_17] ASSERT_VISIBLE: Account Type Selection
2026-01-18T18:08:35.2711534Z     🔍 Mining locators for: 'Account Type Selection'
2026-01-18T18:08:35.2944622Z     🧠 Consulting AI (Vision-First) to find 'Account Type Selection'...
2026-01-18T18:08:35.2947913Z     🧠 [EXPERT] Strategy: Act as a Senior SDET focusing on exploring application to understand functional flow and automating FinTech scenarios. Focus on the end-to-end functional flow (e.g., Account Creation, Login, Funds Transfer, Loan Application). Prioritize identifying stable locators and interactive elements for automation. Ensure core banking features are accessible and functional.
2026-01-18T18:08:40.2472706Z [DEBUG] Sending request to gemini-2.0-flash. Number of parts: 2
2026-01-18T18:08:40.2473517Z [DEBUG] Received response (Length: 194)
2026-01-18T18:08:40.2474635Z     💡 Expert Suggestion: Account Type Selection is likely on the Products page.
2026-01-18T18:08:40.2475631Z     🛠️ Executing corrective action: click -> 'Products'
2026-01-18T18:08:40.2780709Z     🔄 Retry 1/3 mining locators for 'Account Type Selection'...
2026-01-18T18:08:41.3003238Z     🧠 Consulting AI (Vision-First) to find 'Account Type Selection'...
2026-01-18T18:08:41.3006271Z     🧠 [EXPERT] Strategy: Act as a Senior SDET focusing on exploring application to understand functional flow and automating FinTech scenarios. Focus on the end-to-end functional flow (e.g., Account Creation, Login, Funds Transfer, Loan Application). Prioritize identifying stable locators and interactive elements for automation. Ensure core banking features are accessible and functional.
2026-01-18T18:08:41.3008786Z [CACHE HIT] 8ead3b6a... (hits: 23, misses: 18)
2026-01-18T18:08:41.3009202Z     ⚠️ Skipping duplicate injection: Products
2026-01-18T18:08:41.3009635Z     🔄 Retry 2/3 mining locators for 'Account Type Selection'...
2026-01-18T18:08:42.3270108Z     🧠 Consulting AI (Vision-First) to find 'Account Type Selection'...
2026-01-18T18:08:42.3273574Z     🧠 [EXPERT] Strategy: Act as a Senior SDET focusing on exploring application to understand functional flow and automating FinTech scenarios. Focus on the end-to-end functional flow (e.g., Account Creation, Login, Funds Transfer, Loan Application). Prioritize identifying stable locators and interactive elements for automation. Ensure core banking features are accessible and functional.
2026-01-18T18:08:42.3276569Z [CACHE HIT] 8ead3b6a... (hits: 24, misses: 18)
2026-01-18T18:08:42.3277918Z     ⚠️ Skipping duplicate injection: Products
2026-01-18T18:08:42.3278576Z     🧠 Verifying step validity for 'Account Type Selection' after no candidates found...
2026-01-18T18:08:45.3812625Z [DEBUG] Sending request to gemini-2.0-flash. Number of parts: 2
2026-01-18T18:08:45.3813584Z [DEBUG] Received response (Length: 257)
2026-01-18T18:08:45.3817849Z     🗑️ Step deemed INVALID: The screenshot is completely blank. It's impossible to determine if 'Account Type Selection' exists or to provide a valid CSS selector. We are likely on the wrong page or the page failed to load.. Removing from workflow.
2026-01-18T18:08:45.3821264Z     ⏭️ Skipping execution of invalid step: Account Type Selection
2026-01-18T18:08:45.3822305Z   ▶️ [STEP step_18] SELECT: Account Type
2026-01-18T18:08:45.3881219Z     🔍 Mining locators for: 'Account Type'
2026-01-18T18:08:45.4113998Z     🧠 Consulting AI (Vision-First) to find 'Account Type'...
2026-01-18T18:08:45.4116148Z     🧠 [EXPERT] Strategy: Act as a Senior SDET focusing on exploring application to understand functional flow and automating FinTech scenarios. Focus on the end-to-end functional flow (e.g., Account Creation, Login, Funds Transfer, Loan Application). Prioritize identifying stable locators and interactive elements for automation. Ensure core banking features are accessible and functional.
2026-01-18T18:08:50.2430098Z [DEBUG] Sending request to gemini-2.0-flash. Number of parts: 2
2026-01-18T18:08:50.2430945Z [DEBUG] Received response (Length: 196)
2026-01-18T18:08:50.2432441Z     💡 Expert Suggestion: Account Type is likely found under the Products section.
2026-01-18T18:08:50.2433771Z     🛠️ Executing corrective action: click -> 'Products'
2026-01-18T18:08:50.2703577Z     🔄 Retry 1/3 mining locators for 'Account Type'...
2026-01-18T18:08:51.2936461Z     🧠 Consulting AI (Vision-First) to find 'Account Type'...
2026-01-18T18:08:51.2939513Z     🧠 [EXPERT] Strategy: Act as a Senior SDET focusing on exploring application to understand functional flow and automating FinTech scenarios. Focus on the end-to-end functional flow (e.g., Account Creation, Login, Funds Transfer, Loan Application). Prioritize identifying stable locators and interactive elements for automation. Ensure core banking features are accessible and functional.
2026-01-18T18:08:51.2941907Z [CACHE HIT] 5a210787... (hits: 25, misses: 20)
2026-01-18T18:08:51.2942347Z     ⚠️ Skipping duplicate injection: Products
2026-01-18T18:08:51.2942718Z     🔄 Retry 2/3 mining locators for 'Account Type'...
2026-01-18T18:08:52.3168262Z     🧠 Consulting AI (Vision-First) to find 'Account Type'...
2026-01-18T18:08:52.3170392Z     🧠 [EXPERT] Strategy: Act as a Senior SDET focusing on exploring application to understand functional flow and automating FinTech scenarios. Focus on the end-to-end functional flow (e.g., Account Creation, Login, Funds Transfer, Loan Application). Prioritize identifying stable locators and interactive elements for automation. Ensure core banking features are accessible and functional.
2026-01-18T18:08:52.3171991Z [CACHE HIT] 5a210787... (hits: 26, misses: 20)
2026-01-18T18:08:52.3172569Z     ⚠️ Skipping duplicate injection: Products
2026-01-18T18:08:52.3173287Z     🧠 Verifying step validity for 'Account Type' after no candidates found...
2026-01-18T18:08:55.2046384Z [DEBUG] Sending request to gemini-2.0-flash. Number of parts: 2
2026-01-18T18:08:55.2047021Z [DEBUG] Received response (Length: 170)
2026-01-18T18:08:55.2048737Z     🗑️ Step deemed INVALID: The current page is blank, so there is no 'Account Type' element to interact with. We are on the wrong page.. Removing from workflow.
2026-01-18T18:08:55.2049859Z     ⏭️ Skipping execution of invalid step: Account Type
2026-01-18T18:08:55.2050420Z   ▶️ [STEP step_19] CLICK: Submit Account Application
2026-01-18T18:08:55.2104784Z     🔍 Mining locators for: 'Submit Account Application'
2026-01-18T18:08:55.2321196Z     🧠 Consulting AI (Vision-First) to find 'Submit Account Application'...
2026-01-18T18:08:55.2324572Z     🧠 [EXPERT] Strategy: Act as a Senior SDET focusing on exploring application to understand functional flow and automating FinTech scenarios. Focus on the end-to-end functional flow (e.g., Account Creation, Login, Funds Transfer, Loan Application). Prioritize identifying stable locators and interactive elements for automation. Ensure core banking features are accessible and functional.
2026-01-18T18:09:00.4643958Z [DEBUG] Sending request to gemini-2.0-flash. Number of parts: 2
2026-01-18T18:09:00.4644444Z [DEBUG] Received response (Length: 324)
2026-01-18T18:09:00.4645834Z     💡 Expert Suggestion: The 'Submit Account Application' button is likely located within the account application form, which is typically found under the 'Products' or 'Services' section of a banking website.
2026-01-18T18:09:00.4646973Z     🛠️ Executing corrective action: click -> 'Products'
2026-01-18T18:09:00.4933883Z     🔄 Retry 1/3 mining locators for 'Submit Account Application'...
2026-01-18T18:09:01.5161569Z     🧠 Consulting AI (Vision-First) to find 'Submit Account Application'...
2026-01-18T18:09:01.5164723Z     🧠 [EXPERT] Strategy: Act as a Senior SDET focusing on exploring application to understand functional flow and automating FinTech scenarios. Focus on the end-to-end functional flow (e.g., Account Creation, Login, Funds Transfer, Loan Application). Prioritize identifying stable locators and interactive elements for automation. Ensure core banking features are accessible and functional.
2026-01-18T18:09:01.5166835Z [CACHE HIT] de665c4b... (hits: 27, misses: 22)
2026-01-18T18:09:01.5167239Z     ⚠️ Skipping duplicate injection: Products
2026-01-18T18:09:01.5168027Z     🔄 Retry 2/3 mining locators for 'Submit Account Application'...
2026-01-18T18:09:02.5434267Z     🧠 Consulting AI (Vision-First) to find 'Submit Account Application'...
2026-01-18T18:09:02.5436406Z     🧠 [EXPERT] Strategy: Act as a Senior SDET focusing on exploring application to understand functional flow and automating FinTech scenarios. Focus on the end-to-end functional flow (e.g., Account Creation, Login, Funds Transfer, Loan Application). Prioritize identifying stable locators and interactive elements for automation. Ensure core banking features are accessible and functional.
2026-01-18T18:09:02.5439769Z [CACHE HIT] de665c4b... (hits: 28, misses: 22)
2026-01-18T18:09:02.5440189Z     ⚠️ Skipping duplicate injection: Products
2026-01-18T18:09:02.5440700Z     🧠 Verifying step validity for 'Submit Account Application' after no candidates found...
2026-01-18T18:09:05.1814850Z [DEBUG] Sending request to gemini-2.0-flash. Number of parts: 2
2026-01-18T18:09:05.1815706Z [DEBUG] Received response (Length: 218)
2026-01-18T18:09:05.1818753Z     🗑️ Step deemed INVALID: The screenshot is completely blank. It is impossible to determine if the element exists or to provide a valid CSS selector. We are likely on the wrong page.. Removing from workflow.
2026-01-18T18:09:05.1821640Z     ⏭️ Skipping execution of invalid step: Submit Account Application
2026-01-18T18:09:05.1823036Z   ▶️ [STEP step_20] ASSERT_VISIBLE: Account Created Successfully Message
2026-01-18T18:09:05.1877672Z     🔍 Mining locators for: 'Account Created Successfully Message'
2026-01-18T18:09:05.2104182Z     🧠 Consulting AI (Vision-First) to find 'Account Created Successfully Message'...
2026-01-18T18:09:05.2106357Z     🧠 [EXPERT] Strategy: Act as a Senior SDET focusing on exploring application to understand functional flow and automating FinTech scenarios. Focus on the end-to-end functional flow (e.g., Account Creation, Login, Funds Transfer, Loan Application). Prioritize identifying stable locators and interactive elements for automation. Ensure core banking features are accessible and functional.
2026-01-18T18:09:10.4154136Z [DEBUG] Sending request to gemini-2.0-flash. Number of parts: 2
2026-01-18T18:09:10.4154861Z [DEBUG] Received response (Length: 274)
2026-01-18T18:09:10.4156803Z     💡 Expert Suggestion: After registering and logging in, the next step is to open a new account. The success message should appear after this action.
2026-01-18T18:09:10.4159113Z     🛠️ Executing corrective action: click -> 'Open New Account'
2026-01-18T18:09:10.4430679Z     🔄 Retry 1/3 mining locators for 'Account Created Successfully Message'...
2026-01-18T18:09:11.4660142Z     🧠 Consulting AI (Vision-First) to find 'Account Created Successfully Message'...
2026-01-18T18:09:11.4663412Z     🧠 [EXPERT] Strategy: Act as a Senior SDET focusing on exploring application to understand functional flow and automating FinTech scenarios. Focus on the end-to-end functional flow (e.g., Account Creation, Login, Funds Transfer, Loan Application). Prioritize identifying stable locators and interactive elements for automation. Ensure core banking features are accessible and functional.
2026-01-18T18:09:11.4665637Z [CACHE HIT] feec0f8a... (hits: 29, misses: 24)
2026-01-18T18:09:11.4666063Z     ⚠️ Skipping duplicate injection: Open New Account
2026-01-18T18:09:11.4666543Z     🔄 Retry 2/3 mining locators for 'Account Created Successfully Message'...
2026-01-18T18:09:12.4931504Z     🧠 Consulting AI (Vision-First) to find 'Account Created Successfully Message'...
2026-01-18T18:09:12.4934604Z     🧠 [EXPERT] Strategy: Act as a Senior SDET focusing on exploring application to understand functional flow and automating FinTech scenarios. Focus on the end-to-end functional flow (e.g., Account Creation, Login, Funds Transfer, Loan Application). Prioritize identifying stable locators and interactive elements for automation. Ensure core banking features are accessible and functional.
2026-01-18T18:09:12.4937143Z [CACHE HIT] feec0f8a... (hits: 30, misses: 24)
2026-01-18T18:09:12.4937957Z     ⚠️ Skipping duplicate injection: Open New Account
2026-01-18T18:09:12.4938629Z     🧠 Verifying step validity for 'Account Created Successfully Message' after no candidates found...
2026-01-18T18:09:15.3210124Z [DEBUG] Sending request to gemini-2.0-flash. Number of parts: 2
2026-01-18T18:09:15.3210767Z [DEBUG] Received response (Length: 278)
2026-01-18T18:09:15.3212401Z     🗑️ Step deemed INVALID: The screenshot is completely blank, so it's impossible to determine if the 'Account Created Successfully Message' exists or to provide a valid CSS selector. We are likely on the wrong page or the page failed to load.. Removing from workflow.
2026-01-18T18:09:15.3213852Z     ⏭️ Skipping execution of invalid step: Account Created Successfully Message
2026-01-18T18:09:15.3214339Z   ▶️ [STEP step_21] CLICK: Transfer Funds
2026-01-18T18:09:15.3264527Z     🔍 Mining locators for: 'Transfer Funds'
2026-01-18T18:09:15.3473599Z     🧠 Consulting AI (Vision-First) to find 'Transfer Funds'...
2026-01-18T18:09:15.3476866Z     🧠 [EXPERT] Strategy: Act as a Senior SDET focusing on exploring application to understand functional flow and automating FinTech scenarios. Focus on the end-to-end functional flow (e.g., Account Creation, Login, Funds Transfer, Loan Application). Prioritize identifying stable locators and interactive elements for automation. Ensure core banking features are accessible and functional.
2026-01-18T18:09:20.1711625Z [DEBUG] Sending request to gemini-2.0-flash. Number of parts: 2
2026-01-18T18:09:20.1712258Z [DEBUG] Received response (Length: 213)
2026-01-18T18:09:20.1713166Z     💡 Expert Suggestion: Transfer Funds functionality is likely located within the Account section.
2026-01-18T18:09:20.1713966Z     🛠️ Executing corrective action: click -> 'Account'
2026-01-18T18:09:20.1990230Z     🔄 Retry 1/3 mining locators for 'Transfer Funds'...
2026-01-18T18:09:21.2260188Z     🧠 Consulting AI (Vision-First) to find 'Transfer Funds'...
2026-01-18T18:09:21.2262554Z     🧠 [EXPERT] Strategy: Act as a Senior SDET focusing on exploring application to understand functional flow and automating FinTech scenarios. Focus on the end-to-end functional flow (e.g., Account Creation, Login, Funds Transfer, Loan Application). Prioritize identifying stable locators and interactive elements for automation. Ensure core banking features are accessible and functional.
2026-01-18T18:09:21.2264861Z [CACHE HIT] 9dd2c055... (hits: 31, misses: 26)
2026-01-18T18:09:21.2265590Z     ⚠️ Skipping duplicate injection: Account
2026-01-18T18:09:21.2265966Z     🔄 Retry 2/3 mining locators for 'Transfer Funds'...
2026-01-18T18:09:22.2495244Z     🧠 Consulting AI (Vision-First) to find 'Transfer Funds'...
2026-01-18T18:09:22.2498361Z     🧠 [EXPERT] Strategy: Act as a Senior SDET focusing on exploring application to understand functional flow and automating FinTech scenarios. Focus on the end-to-end functional flow (e.g., Account Creation, Login, Funds Transfer, Loan Application). Prioritize identifying stable locators and interactive elements for automation. Ensure core banking features are accessible and functional.
2026-01-18T18:09:22.2500937Z [CACHE HIT] 9dd2c055... (hits: 32, misses: 26)
2026-01-18T18:09:22.2501407Z     ⚠️ Skipping duplicate injection: Account
2026-01-18T18:09:22.2501988Z     🧠 Verifying step validity for 'Transfer Funds' after no candidates found...
2026-01-18T18:09:25.3610564Z [DEBUG] Sending request to gemini-2.0-flash. Number of parts: 2
2026-01-18T18:09:25.3611337Z [DEBUG] Received response (Length: 143)
2026-01-18T18:09:25.3612806Z     🗑️ Step deemed INVALID: The current page is blank. There is no 'Transfer Funds' element to interact with.. Removing from workflow.
2026-01-18T18:09:25.3614255Z     ⏭️ Skipping execution of invalid step: Transfer Funds
2026-01-18T18:09:25.3615111Z   ▶️ [STEP step_22] ASSERT_VISIBLE: Transfer Form
2026-01-18T18:09:25.3668787Z     🔍 Mining locators for: 'Transfer Form'
2026-01-18T18:09:25.3932807Z     🧠 Consulting AI (Vision-First) to find 'Transfer Form'...
2026-01-18T18:09:25.3934792Z     🧠 [EXPERT] Strategy: Act as a Senior SDET focusing on exploring application to understand functional flow and automating FinTech scenarios. Focus on the end-to-end functional flow (e.g., Account Creation, Login, Funds Transfer, Loan Application). Prioritize identifying stable locators and interactive elements for automation. Ensure core banking features are accessible and functional.
2026-01-18T18:09:30.1690497Z [DEBUG] Sending request to gemini-2.0-flash. Number of parts: 2
2026-01-18T18:09:30.1691066Z [DEBUG] Received response (Length: 200)
2026-01-18T18:09:30.1692164Z     💡 Expert Suggestion: Transfer form is likely located within the Accounts section.
2026-01-18T18:09:30.1693145Z     🛠️ Executing corrective action: click -> 'Accounts'
2026-01-18T18:09:30.1965192Z     🔄 Retry 1/3 mining locators for 'Transfer Form'...
2026-01-18T18:09:31.2203347Z     🧠 Consulting AI (Vision-First) to find 'Transfer Form'...
2026-01-18T18:09:31.2206405Z     🧠 [EXPERT] Strategy: Act as a Senior SDET focusing on exploring application to understand functional flow and automating FinTech scenarios. Focus on the end-to-end functional flow (e.g., Account Creation, Login, Funds Transfer, Loan Application). Prioritize identifying stable locators and interactive elements for automation. Ensure core banking features are accessible and functional.
2026-01-18T18:09:31.2208853Z [CACHE HIT] b06d2afb... (hits: 33, misses: 28)
2026-01-18T18:09:31.2210882Z     ⚠️ Skipping duplicate injection: Accounts
2026-01-18T18:09:31.2211271Z     🔄 Retry 2/3 mining locators for 'Transfer Form'...
2026-01-18T18:09:32.2443293Z     🧠 Consulting AI (Vision-First) to find 'Transfer Form'...
2026-01-18T18:09:32.2446381Z     🧠 [EXPERT] Strategy: Act as a Senior SDET focusing on exploring application to understand functional flow and automating FinTech scenarios. Focus on the end-to-end functional flow (e.g., Account Creation, Login, Funds Transfer, Loan Application). Prioritize identifying stable locators and interactive elements for automation. Ensure core banking features are accessible and functional.
2026-01-18T18:09:32.2449266Z [CACHE HIT] b06d2afb... (hits: 34, misses: 28)
2026-01-18T18:09:32.2449903Z     ⚠️ Skipping duplicate injection: Accounts
2026-01-18T18:09:32.2450666Z     🧠 Verifying step validity for 'Transfer Form' after no candidates found...
2026-01-18T18:09:35.0663731Z [DEBUG] Sending request to gemini-2.0-flash. Number of parts: 2
2026-01-18T18:09:35.0664970Z [DEBUG] Received response (Length: 132)
2026-01-18T18:09:35.0666670Z     🗑️ Step deemed INVALID: The current page is blank. There is no transfer form to interact with.. Removing from workflow.
2026-01-18T18:09:35.0668052Z     ⏭️ Skipping execution of invalid step: Transfer Form
2026-01-18T18:09:35.0668761Z   ▶️ [STEP step_23] SELECT: From Account
2026-01-18T18:09:35.0720022Z     🔍 Mining locators for: 'From Account'
2026-01-18T18:09:35.0929084Z     🧠 Consulting AI (Vision-First) to find 'From Account'...
2026-01-18T18:09:35.0931120Z     🧠 [EXPERT] Strategy: Act as a Senior SDET focusing on exploring application to understand functional flow and automating FinTech scenarios. Focus on the end-to-end functional flow (e.g., Account Creation, Login, Funds Transfer, Loan Application). Prioritize identifying stable locators and interactive elements for automation. Ensure core banking features are accessible and functional.
2026-01-18T18:09:40.2353393Z [DEBUG] Sending request to gemini-2.0-flash. Number of parts: 2
2026-01-18T18:09:40.2354279Z [DEBUG] Received response (Length: 262)
2026-01-18T18:09:40.2356072Z     💡 Expert Suggestion: The 'From Account' selection is likely part of a funds transfer form, which would be located under the 'Accounts' section.
2026-01-18T18:09:40.2357699Z     🛠️ Executing corrective action: click -> 'Accounts'
2026-01-18T18:09:40.2618362Z     🔄 Retry 1/3 mining locators for 'From Account'...
2026-01-18T18:09:41.2844555Z     🧠 Consulting AI (Vision-First) to find 'From Account'...
2026-01-18T18:09:41.2848022Z     🧠 [EXPERT] Strategy: Act as a Senior SDET focusing on exploring application to understand functional flow and automating FinTech scenarios. Focus on the end-to-end functional flow (e.g., Account Creation, Login, Funds Transfer, Loan Application). Prioritize identifying stable locators and interactive elements for automation. Ensure core banking features are accessible and functional.
2026-01-18T18:09:41.2850583Z [CACHE HIT] 263a1a2c... (hits: 35, misses: 30)
2026-01-18T18:09:41.2851235Z     ⚠️ Skipping duplicate injection: Accounts
2026-01-18T18:09:41.2851839Z     🔄 Retry 2/3 mining locators for 'From Account'...
2026-01-18T18:09:42.3083915Z     🧠 Consulting AI (Vision-First) to find 'From Account'...
2026-01-18T18:09:42.3086006Z     🧠 [EXPERT] Strategy: Act as a Senior SDET focusing on exploring application to understand functional flow and automating FinTech scenarios. Focus on the end-to-end functional flow (e.g., Account Creation, Login, Funds Transfer, Loan Application). Prioritize identifying stable locators and interactive elements for automation. Ensure core banking features are accessible and functional.
2026-01-18T18:09:42.3087912Z [CACHE HIT] 263a1a2c... (hits: 36, misses: 30)
2026-01-18T18:09:42.3088519Z     ⚠️ Skipping duplicate injection: Accounts
2026-01-18T18:09:42.3089281Z     🧠 Verifying step validity for 'From Account' after no candidates found...
2026-01-18T18:09:45.1578228Z [DEBUG] Sending request to gemini-2.0-flash. Number of parts: 2
2026-01-18T18:09:45.1579046Z [DEBUG] Received response (Length: 143)
2026-01-18T18:09:45.1580583Z     🗑️ Step deemed INVALID: The current page is blank. There is no "From Account" element to interact with.. Removing from workflow.
2026-01-18T18:09:45.1581896Z     ⏭️ Skipping execution of invalid step: From Account
2026-01-18T18:09:45.1582599Z   ▶️ [STEP step_24] SELECT: To Account
2026-01-18T18:09:45.1634273Z     🔍 Mining locators for: 'To Account'
2026-01-18T18:09:45.1846529Z     🧠 Consulting AI (Vision-First) to find 'To Account'...
2026-01-18T18:09:45.1849997Z     🧠 [EXPERT] Strategy: Act as a Senior SDET focusing on exploring application to understand functional flow and automating FinTech scenarios. Focus on the end-to-end functional flow (e.g., Account Creation, Login, Funds Transfer, Loan Application). Prioritize identifying stable locators and interactive elements for automation. Ensure core banking features are accessible and functional.
2026-01-18T18:09:50.1042456Z [DEBUG] Sending request to gemini-2.0-flash. Number of parts: 2
2026-01-18T18:09:50.1043432Z [DEBUG] Received response (Length: 198)
2026-01-18T18:09:50.1044378Z     💡 Expert Suggestion: "To Account" is likely on the Transfer Funds page.
2026-01-18T18:09:50.1045237Z     🛠️ Executing corrective action: click -> 'Transfer Funds'
2026-01-18T18:09:50.1322176Z     🔄 Retry 1/3 mining locators for 'To Account'...
2026-01-18T18:09:51.1586805Z     🧠 Consulting AI (Vision-First) to find 'To Account'...
2026-01-18T18:09:51.1589342Z     🧠 [EXPERT] Strategy: Act as a Senior SDET focusing on exploring application to understand functional flow and automating FinTech scenarios. Focus on the end-to-end functional flow (e.g., Account Creation, Login, Funds Transfer, Loan Application). Prioritize identifying stable locators and interactive elements for automation. Ensure core banking features are accessible and functional.
2026-01-18T18:09:51.1591912Z [CACHE HIT] d77c5a0b... (hits: 37, misses: 32)
2026-01-18T18:09:51.1592380Z     ⚠️ Skipping duplicate injection: Transfer Funds
2026-01-18T18:09:51.1592773Z     🔄 Retry 2/3 mining locators for 'To Account'...
2026-01-18T18:09:52.1823435Z     🧠 Consulting AI (Vision-First) to find 'To Account'...
2026-01-18T18:09:52.1825521Z     🧠 [EXPERT] Strategy: Act as a Senior SDET focusing on exploring application to understand functional flow and automating FinTech scenarios. Focus on the end-to-end functional flow (e.g., Account Creation, Login, Funds Transfer, Loan Application). Prioritize identifying stable locators and interactive elements for automation. Ensure core banking features are accessible and functional.
2026-01-18T18:09:52.1828422Z [CACHE HIT] d77c5a0b... (hits: 38, misses: 32)
2026-01-18T18:09:52.1828844Z     ⚠️ Skipping duplicate injection: Transfer Funds
2026-01-18T18:09:52.1829286Z     🧠 Verifying step validity for 'To Account' after no candidates found...
2026-01-18T18:09:55.2085536Z [DEBUG] Sending request to gemini-2.0-flash. Number of parts: 2
2026-01-18T18:09:55.2086280Z [DEBUG] Received response (Length: 221)
2026-01-18T18:09:55.2088786Z     🗑️ Step deemed INVALID: The screenshot is completely blank, so it's impossible to determine if 'To Account' exists or to provide a valid CSS selector. We are likely on the wrong page.. Removing from workflow.
2026-01-18T18:09:55.2092815Z     ⏭️ Skipping execution of invalid step: To Account
2026-01-18T18:09:55.2093603Z   ▶️ [STEP step_25] FILL: Amount
2026-01-18T18:09:55.2144280Z     🔍 Mining locators for: 'Amount'
2026-01-18T18:09:55.2351644Z     🧠 Consulting AI (Vision-First) to find 'Amount'...
2026-01-18T18:09:55.2354648Z     🧠 [EXPERT] Strategy: Act as a Senior SDET focusing on exploring application to understand functional flow and automating FinTech scenarios. Focus on the end-to-end functional flow (e.g., Account Creation, Login, Funds Transfer, Loan Application). Prioritize identifying stable locators and interactive elements for automation. Ensure core banking features are accessible and functional.
2026-01-18T18:10:00.2191499Z [DEBUG] Sending request to gemini-2.0-flash. Number of parts: 2
2026-01-18T18:10:00.2191930Z [DEBUG] Received response (Length: 235)
2026-01-18T18:10:00.2193309Z     💡 Expert Suggestion: The 'Amount' is typically displayed within the account overview or transaction details.
2026-01-18T18:10:00.2194401Z     🛠️ Executing corrective action: click -> 'Account Overview'
2026-01-18T18:10:00.2460231Z     🔄 Retry 1/3 mining locators for 'Amount'...
2026-01-18T18:10:01.2750038Z     🧠 Consulting AI (Vision-First) to find 'Amount'...
2026-01-18T18:10:01.2752041Z     🧠 [EXPERT] Strategy: Act as a Senior SDET focusing on exploring application to understand functional flow and automating FinTech scenarios. Focus on the end-to-end functional flow (e.g., Account Creation, Login, Funds Transfer, Loan Application). Prioritize identifying stable locators and interactive elements for automation. Ensure core banking features are accessible and functional.
2026-01-18T18:10:01.2754646Z [CACHE HIT] 45af0d7f... (hits: 39, misses: 34)
2026-01-18T18:10:01.2755361Z     ⚠️ Skipping duplicate injection: Account Overview
2026-01-18T18:10:01.2755781Z     🔄 Retry 2/3 mining locators for 'Amount'...
2026-01-18T18:10:02.2982183Z     🧠 Consulting AI (Vision-First) to find 'Amount'...
2026-01-18T18:10:02.2985541Z     🧠 [EXPERT] Strategy: Act as a Senior SDET focusing on exploring application to understand functional flow and automating FinTech scenarios. Focus on the end-to-end functional flow (e.g., Account Creation, Login, Funds Transfer, Loan Application). Prioritize identifying stable locators and interactive elements for automation. Ensure core banking features are accessible and functional.
2026-01-18T18:10:02.2988251Z [CACHE HIT] 45af0d7f... (hits: 40, misses: 34)
2026-01-18T18:10:02.2988988Z     ⚠️ Skipping duplicate injection: Account Overview
2026-01-18T18:10:02.2989633Z     🧠 Verifying step validity for 'Amount' after no candidates found...
2026-01-18T18:10:05.3930240Z [DEBUG] Sending request to gemini-2.0-flash. Number of parts: 2
2026-01-18T18:10:05.3930932Z [DEBUG] Received response (Length: 173)
2026-01-18T18:10:05.3931964Z     🗑️ Step deemed INVALID: The current page is blank. It's impossible to locate 'Amount' on a blank page. We are likely on the wrong page.. Removing from workflow.
2026-01-18T18:10:05.3932703Z     ⏭️ Skipping execution of invalid step: Amount
2026-01-18T18:10:05.3933068Z   ▶️ [STEP step_26] CLICK: Submit Transfer
2026-01-18T18:10:05.3984289Z     🔍 Mining locators for: 'Submit Transfer'
2026-01-18T18:10:05.4238901Z     🧠 Consulting AI (Vision-First) to find 'Submit Transfer'...
2026-01-18T18:10:05.4241942Z     🧠 [EXPERT] Strategy: Act as a Senior SDET focusing on exploring application to understand functional flow and automating FinTech scenarios. Focus on the end-to-end functional flow (e.g., Account Creation, Login, Funds Transfer, Loan Application). Prioritize identifying stable locators and interactive elements for automation. Ensure core banking features are accessible and functional.
2026-01-18T18:10:10.1703394Z [DEBUG] Sending request to gemini-2.0-flash. Number of parts: 2
2026-01-18T18:10:10.1704085Z [DEBUG] Received response (Length: 242)
2026-01-18T18:10:10.1705132Z     💡 Expert Suggestion: The 'Submit Transfer' button is likely located within the account management or transfer funds section.
2026-01-18T18:10:10.1706157Z     🛠️ Executing corrective action: click -> 'Account'
2026-01-18T18:10:10.1973340Z     🔄 Retry 1/3 mining locators for 'Submit Transfer'...
2026-01-18T18:10:11.2243437Z     🧠 Consulting AI (Vision-First) to find 'Submit Transfer'...
2026-01-18T18:10:11.2246443Z     🧠 [EXPERT] Strategy: Act as a Senior SDET focusing on exploring application to understand functional flow and automating FinTech scenarios. Focus on the end-to-end functional flow (e.g., Account Creation, Login, Funds Transfer, Loan Application). Prioritize identifying stable locators and interactive elements for automation. Ensure core banking features are accessible and functional.
2026-01-18T18:10:11.2248599Z [CACHE HIT] 67bc41f9... (hits: 41, misses: 36)
2026-01-18T18:10:11.2249000Z     ⚠️ Skipping duplicate injection: Account
2026-01-18T18:10:11.2249367Z     🔄 Retry 2/3 mining locators for 'Submit Transfer'...
2026-01-18T18:10:12.2477903Z     🧠 Consulting AI (Vision-First) to find 'Submit Transfer'...
2026-01-18T18:10:12.2480908Z     🧠 [EXPERT] Strategy: Act as a Senior SDET focusing on exploring application to understand functional flow and automating FinTech scenarios. Focus on the end-to-end functional flow (e.g., Account Creation, Login, Funds Transfer, Loan Application). Prioritize identifying stable locators and interactive elements for automation. Ensure core banking features are accessible and functional.
2026-01-18T18:10:12.2483271Z [CACHE HIT] 67bc41f9... (hits: 42, misses: 36)
2026-01-18T18:10:12.2483912Z     ⚠️ Skipping duplicate injection: Account
2026-01-18T18:10:12.2484743Z     🧠 Verifying step validity for 'Submit Transfer' after no candidates found...
2026-01-18T18:10:15.3134847Z [DEBUG] Sending request to gemini-2.0-flash. Number of parts: 2
2026-01-18T18:10:15.3135563Z [DEBUG] Received response (Length: 250)
2026-01-18T18:10:15.3137072Z     🗑️ Step deemed INVALID: The screenshot is completely blank. It's impossible to determine if 'Submit Transfer' exists or to provide a valid CSS selector. We are likely on the wrong page or the page failed to load.. Removing from workflow.
2026-01-18T18:10:15.3138386Z     ⏭️ Skipping execution of invalid step: Submit Transfer
2026-01-18T18:10:15.3138842Z   ▶️ [STEP step_27] ASSERT_VISIBLE: Transfer Confirmation Message
2026-01-18T18:10:15.3190872Z     🔍 Mining locators for: 'Transfer Confirmation Message'
2026-01-18T18:10:15.3404940Z     🧠 Consulting AI (Vision-First) to find 'Transfer Confirmation Message'...
2026-01-18T18:10:15.3408112Z     🧠 [EXPERT] Strategy: Act as a Senior SDET focusing on exploring application to understand functional flow and automating FinTech scenarios. Focus on the end-to-end functional flow (e.g., Account Creation, Login, Funds Transfer, Loan Application). Prioritize identifying stable locators and interactive elements for automation. Ensure core banking features are accessible and functional.
2026-01-18T18:10:20.3579431Z [DEBUG] Sending request to gemini-2.0-flash. Number of parts: 2
2026-01-18T18:10:20.3579862Z [DEBUG] Received response (Length: 251)
2026-01-18T18:10:20.3580796Z     💡 Expert Suggestion: After transferring funds, the confirmation message is typically displayed on the Account Overview page.
2026-01-18T18:10:20.3581545Z     🛠️ Executing corrective action: click -> 'Account Overview'
2026-01-18T18:10:20.3905477Z     🔄 Retry 1/3 mining locators for 'Transfer Confirmation Message'...
2026-01-18T18:10:21.4144222Z     🧠 Consulting AI (Vision-First) to find 'Transfer Confirmation Message'...
2026-01-18T18:10:21.4147816Z     🧠 [EXPERT] Strategy: Act as a Senior SDET focusing on exploring application to understand functional flow and automating FinTech scenarios. Focus on the end-to-end functional flow (e.g., Account Creation, Login, Funds Transfer, Loan Application). Prioritize identifying stable locators and interactive elements for automation. Ensure core banking features are accessible and functional.
2026-01-18T18:10:21.4149926Z [CACHE HIT] 9815fa88... (hits: 43, misses: 38)
2026-01-18T18:10:21.4150339Z     ⚠️ Skipping duplicate injection: Account Overview
2026-01-18T18:10:21.4150802Z     🔄 Retry 2/3 mining locators for 'Transfer Confirmation Message'...
2026-01-18T18:10:22.4410969Z     🧠 Consulting AI (Vision-First) to find 'Transfer Confirmation Message'...
2026-01-18T18:10:22.4413206Z     🧠 [EXPERT] Strategy: Act as a Senior SDET focusing on exploring application to understand functional flow and automating FinTech scenarios. Focus on the end-to-end functional flow (e.g., Account Creation, Login, Funds Transfer, Loan Application). Prioritize identifying stable locators and interactive elements for automation. Ensure core banking features are accessible and functional.
2026-01-18T18:10:22.4415872Z [CACHE HIT] 9815fa88... (hits: 44, misses: 38)
2026-01-18T18:10:22.4416342Z     ⚠️ Skipping duplicate injection: Account Overview
2026-01-18T18:10:22.4416871Z     🧠 Verifying step validity for 'Transfer Confirmation Message' after no candidates found...
2026-01-18T18:10:25.2574046Z [DEBUG] Sending request to gemini-2.0-flash. Number of parts: 2
2026-01-18T18:10:25.2574901Z [DEBUG] Received response (Length: 270)
2026-01-18T18:10:25.2578338Z     🗑️ Step deemed INVALID: The screenshot is completely blank. It's impossible to determine if the "Transfer Confirmation Message" exists or to provide a valid CSS selector. We are likely on the wrong page or the page failed to load.. Removing from workflow.
2026-01-18T18:10:25.2581244Z     ⏭️ Skipping execution of invalid step: Transfer Confirmation Message
2026-01-18T18:10:25.2582249Z   ▶️ [STEP step_28] CLICK: Account Overview
2026-01-18T18:10:25.2633688Z     🔍 Mining locators for: 'Account Overview'
2026-01-18T18:10:25.2853318Z     🧠 Consulting AI (Vision-First) to find 'Account Overview'...
2026-01-18T18:10:25.2855885Z     🧠 [EXPERT] Strategy: Act as a Senior SDET focusing on exploring application to understand functional flow and automating FinTech scenarios. Focus on the end-to-end functional flow (e.g., Account Creation, Login, Funds Transfer, Loan Application). Prioritize identifying stable locators and interactive elements for automation. Ensure core banking features are accessible and functional.
2026-01-18T18:10:30.1625504Z [DEBUG] Sending request to gemini-2.0-flash. Number of parts: 2
2026-01-18T18:10:30.1626204Z [DEBUG] Received response (Length: 198)
2026-01-18T18:10:30.1627743Z     💡 Expert Suggestion: Account Overview is likely located on the Dashboard page.
2026-01-18T18:10:30.1628901Z     🛠️ Executing corrective action: click -> 'Dashboard'
2026-01-18T18:10:30.1901496Z     🔄 Retry 1/3 mining locators for 'Account Overview'...
2026-01-18T18:10:31.2133292Z     🧠 Consulting AI (Vision-First) to find 'Account Overview'...
2026-01-18T18:10:31.2135394Z     🧠 [EXPERT] Strategy: Act as a Senior SDET focusing on exploring application to understand functional flow and automating FinTech scenarios. Focus on the end-to-end functional flow (e.g., Account Creation, Login, Funds Transfer, Loan Application). Prioritize identifying stable locators and interactive elements for automation. Ensure core banking features are accessible and functional.
2026-01-18T18:10:31.2138232Z [CACHE HIT] 01e459b4... (hits: 45, misses: 40)
2026-01-18T18:10:31.2138634Z     ⚠️ Skipping duplicate injection: Dashboard
2026-01-18T18:10:31.2139001Z     🔄 Retry 2/3 mining locators for 'Account Overview'...
2026-01-18T18:10:32.2399790Z     🧠 Consulting AI (Vision-First) to find 'Account Overview'...
2026-01-18T18:10:32.2401978Z     🧠 [EXPERT] Strategy: Act as a Senior SDET focusing on exploring application to understand functional flow and automating FinTech scenarios. Focus on the end-to-end functional flow (e.g., Account Creation, Login, Funds Transfer, Loan Application). Prioritize identifying stable locators and interactive elements for automation. Ensure core banking features are accessible and functional.
2026-01-18T18:10:32.2404710Z [CACHE HIT] 01e459b4... (hits: 46, misses: 40)
2026-01-18T18:10:32.2405369Z     ⚠️ Skipping duplicate injection: Dashboard
2026-01-18T18:10:32.2406192Z     🧠 Verifying step validity for 'Account Overview' after no candidates found...
2026-01-18T18:10:35.0742945Z [DEBUG] Sending request to gemini-2.0-flash. Number of parts: 2
2026-01-18T18:10:35.0743519Z [DEBUG] Received response (Length: 174)
2026-01-18T18:10:35.0744629Z     🗑️ Step deemed INVALID: The current page is blank, so there is no 'Account Overview' element to interact with. We are on the wrong page.. Removing from workflow.
2026-01-18T18:10:35.0745381Z     ⏭️ Skipping execution of invalid step: Account Overview
2026-01-18T18:10:35.0745775Z   ▶️ [STEP step_29] ASSERT_VISIBLE: Account Balances
2026-01-18T18:10:35.0803362Z     🔍 Mining locators for: 'Account Balances'
2026-01-18T18:10:35.1067088Z     🧠 Consulting AI (Vision-First) to find 'Account Balances'...
2026-01-18T18:10:35.1070810Z     🧠 [EXPERT] Strategy: Act as a Senior SDET focusing on exploring application to understand functional flow and automating FinTech scenarios. Focus on the end-to-end functional flow (e.g., Account Creation, Login, Funds Transfer, Loan Application). Prioritize identifying stable locators and interactive elements for automation. Ensure core banking features are accessible and functional.
2026-01-18T18:10:40.1293584Z [DEBUG] Sending request to gemini-2.0-flash. Number of parts: 2
2026-01-18T18:10:40.1294437Z [DEBUG] Received response (Length: 206)
2026-01-18T18:10:40.1296004Z     💡 Expert Suggestion: Account Balances are likely displayed within the 'Account' section.
2026-01-18T18:10:40.1297649Z     🛠️ Executing corrective action: click -> 'Account'
2026-01-18T18:10:40.1568635Z     🔄 Retry 1/3 mining locators for 'Account Balances'...
2026-01-18T18:10:41.1799338Z     🧠 Consulting AI (Vision-First) to find 'Account Balances'...
2026-01-18T18:10:41.1801737Z     🧠 [EXPERT] Strategy: Act as a Senior SDET focusing on exploring application to understand functional flow and automating FinTech scenarios. Focus on the end-to-end functional flow (e.g., Account Creation, Login, Funds Transfer, Loan Application). Prioritize identifying stable locators and interactive elements for automation. Ensure core banking features are accessible and functional.
2026-01-18T18:10:41.1804221Z [CACHE HIT] c83daf25... (hits: 47, misses: 42)
2026-01-18T18:10:41.1804606Z     ⚠️ Skipping duplicate injection: Account
2026-01-18T18:10:41.1804994Z     🔄 Retry 2/3 mining locators for 'Account Balances'...
2026-01-18T18:10:42.2062468Z     🧠 Consulting AI (Vision-First) to find 'Account Balances'...
2026-01-18T18:10:42.2064642Z     🧠 [EXPERT] Strategy: Act as a Senior SDET focusing on exploring application to understand functional flow and automating FinTech scenarios. Focus on the end-to-end functional flow (e.g., Account Creation, Login, Funds Transfer, Loan Application). Prioritize identifying stable locators and interactive elements for automation. Ensure core banking features are accessible and functional.
2026-01-18T18:10:42.2067599Z [CACHE HIT] c83daf25... (hits: 48, misses: 42)
2026-01-18T18:10:42.2068003Z     ⚠️ Skipping duplicate injection: Account
2026-01-18T18:10:42.2068476Z     🧠 Verifying step validity for 'Account Balances' after no candidates found...
2026-01-18T18:10:45.2915859Z [DEBUG] Sending request to gemini-2.0-flash. Number of parts: 2
2026-01-18T18:10:45.2916565Z [DEBUG] Received response (Length: 204)
2026-01-18T18:10:45.2918407Z     🗑️ Step deemed INVALID: The screenshot is completely blank. There is nothing to interact with, so 'Account Balances' cannot be found. We are likely on the wrong page.. Removing from workflow.
2026-01-18T18:10:45.2919653Z     ⏭️ Skipping execution of invalid step: Account Balances
2026-01-18T18:10:47.2941748Z 💾 Saving 1 scenarios to /home/runner/work/build_qa_automation/build_qa_automation/projects/ci_parabank_banking/workflow.json
2026-01-18T18:10:47.3211302Z 
2026-01-18T18:10:47.3211919Z ============================================================
2026-01-18T18:10:47.3213364Z 📊 EXPLORATION SUMMARY
2026-01-18T18:10:47.3213816Z ============================================================
2026-01-18T18:10:47.3214190Z 
2026-01-18T18:10:47.3214471Z 📋 Scenario Overview:
2026-01-18T18:10:47.3214977Z    • Total Scenarios Planned: 1
2026-01-18T18:10:47.3215491Z    • Scenarios Explored: 1
2026-01-18T18:10:47.3216007Z    • Total Steps Generated: 29
2026-01-18T18:10:47.3216291Z 
2026-01-18T18:10:47.3216517Z 🔍 Discovery Statistics:
2026-01-18T18:10:47.3217001Z    ✅ Successfully Mined: 3
2026-01-18T18:10:47.3217966Z    ✨ AI Assisted/Healed: 0
2026-01-18T18:10:47.3218389Z    ❌ Discovery Failures: 3
2026-01-18T18:10:47.3218632Z 
2026-01-18T18:10:47.3218823Z ⚠️  Failure Details:
2026-01-18T18:10:47.3219479Z    - Step step_2_ai_1: Page.goto: Protocol error (Page.navigate): Cannot navigate to invalid URL
2026-01-18T18:10:47.3220266Z Call log:
2026-01-18T18:10:47.3220771Z   - navigating to "banking application", waiting until "domcontentloaded"
2026-01-18T18:10:47.3221295Z 
2026-01-18T18:10:47.3221779Z    - Step step_9_ai_1: Page.goto: Protocol error (Page.navigate): Cannot navigate to invalid URL
2026-01-18T18:10:47.3222472Z Call log:
2026-01-18T18:10:47.3223372Z   - navigating to "banking application", waiting until "domcontentloaded"
2026-01-18T18:10:47.3223707Z 
2026-01-18T18:10:47.3224142Z    - Step step_14_ai_1: Page.goto: Protocol error (Page.navigate): Cannot navigate to invalid URL
2026-01-18T18:10:47.3224911Z Call log:
2026-01-18T18:10:47.3225425Z   - navigating to "application homepage", waiting until "domcontentloaded"
2026-01-18T18:10:47.3225865Z 
2026-01-18T18:10:47.3225870Z 
2026-01-18T18:10:47.3225977Z ============================================================
2026-01-18T18:10:47.3227063Z 🏁 Exploration Complete. Locators saved to: /home/runner/work/build_qa_automation/build_qa_automation/projects/ci_parabank_banking/workflow.json
2026-01-18T18:10:47.3228475Z 
2026-01-18T18:10:47.3228624Z ============================================================
2026-01-18T18:10:47.3229198Z 📊 Navigation Metrics: all_scenarios
2026-01-18T18:10:47.3229641Z ============================================================
2026-01-18T18:10:47.3230111Z Total Steps Generated:    29
2026-01-18T18:10:47.3230478Z Optimized Steps:          3
2026-01-18T18:10:47.3230701Z Duplicate Steps Removed:  26
2026-01-18T18:10:47.3230916Z Path Efficiency:          10.34%
2026-01-18T18:10:47.3231144Z Redundancy Rate:          89.66%
2026-01-18T18:10:47.3231403Z ------------------------------------------------------------
2026-01-18T18:10:47.3231683Z Cache Hits:               48
2026-01-18T18:10:47.3231878Z Cache Misses:             43
2026-01-18T18:10:47.3232077Z Cache Hit Rate:           52.75%
2026-01-18T18:10:47.3232320Z ------------------------------------------------------------
2026-01-18T18:10:47.3232589Z States Visited:           1
2026-01-18T18:10:47.3232805Z Unique States:            1
2026-01-18T18:10:47.3233009Z Circular Paths Blocked:   1
2026-01-18T18:10:47.3233227Z ============================================================
2026-01-18T18:10:47.3233403Z 
2026-01-18T18:10:47.3234124Z 📊 Navigation metrics saved to: /home/runner/work/build_qa_automation/build_qa_automation/projects/ci_parabank_banking/outputs/navigation_metrics_ci_parabank_banking_all_scenarios.json
2026-01-18T18:10:54.0288877Z 
2026-01-18T18:10:54.0289760Z 🚀 [EXECUTE] Starting Automation Execution Engine
2026-01-18T18:10:54.0290229Z 📍 Project: ci_parabank_banking
2026-01-18T18:10:54.0290533Z 🎬 Mode: Headless
2026-01-18T18:10:54.0290667Z 
2026-01-18T18:10:54.0290927Z --- Scenario: New User Registration, Account Creation, and Funds Transfer ---
2026-01-18T18:10:54.0291458Z   ▶️ [STEP unknown] NAVIGATE: Step unknown
2026-01-18T18:10:54.0291800Z     ✅ Step unknown Passed.
2026-01-18T18:10:54.0292122Z   ▶️ [STEP unknown] ASSERT_URL: Step unknown
2026-01-18T18:10:54.0292462Z     ✅ Step unknown Passed.
2026-01-18T18:10:54.0292855Z   ▶️ [STEP step_2_ai_1] NAVIGATE: banking application
2026-01-18T18:10:54.0293537Z     ❌ Attempt 1 failed (unknown): Page.goto: Protocol error (Page.navigate): Cannot navigate to invalid URL
2026-01-18T18:10:54.0294090Z Call log:
2026-01-18T18:10:54.0294293Z   - navigating t...
2026-01-18T18:10:54.0294721Z     🔧 [AUTO-HEAL] Re-mining page to find 'banking application'...
2026-01-18T18:10:54.0295209Z [DEBUG] Sending request to gemini-2.0-flash. Number of parts: 2
2026-01-18T18:10:54.0295619Z [DEBUG] Received response (Length: 551)
2026-01-18T18:10:54.0296056Z     ✨ AI successfully healed the step! Found 2 alternatives.
2026-01-18T18:10:54.0296748Z     ✨ AI successfully healed the step! New selector: a[href='https://www.iana.org/domains/example']
2026-01-18T18:10:54.0297967Z     ❌ Attempt 2 failed (unknown): Page.goto: Protocol error (Page.navigate): Cannot navigate to invalid URL
2026-01-18T18:10:54.0298890Z Call log:
2026-01-18T18:10:54.0299214Z   - navigating t...
2026-01-18T18:10:54.0299894Z     🔧 [AUTO-HEAL] Re-mining page to find 'banking application'...
2026-01-18T18:10:54.0300597Z [CACHE HIT] 119aa419... (hits: 1, misses: 1)
2026-01-18T18:10:54.0301315Z     ✨ AI successfully healed the step! Found 2 alternatives.
2026-01-18T18:10:54.0302394Z     ✨ AI successfully healed the step! New selector: a[href='https://www.iana.org/domains/example']
2026-01-18T18:10:54.0303128Z     ❌ Attempt 3 failed (unknown): Page.goto: Protocol error (Page.navigate): Cannot navigate to invalid URL
2026-01-18T18:10:54.0303567Z Call log:
2026-01-18T18:10:54.0303732Z   - navigating t...
2026-01-18T18:10:54.0303990Z     💀 Step step_2_ai_1 failed after all retries.
2026-01-18T18:10:54.0304521Z 🛑 Scenario 'New User Registration, Account Creation, and Funds Transfer' aborted due to step failure.
2026-01-18T18:10:54.0304891Z 
2026-01-18T18:10:54.0304995Z ============================================================
2026-01-18T18:10:54.0305283Z 🎯 EXECUTION SUMMARY
2026-01-18T18:10:54.0305676Z ============================================================
2026-01-18T18:10:54.0305864Z 
2026-01-18T18:10:54.0305970Z 📋 Scenario Overview:
2026-01-18T18:10:54.0306212Z    • Total Scenarios Planned: 1
2026-01-18T18:10:54.0306466Z    • Scenarios Executed: 1
2026-01-18T18:10:54.0306713Z    • Total Steps Executed: 3
2026-01-18T18:10:54.0306856Z 
2026-01-18T18:10:54.0306954Z ✅ Results:
2026-01-18T18:10:54.0307147Z    ❌ Failed: 1 (100%)
2026-01-18T18:10:54.0307473Z 
2026-01-18T18:10:54.0307591Z ⚠️  Failed Scenarios:
2026-01-18T18:10:54.0307911Z    • New User Registration, Account Creation, and Funds Transfer
2026-01-18T18:10:54.0308147Z 
2026-01-18T18:10:54.0308243Z ============================================================
2026-01-18T18:10:54.0308432Z 
2026-01-18T18:10:54.0308907Z 🏁 Execution Finished. Report: /home/runner/work/build_qa_automation/build_qa_automation/projects/ci_parabank_banking/execution.json
2026-01-18T18:10:54.1597710Z 
2026-01-18T18:10:54.1598174Z [PHASE] Running Phase: PLANNING
2026-01-18T18:10:54.1599850Z    Command: /opt/hostedtoolcache/Python/3.11.14/x64/bin/python /home/runner/work/build_qa_automation/build_qa_automation/core/agents/planner.py --project /home/runner/work/build_qa_automation/build_qa_automation/projects/ci_parabank_banking --goal Register new user, login, open new account, transfer funds between accounts, view account overview --url https://parabank.parasoft.com/
2026-01-18T18:10:54.1601509Z ✅ Phase 'planning' completed successfully.
2026-01-18T18:10:54.1601709Z 
2026-01-18T18:10:54.1601807Z [PHASE] Running Phase: EXPLORATION
2026-01-18T18:10:54.1602722Z    Command: /opt/hostedtoolcache/Python/3.11.14/x64/bin/python /home/runner/work/build_qa_automation/build_qa_automation/core/agents/explorer.py --project /home/runner/work/build_qa_automation/build_qa_automation/projects/ci_parabank_banking
2026-01-18T18:10:54.1603701Z ✅ Phase 'exploration' completed successfully.
2026-01-18T18:10:54.1604052Z 📊 Exploration Discovery Success Rate: 0.0%
2026-01-18T18:10:54.1604524Z ⚠️ Exploration failed to find stable locators for key steps. Execution might fail.
2026-01-18T18:10:54.1604834Z 
2026-01-18T18:10:54.1604923Z [PHASE] Running Phase: EXECUTION
2026-01-18T18:10:54.1605826Z    Command: /opt/hostedtoolcache/Python/3.11.14/x64/bin/python /home/runner/work/build_qa_automation/build_qa_automation/core/agents/executor.py --project /home/runner/work/build_qa_automation/build_qa_automation/projects/ci_parabank_banking
2026-01-18T18:10:54.1606798Z ✅ Phase 'execution' completed successfully.
2026-01-18T18:10:54.1606980Z 
2026-01-18T18:10:54.1607078Z [DONE] Pipeline Execution Finished! [DONE]
2026-01-18T18:10:54.2636137Z ##[group]Run # The new orchestrator outputs execution.json in the project root
2026-01-18T18:10:54.2636704Z [36;1m# The new orchestrator outputs execution.json in the project root[0m
2026-01-18T18:10:54.2637158Z [36;1mRESULT_FILE="projects/ci_parabank_banking/execution.json"[0m
2026-01-18T18:10:54.2637878Z [36;1mif [ -f "$RESULT_FILE" ]; then[0m
2026-01-18T18:10:54.2638238Z [36;1m  echo "✅ Results generated successfully: $RESULT_FILE"[0m
2026-01-18T18:10:54.2638638Z [36;1m  # Extract count of passed scenarios/steps for visibility[0m
2026-01-18T18:10:54.2639084Z [36;1m  cat "$RESULT_FILE" | jq '.scenarios | length' || echo "Result file exists"[0m
2026-01-18T18:10:54.2639447Z [36;1melse[0m
2026-01-18T18:10:54.2639677Z [36;1m  echo "❌ No result file found at $RESULT_FILE"[0m
2026-01-18T18:10:54.2639958Z [36;1m  exit 1[0m
2026-01-18T18:10:54.2640138Z [36;1mfi[0m
2026-01-18T18:10:54.2672658Z shell: /usr/bin/bash -e {0}
2026-01-18T18:10:54.2672891Z env:
2026-01-18T18:10:54.2673174Z   pythonLocation: /opt/hostedtoolcache/Python/3.11.14/x64
2026-01-18T18:10:54.2673601Z   PKG_CONFIG_PATH: /opt/hostedtoolcache/Python/3.11.14/x64/lib/pkgconfig
2026-01-18T18:10:54.2674009Z   Python_ROOT_DIR: /opt/hostedtoolcache/Python/3.11.14/x64
2026-01-18T18:10:54.2674380Z   Python2_ROOT_DIR: /opt/hostedtoolcache/Python/3.11.14/x64
2026-01-18T18:10:54.2674752Z   Python3_ROOT_DIR: /opt/hostedtoolcache/Python/3.11.14/x64
2026-01-18T18:10:54.2675303Z   LD_LIBRARY_PATH: /opt/hostedtoolcache/Python/3.11.14/x64/lib
2026-01-18T18:10:54.2675604Z ##[endgroup]
2026-01-18T18:10:54.2728233Z ✅ Results generated successfully: projects/ci_parabank_banking/execution.json
2026-01-18T18:10:54.2753927Z 1
2026-01-18T18:10:54.2815300Z ##[group]Run actions/upload-artifact@v4
2026-01-18T18:10:54.2815568Z with:
2026-01-18T18:10:54.2815768Z   name: parabank_banking-execution-results
2026-01-18T18:10:54.2816073Z   path: projects/ci_parabank_banking/execution.json
2026-01-18T18:10:54.2816344Z   retention-days: 30
2026-01-18T18:10:54.2816542Z   if-no-files-found: warn
2026-01-18T18:10:54.2816751Z   compression-level: 6
2026-01-18T18:10:54.2816942Z   overwrite: false
2026-01-18T18:10:54.2817129Z   include-hidden-files: false
2026-01-18T18:10:54.2817634Z env:
2026-01-18T18:10:54.2817872Z   pythonLocation: /opt/hostedtoolcache/Python/3.11.14/x64
2026-01-18T18:10:54.2818280Z   PKG_CONFIG_PATH: /opt/hostedtoolcache/Python/3.11.14/x64/lib/pkgconfig
2026-01-18T18:10:54.2818692Z   Python_ROOT_DIR: /opt/hostedtoolcache/Python/3.11.14/x64
2026-01-18T18:10:54.2819038Z   Python2_ROOT_DIR: /opt/hostedtoolcache/Python/3.11.14/x64
2026-01-18T18:10:54.2819383Z   Python3_ROOT_DIR: /opt/hostedtoolcache/Python/3.11.14/x64
2026-01-18T18:10:54.2819762Z   LD_LIBRARY_PATH: /opt/hostedtoolcache/Python/3.11.14/x64/lib
2026-01-18T18:10:54.2820051Z ##[endgroup]
2026-01-18T18:10:54.5038190Z With the provided path, there will be 1 file uploaded
2026-01-18T18:10:54.5042716Z Artifact name is valid!
2026-01-18T18:10:54.5044051Z Root directory input is valid!
2026-01-18T18:10:54.5821259Z Beginning upload of artifact content to blob storage
2026-01-18T18:10:54.6289142Z Uploaded bytes 457
2026-01-18T18:10:54.6451653Z Finished uploading artifact content to blob storage!
2026-01-18T18:10:54.6454918Z SHA256 digest of uploaded artifact zip is 44cf2f8825300dc19aa87bb063c080224e758fb75efd545846d64d95554db7f7
2026-01-18T18:10:54.6456525Z Finalizing artifact upload
2026-01-18T18:10:54.7231114Z Artifact parabank_banking-execution-results.zip successfully finalized. Artifact ID 5169800756
2026-01-18T18:10:54.7232637Z Artifact parabank_banking-execution-results has been successfully uploaded! Final size is 457 bytes. Artifact ID is 5169800756
2026-01-18T18:10:54.7239038Z Artifact download URL: https://github.com/vishvasmca-cmd/build_qa_automation/actions/runs/21116242843/artifacts/5169800756
2026-01-18T18:10:54.7363414Z Post job cleanup.
2026-01-18T18:10:54.8872643Z Cache hit occurred on the primary key setup-python-Linux-x64-24.04-Ubuntu-python-3.11.14-pip-dde08d0e0b672972dcda9f1a063036a2e0c226f5d0a20362e9401931676d80a4, not saving cache.
2026-01-18T18:10:54.8983650Z Post job cleanup.
2026-01-18T18:10:54.9940077Z [command]/usr/bin/git version
2026-01-18T18:10:54.9978090Z git version 2.52.0
2026-01-18T18:10:55.0022670Z Temporarily overriding HOME='/home/runner/work/_temp/7e669a10-c2e6-4705-935b-1f1601a950e9' before making global git config changes
2026-01-18T18:10:55.0024087Z Adding repository directory to the temporary git global config as a safe directory
2026-01-18T18:10:55.0037984Z [command]/usr/bin/git config --global --add safe.directory /home/runner/work/build_qa_automation/build_qa_automation
2026-01-18T18:10:55.0075103Z [command]/usr/bin/git config --local --name-only --get-regexp core\.sshCommand
2026-01-18T18:10:55.0108665Z [command]/usr/bin/git submodule foreach --recursive sh -c "git config --local --name-only --get-regexp 'core\.sshCommand' && git config --local --unset-all 'core.sshCommand' || :"
2026-01-18T18:10:55.0340875Z [command]/usr/bin/git config --local --name-only --get-regexp http\.https\:\/\/github\.com\/\.extraheader
2026-01-18T18:10:55.0365488Z http.https://github.com/.extraheader
2026-01-18T18:10:55.0379200Z [command]/usr/bin/git config --local --unset-all http.https://github.com/.extraheader
2026-01-18T18:10:55.0412865Z [command]/usr/bin/git submodule foreach --recursive sh -c "git config --local --name-only --get-regexp 'http\.https\:\/\/github\.com\/\.extraheader' && git config --local --unset-all 'http.https://github.com/.extraheader' || :"
2026-01-18T18:10:55.0654367Z [command]/usr/bin/git config --local --name-only --get-regexp ^includeIf\.gitdir:
2026-01-18T18:10:55.0688489Z [command]/usr/bin/git submodule foreach --recursive git config --local --show-origin --name-only --get-regexp remote.origin.url
2026-01-18T18:10:55.1046778Z Cleaning up orphan processes
