2026-01-19T02:33:45.8292716Z Current runner version: '2.331.0'
2026-01-19T02:33:45.8314832Z ##[group]Runner Image Provisioner
2026-01-19T02:33:45.8315636Z Hosted Compute Agent
2026-01-19T02:33:45.8316650Z Version: 20251211.462
2026-01-19T02:33:45.8317254Z Commit: 6cbad8c2bb55d58165063d031ccabf57e2d2db61
2026-01-19T02:33:45.8317942Z Build Date: 2025-12-11T16:28:49Z
2026-01-19T02:33:45.8318652Z Worker ID: {171cafa9-44d6-437f-9cb2-9f57f1876bfc}
2026-01-19T02:33:45.8319375Z ##[endgroup]
2026-01-19T02:33:45.8319886Z ##[group]Operating System
2026-01-19T02:33:45.8320472Z Ubuntu
2026-01-19T02:33:45.8320934Z 24.04.3
2026-01-19T02:33:45.8321354Z LTS
2026-01-19T02:33:45.8321858Z ##[endgroup]
2026-01-19T02:33:45.8322389Z ##[group]Runner Image
2026-01-19T02:33:45.8322903Z Image: ubuntu-24.04
2026-01-19T02:33:45.8323460Z Version: 20260111.209.1
2026-01-19T02:33:45.8324458Z Included Software: https://github.com/actions/runner-images/blob/ubuntu24/20260111.209/images/ubuntu/Ubuntu2404-Readme.md
2026-01-19T02:33:45.8326208Z Image Release: https://github.com/actions/runner-images/releases/tag/ubuntu24%2F20260111.209
2026-01-19T02:33:45.8327249Z ##[endgroup]
2026-01-19T02:33:45.8328354Z ##[group]GITHUB_TOKEN Permissions
2026-01-19T02:33:45.8330262Z Contents: read
2026-01-19T02:33:45.8330822Z Metadata: read
2026-01-19T02:33:45.8331452Z Packages: read
2026-01-19T02:33:45.8331930Z ##[endgroup]
2026-01-19T02:33:45.8334299Z Secret source: Actions
2026-01-19T02:33:45.8335040Z Prepare workflow directory
2026-01-19T02:33:45.8664820Z Prepare all required actions
2026-01-19T02:33:45.8702078Z Getting action download info
2026-01-19T02:33:46.2786114Z Download action repository 'actions/checkout@v4' (SHA:34e114876b0b11c390a56381ad16ebd13914f8d5)
2026-01-19T02:33:46.3947196Z Download action repository 'actions/setup-python@v5' (SHA:a26af69be951a213d495a4c3e4e4022e16d87065)
2026-01-19T02:33:46.5265175Z Download action repository 'actions/upload-artifact@v4' (SHA:ea165f8d65b6e75b540449e92b4886f43607fa02)
2026-01-19T02:33:46.7490641Z Complete job name: test-websites-deep (wordpress_demo, https://tastewp.com/new, Quick WordPress testing)
2026-01-19T02:33:46.8231311Z ##[group]Run actions/checkout@v4
2026-01-19T02:33:46.8232213Z with:
2026-01-19T02:33:46.8232709Z   repository: vishvasmca-cmd/build_qa_automation
2026-01-19T02:33:46.8233485Z   token: ***
2026-01-19T02:33:46.8233899Z   ssh-strict: true
2026-01-19T02:33:46.8234314Z   ssh-user: git
2026-01-19T02:33:46.8234740Z   persist-credentials: true
2026-01-19T02:33:46.8235268Z   clean: true
2026-01-19T02:33:46.8235715Z   sparse-checkout-cone-mode: true
2026-01-19T02:33:46.8236426Z   fetch-depth: 1
2026-01-19T02:33:46.8236859Z   fetch-tags: false
2026-01-19T02:33:46.8237307Z   show-progress: true
2026-01-19T02:33:46.8237737Z   lfs: false
2026-01-19T02:33:46.8238133Z   submodules: false
2026-01-19T02:33:46.8238562Z   set-safe-directory: true
2026-01-19T02:33:46.8239301Z ##[endgroup]
2026-01-19T02:33:46.9327420Z Syncing repository: vishvasmca-cmd/build_qa_automation
2026-01-19T02:33:46.9330337Z ##[group]Getting Git version info
2026-01-19T02:33:46.9331936Z Working directory is '/home/runner/work/build_qa_automation/build_qa_automation'
2026-01-19T02:33:46.9333684Z [command]/usr/bin/git version
2026-01-19T02:33:46.9396986Z git version 2.52.0
2026-01-19T02:33:46.9423309Z ##[endgroup]
2026-01-19T02:33:46.9444740Z Temporarily overriding HOME='/home/runner/work/_temp/e57837f0-198c-4fcb-9762-a7ffe1f41c04' before making global git config changes
2026-01-19T02:33:46.9450622Z Adding repository directory to the temporary git global config as a safe directory
2026-01-19T02:33:46.9452008Z [command]/usr/bin/git config --global --add safe.directory /home/runner/work/build_qa_automation/build_qa_automation
2026-01-19T02:33:46.9486468Z Deleting the contents of '/home/runner/work/build_qa_automation/build_qa_automation'
2026-01-19T02:33:46.9489676Z ##[group]Initializing the repository
2026-01-19T02:33:46.9493889Z [command]/usr/bin/git init /home/runner/work/build_qa_automation/build_qa_automation
2026-01-19T02:33:46.9580708Z hint: Using 'master' as the name for the initial branch. This default branch name
2026-01-19T02:33:46.9582738Z hint: will change to "main" in Git 3.0. To configure the initial branch name
2026-01-19T02:33:46.9584532Z hint: to use in all of your new repositories, which will suppress this warning,
2026-01-19T02:33:46.9586047Z hint: call:
2026-01-19T02:33:46.9586745Z hint:
2026-01-19T02:33:46.9587390Z hint: 	git config --global init.defaultBranch <name>
2026-01-19T02:33:46.9587996Z hint:
2026-01-19T02:33:46.9588573Z hint: Names commonly chosen instead of 'master' are 'main', 'trunk' and
2026-01-19T02:33:46.9589516Z hint: 'development'. The just-created branch can be renamed via this command:
2026-01-19T02:33:46.9590248Z hint:
2026-01-19T02:33:46.9590720Z hint: 	git branch -m <name>
2026-01-19T02:33:46.9591526Z hint:
2026-01-19T02:33:46.9592299Z hint: Disable this message with "git config set advice.defaultBranchName false"
2026-01-19T02:33:46.9593487Z Initialized empty Git repository in /home/runner/work/build_qa_automation/build_qa_automation/.git/
2026-01-19T02:33:46.9597351Z [command]/usr/bin/git remote add origin https://github.com/vishvasmca-cmd/build_qa_automation
2026-01-19T02:33:46.9629005Z ##[endgroup]
2026-01-19T02:33:46.9629796Z ##[group]Disabling automatic garbage collection
2026-01-19T02:33:46.9632979Z [command]/usr/bin/git config --local gc.auto 0
2026-01-19T02:33:46.9660765Z ##[endgroup]
2026-01-19T02:33:46.9661479Z ##[group]Setting up auth
2026-01-19T02:33:46.9667539Z [command]/usr/bin/git config --local --name-only --get-regexp core\.sshCommand
2026-01-19T02:33:46.9700911Z [command]/usr/bin/git submodule foreach --recursive sh -c "git config --local --name-only --get-regexp 'core\.sshCommand' && git config --local --unset-all 'core.sshCommand' || :"
2026-01-19T02:33:47.0053560Z [command]/usr/bin/git config --local --name-only --get-regexp http\.https\:\/\/github\.com\/\.extraheader
2026-01-19T02:33:47.0085630Z [command]/usr/bin/git submodule foreach --recursive sh -c "git config --local --name-only --get-regexp 'http\.https\:\/\/github\.com\/\.extraheader' && git config --local --unset-all 'http.https://github.com/.extraheader' || :"
2026-01-19T02:33:47.0311792Z [command]/usr/bin/git config --local --name-only --get-regexp ^includeIf\.gitdir:
2026-01-19T02:33:47.0351958Z [command]/usr/bin/git submodule foreach --recursive git config --local --show-origin --name-only --get-regexp remote.origin.url
2026-01-19T02:33:47.0579757Z [command]/usr/bin/git config --local http.https://github.com/.extraheader AUTHORIZATION: basic ***
2026-01-19T02:33:47.0614547Z ##[endgroup]
2026-01-19T02:33:47.0615374Z ##[group]Fetching the repository
2026-01-19T02:33:47.0623581Z [command]/usr/bin/git -c protocol.version=2 fetch --no-tags --prune --no-recurse-submodules --depth=1 origin +8ae9e7a98960844bdcef67161cbe93442a7431bc:refs/remotes/origin/main
2026-01-19T02:33:48.2253055Z From https://github.com/vishvasmca-cmd/build_qa_automation
2026-01-19T02:33:48.2254624Z  * [new ref]         8ae9e7a98960844bdcef67161cbe93442a7431bc -> origin/main
2026-01-19T02:33:48.2286948Z ##[endgroup]
2026-01-19T02:33:48.2288871Z ##[group]Determining the checkout info
2026-01-19T02:33:48.2290924Z ##[endgroup]
2026-01-19T02:33:48.2295276Z [command]/usr/bin/git sparse-checkout disable
2026-01-19T02:33:48.2337241Z [command]/usr/bin/git config --local --unset-all extensions.worktreeConfig
2026-01-19T02:33:48.2365090Z ##[group]Checking out the ref
2026-01-19T02:33:48.2368911Z [command]/usr/bin/git checkout --progress --force -B main refs/remotes/origin/main
2026-01-19T02:33:48.3699909Z Switched to a new branch 'main'
2026-01-19T02:33:48.3701991Z branch 'main' set up to track 'origin/main'.
2026-01-19T02:33:48.3721949Z ##[endgroup]
2026-01-19T02:33:48.3758800Z [command]/usr/bin/git log -1 --format=%H
2026-01-19T02:33:48.3781372Z 8ae9e7a98960844bdcef67161cbe93442a7431bc
2026-01-19T02:33:48.4113077Z ##[group]Run actions/setup-python@v5
2026-01-19T02:33:48.4114307Z with:
2026-01-19T02:33:48.4115153Z   python-version: 3.11
2026-01-19T02:33:48.4116302Z   cache: pip
2026-01-19T02:33:48.4117435Z   check-latest: false
2026-01-19T02:33:48.4118698Z   token: ***
2026-01-19T02:33:48.4119590Z   update-environment: true
2026-01-19T02:33:48.4120660Z   allow-prereleases: false
2026-01-19T02:33:48.4121695Z   freethreaded: false
2026-01-19T02:33:48.4122678Z ##[endgroup]
2026-01-19T02:33:48.5819807Z ##[group]Installed versions
2026-01-19T02:33:48.6554810Z Successfully set up CPython (3.11.14)
2026-01-19T02:33:48.6555777Z ##[endgroup]
2026-01-19T02:33:48.7612071Z [command]/opt/hostedtoolcache/Python/3.11.14/x64/bin/pip cache dir
2026-01-19T02:33:50.2840091Z /home/runner/.cache/pip
2026-01-19T02:33:50.5440857Z Cache hit for: setup-python-Linux-x64-24.04-Ubuntu-python-3.11.14-pip-dde08d0e0b672972dcda9f1a063036a2e0c226f5d0a20362e9401931676d80a4
2026-01-19T02:33:51.7483164Z Received 50331648 of 254742636 (19.8%), 48.0 MBs/sec
2026-01-19T02:33:52.7501398Z Received 205520896 of 254742636 (80.7%), 98.0 MBs/sec
2026-01-19T02:33:53.0958426Z Received 254742636 of 254742636 (100.0%), 103.5 MBs/sec
2026-01-19T02:33:53.0959544Z Cache Size: ~243 MB (254742636 B)
2026-01-19T02:33:53.1079514Z [command]/usr/bin/tar -xf /home/runner/work/_temp/32112e2e-1eb1-40a3-a3ac-803205e43aca/cache.tzst -P -C /home/runner/work/build_qa_automation/build_qa_automation --use-compress-program unzstd
2026-01-19T02:33:53.5319806Z Cache restored successfully
2026-01-19T02:33:53.5801729Z Cache restored from key: setup-python-Linux-x64-24.04-Ubuntu-python-3.11.14-pip-dde08d0e0b672972dcda9f1a063036a2e0c226f5d0a20362e9401931676d80a4
2026-01-19T02:33:53.6022777Z ##[group]Run pip install -r requirements.txt
2026-01-19T02:33:53.6023187Z [36;1mpip install -r requirements.txt[0m
2026-01-19T02:33:53.6023485Z [36;1mplaywright install chromium[0m
2026-01-19T02:33:53.6062806Z shell: /usr/bin/bash -e {0}
2026-01-19T02:33:53.6063062Z env:
2026-01-19T02:33:53.6063328Z   pythonLocation: /opt/hostedtoolcache/Python/3.11.14/x64
2026-01-19T02:33:53.6063763Z   PKG_CONFIG_PATH: /opt/hostedtoolcache/Python/3.11.14/x64/lib/pkgconfig
2026-01-19T02:33:53.6064181Z   Python_ROOT_DIR: /opt/hostedtoolcache/Python/3.11.14/x64
2026-01-19T02:33:53.6064583Z   Python2_ROOT_DIR: /opt/hostedtoolcache/Python/3.11.14/x64
2026-01-19T02:33:53.6064967Z   Python3_ROOT_DIR: /opt/hostedtoolcache/Python/3.11.14/x64
2026-01-19T02:33:53.6065372Z   LD_LIBRARY_PATH: /opt/hostedtoolcache/Python/3.11.14/x64/lib
2026-01-19T02:33:53.6065702Z ##[endgroup]
2026-01-19T02:33:55.0139730Z Collecting playwright (from -r requirements.txt (line 1))
2026-01-19T02:33:55.0162941Z   Using cached playwright-1.57.0-py3-none-manylinux1_x86_64.whl.metadata (3.5 kB)
2026-01-19T02:33:55.0488954Z Collecting python-dotenv (from -r requirements.txt (line 2))
2026-01-19T02:33:55.0505065Z   Using cached python_dotenv-1.2.1-py3-none-any.whl.metadata (25 kB)
2026-01-19T02:33:55.0919643Z Collecting requests (from -r requirements.txt (line 3))
2026-01-19T02:33:55.0934204Z   Using cached requests-2.32.5-py3-none-any.whl.metadata (4.9 kB)
2026-01-19T02:33:55.2772531Z Collecting pillow (from -r requirements.txt (line 4))
2026-01-19T02:33:55.2789376Z   Using cached pillow-12.1.0-cp311-cp311-manylinux_2_27_x86_64.manylinux_2_28_x86_64.whl.metadata (8.8 kB)
2026-01-19T02:33:55.3202004Z Collecting google-genai>=0.3.0 (from -r requirements.txt (line 5))
2026-01-19T02:33:55.3215126Z   Using cached google_genai-1.59.0-py3-none-any.whl.metadata (53 kB)
2026-01-19T02:33:55.3550218Z Collecting termcolor (from -r requirements.txt (line 6))
2026-01-19T02:33:55.3563320Z   Using cached termcolor-3.3.0-py3-none-any.whl.metadata (6.5 kB)
2026-01-19T02:33:55.4056743Z Collecting PyYAML (from -r requirements.txt (line 7))
2026-01-19T02:33:55.4070442Z   Using cached pyyaml-6.0.3-cp311-cp311-manylinux2014_x86_64.manylinux_2_17_x86_64.manylinux_2_28_x86_64.whl.metadata (2.4 kB)
2026-01-19T02:33:55.4769612Z Collecting opencv-python-headless (from -r requirements.txt (line 8))
2026-01-19T02:33:55.4782836Z   Using cached opencv_python_headless-4.13.0.90-cp37-abi3-manylinux_2_28_x86_64.whl.metadata (19 kB)
2026-01-19T02:33:55.6823042Z Collecting numpy (from -r requirements.txt (line 9))
2026-01-19T02:33:55.6837585Z   Using cached numpy-2.4.1-cp311-cp311-manylinux_2_27_x86_64.manylinux_2_28_x86_64.whl.metadata (6.6 kB)
2026-01-19T02:33:55.7750897Z Collecting faker (from -r requirements.txt (line 10))
2026-01-19T02:33:55.7764256Z   Using cached faker-40.1.2-py3-none-any.whl.metadata (16 kB)
2026-01-19T02:33:55.8077931Z Collecting pyee<14,>=13 (from playwright->-r requirements.txt (line 1))
2026-01-19T02:33:55.8091447Z   Using cached pyee-13.0.0-py3-none-any.whl.metadata (2.9 kB)
2026-01-19T02:33:55.9414399Z Collecting greenlet<4.0.0,>=3.1.1 (from playwright->-r requirements.txt (line 1))
2026-01-19T02:33:55.9430153Z   Using cached greenlet-3.3.0-cp311-cp311-manylinux_2_24_x86_64.manylinux_2_28_x86_64.whl.metadata (4.1 kB)
2026-01-19T02:33:55.9754683Z Collecting typing-extensions (from pyee<14,>=13->playwright->-r requirements.txt (line 1))
2026-01-19T02:33:55.9768655Z   Using cached typing_extensions-4.15.0-py3-none-any.whl.metadata (3.3 kB)
2026-01-19T02:33:56.0711325Z Collecting charset_normalizer<4,>=2 (from requests->-r requirements.txt (line 3))
2026-01-19T02:33:56.0726344Z   Using cached charset_normalizer-3.4.4-cp311-cp311-manylinux2014_x86_64.manylinux_2_17_x86_64.manylinux_2_28_x86_64.whl.metadata (37 kB)
2026-01-19T02:33:56.1023233Z Collecting idna<4,>=2.5 (from requests->-r requirements.txt (line 3))
2026-01-19T02:33:56.1036558Z   Using cached idna-3.11-py3-none-any.whl.metadata (8.4 kB)
2026-01-19T02:33:56.1460499Z Collecting urllib3<3,>=1.21.1 (from requests->-r requirements.txt (line 3))
2026-01-19T02:33:56.1473783Z   Using cached urllib3-2.6.3-py3-none-any.whl.metadata (6.9 kB)
2026-01-19T02:33:56.1817034Z Collecting certifi>=2017.4.17 (from requests->-r requirements.txt (line 3))
2026-01-19T02:33:56.1830530Z   Using cached certifi-2026.1.4-py3-none-any.whl.metadata (2.5 kB)
2026-01-19T02:33:56.2175753Z Collecting anyio<5.0.0,>=4.8.0 (from google-genai>=0.3.0->-r requirements.txt (line 5))
2026-01-19T02:33:56.2189313Z   Using cached anyio-4.12.1-py3-none-any.whl.metadata (4.3 kB)
2026-01-19T02:33:56.2710005Z Collecting google-auth<3.0.0,>=2.47.0 (from google-auth[requests]<3.0.0,>=2.47.0->google-genai>=0.3.0->-r requirements.txt (line 5))
2026-01-19T02:33:56.2723352Z   Using cached google_auth-2.47.0-py3-none-any.whl.metadata (6.4 kB)
2026-01-19T02:33:56.3091629Z Collecting httpx<1.0.0,>=0.28.1 (from google-genai>=0.3.0->-r requirements.txt (line 5))
2026-01-19T02:33:56.3104922Z   Using cached httpx-0.28.1-py3-none-any.whl.metadata (7.1 kB)
2026-01-19T02:33:56.4614194Z Collecting pydantic<3.0.0,>=2.9.0 (from google-genai>=0.3.0->-r requirements.txt (line 5))
2026-01-19T02:33:56.4628965Z   Using cached pydantic-2.12.5-py3-none-any.whl.metadata (90 kB)
2026-01-19T02:33:56.5063602Z Collecting tenacity<9.2.0,>=8.2.3 (from google-genai>=0.3.0->-r requirements.txt (line 5))
2026-01-19T02:33:56.5076840Z   Using cached tenacity-9.1.2-py3-none-any.whl.metadata (1.2 kB)
2026-01-19T02:33:56.6063844Z Collecting websockets<15.1.0,>=13.0.0 (from google-genai>=0.3.0->-r requirements.txt (line 5))
2026-01-19T02:33:56.6078371Z   Using cached websockets-15.0.1-cp311-cp311-manylinux_2_5_x86_64.manylinux1_x86_64.manylinux_2_17_x86_64.manylinux2014_x86_64.whl.metadata (6.8 kB)
2026-01-19T02:33:56.6365262Z Collecting distro<2,>=1.7.0 (from google-genai>=0.3.0->-r requirements.txt (line 5))
2026-01-19T02:33:56.6378756Z   Using cached distro-1.9.0-py3-none-any.whl.metadata (6.8 kB)
2026-01-19T02:33:56.6614412Z Collecting sniffio (from google-genai>=0.3.0->-r requirements.txt (line 5))
2026-01-19T02:33:56.6628620Z   Using cached sniffio-1.3.1-py3-none-any.whl.metadata (3.9 kB)
2026-01-19T02:33:56.7036106Z Collecting pyasn1-modules>=0.2.1 (from google-auth<3.0.0,>=2.47.0->google-auth[requests]<3.0.0,>=2.47.0->google-genai>=0.3.0->-r requirements.txt (line 5))
2026-01-19T02:33:56.7048736Z   Using cached pyasn1_modules-0.4.2-py3-none-any.whl.metadata (3.5 kB)
2026-01-19T02:33:56.7339265Z Collecting rsa<5,>=3.1.4 (from google-auth<3.0.0,>=2.47.0->google-auth[requests]<3.0.0,>=2.47.0->google-genai>=0.3.0->-r requirements.txt (line 5))
2026-01-19T02:33:56.7352063Z   Using cached rsa-4.9.1-py3-none-any.whl.metadata (5.6 kB)
2026-01-19T02:33:56.7790748Z Collecting httpcore==1.* (from httpx<1.0.0,>=0.28.1->google-genai>=0.3.0->-r requirements.txt (line 5))
2026-01-19T02:33:56.7803395Z   Using cached httpcore-1.0.9-py3-none-any.whl.metadata (21 kB)
2026-01-19T02:33:56.8069774Z Collecting h11>=0.16 (from httpcore==1.*->httpx<1.0.0,>=0.28.1->google-genai>=0.3.0->-r requirements.txt (line 5))
2026-01-19T02:33:56.8083289Z   Using cached h11-0.16.0-py3-none-any.whl.metadata (8.3 kB)
2026-01-19T02:33:56.8335378Z Collecting annotated-types>=0.6.0 (from pydantic<3.0.0,>=2.9.0->google-genai>=0.3.0->-r requirements.txt (line 5))
2026-01-19T02:33:56.8348748Z   Using cached annotated_types-0.7.0-py3-none-any.whl.metadata (15 kB)
2026-01-19T02:33:57.4951615Z Collecting pydantic-core==2.41.5 (from pydantic<3.0.0,>=2.9.0->google-genai>=0.3.0->-r requirements.txt (line 5))
2026-01-19T02:33:57.4968464Z   Using cached pydantic_core-2.41.5-cp311-cp311-manylinux_2_17_x86_64.manylinux2014_x86_64.whl.metadata (7.3 kB)
2026-01-19T02:33:57.5249108Z Collecting typing-inspection>=0.4.2 (from pydantic<3.0.0,>=2.9.0->google-genai>=0.3.0->-r requirements.txt (line 5))
2026-01-19T02:33:57.5263112Z   Using cached typing_inspection-0.4.2-py3-none-any.whl.metadata (2.6 kB)
2026-01-19T02:33:57.6061218Z Collecting pyasn1>=0.1.3 (from rsa<5,>=3.1.4->google-auth<3.0.0,>=2.47.0->google-auth[requests]<3.0.0,>=2.47.0->google-genai>=0.3.0->-r requirements.txt (line 5))
2026-01-19T02:33:57.6076578Z   Using cached pyasn1-0.6.2-py3-none-any.whl.metadata (8.4 kB)
2026-01-19T02:33:57.6332091Z Using cached playwright-1.57.0-py3-none-manylinux1_x86_64.whl (46.0 MB)
2026-01-19T02:33:57.6666825Z Using cached greenlet-3.3.0-cp311-cp311-manylinux_2_24_x86_64.manylinux_2_28_x86_64.whl (590 kB)
2026-01-19T02:33:57.6684338Z Using cached pyee-13.0.0-py3-none-any.whl (15 kB)
2026-01-19T02:33:57.6698032Z Using cached python_dotenv-1.2.1-py3-none-any.whl (21 kB)
2026-01-19T02:33:57.6711240Z Using cached requests-2.32.5-py3-none-any.whl (64 kB)
2026-01-19T02:33:57.6725598Z Using cached charset_normalizer-3.4.4-cp311-cp311-manylinux2014_x86_64.manylinux_2_17_x86_64.manylinux_2_28_x86_64.whl (151 kB)
2026-01-19T02:33:57.6740474Z Using cached idna-3.11-py3-none-any.whl (71 kB)
2026-01-19T02:33:57.6753848Z Using cached urllib3-2.6.3-py3-none-any.whl (131 kB)
2026-01-19T02:33:57.6768251Z Using cached pillow-12.1.0-cp311-cp311-manylinux_2_27_x86_64.manylinux_2_28_x86_64.whl (7.0 MB)
2026-01-19T02:33:57.6829713Z Using cached google_genai-1.59.0-py3-none-any.whl (719 kB)
2026-01-19T02:33:57.6847781Z Using cached anyio-4.12.1-py3-none-any.whl (113 kB)
2026-01-19T02:33:57.6861404Z Using cached distro-1.9.0-py3-none-any.whl (20 kB)
2026-01-19T02:33:57.6874565Z Using cached google_auth-2.47.0-py3-none-any.whl (234 kB)
2026-01-19T02:33:57.6889744Z Using cached httpx-0.28.1-py3-none-any.whl (73 kB)
2026-01-19T02:33:57.6903028Z Using cached httpcore-1.0.9-py3-none-any.whl (78 kB)
2026-01-19T02:33:57.6916519Z Using cached pydantic-2.12.5-py3-none-any.whl (463 kB)
2026-01-19T02:33:57.6933080Z Using cached pydantic_core-2.41.5-cp311-cp311-manylinux_2_17_x86_64.manylinux2014_x86_64.whl (2.1 MB)
2026-01-19T02:33:57.6960666Z Using cached rsa-4.9.1-py3-none-any.whl (34 kB)
2026-01-19T02:33:57.6973805Z Using cached tenacity-9.1.2-py3-none-any.whl (28 kB)
2026-01-19T02:33:57.6986966Z Using cached typing_extensions-4.15.0-py3-none-any.whl (44 kB)
2026-01-19T02:33:57.7000975Z Using cached websockets-15.0.1-cp311-cp311-manylinux_2_5_x86_64.manylinux1_x86_64.manylinux_2_17_x86_64.manylinux2014_x86_64.whl (182 kB)
2026-01-19T02:33:57.7014935Z Using cached termcolor-3.3.0-py3-none-any.whl (7.7 kB)
2026-01-19T02:33:57.7028772Z Using cached pyyaml-6.0.3-cp311-cp311-manylinux2014_x86_64.manylinux_2_17_x86_64.manylinux_2_28_x86_64.whl (806 kB)
2026-01-19T02:33:57.7047408Z Using cached opencv_python_headless-4.13.0.90-cp37-abi3-manylinux_2_28_x86_64.whl (62.5 MB)
2026-01-19T02:33:57.7492123Z Using cached numpy-2.4.1-cp311-cp311-manylinux_2_27_x86_64.manylinux_2_28_x86_64.whl (16.7 MB)
2026-01-19T02:33:57.7620054Z Using cached faker-40.1.2-py3-none-any.whl (2.0 MB)
2026-01-19T02:33:57.7647485Z Using cached annotated_types-0.7.0-py3-none-any.whl (13 kB)
2026-01-19T02:33:57.7660617Z Using cached certifi-2026.1.4-py3-none-any.whl (152 kB)
2026-01-19T02:33:57.7674614Z Using cached h11-0.16.0-py3-none-any.whl (37 kB)
2026-01-19T02:33:57.7688241Z Using cached pyasn1-0.6.2-py3-none-any.whl (83 kB)
2026-01-19T02:33:57.7701801Z Using cached pyasn1_modules-0.4.2-py3-none-any.whl (181 kB)
2026-01-19T02:33:57.7716244Z Using cached typing_inspection-0.4.2-py3-none-any.whl (14 kB)
2026-01-19T02:33:57.7729406Z Using cached sniffio-1.3.1-py3-none-any.whl (10 kB)
2026-01-19T02:33:57.9931003Z Installing collected packages: websockets, urllib3, typing-extensions, termcolor, tenacity, sniffio, PyYAML, python-dotenv, pyasn1, pillow, numpy, idna, h11, greenlet, faker, distro, charset_normalizer, certifi, annotated-types, typing-inspection, rsa, requests, pyee, pydantic-core, pyasn1-modules, opencv-python-headless, httpcore, anyio, pydantic, playwright, httpx, google-auth, google-genai
2026-01-19T02:34:04.5239744Z 
2026-01-19T02:34:04.5263715Z Successfully installed PyYAML-6.0.3 annotated-types-0.7.0 anyio-4.12.1 certifi-2026.1.4 charset_normalizer-3.4.4 distro-1.9.0 faker-40.1.2 google-auth-2.47.0 google-genai-1.59.0 greenlet-3.3.0 h11-0.16.0 httpcore-1.0.9 httpx-0.28.1 idna-3.11 numpy-2.4.1 opencv-python-headless-4.13.0.90 pillow-12.1.0 playwright-1.57.0 pyasn1-0.6.2 pyasn1-modules-0.4.2 pydantic-2.12.5 pydantic-core-2.41.5 pyee-13.0.0 python-dotenv-1.2.1 requests-2.32.5 rsa-4.9.1 sniffio-1.3.1 tenacity-9.1.2 termcolor-3.3.0 typing-extensions-4.15.0 typing-inspection-0.4.2 urllib3-2.6.3 websockets-15.0.1
2026-01-19T02:34:05.1644389Z Downloading Chromium 143.0.7499.4 (playwright build v1200) from https://cdn.playwright.dev/dbazure/download/playwright/builds/chromium/1200/chromium-linux.zip
2026-01-19T02:34:05.2620132Z (node:2189) [DEP0169] DeprecationWarning: `url.parse()` behavior is not standardized and prone to errors that have security implications. Use the WHATWG URL API instead. CVEs are not issued for `url.parse()` vulnerabilities.
2026-01-19T02:34:05.2621310Z (Use `node --trace-deprecation ...` to show where the warning was created)
2026-01-19T02:34:05.3744995Z |                                                                                |   0% of 164.7 MiB
2026-01-19T02:34:05.5489157Z |■■■■■■■■                                                                        |  10% of 164.7 MiB
2026-01-19T02:34:05.6339236Z |■■■■■■■■■■■■■■■■                                                                |  20% of 164.7 MiB
2026-01-19T02:34:05.7135057Z |■■■■■■■■■■■■■■■■■■■■■■■■                                                        |  30% of 164.7 MiB
2026-01-19T02:34:05.7805692Z |■■■■■■■■■■■■■■■■■■■■■■■■■■■■■■■■                                                |  40% of 164.7 MiB
2026-01-19T02:34:05.8423227Z |■■■■■■■■■■■■■■■■■■■■■■■■■■■■■■■■■■■■■■■■                                        |  50% of 164.7 MiB
2026-01-19T02:34:05.9045634Z |■■■■■■■■■■■■■■■■■■■■■■■■■■■■■■■■■■■■■■■■■■■■■■■■                                |  60% of 164.7 MiB
2026-01-19T02:34:05.9618079Z |■■■■■■■■■■■■■■■■■■■■■■■■■■■■■■■■■■■■■■■■■■■■■■■■■■■■■■■■                        |  70% of 164.7 MiB
2026-01-19T02:34:06.0194120Z |■■■■■■■■■■■■■■■■■■■■■■■■■■■■■■■■■■■■■■■■■■■■■■■■■■■■■■■■■■■■■■■■                |  80% of 164.7 MiB
2026-01-19T02:34:06.0762790Z |■■■■■■■■■■■■■■■■■■■■■■■■■■■■■■■■■■■■■■■■■■■■■■■■■■■■■■■■■■■■■■■■■■■■■■■■        |  90% of 164.7 MiB
2026-01-19T02:34:06.1463459Z |■■■■■■■■■■■■■■■■■■■■■■■■■■■■■■■■■■■■■■■■■■■■■■■■■■■■■■■■■■■■■■■■■■■■■■■■■■■■■■■■| 100% of 164.7 MiB
2026-01-19T02:34:08.7249367Z Chromium 143.0.7499.4 (playwright build v1200) downloaded to /home/runner/.cache/ms-playwright/chromium-1200
2026-01-19T02:34:08.7254030Z Downloading FFMPEG playwright build v1011 from https://cdn.playwright.dev/dbazure/download/playwright/builds/ffmpeg/1011/ffmpeg-linux.zip
2026-01-19T02:34:08.8238046Z (node:2200) [DEP0169] DeprecationWarning: `url.parse()` behavior is not standardized and prone to errors that have security implications. Use the WHATWG URL API instead. CVEs are not issued for `url.parse()` vulnerabilities.
2026-01-19T02:34:08.8240167Z (Use `node --trace-deprecation ...` to show where the warning was created)
2026-01-19T02:34:08.9314889Z |                                                                                |   0% of 2.3 MiB
2026-01-19T02:34:08.9728411Z |■■■■■■■■                                                                        |  10% of 2.3 MiB
2026-01-19T02:34:08.9881397Z |■■■■■■■■■■■■■■■■                                                                |  20% of 2.3 MiB
2026-01-19T02:34:09.0002071Z |■■■■■■■■■■■■■■■■■■■■■■■■                                                        |  30% of 2.3 MiB
2026-01-19T02:34:09.0049525Z |■■■■■■■■■■■■■■■■■■■■■■■■■■■■■■■■                                                |  40% of 2.3 MiB
2026-01-19T02:34:09.0147978Z |■■■■■■■■■■■■■■■■■■■■■■■■■■■■■■■■■■■■■■■■                                        |  50% of 2.3 MiB
2026-01-19T02:34:09.0179123Z |■■■■■■■■■■■■■■■■■■■■■■■■■■■■■■■■■■■■■■■■■■■■■■■■                                |  60% of 2.3 MiB
2026-01-19T02:34:09.0195661Z |■■■■■■■■■■■■■■■■■■■■■■■■■■■■■■■■■■■■■■■■■■■■■■■■■■■■■■■■                        |  70% of 2.3 MiB
2026-01-19T02:34:09.0220557Z |■■■■■■■■■■■■■■■■■■■■■■■■■■■■■■■■■■■■■■■■■■■■■■■■■■■■■■■■■■■■■■■■                |  80% of 2.3 MiB
2026-01-19T02:34:09.0260849Z |■■■■■■■■■■■■■■■■■■■■■■■■■■■■■■■■■■■■■■■■■■■■■■■■■■■■■■■■■■■■■■■■■■■■■■■■        |  90% of 2.3 MiB
2026-01-19T02:34:09.0320396Z |■■■■■■■■■■■■■■■■■■■■■■■■■■■■■■■■■■■■■■■■■■■■■■■■■■■■■■■■■■■■■■■■■■■■■■■■■■■■■■■■| 100% of 2.3 MiB
2026-01-19T02:34:09.0927884Z FFMPEG playwright build v1011 downloaded to /home/runner/.cache/ms-playwright/ffmpeg-1011
2026-01-19T02:34:09.0932989Z Downloading Chromium Headless Shell 143.0.7499.4 (playwright build v1200) from https://cdn.playwright.dev/dbazure/download/playwright/builds/chromium/1200/chromium-headless-shell-linux.zip
2026-01-19T02:34:09.1906226Z (node:2211) [DEP0169] DeprecationWarning: `url.parse()` behavior is not standardized and prone to errors that have security implications. Use the WHATWG URL API instead. CVEs are not issued for `url.parse()` vulnerabilities.
2026-01-19T02:34:09.1908222Z (Use `node --trace-deprecation ...` to show where the warning was created)
2026-01-19T02:34:09.3138850Z |                                                                                |   0% of 109.7 MiB
2026-01-19T02:34:09.4611684Z |■■■■■■■■                                                                        |  10% of 109.7 MiB
2026-01-19T02:34:09.5293109Z |■■■■■■■■■■■■■■■■                                                                |  20% of 109.7 MiB
2026-01-19T02:34:09.5997780Z |■■■■■■■■■■■■■■■■■■■■■■■■                                                        |  30% of 109.7 MiB
2026-01-19T02:34:09.6668409Z |■■■■■■■■■■■■■■■■■■■■■■■■■■■■■■■■                                                |  40% of 109.7 MiB
2026-01-19T02:34:09.7241270Z |■■■■■■■■■■■■■■■■■■■■■■■■■■■■■■■■■■■■■■■■                                        |  50% of 109.7 MiB
2026-01-19T02:34:09.7740253Z |■■■■■■■■■■■■■■■■■■■■■■■■■■■■■■■■■■■■■■■■■■■■■■■■                                |  60% of 109.7 MiB
2026-01-19T02:34:09.8132009Z |■■■■■■■■■■■■■■■■■■■■■■■■■■■■■■■■■■■■■■■■■■■■■■■■■■■■■■■■                        |  70% of 109.7 MiB
2026-01-19T02:34:09.8538030Z |■■■■■■■■■■■■■■■■■■■■■■■■■■■■■■■■■■■■■■■■■■■■■■■■■■■■■■■■■■■■■■■■                |  80% of 109.7 MiB
2026-01-19T02:34:09.8929278Z |■■■■■■■■■■■■■■■■■■■■■■■■■■■■■■■■■■■■■■■■■■■■■■■■■■■■■■■■■■■■■■■■■■■■■■■■        |  90% of 109.7 MiB
2026-01-19T02:34:09.9320922Z |■■■■■■■■■■■■■■■■■■■■■■■■■■■■■■■■■■■■■■■■■■■■■■■■■■■■■■■■■■■■■■■■■■■■■■■■■■■■■■■■| 100% of 109.7 MiB
2026-01-19T02:34:11.7927057Z Chromium Headless Shell 143.0.7499.4 (playwright build v1200) downloaded to /home/runner/.cache/ms-playwright/chromium_headless_shell-1200
2026-01-19T02:34:11.8160272Z ##[group]Run mkdir -p projects/ci_wordpress_demo
2026-01-19T02:34:11.8160724Z [36;1mmkdir -p projects/ci_wordpress_demo[0m
2026-01-19T02:34:11.8161105Z [36;1mcat > projects/ci_wordpress_demo/config.json << 'EOF'[0m
2026-01-19T02:34:11.8161427Z [36;1m{[0m
2026-01-19T02:34:11.8161646Z [36;1m  "project_name": "ci_wordpress_demo",[0m
2026-01-19T02:34:11.8161977Z [36;1m  "target_url": "https://tastewp.com/new",[0m
2026-01-19T02:34:11.8162307Z [36;1m  "goal": "Quick WordPress testing",[0m
2026-01-19T02:34:11.8162583Z [36;1m  "headless": true[0m
2026-01-19T02:34:11.8162801Z [36;1m}[0m
2026-01-19T02:34:11.8162974Z [36;1mEOF[0m
2026-01-19T02:34:11.8194317Z shell: /usr/bin/bash -e {0}
2026-01-19T02:34:11.8194561Z env:
2026-01-19T02:34:11.8194827Z   pythonLocation: /opt/hostedtoolcache/Python/3.11.14/x64
2026-01-19T02:34:11.8195266Z   PKG_CONFIG_PATH: /opt/hostedtoolcache/Python/3.11.14/x64/lib/pkgconfig
2026-01-19T02:34:11.8195714Z   Python_ROOT_DIR: /opt/hostedtoolcache/Python/3.11.14/x64
2026-01-19T02:34:11.8196431Z   Python2_ROOT_DIR: /opt/hostedtoolcache/Python/3.11.14/x64
2026-01-19T02:34:11.8196822Z   Python3_ROOT_DIR: /opt/hostedtoolcache/Python/3.11.14/x64
2026-01-19T02:34:11.8197203Z   LD_LIBRARY_PATH: /opt/hostedtoolcache/Python/3.11.14/x64/lib
2026-01-19T02:34:11.8197521Z ##[endgroup]
2026-01-19T02:34:11.8302326Z ##[group]Run # Use --deep for comprehensive regression suite
2026-01-19T02:34:11.8302779Z [36;1m# Use --deep for comprehensive regression suite[0m
2026-01-19T02:34:11.8303249Z [36;1mpython orchestrator.py --project projects/ci_wordpress_demo --deep --force[0m
2026-01-19T02:34:11.8332952Z shell: /usr/bin/bash -e {0}
2026-01-19T02:34:11.8333213Z env:
2026-01-19T02:34:11.8333477Z   pythonLocation: /opt/hostedtoolcache/Python/3.11.14/x64
2026-01-19T02:34:11.8333922Z   PKG_CONFIG_PATH: /opt/hostedtoolcache/Python/3.11.14/x64/lib/pkgconfig
2026-01-19T02:34:11.8334367Z   Python_ROOT_DIR: /opt/hostedtoolcache/Python/3.11.14/x64
2026-01-19T02:34:11.8334758Z   Python2_ROOT_DIR: /opt/hostedtoolcache/Python/3.11.14/x64
2026-01-19T02:34:11.8335282Z   Python3_ROOT_DIR: /opt/hostedtoolcache/Python/3.11.14/x64
2026-01-19T02:34:11.8335658Z   LD_LIBRARY_PATH: /opt/hostedtoolcache/Python/3.11.14/x64/lib
2026-01-19T02:34:11.8336357Z   GOOGLE_API_KEY: ***
2026-01-19T02:34:11.8336613Z   PYTHONPATH: .
2026-01-19T02:34:11.8336807Z ##[endgroup]
2026-01-19T02:34:13.6411469Z 🚀 [DEEP] Extensive mapping enabled (Depth: 3, Pages: 50)
2026-01-19T02:34:13.6411993Z 
2026-01-19T02:34:13.6412618Z 🗺️ [DISCOVERY] Starting Parallel Semantic Crawl on https://tastewp.com/new (Workers: 3)
2026-01-19T02:34:15.0763922Z   🔍 [Worker 0] Visiting (0): https://tastewp.com/new
2026-01-19T02:34:17.2022830Z [DEBUG] Sending request to gemini-2.0-flash. Number of parts: 1
2026-01-19T02:34:17.2023562Z [DEBUG] Received response (Length: 212)
2026-01-19T02:34:17.2024452Z   🔍 [Worker 1] Visiting (1): https://tastewp.com
2026-01-19T02:34:17.2031231Z   🔍 [Worker 2] Visiting (1): https://tastewp.com/create/NMS/8.5/6.9/tastewp-default/twentytwentythree
2026-01-19T02:34:22.0344224Z [CACHE HIT] 1f324102... (hits: 1, misses: 1)
2026-01-19T02:34:22.0345033Z [DEBUG] Sending request to gemini-2.0-flash. Number of parts: 1
2026-01-19T02:34:22.0345777Z [DEBUG] Received response (Length: 278)
2026-01-19T02:34:22.0347204Z   🔍 [Worker 0] Visiting (2): https://tastewp.com/new/?pre-installed-theme-slug=neve
2026-01-19T02:34:22.0353227Z   🔍 [Worker 2] Visiting (2): https://tastewp.com/blog
2026-01-19T02:34:22.0568989Z   🔍 [Worker 1] Visiting (2): https://tastewp.com/blog/new-tastewp-module-for-teachers-and-students
2026-01-19T02:34:22.5929991Z [CACHE HIT] 1f324102... (hits: 2, misses: 2)
2026-01-19T02:34:22.5933902Z   🔍 [Worker 0] Visiting (2): https://tastewp.com/blog/use-links-to-spin-up-a-site
2026-01-19T02:34:27.0375338Z [DEBUG] Sending request to gemini-2.0-flash. Number of parts: 1
2026-01-19T02:34:27.0376578Z [DEBUG] Sending request to gemini-2.0-flash. Number of parts: 1
2026-01-19T02:34:27.0377351Z [DEBUG] Sending request to gemini-2.0-flash. Number of parts: 1
2026-01-19T02:34:27.0377988Z [DEBUG] Received response (Length: 211)
2026-01-19T02:34:27.0379067Z   🔍 [Worker 1] Visiting (2): https://tastewp.com/new/?pre-installed-plugin-slug=akismet
2026-01-19T02:34:27.1119979Z [DEBUG] Received response (Length: 273)
2026-01-19T02:34:27.1121373Z   🔍 [Worker 2] Visiting (2): https://tastewp.com/blog/how-to-create-wordpress-product-demo
2026-01-19T02:34:27.1636738Z [DEBUG] Received response (Length: 217)
2026-01-19T02:34:27.1639245Z   🔍 [Worker 0] Visiting (2): https://tastewp.com/premium-show
2026-01-19T02:34:27.6344790Z [CACHE HIT] 1f324102... (hits: 3, misses: 5)
2026-01-19T02:34:27.6346788Z   🔍 [Worker 1] Visiting (2): https://tastewp.com/blog/the-tastewp-chrome-extension-is-live
2026-01-19T02:34:27.9974782Z [CACHE HIT] 343d93f5... (hits: 4, misses: 5)
2026-01-19T02:34:27.9976436Z   🔍 [Worker 0] Visiting (3): https://tastewp.com/create/NMS/8.5/6.9/tastewp-default/neve
2026-01-19T02:34:28.3494804Z [DEBUG] Sending request to gemini-2.0-flash. Number of parts: 1
2026-01-19T02:34:28.3497061Z [CACHE HIT] 1f324102... (hits: 5, misses: 6)
2026-01-19T02:34:28.3498050Z   🔍 [Worker 0] Visiting (3): https://tastewp.com/?open=policy
2026-01-19T02:34:29.0774280Z [DEBUG] Received response (Length: 303)
2026-01-19T02:34:29.0776120Z   🔍 [Worker 2] Visiting (3): https://blog.tastewp.com/new-tastewp-module-for-teachers-and-students
2026-01-19T02:34:30.0702863Z [CACHE HIT] bf11cdf7... (hits: 6, misses: 8)
2026-01-19T02:34:30.0704732Z   🔍 [Worker 2] Visiting (3): https://tastewp.com/?open=login
2026-01-19T02:34:33.9574719Z [DEBUG] Sending request to gemini-2.0-flash. Number of parts: 1
2026-01-19T02:34:33.9575619Z [DEBUG] Sending request to gemini-2.0-flash. Number of parts: 1
2026-01-19T02:34:33.9576550Z [DEBUG] Sending request to gemini-2.0-flash. Number of parts: 1
2026-01-19T02:34:33.9577141Z [DEBUG] Received response (Length: 173)
2026-01-19T02:34:33.9578009Z   🔍 [Worker 2] Visiting (3): https://blog.tastewp.com
2026-01-19T02:34:34.0025297Z [DEBUG] Received response (Length: 163)
2026-01-19T02:34:34.0028011Z   🔍 [Worker 1] Visiting (3): https://tastewp.com/?open=setup
2026-01-19T02:34:34.0508923Z [DEBUG] Received response (Length: 341)
2026-01-19T02:34:34.0509918Z   🔍 [Worker 0] Visiting (3): https://tastewp.com/?open=register
2026-01-19T02:34:34.5994737Z [CACHE HIT] 56033909... (hits: 7, misses: 9)
2026-01-19T02:34:34.6008772Z   🔍 [Worker 2] Visiting (3): https://blog.tastewp.com/new-features
2026-01-19T02:34:38.8271203Z [DEBUG] Sending request to gemini-2.0-flash. Number of parts: 1
2026-01-19T02:34:38.8274130Z [DEBUG] Sending request to gemini-2.0-flash. Number of parts: 1
2026-01-19T02:34:38.8274898Z [DEBUG] Sending request to gemini-2.0-flash. Number of parts: 1
2026-01-19T02:34:38.8275524Z [DEBUG] Received response (Length: 184)
2026-01-19T02:34:38.8276641Z   🔍 [Worker 0] Visiting (3): https://tastewp.com/dashboard
2026-01-19T02:34:38.9945392Z [DEBUG] Received response (Length: 317)
2026-01-19T02:34:38.9948227Z   🔍 [Worker 1] Visiting (3): https://blog.tastewp.com/?open=login
2026-01-19T02:34:39.0304481Z [DEBUG] Received response (Length: 294)
2026-01-19T02:34:39.0319217Z   🔍 [Worker 2] Visiting (3): https://blog.tastewp.com/how-to-create-free-wordpress-staging-site
2026-01-19T02:34:39.6078588Z [CACHE HIT] 56033909... (hits: 8, misses: 12)
2026-01-19T02:34:39.6079900Z   🔍 [Worker 1] Visiting (3): https://blog.tastewp.com/tastewp-launches-premium-offer
2026-01-19T02:34:39.8573711Z [CACHE HIT] 84306fa7... (hits: 9, misses: 12)
2026-01-19T02:34:39.8574864Z   🔍 [Worker 0] Visiting (3): https://blog.tastewp.com/use-your-own-domain-on-tastewp
2026-01-19T02:34:40.8289431Z [DEBUG] Sending request to gemini-2.0-flash. Number of parts: 1
2026-01-19T02:34:40.8290131Z [DEBUG] Received response (Length: 365)
2026-01-19T02:34:40.8291376Z   🔍 [Worker 2] Visiting (3): https://tastewp.com/dashboard/recipes
2026-01-19T02:34:41.8707376Z [CACHE HIT] 84306fa7... (hits: 10, misses: 15)
2026-01-19T02:34:41.8708579Z   🔍 [Worker 2] Visiting (3): https://blog.tastewp.com/weve-reached-1-million-sites
2026-01-19T02:34:45.5641371Z [DEBUG] Sending request to gemini-2.0-flash. Number of parts: 1
2026-01-19T02:34:45.5642283Z [DEBUG] Sending request to gemini-2.0-flash. Number of parts: 1
2026-01-19T02:34:45.5643498Z [DEBUG] Sending request to gemini-2.0-flash. Number of parts: 1
2026-01-19T02:34:45.5645661Z [DEBUG] Received response (Length: 150)
2026-01-19T02:34:45.5648357Z   🔍 [Worker 2] Visiting (3): https://blog.tastewp.com/guides
2026-01-19T02:34:45.5988784Z [DEBUG] Received response (Length: 224)
2026-01-19T02:34:45.5990186Z   🔍 [Worker 1] Visiting (3): https://blog.tastewp.com/general
2026-01-19T02:34:45.6752121Z [DEBUG] Received response (Length: 238)
2026-01-19T02:34:45.6753663Z   🔍 [Worker 0] Visiting (3): https://blog.tastewp.com/use-links-to-spin-up-a-site
2026-01-19T02:34:46.6993738Z [CACHE HIT] 3abbcbe6... (hits: 11, misses: 18)
2026-01-19T02:34:46.6995201Z   🔍 [Worker 0] Visiting (3): https://blog.tastewp.com/introducing-site-recipes-full-scale-demo-sites-on-tastewp
2026-01-19T02:34:50.6097589Z [DEBUG] Sending request to gemini-2.0-flash. Number of parts: 1
2026-01-19T02:34:50.6101697Z [DEBUG] Sending request to gemini-2.0-flash. Number of parts: 1
2026-01-19T02:34:50.6102480Z [DEBUG] Sending request to gemini-2.0-flash. Number of parts: 1
2026-01-19T02:34:50.6103442Z [DEBUG] Received response (Length: 259)
2026-01-19T02:34:50.6104418Z   🔍 [Worker 0] Visiting (3): https://blog.tastewp.com/news
2026-01-19T02:34:50.6608766Z [DEBUG] Received response (Length: 249)
2026-01-19T02:34:50.6609861Z   🔍 [Worker 1] Visiting (3): https://blog.tastewp.com/welcome-to-the-tastewp-blog
2026-01-19T02:34:50.8466844Z [DEBUG] Received response (Length: 336)
2026-01-19T02:34:50.8469091Z   🔍 [Worker 2] Visiting (3): https://blog.tastewp.com/the-tastewp-chrome-extension-is-live
2026-01-19T02:34:51.8439584Z [DEBUG] Sending request to gemini-2.0-flash. Number of parts: 1
2026-01-19T02:34:51.8440317Z [CACHE HIT] a79b3b43... (hits: 12, misses: 21)
2026-01-19T02:34:51.8441488Z   🔍 [Worker 2] Visiting (3): https://blog.tastewp.com/how-to-create-wordpress-product-demo
2026-01-19T02:34:52.3314599Z [DEBUG] Received response (Length: 291)
2026-01-19T02:34:52.3318477Z   🔍 [Worker 0] Visiting (3): https://tastewp.com/new/?ni=true
2026-01-19T02:34:52.8368703Z [CACHE HIT] 2a00e821... (hits: 13, misses: 21)
2026-01-19T02:34:52.8371060Z   🔍 [Worker 2] Visiting (3): https://tastewp.com/new/?pre-installed-theme-slug=twentytwentyone
2026-01-19T02:34:52.9516803Z [CACHE HIT] 1f324102... (hits: 14, misses: 21)
2026-01-19T02:34:52.9517878Z   🔍 [Worker 0] Visiting (3): https://demo.tastewp.com/akismet
2026-01-19T02:34:53.4420714Z [CACHE HIT] 1f324102... (hits: 15, misses: 21)
2026-01-19T02:34:53.4424029Z   🔍 [Worker 2] Visiting (3): https://tastewp.com/new?pre-installed-plugin-slug=backup-migration&redirect=admin.php%3Fpage%3Dbackup-migration&ni=true
2026-01-19T02:34:53.8885097Z [CACHE HIT] 1f324102... (hits: 16, misses: 21)
2026-01-19T02:34:53.8886621Z   🔍 [Worker 2] Visiting (3): https://tastewp.com/create/NMS/8.5/6.9/akismet/twentytwentythree
2026-01-19T02:34:54.1414799Z [CACHE HIT] 1f324102... (hits: 17, misses: 21)
2026-01-19T02:34:54.1416149Z   🔍 [Worker 0] Visiting (3): https://tastewp.com/dashboard/premium
2026-01-19T02:34:57.0844744Z [DEBUG] Sending request to gemini-2.0-flash. Number of parts: 1
2026-01-19T02:34:57.0848990Z [DEBUG] Sending request to gemini-2.0-flash. Number of parts: 1
2026-01-19T02:34:57.0849985Z [DEBUG] Sending request to gemini-2.0-flash. Number of parts: 1
2026-01-19T02:34:57.0850781Z [DEBUG] Received response (Length: 139)
2026-01-19T02:34:57.0853356Z   🔍 [Worker 2] Visiting (3): https://demo.tastewp.com/cdp-premium
2026-01-19T02:34:57.1655759Z [DEBUG] Received response (Length: 168)
2026-01-19T02:34:57.1657086Z   🔍 [Worker 0] Visiting (3): https://tastewp.com/recipe/SiteRecipeDemo
2026-01-19T02:34:57.2996927Z [DEBUG] Received response (Length: 276)
2026-01-19T02:34:57.2998768Z   🔍 [Worker 1] Visiting (3): https://demo.tastewp.com/astra-bundle
2026-01-19T02:35:02.1992611Z [DEBUG] Sending request to gemini-2.0-flash. Number of parts: 1
2026-01-19T02:35:02.1994068Z [DEBUG] Sending request to gemini-2.0-flash. Number of parts: 1
2026-01-19T02:35:02.1999787Z [DEBUG] Sending request to gemini-2.0-flash. Number of parts: 1
2026-01-19T02:35:02.2000490Z [DEBUG] Received response (Length: 168)
2026-01-19T02:35:02.2001002Z [DEBUG] Received response (Length: 168)
2026-01-19T02:35:02.2001469Z [DEBUG] Received response (Length: 168)
2026-01-19T02:35:02.2002227Z ✅ Discovery Complete. Mapped 43 pages.
2026-01-19T02:35:07.9904107Z 
2026-01-19T02:35:07.9904945Z [PLAN] PLANNER: Planning goal -> 'Quick WordPress testing' (Deep Mode: True)
2026-01-19T02:35:07.9906222Z 🗺️ [PLAN] Loaded Sitemap with 43 pages.
2026-01-19T02:35:07.9907912Z 🎭 [EXPERT] Detected Domain: GENERAL. Persona: Act as Senior SDET focusing on exploring the application to understand functional flow and identifying critical paths for end-to-end automation
2026-01-19T02:35:07.9909442Z [DEBUG] Sending request to gemini-2.0-flash. Number of parts: 1
2026-01-19T02:35:07.9909890Z [DEBUG] Received response (Length: 3500)
2026-01-19T02:35:07.9910263Z ✅ Planner generated 3 scenarios. Workflow updated.
2026-01-19T02:35:09.0030171Z 
2026-01-19T02:35:09.0031066Z 🕵️ [DEEP EXPLORER] Starting Multi-Scenario Exploration
2026-01-19T02:35:09.0034450Z 📋 Found 3 scenarios to explore.
2026-01-19T02:35:09.3655457Z 
2026-01-19T02:35:09.3656493Z [1/3] Exploring Scenario: Quick WordPress Test Site Creation and Basic Functionality
2026-01-19T02:35:09.3657898Z     🧠 Initialized exploration context for goal: 'Quick WordPress testing'
2026-01-19T02:35:09.3658702Z   ▶️ [STEP step_1] NAVIGATE: 
2026-01-19T02:35:10.3626642Z     ✅ Navigated to https://tastewp.com/new
2026-01-19T02:35:10.3627295Z   ▶️ [STEP step_2] ASSERT_VISIBLE: TasteWP loading indicator
2026-01-19T02:35:10.3866096Z     🔍 Mining locators for: 'TasteWP loading indicator'
2026-01-19T02:35:10.4286363Z     🧠 Consulting AI (Vision-First) to find 'TasteWP loading indicator'...
2026-01-19T02:35:10.4296808Z     🔍 Trying smart selectors for 'TasteWP loading indicator'...
2026-01-19T02:35:10.4552017Z     ⚠️ Smart selectors failed (no unique match). Falling back to AI Vision...
2026-01-19T02:35:10.4552690Z     ⚠️ Critical step failure: name 'time' is not defined
2026-01-19T02:35:10.4553132Z   ▶️ [STEP step_3] WAIT: 
2026-01-19T02:35:15.4711165Z     ⚠️ Scroll into view failed for text=None. Proceeding anyway.
2026-01-19T02:35:17.4734233Z     ✅ State transitioned.
2026-01-19T02:35:18.9567224Z [DEBUG] Sending request to gemini-2.0-flash. Number of parts: 2
2026-01-19T02:35:18.9568007Z [DEBUG] Received response (Length: 196)
2026-01-19T02:35:18.9568952Z     🤖 AI Next Step Suggestion: wait -> until ban is lifted
2026-01-19T02:35:18.9569695Z     🧩 Suggested Locator: #counter
2026-01-19T02:35:18.9570800Z     💭 Reasoning: The page indicates a ban. Waiting for the ban to be lifted is the only option.
2026-01-19T02:35:18.9571990Z     ➕ Injected AI step: wait -> until ban is lifted
2026-01-19T02:35:18.9572806Z   ▶️ [STEP step_3_ai_1] WAIT: until ban is lifted
2026-01-19T02:35:18.9628430Z     🎯 Using AI-provided locator: #counter
2026-01-19T02:35:18.9688695Z     ✅ Found 1 verified locators
2026-01-19T02:35:22.0159957Z     ✅ State transitioned.
2026-01-19T02:35:23.7678382Z [DEBUG] Sending request to gemini-2.0-flash. Number of parts: 2
2026-01-19T02:35:23.7679123Z [DEBUG] Received response (Length: 266)
2026-01-19T02:35:23.7679831Z     🤖 AI Next Step Suggestion: wait -> until ban is lifted
2026-01-19T02:35:23.7680310Z     🧩 Suggested Locator: #counter
2026-01-19T02:35:23.7681249Z     💭 Reasoning: The page indicates a ban is in place. The previous action was waiting, and the ban is still active. Continue waiting until the counter reaches zero.
2026-01-19T02:35:23.7682263Z ⚠️ Loop detected: same AI suggestion repeated 2 times. Moving to next step.
2026-01-19T02:35:23.7682852Z   ▶️ [STEP step_4] ASSERT_VISIBLE: Admin Access button
2026-01-19T02:35:23.7735638Z     🔍 Mining locators for: 'Admin Access button'
2026-01-19T02:35:23.7985692Z     🧠 Consulting AI (Vision-First) to find 'Admin Access button'...
2026-01-19T02:35:23.7986615Z     🔍 Trying smart selectors for 'Admin Access button'...
2026-01-19T02:35:23.8216928Z     ⚠️ Smart selectors failed (no unique match). Falling back to AI Vision...
2026-01-19T02:35:23.8217935Z     ⚠️ Critical step failure: name 'time' is not defined
2026-01-19T02:35:23.8218622Z   ▶️ [STEP step_5] CLICK: Admin Access
2026-01-19T02:35:23.8269594Z     🔍 Mining locators for: 'Admin Access'
2026-01-19T02:35:23.8584529Z     🧠 Consulting AI (Vision-First) to find 'Admin Access'...
2026-01-19T02:35:23.8585376Z     🔍 Trying smart selectors for 'Admin Access'...
2026-01-19T02:35:23.8810632Z     ⚠️ Smart selectors failed (no unique match). Falling back to AI Vision...
2026-01-19T02:35:23.8811557Z     ⚠️ Critical step failure: name 'time' is not defined
2026-01-19T02:35:23.8812035Z   ▶️ [STEP step_6] WAIT: 
2026-01-19T02:35:28.8957547Z     ⚠️ Scroll into view failed for text=None. Proceeding anyway.
2026-01-19T02:35:30.8981032Z     ✅ State transitioned.
2026-01-19T02:35:32.3509929Z [DEBUG] Sending request to gemini-2.0-flash. Number of parts: 2
2026-01-19T02:35:32.3510586Z [DEBUG] Received response (Length: 217)
2026-01-19T02:35:32.3511421Z     🤖 AI Next Step Suggestion: wait -> until ban is lifted
2026-01-19T02:35:32.3512360Z     🧩 Suggested Locator: #counter
2026-01-19T02:35:32.3512983Z     💭 Reasoning: The page indicates a ban is in place. Waiting for the ban to be lifted is the only way to progress.
2026-01-19T02:35:32.3513567Z     ➕ Injected AI step: wait -> until ban is lifted
2026-01-19T02:35:32.3513931Z   ▶️ [STEP step_6_ai_1] WAIT: until ban is lifted
2026-01-19T02:35:32.3567573Z     🎯 Using AI-provided locator: #counter
2026-01-19T02:35:32.3621704Z     ✅ Found 1 verified locators
2026-01-19T02:35:35.3986476Z     ✅ State transitioned.
2026-01-19T02:35:37.3720334Z [DEBUG] Sending request to gemini-2.0-flash. Number of parts: 2
2026-01-19T02:35:37.3721058Z [DEBUG] Received response (Length: 200)
2026-01-19T02:35:37.3722321Z     🤖 AI Next Step Suggestion: WAIT -> until ban is lifted
2026-01-19T02:35:37.3723073Z     🧩 Suggested Locator: #counter
2026-01-19T02:35:37.3724277Z     💭 Reasoning: The page indicates a ban is in place. Waiting for the ban to be lifted is the only way to progress.
2026-01-19T02:35:37.3725820Z     ⚠️ Skipping duplicate AI suggestion (just executed): ('wait', 'until ban is lifted')
2026-01-19T02:35:37.3727167Z   ▶️ [STEP step_7] ASSERT_VISIBLE: WordPress Dashboard
2026-01-19T02:35:37.3780617Z     🔍 Mining locators for: 'WordPress Dashboard'
2026-01-19T02:35:37.4015819Z     🧠 Consulting AI (Vision-First) to find 'WordPress Dashboard'...
2026-01-19T02:35:37.4016847Z     🔍 Trying smart selectors for 'WordPress Dashboard'...
2026-01-19T02:35:37.4237784Z     ⚠️ Smart selectors failed (no unique match). Falling back to AI Vision...
2026-01-19T02:35:37.4238642Z     ⚠️ Critical step failure: name 'time' is not defined
2026-01-19T02:35:39.4597974Z 
2026-01-19T02:35:39.4598953Z [2/3] Exploring Scenario: Create WordPress Site with Pre-installed Plugin
2026-01-19T02:35:39.4601231Z     🧠 Initialized exploration context for goal: 'Quick WordPress testing'
2026-01-19T02:35:39.4602037Z   ▶️ [STEP step_1] NAVIGATE: 
2026-01-19T02:35:40.2882746Z     ✅ Navigated to https://tastewp.com/new/?pre-installed-plugin-slug=akismet
2026-01-19T02:35:40.2883662Z   ▶️ [STEP step_2] ASSERT_VISIBLE: TasteWP loading indicator
2026-01-19T02:35:40.3108460Z     🔍 Mining locators for: 'TasteWP loading indicator'
2026-01-19T02:35:40.3433529Z     🧠 Consulting AI (Vision-First) to find 'TasteWP loading indicator'...
2026-01-19T02:35:40.3434130Z     🔍 Trying smart selectors for 'TasteWP loading indicator'...
2026-01-19T02:35:40.3651418Z     ⚠️ Smart selectors failed (no unique match). Falling back to AI Vision...
2026-01-19T02:35:40.3652113Z     ⚠️ Critical step failure: name 'time' is not defined
2026-01-19T02:35:40.3652459Z   ▶️ [STEP step_3] WAIT: 
2026-01-19T02:35:45.3799120Z     ⚠️ Scroll into view failed for text=None. Proceeding anyway.
2026-01-19T02:35:47.3822385Z     ✅ State transitioned.
2026-01-19T02:35:48.7822005Z [DEBUG] Sending request to gemini-2.0-flash. Number of parts: 2
2026-01-19T02:35:48.7822707Z [DEBUG] Received response (Length: 221)
2026-01-19T02:35:48.7823639Z     🤖 AI Next Step Suggestion: wait -> until ban is lifted
2026-01-19T02:35:48.7824319Z     🧩 Suggested Locator: #counter
2026-01-19T02:35:48.7825408Z     💭 Reasoning: The page indicates a ban due to too many requests. Waiting for the ban to be lifted is the only option.
2026-01-19T02:35:48.7826877Z     ➕ Injected AI step: wait -> until ban is lifted
2026-01-19T02:35:48.7827516Z   ▶️ [STEP step_3_ai_1] WAIT: until ban is lifted
2026-01-19T02:35:48.7879111Z     🎯 Using AI-provided locator: #counter
2026-01-19T02:35:48.7937949Z     ✅ Found 1 verified locators
2026-01-19T02:35:51.8320081Z     ✅ State transitioned.
2026-01-19T02:35:53.7523003Z [DEBUG] Sending request to gemini-2.0-flash. Number of parts: 2
2026-01-19T02:35:53.7523740Z [DEBUG] Received response (Length: 273)
2026-01-19T02:35:53.7524667Z     🤖 AI Next Step Suggestion: wait -> until ban is lifted
2026-01-19T02:35:53.7525384Z     🧩 Suggested Locator: #counter
2026-01-19T02:35:53.7527368Z     💭 Reasoning: The page indicates a ban is in place. The previous action was waiting, and we need to continue waiting until the ban is lifted as indicated by the counter.
2026-01-19T02:35:53.7528979Z ⚠️ Loop detected: same AI suggestion repeated 2 times. Moving to next step.
2026-01-19T02:35:53.7529837Z   ▶️ [STEP step_4] ASSERT_VISIBLE: Admin Access button
2026-01-19T02:35:53.7579096Z     🔍 Mining locators for: 'Admin Access button'
2026-01-19T02:35:53.7816902Z     🧠 Consulting AI (Vision-First) to find 'Admin Access button'...
2026-01-19T02:35:53.7817849Z     🔍 Trying smart selectors for 'Admin Access button'...
2026-01-19T02:35:53.8031405Z     ⚠️ Smart selectors failed (no unique match). Falling back to AI Vision...
2026-01-19T02:35:53.8032372Z     ⚠️ Critical step failure: name 'time' is not defined
2026-01-19T02:35:53.8033427Z   ▶️ [STEP step_5] CLICK: Admin Access
2026-01-19T02:35:53.8080511Z     🔍 Mining locators for: 'Admin Access'
2026-01-19T02:35:53.8414397Z     🧠 Consulting AI (Vision-First) to find 'Admin Access'...
2026-01-19T02:35:53.8415301Z     🔍 Trying smart selectors for 'Admin Access'...
2026-01-19T02:35:53.8630801Z     ⚠️ Smart selectors failed (no unique match). Falling back to AI Vision...
2026-01-19T02:35:53.8631765Z     ⚠️ Critical step failure: name 'time' is not defined
2026-01-19T02:35:53.8632405Z   ▶️ [STEP step_6] WAIT: 
2026-01-19T02:35:58.8775470Z     ⚠️ Scroll into view failed for text=None. Proceeding anyway.
2026-01-19T02:36:00.8818856Z     ✅ State transitioned.
2026-01-19T02:36:02.3112387Z [DEBUG] Sending request to gemini-2.0-flash. Number of parts: 2
2026-01-19T02:36:02.3113130Z [DEBUG] Received response (Length: 216)
2026-01-19T02:36:02.3114057Z     🤖 AI Next Step Suggestion: wait -> until ban is lifted
2026-01-19T02:36:02.3114902Z     🧩 Suggested Locator: #counter
2026-01-19T02:36:02.3116261Z     💭 Reasoning: The page indicates a ban is in place. Waiting for the ban to be lifted is the only way to proceed.
2026-01-19T02:36:02.3117383Z     ➕ Injected AI step: wait -> until ban is lifted
2026-01-19T02:36:02.3118077Z   ▶️ [STEP step_6_ai_1] WAIT: until ban is lifted
2026-01-19T02:36:02.3168188Z     🎯 Using AI-provided locator: #counter
2026-01-19T02:36:02.3219558Z     ✅ Found 1 verified locators
2026-01-19T02:36:05.3478331Z     ✅ State transitioned.
2026-01-19T02:36:07.3498300Z [DEBUG] Sending request to gemini-2.0-flash. Number of parts: 2
2026-01-19T02:36:07.3499076Z [DEBUG] Received response (Length: 220)
2026-01-19T02:36:07.3499978Z     🤖 AI Next Step Suggestion: WAIT -> until ban is lifted
2026-01-19T02:36:07.3500781Z     🧩 Suggested Locator: #counter
2026-01-19T02:36:07.3502111Z     💭 Reasoning: The page indicates a ban is in place. The only action possible is to wait until the timer counts down.
2026-01-19T02:36:07.3503795Z     ⚠️ Skipping duplicate AI suggestion (just executed): ('wait', 'until ban is lifted')
2026-01-19T02:36:07.3504817Z   ▶️ [STEP step_7] ASSERT_VISIBLE: WordPress Dashboard
2026-01-19T02:36:07.3556551Z     🔍 Mining locators for: 'WordPress Dashboard'
2026-01-19T02:36:07.3794510Z     🧠 Consulting AI (Vision-First) to find 'WordPress Dashboard'...
2026-01-19T02:36:07.3795467Z     🔍 Trying smart selectors for 'WordPress Dashboard'...
2026-01-19T02:36:07.4002603Z     ⚠️ Smart selectors failed (no unique match). Falling back to AI Vision...
2026-01-19T02:36:07.4003315Z     ⚠️ Critical step failure: name 'time' is not defined
2026-01-19T02:36:09.4337181Z 
2026-01-19T02:36:09.4338735Z [3/3] Exploring Scenario: Create WordPress Site with Pre-installed Theme
2026-01-19T02:36:09.4340416Z     🧠 Initialized exploration context for goal: 'Quick WordPress testing'
2026-01-19T02:36:09.4341342Z   ▶️ [STEP step_1] NAVIGATE: 
2026-01-19T02:36:10.5117371Z     ✅ Navigated to https://tastewp.com/new/?pre-installed-theme-slug=neve
2026-01-19T02:36:10.5118482Z   ▶️ [STEP step_2] ASSERT_VISIBLE: TasteWP loading indicator
2026-01-19T02:36:10.5348247Z     🔍 Mining locators for: 'TasteWP loading indicator'
2026-01-19T02:36:10.5755577Z     🧠 Consulting AI (Vision-First) to find 'TasteWP loading indicator'...
2026-01-19T02:36:10.5756684Z     🔍 Trying smart selectors for 'TasteWP loading indicator'...
2026-01-19T02:36:10.5971912Z     ⚠️ Smart selectors failed (no unique match). Falling back to AI Vision...
2026-01-19T02:36:10.5972780Z     ⚠️ Critical step failure: name 'time' is not defined
2026-01-19T02:36:10.5973342Z   ▶️ [STEP step_3] WAIT: 
2026-01-19T02:36:15.6123254Z     ⚠️ Scroll into view failed for text=None. Proceeding anyway.
2026-01-19T02:36:17.6139591Z     ✅ State transitioned.
2026-01-19T02:36:19.0442187Z [DEBUG] Sending request to gemini-2.0-flash. Number of parts: 2
2026-01-19T02:36:19.0442969Z [DEBUG] Received response (Length: 196)
2026-01-19T02:36:19.0443692Z     🤖 AI Next Step Suggestion: wait -> until ban is lifted
2026-01-19T02:36:19.0444107Z     🧩 Suggested Locator: #counter
2026-01-19T02:36:19.0444977Z     💭 Reasoning: The page indicates a ban. Waiting for the ban to be lifted is the only option.
2026-01-19T02:36:19.0445593Z     ➕ Injected AI step: wait -> until ban is lifted
2026-01-19T02:36:19.0446224Z   ▶️ [STEP step_3_ai_1] WAIT: until ban is lifted
2026-01-19T02:36:19.0496491Z     🎯 Using AI-provided locator: #counter
2026-01-19T02:36:19.0557635Z     ✅ Found 1 verified locators
2026-01-19T02:36:22.0959316Z     ✅ State transitioned.
2026-01-19T02:36:23.8738824Z [DEBUG] Sending request to gemini-2.0-flash. Number of parts: 2
2026-01-19T02:36:23.8739505Z [DEBUG] Received response (Length: 272)
2026-01-19T02:36:23.8740373Z     🤖 AI Next Step Suggestion: WAIT -> until ban is lifted
2026-01-19T02:36:23.8741003Z     🧩 Suggested Locator: #counter
2026-01-19T02:36:23.8742401Z     💭 Reasoning: The page indicates a ban is in place. The previous action was waiting, and we should continue waiting until the ban is lifted as indicated by the counter.
2026-01-19T02:36:23.8743961Z     ⚠️ Skipping duplicate AI suggestion (just executed): ('wait', 'until ban is lifted')
2026-01-19T02:36:23.8744486Z   ▶️ [STEP step_4] ASSERT_VISIBLE: Admin Access button
2026-01-19T02:36:23.8796180Z     🔍 Mining locators for: 'Admin Access button'
2026-01-19T02:36:23.9080119Z     🧠 Consulting AI (Vision-First) to find 'Admin Access button'...
2026-01-19T02:36:23.9080991Z     🔍 Trying smart selectors for 'Admin Access button'...
2026-01-19T02:36:23.9285631Z     ⚠️ Smart selectors failed (no unique match). Falling back to AI Vision...
2026-01-19T02:36:23.9286608Z     ⚠️ Critical step failure: name 'time' is not defined
2026-01-19T02:36:23.9287046Z   ▶️ [STEP step_5] CLICK: Admin Access
2026-01-19T02:36:23.9335203Z     🔍 Mining locators for: 'Admin Access'
2026-01-19T02:36:23.9566584Z     🧠 Consulting AI (Vision-First) to find 'Admin Access'...
2026-01-19T02:36:23.9567123Z     🔍 Trying smart selectors for 'Admin Access'...
2026-01-19T02:36:23.9774388Z     ⚠️ Smart selectors failed (no unique match). Falling back to AI Vision...
2026-01-19T02:36:23.9775369Z     ⚠️ Critical step failure: name 'time' is not defined
2026-01-19T02:36:23.9776250Z   ▶️ [STEP step_6] WAIT: 
2026-01-19T02:36:28.9906097Z     ⚠️ Scroll into view failed for text=None. Proceeding anyway.
2026-01-19T02:36:30.9928397Z     ✅ State transitioned.
2026-01-19T02:36:32.4732328Z [DEBUG] Sending request to gemini-2.0-flash. Number of parts: 2
2026-01-19T02:36:32.4733076Z [DEBUG] Received response (Length: 250)
2026-01-19T02:36:32.4734008Z     🤖 AI Next Step Suggestion: wait -> until ban is lifted
2026-01-19T02:36:32.4734712Z     🧩 Suggested Locator: #counter
2026-01-19T02:36:32.4736220Z     💭 Reasoning: The page indicates a ban is in place. The next logical step is to wait until the ban is lifted, as indicated by the countdown timer.
2026-01-19T02:36:32.4737499Z     ➕ Injected AI step: wait -> until ban is lifted
2026-01-19T02:36:32.4737956Z   ▶️ [STEP step_6_ai_1] WAIT: until ban is lifted
2026-01-19T02:36:32.4785007Z     🎯 Using AI-provided locator: #counter
2026-01-19T02:36:32.4836510Z     ✅ Found 1 verified locators
2026-01-19T02:36:35.5120920Z     ✅ State transitioned.
2026-01-19T02:36:37.4573070Z [DEBUG] Sending request to gemini-2.0-flash. Number of parts: 2
2026-01-19T02:36:37.4573992Z [DEBUG] Received response (Length: 216)
2026-01-19T02:36:37.4574742Z     🤖 AI Next Step Suggestion: WAIT -> until ban is lifted
2026-01-19T02:36:37.4575126Z     🧩 Suggested Locator: #counter
2026-01-19T02:36:37.4575703Z     💭 Reasoning: The page indicates a ban is in place. Waiting for the ban to be lifted is the only way to proceed.
2026-01-19T02:36:37.4576691Z     ⚠️ Skipping duplicate AI suggestion (just executed): ('wait', 'until ban is lifted')
2026-01-19T02:36:37.4577190Z   ▶️ [STEP step_7] ASSERT_VISIBLE: WordPress Dashboard
2026-01-19T02:36:37.4631203Z     🔍 Mining locators for: 'WordPress Dashboard'
2026-01-19T02:36:37.4911218Z     🧠 Consulting AI (Vision-First) to find 'WordPress Dashboard'...
2026-01-19T02:36:37.4912151Z     🔍 Trying smart selectors for 'WordPress Dashboard'...
2026-01-19T02:36:37.5118776Z     ⚠️ Smart selectors failed (no unique match). Falling back to AI Vision...
2026-01-19T02:36:37.5119531Z     ⚠️ Critical step failure: name 'time' is not defined
2026-01-19T02:36:39.5443988Z 🗂️  All generated tests written to /home/runner/work/build_qa_automation/build_qa_automation/projects/ci_wordpress_demo/tests/generated_scenarios.json
2026-01-19T02:36:39.5449750Z 🔄 Updated workflow.json with discovered steps and locators.
2026-01-19T02:36:39.5450212Z 
2026-01-19T02:36:39.5450473Z ✅ Deep Exploration Complete.
2026-01-19T02:39:42.3363779Z 
2026-01-19T02:39:42.3364637Z 🚀 [EXECUTE] Starting Automation Execution Engine
2026-01-19T02:39:42.3365298Z 📍 Project: ci_wordpress_demo
2026-01-19T02:39:42.3365670Z 🎬 Mode: Headless
2026-01-19T02:39:42.3366030Z 
2026-01-19T02:39:42.3366310Z --- Scenario: Quick WordPress Test Site Creation and Basic Functionality ---
2026-01-19T02:39:42.3366817Z   ▶️ [STEP step_1] NAVIGATE: Step step_1
2026-01-19T02:39:42.3367152Z     ✅ Step step_1 Passed.
2026-01-19T02:39:42.3367492Z   ▶️ [STEP step_2] ASSERT_VISIBLE: TasteWP loading indicator
2026-01-19T02:39:42.3367988Z     ❌ Attempt 1 failed (element_not_found): Locator expected to be visible
2026-01-19T02:39:42.3368362Z Actual value: None
2026-01-19T02:39:42.3368573Z Error: element(s) not found 
2026-01-19T02:39:42.3368802Z Call log:
2026-01-19T02:39:42.3368975Z   - Expect ...
2026-01-19T02:39:42.3369331Z     🔧 [AUTO-HEAL] Re-mining page to find 'TasteWP loading indicator'...
2026-01-19T02:39:42.3369768Z [DEBUG] Sending request to gemini-2.0-flash. Number of parts: 2
2026-01-19T02:39:42.3370118Z [DEBUG] Received response (Length: 512)
2026-01-19T02:39:42.3370492Z     ✨ AI successfully healed the step! Found 2 alternatives.
2026-01-19T02:39:42.3370893Z     ✨ AI successfully healed the step! New selector: body
2026-01-19T02:39:42.3371215Z     ✅ Step step_2 Passed.
2026-01-19T02:39:42.3371483Z   ▶️ [STEP step_3] WAIT: Step step_3
2026-01-19T02:39:42.3371778Z     ✅ Step step_3 Passed.
2026-01-19T02:39:42.3372063Z   ▶️ [STEP step_3_ai_1] WAIT: until ban is lifted
2026-01-19T02:39:42.3372379Z     🎯 Using mined locator: #counter
2026-01-19T02:39:42.3372659Z     ✅ Step step_3_ai_1 Passed.
2026-01-19T02:39:42.3372990Z   ▶️ [STEP step_4] ASSERT_VISIBLE: Admin Access button
2026-01-19T02:39:42.3373436Z     ❌ Attempt 1 failed (element_not_found): Locator expected to be visible
2026-01-19T02:39:42.3373780Z Actual value: None
2026-01-19T02:39:42.3373982Z Error: element(s) not found 
2026-01-19T02:39:42.3374203Z Call log:
2026-01-19T02:39:42.3374375Z   - Expect ...
2026-01-19T02:39:42.3374691Z     🔧 [AUTO-HEAL] Re-mining page to find 'Admin Access button'...
2026-01-19T02:39:42.3375097Z [DEBUG] Sending request to gemini-2.0-flash. Number of parts: 2
2026-01-19T02:39:42.3375438Z [DEBUG] Received response (Length: 38)
2026-01-19T02:39:42.3376498Z     ❌ AI could not re-locate the element. Waiting 1s before next retry.
2026-01-19T02:39:42.3377065Z     ❌ Attempt 2 failed (element_not_found): Locator expected to be visible
2026-01-19T02:39:42.3377734Z Actual value: None
2026-01-19T02:39:42.3377949Z Error: element(s) not found 
2026-01-19T02:39:42.3378165Z Call log:
2026-01-19T02:39:42.3378342Z   - Expect ...
2026-01-19T02:39:42.3378833Z     🔧 [AUTO-HEAL] Re-mining page to find 'Admin Access button'...
2026-01-19T02:39:42.3379258Z [DEBUG] Sending request to gemini-2.0-flash. Number of parts: 2
2026-01-19T02:39:42.3379603Z [DEBUG] Received response (Length: 736)
2026-01-19T02:39:42.3379987Z     ✨ AI successfully healed the step! Found 3 alternatives.
2026-01-19T02:39:42.3380391Z     ✨ AI successfully healed the step! New selector: body
2026-01-19T02:39:42.3380718Z     ✅ Step step_4 Passed.
2026-01-19T02:39:42.3380983Z   ▶️ [STEP step_5] CLICK: Admin Access
2026-01-19T02:39:42.3381457Z     ❌ Attempt 1 failed (element_not_found): Locator.bounding_box: Timeout 30000ms exceeded.
2026-01-19T02:39:42.3381861Z Call log:
2026-01-19T02:39:42.3382067Z   - waiting for locator("text=Admin Access...
2026-01-19T02:39:42.3382448Z     🔧 [AUTO-HEAL] Re-mining page to find 'Admin Access'...
2026-01-19T02:39:42.3382826Z [DEBUG] Sending request to gemini-2.0-flash. Number of parts: 2
2026-01-19T02:39:42.3383162Z [DEBUG] Received response (Length: 353)
2026-01-19T02:39:42.3383534Z     ✨ AI successfully healed the step! Found 2 alternatives.
2026-01-19T02:39:42.3383930Z     ✨ AI successfully healed the step! New selector: body
2026-01-19T02:39:42.3384251Z     ✅ Step step_5 Passed.
2026-01-19T02:39:42.3384512Z   ▶️ [STEP step_6] WAIT: Step step_6
2026-01-19T02:39:42.3384787Z     ✅ Step step_6 Passed.
2026-01-19T02:39:42.3385070Z   ▶️ [STEP step_6_ai_1] WAIT: until ban is lifted
2026-01-19T02:39:42.3385490Z     ⚠️ Mined locators not found on page. Falling back to semantic search.
2026-01-19T02:39:42.3386084Z     ✅ Step step_6_ai_1 Passed.
2026-01-19T02:39:42.3386472Z   ▶️ [STEP step_7] ASSERT_VISIBLE: WordPress Dashboard
2026-01-19T02:39:42.3386925Z     ❌ Attempt 1 failed (element_not_found): Locator expected to be visible
2026-01-19T02:39:42.3387282Z Actual value: None
2026-01-19T02:39:42.3387485Z Error: element(s) not found 
2026-01-19T02:39:42.3387702Z Call log:
2026-01-19T02:39:42.3387872Z   - Expect ...
2026-01-19T02:39:42.3388272Z     🔧 [AUTO-HEAL] Re-mining page to find 'WordPress Dashboard'...
2026-01-19T02:39:42.3388707Z [DEBUG] Sending request to gemini-2.0-flash. Number of parts: 2
2026-01-19T02:39:42.3389046Z [DEBUG] Received response (Length: 413)
2026-01-19T02:39:42.3389410Z     ✨ AI successfully healed the step! Found 2 alternatives.
2026-01-19T02:39:42.3389806Z     ✨ AI successfully healed the step! New selector: body
2026-01-19T02:39:42.3390137Z     ✅ Step step_7 Passed.
2026-01-19T02:39:42.3390595Z ✅ Scenario 'Quick WordPress Test Site Creation and Basic Functionality' completed successfully!
2026-01-19T02:39:42.3390961Z 
2026-01-19T02:39:42.3391130Z --- Scenario: Create WordPress Site with Pre-installed Plugin ---
2026-01-19T02:39:42.3391524Z   ▶️ [STEP step_1] NAVIGATE: Step step_1
2026-01-19T02:39:42.3391819Z     ✅ Step step_1 Passed.
2026-01-19T02:39:42.3392133Z   ▶️ [STEP step_2] ASSERT_VISIBLE: TasteWP loading indicator
2026-01-19T02:39:42.3392586Z     ❌ Attempt 1 failed (element_not_found): Locator expected to be visible
2026-01-19T02:39:42.3392938Z Actual value: None
2026-01-19T02:39:42.3393139Z Error: element(s) not found 
2026-01-19T02:39:42.3393343Z Call log:
2026-01-19T02:39:42.3393536Z   - Expect ...
2026-01-19T02:39:42.3393871Z     🔧 [AUTO-HEAL] Re-mining page to find 'TasteWP loading indicator'...
2026-01-19T02:39:42.3394292Z [DEBUG] Sending request to gemini-2.0-flash. Number of parts: 2
2026-01-19T02:39:42.3394621Z [DEBUG] Received response (Length: 505)
2026-01-19T02:39:42.3394978Z     ✨ AI successfully healed the step! Found 2 alternatives.
2026-01-19T02:39:42.3395370Z     ✨ AI successfully healed the step! New selector: body
2026-01-19T02:39:42.3395694Z     ✅ Step step_2 Passed.
2026-01-19T02:39:42.3396208Z   ▶️ [STEP step_3] WAIT: Step step_3
2026-01-19T02:39:42.3396806Z     ✅ Step step_3 Passed.
2026-01-19T02:39:42.3397100Z   ▶️ [STEP step_3_ai_1] WAIT: until ban is lifted
2026-01-19T02:39:42.3397613Z     ⚠️ Mined locators not found on page. Falling back to semantic search.
2026-01-19T02:39:42.3398074Z     ✅ Step step_3_ai_1 Passed.
2026-01-19T02:39:42.3398528Z   ▶️ [STEP step_4] ASSERT_VISIBLE: Admin Access button
2026-01-19T02:39:42.3398984Z     ❌ Attempt 1 failed (element_not_found): Locator expected to be visible
2026-01-19T02:39:42.3399331Z Actual value: None
2026-01-19T02:39:42.3399531Z Error: element(s) not found 
2026-01-19T02:39:42.3399742Z Call log:
2026-01-19T02:39:42.3399915Z   - Expect ...
2026-01-19T02:39:42.3400240Z     🔧 [AUTO-HEAL] Re-mining page to find 'Admin Access button'...
2026-01-19T02:39:42.3400646Z [DEBUG] Sending request to gemini-2.0-flash. Number of parts: 2
2026-01-19T02:39:42.3400979Z [DEBUG] Received response (Length: 38)
2026-01-19T02:39:42.3401369Z     ❌ AI could not re-locate the element. Waiting 1s before next retry.
2026-01-19T02:39:42.3401866Z     ❌ Attempt 2 failed (element_not_found): Locator expected to be visible
2026-01-19T02:39:42.3402209Z Actual value: None
2026-01-19T02:39:42.3402401Z Error: element(s) not found 
2026-01-19T02:39:42.3402613Z Call log:
2026-01-19T02:39:42.3402778Z   - Expect ...
2026-01-19T02:39:42.3403098Z     🔧 [AUTO-HEAL] Re-mining page to find 'Admin Access button'...
2026-01-19T02:39:42.3403438Z [CACHE HIT] df38d42e... (hits: 1, misses: 7)
2026-01-19T02:39:42.3403828Z     ❌ AI could not re-locate the element. Waiting 1s before next retry.
2026-01-19T02:39:42.3404304Z     ❌ Attempt 3 failed (element_not_found): Locator expected to be visible
2026-01-19T02:39:42.3404644Z Actual value: None
2026-01-19T02:39:42.3404845Z Error: element(s) not found 
2026-01-19T02:39:42.3405053Z Call log:
2026-01-19T02:39:42.3405223Z   - Expect ...
2026-01-19T02:39:42.3405472Z     💀 Step step_4 failed after all retries.
2026-01-19T02:39:42.3406286Z 🛑 Scenario 'Create WordPress Site with Pre-installed Plugin' aborted due to step failure.
2026-01-19T02:39:42.3406672Z 
2026-01-19T02:39:42.3406848Z --- Scenario: Create WordPress Site with Pre-installed Theme ---
2026-01-19T02:39:42.3407261Z   ▶️ [STEP step_1] NAVIGATE: Step step_1
2026-01-19T02:39:42.3407559Z     ✅ Step step_1 Passed.
2026-01-19T02:39:42.3407903Z   ▶️ [STEP step_2] ASSERT_VISIBLE: TasteWP loading indicator
2026-01-19T02:39:42.3408357Z     ❌ Attempt 1 failed (element_not_found): Locator expected to be visible
2026-01-19T02:39:42.3408704Z Actual value: None
2026-01-19T02:39:42.3408908Z Error: element(s) not found 
2026-01-19T02:39:42.3409123Z Call log:
2026-01-19T02:39:42.3409289Z   - Expect ...
2026-01-19T02:39:42.3409624Z     🔧 [AUTO-HEAL] Re-mining page to find 'TasteWP loading indicator'...
2026-01-19T02:39:42.3409988Z [CACHE HIT] 6c96a462... (hits: 2, misses: 7)
2026-01-19T02:39:42.3410358Z     ✨ AI successfully healed the step! Found 2 alternatives.
2026-01-19T02:39:42.3410759Z     ✨ AI successfully healed the step! New selector: body
2026-01-19T02:39:42.3411087Z     ✅ Step step_2 Passed.
2026-01-19T02:39:42.3411348Z   ▶️ [STEP step_3] WAIT: Step step_3
2026-01-19T02:39:42.3411624Z     ✅ Step step_3 Passed.
2026-01-19T02:39:42.3411905Z   ▶️ [STEP step_3_ai_1] WAIT: until ban is lifted
2026-01-19T02:39:42.3412336Z     ⚠️ Mined locators not found on page. Falling back to semantic search.
2026-01-19T02:39:42.3412717Z     ✅ Step step_3_ai_1 Passed.
2026-01-19T02:39:42.3413033Z   ▶️ [STEP step_4] ASSERT_VISIBLE: Admin Access button
2026-01-19T02:39:42.3413478Z     ❌ Attempt 1 failed (element_not_found): Locator expected to be visible
2026-01-19T02:39:42.3413819Z Actual value: None
2026-01-19T02:39:42.3414022Z Error: element(s) not found 
2026-01-19T02:39:42.3414236Z Call log:
2026-01-19T02:39:42.3414406Z   - Expect ...
2026-01-19T02:39:42.3414719Z     🔧 [AUTO-HEAL] Re-mining page to find 'Admin Access button'...
2026-01-19T02:39:42.3415061Z [CACHE HIT] df38d42e... (hits: 3, misses: 7)
2026-01-19T02:39:42.3415460Z     ❌ AI could not re-locate the element. Waiting 1s before next retry.
2026-01-19T02:39:42.3416394Z     ❌ Attempt 2 failed (element_not_found): Locator expected to be visible
2026-01-19T02:39:42.3416742Z Actual value: None
2026-01-19T02:39:42.3416943Z Error: element(s) not found 
2026-01-19T02:39:42.3417158Z Call log:
2026-01-19T02:39:42.3417474Z   - Expect ...
2026-01-19T02:39:42.3417796Z     🔧 [AUTO-HEAL] Re-mining page to find 'Admin Access button'...
2026-01-19T02:39:42.3418134Z [CACHE HIT] df38d42e... (hits: 4, misses: 7)
2026-01-19T02:39:42.3418531Z     ❌ AI could not re-locate the element. Waiting 1s before next retry.
2026-01-19T02:39:42.3419011Z     ❌ Attempt 3 failed (element_not_found): Locator expected to be visible
2026-01-19T02:39:42.3419353Z Actual value: None
2026-01-19T02:39:42.3419543Z Error: element(s) not found 
2026-01-19T02:39:42.3419752Z Call log:
2026-01-19T02:39:42.3419919Z   - Expect ...
2026-01-19T02:39:42.3420161Z     💀 Step step_4 failed after all retries.
2026-01-19T02:39:42.3420680Z 🛑 Scenario 'Create WordPress Site with Pre-installed Theme' aborted due to step failure.
2026-01-19T02:39:42.3421038Z 
2026-01-19T02:39:42.3421134Z ============================================================
2026-01-19T02:39:42.3421463Z 🎯 EXECUTION SUMMARY
2026-01-19T02:39:42.3421689Z ============================================================
2026-01-19T02:39:42.3421875Z 
2026-01-19T02:39:42.3421979Z 📋 Scenario Overview:
2026-01-19T02:39:42.3422229Z    • Total Scenarios Planned: 3
2026-01-19T02:39:42.3422495Z    • Scenarios Executed: 3
2026-01-19T02:39:42.3422749Z    • Total Steps Executed: 19
2026-01-19T02:39:42.3422898Z 
2026-01-19T02:39:42.3422989Z ✅ Results:
2026-01-19T02:39:42.3423189Z    ✅ Passed: 1 (33%)
2026-01-19T02:39:42.3423406Z    ❌ Failed: 2 (66%)
2026-01-19T02:39:42.3423520Z 
2026-01-19T02:39:42.3423630Z ⚠️  Failed Scenarios:
2026-01-19T02:39:42.3423919Z    • Create WordPress Site with Pre-installed Plugin
2026-01-19T02:39:42.3424281Z    • Create WordPress Site with Pre-installed Theme
2026-01-19T02:39:42.3424491Z 
2026-01-19T02:39:42.3424598Z ============================================================
2026-01-19T02:39:42.3424788Z 
2026-01-19T02:39:42.3425272Z 🏁 Execution Finished. Report: /home/runner/work/build_qa_automation/build_qa_automation/projects/ci_wordpress_demo/execution.json
2026-01-19T02:39:42.4420522Z 
2026-01-19T02:39:42.4421052Z [PHASE] Running Phase: DISCOVERY
2026-01-19T02:39:42.4422529Z    Command: /opt/hostedtoolcache/Python/3.11.14/x64/bin/python /home/runner/work/build_qa_automation/build_qa_automation/core/agents/discovery.py --project /home/runner/work/build_qa_automation/build_qa_automation/projects/ci_wordpress_demo --url https://tastewp.com/new --deep
2026-01-19T02:39:42.4424027Z ✅ Phase 'discovery' completed successfully.
2026-01-19T02:39:42.4424233Z 
2026-01-19T02:39:42.4424356Z [PHASE] Running Phase: PLANNING
2026-01-19T02:39:42.4425520Z    Command: /opt/hostedtoolcache/Python/3.11.14/x64/bin/python /home/runner/work/build_qa_automation/build_qa_automation/core/agents/planner.py --project /home/runner/work/build_qa_automation/build_qa_automation/projects/ci_wordpress_demo --goal Quick WordPress testing --url https://tastewp.com/new --deep
2026-01-19T02:39:42.4426935Z ✅ Phase 'planning' completed successfully.
2026-01-19T02:39:42.4427134Z 
2026-01-19T02:39:42.4427239Z [PHASE] Running Phase: EXPLORATION
2026-01-19T02:39:42.4428178Z    Command: /opt/hostedtoolcache/Python/3.11.14/x64/bin/python /home/runner/work/build_qa_automation/build_qa_automation/core/agents/deep_explorer.py --project /home/runner/work/build_qa_automation/build_qa_automation/projects/ci_wordpress_demo
2026-01-19T02:39:42.4429184Z ✅ Phase 'exploration' completed successfully.
2026-01-19T02:39:42.4429585Z 📊 Exploration Discovery Success Rate: 25.0%
2026-01-19T02:39:42.4430071Z ⚠️ Exploration failed to find stable locators for key steps. Execution might fail.
2026-01-19T02:39:42.4430394Z 
2026-01-19T02:39:42.4430495Z [PHASE] Running Phase: EXECUTION
2026-01-19T02:39:42.4431410Z    Command: /opt/hostedtoolcache/Python/3.11.14/x64/bin/python /home/runner/work/build_qa_automation/build_qa_automation/core/agents/executor.py --project /home/runner/work/build_qa_automation/build_qa_automation/projects/ci_wordpress_demo
2026-01-19T02:39:42.4432636Z ✅ Phase 'execution' completed successfully.
2026-01-19T02:39:42.4432836Z 
2026-01-19T02:39:42.4433071Z [DONE] Pipeline Execution Finished! [DONE]
2026-01-19T02:39:42.5358184Z ##[group]Run RESULT_FILE="projects/ci_wordpress_demo/execution.json"
2026-01-19T02:39:42.5358718Z [36;1mRESULT_FILE="projects/ci_wordpress_demo/execution.json"[0m
2026-01-19T02:39:42.5359083Z [36;1mif [ -f "$RESULT_FILE" ]; then[0m
2026-01-19T02:39:42.5359457Z [36;1m  echo "✅ Results generated successfully: $RESULT_FILE"[0m
2026-01-19T02:39:42.5359910Z [36;1m  cat "$RESULT_FILE" | jq '.scenarios | length' || echo "Result file exists"[0m
2026-01-19T02:39:42.5360287Z [36;1melse[0m
2026-01-19T02:39:42.5360533Z [36;1m  echo "❌ No result file found at $RESULT_FILE"[0m
2026-01-19T02:39:42.5360823Z [36;1m  exit 1[0m
2026-01-19T02:39:42.5361030Z [36;1mfi[0m
2026-01-19T02:39:42.5392397Z shell: /usr/bin/bash -e {0}
2026-01-19T02:39:42.5392639Z env:
2026-01-19T02:39:42.5392898Z   pythonLocation: /opt/hostedtoolcache/Python/3.11.14/x64
2026-01-19T02:39:42.5393333Z   PKG_CONFIG_PATH: /opt/hostedtoolcache/Python/3.11.14/x64/lib/pkgconfig
2026-01-19T02:39:42.5393793Z   Python_ROOT_DIR: /opt/hostedtoolcache/Python/3.11.14/x64
2026-01-19T02:39:42.5394175Z   Python2_ROOT_DIR: /opt/hostedtoolcache/Python/3.11.14/x64
2026-01-19T02:39:42.5394543Z   Python3_ROOT_DIR: /opt/hostedtoolcache/Python/3.11.14/x64
2026-01-19T02:39:42.5394921Z   LD_LIBRARY_PATH: /opt/hostedtoolcache/Python/3.11.14/x64/lib
2026-01-19T02:39:42.5395231Z ##[endgroup]
2026-01-19T02:39:42.5447151Z ✅ Results generated successfully: projects/ci_wordpress_demo/execution.json
2026-01-19T02:39:42.5472603Z 3
2026-01-19T02:39:42.5533283Z ##[group]Run actions/upload-artifact@v4
2026-01-19T02:39:42.5533575Z with:
2026-01-19T02:39:42.5533783Z   name: wordpress_demo-execution-results
2026-01-19T02:39:42.5534242Z   path: projects/ci_wordpress_demo/execution.json
projects/ci_wordpress_demo/workflow.json

2026-01-19T02:39:42.5534678Z   retention-days: 30
2026-01-19T02:39:42.5534892Z   if-no-files-found: warn
2026-01-19T02:39:42.5535114Z   compression-level: 6
2026-01-19T02:39:42.5535313Z   overwrite: false
2026-01-19T02:39:42.5535516Z   include-hidden-files: false
2026-01-19T02:39:42.5535736Z env:
2026-01-19T02:39:42.5536375Z   pythonLocation: /opt/hostedtoolcache/Python/3.11.14/x64
2026-01-19T02:39:42.5536827Z   PKG_CONFIG_PATH: /opt/hostedtoolcache/Python/3.11.14/x64/lib/pkgconfig
2026-01-19T02:39:42.5537239Z   Python_ROOT_DIR: /opt/hostedtoolcache/Python/3.11.14/x64
2026-01-19T02:39:42.5537607Z   Python2_ROOT_DIR: /opt/hostedtoolcache/Python/3.11.14/x64
2026-01-19T02:39:42.5538000Z   Python3_ROOT_DIR: /opt/hostedtoolcache/Python/3.11.14/x64
2026-01-19T02:39:42.5538365Z   LD_LIBRARY_PATH: /opt/hostedtoolcache/Python/3.11.14/x64/lib
2026-01-19T02:39:42.5538673Z ##[endgroup]
2026-01-19T02:39:42.7664812Z Multiple search paths detected. Calculating the least common ancestor of all paths
2026-01-19T02:39:42.7670043Z The least common ancestor is /home/runner/work/build_qa_automation/build_qa_automation/projects/ci_wordpress_demo. This will be the root directory of the artifact
2026-01-19T02:39:42.7672608Z With the provided path, there will be 2 files uploaded
2026-01-19T02:39:42.7677335Z Artifact name is valid!
2026-01-19T02:39:42.7678725Z Root directory input is valid!
2026-01-19T02:39:42.9914800Z Beginning upload of artifact content to blob storage
2026-01-19T02:39:43.2179648Z Uploaded bytes 1879
2026-01-19T02:39:43.2758338Z Finished uploading artifact content to blob storage!
2026-01-19T02:39:43.2762599Z SHA256 digest of uploaded artifact zip is 1422aaed4e80af134893c85a5588d75dadd80a10ac3a04257aedb97ea5549ed7
2026-01-19T02:39:43.2764955Z Finalizing artifact upload
2026-01-19T02:39:43.4089843Z Artifact wordpress_demo-execution-results.zip successfully finalized. Artifact ID 5171827888
2026-01-19T02:39:43.4091355Z Artifact wordpress_demo-execution-results has been successfully uploaded! Final size is 1879 bytes. Artifact ID is 5171827888
2026-01-19T02:39:43.4097442Z Artifact download URL: https://github.com/vishvasmca-cmd/build_qa_automation/actions/runs/21122730879/artifacts/5171827888
2026-01-19T02:39:43.4295136Z Post job cleanup.
2026-01-19T02:39:43.5795628Z Cache hit occurred on the primary key setup-python-Linux-x64-24.04-Ubuntu-python-3.11.14-pip-dde08d0e0b672972dcda9f1a063036a2e0c226f5d0a20362e9401931676d80a4, not saving cache.
2026-01-19T02:39:43.5899190Z Post job cleanup.
2026-01-19T02:39:43.6834155Z [command]/usr/bin/git version
2026-01-19T02:39:43.6870457Z git version 2.52.0
2026-01-19T02:39:43.6912860Z Temporarily overriding HOME='/home/runner/work/_temp/d76d380f-20c9-4814-bb29-e928650091ba' before making global git config changes
2026-01-19T02:39:43.6914124Z Adding repository directory to the temporary git global config as a safe directory
2026-01-19T02:39:43.6926962Z [command]/usr/bin/git config --global --add safe.directory /home/runner/work/build_qa_automation/build_qa_automation
2026-01-19T02:39:43.6962711Z [command]/usr/bin/git config --local --name-only --get-regexp core\.sshCommand
2026-01-19T02:39:43.6995245Z [command]/usr/bin/git submodule foreach --recursive sh -c "git config --local --name-only --get-regexp 'core\.sshCommand' && git config --local --unset-all 'core.sshCommand' || :"
2026-01-19T02:39:43.7233646Z [command]/usr/bin/git config --local --name-only --get-regexp http\.https\:\/\/github\.com\/\.extraheader
2026-01-19T02:39:43.7254674Z http.https://github.com/.extraheader
2026-01-19T02:39:43.7267244Z [command]/usr/bin/git config --local --unset-all http.https://github.com/.extraheader
2026-01-19T02:39:43.7297329Z [command]/usr/bin/git submodule foreach --recursive sh -c "git config --local --name-only --get-regexp 'http\.https\:\/\/github\.com\/\.extraheader' && git config --local --unset-all 'http.https://github.com/.extraheader' || :"
2026-01-19T02:39:43.7519994Z [command]/usr/bin/git config --local --name-only --get-regexp ^includeIf\.gitdir:
2026-01-19T02:39:43.7552350Z [command]/usr/bin/git submodule foreach --recursive git config --local --show-origin --name-only --get-regexp remote.origin.url
2026-01-19T02:39:43.7876704Z Cleaning up orphan processes
