2026-01-19T04:25:44.6213515Z Current runner version: '2.331.0'
2026-01-19T04:25:44.6235763Z ##[group]Runner Image Provisioner
2026-01-19T04:25:44.6236712Z Hosted Compute Agent
2026-01-19T04:25:44.6237289Z Version: 20251211.462
2026-01-19T04:25:44.6237945Z Commit: 6cbad8c2bb55d58165063d031ccabf57e2d2db61
2026-01-19T04:25:44.6238762Z Build Date: 2025-12-11T16:28:49Z
2026-01-19T04:25:44.6239415Z Worker ID: {af0dbd9f-3cb4-406a-9fc7-d3a606c54604}
2026-01-19T04:25:44.6240118Z ##[endgroup]
2026-01-19T04:25:44.6240636Z ##[group]Operating System
2026-01-19T04:25:44.6241273Z Ubuntu
2026-01-19T04:25:44.6242049Z 24.04.3
2026-01-19T04:25:44.6242522Z LTS
2026-01-19T04:25:44.6243110Z ##[endgroup]
2026-01-19T04:25:44.6243606Z ##[group]Runner Image
2026-01-19T04:25:44.6244175Z Image: ubuntu-24.04
2026-01-19T04:25:44.6244770Z Version: 20260111.209.1
2026-01-19T04:25:44.6245760Z Included Software: https://github.com/actions/runner-images/blob/ubuntu24/20260111.209/images/ubuntu/Ubuntu2404-Readme.md
2026-01-19T04:25:44.6247395Z Image Release: https://github.com/actions/runner-images/releases/tag/ubuntu24%2F20260111.209
2026-01-19T04:25:44.6248384Z ##[endgroup]
2026-01-19T04:25:44.6249564Z ##[group]GITHUB_TOKEN Permissions
2026-01-19T04:25:44.6251873Z Contents: read
2026-01-19T04:25:44.6252437Z Metadata: read
2026-01-19T04:25:44.6253322Z Packages: read
2026-01-19T04:25:44.6253853Z ##[endgroup]
2026-01-19T04:25:44.6255802Z Secret source: Actions
2026-01-19T04:25:44.6257047Z Prepare workflow directory
2026-01-19T04:25:44.7423386Z Prepare all required actions
2026-01-19T04:25:44.7459974Z Getting action download info
2026-01-19T04:25:45.0453755Z Download action repository 'actions/checkout@v4' (SHA:34e114876b0b11c390a56381ad16ebd13914f8d5)
2026-01-19T04:25:45.1395246Z Download action repository 'actions/setup-python@v5' (SHA:a26af69be951a213d495a4c3e4e4022e16d87065)
2026-01-19T04:25:45.2226138Z Download action repository 'actions/upload-artifact@v4' (SHA:ea165f8d65b6e75b540449e92b4886f43607fa02)
2026-01-19T04:25:45.5673227Z Complete job name: test-websites-deep (reqres_api_ui, https://reqres.in/, Explore API documentation UI)
2026-01-19T04:25:45.7944904Z ##[group]Run actions/checkout@v4
2026-01-19T04:25:45.7945818Z with:
2026-01-19T04:25:45.7946316Z   repository: vishvasmca-cmd/build_qa_automation
2026-01-19T04:25:45.7947182Z   token: ***
2026-01-19T04:25:45.7947589Z   ssh-strict: true
2026-01-19T04:25:45.7948015Z   ssh-user: git
2026-01-19T04:25:45.7948451Z   persist-credentials: true
2026-01-19T04:25:45.7948936Z   clean: true
2026-01-19T04:25:45.7949373Z   sparse-checkout-cone-mode: true
2026-01-19T04:25:45.7949905Z   fetch-depth: 1
2026-01-19T04:25:45.7950349Z   fetch-tags: false
2026-01-19T04:25:45.7950804Z   show-progress: true
2026-01-19T04:25:45.7951238Z   lfs: false
2026-01-19T04:25:45.7951815Z   submodules: false
2026-01-19T04:25:45.7952266Z   set-safe-directory: true
2026-01-19T04:25:45.7953031Z ##[endgroup]
2026-01-19T04:25:45.9022425Z Syncing repository: vishvasmca-cmd/build_qa_automation
2026-01-19T04:25:45.9024440Z ##[group]Getting Git version info
2026-01-19T04:25:45.9025428Z Working directory is '/home/runner/work/build_qa_automation/build_qa_automation'
2026-01-19T04:25:45.9026624Z [command]/usr/bin/git version
2026-01-19T04:25:45.9109214Z git version 2.52.0
2026-01-19T04:25:45.9135321Z ##[endgroup]
2026-01-19T04:25:45.9148903Z Temporarily overriding HOME='/home/runner/work/_temp/aee58850-432d-4490-914b-ecce192ead83' before making global git config changes
2026-01-19T04:25:45.9150483Z Adding repository directory to the temporary git global config as a safe directory
2026-01-19T04:25:45.9161244Z [command]/usr/bin/git config --global --add safe.directory /home/runner/work/build_qa_automation/build_qa_automation
2026-01-19T04:25:45.9202027Z Deleting the contents of '/home/runner/work/build_qa_automation/build_qa_automation'
2026-01-19T04:25:45.9206102Z ##[group]Initializing the repository
2026-01-19T04:25:45.9211009Z [command]/usr/bin/git init /home/runner/work/build_qa_automation/build_qa_automation
2026-01-19T04:25:45.9350876Z hint: Using 'master' as the name for the initial branch. This default branch name
2026-01-19T04:25:45.9352842Z hint: will change to "main" in Git 3.0. To configure the initial branch name
2026-01-19T04:25:45.9354044Z hint: to use in all of your new repositories, which will suppress this warning,
2026-01-19T04:25:45.9354868Z hint: call:
2026-01-19T04:25:45.9355405Z hint:
2026-01-19T04:25:45.9356415Z hint: 	git config --global init.defaultBranch <name>
2026-01-19T04:25:45.9357501Z hint:
2026-01-19T04:25:45.9358663Z hint: Names commonly chosen instead of 'master' are 'main', 'trunk' and
2026-01-19T04:25:45.9360630Z hint: 'development'. The just-created branch can be renamed via this command:
2026-01-19T04:25:45.9362370Z hint:
2026-01-19T04:25:45.9363203Z hint: 	git branch -m <name>
2026-01-19T04:25:45.9364109Z hint:
2026-01-19T04:25:45.9365275Z hint: Disable this message with "git config set advice.defaultBranchName false"
2026-01-19T04:25:45.9367605Z Initialized empty Git repository in /home/runner/work/build_qa_automation/build_qa_automation/.git/
2026-01-19T04:25:45.9371574Z [command]/usr/bin/git remote add origin https://github.com/vishvasmca-cmd/build_qa_automation
2026-01-19T04:25:45.9405142Z ##[endgroup]
2026-01-19T04:25:45.9406496Z ##[group]Disabling automatic garbage collection
2026-01-19T04:25:45.9409957Z [command]/usr/bin/git config --local gc.auto 0
2026-01-19T04:25:45.9438632Z ##[endgroup]
2026-01-19T04:25:45.9440029Z ##[group]Setting up auth
2026-01-19T04:25:45.9446156Z [command]/usr/bin/git config --local --name-only --get-regexp core\.sshCommand
2026-01-19T04:25:45.9476934Z [command]/usr/bin/git submodule foreach --recursive sh -c "git config --local --name-only --get-regexp 'core\.sshCommand' && git config --local --unset-all 'core.sshCommand' || :"
2026-01-19T04:25:45.9834177Z [command]/usr/bin/git config --local --name-only --get-regexp http\.https\:\/\/github\.com\/\.extraheader
2026-01-19T04:25:45.9864542Z [command]/usr/bin/git submodule foreach --recursive sh -c "git config --local --name-only --get-regexp 'http\.https\:\/\/github\.com\/\.extraheader' && git config --local --unset-all 'http.https://github.com/.extraheader' || :"
2026-01-19T04:25:46.0077989Z [command]/usr/bin/git config --local --name-only --get-regexp ^includeIf\.gitdir:
2026-01-19T04:25:46.0107638Z [command]/usr/bin/git submodule foreach --recursive git config --local --show-origin --name-only --get-regexp remote.origin.url
2026-01-19T04:25:46.0333545Z [command]/usr/bin/git config --local http.https://github.com/.extraheader AUTHORIZATION: basic ***
2026-01-19T04:25:46.0364975Z ##[endgroup]
2026-01-19T04:25:46.0365905Z ##[group]Fetching the repository
2026-01-19T04:25:46.0373800Z [command]/usr/bin/git -c protocol.version=2 fetch --no-tags --prune --no-recurse-submodules --depth=1 origin +2f305d435d899f67f11ae5adc61ad536fdd999e8:refs/remotes/origin/main
2026-01-19T04:25:47.1745367Z From https://github.com/vishvasmca-cmd/build_qa_automation
2026-01-19T04:25:47.1747662Z  * [new ref]         2f305d435d899f67f11ae5adc61ad536fdd999e8 -> origin/main
2026-01-19T04:25:47.1783241Z ##[endgroup]
2026-01-19T04:25:47.1785114Z ##[group]Determining the checkout info
2026-01-19T04:25:47.1787171Z ##[endgroup]
2026-01-19T04:25:47.1790883Z [command]/usr/bin/git sparse-checkout disable
2026-01-19T04:25:47.1838776Z [command]/usr/bin/git config --local --unset-all extensions.worktreeConfig
2026-01-19T04:25:47.1867043Z ##[group]Checking out the ref
2026-01-19T04:25:47.1870751Z [command]/usr/bin/git checkout --progress --force -B main refs/remotes/origin/main
2026-01-19T04:25:47.3291019Z Switched to a new branch 'main'
2026-01-19T04:25:47.3293217Z branch 'main' set up to track 'origin/main'.
2026-01-19T04:25:47.3313395Z ##[endgroup]
2026-01-19T04:25:47.3357953Z [command]/usr/bin/git log -1 --format=%H
2026-01-19T04:25:47.3381939Z 2f305d435d899f67f11ae5adc61ad536fdd999e8
2026-01-19T04:25:47.4792744Z ##[group]Run actions/setup-python@v5
2026-01-19T04:25:47.4793126Z with:
2026-01-19T04:25:47.4793370Z   python-version: 3.11
2026-01-19T04:25:47.4793647Z   cache: pip
2026-01-19T04:25:47.4794132Z   check-latest: false
2026-01-19T04:25:47.4794579Z   token: ***
2026-01-19T04:25:47.4794854Z   update-environment: true
2026-01-19T04:25:47.4795173Z   allow-prereleases: false
2026-01-19T04:25:47.4795460Z   freethreaded: false
2026-01-19T04:25:47.4795731Z ##[endgroup]
2026-01-19T04:25:47.6457234Z ##[group]Installed versions
2026-01-19T04:25:47.6924521Z Successfully set up CPython (3.11.14)
2026-01-19T04:25:47.6925573Z ##[endgroup]
2026-01-19T04:25:47.7984939Z [command]/opt/hostedtoolcache/Python/3.11.14/x64/bin/pip cache dir
2026-01-19T04:25:49.2842345Z /home/runner/.cache/pip
2026-01-19T04:25:49.4359582Z Cache hit for: setup-python-Linux-x64-24.04-Ubuntu-python-3.11.14-pip-dde08d0e0b672972dcda9f1a063036a2e0c226f5d0a20362e9401931676d80a4
2026-01-19T04:25:50.5592311Z Received 130023424 of 254742636 (51.0%), 123.9 MBs/sec
2026-01-19T04:25:51.5601754Z Received 250548332 of 254742636 (98.4%), 119.4 MBs/sec
2026-01-19T04:25:51.7316001Z Received 254742636 of 254742636 (100.0%), 111.8 MBs/sec
2026-01-19T04:25:51.7317329Z Cache Size: ~243 MB (254742636 B)
2026-01-19T04:25:51.7357204Z [command]/usr/bin/tar -xf /home/runner/work/_temp/e5d9e7e5-e349-4c48-a3b9-874c10048488/cache.tzst -P -C /home/runner/work/build_qa_automation/build_qa_automation --use-compress-program unzstd
2026-01-19T04:25:52.0926333Z Cache restored successfully
2026-01-19T04:25:52.1416663Z Cache restored from key: setup-python-Linux-x64-24.04-Ubuntu-python-3.11.14-pip-dde08d0e0b672972dcda9f1a063036a2e0c226f5d0a20362e9401931676d80a4
2026-01-19T04:25:52.1676958Z ##[group]Run pip install -r requirements.txt
2026-01-19T04:25:52.1677538Z [36;1mpip install -r requirements.txt[0m
2026-01-19T04:25:52.1678044Z [36;1mplaywright install chromium[0m
2026-01-19T04:25:52.1718113Z shell: /usr/bin/bash -e {0}
2026-01-19T04:25:52.1718555Z env:
2026-01-19T04:25:52.1718930Z   pythonLocation: /opt/hostedtoolcache/Python/3.11.14/x64
2026-01-19T04:25:52.1719507Z   PKG_CONFIG_PATH: /opt/hostedtoolcache/Python/3.11.14/x64/lib/pkgconfig
2026-01-19T04:25:52.1720131Z   Python_ROOT_DIR: /opt/hostedtoolcache/Python/3.11.14/x64
2026-01-19T04:25:52.1720623Z   Python2_ROOT_DIR: /opt/hostedtoolcache/Python/3.11.14/x64
2026-01-19T04:25:52.1721047Z   Python3_ROOT_DIR: /opt/hostedtoolcache/Python/3.11.14/x64
2026-01-19T04:25:52.1721765Z   LD_LIBRARY_PATH: /opt/hostedtoolcache/Python/3.11.14/x64/lib
2026-01-19T04:25:52.1722217Z ##[endgroup]
2026-01-19T04:25:53.3852477Z Collecting playwright (from -r requirements.txt (line 1))
2026-01-19T04:25:53.3868236Z   Using cached playwright-1.57.0-py3-none-manylinux1_x86_64.whl.metadata (3.5 kB)
2026-01-19T04:25:53.4133710Z Collecting python-dotenv (from -r requirements.txt (line 2))
2026-01-19T04:25:53.4148604Z   Using cached python_dotenv-1.2.1-py3-none-any.whl.metadata (25 kB)
2026-01-19T04:25:53.4506446Z Collecting requests (from -r requirements.txt (line 3))
2026-01-19T04:25:53.4520581Z   Using cached requests-2.32.5-py3-none-any.whl.metadata (4.9 kB)
2026-01-19T04:25:53.6275692Z Collecting pillow (from -r requirements.txt (line 4))
2026-01-19T04:25:53.6292394Z   Using cached pillow-12.1.0-cp311-cp311-manylinux_2_27_x86_64.manylinux_2_28_x86_64.whl.metadata (8.8 kB)
2026-01-19T04:25:53.6629853Z Collecting google-genai>=0.3.0 (from -r requirements.txt (line 5))
2026-01-19T04:25:53.6643665Z   Using cached google_genai-1.59.0-py3-none-any.whl.metadata (53 kB)
2026-01-19T04:25:53.6877961Z Collecting termcolor (from -r requirements.txt (line 6))
2026-01-19T04:25:53.6891654Z   Using cached termcolor-3.3.0-py3-none-any.whl.metadata (6.5 kB)
2026-01-19T04:25:53.7329796Z Collecting PyYAML (from -r requirements.txt (line 7))
2026-01-19T04:25:53.7344046Z   Using cached pyyaml-6.0.3-cp311-cp311-manylinux2014_x86_64.manylinux_2_17_x86_64.manylinux_2_28_x86_64.whl.metadata (2.4 kB)
2026-01-19T04:25:53.7970417Z Collecting opencv-python-headless (from -r requirements.txt (line 8))
2026-01-19T04:25:53.7984891Z   Using cached opencv_python_headless-4.13.0.90-cp37-abi3-manylinux_2_28_x86_64.whl.metadata (19 kB)
2026-01-19T04:25:53.9997785Z Collecting numpy (from -r requirements.txt (line 9))
2026-01-19T04:25:54.0014484Z   Using cached numpy-2.4.1-cp311-cp311-manylinux_2_27_x86_64.manylinux_2_28_x86_64.whl.metadata (6.6 kB)
2026-01-19T04:25:54.0885206Z Collecting faker (from -r requirements.txt (line 10))
2026-01-19T04:25:54.0900756Z   Using cached faker-40.1.2-py3-none-any.whl.metadata (16 kB)
2026-01-19T04:25:54.1166460Z Collecting pyee<14,>=13 (from playwright->-r requirements.txt (line 1))
2026-01-19T04:25:54.1180503Z   Using cached pyee-13.0.0-py3-none-any.whl.metadata (2.9 kB)
2026-01-19T04:25:54.2438572Z Collecting greenlet<4.0.0,>=3.1.1 (from playwright->-r requirements.txt (line 1))
2026-01-19T04:25:54.2454515Z   Using cached greenlet-3.3.0-cp311-cp311-manylinux_2_24_x86_64.manylinux_2_28_x86_64.whl.metadata (4.1 kB)
2026-01-19T04:25:54.2718383Z Collecting typing-extensions (from pyee<14,>=13->playwright->-r requirements.txt (line 1))
2026-01-19T04:25:54.2732422Z   Using cached typing_extensions-4.15.0-py3-none-any.whl.metadata (3.3 kB)
2026-01-19T04:25:54.3611629Z Collecting charset_normalizer<4,>=2 (from requests->-r requirements.txt (line 3))
2026-01-19T04:25:54.3627267Z   Using cached charset_normalizer-3.4.4-cp311-cp311-manylinux2014_x86_64.manylinux_2_17_x86_64.manylinux_2_28_x86_64.whl.metadata (37 kB)
2026-01-19T04:25:54.3869047Z Collecting idna<4,>=2.5 (from requests->-r requirements.txt (line 3))
2026-01-19T04:25:54.3883164Z   Using cached idna-3.11-py3-none-any.whl.metadata (8.4 kB)
2026-01-19T04:25:54.4256334Z Collecting urllib3<3,>=1.21.1 (from requests->-r requirements.txt (line 3))
2026-01-19T04:25:54.4269749Z   Using cached urllib3-2.6.3-py3-none-any.whl.metadata (6.9 kB)
2026-01-19T04:25:54.4566756Z Collecting certifi>=2017.4.17 (from requests->-r requirements.txt (line 3))
2026-01-19T04:25:54.4580364Z   Using cached certifi-2026.1.4-py3-none-any.whl.metadata (2.5 kB)
2026-01-19T04:25:54.4870570Z Collecting anyio<5.0.0,>=4.8.0 (from google-genai>=0.3.0->-r requirements.txt (line 5))
2026-01-19T04:25:54.4884402Z   Using cached anyio-4.12.1-py3-none-any.whl.metadata (4.3 kB)
2026-01-19T04:25:54.5301941Z Collecting google-auth<3.0.0,>=2.47.0 (from google-auth[requests]<3.0.0,>=2.47.0->google-genai>=0.3.0->-r requirements.txt (line 5))
2026-01-19T04:25:54.5315321Z   Using cached google_auth-2.47.0-py3-none-any.whl.metadata (6.4 kB)
2026-01-19T04:25:54.5630660Z Collecting httpx<1.0.0,>=0.28.1 (from google-genai>=0.3.0->-r requirements.txt (line 5))
2026-01-19T04:25:54.5644381Z   Using cached httpx-0.28.1-py3-none-any.whl.metadata (7.1 kB)
2026-01-19T04:25:54.7100546Z Collecting pydantic<3.0.0,>=2.9.0 (from google-genai>=0.3.0->-r requirements.txt (line 5))
2026-01-19T04:25:54.7116298Z   Using cached pydantic-2.12.5-py3-none-any.whl.metadata (90 kB)
2026-01-19T04:25:54.7458973Z Collecting tenacity<9.2.0,>=8.2.3 (from google-genai>=0.3.0->-r requirements.txt (line 5))
2026-01-19T04:25:54.7473014Z   Using cached tenacity-9.1.2-py3-none-any.whl.metadata (1.2 kB)
2026-01-19T04:25:54.8394396Z Collecting websockets<15.1.0,>=13.0.0 (from google-genai>=0.3.0->-r requirements.txt (line 5))
2026-01-19T04:25:54.8408824Z   Using cached websockets-15.0.1-cp311-cp311-manylinux_2_5_x86_64.manylinux1_x86_64.manylinux_2_17_x86_64.manylinux2014_x86_64.whl.metadata (6.8 kB)
2026-01-19T04:25:54.8632200Z Collecting distro<2,>=1.7.0 (from google-genai>=0.3.0->-r requirements.txt (line 5))
2026-01-19T04:25:54.8645652Z   Using cached distro-1.9.0-py3-none-any.whl.metadata (6.8 kB)
2026-01-19T04:25:54.8827995Z Collecting sniffio (from google-genai>=0.3.0->-r requirements.txt (line 5))
2026-01-19T04:25:54.8841595Z   Using cached sniffio-1.3.1-py3-none-any.whl.metadata (3.9 kB)
2026-01-19T04:25:54.9198779Z Collecting pyasn1-modules>=0.2.1 (from google-auth<3.0.0,>=2.47.0->google-auth[requests]<3.0.0,>=2.47.0->google-genai>=0.3.0->-r requirements.txt (line 5))
2026-01-19T04:25:54.9217206Z   Using cached pyasn1_modules-0.4.2-py3-none-any.whl.metadata (3.5 kB)
2026-01-19T04:25:54.9450795Z Collecting rsa<5,>=3.1.4 (from google-auth<3.0.0,>=2.47.0->google-auth[requests]<3.0.0,>=2.47.0->google-genai>=0.3.0->-r requirements.txt (line 5))
2026-01-19T04:25:54.9463560Z   Using cached rsa-4.9.1-py3-none-any.whl.metadata (5.6 kB)
2026-01-19T04:25:54.9813989Z Collecting httpcore==1.* (from httpx<1.0.0,>=0.28.1->google-genai>=0.3.0->-r requirements.txt (line 5))
2026-01-19T04:25:54.9826381Z   Using cached httpcore-1.0.9-py3-none-any.whl.metadata (21 kB)
2026-01-19T04:25:55.0035840Z Collecting h11>=0.16 (from httpcore==1.*->httpx<1.0.0,>=0.28.1->google-genai>=0.3.0->-r requirements.txt (line 5))
2026-01-19T04:25:55.0048326Z   Using cached h11-0.16.0-py3-none-any.whl.metadata (8.3 kB)
2026-01-19T04:25:55.0243536Z Collecting annotated-types>=0.6.0 (from pydantic<3.0.0,>=2.9.0->google-genai>=0.3.0->-r requirements.txt (line 5))
2026-01-19T04:25:55.0256119Z   Using cached annotated_types-0.7.0-py3-none-any.whl.metadata (15 kB)
2026-01-19T04:25:55.6895051Z Collecting pydantic-core==2.41.5 (from pydantic<3.0.0,>=2.9.0->google-genai>=0.3.0->-r requirements.txt (line 5))
2026-01-19T04:25:55.6911115Z   Using cached pydantic_core-2.41.5-cp311-cp311-manylinux_2_17_x86_64.manylinux2014_x86_64.whl.metadata (7.3 kB)
2026-01-19T04:25:55.7130564Z Collecting typing-inspection>=0.4.2 (from pydantic<3.0.0,>=2.9.0->google-genai>=0.3.0->-r requirements.txt (line 5))
2026-01-19T04:25:55.7144260Z   Using cached typing_inspection-0.4.2-py3-none-any.whl.metadata (2.6 kB)
2026-01-19T04:25:55.7902764Z Collecting pyasn1>=0.1.3 (from rsa<5,>=3.1.4->google-auth<3.0.0,>=2.47.0->google-auth[requests]<3.0.0,>=2.47.0->google-genai>=0.3.0->-r requirements.txt (line 5))
2026-01-19T04:25:55.7917661Z   Using cached pyasn1-0.6.2-py3-none-any.whl.metadata (8.4 kB)
2026-01-19T04:25:55.8174259Z Using cached playwright-1.57.0-py3-none-manylinux1_x86_64.whl (46.0 MB)
2026-01-19T04:25:55.8517878Z Using cached greenlet-3.3.0-cp311-cp311-manylinux_2_24_x86_64.manylinux_2_28_x86_64.whl (590 kB)
2026-01-19T04:25:55.8534770Z Using cached pyee-13.0.0-py3-none-any.whl (15 kB)
2026-01-19T04:25:55.8548162Z Using cached python_dotenv-1.2.1-py3-none-any.whl (21 kB)
2026-01-19T04:25:55.8561216Z Using cached requests-2.32.5-py3-none-any.whl (64 kB)
2026-01-19T04:25:55.8575672Z Using cached charset_normalizer-3.4.4-cp311-cp311-manylinux2014_x86_64.manylinux_2_17_x86_64.manylinux_2_28_x86_64.whl (151 kB)
2026-01-19T04:25:55.8589399Z Using cached idna-3.11-py3-none-any.whl (71 kB)
2026-01-19T04:25:55.8602861Z Using cached urllib3-2.6.3-py3-none-any.whl (131 kB)
2026-01-19T04:25:55.8616990Z Using cached pillow-12.1.0-cp311-cp311-manylinux_2_27_x86_64.manylinux_2_28_x86_64.whl (7.0 MB)
2026-01-19T04:25:55.8680167Z Using cached google_genai-1.59.0-py3-none-any.whl (719 kB)
2026-01-19T04:25:55.8698402Z Using cached anyio-4.12.1-py3-none-any.whl (113 kB)
2026-01-19T04:25:55.8712047Z Using cached distro-1.9.0-py3-none-any.whl (20 kB)
2026-01-19T04:25:55.8725281Z Using cached google_auth-2.47.0-py3-none-any.whl (234 kB)
2026-01-19T04:25:55.8739519Z Using cached httpx-0.28.1-py3-none-any.whl (73 kB)
2026-01-19T04:25:55.8752856Z Using cached httpcore-1.0.9-py3-none-any.whl (78 kB)
2026-01-19T04:25:55.8766366Z Using cached pydantic-2.12.5-py3-none-any.whl (463 kB)
2026-01-19T04:25:55.8783002Z Using cached pydantic_core-2.41.5-cp311-cp311-manylinux_2_17_x86_64.manylinux2014_x86_64.whl (2.1 MB)
2026-01-19T04:25:55.8811831Z Using cached rsa-4.9.1-py3-none-any.whl (34 kB)
2026-01-19T04:25:55.8825174Z Using cached tenacity-9.1.2-py3-none-any.whl (28 kB)
2026-01-19T04:25:55.8837754Z Using cached typing_extensions-4.15.0-py3-none-any.whl (44 kB)
2026-01-19T04:25:55.8850971Z Using cached websockets-15.0.1-cp311-cp311-manylinux_2_5_x86_64.manylinux1_x86_64.manylinux_2_17_x86_64.manylinux2014_x86_64.whl (182 kB)
2026-01-19T04:25:55.8864549Z Using cached termcolor-3.3.0-py3-none-any.whl (7.7 kB)
2026-01-19T04:25:55.8877546Z Using cached pyyaml-6.0.3-cp311-cp311-manylinux2014_x86_64.manylinux_2_17_x86_64.manylinux_2_28_x86_64.whl (806 kB)
2026-01-19T04:25:55.8895732Z Using cached opencv_python_headless-4.13.0.90-cp37-abi3-manylinux_2_28_x86_64.whl (62.5 MB)
2026-01-19T04:25:55.9563348Z Using cached numpy-2.4.1-cp311-cp311-manylinux_2_27_x86_64.manylinux_2_28_x86_64.whl (16.7 MB)
2026-01-19T04:25:55.9691847Z Using cached faker-40.1.2-py3-none-any.whl (2.0 MB)
2026-01-19T04:25:55.9718488Z Using cached annotated_types-0.7.0-py3-none-any.whl (13 kB)
2026-01-19T04:25:55.9730890Z Using cached certifi-2026.1.4-py3-none-any.whl (152 kB)
2026-01-19T04:25:55.9744760Z Using cached h11-0.16.0-py3-none-any.whl (37 kB)
2026-01-19T04:25:55.9757520Z Using cached pyasn1-0.6.2-py3-none-any.whl (83 kB)
2026-01-19T04:25:55.9770788Z Using cached pyasn1_modules-0.4.2-py3-none-any.whl (181 kB)
2026-01-19T04:25:55.9784895Z Using cached typing_inspection-0.4.2-py3-none-any.whl (14 kB)
2026-01-19T04:25:55.9797426Z Using cached sniffio-1.3.1-py3-none-any.whl (10 kB)
2026-01-19T04:25:56.1909293Z Installing collected packages: websockets, urllib3, typing-extensions, termcolor, tenacity, sniffio, PyYAML, python-dotenv, pyasn1, pillow, numpy, idna, h11, greenlet, faker, distro, charset_normalizer, certifi, annotated-types, typing-inspection, rsa, requests, pyee, pydantic-core, pyasn1-modules, opencv-python-headless, httpcore, anyio, pydantic, playwright, httpx, google-auth, google-genai
2026-01-19T04:26:02.7565797Z 
2026-01-19T04:26:02.7589643Z Successfully installed PyYAML-6.0.3 annotated-types-0.7.0 anyio-4.12.1 certifi-2026.1.4 charset_normalizer-3.4.4 distro-1.9.0 faker-40.1.2 google-auth-2.47.0 google-genai-1.59.0 greenlet-3.3.0 h11-0.16.0 httpcore-1.0.9 httpx-0.28.1 idna-3.11 numpy-2.4.1 opencv-python-headless-4.13.0.90 pillow-12.1.0 playwright-1.57.0 pyasn1-0.6.2 pyasn1-modules-0.4.2 pydantic-2.12.5 pydantic-core-2.41.5 pyee-13.0.0 python-dotenv-1.2.1 requests-2.32.5 rsa-4.9.1 sniffio-1.3.1 tenacity-9.1.2 termcolor-3.3.0 typing-extensions-4.15.0 typing-inspection-0.4.2 urllib3-2.6.3 websockets-15.0.1
2026-01-19T04:26:03.3354235Z Downloading Chromium 143.0.7499.4 (playwright build v1200) from https://cdn.playwright.dev/dbazure/download/playwright/builds/chromium/1200/chromium-linux.zip
2026-01-19T04:26:03.4322809Z (node:2185) [DEP0169] DeprecationWarning: `url.parse()` behavior is not standardized and prone to errors that have security implications. Use the WHATWG URL API instead. CVEs are not issued for `url.parse()` vulnerabilities.
2026-01-19T04:26:03.4324045Z (Use `node --trace-deprecation ...` to show where the warning was created)
2026-01-19T04:26:03.5408662Z |                                                                                |   0% of 164.7 MiB
2026-01-19T04:26:03.7630473Z |■■■■■■■■                                                                        |  10% of 164.7 MiB
2026-01-19T04:26:03.8462787Z |■■■■■■■■■■■■■■■■                                                                |  20% of 164.7 MiB
2026-01-19T04:26:03.9325996Z |■■■■■■■■■■■■■■■■■■■■■■■■                                                        |  30% of 164.7 MiB
2026-01-19T04:26:04.0057140Z |■■■■■■■■■■■■■■■■■■■■■■■■■■■■■■■■                                                |  40% of 164.7 MiB
2026-01-19T04:26:04.0841048Z |■■■■■■■■■■■■■■■■■■■■■■■■■■■■■■■■■■■■■■■■                                        |  50% of 164.7 MiB
2026-01-19T04:26:04.1594082Z |■■■■■■■■■■■■■■■■■■■■■■■■■■■■■■■■■■■■■■■■■■■■■■■■                                |  60% of 164.7 MiB
2026-01-19T04:26:04.2404055Z |■■■■■■■■■■■■■■■■■■■■■■■■■■■■■■■■■■■■■■■■■■■■■■■■■■■■■■■■                        |  70% of 164.7 MiB
2026-01-19T04:26:04.3135953Z |■■■■■■■■■■■■■■■■■■■■■■■■■■■■■■■■■■■■■■■■■■■■■■■■■■■■■■■■■■■■■■■■                |  80% of 164.7 MiB
2026-01-19T04:26:04.3879212Z |■■■■■■■■■■■■■■■■■■■■■■■■■■■■■■■■■■■■■■■■■■■■■■■■■■■■■■■■■■■■■■■■■■■■■■■■        |  90% of 164.7 MiB
2026-01-19T04:26:04.4658045Z |■■■■■■■■■■■■■■■■■■■■■■■■■■■■■■■■■■■■■■■■■■■■■■■■■■■■■■■■■■■■■■■■■■■■■■■■■■■■■■■■| 100% of 164.7 MiB
2026-01-19T04:26:06.8632726Z Chromium 143.0.7499.4 (playwright build v1200) downloaded to /home/runner/.cache/ms-playwright/chromium-1200
2026-01-19T04:26:06.8636770Z Downloading FFMPEG playwright build v1011 from https://cdn.playwright.dev/dbazure/download/playwright/builds/ffmpeg/1011/ffmpeg-linux.zip
2026-01-19T04:26:06.9606640Z (node:2196) [DEP0169] DeprecationWarning: `url.parse()` behavior is not standardized and prone to errors that have security implications. Use the WHATWG URL API instead. CVEs are not issued for `url.parse()` vulnerabilities.
2026-01-19T04:26:06.9608472Z (Use `node --trace-deprecation ...` to show where the warning was created)
2026-01-19T04:26:07.0792593Z |                                                                                |   0% of 2.3 MiB
2026-01-19T04:26:07.1098551Z |■■■■■■■■                                                                        |  10% of 2.3 MiB
2026-01-19T04:26:07.1227743Z |■■■■■■■■■■■■■■■■                                                                |  20% of 2.3 MiB
2026-01-19T04:26:07.1319317Z |■■■■■■■■■■■■■■■■■■■■■■■■                                                        |  30% of 2.3 MiB
2026-01-19T04:26:07.1368782Z |■■■■■■■■■■■■■■■■■■■■■■■■■■■■■■■■                                                |  40% of 2.3 MiB
2026-01-19T04:26:07.1418725Z |■■■■■■■■■■■■■■■■■■■■■■■■■■■■■■■■■■■■■■■■                                        |  50% of 2.3 MiB
2026-01-19T04:26:07.1459243Z |■■■■■■■■■■■■■■■■■■■■■■■■■■■■■■■■■■■■■■■■■■■■■■■■                                |  60% of 2.3 MiB
2026-01-19T04:26:07.1489110Z |■■■■■■■■■■■■■■■■■■■■■■■■■■■■■■■■■■■■■■■■■■■■■■■■■■■■■■■■                        |  70% of 2.3 MiB
2026-01-19T04:26:07.1519923Z |■■■■■■■■■■■■■■■■■■■■■■■■■■■■■■■■■■■■■■■■■■■■■■■■■■■■■■■■■■■■■■■■                |  80% of 2.3 MiB
2026-01-19T04:26:07.1544568Z |■■■■■■■■■■■■■■■■■■■■■■■■■■■■■■■■■■■■■■■■■■■■■■■■■■■■■■■■■■■■■■■■■■■■■■■■        |  90% of 2.3 MiB
2026-01-19T04:26:07.1573032Z |■■■■■■■■■■■■■■■■■■■■■■■■■■■■■■■■■■■■■■■■■■■■■■■■■■■■■■■■■■■■■■■■■■■■■■■■■■■■■■■■| 100% of 2.3 MiB
2026-01-19T04:26:07.2166525Z FFMPEG playwright build v1011 downloaded to /home/runner/.cache/ms-playwright/ffmpeg-1011
2026-01-19T04:26:07.2169851Z Downloading Chromium Headless Shell 143.0.7499.4 (playwright build v1200) from https://cdn.playwright.dev/dbazure/download/playwright/builds/chromium/1200/chromium-headless-shell-linux.zip
2026-01-19T04:26:07.3142160Z (node:2207) [DEP0169] DeprecationWarning: `url.parse()` behavior is not standardized and prone to errors that have security implications. Use the WHATWG URL API instead. CVEs are not issued for `url.parse()` vulnerabilities.
2026-01-19T04:26:07.3145268Z (Use `node --trace-deprecation ...` to show where the warning was created)
2026-01-19T04:26:07.4367199Z |                                                                                |   0% of 109.7 MiB
2026-01-19T04:26:07.6569830Z |■■■■■■■■                                                                        |  10% of 109.7 MiB
2026-01-19T04:26:07.7307727Z |■■■■■■■■■■■■■■■■                                                                |  20% of 109.7 MiB
2026-01-19T04:26:07.7998015Z |■■■■■■■■■■■■■■■■■■■■■■■■                                                        |  30% of 109.7 MiB
2026-01-19T04:26:07.8611142Z |■■■■■■■■■■■■■■■■■■■■■■■■■■■■■■■■                                                |  40% of 109.7 MiB
2026-01-19T04:26:07.9235899Z |■■■■■■■■■■■■■■■■■■■■■■■■■■■■■■■■■■■■■■■■                                        |  50% of 109.7 MiB
2026-01-19T04:26:07.9796143Z |■■■■■■■■■■■■■■■■■■■■■■■■■■■■■■■■■■■■■■■■■■■■■■■■                                |  60% of 109.7 MiB
2026-01-19T04:26:08.0357243Z |■■■■■■■■■■■■■■■■■■■■■■■■■■■■■■■■■■■■■■■■■■■■■■■■■■■■■■■■                        |  70% of 109.7 MiB
2026-01-19T04:26:08.0941782Z |■■■■■■■■■■■■■■■■■■■■■■■■■■■■■■■■■■■■■■■■■■■■■■■■■■■■■■■■■■■■■■■■                |  80% of 109.7 MiB
2026-01-19T04:26:08.1507443Z |■■■■■■■■■■■■■■■■■■■■■■■■■■■■■■■■■■■■■■■■■■■■■■■■■■■■■■■■■■■■■■■■■■■■■■■■        |  90% of 109.7 MiB
2026-01-19T04:26:08.2075548Z |■■■■■■■■■■■■■■■■■■■■■■■■■■■■■■■■■■■■■■■■■■■■■■■■■■■■■■■■■■■■■■■■■■■■■■■■■■■■■■■■| 100% of 109.7 MiB
2026-01-19T04:26:10.0923816Z Chromium Headless Shell 143.0.7499.4 (playwright build v1200) downloaded to /home/runner/.cache/ms-playwright/chromium_headless_shell-1200
2026-01-19T04:26:10.1262235Z ##[group]Run mkdir -p projects/ci_reqres_api_ui
2026-01-19T04:26:10.1262699Z [36;1mmkdir -p projects/ci_reqres_api_ui[0m
2026-01-19T04:26:10.1263090Z [36;1mcat > projects/ci_reqres_api_ui/config.json << 'EOF'[0m
2026-01-19T04:26:10.1263434Z [36;1m{[0m
2026-01-19T04:26:10.1263666Z [36;1m  "project_name": "ci_reqres_api_ui",[0m
2026-01-19T04:26:10.1263994Z [36;1m  "target_url": "https://reqres.in/",[0m
2026-01-19T04:26:10.1264339Z [36;1m  "goal": "Explore API documentation UI",[0m
2026-01-19T04:26:10.1264643Z [36;1m  "headless": true[0m
2026-01-19T04:26:10.1264870Z [36;1m}[0m
2026-01-19T04:26:10.1265055Z [36;1mEOF[0m
2026-01-19T04:26:10.1296559Z shell: /usr/bin/bash -e {0}
2026-01-19T04:26:10.1296808Z env:
2026-01-19T04:26:10.1297078Z   pythonLocation: /opt/hostedtoolcache/Python/3.11.14/x64
2026-01-19T04:26:10.1297532Z   PKG_CONFIG_PATH: /opt/hostedtoolcache/Python/3.11.14/x64/lib/pkgconfig
2026-01-19T04:26:10.1297997Z   Python_ROOT_DIR: /opt/hostedtoolcache/Python/3.11.14/x64
2026-01-19T04:26:10.1298394Z   Python2_ROOT_DIR: /opt/hostedtoolcache/Python/3.11.14/x64
2026-01-19T04:26:10.1298790Z   Python3_ROOT_DIR: /opt/hostedtoolcache/Python/3.11.14/x64
2026-01-19T04:26:10.1299194Z   LD_LIBRARY_PATH: /opt/hostedtoolcache/Python/3.11.14/x64/lib
2026-01-19T04:26:10.1299519Z ##[endgroup]
2026-01-19T04:26:10.1459776Z ##[group]Run # Use --deep for comprehensive regression suite
2026-01-19T04:26:10.1460246Z [36;1m# Use --deep for comprehensive regression suite[0m
2026-01-19T04:26:10.1460712Z [36;1mpython orchestrator.py --project projects/ci_reqres_api_ui --deep --force[0m
2026-01-19T04:26:10.1489771Z shell: /usr/bin/bash -e {0}
2026-01-19T04:26:10.1490024Z env:
2026-01-19T04:26:10.1490283Z   pythonLocation: /opt/hostedtoolcache/Python/3.11.14/x64
2026-01-19T04:26:10.1490716Z   PKG_CONFIG_PATH: /opt/hostedtoolcache/Python/3.11.14/x64/lib/pkgconfig
2026-01-19T04:26:10.1491158Z   Python_ROOT_DIR: /opt/hostedtoolcache/Python/3.11.14/x64
2026-01-19T04:26:10.1491832Z   Python2_ROOT_DIR: /opt/hostedtoolcache/Python/3.11.14/x64
2026-01-19T04:26:10.1492402Z   Python3_ROOT_DIR: /opt/hostedtoolcache/Python/3.11.14/x64
2026-01-19T04:26:10.1492793Z   LD_LIBRARY_PATH: /opt/hostedtoolcache/Python/3.11.14/x64/lib
2026-01-19T04:26:10.1493459Z   GOOGLE_API_KEY: ***
2026-01-19T04:26:10.1493718Z   PYTHONPATH: .
2026-01-19T04:26:10.1493914Z ##[endgroup]
2026-01-19T04:26:11.9059949Z 🚀 [DEEP] Extensive mapping enabled (Depth: 3, Pages: 50)
2026-01-19T04:26:11.9060489Z 
2026-01-19T04:26:11.9060945Z 🗺️ [DISCOVERY] Starting Parallel Semantic Crawl on https://reqres.in/ (Workers: 3)
2026-01-19T04:26:12.6950454Z   🔍 [Worker 0] Visiting (0): https://reqres.in/
2026-01-19T04:26:15.1693129Z [DEBUG] Sending request to gemini-2.0-flash. Number of parts: 1
2026-01-19T04:26:15.1694264Z [DEBUG] Received response (Length: 386)
2026-01-19T04:26:15.1701029Z   🔍 [Worker 1] Visiting (1): https://reqres.in
2026-01-19T04:26:15.1703618Z   🔍 [Worker 2] Visiting (1): https://reqres.in/blog/qa-automation-with-reqres
2026-01-19T04:26:15.1802484Z   🔍 [Worker 0] Visiting (1): https://app.reqres.in/getting-started
2026-01-19T04:26:16.7648781Z [CACHE HIT] 1bb47e01... (hits: 1, misses: 3)
2026-01-19T04:26:16.7650407Z   🔍 [Worker 1] Visiting (1): https://app.reqres.in/?next=/projects
2026-01-19T04:26:20.0271819Z [DEBUG] Sending request to gemini-2.0-flash. Number of parts: 1
2026-01-19T04:26:20.0272680Z [DEBUG] Sending request to gemini-2.0-flash. Number of parts: 1
2026-01-19T04:26:20.0273470Z [DEBUG] Sending request to gemini-2.0-flash. Number of parts: 1
2026-01-19T04:26:20.0274147Z [DEBUG] Received response (Length: 236)
2026-01-19T04:26:20.0274668Z [DEBUG] Received response (Length: 341)
2026-01-19T04:26:20.0275713Z   🔍 [Worker 0] Visiting (1): https://reqres.in/blog/frontend-only-auth
2026-01-19T04:26:20.0486549Z   🔍 [Worker 2] Visiting (1): https://app.reqres.in
2026-01-19T04:26:20.2477378Z [DEBUG] Received response (Length: 415)
2026-01-19T04:26:20.2478738Z   🔍 [Worker 1] Visiting (1): https://reqres.in/blog/ship-mvp-without-backend
2026-01-19T04:26:20.8487836Z [CACHE HIT] c77acdc0... (hits: 2, misses: 4)
2026-01-19T04:26:20.8496058Z [DEBUG] Sending request to gemini-2.0-flash. Number of parts: 1
2026-01-19T04:26:20.8497415Z   🔍 [Worker 2] Visiting (1): https://reqres.in/api/users
2026-01-19T04:26:21.5179610Z [DEBUG] Received response (Length: 338)
2026-01-19T04:26:21.5181584Z   🔍 [Worker 0] Visiting (1): https://reqres.in/api/users/2
2026-01-19T04:26:26.5500935Z [DEBUG] Sending request to gemini-2.0-flash. Number of parts: 1
2026-01-19T04:26:26.5502012Z [DEBUG] Sending request to gemini-2.0-flash. Number of parts: 1
2026-01-19T04:26:26.5502760Z [DEBUG] Sending request to gemini-2.0-flash. Number of parts: 1
2026-01-19T04:26:26.5503383Z [DEBUG] Received response (Length: 266)
2026-01-19T04:26:26.5504395Z   🔍 [Worker 2] Visiting (1): https://reqres.in/api/users?delay=3
2026-01-19T04:26:26.6060771Z [DEBUG] Received response (Length: 266)
2026-01-19T04:26:26.6065394Z   🔍 [Worker 0] Visiting (1): https://app.reqres.in/documentation
2026-01-19T04:26:26.6498157Z [DEBUG] Received response (Length: 419)
2026-01-19T04:26:26.6502689Z [CACHE HIT] a354d2d7... (hits: 3, misses: 8)
2026-01-19T04:26:26.6509474Z   🔍 [Worker 1] Visiting (1): https://reqres.in/api/users/23
2026-01-19T04:26:26.6593030Z   🔍 [Worker 2] Visiting (1): https://reqres.in/api/login
2026-01-19T04:26:26.8733602Z [CACHE HIT] a354d2d7... (hits: 4, misses: 8)
2026-01-19T04:26:26.8735086Z   🔍 [Worker 1] Visiting (1): https://reqres.in/api/unknown
2026-01-19T04:26:26.9993757Z [CACHE HIT] a354d2d7... (hits: 5, misses: 9)
2026-01-19T04:26:27.0000268Z   🔍 [Worker 1] Visiting (1): https://reqres.in/blog
2026-01-19T04:26:31.4434944Z [DEBUG] Sending request to gemini-2.0-flash. Number of parts: 1
2026-01-19T04:26:31.4436130Z [DEBUG] Sending request to gemini-2.0-flash. Number of parts: 1
2026-01-19T04:26:31.4437203Z [DEBUG] Sending request to gemini-2.0-flash. Number of parts: 1
2026-01-19T04:26:31.4449932Z [DEBUG] Received response (Length: 239)
2026-01-19T04:26:31.4451870Z   🔍 [Worker 1] Visiting (1): https://app.reqres.in/examples/notes-app
2026-01-19T04:26:31.4959043Z [DEBUG] Received response (Length: 267)
2026-01-19T04:26:31.4960597Z   🔍 [Worker 2] Visiting (1): https://reqres.in/api/unknown/2
2026-01-19T04:26:31.5439521Z [DEBUG] Received response (Length: 367)
2026-01-19T04:26:31.5440886Z   🔍 [Worker 0] Visiting (1): https://reqres.in/api/register
2026-01-19T04:26:31.6724243Z [CACHE HIT] a354d2d7... (hits: 6, misses: 11)
2026-01-19T04:26:31.6725319Z   🔍 [Worker 0] Visiting (1): https://reqres.in/api/unknown/23
2026-01-19T04:26:31.7864777Z [CACHE HIT] a354d2d7... (hits: 7, misses: 12)
2026-01-19T04:26:31.7866018Z   🔍 [Worker 0] Visiting (1): https://reqres.in/api/users?page=2
2026-01-19T04:26:31.9686723Z [CACHE HIT] a354d2d7... (hits: 8, misses: 12)
2026-01-19T04:26:31.9687891Z   🔍 [Worker 0] Visiting (1): https://demo.reqres.in
2026-01-19T04:26:36.4490678Z [DEBUG] Sending request to gemini-2.0-flash. Number of parts: 1
2026-01-19T04:26:36.4492565Z [DEBUG] Sending request to gemini-2.0-flash. Number of parts: 1
2026-01-19T04:26:36.4493308Z [DEBUG] Sending request to gemini-2.0-flash. Number of parts: 1
2026-01-19T04:26:36.4493953Z [DEBUG] Received response (Length: 272)
2026-01-19T04:26:36.4494920Z   🔍 [Worker 2] Visiting (2): https://app.reqres.in/api-keys
2026-01-19T04:26:36.4698769Z [DEBUG] Received response (Length: 370)
2026-01-19T04:26:36.4700200Z   🔍 [Worker 0] Visiting (2): https://app.reqres.in/dashboard
2026-01-19T04:26:36.4926064Z [DEBUG] Received response (Length: 321)
2026-01-19T04:26:36.4928535Z   🔍 [Worker 1] Visiting (2): https://app.reqres.in/projects
2026-01-19T04:26:41.3912649Z [DEBUG] Sending request to gemini-2.0-flash. Number of parts: 1
2026-01-19T04:26:41.3913414Z [DEBUG] Sending request to gemini-2.0-flash. Number of parts: 1
2026-01-19T04:26:41.3914076Z [DEBUG] Sending request to gemini-2.0-flash. Number of parts: 1
2026-01-19T04:26:41.3914629Z [DEBUG] Received response (Length: 248)
2026-01-19T04:26:41.3915530Z   🔍 [Worker 0] Visiting (2): https://app.reqres.in/app-users
2026-01-19T04:26:41.4396640Z [DEBUG] Received response (Length: 243)
2026-01-19T04:26:41.4398073Z   🔍 [Worker 2] Visiting (2): https://app.reqres.in/logs
2026-01-19T04:26:41.4978119Z [DEBUG] Received response (Length: 248)
2026-01-19T04:26:41.4979806Z   🔍 [Worker 1] Visiting (2): https://app.reqres.in/documentation?section=quickstart
2026-01-19T04:26:41.8989338Z [CACHE HIT] d0eeb336... (hits: 9, misses: 17)
2026-01-19T04:26:41.8990551Z   🔍 [Worker 0] Visiting (2): https://reqres.in/blog/stop-faking-apis
2026-01-19T04:26:42.0071045Z [CACHE HIT] d0eeb336... (hits: 10, misses: 17)
2026-01-19T04:26:42.0076545Z   🔍 [Worker 2] Visiting (2): https://reqres.in/blog/when-jsonplaceholder-isnt-enough
2026-01-19T04:26:42.1437302Z [CACHE HIT] b314f550... (hits: 11, misses: 17)
2026-01-19T04:26:42.1439450Z   🔍 [Worker 1] Visiting (2): https://app.reqres.in/documentation?section=app-users
2026-01-19T04:26:46.5194140Z [CACHE HIT] b314f550... (hits: 12, misses: 19)
2026-01-19T04:26:46.5194866Z [DEBUG] Sending request to gemini-2.0-flash. Number of parts: 1
2026-01-19T04:26:46.5195766Z [DEBUG] Sending request to gemini-2.0-flash. Number of parts: 1
2026-01-19T04:26:46.5196402Z [DEBUG] Received response (Length: 279)
2026-01-19T04:26:46.5196908Z [DEBUG] Received response (Length: 294)
2026-01-19T04:26:46.5197967Z ✅ Discovery Complete. Mapped 31 pages.
2026-01-19T04:26:54.9907857Z 
2026-01-19T04:26:54.9908653Z [PLAN] PLANNER: Planning goal -> 'Explore API documentation UI' (Deep Mode: True)
2026-01-19T04:26:54.9909701Z 🗺️ [PLAN] Loaded Sitemap with 31 pages.
2026-01-19T04:26:54.9911250Z 🎭 [EXPERT] Detected Domain: GENERAL. Persona: Act as Senior SDET focusing on exploring the application to understand functional flow and identifying critical paths for end-to-end automation
2026-01-19T04:26:54.9912906Z [DEBUG] Sending request to gemini-2.0-flash. Number of parts: 1
2026-01-19T04:26:54.9913484Z [DEBUG] Received response (Length: 3052)
2026-01-19T04:26:54.9914091Z ✅ Planner generated 3 scenarios. Workflow updated.
2026-01-19T04:26:56.0882662Z 
2026-01-19T04:26:56.0883770Z 🕵️ [DEEP EXPLORER] Starting Multi-Scenario Exploration
2026-01-19T04:26:56.0884368Z 📋 Found 3 scenarios to explore.
2026-01-19T04:26:56.4627750Z 
2026-01-19T04:26:56.4628447Z [1/3] Exploring Scenario: Explore API Documentation UI
2026-01-19T04:26:56.4629555Z     🧠 Initialized exploration context for goal: 'Explore API documentation UI'
2026-01-19T04:26:56.4633072Z   ▶️ [STEP step_1] NAVIGATE: 
2026-01-19T04:26:58.3166360Z     ✅ Navigated to https://reqres.in/
2026-01-19T04:26:58.3169766Z   ▶️ [STEP step_2] ASSERT_URL: 
2026-01-19T04:27:03.3670673Z     ⚠️ Scroll into view failed for text=None. Proceeding anyway.
2026-01-19T04:27:05.3693621Z     ✅ State transitioned.
2026-01-19T04:27:07.3104344Z [DEBUG] Sending request to gemini-2.0-flash. Number of parts: 2
2026-01-19T04:27:07.3105026Z [DEBUG] Received response (Length: 183)
2026-01-19T04:27:07.3105823Z     🤖 AI Next Step Suggestion: click -> Docs
2026-01-19T04:27:07.3106419Z     🧩 Suggested Locator: a[href='/#Docs']
2026-01-19T04:27:07.3107451Z     💭 Reasoning: To explore the API documentation UI, clicking on the 'Docs' link is a logical next step.
2026-01-19T04:27:07.3108380Z     ➕ Injected AI step: click -> Docs
2026-01-19T04:27:07.3108897Z   ▶️ [STEP step_2_ai_1] CLICK: Docs
2026-01-19T04:27:07.3179648Z     🎯 Using AI-provided locator: a[href='/#Docs']
2026-01-19T04:27:07.3204379Z     🔍 Mining locators for: 'Docs'
2026-01-19T04:27:07.5232991Z     🧠 Consulting AI (Vision-First) to find 'Docs'...
2026-01-19T04:27:07.5248900Z     🔍 Trying smart selectors for 'Docs'...
2026-01-19T04:27:07.5853745Z     ⚠️ Smart selectors failed (no unique match). Falling back to AI Vision...
2026-01-19T04:27:07.5855075Z     🧠 [EXPERT] Strategy: Act as Senior SDET focusing on exploring the application to understand functional flow and identifying critical paths for end-to-end automation.
2026-01-19T04:27:12.7597066Z [DEBUG] Sending request to gemini-2.0-flash. Number of parts: 2
2026-01-19T04:27:12.7597497Z [DEBUG] Received response (Length: 449)
2026-01-19T04:27:12.7598088Z     🔄 Retry 1/3 mining locators for 'Docs'...
2026-01-19T04:27:14.0243015Z     🧠 Consulting AI (Vision-First) to find 'Docs'...
2026-01-19T04:27:14.0243742Z     🔍 Trying smart selectors for 'Docs'...
2026-01-19T04:27:14.0851077Z     ⚠️ Smart selectors failed (no unique match). Falling back to AI Vision...
2026-01-19T04:27:14.0853152Z     🧠 [EXPERT] Strategy: Act as Senior SDET focusing on exploring the application to understand functional flow and identifying critical paths for end-to-end automation.
2026-01-19T04:27:17.9308340Z [DEBUG] Sending request to gemini-2.0-flash. Number of parts: 2
2026-01-19T04:27:17.9308765Z [DEBUG] Received response (Length: 517)
2026-01-19T04:27:17.9309325Z     🔄 Retry 2/3 mining locators for 'Docs'...
2026-01-19T04:27:18.9321571Z     🗑️ Invalidating stale AI cache (retry 2)...
2026-01-19T04:27:18.9322809Z     ⚠️ Cache invalidation warning: No module named 'core.agents.domain_expert'
2026-01-19T04:27:19.1391953Z     🧠 Consulting AI (Vision-First) to find 'Docs'...
2026-01-19T04:27:19.1392802Z     🔍 Trying smart selectors for 'Docs'...
2026-01-19T04:27:19.1944423Z     ⚠️ Smart selectors failed (no unique match). Falling back to AI Vision...
2026-01-19T04:27:19.1946785Z     🧠 [EXPERT] Strategy: Act as Senior SDET focusing on exploring the application to understand functional flow and identifying critical paths for end-to-end automation.
2026-01-19T04:27:22.7083465Z [DEBUG] Sending request to gemini-2.0-flash. Number of parts: 2
2026-01-19T04:27:22.7083949Z [DEBUG] Received response (Length: 286)
2026-01-19T04:27:22.7084510Z     ⚠️ Critical step failure: 'priority'
2026-01-19T04:27:22.7085072Z   ▶️ [STEP step_3] CLICK: ReqRes – 30 Second Backend Templates | Deploy APIs Instantly
2026-01-19T04:27:22.7152111Z     🔍 Mining locators for: 'ReqRes – 30 Second Backend Templates | Deploy APIs Instantly'
2026-01-19T04:27:22.9732461Z     🧠 Consulting AI (Vision-First) to find 'ReqRes – 30 Second Backend Templates | Deploy APIs Instantly'...
2026-01-19T04:27:22.9733616Z     🔍 Trying smart selectors for 'ReqRes – 30 Second Backend Templates | Deploy APIs Instantly'...
2026-01-19T04:27:23.0899716Z     ⚠️ Smart selectors failed (no unique match). Falling back to AI Vision...
2026-01-19T04:27:23.0901663Z     🧠 [EXPERT] Strategy: Act as Senior SDET focusing on exploring the application to understand functional flow and identifying critical paths for end-to-end automation.
2026-01-19T04:27:27.2490322Z [DEBUG] Sending request to gemini-2.0-flash. Number of parts: 2
2026-01-19T04:27:27.2490767Z [DEBUG] Received response (Length: 281)
2026-01-19T04:27:27.2491299Z     ⚠️ Skipping duplicate injection: Docs
2026-01-19T04:27:27.2492143Z     🔄 Retry 1/3 mining locators for 'ReqRes – 30 Second Backend Templates | Deploy APIs Instantly'...
2026-01-19T04:27:28.4398286Z     🧠 Consulting AI (Vision-First) to find 'ReqRes – 30 Second Backend Templates | Deploy APIs Instantly'...
2026-01-19T04:27:28.4399103Z     🔍 Trying smart selectors for 'ReqRes – 30 Second Backend Templates | Deploy APIs Instantly'...
2026-01-19T04:27:28.5640064Z     ⚠️ Smart selectors failed (no unique match). Falling back to AI Vision...
2026-01-19T04:27:28.5641869Z     🧠 [EXPERT] Strategy: Act as Senior SDET focusing on exploring the application to understand functional flow and identifying critical paths for end-to-end automation.
2026-01-19T04:27:32.2402578Z [DEBUG] Sending request to gemini-2.0-flash. Number of parts: 2
2026-01-19T04:27:32.2403125Z [DEBUG] Received response (Length: 281)
2026-01-19T04:27:32.2403757Z     ⚠️ Skipping duplicate injection: Docs
2026-01-19T04:27:32.2404459Z     🔄 Retry 2/3 mining locators for 'ReqRes – 30 Second Backend Templates | Deploy APIs Instantly'...
2026-01-19T04:27:33.2416243Z     🗑️ Invalidating stale AI cache (retry 2)...
2026-01-19T04:27:33.2417439Z     ⚠️ Cache invalidation warning: No module named 'core.agents.domain_expert'
2026-01-19T04:27:33.5228717Z     🧠 Consulting AI (Vision-First) to find 'ReqRes – 30 Second Backend Templates | Deploy APIs Instantly'...
2026-01-19T04:27:33.5230253Z     🔍 Trying smart selectors for 'ReqRes – 30 Second Backend Templates | Deploy APIs Instantly'...
2026-01-19T04:27:33.6325782Z     ⚠️ Smart selectors failed (no unique match). Falling back to AI Vision...
2026-01-19T04:27:33.6327320Z     🧠 [EXPERT] Strategy: Act as Senior SDET focusing on exploring the application to understand functional flow and identifying critical paths for end-to-end automation.
2026-01-19T04:27:37.2164475Z [DEBUG] Sending request to gemini-2.0-flash. Number of parts: 2
2026-01-19T04:27:37.2165177Z [DEBUG] Received response (Length: 285)
2026-01-19T04:27:37.2165996Z     ⚠️ Skipping duplicate injection: Docs
2026-01-19T04:27:37.2167182Z     🧠 Verifying step validity for 'ReqRes – 30 Second Backend Templates | Deploy APIs Instantly' after no candidates found...
2026-01-19T04:27:42.1714652Z [DEBUG] Sending request to gemini-2.0-flash. Number of parts: 2
2026-01-19T04:27:42.1715341Z [DEBUG] Received response (Length: 279)
2026-01-19T04:27:42.1717505Z     🗑️ Step deemed INVALID: The text "ReqRes – 30 Second Backend Templates | Deploy APIs Instantly" does not appear to be present on the page based on the screenshot and OCR output. Therefore, it is not possible to locate and interact with it.. Removing from workflow.
2026-01-19T04:27:42.1719805Z     ⏭️ Skipping execution of invalid step: ReqRes – 30 Second Backend Templates | Deploy APIs Instantly
2026-01-19T04:27:42.1720367Z   ▶️ [STEP step_4] NAVIGATE: 
2026-01-19T04:27:42.1782772Z     ⚠️ Skipping cross-domain navigation: app.reqres.in (target: reqres.in)
2026-01-19T04:27:42.1784259Z     🎯 Staying on target domain to maintain test focus
2026-01-19T04:27:42.1785905Z   ▶️ [STEP step_5] ASSERT_URL: 
2026-01-19T04:27:47.1940296Z     ⚠️ Scroll into view failed for text=None. Proceeding anyway.
2026-01-19T04:27:49.1964267Z     ✅ State transitioned.
2026-01-19T04:27:51.4300248Z [DEBUG] Sending request to gemini-2.0-flash. Number of parts: 2
2026-01-19T04:27:51.4300922Z [DEBUG] Received response (Length: 215)
2026-01-19T04:27:51.4302221Z     🤖 AI Next Step Suggestion: navigate -> Docs
2026-01-19T04:27:51.4302612Z     🧩 Suggested Locator: a[href='/docs/']
2026-01-19T04:27:51.4303255Z     💭 Reasoning: To explore the API documentation UI, navigating to the 'Docs' section is the most logical next step.
2026-01-19T04:27:51.4303830Z     ➕ Injected AI step: navigate -> Docs
2026-01-19T04:27:51.4304156Z   ▶️ [STEP step_5_ai_1] NAVIGATE: Docs
2026-01-19T04:27:51.9383252Z     ❌ Navigation failed to Docs: Page.goto: Protocol error (Page.navigate): Cannot navigate to invalid URL
2026-01-19T04:27:51.9384146Z Call log:
2026-01-19T04:27:51.9384510Z   - navigating to "Docs", waiting until "domcontentloaded"
2026-01-19T04:27:51.9384848Z 
2026-01-19T04:27:51.9385288Z     ⚠️ Critical step failure: Page.goto: Protocol error (Page.navigate): Cannot navigate to invalid URL
2026-01-19T04:27:51.9385827Z Call log:
2026-01-19T04:27:51.9386031Z   - navigating t
2026-01-19T04:27:51.9386317Z   ▶️ [STEP step_6] CLICK: documentation
2026-01-19T04:27:51.9451634Z     🔍 Mining locators for: 'documentation'
2026-01-19T04:27:52.1973389Z     🧠 Consulting AI (Vision-First) to find 'documentation'...
2026-01-19T04:27:52.1974231Z     🔍 Trying smart selectors for 'documentation'...
2026-01-19T04:27:52.2535282Z     ⚠️ Smart selectors failed (no unique match). Falling back to AI Vision...
2026-01-19T04:27:52.2536639Z     🧠 [EXPERT] Strategy: Act as Senior SDET focusing on exploring the application to understand functional flow and identifying critical paths for end-to-end automation.
2026-01-19T04:27:56.5658238Z [DEBUG] Sending request to gemini-2.0-flash. Number of parts: 2
2026-01-19T04:27:56.5658971Z [DEBUG] Received response (Length: 453)
2026-01-19T04:27:56.5659786Z     ⚠️ Critical step failure: 'priority'
2026-01-19T04:27:56.5660353Z   ▶️ [STEP step_7] NAVIGATE: 
2026-01-19T04:27:56.5716054Z     ⚠️ Skipping cross-domain navigation: app.reqres.in (target: reqres.in)
2026-01-19T04:27:56.5717053Z     🎯 Staying on target domain to maintain test focus
2026-01-19T04:27:56.5717771Z   ▶️ [STEP step_8] ASSERT_URL: 
2026-01-19T04:28:01.5870561Z     ⚠️ Scroll into view failed for text=None. Proceeding anyway.
2026-01-19T04:28:03.5884828Z     ✅ State transitioned.
2026-01-19T04:28:03.6090306Z     🔄 Revisited state detected (count: 1)
2026-01-19T04:28:05.1494228Z [DEBUG] Sending request to gemini-2.0-flash. Number of parts: 2
2026-01-19T04:28:05.1494919Z [DEBUG] Received response (Length: 190)
2026-01-19T04:28:05.1495705Z     🤖 AI Next Step Suggestion: click -> Docs
2026-01-19T04:28:05.1496101Z     🧩 Suggested Locator: a[href='/docs/']
2026-01-19T04:28:05.1496769Z     💭 Reasoning: To explore the API documentation UI, clicking on the 'Docs' link is the most logical next step.
2026-01-19T04:28:05.1497334Z     ➕ Injected AI step: click -> Docs
2026-01-19T04:28:05.1497654Z   ▶️ [STEP step_8_ai_1] CLICK: Docs
2026-01-19T04:28:05.1560866Z     🎯 Using AI-provided locator: a[href='/docs/']
2026-01-19T04:28:05.1581674Z     🔍 Mining locators for: 'Docs'
2026-01-19T04:28:05.4049971Z     🧠 Consulting AI (Vision-First) to find 'Docs'...
2026-01-19T04:28:05.4050611Z     🔍 Trying smart selectors for 'Docs'...
2026-01-19T04:28:05.4689494Z     ⚠️ Smart selectors failed (no unique match). Falling back to AI Vision...
2026-01-19T04:28:05.4690847Z     🧠 [EXPERT] Strategy: Act as Senior SDET focusing on exploring the application to understand functional flow and identifying critical paths for end-to-end automation.
2026-01-19T04:28:10.7551204Z [DEBUG] Sending request to gemini-2.0-flash. Number of parts: 2
2026-01-19T04:28:10.7552001Z [DEBUG] Received response (Length: 365)
2026-01-19T04:28:10.7552581Z     🔄 Retry 1/3 mining locators for 'Docs'...
2026-01-19T04:28:11.9383718Z     🧠 Consulting AI (Vision-First) to find 'Docs'...
2026-01-19T04:28:11.9384529Z     🔍 Trying smart selectors for 'Docs'...
2026-01-19T04:28:11.9992962Z     ⚠️ Smart selectors failed (no unique match). Falling back to AI Vision...
2026-01-19T04:28:11.9994313Z     🧠 [EXPERT] Strategy: Act as Senior SDET focusing on exploring the application to understand functional flow and identifying critical paths for end-to-end automation.
2026-01-19T04:28:15.7519976Z [DEBUG] Sending request to gemini-2.0-flash. Number of parts: 2
2026-01-19T04:28:15.7520474Z [DEBUG] Received response (Length: 358)
2026-01-19T04:28:15.7521062Z     🔄 Retry 2/3 mining locators for 'Docs'...
2026-01-19T04:28:16.7533938Z     🗑️ Invalidating stale AI cache (retry 2)...
2026-01-19T04:28:16.7535320Z     ⚠️ Cache invalidation warning: No module named 'core.agents.domain_expert'
2026-01-19T04:28:17.0208279Z     🧠 Consulting AI (Vision-First) to find 'Docs'...
2026-01-19T04:28:17.0209037Z     🔍 Trying smart selectors for 'Docs'...
2026-01-19T04:28:17.0703580Z     ⚠️ Smart selectors failed (no unique match). Falling back to AI Vision...
2026-01-19T04:28:17.0704924Z     🧠 [EXPERT] Strategy: Act as Senior SDET focusing on exploring the application to understand functional flow and identifying critical paths for end-to-end automation.
2026-01-19T04:28:20.9247371Z [DEBUG] Sending request to gemini-2.0-flash. Number of parts: 2
2026-01-19T04:28:20.9247941Z [DEBUG] Received response (Length: 358)
2026-01-19T04:28:20.9248600Z     🧠 Verifying step validity for 'Docs' after mining failure...
2026-01-19T04:28:25.3692969Z [DEBUG] Sending request to gemini-2.0-flash. Number of parts: 2
2026-01-19T04:28:25.3693742Z [DEBUG] Received response (Length: 276)
2026-01-19T04:28:25.3694843Z     🛠️ Self-Correction: Step is valid. Using new locator: a[href*='pricing'] + a
2026-01-19T04:28:29.4693386Z     ✅ State transitioned.
2026-01-19T04:28:31.3943422Z [DEBUG] Sending request to gemini-2.0-flash. Number of parts: 2
2026-01-19T04:28:31.3944165Z [DEBUG] Received response (Length: 299)
2026-01-19T04:28:31.3945553Z     🤖 AI Next Step Suggestion: click -> Auth & sessions Popular Keys vs session tokens, login flow, and API key location.
2026-01-19T04:28:31.3947607Z     💭 Reasoning: To explore the different sections of the API documentation UI, clicking on 'Auth & sessions' seems like a logical next step.
2026-01-19T04:28:31.3949554Z     ➕ Injected AI step: click -> Auth & sessions Popular Keys vs session tokens, login flow, and API key location.
2026-01-19T04:28:31.3951248Z   ▶️ [STEP step_8_ai_2] CLICK: Auth & sessions Popular Keys vs session tokens, login flow, and API key location.
2026-01-19T04:28:31.4172739Z     🔍 Mining locators for: 'Auth & sessions Popular Keys vs session tokens, login flow, and API key location.'
2026-01-19T04:28:31.5175948Z     🔄 Retry 1/3 mining locators for 'Auth & sessions Popular Keys vs session tokens, login flow, and API key location.'...
2026-01-19T04:28:32.6150624Z     🔄 Retry 2/3 mining locators for 'Auth & sessions Popular Keys vs session tokens, login flow, and API key location.'...
2026-01-19T04:28:33.6162806Z     🗑️ Invalidating stale AI cache (retry 2)...
2026-01-19T04:28:33.6165623Z     ⚠️ Cache invalidation warning: No module named 'core.agents.domain_expert'
2026-01-19T04:28:33.7827632Z     🧠 Verifying step validity for 'Auth & sessions Popular Keys vs session tokens, login flow, and API key location.' after mining failure...
2026-01-19T04:28:36.4152549Z [DEBUG] Sending request to gemini-2.0-flash. Number of parts: 2
2026-01-19T04:28:36.4153221Z [DEBUG] Received response (Length: 426)
2026-01-19T04:28:36.4154552Z     🛠️ Self-Correction: Step is valid. Using new locator: text=Auth & sessions
2026-01-19T04:28:40.0189506Z     ✅ State transitioned.
2026-01-19T04:28:41.2926138Z [DEBUG] Sending request to gemini-2.0-flash. Number of parts: 2
2026-01-19T04:28:41.2926667Z [DEBUG] Received response (Length: 280)
2026-01-19T04:28:41.2927210Z     🤖 AI Next Step Suggestion: done -> N/A
2026-01-19T04:28:41.2928363Z     💭 Reasoning: The current page has no interactive elements. The goal is to explore the API documentation UI, and the current page is the documentation for Auth & sessions. Since there are no interactive elements on the page, there is nothing to do here.
2026-01-19T04:28:41.2929616Z   ▶️ [STEP step_9] ASSERT_VISIBLE: ReqRes – 30 Second Backend Templates | Deploy APIs Instantly
2026-01-19T04:28:41.2987461Z     🔍 Mining locators for: 'ReqRes – 30 Second Backend Templates | Deploy APIs Instantly'
2026-01-19T04:28:41.3228642Z     🧠 Consulting AI (Vision-First) to find 'ReqRes – 30 Second Backend Templates | Deploy APIs Instantly'...
2026-01-19T04:28:41.3229458Z     🔍 Trying smart selectors for 'ReqRes – 30 Second Backend Templates | Deploy APIs Instantly'...
2026-01-19T04:28:41.4034441Z     ⚠️ Smart selectors failed (no unique match). Falling back to AI Vision...
2026-01-19T04:28:41.4035750Z     🧠 [EXPERT] Strategy: Act as Senior SDET focusing on exploring the application to understand functional flow and identifying critical paths for end-to-end automation.
2026-01-19T04:28:46.3104051Z [DEBUG] Sending request to gemini-2.0-flash. Number of parts: 2
2026-01-19T04:28:46.3104777Z [DEBUG] Received response (Length: 321)
2026-01-19T04:28:46.3107079Z     💡 Expert Suggestion: The target 'ReqRes – 30 Second Backend Templates | Deploy APIs Instantly' is likely related to API documentation or templates, so navigating to the 'API' section would be a logical step.
2026-01-19T04:28:46.3109103Z     🛠️ Executing corrective action: click -> 'API'
2026-01-19T04:28:46.3394396Z     🔄 Retry 1/3 mining locators for 'ReqRes – 30 Second Backend Templates | Deploy APIs Instantly'...
2026-01-19T04:28:47.3640885Z     🧠 Consulting AI (Vision-First) to find 'ReqRes – 30 Second Backend Templates | Deploy APIs Instantly'...
2026-01-19T04:28:47.3642464Z     🔍 Trying smart selectors for 'ReqRes – 30 Second Backend Templates | Deploy APIs Instantly'...
2026-01-19T04:28:47.4463907Z     ⚠️ Smart selectors failed (no unique match). Falling back to AI Vision...
2026-01-19T04:28:47.4465774Z     🧠 [EXPERT] Strategy: Act as Senior SDET focusing on exploring the application to understand functional flow and identifying critical paths for end-to-end automation.
2026-01-19T04:28:47.4468210Z [CACHE HIT] 5073bca9... (hits: 1, misses: 19)
2026-01-19T04:28:47.4468896Z     ⚠️ Skipping duplicate injection: API
2026-01-19T04:28:47.4469719Z     🔄 Retry 2/3 mining locators for 'ReqRes – 30 Second Backend Templates | Deploy APIs Instantly'...
2026-01-19T04:28:48.4482445Z     🗑️ Invalidating stale AI cache (retry 2)...
2026-01-19T04:28:48.4483619Z     ⚠️ Cache invalidation warning: No module named 'core.agents.domain_expert'
2026-01-19T04:28:48.4734774Z     🧠 Consulting AI (Vision-First) to find 'ReqRes – 30 Second Backend Templates | Deploy APIs Instantly'...
2026-01-19T04:28:48.4736150Z     🔍 Trying smart selectors for 'ReqRes – 30 Second Backend Templates | Deploy APIs Instantly'...
2026-01-19T04:28:48.5493449Z     ⚠️ Smart selectors failed (no unique match). Falling back to AI Vision...
2026-01-19T04:28:48.5494812Z     🧠 [EXPERT] Strategy: Act as Senior SDET focusing on exploring the application to understand functional flow and identifying critical paths for end-to-end automation.
2026-01-19T04:28:48.5497624Z [CACHE HIT] 5073bca9... (hits: 2, misses: 19)
2026-01-19T04:28:48.5498685Z     ⚠️ Skipping duplicate injection: API
2026-01-19T04:28:48.5499386Z     🧠 Verifying step validity for 'ReqRes – 30 Second Backend Templates | Deploy APIs Instantly' after no candidates found...
2026-01-19T04:28:50.8844499Z [DEBUG] Sending request to gemini-2.0-flash. Number of parts: 2
2026-01-19T04:28:50.8845135Z [DEBUG] Received response (Length: 166)
2026-01-19T04:28:50.8846508Z     🗑️ Step deemed INVALID: The image is completely black, so it's impossible to determine if the element exists on the page or not.. Removing from workflow.
2026-01-19T04:28:50.8847923Z     ⏭️ Skipping execution of invalid step: ReqRes – 30 Second Backend Templates | Deploy APIs Instantly
2026-01-19T04:28:52.9238664Z 
2026-01-19T04:28:52.9239270Z [2/3] Exploring Scenario: Verify User List Retrieval
2026-01-19T04:28:52.9240459Z     🧠 Initialized exploration context for goal: 'Explore API documentation UI'
2026-01-19T04:28:52.9241535Z   ▶️ [STEP step_1] NAVIGATE: 
2026-01-19T04:28:54.7034853Z     ✅ Navigated to https://reqres.in/
2026-01-19T04:28:54.7035717Z   ▶️ [STEP step_2] ASSERT_URL: 
2026-01-19T04:28:59.7558508Z     ⚠️ Scroll into view failed for text=None. Proceeding anyway.
2026-01-19T04:29:01.7584247Z     ✅ State transitioned.
2026-01-19T04:29:03.5492883Z [DEBUG] Sending request to gemini-2.0-flash. Number of parts: 2
2026-01-19T04:29:03.5493575Z [DEBUG] Received response (Length: 189)
2026-01-19T04:29:03.5494377Z     🤖 AI Next Step Suggestion: click -> Docs
2026-01-19T04:29:03.5494994Z     🧩 Suggested Locator: a[href='/docs']
2026-01-19T04:29:03.5495804Z     💭 Reasoning: To explore the API documentation UI, clicking on the 'Docs' link is the most logical next step.
2026-01-19T04:29:03.5496384Z     ➕ Injected AI step: click -> Docs
2026-01-19T04:29:03.5496697Z   ▶️ [STEP step_2_ai_1] CLICK: Docs
2026-01-19T04:29:03.5560609Z     🎯 Using AI-provided locator: a[href='/docs']
2026-01-19T04:29:03.5581310Z     🔍 Mining locators for: 'Docs'
2026-01-19T04:29:03.8218585Z     🧠 Consulting AI (Vision-First) to find 'Docs'...
2026-01-19T04:29:03.8219341Z     🔍 Trying smart selectors for 'Docs'...
2026-01-19T04:29:03.8730996Z     ⚠️ Smart selectors failed (no unique match). Falling back to AI Vision...
2026-01-19T04:29:03.8732501Z     🧠 [EXPERT] Strategy: Act as Senior SDET focusing on exploring the application to understand functional flow and identifying critical paths for end-to-end automation.
2026-01-19T04:29:08.7695815Z [DEBUG] Sending request to gemini-2.0-flash. Number of parts: 2
2026-01-19T04:29:08.7696346Z [DEBUG] Received response (Length: 368)
2026-01-19T04:29:08.7696950Z     🔄 Retry 1/3 mining locators for 'Docs'...
2026-01-19T04:29:09.9854178Z     🧠 Consulting AI (Vision-First) to find 'Docs'...
2026-01-19T04:29:09.9854904Z     🔍 Trying smart selectors for 'Docs'...
2026-01-19T04:29:10.0417175Z     ⚠️ Smart selectors failed (no unique match). Falling back to AI Vision...
2026-01-19T04:29:10.0418898Z     🧠 [EXPERT] Strategy: Act as Senior SDET focusing on exploring the application to understand functional flow and identifying critical paths for end-to-end automation.
2026-01-19T04:29:14.0101256Z [DEBUG] Sending request to gemini-2.0-flash. Number of parts: 2
2026-01-19T04:29:14.0101985Z [DEBUG] Received response (Length: 449)
2026-01-19T04:29:14.0103317Z     🔄 Retry 2/3 mining locators for 'Docs'...
2026-01-19T04:29:15.0114362Z     🗑️ Invalidating stale AI cache (retry 2)...
2026-01-19T04:29:15.0115684Z     ⚠️ Cache invalidation warning: No module named 'core.agents.domain_expert'
2026-01-19T04:29:15.3037023Z     🧠 Consulting AI (Vision-First) to find 'Docs'...
2026-01-19T04:29:15.3037735Z     🔍 Trying smart selectors for 'Docs'...
2026-01-19T04:29:15.3552499Z     ⚠️ Smart selectors failed (no unique match). Falling back to AI Vision...
2026-01-19T04:29:15.3554252Z     🧠 [EXPERT] Strategy: Act as Senior SDET focusing on exploring the application to understand functional flow and identifying critical paths for end-to-end automation.
2026-01-19T04:29:19.1064103Z [DEBUG] Sending request to gemini-2.0-flash. Number of parts: 2
2026-01-19T04:29:19.1064949Z [DEBUG] Received response (Length: 421)
2026-01-19T04:29:19.1065577Z     🧠 Verifying step validity for 'Docs' after mining failure...
2026-01-19T04:29:23.4813798Z [DEBUG] Sending request to gemini-2.0-flash. Number of parts: 2
2026-01-19T04:29:23.4814602Z [DEBUG] Received response (Length: 220)
2026-01-19T04:29:23.4815711Z     🛠️ Self-Correction: Step is valid. Using new locator: a[href*='docs']
2026-01-19T04:29:28.9933693Z     ⚠️ Scroll into view failed for a[href*='docs']. Proceeding anyway.
2026-01-19T04:29:33.9954664Z     ⚠️ Action failed: Locator.bounding_box: Timeout 5000ms exceeded.
2026-01-19T04:29:33.9955320Z Cal...
2026-01-19T04:29:35.5809668Z [DEBUG] Sending request to gemini-2.0-flash. Number of parts: 2
2026-01-19T04:29:35.5810221Z [DEBUG] Received response (Length: 187)
2026-01-19T04:29:35.5811195Z     ✨ AI Heal Reasoning: The element with the text 'Docs' is a link, and it is visible on the page. It is located in the top navigation bar.
2026-01-19T04:29:35.5812526Z     ✨ AI healed exploration action! New selector: a[href*='/docs']
2026-01-19T04:29:41.0875429Z     ⚠️ Scroll into view failed for a[href*='/docs']. Proceeding anyway.
2026-01-19T04:29:46.0899522Z   ▶️ [STEP step_3] NAVIGATE: 
2026-01-19T04:29:46.6832370Z     ✅ Navigated to https://reqres.in/api/users
2026-01-19T04:29:46.6834189Z   ▶️ [STEP step_4] ASSERT_VISIBLE: Just a moment...
2026-01-19T04:29:46.7087087Z     🔍 Mining locators for: 'Just a moment...'
2026-01-19T04:29:46.7574708Z     🧠 Consulting AI (Vision-First) to find 'Just a moment...'...
2026-01-19T04:29:46.7575546Z     🔍 Trying smart selectors for 'Just a moment...'...
2026-01-19T04:29:46.8172720Z     ⚠️ Smart selectors failed (no unique match). Falling back to AI Vision...
2026-01-19T04:29:46.8175517Z     🧠 [EXPERT] Strategy: Act as Senior SDET focusing on exploring the application to understand functional flow and identifying critical paths for end-to-end automation.
2026-01-19T04:29:48.3738166Z [DEBUG] Sending request to gemini-2.0-flash. Number of parts: 2
2026-01-19T04:29:48.3738905Z [DEBUG] Received response (Length: 306)
2026-01-19T04:29:48.3740149Z     💡 Expert Suggestion: The page is currently displaying a Cloudflare verification screen. We need to wait for this process to complete before proceeding to explore the API documentation UI.
2026-01-19T04:29:48.3741084Z     🛠️ Executing corrective action: wait -> 'page load'
2026-01-19T04:29:48.4230806Z     🔄 Retry 1/3 mining locators for 'Just a moment...'...
2026-01-19T04:29:49.4547792Z     🧠 Consulting AI (Vision-First) to find 'Just a moment...'...
2026-01-19T04:29:49.4548624Z     🔍 Trying smart selectors for 'Just a moment...'...
2026-01-19T04:29:49.5036795Z     ⚠️ Smart selectors failed (no unique match). Falling back to AI Vision...
2026-01-19T04:29:49.5038044Z     🧠 [EXPERT] Strategy: Act as Senior SDET focusing on exploring the application to understand functional flow and identifying critical paths for end-to-end automation.
2026-01-19T04:29:53.0673965Z [DEBUG] Sending request to gemini-2.0-flash. Number of parts: 2
2026-01-19T04:29:53.0674808Z [DEBUG] Received response (Length: 230)
2026-01-19T04:29:53.0676227Z     💡 Expert Suggestion: "Just a moment..." likely appears after completing the CAPTCHA verification.
2026-01-19T04:29:53.0677670Z     🛠️ Executing corrective action: click -> 'Verify you are human'
2026-01-19T04:29:53.6124891Z     ✅ Executed corrective navigation
2026-01-19T04:29:55.6147912Z     🔄 Retry 2/3 mining locators for 'Just a moment...'...
2026-01-19T04:29:56.6162274Z     🗑️ Invalidating stale AI cache (retry 2)...
2026-01-19T04:29:56.6163438Z     ⚠️ Cache invalidation warning: No module named 'core.agents.domain_expert'
2026-01-19T04:29:56.6416571Z     🧠 Consulting AI (Vision-First) to find 'Just a moment...'...
2026-01-19T04:29:56.6417211Z     🔍 Trying smart selectors for 'Just a moment...'...
2026-01-19T04:29:56.6899078Z     ⚠️ Smart selectors failed (no unique match). Falling back to AI Vision...
2026-01-19T04:29:56.6900372Z     🧠 [EXPERT] Strategy: Act as Senior SDET focusing on exploring the application to understand functional flow and identifying critical paths for end-to-end automation.
2026-01-19T04:29:56.6903785Z [CACHE HIT] 743c5013... (hits: 3, misses: 28)
2026-01-19T04:29:56.6904763Z     ⚠️ Skipping duplicate injection: Verify you are human
2026-01-19T04:29:56.6905676Z     🧠 Verifying step validity for 'Just a moment...' after no candidates found...
2026-01-19T04:29:58.1500045Z [DEBUG] Sending request to gemini-2.0-flash. Number of parts: 2
2026-01-19T04:29:58.1500876Z [DEBUG] Received response (Length: 324)
2026-01-19T04:29:58.1503205Z     🗑️ Step deemed INVALID: The page shows a Cloudflare verification challenge. The text "Just a moment..." is not visible in the screenshot or OCR output. It's likely the page is waiting for the user to complete the challenge before proceeding, and the target element is not yet present.. Removing from workflow.
2026-01-19T04:29:58.1506894Z     ⏭️ Skipping execution of invalid step: Just a moment...
2026-01-19T04:30:00.1896750Z 
2026-01-19T04:30:00.1897741Z [3/3] Exploring Scenario: Verify Single User Retrieval
2026-01-19T04:30:00.1899702Z     🧠 Initialized exploration context for goal: 'Explore API documentation UI'
2026-01-19T04:30:00.1900605Z   ▶️ [STEP step_1] NAVIGATE: 
2026-01-19T04:30:01.6829108Z     ✅ Navigated to https://reqres.in/
2026-01-19T04:30:01.6829827Z   ▶️ [STEP step_2] ASSERT_URL: 
2026-01-19T04:30:06.7336823Z     ⚠️ Scroll into view failed for text=None. Proceeding anyway.
2026-01-19T04:30:08.7354328Z     ✅ State transitioned.
2026-01-19T04:30:10.6177993Z [DEBUG] Sending request to gemini-2.0-flash. Number of parts: 2
2026-01-19T04:30:10.6178610Z [DEBUG] Received response (Length: 192)
2026-01-19T04:30:10.6179393Z     🤖 AI Next Step Suggestion: click -> Docs
2026-01-19T04:30:10.6179777Z     🧩 Suggested Locator: a:contains('Docs')
2026-01-19T04:30:10.6180379Z     💭 Reasoning: To explore the API documentation UI, clicking on the 'Docs' link is the most logical next step.
2026-01-19T04:30:10.6181101Z ⚠️ Loop detected: same AI suggestion repeated 2 times. Moving to next step.
2026-01-19T04:30:10.6181735Z   ▶️ [STEP step_3] NAVIGATE: 
2026-01-19T04:30:11.2083017Z     ✅ Navigated to https://reqres.in/api/users/2
2026-01-19T04:30:11.2083679Z   ▶️ [STEP step_4] ASSERT_VISIBLE: Just a moment...
2026-01-19T04:30:11.2317102Z     🔍 Mining locators for: 'Just a moment...'
2026-01-19T04:30:11.2736618Z     🧠 Consulting AI (Vision-First) to find 'Just a moment...'...
2026-01-19T04:30:11.2737538Z     🔍 Trying smart selectors for 'Just a moment...'...
2026-01-19T04:30:11.3491670Z     ⚠️ Smart selectors failed (no unique match). Falling back to AI Vision...
2026-01-19T04:30:11.3493770Z     🧠 [EXPERT] Strategy: Act as Senior SDET focusing on exploring the application to understand functional flow and identifying critical paths for end-to-end automation.
2026-01-19T04:30:15.7974985Z [DEBUG] Sending request to gemini-2.0-flash. Number of parts: 2
2026-01-19T04:30:15.7975739Z [DEBUG] Received response (Length: 428)
2026-01-19T04:30:15.7978622Z     💡 Expert Suggestion: The page is currently undergoing a security check by Cloudflare. The 'Just a moment...' message is likely part of this process, but it's not explicitly visible in the provided image. Waiting for the page to fully load might reveal the target element or redirect to the actual application.
2026-01-19T04:30:15.7980971Z     🛠️ Executing corrective action: wait -> 'page load'
2026-01-19T04:30:15.8313647Z     🔄 Retry 1/3 mining locators for 'Just a moment...'...
2026-01-19T04:30:16.8577611Z     🧠 Consulting AI (Vision-First) to find 'Just a moment...'...
2026-01-19T04:30:16.8578136Z     🔍 Trying smart selectors for 'Just a moment...'...
2026-01-19T04:30:16.9062412Z     ⚠️ Smart selectors failed (no unique match). Falling back to AI Vision...
2026-01-19T04:30:16.9063848Z     🧠 [EXPERT] Strategy: Act as Senior SDET focusing on exploring the application to understand functional flow and identifying critical paths for end-to-end automation.
2026-01-19T04:30:20.4492071Z [DEBUG] Sending request to gemini-2.0-flash. Number of parts: 2
2026-01-19T04:30:20.4492756Z [DEBUG] Received response (Length: 244)
2026-01-19T04:30:20.4494095Z     💡 Expert Suggestion: "Just a moment..." is likely displayed after clicking the 'Verify you are human' checkbox.
2026-01-19T04:30:20.4494983Z     🛠️ Executing corrective action: click -> 'Verify you are human'
2026-01-19T04:30:20.9914546Z     ✅ Executed corrective navigation
2026-01-19T04:30:22.9937834Z     🔄 Retry 2/3 mining locators for 'Just a moment...'...
2026-01-19T04:30:23.9950646Z     🗑️ Invalidating stale AI cache (retry 2)...
2026-01-19T04:30:23.9952141Z     ⚠️ Cache invalidation warning: No module named 'core.agents.domain_expert'
2026-01-19T04:30:24.0208990Z     🧠 Consulting AI (Vision-First) to find 'Just a moment...'...
2026-01-19T04:30:24.0209837Z     🔍 Trying smart selectors for 'Just a moment...'...
2026-01-19T04:30:24.0737865Z     ⚠️ Smart selectors failed (no unique match). Falling back to AI Vision...
2026-01-19T04:30:24.0739397Z     🧠 [EXPERT] Strategy: Act as Senior SDET focusing on exploring the application to understand functional flow and identifying critical paths for end-to-end automation.
2026-01-19T04:30:24.0741934Z [CACHE HIT] e49a98a3... (hits: 4, misses: 32)
2026-01-19T04:30:24.0742862Z     ⚠️ Skipping duplicate injection: Verify you are human
2026-01-19T04:30:24.0744017Z     🧠 Verifying step validity for 'Just a moment...' after no candidates found...
2026-01-19T04:30:25.5112125Z [DEBUG] Sending request to gemini-2.0-flash. Number of parts: 2
2026-01-19T04:30:25.5112564Z [DEBUG] Received response (Length: 286)
2026-01-19T04:30:25.5114036Z     🗑️ Step deemed INVALID: The page is showing a Cloudflare verification challenge. The text "Just a moment..." is not visible in the screenshot or OCR output. We are likely stuck on this page and cannot proceed to the intended API documentation UI.. Removing from workflow.
2026-01-19T04:30:25.5115231Z     ⏭️ Skipping execution of invalid step: Just a moment...
2026-01-19T04:30:27.5484197Z 🗂️  All generated tests written to /home/runner/work/build_qa_automation/build_qa_automation/projects/ci_reqres_api_ui/tests/generated_scenarios.json
2026-01-19T04:30:27.5488715Z 🔄 Updated workflow.json with discovered steps and locators.
2026-01-19T04:30:27.5489187Z 
2026-01-19T04:30:27.5489458Z ✅ Deep Exploration Complete.
2026-01-19T04:30:44.9490492Z 
2026-01-19T04:30:44.9492312Z 🚀 [EXECUTE] Starting Automation Execution Engine
2026-01-19T04:30:44.9493085Z 📍 Project: ci_reqres_api_ui
2026-01-19T04:30:44.9493460Z 🎬 Mode: Headless
2026-01-19T04:30:44.9493599Z 
2026-01-19T04:30:44.9493744Z --- Scenario: Explore API Documentation UI ---
2026-01-19T04:30:44.9494126Z   ▶️ [STEP step_1] NAVIGATE: Step step_1
2026-01-19T04:30:44.9494439Z     ✅ Step step_1 Passed.
2026-01-19T04:30:44.9494737Z   ▶️ [STEP step_2] ASSERT_URL: Step step_2
2026-01-19T04:30:44.9495044Z     ✅ Step step_2 Passed.
2026-01-19T04:30:44.9495318Z   ▶️ [STEP step_2_ai_1] CLICK: Docs
2026-01-19T04:30:44.9495644Z     ✅ Step step_2_ai_1 Passed.
2026-01-19T04:30:44.9495938Z   ▶️ [STEP step_4] NAVIGATE: Step step_4
2026-01-19T04:30:44.9496236Z     ✅ Step step_4 Passed.
2026-01-19T04:30:44.9496516Z   ▶️ [STEP step_5] ASSERT_URL: Step step_5
2026-01-19T04:30:44.9496823Z     ✅ Step step_5 Passed.
2026-01-19T04:30:44.9497087Z   ▶️ [STEP step_5_ai_1] NAVIGATE: Docs
2026-01-19T04:30:44.9497643Z     ❌ Attempt 1 failed (unknown): Page.goto: Protocol error (Page.navigate): Cannot navigate to invalid URL
2026-01-19T04:30:44.9498117Z Call log:
2026-01-19T04:30:44.9498302Z   - navigating t...
2026-01-19T04:30:44.9498636Z     🔧 [AUTO-HEAL] Re-mining page to find 'Docs'...
2026-01-19T04:30:44.9499017Z [DEBUG] Sending request to gemini-2.0-flash. Number of parts: 2
2026-01-19T04:30:44.9499372Z [DEBUG] Received response (Length: 522)
2026-01-19T04:30:44.9499754Z     ✨ AI successfully healed the step! Found 2 alternatives.
2026-01-19T04:30:44.9500209Z     ✨ AI successfully healed the step! New selector: a[href='/docs']
2026-01-19T04:30:44.9501106Z     ❌ Attempt 2 failed (unknown): Page.goto: Protocol error (Page.navigate): Cannot navigate to invalid URL
2026-01-19T04:30:44.9501818Z Call log:
2026-01-19T04:30:44.9502011Z   - navigating t...
2026-01-19T04:30:44.9502467Z     🔧 [AUTO-HEAL] Re-mining page to find 'Docs'...
2026-01-19T04:30:44.9502792Z [CACHE HIT] 8cffacc5... (hits: 1, misses: 1)
2026-01-19T04:30:44.9503183Z     ✨ AI successfully healed the step! Found 2 alternatives.
2026-01-19T04:30:44.9503631Z     ✨ AI successfully healed the step! New selector: a[href='/docs']
2026-01-19T04:30:44.9504257Z     ❌ Attempt 3 failed (unknown): Page.goto: Protocol error (Page.navigate): Cannot navigate to invalid URL
2026-01-19T04:30:44.9504716Z Call log:
2026-01-19T04:30:44.9504899Z   - navigating t...
2026-01-19T04:30:44.9505183Z     💀 Step step_5_ai_1 failed after all retries.
2026-01-19T04:30:44.9505628Z 🛑 Scenario 'Explore API Documentation UI' aborted due to step failure.
2026-01-19T04:30:44.9505905Z 
2026-01-19T04:30:44.9506036Z --- Scenario: Verify User List Retrieval ---
2026-01-19T04:30:44.9506365Z   ▶️ [STEP step_1] NAVIGATE: Step step_1
2026-01-19T04:30:44.9506669Z     ✅ Step step_1 Passed.
2026-01-19T04:30:44.9506953Z   ▶️ [STEP step_2] ASSERT_URL: Step step_2
2026-01-19T04:30:44.9507254Z     ✅ Step step_2 Passed.
2026-01-19T04:30:44.9507515Z   ▶️ [STEP step_2_ai_1] CLICK: Docs
2026-01-19T04:30:44.9507924Z     ⚠️ Mined locators not found on page. Falling back to semantic search.
2026-01-19T04:30:44.9508320Z     ✅ Step step_2_ai_1 Passed.
2026-01-19T04:30:44.9508606Z   ▶️ [STEP step_3] NAVIGATE: Step step_3
2026-01-19T04:30:44.9508888Z     ✅ Step step_3 Passed.
2026-01-19T04:30:44.9509243Z ✅ Scenario 'Verify User List Retrieval' completed successfully!
2026-01-19T04:30:44.9509506Z 
2026-01-19T04:30:44.9509623Z --- Scenario: Verify Single User Retrieval ---
2026-01-19T04:30:44.9509959Z   ▶️ [STEP step_1] NAVIGATE: Step step_1
2026-01-19T04:30:44.9510240Z     ✅ Step step_1 Passed.
2026-01-19T04:30:44.9510509Z   ▶️ [STEP step_2] ASSERT_URL: Step step_2
2026-01-19T04:30:44.9510807Z     ✅ Step step_2 Passed.
2026-01-19T04:30:44.9511072Z   ▶️ [STEP step_3] NAVIGATE: Step step_3
2026-01-19T04:30:44.9511533Z     ✅ Step step_3 Passed.
2026-01-19T04:30:44.9512204Z ✅ Scenario 'Verify Single User Retrieval' completed successfully!
2026-01-19T04:30:44.9512649Z 
2026-01-19T04:30:44.9512815Z ============================================================
2026-01-19T04:30:44.9513317Z 🎯 EXECUTION SUMMARY
2026-01-19T04:30:44.9513694Z ============================================================
2026-01-19T04:30:44.9514040Z 
2026-01-19T04:30:44.9514231Z 📋 Scenario Overview:
2026-01-19T04:30:44.9514679Z    • Total Scenarios Planned: 3
2026-01-19T04:30:44.9515130Z    • Scenarios Executed: 3
2026-01-19T04:30:44.9515575Z    • Total Steps Executed: 13
2026-01-19T04:30:44.9515847Z 
2026-01-19T04:30:44.9516013Z ✅ Results:
2026-01-19T04:30:44.9516388Z    ✅ Passed: 2 (66%)
2026-01-19T04:30:44.9516643Z    ❌ Failed: 1 (33%)
2026-01-19T04:30:44.9516779Z 
2026-01-19T04:30:44.9516912Z ⚠️  Failed Scenarios:
2026-01-19T04:30:44.9517325Z    • Explore API Documentation UI
2026-01-19T04:30:44.9517522Z 
2026-01-19T04:30:44.9517630Z ============================================================
2026-01-19T04:30:44.9517824Z 
2026-01-19T04:30:44.9518320Z 🏁 Execution Finished. Report: /home/runner/work/build_qa_automation/build_qa_automation/projects/ci_reqres_api_ui/execution.json
2026-01-19T04:30:45.0754359Z 
2026-01-19T04:30:45.0754894Z [PHASE] Running Phase: DISCOVERY
2026-01-19T04:30:45.0757563Z    Command: /opt/hostedtoolcache/Python/3.11.14/x64/bin/python /home/runner/work/build_qa_automation/build_qa_automation/core/agents/discovery.py --project /home/runner/work/build_qa_automation/build_qa_automation/projects/ci_reqres_api_ui --url https://reqres.in/ --deep
2026-01-19T04:30:45.0760458Z ✅ Phase 'discovery' completed successfully.
2026-01-19T04:30:45.0760836Z 
2026-01-19T04:30:45.0760991Z [PHASE] Running Phase: PLANNING
2026-01-19T04:30:45.0762864Z    Command: /opt/hostedtoolcache/Python/3.11.14/x64/bin/python /home/runner/work/build_qa_automation/build_qa_automation/core/agents/planner.py --project /home/runner/work/build_qa_automation/build_qa_automation/projects/ci_reqres_api_ui --goal Explore API documentation UI --url https://reqres.in/ --deep
2026-01-19T04:30:45.0764506Z ✅ Phase 'planning' completed successfully.
2026-01-19T04:30:45.0764733Z 
2026-01-19T04:30:45.0764848Z [PHASE] Running Phase: EXPLORATION
2026-01-19T04:30:45.0765964Z    Command: /opt/hostedtoolcache/Python/3.11.14/x64/bin/python /home/runner/work/build_qa_automation/build_qa_automation/core/agents/deep_explorer.py --project /home/runner/work/build_qa_automation/build_qa_automation/projects/ci_reqres_api_ui
2026-01-19T04:30:45.0767141Z ✅ Phase 'exploration' completed successfully.
2026-01-19T04:30:45.0767633Z 📊 Exploration Discovery Success Rate: 30.0%
2026-01-19T04:30:45.0768185Z ⚠️ Exploration failed to find stable locators for key steps. Execution might fail.
2026-01-19T04:30:45.0768559Z 
2026-01-19T04:30:45.0768669Z [PHASE] Running Phase: EXECUTION
2026-01-19T04:30:45.0769890Z    Command: /opt/hostedtoolcache/Python/3.11.14/x64/bin/python /home/runner/work/build_qa_automation/build_qa_automation/core/agents/executor.py --project /home/runner/work/build_qa_automation/build_qa_automation/projects/ci_reqres_api_ui
2026-01-19T04:30:45.0771045Z ✅ Phase 'execution' completed successfully.
2026-01-19T04:30:45.0771252Z 
2026-01-19T04:30:45.0771538Z [DONE] Pipeline Execution Finished! [DONE]
2026-01-19T04:30:45.1918781Z ##[group]Run RESULT_FILE="projects/ci_reqres_api_ui/execution.json"
2026-01-19T04:30:45.1919367Z [36;1mRESULT_FILE="projects/ci_reqres_api_ui/execution.json"[0m
2026-01-19T04:30:45.1919735Z [36;1mif [ -f "$RESULT_FILE" ]; then[0m
2026-01-19T04:30:45.1920095Z [36;1m  echo "✅ Results generated successfully: $RESULT_FILE"[0m
2026-01-19T04:30:45.1920558Z [36;1m  cat "$RESULT_FILE" | jq '.scenarios | length' || echo "Result file exists"[0m
2026-01-19T04:30:45.1920942Z [36;1melse[0m
2026-01-19T04:30:45.1921214Z [36;1m  echo "❌ No result file found at $RESULT_FILE"[0m
2026-01-19T04:30:45.1921811Z [36;1m  exit 1[0m
2026-01-19T04:30:45.1922000Z [36;1mfi[0m
2026-01-19T04:30:45.1953285Z shell: /usr/bin/bash -e {0}
2026-01-19T04:30:45.1953525Z env:
2026-01-19T04:30:45.1953791Z   pythonLocation: /opt/hostedtoolcache/Python/3.11.14/x64
2026-01-19T04:30:45.1954218Z   PKG_CONFIG_PATH: /opt/hostedtoolcache/Python/3.11.14/x64/lib/pkgconfig
2026-01-19T04:30:45.1954673Z   Python_ROOT_DIR: /opt/hostedtoolcache/Python/3.11.14/x64
2026-01-19T04:30:45.1955039Z   Python2_ROOT_DIR: /opt/hostedtoolcache/Python/3.11.14/x64
2026-01-19T04:30:45.1955404Z   Python3_ROOT_DIR: /opt/hostedtoolcache/Python/3.11.14/x64
2026-01-19T04:30:45.1955777Z   LD_LIBRARY_PATH: /opt/hostedtoolcache/Python/3.11.14/x64/lib
2026-01-19T04:30:45.1956091Z ##[endgroup]
2026-01-19T04:30:45.2007708Z ✅ Results generated successfully: projects/ci_reqres_api_ui/execution.json
2026-01-19T04:30:45.2033644Z 3
2026-01-19T04:30:45.2328615Z ##[group]Run actions/upload-artifact@v4
2026-01-19T04:30:45.2328925Z with:
2026-01-19T04:30:45.2329137Z   name: reqres_api_ui-execution-results
2026-01-19T04:30:45.2329567Z   path: projects/ci_reqres_api_ui/execution.json
projects/ci_reqres_api_ui/workflow.json

2026-01-19T04:30:45.2329997Z   retention-days: 30
2026-01-19T04:30:45.2330218Z   if-no-files-found: warn
2026-01-19T04:30:45.2330448Z   compression-level: 6
2026-01-19T04:30:45.2330660Z   overwrite: false
2026-01-19T04:30:45.2330874Z   include-hidden-files: false
2026-01-19T04:30:45.2331100Z env:
2026-01-19T04:30:45.2331626Z   pythonLocation: /opt/hostedtoolcache/Python/3.11.14/x64
2026-01-19T04:30:45.2332146Z   PKG_CONFIG_PATH: /opt/hostedtoolcache/Python/3.11.14/x64/lib/pkgconfig
2026-01-19T04:30:45.2332572Z   Python_ROOT_DIR: /opt/hostedtoolcache/Python/3.11.14/x64
2026-01-19T04:30:45.2332966Z   Python2_ROOT_DIR: /opt/hostedtoolcache/Python/3.11.14/x64
2026-01-19T04:30:45.2333387Z   Python3_ROOT_DIR: /opt/hostedtoolcache/Python/3.11.14/x64
2026-01-19T04:30:45.2333984Z   LD_LIBRARY_PATH: /opt/hostedtoolcache/Python/3.11.14/x64/lib
2026-01-19T04:30:45.2334302Z ##[endgroup]
2026-01-19T04:30:45.4514319Z Multiple search paths detected. Calculating the least common ancestor of all paths
2026-01-19T04:30:45.4518768Z The least common ancestor is /home/runner/work/build_qa_automation/build_qa_automation/projects/ci_reqres_api_ui. This will be the root directory of the artifact
2026-01-19T04:30:45.4520375Z With the provided path, there will be 2 files uploaded
2026-01-19T04:30:45.4527850Z Artifact name is valid!
2026-01-19T04:30:45.4529445Z Root directory input is valid!
2026-01-19T04:30:45.5947290Z Beginning upload of artifact content to blob storage
2026-01-19T04:30:45.7568296Z Uploaded bytes 1486
2026-01-19T04:30:45.7982989Z Finished uploading artifact content to blob storage!
2026-01-19T04:30:45.7986013Z SHA256 digest of uploaded artifact zip is 7e52300a767d230ec5f0c783342cd42504588065a171c21f824f4c8190bdeb9e
2026-01-19T04:30:45.7987867Z Finalizing artifact upload
2026-01-19T04:30:45.8980191Z Artifact reqres_api_ui-execution-results.zip successfully finalized. Artifact ID 5172450271
2026-01-19T04:30:45.8981838Z Artifact reqres_api_ui-execution-results has been successfully uploaded! Final size is 1486 bytes. Artifact ID is 5172450271
2026-01-19T04:30:45.8987803Z Artifact download URL: https://github.com/vishvasmca-cmd/build_qa_automation/actions/runs/21124435194/artifacts/5172450271
2026-01-19T04:30:45.9276130Z Post job cleanup.
2026-01-19T04:30:46.0788649Z Cache hit occurred on the primary key setup-python-Linux-x64-24.04-Ubuntu-python-3.11.14-pip-dde08d0e0b672972dcda9f1a063036a2e0c226f5d0a20362e9401931676d80a4, not saving cache.
2026-01-19T04:30:46.1201967Z Post job cleanup.
2026-01-19T04:30:46.2258933Z [command]/usr/bin/git version
2026-01-19T04:30:46.2312570Z git version 2.52.0
2026-01-19T04:30:46.2375878Z Temporarily overriding HOME='/home/runner/work/_temp/289ac7aa-00e2-4ade-b2d5-f11954c57089' before making global git config changes
2026-01-19T04:30:46.2377292Z Adding repository directory to the temporary git global config as a safe directory
2026-01-19T04:30:46.2393161Z [command]/usr/bin/git config --global --add safe.directory /home/runner/work/build_qa_automation/build_qa_automation
2026-01-19T04:30:46.2434469Z [command]/usr/bin/git config --local --name-only --get-regexp core\.sshCommand
2026-01-19T04:30:46.2472999Z [command]/usr/bin/git submodule foreach --recursive sh -c "git config --local --name-only --get-regexp 'core\.sshCommand' && git config --local --unset-all 'core.sshCommand' || :"
2026-01-19T04:30:46.2727918Z [command]/usr/bin/git config --local --name-only --get-regexp http\.https\:\/\/github\.com\/\.extraheader
2026-01-19T04:30:46.2751849Z http.https://github.com/.extraheader
2026-01-19T04:30:46.2767296Z [command]/usr/bin/git config --local --unset-all http.https://github.com/.extraheader
2026-01-19T04:30:46.2802482Z [command]/usr/bin/git submodule foreach --recursive sh -c "git config --local --name-only --get-regexp 'http\.https\:\/\/github\.com\/\.extraheader' && git config --local --unset-all 'http.https://github.com/.extraheader' || :"
2026-01-19T04:30:46.3054533Z [command]/usr/bin/git config --local --name-only --get-regexp ^includeIf\.gitdir:
2026-01-19T04:30:46.3089171Z [command]/usr/bin/git submodule foreach --recursive git config --local --show-origin --name-only --get-regexp remote.origin.url
2026-01-19T04:30:46.3455969Z Cleaning up orphan processes
