2026-01-19T00:03:15.9322851Z Current runner version: '2.331.0'
2026-01-19T00:03:15.9345851Z ##[group]Runner Image Provisioner
2026-01-19T00:03:15.9346851Z Hosted Compute Agent
2026-01-19T00:03:15.9347397Z Version: 20251211.462
2026-01-19T00:03:15.9347915Z Commit: 6cbad8c2bb55d58165063d031ccabf57e2d2db61
2026-01-19T00:03:15.9348591Z Build Date: 2025-12-11T16:28:49Z
2026-01-19T00:03:15.9349148Z Worker ID: {81ba048b-be56-4751-a8a7-2489e9e1299e}
2026-01-19T00:03:15.9349761Z ##[endgroup]
2026-01-19T00:03:15.9350281Z ##[group]Operating System
2026-01-19T00:03:15.9350750Z Ubuntu
2026-01-19T00:03:15.9351158Z 24.04.3
2026-01-19T00:03:15.9351582Z LTS
2026-01-19T00:03:15.9351996Z ##[endgroup]
2026-01-19T00:03:15.9352492Z ##[group]Runner Image
2026-01-19T00:03:15.9353018Z Image: ubuntu-24.04
2026-01-19T00:03:15.9353479Z Version: 20260111.209.1
2026-01-19T00:03:15.9354671Z Included Software: https://github.com/actions/runner-images/blob/ubuntu24/20260111.209/images/ubuntu/Ubuntu2404-Readme.md
2026-01-19T00:03:15.9356107Z Image Release: https://github.com/actions/runner-images/releases/tag/ubuntu24%2F20260111.209
2026-01-19T00:03:15.9356966Z ##[endgroup]
2026-01-19T00:03:15.9357968Z ##[group]GITHUB_TOKEN Permissions
2026-01-19T00:03:15.9360164Z Contents: read
2026-01-19T00:03:15.9360704Z Metadata: read
2026-01-19T00:03:15.9361153Z Packages: read
2026-01-19T00:03:15.9361589Z ##[endgroup]
2026-01-19T00:03:15.9363584Z Secret source: Actions
2026-01-19T00:03:15.9364373Z Prepare workflow directory
2026-01-19T00:03:16.0612375Z Prepare all required actions
2026-01-19T00:03:16.0668629Z Getting action download info
2026-01-19T00:03:16.3755985Z Download action repository 'actions/checkout@v4' (SHA:34e114876b0b11c390a56381ad16ebd13914f8d5)
2026-01-19T00:03:16.4710200Z Download action repository 'actions/setup-python@v5' (SHA:a26af69be951a213d495a4c3e4e4022e16d87065)
2026-01-19T00:03:16.5349503Z Download action repository 'actions/upload-artifact@v4' (SHA:ea165f8d65b6e75b540449e92b4886f43607fa02)
2026-01-19T00:03:16.8348855Z Complete job name: test-websites-deep (jquery_ui_demos, https://jqueryui.com/demos/, Test jQuery UI components)
2026-01-19T00:03:17.0510545Z ##[group]Run actions/checkout@v4
2026-01-19T00:03:17.0511410Z with:
2026-01-19T00:03:17.0511903Z   repository: vishvasmca-cmd/build_qa_automation
2026-01-19T00:03:17.0512755Z   token: ***
2026-01-19T00:03:17.0513161Z   ssh-strict: true
2026-01-19T00:03:17.0513590Z   ssh-user: git
2026-01-19T00:03:17.0514166Z   persist-credentials: true
2026-01-19T00:03:17.0514652Z   clean: true
2026-01-19T00:03:17.0515092Z   sparse-checkout-cone-mode: true
2026-01-19T00:03:17.0515601Z   fetch-depth: 1
2026-01-19T00:03:17.0516037Z   fetch-tags: false
2026-01-19T00:03:17.0516470Z   show-progress: true
2026-01-19T00:03:17.0516903Z   lfs: false
2026-01-19T00:03:17.0517304Z   submodules: false
2026-01-19T00:03:17.0517734Z   set-safe-directory: true
2026-01-19T00:03:17.0518443Z ##[endgroup]
2026-01-19T00:03:17.1578176Z Syncing repository: vishvasmca-cmd/build_qa_automation
2026-01-19T00:03:17.1580071Z ##[group]Getting Git version info
2026-01-19T00:03:17.1580989Z Working directory is '/home/runner/work/build_qa_automation/build_qa_automation'
2026-01-19T00:03:17.1582106Z [command]/usr/bin/git version
2026-01-19T00:03:17.1621874Z git version 2.52.0
2026-01-19T00:03:17.1644259Z ##[endgroup]
2026-01-19T00:03:17.1657233Z Temporarily overriding HOME='/home/runner/work/_temp/c1be37a2-a0d3-4e80-a35f-e1474897d26a' before making global git config changes
2026-01-19T00:03:17.1658603Z Adding repository directory to the temporary git global config as a safe directory
2026-01-19T00:03:17.1670049Z [command]/usr/bin/git config --global --add safe.directory /home/runner/work/build_qa_automation/build_qa_automation
2026-01-19T00:03:17.1700996Z Deleting the contents of '/home/runner/work/build_qa_automation/build_qa_automation'
2026-01-19T00:03:17.1703438Z ##[group]Initializing the repository
2026-01-19T00:03:17.1707688Z [command]/usr/bin/git init /home/runner/work/build_qa_automation/build_qa_automation
2026-01-19T00:03:17.1775173Z hint: Using 'master' as the name for the initial branch. This default branch name
2026-01-19T00:03:17.1777530Z hint: will change to "main" in Git 3.0. To configure the initial branch name
2026-01-19T00:03:17.1779547Z hint: to use in all of your new repositories, which will suppress this warning,
2026-01-19T00:03:17.1781154Z hint: call:
2026-01-19T00:03:17.1781982Z hint:
2026-01-19T00:03:17.1783318Z hint: 	git config --global init.defaultBranch <name>
2026-01-19T00:03:17.1784811Z hint:
2026-01-19T00:03:17.1786012Z hint: Names commonly chosen instead of 'master' are 'main', 'trunk' and
2026-01-19T00:03:17.1787893Z hint: 'development'. The just-created branch can be renamed via this command:
2026-01-19T00:03:17.1789503Z hint:
2026-01-19T00:03:17.1790429Z hint: 	git branch -m <name>
2026-01-19T00:03:17.1791464Z hint:
2026-01-19T00:03:17.1792663Z hint: Disable this message with "git config set advice.defaultBranchName false"
2026-01-19T00:03:17.1795055Z Initialized empty Git repository in /home/runner/work/build_qa_automation/build_qa_automation/.git/
2026-01-19T00:03:17.1797530Z [command]/usr/bin/git remote add origin https://github.com/vishvasmca-cmd/build_qa_automation
2026-01-19T00:03:17.1819642Z ##[endgroup]
2026-01-19T00:03:17.1821232Z ##[group]Disabling automatic garbage collection
2026-01-19T00:03:17.1823807Z [command]/usr/bin/git config --local gc.auto 0
2026-01-19T00:03:17.1847871Z ##[endgroup]
2026-01-19T00:03:17.1849352Z ##[group]Setting up auth
2026-01-19T00:03:17.1855193Z [command]/usr/bin/git config --local --name-only --get-regexp core\.sshCommand
2026-01-19T00:03:17.1881027Z [command]/usr/bin/git submodule foreach --recursive sh -c "git config --local --name-only --get-regexp 'core\.sshCommand' && git config --local --unset-all 'core.sshCommand' || :"
2026-01-19T00:03:17.2134625Z [command]/usr/bin/git config --local --name-only --get-regexp http\.https\:\/\/github\.com\/\.extraheader
2026-01-19T00:03:17.2160282Z [command]/usr/bin/git submodule foreach --recursive sh -c "git config --local --name-only --get-regexp 'http\.https\:\/\/github\.com\/\.extraheader' && git config --local --unset-all 'http.https://github.com/.extraheader' || :"
2026-01-19T00:03:17.2335550Z [command]/usr/bin/git config --local --name-only --get-regexp ^includeIf\.gitdir:
2026-01-19T00:03:17.2362402Z [command]/usr/bin/git submodule foreach --recursive git config --local --show-origin --name-only --get-regexp remote.origin.url
2026-01-19T00:03:17.2538156Z [command]/usr/bin/git config --local http.https://github.com/.extraheader AUTHORIZATION: basic ***
2026-01-19T00:03:17.2565680Z ##[endgroup]
2026-01-19T00:03:17.2567366Z ##[group]Fetching the repository
2026-01-19T00:03:17.2575869Z [command]/usr/bin/git -c protocol.version=2 fetch --no-tags --prune --no-recurse-submodules --depth=1 origin +10179ac5c7473147e4be3845796c28603a0fa5da:refs/remotes/origin/main
2026-01-19T00:03:18.0572391Z From https://github.com/vishvasmca-cmd/build_qa_automation
2026-01-19T00:03:18.0575002Z  * [new ref]         10179ac5c7473147e4be3845796c28603a0fa5da -> origin/main
2026-01-19T00:03:18.0598478Z ##[endgroup]
2026-01-19T00:03:18.0600021Z ##[group]Determining the checkout info
2026-01-19T00:03:18.0601529Z ##[endgroup]
2026-01-19T00:03:18.0604157Z [command]/usr/bin/git sparse-checkout disable
2026-01-19T00:03:18.0637758Z [command]/usr/bin/git config --local --unset-all extensions.worktreeConfig
2026-01-19T00:03:18.0659844Z ##[group]Checking out the ref
2026-01-19T00:03:18.0661826Z [command]/usr/bin/git checkout --progress --force -B main refs/remotes/origin/main
2026-01-19T00:03:18.1717890Z Switched to a new branch 'main'
2026-01-19T00:03:18.1719916Z branch 'main' set up to track 'origin/main'.
2026-01-19T00:03:18.1730837Z ##[endgroup]
2026-01-19T00:03:18.1760197Z [command]/usr/bin/git log -1 --format=%H
2026-01-19T00:03:18.1779100Z 10179ac5c7473147e4be3845796c28603a0fa5da
2026-01-19T00:03:18.3150036Z ##[group]Run actions/setup-python@v5
2026-01-19T00:03:18.3151126Z with:
2026-01-19T00:03:18.3151872Z   python-version: 3.11
2026-01-19T00:03:18.3152715Z   cache: pip
2026-01-19T00:03:18.3153699Z   check-latest: false
2026-01-19T00:03:18.3155246Z   token: ***
2026-01-19T00:03:18.3156011Z   update-environment: true
2026-01-19T00:03:18.3156912Z   allow-prereleases: false
2026-01-19T00:03:18.3157797Z   freethreaded: false
2026-01-19T00:03:18.3158578Z ##[endgroup]
2026-01-19T00:03:18.4719318Z ##[group]Installed versions
2026-01-19T00:03:18.4806221Z Successfully set up CPython (3.11.14)
2026-01-19T00:03:18.4808848Z ##[endgroup]
2026-01-19T00:03:18.5566313Z [command]/opt/hostedtoolcache/Python/3.11.14/x64/bin/pip cache dir
2026-01-19T00:03:19.8197023Z /home/runner/.cache/pip
2026-01-19T00:03:19.9496177Z Cache hit for: setup-python-Linux-x64-24.04-Ubuntu-python-3.11.14-pip-dde08d0e0b672972dcda9f1a063036a2e0c226f5d0a20362e9401931676d80a4
2026-01-19T00:03:21.0499062Z Received 184549376 of 254742636 (72.4%), 174.8 MBs/sec
2026-01-19T00:03:21.3167833Z Received 254742636 of 254742636 (100.0%), 190.7 MBs/sec
2026-01-19T00:03:21.3168473Z Cache Size: ~243 MB (254742636 B)
2026-01-19T00:03:21.3204141Z [command]/usr/bin/tar -xf /home/runner/work/_temp/89712bc3-4673-4d62-9279-effd5522951b/cache.tzst -P -C /home/runner/work/build_qa_automation/build_qa_automation --use-compress-program unzstd
2026-01-19T00:03:21.5599875Z Cache restored successfully
2026-01-19T00:03:21.5888712Z Cache restored from key: setup-python-Linux-x64-24.04-Ubuntu-python-3.11.14-pip-dde08d0e0b672972dcda9f1a063036a2e0c226f5d0a20362e9401931676d80a4
2026-01-19T00:03:21.6218271Z ##[group]Run pip install -r requirements.txt
2026-01-19T00:03:21.6218742Z [36;1mpip install -r requirements.txt[0m
2026-01-19T00:03:21.6219068Z [36;1mplaywright install chromium[0m
2026-01-19T00:03:21.6245166Z shell: /usr/bin/bash -e {0}
2026-01-19T00:03:21.6245417Z env:
2026-01-19T00:03:21.6245691Z   pythonLocation: /opt/hostedtoolcache/Python/3.11.14/x64
2026-01-19T00:03:21.6246113Z   PKG_CONFIG_PATH: /opt/hostedtoolcache/Python/3.11.14/x64/lib/pkgconfig
2026-01-19T00:03:21.6246536Z   Python_ROOT_DIR: /opt/hostedtoolcache/Python/3.11.14/x64
2026-01-19T00:03:21.6246913Z   Python2_ROOT_DIR: /opt/hostedtoolcache/Python/3.11.14/x64
2026-01-19T00:03:21.6247262Z   Python3_ROOT_DIR: /opt/hostedtoolcache/Python/3.11.14/x64
2026-01-19T00:03:21.6247624Z   LD_LIBRARY_PATH: /opt/hostedtoolcache/Python/3.11.14/x64/lib
2026-01-19T00:03:21.6247931Z ##[endgroup]
2026-01-19T00:03:22.5347193Z Collecting playwright (from -r requirements.txt (line 1))
2026-01-19T00:03:22.5364519Z   Using cached playwright-1.57.0-py3-none-manylinux1_x86_64.whl.metadata (3.5 kB)
2026-01-19T00:03:22.5511593Z Collecting python-dotenv (from -r requirements.txt (line 2))
2026-01-19T00:03:22.5526935Z   Using cached python_dotenv-1.2.1-py3-none-any.whl.metadata (25 kB)
2026-01-19T00:03:22.5798367Z Collecting requests (from -r requirements.txt (line 3))
2026-01-19T00:03:22.5813469Z   Using cached requests-2.32.5-py3-none-any.whl.metadata (4.9 kB)
2026-01-19T00:03:22.7284931Z Collecting pillow (from -r requirements.txt (line 4))
2026-01-19T00:03:22.7298971Z   Using cached pillow-12.1.0-cp311-cp311-manylinux_2_27_x86_64.manylinux_2_28_x86_64.whl.metadata (8.8 kB)
2026-01-19T00:03:22.7526193Z Collecting google-genai>=0.3.0 (from -r requirements.txt (line 5))
2026-01-19T00:03:22.7547293Z   Using cached google_genai-1.59.0-py3-none-any.whl.metadata (53 kB)
2026-01-19T00:03:22.7724556Z Collecting termcolor (from -r requirements.txt (line 6))
2026-01-19T00:03:22.7736792Z   Using cached termcolor-3.3.0-py3-none-any.whl.metadata (6.5 kB)
2026-01-19T00:03:22.8036623Z Collecting PyYAML (from -r requirements.txt (line 7))
2026-01-19T00:03:22.8049180Z   Using cached pyyaml-6.0.3-cp311-cp311-manylinux2014_x86_64.manylinux_2_17_x86_64.manylinux_2_28_x86_64.whl.metadata (2.4 kB)
2026-01-19T00:03:22.8575274Z Collecting opencv-python-headless (from -r requirements.txt (line 8))
2026-01-19T00:03:22.8587208Z   Using cached opencv_python_headless-4.13.0.90-cp37-abi3-manylinux_2_28_x86_64.whl.metadata (19 kB)
2026-01-19T00:03:23.0280570Z Collecting numpy (from -r requirements.txt (line 9))
2026-01-19T00:03:23.0294923Z   Using cached numpy-2.4.1-cp311-cp311-manylinux_2_27_x86_64.manylinux_2_28_x86_64.whl.metadata (6.6 kB)
2026-01-19T00:03:23.0985596Z Collecting faker (from -r requirements.txt (line 10))
2026-01-19T00:03:23.1000335Z   Using cached faker-40.1.2-py3-none-any.whl.metadata (16 kB)
2026-01-19T00:03:23.1619743Z Collecting pyee<14,>=13 (from playwright->-r requirements.txt (line 1))
2026-01-19T00:03:23.1633409Z   Using cached pyee-13.0.0-py3-none-any.whl.metadata (2.9 kB)
2026-01-19T00:03:23.2644121Z Collecting greenlet<4.0.0,>=3.1.1 (from playwright->-r requirements.txt (line 1))
2026-01-19T00:03:23.2656410Z   Using cached greenlet-3.3.0-cp311-cp311-manylinux_2_24_x86_64.manylinux_2_28_x86_64.whl.metadata (4.1 kB)
2026-01-19T00:03:23.2825550Z Collecting typing-extensions (from pyee<14,>=13->playwright->-r requirements.txt (line 1))
2026-01-19T00:03:23.2837981Z   Using cached typing_extensions-4.15.0-py3-none-any.whl.metadata (3.3 kB)
2026-01-19T00:03:23.3526842Z Collecting charset_normalizer<4,>=2 (from requests->-r requirements.txt (line 3))
2026-01-19T00:03:23.3539112Z   Using cached charset_normalizer-3.4.4-cp311-cp311-manylinux2014_x86_64.manylinux_2_17_x86_64.manylinux_2_28_x86_64.whl.metadata (37 kB)
2026-01-19T00:03:23.3670704Z Collecting idna<4,>=2.5 (from requests->-r requirements.txt (line 3))
2026-01-19T00:03:23.3682617Z   Using cached idna-3.11-py3-none-any.whl.metadata (8.4 kB)
2026-01-19T00:03:23.3909907Z Collecting urllib3<3,>=1.21.1 (from requests->-r requirements.txt (line 3))
2026-01-19T00:03:23.3921817Z   Using cached urllib3-2.6.3-py3-none-any.whl.metadata (6.9 kB)
2026-01-19T00:03:23.4124904Z Collecting certifi>=2017.4.17 (from requests->-r requirements.txt (line 3))
2026-01-19T00:03:23.4135884Z   Using cached certifi-2026.1.4-py3-none-any.whl.metadata (2.5 kB)
2026-01-19T00:03:23.4323748Z Collecting anyio<5.0.0,>=4.8.0 (from google-genai>=0.3.0->-r requirements.txt (line 5))
2026-01-19T00:03:23.4335969Z   Using cached anyio-4.12.1-py3-none-any.whl.metadata (4.3 kB)
2026-01-19T00:03:23.4631756Z Collecting google-auth<3.0.0,>=2.47.0 (from google-auth[requests]<3.0.0,>=2.47.0->google-genai>=0.3.0->-r requirements.txt (line 5))
2026-01-19T00:03:23.4643904Z   Using cached google_auth-2.47.0-py3-none-any.whl.metadata (6.4 kB)
2026-01-19T00:03:23.4840455Z Collecting httpx<1.0.0,>=0.28.1 (from google-genai>=0.3.0->-r requirements.txt (line 5))
2026-01-19T00:03:23.4852327Z   Using cached httpx-0.28.1-py3-none-any.whl.metadata (7.1 kB)
2026-01-19T00:03:23.6088313Z Collecting pydantic<3.0.0,>=2.9.0 (from google-genai>=0.3.0->-r requirements.txt (line 5))
2026-01-19T00:03:23.6102909Z   Using cached pydantic-2.12.5-py3-none-any.whl.metadata (90 kB)
2026-01-19T00:03:23.6316445Z Collecting tenacity<9.2.0,>=8.2.3 (from google-genai>=0.3.0->-r requirements.txt (line 5))
2026-01-19T00:03:23.6329537Z   Using cached tenacity-9.1.2-py3-none-any.whl.metadata (1.2 kB)
2026-01-19T00:03:23.7098782Z Collecting websockets<15.1.0,>=13.0.0 (from google-genai>=0.3.0->-r requirements.txt (line 5))
2026-01-19T00:03:23.7113500Z   Using cached websockets-15.0.1-cp311-cp311-manylinux_2_5_x86_64.manylinux1_x86_64.manylinux_2_17_x86_64.manylinux2014_x86_64.whl.metadata (6.8 kB)
2026-01-19T00:03:23.7253681Z Collecting distro<2,>=1.7.0 (from google-genai>=0.3.0->-r requirements.txt (line 5))
2026-01-19T00:03:23.7267005Z   Using cached distro-1.9.0-py3-none-any.whl.metadata (6.8 kB)
2026-01-19T00:03:23.7356209Z Collecting sniffio (from google-genai>=0.3.0->-r requirements.txt (line 5))
2026-01-19T00:03:23.7369028Z   Using cached sniffio-1.3.1-py3-none-any.whl.metadata (3.9 kB)
2026-01-19T00:03:23.7667337Z Collecting pyasn1-modules>=0.2.1 (from google-auth<3.0.0,>=2.47.0->google-auth[requests]<3.0.0,>=2.47.0->google-genai>=0.3.0->-r requirements.txt (line 5))
2026-01-19T00:03:23.7680981Z   Using cached pyasn1_modules-0.4.2-py3-none-any.whl.metadata (3.5 kB)
2026-01-19T00:03:23.7808034Z Collecting rsa<5,>=3.1.4 (from google-auth<3.0.0,>=2.47.0->google-auth[requests]<3.0.0,>=2.47.0->google-genai>=0.3.0->-r requirements.txt (line 5))
2026-01-19T00:03:23.7821290Z   Using cached rsa-4.9.1-py3-none-any.whl.metadata (5.6 kB)
2026-01-19T00:03:23.8050060Z Collecting httpcore==1.* (from httpx<1.0.0,>=0.28.1->google-genai>=0.3.0->-r requirements.txt (line 5))
2026-01-19T00:03:23.8063078Z   Using cached httpcore-1.0.9-py3-none-any.whl.metadata (21 kB)
2026-01-19T00:03:23.8188186Z Collecting h11>=0.16 (from httpcore==1.*->httpx<1.0.0,>=0.28.1->google-genai>=0.3.0->-r requirements.txt (line 5))
2026-01-19T00:03:23.8200982Z   Using cached h11-0.16.0-py3-none-any.whl.metadata (8.3 kB)
2026-01-19T00:03:23.8327917Z Collecting annotated-types>=0.6.0 (from pydantic<3.0.0,>=2.9.0->google-genai>=0.3.0->-r requirements.txt (line 5))
2026-01-19T00:03:23.8340771Z   Using cached annotated_types-0.7.0-py3-none-any.whl.metadata (15 kB)
2026-01-19T00:03:24.3982454Z Collecting pydantic-core==2.41.5 (from pydantic<3.0.0,>=2.9.0->google-genai>=0.3.0->-r requirements.txt (line 5))
2026-01-19T00:03:24.3996083Z   Using cached pydantic_core-2.41.5-cp311-cp311-manylinux_2_17_x86_64.manylinux2014_x86_64.whl.metadata (7.3 kB)
2026-01-19T00:03:24.4101368Z Collecting typing-inspection>=0.4.2 (from pydantic<3.0.0,>=2.9.0->google-genai>=0.3.0->-r requirements.txt (line 5))
2026-01-19T00:03:24.4114443Z   Using cached typing_inspection-0.4.2-py3-none-any.whl.metadata (2.6 kB)
2026-01-19T00:03:24.4741795Z Collecting pyasn1>=0.1.3 (from rsa<5,>=3.1.4->google-auth<3.0.0,>=2.47.0->google-auth[requests]<3.0.0,>=2.47.0->google-genai>=0.3.0->-r requirements.txt (line 5))
2026-01-19T00:03:24.4755407Z   Using cached pyasn1-0.6.2-py3-none-any.whl.metadata (8.4 kB)
2026-01-19T00:03:24.5005591Z Using cached playwright-1.57.0-py3-none-manylinux1_x86_64.whl (46.0 MB)
2026-01-19T00:03:24.5244737Z Using cached greenlet-3.3.0-cp311-cp311-manylinux_2_24_x86_64.manylinux_2_28_x86_64.whl (590 kB)
2026-01-19T00:03:24.5260717Z Using cached pyee-13.0.0-py3-none-any.whl (15 kB)
2026-01-19T00:03:24.5273081Z Using cached python_dotenv-1.2.1-py3-none-any.whl (21 kB)
2026-01-19T00:03:24.5285770Z Using cached requests-2.32.5-py3-none-any.whl (64 kB)
2026-01-19T00:03:24.5298733Z Using cached charset_normalizer-3.4.4-cp311-cp311-manylinux2014_x86_64.manylinux_2_17_x86_64.manylinux_2_28_x86_64.whl (151 kB)
2026-01-19T00:03:24.5311395Z Using cached idna-3.11-py3-none-any.whl (71 kB)
2026-01-19T00:03:24.5324237Z Using cached urllib3-2.6.3-py3-none-any.whl (131 kB)
2026-01-19T00:03:24.5337680Z Using cached pillow-12.1.0-cp311-cp311-manylinux_2_27_x86_64.manylinux_2_28_x86_64.whl (7.0 MB)
2026-01-19T00:03:24.5385364Z Using cached google_genai-1.59.0-py3-none-any.whl (719 kB)
2026-01-19T00:03:24.5400819Z Using cached anyio-4.12.1-py3-none-any.whl (113 kB)
2026-01-19T00:03:24.5413592Z Using cached distro-1.9.0-py3-none-any.whl (20 kB)
2026-01-19T00:03:24.5425956Z Using cached google_auth-2.47.0-py3-none-any.whl (234 kB)
2026-01-19T00:03:24.5439223Z Using cached httpx-0.28.1-py3-none-any.whl (73 kB)
2026-01-19T00:03:24.5451848Z Using cached httpcore-1.0.9-py3-none-any.whl (78 kB)
2026-01-19T00:03:24.5464636Z Using cached pydantic-2.12.5-py3-none-any.whl (463 kB)
2026-01-19T00:03:24.5479315Z Using cached pydantic_core-2.41.5-cp311-cp311-manylinux_2_17_x86_64.manylinux2014_x86_64.whl (2.1 MB)
2026-01-19T00:03:24.5502087Z Using cached rsa-4.9.1-py3-none-any.whl (34 kB)
2026-01-19T00:03:24.5514172Z Using cached tenacity-9.1.2-py3-none-any.whl (28 kB)
2026-01-19T00:03:24.5526654Z Using cached typing_extensions-4.15.0-py3-none-any.whl (44 kB)
2026-01-19T00:03:24.5541284Z Using cached websockets-15.0.1-cp311-cp311-manylinux_2_5_x86_64.manylinux1_x86_64.manylinux_2_17_x86_64.manylinux2014_x86_64.whl (182 kB)
2026-01-19T00:03:24.5554178Z Using cached termcolor-3.3.0-py3-none-any.whl (7.7 kB)
2026-01-19T00:03:24.5566963Z Using cached pyyaml-6.0.3-cp311-cp311-manylinux2014_x86_64.manylinux_2_17_x86_64.manylinux_2_28_x86_64.whl (806 kB)
2026-01-19T00:03:24.5583786Z Using cached opencv_python_headless-4.13.0.90-cp37-abi3-manylinux_2_28_x86_64.whl (62.5 MB)
2026-01-19T00:03:24.5901628Z Using cached numpy-2.4.1-cp311-cp311-manylinux_2_27_x86_64.manylinux_2_28_x86_64.whl (16.7 MB)
2026-01-19T00:03:24.5997311Z Using cached faker-40.1.2-py3-none-any.whl (2.0 MB)
2026-01-19T00:03:24.6020018Z Using cached annotated_types-0.7.0-py3-none-any.whl (13 kB)
2026-01-19T00:03:24.6032314Z Using cached certifi-2026.1.4-py3-none-any.whl (152 kB)
2026-01-19T00:03:24.6045298Z Using cached h11-0.16.0-py3-none-any.whl (37 kB)
2026-01-19T00:03:24.6057613Z Using cached pyasn1-0.6.2-py3-none-any.whl (83 kB)
2026-01-19T00:03:24.6070046Z Using cached pyasn1_modules-0.4.2-py3-none-any.whl (181 kB)
2026-01-19T00:03:24.6083166Z Using cached typing_inspection-0.4.2-py3-none-any.whl (14 kB)
2026-01-19T00:03:24.6095554Z Using cached sniffio-1.3.1-py3-none-any.whl (10 kB)
2026-01-19T00:03:24.8370127Z Installing collected packages: websockets, urllib3, typing-extensions, termcolor, tenacity, sniffio, PyYAML, python-dotenv, pyasn1, pillow, numpy, idna, h11, greenlet, faker, distro, charset_normalizer, certifi, annotated-types, typing-inspection, rsa, requests, pyee, pydantic-core, pyasn1-modules, opencv-python-headless, httpcore, anyio, pydantic, playwright, httpx, google-auth, google-genai
2026-01-19T00:03:30.7426684Z 
2026-01-19T00:03:30.7448250Z Successfully installed PyYAML-6.0.3 annotated-types-0.7.0 anyio-4.12.1 certifi-2026.1.4 charset_normalizer-3.4.4 distro-1.9.0 faker-40.1.2 google-auth-2.47.0 google-genai-1.59.0 greenlet-3.3.0 h11-0.16.0 httpcore-1.0.9 httpx-0.28.1 idna-3.11 numpy-2.4.1 opencv-python-headless-4.13.0.90 pillow-12.1.0 playwright-1.57.0 pyasn1-0.6.2 pyasn1-modules-0.4.2 pydantic-2.12.5 pydantic-core-2.41.5 pyee-13.0.0 python-dotenv-1.2.1 requests-2.32.5 rsa-4.9.1 sniffio-1.3.1 tenacity-9.1.2 termcolor-3.3.0 typing-extensions-4.15.0 typing-inspection-0.4.2 urllib3-2.6.3 websockets-15.0.1
2026-01-19T00:03:31.3377476Z Downloading Chromium 143.0.7499.4 (playwright build v1200) from https://cdn.playwright.dev/dbazure/download/playwright/builds/chromium/1200/chromium-linux.zip
2026-01-19T00:03:31.4290795Z (node:2196) [DEP0169] DeprecationWarning: `url.parse()` behavior is not standardized and prone to errors that have security implications. Use the WHATWG URL API instead. CVEs are not issued for `url.parse()` vulnerabilities.
2026-01-19T00:03:31.4292636Z (Use `node --trace-deprecation ...` to show where the warning was created)
2026-01-19T00:03:31.5085845Z |                                                                                |   0% of 164.7 MiB
2026-01-19T00:03:31.6331257Z |■■■■■■■■                                                                        |  10% of 164.7 MiB
2026-01-19T00:03:31.7128498Z |■■■■■■■■■■■■■■■■                                                                |  20% of 164.7 MiB
2026-01-19T00:03:31.7901407Z |■■■■■■■■■■■■■■■■■■■■■■■■                                                        |  30% of 164.7 MiB
2026-01-19T00:03:31.8603737Z |■■■■■■■■■■■■■■■■■■■■■■■■■■■■■■■■                                                |  40% of 164.7 MiB
2026-01-19T00:03:31.9371498Z |■■■■■■■■■■■■■■■■■■■■■■■■■■■■■■■■■■■■■■■■                                        |  50% of 164.7 MiB
2026-01-19T00:03:32.0085149Z |■■■■■■■■■■■■■■■■■■■■■■■■■■■■■■■■■■■■■■■■■■■■■■■■                                |  60% of 164.7 MiB
2026-01-19T00:03:32.0832315Z |■■■■■■■■■■■■■■■■■■■■■■■■■■■■■■■■■■■■■■■■■■■■■■■■■■■■■■■■                        |  70% of 164.7 MiB
2026-01-19T00:03:32.1649194Z |■■■■■■■■■■■■■■■■■■■■■■■■■■■■■■■■■■■■■■■■■■■■■■■■■■■■■■■■■■■■■■■■                |  80% of 164.7 MiB
2026-01-19T00:03:32.2437018Z |■■■■■■■■■■■■■■■■■■■■■■■■■■■■■■■■■■■■■■■■■■■■■■■■■■■■■■■■■■■■■■■■■■■■■■■■        |  90% of 164.7 MiB
2026-01-19T00:03:32.3196551Z |■■■■■■■■■■■■■■■■■■■■■■■■■■■■■■■■■■■■■■■■■■■■■■■■■■■■■■■■■■■■■■■■■■■■■■■■■■■■■■■■| 100% of 164.7 MiB
2026-01-19T00:03:34.6487179Z Chromium 143.0.7499.4 (playwright build v1200) downloaded to /home/runner/.cache/ms-playwright/chromium-1200
2026-01-19T00:03:34.6490905Z Downloading FFMPEG playwright build v1011 from https://cdn.playwright.dev/dbazure/download/playwright/builds/ffmpeg/1011/ffmpeg-linux.zip
2026-01-19T00:03:34.7406247Z (node:2207) [DEP0169] DeprecationWarning: `url.parse()` behavior is not standardized and prone to errors that have security implications. Use the WHATWG URL API instead. CVEs are not issued for `url.parse()` vulnerabilities.
2026-01-19T00:03:34.7407556Z (Use `node --trace-deprecation ...` to show where the warning was created)
2026-01-19T00:03:34.7955269Z |                                                                                |   0% of 2.3 MiB
2026-01-19T00:03:34.7993240Z |■■■■■■■■                                                                        |  10% of 2.3 MiB
2026-01-19T00:03:34.8011702Z |■■■■■■■■■■■■■■■■                                                                |  20% of 2.3 MiB
2026-01-19T00:03:34.8034110Z |■■■■■■■■■■■■■■■■■■■■■■■■                                                        |  30% of 2.3 MiB
2026-01-19T00:03:34.8052051Z |■■■■■■■■■■■■■■■■■■■■■■■■■■■■■■■■                                                |  40% of 2.3 MiB
2026-01-19T00:03:34.8072026Z |■■■■■■■■■■■■■■■■■■■■■■■■■■■■■■■■■■■■■■■■                                        |  50% of 2.3 MiB
2026-01-19T00:03:34.8082314Z |■■■■■■■■■■■■■■■■■■■■■■■■■■■■■■■■■■■■■■■■■■■■■■■■                                |  60% of 2.3 MiB
2026-01-19T00:03:34.8091119Z |■■■■■■■■■■■■■■■■■■■■■■■■■■■■■■■■■■■■■■■■■■■■■■■■■■■■■■■■                        |  70% of 2.3 MiB
2026-01-19T00:03:34.8101984Z |■■■■■■■■■■■■■■■■■■■■■■■■■■■■■■■■■■■■■■■■■■■■■■■■■■■■■■■■■■■■■■■■                |  80% of 2.3 MiB
2026-01-19T00:03:34.8117073Z |■■■■■■■■■■■■■■■■■■■■■■■■■■■■■■■■■■■■■■■■■■■■■■■■■■■■■■■■■■■■■■■■■■■■■■■■        |  90% of 2.3 MiB
2026-01-19T00:03:34.8123115Z |■■■■■■■■■■■■■■■■■■■■■■■■■■■■■■■■■■■■■■■■■■■■■■■■■■■■■■■■■■■■■■■■■■■■■■■■■■■■■■■■| 100% of 2.3 MiB
2026-01-19T00:03:34.8601942Z FFMPEG playwright build v1011 downloaded to /home/runner/.cache/ms-playwright/ffmpeg-1011
2026-01-19T00:03:34.8605828Z Downloading Chromium Headless Shell 143.0.7499.4 (playwright build v1200) from https://cdn.playwright.dev/dbazure/download/playwright/builds/chromium/1200/chromium-headless-shell-linux.zip
2026-01-19T00:03:34.9505494Z (node:2218) [DEP0169] DeprecationWarning: `url.parse()` behavior is not standardized and prone to errors that have security implications. Use the WHATWG URL API instead. CVEs are not issued for `url.parse()` vulnerabilities.
2026-01-19T00:03:34.9506495Z (Use `node --trace-deprecation ...` to show where the warning was created)
2026-01-19T00:03:35.0415773Z |                                                                                |   0% of 109.7 MiB
2026-01-19T00:03:35.1840073Z |■■■■■■■■                                                                        |  10% of 109.7 MiB
2026-01-19T00:03:35.2762276Z |■■■■■■■■■■■■■■■■                                                                |  20% of 109.7 MiB
2026-01-19T00:03:35.3775228Z |■■■■■■■■■■■■■■■■■■■■■■■■                                                        |  30% of 109.7 MiB
2026-01-19T00:03:35.4663074Z |■■■■■■■■■■■■■■■■■■■■■■■■■■■■■■■■                                                |  40% of 109.7 MiB
2026-01-19T00:03:35.5677133Z |■■■■■■■■■■■■■■■■■■■■■■■■■■■■■■■■■■■■■■■■                                        |  50% of 109.7 MiB
2026-01-19T00:03:35.6715731Z |■■■■■■■■■■■■■■■■■■■■■■■■■■■■■■■■■■■■■■■■■■■■■■■■                                |  60% of 109.7 MiB
2026-01-19T00:03:35.7703604Z |■■■■■■■■■■■■■■■■■■■■■■■■■■■■■■■■■■■■■■■■■■■■■■■■■■■■■■■■                        |  70% of 109.7 MiB
2026-01-19T00:03:35.8768239Z |■■■■■■■■■■■■■■■■■■■■■■■■■■■■■■■■■■■■■■■■■■■■■■■■■■■■■■■■■■■■■■■■                |  80% of 109.7 MiB
2026-01-19T00:03:35.9789750Z |■■■■■■■■■■■■■■■■■■■■■■■■■■■■■■■■■■■■■■■■■■■■■■■■■■■■■■■■■■■■■■■■■■■■■■■■        |  90% of 109.7 MiB
2026-01-19T00:03:36.0795581Z |■■■■■■■■■■■■■■■■■■■■■■■■■■■■■■■■■■■■■■■■■■■■■■■■■■■■■■■■■■■■■■■■■■■■■■■■■■■■■■■■| 100% of 109.7 MiB
2026-01-19T00:03:37.7874559Z Chromium Headless Shell 143.0.7499.4 (playwright build v1200) downloaded to /home/runner/.cache/ms-playwright/chromium_headless_shell-1200
2026-01-19T00:03:37.8132840Z ##[group]Run mkdir -p projects/ci_jquery_ui_demos
2026-01-19T00:03:37.8133229Z [36;1mmkdir -p projects/ci_jquery_ui_demos[0m
2026-01-19T00:03:37.8133615Z [36;1mcat > projects/ci_jquery_ui_demos/config.json << 'EOF'[0m
2026-01-19T00:03:37.8133922Z [36;1m{[0m
2026-01-19T00:03:37.8134373Z [36;1m  "project_name": "ci_jquery_ui_demos",[0m
2026-01-19T00:03:37.8134709Z [36;1m  "target_url": "https://jqueryui.com/demos/",[0m
2026-01-19T00:03:37.8135035Z [36;1m  "goal": "Test jQuery UI components",[0m
2026-01-19T00:03:37.8135301Z [36;1m  "headless": true[0m
2026-01-19T00:03:37.8135504Z [36;1m}[0m
2026-01-19T00:03:37.8135672Z [36;1mEOF[0m
2026-01-19T00:03:37.8154773Z shell: /usr/bin/bash -e {0}
2026-01-19T00:03:37.8155016Z env:
2026-01-19T00:03:37.8155270Z   pythonLocation: /opt/hostedtoolcache/Python/3.11.14/x64
2026-01-19T00:03:37.8155679Z   PKG_CONFIG_PATH: /opt/hostedtoolcache/Python/3.11.14/x64/lib/pkgconfig
2026-01-19T00:03:37.8156117Z   Python_ROOT_DIR: /opt/hostedtoolcache/Python/3.11.14/x64
2026-01-19T00:03:37.8156472Z   Python2_ROOT_DIR: /opt/hostedtoolcache/Python/3.11.14/x64
2026-01-19T00:03:37.8156829Z   Python3_ROOT_DIR: /opt/hostedtoolcache/Python/3.11.14/x64
2026-01-19T00:03:37.8157188Z   LD_LIBRARY_PATH: /opt/hostedtoolcache/Python/3.11.14/x64/lib
2026-01-19T00:03:37.8157490Z ##[endgroup]
2026-01-19T00:03:37.8299129Z ##[group]Run # Use --deep for comprehensive regression suite
2026-01-19T00:03:37.8299568Z [36;1m# Use --deep for comprehensive regression suite[0m
2026-01-19T00:03:37.8299989Z [36;1mpython orchestrator.py --project projects/ci_jquery_ui_demos --deep --force[0m
2026-01-19T00:03:37.8318928Z shell: /usr/bin/bash -e {0}
2026-01-19T00:03:37.8319171Z env:
2026-01-19T00:03:37.8319419Z   pythonLocation: /opt/hostedtoolcache/Python/3.11.14/x64
2026-01-19T00:03:37.8319824Z   PKG_CONFIG_PATH: /opt/hostedtoolcache/Python/3.11.14/x64/lib/pkgconfig
2026-01-19T00:03:37.8320218Z   Python_ROOT_DIR: /opt/hostedtoolcache/Python/3.11.14/x64
2026-01-19T00:03:37.8320571Z   Python2_ROOT_DIR: /opt/hostedtoolcache/Python/3.11.14/x64
2026-01-19T00:03:37.8320911Z   Python3_ROOT_DIR: /opt/hostedtoolcache/Python/3.11.14/x64
2026-01-19T00:03:37.8321415Z   LD_LIBRARY_PATH: /opt/hostedtoolcache/Python/3.11.14/x64/lib
2026-01-19T00:03:37.8322098Z   GOOGLE_API_KEY: ***
2026-01-19T00:03:37.8322361Z   PYTHONPATH: .
2026-01-19T00:03:37.8322547Z ##[endgroup]
2026-01-19T00:03:39.4134886Z 🚀 [DEEP] Extensive mapping enabled (Depth: 3, Pages: 50)
2026-01-19T00:03:39.4135333Z 
2026-01-19T00:03:39.4135878Z 🗺️ [DISCOVERY] Starting Parallel Semantic Crawl on https://jqueryui.com/demos/ (Workers: 3)
2026-01-19T00:03:40.7161748Z   🔍 [Worker 0] Visiting (0): https://jqueryui.com/demos/
2026-01-19T00:03:42.1357489Z [DEBUG] Sending request to gemini-2.0-flash. Number of parts: 1
2026-01-19T00:03:42.1357920Z [DEBUG] Received response (Length: 346)
2026-01-19T00:03:42.1358509Z   🔍 [Worker 1] Visiting (1): https://jqueryui.com/switchClass
2026-01-19T00:03:42.1372599Z   🔍 [Worker 2] Visiting (1): https://blog.jqueryui.com
2026-01-19T00:03:42.1383888Z   🔍 [Worker 0] Visiting (1): https://jqueryui.com/animate
2026-01-19T00:03:46.9633608Z [DEBUG] Sending request to gemini-2.0-flash. Number of parts: 1
2026-01-19T00:03:46.9634471Z [DEBUG] Sending request to gemini-2.0-flash. Number of parts: 1
2026-01-19T00:03:46.9635188Z [DEBUG] Sending request to gemini-2.0-flash. Number of parts: 1
2026-01-19T00:03:46.9635760Z [DEBUG] Received response (Length: 340)
2026-01-19T00:03:46.9636576Z   🔍 [Worker 2] Visiting (1): https://jqueryui.com/toggleClass
2026-01-19T00:03:46.9899320Z [DEBUG] Received response (Length: 288)
2026-01-19T00:03:46.9900615Z   🔍 [Worker 1] Visiting (1): https://jqueryui.com/menu
2026-01-19T00:03:47.0528709Z [DEBUG] Received response (Length: 373)
2026-01-19T00:03:47.0529560Z   🔍 [Worker 0] Visiting (1): https://jqueryui.com/slider
2026-01-19T00:03:51.9160257Z [DEBUG] Sending request to gemini-2.0-flash. Number of parts: 1
2026-01-19T00:03:51.9161412Z [DEBUG] Sending request to gemini-2.0-flash. Number of parts: 1
2026-01-19T00:03:51.9167061Z [DEBUG] Sending request to gemini-2.0-flash. Number of parts: 1
2026-01-19T00:03:51.9167672Z [DEBUG] Received response (Length: 282)
2026-01-19T00:03:51.9168498Z   🔍 [Worker 0] Visiting (1): https://jqueryui.com/development
2026-01-19T00:03:51.9429285Z [DEBUG] Received response (Length: 301)
2026-01-19T00:03:51.9430159Z   🔍 [Worker 1] Visiting (1): https://jqueryui.com/sortable
2026-01-19T00:03:52.1547621Z [DEBUG] Received response (Length: 369)
2026-01-19T00:03:52.1548772Z   🔍 [Worker 2] Visiting (1): https://jqueryui.com/selectable
2026-01-19T00:03:56.9234516Z [DEBUG] Sending request to gemini-2.0-flash. Number of parts: 1
2026-01-19T00:03:56.9235168Z [DEBUG] Sending request to gemini-2.0-flash. Number of parts: 1
2026-01-19T00:03:56.9235737Z [DEBUG] Sending request to gemini-2.0-flash. Number of parts: 1
2026-01-19T00:03:56.9236251Z [DEBUG] Received response (Length: 324)
2026-01-19T00:03:56.9237052Z   🔍 [Worker 1] Visiting (1): https://jqueryui.com/tabs
2026-01-19T00:03:56.9394553Z [DEBUG] Received response (Length: 271)
2026-01-19T00:03:56.9395634Z   🔍 [Worker 0] Visiting (1): https://jqueryui.com/widget
2026-01-19T00:03:56.9648980Z [DEBUG] Received response (Length: 236)
2026-01-19T00:03:56.9650193Z   🔍 [Worker 2] Visiting (1): https://jqueryui.com/tooltip
2026-01-19T00:04:01.8567129Z [DEBUG] Sending request to gemini-2.0-flash. Number of parts: 1
2026-01-19T00:04:01.8567807Z [DEBUG] Sending request to gemini-2.0-flash. Number of parts: 1
2026-01-19T00:04:01.8568425Z [DEBUG] Sending request to gemini-2.0-flash. Number of parts: 1
2026-01-19T00:04:01.8568959Z [DEBUG] Received response (Length: 265)
2026-01-19T00:04:01.8569779Z   🔍 [Worker 0] Visiting (1): https://jqueryui.com/autocomplete
2026-01-19T00:04:01.9714339Z [DEBUG] Received response (Length: 355)
2026-01-19T00:04:01.9715690Z   🔍 [Worker 2] Visiting (1): https://jqueryui.com/spinner
2026-01-19T00:04:02.4705341Z [DEBUG] Sending request to gemini-2.0-flash. Number of parts: 1
2026-01-19T00:04:02.4713945Z [DEBUG] Received response (Length: 405)
2026-01-19T00:04:02.4716168Z   🔍 [Worker 1] Visiting (1): https://jqueryui.com/checkboxradio
2026-01-19T00:04:02.9574640Z [DEBUG] Received response (Length: 171)
2026-01-19T00:04:02.9576388Z   🔍 [Worker 0] Visiting (1): https://jqueryui.com/demos
2026-01-19T00:04:03.3458106Z [CACHE HIT] 5da45cce... (hits: 1, misses: 16)
2026-01-19T00:04:03.3459271Z   🔍 [Worker 0] Visiting (1): https://jqueryui.com/controlgroup
2026-01-19T00:04:08.0762322Z [DEBUG] Sending request to gemini-2.0-flash. Number of parts: 1
2026-01-19T00:04:08.0762996Z [DEBUG] Sending request to gemini-2.0-flash. Number of parts: 1
2026-01-19T00:04:08.0763582Z [DEBUG] Sending request to gemini-2.0-flash. Number of parts: 1
2026-01-19T00:04:08.0764309Z [DEBUG] Received response (Length: 306)
2026-01-19T00:04:08.0765167Z   🔍 [Worker 2] Visiting (1): https://jqueryui.com/datepicker
2026-01-19T00:04:08.0945674Z [DEBUG] Received response (Length: 345)
2026-01-19T00:04:08.0949153Z   🔍 [Worker 1] Visiting (1): https://jqueryui.com/addClass
2026-01-19T00:04:09.3877773Z [DEBUG] Received response (Length: 326)
2026-01-19T00:04:09.3882366Z   🔍 [Worker 0] Visiting (1): https://jqueryui.com/draggable
2026-01-19T00:04:13.2006685Z [DEBUG] Sending request to gemini-2.0-flash. Number of parts: 1
2026-01-19T00:04:13.2008191Z [DEBUG] Sending request to gemini-2.0-flash. Number of parts: 1
2026-01-19T00:04:13.2008827Z [DEBUG] Sending request to gemini-2.0-flash. Number of parts: 1
2026-01-19T00:04:13.2009367Z [DEBUG] Received response (Length: 373)
2026-01-19T00:04:13.2010146Z   🔍 [Worker 0] Visiting (1): https://jqueryui.com/hide
2026-01-19T00:04:13.3989032Z [DEBUG] Received response (Length: 255)
2026-01-19T00:04:13.3990854Z   🔍 [Worker 2] Visiting (1): https://jqueryui.com/droppable
2026-01-19T00:04:14.1132798Z [DEBUG] Received response (Length: 262)
2026-01-19T00:04:14.1133868Z   🔍 [Worker 1] Visiting (1): https://jqueryui.com/toggle
2026-01-19T00:04:18.1179080Z [DEBUG] Sending request to gemini-2.0-flash. Number of parts: 1
2026-01-19T00:04:18.1180196Z [DEBUG] Sending request to gemini-2.0-flash. Number of parts: 1
2026-01-19T00:04:18.1181218Z [DEBUG] Sending request to gemini-2.0-flash. Number of parts: 1
2026-01-19T00:04:18.1182320Z [DEBUG] Received response (Length: 325)
2026-01-19T00:04:18.1184591Z   🔍 [Worker 2] Visiting (1): https://jqueryui.com/easing
2026-01-19T00:04:18.1453386Z [DEBUG] Received response (Length: 185)
2026-01-19T00:04:18.1456363Z   🔍 [Worker 0] Visiting (1): https://jqueryui.com/download
2026-01-19T00:04:18.3159742Z [DEBUG] Received response (Length: 283)
2026-01-19T00:04:18.3162092Z   🔍 [Worker 1] Visiting (1): https://jqueryui.com/removeClass
2026-01-19T00:04:22.9739487Z [DEBUG] Sending request to gemini-2.0-flash. Number of parts: 1
2026-01-19T00:04:22.9746360Z [DEBUG] Sending request to gemini-2.0-flash. Number of parts: 1
2026-01-19T00:04:22.9747692Z [DEBUG] Sending request to gemini-2.0-flash. Number of parts: 1
2026-01-19T00:04:22.9748605Z [DEBUG] Received response (Length: 175)
2026-01-19T00:04:22.9749913Z [DEBUG] Received response (Length: 162)
2026-01-19T00:04:22.9750837Z   🔍 [Worker 1] Visiting (1): https://jqueryui.com/themeroller
2026-01-19T00:04:22.9802096Z   🔍 [Worker 2] Visiting (1): https://jqueryui.com/progressbar
2026-01-19T00:04:23.7632327Z [DEBUG] Received response (Length: 249)
2026-01-19T00:04:23.7638872Z   🔍 [Worker 0] Visiting (1): https://jqueryui.com/effect
2026-01-19T00:04:28.1458032Z [DEBUG] Sending request to gemini-2.0-flash. Number of parts: 1
2026-01-19T00:04:28.1458707Z [DEBUG] Sending request to gemini-2.0-flash. Number of parts: 1
2026-01-19T00:04:28.1459341Z [DEBUG] Sending request to gemini-2.0-flash. Number of parts: 1
2026-01-19T00:04:28.1459821Z [DEBUG] Received response (Length: 319)
2026-01-19T00:04:28.1460540Z   🔍 [Worker 0] Visiting (1): https://jqueryui.com
2026-01-19T00:04:28.2151410Z [DEBUG] Received response (Length: 390)
2026-01-19T00:04:28.2152503Z   🔍 [Worker 1] Visiting (1): https://jqueryui.com/accordion
2026-01-19T00:04:28.3880677Z [DEBUG] Received response (Length: 406)
2026-01-19T00:04:28.3882881Z   🔍 [Worker 2] Visiting (1): https://jqueryui.com/button
2026-01-19T00:04:32.9201594Z [DEBUG] Sending request to gemini-2.0-flash. Number of parts: 1
2026-01-19T00:04:32.9204182Z [DEBUG] Sending request to gemini-2.0-flash. Number of parts: 1
2026-01-19T00:04:32.9205033Z [DEBUG] Sending request to gemini-2.0-flash. Number of parts: 1
2026-01-19T00:04:32.9205635Z [DEBUG] Received response (Length: 207)
2026-01-19T00:04:32.9206473Z   🔍 [Worker 0] Visiting (1): https://jqueryui.com/about
2026-01-19T00:04:33.4401232Z [DEBUG] Received response (Length: 288)
2026-01-19T00:04:33.4402965Z   🔍 [Worker 1] Visiting (1): https://jqueryui.com/selectmenu
2026-01-19T00:04:34.1159437Z [DEBUG] Received response (Length: 252)
2026-01-19T00:04:34.1160389Z   🔍 [Worker 2] Visiting (1): https://api.jqueryui.com
2026-01-19T00:04:38.0055620Z [DEBUG] Sending request to gemini-2.0-flash. Number of parts: 1
2026-01-19T00:04:38.0056378Z [DEBUG] Sending request to gemini-2.0-flash. Number of parts: 1
2026-01-19T00:04:38.0060925Z [DEBUG] Sending request to gemini-2.0-flash. Number of parts: 1
2026-01-19T00:04:38.0061476Z [DEBUG] Received response (Length: 242)
2026-01-19T00:04:38.0062047Z   🔍 [Worker 0] Visiting (1): https://jqueryui.com/show
2026-01-19T00:04:38.2298671Z [DEBUG] Received response (Length: 351)
2026-01-19T00:04:38.2299576Z   🔍 [Worker 2] Visiting (1): https://jqueryui.com/position
2026-01-19T00:04:38.4509244Z [DEBUG] Received response (Length: 243)
2026-01-19T00:04:38.4514338Z   🔍 [Worker 1] Visiting (1): https://jqueryui.com/support
2026-01-19T00:04:43.0720459Z [DEBUG] Sending request to gemini-2.0-flash. Number of parts: 1
2026-01-19T00:04:43.0725351Z [DEBUG] Sending request to gemini-2.0-flash. Number of parts: 1
2026-01-19T00:04:43.0726285Z [DEBUG] Sending request to gemini-2.0-flash. Number of parts: 1
2026-01-19T00:04:43.0727043Z [DEBUG] Received response (Length: 247)
2026-01-19T00:04:43.0728158Z   🔍 [Worker 2] Visiting (1): https://jqueryui.com/dialog
2026-01-19T00:04:43.2032898Z [DEBUG] Received response (Length: 235)
2026-01-19T00:04:43.2033906Z   🔍 [Worker 0] Visiting (1): https://jqueryui.com/resizable
2026-01-19T00:04:43.7768739Z [DEBUG] Received response (Length: 325)
2026-01-19T00:04:43.7771161Z   🔍 [Worker 1] Visiting (2): https://blog.jqueryui.com/2012/03
2026-01-19T00:04:48.0837410Z [DEBUG] Sending request to gemini-2.0-flash. Number of parts: 1
2026-01-19T00:04:48.0842457Z [DEBUG] Sending request to gemini-2.0-flash. Number of parts: 1
2026-01-19T00:04:48.0843294Z [DEBUG] Sending request to gemini-2.0-flash. Number of parts: 1
2026-01-19T00:04:48.0843919Z [DEBUG] Received response (Length: 216)
2026-01-19T00:04:48.0845008Z   🔍 [Worker 1] Visiting (2): https://jqueryui.com/changelog/1.14.1
2026-01-19T00:04:48.1058574Z [DEBUG] Received response (Length: 286)
2026-01-19T00:04:48.1059868Z   🔍 [Worker 2] Visiting (2): https://blog.jqueryui.com/page/3
2026-01-19T00:04:48.2337815Z [DEBUG] Received response (Length: 422)
2026-01-19T00:04:48.2339817Z   🔍 [Worker 0] Visiting (2): https://blog.jqueryui.com/2014/08
2026-01-19T00:04:53.1166004Z [DEBUG] Sending request to gemini-2.0-flash. Number of parts: 1
2026-01-19T00:04:53.1166883Z [DEBUG] Sending request to gemini-2.0-flash. Number of parts: 1
2026-01-19T00:04:53.1169676Z [DEBUG] Sending request to gemini-2.0-flash. Number of parts: 1
2026-01-19T00:04:53.1170590Z [DEBUG] Received response (Length: 308)
2026-01-19T00:04:53.1171668Z   🔍 [Worker 0] Visiting (2): https://jqueryui.com/resources/download/jquery-ui-1.14.1.zip
2026-01-19T00:04:53.3186372Z [DEBUG] Received response (Length: 334)
2026-01-19T00:04:53.3189857Z   🔍 [Worker 1] Visiting (2): https://blog.jqueryui.com/2012/09
2026-01-19T00:04:53.3591112Z     ❌ [Worker 0] Failed https://jqueryui.com/resources/download/jquery-ui-1.14.1.zip: Page.goto: Download is starting
2026-01-19T00:04:53.3591938Z Call log:
2026-01-19T00:04:53.3592813Z   - navigating to "https://jqueryui.com/resources/download/jquery-ui-1.14.1.zip", waiting until "domcontentloaded"
2026-01-19T00:04:53.3593461Z 
2026-01-19T00:04:53.3613609Z   🔍 [Worker 0] Visiting (2): https://blog.jqueryui.com/2012/05
2026-01-19T00:04:53.3863805Z [DEBUG] Received response (Length: 333)
2026-01-19T00:04:53.3865277Z   🔍 [Worker 2] Visiting (2): https://blog.jqueryui.com/2015/02
2026-01-19T00:04:58.0218942Z [DEBUG] Sending request to gemini-2.0-flash. Number of parts: 1
2026-01-19T00:04:58.0220583Z [DEBUG] Sending request to gemini-2.0-flash. Number of parts: 1
2026-01-19T00:04:58.0221496Z [DEBUG] Sending request to gemini-2.0-flash. Number of parts: 1
2026-01-19T00:04:58.0222249Z [DEBUG] Received response (Length: 238)
2026-01-19T00:04:58.0223894Z   🔍 [Worker 0] Visiting (2): https://blog.jqueryui.com/2024/04/plans-for-jquery-ui-1-14-dropping-support-for-ui-1-12-in-the-download-builder
2026-01-19T00:04:58.0701824Z [DEBUG] Received response (Length: 237)
2026-01-19T00:04:58.0703341Z   🔍 [Worker 1] Visiting (2): https://jqueryui.com/resources/download/jquery-ui-themes-1.14.1.zip
2026-01-19T00:04:58.3011021Z     ❌ [Worker 1] Failed https://jqueryui.com/resources/download/jquery-ui-themes-1.14.1.zip: Page.goto: Download is starting
2026-01-19T00:04:58.3012259Z Call log:
2026-01-19T00:04:58.3013365Z   - navigating to "https://jqueryui.com/resources/download/jquery-ui-themes-1.14.1.zip", waiting until "domcontentloaded"
2026-01-19T00:04:58.3014581Z 
2026-01-19T00:04:58.3031500Z   🔍 [Worker 1] Visiting (2): https://blog.jqueryui.com/2009/08
2026-01-19T00:04:58.3144519Z [DEBUG] Received response (Length: 323)
2026-01-19T00:04:58.3145563Z   🔍 [Worker 2] Visiting (2): https://blog.jqueryui.com/2015/03
2026-01-19T00:05:03.1445169Z [DEBUG] Sending request to gemini-2.0-flash. Number of parts: 1
2026-01-19T00:05:03.1446929Z [DEBUG] Sending request to gemini-2.0-flash. Number of parts: 1
2026-01-19T00:05:03.1448420Z [DEBUG] Sending request to gemini-2.0-flash. Number of parts: 1
2026-01-19T00:05:03.1449298Z [DEBUG] Received response (Length: 210)
2026-01-19T00:05:03.1450314Z   🔍 [Worker 1] Visiting (2): https://blog.jqueryui.com/2012/04
2026-01-19T00:05:04.2738462Z [DEBUG] Received response (Length: 319)
2026-01-19T00:05:04.2739179Z [DEBUG] Received response (Length: 223)
2026-01-19T00:05:04.2740934Z [DEBUG] Sending request to gemini-2.0-flash. Number of parts: 1
2026-01-19T00:05:04.2741689Z [DEBUG] Received response (Length: 233)
2026-01-19T00:05:04.2742469Z ✅ Discovery Complete. Mapped 50 pages.
2026-01-19T00:05:15.8739475Z 
2026-01-19T00:05:15.8740217Z [PLAN] PLANNER: Planning goal -> 'Test jQuery UI components' (Deep Mode: True)
2026-01-19T00:05:15.8740998Z 🗺️ [PLAN] Loaded Sitemap with 50 pages.
2026-01-19T00:05:15.8742002Z 🎭 [EXPERT] Detected Domain: GENERAL. Persona: Act as Senior SDET focusing on exploring the application to understand functional flow and identifying critical paths for end-to-end automation
2026-01-19T00:05:15.8742855Z [DEBUG] Sending request to gemini-2.0-flash. Number of parts: 1
2026-01-19T00:05:15.8743272Z [DEBUG] Received response (Length: 5631)
2026-01-19T00:05:15.8743744Z ✅ Planner generated 5 scenarios. Workflow updated.
2026-01-19T00:05:16.7835157Z 
2026-01-19T00:05:16.7835989Z 🕵️ [DEEP EXPLORER] Starting Multi-Scenario Exploration
2026-01-19T00:05:16.7836969Z 📋 Found 5 scenarios to explore.
2026-01-19T00:05:17.1123451Z 
2026-01-19T00:05:17.1124814Z [1/5] Exploring Scenario: Verify Accordion Functionality
2026-01-19T00:05:17.1126004Z     🧠 Initialized exploration context for goal: 'Test jQuery UI components'
2026-01-19T00:05:17.1127061Z   ▶️ [STEP step_1] NAVIGATE: 
2026-01-19T00:05:17.8504997Z     ✅ Navigated to https://jqueryui.com/demos/
2026-01-19T00:05:17.8505984Z   ▶️ [STEP step_2] ASSERT_URL: 
2026-01-19T00:05:22.8802113Z     ⚠️ Scroll into view failed for text=None. Proceeding anyway.
2026-01-19T00:05:24.8823202Z     ✅ State transitioned.
2026-01-19T00:05:27.9948158Z [DEBUG] Sending request to gemini-2.0-flash. Number of parts: 2
2026-01-19T00:05:27.9948913Z [DEBUG] Received response (Length: 262)
2026-01-19T00:05:27.9949561Z     🤖 AI Next Step Suggestion: click -> Draggable
2026-01-19T00:05:27.9949974Z     🧩 Suggested Locator: a[href='draggable/']
2026-01-19T00:05:27.9951127Z     💭 Reasoning: To explore the jQuery UI components, I will start by clicking on the 'Draggable' link under the 'Interactions' section to navigate to the Draggable demo page.
2026-01-19T00:05:27.9951922Z     ➕ Injected AI step: click -> Draggable
2026-01-19T00:05:27.9952334Z   ▶️ [STEP step_2_ai_1] CLICK: Draggable
2026-01-19T00:05:28.0011683Z     🎯 Using AI-provided locator: a[href='draggable/']
2026-01-19T00:05:28.0034633Z     🔍 Mining locators for: 'Draggable'
2026-01-19T00:05:28.1092229Z     ✅ Found 2 verified locators
2026-01-19T00:05:31.6827023Z     ✅ State transitioned.
2026-01-19T00:05:33.2399092Z [DEBUG] Sending request to gemini-2.0-flash. Number of parts: 2
2026-01-19T00:05:33.2399864Z [DEBUG] Received response (Length: 204)
2026-01-19T00:05:33.2400503Z     🤖 AI Next Step Suggestion: click -> iframe
2026-01-19T00:05:33.2400883Z     🧩 Suggested Locator: iframe
2026-01-19T00:05:33.2401603Z     💭 Reasoning: The draggable functionality is within an iframe. Need to switch to the iframe to interact with the draggable element.
2026-01-19T00:05:33.2402341Z     ➕ Injected AI step: click -> iframe
2026-01-19T00:05:33.2402722Z   ▶️ [STEP step_2_ai_2] CLICK: iframe
2026-01-19T00:05:33.2551829Z     🎯 Using AI-provided locator: iframe
2026-01-19T00:05:33.2614075Z     ✅ Found 1 verified locators
2026-01-19T00:05:37.3097169Z     ✅ State transitioned.
2026-01-19T00:05:39.2144265Z [DEBUG] Sending request to gemini-2.0-flash. Number of parts: 2
2026-01-19T00:05:39.2145010Z [DEBUG] Received response (Length: 420)
2026-01-19T00:05:39.2146167Z     🤖 AI Next Step Suggestion: done -> N/A
2026-01-19T00:05:39.2149663Z     💭 Reasoning: The current task is to test jQuery UI components, specifically the Draggable component. The page is currently inside the iframe of the Draggable example. The next step would be to interact with the draggable element inside the iframe, which requires manual interaction and cannot be automated further with simple clicks. Therefore, the exploration for this component is complete.
2026-01-19T00:05:39.2152753Z   ▶️ [STEP step_3] CLICK: Accordion
2026-01-19T00:05:39.2213303Z     🔍 Mining locators for: 'Accordion'
2026-01-19T00:05:39.3067619Z     ✅ Found 2 verified locators
2026-01-19T00:05:42.8800758Z     ✅ State transitioned.
2026-01-19T00:05:46.5186496Z [DEBUG] Sending request to gemini-2.0-flash. Number of parts: 2
2026-01-19T00:05:46.5187223Z [DEBUG] Received response (Length: 289)
2026-01-19T00:05:46.5188302Z     🤖 AI Next Step Suggestion: click -> iframe
2026-01-19T00:05:46.5189040Z     🧩 Suggested Locator: iframe
2026-01-19T00:05:46.5191068Z     💭 Reasoning: The page contains an iframe, and interacting with the elements within the iframe is necessary to test the accordion functionality. Clicking the iframe will allow interaction with the elements inside it.
2026-01-19T00:05:46.5193242Z ⚠️ Loop detected: same AI suggestion repeated 2 times. Moving to next step.
2026-01-19T00:05:46.5194373Z   ▶️ [STEP step_4] ASSERT_URL: 
2026-01-19T00:05:51.5440550Z     ⚠️ Scroll into view failed for text=None. Proceeding anyway.
2026-01-19T00:05:53.5463080Z     ✅ State transitioned.
2026-01-19T00:05:55.1398714Z [DEBUG] Sending request to gemini-2.0-flash. Number of parts: 2
2026-01-19T00:05:55.1399737Z [DEBUG] Received response (Length: 250)
2026-01-19T00:05:55.1400300Z     🤖 AI Next Step Suggestion: CLICK -> iframe
2026-01-19T00:05:55.1400871Z     🧩 Suggested Locator: iframe
2026-01-19T00:05:55.1401666Z     💭 Reasoning: Need to interact with the content inside the iframe to test the accordion functionality. Clicking the iframe will focus the interaction within it.
2026-01-19T00:05:55.1402436Z     ➕ Injected AI step: CLICK -> iframe
2026-01-19T00:05:55.1402843Z   ▶️ [STEP step_4_ai_1] CLICK: iframe
2026-01-19T00:05:55.1462012Z     🎯 Using AI-provided locator: iframe
2026-01-19T00:05:55.1520790Z     ✅ Found 1 verified locators
2026-01-19T00:05:58.1929154Z     ✅ State transitioned.
2026-01-19T00:05:58.2000347Z     🔄 Revisited state detected (count: 1)
2026-01-19T00:06:00.2027785Z [DEBUG] Sending request to gemini-2.0-flash. Number of parts: 2
2026-01-19T00:06:00.2030671Z [DEBUG] Received response (Length: 155)
2026-01-19T00:06:00.2031521Z     🤖 AI Next Step Suggestion: click -> iframe
2026-01-19T00:06:00.2032143Z     🧩 Suggested Locator: iframe
2026-01-19T00:06:00.2032954Z     💭 Reasoning: Need to switch to the iframe to interact with the accordion example.
2026-01-19T00:06:00.2034190Z     ⚠️ Skipping duplicate AI suggestion (just executed): ('click', 'iframe')
2026-01-19T00:06:00.2035067Z   ▶️ [STEP step_5] ASSERT_VISIBLE: ui-accordion-header
2026-01-19T00:06:00.2092892Z     🔍 Mining locators for: 'ui-accordion-header'
2026-01-19T00:06:00.2723152Z     🧠 Consulting AI (Vision-First) to find 'ui-accordion-header'...
2026-01-19T00:06:00.2724404Z     🧠 [EXPERT] Strategy: Act as Senior SDET focusing on exploring the application to understand functional flow and identifying critical paths for end-to-end automation.
2026-01-19T00:06:07.4023652Z [DEBUG] Sending request to gemini-2.0-flash. Number of parts: 2
2026-01-19T00:06:07.4024347Z [DEBUG] Received response (Length: 730)
2026-01-19T00:06:07.4024947Z     🔄 Retry 1/3 mining locators for 'ui-accordion-header'...
2026-01-19T00:06:08.4734941Z     🧠 Consulting AI (Vision-First) to find 'ui-accordion-header'...
2026-01-19T00:06:08.4735968Z     🧠 [EXPERT] Strategy: Act as Senior SDET focusing on exploring the application to understand functional flow and identifying critical paths for end-to-end automation.
2026-01-19T00:06:08.4740661Z [CACHE HIT] cd6239ce... (hits: 1, misses: 7)
2026-01-19T00:06:08.4741160Z     🔄 Retry 2/3 mining locators for 'ui-accordion-header'...
2026-01-19T00:06:09.4753729Z     🗑️ Invalidating stale AI cache (retry 2)...
2026-01-19T00:06:09.4754962Z     ⚠️ Cache invalidation warning: No module named 'core.agents.domain_expert'
2026-01-19T00:06:09.5393894Z     🧠 Consulting AI (Vision-First) to find 'ui-accordion-header'...
2026-01-19T00:06:09.5395021Z     🧠 [EXPERT] Strategy: Act as Senior SDET focusing on exploring the application to understand functional flow and identifying critical paths for end-to-end automation.
2026-01-19T00:06:09.5399503Z [CACHE HIT] cd6239ce... (hits: 2, misses: 7)
2026-01-19T00:06:09.5400221Z     🧠 Verifying step validity for 'ui-accordion-header' after mining failure...
2026-01-19T00:06:10.8847250Z [DEBUG] Sending request to gemini-2.0-flash. Number of parts: 2
2026-01-19T00:06:10.8847981Z [DEBUG] Received response (Length: 259)
2026-01-19T00:06:10.8849019Z     🛠️ Self-Correction: Step is valid. Using new locator: .ui-accordion-header
2026-01-19T00:06:16.3953001Z     ⚠️ Scroll into view failed for .ui-accordion-header. Proceeding anyway.
2026-01-19T00:06:18.3975481Z     ✅ State transitioned.
2026-01-19T00:06:18.4047270Z     🔄 Revisited state detected (count: 2)
2026-01-19T00:06:19.8272164Z [DEBUG] Sending request to gemini-2.0-flash. Number of parts: 2
2026-01-19T00:06:19.8272809Z [DEBUG] Received response (Length: 221)
2026-01-19T00:06:19.8273610Z     🤖 AI Next Step Suggestion: click -> Section 2
2026-01-19T00:06:19.8275152Z     💭 Reasoning: To test the accordion functionality, I should click on another section to see if it expands and collapses as expected.
2026-01-19T00:06:19.8276663Z     ➕ Injected AI step: click -> Section 2
2026-01-19T00:06:19.8277257Z   ▶️ [STEP step_5_ai_1] CLICK: Section 2
2026-01-19T00:06:19.8337475Z     🔍 Mining locators for: 'Section 2'
2026-01-19T00:06:19.9391522Z     🧠 Consulting AI (Vision-First) to find 'Section 2'...
2026-01-19T00:06:19.9392577Z     🧠 [EXPERT] Strategy: Act as Senior SDET focusing on exploring the application to understand functional flow and identifying critical paths for end-to-end automation.
2026-01-19T00:06:25.3350060Z [DEBUG] Sending request to gemini-2.0-flash. Number of parts: 2
2026-01-19T00:06:25.3350461Z [DEBUG] Received response (Length: 474)
2026-01-19T00:06:25.3350991Z     🔄 Retry 1/3 mining locators for 'Section 2'...
2026-01-19T00:06:26.4211548Z     🧠 Consulting AI (Vision-First) to find 'Section 2'...
2026-01-19T00:06:26.4212649Z     🧠 [EXPERT] Strategy: Act as Senior SDET focusing on exploring the application to understand functional flow and identifying critical paths for end-to-end automation.
2026-01-19T00:06:26.4285514Z [CACHE HIT] 8819af4c... (hits: 3, misses: 10)
2026-01-19T00:06:26.4286065Z     🔄 Retry 2/3 mining locators for 'Section 2'...
2026-01-19T00:06:27.4297956Z     🗑️ Invalidating stale AI cache (retry 2)...
2026-01-19T00:06:27.4299478Z     ⚠️ Cache invalidation warning: No module named 'core.agents.domain_expert'
2026-01-19T00:06:27.5049066Z     🧠 Consulting AI (Vision-First) to find 'Section 2'...
2026-01-19T00:06:27.5050517Z     🧠 [EXPERT] Strategy: Act as Senior SDET focusing on exploring the application to understand functional flow and identifying critical paths for end-to-end automation.
2026-01-19T00:06:27.5122171Z [CACHE HIT] 8819af4c... (hits: 4, misses: 10)
2026-01-19T00:06:27.5123150Z     🧠 Verifying step validity for 'Section 2' after mining failure...
2026-01-19T00:06:29.8503167Z [DEBUG] Sending request to gemini-2.0-flash. Number of parts: 2
2026-01-19T00:06:29.8503767Z [DEBUG] Received response (Length: 175)
2026-01-19T00:06:29.8504534Z     🛠️ Self-Correction: Step is valid. Using new locator: #ui-id-3
2026-01-19T00:06:35.3616531Z     ⚠️ Scroll into view failed for #ui-id-3. Proceeding anyway.
2026-01-19T00:06:40.3643921Z     ⚠️ Action failed: Locator.bounding_box: Timeout 5000ms exceeded.
2026-01-19T00:06:40.3644812Z Cal...
2026-01-19T00:06:41.9662246Z [DEBUG] Sending request to gemini-2.0-flash. Number of parts: 2
2026-01-19T00:06:41.9662872Z [DEBUG] Received response (Length: 214)
2026-01-19T00:06:41.9664665Z     ✨ AI Heal Reasoning: The element with the text 'Section 2' is visible and clickable. It is a heading (h3) within a div, making it suitable for a click action.
2026-01-19T00:06:41.9666158Z     ✨ AI healed exploration action! New selector: div:nth-child(3) > h3
2026-01-19T00:06:47.4720370Z     ⚠️ Scroll into view failed for div:nth-child(3) > h3. Proceeding anyway.
2026-01-19T00:06:52.4750167Z   ▶️ [STEP step_6] CLICK: ui-accordion-header
2026-01-19T00:06:52.4812037Z     🔍 Mining locators for: 'ui-accordion-header'
2026-01-19T00:06:52.5382387Z     🧠 Consulting AI (Vision-First) to find 'ui-accordion-header'...
2026-01-19T00:06:52.5383599Z     🧠 [EXPERT] Strategy: Act as Senior SDET focusing on exploring the application to understand functional flow and identifying critical paths for end-to-end automation.
2026-01-19T00:06:52.5388169Z [CACHE HIT] cd6239ce... (hits: 5, misses: 12)
2026-01-19T00:06:52.5388704Z     🔄 Retry 1/3 mining locators for 'ui-accordion-header'...
2026-01-19T00:06:53.6036751Z     🧠 Consulting AI (Vision-First) to find 'ui-accordion-header'...
2026-01-19T00:06:53.6038151Z     🧠 [EXPERT] Strategy: Act as Senior SDET focusing on exploring the application to understand functional flow and identifying critical paths for end-to-end automation.
2026-01-19T00:06:53.6044372Z [CACHE HIT] cd6239ce... (hits: 6, misses: 12)
2026-01-19T00:06:53.6044860Z     🔄 Retry 2/3 mining locators for 'ui-accordion-header'...
2026-01-19T00:06:54.6056661Z     🗑️ Invalidating stale AI cache (retry 2)...
2026-01-19T00:06:54.6057632Z     ⚠️ Cache invalidation warning: No module named 'core.agents.domain_expert'
2026-01-19T00:06:54.6702329Z     🧠 Consulting AI (Vision-First) to find 'ui-accordion-header'...
2026-01-19T00:06:54.6704242Z     🧠 [EXPERT] Strategy: Act as Senior SDET focusing on exploring the application to understand functional flow and identifying critical paths for end-to-end automation.
2026-01-19T00:06:54.6709913Z [CACHE HIT] cd6239ce... (hits: 7, misses: 12)
2026-01-19T00:06:54.6710858Z     🧠 Verifying step validity for 'ui-accordion-header' after mining failure...
2026-01-19T00:06:54.6715752Z [CACHE HIT] 56f62d54... (hits: 8, misses: 12)
2026-01-19T00:06:54.6716270Z     🛠️ Self-Correction: Step is valid. Using new locator: .ui-accordion-header
2026-01-19T00:07:00.1821478Z     ⚠️ Scroll into view failed for .ui-accordion-header. Proceeding anyway.
2026-01-19T00:07:05.1849602Z     ⚠️ Action failed: Locator.bounding_box: Timeout 5000ms exceeded.
2026-01-19T00:07:05.1850356Z Cal...
2026-01-19T00:07:06.7525718Z [DEBUG] Sending request to gemini-2.0-flash. Number of parts: 2
2026-01-19T00:07:06.7526357Z [DEBUG] Received response (Length: 300)
2026-01-19T00:07:06.7528714Z     ✨ AI Heal Reasoning: The element with id 'ui-id-1' is the first visible element with the class 'ui-accordion-header'. It represents the header for 'Section 1' in the accordion, which is a suitable target for a click action to expand or collapse the section.
2026-01-19T00:07:06.7530936Z     ✨ AI healed exploration action! New selector: #ui-id-1
2026-01-19T00:07:12.2578163Z     ⚠️ Scroll into view failed for #ui-id-1. Proceeding anyway.
2026-01-19T00:07:17.2593732Z   ▶️ [STEP step_7] ASSERT_VISIBLE: ui-accordion-content
2026-01-19T00:07:17.2654786Z     🔍 Mining locators for: 'ui-accordion-content'
2026-01-19T00:07:17.3189815Z     🧠 Consulting AI (Vision-First) to find 'ui-accordion-content'...
2026-01-19T00:07:17.3190991Z     🧠 [EXPERT] Strategy: Act as Senior SDET focusing on exploring the application to understand functional flow and identifying critical paths for end-to-end automation.
2026-01-19T00:07:19.1099867Z [DEBUG] Sending request to gemini-2.0-flash. Number of parts: 2
2026-01-19T00:07:19.1100255Z [DEBUG] Received response (Length: 418)
2026-01-19T00:07:19.1100819Z     🔄 Retry 1/3 mining locators for 'ui-accordion-content'...
2026-01-19T00:07:20.1692701Z     🧠 Consulting AI (Vision-First) to find 'ui-accordion-content'...
2026-01-19T00:07:20.1694423Z     🧠 [EXPERT] Strategy: Act as Senior SDET focusing on exploring the application to understand functional flow and identifying critical paths for end-to-end automation.
2026-01-19T00:07:20.1700397Z [CACHE HIT] 5c57644e... (hits: 9, misses: 14)
2026-01-19T00:07:20.1700915Z     🔄 Retry 2/3 mining locators for 'ui-accordion-content'...
2026-01-19T00:07:21.1714516Z     🗑️ Invalidating stale AI cache (retry 2)...
2026-01-19T00:07:21.1715494Z     ⚠️ Cache invalidation warning: No module named 'core.agents.domain_expert'
2026-01-19T00:07:21.2377244Z     🧠 Consulting AI (Vision-First) to find 'ui-accordion-content'...
2026-01-19T00:07:21.2378226Z     🧠 [EXPERT] Strategy: Act as Senior SDET focusing on exploring the application to understand functional flow and identifying critical paths for end-to-end automation.
2026-01-19T00:07:21.2382211Z [CACHE HIT] 5c57644e... (hits: 10, misses: 14)
2026-01-19T00:07:21.2382764Z     🧠 Verifying step validity for 'ui-accordion-content' after mining failure...
2026-01-19T00:07:23.6629008Z [DEBUG] Sending request to gemini-2.0-flash. Number of parts: 2
2026-01-19T00:07:23.6629465Z [DEBUG] Received response (Length: 235)
2026-01-19T00:07:23.6630125Z     🛠️ Self-Correction: Step is valid. Using new locator: .ui-accordion-content
2026-01-19T00:07:29.1735515Z     ⚠️ Scroll into view failed for .ui-accordion-content. Proceeding anyway.
2026-01-19T00:07:31.1760869Z     ✅ State transitioned.
2026-01-19T00:07:31.1827815Z     🔄 Revisited state detected (count: 3)
2026-01-19T00:07:31.1828635Z     ⚠️ Too many revisits (3). Stopping AI step injection to prevent loops.
2026-01-19T00:07:33.2245718Z 
2026-01-19T00:07:33.2246827Z [2/5] Exploring Scenario: Test Draggable Widget
2026-01-19T00:07:33.2247950Z     🧠 Initialized exploration context for goal: 'Test jQuery UI components'
2026-01-19T00:07:33.2248759Z   ▶️ [STEP step_1] NAVIGATE: 
2026-01-19T00:07:34.0838294Z     ✅ Navigated to https://jqueryui.com/demos/
2026-01-19T00:07:34.0838991Z   ▶️ [STEP step_2] ASSERT_URL: 
2026-01-19T00:07:39.1105805Z     ⚠️ Scroll into view failed for text=None. Proceeding anyway.
2026-01-19T00:07:41.1130519Z     ✅ State transitioned.
2026-01-19T00:07:41.1866964Z [CACHE HIT] df2e705a... (hits: 11, misses: 15)
2026-01-19T00:07:41.1867837Z     🤖 AI Next Step Suggestion: click -> Draggable
2026-01-19T00:07:41.1868436Z     🧩 Suggested Locator: a[href='draggable/']
2026-01-19T00:07:41.1869481Z     💭 Reasoning: To explore the jQuery UI components, I will start by clicking on the 'Draggable' link under the 'Interactions' section to navigate to the Draggable demo page.
2026-01-19T00:07:41.1870219Z     ➕ Injected AI step: click -> Draggable
2026-01-19T00:07:41.1870552Z   ▶️ [STEP step_2_ai_1] CLICK: Draggable
2026-01-19T00:07:41.1917298Z     🎯 Using AI-provided locator: a[href='draggable/']
2026-01-19T00:07:41.1936582Z     🔍 Mining locators for: 'Draggable'
2026-01-19T00:07:41.3029616Z     ✅ Found 2 verified locators
2026-01-19T00:07:44.8551639Z     ✅ State transitioned.
2026-01-19T00:07:44.9691420Z [CACHE HIT] 94ccf3b7... (hits: 12, misses: 15)
2026-01-19T00:07:44.9692191Z     🤖 AI Next Step Suggestion: click -> iframe
2026-01-19T00:07:44.9692522Z     🧩 Suggested Locator: iframe
2026-01-19T00:07:44.9693154Z     💭 Reasoning: The draggable functionality is within an iframe. Need to switch to the iframe to interact with the draggable element.
2026-01-19T00:07:44.9693726Z     ➕ Injected AI step: click -> iframe
2026-01-19T00:07:44.9694185Z   ▶️ [STEP step_2_ai_2] CLICK: iframe
2026-01-19T00:07:44.9827300Z     🎯 Using AI-provided locator: iframe
2026-01-19T00:07:44.9892970Z     ✅ Found 1 verified locators
2026-01-19T00:07:49.0339713Z     ✅ State transitioned.
2026-01-19T00:07:49.1013125Z [CACHE HIT] 9135e2ea... (hits: 13, misses: 15)
2026-01-19T00:07:49.1013948Z     🤖 AI Next Step Suggestion: done -> N/A
2026-01-19T00:07:49.1015849Z     💭 Reasoning: The current task is to test jQuery UI components, specifically the Draggable component. The page is currently inside the iframe of the Draggable example. The next step would be to interact with the draggable element inside the iframe, which requires manual interaction and cannot be automated further with simple clicks. Therefore, the exploration for this component is complete.
2026-01-19T00:07:49.1017218Z   ▶️ [STEP step_3] CLICK: Draggable
2026-01-19T00:07:49.1065902Z     🔍 Mining locators for: 'Draggable'
2026-01-19T00:07:49.2167697Z     ✅ Found 6 verified locators
2026-01-19T00:07:52.7732926Z     ✅ State transitioned.
2026-01-19T00:07:52.7812525Z     🔄 Revisited state detected (count: 1)
2026-01-19T00:07:54.2636411Z [DEBUG] Sending request to gemini-2.0-flash. Number of parts: 2
2026-01-19T00:07:54.2637065Z [DEBUG] Received response (Length: 255)
2026-01-19T00:07:54.2637913Z     🤖 AI Next Step Suggestion: click -> Default functionality
2026-01-19T00:07:54.2638724Z     🧩 Suggested Locator: a:contains('Default functionality')
2026-01-19T00:07:54.2640154Z     💭 Reasoning: To explore different functionalities of the Draggable component, clicking on 'Default functionality' is a logical next step.
2026-01-19T00:07:54.2641507Z     ➕ Injected AI step: click -> Default functionality
2026-01-19T00:07:54.2642229Z   ▶️ [STEP step_3_ai_1] CLICK: Default functionality
2026-01-19T00:07:54.2779277Z     🎯 Using AI-provided locator: a:contains('Default functionality')
2026-01-19T00:07:54.2811967Z     🔍 Mining locators for: 'Default functionality'
2026-01-19T00:07:54.3515292Z     ✅ Found 2 verified locators
2026-01-19T00:07:57.9281182Z     ✅ State transitioned.
2026-01-19T00:07:59.6756614Z [DEBUG] Sending request to gemini-2.0-flash. Number of parts: 2
2026-01-19T00:07:59.6757252Z [DEBUG] Received response (Length: 223)
2026-01-19T00:07:59.6758381Z     🤖 AI Next Step Suggestion: click -> Auto-scroll
2026-01-19T00:07:59.6759096Z     🧩 Suggested Locator: a[href$='auto-scroll/']
2026-01-19T00:07:59.6760444Z     💭 Reasoning: To explore different functionalities of the Draggable component, clicking on 'Auto-scroll' is a logical next step.
2026-01-19T00:07:59.6761667Z     ➕ Injected AI step: click -> Auto-scroll
2026-01-19T00:07:59.6762278Z   ▶️ [STEP step_3_ai_2] CLICK: Auto-scroll
2026-01-19T00:07:59.6819235Z     🎯 Using AI-provided locator: a[href$='auto-scroll/']
2026-01-19T00:07:59.6840882Z     🔍 Mining locators for: 'Auto-scroll'
2026-01-19T00:07:59.7657736Z     ✅ Found 2 verified locators
2026-01-19T00:08:03.3408435Z     ✅ State transitioned.
2026-01-19T00:08:05.0215480Z [DEBUG] Sending request to gemini-2.0-flash. Number of parts: 2
2026-01-19T00:08:05.0216293Z [DEBUG] Received response (Length: 269)
2026-01-19T00:08:05.0217115Z     🤖 AI Next Step Suggestion: click -> iframe
2026-01-19T00:08:05.0217701Z     🧩 Suggested Locator: iframe
2026-01-19T00:08:05.0219472Z     💭 Reasoning: The current page is displaying the documentation for the 'scroll' example of the Draggable component. To interact with the draggable element, we need to switch to the iframe context.
2026-01-19T00:08:05.0221072Z     ➕ Injected AI step: click -> iframe
2026-01-19T00:08:05.0221662Z   ▶️ [STEP step_3_ai_3] CLICK: iframe
2026-01-19T00:08:05.0279350Z     🎯 Using AI-provided locator: iframe
2026-01-19T00:08:05.0334753Z     ✅ Found 1 verified locators
2026-01-19T00:08:09.0880002Z     ✅ State transitioned.
2026-01-19T00:08:09.0941216Z     🔄 Revisited state detected (count: 1)
2026-01-19T00:08:10.5776030Z [DEBUG] Sending request to gemini-2.0-flash. Number of parts: 2
2026-01-19T00:08:10.5776621Z [DEBUG] Received response (Length: 227)
2026-01-19T00:08:10.5777163Z     🤖 AI Next Step Suggestion: click -> iframe
2026-01-19T00:08:10.5777558Z     🧩 Suggested Locator: iframe
2026-01-19T00:08:10.5778261Z     💭 Reasoning: Need to switch to the iframe to interact with the draggable element within it. This is a necessary step to test the draggable functionality.
2026-01-19T00:08:10.5779009Z ⚠️ Loop detected: same AI suggestion repeated 2 times. Moving to next step.
2026-01-19T00:08:10.5779399Z   ▶️ [STEP step_4] ASSERT_URL: 
2026-01-19T00:08:15.5976140Z     ⚠️ Scroll into view failed for text=None. Proceeding anyway.
2026-01-19T00:08:17.5999931Z     ✅ State transitioned.
2026-01-19T00:08:17.6065223Z     🔄 Revisited state detected (count: 2)
2026-01-19T00:08:19.0970830Z [DEBUG] Sending request to gemini-2.0-flash. Number of parts: 2
2026-01-19T00:08:19.0971502Z [DEBUG] Received response (Length: 165)
2026-01-19T00:08:19.0972285Z     🤖 AI Next Step Suggestion: click -> iframe
2026-01-19T00:08:19.0972870Z     🧩 Suggested Locator: iframe
2026-01-19T00:08:19.0973792Z     💭 Reasoning: Need to switch to the iframe to interact with the draggable element within it.
2026-01-19T00:08:19.0974985Z     ➕ Injected AI step: click -> iframe
2026-01-19T00:08:19.0975573Z   ▶️ [STEP step_4_ai_1] CLICK: iframe
2026-01-19T00:08:19.1034440Z     🎯 Using AI-provided locator: iframe
2026-01-19T00:08:19.1089201Z     ✅ Found 1 verified locators
2026-01-19T00:08:23.1511536Z     ✅ State transitioned.
2026-01-19T00:08:23.1576857Z     🔄 Revisited state detected (count: 3)
2026-01-19T00:08:23.1577654Z     ⚠️ Too many revisits (3). Stopping AI step injection to prevent loops.
2026-01-19T00:08:23.1578379Z   ▶️ [STEP step_5] ASSERT_VISIBLE: ui-draggable
2026-01-19T00:08:23.1630388Z     🔍 Mining locators for: 'ui-draggable'
2026-01-19T00:08:23.2173533Z     🧠 Consulting AI (Vision-First) to find 'ui-draggable'...
2026-01-19T00:08:23.2174710Z     🧠 [EXPERT] Strategy: Act as Senior SDET focusing on exploring the application to understand functional flow and identifying critical paths for end-to-end automation.
2026-01-19T00:08:25.1443244Z [DEBUG] Sending request to gemini-2.0-flash. Number of parts: 2
2026-01-19T00:08:25.1443689Z [DEBUG] Received response (Length: 498)
2026-01-19T00:08:25.1444641Z     🔄 Retry 1/3 mining locators for 'ui-draggable'...
2026-01-19T00:08:26.2001688Z     🧠 Consulting AI (Vision-First) to find 'ui-draggable'...
2026-01-19T00:08:26.2002891Z     🧠 [EXPERT] Strategy: Act as Senior SDET focusing on exploring the application to understand functional flow and identifying critical paths for end-to-end automation.
2026-01-19T00:08:26.2008783Z [CACHE HIT] 7b584d3f... (hits: 14, misses: 21)
2026-01-19T00:08:26.2009254Z     🔄 Retry 2/3 mining locators for 'ui-draggable'...
2026-01-19T00:08:27.2021457Z     🗑️ Invalidating stale AI cache (retry 2)...
2026-01-19T00:08:27.2022347Z     ⚠️ Cache invalidation warning: No module named 'core.agents.domain_expert'
2026-01-19T00:08:27.2664168Z     🧠 Consulting AI (Vision-First) to find 'ui-draggable'...
2026-01-19T00:08:27.2665687Z     🧠 [EXPERT] Strategy: Act as Senior SDET focusing on exploring the application to understand functional flow and identifying critical paths for end-to-end automation.
2026-01-19T00:08:27.2669323Z [CACHE HIT] 7b584d3f... (hits: 15, misses: 21)
2026-01-19T00:08:27.2670012Z     🧠 Verifying step validity for 'ui-draggable' after mining failure...
2026-01-19T00:08:29.7682261Z [DEBUG] Sending request to gemini-2.0-flash. Number of parts: 2
2026-01-19T00:08:29.7682908Z [DEBUG] Received response (Length: 344)
2026-01-19T00:08:29.7683923Z     🛠️ Self-Correction: Step is valid. Using new locator: .ui-widget-content.ui-draggable
2026-01-19T00:08:35.2793516Z     ⚠️ Scroll into view failed for .ui-widget-content.ui-draggable. Proceeding anyway.
2026-01-19T00:08:37.2815296Z     ✅ State transitioned.
2026-01-19T00:08:37.2881539Z     🔄 Revisited state detected (count: 4)
2026-01-19T00:08:37.2882180Z     ⚠️ Too many revisits (4). Stopping AI step injection to prevent loops.
2026-01-19T00:08:37.2882700Z   ▶️ [STEP step_6] HOVER: ui-widget-content ui-draggable ui-draggable-handle
2026-01-19T00:08:37.2930577Z     🔍 Mining locators for: 'ui-widget-content ui-draggable ui-draggable-handle'
2026-01-19T00:08:37.4150382Z     🧠 Consulting AI (Vision-First) to find 'ui-widget-content ui-draggable ui-draggable-handle'...
2026-01-19T00:08:37.4151889Z     🧠 [EXPERT] Strategy: Act as Senior SDET focusing on exploring the application to understand functional flow and identifying critical paths for end-to-end automation.
2026-01-19T00:08:39.2295595Z [DEBUG] Sending request to gemini-2.0-flash. Number of parts: 2
2026-01-19T00:08:39.2296012Z [DEBUG] Received response (Length: 465)
2026-01-19T00:08:39.2296708Z     🔄 Retry 1/3 mining locators for 'ui-widget-content ui-draggable ui-draggable-handle'...
2026-01-19T00:08:40.2994102Z     🧠 Consulting AI (Vision-First) to find 'ui-widget-content ui-draggable ui-draggable-handle'...
2026-01-19T00:08:40.2995693Z     🧠 [EXPERT] Strategy: Act as Senior SDET focusing on exploring the application to understand functional flow and identifying critical paths for end-to-end automation.
2026-01-19T00:08:40.2998924Z [CACHE HIT] 2d922bf1... (hits: 16, misses: 23)
2026-01-19T00:08:40.2999637Z     🔄 Retry 2/3 mining locators for 'ui-widget-content ui-draggable ui-draggable-handle'...
2026-01-19T00:08:41.3012009Z     🗑️ Invalidating stale AI cache (retry 2)...
2026-01-19T00:08:41.3012897Z     ⚠️ Cache invalidation warning: No module named 'core.agents.domain_expert'
2026-01-19T00:08:41.3669041Z     🧠 Consulting AI (Vision-First) to find 'ui-widget-content ui-draggable ui-draggable-handle'...
2026-01-19T00:08:41.3670161Z     🧠 [EXPERT] Strategy: Act as Senior SDET focusing on exploring the application to understand functional flow and identifying critical paths for end-to-end automation.
2026-01-19T00:08:41.3673786Z [CACHE HIT] 2d922bf1... (hits: 17, misses: 23)
2026-01-19T00:08:41.3674737Z     🧠 Verifying step validity for 'ui-widget-content ui-draggable ui-draggable-handle' after mining failure...
2026-01-19T00:08:44.2448779Z [DEBUG] Sending request to gemini-2.0-flash. Number of parts: 2
2026-01-19T00:08:44.2449500Z [DEBUG] Received response (Length: 480)
2026-01-19T00:08:44.2451645Z     🗑️ Step deemed INVALID: The target element "ui-widget-content ui-draggable ui-draggable-handle" is part of the draggable functionality. The screenshot shows the page for 'Draggable' with examples, but it doesn't show the actual draggable elements themselves. We need to select one of the examples on the right side of the page to see the draggable elements. Therefore, trying to interact with the draggable element at this stage is invalid.. Removing from workflow.
2026-01-19T00:08:44.2453401Z     ⏭️ Skipping execution of invalid step: ui-widget-content ui-draggable ui-draggable-handle
2026-01-19T00:08:46.2757469Z 
2026-01-19T00:08:46.2759196Z [3/5] Exploring Scenario: Verify Datepicker Functionality
2026-01-19T00:08:46.2760841Z     🧠 Initialized exploration context for goal: 'Test jQuery UI components'
2026-01-19T00:08:46.2761521Z   ▶️ [STEP step_1] NAVIGATE: 
2026-01-19T00:08:47.0951127Z     ✅ Navigated to https://jqueryui.com/demos/
2026-01-19T00:08:47.0951528Z   ▶️ [STEP step_2] ASSERT_URL: 
2026-01-19T00:08:52.1216158Z     ⚠️ Scroll into view failed for text=None. Proceeding anyway.
2026-01-19T00:08:54.1238376Z     ✅ State transitioned.
2026-01-19T00:08:54.1995796Z [CACHE HIT] df2e705a... (hits: 18, misses: 24)
2026-01-19T00:08:54.1996694Z     🤖 AI Next Step Suggestion: click -> Draggable
2026-01-19T00:08:54.1997285Z     🧩 Suggested Locator: a[href='draggable/']
2026-01-19T00:08:54.1998484Z     💭 Reasoning: To explore the jQuery UI components, I will start by clicking on the 'Draggable' link under the 'Interactions' section to navigate to the Draggable demo page.
2026-01-19T00:08:54.1999186Z     ➕ Injected AI step: click -> Draggable
2026-01-19T00:08:54.1999506Z   ▶️ [STEP step_2_ai_1] CLICK: Draggable
2026-01-19T00:08:54.2044753Z     🎯 Using AI-provided locator: a[href='draggable/']
2026-01-19T00:08:54.2063532Z     🔍 Mining locators for: 'Draggable'
2026-01-19T00:08:54.3146604Z     ✅ Found 2 verified locators
2026-01-19T00:08:57.8730441Z     ✅ State transitioned.
2026-01-19T00:08:57.9489724Z [CACHE HIT] 94ccf3b7... (hits: 19, misses: 24)
2026-01-19T00:08:57.9490778Z     🤖 AI Next Step Suggestion: click -> iframe
2026-01-19T00:08:57.9491513Z     🧩 Suggested Locator: iframe
2026-01-19T00:08:57.9492753Z     💭 Reasoning: The draggable functionality is within an iframe. Need to switch to the iframe to interact with the draggable element.
2026-01-19T00:08:57.9493929Z     ➕ Injected AI step: click -> iframe
2026-01-19T00:08:57.9494685Z   ▶️ [STEP step_2_ai_2] CLICK: iframe
2026-01-19T00:08:57.9632777Z     🎯 Using AI-provided locator: iframe
2026-01-19T00:08:57.9700451Z     ✅ Found 1 verified locators
2026-01-19T00:09:02.0164717Z     ✅ State transitioned.
2026-01-19T00:09:02.1317604Z [CACHE HIT] 9135e2ea... (hits: 20, misses: 24)
2026-01-19T00:09:02.1318427Z     🤖 AI Next Step Suggestion: done -> N/A
2026-01-19T00:09:02.1320471Z     💭 Reasoning: The current task is to test jQuery UI components, specifically the Draggable component. The page is currently inside the iframe of the Draggable example. The next step would be to interact with the draggable element inside the iframe, which requires manual interaction and cannot be automated further with simple clicks. Therefore, the exploration for this component is complete.
2026-01-19T00:09:02.1321866Z   ▶️ [STEP step_3] CLICK: Datepicker
2026-01-19T00:09:02.1369791Z     🔍 Mining locators for: 'Datepicker'
2026-01-19T00:09:02.2147804Z     ✅ Found 2 verified locators
2026-01-19T00:09:05.7843853Z     ✅ State transitioned.
2026-01-19T00:09:07.3830602Z [DEBUG] Sending request to gemini-2.0-flash. Number of parts: 2
2026-01-19T00:09:07.3831259Z [DEBUG] Received response (Length: 166)
2026-01-19T00:09:07.3832014Z     🤖 AI Next Step Suggestion: click -> iframe
2026-01-19T00:09:07.3832613Z     🧩 Suggested Locator: iframe
2026-01-19T00:09:07.3833520Z     💭 Reasoning: Need to switch to the iframe to interact with the datepicker element inside it.
2026-01-19T00:09:07.3835216Z ⚠️ Loop detected: same AI suggestion repeated 2 times. Moving to next step.
2026-01-19T00:09:07.3835986Z   ▶️ [STEP step_4] ASSERT_URL: 
2026-01-19T00:09:12.4076636Z     ⚠️ Scroll into view failed for text=None. Proceeding anyway.
2026-01-19T00:09:14.4098526Z     ✅ State transitioned.
2026-01-19T00:09:15.8939064Z [DEBUG] Sending request to gemini-2.0-flash. Number of parts: 2
2026-01-19T00:09:15.8939776Z [DEBUG] Received response (Length: 211)
2026-01-19T00:09:15.8940633Z     🤖 AI Next Step Suggestion: click -> iframe
2026-01-19T00:09:15.8941241Z     🧩 Suggested Locator: iframe
2026-01-19T00:09:15.8942374Z     💭 Reasoning: The datepicker is inside an iframe, so we need to switch to it to interact with the datepicker input field.
2026-01-19T00:09:15.8943481Z     ➕ Injected AI step: click -> iframe
2026-01-19T00:09:15.8944262Z   ▶️ [STEP step_4_ai_1] CLICK: iframe
2026-01-19T00:09:15.9009898Z     🎯 Using AI-provided locator: iframe
2026-01-19T00:09:15.9074612Z     ✅ Found 1 verified locators
2026-01-19T00:09:19.9674901Z     ✅ State transitioned.
2026-01-19T00:09:19.9733321Z     🔄 Revisited state detected (count: 1)
2026-01-19T00:09:21.5602447Z [DEBUG] Sending request to gemini-2.0-flash. Number of parts: 2
2026-01-19T00:09:21.5602979Z [DEBUG] Received response (Length: 177)
2026-01-19T00:09:21.5603496Z     🤖 AI Next Step Suggestion: click -> iframe
2026-01-19T00:09:21.5603813Z     🧩 Suggested Locator: iframe
2026-01-19T00:09:21.5604513Z     💭 Reasoning: Need to switch to the iframe to interact with the datepicker input field.
2026-01-19T00:09:21.5605078Z ⚠️ Loop detected: same AI suggestion repeated 2 times. Moving to next step.
2026-01-19T00:09:21.5605541Z   ▶️ [STEP step_5] ASSERT_VISIBLE: ui-datepicker-trigger
2026-01-19T00:09:21.5661384Z     🔍 Mining locators for: 'ui-datepicker-trigger'
2026-01-19T00:09:21.6305316Z     🧠 Consulting AI (Vision-First) to find 'ui-datepicker-trigger'...
2026-01-19T00:09:21.6306843Z     🧠 [EXPERT] Strategy: Act as Senior SDET focusing on exploring the application to understand functional flow and identifying critical paths for end-to-end automation.
2026-01-19T00:09:26.4697243Z [DEBUG] Sending request to gemini-2.0-flash. Number of parts: 2
2026-01-19T00:09:26.4698038Z [DEBUG] Received response (Length: 281)
2026-01-19T00:09:26.4699755Z     💡 Expert Suggestion: The 'ui-datepicker-trigger' is likely associated with the 'Icon trigger' example, which would display the datepicker with a trigger icon.
2026-01-19T00:09:26.4701278Z     🛠️ Executing corrective action: click -> 'Icon trigger'
2026-01-19T00:09:27.1054897Z     ✅ Executed corrective navigation
2026-01-19T00:09:29.1077624Z     🔄 Retry 1/3 mining locators for 'ui-datepicker-trigger'...
2026-01-19T00:09:30.1803618Z     🧠 Consulting AI (Vision-First) to find 'ui-datepicker-trigger'...
2026-01-19T00:09:30.1805294Z     🧠 [EXPERT] Strategy: Act as Senior SDET focusing on exploring the application to understand functional flow and identifying critical paths for end-to-end automation.
2026-01-19T00:09:32.0952132Z [DEBUG] Sending request to gemini-2.0-flash. Number of parts: 2
2026-01-19T00:09:32.0952562Z [DEBUG] Received response (Length: 429)
2026-01-19T00:09:32.0953175Z     🔄 Retry 2/3 mining locators for 'ui-datepicker-trigger'...
2026-01-19T00:09:33.0964242Z     🗑️ Invalidating stale AI cache (retry 2)...
2026-01-19T00:09:33.0965126Z     ⚠️ Cache invalidation warning: No module named 'core.agents.domain_expert'
2026-01-19T00:09:33.1642545Z     🧠 Consulting AI (Vision-First) to find 'ui-datepicker-trigger'...
2026-01-19T00:09:33.1644233Z     🧠 [EXPERT] Strategy: Act as Senior SDET focusing on exploring the application to understand functional flow and identifying critical paths for end-to-end automation.
2026-01-19T00:09:33.1647646Z [CACHE HIT] 14843083... (hits: 21, misses: 29)
2026-01-19T00:09:33.1648343Z     🧠 Verifying step validity for 'ui-datepicker-trigger' after mining failure...
2026-01-19T00:09:36.4794493Z [DEBUG] Sending request to gemini-2.0-flash. Number of parts: 2
2026-01-19T00:09:36.4795232Z [DEBUG] Received response (Length: 225)
2026-01-19T00:09:36.4795872Z     🛠️ Self-Correction: Step is valid. Using new locator: img.ui-datepicker-trigger
2026-01-19T00:09:41.9903458Z     ⚠️ Scroll into view failed for img.ui-datepicker-trigger. Proceeding anyway.
2026-01-19T00:09:43.9925750Z     ✅ State transitioned.
2026-01-19T00:09:45.8215608Z [DEBUG] Sending request to gemini-2.0-flash. Number of parts: 2
2026-01-19T00:09:45.8216207Z [DEBUG] Received response (Length: 251)
2026-01-19T00:09:45.8216874Z     🤖 AI Next Step Suggestion: click -> ui-datepicker-trigger
2026-01-19T00:09:45.8217276Z     🧩 Suggested Locator: .ui-datepicker-trigger
2026-01-19T00:09:45.8217913Z     💭 Reasoning: The last action was to assert that the datepicker trigger is visible. Now, click the trigger to open the datepicker.
2026-01-19T00:09:45.8218512Z     ➕ Injected AI step: click -> ui-datepicker-trigger
2026-01-19T00:09:45.8218883Z   ▶️ [STEP step_5_ai_1] CLICK: ui-datepicker-trigger
2026-01-19T00:09:45.8269618Z     🎯 Using AI-provided locator: .ui-datepicker-trigger
2026-01-19T00:09:45.8286685Z     🔍 Mining locators for: 'ui-datepicker-trigger'
2026-01-19T00:09:45.8962610Z     🧠 Consulting AI (Vision-First) to find 'ui-datepicker-trigger'...
2026-01-19T00:09:45.8964543Z     🧠 [EXPERT] Strategy: Act as Senior SDET focusing on exploring the application to understand functional flow and identifying critical paths for end-to-end automation.
2026-01-19T00:09:45.8970791Z [CACHE HIT] 14843083... (hits: 22, misses: 31)
2026-01-19T00:09:45.8971346Z     🔄 Retry 1/3 mining locators for 'ui-datepicker-trigger'...
2026-01-19T00:09:46.9622378Z     🧠 Consulting AI (Vision-First) to find 'ui-datepicker-trigger'...
2026-01-19T00:09:46.9623774Z     🧠 [EXPERT] Strategy: Act as Senior SDET focusing on exploring the application to understand functional flow and identifying critical paths for end-to-end automation.
2026-01-19T00:09:46.9629124Z [CACHE HIT] 14843083... (hits: 23, misses: 31)
2026-01-19T00:09:46.9629878Z     🔄 Retry 2/3 mining locators for 'ui-datepicker-trigger'...
2026-01-19T00:09:47.9641831Z     🗑️ Invalidating stale AI cache (retry 2)...
2026-01-19T00:09:47.9642844Z     ⚠️ Cache invalidation warning: No module named 'core.agents.domain_expert'
2026-01-19T00:09:48.0289296Z     🧠 Consulting AI (Vision-First) to find 'ui-datepicker-trigger'...
2026-01-19T00:09:48.0296616Z     🧠 [EXPERT] Strategy: Act as Senior SDET focusing on exploring the application to understand functional flow and identifying critical paths for end-to-end automation.
2026-01-19T00:09:48.0297772Z [CACHE HIT] 14843083... (hits: 24, misses: 31)
2026-01-19T00:09:48.0299187Z     🧠 Verifying step validity for 'ui-datepicker-trigger' after mining failure...
2026-01-19T00:09:48.0303585Z [CACHE HIT] 4694e08e... (hits: 25, misses: 31)
2026-01-19T00:09:48.0304700Z     🛠️ Self-Correction: Step is valid. Using new locator: img.ui-datepicker-trigger
2026-01-19T00:09:53.5406620Z     ⚠️ Scroll into view failed for img.ui-datepicker-trigger. Proceeding anyway.
2026-01-19T00:09:58.5828700Z     ⚠️ Action failed: Locator.bounding_box: Timeout 5000ms exceeded.
2026-01-19T00:09:58.5829355Z Cal...
2026-01-19T00:10:00.0163543Z [DEBUG] Sending request to gemini-2.0-flash. Number of parts: 2
2026-01-19T00:10:00.0164369Z [DEBUG] Received response (Length: 216)
2026-01-19T00:10:00.0166035Z     ✨ AI Heal Reasoning: The element with class 'ui-datepicker-trigger' is the calendar icon next to the date input field, which is used to trigger the datepicker.
2026-01-19T00:10:00.0167591Z     ✨ AI healed exploration action! New selector: .ui-datepicker-trigger
2026-01-19T00:10:05.5210877Z     ⚠️ Scroll into view failed for .ui-datepicker-trigger. Proceeding anyway.
2026-01-19T00:10:10.5230985Z   ▶️ [STEP step_6] CLICK: ui-datepicker-trigger
2026-01-19T00:10:10.5286461Z     🔍 Mining locators for: 'ui-datepicker-trigger'
2026-01-19T00:10:10.5959025Z     🧠 Consulting AI (Vision-First) to find 'ui-datepicker-trigger'...
2026-01-19T00:10:10.5960565Z     🧠 [EXPERT] Strategy: Act as Senior SDET focusing on exploring the application to understand functional flow and identifying critical paths for end-to-end automation.
2026-01-19T00:10:10.5966383Z [CACHE HIT] 14843083... (hits: 26, misses: 32)
2026-01-19T00:10:10.5966893Z     🔄 Retry 1/3 mining locators for 'ui-datepicker-trigger'...
2026-01-19T00:10:11.6610637Z     🧠 Consulting AI (Vision-First) to find 'ui-datepicker-trigger'...
2026-01-19T00:10:11.6611827Z     🧠 [EXPERT] Strategy: Act as Senior SDET focusing on exploring the application to understand functional flow and identifying critical paths for end-to-end automation.
2026-01-19T00:10:11.6617620Z [CACHE HIT] 14843083... (hits: 27, misses: 32)
2026-01-19T00:10:11.6618537Z     🔄 Retry 2/3 mining locators for 'ui-datepicker-trigger'...
2026-01-19T00:10:12.6626598Z     🗑️ Invalidating stale AI cache (retry 2)...
2026-01-19T00:10:12.6627711Z     ⚠️ Cache invalidation warning: No module named 'core.agents.domain_expert'
2026-01-19T00:10:12.7284464Z     🧠 Consulting AI (Vision-First) to find 'ui-datepicker-trigger'...
2026-01-19T00:10:12.7286056Z     🧠 [EXPERT] Strategy: Act as Senior SDET focusing on exploring the application to understand functional flow and identifying critical paths for end-to-end automation.
2026-01-19T00:10:12.7289604Z [CACHE HIT] 14843083... (hits: 28, misses: 32)
2026-01-19T00:10:12.7290363Z     🧠 Verifying step validity for 'ui-datepicker-trigger' after mining failure...
2026-01-19T00:10:12.7293772Z [CACHE HIT] 4694e08e... (hits: 29, misses: 32)
2026-01-19T00:10:12.7294582Z     🛠️ Self-Correction: Step is valid. Using new locator: img.ui-datepicker-trigger
2026-01-19T00:10:18.2386300Z     ⚠️ Scroll into view failed for img.ui-datepicker-trigger. Proceeding anyway.
2026-01-19T00:10:23.2395134Z     ⚠️ Action failed: Locator.bounding_box: Timeout 5000ms exceeded.
2026-01-19T00:10:23.2395489Z Cal...
2026-01-19T00:10:23.2950293Z [CACHE HIT] 13ed0994... (hits: 30, misses: 32)
2026-01-19T00:10:23.2951271Z     ✨ AI Heal Reasoning: The element with class 'ui-datepicker-trigger' is the calendar icon next to the date input field, which is used to trigger the datepicker.
2026-01-19T00:10:23.2952085Z     ✨ AI healed exploration action! New selector: .ui-datepicker-trigger
2026-01-19T00:10:28.7996541Z     ⚠️ Scroll into view failed for .ui-datepicker-trigger. Proceeding anyway.
2026-01-19T00:10:33.8013764Z   ▶️ [STEP step_7] ASSERT_VISIBLE: ui-datepicker-calendar
2026-01-19T00:10:33.8069994Z     🔍 Mining locators for: 'ui-datepicker-calendar'
2026-01-19T00:10:33.8615179Z     🧠 Consulting AI (Vision-First) to find 'ui-datepicker-calendar'...
2026-01-19T00:10:33.8616668Z     🧠 [EXPERT] Strategy: Act as Senior SDET focusing on exploring the application to understand functional flow and identifying critical paths for end-to-end automation.
2026-01-19T00:10:35.3257702Z [DEBUG] Sending request to gemini-2.0-flash. Number of parts: 2
2026-01-19T00:10:35.3258213Z [DEBUG] Received response (Length: 261)
2026-01-19T00:10:35.3259122Z     💡 Expert Suggestion: Clicking 'Icon trigger' should open the datepicker calendar, which will contain the 'ui-datepicker-calendar' element.
2026-01-19T00:10:35.3261293Z     🛠️ Executing corrective action: click -> 'Icon trigger'
2026-01-19T00:10:35.9465248Z     ✅ Executed corrective navigation
2026-01-19T00:10:37.9489097Z     🔄 Retry 1/3 mining locators for 'ui-datepicker-calendar'...
2026-01-19T00:10:39.0108508Z     🧠 Consulting AI (Vision-First) to find 'ui-datepicker-calendar'...
2026-01-19T00:10:39.0109527Z     🧠 [EXPERT] Strategy: Act as Senior SDET focusing on exploring the application to understand functional flow and identifying critical paths for end-to-end automation.
2026-01-19T00:10:39.0114611Z [CACHE HIT] 01a8a5c1... (hits: 31, misses: 33)
2026-01-19T00:10:39.0115174Z     ⚠️ Skipping duplicate injection: Icon trigger
2026-01-19T00:10:39.0115589Z     🔄 Retry 2/3 mining locators for 'ui-datepicker-calendar'...
2026-01-19T00:10:40.0128195Z     🗑️ Invalidating stale AI cache (retry 2)...
2026-01-19T00:10:40.0129403Z     ⚠️ Cache invalidation warning: No module named 'core.agents.domain_expert'
2026-01-19T00:10:40.0775499Z     🧠 Consulting AI (Vision-First) to find 'ui-datepicker-calendar'...
2026-01-19T00:10:40.0776684Z     🧠 [EXPERT] Strategy: Act as Senior SDET focusing on exploring the application to understand functional flow and identifying critical paths for end-to-end automation.
2026-01-19T00:10:40.0781982Z [CACHE HIT] 01a8a5c1... (hits: 32, misses: 33)
2026-01-19T00:10:40.0782516Z     ⚠️ Skipping duplicate injection: Icon trigger
2026-01-19T00:10:40.0783426Z     🧠 Verifying step validity for 'ui-datepicker-calendar' after no candidates found...
2026-01-19T00:10:41.5714279Z [DEBUG] Sending request to gemini-2.0-flash. Number of parts: 2
2026-01-19T00:10:41.5714914Z [DEBUG] Received response (Length: 258)
2026-01-19T00:10:41.5717180Z     🗑️ Step deemed INVALID: The element with class 'ui-datepicker-calendar' is not visible on the page. The datepicker has not been activated yet. We need to click the icon next to the date field to make the calendar appear.. Removing from workflow.
2026-01-19T00:10:41.5719300Z     ⏭️ Skipping execution of invalid step: ui-datepicker-calendar
2026-01-19T00:10:41.5720092Z   ▶️ [STEP step_8] CLICK: ui-state-default
2026-01-19T00:10:41.5773069Z     🔍 Mining locators for: 'ui-state-default'
2026-01-19T00:10:41.6445520Z     🧠 Consulting AI (Vision-First) to find 'ui-state-default'...
2026-01-19T00:10:41.6446432Z     🧠 [EXPERT] Strategy: Act as Senior SDET focusing on exploring the application to understand functional flow and identifying critical paths for end-to-end automation.
2026-01-19T00:10:46.5531979Z [DEBUG] Sending request to gemini-2.0-flash. Number of parts: 2
2026-01-19T00:10:46.5532602Z [DEBUG] Received response (Length: 347)
2026-01-19T00:10:46.5533747Z     💡 Expert Suggestion: The 'ui-state-default' class is commonly associated with button-like elements or interactive components. Clicking 'Default functionality' under 'Examples' might reveal elements using this class.
2026-01-19T00:10:46.5534874Z     🛠️ Executing corrective action: click -> 'Default functionality'
2026-01-19T00:10:47.1462696Z     ✅ Executed corrective navigation
2026-01-19T00:10:49.1493310Z     🔄 Retry 1/3 mining locators for 'ui-state-default'...
2026-01-19T00:10:50.2105048Z     🧠 Consulting AI (Vision-First) to find 'ui-state-default'...
2026-01-19T00:10:50.2106854Z     🧠 [EXPERT] Strategy: Act as Senior SDET focusing on exploring the application to understand functional flow and identifying critical paths for end-to-end automation.
2026-01-19T00:10:52.1120470Z [DEBUG] Sending request to gemini-2.0-flash. Number of parts: 2
2026-01-19T00:10:52.1120863Z [DEBUG] Received response (Length: 413)
2026-01-19T00:10:52.1121417Z     🔄 Retry 2/3 mining locators for 'ui-state-default'...
2026-01-19T00:10:53.1132361Z     🗑️ Invalidating stale AI cache (retry 2)...
2026-01-19T00:10:53.1133374Z     ⚠️ Cache invalidation warning: No module named 'core.agents.domain_expert'
2026-01-19T00:10:53.2113941Z     🧠 Consulting AI (Vision-First) to find 'ui-state-default'...
2026-01-19T00:10:53.2116055Z     🧠 [EXPERT] Strategy: Act as Senior SDET focusing on exploring the application to understand functional flow and identifying critical paths for end-to-end automation.
2026-01-19T00:10:53.2121403Z [CACHE HIT] 4435f259... (hits: 33, misses: 36)
2026-01-19T00:10:53.2122333Z     🧠 Verifying step validity for 'ui-state-default' after mining failure...
2026-01-19T00:10:56.4477074Z [DEBUG] Sending request to gemini-2.0-flash. Number of parts: 2
2026-01-19T00:10:56.4477505Z [DEBUG] Received response (Length: 256)
2026-01-19T00:10:56.4478747Z     🗑️ Step deemed INVALID: The element with class 'ui-state-default' is part of the datepicker's calendar, which is not yet visible on the page. The datepicker needs to be opened first by interacting with the input field.. Removing from workflow.
2026-01-19T00:10:56.4479721Z     ⏭️ Skipping execution of invalid step: ui-state-default
2026-01-19T00:10:58.4793278Z 
2026-01-19T00:10:58.4794515Z [4/5] Exploring Scenario: Test Slider Widget
2026-01-19T00:10:58.4795947Z     🧠 Initialized exploration context for goal: 'Test jQuery UI components'
2026-01-19T00:10:58.4796879Z   ▶️ [STEP step_1] NAVIGATE: 
2026-01-19T00:10:59.3189246Z     ✅ Navigated to https://jqueryui.com/demos/
2026-01-19T00:10:59.3189925Z   ▶️ [STEP step_2] ASSERT_URL: 
2026-01-19T00:11:04.3448767Z     ⚠️ Scroll into view failed for text=None. Proceeding anyway.
2026-01-19T00:11:06.3470830Z     ✅ State transitioned.
2026-01-19T00:11:06.4275818Z [CACHE HIT] df2e705a... (hits: 34, misses: 37)
2026-01-19T00:11:06.4276715Z     🤖 AI Next Step Suggestion: click -> Draggable
2026-01-19T00:11:06.4277352Z     🧩 Suggested Locator: a[href='draggable/']
2026-01-19T00:11:06.4278945Z     💭 Reasoning: To explore the jQuery UI components, I will start by clicking on the 'Draggable' link under the 'Interactions' section to navigate to the Draggable demo page.
2026-01-19T00:11:06.4280408Z     ➕ Injected AI step: click -> Draggable
2026-01-19T00:11:06.4281044Z   ▶️ [STEP step_2_ai_1] CLICK: Draggable
2026-01-19T00:11:06.4330410Z     🎯 Using AI-provided locator: a[href='draggable/']
2026-01-19T00:11:06.4348300Z     🔍 Mining locators for: 'Draggable'
2026-01-19T00:11:06.5441594Z     ✅ Found 2 verified locators
2026-01-19T00:11:10.1000726Z     ✅ State transitioned.
2026-01-19T00:11:10.1765950Z [CACHE HIT] 94ccf3b7... (hits: 35, misses: 37)
2026-01-19T00:11:10.1766815Z     🤖 AI Next Step Suggestion: click -> iframe
2026-01-19T00:11:10.1767425Z     🧩 Suggested Locator: iframe
2026-01-19T00:11:10.1768659Z     💭 Reasoning: The draggable functionality is within an iframe. Need to switch to the iframe to interact with the draggable element.
2026-01-19T00:11:10.1769859Z     ➕ Injected AI step: click -> iframe
2026-01-19T00:11:10.1770442Z   ▶️ [STEP step_2_ai_2] CLICK: iframe
2026-01-19T00:11:10.1908134Z     🎯 Using AI-provided locator: iframe
2026-01-19T00:11:10.1972533Z     ✅ Found 1 verified locators
2026-01-19T00:11:14.2434945Z     ✅ State transitioned.
2026-01-19T00:11:14.3104344Z [CACHE HIT] 9135e2ea... (hits: 36, misses: 37)
2026-01-19T00:11:14.3105109Z     🤖 AI Next Step Suggestion: done -> N/A
2026-01-19T00:11:14.3106740Z     💭 Reasoning: The current task is to test jQuery UI components, specifically the Draggable component. The page is currently inside the iframe of the Draggable example. The next step would be to interact with the draggable element inside the iframe, which requires manual interaction and cannot be automated further with simple clicks. Therefore, the exploration for this component is complete.
2026-01-19T00:11:14.3108103Z   ▶️ [STEP step_3] CLICK: Slider
2026-01-19T00:11:14.3155148Z     🔍 Mining locators for: 'Slider'
2026-01-19T00:11:14.3931903Z     ✅ Found 2 verified locators
2026-01-19T00:11:17.9642817Z     ✅ State transitioned.
2026-01-19T00:11:19.9158937Z [DEBUG] Sending request to gemini-2.0-flash. Number of parts: 2
2026-01-19T00:11:19.9159499Z [DEBUG] Received response (Length: 242)
2026-01-19T00:11:19.9160055Z     🤖 AI Next Step Suggestion: CLICK -> Default functionality
2026-01-19T00:11:19.9160520Z     🧩 Suggested Locator: a:contains('Default functionality')
2026-01-19T00:11:19.9161419Z     💭 Reasoning: To explore the basic functionality of the slider, clicking on 'Default functionality' is the next logical step.
2026-01-19T00:11:19.9162016Z     ➕ Injected AI step: CLICK -> Default functionality
2026-01-19T00:11:19.9162396Z   ▶️ [STEP step_3_ai_1] CLICK: Default functionality
2026-01-19T00:11:19.9297568Z     🎯 Using AI-provided locator: a:contains('Default functionality')
2026-01-19T00:11:19.9332271Z     🔍 Mining locators for: 'Default functionality'
2026-01-19T00:11:20.0099314Z     ✅ Found 2 verified locators
2026-01-19T00:11:22.5623830Z     ✅ State transitioned.
2026-01-19T00:11:24.3566927Z [DEBUG] Sending request to gemini-2.0-flash. Number of parts: 2
2026-01-19T00:11:24.3567526Z [DEBUG] Received response (Length: 159)
2026-01-19T00:11:24.3568118Z     🤖 AI Next Step Suggestion: click -> Colorpicker
2026-01-19T00:11:24.3568733Z     🧩 Suggested Locator: a:contains('Colorpicker')
2026-01-19T00:11:24.3569145Z     💭 Reasoning: To explore another example of the slider widget.
2026-01-19T00:11:24.3569550Z     ➕ Injected AI step: click -> Colorpicker
2026-01-19T00:11:24.3569873Z   ▶️ [STEP step_3_ai_2] CLICK: Colorpicker
2026-01-19T00:11:24.3623285Z     🎯 Using AI-provided locator: a:contains('Colorpicker')
2026-01-19T00:11:24.3645585Z     🔍 Mining locators for: 'Colorpicker'
2026-01-19T00:11:24.4390488Z     ✅ Found 2 verified locators
2026-01-19T00:11:27.9852320Z     ✅ State transitioned.
2026-01-19T00:11:29.7418036Z [DEBUG] Sending request to gemini-2.0-flash. Number of parts: 2
2026-01-19T00:11:29.7418693Z [DEBUG] Received response (Length: 363)
2026-01-19T00:11:29.7419248Z     🤖 AI Next Step Suggestion: done -> N/A
2026-01-19T00:11:29.7420601Z     💭 Reasoning: The current task is to test jQuery UI components. The current page is the colorpicker example within the slider component. Interacting with the sliders within the iframe would be the next logical step, but that is outside the scope of what can be automated without more advanced tools. Therefore, I will mark this as done.
2026-01-19T00:11:29.7421827Z   ▶️ [STEP step_4] ASSERT_URL: 
2026-01-19T00:11:35.2600992Z     ⚠️ Scroll into view failed for text=None. Proceeding anyway.
2026-01-19T00:11:37.2623255Z     ✅ State transitioned.
2026-01-19T00:11:37.2694897Z     🔄 Revisited state detected (count: 1)
2026-01-19T00:11:38.7773045Z [DEBUG] Sending request to gemini-2.0-flash. Number of parts: 2
2026-01-19T00:11:38.7773623Z [DEBUG] Received response (Length: 392)
2026-01-19T00:11:38.7774430Z     🤖 AI Next Step Suggestion: done -> N/A
2026-01-19T00:11:38.7775886Z     💭 Reasoning: The current goal is to test jQuery UI components, and the current page is the colorpicker example for the slider component. The colorpicker functionality is displayed on the page, and the previous action was to assert the URL. There are no further actions to take on this page to test the colorpicker. Therefore, the goal is likely achieved from here.
2026-01-19T00:11:38.7777222Z   ▶️ [STEP step_5] ASSERT_VISIBLE: ui-slider-handle
2026-01-19T00:11:38.7831664Z     🔍 Mining locators for: 'ui-slider-handle'
2026-01-19T00:11:38.8410719Z     🧠 Consulting AI (Vision-First) to find 'ui-slider-handle'...
2026-01-19T00:11:38.8412041Z     🧠 [EXPERT] Strategy: Act as Senior SDET focusing on exploring the application to understand functional flow and identifying critical paths for end-to-end automation.
2026-01-19T00:11:44.0214915Z [DEBUG] Sending request to gemini-2.0-flash. Number of parts: 2
2026-01-19T00:11:44.0215399Z [DEBUG] Received response (Length: 385)
2026-01-19T00:11:44.0215939Z     🔄 Retry 1/3 mining locators for 'ui-slider-handle'...
2026-01-19T00:11:45.1241998Z     🧠 Consulting AI (Vision-First) to find 'ui-slider-handle'...
2026-01-19T00:11:45.1243374Z     🧠 [EXPERT] Strategy: Act as Senior SDET focusing on exploring the application to understand functional flow and identifying critical paths for end-to-end automation.
2026-01-19T00:11:45.1247861Z [CACHE HIT] e1e3eade... (hits: 37, misses: 42)
2026-01-19T00:11:45.1248596Z     🔄 Retry 2/3 mining locators for 'ui-slider-handle'...
2026-01-19T00:11:46.1260807Z     🗑️ Invalidating stale AI cache (retry 2)...
2026-01-19T00:11:46.1261511Z     ⚠️ Cache invalidation warning: No module named 'core.agents.domain_expert'
2026-01-19T00:11:46.1914090Z     🧠 Consulting AI (Vision-First) to find 'ui-slider-handle'...
2026-01-19T00:11:46.1915881Z     🧠 [EXPERT] Strategy: Act as Senior SDET focusing on exploring the application to understand functional flow and identifying critical paths for end-to-end automation.
2026-01-19T00:11:46.1921234Z [CACHE HIT] e1e3eade... (hits: 38, misses: 42)
2026-01-19T00:11:46.1921867Z     🧠 Verifying step validity for 'ui-slider-handle' after mining failure...
2026-01-19T00:11:48.6493256Z [DEBUG] Sending request to gemini-2.0-flash. Number of parts: 2
2026-01-19T00:11:48.6494186Z [DEBUG] Received response (Length: 222)
2026-01-19T00:11:48.6495499Z     🛠️ Self-Correction: Step is valid. Using new locator: .ui-slider-handle
2026-01-19T00:11:54.1614613Z     ⚠️ Scroll into view failed for .ui-slider-handle. Proceeding anyway.
2026-01-19T00:11:56.1639113Z     ✅ State transitioned.
2026-01-19T00:11:56.1710010Z     🔄 Revisited state detected (count: 2)
2026-01-19T00:11:57.8145000Z [DEBUG] Sending request to gemini-2.0-flash. Number of parts: 2
2026-01-19T00:11:57.8145545Z [DEBUG] Received response (Length: 484)
2026-01-19T00:11:57.8146087Z     🤖 AI Next Step Suggestion: done -> N/A
2026-01-19T00:11:57.8147854Z     💭 Reasoning: The current goal is to test jQuery UI components, specifically the slider. The last few actions have focused on the colorpicker example within the slider. Since the sliders are visible and the handle is visible, the basic functionality of the colorpicker slider has been verified. There are no other immediately obvious actions to take on this page to further test the colorpicker slider. Therefore, the goal is likely achieved from this page.
2026-01-19T00:11:57.8149442Z   ▶️ [STEP step_6] HOVER: ui-slider-handle
2026-01-19T00:11:57.8209203Z     🔍 Mining locators for: 'ui-slider-handle'
2026-01-19T00:11:57.8750717Z     🧠 Consulting AI (Vision-First) to find 'ui-slider-handle'...
2026-01-19T00:11:57.8752012Z     🧠 [EXPERT] Strategy: Act as Senior SDET focusing on exploring the application to understand functional flow and identifying critical paths for end-to-end automation.
2026-01-19T00:11:57.8758015Z [CACHE HIT] e1e3eade... (hits: 39, misses: 44)
2026-01-19T00:11:57.8758503Z     🔄 Retry 1/3 mining locators for 'ui-slider-handle'...
2026-01-19T00:11:58.9409000Z     🧠 Consulting AI (Vision-First) to find 'ui-slider-handle'...
2026-01-19T00:11:58.9410776Z     🧠 [EXPERT] Strategy: Act as Senior SDET focusing on exploring the application to understand functional flow and identifying critical paths for end-to-end automation.
2026-01-19T00:11:58.9415930Z [CACHE HIT] e1e3eade... (hits: 40, misses: 44)
2026-01-19T00:11:58.9416480Z     🔄 Retry 2/3 mining locators for 'ui-slider-handle'...
2026-01-19T00:11:59.9428454Z     🗑️ Invalidating stale AI cache (retry 2)...
2026-01-19T00:11:59.9429497Z     ⚠️ Cache invalidation warning: No module named 'core.agents.domain_expert'
2026-01-19T00:12:00.0076397Z     🧠 Consulting AI (Vision-First) to find 'ui-slider-handle'...
2026-01-19T00:12:00.0078111Z     🧠 [EXPERT] Strategy: Act as Senior SDET focusing on exploring the application to understand functional flow and identifying critical paths for end-to-end automation.
2026-01-19T00:12:00.0083625Z [CACHE HIT] e1e3eade... (hits: 41, misses: 44)
2026-01-19T00:12:00.0084549Z     🧠 Verifying step validity for 'ui-slider-handle' after mining failure...
2026-01-19T00:12:00.0088111Z [CACHE HIT] 53ce8efa... (hits: 42, misses: 44)
2026-01-19T00:12:00.0088863Z     🛠️ Self-Correction: Step is valid. Using new locator: .ui-slider-handle
2026-01-19T00:12:05.5192939Z     ⚠️ Scroll into view failed for .ui-slider-handle. Proceeding anyway.
2026-01-19T00:12:10.5217428Z     ⚠️ Action failed: Locator.bounding_box: Timeout 5000ms exceeded.
2026-01-19T00:12:10.5218133Z Cal...
2026-01-19T00:12:12.6301564Z [DEBUG] Sending request to gemini-2.0-flash. Number of parts: 2
2026-01-19T00:12:12.6301963Z [DEBUG] Received response (Length: 251)
2026-01-19T00:12:12.6302978Z     ✨ AI Heal Reasoning: The goal is to find the best VISIBLE element for "ui-slider-handle". The image shows three sliders with handles. The selector ".ui-slider-handle" will select all the handles.
2026-01-19T00:12:12.6303808Z     ✨ AI healed exploration action! New selector: .ui-slider-handle
2026-01-19T00:12:18.1358175Z     ⚠️ Scroll into view failed for .ui-slider-handle. Proceeding anyway.
2026-01-19T00:12:25.1685387Z 
2026-01-19T00:12:25.1686148Z [5/5] Exploring Scenario: Verify Tooltip Functionality
2026-01-19T00:12:25.1687543Z     🧠 Initialized exploration context for goal: 'Test jQuery UI components'
2026-01-19T00:12:25.1688892Z   ▶️ [STEP step_1] NAVIGATE: 
2026-01-19T00:12:26.0202044Z     ✅ Navigated to https://jqueryui.com/demos/
2026-01-19T00:12:26.0202440Z   ▶️ [STEP step_2] ASSERT_URL: 
2026-01-19T00:12:31.0461604Z     ⚠️ Scroll into view failed for text=None. Proceeding anyway.
2026-01-19T00:12:33.0483630Z     ✅ State transitioned.
2026-01-19T00:12:33.1249929Z [CACHE HIT] df2e705a... (hits: 43, misses: 45)
2026-01-19T00:12:33.1250665Z     🤖 AI Next Step Suggestion: click -> Draggable
2026-01-19T00:12:33.1251207Z     🧩 Suggested Locator: a[href='draggable/']
2026-01-19T00:12:33.1252513Z     💭 Reasoning: To explore the jQuery UI components, I will start by clicking on the 'Draggable' link under the 'Interactions' section to navigate to the Draggable demo page.
2026-01-19T00:12:33.1253690Z     ➕ Injected AI step: click -> Draggable
2026-01-19T00:12:33.1254389Z   ▶️ [STEP step_2_ai_1] CLICK: Draggable
2026-01-19T00:12:33.1302936Z     🎯 Using AI-provided locator: a[href='draggable/']
2026-01-19T00:12:33.1321366Z     🔍 Mining locators for: 'Draggable'
2026-01-19T00:12:33.2232147Z     ✅ Found 2 verified locators
2026-01-19T00:12:36.7799059Z     ✅ State transitioned.
2026-01-19T00:12:36.8574157Z [CACHE HIT] 94ccf3b7... (hits: 44, misses: 45)
2026-01-19T00:12:36.8575007Z     🤖 AI Next Step Suggestion: click -> iframe
2026-01-19T00:12:36.8575377Z     🧩 Suggested Locator: iframe
2026-01-19T00:12:36.8576082Z     💭 Reasoning: The draggable functionality is within an iframe. Need to switch to the iframe to interact with the draggable element.
2026-01-19T00:12:36.8576660Z     ➕ Injected AI step: click -> iframe
2026-01-19T00:12:36.8576967Z   ▶️ [STEP step_2_ai_2] CLICK: iframe
2026-01-19T00:12:36.8706706Z     🎯 Using AI-provided locator: iframe
2026-01-19T00:12:36.8768253Z     ✅ Found 1 verified locators
2026-01-19T00:12:40.9416104Z     ✅ State transitioned.
2026-01-19T00:12:41.0064348Z [CACHE HIT] 9135e2ea... (hits: 45, misses: 45)
2026-01-19T00:12:41.0065194Z     🤖 AI Next Step Suggestion: done -> N/A
2026-01-19T00:12:41.0067177Z     💭 Reasoning: The current task is to test jQuery UI components, specifically the Draggable component. The page is currently inside the iframe of the Draggable example. The next step would be to interact with the draggable element inside the iframe, which requires manual interaction and cannot be automated further with simple clicks. Therefore, the exploration for this component is complete.
2026-01-19T00:12:41.0068555Z   ▶️ [STEP step_3] CLICK: Tooltip
2026-01-19T00:12:41.0118162Z     🔍 Mining locators for: 'Tooltip'
2026-01-19T00:12:41.0917056Z     ✅ Found 2 verified locators
2026-01-19T00:12:44.6616962Z     ✅ State transitioned.
2026-01-19T00:12:46.3332314Z [DEBUG] Sending request to gemini-2.0-flash. Number of parts: 2
2026-01-19T00:12:46.3333001Z [DEBUG] Received response (Length: 255)
2026-01-19T00:12:46.3333869Z     🤖 AI Next Step Suggestion: click -> Default functionality
2026-01-19T00:12:46.3334632Z     🧩 Suggested Locator: a:contains('Default functionality')
2026-01-19T00:12:46.3335331Z     💭 Reasoning: To explore the default functionality of the tooltip component, clicking on 'Default functionality' is the next logical step.
2026-01-19T00:12:46.3336008Z     ➕ Injected AI step: click -> Default functionality
2026-01-19T00:12:46.3336626Z   ▶️ [STEP step_3_ai_1] CLICK: Default functionality
2026-01-19T00:12:46.3473666Z     🎯 Using AI-provided locator: a:contains('Default functionality')
2026-01-19T00:12:46.3506265Z     🔍 Mining locators for: 'Default functionality'
2026-01-19T00:12:46.4273815Z     ✅ Found 2 verified locators
2026-01-19T00:12:49.9984507Z     ✅ State transitioned.
2026-01-19T00:12:51.4661097Z [DEBUG] Sending request to gemini-2.0-flash. Number of parts: 2
2026-01-19T00:12:51.4661599Z [DEBUG] Received response (Length: 209)
2026-01-19T00:12:51.4662143Z     🤖 AI Next Step Suggestion: click -> iframe
2026-01-19T00:12:51.4662471Z     🧩 Suggested Locator: iframe
2026-01-19T00:12:51.4663103Z     💭 Reasoning: Need to switch to the iframe to interact with the elements within it. This is necessary to test the tooltip functionality.
2026-01-19T00:12:51.4663927Z     ➕ Injected AI step: click -> iframe
2026-01-19T00:12:51.4664406Z   ▶️ [STEP step_3_ai_2] CLICK: iframe
2026-01-19T00:12:51.4720002Z     🎯 Using AI-provided locator: iframe
2026-01-19T00:12:51.4776836Z     ✅ Found 1 verified locators
2026-01-19T00:12:55.5228963Z     ✅ State transitioned.
2026-01-19T00:12:55.5292519Z     🔄 Revisited state detected (count: 1)
2026-01-19T00:12:57.4673190Z [DEBUG] Sending request to gemini-2.0-flash. Number of parts: 2
2026-01-19T00:12:57.4673854Z [DEBUG] Received response (Length: 222)
2026-01-19T00:12:57.4674779Z     🤖 AI Next Step Suggestion: click -> Forms
2026-01-19T00:12:57.4675358Z     🧩 Suggested Locator: a:contains('Forms')
2026-01-19T00:12:57.4676527Z     💭 Reasoning: To explore the 'Forms' example within the Tooltip component to understand its functionality and potential automation paths.
2026-01-19T00:12:57.4677118Z     ➕ Injected AI step: click -> Forms
2026-01-19T00:12:57.4677425Z   ▶️ [STEP step_3_ai_3] CLICK: Forms
2026-01-19T00:12:57.4735363Z     🎯 Using AI-provided locator: a:contains('Forms')
2026-01-19T00:12:57.4758982Z     🔍 Mining locators for: 'Forms'
2026-01-19T00:12:57.5532166Z     ✅ Found 2 verified locators
2026-01-19T00:13:01.0954258Z     ✅ State transitioned.
2026-01-19T00:13:03.0729929Z [DEBUG] Sending request to gemini-2.0-flash. Number of parts: 2
2026-01-19T00:13:03.0730582Z [DEBUG] Received response (Length: 271)
2026-01-19T00:13:03.0731369Z     🤖 AI Next Step Suggestion: fill -> Firstname
2026-01-19T00:13:03.0732042Z     🧩 Suggested Locator: input[name='firstname']
2026-01-19T00:13:03.0733536Z     💭 Reasoning: The current page is a form, and filling the Firstname field is the next logical step to interact with the form and test the tooltip functionality.
2026-01-19T00:13:03.0735129Z     ➕ Injected AI step: fill -> Firstname
2026-01-19T00:13:03.0735700Z   ▶️ [STEP step_3_ai_4] FILL: Firstname
2026-01-19T00:13:03.0793217Z     🎯 Using AI-provided locator: input[name='firstname']
2026-01-19T00:13:03.0812563Z     🔍 Mining locators for: 'Firstname'
2026-01-19T00:13:03.1895258Z     🧠 Consulting AI (Vision-First) to find 'Firstname'...
2026-01-19T00:13:03.1896177Z     🧠 [EXPERT] Strategy: Act as Senior SDET focusing on exploring the application to understand functional flow and identifying critical paths for end-to-end automation.
2026-01-19T00:13:08.0759186Z [DEBUG] Sending request to gemini-2.0-flash. Number of parts: 2
2026-01-19T00:13:08.0759583Z [DEBUG] Received response (Length: 473)
2026-01-19T00:13:08.0760077Z     ⚠️ Critical step failure: 'priority'
2026-01-19T00:13:08.0760387Z   ▶️ [STEP step_4] ASSERT_URL: 
2026-01-19T00:13:13.5921192Z     ⚠️ Scroll into view failed for text=None. Proceeding anyway.
2026-01-19T00:13:15.5947696Z     ✅ State transitioned.
2026-01-19T00:13:15.6012927Z     🔄 Revisited state detected (count: 1)
2026-01-19T00:13:19.6213665Z [DEBUG] Sending request to gemini-2.0-flash. Number of parts: 2
2026-01-19T00:13:19.6214476Z [DEBUG] Received response (Length: 279)
2026-01-19T00:13:19.6215303Z     🤖 AI Next Step Suggestion: fill -> Firstname
2026-01-19T00:13:19.6216303Z     🧩 Suggested Locator: input[name='firstname']
2026-01-19T00:13:19.6218045Z     💭 Reasoning: The current page is the 'Forms' example for tooltips. Filling the form fields is the next logical step to test the tooltip functionality on form elements.
2026-01-19T00:13:19.6219636Z ⚠️ Loop detected: same AI suggestion repeated 2 times. Moving to next step.
2026-01-19T00:13:19.6220475Z   ▶️ [STEP step_5] ASSERT_VISIBLE: ui-tooltip
2026-01-19T00:13:19.6276533Z     🔍 Mining locators for: 'ui-tooltip'
2026-01-19T00:13:19.6877952Z     🧠 Consulting AI (Vision-First) to find 'ui-tooltip'...
2026-01-19T00:13:19.6879394Z     🧠 [EXPERT] Strategy: Act as Senior SDET focusing on exploring the application to understand functional flow and identifying critical paths for end-to-end automation.
2026-01-19T00:13:22.6269361Z [DEBUG] Sending request to gemini-2.0-flash. Number of parts: 2
2026-01-19T00:13:22.6269799Z [DEBUG] Received response (Length: 428)
2026-01-19T00:13:22.6270391Z     🔄 Retry 1/3 mining locators for 'ui-tooltip'...
2026-01-19T00:13:23.7042626Z     🧠 Consulting AI (Vision-First) to find 'ui-tooltip'...
2026-01-19T00:13:23.7044335Z     🧠 [EXPERT] Strategy: Act as Senior SDET focusing on exploring the application to understand functional flow and identifying critical paths for end-to-end automation.
2026-01-19T00:13:23.7049253Z [CACHE HIT] b8d89d36... (hits: 46, misses: 52)
2026-01-19T00:13:23.7049779Z     🔄 Retry 2/3 mining locators for 'ui-tooltip'...
2026-01-19T00:13:24.7062661Z     🗑️ Invalidating stale AI cache (retry 2)...
2026-01-19T00:13:24.7063535Z     ⚠️ Cache invalidation warning: No module named 'core.agents.domain_expert'
2026-01-19T00:13:24.7708872Z     🧠 Consulting AI (Vision-First) to find 'ui-tooltip'...
2026-01-19T00:13:24.7710386Z     🧠 [EXPERT] Strategy: Act as Senior SDET focusing on exploring the application to understand functional flow and identifying critical paths for end-to-end automation.
2026-01-19T00:13:24.7715804Z [CACHE HIT] b8d89d36... (hits: 47, misses: 52)
2026-01-19T00:13:24.7716506Z     🧠 Verifying step validity for 'ui-tooltip' after mining failure...
2026-01-19T00:13:27.2019684Z [DEBUG] Sending request to gemini-2.0-flash. Number of parts: 2
2026-01-19T00:13:27.2020380Z [DEBUG] Received response (Length: 359)
2026-01-19T00:13:27.2021344Z     🛠️ Self-Correction: Step is valid. Using new locator: .ui-tooltip
2026-01-19T00:13:32.7133081Z     ⚠️ Scroll into view failed for .ui-tooltip. Proceeding anyway.
2026-01-19T00:13:34.7157660Z     ✅ State transitioned.
2026-01-19T00:13:34.7225808Z     🔄 Revisited state detected (count: 2)
2026-01-19T00:13:36.2034928Z [DEBUG] Sending request to gemini-2.0-flash. Number of parts: 2
2026-01-19T00:13:36.2035363Z [DEBUG] Received response (Length: 230)
2026-01-19T00:13:36.2035941Z     🤖 AI Next Step Suggestion: click -> Show help
2026-01-19T00:13:36.2036624Z     💭 Reasoning: Clicking 'Show help' will display the tooltips for the form fields, allowing us to test the tooltip functionality on the forms.
2026-01-19T00:13:36.2037637Z     ➕ Injected AI step: click -> Show help
2026-01-19T00:13:36.2037973Z   ▶️ [STEP step_5_ai_1] CLICK: Show help
2026-01-19T00:13:36.2098467Z     🔍 Mining locators for: 'Show help'
2026-01-19T00:13:36.2697499Z     🧠 Consulting AI (Vision-First) to find 'Show help'...
2026-01-19T00:13:36.2698913Z     🧠 [EXPERT] Strategy: Act as Senior SDET focusing on exploring the application to understand functional flow and identifying critical paths for end-to-end automation.
2026-01-19T00:13:42.3679639Z [DEBUG] Sending request to gemini-2.0-flash. Number of parts: 2
2026-01-19T00:13:42.3680248Z [DEBUG] Received response (Length: 447)
2026-01-19T00:13:42.3680810Z     🔄 Retry 1/3 mining locators for 'Show help'...
2026-01-19T00:13:43.4874537Z     🧠 Consulting AI (Vision-First) to find 'Show help'...
2026-01-19T00:13:43.4875587Z     🧠 [EXPERT] Strategy: Act as Senior SDET focusing on exploring the application to understand functional flow and identifying critical paths for end-to-end automation.
2026-01-19T00:13:43.4879977Z [CACHE HIT] b1d2a556... (hits: 48, misses: 55)
2026-01-19T00:13:43.4880430Z     🔄 Retry 2/3 mining locators for 'Show help'...
2026-01-19T00:13:44.4893272Z     🗑️ Invalidating stale AI cache (retry 2)...
2026-01-19T00:13:44.4894364Z     ⚠️ Cache invalidation warning: No module named 'core.agents.domain_expert'
2026-01-19T00:13:44.5535275Z     🧠 Consulting AI (Vision-First) to find 'Show help'...
2026-01-19T00:13:44.5536574Z     🧠 [EXPERT] Strategy: Act as Senior SDET focusing on exploring the application to understand functional flow and identifying critical paths for end-to-end automation.
2026-01-19T00:13:44.5542915Z [CACHE HIT] b1d2a556... (hits: 49, misses: 55)
2026-01-19T00:13:44.5543761Z     🧠 Verifying step validity for 'Show help' after mining failure...
2026-01-19T00:13:46.2023013Z [DEBUG] Sending request to gemini-2.0-flash. Number of parts: 2
2026-01-19T00:13:46.2023522Z [DEBUG] Received response (Length: 208)
2026-01-19T00:13:46.2024400Z     🛠️ Self-Correction: Step is valid. Using new locator: button:contains('Show help')
2026-01-19T00:13:46.2148182Z     ⚠️ Scroll into view failed for button:contains('Show help'). Proceeding anyway.
2026-01-19T00:13:46.2173192Z     ⚠️ Action failed: Locator.bounding_box: SyntaxError: Failed to execu...
2026-01-19T00:13:51.0350582Z [DEBUG] Sending request to gemini-2.0-flash. Number of parts: 2
2026-01-19T00:13:51.0351294Z [DEBUG] Received response (Length: 200)
2026-01-19T00:13:51.0352654Z     ✨ AI Heal Reasoning: The element with the text 'Show help' is a button, so it is the best element to perform the click action.
2026-01-19T00:13:51.0354285Z     ✨ AI healed exploration action! New selector: input[type='button'][value='Show help']
2026-01-19T00:13:56.5405292Z     ⚠️ Scroll into view failed for input[type='button'][value='Show help']. Proceeding anyway.
2026-01-19T00:14:01.5425358Z   ▶️ [STEP step_6] HOVER: ui-tooltip
2026-01-19T00:14:01.5492283Z     🔍 Mining locators for: 'ui-tooltip'
2026-01-19T00:14:01.6027437Z     🧠 Consulting AI (Vision-First) to find 'ui-tooltip'...
2026-01-19T00:14:01.6029193Z     🧠 [EXPERT] Strategy: Act as Senior SDET focusing on exploring the application to understand functional flow and identifying critical paths for end-to-end automation.
2026-01-19T00:14:01.6034560Z [CACHE HIT] b8d89d36... (hits: 50, misses: 57)
2026-01-19T00:14:01.6035199Z     🔄 Retry 1/3 mining locators for 'ui-tooltip'...
2026-01-19T00:14:02.6685631Z     🧠 Consulting AI (Vision-First) to find 'ui-tooltip'...
2026-01-19T00:14:02.6686978Z     🧠 [EXPERT] Strategy: Act as Senior SDET focusing on exploring the application to understand functional flow and identifying critical paths for end-to-end automation.
2026-01-19T00:14:02.6692481Z [CACHE HIT] b8d89d36... (hits: 51, misses: 57)
2026-01-19T00:14:02.6693007Z     🔄 Retry 2/3 mining locators for 'ui-tooltip'...
2026-01-19T00:14:03.6703540Z     🗑️ Invalidating stale AI cache (retry 2)...
2026-01-19T00:14:03.6705368Z     ⚠️ Cache invalidation warning: No module named 'core.agents.domain_expert'
2026-01-19T00:14:03.7352671Z     🧠 Consulting AI (Vision-First) to find 'ui-tooltip'...
2026-01-19T00:14:03.7354331Z     🧠 [EXPERT] Strategy: Act as Senior SDET focusing on exploring the application to understand functional flow and identifying critical paths for end-to-end automation.
2026-01-19T00:14:03.7360694Z [CACHE HIT] b8d89d36... (hits: 52, misses: 57)
2026-01-19T00:14:03.7361317Z     🧠 Verifying step validity for 'ui-tooltip' after mining failure...
2026-01-19T00:14:03.7366681Z [CACHE HIT] edae1245... (hits: 53, misses: 57)
2026-01-19T00:14:03.7367202Z     🛠️ Self-Correction: Step is valid. Using new locator: .ui-tooltip
2026-01-19T00:14:09.2476513Z     ⚠️ Scroll into view failed for .ui-tooltip. Proceeding anyway.
2026-01-19T00:14:14.2490978Z     ⚠️ Action failed: Locator.bounding_box: Timeout 5000ms exceeded.
2026-01-19T00:14:14.2491324Z Cal...
2026-01-19T00:14:15.8058256Z [DEBUG] Sending request to gemini-2.0-flash. Number of parts: 2
2026-01-19T00:14:15.8059262Z [DEBUG] Received response (Length: 245)
2026-01-19T00:14:15.8061269Z     ✨ AI Heal Reasoning: The element 'Show help' is likely to trigger a tooltip when hovered over, as it suggests providing additional information or guidance. It is also visible on the page.
2026-01-19T00:14:15.8063039Z     ✨ AI healed exploration action! New selector: a:contains('Show help')
2026-01-19T00:14:15.8123264Z     ⚠️ Scroll into view failed for a:contains('Show help'). Proceeding anyway.
2026-01-19T00:14:17.8444755Z 🗂️  All generated tests written to /home/runner/work/build_qa_automation/build_qa_automation/projects/ci_jquery_ui_demos/tests/generated_scenarios.json
2026-01-19T00:14:17.8457509Z 🔄 Updated workflow.json with discovered steps and locators.
2026-01-19T00:14:17.8457875Z 
2026-01-19T00:14:17.8458018Z ✅ Deep Exploration Complete.
2026-01-19T00:16:51.0395574Z 
2026-01-19T00:16:51.0396374Z 🚀 [EXECUTE] Starting Automation Execution Engine
2026-01-19T00:16:51.0396976Z 📍 Project: ci_jquery_ui_demos
2026-01-19T00:16:51.0397393Z 🎬 Mode: Headless
2026-01-19T00:16:51.0397568Z 
2026-01-19T00:16:51.0397779Z --- Scenario: Verify Accordion Functionality ---
2026-01-19T00:16:51.0398383Z   ▶️ [STEP step_1] NAVIGATE: Step step_1
2026-01-19T00:16:51.0398862Z     ✅ Step step_1 Passed.
2026-01-19T00:16:51.0399221Z   ▶️ [STEP step_2] ASSERT_URL: Step step_2
2026-01-19T00:16:51.0399667Z     ✅ Step step_2 Passed.
2026-01-19T00:16:51.0400079Z   ▶️ [STEP step_2_ai_1] CLICK: Draggable
2026-01-19T00:16:51.0400631Z     🎯 Using mined locator: role=link[name='Draggable']
2026-01-19T00:16:51.0400961Z     ✅ Step step_2_ai_1 Passed.
2026-01-19T00:16:51.0401236Z   ▶️ [STEP step_2_ai_2] CLICK: iframe
2026-01-19T00:16:51.0401515Z     🎯 Using mined locator: iframe
2026-01-19T00:16:51.0401789Z     ✅ Step step_2_ai_2 Passed.
2026-01-19T00:16:51.0402057Z   ▶️ [STEP step_3] CLICK: Accordion
2026-01-19T00:16:51.0402384Z     🎯 Using mined locator: role=link[name='Accordion']
2026-01-19T00:16:51.0402685Z     ✅ Step step_3 Passed.
2026-01-19T00:16:51.0402974Z   ▶️ [STEP step_4] ASSERT_URL: Step step_4
2026-01-19T00:16:51.0403248Z     ✅ Step step_4 Passed.
2026-01-19T00:16:51.0403518Z   ▶️ [STEP step_4_ai_1] CLICK: iframe
2026-01-19T00:16:51.0403935Z     🎯 Using mined locator: iframe
2026-01-19T00:16:51.0404556Z     ✅ Step step_4_ai_1 Passed.
2026-01-19T00:16:51.0405140Z   ▶️ [STEP step_5] ASSERT_VISIBLE: ui-accordion-header
2026-01-19T00:16:51.0405927Z     ⚠️ Mined locators not found on page. Falling back to semantic search.
2026-01-19T00:16:51.0406744Z     ❌ Attempt 1 failed (element_not_found): Locator expected to be visible
2026-01-19T00:16:51.0407196Z Actual value: None
2026-01-19T00:16:51.0407405Z Error: element(s) not found 
2026-01-19T00:16:51.0407612Z Call log:
2026-01-19T00:16:51.0407787Z   - Expect ...
2026-01-19T00:16:51.0408144Z     🔧 [AUTO-HEAL] Re-mining page to find 'ui-accordion-header'...
2026-01-19T00:16:51.0408695Z [DEBUG] Sending request to gemini-2.0-flash. Number of parts: 2
2026-01-19T00:16:51.0409347Z [DEBUG] Received response (Length: 466)
2026-01-19T00:16:51.0409968Z     ✨ AI successfully healed the step! Found 2 alternatives.
2026-01-19T00:16:51.0410721Z     ✨ AI successfully healed the step! New selector: .ui-accordion-header
2026-01-19T00:16:51.0411494Z     ❌ Attempt 2 failed (element_not_found): Locator expected to be visible
2026-01-19T00:16:51.0411900Z Actual value: None
2026-01-19T00:16:51.0412139Z Error: element(s) not found 
2026-01-19T00:16:51.0412433Z Call log:
2026-01-19T00:16:51.0412676Z   - Expect ...
2026-01-19T00:16:51.0413187Z     🔧 [AUTO-HEAL] Re-mining page to find 'ui-accordion-header'...
2026-01-19T00:16:51.0413712Z [CACHE HIT] eb287034... (hits: 1, misses: 1)
2026-01-19T00:16:51.0414507Z     ✨ AI successfully healed the step! Found 2 alternatives.
2026-01-19T00:16:51.0415202Z     ✨ AI successfully healed the step! New selector: .ui-accordion-header
2026-01-19T00:16:51.0415877Z     ❌ Attempt 3 failed (element_not_found): Locator expected to be visible
2026-01-19T00:16:51.0416389Z Actual value: None
2026-01-19T00:16:51.0416901Z Error: element(s) not found 
2026-01-19T00:16:51.0417109Z Call log:
2026-01-19T00:16:51.0417277Z   - Expect ...
2026-01-19T00:16:51.0417647Z     💀 Step step_5 failed after all retries.
2026-01-19T00:16:51.0418056Z 🛑 Scenario 'Verify Accordion Functionality' aborted due to step failure.
2026-01-19T00:16:51.0418316Z 
2026-01-19T00:16:51.0418422Z --- Scenario: Test Draggable Widget ---
2026-01-19T00:16:51.0418742Z   ▶️ [STEP step_1] NAVIGATE: Step step_1
2026-01-19T00:16:51.0419144Z     ✅ Step step_1 Passed.
2026-01-19T00:16:51.0419417Z   ▶️ [STEP step_2] ASSERT_URL: Step step_2
2026-01-19T00:16:51.0419693Z     ✅ Step step_2 Passed.
2026-01-19T00:16:51.0420015Z   ▶️ [STEP step_2_ai_1] CLICK: Draggable
2026-01-19T00:16:51.0420533Z     🎯 Using mined locator: role=link[name='Draggable']
2026-01-19T00:16:51.0421052Z     ✅ Step step_2_ai_1 Passed.
2026-01-19T00:16:51.0421502Z   ▶️ [STEP step_2_ai_2] CLICK: iframe
2026-01-19T00:16:51.0421963Z     🎯 Using mined locator: iframe
2026-01-19T00:16:51.0422401Z     ✅ Step step_2_ai_2 Passed.
2026-01-19T00:16:51.0422832Z   ▶️ [STEP step_3] CLICK: Draggable
2026-01-19T00:16:51.0423157Z     🎯 Using mined locator: role=link[name='Draggable']
2026-01-19T00:16:51.0423469Z     ✅ Step step_3 Passed.
2026-01-19T00:16:51.0423772Z   ▶️ [STEP step_3_ai_1] CLICK: Default functionality
2026-01-19T00:16:51.0424442Z     🎯 Using mined locator: role=link[name='Default functionality']
2026-01-19T00:16:51.0424816Z     ✅ Step step_3_ai_1 Passed.
2026-01-19T00:16:51.0425092Z   ▶️ [STEP step_3_ai_2] CLICK: Auto-scroll
2026-01-19T00:16:51.0425430Z     🎯 Using mined locator: role=link[name='Auto-scroll']
2026-01-19T00:16:51.0425740Z     ✅ Step step_3_ai_2 Passed.
2026-01-19T00:16:51.0426005Z   ▶️ [STEP step_3_ai_3] CLICK: iframe
2026-01-19T00:16:51.0426284Z     🎯 Using mined locator: iframe
2026-01-19T00:16:51.0426549Z     ✅ Step step_3_ai_3 Passed.
2026-01-19T00:16:51.0426816Z   ▶️ [STEP step_4] ASSERT_URL: Step step_4
2026-01-19T00:16:51.0427096Z     ✅ Step step_4 Passed.
2026-01-19T00:16:51.0427371Z   ▶️ [STEP step_4_ai_1] CLICK: iframe
2026-01-19T00:16:51.0427654Z     🎯 Using mined locator: iframe
2026-01-19T00:16:51.0427914Z     ✅ Step step_4_ai_1 Passed.
2026-01-19T00:16:51.0428213Z   ▶️ [STEP step_5] ASSERT_VISIBLE: ui-draggable
2026-01-19T00:16:51.0428610Z     ⚠️ Mined locators not found on page. Falling back to semantic search.
2026-01-19T00:16:51.0429099Z     ❌ Attempt 1 failed (element_not_found): Locator expected to be visible
2026-01-19T00:16:51.0429421Z Actual value: None
2026-01-19T00:16:51.0429626Z Error: element(s) not found 
2026-01-19T00:16:51.0429866Z Call log:
2026-01-19T00:16:51.0430118Z   - Expect ...
2026-01-19T00:16:51.0430583Z     🔧 [AUTO-HEAL] Re-mining page to find 'ui-draggable'...
2026-01-19T00:16:51.0431163Z [DEBUG] Sending request to gemini-2.0-flash. Number of parts: 2
2026-01-19T00:16:51.0431690Z [DEBUG] Received response (Length: 995)
2026-01-19T00:16:51.0432310Z     ✨ AI successfully healed the step! Found 3 alternatives.
2026-01-19T00:16:51.0433091Z     ✨ AI successfully healed the step! New selector: a[href$='draggable/']
2026-01-19T00:16:51.0433734Z     ✅ Step step_5 Passed.
2026-01-19T00:16:51.0434452Z ✅ Scenario 'Test Draggable Widget' completed successfully!
2026-01-19T00:16:51.0434838Z 
2026-01-19T00:16:51.0435035Z --- Scenario: Verify Datepicker Functionality ---
2026-01-19T00:16:51.0435376Z   ▶️ [STEP step_1] NAVIGATE: Step step_1
2026-01-19T00:16:51.0435730Z     ✅ Step step_1 Passed.
2026-01-19T00:16:51.0436151Z   ▶️ [STEP step_2] ASSERT_URL: Step step_2
2026-01-19T00:16:51.0436596Z     ✅ Step step_2 Passed.
2026-01-19T00:16:51.0437005Z   ▶️ [STEP step_2_ai_1] CLICK: Draggable
2026-01-19T00:16:51.0437534Z     🎯 Using mined locator: role=link[name='Draggable']
2026-01-19T00:16:51.0437868Z     ✅ Step step_2_ai_1 Passed.
2026-01-19T00:16:51.0438134Z   ▶️ [STEP step_2_ai_2] CLICK: iframe
2026-01-19T00:16:51.0438418Z     🎯 Using mined locator: iframe
2026-01-19T00:16:51.0438678Z     ✅ Step step_2_ai_2 Passed.
2026-01-19T00:16:51.0439137Z   ▶️ [STEP step_3] CLICK: Datepicker
2026-01-19T00:16:51.0439601Z     🎯 Using mined locator: role=link[name='Datepicker']
2026-01-19T00:16:51.0440105Z     ✅ Step step_3 Passed.
2026-01-19T00:16:51.0440459Z   ▶️ [STEP step_4] ASSERT_URL: Step step_4
2026-01-19T00:16:51.0440737Z     ✅ Step step_4 Passed.
2026-01-19T00:16:51.0440994Z   ▶️ [STEP step_4_ai_1] CLICK: iframe
2026-01-19T00:16:51.0441270Z     🎯 Using mined locator: iframe
2026-01-19T00:16:51.0441531Z     ✅ Step step_4_ai_1 Passed.
2026-01-19T00:16:51.0441886Z   ▶️ [STEP step_5] ASSERT_VISIBLE: ui-datepicker-trigger
2026-01-19T00:16:51.0442317Z     ⚠️ Mined locators not found on page. Falling back to semantic search.
2026-01-19T00:16:51.0442788Z     ❌ Attempt 1 failed (element_not_found): Locator expected to be visible
2026-01-19T00:16:51.0443118Z Actual value: None
2026-01-19T00:16:51.0443313Z Error: element(s) not found 
2026-01-19T00:16:51.0443531Z Call log:
2026-01-19T00:16:51.0443706Z   - Expect ...
2026-01-19T00:16:51.0444242Z     🔧 [AUTO-HEAL] Re-mining page to find 'ui-datepicker-trigger'...
2026-01-19T00:16:51.0444800Z [DEBUG] Sending request to gemini-2.0-flash. Number of parts: 2
2026-01-19T00:16:51.0445210Z [DEBUG] Received response (Length: 38)
2026-01-19T00:16:51.0445665Z     ❌ AI could not re-locate the element. Waiting 1s before next retry.
2026-01-19T00:16:51.0446126Z     ❌ Attempt 2 failed (element_not_found): Locator expected to be visible
2026-01-19T00:16:51.0446449Z Actual value: None
2026-01-19T00:16:51.0446650Z Error: element(s) not found 
2026-01-19T00:16:51.0446864Z Call log:
2026-01-19T00:16:51.0447036Z   - Expect ...
2026-01-19T00:16:51.0447348Z     🔧 [AUTO-HEAL] Re-mining page to find 'ui-datepicker-trigger'...
2026-01-19T00:16:51.0447692Z [CACHE HIT] 906cdec5... (hits: 2, misses: 3)
2026-01-19T00:16:51.0448075Z     ❌ AI could not re-locate the element. Waiting 1s before next retry.
2026-01-19T00:16:51.0448527Z     ❌ Attempt 3 failed (element_not_found): Locator expected to be visible
2026-01-19T00:16:51.0448853Z Actual value: None
2026-01-19T00:16:51.0449054Z Error: element(s) not found 
2026-01-19T00:16:51.0449262Z Call log:
2026-01-19T00:16:51.0449434Z   - Expect ...
2026-01-19T00:16:51.0449681Z     💀 Step step_5 failed after all retries.
2026-01-19T00:16:51.0450091Z 🛑 Scenario 'Verify Datepicker Functionality' aborted due to step failure.
2026-01-19T00:16:51.0450360Z 
2026-01-19T00:16:51.0450454Z --- Scenario: Test Slider Widget ---
2026-01-19T00:16:51.0450749Z   ▶️ [STEP step_1] NAVIGATE: Step step_1
2026-01-19T00:16:51.0451033Z     ✅ Step step_1 Passed.
2026-01-19T00:16:51.0451292Z   ▶️ [STEP step_2] ASSERT_URL: Step step_2
2026-01-19T00:16:51.0451564Z     ✅ Step step_2 Passed.
2026-01-19T00:16:51.0451822Z   ▶️ [STEP step_2_ai_1] CLICK: Draggable
2026-01-19T00:16:51.0452148Z     🎯 Using mined locator: role=link[name='Draggable']
2026-01-19T00:16:51.0452453Z     ✅ Step step_2_ai_1 Passed.
2026-01-19T00:16:51.0452717Z   ▶️ [STEP step_2_ai_2] CLICK: iframe
2026-01-19T00:16:51.0453000Z     🎯 Using mined locator: iframe
2026-01-19T00:16:51.0453278Z     ✅ Step step_2_ai_2 Passed.
2026-01-19T00:16:51.0453535Z   ▶️ [STEP step_3] CLICK: Slider
2026-01-19T00:16:51.0454134Z     🎯 Using mined locator: role=link[name='Slider']
2026-01-19T00:16:51.0454682Z     ✅ Step step_3 Passed.
2026-01-19T00:16:51.0455149Z   ▶️ [STEP step_3_ai_1] CLICK: Default functionality
2026-01-19T00:16:51.0455661Z     🎯 Using mined locator: role=link[name='Default functionality']
2026-01-19T00:16:51.0456092Z     ✅ Step step_3_ai_1 Passed.
2026-01-19T00:16:51.0456433Z   ▶️ [STEP step_3_ai_2] CLICK: Colorpicker
2026-01-19T00:16:51.0456983Z     🎯 Using mined locator: role=link[name='Colorpicker']
2026-01-19T00:16:51.0457511Z     ✅ Step step_3_ai_2 Passed.
2026-01-19T00:16:51.0457968Z   ▶️ [STEP step_4] ASSERT_URL: Step step_4
2026-01-19T00:16:51.0458458Z     ✅ Step step_4 Passed.
2026-01-19T00:16:51.0458949Z   ▶️ [STEP step_5] ASSERT_VISIBLE: ui-slider-handle
2026-01-19T00:16:51.0459615Z     ⚠️ Mined locators not found on page. Falling back to semantic search.
2026-01-19T00:16:51.0460542Z     ❌ Attempt 1 failed (element_not_found): Locator expected to be visible
2026-01-19T00:16:51.0461097Z Actual value: hidden 
2026-01-19T00:16:51.0461388Z Call log:
2026-01-19T00:16:51.0461880Z   - Expect "to_be_visible" with timeo...
2026-01-19T00:16:51.0462478Z     🔧 [AUTO-HEAL] Re-mining page to find 'ui-slider-handle'...
2026-01-19T00:16:51.0463062Z [DEBUG] Sending request to gemini-2.0-flash. Number of parts: 2
2026-01-19T00:16:51.0463393Z [DEBUG] Received response (Length: 770)
2026-01-19T00:16:51.0463763Z     ✨ AI successfully healed the step! Found 3 alternatives.
2026-01-19T00:16:51.0464407Z     ✨ AI successfully healed the step! New selector: .ui-slider-handle
2026-01-19T00:16:51.0464872Z     ❌ Attempt 2 failed (element_not_found): Locator expected to be visible
2026-01-19T00:16:51.0465198Z Actual value: None
2026-01-19T00:16:51.0465410Z Error: element(s) not found 
2026-01-19T00:16:51.0465629Z Call log:
2026-01-19T00:16:51.0465809Z   - Expect ...
2026-01-19T00:16:51.0466127Z     🔧 [AUTO-HEAL] Re-mining page to find 'ui-slider-handle'...
2026-01-19T00:16:51.0466444Z [CACHE HIT] 5fd88b83... (hits: 3, misses: 4)
2026-01-19T00:16:51.0466798Z     ✨ AI successfully healed the step! Found 3 alternatives.
2026-01-19T00:16:51.0467221Z     ✨ AI successfully healed the step! New selector: .ui-slider-handle
2026-01-19T00:16:51.0467681Z     ❌ Attempt 3 failed (element_not_found): Locator expected to be visible
2026-01-19T00:16:51.0468002Z Actual value: None
2026-01-19T00:16:51.0468202Z Error: element(s) not found 
2026-01-19T00:16:51.0468403Z Call log:
2026-01-19T00:16:51.0468575Z   - Expect ...
2026-01-19T00:16:51.0468823Z     💀 Step step_5 failed after all retries.
2026-01-19T00:16:51.0469229Z 🛑 Scenario 'Test Slider Widget' aborted due to step failure.
2026-01-19T00:16:51.0469589Z 
2026-01-19T00:16:51.0469777Z --- Scenario: Verify Tooltip Functionality ---
2026-01-19T00:16:51.0470336Z   ▶️ [STEP step_1] NAVIGATE: Step step_1
2026-01-19T00:16:51.0470823Z     ✅ Step step_1 Passed.
2026-01-19T00:17:35.8186624Z   ▶️ [STEP step_2] ASSERT_URL: Step step_2
2026-01-19T00:17:35.8187542Z     ✅ Step step_2 Passed.
2026-01-19T00:17:35.8188235Z   ▶️ [STEP step_2_ai_1] CLICK: Draggable
2026-01-19T00:17:35.8189201Z     🎯 Using mined locator: role=link[name='Draggable']
2026-01-19T00:17:35.8190095Z     ✅ Step step_2_ai_1 Passed.
2026-01-19T00:17:35.8190815Z   ▶️ [STEP step_2_ai_2] CLICK: iframe
2026-01-19T00:17:35.8191584Z     🎯 Using mined locator: iframe
2026-01-19T00:17:35.8192313Z     ✅ Step step_2_ai_2 Passed.
2026-01-19T00:17:35.8193036Z   ▶️ [STEP step_3] CLICK: Tooltip
2026-01-19T00:17:35.8193900Z     🎯 Using mined locator: role=link[name='Tooltip']
2026-01-19T00:17:35.8194968Z     ✅ Step step_3 Passed.
2026-01-19T00:17:35.8195759Z   ▶️ [STEP step_3_ai_1] CLICK: Default functionality
2026-01-19T00:17:35.8196868Z     🎯 Using mined locator: role=link[name='Default functionality']
2026-01-19T00:17:35.8197865Z     ✅ Step step_3_ai_1 Passed.
2026-01-19T00:17:35.8198617Z   ▶️ [STEP step_3_ai_2] CLICK: iframe
2026-01-19T00:17:35.8199439Z     🎯 Using mined locator: iframe
2026-01-19T00:17:35.8200173Z     ✅ Step step_3_ai_2 Passed.
2026-01-19T00:17:35.8201204Z   ▶️ [STEP step_3_ai_3] CLICK: Forms
2026-01-19T00:17:35.8202092Z     🎯 Using mined locator: role=link[name='Forms']
2026-01-19T00:17:35.8202933Z     ✅ Step step_3_ai_3 Passed.
2026-01-19T00:17:35.8203651Z   ▶️ [STEP step_3_ai_4] FILL: Firstname
2026-01-19T00:17:35.8205132Z     ❌ Attempt 1 failed (timeout): Locator.scroll_into_view_if_needed: Timeout 9994ms exceeded.
2026-01-19T00:17:35.8206278Z Call log:
2026-01-19T00:17:35.8206775Z   - attempting scroll into vi...
2026-01-19T00:17:35.8207661Z     🔧 [AUTO-HEAL] Re-mining page to find 'Firstname'...
2026-01-19T00:17:35.8208651Z [DEBUG] Sending request to gemini-2.0-flash. Number of parts: 2
2026-01-19T00:17:35.8209659Z [DEBUG] Received response (Length: 494)
2026-01-19T00:17:35.8210624Z     ✨ AI successfully healed the step! Found 2 alternatives.
2026-01-19T00:17:35.8212113Z     ✨ AI successfully healed the step! New selector: input[name='firstname']
2026-01-19T00:17:35.8213852Z     ❌ Attempt 2 failed (element_not_found): Locator.scroll_into_view_if_needed: Timeout 10000ms exceeded.
2026-01-19T00:17:35.8215642Z Call log:
2026-01-19T00:17:35.8216125Z   - waiting for locator("inp...
2026-01-19T00:17:35.8216992Z     🔧 [AUTO-HEAL] Re-mining page to find 'Firstname'...
2026-01-19T00:17:35.8217810Z [CACHE HIT] 1a169737... (hits: 4, misses: 5)
2026-01-19T00:17:35.8218793Z     ✨ AI successfully healed the step! Found 2 alternatives.
2026-01-19T00:17:35.8220081Z     ✨ AI successfully healed the step! New selector: input[name='firstname']
2026-01-19T00:17:35.8221848Z     ❌ Attempt 3 failed (element_not_found): Locator.scroll_into_view_if_needed: Timeout 10000ms exceeded.
2026-01-19T00:17:35.8223120Z Call log:
2026-01-19T00:17:35.8223606Z   - waiting for locator("inp...
2026-01-19T00:17:35.8224508Z     💀 Step step_3_ai_4 failed after all retries.
2026-01-19T00:17:35.8225646Z 🛑 Scenario 'Verify Tooltip Functionality' aborted due to step failure.
2026-01-19T00:17:35.8226465Z 
2026-01-19T00:17:35.8226734Z ============================================================
2026-01-19T00:17:35.8227560Z 🎯 EXECUTION SUMMARY
2026-01-19T00:17:35.8228125Z ============================================================
2026-01-19T00:17:35.8228655Z 
2026-01-19T00:17:35.8228934Z 📋 Scenario Overview:
2026-01-19T00:17:35.8229599Z    • Total Scenarios Planned: 5
2026-01-19T00:17:35.8230299Z    • Scenarios Executed: 5
2026-01-19T00:17:35.8230952Z    • Total Steps Executed: 45
2026-01-19T00:17:35.8231360Z 
2026-01-19T00:17:35.8231610Z ✅ Results:
2026-01-19T00:17:35.8232109Z    ✅ Passed: 1 (20%)
2026-01-19T00:17:35.8232698Z    ❌ Failed: 4 (80%)
2026-01-19T00:17:35.8233027Z 
2026-01-19T00:17:35.8233305Z ⚠️  Failed Scenarios:
2026-01-19T00:17:35.8233918Z    • Verify Accordion Functionality
2026-01-19T00:17:35.8234782Z    • Verify Datepicker Functionality
2026-01-19T00:17:35.8235505Z    • Test Slider Widget
2026-01-19T00:17:35.8235972Z    • Verify Tooltip Functionality
2026-01-19T00:17:35.8236210Z 
2026-01-19T00:17:35.8236380Z ============================================================
2026-01-19T00:17:35.8236633Z 
2026-01-19T00:17:35.8237371Z 🏁 Execution Finished. Report: /home/runner/work/build_qa_automation/build_qa_automation/projects/ci_jquery_ui_demos/execution.json
2026-01-19T00:17:35.9448849Z 
2026-01-19T00:17:35.9449664Z [PHASE] Running Phase: DISCOVERY
2026-01-19T00:17:35.9450893Z    Command: /opt/hostedtoolcache/Python/3.11.14/x64/bin/python /home/runner/work/build_qa_automation/build_qa_automation/core/agents/discovery.py --project /home/runner/work/build_qa_automation/build_qa_automation/projects/ci_jquery_ui_demos --url https://jqueryui.com/demos/ --deep
2026-01-19T00:17:35.9452197Z ✅ Phase 'discovery' completed successfully.
2026-01-19T00:17:35.9452383Z 
2026-01-19T00:17:35.9452491Z [PHASE] Running Phase: PLANNING
2026-01-19T00:17:35.9453782Z    Command: /opt/hostedtoolcache/Python/3.11.14/x64/bin/python /home/runner/work/build_qa_automation/build_qa_automation/core/agents/planner.py --project /home/runner/work/build_qa_automation/build_qa_automation/projects/ci_jquery_ui_demos --goal Test jQuery UI components --url https://jqueryui.com/demos/ --deep
2026-01-19T00:17:35.9455055Z ✅ Phase 'planning' completed successfully.
2026-01-19T00:17:35.9455237Z 
2026-01-19T00:17:35.9455335Z [PHASE] Running Phase: EXPLORATION
2026-01-19T00:17:35.9456185Z    Command: /opt/hostedtoolcache/Python/3.11.14/x64/bin/python /home/runner/work/build_qa_automation/build_qa_automation/core/agents/deep_explorer.py --project /home/runner/work/build_qa_automation/build_qa_automation/projects/ci_jquery_ui_demos
2026-01-19T00:17:35.9457096Z ✅ Phase 'exploration' completed successfully.
2026-01-19T00:17:35.9457454Z 📊 Exploration Discovery Success Rate: 78.0%
2026-01-19T00:17:35.9457636Z 
2026-01-19T00:17:35.9457739Z [PHASE] Running Phase: EXECUTION
2026-01-19T00:17:35.9458540Z    Command: /opt/hostedtoolcache/Python/3.11.14/x64/bin/python /home/runner/work/build_qa_automation/build_qa_automation/core/agents/executor.py --project /home/runner/work/build_qa_automation/build_qa_automation/projects/ci_jquery_ui_demos
2026-01-19T00:17:35.9459548Z ✅ Phase 'execution' completed successfully.
2026-01-19T00:17:35.9459729Z 
2026-01-19T00:17:35.9459830Z [DONE] Pipeline Execution Finished! [DONE]
2026-01-19T00:17:36.0556014Z ##[group]Run RESULT_FILE="projects/ci_jquery_ui_demos/execution.json"
2026-01-19T00:17:36.0556502Z [36;1mRESULT_FILE="projects/ci_jquery_ui_demos/execution.json"[0m
2026-01-19T00:17:36.0556852Z [36;1mif [ -f "$RESULT_FILE" ]; then[0m
2026-01-19T00:17:36.0557174Z [36;1m  echo "✅ Results generated successfully: $RESULT_FILE"[0m
2026-01-19T00:17:36.0557588Z [36;1m  cat "$RESULT_FILE" | jq '.scenarios | length' || echo "Result file exists"[0m
2026-01-19T00:17:36.0557939Z [36;1melse[0m
2026-01-19T00:17:36.0558171Z [36;1m  echo "❌ No result file found at $RESULT_FILE"[0m
2026-01-19T00:17:36.0558445Z [36;1m  exit 1[0m
2026-01-19T00:17:36.0558643Z [36;1mfi[0m
2026-01-19T00:17:36.0577274Z shell: /usr/bin/bash -e {0}
2026-01-19T00:17:36.0577513Z env:
2026-01-19T00:17:36.0577776Z   pythonLocation: /opt/hostedtoolcache/Python/3.11.14/x64
2026-01-19T00:17:36.0578177Z   PKG_CONFIG_PATH: /opt/hostedtoolcache/Python/3.11.14/x64/lib/pkgconfig
2026-01-19T00:17:36.0578612Z   Python_ROOT_DIR: /opt/hostedtoolcache/Python/3.11.14/x64
2026-01-19T00:17:36.0578956Z   Python2_ROOT_DIR: /opt/hostedtoolcache/Python/3.11.14/x64
2026-01-19T00:17:36.0579303Z   Python3_ROOT_DIR: /opt/hostedtoolcache/Python/3.11.14/x64
2026-01-19T00:17:36.0579657Z   LD_LIBRARY_PATH: /opt/hostedtoolcache/Python/3.11.14/x64/lib
2026-01-19T00:17:36.0579951Z ##[endgroup]
2026-01-19T00:17:36.0620252Z ✅ Results generated successfully: projects/ci_jquery_ui_demos/execution.json
2026-01-19T00:17:36.0643236Z 5
2026-01-19T00:17:36.0889051Z ##[group]Run actions/upload-artifact@v4
2026-01-19T00:17:36.0889337Z with:
2026-01-19T00:17:36.0889538Z   name: jquery_ui_demos-execution-results
2026-01-19T00:17:36.0889982Z   path: projects/ci_jquery_ui_demos/execution.json
projects/ci_jquery_ui_demos/workflow.json

2026-01-19T00:17:36.0890399Z   retention-days: 30
2026-01-19T00:17:36.0890599Z   if-no-files-found: warn
2026-01-19T00:17:36.0890816Z   compression-level: 6
2026-01-19T00:17:36.0891019Z   overwrite: false
2026-01-19T00:17:36.0891219Z   include-hidden-files: false
2026-01-19T00:17:36.0891428Z env:
2026-01-19T00:17:36.0891664Z   pythonLocation: /opt/hostedtoolcache/Python/3.11.14/x64
2026-01-19T00:17:36.0892055Z   PKG_CONFIG_PATH: /opt/hostedtoolcache/Python/3.11.14/x64/lib/pkgconfig
2026-01-19T00:17:36.0892441Z   Python_ROOT_DIR: /opt/hostedtoolcache/Python/3.11.14/x64
2026-01-19T00:17:36.0892780Z   Python2_ROOT_DIR: /opt/hostedtoolcache/Python/3.11.14/x64
2026-01-19T00:17:36.0893164Z   Python3_ROOT_DIR: /opt/hostedtoolcache/Python/3.11.14/x64
2026-01-19T00:17:36.0893514Z   LD_LIBRARY_PATH: /opt/hostedtoolcache/Python/3.11.14/x64/lib
2026-01-19T00:17:36.0893800Z ##[endgroup]
2026-01-19T00:17:36.2891730Z Multiple search paths detected. Calculating the least common ancestor of all paths
2026-01-19T00:17:36.2895784Z The least common ancestor is /home/runner/work/build_qa_automation/build_qa_automation/projects/ci_jquery_ui_demos. This will be the root directory of the artifact
2026-01-19T00:17:36.2897021Z With the provided path, there will be 2 files uploaded
2026-01-19T00:17:36.2901935Z Artifact name is valid!
2026-01-19T00:17:36.2903136Z Root directory input is valid!
2026-01-19T00:17:36.3992815Z Beginning upload of artifact content to blob storage
2026-01-19T00:17:36.5220094Z Uploaded bytes 2975
2026-01-19T00:17:36.5562085Z Finished uploading artifact content to blob storage!
2026-01-19T00:17:36.5565242Z SHA256 digest of uploaded artifact zip is 32220e71d4911e01d8d346f9c95fc3bb8e7bed03cd93dcda5eb3469fd958b634
2026-01-19T00:17:36.5567587Z Finalizing artifact upload
2026-01-19T00:17:36.6442106Z Artifact jquery_ui_demos-execution-results.zip successfully finalized. Artifact ID 5171152565
2026-01-19T00:17:36.6444260Z Artifact jquery_ui_demos-execution-results has been successfully uploaded! Final size is 2975 bytes. Artifact ID is 5171152565
2026-01-19T00:17:36.6449296Z Artifact download URL: https://github.com/vishvasmca-cmd/build_qa_automation/actions/runs/21120211878/artifacts/5171152565
2026-01-19T00:17:36.6762916Z Post job cleanup.
2026-01-19T00:17:36.8165616Z Cache hit occurred on the primary key setup-python-Linux-x64-24.04-Ubuntu-python-3.11.14-pip-dde08d0e0b672972dcda9f1a063036a2e0c226f5d0a20362e9401931676d80a4, not saving cache.
2026-01-19T00:17:36.8541169Z Post job cleanup.
2026-01-19T00:17:36.9404961Z [command]/usr/bin/git version
2026-01-19T00:17:36.9436773Z git version 2.52.0
2026-01-19T00:17:36.9476001Z Temporarily overriding HOME='/home/runner/work/_temp/1a4289df-31f9-4405-8e50-e031a816a0b7' before making global git config changes
2026-01-19T00:17:36.9477210Z Adding repository directory to the temporary git global config as a safe directory
2026-01-19T00:17:36.9482326Z [command]/usr/bin/git config --global --add safe.directory /home/runner/work/build_qa_automation/build_qa_automation
2026-01-19T00:17:36.9514509Z [command]/usr/bin/git config --local --name-only --get-regexp core\.sshCommand
2026-01-19T00:17:36.9541976Z [command]/usr/bin/git submodule foreach --recursive sh -c "git config --local --name-only --get-regexp 'core\.sshCommand' && git config --local --unset-all 'core.sshCommand' || :"
2026-01-19T00:17:36.9731513Z [command]/usr/bin/git config --local --name-only --get-regexp http\.https\:\/\/github\.com\/\.extraheader
2026-01-19T00:17:36.9752657Z http.https://github.com/.extraheader
2026-01-19T00:17:36.9764577Z [command]/usr/bin/git config --local --unset-all http.https://github.com/.extraheader
2026-01-19T00:17:36.9793068Z [command]/usr/bin/git submodule foreach --recursive sh -c "git config --local --name-only --get-regexp 'http\.https\:\/\/github\.com\/\.extraheader' && git config --local --unset-all 'http.https://github.com/.extraheader' || :"
2026-01-19T00:17:36.9983669Z [command]/usr/bin/git config --local --name-only --get-regexp ^includeIf\.gitdir:
2026-01-19T00:17:37.0015437Z [command]/usr/bin/git submodule foreach --recursive git config --local --show-origin --name-only --get-regexp remote.origin.url
2026-01-19T00:17:37.0293405Z Cleaning up orphan processes
