2026-01-23T04:30:57.3074281Z Current runner version: '2.331.0'
2026-01-23T04:30:57.3108733Z ##[group]Runner Image Provisioner
2026-01-23T04:30:57.3110003Z Hosted Compute Agent
2026-01-23T04:30:57.3111019Z Version: 20260115.477
2026-01-23T04:30:57.3112367Z Commit: 4b342d620503cbe250a3154040964899ea7c9b00
2026-01-23T04:30:57.3113587Z Build Date: 2026-01-15T22:32:41Z
2026-01-23T04:30:57.3114870Z Worker ID: {acafc938-a84f-461f-8404-a00b18355840}
2026-01-23T04:30:57.3116126Z Azure Region: northcentralus
2026-01-23T04:30:57.3117089Z ##[endgroup]
2026-01-23T04:30:57.3119458Z ##[group]Operating System
2026-01-23T04:30:57.3120438Z Ubuntu
2026-01-23T04:30:57.3121302Z 24.04.3
2026-01-23T04:30:57.3122328Z LTS
2026-01-23T04:30:57.3123106Z ##[endgroup]
2026-01-23T04:30:57.3123972Z ##[group]Runner Image
2026-01-23T04:30:57.3124979Z Image: ubuntu-24.04
2026-01-23T04:30:57.3125873Z Version: 20260119.4.1
2026-01-23T04:30:57.3127978Z Included Software: https://github.com/actions/runner-images/blob/ubuntu24/20260119.4/images/ubuntu/Ubuntu2404-Readme.md
2026-01-23T04:30:57.3130466Z Image Release: https://github.com/actions/runner-images/releases/tag/ubuntu24%2F20260119.4
2026-01-23T04:30:57.3132226Z ##[endgroup]
2026-01-23T04:30:57.3134281Z ##[group]GITHUB_TOKEN Permissions
2026-01-23T04:30:57.3137144Z Contents: read
2026-01-23T04:30:57.3138219Z Metadata: read
2026-01-23T04:30:57.3139196Z Packages: read
2026-01-23T04:30:57.3140082Z ##[endgroup]
2026-01-23T04:30:57.3143731Z Secret source: Actions
2026-01-23T04:30:57.3145175Z Prepare workflow directory
2026-01-23T04:30:57.3592252Z Prepare all required actions
2026-01-23T04:30:57.3647571Z Getting action download info
2026-01-23T04:30:57.6768316Z Download action repository 'actions/checkout@v4' (SHA:34e114876b0b11c390a56381ad16ebd13914f8d5)
2026-01-23T04:30:57.7753384Z Download action repository 'actions/setup-python@v5' (SHA:a26af69be951a213d495a4c3e4e4022e16d87065)
2026-01-23T04:30:57.8619302Z Download action repository 'actions/upload-artifact@v4' (SHA:ea165f8d65b6e75b540449e92b4886f43607fa02)
2026-01-23T04:30:58.0790340Z Complete job name: test-websites-e2e (the_internet_login, https://the-internet.herokuapp.com/login, Login with tomsm...
2026-01-23T04:30:58.1478823Z ##[group]Run actions/checkout@v4
2026-01-23T04:30:58.1479661Z with:
2026-01-23T04:30:58.1480106Z   repository: vishvasmca-cmd/build_qa_automation
2026-01-23T04:30:58.1480836Z   token: ***
2026-01-23T04:30:58.1481216Z   ssh-strict: true
2026-01-23T04:30:58.1481599Z   ssh-user: git
2026-01-23T04:30:58.1482227Z   persist-credentials: true
2026-01-23T04:30:58.1482677Z   clean: true
2026-01-23T04:30:58.1483079Z   sparse-checkout-cone-mode: true
2026-01-23T04:30:58.1483562Z   fetch-depth: 1
2026-01-23T04:30:58.1483955Z   fetch-tags: false
2026-01-23T04:30:58.1484356Z   show-progress: true
2026-01-23T04:30:58.1484762Z   lfs: false
2026-01-23T04:30:58.1485158Z   submodules: false
2026-01-23T04:30:58.1485573Z   set-safe-directory: true
2026-01-23T04:30:58.1486271Z ##[endgroup]
2026-01-23T04:30:58.2550727Z Syncing repository: vishvasmca-cmd/build_qa_automation
2026-01-23T04:30:58.2553099Z ##[group]Getting Git version info
2026-01-23T04:30:58.2553990Z Working directory is '/home/runner/work/build_qa_automation/build_qa_automation'
2026-01-23T04:30:58.2555052Z [command]/usr/bin/git version
2026-01-23T04:30:58.2625462Z git version 2.52.0
2026-01-23T04:30:58.2654002Z ##[endgroup]
2026-01-23T04:30:58.2669779Z Temporarily overriding HOME='/home/runner/work/_temp/e3a42ec4-4ca5-4f67-a06c-2e48da53878c' before making global git config changes
2026-01-23T04:30:58.2672368Z Adding repository directory to the temporary git global config as a safe directory
2026-01-23T04:30:58.2684979Z [command]/usr/bin/git config --global --add safe.directory /home/runner/work/build_qa_automation/build_qa_automation
2026-01-23T04:30:58.2731683Z Deleting the contents of '/home/runner/work/build_qa_automation/build_qa_automation'
2026-01-23T04:30:58.2736724Z ##[group]Initializing the repository
2026-01-23T04:30:58.2743712Z [command]/usr/bin/git init /home/runner/work/build_qa_automation/build_qa_automation
2026-01-23T04:30:58.2846006Z hint: Using 'master' as the name for the initial branch. This default branch name
2026-01-23T04:30:58.2847431Z hint: will change to "main" in Git 3.0. To configure the initial branch name
2026-01-23T04:30:58.2849020Z hint: to use in all of your new repositories, which will suppress this warning,
2026-01-23T04:30:58.2849762Z hint: call:
2026-01-23T04:30:58.2850361Z hint:
2026-01-23T04:30:58.2851199Z hint: 	git config --global init.defaultBranch <name>
2026-01-23T04:30:58.2852445Z hint:
2026-01-23T04:30:58.2853439Z hint: Names commonly chosen instead of 'master' are 'main', 'trunk' and
2026-01-23T04:30:58.2855091Z hint: 'development'. The just-created branch can be renamed via this command:
2026-01-23T04:30:58.2856355Z hint:
2026-01-23T04:30:58.2857026Z hint: 	git branch -m <name>
2026-01-23T04:30:58.2857760Z hint:
2026-01-23T04:30:58.2858723Z hint: Disable this message with "git config set advice.defaultBranchName false"
2026-01-23T04:30:58.2860579Z Initialized empty Git repository in /home/runner/work/build_qa_automation/build_qa_automation/.git/
2026-01-23T04:30:58.2864428Z [command]/usr/bin/git remote add origin https://github.com/vishvasmca-cmd/build_qa_automation
2026-01-23T04:30:58.2901625Z ##[endgroup]
2026-01-23T04:30:58.2903313Z ##[group]Disabling automatic garbage collection
2026-01-23T04:30:58.2907305Z [command]/usr/bin/git config --local gc.auto 0
2026-01-23T04:30:58.2939434Z ##[endgroup]
2026-01-23T04:30:58.2940642Z ##[group]Setting up auth
2026-01-23T04:30:58.2947539Z [command]/usr/bin/git config --local --name-only --get-regexp core\.sshCommand
2026-01-23T04:30:58.2982394Z [command]/usr/bin/git submodule foreach --recursive sh -c "git config --local --name-only --get-regexp 'core\.sshCommand' && git config --local --unset-all 'core.sshCommand' || :"
2026-01-23T04:30:58.3357743Z [command]/usr/bin/git config --local --name-only --get-regexp http\.https\:\/\/github\.com\/\.extraheader
2026-01-23T04:30:58.3397615Z [command]/usr/bin/git submodule foreach --recursive sh -c "git config --local --name-only --get-regexp 'http\.https\:\/\/github\.com\/\.extraheader' && git config --local --unset-all 'http.https://github.com/.extraheader' || :"
2026-01-23T04:30:58.3654692Z [command]/usr/bin/git config --local --name-only --get-regexp ^includeIf\.gitdir:
2026-01-23T04:30:58.3687192Z [command]/usr/bin/git submodule foreach --recursive git config --local --show-origin --name-only --get-regexp remote.origin.url
2026-01-23T04:30:58.3924993Z [command]/usr/bin/git config --local http.https://github.com/.extraheader AUTHORIZATION: basic ***
2026-01-23T04:30:58.3959346Z ##[endgroup]
2026-01-23T04:30:58.3960829Z ##[group]Fetching the repository
2026-01-23T04:30:58.3968667Z [command]/usr/bin/git -c protocol.version=2 fetch --no-tags --prune --no-recurse-submodules --depth=1 origin +5bd9297783ab53bda39be1bd4569712a8a384e82:refs/remotes/origin/main
2026-01-23T04:30:58.7916925Z From https://github.com/vishvasmca-cmd/build_qa_automation
2026-01-23T04:30:58.7918876Z  * [new ref]         5bd9297783ab53bda39be1bd4569712a8a384e82 -> origin/main
2026-01-23T04:30:58.7953621Z ##[endgroup]
2026-01-23T04:30:58.7954985Z ##[group]Determining the checkout info
2026-01-23T04:30:58.7956796Z ##[endgroup]
2026-01-23T04:30:58.7960496Z [command]/usr/bin/git sparse-checkout disable
2026-01-23T04:30:58.8002703Z [command]/usr/bin/git config --local --unset-all extensions.worktreeConfig
2026-01-23T04:30:58.8029807Z ##[group]Checking out the ref
2026-01-23T04:30:58.8034638Z [command]/usr/bin/git checkout --progress --force -B main refs/remotes/origin/main
2026-01-23T04:30:58.8626018Z Switched to a new branch 'main'
2026-01-23T04:30:58.8627675Z branch 'main' set up to track 'origin/main'.
2026-01-23T04:30:58.8638411Z ##[endgroup]
2026-01-23T04:30:58.8677430Z [command]/usr/bin/git log -1 --format=%H
2026-01-23T04:30:58.8699658Z 5bd9297783ab53bda39be1bd4569712a8a384e82
2026-01-23T04:30:58.9014723Z ##[group]Run actions/setup-python@v5
2026-01-23T04:30:58.9015873Z with:
2026-01-23T04:30:58.9016697Z   python-version: 3.11
2026-01-23T04:30:58.9017823Z   cache: pip
2026-01-23T04:30:58.9018659Z   check-latest: false
2026-01-23T04:30:58.9019836Z   token: ***
2026-01-23T04:30:58.9020707Z   update-environment: true
2026-01-23T04:30:58.9021720Z   allow-prereleases: false
2026-01-23T04:30:58.9022908Z   freethreaded: false
2026-01-23T04:30:58.9023805Z ##[endgroup]
2026-01-23T04:30:59.0692525Z ##[group]Installed versions
2026-01-23T04:30:59.0790789Z Successfully set up CPython (3.11.14)
2026-01-23T04:30:59.0792703Z ##[endgroup]
2026-01-23T04:30:59.2071162Z [command]/opt/hostedtoolcache/Python/3.11.14/x64/bin/pip cache dir
2026-01-23T04:30:59.4926410Z /home/runner/.cache/pip
2026-01-23T04:30:59.6459838Z Cache hit for: setup-python-Linux-x64-24.04-Ubuntu-python-3.11.14-pip-dde08d0e0b672972dcda9f1a063036a2e0c226f5d0a20362e9401931676d80a4
2026-01-23T04:31:00.7509683Z Received 138412032 of 254742636 (54.3%), 131.9 MBs/sec
2026-01-23T04:31:01.1811761Z Received 254742636 of 254742636 (100.0%), 169.8 MBs/sec
2026-01-23T04:31:01.1813090Z Cache Size: ~243 MB (254742636 B)
2026-01-23T04:31:01.1855466Z [command]/usr/bin/tar -xf /home/runner/work/_temp/77e7b2f2-c775-40c1-9061-a2a91325111e/cache.tzst -P -C /home/runner/work/build_qa_automation/build_qa_automation --use-compress-program unzstd
2026-01-23T04:31:01.6133496Z Cache restored successfully
2026-01-23T04:31:01.6686522Z Cache restored from key: setup-python-Linux-x64-24.04-Ubuntu-python-3.11.14-pip-dde08d0e0b672972dcda9f1a063036a2e0c226f5d0a20362e9401931676d80a4
2026-01-23T04:31:01.6949187Z ##[group]Run pip install -r requirements.txt
2026-01-23T04:31:01.6949813Z [36;1mpip install -r requirements.txt[0m
2026-01-23T04:31:01.6950171Z [36;1mplaywright install chromium[0m
2026-01-23T04:31:01.6991134Z shell: /usr/bin/bash -e {0}
2026-01-23T04:31:01.6991408Z env:
2026-01-23T04:31:01.6991679Z   pythonLocation: /opt/hostedtoolcache/Python/3.11.14/x64
2026-01-23T04:31:01.6992497Z   PKG_CONFIG_PATH: /opt/hostedtoolcache/Python/3.11.14/x64/lib/pkgconfig
2026-01-23T04:31:01.6992954Z   Python_ROOT_DIR: /opt/hostedtoolcache/Python/3.11.14/x64
2026-01-23T04:31:01.6993346Z   Python2_ROOT_DIR: /opt/hostedtoolcache/Python/3.11.14/x64
2026-01-23T04:31:01.6993736Z   Python3_ROOT_DIR: /opt/hostedtoolcache/Python/3.11.14/x64
2026-01-23T04:31:01.6994131Z   LD_LIBRARY_PATH: /opt/hostedtoolcache/Python/3.11.14/x64/lib
2026-01-23T04:31:01.6994463Z ##[endgroup]
2026-01-23T04:31:02.4933463Z Collecting playwright (from -r requirements.txt (line 1))
2026-01-23T04:31:02.4949840Z   Using cached playwright-1.57.0-py3-none-manylinux1_x86_64.whl.metadata (3.5 kB)
2026-01-23T04:31:02.5127607Z Collecting python-dotenv (from -r requirements.txt (line 2))
2026-01-23T04:31:02.5142456Z   Using cached python_dotenv-1.2.1-py3-none-any.whl.metadata (25 kB)
2026-01-23T04:31:02.5408094Z Collecting requests (from -r requirements.txt (line 3))
2026-01-23T04:31:02.5424389Z   Using cached requests-2.32.5-py3-none-any.whl.metadata (4.9 kB)
2026-01-23T04:31:02.7126216Z Collecting pillow (from -r requirements.txt (line 4))
2026-01-23T04:31:02.7145133Z   Using cached pillow-12.1.0-cp311-cp311-manylinux_2_27_x86_64.manylinux_2_28_x86_64.whl.metadata (8.8 kB)
2026-01-23T04:31:02.7467795Z Collecting google-genai>=0.3.0 (from -r requirements.txt (line 5))
2026-01-23T04:31:02.8413264Z   Downloading google_genai-1.60.0-py3-none-any.whl.metadata (53 kB)
2026-01-23T04:31:02.8768551Z Collecting termcolor (from -r requirements.txt (line 6))
2026-01-23T04:31:02.8782898Z   Using cached termcolor-3.3.0-py3-none-any.whl.metadata (6.5 kB)
2026-01-23T04:31:02.9131531Z Collecting PyYAML (from -r requirements.txt (line 7))
2026-01-23T04:31:02.9146337Z   Using cached pyyaml-6.0.3-cp311-cp311-manylinux2014_x86_64.manylinux_2_17_x86_64.manylinux_2_28_x86_64.whl.metadata (2.4 kB)
2026-01-23T04:31:02.9717727Z Collecting opencv-python-headless (from -r requirements.txt (line 8))
2026-01-23T04:31:02.9733814Z   Using cached opencv_python_headless-4.13.0.90-cp37-abi3-manylinux_2_28_x86_64.whl.metadata (19 kB)
2026-01-23T04:31:03.1714969Z Collecting numpy (from -r requirements.txt (line 9))
2026-01-23T04:31:03.1730383Z   Using cached numpy-2.4.1-cp311-cp311-manylinux_2_27_x86_64.manylinux_2_28_x86_64.whl.metadata (6.6 kB)
2026-01-23T04:31:03.2497896Z Collecting faker (from -r requirements.txt (line 10))
2026-01-23T04:31:03.2513054Z   Using cached faker-40.1.2-py3-none-any.whl.metadata (16 kB)
2026-01-23T04:31:03.2668634Z Collecting pyee<14,>=13 (from playwright->-r requirements.txt (line 1))
2026-01-23T04:31:03.2682486Z   Using cached pyee-13.0.0-py3-none-any.whl.metadata (2.9 kB)
2026-01-23T04:31:03.3865340Z Collecting greenlet<4.0.0,>=3.1.1 (from playwright->-r requirements.txt (line 1))
2026-01-23T04:31:03.3880854Z   Using cached greenlet-3.3.0-cp311-cp311-manylinux_2_24_x86_64.manylinux_2_28_x86_64.whl.metadata (4.1 kB)
2026-01-23T04:31:03.4066336Z Collecting typing-extensions (from pyee<14,>=13->playwright->-r requirements.txt (line 1))
2026-01-23T04:31:03.4079490Z   Using cached typing_extensions-4.15.0-py3-none-any.whl.metadata (3.3 kB)
2026-01-23T04:31:03.4899030Z Collecting charset_normalizer<4,>=2 (from requests->-r requirements.txt (line 3))
2026-01-23T04:31:03.4922633Z   Using cached charset_normalizer-3.4.4-cp311-cp311-manylinux2014_x86_64.manylinux_2_17_x86_64.manylinux_2_28_x86_64.whl.metadata (37 kB)
2026-01-23T04:31:03.5065703Z Collecting idna<4,>=2.5 (from requests->-r requirements.txt (line 3))
2026-01-23T04:31:03.5079089Z   Using cached idna-3.11-py3-none-any.whl.metadata (8.4 kB)
2026-01-23T04:31:03.5334924Z Collecting urllib3<3,>=1.21.1 (from requests->-r requirements.txt (line 3))
2026-01-23T04:31:03.5347791Z   Using cached urllib3-2.6.3-py3-none-any.whl.metadata (6.9 kB)
2026-01-23T04:31:03.5547110Z Collecting certifi>=2017.4.17 (from requests->-r requirements.txt (line 3))
2026-01-23T04:31:03.5560717Z   Using cached certifi-2026.1.4-py3-none-any.whl.metadata (2.5 kB)
2026-01-23T04:31:03.5749372Z Collecting anyio<5.0.0,>=4.8.0 (from google-genai>=0.3.0->-r requirements.txt (line 5))
2026-01-23T04:31:03.5762991Z   Using cached anyio-4.12.1-py3-none-any.whl.metadata (4.3 kB)
2026-01-23T04:31:03.6135874Z Collecting google-auth<3.0.0,>=2.47.0 (from google-auth[requests]<3.0.0,>=2.47.0->google-genai>=0.3.0->-r requirements.txt (line 5))
2026-01-23T04:31:03.6149092Z   Using cached google_auth-2.47.0-py3-none-any.whl.metadata (6.4 kB)
2026-01-23T04:31:03.6368729Z Collecting httpx<1.0.0,>=0.28.1 (from google-genai>=0.3.0->-r requirements.txt (line 5))
2026-01-23T04:31:03.6382305Z   Using cached httpx-0.28.1-py3-none-any.whl.metadata (7.1 kB)
2026-01-23T04:31:03.7725215Z Collecting pydantic<3.0.0,>=2.9.0 (from google-genai>=0.3.0->-r requirements.txt (line 5))
2026-01-23T04:31:03.7739954Z   Using cached pydantic-2.12.5-py3-none-any.whl.metadata (90 kB)
2026-01-23T04:31:03.7988011Z Collecting tenacity<9.2.0,>=8.2.3 (from google-genai>=0.3.0->-r requirements.txt (line 5))
2026-01-23T04:31:03.8001427Z   Using cached tenacity-9.1.2-py3-none-any.whl.metadata (1.2 kB)
2026-01-23T04:31:03.8857379Z Collecting websockets<15.1.0,>=13.0.0 (from google-genai>=0.3.0->-r requirements.txt (line 5))
2026-01-23T04:31:03.8872764Z   Using cached websockets-15.0.1-cp311-cp311-manylinux_2_5_x86_64.manylinux1_x86_64.manylinux_2_17_x86_64.manylinux2014_x86_64.whl.metadata (6.8 kB)
2026-01-23T04:31:03.9005677Z Collecting distro<2,>=1.7.0 (from google-genai>=0.3.0->-r requirements.txt (line 5))
2026-01-23T04:31:03.9018929Z   Using cached distro-1.9.0-py3-none-any.whl.metadata (6.8 kB)
2026-01-23T04:31:03.9105559Z Collecting sniffio (from google-genai>=0.3.0->-r requirements.txt (line 5))
2026-01-23T04:31:03.9118669Z   Using cached sniffio-1.3.1-py3-none-any.whl.metadata (3.9 kB)
2026-01-23T04:31:03.9370475Z Collecting pyasn1-modules>=0.2.1 (from google-auth<3.0.0,>=2.47.0->google-auth[requests]<3.0.0,>=2.47.0->google-genai>=0.3.0->-r requirements.txt (line 5))
2026-01-23T04:31:03.9383517Z   Using cached pyasn1_modules-0.4.2-py3-none-any.whl.metadata (3.5 kB)
2026-01-23T04:31:03.9535723Z Collecting rsa<5,>=3.1.4 (from google-auth<3.0.0,>=2.47.0->google-auth[requests]<3.0.0,>=2.47.0->google-genai>=0.3.0->-r requirements.txt (line 5))
2026-01-23T04:31:03.9549509Z   Using cached rsa-4.9.1-py3-none-any.whl.metadata (5.6 kB)
2026-01-23T04:31:03.9804880Z Collecting httpcore==1.* (from httpx<1.0.0,>=0.28.1->google-genai>=0.3.0->-r requirements.txt (line 5))
2026-01-23T04:31:03.9818273Z   Using cached httpcore-1.0.9-py3-none-any.whl.metadata (21 kB)
2026-01-23T04:31:03.9928487Z Collecting h11>=0.16 (from httpcore==1.*->httpx<1.0.0,>=0.28.1->google-genai>=0.3.0->-r requirements.txt (line 5))
2026-01-23T04:31:03.9941571Z   Using cached h11-0.16.0-py3-none-any.whl.metadata (8.3 kB)
2026-01-23T04:31:04.0038437Z Collecting annotated-types>=0.6.0 (from pydantic<3.0.0,>=2.9.0->google-genai>=0.3.0->-r requirements.txt (line 5))
2026-01-23T04:31:04.0051631Z   Using cached annotated_types-0.7.0-py3-none-any.whl.metadata (15 kB)
2026-01-23T04:31:04.6548288Z Collecting pydantic-core==2.41.5 (from pydantic<3.0.0,>=2.9.0->google-genai>=0.3.0->-r requirements.txt (line 5))
2026-01-23T04:31:04.6564881Z   Using cached pydantic_core-2.41.5-cp311-cp311-manylinux_2_17_x86_64.manylinux2014_x86_64.whl.metadata (7.3 kB)
2026-01-23T04:31:04.6685519Z Collecting typing-inspection>=0.4.2 (from pydantic<3.0.0,>=2.9.0->google-genai>=0.3.0->-r requirements.txt (line 5))
2026-01-23T04:31:04.6698987Z   Using cached typing_inspection-0.4.2-py3-none-any.whl.metadata (2.6 kB)
2026-01-23T04:31:04.7360662Z Collecting pyasn1>=0.1.3 (from rsa<5,>=3.1.4->google-auth<3.0.0,>=2.47.0->google-auth[requests]<3.0.0,>=2.47.0->google-genai>=0.3.0->-r requirements.txt (line 5))
2026-01-23T04:31:04.7375594Z   Using cached pyasn1-0.6.2-py3-none-any.whl.metadata (8.4 kB)
2026-01-23T04:31:04.7644229Z Using cached playwright-1.57.0-py3-none-manylinux1_x86_64.whl (46.0 MB)
2026-01-23T04:31:04.7981316Z Using cached greenlet-3.3.0-cp311-cp311-manylinux_2_24_x86_64.manylinux_2_28_x86_64.whl (590 kB)
2026-01-23T04:31:04.7999570Z Using cached pyee-13.0.0-py3-none-any.whl (15 kB)
2026-01-23T04:31:04.8013378Z Using cached python_dotenv-1.2.1-py3-none-any.whl (21 kB)
2026-01-23T04:31:04.8027190Z Using cached requests-2.32.5-py3-none-any.whl (64 kB)
2026-01-23T04:31:04.8041346Z Using cached charset_normalizer-3.4.4-cp311-cp311-manylinux2014_x86_64.manylinux_2_17_x86_64.manylinux_2_28_x86_64.whl (151 kB)
2026-01-23T04:31:04.8055267Z Using cached idna-3.11-py3-none-any.whl (71 kB)
2026-01-23T04:31:04.8068551Z Using cached urllib3-2.6.3-py3-none-any.whl (131 kB)
2026-01-23T04:31:04.8082719Z Using cached pillow-12.1.0-cp311-cp311-manylinux_2_27_x86_64.manylinux_2_28_x86_64.whl (7.0 MB)
2026-01-23T04:31:04.8280188Z Downloading google_genai-1.60.0-py3-none-any.whl (719 kB)
2026-01-23T04:31:04.9301019Z    ━━━━━━━━━━━━━━━━━━━━━━━━━━━━━━━━━━━━━━━━ 719.4/719.4 kB 8.2 MB/s  0:00:00
2026-01-23T04:31:04.9313881Z Using cached anyio-4.12.1-py3-none-any.whl (113 kB)
2026-01-23T04:31:04.9327335Z Using cached distro-1.9.0-py3-none-any.whl (20 kB)
2026-01-23T04:31:04.9340160Z Using cached google_auth-2.47.0-py3-none-any.whl (234 kB)
2026-01-23T04:31:04.9354480Z Using cached httpx-0.28.1-py3-none-any.whl (73 kB)
2026-01-23T04:31:04.9367737Z Using cached httpcore-1.0.9-py3-none-any.whl (78 kB)
2026-01-23T04:31:04.9380743Z Using cached pydantic-2.12.5-py3-none-any.whl (463 kB)
2026-01-23T04:31:04.9397125Z Using cached pydantic_core-2.41.5-cp311-cp311-manylinux_2_17_x86_64.manylinux2014_x86_64.whl (2.1 MB)
2026-01-23T04:31:04.9424115Z Using cached rsa-4.9.1-py3-none-any.whl (34 kB)
2026-01-23T04:31:04.9436686Z Using cached tenacity-9.1.2-py3-none-any.whl (28 kB)
2026-01-23T04:31:04.9449361Z Using cached typing_extensions-4.15.0-py3-none-any.whl (44 kB)
2026-01-23T04:31:04.9462593Z Using cached websockets-15.0.1-cp311-cp311-manylinux_2_5_x86_64.manylinux1_x86_64.manylinux_2_17_x86_64.manylinux2014_x86_64.whl (182 kB)
2026-01-23T04:31:04.9476635Z Using cached termcolor-3.3.0-py3-none-any.whl (7.7 kB)
2026-01-23T04:31:04.9489504Z Using cached pyyaml-6.0.3-cp311-cp311-manylinux2014_x86_64.manylinux_2_17_x86_64.manylinux_2_28_x86_64.whl (806 kB)
2026-01-23T04:31:04.9507792Z Using cached opencv_python_headless-4.13.0.90-cp37-abi3-manylinux_2_28_x86_64.whl (62.5 MB)
2026-01-23T04:31:04.9961259Z Using cached numpy-2.4.1-cp311-cp311-manylinux_2_27_x86_64.manylinux_2_28_x86_64.whl (16.7 MB)
2026-01-23T04:31:05.0091346Z Using cached faker-40.1.2-py3-none-any.whl (2.0 MB)
2026-01-23T04:31:05.0119321Z Using cached annotated_types-0.7.0-py3-none-any.whl (13 kB)
2026-01-23T04:31:05.0132621Z Using cached certifi-2026.1.4-py3-none-any.whl (152 kB)
2026-01-23T04:31:05.0147028Z Using cached h11-0.16.0-py3-none-any.whl (37 kB)
2026-01-23T04:31:05.0160469Z Using cached pyasn1-0.6.2-py3-none-any.whl (83 kB)
2026-01-23T04:31:05.0174320Z Using cached pyasn1_modules-0.4.2-py3-none-any.whl (181 kB)
2026-01-23T04:31:05.0188620Z Using cached typing_inspection-0.4.2-py3-none-any.whl (14 kB)
2026-01-23T04:31:05.0201442Z Using cached sniffio-1.3.1-py3-none-any.whl (10 kB)
2026-01-23T04:31:05.2214254Z Installing collected packages: websockets, urllib3, typing-extensions, termcolor, tenacity, sniffio, PyYAML, python-dotenv, pyasn1, pillow, numpy, idna, h11, greenlet, faker, distro, charset_normalizer, certifi, annotated-types, typing-inspection, rsa, requests, pyee, pydantic-core, pyasn1-modules, opencv-python-headless, httpcore, anyio, pydantic, playwright, httpx, google-auth, google-genai
2026-01-23T04:31:12.1165880Z 
2026-01-23T04:31:12.1190088Z Successfully installed PyYAML-6.0.3 annotated-types-0.7.0 anyio-4.12.1 certifi-2026.1.4 charset_normalizer-3.4.4 distro-1.9.0 faker-40.1.2 google-auth-2.47.0 google-genai-1.60.0 greenlet-3.3.0 h11-0.16.0 httpcore-1.0.9 httpx-0.28.1 idna-3.11 numpy-2.4.1 opencv-python-headless-4.13.0.90 pillow-12.1.0 playwright-1.57.0 pyasn1-0.6.2 pyasn1-modules-0.4.2 pydantic-2.12.5 pydantic-core-2.41.5 pyee-13.0.0 python-dotenv-1.2.1 requests-2.32.5 rsa-4.9.1 sniffio-1.3.1 tenacity-9.1.2 termcolor-3.3.0 typing-extensions-4.15.0 typing-inspection-0.4.2 urllib3-2.6.3 websockets-15.0.1
2026-01-23T04:31:12.7135205Z Downloading Chromium 143.0.7499.4 (playwright build v1200) from https://cdn.playwright.dev/dbazure/download/playwright/builds/chromium/1200/chromium-linux.zip
2026-01-23T04:31:12.8136109Z (node:2255) [DEP0169] DeprecationWarning: `url.parse()` behavior is not standardized and prone to errors that have security implications. Use the WHATWG URL API instead. CVEs are not issued for `url.parse()` vulnerabilities.
2026-01-23T04:31:12.8137621Z (Use `node --trace-deprecation ...` to show where the warning was created)
2026-01-23T04:31:12.9042229Z |                                                                                |   0% of 164.7 MiB
2026-01-23T04:31:13.0621000Z |■■■■■■■■                                                                        |  10% of 164.7 MiB
2026-01-23T04:31:13.1407602Z |■■■■■■■■■■■■■■■■                                                                |  20% of 164.7 MiB
2026-01-23T04:31:13.2155639Z |■■■■■■■■■■■■■■■■■■■■■■■■                                                        |  30% of 164.7 MiB
2026-01-23T04:31:13.2863595Z |■■■■■■■■■■■■■■■■■■■■■■■■■■■■■■■■                                                |  40% of 164.7 MiB
2026-01-23T04:31:13.3556619Z |■■■■■■■■■■■■■■■■■■■■■■■■■■■■■■■■■■■■■■■■                                        |  50% of 164.7 MiB
2026-01-23T04:31:13.4277422Z |■■■■■■■■■■■■■■■■■■■■■■■■■■■■■■■■■■■■■■■■■■■■■■■■                                |  60% of 164.7 MiB
2026-01-23T04:31:13.5002664Z |■■■■■■■■■■■■■■■■■■■■■■■■■■■■■■■■■■■■■■■■■■■■■■■■■■■■■■■■                        |  70% of 164.7 MiB
2026-01-23T04:31:13.5721065Z |■■■■■■■■■■■■■■■■■■■■■■■■■■■■■■■■■■■■■■■■■■■■■■■■■■■■■■■■■■■■■■■■                |  80% of 164.7 MiB
2026-01-23T04:31:13.6545294Z |■■■■■■■■■■■■■■■■■■■■■■■■■■■■■■■■■■■■■■■■■■■■■■■■■■■■■■■■■■■■■■■■■■■■■■■■        |  90% of 164.7 MiB
2026-01-23T04:31:13.7253962Z |■■■■■■■■■■■■■■■■■■■■■■■■■■■■■■■■■■■■■■■■■■■■■■■■■■■■■■■■■■■■■■■■■■■■■■■■■■■■■■■■| 100% of 164.7 MiB
2026-01-23T04:31:16.2363822Z Chromium 143.0.7499.4 (playwright build v1200) downloaded to /home/runner/.cache/ms-playwright/chromium-1200
2026-01-23T04:31:16.2368229Z Downloading FFMPEG playwright build v1011 from https://cdn.playwright.dev/dbazure/download/playwright/builds/ffmpeg/1011/ffmpeg-linux.zip
2026-01-23T04:31:16.3414391Z (node:2266) [DEP0169] DeprecationWarning: `url.parse()` behavior is not standardized and prone to errors that have security implications. Use the WHATWG URL API instead. CVEs are not issued for `url.parse()` vulnerabilities.
2026-01-23T04:31:16.3416296Z (Use `node --trace-deprecation ...` to show where the warning was created)
2026-01-23T04:31:16.5912924Z |                                                                                |   0% of 2.3 MiB
2026-01-23T04:31:16.5967142Z |■■■■■■■■                                                                        |  10% of 2.3 MiB
2026-01-23T04:31:16.5991042Z |■■■■■■■■■■■■■■■■                                                                |  20% of 2.3 MiB
2026-01-23T04:31:16.6015203Z |■■■■■■■■■■■■■■■■■■■■■■■■                                                        |  30% of 2.3 MiB
2026-01-23T04:31:16.6030452Z |■■■■■■■■■■■■■■■■■■■■■■■■■■■■■■■■                                                |  40% of 2.3 MiB
2026-01-23T04:31:16.6040080Z |■■■■■■■■■■■■■■■■■■■■■■■■■■■■■■■■■■■■■■■■                                        |  50% of 2.3 MiB
2026-01-23T04:31:16.6060697Z |■■■■■■■■■■■■■■■■■■■■■■■■■■■■■■■■■■■■■■■■■■■■■■■■                                |  60% of 2.3 MiB
2026-01-23T04:31:16.6078553Z |■■■■■■■■■■■■■■■■■■■■■■■■■■■■■■■■■■■■■■■■■■■■■■■■■■■■■■■■                        |  70% of 2.3 MiB
2026-01-23T04:31:16.6096270Z |■■■■■■■■■■■■■■■■■■■■■■■■■■■■■■■■■■■■■■■■■■■■■■■■■■■■■■■■■■■■■■■■                |  80% of 2.3 MiB
2026-01-23T04:31:16.6116730Z |■■■■■■■■■■■■■■■■■■■■■■■■■■■■■■■■■■■■■■■■■■■■■■■■■■■■■■■■■■■■■■■■■■■■■■■■        |  90% of 2.3 MiB
2026-01-23T04:31:16.6126664Z |■■■■■■■■■■■■■■■■■■■■■■■■■■■■■■■■■■■■■■■■■■■■■■■■■■■■■■■■■■■■■■■■■■■■■■■■■■■■■■■■| 100% of 2.3 MiB
2026-01-23T04:31:16.6700631Z FFMPEG playwright build v1011 downloaded to /home/runner/.cache/ms-playwright/ffmpeg-1011
2026-01-23T04:31:16.6704713Z Downloading Chromium Headless Shell 143.0.7499.4 (playwright build v1200) from https://cdn.playwright.dev/dbazure/download/playwright/builds/chromium/1200/chromium-headless-shell-linux.zip
2026-01-23T04:31:16.7696530Z (node:2277) [DEP0169] DeprecationWarning: `url.parse()` behavior is not standardized and prone to errors that have security implications. Use the WHATWG URL API instead. CVEs are not issued for `url.parse()` vulnerabilities.
2026-01-23T04:31:16.7698487Z (Use `node --trace-deprecation ...` to show where the warning was created)
2026-01-23T04:31:16.8506842Z |                                                                                |   0% of 109.7 MiB
2026-01-23T04:31:16.9651090Z |■■■■■■■■                                                                        |  10% of 109.7 MiB
2026-01-23T04:31:17.0373744Z |■■■■■■■■■■■■■■■■                                                                |  20% of 109.7 MiB
2026-01-23T04:31:17.1003274Z |■■■■■■■■■■■■■■■■■■■■■■■■                                                        |  30% of 109.7 MiB
2026-01-23T04:31:17.1626141Z |■■■■■■■■■■■■■■■■■■■■■■■■■■■■■■■■                                                |  40% of 109.7 MiB
2026-01-23T04:31:17.2201079Z |■■■■■■■■■■■■■■■■■■■■■■■■■■■■■■■■■■■■■■■■                                        |  50% of 109.7 MiB
2026-01-23T04:31:17.2775384Z |■■■■■■■■■■■■■■■■■■■■■■■■■■■■■■■■■■■■■■■■■■■■■■■■                                |  60% of 109.7 MiB
2026-01-23T04:31:17.3323807Z |■■■■■■■■■■■■■■■■■■■■■■■■■■■■■■■■■■■■■■■■■■■■■■■■■■■■■■■■                        |  70% of 109.7 MiB
2026-01-23T04:31:17.3877808Z |■■■■■■■■■■■■■■■■■■■■■■■■■■■■■■■■■■■■■■■■■■■■■■■■■■■■■■■■■■■■■■■■                |  80% of 109.7 MiB
2026-01-23T04:31:17.4270123Z |■■■■■■■■■■■■■■■■■■■■■■■■■■■■■■■■■■■■■■■■■■■■■■■■■■■■■■■■■■■■■■■■■■■■■■■■        |  90% of 109.7 MiB
2026-01-23T04:31:17.4789694Z |■■■■■■■■■■■■■■■■■■■■■■■■■■■■■■■■■■■■■■■■■■■■■■■■■■■■■■■■■■■■■■■■■■■■■■■■■■■■■■■■| 100% of 109.7 MiB
2026-01-23T04:31:19.3409747Z Chromium Headless Shell 143.0.7499.4 (playwright build v1200) downloaded to /home/runner/.cache/ms-playwright/chromium_headless_shell-1200
2026-01-23T04:31:19.3634993Z ##[group]Run mkdir -p projects/ci_the_internet_login
2026-01-23T04:31:19.3635417Z [36;1mmkdir -p projects/ci_the_internet_login[0m
2026-01-23T04:31:19.3635818Z [36;1mcat > projects/ci_the_internet_login/config.json << 'EOF'[0m
2026-01-23T04:31:19.3636149Z [36;1m{[0m
2026-01-23T04:31:19.3636370Z [36;1m  "project_name": "ci_the_internet_login",[0m
2026-01-23T04:31:19.3636777Z [36;1m  "target_url": "https://the-internet.herokuapp.com/login",[0m
2026-01-23T04:31:19.3637300Z [36;1m  "goal": "Login with tomsmith/SuperSecretPassword!, verify secret area is visible",[0m
2026-01-23T04:31:19.3637728Z [36;1m  "headless": true[0m
2026-01-23T04:31:19.3637936Z [36;1m}[0m
2026-01-23T04:31:19.3638107Z [36;1mEOF[0m
2026-01-23T04:31:19.3671592Z shell: /usr/bin/bash -e {0}
2026-01-23T04:31:19.3671982Z env:
2026-01-23T04:31:19.3672357Z   pythonLocation: /opt/hostedtoolcache/Python/3.11.14/x64
2026-01-23T04:31:19.3672817Z   PKG_CONFIG_PATH: /opt/hostedtoolcache/Python/3.11.14/x64/lib/pkgconfig
2026-01-23T04:31:19.3673235Z   Python_ROOT_DIR: /opt/hostedtoolcache/Python/3.11.14/x64
2026-01-23T04:31:19.3673614Z   Python2_ROOT_DIR: /opt/hostedtoolcache/Python/3.11.14/x64
2026-01-23T04:31:19.3673994Z   Python3_ROOT_DIR: /opt/hostedtoolcache/Python/3.11.14/x64
2026-01-23T04:31:19.3674396Z   LD_LIBRARY_PATH: /opt/hostedtoolcache/Python/3.11.14/x64/lib
2026-01-23T04:31:19.3674698Z ##[endgroup]
2026-01-23T04:31:19.3778623Z ##[group]Run # Discovery mode skip: No --deep flag
2026-01-23T04:31:19.3778998Z [36;1m# Discovery mode skip: No --deep flag[0m
2026-01-23T04:31:19.3779429Z [36;1mpython orchestrator.py --project projects/ci_the_internet_login --force[0m
2026-01-23T04:31:19.3809422Z shell: /usr/bin/bash -e {0}
2026-01-23T04:31:19.3809655Z env:
2026-01-23T04:31:19.3809902Z   pythonLocation: /opt/hostedtoolcache/Python/3.11.14/x64
2026-01-23T04:31:19.3810318Z   PKG_CONFIG_PATH: /opt/hostedtoolcache/Python/3.11.14/x64/lib/pkgconfig
2026-01-23T04:31:19.3810907Z   Python_ROOT_DIR: /opt/hostedtoolcache/Python/3.11.14/x64
2026-01-23T04:31:19.3811268Z   Python2_ROOT_DIR: /opt/hostedtoolcache/Python/3.11.14/x64
2026-01-23T04:31:19.3811630Z   Python3_ROOT_DIR: /opt/hostedtoolcache/Python/3.11.14/x64
2026-01-23T04:31:19.3812282Z   LD_LIBRARY_PATH: /opt/hostedtoolcache/Python/3.11.14/x64/lib
2026-01-23T04:31:19.3812785Z   GOOGLE_API_KEY: ***
2026-01-23T04:31:19.3812980Z   PYTHONPATH: .
2026-01-23T04:31:19.3813190Z ##[endgroup]
2026-01-23T04:31:22.6923672Z [LLM] SafeLLM Initialized: model=gemini-2.0-flash-lite-preview-02-05
2026-01-23T04:31:22.6924129Z 
2026-01-23T04:31:22.6924700Z [PLAN] PLANNER: Planning goal -> 'Login with tomsmith/SuperSecretPassword!, verify secret area is visible' (Deep Mode: False)
2026-01-23T04:31:22.6926260Z [EXPERT] Detected Domain: GENERAL. Persona: Act as Senior SDET focusing on exploring the application to understand functional flow and identifying critical paths for end-to-end automation
2026-01-23T04:31:22.6927579Z [DEBUG] Sending request to gemini-2.0-flash-lite-preview-02-05. Number of parts: 1
2026-01-23T04:31:22.6928198Z [DEBUG] Received response (Length: 940)
2026-01-23T04:31:22.6928628Z [OK] Planner generated 1 scenarios. Workflow updated.
2026-01-23T04:31:23.7085384Z [LLM] SafeLLM Initialized: model=gemini-2.0-flash-lite-preview-02-05
2026-01-23T04:31:23.7085944Z 
2026-01-23T04:31:23.7086238Z [EXPLORE] [EXPLORE] Starting AI-Guided Exploration & Mining
2026-01-23T04:31:23.7086941Z [LOC] Project: ci_the_internet_login
2026-01-23T04:31:25.0018844Z 
2026-01-23T04:31:25.0019747Z --- Exploring Scenario: Login and Verify Secret Area ---
2026-01-23T04:31:25.0020831Z     [AI] Initialized exploration context for goal: 'Logs in with valid credentials and verifies the secret area is visible.'
2026-01-23T04:31:25.0022080Z     [TARGET] Scenario: Login and Verify Secret Area
2026-01-23T04:31:25.0029713Z   [STEP] [STEP step_1] NAVIGATE: 
2026-01-23T04:31:25.8630350Z     [OK] Navigated to https://the-internet.herokuapp.com/login
2026-01-23T04:31:25.8631572Z     ⚡ PARALLEL MODE: Batching 2 fill steps
2026-01-23T04:31:25.8632326Z       Batch mining 2 fields in parallel...
2026-01-23T04:31:25.9614697Z     [SEARCH] Batch rejecting incompatible locator for 'fill': text=This is where you can log into the secure area. Enter tomsmith for the username and SuperSecretPassw
2026-01-23T04:31:25.9710452Z     [SEARCH] Batch rejecting incompatible locator for 'fill': text='Username'
2026-01-23T04:31:25.9823233Z     [SEARCH] Batch rejecting incompatible locator for 'fill': text='Username'
2026-01-23T04:31:25.9900628Z     [SEARCH] Batch rejecting incompatible locator for 'fill': text='Password'
2026-01-23T04:31:26.0021774Z     [SEARCH] Batch rejecting incompatible locator for 'fill': text='Password'
2026-01-23T04:31:26.0022953Z     [OK] Batch mined 'Username' (3 locators)
2026-01-23T04:31:26.0023489Z     [OK] Batch mined 'Password' (3 locators)
2026-01-23T04:31:26.0024292Z     ✅ Batch mined 2/2 steps successfully
2026-01-23T04:31:26.0024794Z   [STEP] [STEP step_4] CLICK: Login
2026-01-23T04:31:26.0098933Z     [SEARCH] Mining locators for: 'Login'
2026-01-23T04:31:26.0997750Z     [OK] Found 2 verified locators
2026-01-23T04:31:29.6821549Z     [OK] State transitioned.
2026-01-23T04:31:31.1599834Z [DEBUG] Sending request to gemini-2.0-flash-lite-preview-02-05. Number of parts: 2
2026-01-23T04:31:31.1600670Z [DEBUG] Received response (Length: 191)
2026-01-23T04:31:31.1601681Z       AI Next Step Suggestion: fill -> Username
2026-01-23T04:31:31.1602558Z     [SUGGEST] Suggested Locator: #username
2026-01-23T04:31:31.1603546Z     [REASON] Reasoning: The goal is to log in. The username field needs to be filled with 'tomsmith'.
2026-01-23T04:31:31.1852197Z     [OK] AI suggested locator '#username' validated (1 element found)
2026-01-23T04:31:31.1852916Z       Injected AI step: fill -> Username
2026-01-23T04:31:31.1853412Z   [STEP] [STEP step_4_ai_1] FILL: Username
2026-01-23T04:31:31.1926408Z     [TARGET] Using AI-provided locator: #username
2026-01-23T04:31:31.2016497Z     [OK] Found 1 verified locators
2026-01-23T04:31:37.0171590Z     [OK] State transitioned.
2026-01-23T04:31:38.3360638Z [DEBUG] Sending request to gemini-2.0-flash-lite-preview-02-05. Number of parts: 2
2026-01-23T04:31:38.3361130Z [DEBUG] Received response (Length: 200)
2026-01-23T04:31:38.3361450Z       AI Next Step Suggestion: fill -> Password
2026-01-23T04:31:38.3361761Z     [SUGGEST] Suggested Locator: #password
2026-01-23T04:31:38.3362507Z     [REASON] Reasoning: The next step is to fill in the password field to complete the login form.
2026-01-23T04:31:38.3431182Z     [OK] AI suggested locator '#password' validated (1 element found)
2026-01-23T04:31:38.3432031Z       Injected AI step: fill -> Password
2026-01-23T04:31:38.3432509Z   [STEP] [STEP step_4_ai_2] FILL: Password
2026-01-23T04:31:38.3497413Z     [TARGET] Using AI-provided locator: #password
2026-01-23T04:31:38.3586984Z     [OK] Found 1 verified locators
2026-01-23T04:31:45.5936010Z     [OK] State transitioned.
2026-01-23T04:31:46.9388705Z [DEBUG] Sending request to gemini-2.0-flash-lite-preview-02-05. Number of parts: 2
2026-01-23T04:31:46.9389265Z [DEBUG] Received response (Length: 199)
2026-01-23T04:31:46.9389593Z       AI Next Step Suggestion: click -> Login
2026-01-23T04:31:46.9389924Z     [SUGGEST] Suggested Locator: button
2026-01-23T04:31:46.9390559Z     [REASON] Reasoning: The username and password fields have been filled. The next step is to click the Login button to submit the form.
2026-01-23T04:31:46.9420201Z     [OK] AI suggested locator 'button' validated (1 element found)
2026-01-23T04:31:46.9420751Z       Injected AI step: click -> Login
2026-01-23T04:31:46.9421134Z   [STEP] [STEP step_4_ai_3] CLICK: Login
2026-01-23T04:31:46.9488935Z     [TARGET] Using AI-provided locator: button
2026-01-23T04:31:46.9545855Z     [OK] Found 1 verified locators
2026-01-23T04:31:51.0088022Z     [OK] State transitioned.
2026-01-23T04:31:52.5404008Z [DEBUG] Sending request to gemini-2.0-flash-lite-preview-02-05. Number of parts: 2
2026-01-23T04:31:52.5404798Z [DEBUG] Received response (Length: 308)
2026-01-23T04:31:52.5405236Z       AI Next Step Suggestion: done -> Verify the secret area is visible
2026-01-23T04:31:52.5406119Z     [REASON] Reasoning: The goal is to verify the secret area is visible, and the current page state shows the 'Secure Area' and the 'Logout' button, indicating the login was successful and the goal is met.
2026-01-23T04:31:52.5406960Z   [STEP] [STEP step_8] ASSERT_VISIBLE: Secure Area
2026-01-23T04:31:52.5575827Z     [SEARCH] Mining locators for: 'Secure Area'
2026-01-23T04:31:52.6072453Z     [OK] Found 2 verified locators
2026-01-23T04:31:54.6176823Z     [OK] State transitioned.
2026-01-23T04:31:55.7978090Z [DEBUG] Sending request to gemini-2.0-flash-lite-preview-02-05. Number of parts: 2
2026-01-23T04:31:55.7979217Z [DEBUG] Received response (Length: 216)
2026-01-23T04:31:55.7979947Z       AI Next Step Suggestion: click -> Logout
2026-01-23T04:31:55.7980889Z     [SUGGEST] Suggested Locator: a:contains('Logout')
2026-01-23T04:31:55.7983736Z     [REASON] Reasoning: The goal is to verify the secret area is visible, which has been achieved. Now, the next logical step is to logout.
2026-01-23T04:31:55.8028253Z     [WARN] Error validating AI locator: Locator.count: SyntaxError: Failed to execute 'que
2026-01-23T04:31:55.8029246Z     [WARN] Skipping AI step 'click -> Logout': Target element not found in current page state (likely moved to next page).
2026-01-23T04:31:57.8054631Z [SAVE] Saving 1 scenarios to /home/runner/work/build_qa_automation/build_qa_automation/projects/ci_the_internet_login/workflow.json
2026-01-23T04:31:57.8335538Z 
2026-01-23T04:31:57.8336538Z ============================================================
2026-01-23T04:31:57.8338058Z [STATS] EXPLORATION SUMMARY
2026-01-23T04:31:57.8338490Z ============================================================
2026-01-23T04:31:57.8338824Z 
2026-01-23T04:31:57.8338966Z [INFO] Scenario Overview:
2026-01-23T04:31:57.8339338Z      Total Scenarios Planned: 1
2026-01-23T04:31:57.8339731Z      Scenarios Explored: 1
2026-01-23T04:31:57.8340509Z      Total Steps Generated: 8
2026-01-23T04:31:57.8340766Z 
2026-01-23T04:31:57.8340913Z [SEARCH] Discovery Statistics:
2026-01-23T04:31:57.8341300Z    [OK] Successfully Mined: 5
2026-01-23T04:31:57.8341543Z    [AI] AI Assisted/Healed: 0
2026-01-23T04:31:57.8341767Z    [FAIL] Discovery Failures: 0
2026-01-23T04:31:57.8342525Z 
2026-01-23T04:31:57.8342680Z ============================================================
2026-01-23T04:31:57.8343768Z [DONE] Exploration Complete. Locators saved to: /home/runner/work/build_qa_automation/build_qa_automation/projects/ci_the_internet_login/workflow.json
2026-01-23T04:31:57.8344412Z 
2026-01-23T04:31:57.8344575Z ============================================================
2026-01-23T04:31:57.8345332Z 📊 Navigation Metrics: all_scenarios
2026-01-23T04:31:57.8345765Z ============================================================
2026-01-23T04:31:57.8346172Z Total Steps Generated:    8
2026-01-23T04:31:57.8346529Z Optimized Steps:          5
2026-01-23T04:31:57.8346885Z Duplicate Steps Removed:  3
2026-01-23T04:31:57.8347223Z Path Efficiency:          62.5%
2026-01-23T04:31:57.8347575Z Redundancy Rate:          37.5%
2026-01-23T04:31:57.8347968Z ------------------------------------------------------------
2026-01-23T04:31:57.8348396Z Cache Hits:               0
2026-01-23T04:31:57.8348733Z Cache Misses:             5
2026-01-23T04:31:57.8349029Z Cache Hit Rate:           0.0%
2026-01-23T04:31:57.8349426Z ------------------------------------------------------------
2026-01-23T04:31:57.8349925Z States Visited:           2
2026-01-23T04:31:57.8350281Z Unique States:            5
2026-01-23T04:31:57.8350511Z Circular Paths Blocked:   2
2026-01-23T04:31:57.8350756Z ============================================================
2026-01-23T04:31:57.8350953Z 
2026-01-23T04:31:57.8352300Z [STATS] Navigation metrics saved to: /home/runner/work/build_qa_automation/build_qa_automation/projects/ci_the_internet_login/outputs/navigation_metrics_ci_the_internet_login_all_scenarios.json
2026-01-23T04:31:57.8353538Z 
2026-01-23T04:31:57.8353651Z ============================================================
2026-01-23T04:31:57.8354026Z 📊 PERFORMANCE METRICS
2026-01-23T04:31:57.8354367Z ============================================================
2026-01-23T04:31:57.8354572Z 
2026-01-23T04:31:57.8354693Z ⏱️  Phase Timings:
2026-01-23T04:31:57.8354811Z 
2026-01-23T04:31:57.8354936Z 🎯 Element Resolution:
2026-01-23T04:31:57.8355249Z    Total Attempts: 0
2026-01-23T04:31:57.8355563Z    Smart Selectors: 0 (0.0%)
2026-01-23T04:31:57.8355861Z    AI Fallbacks: 0
2026-01-23T04:31:57.8356113Z    Deterministic: 0
2026-01-23T04:31:57.8356297Z 
2026-01-23T04:31:57.8356478Z 🤖 AI Performance:
2026-01-23T04:31:57.8356964Z    Total Calls: 0
2026-01-23T04:31:57.8357148Z 
2026-01-23T04:31:57.8357339Z 💾 Cache Performance:
2026-01-23T04:31:57.8357670Z    Hits: 0
2026-01-23T04:31:57.8357941Z    Misses: 0
2026-01-23T04:31:57.8358240Z    Hit Rate: 0.0%
2026-01-23T04:31:57.8358379Z 
2026-01-23T04:31:57.8358489Z 🔄 Retry Metrics:
2026-01-23T04:31:57.8358696Z    Mining Retries: 0
2026-01-23T04:31:57.8358890Z    Loop Detections: 0
2026-01-23T04:31:57.8359097Z    State Revisits: 0
2026-01-23T04:31:57.8359321Z ============================================================
2026-01-23T04:31:57.8359520Z 
2026-01-23T04:31:57.8360361Z [STATS] Performance metrics saved to: /home/runner/work/build_qa_automation/build_qa_automation/projects/ci_the_internet_login/outputs/performance_metrics.json
2026-01-23T04:32:47.8255512Z [LLM] SafeLLM Initialized: model=gemini-2.0-flash-lite-preview-02-05
2026-01-23T04:32:47.8256057Z 
2026-01-23T04:32:47.8256246Z   [EXECUTE] Starting Automation Execution Engine
2026-01-23T04:32:47.8256713Z [LOC] Project: ci_the_internet_login
2026-01-23T04:32:47.8257088Z   Mode: Headless
2026-01-23T04:32:47.8257261Z 
2026-01-23T04:32:47.8257436Z --- Scenario: Login and Verify Secret Area ---
2026-01-23T04:32:47.8257904Z   [STEP]  [STEP step_0] NAVIGATE: NAVIGATE
2026-01-23T04:32:47.8258764Z     [OK] Step step_0 Passed.
2026-01-23T04:32:47.8259135Z   [STEP]  [STEP step_1] FILL: Username
2026-01-23T04:32:47.8259618Z     [SEARCH] Trying 3 validated locators from golden path...
2026-01-23T04:32:47.8260372Z     [OK] SUCCESS! Locator #1: role=textbox[name='Username']... (method: unknown, stability: 0.00)
2026-01-23T04:32:47.8261035Z     [OK] Step step_1 Passed.
2026-01-23T04:32:47.8261384Z   [STEP]  [STEP step_2] FILL: Password
2026-01-23T04:32:47.8262109Z     [SEARCH] Trying 3 validated locators from golden path...
2026-01-23T04:32:47.8262854Z     [OK] SUCCESS! Locator #1: role=textbox[name='Password']... (method: unknown, stability: 0.00)
2026-01-23T04:32:47.8263531Z     [OK] Step step_2 Passed.
2026-01-23T04:32:47.8263891Z   [STEP]  [STEP step_3] CLICK: Login
2026-01-23T04:32:47.8264341Z     [SEARCH] Trying 2 validated locators from golden path...
2026-01-23T04:32:47.8264987Z     [OK] SUCCESS! Locator #1: text='Login'... (method: unknown, stability: 0.00)
2026-01-23T04:32:47.8265567Z     [OK] Step step_3 Passed.
2026-01-23T04:32:47.8265927Z   [STEP]  [STEP step_4_ai_1] FILL: Username
2026-01-23T04:32:47.8266413Z     [SEARCH] Trying 1 validated locators from golden path...
2026-01-23T04:32:47.8266923Z     [FAIL] Locator #1 found 0 elements: #username...
2026-01-23T04:32:47.8267507Z     [WARN]  All golden path locators failed. Will try text-based fallback.
2026-01-23T04:32:47.8268388Z     [FAIL] Attempt 1 failed (element_not_found): Locator.scroll_into_view_if_needed: Timeout 10000ms exceeded.
2026-01-23T04:32:47.8269113Z Call log:
2026-01-23T04:32:47.8269381Z   - waiting for locator("tex...
2026-01-23T04:32:47.8269826Z       [AUTO-HEAL] Re-mining page to find 'Username'...
2026-01-23T04:32:47.8270492Z [DEBUG] Sending request to gemini-2.0-flash-lite-preview-02-05. Number of parts: 2
2026-01-23T04:32:47.8271128Z [DEBUG] Received response (Length: 698)
2026-01-23T04:32:47.8271567Z     [AI] AI heal found 3 alternatives. Validating...
2026-01-23T04:32:47.8272279Z       [FAIL] Rejected: No keyword match in 'secure area' for 'Username'
2026-01-23T04:32:47.8273032Z       [FAIL] Rejected: No keyword match in 'you logged into a secure area!' for 'Username'
2026-01-23T04:32:47.8273754Z       [FAIL] Rejected: No keyword match in 'logout' for 'Username'
2026-01-23T04:32:47.8274355Z     [WARN] All AI suggestions failed validation. Using original.
2026-01-23T04:32:47.8274998Z     [FAIL] AI could not re-locate the element. Waiting 1s before next retry.
2026-01-23T04:32:47.8275873Z     [FAIL] Attempt 2 failed (element_not_found): Locator.scroll_into_view_if_needed: Timeout 10000ms exceeded.
2026-01-23T04:32:47.8276581Z Call log:
2026-01-23T04:32:47.8276852Z   - waiting for locator("tex...
2026-01-23T04:32:47.8277264Z       [AUTO-HEAL] Re-mining page to find 'Username'...
2026-01-23T04:32:47.8277734Z [CACHE HIT] cc111739... (hits: 1, misses: 1)
2026-01-23T04:32:47.8278190Z     [AI] AI heal found 3 alternatives. Validating...
2026-01-23T04:32:47.8278762Z       [FAIL] Rejected: No keyword match in 'secure area' for 'Username'
2026-01-23T04:32:47.8279506Z       [FAIL] Rejected: No keyword match in 'you logged into a secure area!' for 'Username'
2026-01-23T04:32:47.8280214Z       [FAIL] Rejected: No keyword match in 'logout' for 'Username'
2026-01-23T04:32:47.8280845Z     [WARN] All AI suggestions failed validation. Using original.
2026-01-23T04:32:47.8281485Z     [FAIL] AI could not re-locate the element. Waiting 1s before next retry.
2026-01-23T04:32:47.8282751Z     [FAIL] Attempt 3 failed (element_not_found): Locator.scroll_into_view_if_needed: Timeout 10000ms exceeded.
2026-01-23T04:32:47.8283471Z Call log:
2026-01-23T04:32:47.8283737Z   - waiting for locator("tex...
2026-01-23T04:32:47.8284127Z       Step step_4_ai_1 failed after all retries.
2026-01-23T04:32:47.8284723Z [ABORT] Scenario 'Login and Verify Secret Area' aborted due to step failure.
2026-01-23T04:32:47.8285175Z 
2026-01-23T04:32:47.8285330Z ============================================================
2026-01-23T04:32:47.8285737Z [TARGET] EXECUTION SUMMARY
2026-01-23T04:32:47.8286250Z ============================================================
2026-01-23T04:32:47.8286538Z 
2026-01-23T04:32:47.8286667Z [INFO] Scenario Overview:
2026-01-23T04:32:47.8286992Z      Total Scenarios Planned: 1
2026-01-23T04:32:47.8287346Z      Scenarios Executed: 1
2026-01-23T04:32:47.8287671Z      Total Steps Executed: 5
2026-01-23T04:32:47.8287895Z 
2026-01-23T04:32:47.8288001Z [OK] Results:
2026-01-23T04:32:47.8288267Z    [FAIL] Failed: 1 (100%)
2026-01-23T04:32:47.8288474Z 
2026-01-23T04:32:47.8288592Z [WARN]  Failed Scenarios:
2026-01-23T04:32:47.8288914Z      Login and Verify Secret Area
2026-01-23T04:32:47.8289161Z 
2026-01-23T04:32:47.8289297Z ============================================================
2026-01-23T04:32:47.8289578Z 
2026-01-23T04:32:47.8290258Z [DONE] Execution Finished. Report: /home/runner/work/build_qa_automation/build_qa_automation/projects/ci_the_internet_login/execution.json
2026-01-23T04:32:47.8291078Z 
2026-01-23T04:32:47.8291221Z ============================================================
2026-01-23T04:32:47.8291656Z PERFORMANCE SUMMARY
2026-01-23T04:32:47.8292481Z ============================================================
2026-01-23T04:32:47.8292783Z 
2026-01-23T04:32:47.8292888Z Execution Results:
2026-01-23T04:32:47.8293165Z    - Total Steps: 5
2026-01-23T04:32:47.8293476Z    - First-Attempt Success: 4 (80.0%)
2026-01-23T04:32:47.8293859Z    - Required AI Healing: 2 (40.0%)
2026-01-23T04:32:47.8294244Z    - Final Failures: 1 (20.0%)
2026-01-23T04:32:47.8294473Z 
2026-01-23T04:32:47.8294608Z [GOLDEN]  Golden Path Effectiveness:
2026-01-23T04:32:47.8294983Z      Steps with Mined Locators: 4
2026-01-23T04:32:47.8295357Z      Golden Path Hits: 3 (75.0%)
2026-01-23T04:32:47.8295690Z      Golden Path Misses: 1
2026-01-23T04:32:47.8296020Z      Fallback Used (No Locators): 1
2026-01-23T04:32:47.8296266Z 
2026-01-23T04:32:47.8296388Z [ASSESS] Overall Assessment:
2026-01-23T04:32:47.8296814Z    [OK] GOOD! Most steps following golden path successfully.
2026-01-23T04:32:47.8297165Z 
2026-01-23T04:32:47.8297288Z [TARGET] vs Target (100% Flawless):
2026-01-23T04:32:47.8297676Z    [STATS] Gap: 20.0% from target
2026-01-23T04:32:47.8298095Z    [TIP] Recommendation: Review 1 golden path misses
2026-01-23T04:32:47.8298676Z    [TIP] Recommendation: Explorer needs to mine locators for 1 steps
2026-01-23T04:32:47.8299081Z 
2026-01-23T04:32:47.8299227Z ============================================================
2026-01-23T04:32:47.9360124Z 
2026-01-23T04:32:47.9360650Z [PHASE] Running Phase: PLANNING
2026-01-23T04:32:47.9363330Z    Command: /opt/hostedtoolcache/Python/3.11.14/x64/bin/python /home/runner/work/build_qa_automation/build_qa_automation/core/agents/planner.py --project /home/runner/work/build_qa_automation/build_qa_automation/projects/ci_the_internet_login --goal Login with tomsmith/SuperSecretPassword!, verify secret area is visible --url https://the-internet.herokuapp.com/login
2026-01-23T04:32:47.9365696Z [OK] Phase 'planning' completed successfully.
2026-01-23T04:32:47.9366034Z 
2026-01-23T04:32:47.9366178Z [PHASE] Running Phase: EXPLORATION
2026-01-23T04:32:47.9367710Z    Command: /opt/hostedtoolcache/Python/3.11.14/x64/bin/python /home/runner/work/build_qa_automation/build_qa_automation/core/agents/explorer.py --project /home/runner/work/build_qa_automation/build_qa_automation/projects/ci_the_internet_login
2026-01-23T04:32:47.9369309Z [OK] Phase 'exploration' completed successfully.
2026-01-23T04:32:47.9370092Z Summary: Exploration Discovery Success Rate: 100.0%
2026-01-23T04:32:47.9370431Z 
2026-01-23T04:32:47.9370566Z [PHASE] Running Phase: EXECUTION
2026-01-23T04:32:47.9372208Z    Command: /opt/hostedtoolcache/Python/3.11.14/x64/bin/python /home/runner/work/build_qa_automation/build_qa_automation/core/agents/executor.py --project /home/runner/work/build_qa_automation/build_qa_automation/projects/ci_the_internet_login
2026-01-23T04:32:47.9373815Z [OK] Phase 'execution' completed successfully.
2026-01-23T04:32:47.9374120Z 
2026-01-23T04:32:47.9374484Z [DONE] Pipeline Execution Finished! [DONE]
2026-01-23T04:32:48.0332485Z ##[group]Run RESULT_FILE="projects/ci_the_internet_login/execution.json"
2026-01-23T04:32:48.0333049Z [36;1mRESULT_FILE="projects/ci_the_internet_login/execution.json"[0m
2026-01-23T04:32:48.0333430Z [36;1mif [ -f "$RESULT_FILE" ]; then[0m
2026-01-23T04:32:48.0333765Z [36;1m  echo "✅ Results generated successfully: $RESULT_FILE"[0m
2026-01-23T04:32:48.0334214Z [36;1m  cat "$RESULT_FILE" | jq '.scenarios | length' || echo "Result file exists"[0m
2026-01-23T04:32:48.0334578Z [36;1melse[0m
2026-01-23T04:32:48.0334802Z [36;1m  echo "❌ No result file found at $RESULT_FILE"[0m
2026-01-23T04:32:48.0335087Z [36;1m  exit 1[0m
2026-01-23T04:32:48.0335261Z [36;1mfi[0m
2026-01-23T04:32:48.0367470Z shell: /usr/bin/bash -e {0}
2026-01-23T04:32:48.0367703Z env:
2026-01-23T04:32:48.0367953Z   pythonLocation: /opt/hostedtoolcache/Python/3.11.14/x64
2026-01-23T04:32:48.0368391Z   PKG_CONFIG_PATH: /opt/hostedtoolcache/Python/3.11.14/x64/lib/pkgconfig
2026-01-23T04:32:48.0368847Z   Python_ROOT_DIR: /opt/hostedtoolcache/Python/3.11.14/x64
2026-01-23T04:32:48.0369217Z   Python2_ROOT_DIR: /opt/hostedtoolcache/Python/3.11.14/x64
2026-01-23T04:32:48.0369597Z   Python3_ROOT_DIR: /opt/hostedtoolcache/Python/3.11.14/x64
2026-01-23T04:32:48.0369971Z   LD_LIBRARY_PATH: /opt/hostedtoolcache/Python/3.11.14/x64/lib
2026-01-23T04:32:48.0370275Z ##[endgroup]
2026-01-23T04:32:48.0439984Z ✅ Results generated successfully: projects/ci_the_internet_login/execution.json
2026-01-23T04:32:48.0466165Z 1
2026-01-23T04:32:48.0529605Z ##[group]Run actions/upload-artifact@v4
2026-01-23T04:32:48.0529874Z with:
2026-01-23T04:32:48.0530071Z   name: the_internet_login-execution-results
2026-01-23T04:32:48.0530546Z   path: projects/ci_the_internet_login/execution.json
projects/ci_the_internet_login/workflow.json

2026-01-23T04:32:48.0530999Z   retention-days: 30
2026-01-23T04:32:48.0531200Z   if-no-files-found: warn
2026-01-23T04:32:48.0531408Z   compression-level: 6
2026-01-23T04:32:48.0531620Z   overwrite: false
2026-01-23T04:32:48.0531815Z   include-hidden-files: false
2026-01-23T04:32:48.0532303Z env:
2026-01-23T04:32:48.0532538Z   pythonLocation: /opt/hostedtoolcache/Python/3.11.14/x64
2026-01-23T04:32:48.0532959Z   PKG_CONFIG_PATH: /opt/hostedtoolcache/Python/3.11.14/x64/lib/pkgconfig
2026-01-23T04:32:48.0533368Z   Python_ROOT_DIR: /opt/hostedtoolcache/Python/3.11.14/x64
2026-01-23T04:32:48.0533727Z   Python2_ROOT_DIR: /opt/hostedtoolcache/Python/3.11.14/x64
2026-01-23T04:32:48.0534115Z   Python3_ROOT_DIR: /opt/hostedtoolcache/Python/3.11.14/x64
2026-01-23T04:32:48.0534485Z   LD_LIBRARY_PATH: /opt/hostedtoolcache/Python/3.11.14/x64/lib
2026-01-23T04:32:48.0534781Z ##[endgroup]
2026-01-23T04:32:48.2672338Z Multiple search paths detected. Calculating the least common ancestor of all paths
2026-01-23T04:32:48.2677136Z The least common ancestor is /home/runner/work/build_qa_automation/build_qa_automation/projects/ci_the_internet_login. This will be the root directory of the artifact
2026-01-23T04:32:48.2678610Z With the provided path, there will be 2 files uploaded
2026-01-23T04:32:48.2684008Z Artifact name is valid!
2026-01-23T04:32:48.2685712Z Root directory input is valid!
2026-01-23T04:32:48.3921271Z Beginning upload of artifact content to blob storage
2026-01-23T04:32:48.5117516Z Uploaded bytes 1240
2026-01-23T04:32:48.5448549Z Finished uploading artifact content to blob storage!
2026-01-23T04:32:48.5452443Z SHA256 digest of uploaded artifact zip is f257f24b4377a2b41aac7da03b9f2e867ce868319df8abe9972154f4aec78ffd
2026-01-23T04:32:48.5454420Z Finalizing artifact upload
2026-01-23T04:32:48.6248795Z Artifact the_internet_login-execution-results.zip successfully finalized. Artifact ID 5229317589
2026-01-23T04:32:48.6250486Z Artifact the_internet_login-execution-results has been successfully uploaded! Final size is 1240 bytes. Artifact ID is 5229317589
2026-01-23T04:32:48.6257319Z Artifact download URL: https://github.com/vishvasmca-cmd/build_qa_automation/actions/runs/21274347091/artifacts/5229317589
2026-01-23T04:32:48.6379511Z Post job cleanup.
2026-01-23T04:32:48.7881290Z Cache hit occurred on the primary key setup-python-Linux-x64-24.04-Ubuntu-python-3.11.14-pip-dde08d0e0b672972dcda9f1a063036a2e0c226f5d0a20362e9401931676d80a4, not saving cache.
2026-01-23T04:32:48.7990881Z Post job cleanup.
2026-01-23T04:32:48.9041249Z [command]/usr/bin/git version
2026-01-23T04:32:48.9083175Z git version 2.52.0
2026-01-23T04:32:48.9127519Z Temporarily overriding HOME='/home/runner/work/_temp/46a842ad-27dc-4935-bb35-0c420c20a4ab' before making global git config changes
2026-01-23T04:32:48.9128914Z Adding repository directory to the temporary git global config as a safe directory
2026-01-23T04:32:48.9141343Z [command]/usr/bin/git config --global --add safe.directory /home/runner/work/build_qa_automation/build_qa_automation
2026-01-23T04:32:48.9181189Z [command]/usr/bin/git config --local --name-only --get-regexp core\.sshCommand
2026-01-23T04:32:48.9223193Z [command]/usr/bin/git submodule foreach --recursive sh -c "git config --local --name-only --get-regexp 'core\.sshCommand' && git config --local --unset-all 'core.sshCommand' || :"
2026-01-23T04:32:48.9478209Z [command]/usr/bin/git config --local --name-only --get-regexp http\.https\:\/\/github\.com\/\.extraheader
2026-01-23T04:32:48.9501305Z http.https://github.com/.extraheader
2026-01-23T04:32:48.9514149Z [command]/usr/bin/git config --local --unset-all http.https://github.com/.extraheader
2026-01-23T04:32:48.9548103Z [command]/usr/bin/git submodule foreach --recursive sh -c "git config --local --name-only --get-regexp 'http\.https\:\/\/github\.com\/\.extraheader' && git config --local --unset-all 'http.https://github.com/.extraheader' || :"
2026-01-23T04:32:48.9788080Z [command]/usr/bin/git config --local --name-only --get-regexp ^includeIf\.gitdir:
2026-01-23T04:32:48.9818938Z [command]/usr/bin/git submodule foreach --recursive git config --local --show-origin --name-only --get-regexp remote.origin.url
2026-01-23T04:32:49.0146389Z Cleaning up orphan processes
