2026-01-18T19:29:16.6371846Z Current runner version: '2.331.0'
2026-01-18T19:29:16.6395747Z ##[group]Runner Image Provisioner
2026-01-18T19:29:16.6396639Z Hosted Compute Agent
2026-01-18T19:29:16.6397221Z Version: 20251211.462
2026-01-18T19:29:16.6397795Z Commit: 6cbad8c2bb55d58165063d031ccabf57e2d2db61
2026-01-18T19:29:16.6398571Z Build Date: 2025-12-11T16:28:49Z
2026-01-18T19:29:16.6399215Z Worker ID: {1c84c34f-3526-495e-a6cf-06b2393c2b6e}
2026-01-18T19:29:16.6399896Z ##[endgroup]
2026-01-18T19:29:16.6400465Z ##[group]Operating System
2026-01-18T19:29:16.6400998Z Ubuntu
2026-01-18T19:29:16.6401473Z 24.04.3
2026-01-18T19:29:16.6402400Z LTS
2026-01-18T19:29:16.6402913Z ##[endgroup]
2026-01-18T19:29:16.6403408Z ##[group]Runner Image
2026-01-18T19:29:16.6403959Z Image: ubuntu-24.04
2026-01-18T19:29:16.6404513Z Version: 20260111.209.1
2026-01-18T19:29:16.6405523Z Included Software: https://github.com/actions/runner-images/blob/ubuntu24/20260111.209/images/ubuntu/Ubuntu2404-Readme.md
2026-01-18T19:29:16.6407151Z Image Release: https://github.com/actions/runner-images/releases/tag/ubuntu24%2F20260111.209
2026-01-18T19:29:16.6408148Z ##[endgroup]
2026-01-18T19:29:16.6409284Z ##[group]GITHUB_TOKEN Permissions
2026-01-18T19:29:16.6411095Z Contents: read
2026-01-18T19:29:16.6412339Z Metadata: read
2026-01-18T19:29:16.6412866Z Packages: read
2026-01-18T19:29:16.6413342Z ##[endgroup]
2026-01-18T19:29:16.6415778Z Secret source: Actions
2026-01-18T19:29:16.6416704Z Prepare workflow directory
2026-01-18T19:29:16.6731871Z Prepare all required actions
2026-01-18T19:29:16.6769324Z Getting action download info
2026-01-18T19:29:16.9506568Z Download action repository 'actions/checkout@v4' (SHA:34e114876b0b11c390a56381ad16ebd13914f8d5)
2026-01-18T19:29:17.0656559Z Download action repository 'actions/setup-python@v5' (SHA:a26af69be951a213d495a4c3e4e4022e16d87065)
2026-01-18T19:29:17.1464788Z Download action repository 'actions/upload-artifact@v4' (SHA:ea165f8d65b6e75b540449e92b4886f43607fa02)
2026-01-18T19:29:17.3717724Z Complete job name: test-websites-deep (w3schools_tryit, https://www.w3schools.com/html/tryit.asp?filename=tryhtml_de...
2026-01-18T19:29:17.4410707Z ##[group]Run actions/checkout@v4
2026-01-18T19:29:17.4411738Z with:
2026-01-18T19:29:17.4412233Z   repository: vishvasmca-cmd/build_qa_automation
2026-01-18T19:29:17.4412983Z   token: ***
2026-01-18T19:29:17.4413370Z   ssh-strict: true
2026-01-18T19:29:17.4413768Z   ssh-user: git
2026-01-18T19:29:17.4414167Z   persist-credentials: true
2026-01-18T19:29:17.4414611Z   clean: true
2026-01-18T19:29:17.4415013Z   sparse-checkout-cone-mode: true
2026-01-18T19:29:17.4415496Z   fetch-depth: 1
2026-01-18T19:29:17.4415878Z   fetch-tags: false
2026-01-18T19:29:17.4416276Z   show-progress: true
2026-01-18T19:29:17.4416687Z   lfs: false
2026-01-18T19:29:17.4417050Z   submodules: false
2026-01-18T19:29:17.4417478Z   set-safe-directory: true
2026-01-18T19:29:17.4418376Z ##[endgroup]
2026-01-18T19:29:17.5508051Z Syncing repository: vishvasmca-cmd/build_qa_automation
2026-01-18T19:29:17.5510946Z ##[group]Getting Git version info
2026-01-18T19:29:17.5512889Z Working directory is '/home/runner/work/build_qa_automation/build_qa_automation'
2026-01-18T19:29:17.5514848Z [command]/usr/bin/git version
2026-01-18T19:29:17.5594061Z git version 2.52.0
2026-01-18T19:29:17.5620028Z ##[endgroup]
2026-01-18T19:29:17.5635489Z Temporarily overriding HOME='/home/runner/work/_temp/1e3cbc98-328d-4ea7-ba3c-d5ff0b953932' before making global git config changes
2026-01-18T19:29:17.5637879Z Adding repository directory to the temporary git global config as a safe directory
2026-01-18T19:29:17.5649204Z [command]/usr/bin/git config --global --add safe.directory /home/runner/work/build_qa_automation/build_qa_automation
2026-01-18T19:29:17.5689046Z Deleting the contents of '/home/runner/work/build_qa_automation/build_qa_automation'
2026-01-18T19:29:17.5692903Z ##[group]Initializing the repository
2026-01-18T19:29:17.5697711Z [command]/usr/bin/git init /home/runner/work/build_qa_automation/build_qa_automation
2026-01-18T19:29:17.5822199Z hint: Using 'master' as the name for the initial branch. This default branch name
2026-01-18T19:29:17.5823980Z hint: will change to "main" in Git 3.0. To configure the initial branch name
2026-01-18T19:29:17.5825207Z hint: to use in all of your new repositories, which will suppress this warning,
2026-01-18T19:29:17.5826247Z hint: call:
2026-01-18T19:29:17.5826894Z hint:
2026-01-18T19:29:17.5827759Z hint: 	git config --global init.defaultBranch <name>
2026-01-18T19:29:17.5828825Z hint:
2026-01-18T19:29:17.5829834Z hint: Names commonly chosen instead of 'master' are 'main', 'trunk' and
2026-01-18T19:29:17.5831491Z hint: 'development'. The just-created branch can be renamed via this command:
2026-01-18T19:29:17.5833304Z hint:
2026-01-18T19:29:17.5833966Z hint: 	git branch -m <name>
2026-01-18T19:29:17.5834720Z hint:
2026-01-18T19:29:17.5835702Z hint: Disable this message with "git config set advice.defaultBranchName false"
2026-01-18T19:29:17.5837740Z Initialized empty Git repository in /home/runner/work/build_qa_automation/build_qa_automation/.git/
2026-01-18T19:29:17.5840953Z [command]/usr/bin/git remote add origin https://github.com/vishvasmca-cmd/build_qa_automation
2026-01-18T19:29:17.5874205Z ##[endgroup]
2026-01-18T19:29:17.5875398Z ##[group]Disabling automatic garbage collection
2026-01-18T19:29:17.5879191Z [command]/usr/bin/git config --local gc.auto 0
2026-01-18T19:29:17.5907799Z ##[endgroup]
2026-01-18T19:29:17.5909000Z ##[group]Setting up auth
2026-01-18T19:29:17.5915277Z [command]/usr/bin/git config --local --name-only --get-regexp core\.sshCommand
2026-01-18T19:29:17.5945658Z [command]/usr/bin/git submodule foreach --recursive sh -c "git config --local --name-only --get-regexp 'core\.sshCommand' && git config --local --unset-all 'core.sshCommand' || :"
2026-01-18T19:29:17.6328351Z [command]/usr/bin/git config --local --name-only --get-regexp http\.https\:\/\/github\.com\/\.extraheader
2026-01-18T19:29:17.6362324Z [command]/usr/bin/git submodule foreach --recursive sh -c "git config --local --name-only --get-regexp 'http\.https\:\/\/github\.com\/\.extraheader' && git config --local --unset-all 'http.https://github.com/.extraheader' || :"
2026-01-18T19:29:17.6600327Z [command]/usr/bin/git config --local --name-only --get-regexp ^includeIf\.gitdir:
2026-01-18T19:29:17.6635847Z [command]/usr/bin/git submodule foreach --recursive git config --local --show-origin --name-only --get-regexp remote.origin.url
2026-01-18T19:29:17.6890141Z [command]/usr/bin/git config --local http.https://github.com/.extraheader AUTHORIZATION: basic ***
2026-01-18T19:29:17.6924877Z ##[endgroup]
2026-01-18T19:29:17.6932444Z ##[group]Fetching the repository
2026-01-18T19:29:17.6933777Z [command]/usr/bin/git -c protocol.version=2 fetch --no-tags --prune --no-recurse-submodules --depth=1 origin +c9fb31d387d3134fb416430b3b3a9e89b3921439:refs/remotes/origin/main
2026-01-18T19:29:18.4046349Z From https://github.com/vishvasmca-cmd/build_qa_automation
2026-01-18T19:29:18.4047517Z  * [new ref]         c9fb31d387d3134fb416430b3b3a9e89b3921439 -> origin/main
2026-01-18T19:29:18.4081329Z ##[endgroup]
2026-01-18T19:29:18.4082839Z ##[group]Determining the checkout info
2026-01-18T19:29:18.4084286Z ##[endgroup]
2026-01-18T19:29:18.4089179Z [command]/usr/bin/git sparse-checkout disable
2026-01-18T19:29:18.4130065Z [command]/usr/bin/git config --local --unset-all extensions.worktreeConfig
2026-01-18T19:29:18.4156790Z ##[group]Checking out the ref
2026-01-18T19:29:18.4160891Z [command]/usr/bin/git checkout --progress --force -B main refs/remotes/origin/main
2026-01-18T19:29:18.5093245Z Switched to a new branch 'main'
2026-01-18T19:29:18.5095443Z branch 'main' set up to track 'origin/main'.
2026-01-18T19:29:18.5109176Z ##[endgroup]
2026-01-18T19:29:18.5146684Z [command]/usr/bin/git log -1 --format=%H
2026-01-18T19:29:18.5168979Z c9fb31d387d3134fb416430b3b3a9e89b3921439
2026-01-18T19:29:18.5485409Z ##[group]Run actions/setup-python@v5
2026-01-18T19:29:18.5486565Z with:
2026-01-18T19:29:18.5487383Z   python-version: 3.11
2026-01-18T19:29:18.5488306Z   cache: pip
2026-01-18T19:29:18.5489363Z   check-latest: false
2026-01-18T19:29:18.5490580Z   token: ***
2026-01-18T19:29:18.5491440Z   update-environment: true
2026-01-18T19:29:18.5492608Z   allow-prereleases: false
2026-01-18T19:29:18.5493595Z   freethreaded: false
2026-01-18T19:29:18.5494495Z ##[endgroup]
2026-01-18T19:29:18.7176628Z ##[group]Installed versions
2026-01-18T19:29:18.7307869Z Successfully set up CPython (3.11.14)
2026-01-18T19:29:18.7309586Z ##[endgroup]
2026-01-18T19:29:18.7783232Z [command]/opt/hostedtoolcache/Python/3.11.14/x64/bin/pip cache dir
2026-01-18T19:29:19.1245725Z /home/runner/.cache/pip
2026-01-18T19:29:19.2350830Z Cache hit for: setup-python-Linux-x64-24.04-Ubuntu-python-3.11.14-pip-dde08d0e0b672972dcda9f1a063036a2e0c226f5d0a20362e9401931676d80a4
2026-01-18T19:29:20.2911349Z Received 222298112 of 254742636 (87.3%), 211.4 MBs/sec
2026-01-18T19:29:20.4403280Z Received 254742636 of 254742636 (100.0%), 210.9 MBs/sec
2026-01-18T19:29:20.4404205Z Cache Size: ~243 MB (254742636 B)
2026-01-18T19:29:20.4442993Z [command]/usr/bin/tar -xf /home/runner/work/_temp/b77974c6-bda6-41ab-9f4f-1ac06944063e/cache.tzst -P -C /home/runner/work/build_qa_automation/build_qa_automation --use-compress-program unzstd
2026-01-18T19:29:20.8092125Z Cache restored successfully
2026-01-18T19:29:20.8570858Z Cache restored from key: setup-python-Linux-x64-24.04-Ubuntu-python-3.11.14-pip-dde08d0e0b672972dcda9f1a063036a2e0c226f5d0a20362e9401931676d80a4
2026-01-18T19:29:20.8832886Z ##[group]Run pip install -r requirements.txt
2026-01-18T19:29:20.8833321Z [36;1mpip install -r requirements.txt[0m
2026-01-18T19:29:20.8833636Z [36;1mplaywright install chromium[0m
2026-01-18T19:29:20.8872797Z shell: /usr/bin/bash -e {0}
2026-01-18T19:29:20.8873116Z env:
2026-01-18T19:29:20.8873386Z   pythonLocation: /opt/hostedtoolcache/Python/3.11.14/x64
2026-01-18T19:29:20.8873842Z   PKG_CONFIG_PATH: /opt/hostedtoolcache/Python/3.11.14/x64/lib/pkgconfig
2026-01-18T19:29:20.8874298Z   Python_ROOT_DIR: /opt/hostedtoolcache/Python/3.11.14/x64
2026-01-18T19:29:20.8874700Z   Python2_ROOT_DIR: /opt/hostedtoolcache/Python/3.11.14/x64
2026-01-18T19:29:20.8875067Z   Python3_ROOT_DIR: /opt/hostedtoolcache/Python/3.11.14/x64
2026-01-18T19:29:20.8875439Z   LD_LIBRARY_PATH: /opt/hostedtoolcache/Python/3.11.14/x64/lib
2026-01-18T19:29:20.8875750Z ##[endgroup]
2026-01-18T19:29:21.5448944Z Collecting playwright (from -r requirements.txt (line 1))
2026-01-18T19:29:21.5465939Z   Using cached playwright-1.57.0-py3-none-manylinux1_x86_64.whl.metadata (3.5 kB)
2026-01-18T19:29:21.5672178Z Collecting python-dotenv (from -r requirements.txt (line 2))
2026-01-18T19:29:21.5686900Z   Using cached python_dotenv-1.2.1-py3-none-any.whl.metadata (25 kB)
2026-01-18T19:29:21.5983483Z Collecting requests (from -r requirements.txt (line 3))
2026-01-18T19:29:21.5997487Z   Using cached requests-2.32.5-py3-none-any.whl.metadata (4.9 kB)
2026-01-18T19:29:21.7691985Z Collecting pillow (from -r requirements.txt (line 4))
2026-01-18T19:29:21.7709743Z   Using cached pillow-12.1.0-cp311-cp311-manylinux_2_27_x86_64.manylinux_2_28_x86_64.whl.metadata (8.8 kB)
2026-01-18T19:29:21.8002212Z Collecting google-genai>=0.3.0 (from -r requirements.txt (line 5))
2026-01-18T19:29:21.8017574Z   Using cached google_genai-1.59.0-py3-none-any.whl.metadata (53 kB)
2026-01-18T19:29:21.8231324Z Collecting termcolor (from -r requirements.txt (line 6))
2026-01-18T19:29:21.8245618Z   Using cached termcolor-3.3.0-py3-none-any.whl.metadata (6.5 kB)
2026-01-18T19:29:21.8629200Z Collecting PyYAML (from -r requirements.txt (line 7))
2026-01-18T19:29:21.8644086Z   Using cached pyyaml-6.0.3-cp311-cp311-manylinux2014_x86_64.manylinux_2_17_x86_64.manylinux_2_28_x86_64.whl.metadata (2.4 kB)
2026-01-18T19:29:21.9216128Z Collecting opencv-python-headless (from -r requirements.txt (line 8))
2026-01-18T19:29:21.9229892Z   Using cached opencv_python_headless-4.13.0.90-cp37-abi3-manylinux_2_28_x86_64.whl.metadata (19 kB)
2026-01-18T19:29:22.1282845Z Collecting numpy (from -r requirements.txt (line 9))
2026-01-18T19:29:22.1298682Z   Using cached numpy-2.4.1-cp311-cp311-manylinux_2_27_x86_64.manylinux_2_28_x86_64.whl.metadata (6.6 kB)
2026-01-18T19:29:22.2084255Z Collecting faker (from -r requirements.txt (line 10))
2026-01-18T19:29:22.2098974Z   Using cached faker-40.1.2-py3-none-any.whl.metadata (16 kB)
2026-01-18T19:29:22.2290776Z Collecting pyee<14,>=13 (from playwright->-r requirements.txt (line 1))
2026-01-18T19:29:22.2303823Z   Using cached pyee-13.0.0-py3-none-any.whl.metadata (2.9 kB)
2026-01-18T19:29:22.3510637Z Collecting greenlet<4.0.0,>=3.1.1 (from playwright->-r requirements.txt (line 1))
2026-01-18T19:29:22.3525947Z   Using cached greenlet-3.3.0-cp311-cp311-manylinux_2_24_x86_64.manylinux_2_28_x86_64.whl.metadata (4.1 kB)
2026-01-18T19:29:22.3736480Z Collecting typing-extensions (from pyee<14,>=13->playwright->-r requirements.txt (line 1))
2026-01-18T19:29:22.3749917Z   Using cached typing_extensions-4.15.0-py3-none-any.whl.metadata (3.3 kB)
2026-01-18T19:29:22.4577344Z Collecting charset_normalizer<4,>=2 (from requests->-r requirements.txt (line 3))
2026-01-18T19:29:22.4592450Z   Using cached charset_normalizer-3.4.4-cp311-cp311-manylinux2014_x86_64.manylinux_2_17_x86_64.manylinux_2_28_x86_64.whl.metadata (37 kB)
2026-01-18T19:29:22.4781019Z Collecting idna<4,>=2.5 (from requests->-r requirements.txt (line 3))
2026-01-18T19:29:22.4794241Z   Using cached idna-3.11-py3-none-any.whl.metadata (8.4 kB)
2026-01-18T19:29:22.5098898Z Collecting urllib3<3,>=1.21.1 (from requests->-r requirements.txt (line 3))
2026-01-18T19:29:22.5111318Z   Using cached urllib3-2.6.3-py3-none-any.whl.metadata (6.9 kB)
2026-01-18T19:29:22.5362156Z Collecting certifi>=2017.4.17 (from requests->-r requirements.txt (line 3))
2026-01-18T19:29:22.5375117Z   Using cached certifi-2026.1.4-py3-none-any.whl.metadata (2.5 kB)
2026-01-18T19:29:22.5609918Z Collecting anyio<5.0.0,>=4.8.0 (from google-genai>=0.3.0->-r requirements.txt (line 5))
2026-01-18T19:29:22.5622850Z   Using cached anyio-4.12.1-py3-none-any.whl.metadata (4.3 kB)
2026-01-18T19:29:22.6028636Z Collecting google-auth<3.0.0,>=2.47.0 (from google-auth[requests]<3.0.0,>=2.47.0->google-genai>=0.3.0->-r requirements.txt (line 5))
2026-01-18T19:29:22.6041510Z   Using cached google_auth-2.47.0-py3-none-any.whl.metadata (6.4 kB)
2026-01-18T19:29:22.6298544Z Collecting httpx<1.0.0,>=0.28.1 (from google-genai>=0.3.0->-r requirements.txt (line 5))
2026-01-18T19:29:22.6312103Z   Using cached httpx-0.28.1-py3-none-any.whl.metadata (7.1 kB)
2026-01-18T19:29:22.7711303Z Collecting pydantic<3.0.0,>=2.9.0 (from google-genai>=0.3.0->-r requirements.txt (line 5))
2026-01-18T19:29:22.7726508Z   Using cached pydantic-2.12.5-py3-none-any.whl.metadata (90 kB)
2026-01-18T19:29:22.8032037Z Collecting tenacity<9.2.0,>=8.2.3 (from google-genai>=0.3.0->-r requirements.txt (line 5))
2026-01-18T19:29:22.8045141Z   Using cached tenacity-9.1.2-py3-none-any.whl.metadata (1.2 kB)
2026-01-18T19:29:22.8908549Z Collecting websockets<15.1.0,>=13.0.0 (from google-genai>=0.3.0->-r requirements.txt (line 5))
2026-01-18T19:29:22.8922813Z   Using cached websockets-15.0.1-cp311-cp311-manylinux_2_5_x86_64.manylinux1_x86_64.manylinux_2_17_x86_64.manylinux2014_x86_64.whl.metadata (6.8 kB)
2026-01-18T19:29:22.9118018Z Collecting distro<2,>=1.7.0 (from google-genai>=0.3.0->-r requirements.txt (line 5))
2026-01-18T19:29:22.9138802Z   Using cached distro-1.9.0-py3-none-any.whl.metadata (6.8 kB)
2026-01-18T19:29:22.9272284Z Collecting sniffio (from google-genai>=0.3.0->-r requirements.txt (line 5))
2026-01-18T19:29:22.9290870Z   Using cached sniffio-1.3.1-py3-none-any.whl.metadata (3.9 kB)
2026-01-18T19:29:22.9592596Z Collecting pyasn1-modules>=0.2.1 (from google-auth<3.0.0,>=2.47.0->google-auth[requests]<3.0.0,>=2.47.0->google-genai>=0.3.0->-r requirements.txt (line 5))
2026-01-18T19:29:22.9606066Z   Using cached pyasn1_modules-0.4.2-py3-none-any.whl.metadata (3.5 kB)
2026-01-18T19:29:22.9784435Z Collecting rsa<5,>=3.1.4 (from google-auth<3.0.0,>=2.47.0->google-auth[requests]<3.0.0,>=2.47.0->google-genai>=0.3.0->-r requirements.txt (line 5))
2026-01-18T19:29:22.9798019Z   Using cached rsa-4.9.1-py3-none-any.whl.metadata (5.6 kB)
2026-01-18T19:29:23.0126162Z Collecting httpcore==1.* (from httpx<1.0.0,>=0.28.1->google-genai>=0.3.0->-r requirements.txt (line 5))
2026-01-18T19:29:23.0139703Z   Using cached httpcore-1.0.9-py3-none-any.whl.metadata (21 kB)
2026-01-18T19:29:23.0294061Z Collecting h11>=0.16 (from httpcore==1.*->httpx<1.0.0,>=0.28.1->google-genai>=0.3.0->-r requirements.txt (line 5))
2026-01-18T19:29:23.0307220Z   Using cached h11-0.16.0-py3-none-any.whl.metadata (8.3 kB)
2026-01-18T19:29:23.0438754Z Collecting annotated-types>=0.6.0 (from pydantic<3.0.0,>=2.9.0->google-genai>=0.3.0->-r requirements.txt (line 5))
2026-01-18T19:29:23.0452278Z   Using cached annotated_types-0.7.0-py3-none-any.whl.metadata (15 kB)
2026-01-18T19:29:23.6945365Z Collecting pydantic-core==2.41.5 (from pydantic<3.0.0,>=2.9.0->google-genai>=0.3.0->-r requirements.txt (line 5))
2026-01-18T19:29:23.6961273Z   Using cached pydantic_core-2.41.5-cp311-cp311-manylinux_2_17_x86_64.manylinux2014_x86_64.whl.metadata (7.3 kB)
2026-01-18T19:29:23.7132049Z Collecting typing-inspection>=0.4.2 (from pydantic<3.0.0,>=2.9.0->google-genai>=0.3.0->-r requirements.txt (line 5))
2026-01-18T19:29:23.7146254Z   Using cached typing_inspection-0.4.2-py3-none-any.whl.metadata (2.6 kB)
2026-01-18T19:29:23.7799653Z Collecting pyasn1>=0.1.3 (from rsa<5,>=3.1.4->google-auth<3.0.0,>=2.47.0->google-auth[requests]<3.0.0,>=2.47.0->google-genai>=0.3.0->-r requirements.txt (line 5))
2026-01-18T19:29:23.7814738Z   Using cached pyasn1-0.6.2-py3-none-any.whl.metadata (8.4 kB)
2026-01-18T19:29:23.8081723Z Using cached playwright-1.57.0-py3-none-manylinux1_x86_64.whl (46.0 MB)
2026-01-18T19:29:23.8416709Z Using cached greenlet-3.3.0-cp311-cp311-manylinux_2_24_x86_64.manylinux_2_28_x86_64.whl (590 kB)
2026-01-18T19:29:23.8433338Z Using cached pyee-13.0.0-py3-none-any.whl (15 kB)
2026-01-18T19:29:23.8446692Z Using cached python_dotenv-1.2.1-py3-none-any.whl (21 kB)
2026-01-18T19:29:23.8459811Z Using cached requests-2.32.5-py3-none-any.whl (64 kB)
2026-01-18T19:29:23.8474363Z Using cached charset_normalizer-3.4.4-cp311-cp311-manylinux2014_x86_64.manylinux_2_17_x86_64.manylinux_2_28_x86_64.whl (151 kB)
2026-01-18T19:29:23.8488068Z Using cached idna-3.11-py3-none-any.whl (71 kB)
2026-01-18T19:29:23.8501943Z Using cached urllib3-2.6.3-py3-none-any.whl (131 kB)
2026-01-18T19:29:23.8516275Z Using cached pillow-12.1.0-cp311-cp311-manylinux_2_27_x86_64.manylinux_2_28_x86_64.whl (7.0 MB)
2026-01-18T19:29:23.8578084Z Using cached google_genai-1.59.0-py3-none-any.whl (719 kB)
2026-01-18T19:29:23.8595935Z Using cached anyio-4.12.1-py3-none-any.whl (113 kB)
2026-01-18T19:29:23.8609492Z Using cached distro-1.9.0-py3-none-any.whl (20 kB)
2026-01-18T19:29:23.8622662Z Using cached google_auth-2.47.0-py3-none-any.whl (234 kB)
2026-01-18T19:29:23.8637011Z Using cached httpx-0.28.1-py3-none-any.whl (73 kB)
2026-01-18T19:29:23.8650321Z Using cached httpcore-1.0.9-py3-none-any.whl (78 kB)
2026-01-18T19:29:23.8664322Z Using cached pydantic-2.12.5-py3-none-any.whl (463 kB)
2026-01-18T19:29:23.8680596Z Using cached pydantic_core-2.41.5-cp311-cp311-manylinux_2_17_x86_64.manylinux2014_x86_64.whl (2.1 MB)
2026-01-18T19:29:23.8707617Z Using cached rsa-4.9.1-py3-none-any.whl (34 kB)
2026-01-18T19:29:23.8720524Z Using cached tenacity-9.1.2-py3-none-any.whl (28 kB)
2026-01-18T19:29:23.8736326Z Using cached typing_extensions-4.15.0-py3-none-any.whl (44 kB)
2026-01-18T19:29:23.8750849Z Using cached websockets-15.0.1-cp311-cp311-manylinux_2_5_x86_64.manylinux1_x86_64.manylinux_2_17_x86_64.manylinux2014_x86_64.whl (182 kB)
2026-01-18T19:29:23.8764899Z Using cached termcolor-3.3.0-py3-none-any.whl (7.7 kB)
2026-01-18T19:29:23.8778756Z Using cached pyyaml-6.0.3-cp311-cp311-manylinux2014_x86_64.manylinux_2_17_x86_64.manylinux_2_28_x86_64.whl (806 kB)
2026-01-18T19:29:23.8797465Z Using cached opencv_python_headless-4.13.0.90-cp37-abi3-manylinux_2_28_x86_64.whl (62.5 MB)
2026-01-18T19:29:23.9244930Z Using cached numpy-2.4.1-cp311-cp311-manylinux_2_27_x86_64.manylinux_2_28_x86_64.whl (16.7 MB)
2026-01-18T19:29:23.9374260Z Using cached faker-40.1.2-py3-none-any.whl (2.0 MB)
2026-01-18T19:29:23.9401007Z Using cached annotated_types-0.7.0-py3-none-any.whl (13 kB)
2026-01-18T19:29:23.9414474Z Using cached certifi-2026.1.4-py3-none-any.whl (152 kB)
2026-01-18T19:29:23.9428526Z Using cached h11-0.16.0-py3-none-any.whl (37 kB)
2026-01-18T19:29:23.9441847Z Using cached pyasn1-0.6.2-py3-none-any.whl (83 kB)
2026-01-18T19:29:23.9455494Z Using cached pyasn1_modules-0.4.2-py3-none-any.whl (181 kB)
2026-01-18T19:29:23.9469905Z Using cached typing_inspection-0.4.2-py3-none-any.whl (14 kB)
2026-01-18T19:29:23.9483093Z Using cached sniffio-1.3.1-py3-none-any.whl (10 kB)
2026-01-18T19:29:24.1496788Z Installing collected packages: websockets, urllib3, typing-extensions, termcolor, tenacity, sniffio, PyYAML, python-dotenv, pyasn1, pillow, numpy, idna, h11, greenlet, faker, distro, charset_normalizer, certifi, annotated-types, typing-inspection, rsa, requests, pyee, pydantic-core, pyasn1-modules, opencv-python-headless, httpcore, anyio, pydantic, playwright, httpx, google-auth, google-genai
2026-01-18T19:29:31.0077189Z 
2026-01-18T19:29:31.0101321Z Successfully installed PyYAML-6.0.3 annotated-types-0.7.0 anyio-4.12.1 certifi-2026.1.4 charset_normalizer-3.4.4 distro-1.9.0 faker-40.1.2 google-auth-2.47.0 google-genai-1.59.0 greenlet-3.3.0 h11-0.16.0 httpcore-1.0.9 httpx-0.28.1 idna-3.11 numpy-2.4.1 opencv-python-headless-4.13.0.90 pillow-12.1.0 playwright-1.57.0 pyasn1-0.6.2 pyasn1-modules-0.4.2 pydantic-2.12.5 pydantic-core-2.41.5 pyee-13.0.0 python-dotenv-1.2.1 requests-2.32.5 rsa-4.9.1 sniffio-1.3.1 tenacity-9.1.2 termcolor-3.3.0 typing-extensions-4.15.0 typing-inspection-0.4.2 urllib3-2.6.3 websockets-15.0.1
2026-01-18T19:29:31.6730516Z Downloading Chromium 143.0.7499.4 (playwright build v1200) from https://cdn.playwright.dev/dbazure/download/playwright/builds/chromium/1200/chromium-linux.zip
2026-01-18T19:29:31.7672797Z (node:2222) [DEP0169] DeprecationWarning: `url.parse()` behavior is not standardized and prone to errors that have security implications. Use the WHATWG URL API instead. CVEs are not issued for `url.parse()` vulnerabilities.
2026-01-18T19:29:31.7673957Z (Use `node --trace-deprecation ...` to show where the warning was created)
2026-01-18T19:29:31.8412173Z |                                                                                |   0% of 164.7 MiB
2026-01-18T19:29:31.9669809Z |■■■■■■■■                                                                        |  10% of 164.7 MiB
2026-01-18T19:29:32.0479642Z |■■■■■■■■■■■■■■■■                                                                |  20% of 164.7 MiB
2026-01-18T19:29:32.1229954Z |■■■■■■■■■■■■■■■■■■■■■■■■                                                        |  30% of 164.7 MiB
2026-01-18T19:29:32.1960311Z |■■■■■■■■■■■■■■■■■■■■■■■■■■■■■■■■                                                |  40% of 164.7 MiB
2026-01-18T19:29:32.2594810Z |■■■■■■■■■■■■■■■■■■■■■■■■■■■■■■■■■■■■■■■■                                        |  50% of 164.7 MiB
2026-01-18T19:29:32.3125301Z |■■■■■■■■■■■■■■■■■■■■■■■■■■■■■■■■■■■■■■■■■■■■■■■■                                |  60% of 164.7 MiB
2026-01-18T19:29:32.3718568Z |■■■■■■■■■■■■■■■■■■■■■■■■■■■■■■■■■■■■■■■■■■■■■■■■■■■■■■■■                        |  70% of 164.7 MiB
2026-01-18T19:29:32.4420152Z |■■■■■■■■■■■■■■■■■■■■■■■■■■■■■■■■■■■■■■■■■■■■■■■■■■■■■■■■■■■■■■■■                |  80% of 164.7 MiB
2026-01-18T19:29:32.4970589Z |■■■■■■■■■■■■■■■■■■■■■■■■■■■■■■■■■■■■■■■■■■■■■■■■■■■■■■■■■■■■■■■■■■■■■■■■        |  90% of 164.7 MiB
2026-01-18T19:29:32.5539895Z |■■■■■■■■■■■■■■■■■■■■■■■■■■■■■■■■■■■■■■■■■■■■■■■■■■■■■■■■■■■■■■■■■■■■■■■■■■■■■■■■| 100% of 164.7 MiB
2026-01-18T19:29:35.0083732Z Chromium 143.0.7499.4 (playwright build v1200) downloaded to /home/runner/.cache/ms-playwright/chromium-1200
2026-01-18T19:29:35.0088385Z Downloading FFMPEG playwright build v1011 from https://cdn.playwright.dev/dbazure/download/playwright/builds/ffmpeg/1011/ffmpeg-linux.zip
2026-01-18T19:29:35.1121353Z (node:2233) [DEP0169] DeprecationWarning: `url.parse()` behavior is not standardized and prone to errors that have security implications. Use the WHATWG URL API instead. CVEs are not issued for `url.parse()` vulnerabilities.
2026-01-18T19:29:35.1123802Z (Use `node --trace-deprecation ...` to show where the warning was created)
2026-01-18T19:29:35.1900969Z |                                                                                |   0% of 2.3 MiB
2026-01-18T19:29:35.2006645Z |■■■■■■■■                                                                        |  10% of 2.3 MiB
2026-01-18T19:29:35.2056646Z |■■■■■■■■■■■■■■■■                                                                |  20% of 2.3 MiB
2026-01-18T19:29:35.2083640Z |■■■■■■■■■■■■■■■■■■■■■■■■                                                        |  30% of 2.3 MiB
2026-01-18T19:29:35.2117216Z |■■■■■■■■■■■■■■■■■■■■■■■■■■■■■■■■                                                |  40% of 2.3 MiB
2026-01-18T19:29:35.2142709Z |■■■■■■■■■■■■■■■■■■■■■■■■■■■■■■■■■■■■■■■■                                        |  50% of 2.3 MiB
2026-01-18T19:29:35.2157283Z |■■■■■■■■■■■■■■■■■■■■■■■■■■■■■■■■■■■■■■■■■■■■■■■■                                |  60% of 2.3 MiB
2026-01-18T19:29:35.2169057Z |■■■■■■■■■■■■■■■■■■■■■■■■■■■■■■■■■■■■■■■■■■■■■■■■■■■■■■■■                        |  70% of 2.3 MiB
2026-01-18T19:29:35.2183087Z |■■■■■■■■■■■■■■■■■■■■■■■■■■■■■■■■■■■■■■■■■■■■■■■■■■■■■■■■■■■■■■■■                |  80% of 2.3 MiB
2026-01-18T19:29:35.2198148Z |■■■■■■■■■■■■■■■■■■■■■■■■■■■■■■■■■■■■■■■■■■■■■■■■■■■■■■■■■■■■■■■■■■■■■■■■        |  90% of 2.3 MiB
2026-01-18T19:29:35.2214588Z |■■■■■■■■■■■■■■■■■■■■■■■■■■■■■■■■■■■■■■■■■■■■■■■■■■■■■■■■■■■■■■■■■■■■■■■■■■■■■■■■| 100% of 2.3 MiB
2026-01-18T19:29:35.2791391Z FFMPEG playwright build v1011 downloaded to /home/runner/.cache/ms-playwright/ffmpeg-1011
2026-01-18T19:29:35.2795964Z Downloading Chromium Headless Shell 143.0.7499.4 (playwright build v1200) from https://cdn.playwright.dev/dbazure/download/playwright/builds/chromium/1200/chromium-headless-shell-linux.zip
2026-01-18T19:29:35.3748817Z (node:2244) [DEP0169] DeprecationWarning: `url.parse()` behavior is not standardized and prone to errors that have security implications. Use the WHATWG URL API instead. CVEs are not issued for `url.parse()` vulnerabilities.
2026-01-18T19:29:35.3750616Z (Use `node --trace-deprecation ...` to show where the warning was created)
2026-01-18T19:29:35.4450724Z |                                                                                |   0% of 109.7 MiB
2026-01-18T19:29:35.5424514Z |■■■■■■■■                                                                        |  10% of 109.7 MiB
2026-01-18T19:29:35.6000572Z |■■■■■■■■■■■■■■■■                                                                |  20% of 109.7 MiB
2026-01-18T19:29:35.6542544Z |■■■■■■■■■■■■■■■■■■■■■■■■                                                        |  30% of 109.7 MiB
2026-01-18T19:29:35.7001015Z |■■■■■■■■■■■■■■■■■■■■■■■■■■■■■■■■                                                |  40% of 109.7 MiB
2026-01-18T19:29:35.7643763Z |■■■■■■■■■■■■■■■■■■■■■■■■■■■■■■■■■■■■■■■■                                        |  50% of 109.7 MiB
2026-01-18T19:29:35.8068395Z |■■■■■■■■■■■■■■■■■■■■■■■■■■■■■■■■■■■■■■■■■■■■■■■■                                |  60% of 109.7 MiB
2026-01-18T19:29:35.8490780Z |■■■■■■■■■■■■■■■■■■■■■■■■■■■■■■■■■■■■■■■■■■■■■■■■■■■■■■■■                        |  70% of 109.7 MiB
2026-01-18T19:29:35.8867932Z |■■■■■■■■■■■■■■■■■■■■■■■■■■■■■■■■■■■■■■■■■■■■■■■■■■■■■■■■■■■■■■■■                |  80% of 109.7 MiB
2026-01-18T19:29:35.9266535Z |■■■■■■■■■■■■■■■■■■■■■■■■■■■■■■■■■■■■■■■■■■■■■■■■■■■■■■■■■■■■■■■■■■■■■■■■        |  90% of 109.7 MiB
2026-01-18T19:29:35.9643369Z |■■■■■■■■■■■■■■■■■■■■■■■■■■■■■■■■■■■■■■■■■■■■■■■■■■■■■■■■■■■■■■■■■■■■■■■■■■■■■■■■| 100% of 109.7 MiB
2026-01-18T19:29:37.7589980Z Chromium Headless Shell 143.0.7499.4 (playwright build v1200) downloaded to /home/runner/.cache/ms-playwright/chromium_headless_shell-1200
2026-01-18T19:29:37.7821727Z ##[group]Run mkdir -p projects/ci_w3schools_tryit
2026-01-18T19:29:37.7822157Z [36;1mmkdir -p projects/ci_w3schools_tryit[0m
2026-01-18T19:29:37.7822555Z [36;1mcat > projects/ci_w3schools_tryit/config.json << 'EOF'[0m
2026-01-18T19:29:37.7822866Z [36;1m{[0m
2026-01-18T19:29:37.7823076Z [36;1m  "project_name": "ci_w3schools_tryit",[0m
2026-01-18T19:29:37.7823534Z [36;1m  "target_url": "https://www.w3schools.com/html/tryit.asp?filename=tryhtml_default",[0m
2026-01-18T19:29:37.7823979Z [36;1m  "goal": "Test HTML editor",[0m
2026-01-18T19:29:37.7824225Z [36;1m  "headless": true[0m
2026-01-18T19:29:37.7824431Z [36;1m}[0m
2026-01-18T19:29:37.7824592Z [36;1mEOF[0m
2026-01-18T19:29:37.7857585Z shell: /usr/bin/bash -e {0}
2026-01-18T19:29:37.7857820Z env:
2026-01-18T19:29:37.7858077Z   pythonLocation: /opt/hostedtoolcache/Python/3.11.14/x64
2026-01-18T19:29:37.7858506Z   PKG_CONFIG_PATH: /opt/hostedtoolcache/Python/3.11.14/x64/lib/pkgconfig
2026-01-18T19:29:37.7858956Z   Python_ROOT_DIR: /opt/hostedtoolcache/Python/3.11.14/x64
2026-01-18T19:29:37.7859324Z   Python2_ROOT_DIR: /opt/hostedtoolcache/Python/3.11.14/x64
2026-01-18T19:29:37.7859693Z   Python3_ROOT_DIR: /opt/hostedtoolcache/Python/3.11.14/x64
2026-01-18T19:29:37.7860062Z   LD_LIBRARY_PATH: /opt/hostedtoolcache/Python/3.11.14/x64/lib
2026-01-18T19:29:37.7860369Z ##[endgroup]
2026-01-18T19:29:37.7968733Z ##[group]Run # Use --deep for comprehensive regression suite
2026-01-18T19:29:37.7969180Z [36;1m# Use --deep for comprehensive regression suite[0m
2026-01-18T19:29:37.7969635Z [36;1mpython orchestrator.py --project projects/ci_w3schools_tryit --deep --force[0m
2026-01-18T19:29:37.8000422Z shell: /usr/bin/bash -e {0}
2026-01-18T19:29:37.8000672Z env:
2026-01-18T19:29:37.8000929Z   pythonLocation: /opt/hostedtoolcache/Python/3.11.14/x64
2026-01-18T19:29:37.8001357Z   PKG_CONFIG_PATH: /opt/hostedtoolcache/Python/3.11.14/x64/lib/pkgconfig
2026-01-18T19:29:37.8002022Z   Python_ROOT_DIR: /opt/hostedtoolcache/Python/3.11.14/x64
2026-01-18T19:29:37.8002398Z   Python2_ROOT_DIR: /opt/hostedtoolcache/Python/3.11.14/x64
2026-01-18T19:29:37.8002964Z   Python3_ROOT_DIR: /opt/hostedtoolcache/Python/3.11.14/x64
2026-01-18T19:29:37.8003350Z   LD_LIBRARY_PATH: /opt/hostedtoolcache/Python/3.11.14/x64/lib
2026-01-18T19:29:37.8003866Z   GOOGLE_API_KEY: ***
2026-01-18T19:29:37.8004089Z   PYTHONPATH: .
2026-01-18T19:29:37.8004269Z ##[endgroup]
2026-01-18T19:29:39.4185642Z usage: discovery.py [-h] --project PROJECT --url URL
2026-01-18T19:29:39.4186372Z discovery.py: error: unrecognized arguments: --deep
2026-01-18T19:29:45.0248806Z 
2026-01-18T19:29:45.0249415Z [PLAN] PLANNER: Planning goal -> 'Test HTML editor' (Deep Mode: True)
2026-01-18T19:29:45.0250914Z 🎭 [EXPERT] Detected Domain: GENERAL. Persona: Act as Senior SDET focusing on exploring the application to understand functional flow and identifying critical paths for end-to-end automation
2026-01-18T19:29:45.0252340Z [DEBUG] Sending request to gemini-2.0-flash. Number of parts: 1
2026-01-18T19:29:45.0252709Z [DEBUG] Received response (Length: 3230)
2026-01-18T19:29:45.0253090Z ✅ Planner generated 3 scenarios. Workflow updated.
2026-01-18T19:29:46.0512966Z 
2026-01-18T19:29:46.0513964Z 🕵️ [DEEP EXPLORER] Starting Multi-Scenario Exploration
2026-01-18T19:29:46.0514486Z 📋 Found 3 scenarios to explore.
2026-01-18T19:29:48.1302387Z 
2026-01-18T19:29:48.1302967Z [1/3] Exploring Scenario: Basic HTML Editing and Execution
2026-01-18T19:29:48.1303838Z     🧠 Initialized exploration context for goal: 'Test HTML editor'
2026-01-18T19:29:48.1304241Z   ▶️ [STEP step_1] NAVIGATE: 
2026-01-18T19:29:49.0924239Z     ✅ Navigated to https://www.w3schools.com/html/tryit.asp?filename=tryhtml_default
2026-01-18T19:29:49.0924882Z   ▶️ [STEP step_2] ASSERT_VISIBLE: Try it Yourself v3.7
2026-01-18T19:29:49.1109092Z     🔍 Mining locators for: 'Try it Yourself v3.7'
2026-01-18T19:29:49.2219762Z     🧠 Consulting AI (Vision-First) to find 'Try it Yourself v3.7'...
2026-01-18T19:29:49.2220800Z     🧠 [EXPERT] Strategy: Act as Senior SDET focusing on exploring the application to understand functional flow and identifying critical paths for end-to-end automation.
2026-01-18T19:29:50.7911229Z [DEBUG] Sending request to gemini-2.0-flash. Number of parts: 2
2026-01-18T19:29:50.7912102Z [DEBUG] Received response (Length: 239)
2026-01-18T19:29:50.7913013Z     💡 Expert Suggestion: "Try it Yourself v3.7" is likely accessible through the 'Run' button or a similar interactive element.
2026-01-18T19:29:50.7913663Z     🛠️ Executing corrective action: click -> 'Run'
2026-01-18T19:29:51.3886836Z     ✅ Executed corrective navigation
2026-01-18T19:29:53.3894841Z     🔄 Retry 1/3 mining locators for 'Try it Yourself v3.7'...
2026-01-18T19:29:54.4568770Z     🧠 Consulting AI (Vision-First) to find 'Try it Yourself v3.7'...
2026-01-18T19:29:54.4570135Z     🧠 [EXPERT] Strategy: Act as Senior SDET focusing on exploring the application to understand functional flow and identifying critical paths for end-to-end automation.
2026-01-18T19:29:56.0224636Z [DEBUG] Sending request to gemini-2.0-flash. Number of parts: 2
2026-01-18T19:29:56.0225293Z [DEBUG] Received response (Length: 302)
2026-01-18T19:29:56.0225974Z     ⚠️ Skipping duplicate injection: Run
2026-01-18T19:29:56.0226395Z     🔄 Retry 2/3 mining locators for 'Try it Yourself v3.7'...
2026-01-18T19:29:57.0728915Z     🧠 Consulting AI (Vision-First) to find 'Try it Yourself v3.7'...
2026-01-18T19:29:57.0730549Z     🧠 [EXPERT] Strategy: Act as Senior SDET focusing on exploring the application to understand functional flow and identifying critical paths for end-to-end automation.
2026-01-18T19:29:57.0733588Z [CACHE HIT] 0f09e2ad... (hits: 1, misses: 2)
2026-01-18T19:29:57.0734147Z     ⚠️ Skipping duplicate injection: Run
2026-01-18T19:29:57.0735162Z     🧠 Verifying step validity for 'Try it Yourself v3.7' after no candidates found...
2026-01-18T19:30:00.7869553Z [DEBUG] Sending request to gemini-2.0-flash. Number of parts: 2
2026-01-18T19:30:00.7870147Z [DEBUG] Received response (Length: 205)
2026-01-18T19:30:00.7872340Z     🗑️ Step deemed INVALID: The text "Try it Yourself v3.7" is not visible in the current page's screenshot. Therefore, it's not possible to locate and interact with it.. Removing from workflow.
2026-01-18T19:30:00.7874758Z     ⏭️ Skipping execution of invalid step: Try it Yourself v3.7
2026-01-18T19:30:00.7875562Z   ▶️ [STEP step_3] FILL: iframeeditor
2026-01-18T19:30:00.7935315Z     🔍 Mining locators for: 'iframeeditor'
2026-01-18T19:30:00.8558960Z     🧠 Consulting AI (Vision-First) to find 'iframeeditor'...
2026-01-18T19:30:00.8560064Z     🧠 [EXPERT] Strategy: Act as Senior SDET focusing on exploring the application to understand functional flow and identifying critical paths for end-to-end automation.
2026-01-18T19:30:05.5994097Z [DEBUG] Sending request to gemini-2.0-flash. Number of parts: 2
2026-01-18T19:30:05.5994738Z [DEBUG] Received response (Length: 197)
2026-01-18T19:30:05.5996598Z     💡 Expert Suggestion: The iframe editor is likely accessible after running the code.
2026-01-18T19:30:05.5997452Z     🛠️ Executing corrective action: click -> 'Run'
2026-01-18T19:30:06.1736722Z     ✅ Executed corrective navigation
2026-01-18T19:30:08.1760052Z     🔄 Retry 1/3 mining locators for 'iframeeditor'...
2026-01-18T19:30:09.2382409Z     🧠 Consulting AI (Vision-First) to find 'iframeeditor'...
2026-01-18T19:30:09.2383765Z     🧠 [EXPERT] Strategy: Act as Senior SDET focusing on exploring the application to understand functional flow and identifying critical paths for end-to-end automation.
2026-01-18T19:30:09.2388275Z [CACHE HIT] c106ba72... (hits: 2, misses: 4)
2026-01-18T19:30:09.2388768Z     ⚠️ Skipping duplicate injection: Run
2026-01-18T19:30:09.2389143Z     🔄 Retry 2/3 mining locators for 'iframeeditor'...
2026-01-18T19:30:10.2885161Z     🧠 Consulting AI (Vision-First) to find 'iframeeditor'...
2026-01-18T19:30:10.2886748Z     🧠 [EXPERT] Strategy: Act as Senior SDET focusing on exploring the application to understand functional flow and identifying critical paths for end-to-end automation.
2026-01-18T19:30:10.2889904Z [CACHE HIT] c106ba72... (hits: 3, misses: 4)
2026-01-18T19:30:10.2890534Z     ⚠️ Skipping duplicate injection: Run
2026-01-18T19:30:10.2891279Z     🧠 Verifying step validity for 'iframeeditor' after no candidates found...
2026-01-18T19:30:11.7717291Z [DEBUG] Sending request to gemini-2.0-flash. Number of parts: 2
2026-01-18T19:30:11.7717919Z [DEBUG] Received response (Length: 225)
2026-01-18T19:30:11.7718573Z     🛠️ Self-Correction: Step is valid. Using new locator: #iframeResult
2026-01-18T19:30:21.4369808Z     ✅ State transitioned.
2026-01-18T19:30:23.1948494Z [DEBUG] Sending request to gemini-2.0-flash. Number of parts: 2
2026-01-18T19:30:23.1949361Z [DEBUG] Received response (Length: 210)
2026-01-18T19:30:23.1950365Z     🤖 AI Next Step Suggestion: click -> Run ❯
2026-01-18T19:30:23.1951050Z     🧩 Suggested Locator: #runbtn
2026-01-18T19:30:23.1952785Z     💭 Reasoning: The goal is to test the HTML editor. After filling the editor, the next logical step is to run the code and see the output.
2026-01-18T19:30:23.1954200Z     ➕ Injected AI step: click -> Run ❯
2026-01-18T19:30:23.1954903Z   ▶️ [STEP step_3_ai_1] CLICK: Run ❯
2026-01-18T19:30:23.2009871Z     🎯 Using AI-provided locator: #runbtn
2026-01-18T19:30:23.2066415Z     ✅ Found 1 verified locators
2026-01-18T19:30:27.2640057Z     ✅ State transitioned.
2026-01-18T19:30:29.3429608Z [DEBUG] Sending request to gemini-2.0-flash. Number of parts: 2
2026-01-18T19:30:29.3430288Z [DEBUG] Received response (Length: 485)
2026-01-18T19:30:29.3431110Z     🤖 AI Next Step Suggestion: fill -> iframeeditor
2026-01-18T19:30:29.3431467Z     🧩 Suggested Locator: #iframeeditor
2026-01-18T19:30:29.3432750Z     💭 Reasoning: To test the HTML editor, I should modify the existing HTML code and then run it to see the changes. This will help verify that the editor is working correctly and that the changes are reflected in the output.
2026-01-18T19:30:29.3433796Z     ➕ Injected AI step: fill -> iframeeditor
2026-01-18T19:30:29.3434134Z   ▶️ [STEP step_3_ai_2] FILL: iframeeditor
2026-01-18T19:30:29.3488046Z     🎯 Using AI-provided locator: #iframeeditor
2026-01-18T19:30:29.3506033Z     🔍 Mining locators for: 'iframeeditor'
2026-01-18T19:30:29.4055037Z     🧠 Consulting AI (Vision-First) to find 'iframeeditor'...
2026-01-18T19:30:29.4056285Z     🧠 [EXPERT] Strategy: Act as Senior SDET focusing on exploring the application to understand functional flow and identifying critical paths for end-to-end automation.
2026-01-18T19:30:34.0023741Z [DEBUG] Sending request to gemini-2.0-flash. Number of parts: 2
2026-01-18T19:30:34.0024358Z [DEBUG] Received response (Length: 289)
2026-01-18T19:30:34.0026054Z     💡 Expert Suggestion: The current page displays HTML output. An HTML editor is likely accessible via a navigation button, possibly labeled 'Run' or similar, to modify the code.
2026-01-18T19:30:34.0027250Z     🛠️ Executing corrective action: click -> 'Run'
2026-01-18T19:30:34.6228850Z     ✅ Executed corrective navigation
2026-01-18T19:30:36.6252447Z     🔄 Retry 1/3 mining locators for 'iframeeditor'...
2026-01-18T19:30:37.6875481Z     🧠 Consulting AI (Vision-First) to find 'iframeeditor'...
2026-01-18T19:30:37.6877101Z     🧠 [EXPERT] Strategy: Act as Senior SDET focusing on exploring the application to understand functional flow and identifying critical paths for end-to-end automation.
2026-01-18T19:30:37.6880087Z [CACHE HIT] 294a3e73... (hits: 4, misses: 8)
2026-01-18T19:30:37.6880661Z     ⚠️ Skipping duplicate injection: Run
2026-01-18T19:30:37.6881228Z     🔄 Retry 2/3 mining locators for 'iframeeditor'...
2026-01-18T19:30:38.7374040Z     🧠 Consulting AI (Vision-First) to find 'iframeeditor'...
2026-01-18T19:30:38.7375494Z     🧠 [EXPERT] Strategy: Act as Senior SDET focusing on exploring the application to understand functional flow and identifying critical paths for end-to-end automation.
2026-01-18T19:30:38.7379512Z [CACHE HIT] 294a3e73... (hits: 5, misses: 8)
2026-01-18T19:30:38.7379974Z     ⚠️ Skipping duplicate injection: Run
2026-01-18T19:30:38.7380725Z     🧠 Verifying step validity for 'iframeeditor' after no candidates found...
2026-01-18T19:30:39.9267604Z [DEBUG] Sending request to gemini-2.0-flash. Number of parts: 2
2026-01-18T19:30:39.9268017Z [DEBUG] Received response (Length: 225)
2026-01-18T19:30:39.9268674Z     🛠️ Self-Correction: Step is valid. Using new locator: #iframeResult
2026-01-18T19:30:55.6915043Z     ✅ State transitioned.
2026-01-18T19:30:55.6962151Z     🔄 Revisited state detected (count: 1)
2026-01-18T19:30:57.3555029Z [DEBUG] Sending request to gemini-2.0-flash. Number of parts: 2
2026-01-18T19:30:57.3555734Z [DEBUG] Received response (Length: 240)
2026-01-18T19:30:57.3556539Z     🤖 AI Next Step Suggestion: click -> Run ❯
2026-01-18T19:30:57.3557138Z     🧩 Suggested Locator: #runbtn
2026-01-18T19:30:57.3558585Z     💭 Reasoning: After filling the editor, we need to run the code to see the output. Clicking the 'Run' button will execute the HTML code in the editor.
2026-01-18T19:30:57.3559871Z     ➕ Injected AI step: click -> Run ❯
2026-01-18T19:30:57.3560440Z   ▶️ [STEP step_3_ai_3] CLICK: Run ❯
2026-01-18T19:30:57.3614822Z     🎯 Using AI-provided locator: #runbtn
2026-01-18T19:30:57.3668272Z     ✅ Found 1 verified locators
2026-01-18T19:31:01.4106077Z     ✅ State transitioned.
2026-01-18T19:31:01.4150402Z     🔄 Revisited state detected (count: 2)
2026-01-18T19:31:02.7834583Z [DEBUG] Sending request to gemini-2.0-flash. Number of parts: 2
2026-01-18T19:31:02.7835190Z [DEBUG] Received response (Length: 227)
2026-01-18T19:31:02.7835971Z     🤖 AI Next Step Suggestion: fill -> iframeeditor
2026-01-18T19:31:02.7836538Z     🧩 Suggested Locator: textarea
2026-01-18T19:31:02.7837416Z     💭 Reasoning: The goal is to test the HTML editor. Filling the editor with new content is the next logical step.
2026-01-18T19:31:02.7838183Z     ➕ Injected AI step: fill -> iframeeditor
2026-01-18T19:31:02.7838522Z   ▶️ [STEP step_3_ai_4] FILL: iframeeditor
2026-01-18T19:31:02.7890642Z     🎯 Using AI-provided locator: textarea
2026-01-18T19:31:02.7909112Z     🔍 Mining locators for: 'iframeeditor'
2026-01-18T19:31:02.8531364Z     🧠 Consulting AI (Vision-First) to find 'iframeeditor'...
2026-01-18T19:31:02.8533175Z     🧠 [EXPERT] Strategy: Act as Senior SDET focusing on exploring the application to understand functional flow and identifying critical paths for end-to-end automation.
2026-01-18T19:31:02.8537031Z [CACHE HIT] c106ba72... (hits: 6, misses: 11)
2026-01-18T19:31:02.8537960Z     💡 Expert Suggestion: The iframe editor is likely accessible after running the code.
2026-01-18T19:31:02.8538817Z     🛠️ Executing corrective action: click -> 'Run'
2026-01-18T19:31:03.4198313Z     ✅ Executed corrective navigation
2026-01-18T19:31:05.4221122Z     🔄 Retry 1/3 mining locators for 'iframeeditor'...
2026-01-18T19:31:06.4702724Z     🧠 Consulting AI (Vision-First) to find 'iframeeditor'...
2026-01-18T19:31:06.4704137Z     🧠 [EXPERT] Strategy: Act as Senior SDET focusing on exploring the application to understand functional flow and identifying critical paths for end-to-end automation.
2026-01-18T19:31:06.4708253Z [CACHE HIT] c106ba72... (hits: 7, misses: 11)
2026-01-18T19:31:06.4708731Z     ⚠️ Skipping duplicate injection: Run
2026-01-18T19:31:06.4709100Z     🔄 Retry 2/3 mining locators for 'iframeeditor'...
2026-01-18T19:31:07.5200449Z     🧠 Consulting AI (Vision-First) to find 'iframeeditor'...
2026-01-18T19:31:07.5202111Z     🧠 [EXPERT] Strategy: Act as Senior SDET focusing on exploring the application to understand functional flow and identifying critical paths for end-to-end automation.
2026-01-18T19:31:07.5206022Z [CACHE HIT] c106ba72... (hits: 8, misses: 11)
2026-01-18T19:31:07.5206490Z     ⚠️ Skipping duplicate injection: Run
2026-01-18T19:31:07.5207199Z     🧠 Verifying step validity for 'iframeeditor' after no candidates found...
2026-01-18T19:31:07.5210960Z [CACHE HIT] bdb69cd0... (hits: 9, misses: 11)
2026-01-18T19:31:07.5211877Z     🛠️ Self-Correction: Step is valid. Using new locator: #iframeResult
2026-01-18T19:31:13.7774659Z     ✅ State transitioned.
2026-01-18T19:31:13.7817687Z     🔄 Revisited state detected (count: 3)
2026-01-18T19:31:15.5287628Z [DEBUG] Sending request to gemini-2.0-flash. Number of parts: 2
2026-01-18T19:31:15.5288326Z [DEBUG] Received response (Length: 240)
2026-01-18T19:31:15.5289116Z     🤖 AI Next Step Suggestion: click -> Run ❯
2026-01-18T19:31:15.5289814Z     🧩 Suggested Locator: #runbtn
2026-01-18T19:31:15.5291183Z     💭 Reasoning: After filling the editor, we need to run the code to see the output. Clicking the 'Run' button will execute the HTML code in the editor.
2026-01-18T19:31:15.5292761Z     ➕ Injected AI step: click -> Run ❯
2026-01-18T19:31:15.5293331Z   ▶️ [STEP step_3_ai_5] CLICK: Run ❯
2026-01-18T19:31:15.5344876Z     🎯 Using AI-provided locator: #runbtn
2026-01-18T19:31:15.5404192Z     ✅ Found 1 verified locators
2026-01-18T19:31:19.5948943Z     ✅ State transitioned.
2026-01-18T19:31:19.5992014Z     🔄 Revisited state detected (count: 4)
2026-01-18T19:31:21.1923075Z [DEBUG] Sending request to gemini-2.0-flash. Number of parts: 2
2026-01-18T19:31:21.1923722Z [DEBUG] Received response (Length: 349)
2026-01-18T19:31:21.1924571Z     🤖 AI Next Step Suggestion: fill -> iframeeditor
2026-01-18T19:31:21.1925138Z     🧩 Suggested Locator: textarea
2026-01-18T19:31:21.1926118Z     💭 Reasoning: The goal is to test the HTML editor. I will fill the editor with a basic HTML structure.
2026-01-18T19:31:21.1926702Z     ➕ Injected AI step: fill -> iframeeditor
2026-01-18T19:31:21.1927050Z   ▶️ [STEP step_3_ai_6] FILL: iframeeditor
2026-01-18T19:31:21.1981345Z     🎯 Using AI-provided locator: textarea
2026-01-18T19:31:21.2000293Z     🔍 Mining locators for: 'iframeeditor'
2026-01-18T19:31:21.2526506Z     🧠 Consulting AI (Vision-First) to find 'iframeeditor'...
2026-01-18T19:31:21.2527626Z     🧠 [EXPERT] Strategy: Act as Senior SDET focusing on exploring the application to understand functional flow and identifying critical paths for end-to-end automation.
2026-01-18T19:31:21.2530893Z [CACHE HIT] c106ba72... (hits: 10, misses: 13)
2026-01-18T19:31:21.2532030Z     💡 Expert Suggestion: The iframe editor is likely accessible after running the code.
2026-01-18T19:31:21.2533318Z     🛠️ Executing corrective action: click -> 'Run'
2026-01-18T19:31:21.8199557Z     ✅ Executed corrective navigation
2026-01-18T19:31:23.8222793Z     🔄 Retry 1/3 mining locators for 'iframeeditor'...
2026-01-18T19:31:24.8690167Z     🧠 Consulting AI (Vision-First) to find 'iframeeditor'...
2026-01-18T19:31:24.8691936Z     🧠 [EXPERT] Strategy: Act as Senior SDET focusing on exploring the application to understand functional flow and identifying critical paths for end-to-end automation.
2026-01-18T19:31:24.8694783Z [CACHE HIT] c106ba72... (hits: 11, misses: 13)
2026-01-18T19:31:24.8695385Z     ⚠️ Skipping duplicate injection: Run
2026-01-18T19:31:24.8696003Z     🔄 Retry 2/3 mining locators for 'iframeeditor'...
2026-01-18T19:31:25.9196364Z     🧠 Consulting AI (Vision-First) to find 'iframeeditor'...
2026-01-18T19:31:25.9197946Z     🧠 [EXPERT] Strategy: Act as Senior SDET focusing on exploring the application to understand functional flow and identifying critical paths for end-to-end automation.
2026-01-18T19:31:25.9200688Z [CACHE HIT] c106ba72... (hits: 12, misses: 13)
2026-01-18T19:31:25.9201286Z     ⚠️ Skipping duplicate injection: Run
2026-01-18T19:31:25.9202335Z     🧠 Verifying step validity for 'iframeeditor' after no candidates found...
2026-01-18T19:31:25.9205132Z [CACHE HIT] bdb69cd0... (hits: 13, misses: 13)
2026-01-18T19:31:25.9205889Z     🛠️ Self-Correction: Step is valid. Using new locator: #iframeResult
2026-01-18T19:31:47.2689350Z     ✅ State transitioned.
2026-01-18T19:31:47.2732152Z     🔄 Revisited state detected (count: 5)
2026-01-18T19:31:47.2732834Z     ⚠️ Too many revisits (5). Stopping AI step injection to prevent loops.
2026-01-18T19:31:47.2733262Z   ▶️ [STEP step_4] CLICK: Run ❯
2026-01-18T19:31:47.2790088Z     🔍 Mining locators for: 'Run ❯'
2026-01-18T19:31:47.3485903Z     ✅ Found 3 verified locators
2026-01-18T19:31:50.9084780Z     ✅ State transitioned.
2026-01-18T19:31:50.9128808Z     🔄 Revisited state detected (count: 6)
2026-01-18T19:31:50.9129709Z     ⚠️ Too many revisits (6). Stopping AI step injection to prevent loops.
2026-01-18T19:31:50.9130578Z   ▶️ [STEP step_5] ASSERT_VISIBLE: This is a Test Heading
2026-01-18T19:31:50.9184121Z     🔍 Mining locators for: 'This is a Test Heading'
2026-01-18T19:31:50.9683113Z     🧠 Consulting AI (Vision-First) to find 'This is a Test Heading'...
2026-01-18T19:31:50.9684202Z     🧠 [EXPERT] Strategy: Act as Senior SDET focusing on exploring the application to understand functional flow and identifying critical paths for end-to-end automation.
2026-01-18T19:31:52.6431172Z [DEBUG] Sending request to gemini-2.0-flash. Number of parts: 2
2026-01-18T19:31:52.6431976Z [DEBUG] Received response (Length: 421)
2026-01-18T19:31:52.6432688Z     🔄 Retry 1/3 mining locators for 'This is a Test Heading'...
2026-01-18T19:31:53.7019080Z     🧠 Consulting AI (Vision-First) to find 'This is a Test Heading'...
2026-01-18T19:31:53.7020686Z     🧠 [EXPERT] Strategy: Act as Senior SDET focusing on exploring the application to understand functional flow and identifying critical paths for end-to-end automation.
2026-01-18T19:31:53.7024658Z [CACHE HIT] bbd8bfca... (hits: 14, misses: 14)
2026-01-18T19:31:53.7025508Z     🔄 Retry 2/3 mining locators for 'This is a Test Heading'...
2026-01-18T19:31:54.7518946Z     🧠 Consulting AI (Vision-First) to find 'This is a Test Heading'...
2026-01-18T19:31:54.7520144Z     🧠 [EXPERT] Strategy: Act as Senior SDET focusing on exploring the application to understand functional flow and identifying critical paths for end-to-end automation.
2026-01-18T19:31:54.7523620Z [CACHE HIT] bbd8bfca... (hits: 15, misses: 14)
2026-01-18T19:31:54.7524370Z     🧠 Verifying step validity for 'This is a Test Heading' after mining failure...
2026-01-18T19:31:57.3825625Z [DEBUG] Sending request to gemini-2.0-flash. Number of parts: 2
2026-01-18T19:31:57.3827429Z [DEBUG] Received response (Length: 155)
2026-01-18T19:31:57.3828406Z     🛠️ Self-Correction: Step is valid. Using new locator: h1
2026-01-18T19:32:02.8937717Z     ⚠️ Scroll into view failed for h1. Proceeding anyway.
2026-01-18T19:32:04.8960546Z     ✅ State transitioned.
2026-01-18T19:32:04.9007224Z     🔄 Revisited state detected (count: 7)
2026-01-18T19:32:04.9007887Z     ⚠️ Too many revisits (7). Stopping AI step injection to prevent loops.
2026-01-18T19:32:04.9008385Z   ▶️ [STEP step_6] ASSERT_VISIBLE: This is a test paragraph.
2026-01-18T19:32:04.9059815Z     🔍 Mining locators for: 'This is a test paragraph.'
2026-01-18T19:32:04.9521005Z     🧠 Consulting AI (Vision-First) to find 'This is a test paragraph.'...
2026-01-18T19:32:04.9522865Z     🧠 [EXPERT] Strategy: Act as Senior SDET focusing on exploring the application to understand functional flow and identifying critical paths for end-to-end automation.
2026-01-18T19:32:06.5527733Z [DEBUG] Sending request to gemini-2.0-flash. Number of parts: 2
2026-01-18T19:32:06.5528144Z [DEBUG] Received response (Length: 360)
2026-01-18T19:32:06.5528763Z     🔄 Retry 1/3 mining locators for 'This is a test paragraph.'...
2026-01-18T19:32:07.6005048Z     🧠 Consulting AI (Vision-First) to find 'This is a test paragraph.'...
2026-01-18T19:32:07.6006726Z     🧠 [EXPERT] Strategy: Act as Senior SDET focusing on exploring the application to understand functional flow and identifying critical paths for end-to-end automation.
2026-01-18T19:32:07.6009368Z [CACHE HIT] 7805d6c1... (hits: 16, misses: 16)
2026-01-18T19:32:07.6010090Z     🔄 Retry 2/3 mining locators for 'This is a test paragraph.'...
2026-01-18T19:32:08.7010707Z     🧠 Consulting AI (Vision-First) to find 'This is a test paragraph.'...
2026-01-18T19:32:08.7012574Z     🧠 [EXPERT] Strategy: Act as Senior SDET focusing on exploring the application to understand functional flow and identifying critical paths for end-to-end automation.
2026-01-18T19:32:08.7016214Z [CACHE HIT] 7805d6c1... (hits: 17, misses: 16)
2026-01-18T19:32:08.7017146Z     🧠 Verifying step validity for 'This is a test paragraph.' after mining failure...
2026-01-18T19:32:11.3174927Z [DEBUG] Sending request to gemini-2.0-flash. Number of parts: 2
2026-01-18T19:32:11.3175738Z [DEBUG] Received response (Length: 249)
2026-01-18T19:32:11.3177017Z     🛠️ Self-Correction: Step is valid. Using new locator: p:contains('This is a paragraph.')
2026-01-18T19:32:11.3299407Z     ⚠️ Scroll into view failed for p:contains('This is a paragraph.'). Proceeding anyway.
2026-01-18T19:32:13.3322525Z     ✅ State transitioned.
2026-01-18T19:32:13.3364271Z     🔄 Revisited state detected (count: 8)
2026-01-18T19:32:13.3364839Z     ⚠️ Too many revisits (8). Stopping AI step injection to prevent loops.
2026-01-18T19:32:15.3826702Z 
2026-01-18T19:32:15.3827282Z [2/3] Exploring Scenario: HTML Editor - Adding a Link
2026-01-18T19:32:15.3828497Z     🧠 Initialized exploration context for goal: 'Test HTML editor'
2026-01-18T19:32:15.3829132Z   ▶️ [STEP step_1] NAVIGATE: 
2026-01-18T19:32:16.0787032Z     ✅ Navigated to https://www.w3schools.com/html/tryit.asp?filename=tryhtml_default
2026-01-18T19:32:16.0788575Z   ▶️ [STEP step_2] ASSERT_VISIBLE: Try it Yourself v3.7
2026-01-18T19:32:16.0955033Z     🔍 Mining locators for: 'Try it Yourself v3.7'
2026-01-18T19:32:16.1492995Z     🧠 Consulting AI (Vision-First) to find 'Try it Yourself v3.7'...
2026-01-18T19:32:16.1494638Z     🧠 [EXPERT] Strategy: Act as Senior SDET focusing on exploring the application to understand functional flow and identifying critical paths for end-to-end automation.
2026-01-18T19:32:16.1496788Z [CACHE HIT] 483f330e... (hits: 18, misses: 17)
2026-01-18T19:32:16.1497906Z     💡 Expert Suggestion: "Try it Yourself v3.7" is likely accessible through the 'Run' button or a similar interactive element.
2026-01-18T19:32:16.1498985Z     🛠️ Executing corrective action: click -> 'Run'
2026-01-18T19:32:16.7390856Z     ✅ Executed corrective navigation
2026-01-18T19:32:18.7405133Z     🔄 Retry 1/3 mining locators for 'Try it Yourself v3.7'...
2026-01-18T19:32:19.8007400Z     🧠 Consulting AI (Vision-First) to find 'Try it Yourself v3.7'...
2026-01-18T19:32:19.8008989Z     🧠 [EXPERT] Strategy: Act as Senior SDET focusing on exploring the application to understand functional flow and identifying critical paths for end-to-end automation.
2026-01-18T19:32:21.3796465Z [DEBUG] Sending request to gemini-2.0-flash. Number of parts: 2
2026-01-18T19:32:21.3797117Z [DEBUG] Received response (Length: 251)
2026-01-18T19:32:21.3797722Z     ⚠️ Skipping duplicate injection: Run
2026-01-18T19:32:21.3798146Z     🔄 Retry 2/3 mining locators for 'Try it Yourself v3.7'...
2026-01-18T19:32:22.4507941Z     🧠 Consulting AI (Vision-First) to find 'Try it Yourself v3.7'...
2026-01-18T19:32:22.4509624Z     🧠 [EXPERT] Strategy: Act as Senior SDET focusing on exploring the application to understand functional flow and identifying critical paths for end-to-end automation.
2026-01-18T19:32:26.8561169Z [DEBUG] Sending request to gemini-2.0-flash. Number of parts: 2
2026-01-18T19:32:26.8561802Z [DEBUG] Received response (Length: 412)
2026-01-18T19:32:26.8563172Z     💡 Expert Suggestion: "Try it Yourself v3.7" is a feature typically found within an interactive tutorial or example page. Navigating to the main W3Schools page or a relevant section like 'Tutorials' or 'Examples' would be the most logical way to find it.
2026-01-18T19:32:26.8564601Z     🛠️ Executing corrective action: click -> 'the W3Schools logo or the main navigation menu'
2026-01-18T19:32:26.9174331Z     🧠 Verifying step validity for 'Try it Yourself v3.7' after no candidates found...
2026-01-18T19:32:31.2146641Z [DEBUG] Sending request to gemini-2.0-flash. Number of parts: 2
2026-01-18T19:32:31.2147280Z [DEBUG] Received response (Length: 203)
2026-01-18T19:32:31.2148472Z     🗑️ Step deemed INVALID: The text 'Try it Yourself v3.7' is not visible in the current page's screenshot. Therefore, it's not possible to locate and interact with it.. Removing from workflow.
2026-01-18T19:32:31.2149356Z     ⏭️ Skipping execution of invalid step: Try it Yourself v3.7
2026-01-18T19:32:31.2149729Z   ▶️ [STEP step_3] FILL: iframeeditor
2026-01-18T19:32:31.2207448Z     🔍 Mining locators for: 'iframeeditor'
2026-01-18T19:32:31.2835100Z     🧠 Consulting AI (Vision-First) to find 'iframeeditor'...
2026-01-18T19:32:31.2836351Z     🧠 [EXPERT] Strategy: Act as Senior SDET focusing on exploring the application to understand functional flow and identifying critical paths for end-to-end automation.
2026-01-18T19:32:35.9716571Z [DEBUG] Sending request to gemini-2.0-flash. Number of parts: 2
2026-01-18T19:32:35.9717207Z [DEBUG] Received response (Length: 238)
2026-01-18T19:32:35.9718183Z     💡 Expert Suggestion: The 'iframeeditor' is likely accessible after running the code or navigating to a specific editor page.
2026-01-18T19:32:35.9718878Z     🛠️ Executing corrective action: click -> 'Run'
2026-01-18T19:32:36.5523569Z     ✅ Executed corrective navigation
2026-01-18T19:32:38.5547238Z     🔄 Retry 1/3 mining locators for 'iframeeditor'...
2026-01-18T19:32:39.6158987Z     🧠 Consulting AI (Vision-First) to find 'iframeeditor'...
2026-01-18T19:32:39.6160371Z     🧠 [EXPERT] Strategy: Act as Senior SDET focusing on exploring the application to understand functional flow and identifying critical paths for end-to-end automation.
2026-01-18T19:32:39.6163813Z [CACHE HIT] d1acd21a... (hits: 19, misses: 21)
2026-01-18T19:32:39.6164413Z     ⚠️ Skipping duplicate injection: Run
2026-01-18T19:32:39.6164806Z     🔄 Retry 2/3 mining locators for 'iframeeditor'...
2026-01-18T19:32:40.6659104Z     🧠 Consulting AI (Vision-First) to find 'iframeeditor'...
2026-01-18T19:32:40.6660663Z     🧠 [EXPERT] Strategy: Act as Senior SDET focusing on exploring the application to understand functional flow and identifying critical paths for end-to-end automation.
2026-01-18T19:32:40.6663909Z [CACHE HIT] d1acd21a... (hits: 20, misses: 21)
2026-01-18T19:32:40.6664511Z     ⚠️ Skipping duplicate injection: Run
2026-01-18T19:32:40.6665262Z     🧠 Verifying step validity for 'iframeeditor' after no candidates found...
2026-01-18T19:32:41.9693144Z [DEBUG] Sending request to gemini-2.0-flash. Number of parts: 2
2026-01-18T19:32:41.9693837Z [DEBUG] Received response (Length: 268)
2026-01-18T19:32:41.9695944Z     🗑️ Step deemed INVALID: The element with id 'iframeeditor' does not appear to be present in the current page's HTML source code. The code displayed in the editor is directly rendered on the page, not within an iframe with that ID.. Removing from workflow.
2026-01-18T19:32:41.9697702Z     ⏭️ Skipping execution of invalid step: iframeeditor
2026-01-18T19:32:41.9698066Z   ▶️ [STEP step_4] CLICK: Run ❯
2026-01-18T19:32:41.9752671Z     🔍 Mining locators for: 'Run ❯'
2026-01-18T19:32:42.0465883Z     ✅ Found 3 verified locators
2026-01-18T19:32:45.6084649Z     ✅ State transitioned.
2026-01-18T19:32:47.0015484Z [DEBUG] Sending request to gemini-2.0-flash. Number of parts: 2
2026-01-18T19:32:47.0016174Z [DEBUG] Received response (Length: 240)
2026-01-18T19:32:47.0016980Z     🤖 AI Next Step Suggestion: fill -> textarea
2026-01-18T19:32:47.0017606Z     🧩 Suggested Locator: textarea
2026-01-18T19:32:47.0018807Z     💭 Reasoning: Now that the page has loaded and the code has been run, I want to edit the HTML in the textarea to test the editor.
2026-01-18T19:32:47.0019899Z     ➕ Injected AI step: fill -> textarea
2026-01-18T19:32:47.0020467Z   ▶️ [STEP step_4_ai_1] FILL: textarea
2026-01-18T19:32:47.0077912Z     🎯 Using AI-provided locator: textarea
2026-01-18T19:32:47.0097041Z     🔍 Mining locators for: 'textarea'
2026-01-18T19:32:47.0666474Z     🧠 Consulting AI (Vision-First) to find 'textarea'...
2026-01-18T19:32:47.0667575Z     🧠 [EXPERT] Strategy: Act as Senior SDET focusing on exploring the application to understand functional flow and identifying critical paths for end-to-end automation.
2026-01-18T19:32:52.0174500Z [DEBUG] Sending request to gemini-2.0-flash. Number of parts: 2
2026-01-18T19:32:52.0174932Z [DEBUG] Received response (Length: 202)
2026-01-18T19:32:52.0175640Z     💡 Expert Suggestion: The 'Run' button likely leads to the HTML editor with the textarea.
2026-01-18T19:32:52.0176223Z     🛠️ Executing corrective action: click -> 'Run'
2026-01-18T19:32:52.5998054Z     ✅ Executed corrective navigation
2026-01-18T19:32:54.6021401Z     🔄 Retry 1/3 mining locators for 'textarea'...
2026-01-18T19:32:55.6647448Z     🧠 Consulting AI (Vision-First) to find 'textarea'...
2026-01-18T19:32:55.6648794Z     🧠 [EXPERT] Strategy: Act as Senior SDET focusing on exploring the application to understand functional flow and identifying critical paths for end-to-end automation.
2026-01-18T19:32:55.6653294Z [CACHE HIT] 7957c007... (hits: 21, misses: 24)
2026-01-18T19:32:55.6653923Z     ⚠️ Skipping duplicate injection: Run
2026-01-18T19:32:55.6654295Z     🔄 Retry 2/3 mining locators for 'textarea'...
2026-01-18T19:32:56.7158932Z     🧠 Consulting AI (Vision-First) to find 'textarea'...
2026-01-18T19:32:56.7160425Z     🧠 [EXPERT] Strategy: Act as Senior SDET focusing on exploring the application to understand functional flow and identifying critical paths for end-to-end automation.
2026-01-18T19:32:56.7164610Z [CACHE HIT] 7957c007... (hits: 22, misses: 24)
2026-01-18T19:32:56.7165097Z     ⚠️ Skipping duplicate injection: Run
2026-01-18T19:32:56.7165883Z     🧠 Verifying step validity for 'textarea' after no candidates found...
2026-01-18T19:32:58.1105295Z [DEBUG] Sending request to gemini-2.0-flash. Number of parts: 2
2026-01-18T19:32:58.1105712Z [DEBUG] Received response (Length: 187)
2026-01-18T19:32:58.1106340Z     🛠️ Self-Correction: Step is valid. Using new locator: #textareaCode
2026-01-18T19:33:04.1213834Z     ⚠️ Scroll into view failed for #textareaCode. Proceeding anyway.
2026-01-18T19:33:09.6228641Z     ⚠️ Action failed: Locator.click: Timeout 5000ms exceeded.
2026-01-18T19:33:09.6229079Z Call log:
2026-01-18T19:33:09.6229286Z ...
2026-01-18T19:33:11.1542605Z [DEBUG] Sending request to gemini-2.0-flash. Number of parts: 2
2026-01-18T19:33:11.1543070Z [DEBUG] Received response (Length: 325)
2026-01-18T19:33:11.1544498Z     ✨ AI Heal Reasoning: The mission is to test the HTML editor, and the task is to identify the best VISIBLE element for 'textarea' to perform 'fill'. The HTML code at the top of the image shows the code editor, which is a textarea. Therefore, the best element to fill is the textarea.
2026-01-18T19:33:11.1545714Z     ✨ AI healed exploration action! New selector: textarea
2026-01-18T19:33:17.1622135Z     ⚠️ Scroll into view failed for textarea. Proceeding anyway.
2026-01-18T19:33:22.6640965Z   ▶️ [STEP step_5] ASSERT_VISIBLE: Visit Example
2026-01-18T19:33:22.6696880Z     🔍 Mining locators for: 'Visit Example'
2026-01-18T19:33:22.7311408Z     🧠 Consulting AI (Vision-First) to find 'Visit Example'...
2026-01-18T19:33:22.7313082Z     🧠 [EXPERT] Strategy: Act as Senior SDET focusing on exploring the application to understand functional flow and identifying critical paths for end-to-end automation.
2026-01-18T19:33:24.2813642Z [DEBUG] Sending request to gemini-2.0-flash. Number of parts: 2
2026-01-18T19:33:24.2814453Z [DEBUG] Received response (Length: 277)
2026-01-18T19:33:24.2816513Z     💡 Expert Suggestion: The 'Visit Example' button is likely located within the 'Run' section or a similar area that allows users to execute or preview the HTML code.
2026-01-18T19:33:24.2818220Z     🛠️ Executing corrective action: click -> 'Run'
2026-01-18T19:33:24.8641178Z     ✅ Executed corrective navigation
2026-01-18T19:33:26.8664920Z     🔄 Retry 1/3 mining locators for 'Visit Example'...
2026-01-18T19:33:27.9142538Z     🧠 Consulting AI (Vision-First) to find 'Visit Example'...
2026-01-18T19:33:27.9143798Z     🧠 [EXPERT] Strategy: Act as Senior SDET focusing on exploring the application to understand functional flow and identifying critical paths for end-to-end automation.
2026-01-18T19:33:27.9147109Z [CACHE HIT] ab92fa8a... (hits: 23, misses: 27)
2026-01-18T19:33:27.9147783Z     ⚠️ Skipping duplicate injection: Run
2026-01-18T19:33:27.9148176Z     🔄 Retry 2/3 mining locators for 'Visit Example'...
2026-01-18T19:33:28.9644320Z     🧠 Consulting AI (Vision-First) to find 'Visit Example'...
2026-01-18T19:33:28.9645879Z     🧠 [EXPERT] Strategy: Act as Senior SDET focusing on exploring the application to understand functional flow and identifying critical paths for end-to-end automation.
2026-01-18T19:33:28.9649894Z [CACHE HIT] ab92fa8a... (hits: 24, misses: 27)
2026-01-18T19:33:28.9650386Z     ⚠️ Skipping duplicate injection: Run
2026-01-18T19:33:28.9651209Z     🧠 Verifying step validity for 'Visit Example' after no candidates found...
2026-01-18T19:33:30.3075038Z [DEBUG] Sending request to gemini-2.0-flash. Number of parts: 2
2026-01-18T19:33:30.3075683Z [DEBUG] Received response (Length: 225)
2026-01-18T19:33:30.3076933Z     🗑️ Step deemed INVALID: The text 'Visit Example' is not visible in the current page. The page displays the HTML editor and the rendered output of the code. Therefore, the task is invalid.. Removing from workflow.
2026-01-18T19:33:30.3077868Z     ⏭️ Skipping execution of invalid step: Visit Example
2026-01-18T19:33:32.3421379Z 
2026-01-18T19:33:32.3422795Z [3/3] Exploring Scenario: HTML Editor - Adding an Image
2026-01-18T19:33:32.3424293Z     🧠 Initialized exploration context for goal: 'Test HTML editor'
2026-01-18T19:33:32.3425019Z   ▶️ [STEP step_1] NAVIGATE: 
2026-01-18T19:33:33.0416828Z     ✅ Navigated to https://www.w3schools.com/html/tryit.asp?filename=tryhtml_default
2026-01-18T19:33:33.0417618Z   ▶️ [STEP step_2] ASSERT_VISIBLE: Try it Yourself v3.7
2026-01-18T19:33:33.0588534Z     🔍 Mining locators for: 'Try it Yourself v3.7'
2026-01-18T19:33:33.1132797Z     🧠 Consulting AI (Vision-First) to find 'Try it Yourself v3.7'...
2026-01-18T19:33:33.1134127Z     🧠 [EXPERT] Strategy: Act as Senior SDET focusing on exploring the application to understand functional flow and identifying critical paths for end-to-end automation.
2026-01-18T19:33:33.1137295Z [CACHE HIT] 483f330e... (hits: 25, misses: 28)
2026-01-18T19:33:33.1138342Z     💡 Expert Suggestion: "Try it Yourself v3.7" is likely accessible through the 'Run' button or a similar interactive element.
2026-01-18T19:33:33.1138997Z     🛠️ Executing corrective action: click -> 'Run'
2026-01-18T19:33:33.7736758Z     ✅ Executed corrective navigation
2026-01-18T19:33:35.7756165Z     🔄 Retry 1/3 mining locators for 'Try it Yourself v3.7'...
2026-01-18T19:33:36.8304258Z     🧠 Consulting AI (Vision-First) to find 'Try it Yourself v3.7'...
2026-01-18T19:33:36.8305443Z     🧠 [EXPERT] Strategy: Act as Senior SDET focusing on exploring the application to understand functional flow and identifying critical paths for end-to-end automation.
2026-01-18T19:33:38.6245895Z [DEBUG] Sending request to gemini-2.0-flash. Number of parts: 2
2026-01-18T19:33:38.6246540Z [DEBUG] Received response (Length: 254)
2026-01-18T19:33:38.6247072Z     ⚠️ Skipping duplicate injection: Run
2026-01-18T19:33:38.6247490Z     🔄 Retry 2/3 mining locators for 'Try it Yourself v3.7'...
2026-01-18T19:33:39.6803664Z     🧠 Consulting AI (Vision-First) to find 'Try it Yourself v3.7'...
2026-01-18T19:33:39.6804890Z     🧠 [EXPERT] Strategy: Act as Senior SDET focusing on exploring the application to understand functional flow and identifying critical paths for end-to-end automation.
2026-01-18T19:33:43.2614071Z [DEBUG] Sending request to gemini-2.0-flash. Number of parts: 2
2026-01-18T19:33:43.2614734Z [DEBUG] Received response (Length: 236)
2026-01-18T19:33:43.2615265Z     ⚠️ Skipping duplicate injection: Run
2026-01-18T19:33:43.2615766Z     🧠 Verifying step validity for 'Try it Yourself v3.7' after no candidates found...
2026-01-18T19:33:48.3596167Z [DEBUG] Sending request to gemini-2.0-flash. Number of parts: 2
2026-01-18T19:33:48.3596848Z [DEBUG] Received response (Length: 217)
2026-01-18T19:33:48.3598175Z     🗑️ Step deemed INVALID: The text 'Try it Yourself v3.7' is not visible in the current page's screenshot or OCR output. Therefore, it's not possible to locate and interact with it.. Removing from workflow.
2026-01-18T19:33:48.3599156Z     ⏭️ Skipping execution of invalid step: Try it Yourself v3.7
2026-01-18T19:33:48.3599538Z   ▶️ [STEP step_3] FILL: iframeeditor
2026-01-18T19:33:48.3654627Z     🔍 Mining locators for: 'iframeeditor'
2026-01-18T19:33:48.4137692Z     🧠 Consulting AI (Vision-First) to find 'iframeeditor'...
2026-01-18T19:33:48.4139254Z     🧠 [EXPERT] Strategy: Act as Senior SDET focusing on exploring the application to understand functional flow and identifying critical paths for end-to-end automation.
2026-01-18T19:33:53.1761869Z [DEBUG] Sending request to gemini-2.0-flash. Number of parts: 2
2026-01-18T19:33:53.1762568Z [DEBUG] Received response (Length: 235)
2026-01-18T19:33:53.1764069Z     💡 Expert Suggestion: The 'iframeeditor' is not visible on the current page. Clicking 'Run' might lead to the HTML editor.
2026-01-18T19:33:53.1765379Z     🛠️ Executing corrective action: click -> 'Run'
2026-01-18T19:33:53.7475000Z     ✅ Executed corrective navigation
2026-01-18T19:33:55.7498000Z     🔄 Retry 1/3 mining locators for 'iframeeditor'...
2026-01-18T19:33:56.8123852Z     🧠 Consulting AI (Vision-First) to find 'iframeeditor'...
2026-01-18T19:33:56.8125310Z     🧠 [EXPERT] Strategy: Act as Senior SDET focusing on exploring the application to understand functional flow and identifying critical paths for end-to-end automation.
2026-01-18T19:33:56.8130367Z [CACHE HIT] 92ef43a9... (hits: 26, misses: 32)
2026-01-18T19:33:56.8131023Z     ⚠️ Skipping duplicate injection: Run
2026-01-18T19:33:56.8131848Z     🔄 Retry 2/3 mining locators for 'iframeeditor'...
2026-01-18T19:33:57.8629369Z     🧠 Consulting AI (Vision-First) to find 'iframeeditor'...
2026-01-18T19:33:57.8630630Z     🧠 [EXPERT] Strategy: Act as Senior SDET focusing on exploring the application to understand functional flow and identifying critical paths for end-to-end automation.
2026-01-18T19:33:57.8634150Z [CACHE HIT] 92ef43a9... (hits: 27, misses: 32)
2026-01-18T19:33:57.8634833Z     ⚠️ Skipping duplicate injection: Run
2026-01-18T19:33:57.8635401Z     🧠 Verifying step validity for 'iframeeditor' after no candidates found...
2026-01-18T19:33:59.0867954Z [DEBUG] Sending request to gemini-2.0-flash. Number of parts: 2
2026-01-18T19:33:59.0868411Z [DEBUG] Received response (Length: 211)
2026-01-18T19:33:59.0869059Z     🛠️ Self-Correction: Step is valid. Using new locator: #iframeResult
2026-01-18T19:34:16.5884087Z     ✅ State transitioned.
2026-01-18T19:34:18.2879096Z [DEBUG] Sending request to gemini-2.0-flash. Number of parts: 2
2026-01-18T19:34:18.2879760Z [DEBUG] Received response (Length: 190)
2026-01-18T19:34:18.2880545Z     🤖 AI Next Step Suggestion: click -> Run ❯
2026-01-18T19:34:18.2881090Z     🧩 Suggested Locator: #runbtn
2026-01-18T19:34:18.2882194Z     💭 Reasoning: After filling the editor, the next logical step is to run the code and see the output.
2026-01-18T19:34:18.2883017Z     ➕ Injected AI step: click -> Run ❯
2026-01-18T19:34:18.2883361Z   ▶️ [STEP step_3_ai_1] CLICK: Run ❯
2026-01-18T19:34:18.2937889Z     🎯 Using AI-provided locator: #runbtn
2026-01-18T19:34:18.2990983Z     ✅ Found 1 verified locators
2026-01-18T19:34:22.3544729Z     ✅ State transitioned.
2026-01-18T19:34:23.7657195Z [DEBUG] Sending request to gemini-2.0-flash. Number of parts: 2
2026-01-18T19:34:23.7657892Z [DEBUG] Received response (Length: 308)
2026-01-18T19:34:23.7658595Z     🤖 AI Next Step Suggestion: fill -> iframeeditor
2026-01-18T19:34:23.7659017Z     🧩 Suggested Locator: #iframeeditor
2026-01-18T19:34:23.7659915Z     💭 Reasoning: To test the HTML editor, I need to input new HTML code. Filling the iframeeditor with new content will allow me to see if the editor is working correctly.
2026-01-18T19:34:23.7660738Z     ➕ Injected AI step: fill -> iframeeditor
2026-01-18T19:34:23.7661104Z   ▶️ [STEP step_3_ai_2] FILL: iframeeditor
2026-01-18T19:34:23.7715136Z     🎯 Using AI-provided locator: #iframeeditor
2026-01-18T19:34:23.7732481Z     🔍 Mining locators for: 'iframeeditor'
2026-01-18T19:34:23.8285109Z     🧠 Consulting AI (Vision-First) to find 'iframeeditor'...
2026-01-18T19:34:23.8286696Z     🧠 [EXPERT] Strategy: Act as Senior SDET focusing on exploring the application to understand functional flow and identifying critical paths for end-to-end automation.
2026-01-18T19:34:23.8289485Z [CACHE HIT] 92ef43a9... (hits: 28, misses: 35)
2026-01-18T19:34:23.8290500Z     💡 Expert Suggestion: The 'iframeeditor' is not visible on the current page. Clicking 'Run' might lead to the HTML editor.
2026-01-18T19:34:23.8292741Z     🛠️ Executing corrective action: click -> 'Run'
2026-01-18T19:34:24.4116024Z     ✅ Executed corrective navigation
2026-01-18T19:34:26.4138955Z     🔄 Retry 1/3 mining locators for 'iframeeditor'...
2026-01-18T19:34:27.5124178Z     🧠 Consulting AI (Vision-First) to find 'iframeeditor'...
2026-01-18T19:34:27.5125329Z     🧠 [EXPERT] Strategy: Act as Senior SDET focusing on exploring the application to understand functional flow and identifying critical paths for end-to-end automation.
2026-01-18T19:34:27.5128823Z [CACHE HIT] 92ef43a9... (hits: 29, misses: 35)
2026-01-18T19:34:27.5129419Z     ⚠️ Skipping duplicate injection: Run
2026-01-18T19:34:27.5129996Z     🔄 Retry 2/3 mining locators for 'iframeeditor'...
2026-01-18T19:34:28.5610438Z     🧠 Consulting AI (Vision-First) to find 'iframeeditor'...
2026-01-18T19:34:28.5612075Z     🧠 [EXPERT] Strategy: Act as Senior SDET focusing on exploring the application to understand functional flow and identifying critical paths for end-to-end automation.
2026-01-18T19:34:28.5615154Z [CACHE HIT] 92ef43a9... (hits: 30, misses: 35)
2026-01-18T19:34:28.5615752Z     ⚠️ Skipping duplicate injection: Run
2026-01-18T19:34:28.5616383Z     🧠 Verifying step validity for 'iframeeditor' after no candidates found...
2026-01-18T19:34:28.5619346Z [CACHE HIT] 5dc85667... (hits: 31, misses: 35)
2026-01-18T19:34:28.5620079Z     🛠️ Self-Correction: Step is valid. Using new locator: #iframeResult
2026-01-18T19:34:37.6412768Z     ✅ State transitioned.
2026-01-18T19:34:37.6458615Z     🔄 Revisited state detected (count: 1)
2026-01-18T19:34:39.3635493Z [DEBUG] Sending request to gemini-2.0-flash. Number of parts: 2
2026-01-18T19:34:39.3636219Z [DEBUG] Received response (Length: 262)
2026-01-18T19:34:39.3637122Z     🤖 AI Next Step Suggestion: click -> Run ❯
2026-01-18T19:34:39.3637694Z     🧩 Suggested Locator: #runbtn
2026-01-18T19:34:39.3639328Z     💭 Reasoning: The last action was filling the editor, and now we need to run the code to see the result. Clicking the 'Run' button will execute the HTML code in the editor.
2026-01-18T19:34:39.3640851Z     ➕ Injected AI step: click -> Run ❯
2026-01-18T19:34:39.3642751Z   ▶️ [STEP step_3_ai_3] CLICK: Run ❯
2026-01-18T19:34:39.3703752Z     🎯 Using AI-provided locator: #runbtn
2026-01-18T19:34:39.3762596Z     ✅ Found 1 verified locators
2026-01-18T19:34:43.4361085Z     ✅ State transitioned.
2026-01-18T19:34:43.4404165Z     🔄 Revisited state detected (count: 2)
2026-01-18T19:34:44.8428912Z [DEBUG] Sending request to gemini-2.0-flash. Number of parts: 2
2026-01-18T19:34:44.8429592Z [DEBUG] Received response (Length: 271)
2026-01-18T19:34:44.8430282Z     🤖 AI Next Step Suggestion: fill -> iframeeditor
2026-01-18T19:34:44.8430750Z     🧩 Suggested Locator: textarea
2026-01-18T19:34:44.8431959Z     💭 Reasoning: The goal is to test the HTML editor. The previous actions were filling the editor and running the code. Let's fill the editor with a simple heading.
2026-01-18T19:34:44.8432876Z     ➕ Injected AI step: fill -> iframeeditor
2026-01-18T19:34:44.8433290Z   ▶️ [STEP step_3_ai_4] FILL: iframeeditor
2026-01-18T19:34:44.8485724Z     🎯 Using AI-provided locator: textarea
2026-01-18T19:34:44.8504525Z     🔍 Mining locators for: 'iframeeditor'
2026-01-18T19:34:44.9112010Z     🧠 Consulting AI (Vision-First) to find 'iframeeditor'...
2026-01-18T19:34:44.9113420Z     🧠 [EXPERT] Strategy: Act as Senior SDET focusing on exploring the application to understand functional flow and identifying critical paths for end-to-end automation.
2026-01-18T19:34:44.9116692Z [CACHE HIT] 92ef43a9... (hits: 32, misses: 37)
2026-01-18T19:34:44.9117744Z     💡 Expert Suggestion: The 'iframeeditor' is not visible on the current page. Clicking 'Run' might lead to the HTML editor.
2026-01-18T19:34:44.9118393Z     🛠️ Executing corrective action: click -> 'Run'
2026-01-18T19:34:45.4784528Z     ✅ Executed corrective navigation
2026-01-18T19:34:47.4807762Z     🔄 Retry 1/3 mining locators for 'iframeeditor'...
2026-01-18T19:34:48.5280867Z     🧠 Consulting AI (Vision-First) to find 'iframeeditor'...
2026-01-18T19:34:48.5282508Z     🧠 [EXPERT] Strategy: Act as Senior SDET focusing on exploring the application to understand functional flow and identifying critical paths for end-to-end automation.
2026-01-18T19:34:48.5286375Z [CACHE HIT] 92ef43a9... (hits: 33, misses: 37)
2026-01-18T19:34:48.5287011Z     ⚠️ Skipping duplicate injection: Run
2026-01-18T19:34:48.5287551Z     🔄 Retry 2/3 mining locators for 'iframeeditor'...
2026-01-18T19:34:49.5776941Z     🧠 Consulting AI (Vision-First) to find 'iframeeditor'...
2026-01-18T19:34:49.5778143Z     🧠 [EXPERT] Strategy: Act as Senior SDET focusing on exploring the application to understand functional flow and identifying critical paths for end-to-end automation.
2026-01-18T19:34:49.5781049Z [CACHE HIT] 92ef43a9... (hits: 34, misses: 37)
2026-01-18T19:34:49.5781874Z     ⚠️ Skipping duplicate injection: Run
2026-01-18T19:34:49.5782939Z     🧠 Verifying step validity for 'iframeeditor' after no candidates found...
2026-01-18T19:34:49.5786403Z [CACHE HIT] 5dc85667... (hits: 35, misses: 37)
2026-01-18T19:34:49.5787035Z     🛠️ Self-Correction: Step is valid. Using new locator: #iframeResult
2026-01-18T19:34:56.1952967Z     ✅ State transitioned.
2026-01-18T19:34:56.1995152Z     🔄 Revisited state detected (count: 3)
2026-01-18T19:34:57.6964557Z [DEBUG] Sending request to gemini-2.0-flash. Number of parts: 2
2026-01-18T19:34:57.6965114Z [DEBUG] Received response (Length: 222)
2026-01-18T19:34:57.6965726Z     🤖 AI Next Step Suggestion: click -> Run ❯
2026-01-18T19:34:57.6966061Z     🧩 Suggested Locator: #runbtn
2026-01-18T19:34:57.6966714Z     💭 Reasoning: The last actions were filling the editor and then running the code. To see the changes, we need to run the code again.
2026-01-18T19:34:57.6967379Z     ➕ Injected AI step: click -> Run ❯
2026-01-18T19:34:57.6967688Z   ▶️ [STEP step_3_ai_5] CLICK: Run ❯
2026-01-18T19:34:57.7019514Z     🎯 Using AI-provided locator: #runbtn
2026-01-18T19:34:57.7071961Z     ✅ Found 1 verified locators
2026-01-18T19:35:01.7526286Z     ✅ State transitioned.
2026-01-18T19:35:01.7570320Z     🔄 Revisited state detected (count: 4)
2026-01-18T19:35:03.2745361Z [DEBUG] Sending request to gemini-2.0-flash. Number of parts: 2
2026-01-18T19:35:03.2746005Z [DEBUG] Received response (Length: 271)
2026-01-18T19:35:03.2746829Z     🤖 AI Next Step Suggestion: fill -> iframeeditor
2026-01-18T19:35:03.2747408Z     🧩 Suggested Locator: textarea
2026-01-18T19:35:03.2748286Z     💭 Reasoning: The goal is to test the HTML editor. The previous actions were filling the editor and running the code. Let's fill the editor with a simple heading.
2026-01-18T19:35:03.2749107Z     ➕ Injected AI step: fill -> iframeeditor
2026-01-18T19:35:03.2749510Z   ▶️ [STEP step_3_ai_6] FILL: iframeeditor
2026-01-18T19:35:03.2804595Z     🎯 Using AI-provided locator: textarea
2026-01-18T19:35:03.2824540Z     🔍 Mining locators for: 'iframeeditor'
2026-01-18T19:35:03.3784141Z     🧠 Consulting AI (Vision-First) to find 'iframeeditor'...
2026-01-18T19:35:03.3785632Z     🧠 [EXPERT] Strategy: Act as Senior SDET focusing on exploring the application to understand functional flow and identifying critical paths for end-to-end automation.
2026-01-18T19:35:03.3789802Z [CACHE HIT] 92ef43a9... (hits: 36, misses: 39)
2026-01-18T19:35:03.3790599Z     💡 Expert Suggestion: The 'iframeeditor' is not visible on the current page. Clicking 'Run' might lead to the HTML editor.
2026-01-18T19:35:03.3791233Z     🛠️ Executing corrective action: click -> 'Run'
2026-01-18T19:35:03.9592741Z     ✅ Executed corrective navigation
2026-01-18T19:35:05.9612462Z     🔄 Retry 1/3 mining locators for 'iframeeditor'...
2026-01-18T19:35:07.0107525Z     🧠 Consulting AI (Vision-First) to find 'iframeeditor'...
2026-01-18T19:35:07.0109209Z     🧠 [EXPERT] Strategy: Act as Senior SDET focusing on exploring the application to understand functional flow and identifying critical paths for end-to-end automation.
2026-01-18T19:35:07.0113223Z [CACHE HIT] 92ef43a9... (hits: 37, misses: 39)
2026-01-18T19:35:07.0113865Z     ⚠️ Skipping duplicate injection: Run
2026-01-18T19:35:07.0114481Z     🔄 Retry 2/3 mining locators for 'iframeeditor'...
2026-01-18T19:35:08.0606922Z     🧠 Consulting AI (Vision-First) to find 'iframeeditor'...
2026-01-18T19:35:08.0608495Z     🧠 [EXPERT] Strategy: Act as Senior SDET focusing on exploring the application to understand functional flow and identifying critical paths for end-to-end automation.
2026-01-18T19:35:08.0611216Z [CACHE HIT] 92ef43a9... (hits: 38, misses: 39)
2026-01-18T19:35:08.0611978Z     ⚠️ Skipping duplicate injection: Run
2026-01-18T19:35:08.0612627Z     🧠 Verifying step validity for 'iframeeditor' after no candidates found...
2026-01-18T19:35:08.0615667Z [CACHE HIT] 5dc85667... (hits: 39, misses: 39)
2026-01-18T19:35:08.0616420Z     🛠️ Self-Correction: Step is valid. Using new locator: #iframeResult
2026-01-18T19:35:14.0611767Z     ✅ State transitioned.
2026-01-18T19:35:14.0653132Z     🔄 Revisited state detected (count: 5)
2026-01-18T19:35:14.0653789Z     ⚠️ Too many revisits (5). Stopping AI step injection to prevent loops.
2026-01-18T19:35:14.0654214Z   ▶️ [STEP step_4] CLICK: Run ❯
2026-01-18T19:35:14.0707669Z     🔍 Mining locators for: 'Run ❯'
2026-01-18T19:35:14.1401695Z     ✅ Found 3 verified locators
2026-01-18T19:35:17.6999687Z     ✅ State transitioned.
2026-01-18T19:35:17.7041821Z     🔄 Revisited state detected (count: 6)
2026-01-18T19:35:17.7042508Z     ⚠️ Too many revisits (6). Stopping AI step injection to prevent loops.
2026-01-18T19:35:17.7042982Z   ▶️ [STEP step_5] ASSERT_VISIBLE: W3Schools.com
2026-01-18T19:35:17.7103406Z     🔍 Mining locators for: 'W3Schools.com'
2026-01-18T19:35:17.7879565Z     ✅ Found 2 verified locators
2026-01-18T19:35:20.8109968Z     ✅ State transitioned.
2026-01-18T19:35:22.3339044Z [DEBUG] Sending request to gemini-2.0-flash. Number of parts: 2
2026-01-18T19:35:22.3339615Z [DEBUG] Received response (Length: 255)
2026-01-18T19:35:22.3343397Z     🤖 AI Next Step Suggestion: fill -> iframeeditor
2026-01-18T19:35:22.3344139Z     🧩 Suggested Locator: textarea
2026-01-18T19:35:22.3345345Z     💭 Reasoning: To test the HTML editor, I need to input some HTML code. Filling the editor with '<h1>Hello World</h1>' is a simple test case.
2026-01-18T19:35:22.3346491Z     ➕ Injected AI step: fill -> iframeeditor
2026-01-18T19:35:22.3347069Z   ▶️ [STEP step_5_ai_1] FILL: iframeeditor
2026-01-18T19:35:22.3399183Z     🎯 Using AI-provided locator: textarea
2026-01-18T19:35:22.3417174Z     🔍 Mining locators for: 'iframeeditor'
2026-01-18T19:35:22.3930211Z     🧠 Consulting AI (Vision-First) to find 'iframeeditor'...
2026-01-18T19:35:22.3931370Z     🧠 [EXPERT] Strategy: Act as Senior SDET focusing on exploring the application to understand functional flow and identifying critical paths for end-to-end automation.
2026-01-18T19:35:22.3934832Z [CACHE HIT] 92ef43a9... (hits: 40, misses: 40)
2026-01-18T19:35:22.3936810Z     💡 Expert Suggestion: The 'iframeeditor' is not visible on the current page. Clicking 'Run' might lead to the HTML editor.
2026-01-18T19:35:22.3938004Z     🛠️ Executing corrective action: click -> 'Run'
2026-01-18T19:35:22.9594430Z     ✅ Executed corrective navigation
2026-01-18T19:35:24.9618293Z     🔄 Retry 1/3 mining locators for 'iframeeditor'...
2026-01-18T19:35:26.0098608Z     🧠 Consulting AI (Vision-First) to find 'iframeeditor'...
2026-01-18T19:35:26.0099869Z     🧠 [EXPERT] Strategy: Act as Senior SDET focusing on exploring the application to understand functional flow and identifying critical paths for end-to-end automation.
2026-01-18T19:35:26.0103584Z [CACHE HIT] 92ef43a9... (hits: 41, misses: 40)
2026-01-18T19:35:26.0104234Z     ⚠️ Skipping duplicate injection: Run
2026-01-18T19:35:26.0104655Z     🔄 Retry 2/3 mining locators for 'iframeeditor'...
2026-01-18T19:35:27.0600305Z     🧠 Consulting AI (Vision-First) to find 'iframeeditor'...
2026-01-18T19:35:27.0602446Z     🧠 [EXPERT] Strategy: Act as Senior SDET focusing on exploring the application to understand functional flow and identifying critical paths for end-to-end automation.
2026-01-18T19:35:27.0605895Z [CACHE HIT] 92ef43a9... (hits: 42, misses: 40)
2026-01-18T19:35:27.0606518Z     ⚠️ Skipping duplicate injection: Run
2026-01-18T19:35:27.0607275Z     🧠 Verifying step validity for 'iframeeditor' after no candidates found...
2026-01-18T19:35:27.0610229Z [CACHE HIT] 5dc85667... (hits: 43, misses: 40)
2026-01-18T19:35:27.0610976Z     🛠️ Self-Correction: Step is valid. Using new locator: #iframeResult
2026-01-18T19:35:33.5461867Z     ✅ State transitioned.
2026-01-18T19:35:33.5503710Z     🔄 Revisited state detected (count: 1)
2026-01-18T19:35:35.5571091Z [DEBUG] Sending request to gemini-2.0-flash. Number of parts: 2
2026-01-18T19:35:35.5572326Z [DEBUG] Received response (Length: 341)
2026-01-18T19:35:35.5572908Z     🤖 AI Next Step Suggestion: fill -> iframeeditor
2026-01-18T19:35:35.5573271Z     🧩 Suggested Locator: textarea
2026-01-18T19:35:35.5573824Z     💭 Reasoning: The goal is to test the HTML editor. I will fill the editor with some HTML code.
2026-01-18T19:35:35.5574470Z ⚠️ Loop detected: same AI suggestion repeated 3 times. Moving to next step.
2026-01-18T19:35:37.5915728Z 🗂️  All generated tests written to /home/runner/work/build_qa_automation/build_qa_automation/projects/ci_w3schools_tryit/tests/generated_scenarios.json
2026-01-18T19:35:37.5925281Z 🔄 Updated workflow.json with discovered steps and locators.
2026-01-18T19:35:37.5925764Z 
2026-01-18T19:35:37.5930179Z ✅ Deep Exploration Complete.
2026-01-18T19:38:41.1071306Z 
2026-01-18T19:38:41.1072335Z 🚀 [EXECUTE] Starting Automation Execution Engine
2026-01-18T19:38:41.1072925Z 📍 Project: ci_w3schools_tryit
2026-01-18T19:38:41.1073355Z 🎬 Mode: Headless
2026-01-18T19:38:41.1073604Z 
2026-01-18T19:38:41.1073830Z --- Scenario: Basic HTML Editing and Execution ---
2026-01-18T19:38:41.1074437Z   ▶️ [STEP step_1] NAVIGATE: Step step_1
2026-01-18T19:38:41.1074934Z     ✅ Step step_1 Passed.
2026-01-18T19:38:41.1075413Z   ▶️ [STEP step_3] FILL: iframeeditor
2026-01-18T19:38:41.1075920Z     🎯 Using mined locator: #iframeResult
2026-01-18T19:38:41.1076409Z     ✅ Step step_3 Passed.
2026-01-18T19:38:41.1076835Z   ▶️ [STEP step_3_ai_1] CLICK: Run ❯
2026-01-18T19:38:41.1077296Z     🎯 Using mined locator: #runbtn
2026-01-18T19:38:41.1077751Z     ✅ Step step_3_ai_1 Passed.
2026-01-18T19:38:41.1078189Z   ▶️ [STEP step_3_ai_2] FILL: iframeeditor
2026-01-18T19:38:41.1078718Z     🎯 Using mined locator: #iframeResult
2026-01-18T19:38:41.1079181Z     ✅ Step step_3_ai_2 Passed.
2026-01-18T19:38:41.1079597Z   ▶️ [STEP step_3_ai_3] CLICK: Run ❯
2026-01-18T19:38:41.1079979Z     🎯 Using mined locator: #runbtn
2026-01-18T19:38:41.1080245Z     ✅ Step step_3_ai_3 Passed.
2026-01-18T19:38:41.1080521Z   ▶️ [STEP step_3_ai_4] FILL: iframeeditor
2026-01-18T19:38:41.1080846Z     🎯 Using mined locator: #iframeResult
2026-01-18T19:38:41.1081126Z     ✅ Step step_3_ai_4 Passed.
2026-01-18T19:38:41.1081381Z   ▶️ [STEP step_3_ai_5] CLICK: Run ❯
2026-01-18T19:38:41.1081911Z     🎯 Using mined locator: #runbtn
2026-01-18T19:38:41.1082179Z     ✅ Step step_3_ai_5 Passed.
2026-01-18T19:38:41.1082442Z   ▶️ [STEP step_3_ai_6] FILL: iframeeditor
2026-01-18T19:38:41.1082731Z     🎯 Using mined locator: #iframeResult
2026-01-18T19:38:41.1082999Z     ✅ Step step_3_ai_6 Passed.
2026-01-18T19:38:41.1083246Z   ▶️ [STEP step_4] CLICK: Run ❯
2026-01-18T19:38:41.1083553Z     🎯 Using mined locator: role=button[name='Run ❯']
2026-01-18T19:38:41.1083861Z     ✅ Step step_4 Passed.
2026-01-18T19:38:41.1084161Z   ▶️ [STEP step_5] ASSERT_VISIBLE: This is a Test Heading
2026-01-18T19:38:41.1084597Z     ⚠️ Mined locators not found on page. Falling back to semantic search.
2026-01-18T19:38:41.1085094Z     ❌ Attempt 1 failed (element_not_found): Locator expected to be visible
2026-01-18T19:38:41.1085450Z Actual value: None
2026-01-18T19:38:41.1085642Z Error: element(s) not found 
2026-01-18T19:38:41.1085851Z Call log:
2026-01-18T19:38:41.1086013Z   - Expect ...
2026-01-18T19:38:41.1086688Z     🔧 [AUTO-HEAL] Re-mining page to find 'This is a Test Heading'...
2026-01-18T19:38:41.1087103Z [DEBUG] Sending request to gemini-2.0-flash. Number of parts: 2
2026-01-18T19:38:41.1087444Z [DEBUG] Received response (Length: 421)
2026-01-18T19:38:41.1087809Z     ✨ AI successfully healed the step! Found 2 alternatives.
2026-01-18T19:38:41.1088193Z     ✨ AI successfully healed the step! New selector: h1
2026-01-18T19:38:41.1088620Z     ❌ Attempt 2 failed (element_not_found): Locator expected to be visible
2026-01-18T19:38:41.1088965Z Actual value: None
2026-01-18T19:38:41.1089159Z Error: element(s) not found 
2026-01-18T19:38:41.1089362Z Call log:
2026-01-18T19:38:41.1089516Z   - Expect ...
2026-01-18T19:38:41.1089837Z     🔧 [AUTO-HEAL] Re-mining page to find 'This is a Test Heading'...
2026-01-18T19:38:41.1090424Z [DEBUG] Sending request to gemini-2.0-flash. Number of parts: 2
2026-01-18T19:38:41.1090765Z [DEBUG] Received response (Length: 583)
2026-01-18T19:38:41.1091140Z     ✨ AI successfully healed the step! Found 2 alternatives.
2026-01-18T19:38:41.1091669Z     ✨ AI successfully healed the step! New selector: h1
2026-01-18T19:38:41.1092225Z     ❌ Attempt 3 failed (element_not_found): Locator expected to be visible
2026-01-18T19:38:41.1092571Z Actual value: None
2026-01-18T19:38:41.1092767Z Error: element(s) not found 
2026-01-18T19:38:41.1092966Z Call log:
2026-01-18T19:38:41.1093125Z   - Expect ...
2026-01-18T19:38:41.1093371Z     💀 Step step_5 failed after all retries.
2026-01-18T19:38:41.1093796Z 🛑 Scenario 'Basic HTML Editing and Execution' aborted due to step failure.
2026-01-18T19:38:41.1094077Z 
2026-01-18T19:38:41.1094185Z --- Scenario: HTML Editor - Adding a Link ---
2026-01-18T19:38:41.1094499Z   ▶️ [STEP step_1] NAVIGATE: Step step_1
2026-01-18T19:38:41.1094790Z     ✅ Step step_1 Passed.
2026-01-18T19:38:41.1095037Z   ▶️ [STEP step_4] CLICK: Run ❯
2026-01-18T19:38:41.1095336Z     🎯 Using mined locator: role=button[name='Run ❯']
2026-01-18T19:38:41.1095641Z     ✅ Step step_4 Passed.
2026-01-18T19:38:41.1095924Z   ▶️ [STEP step_4_ai_1] FILL: textarea
2026-01-18T19:38:41.1096312Z     🎯 Using mined locator: #textareaCode
2026-01-18T19:38:41.1096797Z     ❌ Attempt 1 failed (timeout): Locator.scroll_into_view_if_needed: Timeout 9995ms exceeded.
2026-01-18T19:38:41.1097205Z Call log:
2026-01-18T19:38:41.1097384Z   - attempting scroll into vi...
2026-01-18T19:38:41.1097706Z     🔧 [AUTO-HEAL] Re-mining page to find 'textarea'...
2026-01-18T19:38:41.1098067Z [DEBUG] Sending request to gemini-2.0-flash. Number of parts: 2
2026-01-18T19:38:41.1098400Z [DEBUG] Received response (Length: 490)
2026-01-18T19:38:41.1098748Z     ✨ AI successfully healed the step! Found 2 alternatives.
2026-01-18T19:38:41.1099141Z     ✨ AI successfully healed the step! New selector: body
2026-01-18T19:38:41.1099476Z     ✅ Step step_4_ai_1 Passed.
2026-01-18T19:38:41.1099825Z ✅ Scenario 'HTML Editor - Adding a Link' completed successfully!
2026-01-18T19:38:41.1100074Z 
2026-01-18T19:38:41.1100191Z --- Scenario: HTML Editor - Adding an Image ---
2026-01-18T19:38:41.1100511Z   ▶️ [STEP step_1] NAVIGATE: Step step_1
2026-01-18T19:38:41.1100788Z     ✅ Step step_1 Passed.
2026-01-18T19:38:41.1101353Z   ▶️ [STEP step_3] FILL: iframeeditor
2026-01-18T19:38:41.1104102Z     🎯 Using mined locator: #iframeResult
2026-01-18T19:38:41.1104419Z     ✅ Step step_3 Passed.
2026-01-18T19:38:41.1104695Z   ▶️ [STEP step_3_ai_1] CLICK: Run ❯
2026-01-18T19:38:41.1104984Z     🎯 Using mined locator: #runbtn
2026-01-18T19:38:41.1105266Z     ✅ Step step_3_ai_1 Passed.
2026-01-18T19:38:41.1105543Z   ▶️ [STEP step_3_ai_2] FILL: iframeeditor
2026-01-18T19:38:41.1105849Z     🎯 Using mined locator: #iframeResult
2026-01-18T19:38:41.1106135Z     ✅ Step step_3_ai_2 Passed.
2026-01-18T19:38:41.1106396Z   ▶️ [STEP step_3_ai_3] CLICK: Run ❯
2026-01-18T19:38:41.1106688Z     🎯 Using mined locator: #runbtn
2026-01-18T19:38:41.1106953Z     ✅ Step step_3_ai_3 Passed.
2026-01-18T19:38:41.1107217Z   ▶️ [STEP step_3_ai_4] FILL: iframeeditor
2026-01-18T19:38:41.1107713Z     🎯 Using mined locator: #iframeResult
2026-01-18T19:38:41.1108019Z     ✅ Step step_3_ai_4 Passed.
2026-01-18T19:38:41.1108281Z   ▶️ [STEP step_3_ai_5] CLICK: Run ❯
2026-01-18T19:38:41.1108556Z     🎯 Using mined locator: #runbtn
2026-01-18T19:38:41.1108823Z     ✅ Step step_3_ai_5 Passed.
2026-01-18T19:38:41.1109087Z   ▶️ [STEP step_3_ai_6] FILL: iframeeditor
2026-01-18T19:38:41.1109384Z     🎯 Using mined locator: #iframeResult
2026-01-18T19:38:41.1109660Z     ✅ Step step_3_ai_6 Passed.
2026-01-18T19:38:41.1109906Z   ▶️ [STEP step_4] CLICK: Run ❯
2026-01-18T19:38:41.1110210Z     🎯 Using mined locator: role=button[name='Run ❯']
2026-01-18T19:38:41.1110528Z     ✅ Step step_4 Passed.
2026-01-18T19:38:41.1110809Z   ▶️ [STEP step_5] ASSERT_VISIBLE: W3Schools.com
2026-01-18T19:38:41.1111262Z     🎯 Using mined locator: #tryhome
2026-01-18T19:38:41.1111789Z     ✅ Step step_5 Passed.
2026-01-18T19:38:41.1112067Z   ▶️ [STEP step_5_ai_1] FILL: iframeeditor
2026-01-18T19:38:41.1112380Z     🎯 Using mined locator: #iframeResult
2026-01-18T19:38:41.1112655Z     ✅ Step step_5_ai_1 Passed.
2026-01-18T19:38:41.1113010Z ✅ Scenario 'HTML Editor - Adding an Image' completed successfully!
2026-01-18T19:38:41.1113280Z 
2026-01-18T19:38:41.1113380Z ============================================================
2026-01-18T19:38:41.1113679Z 🎯 EXECUTION SUMMARY
2026-01-18T19:38:41.1113894Z ============================================================
2026-01-18T19:38:41.1114079Z 
2026-01-18T19:38:41.1114182Z 📋 Scenario Overview:
2026-01-18T19:38:41.1114423Z    • Total Scenarios Planned: 3
2026-01-18T19:38:41.1114679Z    • Scenarios Executed: 3
2026-01-18T19:38:41.1114929Z    • Total Steps Executed: 24
2026-01-18T19:38:41.1115072Z 
2026-01-18T19:38:41.1115161Z ✅ Results:
2026-01-18T19:38:41.1115363Z    ✅ Passed: 2 (66%)
2026-01-18T19:38:41.1115577Z    ❌ Failed: 1 (33%)
2026-01-18T19:38:41.1115691Z 
2026-01-18T19:38:41.1115792Z ⚠️  Failed Scenarios:
2026-01-18T19:38:41.1116033Z    • Basic HTML Editing and Execution
2026-01-18T19:38:41.1116197Z 
2026-01-18T19:38:41.1116301Z ============================================================
2026-01-18T19:38:41.1116488Z 
2026-01-18T19:38:41.1116970Z 🏁 Execution Finished. Report: /home/runner/work/build_qa_automation/build_qa_automation/projects/ci_w3schools_tryit/execution.json
2026-01-18T19:38:41.2207551Z 
2026-01-18T19:38:41.2208213Z [PHASE] Running Phase: DISCOVERY
2026-01-18T19:38:41.2210007Z    Command: /opt/hostedtoolcache/Python/3.11.14/x64/bin/python /home/runner/work/build_qa_automation/build_qa_automation/core/agents/discovery.py --project /home/runner/work/build_qa_automation/build_qa_automation/projects/ci_w3schools_tryit --url https://www.w3schools.com/html/tryit.asp?filename=tryhtml_default --deep
2026-01-18T19:38:41.2213393Z ❌ Phase 'discovery' failed with error: Command '['/opt/hostedtoolcache/Python/3.11.14/x64/bin/python', '/home/runner/work/build_qa_automation/build_qa_automation/core/agents/discovery.py', '--project', '/home/runner/work/build_qa_automation/build_qa_automation/projects/ci_w3schools_tryit', '--url', 'https://www.w3schools.com/html/tryit.asp?filename=tryhtml_default', '--deep']' returned non-zero exit status 2.
2026-01-18T19:38:41.2215045Z ⚠️ Initial discovery failed, but proceeding to planning...
2026-01-18T19:38:41.2215288Z 
2026-01-18T19:38:41.2215391Z [PHASE] Running Phase: PLANNING
2026-01-18T19:38:41.2216653Z    Command: /opt/hostedtoolcache/Python/3.11.14/x64/bin/python /home/runner/work/build_qa_automation/build_qa_automation/core/agents/planner.py --project /home/runner/work/build_qa_automation/build_qa_automation/projects/ci_w3schools_tryit --goal Test HTML editor --url https://www.w3schools.com/html/tryit.asp?filename=tryhtml_default --deep
2026-01-18T19:38:41.2217980Z ✅ Phase 'planning' completed successfully.
2026-01-18T19:38:41.2218179Z 
2026-01-18T19:38:41.2218269Z [PHASE] Running Phase: EXPLORATION
2026-01-18T19:38:41.2219421Z    Command: /opt/hostedtoolcache/Python/3.11.14/x64/bin/python /home/runner/work/build_qa_automation/build_qa_automation/core/agents/deep_explorer.py --project /home/runner/work/build_qa_automation/build_qa_automation/projects/ci_w3schools_tryit
2026-01-18T19:38:41.2220475Z ✅ Phase 'exploration' completed successfully.
2026-01-18T19:38:41.2220836Z 📊 Exploration Discovery Success Rate: 100.0%
2026-01-18T19:38:41.2221023Z 
2026-01-18T19:38:41.2221117Z [PHASE] Running Phase: EXECUTION
2026-01-18T19:38:41.2222312Z    Command: /opt/hostedtoolcache/Python/3.11.14/x64/bin/python /home/runner/work/build_qa_automation/build_qa_automation/core/agents/executor.py --project /home/runner/work/build_qa_automation/build_qa_automation/projects/ci_w3schools_tryit
2026-01-18T19:38:41.2223324Z ✅ Phase 'execution' completed successfully.
2026-01-18T19:38:41.2223521Z 
2026-01-18T19:38:41.2223620Z [DONE] Pipeline Execution Finished! [DONE]
2026-01-18T19:38:41.3191438Z ##[group]Run RESULT_FILE="projects/ci_w3schools_tryit/execution.json"
2026-01-18T19:38:41.3192302Z [36;1mRESULT_FILE="projects/ci_w3schools_tryit/execution.json"[0m
2026-01-18T19:38:41.3192863Z [36;1mif [ -f "$RESULT_FILE" ]; then[0m
2026-01-18T19:38:41.3193337Z [36;1m  echo "✅ Results generated successfully: $RESULT_FILE"[0m
2026-01-18T19:38:41.3193912Z [36;1m  cat "$RESULT_FILE" | jq '.scenarios | length' || echo "Result file exists"[0m
2026-01-18T19:38:41.3194388Z [36;1melse[0m
2026-01-18T19:38:41.3242416Z [36;1m  echo "❌ No result file found at $RESULT_FILE"[0m
2026-01-18T19:38:41.3242801Z [36;1m  exit 1[0m
2026-01-18T19:38:41.3242997Z [36;1mfi[0m
2026-01-18T19:38:41.3274859Z shell: /usr/bin/bash -e {0}
2026-01-18T19:38:41.3275095Z env:
2026-01-18T19:38:41.3275344Z   pythonLocation: /opt/hostedtoolcache/Python/3.11.14/x64
2026-01-18T19:38:41.3275774Z   PKG_CONFIG_PATH: /opt/hostedtoolcache/Python/3.11.14/x64/lib/pkgconfig
2026-01-18T19:38:41.3276230Z   Python_ROOT_DIR: /opt/hostedtoolcache/Python/3.11.14/x64
2026-01-18T19:38:41.3276603Z   Python2_ROOT_DIR: /opt/hostedtoolcache/Python/3.11.14/x64
2026-01-18T19:38:41.3276968Z   Python3_ROOT_DIR: /opt/hostedtoolcache/Python/3.11.14/x64
2026-01-18T19:38:41.3277333Z   LD_LIBRARY_PATH: /opt/hostedtoolcache/Python/3.11.14/x64/lib
2026-01-18T19:38:41.3277638Z ##[endgroup]
2026-01-18T19:38:41.3328939Z ✅ Results generated successfully: projects/ci_w3schools_tryit/execution.json
2026-01-18T19:38:41.3354679Z 3
2026-01-18T19:38:41.3417945Z ##[group]Run actions/upload-artifact@v4
2026-01-18T19:38:41.3418227Z with:
2026-01-18T19:38:41.3418419Z   name: w3schools_tryit-execution-results
2026-01-18T19:38:41.3418874Z   path: projects/ci_w3schools_tryit/execution.json
projects/ci_w3schools_tryit/workflow.json

2026-01-18T19:38:41.3419320Z   retention-days: 30
2026-01-18T19:38:41.3419528Z   if-no-files-found: warn
2026-01-18T19:38:41.3419738Z   compression-level: 6
2026-01-18T19:38:41.3419936Z   overwrite: false
2026-01-18T19:38:41.3420141Z   include-hidden-files: false
2026-01-18T19:38:41.3420354Z env:
2026-01-18T19:38:41.3420583Z   pythonLocation: /opt/hostedtoolcache/Python/3.11.14/x64
2026-01-18T19:38:41.3420993Z   PKG_CONFIG_PATH: /opt/hostedtoolcache/Python/3.11.14/x64/lib/pkgconfig
2026-01-18T19:38:41.3421401Z   Python_ROOT_DIR: /opt/hostedtoolcache/Python/3.11.14/x64
2026-01-18T19:38:41.3422035Z   Python2_ROOT_DIR: /opt/hostedtoolcache/Python/3.11.14/x64
2026-01-18T19:38:41.3422425Z   Python3_ROOT_DIR: /opt/hostedtoolcache/Python/3.11.14/x64
2026-01-18T19:38:41.3422796Z   LD_LIBRARY_PATH: /opt/hostedtoolcache/Python/3.11.14/x64/lib
2026-01-18T19:38:41.3423092Z ##[endgroup]
2026-01-18T19:38:41.5542541Z Multiple search paths detected. Calculating the least common ancestor of all paths
2026-01-18T19:38:41.5545994Z The least common ancestor is /home/runner/work/build_qa_automation/build_qa_automation/projects/ci_w3schools_tryit. This will be the root directory of the artifact
2026-01-18T19:38:41.5547388Z With the provided path, there will be 2 files uploaded
2026-01-18T19:38:41.5551365Z Artifact name is valid!
2026-01-18T19:38:41.5552050Z Root directory input is valid!
2026-01-18T19:38:41.6421056Z Beginning upload of artifact content to blob storage
2026-01-18T19:38:41.7263442Z Uploaded bytes 2066
2026-01-18T19:38:41.7491697Z Finished uploading artifact content to blob storage!
2026-01-18T19:38:41.7495338Z SHA256 digest of uploaded artifact zip is 414d64c5ef00e726ad7c2ed5889542130beb0cd9f12288edfee782dda10b28a2
2026-01-18T19:38:41.7497773Z Finalizing artifact upload
2026-01-18T19:38:41.8204192Z Artifact w3schools_tryit-execution-results.zip successfully finalized. Artifact ID 5170122172
2026-01-18T19:38:41.8205451Z Artifact w3schools_tryit-execution-results has been successfully uploaded! Final size is 2066 bytes. Artifact ID is 5170122172
2026-01-18T19:38:41.8215284Z Artifact download URL: https://github.com/vishvasmca-cmd/build_qa_automation/actions/runs/21116744370/artifacts/5170122172
2026-01-18T19:38:41.8355714Z Post job cleanup.
2026-01-18T19:38:41.9847015Z Cache hit occurred on the primary key setup-python-Linux-x64-24.04-Ubuntu-python-3.11.14-pip-dde08d0e0b672972dcda9f1a063036a2e0c226f5d0a20362e9401931676d80a4, not saving cache.
2026-01-18T19:38:41.9954113Z Post job cleanup.
2026-01-18T19:38:42.0936345Z [command]/usr/bin/git version
2026-01-18T19:38:42.0977584Z git version 2.52.0
2026-01-18T19:38:42.1021176Z Temporarily overriding HOME='/home/runner/work/_temp/e1475a66-6779-4093-92f1-bfe6aa444cd5' before making global git config changes
2026-01-18T19:38:42.1022936Z Adding repository directory to the temporary git global config as a safe directory
2026-01-18T19:38:42.1028014Z [command]/usr/bin/git config --global --add safe.directory /home/runner/work/build_qa_automation/build_qa_automation
2026-01-18T19:38:42.1073376Z [command]/usr/bin/git config --local --name-only --get-regexp core\.sshCommand
2026-01-18T19:38:42.1110394Z [command]/usr/bin/git submodule foreach --recursive sh -c "git config --local --name-only --get-regexp 'core\.sshCommand' && git config --local --unset-all 'core.sshCommand' || :"
2026-01-18T19:38:42.1368759Z [command]/usr/bin/git config --local --name-only --get-regexp http\.https\:\/\/github\.com\/\.extraheader
2026-01-18T19:38:42.1392925Z http.https://github.com/.extraheader
2026-01-18T19:38:42.1410832Z [command]/usr/bin/git config --local --unset-all http.https://github.com/.extraheader
2026-01-18T19:38:42.1444995Z [command]/usr/bin/git submodule foreach --recursive sh -c "git config --local --name-only --get-regexp 'http\.https\:\/\/github\.com\/\.extraheader' && git config --local --unset-all 'http.https://github.com/.extraheader' || :"
2026-01-18T19:38:42.1691428Z [command]/usr/bin/git config --local --name-only --get-regexp ^includeIf\.gitdir:
2026-01-18T19:38:42.1726302Z [command]/usr/bin/git submodule foreach --recursive git config --local --show-origin --name-only --get-regexp remote.origin.url
2026-01-18T19:38:42.2062455Z Cleaning up orphan processes
