2026-01-19T00:00:36.8777753Z Current runner version: '2.331.0'
2026-01-19T00:00:36.8801037Z ##[group]Runner Image Provisioner
2026-01-19T00:00:36.8801892Z Hosted Compute Agent
2026-01-19T00:00:36.8802450Z Version: 20251211.462
2026-01-19T00:00:36.8803039Z Commit: 6cbad8c2bb55d58165063d031ccabf57e2d2db61
2026-01-19T00:00:36.8803774Z Build Date: 2025-12-11T16:28:49Z
2026-01-19T00:00:36.8804425Z Worker ID: {9174e66c-fa6e-42be-ae2f-57794dfc5a3d}
2026-01-19T00:00:36.8805126Z ##[endgroup]
2026-01-19T00:00:36.8805692Z ##[group]Operating System
2026-01-19T00:00:36.8806234Z Ubuntu
2026-01-19T00:00:36.8806647Z 24.04.3
2026-01-19T00:00:36.8807141Z LTS
2026-01-19T00:00:36.8807626Z ##[endgroup]
2026-01-19T00:00:36.8808076Z ##[group]Runner Image
2026-01-19T00:00:36.8808682Z Image: ubuntu-24.04
2026-01-19T00:00:36.8809413Z Version: 20260111.209.1
2026-01-19T00:00:36.8810465Z Included Software: https://github.com/actions/runner-images/blob/ubuntu24/20260111.209/images/ubuntu/Ubuntu2404-Readme.md
2026-01-19T00:00:36.8812088Z Image Release: https://github.com/actions/runner-images/releases/tag/ubuntu24%2F20260111.209
2026-01-19T00:00:36.8813061Z ##[endgroup]
2026-01-19T00:00:36.8814191Z ##[group]GITHUB_TOKEN Permissions
2026-01-19T00:00:36.8815961Z Contents: read
2026-01-19T00:00:36.8816584Z Metadata: read
2026-01-19T00:00:36.8817102Z Packages: read
2026-01-19T00:00:36.8817598Z ##[endgroup]
2026-01-19T00:00:36.8819887Z Secret source: Actions
2026-01-19T00:00:36.8820617Z Prepare workflow directory
2026-01-19T00:00:37.0181822Z Prepare all required actions
2026-01-19T00:00:37.0231423Z Getting action download info
2026-01-19T00:00:37.3258722Z Download action repository 'actions/checkout@v4' (SHA:34e114876b0b11c390a56381ad16ebd13914f8d5)
2026-01-19T00:00:37.4228174Z Download action repository 'actions/setup-python@v5' (SHA:a26af69be951a213d495a4c3e4e4022e16d87065)
2026-01-19T00:00:37.5045118Z Download action repository 'actions/upload-artifact@v4' (SHA:ea165f8d65b6e75b540449e92b4886f43607fa02)
2026-01-19T00:00:37.8311111Z Complete job name: test-websites-deep (w3schools_tryit, https://www.w3schools.com/html/tryit.asp?filename=tryhtml_de...
2026-01-19T00:00:38.0469572Z ##[group]Run actions/checkout@v4
2026-01-19T00:00:38.0470543Z with:
2026-01-19T00:00:38.0471000Z   repository: vishvasmca-cmd/build_qa_automation
2026-01-19T00:00:38.0471748Z   token: ***
2026-01-19T00:00:38.0472128Z   ssh-strict: true
2026-01-19T00:00:38.0472512Z   ssh-user: git
2026-01-19T00:00:38.0472926Z   persist-credentials: true
2026-01-19T00:00:38.0473369Z   clean: true
2026-01-19T00:00:38.0473759Z   sparse-checkout-cone-mode: true
2026-01-19T00:00:38.0474228Z   fetch-depth: 1
2026-01-19T00:00:38.0474631Z   fetch-tags: false
2026-01-19T00:00:38.0475026Z   show-progress: true
2026-01-19T00:00:38.0475414Z   lfs: false
2026-01-19T00:00:38.0475766Z   submodules: false
2026-01-19T00:00:38.0476163Z   set-safe-directory: true
2026-01-19T00:00:38.0477146Z ##[endgroup]
2026-01-19T00:00:38.1549960Z Syncing repository: vishvasmca-cmd/build_qa_automation
2026-01-19T00:00:38.1551941Z ##[group]Getting Git version info
2026-01-19T00:00:38.1552858Z Working directory is '/home/runner/work/build_qa_automation/build_qa_automation'
2026-01-19T00:00:38.1553916Z [command]/usr/bin/git version
2026-01-19T00:00:38.1612080Z git version 2.52.0
2026-01-19T00:00:38.1637916Z ##[endgroup]
2026-01-19T00:00:38.1651998Z Temporarily overriding HOME='/home/runner/work/_temp/16674895-09ec-4e93-b6a7-4075a44aeab5' before making global git config changes
2026-01-19T00:00:38.1653429Z Adding repository directory to the temporary git global config as a safe directory
2026-01-19T00:00:38.1664129Z [command]/usr/bin/git config --global --add safe.directory /home/runner/work/build_qa_automation/build_qa_automation
2026-01-19T00:00:38.1699853Z Deleting the contents of '/home/runner/work/build_qa_automation/build_qa_automation'
2026-01-19T00:00:38.1703147Z ##[group]Initializing the repository
2026-01-19T00:00:38.1707470Z [command]/usr/bin/git init /home/runner/work/build_qa_automation/build_qa_automation
2026-01-19T00:00:38.1787247Z hint: Using 'master' as the name for the initial branch. This default branch name
2026-01-19T00:00:38.1788694Z hint: will change to "main" in Git 3.0. To configure the initial branch name
2026-01-19T00:00:38.1790018Z hint: to use in all of your new repositories, which will suppress this warning,
2026-01-19T00:00:38.1791034Z hint: call:
2026-01-19T00:00:38.1791661Z hint:
2026-01-19T00:00:38.1792342Z hint: 	git config --global init.defaultBranch <name>
2026-01-19T00:00:38.1792998Z hint:
2026-01-19T00:00:38.1793606Z hint: Names commonly chosen instead of 'master' are 'main', 'trunk' and
2026-01-19T00:00:38.1794637Z hint: 'development'. The just-created branch can be renamed via this command:
2026-01-19T00:00:38.1795443Z hint:
2026-01-19T00:00:38.1795856Z hint: 	git branch -m <name>
2026-01-19T00:00:38.1796549Z hint:
2026-01-19T00:00:38.1797222Z hint: Disable this message with "git config set advice.defaultBranchName false"
2026-01-19T00:00:38.1798500Z Initialized empty Git repository in /home/runner/work/build_qa_automation/build_qa_automation/.git/
2026-01-19T00:00:38.1802922Z [command]/usr/bin/git remote add origin https://github.com/vishvasmca-cmd/build_qa_automation
2026-01-19T00:00:38.1834711Z ##[endgroup]
2026-01-19T00:00:38.1835418Z ##[group]Disabling automatic garbage collection
2026-01-19T00:00:38.1838879Z [command]/usr/bin/git config --local gc.auto 0
2026-01-19T00:00:38.1865942Z ##[endgroup]
2026-01-19T00:00:38.1866641Z ##[group]Setting up auth
2026-01-19T00:00:38.1873162Z [command]/usr/bin/git config --local --name-only --get-regexp core\.sshCommand
2026-01-19T00:00:38.1902072Z [command]/usr/bin/git submodule foreach --recursive sh -c "git config --local --name-only --get-regexp 'core\.sshCommand' && git config --local --unset-all 'core.sshCommand' || :"
2026-01-19T00:00:38.2220107Z [command]/usr/bin/git config --local --name-only --get-regexp http\.https\:\/\/github\.com\/\.extraheader
2026-01-19T00:00:38.2250298Z [command]/usr/bin/git submodule foreach --recursive sh -c "git config --local --name-only --get-regexp 'http\.https\:\/\/github\.com\/\.extraheader' && git config --local --unset-all 'http.https://github.com/.extraheader' || :"
2026-01-19T00:00:38.2465806Z [command]/usr/bin/git config --local --name-only --get-regexp ^includeIf\.gitdir:
2026-01-19T00:00:38.2495271Z [command]/usr/bin/git submodule foreach --recursive git config --local --show-origin --name-only --get-regexp remote.origin.url
2026-01-19T00:00:38.2721081Z [command]/usr/bin/git config --local http.https://github.com/.extraheader AUTHORIZATION: basic ***
2026-01-19T00:00:38.2753358Z ##[endgroup]
2026-01-19T00:00:38.2754076Z ##[group]Fetching the repository
2026-01-19T00:00:38.2761512Z [command]/usr/bin/git -c protocol.version=2 fetch --no-tags --prune --no-recurse-submodules --depth=1 origin +10179ac5c7473147e4be3845796c28603a0fa5da:refs/remotes/origin/main
2026-01-19T00:00:39.1392846Z From https://github.com/vishvasmca-cmd/build_qa_automation
2026-01-19T00:00:39.1395639Z  * [new ref]         10179ac5c7473147e4be3845796c28603a0fa5da -> origin/main
2026-01-19T00:00:39.1427898Z ##[endgroup]
2026-01-19T00:00:39.1430293Z ##[group]Determining the checkout info
2026-01-19T00:00:39.1432589Z ##[endgroup]
2026-01-19T00:00:39.1435885Z [command]/usr/bin/git sparse-checkout disable
2026-01-19T00:00:39.1477687Z [command]/usr/bin/git config --local --unset-all extensions.worktreeConfig
2026-01-19T00:00:39.1505725Z ##[group]Checking out the ref
2026-01-19T00:00:39.1508902Z [command]/usr/bin/git checkout --progress --force -B main refs/remotes/origin/main
2026-01-19T00:00:39.2689929Z Switched to a new branch 'main'
2026-01-19T00:00:39.2691683Z branch 'main' set up to track 'origin/main'.
2026-01-19T00:00:39.2710314Z ##[endgroup]
2026-01-19T00:00:39.2754601Z [command]/usr/bin/git log -1 --format=%H
2026-01-19T00:00:39.2778675Z 10179ac5c7473147e4be3845796c28603a0fa5da
2026-01-19T00:00:39.4206912Z ##[group]Run actions/setup-python@v5
2026-01-19T00:00:39.4208050Z with:
2026-01-19T00:00:39.4208805Z   python-version: 3.11
2026-01-19T00:00:39.4209873Z   cache: pip
2026-01-19T00:00:39.4210929Z   check-latest: false
2026-01-19T00:00:39.4212108Z   token: ***
2026-01-19T00:00:39.4212901Z   update-environment: true
2026-01-19T00:00:39.4213865Z   allow-prereleases: false
2026-01-19T00:00:39.4214796Z   freethreaded: false
2026-01-19T00:00:39.4215631Z ##[endgroup]
2026-01-19T00:00:39.5968951Z ##[group]Installed versions
2026-01-19T00:00:39.6103833Z Successfully set up CPython (3.11.14)
2026-01-19T00:00:39.6105746Z ##[endgroup]
2026-01-19T00:00:39.6909909Z [command]/opt/hostedtoolcache/Python/3.11.14/x64/bin/pip cache dir
2026-01-19T00:00:40.0147069Z /home/runner/.cache/pip
2026-01-19T00:00:40.1833610Z Cache hit for: setup-python-Linux-x64-24.04-Ubuntu-python-3.11.14-pip-dde08d0e0b672972dcda9f1a063036a2e0c226f5d0a20362e9401931676d80a4
2026-01-19T00:00:41.2940375Z Received 159383552 of 254742636 (62.6%), 151.8 MBs/sec
2026-01-19T00:00:41.6770464Z Received 254742636 of 254742636 (100.0%), 175.5 MBs/sec
2026-01-19T00:00:41.6772589Z Cache Size: ~243 MB (254742636 B)
2026-01-19T00:00:41.6811623Z [command]/usr/bin/tar -xf /home/runner/work/_temp/dfb29b26-ecfe-4f8c-a3c7-47542e6781ff/cache.tzst -P -C /home/runner/work/build_qa_automation/build_qa_automation --use-compress-program unzstd
2026-01-19T00:00:42.0463635Z Cache restored successfully
2026-01-19T00:00:42.0947917Z Cache restored from key: setup-python-Linux-x64-24.04-Ubuntu-python-3.11.14-pip-dde08d0e0b672972dcda9f1a063036a2e0c226f5d0a20362e9401931676d80a4
2026-01-19T00:00:42.1352660Z ##[group]Run pip install -r requirements.txt
2026-01-19T00:00:42.1353097Z [36;1mpip install -r requirements.txt[0m
2026-01-19T00:00:42.1353409Z [36;1mplaywright install chromium[0m
2026-01-19T00:00:42.1393038Z shell: /usr/bin/bash -e {0}
2026-01-19T00:00:42.1393304Z env:
2026-01-19T00:00:42.1393580Z   pythonLocation: /opt/hostedtoolcache/Python/3.11.14/x64
2026-01-19T00:00:42.1394037Z   PKG_CONFIG_PATH: /opt/hostedtoolcache/Python/3.11.14/x64/lib/pkgconfig
2026-01-19T00:00:42.1394502Z   Python_ROOT_DIR: /opt/hostedtoolcache/Python/3.11.14/x64
2026-01-19T00:00:42.1394924Z   Python2_ROOT_DIR: /opt/hostedtoolcache/Python/3.11.14/x64
2026-01-19T00:00:42.1395302Z   Python3_ROOT_DIR: /opt/hostedtoolcache/Python/3.11.14/x64
2026-01-19T00:00:42.1395693Z   LD_LIBRARY_PATH: /opt/hostedtoolcache/Python/3.11.14/x64/lib
2026-01-19T00:00:42.1396013Z ##[endgroup]
2026-01-19T00:00:42.7555495Z Collecting playwright (from -r requirements.txt (line 1))
2026-01-19T00:00:42.7572619Z   Using cached playwright-1.57.0-py3-none-manylinux1_x86_64.whl.metadata (3.5 kB)
2026-01-19T00:00:42.7739820Z Collecting python-dotenv (from -r requirements.txt (line 2))
2026-01-19T00:00:42.7754379Z   Using cached python_dotenv-1.2.1-py3-none-any.whl.metadata (25 kB)
2026-01-19T00:00:42.8027657Z Collecting requests (from -r requirements.txt (line 3))
2026-01-19T00:00:42.8042261Z   Using cached requests-2.32.5-py3-none-any.whl.metadata (4.9 kB)
2026-01-19T00:00:42.9721690Z Collecting pillow (from -r requirements.txt (line 4))
2026-01-19T00:00:42.9738932Z   Using cached pillow-12.1.0-cp311-cp311-manylinux_2_27_x86_64.manylinux_2_28_x86_64.whl.metadata (8.8 kB)
2026-01-19T00:00:42.9988189Z Collecting google-genai>=0.3.0 (from -r requirements.txt (line 5))
2026-01-19T00:00:43.0001956Z   Using cached google_genai-1.59.0-py3-none-any.whl.metadata (53 kB)
2026-01-19T00:00:43.0187325Z Collecting termcolor (from -r requirements.txt (line 6))
2026-01-19T00:00:43.0200939Z   Using cached termcolor-3.3.0-py3-none-any.whl.metadata (6.5 kB)
2026-01-19T00:00:43.0538507Z Collecting PyYAML (from -r requirements.txt (line 7))
2026-01-19T00:00:43.0553496Z   Using cached pyyaml-6.0.3-cp311-cp311-manylinux2014_x86_64.manylinux_2_17_x86_64.manylinux_2_28_x86_64.whl.metadata (2.4 kB)
2026-01-19T00:00:43.1112072Z Collecting opencv-python-headless (from -r requirements.txt (line 8))
2026-01-19T00:00:43.1127156Z   Using cached opencv_python_headless-4.13.0.90-cp37-abi3-manylinux_2_28_x86_64.whl.metadata (19 kB)
2026-01-19T00:00:43.3152211Z Collecting numpy (from -r requirements.txt (line 9))
2026-01-19T00:00:43.3176459Z   Using cached numpy-2.4.1-cp311-cp311-manylinux_2_27_x86_64.manylinux_2_28_x86_64.whl.metadata (6.6 kB)
2026-01-19T00:00:43.3975529Z Collecting faker (from -r requirements.txt (line 10))
2026-01-19T00:00:43.3989585Z   Using cached faker-40.1.2-py3-none-any.whl.metadata (16 kB)
2026-01-19T00:00:43.4171795Z Collecting pyee<14,>=13 (from playwright->-r requirements.txt (line 1))
2026-01-19T00:00:43.4185045Z   Using cached pyee-13.0.0-py3-none-any.whl.metadata (2.9 kB)
2026-01-19T00:00:43.5320735Z Collecting greenlet<4.0.0,>=3.1.1 (from playwright->-r requirements.txt (line 1))
2026-01-19T00:00:43.5336083Z   Using cached greenlet-3.3.0-cp311-cp311-manylinux_2_24_x86_64.manylinux_2_28_x86_64.whl.metadata (4.1 kB)
2026-01-19T00:00:43.5501732Z Collecting typing-extensions (from pyee<14,>=13->playwright->-r requirements.txt (line 1))
2026-01-19T00:00:43.5515320Z   Using cached typing_extensions-4.15.0-py3-none-any.whl.metadata (3.3 kB)
2026-01-19T00:00:43.6274154Z Collecting charset_normalizer<4,>=2 (from requests->-r requirements.txt (line 3))
2026-01-19T00:00:43.6289032Z   Using cached charset_normalizer-3.4.4-cp311-cp311-manylinux2014_x86_64.manylinux_2_17_x86_64.manylinux_2_28_x86_64.whl.metadata (37 kB)
2026-01-19T00:00:43.6428888Z Collecting idna<4,>=2.5 (from requests->-r requirements.txt (line 3))
2026-01-19T00:00:43.6442561Z   Using cached idna-3.11-py3-none-any.whl.metadata (8.4 kB)
2026-01-19T00:00:43.6699548Z Collecting urllib3<3,>=1.21.1 (from requests->-r requirements.txt (line 3))
2026-01-19T00:00:43.6712806Z   Using cached urllib3-2.6.3-py3-none-any.whl.metadata (6.9 kB)
2026-01-19T00:00:43.6906239Z Collecting certifi>=2017.4.17 (from requests->-r requirements.txt (line 3))
2026-01-19T00:00:43.6919852Z   Using cached certifi-2026.1.4-py3-none-any.whl.metadata (2.5 kB)
2026-01-19T00:00:43.7111930Z Collecting anyio<5.0.0,>=4.8.0 (from google-genai>=0.3.0->-r requirements.txt (line 5))
2026-01-19T00:00:43.7125898Z   Using cached anyio-4.12.1-py3-none-any.whl.metadata (4.3 kB)
2026-01-19T00:00:43.7478245Z Collecting google-auth<3.0.0,>=2.47.0 (from google-auth[requests]<3.0.0,>=2.47.0->google-genai>=0.3.0->-r requirements.txt (line 5))
2026-01-19T00:00:43.7492215Z   Using cached google_auth-2.47.0-py3-none-any.whl.metadata (6.4 kB)
2026-01-19T00:00:43.7720495Z Collecting httpx<1.0.0,>=0.28.1 (from google-genai>=0.3.0->-r requirements.txt (line 5))
2026-01-19T00:00:43.7733642Z   Using cached httpx-0.28.1-py3-none-any.whl.metadata (7.1 kB)
2026-01-19T00:00:43.9072997Z Collecting pydantic<3.0.0,>=2.9.0 (from google-genai>=0.3.0->-r requirements.txt (line 5))
2026-01-19T00:00:43.9087461Z   Using cached pydantic-2.12.5-py3-none-any.whl.metadata (90 kB)
2026-01-19T00:00:43.9354734Z Collecting tenacity<9.2.0,>=8.2.3 (from google-genai>=0.3.0->-r requirements.txt (line 5))
2026-01-19T00:00:43.9367513Z   Using cached tenacity-9.1.2-py3-none-any.whl.metadata (1.2 kB)
2026-01-19T00:00:44.0200451Z Collecting websockets<15.1.0,>=13.0.0 (from google-genai>=0.3.0->-r requirements.txt (line 5))
2026-01-19T00:00:44.0214818Z   Using cached websockets-15.0.1-cp311-cp311-manylinux_2_5_x86_64.manylinux1_x86_64.manylinux_2_17_x86_64.manylinux2014_x86_64.whl.metadata (6.8 kB)
2026-01-19T00:00:44.0353504Z Collecting distro<2,>=1.7.0 (from google-genai>=0.3.0->-r requirements.txt (line 5))
2026-01-19T00:00:44.0365933Z   Using cached distro-1.9.0-py3-none-any.whl.metadata (6.8 kB)
2026-01-19T00:00:44.0456058Z Collecting sniffio (from google-genai>=0.3.0->-r requirements.txt (line 5))
2026-01-19T00:00:44.0469608Z   Using cached sniffio-1.3.1-py3-none-any.whl.metadata (3.9 kB)
2026-01-19T00:00:44.0718504Z Collecting pyasn1-modules>=0.2.1 (from google-auth<3.0.0,>=2.47.0->google-auth[requests]<3.0.0,>=2.47.0->google-genai>=0.3.0->-r requirements.txt (line 5))
2026-01-19T00:00:44.0730930Z   Using cached pyasn1_modules-0.4.2-py3-none-any.whl.metadata (3.5 kB)
2026-01-19T00:00:44.0873654Z Collecting rsa<5,>=3.1.4 (from google-auth<3.0.0,>=2.47.0->google-auth[requests]<3.0.0,>=2.47.0->google-genai>=0.3.0->-r requirements.txt (line 5))
2026-01-19T00:00:44.0886095Z   Using cached rsa-4.9.1-py3-none-any.whl.metadata (5.6 kB)
2026-01-19T00:00:44.1243414Z Collecting httpcore==1.* (from httpx<1.0.0,>=0.28.1->google-genai>=0.3.0->-r requirements.txt (line 5))
2026-01-19T00:00:44.1256186Z   Using cached httpcore-1.0.9-py3-none-any.whl.metadata (21 kB)
2026-01-19T00:00:44.2067679Z Collecting h11>=0.16 (from httpcore==1.*->httpx<1.0.0,>=0.28.1->google-genai>=0.3.0->-r requirements.txt (line 5))
2026-01-19T00:00:44.2081270Z   Using cached h11-0.16.0-py3-none-any.whl.metadata (8.3 kB)
2026-01-19T00:00:44.2398166Z Collecting annotated-types>=0.6.0 (from pydantic<3.0.0,>=2.9.0->google-genai>=0.3.0->-r requirements.txt (line 5))
2026-01-19T00:00:44.2411736Z   Using cached annotated_types-0.7.0-py3-none-any.whl.metadata (15 kB)
2026-01-19T00:00:44.9001515Z Collecting pydantic-core==2.41.5 (from pydantic<3.0.0,>=2.9.0->google-genai>=0.3.0->-r requirements.txt (line 5))
2026-01-19T00:00:44.9017338Z   Using cached pydantic_core-2.41.5-cp311-cp311-manylinux_2_17_x86_64.manylinux2014_x86_64.whl.metadata (7.3 kB)
2026-01-19T00:00:44.9131636Z Collecting typing-inspection>=0.4.2 (from pydantic<3.0.0,>=2.9.0->google-genai>=0.3.0->-r requirements.txt (line 5))
2026-01-19T00:00:44.9145023Z   Using cached typing_inspection-0.4.2-py3-none-any.whl.metadata (2.6 kB)
2026-01-19T00:00:44.9829435Z Collecting pyasn1>=0.1.3 (from rsa<5,>=3.1.4->google-auth<3.0.0,>=2.47.0->google-auth[requests]<3.0.0,>=2.47.0->google-genai>=0.3.0->-r requirements.txt (line 5))
2026-01-19T00:00:44.9844759Z   Using cached pyasn1-0.6.2-py3-none-any.whl.metadata (8.4 kB)
2026-01-19T00:00:45.0101877Z Using cached playwright-1.57.0-py3-none-manylinux1_x86_64.whl (46.0 MB)
2026-01-19T00:00:45.0440439Z Using cached greenlet-3.3.0-cp311-cp311-manylinux_2_24_x86_64.manylinux_2_28_x86_64.whl (590 kB)
2026-01-19T00:00:45.0457308Z Using cached pyee-13.0.0-py3-none-any.whl (15 kB)
2026-01-19T00:00:45.0470917Z Using cached python_dotenv-1.2.1-py3-none-any.whl (21 kB)
2026-01-19T00:00:45.0484210Z Using cached requests-2.32.5-py3-none-any.whl (64 kB)
2026-01-19T00:00:45.0498702Z Using cached charset_normalizer-3.4.4-cp311-cp311-manylinux2014_x86_64.manylinux_2_17_x86_64.manylinux_2_28_x86_64.whl (151 kB)
2026-01-19T00:00:45.0512743Z Using cached idna-3.11-py3-none-any.whl (71 kB)
2026-01-19T00:00:45.0526145Z Using cached urllib3-2.6.3-py3-none-any.whl (131 kB)
2026-01-19T00:00:45.0540278Z Using cached pillow-12.1.0-cp311-cp311-manylinux_2_27_x86_64.manylinux_2_28_x86_64.whl (7.0 MB)
2026-01-19T00:00:45.0603442Z Using cached google_genai-1.59.0-py3-none-any.whl (719 kB)
2026-01-19T00:00:45.0621462Z Using cached anyio-4.12.1-py3-none-any.whl (113 kB)
2026-01-19T00:00:45.0635061Z Using cached distro-1.9.0-py3-none-any.whl (20 kB)
2026-01-19T00:00:45.0648137Z Using cached google_auth-2.47.0-py3-none-any.whl (234 kB)
2026-01-19T00:00:45.0662747Z Using cached httpx-0.28.1-py3-none-any.whl (73 kB)
2026-01-19T00:00:45.0675971Z Using cached httpcore-1.0.9-py3-none-any.whl (78 kB)
2026-01-19T00:00:45.0689554Z Using cached pydantic-2.12.5-py3-none-any.whl (463 kB)
2026-01-19T00:00:45.0706327Z Using cached pydantic_core-2.41.5-cp311-cp311-manylinux_2_17_x86_64.manylinux2014_x86_64.whl (2.1 MB)
2026-01-19T00:00:45.0733867Z Using cached rsa-4.9.1-py3-none-any.whl (34 kB)
2026-01-19T00:00:45.0746916Z Using cached tenacity-9.1.2-py3-none-any.whl (28 kB)
2026-01-19T00:00:45.0760083Z Using cached typing_extensions-4.15.0-py3-none-any.whl (44 kB)
2026-01-19T00:00:45.0774203Z Using cached websockets-15.0.1-cp311-cp311-manylinux_2_5_x86_64.manylinux1_x86_64.manylinux_2_17_x86_64.manylinux2014_x86_64.whl (182 kB)
2026-01-19T00:00:45.0787780Z Using cached termcolor-3.3.0-py3-none-any.whl (7.7 kB)
2026-01-19T00:00:45.0801513Z Using cached pyyaml-6.0.3-cp311-cp311-manylinux2014_x86_64.manylinux_2_17_x86_64.manylinux_2_28_x86_64.whl (806 kB)
2026-01-19T00:00:45.0820026Z Using cached opencv_python_headless-4.13.0.90-cp37-abi3-manylinux_2_28_x86_64.whl (62.5 MB)
2026-01-19T00:00:45.1274022Z Using cached numpy-2.4.1-cp311-cp311-manylinux_2_27_x86_64.manylinux_2_28_x86_64.whl (16.7 MB)
2026-01-19T00:00:45.1408188Z Using cached faker-40.1.2-py3-none-any.whl (2.0 MB)
2026-01-19T00:00:45.1434910Z Using cached annotated_types-0.7.0-py3-none-any.whl (13 kB)
2026-01-19T00:00:45.1448525Z Using cached certifi-2026.1.4-py3-none-any.whl (152 kB)
2026-01-19T00:00:45.1462733Z Using cached h11-0.16.0-py3-none-any.whl (37 kB)
2026-01-19T00:00:45.1475883Z Using cached pyasn1-0.6.2-py3-none-any.whl (83 kB)
2026-01-19T00:00:45.1489660Z Using cached pyasn1_modules-0.4.2-py3-none-any.whl (181 kB)
2026-01-19T00:00:45.1504117Z Using cached typing_inspection-0.4.2-py3-none-any.whl (14 kB)
2026-01-19T00:00:45.1517266Z Using cached sniffio-1.3.1-py3-none-any.whl (10 kB)
2026-01-19T00:00:45.3554660Z Installing collected packages: websockets, urllib3, typing-extensions, termcolor, tenacity, sniffio, PyYAML, python-dotenv, pyasn1, pillow, numpy, idna, h11, greenlet, faker, distro, charset_normalizer, certifi, annotated-types, typing-inspection, rsa, requests, pyee, pydantic-core, pyasn1-modules, opencv-python-headless, httpcore, anyio, pydantic, playwright, httpx, google-auth, google-genai
2026-01-19T00:00:52.1022117Z 
2026-01-19T00:00:52.1045222Z Successfully installed PyYAML-6.0.3 annotated-types-0.7.0 anyio-4.12.1 certifi-2026.1.4 charset_normalizer-3.4.4 distro-1.9.0 faker-40.1.2 google-auth-2.47.0 google-genai-1.59.0 greenlet-3.3.0 h11-0.16.0 httpcore-1.0.9 httpx-0.28.1 idna-3.11 numpy-2.4.1 opencv-python-headless-4.13.0.90 pillow-12.1.0 playwright-1.57.0 pyasn1-0.6.2 pyasn1-modules-0.4.2 pydantic-2.12.5 pydantic-core-2.41.5 pyee-13.0.0 python-dotenv-1.2.1 requests-2.32.5 rsa-4.9.1 sniffio-1.3.1 tenacity-9.1.2 termcolor-3.3.0 typing-extensions-4.15.0 typing-inspection-0.4.2 urllib3-2.6.3 websockets-15.0.1
2026-01-19T00:00:52.7190342Z Downloading Chromium 143.0.7499.4 (playwright build v1200) from https://cdn.playwright.dev/dbazure/download/playwright/builds/chromium/1200/chromium-linux.zip
2026-01-19T00:00:52.8163091Z (node:2228) [DEP0169] DeprecationWarning: `url.parse()` behavior is not standardized and prone to errors that have security implications. Use the WHATWG URL API instead. CVEs are not issued for `url.parse()` vulnerabilities.
2026-01-19T00:00:52.8164442Z (Use `node --trace-deprecation ...` to show where the warning was created)
2026-01-19T00:00:52.9099943Z |                                                                                |   0% of 164.7 MiB
2026-01-19T00:00:53.0955520Z |■■■■■■■■                                                                        |  10% of 164.7 MiB
2026-01-19T00:00:53.3486770Z |■■■■■■■■■■■■■■■■                                                                |  20% of 164.7 MiB
2026-01-19T00:00:53.4861258Z |■■■■■■■■■■■■■■■■■■■■■■■■                                                        |  30% of 164.7 MiB
2026-01-19T00:00:53.6686740Z |■■■■■■■■■■■■■■■■■■■■■■■■■■■■■■■■                                                |  40% of 164.7 MiB
2026-01-19T00:00:53.8087679Z |■■■■■■■■■■■■■■■■■■■■■■■■■■■■■■■■■■■■■■■■                                        |  50% of 164.7 MiB
2026-01-19T00:00:54.0555288Z |■■■■■■■■■■■■■■■■■■■■■■■■■■■■■■■■■■■■■■■■■■■■■■■■                                |  60% of 164.7 MiB
2026-01-19T00:00:54.2003964Z |■■■■■■■■■■■■■■■■■■■■■■■■■■■■■■■■■■■■■■■■■■■■■■■■■■■■■■■■                        |  70% of 164.7 MiB
2026-01-19T00:00:54.3650781Z |■■■■■■■■■■■■■■■■■■■■■■■■■■■■■■■■■■■■■■■■■■■■■■■■■■■■■■■■■■■■■■■■                |  80% of 164.7 MiB
2026-01-19T00:00:54.6242851Z |■■■■■■■■■■■■■■■■■■■■■■■■■■■■■■■■■■■■■■■■■■■■■■■■■■■■■■■■■■■■■■■■■■■■■■■■        |  90% of 164.7 MiB
2026-01-19T00:00:54.8011997Z |■■■■■■■■■■■■■■■■■■■■■■■■■■■■■■■■■■■■■■■■■■■■■■■■■■■■■■■■■■■■■■■■■■■■■■■■■■■■■■■■| 100% of 164.7 MiB
2026-01-19T00:00:57.3204420Z Chromium 143.0.7499.4 (playwright build v1200) downloaded to /home/runner/.cache/ms-playwright/chromium-1200
2026-01-19T00:00:57.3209028Z Downloading FFMPEG playwright build v1011 from https://cdn.playwright.dev/dbazure/download/playwright/builds/ffmpeg/1011/ffmpeg-linux.zip
2026-01-19T00:00:57.4179455Z (node:2239) [DEP0169] DeprecationWarning: `url.parse()` behavior is not standardized and prone to errors that have security implications. Use the WHATWG URL API instead. CVEs are not issued for `url.parse()` vulnerabilities.
2026-01-19T00:00:57.4181198Z (Use `node --trace-deprecation ...` to show where the warning was created)
2026-01-19T00:00:57.4596166Z |                                                                                |   0% of 2.3 MiB
2026-01-19T00:00:57.4636480Z |■■■■■■■■                                                                        |  10% of 2.3 MiB
2026-01-19T00:00:57.4670102Z |■■■■■■■■■■■■■■■■                                                                |  20% of 2.3 MiB
2026-01-19T00:00:57.4683816Z |■■■■■■■■■■■■■■■■■■■■■■■■                                                        |  30% of 2.3 MiB
2026-01-19T00:00:57.4752758Z |■■■■■■■■■■■■■■■■■■■■■■■■■■■■■■■■                                                |  40% of 2.3 MiB
2026-01-19T00:00:57.4825497Z |■■■■■■■■■■■■■■■■■■■■■■■■■■■■■■■■■■■■■■■■                                        |  50% of 2.3 MiB
2026-01-19T00:00:57.4947757Z |■■■■■■■■■■■■■■■■■■■■■■■■■■■■■■■■■■■■■■■■■■■■■■■■                                |  60% of 2.3 MiB
2026-01-19T00:00:57.4974803Z |■■■■■■■■■■■■■■■■■■■■■■■■■■■■■■■■■■■■■■■■■■■■■■■■■■■■■■■■                        |  70% of 2.3 MiB
2026-01-19T00:00:57.5028769Z |■■■■■■■■■■■■■■■■■■■■■■■■■■■■■■■■■■■■■■■■■■■■■■■■■■■■■■■■■■■■■■■■                |  80% of 2.3 MiB
2026-01-19T00:00:57.5119736Z |■■■■■■■■■■■■■■■■■■■■■■■■■■■■■■■■■■■■■■■■■■■■■■■■■■■■■■■■■■■■■■■■■■■■■■■■        |  90% of 2.3 MiB
2026-01-19T00:00:57.5166032Z |■■■■■■■■■■■■■■■■■■■■■■■■■■■■■■■■■■■■■■■■■■■■■■■■■■■■■■■■■■■■■■■■■■■■■■■■■■■■■■■■| 100% of 2.3 MiB
2026-01-19T00:00:57.5719653Z FFMPEG playwright build v1011 downloaded to /home/runner/.cache/ms-playwright/ffmpeg-1011
2026-01-19T00:00:57.5723093Z Downloading Chromium Headless Shell 143.0.7499.4 (playwright build v1200) from https://cdn.playwright.dev/dbazure/download/playwright/builds/chromium/1200/chromium-headless-shell-linux.zip
2026-01-19T00:00:57.6685672Z (node:2250) [DEP0169] DeprecationWarning: `url.parse()` behavior is not standardized and prone to errors that have security implications. Use the WHATWG URL API instead. CVEs are not issued for `url.parse()` vulnerabilities.
2026-01-19T00:00:57.6687644Z (Use `node --trace-deprecation ...` to show where the warning was created)
2026-01-19T00:00:57.7563984Z |                                                                                |   0% of 109.7 MiB
2026-01-19T00:00:57.9292545Z |■■■■■■■■                                                                        |  10% of 109.7 MiB
2026-01-19T00:00:58.0728321Z |■■■■■■■■■■■■■■■■                                                                |  20% of 109.7 MiB
2026-01-19T00:00:58.2240250Z |■■■■■■■■■■■■■■■■■■■■■■■■                                                        |  30% of 109.7 MiB
2026-01-19T00:00:58.3342352Z |■■■■■■■■■■■■■■■■■■■■■■■■■■■■■■■■                                                |  40% of 109.7 MiB
2026-01-19T00:00:58.4531036Z |■■■■■■■■■■■■■■■■■■■■■■■■■■■■■■■■■■■■■■■■                                        |  50% of 109.7 MiB
2026-01-19T00:00:58.5623885Z |■■■■■■■■■■■■■■■■■■■■■■■■■■■■■■■■■■■■■■■■■■■■■■■■                                |  60% of 109.7 MiB
2026-01-19T00:00:58.6739970Z |■■■■■■■■■■■■■■■■■■■■■■■■■■■■■■■■■■■■■■■■■■■■■■■■■■■■■■■■                        |  70% of 109.7 MiB
2026-01-19T00:00:58.8001865Z |■■■■■■■■■■■■■■■■■■■■■■■■■■■■■■■■■■■■■■■■■■■■■■■■■■■■■■■■■■■■■■■■                |  80% of 109.7 MiB
2026-01-19T00:00:58.9208619Z |■■■■■■■■■■■■■■■■■■■■■■■■■■■■■■■■■■■■■■■■■■■■■■■■■■■■■■■■■■■■■■■■■■■■■■■■        |  90% of 109.7 MiB
2026-01-19T00:00:59.0740761Z |■■■■■■■■■■■■■■■■■■■■■■■■■■■■■■■■■■■■■■■■■■■■■■■■■■■■■■■■■■■■■■■■■■■■■■■■■■■■■■■■| 100% of 109.7 MiB
2026-01-19T00:01:00.9286179Z Chromium Headless Shell 143.0.7499.4 (playwright build v1200) downloaded to /home/runner/.cache/ms-playwright/chromium_headless_shell-1200
2026-01-19T00:01:00.9663955Z ##[group]Run mkdir -p projects/ci_w3schools_tryit
2026-01-19T00:01:00.9664383Z [36;1mmkdir -p projects/ci_w3schools_tryit[0m
2026-01-19T00:01:00.9664792Z [36;1mcat > projects/ci_w3schools_tryit/config.json << 'EOF'[0m
2026-01-19T00:01:00.9665113Z [36;1m{[0m
2026-01-19T00:01:00.9665336Z [36;1m  "project_name": "ci_w3schools_tryit",[0m
2026-01-19T00:01:00.9665796Z [36;1m  "target_url": "https://www.w3schools.com/html/tryit.asp?filename=tryhtml_default",[0m
2026-01-19T00:01:00.9666235Z [36;1m  "goal": "Test HTML editor",[0m
2026-01-19T00:01:00.9666490Z [36;1m  "headless": true[0m
2026-01-19T00:01:00.9666709Z [36;1m}[0m
2026-01-19T00:01:00.9666882Z [36;1mEOF[0m
2026-01-19T00:01:00.9698823Z shell: /usr/bin/bash -e {0}
2026-01-19T00:01:00.9699074Z env:
2026-01-19T00:01:00.9699448Z   pythonLocation: /opt/hostedtoolcache/Python/3.11.14/x64
2026-01-19T00:01:00.9699879Z   PKG_CONFIG_PATH: /opt/hostedtoolcache/Python/3.11.14/x64/lib/pkgconfig
2026-01-19T00:01:00.9700342Z   Python_ROOT_DIR: /opt/hostedtoolcache/Python/3.11.14/x64
2026-01-19T00:01:00.9700736Z   Python2_ROOT_DIR: /opt/hostedtoolcache/Python/3.11.14/x64
2026-01-19T00:01:00.9701108Z   Python3_ROOT_DIR: /opt/hostedtoolcache/Python/3.11.14/x64
2026-01-19T00:01:00.9701484Z   LD_LIBRARY_PATH: /opt/hostedtoolcache/Python/3.11.14/x64/lib
2026-01-19T00:01:00.9701798Z ##[endgroup]
2026-01-19T00:01:00.9867627Z ##[group]Run # Use --deep for comprehensive regression suite
2026-01-19T00:01:00.9868109Z [36;1m# Use --deep for comprehensive regression suite[0m
2026-01-19T00:01:00.9868577Z [36;1mpython orchestrator.py --project projects/ci_w3schools_tryit --deep --force[0m
2026-01-19T00:01:00.9898039Z shell: /usr/bin/bash -e {0}
2026-01-19T00:01:00.9898283Z env:
2026-01-19T00:01:00.9898544Z   pythonLocation: /opt/hostedtoolcache/Python/3.11.14/x64
2026-01-19T00:01:00.9898977Z   PKG_CONFIG_PATH: /opt/hostedtoolcache/Python/3.11.14/x64/lib/pkgconfig
2026-01-19T00:01:00.9899629Z   Python_ROOT_DIR: /opt/hostedtoolcache/Python/3.11.14/x64
2026-01-19T00:01:00.9900001Z   Python2_ROOT_DIR: /opt/hostedtoolcache/Python/3.11.14/x64
2026-01-19T00:01:00.9900543Z   Python3_ROOT_DIR: /opt/hostedtoolcache/Python/3.11.14/x64
2026-01-19T00:01:00.9900916Z   LD_LIBRARY_PATH: /opt/hostedtoolcache/Python/3.11.14/x64/lib
2026-01-19T00:01:00.9901736Z   GOOGLE_API_KEY: ***
2026-01-19T00:01:00.9902000Z   PYTHONPATH: .
2026-01-19T00:01:00.9902197Z ##[endgroup]
2026-01-19T00:01:02.7757584Z 🚀 [DEEP] Extensive mapping enabled (Depth: 3, Pages: 50)
2026-01-19T00:01:02.7758092Z 
2026-01-19T00:01:02.7759051Z 🗺️ [DISCOVERY] Starting Parallel Semantic Crawl on https://www.w3schools.com/html/tryit.asp?filename=tryhtml_default (Workers: 3)
2026-01-19T00:01:03.1950361Z   🔍 [Worker 0] Visiting (0): https://www.w3schools.com/html/tryit.asp?filename=tryhtml_default
2026-01-19T00:01:04.6471495Z [DEBUG] Sending request to gemini-2.0-flash. Number of parts: 1
2026-01-19T00:01:04.6472245Z [DEBUG] Received response (Length: 239)
2026-01-19T00:01:04.6473317Z   🔍 [Worker 1] Visiting (1): https://www.w3schools.com/spaces
2026-01-19T00:01:04.6481533Z   🔍 [Worker 2] Visiting (1): https://www.w3schools.com/about/about_copyright.asp
2026-01-19T00:01:04.6598371Z   🔍 [Worker 0] Visiting (1): https://www.w3schools.com/about/about_privacy.asp
2026-01-19T00:01:09.4376966Z [DEBUG] Sending request to gemini-2.0-flash. Number of parts: 1
2026-01-19T00:01:09.4378333Z [DEBUG] Sending request to gemini-2.0-flash. Number of parts: 1
2026-01-19T00:01:09.4379663Z [DEBUG] Sending request to gemini-2.0-flash. Number of parts: 1
2026-01-19T00:01:09.4393480Z [DEBUG] Received response (Length: 262)
2026-01-19T00:01:09.4394502Z   🔍 [Worker 0] Visiting (1): https://spaces.w3schools.com
2026-01-19T00:01:09.4726242Z [DEBUG] Received response (Length: 287)
2026-01-19T00:01:09.4726987Z [DEBUG] Received response (Length: 431)
2026-01-19T00:01:09.4727984Z   🔍 [Worker 1] Visiting (1): https://www.w3schools.com
2026-01-19T00:01:09.4850229Z   🔍 [Worker 2] Visiting (2): https://www.w3schools.com/xml/default.asp
2026-01-19T00:02:14.9927198Z [DEBUG] Sending request to gemini-2.0-flash. Number of parts: 1
2026-01-19T00:02:14.9930451Z [DEBUG] Sending request to gemini-2.0-flash. Number of parts: 1
2026-01-19T00:02:14.9931236Z [DEBUG] Sending request to gemini-2.0-flash. Number of parts: 1
2026-01-19T00:02:14.9933247Z [DEBUG] LLM Error: 429 RESOURCE_EXHAUSTED. {'error': {'code': 429, 'message': 'Resource exhausted. Please try again later. Please refer to https://cloud.google.com/vertex-ai/generative-ai/docs/error-code-429 for more details.', 'status': 'RESOURCE_EXHAUSTED'}}
2026-01-19T00:02:14.9935482Z ⚠️ 429 Rate Limit Hit. Cooling down for 60s...
2026-01-19T00:02:14.9937349Z [DEBUG] LLM Error: 429 RESOURCE_EXHAUSTED. {'error': {'code': 429, 'message': 'Resource exhausted. Please try again later. Please refer to https://cloud.google.com/vertex-ai/generative-ai/docs/error-code-429 for more details.', 'status': 'RESOURCE_EXHAUSTED'}}
2026-01-19T00:02:14.9939543Z ⚠️ 429 Rate Limit Hit. Cooling down for 60s...
2026-01-19T00:02:14.9941373Z [DEBUG] LLM Error: 429 RESOURCE_EXHAUSTED. {'error': {'code': 429, 'message': 'Resource exhausted. Please try again later. Please refer to https://cloud.google.com/vertex-ai/generative-ai/docs/error-code-429 for more details.', 'status': 'RESOURCE_EXHAUSTED'}}
2026-01-19T00:02:14.9943449Z ⚠️ 429 Rate Limit Hit. Cooling down for 60s...
2026-01-19T00:02:14.9944579Z [DEBUG] Sending request to gemini-2.0-flash. Number of parts: 1
2026-01-19T00:02:14.9945284Z [DEBUG] Received response (Length: 355)
2026-01-19T00:02:14.9946128Z   🔍 [Worker 2] Visiting (2): https://www.w3schools.com/icons/icons_reference.asp
2026-01-19T00:02:19.6829790Z [DEBUG] Sending request to gemini-2.0-flash. Number of parts: 1
2026-01-19T00:02:19.6830547Z [DEBUG] Sending request to gemini-2.0-flash. Number of parts: 1
2026-01-19T00:02:19.6831229Z [DEBUG] Sending request to gemini-2.0-flash. Number of parts: 1
2026-01-19T00:02:19.6831895Z [DEBUG] Received response (Length: 163)
2026-01-19T00:02:19.6832899Z   🔍 [Worker 0] Visiting (2): https://www.w3schools.com/go/go_exercises.php
2026-01-19T00:02:20.0455968Z [DEBUG] Sending request to gemini-2.0-flash. Number of parts: 1
2026-01-19T00:02:20.0458237Z [DEBUG] Received response (Length: 405)
2026-01-19T00:02:20.0459806Z   🔍 [Worker 2] Visiting (2): https://www.w3schools.com/angular/angularjs_ref_directives.asp
2026-01-19T00:02:20.1614899Z [DEBUG] Received response (Length: 501)
2026-01-19T00:02:20.1626643Z   🔍 [Worker 1] Visiting (2): https://www.w3schools.com/js/js_exercises.asp
2026-01-19T00:02:22.0670510Z [DEBUG] Received response (Length: 296)
2026-01-19T00:02:22.0673029Z   🔍 [Worker 0] Visiting (2): https://campus.w3schools.com/collections/course-catalog/products/javascript-course
2026-01-19T00:02:25.5399049Z [DEBUG] Sending request to gemini-2.0-flash. Number of parts: 1
2026-01-19T00:02:25.5400066Z [DEBUG] Sending request to gemini-2.0-flash. Number of parts: 1
2026-01-19T00:02:25.5400792Z [DEBUG] Sending request to gemini-2.0-flash. Number of parts: 1
2026-01-19T00:02:25.5401408Z [DEBUG] Received response (Length: 184)
2026-01-19T00:02:25.5402434Z   🔍 [Worker 2] Visiting (2): https://www.w3schools.com/sass/default.asp
2026-01-19T00:02:25.6469849Z [DEBUG] Received response (Length: 324)
2026-01-19T00:02:25.6471374Z   🔍 [Worker 1] Visiting (2): https://www.w3schools.com/forum/index.php
2026-01-19T00:02:25.8688720Z [DEBUG] Received response (Length: 320)
2026-01-19T00:02:25.8698668Z   🔍 [Worker 0] Visiting (2): https://www.w3schools.com/gen_ai/chatgpt-3-5/index.php
2026-01-19T00:02:27.0710139Z [DEBUG] Sending request to gemini-2.0-flash. Number of parts: 1
2026-01-19T00:02:27.0710823Z [DEBUG] Received response (Length: 438)
2026-01-19T00:02:27.0712011Z   🔍 [Worker 0] Visiting (2): https://campus.w3schools.com/products/pandas-certification-exam
2026-01-19T00:02:31.7316538Z [DEBUG] Sending request to gemini-2.0-flash. Number of parts: 1
2026-01-19T00:02:31.7317735Z [DEBUG] Sending request to gemini-2.0-flash. Number of parts: 1
2026-01-19T00:02:31.7318556Z [DEBUG] Sending request to gemini-2.0-flash. Number of parts: 1
2026-01-19T00:02:31.7319805Z [DEBUG] Received response (Length: 214)
2026-01-19T00:02:31.7321168Z   🔍 [Worker 0] Visiting (2): https://www.w3schools.com/css/default.asp
2026-01-19T00:02:31.7891221Z [DEBUG] Received response (Length: 182)
2026-01-19T00:02:31.7892371Z   🔍 [Worker 2] Visiting (2): https://www.w3schools.com/c/c_exercises.php
2026-01-19T00:02:32.0874979Z [DEBUG] Received response (Length: 443)
2026-01-19T00:02:32.0882170Z   🔍 [Worker 1] Visiting (2): https://www.w3schools.com/bash/bash_exercises.php
2026-01-19T00:02:36.9165176Z [DEBUG] Sending request to gemini-2.0-flash. Number of parts: 1
2026-01-19T00:02:36.9166836Z [DEBUG] Sending request to gemini-2.0-flash. Number of parts: 1
2026-01-19T00:02:36.9169079Z [DEBUG] Sending request to gemini-2.0-flash. Number of parts: 1
2026-01-19T00:02:36.9169976Z [DEBUG] Received response (Length: 225)
2026-01-19T00:02:36.9170937Z   🔍 [Worker 0] Visiting (2): https://pathfinder.w3schools.com
2026-01-19T00:02:36.9932217Z [DEBUG] Received response (Length: 273)
2026-01-19T00:02:36.9936565Z   🔍 [Worker 1] Visiting (2): https://www.w3schools.com/w3js/w3js_references.asp
2026-01-19T00:02:37.1564789Z [DEBUG] Received response (Length: 424)
2026-01-19T00:02:37.1566845Z   🔍 [Worker 2] Visiting (2): https://campus.w3schools.com/collections/certifications/products/typescript-certificate
2026-01-19T00:02:38.2034585Z [DEBUG] Sending request to gemini-2.0-flash. Number of parts: 1
2026-01-19T00:02:38.2035303Z [DEBUG] Received response (Length: 405)
2026-01-19T00:02:38.2036387Z   🔍 [Worker 0] Visiting (2): https://www.w3schools.com/colors/colors_picker.asp
2026-01-19T00:02:43.0269605Z [DEBUG] Sending request to gemini-2.0-flash. Number of parts: 1
2026-01-19T00:02:43.0270424Z [DEBUG] Sending request to gemini-2.0-flash. Number of parts: 1
2026-01-19T00:02:43.0271174Z [DEBUG] Sending request to gemini-2.0-flash. Number of parts: 1
2026-01-19T00:02:43.0271806Z [DEBUG] Received response (Length: 214)
2026-01-19T00:02:43.0272846Z   🔍 [Worker 2] Visiting (2): https://www.w3schools.com/html/html_quiz.asp
2026-01-19T00:02:43.0623075Z [DEBUG] Received response (Length: 309)
2026-01-19T00:02:43.0637329Z   🔍 [Worker 1] Visiting (2): https://www.w3schools.com/css/css_rwd_intro.asp
2026-01-19T00:02:43.0981013Z [DEBUG] Received response (Length: 321)
2026-01-19T00:02:43.0983613Z   🔍 [Worker 0] Visiting (2): https://campus.w3schools.com/collections/certifications/products/modern-web-development-certification
2026-01-19T00:02:48.0034013Z [DEBUG] Sending request to gemini-2.0-flash. Number of parts: 1
2026-01-19T00:02:48.0036186Z [DEBUG] Sending request to gemini-2.0-flash. Number of parts: 1
2026-01-19T00:02:48.0036954Z [DEBUG] Sending request to gemini-2.0-flash. Number of parts: 1
2026-01-19T00:02:48.0037600Z [DEBUG] Received response (Length: 255)
2026-01-19T00:02:48.0038612Z   🔍 [Worker 1] Visiting (2): https://www.w3schools.com/css/css_quiz.asp
2026-01-19T00:02:48.0647319Z [DEBUG] Received response (Length: 350)
2026-01-19T00:02:48.0648882Z   🔍 [Worker 0] Visiting (2): https://www.w3schools.com/js/js_ajax_intro.asp
2026-01-19T00:02:48.2893252Z [DEBUG] Received response (Length: 433)
2026-01-19T00:02:48.2896207Z   🔍 [Worker 2] Visiting (2): https://campus.w3schools.com/collections/course-catalog/products/w3schools-full-access-course
2026-01-19T00:02:52.9482287Z [DEBUG] Sending request to gemini-2.0-flash. Number of parts: 1
2026-01-19T00:02:52.9484294Z [DEBUG] Sending request to gemini-2.0-flash. Number of parts: 1
2026-01-19T00:02:52.9485002Z [DEBUG] Sending request to gemini-2.0-flash. Number of parts: 1
2026-01-19T00:02:52.9485586Z [DEBUG] Received response (Length: 262)
2026-01-19T00:02:52.9486053Z [DEBUG] Received response (Length: 344)
2026-01-19T00:02:52.9486972Z   🔍 [Worker 2] Visiting (2): https://www.w3schools.com/c/index.php
2026-01-19T00:02:52.9678329Z   🔍 [Worker 0] Visiting (2): https://www.w3schools.com/graphics/canvas_intro.asp
2026-01-19T00:02:53.0231000Z [DEBUG] Received response (Length: 283)
2026-01-19T00:02:53.0232510Z   🔍 [Worker 1] Visiting (2): https://campus.w3schools.com/collections/certifications/products/jquery-certificate
2026-01-19T00:02:54.1989070Z [DEBUG] Sending request to gemini-2.0-flash. Number of parts: 1
2026-01-19T00:02:54.1990632Z [DEBUG] Received response (Length: 409)
2026-01-19T00:02:54.1992285Z   🔍 [Worker 0] Visiting (2): https://www.w3schools.com/bootstrap/bootstrap_examples.asp
2026-01-19T00:02:59.0355143Z [DEBUG] Sending request to gemini-2.0-flash. Number of parts: 1
2026-01-19T00:02:59.0356336Z [DEBUG] Sending request to gemini-2.0-flash. Number of parts: 1
2026-01-19T00:02:59.0357396Z [DEBUG] Sending request to gemini-2.0-flash. Number of parts: 1
2026-01-19T00:02:59.0359694Z [DEBUG] Received response (Length: 293)
2026-01-19T00:02:59.0360970Z   🔍 [Worker 0] Visiting (2): https://www.w3schools.com/bootstrap5/bootstrap_quiz.php
2026-01-19T00:02:59.0899884Z [DEBUG] Received response (Length: 215)
2026-01-19T00:02:59.0900656Z   🔍 [Worker 1] Visiting (2): https://www.w3schools.com/graphics/svg_reference.asp
2026-01-19T00:02:59.2820401Z [DEBUG] Received response (Length: 349)
2026-01-19T00:02:59.2821502Z   🔍 [Worker 2] Visiting (2): https://www.w3schools.com/dsa/index.php
2026-01-19T00:03:00.7602110Z [DEBUG] Sending request to gemini-2.0-flash. Number of parts: 1
2026-01-19T00:03:00.7602951Z [DEBUG] Received response (Length: 524)
2026-01-19T00:03:00.7604763Z   🔍 [Worker 1] Visiting (2): https://www.w3schools.com/typingspeed/default.asp
2026-01-19T00:03:05.3411386Z [DEBUG] Sending request to gemini-2.0-flash. Number of parts: 1
2026-01-19T00:03:05.3412207Z [DEBUG] Sending request to gemini-2.0-flash. Number of parts: 1
2026-01-19T00:03:05.3412994Z [DEBUG] Sending request to gemini-2.0-flash. Number of parts: 1
2026-01-19T00:03:05.3413609Z [DEBUG] Received response (Length: 247)
2026-01-19T00:03:05.3414794Z   🔍 [Worker 1] Visiting (2): https://www.w3schools.com/bootstrap4/bootstrap_exercises.asp
2026-01-19T00:03:05.4048760Z [DEBUG] Received response (Length: 194)
2026-01-19T00:03:05.4051517Z   🔍 [Worker 0] Visiting (2): https://www.w3schools.com/typescript/typescript_exercises.php
2026-01-19T00:03:05.8685861Z [DEBUG] Received response (Length: 419)
2026-01-19T00:03:05.8693200Z   🔍 [Worker 2] Visiting (2): https://www.w3schools.com/java/java_ref_keywords.asp
2026-01-19T00:03:10.3600427Z [DEBUG] Sending request to gemini-2.0-flash. Number of parts: 1
2026-01-19T00:03:10.3601657Z [DEBUG] Sending request to gemini-2.0-flash. Number of parts: 1
2026-01-19T00:03:10.3602792Z [DEBUG] Sending request to gemini-2.0-flash. Number of parts: 1
2026-01-19T00:03:10.3607368Z [DEBUG] Received response (Length: 319)
2026-01-19T00:03:10.3608757Z   🔍 [Worker 1] Visiting (2): https://campus.w3schools.com/collections/certifications/products/javascript-certificate
2026-01-19T00:03:10.6716807Z [DEBUG] Received response (Length: 471)
2026-01-19T00:03:10.6718267Z   🔍 [Worker 0] Visiting (2): https://www.w3schools.com/spaces/index.php
2026-01-19T00:03:10.7648529Z [DEBUG] Received response (Length: 437)
2026-01-19T00:03:10.7659024Z   🔍 [Worker 2] Visiting (2): https://www.w3schools.com/gen_ai/bard/index.php
2026-01-19T00:03:11.2844060Z [CACHE HIT] 262a854c... (hits: 1, misses: 43)
2026-01-19T00:03:11.2845398Z   🔍 [Worker 0] Visiting (2): https://www.w3schools.com/bootstrap/bootstrap_exercises.asp
2026-01-19T00:03:12.3548874Z [DEBUG] Sending request to gemini-2.0-flash. Number of parts: 1
2026-01-19T00:03:12.3555865Z [DEBUG] Received response (Length: 287)
2026-01-19T00:03:12.3557136Z   🔍 [Worker 0] Visiting (2): https://campus.w3schools.com/products/django-certification-exam
2026-01-19T00:03:17.3518040Z [DEBUG] Sending request to gemini-2.0-flash. Number of parts: 1
2026-01-19T00:03:17.3523835Z [DEBUG] Sending request to gemini-2.0-flash. Number of parts: 1
2026-01-19T00:03:17.3528550Z [DEBUG] Sending request to gemini-2.0-flash. Number of parts: 1
2026-01-19T00:03:17.3530883Z [DEBUG] Received response (Length: 215)
2026-01-19T00:03:17.3533227Z   🔍 [Worker 1] Visiting (2): https://www.w3schools.com/html/html_exercises.asp
2026-01-19T00:03:17.5135711Z [DEBUG] Received response (Length: 205)
2026-01-19T00:03:17.5137415Z   🔍 [Worker 0] Visiting (2): https://www.w3schools.com/angularjs/angularjs_ref_directives.asp
2026-01-19T00:03:17.6720057Z [DEBUG] Received response (Length: 554)
2026-01-19T00:03:17.6721686Z   🔍 [Worker 2] Visiting (2): https://www.w3schools.com/excel/excel_exercises.php
2026-01-19T00:03:22.3573793Z [DEBUG] Sending request to gemini-2.0-flash. Number of parts: 1
2026-01-19T00:03:22.3575088Z [DEBUG] Sending request to gemini-2.0-flash. Number of parts: 1
2026-01-19T00:03:22.3576516Z [DEBUG] Sending request to gemini-2.0-flash. Number of parts: 1
2026-01-19T00:03:22.3577196Z [DEBUG] Received response (Length: 258)
2026-01-19T00:03:22.3578271Z   🔍 [Worker 2] Visiting (2): https://www.w3schools.com/java/java_examples.asp
2026-01-19T00:03:22.4297174Z [DEBUG] Received response (Length: 237)
2026-01-19T00:03:22.4299645Z   🔍 [Worker 0] Visiting (2): https://www.w3schools.com/cs/cs_quiz.php
2026-01-19T00:03:22.7461659Z [DEBUG] Received response (Length: 269)
2026-01-19T00:03:22.7463899Z   🔍 [Worker 1] Visiting (2): https://campus.w3schools.com/collections/course-catalog/products/php-course
2026-01-19T00:03:27.3681283Z [DEBUG] Sending request to gemini-2.0-flash. Number of parts: 1
2026-01-19T00:03:27.3682678Z [DEBUG] Sending request to gemini-2.0-flash. Number of parts: 1
2026-01-19T00:03:27.3683795Z [DEBUG] Sending request to gemini-2.0-flash. Number of parts: 1
2026-01-19T00:03:27.3684463Z [DEBUG] Received response (Length: 266)
2026-01-19T00:03:27.3685528Z   🔍 [Worker 1] Visiting (2): https://www.w3schools.com/w3css/w3css_examples.asp
2026-01-19T00:03:29.5432521Z [DEBUG] Received response (Length: 427)
2026-01-19T00:03:29.5433100Z [DEBUG] Received response (Length: 352)
2026-01-19T00:03:29.5433707Z [DEBUG] Sending request to gemini-2.0-flash. Number of parts: 1
2026-01-19T00:03:29.5434358Z [DEBUG] Received response (Length: 460)
2026-01-19T00:03:29.5435131Z ✅ Discovery Complete. Mapped 50 pages.
2026-01-19T00:03:40.8640485Z 
2026-01-19T00:03:40.8641102Z [PLAN] PLANNER: Planning goal -> 'Test HTML editor' (Deep Mode: True)
2026-01-19T00:03:40.8642110Z 🗺️ [PLAN] Loaded Sitemap with 50 pages.
2026-01-19T00:03:40.8643116Z 🎭 [EXPERT] Detected Domain: GENERAL. Persona: Act as Senior SDET focusing on exploring the application to understand functional flow and identifying critical paths for end-to-end automation
2026-01-19T00:03:40.8644075Z [DEBUG] Sending request to gemini-2.0-flash. Number of parts: 1
2026-01-19T00:03:40.8644456Z [DEBUG] Received response (Length: 3609)
2026-01-19T00:03:40.8644829Z ✅ Planner generated 3 scenarios. Workflow updated.
2026-01-19T00:03:41.8897608Z 
2026-01-19T00:03:41.8898787Z 🕵️ [DEEP EXPLORER] Starting Multi-Scenario Exploration
2026-01-19T00:03:41.8899659Z 📋 Found 3 scenarios to explore.
2026-01-19T00:03:42.2558882Z 
2026-01-19T00:03:42.2560076Z [1/3] Exploring Scenario: Basic HTML Editing and Execution
2026-01-19T00:03:42.2561572Z     🧠 Initialized exploration context for goal: 'Test HTML editor'
2026-01-19T00:03:42.2562553Z   ▶️ [STEP step_1] NAVIGATE: 
2026-01-19T00:03:43.0852951Z     ✅ Navigated to https://www.w3schools.com/html/tryit.asp?filename=tryhtml_default
2026-01-19T00:03:43.0864792Z   ▶️ [STEP step_2] ASSERT_VISIBLE: Run ❯
2026-01-19T00:03:43.1046346Z     🔍 Mining locators for: 'Run ❯'
2026-01-19T00:03:43.2192065Z     ✅ Found 3 verified locators
2026-01-19T00:03:45.7919999Z     ✅ State transitioned.
2026-01-19T00:03:47.4679112Z [DEBUG] Sending request to gemini-2.0-flash. Number of parts: 2
2026-01-19T00:03:47.4680267Z [DEBUG] Received response (Length: 228)
2026-01-19T00:03:47.4681314Z     🤖 AI Next Step Suggestion: fill -> textarea
2026-01-19T00:03:47.4681958Z     🧩 Suggested Locator: textarea
2026-01-19T00:03:47.4683041Z     💭 Reasoning: To test the HTML editor, I need to input some HTML code into the textarea.
2026-01-19T00:03:47.4684117Z     ➕ Injected AI step: fill -> textarea
2026-01-19T00:03:47.4684805Z   ▶️ [STEP step_2_ai_1] FILL: textarea
2026-01-19T00:03:47.4748604Z     🎯 Using AI-provided locator: textarea
2026-01-19T00:03:47.4771506Z     🔍 Mining locators for: 'textarea'
2026-01-19T00:03:47.5351348Z     🧠 Consulting AI (Vision-First) to find 'textarea'...
2026-01-19T00:03:47.5352748Z     🧠 [EXPERT] Strategy: Act as Senior SDET focusing on exploring the application to understand functional flow and identifying critical paths for end-to-end automation.
2026-01-19T00:03:52.5049079Z [DEBUG] Sending request to gemini-2.0-flash. Number of parts: 2
2026-01-19T00:03:52.5049926Z [DEBUG] Received response (Length: 262)
2026-01-19T00:03:52.5050893Z     💡 Expert Suggestion: The HTML editor is likely accessible after clicking the 'Run' button, which might open a new window or section with the editor.
2026-01-19T00:03:52.5051628Z     🛠️ Executing corrective action: click -> 'Run'
2026-01-19T00:03:53.0910360Z     ✅ Executed corrective navigation
2026-01-19T00:03:55.0933729Z     🔄 Retry 1/3 mining locators for 'textarea'...
2026-01-19T00:03:56.1520909Z     🧠 Consulting AI (Vision-First) to find 'textarea'...
2026-01-19T00:03:56.1522282Z     🧠 [EXPERT] Strategy: Act as Senior SDET focusing on exploring the application to understand functional flow and identifying critical paths for end-to-end automation.
2026-01-19T00:03:57.6331352Z [DEBUG] Sending request to gemini-2.0-flash. Number of parts: 2
2026-01-19T00:03:57.6332030Z [DEBUG] Received response (Length: 210)
2026-01-19T00:03:57.6332594Z     ⚠️ Critical step failure: 'priority'
2026-01-19T00:03:57.6332931Z   ▶️ [STEP step_3] FILL: HTML editor
2026-01-19T00:03:57.6384531Z     🔍 Mining locators for: 'HTML editor'
2026-01-19T00:03:57.6851832Z     🧠 Consulting AI (Vision-First) to find 'HTML editor'...
2026-01-19T00:03:57.6853490Z     🧠 [EXPERT] Strategy: Act as Senior SDET focusing on exploring the application to understand functional flow and identifying critical paths for end-to-end automation.
2026-01-19T00:04:03.2835626Z [DEBUG] Sending request to gemini-2.0-flash. Number of parts: 2
2026-01-19T00:04:03.2836461Z [DEBUG] Received response (Length: 212)
2026-01-19T00:04:03.2837776Z     💡 Expert Suggestion: The HTML editor might be part of the website creation tools.
2026-01-19T00:04:03.2839642Z     🛠️ Executing corrective action: click -> 'Get your own website'
2026-01-19T00:04:03.8793986Z     ✅ Executed corrective navigation
2026-01-19T00:04:05.8809949Z     🔄 Retry 1/3 mining locators for 'HTML editor'...
2026-01-19T00:04:06.9346791Z     🧠 Consulting AI (Vision-First) to find 'HTML editor'...
2026-01-19T00:04:06.9348431Z     🧠 [EXPERT] Strategy: Act as Senior SDET focusing on exploring the application to understand functional flow and identifying critical paths for end-to-end automation.
2026-01-19T00:04:08.6903738Z [DEBUG] Sending request to gemini-2.0-flash. Number of parts: 2
2026-01-19T00:04:08.6904842Z [DEBUG] Received response (Length: 202)
2026-01-19T00:04:08.6906528Z     💡 Expert Suggestion: The 'Run' button might lead to a page where you can edit HTML code.
2026-01-19T00:04:08.6908038Z     🛠️ Executing corrective action: click -> 'Run'
2026-01-19T00:04:09.2698925Z     ✅ Executed corrective navigation
2026-01-19T00:04:11.2722511Z     🔄 Retry 2/3 mining locators for 'HTML editor'...
2026-01-19T00:04:12.2735300Z     🗑️ Invalidating stale AI cache (retry 2)...
2026-01-19T00:04:12.2737934Z     ⚠️ Cache invalidation warning: No module named 'core.agents.domain_expert'
2026-01-19T00:04:12.3346346Z     🧠 Consulting AI (Vision-First) to find 'HTML editor'...
2026-01-19T00:04:12.3348042Z     🧠 [EXPERT] Strategy: Act as Senior SDET focusing on exploring the application to understand functional flow and identifying critical paths for end-to-end automation.
2026-01-19T00:04:12.3352229Z [CACHE HIT] 4a5b19bc... (hits: 1, misses: 5)
2026-01-19T00:04:12.3352952Z     ⚠️ Skipping duplicate injection: Get your own website
2026-01-19T00:04:12.3353510Z     🧠 Verifying step validity for 'HTML editor' after no candidates found...
2026-01-19T00:05:16.7305474Z [DEBUG] Sending request to gemini-2.0-flash. Number of parts: 2
2026-01-19T00:05:16.7308494Z [DEBUG] LLM Error: 429 RESOURCE_EXHAUSTED. {'error': {'code': 429, 'message': 'Resource exhausted. Please try again later. Please refer to https://cloud.google.com/vertex-ai/generative-ai/docs/error-code-429 for more details.', 'status': 'RESOURCE_EXHAUSTED'}}
2026-01-19T00:05:16.7311001Z ⚠️ 429 Rate Limit Hit. Cooling down for 60s...
2026-01-19T00:05:16.7311676Z [DEBUG] Sending request to gemini-2.0-flash. Number of parts: 2
2026-01-19T00:05:16.7312310Z [DEBUG] Received response (Length: 170)
2026-01-19T00:05:16.7313078Z     🛠️ Self-Correction: Step is valid. Using new locator: #textareaCode
2026-01-19T00:05:22.7439994Z     ⚠️ Scroll into view failed for #textareaCode. Proceeding anyway.
2026-01-19T00:05:28.2459839Z     ⚠️ Action failed: Locator.click: Timeout 5000ms exceeded.
2026-01-19T00:05:28.2460779Z Call log:
2026-01-19T00:05:28.2461214Z ...
2026-01-19T00:05:29.7611885Z [DEBUG] Sending request to gemini-2.0-flash. Number of parts: 2
2026-01-19T00:05:29.7612313Z [DEBUG] Received response (Length: 202)
2026-01-19T00:05:29.7613321Z     ✨ AI Heal Reasoning: The HTML editor is the text area where the HTML code is written. The 'body' element contains the HTML code, so it is the best element to fill.
2026-01-19T00:05:29.7614170Z     ✨ AI healed exploration action! New selector: body
2026-01-19T00:05:38.9232382Z   ▶️ [STEP step_4] CLICK: Run ❯
2026-01-19T00:05:38.9295487Z     🔍 Mining locators for: 'Run ❯'
2026-01-19T00:05:39.0425740Z     ✅ Found 3 verified locators
2026-01-19T00:05:42.5920578Z     ✅ State transitioned.
2026-01-19T00:06:46.3524821Z [DEBUG] Sending request to gemini-2.0-flash. Number of parts: 2
2026-01-19T00:06:46.3527304Z [DEBUG] LLM Error: 429 RESOURCE_EXHAUSTED. {'error': {'code': 429, 'message': 'Resource exhausted. Please try again later. Please refer to https://cloud.google.com/vertex-ai/generative-ai/docs/error-code-429 for more details.', 'status': 'RESOURCE_EXHAUSTED'}}
2026-01-19T00:06:46.3530446Z ⚠️ 429 Rate Limit Hit. Cooling down for 60s...
2026-01-19T00:06:46.3531010Z [DEBUG] Sending request to gemini-2.0-flash. Number of parts: 2
2026-01-19T00:06:46.3531488Z [DEBUG] Received response (Length: 366)
2026-01-19T00:06:46.3532357Z     🤖 AI Next Step Suggestion: fill -> HTML editor
2026-01-19T00:06:46.3532917Z     🧩 Suggested Locator: #textareaCode
2026-01-19T00:06:46.3533702Z     💭 Reasoning: The previous attempt to fill the HTML editor failed. I will try again with the default HTML code.
2026-01-19T00:06:46.3534442Z     ➕ Injected AI step: fill -> HTML editor
2026-01-19T00:06:46.3534871Z   ▶️ [STEP step_4_ai_1] FILL: HTML editor
2026-01-19T00:06:46.3589345Z     🎯 Using AI-provided locator: #textareaCode
2026-01-19T00:06:46.3608173Z     🔍 Mining locators for: 'HTML editor'
2026-01-19T00:06:46.4125080Z     🧠 Consulting AI (Vision-First) to find 'HTML editor'...
2026-01-19T00:06:46.4126279Z     🧠 [EXPERT] Strategy: Act as Senior SDET focusing on exploring the application to understand functional flow and identifying critical paths for end-to-end automation.
2026-01-19T00:06:50.8367484Z [DEBUG] Sending request to gemini-2.0-flash. Number of parts: 2
2026-01-19T00:06:50.8368392Z [DEBUG] Received response (Length: 194)
2026-01-19T00:06:50.8370072Z     💡 Expert Suggestion: The HTML editor might be accessible after running the code.
2026-01-19T00:06:50.8371278Z     🛠️ Executing corrective action: click -> 'Run'
2026-01-19T00:06:51.4130533Z     ✅ Executed corrective navigation
2026-01-19T00:06:53.4143389Z     🔄 Retry 1/3 mining locators for 'HTML editor'...
2026-01-19T00:06:54.4775396Z     🧠 Consulting AI (Vision-First) to find 'HTML editor'...
2026-01-19T00:06:54.4776543Z     🧠 [EXPERT] Strategy: Act as Senior SDET focusing on exploring the application to understand functional flow and identifying critical paths for end-to-end automation.
2026-01-19T00:06:54.4780097Z [CACHE HIT] 8843e4e7... (hits: 2, misses: 11)
2026-01-19T00:06:54.4780711Z     ⚠️ Skipping duplicate injection: Run
2026-01-19T00:06:54.4781306Z     🔄 Retry 2/3 mining locators for 'HTML editor'...
2026-01-19T00:06:55.4794894Z     🗑️ Invalidating stale AI cache (retry 2)...
2026-01-19T00:06:55.4796121Z     ⚠️ Cache invalidation warning: No module named 'core.agents.domain_expert'
2026-01-19T00:06:55.5447831Z     🧠 Consulting AI (Vision-First) to find 'HTML editor'...
2026-01-19T00:06:55.5448963Z     🧠 [EXPERT] Strategy: Act as Senior SDET focusing on exploring the application to understand functional flow and identifying critical paths for end-to-end automation.
2026-01-19T00:06:55.5452383Z [CACHE HIT] 8843e4e7... (hits: 3, misses: 11)
2026-01-19T00:06:55.5452988Z     ⚠️ Skipping duplicate injection: Run
2026-01-19T00:06:55.5453604Z     🧠 Verifying step validity for 'HTML editor' after no candidates found...
2026-01-19T00:06:56.8635548Z [DEBUG] Sending request to gemini-2.0-flash. Number of parts: 2
2026-01-19T00:06:56.8636306Z [DEBUG] Received response (Length: 170)
2026-01-19T00:06:56.8637071Z     🛠️ Self-Correction: Step is valid. Using new locator: #textareaCode
2026-01-19T00:07:02.8768664Z     ⚠️ Scroll into view failed for #textareaCode. Proceeding anyway.
2026-01-19T00:07:08.3792296Z     ⚠️ Action failed: Locator.click: Timeout 5000ms exceeded.
2026-01-19T00:07:08.3793030Z Call log:
2026-01-19T00:07:08.3793380Z ...
2026-01-19T00:07:09.9004840Z [DEBUG] Sending request to gemini-2.0-flash. Number of parts: 2
2026-01-19T00:07:09.9005887Z [DEBUG] Received response (Length: 211)
2026-01-19T00:07:09.9007877Z     ✨ AI Heal Reasoning: The HTML editor is the code editor on the page. The root element of the HTML code is the html tag. Therefore, the html tag is the best element to fill.
2026-01-19T00:07:09.9009545Z     ✨ AI healed exploration action! New selector: html
2026-01-19T00:07:29.3681689Z   ▶️ [STEP step_5] ASSERT_VISIBLE: Hello World!
2026-01-19T00:07:29.3746477Z     🔍 Mining locators for: 'Hello World!'
2026-01-19T00:07:29.4258894Z     🧠 Consulting AI (Vision-First) to find 'Hello World!'...
2026-01-19T00:07:29.4260186Z     🧠 [EXPERT] Strategy: Act as Senior SDET focusing on exploring the application to understand functional flow and identifying critical paths for end-to-end automation.
2026-01-19T00:07:30.8811661Z [DEBUG] Sending request to gemini-2.0-flash. Number of parts: 2
2026-01-19T00:07:30.8812412Z [DEBUG] Received response (Length: 211)
2026-01-19T00:07:30.8813885Z     💡 Expert Suggestion: The target 'Hello World!' is likely within the Python Syntax page.
2026-01-19T00:07:30.8814726Z     🛠️ Executing corrective action: click -> 'Python Syntax'
2026-01-19T00:07:30.9423595Z     🔄 Retry 1/3 mining locators for 'Hello World!'...
2026-01-19T00:07:31.9920967Z     🧠 Consulting AI (Vision-First) to find 'Hello World!'...
2026-01-19T00:07:31.9922187Z     🧠 [EXPERT] Strategy: Act as Senior SDET focusing on exploring the application to understand functional flow and identifying critical paths for end-to-end automation.
2026-01-19T00:07:31.9925021Z [CACHE HIT] fbad4a27... (hits: 4, misses: 14)
2026-01-19T00:07:31.9925744Z     ⚠️ Skipping duplicate injection: Python Syntax
2026-01-19T00:07:31.9926521Z     🔄 Retry 2/3 mining locators for 'Hello World!'...
2026-01-19T00:07:32.9938978Z     🗑️ Invalidating stale AI cache (retry 2)...
2026-01-19T00:07:32.9940703Z     ⚠️ Cache invalidation warning: No module named 'core.agents.domain_expert'
2026-01-19T00:07:33.0911812Z     🧠 Consulting AI (Vision-First) to find 'Hello World!'...
2026-01-19T00:07:33.0914186Z     🧠 [EXPERT] Strategy: Act as Senior SDET focusing on exploring the application to understand functional flow and identifying critical paths for end-to-end automation.
2026-01-19T00:07:33.0916588Z [CACHE HIT] fbad4a27... (hits: 5, misses: 14)
2026-01-19T00:07:33.0917336Z     ⚠️ Skipping duplicate injection: Python Syntax
2026-01-19T00:07:33.0918214Z     🧠 Verifying step validity for 'Hello World!' after no candidates found...
2026-01-19T00:07:35.6645502Z [DEBUG] Sending request to gemini-2.0-flash. Number of parts: 2
2026-01-19T00:07:35.6645992Z [DEBUG] Received response (Length: 186)
2026-01-19T00:07:35.6647083Z     🗑️ Step deemed INVALID: The screenshot shows a page with Actirise branding, not the W3Schools HTML editor. Therefore, 'Hello World!' is not present.. Removing from workflow.
2026-01-19T00:07:35.6647967Z     ⏭️ Skipping execution of invalid step: Hello World!
2026-01-19T00:07:35.6650637Z   ▶️ [STEP step_6] ASSERT_VISIBLE: This is a paragraph.
2026-01-19T00:07:35.6711471Z     🔍 Mining locators for: 'This is a paragraph.'
2026-01-19T00:07:35.7342302Z     ✅ Found 2 verified locators
2026-01-19T00:07:38.2596250Z     ✅ State transitioned.
2026-01-19T00:07:38.2660339Z     🔄 Revisited state detected (count: 1)
2026-01-19T00:07:41.3577096Z [DEBUG] Sending request to gemini-2.0-flash. Number of parts: 2
2026-01-19T00:07:41.3577868Z [DEBUG] Received response (Length: 403)
2026-01-19T00:07:41.3578776Z     🤖 AI Next Step Suggestion: fill -> HTML editor
2026-01-19T00:07:41.3579716Z     🧩 Suggested Locator: #textareaCode
2026-01-19T00:07:41.3580871Z     💭 Reasoning: The previous attempts to fill the HTML editor failed. I will try again with a valid HTML structure to ensure the editor accepts the input.
2026-01-19T00:07:41.3581968Z ⚠️ Loop detected: same AI suggestion repeated 2 times. Moving to next step.
2026-01-19T00:07:43.3983101Z 
2026-01-19T00:07:43.3983742Z [2/3] Exploring Scenario: Adding JavaScript and Executing
2026-01-19T00:07:43.3985177Z     🧠 Initialized exploration context for goal: 'Test HTML editor'
2026-01-19T00:07:43.3985689Z   ▶️ [STEP step_1] NAVIGATE: 
2026-01-19T00:07:44.2794466Z     ✅ Navigated to https://www.w3schools.com/html/tryit.asp?filename=tryhtml_default
2026-01-19T00:07:44.2795661Z   ▶️ [STEP step_2] ASSERT_VISIBLE: Run ❯
2026-01-19T00:07:44.2966357Z     🔍 Mining locators for: 'Run ❯'
2026-01-19T00:07:44.3767050Z     ✅ Found 3 verified locators
2026-01-19T00:07:46.9270621Z     ✅ State transitioned.
2026-01-19T00:07:48.4319478Z [DEBUG] Sending request to gemini-2.0-flash. Number of parts: 2
2026-01-19T00:07:48.4320294Z [DEBUG] Received response (Length: 199)
2026-01-19T00:07:48.4321233Z     🤖 AI Next Step Suggestion: fill -> textarea
2026-01-19T00:07:48.4321713Z     🧩 Suggested Locator: textarea
2026-01-19T00:07:48.4322336Z     💭 Reasoning: To test the HTML editor, I need to input some HTML code into the textarea.
2026-01-19T00:07:48.4322999Z     ➕ Injected AI step: fill -> textarea
2026-01-19T00:07:48.4323420Z   ▶️ [STEP step_2_ai_1] FILL: textarea
2026-01-19T00:07:48.4379625Z     🎯 Using AI-provided locator: textarea
2026-01-19T00:07:48.4399549Z     🔍 Mining locators for: 'textarea'
2026-01-19T00:07:48.4931013Z     🧠 Consulting AI (Vision-First) to find 'textarea'...
2026-01-19T00:07:48.4932640Z     🧠 [EXPERT] Strategy: Act as Senior SDET focusing on exploring the application to understand functional flow and identifying critical paths for end-to-end automation.
2026-01-19T00:07:53.7589932Z [DEBUG] Sending request to gemini-2.0-flash. Number of parts: 2
2026-01-19T00:07:53.7590723Z [DEBUG] Received response (Length: 356)
2026-01-19T00:07:53.7593107Z     💡 Expert Suggestion: The current page displays the result of the HTML code. To find the HTML editor, we need to navigate back to the editor, which is likely accessible by clicking the 'Run' button or a similar button that leads to the editor.
2026-01-19T00:07:53.7594572Z     🛠️ Executing corrective action: click -> 'Run'
2026-01-19T00:07:54.3450748Z     ✅ Executed corrective navigation
2026-01-19T00:07:56.3474501Z     🔄 Retry 1/3 mining locators for 'textarea'...
2026-01-19T00:07:57.4093349Z     🧠 Consulting AI (Vision-First) to find 'textarea'...
2026-01-19T00:07:57.4094984Z     🧠 [EXPERT] Strategy: Act as Senior SDET focusing on exploring the application to understand functional flow and identifying critical paths for end-to-end automation.
2026-01-19T00:07:58.8877505Z [DEBUG] Sending request to gemini-2.0-flash. Number of parts: 2
2026-01-19T00:07:58.8878175Z [DEBUG] Received response (Length: 215)
2026-01-19T00:07:58.8878915Z     ⚠️ Skipping duplicate injection: Run
2026-01-19T00:07:58.8879765Z     🔄 Retry 2/3 mining locators for 'textarea'...
2026-01-19T00:07:59.8890777Z     🗑️ Invalidating stale AI cache (retry 2)...
2026-01-19T00:07:59.8892235Z     ⚠️ Cache invalidation warning: No module named 'core.agents.domain_expert'
2026-01-19T00:07:59.9427422Z     🧠 Consulting AI (Vision-First) to find 'textarea'...
2026-01-19T00:07:59.9428659Z     🧠 [EXPERT] Strategy: Act as Senior SDET focusing on exploring the application to understand functional flow and identifying critical paths for end-to-end automation.
2026-01-19T00:07:59.9432291Z [CACHE HIT] 9b919997... (hits: 6, misses: 19)
2026-01-19T00:07:59.9432911Z     ⚠️ Skipping duplicate injection: Run
2026-01-19T00:07:59.9433513Z     🧠 Verifying step validity for 'textarea' after no candidates found...
2026-01-19T00:08:03.8243093Z [DEBUG] Sending request to gemini-2.0-flash. Number of parts: 2
2026-01-19T00:08:03.8243893Z [DEBUG] Received response (Length: 203)
2026-01-19T00:08:03.8246053Z     🗑️ Step deemed INVALID: The current page displays the rendered HTML output, not the HTML editor itself. Therefore, there is no textarea element present on this page.. Removing from workflow.
2026-01-19T00:08:03.8247362Z     ⏭️ Skipping execution of invalid step: textarea
2026-01-19T00:08:03.8248115Z   ▶️ [STEP step_3] FILL: HTML editor
2026-01-19T00:08:03.8300613Z     🔍 Mining locators for: 'HTML editor'
2026-01-19T00:08:03.8925269Z     🧠 Consulting AI (Vision-First) to find 'HTML editor'...
2026-01-19T00:08:03.8926927Z     🧠 [EXPERT] Strategy: Act as Senior SDET focusing on exploring the application to understand functional flow and identifying critical paths for end-to-end automation.
2026-01-19T00:08:08.7058000Z [DEBUG] Sending request to gemini-2.0-flash. Number of parts: 2
2026-01-19T00:08:08.7058796Z [DEBUG] Received response (Length: 197)
2026-01-19T00:08:08.7059947Z     💡 Expert Suggestion: The 'Run' button might lead to a page where you can edit HTML.
2026-01-19T00:08:08.7060625Z     🛠️ Executing corrective action: click -> 'Run'
2026-01-19T00:08:09.2770313Z     ✅ Executed corrective navigation
2026-01-19T00:08:11.2793585Z     🔄 Retry 1/3 mining locators for 'HTML editor'...
2026-01-19T00:08:12.3919447Z     🧠 Consulting AI (Vision-First) to find 'HTML editor'...
2026-01-19T00:08:12.3921141Z     🧠 [EXPERT] Strategy: Act as Senior SDET focusing on exploring the application to understand functional flow and identifying critical paths for end-to-end automation.
2026-01-19T00:08:12.3924918Z [CACHE HIT] d87cc4f1... (hits: 7, misses: 21)
2026-01-19T00:08:12.3925430Z     ⚠️ Skipping duplicate injection: Run
2026-01-19T00:08:12.3925816Z     🔄 Retry 2/3 mining locators for 'HTML editor'...
2026-01-19T00:08:13.3938639Z     🗑️ Invalidating stale AI cache (retry 2)...
2026-01-19T00:08:13.3940271Z     ⚠️ Cache invalidation warning: No module named 'core.agents.domain_expert'
2026-01-19T00:08:13.4415327Z     🧠 Consulting AI (Vision-First) to find 'HTML editor'...
2026-01-19T00:08:13.4416534Z     🧠 [EXPERT] Strategy: Act as Senior SDET focusing on exploring the application to understand functional flow and identifying critical paths for end-to-end automation.
2026-01-19T00:08:13.4419917Z [CACHE HIT] d87cc4f1... (hits: 8, misses: 21)
2026-01-19T00:08:13.4420673Z     ⚠️ Skipping duplicate injection: Run
2026-01-19T00:08:13.4421491Z     🧠 Verifying step validity for 'HTML editor' after no candidates found...
2026-01-19T00:08:14.7354546Z [DEBUG] Sending request to gemini-2.0-flash. Number of parts: 2
2026-01-19T00:08:14.7355339Z [DEBUG] Received response (Length: 275)
2026-01-19T00:08:14.7357263Z     🗑️ Step deemed INVALID: The 'HTML editor' is not visible in the current view. The page shows the HTML code and the rendered output, but not the editor itself. Therefore, it's not possible to interact with the 'HTML editor' in this state.. Removing from workflow.
2026-01-19T00:08:14.7358746Z     ⏭️ Skipping execution of invalid step: HTML editor
2026-01-19T00:08:14.7359504Z   ▶️ [STEP step_4] CLICK: Run ❯
2026-01-19T00:08:14.7415215Z     🔍 Mining locators for: 'Run ❯'
2026-01-19T00:08:14.8040203Z     ✅ Found 3 verified locators
2026-01-19T00:08:18.3515373Z     ✅ State transitioned.
2026-01-19T00:08:19.8198167Z [DEBUG] Sending request to gemini-2.0-flash. Number of parts: 2
2026-01-19T00:08:19.8198893Z [DEBUG] Received response (Length: 248)
2026-01-19T00:08:19.8199897Z     🤖 AI Next Step Suggestion: fill -> textarea
2026-01-19T00:08:19.8200422Z     🧩 Suggested Locator: textarea
2026-01-19T00:08:19.8201044Z     💭 Reasoning: The goal is to test the HTML editor. Filling the textarea with new HTML code is the next logical step.
2026-01-19T00:08:19.8201734Z ⚠️ Loop detected: same AI suggestion repeated 2 times. Moving to next step.
2026-01-19T00:08:19.8202188Z   ▶️ [STEP step_5] ASSERT_VISIBLE: Click Me!
2026-01-19T00:08:19.8258475Z     🔍 Mining locators for: 'Click Me!'
2026-01-19T00:08:19.8750524Z     🧠 Consulting AI (Vision-First) to find 'Click Me!'...
2026-01-19T00:08:19.8751660Z     🧠 [EXPERT] Strategy: Act as Senior SDET focusing on exploring the application to understand functional flow and identifying critical paths for end-to-end automation.
2026-01-19T00:08:24.7252041Z [DEBUG] Sending request to gemini-2.0-flash. Number of parts: 2
2026-01-19T00:08:24.7255179Z [DEBUG] Received response (Length: 242)
2026-01-19T00:08:24.7256930Z     💡 Expert Suggestion: The 'Click Me!' button might be a feature within the HTML editor that is accessible after running the code.
2026-01-19T00:08:24.7258727Z     🛠️ Executing corrective action: click -> 'Run'
2026-01-19T00:08:25.3101508Z     ✅ Executed corrective navigation
2026-01-19T00:08:27.3124700Z     🔄 Retry 1/3 mining locators for 'Click Me!'...
2026-01-19T00:08:28.3736779Z     🧠 Consulting AI (Vision-First) to find 'Click Me!'...
2026-01-19T00:08:28.3737979Z     🧠 [EXPERT] Strategy: Act as Senior SDET focusing on exploring the application to understand functional flow and identifying critical paths for end-to-end automation.
2026-01-19T00:08:28.3741463Z [CACHE HIT] aa657d84... (hits: 9, misses: 24)
2026-01-19T00:08:28.3742153Z     ⚠️ Skipping duplicate injection: Run
2026-01-19T00:08:28.3742541Z     🔄 Retry 2/3 mining locators for 'Click Me!'...
2026-01-19T00:08:29.3755638Z     🗑️ Invalidating stale AI cache (retry 2)...
2026-01-19T00:08:29.3756903Z     ⚠️ Cache invalidation warning: No module named 'core.agents.domain_expert'
2026-01-19T00:08:29.4248084Z     🧠 Consulting AI (Vision-First) to find 'Click Me!'...
2026-01-19T00:08:29.4249490Z     🧠 [EXPERT] Strategy: Act as Senior SDET focusing on exploring the application to understand functional flow and identifying critical paths for end-to-end automation.
2026-01-19T00:08:29.4252661Z [CACHE HIT] aa657d84... (hits: 10, misses: 24)
2026-01-19T00:08:29.4253404Z     ⚠️ Skipping duplicate injection: Run
2026-01-19T00:08:29.4253967Z     🧠 Verifying step validity for 'Click Me!' after no candidates found...
2026-01-19T00:08:30.6712233Z [DEBUG] Sending request to gemini-2.0-flash. Number of parts: 2
2026-01-19T00:08:30.6712957Z [DEBUG] Received response (Length: 225)
2026-01-19T00:08:30.6714717Z     🗑️ Step deemed INVALID: The HTML code in the editor only contains a heading and a paragraph. There is no element with the text "Click Me!" on the page. Therefore, the step is not valid.. Removing from workflow.
2026-01-19T00:08:30.6716176Z     ⏭️ Skipping execution of invalid step: Click Me!
2026-01-19T00:08:32.7063453Z 
2026-01-19T00:08:32.7064802Z [3/3] Exploring Scenario: Testing CSS Styling
2026-01-19T00:08:32.7066602Z     🧠 Initialized exploration context for goal: 'Test HTML editor'
2026-01-19T00:08:32.7067386Z   ▶️ [STEP step_1] NAVIGATE: 
2026-01-19T00:08:33.4258980Z     ✅ Navigated to https://www.w3schools.com/html/tryit.asp?filename=tryhtml_default
2026-01-19T00:08:33.4260433Z   ▶️ [STEP step_2] ASSERT_VISIBLE: Run ❯
2026-01-19T00:08:33.4422167Z     🔍 Mining locators for: 'Run ❯'
2026-01-19T00:08:33.5299905Z     ✅ Found 3 verified locators
2026-01-19T00:08:36.0748419Z     ✅ State transitioned.
2026-01-19T00:08:37.5953447Z [DEBUG] Sending request to gemini-2.0-flash. Number of parts: 2
2026-01-19T00:08:37.5954226Z [DEBUG] Received response (Length: 236)
2026-01-19T00:08:37.5955119Z     🤖 AI Next Step Suggestion: fill -> textarea
2026-01-19T00:08:37.5955854Z     🧩 Suggested Locator: textarea
2026-01-19T00:08:37.5957199Z     💭 Reasoning: The goal is to test the HTML editor. Filling the textarea with some HTML code is the next logical step.
2026-01-19T00:08:37.5958563Z     ➕ Injected AI step: fill -> textarea
2026-01-19T00:08:37.5959486Z   ▶️ [STEP step_2_ai_1] FILL: textarea
2026-01-19T00:08:37.6015768Z     🎯 Using AI-provided locator: textarea
2026-01-19T00:08:37.6035042Z     🔍 Mining locators for: 'textarea'
2026-01-19T00:08:37.6571198Z     🧠 Consulting AI (Vision-First) to find 'textarea'...
2026-01-19T00:08:37.6572535Z     🧠 [EXPERT] Strategy: Act as Senior SDET focusing on exploring the application to understand functional flow and identifying critical paths for end-to-end automation.
2026-01-19T00:08:42.5922163Z [DEBUG] Sending request to gemini-2.0-flash. Number of parts: 2
2026-01-19T00:08:42.5922782Z [DEBUG] Received response (Length: 272)
2026-01-19T00:08:42.5923881Z     💡 Expert Suggestion: The HTML editor is likely accessible after clicking the 'Run' button, which might lead to a page where code can be entered in a textarea.
2026-01-19T00:08:42.5925040Z     🛠️ Executing corrective action: click -> 'Run'
2026-01-19T00:08:43.2109524Z     ✅ Executed corrective navigation
2026-01-19T00:08:45.2132720Z     🔄 Retry 1/3 mining locators for 'textarea'...
2026-01-19T00:08:46.2742851Z     🧠 Consulting AI (Vision-First) to find 'textarea'...
2026-01-19T00:08:46.2744141Z     🧠 [EXPERT] Strategy: Act as Senior SDET focusing on exploring the application to understand functional flow and identifying critical paths for end-to-end automation.
2026-01-19T00:08:47.5737735Z [DEBUG] Sending request to gemini-2.0-flash. Number of parts: 2
2026-01-19T00:08:47.5738397Z [DEBUG] Received response (Length: 200)
2026-01-19T00:08:47.5739345Z     ⚠️ Skipping duplicate injection: Run
2026-01-19T00:08:47.5739823Z     🔄 Retry 2/3 mining locators for 'textarea'...
2026-01-19T00:08:48.5751498Z     🗑️ Invalidating stale AI cache (retry 2)...
2026-01-19T00:08:48.5752909Z     ⚠️ Cache invalidation warning: No module named 'core.agents.domain_expert'
2026-01-19T00:08:48.6235992Z     🧠 Consulting AI (Vision-First) to find 'textarea'...
2026-01-19T00:08:48.6237758Z     🧠 [EXPERT] Strategy: Act as Senior SDET focusing on exploring the application to understand functional flow and identifying critical paths for end-to-end automation.
2026-01-19T00:08:48.6241782Z [CACHE HIT] 90c69d53... (hits: 11, misses: 28)
2026-01-19T00:08:48.6242459Z     ⚠️ Skipping duplicate injection: Run
2026-01-19T00:08:48.6243283Z     🧠 Verifying step validity for 'textarea' after no candidates found...
2026-01-19T00:08:52.7080412Z [DEBUG] Sending request to gemini-2.0-flash. Number of parts: 2
2026-01-19T00:08:52.7081056Z [DEBUG] Received response (Length: 208)
2026-01-19T00:08:52.7082601Z     🗑️ Step deemed INVALID: The screenshot shows the rendered HTML output, not the HTML editor itself. Therefore, there is no textarea element present in the visible content.. Removing from workflow.
2026-01-19T00:08:52.7083801Z     ⏭️ Skipping execution of invalid step: textarea
2026-01-19T00:08:52.7084210Z   ▶️ [STEP step_3] FILL: HTML editor
2026-01-19T00:08:52.7139998Z     🔍 Mining locators for: 'HTML editor'
2026-01-19T00:08:52.7737228Z     🧠 Consulting AI (Vision-First) to find 'HTML editor'...
2026-01-19T00:08:52.7738319Z     🧠 [EXPERT] Strategy: Act as Senior SDET focusing on exploring the application to understand functional flow and identifying critical paths for end-to-end automation.
2026-01-19T00:08:57.5279113Z [DEBUG] Sending request to gemini-2.0-flash. Number of parts: 2
2026-01-19T00:08:57.5280044Z [DEBUG] Received response (Length: 206)
2026-01-19T00:08:57.5281350Z     💡 Expert Suggestion: The 'Run' button might lead to a page where you can edit the HTML code.
2026-01-19T00:08:57.5282483Z     🛠️ Executing corrective action: click -> 'Run'
2026-01-19T00:08:58.1078710Z     ✅ Executed corrective navigation
2026-01-19T00:09:00.1102636Z     🔄 Retry 1/3 mining locators for 'HTML editor'...
2026-01-19T00:09:01.1726433Z     🧠 Consulting AI (Vision-First) to find 'HTML editor'...
2026-01-19T00:09:01.1728156Z     🧠 [EXPERT] Strategy: Act as Senior SDET focusing on exploring the application to understand functional flow and identifying critical paths for end-to-end automation.
2026-01-19T00:09:01.1732180Z [CACHE HIT] e40beced... (hits: 12, misses: 30)
2026-01-19T00:09:01.1732843Z     ⚠️ Skipping duplicate injection: Run
2026-01-19T00:09:01.1733473Z     🔄 Retry 2/3 mining locators for 'HTML editor'...
2026-01-19T00:09:02.1743773Z     🗑️ Invalidating stale AI cache (retry 2)...
2026-01-19T00:09:02.1745454Z     ⚠️ Cache invalidation warning: No module named 'core.agents.domain_expert'
2026-01-19T00:09:02.2224841Z     🧠 Consulting AI (Vision-First) to find 'HTML editor'...
2026-01-19T00:09:02.2226008Z     🧠 [EXPERT] Strategy: Act as Senior SDET focusing on exploring the application to understand functional flow and identifying critical paths for end-to-end automation.
2026-01-19T00:09:02.2229121Z [CACHE HIT] e40beced... (hits: 13, misses: 30)
2026-01-19T00:09:02.2230410Z     ⚠️ Skipping duplicate injection: Run
2026-01-19T00:09:02.2230893Z     🧠 Verifying step validity for 'HTML editor' after no candidates found...
2026-01-19T00:09:03.9283183Z [DEBUG] Sending request to gemini-2.0-flash. Number of parts: 2
2026-01-19T00:09:03.9284178Z [DEBUG] Received response (Length: 300)
2026-01-19T00:09:03.9287804Z     🗑️ Step deemed INVALID: The 'HTML editor' is the code editor on the left side of the page where the HTML code is written. Based on the screenshot, we are already *in* the HTML editor, so there is no element to 'locate and interact with'. The task is not logical.. Removing from workflow.
2026-01-19T00:09:03.9290793Z     ⏭️ Skipping execution of invalid step: HTML editor
2026-01-19T00:09:03.9291577Z   ▶️ [STEP step_4] CLICK: Run ❯
2026-01-19T00:09:03.9346169Z     🔍 Mining locators for: 'Run ❯'
2026-01-19T00:09:04.0023590Z     ✅ Found 3 verified locators
2026-01-19T00:09:07.5486476Z     ✅ State transitioned.
2026-01-19T00:09:07.6073075Z [CACHE HIT] 5f596a52... (hits: 14, misses: 31)
2026-01-19T00:09:07.6074074Z     🤖 AI Next Step Suggestion: fill -> textarea
2026-01-19T00:09:07.6074727Z     🧩 Suggested Locator: textarea
2026-01-19T00:09:07.6075900Z     💭 Reasoning: The goal is to test the HTML editor. Filling the textarea with new HTML code is the next logical step.
2026-01-19T00:09:07.6077188Z ⚠️ Loop detected: same AI suggestion repeated 2 times. Moving to next step.
2026-01-19T00:09:07.6078004Z   ▶️ [STEP step_5] ASSERT_VISIBLE: My CSS Styling
2026-01-19T00:09:07.6129301Z     🔍 Mining locators for: 'My CSS Styling'
2026-01-19T00:09:07.6815560Z     🧠 Consulting AI (Vision-First) to find 'My CSS Styling'...
2026-01-19T00:09:07.6816824Z     🧠 [EXPERT] Strategy: Act as Senior SDET focusing on exploring the application to understand functional flow and identifying critical paths for end-to-end automation.
2026-01-19T00:09:09.1266802Z [DEBUG] Sending request to gemini-2.0-flash. Number of parts: 2
2026-01-19T00:09:09.1267472Z [DEBUG] Received response (Length: 293)
2026-01-19T00:09:09.1268963Z     💡 Expert Suggestion: "My CSS Styling" is likely within the editor settings or customization options, which might be accessible after running the code or through a settings menu.
2026-01-19T00:09:09.1270402Z     🛠️ Executing corrective action: click -> 'Run'
2026-01-19T00:09:09.7093572Z     ✅ Executed corrective navigation
2026-01-19T00:09:11.7116762Z     🔄 Retry 1/3 mining locators for 'My CSS Styling'...
2026-01-19T00:09:12.8056467Z     🧠 Consulting AI (Vision-First) to find 'My CSS Styling'...
2026-01-19T00:09:12.8058006Z     🧠 [EXPERT] Strategy: Act as Senior SDET focusing on exploring the application to understand functional flow and identifying critical paths for end-to-end automation.
2026-01-19T00:09:12.8062190Z [CACHE HIT] 625ed054... (hits: 15, misses: 32)
2026-01-19T00:09:12.8062703Z     ⚠️ Skipping duplicate injection: Run
2026-01-19T00:09:12.8063109Z     🔄 Retry 2/3 mining locators for 'My CSS Styling'...
2026-01-19T00:09:13.8076258Z     🗑️ Invalidating stale AI cache (retry 2)...
2026-01-19T00:09:13.8078053Z     ⚠️ Cache invalidation warning: No module named 'core.agents.domain_expert'
2026-01-19T00:09:13.8556799Z     🧠 Consulting AI (Vision-First) to find 'My CSS Styling'...
2026-01-19T00:09:13.8557989Z     🧠 [EXPERT] Strategy: Act as Senior SDET focusing on exploring the application to understand functional flow and identifying critical paths for end-to-end automation.
2026-01-19T00:09:13.8561263Z [CACHE HIT] 625ed054... (hits: 16, misses: 32)
2026-01-19T00:09:13.8561985Z     ⚠️ Skipping duplicate injection: Run
2026-01-19T00:09:13.8562564Z     🧠 Verifying step validity for 'My CSS Styling' after no candidates found...
2026-01-19T00:09:15.0982434Z [DEBUG] Sending request to gemini-2.0-flash. Number of parts: 2
2026-01-19T00:09:15.0983052Z [DEBUG] Received response (Length: 193)
2026-01-19T00:09:15.0984605Z     🗑️ Step deemed INVALID: The text 'My CSS Styling' is not present on the page. The HTML code and the rendered output only contain a heading and a paragraph.. Removing from workflow.
2026-01-19T00:09:15.0986195Z     ⏭️ Skipping execution of invalid step: My CSS Styling
2026-01-19T00:09:17.1349104Z 🗂️  All generated tests written to /home/runner/work/build_qa_automation/build_qa_automation/projects/ci_w3schools_tryit/tests/generated_scenarios.json
2026-01-19T00:09:17.1354609Z 🔄 Updated workflow.json with discovered steps and locators.
2026-01-19T00:09:17.1355064Z 
2026-01-19T00:09:17.1355327Z ✅ Deep Exploration Complete.
2026-01-19T00:10:21.1800059Z 
2026-01-19T00:10:21.1800864Z 🚀 [EXECUTE] Starting Automation Execution Engine
2026-01-19T00:10:21.1801323Z 📍 Project: ci_w3schools_tryit
2026-01-19T00:10:21.1801593Z 🎬 Mode: Headless
2026-01-19T00:10:21.1801719Z 
2026-01-19T00:10:21.1801867Z --- Scenario: Basic HTML Editing and Execution ---
2026-01-19T00:10:21.1802275Z   ▶️ [STEP step_1] NAVIGATE: Step step_1
2026-01-19T00:10:21.1802580Z     ✅ Step step_1 Passed.
2026-01-19T00:10:21.1802860Z   ▶️ [STEP step_2] ASSERT_VISIBLE: Run ❯
2026-01-19T00:10:21.1803245Z     🎯 Using mined locator: role=button[name='Run ❯']
2026-01-19T00:10:21.1803571Z     ✅ Step step_2 Passed.
2026-01-19T00:10:21.1803840Z   ▶️ [STEP step_2_ai_1] FILL: textarea
2026-01-19T00:10:21.1804417Z     ❌ Attempt 1 failed (element_not_found): Locator.scroll_into_view_if_needed: Timeout 10000ms exceeded.
2026-01-19T00:10:21.1804887Z Call log:
2026-01-19T00:10:21.1805081Z   - waiting for locator("tex...
2026-01-19T00:10:21.1805430Z     🔧 [AUTO-HEAL] Re-mining page to find 'textarea'...
2026-01-19T00:10:21.1805819Z [DEBUG] Sending request to gemini-2.0-flash. Number of parts: 2
2026-01-19T00:10:21.1806174Z [DEBUG] Received response (Length: 355)
2026-01-19T00:10:21.1806567Z     ✨ AI successfully healed the step! Found 2 alternatives.
2026-01-19T00:10:21.1806981Z     ✨ AI successfully healed the step! New selector: body
2026-01-19T00:10:21.1807330Z     ✅ Step step_2_ai_1 Passed.
2026-01-19T00:10:21.1807604Z   ▶️ [STEP step_3] FILL: HTML editor
2026-01-19T00:10:21.1807926Z     🎯 Using mined locator: #textareaCode
2026-01-19T00:10:21.1808431Z     ❌ Attempt 1 failed (timeout): Locator.scroll_into_view_if_needed: Timeout 9996ms exceeded.
2026-01-19T00:10:21.1808857Z Call log:
2026-01-19T00:10:21.1809057Z   - attempting scroll into vi...
2026-01-19T00:10:21.1809783Z     🔧 [AUTO-HEAL] Re-mining page to find 'HTML editor'...
2026-01-19T00:10:21.1810434Z [DEBUG] Sending request to gemini-2.0-flash. Number of parts: 2
2026-01-19T00:10:21.1810915Z [DEBUG] Received response (Length: 38)
2026-01-19T00:10:21.1811333Z     ❌ AI could not re-locate the element. Waiting 1s before next retry.
2026-01-19T00:10:21.1811913Z     ❌ Attempt 2 failed (timeout): Locator.scroll_into_view_if_needed: Timeout 9995ms exceeded.
2026-01-19T00:10:21.1812346Z Call log:
2026-01-19T00:10:21.1812534Z   - attempting scroll into vi...
2026-01-19T00:10:21.1812876Z     🔧 [AUTO-HEAL] Re-mining page to find 'HTML editor'...
2026-01-19T00:10:21.1813250Z [DEBUG] Sending request to gemini-2.0-flash. Number of parts: 2
2026-01-19T00:10:21.1813604Z [DEBUG] Received response (Length: 38)
2026-01-19T00:10:21.1813992Z     ❌ AI could not re-locate the element. Waiting 1s before next retry.
2026-01-19T00:10:21.1814557Z     ❌ Attempt 3 failed (timeout): Locator.scroll_into_view_if_needed: Timeout 9996ms exceeded.
2026-01-19T00:10:21.1814962Z Call log:
2026-01-19T00:10:21.1815140Z   - attempting scroll into vi...
2026-01-19T00:10:21.1815443Z     💀 Step step_3 failed after all retries.
2026-01-19T00:10:21.1815872Z 🛑 Scenario 'Basic HTML Editing and Execution' aborted due to step failure.
2026-01-19T00:10:21.1816158Z 
2026-01-19T00:10:21.1816287Z --- Scenario: Adding JavaScript and Executing ---
2026-01-19T00:10:21.1816629Z   ▶️ [STEP step_1] NAVIGATE: Step step_1
2026-01-19T00:10:21.1816919Z     ✅ Step step_1 Passed.
2026-01-19T00:10:21.1817188Z   ▶️ [STEP step_2] ASSERT_VISIBLE: Run ❯
2026-01-19T00:10:21.1817524Z     🎯 Using mined locator: role=button[name='Run ❯']
2026-01-19T00:10:21.1817833Z     ✅ Step step_2 Passed.
2026-01-19T00:10:21.1818459Z   ▶️ [STEP step_4] CLICK: Run ❯
2026-01-19T00:10:21.1818780Z     🎯 Using mined locator: role=button[name='Run ❯']
2026-01-19T00:10:21.1819095Z     ✅ Step step_4 Passed.
2026-01-19T00:10:21.1819939Z ✅ Scenario 'Adding JavaScript and Executing' completed successfully!
2026-01-19T00:10:21.1820241Z 
2026-01-19T00:10:21.1820338Z --- Scenario: Testing CSS Styling ---
2026-01-19T00:10:21.1820646Z   ▶️ [STEP step_1] NAVIGATE: Step step_1
2026-01-19T00:10:21.1820932Z     ✅ Step step_1 Passed.
2026-01-19T00:10:21.1821195Z   ▶️ [STEP step_2] ASSERT_VISIBLE: Run ❯
2026-01-19T00:10:21.1821523Z     🎯 Using mined locator: role=button[name='Run ❯']
2026-01-19T00:10:21.1821833Z     ✅ Step step_2 Passed.
2026-01-19T00:10:21.1822083Z   ▶️ [STEP step_4] CLICK: Run ❯
2026-01-19T00:10:21.1822397Z     🎯 Using mined locator: role=button[name='Run ❯']
2026-01-19T00:10:21.1822698Z     ✅ Step step_4 Passed.
2026-01-19T00:10:21.1823014Z ✅ Scenario 'Testing CSS Styling' completed successfully!
2026-01-19T00:10:21.1823253Z 
2026-01-19T00:10:21.1823361Z ============================================================
2026-01-19T00:10:21.1823657Z 🎯 EXECUTION SUMMARY
2026-01-19T00:10:21.1823882Z ============================================================
2026-01-19T00:10:21.1824076Z 
2026-01-19T00:10:21.1824180Z 📋 Scenario Overview:
2026-01-19T00:10:21.1824434Z    • Total Scenarios Planned: 3
2026-01-19T00:10:21.1824789Z    • Scenarios Executed: 3
2026-01-19T00:10:21.1825084Z    • Total Steps Executed: 10
2026-01-19T00:10:21.1825237Z 
2026-01-19T00:10:21.1825333Z ✅ Results:
2026-01-19T00:10:21.1825531Z    ✅ Passed: 2 (66%)
2026-01-19T00:10:21.1825756Z    ❌ Failed: 1 (33%)
2026-01-19T00:10:21.1825873Z 
2026-01-19T00:10:21.1825984Z ⚠️  Failed Scenarios:
2026-01-19T00:10:21.1826251Z    • Basic HTML Editing and Execution
2026-01-19T00:10:21.1826427Z 
2026-01-19T00:10:21.1826527Z ============================================================
2026-01-19T00:10:21.1826726Z 
2026-01-19T00:10:21.1827215Z 🏁 Execution Finished. Report: /home/runner/work/build_qa_automation/build_qa_automation/projects/ci_w3schools_tryit/execution.json
2026-01-19T00:10:21.3308447Z 
2026-01-19T00:10:21.3309441Z [PHASE] Running Phase: DISCOVERY
2026-01-19T00:10:21.3311768Z    Command: /opt/hostedtoolcache/Python/3.11.14/x64/bin/python /home/runner/work/build_qa_automation/build_qa_automation/core/agents/discovery.py --project /home/runner/work/build_qa_automation/build_qa_automation/projects/ci_w3schools_tryit --url https://www.w3schools.com/html/tryit.asp?filename=tryhtml_default --deep
2026-01-19T00:10:21.3314218Z ✅ Phase 'discovery' completed successfully.
2026-01-19T00:10:21.3314588Z 
2026-01-19T00:10:21.3314747Z [PHASE] Running Phase: PLANNING
2026-01-19T00:10:21.3316938Z    Command: /opt/hostedtoolcache/Python/3.11.14/x64/bin/python /home/runner/work/build_qa_automation/build_qa_automation/core/agents/planner.py --project /home/runner/work/build_qa_automation/build_qa_automation/projects/ci_w3schools_tryit --goal Test HTML editor --url https://www.w3schools.com/html/tryit.asp?filename=tryhtml_default --deep
2026-01-19T00:10:21.3319459Z ✅ Phase 'planning' completed successfully.
2026-01-19T00:10:21.3319784Z 
2026-01-19T00:10:21.3319938Z [PHASE] Running Phase: EXPLORATION
2026-01-19T00:10:21.3321876Z    Command: /opt/hostedtoolcache/Python/3.11.14/x64/bin/python /home/runner/work/build_qa_automation/build_qa_automation/core/agents/deep_explorer.py --project /home/runner/work/build_qa_automation/build_qa_automation/projects/ci_w3schools_tryit
2026-01-19T00:10:21.3323662Z ✅ Phase 'exploration' completed successfully.
2026-01-19T00:10:21.3324257Z 📊 Exploration Discovery Success Rate: 90.0%
2026-01-19T00:10:21.3324571Z 
2026-01-19T00:10:21.3324719Z [PHASE] Running Phase: EXECUTION
2026-01-19T00:10:21.3326280Z    Command: /opt/hostedtoolcache/Python/3.11.14/x64/bin/python /home/runner/work/build_qa_automation/build_qa_automation/core/agents/executor.py --project /home/runner/work/build_qa_automation/build_qa_automation/projects/ci_w3schools_tryit
2026-01-19T00:10:21.3328230Z ✅ Phase 'execution' completed successfully.
2026-01-19T00:10:21.3328575Z 
2026-01-19T00:10:21.3328740Z [DONE] Pipeline Execution Finished! [DONE]
2026-01-19T00:10:21.4671768Z ##[group]Run RESULT_FILE="projects/ci_w3schools_tryit/execution.json"
2026-01-19T00:10:21.4672304Z [36;1mRESULT_FILE="projects/ci_w3schools_tryit/execution.json"[0m
2026-01-19T00:10:21.4672667Z [36;1mif [ -f "$RESULT_FILE" ]; then[0m
2026-01-19T00:10:21.4673009Z [36;1m  echo "✅ Results generated successfully: $RESULT_FILE"[0m
2026-01-19T00:10:21.4673461Z [36;1m  cat "$RESULT_FILE" | jq '.scenarios | length' || echo "Result file exists"[0m
2026-01-19T00:10:21.4673832Z [36;1melse[0m
2026-01-19T00:10:21.4674069Z [36;1m  echo "❌ No result file found at $RESULT_FILE"[0m
2026-01-19T00:10:21.4674356Z [36;1m  exit 1[0m
2026-01-19T00:10:21.4674538Z [36;1mfi[0m
2026-01-19T00:10:21.4705428Z shell: /usr/bin/bash -e {0}
2026-01-19T00:10:21.4705661Z env:
2026-01-19T00:10:21.4705924Z   pythonLocation: /opt/hostedtoolcache/Python/3.11.14/x64
2026-01-19T00:10:21.4706373Z   PKG_CONFIG_PATH: /opt/hostedtoolcache/Python/3.11.14/x64/lib/pkgconfig
2026-01-19T00:10:21.4706822Z   Python_ROOT_DIR: /opt/hostedtoolcache/Python/3.11.14/x64
2026-01-19T00:10:21.4707190Z   Python2_ROOT_DIR: /opt/hostedtoolcache/Python/3.11.14/x64
2026-01-19T00:10:21.4707561Z   Python3_ROOT_DIR: /opt/hostedtoolcache/Python/3.11.14/x64
2026-01-19T00:10:21.4707941Z   LD_LIBRARY_PATH: /opt/hostedtoolcache/Python/3.11.14/x64/lib
2026-01-19T00:10:21.4708252Z ##[endgroup]
2026-01-19T00:10:21.4759567Z ✅ Results generated successfully: projects/ci_w3schools_tryit/execution.json
2026-01-19T00:10:21.4785501Z 3
2026-01-19T00:10:21.5022948Z ##[group]Run actions/upload-artifact@v4
2026-01-19T00:10:21.5023251Z with:
2026-01-19T00:10:21.5023465Z   name: w3schools_tryit-execution-results
2026-01-19T00:10:21.5023927Z   path: projects/ci_w3schools_tryit/execution.json
projects/ci_w3schools_tryit/workflow.json

2026-01-19T00:10:21.5024371Z   retention-days: 30
2026-01-19T00:10:21.5024604Z   if-no-files-found: warn
2026-01-19T00:10:21.5024831Z   compression-level: 6
2026-01-19T00:10:21.5025041Z   overwrite: false
2026-01-19T00:10:21.5025239Z   include-hidden-files: false
2026-01-19T00:10:21.5025460Z env:
2026-01-19T00:10:21.5025704Z   pythonLocation: /opt/hostedtoolcache/Python/3.11.14/x64
2026-01-19T00:10:21.5026129Z   PKG_CONFIG_PATH: /opt/hostedtoolcache/Python/3.11.14/x64/lib/pkgconfig
2026-01-19T00:10:21.5026559Z   Python_ROOT_DIR: /opt/hostedtoolcache/Python/3.11.14/x64
2026-01-19T00:10:21.5026954Z   Python2_ROOT_DIR: /opt/hostedtoolcache/Python/3.11.14/x64
2026-01-19T00:10:21.5027361Z   Python3_ROOT_DIR: /opt/hostedtoolcache/Python/3.11.14/x64
2026-01-19T00:10:21.5027739Z   LD_LIBRARY_PATH: /opt/hostedtoolcache/Python/3.11.14/x64/lib
2026-01-19T00:10:21.5028044Z ##[endgroup]
2026-01-19T00:10:21.7216713Z Multiple search paths detected. Calculating the least common ancestor of all paths
2026-01-19T00:10:21.7221140Z The least common ancestor is /home/runner/work/build_qa_automation/build_qa_automation/projects/ci_w3schools_tryit. This will be the root directory of the artifact
2026-01-19T00:10:21.7222560Z With the provided path, there will be 2 files uploaded
2026-01-19T00:10:21.7227411Z Artifact name is valid!
2026-01-19T00:10:21.7228586Z Root directory input is valid!
2026-01-19T00:10:21.8700968Z Beginning upload of artifact content to blob storage
2026-01-19T00:10:21.9786412Z Uploaded bytes 1629
2026-01-19T00:10:22.0109589Z Finished uploading artifact content to blob storage!
2026-01-19T00:10:22.0112610Z SHA256 digest of uploaded artifact zip is d75d44ef3d134b723325a34254d78682bb8fda5a95d1b53cbeed3a34f396ec54
2026-01-19T00:10:22.0114294Z Finalizing artifact upload
2026-01-19T00:10:22.0947049Z Artifact w3schools_tryit-execution-results.zip successfully finalized. Artifact ID 5171119482
2026-01-19T00:10:22.0948378Z Artifact w3schools_tryit-execution-results has been successfully uploaded! Final size is 1629 bytes. Artifact ID is 5171119482
2026-01-19T00:10:22.0957734Z Artifact download URL: https://github.com/vishvasmca-cmd/build_qa_automation/actions/runs/21120211878/artifacts/5171119482
2026-01-19T00:10:22.1281426Z Post job cleanup.
2026-01-19T00:10:22.2798116Z Cache hit occurred on the primary key setup-python-Linux-x64-24.04-Ubuntu-python-3.11.14-pip-dde08d0e0b672972dcda9f1a063036a2e0c226f5d0a20362e9401931676d80a4, not saving cache.
2026-01-19T00:10:22.3216000Z Post job cleanup.
2026-01-19T00:10:22.4175833Z [command]/usr/bin/git version
2026-01-19T00:10:22.4217255Z git version 2.52.0
2026-01-19T00:10:22.4262412Z Temporarily overriding HOME='/home/runner/work/_temp/61aca398-3b99-49d9-8186-3850e17cf24f' before making global git config changes
2026-01-19T00:10:22.4263859Z Adding repository directory to the temporary git global config as a safe directory
2026-01-19T00:10:22.4277810Z [command]/usr/bin/git config --global --add safe.directory /home/runner/work/build_qa_automation/build_qa_automation
2026-01-19T00:10:22.4317603Z [command]/usr/bin/git config --local --name-only --get-regexp core\.sshCommand
2026-01-19T00:10:22.4352457Z [command]/usr/bin/git submodule foreach --recursive sh -c "git config --local --name-only --get-regexp 'core\.sshCommand' && git config --local --unset-all 'core.sshCommand' || :"
2026-01-19T00:10:22.4620031Z [command]/usr/bin/git config --local --name-only --get-regexp http\.https\:\/\/github\.com\/\.extraheader
2026-01-19T00:10:22.4645037Z http.https://github.com/.extraheader
2026-01-19T00:10:22.4658613Z [command]/usr/bin/git config --local --unset-all http.https://github.com/.extraheader
2026-01-19T00:10:22.4693301Z [command]/usr/bin/git submodule foreach --recursive sh -c "git config --local --name-only --get-regexp 'http\.https\:\/\/github\.com\/\.extraheader' && git config --local --unset-all 'http.https://github.com/.extraheader' || :"
2026-01-19T00:10:22.4942503Z [command]/usr/bin/git config --local --name-only --get-regexp ^includeIf\.gitdir:
2026-01-19T00:10:22.4976298Z [command]/usr/bin/git submodule foreach --recursive git config --local --show-origin --name-only --get-regexp remote.origin.url
2026-01-19T00:10:22.5366441Z Cleaning up orphan processes
