2026-01-19T02:39:49.1274909Z Current runner version: '2.331.0'
2026-01-19T02:39:49.1300473Z ##[group]Runner Image Provisioner
2026-01-19T02:39:49.1301650Z Hosted Compute Agent
2026-01-19T02:39:49.1302195Z Version: 20251211.462
2026-01-19T02:39:49.1302793Z Commit: 6cbad8c2bb55d58165063d031ccabf57e2d2db61
2026-01-19T02:39:49.1303582Z Build Date: 2025-12-11T16:28:49Z
2026-01-19T02:39:49.1304206Z Worker ID: {44bbe17a-947c-47f6-8368-003532d836db}
2026-01-19T02:39:49.1304896Z ##[endgroup]
2026-01-19T02:39:49.1305473Z ##[group]Operating System
2026-01-19T02:39:49.1306034Z Ubuntu
2026-01-19T02:39:49.1306489Z 24.04.3
2026-01-19T02:39:49.1307001Z LTS
2026-01-19T02:39:49.1307465Z ##[endgroup]
2026-01-19T02:39:49.1307952Z ##[group]Runner Image
2026-01-19T02:39:49.1308647Z Image: ubuntu-24.04
2026-01-19T02:39:49.1309170Z Version: 20260111.209.1
2026-01-19T02:39:49.1310145Z Included Software: https://github.com/actions/runner-images/blob/ubuntu24/20260111.209/images/ubuntu/Ubuntu2404-Readme.md
2026-01-19T02:39:49.1311887Z Image Release: https://github.com/actions/runner-images/releases/tag/ubuntu24%2F20260111.209
2026-01-19T02:39:49.1312876Z ##[endgroup]
2026-01-19T02:39:49.1314031Z ##[group]GITHUB_TOKEN Permissions
2026-01-19T02:39:49.1315981Z Contents: read
2026-01-19T02:39:49.1316659Z Metadata: read
2026-01-19T02:39:49.1317148Z Packages: read
2026-01-19T02:39:49.1317698Z ##[endgroup]
2026-01-19T02:39:49.1320331Z Secret source: Actions
2026-01-19T02:39:49.1321290Z Prepare workflow directory
2026-01-19T02:39:49.1665519Z Prepare all required actions
2026-01-19T02:39:49.1704803Z Getting action download info
2026-01-19T02:39:49.5504510Z Download action repository 'actions/checkout@v4' (SHA:34e114876b0b11c390a56381ad16ebd13914f8d5)
2026-01-19T02:39:49.6535155Z Download action repository 'actions/setup-python@v5' (SHA:a26af69be951a213d495a4c3e4e4022e16d87065)
2026-01-19T02:39:49.7357643Z Download action repository 'actions/upload-artifact@v4' (SHA:ea165f8d65b6e75b540449e92b4886f43607fa02)
2026-01-19T02:39:50.0573238Z Complete job name: test-websites-deep (w3schools_tryit, https://www.w3schools.com/html/tryit.asp?filename=tryhtml_de...
2026-01-19T02:39:50.1316699Z ##[group]Run actions/checkout@v4
2026-01-19T02:39:50.1317608Z with:
2026-01-19T02:39:50.1318078Z   repository: vishvasmca-cmd/build_qa_automation
2026-01-19T02:39:50.1318880Z   token: ***
2026-01-19T02:39:50.1319287Z   ssh-strict: true
2026-01-19T02:39:50.1319696Z   ssh-user: git
2026-01-19T02:39:50.1320124Z   persist-credentials: true
2026-01-19T02:39:50.1320571Z   clean: true
2026-01-19T02:39:50.1321231Z   sparse-checkout-cone-mode: true
2026-01-19T02:39:50.1321752Z   fetch-depth: 1
2026-01-19T02:39:50.1322159Z   fetch-tags: false
2026-01-19T02:39:50.1322627Z   show-progress: true
2026-01-19T02:39:50.1323040Z   lfs: false
2026-01-19T02:39:50.1323439Z   submodules: false
2026-01-19T02:39:50.1323875Z   set-safe-directory: true
2026-01-19T02:39:50.1324632Z ##[endgroup]
2026-01-19T02:39:50.2427180Z Syncing repository: vishvasmca-cmd/build_qa_automation
2026-01-19T02:39:50.2429034Z ##[group]Getting Git version info
2026-01-19T02:39:50.2429974Z Working directory is '/home/runner/work/build_qa_automation/build_qa_automation'
2026-01-19T02:39:50.2431328Z [command]/usr/bin/git version
2026-01-19T02:39:50.2504894Z git version 2.52.0
2026-01-19T02:39:50.2532311Z ##[endgroup]
2026-01-19T02:39:50.2556350Z Temporarily overriding HOME='/home/runner/work/_temp/bd12247d-717b-4ed2-ac34-ccbc7506fd49' before making global git config changes
2026-01-19T02:39:50.2562404Z Adding repository directory to the temporary git global config as a safe directory
2026-01-19T02:39:50.2563670Z [command]/usr/bin/git config --global --add safe.directory /home/runner/work/build_qa_automation/build_qa_automation
2026-01-19T02:39:50.2604672Z Deleting the contents of '/home/runner/work/build_qa_automation/build_qa_automation'
2026-01-19T02:39:50.2608299Z ##[group]Initializing the repository
2026-01-19T02:39:50.2613068Z [command]/usr/bin/git init /home/runner/work/build_qa_automation/build_qa_automation
2026-01-19T02:39:50.2708280Z hint: Using 'master' as the name for the initial branch. This default branch name
2026-01-19T02:39:50.2710075Z hint: will change to "main" in Git 3.0. To configure the initial branch name
2026-01-19T02:39:50.2712036Z hint: to use in all of your new repositories, which will suppress this warning,
2026-01-19T02:39:50.2713114Z hint: call:
2026-01-19T02:39:50.2713806Z hint:
2026-01-19T02:39:50.2714711Z hint: 	git config --global init.defaultBranch <name>
2026-01-19T02:39:50.2715812Z hint:
2026-01-19T02:39:50.2716840Z hint: Names commonly chosen instead of 'master' are 'main', 'trunk' and
2026-01-19T02:39:50.2718521Z hint: 'development'. The just-created branch can be renamed via this command:
2026-01-19T02:39:50.2719852Z hint:
2026-01-19T02:39:50.2720514Z hint: 	git branch -m <name>
2026-01-19T02:39:50.2721575Z hint:
2026-01-19T02:39:50.2722605Z hint: Disable this message with "git config set advice.defaultBranchName false"
2026-01-19T02:39:50.2724632Z Initialized empty Git repository in /home/runner/work/build_qa_automation/build_qa_automation/.git/
2026-01-19T02:39:50.2728011Z [command]/usr/bin/git remote add origin https://github.com/vishvasmca-cmd/build_qa_automation
2026-01-19T02:39:50.2763303Z ##[endgroup]
2026-01-19T02:39:50.2764516Z ##[group]Disabling automatic garbage collection
2026-01-19T02:39:50.2768391Z [command]/usr/bin/git config --local gc.auto 0
2026-01-19T02:39:50.2799218Z ##[endgroup]
2026-01-19T02:39:50.2800488Z ##[group]Setting up auth
2026-01-19T02:39:50.2807233Z [command]/usr/bin/git config --local --name-only --get-regexp core\.sshCommand
2026-01-19T02:39:50.2839276Z [command]/usr/bin/git submodule foreach --recursive sh -c "git config --local --name-only --get-regexp 'core\.sshCommand' && git config --local --unset-all 'core.sshCommand' || :"
2026-01-19T02:39:50.3175159Z [command]/usr/bin/git config --local --name-only --get-regexp http\.https\:\/\/github\.com\/\.extraheader
2026-01-19T02:39:50.3205286Z [command]/usr/bin/git submodule foreach --recursive sh -c "git config --local --name-only --get-regexp 'http\.https\:\/\/github\.com\/\.extraheader' && git config --local --unset-all 'http.https://github.com/.extraheader' || :"
2026-01-19T02:39:50.3432413Z [command]/usr/bin/git config --local --name-only --get-regexp ^includeIf\.gitdir:
2026-01-19T02:39:50.3472297Z [command]/usr/bin/git submodule foreach --recursive git config --local --show-origin --name-only --get-regexp remote.origin.url
2026-01-19T02:39:50.3718632Z [command]/usr/bin/git config --local http.https://github.com/.extraheader AUTHORIZATION: basic ***
2026-01-19T02:39:50.3754417Z ##[endgroup]
2026-01-19T02:39:50.3755748Z ##[group]Fetching the repository
2026-01-19T02:39:50.3764132Z [command]/usr/bin/git -c protocol.version=2 fetch --no-tags --prune --no-recurse-submodules --depth=1 origin +8ae9e7a98960844bdcef67161cbe93442a7431bc:refs/remotes/origin/main
2026-01-19T02:39:51.4962401Z From https://github.com/vishvasmca-cmd/build_qa_automation
2026-01-19T02:39:51.4965009Z  * [new ref]         8ae9e7a98960844bdcef67161cbe93442a7431bc -> origin/main
2026-01-19T02:39:51.4996216Z ##[endgroup]
2026-01-19T02:39:51.4997663Z ##[group]Determining the checkout info
2026-01-19T02:39:51.4999056Z ##[endgroup]
2026-01-19T02:39:51.5003811Z [command]/usr/bin/git sparse-checkout disable
2026-01-19T02:39:51.5046637Z [command]/usr/bin/git config --local --unset-all extensions.worktreeConfig
2026-01-19T02:39:51.5074377Z ##[group]Checking out the ref
2026-01-19T02:39:51.5078747Z [command]/usr/bin/git checkout --progress --force -B main refs/remotes/origin/main
2026-01-19T02:39:51.6422016Z Switched to a new branch 'main'
2026-01-19T02:39:51.6424121Z branch 'main' set up to track 'origin/main'.
2026-01-19T02:39:51.6476328Z ##[endgroup]
2026-01-19T02:39:51.6479199Z [command]/usr/bin/git log -1 --format=%H
2026-01-19T02:39:51.6502518Z 8ae9e7a98960844bdcef67161cbe93442a7431bc
2026-01-19T02:39:51.6840431Z ##[group]Run actions/setup-python@v5
2026-01-19T02:39:51.6841839Z with:
2026-01-19T02:39:51.6842684Z   python-version: 3.11
2026-01-19T02:39:51.6843641Z   cache: pip
2026-01-19T02:39:51.6844791Z   check-latest: false
2026-01-19T02:39:51.6846049Z   token: ***
2026-01-19T02:39:51.6846935Z   update-environment: true
2026-01-19T02:39:51.6848004Z   allow-prereleases: false
2026-01-19T02:39:51.6849037Z   freethreaded: false
2026-01-19T02:39:51.6849968Z ##[endgroup]
2026-01-19T02:39:51.8593721Z ##[group]Installed versions
2026-01-19T02:39:51.8699118Z Successfully set up CPython (3.11.14)
2026-01-19T02:39:51.8699706Z ##[endgroup]
2026-01-19T02:39:51.9761779Z [command]/opt/hostedtoolcache/Python/3.11.14/x64/bin/pip cache dir
2026-01-19T02:39:52.2967865Z /home/runner/.cache/pip
2026-01-19T02:39:52.5554217Z Cache hit for: setup-python-Linux-x64-24.04-Ubuntu-python-3.11.14-pip-dde08d0e0b672972dcda9f1a063036a2e0c226f5d0a20362e9401931676d80a4
2026-01-19T02:39:53.7953940Z Received 41943040 of 254742636 (16.5%), 40.0 MBs/sec
2026-01-19T02:39:54.7994531Z Received 176160768 of 254742636 (69.2%), 83.8 MBs/sec
2026-01-19T02:39:55.2359132Z Received 254742636 of 254742636 (100.0%), 99.5 MBs/sec
2026-01-19T02:39:55.2361310Z Cache Size: ~243 MB (254742636 B)
2026-01-19T02:39:55.2427639Z [command]/usr/bin/tar -xf /home/runner/work/_temp/8bf17f0c-0143-4fa1-ae57-9ff7fcac014a/cache.tzst -P -C /home/runner/work/build_qa_automation/build_qa_automation --use-compress-program unzstd
2026-01-19T02:39:55.6549087Z Cache restored successfully
2026-01-19T02:39:55.7036050Z Cache restored from key: setup-python-Linux-x64-24.04-Ubuntu-python-3.11.14-pip-dde08d0e0b672972dcda9f1a063036a2e0c226f5d0a20362e9401931676d80a4
2026-01-19T02:39:55.7278405Z ##[group]Run pip install -r requirements.txt
2026-01-19T02:39:55.7278817Z [36;1mpip install -r requirements.txt[0m
2026-01-19T02:39:55.7279113Z [36;1mplaywright install chromium[0m
2026-01-19T02:39:55.7318867Z shell: /usr/bin/bash -e {0}
2026-01-19T02:39:55.7319121Z env:
2026-01-19T02:39:55.7319379Z   pythonLocation: /opt/hostedtoolcache/Python/3.11.14/x64
2026-01-19T02:39:55.7319812Z   PKG_CONFIG_PATH: /opt/hostedtoolcache/Python/3.11.14/x64/lib/pkgconfig
2026-01-19T02:39:55.7320300Z   Python_ROOT_DIR: /opt/hostedtoolcache/Python/3.11.14/x64
2026-01-19T02:39:55.7320676Z   Python2_ROOT_DIR: /opt/hostedtoolcache/Python/3.11.14/x64
2026-01-19T02:39:55.7321765Z   Python3_ROOT_DIR: /opt/hostedtoolcache/Python/3.11.14/x64
2026-01-19T02:39:55.7322170Z   LD_LIBRARY_PATH: /opt/hostedtoolcache/Python/3.11.14/x64/lib
2026-01-19T02:39:55.7322483Z ##[endgroup]
2026-01-19T02:39:56.5340346Z Collecting playwright (from -r requirements.txt (line 1))
2026-01-19T02:39:56.5358439Z   Using cached playwright-1.57.0-py3-none-manylinux1_x86_64.whl.metadata (3.5 kB)
2026-01-19T02:39:56.5679740Z Collecting python-dotenv (from -r requirements.txt (line 2))
2026-01-19T02:39:56.5694914Z   Using cached python_dotenv-1.2.1-py3-none-any.whl.metadata (25 kB)
2026-01-19T02:39:56.6118565Z Collecting requests (from -r requirements.txt (line 3))
2026-01-19T02:39:56.6134012Z   Using cached requests-2.32.5-py3-none-any.whl.metadata (4.9 kB)
2026-01-19T02:39:56.8050026Z Collecting pillow (from -r requirements.txt (line 4))
2026-01-19T02:39:56.8067399Z   Using cached pillow-12.1.0-cp311-cp311-manylinux_2_27_x86_64.manylinux_2_28_x86_64.whl.metadata (8.8 kB)
2026-01-19T02:39:56.8479742Z Collecting google-genai>=0.3.0 (from -r requirements.txt (line 5))
2026-01-19T02:39:56.8494484Z   Using cached google_genai-1.59.0-py3-none-any.whl.metadata (53 kB)
2026-01-19T02:39:56.8864368Z Collecting termcolor (from -r requirements.txt (line 6))
2026-01-19T02:39:56.8879747Z   Using cached termcolor-3.3.0-py3-none-any.whl.metadata (6.5 kB)
2026-01-19T02:39:56.9391455Z Collecting PyYAML (from -r requirements.txt (line 7))
2026-01-19T02:39:56.9407602Z   Using cached pyyaml-6.0.3-cp311-cp311-manylinux2014_x86_64.manylinux_2_17_x86_64.manylinux_2_28_x86_64.whl.metadata (2.4 kB)
2026-01-19T02:39:57.0133450Z Collecting opencv-python-headless (from -r requirements.txt (line 8))
2026-01-19T02:39:57.0148776Z   Using cached opencv_python_headless-4.13.0.90-cp37-abi3-manylinux_2_28_x86_64.whl.metadata (19 kB)
2026-01-19T02:39:57.2369589Z Collecting numpy (from -r requirements.txt (line 9))
2026-01-19T02:39:57.2385580Z   Using cached numpy-2.4.1-cp311-cp311-manylinux_2_27_x86_64.manylinux_2_28_x86_64.whl.metadata (6.6 kB)
2026-01-19T02:39:57.3312176Z Collecting faker (from -r requirements.txt (line 10))
2026-01-19T02:39:57.3327500Z   Using cached faker-40.1.2-py3-none-any.whl.metadata (16 kB)
2026-01-19T02:39:57.3636083Z Collecting pyee<14,>=13 (from playwright->-r requirements.txt (line 1))
2026-01-19T02:39:57.3650327Z   Using cached pyee-13.0.0-py3-none-any.whl.metadata (2.9 kB)
2026-01-19T02:39:57.4998995Z Collecting greenlet<4.0.0,>=3.1.1 (from playwright->-r requirements.txt (line 1))
2026-01-19T02:39:57.5014994Z   Using cached greenlet-3.3.0-cp311-cp311-manylinux_2_24_x86_64.manylinux_2_28_x86_64.whl.metadata (4.1 kB)
2026-01-19T02:39:57.5346522Z Collecting typing-extensions (from pyee<14,>=13->playwright->-r requirements.txt (line 1))
2026-01-19T02:39:57.5360611Z   Using cached typing_extensions-4.15.0-py3-none-any.whl.metadata (3.3 kB)
2026-01-19T02:39:57.6324989Z Collecting charset_normalizer<4,>=2 (from requests->-r requirements.txt (line 3))
2026-01-19T02:39:57.6340652Z   Using cached charset_normalizer-3.4.4-cp311-cp311-manylinux2014_x86_64.manylinux_2_17_x86_64.manylinux_2_28_x86_64.whl.metadata (37 kB)
2026-01-19T02:39:57.6648483Z Collecting idna<4,>=2.5 (from requests->-r requirements.txt (line 3))
2026-01-19T02:39:57.6662743Z   Using cached idna-3.11-py3-none-any.whl.metadata (8.4 kB)
2026-01-19T02:39:57.7082737Z Collecting urllib3<3,>=1.21.1 (from requests->-r requirements.txt (line 3))
2026-01-19T02:39:57.7097223Z   Using cached urllib3-2.6.3-py3-none-any.whl.metadata (6.9 kB)
2026-01-19T02:39:57.7473193Z Collecting certifi>=2017.4.17 (from requests->-r requirements.txt (line 3))
2026-01-19T02:39:57.7488170Z   Using cached certifi-2026.1.4-py3-none-any.whl.metadata (2.5 kB)
2026-01-19T02:39:57.7834909Z Collecting anyio<5.0.0,>=4.8.0 (from google-genai>=0.3.0->-r requirements.txt (line 5))
2026-01-19T02:39:57.7849164Z   Using cached anyio-4.12.1-py3-none-any.whl.metadata (4.3 kB)
2026-01-19T02:39:57.8335013Z Collecting google-auth<3.0.0,>=2.47.0 (from google-auth[requests]<3.0.0,>=2.47.0->google-genai>=0.3.0->-r requirements.txt (line 5))
2026-01-19T02:39:57.8349646Z   Using cached google_auth-2.47.0-py3-none-any.whl.metadata (6.4 kB)
2026-01-19T02:39:57.8735261Z Collecting httpx<1.0.0,>=0.28.1 (from google-genai>=0.3.0->-r requirements.txt (line 5))
2026-01-19T02:39:57.8749318Z   Using cached httpx-0.28.1-py3-none-any.whl.metadata (7.1 kB)
2026-01-19T02:39:58.0307025Z Collecting pydantic<3.0.0,>=2.9.0 (from google-genai>=0.3.0->-r requirements.txt (line 5))
2026-01-19T02:39:58.0322371Z   Using cached pydantic-2.12.5-py3-none-any.whl.metadata (90 kB)
2026-01-19T02:39:58.0721910Z Collecting tenacity<9.2.0,>=8.2.3 (from google-genai>=0.3.0->-r requirements.txt (line 5))
2026-01-19T02:39:58.0736047Z   Using cached tenacity-9.1.2-py3-none-any.whl.metadata (1.2 kB)
2026-01-19T02:39:58.1900552Z Collecting websockets<15.1.0,>=13.0.0 (from google-genai>=0.3.0->-r requirements.txt (line 5))
2026-01-19T02:39:58.1916539Z   Using cached websockets-15.0.1-cp311-cp311-manylinux_2_5_x86_64.manylinux1_x86_64.manylinux_2_17_x86_64.manylinux2014_x86_64.whl.metadata (6.8 kB)
2026-01-19T02:39:58.2209545Z Collecting distro<2,>=1.7.0 (from google-genai>=0.3.0->-r requirements.txt (line 5))
2026-01-19T02:39:58.2223222Z   Using cached distro-1.9.0-py3-none-any.whl.metadata (6.8 kB)
2026-01-19T02:39:58.2461512Z Collecting sniffio (from google-genai>=0.3.0->-r requirements.txt (line 5))
2026-01-19T02:39:58.2474667Z   Using cached sniffio-1.3.1-py3-none-any.whl.metadata (3.9 kB)
2026-01-19T02:39:58.2894259Z Collecting pyasn1-modules>=0.2.1 (from google-auth<3.0.0,>=2.47.0->google-auth[requests]<3.0.0,>=2.47.0->google-genai>=0.3.0->-r requirements.txt (line 5))
2026-01-19T02:39:58.2907731Z   Using cached pyasn1_modules-0.4.2-py3-none-any.whl.metadata (3.5 kB)
2026-01-19T02:39:58.3199852Z Collecting rsa<5,>=3.1.4 (from google-auth<3.0.0,>=2.47.0->google-auth[requests]<3.0.0,>=2.47.0->google-genai>=0.3.0->-r requirements.txt (line 5))
2026-01-19T02:39:58.3214646Z   Using cached rsa-4.9.1-py3-none-any.whl.metadata (5.6 kB)
2026-01-19T02:39:58.3694285Z Collecting httpcore==1.* (from httpx<1.0.0,>=0.28.1->google-genai>=0.3.0->-r requirements.txt (line 5))
2026-01-19T02:39:58.3709213Z   Using cached httpcore-1.0.9-py3-none-any.whl.metadata (21 kB)
2026-01-19T02:39:58.4152003Z Collecting h11>=0.16 (from httpcore==1.*->httpx<1.0.0,>=0.28.1->google-genai>=0.3.0->-r requirements.txt (line 5))
2026-01-19T02:39:58.4166675Z   Using cached h11-0.16.0-py3-none-any.whl.metadata (8.3 kB)
2026-01-19T02:39:58.4425570Z Collecting annotated-types>=0.6.0 (from pydantic<3.0.0,>=2.9.0->google-genai>=0.3.0->-r requirements.txt (line 5))
2026-01-19T02:39:58.4439765Z   Using cached annotated_types-0.7.0-py3-none-any.whl.metadata (15 kB)
2026-01-19T02:39:59.1362512Z Collecting pydantic-core==2.41.5 (from pydantic<3.0.0,>=2.9.0->google-genai>=0.3.0->-r requirements.txt (line 5))
2026-01-19T02:39:59.1378247Z   Using cached pydantic_core-2.41.5-cp311-cp311-manylinux_2_17_x86_64.manylinux2014_x86_64.whl.metadata (7.3 kB)
2026-01-19T02:39:59.1651870Z Collecting typing-inspection>=0.4.2 (from pydantic<3.0.0,>=2.9.0->google-genai>=0.3.0->-r requirements.txt (line 5))
2026-01-19T02:39:59.1665689Z   Using cached typing_inspection-0.4.2-py3-none-any.whl.metadata (2.6 kB)
2026-01-19T02:39:59.2520156Z Collecting pyasn1>=0.1.3 (from rsa<5,>=3.1.4->google-auth<3.0.0,>=2.47.0->google-auth[requests]<3.0.0,>=2.47.0->google-genai>=0.3.0->-r requirements.txt (line 5))
2026-01-19T02:39:59.2535830Z   Using cached pyasn1-0.6.2-py3-none-any.whl.metadata (8.4 kB)
2026-01-19T02:39:59.2804060Z Using cached playwright-1.57.0-py3-none-manylinux1_x86_64.whl (46.0 MB)
2026-01-19T02:39:59.3146602Z Using cached greenlet-3.3.0-cp311-cp311-manylinux_2_24_x86_64.manylinux_2_28_x86_64.whl (590 kB)
2026-01-19T02:39:59.3163461Z Using cached pyee-13.0.0-py3-none-any.whl (15 kB)
2026-01-19T02:39:59.3177039Z Using cached python_dotenv-1.2.1-py3-none-any.whl (21 kB)
2026-01-19T02:39:59.3190381Z Using cached requests-2.32.5-py3-none-any.whl (64 kB)
2026-01-19T02:39:59.3205282Z Using cached charset_normalizer-3.4.4-cp311-cp311-manylinux2014_x86_64.manylinux_2_17_x86_64.manylinux_2_28_x86_64.whl (151 kB)
2026-01-19T02:39:59.3219074Z Using cached idna-3.11-py3-none-any.whl (71 kB)
2026-01-19T02:39:59.3232662Z Using cached urllib3-2.6.3-py3-none-any.whl (131 kB)
2026-01-19T02:39:59.3247204Z Using cached pillow-12.1.0-cp311-cp311-manylinux_2_27_x86_64.manylinux_2_28_x86_64.whl (7.0 MB)
2026-01-19T02:39:59.3312224Z Using cached google_genai-1.59.0-py3-none-any.whl (719 kB)
2026-01-19T02:39:59.3330296Z Using cached anyio-4.12.1-py3-none-any.whl (113 kB)
2026-01-19T02:39:59.3344423Z Using cached distro-1.9.0-py3-none-any.whl (20 kB)
2026-01-19T02:39:59.3357626Z Using cached google_auth-2.47.0-py3-none-any.whl (234 kB)
2026-01-19T02:39:59.3372396Z Using cached httpx-0.28.1-py3-none-any.whl (73 kB)
2026-01-19T02:39:59.3386104Z Using cached httpcore-1.0.9-py3-none-any.whl (78 kB)
2026-01-19T02:39:59.3399884Z Using cached pydantic-2.12.5-py3-none-any.whl (463 kB)
2026-01-19T02:39:59.3416877Z Using cached pydantic_core-2.41.5-cp311-cp311-manylinux_2_17_x86_64.manylinux2014_x86_64.whl (2.1 MB)
2026-01-19T02:39:59.3445150Z Using cached rsa-4.9.1-py3-none-any.whl (34 kB)
2026-01-19T02:39:59.3458213Z Using cached tenacity-9.1.2-py3-none-any.whl (28 kB)
2026-01-19T02:39:59.3471773Z Using cached typing_extensions-4.15.0-py3-none-any.whl (44 kB)
2026-01-19T02:39:59.3485898Z Using cached websockets-15.0.1-cp311-cp311-manylinux_2_5_x86_64.manylinux1_x86_64.manylinux_2_17_x86_64.manylinux2014_x86_64.whl (182 kB)
2026-01-19T02:39:59.3499707Z Using cached termcolor-3.3.0-py3-none-any.whl (7.7 kB)
2026-01-19T02:39:59.3513788Z Using cached pyyaml-6.0.3-cp311-cp311-manylinux2014_x86_64.manylinux_2_17_x86_64.manylinux_2_28_x86_64.whl (806 kB)
2026-01-19T02:39:59.3532743Z Using cached opencv_python_headless-4.13.0.90-cp37-abi3-manylinux_2_28_x86_64.whl (62.5 MB)
2026-01-19T02:39:59.3985676Z Using cached numpy-2.4.1-cp311-cp311-manylinux_2_27_x86_64.manylinux_2_28_x86_64.whl (16.7 MB)
2026-01-19T02:39:59.4117251Z Using cached faker-40.1.2-py3-none-any.whl (2.0 MB)
2026-01-19T02:39:59.4144502Z Using cached annotated_types-0.7.0-py3-none-any.whl (13 kB)
2026-01-19T02:39:59.4157596Z Using cached certifi-2026.1.4-py3-none-any.whl (152 kB)
2026-01-19T02:39:59.4171540Z Using cached h11-0.16.0-py3-none-any.whl (37 kB)
2026-01-19T02:39:59.4185090Z Using cached pyasn1-0.6.2-py3-none-any.whl (83 kB)
2026-01-19T02:39:59.4198462Z Using cached pyasn1_modules-0.4.2-py3-none-any.whl (181 kB)
2026-01-19T02:39:59.4212780Z Using cached typing_inspection-0.4.2-py3-none-any.whl (14 kB)
2026-01-19T02:39:59.4226026Z Using cached sniffio-1.3.1-py3-none-any.whl (10 kB)
2026-01-19T02:39:59.6243788Z Installing collected packages: websockets, urllib3, typing-extensions, termcolor, tenacity, sniffio, PyYAML, python-dotenv, pyasn1, pillow, numpy, idna, h11, greenlet, faker, distro, charset_normalizer, certifi, annotated-types, typing-inspection, rsa, requests, pyee, pydantic-core, pyasn1-modules, opencv-python-headless, httpcore, anyio, pydantic, playwright, httpx, google-auth, google-genai
2026-01-19T02:40:06.3968912Z 
2026-01-19T02:40:06.3992100Z Successfully installed PyYAML-6.0.3 annotated-types-0.7.0 anyio-4.12.1 certifi-2026.1.4 charset_normalizer-3.4.4 distro-1.9.0 faker-40.1.2 google-auth-2.47.0 google-genai-1.59.0 greenlet-3.3.0 h11-0.16.0 httpcore-1.0.9 httpx-0.28.1 idna-3.11 numpy-2.4.1 opencv-python-headless-4.13.0.90 pillow-12.1.0 playwright-1.57.0 pyasn1-0.6.2 pyasn1-modules-0.4.2 pydantic-2.12.5 pydantic-core-2.41.5 pyee-13.0.0 python-dotenv-1.2.1 requests-2.32.5 rsa-4.9.1 sniffio-1.3.1 tenacity-9.1.2 termcolor-3.3.0 typing-extensions-4.15.0 typing-inspection-0.4.2 urllib3-2.6.3 websockets-15.0.1
2026-01-19T02:40:07.1005718Z Downloading Chromium 143.0.7499.4 (playwright build v1200) from https://cdn.playwright.dev/dbazure/download/playwright/builds/chromium/1200/chromium-linux.zip
2026-01-19T02:40:07.1994760Z (node:2303) [DEP0169] DeprecationWarning: `url.parse()` behavior is not standardized and prone to errors that have security implications. Use the WHATWG URL API instead. CVEs are not issued for `url.parse()` vulnerabilities.
2026-01-19T02:40:07.1996606Z (Use `node --trace-deprecation ...` to show where the warning was created)
2026-01-19T02:40:07.3152727Z |                                                                                |   0% of 164.7 MiB
2026-01-19T02:40:07.4781239Z |■■■■■■■■                                                                        |  10% of 164.7 MiB
2026-01-19T02:40:07.5595468Z |■■■■■■■■■■■■■■■■                                                                |  20% of 164.7 MiB
2026-01-19T02:40:07.6347583Z |■■■■■■■■■■■■■■■■■■■■■■■■                                                        |  30% of 164.7 MiB
2026-01-19T02:40:07.7146664Z |■■■■■■■■■■■■■■■■■■■■■■■■■■■■■■■■                                                |  40% of 164.7 MiB
2026-01-19T02:40:07.7919915Z |■■■■■■■■■■■■■■■■■■■■■■■■■■■■■■■■■■■■■■■■                                        |  50% of 164.7 MiB
2026-01-19T02:40:07.8641578Z |■■■■■■■■■■■■■■■■■■■■■■■■■■■■■■■■■■■■■■■■■■■■■■■■                                |  60% of 164.7 MiB
2026-01-19T02:40:07.9346054Z |■■■■■■■■■■■■■■■■■■■■■■■■■■■■■■■■■■■■■■■■■■■■■■■■■■■■■■■■                        |  70% of 164.7 MiB
2026-01-19T02:40:08.0044207Z |■■■■■■■■■■■■■■■■■■■■■■■■■■■■■■■■■■■■■■■■■■■■■■■■■■■■■■■■■■■■■■■■                |  80% of 164.7 MiB
2026-01-19T02:40:08.0733609Z |■■■■■■■■■■■■■■■■■■■■■■■■■■■■■■■■■■■■■■■■■■■■■■■■■■■■■■■■■■■■■■■■■■■■■■■■        |  90% of 164.7 MiB
2026-01-19T02:40:08.1442327Z |■■■■■■■■■■■■■■■■■■■■■■■■■■■■■■■■■■■■■■■■■■■■■■■■■■■■■■■■■■■■■■■■■■■■■■■■■■■■■■■■| 100% of 164.7 MiB
2026-01-19T02:40:10.7354234Z Chromium 143.0.7499.4 (playwright build v1200) downloaded to /home/runner/.cache/ms-playwright/chromium-1200
2026-01-19T02:40:10.7359633Z Downloading FFMPEG playwright build v1011 from https://cdn.playwright.dev/dbazure/download/playwright/builds/ffmpeg/1011/ffmpeg-linux.zip
2026-01-19T02:40:10.8367779Z (node:2315) [DEP0169] DeprecationWarning: `url.parse()` behavior is not standardized and prone to errors that have security implications. Use the WHATWG URL API instead. CVEs are not issued for `url.parse()` vulnerabilities.
2026-01-19T02:40:10.8369699Z (Use `node --trace-deprecation ...` to show where the warning was created)
2026-01-19T02:40:10.9373984Z |                                                                                |   0% of 2.3 MiB
2026-01-19T02:40:10.9782332Z |■■■■■■■■                                                                        |  10% of 2.3 MiB
2026-01-19T02:40:10.9944747Z |■■■■■■■■■■■■■■■■                                                                |  20% of 2.3 MiB
2026-01-19T02:40:11.0065098Z |■■■■■■■■■■■■■■■■■■■■■■■■                                                        |  30% of 2.3 MiB
2026-01-19T02:40:11.0111209Z |■■■■■■■■■■■■■■■■■■■■■■■■■■■■■■■■                                                |  40% of 2.3 MiB
2026-01-19T02:40:11.0145249Z |■■■■■■■■■■■■■■■■■■■■■■■■■■■■■■■■■■■■■■■■                                        |  50% of 2.3 MiB
2026-01-19T02:40:11.0250358Z |■■■■■■■■■■■■■■■■■■■■■■■■■■■■■■■■■■■■■■■■■■■■■■■■                                |  60% of 2.3 MiB
2026-01-19T02:40:11.0309437Z |■■■■■■■■■■■■■■■■■■■■■■■■■■■■■■■■■■■■■■■■■■■■■■■■■■■■■■■■                        |  70% of 2.3 MiB
2026-01-19T02:40:11.0324987Z |■■■■■■■■■■■■■■■■■■■■■■■■■■■■■■■■■■■■■■■■■■■■■■■■■■■■■■■■■■■■■■■■                |  80% of 2.3 MiB
2026-01-19T02:40:11.0350723Z |■■■■■■■■■■■■■■■■■■■■■■■■■■■■■■■■■■■■■■■■■■■■■■■■■■■■■■■■■■■■■■■■■■■■■■■■        |  90% of 2.3 MiB
2026-01-19T02:40:11.0368197Z |■■■■■■■■■■■■■■■■■■■■■■■■■■■■■■■■■■■■■■■■■■■■■■■■■■■■■■■■■■■■■■■■■■■■■■■■■■■■■■■■| 100% of 2.3 MiB
2026-01-19T02:40:11.0987099Z FFMPEG playwright build v1011 downloaded to /home/runner/.cache/ms-playwright/ffmpeg-1011
2026-01-19T02:40:11.0990945Z Downloading Chromium Headless Shell 143.0.7499.4 (playwright build v1200) from https://cdn.playwright.dev/dbazure/download/playwright/builds/chromium/1200/chromium-headless-shell-linux.zip
2026-01-19T02:40:11.2033774Z (node:2326) [DEP0169] DeprecationWarning: `url.parse()` behavior is not standardized and prone to errors that have security implications. Use the WHATWG URL API instead. CVEs are not issued for `url.parse()` vulnerabilities.
2026-01-19T02:40:11.2035723Z (Use `node --trace-deprecation ...` to show where the warning was created)
2026-01-19T02:40:11.3111693Z |                                                                                |   0% of 109.7 MiB
2026-01-19T02:40:11.5025874Z |■■■■■■■■                                                                        |  10% of 109.7 MiB
2026-01-19T02:40:11.5665043Z |■■■■■■■■■■■■■■■■                                                                |  20% of 109.7 MiB
2026-01-19T02:40:11.6279360Z |■■■■■■■■■■■■■■■■■■■■■■■■                                                        |  30% of 109.7 MiB
2026-01-19T02:40:11.6842220Z |■■■■■■■■■■■■■■■■■■■■■■■■■■■■■■■■                                                |  40% of 109.7 MiB
2026-01-19T02:40:11.7374017Z |■■■■■■■■■■■■■■■■■■■■■■■■■■■■■■■■■■■■■■■■                                        |  50% of 109.7 MiB
2026-01-19T02:40:11.7788012Z |■■■■■■■■■■■■■■■■■■■■■■■■■■■■■■■■■■■■■■■■■■■■■■■■                                |  60% of 109.7 MiB
2026-01-19T02:40:11.8226461Z |■■■■■■■■■■■■■■■■■■■■■■■■■■■■■■■■■■■■■■■■■■■■■■■■■■■■■■■■                        |  70% of 109.7 MiB
2026-01-19T02:40:11.8717759Z |■■■■■■■■■■■■■■■■■■■■■■■■■■■■■■■■■■■■■■■■■■■■■■■■■■■■■■■■■■■■■■■■                |  80% of 109.7 MiB
2026-01-19T02:40:11.9111634Z |■■■■■■■■■■■■■■■■■■■■■■■■■■■■■■■■■■■■■■■■■■■■■■■■■■■■■■■■■■■■■■■■■■■■■■■■        |  90% of 109.7 MiB
2026-01-19T02:40:11.9617110Z |■■■■■■■■■■■■■■■■■■■■■■■■■■■■■■■■■■■■■■■■■■■■■■■■■■■■■■■■■■■■■■■■■■■■■■■■■■■■■■■■| 100% of 109.7 MiB
2026-01-19T02:40:13.9301592Z Chromium Headless Shell 143.0.7499.4 (playwright build v1200) downloaded to /home/runner/.cache/ms-playwright/chromium_headless_shell-1200
2026-01-19T02:40:13.9546606Z ##[group]Run mkdir -p projects/ci_w3schools_tryit
2026-01-19T02:40:13.9547045Z [36;1mmkdir -p projects/ci_w3schools_tryit[0m
2026-01-19T02:40:13.9547568Z [36;1mcat > projects/ci_w3schools_tryit/config.json << 'EOF'[0m
2026-01-19T02:40:13.9548047Z [36;1m{[0m
2026-01-19T02:40:13.9548259Z [36;1m  "project_name": "ci_w3schools_tryit",[0m
2026-01-19T02:40:13.9548714Z [36;1m  "target_url": "https://www.w3schools.com/html/tryit.asp?filename=tryhtml_default",[0m
2026-01-19T02:40:13.9549140Z [36;1m  "goal": "Test HTML editor",[0m
2026-01-19T02:40:13.9549399Z [36;1m  "headless": true[0m
2026-01-19T02:40:13.9549609Z [36;1m}[0m
2026-01-19T02:40:13.9549774Z [36;1mEOF[0m
2026-01-19T02:40:13.9582819Z shell: /usr/bin/bash -e {0}
2026-01-19T02:40:13.9583063Z env:
2026-01-19T02:40:13.9583321Z   pythonLocation: /opt/hostedtoolcache/Python/3.11.14/x64
2026-01-19T02:40:13.9583745Z   PKG_CONFIG_PATH: /opt/hostedtoolcache/Python/3.11.14/x64/lib/pkgconfig
2026-01-19T02:40:13.9584201Z   Python_ROOT_DIR: /opt/hostedtoolcache/Python/3.11.14/x64
2026-01-19T02:40:13.9584583Z   Python2_ROOT_DIR: /opt/hostedtoolcache/Python/3.11.14/x64
2026-01-19T02:40:13.9584942Z   Python3_ROOT_DIR: /opt/hostedtoolcache/Python/3.11.14/x64
2026-01-19T02:40:13.9585309Z   LD_LIBRARY_PATH: /opt/hostedtoolcache/Python/3.11.14/x64/lib
2026-01-19T02:40:13.9585616Z ##[endgroup]
2026-01-19T02:40:13.9702012Z ##[group]Run # Use --deep for comprehensive regression suite
2026-01-19T02:40:13.9702502Z [36;1m# Use --deep for comprehensive regression suite[0m
2026-01-19T02:40:13.9702973Z [36;1mpython orchestrator.py --project projects/ci_w3schools_tryit --deep --force[0m
2026-01-19T02:40:13.9734900Z shell: /usr/bin/bash -e {0}
2026-01-19T02:40:13.9735141Z env:
2026-01-19T02:40:13.9735413Z   pythonLocation: /opt/hostedtoolcache/Python/3.11.14/x64
2026-01-19T02:40:13.9735839Z   PKG_CONFIG_PATH: /opt/hostedtoolcache/Python/3.11.14/x64/lib/pkgconfig
2026-01-19T02:40:13.9736257Z   Python_ROOT_DIR: /opt/hostedtoolcache/Python/3.11.14/x64
2026-01-19T02:40:13.9736811Z   Python2_ROOT_DIR: /opt/hostedtoolcache/Python/3.11.14/x64
2026-01-19T02:40:13.9737174Z   Python3_ROOT_DIR: /opt/hostedtoolcache/Python/3.11.14/x64
2026-01-19T02:40:13.9737567Z   LD_LIBRARY_PATH: /opt/hostedtoolcache/Python/3.11.14/x64/lib
2026-01-19T02:40:13.9738062Z   GOOGLE_API_KEY: ***
2026-01-19T02:40:13.9738303Z   PYTHONPATH: .
2026-01-19T02:40:13.9738483Z ##[endgroup]
2026-01-19T02:40:15.8840796Z 🚀 [DEEP] Extensive mapping enabled (Depth: 3, Pages: 50)
2026-01-19T02:40:15.8841516Z 
2026-01-19T02:40:15.8842185Z 🗺️ [DISCOVERY] Starting Parallel Semantic Crawl on https://www.w3schools.com/html/tryit.asp?filename=tryhtml_default (Workers: 3)
2026-01-19T02:40:17.5982264Z   🔍 [Worker 0] Visiting (0): https://www.w3schools.com/html/tryit.asp?filename=tryhtml_default
2026-01-19T02:40:19.0456110Z [DEBUG] Sending request to gemini-2.0-flash. Number of parts: 1
2026-01-19T02:40:19.0458009Z [DEBUG] Received response (Length: 239)
2026-01-19T02:40:19.0459153Z   🔍 [Worker 1] Visiting (1): https://www.w3schools.com/about/about_copyright.asp
2026-01-19T02:40:19.0476757Z   🔍 [Worker 2] Visiting (1): https://www.w3schools.com/spaces
2026-01-19T02:40:19.0674165Z   🔍 [Worker 0] Visiting (1): https://spaces.w3schools.com
2026-01-19T02:40:23.5896418Z [DEBUG] Sending request to gemini-2.0-flash. Number of parts: 1
2026-01-19T02:40:23.5896946Z [DEBUG] Sending request to gemini-2.0-flash. Number of parts: 1
2026-01-19T02:40:23.5897365Z [DEBUG] Sending request to gemini-2.0-flash. Number of parts: 1
2026-01-19T02:40:23.5897711Z [DEBUG] Received response (Length: 113)
2026-01-19T02:40:23.5898396Z   🔍 [Worker 0] Visiting (1): https://www.w3schools.com/about/about_privacy.asp
2026-01-19T02:40:23.8464560Z [DEBUG] Received response (Length: 287)
2026-01-19T02:40:23.8465652Z   🔍 [Worker 2] Visiting (1): https://www.w3schools.com
2026-01-19T02:40:23.9188822Z [DEBUG] Received response (Length: 336)
2026-01-19T02:40:23.9192251Z   🔍 [Worker 1] Visiting (2): http://www.w3schools.com/graphics/canvas_reference.asp
2026-01-19T02:40:28.6915826Z [DEBUG] Sending request to gemini-2.0-flash. Number of parts: 1
2026-01-19T02:40:28.6916590Z [DEBUG] Sending request to gemini-2.0-flash. Number of parts: 1
2026-01-19T02:40:28.6917341Z [DEBUG] Sending request to gemini-2.0-flash. Number of parts: 1
2026-01-19T02:40:28.6917959Z [DEBUG] Received response (Length: 132)
2026-01-19T02:40:28.6919028Z   🔍 [Worker 0] Visiting (2): http://www.w3schools.com/accessibility/index.php
2026-01-19T02:40:28.8558507Z [DEBUG] Received response (Length: 291)
2026-01-19T02:40:28.8560484Z   🔍 [Worker 1] Visiting (2): https://campus.w3schools.com/collections/certifications/products/java-certificate
2026-01-19T02:40:29.2724891Z [DEBUG] Received response (Length: 501)
2026-01-19T02:40:29.2726280Z   🔍 [Worker 2] Visiting (2): http://www.w3schools.com/django/index.php
2026-01-19T02:40:33.8528017Z [DEBUG] Sending request to gemini-2.0-flash. Number of parts: 1
2026-01-19T02:40:33.8529179Z [DEBUG] Sending request to gemini-2.0-flash. Number of parts: 1
2026-01-19T02:40:33.8531708Z [DEBUG] Sending request to gemini-2.0-flash. Number of parts: 1
2026-01-19T02:40:33.8532335Z [DEBUG] Received response (Length: 210)
2026-01-19T02:40:33.8533443Z   🔍 [Worker 1] Visiting (2): https://campus.w3schools.com/products/cyber-security-course
2026-01-19T02:40:34.0760622Z [DEBUG] Received response (Length: 444)
2026-01-19T02:40:34.0775769Z   🔍 [Worker 0] Visiting (2): https://support.w3schools.com/hc/en-gb
2026-01-19T02:40:34.3976243Z [DEBUG] Received response (Length: 457)
2026-01-19T02:40:34.3977812Z   🔍 [Worker 2] Visiting (2): http://www.w3schools.com/w3css/w3css_examples.asp
2026-01-19T02:40:38.7181517Z [DEBUG] Sending request to gemini-2.0-flash. Number of parts: 1
2026-01-19T02:40:38.7185917Z [DEBUG] Sending request to gemini-2.0-flash. Number of parts: 1
2026-01-19T02:40:38.7186732Z [DEBUG] Sending request to gemini-2.0-flash. Number of parts: 1
2026-01-19T02:40:38.7187290Z [DEBUG] Received response (Length: 216)
2026-01-19T02:40:38.7188184Z   🔍 [Worker 1] Visiting (2): http://www.w3schools.com/icons/default.asp
2026-01-19T02:40:38.8002392Z [DEBUG] Received response (Length: 266)
2026-01-19T02:40:38.8016134Z   🔍 [Worker 0] Visiting (2): https://campus.w3schools.com/collections/certifications/products/cyber-security-certificate
2026-01-19T02:40:38.9900379Z [DEBUG] Received response (Length: 329)
2026-01-19T02:40:38.9902042Z   🔍 [Worker 2] Visiting (2): http://www.w3schools.com/references/index.php
2026-01-19T02:40:43.7759512Z [DEBUG] Sending request to gemini-2.0-flash. Number of parts: 1
2026-01-19T02:40:43.7760693Z [DEBUG] Sending request to gemini-2.0-flash. Number of parts: 1
2026-01-19T02:40:43.7763419Z [DEBUG] Sending request to gemini-2.0-flash. Number of parts: 1
2026-01-19T02:40:43.7763980Z [DEBUG] Received response (Length: 244)
2026-01-19T02:40:43.7764855Z   🔍 [Worker 0] Visiting (2): http://www.w3schools.com/sql/default.asp
2026-01-19T02:40:43.9306100Z [DEBUG] Received response (Length: 317)
2026-01-19T02:40:43.9307641Z   🔍 [Worker 1] Visiting (2): http://www.w3schools.com/kotlin/kotlin_exercises.php
2026-01-19T02:40:44.4290630Z [DEBUG] Received response (Length: 456)
2026-01-19T02:40:44.4293317Z   🔍 [Worker 2] Visiting (2): https://campus.w3schools.com/collections/course-catalog/products/react-js-course
2026-01-19T02:40:48.8636556Z [DEBUG] Sending request to gemini-2.0-flash. Number of parts: 1
2026-01-19T02:40:48.8642266Z [DEBUG] Sending request to gemini-2.0-flash. Number of parts: 1
2026-01-19T02:40:48.8642981Z [DEBUG] Sending request to gemini-2.0-flash. Number of parts: 1
2026-01-19T02:40:48.8643558Z [DEBUG] Received response (Length: 271)
2026-01-19T02:40:48.8644553Z   🔍 [Worker 2] Visiting (2): http://www.w3schools.com/cpp/cpp_exercises.asp
2026-01-19T02:40:48.9092181Z [DEBUG] Received response (Length: 423)
2026-01-19T02:40:48.9099197Z   🔍 [Worker 1] Visiting (2): http://www.w3schools.com/kotlin/kotlin_quiz.php
2026-01-19T02:40:49.1838785Z [DEBUG] Received response (Length: 366)
2026-01-19T02:40:49.1840458Z   🔍 [Worker 0] Visiting (2): http://www.w3schools.com/nodejs/nodejs_exercises.asp
2026-01-19T02:40:50.5597082Z [DEBUG] Sending request to gemini-2.0-flash. Number of parts: 1
2026-01-19T02:40:50.5598178Z [DEBUG] Received response (Length: 402)
2026-01-19T02:40:50.5599440Z   🔍 [Worker 1] Visiting (2): http://www.w3schools.com/go/index.php
2026-01-19T02:40:55.5979249Z [DEBUG] Sending request to gemini-2.0-flash. Number of parts: 1
2026-01-19T02:40:55.5984384Z [DEBUG] Sending request to gemini-2.0-flash. Number of parts: 1
2026-01-19T02:40:55.5985850Z [DEBUG] Sending request to gemini-2.0-flash. Number of parts: 1
2026-01-19T02:40:55.5987396Z [DEBUG] Received response (Length: 292)
2026-01-19T02:40:55.5989415Z   🔍 [Worker 0] Visiting (2): http://www.w3schools.com/typescript/typescript_exercises.php
2026-01-19T02:40:55.6720414Z [DEBUG] Received response (Length: 289)
2026-01-19T02:40:55.6722276Z [DEBUG] Received response (Length: 406)
2026-01-19T02:40:55.6725629Z   🔍 [Worker 2] Visiting (2): https://campus.w3schools.com/collections/certifications/products/c-certificate-1
2026-01-19T02:40:55.6769815Z   🔍 [Worker 1] Visiting (2): http://www.w3schools.com/charsets/ref_emoji_intro.asp
2026-01-19T02:41:00.3855485Z [DEBUG] Sending request to gemini-2.0-flash. Number of parts: 1
2026-01-19T02:41:00.3856893Z [DEBUG] Sending request to gemini-2.0-flash. Number of parts: 1
2026-01-19T02:41:00.3858445Z [DEBUG] Sending request to gemini-2.0-flash. Number of parts: 1
2026-01-19T02:41:00.3859086Z [DEBUG] Received response (Length: 201)
2026-01-19T02:41:00.3860224Z   🔍 [Worker 2] Visiting (2): http://www.w3schools.com/jquery/jquery_ref_overview.asp
2026-01-19T02:41:00.8171436Z [DEBUG] Received response (Length: 430)
2026-01-19T02:41:00.8172494Z   🔍 [Worker 1] Visiting (2): http://www.w3schools.com/html/html_quiz.asp
2026-01-19T02:41:00.9123677Z [DEBUG] Received response (Length: 471)
2026-01-19T02:41:00.9124754Z   🔍 [Worker 0] Visiting (2): https://campus.w3schools.com/pages/newsletter
2026-01-19T02:41:05.6844838Z [DEBUG] Sending request to gemini-2.0-flash. Number of parts: 1
2026-01-19T02:41:05.6846021Z [DEBUG] Sending request to gemini-2.0-flash. Number of parts: 1
2026-01-19T02:41:05.6846702Z [DEBUG] Sending request to gemini-2.0-flash. Number of parts: 1
2026-01-19T02:41:05.6847262Z [DEBUG] Received response (Length: 282)
2026-01-19T02:41:05.6848222Z   🔍 [Worker 0] Visiting (2): http://www.w3schools.com/swift/default.asp
2026-01-19T02:41:05.8226322Z [DEBUG] Received response (Length: 477)
2026-01-19T02:41:05.8227893Z   🔍 [Worker 1] Visiting (2): http://www.w3schools.com/browsers/default.asp
2026-01-19T02:41:05.9428568Z [DEBUG] Received response (Length: 435)
2026-01-19T02:41:05.9430106Z   🔍 [Worker 2] Visiting (2): http://www.w3schools.com/exercises/index.php
2026-01-19T02:41:10.7534746Z [DEBUG] Sending request to gemini-2.0-flash. Number of parts: 1
2026-01-19T02:41:10.7539115Z [DEBUG] Sending request to gemini-2.0-flash. Number of parts: 1
2026-01-19T02:41:10.7539883Z [DEBUG] Sending request to gemini-2.0-flash. Number of parts: 1
2026-01-19T02:41:10.7540602Z [DEBUG] Received response (Length: 326)
2026-01-19T02:41:10.7541273Z [DEBUG] Received response (Length: 497)
2026-01-19T02:41:10.7542737Z   🔍 [Worker 2] Visiting (2): https://profile.w3schools.com/log-in?redirect_url=http%3A%2F%2Fwww.w3schools.com%2Fspaces%2Findex.php
2026-01-19T02:41:10.7589368Z   🔍 [Worker 1] Visiting (2): http://www.w3schools.com/bootstrap/bootstrap_quiz.asp
2026-01-19T02:41:10.8158952Z [DEBUG] Received response (Length: 401)
2026-01-19T02:41:10.8160786Z   🔍 [Worker 0] Visiting (2): https://campus.w3schools.com/collections/certifications/products/css-certificate
2026-01-19T02:41:15.3313693Z [DEBUG] Sending request to gemini-2.0-flash. Number of parts: 1
2026-01-19T02:41:15.3314408Z [DEBUG] Sending request to gemini-2.0-flash. Number of parts: 1
2026-01-19T02:41:15.3315047Z [DEBUG] Sending request to gemini-2.0-flash. Number of parts: 1
2026-01-19T02:41:15.3315606Z [DEBUG] Received response (Length: 103)
2026-01-19T02:41:15.3316547Z   🔍 [Worker 2] Visiting (2): http://www.w3schools.com/git/default.asp
2026-01-19T02:41:15.7270901Z [DEBUG] Received response (Length: 465)
2026-01-19T02:41:15.7272475Z   🔍 [Worker 1] Visiting (2): http://www.w3schools.com/c/c_exercises.php
2026-01-19T02:41:16.3182833Z [DEBUG] Received response (Length: 218)
2026-01-19T02:41:16.3186273Z   🔍 [Worker 0] Visiting (2): https://campus.w3schools.com/collections/certifications/products/bootstrap-5-certificate
2026-01-19T02:41:21.0365086Z [DEBUG] Sending request to gemini-2.0-flash. Number of parts: 1
2026-01-19T02:41:21.0368673Z [DEBUG] Sending request to gemini-2.0-flash. Number of parts: 1
2026-01-19T02:41:21.0369457Z [DEBUG] Sending request to gemini-2.0-flash. Number of parts: 1
2026-01-19T02:41:21.0371591Z [DEBUG] Received response (Length: 421)
2026-01-19T02:41:21.0374470Z   🔍 [Worker 2] Visiting (2): http://www.w3schools.com/bootstrap/bootstrap_ver.asp
2026-01-19T02:41:21.4199895Z [DEBUG] Received response (Length: 208)
2026-01-19T02:41:21.4201516Z   🔍 [Worker 0] Visiting (2): http://www.w3schools.com/tryit/default.asp
2026-01-19T02:41:22.8795100Z [DEBUG] Received response (Length: 479)
2026-01-19T02:41:22.8797047Z   🔍 [Worker 1] Visiting (2): http://www.w3schools.com/googlesheets/index.php
2026-01-19T02:41:25.5987040Z [DEBUG] Sending request to gemini-2.0-flash. Number of parts: 1
2026-01-19T02:41:25.6005663Z [DEBUG] Sending request to gemini-2.0-flash. Number of parts: 1
2026-01-19T02:41:25.6006409Z [DEBUG] Sending request to gemini-2.0-flash. Number of parts: 1
2026-01-19T02:41:25.6006960Z [DEBUG] Received response (Length: 328)
2026-01-19T02:41:25.6007902Z   🔍 [Worker 0] Visiting (2): https://campus.w3schools.com/products/numpy-course
2026-01-19T02:41:25.6503144Z [DEBUG] Received response (Length: 343)
2026-01-19T02:41:25.6504832Z   🔍 [Worker 1] Visiting (2): http://www.w3schools.com/nodejs/nodejs_raspberrypi.asp
2026-01-19T02:41:25.6789178Z [DEBUG] Received response (Length: 418)
2026-01-19T02:41:25.6793331Z   🔍 [Worker 2] Visiting (2): https://campus.w3schools.com/collections/certifications
2026-01-19T02:41:30.5006997Z [DEBUG] Sending request to gemini-2.0-flash. Number of parts: 1
2026-01-19T02:41:30.5007765Z [DEBUG] Sending request to gemini-2.0-flash. Number of parts: 1
2026-01-19T02:41:30.5008461Z [DEBUG] Sending request to gemini-2.0-flash. Number of parts: 1
2026-01-19T02:41:30.5009010Z [DEBUG] Received response (Length: 228)
2026-01-19T02:41:30.5009969Z   🔍 [Worker 0] Visiting (2): http://www.w3schools.com/mongodb/index.php
2026-01-19T02:41:30.7299080Z [DEBUG] Received response (Length: 399)
2026-01-19T02:41:30.7300241Z   🔍 [Worker 1] Visiting (2): http://www.w3schools.com/php/php_examples.asp
2026-01-19T02:41:30.8595872Z [DEBUG] Received response (Length: 254)
2026-01-19T02:41:30.8598962Z   🔍 [Worker 2] Visiting (2): http://www.w3schools.com/w3css/w3css_references.asp
2026-01-19T02:41:32.6546093Z [DEBUG] Sending request to gemini-2.0-flash. Number of parts: 1
2026-01-19T02:41:32.6546796Z [DEBUG] Received response (Length: 452)
2026-01-19T02:41:32.6547802Z   🔍 [Worker 0] Visiting (2): http://www.w3schools.com/charsets/default.asp
2026-01-19T02:41:37.7382626Z [DEBUG] Sending request to gemini-2.0-flash. Number of parts: 1
2026-01-19T02:41:37.7383766Z [DEBUG] Sending request to gemini-2.0-flash. Number of parts: 1
2026-01-19T02:41:37.7384454Z [DEBUG] Sending request to gemini-2.0-flash. Number of parts: 1
2026-01-19T02:41:37.7385091Z [DEBUG] Received response (Length: 237)
2026-01-19T02:41:37.7386133Z   🔍 [Worker 1] Visiting (2): http://www.w3schools.com/java/java_ref_keywords.asp
2026-01-19T02:41:39.1909498Z [DEBUG] Received response (Length: 216)
2026-01-19T02:41:39.1914382Z   🔍 [Worker 2] Visiting (2): http://www.w3schools.com/w3css/w3css_templates.asp
2026-01-19T02:41:39.9754043Z [DEBUG] Received response (Length: 520)
2026-01-19T02:41:39.9755615Z   🔍 [Worker 0] Visiting (2): https://campus.w3schools.com/collections/course-catalog/products/html-course
2026-01-19T02:41:43.0217629Z [DEBUG] Sending request to gemini-2.0-flash. Number of parts: 1
2026-01-19T02:41:43.0218924Z [DEBUG] Sending request to gemini-2.0-flash. Number of parts: 1
2026-01-19T02:41:43.0222334Z [DEBUG] Sending request to gemini-2.0-flash. Number of parts: 1
2026-01-19T02:41:43.0223808Z [DEBUG] Received response (Length: 334)
2026-01-19T02:41:43.0224805Z   🔍 [Worker 1] Visiting (2): http://www.w3schools.com/sql/sql_exercises.asp
2026-01-19T02:41:49.2522157Z [DEBUG] Received response (Length: 163)
2026-01-19T02:41:49.2522727Z [DEBUG] Received response (Length: 346)
2026-01-19T02:41:49.2523329Z [DEBUG] Sending request to gemini-2.0-flash. Number of parts: 1
2026-01-19T02:41:49.2523933Z [DEBUG] Received response (Length: 382)
2026-01-19T02:41:49.2524671Z ✅ Discovery Complete. Mapped 50 pages.
2026-01-19T02:41:59.5909631Z 
2026-01-19T02:41:59.5910366Z [PLAN] PLANNER: Planning goal -> 'Test HTML editor' (Deep Mode: True)
2026-01-19T02:41:59.5911572Z 🗺️ [PLAN] Loaded Sitemap with 50 pages.
2026-01-19T02:41:59.5912709Z 🎭 [EXPERT] Detected Domain: GENERAL. Persona: Act as Senior SDET focusing on exploring the application to understand functional flow and identifying critical paths for end-to-end automation
2026-01-19T02:41:59.5913645Z [DEBUG] Sending request to gemini-2.0-flash. Number of parts: 1
2026-01-19T02:41:59.5914009Z [DEBUG] Received response (Length: 3076)
2026-01-19T02:41:59.5914366Z ✅ Planner generated 3 scenarios. Workflow updated.
2026-01-19T02:42:00.6786642Z 
2026-01-19T02:42:00.6788160Z 🕵️ [DEEP EXPLORER] Starting Multi-Scenario Exploration
2026-01-19T02:42:00.6788998Z 📋 Found 3 scenarios to explore.
2026-01-19T02:42:01.0529494Z 
2026-01-19T02:42:01.0530354Z [1/3] Exploring Scenario: Edit and Run HTML Code
2026-01-19T02:42:01.0531992Z     🧠 Initialized exploration context for goal: 'Test HTML editor'
2026-01-19T02:42:01.0533070Z   ▶️ [STEP step_1] NAVIGATE: 
2026-01-19T02:42:01.9452280Z     ✅ Navigated to https://www.w3schools.com/html/tryit.asp?filename=tryhtml_default
2026-01-19T02:42:01.9457764Z   ▶️ [STEP step_2] ASSERT_VISIBLE: Run ❯
2026-01-19T02:42:01.9657961Z     🔍 Mining locators for: 'Run ❯'
2026-01-19T02:42:02.1084891Z     ✅ Found 3 verified locators
2026-01-19T02:42:04.6585609Z     ✅ State transitioned.
2026-01-19T02:42:06.7843794Z [DEBUG] Sending request to gemini-2.0-flash. Number of parts: 2
2026-01-19T02:42:06.7844571Z [DEBUG] Received response (Length: 251)
2026-01-19T02:42:06.7845460Z     🤖 AI Next Step Suggestion: fill -> textarea
2026-01-19T02:42:06.7846065Z     🧩 Suggested Locator: textarea
2026-01-19T02:42:06.7846815Z     💭 Reasoning: The goal is to test the HTML editor. Filling the textarea with some HTML code is the next logical step.
2026-01-19T02:42:06.7847538Z     ➕ Injected AI step: fill -> textarea
2026-01-19T02:42:06.7847924Z   ▶️ [STEP step_2_ai_1] FILL: textarea
2026-01-19T02:42:06.7917592Z     🎯 Using AI-provided locator: textarea
2026-01-19T02:42:06.7937702Z     🔍 Mining locators for: 'textarea'
2026-01-19T02:42:06.8577006Z     🧠 Consulting AI (Vision-First) to find 'textarea'...
2026-01-19T02:42:06.8587021Z     🔍 Trying smart selectors for 'textarea'...
2026-01-19T02:42:06.8845643Z     ⚠️ Smart selectors failed (no unique match). Falling back to AI Vision...
2026-01-19T02:42:06.8846511Z     ⚠️ Critical step failure: name 'time' is not defined
2026-01-19T02:42:06.8846891Z   ▶️ [STEP step_3] FILL: HTML editor
2026-01-19T02:42:06.8899133Z     🔍 Mining locators for: 'HTML editor'
2026-01-19T02:42:06.9405763Z     🧠 Consulting AI (Vision-First) to find 'HTML editor'...
2026-01-19T02:42:06.9406592Z     🔍 Trying smart selectors for 'HTML editor'...
2026-01-19T02:42:06.9648755Z     ⚠️ Smart selectors failed (no unique match). Falling back to AI Vision...
2026-01-19T02:42:06.9649713Z     ⚠️ Critical step failure: name 'time' is not defined
2026-01-19T02:42:06.9650338Z   ▶️ [STEP step_4] CLICK: Run ❯
2026-01-19T02:42:06.9703428Z     🔍 Mining locators for: 'Run ❯'
2026-01-19T02:42:07.0367058Z     ✅ Found 3 verified locators
2026-01-19T02:42:10.5887808Z     ✅ State transitioned.
2026-01-19T02:42:12.6977859Z [DEBUG] Sending request to gemini-2.0-flash. Number of parts: 2
2026-01-19T02:42:12.6978627Z [DEBUG] Received response (Length: 291)
2026-01-19T02:42:12.6979662Z     🤖 AI Next Step Suggestion: fill -> textarea
2026-01-19T02:42:12.6980474Z     🧩 Suggested Locator: textarea
2026-01-19T02:42:12.6982555Z     💭 Reasoning: The goal is to test the HTML editor. Filling the textarea with new HTML code is the next logical step to test the editor's functionality.
2026-01-19T02:42:12.6984530Z ⚠️ Loop detected: same AI suggestion repeated 2 times. Moving to next step.
2026-01-19T02:42:12.6985611Z   ▶️ [STEP step_5] ASSERT_VISIBLE: Modified Heading
2026-01-19T02:42:12.7048855Z     🔍 Mining locators for: 'Modified Heading'
2026-01-19T02:42:12.7569779Z     🧠 Consulting AI (Vision-First) to find 'Modified Heading'...
2026-01-19T02:42:12.7570669Z     🔍 Trying smart selectors for 'Modified Heading'...
2026-01-19T02:42:12.7807808Z     ⚠️ Smart selectors failed (no unique match). Falling back to AI Vision...
2026-01-19T02:42:12.7808766Z     ⚠️ Critical step failure: name 'time' is not defined
2026-01-19T02:42:12.7809495Z   ▶️ [STEP step_6] ASSERT_VISIBLE: Modified paragraph.
2026-01-19T02:42:12.7864619Z     🔍 Mining locators for: 'Modified paragraph.'
2026-01-19T02:42:12.8402140Z     🧠 Consulting AI (Vision-First) to find 'Modified paragraph.'...
2026-01-19T02:42:12.8403075Z     🔍 Trying smart selectors for 'Modified paragraph.'...
2026-01-19T02:42:12.8628256Z     ⚠️ Smart selectors failed (no unique match). Falling back to AI Vision...
2026-01-19T02:42:12.8628903Z     ⚠️ Critical step failure: name 'time' is not defined
2026-01-19T02:42:14.9002024Z 
2026-01-19T02:42:14.9003300Z [2/3] Exploring Scenario: Check the URL after running the code
2026-01-19T02:42:14.9005144Z     🧠 Initialized exploration context for goal: 'Test HTML editor'
2026-01-19T02:42:14.9005825Z   ▶️ [STEP step_1] NAVIGATE: 
2026-01-19T02:42:15.7078193Z     ✅ Navigated to https://www.w3schools.com/html/tryit.asp?filename=tryhtml_default
2026-01-19T02:42:15.7079253Z   ▶️ [STEP step_2] ASSERT_URL: 
2026-01-19T02:42:20.7401933Z     ⚠️ Scroll into view failed for text=None. Proceeding anyway.
2026-01-19T02:42:22.7424844Z     ✅ State transitioned.
2026-01-19T02:42:24.5053019Z [DEBUG] Sending request to gemini-2.0-flash. Number of parts: 2
2026-01-19T02:42:24.5053432Z [DEBUG] Received response (Length: 277)
2026-01-19T02:42:24.5053977Z     🤖 AI Next Step Suggestion: click -> Run ❯
2026-01-19T02:42:24.5054334Z     🧩 Suggested Locator: #runbtn
2026-01-19T02:42:24.5055183Z     💭 Reasoning: Clicking the 'Run' button will execute the HTML code in the editor and display the result in the iframe. This is a crucial step to test the functionality of the HTML editor.
2026-01-19T02:42:24.5055962Z     ➕ Injected AI step: click -> Run ❯
2026-01-19T02:42:24.5056258Z   ▶️ [STEP step_2_ai_1] CLICK: Run ❯
2026-01-19T02:42:24.5114231Z     🎯 Using AI-provided locator: #runbtn
2026-01-19T02:42:24.5207638Z     ✅ Found 1 verified locators
2026-01-19T02:42:28.5854898Z     ✅ State transitioned.
2026-01-19T02:42:30.9654776Z [DEBUG] Sending request to gemini-2.0-flash. Number of parts: 2
2026-01-19T02:42:30.9655695Z [DEBUG] Received response (Length: 261)
2026-01-19T02:42:30.9656686Z     🤖 AI Next Step Suggestion: fill -> textarea
2026-01-19T02:42:30.9657431Z     🧩 Suggested Locator: textarea
2026-01-19T02:42:30.9658829Z     💭 Reasoning: The goal is to test the HTML editor. Filling the textarea with some HTML code is the next logical step.
2026-01-19T02:42:30.9659762Z     ➕ Injected AI step: fill -> textarea
2026-01-19T02:42:30.9660215Z   ▶️ [STEP step_2_ai_2] FILL: textarea
2026-01-19T02:42:30.9716356Z     🎯 Using AI-provided locator: textarea
2026-01-19T02:42:30.9736098Z     🔍 Mining locators for: 'textarea'
2026-01-19T02:42:31.0729506Z     🧠 Consulting AI (Vision-First) to find 'textarea'...
2026-01-19T02:42:31.0730241Z     🔍 Trying smart selectors for 'textarea'...
2026-01-19T02:42:31.0974130Z     ⚠️ Smart selectors failed (no unique match). Falling back to AI Vision...
2026-01-19T02:42:31.0975012Z     ⚠️ Critical step failure: name 'time' is not defined
2026-01-19T02:42:31.0975650Z   ▶️ [STEP step_3] CLICK: Run ❯
2026-01-19T02:42:31.1025716Z     🔍 Mining locators for: 'Run ❯'
2026-01-19T02:42:31.1706461Z     ✅ Found 3 verified locators
2026-01-19T02:42:34.7505405Z     ✅ State transitioned.
2026-01-19T02:42:34.7570564Z     🔄 Revisited state detected (count: 1)
2026-01-19T02:42:36.4171417Z [DEBUG] Sending request to gemini-2.0-flash. Number of parts: 2
2026-01-19T02:42:36.4172068Z [DEBUG] Received response (Length: 199)
2026-01-19T02:42:36.4172859Z     🤖 AI Next Step Suggestion: fill -> textarea
2026-01-19T02:42:36.4173427Z     🧩 Suggested Locator: textarea
2026-01-19T02:42:36.4174028Z     💭 Reasoning: To test the HTML editor, I need to input some HTML code into the textarea.
2026-01-19T02:42:36.4174648Z ⚠️ Loop detected: same AI suggestion repeated 2 times. Moving to next step.
2026-01-19T02:42:36.4175066Z   ▶️ [STEP step_4] ASSERT_URL: 
2026-01-19T02:42:41.4335084Z     ⚠️ Scroll into view failed for text=None. Proceeding anyway.
2026-01-19T02:42:43.4358168Z     ✅ State transitioned.
2026-01-19T02:42:43.4425477Z     🔄 Revisited state detected (count: 2)
2026-01-19T02:42:45.7082897Z [DEBUG] Sending request to gemini-2.0-flash. Number of parts: 2
2026-01-19T02:42:45.7083457Z [DEBUG] Received response (Length: 228)
2026-01-19T02:42:45.7084180Z     🤖 AI Next Step Suggestion: fill -> textarea
2026-01-19T02:42:45.7084803Z     🧩 Suggested Locator: textarea
2026-01-19T02:42:45.7085421Z     💭 Reasoning: The goal is to test the HTML editor. Filling the textarea with some HTML code is the next logical step.
2026-01-19T02:42:45.7085985Z     ➕ Injected AI step: fill -> textarea
2026-01-19T02:42:45.7086293Z   ▶️ [STEP step_4_ai_1] FILL: textarea
2026-01-19T02:42:45.7146978Z     🎯 Using AI-provided locator: textarea
2026-01-19T02:42:45.7165465Z     🔍 Mining locators for: 'textarea'
2026-01-19T02:42:45.7725130Z     🧠 Consulting AI (Vision-First) to find 'textarea'...
2026-01-19T02:42:45.7725914Z     🔍 Trying smart selectors for 'textarea'...
2026-01-19T02:42:45.7951287Z     ⚠️ Smart selectors failed (no unique match). Falling back to AI Vision...
2026-01-19T02:42:45.7952209Z     ⚠️ Critical step failure: name 'time' is not defined
2026-01-19T02:42:47.8316327Z 
2026-01-19T02:42:47.8317213Z [3/3] Exploring Scenario: Add Javascript code and run
2026-01-19T02:42:47.8318649Z     🧠 Initialized exploration context for goal: 'Test HTML editor'
2026-01-19T02:42:47.8320348Z   ▶️ [STEP step_1] NAVIGATE: 
2026-01-19T02:42:48.6172785Z     ✅ Navigated to https://www.w3schools.com/html/tryit.asp?filename=tryhtml_default
2026-01-19T02:42:48.6174446Z   ▶️ [STEP step_2] FILL: HTML editor
2026-01-19T02:42:48.6388243Z     🔍 Mining locators for: 'HTML editor'
2026-01-19T02:42:48.7058001Z     🧠 Consulting AI (Vision-First) to find 'HTML editor'...
2026-01-19T02:42:48.7058878Z     🔍 Trying smart selectors for 'HTML editor'...
2026-01-19T02:42:48.7302825Z     ⚠️ Smart selectors failed (no unique match). Falling back to AI Vision...
2026-01-19T02:42:48.7303926Z     ⚠️ Critical step failure: name 'time' is not defined
2026-01-19T02:42:48.7304515Z   ▶️ [STEP step_3] CLICK: Run ❯
2026-01-19T02:42:48.7356697Z     🔍 Mining locators for: 'Run ❯'
2026-01-19T02:42:48.8041999Z     ✅ Found 3 verified locators
2026-01-19T02:42:52.3946635Z     ✅ State transitioned.
2026-01-19T02:42:54.0934376Z [DEBUG] Sending request to gemini-2.0-flash. Number of parts: 2
2026-01-19T02:42:54.0935103Z [DEBUG] Received response (Length: 273)
2026-01-19T02:42:54.0935916Z     🤖 AI Next Step Suggestion: fill -> textarea
2026-01-19T02:42:54.0936556Z     🧩 Suggested Locator: textarea
2026-01-19T02:42:54.0937702Z     💭 Reasoning: The goal is to test the HTML editor. After running the default code, I should now input new code into the textarea.
2026-01-19T02:42:54.0939011Z ⚠️ Loop detected: same AI suggestion repeated 2 times. Moving to next step.
2026-01-19T02:42:54.0939781Z   ▶️ [STEP step_4] ASSERT_VISIBLE: Click Me!
2026-01-19T02:42:54.0995593Z     🔍 Mining locators for: 'Click Me!'
2026-01-19T02:42:54.1547430Z     🧠 Consulting AI (Vision-First) to find 'Click Me!'...
2026-01-19T02:42:54.1549035Z     🔍 Trying smart selectors for 'Click Me!'...
2026-01-19T02:42:54.1780668Z     ⚠️ Smart selectors failed (no unique match). Falling back to AI Vision...
2026-01-19T02:42:54.1781474Z     ⚠️ Critical step failure: name 'time' is not defined
2026-01-19T02:42:56.2145901Z 🗂️  All generated tests written to /home/runner/work/build_qa_automation/build_qa_automation/projects/ci_w3schools_tryit/tests/generated_scenarios.json
2026-01-19T02:42:56.2150540Z 🔄 Updated workflow.json with discovered steps and locators.
2026-01-19T02:42:56.2151367Z 
2026-01-19T02:42:56.2151608Z ✅ Deep Exploration Complete.
2026-01-19T02:45:26.5002682Z 
2026-01-19T02:45:26.5003477Z 🚀 [EXECUTE] Starting Automation Execution Engine
2026-01-19T02:45:26.5004132Z 📍 Project: ci_w3schools_tryit
2026-01-19T02:45:26.5004566Z 🎬 Mode: Headless
2026-01-19T02:45:26.5004746Z 
2026-01-19T02:45:26.5004919Z --- Scenario: Edit and Run HTML Code ---
2026-01-19T02:45:26.5005487Z   ▶️ [STEP step_1] NAVIGATE: Step step_1
2026-01-19T02:45:26.5008212Z     ✅ Step step_1 Passed.
2026-01-19T02:45:26.5008500Z   ▶️ [STEP step_2] ASSERT_VISIBLE: Run ❯
2026-01-19T02:45:26.5008846Z     🎯 Using mined locator: role=button[name='Run ❯']
2026-01-19T02:45:26.5009169Z     ✅ Step step_2 Passed.
2026-01-19T02:45:26.5009593Z   ▶️ [STEP step_2_ai_1] FILL: textarea
2026-01-19T02:45:26.5010144Z     ❌ Attempt 1 failed (element_not_found): Locator.scroll_into_view_if_needed: Timeout 10000ms exceeded.
2026-01-19T02:45:26.5010587Z Call log:
2026-01-19T02:45:26.5010771Z   - waiting for locator("tex...
2026-01-19T02:45:26.5011582Z     🔧 [AUTO-HEAL] Re-mining page to find 'textarea'...
2026-01-19T02:45:26.5012126Z [DEBUG] Sending request to gemini-2.0-flash. Number of parts: 2
2026-01-19T02:45:26.5012485Z [DEBUG] Received response (Length: 374)
2026-01-19T02:45:26.5012886Z     ✨ AI successfully healed the step! Found 2 alternatives.
2026-01-19T02:45:26.5013297Z     ✨ AI successfully healed the step! New selector: body
2026-01-19T02:45:26.5013649Z     ✅ Step step_2_ai_1 Passed.
2026-01-19T02:45:26.5013914Z   ▶️ [STEP step_3] FILL: HTML editor
2026-01-19T02:45:26.5014426Z     ❌ Attempt 1 failed (element_not_found): Locator.scroll_into_view_if_needed: Timeout 10000ms exceeded.
2026-01-19T02:45:26.5014866Z Call log:
2026-01-19T02:45:26.5015055Z   - waiting for locator("tex...
2026-01-19T02:45:26.5015389Z     🔧 [AUTO-HEAL] Re-mining page to find 'HTML editor'...
2026-01-19T02:45:26.5015756Z [DEBUG] Sending request to gemini-2.0-flash. Number of parts: 2
2026-01-19T02:45:26.5016094Z [DEBUG] Received response (Length: 38)
2026-01-19T02:45:26.5016482Z     ❌ AI could not re-locate the element. Waiting 1s before next retry.
2026-01-19T02:45:26.5017082Z     ❌ Attempt 2 failed (element_not_found): Locator.scroll_into_view_if_needed: Timeout 10000ms exceeded.
2026-01-19T02:45:26.5017511Z Call log:
2026-01-19T02:45:26.5017691Z   - waiting for locator("tex...
2026-01-19T02:45:26.5018007Z     🔧 [AUTO-HEAL] Re-mining page to find 'HTML editor'...
2026-01-19T02:45:26.5018378Z [DEBUG] Sending request to gemini-2.0-flash. Number of parts: 2
2026-01-19T02:45:26.5018735Z [DEBUG] Received response (Length: 38)
2026-01-19T02:45:26.5019114Z     ❌ AI could not re-locate the element. Waiting 1s before next retry.
2026-01-19T02:45:26.5019713Z     ❌ Attempt 3 failed (element_not_found): Locator.scroll_into_view_if_needed: Timeout 10000ms exceeded.
2026-01-19T02:45:26.5020147Z Call log:
2026-01-19T02:45:26.5020317Z   - waiting for locator("tex...
2026-01-19T02:45:26.5020600Z     💀 Step step_3 failed after all retries.
2026-01-19T02:45:26.5021194Z 🛑 Scenario 'Edit and Run HTML Code' aborted due to step failure.
2026-01-19T02:45:26.5021549Z 
2026-01-19T02:45:26.5021681Z --- Scenario: Check the URL after running the code ---
2026-01-19T02:45:26.5022043Z   ▶️ [STEP step_1] NAVIGATE: Step step_1
2026-01-19T02:45:26.5022328Z     ✅ Step step_1 Passed.
2026-01-19T02:45:26.5022597Z   ▶️ [STEP step_2] ASSERT_URL: Step step_2
2026-01-19T02:45:26.5022879Z     ✅ Step step_2 Passed.
2026-01-19T02:45:26.5023141Z   ▶️ [STEP step_2_ai_1] CLICK: Run ❯
2026-01-19T02:45:26.5023422Z     🎯 Using mined locator: #runbtn
2026-01-19T02:45:26.5023692Z     ✅ Step step_2_ai_1 Passed.
2026-01-19T02:45:26.5023975Z   ▶️ [STEP step_2_ai_2] FILL: textarea
2026-01-19T02:45:26.5024507Z     ❌ Attempt 1 failed (element_not_found): Locator.scroll_into_view_if_needed: Timeout 10000ms exceeded.
2026-01-19T02:45:26.5024944Z Call log:
2026-01-19T02:45:26.5025121Z   - waiting for locator("tex...
2026-01-19T02:45:26.5025430Z     🔧 [AUTO-HEAL] Re-mining page to find 'textarea'...
2026-01-19T02:45:26.5025796Z [DEBUG] Sending request to gemini-2.0-flash. Number of parts: 2
2026-01-19T02:45:26.5026135Z [DEBUG] Received response (Length: 355)
2026-01-19T02:45:26.5026494Z     ✨ AI successfully healed the step! Found 2 alternatives.
2026-01-19T02:45:26.5026879Z     ✨ AI successfully healed the step! New selector: body
2026-01-19T02:45:26.5027212Z     ✅ Step step_2_ai_2 Passed.
2026-01-19T02:45:26.5027463Z   ▶️ [STEP step_3] CLICK: Run ❯
2026-01-19T02:45:26.5027958Z     🎯 Using mined locator: role=button[name='Run ❯']
2026-01-19T02:45:26.5028262Z     ✅ Step step_3 Passed.
2026-01-19T02:45:26.5028520Z   ▶️ [STEP step_4] ASSERT_URL: Step step_4
2026-01-19T02:45:26.5028796Z     ✅ Step step_4 Passed.
2026-01-19T02:45:26.5029159Z   ▶️ [STEP step_4_ai_1] FILL: textarea
2026-01-19T02:45:26.5029671Z     ❌ Attempt 1 failed (element_not_found): Locator.scroll_into_view_if_needed: Timeout 10000ms exceeded.
2026-01-19T02:45:26.5030107Z Call log:
2026-01-19T02:45:26.5030361Z   - waiting for locator("tex...
2026-01-19T02:45:26.5030711Z     🔧 [AUTO-HEAL] Re-mining page to find 'textarea'...
2026-01-19T02:45:26.5032966Z [DEBUG] Sending request to gemini-2.0-flash. Number of parts: 2
2026-01-19T02:45:26.5033344Z [DEBUG] Received response (Length: 499)
2026-01-19T02:45:26.5033742Z     ✨ AI successfully healed the step! Found 2 alternatives.
2026-01-19T02:45:26.5034143Z     ✨ AI successfully healed the step! New selector: body
2026-01-19T02:45:26.5034485Z     ✅ Step step_4_ai_1 Passed.
2026-01-19T02:45:26.5034876Z ✅ Scenario 'Check the URL after running the code' completed successfully!
2026-01-19T02:45:26.5035172Z 
2026-01-19T02:45:26.5035287Z --- Scenario: Add Javascript code and run ---
2026-01-19T02:45:26.5035610Z   ▶️ [STEP step_1] NAVIGATE: Step step_1
2026-01-19T02:45:26.5035900Z     ✅ Step step_1 Passed.
2026-01-19T02:45:26.5036151Z   ▶️ [STEP step_2] FILL: HTML editor
2026-01-19T02:45:26.5036670Z     ❌ Attempt 1 failed (element_not_found): Locator.scroll_into_view_if_needed: Timeout 10000ms exceeded.
2026-01-19T02:45:26.5037114Z Call log:
2026-01-19T02:45:26.5037292Z   - waiting for locator("tex...
2026-01-19T02:45:26.5037641Z     🔧 [AUTO-HEAL] Re-mining page to find 'HTML editor'...
2026-01-19T02:45:26.5038022Z [DEBUG] Sending request to gemini-2.0-flash. Number of parts: 2
2026-01-19T02:45:26.5038362Z [DEBUG] Received response (Length: 400)
2026-01-19T02:45:26.5038723Z     ✨ AI successfully healed the step! Found 2 alternatives.
2026-01-19T02:45:26.5039127Z     ✨ AI successfully healed the step! New selector: body
2026-01-19T02:45:26.5039444Z     ✅ Step step_2 Passed.
2026-01-19T02:45:26.5039689Z   ▶️ [STEP step_3] CLICK: Run ❯
2026-01-19T02:45:26.5039992Z     🎯 Using mined locator: role=button[name='Run ❯']
2026-01-19T02:45:26.5040290Z     ✅ Step step_3 Passed.
2026-01-19T02:45:26.5040560Z   ▶️ [STEP step_4] ASSERT_VISIBLE: Click Me!
2026-01-19T02:45:26.5040966Z     ❌ Attempt 1 failed (element_not_found): Locator expected to be visible
2026-01-19T02:45:26.5041542Z Actual value: None
2026-01-19T02:45:26.5041734Z Error: element(s) not found 
2026-01-19T02:45:26.5041947Z Call log:
2026-01-19T02:45:26.5042116Z   - Expect ...
2026-01-19T02:45:26.5042397Z     🔧 [AUTO-HEAL] Re-mining page to find 'Click Me!'...
2026-01-19T02:45:26.5042760Z [DEBUG] Sending request to gemini-2.0-flash. Number of parts: 2
2026-01-19T02:45:26.5043117Z [DEBUG] Received response (Length: 430)
2026-01-19T02:45:26.5043475Z     ✨ AI successfully healed the step! Found 2 alternatives.
2026-01-19T02:45:26.5043877Z     ✨ AI successfully healed the step! New selector: body
2026-01-19T02:45:26.5044195Z     ✅ Step step_4 Passed.
2026-01-19T02:45:26.5044526Z ✅ Scenario 'Add Javascript code and run' completed successfully!
2026-01-19T02:45:26.5044780Z 
2026-01-19T02:45:26.5044882Z ============================================================
2026-01-19T02:45:26.5045170Z 🎯 EXECUTION SUMMARY
2026-01-19T02:45:26.5045387Z ============================================================
2026-01-19T02:45:26.5045571Z 
2026-01-19T02:45:26.5045671Z 📋 Scenario Overview:
2026-01-19T02:45:26.5045911Z    • Total Scenarios Planned: 3
2026-01-19T02:45:26.5046171Z    • Scenarios Executed: 3
2026-01-19T02:45:26.5046416Z    • Total Steps Executed: 15
2026-01-19T02:45:26.5046560Z 
2026-01-19T02:45:26.5046646Z ✅ Results:
2026-01-19T02:45:26.5046838Z    ✅ Passed: 2 (66%)
2026-01-19T02:45:26.5047045Z    ❌ Failed: 1 (33%)
2026-01-19T02:45:26.5047154Z 
2026-01-19T02:45:26.5047258Z ⚠️  Failed Scenarios:
2026-01-19T02:45:26.5047666Z    • Edit and Run HTML Code
2026-01-19T02:45:26.5047804Z 
2026-01-19T02:45:26.5047896Z ============================================================
2026-01-19T02:45:26.5048086Z 
2026-01-19T02:45:26.5048697Z 🏁 Execution Finished. Report: /home/runner/work/build_qa_automation/build_qa_automation/projects/ci_w3schools_tryit/execution.json
2026-01-19T02:45:26.6533297Z 
2026-01-19T02:45:26.6533774Z [PHASE] Running Phase: DISCOVERY
2026-01-19T02:45:26.6535309Z    Command: /opt/hostedtoolcache/Python/3.11.14/x64/bin/python /home/runner/work/build_qa_automation/build_qa_automation/core/agents/discovery.py --project /home/runner/work/build_qa_automation/build_qa_automation/projects/ci_w3schools_tryit --url https://www.w3schools.com/html/tryit.asp?filename=tryhtml_default --deep
2026-01-19T02:45:26.6537004Z ✅ Phase 'discovery' completed successfully.
2026-01-19T02:45:26.6537219Z 
2026-01-19T02:45:26.6537321Z [PHASE] Running Phase: PLANNING
2026-01-19T02:45:26.6538793Z    Command: /opt/hostedtoolcache/Python/3.11.14/x64/bin/python /home/runner/work/build_qa_automation/build_qa_automation/core/agents/planner.py --project /home/runner/work/build_qa_automation/build_qa_automation/projects/ci_w3schools_tryit --goal Test HTML editor --url https://www.w3schools.com/html/tryit.asp?filename=tryhtml_default --deep
2026-01-19T02:45:26.6540392Z ✅ Phase 'planning' completed successfully.
2026-01-19T02:45:26.6540609Z 
2026-01-19T02:45:26.6540708Z [PHASE] Running Phase: EXPLORATION
2026-01-19T02:45:26.6541959Z    Command: /opt/hostedtoolcache/Python/3.11.14/x64/bin/python /home/runner/work/build_qa_automation/build_qa_automation/core/agents/deep_explorer.py --project /home/runner/work/build_qa_automation/build_qa_automation/projects/ci_w3schools_tryit
2026-01-19T02:45:26.6543136Z ✅ Phase 'exploration' completed successfully.
2026-01-19T02:45:26.6543537Z 📊 Exploration Discovery Success Rate: 33.3%
2026-01-19T02:45:26.6544061Z ⚠️ Exploration failed to find stable locators for key steps. Execution might fail.
2026-01-19T02:45:26.6544411Z 
2026-01-19T02:45:26.6544503Z [PHASE] Running Phase: EXECUTION
2026-01-19T02:45:26.6545508Z    Command: /opt/hostedtoolcache/Python/3.11.14/x64/bin/python /home/runner/work/build_qa_automation/build_qa_automation/core/agents/executor.py --project /home/runner/work/build_qa_automation/build_qa_automation/projects/ci_w3schools_tryit
2026-01-19T02:45:26.6546587Z ✅ Phase 'execution' completed successfully.
2026-01-19T02:45:26.6546786Z 
2026-01-19T02:45:26.6546893Z [DONE] Pipeline Execution Finished! [DONE]
2026-01-19T02:45:26.7914266Z ##[group]Run RESULT_FILE="projects/ci_w3schools_tryit/execution.json"
2026-01-19T02:45:26.7914806Z [36;1mRESULT_FILE="projects/ci_w3schools_tryit/execution.json"[0m
2026-01-19T02:45:26.7915167Z [36;1mif [ -f "$RESULT_FILE" ]; then[0m
2026-01-19T02:45:26.7915505Z [36;1m  echo "✅ Results generated successfully: $RESULT_FILE"[0m
2026-01-19T02:45:26.7915954Z [36;1m  cat "$RESULT_FILE" | jq '.scenarios | length' || echo "Result file exists"[0m
2026-01-19T02:45:26.7916349Z [36;1melse[0m
2026-01-19T02:45:26.7916575Z [36;1m  echo "❌ No result file found at $RESULT_FILE"[0m
2026-01-19T02:45:26.7916846Z [36;1m  exit 1[0m
2026-01-19T02:45:26.7917020Z [36;1mfi[0m
2026-01-19T02:45:26.7948448Z shell: /usr/bin/bash -e {0}
2026-01-19T02:45:26.7948680Z env:
2026-01-19T02:45:26.7948929Z   pythonLocation: /opt/hostedtoolcache/Python/3.11.14/x64
2026-01-19T02:45:26.7949354Z   PKG_CONFIG_PATH: /opt/hostedtoolcache/Python/3.11.14/x64/lib/pkgconfig
2026-01-19T02:45:26.7949808Z   Python_ROOT_DIR: /opt/hostedtoolcache/Python/3.11.14/x64
2026-01-19T02:45:26.7950177Z   Python2_ROOT_DIR: /opt/hostedtoolcache/Python/3.11.14/x64
2026-01-19T02:45:26.7950541Z   Python3_ROOT_DIR: /opt/hostedtoolcache/Python/3.11.14/x64
2026-01-19T02:45:26.7950916Z   LD_LIBRARY_PATH: /opt/hostedtoolcache/Python/3.11.14/x64/lib
2026-01-19T02:45:26.7951455Z ##[endgroup]
2026-01-19T02:45:26.8005687Z ✅ Results generated successfully: projects/ci_w3schools_tryit/execution.json
2026-01-19T02:45:26.8032124Z 3
2026-01-19T02:45:26.8098212Z ##[group]Run actions/upload-artifact@v4
2026-01-19T02:45:26.8098496Z with:
2026-01-19T02:45:26.8098694Z   name: w3schools_tryit-execution-results
2026-01-19T02:45:26.8099134Z   path: projects/ci_w3schools_tryit/execution.json
projects/ci_w3schools_tryit/workflow.json

2026-01-19T02:45:26.8099564Z   retention-days: 30
2026-01-19T02:45:26.8099766Z   if-no-files-found: warn
2026-01-19T02:45:26.8099982Z   compression-level: 6
2026-01-19T02:45:26.8100173Z   overwrite: false
2026-01-19T02:45:26.8100365Z   include-hidden-files: false
2026-01-19T02:45:26.8100575Z env:
2026-01-19T02:45:26.8100802Z   pythonLocation: /opt/hostedtoolcache/Python/3.11.14/x64
2026-01-19T02:45:26.8101513Z   PKG_CONFIG_PATH: /opt/hostedtoolcache/Python/3.11.14/x64/lib/pkgconfig
2026-01-19T02:45:26.8101931Z   Python_ROOT_DIR: /opt/hostedtoolcache/Python/3.11.14/x64
2026-01-19T02:45:26.8102299Z   Python2_ROOT_DIR: /opt/hostedtoolcache/Python/3.11.14/x64
2026-01-19T02:45:26.8102690Z   Python3_ROOT_DIR: /opt/hostedtoolcache/Python/3.11.14/x64
2026-01-19T02:45:26.8103075Z   LD_LIBRARY_PATH: /opt/hostedtoolcache/Python/3.11.14/x64/lib
2026-01-19T02:45:26.8103375Z ##[endgroup]
2026-01-19T02:45:27.0331804Z Multiple search paths detected. Calculating the least common ancestor of all paths
2026-01-19T02:45:27.0335230Z The least common ancestor is /home/runner/work/build_qa_automation/build_qa_automation/projects/ci_w3schools_tryit. This will be the root directory of the artifact
2026-01-19T02:45:27.0339328Z With the provided path, there will be 2 files uploaded
2026-01-19T02:45:27.0342772Z Artifact name is valid!
2026-01-19T02:45:27.0343339Z Root directory input is valid!
2026-01-19T02:45:27.2433884Z Beginning upload of artifact content to blob storage
2026-01-19T02:45:27.4715843Z Uploaded bytes 1896
2026-01-19T02:45:27.5298393Z Finished uploading artifact content to blob storage!
2026-01-19T02:45:27.5301740Z SHA256 digest of uploaded artifact zip is 59bc171b2902e80499f506b17871a87960b935c472b400330eb57eef1518d299
2026-01-19T02:45:27.5303492Z Finalizing artifact upload
2026-01-19T02:45:27.6615537Z Artifact w3schools_tryit-execution-results.zip successfully finalized. Artifact ID 5171858614
2026-01-19T02:45:27.6616995Z Artifact w3schools_tryit-execution-results has been successfully uploaded! Final size is 1896 bytes. Artifact ID is 5171858614
2026-01-19T02:45:27.6624218Z Artifact download URL: https://github.com/vishvasmca-cmd/build_qa_automation/actions/runs/21122730879/artifacts/5171858614
2026-01-19T02:45:27.6734666Z Post job cleanup.
2026-01-19T02:45:27.8329087Z Cache hit occurred on the primary key setup-python-Linux-x64-24.04-Ubuntu-python-3.11.14-pip-dde08d0e0b672972dcda9f1a063036a2e0c226f5d0a20362e9401931676d80a4, not saving cache.
2026-01-19T02:45:27.8497908Z Post job cleanup.
2026-01-19T02:45:27.9468675Z [command]/usr/bin/git version
2026-01-19T02:45:27.9507654Z git version 2.52.0
2026-01-19T02:45:27.9553163Z Temporarily overriding HOME='/home/runner/work/_temp/8e85f85b-fe8b-46f5-82d4-0b10ba28630f' before making global git config changes
2026-01-19T02:45:27.9554650Z Adding repository directory to the temporary git global config as a safe directory
2026-01-19T02:45:27.9559384Z [command]/usr/bin/git config --global --add safe.directory /home/runner/work/build_qa_automation/build_qa_automation
2026-01-19T02:45:27.9598983Z [command]/usr/bin/git config --local --name-only --get-regexp core\.sshCommand
2026-01-19T02:45:27.9633947Z [command]/usr/bin/git submodule foreach --recursive sh -c "git config --local --name-only --get-regexp 'core\.sshCommand' && git config --local --unset-all 'core.sshCommand' || :"
2026-01-19T02:45:27.9878509Z [command]/usr/bin/git config --local --name-only --get-regexp http\.https\:\/\/github\.com\/\.extraheader
2026-01-19T02:45:27.9901897Z http.https://github.com/.extraheader
2026-01-19T02:45:27.9914108Z [command]/usr/bin/git config --local --unset-all http.https://github.com/.extraheader
2026-01-19T02:45:27.9946220Z [command]/usr/bin/git submodule foreach --recursive sh -c "git config --local --name-only --get-regexp 'http\.https\:\/\/github\.com\/\.extraheader' && git config --local --unset-all 'http.https://github.com/.extraheader' || :"
2026-01-19T02:45:28.0188246Z [command]/usr/bin/git config --local --name-only --get-regexp ^includeIf\.gitdir:
2026-01-19T02:45:28.0231561Z [command]/usr/bin/git submodule foreach --recursive git config --local --show-origin --name-only --get-regexp remote.origin.url
2026-01-19T02:45:28.0633265Z Cleaning up orphan processes
