2026-01-20T00:15:23.3145885Z Current runner version: '2.331.0'
2026-01-20T00:15:23.3172043Z ##[group]Runner Image Provisioner
2026-01-20T00:15:23.3172788Z Hosted Compute Agent
2026-01-20T00:15:23.3173567Z Version: 20251211.462
2026-01-20T00:15:23.3174142Z Commit: 6cbad8c2bb55d58165063d031ccabf57e2d2db61
2026-01-20T00:15:23.3174822Z Build Date: 2025-12-11T16:28:49Z
2026-01-20T00:15:23.3175549Z Worker ID: {483a3b4d-d4aa-412e-ae02-31836bce8e60}
2026-01-20T00:15:23.3176385Z ##[endgroup]
2026-01-20T00:15:23.3176915Z ##[group]Operating System
2026-01-20T00:15:23.3177535Z Ubuntu
2026-01-20T00:15:23.3177966Z 24.04.3
2026-01-20T00:15:23.3178401Z LTS
2026-01-20T00:15:23.3178879Z ##[endgroup]
2026-01-20T00:15:23.3179455Z ##[group]Runner Image
2026-01-20T00:15:23.3179970Z Image: ubuntu-24.04
2026-01-20T00:15:23.3180504Z Version: 20260111.209.1
2026-01-20T00:15:23.3181513Z Included Software: https://github.com/actions/runner-images/blob/ubuntu24/20260111.209/images/ubuntu/Ubuntu2404-Readme.md
2026-01-20T00:15:23.3183088Z Image Release: https://github.com/actions/runner-images/releases/tag/ubuntu24%2F20260111.209
2026-01-20T00:15:23.3184071Z ##[endgroup]
2026-01-20T00:15:23.3185220Z ##[group]GITHUB_TOKEN Permissions
2026-01-20T00:15:23.3187439Z Contents: read
2026-01-20T00:15:23.3187942Z Metadata: read
2026-01-20T00:15:23.3188544Z Packages: read
2026-01-20T00:15:23.3189010Z ##[endgroup]
2026-01-20T00:15:23.3191459Z Secret source: Actions
2026-01-20T00:15:23.3192352Z Prepare workflow directory
2026-01-20T00:15:23.3510957Z Prepare all required actions
2026-01-20T00:15:23.3550169Z Getting action download info
2026-01-20T00:15:23.6746737Z Download action repository 'actions/checkout@v4' (SHA:34e114876b0b11c390a56381ad16ebd13914f8d5)
2026-01-20T00:15:23.7820811Z Download action repository 'actions/setup-python@v5' (SHA:a26af69be951a213d495a4c3e4e4022e16d87065)
2026-01-20T00:15:23.8651976Z Download action repository 'actions/upload-artifact@v4' (SHA:ea165f8d65b6e75b540449e92b4886f43607fa02)
2026-01-20T00:15:24.0873953Z Complete job name: test-websites-deep (petstore_swagger, https://petstore.swagger.io/, Test Swagger UI interactions)
2026-01-20T00:15:24.1570169Z ##[group]Run actions/checkout@v4
2026-01-20T00:15:24.1570996Z with:
2026-01-20T00:15:24.1571453Z   repository: vishvasmca-cmd/build_qa_automation
2026-01-20T00:15:24.1572177Z   token: ***
2026-01-20T00:15:24.1572559Z   ssh-strict: true
2026-01-20T00:15:24.1572943Z   ssh-user: git
2026-01-20T00:15:24.1573344Z   persist-credentials: true
2026-01-20T00:15:24.1573777Z   clean: true
2026-01-20T00:15:24.1574172Z   sparse-checkout-cone-mode: true
2026-01-20T00:15:24.1574638Z   fetch-depth: 1
2026-01-20T00:15:24.1575014Z   fetch-tags: false
2026-01-20T00:15:24.1575415Z   show-progress: true
2026-01-20T00:15:24.1575816Z   lfs: false
2026-01-20T00:15:24.1576373Z   submodules: false
2026-01-20T00:15:24.1576790Z   set-safe-directory: true
2026-01-20T00:15:24.1577484Z ##[endgroup]
2026-01-20T00:15:24.2634159Z Syncing repository: vishvasmca-cmd/build_qa_automation
2026-01-20T00:15:24.2635887Z ##[group]Getting Git version info
2026-01-20T00:15:24.2636938Z Working directory is '/home/runner/work/build_qa_automation/build_qa_automation'
2026-01-20T00:15:24.2638074Z [command]/usr/bin/git version
2026-01-20T00:15:24.2755525Z git version 2.52.0
2026-01-20T00:15:24.2782811Z ##[endgroup]
2026-01-20T00:15:24.2804115Z Temporarily overriding HOME='/home/runner/work/_temp/c67b1f4c-c87b-41d1-a4a3-b1d5c5e1baf4' before making global git config changes
2026-01-20T00:15:24.2805463Z Adding repository directory to the temporary git global config as a safe directory
2026-01-20T00:15:24.2809939Z [command]/usr/bin/git config --global --add safe.directory /home/runner/work/build_qa_automation/build_qa_automation
2026-01-20T00:15:24.2851918Z Deleting the contents of '/home/runner/work/build_qa_automation/build_qa_automation'
2026-01-20T00:15:24.2855006Z ##[group]Initializing the repository
2026-01-20T00:15:24.2859700Z [command]/usr/bin/git init /home/runner/work/build_qa_automation/build_qa_automation
2026-01-20T00:15:24.2982384Z hint: Using 'master' as the name for the initial branch. This default branch name
2026-01-20T00:15:24.2983864Z hint: will change to "main" in Git 3.0. To configure the initial branch name
2026-01-20T00:15:24.2984771Z hint: to use in all of your new repositories, which will suppress this warning,
2026-01-20T00:15:24.2985447Z hint: call:
2026-01-20T00:15:24.2985894Z hint:
2026-01-20T00:15:24.2986630Z hint: 	git config --global init.defaultBranch <name>
2026-01-20T00:15:24.2987219Z hint:
2026-01-20T00:15:24.2988085Z hint: Names commonly chosen instead of 'master' are 'main', 'trunk' and
2026-01-20T00:15:24.2989108Z hint: 'development'. The just-created branch can be renamed via this command:
2026-01-20T00:15:24.2989791Z hint:
2026-01-20T00:15:24.2990145Z hint: 	git branch -m <name>
2026-01-20T00:15:24.2990575Z hint:
2026-01-20T00:15:24.2991149Z hint: Disable this message with "git config set advice.defaultBranchName false"
2026-01-20T00:15:24.2992308Z Initialized empty Git repository in /home/runner/work/build_qa_automation/build_qa_automation/.git/
2026-01-20T00:15:24.2998907Z [command]/usr/bin/git remote add origin https://github.com/vishvasmca-cmd/build_qa_automation
2026-01-20T00:15:24.3037308Z ##[endgroup]
2026-01-20T00:15:24.3038521Z ##[group]Disabling automatic garbage collection
2026-01-20T00:15:24.3042898Z [command]/usr/bin/git config --local gc.auto 0
2026-01-20T00:15:24.3075474Z ##[endgroup]
2026-01-20T00:15:24.3076345Z ##[group]Setting up auth
2026-01-20T00:15:24.3085470Z [command]/usr/bin/git config --local --name-only --get-regexp core\.sshCommand
2026-01-20T00:15:24.3119409Z [command]/usr/bin/git submodule foreach --recursive sh -c "git config --local --name-only --get-regexp 'core\.sshCommand' && git config --local --unset-all 'core.sshCommand' || :"
2026-01-20T00:15:24.3502894Z [command]/usr/bin/git config --local --name-only --get-regexp http\.https\:\/\/github\.com\/\.extraheader
2026-01-20T00:15:24.3536142Z [command]/usr/bin/git submodule foreach --recursive sh -c "git config --local --name-only --get-regexp 'http\.https\:\/\/github\.com\/\.extraheader' && git config --local --unset-all 'http.https://github.com/.extraheader' || :"
2026-01-20T00:15:24.3770911Z [command]/usr/bin/git config --local --name-only --get-regexp ^includeIf\.gitdir:
2026-01-20T00:15:24.3807785Z [command]/usr/bin/git submodule foreach --recursive git config --local --show-origin --name-only --get-regexp remote.origin.url
2026-01-20T00:15:24.4047909Z [command]/usr/bin/git config --local http.https://github.com/.extraheader AUTHORIZATION: basic ***
2026-01-20T00:15:24.4084056Z ##[endgroup]
2026-01-20T00:15:24.4085345Z ##[group]Fetching the repository
2026-01-20T00:15:24.4093879Z [command]/usr/bin/git -c protocol.version=2 fetch --no-tags --prune --no-recurse-submodules --depth=1 origin +d25504decfc404871c7c3bd5ac186d61498b2813:refs/remotes/origin/main
2026-01-20T00:15:25.6069009Z From https://github.com/vishvasmca-cmd/build_qa_automation
2026-01-20T00:15:25.6070168Z  * [new ref]         d25504decfc404871c7c3bd5ac186d61498b2813 -> origin/main
2026-01-20T00:15:25.6105558Z ##[endgroup]
2026-01-20T00:15:25.6107042Z ##[group]Determining the checkout info
2026-01-20T00:15:25.6108592Z ##[endgroup]
2026-01-20T00:15:25.6112924Z [command]/usr/bin/git sparse-checkout disable
2026-01-20T00:15:25.6156490Z [command]/usr/bin/git config --local --unset-all extensions.worktreeConfig
2026-01-20T00:15:25.6184625Z ##[group]Checking out the ref
2026-01-20T00:15:25.6188987Z [command]/usr/bin/git checkout --progress --force -B main refs/remotes/origin/main
2026-01-20T00:15:25.7747673Z Switched to a new branch 'main'
2026-01-20T00:15:25.7749160Z branch 'main' set up to track 'origin/main'.
2026-01-20T00:15:25.7768803Z ##[endgroup]
2026-01-20T00:15:25.7808113Z [command]/usr/bin/git log -1 --format=%H
2026-01-20T00:15:25.7831124Z d25504decfc404871c7c3bd5ac186d61498b2813
2026-01-20T00:15:25.8144784Z ##[group]Run actions/setup-python@v5
2026-01-20T00:15:25.8145928Z with:
2026-01-20T00:15:25.8146879Z   python-version: 3.11
2026-01-20T00:15:25.8147790Z   cache: pip
2026-01-20T00:15:25.8148825Z   check-latest: false
2026-01-20T00:15:25.8150019Z   token: ***
2026-01-20T00:15:25.8150867Z   update-environment: true
2026-01-20T00:15:25.8151871Z   allow-prereleases: false
2026-01-20T00:15:25.8152864Z   freethreaded: false
2026-01-20T00:15:25.8153751Z ##[endgroup]
2026-01-20T00:15:25.9874353Z ##[group]Installed versions
2026-01-20T00:15:26.0020188Z Successfully set up CPython (3.11.14)
2026-01-20T00:15:26.0021121Z ##[endgroup]
2026-01-20T00:15:26.1202633Z [command]/opt/hostedtoolcache/Python/3.11.14/x64/bin/pip cache dir
2026-01-20T00:15:26.4482828Z /home/runner/.cache/pip
2026-01-20T00:15:26.5480037Z Cache hit for: setup-python-Linux-x64-24.04-Ubuntu-python-3.11.14-pip-dde08d0e0b672972dcda9f1a063036a2e0c226f5d0a20362e9401931676d80a4
2026-01-20T00:15:27.6043445Z Received 234881024 of 254742636 (92.2%), 223.8 MBs/sec
2026-01-20T00:15:27.7133250Z Received 254742636 of 254742636 (100.0%), 218.9 MBs/sec
2026-01-20T00:15:27.7134305Z Cache Size: ~243 MB (254742636 B)
2026-01-20T00:15:27.7174543Z [command]/usr/bin/tar -xf /home/runner/work/_temp/c558891a-28f5-41f6-8027-a9502edac789/cache.tzst -P -C /home/runner/work/build_qa_automation/build_qa_automation --use-compress-program unzstd
2026-01-20T00:15:28.1414716Z Cache restored successfully
2026-01-20T00:15:28.1950466Z Cache restored from key: setup-python-Linux-x64-24.04-Ubuntu-python-3.11.14-pip-dde08d0e0b672972dcda9f1a063036a2e0c226f5d0a20362e9401931676d80a4
2026-01-20T00:15:28.2244058Z ##[group]Run pip install -r requirements.txt
2026-01-20T00:15:28.2244502Z [36;1mpip install -r requirements.txt[0m
2026-01-20T00:15:28.2244800Z [36;1mplaywright install chromium[0m
2026-01-20T00:15:28.2284720Z shell: /usr/bin/bash -e {0}
2026-01-20T00:15:28.2284983Z env:
2026-01-20T00:15:28.2285246Z   pythonLocation: /opt/hostedtoolcache/Python/3.11.14/x64
2026-01-20T00:15:28.2285699Z   PKG_CONFIG_PATH: /opt/hostedtoolcache/Python/3.11.14/x64/lib/pkgconfig
2026-01-20T00:15:28.2286142Z   Python_ROOT_DIR: /opt/hostedtoolcache/Python/3.11.14/x64
2026-01-20T00:15:28.2286832Z   Python2_ROOT_DIR: /opt/hostedtoolcache/Python/3.11.14/x64
2026-01-20T00:15:28.2287228Z   Python3_ROOT_DIR: /opt/hostedtoolcache/Python/3.11.14/x64
2026-01-20T00:15:28.2287612Z   LD_LIBRARY_PATH: /opt/hostedtoolcache/Python/3.11.14/x64/lib
2026-01-20T00:15:28.2287920Z ##[endgroup]
2026-01-20T00:15:28.9751104Z Collecting playwright (from -r requirements.txt (line 1))
2026-01-20T00:15:28.9776792Z   Using cached playwright-1.57.0-py3-none-manylinux1_x86_64.whl.metadata (3.5 kB)
2026-01-20T00:15:28.9993533Z Collecting python-dotenv (from -r requirements.txt (line 2))
2026-01-20T00:15:29.0007995Z   Using cached python_dotenv-1.2.1-py3-none-any.whl.metadata (25 kB)
2026-01-20T00:15:29.0355546Z Collecting requests (from -r requirements.txt (line 3))
2026-01-20T00:15:29.0362820Z   Using cached requests-2.32.5-py3-none-any.whl.metadata (4.9 kB)
2026-01-20T00:15:29.2648717Z Collecting pillow (from -r requirements.txt (line 4))
2026-01-20T00:15:29.2665838Z   Using cached pillow-12.1.0-cp311-cp311-manylinux_2_27_x86_64.manylinux_2_28_x86_64.whl.metadata (8.8 kB)
2026-01-20T00:15:29.2952830Z Collecting google-genai>=0.3.0 (from -r requirements.txt (line 5))
2026-01-20T00:15:29.2977265Z   Using cached google_genai-1.59.0-py3-none-any.whl.metadata (53 kB)
2026-01-20T00:15:29.3142286Z Collecting termcolor (from -r requirements.txt (line 6))
2026-01-20T00:15:29.3155956Z   Using cached termcolor-3.3.0-py3-none-any.whl.metadata (6.5 kB)
2026-01-20T00:15:29.3534217Z Collecting PyYAML (from -r requirements.txt (line 7))
2026-01-20T00:15:29.3548432Z   Using cached pyyaml-6.0.3-cp311-cp311-manylinux2014_x86_64.manylinux_2_17_x86_64.manylinux_2_28_x86_64.whl.metadata (2.4 kB)
2026-01-20T00:15:29.4116886Z Collecting opencv-python-headless (from -r requirements.txt (line 8))
2026-01-20T00:15:29.4132971Z   Using cached opencv_python_headless-4.13.0.90-cp37-abi3-manylinux_2_28_x86_64.whl.metadata (19 kB)
2026-01-20T00:15:29.6094947Z Collecting numpy (from -r requirements.txt (line 9))
2026-01-20T00:15:29.6110793Z   Using cached numpy-2.4.1-cp311-cp311-manylinux_2_27_x86_64.manylinux_2_28_x86_64.whl.metadata (6.6 kB)
2026-01-20T00:15:29.6956073Z Collecting faker (from -r requirements.txt (line 10))
2026-01-20T00:15:29.6970222Z   Using cached faker-40.1.2-py3-none-any.whl.metadata (16 kB)
2026-01-20T00:15:29.7156736Z Collecting pyee<14,>=13 (from playwright->-r requirements.txt (line 1))
2026-01-20T00:15:29.7175973Z   Using cached pyee-13.0.0-py3-none-any.whl.metadata (2.9 kB)
2026-01-20T00:15:29.8353873Z Collecting greenlet<4.0.0,>=3.1.1 (from playwright->-r requirements.txt (line 1))
2026-01-20T00:15:29.8368019Z   Using cached greenlet-3.3.0-cp311-cp311-manylinux_2_24_x86_64.manylinux_2_28_x86_64.whl.metadata (4.1 kB)
2026-01-20T00:15:29.8564790Z Collecting typing-extensions (from pyee<14,>=13->playwright->-r requirements.txt (line 1))
2026-01-20T00:15:29.8578611Z   Using cached typing_extensions-4.15.0-py3-none-any.whl.metadata (3.3 kB)
2026-01-20T00:15:29.9381442Z Collecting charset_normalizer<4,>=2 (from requests->-r requirements.txt (line 3))
2026-01-20T00:15:29.9395769Z   Using cached charset_normalizer-3.4.4-cp311-cp311-manylinux2014_x86_64.manylinux_2_17_x86_64.manylinux_2_28_x86_64.whl.metadata (37 kB)
2026-01-20T00:15:29.9671001Z Collecting idna<4,>=2.5 (from requests->-r requirements.txt (line 3))
2026-01-20T00:15:29.9684369Z   Using cached idna-3.11-py3-none-any.whl.metadata (8.4 kB)
2026-01-20T00:15:29.9981159Z Collecting urllib3<3,>=1.21.1 (from requests->-r requirements.txt (line 3))
2026-01-20T00:15:29.9994067Z   Using cached urllib3-2.6.3-py3-none-any.whl.metadata (6.9 kB)
2026-01-20T00:15:30.0226933Z Collecting certifi>=2017.4.17 (from requests->-r requirements.txt (line 3))
2026-01-20T00:15:30.0240542Z   Using cached certifi-2026.1.4-py3-none-any.whl.metadata (2.5 kB)
2026-01-20T00:15:30.0467364Z Collecting anyio<5.0.0,>=4.8.0 (from google-genai>=0.3.0->-r requirements.txt (line 5))
2026-01-20T00:15:30.0481691Z   Using cached anyio-4.12.1-py3-none-any.whl.metadata (4.3 kB)
2026-01-20T00:15:30.0837954Z Collecting google-auth<3.0.0,>=2.47.0 (from google-auth[requests]<3.0.0,>=2.47.0->google-genai>=0.3.0->-r requirements.txt (line 5))
2026-01-20T00:15:30.0868073Z   Using cached google_auth-2.47.0-py3-none-any.whl.metadata (6.4 kB)
2026-01-20T00:15:30.1141050Z Collecting httpx<1.0.0,>=0.28.1 (from google-genai>=0.3.0->-r requirements.txt (line 5))
2026-01-20T00:15:30.1162118Z   Using cached httpx-0.28.1-py3-none-any.whl.metadata (7.1 kB)
2026-01-20T00:15:30.2549082Z Collecting pydantic<3.0.0,>=2.9.0 (from google-genai>=0.3.0->-r requirements.txt (line 5))
2026-01-20T00:15:30.2562890Z   Using cached pydantic-2.12.5-py3-none-any.whl.metadata (90 kB)
2026-01-20T00:15:30.2838617Z Collecting tenacity<9.2.0,>=8.2.3 (from google-genai>=0.3.0->-r requirements.txt (line 5))
2026-01-20T00:15:30.2851419Z   Using cached tenacity-9.1.2-py3-none-any.whl.metadata (1.2 kB)
2026-01-20T00:15:30.3708581Z Collecting websockets<15.1.0,>=13.0.0 (from google-genai>=0.3.0->-r requirements.txt (line 5))
2026-01-20T00:15:30.3726582Z   Using cached websockets-15.0.1-cp311-cp311-manylinux_2_5_x86_64.manylinux1_x86_64.manylinux_2_17_x86_64.manylinux2014_x86_64.whl.metadata (6.8 kB)
2026-01-20T00:15:30.3895572Z Collecting distro<2,>=1.7.0 (from google-genai>=0.3.0->-r requirements.txt (line 5))
2026-01-20T00:15:30.3908663Z   Using cached distro-1.9.0-py3-none-any.whl.metadata (6.8 kB)
2026-01-20T00:15:30.4023559Z Collecting sniffio (from google-genai>=0.3.0->-r requirements.txt (line 5))
2026-01-20T00:15:30.4035912Z   Using cached sniffio-1.3.1-py3-none-any.whl.metadata (3.9 kB)
2026-01-20T00:15:30.4323340Z Collecting pyasn1-modules>=0.2.1 (from google-auth<3.0.0,>=2.47.0->google-auth[requests]<3.0.0,>=2.47.0->google-genai>=0.3.0->-r requirements.txt (line 5))
2026-01-20T00:15:30.4341712Z   Using cached pyasn1_modules-0.4.2-py3-none-any.whl.metadata (3.5 kB)
2026-01-20T00:15:30.4521094Z Collecting rsa<5,>=3.1.4 (from google-auth<3.0.0,>=2.47.0->google-auth[requests]<3.0.0,>=2.47.0->google-genai>=0.3.0->-r requirements.txt (line 5))
2026-01-20T00:15:30.4533464Z   Using cached rsa-4.9.1-py3-none-any.whl.metadata (5.6 kB)
2026-01-20T00:15:30.4825120Z Collecting httpcore==1.* (from httpx<1.0.0,>=0.28.1->google-genai>=0.3.0->-r requirements.txt (line 5))
2026-01-20T00:15:30.4838718Z   Using cached httpcore-1.0.9-py3-none-any.whl.metadata (21 kB)
2026-01-20T00:15:30.4989065Z Collecting h11>=0.16 (from httpcore==1.*->httpx<1.0.0,>=0.28.1->google-genai>=0.3.0->-r requirements.txt (line 5))
2026-01-20T00:15:30.5001404Z   Using cached h11-0.16.0-py3-none-any.whl.metadata (8.3 kB)
2026-01-20T00:15:30.5132901Z Collecting annotated-types>=0.6.0 (from pydantic<3.0.0,>=2.9.0->google-genai>=0.3.0->-r requirements.txt (line 5))
2026-01-20T00:15:30.5145764Z   Using cached annotated_types-0.7.0-py3-none-any.whl.metadata (15 kB)
2026-01-20T00:15:31.1647935Z Collecting pydantic-core==2.41.5 (from pydantic<3.0.0,>=2.9.0->google-genai>=0.3.0->-r requirements.txt (line 5))
2026-01-20T00:15:31.1663348Z   Using cached pydantic_core-2.41.5-cp311-cp311-manylinux_2_17_x86_64.manylinux2014_x86_64.whl.metadata (7.3 kB)
2026-01-20T00:15:31.1822016Z Collecting typing-inspection>=0.4.2 (from pydantic<3.0.0,>=2.9.0->google-genai>=0.3.0->-r requirements.txt (line 5))
2026-01-20T00:15:31.1836054Z   Using cached typing_inspection-0.4.2-py3-none-any.whl.metadata (2.6 kB)
2026-01-20T00:15:31.2509567Z Collecting pyasn1>=0.1.3 (from rsa<5,>=3.1.4->google-auth<3.0.0,>=2.47.0->google-auth[requests]<3.0.0,>=2.47.0->google-genai>=0.3.0->-r requirements.txt (line 5))
2026-01-20T00:15:31.2524070Z   Using cached pyasn1-0.6.2-py3-none-any.whl.metadata (8.4 kB)
2026-01-20T00:15:31.2785289Z Using cached playwright-1.57.0-py3-none-manylinux1_x86_64.whl (46.0 MB)
2026-01-20T00:15:31.3124172Z Using cached greenlet-3.3.0-cp311-cp311-manylinux_2_24_x86_64.manylinux_2_28_x86_64.whl (590 kB)
2026-01-20T00:15:31.3141071Z Using cached pyee-13.0.0-py3-none-any.whl (15 kB)
2026-01-20T00:15:31.3154131Z Using cached python_dotenv-1.2.1-py3-none-any.whl (21 kB)
2026-01-20T00:15:31.3167045Z Using cached requests-2.32.5-py3-none-any.whl (64 kB)
2026-01-20T00:15:31.3181237Z Using cached charset_normalizer-3.4.4-cp311-cp311-manylinux2014_x86_64.manylinux_2_17_x86_64.manylinux_2_28_x86_64.whl (151 kB)
2026-01-20T00:15:31.3194579Z Using cached idna-3.11-py3-none-any.whl (71 kB)
2026-01-20T00:15:31.3207802Z Using cached urllib3-2.6.3-py3-none-any.whl (131 kB)
2026-01-20T00:15:31.3221531Z Using cached pillow-12.1.0-cp311-cp311-manylinux_2_27_x86_64.manylinux_2_28_x86_64.whl (7.0 MB)
2026-01-20T00:15:31.3282280Z Using cached google_genai-1.59.0-py3-none-any.whl (719 kB)
2026-01-20T00:15:31.3300217Z Using cached anyio-4.12.1-py3-none-any.whl (113 kB)
2026-01-20T00:15:31.3313175Z Using cached distro-1.9.0-py3-none-any.whl (20 kB)
2026-01-20T00:15:31.3325754Z Using cached google_auth-2.47.0-py3-none-any.whl (234 kB)
2026-01-20T00:15:31.3339993Z Using cached httpx-0.28.1-py3-none-any.whl (73 kB)
2026-01-20T00:15:31.3352708Z Using cached httpcore-1.0.9-py3-none-any.whl (78 kB)
2026-01-20T00:15:31.3365619Z Using cached pydantic-2.12.5-py3-none-any.whl (463 kB)
2026-01-20T00:15:31.3381787Z Using cached pydantic_core-2.41.5-cp311-cp311-manylinux_2_17_x86_64.manylinux2014_x86_64.whl (2.1 MB)
2026-01-20T00:15:31.3408441Z Using cached rsa-4.9.1-py3-none-any.whl (34 kB)
2026-01-20T00:15:31.3420997Z Using cached tenacity-9.1.2-py3-none-any.whl (28 kB)
2026-01-20T00:15:31.3433384Z Using cached typing_extensions-4.15.0-py3-none-any.whl (44 kB)
2026-01-20T00:15:31.3446556Z Using cached websockets-15.0.1-cp311-cp311-manylinux_2_5_x86_64.manylinux1_x86_64.manylinux_2_17_x86_64.manylinux2014_x86_64.whl (182 kB)
2026-01-20T00:15:31.3460100Z Using cached termcolor-3.3.0-py3-none-any.whl (7.7 kB)
2026-01-20T00:15:31.3473112Z Using cached pyyaml-6.0.3-cp311-cp311-manylinux2014_x86_64.manylinux_2_17_x86_64.manylinux_2_28_x86_64.whl (806 kB)
2026-01-20T00:15:31.3491504Z Using cached opencv_python_headless-4.13.0.90-cp37-abi3-manylinux_2_28_x86_64.whl (62.5 MB)
2026-01-20T00:15:31.3943286Z Using cached numpy-2.4.1-cp311-cp311-manylinux_2_27_x86_64.manylinux_2_28_x86_64.whl (16.7 MB)
2026-01-20T00:15:31.4072883Z Using cached faker-40.1.2-py3-none-any.whl (2.0 MB)
2026-01-20T00:15:31.4100208Z Using cached annotated_types-0.7.0-py3-none-any.whl (13 kB)
2026-01-20T00:15:31.4113058Z Using cached certifi-2026.1.4-py3-none-any.whl (152 kB)
2026-01-20T00:15:31.4127201Z Using cached h11-0.16.0-py3-none-any.whl (37 kB)
2026-01-20T00:15:31.4140118Z Using cached pyasn1-0.6.2-py3-none-any.whl (83 kB)
2026-01-20T00:15:31.4153071Z Using cached pyasn1_modules-0.4.2-py3-none-any.whl (181 kB)
2026-01-20T00:15:31.4166900Z Using cached typing_inspection-0.4.2-py3-none-any.whl (14 kB)
2026-01-20T00:15:31.4179860Z Using cached sniffio-1.3.1-py3-none-any.whl (10 kB)
2026-01-20T00:15:31.6197312Z Installing collected packages: websockets, urllib3, typing-extensions, termcolor, tenacity, sniffio, PyYAML, python-dotenv, pyasn1, pillow, numpy, idna, h11, greenlet, faker, distro, charset_normalizer, certifi, annotated-types, typing-inspection, rsa, requests, pyee, pydantic-core, pyasn1-modules, opencv-python-headless, httpcore, anyio, pydantic, playwright, httpx, google-auth, google-genai
2026-01-20T00:15:38.3177981Z 
2026-01-20T00:15:38.3201668Z Successfully installed PyYAML-6.0.3 annotated-types-0.7.0 anyio-4.12.1 certifi-2026.1.4 charset_normalizer-3.4.4 distro-1.9.0 faker-40.1.2 google-auth-2.47.0 google-genai-1.59.0 greenlet-3.3.0 h11-0.16.0 httpcore-1.0.9 httpx-0.28.1 idna-3.11 numpy-2.4.1 opencv-python-headless-4.13.0.90 pillow-12.1.0 playwright-1.57.0 pyasn1-0.6.2 pyasn1-modules-0.4.2 pydantic-2.12.5 pydantic-core-2.41.5 pyee-13.0.0 python-dotenv-1.2.1 requests-2.32.5 rsa-4.9.1 sniffio-1.3.1 tenacity-9.1.2 termcolor-3.3.0 typing-extensions-4.15.0 typing-inspection-0.4.2 urllib3-2.6.3 websockets-15.0.1
2026-01-20T00:15:38.9009763Z Downloading Chromium 143.0.7499.4 (playwright build v1200) from https://cdn.playwright.dev/dbazure/download/playwright/builds/chromium/1200/chromium-linux.zip
2026-01-20T00:15:38.9978141Z (node:2190) [DEP0169] DeprecationWarning: `url.parse()` behavior is not standardized and prone to errors that have security implications. Use the WHATWG URL API instead. CVEs are not issued for `url.parse()` vulnerabilities.
2026-01-20T00:15:38.9979769Z (Use `node --trace-deprecation ...` to show where the warning was created)
2026-01-20T00:15:39.0934514Z |                                                                                |   0% of 164.7 MiB
2026-01-20T00:15:39.2335176Z |■■■■■■■■                                                                        |  10% of 164.7 MiB
2026-01-20T00:15:39.3272898Z |■■■■■■■■■■■■■■■■                                                                |  20% of 164.7 MiB
2026-01-20T00:15:39.4124293Z |■■■■■■■■■■■■■■■■■■■■■■■■                                                        |  30% of 164.7 MiB
2026-01-20T00:15:39.4781512Z |■■■■■■■■■■■■■■■■■■■■■■■■■■■■■■■■                                                |  40% of 164.7 MiB
2026-01-20T00:15:39.5316747Z |■■■■■■■■■■■■■■■■■■■■■■■■■■■■■■■■■■■■■■■■                                        |  50% of 164.7 MiB
2026-01-20T00:15:39.5878993Z |■■■■■■■■■■■■■■■■■■■■■■■■■■■■■■■■■■■■■■■■■■■■■■■■                                |  60% of 164.7 MiB
2026-01-20T00:15:39.6350329Z |■■■■■■■■■■■■■■■■■■■■■■■■■■■■■■■■■■■■■■■■■■■■■■■■■■■■■■■■                        |  70% of 164.7 MiB
2026-01-20T00:15:39.6849871Z |■■■■■■■■■■■■■■■■■■■■■■■■■■■■■■■■■■■■■■■■■■■■■■■■■■■■■■■■■■■■■■■■                |  80% of 164.7 MiB
2026-01-20T00:15:39.7373123Z |■■■■■■■■■■■■■■■■■■■■■■■■■■■■■■■■■■■■■■■■■■■■■■■■■■■■■■■■■■■■■■■■■■■■■■■■        |  90% of 164.7 MiB
2026-01-20T00:15:39.7900069Z |■■■■■■■■■■■■■■■■■■■■■■■■■■■■■■■■■■■■■■■■■■■■■■■■■■■■■■■■■■■■■■■■■■■■■■■■■■■■■■■■| 100% of 164.7 MiB
2026-01-20T00:15:42.3310522Z Chromium 143.0.7499.4 (playwright build v1200) downloaded to /home/runner/.cache/ms-playwright/chromium-1200
2026-01-20T00:15:42.3314859Z Downloading FFMPEG playwright build v1011 from https://cdn.playwright.dev/dbazure/download/playwright/builds/ffmpeg/1011/ffmpeg-linux.zip
2026-01-20T00:15:42.4310549Z (node:2201) [DEP0169] DeprecationWarning: `url.parse()` behavior is not standardized and prone to errors that have security implications. Use the WHATWG URL API instead. CVEs are not issued for `url.parse()` vulnerabilities.
2026-01-20T00:15:42.4312971Z (Use `node --trace-deprecation ...` to show where the warning was created)
2026-01-20T00:15:42.4812815Z |                                                                                |   0% of 2.3 MiB
2026-01-20T00:15:42.4937816Z |■■■■■■■■                                                                        |  10% of 2.3 MiB
2026-01-20T00:15:42.4974658Z |■■■■■■■■■■■■■■■■                                                                |  20% of 2.3 MiB
2026-01-20T00:15:42.5018733Z |■■■■■■■■■■■■■■■■■■■■■■■■                                                        |  30% of 2.3 MiB
2026-01-20T00:15:42.5040732Z |■■■■■■■■■■■■■■■■■■■■■■■■■■■■■■■■                                                |  40% of 2.3 MiB
2026-01-20T00:15:42.5056439Z |■■■■■■■■■■■■■■■■■■■■■■■■■■■■■■■■■■■■■■■■                                        |  50% of 2.3 MiB
2026-01-20T00:15:42.5076797Z |■■■■■■■■■■■■■■■■■■■■■■■■■■■■■■■■■■■■■■■■■■■■■■■■                                |  60% of 2.3 MiB
2026-01-20T00:15:42.5107495Z |■■■■■■■■■■■■■■■■■■■■■■■■■■■■■■■■■■■■■■■■■■■■■■■■■■■■■■■■                        |  70% of 2.3 MiB
2026-01-20T00:15:42.5146483Z |■■■■■■■■■■■■■■■■■■■■■■■■■■■■■■■■■■■■■■■■■■■■■■■■■■■■■■■■■■■■■■■■                |  80% of 2.3 MiB
2026-01-20T00:15:42.5169273Z |■■■■■■■■■■■■■■■■■■■■■■■■■■■■■■■■■■■■■■■■■■■■■■■■■■■■■■■■■■■■■■■■■■■■■■■■        |  90% of 2.3 MiB
2026-01-20T00:15:42.5190770Z |■■■■■■■■■■■■■■■■■■■■■■■■■■■■■■■■■■■■■■■■■■■■■■■■■■■■■■■■■■■■■■■■■■■■■■■■■■■■■■■■| 100% of 2.3 MiB
2026-01-20T00:15:42.5816869Z FFMPEG playwright build v1011 downloaded to /home/runner/.cache/ms-playwright/ffmpeg-1011
2026-01-20T00:15:42.5820935Z Downloading Chromium Headless Shell 143.0.7499.4 (playwright build v1200) from https://cdn.playwright.dev/dbazure/download/playwright/builds/chromium/1200/chromium-headless-shell-linux.zip
2026-01-20T00:15:42.6796102Z (node:2212) [DEP0169] DeprecationWarning: `url.parse()` behavior is not standardized and prone to errors that have security implications. Use the WHATWG URL API instead. CVEs are not issued for `url.parse()` vulnerabilities.
2026-01-20T00:15:42.6798198Z (Use `node --trace-deprecation ...` to show where the warning was created)
2026-01-20T00:15:42.7451355Z |                                                                                |   0% of 109.7 MiB
2026-01-20T00:15:42.8512326Z |■■■■■■■■                                                                        |  10% of 109.7 MiB
2026-01-20T00:15:42.9208723Z |■■■■■■■■■■■■■■■■                                                                |  20% of 109.7 MiB
2026-01-20T00:15:42.9728568Z |■■■■■■■■■■■■■■■■■■■■■■■■                                                        |  30% of 109.7 MiB
2026-01-20T00:15:43.0283609Z |■■■■■■■■■■■■■■■■■■■■■■■■■■■■■■■■                                                |  40% of 109.7 MiB
2026-01-20T00:15:43.0809147Z |■■■■■■■■■■■■■■■■■■■■■■■■■■■■■■■■■■■■■■■■                                        |  50% of 109.7 MiB
2026-01-20T00:15:43.1299028Z |■■■■■■■■■■■■■■■■■■■■■■■■■■■■■■■■■■■■■■■■■■■■■■■■                                |  60% of 109.7 MiB
2026-01-20T00:15:43.1697223Z |■■■■■■■■■■■■■■■■■■■■■■■■■■■■■■■■■■■■■■■■■■■■■■■■■■■■■■■■                        |  70% of 109.7 MiB
2026-01-20T00:15:43.2085929Z |■■■■■■■■■■■■■■■■■■■■■■■■■■■■■■■■■■■■■■■■■■■■■■■■■■■■■■■■■■■■■■■■                |  80% of 109.7 MiB
2026-01-20T00:15:43.2461608Z |■■■■■■■■■■■■■■■■■■■■■■■■■■■■■■■■■■■■■■■■■■■■■■■■■■■■■■■■■■■■■■■■■■■■■■■■        |  90% of 109.7 MiB
2026-01-20T00:15:43.2835721Z |■■■■■■■■■■■■■■■■■■■■■■■■■■■■■■■■■■■■■■■■■■■■■■■■■■■■■■■■■■■■■■■■■■■■■■■■■■■■■■■■| 100% of 109.7 MiB
2026-01-20T00:15:45.1905183Z Chromium Headless Shell 143.0.7499.4 (playwright build v1200) downloaded to /home/runner/.cache/ms-playwright/chromium_headless_shell-1200
2026-01-20T00:15:45.2138292Z ##[group]Run mkdir -p projects/ci_petstore_swagger
2026-01-20T00:15:45.2138700Z [36;1mmkdir -p projects/ci_petstore_swagger[0m
2026-01-20T00:15:45.2139110Z [36;1mcat > projects/ci_petstore_swagger/config.json << 'EOF'[0m
2026-01-20T00:15:45.2139434Z [36;1m{[0m
2026-01-20T00:15:45.2139641Z [36;1m  "project_name": "ci_petstore_swagger",[0m
2026-01-20T00:15:45.2139996Z [36;1m  "target_url": "https://petstore.swagger.io/",[0m
2026-01-20T00:15:45.2140359Z [36;1m  "goal": "Test Swagger UI interactions",[0m
2026-01-20T00:15:45.2140640Z [36;1m  "headless": true[0m
2026-01-20T00:15:45.2140845Z [36;1m}[0m
2026-01-20T00:15:45.2141010Z [36;1mEOF[0m
2026-01-20T00:15:45.2174804Z shell: /usr/bin/bash -e {0}
2026-01-20T00:15:45.2175035Z env:
2026-01-20T00:15:45.2175297Z   pythonLocation: /opt/hostedtoolcache/Python/3.11.14/x64
2026-01-20T00:15:45.2175728Z   PKG_CONFIG_PATH: /opt/hostedtoolcache/Python/3.11.14/x64/lib/pkgconfig
2026-01-20T00:15:45.2176339Z   Python_ROOT_DIR: /opt/hostedtoolcache/Python/3.11.14/x64
2026-01-20T00:15:45.2176776Z   Python2_ROOT_DIR: /opt/hostedtoolcache/Python/3.11.14/x64
2026-01-20T00:15:45.2177189Z   Python3_ROOT_DIR: /opt/hostedtoolcache/Python/3.11.14/x64
2026-01-20T00:15:45.2177600Z   LD_LIBRARY_PATH: /opt/hostedtoolcache/Python/3.11.14/x64/lib
2026-01-20T00:15:45.2177908Z ##[endgroup]
2026-01-20T00:15:45.2285890Z ##[group]Run # Use --deep for comprehensive regression suite
2026-01-20T00:15:45.2286569Z [36;1m# Use --deep for comprehensive regression suite[0m
2026-01-20T00:15:45.2287035Z [36;1mpython orchestrator.py --project projects/ci_petstore_swagger --deep --force[0m
2026-01-20T00:15:45.2318137Z shell: /usr/bin/bash -e {0}
2026-01-20T00:15:45.2318369Z env:
2026-01-20T00:15:45.2318621Z   pythonLocation: /opt/hostedtoolcache/Python/3.11.14/x64
2026-01-20T00:15:45.2319055Z   PKG_CONFIG_PATH: /opt/hostedtoolcache/Python/3.11.14/x64/lib/pkgconfig
2026-01-20T00:15:45.2319485Z   Python_ROOT_DIR: /opt/hostedtoolcache/Python/3.11.14/x64
2026-01-20T00:15:45.2319860Z   Python2_ROOT_DIR: /opt/hostedtoolcache/Python/3.11.14/x64
2026-01-20T00:15:45.2320223Z   Python3_ROOT_DIR: /opt/hostedtoolcache/Python/3.11.14/x64
2026-01-20T00:15:45.2320782Z   LD_LIBRARY_PATH: /opt/hostedtoolcache/Python/3.11.14/x64/lib
2026-01-20T00:15:45.2321299Z   GOOGLE_API_KEY: ***
2026-01-20T00:15:45.2321534Z   PYTHONPATH: .
2026-01-20T00:15:45.2321722Z ##[endgroup]
2026-01-20T00:15:46.9672331Z 🚀 [DEEP] Extensive mapping enabled (Depth: 3, Pages: 50)
2026-01-20T00:15:46.9672831Z 
2026-01-20T00:15:46.9673513Z 🗺️ [DISCOVERY] Starting Parallel Semantic Crawl on https://petstore.swagger.io/ (Workers: 3)
2026-01-20T00:15:47.6950931Z   🔍 [Worker 0] Visiting (0): https://petstore.swagger.io/
2026-01-20T00:15:49.2843073Z [DEBUG] Sending request to gemini-2.0-flash. Number of parts: 1
2026-01-20T00:15:49.2843734Z [DEBUG] Received response (Length: 145)
2026-01-20T00:15:49.2844288Z ✅ Discovery Complete. Mapped 1 pages.
2026-01-20T00:16:01.2617238Z 
2026-01-20T00:16:01.2617912Z [PLAN] PLANNER: Planning goal -> 'Test Swagger UI interactions' (Deep Mode: True)
2026-01-20T00:16:01.2618716Z 🗺️ [PLAN] Loaded Sitemap with 1 pages.
2026-01-20T00:16:01.2619065Z 📊 [KNOWLEDGE] Page types: ['homepage']
2026-01-20T00:16:01.2619362Z 🔄 [KNOWLEDGE] Flows: 0, Forms: 0
2026-01-20T00:16:01.2620259Z 🎭 [EXPERT] Detected Domain: GENERAL. Persona: Act as Senior SDET focusing on exploring the application to understand functional flow and identifying critical paths for end-to-end automation
2026-01-20T00:16:01.2621104Z [DEBUG] Sending request to gemini-2.0-flash. Number of parts: 1
2026-01-20T00:16:01.2621452Z [DEBUG] Received response (Length: 4981)
2026-01-20T00:16:01.2621798Z ✅ Planner generated 3 scenarios. Workflow updated.
2026-01-20T00:16:02.2700861Z 
2026-01-20T00:16:02.2701950Z 🕵️ [DEEP EXPLORER] Starting Multi-Scenario Exploration
2026-01-20T00:16:02.2702524Z 📋 Found 3 scenarios to explore.
2026-01-20T00:16:02.6346855Z 
2026-01-20T00:16:02.6347486Z [1/3] Exploring Scenario: Explore Swagger UI - Pet Operations
2026-01-20T00:16:02.6348945Z     🧠 Initialized exploration context for goal: 'Verify basic interactions with the Pet operations in Swagger UI.'
2026-01-20T00:16:02.6350100Z     🎯 Scenario: Explore Swagger UI - Pet Operations
2026-01-20T00:16:02.6358392Z   ▶️ [STEP step_1] NAVIGATE: 
2026-01-20T00:16:03.6054185Z     ✅ Navigated to https://petstore.swagger.io/
2026-01-20T00:16:03.6055466Z   ▶️ [STEP step_2] ASSERT_VISIBLE: Swagger UI
2026-01-20T00:16:03.6256958Z     🔍 Mining locators for: 'Swagger UI'
2026-01-20T00:16:03.7925177Z     🧠 Consulting AI (Vision-First) to find 'Swagger UI'...
2026-01-20T00:16:03.7953888Z     🔍 Trying smart selectors for 'Swagger UI'...
2026-01-20T00:16:03.8105475Z     🔍 [SMART] Searching for: 'Swagger UI' (trying 15+ strategies)
2026-01-20T00:16:03.8106523Z     ✅ Smart selector found 'Swagger UI' via id-exact (confidence: 0.92)
2026-01-20T00:16:03.8153381Z     ✅ Found 1 verified locators
2026-01-20T00:16:06.8593124Z     ✅ State transitioned.
2026-01-20T00:16:08.4653049Z [DEBUG] Sending request to gemini-2.0-flash. Number of parts: 2
2026-01-20T00:16:08.4653810Z [DEBUG] Received response (Length: 252)
2026-01-20T00:16:08.4654918Z     🤖 AI Next Step Suggestion: click -> pet Everything about your Pets Find out more
2026-01-20T00:16:08.4655781Z     🧩 Suggested Locator: #operations-tag-pet
2026-01-20T00:16:08.4657573Z     💭 Reasoning: To explore the Pet operations, I need to click on the 'pet' section to expand it and see the available operations.
2026-01-20T00:16:08.4658991Z     ➕ Injected AI step: click -> pet Everything about your Pets Find out more
2026-01-20T00:16:08.4660016Z   ▶️ [STEP step_2_ai_1] CLICK: pet Everything about your Pets Find out more
2026-01-20T00:16:08.4723282Z     🎯 Using AI-provided locator: #operations-tag-pet
2026-01-20T00:16:08.4788867Z     ✅ Found 1 verified locators
2026-01-20T00:16:12.5581735Z     ✅ State transitioned.
2026-01-20T00:16:14.0903718Z [DEBUG] Sending request to gemini-2.0-flash. Number of parts: 2
2026-01-20T00:16:14.0904377Z [DEBUG] Received response (Length: 231)
2026-01-20T00:16:14.0905187Z     🤖 AI Next Step Suggestion: click -> Explore
2026-01-20T00:16:14.0906475Z     💭 Reasoning: After clicking on 'pet', the page reloaded with a default URL in the input field. Clicking 'Explore' will load the pet operations.
2026-01-20T00:16:14.0907195Z     ➕ Injected AI step: click -> Explore
2026-01-20T00:16:14.0907514Z   ▶️ [STEP step_2_ai_2] CLICK: Explore
2026-01-20T00:16:14.0967748Z     🔍 Mining locators for: 'Explore'
2026-01-20T00:16:14.1499928Z     ✅ Found 2 verified locators
2026-01-20T00:16:17.6989289Z     ✅ State transitioned.
2026-01-20T00:16:19.4882150Z [DEBUG] Sending request to gemini-2.0-flash. Number of parts: 2
2026-01-20T00:16:19.4882841Z [DEBUG] Received response (Length: 319)
2026-01-20T00:16:19.4883733Z     🤖 AI Next Step Suggestion: fill -> download-url-input
2026-01-20T00:16:19.4884403Z     🧩 Suggested Locator: #download-url-input
2026-01-20T00:16:19.4885943Z     💭 Reasoning: The page is showing the swagger definition. To interact with the pet operations, we need to load the petstore swagger definition into the input field.
2026-01-20T00:16:19.4887708Z     ➕ Injected AI step: fill -> download-url-input
2026-01-20T00:16:19.4888406Z   ▶️ [STEP step_2_ai_3] FILL: download-url-input
2026-01-20T00:16:19.4944598Z     🎯 Using AI-provided locator: #download-url-input
2026-01-20T00:16:19.5003715Z     ✅ Found 1 verified locators
2026-01-20T00:16:27.9131411Z     ✅ State transitioned.
2026-01-20T00:16:27.9179958Z     🔄 Revisited state detected (count: 1)
2026-01-20T00:16:29.6112743Z [DEBUG] Sending request to gemini-2.0-flash. Number of parts: 2
2026-01-20T00:16:29.6113383Z [DEBUG] Received response (Length: 229)
2026-01-20T00:16:29.6114162Z     🤖 AI Next Step Suggestion: click -> Explore
2026-01-20T00:16:29.6114771Z     🧩 Suggested Locator: button:nth-of-type(2)
2026-01-20T00:16:29.6115967Z     💭 Reasoning: The last action was filling the download-url-input. Now, we need to click the 'Explore' button to load the Swagger definition.
2026-01-20T00:16:29.6117266Z     ➕ Injected AI step: click -> Explore
2026-01-20T00:16:29.6117793Z   ▶️ [STEP step_2_ai_4] CLICK: Explore
2026-01-20T00:16:29.6173034Z     🎯 Using AI-provided locator: button:nth-of-type(2)
2026-01-20T00:16:29.6237646Z     ✅ Found 1 verified locators
2026-01-20T00:16:33.6797279Z     ✅ State transitioned.
2026-01-20T00:16:35.3117026Z [DEBUG] Sending request to gemini-2.0-flash. Number of parts: 2
2026-01-20T00:16:35.3117573Z [DEBUG] Received response (Length: 288)
2026-01-20T00:16:35.3118198Z     🤖 AI Next Step Suggestion: click -> Explore
2026-01-20T00:16:35.3118605Z     🧩 Suggested Locator: button
2026-01-20T00:16:35.3119847Z     💭 Reasoning: The last action was filling the download-url-input and clicking Explore. It seems like the page is still trying to load the swagger definition. Clicking Explore again might help reload the definition.
2026-01-20T00:16:35.3120862Z     🔄 Same AI suggestion but state changed (URL or DOM). Resetting loop counter.
2026-01-20T00:16:35.3121404Z     ⚠️ Skipping duplicate AI suggestion (just executed): ('click', 'explore')
2026-01-20T00:16:35.3121832Z   ▶️ [STEP step_3] CLICK: pet
2026-01-20T00:16:35.3178625Z     🔍 Mining locators for: 'pet'
2026-01-20T00:16:35.3532678Z     🧠 Consulting AI (Vision-First) to find 'pet'...
2026-01-20T00:16:35.3533758Z     🔍 Trying smart selectors for 'pet'...
2026-01-20T00:16:35.4360406Z     🔍 [SMART] Searching for: 'pet' (trying 15+ strategies)
2026-01-20T00:16:35.4361190Z     ⚠️ Smart selectors failed (no unique match). Falling back to AI Vision...
2026-01-20T00:16:35.4362190Z     🧠 [EXPERT] Strategy: Act as Senior SDET focusing on exploring the application to understand functional flow and identifying critical paths for end-to-end automation.
2026-01-20T00:16:40.2017650Z [DEBUG] Sending request to gemini-2.0-flash. Number of parts: 2
2026-01-20T00:16:40.2018291Z [DEBUG] Received response (Length: 214)
2026-01-20T00:16:40.2019143Z     ⚠️ Skipping duplicate injection: Explore
2026-01-20T00:16:40.2019719Z     🔄 Retry 1/3 mining locators for 'pet'...
2026-01-20T00:16:41.2358551Z     🧠 Consulting AI (Vision-First) to find 'pet'...
2026-01-20T00:16:41.2359700Z     🔍 Trying smart selectors for 'pet'...
2026-01-20T00:16:41.3162176Z     🔍 [SMART] Searching for: 'pet' (trying 15+ strategies)
2026-01-20T00:16:41.3163085Z     ⚠️ Smart selectors failed (no unique match). Falling back to AI Vision...
2026-01-20T00:16:41.3164134Z     🧠 [EXPERT] Strategy: Act as Senior SDET focusing on exploring the application to understand functional flow and identifying critical paths for end-to-end automation.
2026-01-20T00:16:41.3168787Z [CACHE HIT] 5d7611d5... (hits: 1, misses: 6)
2026-01-20T00:16:41.3169379Z     ⚠️ Skipping duplicate injection: Explore
2026-01-20T00:16:41.3169926Z     🔄 Retry 2/3 mining locators for 'pet'...
2026-01-20T00:16:42.3183077Z     🗑️ Invalidating stale AI cache (retry 2)...
2026-01-20T00:16:42.3533214Z     🧠 Consulting AI (Vision-First) to find 'pet'...
2026-01-20T00:16:42.3533898Z     🔍 Trying smart selectors for 'pet'...
2026-01-20T00:16:42.4330469Z     🔍 [SMART] Searching for: 'pet' (trying 15+ strategies)
2026-01-20T00:16:42.4331216Z     ⚠️ Smart selectors failed (no unique match). Falling back to AI Vision...
2026-01-20T00:16:42.4332852Z     🧠 [EXPERT] Strategy: Act as Senior SDET focusing on exploring the application to understand functional flow and identifying critical paths for end-to-end automation.
2026-01-20T00:16:42.4335934Z [CACHE HIT] 5d7611d5... (hits: 2, misses: 6)
2026-01-20T00:16:42.4336674Z     ⚠️ Skipping duplicate injection: Explore
2026-01-20T00:16:42.4337476Z     🧠 Verifying step validity for 'pet' after no candidates found...
2026-01-20T00:16:44.9751658Z [DEBUG] Sending request to gemini-2.0-flash. Number of parts: 2
2026-01-20T00:16:44.9752253Z [DEBUG] Received response (Length: 283)
2026-01-20T00:16:44.9754373Z     🗑️ Step deemed INVALID: The page failed to render correctly, displaying 'Could not render BaseLayout, see the console.' The 'pet' element is not visible or accessible in this state. We need a valid page render to interact with the 'pet' element.. Removing from workflow.
2026-01-20T00:16:44.9755779Z     ⏭️ Skipping execution of invalid step: pet
2026-01-20T00:16:44.9756121Z   ▶️ [STEP step_4] ASSERT_VISIBLE: /pet
2026-01-20T00:16:44.9810997Z     🔍 Mining locators for: '/pet'
2026-01-20T00:16:45.0189771Z     🧠 Consulting AI (Vision-First) to find '/pet'...
2026-01-20T00:16:45.0190453Z     🔍 Trying smart selectors for '/pet'...
2026-01-20T00:16:45.0992240Z     🔍 [SMART] Searching for: '/pet' (trying 15+ strategies)
2026-01-20T00:16:45.0993166Z     ⚠️ Smart selectors failed (no unique match). Falling back to AI Vision...
2026-01-20T00:16:45.0994108Z     🧠 [EXPERT] Strategy: Act as Senior SDET focusing on exploring the application to understand functional flow and identifying critical paths for end-to-end automation.
2026-01-20T00:16:49.9505230Z [DEBUG] Sending request to gemini-2.0-flash. Number of parts: 2
2026-01-20T00:16:49.9505636Z [DEBUG] Received response (Length: 225)
2026-01-20T00:16:49.9506718Z     💡 Expert Suggestion: Clicking 'Explore' might load the Swagger UI with the API definitions, including /pet.
2026-01-20T00:16:49.9507388Z     🛠️ Executing corrective action: click -> 'Explore'
2026-01-20T00:16:50.5056959Z     ✅ Executed corrective navigation
2026-01-20T00:16:52.5081047Z     🔄 Retry 1/3 mining locators for '/pet'...
2026-01-20T00:16:53.5357737Z     🧠 Consulting AI (Vision-First) to find '/pet'...
2026-01-20T00:16:53.5358476Z     🔍 Trying smart selectors for '/pet'...
2026-01-20T00:16:53.6150429Z     🔍 [SMART] Searching for: '/pet' (trying 15+ strategies)
2026-01-20T00:16:53.6151333Z     ⚠️ Smart selectors failed (no unique match). Falling back to AI Vision...
2026-01-20T00:16:53.6152458Z     🧠 [EXPERT] Strategy: Act as Senior SDET focusing on exploring the application to understand functional flow and identifying critical paths for end-to-end automation.
2026-01-20T00:16:55.3576857Z [DEBUG] Sending request to gemini-2.0-flash. Number of parts: 2
2026-01-20T00:16:55.3577312Z [DEBUG] Received response (Length: 249)
2026-01-20T00:16:55.3577879Z     ⚠️ Skipping duplicate injection: Explore
2026-01-20T00:16:55.3579037Z     🔄 Retry 2/3 mining locators for '/pet'...
2026-01-20T00:16:56.3590150Z     🗑️ Invalidating stale AI cache (retry 2)...
2026-01-20T00:16:56.3855177Z     🧠 Consulting AI (Vision-First) to find '/pet'...
2026-01-20T00:16:56.3855627Z     🔍 Trying smart selectors for '/pet'...
2026-01-20T00:16:56.4630455Z     🔍 [SMART] Searching for: '/pet' (trying 15+ strategies)
2026-01-20T00:16:56.4631356Z     ⚠️ Smart selectors failed (no unique match). Falling back to AI Vision...
2026-01-20T00:16:56.4632312Z     🧠 [EXPERT] Strategy: Act as Senior SDET focusing on exploring the application to understand functional flow and identifying critical paths for end-to-end automation.
2026-01-20T00:16:56.4635957Z [CACHE HIT] 402a8d64... (hits: 3, misses: 9)
2026-01-20T00:16:56.4636861Z     ⚠️ Skipping duplicate injection: Explore
2026-01-20T00:16:56.4637312Z     🧠 Verifying step validity for '/pet' after no candidates found...
2026-01-20T00:16:59.9878672Z [DEBUG] Sending request to gemini-2.0-flash. Number of parts: 2
2026-01-20T00:16:59.9879178Z [DEBUG] Received response (Length: 308)
2026-01-20T00:16:59.9880706Z     🗑️ Step deemed INVALID: The page failed to render the layout. The message 'Could not render BaseLayout, see the console' indicates a problem with the Swagger UI initialization. Therefore, the '/pet' endpoint is not visible or accessible on the page in its current state.. Removing from workflow.
2026-01-20T00:16:59.9881920Z     ⏭️ Skipping execution of invalid step: /pet
2026-01-20T00:16:59.9882266Z   ▶️ [STEP step_5] CLICK: /pet/findByStatus
2026-01-20T00:16:59.9937960Z     🔍 Mining locators for: '/pet/findByStatus'
2026-01-20T00:17:00.0194176Z     🧠 Consulting AI (Vision-First) to find '/pet/findByStatus'...
2026-01-20T00:17:00.0195105Z     🔍 Trying smart selectors for '/pet/findByStatus'...
2026-01-20T00:17:00.1029362Z     🔍 [SMART] Searching for: '/pet/findByStatus' (trying 15+ strategies)
2026-01-20T00:17:00.1030397Z     ⚠️ Smart selectors failed (no unique match). Falling back to AI Vision...
2026-01-20T00:17:00.1031887Z     🧠 [EXPERT] Strategy: Act as Senior SDET focusing on exploring the application to understand functional flow and identifying critical paths for end-to-end automation.
2026-01-20T00:17:04.9730216Z [DEBUG] Sending request to gemini-2.0-flash. Number of parts: 2
2026-01-20T00:17:04.9730729Z [DEBUG] Received response (Length: 266)
2026-01-20T00:17:04.9731740Z     💡 Expert Suggestion: Clicking 'Explore' should load the Swagger UI definition and make the API endpoints, including '/pet/findByStatus', accessible.
2026-01-20T00:17:04.9732475Z     🛠️ Executing corrective action: click -> 'Explore'
2026-01-20T00:17:05.5364561Z     ✅ Executed corrective navigation
2026-01-20T00:17:07.5379969Z     🔄 Retry 1/3 mining locators for '/pet/findByStatus'...
2026-01-20T00:17:08.5688015Z     🧠 Consulting AI (Vision-First) to find '/pet/findByStatus'...
2026-01-20T00:17:08.5688847Z     🔍 Trying smart selectors for '/pet/findByStatus'...
2026-01-20T00:17:08.6469004Z     🔍 [SMART] Searching for: '/pet/findByStatus' (trying 15+ strategies)
2026-01-20T00:17:08.6469897Z     ⚠️ Smart selectors failed (no unique match). Falling back to AI Vision...
2026-01-20T00:17:08.6471867Z     🧠 [EXPERT] Strategy: Act as Senior SDET focusing on exploring the application to understand functional flow and identifying critical paths for end-to-end automation.
2026-01-20T00:17:08.6473853Z [CACHE HIT] 433b25df... (hits: 4, misses: 11)
2026-01-20T00:17:08.6474509Z     ⚠️ Skipping duplicate injection: Explore
2026-01-20T00:17:08.6474917Z     🔄 Retry 2/3 mining locators for '/pet/findByStatus'...
2026-01-20T00:17:09.6488213Z     🗑️ Invalidating stale AI cache (retry 2)...
2026-01-20T00:17:09.6863570Z     🧠 Consulting AI (Vision-First) to find '/pet/findByStatus'...
2026-01-20T00:17:09.6864480Z     🔍 Trying smart selectors for '/pet/findByStatus'...
2026-01-20T00:17:09.7630951Z     🔍 [SMART] Searching for: '/pet/findByStatus' (trying 15+ strategies)
2026-01-20T00:17:09.7632060Z     ⚠️ Smart selectors failed (no unique match). Falling back to AI Vision...
2026-01-20T00:17:09.7633210Z     🧠 [EXPERT] Strategy: Act as Senior SDET focusing on exploring the application to understand functional flow and identifying critical paths for end-to-end automation.
2026-01-20T00:17:09.7636545Z [CACHE HIT] 433b25df... (hits: 5, misses: 11)
2026-01-20T00:17:09.7637178Z     ⚠️ Skipping duplicate injection: Explore
2026-01-20T00:17:09.7638408Z     🧠 Verifying step validity for '/pet/findByStatus' after no candidates found...
2026-01-20T00:17:11.1095945Z [DEBUG] Sending request to gemini-2.0-flash. Number of parts: 2
2026-01-20T00:17:11.1096963Z [DEBUG] Received response (Length: 279)
2026-01-20T00:17:11.1099765Z     🗑️ Step deemed INVALID: The page failed to render correctly, displaying 'Could not render BaseLayout, see the console.' Therefore, the '/pet/findByStatus' element is likely not present or accessible. It's not valid to proceed with this step.. Removing from workflow.
2026-01-20T00:17:11.1101364Z     ⏭️ Skipping execution of invalid step: /pet/findByStatus
2026-01-20T00:17:11.1101900Z   ▶️ [STEP step_6] ASSERT_VISIBLE: Finds Pets by status
2026-01-20T00:17:11.1150221Z     🔍 Mining locators for: 'Finds Pets by status'
2026-01-20T00:17:11.1528322Z     🧠 Consulting AI (Vision-First) to find 'Finds Pets by status'...
2026-01-20T00:17:11.1529175Z     🔍 Trying smart selectors for 'Finds Pets by status'...
2026-01-20T00:17:11.2517170Z     🔍 [SMART] Searching for: 'Finds Pets by status' (trying 15+ strategies)
2026-01-20T00:17:11.2518011Z     ⚠️ Smart selectors failed (no unique match). Falling back to AI Vision...
2026-01-20T00:17:11.2518939Z     🧠 [EXPERT] Strategy: Act as Senior SDET focusing on exploring the application to understand functional flow and identifying critical paths for end-to-end automation.
2026-01-20T00:17:16.1148646Z [DEBUG] Sending request to gemini-2.0-flash. Number of parts: 2
2026-01-20T00:17:16.1149315Z [DEBUG] Received response (Length: 266)
2026-01-20T00:17:16.1150874Z     💡 Expert Suggestion: The Swagger UI needs to be rendered first. Clicking 'Explore' might load the API definitions, including 'Finds Pets by status'.
2026-01-20T00:17:16.1151979Z     🛠️ Executing corrective action: click -> 'Explore'
2026-01-20T00:17:16.6695234Z     ✅ Executed corrective navigation
2026-01-20T00:17:18.6719230Z     🔄 Retry 1/3 mining locators for 'Finds Pets by status'...
2026-01-20T00:17:19.7015476Z     🧠 Consulting AI (Vision-First) to find 'Finds Pets by status'...
2026-01-20T00:17:19.7017062Z     🔍 Trying smart selectors for 'Finds Pets by status'...
2026-01-20T00:17:19.7951124Z     🔍 [SMART] Searching for: 'Finds Pets by status' (trying 15+ strategies)
2026-01-20T00:17:19.7952187Z     ⚠️ Smart selectors failed (no unique match). Falling back to AI Vision...
2026-01-20T00:17:19.7953901Z     🧠 [EXPERT] Strategy: Act as Senior SDET focusing on exploring the application to understand functional flow and identifying critical paths for end-to-end automation.
2026-01-20T00:17:19.7955217Z [CACHE HIT] 89878ba7... (hits: 6, misses: 13)
2026-01-20T00:17:19.7955865Z     ⚠️ Skipping duplicate injection: Explore
2026-01-20T00:17:19.7956750Z     🔄 Retry 2/3 mining locators for 'Finds Pets by status'...
2026-01-20T00:17:20.7970477Z     🗑️ Invalidating stale AI cache (retry 2)...
2026-01-20T00:17:20.8352053Z     🧠 Consulting AI (Vision-First) to find 'Finds Pets by status'...
2026-01-20T00:17:20.8352968Z     🔍 Trying smart selectors for 'Finds Pets by status'...
2026-01-20T00:17:20.9287983Z     🔍 [SMART] Searching for: 'Finds Pets by status' (trying 15+ strategies)
2026-01-20T00:17:20.9288738Z     ⚠️ Smart selectors failed (no unique match). Falling back to AI Vision...
2026-01-20T00:17:20.9290365Z     🧠 [EXPERT] Strategy: Act as Senior SDET focusing on exploring the application to understand functional flow and identifying critical paths for end-to-end automation.
2026-01-20T00:17:20.9293048Z [CACHE HIT] 89878ba7... (hits: 7, misses: 13)
2026-01-20T00:17:20.9293507Z     ⚠️ Skipping duplicate injection: Explore
2026-01-20T00:17:20.9294780Z     🧠 Verifying step validity for 'Finds Pets by status' after no candidates found...
2026-01-20T00:17:22.5369414Z [DEBUG] Sending request to gemini-2.0-flash. Number of parts: 2
2026-01-20T00:17:22.5369921Z [DEBUG] Received response (Length: 306)
2026-01-20T00:17:22.5371475Z     🗑️ Step deemed INVALID: The page failed to render correctly, displaying 'Could not render BaseLayout, see the console.' Therefore, the element 'Finds Pets by status' is likely not present or accessible in the current state. We need a properly rendered page to proceed.. Removing from workflow.
2026-01-20T00:17:22.5373058Z     ⏭️ Skipping execution of invalid step: Finds Pets by status
2026-01-20T00:17:22.5373431Z   ▶️ [STEP step_7] CLICK: Try it out
2026-01-20T00:17:22.5426916Z     🔍 Mining locators for: 'Try it out'
2026-01-20T00:17:22.5683711Z     🧠 Consulting AI (Vision-First) to find 'Try it out'...
2026-01-20T00:17:22.5684503Z     🔍 Trying smart selectors for 'Try it out'...
2026-01-20T00:17:22.6583969Z     🔍 [SMART] Searching for: 'Try it out' (trying 15+ strategies)
2026-01-20T00:17:22.6584881Z     ⚠️ Smart selectors failed (no unique match). Falling back to AI Vision...
2026-01-20T00:17:22.6585845Z     🧠 [EXPERT] Strategy: Act as Senior SDET focusing on exploring the application to understand functional flow and identifying critical paths for end-to-end automation.
2026-01-20T00:17:27.1477660Z [DEBUG] Sending request to gemini-2.0-flash. Number of parts: 2
2026-01-20T00:17:27.1478477Z [DEBUG] Received response (Length: 209)
2026-01-20T00:17:27.1479852Z     💡 Expert Suggestion: "Try it out" is likely available after exploring the API definition.
2026-01-20T00:17:27.1481007Z     🛠️ Executing corrective action: click -> 'Explore'
2026-01-20T00:17:27.7012554Z     ✅ Executed corrective navigation
2026-01-20T00:17:29.7036054Z     🔄 Retry 1/3 mining locators for 'Try it out'...
2026-01-20T00:17:30.7342092Z     🧠 Consulting AI (Vision-First) to find 'Try it out'...
2026-01-20T00:17:30.7343097Z     🔍 Trying smart selectors for 'Try it out'...
2026-01-20T00:17:30.8228465Z     🔍 [SMART] Searching for: 'Try it out' (trying 15+ strategies)
2026-01-20T00:17:30.8229370Z     ⚠️ Smart selectors failed (no unique match). Falling back to AI Vision...
2026-01-20T00:17:30.8230303Z     🧠 [EXPERT] Strategy: Act as Senior SDET focusing on exploring the application to understand functional flow and identifying critical paths for end-to-end automation.
2026-01-20T00:17:30.8232785Z [CACHE HIT] a3db6a54... (hits: 8, misses: 15)
2026-01-20T00:17:30.8233461Z     ⚠️ Skipping duplicate injection: Explore
2026-01-20T00:17:30.8233839Z     🔄 Retry 2/3 mining locators for 'Try it out'...
2026-01-20T00:17:31.8247288Z     🗑️ Invalidating stale AI cache (retry 2)...
2026-01-20T00:17:31.8507501Z     🧠 Consulting AI (Vision-First) to find 'Try it out'...
2026-01-20T00:17:31.8508307Z     🔍 Trying smart selectors for 'Try it out'...
2026-01-20T00:17:31.9364688Z     🔍 [SMART] Searching for: 'Try it out' (trying 15+ strategies)
2026-01-20T00:17:31.9365909Z     ⚠️ Smart selectors failed (no unique match). Falling back to AI Vision...
2026-01-20T00:17:31.9367299Z     🧠 [EXPERT] Strategy: Act as Senior SDET focusing on exploring the application to understand functional flow and identifying critical paths for end-to-end automation.
2026-01-20T00:17:31.9369903Z [CACHE HIT] a3db6a54... (hits: 9, misses: 15)
2026-01-20T00:17:31.9370594Z     ⚠️ Skipping duplicate injection: Explore
2026-01-20T00:17:31.9389175Z     🧠 Verifying step validity for 'Try it out' after no candidates found...
2026-01-20T00:17:33.3390370Z [DEBUG] Sending request to gemini-2.0-flash. Number of parts: 2
2026-01-20T00:17:33.3390902Z [DEBUG] Received response (Length: 333)
2026-01-20T00:17:33.3392558Z     🗑️ Step deemed INVALID: The page is displaying an error: "Could not render BaseLayout, see the console." This indicates that the Swagger UI is not properly loaded, and therefore the "Try it out" button will not be present. We are on the correct page, but the page is not rendering correctly.. Removing from workflow.
2026-01-20T00:17:33.3393898Z     ⏭️ Skipping execution of invalid step: Try it out
2026-01-20T00:17:33.3394271Z   ▶️ [STEP step_8] ASSERT_VISIBLE: Execute
2026-01-20T00:17:33.3450226Z     🔍 Mining locators for: 'Execute'
2026-01-20T00:17:33.3841865Z     🧠 Consulting AI (Vision-First) to find 'Execute'...
2026-01-20T00:17:33.3843243Z     🔍 Trying smart selectors for 'Execute'...
2026-01-20T00:17:33.4620252Z     🔍 [SMART] Searching for: 'Execute' (trying 15+ strategies)
2026-01-20T00:17:33.4621374Z     ⚠️ Smart selectors failed (no unique match). Falling back to AI Vision...
2026-01-20T00:17:33.4623332Z     🧠 [EXPERT] Strategy: Act as Senior SDET focusing on exploring the application to understand functional flow and identifying critical paths for end-to-end automation.
2026-01-20T00:17:38.2709995Z [DEBUG] Sending request to gemini-2.0-flash. Number of parts: 2
2026-01-20T00:17:38.2710532Z [DEBUG] Received response (Length: 241)
2026-01-20T00:17:38.2711590Z     💡 Expert Suggestion: The 'Explore' button likely navigates to a page where API endpoints and 'Execute' buttons are located.
2026-01-20T00:17:38.2712437Z     🛠️ Executing corrective action: click -> 'Explore'
2026-01-20T00:17:38.8340463Z     ✅ Executed corrective navigation
2026-01-20T00:17:40.8363453Z     🔄 Retry 1/3 mining locators for 'Execute'...
2026-01-20T00:17:41.8673760Z     🧠 Consulting AI (Vision-First) to find 'Execute'...
2026-01-20T00:17:41.8681663Z     🔍 Trying smart selectors for 'Execute'...
2026-01-20T00:17:41.9429914Z     🔍 [SMART] Searching for: 'Execute' (trying 15+ strategies)
2026-01-20T00:17:41.9430690Z     ⚠️ Smart selectors failed (no unique match). Falling back to AI Vision...
2026-01-20T00:17:41.9431648Z     🧠 [EXPERT] Strategy: Act as Senior SDET focusing on exploring the application to understand functional flow and identifying critical paths for end-to-end automation.
2026-01-20T00:17:41.9434371Z [CACHE HIT] b9f73e41... (hits: 10, misses: 17)
2026-01-20T00:17:41.9435008Z     ⚠️ Skipping duplicate injection: Explore
2026-01-20T00:17:41.9435548Z     🔄 Retry 2/3 mining locators for 'Execute'...
2026-01-20T00:17:42.9449448Z     🗑️ Invalidating stale AI cache (retry 2)...
2026-01-20T00:17:42.9838959Z     🧠 Consulting AI (Vision-First) to find 'Execute'...
2026-01-20T00:17:42.9840334Z     🔍 Trying smart selectors for 'Execute'...
2026-01-20T00:17:43.0592424Z     🔍 [SMART] Searching for: 'Execute' (trying 15+ strategies)
2026-01-20T00:17:43.0593262Z     ⚠️ Smart selectors failed (no unique match). Falling back to AI Vision...
2026-01-20T00:17:43.0594876Z     🧠 [EXPERT] Strategy: Act as Senior SDET focusing on exploring the application to understand functional flow and identifying critical paths for end-to-end automation.
2026-01-20T00:17:43.0597570Z [CACHE HIT] b9f73e41... (hits: 11, misses: 17)
2026-01-20T00:17:43.0598061Z     ⚠️ Skipping duplicate injection: Explore
2026-01-20T00:17:43.0598869Z     🧠 Verifying step validity for 'Execute' after no candidates found...
2026-01-20T00:17:44.8634634Z [DEBUG] Sending request to gemini-2.0-flash. Number of parts: 2
2026-01-20T00:17:44.8635123Z [DEBUG] Received response (Length: 369)
2026-01-20T00:17:44.8637385Z     🗑️ Step deemed INVALID: The page displays 'Could not render BaseLayout, see the console.' This indicates that the Swagger UI failed to load correctly. Therefore, the 'Execute' button, which is part of the interactive API documentation, is not present on the page. We are on the correct page, but the content is not loaded properly.. Removing from workflow.
2026-01-20T00:17:44.8638917Z     ⏭️ Skipping execution of invalid step: Execute
2026-01-20T00:17:44.8639256Z   ▶️ [STEP step_9] FILL: status
2026-01-20T00:17:44.8691210Z     🔍 Mining locators for: 'status'
2026-01-20T00:17:44.9018531Z     🧠 Consulting AI (Vision-First) to find 'status'...
2026-01-20T00:17:44.9019205Z     🔍 Trying smart selectors for 'status'...
2026-01-20T00:17:44.9778617Z     🔍 [SMART] Searching for: 'status' (trying 15+ strategies)
2026-01-20T00:17:44.9779565Z     ⚠️ Smart selectors failed (no unique match). Falling back to AI Vision...
2026-01-20T00:17:44.9780527Z     🧠 [EXPERT] Strategy: Act as Senior SDET focusing on exploring the application to understand functional flow and identifying critical paths for end-to-end automation.
2026-01-20T00:17:49.2042948Z [DEBUG] Sending request to gemini-2.0-flash. Number of parts: 2
2026-01-20T00:17:49.2043619Z [DEBUG] Received response (Length: 219)
2026-01-20T00:17:49.2044893Z     💡 Expert Suggestion: The 'status' information is likely available after exploring the API definition.
2026-01-20T00:17:49.2046016Z     🛠️ Executing corrective action: click -> 'Explore'
2026-01-20T00:17:49.7665522Z     ✅ Executed corrective navigation
2026-01-20T00:17:51.7688871Z     🔄 Retry 1/3 mining locators for 'status'...
2026-01-20T00:17:52.8006457Z     🧠 Consulting AI (Vision-First) to find 'status'...
2026-01-20T00:17:52.8007249Z     🔍 Trying smart selectors for 'status'...
2026-01-20T00:17:52.8796897Z     🔍 [SMART] Searching for: 'status' (trying 15+ strategies)
2026-01-20T00:17:52.8797906Z     ⚠️ Smart selectors failed (no unique match). Falling back to AI Vision...
2026-01-20T00:17:52.8799680Z     🧠 [EXPERT] Strategy: Act as Senior SDET focusing on exploring the application to understand functional flow and identifying critical paths for end-to-end automation.
2026-01-20T00:17:52.8801474Z [CACHE HIT] 19716d9f... (hits: 12, misses: 19)
2026-01-20T00:17:52.8802150Z     ⚠️ Skipping duplicate injection: Explore
2026-01-20T00:17:52.8802808Z     🔄 Retry 2/3 mining locators for 'status'...
2026-01-20T00:17:53.8816017Z     🗑️ Invalidating stale AI cache (retry 2)...
2026-01-20T00:17:53.9168668Z     🧠 Consulting AI (Vision-First) to find 'status'...
2026-01-20T00:17:53.9169340Z     🔍 Trying smart selectors for 'status'...
2026-01-20T00:17:53.9944456Z     🔍 [SMART] Searching for: 'status' (trying 15+ strategies)
2026-01-20T00:17:53.9945334Z     ⚠️ Smart selectors failed (no unique match). Falling back to AI Vision...
2026-01-20T00:17:53.9946629Z     🧠 [EXPERT] Strategy: Act as Senior SDET focusing on exploring the application to understand functional flow and identifying critical paths for end-to-end automation.
2026-01-20T00:17:53.9950383Z [CACHE HIT] 19716d9f... (hits: 13, misses: 19)
2026-01-20T00:17:53.9950970Z     ⚠️ Skipping duplicate injection: Explore
2026-01-20T00:17:53.9951591Z     🧠 Verifying step validity for 'status' after no candidates found...
2026-01-20T00:17:55.4806648Z [DEBUG] Sending request to gemini-2.0-flash. Number of parts: 2
2026-01-20T00:17:55.4807290Z [DEBUG] Received response (Length: 280)
2026-01-20T00:17:55.4809576Z     🗑️ Step deemed INVALID: The page failed to render correctly, displaying 'Could not render BaseLayout, see the console.' The element 'status' is not visible or accessible in this state. Therefore, interacting with 'status' is not a valid step.. Removing from workflow.
2026-01-20T00:17:55.4810788Z     ⏭️ Skipping execution of invalid step: status
2026-01-20T00:17:55.4811423Z   ▶️ [STEP step_10] CLICK: Execute
2026-01-20T00:17:55.4862342Z     🔍 Mining locators for: 'Execute'
2026-01-20T00:17:55.5167131Z     🧠 Consulting AI (Vision-First) to find 'Execute'...
2026-01-20T00:17:55.5168147Z     🔍 Trying smart selectors for 'Execute'...
2026-01-20T00:17:55.5950887Z     🔍 [SMART] Searching for: 'Execute' (trying 15+ strategies)
2026-01-20T00:17:55.5951840Z     ⚠️ Smart selectors failed (no unique match). Falling back to AI Vision...
2026-01-20T00:17:55.5952787Z     🧠 [EXPERT] Strategy: Act as Senior SDET focusing on exploring the application to understand functional flow and identifying critical paths for end-to-end automation.
2026-01-20T00:17:55.5955463Z [CACHE HIT] b9f73e41... (hits: 14, misses: 20)
2026-01-20T00:17:55.5956927Z     💡 Expert Suggestion: The 'Explore' button likely navigates to a page where API endpoints and 'Execute' buttons are located.
2026-01-20T00:17:55.5958124Z     🛠️ Executing corrective action: click -> 'Explore'
2026-01-20T00:17:56.1512389Z     ✅ Executed corrective navigation
2026-01-20T00:17:58.1535661Z     🔄 Retry 1/3 mining locators for 'Execute'...
2026-01-20T00:17:59.1846490Z     🧠 Consulting AI (Vision-First) to find 'Execute'...
2026-01-20T00:17:59.1847315Z     🔍 Trying smart selectors for 'Execute'...
2026-01-20T00:17:59.2617564Z     🔍 [SMART] Searching for: 'Execute' (trying 15+ strategies)
2026-01-20T00:17:59.2618414Z     ⚠️ Smart selectors failed (no unique match). Falling back to AI Vision...
2026-01-20T00:17:59.2620037Z     🧠 [EXPERT] Strategy: Act as Senior SDET focusing on exploring the application to understand functional flow and identifying critical paths for end-to-end automation.
2026-01-20T00:17:59.2622425Z [CACHE HIT] b9f73e41... (hits: 15, misses: 20)
2026-01-20T00:17:59.2623063Z     ⚠️ Skipping duplicate injection: Explore
2026-01-20T00:17:59.2623611Z     🔄 Retry 2/3 mining locators for 'Execute'...
2026-01-20T00:18:00.2636772Z     🗑️ Invalidating stale AI cache (retry 2)...
2026-01-20T00:18:00.2997254Z     🧠 Consulting AI (Vision-First) to find 'Execute'...
2026-01-20T00:18:00.2998172Z     🔍 Trying smart selectors for 'Execute'...
2026-01-20T00:18:00.3766473Z     🔍 [SMART] Searching for: 'Execute' (trying 15+ strategies)
2026-01-20T00:18:00.3767427Z     ⚠️ Smart selectors failed (no unique match). Falling back to AI Vision...
2026-01-20T00:18:00.3769008Z     🧠 [EXPERT] Strategy: Act as Senior SDET focusing on exploring the application to understand functional flow and identifying critical paths for end-to-end automation.
2026-01-20T00:18:00.3770920Z [CACHE HIT] b9f73e41... (hits: 16, misses: 20)
2026-01-20T00:18:00.3771522Z     ⚠️ Skipping duplicate injection: Explore
2026-01-20T00:18:00.3772211Z     🧠 Verifying step validity for 'Execute' after no candidates found...
2026-01-20T00:18:00.3775126Z [CACHE HIT] 6a700859... (hits: 17, misses: 20)
2026-01-20T00:18:00.3777584Z     🗑️ Step deemed INVALID: The page displays 'Could not render BaseLayout, see the console.' This indicates that the Swagger UI failed to load correctly. Therefore, the 'Execute' button, which is part of the interactive API documentation, is not present on the page. We are on the correct page, but the content is not loaded properly.. Removing from workflow.
2026-01-20T00:18:00.3779156Z     ⏭️ Skipping execution of invalid step: Execute
2026-01-20T00:18:00.3779536Z   ▶️ [STEP step_11] ASSERT_VISIBLE: Server response
2026-01-20T00:18:00.3824923Z     🔍 Mining locators for: 'Server response'
2026-01-20T00:18:00.4175520Z     🧠 Consulting AI (Vision-First) to find 'Server response'...
2026-01-20T00:18:00.4176501Z     🔍 Trying smart selectors for 'Server response'...
2026-01-20T00:18:00.5091895Z     🔍 [SMART] Searching for: 'Server response' (trying 15+ strategies)
2026-01-20T00:18:00.5092828Z     ⚠️ Smart selectors failed (no unique match). Falling back to AI Vision...
2026-01-20T00:18:00.5094382Z     🧠 [EXPERT] Strategy: Act as Senior SDET focusing on exploring the application to understand functional flow and identifying critical paths for end-to-end automation.
2026-01-20T00:18:01.7732415Z [DEBUG] Sending request to gemini-2.0-flash. Number of parts: 2
2026-01-20T00:18:01.7733067Z [DEBUG] Received response (Length: 232)
2026-01-20T00:18:01.7734760Z     💡 Expert Suggestion: Clicking 'Explore' might reveal the server response or navigate to a page where it's visible.
2026-01-20T00:18:01.7735928Z     🛠️ Executing corrective action: click -> 'Explore'
2026-01-20T00:18:02.3328872Z     ✅ Executed corrective navigation
2026-01-20T00:18:04.3351744Z     🔄 Retry 1/3 mining locators for 'Server response'...
2026-01-20T00:18:05.3674397Z     🧠 Consulting AI (Vision-First) to find 'Server response'...
2026-01-20T00:18:05.3683213Z     🔍 Trying smart selectors for 'Server response'...
2026-01-20T00:18:05.4555686Z     🔍 [SMART] Searching for: 'Server response' (trying 15+ strategies)
2026-01-20T00:18:05.4556801Z     ⚠️ Smart selectors failed (no unique match). Falling back to AI Vision...
2026-01-20T00:18:05.4557849Z     🧠 [EXPERT] Strategy: Act as Senior SDET focusing on exploring the application to understand functional flow and identifying critical paths for end-to-end automation.
2026-01-20T00:18:05.4560505Z [CACHE HIT] a7b49681... (hits: 18, misses: 21)
2026-01-20T00:18:05.4561133Z     ⚠️ Skipping duplicate injection: Explore
2026-01-20T00:18:05.4561723Z     🔄 Retry 2/3 mining locators for 'Server response'...
2026-01-20T00:18:06.4575135Z     🗑️ Invalidating stale AI cache (retry 2)...
2026-01-20T00:18:06.5007498Z     🧠 Consulting AI (Vision-First) to find 'Server response'...
2026-01-20T00:18:06.5008280Z     🔍 Trying smart selectors for 'Server response'...
2026-01-20T00:18:06.5963066Z     🔍 [SMART] Searching for: 'Server response' (trying 15+ strategies)
2026-01-20T00:18:06.5964326Z     ⚠️ Smart selectors failed (no unique match). Falling back to AI Vision...
2026-01-20T00:18:06.5966069Z     🧠 [EXPERT] Strategy: Act as Senior SDET focusing on exploring the application to understand functional flow and identifying critical paths for end-to-end automation.
2026-01-20T00:18:06.5967712Z [CACHE HIT] a7b49681... (hits: 19, misses: 21)
2026-01-20T00:18:06.5968239Z     ⚠️ Skipping duplicate injection: Explore
2026-01-20T00:18:06.5968998Z     🧠 Verifying step validity for 'Server response' after no candidates found...
2026-01-20T00:18:07.9266503Z [DEBUG] Sending request to gemini-2.0-flash. Number of parts: 2
2026-01-20T00:18:07.9266929Z [DEBUG] Received response (Length: 311)
2026-01-20T00:18:07.9268564Z     🗑️ Step deemed INVALID: The page failed to render correctly ('Could not render BaseLayout, see the console.'). Therefore, the 'Server response' element is likely not present or accessible in the current state. We need a properly rendered page to interact with the elements.. Removing from workflow.
2026-01-20T00:18:07.9269898Z     ⏭️ Skipping execution of invalid step: Server response
2026-01-20T00:18:09.9787972Z 
2026-01-20T00:18:09.9788898Z [2/3] Exploring Scenario: Explore Swagger UI - Store Operations
2026-01-20T00:18:09.9790716Z     🧠 Initialized exploration context for goal: 'Verify basic interactions with the Store operations in Swagger UI.'
2026-01-20T00:18:09.9792184Z     🎯 Scenario: Explore Swagger UI - Store Operations
2026-01-20T00:18:09.9793998Z   ▶️ [STEP step_1] NAVIGATE: 
2026-01-20T00:18:11.1972520Z     ✅ Navigated to https://petstore.swagger.io/
2026-01-20T00:18:11.1973253Z   ▶️ [STEP step_2] ASSERT_VISIBLE: Swagger UI
2026-01-20T00:18:11.2148678Z     🔍 Mining locators for: 'Swagger UI'
2026-01-20T00:18:11.3527436Z     🧠 Consulting AI (Vision-First) to find 'Swagger UI'...
2026-01-20T00:18:11.3528238Z     🔍 Trying smart selectors for 'Swagger UI'...
2026-01-20T00:18:11.3655590Z     🔍 [SMART] Searching for: 'Swagger UI' (trying 15+ strategies)
2026-01-20T00:18:11.3656738Z     ✅ Smart selector found 'Swagger UI' via id-exact (confidence: 0.92)
2026-01-20T00:18:11.3699683Z     ✅ Found 1 verified locators
2026-01-20T00:18:14.4212538Z     ✅ State transitioned.
2026-01-20T00:18:16.1558129Z [DEBUG] Sending request to gemini-2.0-flash. Number of parts: 2
2026-01-20T00:18:16.1559197Z [DEBUG] Received response (Length: 292)
2026-01-20T00:18:16.1560257Z     🤖 AI Next Step Suggestion: click -> store Access to Petstore orders
2026-01-20T00:18:16.1561463Z     🧩 Suggested Locator: #operations-tag-store
2026-01-20T00:18:16.1563129Z     💭 Reasoning: The goal is to verify basic interactions with the Store operations in Swagger UI. Clicking on the 'store' section will expand the operations available for the store.
2026-01-20T00:18:16.1564703Z     ➕ Injected AI step: click -> store Access to Petstore orders
2026-01-20T00:18:16.1566563Z   ▶️ [STEP step_2_ai_1] CLICK: store Access to Petstore orders
2026-01-20T00:18:16.1633321Z     🎯 Using AI-provided locator: #operations-tag-store
2026-01-20T00:18:16.1698851Z     ✅ Found 1 verified locators
2026-01-20T00:18:20.2532861Z     ✅ State transitioned.
2026-01-20T00:18:21.7764452Z [DEBUG] Sending request to gemini-2.0-flash. Number of parts: 2
2026-01-20T00:18:21.7764985Z [DEBUG] Received response (Length: 243)
2026-01-20T00:18:21.7765621Z     🤖 AI Next Step Suggestion: click -> Explore
2026-01-20T00:18:21.7766685Z     💭 Reasoning: After accessing the store operations, the next logical step is to explore the available operations within the store section of the Swagger UI.
2026-01-20T00:18:21.7767430Z     ➕ Injected AI step: click -> Explore
2026-01-20T00:18:21.7767758Z   ▶️ [STEP step_2_ai_2] CLICK: Explore
2026-01-20T00:18:21.7829538Z     🔍 Mining locators for: 'Explore'
2026-01-20T00:18:21.8290023Z     ✅ Found 2 verified locators
2026-01-20T00:18:25.3792824Z     ✅ State transitioned.
2026-01-20T00:18:26.9475355Z [DEBUG] Sending request to gemini-2.0-flash. Number of parts: 2
2026-01-20T00:18:26.9475979Z [DEBUG] Received response (Length: 391)
2026-01-20T00:18:26.9476902Z     🤖 AI Next Step Suggestion: done -> N/A
2026-01-20T00:18:26.9478895Z     💭 Reasoning: The page displays the Swagger UI for the store operations. The goal was to verify basic interactions, and the 'Explore' button has already been clicked. Further interaction requires understanding the API definitions and making specific requests, which is beyond the scope of basic interaction verification. Therefore, the goal is considered achieved.
2026-01-20T00:18:26.9480673Z   ▶️ [STEP step_3] CLICK: store
2026-01-20T00:18:26.9530256Z     🔍 Mining locators for: 'store'
2026-01-20T00:18:26.9831813Z     🧠 Consulting AI (Vision-First) to find 'store'...
2026-01-20T00:18:26.9832574Z     🔍 Trying smart selectors for 'store'...
2026-01-20T00:18:27.0637301Z     🔍 [SMART] Searching for: 'store' (trying 15+ strategies)
2026-01-20T00:18:27.0638215Z     ⚠️ Smart selectors failed (no unique match). Falling back to AI Vision...
2026-01-20T00:18:27.0639820Z     🧠 [EXPERT] Strategy: Act as Senior SDET focusing on exploring the application to understand functional flow and identifying critical paths for end-to-end automation.
2026-01-20T00:18:31.6797934Z [DEBUG] Sending request to gemini-2.0-flash. Number of parts: 2
2026-01-20T00:18:31.6798535Z [DEBUG] Received response (Length: 249)
2026-01-20T00:18:31.6799176Z     ⚠️ Skipping duplicate injection: Explore
2026-01-20T00:18:31.6799532Z     🔄 Retry 1/3 mining locators for 'store'...
2026-01-20T00:18:32.7162693Z     🧠 Consulting AI (Vision-First) to find 'store'...
2026-01-20T00:18:32.7163401Z     🔍 Trying smart selectors for 'store'...
2026-01-20T00:18:32.7939219Z     🔍 [SMART] Searching for: 'store' (trying 15+ strategies)
2026-01-20T00:18:32.7940072Z     ⚠️ Smart selectors failed (no unique match). Falling back to AI Vision...
2026-01-20T00:18:32.7941710Z     🧠 [EXPERT] Strategy: Act as Senior SDET focusing on exploring the application to understand functional flow and identifying critical paths for end-to-end automation.
2026-01-20T00:18:36.8577011Z [DEBUG] Sending request to gemini-2.0-flash. Number of parts: 2
2026-01-20T00:18:36.8577424Z [DEBUG] Received response (Length: 273)
2026-01-20T00:18:36.8577955Z     ⚠️ Skipping duplicate injection: Explore
2026-01-20T00:18:36.8578342Z     🔄 Retry 2/3 mining locators for 'store'...
2026-01-20T00:18:37.8589976Z     🗑️ Invalidating stale AI cache (retry 2)...
2026-01-20T00:18:37.9001008Z     🧠 Consulting AI (Vision-First) to find 'store'...
2026-01-20T00:18:37.9002085Z     🔍 Trying smart selectors for 'store'...
2026-01-20T00:18:37.9806365Z     🔍 [SMART] Searching for: 'store' (trying 15+ strategies)
2026-01-20T00:18:37.9807335Z     ⚠️ Smart selectors failed (no unique match). Falling back to AI Vision...
2026-01-20T00:18:37.9808274Z     🧠 [EXPERT] Strategy: Act as Senior SDET focusing on exploring the application to understand functional flow and identifying critical paths for end-to-end automation.
2026-01-20T00:18:37.9811338Z [CACHE HIT] 9c1c6740... (hits: 20, misses: 27)
2026-01-20T00:18:37.9812040Z     ⚠️ Skipping duplicate injection: Explore
2026-01-20T00:18:37.9812615Z     🧠 Verifying step validity for 'store' after no candidates found...
2026-01-20T00:18:41.6803561Z [DEBUG] Sending request to gemini-2.0-flash. Number of parts: 2
2026-01-20T00:18:41.6804182Z [DEBUG] Received response (Length: 221)
2026-01-20T00:18:41.6805367Z     🗑️ Step deemed INVALID: The page failed to render correctly, displaying 'Could not render BaseLayout, see the console.' The 'store' element is likely not present in this broken state.. Removing from workflow.
2026-01-20T00:18:41.6806533Z     ⏭️ Skipping execution of invalid step: store
2026-01-20T00:18:41.6806886Z   ▶️ [STEP step_4] ASSERT_VISIBLE: /store
2026-01-20T00:18:41.6862116Z     🔍 Mining locators for: '/store'
2026-01-20T00:18:41.7170013Z     🧠 Consulting AI (Vision-First) to find '/store'...
2026-01-20T00:18:41.7170464Z     🔍 Trying smart selectors for '/store'...
2026-01-20T00:18:41.7936536Z     🔍 [SMART] Searching for: '/store' (trying 15+ strategies)
2026-01-20T00:18:41.7937426Z     ⚠️ Smart selectors failed (no unique match). Falling back to AI Vision...
2026-01-20T00:18:41.7938373Z     🧠 [EXPERT] Strategy: Act as Senior SDET focusing on exploring the application to understand functional flow and identifying critical paths for end-to-end automation.
2026-01-20T00:18:46.7355773Z [DEBUG] Sending request to gemini-2.0-flash. Number of parts: 2
2026-01-20T00:18:46.7356681Z [DEBUG] Received response (Length: 215)
2026-01-20T00:18:46.7357954Z     💡 Expert Suggestion: The /store endpoint is likely accessible after exploring the API definition.
2026-01-20T00:18:46.7359050Z     🛠️ Executing corrective action: click -> 'Explore'
2026-01-20T00:18:47.3015112Z     ✅ Executed corrective navigation
2026-01-20T00:18:49.3038391Z     🔄 Retry 1/3 mining locators for '/store'...
2026-01-20T00:18:50.3500342Z     🧠 Consulting AI (Vision-First) to find '/store'...
2026-01-20T00:18:50.3500791Z     🔍 Trying smart selectors for '/store'...
2026-01-20T00:18:50.4272589Z     🔍 [SMART] Searching for: '/store' (trying 15+ strategies)
2026-01-20T00:18:50.4273541Z     ⚠️ Smart selectors failed (no unique match). Falling back to AI Vision...
2026-01-20T00:18:50.4274571Z     🧠 [EXPERT] Strategy: Act as Senior SDET focusing on exploring the application to understand functional flow and identifying critical paths for end-to-end automation.
2026-01-20T00:18:51.7161392Z [DEBUG] Sending request to gemini-2.0-flash. Number of parts: 2
2026-01-20T00:18:51.7161946Z [DEBUG] Received response (Length: 239)
2026-01-20T00:18:51.7162508Z     ⚠️ Skipping duplicate injection: Explore
2026-01-20T00:18:51.7162916Z     🔄 Retry 2/3 mining locators for '/store'...
2026-01-20T00:18:52.7174566Z     🗑️ Invalidating stale AI cache (retry 2)...
2026-01-20T00:18:52.7499124Z     🧠 Consulting AI (Vision-First) to find '/store'...
2026-01-20T00:18:52.7499897Z     🔍 Trying smart selectors for '/store'...
2026-01-20T00:18:52.8280234Z     🔍 [SMART] Searching for: '/store' (trying 15+ strategies)
2026-01-20T00:18:52.8281204Z     ⚠️ Smart selectors failed (no unique match). Falling back to AI Vision...
2026-01-20T00:18:52.8282161Z     🧠 [EXPERT] Strategy: Act as Senior SDET focusing on exploring the application to understand functional flow and identifying critical paths for end-to-end automation.
2026-01-20T00:18:52.8285444Z [CACHE HIT] 799b8b35... (hits: 21, misses: 30)
2026-01-20T00:18:52.8286316Z     ⚠️ Skipping duplicate injection: Explore
2026-01-20T00:18:52.8287079Z     🧠 Verifying step validity for '/store' after no candidates found...
2026-01-20T00:18:57.0179313Z [DEBUG] Sending request to gemini-2.0-flash. Number of parts: 2
2026-01-20T00:18:57.0180186Z [DEBUG] Received response (Length: 314)
2026-01-20T00:18:57.0183480Z     🗑️ Step deemed INVALID: The page failed to render the Swagger UI correctly. The message 'Could not render BaseLayout, see the console' indicates a problem with the page's initialization. Therefore, the '/store' element is likely not present or accessible in the current state.. Removing from workflow.
2026-01-20T00:18:57.0186528Z     ⏭️ Skipping execution of invalid step: /store
2026-01-20T00:18:57.0187391Z   ▶️ [STEP step_5] CLICK: /store/inventory
2026-01-20T00:18:57.0241380Z     🔍 Mining locators for: '/store/inventory'
2026-01-20T00:18:57.0657019Z     🧠 Consulting AI (Vision-First) to find '/store/inventory'...
2026-01-20T00:18:57.0657886Z     🔍 Trying smart selectors for '/store/inventory'...
2026-01-20T00:18:57.1503782Z     🔍 [SMART] Searching for: '/store/inventory' (trying 15+ strategies)
2026-01-20T00:18:57.1504841Z     ⚠️ Smart selectors failed (no unique match). Falling back to AI Vision...
2026-01-20T00:18:57.1506624Z     🧠 [EXPERT] Strategy: Act as Senior SDET focusing on exploring the application to understand functional flow and identifying critical paths for end-to-end automation.
2026-01-20T00:19:01.7343045Z [DEBUG] Sending request to gemini-2.0-flash. Number of parts: 2
2026-01-20T00:19:01.7343492Z [DEBUG] Received response (Length: 263)
2026-01-20T00:19:01.7344506Z     💡 Expert Suggestion: The Swagger UI needs to be loaded by clicking the 'Explore' button to display the API endpoints, including /store/inventory.
2026-01-20T00:19:01.7345315Z     🛠️ Executing corrective action: click -> 'Explore'
2026-01-20T00:19:02.2991808Z     ✅ Executed corrective navigation
2026-01-20T00:19:04.3011300Z     🔄 Retry 1/3 mining locators for '/store/inventory'...
2026-01-20T00:19:05.3316778Z     🧠 Consulting AI (Vision-First) to find '/store/inventory'...
2026-01-20T00:19:05.3317654Z     🔍 Trying smart selectors for '/store/inventory'...
2026-01-20T00:19:05.4091203Z     🔍 [SMART] Searching for: '/store/inventory' (trying 15+ strategies)
2026-01-20T00:19:05.4092055Z     ⚠️ Smart selectors failed (no unique match). Falling back to AI Vision...
2026-01-20T00:19:05.4093052Z     🧠 [EXPERT] Strategy: Act as Senior SDET focusing on exploring the application to understand functional flow and identifying critical paths for end-to-end automation.
2026-01-20T00:19:05.4095925Z [CACHE HIT] 7b509ccb... (hits: 22, misses: 32)
2026-01-20T00:19:05.4096671Z     ⚠️ Skipping duplicate injection: Explore
2026-01-20T00:19:05.4097270Z     🔄 Retry 2/3 mining locators for '/store/inventory'...
2026-01-20T00:19:06.4110912Z     🗑️ Invalidating stale AI cache (retry 2)...
2026-01-20T00:19:06.4483240Z     🧠 Consulting AI (Vision-First) to find '/store/inventory'...
2026-01-20T00:19:06.4484155Z     🔍 Trying smart selectors for '/store/inventory'...
2026-01-20T00:19:06.5259018Z     🔍 [SMART] Searching for: '/store/inventory' (trying 15+ strategies)
2026-01-20T00:19:06.5259897Z     ⚠️ Smart selectors failed (no unique match). Falling back to AI Vision...
2026-01-20T00:19:06.5260826Z     🧠 [EXPERT] Strategy: Act as Senior SDET focusing on exploring the application to understand functional flow and identifying critical paths for end-to-end automation.
2026-01-20T00:19:06.5263528Z [CACHE HIT] 7b509ccb... (hits: 23, misses: 32)
2026-01-20T00:19:06.5264228Z     ⚠️ Skipping duplicate injection: Explore
2026-01-20T00:19:06.5264828Z     🧠 Verifying step validity for '/store/inventory' after no candidates found...
2026-01-20T00:20:09.0630917Z [DEBUG] Sending request to gemini-2.0-flash. Number of parts: 2
2026-01-20T00:20:09.0632183Z [DEBUG] LLM Error: 429 RESOURCE_EXHAUSTED. {'error': {'code': 429, 'message': 'Resource exhausted. Please try again later. Please refer to https://cloud.google.com/vertex-ai/generative-ai/docs/error-code-429 for more details.', 'status': 'RESOURCE_EXHAUSTED'}}
2026-01-20T00:20:09.0633766Z ⚠️ 429 Rate Limit Hit. Cooling down for 60s...
2026-01-20T00:20:09.0634144Z [DEBUG] Sending request to gemini-2.0-flash. Number of parts: 2
2026-01-20T00:20:09.0634490Z [DEBUG] Received response (Length: 277)
2026-01-20T00:20:09.0635653Z     🗑️ Step deemed INVALID: The page failed to render the Swagger UI correctly, displaying 'Could not render BaseLayout, see the console.' Therefore, the '/store/inventory' element is not visible or accessible on the page in its current state.. Removing from workflow.
2026-01-20T00:20:09.0637034Z     ⏭️ Skipping execution of invalid step: /store/inventory
2026-01-20T00:20:09.0637475Z   ▶️ [STEP step_6] ASSERT_VISIBLE: Returns pet inventories by status
2026-01-20T00:20:09.0701096Z     🔍 Mining locators for: 'Returns pet inventories by status'
2026-01-20T00:20:09.1128280Z     🧠 Consulting AI (Vision-First) to find 'Returns pet inventories by status'...
2026-01-20T00:20:09.1129231Z     🔍 Trying smart selectors for 'Returns pet inventories by status'...
2026-01-20T00:20:09.2199997Z     🔍 [SMART] Searching for: 'Returns pet inventories by status' (trying 15+ strategies)
2026-01-20T00:20:09.2201266Z     ⚠️ Smart selectors failed (no unique match). Falling back to AI Vision...
2026-01-20T00:20:09.2202923Z     🧠 [EXPERT] Strategy: Act as Senior SDET focusing on exploring the application to understand functional flow and identifying critical paths for end-to-end automation.
2026-01-20T00:20:13.7898980Z [DEBUG] Sending request to gemini-2.0-flash. Number of parts: 2
2026-01-20T00:20:13.7899390Z [DEBUG] Received response (Length: 286)
2026-01-20T00:20:13.7900395Z     💡 Expert Suggestion: The Swagger UI needs to be loaded by clicking the 'Explore' button to display the API documentation, including 'Returns pet inventories by status'.
2026-01-20T00:20:13.7901238Z     🛠️ Executing corrective action: click -> 'Explore'
2026-01-20T00:20:14.3446589Z     ✅ Executed corrective navigation
2026-01-20T00:20:16.3469970Z     🔄 Retry 1/3 mining locators for 'Returns pet inventories by status'...
2026-01-20T00:20:17.3788215Z     🧠 Consulting AI (Vision-First) to find 'Returns pet inventories by status'...
2026-01-20T00:20:17.3789285Z     🔍 Trying smart selectors for 'Returns pet inventories by status'...
2026-01-20T00:20:17.4845911Z     🔍 [SMART] Searching for: 'Returns pet inventories by status' (trying 15+ strategies)
2026-01-20T00:20:17.4847098Z     ⚠️ Smart selectors failed (no unique match). Falling back to AI Vision...
2026-01-20T00:20:17.4848034Z     🧠 [EXPERT] Strategy: Act as Senior SDET focusing on exploring the application to understand functional flow and identifying critical paths for end-to-end automation.
2026-01-20T00:20:18.8488454Z [DEBUG] Sending request to gemini-2.0-flash. Number of parts: 2
2026-01-20T00:20:18.8489141Z [DEBUG] Received response (Length: 307)
2026-01-20T00:20:18.8490005Z     ⚠️ Skipping duplicate injection: Explore
2026-01-20T00:20:18.8490771Z     🔄 Retry 2/3 mining locators for 'Returns pet inventories by status'...
2026-01-20T00:20:19.8502070Z     🗑️ Invalidating stale AI cache (retry 2)...
2026-01-20T00:20:19.8789426Z     🧠 Consulting AI (Vision-First) to find 'Returns pet inventories by status'...
2026-01-20T00:20:19.8790510Z     🔍 Trying smart selectors for 'Returns pet inventories by status'...
2026-01-20T00:20:19.9835670Z     🔍 [SMART] Searching for: 'Returns pet inventories by status' (trying 15+ strategies)
2026-01-20T00:20:19.9836913Z     ⚠️ Smart selectors failed (no unique match). Falling back to AI Vision...
2026-01-20T00:20:19.9838144Z     🧠 [EXPERT] Strategy: Act as Senior SDET focusing on exploring the application to understand functional flow and identifying critical paths for end-to-end automation.
2026-01-20T00:20:19.9840581Z [CACHE HIT] b4aa18e3... (hits: 24, misses: 36)
2026-01-20T00:20:19.9841541Z     ⚠️ Skipping duplicate injection: Explore
2026-01-20T00:20:19.9842147Z     🧠 Verifying step validity for 'Returns pet inventories by status' after no candidates found...
2026-01-20T00:20:23.8793869Z [DEBUG] Sending request to gemini-2.0-flash. Number of parts: 2
2026-01-20T00:20:23.8794508Z [DEBUG] Received response (Length: 326)
2026-01-20T00:20:23.8797170Z     🗑️ Step deemed INVALID: The page is not rendering correctly. The message "Could not render BaseLayout, see the console." indicates a problem with the page's structure. Therefore, the element "Returns pet inventories by status" is likely not present or accessible in the current state.. Removing from workflow.
2026-01-20T00:20:23.8798806Z     ⏭️ Skipping execution of invalid step: Returns pet inventories by status
2026-01-20T00:20:23.8799244Z   ▶️ [STEP step_7] CLICK: Try it out
2026-01-20T00:20:23.8852447Z     🔍 Mining locators for: 'Try it out'
2026-01-20T00:20:23.9291597Z     🧠 Consulting AI (Vision-First) to find 'Try it out'...
2026-01-20T00:20:23.9292183Z     🔍 Trying smart selectors for 'Try it out'...
2026-01-20T00:20:24.0191045Z     🔍 [SMART] Searching for: 'Try it out' (trying 15+ strategies)
2026-01-20T00:20:24.0192075Z     ⚠️ Smart selectors failed (no unique match). Falling back to AI Vision...
2026-01-20T00:20:24.0193035Z     🧠 [EXPERT] Strategy: Act as Senior SDET focusing on exploring the application to understand functional flow and identifying critical paths for end-to-end automation.
2026-01-20T00:20:28.8339628Z [DEBUG] Sending request to gemini-2.0-flash. Number of parts: 2
2026-01-20T00:20:28.8340038Z [DEBUG] Received response (Length: 294)
2026-01-20T00:20:28.8341069Z     💡 Expert Suggestion: "Try it out" is not visible on the current page. Clicking 'Explore' might lead to the interactive documentation where "Try it out" buttons are located.
2026-01-20T00:20:28.8341871Z     🛠️ Executing corrective action: click -> 'Explore'
2026-01-20T00:20:29.3934962Z     ✅ Executed corrective navigation
2026-01-20T00:20:31.3939173Z     🔄 Retry 1/3 mining locators for 'Try it out'...
2026-01-20T00:20:32.4282006Z     🧠 Consulting AI (Vision-First) to find 'Try it out'...
2026-01-20T00:20:32.4282802Z     🔍 Trying smart selectors for 'Try it out'...
2026-01-20T00:20:32.5178554Z     🔍 [SMART] Searching for: 'Try it out' (trying 15+ strategies)
2026-01-20T00:20:32.5179505Z     ⚠️ Smart selectors failed (no unique match). Falling back to AI Vision...
2026-01-20T00:20:32.5180457Z     🧠 [EXPERT] Strategy: Act as Senior SDET focusing on exploring the application to understand functional flow and identifying critical paths for end-to-end automation.
2026-01-20T00:20:32.5183980Z [CACHE HIT] f671991d... (hits: 25, misses: 38)
2026-01-20T00:20:32.5184626Z     ⚠️ Skipping duplicate injection: Explore
2026-01-20T00:20:32.5185003Z     🔄 Retry 2/3 mining locators for 'Try it out'...
2026-01-20T00:20:33.5198232Z     🗑️ Invalidating stale AI cache (retry 2)...
2026-01-20T00:20:33.5639250Z     🧠 Consulting AI (Vision-First) to find 'Try it out'...
2026-01-20T00:20:33.5639753Z     🔍 Trying smart selectors for 'Try it out'...
2026-01-20T00:20:33.6559356Z     🔍 [SMART] Searching for: 'Try it out' (trying 15+ strategies)
2026-01-20T00:20:33.6560597Z     ⚠️ Smart selectors failed (no unique match). Falling back to AI Vision...
2026-01-20T00:20:33.6561538Z     🧠 [EXPERT] Strategy: Act as Senior SDET focusing on exploring the application to understand functional flow and identifying critical paths for end-to-end automation.
2026-01-20T00:20:33.6564020Z [CACHE HIT] f671991d... (hits: 26, misses: 38)
2026-01-20T00:20:33.6564723Z     ⚠️ Skipping duplicate injection: Explore
2026-01-20T00:20:33.6565293Z     🧠 Verifying step validity for 'Try it out' after no candidates found...
2026-01-20T00:20:35.0304438Z [DEBUG] Sending request to gemini-2.0-flash. Number of parts: 2
2026-01-20T00:20:35.0305093Z [DEBUG] Received response (Length: 301)
2026-01-20T00:20:35.0307916Z     🗑️ Step deemed INVALID: The page failed to render correctly, displaying 'Could not render BaseLayout, see the console.' Therefore, the 'Try it out' button is not visible or accessible in the current state. We are likely on the wrong page or the page has an error.. Removing from workflow.
2026-01-20T00:20:35.0310464Z     ⏭️ Skipping execution of invalid step: Try it out
2026-01-20T00:20:35.0311128Z   ▶️ [STEP step_8] ASSERT_VISIBLE: Execute
2026-01-20T00:20:35.0364259Z     🔍 Mining locators for: 'Execute'
2026-01-20T00:20:35.0782900Z     🧠 Consulting AI (Vision-First) to find 'Execute'...
2026-01-20T00:20:35.0783641Z     🔍 Trying smart selectors for 'Execute'...
2026-01-20T00:20:35.1553107Z     🔍 [SMART] Searching for: 'Execute' (trying 15+ strategies)
2026-01-20T00:20:35.1554023Z     ⚠️ Smart selectors failed (no unique match). Falling back to AI Vision...
2026-01-20T00:20:35.1555014Z     🧠 [EXPERT] Strategy: Act as Senior SDET focusing on exploring the application to understand functional flow and identifying critical paths for end-to-end automation.
2026-01-20T00:20:40.1165725Z [DEBUG] Sending request to gemini-2.0-flash. Number of parts: 2
2026-01-20T00:20:40.1166433Z [DEBUG] Received response (Length: 258)
2026-01-20T00:20:40.1167421Z     💡 Expert Suggestion: The page currently displays an error. Clicking 'Explore' might load the API definition and reveal the 'Execute' button.
2026-01-20T00:20:40.1168186Z     🛠️ Executing corrective action: click -> 'Explore'
2026-01-20T00:20:40.6804540Z     ✅ Executed corrective navigation
2026-01-20T00:20:42.6827785Z     🔄 Retry 1/3 mining locators for 'Execute'...
2026-01-20T00:20:43.7272722Z     🧠 Consulting AI (Vision-First) to find 'Execute'...
2026-01-20T00:20:43.7274878Z     🔍 Trying smart selectors for 'Execute'...
2026-01-20T00:20:43.8036579Z     🔍 [SMART] Searching for: 'Execute' (trying 15+ strategies)
2026-01-20T00:20:43.8037547Z     ⚠️ Smart selectors failed (no unique match). Falling back to AI Vision...
2026-01-20T00:20:43.8038644Z     🧠 [EXPERT] Strategy: Act as Senior SDET focusing on exploring the application to understand functional flow and identifying critical paths for end-to-end automation.
2026-01-20T00:20:43.8041899Z [CACHE HIT] b47f9452... (hits: 27, misses: 40)
2026-01-20T00:20:43.8042541Z     ⚠️ Skipping duplicate injection: Explore
2026-01-20T00:20:43.8042939Z     🔄 Retry 2/3 mining locators for 'Execute'...
2026-01-20T00:20:44.8055541Z     🗑️ Invalidating stale AI cache (retry 2)...
2026-01-20T00:20:44.8453540Z     🧠 Consulting AI (Vision-First) to find 'Execute'...
2026-01-20T00:20:44.8453976Z     🔍 Trying smart selectors for 'Execute'...
2026-01-20T00:20:44.9217218Z     🔍 [SMART] Searching for: 'Execute' (trying 15+ strategies)
2026-01-20T00:20:44.9218210Z     ⚠️ Smart selectors failed (no unique match). Falling back to AI Vision...
2026-01-20T00:20:44.9219151Z     🧠 [EXPERT] Strategy: Act as Senior SDET focusing on exploring the application to understand functional flow and identifying critical paths for end-to-end automation.
2026-01-20T00:20:44.9222124Z [CACHE HIT] b47f9452... (hits: 28, misses: 40)
2026-01-20T00:20:44.9222868Z     ⚠️ Skipping duplicate injection: Explore
2026-01-20T00:20:44.9223350Z     🧠 Verifying step validity for 'Execute' after no candidates found...
2026-01-20T00:20:46.6049325Z [DEBUG] Sending request to gemini-2.0-flash. Number of parts: 2
2026-01-20T00:20:46.6050025Z [DEBUG] Received response (Length: 387)
2026-01-20T00:20:46.6053349Z     🗑️ Step deemed INVALID: The page is displaying the raw swagger.json file. The Swagger UI is not rendering correctly, as indicated by the "Could not render BaseLayout" message. Therefore, the 'Execute' button, which is part of the interactive Swagger UI, is not present on this page. We are on the wrong page or the page is not rendering correctly.. Removing from workflow.
2026-01-20T00:20:46.6056423Z     ⏭️ Skipping execution of invalid step: Execute
2026-01-20T00:20:46.6057076Z   ▶️ [STEP step_9] CLICK: Execute
2026-01-20T00:20:46.6107129Z     🔍 Mining locators for: 'Execute'
2026-01-20T00:20:46.6442809Z     🧠 Consulting AI (Vision-First) to find 'Execute'...
2026-01-20T00:20:46.6443836Z     🔍 Trying smart selectors for 'Execute'...
2026-01-20T00:20:46.7212534Z     🔍 [SMART] Searching for: 'Execute' (trying 15+ strategies)
2026-01-20T00:20:46.7213392Z     ⚠️ Smart selectors failed (no unique match). Falling back to AI Vision...
2026-01-20T00:20:46.7214401Z     🧠 [EXPERT] Strategy: Act as Senior SDET focusing on exploring the application to understand functional flow and identifying critical paths for end-to-end automation.
2026-01-20T00:20:46.7217450Z [CACHE HIT] b47f9452... (hits: 29, misses: 41)
2026-01-20T00:20:46.7218655Z     💡 Expert Suggestion: The page currently displays an error. Clicking 'Explore' might load the API definition and reveal the 'Execute' button.
2026-01-20T00:20:46.7219401Z     🛠️ Executing corrective action: click -> 'Explore'
2026-01-20T00:20:47.2779971Z     ✅ Executed corrective navigation
2026-01-20T00:20:49.2803155Z     🔄 Retry 1/3 mining locators for 'Execute'...
2026-01-20T00:20:50.3114895Z     🧠 Consulting AI (Vision-First) to find 'Execute'...
2026-01-20T00:20:50.3115607Z     🔍 Trying smart selectors for 'Execute'...
2026-01-20T00:20:50.3881437Z     🔍 [SMART] Searching for: 'Execute' (trying 15+ strategies)
2026-01-20T00:20:50.3882387Z     ⚠️ Smart selectors failed (no unique match). Falling back to AI Vision...
2026-01-20T00:20:50.3883434Z     🧠 [EXPERT] Strategy: Act as Senior SDET focusing on exploring the application to understand functional flow and identifying critical paths for end-to-end automation.
2026-01-20T00:20:50.3886091Z [CACHE HIT] b47f9452... (hits: 30, misses: 41)
2026-01-20T00:20:50.3886866Z     ⚠️ Skipping duplicate injection: Explore
2026-01-20T00:20:50.3887415Z     🔄 Retry 2/3 mining locators for 'Execute'...
2026-01-20T00:20:51.3900760Z     🗑️ Invalidating stale AI cache (retry 2)...
2026-01-20T00:20:51.4274794Z     🧠 Consulting AI (Vision-First) to find 'Execute'...
2026-01-20T00:20:51.4275570Z     🔍 Trying smart selectors for 'Execute'...
2026-01-20T00:20:51.5043209Z     🔍 [SMART] Searching for: 'Execute' (trying 15+ strategies)
2026-01-20T00:20:51.5044256Z     ⚠️ Smart selectors failed (no unique match). Falling back to AI Vision...
2026-01-20T00:20:51.5045328Z     🧠 [EXPERT] Strategy: Act as Senior SDET focusing on exploring the application to understand functional flow and identifying critical paths for end-to-end automation.
2026-01-20T00:20:51.5048995Z [CACHE HIT] b47f9452... (hits: 31, misses: 41)
2026-01-20T00:20:51.5049702Z     ⚠️ Skipping duplicate injection: Explore
2026-01-20T00:20:51.5050277Z     🧠 Verifying step validity for 'Execute' after no candidates found...
2026-01-20T00:20:51.5053430Z [CACHE HIT] 71a291a9... (hits: 32, misses: 41)
2026-01-20T00:20:51.5056599Z     🗑️ Step deemed INVALID: The page is displaying the raw swagger.json file. The Swagger UI is not rendering correctly, as indicated by the "Could not render BaseLayout" message. Therefore, the 'Execute' button, which is part of the interactive Swagger UI, is not present on this page. We are on the wrong page or the page is not rendering correctly.. Removing from workflow.
2026-01-20T00:20:51.5059197Z     ⏭️ Skipping execution of invalid step: Execute
2026-01-20T00:20:51.5059901Z   ▶️ [STEP step_10] ASSERT_VISIBLE: Server response
2026-01-20T00:20:51.5107394Z     🔍 Mining locators for: 'Server response'
2026-01-20T00:20:51.5440583Z     🧠 Consulting AI (Vision-First) to find 'Server response'...
2026-01-20T00:20:51.5441521Z     🔍 Trying smart selectors for 'Server response'...
2026-01-20T00:20:51.6340594Z     🔍 [SMART] Searching for: 'Server response' (trying 15+ strategies)
2026-01-20T00:20:51.6341586Z     ⚠️ Smart selectors failed (no unique match). Falling back to AI Vision...
2026-01-20T00:20:51.6343193Z     🧠 [EXPERT] Strategy: Act as Senior SDET focusing on exploring the application to understand functional flow and identifying critical paths for end-to-end automation.
2026-01-20T00:20:52.9134824Z [DEBUG] Sending request to gemini-2.0-flash. Number of parts: 2
2026-01-20T00:20:52.9135254Z [DEBUG] Received response (Length: 217)
2026-01-20T00:20:52.9136634Z     💡 Expert Suggestion: Clicking 'Explore' might load the Swagger UI with the server response details.
2026-01-20T00:20:52.9137283Z     🛠️ Executing corrective action: click -> 'Explore'
2026-01-20T00:20:53.4767428Z     ✅ Executed corrective navigation
2026-01-20T00:20:55.4789864Z     🔄 Retry 1/3 mining locators for 'Server response'...
2026-01-20T00:20:56.5117065Z     🧠 Consulting AI (Vision-First) to find 'Server response'...
2026-01-20T00:20:56.5117610Z     🔍 Trying smart selectors for 'Server response'...
2026-01-20T00:20:56.6005269Z     🔍 [SMART] Searching for: 'Server response' (trying 15+ strategies)
2026-01-20T00:20:56.6006406Z     ⚠️ Smart selectors failed (no unique match). Falling back to AI Vision...
2026-01-20T00:20:56.6008023Z     🧠 [EXPERT] Strategy: Act as Senior SDET focusing on exploring the application to understand functional flow and identifying critical paths for end-to-end automation.
2026-01-20T00:20:56.6010197Z [CACHE HIT] 22216a33... (hits: 33, misses: 42)
2026-01-20T00:20:56.6010840Z     ⚠️ Skipping duplicate injection: Explore
2026-01-20T00:20:56.6011425Z     🔄 Retry 2/3 mining locators for 'Server response'...
2026-01-20T00:20:57.6024725Z     🗑️ Invalidating stale AI cache (retry 2)...
2026-01-20T00:20:57.6450208Z     🧠 Consulting AI (Vision-First) to find 'Server response'...
2026-01-20T00:20:57.6450823Z     🔍 Trying smart selectors for 'Server response'...
2026-01-20T00:20:57.7332534Z     🔍 [SMART] Searching for: 'Server response' (trying 15+ strategies)
2026-01-20T00:20:57.7333530Z     ⚠️ Smart selectors failed (no unique match). Falling back to AI Vision...
2026-01-20T00:20:57.7335315Z     🧠 [EXPERT] Strategy: Act as Senior SDET focusing on exploring the application to understand functional flow and identifying critical paths for end-to-end automation.
2026-01-20T00:20:57.7338379Z [CACHE HIT] 22216a33... (hits: 34, misses: 42)
2026-01-20T00:20:57.7338853Z     ⚠️ Skipping duplicate injection: Explore
2026-01-20T00:20:57.7339864Z     🧠 Verifying step validity for 'Server response' after no candidates found...
2026-01-20T00:20:59.2078032Z [DEBUG] Sending request to gemini-2.0-flash. Number of parts: 2
2026-01-20T00:20:59.2078465Z [DEBUG] Received response (Length: 252)
2026-01-20T00:20:59.2079742Z     🗑️ Step deemed INVALID: The page displays a JSON file. There is no element labeled "Server response" visible in the current page state. The page also shows an error 'Could not render BaseLayout, see the console.'. Removing from workflow.
2026-01-20T00:20:59.2080792Z     ⏭️ Skipping execution of invalid step: Server response
2026-01-20T00:21:01.2415532Z 
2026-01-20T00:21:01.2416848Z [3/3] Exploring Scenario: Explore Swagger UI - User Operations
2026-01-20T00:21:01.2418604Z     🧠 Initialized exploration context for goal: 'Verify basic interactions with the User operations in Swagger UI.'
2026-01-20T00:21:01.2419719Z     🎯 Scenario: Explore Swagger UI - User Operations
2026-01-20T00:21:01.2420395Z   ▶️ [STEP step_1] NAVIGATE: 
2026-01-20T00:21:02.2007225Z     ✅ Navigated to https://petstore.swagger.io/
2026-01-20T00:21:02.2007985Z   ▶️ [STEP step_2] ASSERT_VISIBLE: Swagger UI
2026-01-20T00:21:02.3203080Z     🔍 Mining locators for: 'Swagger UI'
2026-01-20T00:21:02.4823731Z     🧠 Consulting AI (Vision-First) to find 'Swagger UI'...
2026-01-20T00:21:02.4824511Z     🔍 Trying smart selectors for 'Swagger UI'...
2026-01-20T00:21:02.4975139Z     🔍 [SMART] Searching for: 'Swagger UI' (trying 15+ strategies)
2026-01-20T00:21:02.4976004Z     ✅ Smart selector found 'Swagger UI' via id-exact (confidence: 0.92)
2026-01-20T00:21:02.5016600Z     ✅ Found 1 verified locators
2026-01-20T00:21:05.5465092Z     ✅ State transitioned.
2026-01-20T00:21:07.3618031Z [DEBUG] Sending request to gemini-2.0-flash. Number of parts: 2
2026-01-20T00:21:07.3618681Z [DEBUG] Received response (Length: 366)
2026-01-20T00:21:07.3620061Z     🤖 AI Next Step Suggestion: click -> user Operations about user Find out more about our store POST /user/createWithList Creates list of
2026-01-20T00:21:07.3621196Z     🧩 Suggested Locator: span:nth-of-type(2)
2026-01-20T00:21:07.3622075Z     💭 Reasoning: The goal is to verify basic interactions with the User operations in Swagger UI. Clicking on the 'user' section will expand it and allow interaction with the user operations.
2026-01-20T00:21:07.3623190Z     ➕ Injected AI step: click -> user Operations about user Find out more about our store POST /user/createWithList Creates list of
2026-01-20T00:21:07.3624083Z   ▶️ [STEP step_2_ai_1] CLICK: user Operations about user Find out more about our store POST /user/createWithList Creates list of
2026-01-20T00:21:07.3687880Z     🎯 Using AI-provided locator: span:nth-of-type(2)
2026-01-20T00:21:07.3754393Z     ✅ Found 1 verified locators
2026-01-20T00:21:11.4338695Z     ✅ State transitioned.
2026-01-20T00:21:13.1033250Z [DEBUG] Sending request to gemini-2.0-flash. Number of parts: 2
2026-01-20T00:21:13.1033766Z [DEBUG] Received response (Length: 378)
2026-01-20T00:21:13.1034966Z     🤖 AI Next Step Suggestion: click -> user Operations about user Find out more about our store POST /user/createWithList Creates list of
2026-01-20T00:21:13.1035673Z     🧩 Suggested Locator: span:nth-child(2)
2026-01-20T00:21:13.1036864Z     💭 Reasoning: The previous action was clicking the 'user Operations' span. To continue exploring the User operations, I should click the same element again to expand it and see the available operations.
2026-01-20T00:21:13.1037867Z     🔄 Same AI suggestion but state changed (URL or DOM). Resetting loop counter.
2026-01-20T00:21:13.1038750Z     ⚠️ Skipping duplicate AI suggestion (just executed): ('click', 'user operations about user find out more about our store post /user/createwithlist creates list of')
2026-01-20T00:21:13.1039444Z   ▶️ [STEP step_3] CLICK: user
2026-01-20T00:21:13.1099436Z     🔍 Mining locators for: 'user'
2026-01-20T00:21:13.4735722Z     ✅ Found 12 verified locators
2026-01-20T00:21:17.0877894Z     ✅ State transitioned.
2026-01-20T00:21:18.7839561Z [DEBUG] Sending request to gemini-2.0-flash. Number of parts: 2
2026-01-20T00:21:18.7840068Z [DEBUG] Received response (Length: 218)
2026-01-20T00:21:18.7841022Z     🤖 AI Next Step Suggestion: click -> GET /user/{username} Get user by user name
2026-01-20T00:21:18.7841503Z     🧩 Suggested Locator: button
2026-01-20T00:21:18.7842109Z     💭 Reasoning: To explore other user operations, I will click on 'GET /user/{username} Get user by user name'.
2026-01-20T00:21:18.7842782Z     ➕ Injected AI step: click -> GET /user/{username} Get user by user name
2026-01-20T00:21:18.7843278Z   ▶️ [STEP step_3_ai_1] CLICK: GET /user/{username} Get user by user name
2026-01-20T00:21:18.7900874Z     🎯 Using AI-provided locator: button
2026-01-20T00:21:18.7963313Z     ✅ Found 1 verified locators
2026-01-20T00:21:22.8685490Z     ✅ State transitioned.
2026-01-20T00:21:24.7069963Z [DEBUG] Sending request to gemini-2.0-flash. Number of parts: 2
2026-01-20T00:21:24.7070646Z [DEBUG] Received response (Length: 242)
2026-01-20T00:21:24.7071541Z     🤖 AI Next Step Suggestion: click -> ALLOW ALL COOKIES
2026-01-20T00:21:24.7072693Z     🧩 Suggested Locator: button:contains('ALLOW ALL COOKIES')
2026-01-20T00:21:24.7074298Z     💭 Reasoning: The cookie banner is obscuring the page and needs to be dismissed to continue testing the Swagger UI interactions.
2026-01-20T00:21:24.7075550Z     ➕ Injected AI step: click -> ALLOW ALL COOKIES
2026-01-20T00:21:24.7076449Z   ▶️ [STEP step_3_ai_2] CLICK: ALLOW ALL COOKIES
2026-01-20T00:21:24.7141981Z     🎯 Using AI-provided locator: button:contains('ALLOW ALL COOKIES')
2026-01-20T00:21:24.7176062Z     🔍 Mining locators for: 'ALLOW ALL COOKIES'
2026-01-20T00:21:24.8308850Z     🧠 Consulting AI (Vision-First) to find 'ALLOW ALL COOKIES'...
2026-01-20T00:21:24.8309459Z     🔍 Trying smart selectors for 'ALLOW ALL COOKIES'...
2026-01-20T00:21:24.9685598Z     🔍 [SMART] Searching for: 'ALLOW ALL COOKIES' (trying 15+ strategies)
2026-01-20T00:21:24.9686391Z     ✅ Smart selector found 'ALLOW ALL COOKIES' via visual-scoring (confidence: 0.7)
2026-01-20T00:21:24.9736967Z     ✅ Found 1 verified locators
2026-01-20T00:21:28.5219005Z     ✅ State transitioned.
2026-01-20T00:21:30.3814942Z [DEBUG] Sending request to gemini-2.0-flash. Number of parts: 2
2026-01-20T00:21:30.3815604Z [DEBUG] Received response (Length: 308)
2026-01-20T00:21:30.3817022Z     🤖 AI Next Step Suggestion: click -> POST /user/createWithArray Creates list of users with given input array
2026-01-20T00:21:30.3818764Z     💭 Reasoning: To explore other user operations, clicking on 'POST /user/createWithArray Creates list of users with given input array' is a logical next step.
2026-01-20T00:21:30.3820361Z     ➕ Injected AI step: click -> POST /user/createWithArray Creates list of users with given input array
2026-01-20T00:21:30.3821184Z   ▶️ [STEP step_3_ai_3] CLICK: POST /user/createWithArray Creates list of users with given input array
2026-01-20T00:21:30.3881831Z     🔍 Mining locators for: 'POST /user/createWithArray Creates list of users with given input array'
2026-01-20T00:21:30.5631173Z     ✅ Found 1 verified locators
2026-01-20T00:21:34.1597856Z     ✅ State transitioned.
2026-01-20T00:21:35.8991894Z [DEBUG] Sending request to gemini-2.0-flash. Number of parts: 2
2026-01-20T00:21:35.8992359Z [DEBUG] Received response (Length: 312)
2026-01-20T00:21:35.8993335Z     🤖 AI Next Step Suggestion: click -> GET /user/{username} Get user by user name
2026-01-20T00:21:35.8993900Z     🧩 Suggested Locator: button[title='get user by user name']
2026-01-20T00:21:35.8994827Z     💭 Reasoning: To continue exploring the user operations, I will click on the 'GET /user/{username} Get user by user name' operation to see its details and interact with it.
2026-01-20T00:21:35.8995743Z     ➕ Injected AI step: click -> GET /user/{username} Get user by user name
2026-01-20T00:21:35.8996514Z   ▶️ [STEP step_3_ai_4] CLICK: GET /user/{username} Get user by user name
2026-01-20T00:21:35.9062251Z     🎯 Using AI-provided locator: button[title='get user by user name']
2026-01-20T00:21:35.9085240Z     🔍 Mining locators for: 'GET /user/{username} Get user by user name'
2026-01-20T00:21:36.0431659Z     ✅ Found 1 verified locators
2026-01-20T00:21:39.6649812Z     ✅ State transitioned.
2026-01-20T00:21:41.9956696Z [DEBUG] Sending request to gemini-2.0-flash. Number of parts: 2
2026-01-20T00:21:41.9957421Z [DEBUG] Received response (Length: 254)
2026-01-20T00:21:41.9958448Z     🤖 AI Next Step Suggestion: click -> GET /user/login Logs user into the system
2026-01-20T00:21:41.9959339Z     🧩 Suggested Locator: div:nth-child(7) > button
2026-01-20T00:21:41.9960567Z     💭 Reasoning: To explore other user operations, clicking on 'GET /user/login Logs user into the system' is a logical next step.
2026-01-20T00:21:41.9961988Z       ❌ Rejected: Login action 'get /user/login logs user into the system' not relevant to scenario
2026-01-20T00:21:41.9963366Z     ⚠️ AI suggestion 'click -> GET /user/login Logs user into the system' not relevant for current page/scenario. Skipping.
2026-01-20T00:21:41.9964705Z   ▶️ [STEP step_4] ASSERT_VISIBLE: /user
2026-01-20T00:21:42.0031764Z     🔍 Mining locators for: '/user'
2026-01-20T00:21:42.2956739Z     ✅ Found 5 verified locators
2026-01-20T00:21:44.8294472Z     ✅ State transitioned.
2026-01-20T00:21:44.8420542Z     🔄 Revisited state detected (count: 1)
2026-01-20T00:21:46.5560560Z [DEBUG] Sending request to gemini-2.0-flash. Number of parts: 2
2026-01-20T00:21:46.5561212Z [DEBUG] Received response (Length: 257)
2026-01-20T00:21:46.5562205Z     🤖 AI Next Step Suggestion: click -> GET /user/login Logs user into the system
2026-01-20T00:21:46.5563609Z     💭 Reasoning: To continue exploring the User operations, clicking on 'GET /user/login Logs user into the system' is a logical next step.
2026-01-20T00:21:46.5565056Z       ❌ Rejected: Login action 'get /user/login logs user into the system' not relevant to scenario
2026-01-20T00:21:46.5565976Z     ⚠️ AI suggestion 'click -> GET /user/login Logs user into the system' not relevant for current page/scenario. Skipping.
2026-01-20T00:21:46.5566938Z   ▶️ [STEP step_5] CLICK: /user/login
2026-01-20T00:21:46.5628569Z     🔍 Mining locators for: '/user/login'
2026-01-20T00:21:46.6917489Z     ✅ Found 1 verified locators
2026-01-20T00:21:50.2941555Z     ✅ State transitioned.
2026-01-20T00:21:52.0649288Z [DEBUG] Sending request to gemini-2.0-flash. Number of parts: 2
2026-01-20T00:21:52.0650397Z [DEBUG] Received response (Length: 212)
2026-01-20T00:21:52.0651765Z     🤖 AI Next Step Suggestion: click -> GET /user/logout Logs out current logged in user session
2026-01-20T00:21:52.0652980Z     🧩 Suggested Locator: div:nth-child(7) > button
2026-01-20T00:21:52.0654107Z     💭 Reasoning: To test the logout functionality of the user operations.
2026-01-20T00:21:52.0655326Z     ➕ Injected AI step: click -> GET /user/logout Logs out current logged in user session
2026-01-20T00:21:52.0657043Z   ▶️ [STEP step_5_ai_1] CLICK: GET /user/logout Logs out current logged in user session
2026-01-20T00:21:52.0721537Z     🎯 Using AI-provided locator: div:nth-child(7) > button
2026-01-20T00:21:52.0802986Z     🔍 Mining locators for: 'GET /user/logout Logs out current logged in user session'
2026-01-20T00:21:52.1905653Z     ✅ Found 1 verified locators
2026-01-20T00:21:55.7965026Z     ✅ State transitioned.
2026-01-20T00:21:57.7001280Z [DEBUG] Sending request to gemini-2.0-flash. Number of parts: 2
2026-01-20T00:21:57.7001928Z [DEBUG] Received response (Length: 240)
2026-01-20T00:21:57.7002873Z     🤖 AI Next Step Suggestion: click -> PUT /user/{username} Updated user
2026-01-20T00:21:57.7003653Z     🧩 Suggested Locator: div:nth-child(2) > button
2026-01-20T00:21:57.7004743Z     💭 Reasoning: Now that we've logged out, let's try updating a user. This will allow us to explore another user operation.
2026-01-20T00:21:57.7005849Z     ➕ Injected AI step: click -> PUT /user/{username} Updated user
2026-01-20T00:21:57.7006847Z   ▶️ [STEP step_5_ai_2] CLICK: PUT /user/{username} Updated user
2026-01-20T00:21:57.7070229Z     🎯 Using AI-provided locator: div:nth-child(2) > button
2026-01-20T00:21:57.7093544Z     🔍 Mining locators for: 'PUT /user/{username} Updated user'
2026-01-20T00:21:57.8228067Z     ✅ Found 1 verified locators
2026-01-20T00:22:01.4279631Z     ✅ State transitioned.
2026-01-20T00:22:03.0831129Z [DEBUG] Sending request to gemini-2.0-flash. Number of parts: 2
2026-01-20T00:22:03.0831561Z [DEBUG] Received response (Length: 275)
2026-01-20T00:22:03.0832491Z     🤖 AI Next Step Suggestion: click -> DELETE /user/{username} Delete user
2026-01-20T00:22:03.0832990Z     🧩 Suggested Locator: div:nth-child(6) > button
2026-01-20T00:22:03.0833763Z     💭 Reasoning: To continue exploring the User operations, I will click on the 'DELETE /user/{username} Delete user' button to interact with that operation.
2026-01-20T00:22:03.0834522Z     ➕ Injected AI step: click -> DELETE /user/{username} Delete user
2026-01-20T00:22:03.0835003Z   ▶️ [STEP step_5_ai_3] CLICK: DELETE /user/{username} Delete user
2026-01-20T00:22:03.0899162Z     🎯 Using AI-provided locator: div:nth-child(6) > button
2026-01-20T00:22:03.0921776Z     🔍 Mining locators for: 'DELETE /user/{username} Delete user'
2026-01-20T00:22:03.2569536Z     ✅ Found 1 verified locators
2026-01-20T00:22:06.8574228Z     ✅ State transitioned.
2026-01-20T00:22:08.7035265Z [DEBUG] Sending request to gemini-2.0-flash. Number of parts: 2
2026-01-20T00:22:08.7035754Z [DEBUG] Received response (Length: 286)
2026-01-20T00:22:08.7036758Z     🤖 AI Next Step Suggestion: click -> POST /user Create user
2026-01-20T00:22:08.7037527Z     🧩 Suggested Locator: div[title='POST /user'] > button
2026-01-20T00:22:08.7038406Z     💭 Reasoning: The goal is to verify basic interactions with the User operations. Since we've interacted with other user operations, creating a user is a logical next step.
2026-01-20T00:22:08.7039191Z     ➕ Injected AI step: click -> POST /user Create user
2026-01-20T00:22:08.7039574Z   ▶️ [STEP step_5_ai_4] CLICK: POST /user Create user
2026-01-20T00:22:08.7107431Z     🎯 Using AI-provided locator: div[title='POST /user'] > button
2026-01-20T00:22:08.7131790Z     🔍 Mining locators for: 'POST /user Create user'
2026-01-20T00:22:08.8219443Z     ✅ Found 1 verified locators
2026-01-20T00:22:12.4239111Z     ✅ State transitioned.
2026-01-20T00:22:14.0290462Z [DEBUG] Sending request to gemini-2.0-flash. Number of parts: 2
2026-01-20T00:22:14.0291000Z [DEBUG] Received response (Length: 195)
2026-01-20T00:22:14.0291643Z     🤖 AI Next Step Suggestion: done -> N/A
2026-01-20T00:22:14.0292710Z     💭 Reasoning: The page is not rendering correctly, and the goal is to test Swagger UI interactions. Since the UI is not rendering, there are no further actions to take.
2026-01-20T00:22:14.0293764Z   ▶️ [STEP step_6] ASSERT_VISIBLE: Logs user into the system
2026-01-20T00:22:14.0356650Z     🔍 Mining locators for: 'Logs user into the system'
2026-01-20T00:22:14.1262638Z     🧠 Consulting AI (Vision-First) to find 'Logs user into the system'...
2026-01-20T00:22:14.1263184Z     🔍 Trying smart selectors for 'Logs user into the system'...
2026-01-20T00:22:14.2660950Z     🔍 [SMART] Searching for: 'Logs user into the system' (trying 15+ strategies)
2026-01-20T00:22:14.2661984Z     ⚠️ Smart selectors failed (no unique match). Falling back to AI Vision...
2026-01-20T00:22:14.2663803Z     🧠 [EXPERT] Strategy: Act as Senior SDET focusing on exploring the application to understand functional flow and identifying critical paths for end-to-end automation.
2026-01-20T00:22:19.0367477Z [DEBUG] Sending request to gemini-2.0-flash. Number of parts: 2
2026-01-20T00:22:19.0367958Z [DEBUG] Received response (Length: 217)
2026-01-20T00:22:19.0368838Z     💡 Expert Suggestion: The 'user' section likely contains the 'Logs user into the system' functionality.
2026-01-20T00:22:19.0369521Z     🛠️ Executing corrective action: click -> 'user'
2026-01-20T00:22:19.6712247Z     ✅ Executed corrective navigation
2026-01-20T00:22:21.6723226Z     🔄 Retry 1/3 mining locators for 'Logs user into the system'...
2026-01-20T00:22:22.7066561Z     🧠 Consulting AI (Vision-First) to find 'Logs user into the system'...
2026-01-20T00:22:22.7067624Z     🔍 Trying smart selectors for 'Logs user into the system'...
2026-01-20T00:22:22.8519017Z     🔍 [SMART] Searching for: 'Logs user into the system' (trying 15+ strategies)
2026-01-20T00:22:22.8520052Z     ⚠️ Smart selectors failed (no unique match). Falling back to AI Vision...
2026-01-20T00:22:22.8521629Z     🧠 [EXPERT] Strategy: Act as Senior SDET focusing on exploring the application to understand functional flow and identifying critical paths for end-to-end automation.
2026-01-20T00:23:27.3717173Z [DEBUG] Sending request to gemini-2.0-flash. Number of parts: 2
2026-01-20T00:23:27.3718818Z [DEBUG] LLM Error: 429 RESOURCE_EXHAUSTED. {'error': {'code': 429, 'message': 'Resource exhausted. Please try again later. Please refer to https://cloud.google.com/vertex-ai/generative-ai/docs/error-code-429 for more details.', 'status': 'RESOURCE_EXHAUSTED'}}
2026-01-20T00:23:27.3720501Z ⚠️ 429 Rate Limit Hit. Cooling down for 60s...
2026-01-20T00:23:27.3721328Z [DEBUG] Sending request to gemini-2.0-flash. Number of parts: 2
2026-01-20T00:23:27.3721788Z [DEBUG] Received response (Length: 241)
2026-01-20T00:23:27.3722817Z     💡 Expert Suggestion: The 'Logs user into the system' functionality is likely accessible after exploring the API definition.
2026-01-20T00:23:27.3723676Z     🛠️ Executing corrective action: click -> 'Explore'
2026-01-20T00:23:27.9425646Z     ✅ Executed corrective navigation
2026-01-20T00:23:29.9449732Z     🔄 Retry 2/3 mining locators for 'Logs user into the system'...
2026-01-20T00:23:30.9463154Z     🗑️ Invalidating stale AI cache (retry 2)...
2026-01-20T00:23:30.9876845Z     🧠 Consulting AI (Vision-First) to find 'Logs user into the system'...
2026-01-20T00:23:30.9877755Z     🔍 Trying smart selectors for 'Logs user into the system'...
2026-01-20T00:23:31.1122906Z     🔍 [SMART] Searching for: 'Logs user into the system' (trying 15+ strategies)
2026-01-20T00:23:31.1124070Z     ⚠️ Smart selectors failed (no unique match). Falling back to AI Vision...
2026-01-20T00:23:31.1125998Z     🧠 [EXPERT] Strategy: Act as Senior SDET focusing on exploring the application to understand functional flow and identifying critical paths for end-to-end automation.
2026-01-20T00:23:32.4062049Z [DEBUG] Sending request to gemini-2.0-flash. Number of parts: 2
2026-01-20T00:23:32.4062783Z [DEBUG] Received response (Length: 239)
2026-01-20T00:23:32.4063732Z     ⚠️ Skipping duplicate injection: Explore
2026-01-20T00:23:32.4064841Z     🧠 Verifying step validity for 'Logs user into the system' after no candidates found...
2026-01-20T00:23:37.7392242Z [DEBUG] Sending request to gemini-2.0-flash. Number of parts: 2
2026-01-20T00:23:37.7393063Z [DEBUG] Received response (Length: 266)
2026-01-20T00:23:37.7395955Z     🗑️ Step deemed INVALID: The page failed to render correctly, displaying 'Could not render BaseLayout, see the console.' Therefore, the element 'Logs user into the system' is likely not present or accessible in the current state.. Removing from workflow.
2026-01-20T00:23:37.7398927Z     ⏭️ Skipping execution of invalid step: Logs user into the system
2026-01-20T00:23:37.7399819Z   ▶️ [STEP step_7] CLICK: Try it out
2026-01-20T00:23:37.7460886Z     🔍 Mining locators for: 'Try it out'
2026-01-20T00:23:37.7862695Z     🧠 Consulting AI (Vision-First) to find 'Try it out'...
2026-01-20T00:23:37.7863501Z     🔍 Trying smart selectors for 'Try it out'...
2026-01-20T00:23:37.8895518Z     🔍 [SMART] Searching for: 'Try it out' (trying 15+ strategies)
2026-01-20T00:23:37.8896812Z     ⚠️ Smart selectors failed (no unique match). Falling back to AI Vision...
2026-01-20T00:23:37.8898570Z     🧠 [EXPERT] Strategy: Act as Senior SDET focusing on exploring the application to understand functional flow and identifying critical paths for end-to-end automation.
2026-01-20T00:23:42.6328443Z [DEBUG] Sending request to gemini-2.0-flash. Number of parts: 2
2026-01-20T00:23:42.6328985Z [DEBUG] Received response (Length: 280)
2026-01-20T00:23:42.6330171Z     💡 Expert Suggestion: "Try it out" functionality is typically found after exploring the API definition. Clicking 'Explore' might reveal the interactive elements.
2026-01-20T00:23:42.6331194Z     🛠️ Executing corrective action: click -> 'Explore'
2026-01-20T00:23:43.1893752Z     ✅ Executed corrective navigation
2026-01-20T00:23:45.1917161Z     🔄 Retry 1/3 mining locators for 'Try it out'...
2026-01-20T00:23:46.2364613Z     🧠 Consulting AI (Vision-First) to find 'Try it out'...
2026-01-20T00:23:46.2365359Z     🔍 Trying smart selectors for 'Try it out'...
2026-01-20T00:23:46.3360326Z     🔍 [SMART] Searching for: 'Try it out' (trying 15+ strategies)
2026-01-20T00:23:46.3361205Z     ⚠️ Smart selectors failed (no unique match). Falling back to AI Vision...
2026-01-20T00:23:46.3362963Z     🧠 [EXPERT] Strategy: Act as Senior SDET focusing on exploring the application to understand functional flow and identifying critical paths for end-to-end automation.
2026-01-20T00:23:46.3365606Z [CACHE HIT] a3db6a54... (hits: 35, misses: 62)
2026-01-20T00:23:46.3366753Z     ⚠️ Skipping duplicate injection: Explore
2026-01-20T00:23:46.3367174Z     🔄 Retry 2/3 mining locators for 'Try it out'...
2026-01-20T00:23:47.3380766Z     🗑️ Invalidating stale AI cache (retry 2)...
2026-01-20T00:23:47.3691377Z     🧠 Consulting AI (Vision-First) to find 'Try it out'...
2026-01-20T00:23:47.3691857Z     🔍 Trying smart selectors for 'Try it out'...
2026-01-20T00:23:47.4716548Z     🔍 [SMART] Searching for: 'Try it out' (trying 15+ strategies)
2026-01-20T00:23:47.4717535Z     ⚠️ Smart selectors failed (no unique match). Falling back to AI Vision...
2026-01-20T00:23:47.4718492Z     🧠 [EXPERT] Strategy: Act as Senior SDET focusing on exploring the application to understand functional flow and identifying critical paths for end-to-end automation.
2026-01-20T00:23:47.4721525Z [CACHE HIT] a3db6a54... (hits: 36, misses: 62)
2026-01-20T00:23:47.4722225Z     ⚠️ Skipping duplicate injection: Explore
2026-01-20T00:23:47.4722777Z     🧠 Verifying step validity for 'Try it out' after no candidates found...
2026-01-20T00:23:47.4725667Z [CACHE HIT] b6293950... (hits: 37, misses: 62)
2026-01-20T00:23:47.4728475Z     🗑️ Step deemed INVALID: The page is displaying an error: "Could not render BaseLayout, see the console." This indicates that the Swagger UI is not properly loaded, and therefore the "Try it out" button will not be present. We are on the correct page, but the page is not rendering correctly.. Removing from workflow.
2026-01-20T00:23:47.4730748Z     ⏭️ Skipping execution of invalid step: Try it out
2026-01-20T00:23:47.4731357Z   ▶️ [STEP step_8] ASSERT_VISIBLE: Execute
2026-01-20T00:23:47.4783792Z     🔍 Mining locators for: 'Execute'
2026-01-20T00:23:47.5205542Z     🧠 Consulting AI (Vision-First) to find 'Execute'...
2026-01-20T00:23:47.5206391Z     🔍 Trying smart selectors for 'Execute'...
2026-01-20T00:23:47.6074428Z     🔍 [SMART] Searching for: 'Execute' (trying 15+ strategies)
2026-01-20T00:23:47.6075360Z     ⚠️ Smart selectors failed (no unique match). Falling back to AI Vision...
2026-01-20T00:23:47.6076534Z     🧠 [EXPERT] Strategy: Act as Senior SDET focusing on exploring the application to understand functional flow and identifying critical paths for end-to-end automation.
2026-01-20T00:23:47.6079279Z [CACHE HIT] b9f73e41... (hits: 38, misses: 62)
2026-01-20T00:23:47.6080540Z     💡 Expert Suggestion: The 'Explore' button likely navigates to a page where API endpoints and 'Execute' buttons are located.
2026-01-20T00:23:47.6081719Z     🛠️ Executing corrective action: click -> 'Explore'
2026-01-20T00:23:48.1800354Z     ✅ Executed corrective navigation
2026-01-20T00:23:50.1823573Z     🔄 Retry 1/3 mining locators for 'Execute'...
2026-01-20T00:23:51.2194039Z     🧠 Consulting AI (Vision-First) to find 'Execute'...
2026-01-20T00:23:51.2194701Z     🔍 Trying smart selectors for 'Execute'...
2026-01-20T00:23:51.3193522Z     🔍 [SMART] Searching for: 'Execute' (trying 15+ strategies)
2026-01-20T00:23:51.3194291Z     ⚠️ Smart selectors failed (no unique match). Falling back to AI Vision...
2026-01-20T00:23:51.3195277Z     🧠 [EXPERT] Strategy: Act as Senior SDET focusing on exploring the application to understand functional flow and identifying critical paths for end-to-end automation.
2026-01-20T00:23:51.3197844Z [CACHE HIT] b9f73e41... (hits: 39, misses: 62)
2026-01-20T00:23:51.3198570Z     ⚠️ Skipping duplicate injection: Explore
2026-01-20T00:23:51.3198970Z     🔄 Retry 2/3 mining locators for 'Execute'...
2026-01-20T00:23:52.3212301Z     🗑️ Invalidating stale AI cache (retry 2)...
2026-01-20T00:23:52.3529423Z     🧠 Consulting AI (Vision-First) to find 'Execute'...
2026-01-20T00:23:52.3530196Z     🔍 Trying smart selectors for 'Execute'...
2026-01-20T00:23:52.4389729Z     🔍 [SMART] Searching for: 'Execute' (trying 15+ strategies)
2026-01-20T00:23:52.4390649Z     ⚠️ Smart selectors failed (no unique match). Falling back to AI Vision...
2026-01-20T00:23:52.4392256Z     🧠 [EXPERT] Strategy: Act as Senior SDET focusing on exploring the application to understand functional flow and identifying critical paths for end-to-end automation.
2026-01-20T00:23:52.4393981Z [CACHE HIT] b9f73e41... (hits: 40, misses: 62)
2026-01-20T00:23:52.4394595Z     ⚠️ Skipping duplicate injection: Explore
2026-01-20T00:23:52.4395560Z     🧠 Verifying step validity for 'Execute' after no candidates found...
2026-01-20T00:23:52.4398633Z [CACHE HIT] 6a700859... (hits: 41, misses: 62)
2026-01-20T00:23:52.4401377Z     🗑️ Step deemed INVALID: The page displays 'Could not render BaseLayout, see the console.' This indicates that the Swagger UI failed to load correctly. Therefore, the 'Execute' button, which is part of the interactive API documentation, is not present on the page. We are on the correct page, but the content is not loaded properly.. Removing from workflow.
2026-01-20T00:23:52.4403479Z     ⏭️ Skipping execution of invalid step: Execute
2026-01-20T00:23:52.4403847Z     ⚡ PARALLEL MODE: Batching 2 fill steps
2026-01-20T00:23:52.4404175Z     ⚡ Batch mining 2 fields in parallel...
2026-01-20T00:23:52.4688458Z     🔍 Trying smart selectors for 'username'...
2026-01-20T00:23:52.4698455Z     🔍 [SMART] Searching for: 'username' (trying 15+ strategies)
2026-01-20T00:23:52.4699595Z     🔍 Trying smart selectors for 'password'...
2026-01-20T00:23:52.5640490Z     🔍 [SMART] Searching for: 'password' (trying 15+ strategies)
2026-01-20T00:23:52.5641439Z     ⚠️ Smart selectors failed (no unique match). Falling back to AI Vision...
2026-01-20T00:23:52.5642994Z     🧠 [EXPERT] Strategy: Act as Senior SDET focusing on exploring the application to understand functional flow and identifying critical paths for end-to-end automation.
2026-01-20T00:23:52.5661392Z [DEBUG] Sending request to gemini-2.0-flash. Number of parts: 2
2026-01-20T00:23:52.5662317Z     ⚠️ Smart selectors failed (no unique match). Falling back to AI Vision...
2026-01-20T00:23:52.5665347Z     🧠 [EXPERT] Strategy: Act as Senior SDET focusing on exploring the application to understand functional flow and identifying critical paths for end-to-end automation.
2026-01-20T00:23:58.9259415Z [DEBUG] Received response (Length: 270)
2026-01-20T00:23:58.9260135Z [DEBUG] Sending request to gemini-2.0-flash. Number of parts: 2
2026-01-20T00:23:58.9260779Z [DEBUG] Received response (Length: 314)
2026-01-20T00:23:58.9261644Z     ✅ Batch mined 'username' (1 locators)
2026-01-20T00:23:58.9262211Z     ✅ Batch mined 'password' (1 locators)
2026-01-20T00:23:58.9262737Z     ✅ Batch mined 2/2 steps successfully
2026-01-20T00:23:58.9263257Z   ▶️ [STEP step_11] CLICK: Execute
2026-01-20T00:23:58.9323438Z     🔍 Mining locators for: 'Execute'
2026-01-20T00:23:58.9693095Z     🧠 Consulting AI (Vision-First) to find 'Execute'...
2026-01-20T00:23:58.9693861Z     🔍 Trying smart selectors for 'Execute'...
2026-01-20T00:23:59.0556907Z     🔍 [SMART] Searching for: 'Execute' (trying 15+ strategies)
2026-01-20T00:23:59.0557747Z     ⚠️ Smart selectors failed (no unique match). Falling back to AI Vision...
2026-01-20T00:23:59.0558884Z     🧠 [EXPERT] Strategy: Act as Senior SDET focusing on exploring the application to understand functional flow and identifying critical paths for end-to-end automation.
2026-01-20T00:24:03.7538232Z [DEBUG] Sending request to gemini-2.0-flash. Number of parts: 2
2026-01-20T00:24:03.7539199Z [DEBUG] Received response (Length: 215)
2026-01-20T00:24:03.7540364Z     💡 Expert Suggestion: Clicking 'Explore' might reveal the API operations and the 'Execute' button.
2026-01-20T00:24:03.7541303Z     🛠️ Executing corrective action: click -> 'Explore'
2026-01-20T00:24:04.3208033Z     ✅ Executed corrective navigation
2026-01-20T00:24:06.3231843Z     🔄 Retry 1/3 mining locators for 'Execute'...
2026-01-20T00:24:07.3684305Z     🧠 Consulting AI (Vision-First) to find 'Execute'...
2026-01-20T00:24:07.3685007Z     🔍 Trying smart selectors for 'Execute'...
2026-01-20T00:24:07.4545025Z     🔍 [SMART] Searching for: 'Execute' (trying 15+ strategies)
2026-01-20T00:24:07.4545840Z     ⚠️ Smart selectors failed (no unique match). Falling back to AI Vision...
2026-01-20T00:24:07.4547961Z     🧠 [EXPERT] Strategy: Act as Senior SDET focusing on exploring the application to understand functional flow and identifying critical paths for end-to-end automation.
2026-01-20T00:24:07.4549858Z [CACHE HIT] b9f73e41... (hits: 42, misses: 65)
2026-01-20T00:24:07.4550464Z     ⚠️ Skipping duplicate injection: Explore
2026-01-20T00:24:07.4551055Z     🔄 Retry 2/3 mining locators for 'Execute'...
2026-01-20T00:24:08.4564869Z     🗑️ Invalidating stale AI cache (retry 2)...
2026-01-20T00:24:08.5015617Z     🧠 Consulting AI (Vision-First) to find 'Execute'...
2026-01-20T00:24:08.5016524Z     🔍 Trying smart selectors for 'Execute'...
2026-01-20T00:24:08.5877321Z     🔍 [SMART] Searching for: 'Execute' (trying 15+ strategies)
2026-01-20T00:24:08.5878236Z     ⚠️ Smart selectors failed (no unique match). Falling back to AI Vision...
2026-01-20T00:24:08.5879509Z     🧠 [EXPERT] Strategy: Act as Senior SDET focusing on exploring the application to understand functional flow and identifying critical paths for end-to-end automation.
2026-01-20T00:24:08.5882119Z [CACHE HIT] b9f73e41... (hits: 43, misses: 65)
2026-01-20T00:24:08.5882720Z     ⚠️ Skipping duplicate injection: Explore
2026-01-20T00:24:08.5883373Z     🧠 Verifying step validity for 'Execute' after no candidates found...
2026-01-20T00:24:08.5886801Z [CACHE HIT] 6a700859... (hits: 44, misses: 65)
2026-01-20T00:24:08.5889053Z     🗑️ Step deemed INVALID: The page displays 'Could not render BaseLayout, see the console.' This indicates that the Swagger UI failed to load correctly. Therefore, the 'Execute' button, which is part of the interactive API documentation, is not present on the page. We are on the correct page, but the content is not loaded properly.. Removing from workflow.
2026-01-20T00:24:08.5890572Z     ⏭️ Skipping execution of invalid step: Execute
2026-01-20T00:24:08.5890951Z   ▶️ [STEP step_12] ASSERT_VISIBLE: Server response
2026-01-20T00:24:08.5939181Z     🔍 Mining locators for: 'Server response'
2026-01-20T00:24:08.6350181Z     🧠 Consulting AI (Vision-First) to find 'Server response'...
2026-01-20T00:24:08.6350962Z     🔍 Trying smart selectors for 'Server response'...
2026-01-20T00:24:08.7420189Z     🔍 [SMART] Searching for: 'Server response' (trying 15+ strategies)
2026-01-20T00:24:08.7421029Z     ⚠️ Smart selectors failed (no unique match). Falling back to AI Vision...
2026-01-20T00:24:08.7421953Z     🧠 [EXPERT] Strategy: Act as Senior SDET focusing on exploring the application to understand functional flow and identifying critical paths for end-to-end automation.
2026-01-20T00:24:08.7424901Z [CACHE HIT] a7b49681... (hits: 45, misses: 65)
2026-01-20T00:24:08.7425954Z     💡 Expert Suggestion: Clicking 'Explore' might reveal the server response or navigate to a page where it's visible.
2026-01-20T00:24:08.7426871Z     🛠️ Executing corrective action: click -> 'Explore'
2026-01-20T00:24:09.3043917Z     ✅ Executed corrective navigation
2026-01-20T00:24:11.3067521Z     🔄 Retry 1/3 mining locators for 'Server response'...
2026-01-20T00:24:12.3527444Z     🧠 Consulting AI (Vision-First) to find 'Server response'...
2026-01-20T00:24:12.3528291Z     🔍 Trying smart selectors for 'Server response'...
2026-01-20T00:24:12.4539337Z     🔍 [SMART] Searching for: 'Server response' (trying 15+ strategies)
2026-01-20T00:24:12.4540177Z     ⚠️ Smart selectors failed (no unique match). Falling back to AI Vision...
2026-01-20T00:24:12.4541120Z     🧠 [EXPERT] Strategy: Act as Senior SDET focusing on exploring the application to understand functional flow and identifying critical paths for end-to-end automation.
2026-01-20T00:24:12.4543865Z [CACHE HIT] a7b49681... (hits: 46, misses: 65)
2026-01-20T00:24:12.4544530Z     ⚠️ Skipping duplicate injection: Explore
2026-01-20T00:24:12.4544937Z     🔄 Retry 2/3 mining locators for 'Server response'...
2026-01-20T00:24:13.4557991Z     🗑️ Invalidating stale AI cache (retry 2)...
2026-01-20T00:24:13.4844246Z     🧠 Consulting AI (Vision-First) to find 'Server response'...
2026-01-20T00:24:13.4844905Z     🔍 Trying smart selectors for 'Server response'...
2026-01-20T00:24:13.5844695Z     🔍 [SMART] Searching for: 'Server response' (trying 15+ strategies)
2026-01-20T00:24:13.5845637Z     ⚠️ Smart selectors failed (no unique match). Falling back to AI Vision...
2026-01-20T00:24:13.5846912Z     🧠 [EXPERT] Strategy: Act as Senior SDET focusing on exploring the application to understand functional flow and identifying critical paths for end-to-end automation.
2026-01-20T00:24:13.5849639Z [CACHE HIT] a7b49681... (hits: 47, misses: 65)
2026-01-20T00:24:13.5850255Z     ⚠️ Skipping duplicate injection: Explore
2026-01-20T00:24:13.5850989Z     🧠 Verifying step validity for 'Server response' after no candidates found...
2026-01-20T00:24:13.5854134Z [CACHE HIT] 198f8f75... (hits: 48, misses: 65)
2026-01-20T00:24:13.5855952Z     🗑️ Step deemed INVALID: The page failed to render correctly ('Could not render BaseLayout, see the console.'). Therefore, the 'Server response' element is likely not present or accessible in the current state. We need a properly rendered page to interact with the elements.. Removing from workflow.
2026-01-20T00:24:13.5857640Z     ⏭️ Skipping execution of invalid step: Server response
2026-01-20T00:24:15.6212672Z 🗂️  All generated tests written to /home/runner/work/build_qa_automation/build_qa_automation/projects/ci_petstore_swagger/tests/generated_scenarios.json
2026-01-20T00:24:15.6215033Z 
2026-01-20T00:24:15.6215759Z 📝 Processing scenario 'Explore Swagger UI - Pet Operations' with 6 steps
2026-01-20T00:24:15.6217371Z   🔍 Step 1 (assert_visible): Found 1 mined locators
2026-01-20T00:24:15.6218267Z       ✅ Kept robust locator (0.92): #swagger-ui...
2026-01-20T00:24:15.6219150Z   💾 Saved 1 robust locators (top stability: 0.92)
2026-01-20T00:24:15.6220134Z   🔍 Step 2 (click): Found 1 mined locators
2026-01-20T00:24:15.6220999Z       ✅ Kept robust locator (0.95): #operations-tag-pet...
2026-01-20T00:24:15.6221756Z   💾 Saved 1 robust locators (top stability: 0.95)
2026-01-20T00:24:15.6222425Z   🔍 Step 3 (click): Found 2 mined locators
2026-01-20T00:24:15.6223228Z       ✅ Kept robust locator (0.80): role=button[name='Explore']...
2026-01-20T00:24:15.6224020Z       ✅ Kept robust locator (0.70): text='Explore'...
2026-01-20T00:24:15.6224743Z   💾 Saved 2 robust locators (top stability: 0.80)
2026-01-20T00:24:15.6225407Z   🔍 Step 4 (fill): Found 1 mined locators
2026-01-20T00:24:15.6226094Z       ✅ Kept robust locator (0.95): #download-url-input...
2026-01-20T00:24:15.6227024Z   💾 Saved 1 robust locators (top stability: 0.95)
2026-01-20T00:24:15.6227677Z   🔍 Step 5 (click): Found 1 mined locators
2026-01-20T00:24:15.6228395Z       ⚠️ Skipping positional locator: button:nth-of-type(2)...
2026-01-20T00:24:15.6229373Z   ⚠️  No robust locators passed filtering. Executor will use fallback strategies.
2026-01-20T00:24:15.6230489Z ✅ Updated scenario 'Explore Swagger UI - Pet Operations' with 6 validated steps
2026-01-20T00:24:15.6231071Z 
2026-01-20T00:24:15.6231592Z 📝 Processing scenario 'Explore Swagger UI - Store Operations' with 4 steps
2026-01-20T00:24:15.6232510Z   🔍 Step 1 (assert_visible): Found 1 mined locators
2026-01-20T00:24:15.6233223Z       ✅ Kept robust locator (0.92): #swagger-ui...
2026-01-20T00:24:15.6234189Z   💾 Saved 1 robust locators (top stability: 0.92)
2026-01-20T00:24:15.6234896Z   🔍 Step 2 (click): Found 1 mined locators
2026-01-20T00:24:15.6235610Z       ✅ Kept robust locator (0.95): #operations-tag-store...
2026-01-20T00:24:15.6236675Z   💾 Saved 1 robust locators (top stability: 0.95)
2026-01-20T00:24:15.6237345Z   🔍 Step 3 (click): Found 2 mined locators
2026-01-20T00:24:15.6238094Z       ✅ Kept robust locator (0.80): role=button[name='Explore']...
2026-01-20T00:24:15.6238879Z       ✅ Kept robust locator (0.70): text='Explore'...
2026-01-20T00:24:15.6239572Z   💾 Saved 2 robust locators (top stability: 0.80)
2026-01-20T00:24:15.6240483Z ✅ Updated scenario 'Explore Swagger UI - Store Operations' with 4 validated steps
2026-01-20T00:24:15.6241083Z 
2026-01-20T00:24:15.6241945Z 📝 Processing scenario 'Explore Swagger UI - User Operations' with 16 steps
2026-01-20T00:24:15.6242833Z   🔍 Step 1 (assert_visible): Found 1 mined locators
2026-01-20T00:24:15.6243534Z       ✅ Kept robust locator (0.92): #swagger-ui...
2026-01-20T00:24:15.6244231Z   💾 Saved 1 robust locators (top stability: 0.92)
2026-01-20T00:24:15.6244877Z   🔍 Step 2 (click): Found 1 mined locators
2026-01-20T00:24:15.6245589Z       ⚠️ Skipping positional locator: span:nth-of-type(2)...
2026-01-20T00:24:15.6246721Z   ⚠️  No robust locators passed filtering. Executor will use fallback strategies.
2026-01-20T00:24:15.6247582Z   🔍 Step 3 (click): Found 12 mined locators
2026-01-20T00:24:15.6248479Z       ✅ Kept robust locator (0.80): role=button[name='POST /user/createWithList Create...
2026-01-20T00:24:15.6249619Z       ✅ Kept robust locator (0.80): role=button[name='GET /user/{username} Get user by...
2026-01-20T00:24:15.6250755Z       ✅ Kept robust locator (0.80): role=button[name='PUT /user/{username} Updated use...
2026-01-20T00:24:15.6251900Z       ✅ Kept robust locator (0.80): role=button[name='DELETE /user/{username} Delete u...
2026-01-20T00:24:15.6253058Z       ✅ Kept robust locator (0.80): role=button[name='GET /user/login Logs user into t...
2026-01-20T00:24:15.6254176Z       ✅ Kept robust locator (0.80): role=button[name='GET /user/logout Logs out curren...
2026-01-20T00:24:15.6255292Z       ✅ Kept robust locator (0.80): role=button[name='POST /user/createWithArray Creat...
2026-01-20T00:24:15.6256540Z       ✅ Kept robust locator (0.80): role=button[name='POST /user Create user']...
2026-01-20T00:24:15.6257459Z       ✅ Kept robust locator (0.80): role=button[name='User']...
2026-01-20T00:24:15.6258199Z       ✅ Kept robust locator (0.85): #operations-tag-user...
2026-01-20T00:24:15.6258871Z       ✅ Kept robust locator (0.70): text='User'...
2026-01-20T00:24:15.6259575Z       ✅ Kept robust locator (0.70): text=Operations about user...
2026-01-20T00:24:15.6260323Z   💾 Saved 3 robust locators (top stability: 0.85)
2026-01-20T00:24:15.6261002Z   🔍 Step 4 (click): Found 1 mined locators
2026-01-20T00:24:15.6261550Z       ✅ Kept robust locator (0.95): button...
2026-01-20T00:24:15.6262166Z   💾 Saved 1 robust locators (top stability: 0.95)
2026-01-20T00:24:15.6262774Z   🔍 Step 5 (click): Found 1 mined locators
2026-01-20T00:24:15.6263581Z       ✅ Kept robust locator (0.70): button:has-text('ALLOW ALL COOKIES') >> nth=1...
2026-01-20T00:24:15.6264392Z   💾 Saved 1 robust locators (top stability: 0.70)
2026-01-20T00:24:15.6264972Z   🔍 Step 6 (click): Found 1 mined locators
2026-01-20T00:24:15.6265777Z       ✅ Kept robust locator (0.80): role=button[name='POST /user/createWithArray Creat...
2026-01-20T00:24:15.6266783Z   💾 Saved 1 robust locators (top stability: 0.80)
2026-01-20T00:24:15.6267434Z   🔍 Step 7 (click): Found 1 mined locators
2026-01-20T00:24:15.6268639Z       ✅ Kept robust locator (0.80): role=button[name='GET /user/{username} Get user by...
2026-01-20T00:24:15.6269564Z   💾 Saved 1 robust locators (top stability: 0.80)
2026-01-20T00:24:15.6270305Z   🔍 Step 8 (assert_visible): Found 5 mined locators
2026-01-20T00:24:15.6271256Z       ✅ Kept robust locator (0.80): role=button[name='PUT /user/{username} Updated use...
2026-01-20T00:24:15.6272813Z       ✅ Kept robust locator (0.80): role=button[name='DELETE /user/{username} Delete u...
2026-01-20T00:24:15.6273782Z       ✅ Kept robust locator (0.80): role=button[name='GET /user/login Logs user into t...
2026-01-20T00:24:15.6274572Z       ✅ Kept robust locator (0.80): role=button[name='GET /user/logout Logs out curren...
2026-01-20T00:24:15.6275697Z       ✅ Kept robust locator (0.80): role=button[name='POST /user Create user']...
2026-01-20T00:24:15.6276781Z   💾 Saved 3 robust locators (top stability: 0.80)
2026-01-20T00:24:15.6277404Z   🔍 Step 9 (click): Found 1 mined locators
2026-01-20T00:24:15.6278242Z       ✅ Kept robust locator (0.80): role=button[name='GET /user/login Logs user into t...
2026-01-20T00:24:15.6279088Z   💾 Saved 1 robust locators (top stability: 0.80)
2026-01-20T00:24:15.6279992Z   🔍 Step 10 (click): Found 1 mined locators
2026-01-20T00:24:15.6280810Z       ✅ Kept robust locator (0.80): role=button[name='GET /user/logout Logs out curren...
2026-01-20T00:24:15.6281674Z   💾 Saved 1 robust locators (top stability: 0.80)
2026-01-20T00:24:15.6282322Z   🔍 Step 11 (click): Found 1 mined locators
2026-01-20T00:24:15.6283159Z       ✅ Kept robust locator (0.80): role=button[name='PUT /user/{username} Updated use...
2026-01-20T00:24:15.6284039Z   💾 Saved 1 robust locators (top stability: 0.80)
2026-01-20T00:24:15.6286512Z   🔍 Step 12 (click): Found 1 mined locators
2026-01-20T00:24:15.6287369Z       ✅ Kept robust locator (0.80): role=button[name='DELETE /user/{username} Delete u...
2026-01-20T00:24:15.6288195Z   💾 Saved 1 robust locators (top stability: 0.80)
2026-01-20T00:24:15.6288749Z   🔍 Step 13 (click): Found 1 mined locators
2026-01-20T00:24:15.6289176Z       ✅ Kept robust locator (0.80): role=button[name='POST /user Create user']...
2026-01-20T00:24:15.6289888Z   💾 Saved 1 robust locators (top stability: 0.80)
2026-01-20T00:24:15.6290238Z   🔍 Step 14 (fill): Found 1 mined locators
2026-01-20T00:24:15.6290575Z       ⚠️ Skipping low-confidence locator (0.60): ...
2026-01-20T00:24:15.6291059Z   ⚠️  No robust locators passed filtering. Executor will use fallback strategies.
2026-01-20T00:24:15.6291514Z   🔍 Step 15 (fill): Found 1 mined locators
2026-01-20T00:24:15.6291847Z       ⚠️ Skipping low-confidence locator (0.60): ...
2026-01-20T00:24:15.6292302Z   ⚠️  No robust locators passed filtering. Executor will use fallback strategies.
2026-01-20T00:24:15.6292872Z ✅ Updated scenario 'Explore Swagger UI - User Operations' with 16 validated steps
2026-01-20T00:24:15.6293377Z 🔄 Updated workflow.json with discovered steps and locators.
2026-01-20T00:24:15.6293627Z 
2026-01-20T00:24:15.6293731Z ============================================================
2026-01-20T00:24:15.6294050Z 📊 EXPLORER PERFORMANCE SUMMARY
2026-01-20T00:24:15.6294302Z ============================================================
2026-01-20T00:24:15.6294505Z 
2026-01-20T00:24:15.6294602Z 🔍 Locator Mining:
2026-01-20T00:24:15.6294845Z    • Total Locators Mined: 40
2026-01-20T00:24:15.6295115Z    • Filtered Out (Brittle): 4 (10.0%)
2026-01-20T00:24:15.6295404Z    • Saved to Golden Path: 25 (62.5%)
2026-01-20T00:24:15.6295572Z 
2026-01-20T00:24:15.6295681Z ⚠️  Filtering Breakdown:
2026-01-20T00:24:15.6295925Z    • Low Confidence (<0.75): 2
2026-01-20T00:24:15.6296376Z    • Positional Selectors: 2
2026-01-20T00:24:15.6296597Z 
2026-01-20T00:24:15.6296720Z ✅ Golden Path Quality:
2026-01-20T00:24:15.6296998Z    ✅ GOOD - 62.5% of mined locators are robust.
2026-01-20T00:24:15.6297191Z 
2026-01-20T00:24:15.6297281Z ============================================================
2026-01-20T00:24:15.6297466Z 
2026-01-20T00:24:15.6297586Z ✅ Deep Exploration Complete.
2026-01-20T00:27:11.2185578Z 
2026-01-20T00:27:11.2186726Z 🚀 [EXECUTE] Starting Automation Execution Engine
2026-01-20T00:27:11.2187447Z 📍 Project: ci_petstore_swagger
2026-01-20T00:27:11.2187904Z 🎬 Mode: Headless
2026-01-20T00:27:11.2188104Z 
2026-01-20T00:27:11.2188342Z --- Scenario: Explore Swagger UI - Pet Operations ---
2026-01-20T00:27:11.2189112Z   ▶️  [STEP step_1] NAVIGATE: NAVIGATE
2026-01-20T00:27:11.2189430Z     ✅ Step step_1 Passed.
2026-01-20T00:27:11.2189728Z   ▶️  [STEP step_2] ASSERT_VISIBLE: Swagger UI
2026-01-20T00:27:11.2190111Z     🔍 Trying 1 validated locators from golden path...
2026-01-20T00:27:11.2190571Z     ✅ SUCCESS! Locator #1: #swagger-ui... (method: unknown, stability: 0.92)
2026-01-20T00:27:11.2190964Z     ✅ Step step_2 Passed.
2026-01-20T00:27:11.2191334Z   ▶️  [STEP step_2_ai_1] CLICK: pet Everything about your Pets Find out more
2026-01-20T00:27:11.2191770Z     🔍 Trying 1 validated locators from golden path...
2026-01-20T00:27:11.2192248Z     ✅ SUCCESS! Locator #1: #operations-tag-pet... (method: unknown, stability: 0.95)
2026-01-20T00:27:11.2192672Z     ✅ Step step_2_ai_1 Passed.
2026-01-20T00:27:11.2193123Z   ▶️  [STEP step_2_ai_2] CLICK: Explore
2026-01-20T00:27:11.2193455Z     🔍 Trying 2 validated locators from golden path...
2026-01-20T00:27:11.2193958Z     ✅ SUCCESS! Locator #1: role=button[name='Explore']... (method: unknown, stability: 0.80)
2026-01-20T00:27:11.2194394Z     ✅ Step step_2_ai_2 Passed.
2026-01-20T00:27:11.2194685Z   ▶️  [STEP step_2_ai_3] FILL: download-url-input
2026-01-20T00:27:11.2195047Z     🔍 Trying 1 validated locators from golden path...
2026-01-20T00:27:11.2195516Z     ✅ SUCCESS! Locator #1: #download-url-input... (method: unknown, stability: 0.95)
2026-01-20T00:27:11.2195931Z     ✅ Step step_2_ai_3 Passed.
2026-01-20T00:27:11.2196487Z   ▶️  [STEP step_2_ai_4] CLICK: Explore
2026-01-20T00:27:11.2196937Z     ✅ Step step_2_ai_4 Passed.
2026-01-20T00:27:11.2197358Z ✅ Scenario 'Explore Swagger UI - Pet Operations' completed successfully!
2026-01-20T00:27:11.2197647Z 
2026-01-20T00:27:11.2197782Z --- Scenario: Explore Swagger UI - Store Operations ---
2026-01-20T00:27:11.2198156Z   ▶️  [STEP step_1] NAVIGATE: NAVIGATE
2026-01-20T00:27:11.2198436Z     ✅ Step step_1 Passed.
2026-01-20T00:27:11.2198707Z   ▶️  [STEP step_2] ASSERT_VISIBLE: Swagger UI
2026-01-20T00:27:11.2199063Z     🔍 Trying 1 validated locators from golden path...
2026-01-20T00:27:11.2199504Z     ✅ SUCCESS! Locator #1: #swagger-ui... (method: unknown, stability: 0.92)
2026-01-20T00:27:11.2199884Z     ✅ Step step_2 Passed.
2026-01-20T00:27:11.2200207Z   ▶️  [STEP step_2_ai_1] CLICK: store Access to Petstore orders
2026-01-20T00:27:11.2200593Z     🔍 Trying 1 validated locators from golden path...
2026-01-20T00:27:11.2201059Z     ✅ SUCCESS! Locator #1: #operations-tag-store... (method: unknown, stability: 0.95)
2026-01-20T00:27:11.2201480Z     ✅ Step step_2_ai_1 Passed.
2026-01-20T00:27:11.2201745Z   ▶️  [STEP step_2_ai_2] CLICK: Explore
2026-01-20T00:27:11.2202067Z     🔍 Trying 2 validated locators from golden path...
2026-01-20T00:27:11.2202553Z     ✅ SUCCESS! Locator #1: role=button[name='Explore']... (method: unknown, stability: 0.80)
2026-01-20T00:27:11.2202998Z     ✅ Step step_2_ai_2 Passed.
2026-01-20T00:27:11.2203382Z ✅ Scenario 'Explore Swagger UI - Store Operations' completed successfully!
2026-01-20T00:27:11.2203667Z 
2026-01-20T00:27:11.2203804Z --- Scenario: Explore Swagger UI - User Operations ---
2026-01-20T00:27:11.2204131Z   ▶️  [STEP step_1] NAVIGATE: NAVIGATE
2026-01-20T00:27:11.2204403Z     ✅ Step step_1 Passed.
2026-01-20T00:27:11.2204672Z   ▶️  [STEP step_2] ASSERT_VISIBLE: Swagger UI
2026-01-20T00:27:11.2205010Z     🔍 Trying 1 validated locators from golden path...
2026-01-20T00:27:11.2205434Z     ✅ SUCCESS! Locator #1: #swagger-ui... (method: unknown, stability: 0.92)
2026-01-20T00:27:11.2205810Z     ✅ Step step_2 Passed.
2026-01-20T00:27:11.2206628Z   ▶️  [STEP step_2_ai_1] CLICK: user Operations about user Find out more about our store POST /user/createWithList Creates list of
2026-01-20T00:27:11.2207421Z     ❌ Attempt 1 failed (element_not_found): Locator.bounding_box: Timeout 30000ms exceeded.
2026-01-20T00:27:11.2208005Z Call log:
2026-01-20T00:27:11.2208209Z   - waiting for locator("text=user Operati...
2026-01-20T00:27:11.2209031Z     🔧 [AUTO-HEAL] Re-mining page to find 'user Operations about user Find out more about our store POST /user/createWithList Creates list of'...
2026-01-20T00:27:11.2209688Z [DEBUG] Sending request to gemini-2.0-flash. Number of parts: 2
2026-01-20T00:27:11.2210027Z [DEBUG] Received response (Length: 502)
2026-01-20T00:27:11.2210352Z     ✨ AI heal found 2 alternatives. Validating...
2026-01-20T00:27:11.2211130Z       ✅ Validated: 'https://petstore.swagger.io/v2...' matches 'user Operations about user Find out more about our store POST /user/createWithList Creates list of'
2026-01-20T00:27:11.2211897Z       ❌ Validation error: Locator.count: SyntaxError: Failed to ex
2026-01-20T00:27:11.2212255Z     ✅ 1 validated locators.
2026-01-20T00:27:11.2212752Z     ✨ AI successfully healed the step! New selector: a[href='https://petstore.swagger.io/v2/swagger.json']
2026-01-20T00:27:11.2213268Z     ✅ Step step_2_ai_1 Passed.
2026-01-20T00:27:11.2213529Z   ▶️  [STEP step_3] CLICK: user
2026-01-20T00:27:11.2213849Z     🔍 Trying 3 validated locators from golden path...
2026-01-20T00:27:11.2214340Z     ✅ SUCCESS! Locator #1: #operations-tag-user... (method: unknown, stability: 0.85)
2026-01-20T00:27:11.2214752Z     ✅ Step step_3 Passed.
2026-01-20T00:27:11.2215106Z   ▶️  [STEP step_3_ai_1] CLICK: GET /user/{username} Get user by user name
2026-01-20T00:27:11.2215528Z     🔍 Trying 1 validated locators from golden path...
2026-01-20T00:27:11.2215927Z     ⚠️  Locator #1 matched 3 elements (need exactly 1): button...
2026-01-20T00:27:11.2216872Z     ⚠️  All golden path locators failed. Will try text-based fallback.
2026-01-20T00:27:11.2217442Z     ❌ Attempt 1 failed (element_not_found): Locator.bounding_box: Timeout 30000ms exceeded.
2026-01-20T00:27:11.2217844Z Call log:
2026-01-20T00:27:11.2218044Z   - waiting for locator("text=GET /user/{u...
2026-01-20T00:27:11.2218517Z     🔧 [AUTO-HEAL] Re-mining page to find 'GET /user/{username} Get user by user name'...
2026-01-20T00:27:11.2218994Z [DEBUG] Sending request to gemini-2.0-flash. Number of parts: 2
2026-01-20T00:27:11.2219338Z [DEBUG] Received response (Length: 570)
2026-01-20T00:27:11.2219665Z     ✨ AI heal found 2 alternatives. Validating...
2026-01-20T00:27:11.2219983Z       ❌ Rejected: Element not found
2026-01-20T00:27:11.2220251Z       ❌ Rejected: Element not found
2026-01-20T00:27:11.2220589Z     ⚠️ All AI suggestions failed validation. Using original.
2026-01-20T00:27:11.2221024Z     ❌ AI could not re-locate the element. Waiting 1s before next retry.
2026-01-20T00:27:11.2221590Z     ❌ Attempt 2 failed (element_not_found): Locator.bounding_box: Timeout 30000ms exceeded.
2026-01-20T00:27:11.2221974Z Call log:
2026-01-20T00:27:11.2222166Z   - waiting for locator("text=GET /user/{u...
2026-01-20T00:27:11.2222621Z     🔧 [AUTO-HEAL] Re-mining page to find 'GET /user/{username} Get user by user name'...
2026-01-20T00:27:11.2223031Z [CACHE HIT] 31f5a08e... (hits: 1, misses: 2)
2026-01-20T00:27:11.2223349Z     ✨ AI heal found 2 alternatives. Validating...
2026-01-20T00:27:11.2223660Z       ❌ Rejected: Element not found
2026-01-20T00:27:11.2223938Z       ❌ Rejected: Element not found
2026-01-20T00:27:11.2224269Z     ⚠️ All AI suggestions failed validation. Using original.
2026-01-20T00:27:11.2224700Z     ❌ AI could not re-locate the element. Waiting 1s before next retry.
2026-01-20T00:27:11.2225236Z     ❌ Attempt 3 failed (element_not_found): Locator.bounding_box: Timeout 30000ms exceeded.
2026-01-20T00:27:11.2225624Z Call log:
2026-01-20T00:27:11.2225819Z   - waiting for locator("text=GET /user/{u...
2026-01-20T00:27:11.2226148Z     💀 Step step_3_ai_1 failed after all retries.
2026-01-20T00:27:11.2226819Z 🛑 Scenario 'Explore Swagger UI - User Operations' aborted due to step failure.
2026-01-20T00:27:11.2227121Z 
2026-01-20T00:27:11.2227221Z ============================================================
2026-01-20T00:27:11.2227639Z 🎯 EXECUTION SUMMARY
2026-01-20T00:27:11.2228037Z ============================================================
2026-01-20T00:27:11.2228224Z 
2026-01-20T00:27:11.2228339Z 📋 Scenario Overview:
2026-01-20T00:27:11.2228691Z    • Total Scenarios Planned: 3
2026-01-20T00:27:11.2228960Z    • Scenarios Executed: 3
2026-01-20T00:27:11.2229209Z    • Total Steps Executed: 15
2026-01-20T00:27:11.2229354Z 
2026-01-20T00:27:11.2229445Z ✅ Results:
2026-01-20T00:27:11.2229636Z    ✅ Passed: 2 (66%)
2026-01-20T00:27:11.2229848Z    ❌ Failed: 1 (33%)
2026-01-20T00:27:11.2229958Z 
2026-01-20T00:27:11.2230063Z ⚠️  Failed Scenarios:
2026-01-20T00:27:11.2230342Z    • Explore Swagger UI - User Operations
2026-01-20T00:27:11.2230521Z 
2026-01-20T00:27:11.2230612Z ============================================================
2026-01-20T00:27:11.2230798Z 
2026-01-20T00:27:11.2231274Z 🏁 Execution Finished. Report: /home/runner/work/build_qa_automation/build_qa_automation/projects/ci_petstore_swagger/execution.json
2026-01-20T00:27:11.2231770Z 
2026-01-20T00:27:11.2231860Z ============================================================
2026-01-20T00:27:11.2232159Z 📊 EXECUTOR PERFORMANCE SUMMARY
2026-01-20T00:27:11.2232402Z ============================================================
2026-01-20T00:27:11.2232580Z 
2026-01-20T00:27:11.2232679Z 🎯 Execution Results:
2026-01-20T00:27:11.2232897Z    • Total Steps: 15
2026-01-20T00:27:11.2233138Z    • First-Attempt Success: 13 (86.7%)
2026-01-20T00:27:11.2233423Z    • Required AI Healing: 3 (20.0%)
2026-01-20T00:27:11.2233687Z    • Final Failures: 1 (6.7%)
2026-01-20T00:27:11.2233834Z 
2026-01-20T00:27:11.2233950Z 🛤️  Golden Path Effectiveness:
2026-01-20T00:27:11.2234214Z    • Steps with Mined Locators: 10
2026-01-20T00:27:11.2234484Z    • Golden Path Hits: 9 (90.0%)
2026-01-20T00:27:11.2234735Z    • Golden Path Misses: 1
2026-01-20T00:27:11.2234978Z    • Fallback Used (No Locators): 5
2026-01-20T00:27:11.2235138Z 
2026-01-20T00:27:11.2235238Z 📈 Overall Assessment:
2026-01-20T00:27:11.2235537Z    ✅ GOOD! Most steps following golden path successfully.
2026-01-20T00:27:11.2235766Z 
2026-01-20T00:27:11.2235881Z 🎯 vs Target (100% Flawless):
2026-01-20T00:27:11.2236122Z    📊 Gap: 13.3% from target
2026-01-20T00:27:11.2236677Z    💡 Recommendation: Review 1 golden path misses
2026-01-20T00:27:11.2237097Z    💡 Recommendation: Explorer needs to mine locators for 5 steps
2026-01-20T00:27:11.2237343Z 
2026-01-20T00:27:11.2237439Z ============================================================
2026-01-20T00:27:11.3314504Z 
2026-01-20T00:27:11.3315170Z [PHASE] Running Phase: DISCOVERY
2026-01-20T00:27:11.3319220Z    Command: /opt/hostedtoolcache/Python/3.11.14/x64/bin/python /home/runner/work/build_qa_automation/build_qa_automation/core/agents/discovery.py --project /home/runner/work/build_qa_automation/build_qa_automation/projects/ci_petstore_swagger --url https://petstore.swagger.io/ --deep
2026-01-20T00:27:11.3321401Z ✅ Phase 'discovery' completed successfully.
2026-01-20T00:27:11.3321718Z 
2026-01-20T00:27:11.3321894Z [PHASE] Running Phase: PLANNING
2026-01-20T00:27:11.3323804Z    Command: /opt/hostedtoolcache/Python/3.11.14/x64/bin/python /home/runner/work/build_qa_automation/build_qa_automation/core/agents/planner.py --project /home/runner/work/build_qa_automation/build_qa_automation/projects/ci_petstore_swagger --goal Test Swagger UI interactions --url https://petstore.swagger.io/ --deep
2026-01-20T00:27:11.3325856Z ✅ Phase 'planning' completed successfully.
2026-01-20T00:27:11.3326334Z 
2026-01-20T00:27:11.3326489Z [PHASE] Running Phase: EXPLORATION
2026-01-20T00:27:11.3328000Z    Command: /opt/hostedtoolcache/Python/3.11.14/x64/bin/python /home/runner/work/build_qa_automation/build_qa_automation/core/agents/deep_explorer.py --project /home/runner/work/build_qa_automation/build_qa_automation/projects/ci_petstore_swagger
2026-01-20T00:27:11.3329670Z ✅ Phase 'exploration' completed successfully.
2026-01-20T00:27:11.3330228Z 📊 Exploration Discovery Success Rate: 82.6%
2026-01-20T00:27:11.3330524Z 
2026-01-20T00:27:11.3330953Z [PHASE] Running Phase: EXECUTION
2026-01-20T00:27:11.3332622Z    Command: /opt/hostedtoolcache/Python/3.11.14/x64/bin/python /home/runner/work/build_qa_automation/build_qa_automation/core/agents/executor.py --project /home/runner/work/build_qa_automation/build_qa_automation/projects/ci_petstore_swagger
2026-01-20T00:27:11.3334204Z ✅ Phase 'execution' completed successfully.
2026-01-20T00:27:11.3334495Z 
2026-01-20T00:27:11.3334646Z [DONE] Pipeline Execution Finished! [DONE]
2026-01-20T00:27:11.4357658Z ##[group]Run RESULT_FILE="projects/ci_petstore_swagger/execution.json"
2026-01-20T00:27:11.4358197Z [36;1mRESULT_FILE="projects/ci_petstore_swagger/execution.json"[0m
2026-01-20T00:27:11.4358568Z [36;1mif [ -f "$RESULT_FILE" ]; then[0m
2026-01-20T00:27:11.4358903Z [36;1m  echo "✅ Results generated successfully: $RESULT_FILE"[0m
2026-01-20T00:27:11.4359346Z [36;1m  cat "$RESULT_FILE" | jq '.scenarios | length' || echo "Result file exists"[0m
2026-01-20T00:27:11.4359711Z [36;1melse[0m
2026-01-20T00:27:11.4359972Z [36;1m  echo "❌ No result file found at $RESULT_FILE"[0m
2026-01-20T00:27:11.4360258Z [36;1m  exit 1[0m
2026-01-20T00:27:11.4360432Z [36;1mfi[0m
2026-01-20T00:27:11.4392385Z shell: /usr/bin/bash -e {0}
2026-01-20T00:27:11.4392616Z env:
2026-01-20T00:27:11.4392859Z   pythonLocation: /opt/hostedtoolcache/Python/3.11.14/x64
2026-01-20T00:27:11.4393274Z   PKG_CONFIG_PATH: /opt/hostedtoolcache/Python/3.11.14/x64/lib/pkgconfig
2026-01-20T00:27:11.4393721Z   Python_ROOT_DIR: /opt/hostedtoolcache/Python/3.11.14/x64
2026-01-20T00:27:11.4394097Z   Python2_ROOT_DIR: /opt/hostedtoolcache/Python/3.11.14/x64
2026-01-20T00:27:11.4394471Z   Python3_ROOT_DIR: /opt/hostedtoolcache/Python/3.11.14/x64
2026-01-20T00:27:11.4394849Z   LD_LIBRARY_PATH: /opt/hostedtoolcache/Python/3.11.14/x64/lib
2026-01-20T00:27:11.4395154Z ##[endgroup]
2026-01-20T00:27:11.4450409Z ✅ Results generated successfully: projects/ci_petstore_swagger/execution.json
2026-01-20T00:27:11.4477464Z 3
2026-01-20T00:27:11.4554961Z ##[group]Run actions/upload-artifact@v4
2026-01-20T00:27:11.4555249Z with:
2026-01-20T00:27:11.4555453Z   name: petstore_swagger-execution-results
2026-01-20T00:27:11.4555910Z   path: projects/ci_petstore_swagger/execution.json
projects/ci_petstore_swagger/workflow.json

2026-01-20T00:27:11.4556613Z   retention-days: 30
2026-01-20T00:27:11.4556825Z   if-no-files-found: warn
2026-01-20T00:27:11.4557043Z   compression-level: 6
2026-01-20T00:27:11.4557239Z   overwrite: false
2026-01-20T00:27:11.4557428Z   include-hidden-files: false
2026-01-20T00:27:11.4557644Z env:
2026-01-20T00:27:11.4557875Z   pythonLocation: /opt/hostedtoolcache/Python/3.11.14/x64
2026-01-20T00:27:11.4558280Z   PKG_CONFIG_PATH: /opt/hostedtoolcache/Python/3.11.14/x64/lib/pkgconfig
2026-01-20T00:27:11.4558678Z   Python_ROOT_DIR: /opt/hostedtoolcache/Python/3.11.14/x64
2026-01-20T00:27:11.4559037Z   Python2_ROOT_DIR: /opt/hostedtoolcache/Python/3.11.14/x64
2026-01-20T00:27:11.4559428Z   Python3_ROOT_DIR: /opt/hostedtoolcache/Python/3.11.14/x64
2026-01-20T00:27:11.4559798Z   LD_LIBRARY_PATH: /opt/hostedtoolcache/Python/3.11.14/x64/lib
2026-01-20T00:27:11.4560093Z ##[endgroup]
2026-01-20T00:27:11.6734241Z Multiple search paths detected. Calculating the least common ancestor of all paths
2026-01-20T00:27:11.6739667Z The least common ancestor is /home/runner/work/build_qa_automation/build_qa_automation/projects/ci_petstore_swagger. This will be the root directory of the artifact
2026-01-20T00:27:11.6741101Z With the provided path, there will be 2 files uploaded
2026-01-20T00:27:11.6744288Z Artifact name is valid!
2026-01-20T00:27:11.6745530Z Root directory input is valid!
2026-01-20T00:27:11.7650013Z Beginning upload of artifact content to blob storage
2026-01-20T00:27:11.8397161Z Uploaded bytes 1962
2026-01-20T00:27:11.8614770Z Finished uploading artifact content to blob storage!
2026-01-20T00:27:11.8618802Z SHA256 digest of uploaded artifact zip is 2031d537e61788c39f9269c77682fd060510dc41f0be1ecfe63dc0be101ab98c
2026-01-20T00:27:11.8620638Z Finalizing artifact upload
2026-01-20T00:27:11.9665437Z Artifact petstore_swagger-execution-results.zip successfully finalized. Artifact ID 5183256642
2026-01-20T00:27:11.9667128Z Artifact petstore_swagger-execution-results has been successfully uploaded! Final size is 1962 bytes. Artifact ID is 5183256642
2026-01-20T00:27:11.9672961Z Artifact download URL: https://github.com/vishvasmca-cmd/build_qa_automation/actions/runs/21154472744/artifacts/5183256642
2026-01-20T00:27:11.9794829Z Post job cleanup.
2026-01-20T00:27:12.1300174Z Cache hit occurred on the primary key setup-python-Linux-x64-24.04-Ubuntu-python-3.11.14-pip-dde08d0e0b672972dcda9f1a063036a2e0c226f5d0a20362e9401931676d80a4, not saving cache.
2026-01-20T00:27:12.1423746Z Post job cleanup.
2026-01-20T00:27:12.2382297Z [command]/usr/bin/git version
2026-01-20T00:27:12.2434148Z git version 2.52.0
2026-01-20T00:27:12.2498391Z Temporarily overriding HOME='/home/runner/work/_temp/e2c91ca7-1bb1-4c7e-ab1e-6812facc8ef3' before making global git config changes
2026-01-20T00:27:12.2500464Z Adding repository directory to the temporary git global config as a safe directory
2026-01-20T00:27:12.2506735Z [command]/usr/bin/git config --global --add safe.directory /home/runner/work/build_qa_automation/build_qa_automation
2026-01-20T00:27:12.2549765Z [command]/usr/bin/git config --local --name-only --get-regexp core\.sshCommand
2026-01-20T00:27:12.2589370Z [command]/usr/bin/git submodule foreach --recursive sh -c "git config --local --name-only --get-regexp 'core\.sshCommand' && git config --local --unset-all 'core.sshCommand' || :"
2026-01-20T00:27:12.2847597Z [command]/usr/bin/git config --local --name-only --get-regexp http\.https\:\/\/github\.com\/\.extraheader
2026-01-20T00:27:12.2870159Z http.https://github.com/.extraheader
2026-01-20T00:27:12.2888162Z [command]/usr/bin/git config --local --unset-all http.https://github.com/.extraheader
2026-01-20T00:27:12.2930434Z [command]/usr/bin/git submodule foreach --recursive sh -c "git config --local --name-only --get-regexp 'http\.https\:\/\/github\.com\/\.extraheader' && git config --local --unset-all 'http.https://github.com/.extraheader' || :"
2026-01-20T00:27:12.3171798Z [command]/usr/bin/git config --local --name-only --get-regexp ^includeIf\.gitdir:
2026-01-20T00:27:12.3204372Z [command]/usr/bin/git submodule foreach --recursive git config --local --show-origin --name-only --get-regexp remote.origin.url
2026-01-20T00:27:12.3545303Z Cleaning up orphan processes
