2026-01-18T19:28:53.9280400Z Current runner version: '2.331.0'
2026-01-18T19:28:53.9303625Z ##[group]Runner Image Provisioner
2026-01-18T19:28:53.9304428Z Hosted Compute Agent
2026-01-18T19:28:53.9305071Z Version: 20251211.462
2026-01-18T19:28:53.9305719Z Commit: 6cbad8c2bb55d58165063d031ccabf57e2d2db61
2026-01-18T19:28:53.9306399Z Build Date: 2025-12-11T16:28:49Z
2026-01-18T19:28:53.9307120Z Worker ID: {f054182e-7ad3-4144-a02c-da94ecc423b9}
2026-01-18T19:28:53.9307859Z ##[endgroup]
2026-01-18T19:28:53.9308357Z ##[group]Operating System
2026-01-18T19:28:53.9308955Z Ubuntu
2026-01-18T19:28:53.9309449Z 24.04.3
2026-01-18T19:28:53.9310100Z LTS
2026-01-18T19:28:53.9310613Z ##[endgroup]
2026-01-18T19:28:53.9311132Z ##[group]Runner Image
2026-01-18T19:28:53.9311681Z Image: ubuntu-24.04
2026-01-18T19:28:53.9312150Z Version: 20260111.209.1
2026-01-18T19:28:53.9313250Z Included Software: https://github.com/actions/runner-images/blob/ubuntu24/20260111.209/images/ubuntu/Ubuntu2404-Readme.md
2026-01-18T19:28:53.9314793Z Image Release: https://github.com/actions/runner-images/releases/tag/ubuntu24%2F20260111.209
2026-01-18T19:28:53.9315874Z ##[endgroup]
2026-01-18T19:28:53.9316954Z ##[group]GITHUB_TOKEN Permissions
2026-01-18T19:28:53.9318854Z Contents: read
2026-01-18T19:28:53.9319385Z Metadata: read
2026-01-18T19:28:53.9320231Z Packages: read
2026-01-18T19:28:53.9320941Z ##[endgroup]
2026-01-18T19:28:53.9323373Z Secret source: Actions
2026-01-18T19:28:53.9324062Z Prepare workflow directory
2026-01-18T19:28:53.9655609Z Prepare all required actions
2026-01-18T19:28:53.9695279Z Getting action download info
2026-01-18T19:28:54.3903865Z Download action repository 'actions/checkout@v4' (SHA:34e114876b0b11c390a56381ad16ebd13914f8d5)
2026-01-18T19:28:54.4862218Z Download action repository 'actions/setup-python@v5' (SHA:a26af69be951a213d495a4c3e4e4022e16d87065)
2026-01-18T19:28:54.6256111Z Download action repository 'actions/upload-artifact@v4' (SHA:ea165f8d65b6e75b540449e92b4886f43607fa02)
2026-01-18T19:28:54.8478100Z Complete job name: test-websites-deep (petstore_swagger, https://petstore.swagger.io/, Test Swagger UI interactions)
2026-01-18T19:28:54.9195085Z ##[group]Run actions/checkout@v4
2026-01-18T19:28:54.9195938Z with:
2026-01-18T19:28:54.9196405Z   repository: vishvasmca-cmd/build_qa_automation
2026-01-18T19:28:54.9197161Z   token: ***
2026-01-18T19:28:54.9197550Z   ssh-strict: true
2026-01-18T19:28:54.9197956Z   ssh-user: git
2026-01-18T19:28:54.9198364Z   persist-credentials: true
2026-01-18T19:28:54.9198821Z   clean: true
2026-01-18T19:28:54.9199230Z   sparse-checkout-cone-mode: true
2026-01-18T19:28:54.9199881Z   fetch-depth: 1
2026-01-18T19:28:54.9200295Z   fetch-tags: false
2026-01-18T19:28:54.9200711Z   show-progress: true
2026-01-18T19:28:54.9201122Z   lfs: false
2026-01-18T19:28:54.9201505Z   submodules: false
2026-01-18T19:28:54.9201916Z   set-safe-directory: true
2026-01-18T19:28:54.9202619Z ##[endgroup]
2026-01-18T19:28:55.0357881Z Syncing repository: vishvasmca-cmd/build_qa_automation
2026-01-18T19:28:55.0359877Z ##[group]Getting Git version info
2026-01-18T19:28:55.0360776Z Working directory is '/home/runner/work/build_qa_automation/build_qa_automation'
2026-01-18T19:28:55.0361835Z [command]/usr/bin/git version
2026-01-18T19:28:55.0474514Z git version 2.52.0
2026-01-18T19:28:55.0500920Z ##[endgroup]
2026-01-18T19:28:55.0515737Z Temporarily overriding HOME='/home/runner/work/_temp/6fe5c5cb-e7de-46e9-bf76-1abb859194ba' before making global git config changes
2026-01-18T19:28:55.0517233Z Adding repository directory to the temporary git global config as a safe directory
2026-01-18T19:28:55.0529042Z [command]/usr/bin/git config --global --add safe.directory /home/runner/work/build_qa_automation/build_qa_automation
2026-01-18T19:28:55.0572491Z Deleting the contents of '/home/runner/work/build_qa_automation/build_qa_automation'
2026-01-18T19:28:55.0576294Z ##[group]Initializing the repository
2026-01-18T19:28:55.0580794Z [command]/usr/bin/git init /home/runner/work/build_qa_automation/build_qa_automation
2026-01-18T19:28:55.0707947Z hint: Using 'master' as the name for the initial branch. This default branch name
2026-01-18T19:28:55.0709359Z hint: will change to "main" in Git 3.0. To configure the initial branch name
2026-01-18T19:28:55.0710522Z hint: to use in all of your new repositories, which will suppress this warning,
2026-01-18T19:28:55.0711236Z hint: call:
2026-01-18T19:28:55.0711597Z hint:
2026-01-18T19:28:55.0712082Z hint: 	git config --global init.defaultBranch <name>
2026-01-18T19:28:55.0712692Z hint:
2026-01-18T19:28:55.0713563Z hint: Names commonly chosen instead of 'master' are 'main', 'trunk' and
2026-01-18T19:28:55.0714673Z hint: 'development'. The just-created branch can be renamed via this command:
2026-01-18T19:28:55.0715377Z hint:
2026-01-18T19:28:55.0715752Z hint: 	git branch -m <name>
2026-01-18T19:28:55.0716220Z hint:
2026-01-18T19:28:55.0716798Z hint: Disable this message with "git config set advice.defaultBranchName false"
2026-01-18T19:28:55.0717870Z Initialized empty Git repository in /home/runner/work/build_qa_automation/build_qa_automation/.git/
2026-01-18T19:28:55.0725393Z [command]/usr/bin/git remote add origin https://github.com/vishvasmca-cmd/build_qa_automation
2026-01-18T19:28:55.0760473Z ##[endgroup]
2026-01-18T19:28:55.0761232Z ##[group]Disabling automatic garbage collection
2026-01-18T19:28:55.0764540Z [command]/usr/bin/git config --local gc.auto 0
2026-01-18T19:28:55.0792457Z ##[endgroup]
2026-01-18T19:28:55.0793121Z ##[group]Setting up auth
2026-01-18T19:28:55.0799351Z [command]/usr/bin/git config --local --name-only --get-regexp core\.sshCommand
2026-01-18T19:28:55.0828888Z [command]/usr/bin/git submodule foreach --recursive sh -c "git config --local --name-only --get-regexp 'core\.sshCommand' && git config --local --unset-all 'core.sshCommand' || :"
2026-01-18T19:28:55.1189047Z [command]/usr/bin/git config --local --name-only --get-regexp http\.https\:\/\/github\.com\/\.extraheader
2026-01-18T19:28:55.1220588Z [command]/usr/bin/git submodule foreach --recursive sh -c "git config --local --name-only --get-regexp 'http\.https\:\/\/github\.com\/\.extraheader' && git config --local --unset-all 'http.https://github.com/.extraheader' || :"
2026-01-18T19:28:55.1440081Z [command]/usr/bin/git config --local --name-only --get-regexp ^includeIf\.gitdir:
2026-01-18T19:28:55.1468673Z [command]/usr/bin/git submodule foreach --recursive git config --local --show-origin --name-only --get-regexp remote.origin.url
2026-01-18T19:28:55.1704663Z [command]/usr/bin/git config --local http.https://github.com/.extraheader AUTHORIZATION: basic ***
2026-01-18T19:28:55.1738444Z ##[endgroup]
2026-01-18T19:28:55.1739243Z ##[group]Fetching the repository
2026-01-18T19:28:55.1747796Z [command]/usr/bin/git -c protocol.version=2 fetch --no-tags --prune --no-recurse-submodules --depth=1 origin +c9fb31d387d3134fb416430b3b3a9e89b3921439:refs/remotes/origin/main
2026-01-18T19:28:56.2392956Z From https://github.com/vishvasmca-cmd/build_qa_automation
2026-01-18T19:28:56.2394917Z  * [new ref]         c9fb31d387d3134fb416430b3b3a9e89b3921439 -> origin/main
2026-01-18T19:28:56.2435765Z ##[endgroup]
2026-01-18T19:28:56.2437141Z ##[group]Determining the checkout info
2026-01-18T19:28:56.2438912Z ##[endgroup]
2026-01-18T19:28:56.2445936Z [command]/usr/bin/git sparse-checkout disable
2026-01-18T19:28:56.2491952Z [command]/usr/bin/git config --local --unset-all extensions.worktreeConfig
2026-01-18T19:28:56.2521267Z ##[group]Checking out the ref
2026-01-18T19:28:56.2525472Z [command]/usr/bin/git checkout --progress --force -B main refs/remotes/origin/main
2026-01-18T19:28:56.3501518Z Switched to a new branch 'main'
2026-01-18T19:28:56.3502699Z branch 'main' set up to track 'origin/main'.
2026-01-18T19:28:56.3520181Z ##[endgroup]
2026-01-18T19:28:56.3558288Z [command]/usr/bin/git log -1 --format=%H
2026-01-18T19:28:56.3581630Z c9fb31d387d3134fb416430b3b3a9e89b3921439
2026-01-18T19:28:56.3895047Z ##[group]Run actions/setup-python@v5
2026-01-18T19:28:56.3896213Z with:
2026-01-18T19:28:56.3897031Z   python-version: 3.11
2026-01-18T19:28:56.3897955Z   cache: pip
2026-01-18T19:28:56.3899031Z   check-latest: false
2026-01-18T19:28:56.3900402Z   token: ***
2026-01-18T19:28:56.3901271Z   update-environment: true
2026-01-18T19:28:56.3902282Z   allow-prereleases: false
2026-01-18T19:28:56.3903270Z   freethreaded: false
2026-01-18T19:28:56.3904169Z ##[endgroup]
2026-01-18T19:28:56.5573999Z ##[group]Installed versions
2026-01-18T19:28:56.5690478Z Successfully set up CPython (3.11.14)
2026-01-18T19:28:56.5691545Z ##[endgroup]
2026-01-18T19:28:56.6202521Z [command]/opt/hostedtoolcache/Python/3.11.14/x64/bin/pip cache dir
2026-01-18T19:28:57.8939186Z /home/runner/.cache/pip
2026-01-18T19:28:58.1710464Z Cache hit for: setup-python-Linux-x64-24.04-Ubuntu-python-3.11.14-pip-dde08d0e0b672972dcda9f1a063036a2e0c226f5d0a20362e9401931676d80a4
2026-01-18T19:28:59.4906720Z Received 0 of 254742636 (0.0%), 0.0 MBs/sec
2026-01-18T19:29:00.4916261Z Received 125829120 of 254742636 (49.4%), 60.0 MBs/sec
2026-01-18T19:29:01.5522579Z Received 254742636 of 254742636 (100.0%), 79.4 MBs/sec
2026-01-18T19:29:01.5524403Z Cache Size: ~243 MB (254742636 B)
2026-01-18T19:29:01.5650341Z [command]/usr/bin/tar -xf /home/runner/work/_temp/95d2c2e2-25ab-4f7c-98d6-821d18731d51/cache.tzst -P -C /home/runner/work/build_qa_automation/build_qa_automation --use-compress-program unzstd
2026-01-18T19:29:01.9623517Z Cache restored successfully
2026-01-18T19:29:02.0113361Z Cache restored from key: setup-python-Linux-x64-24.04-Ubuntu-python-3.11.14-pip-dde08d0e0b672972dcda9f1a063036a2e0c226f5d0a20362e9401931676d80a4
2026-01-18T19:29:02.0337169Z ##[group]Run pip install -r requirements.txt
2026-01-18T19:29:02.0337629Z [36;1mpip install -r requirements.txt[0m
2026-01-18T19:29:02.0337937Z [36;1mplaywright install chromium[0m
2026-01-18T19:29:02.0377754Z shell: /usr/bin/bash -e {0}
2026-01-18T19:29:02.0378013Z env:
2026-01-18T19:29:02.0378290Z   pythonLocation: /opt/hostedtoolcache/Python/3.11.14/x64
2026-01-18T19:29:02.0378753Z   PKG_CONFIG_PATH: /opt/hostedtoolcache/Python/3.11.14/x64/lib/pkgconfig
2026-01-18T19:29:02.0379186Z   Python_ROOT_DIR: /opt/hostedtoolcache/Python/3.11.14/x64
2026-01-18T19:29:02.0379584Z   Python2_ROOT_DIR: /opt/hostedtoolcache/Python/3.11.14/x64
2026-01-18T19:29:02.0380262Z   Python3_ROOT_DIR: /opt/hostedtoolcache/Python/3.11.14/x64
2026-01-18T19:29:02.0380665Z   LD_LIBRARY_PATH: /opt/hostedtoolcache/Python/3.11.14/x64/lib
2026-01-18T19:29:02.0380981Z ##[endgroup]
2026-01-18T19:29:03.0079576Z Collecting playwright (from -r requirements.txt (line 1))
2026-01-18T19:29:03.0097169Z   Using cached playwright-1.57.0-py3-none-manylinux1_x86_64.whl.metadata (3.5 kB)
2026-01-18T19:29:03.0247736Z Collecting python-dotenv (from -r requirements.txt (line 2))
2026-01-18T19:29:03.0263289Z   Using cached python_dotenv-1.2.1-py3-none-any.whl.metadata (25 kB)
2026-01-18T19:29:03.0515036Z Collecting requests (from -r requirements.txt (line 3))
2026-01-18T19:29:03.0530951Z   Using cached requests-2.32.5-py3-none-any.whl.metadata (4.9 kB)
2026-01-18T19:29:03.2218408Z Collecting pillow (from -r requirements.txt (line 4))
2026-01-18T19:29:03.2235809Z   Using cached pillow-12.1.0-cp311-cp311-manylinux_2_27_x86_64.manylinux_2_28_x86_64.whl.metadata (8.8 kB)
2026-01-18T19:29:03.2473610Z Collecting google-genai>=0.3.0 (from -r requirements.txt (line 5))
2026-01-18T19:29:03.2486458Z   Using cached google_genai-1.59.0-py3-none-any.whl.metadata (53 kB)
2026-01-18T19:29:03.2627191Z Collecting termcolor (from -r requirements.txt (line 6))
2026-01-18T19:29:03.2640184Z   Using cached termcolor-3.3.0-py3-none-any.whl.metadata (6.5 kB)
2026-01-18T19:29:03.3045461Z Collecting PyYAML (from -r requirements.txt (line 7))
2026-01-18T19:29:03.3060700Z   Using cached pyyaml-6.0.3-cp311-cp311-manylinux2014_x86_64.manylinux_2_17_x86_64.manylinux_2_28_x86_64.whl.metadata (2.4 kB)
2026-01-18T19:29:03.3607880Z Collecting opencv-python-headless (from -r requirements.txt (line 8))
2026-01-18T19:29:03.3624208Z   Using cached opencv_python_headless-4.13.0.90-cp37-abi3-manylinux_2_28_x86_64.whl.metadata (19 kB)
2026-01-18T19:29:03.5557108Z Collecting numpy (from -r requirements.txt (line 9))
2026-01-18T19:29:03.5572486Z   Using cached numpy-2.4.1-cp311-cp311-manylinux_2_27_x86_64.manylinux_2_28_x86_64.whl.metadata (6.6 kB)
2026-01-18T19:29:03.6338521Z Collecting faker (from -r requirements.txt (line 10))
2026-01-18T19:29:03.6353441Z   Using cached faker-40.1.2-py3-none-any.whl.metadata (16 kB)
2026-01-18T19:29:03.6494802Z Collecting pyee<14,>=13 (from playwright->-r requirements.txt (line 1))
2026-01-18T19:29:03.6507675Z   Using cached pyee-13.0.0-py3-none-any.whl.metadata (2.9 kB)
2026-01-18T19:29:03.7680538Z Collecting greenlet<4.0.0,>=3.1.1 (from playwright->-r requirements.txt (line 1))
2026-01-18T19:29:03.7696384Z   Using cached greenlet-3.3.0-cp311-cp311-manylinux_2_24_x86_64.manylinux_2_28_x86_64.whl.metadata (4.1 kB)
2026-01-18T19:29:03.7867571Z Collecting typing-extensions (from pyee<14,>=13->playwright->-r requirements.txt (line 1))
2026-01-18T19:29:03.7881848Z   Using cached typing_extensions-4.15.0-py3-none-any.whl.metadata (3.3 kB)
2026-01-18T19:29:03.8653905Z Collecting charset_normalizer<4,>=2 (from requests->-r requirements.txt (line 3))
2026-01-18T19:29:03.8670164Z   Using cached charset_normalizer-3.4.4-cp311-cp311-manylinux2014_x86_64.manylinux_2_17_x86_64.manylinux_2_28_x86_64.whl.metadata (37 kB)
2026-01-18T19:29:03.8802817Z Collecting idna<4,>=2.5 (from requests->-r requirements.txt (line 3))
2026-01-18T19:29:03.8816692Z   Using cached idna-3.11-py3-none-any.whl.metadata (8.4 kB)
2026-01-18T19:29:03.9070262Z Collecting urllib3<3,>=1.21.1 (from requests->-r requirements.txt (line 3))
2026-01-18T19:29:03.9089012Z   Using cached urllib3-2.6.3-py3-none-any.whl.metadata (6.9 kB)
2026-01-18T19:29:03.9266016Z Collecting certifi>=2017.4.17 (from requests->-r requirements.txt (line 3))
2026-01-18T19:29:03.9279661Z   Using cached certifi-2026.1.4-py3-none-any.whl.metadata (2.5 kB)
2026-01-18T19:29:03.9452386Z Collecting anyio<5.0.0,>=4.8.0 (from google-genai>=0.3.0->-r requirements.txt (line 5))
2026-01-18T19:29:03.9465974Z   Using cached anyio-4.12.1-py3-none-any.whl.metadata (4.3 kB)
2026-01-18T19:29:03.9827905Z Collecting google-auth<3.0.0,>=2.47.0 (from google-auth[requests]<3.0.0,>=2.47.0->google-genai>=0.3.0->-r requirements.txt (line 5))
2026-01-18T19:29:03.9842943Z   Using cached google_auth-2.47.0-py3-none-any.whl.metadata (6.4 kB)
2026-01-18T19:29:04.0056461Z Collecting httpx<1.0.0,>=0.28.1 (from google-genai>=0.3.0->-r requirements.txt (line 5))
2026-01-18T19:29:04.0069286Z   Using cached httpx-0.28.1-py3-none-any.whl.metadata (7.1 kB)
2026-01-18T19:29:04.1428362Z Collecting pydantic<3.0.0,>=2.9.0 (from google-genai>=0.3.0->-r requirements.txt (line 5))
2026-01-18T19:29:04.1443182Z   Using cached pydantic-2.12.5-py3-none-any.whl.metadata (90 kB)
2026-01-18T19:29:04.1710703Z Collecting tenacity<9.2.0,>=8.2.3 (from google-genai>=0.3.0->-r requirements.txt (line 5))
2026-01-18T19:29:04.1724351Z   Using cached tenacity-9.1.2-py3-none-any.whl.metadata (1.2 kB)
2026-01-18T19:29:04.2548752Z Collecting websockets<15.1.0,>=13.0.0 (from google-genai>=0.3.0->-r requirements.txt (line 5))
2026-01-18T19:29:04.2565642Z   Using cached websockets-15.0.1-cp311-cp311-manylinux_2_5_x86_64.manylinux1_x86_64.manylinux_2_17_x86_64.manylinux2014_x86_64.whl.metadata (6.8 kB)
2026-01-18T19:29:04.3284366Z Collecting distro<2,>=1.7.0 (from google-genai>=0.3.0->-r requirements.txt (line 5))
2026-01-18T19:29:04.3297908Z   Using cached distro-1.9.0-py3-none-any.whl.metadata (6.8 kB)
2026-01-18T19:29:04.3575006Z Collecting sniffio (from google-genai>=0.3.0->-r requirements.txt (line 5))
2026-01-18T19:29:04.3589276Z   Using cached sniffio-1.3.1-py3-none-any.whl.metadata (3.9 kB)
2026-01-18T19:29:04.3912828Z Collecting pyasn1-modules>=0.2.1 (from google-auth<3.0.0,>=2.47.0->google-auth[requests]<3.0.0,>=2.47.0->google-genai>=0.3.0->-r requirements.txt (line 5))
2026-01-18T19:29:04.3926421Z   Using cached pyasn1_modules-0.4.2-py3-none-any.whl.metadata (3.5 kB)
2026-01-18T19:29:04.4051906Z Collecting rsa<5,>=3.1.4 (from google-auth<3.0.0,>=2.47.0->google-auth[requests]<3.0.0,>=2.47.0->google-genai>=0.3.0->-r requirements.txt (line 5))
2026-01-18T19:29:04.4065427Z   Using cached rsa-4.9.1-py3-none-any.whl.metadata (5.6 kB)
2026-01-18T19:29:04.4360742Z Collecting httpcore==1.* (from httpx<1.0.0,>=0.28.1->google-genai>=0.3.0->-r requirements.txt (line 5))
2026-01-18T19:29:04.4374016Z   Using cached httpcore-1.0.9-py3-none-any.whl.metadata (21 kB)
2026-01-18T19:29:04.4487134Z Collecting h11>=0.16 (from httpcore==1.*->httpx<1.0.0,>=0.28.1->google-genai>=0.3.0->-r requirements.txt (line 5))
2026-01-18T19:29:04.4500110Z   Using cached h11-0.16.0-py3-none-any.whl.metadata (8.3 kB)
2026-01-18T19:29:04.4585361Z Collecting annotated-types>=0.6.0 (from pydantic<3.0.0,>=2.9.0->google-genai>=0.3.0->-r requirements.txt (line 5))
2026-01-18T19:29:04.4598629Z   Using cached annotated_types-0.7.0-py3-none-any.whl.metadata (15 kB)
2026-01-18T19:29:05.1027000Z Collecting pydantic-core==2.41.5 (from pydantic<3.0.0,>=2.9.0->google-genai>=0.3.0->-r requirements.txt (line 5))
2026-01-18T19:29:05.1042401Z   Using cached pydantic_core-2.41.5-cp311-cp311-manylinux_2_17_x86_64.manylinux2014_x86_64.whl.metadata (7.3 kB)
2026-01-18T19:29:05.1151786Z Collecting typing-inspection>=0.4.2 (from pydantic<3.0.0,>=2.9.0->google-genai>=0.3.0->-r requirements.txt (line 5))
2026-01-18T19:29:05.1165294Z   Using cached typing_inspection-0.4.2-py3-none-any.whl.metadata (2.6 kB)
2026-01-18T19:29:05.1817375Z Collecting pyasn1>=0.1.3 (from rsa<5,>=3.1.4->google-auth<3.0.0,>=2.47.0->google-auth[requests]<3.0.0,>=2.47.0->google-genai>=0.3.0->-r requirements.txt (line 5))
2026-01-18T19:29:05.1831698Z   Using cached pyasn1-0.6.2-py3-none-any.whl.metadata (8.4 kB)
2026-01-18T19:29:05.2089145Z Using cached playwright-1.57.0-py3-none-manylinux1_x86_64.whl (46.0 MB)
2026-01-18T19:29:05.2422785Z Using cached greenlet-3.3.0-cp311-cp311-manylinux_2_24_x86_64.manylinux_2_28_x86_64.whl (590 kB)
2026-01-18T19:29:05.2438390Z Using cached pyee-13.0.0-py3-none-any.whl (15 kB)
2026-01-18T19:29:05.2451369Z Using cached python_dotenv-1.2.1-py3-none-any.whl (21 kB)
2026-01-18T19:29:05.2464031Z Using cached requests-2.32.5-py3-none-any.whl (64 kB)
2026-01-18T19:29:05.2477676Z Using cached charset_normalizer-3.4.4-cp311-cp311-manylinux2014_x86_64.manylinux_2_17_x86_64.manylinux_2_28_x86_64.whl (151 kB)
2026-01-18T19:29:05.2491198Z Using cached idna-3.11-py3-none-any.whl (71 kB)
2026-01-18T19:29:05.2503687Z Using cached urllib3-2.6.3-py3-none-any.whl (131 kB)
2026-01-18T19:29:05.2517458Z Using cached pillow-12.1.0-cp311-cp311-manylinux_2_27_x86_64.manylinux_2_28_x86_64.whl (7.0 MB)
2026-01-18T19:29:05.2578874Z Using cached google_genai-1.59.0-py3-none-any.whl (719 kB)
2026-01-18T19:29:05.2596595Z Using cached anyio-4.12.1-py3-none-any.whl (113 kB)
2026-01-18T19:29:05.2609861Z Using cached distro-1.9.0-py3-none-any.whl (20 kB)
2026-01-18T19:29:05.2622592Z Using cached google_auth-2.47.0-py3-none-any.whl (234 kB)
2026-01-18T19:29:05.2636427Z Using cached httpx-0.28.1-py3-none-any.whl (73 kB)
2026-01-18T19:29:05.2649212Z Using cached httpcore-1.0.9-py3-none-any.whl (78 kB)
2026-01-18T19:29:05.2662454Z Using cached pydantic-2.12.5-py3-none-any.whl (463 kB)
2026-01-18T19:29:05.2678428Z Using cached pydantic_core-2.41.5-cp311-cp311-manylinux_2_17_x86_64.manylinux2014_x86_64.whl (2.1 MB)
2026-01-18T19:29:05.2705006Z Using cached rsa-4.9.1-py3-none-any.whl (34 kB)
2026-01-18T19:29:05.2717490Z Using cached tenacity-9.1.2-py3-none-any.whl (28 kB)
2026-01-18T19:29:05.2730146Z Using cached typing_extensions-4.15.0-py3-none-any.whl (44 kB)
2026-01-18T19:29:05.2743378Z Using cached websockets-15.0.1-cp311-cp311-manylinux_2_5_x86_64.manylinux1_x86_64.manylinux_2_17_x86_64.manylinux2014_x86_64.whl (182 kB)
2026-01-18T19:29:05.2756542Z Using cached termcolor-3.3.0-py3-none-any.whl (7.7 kB)
2026-01-18T19:29:05.2770880Z Using cached pyyaml-6.0.3-cp311-cp311-manylinux2014_x86_64.manylinux_2_17_x86_64.manylinux_2_28_x86_64.whl (806 kB)
2026-01-18T19:29:05.2789614Z Using cached opencv_python_headless-4.13.0.90-cp37-abi3-manylinux_2_28_x86_64.whl (62.5 MB)
2026-01-18T19:29:05.3245011Z Using cached numpy-2.4.1-cp311-cp311-manylinux_2_27_x86_64.manylinux_2_28_x86_64.whl (16.7 MB)
2026-01-18T19:29:05.3376764Z Using cached faker-40.1.2-py3-none-any.whl (2.0 MB)
2026-01-18T19:29:05.3404237Z Using cached annotated_types-0.7.0-py3-none-any.whl (13 kB)
2026-01-18T19:29:05.3417275Z Using cached certifi-2026.1.4-py3-none-any.whl (152 kB)
2026-01-18T19:29:05.3431798Z Using cached h11-0.16.0-py3-none-any.whl (37 kB)
2026-01-18T19:29:05.3444805Z Using cached pyasn1-0.6.2-py3-none-any.whl (83 kB)
2026-01-18T19:29:05.3458041Z Using cached pyasn1_modules-0.4.2-py3-none-any.whl (181 kB)
2026-01-18T19:29:05.3472175Z Using cached typing_inspection-0.4.2-py3-none-any.whl (14 kB)
2026-01-18T19:29:05.3485401Z Using cached sniffio-1.3.1-py3-none-any.whl (10 kB)
2026-01-18T19:29:05.5614153Z Installing collected packages: websockets, urllib3, typing-extensions, termcolor, tenacity, sniffio, PyYAML, python-dotenv, pyasn1, pillow, numpy, idna, h11, greenlet, faker, distro, charset_normalizer, certifi, annotated-types, typing-inspection, rsa, requests, pyee, pydantic-core, pyasn1-modules, opencv-python-headless, httpcore, anyio, pydantic, playwright, httpx, google-auth, google-genai
2026-01-18T19:29:12.4236005Z 
2026-01-18T19:29:12.4259228Z Successfully installed PyYAML-6.0.3 annotated-types-0.7.0 anyio-4.12.1 certifi-2026.1.4 charset_normalizer-3.4.4 distro-1.9.0 faker-40.1.2 google-auth-2.47.0 google-genai-1.59.0 greenlet-3.3.0 h11-0.16.0 httpcore-1.0.9 httpx-0.28.1 idna-3.11 numpy-2.4.1 opencv-python-headless-4.13.0.90 pillow-12.1.0 playwright-1.57.0 pyasn1-0.6.2 pyasn1-modules-0.4.2 pydantic-2.12.5 pydantic-core-2.41.5 pyee-13.0.0 python-dotenv-1.2.1 requests-2.32.5 rsa-4.9.1 sniffio-1.3.1 tenacity-9.1.2 termcolor-3.3.0 typing-extensions-4.15.0 typing-inspection-0.4.2 urllib3-2.6.3 websockets-15.0.1
2026-01-18T19:29:13.1386743Z Downloading Chromium 143.0.7499.4 (playwright build v1200) from https://cdn.playwright.dev/dbazure/download/playwright/builds/chromium/1200/chromium-linux.zip
2026-01-18T19:29:13.2388677Z (node:2204) [DEP0169] DeprecationWarning: `url.parse()` behavior is not standardized and prone to errors that have security implications. Use the WHATWG URL API instead. CVEs are not issued for `url.parse()` vulnerabilities.
2026-01-18T19:29:13.2390253Z (Use `node --trace-deprecation ...` to show where the warning was created)
2026-01-18T19:29:13.3373956Z |                                                                                |   0% of 164.7 MiB
2026-01-18T19:29:13.5027627Z |■■■■■■■■                                                                        |  10% of 164.7 MiB
2026-01-18T19:29:13.6481520Z |■■■■■■■■■■■■■■■■                                                                |  20% of 164.7 MiB
2026-01-18T19:29:13.7821493Z |■■■■■■■■■■■■■■■■■■■■■■■■                                                        |  30% of 164.7 MiB
2026-01-18T19:29:13.9066887Z |■■■■■■■■■■■■■■■■■■■■■■■■■■■■■■■■                                                |  40% of 164.7 MiB
2026-01-18T19:29:14.0413161Z |■■■■■■■■■■■■■■■■■■■■■■■■■■■■■■■■■■■■■■■■                                        |  50% of 164.7 MiB
2026-01-18T19:29:14.1764864Z |■■■■■■■■■■■■■■■■■■■■■■■■■■■■■■■■■■■■■■■■■■■■■■■■                                |  60% of 164.7 MiB
2026-01-18T19:29:14.3120396Z |■■■■■■■■■■■■■■■■■■■■■■■■■■■■■■■■■■■■■■■■■■■■■■■■■■■■■■■■                        |  70% of 164.7 MiB
2026-01-18T19:29:14.4724342Z |■■■■■■■■■■■■■■■■■■■■■■■■■■■■■■■■■■■■■■■■■■■■■■■■■■■■■■■■■■■■■■■■                |  80% of 164.7 MiB
2026-01-18T19:29:14.5990475Z |■■■■■■■■■■■■■■■■■■■■■■■■■■■■■■■■■■■■■■■■■■■■■■■■■■■■■■■■■■■■■■■■■■■■■■■■        |  90% of 164.7 MiB
2026-01-18T19:29:14.7433168Z |■■■■■■■■■■■■■■■■■■■■■■■■■■■■■■■■■■■■■■■■■■■■■■■■■■■■■■■■■■■■■■■■■■■■■■■■■■■■■■■■| 100% of 164.7 MiB
2026-01-18T19:29:17.1192031Z Chromium 143.0.7499.4 (playwright build v1200) downloaded to /home/runner/.cache/ms-playwright/chromium-1200
2026-01-18T19:29:17.1196257Z Downloading FFMPEG playwright build v1011 from https://cdn.playwright.dev/dbazure/download/playwright/builds/ffmpeg/1011/ffmpeg-linux.zip
2026-01-18T19:29:17.2167312Z (node:2215) [DEP0169] DeprecationWarning: `url.parse()` behavior is not standardized and prone to errors that have security implications. Use the WHATWG URL API instead. CVEs are not issued for `url.parse()` vulnerabilities.
2026-01-18T19:29:17.2168765Z (Use `node --trace-deprecation ...` to show where the warning was created)
2026-01-18T19:29:17.2595274Z |                                                                                |   0% of 2.3 MiB
2026-01-18T19:29:17.2627348Z |■■■■■■■■                                                                        |  10% of 2.3 MiB
2026-01-18T19:29:17.2651308Z |■■■■■■■■■■■■■■■■                                                                |  20% of 2.3 MiB
2026-01-18T19:29:17.2673640Z |■■■■■■■■■■■■■■■■■■■■■■■■                                                        |  30% of 2.3 MiB
2026-01-18T19:29:17.2691041Z |■■■■■■■■■■■■■■■■■■■■■■■■■■■■■■■■                                                |  40% of 2.3 MiB
2026-01-18T19:29:17.2711836Z |■■■■■■■■■■■■■■■■■■■■■■■■■■■■■■■■■■■■■■■■                                        |  50% of 2.3 MiB
2026-01-18T19:29:17.2721619Z |■■■■■■■■■■■■■■■■■■■■■■■■■■■■■■■■■■■■■■■■■■■■■■■■                                |  60% of 2.3 MiB
2026-01-18T19:29:17.2736964Z |■■■■■■■■■■■■■■■■■■■■■■■■■■■■■■■■■■■■■■■■■■■■■■■■■■■■■■■■                        |  70% of 2.3 MiB
2026-01-18T19:29:17.2751667Z |■■■■■■■■■■■■■■■■■■■■■■■■■■■■■■■■■■■■■■■■■■■■■■■■■■■■■■■■■■■■■■■■                |  80% of 2.3 MiB
2026-01-18T19:29:17.2766531Z |■■■■■■■■■■■■■■■■■■■■■■■■■■■■■■■■■■■■■■■■■■■■■■■■■■■■■■■■■■■■■■■■■■■■■■■■        |  90% of 2.3 MiB
2026-01-18T19:29:17.2777732Z |■■■■■■■■■■■■■■■■■■■■■■■■■■■■■■■■■■■■■■■■■■■■■■■■■■■■■■■■■■■■■■■■■■■■■■■■■■■■■■■■| 100% of 2.3 MiB
2026-01-18T19:29:17.3320579Z FFMPEG playwright build v1011 downloaded to /home/runner/.cache/ms-playwright/ffmpeg-1011
2026-01-18T19:29:17.3324243Z Downloading Chromium Headless Shell 143.0.7499.4 (playwright build v1200) from https://cdn.playwright.dev/dbazure/download/playwright/builds/chromium/1200/chromium-headless-shell-linux.zip
2026-01-18T19:29:17.4286608Z (node:2226) [DEP0169] DeprecationWarning: `url.parse()` behavior is not standardized and prone to errors that have security implications. Use the WHATWG URL API instead. CVEs are not issued for `url.parse()` vulnerabilities.
2026-01-18T19:29:17.4287888Z (Use `node --trace-deprecation ...` to show where the warning was created)
2026-01-18T19:29:17.5360337Z |                                                                                |   0% of 109.7 MiB
2026-01-18T19:29:17.6579035Z |■■■■■■■■                                                                        |  10% of 109.7 MiB
2026-01-18T19:29:17.7424191Z |■■■■■■■■■■■■■■■■                                                                |  20% of 109.7 MiB
2026-01-18T19:29:17.8162270Z |■■■■■■■■■■■■■■■■■■■■■■■■                                                        |  30% of 109.7 MiB
2026-01-18T19:29:17.9034364Z |■■■■■■■■■■■■■■■■■■■■■■■■■■■■■■■■                                                |  40% of 109.7 MiB
2026-01-18T19:29:18.0051058Z |■■■■■■■■■■■■■■■■■■■■■■■■■■■■■■■■■■■■■■■■                                        |  50% of 109.7 MiB
2026-01-18T19:29:18.0848346Z |■■■■■■■■■■■■■■■■■■■■■■■■■■■■■■■■■■■■■■■■■■■■■■■■                                |  60% of 109.7 MiB
2026-01-18T19:29:18.1754587Z |■■■■■■■■■■■■■■■■■■■■■■■■■■■■■■■■■■■■■■■■■■■■■■■■■■■■■■■■                        |  70% of 109.7 MiB
2026-01-18T19:29:18.2630700Z |■■■■■■■■■■■■■■■■■■■■■■■■■■■■■■■■■■■■■■■■■■■■■■■■■■■■■■■■■■■■■■■■                |  80% of 109.7 MiB
2026-01-18T19:29:18.3387335Z |■■■■■■■■■■■■■■■■■■■■■■■■■■■■■■■■■■■■■■■■■■■■■■■■■■■■■■■■■■■■■■■■■■■■■■■■        |  90% of 109.7 MiB
2026-01-18T19:29:18.4133047Z |■■■■■■■■■■■■■■■■■■■■■■■■■■■■■■■■■■■■■■■■■■■■■■■■■■■■■■■■■■■■■■■■■■■■■■■■■■■■■■■■| 100% of 109.7 MiB
2026-01-18T19:29:20.2194210Z Chromium Headless Shell 143.0.7499.4 (playwright build v1200) downloaded to /home/runner/.cache/ms-playwright/chromium_headless_shell-1200
2026-01-18T19:29:20.2420477Z ##[group]Run mkdir -p projects/ci_petstore_swagger
2026-01-18T19:29:20.2420931Z [36;1mmkdir -p projects/ci_petstore_swagger[0m
2026-01-18T19:29:20.2421314Z [36;1mcat > projects/ci_petstore_swagger/config.json << 'EOF'[0m
2026-01-18T19:29:20.2421639Z [36;1m{[0m
2026-01-18T19:29:20.2421855Z [36;1m  "project_name": "ci_petstore_swagger",[0m
2026-01-18T19:29:20.2422214Z [36;1m  "target_url": "https://petstore.swagger.io/",[0m
2026-01-18T19:29:20.2422557Z [36;1m  "goal": "Test Swagger UI interactions",[0m
2026-01-18T19:29:20.2422855Z [36;1m  "headless": true[0m
2026-01-18T19:29:20.2423103Z [36;1m}[0m
2026-01-18T19:29:20.2423261Z [36;1mEOF[0m
2026-01-18T19:29:20.2456820Z shell: /usr/bin/bash -e {0}
2026-01-18T19:29:20.2457056Z env:
2026-01-18T19:29:20.2457315Z   pythonLocation: /opt/hostedtoolcache/Python/3.11.14/x64
2026-01-18T19:29:20.2457744Z   PKG_CONFIG_PATH: /opt/hostedtoolcache/Python/3.11.14/x64/lib/pkgconfig
2026-01-18T19:29:20.2458198Z   Python_ROOT_DIR: /opt/hostedtoolcache/Python/3.11.14/x64
2026-01-18T19:29:20.2458594Z   Python2_ROOT_DIR: /opt/hostedtoolcache/Python/3.11.14/x64
2026-01-18T19:29:20.2458967Z   Python3_ROOT_DIR: /opt/hostedtoolcache/Python/3.11.14/x64
2026-01-18T19:29:20.2459340Z   LD_LIBRARY_PATH: /opt/hostedtoolcache/Python/3.11.14/x64/lib
2026-01-18T19:29:20.2459659Z ##[endgroup]
2026-01-18T19:29:20.2565837Z ##[group]Run # Use --deep for comprehensive regression suite
2026-01-18T19:29:20.2566299Z [36;1m# Use --deep for comprehensive regression suite[0m
2026-01-18T19:29:20.2566777Z [36;1mpython orchestrator.py --project projects/ci_petstore_swagger --deep --force[0m
2026-01-18T19:29:20.2597335Z shell: /usr/bin/bash -e {0}
2026-01-18T19:29:20.2597569Z env:
2026-01-18T19:29:20.2597812Z   pythonLocation: /opt/hostedtoolcache/Python/3.11.14/x64
2026-01-18T19:29:20.2598239Z   PKG_CONFIG_PATH: /opt/hostedtoolcache/Python/3.11.14/x64/lib/pkgconfig
2026-01-18T19:29:20.2598658Z   Python_ROOT_DIR: /opt/hostedtoolcache/Python/3.11.14/x64
2026-01-18T19:29:20.2599022Z   Python2_ROOT_DIR: /opt/hostedtoolcache/Python/3.11.14/x64
2026-01-18T19:29:20.2599548Z   Python3_ROOT_DIR: /opt/hostedtoolcache/Python/3.11.14/x64
2026-01-18T19:29:20.2600098Z   LD_LIBRARY_PATH: /opt/hostedtoolcache/Python/3.11.14/x64/lib
2026-01-18T19:29:20.2600604Z   GOOGLE_API_KEY: ***
2026-01-18T19:29:20.2600833Z   PYTHONPATH: .
2026-01-18T19:29:20.2601007Z ##[endgroup]
2026-01-18T19:29:21.9881050Z usage: discovery.py [-h] --project PROJECT --url URL
2026-01-18T19:29:21.9881814Z discovery.py: error: unrecognized arguments: --deep
2026-01-18T19:29:33.3822232Z 
2026-01-18T19:29:33.3823121Z [PLAN] PLANNER: Planning goal -> 'Test Swagger UI interactions' (Deep Mode: True)
2026-01-18T19:29:33.3826556Z 🎭 [EXPERT] Detected Domain: GENERAL. Persona: Act as Senior SDET focusing on exploring the application to understand functional flow and identifying critical paths for end-to-end automation
2026-01-18T19:29:33.3827947Z [DEBUG] Sending request to gemini-2.0-flash. Number of parts: 1
2026-01-18T19:29:33.3828485Z [DEBUG] Received response (Length: 6277)
2026-01-18T19:29:33.3829074Z ✅ Planner generated 3 scenarios. Workflow updated.
2026-01-18T19:29:34.4436871Z 
2026-01-18T19:29:34.4438185Z 🕵️ [DEEP EXPLORER] Starting Multi-Scenario Exploration
2026-01-18T19:29:34.4438930Z 📋 Found 3 scenarios to explore.
2026-01-18T19:29:34.9132866Z 
2026-01-18T19:29:34.9133697Z [1/3] Exploring Scenario: Explore Swagger UI and Execute Pet Operations
2026-01-18T19:29:34.9134945Z     🧠 Initialized exploration context for goal: 'Test Swagger UI interactions'
2026-01-18T19:29:34.9135723Z   ▶️ [STEP step_1] NAVIGATE: 
2026-01-18T19:29:36.5935409Z     ✅ Navigated to https://petstore.swagger.io/
2026-01-18T19:29:36.5935965Z   ▶️ [STEP step_2] ASSERT_VISIBLE: Swagger Petstore
2026-01-18T19:29:36.6127605Z     🔍 Mining locators for: 'Swagger Petstore'
2026-01-18T19:29:36.7953972Z     ✅ Found 1 verified locators
2026-01-18T19:29:39.3662428Z     ✅ State transitioned.
2026-01-18T19:29:40.9786511Z [DEBUG] Sending request to gemini-2.0-flash. Number of parts: 2
2026-01-18T19:29:40.9787151Z [DEBUG] Received response (Length: 180)
2026-01-18T19:29:40.9787888Z     🤖 AI Next Step Suggestion: click -> ALLOW ALL COOKIES
2026-01-18T19:29:40.9788263Z     🧩 Suggested Locator: button
2026-01-18T19:29:40.9788784Z     💭 Reasoning: To dismiss the cookie banner and proceed with testing the Swagger UI interactions.
2026-01-18T19:29:40.9789323Z     ➕ Injected AI step: click -> ALLOW ALL COOKIES
2026-01-18T19:29:40.9789930Z   ▶️ [STEP step_2_ai_1] CLICK: ALLOW ALL COOKIES
2026-01-18T19:29:40.9858803Z     🎯 Using AI-provided locator: button
2026-01-18T19:29:40.9930496Z     ✅ Found 1 verified locators
2026-01-18T19:29:45.0704445Z     ✅ State transitioned.
2026-01-18T19:29:46.9635938Z [DEBUG] Sending request to gemini-2.0-flash. Number of parts: 2
2026-01-18T19:29:46.9636659Z [DEBUG] Received response (Length: 218)
2026-01-18T19:29:46.9637545Z     🤖 AI Next Step Suggestion: click -> SAVE SETTINGS
2026-01-18T19:29:46.9638289Z     🧩 Suggested Locator: text=SAVE SETTINGS
2026-01-18T19:29:46.9640027Z     💭 Reasoning: The cookie settings are displayed. To proceed with testing the Swagger UI, the cookie settings need to be saved.
2026-01-18T19:29:46.9641088Z     ➕ Injected AI step: click -> SAVE SETTINGS
2026-01-18T19:29:46.9641521Z   ▶️ [STEP step_2_ai_2] CLICK: SAVE SETTINGS
2026-01-18T19:29:46.9709248Z     🎯 Using AI-provided locator: text=SAVE SETTINGS
2026-01-18T19:29:46.9885645Z     ✅ Found 1 verified locators
2026-01-18T19:29:50.5621188Z     ✅ State transitioned.
2026-01-18T19:29:52.2444551Z [DEBUG] Sending request to gemini-2.0-flash. Number of parts: 2
2026-01-18T19:29:52.2446005Z [DEBUG] Received response (Length: 272)
2026-01-18T19:29:52.2446779Z     🤖 AI Next Step Suggestion: click -> Authorize
2026-01-18T19:29:52.2447446Z     🧩 Suggested Locator: button:contains('Authorize')
2026-01-18T19:29:52.2448823Z     💭 Reasoning: To interact with the Swagger UI, authorization is often required. Clicking the 'Authorize' button is the next logical step to explore the API's functionalities.
2026-01-18T19:29:52.2450798Z     ➕ Injected AI step: click -> Authorize
2026-01-18T19:29:52.2451259Z   ▶️ [STEP step_2_ai_3] CLICK: Authorize
2026-01-18T19:29:52.2516433Z     🎯 Using AI-provided locator: button:contains('Authorize')
2026-01-18T19:29:52.2555314Z     🔍 Mining locators for: 'Authorize'
2026-01-18T19:29:52.4028774Z     ✅ Found 2 verified locators
2026-01-18T19:29:56.0070220Z     ✅ State transitioned.
2026-01-18T19:29:56.0182523Z     🔄 Revisited state detected (count: 1)
2026-01-18T19:29:57.8546664Z [DEBUG] Sending request to gemini-2.0-flash. Number of parts: 2
2026-01-18T19:29:57.8547321Z [DEBUG] Received response (Length: 262)
2026-01-18T19:29:57.8548011Z     🤖 AI Next Step Suggestion: fill -> Value:
2026-01-18T19:29:57.8548355Z     🧩 Suggested Locator: #api_key_value
2026-01-18T19:29:57.8549117Z     💭 Reasoning: The prompt suggests using 'special-key' to test the api_key. Filling the value is the next logical step after opening the authorization popup.
2026-01-18T19:29:57.8550166Z     ➕ Injected AI step: fill -> Value:
2026-01-18T19:29:57.8550528Z   ▶️ [STEP step_2_ai_4] FILL: Value:
2026-01-18T19:29:57.8615745Z     🎯 Using AI-provided locator: #api_key_value
2026-01-18T19:29:57.8677931Z     ✅ Found 1 verified locators
2026-01-18T19:30:04.5678000Z     ✅ State transitioned.
2026-01-18T19:30:04.5784880Z     🔄 Revisited state detected (count: 2)
2026-01-18T19:30:06.2942668Z [DEBUG] Sending request to gemini-2.0-flash. Number of parts: 2
2026-01-18T19:30:06.2943137Z [DEBUG] Received response (Length: 194)
2026-01-18T19:30:06.2943886Z     🤖 AI Next Step Suggestion: CLICK -> Apply credentials
2026-01-18T19:30:06.2944505Z     💭 Reasoning: After filling the api_key value, the next logical step is to apply the credentials.
2026-01-18T19:30:06.2945044Z     ➕ Injected AI step: CLICK -> Apply credentials
2026-01-18T19:30:06.2945410Z   ▶️ [STEP step_2_ai_5] CLICK: Apply credentials
2026-01-18T19:30:06.3017787Z     🔍 Mining locators for: 'Apply credentials'
2026-01-18T19:30:06.4931513Z     ✅ Found 1 verified locators
2026-01-18T19:30:09.0483165Z     ✅ State transitioned.
2026-01-18T19:30:09.0581032Z     🔄 Revisited state detected (count: 3)
2026-01-18T19:30:11.2207054Z [DEBUG] Sending request to gemini-2.0-flash. Number of parts: 2
2026-01-18T19:30:11.2207750Z [DEBUG] Received response (Length: 183)
2026-01-18T19:30:11.2208620Z     🤖 AI Next Step Suggestion: click -> Close
2026-01-18T19:30:11.2209241Z     🧩 Suggested Locator: button
2026-01-18T19:30:11.2210686Z     💭 Reasoning: The authorization has been applied, so closing the authorization window is the next logical step.
2026-01-18T19:30:11.2211804Z     ➕ Injected AI step: click -> Close
2026-01-18T19:30:11.2212373Z   ▶️ [STEP step_2_ai_6] CLICK: Close
2026-01-18T19:30:11.2276164Z     🎯 Using AI-provided locator: button
2026-01-18T19:30:11.2299151Z     🔍 Mining locators for: 'Close'
2026-01-18T19:30:11.4127671Z     ✅ Found 2 verified locators
2026-01-18T19:30:15.0153020Z     ✅ State transitioned.
2026-01-18T19:30:15.0251399Z     🔄 Revisited state detected (count: 4)
2026-01-18T19:30:16.6214503Z [DEBUG] Sending request to gemini-2.0-flash. Number of parts: 2
2026-01-18T19:30:16.6215207Z [DEBUG] Received response (Length: 255)
2026-01-18T19:30:16.6216333Z     🤖 AI Next Step Suggestion: click -> pet Everything about your Pets Find out more
2026-01-18T19:30:16.6217486Z     🧩 Suggested Locator: #operations-tag-pet
2026-01-18T19:30:16.6218715Z     💭 Reasoning: To explore the pet operations, I need to click on the 'pet' section to expand it and see the available API endpoints.
2026-01-18T19:30:16.6220244Z     ➕ Injected AI step: click -> pet Everything about your Pets Find out more
2026-01-18T19:30:16.6221247Z   ▶️ [STEP step_2_ai_7] CLICK: pet Everything about your Pets Find out more
2026-01-18T19:30:16.6286993Z     🎯 Using AI-provided locator: #operations-tag-pet
2026-01-18T19:30:16.6346915Z     ✅ Found 1 verified locators
2026-01-18T19:30:20.7160470Z     ✅ State transitioned.
2026-01-18T19:30:22.2116756Z [DEBUG] Sending request to gemini-2.0-flash. Number of parts: 2
2026-01-18T19:30:22.2117760Z [DEBUG] Received response (Length: 270)
2026-01-18T19:30:22.2118483Z     🤖 AI Next Step Suggestion: click -> Explore
2026-01-18T19:30:22.2118857Z     🧩 Suggested Locator: button
2026-01-18T19:30:22.2119913Z     💭 Reasoning: The page shows 'Could not render BaseLayout, see the console.' and there is an 'Explore' button next to the URL input. Clicking it might load the swagger definition.
2026-01-18T19:30:22.2120718Z     ➕ Injected AI step: click -> Explore
2026-01-18T19:30:22.2121037Z   ▶️ [STEP step_2_ai_8] CLICK: Explore
2026-01-18T19:30:22.2190358Z     🎯 Using AI-provided locator: button
2026-01-18T19:30:22.2211801Z     🔍 Mining locators for: 'Explore'
2026-01-18T19:30:22.2750182Z     ✅ Found 2 verified locators
2026-01-18T19:30:25.8240941Z     ✅ State transitioned.
2026-01-18T19:30:25.8310650Z     🔄 Revisited state detected (count: 1)
2026-01-18T19:30:27.1805810Z [DEBUG] Sending request to gemini-2.0-flash. Number of parts: 2
2026-01-18T19:30:27.1806517Z [DEBUG] Received response (Length: 235)
2026-01-18T19:30:27.1807248Z     🤖 AI Next Step Suggestion: click -> Explore
2026-01-18T19:30:27.1807597Z     🧩 Suggested Locator: button
2026-01-18T19:30:27.1808311Z     💭 Reasoning: The page shows a URL in the input field and an 'Explore' button. Clicking 'Explore' will load the swagger definition from the URL.
2026-01-18T19:30:27.1809085Z     ⚠️ Skipping duplicate AI suggestion (just executed): ('click', 'explore')
2026-01-18T19:30:27.1809510Z   ▶️ [STEP step_3] CLICK: Pet
2026-01-18T19:30:27.1877965Z     🔍 Mining locators for: 'Pet'
2026-01-18T19:30:27.2264359Z     🧠 Consulting AI (Vision-First) to find 'Pet'...
2026-01-18T19:30:27.2265929Z     🧠 [EXPERT] Strategy: Act as Senior SDET focusing on exploring the application to understand functional flow and identifying critical paths for end-to-end automation.
2026-01-18T19:30:31.9371533Z [DEBUG] Sending request to gemini-2.0-flash. Number of parts: 2
2026-01-18T19:30:31.9371976Z [DEBUG] Received response (Length: 212)
2026-01-18T19:30:31.9372564Z     ⚠️ Skipping duplicate injection: Explore
2026-01-18T19:30:31.9372939Z     🔄 Retry 1/3 mining locators for 'Pet'...
2026-01-18T19:30:32.9763946Z     🧠 Consulting AI (Vision-First) to find 'Pet'...
2026-01-18T19:30:32.9765363Z     🧠 [EXPERT] Strategy: Act as Senior SDET focusing on exploring the application to understand functional flow and identifying critical paths for end-to-end automation.
2026-01-18T19:30:32.9769062Z [CACHE HIT] 9bc6162f... (hits: 1, misses: 10)
2026-01-18T19:30:32.9770026Z     ⚠️ Skipping duplicate injection: Explore
2026-01-18T19:30:32.9770657Z     🔄 Retry 2/3 mining locators for 'Pet'...
2026-01-18T19:30:34.0083142Z     🧠 Consulting AI (Vision-First) to find 'Pet'...
2026-01-18T19:30:34.0084523Z     🧠 [EXPERT] Strategy: Act as Senior SDET focusing on exploring the application to understand functional flow and identifying critical paths for end-to-end automation.
2026-01-18T19:30:34.0089541Z [CACHE HIT] 9bc6162f... (hits: 2, misses: 10)
2026-01-18T19:30:34.0090479Z     ⚠️ Skipping duplicate injection: Explore
2026-01-18T19:30:34.0091211Z     🧠 Verifying step validity for 'Pet' after no candidates found...
2026-01-18T19:30:37.3164877Z [DEBUG] Sending request to gemini-2.0-flash. Number of parts: 2
2026-01-18T19:30:37.3167923Z [DEBUG] Received response (Length: 224)
2026-01-18T19:30:37.3170443Z     🗑️ Step deemed INVALID: The page failed to render correctly, displaying 'Could not render BaseLayout, see the console.' The 'Pet' section is not visible, so it cannot be interacted with.. Removing from workflow.
2026-01-18T19:30:37.3172378Z     ⏭️ Skipping execution of invalid step: Pet
2026-01-18T19:30:37.3173154Z   ▶️ [STEP step_4] ASSERT_VISIBLE: Operations about pets
2026-01-18T19:30:37.3237669Z     🔍 Mining locators for: 'Operations about pets'
2026-01-18T19:30:37.3583466Z     🧠 Consulting AI (Vision-First) to find 'Operations about pets'...
2026-01-18T19:30:37.3586121Z     🧠 [EXPERT] Strategy: Act as Senior SDET focusing on exploring the application to understand functional flow and identifying critical paths for end-to-end automation.
2026-01-18T19:30:42.1443775Z [DEBUG] Sending request to gemini-2.0-flash. Number of parts: 2
2026-01-18T19:30:42.1444419Z [DEBUG] Received response (Length: 276)
2026-01-18T19:30:42.1445480Z     💡 Expert Suggestion: The page currently displays a console error and a URL input. Clicking 'Explore' might load the actual Swagger UI with the API operations.
2026-01-18T19:30:42.1446276Z     🛠️ Executing corrective action: click -> 'Explore'
2026-01-18T19:30:42.7129186Z     ✅ Executed corrective navigation
2026-01-18T19:30:44.7152815Z     🔄 Retry 1/3 mining locators for 'Operations about pets'...
2026-01-18T19:30:45.7579266Z     🧠 Consulting AI (Vision-First) to find 'Operations about pets'...
2026-01-18T19:30:45.7580798Z     🧠 [EXPERT] Strategy: Act as Senior SDET focusing on exploring the application to understand functional flow and identifying critical paths for end-to-end automation.
2026-01-18T19:30:45.7584853Z [CACHE HIT] ad63328a... (hits: 3, misses: 12)
2026-01-18T19:30:45.7585579Z     ⚠️ Skipping duplicate injection: Explore
2026-01-18T19:30:45.7588420Z     🔄 Retry 2/3 mining locators for 'Operations about pets'...
2026-01-18T19:30:46.7914962Z     🧠 Consulting AI (Vision-First) to find 'Operations about pets'...
2026-01-18T19:30:46.7916774Z     🧠 [EXPERT] Strategy: Act as Senior SDET focusing on exploring the application to understand functional flow and identifying critical paths for end-to-end automation.
2026-01-18T19:30:46.7920289Z [CACHE HIT] ad63328a... (hits: 4, misses: 12)
2026-01-18T19:30:46.7921176Z     ⚠️ Skipping duplicate injection: Explore
2026-01-18T19:30:46.7921989Z     🧠 Verifying step validity for 'Operations about pets' after no candidates found...
2026-01-18T19:30:47.9833556Z [DEBUG] Sending request to gemini-2.0-flash. Number of parts: 2
2026-01-18T19:30:47.9834070Z [DEBUG] Received response (Length: 235)
2026-01-18T19:30:47.9835632Z     🗑️ Step deemed INVALID: The page failed to render correctly, displaying 'Could not render BaseLayout, see the console.' Therefore, 'Operations about pets' is not visible, and the step is not valid.. Removing from workflow.
2026-01-18T19:30:47.9836987Z     ⏭️ Skipping execution of invalid step: Operations about pets
2026-01-18T19:30:47.9837477Z   ▶️ [STEP step_5] CLICK: /pet/{petId}
2026-01-18T19:30:47.9896463Z     🔍 Mining locators for: '/pet/{petId}'
2026-01-18T19:30:48.0254159Z     🧠 Consulting AI (Vision-First) to find '/pet/{petId}'...
2026-01-18T19:30:48.0255548Z     🧠 [EXPERT] Strategy: Act as Senior SDET focusing on exploring the application to understand functional flow and identifying critical paths for end-to-end automation.
2026-01-18T19:30:53.2139493Z [DEBUG] Sending request to gemini-2.0-flash. Number of parts: 2
2026-01-18T19:30:53.2140679Z [DEBUG] Received response (Length: 247)
2026-01-18T19:30:53.2142460Z     💡 Expert Suggestion: Clicking 'Explore' should load the Swagger UI with the API definitions, including the /pet/{petId} endpoint.
2026-01-18T19:30:53.2144051Z     🛠️ Executing corrective action: click -> 'Explore'
2026-01-18T19:30:53.7773299Z     ✅ Executed corrective navigation
2026-01-18T19:30:55.7796808Z     🔄 Retry 1/3 mining locators for '/pet/{petId}'...
2026-01-18T19:30:56.8243159Z     🧠 Consulting AI (Vision-First) to find '/pet/{petId}'...
2026-01-18T19:30:56.8244787Z     🧠 [EXPERT] Strategy: Act as Senior SDET focusing on exploring the application to understand functional flow and identifying critical paths for end-to-end automation.
2026-01-18T19:30:56.8248075Z [CACHE HIT] 6ab435ad... (hits: 5, misses: 14)
2026-01-18T19:30:56.8248877Z     ⚠️ Skipping duplicate injection: Explore
2026-01-18T19:30:56.8249873Z     🔄 Retry 2/3 mining locators for '/pet/{petId}'...
2026-01-18T19:30:57.8584343Z     🧠 Consulting AI (Vision-First) to find '/pet/{petId}'...
2026-01-18T19:30:57.8586173Z     🧠 [EXPERT] Strategy: Act as Senior SDET focusing on exploring the application to understand functional flow and identifying critical paths for end-to-end automation.
2026-01-18T19:30:57.8589575Z [CACHE HIT] 6ab435ad... (hits: 6, misses: 14)
2026-01-18T19:30:57.8590409Z     ⚠️ Skipping duplicate injection: Explore
2026-01-18T19:30:57.8591240Z     🧠 Verifying step validity for '/pet/{petId}' after no candidates found...
2026-01-18T19:30:59.1353421Z [DEBUG] Sending request to gemini-2.0-flash. Number of parts: 2
2026-01-18T19:30:59.1354074Z [DEBUG] Received response (Length: 270)
2026-01-18T19:30:59.1355604Z     🗑️ Step deemed INVALID: The page failed to render correctly, displaying 'Could not render BaseLayout, see the console.' The /pet/{petId} endpoint is not visible or accessible in this state. Therefore, it's not possible to locate it.. Removing from workflow.
2026-01-18T19:30:59.1356742Z     ⏭️ Skipping execution of invalid step: /pet/{petId}
2026-01-18T19:30:59.1357128Z   ▶️ [STEP step_6] ASSERT_VISIBLE: Find pet by ID
2026-01-18T19:30:59.1421531Z     🔍 Mining locators for: 'Find pet by ID'
2026-01-18T19:30:59.1751247Z     🧠 Consulting AI (Vision-First) to find 'Find pet by ID'...
2026-01-18T19:30:59.1752905Z     🧠 [EXPERT] Strategy: Act as Senior SDET focusing on exploring the application to understand functional flow and identifying critical paths for end-to-end automation.
2026-01-18T19:31:04.0474388Z [DEBUG] Sending request to gemini-2.0-flash. Number of parts: 2
2026-01-18T19:31:04.0474907Z [DEBUG] Received response (Length: 230)
2026-01-18T19:31:04.0475738Z     💡 Expert Suggestion: The 'Find pet by ID' functionality is likely accessible after exploring the API definition.
2026-01-18T19:31:04.0476386Z     🛠️ Executing corrective action: click -> 'Explore'
2026-01-18T19:31:04.6113353Z     ✅ Executed corrective navigation
2026-01-18T19:31:06.6136366Z     🔄 Retry 1/3 mining locators for 'Find pet by ID'...
2026-01-18T19:31:07.6572571Z     🧠 Consulting AI (Vision-First) to find 'Find pet by ID'...
2026-01-18T19:31:07.6574131Z     🧠 [EXPERT] Strategy: Act as Senior SDET focusing on exploring the application to understand functional flow and identifying critical paths for end-to-end automation.
2026-01-18T19:31:07.6578679Z [CACHE HIT] 00528255... (hits: 7, misses: 16)
2026-01-18T19:31:07.6579607Z     ⚠️ Skipping duplicate injection: Explore
2026-01-18T19:31:07.6580488Z     🔄 Retry 2/3 mining locators for 'Find pet by ID'...
2026-01-18T19:31:08.6899199Z     🧠 Consulting AI (Vision-First) to find 'Find pet by ID'...
2026-01-18T19:31:08.6900905Z     🧠 [EXPERT] Strategy: Act as Senior SDET focusing on exploring the application to understand functional flow and identifying critical paths for end-to-end automation.
2026-01-18T19:31:08.6904272Z [CACHE HIT] 00528255... (hits: 8, misses: 16)
2026-01-18T19:31:08.6905042Z     ⚠️ Skipping duplicate injection: Explore
2026-01-18T19:31:08.6905785Z     🧠 Verifying step validity for 'Find pet by ID' after no candidates found...
2026-01-18T19:31:09.9735499Z [DEBUG] Sending request to gemini-2.0-flash. Number of parts: 2
2026-01-18T19:31:09.9736200Z [DEBUG] Received response (Length: 260)
2026-01-18T19:31:09.9738500Z     🗑️ Step deemed INVALID: The page failed to render correctly, displaying 'Could not render BaseLayout, see the console.' Therefore, the 'Find pet by ID' element is not visible or accessible on the page in its current state.. Removing from workflow.
2026-01-18T19:31:09.9740406Z     ⏭️ Skipping execution of invalid step: Find pet by ID
2026-01-18T19:31:09.9740876Z   ▶️ [STEP step_7] CLICK: Try it out
2026-01-18T19:31:09.9795757Z     🔍 Mining locators for: 'Try it out'
2026-01-18T19:31:10.0236645Z     🧠 Consulting AI (Vision-First) to find 'Try it out'...
2026-01-18T19:31:10.0238228Z     🧠 [EXPERT] Strategy: Act as Senior SDET focusing on exploring the application to understand functional flow and identifying critical paths for end-to-end automation.
2026-01-18T19:31:14.8634164Z [DEBUG] Sending request to gemini-2.0-flash. Number of parts: 2
2026-01-18T19:31:14.8634616Z [DEBUG] Received response (Length: 241)
2026-01-18T19:31:14.8635553Z     💡 Expert Suggestion: The 'Explore' button likely navigates to the API documentation where 'Try it out' buttons are located.
2026-01-18T19:31:14.8636564Z     🛠️ Executing corrective action: click -> 'Explore'
2026-01-18T19:31:15.4277293Z     ✅ Executed corrective navigation
2026-01-18T19:31:17.4300827Z     🔄 Retry 1/3 mining locators for 'Try it out'...
2026-01-18T19:31:18.4741603Z     🧠 Consulting AI (Vision-First) to find 'Try it out'...
2026-01-18T19:31:18.4743246Z     🧠 [EXPERT] Strategy: Act as Senior SDET focusing on exploring the application to understand functional flow and identifying critical paths for end-to-end automation.
2026-01-18T19:31:18.4746590Z [CACHE HIT] 38802389... (hits: 9, misses: 18)
2026-01-18T19:31:18.4747229Z     ⚠️ Skipping duplicate injection: Explore
2026-01-18T19:31:18.4747835Z     🔄 Retry 2/3 mining locators for 'Try it out'...
2026-01-18T19:31:19.5063865Z     🧠 Consulting AI (Vision-First) to find 'Try it out'...
2026-01-18T19:31:19.5065482Z     🧠 [EXPERT] Strategy: Act as Senior SDET focusing on exploring the application to understand functional flow and identifying critical paths for end-to-end automation.
2026-01-18T19:31:19.5068532Z [CACHE HIT] 38802389... (hits: 10, misses: 18)
2026-01-18T19:31:19.5088173Z     ⚠️ Skipping duplicate injection: Explore
2026-01-18T19:31:19.5089113Z     🧠 Verifying step validity for 'Try it out' after no candidates found...
2026-01-18T19:31:20.8106293Z [DEBUG] Sending request to gemini-2.0-flash. Number of parts: 2
2026-01-18T19:31:20.8107000Z [DEBUG] Received response (Length: 370)
2026-01-18T19:31:20.8110791Z     🗑️ Step deemed INVALID: The page displays 'Could not render BaseLayout, see the console.' This indicates that the Swagger UI has not loaded correctly. Therefore, the 'Try it out' button, which is part of the interactive API documentation, is not present on the page. It's not possible to interact with an element that doesn't exist.. Removing from workflow.
2026-01-18T19:31:20.8113880Z     ⏭️ Skipping execution of invalid step: Try it out
2026-01-18T19:31:20.8114557Z   ▶️ [STEP step_8] FILL: petId
2026-01-18T19:31:20.8176364Z     🔍 Mining locators for: 'petId'
2026-01-18T19:31:20.8566799Z     🧠 Consulting AI (Vision-First) to find 'petId'...
2026-01-18T19:31:20.8568422Z     🧠 [EXPERT] Strategy: Act as Senior SDET focusing on exploring the application to understand functional flow and identifying critical paths for end-to-end automation.
2026-01-18T19:31:25.7738305Z [DEBUG] Sending request to gemini-2.0-flash. Number of parts: 2
2026-01-18T19:31:25.7739079Z [DEBUG] Received response (Length: 241)
2026-01-18T19:31:25.7740821Z     💡 Expert Suggestion: The 'petId' is likely within the API documentation, which can be accessed by exploring the Swagger UI.
2026-01-18T19:31:25.7741987Z     🛠️ Executing corrective action: click -> 'Explore'
2026-01-18T19:31:26.3438995Z     ✅ Executed corrective navigation
2026-01-18T19:31:28.3462514Z     🔄 Retry 1/3 mining locators for 'petId'...
2026-01-18T19:31:29.3897902Z     🧠 Consulting AI (Vision-First) to find 'petId'...
2026-01-18T19:31:29.3900109Z     🧠 [EXPERT] Strategy: Act as Senior SDET focusing on exploring the application to understand functional flow and identifying critical paths for end-to-end automation.
2026-01-18T19:31:29.3903041Z [CACHE HIT] 1ffb3c95... (hits: 11, misses: 20)
2026-01-18T19:31:29.3904044Z     ⚠️ Skipping duplicate injection: Explore
2026-01-18T19:31:29.3904727Z     🔄 Retry 2/3 mining locators for 'petId'...
2026-01-18T19:31:30.4224819Z     🧠 Consulting AI (Vision-First) to find 'petId'...
2026-01-18T19:31:30.4226377Z     🧠 [EXPERT] Strategy: Act as Senior SDET focusing on exploring the application to understand functional flow and identifying critical paths for end-to-end automation.
2026-01-18T19:31:30.4230796Z [CACHE HIT] 1ffb3c95... (hits: 12, misses: 20)
2026-01-18T19:31:30.4231468Z     ⚠️ Skipping duplicate injection: Explore
2026-01-18T19:31:30.4232181Z     🧠 Verifying step validity for 'petId' after no candidates found...
2026-01-18T19:31:31.7365326Z [DEBUG] Sending request to gemini-2.0-flash. Number of parts: 2
2026-01-18T19:31:31.7366056Z [DEBUG] Received response (Length: 321)
2026-01-18T19:31:31.7369248Z     🗑️ Step deemed INVALID: The page displays 'Could not render BaseLayout, see the console.' indicating an error. The 'petId' element is likely part of the API documentation, which is not rendered on this page. Therefore, it's not possible to interact with 'petId' in the current state.. Removing from workflow.
2026-01-18T19:31:31.7372120Z     ⏭️ Skipping execution of invalid step: petId
2026-01-18T19:31:31.7372733Z   ▶️ [STEP step_9] CLICK: Execute
2026-01-18T19:31:31.7432677Z     🔍 Mining locators for: 'Execute'
2026-01-18T19:31:31.7729860Z     🧠 Consulting AI (Vision-First) to find 'Execute'...
2026-01-18T19:31:31.7731414Z     🧠 [EXPERT] Strategy: Act as Senior SDET focusing on exploring the application to understand functional flow and identifying critical paths for end-to-end automation.
2026-01-18T19:31:36.6460636Z [DEBUG] Sending request to gemini-2.0-flash. Number of parts: 2
2026-01-18T19:31:36.6461387Z [DEBUG] Received response (Length: 245)
2026-01-18T19:31:36.6463095Z     💡 Expert Suggestion: The 'Explore' button likely loads the API definition and reveals the 'Execute' buttons for each operation.
2026-01-18T19:31:36.6464613Z     🛠️ Executing corrective action: click -> 'Explore'
2026-01-18T19:31:37.2096993Z     ✅ Executed corrective navigation
2026-01-18T19:31:39.2120149Z     🔄 Retry 1/3 mining locators for 'Execute'...
2026-01-18T19:31:40.2566748Z     🧠 Consulting AI (Vision-First) to find 'Execute'...
2026-01-18T19:31:40.2568283Z     🧠 [EXPERT] Strategy: Act as Senior SDET focusing on exploring the application to understand functional flow and identifying critical paths for end-to-end automation.
2026-01-18T19:31:40.2570880Z [CACHE HIT] c1f9090a... (hits: 13, misses: 22)
2026-01-18T19:31:40.2571523Z     ⚠️ Skipping duplicate injection: Explore
2026-01-18T19:31:40.2572110Z     🔄 Retry 2/3 mining locators for 'Execute'...
2026-01-18T19:31:41.2890689Z     🧠 Consulting AI (Vision-First) to find 'Execute'...
2026-01-18T19:31:41.2892839Z     🧠 [EXPERT] Strategy: Act as Senior SDET focusing on exploring the application to understand functional flow and identifying critical paths for end-to-end automation.
2026-01-18T19:31:41.2895945Z [CACHE HIT] c1f9090a... (hits: 14, misses: 22)
2026-01-18T19:31:41.2897347Z     ⚠️ Skipping duplicate injection: Explore
2026-01-18T19:31:41.2898174Z     🧠 Verifying step validity for 'Execute' after no candidates found...
2026-01-18T19:31:42.5515686Z [DEBUG] Sending request to gemini-2.0-flash. Number of parts: 2
2026-01-18T19:31:42.5516182Z [DEBUG] Received response (Length: 355)
2026-01-18T19:31:42.5518271Z     🗑️ Step deemed INVALID: The page displays 'Could not render BaseLayout, see the console.' This indicates that the Swagger UI is not properly loaded, and therefore the 'Execute' button is not present. We need to ensure the page is fully loaded and functional before attempting to interact with elements like 'Execute'.. Removing from workflow.
2026-01-18T19:31:42.5521724Z     ⏭️ Skipping execution of invalid step: Execute
2026-01-18T19:31:42.5522191Z   ▶️ [STEP step_10] ASSERT_VISIBLE: Server response
2026-01-18T19:31:42.5581742Z     🔍 Mining locators for: 'Server response'
2026-01-18T19:31:42.5893274Z     🧠 Consulting AI (Vision-First) to find 'Server response'...
2026-01-18T19:31:42.5894889Z     🧠 [EXPERT] Strategy: Act as Senior SDET focusing on exploring the application to understand functional flow and identifying critical paths for end-to-end automation.
2026-01-18T19:31:47.5041716Z [DEBUG] Sending request to gemini-2.0-flash. Number of parts: 2
2026-01-18T19:31:47.5042151Z [DEBUG] Received response (Length: 214)
2026-01-18T19:31:47.5042926Z     💡 Expert Suggestion: Clicking 'Explore' might reveal the API documentation and server responses.
2026-01-18T19:31:47.5043535Z     🛠️ Executing corrective action: click -> 'Explore'
2026-01-18T19:31:48.0755670Z     ✅ Executed corrective navigation
2026-01-18T19:31:50.0778833Z     🔄 Retry 1/3 mining locators for 'Server response'...
2026-01-18T19:31:51.1229980Z     🧠 Consulting AI (Vision-First) to find 'Server response'...
2026-01-18T19:31:51.1231662Z     🧠 [EXPERT] Strategy: Act as Senior SDET focusing on exploring the application to understand functional flow and identifying critical paths for end-to-end automation.
2026-01-18T19:31:51.1234572Z [CACHE HIT] 232d2270... (hits: 15, misses: 24)
2026-01-18T19:31:51.1235189Z     ⚠️ Skipping duplicate injection: Explore
2026-01-18T19:31:51.1235819Z     🔄 Retry 2/3 mining locators for 'Server response'...
2026-01-18T19:31:52.1550065Z     🧠 Consulting AI (Vision-First) to find 'Server response'...
2026-01-18T19:31:52.1552042Z     🧠 [EXPERT] Strategy: Act as Senior SDET focusing on exploring the application to understand functional flow and identifying critical paths for end-to-end automation.
2026-01-18T19:31:52.1555121Z [CACHE HIT] 232d2270... (hits: 16, misses: 24)
2026-01-18T19:31:52.1555765Z     ⚠️ Skipping duplicate injection: Explore
2026-01-18T19:31:52.1556685Z     🧠 Verifying step validity for 'Server response' after no candidates found...
2026-01-18T19:31:53.5780489Z [DEBUG] Sending request to gemini-2.0-flash. Number of parts: 2
2026-01-18T19:31:53.5781221Z [DEBUG] Received response (Length: 286)
2026-01-18T19:31:53.5784285Z     🗑️ Step deemed INVALID: The page failed to render correctly ('Could not render BaseLayout, see the console.'). Therefore, the 'Server response' element is not visible or accessible. It's not logical to interact with an element that is not rendered.. Removing from workflow.
2026-01-18T19:31:53.5786941Z     ⏭️ Skipping execution of invalid step: Server response
2026-01-18T19:31:53.5787704Z   ▶️ [STEP step_11] CLICK: Pet
2026-01-18T19:31:53.5847515Z     🔍 Mining locators for: 'Pet'
2026-01-18T19:31:53.6221831Z     🧠 Consulting AI (Vision-First) to find 'Pet'...
2026-01-18T19:31:53.6223397Z     🧠 [EXPERT] Strategy: Act as Senior SDET focusing on exploring the application to understand functional flow and identifying critical paths for end-to-end automation.
2026-01-18T19:31:53.6227308Z [CACHE HIT] 9bc6162f... (hits: 17, misses: 25)
2026-01-18T19:31:53.6228278Z     💡 Expert Suggestion: The 'Pet' option is likely accessible after exploring the API definition.
2026-01-18T19:31:53.6229272Z     🛠️ Executing corrective action: click -> 'Explore'
2026-01-18T19:31:54.1978400Z     ✅ Executed corrective navigation
2026-01-18T19:31:56.2000292Z     🔄 Retry 1/3 mining locators for 'Pet'...
2026-01-18T19:31:57.2393730Z     🧠 Consulting AI (Vision-First) to find 'Pet'...
2026-01-18T19:31:57.2395030Z     🧠 [EXPERT] Strategy: Act as Senior SDET focusing on exploring the application to understand functional flow and identifying critical paths for end-to-end automation.
2026-01-18T19:31:57.2398694Z [CACHE HIT] 9bc6162f... (hits: 18, misses: 25)
2026-01-18T19:31:57.2399336Z     ⚠️ Skipping duplicate injection: Explore
2026-01-18T19:31:57.2402101Z     🔄 Retry 2/3 mining locators for 'Pet'...
2026-01-18T19:31:58.2719247Z     🧠 Consulting AI (Vision-First) to find 'Pet'...
2026-01-18T19:31:58.2721753Z     🧠 [EXPERT] Strategy: Act as Senior SDET focusing on exploring the application to understand functional flow and identifying critical paths for end-to-end automation.
2026-01-18T19:31:58.2725964Z [CACHE HIT] 9bc6162f... (hits: 19, misses: 25)
2026-01-18T19:31:58.2726871Z     ⚠️ Skipping duplicate injection: Explore
2026-01-18T19:31:58.2727623Z     🧠 Verifying step validity for 'Pet' after no candidates found...
2026-01-18T19:31:58.2730987Z [CACHE HIT] faa753ba... (hits: 20, misses: 25)
2026-01-18T19:31:58.2732799Z     🗑️ Step deemed INVALID: The page failed to render correctly, displaying 'Could not render BaseLayout, see the console.' The 'Pet' section is not visible, so it cannot be interacted with.. Removing from workflow.
2026-01-18T19:31:58.2734384Z     ⏭️ Skipping execution of invalid step: Pet
2026-01-18T19:31:58.2734931Z   ▶️ [STEP step_12] CLICK: /pet
2026-01-18T19:31:58.2789528Z     🔍 Mining locators for: '/pet'
2026-01-18T19:31:58.3226794Z     🧠 Consulting AI (Vision-First) to find '/pet'...
2026-01-18T19:31:58.3228855Z     🧠 [EXPERT] Strategy: Act as Senior SDET focusing on exploring the application to understand functional flow and identifying critical paths for end-to-end automation.
2026-01-18T19:31:59.4857934Z [DEBUG] Sending request to gemini-2.0-flash. Number of parts: 2
2026-01-18T19:31:59.4858694Z [DEBUG] Received response (Length: 200)
2026-01-18T19:31:59.4860155Z     💡 Expert Suggestion: /pet is likely accessible after exploring the API definition.
2026-01-18T19:31:59.4861265Z     🛠️ Executing corrective action: click -> 'Explore'
2026-01-18T19:32:00.0410663Z     ✅ Executed corrective navigation
2026-01-18T19:32:02.0434147Z     🔄 Retry 1/3 mining locators for '/pet'...
2026-01-18T19:32:03.0897968Z     🧠 Consulting AI (Vision-First) to find '/pet'...
2026-01-18T19:32:03.0900027Z     🧠 [EXPERT] Strategy: Act as Senior SDET focusing on exploring the application to understand functional flow and identifying critical paths for end-to-end automation.
2026-01-18T19:32:03.0903278Z [CACHE HIT] 4fabdb88... (hits: 21, misses: 26)
2026-01-18T19:32:03.0903862Z     ⚠️ Skipping duplicate injection: Explore
2026-01-18T19:32:03.0904242Z     🔄 Retry 2/3 mining locators for '/pet'...
2026-01-18T19:32:04.1213609Z     🧠 Consulting AI (Vision-First) to find '/pet'...
2026-01-18T19:32:04.1215112Z     🧠 [EXPERT] Strategy: Act as Senior SDET focusing on exploring the application to understand functional flow and identifying critical paths for end-to-end automation.
2026-01-18T19:32:04.1218765Z [CACHE HIT] 4fabdb88... (hits: 22, misses: 26)
2026-01-18T19:32:04.1219542Z     ⚠️ Skipping duplicate injection: Explore
2026-01-18T19:32:04.1220523Z     🧠 Verifying step validity for '/pet' after no candidates found...
2026-01-18T19:32:05.3930010Z [DEBUG] Sending request to gemini-2.0-flash. Number of parts: 2
2026-01-18T19:32:05.3930702Z [DEBUG] Received response (Length: 218)
2026-01-18T19:32:05.3932067Z     🗑️ Step deemed INVALID: The page failed to render the layout, likely due to an issue with the provided swagger.json. The '/pet' endpoint is not visible or accessible in this state.. Removing from workflow.
2026-01-18T19:32:05.3933182Z     ⏭️ Skipping execution of invalid step: /pet
2026-01-18T19:32:05.3933639Z   ▶️ [STEP step_13] ASSERT_VISIBLE: Add a new pet to the store
2026-01-18T19:32:05.3991773Z     🔍 Mining locators for: 'Add a new pet to the store'
2026-01-18T19:32:05.4383894Z     🧠 Consulting AI (Vision-First) to find 'Add a new pet to the store'...
2026-01-18T19:32:05.4385734Z     🧠 [EXPERT] Strategy: Act as Senior SDET focusing on exploring the application to understand functional flow and identifying critical paths for end-to-end automation.
2026-01-18T19:32:10.4075200Z [DEBUG] Sending request to gemini-2.0-flash. Number of parts: 2
2026-01-18T19:32:10.4075961Z [DEBUG] Received response (Length: 276)
2026-01-18T19:32:10.4077873Z     💡 Expert Suggestion: Clicking 'Explore' should load the Swagger UI definition and display the available API endpoints, including 'Add a new pet to the store'.
2026-01-18T19:32:10.4080092Z     🛠️ Executing corrective action: click -> 'Explore'
2026-01-18T19:32:10.9737104Z     ✅ Executed corrective navigation
2026-01-18T19:32:12.9760304Z     🔄 Retry 1/3 mining locators for 'Add a new pet to the store'...
2026-01-18T19:32:14.0210666Z     🧠 Consulting AI (Vision-First) to find 'Add a new pet to the store'...
2026-01-18T19:32:14.0212076Z     🧠 [EXPERT] Strategy: Act as Senior SDET focusing on exploring the application to understand functional flow and identifying critical paths for end-to-end automation.
2026-01-18T19:32:14.0215473Z [CACHE HIT] b95d7226... (hits: 23, misses: 28)
2026-01-18T19:32:14.0216576Z     ⚠️ Skipping duplicate injection: Explore
2026-01-18T19:32:14.0217633Z     🔄 Retry 2/3 mining locators for 'Add a new pet to the store'...
2026-01-18T19:32:15.0553831Z     🧠 Consulting AI (Vision-First) to find 'Add a new pet to the store'...
2026-01-18T19:32:15.0555530Z     🧠 [EXPERT] Strategy: Act as Senior SDET focusing on exploring the application to understand functional flow and identifying critical paths for end-to-end automation.
2026-01-18T19:32:15.0558629Z [CACHE HIT] b95d7226... (hits: 24, misses: 28)
2026-01-18T19:32:15.0559248Z     ⚠️ Skipping duplicate injection: Explore
2026-01-18T19:32:15.0560360Z     🧠 Verifying step validity for 'Add a new pet to the store' after no candidates found...
2026-01-18T19:32:16.3638241Z [DEBUG] Sending request to gemini-2.0-flash. Number of parts: 2
2026-01-18T19:32:16.3638919Z [DEBUG] Received response (Length: 269)
2026-01-18T19:32:16.3641659Z     🗑️ Step deemed INVALID: The page failed to render correctly, displaying 'Could not render BaseLayout, see the console.' The 'Add a new pet to the store' element is not visible in the current state. Therefore, the step is not valid.. Removing from workflow.
2026-01-18T19:32:16.3643901Z     ⏭️ Skipping execution of invalid step: Add a new pet to the store
2026-01-18T19:32:16.3644664Z   ▶️ [STEP step_14] CLICK: Try it out
2026-01-18T19:32:16.3791075Z     🔍 Mining locators for: 'Try it out'
2026-01-18T19:32:16.4224735Z     🧠 Consulting AI (Vision-First) to find 'Try it out'...
2026-01-18T19:32:16.4226311Z     🧠 [EXPERT] Strategy: Act as Senior SDET focusing on exploring the application to understand functional flow and identifying critical paths for end-to-end automation.
2026-01-18T19:32:16.4230476Z [CACHE HIT] 38802389... (hits: 25, misses: 29)
2026-01-18T19:32:16.4231457Z     💡 Expert Suggestion: The 'Explore' button likely navigates to the API documentation where 'Try it out' buttons are located.
2026-01-18T19:32:16.4232161Z     🛠️ Executing corrective action: click -> 'Explore'
2026-01-18T19:32:16.9902694Z     ✅ Executed corrective navigation
2026-01-18T19:32:18.9925928Z     🔄 Retry 1/3 mining locators for 'Try it out'...
2026-01-18T19:32:20.0374236Z     🧠 Consulting AI (Vision-First) to find 'Try it out'...
2026-01-18T19:32:20.0375724Z     🧠 [EXPERT] Strategy: Act as Senior SDET focusing on exploring the application to understand functional flow and identifying critical paths for end-to-end automation.
2026-01-18T19:32:20.0379138Z [CACHE HIT] 38802389... (hits: 26, misses: 29)
2026-01-18T19:32:20.0380186Z     ⚠️ Skipping duplicate injection: Explore
2026-01-18T19:32:20.0380873Z     🔄 Retry 2/3 mining locators for 'Try it out'...
2026-01-18T19:32:21.0706789Z     🧠 Consulting AI (Vision-First) to find 'Try it out'...
2026-01-18T19:32:21.0708225Z     🧠 [EXPERT] Strategy: Act as Senior SDET focusing on exploring the application to understand functional flow and identifying critical paths for end-to-end automation.
2026-01-18T19:32:21.0711514Z [CACHE HIT] 38802389... (hits: 27, misses: 29)
2026-01-18T19:32:21.0714350Z     ⚠️ Skipping duplicate injection: Explore
2026-01-18T19:32:21.0715570Z     🧠 Verifying step validity for 'Try it out' after no candidates found...
2026-01-18T19:32:21.0716606Z [CACHE HIT] dbbaecaa... (hits: 28, misses: 29)
2026-01-18T19:32:21.0720382Z     🗑️ Step deemed INVALID: The page displays 'Could not render BaseLayout, see the console.' This indicates that the Swagger UI has not loaded correctly. Therefore, the 'Try it out' button, which is part of the interactive API documentation, is not present on the page. It's not possible to interact with an element that doesn't exist.. Removing from workflow.
2026-01-18T19:32:21.0728370Z     ⏭️ Skipping execution of invalid step: Try it out
2026-01-18T19:32:21.0728998Z   ▶️ [STEP step_15] FILL: Request body
2026-01-18T19:32:21.0780165Z     🔍 Mining locators for: 'Request body'
2026-01-18T19:32:21.1222141Z     🧠 Consulting AI (Vision-First) to find 'Request body'...
2026-01-18T19:32:21.1223688Z     🧠 [EXPERT] Strategy: Act as Senior SDET focusing on exploring the application to understand functional flow and identifying critical paths for end-to-end automation.
2026-01-18T19:32:22.2581260Z [DEBUG] Sending request to gemini-2.0-flash. Number of parts: 2
2026-01-18T19:32:22.2581745Z [DEBUG] Received response (Length: 242)
2026-01-18T19:32:22.2582738Z     💡 Expert Suggestion: The 'Request body' is likely found after exploring the API definition by clicking the 'Explore' button.
2026-01-18T19:32:22.2583610Z     🛠️ Executing corrective action: click -> 'Explore'
2026-01-18T19:32:22.8231589Z     ✅ Executed corrective navigation
2026-01-18T19:32:24.8255386Z     🔄 Retry 1/3 mining locators for 'Request body'...
2026-01-18T19:32:25.8710068Z     🧠 Consulting AI (Vision-First) to find 'Request body'...
2026-01-18T19:32:25.8711623Z     🧠 [EXPERT] Strategy: Act as Senior SDET focusing on exploring the application to understand functional flow and identifying critical paths for end-to-end automation.
2026-01-18T19:32:25.8715352Z [CACHE HIT] 968add6e... (hits: 29, misses: 30)
2026-01-18T19:32:25.8716311Z     ⚠️ Skipping duplicate injection: Explore
2026-01-18T19:32:25.8716977Z     🔄 Retry 2/3 mining locators for 'Request body'...
2026-01-18T19:32:26.9049536Z     🧠 Consulting AI (Vision-First) to find 'Request body'...
2026-01-18T19:32:26.9051307Z     🧠 [EXPERT] Strategy: Act as Senior SDET focusing on exploring the application to understand functional flow and identifying critical paths for end-to-end automation.
2026-01-18T19:32:26.9054413Z [CACHE HIT] 968add6e... (hits: 30, misses: 30)
2026-01-18T19:32:26.9055019Z     ⚠️ Skipping duplicate injection: Explore
2026-01-18T19:32:26.9055830Z     🧠 Verifying step validity for 'Request body' after no candidates found...
2026-01-18T19:32:28.1313805Z [DEBUG] Sending request to gemini-2.0-flash. Number of parts: 2
2026-01-18T19:32:28.1314352Z [DEBUG] Received response (Length: 285)
2026-01-18T19:32:28.1316030Z     🗑️ Step deemed INVALID: The page failed to render correctly ('Could not render BaseLayout'). Therefore, the 'Request body' element is likely not present or accessible. We need a properly rendered page to interact with elements like 'Request body'.. Removing from workflow.
2026-01-18T19:32:28.1317442Z     ⏭️ Skipping execution of invalid step: Request body
2026-01-18T19:32:28.1317853Z   ▶️ [STEP step_16] CLICK: Execute
2026-01-18T19:32:28.1374477Z     🔍 Mining locators for: 'Execute'
2026-01-18T19:32:28.1706678Z     🧠 Consulting AI (Vision-First) to find 'Execute'...
2026-01-18T19:32:28.1708217Z     🧠 [EXPERT] Strategy: Act as Senior SDET focusing on exploring the application to understand functional flow and identifying critical paths for end-to-end automation.
2026-01-18T19:32:28.1712200Z [CACHE HIT] c1f9090a... (hits: 31, misses: 31)
2026-01-18T19:32:28.1713439Z     💡 Expert Suggestion: The 'Explore' button likely loads the API definition and reveals the 'Execute' buttons for each operation.
2026-01-18T19:32:28.1714543Z     🛠️ Executing corrective action: click -> 'Explore'
2026-01-18T19:32:28.7418083Z     ✅ Executed corrective navigation
2026-01-18T19:32:30.7441810Z     🔄 Retry 1/3 mining locators for 'Execute'...
2026-01-18T19:32:31.7872964Z     🧠 Consulting AI (Vision-First) to find 'Execute'...
2026-01-18T19:32:31.7874693Z     🧠 [EXPERT] Strategy: Act as Senior SDET focusing on exploring the application to understand functional flow and identifying critical paths for end-to-end automation.
2026-01-18T19:32:31.7878572Z [CACHE HIT] c1f9090a... (hits: 32, misses: 31)
2026-01-18T19:32:31.7879480Z     ⚠️ Skipping duplicate injection: Explore
2026-01-18T19:32:31.7880779Z     🔄 Retry 2/3 mining locators for 'Execute'...
2026-01-18T19:32:32.8203928Z     🧠 Consulting AI (Vision-First) to find 'Execute'...
2026-01-18T19:32:32.8205435Z     🧠 [EXPERT] Strategy: Act as Senior SDET focusing on exploring the application to understand functional flow and identifying critical paths for end-to-end automation.
2026-01-18T19:32:32.8209320Z [CACHE HIT] c1f9090a... (hits: 33, misses: 31)
2026-01-18T19:32:32.8210238Z     ⚠️ Skipping duplicate injection: Explore
2026-01-18T19:32:32.8211048Z     🧠 Verifying step validity for 'Execute' after no candidates found...
2026-01-18T19:32:32.8214390Z [CACHE HIT] 7f2b7ca3... (hits: 34, misses: 31)
2026-01-18T19:32:32.8217227Z     🗑️ Step deemed INVALID: The page displays 'Could not render BaseLayout, see the console.' This indicates that the Swagger UI is not properly loaded, and therefore the 'Execute' button is not present. We need to ensure the page is fully loaded and functional before attempting to interact with elements like 'Execute'.. Removing from workflow.
2026-01-18T19:32:32.8220067Z     ⏭️ Skipping execution of invalid step: Execute
2026-01-18T19:32:32.8220766Z   ▶️ [STEP step_17] ASSERT_VISIBLE: Server response
2026-01-18T19:32:32.8276616Z     🔍 Mining locators for: 'Server response'
2026-01-18T19:32:32.8712908Z     🧠 Consulting AI (Vision-First) to find 'Server response'...
2026-01-18T19:32:32.8714568Z     🧠 [EXPERT] Strategy: Act as Senior SDET focusing on exploring the application to understand functional flow and identifying critical paths for end-to-end automation.
2026-01-18T19:32:32.8717804Z [CACHE HIT] 232d2270... (hits: 35, misses: 31)
2026-01-18T19:32:32.8718606Z     💡 Expert Suggestion: Clicking 'Explore' might reveal the API documentation and server responses.
2026-01-18T19:32:32.8719509Z     🛠️ Executing corrective action: click -> 'Explore'
2026-01-18T19:32:33.4397237Z     ✅ Executed corrective navigation
2026-01-18T19:32:35.4420277Z     🔄 Retry 1/3 mining locators for 'Server response'...
2026-01-18T19:32:36.4877596Z     🧠 Consulting AI (Vision-First) to find 'Server response'...
2026-01-18T19:32:36.4879278Z     🧠 [EXPERT] Strategy: Act as Senior SDET focusing on exploring the application to understand functional flow and identifying critical paths for end-to-end automation.
2026-01-18T19:32:36.4882337Z [CACHE HIT] 232d2270... (hits: 36, misses: 31)
2026-01-18T19:32:36.4882957Z     ⚠️ Skipping duplicate injection: Explore
2026-01-18T19:32:36.4883598Z     🔄 Retry 2/3 mining locators for 'Server response'...
2026-01-18T19:32:37.5201323Z     🧠 Consulting AI (Vision-First) to find 'Server response'...
2026-01-18T19:32:37.5202763Z     🧠 [EXPERT] Strategy: Act as Senior SDET focusing on exploring the application to understand functional flow and identifying critical paths for end-to-end automation.
2026-01-18T19:32:37.5206259Z [CACHE HIT] 232d2270... (hits: 37, misses: 31)
2026-01-18T19:32:37.5208477Z     ⚠️ Skipping duplicate injection: Explore
2026-01-18T19:32:37.5210315Z     🧠 Verifying step validity for 'Server response' after no candidates found...
2026-01-18T19:32:37.5211045Z [CACHE HIT] 7e319db3... (hits: 38, misses: 31)
2026-01-18T19:32:37.5213211Z     🗑️ Step deemed INVALID: The page failed to render correctly ('Could not render BaseLayout, see the console.'). Therefore, the 'Server response' element is not visible or accessible. It's not logical to interact with an element that is not rendered.. Removing from workflow.
2026-01-18T19:32:37.5215275Z     ⏭️ Skipping execution of invalid step: Server response
2026-01-18T19:32:39.5715451Z 
2026-01-18T19:32:39.5716452Z [2/3] Exploring Scenario: Explore Swagger UI and Execute Store Operations
2026-01-18T19:32:39.5720375Z     🧠 Initialized exploration context for goal: 'Test Swagger UI interactions'
2026-01-18T19:32:39.5721511Z   ▶️ [STEP step_1] NAVIGATE: 
2026-01-18T19:32:40.9975629Z     ✅ Navigated to https://petstore.swagger.io/
2026-01-18T19:32:40.9976302Z   ▶️ [STEP step_2] ASSERT_VISIBLE: Swagger Petstore
2026-01-18T19:32:41.0156579Z     🔍 Mining locators for: 'Swagger Petstore'
2026-01-18T19:32:41.1323606Z     ✅ Found 1 verified locators
2026-01-18T19:32:43.6914432Z     ✅ State transitioned.
2026-01-18T19:32:45.5245946Z [DEBUG] Sending request to gemini-2.0-flash. Number of parts: 2
2026-01-18T19:32:45.5246625Z [DEBUG] Received response (Length: 205)
2026-01-18T19:32:45.5247415Z     🤖 AI Next Step Suggestion: click -> Explore
2026-01-18T19:32:45.5247973Z     🧩 Suggested Locator: button
2026-01-18T19:32:45.5249118Z     💭 Reasoning: The 'Explore' button will load the Swagger UI with the petstore API definition, allowing for interaction and testing.
2026-01-18T19:32:45.5250287Z ⚠️ Loop detected: same AI suggestion repeated 3 times. Moving to next step.
2026-01-18T19:32:45.5250704Z   ▶️ [STEP step_3] CLICK: Store
2026-01-18T19:32:45.5308031Z     🔍 Mining locators for: 'Store'
2026-01-18T19:32:45.6918039Z     ✅ Found 6 verified locators
2026-01-18T19:32:49.2668321Z     ✅ State transitioned.
2026-01-18T19:32:51.0652985Z [DEBUG] Sending request to gemini-2.0-flash. Number of parts: 2
2026-01-18T19:32:51.0653517Z [DEBUG] Received response (Length: 302)
2026-01-18T19:32:51.0654239Z     🤖 AI Next Step Suggestion: click -> pet Everything about your Pets Find out more
2026-01-18T19:32:51.0654752Z     🧩 Suggested Locator: #operations-tag-pet
2026-01-18T19:32:51.0655679Z     💭 Reasoning: The goal is to test Swagger UI interactions. Clicking on 'pet Everything about your Pets' will expand the pet section and allow interaction with the pet operations.
2026-01-18T19:32:51.0656983Z     ➕ Injected AI step: click -> pet Everything about your Pets Find out more
2026-01-18T19:32:51.0657752Z   ▶️ [STEP step_3_ai_1] CLICK: pet Everything about your Pets Find out more
2026-01-18T19:32:51.0718292Z     🎯 Using AI-provided locator: #operations-tag-pet
2026-01-18T19:32:51.0785668Z     ✅ Found 1 verified locators
2026-01-18T19:32:55.1564690Z     ✅ State transitioned.
2026-01-18T19:32:56.7147254Z [DEBUG] Sending request to gemini-2.0-flash. Number of parts: 2
2026-01-18T19:32:56.7147987Z [DEBUG] Received response (Length: 218)
2026-01-18T19:32:56.7148903Z     🤖 AI Next Step Suggestion: click -> Explore
2026-01-18T19:32:56.7149581Z     🧩 Suggested Locator: button
2026-01-18T19:32:56.7151296Z     💭 Reasoning: The current page shows the swagger definition URL. Clicking 'Explore' will load the definition and allow interaction with the API.
2026-01-18T19:32:56.7152760Z     ➕ Injected AI step: click -> Explore
2026-01-18T19:32:56.7153387Z   ▶️ [STEP step_3_ai_2] CLICK: Explore
2026-01-18T19:32:56.7206432Z     🎯 Using AI-provided locator: button
2026-01-18T19:32:56.7265439Z     ✅ Found 1 verified locators
2026-01-18T19:33:00.7902804Z     ✅ State transitioned.
2026-01-18T19:33:02.5030506Z [DEBUG] Sending request to gemini-2.0-flash. Number of parts: 2
2026-01-18T19:33:02.5031188Z [DEBUG] Received response (Length: 264)
2026-01-18T19:33:02.5031890Z     🤖 AI Next Step Suggestion: click -> ALLOW ALL COOKIES
2026-01-18T19:33:02.5032396Z     🧩 Suggested Locator: button:contains('ALLOW ALL COOKIES')
2026-01-18T19:33:02.5033250Z     💭 Reasoning: The cookie banner is obscuring the main content. Clicking 'ALLOW ALL COOKIES' will dismiss it and allow interaction with the Swagger UI.
2026-01-18T19:33:02.5033971Z     ➕ Injected AI step: click -> ALLOW ALL COOKIES
2026-01-18T19:33:02.5034333Z   ▶️ [STEP step_3_ai_3] CLICK: ALLOW ALL COOKIES
2026-01-18T19:33:02.5093198Z     🎯 Using AI-provided locator: button:contains('ALLOW ALL COOKIES')
2026-01-18T19:33:02.5131039Z     🔍 Mining locators for: 'ALLOW ALL COOKIES'
2026-01-18T19:33:02.5660041Z     🔄 Retry 1/3 mining locators for 'ALLOW ALL COOKIES'...
2026-01-18T19:33:03.6303117Z     🔄 Retry 2/3 mining locators for 'ALLOW ALL COOKIES'...
2026-01-18T19:33:04.6810317Z     🧠 Verifying step validity for 'ALLOW ALL COOKIES' after mining failure...
2026-01-18T19:33:07.2820449Z [DEBUG] Sending request to gemini-2.0-flash. Number of parts: 2
2026-01-18T19:33:07.2821047Z [DEBUG] Received response (Length: 169)
2026-01-18T19:33:07.2822095Z     🛠️ Self-Correction: Step is valid. Using new locator: button:has-text('ALLOW ALL COOKIES')
2026-01-18T19:33:12.7951055Z     ⚠️ Scroll into view failed for button:has-text('ALLOW ALL COOKIES'). Proceeding anyway.
2026-01-18T19:33:13.3085818Z     ⚠️ Action failed: Locator.click: Element is not visible
2026-01-18T19:33:13.3086274Z Call log:
2026-01-18T19:33:13.3086534Z   ...
2026-01-18T19:33:14.7526583Z [DEBUG] Sending request to gemini-2.0-flash. Number of parts: 2
2026-01-18T19:33:14.7527200Z [DEBUG] Received response (Length: 175)
2026-01-18T19:33:14.7528082Z     ✨ AI Heal Reasoning: The text 'ALLOW ALL COOKIES' is visible and clickable, so it's the best element to interact with.
2026-01-18T19:33:14.7528869Z     ✨ AI healed exploration action! New selector: text=ALLOW ALL COOKIES
2026-01-18T19:33:20.2589544Z     ⚠️ Scroll into view failed for text=ALLOW ALL COOKIES. Proceeding anyway.
2026-01-18T19:33:20.7801950Z   ▶️ [STEP step_4] ASSERT_VISIBLE: Access to Petstore orders
2026-01-18T19:33:20.7867355Z     🔍 Mining locators for: 'Access to Petstore orders'
2026-01-18T19:33:20.8381249Z     🧠 Consulting AI (Vision-First) to find 'Access to Petstore orders'...
2026-01-18T19:33:20.8382502Z     🧠 [EXPERT] Strategy: Act as Senior SDET focusing on exploring the application to understand functional flow and identifying critical paths for end-to-end automation.
2026-01-18T19:33:22.2533207Z [DEBUG] Sending request to gemini-2.0-flash. Number of parts: 2
2026-01-18T19:33:22.2533951Z [DEBUG] Received response (Length: 296)
2026-01-18T19:33:22.2535956Z     💡 Expert Suggestion: The current page is a cookie settings popup. The 'Explore' button is likely to lead to the main application where 'Access to Petstore orders' might be found.
2026-01-18T19:33:22.2537699Z     🛠️ Executing corrective action: click -> 'Explore'
2026-01-18T19:33:22.8269462Z     ✅ Executed corrective navigation
2026-01-18T19:33:24.8293062Z     🔄 Retry 1/3 mining locators for 'Access to Petstore orders'...
2026-01-18T19:33:25.8715772Z     🧠 Consulting AI (Vision-First) to find 'Access to Petstore orders'...
2026-01-18T19:33:25.8717352Z     🧠 [EXPERT] Strategy: Act as Senior SDET focusing on exploring the application to understand functional flow and identifying critical paths for end-to-end automation.
2026-01-18T19:33:25.8722425Z [CACHE HIT] 2f35698f... (hits: 39, misses: 38)
2026-01-18T19:33:25.8722933Z     ⚠️ Skipping duplicate injection: Explore
2026-01-18T19:33:25.8723375Z     🔄 Retry 2/3 mining locators for 'Access to Petstore orders'...
2026-01-18T19:33:26.9213907Z     🧠 Consulting AI (Vision-First) to find 'Access to Petstore orders'...
2026-01-18T19:33:26.9215523Z     🧠 [EXPERT] Strategy: Act as Senior SDET focusing on exploring the application to understand functional flow and identifying critical paths for end-to-end automation.
2026-01-18T19:33:26.9220200Z [CACHE HIT] 2f35698f... (hits: 40, misses: 38)
2026-01-18T19:33:26.9220793Z     ⚠️ Skipping duplicate injection: Explore
2026-01-18T19:33:26.9221590Z     🧠 Verifying step validity for 'Access to Petstore orders' after no candidates found...
2026-01-18T19:33:28.3960440Z [DEBUG] Sending request to gemini-2.0-flash. Number of parts: 2
2026-01-18T19:33:28.3961161Z [DEBUG] Received response (Length: 244)
2026-01-18T19:33:28.3963403Z     🗑️ Step deemed INVALID: The current page shows a cookie consent dialog. The target element 'Access to Petstore orders' is not visible or accessible in this state. We need to dismiss the cookie dialog first.. Removing from workflow.
2026-01-18T19:33:28.3965351Z     ⏭️ Skipping execution of invalid step: Access to Petstore orders
2026-01-18T19:33:28.3966043Z   ▶️ [STEP step_5] CLICK: /store/order
2026-01-18T19:33:28.4024520Z     🔍 Mining locators for: '/store/order'
2026-01-18T19:33:28.4538927Z     🧠 Consulting AI (Vision-First) to find '/store/order'...
2026-01-18T19:33:28.4540605Z     🧠 [EXPERT] Strategy: Act as Senior SDET focusing on exploring the application to understand functional flow and identifying critical paths for end-to-end automation.
2026-01-18T19:33:33.3131945Z [DEBUG] Sending request to gemini-2.0-flash. Number of parts: 2
2026-01-18T19:33:33.3132666Z [DEBUG] Received response (Length: 255)
2026-01-18T19:33:33.3134350Z     💡 Expert Suggestion: The target '/store/order' is part of the Swagger UI, which is likely accessible after clicking the 'Explore' button.
2026-01-18T19:33:33.3135796Z     🛠️ Executing corrective action: click -> 'Explore'
2026-01-18T19:33:33.8919149Z     ✅ Executed corrective navigation
2026-01-18T19:33:35.8924927Z     🔄 Retry 1/3 mining locators for '/store/order'...
2026-01-18T19:33:36.9378632Z     🧠 Consulting AI (Vision-First) to find '/store/order'...
2026-01-18T19:33:36.9380171Z     🧠 [EXPERT] Strategy: Act as Senior SDET focusing on exploring the application to understand functional flow and identifying critical paths for end-to-end automation.
2026-01-18T19:33:36.9383987Z [CACHE HIT] ba2f259f... (hits: 41, misses: 40)
2026-01-18T19:33:36.9384537Z     ⚠️ Skipping duplicate injection: Explore
2026-01-18T19:33:36.9384928Z     🔄 Retry 2/3 mining locators for '/store/order'...
2026-01-18T19:33:37.9872143Z     🧠 Consulting AI (Vision-First) to find '/store/order'...
2026-01-18T19:33:37.9873724Z     🧠 [EXPERT] Strategy: Act as Senior SDET focusing on exploring the application to understand functional flow and identifying critical paths for end-to-end automation.
2026-01-18T19:33:37.9877134Z [CACHE HIT] ba2f259f... (hits: 42, misses: 40)
2026-01-18T19:33:37.9877735Z     ⚠️ Skipping duplicate injection: Explore
2026-01-18T19:33:37.9878494Z     🧠 Verifying step validity for '/store/order' after no candidates found...
2026-01-18T19:33:39.2578963Z [DEBUG] Sending request to gemini-2.0-flash. Number of parts: 2
2026-01-18T19:33:39.2579634Z [DEBUG] Received response (Length: 225)
2026-01-18T19:33:39.2581934Z     🗑️ Step deemed INVALID: The screenshot shows a cookie consent dialog. The Swagger UI is not visible, so we cannot interact with '/store/order'. We need to dismiss the cookie dialog first.. Removing from workflow.
2026-01-18T19:33:39.2583157Z     ⏭️ Skipping execution of invalid step: /store/order
2026-01-18T19:33:39.2583670Z   ▶️ [STEP step_6] ASSERT_VISIBLE: Place an order for a pet
2026-01-18T19:33:39.2640973Z     🔍 Mining locators for: 'Place an order for a pet'
2026-01-18T19:33:39.3046963Z     🧠 Consulting AI (Vision-First) to find 'Place an order for a pet'...
2026-01-18T19:33:39.3048458Z     🧠 [EXPERT] Strategy: Act as Senior SDET focusing on exploring the application to understand functional flow and identifying critical paths for end-to-end automation.
2026-01-18T19:33:44.4035823Z [DEBUG] Sending request to gemini-2.0-flash. Number of parts: 2
2026-01-18T19:33:44.4036279Z [DEBUG] Received response (Length: 286)
2026-01-18T19:33:44.4037428Z     💡 Expert Suggestion: The current view is a cookie consent dialog. Clicking 'Explore' might lead to the main application where 'Place an order for a pet' could be found.
2026-01-18T19:33:44.4038381Z     🛠️ Executing corrective action: click -> 'Explore'
2026-01-18T19:33:44.9734727Z     ✅ Executed corrective navigation
2026-01-18T19:33:46.9757945Z     🔄 Retry 1/3 mining locators for 'Place an order for a pet'...
2026-01-18T19:33:48.0198958Z     🧠 Consulting AI (Vision-First) to find 'Place an order for a pet'...
2026-01-18T19:33:48.0200733Z     🧠 [EXPERT] Strategy: Act as Senior SDET focusing on exploring the application to understand functional flow and identifying critical paths for end-to-end automation.
2026-01-18T19:33:48.0205561Z [CACHE HIT] 6029a1a8... (hits: 43, misses: 42)
2026-01-18T19:33:48.0206056Z     ⚠️ Skipping duplicate injection: Explore
2026-01-18T19:33:48.0206487Z     🔄 Retry 2/3 mining locators for 'Place an order for a pet'...
2026-01-18T19:33:49.0698571Z     🧠 Consulting AI (Vision-First) to find 'Place an order for a pet'...
2026-01-18T19:33:49.0700798Z     🧠 [EXPERT] Strategy: Act as Senior SDET focusing on exploring the application to understand functional flow and identifying critical paths for end-to-end automation.
2026-01-18T19:33:49.0705183Z [CACHE HIT] 6029a1a8... (hits: 44, misses: 42)
2026-01-18T19:33:49.0705678Z     ⚠️ Skipping duplicate injection: Explore
2026-01-18T19:33:49.0706556Z     🧠 Verifying step validity for 'Place an order for a pet' after no candidates found...
2026-01-18T19:33:50.4018654Z [DEBUG] Sending request to gemini-2.0-flash. Number of parts: 2
2026-01-18T19:33:50.4019176Z [DEBUG] Received response (Length: 277)
2026-01-18T19:33:50.4021274Z     🗑️ Step deemed INVALID: The current page shows a cookie consent dialog. The 'Place an order for a pet' element is not visible or accessible until the cookie settings are handled. Therefore, attempting to locate it at this stage is invalid.. Removing from workflow.
2026-01-18T19:33:50.4022502Z     ⏭️ Skipping execution of invalid step: Place an order for a pet
2026-01-18T19:33:50.4022961Z   ▶️ [STEP step_7] CLICK: Try it out
2026-01-18T19:33:50.4082595Z     🔍 Mining locators for: 'Try it out'
2026-01-18T19:33:50.4539398Z     🧠 Consulting AI (Vision-First) to find 'Try it out'...
2026-01-18T19:33:50.4541008Z     🧠 [EXPERT] Strategy: Act as Senior SDET focusing on exploring the application to understand functional flow and identifying critical paths for end-to-end automation.
2026-01-18T19:33:55.5122718Z [DEBUG] Sending request to gemini-2.0-flash. Number of parts: 2
2026-01-18T19:33:55.5123475Z [DEBUG] Received response (Length: 292)
2026-01-18T19:33:55.5125666Z     💡 Expert Suggestion: "Try it out" functionality is typically found within the interactive API documentation, which is likely accessible after clicking the 'Explore' button.
2026-01-18T19:33:55.5127556Z     🛠️ Executing corrective action: click -> 'Explore'
2026-01-18T19:33:56.1409009Z     ✅ Executed corrective navigation
2026-01-18T19:33:58.1432760Z     🔄 Retry 1/3 mining locators for 'Try it out'...
2026-01-18T19:33:59.2035209Z     🧠 Consulting AI (Vision-First) to find 'Try it out'...
2026-01-18T19:33:59.2036362Z     🧠 [EXPERT] Strategy: Act as Senior SDET focusing on exploring the application to understand functional flow and identifying critical paths for end-to-end automation.
2026-01-18T19:33:59.2040637Z [CACHE HIT] eebc5d8b... (hits: 45, misses: 44)
2026-01-18T19:33:59.2041258Z     ⚠️ Skipping duplicate injection: Explore
2026-01-18T19:33:59.2041758Z     🔄 Retry 2/3 mining locators for 'Try it out'...
2026-01-18T19:34:00.2537187Z     🧠 Consulting AI (Vision-First) to find 'Try it out'...
2026-01-18T19:34:00.2538351Z     🧠 [EXPERT] Strategy: Act as Senior SDET focusing on exploring the application to understand functional flow and identifying critical paths for end-to-end automation.
2026-01-18T19:34:00.2542639Z [CACHE HIT] eebc5d8b... (hits: 46, misses: 44)
2026-01-18T19:34:00.2543365Z     ⚠️ Skipping duplicate injection: Explore
2026-01-18T19:34:00.2543907Z     🧠 Verifying step validity for 'Try it out' after no candidates found...
2026-01-18T19:34:01.5650271Z [DEBUG] Sending request to gemini-2.0-flash. Number of parts: 2
2026-01-18T19:34:01.5651081Z [DEBUG] Received response (Length: 240)
2026-01-18T19:34:01.5653753Z     🗑️ Step deemed INVALID: The screenshot shows a cookie consent popup. The 'Try it out' button is part of the Swagger UI, which is not visible in the screenshot. We need to dismiss the cookie popup first.. Removing from workflow.
2026-01-18T19:34:01.5655803Z     ⏭️ Skipping execution of invalid step: Try it out
2026-01-18T19:34:01.5656501Z   ▶️ [STEP step_8] FILL: Request body
2026-01-18T19:34:01.5714775Z     🔍 Mining locators for: 'Request body'
2026-01-18T19:34:01.6199369Z     🧠 Consulting AI (Vision-First) to find 'Request body'...
2026-01-18T19:34:01.6201144Z     🧠 [EXPERT] Strategy: Act as Senior SDET focusing on exploring the application to understand functional flow and identifying critical paths for end-to-end automation.
2026-01-18T19:34:06.7640890Z [DEBUG] Sending request to gemini-2.0-flash. Number of parts: 2
2026-01-18T19:34:06.7641794Z [DEBUG] Received response (Length: 274)
2026-01-18T19:34:06.7643341Z     💡 Expert Suggestion: The current page is a cookie consent dialog. 'Request body' is likely found within the Swagger UI, accessible after clicking 'Explore'.
2026-01-18T19:34:06.7644696Z     🛠️ Executing corrective action: click -> 'Explore'
2026-01-18T19:34:07.3387823Z     ✅ Executed corrective navigation
2026-01-18T19:34:09.3410598Z     🔄 Retry 1/3 mining locators for 'Request body'...
2026-01-18T19:34:10.3865807Z     🧠 Consulting AI (Vision-First) to find 'Request body'...
2026-01-18T19:34:10.3866961Z     🧠 [EXPERT] Strategy: Act as Senior SDET focusing on exploring the application to understand functional flow and identifying critical paths for end-to-end automation.
2026-01-18T19:34:10.3871044Z [CACHE HIT] c7104d8a... (hits: 47, misses: 46)
2026-01-18T19:34:10.3871639Z     ⚠️ Skipping duplicate injection: Explore
2026-01-18T19:34:10.3872282Z     🔄 Retry 2/3 mining locators for 'Request body'...
2026-01-18T19:34:11.4357769Z     🧠 Consulting AI (Vision-First) to find 'Request body'...
2026-01-18T19:34:11.4359333Z     🧠 [EXPERT] Strategy: Act as Senior SDET focusing on exploring the application to understand functional flow and identifying critical paths for end-to-end automation.
2026-01-18T19:34:11.4364459Z [CACHE HIT] c7104d8a... (hits: 48, misses: 46)
2026-01-18T19:34:11.4364969Z     ⚠️ Skipping duplicate injection: Explore
2026-01-18T19:34:11.4365747Z     🧠 Verifying step validity for 'Request body' after no candidates found...
2026-01-18T19:34:12.7650336Z [DEBUG] Sending request to gemini-2.0-flash. Number of parts: 2
2026-01-18T19:34:12.7651184Z [DEBUG] Received response (Length: 251)
2026-01-18T19:34:12.7653904Z     🗑️ Step deemed INVALID: The current page shows a cookie consent dialog. The target element 'Request body' is part of the Swagger UI, which is not visible at this moment. We need to dismiss the cookie dialog first.. Removing from workflow.
2026-01-18T19:34:12.7656334Z     ⏭️ Skipping execution of invalid step: Request body
2026-01-18T19:34:12.7657112Z   ▶️ [STEP step_9] CLICK: Execute
2026-01-18T19:34:12.7795430Z     🔍 Mining locators for: 'Execute'
2026-01-18T19:34:12.8188134Z     🧠 Consulting AI (Vision-First) to find 'Execute'...
2026-01-18T19:34:12.8189241Z     🧠 [EXPERT] Strategy: Act as Senior SDET focusing on exploring the application to understand functional flow and identifying critical paths for end-to-end automation.
2026-01-18T19:34:17.8838459Z [DEBUG] Sending request to gemini-2.0-flash. Number of parts: 2
2026-01-18T19:34:17.8839280Z [DEBUG] Received response (Length: 255)
2026-01-18T19:34:17.8841255Z     💡 Expert Suggestion: The 'Execute' button is likely within the Swagger UI, which might be accessible after clicking the 'Explore' button.
2026-01-18T19:34:17.8842361Z     🛠️ Executing corrective action: click -> 'Explore'
2026-01-18T19:34:18.4549561Z     ✅ Executed corrective navigation
2026-01-18T19:34:20.4573507Z     🔄 Retry 1/3 mining locators for 'Execute'...
2026-01-18T19:34:21.5026324Z     🧠 Consulting AI (Vision-First) to find 'Execute'...
2026-01-18T19:34:21.5028259Z     🧠 [EXPERT] Strategy: Act as Senior SDET focusing on exploring the application to understand functional flow and identifying critical paths for end-to-end automation.
2026-01-18T19:34:21.5031533Z [CACHE HIT] 08c768c0... (hits: 49, misses: 48)
2026-01-18T19:34:21.5032172Z     ⚠️ Skipping duplicate injection: Explore
2026-01-18T19:34:21.5032781Z     🔄 Retry 2/3 mining locators for 'Execute'...
2026-01-18T19:34:22.5527701Z     🧠 Consulting AI (Vision-First) to find 'Execute'...
2026-01-18T19:34:22.5529269Z     🧠 [EXPERT] Strategy: Act as Senior SDET focusing on exploring the application to understand functional flow and identifying critical paths for end-to-end automation.
2026-01-18T19:34:22.5532813Z [CACHE HIT] 08c768c0... (hits: 50, misses: 48)
2026-01-18T19:34:22.5533423Z     ⚠️ Skipping duplicate injection: Explore
2026-01-18T19:34:22.5534500Z     🧠 Verifying step validity for 'Execute' after no candidates found...
2026-01-18T19:34:23.9262905Z [DEBUG] Sending request to gemini-2.0-flash. Number of parts: 2
2026-01-18T19:34:23.9263570Z [DEBUG] Received response (Length: 280)
2026-01-18T19:34:23.9265883Z     🗑️ Step deemed INVALID: The screenshot shows a cookie consent popup. The 'Execute' button is part of the Swagger UI for interacting with API endpoints, which is not visible in the current page state. We need to dismiss the cookie popup first.. Removing from workflow.
2026-01-18T19:34:23.9267154Z     ⏭️ Skipping execution of invalid step: Execute
2026-01-18T19:34:23.9267558Z   ▶️ [STEP step_10] ASSERT_VISIBLE: Server response
2026-01-18T19:34:23.9325117Z     🔍 Mining locators for: 'Server response'
2026-01-18T19:34:23.9855856Z     🧠 Consulting AI (Vision-First) to find 'Server response'...
2026-01-18T19:34:23.9857451Z     🧠 [EXPERT] Strategy: Act as Senior SDET focusing on exploring the application to understand functional flow and identifying critical paths for end-to-end automation.
2026-01-18T19:34:28.9630233Z [DEBUG] Sending request to gemini-2.0-flash. Number of parts: 2
2026-01-18T19:34:28.9630905Z [DEBUG] Received response (Length: 284)
2026-01-18T19:34:28.9632646Z     💡 Expert Suggestion: The 'Server response' is likely found after interacting with the main application, which might be accessible after clicking the 'Explore' button.
2026-01-18T19:34:28.9633833Z     🛠️ Executing corrective action: click -> 'Explore'
2026-01-18T19:34:29.5364564Z     ✅ Executed corrective navigation
2026-01-18T19:34:31.5387995Z     🔄 Retry 1/3 mining locators for 'Server response'...
2026-01-18T19:34:32.5852220Z     🧠 Consulting AI (Vision-First) to find 'Server response'...
2026-01-18T19:34:32.5853463Z     🧠 [EXPERT] Strategy: Act as Senior SDET focusing on exploring the application to understand functional flow and identifying critical paths for end-to-end automation.
2026-01-18T19:34:32.5857202Z [CACHE HIT] 8d0ba0f4... (hits: 51, misses: 50)
2026-01-18T19:34:32.5857973Z     ⚠️ Skipping duplicate injection: Explore
2026-01-18T19:34:32.5858408Z     🔄 Retry 2/3 mining locators for 'Server response'...
2026-01-18T19:34:33.6352543Z     🧠 Consulting AI (Vision-First) to find 'Server response'...
2026-01-18T19:34:33.6353835Z     🧠 [EXPERT] Strategy: Act as Senior SDET focusing on exploring the application to understand functional flow and identifying critical paths for end-to-end automation.
2026-01-18T19:34:33.6357505Z [CACHE HIT] 8d0ba0f4... (hits: 52, misses: 50)
2026-01-18T19:34:33.6358232Z     ⚠️ Skipping duplicate injection: Explore
2026-01-18T19:34:33.6358837Z     🧠 Verifying step validity for 'Server response' after no candidates found...
2026-01-18T19:34:35.1107093Z [DEBUG] Sending request to gemini-2.0-flash. Number of parts: 2
2026-01-18T19:34:35.1107576Z [DEBUG] Received response (Length: 310)
2026-01-18T19:34:35.1109412Z     🗑️ Step deemed INVALID: The current page shows a cookie consent dialog. The target element 'Server response' is part of the Swagger UI, which is not visible at this moment. Therefore, it's not logical to interact with 'Server response' before dismissing the cookie dialog.. Removing from workflow.
2026-01-18T19:34:35.1111231Z     ⏭️ Skipping execution of invalid step: Server response
2026-01-18T19:34:37.1458658Z 
2026-01-18T19:34:37.1461009Z [3/3] Exploring Scenario: Explore Swagger UI and Execute User Operations
2026-01-18T19:34:37.1462691Z     🧠 Initialized exploration context for goal: 'Test Swagger UI interactions'
2026-01-18T19:34:37.1465026Z   ▶️ [STEP step_1] NAVIGATE: 
2026-01-18T19:34:38.7437008Z     ✅ Navigated to https://petstore.swagger.io/
2026-01-18T19:34:38.7437979Z   ▶️ [STEP step_2] ASSERT_VISIBLE: Swagger Petstore
2026-01-18T19:34:38.7622182Z     🔍 Mining locators for: 'Swagger Petstore'
2026-01-18T19:34:38.9366833Z     ✅ Found 1 verified locators
2026-01-18T19:34:41.5035881Z     ✅ State transitioned.
2026-01-18T19:34:43.1584002Z [DEBUG] Sending request to gemini-2.0-flash. Number of parts: 2
2026-01-18T19:34:43.1584873Z [DEBUG] Received response (Length: 180)
2026-01-18T19:34:43.1585502Z     🤖 AI Next Step Suggestion: click -> ALLOW ALL COOKIES
2026-01-18T19:34:43.1585899Z     🧩 Suggested Locator: button
2026-01-18T19:34:43.1586483Z     💭 Reasoning: To dismiss the cookie banner and proceed with testing the Swagger UI interactions.
2026-01-18T19:34:43.1587087Z     ➕ Injected AI step: click -> ALLOW ALL COOKIES
2026-01-18T19:34:43.1587483Z   ▶️ [STEP step_2_ai_1] CLICK: ALLOW ALL COOKIES
2026-01-18T19:34:43.1646776Z     🎯 Using AI-provided locator: button
2026-01-18T19:34:43.1705323Z     ✅ Found 1 verified locators
2026-01-18T19:34:47.2370703Z     ✅ State transitioned.
2026-01-18T19:34:47.3724794Z [CACHE HIT] b9fe3988... (hits: 53, misses: 52)
2026-01-18T19:34:47.3725808Z     🤖 AI Next Step Suggestion: click -> SAVE SETTINGS
2026-01-18T19:34:47.3726487Z     🧩 Suggested Locator: text=SAVE SETTINGS
2026-01-18T19:34:47.3727702Z     💭 Reasoning: The cookie settings are displayed. To proceed with testing the Swagger UI, the cookie settings need to be saved.
2026-01-18T19:34:47.3728875Z     ➕ Injected AI step: click -> SAVE SETTINGS
2026-01-18T19:34:47.3731201Z   ▶️ [STEP step_2_ai_2] CLICK: SAVE SETTINGS
2026-01-18T19:34:47.3788729Z     🎯 Using AI-provided locator: text=SAVE SETTINGS
2026-01-18T19:34:47.3967412Z     ✅ Found 1 verified locators
2026-01-18T19:34:50.9816291Z     ✅ State transitioned.
2026-01-18T19:34:51.1536103Z [CACHE HIT] 174acc34... (hits: 54, misses: 52)
2026-01-18T19:34:51.1536852Z     🤖 AI Next Step Suggestion: click -> Authorize
2026-01-18T19:34:51.1537364Z     🧩 Suggested Locator: button:contains('Authorize')
2026-01-18T19:34:51.1538462Z     💭 Reasoning: To interact with the Swagger UI, authorization is often required. Clicking the 'Authorize' button is the next logical step to explore the API's functionalities.
2026-01-18T19:34:51.1539299Z     ➕ Injected AI step: click -> Authorize
2026-01-18T19:34:51.1539616Z   ▶️ [STEP step_2_ai_3] CLICK: Authorize
2026-01-18T19:34:51.1601674Z     🎯 Using AI-provided locator: button:contains('Authorize')
2026-01-18T19:34:51.1634038Z     🔍 Mining locators for: 'Authorize'
2026-01-18T19:34:51.3178295Z     ✅ Found 2 verified locators
2026-01-18T19:34:54.9053720Z     ✅ State transitioned.
2026-01-18T19:34:54.9155863Z     🔄 Revisited state detected (count: 1)
2026-01-18T19:34:55.0881001Z [CACHE HIT] 33823cb7... (hits: 55, misses: 52)
2026-01-18T19:34:55.0881801Z     🤖 AI Next Step Suggestion: fill -> Value:
2026-01-18T19:34:55.0882161Z     🧩 Suggested Locator: #api_key_value
2026-01-18T19:34:55.0882935Z     💭 Reasoning: The prompt suggests using 'special-key' to test the api_key. Filling the value is the next logical step after opening the authorization popup.
2026-01-18T19:34:55.0883641Z     ➕ Injected AI step: fill -> Value:
2026-01-18T19:34:55.0883946Z   ▶️ [STEP step_2_ai_4] FILL: Value:
2026-01-18T19:34:55.0941526Z     🎯 Using AI-provided locator: #api_key_value
2026-01-18T19:34:55.1007834Z     ✅ Found 1 verified locators
2026-01-18T19:35:00.8512307Z     ✅ State transitioned.
2026-01-18T19:35:00.8618802Z     🔄 Revisited state detected (count: 2)
2026-01-18T19:35:00.9868951Z [CACHE HIT] cff19314... (hits: 56, misses: 52)
2026-01-18T19:35:00.9869966Z     🤖 AI Next Step Suggestion: CLICK -> Apply credentials
2026-01-18T19:35:00.9870875Z     💭 Reasoning: After filling the api_key value, the next logical step is to apply the credentials.
2026-01-18T19:35:00.9871439Z     ➕ Injected AI step: CLICK -> Apply credentials
2026-01-18T19:35:00.9871811Z   ▶️ [STEP step_2_ai_5] CLICK: Apply credentials
2026-01-18T19:35:00.9931081Z     🔍 Mining locators for: 'Apply credentials'
2026-01-18T19:35:01.1256295Z     ✅ Found 1 verified locators
2026-01-18T19:35:03.6527870Z     ✅ State transitioned.
2026-01-18T19:35:03.6624987Z     🔄 Revisited state detected (count: 3)
2026-01-18T19:35:03.8458780Z [CACHE HIT] b864a13d... (hits: 57, misses: 52)
2026-01-18T19:35:03.8459919Z     🤖 AI Next Step Suggestion: click -> Close
2026-01-18T19:35:03.8460329Z     🧩 Suggested Locator: button
2026-01-18T19:35:03.8461040Z     💭 Reasoning: The authorization has been applied, so closing the authorization window is the next logical step.
2026-01-18T19:35:03.8461677Z     ➕ Injected AI step: click -> Close
2026-01-18T19:35:03.8462009Z   ▶️ [STEP step_2_ai_6] CLICK: Close
2026-01-18T19:35:03.8519244Z     🎯 Using AI-provided locator: button
2026-01-18T19:35:03.8538990Z     🔍 Mining locators for: 'Close'
2026-01-18T19:35:04.0075529Z     ✅ Found 2 verified locators
2026-01-18T19:35:07.6079202Z     ✅ State transitioned.
2026-01-18T19:35:07.6185153Z     🔄 Revisited state detected (count: 4)
2026-01-18T19:35:07.7774361Z [CACHE HIT] 7c2376db... (hits: 58, misses: 52)
2026-01-18T19:35:07.7775286Z     🤖 AI Next Step Suggestion: click -> pet Everything about your Pets Find out more
2026-01-18T19:35:07.7775804Z     🧩 Suggested Locator: #operations-tag-pet
2026-01-18T19:35:07.7776492Z     💭 Reasoning: To explore the pet operations, I need to click on the 'pet' section to expand it and see the available API endpoints.
2026-01-18T19:35:07.7777272Z     ➕ Injected AI step: click -> pet Everything about your Pets Find out more
2026-01-18T19:35:07.7777805Z   ▶️ [STEP step_2_ai_7] CLICK: pet Everything about your Pets Find out more
2026-01-18T19:35:07.7832241Z     🎯 Using AI-provided locator: #operations-tag-pet
2026-01-18T19:35:07.7901664Z     ✅ Found 1 verified locators
2026-01-18T19:35:11.8637326Z     ✅ State transitioned.
2026-01-18T19:35:11.9145593Z [CACHE HIT] 57cf8217... (hits: 59, misses: 52)
2026-01-18T19:35:11.9146579Z     🤖 AI Next Step Suggestion: click -> Explore
2026-01-18T19:35:11.9150341Z     🧩 Suggested Locator: button
2026-01-18T19:35:11.9151848Z     💭 Reasoning: The page shows 'Could not render BaseLayout, see the console.' and there is an 'Explore' button next to the URL input. Clicking it might load the swagger definition.
2026-01-18T19:35:11.9153299Z     ➕ Injected AI step: click -> Explore
2026-01-18T19:35:11.9153970Z   ▶️ [STEP step_2_ai_8] CLICK: Explore
2026-01-18T19:35:11.9204662Z     🎯 Using AI-provided locator: button
2026-01-18T19:35:11.9223069Z     🔍 Mining locators for: 'Explore'
2026-01-18T19:35:11.9825140Z     ✅ Found 2 verified locators
2026-01-18T19:35:15.5621463Z     ✅ State transitioned.
2026-01-18T19:35:15.5691529Z     🔄 Revisited state detected (count: 1)
2026-01-18T19:35:15.6141196Z [CACHE HIT] eeae69d7... (hits: 60, misses: 52)
2026-01-18T19:35:15.6142366Z     🤖 AI Next Step Suggestion: click -> Explore
2026-01-18T19:35:15.6142964Z     🧩 Suggested Locator: button
2026-01-18T19:35:15.6144150Z     💭 Reasoning: The page shows a URL in the input field and an 'Explore' button. Clicking 'Explore' will load the swagger definition from the URL.
2026-01-18T19:35:15.6145579Z     ⚠️ Skipping duplicate AI suggestion (just executed): ('click', 'explore')
2026-01-18T19:35:15.6146250Z   ▶️ [STEP step_3] CLICK: User
2026-01-18T19:35:15.6201858Z     🔍 Mining locators for: 'User'
2026-01-18T19:35:15.6640581Z     🧠 Consulting AI (Vision-First) to find 'User'...
2026-01-18T19:35:15.6642512Z     🧠 [EXPERT] Strategy: Act as Senior SDET focusing on exploring the application to understand functional flow and identifying critical paths for end-to-end automation.
2026-01-18T19:35:16.9061201Z [DEBUG] Sending request to gemini-2.0-flash. Number of parts: 2
2026-01-18T19:35:16.9061944Z [DEBUG] Received response (Length: 214)
2026-01-18T19:35:16.9062500Z     ⚠️ Skipping duplicate injection: Explore
2026-01-18T19:35:16.9062859Z     🔄 Retry 1/3 mining locators for 'User'...
2026-01-18T19:35:17.9465129Z     🧠 Consulting AI (Vision-First) to find 'User'...
2026-01-18T19:35:17.9466430Z     🧠 [EXPERT] Strategy: Act as Senior SDET focusing on exploring the application to understand functional flow and identifying critical paths for end-to-end automation.
2026-01-18T19:35:17.9470856Z [CACHE HIT] f879894f... (hits: 61, misses: 53)
2026-01-18T19:35:17.9471515Z     ⚠️ Skipping duplicate injection: Explore
2026-01-18T19:35:17.9472100Z     🔄 Retry 2/3 mining locators for 'User'...
2026-01-18T19:35:18.9799187Z     🧠 Consulting AI (Vision-First) to find 'User'...
2026-01-18T19:35:18.9800811Z     🧠 [EXPERT] Strategy: Act as Senior SDET focusing on exploring the application to understand functional flow and identifying critical paths for end-to-end automation.
2026-01-18T19:35:18.9804429Z [CACHE HIT] f879894f... (hits: 62, misses: 53)
2026-01-18T19:35:18.9805061Z     ⚠️ Skipping duplicate injection: Explore
2026-01-18T19:35:18.9805759Z     🧠 Verifying step validity for 'User' after no candidates found...
2026-01-18T19:35:22.0646125Z [DEBUG] Sending request to gemini-2.0-flash. Number of parts: 2
2026-01-18T19:35:22.0646638Z [DEBUG] Received response (Length: 261)
2026-01-18T19:35:22.0648496Z     🗑️ Step deemed INVALID: The page failed to render correctly, displaying 'Could not render BaseLayout'. The 'User' section is not visible in the current state. Therefore, it's not possible to locate and interact with 'User'.. Removing from workflow.
2026-01-18T19:35:22.0650241Z     ⏭️ Skipping execution of invalid step: User
2026-01-18T19:35:22.0650930Z   ▶️ [STEP step_4] ASSERT_VISIBLE: Operations about user
2026-01-18T19:35:22.0710540Z     🔍 Mining locators for: 'Operations about user'
2026-01-18T19:35:22.1137813Z     🧠 Consulting AI (Vision-First) to find 'Operations about user'...
2026-01-18T19:35:22.1139484Z     🧠 [EXPERT] Strategy: Act as Senior SDET focusing on exploring the application to understand functional flow and identifying critical paths for end-to-end automation.
2026-01-18T19:35:27.0062139Z [DEBUG] Sending request to gemini-2.0-flash. Number of parts: 2
2026-01-18T19:35:27.0062842Z [DEBUG] Received response (Length: 282)
2026-01-18T19:35:27.0064611Z     💡 Expert Suggestion: "Operations about user" is not visible on the current page. Clicking 'Explore' might reveal the API documentation, including user operations.
2026-01-18T19:35:27.0066006Z     🛠️ Executing corrective action: click -> 'Explore'
2026-01-18T19:35:27.5692721Z     ✅ Executed corrective navigation
2026-01-18T19:35:29.5716046Z     🔄 Retry 1/3 mining locators for 'Operations about user'...
2026-01-18T19:35:30.6127485Z     🧠 Consulting AI (Vision-First) to find 'Operations about user'...
2026-01-18T19:35:30.6128952Z     🧠 [EXPERT] Strategy: Act as Senior SDET focusing on exploring the application to understand functional flow and identifying critical paths for end-to-end automation.
2026-01-18T19:35:30.6132582Z [CACHE HIT] 9ca62b3e... (hits: 63, misses: 55)
2026-01-18T19:35:30.6133214Z     ⚠️ Skipping duplicate injection: Explore
2026-01-18T19:35:30.6133902Z     🔄 Retry 2/3 mining locators for 'Operations about user'...
2026-01-18T19:35:31.6480178Z     🧠 Consulting AI (Vision-First) to find 'Operations about user'...
2026-01-18T19:35:31.6481833Z     🧠 [EXPERT] Strategy: Act as Senior SDET focusing on exploring the application to understand functional flow and identifying critical paths for end-to-end automation.
2026-01-18T19:35:31.6484573Z [CACHE HIT] 9ca62b3e... (hits: 64, misses: 55)
2026-01-18T19:35:31.6485230Z     ⚠️ Skipping duplicate injection: Explore
2026-01-18T19:35:31.6486488Z     🧠 Verifying step validity for 'Operations about user' after no candidates found...
2026-01-18T19:35:33.1846662Z [DEBUG] Sending request to gemini-2.0-flash. Number of parts: 2
2026-01-18T19:35:33.1847392Z [DEBUG] Received response (Length: 326)
2026-01-18T19:35:33.1848956Z     🗑️ Step deemed INVALID: The page failed to render the layout, displaying 'Could not render BaseLayout, see the console.' Therefore, 'Operations about user' is not visible or accessible on the page in its current state. We are likely on the wrong page or the page failed to load correctly.. Removing from workflow.
2026-01-18T19:35:33.1850673Z     ⏭️ Skipping execution of invalid step: Operations about user
2026-01-18T19:35:33.1851055Z   ▶️ [STEP step_5] CLICK: /user
2026-01-18T19:35:33.1912734Z     🔍 Mining locators for: '/user'
2026-01-18T19:35:33.2301214Z     🧠 Consulting AI (Vision-First) to find '/user'...
2026-01-18T19:35:33.2303422Z     🧠 [EXPERT] Strategy: Act as Senior SDET focusing on exploring the application to understand functional flow and identifying critical paths for end-to-end automation.
2026-01-18T19:35:37.8022533Z [DEBUG] Sending request to gemini-2.0-flash. Number of parts: 2
2026-01-18T19:35:37.8023281Z [DEBUG] Received response (Length: 214)
2026-01-18T19:35:37.8024272Z     💡 Expert Suggestion: The /user endpoint is likely accessible after exploring the API definition.
2026-01-18T19:35:37.8024993Z     🛠️ Executing corrective action: click -> 'Explore'
2026-01-18T19:35:38.3691689Z     ✅ Executed corrective navigation
2026-01-18T19:35:40.3714846Z     🔄 Retry 1/3 mining locators for '/user'...
2026-01-18T19:35:41.4131077Z     🧠 Consulting AI (Vision-First) to find '/user'...
2026-01-18T19:35:41.4132808Z     🧠 [EXPERT] Strategy: Act as Senior SDET focusing on exploring the application to understand functional flow and identifying critical paths for end-to-end automation.
2026-01-18T19:35:41.4136357Z [CACHE HIT] 7272b79f... (hits: 65, misses: 57)
2026-01-18T19:35:41.4137199Z     ⚠️ Skipping duplicate injection: Explore
2026-01-18T19:35:41.4137582Z     🔄 Retry 2/3 mining locators for '/user'...
2026-01-18T19:35:42.4462009Z     🧠 Consulting AI (Vision-First) to find '/user'...
2026-01-18T19:35:42.4463627Z     🧠 [EXPERT] Strategy: Act as Senior SDET focusing on exploring the application to understand functional flow and identifying critical paths for end-to-end automation.
2026-01-18T19:35:42.4467477Z [CACHE HIT] 7272b79f... (hits: 66, misses: 57)
2026-01-18T19:35:42.4468223Z     ⚠️ Skipping duplicate injection: Explore
2026-01-18T19:35:42.4468990Z     🧠 Verifying step validity for '/user' after no candidates found...
2026-01-18T19:35:43.7518441Z [DEBUG] Sending request to gemini-2.0-flash. Number of parts: 2
2026-01-18T19:35:43.7519129Z [DEBUG] Received response (Length: 341)
2026-01-18T19:35:43.7522546Z     🗑️ Step deemed INVALID: The page failed to render the Swagger UI correctly. The message 'Could not render BaseLayout, see the console' indicates a problem with the page's initialization. Therefore, the '/user' endpoint is not visible or accessible, and attempting to locate it is not valid at this time.. Removing from workflow.
2026-01-18T19:35:43.7525542Z     ⏭️ Skipping execution of invalid step: /user
2026-01-18T19:35:43.7526337Z   ▶️ [STEP step_6] ASSERT_VISIBLE: Create user
2026-01-18T19:35:43.7583982Z     🔍 Mining locators for: 'Create user'
2026-01-18T19:35:43.7968510Z     🧠 Consulting AI (Vision-First) to find 'Create user'...
2026-01-18T19:35:43.7970236Z     🧠 [EXPERT] Strategy: Act as Senior SDET focusing on exploring the application to understand functional flow and identifying critical paths for end-to-end automation.
2026-01-18T19:35:48.5963809Z [DEBUG] Sending request to gemini-2.0-flash. Number of parts: 2
2026-01-18T19:35:48.5964514Z [DEBUG] Received response (Length: 244)
2026-01-18T19:35:48.5966093Z     💡 Expert Suggestion: Clicking 'Explore' should load the API definition and potentially reveal the 'Create user' functionality.
2026-01-18T19:35:48.5967817Z     🛠️ Executing corrective action: click -> 'Explore'
2026-01-18T19:35:49.1662620Z     ✅ Executed corrective navigation
2026-01-18T19:35:51.1686024Z     🔄 Retry 1/3 mining locators for 'Create user'...
2026-01-18T19:35:52.2136098Z     🧠 Consulting AI (Vision-First) to find 'Create user'...
2026-01-18T19:35:52.2137403Z     🧠 [EXPERT] Strategy: Act as Senior SDET focusing on exploring the application to understand functional flow and identifying critical paths for end-to-end automation.
2026-01-18T19:35:52.2141162Z [CACHE HIT] 591e6236... (hits: 67, misses: 59)
2026-01-18T19:35:52.2141827Z     ⚠️ Skipping duplicate injection: Explore
2026-01-18T19:35:52.2142227Z     🔄 Retry 2/3 mining locators for 'Create user'...
2026-01-18T19:35:53.2615470Z     🧠 Consulting AI (Vision-First) to find 'Create user'...
2026-01-18T19:35:53.2616652Z     🧠 [EXPERT] Strategy: Act as Senior SDET focusing on exploring the application to understand functional flow and identifying critical paths for end-to-end automation.
2026-01-18T19:35:53.2619549Z [CACHE HIT] 591e6236... (hits: 68, misses: 59)
2026-01-18T19:35:53.2620445Z     ⚠️ Skipping duplicate injection: Explore
2026-01-18T19:35:53.2621255Z     🧠 Verifying step validity for 'Create user' after no candidates found...
2026-01-18T19:35:54.5204728Z [DEBUG] Sending request to gemini-2.0-flash. Number of parts: 2
2026-01-18T19:35:54.5205383Z [DEBUG] Received response (Length: 257)
2026-01-18T19:35:54.5207561Z     🗑️ Step deemed INVALID: The page failed to render correctly, displaying 'Could not render BaseLayout, see the console.' Therefore, the 'Create user' element is not visible or accessible on the page in its current state.. Removing from workflow.
2026-01-18T19:35:54.5208863Z     ⏭️ Skipping execution of invalid step: Create user
2026-01-18T19:35:54.5209254Z   ▶️ [STEP step_7] CLICK: Try it out
2026-01-18T19:35:54.5265501Z     🔍 Mining locators for: 'Try it out'
2026-01-18T19:35:54.5618272Z     🧠 Consulting AI (Vision-First) to find 'Try it out'...
2026-01-18T19:35:54.5619903Z     🧠 [EXPERT] Strategy: Act as Senior SDET focusing on exploring the application to understand functional flow and identifying critical paths for end-to-end automation.
2026-01-18T19:35:54.5623927Z [CACHE HIT] 38802389... (hits: 69, misses: 60)
2026-01-18T19:35:54.5625280Z     💡 Expert Suggestion: The 'Explore' button likely navigates to the API documentation where 'Try it out' buttons are located.
2026-01-18T19:35:54.5626461Z     🛠️ Executing corrective action: click -> 'Explore'
2026-01-18T19:35:55.1320313Z     ✅ Executed corrective navigation
2026-01-18T19:35:57.1343038Z     🔄 Retry 1/3 mining locators for 'Try it out'...
2026-01-18T19:35:58.1796194Z     🧠 Consulting AI (Vision-First) to find 'Try it out'...
2026-01-18T19:35:58.1797632Z     🧠 [EXPERT] Strategy: Act as Senior SDET focusing on exploring the application to understand functional flow and identifying critical paths for end-to-end automation.
2026-01-18T19:35:58.1801340Z [CACHE HIT] 38802389... (hits: 70, misses: 60)
2026-01-18T19:35:58.1802128Z     ⚠️ Skipping duplicate injection: Explore
2026-01-18T19:35:58.1802753Z     🔄 Retry 2/3 mining locators for 'Try it out'...
2026-01-18T19:35:59.2122850Z     🧠 Consulting AI (Vision-First) to find 'Try it out'...
2026-01-18T19:35:59.2124560Z     🧠 [EXPERT] Strategy: Act as Senior SDET focusing on exploring the application to understand functional flow and identifying critical paths for end-to-end automation.
2026-01-18T19:35:59.2127740Z [CACHE HIT] 38802389... (hits: 71, misses: 60)
2026-01-18T19:35:59.2128639Z     ⚠️ Skipping duplicate injection: Explore
2026-01-18T19:35:59.2129423Z     🧠 Verifying step validity for 'Try it out' after no candidates found...
2026-01-18T19:35:59.2132523Z [CACHE HIT] dbbaecaa... (hits: 72, misses: 60)
2026-01-18T19:35:59.2135229Z     🗑️ Step deemed INVALID: The page displays 'Could not render BaseLayout, see the console.' This indicates that the Swagger UI has not loaded correctly. Therefore, the 'Try it out' button, which is part of the interactive API documentation, is not present on the page. It's not possible to interact with an element that doesn't exist.. Removing from workflow.
2026-01-18T19:35:59.2137984Z     ⏭️ Skipping execution of invalid step: Try it out
2026-01-18T19:35:59.2138358Z   ▶️ [STEP step_8] FILL: Request body
2026-01-18T19:35:59.2189523Z     🔍 Mining locators for: 'Request body'
2026-01-18T19:35:59.2624473Z     🧠 Consulting AI (Vision-First) to find 'Request body'...
2026-01-18T19:35:59.2625986Z     🧠 [EXPERT] Strategy: Act as Senior SDET focusing on exploring the application to understand functional flow and identifying critical paths for end-to-end automation.
2026-01-18T19:35:59.2629532Z [CACHE HIT] 968add6e... (hits: 73, misses: 60)
2026-01-18T19:35:59.2631031Z     💡 Expert Suggestion: The 'Request body' is likely found after exploring the API definition by clicking the 'Explore' button.
2026-01-18T19:35:59.2632168Z     🛠️ Executing corrective action: click -> 'Explore'
2026-01-18T19:35:59.8320503Z     ✅ Executed corrective navigation
2026-01-18T19:36:01.8343802Z     🔄 Retry 1/3 mining locators for 'Request body'...
2026-01-18T19:36:02.8780116Z     🧠 Consulting AI (Vision-First) to find 'Request body'...
2026-01-18T19:36:02.8781296Z     🧠 [EXPERT] Strategy: Act as Senior SDET focusing on exploring the application to understand functional flow and identifying critical paths for end-to-end automation.
2026-01-18T19:36:02.8784359Z [CACHE HIT] 968add6e... (hits: 74, misses: 60)
2026-01-18T19:36:02.8785023Z     ⚠️ Skipping duplicate injection: Explore
2026-01-18T19:36:02.8785641Z     🔄 Retry 2/3 mining locators for 'Request body'...
2026-01-18T19:36:03.9114939Z     🧠 Consulting AI (Vision-First) to find 'Request body'...
2026-01-18T19:36:03.9116705Z     🧠 [EXPERT] Strategy: Act as Senior SDET focusing on exploring the application to understand functional flow and identifying critical paths for end-to-end automation.
2026-01-18T19:36:03.9120164Z [CACHE HIT] 968add6e... (hits: 75, misses: 60)
2026-01-18T19:36:03.9121126Z     ⚠️ Skipping duplicate injection: Explore
2026-01-18T19:36:03.9122051Z     🧠 Verifying step validity for 'Request body' after no candidates found...
2026-01-18T19:36:03.9125581Z [CACHE HIT] 1ac6ed0c... (hits: 76, misses: 60)
2026-01-18T19:36:03.9127952Z     🗑️ Step deemed INVALID: The page failed to render correctly ('Could not render BaseLayout'). Therefore, the 'Request body' element is likely not present or accessible. We need a properly rendered page to interact with elements like 'Request body'.. Removing from workflow.
2026-01-18T19:36:03.9130273Z     ⏭️ Skipping execution of invalid step: Request body
2026-01-18T19:36:03.9132363Z   ▶️ [STEP step_9] CLICK: Execute
2026-01-18T19:36:03.9187195Z     🔍 Mining locators for: 'Execute'
2026-01-18T19:36:03.9628333Z     🧠 Consulting AI (Vision-First) to find 'Execute'...
2026-01-18T19:36:03.9629506Z     🧠 [EXPERT] Strategy: Act as Senior SDET focusing on exploring the application to understand functional flow and identifying critical paths for end-to-end automation.
2026-01-18T19:36:03.9633490Z [CACHE HIT] c1f9090a... (hits: 77, misses: 60)
2026-01-18T19:36:03.9634875Z     💡 Expert Suggestion: The 'Explore' button likely loads the API definition and reveals the 'Execute' buttons for each operation.
2026-01-18T19:36:03.9636260Z     🛠️ Executing corrective action: click -> 'Explore'
2026-01-18T19:36:04.5333826Z     ✅ Executed corrective navigation
2026-01-18T19:36:06.5356887Z     🔄 Retry 1/3 mining locators for 'Execute'...
2026-01-18T19:36:07.5784648Z     🧠 Consulting AI (Vision-First) to find 'Execute'...
2026-01-18T19:36:07.5786219Z     🧠 [EXPERT] Strategy: Act as Senior SDET focusing on exploring the application to understand functional flow and identifying critical paths for end-to-end automation.
2026-01-18T19:36:07.5788860Z [CACHE HIT] c1f9090a... (hits: 78, misses: 60)
2026-01-18T19:36:07.5789517Z     ⚠️ Skipping duplicate injection: Explore
2026-01-18T19:36:07.5792144Z     🔄 Retry 2/3 mining locators for 'Execute'...
2026-01-18T19:36:08.6113954Z     🧠 Consulting AI (Vision-First) to find 'Execute'...
2026-01-18T19:36:08.6115554Z     🧠 [EXPERT] Strategy: Act as Senior SDET focusing on exploring the application to understand functional flow and identifying critical paths for end-to-end automation.
2026-01-18T19:36:08.6119072Z [CACHE HIT] c1f9090a... (hits: 79, misses: 60)
2026-01-18T19:36:08.6119892Z     ⚠️ Skipping duplicate injection: Explore
2026-01-18T19:36:08.6120675Z     🧠 Verifying step validity for 'Execute' after no candidates found...
2026-01-18T19:36:08.6125024Z [CACHE HIT] 7f2b7ca3... (hits: 80, misses: 60)
2026-01-18T19:36:08.6127630Z     🗑️ Step deemed INVALID: The page displays 'Could not render BaseLayout, see the console.' This indicates that the Swagger UI is not properly loaded, and therefore the 'Execute' button is not present. We need to ensure the page is fully loaded and functional before attempting to interact with elements like 'Execute'.. Removing from workflow.
2026-01-18T19:36:08.6130148Z     ⏭️ Skipping execution of invalid step: Execute
2026-01-18T19:36:08.6130786Z   ▶️ [STEP step_10] ASSERT_VISIBLE: Server response
2026-01-18T19:36:08.6180350Z     🔍 Mining locators for: 'Server response'
2026-01-18T19:36:08.6616586Z     🧠 Consulting AI (Vision-First) to find 'Server response'...
2026-01-18T19:36:08.6618427Z     🧠 [EXPERT] Strategy: Act as Senior SDET focusing on exploring the application to understand functional flow and identifying critical paths for end-to-end automation.
2026-01-18T19:36:08.6621692Z [CACHE HIT] 232d2270... (hits: 81, misses: 60)
2026-01-18T19:36:08.6623549Z     💡 Expert Suggestion: Clicking 'Explore' might reveal the API documentation and server responses.
2026-01-18T19:36:08.6624569Z     🛠️ Executing corrective action: click -> 'Explore'
2026-01-18T19:36:09.2329645Z     ✅ Executed corrective navigation
2026-01-18T19:36:11.2353677Z     🔄 Retry 1/3 mining locators for 'Server response'...
2026-01-18T19:36:12.2781447Z     🧠 Consulting AI (Vision-First) to find 'Server response'...
2026-01-18T19:36:12.2783201Z     🧠 [EXPERT] Strategy: Act as Senior SDET focusing on exploring the application to understand functional flow and identifying critical paths for end-to-end automation.
2026-01-18T19:36:12.2786969Z [CACHE HIT] 232d2270... (hits: 82, misses: 60)
2026-01-18T19:36:12.2787859Z     ⚠️ Skipping duplicate injection: Explore
2026-01-18T19:36:12.2788562Z     🔄 Retry 2/3 mining locators for 'Server response'...
2026-01-18T19:36:13.3109496Z     🧠 Consulting AI (Vision-First) to find 'Server response'...
2026-01-18T19:36:13.3110856Z     🧠 [EXPERT] Strategy: Act as Senior SDET focusing on exploring the application to understand functional flow and identifying critical paths for end-to-end automation.
2026-01-18T19:36:13.3113963Z [CACHE HIT] 232d2270... (hits: 83, misses: 60)
2026-01-18T19:36:13.3114862Z     ⚠️ Skipping duplicate injection: Explore
2026-01-18T19:36:13.3115781Z     🧠 Verifying step validity for 'Server response' after no candidates found...
2026-01-18T19:36:13.3118437Z [CACHE HIT] 7e319db3... (hits: 84, misses: 60)
2026-01-18T19:36:13.3121027Z     🗑️ Step deemed INVALID: The page failed to render correctly ('Could not render BaseLayout, see the console.'). Therefore, the 'Server response' element is not visible or accessible. It's not logical to interact with an element that is not rendered.. Removing from workflow.
2026-01-18T19:36:13.3123292Z     ⏭️ Skipping execution of invalid step: Server response
2026-01-18T19:36:15.3468404Z 🗂️  All generated tests written to /home/runner/work/build_qa_automation/build_qa_automation/projects/ci_petstore_swagger/tests/generated_scenarios.json
2026-01-18T19:36:15.3476918Z 🔄 Updated workflow.json with discovered steps and locators.
2026-01-18T19:36:15.3477356Z 
2026-01-18T19:36:15.3477616Z ✅ Deep Exploration Complete.
2026-01-18T19:38:15.1790375Z 
2026-01-18T19:38:15.1791204Z 🚀 [EXECUTE] Starting Automation Execution Engine
2026-01-18T19:38:15.1791799Z 📍 Project: ci_petstore_swagger
2026-01-18T19:38:15.1792204Z 🎬 Mode: Headless
2026-01-18T19:38:15.1792756Z 
2026-01-18T19:38:15.1793031Z --- Scenario: Explore Swagger UI and Execute Pet Operations ---
2026-01-18T19:38:15.1793688Z   ▶️ [STEP step_1] NAVIGATE: Step step_1
2026-01-18T19:38:15.1794143Z     ✅ Step step_1 Passed.
2026-01-18T19:38:15.1794844Z   ▶️ [STEP step_2] ASSERT_VISIBLE: Swagger Petstore
2026-01-18T19:38:15.1795508Z     🎯 Using mined locator: text=Swagger Petstore 1.0.7 OAS 2.0
2026-01-18T19:38:15.1796043Z     ✅ Step step_2 Passed.
2026-01-18T19:38:15.1796462Z   ▶️ [STEP step_2_ai_1] CLICK: ALLOW ALL COOKIES
2026-01-18T19:38:15.1796936Z     🎯 Using mined locator: button
2026-01-18T19:38:15.1797351Z     ✅ Step step_2_ai_1 Passed.
2026-01-18T19:38:15.1797788Z   ▶️ [STEP step_2_ai_2] CLICK: SAVE SETTINGS
2026-01-18T19:38:15.1798272Z     🎯 Using mined locator: text=SAVE SETTINGS
2026-01-18T19:38:15.1798716Z     ✅ Step step_2_ai_2 Passed.
2026-01-18T19:38:15.1799136Z   ▶️ [STEP step_2_ai_3] CLICK: Authorize
2026-01-18T19:38:15.1799663Z     🎯 Using mined locator: role=button[name='Authorize']
2026-01-18T19:38:15.1800383Z     ✅ Step step_2_ai_3 Passed.
2026-01-18T19:38:15.1800794Z   ▶️ [STEP step_2_ai_4] FILL: Value:
2026-01-18T19:38:15.1801241Z     🎯 Using mined locator: #api_key_value
2026-01-18T19:38:15.1801670Z     ✅ Step step_2_ai_4 Passed.
2026-01-18T19:38:15.1802120Z   ▶️ [STEP step_2_ai_5] CLICK: Apply credentials
2026-01-18T19:38:15.1802727Z     🎯 Using mined locator: role=button[name='Apply credentials']
2026-01-18T19:38:15.1803275Z     ✅ Step step_2_ai_5 Passed.
2026-01-18T19:38:15.1803675Z   ▶️ [STEP step_2_ai_6] CLICK: Close
2026-01-18T19:38:15.1804163Z     🎯 Using mined locator: role=button[name='Close']
2026-01-18T19:38:15.1804674Z     ✅ Step step_2_ai_6 Passed.
2026-01-18T19:38:15.1805240Z   ▶️ [STEP step_2_ai_7] CLICK: pet Everything about your Pets Find out more
2026-01-18T19:38:15.1805885Z     🎯 Using mined locator: #operations-tag-pet
2026-01-18T19:38:15.1806347Z     ✅ Step step_2_ai_7 Passed.
2026-01-18T19:38:15.1806760Z   ▶️ [STEP step_2_ai_8] CLICK: Explore
2026-01-18T19:38:15.1807300Z     🎯 Using mined locator: role=button[name='Explore']
2026-01-18T19:38:15.1807791Z     ✅ Step step_2_ai_8 Passed.
2026-01-18T19:38:15.1808442Z ✅ Scenario 'Explore Swagger UI and Execute Pet Operations' completed successfully!
2026-01-18T19:38:15.1808950Z 
2026-01-18T19:38:15.1809223Z --- Scenario: Explore Swagger UI and Execute Store Operations ---
2026-01-18T19:38:15.1809973Z   ▶️ [STEP step_1] NAVIGATE: Step step_1
2026-01-18T19:38:15.1810458Z     ✅ Step step_1 Passed.
2026-01-18T19:38:15.1810922Z   ▶️ [STEP step_2] ASSERT_VISIBLE: Swagger Petstore
2026-01-18T19:38:15.1811532Z     🎯 Using mined locator: text=Swagger Petstore 1.0.7 OAS 2.0
2026-01-18T19:38:15.1812053Z     ✅ Step step_2 Passed.
2026-01-18T19:38:15.1812408Z   ▶️ [STEP step_3] CLICK: Store
2026-01-18T19:38:15.1813096Z     🎯 Using mined locator: role=link[name='https://petstore.swagger.io/v2/swagger.json']
2026-01-18T19:38:15.1813805Z     ✅ Step step_3 Passed.
2026-01-18T19:38:15.1814370Z   ▶️ [STEP step_3_ai_1] CLICK: pet Everything about your Pets Find out more
2026-01-18T19:38:15.1815025Z     🎯 Using mined locator: #operations-tag-pet
2026-01-18T19:38:15.1815477Z     ✅ Step step_3_ai_1 Passed.
2026-01-18T19:38:15.1815919Z   ▶️ [STEP step_3_ai_2] CLICK: Explore
2026-01-18T19:38:15.1816595Z     🎯 Using mined locator: button
2026-01-18T19:38:15.1817046Z     ✅ Step step_3_ai_2 Passed.
2026-01-18T19:38:15.1817486Z   ▶️ [STEP step_3_ai_3] CLICK: ALLOW ALL COOKIES
2026-01-18T19:38:15.1818087Z     🎯 Using mined locator: button:has-text('ALLOW ALL COOKIES')
2026-01-18T19:38:15.1818883Z     ❌ Attempt 1 failed (element_not_found): Locator.click: Timeout 10000ms exceeded.
2026-01-18T19:38:15.1819456Z Call log:
2026-01-18T19:38:15.1819927Z   - waiting for locator("button:has-text('ALLOW A...
2026-01-18T19:38:15.1820589Z     🔧 [AUTO-HEAL] Re-mining page to find 'ALLOW ALL COOKIES'...
2026-01-18T19:38:15.1821199Z [DEBUG] Sending request to gemini-2.0-flash. Number of parts: 2
2026-01-18T19:38:15.1821712Z [DEBUG] Received response (Length: 692)
2026-01-18T19:38:15.1822458Z     ✨ AI successfully healed the step! Found 2 alternatives.
2026-01-18T19:38:15.1823710Z     ✨ AI successfully healed the step! New selector: body > div:nth-child(3) > div > div > div > div.sc-iAyFgw.dYgiet > div.sc-jRQAMF.eipjxS > button:nth-child(1)
2026-01-18T19:38:15.1825052Z     ❌ Attempt 2 failed (element_not_found): Locator.bounding_box: Timeout 30000ms exceeded.
2026-01-18T19:38:15.1825685Z Call log:
2026-01-18T19:38:15.1825982Z   - waiting for locator("body > div:nth-ch...
2026-01-18T19:38:15.1826566Z     🔧 [AUTO-HEAL] Re-mining page to find 'ALLOW ALL COOKIES'...
2026-01-18T19:38:15.1827159Z [DEBUG] Sending request to gemini-2.0-flash. Number of parts: 2
2026-01-18T19:38:15.1827677Z [DEBUG] Received response (Length: 636)
2026-01-18T19:38:15.1828258Z     ✨ AI successfully healed the step! Found 2 alternatives.
2026-01-18T19:38:15.1829173Z     ✨ AI successfully healed the step! New selector: button:has-text('ALLOW ALL COOKIES')
2026-01-18T19:38:15.1830261Z     ❌ Attempt 3 failed (element_not_found): Locator.click: Timeout 10000ms exceeded.
2026-01-18T19:38:15.1830824Z Call log:
2026-01-18T19:38:15.1831157Z   - waiting for locator("button:has-text('ALLOW A...
2026-01-18T19:38:15.1831712Z     💀 Step step_3_ai_3 failed after all retries.
2026-01-18T19:38:15.1832491Z 🛑 Scenario 'Explore Swagger UI and Execute Store Operations' aborted due to step failure.
2026-01-18T19:38:15.1833016Z 
2026-01-18T19:38:15.1833264Z --- Scenario: Explore Swagger UI and Execute User Operations ---
2026-01-18T19:38:15.1833863Z   ▶️ [STEP step_1] NAVIGATE: Step step_1
2026-01-18T19:38:15.1834302Z     ✅ Step step_1 Passed.
2026-01-18T19:38:15.1834737Z   ▶️ [STEP step_2] ASSERT_VISIBLE: Swagger Petstore
2026-01-18T19:38:15.1835341Z     🎯 Using mined locator: text=Swagger Petstore 1.0.7 OAS 2.0
2026-01-18T19:38:15.1835860Z     ✅ Step step_2 Passed.
2026-01-18T19:38:15.1836279Z   ▶️ [STEP step_2_ai_1] CLICK: ALLOW ALL COOKIES
2026-01-18T19:38:15.1836756Z     🎯 Using mined locator: button
2026-01-18T19:38:15.1837320Z     ✅ Step step_2_ai_1 Passed.
2026-01-18T19:38:15.1837738Z   ▶️ [STEP step_2_ai_2] CLICK: SAVE SETTINGS
2026-01-18T19:38:15.1838221Z     🎯 Using mined locator: text=SAVE SETTINGS
2026-01-18T19:38:15.1838663Z     ✅ Step step_2_ai_2 Passed.
2026-01-18T19:38:15.1839086Z   ▶️ [STEP step_2_ai_3] CLICK: Authorize
2026-01-18T19:38:15.1839643Z     🎯 Using mined locator: role=button[name='Authorize']
2026-01-18T19:38:15.1840328Z     ✅ Step step_2_ai_3 Passed.
2026-01-18T19:38:15.1840790Z   ▶️ [STEP step_2_ai_4] FILL: Value:
2026-01-18T19:38:15.1841238Z     🎯 Using mined locator: #api_key_value
2026-01-18T19:38:15.1841671Z     ✅ Step step_2_ai_4 Passed.
2026-01-18T19:38:15.1842101Z   ▶️ [STEP step_2_ai_5] CLICK: Apply credentials
2026-01-18T19:38:15.1842708Z     🎯 Using mined locator: role=button[name='Apply credentials']
2026-01-18T19:38:15.1843253Z     ✅ Step step_2_ai_5 Passed.
2026-01-18T19:38:15.1843660Z   ▶️ [STEP step_2_ai_6] CLICK: Close
2026-01-18T19:38:15.1844179Z     🎯 Using mined locator: role=button[name='Close']
2026-01-18T19:38:15.1844692Z     ✅ Step step_2_ai_6 Passed.
2026-01-18T19:38:15.1845272Z   ▶️ [STEP step_2_ai_7] CLICK: pet Everything about your Pets Find out more
2026-01-18T19:38:15.1845930Z     🎯 Using mined locator: #operations-tag-pet
2026-01-18T19:38:15.1846601Z     ✅ Step step_2_ai_7 Passed.
2026-01-18T19:38:15.1847033Z   ▶️ [STEP step_2_ai_8] CLICK: Explore
2026-01-18T19:38:15.1847549Z     🎯 Using mined locator: role=button[name='Explore']
2026-01-18T19:38:15.1848051Z     ✅ Step step_2_ai_8 Passed.
2026-01-18T19:38:15.1848719Z ✅ Scenario 'Explore Swagger UI and Execute User Operations' completed successfully!
2026-01-18T19:38:15.1849232Z 
2026-01-18T19:38:15.1849384Z ============================================================
2026-01-18T19:38:15.1850001Z 🎯 EXECUTION SUMMARY
2026-01-18T19:38:15.1850315Z ============================================================
2026-01-18T19:38:15.1850611Z 
2026-01-18T19:38:15.1850769Z 📋 Scenario Overview:
2026-01-18T19:38:15.1851332Z    • Total Scenarios Planned: 3
2026-01-18T19:38:15.1851723Z    • Scenarios Executed: 3
2026-01-18T19:38:15.1852090Z    • Total Steps Executed: 26
2026-01-18T19:38:15.1852320Z 
2026-01-18T19:38:15.1852462Z ✅ Results:
2026-01-18T19:38:15.1852759Z    ✅ Passed: 2 (66%)
2026-01-18T19:38:15.1853096Z    ❌ Failed: 1 (33%)
2026-01-18T19:38:15.1853262Z 
2026-01-18T19:38:15.1853416Z ⚠️  Failed Scenarios:
2026-01-18T19:38:15.1853840Z    • Explore Swagger UI and Execute Store Operations
2026-01-18T19:38:15.1854165Z 
2026-01-18T19:38:15.1854303Z ============================================================
2026-01-18T19:38:15.1854589Z 
2026-01-18T19:38:15.1855370Z 🏁 Execution Finished. Report: /home/runner/work/build_qa_automation/build_qa_automation/projects/ci_petstore_swagger/execution.json
2026-01-18T19:38:15.3227657Z 
2026-01-18T19:38:15.3228097Z [PHASE] Running Phase: DISCOVERY
2026-01-18T19:38:15.3229335Z    Command: /opt/hostedtoolcache/Python/3.11.14/x64/bin/python /home/runner/work/build_qa_automation/build_qa_automation/core/agents/discovery.py --project /home/runner/work/build_qa_automation/build_qa_automation/projects/ci_petstore_swagger --url https://petstore.swagger.io/ --deep
2026-01-18T19:38:15.3232405Z ❌ Phase 'discovery' failed with error: Command '['/opt/hostedtoolcache/Python/3.11.14/x64/bin/python', '/home/runner/work/build_qa_automation/build_qa_automation/core/agents/discovery.py', '--project', '/home/runner/work/build_qa_automation/build_qa_automation/projects/ci_petstore_swagger', '--url', 'https://petstore.swagger.io/', '--deep']' returned non-zero exit status 2.
2026-01-18T19:38:15.3233921Z ⚠️ Initial discovery failed, but proceeding to planning...
2026-01-18T19:38:15.3234165Z 
2026-01-18T19:38:15.3234257Z [PHASE] Running Phase: PLANNING
2026-01-18T19:38:15.3235441Z    Command: /opt/hostedtoolcache/Python/3.11.14/x64/bin/python /home/runner/work/build_qa_automation/build_qa_automation/core/agents/planner.py --project /home/runner/work/build_qa_automation/build_qa_automation/projects/ci_petstore_swagger --goal Test Swagger UI interactions --url https://petstore.swagger.io/ --deep
2026-01-18T19:38:15.3236712Z ✅ Phase 'planning' completed successfully.
2026-01-18T19:38:15.3236898Z 
2026-01-18T19:38:15.3236993Z [PHASE] Running Phase: EXPLORATION
2026-01-18T19:38:15.3237911Z    Command: /opt/hostedtoolcache/Python/3.11.14/x64/bin/python /home/runner/work/build_qa_automation/build_qa_automation/core/agents/deep_explorer.py --project /home/runner/work/build_qa_automation/build_qa_automation/projects/ci_petstore_swagger
2026-01-18T19:38:15.3238897Z ✅ Phase 'exploration' completed successfully.
2026-01-18T19:38:15.3239237Z 📊 Exploration Discovery Success Rate: 100.0%
2026-01-18T19:38:15.3239425Z 
2026-01-18T19:38:15.3239512Z [PHASE] Running Phase: EXECUTION
2026-01-18T19:38:15.3240602Z    Command: /opt/hostedtoolcache/Python/3.11.14/x64/bin/python /home/runner/work/build_qa_automation/build_qa_automation/core/agents/executor.py --project /home/runner/work/build_qa_automation/build_qa_automation/projects/ci_petstore_swagger
2026-01-18T19:38:15.3241585Z ✅ Phase 'execution' completed successfully.
2026-01-18T19:38:15.3241772Z 
2026-01-18T19:38:15.3241874Z [DONE] Pipeline Execution Finished! [DONE]
2026-01-18T19:38:15.4291520Z ##[group]Run RESULT_FILE="projects/ci_petstore_swagger/execution.json"
2026-01-18T19:38:15.4292042Z [36;1mRESULT_FILE="projects/ci_petstore_swagger/execution.json"[0m
2026-01-18T19:38:15.4292402Z [36;1mif [ -f "$RESULT_FILE" ]; then[0m
2026-01-18T19:38:15.4292731Z [36;1m  echo "✅ Results generated successfully: $RESULT_FILE"[0m
2026-01-18T19:38:15.4293169Z [36;1m  cat "$RESULT_FILE" | jq '.scenarios | length' || echo "Result file exists"[0m
2026-01-18T19:38:15.4293538Z [36;1melse[0m
2026-01-18T19:38:15.4293765Z [36;1m  echo "❌ No result file found at $RESULT_FILE"[0m
2026-01-18T19:38:15.4294035Z [36;1m  exit 1[0m
2026-01-18T19:38:15.4294211Z [36;1mfi[0m
2026-01-18T19:38:15.4326445Z shell: /usr/bin/bash -e {0}
2026-01-18T19:38:15.4326669Z env:
2026-01-18T19:38:15.4327098Z   pythonLocation: /opt/hostedtoolcache/Python/3.11.14/x64
2026-01-18T19:38:15.4327519Z   PKG_CONFIG_PATH: /opt/hostedtoolcache/Python/3.11.14/x64/lib/pkgconfig
2026-01-18T19:38:15.4327947Z   Python_ROOT_DIR: /opt/hostedtoolcache/Python/3.11.14/x64
2026-01-18T19:38:15.4328309Z   Python2_ROOT_DIR: /opt/hostedtoolcache/Python/3.11.14/x64
2026-01-18T19:38:15.4328669Z   Python3_ROOT_DIR: /opt/hostedtoolcache/Python/3.11.14/x64
2026-01-18T19:38:15.4329039Z   LD_LIBRARY_PATH: /opt/hostedtoolcache/Python/3.11.14/x64/lib
2026-01-18T19:38:15.4329338Z ##[endgroup]
2026-01-18T19:38:15.4384821Z ✅ Results generated successfully: projects/ci_petstore_swagger/execution.json
2026-01-18T19:38:15.4411279Z 3
2026-01-18T19:38:15.4476676Z ##[group]Run actions/upload-artifact@v4
2026-01-18T19:38:15.4476965Z with:
2026-01-18T19:38:15.4477171Z   name: petstore_swagger-execution-results
2026-01-18T19:38:15.4477642Z   path: projects/ci_petstore_swagger/execution.json
projects/ci_petstore_swagger/workflow.json

2026-01-18T19:38:15.4478116Z   retention-days: 30
2026-01-18T19:38:15.4478324Z   if-no-files-found: warn
2026-01-18T19:38:15.4478539Z   compression-level: 6
2026-01-18T19:38:15.4478732Z   overwrite: false
2026-01-18T19:38:15.4478924Z   include-hidden-files: false
2026-01-18T19:38:15.4479129Z env:
2026-01-18T19:38:15.4479366Z   pythonLocation: /opt/hostedtoolcache/Python/3.11.14/x64
2026-01-18T19:38:15.4480015Z   PKG_CONFIG_PATH: /opt/hostedtoolcache/Python/3.11.14/x64/lib/pkgconfig
2026-01-18T19:38:15.4480443Z   Python_ROOT_DIR: /opt/hostedtoolcache/Python/3.11.14/x64
2026-01-18T19:38:15.4480797Z   Python2_ROOT_DIR: /opt/hostedtoolcache/Python/3.11.14/x64
2026-01-18T19:38:15.4481184Z   Python3_ROOT_DIR: /opt/hostedtoolcache/Python/3.11.14/x64
2026-01-18T19:38:15.4481549Z   LD_LIBRARY_PATH: /opt/hostedtoolcache/Python/3.11.14/x64/lib
2026-01-18T19:38:15.4481842Z ##[endgroup]
2026-01-18T19:38:15.6838625Z Multiple search paths detected. Calculating the least common ancestor of all paths
2026-01-18T19:38:15.6844687Z The least common ancestor is /home/runner/work/build_qa_automation/build_qa_automation/projects/ci_petstore_swagger. This will be the root directory of the artifact
2026-01-18T19:38:15.6846501Z With the provided path, there will be 2 files uploaded
2026-01-18T19:38:15.6851291Z Artifact name is valid!
2026-01-18T19:38:15.6852949Z Root directory input is valid!
2026-01-18T19:38:15.9413702Z Beginning upload of artifact content to blob storage
2026-01-18T19:38:16.2620422Z Uploaded bytes 2165
2026-01-18T19:38:16.3434879Z Finished uploading artifact content to blob storage!
2026-01-18T19:38:16.3438382Z SHA256 digest of uploaded artifact zip is 9047436823dec4e56785cf568edcd2c4a5d616157c58cd28e79d3d68cce28453
2026-01-18T19:38:16.3440776Z Finalizing artifact upload
2026-01-18T19:38:16.4834137Z Artifact petstore_swagger-execution-results.zip successfully finalized. Artifact ID 5170120587
2026-01-18T19:38:16.4835138Z Artifact petstore_swagger-execution-results has been successfully uploaded! Final size is 2165 bytes. Artifact ID is 5170120587
2026-01-18T19:38:16.4842848Z Artifact download URL: https://github.com/vishvasmca-cmd/build_qa_automation/actions/runs/21116744370/artifacts/5170120587
2026-01-18T19:38:16.4969011Z Post job cleanup.
2026-01-18T19:38:16.6540380Z Cache hit occurred on the primary key setup-python-Linux-x64-24.04-Ubuntu-python-3.11.14-pip-dde08d0e0b672972dcda9f1a063036a2e0c226f5d0a20362e9401931676d80a4, not saving cache.
2026-01-18T19:38:16.6650968Z Post job cleanup.
2026-01-18T19:38:16.7601952Z [command]/usr/bin/git version
2026-01-18T19:38:16.7642366Z git version 2.52.0
2026-01-18T19:38:16.7686836Z Temporarily overriding HOME='/home/runner/work/_temp/38c4a533-62ec-4ab9-b1d4-46c4cf613a08' before making global git config changes
2026-01-18T19:38:16.7688264Z Adding repository directory to the temporary git global config as a safe directory
2026-01-18T19:38:16.7702720Z [command]/usr/bin/git config --global --add safe.directory /home/runner/work/build_qa_automation/build_qa_automation
2026-01-18T19:38:16.7740545Z [command]/usr/bin/git config --local --name-only --get-regexp core\.sshCommand
2026-01-18T19:38:16.7775649Z [command]/usr/bin/git submodule foreach --recursive sh -c "git config --local --name-only --get-regexp 'core\.sshCommand' && git config --local --unset-all 'core.sshCommand' || :"
2026-01-18T19:38:16.8033618Z [command]/usr/bin/git config --local --name-only --get-regexp http\.https\:\/\/github\.com\/\.extraheader
2026-01-18T19:38:16.8060951Z http.https://github.com/.extraheader
2026-01-18T19:38:16.8078142Z [command]/usr/bin/git config --local --unset-all http.https://github.com/.extraheader
2026-01-18T19:38:16.8114363Z [command]/usr/bin/git submodule foreach --recursive sh -c "git config --local --name-only --get-regexp 'http\.https\:\/\/github\.com\/\.extraheader' && git config --local --unset-all 'http.https://github.com/.extraheader' || :"
2026-01-18T19:38:16.8341048Z [command]/usr/bin/git config --local --name-only --get-regexp ^includeIf\.gitdir:
2026-01-18T19:38:16.8373125Z [command]/usr/bin/git submodule foreach --recursive git config --local --show-origin --name-only --get-regexp remote.origin.url
2026-01-18T19:38:16.8696620Z Cleaning up orphan processes
