2026-01-20T00:07:28.2678949Z Current runner version: '2.331.0'
2026-01-20T00:07:28.2708371Z ##[group]Runner Image Provisioner
2026-01-20T00:07:28.2709233Z Hosted Compute Agent
2026-01-20T00:07:28.2710015Z Version: 20251211.462
2026-01-20T00:07:28.2710665Z Commit: 6cbad8c2bb55d58165063d031ccabf57e2d2db61
2026-01-20T00:07:28.2711431Z Build Date: 2025-12-11T16:28:49Z
2026-01-20T00:07:28.2712092Z Worker ID: {b04369b6-fc93-4ef9-9468-04f61229308c}
2026-01-20T00:07:28.2712753Z ##[endgroup]
2026-01-20T00:07:28.2713337Z ##[group]Operating System
2026-01-20T00:07:28.2713890Z Ubuntu
2026-01-20T00:07:28.2714316Z 24.04.3
2026-01-20T00:07:28.2714814Z LTS
2026-01-20T00:07:28.2715231Z ##[endgroup]
2026-01-20T00:07:28.2715757Z ##[group]Runner Image
2026-01-20T00:07:28.2716350Z Image: ubuntu-24.04
2026-01-20T00:07:28.2716823Z Version: 20260111.209.1
2026-01-20T00:07:28.2717828Z Included Software: https://github.com/actions/runner-images/blob/ubuntu24/20260111.209/images/ubuntu/Ubuntu2404-Readme.md
2026-01-20T00:07:28.2719356Z Image Release: https://github.com/actions/runner-images/releases/tag/ubuntu24%2F20260111.209
2026-01-20T00:07:28.2720554Z ##[endgroup]
2026-01-20T00:07:28.2721736Z ##[group]GITHUB_TOKEN Permissions
2026-01-20T00:07:28.2723737Z Contents: read
2026-01-20T00:07:28.2724320Z Metadata: read
2026-01-20T00:07:28.2724856Z Packages: read
2026-01-20T00:07:28.2725331Z ##[endgroup]
2026-01-20T00:07:28.2727618Z Secret source: Actions
2026-01-20T00:07:28.2728601Z Prepare workflow directory
2026-01-20T00:07:28.3047786Z Prepare all required actions
2026-01-20T00:07:28.3084939Z Getting action download info
2026-01-20T00:07:28.6159269Z Download action repository 'actions/checkout@v4' (SHA:34e114876b0b11c390a56381ad16ebd13914f8d5)
2026-01-20T00:07:29.1438440Z Download action repository 'actions/setup-python@v5' (SHA:a26af69be951a213d495a4c3e4e4022e16d87065)
2026-01-20T00:07:29.2699307Z Download action repository 'actions/upload-artifact@v4' (SHA:ea165f8d65b6e75b540449e92b4886f43607fa02)
2026-01-20T00:07:29.5621048Z Complete job name: test-websites-deep (uitestingplayground, http://uitestingplayground.com/, Test UI interactions)
2026-01-20T00:07:29.6342260Z ##[group]Run actions/checkout@v4
2026-01-20T00:07:29.6343151Z with:
2026-01-20T00:07:29.6343652Z   repository: vishvasmca-cmd/build_qa_automation
2026-01-20T00:07:29.6344432Z   token: ***
2026-01-20T00:07:29.6344855Z   ssh-strict: true
2026-01-20T00:07:29.6345281Z   ssh-user: git
2026-01-20T00:07:29.6345716Z   persist-credentials: true
2026-01-20T00:07:29.6346195Z   clean: true
2026-01-20T00:07:29.6346624Z   sparse-checkout-cone-mode: true
2026-01-20T00:07:29.6347153Z   fetch-depth: 1
2026-01-20T00:07:29.6347579Z   fetch-tags: false
2026-01-20T00:07:29.6348023Z   show-progress: true
2026-01-20T00:07:29.6348485Z   lfs: false
2026-01-20T00:07:29.6348874Z   submodules: false
2026-01-20T00:07:29.6349368Z   set-safe-directory: true
2026-01-20T00:07:29.6350276Z ##[endgroup]
2026-01-20T00:07:29.7400905Z Syncing repository: vishvasmca-cmd/build_qa_automation
2026-01-20T00:07:29.7402804Z ##[group]Getting Git version info
2026-01-20T00:07:29.7403768Z Working directory is '/home/runner/work/build_qa_automation/build_qa_automation'
2026-01-20T00:07:29.7404941Z [command]/usr/bin/git version
2026-01-20T00:07:29.8638586Z git version 2.52.0
2026-01-20T00:07:29.8666227Z ##[endgroup]
2026-01-20T00:07:29.8686491Z Temporarily overriding HOME='/home/runner/work/_temp/34637aeb-fba7-4b74-b9ed-da47c78bf580' before making global git config changes
2026-01-20T00:07:29.8688157Z Adding repository directory to the temporary git global config as a safe directory
2026-01-20T00:07:29.8692047Z [command]/usr/bin/git config --global --add safe.directory /home/runner/work/build_qa_automation/build_qa_automation
2026-01-20T00:07:29.8780105Z Deleting the contents of '/home/runner/work/build_qa_automation/build_qa_automation'
2026-01-20T00:07:29.8783575Z ##[group]Initializing the repository
2026-01-20T00:07:29.8787370Z [command]/usr/bin/git init /home/runner/work/build_qa_automation/build_qa_automation
2026-01-20T00:07:29.9390542Z hint: Using 'master' as the name for the initial branch. This default branch name
2026-01-20T00:07:29.9392002Z hint: will change to "main" in Git 3.0. To configure the initial branch name
2026-01-20T00:07:29.9393006Z hint: to use in all of your new repositories, which will suppress this warning,
2026-01-20T00:07:29.9393778Z hint: call:
2026-01-20T00:07:29.9394161Z hint:
2026-01-20T00:07:29.9394704Z hint: 	git config --global init.defaultBranch <name>
2026-01-20T00:07:29.9395341Z hint:
2026-01-20T00:07:29.9395928Z hint: Names commonly chosen instead of 'master' are 'main', 'trunk' and
2026-01-20T00:07:29.9396934Z hint: 'development'. The just-created branch can be renamed via this command:
2026-01-20T00:07:29.9397721Z hint:
2026-01-20T00:07:29.9398117Z hint: 	git branch -m <name>
2026-01-20T00:07:29.9398611Z hint:
2026-01-20T00:07:29.9444557Z hint: Disable this message with "git config set advice.defaultBranchName false"
2026-01-20T00:07:29.9446576Z Initialized empty Git repository in /home/runner/work/build_qa_automation/build_qa_automation/.git/
2026-01-20T00:07:29.9457595Z [command]/usr/bin/git remote add origin https://github.com/vishvasmca-cmd/build_qa_automation
2026-01-20T00:07:29.9551071Z ##[endgroup]
2026-01-20T00:07:29.9551866Z ##[group]Disabling automatic garbage collection
2026-01-20T00:07:29.9554856Z [command]/usr/bin/git config --local gc.auto 0
2026-01-20T00:07:29.9582147Z ##[endgroup]
2026-01-20T00:07:29.9582861Z ##[group]Setting up auth
2026-01-20T00:07:29.9588818Z [command]/usr/bin/git config --local --name-only --get-regexp core\.sshCommand
2026-01-20T00:07:29.9618410Z [command]/usr/bin/git submodule foreach --recursive sh -c "git config --local --name-only --get-regexp 'core\.sshCommand' && git config --local --unset-all 'core.sshCommand' || :"
2026-01-20T00:07:30.1625256Z [command]/usr/bin/git config --local --name-only --get-regexp http\.https\:\/\/github\.com\/\.extraheader
2026-01-20T00:07:30.1655000Z [command]/usr/bin/git submodule foreach --recursive sh -c "git config --local --name-only --get-regexp 'http\.https\:\/\/github\.com\/\.extraheader' && git config --local --unset-all 'http.https://github.com/.extraheader' || :"
2026-01-20T00:07:30.1871216Z [command]/usr/bin/git config --local --name-only --get-regexp ^includeIf\.gitdir:
2026-01-20T00:07:30.1901466Z [command]/usr/bin/git submodule foreach --recursive git config --local --show-origin --name-only --get-regexp remote.origin.url
2026-01-20T00:07:30.2119017Z [command]/usr/bin/git config --local http.https://github.com/.extraheader AUTHORIZATION: basic ***
2026-01-20T00:07:30.2153068Z ##[endgroup]
2026-01-20T00:07:30.2154937Z ##[group]Fetching the repository
2026-01-20T00:07:30.2161854Z [command]/usr/bin/git -c protocol.version=2 fetch --no-tags --prune --no-recurse-submodules --depth=1 origin +d25504decfc404871c7c3bd5ac186d61498b2813:refs/remotes/origin/main
2026-01-20T00:07:31.3392520Z From https://github.com/vishvasmca-cmd/build_qa_automation
2026-01-20T00:07:31.3393247Z  * [new ref]         d25504decfc404871c7c3bd5ac186d61498b2813 -> origin/main
2026-01-20T00:07:31.3478677Z ##[endgroup]
2026-01-20T00:07:31.3479117Z ##[group]Determining the checkout info
2026-01-20T00:07:31.3481842Z ##[endgroup]
2026-01-20T00:07:31.3486931Z [command]/usr/bin/git sparse-checkout disable
2026-01-20T00:07:31.3583481Z [command]/usr/bin/git config --local --unset-all extensions.worktreeConfig
2026-01-20T00:07:31.3607319Z ##[group]Checking out the ref
2026-01-20T00:07:31.3611402Z [command]/usr/bin/git checkout --progress --force -B main refs/remotes/origin/main
2026-01-20T00:07:31.5212364Z Switched to a new branch 'main'
2026-01-20T00:07:31.5214134Z branch 'main' set up to track 'origin/main'.
2026-01-20T00:07:31.5233122Z ##[endgroup]
2026-01-20T00:07:31.5271327Z [command]/usr/bin/git log -1 --format=%H
2026-01-20T00:07:31.5293724Z d25504decfc404871c7c3bd5ac186d61498b2813
2026-01-20T00:07:31.5522745Z ##[group]Run actions/setup-python@v5
2026-01-20T00:07:31.5523080Z with:
2026-01-20T00:07:31.5523271Z   python-version: 3.11
2026-01-20T00:07:31.5523494Z   cache: pip
2026-01-20T00:07:31.5523886Z   check-latest: false
2026-01-20T00:07:31.5524260Z   token: ***
2026-01-20T00:07:31.5524509Z   update-environment: true
2026-01-20T00:07:31.5524748Z   allow-prereleases: false
2026-01-20T00:07:31.5524979Z   freethreaded: false
2026-01-20T00:07:31.5525180Z ##[endgroup]
2026-01-20T00:07:31.7152795Z ##[group]Installed versions
2026-01-20T00:07:31.7853684Z Successfully set up CPython (3.11.14)
2026-01-20T00:07:31.7854614Z ##[endgroup]
2026-01-20T00:07:31.9008760Z [command]/opt/hostedtoolcache/Python/3.11.14/x64/bin/pip cache dir
2026-01-20T00:07:33.6126660Z /home/runner/.cache/pip
2026-01-20T00:07:33.7467199Z Cache hit for: setup-python-Linux-x64-24.04-Ubuntu-python-3.11.14-pip-dde08d0e0b672972dcda9f1a063036a2e0c226f5d0a20362e9401931676d80a4
2026-01-20T00:07:34.7851414Z Received 239075328 of 254742636 (93.8%), 227.5 MBs/sec
2026-01-20T00:07:34.8842295Z Received 254742636 of 254742636 (100.0%), 220.1 MBs/sec
2026-01-20T00:07:34.8843599Z Cache Size: ~243 MB (254742636 B)
2026-01-20T00:07:34.8881802Z [command]/usr/bin/tar -xf /home/runner/work/_temp/ae64ca94-27c6-491f-9e26-f2c0c8784591/cache.tzst -P -C /home/runner/work/build_qa_automation/build_qa_automation --use-compress-program unzstd
2026-01-20T00:07:35.3080126Z Cache restored successfully
2026-01-20T00:07:35.3568756Z Cache restored from key: setup-python-Linux-x64-24.04-Ubuntu-python-3.11.14-pip-dde08d0e0b672972dcda9f1a063036a2e0c226f5d0a20362e9401931676d80a4
2026-01-20T00:07:35.3825528Z ##[group]Run pip install -r requirements.txt
2026-01-20T00:07:35.3825944Z [36;1mpip install -r requirements.txt[0m
2026-01-20T00:07:35.3826241Z [36;1mplaywright install chromium[0m
2026-01-20T00:07:35.3864589Z shell: /usr/bin/bash -e {0}
2026-01-20T00:07:35.3864841Z env:
2026-01-20T00:07:35.3865091Z   pythonLocation: /opt/hostedtoolcache/Python/3.11.14/x64
2026-01-20T00:07:35.3865527Z   PKG_CONFIG_PATH: /opt/hostedtoolcache/Python/3.11.14/x64/lib/pkgconfig
2026-01-20T00:07:35.3865949Z   Python_ROOT_DIR: /opt/hostedtoolcache/Python/3.11.14/x64
2026-01-20T00:07:35.3866329Z   Python2_ROOT_DIR: /opt/hostedtoolcache/Python/3.11.14/x64
2026-01-20T00:07:35.3866685Z   Python3_ROOT_DIR: /opt/hostedtoolcache/Python/3.11.14/x64
2026-01-20T00:07:35.3867053Z   LD_LIBRARY_PATH: /opt/hostedtoolcache/Python/3.11.14/x64/lib
2026-01-20T00:07:35.3867358Z ##[endgroup]
2026-01-20T00:07:36.8337164Z Collecting playwright (from -r requirements.txt (line 1))
2026-01-20T00:07:36.8352599Z   Using cached playwright-1.57.0-py3-none-manylinux1_x86_64.whl.metadata (3.5 kB)
2026-01-20T00:07:36.8508088Z Collecting python-dotenv (from -r requirements.txt (line 2))
2026-01-20T00:07:36.8523060Z   Using cached python_dotenv-1.2.1-py3-none-any.whl.metadata (25 kB)
2026-01-20T00:07:36.8775312Z Collecting requests (from -r requirements.txt (line 3))
2026-01-20T00:07:36.8789042Z   Using cached requests-2.32.5-py3-none-any.whl.metadata (4.9 kB)
2026-01-20T00:07:37.0666965Z Collecting pillow (from -r requirements.txt (line 4))
2026-01-20T00:07:37.0684306Z   Using cached pillow-12.1.0-cp311-cp311-manylinux_2_27_x86_64.manylinux_2_28_x86_64.whl.metadata (8.8 kB)
2026-01-20T00:07:37.0919713Z Collecting google-genai>=0.3.0 (from -r requirements.txt (line 5))
2026-01-20T00:07:37.0933782Z   Using cached google_genai-1.59.0-py3-none-any.whl.metadata (53 kB)
2026-01-20T00:07:37.1069557Z Collecting termcolor (from -r requirements.txt (line 6))
2026-01-20T00:07:37.1083516Z   Using cached termcolor-3.3.0-py3-none-any.whl.metadata (6.5 kB)
2026-01-20T00:07:37.1413091Z Collecting PyYAML (from -r requirements.txt (line 7))
2026-01-20T00:07:37.1427229Z   Using cached pyyaml-6.0.3-cp311-cp311-manylinux2014_x86_64.manylinux_2_17_x86_64.manylinux_2_28_x86_64.whl.metadata (2.4 kB)
2026-01-20T00:07:37.1944418Z Collecting opencv-python-headless (from -r requirements.txt (line 8))
2026-01-20T00:07:37.1958221Z   Using cached opencv_python_headless-4.13.0.90-cp37-abi3-manylinux_2_28_x86_64.whl.metadata (19 kB)
2026-01-20T00:07:37.3826397Z Collecting numpy (from -r requirements.txt (line 9))
2026-01-20T00:07:37.3840478Z   Using cached numpy-2.4.1-cp311-cp311-manylinux_2_27_x86_64.manylinux_2_28_x86_64.whl.metadata (6.6 kB)
2026-01-20T00:07:37.4574888Z Collecting faker (from -r requirements.txt (line 10))
2026-01-20T00:07:37.4588313Z   Using cached faker-40.1.2-py3-none-any.whl.metadata (16 kB)
2026-01-20T00:07:37.4729068Z Collecting pyee<14,>=13 (from playwright->-r requirements.txt (line 1))
2026-01-20T00:07:37.4742304Z   Using cached pyee-13.0.0-py3-none-any.whl.metadata (2.9 kB)
2026-01-20T00:07:37.5894143Z Collecting greenlet<4.0.0,>=3.1.1 (from playwright->-r requirements.txt (line 1))
2026-01-20T00:07:37.5908531Z   Using cached greenlet-3.3.0-cp311-cp311-manylinux_2_24_x86_64.manylinux_2_28_x86_64.whl.metadata (4.1 kB)
2026-01-20T00:07:37.6069972Z Collecting typing-extensions (from pyee<14,>=13->playwright->-r requirements.txt (line 1))
2026-01-20T00:07:37.6082780Z   Using cached typing_extensions-4.15.0-py3-none-any.whl.metadata (3.3 kB)
2026-01-20T00:07:37.6843451Z Collecting charset_normalizer<4,>=2 (from requests->-r requirements.txt (line 3))
2026-01-20T00:07:37.6857147Z   Using cached charset_normalizer-3.4.4-cp311-cp311-manylinux2014_x86_64.manylinux_2_17_x86_64.manylinux_2_28_x86_64.whl.metadata (37 kB)
2026-01-20T00:07:37.7003348Z Collecting idna<4,>=2.5 (from requests->-r requirements.txt (line 3))
2026-01-20T00:07:37.7016055Z   Using cached idna-3.11-py3-none-any.whl.metadata (8.4 kB)
2026-01-20T00:07:37.7271124Z Collecting urllib3<3,>=1.21.1 (from requests->-r requirements.txt (line 3))
2026-01-20T00:07:37.7287620Z   Using cached urllib3-2.6.3-py3-none-any.whl.metadata (6.9 kB)
2026-01-20T00:07:37.7478668Z Collecting certifi>=2017.4.17 (from requests->-r requirements.txt (line 3))
2026-01-20T00:07:37.7491919Z   Using cached certifi-2026.1.4-py3-none-any.whl.metadata (2.5 kB)
2026-01-20T00:07:37.7681311Z Collecting anyio<5.0.0,>=4.8.0 (from google-genai>=0.3.0->-r requirements.txt (line 5))
2026-01-20T00:07:37.7694481Z   Using cached anyio-4.12.1-py3-none-any.whl.metadata (4.3 kB)
2026-01-20T00:07:37.8054105Z Collecting google-auth<3.0.0,>=2.47.0 (from google-auth[requests]<3.0.0,>=2.47.0->google-genai>=0.3.0->-r requirements.txt (line 5))
2026-01-20T00:07:37.8066997Z   Using cached google_auth-2.47.0-py3-none-any.whl.metadata (6.4 kB)
2026-01-20T00:07:37.8282596Z Collecting httpx<1.0.0,>=0.28.1 (from google-genai>=0.3.0->-r requirements.txt (line 5))
2026-01-20T00:07:37.8296303Z   Using cached httpx-0.28.1-py3-none-any.whl.metadata (7.1 kB)
2026-01-20T00:07:37.9639547Z Collecting pydantic<3.0.0,>=2.9.0 (from google-genai>=0.3.0->-r requirements.txt (line 5))
2026-01-20T00:07:37.9654397Z   Using cached pydantic-2.12.5-py3-none-any.whl.metadata (90 kB)
2026-01-20T00:07:37.9904877Z Collecting tenacity<9.2.0,>=8.2.3 (from google-genai>=0.3.0->-r requirements.txt (line 5))
2026-01-20T00:07:37.9918054Z   Using cached tenacity-9.1.2-py3-none-any.whl.metadata (1.2 kB)
2026-01-20T00:07:38.0726242Z Collecting websockets<15.1.0,>=13.0.0 (from google-genai>=0.3.0->-r requirements.txt (line 5))
2026-01-20T00:07:38.0741002Z   Using cached websockets-15.0.1-cp311-cp311-manylinux_2_5_x86_64.manylinux1_x86_64.manylinux_2_17_x86_64.manylinux2014_x86_64.whl.metadata (6.8 kB)
2026-01-20T00:07:38.0899023Z Collecting distro<2,>=1.7.0 (from google-genai>=0.3.0->-r requirements.txt (line 5))
2026-01-20T00:07:38.0912453Z   Using cached distro-1.9.0-py3-none-any.whl.metadata (6.8 kB)
2026-01-20T00:07:38.0992328Z Collecting sniffio (from google-genai>=0.3.0->-r requirements.txt (line 5))
2026-01-20T00:07:38.1005949Z   Using cached sniffio-1.3.1-py3-none-any.whl.metadata (3.9 kB)
2026-01-20T00:07:38.1268042Z Collecting pyasn1-modules>=0.2.1 (from google-auth<3.0.0,>=2.47.0->google-auth[requests]<3.0.0,>=2.47.0->google-genai>=0.3.0->-r requirements.txt (line 5))
2026-01-20T00:07:38.1281217Z   Using cached pyasn1_modules-0.4.2-py3-none-any.whl.metadata (3.5 kB)
2026-01-20T00:07:38.1414230Z Collecting rsa<5,>=3.1.4 (from google-auth<3.0.0,>=2.47.0->google-auth[requests]<3.0.0,>=2.47.0->google-genai>=0.3.0->-r requirements.txt (line 5))
2026-01-20T00:07:38.1427219Z   Using cached rsa-4.9.1-py3-none-any.whl.metadata (5.6 kB)
2026-01-20T00:07:38.1724204Z Collecting httpcore==1.* (from httpx<1.0.0,>=0.28.1->google-genai>=0.3.0->-r requirements.txt (line 5))
2026-01-20T00:07:38.1737302Z   Using cached httpcore-1.0.9-py3-none-any.whl.metadata (21 kB)
2026-01-20T00:07:38.1848870Z Collecting h11>=0.16 (from httpcore==1.*->httpx<1.0.0,>=0.28.1->google-genai>=0.3.0->-r requirements.txt (line 5))
2026-01-20T00:07:38.1862144Z   Using cached h11-0.16.0-py3-none-any.whl.metadata (8.3 kB)
2026-01-20T00:07:38.1958986Z Collecting annotated-types>=0.6.0 (from pydantic<3.0.0,>=2.9.0->google-genai>=0.3.0->-r requirements.txt (line 5))
2026-01-20T00:07:38.1972447Z   Using cached annotated_types-0.7.0-py3-none-any.whl.metadata (15 kB)
2026-01-20T00:07:38.8296820Z Collecting pydantic-core==2.41.5 (from pydantic<3.0.0,>=2.9.0->google-genai>=0.3.0->-r requirements.txt (line 5))
2026-01-20T00:07:38.8313192Z   Using cached pydantic_core-2.41.5-cp311-cp311-manylinux_2_17_x86_64.manylinux2014_x86_64.whl.metadata (7.3 kB)
2026-01-20T00:07:38.8458824Z Collecting typing-inspection>=0.4.2 (from pydantic<3.0.0,>=2.9.0->google-genai>=0.3.0->-r requirements.txt (line 5))
2026-01-20T00:07:38.8472458Z   Using cached typing_inspection-0.4.2-py3-none-any.whl.metadata (2.6 kB)
2026-01-20T00:07:38.9116285Z Collecting pyasn1>=0.1.3 (from rsa<5,>=3.1.4->google-auth<3.0.0,>=2.47.0->google-auth[requests]<3.0.0,>=2.47.0->google-genai>=0.3.0->-r requirements.txt (line 5))
2026-01-20T00:07:38.9131944Z   Using cached pyasn1-0.6.2-py3-none-any.whl.metadata (8.4 kB)
2026-01-20T00:07:38.9408405Z Using cached playwright-1.57.0-py3-none-manylinux1_x86_64.whl (46.0 MB)
2026-01-20T00:07:38.9742781Z Using cached greenlet-3.3.0-cp311-cp311-manylinux_2_24_x86_64.manylinux_2_28_x86_64.whl (590 kB)
2026-01-20T00:07:38.9759185Z Using cached pyee-13.0.0-py3-none-any.whl (15 kB)
2026-01-20T00:07:38.9772700Z Using cached python_dotenv-1.2.1-py3-none-any.whl (21 kB)
2026-01-20T00:07:38.9785997Z Using cached requests-2.32.5-py3-none-any.whl (64 kB)
2026-01-20T00:07:38.9800108Z Using cached charset_normalizer-3.4.4-cp311-cp311-manylinux2014_x86_64.manylinux_2_17_x86_64.manylinux_2_28_x86_64.whl (151 kB)
2026-01-20T00:07:38.9813726Z Using cached idna-3.11-py3-none-any.whl (71 kB)
2026-01-20T00:07:38.9827142Z Using cached urllib3-2.6.3-py3-none-any.whl (131 kB)
2026-01-20T00:07:38.9841414Z Using cached pillow-12.1.0-cp311-cp311-manylinux_2_27_x86_64.manylinux_2_28_x86_64.whl (7.0 MB)
2026-01-20T00:07:38.9902768Z Using cached google_genai-1.59.0-py3-none-any.whl (719 kB)
2026-01-20T00:07:38.9920478Z Using cached anyio-4.12.1-py3-none-any.whl (113 kB)
2026-01-20T00:07:38.9933947Z Using cached distro-1.9.0-py3-none-any.whl (20 kB)
2026-01-20T00:07:38.9946964Z Using cached google_auth-2.47.0-py3-none-any.whl (234 kB)
2026-01-20T00:07:38.9961445Z Using cached httpx-0.28.1-py3-none-any.whl (73 kB)
2026-01-20T00:07:38.9974512Z Using cached httpcore-1.0.9-py3-none-any.whl (78 kB)
2026-01-20T00:07:38.9987915Z Using cached pydantic-2.12.5-py3-none-any.whl (463 kB)
2026-01-20T00:07:39.0004366Z Using cached pydantic_core-2.41.5-cp311-cp311-manylinux_2_17_x86_64.manylinux2014_x86_64.whl (2.1 MB)
2026-01-20T00:07:39.0033868Z Using cached rsa-4.9.1-py3-none-any.whl (34 kB)
2026-01-20T00:07:39.0048603Z Using cached tenacity-9.1.2-py3-none-any.whl (28 kB)
2026-01-20T00:07:39.0066082Z Using cached typing_extensions-4.15.0-py3-none-any.whl (44 kB)
2026-01-20T00:07:39.0079404Z Using cached websockets-15.0.1-cp311-cp311-manylinux_2_5_x86_64.manylinux1_x86_64.manylinux_2_17_x86_64.manylinux2014_x86_64.whl (182 kB)
2026-01-20T00:07:39.0093137Z Using cached termcolor-3.3.0-py3-none-any.whl (7.7 kB)
2026-01-20T00:07:39.0105980Z Using cached pyyaml-6.0.3-cp311-cp311-manylinux2014_x86_64.manylinux_2_17_x86_64.manylinux_2_28_x86_64.whl (806 kB)
2026-01-20T00:07:39.0124300Z Using cached opencv_python_headless-4.13.0.90-cp37-abi3-manylinux_2_28_x86_64.whl (62.5 MB)
2026-01-20T00:07:39.0571352Z Using cached numpy-2.4.1-cp311-cp311-manylinux_2_27_x86_64.manylinux_2_28_x86_64.whl (16.7 MB)
2026-01-20T00:07:39.0700223Z Using cached faker-40.1.2-py3-none-any.whl (2.0 MB)
2026-01-20T00:07:39.0726484Z Using cached annotated_types-0.7.0-py3-none-any.whl (13 kB)
2026-01-20T00:07:39.0739015Z Using cached certifi-2026.1.4-py3-none-any.whl (152 kB)
2026-01-20T00:07:39.0752767Z Using cached h11-0.16.0-py3-none-any.whl (37 kB)
2026-01-20T00:07:39.0765505Z Using cached pyasn1-0.6.2-py3-none-any.whl (83 kB)
2026-01-20T00:07:39.0778644Z Using cached pyasn1_modules-0.4.2-py3-none-any.whl (181 kB)
2026-01-20T00:07:39.0792588Z Using cached typing_inspection-0.4.2-py3-none-any.whl (14 kB)
2026-01-20T00:07:39.0805799Z Using cached sniffio-1.3.1-py3-none-any.whl (10 kB)
2026-01-20T00:07:39.3032323Z Installing collected packages: websockets, urllib3, typing-extensions, termcolor, tenacity, sniffio, PyYAML, python-dotenv, pyasn1, pillow, numpy, idna, h11, greenlet, faker, distro, charset_normalizer, certifi, annotated-types, typing-inspection, rsa, requests, pyee, pydantic-core, pyasn1-modules, opencv-python-headless, httpcore, anyio, pydantic, playwright, httpx, google-auth, google-genai
2026-01-20T00:07:46.0472348Z 
2026-01-20T00:07:46.0495604Z Successfully installed PyYAML-6.0.3 annotated-types-0.7.0 anyio-4.12.1 certifi-2026.1.4 charset_normalizer-3.4.4 distro-1.9.0 faker-40.1.2 google-auth-2.47.0 google-genai-1.59.0 greenlet-3.3.0 h11-0.16.0 httpcore-1.0.9 httpx-0.28.1 idna-3.11 numpy-2.4.1 opencv-python-headless-4.13.0.90 pillow-12.1.0 playwright-1.57.0 pyasn1-0.6.2 pyasn1-modules-0.4.2 pydantic-2.12.5 pydantic-core-2.41.5 pyee-13.0.0 python-dotenv-1.2.1 requests-2.32.5 rsa-4.9.1 sniffio-1.3.1 tenacity-9.1.2 termcolor-3.3.0 typing-extensions-4.15.0 typing-inspection-0.4.2 urllib3-2.6.3 websockets-15.0.1
2026-01-20T00:07:46.6272827Z Downloading Chromium 143.0.7499.4 (playwright build v1200) from https://cdn.playwright.dev/dbazure/download/playwright/builds/chromium/1200/chromium-linux.zip
2026-01-20T00:07:46.7230902Z (node:2193) [DEP0169] DeprecationWarning: `url.parse()` behavior is not standardized and prone to errors that have security implications. Use the WHATWG URL API instead. CVEs are not issued for `url.parse()` vulnerabilities.
2026-01-20T00:07:46.7232072Z (Use `node --trace-deprecation ...` to show where the warning was created)
2026-01-20T00:07:46.7936695Z |                                                                                |   0% of 164.7 MiB
2026-01-20T00:07:46.9065632Z |■■■■■■■■                                                                        |  10% of 164.7 MiB
2026-01-20T00:07:46.9863934Z |■■■■■■■■■■■■■■■■                                                                |  20% of 164.7 MiB
2026-01-20T00:07:47.0555653Z |■■■■■■■■■■■■■■■■■■■■■■■■                                                        |  30% of 164.7 MiB
2026-01-20T00:07:47.1140889Z |■■■■■■■■■■■■■■■■■■■■■■■■■■■■■■■■                                                |  40% of 164.7 MiB
2026-01-20T00:07:47.1769117Z |■■■■■■■■■■■■■■■■■■■■■■■■■■■■■■■■■■■■■■■■                                        |  50% of 164.7 MiB
2026-01-20T00:07:47.2318191Z |■■■■■■■■■■■■■■■■■■■■■■■■■■■■■■■■■■■■■■■■■■■■■■■■                                |  60% of 164.7 MiB
2026-01-20T00:07:47.2847011Z |■■■■■■■■■■■■■■■■■■■■■■■■■■■■■■■■■■■■■■■■■■■■■■■■■■■■■■■■                        |  70% of 164.7 MiB
2026-01-20T00:07:47.3373886Z |■■■■■■■■■■■■■■■■■■■■■■■■■■■■■■■■■■■■■■■■■■■■■■■■■■■■■■■■■■■■■■■■                |  80% of 164.7 MiB
2026-01-20T00:07:47.4036147Z |■■■■■■■■■■■■■■■■■■■■■■■■■■■■■■■■■■■■■■■■■■■■■■■■■■■■■■■■■■■■■■■■■■■■■■■■        |  90% of 164.7 MiB
2026-01-20T00:07:47.4632300Z |■■■■■■■■■■■■■■■■■■■■■■■■■■■■■■■■■■■■■■■■■■■■■■■■■■■■■■■■■■■■■■■■■■■■■■■■■■■■■■■■| 100% of 164.7 MiB
2026-01-20T00:07:49.8491757Z Chromium 143.0.7499.4 (playwright build v1200) downloaded to /home/runner/.cache/ms-playwright/chromium-1200
2026-01-20T00:07:49.8495641Z Downloading FFMPEG playwright build v1011 from https://cdn.playwright.dev/dbazure/download/playwright/builds/ffmpeg/1011/ffmpeg-linux.zip
2026-01-20T00:07:49.9445519Z (node:2204) [DEP0169] DeprecationWarning: `url.parse()` behavior is not standardized and prone to errors that have security implications. Use the WHATWG URL API instead. CVEs are not issued for `url.parse()` vulnerabilities.
2026-01-20T00:07:49.9447458Z (Use `node --trace-deprecation ...` to show where the warning was created)
2026-01-20T00:07:50.1585090Z |                                                                                |   0% of 2.3 MiB
2026-01-20T00:07:50.1631369Z |■■■■■■■■                                                                        |  10% of 2.3 MiB
2026-01-20T00:07:50.1747621Z |■■■■■■■■■■■■■■■■                                                                |  20% of 2.3 MiB
2026-01-20T00:07:50.1788136Z |■■■■■■■■■■■■■■■■■■■■■■■■                                                        |  30% of 2.3 MiB
2026-01-20T00:07:50.1813145Z |■■■■■■■■■■■■■■■■■■■■■■■■■■■■■■■■                                                |  40% of 2.3 MiB
2026-01-20T00:07:50.1850626Z |■■■■■■■■■■■■■■■■■■■■■■■■■■■■■■■■■■■■■■■■                                        |  50% of 2.3 MiB
2026-01-20T00:07:50.1926454Z |■■■■■■■■■■■■■■■■■■■■■■■■■■■■■■■■■■■■■■■■■■■■■■■■                                |  60% of 2.3 MiB
2026-01-20T00:07:50.1959201Z |■■■■■■■■■■■■■■■■■■■■■■■■■■■■■■■■■■■■■■■■■■■■■■■■■■■■■■■■                        |  70% of 2.3 MiB
2026-01-20T00:07:50.2092951Z |■■■■■■■■■■■■■■■■■■■■■■■■■■■■■■■■■■■■■■■■■■■■■■■■■■■■■■■■■■■■■■■■                |  80% of 2.3 MiB
2026-01-20T00:07:50.2128373Z |■■■■■■■■■■■■■■■■■■■■■■■■■■■■■■■■■■■■■■■■■■■■■■■■■■■■■■■■■■■■■■■■■■■■■■■■        |  90% of 2.3 MiB
2026-01-20T00:07:50.2142205Z |■■■■■■■■■■■■■■■■■■■■■■■■■■■■■■■■■■■■■■■■■■■■■■■■■■■■■■■■■■■■■■■■■■■■■■■■■■■■■■■■| 100% of 2.3 MiB
2026-01-20T00:07:50.2677679Z FFMPEG playwright build v1011 downloaded to /home/runner/.cache/ms-playwright/ffmpeg-1011
2026-01-20T00:07:50.2681758Z Downloading Chromium Headless Shell 143.0.7499.4 (playwright build v1200) from https://cdn.playwright.dev/dbazure/download/playwright/builds/chromium/1200/chromium-headless-shell-linux.zip
2026-01-20T00:07:50.3632764Z (node:2215) [DEP0169] DeprecationWarning: `url.parse()` behavior is not standardized and prone to errors that have security implications. Use the WHATWG URL API instead. CVEs are not issued for `url.parse()` vulnerabilities.
2026-01-20T00:07:50.3634474Z (Use `node --trace-deprecation ...` to show where the warning was created)
2026-01-20T00:07:50.5884915Z |                                                                                |   0% of 109.7 MiB
2026-01-20T00:07:50.6701991Z |■■■■■■■■                                                                        |  10% of 109.7 MiB
2026-01-20T00:07:50.7234644Z |■■■■■■■■■■■■■■■■                                                                |  20% of 109.7 MiB
2026-01-20T00:07:50.7768606Z |■■■■■■■■■■■■■■■■■■■■■■■■                                                        |  30% of 109.7 MiB
2026-01-20T00:07:50.8197993Z |■■■■■■■■■■■■■■■■■■■■■■■■■■■■■■■■                                                |  40% of 109.7 MiB
2026-01-20T00:07:50.8656880Z |■■■■■■■■■■■■■■■■■■■■■■■■■■■■■■■■■■■■■■■■                                        |  50% of 109.7 MiB
2026-01-20T00:07:50.8954125Z |■■■■■■■■■■■■■■■■■■■■■■■■■■■■■■■■■■■■■■■■■■■■■■■■                                |  60% of 109.7 MiB
2026-01-20T00:07:50.9358501Z |■■■■■■■■■■■■■■■■■■■■■■■■■■■■■■■■■■■■■■■■■■■■■■■■■■■■■■■■                        |  70% of 109.7 MiB
2026-01-20T00:07:50.9718810Z |■■■■■■■■■■■■■■■■■■■■■■■■■■■■■■■■■■■■■■■■■■■■■■■■■■■■■■■■■■■■■■■■                |  80% of 109.7 MiB
2026-01-20T00:07:51.0057766Z |■■■■■■■■■■■■■■■■■■■■■■■■■■■■■■■■■■■■■■■■■■■■■■■■■■■■■■■■■■■■■■■■■■■■■■■■        |  90% of 109.7 MiB
2026-01-20T00:07:51.0409052Z |■■■■■■■■■■■■■■■■■■■■■■■■■■■■■■■■■■■■■■■■■■■■■■■■■■■■■■■■■■■■■■■■■■■■■■■■■■■■■■■■| 100% of 109.7 MiB
2026-01-20T00:07:52.7896188Z Chromium Headless Shell 143.0.7499.4 (playwright build v1200) downloaded to /home/runner/.cache/ms-playwright/chromium_headless_shell-1200
2026-01-20T00:07:52.8122361Z ##[group]Run mkdir -p projects/ci_uitestingplayground
2026-01-20T00:07:52.8122810Z [36;1mmkdir -p projects/ci_uitestingplayground[0m
2026-01-20T00:07:52.8123255Z [36;1mcat > projects/ci_uitestingplayground/config.json << 'EOF'[0m
2026-01-20T00:07:52.8123594Z [36;1m{[0m
2026-01-20T00:07:52.8123825Z [36;1m  "project_name": "ci_uitestingplayground",[0m
2026-01-20T00:07:52.8124192Z [36;1m  "target_url": "http://uitestingplayground.com/",[0m
2026-01-20T00:07:52.8124531Z [36;1m  "goal": "Test UI interactions",[0m
2026-01-20T00:07:52.8124799Z [36;1m  "headless": true[0m
2026-01-20T00:07:52.8125014Z [36;1m}[0m
2026-01-20T00:07:52.8125187Z [36;1mEOF[0m
2026-01-20T00:07:52.8157441Z shell: /usr/bin/bash -e {0}
2026-01-20T00:07:52.8157676Z env:
2026-01-20T00:07:52.8157937Z   pythonLocation: /opt/hostedtoolcache/Python/3.11.14/x64
2026-01-20T00:07:52.8158373Z   PKG_CONFIG_PATH: /opt/hostedtoolcache/Python/3.11.14/x64/lib/pkgconfig
2026-01-20T00:07:52.8158830Z   Python_ROOT_DIR: /opt/hostedtoolcache/Python/3.11.14/x64
2026-01-20T00:07:52.8159207Z   Python2_ROOT_DIR: /opt/hostedtoolcache/Python/3.11.14/x64
2026-01-20T00:07:52.8159577Z   Python3_ROOT_DIR: /opt/hostedtoolcache/Python/3.11.14/x64
2026-01-20T00:07:52.8160185Z   LD_LIBRARY_PATH: /opt/hostedtoolcache/Python/3.11.14/x64/lib
2026-01-20T00:07:52.8160499Z ##[endgroup]
2026-01-20T00:07:52.8261814Z ##[group]Run # Use --deep for comprehensive regression suite
2026-01-20T00:07:52.8262274Z [36;1m# Use --deep for comprehensive regression suite[0m
2026-01-20T00:07:52.8262757Z [36;1mpython orchestrator.py --project projects/ci_uitestingplayground --deep --force[0m
2026-01-20T00:07:52.8290890Z shell: /usr/bin/bash -e {0}
2026-01-20T00:07:52.8291129Z env:
2026-01-20T00:07:52.8291380Z   pythonLocation: /opt/hostedtoolcache/Python/3.11.14/x64
2026-01-20T00:07:52.8291823Z   PKG_CONFIG_PATH: /opt/hostedtoolcache/Python/3.11.14/x64/lib/pkgconfig
2026-01-20T00:07:52.8292253Z   Python_ROOT_DIR: /opt/hostedtoolcache/Python/3.11.14/x64
2026-01-20T00:07:52.8292620Z   Python2_ROOT_DIR: /opt/hostedtoolcache/Python/3.11.14/x64
2026-01-20T00:07:52.8292981Z   Python3_ROOT_DIR: /opt/hostedtoolcache/Python/3.11.14/x64
2026-01-20T00:07:52.8293537Z   LD_LIBRARY_PATH: /opt/hostedtoolcache/Python/3.11.14/x64/lib
2026-01-20T00:07:52.8294014Z   GOOGLE_API_KEY: ***
2026-01-20T00:07:52.8294239Z   PYTHONPATH: .
2026-01-20T00:07:52.8294503Z ##[endgroup]
2026-01-20T00:07:54.6077278Z 🚀 [DEEP] Extensive mapping enabled (Depth: 3, Pages: 50)
2026-01-20T00:07:54.6077840Z 
2026-01-20T00:07:54.6078452Z 🗺️ [DISCOVERY] Starting Parallel Semantic Crawl on http://uitestingplayground.com/ (Workers: 3)
2026-01-20T00:07:56.2572611Z   🔍 [Worker 0] Visiting (0): http://uitestingplayground.com/
2026-01-20T00:07:57.3355902Z [DEBUG] Sending request to gemini-2.0-flash. Number of parts: 1
2026-01-20T00:07:57.3356576Z [DEBUG] Received response (Length: 303)
2026-01-20T00:07:57.3357547Z   🔍 [Worker 1] Visiting (1): http://uitestingplayground.com/classattr
2026-01-20T00:07:57.3366226Z   🔍 [Worker 2] Visiting (1): http://uitestingplayground.com/progressbar
2026-01-20T00:07:57.3389235Z   🔍 [Worker 0] Visiting (1): http://uitestingplayground.com
2026-01-20T00:07:57.5294542Z [CACHE HIT] fa439546... (hits: 1, misses: 1)
2026-01-20T00:07:57.5298289Z   🔍 [Worker 0] Visiting (1): http://uitestingplayground.com/resources
2026-01-20T00:08:02.4804961Z [DEBUG] Sending request to gemini-2.0-flash. Number of parts: 1
2026-01-20T00:08:02.4806951Z [DEBUG] Sending request to gemini-2.0-flash. Number of parts: 1
2026-01-20T00:08:02.4807701Z [DEBUG] Sending request to gemini-2.0-flash. Number of parts: 1
2026-01-20T00:08:02.4808324Z [DEBUG] Received response (Length: 321)
2026-01-20T00:08:02.4809258Z   🔍 [Worker 2] Visiting (1): http://uitestingplayground.com/ajax
2026-01-20T00:08:02.5678859Z [DEBUG] Received response (Length: 487)
2026-01-20T00:08:02.5693157Z   🔍 [Worker 0] Visiting (1): http://uitestingplayground.com/textinput
2026-01-20T00:08:02.7781450Z [DEBUG] Sending request to gemini-2.0-flash. Number of parts: 1
2026-01-20T00:08:02.7782125Z [DEBUG] Received response (Length: 500)
2026-01-20T00:08:02.7783124Z   🔍 [Worker 1] Visiting (1): http://uitestingplayground.com/dynamicid
2026-01-20T00:08:03.5797409Z [DEBUG] Received response (Length: 386)
2026-01-20T00:08:03.5799288Z   🔍 [Worker 2] Visiting (1): http://uitestingplayground.com/click
2026-01-20T00:08:08.3144731Z [DEBUG] Sending request to gemini-2.0-flash. Number of parts: 1
2026-01-20T00:08:08.3145645Z [DEBUG] Sending request to gemini-2.0-flash. Number of parts: 1
2026-01-20T00:08:08.3146338Z [DEBUG] Sending request to gemini-2.0-flash. Number of parts: 1
2026-01-20T00:08:08.3146953Z [DEBUG] Received response (Length: 298)
2026-01-20T00:08:08.3147930Z   🔍 [Worker 0] Visiting (1): http://uitestingplayground.com/visibility
2026-01-20T00:08:08.4101589Z [DEBUG] Received response (Length: 420)
2026-01-20T00:08:08.4103522Z   🔍 [Worker 1] Visiting (1): http://uitestingplayground.com/mouseover
2026-01-20T00:08:08.4918327Z [DEBUG] Received response (Length: 443)
2026-01-20T00:08:08.4920100Z   🔍 [Worker 2] Visiting (1): http://uitestingplayground.com/sampleapp
2026-01-20T00:08:13.4201588Z [DEBUG] Sending request to gemini-2.0-flash. Number of parts: 1
2026-01-20T00:08:13.4204282Z [DEBUG] Sending request to gemini-2.0-flash. Number of parts: 1
2026-01-20T00:08:13.4205551Z [DEBUG] Sending request to gemini-2.0-flash. Number of parts: 1
2026-01-20T00:08:13.4206405Z [DEBUG] Received response (Length: 276)
2026-01-20T00:08:13.4211050Z   🔍 [Worker 2] Visiting (1): http://uitestingplayground.com/upload
2026-01-20T00:08:13.6351187Z [DEBUG] Received response (Length: 443)
2026-01-20T00:08:13.6352549Z   🔍 [Worker 0] Visiting (1): http://uitestingplayground.com/clientdelay
2026-01-20T00:08:13.6841973Z [DEBUG] Received response (Length: 505)
2026-01-20T00:08:13.6843083Z   🔍 [Worker 1] Visiting (1): http://uitestingplayground.com/home
2026-01-20T00:08:13.7914782Z [CACHE HIT] fa439546... (hits: 2, misses: 13)
2026-01-20T00:08:13.7927086Z   🔍 [Worker 1] Visiting (1): http://uitestingplayground.com/animation
2026-01-20T00:08:18.3485065Z [DEBUG] Sending request to gemini-2.0-flash. Number of parts: 1
2026-01-20T00:08:18.3486175Z [DEBUG] Sending request to gemini-2.0-flash. Number of parts: 1
2026-01-20T00:08:18.3486874Z [DEBUG] Sending request to gemini-2.0-flash. Number of parts: 1
2026-01-20T00:08:18.3487455Z [DEBUG] Received response (Length: 267)
2026-01-20T00:08:18.3488439Z   🔍 [Worker 2] Visiting (1): http://uitestingplayground.com/overlapped
2026-01-20T00:08:18.7006760Z [DEBUG] LLM Error: 429 RESOURCE_EXHAUSTED. {'error': {'code': 429, 'message': 'Resource exhausted. Please try again later. Please refer to https://cloud.google.com/vertex-ai/generative-ai/docs/error-code-429 for more details.', 'status': 'RESOURCE_EXHAUSTED'}}
2026-01-20T00:08:18.7009121Z ⚠️ 429 Rate Limit Hit. Cooling down for 60s...
2026-01-20T00:08:18.7009722Z [DEBUG] Sending request to gemini-2.0-flash. Number of parts: 1
2026-01-20T00:08:18.7010493Z [DEBUG] Received response (Length: 494)
2026-01-20T00:08:18.7011211Z   🔍 [Worker 0] Visiting (1): http://uitestingplayground.com/autowait
2026-01-20T00:08:19.2915456Z [DEBUG] Received response (Length: 272)
2026-01-20T00:08:19.2916781Z   🔍 [Worker 2] Visiting (1): http://uitestingplayground.com/disabledinput
2026-01-20T00:08:24.1861218Z [DEBUG] Sending request to gemini-2.0-flash. Number of parts: 1
2026-01-20T00:08:24.1862027Z [DEBUG] Sending request to gemini-2.0-flash. Number of parts: 1
2026-01-20T00:08:24.1862661Z [DEBUG] Received response (Length: 350)
2026-01-20T00:08:24.1863616Z   🔍 [Worker 2] Visiting (1): http://uitestingplayground.com/shadowdom
2026-01-20T00:08:24.4993515Z [DEBUG] Received response (Length: 381)
2026-01-20T00:08:24.4996334Z   🔍 [Worker 0] Visiting (1): http://uitestingplayground.com/alerts
2026-01-20T00:08:29.4903016Z [DEBUG] Sending request to gemini-2.0-flash. Number of parts: 1
2026-01-20T00:08:29.4903808Z [DEBUG] Sending request to gemini-2.0-flash. Number of parts: 1
2026-01-20T00:08:29.4904419Z [DEBUG] Received response (Length: 480)
2026-01-20T00:08:29.4904885Z [DEBUG] Received response (Length: 307)
2026-01-20T00:08:29.4905839Z   🔍 [Worker 0] Visiting (1): http://uitestingplayground.com/hiddenlayers
2026-01-20T00:08:29.4938256Z   🔍 [Worker 2] Visiting (1): http://uitestingplayground.com/loaddelay
2026-01-20T00:08:34.3283887Z [DEBUG] Sending request to gemini-2.0-flash. Number of parts: 1
2026-01-20T00:08:34.3285064Z [DEBUG] Received response (Length: 370)
2026-01-20T00:08:34.3285992Z   🔍 [Worker 0] Visiting (1): http://uitestingplayground.com/scrollbars
2026-01-20T00:08:39.2719494Z [DEBUG] Sending request to gemini-2.0-flash. Number of parts: 1
2026-01-20T00:08:39.2723096Z [DEBUG] Sending request to gemini-2.0-flash. Number of parts: 1
2026-01-20T00:08:39.2723708Z [DEBUG] Received response (Length: 402)
2026-01-20T00:08:39.2724673Z   🔍 [Worker 2] Visiting (1): http://uitestingplayground.com/verifytext
2026-01-20T00:08:39.2920208Z [DEBUG] Received response (Length: 339)
2026-01-20T00:08:39.2922465Z   🔍 [Worker 0] Visiting (1): http://uitestingplayground.com/nbsp
2026-01-20T00:08:44.3490316Z [DEBUG] Sending request to gemini-2.0-flash. Number of parts: 1
2026-01-20T00:08:44.3491113Z [DEBUG] Sending request to gemini-2.0-flash. Number of parts: 1
2026-01-20T00:08:44.3491701Z [DEBUG] Received response (Length: 350)
2026-01-20T00:08:44.3493121Z   🔍 [Worker 0] Visiting (1): http://uitestingplayground.com/dynamictable
2026-01-20T00:09:19.3322412Z [DEBUG] Received response (Length: 491)
2026-01-20T00:09:19.3323141Z [DEBUG] Sending request to gemini-2.0-flash. Number of parts: 1
2026-01-20T00:09:19.3323811Z [DEBUG] Received response (Length: 390)
2026-01-20T00:09:19.3324468Z [DEBUG] Sending request to gemini-2.0-flash. Number of parts: 1
2026-01-20T00:09:19.3325124Z [DEBUG] Received response (Length: 351)
2026-01-20T00:09:19.3325925Z ✅ Discovery Complete. Mapped 27 pages.
2026-01-20T00:09:30.2131456Z 
2026-01-20T00:09:30.2132120Z [PLAN] PLANNER: Planning goal -> 'Test UI interactions' (Deep Mode: True)
2026-01-20T00:09:30.2133278Z 🗺️ [PLAN] Loaded Sitemap with 27 pages.
2026-01-20T00:09:30.2133935Z 📊 [KNOWLEDGE] Page types: ['homepage', 'unknown']
2026-01-20T00:09:30.2135046Z 🔄 [KNOWLEDGE] Flows: 0, Forms: 2
2026-01-20T00:09:30.2136613Z 🎭 [EXPERT] Detected Domain: GENERAL. Persona: Act as Senior SDET focusing on exploring the application to understand functional flow and identifying critical paths for end-to-end automation
2026-01-20T00:09:30.2137616Z [DEBUG] Sending request to gemini-2.0-flash. Number of parts: 1
2026-01-20T00:09:30.2137996Z [DEBUG] Received response (Length: 4781)
2026-01-20T00:09:30.2138369Z ✅ Planner generated 4 scenarios. Workflow updated.
2026-01-20T00:09:31.2248633Z 
2026-01-20T00:09:31.2249642Z 🕵️ [DEEP EXPLORER] Starting Multi-Scenario Exploration
2026-01-20T00:09:31.2250724Z 📋 Found 4 scenarios to explore.
2026-01-20T00:09:31.5865645Z 
2026-01-20T00:09:31.5866169Z [1/4] Exploring Scenario: Dynamic ID Button Click
2026-01-20T00:09:31.5867656Z     🧠 Initialized exploration context for goal: 'Navigates to the Dynamic ID page and clicks the button with the dynamic ID, ensuring the UI interaction works as expected.'
2026-01-20T00:09:31.5868470Z     🎯 Scenario: Dynamic ID Button Click
2026-01-20T00:09:31.5876110Z   ▶️ [STEP step_1] NAVIGATE: 
2026-01-20T00:09:32.2125866Z     ✅ Navigated to http://uitestingplayground.com/
2026-01-20T00:09:32.2126726Z   ▶️ [STEP step_2] ASSERT_URL: 
2026-01-20T00:09:37.2429957Z     ⚠️ Scroll into view failed for text=None. Proceeding anyway.
2026-01-20T00:09:39.2453094Z     ✅ State transitioned.
2026-01-20T00:09:41.2017136Z [DEBUG] Sending request to gemini-2.0-flash. Number of parts: 2
2026-01-20T00:09:41.2017788Z [DEBUG] Received response (Length: 205)
2026-01-20T00:09:41.2018588Z     🤖 AI Next Step Suggestion: click -> Dynamic ID
2026-01-20T00:09:41.2019150Z     🧩 Suggested Locator: a
2026-01-20T00:09:41.2020399Z     💭 Reasoning: The goal is to navigate to the Dynamic ID page. The 'Dynamic ID' link is visible and will navigate to the desired page.
2026-01-20T00:09:41.2021463Z     ➕ Injected AI step: click -> Dynamic ID
2026-01-20T00:09:41.2022008Z   ▶️ [STEP step_2_ai_1] CLICK: Dynamic ID
2026-01-20T00:09:41.2082653Z     🎯 Using AI-provided locator: a
2026-01-20T00:09:41.2147955Z     ✅ Found 1 verified locators
2026-01-20T00:09:45.2842962Z     ✅ State transitioned.
2026-01-20T00:09:45.2914125Z     🔄 Revisited state detected (count: 1)
2026-01-20T00:09:46.7302824Z [DEBUG] Sending request to gemini-2.0-flash. Number of parts: 2
2026-01-20T00:09:46.7303338Z [DEBUG] Received response (Length: 135)
2026-01-20T00:09:46.7303902Z     🤖 AI Next Step Suggestion: done -> N/A
2026-01-20T00:09:46.7304645Z     💭 Reasoning: The goal was to navigate to the Dynamic ID page and click the button. This has been completed.
2026-01-20T00:09:46.7305339Z   ▶️ [STEP step_3] CLICK: Dynamic ID
2026-01-20T00:09:46.7456769Z     🔍 Mining locators for: 'Dynamic ID'
2026-01-20T00:09:46.8179947Z     ✅ Found 3 verified locators
2026-01-20T00:09:50.3820904Z     ✅ State transitioned.
2026-01-20T00:09:51.9192175Z [DEBUG] Sending request to gemini-2.0-flash. Number of parts: 2
2026-01-20T00:09:51.9192858Z [DEBUG] Received response (Length: 253)
2026-01-20T00:09:51.9193694Z     🤖 AI Next Step Suggestion: done -> N/A
2026-01-20T00:09:51.9195912Z     💭 Reasoning: The goal was to click the button with the dynamic ID, which has already been successfully completed according to the action history. There are no further actions to take on this page to fulfill the original goal.
2026-01-20T00:09:51.9197665Z   ▶️ [STEP step_4] ASSERT_URL: 
2026-01-20T00:09:56.9440928Z     ⚠️ Scroll into view failed for text=None. Proceeding anyway.
2026-01-20T00:09:58.9463677Z     ✅ State transitioned.
2026-01-20T00:10:00.5141231Z [DEBUG] Sending request to gemini-2.0-flash. Number of parts: 2
2026-01-20T00:10:00.5142121Z [DEBUG] Received response (Length: 330)
2026-01-20T00:10:00.5143006Z     🤖 AI Next Step Suggestion: click -> Button with Dynamic ID
2026-01-20T00:10:00.5143539Z     🧩 Suggested Locator: button[id]
2026-01-20T00:10:00.5144765Z     💭 Reasoning: The goal is to click the button with the dynamic ID. The button is visible and clickable. The previous clicks might have failed due to the dynamic ID changing, so clicking again is necessary to ensure the interaction works.
2026-01-20T00:10:00.5146232Z     ➕ Injected AI step: click -> Button with Dynamic ID
2026-01-20T00:10:00.5146675Z   ▶️ [STEP step_4_ai_1] CLICK: Button with Dynamic ID
2026-01-20T00:10:00.5199231Z     🎯 Using AI-provided locator: button[id]
2026-01-20T00:10:00.5271210Z     ✅ Found 1 verified locators
2026-01-20T00:10:04.5802671Z     ✅ State transitioned.
2026-01-20T00:10:06.3159203Z [DEBUG] Sending request to gemini-2.0-flash. Number of parts: 2
2026-01-20T00:10:06.3160069Z [DEBUG] Received response (Length: 374)
2026-01-20T00:10:06.3160971Z     🤖 AI Next Step Suggestion: click -> Button with Dynamic ID
2026-01-20T00:10:06.3161615Z     🧩 Suggested Locator: button[id]
2026-01-20T00:10:06.3163349Z     💭 Reasoning: The goal is to click the button with the dynamic ID. The button is visible and clickable. The previous actions show that the button was clicked before, but it's necessary to click it again to ensure the UI interaction works as expected, as the ID changes dynamically.
2026-01-20T00:10:06.3167022Z     🔄 Same AI suggestion but state changed (URL or DOM). Resetting loop counter.
2026-01-20T00:10:06.3167678Z     ⚠️ Skipping duplicate AI suggestion (just executed): ('click', 'button with dynamic id')
2026-01-20T00:10:06.3168192Z   ▶️ [STEP step_5] CLICK: Button with Dynamic ID
2026-01-20T00:10:06.3217877Z     🔍 Mining locators for: 'Button with Dynamic ID'
2026-01-20T00:10:06.3583473Z     ✅ Found 2 verified locators
2026-01-20T00:10:09.9117117Z     ✅ State transitioned.
2026-01-20T00:10:09.9164711Z     🔄 Revisited state detected (count: 1)
2026-01-20T00:10:11.6301210Z [DEBUG] Sending request to gemini-2.0-flash. Number of parts: 2
2026-01-20T00:10:11.6301872Z [DEBUG] Received response (Length: 243)
2026-01-20T00:10:11.6302540Z     🤖 AI Next Step Suggestion: done -> N/A
2026-01-20T00:10:11.6303628Z     💭 Reasoning: The goal was to navigate to the Dynamic ID page and click the button with the dynamic ID. The action history shows that the button has been clicked multiple times. Therefore, the goal has been achieved.
2026-01-20T00:10:13.6651780Z 
2026-01-20T00:10:13.6652567Z [2/4] Exploring Scenario: Text Input and Button Name Change
2026-01-20T00:10:13.6654464Z     🧠 Initialized exploration context for goal: 'Navigates to the Text Input page, enters text into the input field, and verifies that the button name changes accordingly.'
2026-01-20T00:10:13.6655922Z     🎯 Scenario: Text Input and Button Name Change
2026-01-20T00:10:13.6656506Z   ▶️ [STEP step_1] NAVIGATE: 
2026-01-20T00:10:14.2801637Z     ✅ Navigated to http://uitestingplayground.com/
2026-01-20T00:10:14.2802654Z   ▶️ [STEP step_2] ASSERT_URL: 
2026-01-20T00:10:19.3080304Z     ⚠️ Scroll into view failed for text=None. Proceeding anyway.
2026-01-20T00:10:21.3103171Z     ✅ State transitioned.
2026-01-20T00:10:23.0703560Z [DEBUG] Sending request to gemini-2.0-flash. Number of parts: 2
2026-01-20T00:10:23.0704359Z [DEBUG] Received response (Length: 272)
2026-01-20T00:10:23.0705346Z     🤖 AI Next Step Suggestion: navigate -> Text Input
2026-01-20T00:10:23.0706113Z     🧩 Suggested Locator: a[href='/textinput']
2026-01-20T00:10:23.0708482Z     💭 Reasoning: The goal is to navigate to the Text Input page. There is no direct link with the text 'Text Input', but there should be a link to it. Need to find the correct link.
2026-01-20T00:10:23.0710627Z     ➕ Injected AI step: navigate -> Text Input
2026-01-20T00:10:23.0711442Z   ▶️ [STEP step_2_ai_1] NAVIGATE: Text Input
2026-01-20T00:10:23.5786868Z     ❌ Navigation failed to Text Input: Page.goto: Protocol error (Page.navigate): Cannot navigate to invalid URL
2026-01-20T00:10:23.5788149Z Call log:
2026-01-20T00:10:23.5788886Z   - navigating to "Text Input", waiting until "domcontentloaded"
2026-01-20T00:10:23.5789662Z 
2026-01-20T00:10:23.5790877Z     ⚠️ Critical step failure: Page.goto: Protocol error (Page.navigate): Cannot navigate to invalid URL
2026-01-20T00:10:23.5792193Z Call log:
2026-01-20T00:10:23.5792556Z   - navigating t
2026-01-20T00:10:23.5793075Z   ▶️ [STEP step_3] CLICK: Text Input
2026-01-20T00:10:23.5848046Z     🔍 Mining locators for: 'Text Input'
2026-01-20T00:10:23.6497915Z     ✅ Found 2 verified locators
2026-01-20T00:10:27.2324359Z     ✅ State transitioned.
2026-01-20T00:10:29.0030066Z [DEBUG] Sending request to gemini-2.0-flash. Number of parts: 2
2026-01-20T00:10:29.0030790Z [DEBUG] Received response (Length: 243)
2026-01-20T00:10:29.0031666Z     🤖 AI Next Step Suggestion: fill -> input field
2026-01-20T00:10:29.0032304Z     🧩 Suggested Locator: #newButtonName
2026-01-20T00:10:29.0033562Z     💭 Reasoning: The goal is to enter text into the input field. This action fills the input field with the text 'New Button Text'.
2026-01-20T00:10:29.0034658Z     ➕ Injected AI step: fill -> input field
2026-01-20T00:10:29.0035234Z   ▶️ [STEP step_3_ai_1] FILL: input field
2026-01-20T00:10:29.0181254Z     🎯 Using AI-provided locator: #newButtonName
2026-01-20T00:10:29.0244402Z     ✅ Found 1 verified locators
2026-01-20T00:10:35.9272381Z     ✅ State transitioned.
2026-01-20T00:10:38.2036880Z [DEBUG] Sending request to gemini-2.0-flash. Number of parts: 2
2026-01-20T00:10:38.2037528Z [DEBUG] Received response (Length: 299)
2026-01-20T00:10:38.2038431Z     🤖 AI Next Step Suggestion: click -> Button That Should Change it's Name Based on Input Value
2026-01-20T00:10:38.2039142Z     🧩 Suggested Locator: #updatingButton
2026-01-20T00:10:38.2040102Z     💭 Reasoning: The goal is to verify that the button name changes after entering text. The next step is to click the button to trigger the name change.
2026-01-20T00:10:38.2040946Z     ➕ Injected AI step: click -> Button That Should Change it's Name Based on Input Value
2026-01-20T00:10:38.2041556Z   ▶️ [STEP step_3_ai_2] CLICK: Button That Should Change it's Name Based on Input Value
2026-01-20T00:10:38.2098133Z     🎯 Using AI-provided locator: #updatingButton
2026-01-20T00:10:38.2156848Z     ✅ Found 1 verified locators
2026-01-20T00:10:42.2621465Z     ✅ State transitioned.
2026-01-20T00:10:43.9840396Z [DEBUG] Sending request to gemini-2.0-flash. Number of parts: 2
2026-01-20T00:10:43.9840823Z [DEBUG] Received response (Length: 325)
2026-01-20T00:10:43.9841387Z     🤖 AI Next Step Suggestion: done -> N/A
2026-01-20T00:10:43.9842717Z     💭 Reasoning: The goal was to navigate to the Text Input page, enter text into the input field, and verify that the button name changes accordingly. The actions history shows that the page was visited, text was entered, and the button was clicked. The button name has changed. The goal is complete.
2026-01-20T00:10:43.9843919Z   ▶️ [STEP step_4] ASSERT_URL: 
2026-01-20T00:10:48.9996758Z     ⚠️ Scroll into view failed for text=None. Proceeding anyway.
2026-01-20T00:10:51.0019555Z     ✅ State transitioned.
2026-01-20T00:10:51.0069090Z     🔄 Revisited state detected (count: 1)
2026-01-20T00:10:52.6886312Z [DEBUG] Sending request to gemini-2.0-flash. Number of parts: 2
2026-01-20T00:10:52.6887024Z [DEBUG] Received response (Length: 317)
2026-01-20T00:10:52.6887832Z     🤖 AI Next Step Suggestion: fill -> input field
2026-01-20T00:10:52.6888421Z     🧩 Suggested Locator: #newButtonName
2026-01-20T00:10:52.6890660Z     💭 Reasoning: The goal is to change the button name. The last action was clicking the button, but the input field needs to be filled first. Filling the input field with 'MyButton' will set the new button name.
2026-01-20T00:10:52.6891693Z     ➕ Injected AI step: fill -> input field
2026-01-20T00:10:52.6892044Z     ⚡ PARALLEL MODE: Batching 2 fill steps
2026-01-20T00:10:52.6892374Z     ⚡ Batch mining 2 fields in parallel...
2026-01-20T00:10:52.7278939Z     🔍 Trying smart selectors for 'input field'...
2026-01-20T00:10:52.7288783Z     🔍 [SMART] Searching for: 'input field' (trying 15+ strategies)
2026-01-20T00:10:52.7289506Z     🔍 Trying smart selectors for 'newButtonName'...
2026-01-20T00:10:52.8192571Z     🔍 [SMART] Searching for: 'newButtonName' (trying 15+ strategies)
2026-01-20T00:10:52.8194023Z     ✅ Smart selector found 'input field' via proximity-parent-2 (confidence: 0.75)
2026-01-20T00:10:52.8231860Z     ⚠️ Smart selectors failed (no unique match). Falling back to AI Vision...
2026-01-20T00:10:52.8233246Z     🧠 [EXPERT] Strategy: Act as Senior SDET focusing on exploring the application to understand functional flow and identifying critical paths for end-to-end automation.
2026-01-20T00:10:57.9359509Z [DEBUG] Sending request to gemini-2.0-flash. Number of parts: 2
2026-01-20T00:10:57.9360336Z [DEBUG] Received response (Length: 323)
2026-01-20T00:10:57.9361128Z     ✅ Batch mined 'input field' (1 locators)
2026-01-20T00:10:57.9361731Z     ✅ Batch mined 'newButtonName' (3 locators)
2026-01-20T00:10:57.9362291Z     ✅ Batch mined 2/2 steps successfully
2026-01-20T00:10:57.9362842Z   ▶️ [STEP step_6] PRESS: newButtonName
2026-01-20T00:10:57.9416413Z     🔍 Mining locators for: 'newButtonName'
2026-01-20T00:10:57.9748420Z     🧠 Consulting AI (Vision-First) to find 'newButtonName'...
2026-01-20T00:10:57.9749256Z     🔍 Trying smart selectors for 'newButtonName'...
2026-01-20T00:10:58.0583436Z     🔍 [SMART] Searching for: 'newButtonName' (trying 15+ strategies)
2026-01-20T00:10:58.0584419Z     ⚠️ Smart selectors failed (no unique match). Falling back to AI Vision...
2026-01-20T00:10:58.0586038Z     🧠 [EXPERT] Strategy: Act as Senior SDET focusing on exploring the application to understand functional flow and identifying critical paths for end-to-end automation.
2026-01-20T00:10:58.0588569Z [CACHE HIT] 814327b6... (hits: 1, misses: 12)
2026-01-20T00:10:58.0589228Z     🔄 Retry 1/3 mining locators for 'newButtonName'...
2026-01-20T00:10:59.1070793Z     🧠 Consulting AI (Vision-First) to find 'newButtonName'...
2026-01-20T00:10:59.1071583Z     🔍 Trying smart selectors for 'newButtonName'...
2026-01-20T00:10:59.1887360Z     🔍 [SMART] Searching for: 'newButtonName' (trying 15+ strategies)
2026-01-20T00:10:59.1888330Z     ⚠️ Smart selectors failed (no unique match). Falling back to AI Vision...
2026-01-20T00:10:59.1890174Z     🧠 [EXPERT] Strategy: Act as Senior SDET focusing on exploring the application to understand functional flow and identifying critical paths for end-to-end automation.
2026-01-20T00:10:59.1892438Z [CACHE HIT] 814327b6... (hits: 2, misses: 12)
2026-01-20T00:10:59.1893104Z     🔄 Retry 2/3 mining locators for 'newButtonName'...
2026-01-20T00:11:00.1906058Z     🗑️ Invalidating stale AI cache (retry 2)...
2026-01-20T00:11:00.2251174Z     🧠 Consulting AI (Vision-First) to find 'newButtonName'...
2026-01-20T00:11:00.2251958Z     🔍 Trying smart selectors for 'newButtonName'...
2026-01-20T00:11:00.3160950Z     🔍 [SMART] Searching for: 'newButtonName' (trying 15+ strategies)
2026-01-20T00:11:00.3162173Z     ⚠️ Smart selectors failed (no unique match). Falling back to AI Vision...
2026-01-20T00:11:00.3163429Z     🧠 [EXPERT] Strategy: Act as Senior SDET focusing on exploring the application to understand functional flow and identifying critical paths for end-to-end automation.
2026-01-20T00:11:00.3165692Z [CACHE HIT] 814327b6... (hits: 3, misses: 12)
2026-01-20T00:11:00.3166489Z     🧠 Verifying step validity for 'newButtonName' after mining failure...
2026-01-20T00:11:02.2996655Z [DEBUG] Sending request to gemini-2.0-flash. Number of parts: 2
2026-01-20T00:11:02.2997372Z [DEBUG] Received response (Length: 159)
2026-01-20T00:11:02.2998339Z     🛠️ Self-Correction: Step is valid. Using new locator: #updatingButton
2026-01-20T00:11:05.3270665Z     ✅ State transitioned.
2026-01-20T00:11:05.3316389Z     🔄 Revisited state detected (count: 2)
2026-01-20T00:11:07.6463303Z [DEBUG] Sending request to gemini-2.0-flash. Number of parts: 2
2026-01-20T00:11:07.6464135Z [DEBUG] Received response (Length: 294)
2026-01-20T00:11:07.6465131Z     🤖 AI Next Step Suggestion: click -> New Button Text
2026-01-20T00:11:07.6465907Z     🧩 Suggested Locator: #updatingButton
2026-01-20T00:11:07.6467788Z     💭 Reasoning: The goal is to verify that the button name changes after entering text. The button has not been clicked since the text was entered, so clicking it is the next logical step.
2026-01-20T00:11:07.6469239Z     ➕ Injected AI step: click -> New Button Text
2026-01-20T00:11:07.6469715Z   ▶️ [STEP step_6_ai_1] CLICK: New Button Text
2026-01-20T00:11:07.6520733Z     🎯 Using AI-provided locator: #updatingButton
2026-01-20T00:11:07.6575526Z     ✅ Found 1 verified locators
2026-01-20T00:11:11.7099433Z     ✅ State transitioned.
2026-01-20T00:11:11.7147170Z     🔄 Revisited state detected (count: 3)
2026-01-20T00:11:11.7147985Z     ⚠️ Too many revisits (3). Stopping AI step injection to prevent loops.
2026-01-20T00:11:11.7148672Z   ▶️ [STEP step_7] ASSERT_VISIBLE: Set New Button Name
2026-01-20T00:11:11.7197844Z     🔍 Mining locators for: 'Set New Button Name'
2026-01-20T00:11:11.7905280Z     🧠 Consulting AI (Vision-First) to find 'Set New Button Name'...
2026-01-20T00:11:11.7905820Z     🔍 Trying smart selectors for 'Set New Button Name'...
2026-01-20T00:11:11.7964225Z     🔍 [SMART] Searching for: 'Set New Button Name' (trying 15+ strategies)
2026-01-20T00:11:11.7965443Z     ✅ Smart selector found 'Set New Button Name' via role-textbox-exact (confidence: 0.96)
2026-01-20T00:11:11.8003485Z     ✅ Found 1 verified locators
2026-01-20T00:11:14.3252845Z     ✅ State transitioned.
2026-01-20T00:11:14.3298414Z     🔄 Revisited state detected (count: 4)
2026-01-20T00:11:14.3299084Z     ⚠️ Too many revisits (4). Stopping AI step injection to prevent loops.
2026-01-20T00:11:16.3623651Z 
2026-01-20T00:11:16.3624583Z [3/4] Exploring Scenario: Progress Bar Interaction
2026-01-20T00:11:16.3627701Z     🧠 Initialized exploration context for goal: 'Navigates to the Progress Bar page, starts the progress bar, waits until it reaches 75%, stops it, and verifies that the progress bar is visible.'
2026-01-20T00:11:16.3629223Z     🎯 Scenario: Progress Bar Interaction
2026-01-20T00:11:16.3629962Z   ▶️ [STEP step_1] NAVIGATE: 
2026-01-20T00:11:16.9730922Z     ✅ Navigated to http://uitestingplayground.com/
2026-01-20T00:11:16.9731822Z   ▶️ [STEP step_2] ASSERT_URL: 
2026-01-20T00:11:21.9994934Z     ⚠️ Scroll into view failed for text=None. Proceeding anyway.
2026-01-20T00:11:24.0001296Z     ✅ State transitioned.
2026-01-20T00:11:25.6583020Z [DEBUG] Sending request to gemini-2.0-flash. Number of parts: 2
2026-01-20T00:11:25.6583869Z [DEBUG] Received response (Length: 335)
2026-01-20T00:11:25.6585145Z     🤖 AI Next Step Suggestion: navigate -> Follow the progress of a lengthy process and continue upon completion
2026-01-20T00:11:25.6586520Z     💭 Reasoning: The goal is to test the progress bar. The description suggests that the progress bar is on a separate page. Navigating to the Progress Bar page is the next logical step.
2026-01-20T00:11:25.6587779Z     ➕ Injected AI step: navigate -> Follow the progress of a lengthy process and continue upon completion
2026-01-20T00:11:25.6588686Z   ▶️ [STEP step_2_ai_1] NAVIGATE: Follow the progress of a lengthy process and continue upon completion
2026-01-20T00:11:26.1654583Z     ❌ Navigation failed to Follow the progress of a lengthy process and continue upon completion: Page.goto: Protocol error (Page.navigate): Cannot navigate to invalid URL
2026-01-20T00:11:26.1655812Z Call log:
2026-01-20T00:11:26.1656470Z   - navigating to "Follow the progress of a lengthy process and continue upon completion", waiting until "domcontentloaded"
2026-01-20T00:11:26.1656973Z 
2026-01-20T00:11:26.1657377Z     ⚠️ Critical step failure: Page.goto: Protocol error (Page.navigate): Cannot navigate to invalid URL
2026-01-20T00:11:26.1657853Z Call log:
2026-01-20T00:11:26.1658031Z   - navigating t
2026-01-20T00:11:26.1658292Z   ▶️ [STEP step_3] CLICK: Progress Bar
2026-01-20T00:11:26.1713444Z     🔍 Mining locators for: 'Progress Bar'
2026-01-20T00:11:26.2353894Z     ✅ Found 2 verified locators
2026-01-20T00:11:29.8123161Z     ✅ State transitioned.
2026-01-20T00:11:31.2909954Z [DEBUG] Sending request to gemini-2.0-flash. Number of parts: 2
2026-01-20T00:11:31.2910401Z [DEBUG] Received response (Length: 231)
2026-01-20T00:11:31.2911156Z     🤖 AI Next Step Suggestion: click -> Start
2026-01-20T00:11:31.2911675Z     🧩 Suggested Locator: #startButton
2026-01-20T00:11:31.2912359Z     💭 Reasoning: The goal is to start the progress bar and wait until it reaches 75%. The next logical step is to click the 'Start' button.
2026-01-20T00:11:31.2912970Z     ➕ Injected AI step: click -> Start
2026-01-20T00:11:31.2913269Z   ▶️ [STEP step_3_ai_1] CLICK: Start
2026-01-20T00:11:31.3058308Z     🎯 Using AI-provided locator: #startButton
2026-01-20T00:11:31.3115694Z     ✅ Found 1 verified locators
2026-01-20T00:11:35.3602964Z     ✅ State transitioned.
2026-01-20T00:11:37.1059632Z [DEBUG] Sending request to gemini-2.0-flash. Number of parts: 2
2026-01-20T00:11:37.1060453Z [DEBUG] Received response (Length: 274)
2026-01-20T00:11:37.1061304Z     🤖 AI Next Step Suggestion: click -> Stop
2026-01-20T00:11:37.1061716Z     🧩 Suggested Locator: #stopButton
2026-01-20T00:11:37.1062834Z     💭 Reasoning: The goal is to wait until the progress bar reaches 75% and then stop it. Since the progress bar is running after clicking 'Start', the next step is to click 'Stop' when it reaches 75%.
2026-01-20T00:11:37.1063867Z     ➕ Injected AI step: click -> Stop
2026-01-20T00:11:37.1064236Z   ▶️ [STEP step_3_ai_2] CLICK: Stop
2026-01-20T00:11:37.1114162Z     🎯 Using AI-provided locator: #stopButton
2026-01-20T00:11:37.1170226Z     ✅ Found 1 verified locators
2026-01-20T00:11:41.1800776Z     ✅ State transitioned.
2026-01-20T00:11:42.6919265Z [DEBUG] Sending request to gemini-2.0-flash. Number of parts: 2
2026-01-20T00:11:42.6920171Z [DEBUG] Received response (Length: 255)
2026-01-20T00:11:42.6920964Z     🤖 AI Next Step Suggestion: click -> Start
2026-01-20T00:11:42.6921524Z     🧩 Suggested Locator: #startButton
2026-01-20T00:11:42.6922404Z     💭 Reasoning: The progress bar needs to be started again to reach 75% as per the scenario. The previous start was followed by a stop, so we need to start again.
2026-01-20T00:11:42.6923212Z     ➕ Injected AI step: click -> Start
2026-01-20T00:11:42.6923588Z   ▶️ [STEP step_3_ai_3] CLICK: Start
2026-01-20T00:11:42.6974596Z     🎯 Using AI-provided locator: #startButton
2026-01-20T00:11:42.7029155Z     ✅ Found 1 verified locators
2026-01-20T00:11:46.7430357Z     ✅ State transitioned.
2026-01-20T00:11:48.3038363Z [DEBUG] Sending request to gemini-2.0-flash. Number of parts: 2
2026-01-20T00:11:48.3039068Z [DEBUG] Received response (Length: 251)
2026-01-20T00:11:48.3040198Z     🤖 AI Next Step Suggestion: click -> Stop
2026-01-20T00:11:48.3040802Z     🧩 Suggested Locator: #stopButton
2026-01-20T00:11:48.3042201Z     💭 Reasoning: The goal is to stop the progress bar when it reaches 75%. Since the progress bar is running (Start was clicked), the next step is to click Stop.
2026-01-20T00:11:48.3043491Z     ➕ Injected AI step: click -> Stop
2026-01-20T00:11:48.3044040Z   ▶️ [STEP step_3_ai_4] CLICK: Stop
2026-01-20T00:11:48.3097097Z     🎯 Using AI-provided locator: #stopButton
2026-01-20T00:11:48.3153869Z     ✅ Found 1 verified locators
2026-01-20T00:11:52.3797937Z     ✅ State transitioned.
2026-01-20T00:11:53.9234689Z [DEBUG] Sending request to gemini-2.0-flash. Number of parts: 2
2026-01-20T00:11:53.9235116Z [DEBUG] Received response (Length: 315)
2026-01-20T00:11:53.9236031Z     🤖 AI Next Step Suggestion: click -> Start
2026-01-20T00:11:53.9236473Z     🧩 Suggested Locator: #startButton
2026-01-20T00:11:53.9237461Z     💭 Reasoning: The goal is to start the progress bar, wait until it reaches 75%, and then stop it. The last actions were clicking start and stop repeatedly. Now we need to start the progress bar again to let it reach 75%.
2026-01-20T00:11:53.9238324Z     ➕ Injected AI step: click -> Start
2026-01-20T00:11:53.9238671Z   ▶️ [STEP step_3_ai_5] CLICK: Start
2026-01-20T00:11:53.9291271Z     🎯 Using AI-provided locator: #startButton
2026-01-20T00:11:53.9343774Z     ✅ Found 1 verified locators
2026-01-20T00:11:57.9740111Z     ✅ State transitioned.
2026-01-20T00:11:59.5905492Z [DEBUG] Sending request to gemini-2.0-flash. Number of parts: 2
2026-01-20T00:11:59.5906181Z [DEBUG] Received response (Length: 269)
2026-01-20T00:11:59.5906944Z     🤖 AI Next Step Suggestion: click -> Stop
2026-01-20T00:11:59.5907513Z     🧩 Suggested Locator: #stopButton
2026-01-20T00:11:59.5908950Z     💭 Reasoning: The goal is to stop the progress bar when it reaches 75%. Since the progress bar has been started multiple times, the next logical step is to stop it and then verify the progress.
2026-01-20T00:11:59.5910093Z     ➕ Injected AI step: click -> Stop
2026-01-20T00:11:59.5910430Z   ▶️ [STEP step_3_ai_6] CLICK: Stop
2026-01-20T00:11:59.5961902Z     🎯 Using AI-provided locator: #stopButton
2026-01-20T00:11:59.6017363Z     ✅ Found 1 verified locators
2026-01-20T00:12:03.6636900Z     ✅ State transitioned.
2026-01-20T00:12:05.3061545Z [DEBUG] Sending request to gemini-2.0-flash. Number of parts: 2
2026-01-20T00:12:05.3062056Z [DEBUG] Received response (Length: 265)
2026-01-20T00:12:05.3062747Z     🤖 AI Next Step Suggestion: click -> Start
2026-01-20T00:12:05.3063162Z     🧩 Suggested Locator: #startButton
2026-01-20T00:12:05.3064080Z     💭 Reasoning: The goal is to start the progress bar, wait until it reaches 75%, and then stop it. The progress bar needs to be started again to progress towards the goal.
2026-01-20T00:12:05.3064888Z     ➕ Injected AI step: click -> Start
2026-01-20T00:12:05.3065214Z   ▶️ [STEP step_3_ai_7] CLICK: Start
2026-01-20T00:12:05.3116785Z     🎯 Using AI-provided locator: #startButton
2026-01-20T00:12:05.3172782Z     ✅ Found 1 verified locators
2026-01-20T00:12:09.3591184Z     ✅ State transitioned.
2026-01-20T00:12:10.8632997Z [DEBUG] Sending request to gemini-2.0-flash. Number of parts: 2
2026-01-20T00:12:10.8633663Z [DEBUG] Received response (Length: 285)
2026-01-20T00:12:10.8634379Z     🤖 AI Next Step Suggestion: click -> Stop
2026-01-20T00:12:10.8634957Z     🧩 Suggested Locator: #stopButton
2026-01-20T00:12:10.8636157Z     💭 Reasoning: The goal is to start the progress bar, wait until it reaches 75%, and then stop it. The progress bar has been started multiple times, so the next logical step is to stop it to check the progress.
2026-01-20T00:12:10.8637036Z     ➕ Injected AI step: click -> Stop
2026-01-20T00:12:10.8637353Z   ▶️ [STEP step_3_ai_8] CLICK: Stop
2026-01-20T00:12:10.8690646Z     🎯 Using AI-provided locator: #stopButton
2026-01-20T00:12:10.8744374Z     ✅ Found 1 verified locators
2026-01-20T00:12:14.9461952Z     ✅ State transitioned.
2026-01-20T00:12:16.6391104Z [DEBUG] Sending request to gemini-2.0-flash. Number of parts: 2
2026-01-20T00:12:16.6391711Z [DEBUG] Received response (Length: 372)
2026-01-20T00:12:16.6392492Z     🤖 AI Next Step Suggestion: click -> Start
2026-01-20T00:12:16.6392926Z     🧩 Suggested Locator: #startButton
2026-01-20T00:12:16.6394486Z     💭 Reasoning: The goal is to start the progress bar and wait until it reaches 75%. The recent actions show that the bot is stuck in a loop of starting and stopping the progress bar. To break the loop, we need to start the progress bar again and then wait for it to reach 75% before stopping it.
2026-01-20T00:12:16.6396243Z     ➕ Injected AI step: click -> Start
2026-01-20T00:12:16.6396621Z   ▶️ [STEP step_3_ai_9] CLICK: Start
2026-01-20T00:12:16.6446473Z     🎯 Using AI-provided locator: #startButton
2026-01-20T00:12:16.6497274Z     ✅ Found 1 verified locators
2026-01-20T00:12:20.6910262Z     ✅ State transitioned.
2026-01-20T00:12:22.4917552Z [DEBUG] Sending request to gemini-2.0-flash. Number of parts: 2
2026-01-20T00:12:22.4918133Z [DEBUG] Received response (Length: 246)
2026-01-20T00:12:22.4918974Z     🤖 AI Next Step Suggestion: click -> Stop
2026-01-20T00:12:22.4919382Z     🧩 Suggested Locator: #stopButton
2026-01-20T00:12:22.4920517Z     💭 Reasoning: The goal is to stop the progress bar when it reaches 75%. The progress bar has been started multiple times, so now it's time to stop it and check the value.
2026-01-20T00:12:22.4921414Z     ➕ Injected AI step: click -> Stop
2026-01-20T00:12:22.4921763Z   ▶️ [STEP step_3_ai_10] CLICK: Stop
2026-01-20T00:12:22.4972578Z     🎯 Using AI-provided locator: #stopButton
2026-01-20T00:12:22.5024998Z     ✅ Found 1 verified locators
2026-01-20T00:12:26.5633564Z     ✅ State transitioned.
2026-01-20T00:12:28.4278609Z [DEBUG] Sending request to gemini-2.0-flash. Number of parts: 2
2026-01-20T00:12:28.4279333Z [DEBUG] Received response (Length: 384)
2026-01-20T00:12:28.4280375Z     🤖 AI Next Step Suggestion: click -> Start
2026-01-20T00:12:28.4280971Z     🧩 Suggested Locator: #startButton
2026-01-20T00:12:28.4283407Z     💭 Reasoning: The goal is to start the progress bar, wait until it reaches 75%, and then stop it. The recent actions show that the bot is stuck in a loop of starting and stopping the progress bar. To break the loop and progress towards the goal, the progress bar needs to be started again.
2026-01-20T00:12:28.4285557Z     ➕ Injected AI step: click -> Start
2026-01-20T00:12:28.4286110Z   ▶️ [STEP step_3_ai_11] CLICK: Start
2026-01-20T00:12:28.4335551Z     🎯 Using AI-provided locator: #startButton
2026-01-20T00:12:28.4388893Z     ✅ Found 1 verified locators
2026-01-20T00:12:32.4902648Z     ✅ State transitioned.
2026-01-20T00:12:32.4947738Z     🔄 Revisited state detected (count: 1)
2026-01-20T00:12:34.1091668Z [DEBUG] Sending request to gemini-2.0-flash. Number of parts: 2
2026-01-20T00:12:34.1092361Z [DEBUG] Received response (Length: 263)
2026-01-20T00:12:34.1093217Z     🤖 AI Next Step Suggestion: click -> Stop
2026-01-20T00:12:34.1093800Z     🧩 Suggested Locator: #stopButton
2026-01-20T00:12:34.1095360Z     💭 Reasoning: The goal is to start the progress bar, wait until it reaches 75%, and then stop it. The progress bar has been started multiple times, so the next logical step is to stop it.
2026-01-20T00:12:34.1096791Z     ➕ Injected AI step: click -> Stop
2026-01-20T00:12:34.1097317Z   ▶️ [STEP step_3_ai_12] CLICK: Stop
2026-01-20T00:12:34.1147864Z     🎯 Using AI-provided locator: #stopButton
2026-01-20T00:12:34.1202289Z     ✅ Found 1 verified locators
2026-01-20T00:12:38.1944795Z     ✅ State transitioned.
2026-01-20T00:12:39.8109257Z [DEBUG] Sending request to gemini-2.0-flash. Number of parts: 2
2026-01-20T00:12:39.8110345Z [DEBUG] Received response (Length: 290)
2026-01-20T00:12:39.8111327Z     🤖 AI Next Step Suggestion: click -> Start
2026-01-20T00:12:39.8111988Z     🧩 Suggested Locator: #startButton
2026-01-20T00:12:39.8113541Z     💭 Reasoning: The goal is to start the progress bar and stop it when it reaches 75%. The last actions were alternating between start and stop. We need to start the progress bar again to continue towards the goal.
2026-01-20T00:12:39.8114640Z     ➕ Injected AI step: click -> Start
2026-01-20T00:12:39.8115022Z   ▶️ [STEP step_3_ai_13] CLICK: Start
2026-01-20T00:12:39.8165451Z     🎯 Using AI-provided locator: #startButton
2026-01-20T00:12:39.8219407Z     ✅ Found 1 verified locators
2026-01-20T00:12:43.8737204Z     ✅ State transitioned.
2026-01-20T00:12:45.3661961Z [DEBUG] Sending request to gemini-2.0-flash. Number of parts: 2
2026-01-20T00:12:45.3662452Z [DEBUG] Received response (Length: 247)
2026-01-20T00:12:45.3663568Z     🤖 AI Next Step Suggestion: click -> Stop
2026-01-20T00:12:45.3663940Z     🧩 Suggested Locator: #stopButton
2026-01-20T00:12:45.3664936Z     💭 Reasoning: The goal is to stop the progress bar when it reaches 75%. The progress bar has been started multiple times, so now it's time to stop it and check the result.
2026-01-20T00:12:45.3665666Z     ➕ Injected AI step: click -> Stop
2026-01-20T00:12:45.3665965Z   ▶️ [STEP step_3_ai_14] CLICK: Stop
2026-01-20T00:12:45.3716895Z     🎯 Using AI-provided locator: #stopButton
2026-01-20T00:12:45.3770318Z     ✅ Found 1 verified locators
2026-01-20T00:12:49.4442947Z     ✅ State transitioned.
2026-01-20T00:12:51.3737537Z [DEBUG] Sending request to gemini-2.0-flash. Number of parts: 2
2026-01-20T00:12:51.3738352Z [DEBUG] Received response (Length: 294)
2026-01-20T00:12:51.3739271Z     🤖 AI Next Step Suggestion: click -> Start
2026-01-20T00:12:51.3740181Z     🧩 Suggested Locator: #startButton
2026-01-20T00:12:51.3741925Z     💭 Reasoning: The goal is to start the progress bar, wait until it reaches 75%, and then stop it. The last actions were alternating between start and stop. We need to start the progress bar again to let it reach 75%.
2026-01-20T00:12:51.3743017Z     ➕ Injected AI step: click -> Start
2026-01-20T00:12:51.3743418Z   ▶️ [STEP step_3_ai_15] CLICK: Start
2026-01-20T00:12:51.3794749Z     🎯 Using AI-provided locator: #startButton
2026-01-20T00:12:51.3848540Z     ✅ Found 1 verified locators
2026-01-20T00:12:55.4398018Z     ✅ State transitioned.
2026-01-20T00:12:55.4443580Z     🔄 Revisited state detected (count: 1)
2026-01-20T00:12:57.1356677Z [DEBUG] Sending request to gemini-2.0-flash. Number of parts: 2
2026-01-20T00:12:57.1357344Z [DEBUG] Received response (Length: 302)
2026-01-20T00:12:57.1358126Z     🤖 AI Next Step Suggestion: click -> Stop
2026-01-20T00:12:57.1358524Z     🧩 Suggested Locator: #stopButton
2026-01-20T00:12:57.1360319Z     💭 Reasoning: The goal is to start the progress bar, wait until it reaches 75%, and then stop it. The progress bar has been started multiple times, so the next logical step is to stop it to check the progress.
2026-01-20T00:12:57.1361549Z     ➕ Injected AI step: click -> Stop
2026-01-20T00:12:57.1361898Z   ▶️ [STEP step_3_ai_16] CLICK: Stop
2026-01-20T00:12:57.1414036Z     🎯 Using AI-provided locator: #stopButton
2026-01-20T00:12:57.1470638Z     ✅ Found 1 verified locators
2026-01-20T00:13:01.2107374Z     ✅ State transitioned.
2026-01-20T00:13:02.9390464Z [DEBUG] Sending request to gemini-2.0-flash. Number of parts: 2
2026-01-20T00:13:02.9391178Z [DEBUG] Received response (Length: 318)
2026-01-20T00:13:02.9392017Z     🤖 AI Next Step Suggestion: click -> Start
2026-01-20T00:13:02.9392626Z     🧩 Suggested Locator: #startButton
2026-01-20T00:13:02.9394730Z     💭 Reasoning: The goal is to start the progress bar, wait until it reaches 75%, and then stop it. The last actions were alternating between stopping and starting. We need to start the progress bar again to let it reach 75%.
2026-01-20T00:13:02.9396725Z     ➕ Injected AI step: click -> Start
2026-01-20T00:13:02.9397353Z   ▶️ [STEP step_3_ai_17] CLICK: Start
2026-01-20T00:13:02.9451785Z     🎯 Using AI-provided locator: #startButton
2026-01-20T00:13:02.9503853Z     ✅ Found 1 verified locators
2026-01-20T00:13:07.0062907Z     ✅ State transitioned.
2026-01-20T00:13:07.0107764Z     🔄 Revisited state detected (count: 1)
2026-01-20T00:13:08.7585484Z [DEBUG] Sending request to gemini-2.0-flash. Number of parts: 2
2026-01-20T00:13:08.7586133Z [DEBUG] Received response (Length: 290)
2026-01-20T00:13:08.7586915Z     🤖 AI Next Step Suggestion: click -> Stop
2026-01-20T00:13:08.7587462Z     🧩 Suggested Locator: #stopButton
2026-01-20T00:13:08.7589170Z     💭 Reasoning: The goal is to stop the progress bar when it reaches 75%. The last actions were repeatedly starting and stopping the progress bar. Now, the progress bar needs to be stopped to check if it is near 75%.
2026-01-20T00:13:08.7590696Z     ➕ Injected AI step: click -> Stop
2026-01-20T00:13:08.7591268Z   ▶️ [STEP step_3_ai_18] CLICK: Stop
2026-01-20T00:13:08.7644669Z     🎯 Using AI-provided locator: #stopButton
2026-01-20T00:13:08.7705212Z     ✅ Found 1 verified locators
2026-01-20T00:13:12.8431567Z     ✅ State transitioned.
2026-01-20T00:13:14.5337303Z [DEBUG] Sending request to gemini-2.0-flash. Number of parts: 2
2026-01-20T00:13:14.5337976Z [DEBUG] Received response (Length: 318)
2026-01-20T00:13:14.5338759Z     🤖 AI Next Step Suggestion: click -> Start
2026-01-20T00:13:14.5339312Z     🧩 Suggested Locator: #startButton
2026-01-20T00:13:14.5340738Z     💭 Reasoning: The goal is to start the progress bar, wait until it reaches 75%, and then stop it. The last actions were alternating between stopping and starting the progress bar. We need to start the progress bar again to let it reach 75%.
2026-01-20T00:13:14.5341870Z     ➕ Injected AI step: click -> Start
2026-01-20T00:13:14.5342210Z   ▶️ [STEP step_3_ai_19] CLICK: Start
2026-01-20T00:13:14.5393250Z     🎯 Using AI-provided locator: #startButton
2026-01-20T00:13:14.5445599Z     ✅ Found 1 verified locators
2026-01-20T00:13:18.5884494Z     ✅ State transitioned.
2026-01-20T00:13:20.4163850Z [DEBUG] Sending request to gemini-2.0-flash. Number of parts: 2
2026-01-20T00:13:20.4164532Z [DEBUG] Received response (Length: 246)
2026-01-20T00:13:20.4165389Z     🤖 AI Next Step Suggestion: click -> Stop
2026-01-20T00:13:20.4165982Z     🧩 Suggested Locator: #stopButton
2026-01-20T00:13:20.4167444Z     💭 Reasoning: The goal is to stop the progress bar when it reaches 75%. The progress bar has been started multiple times, so now it's time to stop it and check the value.
2026-01-20T00:13:20.4168791Z     ➕ Injected AI step: click -> Stop
2026-01-20T00:13:20.4169325Z   ▶️ [STEP step_3_ai_20] CLICK: Stop
2026-01-20T00:13:20.4220632Z     🎯 Using AI-provided locator: #stopButton
2026-01-20T00:13:20.4277415Z     ✅ Found 1 verified locators
2026-01-20T00:13:24.4702701Z     ✅ State transitioned.
2026-01-20T00:13:26.2867830Z [DEBUG] Sending request to gemini-2.0-flash. Number of parts: 2
2026-01-20T00:13:26.2868528Z [DEBUG] Received response (Length: 285)
2026-01-20T00:13:26.2869408Z     🤖 AI Next Step Suggestion: click -> Start
2026-01-20T00:13:26.2870163Z     🧩 Suggested Locator: #startButton
2026-01-20T00:13:26.2871398Z     💭 Reasoning: The goal is to start the progress bar, wait until it reaches 75%, and then stop it. The last action was to stop the progress bar, so the next logical step is to start it again.
2026-01-20T00:13:26.2872194Z     ➕ Injected AI step: click -> Start
2026-01-20T00:13:26.2872502Z   ▶️ [STEP step_3_ai_21] CLICK: Start
2026-01-20T00:13:26.2925424Z     🎯 Using AI-provided locator: #startButton
2026-01-20T00:13:26.2980612Z     ✅ Found 1 verified locators
2026-01-20T00:13:30.3376313Z     ✅ State transitioned.
2026-01-20T00:13:30.3421107Z     🔄 Revisited state detected (count: 1)
2026-01-20T00:13:32.0120217Z [DEBUG] Sending request to gemini-2.0-flash. Number of parts: 2
2026-01-20T00:13:32.0120884Z [DEBUG] Received response (Length: 282)
2026-01-20T00:13:32.0121705Z     🤖 AI Next Step Suggestion: click -> Stop
2026-01-20T00:13:32.0122277Z     🧩 Suggested Locator: #stopButton
2026-01-20T00:13:32.0123519Z     💭 Reasoning: The goal is to start the progress bar, wait until it reaches 75%, and then stop it. The progress bar has been started multiple times, so the next step is to stop it to check if it reaches 75%.
2026-01-20T00:13:32.0124465Z     ➕ Injected AI step: click -> Stop
2026-01-20T00:13:32.0124802Z   ▶️ [STEP step_3_ai_22] CLICK: Stop
2026-01-20T00:13:32.0180191Z     🎯 Using AI-provided locator: #stopButton
2026-01-20T00:13:32.0233557Z     ✅ Found 1 verified locators
2026-01-20T00:13:36.0922041Z     ✅ State transitioned.
2026-01-20T00:13:37.7837636Z [DEBUG] Sending request to gemini-2.0-flash. Number of parts: 2
2026-01-20T00:13:37.7838285Z [DEBUG] Received response (Length: 361)
2026-01-20T00:13:37.7839067Z     🤖 AI Next Step Suggestion: click -> Start
2026-01-20T00:13:37.7839624Z     🧩 Suggested Locator: #startButton
2026-01-20T00:13:37.7842420Z     💭 Reasoning: The goal is to start the progress bar, wait until it reaches 75%, and then stop it. The recent actions show that the start and stop buttons have been clicked repeatedly. The next logical step is to start the progress bar again to allow it to reach 75%.
2026-01-20T00:13:37.7843613Z     ➕ Injected AI step: click -> Start
2026-01-20T00:13:37.7843973Z   ▶️ [STEP step_3_ai_23] CLICK: Start
2026-01-20T00:13:37.7895734Z     🎯 Using AI-provided locator: #startButton
2026-01-20T00:13:37.7952725Z     ✅ Found 1 verified locators
2026-01-20T00:13:41.8381456Z     ✅ State transitioned.
2026-01-20T00:13:43.5310580Z [DEBUG] Sending request to gemini-2.0-flash. Number of parts: 2
2026-01-20T00:13:43.5311240Z [DEBUG] Received response (Length: 286)
2026-01-20T00:13:43.5312010Z     🤖 AI Next Step Suggestion: click -> Stop
2026-01-20T00:13:43.5312621Z     🧩 Suggested Locator: button[id='stopButton']
2026-01-20T00:13:43.5314270Z     💭 Reasoning: The goal is to start the progress bar, wait until it reaches 75%, and then stop it. The progress bar has been started multiple times, so now it's time to stop it to check the progress.
2026-01-20T00:13:43.5315640Z     ➕ Injected AI step: click -> Stop
2026-01-20T00:13:43.5316170Z   ▶️ [STEP step_3_ai_24] CLICK: Stop
2026-01-20T00:13:43.5368888Z     🎯 Using AI-provided locator: button[id='stopButton']
2026-01-20T00:13:43.5423739Z     ✅ Found 1 verified locators
2026-01-20T00:13:47.6085077Z     ✅ State transitioned.
2026-01-20T00:13:49.1617602Z [DEBUG] Sending request to gemini-2.0-flash. Number of parts: 2
2026-01-20T00:13:49.1618282Z [DEBUG] Received response (Length: 314)
2026-01-20T00:13:49.1618982Z     🤖 AI Next Step Suggestion: click -> Start
2026-01-20T00:13:49.1619353Z     🧩 Suggested Locator: #startButton
2026-01-20T00:13:49.1620743Z     💭 Reasoning: The goal is to start the progress bar, wait until it reaches 75%, and then stop it. The last actions were repeatedly starting and stopping the progress bar. Now, we need to start the progress bar again to let it reach 75%.
2026-01-20T00:13:49.1621875Z     ➕ Injected AI step: click -> Start
2026-01-20T00:13:49.1622221Z   ▶️ [STEP step_3_ai_25] CLICK: Start
2026-01-20T00:13:49.1672730Z     🎯 Using AI-provided locator: #startButton
2026-01-20T00:13:49.1728806Z     ✅ Found 1 verified locators
2026-01-20T00:13:53.2200144Z     ✅ State transitioned.
2026-01-20T00:13:54.9064604Z [DEBUG] Sending request to gemini-2.0-flash. Number of parts: 2
2026-01-20T00:13:54.9065254Z [DEBUG] Received response (Length: 271)
2026-01-20T00:13:54.9066024Z     🤖 AI Next Step Suggestion: click -> Stop
2026-01-20T00:13:54.9066590Z     🧩 Suggested Locator: #stopButton
2026-01-20T00:13:54.9068185Z     💭 Reasoning: The goal is to start the progress bar, wait until it reaches 75%, and then stop it. The progress bar has been started multiple times, so now it's time to stop it to check the value.
2026-01-20T00:13:54.9069281Z     ➕ Injected AI step: click -> Stop
2026-01-20T00:13:54.9069613Z   ▶️ [STEP step_3_ai_26] CLICK: Stop
2026-01-20T00:13:54.9121298Z     🎯 Using AI-provided locator: #stopButton
2026-01-20T00:13:54.9178226Z     ✅ Found 1 verified locators
2026-01-20T00:13:58.9909209Z     ✅ State transitioned.
2026-01-20T00:14:00.8547480Z [DEBUG] Sending request to gemini-2.0-flash. Number of parts: 2
2026-01-20T00:14:00.8548157Z [DEBUG] Received response (Length: 330)
2026-01-20T00:14:00.8548837Z     🤖 AI Next Step Suggestion: click -> Start
2026-01-20T00:14:00.8549239Z     🧩 Suggested Locator: #startButton
2026-01-20T00:14:00.8550748Z     💭 Reasoning: The goal is to start the progress bar, wait until it reaches 75%, and then stop it. The last actions were alternating between stopping and starting, so we need to start the progress bar again to continue towards the goal.
2026-01-20T00:14:00.8551925Z     ➕ Injected AI step: click -> Start
2026-01-20T00:14:00.8552265Z   ▶️ [STEP step_3_ai_27] CLICK: Start
2026-01-20T00:14:00.8604115Z     🎯 Using AI-provided locator: #startButton
2026-01-20T00:14:00.8659606Z     ✅ Found 1 verified locators
2026-01-20T00:14:04.9221548Z     ✅ State transitioned.
2026-01-20T00:14:06.5687424Z [DEBUG] Sending request to gemini-2.0-flash. Number of parts: 2
2026-01-20T00:14:06.5688271Z [DEBUG] Received response (Length: 247)
2026-01-20T00:14:06.5689092Z     🤖 AI Next Step Suggestion: click -> Stop
2026-01-20T00:14:06.5689475Z     🧩 Suggested Locator: #stopButton
2026-01-20T00:14:06.5690569Z     💭 Reasoning: The goal is to stop the progress bar when it reaches 75%. The progress bar has been started multiple times, so now it's time to stop it and check the result.
2026-01-20T00:14:06.5691352Z     ➕ Injected AI step: click -> Stop
2026-01-20T00:14:06.5691667Z   ▶️ [STEP step_3_ai_28] CLICK: Stop
2026-01-20T00:14:06.5741613Z     🎯 Using AI-provided locator: #stopButton
2026-01-20T00:14:06.5795490Z     ✅ Found 1 verified locators
2026-01-20T00:14:10.6403061Z     ✅ State transitioned.
2026-01-20T00:14:12.3077305Z [DEBUG] Sending request to gemini-2.0-flash. Number of parts: 2
2026-01-20T00:14:12.3078057Z [DEBUG] Received response (Length: 295)
2026-01-20T00:14:12.3078902Z     🤖 AI Next Step Suggestion: click -> Start
2026-01-20T00:14:12.3079500Z     🧩 Suggested Locator: #startButton
2026-01-20T00:14:12.3083848Z     💭 Reasoning: The goal is to start the progress bar and wait until it reaches 75%. The last actions were alternating between 'Stop' and 'Start', so we need to start the progress bar again to continue towards the goal.
2026-01-20T00:14:12.3085648Z     ➕ Injected AI step: click -> Start
2026-01-20T00:14:12.3086242Z   ▶️ [STEP step_3_ai_29] CLICK: Start
2026-01-20T00:14:12.3136351Z     🎯 Using AI-provided locator: #startButton
2026-01-20T00:14:12.3189153Z     ✅ Found 1 verified locators
2026-01-20T00:14:16.3677764Z     ✅ State transitioned.
2026-01-20T00:14:16.3724341Z     🔄 Revisited state detected (count: 1)
2026-01-20T00:14:17.9413964Z [DEBUG] Sending request to gemini-2.0-flash. Number of parts: 2
2026-01-20T00:14:17.9414645Z [DEBUG] Received response (Length: 285)
2026-01-20T00:14:17.9415514Z     🤖 AI Next Step Suggestion: click -> Stop
2026-01-20T00:14:17.9416077Z     🧩 Suggested Locator: #stopButton
2026-01-20T00:14:17.9420503Z     💭 Reasoning: The goal is to start the progress bar, wait until it reaches 75%, and then stop it. The progress bar has been started multiple times, so the next logical step is to stop it to check the progress.
2026-01-20T00:14:17.9422304Z     ➕ Injected AI step: click -> Stop
2026-01-20T00:14:17.9422892Z   ▶️ [STEP step_3_ai_30] CLICK: Stop
2026-01-20T00:14:17.9472925Z     🎯 Using AI-provided locator: #stopButton
2026-01-20T00:14:17.9531437Z     ✅ Found 1 verified locators
2026-01-20T00:14:22.0243899Z     ✅ State transitioned.
2026-01-20T00:14:23.6376393Z [DEBUG] Sending request to gemini-2.0-flash. Number of parts: 2
2026-01-20T00:14:23.6377091Z [DEBUG] Received response (Length: 314)
2026-01-20T00:14:23.6377941Z     🤖 AI Next Step Suggestion: click -> Start
2026-01-20T00:14:23.6378537Z     🧩 Suggested Locator: #startButton
2026-01-20T00:14:23.6381130Z     💭 Reasoning: The goal is to start the progress bar, wait until it reaches 75%, and then stop it. The last actions were repeatedly stopping and starting the progress bar. Now, we need to start the progress bar again to let it reach 75%.
2026-01-20T00:14:23.6383053Z     ➕ Injected AI step: click -> Start
2026-01-20T00:14:23.6383626Z   ▶️ [STEP step_3_ai_31] CLICK: Start
2026-01-20T00:14:23.6435759Z     🎯 Using AI-provided locator: #startButton
2026-01-20T00:14:23.6487967Z     ✅ Found 1 verified locators
2026-01-20T00:14:27.7016254Z     ✅ State transitioned.
2026-01-20T00:14:29.4395483Z [DEBUG] Sending request to gemini-2.0-flash. Number of parts: 2
2026-01-20T00:14:29.4396355Z [DEBUG] Received response (Length: 247)
2026-01-20T00:14:29.4397382Z     🤖 AI Next Step Suggestion: click -> Stop
2026-01-20T00:14:29.4398131Z     🧩 Suggested Locator: #stopButton
2026-01-20T00:14:29.4400215Z     💭 Reasoning: The goal is to stop the progress bar when it reaches 75%. The progress bar has been started multiple times, so now it's time to stop it and check the result.
2026-01-20T00:14:29.4402375Z     ➕ Injected AI step: click -> Stop
2026-01-20T00:14:29.4402966Z   ▶️ [STEP step_3_ai_32] CLICK: Stop
2026-01-20T00:14:29.4454667Z     🎯 Using AI-provided locator: #stopButton
2026-01-20T00:14:29.4512244Z     ✅ Found 1 verified locators
2026-01-20T00:14:33.5234420Z     ✅ State transitioned.
2026-01-20T00:14:35.5259743Z [DEBUG] Sending request to gemini-2.0-flash. Number of parts: 2
2026-01-20T00:14:35.5260670Z [DEBUG] Received response (Length: 340)
2026-01-20T00:14:35.5261495Z     🤖 AI Next Step Suggestion: click -> Start
2026-01-20T00:14:35.5262070Z     🧩 Suggested Locator: #startButton
2026-01-20T00:14:35.5264231Z     💭 Reasoning: The goal is to start the progress bar, wait until it reaches 75%, and then stop it. The recent actions show that the start and stop buttons have been clicked repeatedly. The next logical step is to start the progress bar again to try and reach 75%.
2026-01-20T00:14:35.5266133Z     ➕ Injected AI step: click -> Start
2026-01-20T00:14:35.5266711Z   ▶️ [STEP step_3_ai_33] CLICK: Start
2026-01-20T00:14:35.5323582Z     🎯 Using AI-provided locator: #startButton
2026-01-20T00:14:35.5377057Z     ✅ Found 1 verified locators
2026-01-20T00:14:39.5851265Z     ✅ State transitioned.
2026-01-20T00:14:41.3123960Z [DEBUG] Sending request to gemini-2.0-flash. Number of parts: 2
2026-01-20T00:14:41.3124628Z [DEBUG] Received response (Length: 263)
2026-01-20T00:14:41.3125525Z     🤖 AI Next Step Suggestion: click -> Stop
2026-01-20T00:14:41.3126096Z     🧩 Suggested Locator: #stopButton
2026-01-20T00:14:41.3127619Z     💭 Reasoning: The goal is to stop the progress bar when it reaches 75%. The progress bar has been started multiple times, so now it's time to stop it and check the value.
2026-01-20T00:14:41.3129061Z     ➕ Injected AI step: click -> Stop
2026-01-20T00:14:41.3129607Z   ▶️ [STEP step_3_ai_34] CLICK: Stop
2026-01-20T00:14:41.3184096Z     🎯 Using AI-provided locator: #stopButton
2026-01-20T00:14:41.3238885Z     ✅ Found 1 verified locators
2026-01-20T00:14:45.3676562Z     ✅ State transitioned.
2026-01-20T00:14:47.2538574Z [DEBUG] Sending request to gemini-2.0-flash. Number of parts: 2
2026-01-20T00:14:47.2539169Z [DEBUG] Received response (Length: 311)
2026-01-20T00:14:47.2540124Z     🤖 AI Next Step Suggestion: click -> Start
2026-01-20T00:14:47.2540586Z     🧩 Suggested Locator: button[id='startButton']
2026-01-20T00:14:47.2541619Z     💭 Reasoning: The goal is to start the progress bar, wait until it reaches 75%, and then stop it. The last actions were alternating between stopping and starting, so we need to start it again to progress towards the goal.
2026-01-20T00:14:47.2542513Z     ➕ Injected AI step: click -> Start
2026-01-20T00:14:47.2542820Z   ▶️ [STEP step_3_ai_35] CLICK: Start
2026-01-20T00:14:47.2595661Z     🎯 Using AI-provided locator: button[id='startButton']
2026-01-20T00:14:47.2654052Z     ✅ Found 1 verified locators
2026-01-20T00:14:51.3191788Z     ✅ State transitioned.
2026-01-20T00:14:51.3237624Z     🔄 Revisited state detected (count: 1)
2026-01-20T00:14:53.0928776Z [DEBUG] Sending request to gemini-2.0-flash. Number of parts: 2
2026-01-20T00:14:53.0929549Z [DEBUG] Received response (Length: 285)
2026-01-20T00:14:53.0931133Z     🤖 AI Next Step Suggestion: click -> Stop
2026-01-20T00:14:53.0931854Z     🧩 Suggested Locator: #stopButton
2026-01-20T00:14:53.0933785Z     💭 Reasoning: The goal is to start the progress bar, wait until it reaches 75%, and then stop it. The progress bar has been started multiple times, so the next logical step is to stop it to check the progress.
2026-01-20T00:14:53.0934873Z     ➕ Injected AI step: click -> Stop
2026-01-20T00:14:53.0935248Z   ▶️ [STEP step_3_ai_36] CLICK: Stop
2026-01-20T00:14:53.0990123Z     🎯 Using AI-provided locator: #stopButton
2026-01-20T00:14:53.1044449Z     ✅ Found 1 verified locators
2026-01-20T00:14:57.1722536Z     ✅ State transitioned.
2026-01-20T00:14:58.8556734Z [DEBUG] Sending request to gemini-2.0-flash. Number of parts: 2
2026-01-20T00:14:58.8557741Z [DEBUG] Received response (Length: 330)
2026-01-20T00:14:58.8558534Z     🤖 AI Next Step Suggestion: click -> Start
2026-01-20T00:14:58.8559218Z     🧩 Suggested Locator: #startButton
2026-01-20T00:14:58.8561720Z     💭 Reasoning: The goal is to start the progress bar, wait until it reaches 75%, and then stop it. The last actions were alternating between 'Stop' and 'Start', so the next logical step is to click 'Start' again to continue the process.
2026-01-20T00:14:58.8562929Z     ➕ Injected AI step: click -> Start
2026-01-20T00:14:58.8563325Z   ▶️ [STEP step_3_ai_37] CLICK: Start
2026-01-20T00:14:58.8613981Z     🎯 Using AI-provided locator: #startButton
2026-01-20T00:14:58.8670165Z     ✅ Found 1 verified locators
2026-01-20T00:15:02.9199056Z     ✅ State transitioned.
2026-01-20T00:15:02.9247520Z     🔄 Revisited state detected (count: 1)
2026-01-20T00:15:04.6253547Z [DEBUG] Sending request to gemini-2.0-flash. Number of parts: 2
2026-01-20T00:15:04.6254295Z [DEBUG] Received response (Length: 258)
2026-01-20T00:15:04.6255239Z     🤖 AI Next Step Suggestion: click -> Stop
2026-01-20T00:15:04.6255844Z     🧩 Suggested Locator: #stopButton
2026-01-20T00:15:04.6257796Z     💭 Reasoning: The goal is to stop the progress bar when it reaches 75%. The progress bar has been started multiple times, so the next logical step is to stop it and check the result.
2026-01-20T00:15:04.6259560Z     ➕ Injected AI step: click -> Stop
2026-01-20T00:15:04.6260492Z   ▶️ [STEP step_3_ai_38] CLICK: Stop
2026-01-20T00:15:04.6316451Z     🎯 Using AI-provided locator: #stopButton
2026-01-20T00:15:04.6368713Z     ✅ Found 1 verified locators
2026-01-20T00:15:08.7066486Z     ✅ State transitioned.
2026-01-20T00:15:10.3395472Z [DEBUG] Sending request to gemini-2.0-flash. Number of parts: 2
2026-01-20T00:15:10.3396310Z [DEBUG] Received response (Length: 341)
2026-01-20T00:15:10.3397231Z     🤖 AI Next Step Suggestion: start -> Start
2026-01-20T00:15:10.3397921Z     🧩 Suggested Locator: #startButton
2026-01-20T00:15:10.3400652Z     💭 Reasoning: The goal is to start the progress bar and wait until it reaches 75%. The recent actions show that the start and stop buttons have been clicked repeatedly. Now, the progress bar needs to be started again to progress towards the goal.
2026-01-20T00:15:10.3401924Z     ➕ Injected AI step: start -> Start
2026-01-20T00:15:10.3402327Z   ▶️ [STEP step_3_ai_39] START: Start
2026-01-20T00:15:10.3451402Z     🎯 Using AI-provided locator: #startButton
2026-01-20T00:15:10.3506185Z     ✅ Found 1 verified locators
2026-01-20T00:15:13.3833234Z     ✅ State transitioned.
2026-01-20T00:15:13.3881805Z     🔄 Revisited state detected (count: 1)
2026-01-20T00:15:15.2766322Z [DEBUG] Sending request to gemini-2.0-flash. Number of parts: 2
2026-01-20T00:15:15.2767063Z [DEBUG] Received response (Length: 288)
2026-01-20T00:15:15.2767843Z     🤖 AI Next Step Suggestion: click -> Stop
2026-01-20T00:15:15.2768516Z     🧩 Suggested Locator: button[id='stopButton']
2026-01-20T00:15:15.2770435Z     💭 Reasoning: The goal is to start the progress bar, wait until it reaches 75%, and then stop it. The progress bar has been started, so the next step is to stop it to check the value.
2026-01-20T00:15:15.2772275Z     ➕ Injected AI step: click -> Stop
2026-01-20T00:15:15.2772862Z   ▶️ [STEP step_3_ai_40] CLICK: Stop
2026-01-20T00:15:15.2824505Z     🎯 Using AI-provided locator: button[id='stopButton']
2026-01-20T00:15:15.2887278Z     ✅ Found 1 verified locators
2026-01-20T00:15:19.3329311Z     ✅ State transitioned.
2026-01-20T00:15:19.3375807Z     🔄 Revisited state detected (count: 2)
2026-01-20T00:15:20.8946276Z [DEBUG] Sending request to gemini-2.0-flash. Number of parts: 2
2026-01-20T00:15:20.8947170Z [DEBUG] Received response (Length: 353)
2026-01-20T00:15:20.8947839Z     🤖 AI Next Step Suggestion: click -> Start
2026-01-20T00:15:20.8948267Z     🧩 Suggested Locator: #startButton
2026-01-20T00:15:20.8949674Z     💭 Reasoning: The goal is to start the progress bar, wait until it reaches 75%, and then stop it. The last few actions have been alternating between stopping and starting the progress bar. We need to start the progress bar again to continue towards the goal.
2026-01-20T00:15:20.8951475Z     ➕ Injected AI step: click -> Start
2026-01-20T00:15:20.8951880Z   ▶️ [STEP step_3_ai_41] CLICK: Start
2026-01-20T00:15:20.9001762Z     🎯 Using AI-provided locator: #startButton
2026-01-20T00:15:20.9057046Z     ✅ Found 1 verified locators
2026-01-20T00:15:24.9491424Z     ✅ State transitioned.
2026-01-20T00:15:24.9537787Z     🔄 Revisited state detected (count: 3)
2026-01-20T00:15:24.9538657Z     ⚠️ Too many revisits (3). Stopping AI step injection to prevent loops.
2026-01-20T00:15:24.9539424Z   ▶️ [STEP step_4] ASSERT_URL: 
2026-01-20T00:15:29.9685908Z     ⚠️ Scroll into view failed for text=None. Proceeding anyway.
2026-01-20T00:15:31.9708302Z     ✅ State transitioned.
2026-01-20T00:15:31.9757135Z     🔄 Revisited state detected (count: 4)
2026-01-20T00:15:31.9757953Z     ⚠️ Too many revisits (4). Stopping AI step injection to prevent loops.
2026-01-20T00:15:31.9758616Z   ▶️ [STEP step_5] CLICK: Start
2026-01-20T00:15:31.9809586Z     🔍 Mining locators for: 'Start'
2026-01-20T00:15:32.0432498Z     ✅ Found 3 verified locators
2026-01-20T00:15:35.6032506Z     ✅ State transitioned.
2026-01-20T00:15:37.2657008Z [DEBUG] Sending request to gemini-2.0-flash. Number of parts: 2
2026-01-20T00:15:37.2657720Z [DEBUG] Received response (Length: 234)
2026-01-20T00:15:37.2658509Z     🤖 AI Next Step Suggestion: click -> Stop
2026-01-20T00:15:37.2659094Z     🧩 Suggested Locator: #stopButton
2026-01-20T00:15:37.2660775Z     💭 Reasoning: The goal is to stop the progress bar when it reaches 75%. The progress bar is currently running, so the next step is to click the 'Stop' button.
2026-01-20T00:15:37.2662065Z     ➕ Injected AI step: click -> Stop
2026-01-20T00:15:37.2662592Z   ▶️ [STEP step_5_ai_1] CLICK: Stop
2026-01-20T00:15:37.2716635Z     🎯 Using AI-provided locator: #stopButton
2026-01-20T00:15:37.2773125Z     ✅ Found 1 verified locators
2026-01-20T00:15:41.3167066Z     ✅ State transitioned.
2026-01-20T00:15:42.7997826Z [DEBUG] Sending request to gemini-2.0-flash. Number of parts: 2
2026-01-20T00:15:42.7998572Z [DEBUG] Received response (Length: 268)
2026-01-20T00:15:42.7999484Z     🤖 AI Next Step Suggestion: click -> Start
2026-01-20T00:15:42.8000435Z     🧩 Suggested Locator: #startButton
2026-01-20T00:15:42.8002265Z     💭 Reasoning: The goal is to start the progress bar, wait until it reaches 75%, and then stop it. The last action was to stop the progress bar, so the next logical step is to start it again.
2026-01-20T00:15:42.8003917Z     ➕ Injected AI step: click -> Start
2026-01-20T00:15:42.8004529Z   ▶️ [STEP step_5_ai_2] CLICK: Start
2026-01-20T00:15:42.8061014Z     🎯 Using AI-provided locator: #startButton
2026-01-20T00:15:42.8118554Z     ✅ Found 1 verified locators
2026-01-20T00:15:46.8682268Z     ✅ State transitioned.
2026-01-20T00:15:46.8728970Z     🔄 Revisited state detected (count: 1)
2026-01-20T00:15:48.5838036Z [DEBUG] Sending request to gemini-2.0-flash. Number of parts: 2
2026-01-20T00:15:48.5838911Z [DEBUG] Received response (Length: 246)
2026-01-20T00:15:48.5840076Z     🤖 AI Next Step Suggestion: click -> Stop
2026-01-20T00:15:48.5841169Z     🧩 Suggested Locator: #stopButton
2026-01-20T00:15:48.5842944Z     💭 Reasoning: The goal is to stop the progress bar when it reaches 75%. The progress bar has been started multiple times, so now it's time to stop it and check the value.
2026-01-20T00:15:48.5844190Z     ➕ Injected AI step: click -> Stop
2026-01-20T00:15:48.5844578Z   ▶️ [STEP step_5_ai_3] CLICK: Stop
2026-01-20T00:15:48.5909465Z     🎯 Using AI-provided locator: #stopButton
2026-01-20T00:15:48.5987655Z     ✅ Found 1 verified locators
2026-01-20T00:15:52.6703087Z     ✅ State transitioned.
2026-01-20T00:15:54.5230722Z [DEBUG] Sending request to gemini-2.0-flash. Number of parts: 2
2026-01-20T00:15:54.5231572Z [DEBUG] Received response (Length: 253)
2026-01-20T00:15:54.5232298Z     🤖 AI Next Step Suggestion: click -> Start
2026-01-20T00:15:54.5233445Z     🧩 Suggested Locator: #startButton
2026-01-20T00:15:54.5234682Z     💭 Reasoning: The goal is to start the progress bar, wait until it reaches 75%, and then stop it. The progress bar is currently stopped, so the next step is to start it again.
2026-01-20T00:15:54.5235688Z     ➕ Injected AI step: click -> Start
2026-01-20T00:15:54.5236281Z   ▶️ [STEP step_5_ai_4] CLICK: Start
2026-01-20T00:15:54.5287043Z     🎯 Using AI-provided locator: #startButton
2026-01-20T00:15:54.5341955Z     ✅ Found 1 verified locators
2026-01-20T00:15:58.5890208Z     ✅ State transitioned.
2026-01-20T00:16:00.2090500Z [DEBUG] Sending request to gemini-2.0-flash. Number of parts: 2
2026-01-20T00:16:00.2091195Z [DEBUG] Received response (Length: 258)
2026-01-20T00:16:00.2092026Z     🤖 AI Next Step Suggestion: click -> Stop
2026-01-20T00:16:00.2092581Z     🧩 Suggested Locator: #stopButton
2026-01-20T00:16:00.2093606Z     💭 Reasoning: The goal is to stop the progress bar when it reaches 75%. The progress bar has been started multiple times, so the next logical step is to stop it and check the result.
2026-01-20T00:16:00.2094894Z     ➕ Injected AI step: click -> Stop
2026-01-20T00:16:00.2095386Z   ▶️ [STEP step_5_ai_5] CLICK: Stop
2026-01-20T00:16:00.2148374Z     🎯 Using AI-provided locator: #stopButton
2026-01-20T00:16:00.2200668Z     ✅ Found 1 verified locators
2026-01-20T00:16:04.2653020Z     ✅ State transitioned.
2026-01-20T00:16:05.8318279Z [DEBUG] Sending request to gemini-2.0-flash. Number of parts: 2
2026-01-20T00:16:05.8318769Z [DEBUG] Received response (Length: 303)
2026-01-20T00:16:05.8319703Z     🤖 AI Next Step Suggestion: click -> Start
2026-01-20T00:16:05.8320346Z     🧩 Suggested Locator: #startButton
2026-01-20T00:16:05.8321496Z     💭 Reasoning: The goal is to start the progress bar, wait until it reaches 75%, and then stop it. The last actions were alternating between start and stop. We need to start the progress bar again to continue towards the goal.
2026-01-20T00:16:05.8322541Z     ➕ Injected AI step: click -> Start
2026-01-20T00:16:05.8322910Z   ▶️ [STEP step_5_ai_6] CLICK: Start
2026-01-20T00:16:05.8374345Z     🎯 Using AI-provided locator: #startButton
2026-01-20T00:16:05.8428273Z     ✅ Found 1 verified locators
2026-01-20T00:16:09.8815295Z     ✅ State transitioned.
2026-01-20T00:16:09.8859299Z     🔄 Revisited state detected (count: 1)
2026-01-20T00:16:11.4906669Z [DEBUG] Sending request to gemini-2.0-flash. Number of parts: 2
2026-01-20T00:16:11.4907370Z [DEBUG] Received response (Length: 294)
2026-01-20T00:16:11.4908201Z     🤖 AI Next Step Suggestion: click -> Stop
2026-01-20T00:16:11.4908790Z     🧩 Suggested Locator: #stopButton
2026-01-20T00:16:11.4911016Z     💭 Reasoning: The goal is to stop the progress bar when it reaches 75%. The last actions were repeatedly starting and stopping the progress bar. Now, the progress bar needs to be stopped to check if it is close to 75%.
2026-01-20T00:16:11.4912815Z     ➕ Injected AI step: click -> Stop
2026-01-20T00:16:11.4913380Z   ▶️ [STEP step_5_ai_7] CLICK: Stop
2026-01-20T00:16:11.4965585Z     🎯 Using AI-provided locator: #stopButton
2026-01-20T00:16:11.5018316Z     ✅ Found 1 verified locators
2026-01-20T00:16:15.5683108Z     ✅ State transitioned.
2026-01-20T00:16:17.4101351Z [DEBUG] Sending request to gemini-2.0-flash. Number of parts: 2
2026-01-20T00:16:17.4101903Z [DEBUG] Received response (Length: 311)
2026-01-20T00:16:17.4102644Z     🤖 AI Next Step Suggestion: click -> Start
2026-01-20T00:16:17.4103003Z     🧩 Suggested Locator: #startButton
2026-01-20T00:16:17.4103974Z     💭 Reasoning: The goal is to start the progress bar, wait until it reaches 75%, and then stop it. The last actions were alternating between start and stop. We need to start the progress bar again to let it reach 75%.
2026-01-20T00:16:17.4104840Z     ➕ Injected AI step: click -> Start
2026-01-20T00:16:17.4105138Z   ▶️ [STEP step_5_ai_8] CLICK: Start
2026-01-20T00:16:17.4157523Z     🎯 Using AI-provided locator: #startButton
2026-01-20T00:16:17.4210442Z     ✅ Found 1 verified locators
2026-01-20T00:16:21.4642258Z     ✅ State transitioned.
2026-01-20T00:16:21.4686858Z     🔄 Revisited state detected (count: 1)
2026-01-20T00:16:23.3307480Z [DEBUG] Sending request to gemini-2.0-flash. Number of parts: 2
2026-01-20T00:16:23.3308151Z [DEBUG] Received response (Length: 246)
2026-01-20T00:16:23.3308851Z     🤖 AI Next Step Suggestion: click -> Stop
2026-01-20T00:16:23.3309199Z     🧩 Suggested Locator: #stopButton
2026-01-20T00:16:23.3310459Z     💭 Reasoning: The goal is to stop the progress bar when it reaches 75%. The progress bar has been started multiple times, so now it's time to stop it and check the value.
2026-01-20T00:16:23.3311286Z     ➕ Injected AI step: click -> Stop
2026-01-20T00:16:23.3311605Z   ▶️ [STEP step_5_ai_9] CLICK: Stop
2026-01-20T00:16:23.3361480Z     🎯 Using AI-provided locator: #stopButton
2026-01-20T00:16:23.3415723Z     ✅ Found 1 verified locators
2026-01-20T00:16:27.4018931Z     ✅ State transitioned.
2026-01-20T00:16:29.1685039Z [DEBUG] Sending request to gemini-2.0-flash. Number of parts: 2
2026-01-20T00:16:29.1685809Z [DEBUG] Received response (Length: 340)
2026-01-20T00:16:29.1686644Z     🤖 AI Next Step Suggestion: click -> Start
2026-01-20T00:16:29.1687266Z     🧩 Suggested Locator: #startButton
2026-01-20T00:16:29.1689467Z     💭 Reasoning: The goal is to start the progress bar, wait until it reaches 75%, and then stop it. The recent actions show that the start and stop buttons have been clicked repeatedly. The next logical step is to start the progress bar again to try and reach 75%.
2026-01-20T00:16:29.1691752Z     ➕ Injected AI step: click -> Start
2026-01-20T00:16:29.1692308Z   ▶️ [STEP step_5_ai_10] CLICK: Start
2026-01-20T00:16:29.1744162Z     🎯 Using AI-provided locator: #startButton
2026-01-20T00:16:29.1795850Z     ✅ Found 1 verified locators
2026-01-20T00:16:33.2301514Z     ✅ State transitioned.
2026-01-20T00:16:33.2347647Z     🔄 Revisited state detected (count: 1)
2026-01-20T00:16:34.8687548Z [DEBUG] Sending request to gemini-2.0-flash. Number of parts: 2
2026-01-20T00:16:34.8688313Z [DEBUG] Received response (Length: 285)
2026-01-20T00:16:34.8689170Z     🤖 AI Next Step Suggestion: click -> Stop
2026-01-20T00:16:34.8690195Z     🧩 Suggested Locator: #stopButton
2026-01-20T00:16:34.8692068Z     💭 Reasoning: The goal is to start the progress bar, wait until it reaches 75%, and then stop it. The progress bar has been started multiple times, so the next logical step is to stop it to check the progress.
2026-01-20T00:16:34.8693642Z     ➕ Injected AI step: click -> Stop
2026-01-20T00:16:34.8694165Z   ▶️ [STEP step_5_ai_11] CLICK: Stop
2026-01-20T00:16:34.8744478Z     🎯 Using AI-provided locator: #stopButton
2026-01-20T00:16:34.8801634Z     ✅ Found 1 verified locators
2026-01-20T00:16:38.9534326Z     ✅ State transitioned.
2026-01-20T00:16:40.4789701Z [DEBUG] Sending request to gemini-2.0-flash. Number of parts: 2
2026-01-20T00:16:40.4790466Z [DEBUG] Received response (Length: 324)
2026-01-20T00:16:40.4791270Z     🤖 AI Next Step Suggestion: click -> Start
2026-01-20T00:16:40.4792164Z     🧩 Suggested Locator: #startButton
2026-01-20T00:16:40.4793378Z     💭 Reasoning: The goal is to start the progress bar, wait until it reaches 75%, and then stop it. The last actions were repeatedly stopping and starting the progress bar. It needs to be started again to progress towards the goal.
2026-01-20T00:16:40.4794354Z     ➕ Injected AI step: click -> Start
2026-01-20T00:16:40.4794661Z   ▶️ [STEP step_5_ai_12] CLICK: Start
2026-01-20T00:16:40.4847666Z     🎯 Using AI-provided locator: #startButton
2026-01-20T00:16:40.4900088Z     ✅ Found 1 verified locators
2026-01-20T00:16:44.5306205Z     ✅ State transitioned.
2026-01-20T00:16:46.2096974Z [DEBUG] Sending request to gemini-2.0-flash. Number of parts: 2
2026-01-20T00:16:46.2097500Z [DEBUG] Received response (Length: 265)
2026-01-20T00:16:46.2098215Z     🤖 AI Next Step Suggestion: click -> Stop
2026-01-20T00:16:46.2098635Z     🧩 Suggested Locator: #stopButton
2026-01-20T00:16:46.2099629Z     💭 Reasoning: The goal is to stop the progress bar when it reaches 75%. The last actions were repeatedly starting and stopping the progress bar. Now, we need to let it run and then stop it.
2026-01-20T00:16:46.2100856Z     ➕ Injected AI step: click -> Stop
2026-01-20T00:16:46.2101196Z   ▶️ [STEP step_5_ai_13] CLICK: Stop
2026-01-20T00:16:46.2153868Z     🎯 Using AI-provided locator: #stopButton
2026-01-20T00:16:46.2207329Z     ✅ Found 1 verified locators
2026-01-20T00:16:50.2632878Z     ✅ State transitioned.
2026-01-20T00:16:51.9576854Z [DEBUG] Sending request to gemini-2.0-flash. Number of parts: 2
2026-01-20T00:16:51.9577566Z [DEBUG] Received response (Length: 335)
2026-01-20T00:16:51.9578396Z     🤖 AI Next Step Suggestion: click -> Start
2026-01-20T00:16:51.9578977Z     🧩 Suggested Locator: #startButton
2026-01-20T00:16:51.9581354Z     💭 Reasoning: The goal is to start the progress bar, wait until it reaches 75%, and then stop it. The recent actions show that the start and stop buttons have been clicked repeatedly. To progress towards the goal, the progress bar needs to be started again.
2026-01-20T00:16:51.9583297Z     ➕ Injected AI step: click -> Start
2026-01-20T00:16:51.9583828Z   ▶️ [STEP step_5_ai_14] CLICK: Start
2026-01-20T00:16:51.9634899Z     🎯 Using AI-provided locator: #startButton
2026-01-20T00:16:51.9695933Z     ✅ Found 1 verified locators
2026-01-20T00:16:56.0125484Z     ✅ State transitioned.
2026-01-20T00:16:57.9497346Z [DEBUG] Sending request to gemini-2.0-flash. Number of parts: 2
2026-01-20T00:16:57.9498009Z [DEBUG] Received response (Length: 285)
2026-01-20T00:16:57.9498805Z     🤖 AI Next Step Suggestion: click -> Stop
2026-01-20T00:16:57.9499362Z     🧩 Suggested Locator: #stopButton
2026-01-20T00:16:57.9500706Z     💭 Reasoning: The goal is to start the progress bar, wait until it reaches 75%, and then stop it. The progress bar has been started multiple times, so the next logical step is to stop it to check the progress.
2026-01-20T00:16:57.9501579Z     ➕ Injected AI step: click -> Stop
2026-01-20T00:16:57.9501916Z   ▶️ [STEP step_5_ai_15] CLICK: Stop
2026-01-20T00:16:57.9552591Z     🎯 Using AI-provided locator: #stopButton
2026-01-20T00:16:57.9608176Z     ✅ Found 1 verified locators
2026-01-20T00:17:02.0346319Z     ✅ State transitioned.
2026-01-20T00:17:03.6203995Z [DEBUG] Sending request to gemini-2.0-flash. Number of parts: 2
2026-01-20T00:17:03.6204674Z [DEBUG] Received response (Length: 302)
2026-01-20T00:17:03.6205446Z     🤖 AI Next Step Suggestion: click -> Start
2026-01-20T00:17:03.6206011Z     🧩 Suggested Locator: #startButton
2026-01-20T00:17:03.6207756Z     💭 Reasoning: The goal is to start the progress bar, wait until it reaches 75%, and then stop it. The last actions were repeatedly starting and stopping the bar. We need to start the bar again to let it progress towards 75%.
2026-01-20T00:17:03.6208993Z     ➕ Injected AI step: click -> Start
2026-01-20T00:17:03.6209317Z   ▶️ [STEP step_5_ai_16] CLICK: Start
2026-01-20T00:17:03.6262999Z     🎯 Using AI-provided locator: #startButton
2026-01-20T00:17:03.6317269Z     ✅ Found 1 verified locators
2026-01-20T00:17:07.6775606Z     ✅ State transitioned.
2026-01-20T00:17:09.3746088Z [DEBUG] Sending request to gemini-2.0-flash. Number of parts: 2
2026-01-20T00:17:09.3747108Z [DEBUG] Received response (Length: 285)
2026-01-20T00:17:09.3747951Z     🤖 AI Next Step Suggestion: click -> Stop
2026-01-20T00:17:09.3748529Z     🧩 Suggested Locator: #stopButton
2026-01-20T00:17:09.3750512Z     💭 Reasoning: The goal is to start the progress bar, wait until it reaches 75%, and then stop it. The progress bar has been started multiple times, so the next logical step is to stop it to check the progress.
2026-01-20T00:17:09.3752089Z     ➕ Injected AI step: click -> Stop
2026-01-20T00:17:09.3752612Z   ▶️ [STEP step_5_ai_17] CLICK: Stop
2026-01-20T00:17:09.3804130Z     🎯 Using AI-provided locator: #stopButton
2026-01-20T00:17:09.3856064Z     ✅ Found 1 verified locators
2026-01-20T00:17:13.4497353Z     ✅ State transitioned.
2026-01-20T00:17:15.0973143Z [DEBUG] Sending request to gemini-2.0-flash. Number of parts: 2
2026-01-20T00:17:15.0973841Z [DEBUG] Received response (Length: 353)
2026-01-20T00:17:15.0974606Z     🤖 AI Next Step Suggestion: click -> Start
2026-01-20T00:17:15.0975215Z     🧩 Suggested Locator: #startButton
2026-01-20T00:17:15.0977211Z     💭 Reasoning: The goal is to start the progress bar, wait until it reaches 75%, and then stop it. The recent actions show that the 'Start' and 'Stop' buttons have been clicked repeatedly. To progress towards the goal, we need to start the progress bar again.
2026-01-20T00:17:15.0978402Z     ➕ Injected AI step: click -> Start
2026-01-20T00:17:15.0978722Z   ▶️ [STEP step_5_ai_18] CLICK: Start
2026-01-20T00:17:15.1028699Z     🎯 Using AI-provided locator: #startButton
2026-01-20T00:17:15.1084534Z     ✅ Found 1 verified locators
2026-01-20T00:17:19.1609705Z     ✅ State transitioned.
2026-01-20T00:17:19.1654710Z     🔄 Revisited state detected (count: 1)
2026-01-20T00:17:21.0388781Z [DEBUG] Sending request to gemini-2.0-flash. Number of parts: 2
2026-01-20T00:17:21.0389476Z [DEBUG] Received response (Length: 246)
2026-01-20T00:17:21.0390456Z     🤖 AI Next Step Suggestion: click -> Stop
2026-01-20T00:17:21.0391062Z     🧩 Suggested Locator: #stopButton
2026-01-20T00:17:21.0392108Z     💭 Reasoning: The goal is to stop the progress bar when it reaches 75%. The progress bar has been started multiple times, so now it's time to stop it and check the value.
2026-01-20T00:17:21.0392879Z     ➕ Injected AI step: click -> Stop
2026-01-20T00:17:21.0393193Z   ▶️ [STEP step_5_ai_19] CLICK: Stop
2026-01-20T00:17:21.0444858Z     🎯 Using AI-provided locator: #stopButton
2026-01-20T00:17:21.0496008Z     ✅ Found 1 verified locators
2026-01-20T00:17:25.1162814Z     ✅ State transitioned.
2026-01-20T00:17:26.8010561Z [DEBUG] Sending request to gemini-2.0-flash. Number of parts: 2
2026-01-20T00:17:26.8011239Z [DEBUG] Received response (Length: 297)
2026-01-20T00:17:26.8012080Z     🤖 AI Next Step Suggestion: click -> Start
2026-01-20T00:17:26.8012515Z     🧩 Suggested Locator: #startButton
2026-01-20T00:17:26.8013544Z     💭 Reasoning: The goal is to start the progress bar, wait until it reaches 75%, and then stop it. The last actions were repeatedly stopping the progress bar. Now we need to start it again to let it progress towards 75%.
2026-01-20T00:17:26.8014430Z     ➕ Injected AI step: click -> Start
2026-01-20T00:17:26.8014739Z   ▶️ [STEP step_5_ai_20] CLICK: Start
2026-01-20T00:17:26.8067027Z     🎯 Using AI-provided locator: #startButton
2026-01-20T00:17:26.8120118Z     ✅ Found 1 verified locators
2026-01-20T00:17:30.8621877Z     ✅ State transitioned.
2026-01-20T00:17:30.8667920Z     🔄 Revisited state detected (count: 1)
2026-01-20T00:17:32.4676421Z [DEBUG] Sending request to gemini-2.0-flash. Number of parts: 2
2026-01-20T00:17:32.4677118Z [DEBUG] Received response (Length: 285)
2026-01-20T00:17:32.4677922Z     🤖 AI Next Step Suggestion: click -> Stop
2026-01-20T00:17:32.4678625Z     🧩 Suggested Locator: #stopButton
2026-01-20T00:17:32.4680544Z     💭 Reasoning: The goal is to start the progress bar, wait until it reaches 75%, and then stop it. The progress bar has been started multiple times, so the next logical step is to stop it to check the progress.
2026-01-20T00:17:32.4681865Z     ➕ Injected AI step: click -> Stop
2026-01-20T00:17:32.4682263Z   ▶️ [STEP step_5_ai_21] CLICK: Stop
2026-01-20T00:17:32.4734789Z     🎯 Using AI-provided locator: #stopButton
2026-01-20T00:17:32.4788469Z     ✅ Found 1 verified locators
2026-01-20T00:17:36.5485921Z     ✅ State transitioned.
2026-01-20T00:17:38.0891319Z [DEBUG] Sending request to gemini-2.0-flash. Number of parts: 2
2026-01-20T00:17:38.0891812Z [DEBUG] Received response (Length: 312)
2026-01-20T00:17:38.0892466Z     🤖 AI Next Step Suggestion: click -> Start
2026-01-20T00:17:38.0892975Z     🧩 Suggested Locator: #startButton
2026-01-20T00:17:38.0894120Z     💭 Reasoning: The goal is to start the progress bar, wait until it reaches 75%, and then stop it. The last actions were alternating between stopping and starting. We need to start the progress bar again to let it progress towards 75%.
2026-01-20T00:17:38.0895161Z     ➕ Injected AI step: click -> Start
2026-01-20T00:17:38.0895472Z   ▶️ [STEP step_5_ai_22] CLICK: Start
2026-01-20T00:17:38.0948670Z     🎯 Using AI-provided locator: #startButton
2026-01-20T00:17:38.0997756Z     ✅ Found 1 verified locators
2026-01-20T00:17:42.1440246Z     ✅ State transitioned.
2026-01-20T00:17:42.1485867Z     🔄 Revisited state detected (count: 1)
2026-01-20T00:17:43.7194855Z [DEBUG] Sending request to gemini-2.0-flash. Number of parts: 2
2026-01-20T00:17:43.7195532Z [DEBUG] Received response (Length: 241)
2026-01-20T00:17:43.7196210Z     🤖 AI Next Step Suggestion: click -> Stop
2026-01-20T00:17:43.7196599Z     🧩 Suggested Locator: button[id='stopButton']
2026-01-20T00:17:43.7197421Z     💭 Reasoning: The goal is to stop the progress bar when it reaches 75%. The progress bar has been started multiple times, so the next step is to stop it.
2026-01-20T00:17:43.7198166Z     ➕ Injected AI step: click -> Stop
2026-01-20T00:17:43.7198485Z   ▶️ [STEP step_5_ai_23] CLICK: Stop
2026-01-20T00:17:43.7253709Z     🎯 Using AI-provided locator: button[id='stopButton']
2026-01-20T00:17:43.7311108Z     ✅ Found 1 verified locators
2026-01-20T00:17:47.7995608Z     ✅ State transitioned.
2026-01-20T00:17:49.5534010Z [DEBUG] Sending request to gemini-2.0-flash. Number of parts: 2
2026-01-20T00:17:49.5534708Z [DEBUG] Received response (Length: 292)
2026-01-20T00:17:49.5535564Z     🤖 AI Next Step Suggestion: click -> Start
2026-01-20T00:17:49.5536153Z     🧩 Suggested Locator: #startButton
2026-01-20T00:17:49.5537960Z     💭 Reasoning: The goal is to start the progress bar, wait until it reaches 75%, and then stop it. The last action was to click 'Stop', so the next logical step is to click 'Start' again to restart the progress bar.
2026-01-20T00:17:49.5539656Z     ➕ Injected AI step: click -> Start
2026-01-20T00:17:49.5540473Z   ▶️ [STEP step_5_ai_24] CLICK: Start
2026-01-20T00:17:49.5592506Z     🎯 Using AI-provided locator: #startButton
2026-01-20T00:17:49.5644581Z     ✅ Found 1 verified locators
2026-01-20T00:17:53.6102014Z     ✅ State transitioned.
2026-01-20T00:17:55.4123582Z [DEBUG] Sending request to gemini-2.0-flash. Number of parts: 2
2026-01-20T00:17:55.4124127Z [DEBUG] Received response (Length: 258)
2026-01-20T00:17:55.4124755Z     🤖 AI Next Step Suggestion: click -> Stop
2026-01-20T00:17:55.4125137Z     🧩 Suggested Locator: #stopButton
2026-01-20T00:17:55.4126117Z     💭 Reasoning: The goal is to stop the progress bar when it reaches 75%. The progress bar has been started multiple times, so the next logical step is to stop it and check the result.
2026-01-20T00:17:55.4126874Z     ➕ Injected AI step: click -> Stop
2026-01-20T00:17:55.4127176Z   ▶️ [STEP step_5_ai_25] CLICK: Stop
2026-01-20T00:17:55.4180673Z     🎯 Using AI-provided locator: #stopButton
2026-01-20T00:17:55.4237357Z     ✅ Found 1 verified locators
2026-01-20T00:17:59.5014326Z     ✅ State transitioned.
2026-01-20T00:18:01.1262519Z [DEBUG] Sending request to gemini-2.0-flash. Number of parts: 2
2026-01-20T00:18:01.1263064Z [DEBUG] Received response (Length: 285)
2026-01-20T00:18:01.1263771Z     🤖 AI Next Step Suggestion: click -> Start
2026-01-20T00:18:01.1264645Z     🧩 Suggested Locator: #startButton
2026-01-20T00:18:01.1265776Z     💭 Reasoning: The goal is to start the progress bar, wait until it reaches 75%, and then stop it. The last action was to stop the progress bar, so the next logical step is to start it again.
2026-01-20T00:18:01.1266665Z     ➕ Injected AI step: click -> Start
2026-01-20T00:18:01.1267009Z   ▶️ [STEP step_5_ai_26] CLICK: Start
2026-01-20T00:18:01.1317306Z     🎯 Using AI-provided locator: #startButton
2026-01-20T00:18:01.1368352Z     ✅ Found 1 verified locators
2026-01-20T00:18:05.1764964Z     ✅ State transitioned.
2026-01-20T00:18:05.1810456Z     🔄 Revisited state detected (count: 1)
2026-01-20T00:18:06.8240545Z [DEBUG] Sending request to gemini-2.0-flash. Number of parts: 2
2026-01-20T00:18:06.8242188Z [DEBUG] Received response (Length: 285)
2026-01-20T00:18:06.8243014Z     🤖 AI Next Step Suggestion: click -> Stop
2026-01-20T00:18:06.8243584Z     🧩 Suggested Locator: #stopButton
2026-01-20T00:18:06.8244983Z     💭 Reasoning: The goal is to start the progress bar, wait until it reaches 75%, and then stop it. The progress bar has been started multiple times. Now it's time to stop it to check the value.
2026-01-20T00:18:06.8246294Z     ➕ Injected AI step: click -> Stop
2026-01-20T00:18:06.8246793Z   ▶️ [STEP step_5_ai_27] CLICK: Stop
2026-01-20T00:18:06.8294105Z     🎯 Using AI-provided locator: #stopButton
2026-01-20T00:18:06.8347596Z     ✅ Found 1 verified locators
2026-01-20T00:18:10.8991493Z     ✅ State transitioned.
2026-01-20T00:18:12.7016044Z [DEBUG] Sending request to gemini-2.0-flash. Number of parts: 2
2026-01-20T00:18:12.7016642Z [DEBUG] Received response (Length: 369)
2026-01-20T00:18:12.7017278Z     🤖 AI Next Step Suggestion: click -> Start
2026-01-20T00:18:12.7017647Z     🧩 Suggested Locator: #startButton
2026-01-20T00:18:12.7019062Z     💭 Reasoning: The goal is to start the progress bar, wait until it reaches 75%, and then stop it. The recent actions show that the 'Start' and 'Stop' buttons have been clicked repeatedly. To progress towards the goal, the progress bar needs to be started again to reach 75%.
2026-01-20T00:18:12.7022787Z     ➕ Injected AI step: click -> Start
2026-01-20T00:18:12.7023347Z   ▶️ [STEP step_5_ai_28] CLICK: Start
2026-01-20T00:18:12.7072382Z     🎯 Using AI-provided locator: #startButton
2026-01-20T00:18:12.7126026Z     ✅ Found 1 verified locators
2026-01-20T00:18:16.7609983Z     ✅ State transitioned.
2026-01-20T00:18:18.3505770Z [DEBUG] Sending request to gemini-2.0-flash. Number of parts: 2
2026-01-20T00:18:18.3506491Z [DEBUG] Received response (Length: 257)
2026-01-20T00:18:18.3507263Z     🤖 AI Next Step Suggestion: click -> Stop
2026-01-20T00:18:18.3507865Z     🧩 Suggested Locator: #stopButton
2026-01-20T00:18:18.3509425Z     💭 Reasoning: The goal is to stop the progress bar when it reaches 75%. The progress bar has been started multiple times, so the next logical step is to stop it and check the value.
2026-01-20T00:18:18.3511101Z     ➕ Injected AI step: click -> Stop
2026-01-20T00:18:18.3511648Z   ▶️ [STEP step_5_ai_29] CLICK: Stop
2026-01-20T00:18:18.3567049Z     🎯 Using AI-provided locator: #stopButton
2026-01-20T00:18:18.3621251Z     ✅ Found 1 verified locators
2026-01-20T00:18:22.4307076Z     ✅ State transitioned.
2026-01-20T00:18:23.9450107Z [DEBUG] Sending request to gemini-2.0-flash. Number of parts: 2
2026-01-20T00:18:23.9450820Z [DEBUG] Received response (Length: 294)
2026-01-20T00:18:23.9451634Z     🤖 AI Next Step Suggestion: click -> Start
2026-01-20T00:18:23.9452221Z     🧩 Suggested Locator: #startButton
2026-01-20T00:18:23.9454031Z     💭 Reasoning: The goal is to start the progress bar, wait until it reaches 75%, and then stop it. The last actions were alternating between start and stop. We need to start the progress bar again to let it reach 75%.
2026-01-20T00:18:23.9455930Z     ➕ Injected AI step: click -> Start
2026-01-20T00:18:23.9456458Z   ▶️ [STEP step_5_ai_30] CLICK: Start
2026-01-20T00:18:23.9508486Z     🎯 Using AI-provided locator: #startButton
2026-01-20T00:18:23.9564482Z     ✅ Found 1 verified locators
2026-01-20T00:18:28.0109658Z     ✅ State transitioned.
2026-01-20T00:18:28.0153857Z     🔄 Revisited state detected (count: 1)
2026-01-20T00:18:29.3913462Z [DEBUG] Sending request to gemini-2.0-flash. Number of parts: 2
2026-01-20T00:18:29.3914164Z [DEBUG] Received response (Length: 263)
2026-01-20T00:18:29.3914998Z     🤖 AI Next Step Suggestion: click -> Stop
2026-01-20T00:18:29.3915583Z     🧩 Suggested Locator: #stopButton
2026-01-20T00:18:29.3917170Z     💭 Reasoning: The goal is to start the progress bar, wait until it reaches 75%, and then stop it. The progress bar has been started multiple times, so the next logical step is to stop it.
2026-01-20T00:18:29.3918596Z     ➕ Injected AI step: click -> Stop
2026-01-20T00:18:29.3920835Z   ▶️ [STEP step_5_ai_31] CLICK: Stop
2026-01-20T00:18:29.3969208Z     🎯 Using AI-provided locator: #stopButton
2026-01-20T00:18:29.4019351Z     ✅ Found 1 verified locators
2026-01-20T00:18:33.4654465Z     ✅ State transitioned.
2026-01-20T00:18:35.2061349Z [DEBUG] Sending request to gemini-2.0-flash. Number of parts: 2
2026-01-20T00:18:35.2062058Z [DEBUG] Received response (Length: 337)
2026-01-20T00:18:35.2062904Z     🤖 AI Next Step Suggestion: click -> Start
2026-01-20T00:18:35.2063488Z     🧩 Suggested Locator: #startButton
2026-01-20T00:18:35.2065668Z     💭 Reasoning: The goal is to start the progress bar, wait until it reaches 75%, and then stop it. The last actions were alternating between stopping and starting the progress bar. Now, we need to start it again to let it progress towards 75%.
2026-01-20T00:18:35.2067601Z     ➕ Injected AI step: click -> Start
2026-01-20T00:18:35.2068183Z   ▶️ [STEP step_5_ai_32] CLICK: Start
2026-01-20T00:18:35.2122488Z     🎯 Using AI-provided locator: #startButton
2026-01-20T00:18:35.2176894Z     ✅ Found 1 verified locators
2026-01-20T00:18:39.2601344Z     ✅ State transitioned.
2026-01-20T00:18:39.2647797Z     🔄 Revisited state detected (count: 1)
2026-01-20T00:18:40.7923611Z [DEBUG] Sending request to gemini-2.0-flash. Number of parts: 2
2026-01-20T00:18:40.7924346Z [DEBUG] Received response (Length: 247)
2026-01-20T00:18:40.7925191Z     🤖 AI Next Step Suggestion: click -> Stop
2026-01-20T00:18:40.7925760Z     🧩 Suggested Locator: #stopButton
2026-01-20T00:18:40.7927342Z     💭 Reasoning: The goal is to stop the progress bar when it reaches 75%. The progress bar has been started multiple times, so now it's time to stop it and check the result.
2026-01-20T00:18:40.7928791Z     ➕ Injected AI step: click -> Stop
2026-01-20T00:18:40.7929366Z   ▶️ [STEP step_5_ai_33] CLICK: Stop
2026-01-20T00:18:40.7979069Z     🎯 Using AI-provided locator: #stopButton
2026-01-20T00:18:40.8031758Z     ✅ Found 1 verified locators
2026-01-20T00:18:44.8635610Z     ✅ State transitioned.
2026-01-20T00:18:46.5030398Z [DEBUG] Sending request to gemini-2.0-flash. Number of parts: 2
2026-01-20T00:18:46.5031092Z [DEBUG] Received response (Length: 389)
2026-01-20T00:18:46.5031996Z     🤖 AI Next Step Suggestion: click -> Start
2026-01-20T00:18:46.5032598Z     🧩 Suggested Locator: #startButton
2026-01-20T00:18:46.5035153Z     💭 Reasoning: The goal is to start the progress bar, wait until it reaches 75%, and then stop it. The recent actions show that the 'Start' and 'Stop' buttons have been clicked repeatedly. To progress towards the goal, we need to start the progress bar again and then wait for it to reach 75% before stopping it.
2026-01-20T00:18:46.5039509Z     ➕ Injected AI step: click -> Start
2026-01-20T00:18:46.5040278Z   ▶️ [STEP step_5_ai_34] CLICK: Start
2026-01-20T00:18:46.5090148Z     🎯 Using AI-provided locator: #startButton
2026-01-20T00:18:46.5143316Z     ✅ Found 1 verified locators
2026-01-20T00:18:50.5591784Z     ✅ State transitioned.
2026-01-20T00:19:53.3790750Z [DEBUG] Sending request to gemini-2.0-flash. Number of parts: 2
2026-01-20T00:19:53.3792919Z [DEBUG] LLM Error: 429 RESOURCE_EXHAUSTED. {'error': {'code': 429, 'message': 'Resource exhausted. Please try again later. Please refer to https://cloud.google.com/vertex-ai/generative-ai/docs/error-code-429 for more details.', 'status': 'RESOURCE_EXHAUSTED'}}
2026-01-20T00:19:53.3794307Z ⚠️ 429 Rate Limit Hit. Cooling down for 60s...
2026-01-20T00:19:53.3794688Z [DEBUG] Sending request to gemini-2.0-flash. Number of parts: 2
2026-01-20T00:19:53.3795039Z [DEBUG] Received response (Length: 248)
2026-01-20T00:19:53.3795391Z     🤖 AI Next Step Suggestion: click -> Stop
2026-01-20T00:19:53.3795708Z     🧩 Suggested Locator: #stopButton
2026-01-20T00:19:53.3796425Z     💭 Reasoning: The goal is to stop the progress bar when it reaches 75%. The progress bar is currently running, so clicking 'Stop' is the next logical step.
2026-01-20T00:19:53.3797079Z     ➕ Injected AI step: click -> Stop
2026-01-20T00:19:53.3797372Z   ▶️ [STEP step_5_ai_35] CLICK: Stop
2026-01-20T00:19:53.3850600Z     🎯 Using AI-provided locator: #stopButton
2026-01-20T00:19:53.3902376Z     ✅ Found 1 verified locators
2026-01-20T00:19:57.4742172Z     ✅ State transitioned.
2026-01-20T00:19:59.0780212Z [DEBUG] Sending request to gemini-2.0-flash. Number of parts: 2
2026-01-20T00:19:59.0780947Z [DEBUG] Received response (Length: 324)
2026-01-20T00:19:59.0781822Z     🤖 AI Next Step Suggestion: click -> Start
2026-01-20T00:19:59.0782387Z     🧩 Suggested Locator: #startButton
2026-01-20T00:19:59.0784421Z     💭 Reasoning: The goal is to start the progress bar and wait until it reaches 75%. The recent actions show that the start and stop buttons have been clicked repeatedly. The next logical step is to click the start button to start the progress bar.
2026-01-20T00:19:59.0786228Z     ➕ Injected AI step: click -> Start
2026-01-20T00:19:59.0786755Z   ▶️ [STEP step_5_ai_36] CLICK: Start
2026-01-20T00:19:59.0837838Z     🎯 Using AI-provided locator: #startButton
2026-01-20T00:19:59.0890554Z     ✅ Found 1 verified locators
2026-01-20T00:20:03.1383473Z     ✅ State transitioned.
2026-01-20T00:20:03.1429221Z     🔄 Revisited state detected (count: 1)
2026-01-20T00:20:05.2640200Z [DEBUG] Sending request to gemini-2.0-flash. Number of parts: 2
2026-01-20T00:20:05.2640884Z [DEBUG] Received response (Length: 314)
2026-01-20T00:20:05.2641603Z     🤖 AI Next Step Suggestion: click -> Start
2026-01-20T00:20:05.2641963Z     🧩 Suggested Locator: #startButton
2026-01-20T00:20:05.2643011Z     💭 Reasoning: The goal is to start the progress bar, wait until it reaches 75%, and then stop it. The last actions were repeatedly starting and stopping the progress bar. Now, we need to start the progress bar again to let it reach 75%.
2026-01-20T00:20:05.2644166Z ⚠️ Loop detected: same AI suggestion repeated 2 times without state change. Moving to next step.
2026-01-20T00:20:05.2644641Z   ▶️ [STEP step_6] WAIT: 
2026-01-20T00:20:10.2809636Z     ⚠️ Scroll into view failed for text=None. Proceeding anyway.
2026-01-20T00:20:12.2832125Z     ✅ State transitioned.
2026-01-20T00:20:13.8851149Z [DEBUG] Sending request to gemini-2.0-flash. Number of parts: 2
2026-01-20T00:20:13.8851717Z [DEBUG] Received response (Length: 248)
2026-01-20T00:20:13.8852323Z     🤖 AI Next Step Suggestion: click -> Start
2026-01-20T00:20:13.8852665Z     🧩 Suggested Locator: #startButton
2026-01-20T00:20:13.8855431Z     💭 Reasoning: The goal is to start the progress bar, wait until it reaches 75%, and then stop it. The progress bar needs to be started again to continue towards the goal.
2026-01-20T00:20:13.8856992Z     ➕ Injected AI step: click -> Start
2026-01-20T00:20:13.8857607Z   ▶️ [STEP step_6_ai_1] CLICK: Start
2026-01-20T00:20:13.8907279Z     🎯 Using AI-provided locator: #startButton
2026-01-20T00:20:13.8961866Z     ✅ Found 1 verified locators
2026-01-20T00:20:17.9587101Z     ✅ State transitioned.
2026-01-20T00:20:17.9633162Z     🔄 Revisited state detected (count: 1)
2026-01-20T00:20:19.8312501Z [DEBUG] Sending request to gemini-2.0-flash. Number of parts: 2
2026-01-20T00:20:19.8313765Z [DEBUG] Received response (Length: 307)
2026-01-20T00:20:19.8314867Z     🤖 AI Next Step Suggestion: wait -> progress bar to reach 75%
2026-01-20T00:20:19.8317804Z     💭 Reasoning: The goal is to wait until the progress bar reaches 75% after starting it. The recent actions show that the progress bar has been started and stopped multiple times. Now, we need to wait for it to reach 75% before stopping it.
2026-01-20T00:20:19.8320580Z     ➕ Injected AI step: wait -> progress bar to reach 75%
2026-01-20T00:20:19.8321539Z   ▶️ [STEP step_6_ai_2] WAIT: progress bar to reach 75%
2026-01-20T00:20:19.8371896Z     🔍 Mining locators for: 'progress bar to reach 75%'
2026-01-20T00:20:19.8684711Z     🧠 Consulting AI (Vision-First) to find 'progress bar to reach 75%'...
2026-01-20T00:20:19.8685709Z     🔍 Trying smart selectors for 'progress bar to reach 75%'...
2026-01-20T00:20:20.0043735Z     🔍 [SMART] Searching for: 'progress bar to reach 75%' (trying 15+ strategies)
2026-01-20T00:20:20.0044651Z     ⚠️ Smart selectors failed (no unique match). Falling back to AI Vision...
2026-01-20T00:20:20.0045611Z     🧠 [EXPERT] Strategy: Act as Senior SDET focusing on exploring the application to understand functional flow and identifying critical paths for end-to-end automation.
2026-01-20T00:20:27.4082625Z [DEBUG] Sending request to gemini-2.0-flash. Number of parts: 2
2026-01-20T00:20:27.4083051Z [DEBUG] Received response (Length: 608)
2026-01-20T00:20:27.4083666Z     🔄 Retry 1/3 mining locators for 'progress bar to reach 75%'...
2026-01-20T00:20:28.4396679Z     🧠 Consulting AI (Vision-First) to find 'progress bar to reach 75%'...
2026-01-20T00:20:28.4397752Z     🔍 Trying smart selectors for 'progress bar to reach 75%'...
2026-01-20T00:20:28.5703342Z     🔍 [SMART] Searching for: 'progress bar to reach 75%' (trying 15+ strategies)
2026-01-20T00:20:28.5704274Z     ⚠️ Smart selectors failed (no unique match). Falling back to AI Vision...
2026-01-20T00:20:28.5705247Z     🧠 [EXPERT] Strategy: Act as Senior SDET focusing on exploring the application to understand functional flow and identifying critical paths for end-to-end automation.
2026-01-20T00:20:30.2838654Z [DEBUG] Sending request to gemini-2.0-flash. Number of parts: 2
2026-01-20T00:20:30.2839247Z [DEBUG] Received response (Length: 350)
2026-01-20T00:20:30.2840285Z     🔄 Retry 2/3 mining locators for 'progress bar to reach 75%'...
2026-01-20T00:20:31.2851653Z     🗑️ Invalidating stale AI cache (retry 2)...
2026-01-20T00:20:31.3160222Z     🧠 Consulting AI (Vision-First) to find 'progress bar to reach 75%'...
2026-01-20T00:20:31.3161238Z     🔍 Trying smart selectors for 'progress bar to reach 75%'...
2026-01-20T00:20:31.4458494Z     🔍 [SMART] Searching for: 'progress bar to reach 75%' (trying 15+ strategies)
2026-01-20T00:20:31.4459360Z     ⚠️ Smart selectors failed (no unique match). Falling back to AI Vision...
2026-01-20T00:20:31.4461542Z     🧠 [EXPERT] Strategy: Act as Senior SDET focusing on exploring the application to understand functional flow and identifying critical paths for end-to-end automation.
2026-01-20T00:20:31.4465338Z [CACHE HIT] 1003d448... (hits: 4, misses: 98)
2026-01-20T00:20:31.4466737Z     🧠 Verifying step validity for 'progress bar to reach 75%' after mining failure...
2026-01-20T00:20:34.8482186Z [DEBUG] Sending request to gemini-2.0-flash. Number of parts: 2
2026-01-20T00:20:34.8482633Z [DEBUG] Received response (Length: 166)
2026-01-20T00:20:34.8483308Z     🛠️ Self-Correction: Step is valid. Using new locator: #progressBar
2026-01-20T00:20:37.8698231Z     ✅ State transitioned.
2026-01-20T00:20:39.7506898Z [DEBUG] Sending request to gemini-2.0-flash. Number of parts: 2
2026-01-20T00:20:39.7507445Z [DEBUG] Received response (Length: 148)
2026-01-20T00:20:39.7508073Z     🤖 AI Next Step Suggestion: done -> N/A
2026-01-20T00:20:39.7508863Z     💭 Reasoning: The progress bar has already reached 101% and the 'Stop' button has been clicked. The scenario is complete.
2026-01-20T00:20:39.7510153Z   ▶️ [STEP step_7] CLICK: Stop
2026-01-20T00:20:39.7561734Z     🔍 Mining locators for: 'Stop'
2026-01-20T00:20:39.7963010Z     ✅ Found 3 verified locators
2026-01-20T00:20:43.3370285Z     ✅ State transitioned.
2026-01-20T00:20:45.2682858Z [DEBUG] Sending request to gemini-2.0-flash. Number of parts: 2
2026-01-20T00:20:45.2683369Z [DEBUG] Received response (Length: 307)
2026-01-20T00:20:45.2683995Z     🤖 AI Next Step Suggestion: done -> N/A
2026-01-20T00:20:45.2685551Z     💭 Reasoning: The progress bar has already reached 75%, and the 'Stop' button has been clicked. The goal of navigating to the Progress Bar page, starting the progress bar, waiting until it reaches 75%, stopping it, and verifying that the progress bar is visible has been achieved.
2026-01-20T00:20:45.2686926Z   ▶️ [STEP step_8] ASSERT_VISIBLE: Stop
2026-01-20T00:20:45.2736548Z     🔍 Mining locators for: 'Stop'
2026-01-20T00:20:45.3123149Z     ✅ Found 3 verified locators
2026-01-20T00:20:47.8528195Z     ✅ State transitioned.
2026-01-20T00:20:47.8575784Z     🔄 Revisited state detected (count: 1)
2026-01-20T00:20:49.9682300Z [DEBUG] Sending request to gemini-2.0-flash. Number of parts: 2
2026-01-20T00:20:49.9682813Z [DEBUG] Received response (Length: 171)
2026-01-20T00:20:49.9683474Z     🤖 AI Next Step Suggestion: done -> N/A
2026-01-20T00:20:49.9684401Z     💭 Reasoning: The progress bar has already reached 75%, the stop button was clicked, and the stop button is visible. The goal has been achieved.
2026-01-20T00:20:52.0103936Z 
2026-01-20T00:20:52.0104398Z [4/4] Exploring Scenario: Sample App Login
2026-01-20T00:20:52.0106323Z     🧠 Initialized exploration context for goal: 'Navigates to the Sample App page, enters username and password, and verifies successful login.'
2026-01-20T00:20:52.0107524Z     🎯 Scenario: Sample App Login
2026-01-20T00:20:52.0108053Z   ▶️ [STEP step_1] NAVIGATE: 
2026-01-20T00:20:52.6170029Z     ✅ Navigated to http://uitestingplayground.com/
2026-01-20T00:20:52.6170508Z   ▶️ [STEP step_2] ASSERT_URL: 
2026-01-20T00:20:57.6440008Z     ⚠️ Scroll into view failed for text=None. Proceeding anyway.
2026-01-20T00:20:59.6462491Z     ✅ State transitioned.
2026-01-20T00:21:01.4323836Z [DEBUG] Sending request to gemini-2.0-flash. Number of parts: 2
2026-01-20T00:21:01.4324549Z [DEBUG] Received response (Length: 365)
2026-01-20T00:21:01.4325428Z     🤖 AI Next Step Suggestion: navigate -> Sample App
2026-01-20T00:21:01.4327068Z     💭 Reasoning: The goal is to navigate to the Sample App page. There is no Sample App link on the current page. Need to find the link to the Sample App page. Since the current page is the home page, I will navigate to the home page first, then look for the Sample App link.
2026-01-20T00:21:01.4328403Z     ➕ Injected AI step: navigate -> Sample App
2026-01-20T00:21:01.4328831Z   ▶️ [STEP step_2_ai_1] NAVIGATE: Sample App
2026-01-20T00:21:01.9398357Z     ❌ Navigation failed to Sample App: Page.goto: Protocol error (Page.navigate): Cannot navigate to invalid URL
2026-01-20T00:21:01.9399278Z Call log:
2026-01-20T00:21:01.9399698Z   - navigating to "Sample App", waiting until "domcontentloaded"
2026-01-20T00:21:01.9400242Z 
2026-01-20T00:21:01.9401059Z     ⚠️ Critical step failure: Page.goto: Protocol error (Page.navigate): Cannot navigate to invalid URL
2026-01-20T00:21:01.9401576Z Call log:
2026-01-20T00:21:01.9401761Z   - navigating t
2026-01-20T00:21:01.9402041Z   ▶️ [STEP step_3] CLICK: Sample App
2026-01-20T00:21:01.9459661Z     🔍 Mining locators for: 'Sample App'
2026-01-20T00:21:02.0081731Z     ✅ Found 2 verified locators
2026-01-20T00:21:05.5904364Z     ✅ State transitioned.
2026-01-20T00:21:07.4278899Z [DEBUG] Sending request to gemini-2.0-flash. Number of parts: 2
2026-01-20T00:21:07.4279481Z [DEBUG] Received response (Length: 209)
2026-01-20T00:21:07.4280533Z     🤖 AI Next Step Suggestion: fill -> User Name
2026-01-20T00:21:07.4281080Z     🧩 Suggested Locator: #f45343d9-0cd4-c04f-7c48-ef85f35e6648
2026-01-20T00:21:07.4281648Z     💭 Reasoning: The username field is visible and needs to be filled to attempt login.
2026-01-20T00:21:07.4282435Z     ➕ Injected AI step: fill -> User Name
2026-01-20T00:21:07.4282761Z   ▶️ [STEP step_3_ai_1] FILL: User Name
2026-01-20T00:21:07.4430328Z     🎯 Using AI-provided locator: #f45343d9-0cd4-c04f-7c48-ef85f35e6648
2026-01-20T00:21:07.4487534Z     ✅ Found 1 verified locators
2026-01-20T00:21:12.9909651Z     ✅ State transitioned.
2026-01-20T00:21:14.6651160Z [DEBUG] Sending request to gemini-2.0-flash. Number of parts: 2
2026-01-20T00:21:14.6651814Z [DEBUG] Received response (Length: 271)
2026-01-20T00:21:14.6652605Z     🤖 AI Next Step Suggestion: fill -> Password
2026-01-20T00:21:14.6653327Z     🧩 Suggested Locator: #bf8bd813-2e9c-844e-4f7c-c53155945f88
2026-01-20T00:21:14.6654685Z     💭 Reasoning: The goal is to log in. The username has been entered. Now we need to enter the password, which is 'pwd' according to the instructions.
2026-01-20T00:21:14.6655836Z     ➕ Injected AI step: fill -> Password
2026-01-20T00:21:14.6656175Z   ▶️ [STEP step_3_ai_2] FILL: Password
2026-01-20T00:21:14.6709159Z     🎯 Using AI-provided locator: #bf8bd813-2e9c-844e-4f7c-c53155945f88
2026-01-20T00:21:14.6766266Z     ✅ Found 1 verified locators
2026-01-20T00:21:20.0928839Z     ✅ State transitioned.
2026-01-20T00:21:21.7394338Z [DEBUG] Sending request to gemini-2.0-flash. Number of parts: 2
2026-01-20T00:21:21.7395057Z [DEBUG] Received response (Length: 222)
2026-01-20T00:21:21.7395906Z     🤖 AI Next Step Suggestion: click -> Log In
2026-01-20T00:21:21.7396473Z     🧩 Suggested Locator: #login
2026-01-20T00:21:21.7397744Z     💭 Reasoning: The username and password fields have been filled. The next step is to click the 'Log In' button to attempt to log in.
2026-01-20T00:21:21.7398962Z     ➕ Injected AI step: click -> Log In
2026-01-20T00:21:21.7399546Z   ▶️ [STEP step_3_ai_3] CLICK: Log In
2026-01-20T00:21:21.7456174Z     🎯 Using AI-provided locator: #login
2026-01-20T00:21:21.7518175Z     ✅ Found 1 verified locators
2026-01-20T00:21:25.8035985Z     ✅ State transitioned.
2026-01-20T00:21:27.3854705Z [DEBUG] Sending request to gemini-2.0-flash. Number of parts: 2
2026-01-20T00:21:27.3855620Z [DEBUG] Received response (Length: 249)
2026-01-20T00:21:27.3856633Z     🤖 AI Next Step Suggestion: click -> Log Out
2026-01-20T00:21:27.3857404Z     🧩 Suggested Locator: #login
2026-01-20T00:21:27.3859258Z     💭 Reasoning: The goal was to log in, and the presence of the 'Log Out' button indicates successful login. Clicking it is a logical next step to test the logout functionality.
2026-01-20T00:21:27.3861211Z     ➕ Injected AI step: click -> Log Out
2026-01-20T00:21:27.3861889Z   ▶️ [STEP step_3_ai_4] CLICK: Log Out
2026-01-20T00:21:27.3915261Z     🎯 Using AI-provided locator: #login
2026-01-20T00:21:27.3972149Z     ✅ Found 1 verified locators
2026-01-20T00:21:31.4496593Z     ✅ State transitioned.
2026-01-20T00:21:32.9101466Z [DEBUG] Sending request to gemini-2.0-flash. Number of parts: 2
2026-01-20T00:21:32.9102247Z [DEBUG] Received response (Length: 205)
2026-01-20T00:21:32.9103137Z     🤖 AI Next Step Suggestion: click -> Log In
2026-01-20T00:21:32.9103851Z     🧩 Suggested Locator: #login
2026-01-20T00:21:32.9105610Z     💭 Reasoning: The username and password fields have been filled. Clicking 'Log In' will attempt to submit the form.
2026-01-20T00:21:32.9107059Z     ➕ Injected AI step: click -> Log In
2026-01-20T00:21:32.9107788Z   ▶️ [STEP step_3_ai_5] CLICK: Log In
2026-01-20T00:21:32.9161112Z     🎯 Using AI-provided locator: #login
2026-01-20T00:21:32.9216240Z     ✅ Found 1 verified locators
2026-01-20T00:21:36.9680560Z     ✅ State transitioned.
2026-01-20T00:21:38.4548963Z [DEBUG] Sending request to gemini-2.0-flash. Number of parts: 2
2026-01-20T00:21:38.4549659Z [DEBUG] Received response (Length: 199)
2026-01-20T00:21:38.4550730Z     🤖 AI Next Step Suggestion: click -> Log In
2026-01-20T00:21:38.4551353Z     🧩 Suggested Locator: #login
2026-01-20T00:21:38.4552527Z     💭 Reasoning: The username and password fields have been filled. Clicking 'Log In' will submit the form and attempt to log in.
2026-01-20T00:21:38.4554355Z     🔄 Same AI suggestion but state changed (URL or DOM). Resetting loop counter.
2026-01-20T00:21:38.4555421Z     ⚠️ Skipping duplicate AI suggestion (just executed): ('click', 'log in')
2026-01-20T00:21:38.4556224Z   ▶️ [STEP step_4] ASSERT_URL: 
2026-01-20T00:21:43.4693504Z     ⚠️ Scroll into view failed for text=None. Proceeding anyway.
2026-01-20T00:21:45.4716122Z     ✅ State transitioned.
2026-01-20T00:21:45.4767374Z     🔄 Revisited state detected (count: 1)
2026-01-20T00:21:47.3286274Z [DEBUG] Sending request to gemini-2.0-flash. Number of parts: 2
2026-01-20T00:21:47.3286938Z [DEBUG] Received response (Length: 281)
2026-01-20T00:21:47.3287706Z     🤖 AI Next Step Suggestion: fill -> User Name
2026-01-20T00:21:47.3288424Z     🧩 Suggested Locator: #f45343d9-0cd4-c04f-7c48-ef85f35e6648
2026-01-20T00:21:47.3289362Z     💭 Reasoning: The form requires a username. The password field has already been filled. Filling the username field is the next logical step to attempt login.
2026-01-20T00:21:47.3290356Z     ➕ Injected AI step: fill -> User Name
2026-01-20T00:21:47.3290698Z     ⚡ PARALLEL MODE: Batching 3 fill steps
2026-01-20T00:21:47.3291020Z     ⚡ Batch mining 3 fields in parallel...
2026-01-20T00:21:47.3634820Z     🔍 Trying smart selectors for 'UserName'...
2026-01-20T00:21:47.4124148Z     🔍 [SMART] Searching for: 'UserName' (trying 15+ strategies)
2026-01-20T00:21:47.4125040Z     ✅ Smart selector found 'UserName' via name-exact (confidence: 0.9)
2026-01-20T00:21:47.4125738Z     ✅ Batch mined 'User Name' (5 locators)
2026-01-20T00:21:47.4126260Z     ✅ Batch mined 'UserName' (1 locators)
2026-01-20T00:21:47.4126790Z     ✅ Batch mined 'Password' (1 locators)
2026-01-20T00:21:47.4127130Z     ✅ Batch mined 3/3 steps successfully
2026-01-20T00:21:47.4127459Z   ▶️ [STEP step_7] CLICK: Log In
2026-01-20T00:21:47.4173769Z     🔍 Mining locators for: 'Log In'
2026-01-20T00:21:47.4585109Z     ✅ Found 3 verified locators
2026-01-20T00:21:51.0017120Z     ✅ State transitioned.
2026-01-20T00:21:51.0063905Z     🔄 Revisited state detected (count: 2)
2026-01-20T00:21:53.1666824Z [DEBUG] Sending request to gemini-2.0-flash. Number of parts: 2
2026-01-20T00:21:53.1667505Z [DEBUG] Received response (Length: 308)
2026-01-20T00:21:53.1668279Z     🤖 AI Next Step Suggestion: fill -> User Name
2026-01-20T00:21:53.1668773Z     🧩 Suggested Locator: #f45343d9-0cd4-c04f-7c48-ef85f35e6648
2026-01-20T00:21:53.1670093Z     💭 Reasoning: The username field is currently filled with 'User Name'. Need to fill it with a valid username to proceed with login. The instructions say to use any non-empty username.
2026-01-20T00:21:53.1671202Z ⚠️ Loop detected: same AI suggestion repeated 2 times without state change. Moving to next step.
2026-01-20T00:21:55.2035312Z 🗂️  All generated tests written to /home/runner/work/build_qa_automation/build_qa_automation/projects/ci_uitestingplayground/tests/generated_scenarios.json
2026-01-20T00:21:55.2036500Z 
2026-01-20T00:21:55.2036965Z 📝 Processing scenario 'Dynamic ID Button Click' with 7 steps
2026-01-20T00:21:55.2037791Z   🔍 Step 2 (click): Found 1 mined locators
2026-01-20T00:21:55.2038425Z       ✅ Kept robust locator (0.95): a...
2026-01-20T00:21:55.2039398Z   💾 Saved 1 robust locators (top stability: 0.95)
2026-01-20T00:21:55.2040359Z   🔍 Step 3 (click): Found 3 mined locators
2026-01-20T00:21:55.2041145Z       ✅ Kept robust locator (0.80): role=link[name='Dynamic ID']...
2026-01-20T00:21:55.2041998Z       ✅ Kept robust locator (0.70): text='Dynamic ID'...
2026-01-20T00:21:55.2042973Z       ✅ Kept robust locator (0.70): text=Make sure you are not recording dynamic IDs o...
2026-01-20T00:21:55.2043914Z   💾 Saved 3 robust locators (top stability: 0.80)
2026-01-20T00:21:55.2044593Z   🔍 Step 5 (click): Found 1 mined locators
2026-01-20T00:21:55.2045269Z       ✅ Kept robust locator (0.95): button[id]...
2026-01-20T00:21:55.2045978Z   💾 Saved 1 robust locators (top stability: 0.95)
2026-01-20T00:21:55.2046642Z   🔍 Step 6 (click): Found 2 mined locators
2026-01-20T00:21:55.2047799Z       ✅ Kept robust locator (0.80): role=button[name='Button with Dynamic ID']...
2026-01-20T00:21:55.2048795Z       ✅ Kept robust locator (0.70): text='Button with Dynamic ID'...
2026-01-20T00:21:55.2049642Z   💾 Saved 2 robust locators (top stability: 0.80)
2026-01-20T00:21:55.2050678Z ✅ Updated scenario 'Dynamic ID Button Click' with 7 validated steps
2026-01-20T00:21:55.2051199Z 
2026-01-20T00:21:55.2051704Z 📝 Processing scenario 'Text Input and Button Name Change' with 12 steps
2026-01-20T00:21:55.2052536Z   🔍 Step 3 (click): Found 2 mined locators
2026-01-20T00:21:55.2053294Z       ✅ Kept robust locator (0.80): role=link[name='Text Input']...
2026-01-20T00:21:55.2054142Z       ✅ Kept robust locator (0.70): text='Text Input'...
2026-01-20T00:21:55.2054884Z   💾 Saved 2 robust locators (top stability: 0.80)
2026-01-20T00:21:55.2055553Z   🔍 Step 4 (fill): Found 1 mined locators
2026-01-20T00:21:55.2056236Z       ✅ Kept robust locator (0.95): #newButtonName...
2026-01-20T00:21:55.2057238Z   💾 Saved 1 robust locators (top stability: 0.95)
2026-01-20T00:21:55.2067857Z   🔍 Step 5 (click): Found 1 mined locators
2026-01-20T00:21:55.2068588Z       ✅ Kept robust locator (0.95): #updatingButton...
2026-01-20T00:21:55.2069349Z   💾 Saved 1 robust locators (top stability: 0.95)
2026-01-20T00:21:55.2070203Z   🔍 Step 7 (fill): Found 1 mined locators
2026-01-20T00:21:55.2071098Z       ✅ Kept robust locator (0.72): text=input field >> xpath=.. >> xpath=.. >> input...
2026-01-20T00:21:55.2072024Z   💾 Saved 1 robust locators (top stability: 0.72)
2026-01-20T00:21:55.2072687Z   🔍 Step 8 (fill): Found 3 mined locators
2026-01-20T00:21:55.2073290Z       ✅ Kept robust locator (0.90): ...
2026-01-20T00:21:55.2073877Z       ✅ Kept robust locator (0.70): ...
2026-01-20T00:21:55.2074525Z       ⚠️ Skipping low-confidence locator (0.50): ...
2026-01-20T00:21:55.2075231Z   💾 Saved 2 robust locators (top stability: 0.90)
2026-01-20T00:21:55.2075899Z   🔍 Step 9 (press): Found 1 mined locators
2026-01-20T00:21:55.2076615Z       ✅ Kept robust locator (0.90): #updatingButton...
2026-01-20T00:21:55.2077375Z   💾 Saved 1 robust locators (top stability: 0.90)
2026-01-20T00:21:55.2078057Z   🔍 Step 10 (click): Found 1 mined locators
2026-01-20T00:21:55.2078743Z       ✅ Kept robust locator (0.95): #updatingButton...
2026-01-20T00:21:55.2079453Z   💾 Saved 1 robust locators (top stability: 0.95)
2026-01-20T00:21:55.2080335Z   🔍 Step 11 (assert_visible): Found 1 mined locators
2026-01-20T00:21:55.2081228Z       ✅ Kept robust locator (1.01): role=textbox[name='Set New Button Name' i]...
2026-01-20T00:21:55.2082117Z   💾 Saved 1 robust locators (top stability: 1.00)
2026-01-20T00:21:55.2083012Z ✅ Updated scenario 'Text Input and Button Name Change' with 12 validated steps
2026-01-20T00:21:55.2083618Z 
2026-01-20T00:21:55.2084065Z 📝 Processing scenario 'Progress Bar Interaction' with 88 steps
2026-01-20T00:21:55.2084845Z   🔍 Step 3 (click): Found 2 mined locators
2026-01-20T00:21:55.2085625Z       ✅ Kept robust locator (0.80): role=link[name='Progress Bar']...
2026-01-20T00:21:55.2086492Z       ✅ Kept robust locator (0.70): text='Progress Bar'...
2026-01-20T00:21:55.2087242Z   💾 Saved 2 robust locators (top stability: 0.80)
2026-01-20T00:21:55.2088133Z   🔍 Step 4 (click): Found 1 mined locators
2026-01-20T00:21:55.2088831Z       ✅ Kept robust locator (0.95): #startButton...
2026-01-20T00:21:55.2089549Z   💾 Saved 1 robust locators (top stability: 0.95)
2026-01-20T00:21:55.2090376Z   🔍 Step 5 (click): Found 1 mined locators
2026-01-20T00:21:55.2091022Z       ✅ Kept robust locator (0.95): #stopButton...
2026-01-20T00:21:55.2091706Z   💾 Saved 1 robust locators (top stability: 0.95)
2026-01-20T00:21:55.2092359Z   🔍 Step 6 (click): Found 1 mined locators
2026-01-20T00:21:55.2093020Z       ✅ Kept robust locator (0.95): #startButton...
2026-01-20T00:21:55.2093722Z   💾 Saved 1 robust locators (top stability: 0.95)
2026-01-20T00:21:55.2094379Z   🔍 Step 7 (click): Found 1 mined locators
2026-01-20T00:21:55.2095024Z       ✅ Kept robust locator (0.95): #stopButton...
2026-01-20T00:21:55.2095976Z   💾 Saved 1 robust locators (top stability: 0.95)
2026-01-20T00:21:55.2096623Z   🔍 Step 8 (click): Found 1 mined locators
2026-01-20T00:21:55.2097373Z       ✅ Kept robust locator (0.95): #startButton...
2026-01-20T00:21:55.2098088Z   💾 Saved 1 robust locators (top stability: 0.95)
2026-01-20T00:21:55.2098755Z   🔍 Step 9 (click): Found 1 mined locators
2026-01-20T00:21:55.2099396Z       ✅ Kept robust locator (0.95): #stopButton...
2026-01-20T00:21:55.2100273Z   💾 Saved 1 robust locators (top stability: 0.95)
2026-01-20T00:21:55.2100936Z   🔍 Step 10 (click): Found 1 mined locators
2026-01-20T00:21:55.2101598Z       ✅ Kept robust locator (0.95): #startButton...
2026-01-20T00:21:55.2102296Z   💾 Saved 1 robust locators (top stability: 0.95)
2026-01-20T00:21:55.2102963Z   🔍 Step 11 (click): Found 1 mined locators
2026-01-20T00:21:55.2103604Z       ✅ Kept robust locator (0.95): #stopButton...
2026-01-20T00:21:55.2104293Z   💾 Saved 1 robust locators (top stability: 0.95)
2026-01-20T00:21:55.2104978Z   🔍 Step 12 (click): Found 1 mined locators
2026-01-20T00:21:55.2105642Z       ✅ Kept robust locator (0.95): #startButton...
2026-01-20T00:21:55.2106365Z   💾 Saved 1 robust locators (top stability: 0.95)
2026-01-20T00:21:55.2108655Z   🔍 Step 13 (click): Found 1 mined locators
2026-01-20T00:21:55.2109334Z       ✅ Kept robust locator (0.95): #stopButton...
2026-01-20T00:21:55.2110262Z   💾 Saved 1 robust locators (top stability: 0.95)
2026-01-20T00:21:55.2110934Z   🔍 Step 14 (click): Found 1 mined locators
2026-01-20T00:21:55.2111594Z       ✅ Kept robust locator (0.95): #startButton...
2026-01-20T00:21:55.2112296Z   💾 Saved 1 robust locators (top stability: 0.95)
2026-01-20T00:21:55.2112968Z   🔍 Step 15 (click): Found 1 mined locators
2026-01-20T00:21:55.2113615Z       ✅ Kept robust locator (0.95): #stopButton...
2026-01-20T00:21:55.2114310Z   💾 Saved 1 robust locators (top stability: 0.95)
2026-01-20T00:21:55.2114977Z   🔍 Step 16 (click): Found 1 mined locators
2026-01-20T00:21:55.2115650Z       ✅ Kept robust locator (0.95): #startButton...
2026-01-20T00:21:55.2116354Z   💾 Saved 1 robust locators (top stability: 0.95)
2026-01-20T00:21:55.2117026Z   🔍 Step 17 (click): Found 1 mined locators
2026-01-20T00:21:55.2117681Z       ✅ Kept robust locator (0.95): #stopButton...
2026-01-20T00:21:55.2118368Z   💾 Saved 1 robust locators (top stability: 0.95)
2026-01-20T00:21:55.2119032Z   🔍 Step 18 (click): Found 1 mined locators
2026-01-20T00:21:55.2120169Z       ✅ Kept robust locator (0.95): #startButton...
2026-01-20T00:21:55.2120902Z   💾 Saved 1 robust locators (top stability: 0.95)
2026-01-20T00:21:55.2121575Z   🔍 Step 19 (click): Found 1 mined locators
2026-01-20T00:21:55.2122222Z       ✅ Kept robust locator (0.95): #stopButton...
2026-01-20T00:21:55.2122921Z   💾 Saved 1 robust locators (top stability: 0.95)
2026-01-20T00:21:55.2123564Z   🔍 Step 20 (click): Found 1 mined locators
2026-01-20T00:21:55.2124259Z       ✅ Kept robust locator (0.95): #startButton...
2026-01-20T00:21:55.2125215Z   💾 Saved 1 robust locators (top stability: 0.95)
2026-01-20T00:21:55.2125882Z   🔍 Step 21 (click): Found 1 mined locators
2026-01-20T00:21:55.2126719Z       ✅ Kept robust locator (0.95): #stopButton...
2026-01-20T00:21:55.2127434Z   💾 Saved 1 robust locators (top stability: 0.95)
2026-01-20T00:21:55.2128115Z   🔍 Step 22 (click): Found 1 mined locators
2026-01-20T00:21:55.2128769Z       ✅ Kept robust locator (0.95): #startButton...
2026-01-20T00:21:55.2129473Z   💾 Saved 1 robust locators (top stability: 0.95)
2026-01-20T00:21:55.2130340Z   🔍 Step 23 (click): Found 1 mined locators
2026-01-20T00:21:55.2131003Z       ✅ Kept robust locator (0.95): #stopButton...
2026-01-20T00:21:55.2131699Z   💾 Saved 1 robust locators (top stability: 0.95)
2026-01-20T00:21:55.2132413Z   🔍 Step 24 (click): Found 1 mined locators
2026-01-20T00:21:55.2133079Z       ✅ Kept robust locator (0.95): #startButton...
2026-01-20T00:21:55.2133775Z   💾 Saved 1 robust locators (top stability: 0.95)
2026-01-20T00:21:55.2134461Z   🔍 Step 25 (click): Found 1 mined locators
2026-01-20T00:21:55.2135114Z       ✅ Kept robust locator (0.95): #stopButton...
2026-01-20T00:21:55.2135831Z   💾 Saved 1 robust locators (top stability: 0.95)
2026-01-20T00:21:55.2136481Z   🔍 Step 26 (click): Found 1 mined locators
2026-01-20T00:21:55.2137135Z       ✅ Kept robust locator (0.95): #startButton...
2026-01-20T00:21:55.2137824Z   💾 Saved 1 robust locators (top stability: 0.95)
2026-01-20T00:21:55.2138486Z   🔍 Step 27 (click): Found 1 mined locators
2026-01-20T00:21:55.2139209Z       ✅ Kept robust locator (1.05): button[id='stopButton']...
2026-01-20T00:21:55.2140167Z   💾 Saved 1 robust locators (top stability: 1.00)
2026-01-20T00:21:55.2140845Z   🔍 Step 28 (click): Found 1 mined locators
2026-01-20T00:21:55.2141510Z       ✅ Kept robust locator (0.95): #startButton...
2026-01-20T00:21:55.2142211Z   💾 Saved 1 robust locators (top stability: 0.95)
2026-01-20T00:21:55.2142881Z   🔍 Step 29 (click): Found 1 mined locators
2026-01-20T00:21:55.2143554Z       ✅ Kept robust locator (0.95): #stopButton...
2026-01-20T00:21:55.2144240Z   💾 Saved 1 robust locators (top stability: 0.95)
2026-01-20T00:21:55.2144921Z   🔍 Step 30 (click): Found 1 mined locators
2026-01-20T00:21:55.2145562Z       ✅ Kept robust locator (0.95): #startButton...
2026-01-20T00:21:55.2146257Z   💾 Saved 1 robust locators (top stability: 0.95)
2026-01-20T00:21:55.2146925Z   🔍 Step 31 (click): Found 1 mined locators
2026-01-20T00:21:55.2147577Z       ✅ Kept robust locator (0.95): #stopButton...
2026-01-20T00:21:55.2148259Z   💾 Saved 1 robust locators (top stability: 0.95)
2026-01-20T00:21:55.2148914Z   🔍 Step 32 (click): Found 1 mined locators
2026-01-20T00:21:55.2149566Z       ✅ Kept robust locator (0.95): #startButton...
2026-01-20T00:21:55.2150446Z   💾 Saved 1 robust locators (top stability: 0.95)
2026-01-20T00:21:55.2151103Z   🔍 Step 33 (click): Found 1 mined locators
2026-01-20T00:21:55.2151739Z       ✅ Kept robust locator (0.95): #stopButton...
2026-01-20T00:21:55.2152450Z   💾 Saved 1 robust locators (top stability: 0.95)
2026-01-20T00:21:55.2153102Z   🔍 Step 34 (click): Found 1 mined locators
2026-01-20T00:21:55.2153750Z       ✅ Kept robust locator (0.95): #startButton...
2026-01-20T00:21:55.2154461Z   💾 Saved 1 robust locators (top stability: 0.95)
2026-01-20T00:21:55.2155116Z   🔍 Step 35 (click): Found 1 mined locators
2026-01-20T00:21:55.2155767Z       ✅ Kept robust locator (0.95): #stopButton...
2026-01-20T00:21:55.2156449Z   💾 Saved 1 robust locators (top stability: 0.95)
2026-01-20T00:21:55.2157098Z   🔍 Step 36 (click): Found 1 mined locators
2026-01-20T00:21:55.2157748Z       ✅ Kept robust locator (0.95): #startButton...
2026-01-20T00:21:55.2158433Z   💾 Saved 1 robust locators (top stability: 0.95)
2026-01-20T00:21:55.2159100Z   🔍 Step 37 (click): Found 1 mined locators
2026-01-20T00:21:55.2159728Z       ✅ Kept robust locator (0.95): #stopButton...
2026-01-20T00:21:55.2160578Z   💾 Saved 1 robust locators (top stability: 0.95)
2026-01-20T00:21:55.2161488Z   🔍 Step 38 (click): Found 1 mined locators
2026-01-20T00:21:55.2162220Z       ✅ Kept robust locator (1.05): button[id='startButton']...
2026-01-20T00:21:55.2163190Z   💾 Saved 1 robust locators (top stability: 1.00)
2026-01-20T00:21:55.2163891Z   🔍 Step 39 (click): Found 1 mined locators
2026-01-20T00:21:55.2164542Z       ✅ Kept robust locator (0.95): #stopButton...
2026-01-20T00:21:55.2165244Z   💾 Saved 1 robust locators (top stability: 0.95)
2026-01-20T00:21:55.2165897Z   🔍 Step 40 (click): Found 1 mined locators
2026-01-20T00:21:55.2166546Z       ✅ Kept robust locator (0.95): #startButton...
2026-01-20T00:21:55.2167238Z   💾 Saved 1 robust locators (top stability: 0.95)
2026-01-20T00:21:55.2167901Z   🔍 Step 41 (click): Found 1 mined locators
2026-01-20T00:21:55.2168564Z       ✅ Kept robust locator (0.95): #stopButton...
2026-01-20T00:21:55.2169254Z   💾 Saved 1 robust locators (top stability: 0.95)
2026-01-20T00:21:55.2170093Z   🔍 Step 42 (start): Found 1 mined locators
2026-01-20T00:21:55.2170791Z       ✅ Kept robust locator (0.95): #startButton...
2026-01-20T00:21:55.2171487Z   💾 Saved 1 robust locators (top stability: 0.95)
2026-01-20T00:21:55.2172152Z   🔍 Step 43 (click): Found 1 mined locators
2026-01-20T00:21:55.2172901Z       ✅ Kept robust locator (1.05): button[id='stopButton']...
2026-01-20T00:21:55.2173676Z   💾 Saved 1 robust locators (top stability: 1.00)
2026-01-20T00:21:55.2174345Z   🔍 Step 44 (click): Found 1 mined locators
2026-01-20T00:21:55.2174992Z       ✅ Kept robust locator (0.95): #startButton...
2026-01-20T00:21:55.2175696Z   💾 Saved 1 robust locators (top stability: 0.95)
2026-01-20T00:21:55.2176366Z   🔍 Step 46 (click): Found 3 mined locators
2026-01-20T00:21:55.2177104Z       ✅ Kept robust locator (0.80): role=button[name='Start']...
2026-01-20T00:21:55.2177831Z       ✅ Kept robust locator (0.70): text='Start'...
2026-01-20T00:21:55.2178491Z       ✅ Kept robust locator (0.85): #startButton...
2026-01-20T00:21:55.2179146Z   💾 Saved 3 robust locators (top stability: 0.85)
2026-01-20T00:21:55.2179979Z   🔍 Step 47 (click): Found 1 mined locators
2026-01-20T00:21:55.2180605Z       ✅ Kept robust locator (0.95): #stopButton...
2026-01-20T00:21:55.2181248Z   💾 Saved 1 robust locators (top stability: 0.95)
2026-01-20T00:21:55.2181859Z   🔍 Step 48 (click): Found 1 mined locators
2026-01-20T00:21:55.2182461Z       ✅ Kept robust locator (0.95): #startButton...
2026-01-20T00:21:55.2183099Z   💾 Saved 1 robust locators (top stability: 0.95)
2026-01-20T00:21:55.2183691Z   🔍 Step 49 (click): Found 1 mined locators
2026-01-20T00:21:55.2184310Z       ✅ Kept robust locator (0.95): #stopButton...
2026-01-20T00:21:55.2184947Z   💾 Saved 1 robust locators (top stability: 0.95)
2026-01-20T00:21:55.2185554Z   🔍 Step 50 (click): Found 1 mined locators
2026-01-20T00:21:55.2186146Z       ✅ Kept robust locator (0.95): #startButton...
2026-01-20T00:21:55.2186780Z   💾 Saved 1 robust locators (top stability: 0.95)
2026-01-20T00:21:55.2187387Z   🔍 Step 51 (click): Found 1 mined locators
2026-01-20T00:21:55.2188068Z       ✅ Kept robust locator (0.95): #stopButton...
2026-01-20T00:21:55.2188701Z   💾 Saved 1 robust locators (top stability: 0.95)
2026-01-20T00:21:55.2189314Z   🔍 Step 52 (click): Found 1 mined locators
2026-01-20T00:21:55.2190093Z       ✅ Kept robust locator (0.95): #startButton...
2026-01-20T00:21:55.2190735Z   💾 Saved 1 robust locators (top stability: 0.95)
2026-01-20T00:21:55.2191341Z   🔍 Step 53 (click): Found 1 mined locators
2026-01-20T00:21:55.2191928Z       ✅ Kept robust locator (0.95): #stopButton...
2026-01-20T00:21:55.2192560Z   💾 Saved 1 robust locators (top stability: 0.95)
2026-01-20T00:21:55.2193156Z   🔍 Step 54 (click): Found 1 mined locators
2026-01-20T00:21:55.2193749Z       ✅ Kept robust locator (0.95): #startButton...
2026-01-20T00:21:55.2194377Z   💾 Saved 1 robust locators (top stability: 0.95)
2026-01-20T00:21:55.2194970Z   🔍 Step 55 (click): Found 1 mined locators
2026-01-20T00:21:55.2195550Z       ✅ Kept robust locator (0.95): #stopButton...
2026-01-20T00:21:55.2196401Z   💾 Saved 1 robust locators (top stability: 0.95)
2026-01-20T00:21:55.2197003Z   🔍 Step 56 (click): Found 1 mined locators
2026-01-20T00:21:55.2197777Z       ✅ Kept robust locator (0.95): #startButton...
2026-01-20T00:21:55.2198441Z   💾 Saved 1 robust locators (top stability: 0.95)
2026-01-20T00:21:55.2199051Z   🔍 Step 57 (click): Found 1 mined locators
2026-01-20T00:21:55.2199645Z       ✅ Kept robust locator (0.95): #stopButton...
2026-01-20T00:21:55.2200451Z   💾 Saved 1 robust locators (top stability: 0.95)
2026-01-20T00:21:55.2201059Z   🔍 Step 58 (click): Found 1 mined locators
2026-01-20T00:21:55.2201656Z       ✅ Kept robust locator (0.95): #startButton...
2026-01-20T00:21:55.2202299Z   💾 Saved 1 robust locators (top stability: 0.95)
2026-01-20T00:21:55.2202909Z   🔍 Step 59 (click): Found 1 mined locators
2026-01-20T00:21:55.2203492Z       ✅ Kept robust locator (0.95): #stopButton...
2026-01-20T00:21:55.2204108Z   💾 Saved 1 robust locators (top stability: 0.95)
2026-01-20T00:21:55.2204725Z   🔍 Step 60 (click): Found 1 mined locators
2026-01-20T00:21:55.2205316Z       ✅ Kept robust locator (0.95): #startButton...
2026-01-20T00:21:55.2205943Z   💾 Saved 1 robust locators (top stability: 0.95)
2026-01-20T00:21:55.2206546Z   🔍 Step 61 (click): Found 1 mined locators
2026-01-20T00:21:55.2207134Z       ✅ Kept robust locator (0.95): #stopButton...
2026-01-20T00:21:55.2207774Z   💾 Saved 1 robust locators (top stability: 0.95)
2026-01-20T00:21:55.2208375Z   🔍 Step 62 (click): Found 1 mined locators
2026-01-20T00:21:55.2208969Z       ✅ Kept robust locator (0.95): #startButton...
2026-01-20T00:21:55.2209595Z   💾 Saved 1 robust locators (top stability: 0.95)
2026-01-20T00:21:55.2210351Z   🔍 Step 63 (click): Found 1 mined locators
2026-01-20T00:21:55.2210938Z       ✅ Kept robust locator (0.95): #stopButton...
2026-01-20T00:21:55.2211590Z   💾 Saved 1 robust locators (top stability: 0.95)
2026-01-20T00:21:55.2212182Z   🔍 Step 64 (click): Found 1 mined locators
2026-01-20T00:21:55.2212783Z       ✅ Kept robust locator (0.95): #startButton...
2026-01-20T00:21:55.2213423Z   💾 Saved 1 robust locators (top stability: 0.95)
2026-01-20T00:21:55.2214030Z   🔍 Step 65 (click): Found 1 mined locators
2026-01-20T00:21:55.2214629Z       ✅ Kept robust locator (0.95): #stopButton...
2026-01-20T00:21:55.2215250Z   💾 Saved 1 robust locators (top stability: 0.95)
2026-01-20T00:21:55.2215858Z   🔍 Step 66 (click): Found 1 mined locators
2026-01-20T00:21:55.2216450Z       ✅ Kept robust locator (0.95): #startButton...
2026-01-20T00:21:55.2217075Z   💾 Saved 1 robust locators (top stability: 0.95)
2026-01-20T00:21:55.2217711Z   🔍 Step 67 (click): Found 1 mined locators
2026-01-20T00:21:55.2218290Z       ✅ Kept robust locator (0.95): #stopButton...
2026-01-20T00:21:55.2218920Z   💾 Saved 1 robust locators (top stability: 0.95)
2026-01-20T00:21:55.2219523Z   🔍 Step 68 (click): Found 1 mined locators
2026-01-20T00:21:55.2220320Z       ✅ Kept robust locator (0.95): #startButton...
2026-01-20T00:21:55.2220966Z   💾 Saved 1 robust locators (top stability: 0.95)
2026-01-20T00:21:55.2221570Z   🔍 Step 69 (click): Found 1 mined locators
2026-01-20T00:21:55.2222198Z       ✅ Kept robust locator (1.05): button[id='stopButton']...
2026-01-20T00:21:55.2222975Z   💾 Saved 1 robust locators (top stability: 1.00)
2026-01-20T00:21:55.2223642Z   🔍 Step 70 (click): Found 1 mined locators
2026-01-20T00:21:55.2224335Z       ✅ Kept robust locator (0.95): #startButton...
2026-01-20T00:21:55.2225045Z   💾 Saved 1 robust locators (top stability: 0.95)
2026-01-20T00:21:55.2225714Z   🔍 Step 71 (click): Found 1 mined locators
2026-01-20T00:21:55.2226350Z       ✅ Kept robust locator (0.95): #stopButton...
2026-01-20T00:21:55.2227028Z   💾 Saved 1 robust locators (top stability: 0.95)
2026-01-20T00:21:55.2227639Z   🔍 Step 72 (click): Found 1 mined locators
2026-01-20T00:21:55.2228231Z       ✅ Kept robust locator (0.95): #startButton...
2026-01-20T00:21:55.2228818Z   💾 Saved 1 robust locators (top stability: 0.95)
2026-01-20T00:21:55.2229557Z   🔍 Step 73 (click): Found 1 mined locators
2026-01-20T00:21:55.2230113Z       ✅ Kept robust locator (0.95): #stopButton...
2026-01-20T00:21:55.2230651Z   💾 Saved 1 robust locators (top stability: 0.95)
2026-01-20T00:21:55.2231288Z   🔍 Step 74 (click): Found 1 mined locators
2026-01-20T00:21:55.2231636Z       ✅ Kept robust locator (0.95): #startButton...
2026-01-20T00:21:55.2231997Z   💾 Saved 1 robust locators (top stability: 0.95)
2026-01-20T00:21:55.2232405Z   🔍 Step 75 (click): Found 1 mined locators
2026-01-20T00:21:55.2232972Z       ✅ Kept robust locator (0.95): #stopButton...
2026-01-20T00:21:55.2233609Z   💾 Saved 1 robust locators (top stability: 0.95)
2026-01-20T00:21:55.2234193Z   🔍 Step 76 (click): Found 1 mined locators
2026-01-20T00:21:55.2234784Z       ✅ Kept robust locator (0.95): #startButton...
2026-01-20T00:21:55.2235407Z   💾 Saved 1 robust locators (top stability: 0.95)
2026-01-20T00:21:55.2235988Z   🔍 Step 77 (click): Found 1 mined locators
2026-01-20T00:21:55.2236575Z       ✅ Kept robust locator (0.95): #stopButton...
2026-01-20T00:21:55.2237179Z   💾 Saved 1 robust locators (top stability: 0.95)
2026-01-20T00:21:55.2237751Z   🔍 Step 78 (click): Found 1 mined locators
2026-01-20T00:21:55.2238350Z       ✅ Kept robust locator (0.95): #startButton...
2026-01-20T00:21:55.2238964Z   💾 Saved 1 robust locators (top stability: 0.95)
2026-01-20T00:21:55.2239566Z   🔍 Step 79 (click): Found 1 mined locators
2026-01-20T00:21:55.2240335Z       ✅ Kept robust locator (0.95): #stopButton...
2026-01-20T00:21:55.2240948Z   💾 Saved 1 robust locators (top stability: 0.95)
2026-01-20T00:21:55.2241529Z   🔍 Step 80 (click): Found 1 mined locators
2026-01-20T00:21:55.2242119Z       ✅ Kept robust locator (0.95): #startButton...
2026-01-20T00:21:55.2242731Z   💾 Saved 1 robust locators (top stability: 0.95)
2026-01-20T00:21:55.2243326Z   🔍 Step 81 (click): Found 1 mined locators
2026-01-20T00:21:55.2243910Z       ✅ Kept robust locator (0.95): #stopButton...
2026-01-20T00:21:55.2244552Z   💾 Saved 1 robust locators (top stability: 0.95)
2026-01-20T00:21:55.2245146Z   🔍 Step 82 (click): Found 1 mined locators
2026-01-20T00:21:55.2245701Z       ✅ Kept robust locator (0.95): #startButton...
2026-01-20T00:21:55.2246290Z   💾 Saved 1 robust locators (top stability: 0.95)
2026-01-20T00:21:55.2246614Z   🔍 Step 84 (click): Found 1 mined locators
2026-01-20T00:21:55.2246932Z       ✅ Kept robust locator (0.95): #startButton...
2026-01-20T00:21:55.2247265Z   💾 Saved 1 robust locators (top stability: 0.95)
2026-01-20T00:21:55.2247584Z   🔍 Step 85 (wait): Found 1 mined locators
2026-01-20T00:21:55.2247905Z       ✅ Kept robust locator (0.90): #progressBar...
2026-01-20T00:21:55.2248245Z   💾 Saved 1 robust locators (top stability: 0.90)
2026-01-20T00:21:55.2248565Z   🔍 Step 86 (click): Found 3 mined locators
2026-01-20T00:21:55.2248925Z       ✅ Kept robust locator (0.80): role=button[name='Stop']...
2026-01-20T00:21:55.2249288Z       ✅ Kept robust locator (0.70): text='Stop'...
2026-01-20T00:21:55.2249628Z       ✅ Kept robust locator (0.85): #stopButton...
2026-01-20T00:21:55.2250193Z   💾 Saved 3 robust locators (top stability: 0.85)
2026-01-20T00:21:55.2250551Z   🔍 Step 87 (assert_visible): Found 3 mined locators
2026-01-20T00:21:55.2250943Z       ✅ Kept robust locator (0.80): role=button[name='Stop']...
2026-01-20T00:21:55.2251298Z       ✅ Kept robust locator (0.70): text='Stop'...
2026-01-20T00:21:55.2251624Z       ✅ Kept robust locator (0.85): #stopButton...
2026-01-20T00:21:55.2251950Z   💾 Saved 3 robust locators (top stability: 0.85)
2026-01-20T00:21:55.2252373Z ✅ Updated scenario 'Progress Bar Interaction' with 88 validated steps
2026-01-20T00:21:55.2252650Z 
2026-01-20T00:21:55.2252869Z 📝 Processing scenario 'Sample App Login' with 14 steps
2026-01-20T00:21:55.2253457Z   🔍 Step 3 (click): Found 2 mined locators
2026-01-20T00:21:55.2254131Z       ✅ Kept robust locator (0.80): role=link[name='Sample App']...
2026-01-20T00:21:55.2254858Z       ✅ Kept robust locator (0.70): text='Sample App'...
2026-01-20T00:21:55.2255725Z   💾 Saved 2 robust locators (top stability: 0.80)
2026-01-20T00:21:55.2256294Z   🔍 Step 4 (fill): Found 1 mined locators
2026-01-20T00:21:55.2257167Z       ✅ Kept robust locator (0.95): #f45343d9-0cd4-c04f-7c48-ef85f35e6648...
2026-01-20T00:21:55.2257923Z   💾 Saved 1 robust locators (top stability: 0.95)
2026-01-20T00:21:55.2258492Z   🔍 Step 5 (fill): Found 1 mined locators
2026-01-20T00:21:55.2259207Z       ✅ Kept robust locator (0.95): #bf8bd813-2e9c-844e-4f7c-c53155945f88...
2026-01-20T00:21:55.2260106Z   💾 Saved 1 robust locators (top stability: 0.95)
2026-01-20T00:21:55.2260686Z   🔍 Step 6 (click): Found 1 mined locators
2026-01-20T00:21:55.2261224Z       ✅ Kept robust locator (0.95): #login...
2026-01-20T00:21:55.2261797Z   💾 Saved 1 robust locators (top stability: 0.95)
2026-01-20T00:21:55.2262369Z   🔍 Step 7 (click): Found 1 mined locators
2026-01-20T00:21:55.2262905Z       ✅ Kept robust locator (0.95): #login...
2026-01-20T00:21:55.2263476Z   💾 Saved 1 robust locators (top stability: 0.95)
2026-01-20T00:21:55.2264061Z   🔍 Step 8 (click): Found 1 mined locators
2026-01-20T00:21:55.2264585Z       ✅ Kept robust locator (0.95): #login...
2026-01-20T00:21:55.2265167Z   💾 Saved 1 robust locators (top stability: 0.95)
2026-01-20T00:21:55.2265737Z   🔍 Step 10 (fill): Found 5 mined locators
2026-01-20T00:21:55.2266531Z       ✅ Kept robust locator (0.70): text=Fill in and submit the form. For successfull ...
2026-01-20T00:21:55.2267461Z       ✅ Kept robust locator (0.80): role=textbox[name='User Name']...
2026-01-20T00:21:55.2268182Z       ✅ Kept robust locator (0.70): text='User Name'...
2026-01-20T00:21:55.2268975Z       ⚠️ Skipping low-confidence locator (0.60): [placeholder='User Name']...
2026-01-20T00:21:55.2269992Z       ✅ Kept robust locator (0.75): input[name='UserName']...
2026-01-20T00:21:55.2270673Z   💾 Saved 3 robust locators (top stability: 0.80)
2026-01-20T00:21:55.2271253Z   🔍 Step 11 (fill): Found 1 mined locators
2026-01-20T00:21:55.2271881Z       ✅ Kept robust locator (0.90): input[name='username' i]...
2026-01-20T00:21:55.2272523Z   💾 Saved 1 robust locators (top stability: 0.90)
2026-01-20T00:21:55.2273065Z   🔍 Step 12 (fill): Found 1 mined locators
2026-01-20T00:21:55.2273775Z       ✅ Kept robust locator (0.70): text=Fill in and submit the form. For successfull ...
2026-01-20T00:21:55.2274500Z   💾 Saved 1 robust locators (top stability: 0.70)
2026-01-20T00:21:55.2275024Z   🔍 Step 13 (click): Found 3 mined locators
2026-01-20T00:21:55.2275622Z       ✅ Kept robust locator (0.80): role=button[name='Log In']...
2026-01-20T00:21:55.2276221Z       ✅ Kept robust locator (0.70): text='Log In'...
2026-01-20T00:21:55.2276740Z       ✅ Kept robust locator (0.85): #login...
2026-01-20T00:21:55.2277253Z   💾 Saved 3 robust locators (top stability: 0.85)
2026-01-20T00:21:55.2277890Z ✅ Updated scenario 'Sample App Login' with 14 validated steps
2026-01-20T00:21:55.2278613Z 🔄 Updated workflow.json with discovered steps and locators.
2026-01-20T00:21:55.2278989Z 
2026-01-20T00:21:55.2279152Z ============================================================
2026-01-20T00:21:55.2279653Z 📊 EXPLORER PERFORMANCE SUMMARY
2026-01-20T00:21:55.2280180Z ============================================================
2026-01-20T00:21:55.2280484Z 
2026-01-20T00:21:55.2280648Z 🔍 Locator Mining:
2026-01-20T00:21:55.2281014Z    • Total Locators Mined: 125
2026-01-20T00:21:55.2281450Z    • Filtered Out (Brittle): 2 (1.6%)
2026-01-20T00:21:55.2281913Z    • Saved to Golden Path: 122 (97.6%)
2026-01-20T00:21:55.2282181Z 
2026-01-20T00:21:55.2282361Z ⚠️  Filtering Breakdown:
2026-01-20T00:21:55.2282747Z    • Low Confidence (<0.75): 2
2026-01-20T00:21:55.2282973Z 
2026-01-20T00:21:55.2283138Z ✅ Golden Path Quality:
2026-01-20T00:21:55.2283608Z    🌟 EXCELLENT - 97.6% of mined locators are robust!
2026-01-20T00:21:55.2283947Z 
2026-01-20T00:21:55.2284097Z ============================================================
2026-01-20T00:21:55.2284393Z 
2026-01-20T00:21:55.2284591Z ✅ Deep Exploration Complete.
2026-01-20T00:22:23.4693644Z 
2026-01-20T00:22:23.4694398Z 🚀 [EXECUTE] Starting Automation Execution Engine
2026-01-20T00:22:23.4695067Z 📍 Project: ci_uitestingplayground
2026-01-20T00:22:23.4695521Z 🎬 Mode: Headless
2026-01-20T00:22:23.4696120Z 
2026-01-20T00:22:23.4696324Z --- Scenario: Dynamic ID Button Click ---
2026-01-20T00:22:23.4696916Z   ▶️  [STEP step_1] NAVIGATE: NAVIGATE
2026-01-20T00:22:23.4697380Z     ✅ Step step_1 Passed.
2026-01-20T00:22:23.4697654Z   ▶️  [STEP step_2] ASSERT_URL: ASSERT_URL
2026-01-20T00:22:23.4697934Z     ✅ Step step_2 Passed.
2026-01-20T00:22:23.4698205Z   ▶️  [STEP step_2_ai_1] CLICK: Dynamic ID
2026-01-20T00:22:23.4698551Z     🔍 Trying 1 validated locators from golden path...
2026-01-20T00:22:23.4698950Z     ⚠️  Locator #1 matched 32 elements (need exactly 1): a...
2026-01-20T00:22:23.4699385Z     ⚠️  All golden path locators failed. Will try text-based fallback.
2026-01-20T00:22:23.4699758Z     ✅ Step step_2_ai_1 Passed.
2026-01-20T00:22:23.4700662Z   ▶️  [STEP step_3] CLICK: Dynamic ID
2026-01-20T00:22:23.4701047Z     🔍 Trying 3 validated locators from golden path...
2026-01-20T00:22:23.4701458Z     ❌ Locator #1 found 0 elements: role=link[name='Dynamic ID']...
2026-01-20T00:22:23.4701972Z     ✅ SUCCESS! Locator #2: text='Dynamic ID'... (method: unknown, stability: 0.70)
2026-01-20T00:22:23.4702368Z     ✅ Step step_3 Passed.
2026-01-20T00:22:23.4702629Z   ▶️  [STEP step_4] ASSERT_URL: ASSERT_URL
2026-01-20T00:22:23.4702906Z     ✅ Step step_4 Passed.
2026-01-20T00:22:23.4703200Z   ▶️  [STEP step_4_ai_1] CLICK: Button with Dynamic ID
2026-01-20T00:22:23.4703565Z     🔍 Trying 1 validated locators from golden path...
2026-01-20T00:22:23.4703995Z     ✅ SUCCESS! Locator #1: button[id]... (method: unknown, stability: 0.95)
2026-01-20T00:22:23.4704379Z     ✅ Step step_4_ai_1 Passed.
2026-01-20T00:22:23.4704670Z   ▶️  [STEP step_5] CLICK: Button with Dynamic ID
2026-01-20T00:22:23.4705021Z     🔍 Trying 2 validated locators from golden path...
2026-01-20T00:22:23.4705577Z     ✅ SUCCESS! Locator #1: role=button[name='Button with Dynamic ID']... (method: unknown, stability: 0.80)
2026-01-20T00:22:23.4706051Z     ✅ Step step_5 Passed.
2026-01-20T00:22:23.4706390Z ✅ Scenario 'Dynamic ID Button Click' completed successfully!
2026-01-20T00:22:23.4706631Z 
2026-01-20T00:22:23.4706761Z --- Scenario: Text Input and Button Name Change ---
2026-01-20T00:22:23.4707104Z   ▶️  [STEP step_1] NAVIGATE: NAVIGATE
2026-01-20T00:22:23.4707375Z     ✅ Step step_1 Passed.
2026-01-20T00:22:23.4707636Z   ▶️  [STEP step_2] ASSERT_URL: ASSERT_URL
2026-01-20T00:22:23.4707909Z     ✅ Step step_2 Passed.
2026-01-20T00:22:23.4708171Z   ▶️  [STEP step_2_ai_1] NAVIGATE: Text Input
2026-01-20T00:22:23.4708722Z     ❌ Attempt 1 failed (unknown): Page.goto: Protocol error (Page.navigate): Cannot navigate to invalid URL
2026-01-20T00:22:23.4709183Z Call log:
2026-01-20T00:22:23.4709354Z   - navigating t...
2026-01-20T00:22:23.4709707Z     🔧 [AUTO-HEAL] Re-mining page to find 'Text Input'...
2026-01-20T00:22:23.4710383Z [DEBUG] Sending request to gemini-2.0-flash. Number of parts: 2
2026-01-20T00:22:23.4710728Z [DEBUG] Received response (Length: 392)
2026-01-20T00:22:23.4711060Z     ✨ AI heal found 2 alternatives. Validating...
2026-01-20T00:22:23.4711618Z       ❌ Rejected: No keyword match in 'uitap' for 'Text Input'
2026-01-20T00:22:23.4712067Z       ❌ Rejected: No keyword match in 'resources' for 'Text Input'
2026-01-20T00:22:23.4712491Z     ⚠️ All AI suggestions failed validation. Using original.
2026-01-20T00:22:23.4712927Z     ❌ AI could not re-locate the element. Waiting 1s before next retry.
2026-01-20T00:22:23.4713536Z     ❌ Attempt 2 failed (unknown): Page.goto: Protocol error (Page.navigate): Cannot navigate to invalid URL
2026-01-20T00:22:23.4713986Z Call log:
2026-01-20T00:22:23.4714155Z   - navigating t...
2026-01-20T00:22:23.4714443Z     🔧 [AUTO-HEAL] Re-mining page to find 'Text Input'...
2026-01-20T00:22:23.4714748Z [CACHE HIT] 8ee0d206... (hits: 1, misses: 1)
2026-01-20T00:22:23.4715074Z     ✨ AI heal found 2 alternatives. Validating...
2026-01-20T00:22:23.4715622Z       ❌ Rejected: No keyword match in 'uitap' for 'Text Input'
2026-01-20T00:22:23.4716038Z       ❌ Rejected: No keyword match in 'resources' for 'Text Input'
2026-01-20T00:22:23.4716481Z     ⚠️ All AI suggestions failed validation. Using original.
2026-01-20T00:22:23.4716908Z     ❌ AI could not re-locate the element. Waiting 1s before next retry.
2026-01-20T00:22:23.4717518Z     ❌ Attempt 3 failed (unknown): Page.goto: Protocol error (Page.navigate): Cannot navigate to invalid URL
2026-01-20T00:22:23.4717966Z Call log:
2026-01-20T00:22:23.4718131Z   - navigating t...
2026-01-20T00:22:23.4718389Z     💀 Step step_2_ai_1 failed after all retries.
2026-01-20T00:22:23.4718829Z 🛑 Scenario 'Text Input and Button Name Change' aborted due to step failure.
2026-01-20T00:22:23.4719117Z 
2026-01-20T00:22:23.4719226Z --- Scenario: Progress Bar Interaction ---
2026-01-20T00:22:23.4719534Z   ▶️  [STEP step_1] NAVIGATE: NAVIGATE
2026-01-20T00:22:23.4720019Z     ✅ Step step_1 Passed.
2026-01-20T00:22:23.4720487Z   ▶️  [STEP step_2] ASSERT_URL: ASSERT_URL
2026-01-20T00:22:23.4720972Z     ✅ Step step_2 Passed.
2026-01-20T00:22:23.4721825Z   ▶️  [STEP step_2_ai_1] NAVIGATE: Follow the progress of a lengthy process and continue upon completion
2026-01-20T00:22:23.4722691Z     ❌ Attempt 1 failed (unknown): Page.goto: Protocol error (Page.navigate): Cannot navigate to invalid URL
2026-01-20T00:22:23.4723143Z Call log:
2026-01-20T00:22:23.4723308Z   - navigating t...
2026-01-20T00:22:23.4723817Z     🔧 [AUTO-HEAL] Re-mining page to find 'Follow the progress of a lengthy process and continue upon completion'...
2026-01-20T00:22:23.4724384Z [DEBUG] Sending request to gemini-2.0-flash. Number of parts: 2
2026-01-20T00:22:23.4724720Z [DEBUG] Received response (Length: 481)
2026-01-20T00:22:23.4725041Z     ✨ AI heal found 2 alternatives. Validating...
2026-01-20T00:22:23.4725353Z       ❌ Rejected: Element not found
2026-01-20T00:22:23.4725715Z       ❌ Validation error: Locator.count: SyntaxError: Failed to ex
2026-01-20T00:22:23.4726151Z     ⚠️ All AI suggestions failed validation. Using original.
2026-01-20T00:22:23.4726598Z     ❌ AI could not re-locate the element. Waiting 1s before next retry.
2026-01-20T00:22:23.4727217Z     ❌ Attempt 2 failed (unknown): Page.goto: Protocol error (Page.navigate): Cannot navigate to invalid URL
2026-01-20T00:22:23.4727688Z Call log:
2026-01-20T00:22:23.4727860Z   - navigating t...
2026-01-20T00:22:23.4728370Z     🔧 [AUTO-HEAL] Re-mining page to find 'Follow the progress of a lengthy process and continue upon completion'...
2026-01-20T00:22:23.4728915Z [CACHE HIT] 4f116751... (hits: 2, misses: 2)
2026-01-20T00:22:23.4729248Z     ✨ AI heal found 2 alternatives. Validating...
2026-01-20T00:22:23.4729565Z       ❌ Rejected: Element not found
2026-01-20T00:22:23.4730169Z       ❌ Validation error: Locator.count: SyntaxError: Failed to ex
2026-01-20T00:22:23.4730625Z     ⚠️ All AI suggestions failed validation. Using original.
2026-01-20T00:22:23.4731077Z     ❌ AI could not re-locate the element. Waiting 1s before next retry.
2026-01-20T00:22:23.4731695Z     ❌ Attempt 3 failed (unknown): Page.goto: Protocol error (Page.navigate): Cannot navigate to invalid URL
2026-01-20T00:22:23.4732288Z Call log:
2026-01-20T00:22:23.4732467Z   - navigating t...
2026-01-20T00:22:23.4732739Z     💀 Step step_2_ai_1 failed after all retries.
2026-01-20T00:22:23.4733152Z 🛑 Scenario 'Progress Bar Interaction' aborted due to step failure.
2026-01-20T00:22:23.4733410Z 
2026-01-20T00:22:23.4733509Z --- Scenario: Sample App Login ---
2026-01-20T00:22:23.4733792Z   ▶️  [STEP step_1] NAVIGATE: NAVIGATE
2026-01-20T00:22:23.4734065Z     ✅ Step step_1 Passed.
2026-01-20T00:22:23.4734327Z   ▶️  [STEP step_2] ASSERT_URL: ASSERT_URL
2026-01-20T00:22:23.4734604Z     ✅ Step step_2 Passed.
2026-01-20T00:22:23.4734864Z   ▶️  [STEP step_2_ai_1] NAVIGATE: Sample App
2026-01-20T00:22:23.4735397Z     ❌ Attempt 1 failed (unknown): Page.goto: Protocol error (Page.navigate): Cannot navigate to invalid URL
2026-01-20T00:22:23.4735970Z Call log:
2026-01-20T00:22:23.4736137Z   - navigating t...
2026-01-20T00:22:23.4736422Z     🔧 [AUTO-HEAL] Re-mining page to find 'Sample App'...
2026-01-20T00:22:23.4736806Z [DEBUG] Sending request to gemini-2.0-flash. Number of parts: 2
2026-01-20T00:22:23.4737142Z [DEBUG] Received response (Length: 403)
2026-01-20T00:22:23.4737465Z     ✨ AI heal found 2 alternatives. Validating...
2026-01-20T00:22:23.4737840Z       ❌ Rejected: No keyword match in 'uitap' for 'Sample App'
2026-01-20T00:22:23.4738260Z       ❌ Rejected: No keyword match in 'resources' for 'Sample App'
2026-01-20T00:22:23.4738678Z     ⚠️ All AI suggestions failed validation. Using original.
2026-01-20T00:22:23.4739114Z     ❌ AI could not re-locate the element. Waiting 1s before next retry.
2026-01-20T00:22:23.4739721Z     ❌ Attempt 2 failed (unknown): Page.goto: Protocol error (Page.navigate): Cannot navigate to invalid URL
2026-01-20T00:22:23.4740581Z Call log:
2026-01-20T00:22:23.4740757Z   - navigating t...
2026-01-20T00:22:23.4741071Z     🔧 [AUTO-HEAL] Re-mining page to find 'Sample App'...
2026-01-20T00:22:23.4741384Z [CACHE HIT] e8dbf634... (hits: 3, misses: 3)
2026-01-20T00:22:23.4741726Z     ✨ AI heal found 2 alternatives. Validating...
2026-01-20T00:22:23.4742101Z       ❌ Rejected: No keyword match in 'uitap' for 'Sample App'
2026-01-20T00:22:23.4742519Z       ❌ Rejected: No keyword match in 'resources' for 'Sample App'
2026-01-20T00:22:23.4742934Z     ⚠️ All AI suggestions failed validation. Using original.
2026-01-20T00:22:23.4743362Z     ❌ AI could not re-locate the element. Waiting 1s before next retry.
2026-01-20T00:22:23.4743970Z     ❌ Attempt 3 failed (unknown): Page.goto: Protocol error (Page.navigate): Cannot navigate to invalid URL
2026-01-20T00:22:23.4744417Z Call log:
2026-01-20T00:22:23.4744584Z   - navigating t...
2026-01-20T00:22:23.4744846Z     💀 Step step_2_ai_1 failed after all retries.
2026-01-20T00:22:23.4745215Z 🛑 Scenario 'Sample App Login' aborted due to step failure.
2026-01-20T00:22:23.4745469Z 
2026-01-20T00:22:23.4745576Z ============================================================
2026-01-20T00:22:23.4745860Z 🎯 EXECUTION SUMMARY
2026-01-20T00:22:23.4746078Z ============================================================
2026-01-20T00:22:23.4746259Z 
2026-01-20T00:22:23.4746362Z 📋 Scenario Overview:
2026-01-20T00:22:23.4746603Z    • Total Scenarios Planned: 4
2026-01-20T00:22:23.4746858Z    • Scenarios Executed: 4
2026-01-20T00:22:23.4747106Z    • Total Steps Executed: 16
2026-01-20T00:22:23.4747250Z 
2026-01-20T00:22:23.4747335Z ✅ Results:
2026-01-20T00:22:23.4747535Z    ✅ Passed: 1 (25%)
2026-01-20T00:22:23.4747744Z    ❌ Failed: 3 (75%)
2026-01-20T00:22:23.4747853Z 
2026-01-20T00:22:23.4747957Z ⚠️  Failed Scenarios:
2026-01-20T00:22:23.4748205Z    • Text Input and Button Name Change
2026-01-20T00:22:23.4748478Z    • Progress Bar Interaction
2026-01-20T00:22:23.4748718Z    • Sample App Login
2026-01-20T00:22:23.4748834Z 
2026-01-20T00:22:23.4748928Z ============================================================
2026-01-20T00:22:23.4749117Z 
2026-01-20T00:22:23.4749635Z 🏁 Execution Finished. Report: /home/runner/work/build_qa_automation/build_qa_automation/projects/ci_uitestingplayground/execution.json
2026-01-20T00:22:23.4750524Z 
2026-01-20T00:22:23.4750632Z ============================================================
2026-01-20T00:22:23.4750955Z 📊 EXECUTOR PERFORMANCE SUMMARY
2026-01-20T00:22:23.4751196Z ============================================================
2026-01-20T00:22:23.4751375Z 
2026-01-20T00:22:23.4751482Z 🎯 Execution Results:
2026-01-20T00:22:23.4751701Z    • Total Steps: 16
2026-01-20T00:22:23.4751939Z    • First-Attempt Success: 13 (81.2%)
2026-01-20T00:22:23.4752222Z    • Required AI Healing: 6 (37.5%)
2026-01-20T00:22:23.4752494Z    • Final Failures: 3 (18.8%)
2026-01-20T00:22:23.4752635Z 
2026-01-20T00:22:23.4752756Z 🛤️  Golden Path Effectiveness:
2026-01-20T00:22:23.4753015Z    • Steps with Mined Locators: 4
2026-01-20T00:22:23.4753279Z    • Golden Path Hits: 3 (75.0%)
2026-01-20T00:22:23.4753662Z    • Golden Path Misses: 1
2026-01-20T00:22:23.4753916Z    • Fallback Used (No Locators): 12
2026-01-20T00:22:23.4754079Z 
2026-01-20T00:22:23.4754182Z 📈 Overall Assessment:
2026-01-20T00:22:23.4754493Z    ✅ GOOD! Most steps following golden path successfully.
2026-01-20T00:22:23.4754718Z 
2026-01-20T00:22:23.4754828Z 🎯 vs Target (100% Flawless):
2026-01-20T00:22:23.4755078Z    📊 Gap: 18.8% from target
2026-01-20T00:22:23.4755365Z    💡 Recommendation: Review 1 golden path misses
2026-01-20T00:22:23.4755769Z    💡 Recommendation: Explorer needs to mine locators for 12 steps
2026-01-20T00:22:23.4756023Z 
2026-01-20T00:22:23.4756114Z ============================================================
2026-01-20T00:22:23.5954337Z 
2026-01-20T00:22:23.5954753Z [PHASE] Running Phase: DISCOVERY
2026-01-20T00:22:23.5956351Z    Command: /opt/hostedtoolcache/Python/3.11.14/x64/bin/python /home/runner/work/build_qa_automation/build_qa_automation/core/agents/discovery.py --project /home/runner/work/build_qa_automation/build_qa_automation/projects/ci_uitestingplayground --url http://uitestingplayground.com/ --deep
2026-01-20T00:22:23.5957808Z ✅ Phase 'discovery' completed successfully.
2026-01-20T00:22:23.5958025Z 
2026-01-20T00:22:23.5958120Z [PHASE] Running Phase: PLANNING
2026-01-20T00:22:23.5959311Z    Command: /opt/hostedtoolcache/Python/3.11.14/x64/bin/python /home/runner/work/build_qa_automation/build_qa_automation/core/agents/planner.py --project /home/runner/work/build_qa_automation/build_qa_automation/projects/ci_uitestingplayground --goal Test UI interactions --url http://uitestingplayground.com/ --deep
2026-01-20T00:22:23.5960780Z ✅ Phase 'planning' completed successfully.
2026-01-20T00:22:23.5960969Z 
2026-01-20T00:22:23.5961061Z [PHASE] Running Phase: EXPLORATION
2026-01-20T00:22:23.5962005Z    Command: /opt/hostedtoolcache/Python/3.11.14/x64/bin/python /home/runner/work/build_qa_automation/build_qa_automation/core/agents/deep_explorer.py --project /home/runner/work/build_qa_automation/build_qa_automation/projects/ci_uitestingplayground
2026-01-20T00:22:23.5963032Z ✅ Phase 'exploration' completed successfully.
2026-01-20T00:22:23.5963402Z 📊 Exploration Discovery Success Rate: 92.1%
2026-01-20T00:22:23.5963596Z 
2026-01-20T00:22:23.5963694Z [PHASE] Running Phase: EXECUTION
2026-01-20T00:22:23.5964616Z    Command: /opt/hostedtoolcache/Python/3.11.14/x64/bin/python /home/runner/work/build_qa_automation/build_qa_automation/core/agents/executor.py --project /home/runner/work/build_qa_automation/build_qa_automation/projects/ci_uitestingplayground
2026-01-20T00:22:23.5965615Z ✅ Phase 'execution' completed successfully.
2026-01-20T00:22:23.5965805Z 
2026-01-20T00:22:23.5965904Z [DONE] Pipeline Execution Finished! [DONE]
2026-01-20T00:22:23.6965831Z ##[group]Run RESULT_FILE="projects/ci_uitestingplayground/execution.json"
2026-01-20T00:22:23.6966454Z [36;1mRESULT_FILE="projects/ci_uitestingplayground/execution.json"[0m
2026-01-20T00:22:23.6966823Z [36;1mif [ -f "$RESULT_FILE" ]; then[0m
2026-01-20T00:22:23.6967181Z [36;1m  echo "✅ Results generated successfully: $RESULT_FILE"[0m
2026-01-20T00:22:23.6967630Z [36;1m  cat "$RESULT_FILE" | jq '.scenarios | length' || echo "Result file exists"[0m
2026-01-20T00:22:23.6967991Z [36;1melse[0m
2026-01-20T00:22:23.6968217Z [36;1m  echo "❌ No result file found at $RESULT_FILE"[0m
2026-01-20T00:22:23.6968496Z [36;1m  exit 1[0m
2026-01-20T00:22:23.6968668Z [36;1mfi[0m
2026-01-20T00:22:23.7000200Z shell: /usr/bin/bash -e {0}
2026-01-20T00:22:23.7000426Z env:
2026-01-20T00:22:23.7000679Z   pythonLocation: /opt/hostedtoolcache/Python/3.11.14/x64
2026-01-20T00:22:23.7001102Z   PKG_CONFIG_PATH: /opt/hostedtoolcache/Python/3.11.14/x64/lib/pkgconfig
2026-01-20T00:22:23.7001566Z   Python_ROOT_DIR: /opt/hostedtoolcache/Python/3.11.14/x64
2026-01-20T00:22:23.7001934Z   Python2_ROOT_DIR: /opt/hostedtoolcache/Python/3.11.14/x64
2026-01-20T00:22:23.7002294Z   Python3_ROOT_DIR: /opt/hostedtoolcache/Python/3.11.14/x64
2026-01-20T00:22:23.7002843Z   LD_LIBRARY_PATH: /opt/hostedtoolcache/Python/3.11.14/x64/lib
2026-01-20T00:22:23.7003147Z ##[endgroup]
2026-01-20T00:22:23.7056471Z ✅ Results generated successfully: projects/ci_uitestingplayground/execution.json
2026-01-20T00:22:23.7082379Z 4
2026-01-20T00:22:23.7143792Z ##[group]Run actions/upload-artifact@v4
2026-01-20T00:22:23.7144067Z with:
2026-01-20T00:22:23.7144284Z   name: uitestingplayground-execution-results
2026-01-20T00:22:23.7144793Z   path: projects/ci_uitestingplayground/execution.json
projects/ci_uitestingplayground/workflow.json

2026-01-20T00:22:23.7145265Z   retention-days: 30
2026-01-20T00:22:23.7145470Z   if-no-files-found: warn
2026-01-20T00:22:23.7145688Z   compression-level: 6
2026-01-20T00:22:23.7145887Z   overwrite: false
2026-01-20T00:22:23.7146084Z   include-hidden-files: false
2026-01-20T00:22:23.7146294Z env:
2026-01-20T00:22:23.7146532Z   pythonLocation: /opt/hostedtoolcache/Python/3.11.14/x64
2026-01-20T00:22:23.7146944Z   PKG_CONFIG_PATH: /opt/hostedtoolcache/Python/3.11.14/x64/lib/pkgconfig
2026-01-20T00:22:23.7147370Z   Python_ROOT_DIR: /opt/hostedtoolcache/Python/3.11.14/x64
2026-01-20T00:22:23.7147728Z   Python2_ROOT_DIR: /opt/hostedtoolcache/Python/3.11.14/x64
2026-01-20T00:22:23.7148117Z   Python3_ROOT_DIR: /opt/hostedtoolcache/Python/3.11.14/x64
2026-01-20T00:22:23.7148489Z   LD_LIBRARY_PATH: /opt/hostedtoolcache/Python/3.11.14/x64/lib
2026-01-20T00:22:23.7148787Z ##[endgroup]
2026-01-20T00:22:23.9442710Z Multiple search paths detected. Calculating the least common ancestor of all paths
2026-01-20T00:22:23.9446767Z The least common ancestor is /home/runner/work/build_qa_automation/build_qa_automation/projects/ci_uitestingplayground. This will be the root directory of the artifact
2026-01-20T00:22:23.9448246Z With the provided path, there will be 2 files uploaded
2026-01-20T00:22:23.9454625Z Artifact name is valid!
2026-01-20T00:22:23.9456231Z Root directory input is valid!
2026-01-20T00:22:24.0184208Z Beginning upload of artifact content to blob storage
2026-01-20T00:22:24.0725887Z Uploaded bytes 3293
2026-01-20T00:22:24.0893749Z Finished uploading artifact content to blob storage!
2026-01-20T00:22:24.0897163Z SHA256 digest of uploaded artifact zip is b106a3118103696e0805d2a119ebdc0fcbd43d370420d9d64546f75e39eb7908
2026-01-20T00:22:24.0900289Z Finalizing artifact upload
2026-01-20T00:22:24.1729327Z Artifact uitestingplayground-execution-results.zip successfully finalized. Artifact ID 5183224748
2026-01-20T00:22:24.1730735Z Artifact uitestingplayground-execution-results has been successfully uploaded! Final size is 3293 bytes. Artifact ID is 5183224748
2026-01-20T00:22:24.1736675Z Artifact download URL: https://github.com/vishvasmca-cmd/build_qa_automation/actions/runs/21154472744/artifacts/5183224748
2026-01-20T00:22:24.1859453Z Post job cleanup.
2026-01-20T00:22:24.3367789Z Cache hit occurred on the primary key setup-python-Linux-x64-24.04-Ubuntu-python-3.11.14-pip-dde08d0e0b672972dcda9f1a063036a2e0c226f5d0a20362e9401931676d80a4, not saving cache.
2026-01-20T00:22:24.3472945Z Post job cleanup.
2026-01-20T00:22:24.4422517Z [command]/usr/bin/git version
2026-01-20T00:22:24.4457842Z git version 2.52.0
2026-01-20T00:22:24.4499610Z Temporarily overriding HOME='/home/runner/work/_temp/53d594ee-1216-4063-946d-ccfbb5c0c7f8' before making global git config changes
2026-01-20T00:22:24.4500927Z Adding repository directory to the temporary git global config as a safe directory
2026-01-20T00:22:24.4505494Z [command]/usr/bin/git config --global --add safe.directory /home/runner/work/build_qa_automation/build_qa_automation
2026-01-20T00:22:24.4545954Z [command]/usr/bin/git config --local --name-only --get-regexp core\.sshCommand
2026-01-20T00:22:24.4577599Z [command]/usr/bin/git submodule foreach --recursive sh -c "git config --local --name-only --get-regexp 'core\.sshCommand' && git config --local --unset-all 'core.sshCommand' || :"
2026-01-20T00:22:24.4898812Z [command]/usr/bin/git config --local --name-only --get-regexp http\.https\:\/\/github\.com\/\.extraheader
2026-01-20T00:22:24.4921199Z http.https://github.com/.extraheader
2026-01-20T00:22:24.4938047Z [command]/usr/bin/git config --local --unset-all http.https://github.com/.extraheader
2026-01-20T00:22:24.4970191Z [command]/usr/bin/git submodule foreach --recursive sh -c "git config --local --name-only --get-regexp 'http\.https\:\/\/github\.com\/\.extraheader' && git config --local --unset-all 'http.https://github.com/.extraheader' || :"
2026-01-20T00:22:24.5212283Z [command]/usr/bin/git config --local --name-only --get-regexp ^includeIf\.gitdir:
2026-01-20T00:22:24.5249338Z [command]/usr/bin/git submodule foreach --recursive git config --local --show-origin --name-only --get-regexp remote.origin.url
2026-01-20T00:22:24.5584695Z Cleaning up orphan processes
