2026-01-18T18:06:28.0757499Z Current runner version: '2.331.0'
2026-01-18T18:06:28.0781662Z ##[group]Runner Image Provisioner
2026-01-18T18:06:28.0782506Z Hosted Compute Agent
2026-01-18T18:06:28.0783066Z Version: 20251211.462
2026-01-18T18:06:28.0783719Z Commit: 6cbad8c2bb55d58165063d031ccabf57e2d2db61
2026-01-18T18:06:28.0784736Z Build Date: 2025-12-11T16:28:49Z
2026-01-18T18:06:28.0785413Z Worker ID: {a6e5c16c-7a3e-4ffe-9bfd-750a935758ca}
2026-01-18T18:06:28.0786071Z ##[endgroup]
2026-01-18T18:06:28.0786713Z ##[group]Operating System
2026-01-18T18:06:28.0787293Z Ubuntu
2026-01-18T18:06:28.0787696Z 24.04.3
2026-01-18T18:06:28.0788254Z LTS
2026-01-18T18:06:28.0788671Z ##[endgroup]
2026-01-18T18:06:28.0789186Z ##[group]Runner Image
2026-01-18T18:06:28.0789798Z Image: ubuntu-24.04
2026-01-18T18:06:28.0790291Z Version: 20260111.209.1
2026-01-18T18:06:28.0791337Z Included Software: https://github.com/actions/runner-images/blob/ubuntu24/20260111.209/images/ubuntu/Ubuntu2404-Readme.md
2026-01-18T18:06:28.0792853Z Image Release: https://github.com/actions/runner-images/releases/tag/ubuntu24%2F20260111.209
2026-01-18T18:06:28.0793930Z ##[endgroup]
2026-01-18T18:06:28.0795314Z ##[group]GITHUB_TOKEN Permissions
2026-01-18T18:06:28.0797625Z Contents: read
2026-01-18T18:06:28.0798161Z Metadata: read
2026-01-18T18:06:28.0798941Z Packages: read
2026-01-18T18:06:28.0799752Z ##[endgroup]
2026-01-18T18:06:28.0802272Z Secret source: Actions
2026-01-18T18:06:28.0803008Z Prepare workflow directory
2026-01-18T18:06:28.1141669Z Prepare all required actions
2026-01-18T18:06:28.1180275Z Getting action download info
2026-01-18T18:06:28.4663504Z Download action repository 'actions/checkout@v4' (SHA:34e114876b0b11c390a56381ad16ebd13914f8d5)
2026-01-18T18:06:28.5815754Z Download action repository 'actions/setup-python@v5' (SHA:a26af69be951a213d495a4c3e4e4022e16d87065)
2026-01-18T18:06:28.6683228Z Download action repository 'actions/upload-artifact@v4' (SHA:ea165f8d65b6e75b540449e92b4886f43607fa02)
2026-01-18T18:06:28.9055906Z Complete job name: test-complex-websites (demoqa_forms, https://demoqa.com/, Navigate to Forms, fill Practice Form w...
2026-01-18T18:06:28.9834731Z ##[group]Run actions/checkout@v4
2026-01-18T18:06:28.9835764Z with:
2026-01-18T18:06:28.9836293Z   repository: vishvasmca-cmd/build_qa_automation
2026-01-18T18:06:28.9837199Z   token: ***
2026-01-18T18:06:28.9837622Z   ssh-strict: true
2026-01-18T18:06:28.9838046Z   ssh-user: git
2026-01-18T18:06:28.9838483Z   persist-credentials: true
2026-01-18T18:06:28.9838964Z   clean: true
2026-01-18T18:06:28.9839391Z   sparse-checkout-cone-mode: true
2026-01-18T18:06:28.9839928Z   fetch-depth: 1
2026-01-18T18:06:28.9840344Z   fetch-tags: false
2026-01-18T18:06:28.9840773Z   show-progress: true
2026-01-18T18:06:28.9841263Z   lfs: false
2026-01-18T18:06:28.9841675Z   submodules: false
2026-01-18T18:06:28.9842125Z   set-safe-directory: true
2026-01-18T18:06:28.9842857Z ##[endgroup]
2026-01-18T18:06:29.1000698Z Syncing repository: vishvasmca-cmd/build_qa_automation
2026-01-18T18:06:29.1002835Z ##[group]Getting Git version info
2026-01-18T18:06:29.1003823Z Working directory is '/home/runner/work/build_qa_automation/build_qa_automation'
2026-01-18T18:06:29.1005393Z [command]/usr/bin/git version
2026-01-18T18:06:29.1127387Z git version 2.52.0
2026-01-18T18:06:29.1169655Z ##[endgroup]
2026-01-18T18:06:29.1189329Z Temporarily overriding HOME='/home/runner/work/_temp/b8e1a421-f343-47c2-b883-05d11d3381e2' before making global git config changes
2026-01-18T18:06:29.1191046Z Adding repository directory to the temporary git global config as a safe directory
2026-01-18T18:06:29.1208168Z [command]/usr/bin/git config --global --add safe.directory /home/runner/work/build_qa_automation/build_qa_automation
2026-01-18T18:06:29.1252176Z Deleting the contents of '/home/runner/work/build_qa_automation/build_qa_automation'
2026-01-18T18:06:29.1255636Z ##[group]Initializing the repository
2026-01-18T18:06:29.1260048Z [command]/usr/bin/git init /home/runner/work/build_qa_automation/build_qa_automation
2026-01-18T18:06:29.1369234Z hint: Using 'master' as the name for the initial branch. This default branch name
2026-01-18T18:06:29.1371631Z hint: will change to "main" in Git 3.0. To configure the initial branch name
2026-01-18T18:06:29.1373483Z hint: to use in all of your new repositories, which will suppress this warning,
2026-01-18T18:06:29.1375134Z hint: call:
2026-01-18T18:06:29.1375892Z hint:
2026-01-18T18:06:29.1376927Z hint: 	git config --global init.defaultBranch <name>
2026-01-18T18:06:29.1378095Z hint:
2026-01-18T18:06:29.1379229Z hint: Names commonly chosen instead of 'master' are 'main', 'trunk' and
2026-01-18T18:06:29.1381062Z hint: 'development'. The just-created branch can be renamed via this command:
2026-01-18T18:06:29.1382469Z hint:
2026-01-18T18:06:29.1383209Z hint: 	git branch -m <name>
2026-01-18T18:06:29.1384070Z hint:
2026-01-18T18:06:29.1385505Z hint: Disable this message with "git config set advice.defaultBranchName false"
2026-01-18T18:06:29.1387819Z Initialized empty Git repository in /home/runner/work/build_qa_automation/build_qa_automation/.git/
2026-01-18T18:06:29.1391505Z [command]/usr/bin/git remote add origin https://github.com/vishvasmca-cmd/build_qa_automation
2026-01-18T18:06:29.1423310Z ##[endgroup]
2026-01-18T18:06:29.1424993Z ##[group]Disabling automatic garbage collection
2026-01-18T18:06:29.1427877Z [command]/usr/bin/git config --local gc.auto 0
2026-01-18T18:06:29.1463484Z ##[endgroup]
2026-01-18T18:06:29.1466007Z ##[group]Setting up auth
2026-01-18T18:06:29.1471863Z [command]/usr/bin/git config --local --name-only --get-regexp core\.sshCommand
2026-01-18T18:06:29.1506832Z [command]/usr/bin/git submodule foreach --recursive sh -c "git config --local --name-only --get-regexp 'core\.sshCommand' && git config --local --unset-all 'core.sshCommand' || :"
2026-01-18T18:06:29.1873409Z [command]/usr/bin/git config --local --name-only --get-regexp http\.https\:\/\/github\.com\/\.extraheader
2026-01-18T18:06:29.1904367Z [command]/usr/bin/git submodule foreach --recursive sh -c "git config --local --name-only --get-regexp 'http\.https\:\/\/github\.com\/\.extraheader' && git config --local --unset-all 'http.https://github.com/.extraheader' || :"
2026-01-18T18:06:29.2123677Z [command]/usr/bin/git config --local --name-only --get-regexp ^includeIf\.gitdir:
2026-01-18T18:06:29.2154594Z [command]/usr/bin/git submodule foreach --recursive git config --local --show-origin --name-only --get-regexp remote.origin.url
2026-01-18T18:06:29.2402916Z [command]/usr/bin/git config --local http.https://github.com/.extraheader AUTHORIZATION: basic ***
2026-01-18T18:06:29.2438234Z ##[endgroup]
2026-01-18T18:06:29.2439697Z ##[group]Fetching the repository
2026-01-18T18:06:29.2448109Z [command]/usr/bin/git -c protocol.version=2 fetch --no-tags --prune --no-recurse-submodules --depth=1 origin +60ac9e3ee9f645cb9efe67f9b3ac8059454afffe:refs/remotes/origin/main
2026-01-18T18:06:29.8930072Z From https://github.com/vishvasmca-cmd/build_qa_automation
2026-01-18T18:06:29.8931674Z  * [new ref]         60ac9e3ee9f645cb9efe67f9b3ac8059454afffe -> origin/main
2026-01-18T18:06:29.8964493Z ##[endgroup]
2026-01-18T18:06:29.8966304Z ##[group]Determining the checkout info
2026-01-18T18:06:29.8970188Z ##[endgroup]
2026-01-18T18:06:29.8972839Z [command]/usr/bin/git sparse-checkout disable
2026-01-18T18:06:29.9021213Z [command]/usr/bin/git config --local --unset-all extensions.worktreeConfig
2026-01-18T18:06:29.9048644Z ##[group]Checking out the ref
2026-01-18T18:06:29.9051781Z [command]/usr/bin/git checkout --progress --force -B main refs/remotes/origin/main
2026-01-18T18:06:30.0056025Z Switched to a new branch 'main'
2026-01-18T18:06:30.0057982Z branch 'main' set up to track 'origin/main'.
2026-01-18T18:06:30.0106281Z ##[endgroup]
2026-01-18T18:06:30.0110694Z [command]/usr/bin/git log -1 --format=%H
2026-01-18T18:06:30.0133393Z 60ac9e3ee9f645cb9efe67f9b3ac8059454afffe
2026-01-18T18:06:30.0458794Z ##[group]Run actions/setup-python@v5
2026-01-18T18:06:30.0459969Z with:
2026-01-18T18:06:30.0460795Z   python-version: 3.11
2026-01-18T18:06:30.0461744Z   cache: pip
2026-01-18T18:06:30.0462836Z   check-latest: false
2026-01-18T18:06:30.0464069Z   token: ***
2026-01-18T18:06:30.0465108Z   update-environment: true
2026-01-18T18:06:30.0466170Z   allow-prereleases: false
2026-01-18T18:06:30.0467239Z   freethreaded: false
2026-01-18T18:06:30.0468159Z ##[endgroup]
2026-01-18T18:06:30.2129682Z ##[group]Installed versions
2026-01-18T18:06:30.2248915Z Successfully set up CPython (3.11.14)
2026-01-18T18:06:30.2251471Z ##[endgroup]
2026-01-18T18:06:30.2742014Z [command]/opt/hostedtoolcache/Python/3.11.14/x64/bin/pip cache dir
2026-01-18T18:06:31.6556348Z /home/runner/.cache/pip
2026-01-18T18:06:31.7999557Z Cache hit for: setup-python-Linux-x64-24.04-Ubuntu-python-3.11.14-pip-dde08d0e0b672972dcda9f1a063036a2e0c226f5d0a20362e9401931676d80a4
2026-01-18T18:06:32.9051072Z Received 134217728 of 254742636 (52.7%), 127.9 MBs/sec
2026-01-18T18:06:33.4221705Z Received 254742636 of 254742636 (100.0%), 160.0 MBs/sec
2026-01-18T18:06:33.4223277Z Cache Size: ~243 MB (254742636 B)
2026-01-18T18:06:33.4263683Z [command]/usr/bin/tar -xf /home/runner/work/_temp/6ed36e02-6edf-428c-b2c4-fe968005d69d/cache.tzst -P -C /home/runner/work/build_qa_automation/build_qa_automation --use-compress-program unzstd
2026-01-18T18:06:33.8154433Z Cache restored successfully
2026-01-18T18:06:33.8685337Z Cache restored from key: setup-python-Linux-x64-24.04-Ubuntu-python-3.11.14-pip-dde08d0e0b672972dcda9f1a063036a2e0c226f5d0a20362e9401931676d80a4
2026-01-18T18:06:33.8942100Z ##[group]Run pip install -r requirements.txt
2026-01-18T18:06:33.8942603Z [36;1mpip install -r requirements.txt[0m
2026-01-18T18:06:33.8942894Z [36;1mplaywright install chromium[0m
2026-01-18T18:06:33.8981427Z shell: /usr/bin/bash -e {0}
2026-01-18T18:06:33.8981687Z env:
2026-01-18T18:06:33.8981946Z   pythonLocation: /opt/hostedtoolcache/Python/3.11.14/x64
2026-01-18T18:06:33.8982416Z   PKG_CONFIG_PATH: /opt/hostedtoolcache/Python/3.11.14/x64/lib/pkgconfig
2026-01-18T18:06:33.8982876Z   Python_ROOT_DIR: /opt/hostedtoolcache/Python/3.11.14/x64
2026-01-18T18:06:33.8983262Z   Python2_ROOT_DIR: /opt/hostedtoolcache/Python/3.11.14/x64
2026-01-18T18:06:33.8983631Z   Python3_ROOT_DIR: /opt/hostedtoolcache/Python/3.11.14/x64
2026-01-18T18:06:33.8984011Z   LD_LIBRARY_PATH: /opt/hostedtoolcache/Python/3.11.14/x64/lib
2026-01-18T18:06:33.8984674Z ##[endgroup]
2026-01-18T18:06:35.1311466Z Collecting playwright (from -r requirements.txt (line 1))
2026-01-18T18:06:35.1328235Z   Using cached playwright-1.57.0-py3-none-manylinux1_x86_64.whl.metadata (3.5 kB)
2026-01-18T18:06:35.1484735Z Collecting python-dotenv (from -r requirements.txt (line 2))
2026-01-18T18:06:35.1499526Z   Using cached python_dotenv-1.2.1-py3-none-any.whl.metadata (25 kB)
2026-01-18T18:06:35.1753598Z Collecting requests (from -r requirements.txt (line 3))
2026-01-18T18:06:35.1768090Z   Using cached requests-2.32.5-py3-none-any.whl.metadata (4.9 kB)
2026-01-18T18:06:35.3544935Z Collecting pillow (from -r requirements.txt (line 4))
2026-01-18T18:06:35.3562325Z   Using cached pillow-12.1.0-cp311-cp311-manylinux_2_27_x86_64.manylinux_2_28_x86_64.whl.metadata (8.8 kB)
2026-01-18T18:06:35.3838729Z Collecting google-genai>=0.3.0 (from -r requirements.txt (line 5))
2026-01-18T18:06:35.3853786Z   Using cached google_genai-1.59.0-py3-none-any.whl.metadata (53 kB)
2026-01-18T18:06:35.3995091Z Collecting termcolor (from -r requirements.txt (line 6))
2026-01-18T18:06:35.4009543Z   Using cached termcolor-3.3.0-py3-none-any.whl.metadata (6.5 kB)
2026-01-18T18:06:35.4355498Z Collecting PyYAML (from -r requirements.txt (line 7))
2026-01-18T18:06:35.4371451Z   Using cached pyyaml-6.0.3-cp311-cp311-manylinux2014_x86_64.manylinux_2_17_x86_64.manylinux_2_28_x86_64.whl.metadata (2.4 kB)
2026-01-18T18:06:35.4943348Z Collecting opencv-python-headless (from -r requirements.txt (line 8))
2026-01-18T18:06:35.4959338Z   Using cached opencv_python_headless-4.13.0.90-cp37-abi3-manylinux_2_28_x86_64.whl.metadata (19 kB)
2026-01-18T18:06:35.6874481Z Collecting numpy (from -r requirements.txt (line 9))
2026-01-18T18:06:35.6890569Z   Using cached numpy-2.4.1-cp311-cp311-manylinux_2_27_x86_64.manylinux_2_28_x86_64.whl.metadata (6.6 kB)
2026-01-18T18:06:35.7641261Z Collecting faker (from -r requirements.txt (line 10))
2026-01-18T18:06:35.7655669Z   Using cached faker-40.1.2-py3-none-any.whl.metadata (16 kB)
2026-01-18T18:06:35.7825250Z Collecting pyee<14,>=13 (from playwright->-r requirements.txt (line 1))
2026-01-18T18:06:35.7838874Z   Using cached pyee-13.0.0-py3-none-any.whl.metadata (2.9 kB)
2026-01-18T18:06:35.9003291Z Collecting greenlet<4.0.0,>=3.1.1 (from playwright->-r requirements.txt (line 1))
2026-01-18T18:06:35.9020063Z   Using cached greenlet-3.3.0-cp311-cp311-manylinux_2_24_x86_64.manylinux_2_28_x86_64.whl.metadata (4.1 kB)
2026-01-18T18:06:35.9188062Z Collecting typing-extensions (from pyee<14,>=13->playwright->-r requirements.txt (line 1))
2026-01-18T18:06:35.9202629Z   Using cached typing_extensions-4.15.0-py3-none-any.whl.metadata (3.3 kB)
2026-01-18T18:06:35.9999561Z Collecting charset_normalizer<4,>=2 (from requests->-r requirements.txt (line 3))
2026-01-18T18:06:36.0015482Z   Using cached charset_normalizer-3.4.4-cp311-cp311-manylinux2014_x86_64.manylinux_2_17_x86_64.manylinux_2_28_x86_64.whl.metadata (37 kB)
2026-01-18T18:06:36.0155011Z Collecting idna<4,>=2.5 (from requests->-r requirements.txt (line 3))
2026-01-18T18:06:36.0168533Z   Using cached idna-3.11-py3-none-any.whl.metadata (8.4 kB)
2026-01-18T18:06:36.0427190Z Collecting urllib3<3,>=1.21.1 (from requests->-r requirements.txt (line 3))
2026-01-18T18:06:36.0445720Z   Using cached urllib3-2.6.3-py3-none-any.whl.metadata (6.9 kB)
2026-01-18T18:06:36.0639920Z Collecting certifi>=2017.4.17 (from requests->-r requirements.txt (line 3))
2026-01-18T18:06:36.0653555Z   Using cached certifi-2026.1.4-py3-none-any.whl.metadata (2.5 kB)
2026-01-18T18:06:36.0851363Z Collecting anyio<5.0.0,>=4.8.0 (from google-genai>=0.3.0->-r requirements.txt (line 5))
2026-01-18T18:06:36.0864558Z   Using cached anyio-4.12.1-py3-none-any.whl.metadata (4.3 kB)
2026-01-18T18:06:36.1227220Z Collecting google-auth<3.0.0,>=2.47.0 (from google-auth[requests]<3.0.0,>=2.47.0->google-genai>=0.3.0->-r requirements.txt (line 5))
2026-01-18T18:06:36.1239951Z   Using cached google_auth-2.47.0-py3-none-any.whl.metadata (6.4 kB)
2026-01-18T18:06:36.1455910Z Collecting httpx<1.0.0,>=0.28.1 (from google-genai>=0.3.0->-r requirements.txt (line 5))
2026-01-18T18:06:36.1468725Z   Using cached httpx-0.28.1-py3-none-any.whl.metadata (7.1 kB)
2026-01-18T18:06:36.2876528Z Collecting pydantic<3.0.0,>=2.9.0 (from google-genai>=0.3.0->-r requirements.txt (line 5))
2026-01-18T18:06:36.2891013Z   Using cached pydantic-2.12.5-py3-none-any.whl.metadata (90 kB)
2026-01-18T18:06:36.3152946Z Collecting tenacity<9.2.0,>=8.2.3 (from google-genai>=0.3.0->-r requirements.txt (line 5))
2026-01-18T18:06:36.3165846Z   Using cached tenacity-9.1.2-py3-none-any.whl.metadata (1.2 kB)
2026-01-18T18:06:36.4011951Z Collecting websockets<15.1.0,>=13.0.0 (from google-genai>=0.3.0->-r requirements.txt (line 5))
2026-01-18T18:06:36.4026647Z   Using cached websockets-15.0.1-cp311-cp311-manylinux_2_5_x86_64.manylinux1_x86_64.manylinux_2_17_x86_64.manylinux2014_x86_64.whl.metadata (6.8 kB)
2026-01-18T18:06:36.4177154Z Collecting distro<2,>=1.7.0 (from google-genai>=0.3.0->-r requirements.txt (line 5))
2026-01-18T18:06:36.4189790Z   Using cached distro-1.9.0-py3-none-any.whl.metadata (6.8 kB)
2026-01-18T18:06:36.4268693Z Collecting sniffio (from google-genai>=0.3.0->-r requirements.txt (line 5))
2026-01-18T18:06:36.4281562Z   Using cached sniffio-1.3.1-py3-none-any.whl.metadata (3.9 kB)
2026-01-18T18:06:36.4541014Z Collecting pyasn1-modules>=0.2.1 (from google-auth<3.0.0,>=2.47.0->google-auth[requests]<3.0.0,>=2.47.0->google-genai>=0.3.0->-r requirements.txt (line 5))
2026-01-18T18:06:36.4553789Z   Using cached pyasn1_modules-0.4.2-py3-none-any.whl.metadata (3.5 kB)
2026-01-18T18:06:36.4684384Z Collecting rsa<5,>=3.1.4 (from google-auth<3.0.0,>=2.47.0->google-auth[requests]<3.0.0,>=2.47.0->google-genai>=0.3.0->-r requirements.txt (line 5))
2026-01-18T18:06:36.4697651Z   Using cached rsa-4.9.1-py3-none-any.whl.metadata (5.6 kB)
2026-01-18T18:06:36.4980307Z Collecting httpcore==1.* (from httpx<1.0.0,>=0.28.1->google-genai>=0.3.0->-r requirements.txt (line 5))
2026-01-18T18:06:36.4993480Z   Using cached httpcore-1.0.9-py3-none-any.whl.metadata (21 kB)
2026-01-18T18:06:36.5105098Z Collecting h11>=0.16 (from httpcore==1.*->httpx<1.0.0,>=0.28.1->google-genai>=0.3.0->-r requirements.txt (line 5))
2026-01-18T18:06:36.5117740Z   Using cached h11-0.16.0-py3-none-any.whl.metadata (8.3 kB)
2026-01-18T18:06:36.5210175Z Collecting annotated-types>=0.6.0 (from pydantic<3.0.0,>=2.9.0->google-genai>=0.3.0->-r requirements.txt (line 5))
2026-01-18T18:06:36.5222869Z   Using cached annotated_types-0.7.0-py3-none-any.whl.metadata (15 kB)
2026-01-18T18:06:37.1623949Z Collecting pydantic-core==2.41.5 (from pydantic<3.0.0,>=2.9.0->google-genai>=0.3.0->-r requirements.txt (line 5))
2026-01-18T18:06:37.1640809Z   Using cached pydantic_core-2.41.5-cp311-cp311-manylinux_2_17_x86_64.manylinux2014_x86_64.whl.metadata (7.3 kB)
2026-01-18T18:06:37.1757841Z Collecting typing-inspection>=0.4.2 (from pydantic<3.0.0,>=2.9.0->google-genai>=0.3.0->-r requirements.txt (line 5))
2026-01-18T18:06:37.1771299Z   Using cached typing_inspection-0.4.2-py3-none-any.whl.metadata (2.6 kB)
2026-01-18T18:06:37.2418451Z Collecting pyasn1>=0.1.3 (from rsa<5,>=3.1.4->google-auth<3.0.0,>=2.47.0->google-auth[requests]<3.0.0,>=2.47.0->google-genai>=0.3.0->-r requirements.txt (line 5))
2026-01-18T18:06:37.2433851Z   Using cached pyasn1-0.6.2-py3-none-any.whl.metadata (8.4 kB)
2026-01-18T18:06:37.2716450Z Using cached playwright-1.57.0-py3-none-manylinux1_x86_64.whl (46.0 MB)
2026-01-18T18:06:37.3058027Z Using cached greenlet-3.3.0-cp311-cp311-manylinux_2_24_x86_64.manylinux_2_28_x86_64.whl (590 kB)
2026-01-18T18:06:37.3074722Z Using cached pyee-13.0.0-py3-none-any.whl (15 kB)
2026-01-18T18:06:37.3088353Z Using cached python_dotenv-1.2.1-py3-none-any.whl (21 kB)
2026-01-18T18:06:37.3101620Z Using cached requests-2.32.5-py3-none-any.whl (64 kB)
2026-01-18T18:06:37.3115732Z Using cached charset_normalizer-3.4.4-cp311-cp311-manylinux2014_x86_64.manylinux_2_17_x86_64.manylinux_2_28_x86_64.whl (151 kB)
2026-01-18T18:06:37.3129523Z Using cached idna-3.11-py3-none-any.whl (71 kB)
2026-01-18T18:06:37.3142905Z Using cached urllib3-2.6.3-py3-none-any.whl (131 kB)
2026-01-18T18:06:37.3157357Z Using cached pillow-12.1.0-cp311-cp311-manylinux_2_27_x86_64.manylinux_2_28_x86_64.whl (7.0 MB)
2026-01-18T18:06:37.3219053Z Using cached google_genai-1.59.0-py3-none-any.whl (719 kB)
2026-01-18T18:06:37.3236801Z Using cached anyio-4.12.1-py3-none-any.whl (113 kB)
2026-01-18T18:06:37.3250416Z Using cached distro-1.9.0-py3-none-any.whl (20 kB)
2026-01-18T18:06:37.3263498Z Using cached google_auth-2.47.0-py3-none-any.whl (234 kB)
2026-01-18T18:06:37.3278062Z Using cached httpx-0.28.1-py3-none-any.whl (73 kB)
2026-01-18T18:06:37.3291417Z Using cached httpcore-1.0.9-py3-none-any.whl (78 kB)
2026-01-18T18:06:37.3304949Z Using cached pydantic-2.12.5-py3-none-any.whl (463 kB)
2026-01-18T18:06:37.3321578Z Using cached pydantic_core-2.41.5-cp311-cp311-manylinux_2_17_x86_64.manylinux2014_x86_64.whl (2.1 MB)
2026-01-18T18:06:37.3348894Z Using cached rsa-4.9.1-py3-none-any.whl (34 kB)
2026-01-18T18:06:37.3361977Z Using cached tenacity-9.1.2-py3-none-any.whl (28 kB)
2026-01-18T18:06:37.3377840Z Using cached typing_extensions-4.15.0-py3-none-any.whl (44 kB)
2026-01-18T18:06:37.3391865Z Using cached websockets-15.0.1-cp311-cp311-manylinux_2_5_x86_64.manylinux1_x86_64.manylinux_2_17_x86_64.manylinux2014_x86_64.whl (182 kB)
2026-01-18T18:06:37.3405821Z Using cached termcolor-3.3.0-py3-none-any.whl (7.7 kB)
2026-01-18T18:06:37.3419349Z Using cached pyyaml-6.0.3-cp311-cp311-manylinux2014_x86_64.manylinux_2_17_x86_64.manylinux_2_28_x86_64.whl (806 kB)
2026-01-18T18:06:37.3438092Z Using cached opencv_python_headless-4.13.0.90-cp37-abi3-manylinux_2_28_x86_64.whl (62.5 MB)
2026-01-18T18:06:37.3888242Z Using cached numpy-2.4.1-cp311-cp311-manylinux_2_27_x86_64.manylinux_2_28_x86_64.whl (16.7 MB)
2026-01-18T18:06:37.4017274Z Using cached faker-40.1.2-py3-none-any.whl (2.0 MB)
2026-01-18T18:06:37.4044383Z Using cached annotated_types-0.7.0-py3-none-any.whl (13 kB)
2026-01-18T18:06:37.4057560Z Using cached certifi-2026.1.4-py3-none-any.whl (152 kB)
2026-01-18T18:06:37.4071549Z Using cached h11-0.16.0-py3-none-any.whl (37 kB)
2026-01-18T18:06:37.4085064Z Using cached pyasn1-0.6.2-py3-none-any.whl (83 kB)
2026-01-18T18:06:37.4098615Z Using cached pyasn1_modules-0.4.2-py3-none-any.whl (181 kB)
2026-01-18T18:06:37.4112771Z Using cached typing_inspection-0.4.2-py3-none-any.whl (14 kB)
2026-01-18T18:06:37.4126320Z Using cached sniffio-1.3.1-py3-none-any.whl (10 kB)
2026-01-18T18:06:37.6215875Z Installing collected packages: websockets, urllib3, typing-extensions, termcolor, tenacity, sniffio, PyYAML, python-dotenv, pyasn1, pillow, numpy, idna, h11, greenlet, faker, distro, charset_normalizer, certifi, annotated-types, typing-inspection, rsa, requests, pyee, pydantic-core, pyasn1-modules, opencv-python-headless, httpcore, anyio, pydantic, playwright, httpx, google-auth, google-genai
2026-01-18T18:06:44.3552944Z 
2026-01-18T18:06:44.3575658Z Successfully installed PyYAML-6.0.3 annotated-types-0.7.0 anyio-4.12.1 certifi-2026.1.4 charset_normalizer-3.4.4 distro-1.9.0 faker-40.1.2 google-auth-2.47.0 google-genai-1.59.0 greenlet-3.3.0 h11-0.16.0 httpcore-1.0.9 httpx-0.28.1 idna-3.11 numpy-2.4.1 opencv-python-headless-4.13.0.90 pillow-12.1.0 playwright-1.57.0 pyasn1-0.6.2 pyasn1-modules-0.4.2 pydantic-2.12.5 pydantic-core-2.41.5 pyee-13.0.0 python-dotenv-1.2.1 requests-2.32.5 rsa-4.9.1 sniffio-1.3.1 tenacity-9.1.2 termcolor-3.3.0 typing-extensions-4.15.0 typing-inspection-0.4.2 urllib3-2.6.3 websockets-15.0.1
2026-01-18T18:06:44.9335163Z Downloading Chromium 143.0.7499.4 (playwright build v1200) from https://cdn.playwright.dev/dbazure/download/playwright/builds/chromium/1200/chromium-linux.zip
2026-01-18T18:06:45.0292754Z (node:2206) [DEP0169] DeprecationWarning: `url.parse()` behavior is not standardized and prone to errors that have security implications. Use the WHATWG URL API instead. CVEs are not issued for `url.parse()` vulnerabilities.
2026-01-18T18:06:45.0294696Z (Use `node --trace-deprecation ...` to show where the warning was created)
2026-01-18T18:06:45.1214819Z |                                                                                |   0% of 164.7 MiB
2026-01-18T18:06:45.2778175Z |■■■■■■■■                                                                        |  10% of 164.7 MiB
2026-01-18T18:06:45.3660687Z |■■■■■■■■■■■■■■■■                                                                |  20% of 164.7 MiB
2026-01-18T18:06:45.4526793Z |■■■■■■■■■■■■■■■■■■■■■■■■                                                        |  30% of 164.7 MiB
2026-01-18T18:06:45.5316230Z |■■■■■■■■■■■■■■■■■■■■■■■■■■■■■■■■                                                |  40% of 164.7 MiB
2026-01-18T18:06:45.6354329Z |■■■■■■■■■■■■■■■■■■■■■■■■■■■■■■■■■■■■■■■■                                        |  50% of 164.7 MiB
2026-01-18T18:06:45.7087668Z |■■■■■■■■■■■■■■■■■■■■■■■■■■■■■■■■■■■■■■■■■■■■■■■■                                |  60% of 164.7 MiB
2026-01-18T18:06:45.7945039Z |■■■■■■■■■■■■■■■■■■■■■■■■■■■■■■■■■■■■■■■■■■■■■■■■■■■■■■■■                        |  70% of 164.7 MiB
2026-01-18T18:06:45.8655553Z |■■■■■■■■■■■■■■■■■■■■■■■■■■■■■■■■■■■■■■■■■■■■■■■■■■■■■■■■■■■■■■■■                |  80% of 164.7 MiB
2026-01-18T18:06:45.9562902Z |■■■■■■■■■■■■■■■■■■■■■■■■■■■■■■■■■■■■■■■■■■■■■■■■■■■■■■■■■■■■■■■■■■■■■■■■        |  90% of 164.7 MiB
2026-01-18T18:06:46.0391800Z |■■■■■■■■■■■■■■■■■■■■■■■■■■■■■■■■■■■■■■■■■■■■■■■■■■■■■■■■■■■■■■■■■■■■■■■■■■■■■■■■| 100% of 164.7 MiB
2026-01-18T18:06:48.5543627Z Chromium 143.0.7499.4 (playwright build v1200) downloaded to /home/runner/.cache/ms-playwright/chromium-1200
2026-01-18T18:06:48.5548539Z Downloading FFMPEG playwright build v1011 from https://cdn.playwright.dev/dbazure/download/playwright/builds/ffmpeg/1011/ffmpeg-linux.zip
2026-01-18T18:06:48.6542552Z (node:2217) [DEP0169] DeprecationWarning: `url.parse()` behavior is not standardized and prone to errors that have security implications. Use the WHATWG URL API instead. CVEs are not issued for `url.parse()` vulnerabilities.
2026-01-18T18:06:48.6545039Z (Use `node --trace-deprecation ...` to show where the warning was created)
2026-01-18T18:06:48.7087247Z |                                                                                |   0% of 2.3 MiB
2026-01-18T18:06:48.7145178Z |■■■■■■■■                                                                        |  10% of 2.3 MiB
2026-01-18T18:06:48.7170610Z |■■■■■■■■■■■■■■■■                                                                |  20% of 2.3 MiB
2026-01-18T18:06:48.7211780Z |■■■■■■■■■■■■■■■■■■■■■■■■                                                        |  30% of 2.3 MiB
2026-01-18T18:06:48.7272813Z |■■■■■■■■■■■■■■■■■■■■■■■■■■■■■■■■                                                |  40% of 2.3 MiB
2026-01-18T18:06:48.7303833Z |■■■■■■■■■■■■■■■■■■■■■■■■■■■■■■■■■■■■■■■■                                        |  50% of 2.3 MiB
2026-01-18T18:06:48.7313238Z |■■■■■■■■■■■■■■■■■■■■■■■■■■■■■■■■■■■■■■■■■■■■■■■■                                |  60% of 2.3 MiB
2026-01-18T18:06:48.7334362Z |■■■■■■■■■■■■■■■■■■■■■■■■■■■■■■■■■■■■■■■■■■■■■■■■■■■■■■■■                        |  70% of 2.3 MiB
2026-01-18T18:06:48.7350656Z |■■■■■■■■■■■■■■■■■■■■■■■■■■■■■■■■■■■■■■■■■■■■■■■■■■■■■■■■■■■■■■■■                |  80% of 2.3 MiB
2026-01-18T18:06:48.7375137Z |■■■■■■■■■■■■■■■■■■■■■■■■■■■■■■■■■■■■■■■■■■■■■■■■■■■■■■■■■■■■■■■■■■■■■■■■        |  90% of 2.3 MiB
2026-01-18T18:06:48.7384880Z |■■■■■■■■■■■■■■■■■■■■■■■■■■■■■■■■■■■■■■■■■■■■■■■■■■■■■■■■■■■■■■■■■■■■■■■■■■■■■■■■| 100% of 2.3 MiB
2026-01-18T18:06:48.7991190Z FFMPEG playwright build v1011 downloaded to /home/runner/.cache/ms-playwright/ffmpeg-1011
2026-01-18T18:06:48.7995584Z Downloading Chromium Headless Shell 143.0.7499.4 (playwright build v1200) from https://cdn.playwright.dev/dbazure/download/playwright/builds/chromium/1200/chromium-headless-shell-linux.zip
2026-01-18T18:06:48.9015588Z (node:2228) [DEP0169] DeprecationWarning: `url.parse()` behavior is not standardized and prone to errors that have security implications. Use the WHATWG URL API instead. CVEs are not issued for `url.parse()` vulnerabilities.
2026-01-18T18:06:48.9017445Z (Use `node --trace-deprecation ...` to show where the warning was created)
2026-01-18T18:06:48.9766862Z |                                                                                |   0% of 109.7 MiB
2026-01-18T18:06:49.1160994Z |■■■■■■■■                                                                        |  10% of 109.7 MiB
2026-01-18T18:06:49.2135556Z |■■■■■■■■■■■■■■■■                                                                |  20% of 109.7 MiB
2026-01-18T18:06:49.3079418Z |■■■■■■■■■■■■■■■■■■■■■■■■                                                        |  30% of 109.7 MiB
2026-01-18T18:06:49.4009855Z |■■■■■■■■■■■■■■■■■■■■■■■■■■■■■■■■                                                |  40% of 109.7 MiB
2026-01-18T18:06:49.4986922Z |■■■■■■■■■■■■■■■■■■■■■■■■■■■■■■■■■■■■■■■■                                        |  50% of 109.7 MiB
2026-01-18T18:06:49.5763441Z |■■■■■■■■■■■■■■■■■■■■■■■■■■■■■■■■■■■■■■■■■■■■■■■■                                |  60% of 109.7 MiB
2026-01-18T18:06:49.6568084Z |■■■■■■■■■■■■■■■■■■■■■■■■■■■■■■■■■■■■■■■■■■■■■■■■■■■■■■■■                        |  70% of 109.7 MiB
2026-01-18T18:06:49.7330625Z |■■■■■■■■■■■■■■■■■■■■■■■■■■■■■■■■■■■■■■■■■■■■■■■■■■■■■■■■■■■■■■■■                |  80% of 109.7 MiB
2026-01-18T18:06:49.8243136Z |■■■■■■■■■■■■■■■■■■■■■■■■■■■■■■■■■■■■■■■■■■■■■■■■■■■■■■■■■■■■■■■■■■■■■■■■        |  90% of 109.7 MiB
2026-01-18T18:06:49.9031696Z |■■■■■■■■■■■■■■■■■■■■■■■■■■■■■■■■■■■■■■■■■■■■■■■■■■■■■■■■■■■■■■■■■■■■■■■■■■■■■■■■| 100% of 109.7 MiB
2026-01-18T18:06:51.8935121Z Chromium Headless Shell 143.0.7499.4 (playwright build v1200) downloaded to /home/runner/.cache/ms-playwright/chromium_headless_shell-1200
2026-01-18T18:06:51.9197292Z ##[group]Run mkdir -p projects/ci_demoqa_forms
2026-01-18T18:06:51.9197916Z [36;1mmkdir -p projects/ci_demoqa_forms[0m
2026-01-18T18:06:51.9198560Z [36;1mcat > projects/ci_demoqa_forms/config.json << 'EOF'[0m
2026-01-18T18:06:51.9199091Z [36;1m{[0m
2026-01-18T18:06:51.9199426Z [36;1m  "project_name": "ci_demoqa_forms",[0m
2026-01-18T18:06:51.9199963Z [36;1m  "target_url": "https://demoqa.com/",[0m
2026-01-18T18:06:51.9201040Z [36;1m  "goal": "Navigate to Forms, fill Practice Form with all fields (name, email, gender, mobile, subjects, hobbies, address), submit",[0m
2026-01-18T18:06:51.9202068Z [36;1m  "max_steps": 15,[0m
2026-01-18T18:06:51.9202434Z [36;1m  "headless": true[0m
2026-01-18T18:06:51.9202780Z [36;1m}[0m
2026-01-18T18:06:51.9203062Z [36;1mEOF[0m
2026-01-18T18:06:51.9244002Z shell: /usr/bin/bash -e {0}
2026-01-18T18:06:51.9244530Z env:
2026-01-18T18:06:51.9244943Z   pythonLocation: /opt/hostedtoolcache/Python/3.11.14/x64
2026-01-18T18:06:51.9245730Z   PKG_CONFIG_PATH: /opt/hostedtoolcache/Python/3.11.14/x64/lib/pkgconfig
2026-01-18T18:06:51.9246466Z   Python_ROOT_DIR: /opt/hostedtoolcache/Python/3.11.14/x64
2026-01-18T18:06:51.9247118Z   Python2_ROOT_DIR: /opt/hostedtoolcache/Python/3.11.14/x64
2026-01-18T18:06:51.9247773Z   Python3_ROOT_DIR: /opt/hostedtoolcache/Python/3.11.14/x64
2026-01-18T18:06:51.9248432Z   LD_LIBRARY_PATH: /opt/hostedtoolcache/Python/3.11.14/x64/lib
2026-01-18T18:06:51.9248972Z ##[endgroup]
2026-01-18T18:06:51.9699472Z ##[group]Run # Use the new Orchestrator with refined exploration.
2026-01-18T18:06:51.9699942Z [36;1m# Use the new Orchestrator with refined exploration.[0m
2026-01-18T18:06:51.9700370Z [36;1m# We don't use --deep here to keep CI fast (1 scenario vs 5), [0m
2026-01-18T18:06:51.9700811Z [36;1m# but we benefit from the new iterative & self-healing explorer.py[0m
2026-01-18T18:06:51.9701297Z [36;1mpython orchestrator.py --project projects/ci_demoqa_forms --force[0m
2026-01-18T18:06:51.9731820Z shell: /usr/bin/bash -e {0}
2026-01-18T18:06:51.9732067Z env:
2026-01-18T18:06:51.9732317Z   pythonLocation: /opt/hostedtoolcache/Python/3.11.14/x64
2026-01-18T18:06:51.9732918Z   PKG_CONFIG_PATH: /opt/hostedtoolcache/Python/3.11.14/x64/lib/pkgconfig
2026-01-18T18:06:51.9733345Z   Python_ROOT_DIR: /opt/hostedtoolcache/Python/3.11.14/x64
2026-01-18T18:06:51.9733722Z   Python2_ROOT_DIR: /opt/hostedtoolcache/Python/3.11.14/x64
2026-01-18T18:06:51.9734450Z   Python3_ROOT_DIR: /opt/hostedtoolcache/Python/3.11.14/x64
2026-01-18T18:06:51.9734851Z   LD_LIBRARY_PATH: /opt/hostedtoolcache/Python/3.11.14/x64/lib
2026-01-18T18:06:51.9735323Z   GOOGLE_API_KEY: ***
2026-01-18T18:06:51.9735521Z   PYTHONPATH: .
2026-01-18T18:06:51.9735710Z ##[endgroup]
2026-01-18T18:06:57.2592970Z 
2026-01-18T18:06:57.2594006Z [PLAN] PLANNER: Planning goal -> 'Navigate to Forms, fill Practice Form with all fields (name, email, gender, mobile, subjects, hobbies, address), submit' (Deep Mode: False)
2026-01-18T18:06:57.2596167Z 🎭 [EXPERT] Detected Domain: GENERAL. Persona: Act as Senior SDET focusing on exploring the application to understand functional flow and identifying critical paths for end-to-end automation
2026-01-18T18:06:57.2597268Z [DEBUG] Sending request to gemini-2.0-flash. Number of parts: 1
2026-01-18T18:06:57.2597693Z [DEBUG] Received response (Length: 2170)
2026-01-18T18:06:57.2598118Z ✅ Planner generated 1 scenarios. Workflow updated.
2026-01-18T18:06:58.2497859Z 
2026-01-18T18:06:58.2498901Z 🧭 [EXPLORE] Starting AI-Guided Exploration & Mining
2026-01-18T18:06:58.2499547Z 📍 Project: ci_demoqa_forms
2026-01-18T18:06:59.6235468Z 
2026-01-18T18:06:59.6236119Z --- Exploring Scenario: Fill and Submit Practice Form ---
2026-01-18T18:06:59.6238349Z     🧠 Initialized exploration context for goal: 'Navigate to Forms, fill Practice Form with all fields (name, email, gender, mobile, subjects, hobbies, address), submit'
2026-01-18T18:06:59.6239584Z   ▶️ [STEP step_1] NAVIGATE: 
2026-01-18T18:07:01.6128854Z     ✅ Navigated to https://demoqa.com/automation-practice-form
2026-01-18T18:07:01.6129986Z   ▶️ [STEP step_2] ASSERT_URL: 
2026-01-18T18:07:06.8258993Z     ⚠️ Scroll into view failed for text=None. Proceeding anyway.
2026-01-18T18:07:08.8266627Z     ✅ State transitioned.
2026-01-18T18:07:10.8151687Z [DEBUG] Sending request to gemini-2.0-flash. Number of parts: 2
2026-01-18T18:07:10.8152417Z [DEBUG] Received response (Length: 230)
2026-01-18T18:07:10.8152995Z     🤖 AI Next Step Suggestion: fill -> First Name
2026-01-18T18:07:10.8153374Z     🧩 Suggested Locator: #firstName
2026-01-18T18:07:10.8154022Z     💭 Reasoning: The goal is to fill the Practice Form. The first visible field is 'First Name', so I will fill it with a valid value.
2026-01-18T18:07:10.8154937Z     ➕ Injected AI step: fill -> First Name
2026-01-18T18:07:10.8155268Z   ▶️ [STEP step_2_ai_1] FILL: First Name
2026-01-18T18:07:10.8225429Z     🎯 Using AI-provided locator: #firstName
2026-01-18T18:07:10.8286915Z     ✅ Found 1 verified locators
2026-01-18T18:07:16.3387169Z     ✅ State transitioned.
2026-01-18T18:07:18.5854055Z [DEBUG] Sending request to gemini-2.0-flash. Number of parts: 2
2026-01-18T18:07:18.5855341Z [DEBUG] Received response (Length: 205)
2026-01-18T18:07:18.5856353Z     🤖 AI Next Step Suggestion: fill -> Last Name
2026-01-18T18:07:18.5857294Z     🧩 Suggested Locator: input[placeholder='Last Name']
2026-01-18T18:07:18.5858498Z     💭 Reasoning: The next step is to fill the last name field to complete the name section.
2026-01-18T18:07:18.5859928Z     ➕ Injected AI step: fill -> Last Name
2026-01-18T18:07:18.5860704Z   ▶️ [STEP step_2_ai_2] FILL: Last Name
2026-01-18T18:07:18.5923937Z     🎯 Using AI-provided locator: input[placeholder='Last Name']
2026-01-18T18:07:18.5993048Z     ✅ Found 1 verified locators
2026-01-18T18:07:23.8690159Z     ✅ State transitioned.
2026-01-18T18:07:23.8739351Z     🔄 Revisited state detected
2026-01-18T18:07:25.5780072Z [DEBUG] Sending request to gemini-2.0-flash. Number of parts: 2
2026-01-18T18:07:25.5780521Z [DEBUG] Received response (Length: 174)
2026-01-18T18:07:25.5781254Z     🤖 AI Next Step Suggestion: fill -> Email
2026-01-18T18:07:25.5781833Z     🧩 Suggested Locator: #userEmail
2026-01-18T18:07:25.5782925Z     💭 Reasoning: The next field to fill in the form is the email field.
2026-01-18T18:07:25.5783660Z     ➕ Injected AI step: fill -> Email
2026-01-18T18:07:25.5784441Z   ▶️ [STEP step_2_ai_3] FILL: Email
2026-01-18T18:07:25.5841844Z     🎯 Using AI-provided locator: #userEmail
2026-01-18T18:07:25.5903559Z     ✅ Found 1 verified locators
2026-01-18T18:07:32.1087555Z     ✅ State transitioned.
2026-01-18T18:07:32.1135170Z     🔄 Revisited state detected
2026-01-18T18:07:33.8881337Z [DEBUG] Sending request to gemini-2.0-flash. Number of parts: 2
2026-01-18T18:07:33.8882066Z [DEBUG] Received response (Length: 211)
2026-01-18T18:07:33.8882853Z     🤖 AI Next Step Suggestion: click -> Male
2026-01-18T18:07:33.8883585Z     🧩 Suggested Locator: label[for='gender-radio-1']
2026-01-18T18:07:33.8884935Z     💭 Reasoning: The next field to fill is Gender. Clicking the 'Male' radio button will fill this field.
2026-01-18T18:07:33.8885878Z     ➕ Injected AI step: click -> Male
2026-01-18T18:07:33.8886445Z   ▶️ [STEP step_2_ai_4] CLICK: Male
2026-01-18T18:07:33.8952569Z     🎯 Using AI-provided locator: label[for='gender-radio-1']
2026-01-18T18:07:33.9017689Z     ✅ Found 1 verified locators
2026-01-18T18:07:37.9660841Z     ✅ State transitioned.
2026-01-18T18:07:37.9712491Z     🔄 Revisited state detected
2026-01-18T18:07:39.4879174Z [DEBUG] Sending request to gemini-2.0-flash. Number of parts: 2
2026-01-18T18:07:39.4879906Z [DEBUG] Received response (Length: 195)
2026-01-18T18:07:39.4880758Z     🤖 AI Next Step Suggestion: fill -> Mobile Number
2026-01-18T18:07:39.4881637Z     🧩 Suggested Locator: input[placeholder='Mobile Number']
2026-01-18T18:07:39.4882573Z     💭 Reasoning: The next step is to fill the mobile number field.
2026-01-18T18:07:39.4883401Z     ➕ Injected AI step: fill -> Mobile Number
2026-01-18T18:07:39.4884074Z   ▶️ [STEP step_2_ai_5] FILL: Mobile Number
2026-01-18T18:07:39.4943420Z     🎯 Using AI-provided locator: input[placeholder='Mobile Number']
2026-01-18T18:07:39.5001215Z     ✅ Found 1 verified locators
2026-01-18T18:07:45.6070995Z     ✅ State transitioned.
2026-01-18T18:07:45.6120651Z     🔄 Revisited state detected
2026-01-18T18:07:47.3775940Z [DEBUG] Sending request to gemini-2.0-flash. Number of parts: 2
2026-01-18T18:07:47.3776597Z [DEBUG] Received response (Length: 157)
2026-01-18T18:07:47.3777428Z     🤖 AI Next Step Suggestion: fill -> Subjects
2026-01-18T18:07:47.3777907Z     💭 Reasoning: Need to fill the subjects field to complete the form.
2026-01-18T18:07:47.3778316Z     ➕ Injected AI step: fill -> Subjects
2026-01-18T18:07:47.3778631Z   ▶️ [STEP step_2_ai_6] FILL: Subjects
2026-01-18T18:07:47.3837745Z     🔍 Mining locators for: 'Subjects'
2026-01-18T18:07:47.4380382Z     🧠 Consulting AI (Vision-First) to find 'Subjects'...
2026-01-18T18:07:47.4381715Z     🧠 [EXPERT] Strategy: Act as Senior SDET focusing on exploring the application to understand functional flow and identifying critical paths for end-to-end automation.
2026-01-18T18:07:53.0429007Z [DEBUG] Sending request to gemini-2.0-flash. Number of parts: 2
2026-01-18T18:07:53.0429661Z [DEBUG] Received response (Length: 558)
2026-01-18T18:07:53.0430299Z     🔄 Retry 1/3 mining locators for 'Subjects'...
2026-01-18T18:07:54.1043297Z     🧠 Consulting AI (Vision-First) to find 'Subjects'...
2026-01-18T18:07:54.1045270Z     🧠 [EXPERT] Strategy: Act as Senior SDET focusing on exploring the application to understand functional flow and identifying critical paths for end-to-end automation.
2026-01-18T18:07:57.7957562Z [DEBUG] Sending request to gemini-2.0-flash. Number of parts: 2
2026-01-18T18:07:57.7957979Z [DEBUG] Received response (Length: 401)
2026-01-18T18:07:57.7958525Z     🔄 Retry 2/3 mining locators for 'Subjects'...
2026-01-18T18:07:58.8550741Z     🧠 Consulting AI (Vision-First) to find 'Subjects'...
2026-01-18T18:07:58.8552076Z     🧠 [EXPERT] Strategy: Act as Senior SDET focusing on exploring the application to understand functional flow and identifying critical paths for end-to-end automation.
2026-01-18T18:07:58.8608497Z [CACHE HIT] 8ccb6db8... (hits: 1, misses: 8)
2026-01-18T18:07:58.8609356Z     🧠 Verifying step validity for 'Subjects' after mining failure...
2026-01-18T18:08:02.1915152Z [DEBUG] Sending request to gemini-2.0-flash. Number of parts: 2
2026-01-18T18:08:02.1915570Z [DEBUG] Received response (Length: 211)
2026-01-18T18:08:02.1916251Z     🛠️ Self-Correction: Step is valid. Using new locator: #subjectsInput
2026-01-18T18:08:07.8066266Z     ✅ State transitioned.
2026-01-18T18:08:07.8094822Z     🔄 Revisited state detected
2026-01-18T18:08:09.0193564Z [DEBUG] Sending request to gemini-2.0-flash. Number of parts: 2
2026-01-18T18:08:09.0194384Z [DEBUG] Received response (Length: 195)
2026-01-18T18:08:09.0194988Z     🤖 AI Next Step Suggestion: click -> adplus-dvertising
2026-01-18T18:08:09.0195362Z     🧩 Suggested Locator: #close-fixedban
2026-01-18T18:08:09.0195904Z     💭 Reasoning: There is an ad that is blocking the view. Need to close it to continue filling the form.
2026-01-18T18:08:09.0196471Z     ➕ Injected AI step: click -> adplus-dvertising
2026-01-18T18:08:09.0196839Z   ▶️ [STEP step_2_ai_7] CLICK: adplus-dvertising
2026-01-18T18:08:09.0257538Z     🎯 Using AI-provided locator: #close-fixedban
2026-01-18T18:08:09.0314500Z     ✅ Found 1 verified locators
2026-01-18T18:08:13.0718472Z     ✅ State transitioned.
2026-01-18T18:08:14.3032213Z [DEBUG] Sending request to gemini-2.0-flash. Number of parts: 2
2026-01-18T18:08:14.3032947Z [DEBUG] Received response (Length: 182)
2026-01-18T18:08:14.3033854Z     🤖 AI Next Step Suggestion: click -> adplus-dvertising
2026-01-18T18:08:14.3034740Z     🧩 Suggested Locator: #close-fixedban
2026-01-18T18:08:14.3035642Z     💭 Reasoning: The ad is obscuring the form and needs to be closed to continue filling it.
2026-01-18T18:08:14.3036817Z     ⚠️ Skipping duplicate AI suggestion (just executed): ('click', 'adplus-dvertising')
2026-01-18T18:08:14.3037532Z   ▶️ [STEP step_10] FILL: First Name
2026-01-18T18:08:14.3094834Z     🔍 Mining locators for: 'First Name'
2026-01-18T18:08:14.3322162Z     🧠 Consulting AI (Vision-First) to find 'First Name'...
2026-01-18T18:08:14.3323637Z     🧠 [EXPERT] Strategy: Act as Senior SDET focusing on exploring the application to understand functional flow and identifying critical paths for end-to-end automation.
2026-01-18T18:08:19.3134470Z [DEBUG] Sending request to gemini-2.0-flash. Number of parts: 2
2026-01-18T18:08:19.3135198Z [DEBUG] Received response (Length: 219)
2026-01-18T18:08:19.3136626Z     💡 Expert Suggestion: The task is to fill the Practice Form, which is located under the 'Forms' section.
2026-01-18T18:08:19.3137906Z     🛠️ Executing corrective action: click -> 'Forms'
2026-01-18T18:08:19.3472732Z     🔄 Retry 1/3 mining locators for 'First Name'...
2026-01-18T18:08:20.3715661Z     🧠 Consulting AI (Vision-First) to find 'First Name'...
2026-01-18T18:08:20.3717009Z     🧠 [EXPERT] Strategy: Act as Senior SDET focusing on exploring the application to understand functional flow and identifying critical paths for end-to-end automation.
2026-01-18T18:08:20.3720023Z [CACHE HIT] c7129889... (hits: 2, misses: 12)
2026-01-18T18:08:20.3720655Z     ⚠️ Skipping duplicate injection: Forms
2026-01-18T18:08:20.3721046Z     🔄 Retry 2/3 mining locators for 'First Name'...
2026-01-18T18:08:21.3973254Z     🧠 Consulting AI (Vision-First) to find 'First Name'...
2026-01-18T18:08:21.3975137Z     🧠 [EXPERT] Strategy: Act as Senior SDET focusing on exploring the application to understand functional flow and identifying critical paths for end-to-end automation.
2026-01-18T18:08:21.3976908Z [CACHE HIT] c7129889... (hits: 3, misses: 12)
2026-01-18T18:08:21.3977571Z     ⚠️ Skipping duplicate injection: Forms
2026-01-18T18:08:21.3978404Z     🧠 Verifying step validity for 'First Name' after no candidates found...
2026-01-18T18:08:24.2864800Z [DEBUG] Sending request to gemini-2.0-flash. Number of parts: 2
2026-01-18T18:08:24.2865495Z [DEBUG] Received response (Length: 232)
2026-01-18T18:08:24.2867780Z     🗑️ Step deemed INVALID: The screenshot is completely blank, so it's impossible to determine if the 'First Name' field exists or to provide a locator for it. It's likely the image failed to load.. Removing from workflow.
2026-01-18T18:08:24.2870156Z     ⏭️ Skipping execution of invalid step: First Name
2026-01-18T18:08:24.2870875Z   ▶️ [STEP step_11] FILL: Last Name
2026-01-18T18:08:24.2930275Z     🔍 Mining locators for: 'Last Name'
2026-01-18T18:08:24.3184841Z     🧠 Consulting AI (Vision-First) to find 'Last Name'...
2026-01-18T18:08:24.3186623Z     🧠 [EXPERT] Strategy: Act as Senior SDET focusing on exploring the application to understand functional flow and identifying critical paths for end-to-end automation.
2026-01-18T18:08:29.2372106Z [DEBUG] Sending request to gemini-2.0-flash. Number of parts: 2
2026-01-18T18:08:29.2372719Z [DEBUG] Received response (Length: 232)
2026-01-18T18:08:29.2373557Z     💡 Expert Suggestion: The 'Last Name' field is part of the Practice Form, which is located under the 'Forms' section.
2026-01-18T18:08:29.2374420Z     🛠️ Executing corrective action: click -> 'Forms'
2026-01-18T18:08:29.2663715Z     🔄 Retry 1/3 mining locators for 'Last Name'...
2026-01-18T18:08:30.2907753Z     🧠 Consulting AI (Vision-First) to find 'Last Name'...
2026-01-18T18:08:30.2909313Z     🧠 [EXPERT] Strategy: Act as Senior SDET focusing on exploring the application to understand functional flow and identifying critical paths for end-to-end automation.
2026-01-18T18:08:30.2911884Z [CACHE HIT] 36a22fac... (hits: 4, misses: 14)
2026-01-18T18:08:30.2912305Z     ⚠️ Skipping duplicate injection: Forms
2026-01-18T18:08:30.2912670Z     🔄 Retry 2/3 mining locators for 'Last Name'...
2026-01-18T18:08:31.3175950Z     🧠 Consulting AI (Vision-First) to find 'Last Name'...
2026-01-18T18:08:31.3177573Z     🧠 [EXPERT] Strategy: Act as Senior SDET focusing on exploring the application to understand functional flow and identifying critical paths for end-to-end automation.
2026-01-18T18:08:31.3180151Z [CACHE HIT] 36a22fac... (hits: 5, misses: 14)
2026-01-18T18:08:31.3180792Z     ⚠️ Skipping duplicate injection: Forms
2026-01-18T18:08:31.3181548Z     🧠 Verifying step validity for 'Last Name' after no candidates found...
2026-01-18T18:08:34.1895291Z [DEBUG] Sending request to gemini-2.0-flash. Number of parts: 2
2026-01-18T18:08:34.1896069Z [DEBUG] Received response (Length: 230)
2026-01-18T18:08:34.1898200Z     🗑️ Step deemed INVALID: The screenshot is completely blank, so it's impossible to determine if the 'Last Name' field exists or to provide a valid locator. It's likely the image failed to load.. Removing from workflow.
2026-01-18T18:08:34.1899454Z     ⏭️ Skipping execution of invalid step: Last Name
2026-01-18T18:08:34.1899861Z   ▶️ [STEP step_12] FILL: Email
2026-01-18T18:08:34.1952938Z     🔍 Mining locators for: 'Email'
2026-01-18T18:08:34.2199697Z     🧠 Consulting AI (Vision-First) to find 'Email'...
2026-01-18T18:08:34.2201383Z     🧠 [EXPERT] Strategy: Act as Senior SDET focusing on exploring the application to understand functional flow and identifying critical paths for end-to-end automation.
2026-01-18T18:08:39.1179822Z [DEBUG] Sending request to gemini-2.0-flash. Number of parts: 2
2026-01-18T18:08:39.1180495Z [DEBUG] Received response (Length: 226)
2026-01-18T18:08:39.1181660Z     💡 Expert Suggestion: The task is to fill the Practice Form, which is likely located under the 'Forms' section.
2026-01-18T18:08:39.1182397Z     🛠️ Executing corrective action: click -> 'Forms'
2026-01-18T18:08:39.1460026Z     🔄 Retry 1/3 mining locators for 'Email'...
2026-01-18T18:08:40.1707105Z     🧠 Consulting AI (Vision-First) to find 'Email'...
2026-01-18T18:08:40.1708684Z     🧠 [EXPERT] Strategy: Act as Senior SDET focusing on exploring the application to understand functional flow and identifying critical paths for end-to-end automation.
2026-01-18T18:08:40.1711094Z [CACHE HIT] 79754fb5... (hits: 6, misses: 16)
2026-01-18T18:08:40.1711685Z     ⚠️ Skipping duplicate injection: Forms
2026-01-18T18:08:40.1712262Z     🔄 Retry 2/3 mining locators for 'Email'...
2026-01-18T18:08:41.1962050Z     🧠 Consulting AI (Vision-First) to find 'Email'...
2026-01-18T18:08:41.1963233Z     🧠 [EXPERT] Strategy: Act as Senior SDET focusing on exploring the application to understand functional flow and identifying critical paths for end-to-end automation.
2026-01-18T18:08:41.1966313Z [CACHE HIT] 79754fb5... (hits: 7, misses: 16)
2026-01-18T18:08:41.1967014Z     ⚠️ Skipping duplicate injection: Forms
2026-01-18T18:08:41.1967536Z     🧠 Verifying step validity for 'Email' after no candidates found...
2026-01-18T18:08:44.1661448Z [DEBUG] Sending request to gemini-2.0-flash. Number of parts: 2
2026-01-18T18:08:44.1662153Z [DEBUG] Received response (Length: 229)
2026-01-18T18:08:44.1664695Z     🗑️ Step deemed INVALID: The screenshot is completely blank, so it's impossible to determine if the 'Email' element exists on the page or not. Therefore, I cannot provide a valid CSS selector.. Removing from workflow.
2026-01-18T18:08:44.1666712Z     ⏭️ Skipping execution of invalid step: Email
2026-01-18T18:08:44.1667412Z   ▶️ [STEP step_13] CHECK: gender
2026-01-18T18:08:44.1720211Z     🔍 Mining locators for: 'gender'
2026-01-18T18:08:44.1969546Z     🧠 Consulting AI (Vision-First) to find 'gender'...
2026-01-18T18:08:44.1971207Z     🧠 [EXPERT] Strategy: Act as Senior SDET focusing on exploring the application to understand functional flow and identifying critical paths for end-to-end automation.
2026-01-18T18:08:49.1753324Z [DEBUG] Sending request to gemini-2.0-flash. Number of parts: 2
2026-01-18T18:08:49.1754455Z [DEBUG] Received response (Length: 229)
2026-01-18T18:08:49.1756137Z     💡 Expert Suggestion: The 'gender' field is part of the Practice Form, which is located under the 'Forms' section.
2026-01-18T18:08:49.1757502Z     🛠️ Executing corrective action: click -> 'Forms'
2026-01-18T18:08:49.2040465Z     🔄 Retry 1/3 mining locators for 'gender'...
2026-01-18T18:08:50.2284297Z     🧠 Consulting AI (Vision-First) to find 'gender'...
2026-01-18T18:08:50.2285944Z     🧠 [EXPERT] Strategy: Act as Senior SDET focusing on exploring the application to understand functional flow and identifying critical paths for end-to-end automation.
2026-01-18T18:08:50.2288445Z [CACHE HIT] 141b145a... (hits: 8, misses: 18)
2026-01-18T18:08:50.2289041Z     ⚠️ Skipping duplicate injection: Forms
2026-01-18T18:08:50.2289710Z     🔄 Retry 2/3 mining locators for 'gender'...
2026-01-18T18:08:51.2541322Z     🧠 Consulting AI (Vision-First) to find 'gender'...
2026-01-18T18:08:51.2542902Z     🧠 [EXPERT] Strategy: Act as Senior SDET focusing on exploring the application to understand functional flow and identifying critical paths for end-to-end automation.
2026-01-18T18:08:51.2545589Z [CACHE HIT] 141b145a... (hits: 9, misses: 18)
2026-01-18T18:08:51.2546188Z     ⚠️ Skipping duplicate injection: Forms
2026-01-18T18:08:51.2546912Z     🧠 Verifying step validity for 'gender' after no candidates found...
2026-01-18T18:08:54.1415757Z [DEBUG] Sending request to gemini-2.0-flash. Number of parts: 2
2026-01-18T18:08:54.1416474Z [DEBUG] Received response (Length: 230)
2026-01-18T18:08:54.1418845Z     🗑️ Step deemed INVALID: The screenshot is completely blank, so it's impossible to determine if the 'gender' element exists or to provide a locator for it. It's likely the image failed to load.. Removing from workflow.
2026-01-18T18:08:54.1420615Z     ⏭️ Skipping execution of invalid step: gender
2026-01-18T18:08:54.1421057Z   ▶️ [STEP step_14] FILL: Mobile(10 Digits)
2026-01-18T18:08:54.1470956Z     🔍 Mining locators for: 'Mobile(10 Digits)'
2026-01-18T18:08:54.1707980Z     🧠 Consulting AI (Vision-First) to find 'Mobile(10 Digits)'...
2026-01-18T18:08:54.1709175Z     🧠 [EXPERT] Strategy: Act as Senior SDET focusing on exploring the application to understand functional flow and identifying critical paths for end-to-end automation.
2026-01-18T18:08:59.2023951Z [DEBUG] Sending request to gemini-2.0-flash. Number of parts: 2
2026-01-18T18:08:59.2024782Z [DEBUG] Received response (Length: 240)
2026-01-18T18:08:59.2026489Z     💡 Expert Suggestion: The 'Mobile(10 Digits)' field is part of the Practice Form, which is located under the 'Forms' section.
2026-01-18T18:08:59.2027534Z     🛠️ Executing corrective action: click -> 'Forms'
2026-01-18T18:08:59.2301760Z     🔄 Retry 1/3 mining locators for 'Mobile(10 Digits)'...
2026-01-18T18:09:00.2550424Z     🧠 Consulting AI (Vision-First) to find 'Mobile(10 Digits)'...
2026-01-18T18:09:00.2551529Z     🧠 [EXPERT] Strategy: Act as Senior SDET focusing on exploring the application to understand functional flow and identifying critical paths for end-to-end automation.
2026-01-18T18:09:00.2554267Z [CACHE HIT] 68d5a2c7... (hits: 10, misses: 20)
2026-01-18T18:09:00.2554982Z     ⚠️ Skipping duplicate injection: Forms
2026-01-18T18:09:00.2555498Z     🔄 Retry 2/3 mining locators for 'Mobile(10 Digits)'...
2026-01-18T18:09:01.2960666Z     🧠 Consulting AI (Vision-First) to find 'Mobile(10 Digits)'...
2026-01-18T18:09:01.2962355Z     🧠 [EXPERT] Strategy: Act as Senior SDET focusing on exploring the application to understand functional flow and identifying critical paths for end-to-end automation.
2026-01-18T18:09:01.2965186Z [CACHE HIT] 68d5a2c7... (hits: 11, misses: 20)
2026-01-18T18:09:01.2965871Z     ⚠️ Skipping duplicate injection: Forms
2026-01-18T18:09:01.2966749Z     🧠 Verifying step validity for 'Mobile(10 Digits)' after no candidates found...
2026-01-18T18:09:04.0996932Z [DEBUG] Sending request to gemini-2.0-flash. Number of parts: 2
2026-01-18T18:09:04.0997655Z [DEBUG] Received response (Length: 176)
2026-01-18T18:09:04.0999562Z     🗑️ Step deemed INVALID: The screenshot is completely blank, so it's impossible to determine if the element exists or to provide a locator.. Removing from workflow.
2026-01-18T18:09:04.1001317Z     ⏭️ Skipping execution of invalid step: Mobile(10 Digits)
2026-01-18T18:09:04.1002051Z   ▶️ [STEP step_15] FILL: Date of Birth
2026-01-18T18:09:04.1059927Z     🔍 Mining locators for: 'Date of Birth'
2026-01-18T18:09:04.1290994Z     🧠 Consulting AI (Vision-First) to find 'Date of Birth'...
2026-01-18T18:09:04.1293046Z     🧠 [EXPERT] Strategy: Act as Senior SDET focusing on exploring the application to understand functional flow and identifying critical paths for end-to-end automation.
2026-01-18T18:09:09.1042504Z [DEBUG] Sending request to gemini-2.0-flash. Number of parts: 2
2026-01-18T18:09:09.1065141Z [DEBUG] Received response (Length: 226)
2026-01-18T18:09:09.1066349Z     💡 Expert Suggestion: The task is to fill the Practice Form, which is likely located under the 'Forms' section.
2026-01-18T18:09:09.1067340Z     🛠️ Executing corrective action: click -> 'Forms'
2026-01-18T18:09:09.1342187Z     🔄 Retry 1/3 mining locators for 'Date of Birth'...
2026-01-18T18:09:10.1615687Z     🧠 Consulting AI (Vision-First) to find 'Date of Birth'...
2026-01-18T18:09:10.1617346Z     🧠 [EXPERT] Strategy: Act as Senior SDET focusing on exploring the application to understand functional flow and identifying critical paths for end-to-end automation.
2026-01-18T18:09:10.1619246Z [CACHE HIT] 9653894b... (hits: 12, misses: 22)
2026-01-18T18:09:10.1619962Z     ⚠️ Skipping duplicate injection: Forms
2026-01-18T18:09:10.1620688Z     🔄 Retry 2/3 mining locators for 'Date of Birth'...
2026-01-18T18:09:11.1881243Z     🧠 Consulting AI (Vision-First) to find 'Date of Birth'...
2026-01-18T18:09:11.1883166Z     🧠 [EXPERT] Strategy: Act as Senior SDET focusing on exploring the application to understand functional flow and identifying critical paths for end-to-end automation.
2026-01-18T18:09:11.1885750Z [CACHE HIT] 9653894b... (hits: 13, misses: 22)
2026-01-18T18:09:11.1886266Z     ⚠️ Skipping duplicate injection: Forms
2026-01-18T18:09:11.1887146Z     🧠 Verifying step validity for 'Date of Birth' after no candidates found...
2026-01-18T18:09:14.1488334Z [DEBUG] Sending request to gemini-2.0-flash. Number of parts: 2
2026-01-18T18:09:14.1489115Z [DEBUG] Received response (Length: 211)
2026-01-18T18:09:14.1491204Z     🗑️ Step deemed INVALID: The screenshot is completely blank, so it's impossible to determine if the 'Date of Birth' element exists on the page or to provide a locator for it.. Removing from workflow.
2026-01-18T18:09:14.1493159Z     ⏭️ Skipping execution of invalid step: Date of Birth
2026-01-18T18:09:14.1493879Z   ▶️ [STEP step_16] FILL: Subjects
2026-01-18T18:09:14.1553342Z     🔍 Mining locators for: 'Subjects'
2026-01-18T18:09:14.1797030Z     🧠 Consulting AI (Vision-First) to find 'Subjects'...
2026-01-18T18:09:14.1798410Z     🧠 [EXPERT] Strategy: Act as Senior SDET focusing on exploring the application to understand functional flow and identifying critical paths for end-to-end automation.
2026-01-18T18:09:19.0852384Z [DEBUG] Sending request to gemini-2.0-flash. Number of parts: 2
2026-01-18T18:09:19.0852899Z [DEBUG] Received response (Length: 231)
2026-01-18T18:09:19.0853891Z     💡 Expert Suggestion: The 'Subjects' field is part of the Practice Form, which is located under the 'Forms' section.
2026-01-18T18:09:19.0855025Z     🛠️ Executing corrective action: click -> 'Forms'
2026-01-18T18:09:19.1170929Z     🔄 Retry 1/3 mining locators for 'Subjects'...
2026-01-18T18:09:20.1454874Z     🧠 Consulting AI (Vision-First) to find 'Subjects'...
2026-01-18T18:09:20.1456078Z     🧠 [EXPERT] Strategy: Act as Senior SDET focusing on exploring the application to understand functional flow and identifying critical paths for end-to-end automation.
2026-01-18T18:09:20.1458714Z [CACHE HIT] 2e1c3bc7... (hits: 14, misses: 24)
2026-01-18T18:09:20.1459336Z     ⚠️ Skipping duplicate injection: Forms
2026-01-18T18:09:20.1459928Z     🔄 Retry 2/3 mining locators for 'Subjects'...
2026-01-18T18:09:21.1707099Z     🧠 Consulting AI (Vision-First) to find 'Subjects'...
2026-01-18T18:09:21.1708300Z     🧠 [EXPERT] Strategy: Act as Senior SDET focusing on exploring the application to understand functional flow and identifying critical paths for end-to-end automation.
2026-01-18T18:09:21.1711088Z [CACHE HIT] 2e1c3bc7... (hits: 15, misses: 24)
2026-01-18T18:09:21.1711677Z     ⚠️ Skipping duplicate injection: Forms
2026-01-18T18:09:21.1712338Z     🧠 Verifying step validity for 'Subjects' after no candidates found...
2026-01-18T18:09:24.2220924Z [DEBUG] Sending request to gemini-2.0-flash. Number of parts: 2
2026-01-18T18:09:24.2221585Z [DEBUG] Received response (Length: 287)
2026-01-18T18:09:24.2223287Z     🗑️ Step deemed INVALID: The screenshot is completely blank, so it's impossible to determine if the 'Subjects' field exists on the page or to provide a valid locator. It's likely the page didn't load correctly or the screenshot was taken prematurely.. Removing from workflow.
2026-01-18T18:09:24.2224865Z     ⏭️ Skipping execution of invalid step: Subjects
2026-01-18T18:09:24.2225239Z   ▶️ [STEP step_17] CHECK: Hobbies
2026-01-18T18:09:24.2282033Z     🔍 Mining locators for: 'Hobbies'
2026-01-18T18:09:24.2531194Z     🧠 Consulting AI (Vision-First) to find 'Hobbies'...
2026-01-18T18:09:24.2532375Z     🧠 [EXPERT] Strategy: Act as Senior SDET focusing on exploring the application to understand functional flow and identifying critical paths for end-to-end automation.
2026-01-18T18:09:29.1250764Z [DEBUG] Sending request to gemini-2.0-flash. Number of parts: 2
2026-01-18T18:09:29.1251440Z [DEBUG] Received response (Length: 230)
2026-01-18T18:09:29.1253245Z     💡 Expert Suggestion: The 'Hobbies' field is part of the Practice Form, which is located under the 'Forms' section.
2026-01-18T18:09:29.1254451Z     🛠️ Executing corrective action: click -> 'Forms'
2026-01-18T18:09:29.1551633Z     🔄 Retry 1/3 mining locators for 'Hobbies'...
2026-01-18T18:09:30.1812662Z     🧠 Consulting AI (Vision-First) to find 'Hobbies'...
2026-01-18T18:09:30.1813865Z     🧠 [EXPERT] Strategy: Act as Senior SDET focusing on exploring the application to understand functional flow and identifying critical paths for end-to-end automation.
2026-01-18T18:09:30.1816772Z [CACHE HIT] d9d28ed4... (hits: 16, misses: 26)
2026-01-18T18:09:30.1817472Z     ⚠️ Skipping duplicate injection: Forms
2026-01-18T18:09:30.1817851Z     🔄 Retry 2/3 mining locators for 'Hobbies'...
2026-01-18T18:09:31.2111679Z     🧠 Consulting AI (Vision-First) to find 'Hobbies'...
2026-01-18T18:09:31.2113322Z     🧠 [EXPERT] Strategy: Act as Senior SDET focusing on exploring the application to understand functional flow and identifying critical paths for end-to-end automation.
2026-01-18T18:09:31.2116228Z [CACHE HIT] d9d28ed4... (hits: 17, misses: 26)
2026-01-18T18:09:31.2116831Z     ⚠️ Skipping duplicate injection: Forms
2026-01-18T18:09:31.2117618Z     🧠 Verifying step validity for 'Hobbies' after no candidates found...
2026-01-18T18:09:34.1365330Z [DEBUG] Sending request to gemini-2.0-flash. Number of parts: 2
2026-01-18T18:09:34.1365896Z [DEBUG] Received response (Length: 231)
2026-01-18T18:09:34.1367369Z     🗑️ Step deemed INVALID: The screenshot is completely blank, so it's impossible to determine if the 'Hobbies' element exists or to provide a locator for it. It's likely the image failed to load.. Removing from workflow.
2026-01-18T18:09:34.1368592Z     ⏭️ Skipping execution of invalid step: Hobbies
2026-01-18T18:09:34.1368953Z   ▶️ [STEP step_18] FILL: Current Address
2026-01-18T18:09:34.1426484Z     🔍 Mining locators for: 'Current Address'
2026-01-18T18:09:34.1659153Z     🧠 Consulting AI (Vision-First) to find 'Current Address'...
2026-01-18T18:09:34.1660393Z     🧠 [EXPERT] Strategy: Act as Senior SDET focusing on exploring the application to understand functional flow and identifying critical paths for end-to-end automation.
2026-01-18T18:09:39.3561592Z [DEBUG] Sending request to gemini-2.0-flash. Number of parts: 2
2026-01-18T18:09:39.3562129Z [DEBUG] Received response (Length: 238)
2026-01-18T18:09:39.3562986Z     💡 Expert Suggestion: The 'Current Address' field is part of the Practice Form, which is located under the 'Forms' section.
2026-01-18T18:09:39.3565228Z     🛠️ Executing corrective action: click -> 'Forms'
2026-01-18T18:09:39.3865516Z     🔄 Retry 1/3 mining locators for 'Current Address'...
2026-01-18T18:09:40.4121853Z     🧠 Consulting AI (Vision-First) to find 'Current Address'...
2026-01-18T18:09:40.4123511Z     🧠 [EXPERT] Strategy: Act as Senior SDET focusing on exploring the application to understand functional flow and identifying critical paths for end-to-end automation.
2026-01-18T18:09:40.4127509Z [CACHE HIT] bf7e8c05... (hits: 18, misses: 28)
2026-01-18T18:09:40.4128338Z     ⚠️ Skipping duplicate injection: Forms
2026-01-18T18:09:40.4128952Z     🔄 Retry 2/3 mining locators for 'Current Address'...
2026-01-18T18:09:41.4377703Z     🧠 Consulting AI (Vision-First) to find 'Current Address'...
2026-01-18T18:09:41.4378959Z     🧠 [EXPERT] Strategy: Act as Senior SDET focusing on exploring the application to understand functional flow and identifying critical paths for end-to-end automation.
2026-01-18T18:09:41.4381741Z [CACHE HIT] bf7e8c05... (hits: 19, misses: 28)
2026-01-18T18:09:41.4382448Z     ⚠️ Skipping duplicate injection: Forms
2026-01-18T18:09:41.4383012Z     🧠 Verifying step validity for 'Current Address' after no candidates found...
2026-01-18T18:09:44.1985059Z [DEBUG] Sending request to gemini-2.0-flash. Number of parts: 2
2026-01-18T18:09:44.1985747Z [DEBUG] Received response (Length: 243)
2026-01-18T18:09:44.1987639Z     🗑️ Step deemed INVALID: The screenshot is completely blank, so it's impossible to determine if the 'Current Address' element exists or to provide a valid CSS selector. It's likely the image failed to load.. Removing from workflow.
2026-01-18T18:09:44.1988709Z     ⏭️ Skipping execution of invalid step: Current Address
2026-01-18T18:09:44.1989062Z   ▶️ [STEP step_19] CLICK: Submit
2026-01-18T18:09:44.2042387Z     🔍 Mining locators for: 'Submit'
2026-01-18T18:09:44.2268945Z     🧠 Consulting AI (Vision-First) to find 'Submit'...
2026-01-18T18:09:44.2270111Z     🧠 [EXPERT] Strategy: Act as Senior SDET focusing on exploring the application to understand functional flow and identifying critical paths for end-to-end automation.
2026-01-18T18:09:49.0824991Z [DEBUG] Sending request to gemini-2.0-flash. Number of parts: 2
2026-01-18T18:09:49.0825863Z [DEBUG] Received response (Length: 230)
2026-01-18T18:09:49.0827345Z     💡 Expert Suggestion: The 'Submit' button is part of the Practice Form, which is located under the 'Forms' section.
2026-01-18T18:09:49.0828659Z     🛠️ Executing corrective action: click -> 'Forms'
2026-01-18T18:09:49.1119098Z     🔄 Retry 1/3 mining locators for 'Submit'...
2026-01-18T18:09:50.1366716Z     🧠 Consulting AI (Vision-First) to find 'Submit'...
2026-01-18T18:09:50.1367944Z     🧠 [EXPERT] Strategy: Act as Senior SDET focusing on exploring the application to understand functional flow and identifying critical paths for end-to-end automation.
2026-01-18T18:09:50.1370705Z [CACHE HIT] 48adcf65... (hits: 20, misses: 30)
2026-01-18T18:09:50.1371395Z     ⚠️ Skipping duplicate injection: Forms
2026-01-18T18:09:50.1371768Z     🔄 Retry 2/3 mining locators for 'Submit'...
2026-01-18T18:09:51.1626605Z     🧠 Consulting AI (Vision-First) to find 'Submit'...
2026-01-18T18:09:51.1627920Z     🧠 [EXPERT] Strategy: Act as Senior SDET focusing on exploring the application to understand functional flow and identifying critical paths for end-to-end automation.
2026-01-18T18:09:51.1630850Z [CACHE HIT] 48adcf65... (hits: 21, misses: 30)
2026-01-18T18:09:51.1631456Z     ⚠️ Skipping duplicate injection: Forms
2026-01-18T18:09:51.1632107Z     🧠 Verifying step validity for 'Submit' after no candidates found...
2026-01-18T18:09:54.1899787Z [DEBUG] Sending request to gemini-2.0-flash. Number of parts: 2
2026-01-18T18:09:54.1900494Z [DEBUG] Received response (Length: 229)
2026-01-18T18:09:54.1902430Z     🗑️ Step deemed INVALID: The screenshot is completely blank, so it's impossible to determine if the 'Submit' button exists or to provide a locator for it. It's likely the image failed to load.. Removing from workflow.
2026-01-18T18:09:54.1904396Z     ⏭️ Skipping execution of invalid step: Submit
2026-01-18T18:09:54.1904975Z   ▶️ [STEP step_20] ASSERT_VISIBLE: Thanks for submitting the form
2026-01-18T18:09:54.1967096Z     🔍 Mining locators for: 'Thanks for submitting the form'
2026-01-18T18:09:54.2206584Z     🧠 Consulting AI (Vision-First) to find 'Thanks for submitting the form'...
2026-01-18T18:09:54.2207824Z     🧠 [EXPERT] Strategy: Act as Senior SDET focusing on exploring the application to understand functional flow and identifying critical paths for end-to-end automation.
2026-01-18T18:09:59.0460210Z [DEBUG] Sending request to gemini-2.0-flash. Number of parts: 2
2026-01-18T18:09:59.0460906Z [DEBUG] Received response (Length: 229)
2026-01-18T18:09:59.0461538Z     ⚠️ Skipping duplicate injection: Submit
2026-01-18T18:09:59.0462098Z     🔄 Retry 1/3 mining locators for 'Thanks for submitting the form'...
2026-01-18T18:10:00.0773839Z     🧠 Consulting AI (Vision-First) to find 'Thanks for submitting the form'...
2026-01-18T18:10:00.0775280Z     🧠 [EXPERT] Strategy: Act as Senior SDET focusing on exploring the application to understand functional flow and identifying critical paths for end-to-end automation.
2026-01-18T18:10:00.0780135Z [CACHE HIT] fa6f5a07... (hits: 22, misses: 32)
2026-01-18T18:10:00.0780826Z     ⚠️ Skipping duplicate injection: Submit
2026-01-18T18:10:00.0781628Z     🔄 Retry 2/3 mining locators for 'Thanks for submitting the form'...
2026-01-18T18:10:01.1039034Z     🧠 Consulting AI (Vision-First) to find 'Thanks for submitting the form'...
2026-01-18T18:10:01.1040668Z     🧠 [EXPERT] Strategy: Act as Senior SDET focusing on exploring the application to understand functional flow and identifying critical paths for end-to-end automation.
2026-01-18T18:10:01.1043568Z [CACHE HIT] fa6f5a07... (hits: 23, misses: 32)
2026-01-18T18:10:01.1044584Z     ⚠️ Skipping duplicate injection: Submit
2026-01-18T18:10:01.1045573Z     🧠 Verifying step validity for 'Thanks for submitting the form' after no candidates found...
2026-01-18T18:10:04.2844676Z [DEBUG] Sending request to gemini-2.0-flash. Number of parts: 2
2026-01-18T18:10:04.2845322Z [DEBUG] Received response (Length: 209)
2026-01-18T18:10:04.2846624Z     🗑️ Step deemed INVALID: The image is completely blank, so it's impossible to determine if the element exists or to provide a locator. It's likely the image failed to load.. Removing from workflow.
2026-01-18T18:10:04.2847571Z     ⏭️ Skipping execution of invalid step: Thanks for submitting the form
2026-01-18T18:10:06.2870606Z 💾 Saving 1 scenarios to /home/runner/work/build_qa_automation/build_qa_automation/projects/ci_demoqa_forms/workflow.json
2026-01-18T18:10:06.3358692Z 
2026-01-18T18:10:06.3359884Z ============================================================
2026-01-18T18:10:06.3361834Z 📊 EXPLORATION SUMMARY
2026-01-18T18:10:06.3362274Z ============================================================
2026-01-18T18:10:06.3362654Z 
2026-01-18T18:10:06.3362876Z 📋 Scenario Overview:
2026-01-18T18:10:06.3363378Z    • Total Scenarios Planned: 1
2026-01-18T18:10:06.3363866Z    • Scenarios Explored: 1
2026-01-18T18:10:06.3364538Z    • Total Steps Generated: 20
2026-01-18T18:10:06.3364821Z 
2026-01-18T18:10:06.3366853Z 🔍 Discovery Statistics:
2026-01-18T18:10:06.3367331Z    ✅ Successfully Mined: 7
2026-01-18T18:10:06.3367781Z    ✨ AI Assisted/Healed: 1
2026-01-18T18:10:06.3368217Z    ❌ Discovery Failures: 0
2026-01-18T18:10:06.3368469Z 
2026-01-18T18:10:06.3368633Z ============================================================
2026-01-18T18:10:06.3369954Z 🏁 Exploration Complete. Locators saved to: /home/runner/work/build_qa_automation/build_qa_automation/projects/ci_demoqa_forms/workflow.json
2026-01-18T18:10:06.3371057Z 
2026-01-18T18:10:06.3378910Z ============================================================
2026-01-18T18:10:06.3379501Z 📊 Navigation Metrics: all_scenarios
2026-01-18T18:10:06.3379789Z ============================================================
2026-01-18T18:10:06.3380072Z Total Steps Generated:    20
2026-01-18T18:10:06.3380309Z Optimized Steps:          8
2026-01-18T18:10:06.3380537Z Duplicate Steps Removed:  12
2026-01-18T18:10:06.3380766Z Path Efficiency:          40.0%
2026-01-18T18:10:06.3381021Z Redundancy Rate:          60.0%
2026-01-18T18:10:06.3381280Z ------------------------------------------------------------
2026-01-18T18:10:06.3381579Z Cache Hits:               23
2026-01-18T18:10:06.3381794Z Cache Misses:             33
2026-01-18T18:10:06.3382005Z Cache Hit Rate:           41.07%
2026-01-18T18:10:06.3382275Z ------------------------------------------------------------
2026-01-18T18:10:06.3382559Z States Visited:           1
2026-01-18T18:10:06.3382772Z Unique States:            3
2026-01-18T18:10:06.3382979Z Circular Paths Blocked:   1
2026-01-18T18:10:06.3383208Z ============================================================
2026-01-18T18:10:06.3383409Z 
2026-01-18T18:10:06.3384094Z 📊 Navigation metrics saved to: /home/runner/work/build_qa_automation/build_qa_automation/projects/ci_demoqa_forms/outputs/navigation_metrics_ci_demoqa_forms_all_scenarios.json
2026-01-18T18:11:11.7754687Z 
2026-01-18T18:11:11.7755674Z 🚀 [EXECUTE] Starting Automation Execution Engine
2026-01-18T18:11:11.7760073Z 📍 Project: ci_demoqa_forms
2026-01-18T18:11:11.7760338Z 🎬 Mode: Headless
2026-01-18T18:11:11.7760459Z 
2026-01-18T18:11:11.7760588Z --- Scenario: Fill and Submit Practice Form ---
2026-01-18T18:11:11.7760938Z   ▶️ [STEP unknown] NAVIGATE: Step unknown
2026-01-18T18:11:11.7761236Z     ✅ Step unknown Passed.
2026-01-18T18:11:11.7761725Z   ▶️ [STEP unknown] ASSERT_URL: Step unknown
2026-01-18T18:11:11.7762040Z     ✅ Step unknown Passed.
2026-01-18T18:11:11.7762315Z   ▶️ [STEP step_2_ai_1] FILL: First Name
2026-01-18T18:11:11.7762619Z     🎯 Using mined locator: #firstName
2026-01-18T18:11:11.7762906Z     ✅ Step step_2_ai_1 Passed.
2026-01-18T18:11:11.7763174Z   ▶️ [STEP step_2_ai_2] FILL: Last Name
2026-01-18T18:11:11.7763517Z     🎯 Using mined locator: input[placeholder='Last Name']
2026-01-18T18:11:11.7763848Z     ✅ Step step_2_ai_2 Passed.
2026-01-18T18:11:11.7764378Z   ▶️ [STEP step_2_ai_3] FILL: Email
2026-01-18T18:11:11.7764718Z     🎯 Using mined locator: #userEmail
2026-01-18T18:11:11.7765018Z     ✅ Step step_2_ai_3 Passed.
2026-01-18T18:11:11.7765266Z   ▶️ [STEP step_2_ai_4] CLICK: Male
2026-01-18T18:11:11.7765590Z     🎯 Using mined locator: label[for='gender-radio-1']
2026-01-18T18:11:11.7765908Z     ✅ Step step_2_ai_4 Passed.
2026-01-18T18:11:11.7766180Z   ▶️ [STEP step_2_ai_5] FILL: Mobile Number
2026-01-18T18:11:11.7766549Z     🎯 Using mined locator: input[placeholder='Mobile Number']
2026-01-18T18:11:11.7766887Z     ✅ Step step_2_ai_5 Passed.
2026-01-18T18:11:11.7767144Z   ▶️ [STEP step_2_ai_6] FILL: Subjects
2026-01-18T18:11:11.7767437Z     🎯 Using mined locator: #subjectsInput
2026-01-18T18:11:11.7767712Z     ✅ Step step_2_ai_6 Passed.
2026-01-18T18:11:11.7767994Z   ▶️ [STEP step_2_ai_7] CLICK: adplus-dvertising
2026-01-18T18:11:11.7768310Z     🎯 Using mined locator: #close-fixedban
2026-01-18T18:11:11.7768588Z     ✅ Step step_2_ai_7 Passed.
2026-01-18T18:11:11.7768833Z   ▶️ [STEP unknown] FILL: First Name
2026-01-18T18:11:11.7769353Z     ❌ Attempt 1 failed (element_not_found): Locator.scroll_into_view_if_needed: Timeout 10000ms exceeded.
2026-01-18T18:11:11.7769800Z Call log:
2026-01-18T18:11:11.7769977Z   - waiting for locator("tex...
2026-01-18T18:11:11.7770324Z     🔧 [AUTO-HEAL] Re-mining page to find 'First Name'...
2026-01-18T18:11:11.7770694Z [DEBUG] Sending request to gemini-2.0-flash. Number of parts: 2
2026-01-18T18:11:11.7771036Z [DEBUG] Received response (Length: 38)
2026-01-18T18:11:11.7771423Z     ❌ AI could not re-locate the element. Waiting 1s before next retry.
2026-01-18T18:11:11.7772022Z     ❌ Attempt 2 failed (element_not_found): Locator.scroll_into_view_if_needed: Timeout 10000ms exceeded.
2026-01-18T18:11:11.7772446Z Call log:
2026-01-18T18:11:11.7772625Z   - waiting for locator("tex...
2026-01-18T18:11:11.7772942Z     🔧 [AUTO-HEAL] Re-mining page to find 'First Name'...
2026-01-18T18:11:11.7773250Z [CACHE HIT] d69340b0... (hits: 1, misses: 1)
2026-01-18T18:11:11.7773643Z     ❌ AI could not re-locate the element. Waiting 1s before next retry.
2026-01-18T18:11:11.7774493Z     ❌ Attempt 3 failed (element_not_found): Locator.scroll_into_view_if_needed: Timeout 10000ms exceeded.
2026-01-18T18:11:11.7774939Z Call log:
2026-01-18T18:11:11.7775120Z   - waiting for locator("tex...
2026-01-18T18:11:11.7775400Z     💀 Step unknown failed after all retries.
2026-01-18T18:11:11.7775824Z 🛑 Scenario 'Fill and Submit Practice Form' aborted due to step failure.
2026-01-18T18:11:11.7776097Z 
2026-01-18T18:11:11.7776194Z ============================================================
2026-01-18T18:11:11.7776485Z 🎯 EXECUTION SUMMARY
2026-01-18T18:11:11.7776701Z ============================================================
2026-01-18T18:11:11.7776882Z 
2026-01-18T18:11:11.7776981Z 📋 Scenario Overview:
2026-01-18T18:11:11.7777221Z    • Total Scenarios Planned: 1
2026-01-18T18:11:11.7777475Z    • Scenarios Executed: 1
2026-01-18T18:11:11.7777722Z    • Total Steps Executed: 10
2026-01-18T18:11:11.7777866Z 
2026-01-18T18:11:11.7777952Z ✅ Results:
2026-01-18T18:11:11.7778145Z    ❌ Failed: 1 (100%)
2026-01-18T18:11:11.7778450Z 
2026-01-18T18:11:11.7778553Z ⚠️  Failed Scenarios:
2026-01-18T18:11:11.7778785Z    • Fill and Submit Practice Form
2026-01-18T18:11:11.7778942Z 
2026-01-18T18:11:11.7779038Z ============================================================
2026-01-18T18:11:11.7779219Z 
2026-01-18T18:11:11.7779808Z 🏁 Execution Finished. Report: /home/runner/work/build_qa_automation/build_qa_automation/projects/ci_demoqa_forms/execution.json
2026-01-18T18:11:11.9228469Z 
2026-01-18T18:11:11.9229062Z [PHASE] Running Phase: PLANNING
2026-01-18T18:11:11.9230763Z    Command: /opt/hostedtoolcache/Python/3.11.14/x64/bin/python /home/runner/work/build_qa_automation/build_qa_automation/core/agents/planner.py --project /home/runner/work/build_qa_automation/build_qa_automation/projects/ci_demoqa_forms --goal Navigate to Forms, fill Practice Form with all fields (name, email, gender, mobile, subjects, hobbies, address), submit --url https://demoqa.com/
2026-01-18T18:11:11.9232590Z ✅ Phase 'planning' completed successfully.
2026-01-18T18:11:11.9232841Z 
2026-01-18T18:11:11.9232937Z [PHASE] Running Phase: EXPLORATION
2026-01-18T18:11:11.9234006Z    Command: /opt/hostedtoolcache/Python/3.11.14/x64/bin/python /home/runner/work/build_qa_automation/build_qa_automation/core/agents/explorer.py --project /home/runner/work/build_qa_automation/build_qa_automation/projects/ci_demoqa_forms
2026-01-18T18:11:11.9235498Z ✅ Phase 'exploration' completed successfully.
2026-01-18T18:11:11.9235879Z 📊 Exploration Discovery Success Rate: 36.8%
2026-01-18T18:11:11.9236357Z ⚠️ Exploration failed to find stable locators for key steps. Execution might fail.
2026-01-18T18:11:11.9236676Z 
2026-01-18T18:11:11.9236769Z [PHASE] Running Phase: EXECUTION
2026-01-18T18:11:11.9237672Z    Command: /opt/hostedtoolcache/Python/3.11.14/x64/bin/python /home/runner/work/build_qa_automation/build_qa_automation/core/agents/executor.py --project /home/runner/work/build_qa_automation/build_qa_automation/projects/ci_demoqa_forms
2026-01-18T18:11:11.9238649Z ✅ Phase 'execution' completed successfully.
2026-01-18T18:11:11.9238839Z 
2026-01-18T18:11:11.9238980Z [DONE] Pipeline Execution Finished! [DONE]
2026-01-18T18:11:12.0307087Z ##[group]Run # The new orchestrator outputs execution.json in the project root
2026-01-18T18:11:12.0307634Z [36;1m# The new orchestrator outputs execution.json in the project root[0m
2026-01-18T18:11:12.0308078Z [36;1mRESULT_FILE="projects/ci_demoqa_forms/execution.json"[0m
2026-01-18T18:11:12.0308426Z [36;1mif [ -f "$RESULT_FILE" ]; then[0m
2026-01-18T18:11:12.0308769Z [36;1m  echo "✅ Results generated successfully: $RESULT_FILE"[0m
2026-01-18T18:11:12.0309180Z [36;1m  # Extract count of passed scenarios/steps for visibility[0m
2026-01-18T18:11:12.0309623Z [36;1m  cat "$RESULT_FILE" | jq '.scenarios | length' || echo "Result file exists"[0m
2026-01-18T18:11:12.0309992Z [36;1melse[0m
2026-01-18T18:11:12.0310220Z [36;1m  echo "❌ No result file found at $RESULT_FILE"[0m
2026-01-18T18:11:12.0310494Z [36;1m  exit 1[0m
2026-01-18T18:11:12.0310695Z [36;1mfi[0m
2026-01-18T18:11:12.0341795Z shell: /usr/bin/bash -e {0}
2026-01-18T18:11:12.0342017Z env:
2026-01-18T18:11:12.0342295Z   pythonLocation: /opt/hostedtoolcache/Python/3.11.14/x64
2026-01-18T18:11:12.0342714Z   PKG_CONFIG_PATH: /opt/hostedtoolcache/Python/3.11.14/x64/lib/pkgconfig
2026-01-18T18:11:12.0343112Z   Python_ROOT_DIR: /opt/hostedtoolcache/Python/3.11.14/x64
2026-01-18T18:11:12.0343469Z   Python2_ROOT_DIR: /opt/hostedtoolcache/Python/3.11.14/x64
2026-01-18T18:11:12.0343836Z   Python3_ROOT_DIR: /opt/hostedtoolcache/Python/3.11.14/x64
2026-01-18T18:11:12.0344391Z   LD_LIBRARY_PATH: /opt/hostedtoolcache/Python/3.11.14/x64/lib
2026-01-18T18:11:12.0344712Z ##[endgroup]
2026-01-18T18:11:12.0396355Z ✅ Results generated successfully: projects/ci_demoqa_forms/execution.json
2026-01-18T18:11:12.0422315Z 1
2026-01-18T18:11:12.0482695Z ##[group]Run actions/upload-artifact@v4
2026-01-18T18:11:12.0482973Z with:
2026-01-18T18:11:12.0483170Z   name: demoqa_forms-execution-results
2026-01-18T18:11:12.0483630Z   path: projects/ci_demoqa_forms/execution.json
2026-01-18T18:11:12.0483902Z   retention-days: 30
2026-01-18T18:11:12.0484310Z   if-no-files-found: warn
2026-01-18T18:11:12.0484563Z   compression-level: 6
2026-01-18T18:11:12.0484762Z   overwrite: false
2026-01-18T18:11:12.0484953Z   include-hidden-files: false
2026-01-18T18:11:12.0485169Z env:
2026-01-18T18:11:12.0485404Z   pythonLocation: /opt/hostedtoolcache/Python/3.11.14/x64
2026-01-18T18:11:12.0485818Z   PKG_CONFIG_PATH: /opt/hostedtoolcache/Python/3.11.14/x64/lib/pkgconfig
2026-01-18T18:11:12.0486220Z   Python_ROOT_DIR: /opt/hostedtoolcache/Python/3.11.14/x64
2026-01-18T18:11:12.0486577Z   Python2_ROOT_DIR: /opt/hostedtoolcache/Python/3.11.14/x64
2026-01-18T18:11:12.0486942Z   Python3_ROOT_DIR: /opt/hostedtoolcache/Python/3.11.14/x64
2026-01-18T18:11:12.0487344Z   LD_LIBRARY_PATH: /opt/hostedtoolcache/Python/3.11.14/x64/lib
2026-01-18T18:11:12.0487642Z ##[endgroup]
2026-01-18T18:11:12.2663578Z With the provided path, there will be 1 file uploaded
2026-01-18T18:11:12.2669094Z Artifact name is valid!
2026-01-18T18:11:12.2670348Z Root directory input is valid!
2026-01-18T18:11:12.3953523Z Beginning upload of artifact content to blob storage
2026-01-18T18:11:12.5323793Z Uploaded bytes 474
2026-01-18T18:11:12.5700747Z Finished uploading artifact content to blob storage!
2026-01-18T18:11:12.5703753Z SHA256 digest of uploaded artifact zip is dd21978394bd80a3c74dab30b67122d7c13734ac1f59401ded35c35cca0be434
2026-01-18T18:11:12.5705657Z Finalizing artifact upload
2026-01-18T18:11:12.6623615Z Artifact demoqa_forms-execution-results.zip successfully finalized. Artifact ID 5169801993
2026-01-18T18:11:12.6625308Z Artifact demoqa_forms-execution-results has been successfully uploaded! Final size is 474 bytes. Artifact ID is 5169801993
2026-01-18T18:11:12.6633742Z Artifact download URL: https://github.com/vishvasmca-cmd/build_qa_automation/actions/runs/21116242843/artifacts/5169801993
2026-01-18T18:11:12.6764999Z Post job cleanup.
2026-01-18T18:11:12.8366877Z Cache hit occurred on the primary key setup-python-Linux-x64-24.04-Ubuntu-python-3.11.14-pip-dde08d0e0b672972dcda9f1a063036a2e0c226f5d0a20362e9401931676d80a4, not saving cache.
2026-01-18T18:11:12.8540208Z Post job cleanup.
2026-01-18T18:11:12.9539550Z [command]/usr/bin/git version
2026-01-18T18:11:12.9584876Z git version 2.52.0
2026-01-18T18:11:12.9632585Z Temporarily overriding HOME='/home/runner/work/_temp/bc557a27-98ea-4500-9254-3a0e75143cb9' before making global git config changes
2026-01-18T18:11:12.9634029Z Adding repository directory to the temporary git global config as a safe directory
2026-01-18T18:11:12.9647988Z [command]/usr/bin/git config --global --add safe.directory /home/runner/work/build_qa_automation/build_qa_automation
2026-01-18T18:11:12.9690336Z [command]/usr/bin/git config --local --name-only --get-regexp core\.sshCommand
2026-01-18T18:11:12.9733356Z [command]/usr/bin/git submodule foreach --recursive sh -c "git config --local --name-only --get-regexp 'core\.sshCommand' && git config --local --unset-all 'core.sshCommand' || :"
2026-01-18T18:11:12.9987084Z [command]/usr/bin/git config --local --name-only --get-regexp http\.https\:\/\/github\.com\/\.extraheader
2026-01-18T18:11:13.0010762Z http.https://github.com/.extraheader
2026-01-18T18:11:13.0023696Z [command]/usr/bin/git config --local --unset-all http.https://github.com/.extraheader
2026-01-18T18:11:13.0059597Z [command]/usr/bin/git submodule foreach --recursive sh -c "git config --local --name-only --get-regexp 'http\.https\:\/\/github\.com\/\.extraheader' && git config --local --unset-all 'http.https://github.com/.extraheader' || :"
2026-01-18T18:11:13.0311732Z [command]/usr/bin/git config --local --name-only --get-regexp ^includeIf\.gitdir:
2026-01-18T18:11:13.0353823Z [command]/usr/bin/git submodule foreach --recursive git config --local --show-origin --name-only --get-regexp remote.origin.url
2026-01-18T18:11:13.0708732Z Cleaning up orphan processes
