2026-01-19T04:29:46.7988713Z Current runner version: '2.331.0'
2026-01-19T04:29:46.8012200Z ##[group]Runner Image Provisioner
2026-01-19T04:29:46.8013191Z Hosted Compute Agent
2026-01-19T04:29:46.8013764Z Version: 20251211.462
2026-01-19T04:29:46.8014375Z Commit: 6cbad8c2bb55d58165063d031ccabf57e2d2db61
2026-01-19T04:29:46.8015117Z Build Date: 2025-12-11T16:28:49Z
2026-01-19T04:29:46.8015791Z Worker ID: {d1e93fea-7fef-47cd-947a-b458bbbcc9b9}
2026-01-19T04:29:46.8016496Z ##[endgroup]
2026-01-19T04:29:46.8017057Z ##[group]Operating System
2026-01-19T04:29:46.8017606Z Ubuntu
2026-01-19T04:29:46.8018033Z 24.04.3
2026-01-19T04:29:46.8018549Z LTS
2026-01-19T04:29:46.8019050Z ##[endgroup]
2026-01-19T04:29:46.8019503Z ##[group]Runner Image
2026-01-19T04:29:46.8020106Z Image: ubuntu-24.04
2026-01-19T04:29:46.8020590Z Version: 20260111.209.1
2026-01-19T04:29:46.8022064Z Included Software: https://github.com/actions/runner-images/blob/ubuntu24/20260111.209/images/ubuntu/Ubuntu2404-Readme.md
2026-01-19T04:29:46.8023958Z Image Release: https://github.com/actions/runner-images/releases/tag/ubuntu24%2F20260111.209
2026-01-19T04:29:46.8024950Z ##[endgroup]
2026-01-19T04:29:46.8026096Z ##[group]GITHUB_TOKEN Permissions
2026-01-19T04:29:46.8027912Z Contents: read
2026-01-19T04:29:46.8028553Z Metadata: read
2026-01-19T04:29:46.8029070Z Packages: read
2026-01-19T04:29:46.8029591Z ##[endgroup]
2026-01-19T04:29:46.8032258Z Secret source: Actions
2026-01-19T04:29:46.8033042Z Prepare workflow directory
2026-01-19T04:29:46.8988283Z Prepare all required actions
2026-01-19T04:29:46.9026286Z Getting action download info
2026-01-19T04:29:47.2858149Z Download action repository 'actions/checkout@v4' (SHA:34e114876b0b11c390a56381ad16ebd13914f8d5)
2026-01-19T04:29:47.3910029Z Download action repository 'actions/setup-python@v5' (SHA:a26af69be951a213d495a4c3e4e4022e16d87065)
2026-01-19T04:29:47.4727213Z Download action repository 'actions/upload-artifact@v4' (SHA:ea165f8d65b6e75b540449e92b4886f43607fa02)
2026-01-19T04:29:47.7822204Z Complete job name: test-websites-deep (w3schools_tryit, https://www.w3schools.com/html/tryit.asp?filename=tryhtml_de...
2026-01-19T04:29:47.9776052Z ##[group]Run actions/checkout@v4
2026-01-19T04:29:47.9776909Z with:
2026-01-19T04:29:47.9777366Z   repository: vishvasmca-cmd/build_qa_automation
2026-01-19T04:29:47.9778122Z   token: ***
2026-01-19T04:29:47.9778503Z   ssh-strict: true
2026-01-19T04:29:47.9778886Z   ssh-user: git
2026-01-19T04:29:47.9779282Z   persist-credentials: true
2026-01-19T04:29:47.9779712Z   clean: true
2026-01-19T04:29:47.9780101Z   sparse-checkout-cone-mode: true
2026-01-19T04:29:47.9780572Z   fetch-depth: 1
2026-01-19T04:29:47.9780952Z   fetch-tags: false
2026-01-19T04:29:47.9781347Z   show-progress: true
2026-01-19T04:29:47.9781744Z   lfs: false
2026-01-19T04:29:47.9782264Z   submodules: false
2026-01-19T04:29:47.9782670Z   set-safe-directory: true
2026-01-19T04:29:47.9783395Z ##[endgroup]
2026-01-19T04:29:48.0841439Z Syncing repository: vishvasmca-cmd/build_qa_automation
2026-01-19T04:29:48.0843398Z ##[group]Getting Git version info
2026-01-19T04:29:48.0844318Z Working directory is '/home/runner/work/build_qa_automation/build_qa_automation'
2026-01-19T04:29:48.0845426Z [command]/usr/bin/git version
2026-01-19T04:29:48.0921580Z git version 2.52.0
2026-01-19T04:29:48.0947217Z ##[endgroup]
2026-01-19T04:29:48.0961008Z Temporarily overriding HOME='/home/runner/work/_temp/140827d8-c16f-47ea-a20a-8cda530e7808' before making global git config changes
2026-01-19T04:29:48.0962613Z Adding repository directory to the temporary git global config as a safe directory
2026-01-19T04:29:48.0973436Z [command]/usr/bin/git config --global --add safe.directory /home/runner/work/build_qa_automation/build_qa_automation
2026-01-19T04:29:48.1011616Z Deleting the contents of '/home/runner/work/build_qa_automation/build_qa_automation'
2026-01-19T04:29:48.1015101Z ##[group]Initializing the repository
2026-01-19T04:29:48.1019074Z [command]/usr/bin/git init /home/runner/work/build_qa_automation/build_qa_automation
2026-01-19T04:29:48.1118730Z hint: Using 'master' as the name for the initial branch. This default branch name
2026-01-19T04:29:48.1120104Z hint: will change to "main" in Git 3.0. To configure the initial branch name
2026-01-19T04:29:48.1121058Z hint: to use in all of your new repositories, which will suppress this warning,
2026-01-19T04:29:48.1122013Z hint: call:
2026-01-19T04:29:48.1122475Z hint:
2026-01-19T04:29:48.1123258Z hint: 	git config --global init.defaultBranch <name>
2026-01-19T04:29:48.1124255Z hint:
2026-01-19T04:29:48.1124940Z hint: Names commonly chosen instead of 'master' are 'main', 'trunk' and
2026-01-19T04:29:48.1125878Z hint: 'development'. The just-created branch can be renamed via this command:
2026-01-19T04:29:48.1126650Z hint:
2026-01-19T04:29:48.1127101Z hint: 	git branch -m <name>
2026-01-19T04:29:48.1127607Z hint:
2026-01-19T04:29:48.1128257Z hint: Disable this message with "git config set advice.defaultBranchName false"
2026-01-19T04:29:48.1129592Z Initialized empty Git repository in /home/runner/work/build_qa_automation/build_qa_automation/.git/
2026-01-19T04:29:48.1134823Z [command]/usr/bin/git remote add origin https://github.com/vishvasmca-cmd/build_qa_automation
2026-01-19T04:29:48.1166412Z ##[endgroup]
2026-01-19T04:29:48.1167169Z ##[group]Disabling automatic garbage collection
2026-01-19T04:29:48.1170805Z [command]/usr/bin/git config --local gc.auto 0
2026-01-19T04:29:48.1197859Z ##[endgroup]
2026-01-19T04:29:48.1198514Z ##[group]Setting up auth
2026-01-19T04:29:48.1204861Z [command]/usr/bin/git config --local --name-only --get-regexp core\.sshCommand
2026-01-19T04:29:48.1233331Z [command]/usr/bin/git submodule foreach --recursive sh -c "git config --local --name-only --get-regexp 'core\.sshCommand' && git config --local --unset-all 'core.sshCommand' || :"
2026-01-19T04:29:48.1565013Z [command]/usr/bin/git config --local --name-only --get-regexp http\.https\:\/\/github\.com\/\.extraheader
2026-01-19T04:29:48.1594080Z [command]/usr/bin/git submodule foreach --recursive sh -c "git config --local --name-only --get-regexp 'http\.https\:\/\/github\.com\/\.extraheader' && git config --local --unset-all 'http.https://github.com/.extraheader' || :"
2026-01-19T04:29:48.1805647Z [command]/usr/bin/git config --local --name-only --get-regexp ^includeIf\.gitdir:
2026-01-19T04:29:48.1833493Z [command]/usr/bin/git submodule foreach --recursive git config --local --show-origin --name-only --get-regexp remote.origin.url
2026-01-19T04:29:48.2055901Z [command]/usr/bin/git config --local http.https://github.com/.extraheader AUTHORIZATION: basic ***
2026-01-19T04:29:48.2089168Z ##[endgroup]
2026-01-19T04:29:48.2090429Z ##[group]Fetching the repository
2026-01-19T04:29:48.2098737Z [command]/usr/bin/git -c protocol.version=2 fetch --no-tags --prune --no-recurse-submodules --depth=1 origin +2f305d435d899f67f11ae5adc61ad536fdd999e8:refs/remotes/origin/main
2026-01-19T04:29:49.3679765Z From https://github.com/vishvasmca-cmd/build_qa_automation
2026-01-19T04:29:49.3680978Z  * [new ref]         2f305d435d899f67f11ae5adc61ad536fdd999e8 -> origin/main
2026-01-19T04:29:49.3712334Z ##[endgroup]
2026-01-19T04:29:49.3713068Z ##[group]Determining the checkout info
2026-01-19T04:29:49.3714939Z ##[endgroup]
2026-01-19T04:29:49.3719693Z [command]/usr/bin/git sparse-checkout disable
2026-01-19T04:29:49.3758777Z [command]/usr/bin/git config --local --unset-all extensions.worktreeConfig
2026-01-19T04:29:49.3784319Z ##[group]Checking out the ref
2026-01-19T04:29:49.3787745Z [command]/usr/bin/git checkout --progress --force -B main refs/remotes/origin/main
2026-01-19T04:29:49.5246280Z Switched to a new branch 'main'
2026-01-19T04:29:49.5248343Z branch 'main' set up to track 'origin/main'.
2026-01-19T04:29:49.5275006Z ##[endgroup]
2026-01-19T04:29:49.5315221Z [command]/usr/bin/git log -1 --format=%H
2026-01-19T04:29:49.5336980Z 2f305d435d899f67f11ae5adc61ad536fdd999e8
2026-01-19T04:29:49.6435275Z ##[group]Run actions/setup-python@v5
2026-01-19T04:29:49.6435766Z with:
2026-01-19T04:29:49.6436088Z   python-version: 3.11
2026-01-19T04:29:49.6436450Z   cache: pip
2026-01-19T04:29:49.6437018Z   check-latest: false
2026-01-19T04:29:49.6437543Z   token: ***
2026-01-19T04:29:49.6437906Z   update-environment: true
2026-01-19T04:29:49.6438306Z   allow-prereleases: false
2026-01-19T04:29:49.6438686Z   freethreaded: false
2026-01-19T04:29:49.6439063Z ##[endgroup]
2026-01-19T04:29:49.8082836Z ##[group]Installed versions
2026-01-19T04:29:49.8189604Z Successfully set up CPython (3.11.14)
2026-01-19T04:29:49.8190604Z ##[endgroup]
2026-01-19T04:29:49.9228487Z [command]/opt/hostedtoolcache/Python/3.11.14/x64/bin/pip cache dir
2026-01-19T04:29:50.2118810Z /home/runner/.cache/pip
2026-01-19T04:29:50.4920411Z Cache hit for: setup-python-Linux-x64-24.04-Ubuntu-python-3.11.14-pip-dde08d0e0b672972dcda9f1a063036a2e0c226f5d0a20362e9401931676d80a4
2026-01-19T04:29:51.7826622Z Received 8388608 of 254742636 (3.3%), 8.0 MBs/sec
2026-01-19T04:29:52.7833537Z Received 134217728 of 254742636 (52.7%), 63.9 MBs/sec
2026-01-19T04:29:53.6823120Z Received 254742636 of 254742636 (100.0%), 83.7 MBs/sec
2026-01-19T04:29:53.6824254Z Cache Size: ~243 MB (254742636 B)
2026-01-19T04:29:53.6896492Z [command]/usr/bin/tar -xf /home/runner/work/_temp/f7640448-9fa2-4ab4-8ad7-cd85baf8b0d6/cache.tzst -P -C /home/runner/work/build_qa_automation/build_qa_automation --use-compress-program unzstd
2026-01-19T04:29:54.0743866Z Cache restored successfully
2026-01-19T04:29:54.1243240Z Cache restored from key: setup-python-Linux-x64-24.04-Ubuntu-python-3.11.14-pip-dde08d0e0b672972dcda9f1a063036a2e0c226f5d0a20362e9401931676d80a4
2026-01-19T04:29:54.1791693Z ##[group]Run pip install -r requirements.txt
2026-01-19T04:29:54.1792379Z [36;1mpip install -r requirements.txt[0m
2026-01-19T04:29:54.1792680Z [36;1mplaywright install chromium[0m
2026-01-19T04:29:54.1830401Z shell: /usr/bin/bash -e {0}
2026-01-19T04:29:54.1830674Z env:
2026-01-19T04:29:54.1830931Z   pythonLocation: /opt/hostedtoolcache/Python/3.11.14/x64
2026-01-19T04:29:54.1831372Z   PKG_CONFIG_PATH: /opt/hostedtoolcache/Python/3.11.14/x64/lib/pkgconfig
2026-01-19T04:29:54.1832038Z   Python_ROOT_DIR: /opt/hostedtoolcache/Python/3.11.14/x64
2026-01-19T04:29:54.1832441Z   Python2_ROOT_DIR: /opt/hostedtoolcache/Python/3.11.14/x64
2026-01-19T04:29:54.1832823Z   Python3_ROOT_DIR: /opt/hostedtoolcache/Python/3.11.14/x64
2026-01-19T04:29:54.1833195Z   LD_LIBRARY_PATH: /opt/hostedtoolcache/Python/3.11.14/x64/lib
2026-01-19T04:29:54.1833502Z ##[endgroup]
2026-01-19T04:29:54.8234795Z Collecting playwright (from -r requirements.txt (line 1))
2026-01-19T04:29:54.8252214Z   Using cached playwright-1.57.0-py3-none-manylinux1_x86_64.whl.metadata (3.5 kB)
2026-01-19T04:29:54.8405790Z Collecting python-dotenv (from -r requirements.txt (line 2))
2026-01-19T04:29:54.8421319Z   Using cached python_dotenv-1.2.1-py3-none-any.whl.metadata (25 kB)
2026-01-19T04:29:54.8675405Z Collecting requests (from -r requirements.txt (line 3))
2026-01-19T04:29:54.8689348Z   Using cached requests-2.32.5-py3-none-any.whl.metadata (4.9 kB)
2026-01-19T04:29:55.0335212Z Collecting pillow (from -r requirements.txt (line 4))
2026-01-19T04:29:55.0352328Z   Using cached pillow-12.1.0-cp311-cp311-manylinux_2_27_x86_64.manylinux_2_28_x86_64.whl.metadata (8.8 kB)
2026-01-19T04:29:55.0589243Z Collecting google-genai>=0.3.0 (from -r requirements.txt (line 5))
2026-01-19T04:29:55.0603169Z   Using cached google_genai-1.59.0-py3-none-any.whl.metadata (53 kB)
2026-01-19T04:29:55.0787155Z Collecting termcolor (from -r requirements.txt (line 6))
2026-01-19T04:29:55.0807987Z   Using cached termcolor-3.3.0-py3-none-any.whl.metadata (6.5 kB)
2026-01-19T04:29:55.1196992Z Collecting PyYAML (from -r requirements.txt (line 7))
2026-01-19T04:29:55.1211104Z   Using cached pyyaml-6.0.3-cp311-cp311-manylinux2014_x86_64.manylinux_2_17_x86_64.manylinux_2_28_x86_64.whl.metadata (2.4 kB)
2026-01-19T04:29:55.1776229Z Collecting opencv-python-headless (from -r requirements.txt (line 8))
2026-01-19T04:29:55.1790304Z   Using cached opencv_python_headless-4.13.0.90-cp37-abi3-manylinux_2_28_x86_64.whl.metadata (19 kB)
2026-01-19T04:29:55.3662048Z Collecting numpy (from -r requirements.txt (line 9))
2026-01-19T04:29:55.3683571Z   Using cached numpy-2.4.1-cp311-cp311-manylinux_2_27_x86_64.manylinux_2_28_x86_64.whl.metadata (6.6 kB)
2026-01-19T04:29:55.4479352Z Collecting faker (from -r requirements.txt (line 10))
2026-01-19T04:29:55.4493844Z   Using cached faker-40.1.2-py3-none-any.whl.metadata (16 kB)
2026-01-19T04:29:55.4653560Z Collecting pyee<14,>=13 (from playwright->-r requirements.txt (line 1))
2026-01-19T04:29:55.4666389Z   Using cached pyee-13.0.0-py3-none-any.whl.metadata (2.9 kB)
2026-01-19T04:29:55.5812691Z Collecting greenlet<4.0.0,>=3.1.1 (from playwright->-r requirements.txt (line 1))
2026-01-19T04:29:55.5827424Z   Using cached greenlet-3.3.0-cp311-cp311-manylinux_2_24_x86_64.manylinux_2_28_x86_64.whl.metadata (4.1 kB)
2026-01-19T04:29:55.5988104Z Collecting typing-extensions (from pyee<14,>=13->playwright->-r requirements.txt (line 1))
2026-01-19T04:29:55.6000811Z   Using cached typing_extensions-4.15.0-py3-none-any.whl.metadata (3.3 kB)
2026-01-19T04:29:55.6766425Z Collecting charset_normalizer<4,>=2 (from requests->-r requirements.txt (line 3))
2026-01-19T04:29:55.6780141Z   Using cached charset_normalizer-3.4.4-cp311-cp311-manylinux2014_x86_64.manylinux_2_17_x86_64.manylinux_2_28_x86_64.whl.metadata (37 kB)
2026-01-19T04:29:55.6913875Z Collecting idna<4,>=2.5 (from requests->-r requirements.txt (line 3))
2026-01-19T04:29:55.6926591Z   Using cached idna-3.11-py3-none-any.whl.metadata (8.4 kB)
2026-01-19T04:29:55.7192915Z Collecting urllib3<3,>=1.21.1 (from requests->-r requirements.txt (line 3))
2026-01-19T04:29:55.7209377Z   Using cached urllib3-2.6.3-py3-none-any.whl.metadata (6.9 kB)
2026-01-19T04:29:55.7398033Z Collecting certifi>=2017.4.17 (from requests->-r requirements.txt (line 3))
2026-01-19T04:29:55.7410773Z   Using cached certifi-2026.1.4-py3-none-any.whl.metadata (2.5 kB)
2026-01-19T04:29:55.7588618Z Collecting anyio<5.0.0,>=4.8.0 (from google-genai>=0.3.0->-r requirements.txt (line 5))
2026-01-19T04:29:55.7601470Z   Using cached anyio-4.12.1-py3-none-any.whl.metadata (4.3 kB)
2026-01-19T04:29:55.7953080Z Collecting google-auth<3.0.0,>=2.47.0 (from google-auth[requests]<3.0.0,>=2.47.0->google-genai>=0.3.0->-r requirements.txt (line 5))
2026-01-19T04:29:55.7965976Z   Using cached google_auth-2.47.0-py3-none-any.whl.metadata (6.4 kB)
2026-01-19T04:29:55.8174421Z Collecting httpx<1.0.0,>=0.28.1 (from google-genai>=0.3.0->-r requirements.txt (line 5))
2026-01-19T04:29:55.8186966Z   Using cached httpx-0.28.1-py3-none-any.whl.metadata (7.1 kB)
2026-01-19T04:29:55.9560104Z Collecting pydantic<3.0.0,>=2.9.0 (from google-genai>=0.3.0->-r requirements.txt (line 5))
2026-01-19T04:29:55.9575251Z   Using cached pydantic-2.12.5-py3-none-any.whl.metadata (90 kB)
2026-01-19T04:29:55.9837645Z Collecting tenacity<9.2.0,>=8.2.3 (from google-genai>=0.3.0->-r requirements.txt (line 5))
2026-01-19T04:29:55.9850369Z   Using cached tenacity-9.1.2-py3-none-any.whl.metadata (1.2 kB)
2026-01-19T04:29:56.0693281Z Collecting websockets<15.1.0,>=13.0.0 (from google-genai>=0.3.0->-r requirements.txt (line 5))
2026-01-19T04:29:56.0707757Z   Using cached websockets-15.0.1-cp311-cp311-manylinux_2_5_x86_64.manylinux1_x86_64.manylinux_2_17_x86_64.manylinux2014_x86_64.whl.metadata (6.8 kB)
2026-01-19T04:29:56.0832070Z Collecting distro<2,>=1.7.0 (from google-genai>=0.3.0->-r requirements.txt (line 5))
2026-01-19T04:29:56.0845375Z   Using cached distro-1.9.0-py3-none-any.whl.metadata (6.8 kB)
2026-01-19T04:29:56.0949638Z Collecting sniffio (from google-genai>=0.3.0->-r requirements.txt (line 5))
2026-01-19T04:29:56.0963440Z   Using cached sniffio-1.3.1-py3-none-any.whl.metadata (3.9 kB)
2026-01-19T04:29:56.1649695Z Collecting pyasn1-modules>=0.2.1 (from google-auth<3.0.0,>=2.47.0->google-auth[requests]<3.0.0,>=2.47.0->google-genai>=0.3.0->-r requirements.txt (line 5))
2026-01-19T04:29:56.1662797Z   Using cached pyasn1_modules-0.4.2-py3-none-any.whl.metadata (3.5 kB)
2026-01-19T04:29:56.1810202Z Collecting rsa<5,>=3.1.4 (from google-auth<3.0.0,>=2.47.0->google-auth[requests]<3.0.0,>=2.47.0->google-genai>=0.3.0->-r requirements.txt (line 5))
2026-01-19T04:29:56.1823682Z   Using cached rsa-4.9.1-py3-none-any.whl.metadata (5.6 kB)
2026-01-19T04:29:56.2129473Z Collecting httpcore==1.* (from httpx<1.0.0,>=0.28.1->google-genai>=0.3.0->-r requirements.txt (line 5))
2026-01-19T04:29:56.2143412Z   Using cached httpcore-1.0.9-py3-none-any.whl.metadata (21 kB)
2026-01-19T04:29:56.2249047Z Collecting h11>=0.16 (from httpcore==1.*->httpx<1.0.0,>=0.28.1->google-genai>=0.3.0->-r requirements.txt (line 5))
2026-01-19T04:29:56.2262254Z   Using cached h11-0.16.0-py3-none-any.whl.metadata (8.3 kB)
2026-01-19T04:29:56.2357663Z Collecting annotated-types>=0.6.0 (from pydantic<3.0.0,>=2.9.0->google-genai>=0.3.0->-r requirements.txt (line 5))
2026-01-19T04:29:56.2371207Z   Using cached annotated_types-0.7.0-py3-none-any.whl.metadata (15 kB)
2026-01-19T04:29:56.8747430Z Collecting pydantic-core==2.41.5 (from pydantic<3.0.0,>=2.9.0->google-genai>=0.3.0->-r requirements.txt (line 5))
2026-01-19T04:29:56.8763126Z   Using cached pydantic_core-2.41.5-cp311-cp311-manylinux_2_17_x86_64.manylinux2014_x86_64.whl.metadata (7.3 kB)
2026-01-19T04:29:56.9176022Z Collecting typing-inspection>=0.4.2 (from pydantic<3.0.0,>=2.9.0->google-genai>=0.3.0->-r requirements.txt (line 5))
2026-01-19T04:29:56.9189379Z   Using cached typing_inspection-0.4.2-py3-none-any.whl.metadata (2.6 kB)
2026-01-19T04:29:57.0044535Z Collecting pyasn1>=0.1.3 (from rsa<5,>=3.1.4->google-auth<3.0.0,>=2.47.0->google-auth[requests]<3.0.0,>=2.47.0->google-genai>=0.3.0->-r requirements.txt (line 5))
2026-01-19T04:29:57.0059368Z   Using cached pyasn1-0.6.2-py3-none-any.whl.metadata (8.4 kB)
2026-01-19T04:29:57.0326351Z Using cached playwright-1.57.0-py3-none-manylinux1_x86_64.whl (46.0 MB)
2026-01-19T04:29:57.0661406Z Using cached greenlet-3.3.0-cp311-cp311-manylinux_2_24_x86_64.manylinux_2_28_x86_64.whl (590 kB)
2026-01-19T04:29:57.0677681Z Using cached pyee-13.0.0-py3-none-any.whl (15 kB)
2026-01-19T04:29:57.0691151Z Using cached python_dotenv-1.2.1-py3-none-any.whl (21 kB)
2026-01-19T04:29:57.0704457Z Using cached requests-2.32.5-py3-none-any.whl (64 kB)
2026-01-19T04:29:57.0718468Z Using cached charset_normalizer-3.4.4-cp311-cp311-manylinux2014_x86_64.manylinux_2_17_x86_64.manylinux_2_28_x86_64.whl (151 kB)
2026-01-19T04:29:57.0732171Z Using cached idna-3.11-py3-none-any.whl (71 kB)
2026-01-19T04:29:57.0745513Z Using cached urllib3-2.6.3-py3-none-any.whl (131 kB)
2026-01-19T04:29:57.0759449Z Using cached pillow-12.1.0-cp311-cp311-manylinux_2_27_x86_64.manylinux_2_28_x86_64.whl (7.0 MB)
2026-01-19T04:29:57.0821543Z Using cached google_genai-1.59.0-py3-none-any.whl (719 kB)
2026-01-19T04:29:57.0839434Z Using cached anyio-4.12.1-py3-none-any.whl (113 kB)
2026-01-19T04:29:57.0853064Z Using cached distro-1.9.0-py3-none-any.whl (20 kB)
2026-01-19T04:29:57.0866003Z Using cached google_auth-2.47.0-py3-none-any.whl (234 kB)
2026-01-19T04:29:57.0880282Z Using cached httpx-0.28.1-py3-none-any.whl (73 kB)
2026-01-19T04:29:57.0893960Z Using cached httpcore-1.0.9-py3-none-any.whl (78 kB)
2026-01-19T04:29:57.0907398Z Using cached pydantic-2.12.5-py3-none-any.whl (463 kB)
2026-01-19T04:29:57.0923998Z Using cached pydantic_core-2.41.5-cp311-cp311-manylinux_2_17_x86_64.manylinux2014_x86_64.whl (2.1 MB)
2026-01-19T04:29:57.0950643Z Using cached rsa-4.9.1-py3-none-any.whl (34 kB)
2026-01-19T04:29:57.0963952Z Using cached tenacity-9.1.2-py3-none-any.whl (28 kB)
2026-01-19T04:29:57.0977157Z Using cached typing_extensions-4.15.0-py3-none-any.whl (44 kB)
2026-01-19T04:29:57.0990950Z Using cached websockets-15.0.1-cp311-cp311-manylinux_2_5_x86_64.manylinux1_x86_64.manylinux_2_17_x86_64.manylinux2014_x86_64.whl (182 kB)
2026-01-19T04:29:57.1005190Z Using cached termcolor-3.3.0-py3-none-any.whl (7.7 kB)
2026-01-19T04:29:57.1018854Z Using cached pyyaml-6.0.3-cp311-cp311-manylinux2014_x86_64.manylinux_2_17_x86_64.manylinux_2_28_x86_64.whl (806 kB)
2026-01-19T04:29:57.1037393Z Using cached opencv_python_headless-4.13.0.90-cp37-abi3-manylinux_2_28_x86_64.whl (62.5 MB)
2026-01-19T04:29:57.1486652Z Using cached numpy-2.4.1-cp311-cp311-manylinux_2_27_x86_64.manylinux_2_28_x86_64.whl (16.7 MB)
2026-01-19T04:29:57.1617112Z Using cached faker-40.1.2-py3-none-any.whl (2.0 MB)
2026-01-19T04:29:57.1643875Z Using cached annotated_types-0.7.0-py3-none-any.whl (13 kB)
2026-01-19T04:29:57.1656892Z Using cached certifi-2026.1.4-py3-none-any.whl (152 kB)
2026-01-19T04:29:57.1670475Z Using cached h11-0.16.0-py3-none-any.whl (37 kB)
2026-01-19T04:29:57.1683642Z Using cached pyasn1-0.6.2-py3-none-any.whl (83 kB)
2026-01-19T04:29:57.1697070Z Using cached pyasn1_modules-0.4.2-py3-none-any.whl (181 kB)
2026-01-19T04:29:57.1711285Z Using cached typing_inspection-0.4.2-py3-none-any.whl (14 kB)
2026-01-19T04:29:57.1724500Z Using cached sniffio-1.3.1-py3-none-any.whl (10 kB)
2026-01-19T04:29:57.3734147Z Installing collected packages: websockets, urllib3, typing-extensions, termcolor, tenacity, sniffio, PyYAML, python-dotenv, pyasn1, pillow, numpy, idna, h11, greenlet, faker, distro, charset_normalizer, certifi, annotated-types, typing-inspection, rsa, requests, pyee, pydantic-core, pyasn1-modules, opencv-python-headless, httpcore, anyio, pydantic, playwright, httpx, google-auth, google-genai
2026-01-19T04:30:04.2994962Z 
2026-01-19T04:30:04.3019039Z Successfully installed PyYAML-6.0.3 annotated-types-0.7.0 anyio-4.12.1 certifi-2026.1.4 charset_normalizer-3.4.4 distro-1.9.0 faker-40.1.2 google-auth-2.47.0 google-genai-1.59.0 greenlet-3.3.0 h11-0.16.0 httpcore-1.0.9 httpx-0.28.1 idna-3.11 numpy-2.4.1 opencv-python-headless-4.13.0.90 pillow-12.1.0 playwright-1.57.0 pyasn1-0.6.2 pyasn1-modules-0.4.2 pydantic-2.12.5 pydantic-core-2.41.5 pyee-13.0.0 python-dotenv-1.2.1 requests-2.32.5 rsa-4.9.1 sniffio-1.3.1 tenacity-9.1.2 termcolor-3.3.0 typing-extensions-4.15.0 typing-inspection-0.4.2 urllib3-2.6.3 websockets-15.0.1
2026-01-19T04:30:04.8863936Z Downloading Chromium 143.0.7499.4 (playwright build v1200) from https://cdn.playwright.dev/dbazure/download/playwright/builds/chromium/1200/chromium-linux.zip
2026-01-19T04:30:04.9830629Z (node:2183) [DEP0169] DeprecationWarning: `url.parse()` behavior is not standardized and prone to errors that have security implications. Use the WHATWG URL API instead. CVEs are not issued for `url.parse()` vulnerabilities.
2026-01-19T04:30:04.9832307Z (Use `node --trace-deprecation ...` to show where the warning was created)
2026-01-19T04:30:05.1177510Z |                                                                                |   0% of 164.7 MiB
2026-01-19T04:30:05.2792881Z |■■■■■■■■                                                                        |  10% of 164.7 MiB
2026-01-19T04:30:05.4017981Z |■■■■■■■■■■■■■■■■                                                                |  20% of 164.7 MiB
2026-01-19T04:30:05.5292766Z |■■■■■■■■■■■■■■■■■■■■■■■■                                                        |  30% of 164.7 MiB
2026-01-19T04:30:05.6420718Z |■■■■■■■■■■■■■■■■■■■■■■■■■■■■■■■■                                                |  40% of 164.7 MiB
2026-01-19T04:30:05.7598478Z |■■■■■■■■■■■■■■■■■■■■■■■■■■■■■■■■■■■■■■■■                                        |  50% of 164.7 MiB
2026-01-19T04:30:05.8931269Z |■■■■■■■■■■■■■■■■■■■■■■■■■■■■■■■■■■■■■■■■■■■■■■■■                                |  60% of 164.7 MiB
2026-01-19T04:30:06.0231983Z |■■■■■■■■■■■■■■■■■■■■■■■■■■■■■■■■■■■■■■■■■■■■■■■■■■■■■■■■                        |  70% of 164.7 MiB
2026-01-19T04:30:06.1879236Z |■■■■■■■■■■■■■■■■■■■■■■■■■■■■■■■■■■■■■■■■■■■■■■■■■■■■■■■■■■■■■■■■                |  80% of 164.7 MiB
2026-01-19T04:30:06.3190441Z |■■■■■■■■■■■■■■■■■■■■■■■■■■■■■■■■■■■■■■■■■■■■■■■■■■■■■■■■■■■■■■■■■■■■■■■■        |  90% of 164.7 MiB
2026-01-19T04:30:06.4406962Z |■■■■■■■■■■■■■■■■■■■■■■■■■■■■■■■■■■■■■■■■■■■■■■■■■■■■■■■■■■■■■■■■■■■■■■■■■■■■■■■■| 100% of 164.7 MiB
2026-01-19T04:30:08.8816858Z Chromium 143.0.7499.4 (playwright build v1200) downloaded to /home/runner/.cache/ms-playwright/chromium-1200
2026-01-19T04:30:08.8820340Z Downloading FFMPEG playwright build v1011 from https://cdn.playwright.dev/dbazure/download/playwright/builds/ffmpeg/1011/ffmpeg-linux.zip
2026-01-19T04:30:08.9770399Z (node:2196) [DEP0169] DeprecationWarning: `url.parse()` behavior is not standardized and prone to errors that have security implications. Use the WHATWG URL API instead. CVEs are not issued for `url.parse()` vulnerabilities.
2026-01-19T04:30:08.9772870Z (Use `node --trace-deprecation ...` to show where the warning was created)
2026-01-19T04:30:09.0106845Z |                                                                                |   0% of 2.3 MiB
2026-01-19T04:30:09.0172727Z |■■■■■■■■                                                                        |  10% of 2.3 MiB
2026-01-19T04:30:09.0191470Z |■■■■■■■■■■■■■■■■                                                                |  20% of 2.3 MiB
2026-01-19T04:30:09.0205315Z |■■■■■■■■■■■■■■■■■■■■■■■■                                                        |  30% of 2.3 MiB
2026-01-19T04:30:09.0229104Z |■■■■■■■■■■■■■■■■■■■■■■■■■■■■■■■■                                                |  40% of 2.3 MiB
2026-01-19T04:30:09.0240331Z |■■■■■■■■■■■■■■■■■■■■■■■■■■■■■■■■■■■■■■■■                                        |  50% of 2.3 MiB
2026-01-19T04:30:09.0256338Z |■■■■■■■■■■■■■■■■■■■■■■■■■■■■■■■■■■■■■■■■■■■■■■■■                                |  60% of 2.3 MiB
2026-01-19T04:30:09.0274904Z |■■■■■■■■■■■■■■■■■■■■■■■■■■■■■■■■■■■■■■■■■■■■■■■■■■■■■■■■                        |  70% of 2.3 MiB
2026-01-19T04:30:09.0290266Z |■■■■■■■■■■■■■■■■■■■■■■■■■■■■■■■■■■■■■■■■■■■■■■■■■■■■■■■■■■■■■■■■                |  80% of 2.3 MiB
2026-01-19T04:30:09.0310177Z |■■■■■■■■■■■■■■■■■■■■■■■■■■■■■■■■■■■■■■■■■■■■■■■■■■■■■■■■■■■■■■■■■■■■■■■■        |  90% of 2.3 MiB
2026-01-19T04:30:09.0319452Z |■■■■■■■■■■■■■■■■■■■■■■■■■■■■■■■■■■■■■■■■■■■■■■■■■■■■■■■■■■■■■■■■■■■■■■■■■■■■■■■■| 100% of 2.3 MiB
2026-01-19T04:30:09.0856999Z FFMPEG playwright build v1011 downloaded to /home/runner/.cache/ms-playwright/ffmpeg-1011
2026-01-19T04:30:09.0860680Z Downloading Chromium Headless Shell 143.0.7499.4 (playwright build v1200) from https://cdn.playwright.dev/dbazure/download/playwright/builds/chromium/1200/chromium-headless-shell-linux.zip
2026-01-19T04:30:09.1816830Z (node:2207) [DEP0169] DeprecationWarning: `url.parse()` behavior is not standardized and prone to errors that have security implications. Use the WHATWG URL API instead. CVEs are not issued for `url.parse()` vulnerabilities.
2026-01-19T04:30:09.1818827Z (Use `node --trace-deprecation ...` to show where the warning was created)
2026-01-19T04:30:09.2911523Z |                                                                                |   0% of 109.7 MiB
2026-01-19T04:30:09.4261662Z |■■■■■■■■                                                                        |  10% of 109.7 MiB
2026-01-19T04:30:09.5113990Z |■■■■■■■■■■■■■■■■                                                                |  20% of 109.7 MiB
2026-01-19T04:30:09.6115520Z |■■■■■■■■■■■■■■■■■■■■■■■■                                                        |  30% of 109.7 MiB
2026-01-19T04:30:09.7149460Z |■■■■■■■■■■■■■■■■■■■■■■■■■■■■■■■■                                                |  40% of 109.7 MiB
2026-01-19T04:30:09.8137553Z |■■■■■■■■■■■■■■■■■■■■■■■■■■■■■■■■■■■■■■■■                                        |  50% of 109.7 MiB
2026-01-19T04:30:09.9130711Z |■■■■■■■■■■■■■■■■■■■■■■■■■■■■■■■■■■■■■■■■■■■■■■■■                                |  60% of 109.7 MiB
2026-01-19T04:30:10.0002849Z |■■■■■■■■■■■■■■■■■■■■■■■■■■■■■■■■■■■■■■■■■■■■■■■■■■■■■■■■                        |  70% of 109.7 MiB
2026-01-19T04:30:10.1167594Z |■■■■■■■■■■■■■■■■■■■■■■■■■■■■■■■■■■■■■■■■■■■■■■■■■■■■■■■■■■■■■■■■                |  80% of 109.7 MiB
2026-01-19T04:30:10.2131496Z |■■■■■■■■■■■■■■■■■■■■■■■■■■■■■■■■■■■■■■■■■■■■■■■■■■■■■■■■■■■■■■■■■■■■■■■■        |  90% of 109.7 MiB
2026-01-19T04:30:10.2797001Z |■■■■■■■■■■■■■■■■■■■■■■■■■■■■■■■■■■■■■■■■■■■■■■■■■■■■■■■■■■■■■■■■■■■■■■■■■■■■■■■■| 100% of 109.7 MiB
2026-01-19T04:30:12.0727321Z Chromium Headless Shell 143.0.7499.4 (playwright build v1200) downloaded to /home/runner/.cache/ms-playwright/chromium_headless_shell-1200
2026-01-19T04:30:12.1090518Z ##[group]Run mkdir -p projects/ci_w3schools_tryit
2026-01-19T04:30:12.1090953Z [36;1mmkdir -p projects/ci_w3schools_tryit[0m
2026-01-19T04:30:12.1091326Z [36;1mcat > projects/ci_w3schools_tryit/config.json << 'EOF'[0m
2026-01-19T04:30:12.1091639Z [36;1m{[0m
2026-01-19T04:30:12.1092130Z [36;1m  "project_name": "ci_w3schools_tryit",[0m
2026-01-19T04:30:12.1092585Z [36;1m  "target_url": "https://www.w3schools.com/html/tryit.asp?filename=tryhtml_default",[0m
2026-01-19T04:30:12.1093015Z [36;1m  "goal": "Test HTML editor",[0m
2026-01-19T04:30:12.1093265Z [36;1m  "headless": true[0m
2026-01-19T04:30:12.1093474Z [36;1m}[0m
2026-01-19T04:30:12.1093631Z [36;1mEOF[0m
2026-01-19T04:30:12.1127171Z shell: /usr/bin/bash -e {0}
2026-01-19T04:30:12.1127399Z env:
2026-01-19T04:30:12.1127652Z   pythonLocation: /opt/hostedtoolcache/Python/3.11.14/x64
2026-01-19T04:30:12.1128084Z   PKG_CONFIG_PATH: /opt/hostedtoolcache/Python/3.11.14/x64/lib/pkgconfig
2026-01-19T04:30:12.1128535Z   Python_ROOT_DIR: /opt/hostedtoolcache/Python/3.11.14/x64
2026-01-19T04:30:12.1128905Z   Python2_ROOT_DIR: /opt/hostedtoolcache/Python/3.11.14/x64
2026-01-19T04:30:12.1129262Z   Python3_ROOT_DIR: /opt/hostedtoolcache/Python/3.11.14/x64
2026-01-19T04:30:12.1129626Z   LD_LIBRARY_PATH: /opt/hostedtoolcache/Python/3.11.14/x64/lib
2026-01-19T04:30:12.1129932Z ##[endgroup]
2026-01-19T04:30:12.1291944Z ##[group]Run # Use --deep for comprehensive regression suite
2026-01-19T04:30:12.1292467Z [36;1m# Use --deep for comprehensive regression suite[0m
2026-01-19T04:30:12.1292918Z [36;1mpython orchestrator.py --project projects/ci_w3schools_tryit --deep --force[0m
2026-01-19T04:30:12.1322889Z shell: /usr/bin/bash -e {0}
2026-01-19T04:30:12.1323121Z env:
2026-01-19T04:30:12.1323365Z   pythonLocation: /opt/hostedtoolcache/Python/3.11.14/x64
2026-01-19T04:30:12.1323782Z   PKG_CONFIG_PATH: /opt/hostedtoolcache/Python/3.11.14/x64/lib/pkgconfig
2026-01-19T04:30:12.1324204Z   Python_ROOT_DIR: /opt/hostedtoolcache/Python/3.11.14/x64
2026-01-19T04:30:12.1324737Z   Python2_ROOT_DIR: /opt/hostedtoolcache/Python/3.11.14/x64
2026-01-19T04:30:12.1325094Z   Python3_ROOT_DIR: /opt/hostedtoolcache/Python/3.11.14/x64
2026-01-19T04:30:12.1325463Z   LD_LIBRARY_PATH: /opt/hostedtoolcache/Python/3.11.14/x64/lib
2026-01-19T04:30:12.1325964Z   GOOGLE_API_KEY: ***
2026-01-19T04:30:12.1326224Z   PYTHONPATH: .
2026-01-19T04:30:12.1326402Z ##[endgroup]
2026-01-19T04:30:13.8993977Z 🚀 [DEEP] Extensive mapping enabled (Depth: 3, Pages: 50)
2026-01-19T04:30:13.8994481Z 
2026-01-19T04:30:13.8995422Z 🗺️ [DISCOVERY] Starting Parallel Semantic Crawl on https://www.w3schools.com/html/tryit.asp?filename=tryhtml_default (Workers: 3)
2026-01-19T04:30:15.1185361Z   🔍 [Worker 0] Visiting (0): https://www.w3schools.com/html/tryit.asp?filename=tryhtml_default
2026-01-19T04:30:17.7023258Z [DEBUG] Sending request to gemini-2.0-flash. Number of parts: 1
2026-01-19T04:30:17.7023952Z [DEBUG] Received response (Length: 239)
2026-01-19T04:30:17.7024974Z   🔍 [Worker 1] Visiting (1): https://www.w3schools.com/about/about_privacy.asp
2026-01-19T04:30:17.7030531Z   🔍 [Worker 2] Visiting (1): https://www.w3schools.com/about/about_copyright.asp
2026-01-19T04:30:17.7181992Z   🔍 [Worker 0] Visiting (1): https://www.w3schools.com/spaces
2026-01-19T04:30:22.7230540Z [DEBUG] Sending request to gemini-2.0-flash. Number of parts: 1
2026-01-19T04:30:22.7232040Z [DEBUG] Sending request to gemini-2.0-flash. Number of parts: 1
2026-01-19T04:30:22.7233056Z [DEBUG] Sending request to gemini-2.0-flash. Number of parts: 1
2026-01-19T04:30:22.7233735Z [DEBUG] Received response (Length: 262)
2026-01-19T04:30:22.7234656Z   🔍 [Worker 1] Visiting (1): https://spaces.w3schools.com
2026-01-19T04:30:22.8052906Z [DEBUG] Received response (Length: 431)
2026-01-19T04:30:22.8053855Z   🔍 [Worker 2] Visiting (1): https://www.w3schools.com
2026-01-19T04:30:22.8258606Z [DEBUG] Received response (Length: 381)
2026-01-19T04:30:22.8260972Z   🔍 [Worker 0] Visiting (2): https://www.w3schools.com/graphics/svg_intro.asp
2026-01-19T04:30:24.1005474Z [DEBUG] Sending request to gemini-2.0-flash. Number of parts: 1
2026-01-19T04:30:24.1006148Z [DEBUG] Received response (Length: 527)
2026-01-19T04:30:24.1007216Z   🔍 [Worker 2] Visiting (2): https://www.w3schools.com/typescript/typescript_quiz.php
2026-01-19T04:30:28.7432479Z [DEBUG] Sending request to gemini-2.0-flash. Number of parts: 1
2026-01-19T04:30:28.7433596Z [DEBUG] Sending request to gemini-2.0-flash. Number of parts: 1
2026-01-19T04:30:28.7434573Z [DEBUG] Sending request to gemini-2.0-flash. Number of parts: 1
2026-01-19T04:30:28.7435316Z [DEBUG] Received response (Length: 163)
2026-01-19T04:30:28.7441580Z   🔍 [Worker 1] Visiting (2): https://campus.w3schools.com/collections/course-catalog/products/w3schools-full-access-course
2026-01-19T04:30:28.9513152Z [DEBUG] Received response (Length: 389)
2026-01-19T04:30:28.9523102Z   🔍 [Worker 0] Visiting (2): https://www.w3schools.com/php/default.asp
2026-01-19T04:30:29.1914935Z [DEBUG] Received response (Length: 494)
2026-01-19T04:30:29.1916471Z   🔍 [Worker 2] Visiting (2): https://www.w3schools.com/excel/index.php
2026-01-19T04:30:33.8070759Z [DEBUG] Sending request to gemini-2.0-flash. Number of parts: 1
2026-01-19T04:30:33.8071545Z [DEBUG] Sending request to gemini-2.0-flash. Number of parts: 1
2026-01-19T04:30:33.8072881Z [DEBUG] Sending request to gemini-2.0-flash. Number of parts: 1
2026-01-19T04:30:33.8073540Z [DEBUG] Received response (Length: 262)
2026-01-19T04:30:33.8074825Z   🔍 [Worker 1] Visiting (2): https://campus.w3schools.com/collections/single-courses/products/bootstrap-course
2026-01-19T04:30:33.8808744Z [DEBUG] Received response (Length: 336)
2026-01-19T04:30:33.8814219Z   🔍 [Worker 0] Visiting (2): https://campus.w3schools.com/collections/certifications/products/python-certificate
2026-01-19T04:30:33.9520277Z [DEBUG] Received response (Length: 458)
2026-01-19T04:30:33.9524531Z   🔍 [Worker 2] Visiting (2): https://www.w3schools.com/java/java_examples.asp
2026-01-19T04:30:38.7888174Z [DEBUG] Sending request to gemini-2.0-flash. Number of parts: 1
2026-01-19T04:30:38.7894888Z [DEBUG] Sending request to gemini-2.0-flash. Number of parts: 1
2026-01-19T04:30:38.7896179Z [DEBUG] Sending request to gemini-2.0-flash. Number of parts: 1
2026-01-19T04:30:38.7897103Z [DEBUG] Received response (Length: 202)
2026-01-19T04:30:38.7913379Z   🔍 [Worker 1] Visiting (2): https://www.w3schools.com/django/django_quiz.php
2026-01-19T04:30:38.9139506Z [DEBUG] Received response (Length: 211)
2026-01-19T04:30:38.9140075Z [DEBUG] Received response (Length: 360)
2026-01-19T04:30:38.9141099Z   🔍 [Worker 0] Visiting (2): https://www.w3schools.com/react/default.asp
2026-01-19T04:30:38.9277091Z   🔍 [Worker 2] Visiting (2): https://www.w3schools.com/appml/default.asp
2026-01-19T04:30:43.7099309Z [DEBUG] Sending request to gemini-2.0-flash. Number of parts: 1
2026-01-19T04:30:43.7100094Z [DEBUG] Sending request to gemini-2.0-flash. Number of parts: 1
2026-01-19T04:30:43.7100732Z [DEBUG] Sending request to gemini-2.0-flash. Number of parts: 1
2026-01-19T04:30:43.7101308Z [DEBUG] Received response (Length: 188)
2026-01-19T04:30:43.7102491Z   🔍 [Worker 2] Visiting (2): https://www.w3schools.com/cs/cs_exercises.php
2026-01-19T04:30:43.9827016Z [DEBUG] Sending request to gemini-2.0-flash. Number of parts: 1
2026-01-19T04:30:43.9830050Z [DEBUG] Received response (Length: 368)
2026-01-19T04:30:43.9831158Z   🔍 [Worker 0] Visiting (2): https://www.w3schools.com/w3css/w3css_templates.asp
2026-01-19T04:30:44.0875538Z [DEBUG] Received response (Length: 373)
2026-01-19T04:30:44.0876654Z   🔍 [Worker 1] Visiting (2): https://www.w3schools.com/sql/sql_examples.asp
2026-01-19T04:30:45.0076532Z [DEBUG] Received response (Length: 491)
2026-01-19T04:30:45.0078077Z   🔍 [Worker 2] Visiting (2): https://www.w3schools.com/bootstrap/bootstrap_exercises.asp
2026-01-19T04:30:49.6131201Z [DEBUG] Sending request to gemini-2.0-flash. Number of parts: 1
2026-01-19T04:30:49.6133186Z [DEBUG] Sending request to gemini-2.0-flash. Number of parts: 1
2026-01-19T04:30:49.6133911Z [DEBUG] Sending request to gemini-2.0-flash. Number of parts: 1
2026-01-19T04:30:49.6134545Z [DEBUG] Received response (Length: 287)
2026-01-19T04:30:49.6135521Z   🔍 [Worker 2] Visiting (2): https://www.w3schools.com/bootcamp/sql.php
2026-01-19T04:30:49.7173458Z [DEBUG] Received response (Length: 283)
2026-01-19T04:30:49.7183312Z   🔍 [Worker 0] Visiting (2): https://www.w3schools.com/python/scipy/scipy_exercises.php
2026-01-19T04:30:49.8005559Z [DEBUG] Received response (Length: 416)
2026-01-19T04:30:49.8008710Z   🔍 [Worker 1] Visiting (2): https://www.w3schools.com/vue/vue_exercises.php
2026-01-19T04:30:54.7528457Z [DEBUG] Sending request to gemini-2.0-flash. Number of parts: 1
2026-01-19T04:30:54.7536605Z [DEBUG] Sending request to gemini-2.0-flash. Number of parts: 1
2026-01-19T04:30:54.7537345Z [DEBUG] Sending request to gemini-2.0-flash. Number of parts: 1
2026-01-19T04:30:54.7537920Z [DEBUG] Received response (Length: 345)
2026-01-19T04:30:54.7538899Z   🔍 [Worker 2] Visiting (2): https://www.w3schools.com/bootcamp/web-development.php
2026-01-19T04:30:54.7797759Z [DEBUG] Received response (Length: 295)
2026-01-19T04:30:54.7798999Z   🔍 [Worker 1] Visiting (2): https://campus.w3schools.com/products/w3schools-full-access-course
2026-01-19T04:30:54.8228768Z [DEBUG] Received response (Length: 394)
2026-01-19T04:30:54.8233667Z   🔍 [Worker 0] Visiting (2): https://www.w3schools.com/css/css_quiz.asp
2026-01-19T04:30:59.6610365Z [DEBUG] Sending request to gemini-2.0-flash. Number of parts: 1
2026-01-19T04:30:59.6619768Z [DEBUG] Sending request to gemini-2.0-flash. Number of parts: 1
2026-01-19T04:30:59.6622437Z [DEBUG] Sending request to gemini-2.0-flash. Number of parts: 1
2026-01-19T04:30:59.6623388Z [DEBUG] Received response (Length: 283)
2026-01-19T04:30:59.6626745Z   🔍 [Worker 0] Visiting (2): https://www.w3schools.com/graphics/canvas_reference.asp
2026-01-19T04:30:59.7486239Z [DEBUG] Received response (Length: 262)
2026-01-19T04:30:59.7487477Z   🔍 [Worker 1] Visiting (2): https://www.w3schools.com/python/scipy/index.php
2026-01-19T04:30:59.8130508Z [DEBUG] Received response (Length: 345)
2026-01-19T04:30:59.8133705Z   🔍 [Worker 2] Visiting (2): https://www.w3schools.com/charsets/default.asp
2026-01-19T04:31:04.7047820Z [DEBUG] Sending request to gemini-2.0-flash. Number of parts: 1
2026-01-19T04:31:04.7050127Z [DEBUG] Sending request to gemini-2.0-flash. Number of parts: 1
2026-01-19T04:31:04.7062095Z [DEBUG] Sending request to gemini-2.0-flash. Number of parts: 1
2026-01-19T04:31:04.7062906Z [DEBUG] Received response (Length: 291)
2026-01-19T04:31:04.7064129Z   🔍 [Worker 0] Visiting (2): https://www.w3schools.com/gen_ai/chatgpt-3-5/index.php
2026-01-19T04:31:04.9314096Z [DEBUG] Received response (Length: 519)
2026-01-19T04:31:04.9315384Z   🔍 [Worker 2] Visiting (2): https://www.w3schools.com/jquery/default.asp
2026-01-19T04:31:05.5305659Z [DEBUG] Sending request to gemini-2.0-flash. Number of parts: 1
2026-01-19T04:31:05.5306456Z [DEBUG] Received response (Length: 593)
2026-01-19T04:31:05.5310322Z   🔍 [Worker 1] Visiting (2): https://www.w3schools.com/java/java_quiz.asp
2026-01-19T04:31:05.9518126Z [DEBUG] Received response (Length: 438)
2026-01-19T04:31:05.9519705Z   🔍 [Worker 0] Visiting (2): https://www.w3schools.com/nodejs/nodejs_quiz.asp
2026-01-19T04:31:10.6817373Z [DEBUG] Sending request to gemini-2.0-flash. Number of parts: 1
2026-01-19T04:31:10.6818364Z [DEBUG] Sending request to gemini-2.0-flash. Number of parts: 1
2026-01-19T04:31:10.6819541Z [DEBUG] Sending request to gemini-2.0-flash. Number of parts: 1
2026-01-19T04:31:10.6820305Z [DEBUG] Received response (Length: 191)
2026-01-19T04:31:10.6822721Z   🔍 [Worker 2] Visiting (2): https://www.w3schools.com/bash/bash_quiz.php
2026-01-19T04:31:10.7600865Z [DEBUG] Received response (Length: 235)
2026-01-19T04:31:10.7605816Z   🔍 [Worker 0] Visiting (2): https://www.w3schools.com/quiztest/default.asp
2026-01-19T04:31:10.9178320Z [DEBUG] Received response (Length: 382)
2026-01-19T04:31:10.9179437Z   🔍 [Worker 1] Visiting (2): https://www.w3schools.com/jquery/jquery_quiz.asp
2026-01-19T04:31:15.7351641Z [DEBUG] Sending request to gemini-2.0-flash. Number of parts: 1
2026-01-19T04:31:15.7352604Z [DEBUG] Sending request to gemini-2.0-flash. Number of parts: 1
2026-01-19T04:31:15.7353331Z [DEBUG] Sending request to gemini-2.0-flash. Number of parts: 1
2026-01-19T04:31:15.7353967Z [DEBUG] Received response (Length: 271)
2026-01-19T04:31:15.7355519Z   🔍 [Worker 0] Visiting (2): https://campus.w3schools.com/collections/certifications/products/web-application-development-certificates
2026-01-19T04:31:15.8397165Z [DEBUG] Received response (Length: 379)
2026-01-19T04:31:15.8399298Z   🔍 [Worker 2] Visiting (2): https://campus.w3schools.com/collections/certifications/products/css-certificate
2026-01-19T04:31:15.8700727Z [DEBUG] Received response (Length: 383)
2026-01-19T04:31:15.8702381Z   🔍 [Worker 1] Visiting (2): https://www.w3schools.com/postgresql/postgresql_quiz.php
2026-01-19T04:31:20.5597658Z [DEBUG] Sending request to gemini-2.0-flash. Number of parts: 1
2026-01-19T04:31:20.5598498Z [DEBUG] Sending request to gemini-2.0-flash. Number of parts: 1
2026-01-19T04:31:20.5599185Z [DEBUG] Sending request to gemini-2.0-flash. Number of parts: 1
2026-01-19T04:31:20.5599753Z [DEBUG] Received response (Length: 193)
2026-01-19T04:31:20.5601256Z   🔍 [Worker 2] Visiting (2): https://www.w3schools.com/cybersecurity/index.php
2026-01-19T04:31:20.7046642Z [DEBUG] Received response (Length: 220)
2026-01-19T04:31:20.7047859Z   🔍 [Worker 0] Visiting (2): https://www.w3schools.com/js/js_ajax_intro.asp
2026-01-19T04:31:21.0438712Z [DEBUG] Received response (Length: 464)
2026-01-19T04:31:21.0440328Z   🔍 [Worker 1] Visiting (2): https://www.w3schools.com/cpp/cpp_quiz.asp
2026-01-19T04:31:25.7586415Z [DEBUG] Sending request to gemini-2.0-flash. Number of parts: 1
2026-01-19T04:31:25.7587238Z [DEBUG] Sending request to gemini-2.0-flash. Number of parts: 1
2026-01-19T04:31:25.7587899Z [DEBUG] Sending request to gemini-2.0-flash. Number of parts: 1
2026-01-19T04:31:25.7588457Z [DEBUG] Received response (Length: 275)
2026-01-19T04:31:25.7599561Z   🔍 [Worker 0] Visiting (2): https://www.w3schools.com/python/pandas/pandas_quiz.asp
2026-01-19T04:31:25.9085574Z [DEBUG] Received response (Length: 391)
2026-01-19T04:31:25.9089309Z   🔍 [Worker 1] Visiting (2): https://www.w3schools.com/charsets/ref_emoji_smileys.asp
2026-01-19T04:31:25.9530050Z [DEBUG] Received response (Length: 420)
2026-01-19T04:31:25.9564095Z   🔍 [Worker 2] Visiting (2): https://www.w3schools.com/java/java_exercises.asp
2026-01-19T04:31:30.7703122Z [DEBUG] Sending request to gemini-2.0-flash. Number of parts: 1
2026-01-19T04:31:30.7707151Z [DEBUG] Sending request to gemini-2.0-flash. Number of parts: 1
2026-01-19T04:31:30.7708225Z [DEBUG] Sending request to gemini-2.0-flash. Number of parts: 1
2026-01-19T04:31:30.7708994Z [DEBUG] Received response (Length: 263)
2026-01-19T04:31:30.7710108Z   🔍 [Worker 1] Visiting (2): https://www.w3schools.com/c/c_exercises.php
2026-01-19T04:31:30.9150505Z [DEBUG] Received response (Length: 351)
2026-01-19T04:31:30.9152659Z   🔍 [Worker 2] Visiting (2): https://www.w3schools.com/bootcamp/react.php
2026-01-19T04:31:30.9741695Z [DEBUG] Received response (Length: 511)
2026-01-19T04:31:30.9743660Z   🔍 [Worker 0] Visiting (2): https://campus.w3schools.com/collections/course-catalog/products/c-course-1
2026-01-19T04:31:35.8969297Z [DEBUG] Sending request to gemini-2.0-flash. Number of parts: 1
2026-01-19T04:31:35.8970031Z [DEBUG] Sending request to gemini-2.0-flash. Number of parts: 1
2026-01-19T04:31:35.8970684Z [DEBUG] Sending request to gemini-2.0-flash. Number of parts: 1
2026-01-19T04:31:35.8971225Z [DEBUG] Received response (Length: 352)
2026-01-19T04:31:35.8972491Z   🔍 [Worker 0] Visiting (2): https://www.w3schools.com/w3css/w3css_references.asp
2026-01-19T04:31:36.1325328Z [DEBUG] Received response (Length: 576)
2026-01-19T04:31:36.1339260Z   🔍 [Worker 2] Visiting (2): https://www.w3schools.com/bootstrap5/bootstrap_exercises.php
2026-01-19T04:31:36.1727353Z [DEBUG] Received response (Length: 424)
2026-01-19T04:31:36.1728659Z   🔍 [Worker 1] Visiting (2): https://www.w3schools.com/colors/colors_names.asp
2026-01-19T04:31:40.9938240Z [DEBUG] Sending request to gemini-2.0-flash. Number of parts: 1
2026-01-19T04:31:40.9939066Z [DEBUG] Sending request to gemini-2.0-flash. Number of parts: 1
2026-01-19T04:31:40.9939836Z [DEBUG] Sending request to gemini-2.0-flash. Number of parts: 1
2026-01-19T04:31:40.9940449Z [DEBUG] Received response (Length: 214)
2026-01-19T04:31:40.9940900Z [DEBUG] Received response (Length: 342)
2026-01-19T04:31:40.9941362Z [DEBUG] Received response (Length: 216)
2026-01-19T04:31:40.9942344Z ✅ Discovery Complete. Mapped 50 pages.
2026-01-19T04:31:47.6749129Z 
2026-01-19T04:31:47.6749691Z [PLAN] PLANNER: Planning goal -> 'Test HTML editor' (Deep Mode: True)
2026-01-19T04:31:47.6750437Z 🗺️ [PLAN] Loaded Sitemap with 50 pages.
2026-01-19T04:31:47.6751562Z 🎭 [EXPERT] Detected Domain: GENERAL. Persona: Act as Senior SDET focusing on exploring the application to understand functional flow and identifying critical paths for end-to-end automation
2026-01-19T04:31:47.6752896Z [DEBUG] Sending request to gemini-2.0-flash. Number of parts: 1
2026-01-19T04:31:47.6753313Z [DEBUG] Received response (Length: 3473)
2026-01-19T04:31:47.6753736Z ✅ Planner generated 3 scenarios. Workflow updated.
2026-01-19T04:31:48.7566368Z 
2026-01-19T04:31:48.7567926Z 🕵️ [DEEP EXPLORER] Starting Multi-Scenario Exploration
2026-01-19T04:31:48.7568808Z 📋 Found 3 scenarios to explore.
2026-01-19T04:31:49.1335154Z 
2026-01-19T04:31:49.1335756Z [1/3] Exploring Scenario: Basic HTML Editing and Execution
2026-01-19T04:31:49.1336985Z     🧠 Initialized exploration context for goal: 'Test HTML editor'
2026-01-19T04:31:49.1337745Z   ▶️ [STEP step_1] NAVIGATE: 
2026-01-19T04:31:49.9941024Z     ✅ Navigated to https://www.w3schools.com/html/tryit.asp?filename=tryhtml_default
2026-01-19T04:31:49.9942544Z   ▶️ [STEP step_2] ASSERT_VISIBLE: Run ❯
2026-01-19T04:31:50.0124207Z     🔍 Mining locators for: 'Run ❯'
2026-01-19T04:31:50.1436661Z     ✅ Found 3 verified locators
2026-01-19T04:31:52.6935395Z     ✅ State transitioned.
2026-01-19T04:31:54.6921560Z [DEBUG] Sending request to gemini-2.0-flash. Number of parts: 2
2026-01-19T04:31:54.6922485Z [DEBUG] Received response (Length: 275)
2026-01-19T04:31:54.6923300Z     🤖 AI Next Step Suggestion: fill -> textarea
2026-01-19T04:31:54.6923965Z     🧩 Suggested Locator: textarea
2026-01-19T04:31:54.6924930Z     💭 Reasoning: Now that the page is loaded and the 'Run' button is visible, I want to input some HTML code into the textarea to test the editor.
2026-01-19T04:31:54.6925652Z     ➕ Injected AI step: fill -> textarea
2026-01-19T04:31:54.6925994Z   ▶️ [STEP step_2_ai_1] FILL: textarea
2026-01-19T04:31:54.6996762Z     🎯 Using AI-provided locator: textarea
2026-01-19T04:31:54.7017873Z     🔍 Mining locators for: 'textarea'
2026-01-19T04:31:54.7591602Z     🧠 Consulting AI (Vision-First) to find 'textarea'...
2026-01-19T04:31:54.7608999Z     🔍 Trying smart selectors for 'textarea'...
2026-01-19T04:31:54.8425991Z     ✅ Smart selector found 'textarea' via visual-scoring (confidence: 0.7)
2026-01-19T04:31:54.8469894Z     ✅ Found 1 verified locators
2026-01-19T04:32:05.2389169Z     ✅ State transitioned.
2026-01-19T04:32:07.0480392Z [DEBUG] Sending request to gemini-2.0-flash. Number of parts: 2
2026-01-19T04:32:07.0481160Z [DEBUG] Received response (Length: 191)
2026-01-19T04:32:07.0482139Z     🤖 AI Next Step Suggestion: click -> Run ❯
2026-01-19T04:32:07.0482575Z     🧩 Suggested Locator: #runbtn
2026-01-19T04:32:07.0483270Z     💭 Reasoning: After filling the textarea, the next logical step is to run the code to see the output.
2026-01-19T04:32:07.0483953Z     ➕ Injected AI step: click -> Run ❯
2026-01-19T04:32:07.0484344Z   ▶️ [STEP step_2_ai_2] CLICK: Run ❯
2026-01-19T04:32:07.0538494Z     🎯 Using AI-provided locator: #runbtn
2026-01-19T04:32:07.0596135Z     ✅ Found 1 verified locators
2026-01-19T04:32:11.1231399Z     ✅ State transitioned.
2026-01-19T04:32:12.9780261Z [DEBUG] Sending request to gemini-2.0-flash. Number of parts: 2
2026-01-19T04:32:12.9780972Z [DEBUG] Received response (Length: 237)
2026-01-19T04:32:12.9781634Z     🤖 AI Next Step Suggestion: fill -> textarea
2026-01-19T04:32:12.9782402Z     🧩 Suggested Locator: textarea
2026-01-19T04:32:12.9783018Z     💭 Reasoning: Modify the existing text in the textarea to test the editor with new content.
2026-01-19T04:32:12.9783615Z     ➕ Injected AI step: fill -> textarea
2026-01-19T04:32:12.9784000Z   ▶️ [STEP step_2_ai_3] FILL: textarea
2026-01-19T04:32:12.9839556Z     🎯 Using AI-provided locator: textarea
2026-01-19T04:32:12.9857888Z     🔍 Mining locators for: 'textarea'
2026-01-19T04:32:13.0247686Z     🧠 Consulting AI (Vision-First) to find 'textarea'...
2026-01-19T04:32:13.0248514Z     🔍 Trying smart selectors for 'textarea'...
2026-01-19T04:32:13.0981075Z     ✅ Smart selector found 'textarea' via visual-scoring (confidence: 0.7)
2026-01-19T04:32:13.1022710Z     ✅ Found 1 verified locators
2026-01-19T04:32:21.8731654Z     ✅ State transitioned.
2026-01-19T04:32:21.8794664Z     🔄 Revisited state detected (count: 1)
2026-01-19T04:32:23.7739055Z [DEBUG] Sending request to gemini-2.0-flash. Number of parts: 2
2026-01-19T04:32:23.7739721Z [DEBUG] Received response (Length: 323)
2026-01-19T04:32:23.7740530Z     🤖 AI Next Step Suggestion: fill -> textarea
2026-01-19T04:32:23.7741460Z     🧩 Suggested Locator: textarea
2026-01-19T04:32:23.7742949Z     💭 Reasoning: The goal is to test the HTML editor. Filling the textarea with new HTML code is the next logical step to see how the editor renders it.
2026-01-19T04:32:23.7743850Z ⚠️ Loop detected: same AI suggestion repeated 2 times. Moving to next step.
2026-01-19T04:32:23.7744284Z   ▶️ [STEP step_3] FILL: HTML editor
2026-01-19T04:32:23.7819549Z     🔍 Mining locators for: 'HTML editor'
2026-01-19T04:32:23.8239114Z     🧠 Consulting AI (Vision-First) to find 'HTML editor'...
2026-01-19T04:32:23.8239615Z     🔍 Trying smart selectors for 'HTML editor'...
2026-01-19T04:32:23.8848707Z     ⚠️ Smart selectors failed (no unique match). Falling back to AI Vision...
2026-01-19T04:32:23.8850596Z     🧠 [EXPERT] Strategy: Act as Senior SDET focusing on exploring the application to understand functional flow and identifying critical paths for end-to-end automation.
2026-01-19T04:32:29.0067381Z [DEBUG] Sending request to gemini-2.0-flash. Number of parts: 2
2026-01-19T04:32:29.0067869Z [DEBUG] Received response (Length: 564)
2026-01-19T04:32:29.0068461Z     🔄 Retry 1/3 mining locators for 'HTML editor'...
2026-01-19T04:32:30.0576540Z     🧠 Consulting AI (Vision-First) to find 'HTML editor'...
2026-01-19T04:32:30.0577168Z     🔍 Trying smart selectors for 'HTML editor'...
2026-01-19T04:32:30.1097775Z     ⚠️ Smart selectors failed (no unique match). Falling back to AI Vision...
2026-01-19T04:32:30.1099085Z     🧠 [EXPERT] Strategy: Act as Senior SDET focusing on exploring the application to understand functional flow and identifying critical paths for end-to-end automation.
2026-01-19T04:32:30.1102472Z [CACHE HIT] 4ace024b... (hits: 1, misses: 5)
2026-01-19T04:32:30.1103268Z     🔄 Retry 2/3 mining locators for 'HTML editor'...
2026-01-19T04:32:31.1114692Z     🗑️ Invalidating stale AI cache (retry 2)...
2026-01-19T04:32:31.1116011Z     ⚠️ Cache invalidation warning: No module named 'core.agents.domain_expert'
2026-01-19T04:32:31.1566385Z     🧠 Consulting AI (Vision-First) to find 'HTML editor'...
2026-01-19T04:32:31.1567018Z     🔍 Trying smart selectors for 'HTML editor'...
2026-01-19T04:32:31.2080008Z     ⚠️ Smart selectors failed (no unique match). Falling back to AI Vision...
2026-01-19T04:32:31.2081453Z     🧠 [EXPERT] Strategy: Act as Senior SDET focusing on exploring the application to understand functional flow and identifying critical paths for end-to-end automation.
2026-01-19T04:32:31.2086174Z [CACHE HIT] 4ace024b... (hits: 2, misses: 5)
2026-01-19T04:32:31.2086911Z     🧠 Verifying step validity for 'HTML editor' after mining failure...
2026-01-19T04:32:33.3333868Z [DEBUG] Sending request to gemini-2.0-flash. Number of parts: 2
2026-01-19T04:32:33.3334667Z [DEBUG] Received response (Length: 191)
2026-01-19T04:32:33.3336894Z     🗑️ Step deemed INVALID: The 'HTML editor' is not visible in the current page state. The page displays the output of the HTML code, not the editor itself.. Removing from workflow.
2026-01-19T04:32:33.3339848Z     ⏭️ Skipping execution of invalid step: HTML editor
2026-01-19T04:32:33.3340691Z   ▶️ [STEP step_4] CLICK: Run ❯
2026-01-19T04:32:33.3397212Z     🔍 Mining locators for: 'Run ❯'
2026-01-19T04:32:33.4026979Z     ✅ Found 3 verified locators
2026-01-19T04:32:36.9505109Z     ✅ State transitioned.
2026-01-19T04:32:38.7168037Z [DEBUG] Sending request to gemini-2.0-flash. Number of parts: 2
2026-01-19T04:32:38.7168805Z [DEBUG] Received response (Length: 290)
2026-01-19T04:32:38.7169677Z     🤖 AI Next Step Suggestion: fill -> textarea
2026-01-19T04:32:38.7170347Z     🧩 Suggested Locator: textarea
2026-01-19T04:32:38.7171571Z     💭 Reasoning: The goal is to test the HTML editor. I will add another paragraph to the existing text in the textarea.
2026-01-19T04:32:38.7173089Z     ➕ Injected AI step: fill -> textarea
2026-01-19T04:32:38.7173714Z   ▶️ [STEP step_4_ai_1] FILL: textarea
2026-01-19T04:32:38.7233525Z     🎯 Using AI-provided locator: textarea
2026-01-19T04:32:38.7255317Z     🔍 Mining locators for: 'textarea'
2026-01-19T04:32:38.7741583Z     🧠 Consulting AI (Vision-First) to find 'textarea'...
2026-01-19T04:32:38.7742620Z     🔍 Trying smart selectors for 'textarea'...
2026-01-19T04:32:38.8458154Z     ✅ Smart selector found 'textarea' via visual-scoring (confidence: 0.7)
2026-01-19T04:32:38.8496353Z     ✅ Found 1 verified locators
2026-01-19T04:32:52.0263751Z     ✅ State transitioned.
2026-01-19T04:32:52.0334224Z     🔄 Revisited state detected (count: 1)
2026-01-19T04:32:53.9301608Z [DEBUG] Sending request to gemini-2.0-flash. Number of parts: 2
2026-01-19T04:32:53.9302568Z [DEBUG] Received response (Length: 408)
2026-01-19T04:32:53.9303379Z     🤖 AI Next Step Suggestion: fill -> textarea
2026-01-19T04:32:53.9304507Z     🧩 Suggested Locator: textarea
2026-01-19T04:32:53.9306689Z     💭 Reasoning: The goal is to test the HTML editor. The previous actions involved filling the textarea and running the code. To further test the editor, I will add a new paragraph to the existing HTML code.
2026-01-19T04:32:53.9308569Z ⚠️ Loop detected: same AI suggestion repeated 2 times. Moving to next step.
2026-01-19T04:32:53.9309352Z   ▶️ [STEP step_5] ASSERT_VISIBLE: Hello World
2026-01-19T04:32:53.9364544Z     🔍 Mining locators for: 'Hello World'
2026-01-19T04:32:53.9986935Z     ✅ Found 2 verified locators
2026-01-19T04:32:56.5406253Z     ✅ State transitioned.
2026-01-19T04:32:56.5469225Z     🔄 Revisited state detected (count: 2)
2026-01-19T04:32:58.7608520Z [DEBUG] Sending request to gemini-2.0-flash. Number of parts: 2
2026-01-19T04:32:58.7609289Z [DEBUG] Received response (Length: 218)
2026-01-19T04:32:58.7610160Z     🤖 AI Next Step Suggestion: fill -> textarea
2026-01-19T04:32:58.7610945Z     🧩 Suggested Locator: textarea
2026-01-19T04:32:58.7612305Z     💭 Reasoning: To test the HTML editor, I will input new HTML code into the textarea.
2026-01-19T04:32:58.7613357Z     ➕ Injected AI step: fill -> textarea
2026-01-19T04:32:58.7614065Z   ▶️ [STEP step_5_ai_1] FILL: textarea
2026-01-19T04:32:58.7674776Z     🎯 Using AI-provided locator: textarea
2026-01-19T04:32:58.7693016Z     🔍 Mining locators for: 'textarea'
2026-01-19T04:32:58.8236459Z     🧠 Consulting AI (Vision-First) to find 'textarea'...
2026-01-19T04:32:58.8236970Z     🔍 Trying smart selectors for 'textarea'...
2026-01-19T04:32:58.8954104Z     ✅ Smart selector found 'textarea' via visual-scoring (confidence: 0.7)
2026-01-19T04:32:58.8995547Z     ✅ Found 1 verified locators
2026-01-19T04:33:07.5359455Z     ✅ State transitioned.
2026-01-19T04:33:07.5419909Z     🔄 Revisited state detected (count: 3)
2026-01-19T04:33:07.5420827Z     ⚠️ Too many revisits (3). Stopping AI step injection to prevent loops.
2026-01-19T04:33:07.5423810Z   ▶️ [STEP step_6] ASSERT_VISIBLE: This is a paragraph.
2026-01-19T04:33:07.5473434Z     🔍 Mining locators for: 'This is a paragraph.'
2026-01-19T04:33:07.5888735Z     🧠 Consulting AI (Vision-First) to find 'This is a paragraph.'...
2026-01-19T04:33:07.5889321Z     🔍 Trying smart selectors for 'This is a paragraph.'...
2026-01-19T04:33:07.6436587Z     ✅ Smart selector found 'This is a paragraph.' via proximity (confidence: 0.8)
2026-01-19T04:33:07.6482308Z     ✅ Found 1 verified locators
2026-01-19T04:33:13.1605429Z     ⚠️ Scroll into view failed for text=This is a paragraph. >> xpath=.. >> input. Proceeding anyway.
2026-01-19T04:33:15.1628302Z     ✅ State transitioned.
2026-01-19T04:33:15.1695940Z     🔄 Revisited state detected (count: 4)
2026-01-19T04:33:15.1696847Z     ⚠️ Too many revisits (4). Stopping AI step injection to prevent loops.
2026-01-19T04:33:17.2073353Z 
2026-01-19T04:33:17.2074269Z [2/3] Exploring Scenario: HTML Editor - Update Text and Verify
2026-01-19T04:33:17.2075725Z     🧠 Initialized exploration context for goal: 'Test HTML editor'
2026-01-19T04:33:17.2076741Z   ▶️ [STEP step_1] NAVIGATE: 
2026-01-19T04:33:17.9311286Z     ✅ Navigated to https://www.w3schools.com/html/tryit.asp?filename=tryhtml_default
2026-01-19T04:33:17.9312381Z   ▶️ [STEP step_2] ASSERT_VISIBLE: Run ❯
2026-01-19T04:33:17.9486036Z     🔍 Mining locators for: 'Run ❯'
2026-01-19T04:33:18.0206515Z     ✅ Found 3 verified locators
2026-01-19T04:33:20.5734117Z     ✅ State transitioned.
2026-01-19T04:33:22.3299382Z [DEBUG] Sending request to gemini-2.0-flash. Number of parts: 2
2026-01-19T04:33:22.3300176Z [DEBUG] Received response (Length: 332)
2026-01-19T04:33:22.3301042Z     🤖 AI Next Step Suggestion: fill -> textarea
2026-01-19T04:33:22.3301443Z     🧩 Suggested Locator: textarea
2026-01-19T04:33:22.3302111Z     💭 Reasoning: To test the HTML editor, I will modify the HTML code in the textarea.
2026-01-19T04:33:22.3302716Z ⚠️ Loop detected: same AI suggestion repeated 2 times. Moving to next step.
2026-01-19T04:33:22.3303443Z   ▶️ [STEP step_3] FILL: HTML editor
2026-01-19T04:33:22.3360081Z     🔍 Mining locators for: 'HTML editor'
2026-01-19T04:33:22.3882213Z     🧠 Consulting AI (Vision-First) to find 'HTML editor'...
2026-01-19T04:33:22.3882763Z     🔍 Trying smart selectors for 'HTML editor'...
2026-01-19T04:33:22.4420856Z     ⚠️ Smart selectors failed (no unique match). Falling back to AI Vision...
2026-01-19T04:33:22.4423095Z     🧠 [EXPERT] Strategy: Act as Senior SDET focusing on exploring the application to understand functional flow and identifying critical paths for end-to-end automation.
2026-01-19T04:33:27.1923415Z [DEBUG] Sending request to gemini-2.0-flash. Number of parts: 2
2026-01-19T04:33:27.1924070Z [DEBUG] Received response (Length: 206)
2026-01-19T04:33:27.1925116Z     💡 Expert Suggestion: The 'Run' button might lead to a page where you can edit the HTML code.
2026-01-19T04:33:27.1926043Z     🛠️ Executing corrective action: click -> 'Run'
2026-01-19T04:33:27.7746361Z     ✅ Executed corrective navigation
2026-01-19T04:33:29.7769215Z     🔄 Retry 1/3 mining locators for 'HTML editor'...
2026-01-19T04:33:30.8383342Z     🧠 Consulting AI (Vision-First) to find 'HTML editor'...
2026-01-19T04:33:30.8383862Z     🔍 Trying smart selectors for 'HTML editor'...
2026-01-19T04:33:30.8886671Z     ⚠️ Smart selectors failed (no unique match). Falling back to AI Vision...
2026-01-19T04:33:30.8888744Z     🧠 [EXPERT] Strategy: Act as Senior SDET focusing on exploring the application to understand functional flow and identifying critical paths for end-to-end automation.
2026-01-19T04:33:32.2421080Z [DEBUG] Sending request to gemini-2.0-flash. Number of parts: 2
2026-01-19T04:33:32.2422122Z [DEBUG] Received response (Length: 244)
2026-01-19T04:33:32.2423845Z     💡 Expert Suggestion: The 'HTML editor' might be available after navigating to the 'Get your own website' section.
2026-01-19T04:33:32.2425449Z     🛠️ Executing corrective action: click -> 'Get your own website'
2026-01-19T04:33:32.8327014Z     ✅ Executed corrective navigation
2026-01-19T04:33:34.8336298Z     🔄 Retry 2/3 mining locators for 'HTML editor'...
2026-01-19T04:33:35.8349161Z     🗑️ Invalidating stale AI cache (retry 2)...
2026-01-19T04:33:35.8350846Z     ⚠️ Cache invalidation warning: No module named 'core.agents.domain_expert'
2026-01-19T04:33:35.8881380Z     🧠 Consulting AI (Vision-First) to find 'HTML editor'...
2026-01-19T04:33:35.8882100Z     🔍 Trying smart selectors for 'HTML editor'...
2026-01-19T04:33:35.9383956Z     ⚠️ Smart selectors failed (no unique match). Falling back to AI Vision...
2026-01-19T04:33:35.9386066Z     🧠 [EXPERT] Strategy: Act as Senior SDET focusing on exploring the application to understand functional flow and identifying critical paths for end-to-end automation.
2026-01-19T04:33:37.5761669Z [DEBUG] Sending request to gemini-2.0-flash. Number of parts: 2
2026-01-19T04:33:37.5762524Z [DEBUG] Received response (Length: 274)
2026-01-19T04:33:37.5763371Z     ⚠️ Skipping duplicate injection: Get your own website
2026-01-19T04:33:37.5764715Z     🧠 Verifying step validity for 'HTML editor' after no candidates found...
2026-01-19T04:33:42.1839574Z [DEBUG] Sending request to gemini-2.0-flash. Number of parts: 2
2026-01-19T04:33:42.1840007Z [DEBUG] Received response (Length: 175)
2026-01-19T04:33:42.1840945Z     🛠️ Self-Correction: Step is valid. Using new locator: #textareaCode
2026-01-19T04:33:48.1973704Z     ⚠️ Scroll into view failed for #textareaCode. Proceeding anyway.
2026-01-19T04:33:53.7001610Z     ⚠️ Action failed: Locator.click: Timeout 5000ms exceeded.
2026-01-19T04:33:53.7002283Z Call log:
2026-01-19T04:33:53.7002477Z ...
2026-01-19T04:33:55.5405839Z [DEBUG] Sending request to gemini-2.0-flash. Number of parts: 2
2026-01-19T04:33:55.5406562Z [DEBUG] Received response (Length: 297)
2026-01-19T04:33:55.5408918Z     ✨ AI Heal Reasoning: The HTML editor is the code editor on the left side of the screen. The entire HTML code is contained within the <html> tag. Since the action is 'fill', it must be an input/textarea. The entire code editor can be considered as a textarea.
2026-01-19T04:33:55.5410310Z     ✨ AI healed exploration action! New selector: html
2026-01-19T04:34:10.0103150Z   ▶️ [STEP step_4] CLICK: Run ❯
2026-01-19T04:34:10.0160902Z     🔍 Mining locators for: 'Run ❯'
2026-01-19T04:34:10.0836265Z     ✅ Found 3 verified locators
2026-01-19T04:34:13.6632524Z     ✅ State transitioned.
2026-01-19T04:34:15.7343333Z [DEBUG] Sending request to gemini-2.0-flash. Number of parts: 2
2026-01-19T04:34:15.7343961Z [DEBUG] Received response (Length: 364)
2026-01-19T04:34:15.7344802Z     🤖 AI Next Step Suggestion: fill -> HTML editor
2026-01-19T04:34:15.7345429Z     🧩 Suggested Locator: #textareaCode
2026-01-19T04:34:15.7346471Z     💭 Reasoning: The previous attempt to fill the HTML editor failed. I will try again with the default HTML code.
2026-01-19T04:34:15.7347055Z     ➕ Injected AI step: fill -> HTML editor
2026-01-19T04:34:15.7347377Z   ▶️ [STEP step_4_ai_1] FILL: HTML editor
2026-01-19T04:34:15.7402894Z     🎯 Using AI-provided locator: #textareaCode
2026-01-19T04:34:15.7423113Z     🔍 Mining locators for: 'HTML editor'
2026-01-19T04:34:15.8526253Z     🧠 Consulting AI (Vision-First) to find 'HTML editor'...
2026-01-19T04:34:15.8526808Z     🔍 Trying smart selectors for 'HTML editor'...
2026-01-19T04:34:15.9045825Z     ⚠️ Smart selectors failed (no unique match). Falling back to AI Vision...
2026-01-19T04:34:15.9047546Z     🧠 [EXPERT] Strategy: Act as Senior SDET focusing on exploring the application to understand functional flow and identifying critical paths for end-to-end automation.
2026-01-19T04:34:20.0671963Z [DEBUG] Sending request to gemini-2.0-flash. Number of parts: 2
2026-01-19T04:34:20.0672872Z [DEBUG] Received response (Length: 301)
2026-01-19T04:34:20.0675346Z     💡 Expert Suggestion: The 'HTML editor' might be accessible after running the code or through a different section of the website. Clicking 'Run' might lead to the editor or a related page.
2026-01-19T04:34:20.0677486Z     🛠️ Executing corrective action: click -> 'Run'
2026-01-19T04:34:20.6550386Z     ✅ Executed corrective navigation
2026-01-19T04:34:22.6573992Z     🔄 Retry 1/3 mining locators for 'HTML editor'...
2026-01-19T04:34:23.7194402Z     🧠 Consulting AI (Vision-First) to find 'HTML editor'...
2026-01-19T04:34:23.7194901Z     🔍 Trying smart selectors for 'HTML editor'...
2026-01-19T04:34:23.7794568Z     ⚠️ Smart selectors failed (no unique match). Falling back to AI Vision...
2026-01-19T04:34:23.7795989Z     🧠 [EXPERT] Strategy: Act as Senior SDET focusing on exploring the application to understand functional flow and identifying critical paths for end-to-end automation.
2026-01-19T04:34:23.7799739Z [CACHE HIT] 094f60b9... (hits: 3, misses: 17)
2026-01-19T04:34:23.7800472Z     ⚠️ Skipping duplicate injection: Run
2026-01-19T04:34:23.7800921Z     🔄 Retry 2/3 mining locators for 'HTML editor'...
2026-01-19T04:34:24.7813426Z     🗑️ Invalidating stale AI cache (retry 2)...
2026-01-19T04:34:24.7815100Z     ⚠️ Cache invalidation warning: No module named 'core.agents.domain_expert'
2026-01-19T04:34:24.8360353Z     🧠 Consulting AI (Vision-First) to find 'HTML editor'...
2026-01-19T04:34:24.8361079Z     🔍 Trying smart selectors for 'HTML editor'...
2026-01-19T04:34:24.8874906Z     ⚠️ Smart selectors failed (no unique match). Falling back to AI Vision...
2026-01-19T04:34:24.8876567Z     🧠 [EXPERT] Strategy: Act as Senior SDET focusing on exploring the application to understand functional flow and identifying critical paths for end-to-end automation.
2026-01-19T04:34:24.8879407Z [CACHE HIT] 094f60b9... (hits: 4, misses: 17)
2026-01-19T04:34:24.8880122Z     ⚠️ Skipping duplicate injection: Run
2026-01-19T04:34:24.8880675Z     🧠 Verifying step validity for 'HTML editor' after no candidates found...
2026-01-19T04:34:26.2565765Z [DEBUG] Sending request to gemini-2.0-flash. Number of parts: 2
2026-01-19T04:34:26.2566205Z [DEBUG] Received response (Length: 192)
2026-01-19T04:34:26.2566868Z     🛠️ Self-Correction: Step is valid. Using new locator: textarea[name='code']
2026-01-19T04:34:31.7681570Z     ⚠️ Scroll into view failed for textarea[name='code']. Proceeding anyway.
2026-01-19T04:34:37.2703700Z     ⚠️ Action failed: Locator.click: Timeout 5000ms exceeded.
2026-01-19T04:34:37.2704314Z Call log:
2026-01-19T04:34:37.2704604Z ...
2026-01-19T04:34:39.0078545Z [DEBUG] Sending request to gemini-2.0-flash. Number of parts: 2
2026-01-19T04:34:39.0078993Z [DEBUG] Received response (Length: 184)
2026-01-19T04:34:39.0079573Z   ▶️ [STEP step_5] ASSERT_VISIBLE: Updated Heading
2026-01-19T04:34:39.0135630Z     🔍 Mining locators for: 'Updated Heading'
2026-01-19T04:34:39.0691377Z     🧠 Consulting AI (Vision-First) to find 'Updated Heading'...
2026-01-19T04:34:39.0694150Z     🔍 Trying smart selectors for 'Updated Heading'...
2026-01-19T04:34:39.1201445Z     ⚠️ Smart selectors failed (no unique match). Falling back to AI Vision...
2026-01-19T04:34:39.1203775Z     🧠 [EXPERT] Strategy: Act as Senior SDET focusing on exploring the application to understand functional flow and identifying critical paths for end-to-end automation.
2026-01-19T04:34:43.7715571Z [DEBUG] Sending request to gemini-2.0-flash. Number of parts: 2
2026-01-19T04:34:43.7716287Z [DEBUG] Received response (Length: 300)
2026-01-19T04:34:43.7719905Z     💡 Expert Suggestion: The target 'Updated Heading' is not found on the current page. Clicking 'Run' might refresh the content or navigate to a different state where the target is present.
2026-01-19T04:34:43.7721404Z     🛠️ Executing corrective action: click -> 'Run'
2026-01-19T04:34:44.3540075Z     ✅ Executed corrective navigation
2026-01-19T04:34:46.3563589Z     🔄 Retry 1/3 mining locators for 'Updated Heading'...
2026-01-19T04:34:47.4185756Z     🧠 Consulting AI (Vision-First) to find 'Updated Heading'...
2026-01-19T04:34:47.4186646Z     🔍 Trying smart selectors for 'Updated Heading'...
2026-01-19T04:34:47.4667389Z     ⚠️ Smart selectors failed (no unique match). Falling back to AI Vision...
2026-01-19T04:34:47.4668722Z     🧠 [EXPERT] Strategy: Act as Senior SDET focusing on exploring the application to understand functional flow and identifying critical paths for end-to-end automation.
2026-01-19T04:34:47.4672136Z [CACHE HIT] 5e4f7275... (hits: 5, misses: 20)
2026-01-19T04:34:47.4672809Z     ⚠️ Skipping duplicate injection: Run
2026-01-19T04:34:47.4673237Z     🔄 Retry 2/3 mining locators for 'Updated Heading'...
2026-01-19T04:34:48.4686355Z     🗑️ Invalidating stale AI cache (retry 2)...
2026-01-19T04:34:48.4687907Z     ⚠️ Cache invalidation warning: No module named 'core.agents.domain_expert'
2026-01-19T04:34:48.5182883Z     🧠 Consulting AI (Vision-First) to find 'Updated Heading'...
2026-01-19T04:34:48.5183387Z     🔍 Trying smart selectors for 'Updated Heading'...
2026-01-19T04:34:48.5668866Z     ⚠️ Smart selectors failed (no unique match). Falling back to AI Vision...
2026-01-19T04:34:48.5670203Z     🧠 [EXPERT] Strategy: Act as Senior SDET focusing on exploring the application to understand functional flow and identifying critical paths for end-to-end automation.
2026-01-19T04:34:48.5673521Z [CACHE HIT] 5e4f7275... (hits: 6, misses: 20)
2026-01-19T04:34:48.5674224Z     ⚠️ Skipping duplicate injection: Run
2026-01-19T04:34:48.5674826Z     🧠 Verifying step validity for 'Updated Heading' after no candidates found...
2026-01-19T04:34:49.9368600Z [DEBUG] Sending request to gemini-2.0-flash. Number of parts: 2
2026-01-19T04:34:49.9369368Z [DEBUG] Received response (Length: 265)
2026-01-19T04:34:49.9372433Z     🗑️ Step deemed INVALID: The target element is 'This is a Heading', not 'Updated Heading'. The current HTML code displays 'This is a Heading' within an h1 tag. Therefore, the task is invalid as the target element does not exist.. Removing from workflow.
2026-01-19T04:34:49.9375147Z     ⏭️ Skipping execution of invalid step: Updated Heading
2026-01-19T04:34:49.9376046Z   ▶️ [STEP step_6] ASSERT_VISIBLE: Updated paragraph.
2026-01-19T04:34:49.9425563Z     🔍 Mining locators for: 'Updated paragraph.'
2026-01-19T04:34:50.0010692Z     🧠 Consulting AI (Vision-First) to find 'Updated paragraph.'...
2026-01-19T04:34:50.0011371Z     🔍 Trying smart selectors for 'Updated paragraph.'...
2026-01-19T04:34:50.0892834Z     ⚠️ Smart selectors failed (no unique match). Falling back to AI Vision...
2026-01-19T04:34:50.0894097Z     🧠 [EXPERT] Strategy: Act as Senior SDET focusing on exploring the application to understand functional flow and identifying critical paths for end-to-end automation.
2026-01-19T04:34:54.9913123Z [DEBUG] Sending request to gemini-2.0-flash. Number of parts: 2
2026-01-19T04:34:54.9913930Z [DEBUG] Received response (Length: 273)
2026-01-19T04:34:54.9916049Z     💡 Expert Suggestion: The text 'Updated paragraph.' is not visible in the current view. Clicking 'Run' might execute the code and display the updated paragraph.
2026-01-19T04:34:54.9917935Z     🛠️ Executing corrective action: click -> 'Run'
2026-01-19T04:34:55.5695361Z     ✅ Executed corrective navigation
2026-01-19T04:34:57.5718524Z     🔄 Retry 1/3 mining locators for 'Updated paragraph.'...
2026-01-19T04:34:58.6346707Z     🧠 Consulting AI (Vision-First) to find 'Updated paragraph.'...
2026-01-19T04:34:58.6347310Z     🔍 Trying smart selectors for 'Updated paragraph.'...
2026-01-19T04:34:58.6838987Z     ⚠️ Smart selectors failed (no unique match). Falling back to AI Vision...
2026-01-19T04:34:58.6840676Z     🧠 [EXPERT] Strategy: Act as Senior SDET focusing on exploring the application to understand functional flow and identifying critical paths for end-to-end automation.
2026-01-19T04:34:58.6844384Z [CACHE HIT] 0775b645... (hits: 7, misses: 22)
2026-01-19T04:34:58.6845023Z     ⚠️ Skipping duplicate injection: Run
2026-01-19T04:34:58.6845611Z     🔄 Retry 2/3 mining locators for 'Updated paragraph.'...
2026-01-19T04:34:59.6858229Z     🗑️ Invalidating stale AI cache (retry 2)...
2026-01-19T04:34:59.6859611Z     ⚠️ Cache invalidation warning: No module named 'core.agents.domain_expert'
2026-01-19T04:34:59.7345899Z     🧠 Consulting AI (Vision-First) to find 'Updated paragraph.'...
2026-01-19T04:34:59.7346476Z     🔍 Trying smart selectors for 'Updated paragraph.'...
2026-01-19T04:34:59.7833829Z     ⚠️ Smart selectors failed (no unique match). Falling back to AI Vision...
2026-01-19T04:34:59.7835259Z     🧠 [EXPERT] Strategy: Act as Senior SDET focusing on exploring the application to understand functional flow and identifying critical paths for end-to-end automation.
2026-01-19T04:34:59.7838750Z [CACHE HIT] 0775b645... (hits: 8, misses: 22)
2026-01-19T04:34:59.7839471Z     ⚠️ Skipping duplicate injection: Run
2026-01-19T04:34:59.7840074Z     🧠 Verifying step validity for 'Updated paragraph.' after no candidates found...
2026-01-19T04:35:00.9600512Z [DEBUG] Sending request to gemini-2.0-flash. Number of parts: 2
2026-01-19T04:35:00.9600996Z [DEBUG] Received response (Length: 173)
2026-01-19T04:35:00.9602392Z     🗑️ Step deemed INVALID: The text 'Updated paragraph.' does not exist in the rendered HTML. The paragraph text is 'This is a paragraph.'. Removing from workflow.
2026-01-19T04:35:00.9603765Z     ⏭️ Skipping execution of invalid step: Updated paragraph.
2026-01-19T04:35:02.9972992Z 
2026-01-19T04:35:02.9974902Z [3/3] Exploring Scenario: HTML Editor - Add JavaScript and Verify
2026-01-19T04:35:02.9976149Z     🧠 Initialized exploration context for goal: 'Test HTML editor'
2026-01-19T04:35:02.9977184Z   ▶️ [STEP step_1] NAVIGATE: 
2026-01-19T04:35:03.7117872Z     ✅ Navigated to https://www.w3schools.com/html/tryit.asp?filename=tryhtml_default
2026-01-19T04:35:03.7119051Z   ▶️ [STEP step_2] ASSERT_VISIBLE: Run ❯
2026-01-19T04:35:03.7278479Z     🔍 Mining locators for: 'Run ❯'
2026-01-19T04:35:03.7991093Z     ✅ Found 3 verified locators
2026-01-19T04:35:06.3517400Z     ✅ State transitioned.
2026-01-19T04:35:08.5032941Z [DEBUG] Sending request to gemini-2.0-flash. Number of parts: 2
2026-01-19T04:35:08.5033650Z [DEBUG] Received response (Length: 408)
2026-01-19T04:35:08.5034484Z     🤖 AI Next Step Suggestion: fill -> textarea
2026-01-19T04:35:08.5035096Z     🧩 Suggested Locator: textarea
2026-01-19T04:35:08.5036033Z     💭 Reasoning: To test the HTML editor, I should modify the HTML code in the textarea. I'm adding a new paragraph to the existing code.
2026-01-19T04:35:08.5036761Z     ➕ Injected AI step: fill -> textarea
2026-01-19T04:35:08.5037069Z   ▶️ [STEP step_2_ai_1] FILL: textarea
2026-01-19T04:35:08.5094742Z     🎯 Using AI-provided locator: textarea
2026-01-19T04:35:08.5113409Z     🔍 Mining locators for: 'textarea'
2026-01-19T04:35:08.5684187Z     🧠 Consulting AI (Vision-First) to find 'textarea'...
2026-01-19T04:35:08.5684930Z     🔍 Trying smart selectors for 'textarea'...
2026-01-19T04:35:08.6398938Z     ✅ Smart selector found 'textarea' via visual-scoring (confidence: 0.7)
2026-01-19T04:35:08.6436760Z     ✅ Found 1 verified locators
2026-01-19T04:35:31.5394136Z     ✅ State transitioned.
2026-01-19T04:35:33.2173698Z [DEBUG] Sending request to gemini-2.0-flash. Number of parts: 2
2026-01-19T04:35:33.2175371Z [DEBUG] Received response (Length: 174)
2026-01-19T04:35:33.2176168Z     🤖 AI Next Step Suggestion: click -> Run ❯
2026-01-19T04:35:33.2176755Z     🧩 Suggested Locator: #runbtn
2026-01-19T04:35:33.2177655Z     💭 Reasoning: After filling the textarea, the next logical step is to run the code to see the output.
2026-01-19T04:35:33.2178550Z     ➕ Injected AI step: click -> Run ❯
2026-01-19T04:35:33.2179092Z   ▶️ [STEP step_2_ai_2] CLICK: Run ❯
2026-01-19T04:35:33.2383827Z     🎯 Using AI-provided locator: #runbtn
2026-01-19T04:35:33.2442235Z     ✅ Found 1 verified locators
2026-01-19T04:35:37.2971190Z     ✅ State transitioned.
2026-01-19T04:35:39.0696422Z [DEBUG] Sending request to gemini-2.0-flash. Number of parts: 2
2026-01-19T04:35:39.0697204Z [DEBUG] Received response (Length: 257)
2026-01-19T04:35:39.0698108Z     🤖 AI Next Step Suggestion: done -> N/A
2026-01-19T04:35:39.0700782Z     💭 Reasoning: The goal is to test the HTML editor. The user has already filled the textarea and clicked the 'Run' button. The result is displayed in the iframe. There are no further actions to take on this page to test the editor.
2026-01-19T04:35:39.0702858Z   ▶️ [STEP step_3] FILL: HTML editor
2026-01-19T04:35:39.0754769Z     🔍 Mining locators for: 'HTML editor'
2026-01-19T04:35:39.1669876Z     🧠 Consulting AI (Vision-First) to find 'HTML editor'...
2026-01-19T04:35:39.1670417Z     🔍 Trying smart selectors for 'HTML editor'...
2026-01-19T04:35:39.2183330Z     ⚠️ Smart selectors failed (no unique match). Falling back to AI Vision...
2026-01-19T04:35:39.2184592Z     🧠 [EXPERT] Strategy: Act as Senior SDET focusing on exploring the application to understand functional flow and identifying critical paths for end-to-end automation.
2026-01-19T04:35:43.6079024Z [DEBUG] Sending request to gemini-2.0-flash. Number of parts: 2
2026-01-19T04:35:43.6079880Z [DEBUG] Received response (Length: 223)
2026-01-19T04:35:43.6081359Z     💡 Expert Suggestion: The 'HTML editor' is likely located on the 'Get your own website' page.
2026-01-19T04:35:43.6083102Z     🛠️ Executing corrective action: click -> 'Get your own website'
2026-01-19T04:35:44.1941985Z     ✅ Executed corrective navigation
2026-01-19T04:35:46.1959342Z     🔄 Retry 1/3 mining locators for 'HTML editor'...
2026-01-19T04:35:47.2497064Z     🧠 Consulting AI (Vision-First) to find 'HTML editor'...
2026-01-19T04:35:47.2497942Z     🔍 Trying smart selectors for 'HTML editor'...
2026-01-19T04:35:47.2996893Z     ⚠️ Smart selectors failed (no unique match). Falling back to AI Vision...
2026-01-19T04:35:47.2998155Z     🧠 [EXPERT] Strategy: Act as Senior SDET focusing on exploring the application to understand functional flow and identifying critical paths for end-to-end automation.
2026-01-19T04:35:49.1277203Z [DEBUG] Sending request to gemini-2.0-flash. Number of parts: 2
2026-01-19T04:35:49.1277933Z [DEBUG] Received response (Length: 244)
2026-01-19T04:35:49.1278697Z     ⚠️ Skipping duplicate injection: Get your own website
2026-01-19T04:35:49.1279238Z     🔄 Retry 2/3 mining locators for 'HTML editor'...
2026-01-19T04:35:50.1290326Z     🗑️ Invalidating stale AI cache (retry 2)...
2026-01-19T04:35:50.1291744Z     ⚠️ Cache invalidation warning: No module named 'core.agents.domain_expert'
2026-01-19T04:35:50.1831718Z     🧠 Consulting AI (Vision-First) to find 'HTML editor'...
2026-01-19T04:35:50.1832642Z     🔍 Trying smart selectors for 'HTML editor'...
2026-01-19T04:35:50.2335012Z     ⚠️ Smart selectors failed (no unique match). Falling back to AI Vision...
2026-01-19T04:35:50.2337096Z     🧠 [EXPERT] Strategy: Act as Senior SDET focusing on exploring the application to understand functional flow and identifying critical paths for end-to-end automation.
2026-01-19T04:35:50.2340731Z [CACHE HIT] e28feaeb... (hits: 9, misses: 28)
2026-01-19T04:35:50.2341408Z     ⚠️ Skipping duplicate injection: Get your own website
2026-01-19T04:35:50.2342462Z     🧠 Verifying step validity for 'HTML editor' after no candidates found...
2026-01-19T04:35:54.0710108Z [DEBUG] Sending request to gemini-2.0-flash. Number of parts: 2
2026-01-19T04:35:54.0710537Z [DEBUG] Received response (Length: 182)
2026-01-19T04:35:54.0711213Z     🛠️ Self-Correction: Step is valid. Using new locator: #textareaCode
2026-01-19T04:36:00.0840341Z     ⚠️ Scroll into view failed for #textareaCode. Proceeding anyway.
2026-01-19T04:36:05.5869229Z     ⚠️ Action failed: Locator.click: Timeout 5000ms exceeded.
2026-01-19T04:36:05.5869908Z Call log:
2026-01-19T04:36:05.5870193Z ...
2026-01-19T04:36:07.2968112Z [DEBUG] Sending request to gemini-2.0-flash. Number of parts: 2
2026-01-19T04:36:07.2970303Z [DEBUG] Received response (Length: 182)
2026-01-19T04:36:07.2972159Z   ▶️ [STEP step_4] CLICK: Run ❯
2026-01-19T04:36:07.3038058Z     🔍 Mining locators for: 'Run ❯'
2026-01-19T04:36:07.3782973Z     ✅ Found 3 verified locators
2026-01-19T04:36:10.9252707Z     ✅ State transitioned.
2026-01-19T04:36:10.9323656Z     🔄 Revisited state detected (count: 1)
2026-01-19T04:36:13.0372191Z [DEBUG] Sending request to gemini-2.0-flash. Number of parts: 2
2026-01-19T04:36:13.0372970Z [DEBUG] Received response (Length: 430)
2026-01-19T04:36:13.0373903Z     🤖 AI Next Step Suggestion: fill -> textarea
2026-01-19T04:36:13.0374572Z     🧩 Suggested Locator: #textareaCode
2026-01-19T04:36:13.0376303Z     💭 Reasoning: The previous attempt to fill the textarea failed. I will try again with the original content to ensure the editor is working as expected.
2026-01-19T04:36:13.0377914Z     ➕ Injected AI step: fill -> textarea
2026-01-19T04:36:13.0378596Z   ▶️ [STEP step_4_ai_1] FILL: textarea
2026-01-19T04:36:13.0438404Z     🎯 Using AI-provided locator: #textareaCode
2026-01-19T04:36:13.0479297Z     🔍 Mining locators for: 'textarea'
2026-01-19T04:36:13.0987892Z     🧠 Consulting AI (Vision-First) to find 'textarea'...
2026-01-19T04:36:13.0988626Z     🔍 Trying smart selectors for 'textarea'...
2026-01-19T04:36:13.1712724Z     ✅ Smart selector found 'textarea' via visual-scoring (confidence: 0.7)
2026-01-19T04:36:13.1750705Z     ✅ Found 1 verified locators
2026-01-19T04:36:35.7597434Z     ✅ State transitioned.
2026-01-19T04:36:35.7672192Z     🔄 Revisited state detected (count: 2)
2026-01-19T04:36:37.9354176Z [DEBUG] Sending request to gemini-2.0-flash. Number of parts: 2
2026-01-19T04:36:37.9354772Z [DEBUG] Received response (Length: 430)
2026-01-19T04:36:37.9355539Z     🤖 AI Next Step Suggestion: fill -> textarea
2026-01-19T04:36:37.9356445Z     🧩 Suggested Locator: #textareaCode
2026-01-19T04:36:37.9357594Z     💭 Reasoning: The previous fill action failed because the target was not specified correctly. I am now specifying the correct locator for the textarea.
2026-01-19T04:36:37.9358597Z ⚠️ Loop detected: same AI suggestion repeated 2 times. Moving to next step.
2026-01-19T04:36:37.9359111Z   ▶️ [STEP step_5] ASSERT_VISIBLE: Click Me!
2026-01-19T04:36:37.9416367Z     🔍 Mining locators for: 'Click Me!'
2026-01-19T04:36:38.0483035Z     🧠 Consulting AI (Vision-First) to find 'Click Me!'...
2026-01-19T04:36:38.0483521Z     🔍 Trying smart selectors for 'Click Me!'...
2026-01-19T04:36:38.0938446Z     ⚠️ Smart selectors failed (no unique match). Falling back to AI Vision...
2026-01-19T04:36:38.0940293Z     🧠 [EXPERT] Strategy: Act as Senior SDET focusing on exploring the application to understand functional flow and identifying critical paths for end-to-end automation.
2026-01-19T04:36:42.2047449Z [DEBUG] Sending request to gemini-2.0-flash. Number of parts: 2
2026-01-19T04:36:42.2049841Z [DEBUG] Received response (Length: 200)
2026-01-19T04:36:42.2050939Z     💡 Expert Suggestion: The 'Click Me!' button might be available after running the code.
2026-01-19T04:36:42.2052029Z     🛠️ Executing corrective action: click -> 'Run'
2026-01-19T04:36:42.7824682Z     ✅ Executed corrective navigation
2026-01-19T04:36:44.7847511Z     🔄 Retry 1/3 mining locators for 'Click Me!'...
2026-01-19T04:36:45.8478443Z     🧠 Consulting AI (Vision-First) to find 'Click Me!'...
2026-01-19T04:36:45.8479252Z     🔍 Trying smart selectors for 'Click Me!'...
2026-01-19T04:36:45.8933335Z     ⚠️ Smart selectors failed (no unique match). Falling back to AI Vision...
2026-01-19T04:36:45.8934900Z     🧠 [EXPERT] Strategy: Act as Senior SDET focusing on exploring the application to understand functional flow and identifying critical paths for end-to-end automation.
2026-01-19T04:36:47.3576724Z [DEBUG] Sending request to gemini-2.0-flash. Number of parts: 2
2026-01-19T04:36:47.3577229Z [DEBUG] Received response (Length: 273)
2026-01-19T04:36:47.3577784Z     ⚠️ Skipping duplicate injection: Run
2026-01-19T04:36:47.3578185Z     🔄 Retry 2/3 mining locators for 'Click Me!'...
2026-01-19T04:36:48.3589588Z     🗑️ Invalidating stale AI cache (retry 2)...
2026-01-19T04:36:48.3591141Z     ⚠️ Cache invalidation warning: No module named 'core.agents.domain_expert'
2026-01-19T04:36:48.4140474Z     🧠 Consulting AI (Vision-First) to find 'Click Me!'...
2026-01-19T04:36:48.4141038Z     🔍 Trying smart selectors for 'Click Me!'...
2026-01-19T04:36:48.4582957Z     ⚠️ Smart selectors failed (no unique match). Falling back to AI Vision...
2026-01-19T04:36:48.4585033Z     🧠 [EXPERT] Strategy: Act as Senior SDET focusing on exploring the application to understand functional flow and identifying critical paths for end-to-end automation.
2026-01-19T04:36:48.4588822Z [CACHE HIT] b9c8e8fb... (hits: 10, misses: 34)
2026-01-19T04:36:48.4589279Z     ⚠️ Skipping duplicate injection: Run
2026-01-19T04:36:48.4590464Z     🧠 Verifying step validity for 'Click Me!' after no candidates found...
2026-01-19T04:36:52.2832297Z [DEBUG] Sending request to gemini-2.0-flash. Number of parts: 2
2026-01-19T04:36:52.2832778Z [DEBUG] Received response (Length: 215)
2026-01-19T04:36:52.2833943Z     🗑️ Step deemed INVALID: The element "Click Me!" does not exist on the page. The page displays a heading, paragraphs, and a video with the text "Click on to watch the video".. Removing from workflow.
2026-01-19T04:36:52.2834848Z     ⏭️ Skipping execution of invalid step: Click Me!
2026-01-19T04:36:54.3228194Z 🗂️  All generated tests written to /home/runner/work/build_qa_automation/build_qa_automation/projects/ci_w3schools_tryit/tests/generated_scenarios.json
2026-01-19T04:36:54.3235463Z 🔄 Updated workflow.json with discovered steps and locators.
2026-01-19T04:36:54.3235970Z 
2026-01-19T04:36:54.3236248Z ✅ Deep Exploration Complete.
2026-01-19T04:40:51.9643212Z 
2026-01-19T04:40:51.9644040Z 🚀 [EXECUTE] Starting Automation Execution Engine
2026-01-19T04:40:51.9644767Z 📍 Project: ci_w3schools_tryit
2026-01-19T04:40:51.9645265Z 🎬 Mode: Headless
2026-01-19T04:40:51.9645469Z 
2026-01-19T04:40:51.9645786Z --- Scenario: Basic HTML Editing and Execution ---
2026-01-19T04:40:51.9646490Z   ▶️ [STEP step_1] NAVIGATE: Step step_1
2026-01-19T04:40:51.9647014Z     ✅ Step step_1 Passed.
2026-01-19T04:40:51.9647483Z   ▶️ [STEP step_2] ASSERT_VISIBLE: Run ❯
2026-01-19T04:40:51.9648079Z     🎯 Using mined locator: role=button[name='Run ❯']
2026-01-19T04:40:51.9648620Z     ✅ Step step_2 Passed.
2026-01-19T04:40:51.9649023Z   ▶️ [STEP step_2_ai_1] FILL: textarea
2026-01-19T04:40:51.9649367Z     🎯 Using mined locator: [id*='textarea'] >> nth=0
2026-01-19T04:40:51.9649724Z     ✅ Step step_2_ai_1 Passed.
2026-01-19T04:40:51.9649994Z   ▶️ [STEP step_2_ai_2] CLICK: Run ❯
2026-01-19T04:40:51.9650294Z     🎯 Using mined locator: #runbtn
2026-01-19T04:40:51.9650578Z     ✅ Step step_2_ai_2 Passed.
2026-01-19T04:40:51.9650880Z   ▶️ [STEP step_2_ai_3] FILL: textarea
2026-01-19T04:40:51.9651219Z     🎯 Using mined locator: [id*='textarea'] >> nth=0
2026-01-19T04:40:51.9651544Z     ✅ Step step_2_ai_3 Passed.
2026-01-19T04:40:51.9652480Z   ▶️ [STEP step_4] CLICK: Run ❯
2026-01-19T04:40:51.9652853Z     🎯 Using mined locator: role=button[name='Run ❯']
2026-01-19T04:40:51.9653198Z     ✅ Step step_4 Passed.
2026-01-19T04:40:51.9653472Z   ▶️ [STEP step_4_ai_1] FILL: textarea
2026-01-19T04:40:51.9653809Z     🎯 Using mined locator: [id*='textarea'] >> nth=0
2026-01-19T04:40:51.9654139Z     ✅ Step step_4_ai_1 Passed.
2026-01-19T04:40:51.9654442Z   ▶️ [STEP step_5] ASSERT_VISIBLE: Hello World
2026-01-19T04:40:51.9654780Z     🎯 Using mined locator: text='Hello World'
2026-01-19T04:40:51.9655094Z     ✅ Step step_5 Passed.
2026-01-19T04:40:51.9655358Z   ▶️ [STEP step_5_ai_1] FILL: textarea
2026-01-19T04:40:51.9655690Z     🎯 Using mined locator: [id*='textarea'] >> nth=0
2026-01-19T04:40:51.9656012Z     ✅ Step step_5_ai_1 Passed.
2026-01-19T04:40:51.9656333Z   ▶️ [STEP step_6] ASSERT_VISIBLE: This is a paragraph.
2026-01-19T04:40:51.9656813Z     🎯 Using mined locator: text=This is a paragraph. >> xpath=.. >> input
2026-01-19T04:40:51.9657349Z     ❌ Attempt 1 failed (element_not_found): Locator expected to be visible
2026-01-19T04:40:51.9657720Z Actual value: hidden 
2026-01-19T04:40:51.9657911Z Call log:
2026-01-19T04:40:51.9658109Z   - Expect "to_be_visible" with timeo...
2026-01-19T04:40:51.9658525Z     🔧 [AUTO-HEAL] Re-mining page to find 'This is a paragraph.'...
2026-01-19T04:40:51.9658943Z [DEBUG] Sending request to gemini-2.0-flash. Number of parts: 2
2026-01-19T04:40:51.9659292Z [DEBUG] Received response (Length: 527)
2026-01-19T04:40:51.9659657Z     ✨ AI successfully healed the step! Found 2 alternatives.
2026-01-19T04:40:51.9660133Z     ✨ AI successfully healed the step! New selector: body > p:nth-child(5)
2026-01-19T04:40:51.9660641Z     ❌ Attempt 2 failed (element_not_found): Locator expected to be visible
2026-01-19T04:40:51.9660978Z Actual value: None
2026-01-19T04:40:51.9661395Z Error: element(s) not found 
2026-01-19T04:40:51.9661615Z Call log:
2026-01-19T04:40:51.9661967Z   - Expect ...
2026-01-19T04:40:51.9662448Z     🔧 [AUTO-HEAL] Re-mining page to find 'This is a paragraph.'...
2026-01-19T04:40:51.9662851Z [DEBUG] Sending request to gemini-2.0-flash. Number of parts: 2
2026-01-19T04:40:51.9663186Z [DEBUG] Received response (Length: 460)
2026-01-19T04:40:51.9663543Z     ✨ AI successfully healed the step! Found 2 alternatives.
2026-01-19T04:40:51.9663969Z     ✨ AI successfully healed the step! New selector: p:nth-child(2)
2026-01-19T04:40:51.9664319Z     ✅ Step step_6 Passed.
2026-01-19T04:40:51.9664678Z ✅ Scenario 'Basic HTML Editing and Execution' completed successfully!
2026-01-19T04:40:51.9665141Z 
2026-01-19T04:40:51.9665272Z --- Scenario: HTML Editor - Update Text and Verify ---
2026-01-19T04:40:51.9665620Z   ▶️ [STEP step_1] NAVIGATE: Step step_1
2026-01-19T04:40:51.9665896Z     ✅ Step step_1 Passed.
2026-01-19T04:40:51.9666149Z   ▶️ [STEP step_2] ASSERT_VISIBLE: Run ❯
2026-01-19T04:40:51.9666491Z     🎯 Using mined locator: role=button[name='Run ❯']
2026-01-19T04:40:51.9666795Z     ✅ Step step_2 Passed.
2026-01-19T04:40:51.9667044Z   ▶️ [STEP step_3] FILL: HTML editor
2026-01-19T04:40:51.9667329Z     🎯 Using mined locator: #textareaCode
2026-01-19T04:40:51.9667819Z     ❌ Attempt 1 failed (timeout): Locator.scroll_into_view_if_needed: Timeout 9986ms exceeded.
2026-01-19T04:40:51.9668227Z Call log:
2026-01-19T04:40:51.9668405Z   - attempting scroll into vi...
2026-01-19T04:40:51.9668729Z     🔧 [AUTO-HEAL] Re-mining page to find 'HTML editor'...
2026-01-19T04:40:51.9669115Z [DEBUG] Sending request to gemini-2.0-flash. Number of parts: 2
2026-01-19T04:40:51.9669550Z [DEBUG] Received response (Length: 355)
2026-01-19T04:40:51.9669923Z     ✨ AI successfully healed the step! Found 2 alternatives.
2026-01-19T04:40:51.9670310Z     ✨ AI successfully healed the step! New selector: body
2026-01-19T04:40:51.9670623Z     ✅ Step step_3 Passed.
2026-01-19T04:40:51.9670859Z   ▶️ [STEP step_4] CLICK: Run ❯
2026-01-19T04:40:51.9671173Z     🎯 Using mined locator: role=button[name='Run ❯']
2026-01-19T04:40:51.9671476Z     ✅ Step step_4 Passed.
2026-01-19T04:40:51.9671729Z   ▶️ [STEP step_4_ai_1] FILL: HTML editor
2026-01-19T04:40:51.9672470Z     ⚠️ Mined locators not found on page. Falling back to semantic search.
2026-01-19T04:40:51.9673091Z     ❌ Attempt 1 failed (element_not_found): Locator.scroll_into_view_if_needed: Timeout 10000ms exceeded.
2026-01-19T04:40:51.9673532Z Call log:
2026-01-19T04:40:51.9673707Z   - waiting for locator("tex...
2026-01-19T04:40:51.9674024Z     🔧 [AUTO-HEAL] Re-mining page to find 'HTML editor'...
2026-01-19T04:40:51.9674394Z [DEBUG] Sending request to gemini-2.0-flash. Number of parts: 2
2026-01-19T04:40:51.9676402Z [DEBUG] Received response (Length: 400)
2026-01-19T04:40:51.9677079Z     ✨ AI successfully healed the step! Found 2 alternatives.
2026-01-19T04:40:51.9677769Z     ✨ AI successfully healed the step! New selector: body
2026-01-19T04:40:51.9678432Z     ✅ Step step_4_ai_1 Passed.
2026-01-19T04:40:51.9679128Z ✅ Scenario 'HTML Editor - Update Text and Verify' completed successfully!
2026-01-19T04:40:51.9679607Z 
2026-01-19T04:40:51.9679836Z --- Scenario: HTML Editor - Add JavaScript and Verify ---
2026-01-19T04:40:51.9680229Z   ▶️ [STEP step_1] NAVIGATE: Step step_1
2026-01-19T04:40:51.9680518Z     ✅ Step step_1 Passed.
2026-01-19T04:40:51.9680790Z   ▶️ [STEP step_2] ASSERT_VISIBLE: Run ❯
2026-01-19T04:40:51.9681134Z     🎯 Using mined locator: role=button[name='Run ❯']
2026-01-19T04:40:51.9681444Z     ✅ Step step_2 Passed.
2026-01-19T04:40:51.9681695Z   ▶️ [STEP step_2_ai_1] FILL: textarea
2026-01-19T04:40:51.9682403Z     🎯 Using mined locator: [id*='textarea'] >> nth=0
2026-01-19T04:40:51.9682748Z     ✅ Step step_2_ai_1 Passed.
2026-01-19T04:40:51.9683021Z   ▶️ [STEP step_2_ai_2] CLICK: Run ❯
2026-01-19T04:40:51.9683297Z     🎯 Using mined locator: #runbtn
2026-01-19T04:40:51.9683567Z     ✅ Step step_2_ai_2 Passed.
2026-01-19T04:40:51.9683830Z   ▶️ [STEP step_3] FILL: HTML editor
2026-01-19T04:40:51.9684308Z     🎯 Using mined locator: #textareaCode
2026-01-19T04:40:51.9684816Z     ❌ Attempt 1 failed (timeout): Locator.scroll_into_view_if_needed: Timeout 9996ms exceeded.
2026-01-19T04:40:51.9685232Z Call log:
2026-01-19T04:40:51.9685417Z   - attempting scroll into vi...
2026-01-19T04:40:51.9685754Z     🔧 [AUTO-HEAL] Re-mining page to find 'HTML editor'...
2026-01-19T04:40:51.9686126Z [DEBUG] Sending request to gemini-2.0-flash. Number of parts: 2
2026-01-19T04:40:51.9686464Z [DEBUG] Received response (Length: 472)
2026-01-19T04:40:51.9686821Z     ✨ AI successfully healed the step! Found 2 alternatives.
2026-01-19T04:40:51.9687213Z     ✨ AI successfully healed the step! New selector: html
2026-01-19T04:40:51.9687663Z     ✅ Step step_3 Passed.
2026-01-19T04:40:51.9687909Z   ▶️ [STEP step_4] CLICK: Run ❯
2026-01-19T04:40:51.9688216Z     🎯 Using mined locator: role=button[name='Run ❯']
2026-01-19T04:40:51.9688525Z     ✅ Step step_4 Passed.
2026-01-19T04:40:51.9688789Z   ▶️ [STEP step_4_ai_1] FILL: textarea
2026-01-19T04:40:51.9689103Z     🎯 Using mined locator: [id*='textarea'] >> nth=0
2026-01-19T04:40:51.9689410Z     ✅ Step step_4_ai_1 Passed.
2026-01-19T04:40:51.9689802Z ✅ Scenario 'HTML Editor - Add JavaScript and Verify' completed successfully!
2026-01-19T04:40:51.9690098Z 
2026-01-19T04:40:51.9690204Z ============================================================
2026-01-19T04:40:51.9690495Z 🎯 EXECUTION SUMMARY
2026-01-19T04:40:51.9690707Z ============================================================
2026-01-19T04:40:51.9690894Z 
2026-01-19T04:40:51.9690995Z 📋 Scenario Overview:
2026-01-19T04:40:51.9691239Z    • Total Scenarios Planned: 3
2026-01-19T04:40:51.9691503Z    • Scenarios Executed: 3
2026-01-19T04:40:51.9691743Z    • Total Steps Executed: 22
2026-01-19T04:40:51.9692124Z 
2026-01-19T04:40:51.9692220Z ✅ Results:
2026-01-19T04:40:51.9692422Z    ✅ Passed: 3 (100%)
2026-01-19T04:40:51.9692541Z 
2026-01-19T04:40:51.9692648Z ============================================================
2026-01-19T04:40:51.9692832Z 
2026-01-19T04:40:51.9693328Z 🏁 Execution Finished. Report: /home/runner/work/build_qa_automation/build_qa_automation/projects/ci_w3schools_tryit/execution.json
2026-01-19T04:40:52.0765455Z 
2026-01-19T04:40:52.0766088Z [PHASE] Running Phase: DISCOVERY
2026-01-19T04:40:52.0767633Z    Command: /opt/hostedtoolcache/Python/3.11.14/x64/bin/python /home/runner/work/build_qa_automation/build_qa_automation/core/agents/discovery.py --project /home/runner/work/build_qa_automation/build_qa_automation/projects/ci_w3schools_tryit --url https://www.w3schools.com/html/tryit.asp?filename=tryhtml_default --deep
2026-01-19T04:40:52.0769211Z ✅ Phase 'discovery' completed successfully.
2026-01-19T04:40:52.0769459Z 
2026-01-19T04:40:52.0769874Z [PHASE] Running Phase: PLANNING
2026-01-19T04:40:52.0771304Z    Command: /opt/hostedtoolcache/Python/3.11.14/x64/bin/python /home/runner/work/build_qa_automation/build_qa_automation/core/agents/planner.py --project /home/runner/work/build_qa_automation/build_qa_automation/projects/ci_w3schools_tryit --goal Test HTML editor --url https://www.w3schools.com/html/tryit.asp?filename=tryhtml_default --deep
2026-01-19T04:40:52.0772953Z ✅ Phase 'planning' completed successfully.
2026-01-19T04:40:52.0773152Z 
2026-01-19T04:40:52.0773249Z [PHASE] Running Phase: EXPLORATION
2026-01-19T04:40:52.0774212Z    Command: /opt/hostedtoolcache/Python/3.11.14/x64/bin/python /home/runner/work/build_qa_automation/build_qa_automation/core/agents/deep_explorer.py --project /home/runner/work/build_qa_automation/build_qa_automation/projects/ci_w3schools_tryit
2026-01-19T04:40:52.0775257Z ✅ Phase 'exploration' completed successfully.
2026-01-19T04:40:52.0775650Z 📊 Exploration Discovery Success Rate: 100.0%
2026-01-19T04:40:52.0775843Z 
2026-01-19T04:40:52.0775937Z [PHASE] Running Phase: EXECUTION
2026-01-19T04:40:52.0777123Z    Command: /opt/hostedtoolcache/Python/3.11.14/x64/bin/python /home/runner/work/build_qa_automation/build_qa_automation/core/agents/executor.py --project /home/runner/work/build_qa_automation/build_qa_automation/projects/ci_w3schools_tryit
2026-01-19T04:40:52.0778159Z ✅ Phase 'execution' completed successfully.
2026-01-19T04:40:52.0778351Z 
2026-01-19T04:40:52.0778455Z [DONE] Pipeline Execution Finished! [DONE]
2026-01-19T04:40:52.1907699Z ##[group]Run RESULT_FILE="projects/ci_w3schools_tryit/execution.json"
2026-01-19T04:40:52.1908208Z [36;1mRESULT_FILE="projects/ci_w3schools_tryit/execution.json"[0m
2026-01-19T04:40:52.1908563Z [36;1mif [ -f "$RESULT_FILE" ]; then[0m
2026-01-19T04:40:52.1908896Z [36;1m  echo "✅ Results generated successfully: $RESULT_FILE"[0m
2026-01-19T04:40:52.1909343Z [36;1m  cat "$RESULT_FILE" | jq '.scenarios | length' || echo "Result file exists"[0m
2026-01-19T04:40:52.1909904Z [36;1melse[0m
2026-01-19T04:40:52.1910136Z [36;1m  echo "❌ No result file found at $RESULT_FILE"[0m
2026-01-19T04:40:52.1910419Z [36;1m  exit 1[0m
2026-01-19T04:40:52.1910591Z [36;1mfi[0m
2026-01-19T04:40:52.1943807Z shell: /usr/bin/bash -e {0}
2026-01-19T04:40:52.1944040Z env:
2026-01-19T04:40:52.1944292Z   pythonLocation: /opt/hostedtoolcache/Python/3.11.14/x64
2026-01-19T04:40:52.1944724Z   PKG_CONFIG_PATH: /opt/hostedtoolcache/Python/3.11.14/x64/lib/pkgconfig
2026-01-19T04:40:52.1945184Z   Python_ROOT_DIR: /opt/hostedtoolcache/Python/3.11.14/x64
2026-01-19T04:40:52.1945547Z   Python2_ROOT_DIR: /opt/hostedtoolcache/Python/3.11.14/x64
2026-01-19T04:40:52.1945913Z   Python3_ROOT_DIR: /opt/hostedtoolcache/Python/3.11.14/x64
2026-01-19T04:40:52.1946283Z   LD_LIBRARY_PATH: /opt/hostedtoolcache/Python/3.11.14/x64/lib
2026-01-19T04:40:52.1946591Z ##[endgroup]
2026-01-19T04:40:52.1998033Z ✅ Results generated successfully: projects/ci_w3schools_tryit/execution.json
2026-01-19T04:40:52.2024235Z 3
2026-01-19T04:40:52.2257936Z ##[group]Run actions/upload-artifact@v4
2026-01-19T04:40:52.2258209Z with:
2026-01-19T04:40:52.2258408Z   name: w3schools_tryit-execution-results
2026-01-19T04:40:52.2258851Z   path: projects/ci_w3schools_tryit/execution.json
projects/ci_w3schools_tryit/workflow.json

2026-01-19T04:40:52.2259284Z   retention-days: 30
2026-01-19T04:40:52.2259481Z   if-no-files-found: warn
2026-01-19T04:40:52.2259691Z   compression-level: 6
2026-01-19T04:40:52.2259884Z   overwrite: false
2026-01-19T04:40:52.2260075Z   include-hidden-files: false
2026-01-19T04:40:52.2260280Z env:
2026-01-19T04:40:52.2260506Z   pythonLocation: /opt/hostedtoolcache/Python/3.11.14/x64
2026-01-19T04:40:52.2260907Z   PKG_CONFIG_PATH: /opt/hostedtoolcache/Python/3.11.14/x64/lib/pkgconfig
2026-01-19T04:40:52.2261303Z   Python_ROOT_DIR: /opt/hostedtoolcache/Python/3.11.14/x64
2026-01-19T04:40:52.2261653Z   Python2_ROOT_DIR: /opt/hostedtoolcache/Python/3.11.14/x64
2026-01-19T04:40:52.2262360Z   Python3_ROOT_DIR: /opt/hostedtoolcache/Python/3.11.14/x64
2026-01-19T04:40:52.2262723Z   LD_LIBRARY_PATH: /opt/hostedtoolcache/Python/3.11.14/x64/lib
2026-01-19T04:40:52.2263024Z ##[endgroup]
2026-01-19T04:40:52.4704017Z Multiple search paths detected. Calculating the least common ancestor of all paths
2026-01-19T04:40:52.4708768Z The least common ancestor is /home/runner/work/build_qa_automation/build_qa_automation/projects/ci_w3schools_tryit. This will be the root directory of the artifact
2026-01-19T04:40:52.4710271Z With the provided path, there will be 2 files uploaded
2026-01-19T04:40:52.4713405Z Artifact name is valid!
2026-01-19T04:40:52.4713893Z Root directory input is valid!
2026-01-19T04:40:52.7257868Z Beginning upload of artifact content to blob storage
2026-01-19T04:40:53.0451584Z Uploaded bytes 1965
2026-01-19T04:40:53.1282548Z Finished uploading artifact content to blob storage!
2026-01-19T04:40:53.1286153Z SHA256 digest of uploaded artifact zip is 2690e0d54ceb5f84fc9b262bfdf068927d5dab569fff8499877cf5e36eb7f1cc
2026-01-19T04:40:53.1287993Z Finalizing artifact upload
2026-01-19T04:40:53.2642904Z Artifact w3schools_tryit-execution-results.zip successfully finalized. Artifact ID 5172513258
2026-01-19T04:40:53.2644608Z Artifact w3schools_tryit-execution-results has been successfully uploaded! Final size is 1965 bytes. Artifact ID is 5172513258
2026-01-19T04:40:53.2651490Z Artifact download URL: https://github.com/vishvasmca-cmd/build_qa_automation/actions/runs/21124435194/artifacts/5172513258
2026-01-19T04:40:53.2953457Z Post job cleanup.
2026-01-19T04:40:53.4451408Z Cache hit occurred on the primary key setup-python-Linux-x64-24.04-Ubuntu-python-3.11.14-pip-dde08d0e0b672972dcda9f1a063036a2e0c226f5d0a20362e9401931676d80a4, not saving cache.
2026-01-19T04:40:53.4910004Z Post job cleanup.
2026-01-19T04:40:53.5844585Z [command]/usr/bin/git version
2026-01-19T04:40:53.5885460Z git version 2.52.0
2026-01-19T04:40:53.5930503Z Temporarily overriding HOME='/home/runner/work/_temp/9c2719df-44a6-4447-b670-285d39361ec7' before making global git config changes
2026-01-19T04:40:53.5932925Z Adding repository directory to the temporary git global config as a safe directory
2026-01-19T04:40:53.5938123Z [command]/usr/bin/git config --global --add safe.directory /home/runner/work/build_qa_automation/build_qa_automation
2026-01-19T04:40:53.5977369Z [command]/usr/bin/git config --local --name-only --get-regexp core\.sshCommand
2026-01-19T04:40:53.6011652Z [command]/usr/bin/git submodule foreach --recursive sh -c "git config --local --name-only --get-regexp 'core\.sshCommand' && git config --local --unset-all 'core.sshCommand' || :"
2026-01-19T04:40:53.6269209Z [command]/usr/bin/git config --local --name-only --get-regexp http\.https\:\/\/github\.com\/\.extraheader
2026-01-19T04:40:53.6292654Z http.https://github.com/.extraheader
2026-01-19T04:40:53.6309165Z [command]/usr/bin/git config --local --unset-all http.https://github.com/.extraheader
2026-01-19T04:40:53.6342960Z [command]/usr/bin/git submodule foreach --recursive sh -c "git config --local --name-only --get-regexp 'http\.https\:\/\/github\.com\/\.extraheader' && git config --local --unset-all 'http.https://github.com/.extraheader' || :"
2026-01-19T04:40:53.6588370Z [command]/usr/bin/git config --local --name-only --get-regexp ^includeIf\.gitdir:
2026-01-19T04:40:53.6628198Z [command]/usr/bin/git submodule foreach --recursive git config --local --show-origin --name-only --get-regexp remote.origin.url
2026-01-19T04:40:53.6997386Z Cleaning up orphan processes
