2026-01-18T23:57:13.3694970Z Current runner version: '2.331.0'
2026-01-18T23:57:13.3726912Z ##[group]Runner Image Provisioner
2026-01-18T23:57:13.3728116Z Hosted Compute Agent
2026-01-18T23:57:13.3729073Z Version: 20251211.462
2026-01-18T23:57:13.3730015Z Commit: 6cbad8c2bb55d58165063d031ccabf57e2d2db61
2026-01-18T23:57:13.3731560Z Build Date: 2025-12-11T16:28:49Z
2026-01-18T23:57:13.3733034Z Worker ID: {a10c661b-09ef-47e9-a637-1b32998dc298}
2026-01-18T23:57:13.3734228Z ##[endgroup]
2026-01-18T23:57:13.3735090Z ##[group]Operating System
2026-01-18T23:57:13.3735930Z Ubuntu
2026-01-18T23:57:13.3738336Z 24.04.3
2026-01-18T23:57:13.3739247Z LTS
2026-01-18T23:57:13.3740138Z ##[endgroup]
2026-01-18T23:57:13.3741150Z ##[group]Runner Image
2026-01-18T23:57:13.3742350Z Image: ubuntu-24.04
2026-01-18T23:57:13.3743297Z Version: 20260111.209.1
2026-01-18T23:57:13.3745007Z Included Software: https://github.com/actions/runner-images/blob/ubuntu24/20260111.209/images/ubuntu/Ubuntu2404-Readme.md
2026-01-18T23:57:13.3747580Z Image Release: https://github.com/actions/runner-images/releases/tag/ubuntu24%2F20260111.209
2026-01-18T23:57:13.3749353Z ##[endgroup]
2026-01-18T23:57:13.3751280Z ##[group]GITHUB_TOKEN Permissions
2026-01-18T23:57:13.3754209Z Contents: read
2026-01-18T23:57:13.3755019Z Metadata: read
2026-01-18T23:57:13.3755906Z Packages: read
2026-01-18T23:57:13.3756627Z ##[endgroup]
2026-01-18T23:57:13.3759371Z Secret source: Actions
2026-01-18T23:57:13.3760548Z Prepare workflow directory
2026-01-18T23:57:13.5002974Z Prepare all required actions
2026-01-18T23:57:13.5039747Z Getting action download info
2026-01-18T23:57:13.7279876Z Download action repository 'actions/checkout@v4' (SHA:34e114876b0b11c390a56381ad16ebd13914f8d5)
2026-01-18T23:57:13.8229772Z Download action repository 'actions/setup-python@v5' (SHA:a26af69be951a213d495a4c3e4e4022e16d87065)
2026-01-18T23:57:13.9080047Z Download action repository 'actions/upload-artifact@v4' (SHA:ea165f8d65b6e75b540449e92b4886f43607fa02)
2026-01-18T23:57:14.2154989Z Complete job name: test-websites-deep (reqres_api_ui, https://reqres.in/, Explore API documentation UI)
2026-01-18T23:57:14.4250046Z ##[group]Run actions/checkout@v4
2026-01-18T23:57:14.4251020Z with:
2026-01-18T23:57:14.4251975Z   repository: vishvasmca-cmd/build_qa_automation
2026-01-18T23:57:14.4253156Z   token: ***
2026-01-18T23:57:14.4253779Z   ssh-strict: true
2026-01-18T23:57:14.4254345Z   ssh-user: git
2026-01-18T23:57:14.4254742Z   persist-credentials: true
2026-01-18T23:57:14.4255173Z   clean: true
2026-01-18T23:57:14.4255630Z   sparse-checkout-cone-mode: true
2026-01-18T23:57:14.4256093Z   fetch-depth: 1
2026-01-18T23:57:14.4256472Z   fetch-tags: false
2026-01-18T23:57:14.4256862Z   show-progress: true
2026-01-18T23:57:14.4257261Z   lfs: false
2026-01-18T23:57:14.4257610Z   submodules: false
2026-01-18T23:57:14.4258001Z   set-safe-directory: true
2026-01-18T23:57:14.4258814Z ##[endgroup]
2026-01-18T23:57:14.5351510Z Syncing repository: vishvasmca-cmd/build_qa_automation
2026-01-18T23:57:14.5353596Z ##[group]Getting Git version info
2026-01-18T23:57:14.5354481Z Working directory is '/home/runner/work/build_qa_automation/build_qa_automation'
2026-01-18T23:57:14.5355534Z [command]/usr/bin/git version
2026-01-18T23:57:14.5433292Z git version 2.52.0
2026-01-18T23:57:14.5458500Z ##[endgroup]
2026-01-18T23:57:14.5478209Z Temporarily overriding HOME='/home/runner/work/_temp/be82dde9-6bc3-421a-8263-7f994aa258fd' before making global git config changes
2026-01-18T23:57:14.5479567Z Adding repository directory to the temporary git global config as a safe directory
2026-01-18T23:57:14.5483472Z [command]/usr/bin/git config --global --add safe.directory /home/runner/work/build_qa_automation/build_qa_automation
2026-01-18T23:57:14.5518062Z Deleting the contents of '/home/runner/work/build_qa_automation/build_qa_automation'
2026-01-18T23:57:14.5521130Z ##[group]Initializing the repository
2026-01-18T23:57:14.5525641Z [command]/usr/bin/git init /home/runner/work/build_qa_automation/build_qa_automation
2026-01-18T23:57:14.5635275Z hint: Using 'master' as the name for the initial branch. This default branch name
2026-01-18T23:57:14.5636482Z hint: will change to "main" in Git 3.0. To configure the initial branch name
2026-01-18T23:57:14.5637347Z hint: to use in all of your new repositories, which will suppress this warning,
2026-01-18T23:57:14.5638025Z hint: call:
2026-01-18T23:57:14.5638374Z hint:
2026-01-18T23:57:14.5639272Z hint: 	git config --global init.defaultBranch <name>
2026-01-18T23:57:14.5640111Z hint:
2026-01-18T23:57:14.5640668Z hint: Names commonly chosen instead of 'master' are 'main', 'trunk' and
2026-01-18T23:57:14.5641528Z hint: 'development'. The just-created branch can be renamed via this command:
2026-01-18T23:57:14.5642402Z hint:
2026-01-18T23:57:14.5642765Z hint: 	git branch -m <name>
2026-01-18T23:57:14.5643189Z hint:
2026-01-18T23:57:14.5643758Z hint: Disable this message with "git config set advice.defaultBranchName false"
2026-01-18T23:57:14.5645024Z Initialized empty Git repository in /home/runner/work/build_qa_automation/build_qa_automation/.git/
2026-01-18T23:57:14.5650454Z [command]/usr/bin/git remote add origin https://github.com/vishvasmca-cmd/build_qa_automation
2026-01-18T23:57:14.5682465Z ##[endgroup]
2026-01-18T23:57:14.5683178Z ##[group]Disabling automatic garbage collection
2026-01-18T23:57:14.5686483Z [command]/usr/bin/git config --local gc.auto 0
2026-01-18T23:57:14.5713267Z ##[endgroup]
2026-01-18T23:57:14.5713918Z ##[group]Setting up auth
2026-01-18T23:57:14.5720102Z [command]/usr/bin/git config --local --name-only --get-regexp core\.sshCommand
2026-01-18T23:57:14.5748798Z [command]/usr/bin/git submodule foreach --recursive sh -c "git config --local --name-only --get-regexp 'core\.sshCommand' && git config --local --unset-all 'core.sshCommand' || :"
2026-01-18T23:57:14.6067025Z [command]/usr/bin/git config --local --name-only --get-regexp http\.https\:\/\/github\.com\/\.extraheader
2026-01-18T23:57:14.6097145Z [command]/usr/bin/git submodule foreach --recursive sh -c "git config --local --name-only --get-regexp 'http\.https\:\/\/github\.com\/\.extraheader' && git config --local --unset-all 'http.https://github.com/.extraheader' || :"
2026-01-18T23:57:14.6308387Z [command]/usr/bin/git config --local --name-only --get-regexp ^includeIf\.gitdir:
2026-01-18T23:57:14.6338865Z [command]/usr/bin/git submodule foreach --recursive git config --local --show-origin --name-only --get-regexp remote.origin.url
2026-01-18T23:57:14.6553604Z [command]/usr/bin/git config --local http.https://github.com/.extraheader AUTHORIZATION: basic ***
2026-01-18T23:57:14.6585395Z ##[endgroup]
2026-01-18T23:57:14.6593747Z ##[group]Fetching the repository
2026-01-18T23:57:14.6596035Z [command]/usr/bin/git -c protocol.version=2 fetch --no-tags --prune --no-recurse-submodules --depth=1 origin +10179ac5c7473147e4be3845796c28603a0fa5da:refs/remotes/origin/main
2026-01-18T23:57:15.7708720Z From https://github.com/vishvasmca-cmd/build_qa_automation
2026-01-18T23:57:15.7710085Z  * [new ref]         10179ac5c7473147e4be3845796c28603a0fa5da -> origin/main
2026-01-18T23:57:15.7739735Z ##[endgroup]
2026-01-18T23:57:15.7741614Z ##[group]Determining the checkout info
2026-01-18T23:57:15.7743799Z ##[endgroup]
2026-01-18T23:57:15.7748083Z [command]/usr/bin/git sparse-checkout disable
2026-01-18T23:57:15.7788072Z [command]/usr/bin/git config --local --unset-all extensions.worktreeConfig
2026-01-18T23:57:15.7817040Z ##[group]Checking out the ref
2026-01-18T23:57:15.7819016Z [command]/usr/bin/git checkout --progress --force -B main refs/remotes/origin/main
2026-01-18T23:57:15.8990741Z Switched to a new branch 'main'
2026-01-18T23:57:15.8992783Z branch 'main' set up to track 'origin/main'.
2026-01-18T23:57:15.9009211Z ##[endgroup]
2026-01-18T23:57:15.9044536Z [command]/usr/bin/git log -1 --format=%H
2026-01-18T23:57:15.9066163Z 10179ac5c7473147e4be3845796c28603a0fa5da
2026-01-18T23:57:16.0205034Z ##[group]Run actions/setup-python@v5
2026-01-18T23:57:16.0206143Z with:
2026-01-18T23:57:16.0206857Z   python-version: 3.11
2026-01-18T23:57:16.0207688Z   cache: pip
2026-01-18T23:57:16.0208643Z   check-latest: false
2026-01-18T23:57:16.0209764Z   token: ***
2026-01-18T23:57:16.0210545Z   update-environment: true
2026-01-18T23:57:16.0211475Z   allow-prereleases: false
2026-01-18T23:57:16.0212533Z   freethreaded: false
2026-01-18T23:57:16.0213320Z ##[endgroup]
2026-01-18T23:57:16.1862190Z ##[group]Installed versions
2026-01-18T23:57:16.1967574Z Successfully set up CPython (3.11.14)
2026-01-18T23:57:16.1968792Z ##[endgroup]
2026-01-18T23:57:16.2722251Z [command]/opt/hostedtoolcache/Python/3.11.14/x64/bin/pip cache dir
2026-01-18T23:57:16.5623110Z /home/runner/.cache/pip
2026-01-18T23:57:16.6608515Z Cache hit for: setup-python-Linux-x64-24.04-Ubuntu-python-3.11.14-pip-dde08d0e0b672972dcda9f1a063036a2e0c226f5d0a20362e9401931676d80a4
2026-01-18T23:57:17.7258635Z Received 251658240 of 254742636 (98.8%), 240.0 MBs/sec
2026-01-18T23:57:17.8024604Z Received 254742636 of 254742636 (100.0%), 225.6 MBs/sec
2026-01-18T23:57:17.8025661Z Cache Size: ~243 MB (254742636 B)
2026-01-18T23:57:17.8063074Z [command]/usr/bin/tar -xf /home/runner/work/_temp/412bcb31-bbe4-4556-9388-826c9aa08000/cache.tzst -P -C /home/runner/work/build_qa_automation/build_qa_automation --use-compress-program unzstd
2026-01-18T23:57:18.1936472Z Cache restored successfully
2026-01-18T23:57:18.2414029Z Cache restored from key: setup-python-Linux-x64-24.04-Ubuntu-python-3.11.14-pip-dde08d0e0b672972dcda9f1a063036a2e0c226f5d0a20362e9401931676d80a4
2026-01-18T23:57:18.3031244Z ##[group]Run pip install -r requirements.txt
2026-01-18T23:57:18.3032017Z [36;1mpip install -r requirements.txt[0m
2026-01-18T23:57:18.3032547Z [36;1mplaywright install chromium[0m
2026-01-18T23:57:18.3072153Z shell: /usr/bin/bash -e {0}
2026-01-18T23:57:18.3072622Z env:
2026-01-18T23:57:18.3073049Z   pythonLocation: /opt/hostedtoolcache/Python/3.11.14/x64
2026-01-18T23:57:18.3073626Z   PKG_CONFIG_PATH: /opt/hostedtoolcache/Python/3.11.14/x64/lib/pkgconfig
2026-01-18T23:57:18.3074285Z   Python_ROOT_DIR: /opt/hostedtoolcache/Python/3.11.14/x64
2026-01-18T23:57:18.3074870Z   Python2_ROOT_DIR: /opt/hostedtoolcache/Python/3.11.14/x64
2026-01-18T23:57:18.3075401Z   Python3_ROOT_DIR: /opt/hostedtoolcache/Python/3.11.14/x64
2026-01-18T23:57:18.3075993Z   LD_LIBRARY_PATH: /opt/hostedtoolcache/Python/3.11.14/x64/lib
2026-01-18T23:57:18.3076723Z ##[endgroup]
2026-01-18T23:57:18.9533204Z Collecting playwright (from -r requirements.txt (line 1))
2026-01-18T23:57:18.9548292Z   Using cached playwright-1.57.0-py3-none-manylinux1_x86_64.whl.metadata (3.5 kB)
2026-01-18T23:57:18.9752508Z Collecting python-dotenv (from -r requirements.txt (line 2))
2026-01-18T23:57:18.9766973Z   Using cached python_dotenv-1.2.1-py3-none-any.whl.metadata (25 kB)
2026-01-18T23:57:19.0054137Z Collecting requests (from -r requirements.txt (line 3))
2026-01-18T23:57:19.0067729Z   Using cached requests-2.32.5-py3-none-any.whl.metadata (4.9 kB)
2026-01-18T23:57:19.1755814Z Collecting pillow (from -r requirements.txt (line 4))
2026-01-18T23:57:19.1772966Z   Using cached pillow-12.1.0-cp311-cp311-manylinux_2_27_x86_64.manylinux_2_28_x86_64.whl.metadata (8.8 kB)
2026-01-18T23:57:19.2043644Z Collecting google-genai>=0.3.0 (from -r requirements.txt (line 5))
2026-01-18T23:57:19.2056480Z   Using cached google_genai-1.59.0-py3-none-any.whl.metadata (53 kB)
2026-01-18T23:57:19.2226642Z Collecting termcolor (from -r requirements.txt (line 6))
2026-01-18T23:57:19.2239708Z   Using cached termcolor-3.3.0-py3-none-any.whl.metadata (6.5 kB)
2026-01-18T23:57:19.2626715Z Collecting PyYAML (from -r requirements.txt (line 7))
2026-01-18T23:57:19.2639929Z   Using cached pyyaml-6.0.3-cp311-cp311-manylinux2014_x86_64.manylinux_2_17_x86_64.manylinux_2_28_x86_64.whl.metadata (2.4 kB)
2026-01-18T23:57:19.3196883Z Collecting opencv-python-headless (from -r requirements.txt (line 8))
2026-01-18T23:57:19.3209847Z   Using cached opencv_python_headless-4.13.0.90-cp37-abi3-manylinux_2_28_x86_64.whl.metadata (19 kB)
2026-01-18T23:57:19.5093925Z Collecting numpy (from -r requirements.txt (line 9))
2026-01-18T23:57:19.5108220Z   Using cached numpy-2.4.1-cp311-cp311-manylinux_2_27_x86_64.manylinux_2_28_x86_64.whl.metadata (6.6 kB)
2026-01-18T23:57:19.6055134Z Collecting faker (from -r requirements.txt (line 10))
2026-01-18T23:57:19.6068193Z   Using cached faker-40.1.2-py3-none-any.whl.metadata (16 kB)
2026-01-18T23:57:19.6975856Z Collecting pyee<14,>=13 (from playwright->-r requirements.txt (line 1))
2026-01-18T23:57:19.6988727Z   Using cached pyee-13.0.0-py3-none-any.whl.metadata (2.9 kB)
2026-01-18T23:57:19.9061998Z Collecting greenlet<4.0.0,>=3.1.1 (from playwright->-r requirements.txt (line 1))
2026-01-18T23:57:19.9075910Z   Using cached greenlet-3.3.0-cp311-cp311-manylinux_2_24_x86_64.manylinux_2_28_x86_64.whl.metadata (4.1 kB)
2026-01-18T23:57:20.1284315Z Collecting typing-extensions (from pyee<14,>=13->playwright->-r requirements.txt (line 1))
2026-01-18T23:57:20.1297378Z   Using cached typing_extensions-4.15.0-py3-none-any.whl.metadata (3.3 kB)
2026-01-18T23:57:20.4069065Z Collecting charset_normalizer<4,>=2 (from requests->-r requirements.txt (line 3))
2026-01-18T23:57:20.4082775Z   Using cached charset_normalizer-3.4.4-cp311-cp311-manylinux2014_x86_64.manylinux_2_17_x86_64.manylinux_2_28_x86_64.whl.metadata (37 kB)
2026-01-18T23:57:20.4339979Z Collecting idna<4,>=2.5 (from requests->-r requirements.txt (line 3))
2026-01-18T23:57:20.4353059Z   Using cached idna-3.11-py3-none-any.whl.metadata (8.4 kB)
2026-01-18T23:57:20.4770300Z Collecting urllib3<3,>=1.21.1 (from requests->-r requirements.txt (line 3))
2026-01-18T23:57:20.4787293Z   Using cached urllib3-2.6.3-py3-none-any.whl.metadata (6.9 kB)
2026-01-18T23:57:20.5062456Z Collecting certifi>=2017.4.17 (from requests->-r requirements.txt (line 3))
2026-01-18T23:57:20.5075846Z   Using cached certifi-2026.1.4-py3-none-any.whl.metadata (2.5 kB)
2026-01-18T23:57:20.5401340Z Collecting anyio<5.0.0,>=4.8.0 (from google-genai>=0.3.0->-r requirements.txt (line 5))
2026-01-18T23:57:20.5414822Z   Using cached anyio-4.12.1-py3-none-any.whl.metadata (4.3 kB)
2026-01-18T23:57:20.5805196Z Collecting google-auth<3.0.0,>=2.47.0 (from google-auth[requests]<3.0.0,>=2.47.0->google-genai>=0.3.0->-r requirements.txt (line 5))
2026-01-18T23:57:20.5818175Z   Using cached google_auth-2.47.0-py3-none-any.whl.metadata (6.4 kB)
2026-01-18T23:57:20.6066413Z Collecting httpx<1.0.0,>=0.28.1 (from google-genai>=0.3.0->-r requirements.txt (line 5))
2026-01-18T23:57:20.6080011Z   Using cached httpx-0.28.1-py3-none-any.whl.metadata (7.1 kB)
2026-01-18T23:57:20.7530607Z Collecting pydantic<3.0.0,>=2.9.0 (from google-genai>=0.3.0->-r requirements.txt (line 5))
2026-01-18T23:57:20.7545236Z   Using cached pydantic-2.12.5-py3-none-any.whl.metadata (90 kB)
2026-01-18T23:57:20.7906677Z Collecting tenacity<9.2.0,>=8.2.3 (from google-genai>=0.3.0->-r requirements.txt (line 5))
2026-01-18T23:57:20.7919894Z   Using cached tenacity-9.1.2-py3-none-any.whl.metadata (1.2 kB)
2026-01-18T23:57:20.8810811Z Collecting websockets<15.1.0,>=13.0.0 (from google-genai>=0.3.0->-r requirements.txt (line 5))
2026-01-18T23:57:20.8825084Z   Using cached websockets-15.0.1-cp311-cp311-manylinux_2_5_x86_64.manylinux1_x86_64.manylinux_2_17_x86_64.manylinux2014_x86_64.whl.metadata (6.8 kB)
2026-01-18T23:57:20.9078432Z Collecting distro<2,>=1.7.0 (from google-genai>=0.3.0->-r requirements.txt (line 5))
2026-01-18T23:57:20.9091596Z   Using cached distro-1.9.0-py3-none-any.whl.metadata (6.8 kB)
2026-01-18T23:57:20.9228557Z Collecting sniffio (from google-genai>=0.3.0->-r requirements.txt (line 5))
2026-01-18T23:57:20.9241581Z   Using cached sniffio-1.3.1-py3-none-any.whl.metadata (3.9 kB)
2026-01-18T23:57:20.9518163Z Collecting pyasn1-modules>=0.2.1 (from google-auth<3.0.0,>=2.47.0->google-auth[requests]<3.0.0,>=2.47.0->google-genai>=0.3.0->-r requirements.txt (line 5))
2026-01-18T23:57:20.9531181Z   Using cached pyasn1_modules-0.4.2-py3-none-any.whl.metadata (3.5 kB)
2026-01-18T23:57:20.9702298Z Collecting rsa<5,>=3.1.4 (from google-auth<3.0.0,>=2.47.0->google-auth[requests]<3.0.0,>=2.47.0->google-genai>=0.3.0->-r requirements.txt (line 5))
2026-01-18T23:57:20.9715541Z   Using cached rsa-4.9.1-py3-none-any.whl.metadata (5.6 kB)
2026-01-18T23:57:21.0042660Z Collecting httpcore==1.* (from httpx<1.0.0,>=0.28.1->google-genai>=0.3.0->-r requirements.txt (line 5))
2026-01-18T23:57:21.0055882Z   Using cached httpcore-1.0.9-py3-none-any.whl.metadata (21 kB)
2026-01-18T23:57:21.0207650Z Collecting h11>=0.16 (from httpcore==1.*->httpx<1.0.0,>=0.28.1->google-genai>=0.3.0->-r requirements.txt (line 5))
2026-01-18T23:57:21.0221454Z   Using cached h11-0.16.0-py3-none-any.whl.metadata (8.3 kB)
2026-01-18T23:57:21.0364961Z Collecting annotated-types>=0.6.0 (from pydantic<3.0.0,>=2.9.0->google-genai>=0.3.0->-r requirements.txt (line 5))
2026-01-18T23:57:21.0378389Z   Using cached annotated_types-0.7.0-py3-none-any.whl.metadata (15 kB)
2026-01-18T23:57:21.7072214Z Collecting pydantic-core==2.41.5 (from pydantic<3.0.0,>=2.9.0->google-genai>=0.3.0->-r requirements.txt (line 5))
2026-01-18T23:57:21.7087196Z   Using cached pydantic_core-2.41.5-cp311-cp311-manylinux_2_17_x86_64.manylinux2014_x86_64.whl.metadata (7.3 kB)
2026-01-18T23:57:21.7277884Z Collecting typing-inspection>=0.4.2 (from pydantic<3.0.0,>=2.9.0->google-genai>=0.3.0->-r requirements.txt (line 5))
2026-01-18T23:57:21.7291027Z   Using cached typing_inspection-0.4.2-py3-none-any.whl.metadata (2.6 kB)
2026-01-18T23:57:21.8046776Z Collecting pyasn1>=0.1.3 (from rsa<5,>=3.1.4->google-auth<3.0.0,>=2.47.0->google-auth[requests]<3.0.0,>=2.47.0->google-genai>=0.3.0->-r requirements.txt (line 5))
2026-01-18T23:57:21.8061569Z   Using cached pyasn1-0.6.2-py3-none-any.whl.metadata (8.4 kB)
2026-01-18T23:57:21.8336054Z Using cached playwright-1.57.0-py3-none-manylinux1_x86_64.whl (46.0 MB)
2026-01-18T23:57:21.8672735Z Using cached greenlet-3.3.0-cp311-cp311-manylinux_2_24_x86_64.manylinux_2_28_x86_64.whl (590 kB)
2026-01-18T23:57:21.8690162Z Using cached pyee-13.0.0-py3-none-any.whl (15 kB)
2026-01-18T23:57:21.8703241Z Using cached python_dotenv-1.2.1-py3-none-any.whl (21 kB)
2026-01-18T23:57:21.8715948Z Using cached requests-2.32.5-py3-none-any.whl (64 kB)
2026-01-18T23:57:21.8728937Z Using cached charset_normalizer-3.4.4-cp311-cp311-manylinux2014_x86_64.manylinux_2_17_x86_64.manylinux_2_28_x86_64.whl (151 kB)
2026-01-18T23:57:21.8742081Z Using cached idna-3.11-py3-none-any.whl (71 kB)
2026-01-18T23:57:21.8755006Z Using cached urllib3-2.6.3-py3-none-any.whl (131 kB)
2026-01-18T23:57:21.8768594Z Using cached pillow-12.1.0-cp311-cp311-manylinux_2_27_x86_64.manylinux_2_28_x86_64.whl (7.0 MB)
2026-01-18T23:57:21.8830341Z Using cached google_genai-1.59.0-py3-none-any.whl (719 kB)
2026-01-18T23:57:21.8847721Z Using cached anyio-4.12.1-py3-none-any.whl (113 kB)
2026-01-18T23:57:21.8860862Z Using cached distro-1.9.0-py3-none-any.whl (20 kB)
2026-01-18T23:57:21.8874034Z Using cached google_auth-2.47.0-py3-none-any.whl (234 kB)
2026-01-18T23:57:21.8888157Z Using cached httpx-0.28.1-py3-none-any.whl (73 kB)
2026-01-18T23:57:21.8901344Z Using cached httpcore-1.0.9-py3-none-any.whl (78 kB)
2026-01-18T23:57:21.8915028Z Using cached pydantic-2.12.5-py3-none-any.whl (463 kB)
2026-01-18T23:57:21.8931321Z Using cached pydantic_core-2.41.5-cp311-cp311-manylinux_2_17_x86_64.manylinux2014_x86_64.whl (2.1 MB)
2026-01-18T23:57:21.8958742Z Using cached rsa-4.9.1-py3-none-any.whl (34 kB)
2026-01-18T23:57:21.8971898Z Using cached tenacity-9.1.2-py3-none-any.whl (28 kB)
2026-01-18T23:57:21.8984863Z Using cached typing_extensions-4.15.0-py3-none-any.whl (44 kB)
2026-01-18T23:57:21.8998439Z Using cached websockets-15.0.1-cp311-cp311-manylinux_2_5_x86_64.manylinux1_x86_64.manylinux_2_17_x86_64.manylinux2014_x86_64.whl (182 kB)
2026-01-18T23:57:21.9012246Z Using cached termcolor-3.3.0-py3-none-any.whl (7.7 kB)
2026-01-18T23:57:21.9025606Z Using cached pyyaml-6.0.3-cp311-cp311-manylinux2014_x86_64.manylinux_2_17_x86_64.manylinux_2_28_x86_64.whl (806 kB)
2026-01-18T23:57:21.9044016Z Using cached opencv_python_headless-4.13.0.90-cp37-abi3-manylinux_2_28_x86_64.whl (62.5 MB)
2026-01-18T23:57:21.9490194Z Using cached numpy-2.4.1-cp311-cp311-manylinux_2_27_x86_64.manylinux_2_28_x86_64.whl (16.7 MB)
2026-01-18T23:57:21.9620485Z Using cached faker-40.1.2-py3-none-any.whl (2.0 MB)
2026-01-18T23:57:21.9647265Z Using cached annotated_types-0.7.0-py3-none-any.whl (13 kB)
2026-01-18T23:57:21.9660102Z Using cached certifi-2026.1.4-py3-none-any.whl (152 kB)
2026-01-18T23:57:21.9674440Z Using cached h11-0.16.0-py3-none-any.whl (37 kB)
2026-01-18T23:57:21.9687614Z Using cached pyasn1-0.6.2-py3-none-any.whl (83 kB)
2026-01-18T23:57:21.9700930Z Using cached pyasn1_modules-0.4.2-py3-none-any.whl (181 kB)
2026-01-18T23:57:21.9715070Z Using cached typing_inspection-0.4.2-py3-none-any.whl (14 kB)
2026-01-18T23:57:21.9727886Z Using cached sniffio-1.3.1-py3-none-any.whl (10 kB)
2026-01-18T23:57:22.1721526Z Installing collected packages: websockets, urllib3, typing-extensions, termcolor, tenacity, sniffio, PyYAML, python-dotenv, pyasn1, pillow, numpy, idna, h11, greenlet, faker, distro, charset_normalizer, certifi, annotated-types, typing-inspection, rsa, requests, pyee, pydantic-core, pyasn1-modules, opencv-python-headless, httpcore, anyio, pydantic, playwright, httpx, google-auth, google-genai
2026-01-18T23:57:28.8662293Z 
2026-01-18T23:57:28.8685394Z Successfully installed PyYAML-6.0.3 annotated-types-0.7.0 anyio-4.12.1 certifi-2026.1.4 charset_normalizer-3.4.4 distro-1.9.0 faker-40.1.2 google-auth-2.47.0 google-genai-1.59.0 greenlet-3.3.0 h11-0.16.0 httpcore-1.0.9 httpx-0.28.1 idna-3.11 numpy-2.4.1 opencv-python-headless-4.13.0.90 pillow-12.1.0 playwright-1.57.0 pyasn1-0.6.2 pyasn1-modules-0.4.2 pydantic-2.12.5 pydantic-core-2.41.5 pyee-13.0.0 python-dotenv-1.2.1 requests-2.32.5 rsa-4.9.1 sniffio-1.3.1 tenacity-9.1.2 termcolor-3.3.0 typing-extensions-4.15.0 typing-inspection-0.4.2 urllib3-2.6.3 websockets-15.0.1
2026-01-18T23:57:29.4359784Z Downloading Chromium 143.0.7499.4 (playwright build v1200) from https://cdn.playwright.dev/dbazure/download/playwright/builds/chromium/1200/chromium-linux.zip
2026-01-18T23:57:29.5320500Z (node:2189) [DEP0169] DeprecationWarning: `url.parse()` behavior is not standardized and prone to errors that have security implications. Use the WHATWG URL API instead. CVEs are not issued for `url.parse()` vulnerabilities.
2026-01-18T23:57:29.5322440Z (Use `node --trace-deprecation ...` to show where the warning was created)
2026-01-18T23:57:29.6312416Z |                                                                                |   0% of 164.7 MiB
2026-01-18T23:57:29.7587211Z |■■■■■■■■                                                                        |  10% of 164.7 MiB
2026-01-18T23:57:29.8362332Z |■■■■■■■■■■■■■■■■                                                                |  20% of 164.7 MiB
2026-01-18T23:57:29.9117693Z |■■■■■■■■■■■■■■■■■■■■■■■■                                                        |  30% of 164.7 MiB
2026-01-18T23:57:29.9681835Z |■■■■■■■■■■■■■■■■■■■■■■■■■■■■■■■■                                                |  40% of 164.7 MiB
2026-01-18T23:57:30.0359898Z |■■■■■■■■■■■■■■■■■■■■■■■■■■■■■■■■■■■■■■■■                                        |  50% of 164.7 MiB
2026-01-18T23:57:30.0925638Z |■■■■■■■■■■■■■■■■■■■■■■■■■■■■■■■■■■■■■■■■■■■■■■■■                                |  60% of 164.7 MiB
2026-01-18T23:57:30.1476337Z |■■■■■■■■■■■■■■■■■■■■■■■■■■■■■■■■■■■■■■■■■■■■■■■■■■■■■■■■                        |  70% of 164.7 MiB
2026-01-18T23:57:30.2028988Z |■■■■■■■■■■■■■■■■■■■■■■■■■■■■■■■■■■■■■■■■■■■■■■■■■■■■■■■■■■■■■■■■                |  80% of 164.7 MiB
2026-01-18T23:57:30.2583450Z |■■■■■■■■■■■■■■■■■■■■■■■■■■■■■■■■■■■■■■■■■■■■■■■■■■■■■■■■■■■■■■■■■■■■■■■■        |  90% of 164.7 MiB
2026-01-18T23:57:30.3086522Z |■■■■■■■■■■■■■■■■■■■■■■■■■■■■■■■■■■■■■■■■■■■■■■■■■■■■■■■■■■■■■■■■■■■■■■■■■■■■■■■■| 100% of 164.7 MiB
2026-01-18T23:57:32.8280335Z Chromium 143.0.7499.4 (playwright build v1200) downloaded to /home/runner/.cache/ms-playwright/chromium-1200
2026-01-18T23:57:32.8285021Z Downloading FFMPEG playwright build v1011 from https://cdn.playwright.dev/dbazure/download/playwright/builds/ffmpeg/1011/ffmpeg-linux.zip
2026-01-18T23:57:32.9291859Z (node:2200) [DEP0169] DeprecationWarning: `url.parse()` behavior is not standardized and prone to errors that have security implications. Use the WHATWG URL API instead. CVEs are not issued for `url.parse()` vulnerabilities.
2026-01-18T23:57:32.9295315Z (Use `node --trace-deprecation ...` to show where the warning was created)
2026-01-18T23:57:32.9754922Z |                                                                                |   0% of 2.3 MiB
2026-01-18T23:57:32.9875814Z |■■■■■■■■                                                                        |  10% of 2.3 MiB
2026-01-18T23:57:32.9930615Z |■■■■■■■■■■■■■■■■                                                                |  20% of 2.3 MiB
2026-01-18T23:57:32.9971510Z |■■■■■■■■■■■■■■■■■■■■■■■■                                                        |  30% of 2.3 MiB
2026-01-18T23:57:32.9996874Z |■■■■■■■■■■■■■■■■■■■■■■■■■■■■■■■■                                                |  40% of 2.3 MiB
2026-01-18T23:57:33.0016622Z |■■■■■■■■■■■■■■■■■■■■■■■■■■■■■■■■■■■■■■■■                                        |  50% of 2.3 MiB
2026-01-18T23:57:33.0036820Z |■■■■■■■■■■■■■■■■■■■■■■■■■■■■■■■■■■■■■■■■■■■■■■■■                                |  60% of 2.3 MiB
2026-01-18T23:57:33.0057621Z |■■■■■■■■■■■■■■■■■■■■■■■■■■■■■■■■■■■■■■■■■■■■■■■■■■■■■■■■                        |  70% of 2.3 MiB
2026-01-18T23:57:33.0074827Z |■■■■■■■■■■■■■■■■■■■■■■■■■■■■■■■■■■■■■■■■■■■■■■■■■■■■■■■■■■■■■■■■                |  80% of 2.3 MiB
2026-01-18T23:57:33.0088042Z |■■■■■■■■■■■■■■■■■■■■■■■■■■■■■■■■■■■■■■■■■■■■■■■■■■■■■■■■■■■■■■■■■■■■■■■■        |  90% of 2.3 MiB
2026-01-18T23:57:33.0105496Z |■■■■■■■■■■■■■■■■■■■■■■■■■■■■■■■■■■■■■■■■■■■■■■■■■■■■■■■■■■■■■■■■■■■■■■■■■■■■■■■■| 100% of 2.3 MiB
2026-01-18T23:57:33.0689553Z FFMPEG playwright build v1011 downloaded to /home/runner/.cache/ms-playwright/ffmpeg-1011
2026-01-18T23:57:33.0693498Z Downloading Chromium Headless Shell 143.0.7499.4 (playwright build v1200) from https://cdn.playwright.dev/dbazure/download/playwright/builds/chromium/1200/chromium-headless-shell-linux.zip
2026-01-18T23:57:33.1650944Z (node:2211) [DEP0169] DeprecationWarning: `url.parse()` behavior is not standardized and prone to errors that have security implications. Use the WHATWG URL API instead. CVEs are not issued for `url.parse()` vulnerabilities.
2026-01-18T23:57:33.1652951Z (Use `node --trace-deprecation ...` to show where the warning was created)
2026-01-18T23:57:33.2445535Z |                                                                                |   0% of 109.7 MiB
2026-01-18T23:57:33.3594835Z |■■■■■■■■                                                                        |  10% of 109.7 MiB
2026-01-18T23:57:33.4205620Z |■■■■■■■■■■■■■■■■                                                                |  20% of 109.7 MiB
2026-01-18T23:57:33.4715589Z |■■■■■■■■■■■■■■■■■■■■■■■■                                                        |  30% of 109.7 MiB
2026-01-18T23:57:33.5264522Z |■■■■■■■■■■■■■■■■■■■■■■■■■■■■■■■■                                                |  40% of 109.7 MiB
2026-01-18T23:57:33.5728588Z |■■■■■■■■■■■■■■■■■■■■■■■■■■■■■■■■■■■■■■■■                                        |  50% of 109.7 MiB
2026-01-18T23:57:33.6144237Z |■■■■■■■■■■■■■■■■■■■■■■■■■■■■■■■■■■■■■■■■■■■■■■■■                                |  60% of 109.7 MiB
2026-01-18T23:57:33.6607849Z |■■■■■■■■■■■■■■■■■■■■■■■■■■■■■■■■■■■■■■■■■■■■■■■■■■■■■■■■                        |  70% of 109.7 MiB
2026-01-18T23:57:33.7065464Z |■■■■■■■■■■■■■■■■■■■■■■■■■■■■■■■■■■■■■■■■■■■■■■■■■■■■■■■■■■■■■■■■                |  80% of 109.7 MiB
2026-01-18T23:57:33.7511364Z |■■■■■■■■■■■■■■■■■■■■■■■■■■■■■■■■■■■■■■■■■■■■■■■■■■■■■■■■■■■■■■■■■■■■■■■■        |  90% of 109.7 MiB
2026-01-18T23:57:33.7933071Z |■■■■■■■■■■■■■■■■■■■■■■■■■■■■■■■■■■■■■■■■■■■■■■■■■■■■■■■■■■■■■■■■■■■■■■■■■■■■■■■■| 100% of 109.7 MiB
2026-01-18T23:57:35.5773987Z Chromium Headless Shell 143.0.7499.4 (playwright build v1200) downloaded to /home/runner/.cache/ms-playwright/chromium_headless_shell-1200
2026-01-18T23:57:35.6082728Z ##[group]Run mkdir -p projects/ci_reqres_api_ui
2026-01-18T23:57:35.6083139Z [36;1mmkdir -p projects/ci_reqres_api_ui[0m
2026-01-18T23:57:35.6083531Z [36;1mcat > projects/ci_reqres_api_ui/config.json << 'EOF'[0m
2026-01-18T23:57:35.6083840Z [36;1m{[0m
2026-01-18T23:57:35.6084043Z [36;1m  "project_name": "ci_reqres_api_ui",[0m
2026-01-18T23:57:35.6084351Z [36;1m  "target_url": "https://reqres.in/",[0m
2026-01-18T23:57:35.6084673Z [36;1m  "goal": "Explore API documentation UI",[0m
2026-01-18T23:57:35.6084955Z [36;1m  "headless": true[0m
2026-01-18T23:57:35.6085169Z [36;1m}[0m
2026-01-18T23:57:35.6085320Z [36;1mEOF[0m
2026-01-18T23:57:35.6117763Z shell: /usr/bin/bash -e {0}
2026-01-18T23:57:35.6117991Z env:
2026-01-18T23:57:35.6118250Z   pythonLocation: /opt/hostedtoolcache/Python/3.11.14/x64
2026-01-18T23:57:35.6118694Z   PKG_CONFIG_PATH: /opt/hostedtoolcache/Python/3.11.14/x64/lib/pkgconfig
2026-01-18T23:57:35.6119149Z   Python_ROOT_DIR: /opt/hostedtoolcache/Python/3.11.14/x64
2026-01-18T23:57:35.6119532Z   Python2_ROOT_DIR: /opt/hostedtoolcache/Python/3.11.14/x64
2026-01-18T23:57:35.6119908Z   Python3_ROOT_DIR: /opt/hostedtoolcache/Python/3.11.14/x64
2026-01-18T23:57:35.6120274Z   LD_LIBRARY_PATH: /opt/hostedtoolcache/Python/3.11.14/x64/lib
2026-01-18T23:57:35.6120580Z ##[endgroup]
2026-01-18T23:57:35.6275776Z ##[group]Run # Use --deep for comprehensive regression suite
2026-01-18T23:57:35.6276185Z [36;1m# Use --deep for comprehensive regression suite[0m
2026-01-18T23:57:35.6276601Z [36;1mpython orchestrator.py --project projects/ci_reqres_api_ui --deep --force[0m
2026-01-18T23:57:35.6306152Z shell: /usr/bin/bash -e {0}
2026-01-18T23:57:35.6306373Z env:
2026-01-18T23:57:35.6306619Z   pythonLocation: /opt/hostedtoolcache/Python/3.11.14/x64
2026-01-18T23:57:35.6307048Z   PKG_CONFIG_PATH: /opt/hostedtoolcache/Python/3.11.14/x64/lib/pkgconfig
2026-01-18T23:57:35.6307471Z   Python_ROOT_DIR: /opt/hostedtoolcache/Python/3.11.14/x64
2026-01-18T23:57:35.6307829Z   Python2_ROOT_DIR: /opt/hostedtoolcache/Python/3.11.14/x64
2026-01-18T23:57:35.6308186Z   Python3_ROOT_DIR: /opt/hostedtoolcache/Python/3.11.14/x64
2026-01-18T23:57:35.6308719Z   LD_LIBRARY_PATH: /opt/hostedtoolcache/Python/3.11.14/x64/lib
2026-01-18T23:57:35.6309233Z   GOOGLE_API_KEY: ***
2026-01-18T23:57:35.6309446Z   PYTHONPATH: .
2026-01-18T23:57:35.6309628Z ##[endgroup]
2026-01-18T23:57:37.3841613Z 🚀 [DEEP] Extensive mapping enabled (Depth: 3, Pages: 50)
2026-01-18T23:57:37.3842283Z 
2026-01-18T23:57:37.3842713Z 🗺️ [DISCOVERY] Starting Parallel Semantic Crawl on https://reqres.in/ (Workers: 3)
2026-01-18T23:57:37.8073322Z   🔍 [Worker 0] Visiting (0): https://reqres.in/
2026-01-18T23:57:39.8869886Z [DEBUG] Sending request to gemini-2.0-flash. Number of parts: 1
2026-01-18T23:57:39.8872458Z [DEBUG] Received response (Length: 386)
2026-01-18T23:57:39.8873425Z   🔍 [Worker 1] Visiting (1): https://app.reqres.in/examples/notes-app
2026-01-18T23:57:39.8889125Z   🔍 [Worker 2] Visiting (1): https://reqres.in/api/register
2026-01-18T23:57:39.8966876Z   🔍 [Worker 0] Visiting (1): https://reqres.in
2026-01-18T23:57:41.2762703Z [CACHE HIT] 1bb47e01... (hits: 1, misses: 3)
2026-01-18T23:57:41.2763762Z   🔍 [Worker 0] Visiting (1): https://reqres.in/api/login
2026-01-18T23:57:44.7430257Z [DEBUG] Sending request to gemini-2.0-flash. Number of parts: 1
2026-01-18T23:57:44.7437453Z [DEBUG] Sending request to gemini-2.0-flash. Number of parts: 1
2026-01-18T23:57:44.7439841Z [DEBUG] Sending request to gemini-2.0-flash. Number of parts: 1
2026-01-18T23:57:44.7444736Z [DEBUG] Received response (Length: 266)
2026-01-18T23:57:44.7445670Z   🔍 [Worker 0] Visiting (1): https://reqres.in/api/unknown
2026-01-18T23:57:44.7673902Z [DEBUG] Received response (Length: 305)
2026-01-18T23:57:44.7677764Z [DEBUG] Received response (Length: 266)
2026-01-18T23:57:44.7678814Z   🔍 [Worker 2] Visiting (1): https://app.reqres.in
2026-01-18T23:57:44.7727490Z   🔍 [Worker 1] Visiting (1): https://reqres.in/blog
2026-01-18T23:57:44.8703608Z [CACHE HIT] a354d2d7... (hits: 2, misses: 4)
2026-01-18T23:57:44.8704826Z   🔍 [Worker 0] Visiting (1): https://reqres.in/api/users/2
2026-01-18T23:57:44.9736847Z [CACHE HIT] a354d2d7... (hits: 3, misses: 4)
2026-01-18T23:57:44.9739800Z   🔍 [Worker 0] Visiting (1): https://reqres.in/api/unknown/23
2026-01-18T23:57:45.0928424Z [CACHE HIT] a354d2d7... (hits: 4, misses: 4)
2026-01-18T23:57:45.0929836Z   🔍 [Worker 0] Visiting (1): https://app.reqres.in/documentation
2026-01-18T23:57:46.0514720Z [DEBUG] Sending request to gemini-2.0-flash. Number of parts: 1
2026-01-18T23:57:46.0519813Z [DEBUG] Received response (Length: 435)
2026-01-18T23:57:46.0520764Z   🔍 [Worker 2] Visiting (1): https://reqres.in/api/users
2026-01-18T23:57:46.1630219Z [CACHE HIT] a354d2d7... (hits: 5, misses: 7)
2026-01-18T23:57:46.1631268Z   🔍 [Worker 2] Visiting (1): https://reqres.in/api/users/23
2026-01-18T23:57:46.2372070Z [CACHE HIT] a354d2d7... (hits: 6, misses: 7)
2026-01-18T23:57:46.2373246Z   🔍 [Worker 2] Visiting (1): https://reqres.in/blog/qa-automation-with-reqres
2026-01-18T23:57:50.8831256Z [DEBUG] Sending request to gemini-2.0-flash. Number of parts: 1
2026-01-18T23:57:50.8842568Z [DEBUG] Sending request to gemini-2.0-flash. Number of parts: 1
2026-01-18T23:57:50.8846136Z [DEBUG] Sending request to gemini-2.0-flash. Number of parts: 1
2026-01-18T23:57:50.8847094Z [DEBUG] Received response (Length: 236)
2026-01-18T23:57:50.8848107Z   🔍 [Worker 2] Visiting (1): https://app.reqres.in/?next=/projects
2026-01-18T23:57:50.9194560Z [DEBUG] Received response (Length: 239)
2026-01-18T23:57:50.9195543Z   🔍 [Worker 1] Visiting (1): https://app.reqres.in/getting-started
2026-01-18T23:57:51.1105115Z [DEBUG] Received response (Length: 367)
2026-01-18T23:57:51.1107333Z   🔍 [Worker 0] Visiting (1): https://reqres.in/api/unknown/2
2026-01-18T23:57:51.2611162Z [CACHE HIT] a354d2d7... (hits: 7, misses: 8)
2026-01-18T23:57:51.2612565Z   🔍 [Worker 0] Visiting (1): https://demo.reqres.in
2026-01-18T23:57:51.3951838Z [CACHE HIT] c77acdc0... (hits: 8, misses: 8)
2026-01-18T23:57:51.3956842Z   🔍 [Worker 2] Visiting (1): https://reqres.in/blog/ship-mvp-without-backend
2026-01-18T23:57:55.9994629Z [DEBUG] Sending request to gemini-2.0-flash. Number of parts: 1
2026-01-18T23:57:55.9997898Z [DEBUG] Sending request to gemini-2.0-flash. Number of parts: 1
2026-01-18T23:57:55.9998644Z [DEBUG] Sending request to gemini-2.0-flash. Number of parts: 1
2026-01-18T23:57:55.9999253Z [DEBUG] Received response (Length: 370)
2026-01-18T23:57:56.0000182Z   🔍 [Worker 0] Visiting (1): https://reqres.in/api/users?delay=3
2026-01-18T23:57:56.0290530Z [DEBUG] Received response (Length: 375)
2026-01-18T23:57:56.0291861Z   🔍 [Worker 1] Visiting (1): https://reqres.in/blog/frontend-only-auth
2026-01-18T23:57:56.1174724Z [CACHE HIT] a354d2d7... (hits: 9, misses: 11)
2026-01-18T23:57:56.1175287Z [DEBUG] Received response (Length: 419)
2026-01-18T23:57:56.1176217Z   🔍 [Worker 0] Visiting (1): https://reqres.in/api/users?page=2
2026-01-18T23:57:56.1222654Z   🔍 [Worker 2] Visiting (2): https://app.reqres.in/documentation?section=app-users
2026-01-18T23:57:56.2303561Z [CACHE HIT] a354d2d7... (hits: 10, misses: 11)
2026-01-18T23:57:56.2304881Z   🔍 [Worker 0] Visiting (2): https://app.reqres.in/dashboard
2026-01-18T23:57:56.9066964Z [DEBUG] Sending request to gemini-2.0-flash. Number of parts: 1
2026-01-18T23:57:56.9072697Z [CACHE HIT] b314f550... (hits: 11, misses: 12)
2026-01-18T23:57:56.9073819Z   🔍 [Worker 2] Visiting (2): https://app.reqres.in/documentation?section=quickstart
2026-01-18T23:57:57.2397265Z [DEBUG] Received response (Length: 272)
2026-01-18T23:57:57.2413778Z   🔍 [Worker 1] Visiting (2): https://app.reqres.in/api-keys
2026-01-18T23:57:57.4421090Z [CACHE HIT] b314f550... (hits: 12, misses: 13)
2026-01-18T23:57:57.4423193Z   🔍 [Worker 2] Visiting (2): https://reqres.in/blog/when-jsonplaceholder-isnt-enough
2026-01-18T23:58:02.2397375Z [DEBUG] Sending request to gemini-2.0-flash. Number of parts: 1
2026-01-18T23:58:02.2398198Z [DEBUG] Sending request to gemini-2.0-flash. Number of parts: 1
2026-01-18T23:58:02.2398940Z [DEBUG] Sending request to gemini-2.0-flash. Number of parts: 1
2026-01-18T23:58:02.2399602Z [DEBUG] Received response (Length: 248)
2026-01-18T23:58:02.2400068Z [DEBUG] Received response (Length: 243)
2026-01-18T23:58:02.2401060Z   🔍 [Worker 0] Visiting (2): https://reqres.in/blog/stop-faking-apis
2026-01-18T23:58:02.2437836Z   🔍 [Worker 1] Visiting (2): https://app.reqres.in/projects
2026-01-18T23:58:02.3295334Z [DEBUG] Received response (Length: 294)
2026-01-18T23:58:02.3296448Z   🔍 [Worker 2] Visiting (2): https://app.reqres.in/app-users
2026-01-18T23:58:02.8433653Z [CACHE HIT] d0eeb336... (hits: 13, misses: 15)
2026-01-18T23:58:02.8434674Z [CACHE HIT] d0eeb336... (hits: 14, misses: 15)
2026-01-18T23:58:02.8435932Z   🔍 [Worker 1] Visiting (2): https://app.reqres.in/logs
2026-01-18T23:58:07.2702847Z [CACHE HIT] d0eeb336... (hits: 15, misses: 16)
2026-01-18T23:58:07.2703638Z [DEBUG] Sending request to gemini-2.0-flash. Number of parts: 1
2026-01-18T23:58:07.2704304Z [DEBUG] Received response (Length: 279)
2026-01-18T23:58:07.2705146Z ✅ Discovery Complete. Mapped 31 pages.
2026-01-18T23:58:14.9722847Z 
2026-01-18T23:58:14.9723273Z [PLAN] PLANNER: Planning goal -> 'Explore API documentation UI' (Deep Mode: True)
2026-01-18T23:58:14.9723957Z 🗺️ [PLAN] Loaded Sitemap with 31 pages.
2026-01-18T23:58:14.9725108Z 🎭 [EXPERT] Detected Domain: GENERAL. Persona: Act as Senior SDET focusing on exploring the application to understand functional flow and identifying critical paths for end-to-end automation
2026-01-18T23:58:14.9725959Z [DEBUG] Sending request to gemini-2.0-flash. Number of parts: 1
2026-01-18T23:58:14.9726306Z [DEBUG] Received response (Length: 2566)
2026-01-18T23:58:14.9726664Z ✅ Planner generated 3 scenarios. Workflow updated.
2026-01-18T23:58:15.9738444Z 
2026-01-18T23:58:15.9739566Z 🕵️ [DEEP EXPLORER] Starting Multi-Scenario Exploration
2026-01-18T23:58:15.9740410Z 📋 Found 3 scenarios to explore.
2026-01-18T23:58:16.3314980Z 
2026-01-18T23:58:16.3315772Z [1/3] Exploring Scenario: Explore API Documentation UI
2026-01-18T23:58:16.3316950Z     🧠 Initialized exploration context for goal: 'Explore API documentation UI'
2026-01-18T23:58:16.3320292Z   ▶️ [STEP step_1] NAVIGATE: 
2026-01-18T23:58:17.7381921Z     ✅ Navigated to https://reqres.in/
2026-01-18T23:58:17.7383380Z   ▶️ [STEP step_2] ASSERT_VISIBLE: Frontend-first backend you call with fetch() | ReqRes
2026-01-18T23:58:17.8593278Z     🔍 Mining locators for: 'Frontend-first backend you call with fetch() | ReqRes'
2026-01-18T23:58:18.1934023Z     🧠 Consulting AI (Vision-First) to find 'Frontend-first backend you call with fetch() | ReqRes'...
2026-01-18T23:58:18.1935610Z     🧠 [EXPERT] Strategy: Act as Senior SDET focusing on exploring the application to understand functional flow and identifying critical paths for end-to-end automation.
2026-01-18T23:58:20.1579408Z [DEBUG] Sending request to gemini-2.0-flash. Number of parts: 2
2026-01-18T23:58:20.1580558Z [DEBUG] Received response (Length: 390)
2026-01-18T23:58:20.1582525Z     ⚠️ Critical step failure: 'priority'
2026-01-18T23:58:20.1583086Z   ▶️ [STEP step_3] NAVIGATE: 
2026-01-18T23:58:20.1673012Z     ⚠️ Skipping cross-domain navigation: app.reqres.in (target: reqres.in)
2026-01-18T23:58:20.1673821Z     🎯 Staying on target domain to maintain test focus
2026-01-18T23:58:20.1674413Z   ▶️ [STEP step_4] ASSERT_VISIBLE: ReqRes – 30 Second Backend Templates | Deploy APIs Instantly
2026-01-18T23:58:20.1733753Z     🔍 Mining locators for: 'ReqRes – 30 Second Backend Templates | Deploy APIs Instantly'
2026-01-18T23:58:20.3727537Z     🧠 Consulting AI (Vision-First) to find 'ReqRes – 30 Second Backend Templates | Deploy APIs Instantly'...
2026-01-18T23:58:20.3729406Z     🧠 [EXPERT] Strategy: Act as Senior SDET focusing on exploring the application to understand functional flow and identifying critical paths for end-to-end automation.
2026-01-18T23:58:24.8727873Z [DEBUG] Sending request to gemini-2.0-flash. Number of parts: 2
2026-01-18T23:58:24.8728525Z [DEBUG] Received response (Length: 260)
2026-01-18T23:58:24.8729534Z     💡 Expert Suggestion: The target text 'ReqRes – 30 Second Backend Templates | Deploy APIs Instantly' is likely found in the documentation section.
2026-01-18T23:58:24.8730300Z     🛠️ Executing corrective action: click -> 'Docs'
2026-01-18T23:58:25.1066299Z     🔄 Retry 1/3 mining locators for 'ReqRes – 30 Second Backend Templates | Deploy APIs Instantly'...
2026-01-18T23:58:26.2892574Z     🧠 Consulting AI (Vision-First) to find 'ReqRes – 30 Second Backend Templates | Deploy APIs Instantly'...
2026-01-18T23:58:26.2893907Z     🧠 [EXPERT] Strategy: Act as Senior SDET focusing on exploring the application to understand functional flow and identifying critical paths for end-to-end automation.
2026-01-18T23:58:29.6695857Z [DEBUG] Sending request to gemini-2.0-flash. Number of parts: 2
2026-01-18T23:58:29.6696416Z [DEBUG] Received response (Length: 261)
2026-01-18T23:58:29.6697008Z     ⚠️ Skipping duplicate injection: Docs
2026-01-18T23:58:29.6697705Z     🔄 Retry 2/3 mining locators for 'ReqRes – 30 Second Backend Templates | Deploy APIs Instantly'...
2026-01-18T23:58:30.6708179Z     🗑️ Invalidating stale AI cache (retry 2)...
2026-01-18T23:58:30.6709394Z     ⚠️ Cache invalidation warning: No module named 'core.agents.domain_expert'
2026-01-18T23:58:30.9241114Z     🧠 Consulting AI (Vision-First) to find 'ReqRes – 30 Second Backend Templates | Deploy APIs Instantly'...
2026-01-18T23:58:30.9243155Z     🧠 [EXPERT] Strategy: Act as Senior SDET focusing on exploring the application to understand functional flow and identifying critical paths for end-to-end automation.
2026-01-18T23:58:34.7499363Z [DEBUG] Sending request to gemini-2.0-flash. Number of parts: 2
2026-01-18T23:58:34.7500203Z [DEBUG] Received response (Length: 279)
2026-01-18T23:58:34.7500963Z     ⚠️ Skipping duplicate injection: Docs
2026-01-18T23:58:34.7501975Z     🧠 Verifying step validity for 'ReqRes – 30 Second Backend Templates | Deploy APIs Instantly' after no candidates found...
2026-01-18T23:58:39.5669589Z [DEBUG] Sending request to gemini-2.0-flash. Number of parts: 2
2026-01-18T23:58:39.5670433Z [DEBUG] Received response (Length: 230)
2026-01-18T23:58:39.5673807Z     🗑️ Step deemed INVALID: The text "ReqRes – 30 Second Backend Templates | Deploy APIs Instantly" is not visible in the current page. It is likely that the element does not exist on this page.. Removing from workflow.
2026-01-18T23:58:39.5676301Z     ⏭️ Skipping execution of invalid step: ReqRes – 30 Second Backend Templates | Deploy APIs Instantly
2026-01-18T23:58:39.5677327Z   ▶️ [STEP step_5] ASSERT_URL: 
2026-01-18T23:58:44.5853132Z     ⚠️ Scroll into view failed for text=None. Proceeding anyway.
2026-01-18T23:58:46.5876077Z     ✅ State transitioned.
2026-01-18T23:58:48.4211350Z [DEBUG] Sending request to gemini-2.0-flash. Number of parts: 2
2026-01-18T23:58:48.4212189Z [DEBUG] Received response (Length: 215)
2026-01-18T23:58:48.4212987Z     🤖 AI Next Step Suggestion: navigate -> Docs
2026-01-18T23:58:48.4213583Z     🧩 Suggested Locator: a[href='/docs/']
2026-01-18T23:58:48.4214615Z     💭 Reasoning: To explore the API documentation UI, navigating to the 'Docs' section is the most logical next step.
2026-01-18T23:58:48.4215621Z     ➕ Injected AI step: navigate -> Docs
2026-01-18T23:58:48.4216145Z   ▶️ [STEP step_5_ai_1] NAVIGATE: Docs
2026-01-18T23:58:48.9308651Z     ❌ Navigation failed to Docs: Page.goto: Protocol error (Page.navigate): Cannot navigate to invalid URL
2026-01-18T23:58:48.9309220Z Call log:
2026-01-18T23:58:48.9309486Z   - navigating to "Docs", waiting until "domcontentloaded"
2026-01-18T23:58:48.9309756Z 
2026-01-18T23:58:48.9310136Z     ⚠️ Critical step failure: Page.goto: Protocol error (Page.navigate): Cannot navigate to invalid URL
2026-01-18T23:58:48.9310581Z Call log:
2026-01-18T23:58:48.9310745Z   - navigating t
2026-01-18T23:58:50.9745567Z 
2026-01-18T23:58:50.9746173Z [2/3] Exploring Scenario: Verify User Creation and Retrieval
2026-01-18T23:58:50.9747366Z     🧠 Initialized exploration context for goal: 'Explore API documentation UI'
2026-01-18T23:58:50.9748197Z   ▶️ [STEP step_1] NAVIGATE: 
2026-01-18T23:58:52.3952888Z     ✅ Navigated to https://reqres.in/
2026-01-18T23:58:52.3954934Z   ▶️ [STEP step_2] ASSERT_VISIBLE: Frontend-first backend you call with fetch() | ReqRes
2026-01-18T23:58:52.4178208Z     🔍 Mining locators for: 'Frontend-first backend you call with fetch() | ReqRes'
2026-01-18T23:58:52.7710580Z     🧠 Consulting AI (Vision-First) to find 'Frontend-first backend you call with fetch() | ReqRes'...
2026-01-18T23:58:52.7712813Z     🧠 [EXPERT] Strategy: Act as Senior SDET focusing on exploring the application to understand functional flow and identifying critical paths for end-to-end automation.
2026-01-18T23:58:54.0643773Z [DEBUG] Sending request to gemini-2.0-flash. Number of parts: 2
2026-01-18T23:58:54.0644176Z [DEBUG] Received response (Length: 71)
2026-01-18T23:58:54.0644887Z     🔄 Retry 1/3 mining locators for 'Frontend-first backend you call with fetch() | ReqRes'...
2026-01-18T23:58:55.2715863Z     🧠 Consulting AI (Vision-First) to find 'Frontend-first backend you call with fetch() | ReqRes'...
2026-01-18T23:58:55.2717478Z     🧠 [EXPERT] Strategy: Act as Senior SDET focusing on exploring the application to understand functional flow and identifying critical paths for end-to-end automation.
2026-01-18T23:59:00.4724472Z [DEBUG] Sending request to gemini-2.0-flash. Number of parts: 2
2026-01-18T23:59:00.4725186Z [DEBUG] Received response (Length: 822)
2026-01-18T23:59:00.4726178Z     🔄 Retry 2/3 mining locators for 'Frontend-first backend you call with fetch() | ReqRes'...
2026-01-18T23:59:01.4734811Z     🗑️ Invalidating stale AI cache (retry 2)...
2026-01-18T23:59:01.4736127Z     ⚠️ Cache invalidation warning: No module named 'core.agents.domain_expert'
2026-01-18T23:59:01.7391979Z     🧠 Consulting AI (Vision-First) to find 'Frontend-first backend you call with fetch() | ReqRes'...
2026-01-18T23:59:01.7393904Z     🧠 [EXPERT] Strategy: Act as Senior SDET focusing on exploring the application to understand functional flow and identifying critical paths for end-to-end automation.
2026-01-18T23:59:04.8701191Z [DEBUG] Sending request to gemini-2.0-flash. Number of parts: 2
2026-01-18T23:59:04.8701607Z [DEBUG] Received response (Length: 520)
2026-01-18T23:59:04.8702382Z     ⚠️ Critical step failure: 'priority'
2026-01-18T23:59:04.8702708Z   ▶️ [STEP step_3] NAVIGATE: 
2026-01-18T23:59:05.4418348Z     ✅ Navigated to https://reqres.in/api/users
2026-01-18T23:59:05.4419122Z   ▶️ [STEP step_4] ASSERT_VISIBLE: Just a moment...
2026-01-18T23:59:05.4650293Z     🔍 Mining locators for: 'Just a moment...'
2026-01-18T23:59:05.5107782Z     🧠 Consulting AI (Vision-First) to find 'Just a moment...'...
2026-01-18T23:59:05.5109553Z     🧠 [EXPERT] Strategy: Act as Senior SDET focusing on exploring the application to understand functional flow and identifying critical paths for end-to-end automation.
2026-01-18T23:59:09.6967759Z [DEBUG] Sending request to gemini-2.0-flash. Number of parts: 2
2026-01-18T23:59:09.6968267Z [DEBUG] Received response (Length: 488)
2026-01-18T23:59:09.6968823Z     🔄 Retry 1/3 mining locators for 'Just a moment...'...
2026-01-18T23:59:10.7271369Z     🧠 Consulting AI (Vision-First) to find 'Just a moment...'...
2026-01-18T23:59:10.7273279Z     🧠 [EXPERT] Strategy: Act as Senior SDET focusing on exploring the application to understand functional flow and identifying critical paths for end-to-end automation.
2026-01-18T23:59:14.0057723Z [DEBUG] Sending request to gemini-2.0-flash. Number of parts: 2
2026-01-18T23:59:14.0058386Z [DEBUG] Received response (Length: 244)
2026-01-18T23:59:14.0059613Z     💡 Expert Suggestion: "Just a moment..." is likely displayed after clicking the 'Verify you are human' checkbox.
2026-01-18T23:59:14.0060713Z     🛠️ Executing corrective action: click -> 'Verify you are human'
2026-01-18T23:59:14.5481003Z     ✅ Executed corrective navigation
2026-01-18T23:59:16.5504969Z     🔄 Retry 2/3 mining locators for 'Just a moment...'...
2026-01-18T23:59:17.5518144Z     🗑️ Invalidating stale AI cache (retry 2)...
2026-01-18T23:59:17.5519467Z     ⚠️ Cache invalidation warning: No module named 'core.agents.domain_expert'
2026-01-18T23:59:17.5755979Z     🧠 Consulting AI (Vision-First) to find 'Just a moment...'...
2026-01-18T23:59:17.5757165Z     🧠 [EXPERT] Strategy: Act as Senior SDET focusing on exploring the application to understand functional flow and identifying critical paths for end-to-end automation.
2026-01-18T23:59:17.5760108Z [CACHE HIT] 5b0b27e3... (hits: 1, misses: 11)
2026-01-18T23:59:17.5760781Z     ⚠️ Skipping duplicate injection: Verify you are human
2026-01-18T23:59:17.5761430Z     🧠 Verifying step validity for 'Just a moment...' after no candidates found...
2026-01-18T23:59:19.0534855Z [DEBUG] Sending request to gemini-2.0-flash. Number of parts: 2
2026-01-18T23:59:19.0535513Z [DEBUG] Received response (Length: 282)
2026-01-18T23:59:19.0537129Z     🗑️ Step deemed INVALID: The page is showing a Cloudflare security check. The text "Just a moment..." is not visible in the screenshot or OCR output. The page is waiting for human verification before proceeding to the actual API documentation.. Removing from workflow.
2026-01-18T23:59:19.0538421Z     ⏭️ Skipping execution of invalid step: Just a moment...
2026-01-18T23:59:21.0899920Z 
2026-01-18T23:59:21.0901479Z [3/3] Exploring Scenario: Attempt Login with Invalid Credentials
2026-01-18T23:59:21.0903332Z     🧠 Initialized exploration context for goal: 'Explore API documentation UI'
2026-01-18T23:59:21.0904190Z   ▶️ [STEP step_1] NAVIGATE: 
2026-01-18T23:59:22.5066977Z     ✅ Navigated to https://reqres.in/
2026-01-18T23:59:22.5067968Z   ▶️ [STEP step_2] ASSERT_VISIBLE: Frontend-first backend you call with fetch() | ReqRes
2026-01-18T23:59:22.5280176Z     🔍 Mining locators for: 'Frontend-first backend you call with fetch() | ReqRes'
2026-01-18T23:59:22.8407024Z     🧠 Consulting AI (Vision-First) to find 'Frontend-first backend you call with fetch() | ReqRes'...
2026-01-18T23:59:22.8408855Z     🧠 [EXPERT] Strategy: Act as Senior SDET focusing on exploring the application to understand functional flow and identifying critical paths for end-to-end automation.
2026-01-18T23:59:25.0091273Z [DEBUG] Sending request to gemini-2.0-flash. Number of parts: 2
2026-01-18T23:59:25.0092085Z [DEBUG] Received response (Length: 445)
2026-01-18T23:59:25.0092633Z     ⚠️ Critical step failure: 'priority'
2026-01-18T23:59:25.0092984Z   ▶️ [STEP step_3] NAVIGATE: 
2026-01-18T23:59:25.5868241Z     ✅ Navigated to https://reqres.in/api/login
2026-01-18T23:59:25.5869195Z   ▶️ [STEP step_4] ASSERT_VISIBLE: Just a moment...
2026-01-18T23:59:25.6103063Z     🔍 Mining locators for: 'Just a moment...'
2026-01-18T23:59:25.8179738Z     🧠 Consulting AI (Vision-First) to find 'Just a moment...'...
2026-01-18T23:59:25.8181925Z     🧠 [EXPERT] Strategy: Act as Senior SDET focusing on exploring the application to understand functional flow and identifying critical paths for end-to-end automation.
2026-01-18T23:59:29.7244410Z [DEBUG] Sending request to gemini-2.0-flash. Number of parts: 2
2026-01-18T23:59:29.7245176Z [DEBUG] Received response (Length: 272)
2026-01-18T23:59:29.7246790Z     💡 Expert Suggestion: "Just a moment..." is not visible on this page. This page is a Cloudflare security check. There is no navigation available on this page.
2026-01-18T23:59:29.7247993Z     🛠️ Executing corrective action: none -> 'N/A'
2026-01-18T23:59:29.7598494Z     🔄 Retry 1/3 mining locators for 'Just a moment...'...
2026-01-18T23:59:30.7847330Z     🧠 Consulting AI (Vision-First) to find 'Just a moment...'...
2026-01-18T23:59:30.7848948Z     🧠 [EXPERT] Strategy: Act as Senior SDET focusing on exploring the application to understand functional flow and identifying critical paths for end-to-end automation.
2026-01-18T23:59:34.6495677Z [DEBUG] Sending request to gemini-2.0-flash. Number of parts: 2
2026-01-18T23:59:34.6496328Z [DEBUG] Received response (Length: 260)
2026-01-18T23:59:34.6497789Z     💡 Expert Suggestion: The phrase 'Just a moment...' typically appears after initiating a process, such as verifying you are human.
2026-01-18T23:59:34.6499059Z     🛠️ Executing corrective action: click -> 'Verify you are human'
2026-01-18T23:59:35.1894369Z     ✅ Executed corrective navigation
2026-01-18T23:59:37.1918079Z     🔄 Retry 2/3 mining locators for 'Just a moment...'...
2026-01-18T23:59:38.1931297Z     🗑️ Invalidating stale AI cache (retry 2)...
2026-01-18T23:59:38.1932890Z     ⚠️ Cache invalidation warning: No module named 'core.agents.domain_expert'
2026-01-18T23:59:38.2178092Z     🧠 Consulting AI (Vision-First) to find 'Just a moment...'...
2026-01-18T23:59:38.2179710Z     🧠 [EXPERT] Strategy: Act as Senior SDET focusing on exploring the application to understand functional flow and identifying critical paths for end-to-end automation.
2026-01-18T23:59:38.2182306Z [CACHE HIT] af3a6af0... (hits: 2, misses: 15)
2026-01-18T23:59:38.2182974Z     ⚠️ Skipping duplicate injection: Verify you are human
2026-01-18T23:59:38.2183811Z     🧠 Verifying step validity for 'Just a moment...' after no candidates found...
2026-01-18T23:59:39.3844543Z [DEBUG] Sending request to gemini-2.0-flash. Number of parts: 2
2026-01-18T23:59:39.3845224Z [DEBUG] Received response (Length: 184)
2026-01-18T23:59:39.3846508Z     🗑️ Step deemed INVALID: The phrase "Just a moment..." is not visible on the current page. The page displays a Cloudflare verification challenge.. Removing from workflow.
2026-01-18T23:59:39.3847355Z     ⏭️ Skipping execution of invalid step: Just a moment...
2026-01-18T23:59:41.4202651Z 🗂️  All generated tests written to /home/runner/work/build_qa_automation/build_qa_automation/projects/ci_reqres_api_ui/tests/generated_scenarios.json
2026-01-18T23:59:41.4205273Z 🔄 Updated workflow.json with discovered steps and locators.
2026-01-18T23:59:41.4205734Z 
2026-01-18T23:59:41.4205949Z ✅ Deep Exploration Complete.
2026-01-19T00:00:31.9496583Z 
2026-01-19T00:00:31.9497364Z 🚀 [EXECUTE] Starting Automation Execution Engine
2026-01-19T00:00:31.9498021Z 📍 Project: ci_reqres_api_ui
2026-01-19T00:00:31.9498550Z 🎬 Mode: Headless
2026-01-19T00:00:31.9498771Z 
2026-01-19T00:00:31.9498988Z --- Scenario: Explore API Documentation UI ---
2026-01-19T00:00:31.9500027Z   ▶️ [STEP step_1] NAVIGATE: Step step_1
2026-01-19T00:00:31.9500568Z     ✅ Step step_1 Passed.
2026-01-19T00:00:31.9501365Z   ▶️ [STEP step_2] ASSERT_VISIBLE: Frontend-first backend you call with fetch() | ReqRes
2026-01-19T00:00:31.9504327Z     ❌ Attempt 1 failed (element_not_found): Locator expected to be visible
2026-01-19T00:00:31.9504763Z Actual value: None
2026-01-19T00:00:31.9504965Z Error: element(s) not found 
2026-01-19T00:00:31.9505182Z Call log:
2026-01-19T00:00:31.9505350Z   - Expect ...
2026-01-19T00:00:31.9505855Z     🔧 [AUTO-HEAL] Re-mining page to find 'Frontend-first backend you call with fetch() | ReqRes'...
2026-01-19T00:00:31.9506393Z [DEBUG] Sending request to gemini-2.0-flash. Number of parts: 2
2026-01-19T00:00:31.9506739Z [DEBUG] Received response (Length: 402)
2026-01-19T00:00:31.9507118Z     ✨ AI successfully healed the step! Found 2 alternatives.
2026-01-19T00:00:31.9507519Z     ✨ AI successfully healed the step! New selector: body
2026-01-19T00:00:31.9507860Z     ✅ Step step_2 Passed.
2026-01-19T00:00:31.9508125Z   ▶️ [STEP step_3] NAVIGATE: Step step_3
2026-01-19T00:00:31.9508414Z     ✅ Step step_3 Passed.
2026-01-19T00:00:31.9508679Z   ▶️ [STEP step_5] ASSERT_URL: Step step_5
2026-01-19T00:00:31.9508955Z     ✅ Step step_5 Passed.
2026-01-19T00:00:31.9509200Z   ▶️ [STEP step_5_ai_1] NAVIGATE: Docs
2026-01-19T00:00:31.9509729Z     ❌ Attempt 1 failed (unknown): Page.goto: Protocol error (Page.navigate): Cannot navigate to invalid URL
2026-01-19T00:00:31.9510181Z Call log:
2026-01-19T00:00:31.9510349Z   - navigating t...
2026-01-19T00:00:31.9510631Z     🔧 [AUTO-HEAL] Re-mining page to find 'Docs'...
2026-01-19T00:00:31.9511010Z [DEBUG] Sending request to gemini-2.0-flash. Number of parts: 2
2026-01-19T00:00:31.9511358Z [DEBUG] Received response (Length: 497)
2026-01-19T00:00:31.9511975Z     ✨ AI successfully healed the step! Found 2 alternatives.
2026-01-19T00:00:31.9512431Z     ✨ AI successfully healed the step! New selector: a[href='/docs']
2026-01-19T00:00:31.9513070Z     ❌ Attempt 2 failed (unknown): Page.goto: Protocol error (Page.navigate): Cannot navigate to invalid URL
2026-01-19T00:00:31.9513540Z Call log:
2026-01-19T00:00:31.9513720Z   - navigating t...
2026-01-19T00:00:31.9513983Z     🔧 [AUTO-HEAL] Re-mining page to find 'Docs'...
2026-01-19T00:00:31.9514286Z [CACHE HIT] e08fa1cc... (hits: 1, misses: 2)
2026-01-19T00:00:31.9514652Z     ✨ AI successfully healed the step! Found 2 alternatives.
2026-01-19T00:00:31.9515081Z     ✨ AI successfully healed the step! New selector: a[href='/docs']
2026-01-19T00:00:31.9515685Z     ❌ Attempt 3 failed (unknown): Page.goto: Protocol error (Page.navigate): Cannot navigate to invalid URL
2026-01-19T00:00:31.9516125Z Call log:
2026-01-19T00:00:31.9516287Z   - navigating t...
2026-01-19T00:00:31.9516546Z     💀 Step step_5_ai_1 failed after all retries.
2026-01-19T00:00:31.9516971Z 🛑 Scenario 'Explore API Documentation UI' aborted due to step failure.
2026-01-19T00:00:31.9517456Z 
2026-01-19T00:00:31.9517582Z --- Scenario: Verify User Creation and Retrieval ---
2026-01-19T00:00:31.9517927Z   ▶️ [STEP step_1] NAVIGATE: Step step_1
2026-01-19T00:00:31.9518352Z     ✅ Step step_1 Passed.
2026-01-19T00:00:31.9518796Z   ▶️ [STEP step_2] ASSERT_VISIBLE: Frontend-first backend you call with fetch() | ReqRes
2026-01-19T00:00:31.9519354Z     ❌ Attempt 1 failed (element_not_found): Locator expected to be visible
2026-01-19T00:00:31.9519690Z Actual value: None
2026-01-19T00:00:31.9519886Z Error: element(s) not found 
2026-01-19T00:00:31.9520094Z Call log:
2026-01-19T00:00:31.9520254Z   - Expect ...
2026-01-19T00:00:31.9520686Z     🔧 [AUTO-HEAL] Re-mining page to find 'Frontend-first backend you call with fetch() | ReqRes'...
2026-01-19T00:00:31.9521205Z [DEBUG] Sending request to gemini-2.0-flash. Number of parts: 2
2026-01-19T00:00:31.9521542Z [DEBUG] Received response (Length: 410)
2026-01-19T00:00:31.9522187Z     ✨ AI successfully healed the step! Found 2 alternatives.
2026-01-19T00:00:31.9522804Z     ✨ AI successfully healed the step! New selector: text=A real backend you call directly from the frontend.
2026-01-19T00:00:31.9523318Z     ✅ Step step_2 Passed.
2026-01-19T00:00:31.9523597Z   ▶️ [STEP step_3] NAVIGATE: Step step_3
2026-01-19T00:00:31.9523877Z     ✅ Step step_3 Passed.
2026-01-19T00:00:31.9524239Z ✅ Scenario 'Verify User Creation and Retrieval' completed successfully!
2026-01-19T00:00:31.9524530Z 
2026-01-19T00:00:31.9524668Z --- Scenario: Attempt Login with Invalid Credentials ---
2026-01-19T00:00:31.9525018Z   ▶️ [STEP step_1] NAVIGATE: Step step_1
2026-01-19T00:00:31.9525296Z     ✅ Step step_1 Passed.
2026-01-19T00:00:31.9525705Z   ▶️ [STEP step_2] ASSERT_VISIBLE: Frontend-first backend you call with fetch() | ReqRes
2026-01-19T00:00:31.9526278Z     ❌ Attempt 1 failed (element_not_found): Locator expected to be visible
2026-01-19T00:00:31.9526686Z Actual value: None
2026-01-19T00:00:31.9526881Z Error: element(s) not found 
2026-01-19T00:00:31.9527087Z Call log:
2026-01-19T00:00:31.9527261Z   - Expect ...
2026-01-19T00:00:31.9527694Z     🔧 [AUTO-HEAL] Re-mining page to find 'Frontend-first backend you call with fetch() | ReqRes'...
2026-01-19T00:00:31.9528213Z [DEBUG] Sending request to gemini-2.0-flash. Number of parts: 2
2026-01-19T00:00:31.9528553Z [DEBUG] Received response (Length: 365)
2026-01-19T00:00:31.9528908Z     ✨ AI successfully healed the step! Found 2 alternatives.
2026-01-19T00:00:31.9529385Z     ✨ AI successfully healed the step! New selector: text=Frontend-first backend
2026-01-19T00:00:31.9529785Z     ✅ Step step_2 Passed.
2026-01-19T00:00:31.9530041Z   ▶️ [STEP step_3] NAVIGATE: Step step_3
2026-01-19T00:00:31.9530314Z     ✅ Step step_3 Passed.
2026-01-19T00:00:31.9530687Z ✅ Scenario 'Attempt Login with Invalid Credentials' completed successfully!
2026-01-19T00:00:31.9530991Z 
2026-01-19T00:00:31.9531083Z ============================================================
2026-01-19T00:00:31.9531402Z 🎯 EXECUTION SUMMARY
2026-01-19T00:00:31.9531617Z ============================================================
2026-01-19T00:00:31.9532391Z 
2026-01-19T00:00:31.9532603Z 📋 Scenario Overview:
2026-01-19T00:00:31.9532908Z    • Total Scenarios Planned: 3
2026-01-19T00:00:31.9533187Z    • Scenarios Executed: 3
2026-01-19T00:00:31.9533438Z    • Total Steps Executed: 11
2026-01-19T00:00:31.9533588Z 
2026-01-19T00:00:31.9533679Z ✅ Results:
2026-01-19T00:00:31.9533875Z    ✅ Passed: 2 (66%)
2026-01-19T00:00:31.9534083Z    ❌ Failed: 1 (33%)
2026-01-19T00:00:31.9534199Z 
2026-01-19T00:00:31.9534299Z ⚠️  Failed Scenarios:
2026-01-19T00:00:31.9534537Z    • Explore API Documentation UI
2026-01-19T00:00:31.9534698Z 
2026-01-19T00:00:31.9534796Z ============================================================
2026-01-19T00:00:31.9534985Z 
2026-01-19T00:00:31.9535464Z 🏁 Execution Finished. Report: /home/runner/work/build_qa_automation/build_qa_automation/projects/ci_reqres_api_ui/execution.json
2026-01-19T00:00:32.0631354Z 
2026-01-19T00:00:32.0632186Z [PHASE] Running Phase: DISCOVERY
2026-01-19T00:00:32.0634178Z    Command: /opt/hostedtoolcache/Python/3.11.14/x64/bin/python /home/runner/work/build_qa_automation/build_qa_automation/core/agents/discovery.py --project /home/runner/work/build_qa_automation/build_qa_automation/projects/ci_reqres_api_ui --url https://reqres.in/ --deep
2026-01-19T00:00:32.0635629Z ✅ Phase 'discovery' completed successfully.
2026-01-19T00:00:32.0635830Z 
2026-01-19T00:00:32.0635926Z [PHASE] Running Phase: PLANNING
2026-01-19T00:00:32.0637083Z    Command: /opt/hostedtoolcache/Python/3.11.14/x64/bin/python /home/runner/work/build_qa_automation/build_qa_automation/core/agents/planner.py --project /home/runner/work/build_qa_automation/build_qa_automation/projects/ci_reqres_api_ui --goal Explore API documentation UI --url https://reqres.in/ --deep
2026-01-19T00:00:32.0638291Z ✅ Phase 'planning' completed successfully.
2026-01-19T00:00:32.0638493Z 
2026-01-19T00:00:32.0638585Z [PHASE] Running Phase: EXPLORATION
2026-01-19T00:00:32.0639533Z    Command: /opt/hostedtoolcache/Python/3.11.14/x64/bin/python /home/runner/work/build_qa_automation/build_qa_automation/core/agents/deep_explorer.py --project /home/runner/work/build_qa_automation/build_qa_automation/projects/ci_reqres_api_ui
2026-01-19T00:00:32.0640550Z ✅ Phase 'exploration' completed successfully.
2026-01-19T00:00:32.0640936Z 📊 Exploration Discovery Success Rate: 0.0%
2026-01-19T00:00:32.0641404Z ⚠️ Exploration failed to find stable locators for key steps. Execution might fail.
2026-01-19T00:00:32.0641933Z 
2026-01-19T00:00:32.0642027Z [PHASE] Running Phase: EXECUTION
2026-01-19T00:00:32.0642951Z    Command: /opt/hostedtoolcache/Python/3.11.14/x64/bin/python /home/runner/work/build_qa_automation/build_qa_automation/core/agents/executor.py --project /home/runner/work/build_qa_automation/build_qa_automation/projects/ci_reqres_api_ui
2026-01-19T00:00:32.0643946Z ✅ Phase 'execution' completed successfully.
2026-01-19T00:00:32.0644134Z 
2026-01-19T00:00:32.0644239Z [DONE] Pipeline Execution Finished! [DONE]
2026-01-19T00:00:32.1574439Z ##[group]Run RESULT_FILE="projects/ci_reqres_api_ui/execution.json"
2026-01-19T00:00:32.1574970Z [36;1mRESULT_FILE="projects/ci_reqres_api_ui/execution.json"[0m
2026-01-19T00:00:32.1575317Z [36;1mif [ -f "$RESULT_FILE" ]; then[0m
2026-01-19T00:00:32.1575657Z [36;1m  echo "✅ Results generated successfully: $RESULT_FILE"[0m
2026-01-19T00:00:32.1576102Z [36;1m  cat "$RESULT_FILE" | jq '.scenarios | length' || echo "Result file exists"[0m
2026-01-19T00:00:32.1576466Z [36;1melse[0m
2026-01-19T00:00:32.1576700Z [36;1m  echo "❌ No result file found at $RESULT_FILE"[0m
2026-01-19T00:00:32.1576995Z [36;1m  exit 1[0m
2026-01-19T00:00:32.1577172Z [36;1mfi[0m
2026-01-19T00:00:32.1609106Z shell: /usr/bin/bash -e {0}
2026-01-19T00:00:32.1609334Z env:
2026-01-19T00:00:32.1609583Z   pythonLocation: /opt/hostedtoolcache/Python/3.11.14/x64
2026-01-19T00:00:32.1610008Z   PKG_CONFIG_PATH: /opt/hostedtoolcache/Python/3.11.14/x64/lib/pkgconfig
2026-01-19T00:00:32.1610472Z   Python_ROOT_DIR: /opt/hostedtoolcache/Python/3.11.14/x64
2026-01-19T00:00:32.1610859Z   Python2_ROOT_DIR: /opt/hostedtoolcache/Python/3.11.14/x64
2026-01-19T00:00:32.1611227Z   Python3_ROOT_DIR: /opt/hostedtoolcache/Python/3.11.14/x64
2026-01-19T00:00:32.1611595Z   LD_LIBRARY_PATH: /opt/hostedtoolcache/Python/3.11.14/x64/lib
2026-01-19T00:00:32.1612020Z ##[endgroup]
2026-01-19T00:00:32.1662483Z ✅ Results generated successfully: projects/ci_reqres_api_ui/execution.json
2026-01-19T00:00:32.1687935Z 3
2026-01-19T00:00:32.1923004Z ##[group]Run actions/upload-artifact@v4
2026-01-19T00:00:32.1923287Z with:
2026-01-19T00:00:32.1923480Z   name: reqres_api_ui-execution-results
2026-01-19T00:00:32.1923898Z   path: projects/ci_reqres_api_ui/execution.json
projects/ci_reqres_api_ui/workflow.json

2026-01-19T00:00:32.1924315Z   retention-days: 30
2026-01-19T00:00:32.1924514Z   if-no-files-found: warn
2026-01-19T00:00:32.1924729Z   compression-level: 6
2026-01-19T00:00:32.1924929Z   overwrite: false
2026-01-19T00:00:32.1925125Z   include-hidden-files: false
2026-01-19T00:00:32.1925532Z env:
2026-01-19T00:00:32.1925768Z   pythonLocation: /opt/hostedtoolcache/Python/3.11.14/x64
2026-01-19T00:00:32.1926186Z   PKG_CONFIG_PATH: /opt/hostedtoolcache/Python/3.11.14/x64/lib/pkgconfig
2026-01-19T00:00:32.1926588Z   Python_ROOT_DIR: /opt/hostedtoolcache/Python/3.11.14/x64
2026-01-19T00:00:32.1926940Z   Python2_ROOT_DIR: /opt/hostedtoolcache/Python/3.11.14/x64
2026-01-19T00:00:32.1927325Z   Python3_ROOT_DIR: /opt/hostedtoolcache/Python/3.11.14/x64
2026-01-19T00:00:32.1927688Z   LD_LIBRARY_PATH: /opt/hostedtoolcache/Python/3.11.14/x64/lib
2026-01-19T00:00:32.1927990Z ##[endgroup]
2026-01-19T00:00:32.4046730Z Multiple search paths detected. Calculating the least common ancestor of all paths
2026-01-19T00:00:32.4051352Z The least common ancestor is /home/runner/work/build_qa_automation/build_qa_automation/projects/ci_reqres_api_ui. This will be the root directory of the artifact
2026-01-19T00:00:32.4052950Z With the provided path, there will be 2 files uploaded
2026-01-19T00:00:32.4058180Z Artifact name is valid!
2026-01-19T00:00:32.4059339Z Root directory input is valid!
2026-01-19T00:00:32.4917423Z Beginning upload of artifact content to blob storage
2026-01-19T00:00:32.5610538Z Uploaded bytes 1563
2026-01-19T00:00:32.5817150Z Finished uploading artifact content to blob storage!
2026-01-19T00:00:32.5820132Z SHA256 digest of uploaded artifact zip is 871926e72e6faeca9b0c173d475a7b402876cebc296266c74085dc90b8135a21
2026-01-19T00:00:32.5821974Z Finalizing artifact upload
2026-01-19T00:00:32.6541024Z Artifact reqres_api_ui-execution-results.zip successfully finalized. Artifact ID 5171074788
2026-01-19T00:00:32.6542505Z Artifact reqres_api_ui-execution-results has been successfully uploaded! Final size is 1563 bytes. Artifact ID is 5171074788
2026-01-19T00:00:32.6548200Z Artifact download URL: https://github.com/vishvasmca-cmd/build_qa_automation/actions/runs/21120211878/artifacts/5171074788
2026-01-19T00:00:32.6863532Z Post job cleanup.
2026-01-19T00:00:32.8336821Z Cache hit occurred on the primary key setup-python-Linux-x64-24.04-Ubuntu-python-3.11.14-pip-dde08d0e0b672972dcda9f1a063036a2e0c226f5d0a20362e9401931676d80a4, not saving cache.
2026-01-19T00:00:32.8784198Z Post job cleanup.
2026-01-19T00:00:32.9722946Z [command]/usr/bin/git version
2026-01-19T00:00:32.9763305Z git version 2.52.0
2026-01-19T00:00:32.9808663Z Temporarily overriding HOME='/home/runner/work/_temp/1ab9391e-87c9-48ae-98bc-7c8e21924abb' before making global git config changes
2026-01-19T00:00:32.9810109Z Adding repository directory to the temporary git global config as a safe directory
2026-01-19T00:00:32.9815578Z [command]/usr/bin/git config --global --add safe.directory /home/runner/work/build_qa_automation/build_qa_automation
2026-01-19T00:00:32.9853876Z [command]/usr/bin/git config --local --name-only --get-regexp core\.sshCommand
2026-01-19T00:00:32.9889602Z [command]/usr/bin/git submodule foreach --recursive sh -c "git config --local --name-only --get-regexp 'core\.sshCommand' && git config --local --unset-all 'core.sshCommand' || :"
2026-01-19T00:00:33.0187577Z [command]/usr/bin/git config --local --name-only --get-regexp http\.https\:\/\/github\.com\/\.extraheader
2026-01-19T00:00:33.0212143Z http.https://github.com/.extraheader
2026-01-19T00:00:33.0224046Z [command]/usr/bin/git config --local --unset-all http.https://github.com/.extraheader
2026-01-19T00:00:33.0259522Z [command]/usr/bin/git submodule foreach --recursive sh -c "git config --local --name-only --get-regexp 'http\.https\:\/\/github\.com\/\.extraheader' && git config --local --unset-all 'http.https://github.com/.extraheader' || :"
2026-01-19T00:00:33.0498776Z [command]/usr/bin/git config --local --name-only --get-regexp ^includeIf\.gitdir:
2026-01-19T00:00:33.0531554Z [command]/usr/bin/git submodule foreach --recursive git config --local --show-origin --name-only --get-regexp remote.origin.url
2026-01-19T00:00:33.0883997Z Cleaning up orphan processes
