2026-01-18T23:33:59.7139367Z Current runner version: '2.331.0'
2026-01-18T23:33:59.7161409Z ##[group]Runner Image Provisioner
2026-01-18T23:33:59.7162385Z Hosted Compute Agent
2026-01-18T23:33:59.7163035Z Version: 20251211.462
2026-01-18T23:33:59.7163660Z Commit: 6cbad8c2bb55d58165063d031ccabf57e2d2db61
2026-01-18T23:33:59.7164356Z Build Date: 2025-12-11T16:28:49Z
2026-01-18T23:33:59.7165053Z Worker ID: {7b772d4a-d16e-4bdd-abfb-98057ce37ac6}
2026-01-18T23:33:59.7165765Z ##[endgroup]
2026-01-18T23:33:59.7166264Z ##[group]Operating System
2026-01-18T23:33:59.7166852Z Ubuntu
2026-01-18T23:33:59.7167315Z 24.04.3
2026-01-18T23:33:59.7167733Z LTS
2026-01-18T23:33:59.7168247Z ##[endgroup]
2026-01-18T23:33:59.7168776Z ##[group]Runner Image
2026-01-18T23:33:59.7169287Z Image: ubuntu-24.04
2026-01-18T23:33:59.7169858Z Version: 20260111.209.1
2026-01-18T23:33:59.7170811Z Included Software: https://github.com/actions/runner-images/blob/ubuntu24/20260111.209/images/ubuntu/Ubuntu2404-Readme.md
2026-01-18T23:33:59.7172516Z Image Release: https://github.com/actions/runner-images/releases/tag/ubuntu24%2F20260111.209
2026-01-18T23:33:59.7173525Z ##[endgroup]
2026-01-18T23:33:59.7174633Z ##[group]GITHUB_TOKEN Permissions
2026-01-18T23:33:59.7176397Z Contents: read
2026-01-18T23:33:59.7176960Z Metadata: read
2026-01-18T23:33:59.7177525Z Packages: read
2026-01-18T23:33:59.7178078Z ##[endgroup]
2026-01-18T23:33:59.7180429Z Secret source: Actions
2026-01-18T23:33:59.7181192Z Prepare workflow directory
2026-01-18T23:33:59.8183607Z Prepare all required actions
2026-01-18T23:33:59.8218848Z Getting action download info
2026-01-18T23:34:00.1769325Z Download action repository 'actions/checkout@v4' (SHA:34e114876b0b11c390a56381ad16ebd13914f8d5)
2026-01-18T23:34:00.2833855Z Download action repository 'actions/setup-python@v5' (SHA:a26af69be951a213d495a4c3e4e4022e16d87065)
2026-01-18T23:34:00.3615195Z Download action repository 'actions/upload-artifact@v4' (SHA:ea165f8d65b6e75b540449e92b4886f43607fa02)
2026-01-18T23:34:00.6714259Z Complete job name: test-websites-deep (the_internet_forms, https://the-internet.herokuapp.com/, Test authentication ...
2026-01-18T23:34:00.8659188Z ##[group]Run actions/checkout@v4
2026-01-18T23:34:00.8660004Z with:
2026-01-18T23:34:00.8660443Z   repository: vishvasmca-cmd/build_qa_automation
2026-01-18T23:34:00.8661142Z   token: ***
2026-01-18T23:34:00.8661681Z   ssh-strict: true
2026-01-18T23:34:00.8662075Z   ssh-user: git
2026-01-18T23:34:00.8662474Z   persist-credentials: true
2026-01-18T23:34:00.8662909Z   clean: true
2026-01-18T23:34:00.8663294Z   sparse-checkout-cone-mode: true
2026-01-18T23:34:00.8663772Z   fetch-depth: 1
2026-01-18T23:34:00.8664148Z   fetch-tags: false
2026-01-18T23:34:00.8664526Z   show-progress: true
2026-01-18T23:34:00.8664922Z   lfs: false
2026-01-18T23:34:00.8665273Z   submodules: false
2026-01-18T23:34:00.8665669Z   set-safe-directory: true
2026-01-18T23:34:00.8666350Z ##[endgroup]
2026-01-18T23:34:00.9719903Z Syncing repository: vishvasmca-cmd/build_qa_automation
2026-01-18T23:34:00.9721841Z ##[group]Getting Git version info
2026-01-18T23:34:00.9722828Z Working directory is '/home/runner/work/build_qa_automation/build_qa_automation'
2026-01-18T23:34:00.9723880Z [command]/usr/bin/git version
2026-01-18T23:34:00.9795710Z git version 2.52.0
2026-01-18T23:34:00.9821207Z ##[endgroup]
2026-01-18T23:34:00.9834906Z Temporarily overriding HOME='/home/runner/work/_temp/6d3bb892-efd8-4216-a8f2-7703abf82701' before making global git config changes
2026-01-18T23:34:00.9836265Z Adding repository directory to the temporary git global config as a safe directory
2026-01-18T23:34:00.9846335Z [command]/usr/bin/git config --global --add safe.directory /home/runner/work/build_qa_automation/build_qa_automation
2026-01-18T23:34:00.9883461Z Deleting the contents of '/home/runner/work/build_qa_automation/build_qa_automation'
2026-01-18T23:34:00.9886791Z ##[group]Initializing the repository
2026-01-18T23:34:00.9890719Z [command]/usr/bin/git init /home/runner/work/build_qa_automation/build_qa_automation
2026-01-18T23:34:00.9989019Z hint: Using 'master' as the name for the initial branch. This default branch name
2026-01-18T23:34:00.9990585Z hint: will change to "main" in Git 3.0. To configure the initial branch name
2026-01-18T23:34:00.9991697Z hint: to use in all of your new repositories, which will suppress this warning,
2026-01-18T23:34:00.9992701Z hint: call:
2026-01-18T23:34:00.9993293Z hint:
2026-01-18T23:34:00.9994021Z hint: 	git config --global init.defaultBranch <name>
2026-01-18T23:34:00.9994653Z hint:
2026-01-18T23:34:00.9995249Z hint: Names commonly chosen instead of 'master' are 'main', 'trunk' and
2026-01-18T23:34:00.9996230Z hint: 'development'. The just-created branch can be renamed via this command:
2026-01-18T23:34:00.9996994Z hint:
2026-01-18T23:34:00.9997397Z hint: 	git branch -m <name>
2026-01-18T23:34:00.9998065Z hint:
2026-01-18T23:34:00.9998728Z hint: Disable this message with "git config set advice.defaultBranchName false"
2026-01-18T23:34:00.9999819Z Initialized empty Git repository in /home/runner/work/build_qa_automation/build_qa_automation/.git/
2026-01-18T23:34:01.0003808Z [command]/usr/bin/git remote add origin https://github.com/vishvasmca-cmd/build_qa_automation
2026-01-18T23:34:01.0036564Z ##[endgroup]
2026-01-18T23:34:01.0037760Z ##[group]Disabling automatic garbage collection
2026-01-18T23:34:01.0041337Z [command]/usr/bin/git config --local gc.auto 0
2026-01-18T23:34:01.0069445Z ##[endgroup]
2026-01-18T23:34:01.0070628Z ##[group]Setting up auth
2026-01-18T23:34:01.0076870Z [command]/usr/bin/git config --local --name-only --get-regexp core\.sshCommand
2026-01-18T23:34:01.0106735Z [command]/usr/bin/git submodule foreach --recursive sh -c "git config --local --name-only --get-regexp 'core\.sshCommand' && git config --local --unset-all 'core.sshCommand' || :"
2026-01-18T23:34:01.0453982Z [command]/usr/bin/git config --local --name-only --get-regexp http\.https\:\/\/github\.com\/\.extraheader
2026-01-18T23:34:01.0481129Z [command]/usr/bin/git submodule foreach --recursive sh -c "git config --local --name-only --get-regexp 'http\.https\:\/\/github\.com\/\.extraheader' && git config --local --unset-all 'http.https://github.com/.extraheader' || :"
2026-01-18T23:34:01.0695036Z [command]/usr/bin/git config --local --name-only --get-regexp ^includeIf\.gitdir:
2026-01-18T23:34:01.0725097Z [command]/usr/bin/git submodule foreach --recursive git config --local --show-origin --name-only --get-regexp remote.origin.url
2026-01-18T23:34:01.0950940Z [command]/usr/bin/git config --local http.https://github.com/.extraheader AUTHORIZATION: basic ***
2026-01-18T23:34:01.0983408Z ##[endgroup]
2026-01-18T23:34:01.0984642Z ##[group]Fetching the repository
2026-01-18T23:34:01.0992960Z [command]/usr/bin/git -c protocol.version=2 fetch --no-tags --prune --no-recurse-submodules --depth=1 origin +10179ac5c7473147e4be3845796c28603a0fa5da:refs/remotes/origin/main
2026-01-18T23:34:02.3629136Z From https://github.com/vishvasmca-cmd/build_qa_automation
2026-01-18T23:34:02.3631089Z  * [new ref]         10179ac5c7473147e4be3845796c28603a0fa5da -> origin/main
2026-01-18T23:34:02.3661181Z ##[endgroup]
2026-01-18T23:34:02.3661992Z ##[group]Determining the checkout info
2026-01-18T23:34:02.3664054Z ##[endgroup]
2026-01-18T23:34:02.3668889Z [command]/usr/bin/git sparse-checkout disable
2026-01-18T23:34:02.3710394Z [command]/usr/bin/git config --local --unset-all extensions.worktreeConfig
2026-01-18T23:34:02.3735737Z ##[group]Checking out the ref
2026-01-18T23:34:02.3739250Z [command]/usr/bin/git checkout --progress --force -B main refs/remotes/origin/main
2026-01-18T23:34:02.4908014Z Switched to a new branch 'main'
2026-01-18T23:34:02.4909815Z branch 'main' set up to track 'origin/main'.
2026-01-18T23:34:02.4925753Z ##[endgroup]
2026-01-18T23:34:02.4959958Z [command]/usr/bin/git log -1 --format=%H
2026-01-18T23:34:02.4981903Z 10179ac5c7473147e4be3845796c28603a0fa5da
2026-01-18T23:34:02.6057781Z ##[group]Run actions/setup-python@v5
2026-01-18T23:34:02.6058286Z with:
2026-01-18T23:34:02.6058642Z   python-version: 3.11
2026-01-18T23:34:02.6059019Z   cache: pip
2026-01-18T23:34:02.6059557Z   check-latest: false
2026-01-18T23:34:02.6060080Z   token: ***
2026-01-18T23:34:02.6060434Z   update-environment: true
2026-01-18T23:34:02.6060823Z   allow-prereleases: false
2026-01-18T23:34:02.6061201Z   freethreaded: false
2026-01-18T23:34:02.6061705Z ##[endgroup]
2026-01-18T23:34:02.7694353Z ##[group]Installed versions
2026-01-18T23:34:02.7806565Z Successfully set up CPython (3.11.14)
2026-01-18T23:34:02.7807899Z ##[endgroup]
2026-01-18T23:34:02.8583371Z [command]/opt/hostedtoolcache/Python/3.11.14/x64/bin/pip cache dir
2026-01-18T23:34:03.1626941Z /home/runner/.cache/pip
2026-01-18T23:34:03.3995452Z Cache hit for: setup-python-Linux-x64-24.04-Ubuntu-python-3.11.14-pip-dde08d0e0b672972dcda9f1a063036a2e0c226f5d0a20362e9401931676d80a4
2026-01-18T23:34:04.6638814Z Received 29360128 of 254742636 (11.5%), 28.0 MBs/sec
2026-01-18T23:34:05.6692421Z Received 163577856 of 254742636 (64.2%), 77.9 MBs/sec
2026-01-18T23:34:06.1982690Z Received 254742636 of 254742636 (100.0%), 95.8 MBs/sec
2026-01-18T23:34:06.1984472Z Cache Size: ~243 MB (254742636 B)
2026-01-18T23:34:06.2050368Z [command]/usr/bin/tar -xf /home/runner/work/_temp/7d1e9f21-a45d-43ee-bf2b-0004efe1f489/cache.tzst -P -C /home/runner/work/build_qa_automation/build_qa_automation --use-compress-program unzstd
2026-01-18T23:34:06.5698278Z Cache restored successfully
2026-01-18T23:34:06.6193925Z Cache restored from key: setup-python-Linux-x64-24.04-Ubuntu-python-3.11.14-pip-dde08d0e0b672972dcda9f1a063036a2e0c226f5d0a20362e9401931676d80a4
2026-01-18T23:34:06.6740178Z ##[group]Run pip install -r requirements.txt
2026-01-18T23:34:06.6740607Z [36;1mpip install -r requirements.txt[0m
2026-01-18T23:34:06.6740905Z [36;1mplaywright install chromium[0m
2026-01-18T23:34:06.6779718Z shell: /usr/bin/bash -e {0}
2026-01-18T23:34:06.6780002Z env:
2026-01-18T23:34:06.6780264Z   pythonLocation: /opt/hostedtoolcache/Python/3.11.14/x64
2026-01-18T23:34:06.6780694Z   PKG_CONFIG_PATH: /opt/hostedtoolcache/Python/3.11.14/x64/lib/pkgconfig
2026-01-18T23:34:06.6781153Z   Python_ROOT_DIR: /opt/hostedtoolcache/Python/3.11.14/x64
2026-01-18T23:34:06.6781718Z   Python2_ROOT_DIR: /opt/hostedtoolcache/Python/3.11.14/x64
2026-01-18T23:34:06.6782103Z   Python3_ROOT_DIR: /opt/hostedtoolcache/Python/3.11.14/x64
2026-01-18T23:34:06.6782482Z   LD_LIBRARY_PATH: /opt/hostedtoolcache/Python/3.11.14/x64/lib
2026-01-18T23:34:06.6783036Z ##[endgroup]
2026-01-18T23:34:07.3434490Z Collecting playwright (from -r requirements.txt (line 1))
2026-01-18T23:34:07.3449759Z   Using cached playwright-1.57.0-py3-none-manylinux1_x86_64.whl.metadata (3.5 kB)
2026-01-18T23:34:07.3668104Z Collecting python-dotenv (from -r requirements.txt (line 2))
2026-01-18T23:34:07.3682706Z   Using cached python_dotenv-1.2.1-py3-none-any.whl.metadata (25 kB)
2026-01-18T23:34:07.4000806Z Collecting requests (from -r requirements.txt (line 3))
2026-01-18T23:34:07.4014944Z   Using cached requests-2.32.5-py3-none-any.whl.metadata (4.9 kB)
2026-01-18T23:34:07.5733570Z Collecting pillow (from -r requirements.txt (line 4))
2026-01-18T23:34:07.5749257Z   Using cached pillow-12.1.0-cp311-cp311-manylinux_2_27_x86_64.manylinux_2_28_x86_64.whl.metadata (8.8 kB)
2026-01-18T23:34:07.6051150Z Collecting google-genai>=0.3.0 (from -r requirements.txt (line 5))
2026-01-18T23:34:07.6064076Z   Using cached google_genai-1.59.0-py3-none-any.whl.metadata (53 kB)
2026-01-18T23:34:07.6272714Z Collecting termcolor (from -r requirements.txt (line 6))
2026-01-18T23:34:07.6286136Z   Using cached termcolor-3.3.0-py3-none-any.whl.metadata (6.5 kB)
2026-01-18T23:34:07.6680530Z Collecting PyYAML (from -r requirements.txt (line 7))
2026-01-18T23:34:07.6693965Z   Using cached pyyaml-6.0.3-cp311-cp311-manylinux2014_x86_64.manylinux_2_17_x86_64.manylinux_2_28_x86_64.whl.metadata (2.4 kB)
2026-01-18T23:34:07.7280607Z Collecting opencv-python-headless (from -r requirements.txt (line 8))
2026-01-18T23:34:07.7293968Z   Using cached opencv_python_headless-4.13.0.90-cp37-abi3-manylinux_2_28_x86_64.whl.metadata (19 kB)
2026-01-18T23:34:07.9240461Z Collecting numpy (from -r requirements.txt (line 9))
2026-01-18T23:34:07.9254780Z   Using cached numpy-2.4.1-cp311-cp311-manylinux_2_27_x86_64.manylinux_2_28_x86_64.whl.metadata (6.6 kB)
2026-01-18T23:34:08.0069885Z Collecting faker (from -r requirements.txt (line 10))
2026-01-18T23:34:08.0082880Z   Using cached faker-40.1.2-py3-none-any.whl.metadata (16 kB)
2026-01-18T23:34:08.0294002Z Collecting pyee<14,>=13 (from playwright->-r requirements.txt (line 1))
2026-01-18T23:34:08.0307136Z   Using cached pyee-13.0.0-py3-none-any.whl.metadata (2.9 kB)
2026-01-18T23:34:08.1522415Z Collecting greenlet<4.0.0,>=3.1.1 (from playwright->-r requirements.txt (line 1))
2026-01-18T23:34:08.1536515Z   Using cached greenlet-3.3.0-cp311-cp311-manylinux_2_24_x86_64.manylinux_2_28_x86_64.whl.metadata (4.1 kB)
2026-01-18T23:34:08.1760295Z Collecting typing-extensions (from pyee<14,>=13->playwright->-r requirements.txt (line 1))
2026-01-18T23:34:08.1773843Z   Using cached typing_extensions-4.15.0-py3-none-any.whl.metadata (3.3 kB)
2026-01-18T23:34:08.2605431Z Collecting charset_normalizer<4,>=2 (from requests->-r requirements.txt (line 3))
2026-01-18T23:34:08.2619331Z   Using cached charset_normalizer-3.4.4-cp311-cp311-manylinux2014_x86_64.manylinux_2_17_x86_64.manylinux_2_28_x86_64.whl.metadata (37 kB)
2026-01-18T23:34:08.2825546Z Collecting idna<4,>=2.5 (from requests->-r requirements.txt (line 3))
2026-01-18T23:34:08.2838474Z   Using cached idna-3.11-py3-none-any.whl.metadata (8.4 kB)
2026-01-18T23:34:08.3153982Z Collecting urllib3<3,>=1.21.1 (from requests->-r requirements.txt (line 3))
2026-01-18T23:34:08.3167069Z   Using cached urllib3-2.6.3-py3-none-any.whl.metadata (6.9 kB)
2026-01-18T23:34:08.3421742Z Collecting certifi>=2017.4.17 (from requests->-r requirements.txt (line 3))
2026-01-18T23:34:08.3435161Z   Using cached certifi-2026.1.4-py3-none-any.whl.metadata (2.5 kB)
2026-01-18T23:34:08.3688315Z Collecting anyio<5.0.0,>=4.8.0 (from google-genai>=0.3.0->-r requirements.txt (line 5))
2026-01-18T23:34:08.3701802Z   Using cached anyio-4.12.1-py3-none-any.whl.metadata (4.3 kB)
2026-01-18T23:34:08.4080158Z Collecting google-auth<3.0.0,>=2.47.0 (from google-auth[requests]<3.0.0,>=2.47.0->google-genai>=0.3.0->-r requirements.txt (line 5))
2026-01-18T23:34:08.4093483Z   Using cached google_auth-2.47.0-py3-none-any.whl.metadata (6.4 kB)
2026-01-18T23:34:08.4368661Z Collecting httpx<1.0.0,>=0.28.1 (from google-genai>=0.3.0->-r requirements.txt (line 5))
2026-01-18T23:34:08.4382057Z   Using cached httpx-0.28.1-py3-none-any.whl.metadata (7.1 kB)
2026-01-18T23:34:08.5772480Z Collecting pydantic<3.0.0,>=2.9.0 (from google-genai>=0.3.0->-r requirements.txt (line 5))
2026-01-18T23:34:08.5787210Z   Using cached pydantic-2.12.5-py3-none-any.whl.metadata (90 kB)
2026-01-18T23:34:08.6077109Z Collecting tenacity<9.2.0,>=8.2.3 (from google-genai>=0.3.0->-r requirements.txt (line 5))
2026-01-18T23:34:08.6089840Z   Using cached tenacity-9.1.2-py3-none-any.whl.metadata (1.2 kB)
2026-01-18T23:34:08.6972433Z Collecting websockets<15.1.0,>=13.0.0 (from google-genai>=0.3.0->-r requirements.txt (line 5))
2026-01-18T23:34:08.6985907Z   Using cached websockets-15.0.1-cp311-cp311-manylinux_2_5_x86_64.manylinux1_x86_64.manylinux_2_17_x86_64.manylinux2014_x86_64.whl.metadata (6.8 kB)
2026-01-18T23:34:08.7193391Z Collecting distro<2,>=1.7.0 (from google-genai>=0.3.0->-r requirements.txt (line 5))
2026-01-18T23:34:08.7206147Z   Using cached distro-1.9.0-py3-none-any.whl.metadata (6.8 kB)
2026-01-18T23:34:08.7357171Z Collecting sniffio (from google-genai>=0.3.0->-r requirements.txt (line 5))
2026-01-18T23:34:08.7369957Z   Using cached sniffio-1.3.1-py3-none-any.whl.metadata (3.9 kB)
2026-01-18T23:34:08.7683287Z Collecting pyasn1-modules>=0.2.1 (from google-auth<3.0.0,>=2.47.0->google-auth[requests]<3.0.0,>=2.47.0->google-genai>=0.3.0->-r requirements.txt (line 5))
2026-01-18T23:34:08.7695917Z   Using cached pyasn1_modules-0.4.2-py3-none-any.whl.metadata (3.5 kB)
2026-01-18T23:34:08.7890060Z Collecting rsa<5,>=3.1.4 (from google-auth<3.0.0,>=2.47.0->google-auth[requests]<3.0.0,>=2.47.0->google-genai>=0.3.0->-r requirements.txt (line 5))
2026-01-18T23:34:08.7902773Z   Using cached rsa-4.9.1-py3-none-any.whl.metadata (5.6 kB)
2026-01-18T23:34:08.8218665Z Collecting httpcore==1.* (from httpx<1.0.0,>=0.28.1->google-genai>=0.3.0->-r requirements.txt (line 5))
2026-01-18T23:34:08.8231443Z   Using cached httpcore-1.0.9-py3-none-any.whl.metadata (21 kB)
2026-01-18T23:34:08.8400171Z Collecting h11>=0.16 (from httpcore==1.*->httpx<1.0.0,>=0.28.1->google-genai>=0.3.0->-r requirements.txt (line 5))
2026-01-18T23:34:08.8412780Z   Using cached h11-0.16.0-py3-none-any.whl.metadata (8.3 kB)
2026-01-18T23:34:08.8578018Z Collecting annotated-types>=0.6.0 (from pydantic<3.0.0,>=2.9.0->google-genai>=0.3.0->-r requirements.txt (line 5))
2026-01-18T23:34:08.8590702Z   Using cached annotated_types-0.7.0-py3-none-any.whl.metadata (15 kB)
2026-01-18T23:34:09.4976856Z Collecting pydantic-core==2.41.5 (from pydantic<3.0.0,>=2.9.0->google-genai>=0.3.0->-r requirements.txt (line 5))
2026-01-18T23:34:09.4992520Z   Using cached pydantic_core-2.41.5-cp311-cp311-manylinux_2_17_x86_64.manylinux2014_x86_64.whl.metadata (7.3 kB)
2026-01-18T23:34:09.5179831Z Collecting typing-inspection>=0.4.2 (from pydantic<3.0.0,>=2.9.0->google-genai>=0.3.0->-r requirements.txt (line 5))
2026-01-18T23:34:09.5193704Z   Using cached typing_inspection-0.4.2-py3-none-any.whl.metadata (2.6 kB)
2026-01-18T23:34:09.5881407Z Collecting pyasn1>=0.1.3 (from rsa<5,>=3.1.4->google-auth<3.0.0,>=2.47.0->google-auth[requests]<3.0.0,>=2.47.0->google-genai>=0.3.0->-r requirements.txt (line 5))
2026-01-18T23:34:09.5896332Z   Using cached pyasn1-0.6.2-py3-none-any.whl.metadata (8.4 kB)
2026-01-18T23:34:09.6161108Z Using cached playwright-1.57.0-py3-none-manylinux1_x86_64.whl (46.0 MB)
2026-01-18T23:34:09.6499512Z Using cached greenlet-3.3.0-cp311-cp311-manylinux_2_24_x86_64.manylinux_2_28_x86_64.whl (590 kB)
2026-01-18T23:34:09.6516165Z Using cached pyee-13.0.0-py3-none-any.whl (15 kB)
2026-01-18T23:34:09.6528983Z Using cached python_dotenv-1.2.1-py3-none-any.whl (21 kB)
2026-01-18T23:34:09.6541985Z Using cached requests-2.32.5-py3-none-any.whl (64 kB)
2026-01-18T23:34:09.6555376Z Using cached charset_normalizer-3.4.4-cp311-cp311-manylinux2014_x86_64.manylinux_2_17_x86_64.manylinux_2_28_x86_64.whl (151 kB)
2026-01-18T23:34:09.6568449Z Using cached idna-3.11-py3-none-any.whl (71 kB)
2026-01-18T23:34:09.6581037Z Using cached urllib3-2.6.3-py3-none-any.whl (131 kB)
2026-01-18T23:34:09.6594992Z Using cached pillow-12.1.0-cp311-cp311-manylinux_2_27_x86_64.manylinux_2_28_x86_64.whl (7.0 MB)
2026-01-18T23:34:09.6655706Z Using cached google_genai-1.59.0-py3-none-any.whl (719 kB)
2026-01-18T23:34:09.6673056Z Using cached anyio-4.12.1-py3-none-any.whl (113 kB)
2026-01-18T23:34:09.6686075Z Using cached distro-1.9.0-py3-none-any.whl (20 kB)
2026-01-18T23:34:09.6699063Z Using cached google_auth-2.47.0-py3-none-any.whl (234 kB)
2026-01-18T23:34:09.6713506Z Using cached httpx-0.28.1-py3-none-any.whl (73 kB)
2026-01-18T23:34:09.6726787Z Using cached httpcore-1.0.9-py3-none-any.whl (78 kB)
2026-01-18T23:34:09.6740165Z Using cached pydantic-2.12.5-py3-none-any.whl (463 kB)
2026-01-18T23:34:09.6756638Z Using cached pydantic_core-2.41.5-cp311-cp311-manylinux_2_17_x86_64.manylinux2014_x86_64.whl (2.1 MB)
2026-01-18T23:34:09.6783437Z Using cached rsa-4.9.1-py3-none-any.whl (34 kB)
2026-01-18T23:34:09.6796428Z Using cached tenacity-9.1.2-py3-none-any.whl (28 kB)
2026-01-18T23:34:09.6809412Z Using cached typing_extensions-4.15.0-py3-none-any.whl (44 kB)
2026-01-18T23:34:09.6823318Z Using cached websockets-15.0.1-cp311-cp311-manylinux_2_5_x86_64.manylinux1_x86_64.manylinux_2_17_x86_64.manylinux2014_x86_64.whl (182 kB)
2026-01-18T23:34:09.6836829Z Using cached termcolor-3.3.0-py3-none-any.whl (7.7 kB)
2026-01-18T23:34:09.6850861Z Using cached pyyaml-6.0.3-cp311-cp311-manylinux2014_x86_64.manylinux_2_17_x86_64.manylinux_2_28_x86_64.whl (806 kB)
2026-01-18T23:34:09.6869773Z Using cached opencv_python_headless-4.13.0.90-cp37-abi3-manylinux_2_28_x86_64.whl (62.5 MB)
2026-01-18T23:34:09.7309841Z Using cached numpy-2.4.1-cp311-cp311-manylinux_2_27_x86_64.manylinux_2_28_x86_64.whl (16.7 MB)
2026-01-18T23:34:09.7436967Z Using cached faker-40.1.2-py3-none-any.whl (2.0 MB)
2026-01-18T23:34:09.7463508Z Using cached annotated_types-0.7.0-py3-none-any.whl (13 kB)
2026-01-18T23:34:09.7476478Z Using cached certifi-2026.1.4-py3-none-any.whl (152 kB)
2026-01-18T23:34:09.7490083Z Using cached h11-0.16.0-py3-none-any.whl (37 kB)
2026-01-18T23:34:09.7503335Z Using cached pyasn1-0.6.2-py3-none-any.whl (83 kB)
2026-01-18T23:34:09.7516594Z Using cached pyasn1_modules-0.4.2-py3-none-any.whl (181 kB)
2026-01-18T23:34:09.7530628Z Using cached typing_inspection-0.4.2-py3-none-any.whl (14 kB)
2026-01-18T23:34:09.7543818Z Using cached sniffio-1.3.1-py3-none-any.whl (10 kB)
2026-01-18T23:34:09.9535877Z Installing collected packages: websockets, urllib3, typing-extensions, termcolor, tenacity, sniffio, PyYAML, python-dotenv, pyasn1, pillow, numpy, idna, h11, greenlet, faker, distro, charset_normalizer, certifi, annotated-types, typing-inspection, rsa, requests, pyee, pydantic-core, pyasn1-modules, opencv-python-headless, httpcore, anyio, pydantic, playwright, httpx, google-auth, google-genai
2026-01-18T23:34:16.6484213Z 
2026-01-18T23:34:16.6506874Z Successfully installed PyYAML-6.0.3 annotated-types-0.7.0 anyio-4.12.1 certifi-2026.1.4 charset_normalizer-3.4.4 distro-1.9.0 faker-40.1.2 google-auth-2.47.0 google-genai-1.59.0 greenlet-3.3.0 h11-0.16.0 httpcore-1.0.9 httpx-0.28.1 idna-3.11 numpy-2.4.1 opencv-python-headless-4.13.0.90 pillow-12.1.0 playwright-1.57.0 pyasn1-0.6.2 pyasn1-modules-0.4.2 pydantic-2.12.5 pydantic-core-2.41.5 pyee-13.0.0 python-dotenv-1.2.1 requests-2.32.5 rsa-4.9.1 sniffio-1.3.1 tenacity-9.1.2 termcolor-3.3.0 typing-extensions-4.15.0 typing-inspection-0.4.2 urllib3-2.6.3 websockets-15.0.1
2026-01-18T23:34:17.2063243Z Downloading Chromium 143.0.7499.4 (playwright build v1200) from https://cdn.playwright.dev/dbazure/download/playwright/builds/chromium/1200/chromium-linux.zip
2026-01-18T23:34:17.3011993Z (node:2190) [DEP0169] DeprecationWarning: `url.parse()` behavior is not standardized and prone to errors that have security implications. Use the WHATWG URL API instead. CVEs are not issued for `url.parse()` vulnerabilities.
2026-01-18T23:34:17.3013966Z (Use `node --trace-deprecation ...` to show where the warning was created)
2026-01-18T23:34:17.5116053Z |                                                                                |   0% of 164.7 MiB
2026-01-18T23:34:17.6630922Z |■■■■■■■■                                                                        |  10% of 164.7 MiB
2026-01-18T23:34:17.7358906Z |■■■■■■■■■■■■■■■■                                                                |  20% of 164.7 MiB
2026-01-18T23:34:17.8063936Z |■■■■■■■■■■■■■■■■■■■■■■■■                                                        |  30% of 164.7 MiB
2026-01-18T23:34:17.8654945Z |■■■■■■■■■■■■■■■■■■■■■■■■■■■■■■■■                                                |  40% of 164.7 MiB
2026-01-18T23:34:17.9415974Z |■■■■■■■■■■■■■■■■■■■■■■■■■■■■■■■■■■■■■■■■                                        |  50% of 164.7 MiB
2026-01-18T23:34:18.0046261Z |■■■■■■■■■■■■■■■■■■■■■■■■■■■■■■■■■■■■■■■■■■■■■■■■                                |  60% of 164.7 MiB
2026-01-18T23:34:18.0650848Z |■■■■■■■■■■■■■■■■■■■■■■■■■■■■■■■■■■■■■■■■■■■■■■■■■■■■■■■■                        |  70% of 164.7 MiB
2026-01-18T23:34:18.1149094Z |■■■■■■■■■■■■■■■■■■■■■■■■■■■■■■■■■■■■■■■■■■■■■■■■■■■■■■■■■■■■■■■■                |  80% of 164.7 MiB
2026-01-18T23:34:18.1782828Z |■■■■■■■■■■■■■■■■■■■■■■■■■■■■■■■■■■■■■■■■■■■■■■■■■■■■■■■■■■■■■■■■■■■■■■■■        |  90% of 164.7 MiB
2026-01-18T23:34:18.2318588Z |■■■■■■■■■■■■■■■■■■■■■■■■■■■■■■■■■■■■■■■■■■■■■■■■■■■■■■■■■■■■■■■■■■■■■■■■■■■■■■■■| 100% of 164.7 MiB
2026-01-18T23:34:20.6108528Z Chromium 143.0.7499.4 (playwright build v1200) downloaded to /home/runner/.cache/ms-playwright/chromium-1200
2026-01-18T23:34:20.6112611Z Downloading FFMPEG playwright build v1011 from https://cdn.playwright.dev/dbazure/download/playwright/builds/ffmpeg/1011/ffmpeg-linux.zip
2026-01-18T23:34:20.7063657Z (node:2201) [DEP0169] DeprecationWarning: `url.parse()` behavior is not standardized and prone to errors that have security implications. Use the WHATWG URL API instead. CVEs are not issued for `url.parse()` vulnerabilities.
2026-01-18T23:34:20.7064696Z (Use `node --trace-deprecation ...` to show where the warning was created)
2026-01-18T23:34:20.8853652Z |                                                                                |   0% of 2.3 MiB
2026-01-18T23:34:20.9023418Z |■■■■■■■■                                                                        |  10% of 2.3 MiB
2026-01-18T23:34:20.9140460Z |■■■■■■■■■■■■■■■■                                                                |  20% of 2.3 MiB
2026-01-18T23:34:20.9198205Z |■■■■■■■■■■■■■■■■■■■■■■■■                                                        |  30% of 2.3 MiB
2026-01-18T23:34:20.9229370Z |■■■■■■■■■■■■■■■■■■■■■■■■■■■■■■■■                                                |  40% of 2.3 MiB
2026-01-18T23:34:20.9275426Z |■■■■■■■■■■■■■■■■■■■■■■■■■■■■■■■■■■■■■■■■                                        |  50% of 2.3 MiB
2026-01-18T23:34:20.9296462Z |■■■■■■■■■■■■■■■■■■■■■■■■■■■■■■■■■■■■■■■■■■■■■■■■                                |  60% of 2.3 MiB
2026-01-18T23:34:20.9326598Z |■■■■■■■■■■■■■■■■■■■■■■■■■■■■■■■■■■■■■■■■■■■■■■■■■■■■■■■■                        |  70% of 2.3 MiB
2026-01-18T23:34:20.9345723Z |■■■■■■■■■■■■■■■■■■■■■■■■■■■■■■■■■■■■■■■■■■■■■■■■■■■■■■■■■■■■■■■■                |  80% of 2.3 MiB
2026-01-18T23:34:20.9421471Z |■■■■■■■■■■■■■■■■■■■■■■■■■■■■■■■■■■■■■■■■■■■■■■■■■■■■■■■■■■■■■■■■■■■■■■■■        |  90% of 2.3 MiB
2026-01-18T23:34:20.9435060Z |■■■■■■■■■■■■■■■■■■■■■■■■■■■■■■■■■■■■■■■■■■■■■■■■■■■■■■■■■■■■■■■■■■■■■■■■■■■■■■■■| 100% of 2.3 MiB
2026-01-18T23:34:20.9964343Z FFMPEG playwright build v1011 downloaded to /home/runner/.cache/ms-playwright/ffmpeg-1011
2026-01-18T23:34:20.9968146Z Downloading Chromium Headless Shell 143.0.7499.4 (playwright build v1200) from https://cdn.playwright.dev/dbazure/download/playwright/builds/chromium/1200/chromium-headless-shell-linux.zip
2026-01-18T23:34:21.0906936Z (node:2212) [DEP0169] DeprecationWarning: `url.parse()` behavior is not standardized and prone to errors that have security implications. Use the WHATWG URL API instead. CVEs are not issued for `url.parse()` vulnerabilities.
2026-01-18T23:34:21.0908917Z (Use `node --trace-deprecation ...` to show where the warning was created)
2026-01-18T23:34:21.2430020Z |                                                                                |   0% of 109.7 MiB
2026-01-18T23:34:21.3665115Z |■■■■■■■■                                                                        |  10% of 109.7 MiB
2026-01-18T23:34:21.4270241Z |■■■■■■■■■■■■■■■■                                                                |  20% of 109.7 MiB
2026-01-18T23:34:21.4817527Z |■■■■■■■■■■■■■■■■■■■■■■■■                                                        |  30% of 109.7 MiB
2026-01-18T23:34:21.5308664Z |■■■■■■■■■■■■■■■■■■■■■■■■■■■■■■■■                                                |  40% of 109.7 MiB
2026-01-18T23:34:21.5745944Z |■■■■■■■■■■■■■■■■■■■■■■■■■■■■■■■■■■■■■■■■                                        |  50% of 109.7 MiB
2026-01-18T23:34:21.6446406Z |■■■■■■■■■■■■■■■■■■■■■■■■■■■■■■■■■■■■■■■■■■■■■■■■                                |  60% of 109.7 MiB
2026-01-18T23:34:21.7162067Z |■■■■■■■■■■■■■■■■■■■■■■■■■■■■■■■■■■■■■■■■■■■■■■■■■■■■■■■■                        |  70% of 109.7 MiB
2026-01-18T23:34:21.8035910Z |■■■■■■■■■■■■■■■■■■■■■■■■■■■■■■■■■■■■■■■■■■■■■■■■■■■■■■■■■■■■■■■■                |  80% of 109.7 MiB
2026-01-18T23:34:21.8571817Z |■■■■■■■■■■■■■■■■■■■■■■■■■■■■■■■■■■■■■■■■■■■■■■■■■■■■■■■■■■■■■■■■■■■■■■■■        |  90% of 109.7 MiB
2026-01-18T23:34:21.9142530Z |■■■■■■■■■■■■■■■■■■■■■■■■■■■■■■■■■■■■■■■■■■■■■■■■■■■■■■■■■■■■■■■■■■■■■■■■■■■■■■■■| 100% of 109.7 MiB
2026-01-18T23:34:23.7455037Z Chromium Headless Shell 143.0.7499.4 (playwright build v1200) downloaded to /home/runner/.cache/ms-playwright/chromium_headless_shell-1200
2026-01-18T23:34:23.7831311Z ##[group]Run mkdir -p projects/ci_the_internet_forms
2026-01-18T23:34:23.7831975Z [36;1mmkdir -p projects/ci_the_internet_forms[0m
2026-01-18T23:34:23.7832368Z [36;1mcat > projects/ci_the_internet_forms/config.json << 'EOF'[0m
2026-01-18T23:34:23.7832687Z [36;1m{[0m
2026-01-18T23:34:23.7832902Z [36;1m  "project_name": "ci_the_internet_forms",[0m
2026-01-18T23:34:23.7833284Z [36;1m  "target_url": "https://the-internet.herokuapp.com/",[0m
2026-01-18T23:34:23.7833662Z [36;1m  "goal": "Test authentication and forms",[0m
2026-01-18T23:34:23.7833952Z [36;1m  "headless": true[0m
2026-01-18T23:34:23.7834151Z [36;1m}[0m
2026-01-18T23:34:23.7834310Z [36;1mEOF[0m
2026-01-18T23:34:23.7867382Z shell: /usr/bin/bash -e {0}
2026-01-18T23:34:23.7867615Z env:
2026-01-18T23:34:23.7867866Z   pythonLocation: /opt/hostedtoolcache/Python/3.11.14/x64
2026-01-18T23:34:23.7868293Z   PKG_CONFIG_PATH: /opt/hostedtoolcache/Python/3.11.14/x64/lib/pkgconfig
2026-01-18T23:34:23.7868758Z   Python_ROOT_DIR: /opt/hostedtoolcache/Python/3.11.14/x64
2026-01-18T23:34:23.7869139Z   Python2_ROOT_DIR: /opt/hostedtoolcache/Python/3.11.14/x64
2026-01-18T23:34:23.7869506Z   Python3_ROOT_DIR: /opt/hostedtoolcache/Python/3.11.14/x64
2026-01-18T23:34:23.7869882Z   LD_LIBRARY_PATH: /opt/hostedtoolcache/Python/3.11.14/x64/lib
2026-01-18T23:34:23.7870190Z ##[endgroup]
2026-01-18T23:34:23.8030162Z ##[group]Run # Use --deep for comprehensive regression suite
2026-01-18T23:34:23.8030611Z [36;1m# Use --deep for comprehensive regression suite[0m
2026-01-18T23:34:23.8031088Z [36;1mpython orchestrator.py --project projects/ci_the_internet_forms --deep --force[0m
2026-01-18T23:34:23.8060814Z shell: /usr/bin/bash -e {0}
2026-01-18T23:34:23.8061034Z env:
2026-01-18T23:34:23.8061273Z   pythonLocation: /opt/hostedtoolcache/Python/3.11.14/x64
2026-01-18T23:34:23.8061863Z   PKG_CONFIG_PATH: /opt/hostedtoolcache/Python/3.11.14/x64/lib/pkgconfig
2026-01-18T23:34:23.8062279Z   Python_ROOT_DIR: /opt/hostedtoolcache/Python/3.11.14/x64
2026-01-18T23:34:23.8062804Z   Python2_ROOT_DIR: /opt/hostedtoolcache/Python/3.11.14/x64
2026-01-18T23:34:23.8063165Z   Python3_ROOT_DIR: /opt/hostedtoolcache/Python/3.11.14/x64
2026-01-18T23:34:23.8063537Z   LD_LIBRARY_PATH: /opt/hostedtoolcache/Python/3.11.14/x64/lib
2026-01-18T23:34:23.8064006Z   GOOGLE_API_KEY: ***
2026-01-18T23:34:23.8064226Z   PYTHONPATH: .
2026-01-18T23:34:23.8064401Z ##[endgroup]
2026-01-18T23:34:25.5855087Z 🚀 [DEEP] Extensive mapping enabled (Depth: 3, Pages: 50)
2026-01-18T23:34:25.5855551Z 
2026-01-18T23:34:25.5856248Z 🗺️ [DISCOVERY] Starting Parallel Semantic Crawl on https://the-internet.herokuapp.com/ (Workers: 3)
2026-01-18T23:34:26.4507367Z   🔍 [Worker 0] Visiting (0): https://the-internet.herokuapp.com/
2026-01-18T23:34:28.1566851Z [DEBUG] Sending request to gemini-2.0-flash. Number of parts: 1
2026-01-18T23:34:28.1567520Z [DEBUG] Received response (Length: 307)
2026-01-18T23:34:28.1568508Z   🔍 [Worker 1] Visiting (1): https://the-internet.herokuapp.com/slow
2026-01-18T23:34:28.1586602Z   🔍 [Worker 2] Visiting (1): https://the-internet.herokuapp.com/windows
2026-01-18T23:34:28.1606149Z   🔍 [Worker 0] Visiting (1): https://the-internet.herokuapp.com/exit_intent
2026-01-18T23:34:32.9003869Z [DEBUG] Sending request to gemini-2.0-flash. Number of parts: 1
2026-01-18T23:34:32.9004653Z [DEBUG] Sending request to gemini-2.0-flash. Number of parts: 1
2026-01-18T23:34:32.9005333Z [DEBUG] Sending request to gemini-2.0-flash. Number of parts: 1
2026-01-18T23:34:32.9005914Z [DEBUG] Received response (Length: 150)
2026-01-18T23:34:32.9006917Z   🔍 [Worker 2] Visiting (1): https://the-internet.herokuapp.com/tables
2026-01-18T23:34:32.9989802Z [DEBUG] Received response (Length: 174)
2026-01-18T23:34:32.9991108Z   🔍 [Worker 0] Visiting (1): https://the-internet.herokuapp.com/redirector
2026-01-18T23:34:33.0210791Z [DEBUG] Received response (Length: 217)
2026-01-18T23:34:33.0251243Z   🔍 [Worker 1] Visiting (1): https://the-internet.herokuapp.com/add_remove_elements
2026-01-18T23:34:37.8873868Z [DEBUG] Sending request to gemini-2.0-flash. Number of parts: 1
2026-01-18T23:34:37.8874631Z [DEBUG] Sending request to gemini-2.0-flash. Number of parts: 1
2026-01-18T23:34:37.8875281Z [DEBUG] Sending request to gemini-2.0-flash. Number of parts: 1
2026-01-18T23:34:37.8875844Z [DEBUG] Received response (Length: 84)
2026-01-18T23:34:37.8876786Z   🔍 [Worker 1] Visiting (1): https://the-internet.herokuapp.com/abtest
2026-01-18T23:34:38.1559540Z [DEBUG] Received response (Length: 280)
2026-01-18T23:34:38.1561950Z   🔍 [Worker 0] Visiting (1): https://the-internet.herokuapp.com/disappearing_elements
2026-01-18T23:34:38.2206545Z [DEBUG] Received response (Length: 349)
2026-01-18T23:34:38.2208581Z   🔍 [Worker 2] Visiting (1): https://the-internet.herokuapp.com/upload
2026-01-18T23:34:42.9358673Z [DEBUG] Sending request to gemini-2.0-flash. Number of parts: 1
2026-01-18T23:34:42.9361205Z [DEBUG] Sending request to gemini-2.0-flash. Number of parts: 1
2026-01-18T23:34:42.9364204Z [DEBUG] Sending request to gemini-2.0-flash. Number of parts: 1
2026-01-18T23:34:42.9364905Z [DEBUG] Received response (Length: 180)
2026-01-18T23:34:42.9365925Z   🔍 [Worker 2] Visiting (1): https://the-internet.herokuapp.com/login
2026-01-18T23:34:42.9937584Z [DEBUG] Received response (Length: 264)
2026-01-18T23:34:42.9940364Z   🔍 [Worker 1] Visiting (1): https://the-internet.herokuapp.com/frames
2026-01-18T23:34:43.1737695Z [DEBUG] Received response (Length: 215)
2026-01-18T23:34:43.1740864Z   🔍 [Worker 0] Visiting (1): https://the-internet.herokuapp.com/shifting_content
2026-01-18T23:34:47.9551751Z [DEBUG] Sending request to gemini-2.0-flash. Number of parts: 1
2026-01-18T23:34:47.9557804Z [DEBUG] Sending request to gemini-2.0-flash. Number of parts: 1
2026-01-18T23:34:47.9558901Z [DEBUG] Sending request to gemini-2.0-flash. Number of parts: 1
2026-01-18T23:34:47.9559516Z [DEBUG] Received response (Length: 134)
2026-01-18T23:34:47.9560562Z   🔍 [Worker 1] Visiting (1): https://the-internet.herokuapp.com/javascript_error
2026-01-18T23:34:47.9832486Z [DEBUG] Received response (Length: 184)
2026-01-18T23:34:47.9834566Z   🔍 [Worker 2] Visiting (1): https://the-internet.herokuapp.com/floating_menu
2026-01-18T23:34:48.1334468Z [DEBUG] Sending request to gemini-2.0-flash. Number of parts: 1
2026-01-18T23:34:48.1336323Z [DEBUG] Received response (Length: 320)
2026-01-18T23:34:48.1337564Z   🔍 [Worker 0] Visiting (1): https://the-internet.herokuapp.com/download_secure
2026-01-18T23:34:48.7631727Z [DEBUG] Received response (Length: 157)
2026-01-18T23:34:48.7634825Z   🔍 [Worker 1] Visiting (1): https://the-internet.herokuapp.com/digest_auth
2026-01-18T23:34:53.7038220Z [DEBUG] Sending request to gemini-2.0-flash. Number of parts: 1
2026-01-18T23:34:53.7039063Z [DEBUG] Sending request to gemini-2.0-flash. Number of parts: 1
2026-01-18T23:34:53.7039757Z [DEBUG] Sending request to gemini-2.0-flash. Number of parts: 1
2026-01-18T23:34:53.7040325Z [DEBUG] Received response (Length: 141)
2026-01-18T23:34:53.7041358Z   🔍 [Worker 0] Visiting (1): https://the-internet.herokuapp.com/horizontal_slider
2026-01-18T23:34:53.7628757Z [DEBUG] Received response (Length: 143)
2026-01-18T23:34:53.7633214Z   🔍 [Worker 1] Visiting (1): https://the-internet.herokuapp.com/dynamic_content
2026-01-18T23:34:53.8597768Z [DEBUG] Received response (Length: 177)
2026-01-18T23:34:53.8598903Z   🔍 [Worker 2] Visiting (1): https://the-internet.herokuapp.com/drag_and_drop
2026-01-18T23:34:58.6961042Z [DEBUG] Sending request to gemini-2.0-flash. Number of parts: 1
2026-01-18T23:34:58.6962137Z [DEBUG] Sending request to gemini-2.0-flash. Number of parts: 1
2026-01-18T23:34:58.6967438Z [DEBUG] Sending request to gemini-2.0-flash. Number of parts: 1
2026-01-18T23:34:58.6968583Z [DEBUG] Received response (Length: 114)
2026-01-18T23:34:58.6969572Z   🔍 [Worker 2] Visiting (1): https://the-internet.herokuapp.com/dropdown
2026-01-18T23:34:58.8193313Z [DEBUG] Received response (Length: 157)
2026-01-18T23:34:58.8200959Z   🔍 [Worker 0] Visiting (1): https://the-internet.herokuapp.com/context_menu
2026-01-18T23:34:59.0301222Z [DEBUG] Received response (Length: 155)
2026-01-18T23:34:59.0302605Z   🔍 [Worker 1] Visiting (1): https://the-internet.herokuapp.com/shadowdom
2026-01-18T23:35:03.7150416Z [DEBUG] Sending request to gemini-2.0-flash. Number of parts: 1
2026-01-18T23:35:03.7151819Z [DEBUG] Sending request to gemini-2.0-flash. Number of parts: 1
2026-01-18T23:35:03.7152582Z [DEBUG] Sending request to gemini-2.0-flash. Number of parts: 1
2026-01-18T23:35:03.7153189Z [DEBUG] Received response (Length: 152)
2026-01-18T23:35:03.7153687Z [DEBUG] Received response (Length: 83)
2026-01-18T23:35:03.7154695Z   🔍 [Worker 2] Visiting (1): https://the-internet.herokuapp.com/hovers
2026-01-18T23:35:03.7173706Z   🔍 [Worker 1] Visiting (1): https://the-internet.herokuapp.com/jqueryui/menu
2026-01-18T23:35:03.8060779Z [DEBUG] Received response (Length: 177)
2026-01-18T23:35:03.8062086Z   🔍 [Worker 0] Visiting (1): https://the-internet.herokuapp.com/key_presses
2026-01-18T23:35:08.7116416Z [DEBUG] Sending request to gemini-2.0-flash. Number of parts: 1
2026-01-18T23:35:08.7117192Z [DEBUG] Sending request to gemini-2.0-flash. Number of parts: 1
2026-01-18T23:35:08.7117829Z [DEBUG] Sending request to gemini-2.0-flash. Number of parts: 1
2026-01-18T23:35:08.7118382Z [DEBUG] Received response (Length: 183)
2026-01-18T23:35:08.7119652Z   🔍 [Worker 2] Visiting (1): https://the-internet.herokuapp.com/dynamic_controls
2026-01-18T23:35:08.8285128Z [DEBUG] Received response (Length: 202)
2026-01-18T23:35:08.8286330Z   🔍 [Worker 0] Visiting (1): https://the-internet.herokuapp.com/challenging_dom
2026-01-18T23:35:08.9231712Z [DEBUG] Received response (Length: 292)
2026-01-18T23:35:08.9234029Z   🔍 [Worker 1] Visiting (1): https://the-internet.herokuapp.com/status_codes
2026-01-18T23:35:13.8350471Z [DEBUG] Sending request to gemini-2.0-flash. Number of parts: 1
2026-01-18T23:35:13.8352542Z [DEBUG] Sending request to gemini-2.0-flash. Number of parts: 1
2026-01-18T23:35:13.8357758Z [DEBUG] Sending request to gemini-2.0-flash. Number of parts: 1
2026-01-18T23:35:13.8358696Z [DEBUG] Received response (Length: 238)
2026-01-18T23:35:13.8359663Z   🔍 [Worker 2] Visiting (1): https://the-internet.herokuapp.com/broken_images
2026-01-18T23:35:13.8973495Z [DEBUG] Received response (Length: 249)
2026-01-18T23:35:13.8974676Z   🔍 [Worker 1] Visiting (1): https://the-internet.herokuapp.com/checkboxes
2026-01-18T23:35:13.9588003Z [DEBUG] Received response (Length: 293)
2026-01-18T23:35:13.9589166Z   🔍 [Worker 0] Visiting (1): https://the-internet.herokuapp.com/forgot_password
2026-01-18T23:35:18.7072017Z [DEBUG] Sending request to gemini-2.0-flash. Number of parts: 1
2026-01-18T23:35:18.7076046Z [DEBUG] Sending request to gemini-2.0-flash. Number of parts: 1
2026-01-18T23:35:18.7076770Z [DEBUG] Sending request to gemini-2.0-flash. Number of parts: 1
2026-01-18T23:35:18.7077369Z [DEBUG] Received response (Length: 95)
2026-01-18T23:35:18.7078385Z   🔍 [Worker 2] Visiting (1): https://the-internet.herokuapp.com/dynamic_loading
2026-01-18T23:35:18.8395342Z [DEBUG] Received response (Length: 200)
2026-01-18T23:35:18.8396607Z   🔍 [Worker 1] Visiting (1): https://the-internet.herokuapp.com/nested_frames
2026-01-18T23:35:18.8595941Z [DEBUG] Received response (Length: 252)
2026-01-18T23:35:18.8598206Z   🔍 [Worker 0] Visiting (1): https://the-internet.herokuapp.com/entry_ad
2026-01-18T23:35:18.9599537Z [CACHE HIT] 51265742... (hits: 1, misses: 33)
2026-01-18T23:35:18.9600700Z   🔍 [Worker 1] Visiting (1): https://the-internet.herokuapp.com/basic_auth
2026-01-18T23:35:19.0696744Z [CACHE HIT] 7e32be55... (hits: 2, misses: 34)
2026-01-18T23:35:19.0699145Z   🔍 [Worker 1] Visiting (1): https://the-internet.herokuapp.com/inputs
2026-01-18T23:35:23.7208804Z [DEBUG] Sending request to gemini-2.0-flash. Number of parts: 1
2026-01-18T23:35:23.7209587Z [DEBUG] Sending request to gemini-2.0-flash. Number of parts: 1
2026-01-18T23:35:23.7210298Z [DEBUG] Sending request to gemini-2.0-flash. Number of parts: 1
2026-01-18T23:35:23.7210894Z [DEBUG] Received response (Length: 84)
2026-01-18T23:35:23.7212015Z   🔍 [Worker 1] Visiting (1): https://the-internet.herokuapp.com/large
2026-01-18T23:35:23.8125471Z [DEBUG] Received response (Length: 158)
2026-01-18T23:35:23.8127923Z   🔍 [Worker 0] Visiting (1): https://the-internet.herokuapp.com/infinite_scroll
2026-01-18T23:35:23.8414662Z [DEBUG] Received response (Length: 201)
2026-01-18T23:35:23.8416836Z   🔍 [Worker 2] Visiting (1): https://the-internet.herokuapp.com/download
2026-01-18T23:35:28.8106270Z [DEBUG] Sending request to gemini-2.0-flash. Number of parts: 1
2026-01-18T23:35:28.8107283Z [DEBUG] Sending request to gemini-2.0-flash. Number of parts: 1
2026-01-18T23:35:28.8108004Z [DEBUG] Sending request to gemini-2.0-flash. Number of parts: 1
2026-01-18T23:35:28.8108605Z [DEBUG] Received response (Length: 210)
2026-01-18T23:35:28.8109645Z   🔍 [Worker 2] Visiting (1): https://the-internet.herokuapp.com/javascript_alerts
2026-01-18T23:35:28.8410060Z [DEBUG] Received response (Length: 183)
2026-01-18T23:35:28.8412443Z   🔍 [Worker 0] Visiting (1): https://the-internet.herokuapp.com/tinymce
2026-01-18T23:35:28.9080079Z [DEBUG] Received response (Length: 282)
2026-01-18T23:35:28.9103186Z   🔍 [Worker 1] Visiting (1): https://the-internet.herokuapp.com/typos
2026-01-18T23:35:33.7711145Z [DEBUG] Sending request to gemini-2.0-flash. Number of parts: 1
2026-01-18T23:35:33.7720524Z [DEBUG] Sending request to gemini-2.0-flash. Number of parts: 1
2026-01-18T23:35:33.7721457Z [DEBUG] Sending request to gemini-2.0-flash. Number of parts: 1
2026-01-18T23:35:33.7722432Z [DEBUG] Received response (Length: 146)
2026-01-18T23:35:33.7725734Z   🔍 [Worker 0] Visiting (1): https://the-internet.herokuapp.com/geolocation
2026-01-18T23:35:33.7986292Z [DEBUG] Received response (Length: 170)
2026-01-18T23:35:33.7987625Z   🔍 [Worker 1] Visiting (1): https://the-internet.herokuapp.com/notification_message
2026-01-18T23:35:33.8844824Z [DEBUG] Received response (Length: 305)
2026-01-18T23:35:33.8846263Z   🔍 [Worker 2] Visiting (2): https://the-internet.herokuapp.com/windows/new
2026-01-18T23:35:38.6680083Z [DEBUG] Sending request to gemini-2.0-flash. Number of parts: 1
2026-01-18T23:35:38.6682786Z [DEBUG] Sending request to gemini-2.0-flash. Number of parts: 1
2026-01-18T23:35:38.6683788Z [DEBUG] Sending request to gemini-2.0-flash. Number of parts: 1
2026-01-18T23:35:38.6684540Z [DEBUG] Received response (Length: 111)
2026-01-18T23:35:38.6685605Z   🔍 [Worker 1] Visiting (2): https://the-internet.herokuapp.com/redirect
2026-01-18T23:35:38.6973009Z [DEBUG] Received response (Length: 38)
2026-01-18T23:35:38.6974414Z   🔍 [Worker 2] Visiting (2): https://the-internet.herokuapp.com
2026-01-18T23:35:38.7264134Z [DEBUG] Received response (Length: 138)
2026-01-18T23:35:38.7267192Z   🔍 [Worker 0] Visiting (2): https://the-internet.herokuapp.com/about
2026-01-18T23:35:38.8434604Z [CACHE HIT] 6f347a5c... (hits: 3, misses: 44)
2026-01-18T23:35:38.8435980Z   🔍 [Worker 0] Visiting (2): https://the-internet.herokuapp.com/contact-us
2026-01-18T23:35:38.8940106Z [CACHE HIT] 7bb41c57... (hits: 4, misses: 44)
2026-01-18T23:35:38.8941374Z   🔍 [Worker 2] Visiting (2): https://the-internet.herokuapp.com/portfolio
2026-01-18T23:35:38.9381392Z [CACHE HIT] 4d56377e... (hits: 5, misses: 44)
2026-01-18T23:35:38.9382680Z   🔍 [Worker 1] Visiting (2): https://the-internet.herokuapp.com/gallery
2026-01-18T23:35:39.0690603Z [CACHE HIT] 6f347a5c... (hits: 6, misses: 44)
2026-01-18T23:35:39.0691262Z [CACHE HIT] 6f347a5c... (hits: 7, misses: 44)
2026-01-18T23:35:39.0692471Z [CACHE HIT] 6f347a5c... (hits: 8, misses: 44)
2026-01-18T23:35:39.0693109Z ✅ Discovery Complete. Mapped 50 pages.
2026-01-18T23:35:52.0857207Z 
2026-01-18T23:35:52.0857834Z [PLAN] PLANNER: Planning goal -> 'Test authentication and forms' (Deep Mode: True)
2026-01-18T23:35:52.0858658Z 🗺️ [PLAN] Loaded Sitemap with 50 pages.
2026-01-18T23:35:52.0859783Z 🎭 [EXPERT] Detected Domain: GENERAL. Persona: Act as Senior SDET focusing on exploring the application to understand functional flow and identifying critical paths for end-to-end automation
2026-01-18T23:35:52.0860872Z [DEBUG] Sending request to gemini-2.0-flash. Number of parts: 1
2026-01-18T23:35:52.0861296Z [DEBUG] Received response (Length: 4889)
2026-01-18T23:35:52.0862029Z ✅ Planner generated 4 scenarios. Workflow updated.
2026-01-18T23:35:53.0802990Z 
2026-01-18T23:35:53.0803946Z 🕵️ [DEEP EXPLORER] Starting Multi-Scenario Exploration
2026-01-18T23:35:53.0804417Z 📋 Found 4 scenarios to explore.
2026-01-18T23:35:53.4347384Z 
2026-01-18T23:35:53.4348202Z [1/4] Exploring Scenario: Authentication - Successful Login
2026-01-18T23:35:53.4349425Z     🧠 Initialized exploration context for goal: 'Test authentication and forms'
2026-01-18T23:35:53.4350252Z   ▶️ [STEP step_1] NAVIGATE: 
2026-01-18T23:35:54.7056295Z     ✅ Navigated to https://the-internet.herokuapp.com/
2026-01-18T23:35:54.7057239Z   ▶️ [STEP step_2] ASSERT_VISIBLE: The Internet
2026-01-18T23:35:54.7228449Z     🔍 Mining locators for: 'The Internet'
2026-01-18T23:35:54.8065881Z     🧠 Consulting AI (Vision-First) to find 'The Internet'...
2026-01-18T23:35:54.8067609Z     🧠 [EXPERT] Strategy: Act as Senior SDET focusing on exploring the application to understand functional flow and identifying critical paths for end-to-end automation.
2026-01-18T23:35:56.5427479Z [DEBUG] Sending request to gemini-2.0-flash. Number of parts: 2
2026-01-18T23:35:56.5428395Z [DEBUG] Received response (Length: 305)
2026-01-18T23:35:56.5429007Z     🔄 Retry 1/3 mining locators for 'The Internet'...
2026-01-18T23:35:57.5886254Z     🧠 Consulting AI (Vision-First) to find 'The Internet'...
2026-01-18T23:35:57.5887506Z     🧠 [EXPERT] Strategy: Act as Senior SDET focusing on exploring the application to understand functional flow and identifying critical paths for end-to-end automation.
2026-01-18T23:35:57.5891246Z [CACHE HIT] ffce21ed... (hits: 1, misses: 1)
2026-01-18T23:35:57.5891951Z     🔄 Retry 2/3 mining locators for 'The Internet'...
2026-01-18T23:35:58.5902745Z     🗑️ Invalidating stale AI cache (retry 2)...
2026-01-18T23:35:58.5904191Z     ⚠️ Cache invalidation warning: No module named 'core.agents.domain_expert'
2026-01-18T23:35:58.6254575Z     🧠 Consulting AI (Vision-First) to find 'The Internet'...
2026-01-18T23:35:58.6255779Z     🧠 [EXPERT] Strategy: Act as Senior SDET focusing on exploring the application to understand functional flow and identifying critical paths for end-to-end automation.
2026-01-18T23:35:58.6259193Z [CACHE HIT] ffce21ed... (hits: 2, misses: 1)
2026-01-18T23:35:58.6259951Z     🧠 Verifying step validity for 'The Internet' after mining failure...
2026-01-18T23:36:00.9855179Z [DEBUG] Sending request to gemini-2.0-flash. Number of parts: 2
2026-01-18T23:36:00.9855637Z [DEBUG] Received response (Length: 152)
2026-01-18T23:36:00.9856190Z     🛠️ Self-Correction: Step is valid. Using new locator: h1
2026-01-18T23:36:04.0258458Z     ✅ State transitioned.
2026-01-18T23:36:06.4118782Z [DEBUG] Sending request to gemini-2.0-flash. Number of parts: 2
2026-01-18T23:36:06.4119525Z [DEBUG] Received response (Length: 243)
2026-01-18T23:36:06.4120490Z     🤖 AI Next Step Suggestion: click -> Form Authentication
2026-01-18T23:36:06.4121165Z     🧩 Suggested Locator: a[href='/login']
2026-01-18T23:36:06.4122905Z     💭 Reasoning: The goal is to test authentication and forms. 'Form Authentication' is a direct link to a login form, which is the next logical step.
2026-01-18T23:36:06.4124433Z     ➕ Injected AI step: click -> Form Authentication
2026-01-18T23:36:06.4125199Z   ▶️ [STEP step_2_ai_1] CLICK: Form Authentication
2026-01-18T23:36:06.4183666Z     🎯 Using AI-provided locator: a[href='/login']
2026-01-18T23:36:06.4255700Z     ✅ Found 1 verified locators
2026-01-18T23:36:10.4803295Z     ✅ State transitioned.
2026-01-18T23:36:11.9857096Z [DEBUG] Sending request to gemini-2.0-flash. Number of parts: 2
2026-01-18T23:36:11.9857751Z [DEBUG] Received response (Length: 220)
2026-01-18T23:36:11.9858526Z     🤖 AI Next Step Suggestion: fill -> Username
2026-01-18T23:36:11.9859086Z     🧩 Suggested Locator: #username
2026-01-18T23:36:11.9859833Z     💭 Reasoning: The page requires username and password. Filling the username field with the provided username 'tomsmith'.
2026-01-18T23:36:11.9860464Z     ➕ Injected AI step: fill -> Username
2026-01-18T23:36:11.9860778Z   ▶️ [STEP step_2_ai_2] FILL: Username
2026-01-18T23:36:12.0000247Z     🎯 Using AI-provided locator: #username
2026-01-18T23:36:12.0058028Z     ✅ Found 1 verified locators
2026-01-18T23:36:17.8876921Z     ✅ State transitioned.
2026-01-18T23:36:19.6140463Z [DEBUG] Sending request to gemini-2.0-flash. Number of parts: 2
2026-01-18T23:36:19.6141208Z [DEBUG] Received response (Length: 214)
2026-01-18T23:36:19.6142236Z     🤖 AI Next Step Suggestion: fill -> Password
2026-01-18T23:36:19.6142867Z     🧩 Suggested Locator: #password
2026-01-18T23:36:19.6143862Z     💭 Reasoning: The username field has been filled. Now filling the password field to complete the form.
2026-01-18T23:36:19.6144810Z     ➕ Injected AI step: fill -> Password
2026-01-18T23:36:19.6145341Z   ▶️ [STEP step_2_ai_3] FILL: Password
2026-01-18T23:36:19.6196066Z     🎯 Using AI-provided locator: #password
2026-01-18T23:36:19.6255323Z     ✅ Found 1 verified locators
2026-01-18T23:36:26.8723025Z     ✅ State transitioned.
2026-01-18T23:36:28.2875001Z [DEBUG] Sending request to gemini-2.0-flash. Number of parts: 2
2026-01-18T23:36:28.2875889Z [DEBUG] Received response (Length: 206)
2026-01-18T23:36:28.2876588Z     🤖 AI Next Step Suggestion: click -> Login
2026-01-18T23:36:28.2876923Z     🧩 Suggested Locator: button
2026-01-18T23:36:28.2877611Z     💭 Reasoning: The username and password fields have been filled. Clicking the Login button is the next step to attempt authentication.
2026-01-18T23:36:28.2878241Z     ➕ Injected AI step: click -> Login
2026-01-18T23:36:28.2878548Z   ▶️ [STEP step_2_ai_4] CLICK: Login
2026-01-18T23:36:28.2930433Z     🎯 Using AI-provided locator: button
2026-01-18T23:36:28.2987315Z     ✅ Found 1 verified locators
2026-01-18T23:36:32.3415609Z     ✅ State transitioned.
2026-01-18T23:36:33.8227999Z [DEBUG] Sending request to gemini-2.0-flash. Number of parts: 2
2026-01-18T23:36:33.8229036Z [DEBUG] Received response (Length: 222)
2026-01-18T23:36:33.8229673Z     🤖 AI Next Step Suggestion: click -> Logout
2026-01-18T23:36:33.8230047Z     🧩 Suggested Locator: a[href="/logout"]
2026-01-18T23:36:33.8230846Z     💭 Reasoning: The goal is to test authentication and forms. After logging in, the next logical step is to log out to complete the cycle.
2026-01-18T23:36:33.8231817Z     ➕ Injected AI step: click -> Logout
2026-01-18T23:36:33.8232174Z   ▶️ [STEP step_2_ai_5] CLICK: Logout
2026-01-18T23:36:33.8371084Z     🎯 Using AI-provided locator: a[href="/logout"]
2026-01-18T23:36:33.8427158Z     ✅ Found 1 verified locators
2026-01-18T23:36:37.8922103Z     ✅ State transitioned.
2026-01-18T23:36:39.6291933Z [DEBUG] Sending request to gemini-2.0-flash. Number of parts: 2
2026-01-18T23:36:39.6292605Z [DEBUG] Received response (Length: 167)
2026-01-18T23:36:39.6293380Z     🤖 AI Next Step Suggestion: fill -> Username
2026-01-18T23:36:39.6294009Z     🧩 Suggested Locator: #username
2026-01-18T23:36:39.6294689Z     💭 Reasoning: The page instructs to use 'tomsmith' as the username.
2026-01-18T23:36:39.6295375Z     ➕ Injected AI step: fill -> Username
2026-01-18T23:36:39.6295904Z   ▶️ [STEP step_2_ai_6] FILL: Username
2026-01-18T23:36:39.6433485Z     🎯 Using AI-provided locator: #username
2026-01-18T23:36:39.6491364Z     ✅ Found 1 verified locators
2026-01-18T23:36:45.5220642Z     ✅ State transitioned.
2026-01-18T23:36:47.2725023Z [DEBUG] Sending request to gemini-2.0-flash. Number of parts: 2
2026-01-18T23:36:47.2725741Z [DEBUG] Received response (Length: 198)
2026-01-18T23:36:47.2726574Z     🤖 AI Next Step Suggestion: fill -> Password
2026-01-18T23:36:47.2727191Z     🧩 Suggested Locator: #password
2026-01-18T23:36:47.2728079Z     💭 Reasoning: The username has been filled, now filling the password to attempt login.
2026-01-18T23:36:47.2728940Z     ➕ Injected AI step: fill -> Password
2026-01-18T23:36:47.2729476Z   ▶️ [STEP step_2_ai_7] FILL: Password
2026-01-18T23:36:47.2779265Z     🎯 Using AI-provided locator: #password
2026-01-18T23:36:47.2853025Z     ✅ Found 1 verified locators
2026-01-18T23:36:54.6849797Z     ✅ State transitioned.
2026-01-18T23:36:56.3984977Z [DEBUG] Sending request to gemini-2.0-flash. Number of parts: 2
2026-01-18T23:36:56.3985732Z [DEBUG] Received response (Length: 214)
2026-01-18T23:36:56.3986565Z     🤖 AI Next Step Suggestion: click -> Login
2026-01-18T23:36:56.3987149Z     🧩 Suggested Locator: button
2026-01-18T23:36:56.3988470Z     💭 Reasoning: The username and password fields have been filled. Clicking the Login button is the next logical step to attempt authentication.
2026-01-18T23:36:56.3989694Z     ➕ Injected AI step: click -> Login
2026-01-18T23:36:56.3990213Z   ▶️ [STEP step_2_ai_8] CLICK: Login
2026-01-18T23:36:56.4041403Z     🎯 Using AI-provided locator: button
2026-01-18T23:36:56.4098236Z     ✅ Found 1 verified locators
2026-01-18T23:37:00.4549498Z     ✅ State transitioned.
2026-01-18T23:37:00.4606693Z     🔄 Revisited state detected (count: 1)
2026-01-18T23:37:01.9411280Z [DEBUG] Sending request to gemini-2.0-flash. Number of parts: 2
2026-01-18T23:37:01.9412383Z [DEBUG] Received response (Length: 223)
2026-01-18T23:37:01.9413399Z     🤖 AI Next Step Suggestion: click -> Logout
2026-01-18T23:37:01.9414517Z     🧩 Suggested Locator: a[href="/logout"]
2026-01-18T23:37:01.9416182Z     💭 Reasoning: The goal is to test authentication and forms. We have successfully logged in. Now, we should test the logout functionality.
2026-01-18T23:37:01.9417684Z     ➕ Injected AI step: click -> Logout
2026-01-18T23:37:01.9418356Z   ▶️ [STEP step_2_ai_9] CLICK: Logout
2026-01-18T23:37:01.9563424Z     🎯 Using AI-provided locator: a[href="/logout"]
2026-01-18T23:37:01.9618701Z     ✅ Found 1 verified locators
2026-01-18T23:37:06.0079919Z     ✅ State transitioned.
2026-01-18T23:37:06.0137086Z     🔄 Revisited state detected (count: 2)
2026-01-18T23:37:07.3481834Z [DEBUG] Sending request to gemini-2.0-flash. Number of parts: 2
2026-01-18T23:37:07.3482919Z [DEBUG] Received response (Length: 188)
2026-01-18T23:37:07.3483648Z     🤖 AI Next Step Suggestion: click -> Login
2026-01-18T23:37:07.3484183Z     🧩 Suggested Locator: button
2026-01-18T23:37:07.3485163Z     💭 Reasoning: The form is complete, so clicking the login button is the next logical step to attempt authentication.
2026-01-18T23:37:07.3486145Z     ➕ Injected AI step: click -> Login
2026-01-18T23:37:07.3486477Z   ▶️ [STEP step_2_ai_10] CLICK: Login
2026-01-18T23:37:07.3537120Z     🎯 Using AI-provided locator: button
2026-01-18T23:37:07.3586379Z     ✅ Found 1 verified locators
2026-01-18T23:37:11.4076758Z     ✅ State transitioned.
2026-01-18T23:37:12.9302443Z [DEBUG] Sending request to gemini-2.0-flash. Number of parts: 2
2026-01-18T23:37:12.9303153Z [DEBUG] Received response (Length: 179)
2026-01-18T23:37:12.9304002Z     🤖 AI Next Step Suggestion: fill -> Username
2026-01-18T23:37:12.9304625Z     🧩 Suggested Locator: #username
2026-01-18T23:37:12.9305506Z     💭 Reasoning: The page description indicates the username should be 'tomsmith'.
2026-01-18T23:37:12.9306382Z     ➕ Injected AI step: fill -> Username
2026-01-18T23:37:12.9306938Z   ▶️ [STEP step_2_ai_11] FILL: Username
2026-01-18T23:37:12.9447786Z     🎯 Using AI-provided locator: #username
2026-01-18T23:37:12.9505977Z     ✅ Found 1 verified locators
2026-01-18T23:37:19.1823255Z     ✅ State transitioned.
2026-01-18T23:37:20.7073357Z [DEBUG] Sending request to gemini-2.0-flash. Number of parts: 2
2026-01-18T23:37:20.7074078Z [DEBUG] Received response (Length: 198)
2026-01-18T23:37:20.7074938Z     🤖 AI Next Step Suggestion: fill -> Password
2026-01-18T23:37:20.7075589Z     🧩 Suggested Locator: #password
2026-01-18T23:37:20.7076581Z     💭 Reasoning: The username has been filled, now filling the password to attempt login.
2026-01-18T23:37:20.7077575Z     ➕ Injected AI step: fill -> Password
2026-01-18T23:37:20.7078203Z   ▶️ [STEP step_2_ai_12] FILL: Password
2026-01-18T23:37:20.7127433Z     🎯 Using AI-provided locator: #password
2026-01-18T23:37:20.7183685Z     ✅ Found 1 verified locators
2026-01-18T23:37:27.9618671Z     ✅ State transitioned.
2026-01-18T23:37:29.5999316Z [DEBUG] Sending request to gemini-2.0-flash. Number of parts: 2
2026-01-18T23:37:29.5999842Z [DEBUG] Received response (Length: 214)
2026-01-18T23:37:29.6000604Z     🤖 AI Next Step Suggestion: click -> Login
2026-01-18T23:37:29.6000954Z     🧩 Suggested Locator: button
2026-01-18T23:37:29.6001842Z     💭 Reasoning: The username and password fields have been filled. Clicking the login button is the next logical step to attempt authentication.
2026-01-18T23:37:29.6002525Z     ➕ Injected AI step: click -> Login
2026-01-18T23:37:29.6002842Z   ▶️ [STEP step_2_ai_13] CLICK: Login
2026-01-18T23:37:29.6054050Z     🎯 Using AI-provided locator: button
2026-01-18T23:37:29.6105116Z     ✅ Found 1 verified locators
2026-01-18T23:37:33.6542546Z     ✅ State transitioned.
2026-01-18T23:37:33.6599567Z     🔄 Revisited state detected (count: 1)
2026-01-18T23:37:35.0121401Z [DEBUG] Sending request to gemini-2.0-flash. Number of parts: 2
2026-01-18T23:37:35.0122351Z [DEBUG] Received response (Length: 209)
2026-01-18T23:37:35.0123152Z     🤖 AI Next Step Suggestion: click -> Logout
2026-01-18T23:37:35.0124817Z     💭 Reasoning: The goal is to test authentication and forms. We have successfully logged in. Now we should test logging out.
2026-01-18T23:37:35.0126071Z     ➕ Injected AI step: click -> Logout
2026-01-18T23:37:35.0126692Z   ▶️ [STEP step_2_ai_14] CLICK: Logout
2026-01-18T23:37:35.0263620Z     🔍 Mining locators for: 'Logout'
2026-01-18T23:37:35.0849074Z     ✅ Found 3 verified locators
2026-01-18T23:37:38.6579942Z     ✅ State transitioned.
2026-01-18T23:37:38.6640308Z     🔄 Revisited state detected (count: 2)
2026-01-18T23:37:39.9845232Z [DEBUG] Sending request to gemini-2.0-flash. Number of parts: 2
2026-01-18T23:37:39.9845893Z [DEBUG] Received response (Length: 176)
2026-01-18T23:37:39.9846685Z     🤖 AI Next Step Suggestion: click -> Login
2026-01-18T23:37:39.9847559Z     🧩 Suggested Locator: button
2026-01-18T23:37:39.9848497Z     💭 Reasoning: The form is complete, and the login button is visible. Clicking it will attempt to log in.
2026-01-18T23:37:39.9849444Z     ➕ Injected AI step: click -> Login
2026-01-18T23:37:39.9849844Z   ▶️ [STEP step_2_ai_15] CLICK: Login
2026-01-18T23:37:39.9899740Z     🎯 Using AI-provided locator: button
2026-01-18T23:37:39.9953531Z     ✅ Found 1 verified locators
2026-01-18T23:37:44.0554663Z     ✅ State transitioned.
2026-01-18T23:37:44.0613809Z     🔄 Revisited state detected (count: 3)
2026-01-18T23:37:44.0614622Z     ⚠️ Too many revisits (3). Stopping AI step injection to prevent loops.
2026-01-18T23:37:44.0615350Z   ▶️ [STEP step_3] CLICK: Form Authentication
2026-01-18T23:37:44.0761964Z     🔍 Mining locators for: 'Form Authentication'
2026-01-18T23:37:44.1182041Z     🧠 Consulting AI (Vision-First) to find 'Form Authentication'...
2026-01-18T23:37:44.1183762Z     🧠 [EXPERT] Strategy: Act as Senior SDET focusing on exploring the application to understand functional flow and identifying critical paths for end-to-end automation.
2026-01-18T23:37:46.4289688Z [DEBUG] Sending request to gemini-2.0-flash. Number of parts: 2
2026-01-18T23:37:46.4290344Z [DEBUG] Received response (Length: 730)
2026-01-18T23:37:46.4290926Z     🔄 Retry 1/3 mining locators for 'Form Authentication'...
2026-01-18T23:37:47.4681304Z     🧠 Consulting AI (Vision-First) to find 'Form Authentication'...
2026-01-18T23:37:47.4682728Z     🧠 [EXPERT] Strategy: Act as Senior SDET focusing on exploring the application to understand functional flow and identifying critical paths for end-to-end automation.
2026-01-18T23:37:47.4686218Z [CACHE HIT] 6b920e30... (hits: 3, misses: 18)
2026-01-18T23:37:47.4686883Z     🔄 Retry 2/3 mining locators for 'Form Authentication'...
2026-01-18T23:37:48.4698836Z     🗑️ Invalidating stale AI cache (retry 2)...
2026-01-18T23:37:48.4700199Z     ⚠️ Cache invalidation warning: No module named 'core.agents.domain_expert'
2026-01-18T23:37:48.5000886Z     🧠 Consulting AI (Vision-First) to find 'Form Authentication'...
2026-01-18T23:37:48.5002781Z     🧠 [EXPERT] Strategy: Act as Senior SDET focusing on exploring the application to understand functional flow and identifying critical paths for end-to-end automation.
2026-01-18T23:37:48.5007027Z [CACHE HIT] 6b920e30... (hits: 4, misses: 18)
2026-01-18T23:37:48.5007819Z     🧠 Verifying step validity for 'Form Authentication' after mining failure...
2026-01-18T23:37:50.6269015Z [DEBUG] Sending request to gemini-2.0-flash. Number of parts: 2
2026-01-18T23:37:50.6269653Z [DEBUG] Received response (Length: 218)
2026-01-18T23:37:50.6271486Z     🗑️ Step deemed INVALID: The target element 'Form Authentication' does not exist on the current page. The page is the login page itself, which contains username and password fields.. Removing from workflow.
2026-01-18T23:37:50.6273105Z     ⏭️ Skipping execution of invalid step: Form Authentication
2026-01-18T23:37:50.6273527Z   ▶️ [STEP step_4] ASSERT_URL: 
2026-01-18T23:37:55.6415959Z     ⚠️ Scroll into view failed for text=None. Proceeding anyway.
2026-01-18T23:37:57.6437970Z     ✅ State transitioned.
2026-01-18T23:37:59.0871052Z [DEBUG] Sending request to gemini-2.0-flash. Number of parts: 2
2026-01-18T23:37:59.0871895Z [DEBUG] Received response (Length: 179)
2026-01-18T23:37:59.0872986Z     🤖 AI Next Step Suggestion: fill -> Username
2026-01-18T23:37:59.0873577Z     🧩 Suggested Locator: #username
2026-01-18T23:37:59.0874362Z     💭 Reasoning: The page description indicates the username should be 'tomsmith'.
2026-01-18T23:37:59.0875146Z     ➕ Injected AI step: fill -> Username
2026-01-18T23:37:59.0875672Z   ▶️ [STEP step_4_ai_1] FILL: Username
2026-01-18T23:37:59.0922742Z     🎯 Using AI-provided locator: #username
2026-01-18T23:37:59.0975919Z     ✅ Found 1 verified locators
2026-01-18T23:38:04.9798363Z     ✅ State transitioned.
2026-01-18T23:38:04.9838643Z     🔄 Revisited state detected (count: 1)
2026-01-18T23:38:06.3282774Z [DEBUG] Sending request to gemini-2.0-flash. Number of parts: 2
2026-01-18T23:38:06.3283447Z [DEBUG] Received response (Length: 204)
2026-01-18T23:38:06.3284223Z     🤖 AI Next Step Suggestion: fill -> Password
2026-01-18T23:38:06.3284818Z     🧩 Suggested Locator: #password
2026-01-18T23:38:06.3285490Z     💭 Reasoning: The username has been filled, now filling the password field to attempt login.
2026-01-18T23:38:06.3285987Z     ➕ Injected AI step: fill -> Password
2026-01-18T23:38:06.3286288Z   ▶️ [STEP step_4_ai_2] FILL: Password
2026-01-18T23:38:06.3333124Z     🎯 Using AI-provided locator: #password
2026-01-18T23:38:06.3385944Z     ✅ Found 1 verified locators
2026-01-18T23:38:13.7846366Z     ✅ State transitioned.
2026-01-18T23:38:13.7890101Z     🔄 Revisited state detected (count: 2)
2026-01-18T23:38:15.4165776Z [DEBUG] Sending request to gemini-2.0-flash. Number of parts: 2
2026-01-18T23:38:15.4166436Z [DEBUG] Received response (Length: 188)
2026-01-18T23:38:15.4167231Z     🤖 AI Next Step Suggestion: click -> Login
2026-01-18T23:38:15.4167812Z     🧩 Suggested Locator: button
2026-01-18T23:38:15.4168579Z     💭 Reasoning: The form is complete, so clicking the login button is the next logical step to attempt authentication.
2026-01-18T23:38:15.4169155Z     ➕ Injected AI step: click -> Login
2026-01-18T23:38:15.4169453Z   ▶️ [STEP step_4_ai_3] CLICK: Login
2026-01-18T23:38:15.4222091Z     🎯 Using AI-provided locator: button
2026-01-18T23:38:15.4274546Z     ✅ Found 1 verified locators
2026-01-18T23:38:19.4691362Z     ✅ State transitioned.
2026-01-18T23:38:19.4748937Z     🔄 Revisited state detected (count: 3)
2026-01-18T23:38:19.4749824Z     ⚠️ Too many revisits (3). Stopping AI step injection to prevent loops.
2026-01-18T23:38:19.4750590Z   ▶️ [STEP step_5] FILL: username
2026-01-18T23:38:19.4896911Z     🔍 Mining locators for: 'username'
2026-01-18T23:38:19.5149946Z     🧠 Consulting AI (Vision-First) to find 'username'...
2026-01-18T23:38:19.5151831Z     🧠 [EXPERT] Strategy: Act as Senior SDET focusing on exploring the application to understand functional flow and identifying critical paths for end-to-end automation.
2026-01-18T23:38:20.8475491Z [DEBUG] Sending request to gemini-2.0-flash. Number of parts: 2
2026-01-18T23:38:20.8476059Z [DEBUG] Received response (Length: 223)
2026-01-18T23:38:20.8476790Z     💡 Expert Suggestion: The username field is likely on the login page, which can be accessed by logging out.
2026-01-18T23:38:20.8477421Z     🛠️ Executing corrective action: click -> 'Logout'
2026-01-18T23:38:21.3920745Z     ✅ Executed corrective navigation
2026-01-18T23:38:23.3942845Z     🔄 Retry 1/3 mining locators for 'username'...
2026-01-18T23:38:24.4220339Z     🧠 Consulting AI (Vision-First) to find 'username'...
2026-01-18T23:38:24.4221967Z     🧠 [EXPERT] Strategy: Act as Senior SDET focusing on exploring the application to understand functional flow and identifying critical paths for end-to-end automation.
2026-01-18T23:38:24.4225487Z [CACHE HIT] b0c2704e... (hits: 5, misses: 23)
2026-01-18T23:38:24.4226059Z     ⚠️ Skipping duplicate injection: Logout
2026-01-18T23:38:24.4227818Z     🔄 Retry 2/3 mining locators for 'username'...
2026-01-18T23:38:25.4238767Z     🗑️ Invalidating stale AI cache (retry 2)...
2026-01-18T23:38:25.4240067Z     ⚠️ Cache invalidation warning: No module named 'core.agents.domain_expert'
2026-01-18T23:38:25.4490320Z     🧠 Consulting AI (Vision-First) to find 'username'...
2026-01-18T23:38:25.4491860Z     🧠 [EXPERT] Strategy: Act as Senior SDET focusing on exploring the application to understand functional flow and identifying critical paths for end-to-end automation.
2026-01-18T23:38:25.4495041Z [CACHE HIT] b0c2704e... (hits: 6, misses: 23)
2026-01-18T23:38:25.4495742Z     ⚠️ Skipping duplicate injection: Logout
2026-01-18T23:38:25.4496267Z     🧠 Verifying step validity for 'username' after no candidates found...
2026-01-18T23:38:26.9280185Z [DEBUG] Sending request to gemini-2.0-flash. Number of parts: 2
2026-01-18T23:38:26.9281041Z [DEBUG] Received response (Length: 239)
2026-01-18T23:38:26.9283722Z     🗑️ Step deemed INVALID: The page displays a secure area with a logout button. There is no username field visible on this page. Therefore, attempting to locate and interact with 'username' is not valid.. Removing from workflow.
2026-01-18T23:38:26.9285600Z     ⏭️ Skipping execution of invalid step: username
2026-01-18T23:38:26.9286225Z   ▶️ [STEP step_6] FILL: password
2026-01-18T23:38:26.9335084Z     🔍 Mining locators for: 'password'
2026-01-18T23:38:26.9648153Z     🧠 Consulting AI (Vision-First) to find 'password'...
2026-01-18T23:38:26.9651381Z     🧠 [EXPERT] Strategy: Act as Senior SDET focusing on exploring the application to understand functional flow and identifying critical paths for end-to-end automation.
2026-01-18T23:38:32.0249693Z [DEBUG] Sending request to gemini-2.0-flash. Number of parts: 2
2026-01-18T23:38:32.0250098Z [DEBUG] Received response (Length: 404)
2026-01-18T23:38:32.0251706Z     💡 Expert Suggestion: The current page is the 'Secure Area', which is displayed after successful login. To find password-related forms, we need to navigate back to the login or registration page. Clicking 'Logout' will likely lead back to the login page where password fields are present.
2026-01-18T23:38:32.0252997Z     🛠️ Executing corrective action: click -> 'Logout'
2026-01-18T23:38:32.5631702Z     ✅ Executed corrective navigation
2026-01-18T23:38:34.5653736Z     🔄 Retry 1/3 mining locators for 'password'...
2026-01-18T23:38:35.5970588Z     🧠 Consulting AI (Vision-First) to find 'password'...
2026-01-18T23:38:35.5972078Z     🧠 [EXPERT] Strategy: Act as Senior SDET focusing on exploring the application to understand functional flow and identifying critical paths for end-to-end automation.
2026-01-18T23:38:35.5975923Z [CACHE HIT] ded03f19... (hits: 7, misses: 25)
2026-01-18T23:38:35.5976566Z     ⚠️ Skipping duplicate injection: Logout
2026-01-18T23:38:35.5977260Z     🔄 Retry 2/3 mining locators for 'password'...
2026-01-18T23:38:36.5989265Z     🗑️ Invalidating stale AI cache (retry 2)...
2026-01-18T23:38:36.5990588Z     ⚠️ Cache invalidation warning: No module named 'core.agents.domain_expert'
2026-01-18T23:38:36.6234908Z     🧠 Consulting AI (Vision-First) to find 'password'...
2026-01-18T23:38:36.6236233Z     🧠 [EXPERT] Strategy: Act as Senior SDET focusing on exploring the application to understand functional flow and identifying critical paths for end-to-end automation.
2026-01-18T23:38:36.6239873Z [CACHE HIT] ded03f19... (hits: 8, misses: 25)
2026-01-18T23:38:36.6240585Z     ⚠️ Skipping duplicate injection: Logout
2026-01-18T23:38:36.6241124Z     🧠 Verifying step validity for 'password' after no candidates found...
2026-01-18T23:38:37.9840984Z [DEBUG] Sending request to gemini-2.0-flash. Number of parts: 2
2026-01-18T23:38:37.9841671Z [DEBUG] Received response (Length: 255)
2026-01-18T23:38:37.9842967Z     🗑️ Step deemed INVALID: The page displays a secure area with a logout button. There is no password field visible on this page. Therefore, attempting to locate and interact with 'password' is not valid in this context.. Removing from workflow.
2026-01-18T23:38:37.9844299Z     ⏭️ Skipping execution of invalid step: password
2026-01-18T23:38:37.9844631Z   ▶️ [STEP step_7] CLICK: Login
2026-01-18T23:38:37.9894444Z     🔍 Mining locators for: 'Login'
2026-01-18T23:38:38.0133452Z     🧠 Consulting AI (Vision-First) to find 'Login'...
2026-01-18T23:38:38.0134947Z     🧠 [EXPERT] Strategy: Act as Senior SDET focusing on exploring the application to understand functional flow and identifying critical paths for end-to-end automation.
2026-01-18T23:38:43.2729962Z [DEBUG] Sending request to gemini-2.0-flash. Number of parts: 2
2026-01-18T23:38:43.2730400Z [DEBUG] Received response (Length: 337)
2026-01-18T23:38:43.2732047Z     💡 Expert Suggestion: The current page is the secure area, and the only button available is 'Logout'. To test authentication, we need to find the 'Login' button, which is likely on the home page or a dedicated login page.
2026-01-18T23:38:43.2733121Z     🛠️ Executing corrective action: click -> 'Logout'
2026-01-18T23:38:43.8125119Z     ✅ Executed corrective navigation
2026-01-18T23:38:45.8147566Z     🔄 Retry 1/3 mining locators for 'Login'...
2026-01-18T23:38:46.8464149Z     🧠 Consulting AI (Vision-First) to find 'Login'...
2026-01-18T23:38:46.8465678Z     🧠 [EXPERT] Strategy: Act as Senior SDET focusing on exploring the application to understand functional flow and identifying critical paths for end-to-end automation.
2026-01-18T23:38:46.8469196Z [CACHE HIT] 9ccd6b1c... (hits: 9, misses: 27)
2026-01-18T23:38:46.8469665Z     ⚠️ Skipping duplicate injection: Logout
2026-01-18T23:38:46.8470017Z     🔄 Retry 2/3 mining locators for 'Login'...
2026-01-18T23:38:47.8482447Z     🗑️ Invalidating stale AI cache (retry 2)...
2026-01-18T23:38:47.8484081Z     ⚠️ Cache invalidation warning: No module named 'core.agents.domain_expert'
2026-01-18T23:38:47.8726716Z     🧠 Consulting AI (Vision-First) to find 'Login'...
2026-01-18T23:38:47.8728226Z     🧠 [EXPERT] Strategy: Act as Senior SDET focusing on exploring the application to understand functional flow and identifying critical paths for end-to-end automation.
2026-01-18T23:38:47.8731748Z [CACHE HIT] 9ccd6b1c... (hits: 10, misses: 27)
2026-01-18T23:38:47.8732216Z     ⚠️ Skipping duplicate injection: Logout
2026-01-18T23:38:47.8733018Z     🧠 Verifying step validity for 'Login' after no candidates found...
2026-01-18T23:38:48.9793706Z [DEBUG] Sending request to gemini-2.0-flash. Number of parts: 2
2026-01-18T23:38:48.9794243Z [DEBUG] Received response (Length: 212)
2026-01-18T23:38:48.9795329Z     🗑️ Step deemed INVALID: The page shows that we are already logged in. Therefore, there is no 'Login' button. The correct action would be to interact with the 'Logout' button.. Removing from workflow.
2026-01-18T23:38:48.9796270Z     ⏭️ Skipping execution of invalid step: Login
2026-01-18T23:38:48.9796704Z   ▶️ [STEP step_8] ASSERT_VISIBLE: You logged into a secure area!
2026-01-18T23:38:48.9845931Z     🔍 Mining locators for: 'You logged into a secure area!'
2026-01-18T23:38:49.0131105Z     🧠 Consulting AI (Vision-First) to find 'You logged into a secure area!'...
2026-01-18T23:38:49.0132976Z     🧠 [EXPERT] Strategy: Act as Senior SDET focusing on exploring the application to understand functional flow and identifying critical paths for end-to-end automation.
2026-01-18T23:38:54.8509398Z [DEBUG] Sending request to gemini-2.0-flash. Number of parts: 2
2026-01-18T23:38:54.8509911Z [DEBUG] Received response (Length: 555)
2026-01-18T23:38:54.8510657Z     🔄 Retry 1/3 mining locators for 'You logged into a secure area!'...
2026-01-18T23:38:55.8794279Z     🧠 Consulting AI (Vision-First) to find 'You logged into a secure area!'...
2026-01-18T23:38:55.8795473Z     🧠 [EXPERT] Strategy: Act as Senior SDET focusing on exploring the application to understand functional flow and identifying critical paths for end-to-end automation.
2026-01-18T23:38:55.8798420Z [CACHE HIT] 48c58a9a... (hits: 11, misses: 29)
2026-01-18T23:38:55.8799007Z     🔄 Retry 2/3 mining locators for 'You logged into a secure area!'...
2026-01-18T23:38:56.8811168Z     🗑️ Invalidating stale AI cache (retry 2)...
2026-01-18T23:38:56.8812738Z     ⚠️ Cache invalidation warning: No module named 'core.agents.domain_expert'
2026-01-18T23:38:56.9056481Z     🧠 Consulting AI (Vision-First) to find 'You logged into a secure area!'...
2026-01-18T23:38:56.9057578Z     🧠 [EXPERT] Strategy: Act as Senior SDET focusing on exploring the application to understand functional flow and identifying critical paths for end-to-end automation.
2026-01-18T23:38:56.9060419Z [CACHE HIT] 48c58a9a... (hits: 12, misses: 29)
2026-01-18T23:38:56.9061189Z     🧠 Verifying step validity for 'You logged into a secure area!' after mining failure...
2026-01-18T23:38:59.1784834Z [DEBUG] Sending request to gemini-2.0-flash. Number of parts: 2
2026-01-18T23:38:59.1785386Z [DEBUG] Received response (Length: 158)
2026-01-18T23:38:59.1785918Z     🛠️ Self-Correction: Step is valid. Using new locator: #flash
2026-01-18T23:39:02.2170236Z     ✅ State transitioned.
2026-01-18T23:39:04.4560616Z [DEBUG] Sending request to gemini-2.0-flash. Number of parts: 2
2026-01-18T23:39:04.4561240Z [DEBUG] Received response (Length: 327)
2026-01-18T23:39:04.4562115Z     🤖 AI Next Step Suggestion: click -> Logout
2026-01-18T23:39:04.4562483Z     🧩 Suggested Locator: a[href="/logout"]
2026-01-18T23:39:04.4563591Z     💭 Reasoning: The goal is to test authentication and forms. We are currently logged in and on the secure area page. Clicking logout will test the logout functionality and return us to the login page, allowing us to test the login form again.
2026-01-18T23:39:04.4564571Z     ➕ Injected AI step: click -> Logout
2026-01-18T23:39:04.4564875Z   ▶️ [STEP step_8_ai_1] CLICK: Logout
2026-01-18T23:39:04.4611778Z     🎯 Using AI-provided locator: a[href="/logout"]
2026-01-18T23:39:04.4667572Z     ✅ Found 1 verified locators
2026-01-18T23:39:08.5162652Z     ✅ State transitioned.
2026-01-18T23:39:08.5222129Z     🔄 Revisited state detected (count: 1)
2026-01-18T23:39:10.0693033Z [DEBUG] Sending request to gemini-2.0-flash. Number of parts: 2
2026-01-18T23:39:10.0693751Z [DEBUG] Received response (Length: 240)
2026-01-18T23:39:10.0694604Z     🤖 AI Next Step Suggestion: fill -> Username
2026-01-18T23:39:10.0695260Z     🧩 Suggested Locator: #username
2026-01-18T23:39:10.0696844Z     💭 Reasoning: The page is the login page, and the username field is visible. Filling the username is the next logical step to attempt login.
2026-01-18T23:39:10.0698334Z     ➕ Injected AI step: fill -> Username
2026-01-18T23:39:10.0699002Z   ▶️ [STEP step_8_ai_2] FILL: Username
2026-01-18T23:39:10.0849978Z     🎯 Using AI-provided locator: #username
2026-01-18T23:39:10.0906179Z     ✅ Found 1 verified locators
2026-01-18T23:39:15.8664554Z     ✅ State transitioned.
2026-01-18T23:39:15.8705786Z     🔄 Revisited state detected (count: 2)
2026-01-18T23:39:17.3542589Z [DEBUG] Sending request to gemini-2.0-flash. Number of parts: 2
2026-01-18T23:39:17.3543240Z [DEBUG] Received response (Length: 224)
2026-01-18T23:39:17.3544048Z     🤖 AI Next Step Suggestion: fill -> Password
2026-01-18T23:39:17.3544609Z     🧩 Suggested Locator: #password
2026-01-18T23:39:17.3545345Z     💭 Reasoning: The password field is empty, and the instructions indicate the password is 'SuperSecretPassword!'.
2026-01-18T23:39:17.3545951Z     ➕ Injected AI step: fill -> Password
2026-01-18T23:39:17.3546268Z   ▶️ [STEP step_8_ai_3] FILL: Password
2026-01-18T23:39:17.3595804Z     🎯 Using AI-provided locator: #password
2026-01-18T23:39:17.3645982Z     ✅ Found 1 verified locators
2026-01-18T23:39:24.9314447Z     ✅ State transitioned.
2026-01-18T23:39:24.9358444Z     🔄 Revisited state detected (count: 3)
2026-01-18T23:39:24.9359158Z     ⚠️ Too many revisits (3). Stopping AI step injection to prevent loops.
2026-01-18T23:39:26.9776371Z 
2026-01-18T23:39:26.9776965Z [2/4] Exploring Scenario: Authentication - Failed Login
2026-01-18T23:39:26.9778301Z     🧠 Initialized exploration context for goal: 'Test authentication and forms'
2026-01-18T23:39:26.9779629Z   ▶️ [STEP step_1] NAVIGATE: 
2026-01-18T23:39:28.2399297Z     ✅ Navigated to https://the-internet.herokuapp.com/
2026-01-18T23:39:28.2400266Z   ▶️ [STEP step_2] ASSERT_VISIBLE: The Internet
2026-01-18T23:39:28.2562039Z     🔍 Mining locators for: 'The Internet'
2026-01-18T23:39:28.3144627Z     🧠 Consulting AI (Vision-First) to find 'The Internet'...
2026-01-18T23:39:28.3145816Z     🧠 [EXPERT] Strategy: Act as Senior SDET focusing on exploring the application to understand functional flow and identifying critical paths for end-to-end automation.
2026-01-18T23:39:28.3149007Z [CACHE HIT] ffce21ed... (hits: 13, misses: 33)
2026-01-18T23:39:28.3149550Z     🔄 Retry 1/3 mining locators for 'The Internet'...
2026-01-18T23:39:29.3526250Z     🧠 Consulting AI (Vision-First) to find 'The Internet'...
2026-01-18T23:39:29.3527486Z     🧠 [EXPERT] Strategy: Act as Senior SDET focusing on exploring the application to understand functional flow and identifying critical paths for end-to-end automation.
2026-01-18T23:39:29.3530878Z [CACHE HIT] ffce21ed... (hits: 14, misses: 33)
2026-01-18T23:39:29.3531365Z     🔄 Retry 2/3 mining locators for 'The Internet'...
2026-01-18T23:39:30.3543562Z     🗑️ Invalidating stale AI cache (retry 2)...
2026-01-18T23:39:30.3545092Z     ⚠️ Cache invalidation warning: No module named 'core.agents.domain_expert'
2026-01-18T23:39:30.3879963Z     🧠 Consulting AI (Vision-First) to find 'The Internet'...
2026-01-18T23:39:30.3881079Z     🧠 [EXPERT] Strategy: Act as Senior SDET focusing on exploring the application to understand functional flow and identifying critical paths for end-to-end automation.
2026-01-18T23:39:30.3884582Z [CACHE HIT] ffce21ed... (hits: 15, misses: 33)
2026-01-18T23:39:30.3885427Z     🧠 Verifying step validity for 'The Internet' after mining failure...
2026-01-18T23:39:30.3888734Z [CACHE HIT] 40685f26... (hits: 16, misses: 33)
2026-01-18T23:39:30.3889556Z     🛠️ Self-Correction: Step is valid. Using new locator: h1
2026-01-18T23:39:33.4332672Z     ✅ State transitioned.
2026-01-18T23:39:33.4735907Z [CACHE HIT] 1139b769... (hits: 17, misses: 33)
2026-01-18T23:39:33.4736946Z     🤖 AI Next Step Suggestion: click -> Form Authentication
2026-01-18T23:39:33.4737676Z     🧩 Suggested Locator: a[href='/login']
2026-01-18T23:39:33.4739055Z     💭 Reasoning: The goal is to test authentication and forms. 'Form Authentication' is a direct link to a login form, which is the next logical step.
2026-01-18T23:39:33.4740328Z     ➕ Injected AI step: click -> Form Authentication
2026-01-18T23:39:33.4740986Z   ▶️ [STEP step_2_ai_1] CLICK: Form Authentication
2026-01-18T23:39:33.4791694Z     🎯 Using AI-provided locator: a[href='/login']
2026-01-18T23:39:33.4848539Z     ✅ Found 1 verified locators
2026-01-18T23:39:37.5368082Z     ✅ State transitioned.
2026-01-18T23:39:37.5805792Z [CACHE HIT] 394be78f... (hits: 18, misses: 33)
2026-01-18T23:39:37.5806767Z     🤖 AI Next Step Suggestion: fill -> Username
2026-01-18T23:39:37.5807391Z     🧩 Suggested Locator: #username
2026-01-18T23:39:37.5808613Z     💭 Reasoning: The page requires username and password. Filling the username field with the provided username 'tomsmith'.
2026-01-18T23:39:37.5809696Z     ➕ Injected AI step: fill -> Username
2026-01-18T23:39:37.5810235Z   ▶️ [STEP step_2_ai_2] FILL: Username
2026-01-18T23:39:37.5946098Z     🎯 Using AI-provided locator: #username
2026-01-18T23:39:37.6000935Z     ✅ Found 1 verified locators
2026-01-18T23:39:43.3420532Z     ✅ State transitioned.
2026-01-18T23:39:43.3802545Z [CACHE HIT] f3703cb9... (hits: 19, misses: 33)
2026-01-18T23:39:43.3803431Z     🤖 AI Next Step Suggestion: fill -> Password
2026-01-18T23:39:43.3804002Z     🧩 Suggested Locator: #password
2026-01-18T23:39:43.3804974Z     💭 Reasoning: The username field has been filled. Now filling the password field to complete the form.
2026-01-18T23:39:43.3805900Z     ➕ Injected AI step: fill -> Password
2026-01-18T23:39:43.3806433Z   ▶️ [STEP step_2_ai_3] FILL: Password
2026-01-18T23:39:43.3853063Z     🎯 Using AI-provided locator: #password
2026-01-18T23:39:43.3906159Z     ✅ Found 1 verified locators
2026-01-18T23:39:50.4276812Z     ✅ State transitioned.
2026-01-18T23:39:50.4628264Z [CACHE HIT] de91c85e... (hits: 20, misses: 33)
2026-01-18T23:39:50.4629123Z     🤖 AI Next Step Suggestion: click -> Login
2026-01-18T23:39:50.4629948Z     🧩 Suggested Locator: button
2026-01-18T23:39:50.4632382Z     💭 Reasoning: The username and password fields have been filled. Clicking the Login button is the next step to attempt authentication.
2026-01-18T23:39:50.4633084Z     ➕ Injected AI step: click -> Login
2026-01-18T23:39:50.4633394Z   ▶️ [STEP step_2_ai_4] CLICK: Login
2026-01-18T23:39:50.4678974Z     🎯 Using AI-provided locator: button
2026-01-18T23:39:50.4731183Z     ✅ Found 1 verified locators
2026-01-18T23:39:54.5172887Z     ✅ State transitioned.
2026-01-18T23:39:54.5503658Z [CACHE HIT] 688de34e... (hits: 21, misses: 33)
2026-01-18T23:39:54.5504546Z     🤖 AI Next Step Suggestion: click -> Logout
2026-01-18T23:39:54.5505155Z     🧩 Suggested Locator: a[href="/logout"]
2026-01-18T23:39:54.5506434Z     💭 Reasoning: The goal is to test authentication and forms. After logging in, the next logical step is to log out to complete the cycle.
2026-01-18T23:39:54.5507551Z     ➕ Injected AI step: click -> Logout
2026-01-18T23:39:54.5507983Z   ▶️ [STEP step_2_ai_5] CLICK: Logout
2026-01-18T23:39:54.5646796Z     🎯 Using AI-provided locator: a[href="/logout"]
2026-01-18T23:39:54.5702463Z     ✅ Found 1 verified locators
2026-01-18T23:39:58.6174857Z     ✅ State transitioned.
2026-01-18T23:39:58.6630199Z [CACHE HIT] fa74c8a7... (hits: 22, misses: 33)
2026-01-18T23:39:58.6631017Z     🤖 AI Next Step Suggestion: fill -> Username
2026-01-18T23:39:58.6631376Z     🧩 Suggested Locator: #username
2026-01-18T23:39:58.6632107Z     💭 Reasoning: The page instructs to use 'tomsmith' as the username.
2026-01-18T23:39:58.6632534Z     ➕ Injected AI step: fill -> Username
2026-01-18T23:39:58.6632850Z   ▶️ [STEP step_2_ai_6] FILL: Username
2026-01-18T23:39:58.6767943Z     🎯 Using AI-provided locator: #username
2026-01-18T23:39:58.6822793Z     ✅ Found 1 verified locators
2026-01-18T23:40:04.7459697Z     ✅ State transitioned.
2026-01-18T23:40:04.7799571Z [CACHE HIT] 803fca91... (hits: 23, misses: 33)
2026-01-18T23:40:04.7800533Z     🤖 AI Next Step Suggestion: fill -> Password
2026-01-18T23:40:04.7801219Z     🧩 Suggested Locator: #password
2026-01-18T23:40:04.7802399Z     💭 Reasoning: The username has been filled, now filling the password to attempt login.
2026-01-18T23:40:04.7803269Z     ➕ Injected AI step: fill -> Password
2026-01-18T23:40:04.7803817Z   ▶️ [STEP step_2_ai_7] FILL: Password
2026-01-18T23:40:04.7851275Z     🎯 Using AI-provided locator: #password
2026-01-18T23:40:04.7906169Z     ✅ Found 1 verified locators
2026-01-18T23:40:11.7466493Z     ✅ State transitioned.
2026-01-18T23:40:11.7791152Z [CACHE HIT] f070f4a5... (hits: 24, misses: 33)
2026-01-18T23:40:11.7792179Z     🤖 AI Next Step Suggestion: click -> Login
2026-01-18T23:40:11.7792725Z     🧩 Suggested Locator: button
2026-01-18T23:40:11.7793647Z     💭 Reasoning: The username and password fields have been filled. Clicking the Login button is the next logical step to attempt authentication.
2026-01-18T23:40:11.7794312Z     ➕ Injected AI step: click -> Login
2026-01-18T23:40:11.7794620Z   ▶️ [STEP step_2_ai_8] CLICK: Login
2026-01-18T23:40:11.7841213Z     🎯 Using AI-provided locator: button
2026-01-18T23:40:11.7894042Z     ✅ Found 1 verified locators
2026-01-18T23:40:15.8300453Z     ✅ State transitioned.
2026-01-18T23:40:15.8356277Z     🔄 Revisited state detected (count: 1)
2026-01-18T23:40:15.8632674Z [CACHE HIT] 8f488d49... (hits: 25, misses: 33)
2026-01-18T23:40:15.8633530Z     🤖 AI Next Step Suggestion: click -> Logout
2026-01-18T23:40:15.8634049Z     🧩 Suggested Locator: a[href="/logout"]
2026-01-18T23:40:15.8634747Z     💭 Reasoning: The goal is to test authentication and forms. We have successfully logged in. Now, we should test the logout functionality.
2026-01-18T23:40:15.8635384Z     ➕ Injected AI step: click -> Logout
2026-01-18T23:40:15.8635973Z   ▶️ [STEP step_2_ai_9] CLICK: Logout
2026-01-18T23:40:15.8770788Z     🎯 Using AI-provided locator: a[href="/logout"]
2026-01-18T23:40:15.8824377Z     ✅ Found 1 verified locators
2026-01-18T23:40:19.9310373Z     ✅ State transitioned.
2026-01-18T23:40:19.9366402Z     🔄 Revisited state detected (count: 2)
2026-01-18T23:40:19.9967440Z [CACHE HIT] 6ddf36e0... (hits: 26, misses: 33)
2026-01-18T23:40:19.9968181Z     🤖 AI Next Step Suggestion: click -> Login
2026-01-18T23:40:19.9968716Z     🧩 Suggested Locator: button
2026-01-18T23:40:19.9969396Z     💭 Reasoning: The form is complete, so clicking the login button is the next logical step to attempt authentication.
2026-01-18T23:40:19.9969981Z     ➕ Injected AI step: click -> Login
2026-01-18T23:40:19.9970442Z   ▶️ [STEP step_2_ai_10] CLICK: Login
2026-01-18T23:40:20.0019279Z     🎯 Using AI-provided locator: button
2026-01-18T23:40:20.0071034Z     ✅ Found 1 verified locators
2026-01-18T23:40:24.0650298Z     ✅ State transitioned.
2026-01-18T23:40:24.1127416Z [CACHE HIT] e70490d3... (hits: 27, misses: 33)
2026-01-18T23:40:24.1128398Z     🤖 AI Next Step Suggestion: fill -> Username
2026-01-18T23:40:24.1129031Z     🧩 Suggested Locator: #username
2026-01-18T23:40:24.1129911Z     💭 Reasoning: The page description indicates the username should be 'tomsmith'.
2026-01-18T23:40:24.1130744Z     ➕ Injected AI step: fill -> Username
2026-01-18T23:40:24.1131298Z   ▶️ [STEP step_2_ai_11] FILL: Username
2026-01-18T23:40:24.1261708Z     🎯 Using AI-provided locator: #username
2026-01-18T23:40:24.1316216Z     ✅ Found 1 verified locators
2026-01-18T23:40:29.6519149Z     ✅ State transitioned.
2026-01-18T23:40:29.6957559Z [CACHE HIT] e99c2545... (hits: 28, misses: 33)
2026-01-18T23:40:29.6958441Z     🤖 AI Next Step Suggestion: fill -> Password
2026-01-18T23:40:29.6959031Z     🧩 Suggested Locator: #password
2026-01-18T23:40:29.6959704Z     💭 Reasoning: The username has been filled, now filling the password to attempt login.
2026-01-18T23:40:29.6960215Z     ➕ Injected AI step: fill -> Password
2026-01-18T23:40:29.6960546Z   ▶️ [STEP step_2_ai_12] FILL: Password
2026-01-18T23:40:29.7007327Z     🎯 Using AI-provided locator: #password
2026-01-18T23:40:29.7059815Z     ✅ Found 1 verified locators
2026-01-18T23:40:37.4436961Z     ✅ State transitioned.
2026-01-18T23:40:37.4788713Z [CACHE HIT] 9fa19699... (hits: 29, misses: 33)
2026-01-18T23:40:37.4789588Z     🤖 AI Next Step Suggestion: click -> Login
2026-01-18T23:40:37.4790126Z     🧩 Suggested Locator: button
2026-01-18T23:40:37.4790952Z     💭 Reasoning: The username and password fields have been filled. Clicking the login button is the next logical step to attempt authentication.
2026-01-18T23:40:37.4791859Z     ➕ Injected AI step: click -> Login
2026-01-18T23:40:37.4792188Z   ▶️ [STEP step_2_ai_13] CLICK: Login
2026-01-18T23:40:37.4837477Z     🎯 Using AI-provided locator: button
2026-01-18T23:40:37.4886703Z     ✅ Found 1 verified locators
2026-01-18T23:40:41.5285602Z     ✅ State transitioned.
2026-01-18T23:40:41.5344570Z     🔄 Revisited state detected (count: 1)
2026-01-18T23:40:41.5765397Z [CACHE HIT] 734df930... (hits: 30, misses: 33)
2026-01-18T23:40:41.5766262Z     🤖 AI Next Step Suggestion: click -> Logout
2026-01-18T23:40:41.5767449Z     💭 Reasoning: The goal is to test authentication and forms. We have successfully logged in. Now we should test logging out.
2026-01-18T23:40:41.5768069Z     ➕ Injected AI step: click -> Logout
2026-01-18T23:40:41.5768395Z   ▶️ [STEP step_2_ai_14] CLICK: Logout
2026-01-18T23:40:41.5903398Z     🔍 Mining locators for: 'Logout'
2026-01-18T23:40:41.6429863Z     ✅ Found 3 verified locators
2026-01-18T23:40:45.2130077Z     ✅ State transitioned.
2026-01-18T23:40:45.2190715Z     🔄 Revisited state detected (count: 2)
2026-01-18T23:40:45.2773250Z [CACHE HIT] efc3db3a... (hits: 31, misses: 33)
2026-01-18T23:40:45.2774157Z     🤖 AI Next Step Suggestion: click -> Login
2026-01-18T23:40:45.2774711Z     🧩 Suggested Locator: button
2026-01-18T23:40:45.2775693Z     💭 Reasoning: The form is complete, and the login button is visible. Clicking it will attempt to log in.
2026-01-18T23:40:45.2776222Z     ➕ Injected AI step: click -> Login
2026-01-18T23:40:45.2776534Z   ▶️ [STEP step_2_ai_15] CLICK: Login
2026-01-18T23:40:45.2820598Z     🎯 Using AI-provided locator: button
2026-01-18T23:40:45.2874249Z     ✅ Found 1 verified locators
2026-01-18T23:40:49.3470618Z     ✅ State transitioned.
2026-01-18T23:40:49.3529623Z     🔄 Revisited state detected (count: 3)
2026-01-18T23:40:49.3530540Z     ⚠️ Too many revisits (3). Stopping AI step injection to prevent loops.
2026-01-18T23:40:49.3531371Z   ▶️ [STEP step_3] CLICK: Form Authentication
2026-01-18T23:40:49.3679220Z     🔍 Mining locators for: 'Form Authentication'
2026-01-18T23:40:49.4110784Z     🧠 Consulting AI (Vision-First) to find 'Form Authentication'...
2026-01-18T23:40:49.4112119Z     🧠 [EXPERT] Strategy: Act as Senior SDET focusing on exploring the application to understand functional flow and identifying critical paths for end-to-end automation.
2026-01-18T23:40:49.4115530Z [CACHE HIT] 6b920e30... (hits: 32, misses: 33)
2026-01-18T23:40:49.4116233Z     🔄 Retry 1/3 mining locators for 'Form Authentication'...
2026-01-18T23:40:50.4425628Z     🧠 Consulting AI (Vision-First) to find 'Form Authentication'...
2026-01-18T23:40:50.4427410Z     🧠 [EXPERT] Strategy: Act as Senior SDET focusing on exploring the application to understand functional flow and identifying critical paths for end-to-end automation.
2026-01-18T23:40:50.4430739Z [CACHE HIT] 6b920e30... (hits: 33, misses: 33)
2026-01-18T23:40:50.4431188Z     🔄 Retry 2/3 mining locators for 'Form Authentication'...
2026-01-18T23:40:51.4443054Z     🗑️ Invalidating stale AI cache (retry 2)...
2026-01-18T23:40:51.4444021Z     ⚠️ Cache invalidation warning: No module named 'core.agents.domain_expert'
2026-01-18T23:40:51.4769364Z     🧠 Consulting AI (Vision-First) to find 'Form Authentication'...
2026-01-18T23:40:51.4770972Z     🧠 [EXPERT] Strategy: Act as Senior SDET focusing on exploring the application to understand functional flow and identifying critical paths for end-to-end automation.
2026-01-18T23:40:51.4775327Z [CACHE HIT] 6b920e30... (hits: 34, misses: 33)
2026-01-18T23:40:51.4776251Z     🧠 Verifying step validity for 'Form Authentication' after mining failure...
2026-01-18T23:40:51.4780030Z [CACHE HIT] 66e635f1... (hits: 35, misses: 33)
2026-01-18T23:40:51.4781829Z     🗑️ Step deemed INVALID: The target element 'Form Authentication' does not exist on the current page. The page is the login page itself, which contains username and password fields.. Removing from workflow.
2026-01-18T23:40:51.4782799Z     ⏭️ Skipping execution of invalid step: Form Authentication
2026-01-18T23:40:51.4783170Z   ▶️ [STEP step_4] ASSERT_URL: 
2026-01-18T23:40:56.4913779Z     ⚠️ Scroll into view failed for text=None. Proceeding anyway.
2026-01-18T23:40:58.4935792Z     ✅ State transitioned.
2026-01-18T23:40:58.5264237Z [CACHE HIT] 640f114c... (hits: 36, misses: 33)
2026-01-18T23:40:58.5265123Z     🤖 AI Next Step Suggestion: fill -> Username
2026-01-18T23:40:58.5265698Z     🧩 Suggested Locator: #username
2026-01-18T23:40:58.5266449Z     💭 Reasoning: The page description indicates the username should be 'tomsmith'.
2026-01-18T23:40:58.5266903Z     ➕ Injected AI step: fill -> Username
2026-01-18T23:40:58.5267460Z   ▶️ [STEP step_4_ai_1] FILL: Username
2026-01-18T23:40:58.5311944Z     🎯 Using AI-provided locator: #username
2026-01-18T23:40:58.5364528Z     ✅ Found 1 verified locators
2026-01-18T23:41:04.2844299Z     ✅ State transitioned.
2026-01-18T23:41:04.2885413Z     🔄 Revisited state detected (count: 1)
2026-01-18T23:41:04.3281738Z [CACHE HIT] 70549c5f... (hits: 37, misses: 33)
2026-01-18T23:41:04.3282631Z     🤖 AI Next Step Suggestion: fill -> Password
2026-01-18T23:41:04.3283204Z     🧩 Suggested Locator: #password
2026-01-18T23:41:04.3283920Z     💭 Reasoning: The username has been filled, now filling the password field to attempt login.
2026-01-18T23:41:04.3284454Z     ➕ Injected AI step: fill -> Password
2026-01-18T23:41:04.3285082Z   ▶️ [STEP step_4_ai_2] FILL: Password
2026-01-18T23:41:04.3330565Z     🎯 Using AI-provided locator: #password
2026-01-18T23:41:04.3380335Z     ✅ Found 1 verified locators
2026-01-18T23:41:10.6433061Z     ✅ State transitioned.
2026-01-18T23:41:10.6474310Z     🔄 Revisited state detected (count: 2)
2026-01-18T23:41:10.6836926Z [CACHE HIT] eca3d424... (hits: 38, misses: 33)
2026-01-18T23:41:10.6837792Z     🤖 AI Next Step Suggestion: click -> Login
2026-01-18T23:41:10.6838328Z     🧩 Suggested Locator: button
2026-01-18T23:41:10.6839365Z     💭 Reasoning: The form is complete, so clicking the login button is the next logical step to attempt authentication.
2026-01-18T23:41:10.6840349Z     ➕ Injected AI step: click -> Login
2026-01-18T23:41:10.6840859Z   ▶️ [STEP step_4_ai_3] CLICK: Login
2026-01-18T23:41:10.6885634Z     🎯 Using AI-provided locator: button
2026-01-18T23:41:10.6938866Z     ✅ Found 1 verified locators
2026-01-18T23:41:14.7444304Z     ✅ State transitioned.
2026-01-18T23:41:14.7499221Z     🔄 Revisited state detected (count: 3)
2026-01-18T23:41:14.7500028Z     ⚠️ Too many revisits (3). Stopping AI step injection to prevent loops.
2026-01-18T23:41:14.7500727Z   ▶️ [STEP step_5] FILL: username
2026-01-18T23:41:14.7643747Z     🔍 Mining locators for: 'username'
2026-01-18T23:41:14.7922992Z     🧠 Consulting AI (Vision-First) to find 'username'...
2026-01-18T23:41:14.7924283Z     🧠 [EXPERT] Strategy: Act as Senior SDET focusing on exploring the application to understand functional flow and identifying critical paths for end-to-end automation.
2026-01-18T23:41:14.7927378Z [CACHE HIT] b0c2704e... (hits: 39, misses: 33)
2026-01-18T23:41:14.7928531Z     💡 Expert Suggestion: The username field is likely on the login page, which can be accessed by logging out.
2026-01-18T23:41:14.7929657Z     🛠️ Executing corrective action: click -> 'Logout'
2026-01-18T23:41:15.3336693Z     ✅ Executed corrective navigation
2026-01-18T23:41:17.3359024Z     🔄 Retry 1/3 mining locators for 'username'...
2026-01-18T23:41:18.3637999Z     🧠 Consulting AI (Vision-First) to find 'username'...
2026-01-18T23:41:18.3639654Z     🧠 [EXPERT] Strategy: Act as Senior SDET focusing on exploring the application to understand functional flow and identifying critical paths for end-to-end automation.
2026-01-18T23:41:18.3642776Z [CACHE HIT] b0c2704e... (hits: 40, misses: 33)
2026-01-18T23:41:18.3643394Z     ⚠️ Skipping duplicate injection: Logout
2026-01-18T23:41:18.3644010Z     🔄 Retry 2/3 mining locators for 'username'...
2026-01-18T23:41:19.3655947Z     🗑️ Invalidating stale AI cache (retry 2)...
2026-01-18T23:41:19.3657307Z     ⚠️ Cache invalidation warning: No module named 'core.agents.domain_expert'
2026-01-18T23:41:19.3894376Z     🧠 Consulting AI (Vision-First) to find 'username'...
2026-01-18T23:41:19.3895611Z     🧠 [EXPERT] Strategy: Act as Senior SDET focusing on exploring the application to understand functional flow and identifying critical paths for end-to-end automation.
2026-01-18T23:41:19.3898200Z [CACHE HIT] b0c2704e... (hits: 41, misses: 33)
2026-01-18T23:41:19.3898766Z     ⚠️ Skipping duplicate injection: Logout
2026-01-18T23:41:19.3900809Z     🧠 Verifying step validity for 'username' after no candidates found...
2026-01-18T23:41:19.3903570Z [CACHE HIT] 48b8be43... (hits: 42, misses: 33)
2026-01-18T23:41:19.3905682Z     🗑️ Step deemed INVALID: The page displays a secure area with a logout button. There is no username field visible on this page. Therefore, attempting to locate and interact with 'username' is not valid.. Removing from workflow.
2026-01-18T23:41:19.3907494Z     ⏭️ Skipping execution of invalid step: username
2026-01-18T23:41:19.3908084Z   ▶️ [STEP step_6] FILL: password
2026-01-18T23:41:19.3955322Z     🔍 Mining locators for: 'password'
2026-01-18T23:41:19.4230695Z     🧠 Consulting AI (Vision-First) to find 'password'...
2026-01-18T23:41:19.4232560Z     🧠 [EXPERT] Strategy: Act as Senior SDET focusing on exploring the application to understand functional flow and identifying critical paths for end-to-end automation.
2026-01-18T23:41:19.4235657Z [CACHE HIT] ded03f19... (hits: 43, misses: 33)
2026-01-18T23:41:19.4237453Z     💡 Expert Suggestion: The current page is the 'Secure Area', which is displayed after successful login. To find password-related forms, we need to navigate back to the login or registration page. Clicking 'Logout' will likely lead back to the login page where password fields are present.
2026-01-18T23:41:19.4238689Z     🛠️ Executing corrective action: click -> 'Logout'
2026-01-18T23:41:19.9670246Z     ✅ Executed corrective navigation
2026-01-18T23:41:21.9692498Z     🔄 Retry 1/3 mining locators for 'password'...
2026-01-18T23:41:22.9953514Z     🧠 Consulting AI (Vision-First) to find 'password'...
2026-01-18T23:41:22.9954713Z     🧠 [EXPERT] Strategy: Act as Senior SDET focusing on exploring the application to understand functional flow and identifying critical paths for end-to-end automation.
2026-01-18T23:41:22.9957634Z [CACHE HIT] ded03f19... (hits: 44, misses: 33)
2026-01-18T23:41:22.9958331Z     ⚠️ Skipping duplicate injection: Logout
2026-01-18T23:41:22.9958714Z     🔄 Retry 2/3 mining locators for 'password'...
2026-01-18T23:41:23.9970634Z     🗑️ Invalidating stale AI cache (retry 2)...
2026-01-18T23:41:23.9972237Z     ⚠️ Cache invalidation warning: No module named 'core.agents.domain_expert'
2026-01-18T23:41:24.0226190Z     🧠 Consulting AI (Vision-First) to find 'password'...
2026-01-18T23:41:24.0227413Z     🧠 [EXPERT] Strategy: Act as Senior SDET focusing on exploring the application to understand functional flow and identifying critical paths for end-to-end automation.
2026-01-18T23:41:24.0230220Z [CACHE HIT] ded03f19... (hits: 45, misses: 33)
2026-01-18T23:41:24.0230886Z     ⚠️ Skipping duplicate injection: Logout
2026-01-18T23:41:24.0231944Z     🧠 Verifying step validity for 'password' after no candidates found...
2026-01-18T23:41:24.0235320Z [CACHE HIT] bcd1efad... (hits: 46, misses: 33)
2026-01-18T23:41:24.0237182Z     🗑️ Step deemed INVALID: The page displays a secure area with a logout button. There is no password field visible on this page. Therefore, attempting to locate and interact with 'password' is not valid in this context.. Removing from workflow.
2026-01-18T23:41:24.0238282Z     ⏭️ Skipping execution of invalid step: password
2026-01-18T23:41:24.0238644Z   ▶️ [STEP step_7] CLICK: Login
2026-01-18T23:41:24.0285687Z     🔍 Mining locators for: 'Login'
2026-01-18T23:41:24.0561152Z     🧠 Consulting AI (Vision-First) to find 'Login'...
2026-01-18T23:41:24.0562675Z     🧠 [EXPERT] Strategy: Act as Senior SDET focusing on exploring the application to understand functional flow and identifying critical paths for end-to-end automation.
2026-01-18T23:41:24.0565851Z [CACHE HIT] 9ccd6b1c... (hits: 47, misses: 33)
2026-01-18T23:41:24.0567764Z     💡 Expert Suggestion: The current page is the secure area, and the only button available is 'Logout'. To test authentication, we need to find the 'Login' button, which is likely on the home page or a dedicated login page.
2026-01-18T23:41:24.0569339Z     🛠️ Executing corrective action: click -> 'Logout'
2026-01-18T23:41:24.5972957Z     ✅ Executed corrective navigation
2026-01-18T23:41:26.5995674Z     🔄 Retry 1/3 mining locators for 'Login'...
2026-01-18T23:41:27.6253589Z     🧠 Consulting AI (Vision-First) to find 'Login'...
2026-01-18T23:41:27.6254739Z     🧠 [EXPERT] Strategy: Act as Senior SDET focusing on exploring the application to understand functional flow and identifying critical paths for end-to-end automation.
2026-01-18T23:41:27.6257420Z [CACHE HIT] 9ccd6b1c... (hits: 48, misses: 33)
2026-01-18T23:41:27.6258017Z     ⚠️ Skipping duplicate injection: Logout
2026-01-18T23:41:27.6258521Z     🔄 Retry 2/3 mining locators for 'Login'...
2026-01-18T23:41:28.6270620Z     🗑️ Invalidating stale AI cache (retry 2)...
2026-01-18T23:41:28.6272180Z     ⚠️ Cache invalidation warning: No module named 'core.agents.domain_expert'
2026-01-18T23:41:28.6567054Z     🧠 Consulting AI (Vision-First) to find 'Login'...
2026-01-18T23:41:28.6568994Z     🧠 [EXPERT] Strategy: Act as Senior SDET focusing on exploring the application to understand functional flow and identifying critical paths for end-to-end automation.
2026-01-18T23:41:28.6571250Z [CACHE HIT] 9ccd6b1c... (hits: 49, misses: 33)
2026-01-18T23:41:28.6572057Z     ⚠️ Skipping duplicate injection: Logout
2026-01-18T23:41:28.6572810Z     🧠 Verifying step validity for 'Login' after no candidates found...
2026-01-18T23:41:28.6576111Z [CACHE HIT] 8465ac42... (hits: 50, misses: 33)
2026-01-18T23:41:28.6577865Z     🗑️ Step deemed INVALID: The page shows that we are already logged in. Therefore, there is no 'Login' button. The correct action would be to interact with the 'Logout' button.. Removing from workflow.
2026-01-18T23:41:28.6589639Z     ⏭️ Skipping execution of invalid step: Login
2026-01-18T23:41:28.6590488Z   ▶️ [STEP step_8] ASSERT_VISIBLE: Your username is invalid!
2026-01-18T23:41:28.6626000Z     🔍 Mining locators for: 'Your username is invalid!'
2026-01-18T23:41:28.6894907Z     🧠 Consulting AI (Vision-First) to find 'Your username is invalid!'...
2026-01-18T23:41:28.6896604Z     🧠 [EXPERT] Strategy: Act as Senior SDET focusing on exploring the application to understand functional flow and identifying critical paths for end-to-end automation.
2026-01-18T23:41:30.1202531Z [DEBUG] Sending request to gemini-2.0-flash. Number of parts: 2
2026-01-18T23:41:30.1203189Z [DEBUG] Received response (Length: 254)
2026-01-18T23:41:30.1204142Z     💡 Expert Suggestion: After logging out, the login form will be displayed, where the error message 'Your username is invalid!' can appear.
2026-01-18T23:41:30.1204943Z     🛠️ Executing corrective action: click -> 'Logout'
2026-01-18T23:41:30.6581002Z     ✅ Executed corrective navigation
2026-01-18T23:41:32.6603779Z     🔄 Retry 1/3 mining locators for 'Your username is invalid!'...
2026-01-18T23:41:33.6912971Z     🧠 Consulting AI (Vision-First) to find 'Your username is invalid!'...
2026-01-18T23:41:33.6914715Z     🧠 [EXPERT] Strategy: Act as Senior SDET focusing on exploring the application to understand functional flow and identifying critical paths for end-to-end automation.
2026-01-18T23:41:33.6917074Z [CACHE HIT] 3107a506... (hits: 51, misses: 34)
2026-01-18T23:41:33.6917684Z     ⚠️ Skipping duplicate injection: Logout
2026-01-18T23:41:33.6918402Z     🔄 Retry 2/3 mining locators for 'Your username is invalid!'...
2026-01-18T23:41:34.6929948Z     🗑️ Invalidating stale AI cache (retry 2)...
2026-01-18T23:41:34.6931362Z     ⚠️ Cache invalidation warning: No module named 'core.agents.domain_expert'
2026-01-18T23:41:34.7224829Z     🧠 Consulting AI (Vision-First) to find 'Your username is invalid!'...
2026-01-18T23:41:34.7226099Z     🧠 [EXPERT] Strategy: Act as Senior SDET focusing on exploring the application to understand functional flow and identifying critical paths for end-to-end automation.
2026-01-18T23:41:34.7229034Z [CACHE HIT] 3107a506... (hits: 52, misses: 34)
2026-01-18T23:41:34.7229622Z     ⚠️ Skipping duplicate injection: Logout
2026-01-18T23:41:34.7230811Z     🧠 Verifying step validity for 'Your username is invalid!' after no candidates found...
2026-01-18T23:41:36.0155952Z [DEBUG] Sending request to gemini-2.0-flash. Number of parts: 2
2026-01-18T23:41:36.0156596Z [DEBUG] Received response (Length: 211)
2026-01-18T23:41:36.0157993Z     🗑️ Step deemed INVALID: The message "Your username is invalid!" is not present on the page. The user is already logged in, so there's no reason for that message to appear.. Removing from workflow.
2026-01-18T23:41:36.0158995Z     ⏭️ Skipping execution of invalid step: Your username is invalid!
2026-01-18T23:41:38.0464712Z 
2026-01-18T23:41:38.0466768Z [3/4] Exploring Scenario: Form Interaction - Forgot Password
2026-01-18T23:41:38.0469406Z     🧠 Initialized exploration context for goal: 'Test authentication and forms'
2026-01-18T23:41:38.0470227Z   ▶️ [STEP step_1] NAVIGATE: 
2026-01-18T23:41:39.3090689Z     ✅ Navigated to https://the-internet.herokuapp.com/
2026-01-18T23:41:39.3091277Z   ▶️ [STEP step_2] ASSERT_VISIBLE: The Internet
2026-01-18T23:41:39.3250111Z     🔍 Mining locators for: 'The Internet'
2026-01-18T23:41:39.3670255Z     🧠 Consulting AI (Vision-First) to find 'The Internet'...
2026-01-18T23:41:39.3671431Z     🧠 [EXPERT] Strategy: Act as Senior SDET focusing on exploring the application to understand functional flow and identifying critical paths for end-to-end automation.
2026-01-18T23:41:39.3674909Z [CACHE HIT] ffce21ed... (hits: 53, misses: 35)
2026-01-18T23:41:39.3675576Z     🔄 Retry 1/3 mining locators for 'The Internet'...
2026-01-18T23:41:40.4066163Z     🧠 Consulting AI (Vision-First) to find 'The Internet'...
2026-01-18T23:41:40.4067832Z     🧠 [EXPERT] Strategy: Act as Senior SDET focusing on exploring the application to understand functional flow and identifying critical paths for end-to-end automation.
2026-01-18T23:41:40.4072392Z [CACHE HIT] ffce21ed... (hits: 54, misses: 35)
2026-01-18T23:41:40.4073110Z     🔄 Retry 2/3 mining locators for 'The Internet'...
2026-01-18T23:41:41.4085280Z     🗑️ Invalidating stale AI cache (retry 2)...
2026-01-18T23:41:41.4086481Z     ⚠️ Cache invalidation warning: No module named 'core.agents.domain_expert'
2026-01-18T23:41:41.4802740Z     🧠 Consulting AI (Vision-First) to find 'The Internet'...
2026-01-18T23:41:41.4804424Z     🧠 [EXPERT] Strategy: Act as Senior SDET focusing on exploring the application to understand functional flow and identifying critical paths for end-to-end automation.
2026-01-18T23:41:41.4807312Z [CACHE HIT] ffce21ed... (hits: 55, misses: 35)
2026-01-18T23:41:41.4808066Z     🧠 Verifying step validity for 'The Internet' after mining failure...
2026-01-18T23:41:41.4811079Z [CACHE HIT] 40685f26... (hits: 56, misses: 35)
2026-01-18T23:41:41.4811932Z     🛠️ Self-Correction: Step is valid. Using new locator: h1
2026-01-18T23:41:44.5281747Z     ✅ State transitioned.
2026-01-18T23:41:44.5752687Z [CACHE HIT] 1139b769... (hits: 57, misses: 35)
2026-01-18T23:41:44.5753720Z     🤖 AI Next Step Suggestion: click -> Form Authentication
2026-01-18T23:41:44.5754480Z     🧩 Suggested Locator: a[href='/login']
2026-01-18T23:41:44.5755842Z     💭 Reasoning: The goal is to test authentication and forms. 'Form Authentication' is a direct link to a login form, which is the next logical step.
2026-01-18T23:41:44.5757138Z     ➕ Injected AI step: click -> Form Authentication
2026-01-18T23:41:44.5757792Z   ▶️ [STEP step_2_ai_1] CLICK: Form Authentication
2026-01-18T23:41:44.5803986Z     🎯 Using AI-provided locator: a[href='/login']
2026-01-18T23:41:44.5860822Z     ✅ Found 1 verified locators
2026-01-18T23:41:48.6308266Z     ✅ State transitioned.
2026-01-18T23:41:48.6753746Z [CACHE HIT] 394be78f... (hits: 58, misses: 35)
2026-01-18T23:41:48.6754746Z     🤖 AI Next Step Suggestion: fill -> Username
2026-01-18T23:41:48.6755368Z     🧩 Suggested Locator: #username
2026-01-18T23:41:48.6756525Z     💭 Reasoning: The page requires username and password. Filling the username field with the provided username 'tomsmith'.
2026-01-18T23:41:48.6757958Z     ➕ Injected AI step: fill -> Username
2026-01-18T23:41:48.6758503Z   ▶️ [STEP step_2_ai_2] FILL: Username
2026-01-18T23:41:48.6897132Z     🎯 Using AI-provided locator: #username
2026-01-18T23:41:48.6950782Z     ✅ Found 1 verified locators
2026-01-18T23:41:54.8347370Z     ✅ State transitioned.
2026-01-18T23:41:54.8747663Z [CACHE HIT] f3703cb9... (hits: 59, misses: 35)
2026-01-18T23:41:54.8748621Z     🤖 AI Next Step Suggestion: fill -> Password
2026-01-18T23:41:54.8749260Z     🧩 Suggested Locator: #password
2026-01-18T23:41:54.8750280Z     💭 Reasoning: The username field has been filled. Now filling the password field to complete the form.
2026-01-18T23:41:54.8751261Z     ➕ Injected AI step: fill -> Password
2026-01-18T23:41:54.8752032Z   ▶️ [STEP step_2_ai_3] FILL: Password
2026-01-18T23:41:54.8797695Z     🎯 Using AI-provided locator: #password
2026-01-18T23:41:54.8849720Z     ✅ Found 1 verified locators
2026-01-18T23:42:02.6576680Z     ✅ State transitioned.
2026-01-18T23:42:02.6909960Z [CACHE HIT] de91c85e... (hits: 60, misses: 35)
2026-01-18T23:42:02.6910914Z     🤖 AI Next Step Suggestion: click -> Login
2026-01-18T23:42:02.6911736Z     🧩 Suggested Locator: button
2026-01-18T23:42:02.6913079Z     💭 Reasoning: The username and password fields have been filled. Clicking the Login button is the next step to attempt authentication.
2026-01-18T23:42:02.6914257Z     ➕ Injected AI step: click -> Login
2026-01-18T23:42:02.6914779Z   ▶️ [STEP step_2_ai_4] CLICK: Login
2026-01-18T23:42:02.6961780Z     🎯 Using AI-provided locator: button
2026-01-18T23:42:02.7015021Z     ✅ Found 1 verified locators
2026-01-18T23:42:06.7460205Z     ✅ State transitioned.
2026-01-18T23:42:06.7786619Z [CACHE HIT] 688de34e... (hits: 61, misses: 35)
2026-01-18T23:42:06.7787587Z     🤖 AI Next Step Suggestion: click -> Logout
2026-01-18T23:42:06.7788248Z     🧩 Suggested Locator: a[href="/logout"]
2026-01-18T23:42:06.7789558Z     💭 Reasoning: The goal is to test authentication and forms. After logging in, the next logical step is to log out to complete the cycle.
2026-01-18T23:42:06.7790919Z     ➕ Injected AI step: click -> Logout
2026-01-18T23:42:06.7792902Z   ▶️ [STEP step_2_ai_5] CLICK: Logout
2026-01-18T23:42:06.7928278Z     🎯 Using AI-provided locator: a[href="/logout"]
2026-01-18T23:42:06.7983235Z     ✅ Found 1 verified locators
2026-01-18T23:42:10.8450523Z     ✅ State transitioned.
2026-01-18T23:42:10.8912619Z [CACHE HIT] fa74c8a7... (hits: 62, misses: 35)
2026-01-18T23:42:10.8913490Z     🤖 AI Next Step Suggestion: fill -> Username
2026-01-18T23:42:10.8914068Z     🧩 Suggested Locator: #username
2026-01-18T23:42:10.8914764Z     💭 Reasoning: The page instructs to use 'tomsmith' as the username.
2026-01-18T23:42:10.8915479Z     ➕ Injected AI step: fill -> Username
2026-01-18T23:42:10.8915997Z   ▶️ [STEP step_2_ai_6] FILL: Username
2026-01-18T23:42:10.9045318Z     🎯 Using AI-provided locator: #username
2026-01-18T23:42:10.9095738Z     ✅ Found 1 verified locators
2026-01-18T23:42:17.0172447Z     ✅ State transitioned.
2026-01-18T23:42:17.0584453Z [CACHE HIT] 803fca91... (hits: 63, misses: 35)
2026-01-18T23:42:17.0585426Z     🤖 AI Next Step Suggestion: fill -> Password
2026-01-18T23:42:17.0586080Z     🧩 Suggested Locator: #password
2026-01-18T23:42:17.0587013Z     💭 Reasoning: The username has been filled, now filling the password to attempt login.
2026-01-18T23:42:17.0587902Z     ➕ Injected AI step: fill -> Password
2026-01-18T23:42:17.0589806Z   ▶️ [STEP step_2_ai_7] FILL: Password
2026-01-18T23:42:17.0634398Z     🎯 Using AI-provided locator: #password
2026-01-18T23:42:17.0683939Z     ✅ Found 1 verified locators
2026-01-18T23:42:23.9417433Z     ✅ State transitioned.
2026-01-18T23:42:23.9742052Z [CACHE HIT] f070f4a5... (hits: 64, misses: 35)
2026-01-18T23:42:23.9742855Z     🤖 AI Next Step Suggestion: click -> Login
2026-01-18T23:42:23.9743336Z     🧩 Suggested Locator: button
2026-01-18T23:42:23.9744069Z     💭 Reasoning: The username and password fields have been filled. Clicking the Login button is the next logical step to attempt authentication.
2026-01-18T23:42:23.9745030Z     ➕ Injected AI step: click -> Login
2026-01-18T23:42:23.9745337Z   ▶️ [STEP step_2_ai_8] CLICK: Login
2026-01-18T23:42:23.9798284Z     🎯 Using AI-provided locator: button
2026-01-18T23:42:23.9849244Z     ✅ Found 1 verified locators
2026-01-18T23:42:28.0246852Z     ✅ State transitioned.
2026-01-18T23:42:28.0302090Z     🔄 Revisited state detected (count: 1)
2026-01-18T23:42:28.0575981Z [CACHE HIT] 8f488d49... (hits: 65, misses: 35)
2026-01-18T23:42:28.0576756Z     🤖 AI Next Step Suggestion: click -> Logout
2026-01-18T23:42:28.0577274Z     🧩 Suggested Locator: a[href="/logout"]
2026-01-18T23:42:28.0577999Z     💭 Reasoning: The goal is to test authentication and forms. We have successfully logged in. Now, we should test the logout functionality.
2026-01-18T23:42:28.0578631Z     ➕ Injected AI step: click -> Logout
2026-01-18T23:42:28.0578944Z   ▶️ [STEP step_2_ai_9] CLICK: Logout
2026-01-18T23:42:28.0712770Z     🎯 Using AI-provided locator: a[href="/logout"]
2026-01-18T23:42:28.0767181Z     ✅ Found 1 verified locators
2026-01-18T23:42:32.1289503Z     ✅ State transitioned.
2026-01-18T23:42:32.1347833Z     🔄 Revisited state detected (count: 2)
2026-01-18T23:42:32.1911275Z [CACHE HIT] 6ddf36e0... (hits: 66, misses: 35)
2026-01-18T23:42:32.1912248Z     🤖 AI Next Step Suggestion: click -> Login
2026-01-18T23:42:32.1912719Z     🧩 Suggested Locator: button
2026-01-18T23:42:32.1913423Z     💭 Reasoning: The form is complete, so clicking the login button is the next logical step to attempt authentication.
2026-01-18T23:42:32.1914012Z     ➕ Injected AI step: click -> Login
2026-01-18T23:42:32.1914324Z   ▶️ [STEP step_2_ai_10] CLICK: Login
2026-01-18T23:42:32.1963942Z     🎯 Using AI-provided locator: button
2026-01-18T23:42:32.2015734Z     ✅ Found 1 verified locators
2026-01-18T23:42:36.2602590Z     ✅ State transitioned.
2026-01-18T23:42:36.3069554Z [CACHE HIT] e70490d3... (hits: 67, misses: 35)
2026-01-18T23:42:36.3070549Z     🤖 AI Next Step Suggestion: fill -> Username
2026-01-18T23:42:36.3070985Z     🧩 Suggested Locator: #username
2026-01-18T23:42:36.3071698Z     💭 Reasoning: The page description indicates the username should be 'tomsmith'.
2026-01-18T23:42:36.3072239Z     ➕ Injected AI step: fill -> Username
2026-01-18T23:42:36.3072595Z   ▶️ [STEP step_2_ai_11] FILL: Username
2026-01-18T23:42:36.3203186Z     🎯 Using AI-provided locator: #username
2026-01-18T23:42:36.3255639Z     ✅ Found 1 verified locators
2026-01-18T23:42:42.0916296Z     ✅ State transitioned.
2026-01-18T23:42:42.1403286Z [CACHE HIT] e99c2545... (hits: 68, misses: 35)
2026-01-18T23:42:42.1404109Z     🤖 AI Next Step Suggestion: fill -> Password
2026-01-18T23:42:42.1404609Z     🧩 Suggested Locator: #password
2026-01-18T23:42:42.1405096Z     💭 Reasoning: The username has been filled, now filling the password to attempt login.
2026-01-18T23:42:42.1405573Z     ➕ Injected AI step: fill -> Password
2026-01-18T23:42:42.1405881Z   ▶️ [STEP step_2_ai_12] FILL: Password
2026-01-18T23:42:42.1452246Z     🎯 Using AI-provided locator: #password
2026-01-18T23:42:42.1502793Z     ✅ Found 1 verified locators
2026-01-18T23:42:50.1065183Z     ✅ State transitioned.
2026-01-18T23:42:50.1394792Z [CACHE HIT] 9fa19699... (hits: 69, misses: 35)
2026-01-18T23:42:50.1395593Z     🤖 AI Next Step Suggestion: click -> Login
2026-01-18T23:42:50.1396054Z     🧩 Suggested Locator: button
2026-01-18T23:42:50.1396759Z     💭 Reasoning: The username and password fields have been filled. Clicking the login button is the next logical step to attempt authentication.
2026-01-18T23:42:50.1397426Z     ➕ Injected AI step: click -> Login
2026-01-18T23:42:50.1397731Z   ▶️ [STEP step_2_ai_13] CLICK: Login
2026-01-18T23:42:50.1445103Z     🎯 Using AI-provided locator: button
2026-01-18T23:42:50.1496767Z     ✅ Found 1 verified locators
2026-01-18T23:42:54.1884060Z     ✅ State transitioned.
2026-01-18T23:42:54.1939566Z     🔄 Revisited state detected (count: 1)
2026-01-18T23:42:54.2213644Z [CACHE HIT] 734df930... (hits: 70, misses: 35)
2026-01-18T23:42:54.2215068Z     🤖 AI Next Step Suggestion: click -> Logout
2026-01-18T23:42:54.2216372Z     💭 Reasoning: The goal is to test authentication and forms. We have successfully logged in. Now we should test logging out.
2026-01-18T23:42:54.2217465Z     ➕ Injected AI step: click -> Logout
2026-01-18T23:42:54.2218232Z   ▶️ [STEP step_2_ai_14] CLICK: Logout
2026-01-18T23:42:54.2349759Z     🔍 Mining locators for: 'Logout'
2026-01-18T23:42:54.2865434Z     ✅ Found 3 verified locators
2026-01-18T23:42:57.8585619Z     ✅ State transitioned.
2026-01-18T23:42:57.8642562Z     🔄 Revisited state detected (count: 2)
2026-01-18T23:42:57.9223256Z [CACHE HIT] efc3db3a... (hits: 71, misses: 35)
2026-01-18T23:42:57.9224153Z     🤖 AI Next Step Suggestion: click -> Login
2026-01-18T23:42:57.9224590Z     🧩 Suggested Locator: button
2026-01-18T23:42:57.9225358Z     💭 Reasoning: The form is complete, and the login button is visible. Clicking it will attempt to log in.
2026-01-18T23:42:57.9226380Z     ➕ Injected AI step: click -> Login
2026-01-18T23:42:57.9226939Z   ▶️ [STEP step_2_ai_15] CLICK: Login
2026-01-18T23:42:57.9274597Z     🎯 Using AI-provided locator: button
2026-01-18T23:42:57.9326487Z     ✅ Found 1 verified locators
2026-01-18T23:43:01.9755233Z     ✅ State transitioned.
2026-01-18T23:43:01.9813851Z     🔄 Revisited state detected (count: 3)
2026-01-18T23:43:01.9814657Z     ⚠️ Too many revisits (3). Stopping AI step injection to prevent loops.
2026-01-18T23:43:01.9815399Z   ▶️ [STEP step_3] CLICK: Forgot Password
2026-01-18T23:43:01.9949608Z     🔍 Mining locators for: 'Forgot Password'
2026-01-18T23:43:02.0385506Z     🧠 Consulting AI (Vision-First) to find 'Forgot Password'...
2026-01-18T23:43:02.0386689Z     🧠 [EXPERT] Strategy: Act as Senior SDET focusing on exploring the application to understand functional flow and identifying critical paths for end-to-end automation.
2026-01-18T23:43:03.3359400Z [DEBUG] Sending request to gemini-2.0-flash. Number of parts: 2
2026-01-18T23:43:03.3360078Z [DEBUG] Received response (Length: 243)
2026-01-18T23:43:03.3360584Z     ⚠️ Skipping duplicate injection: Login
2026-01-18T23:43:03.3361099Z     🔄 Retry 1/3 mining locators for 'Forgot Password'...
2026-01-18T23:43:04.3717218Z     🧠 Consulting AI (Vision-First) to find 'Forgot Password'...
2026-01-18T23:43:04.3718425Z     🧠 [EXPERT] Strategy: Act as Senior SDET focusing on exploring the application to understand functional flow and identifying critical paths for end-to-end automation.
2026-01-18T23:43:04.3721753Z [CACHE HIT] b997442f... (hits: 72, misses: 36)
2026-01-18T23:43:04.3722370Z     ⚠️ Skipping duplicate injection: Login
2026-01-18T23:43:04.3722969Z     🔄 Retry 2/3 mining locators for 'Forgot Password'...
2026-01-18T23:43:05.3735102Z     🗑️ Invalidating stale AI cache (retry 2)...
2026-01-18T23:43:05.3736353Z     ⚠️ Cache invalidation warning: No module named 'core.agents.domain_expert'
2026-01-18T23:43:05.4031899Z     🧠 Consulting AI (Vision-First) to find 'Forgot Password'...
2026-01-18T23:43:05.4033108Z     🧠 [EXPERT] Strategy: Act as Senior SDET focusing on exploring the application to understand functional flow and identifying critical paths for end-to-end automation.
2026-01-18T23:43:05.4036406Z [CACHE HIT] b997442f... (hits: 73, misses: 36)
2026-01-18T23:43:05.4037053Z     ⚠️ Skipping duplicate injection: Login
2026-01-18T23:43:05.4037994Z     🧠 Verifying step validity for 'Forgot Password' after no candidates found...
2026-01-18T23:43:08.3272341Z [DEBUG] Sending request to gemini-2.0-flash. Number of parts: 2
2026-01-18T23:43:08.3272997Z [DEBUG] Received response (Length: 241)
2026-01-18T23:43:08.3274982Z     🗑️ Step deemed INVALID: The 'Forgot Password' link is not present on the login page. The page only contains fields for username and password, a login button, and a message indicating an invalid username.. Removing from workflow.
2026-01-18T23:43:08.3276806Z     ⏭️ Skipping execution of invalid step: Forgot Password
2026-01-18T23:43:08.3277259Z   ▶️ [STEP step_4] ASSERT_URL: 
2026-01-18T23:43:13.3405306Z     ⚠️ Scroll into view failed for text=None. Proceeding anyway.
2026-01-18T23:43:15.3427056Z     ✅ State transitioned.
2026-01-18T23:43:15.3881369Z [CACHE HIT] 640f114c... (hits: 74, misses: 37)
2026-01-18T23:43:15.3882449Z     🤖 AI Next Step Suggestion: fill -> Username
2026-01-18T23:43:15.3883318Z     🧩 Suggested Locator: #username
2026-01-18T23:43:15.3884137Z     💭 Reasoning: The page description indicates the username should be 'tomsmith'.
2026-01-18T23:43:15.3884928Z     ➕ Injected AI step: fill -> Username
2026-01-18T23:43:15.3885456Z   ▶️ [STEP step_4_ai_1] FILL: Username
2026-01-18T23:43:15.3928311Z     🎯 Using AI-provided locator: #username
2026-01-18T23:43:15.3979471Z     ✅ Found 1 verified locators
2026-01-18T23:43:20.9510409Z     ✅ State transitioned.
2026-01-18T23:43:20.9550545Z     🔄 Revisited state detected (count: 1)
2026-01-18T23:43:20.9884938Z [CACHE HIT] 70549c5f... (hits: 75, misses: 37)
2026-01-18T23:43:20.9885921Z     🤖 AI Next Step Suggestion: fill -> Password
2026-01-18T23:43:20.9886608Z     🧩 Suggested Locator: #password
2026-01-18T23:43:20.9887541Z     💭 Reasoning: The username has been filled, now filling the password field to attempt login.
2026-01-18T23:43:20.9888450Z     ➕ Injected AI step: fill -> Password
2026-01-18T23:43:20.9889036Z   ▶️ [STEP step_4_ai_2] FILL: Password
2026-01-18T23:43:20.9934172Z     🎯 Using AI-provided locator: #password
2026-01-18T23:43:20.9985008Z     ✅ Found 1 verified locators
2026-01-18T23:43:28.1995818Z     ✅ State transitioned.
2026-01-18T23:43:28.2036506Z     🔄 Revisited state detected (count: 2)
2026-01-18T23:43:28.2449132Z [CACHE HIT] eca3d424... (hits: 76, misses: 37)
2026-01-18T23:43:28.2450117Z     🤖 AI Next Step Suggestion: click -> Login
2026-01-18T23:43:28.2450734Z     🧩 Suggested Locator: button
2026-01-18T23:43:28.2452072Z     💭 Reasoning: The form is complete, so clicking the login button is the next logical step to attempt authentication.
2026-01-18T23:43:28.2453139Z     ➕ Injected AI step: click -> Login
2026-01-18T23:43:28.2453712Z   ▶️ [STEP step_4_ai_3] CLICK: Login
2026-01-18T23:43:28.2497154Z     🎯 Using AI-provided locator: button
2026-01-18T23:43:28.2548591Z     ✅ Found 1 verified locators
2026-01-18T23:43:32.3080944Z     ✅ State transitioned.
2026-01-18T23:43:32.3135691Z     🔄 Revisited state detected (count: 3)
2026-01-18T23:43:32.3136496Z     ⚠️ Too many revisits (3). Stopping AI step injection to prevent loops.
2026-01-18T23:43:32.3137209Z   ▶️ [STEP step_5] FILL: email
2026-01-18T23:43:32.3278346Z     🔍 Mining locators for: 'email'
2026-01-18T23:43:32.3695092Z     🧠 Consulting AI (Vision-First) to find 'email'...
2026-01-18T23:43:32.3696347Z     🧠 [EXPERT] Strategy: Act as Senior SDET focusing on exploring the application to understand functional flow and identifying critical paths for end-to-end automation.
2026-01-18T23:43:33.7071297Z [DEBUG] Sending request to gemini-2.0-flash. Number of parts: 2
2026-01-18T23:43:33.7072157Z [DEBUG] Received response (Length: 287)
2026-01-18T23:43:33.7073734Z     💡 Expert Suggestion: The current page is a secure area, and the email field is likely to be found on the login or registration page, which can be accessed by logging out.
2026-01-18T23:43:33.7074793Z     🛠️ Executing corrective action: click -> 'Logout'
2026-01-18T23:43:34.2470042Z     ✅ Executed corrective navigation
2026-01-18T23:43:36.2492559Z     🔄 Retry 1/3 mining locators for 'email'...
2026-01-18T23:43:37.2753749Z     🧠 Consulting AI (Vision-First) to find 'email'...
2026-01-18T23:43:37.2754990Z     🧠 [EXPERT] Strategy: Act as Senior SDET focusing on exploring the application to understand functional flow and identifying critical paths for end-to-end automation.
2026-01-18T23:43:37.2757795Z [CACHE HIT] e4478fe2... (hits: 77, misses: 38)
2026-01-18T23:43:37.2758409Z     ⚠️ Skipping duplicate injection: Logout
2026-01-18T23:43:37.2758985Z     🔄 Retry 2/3 mining locators for 'email'...
2026-01-18T23:43:38.2771114Z     🗑️ Invalidating stale AI cache (retry 2)...
2026-01-18T23:43:38.2772973Z     ⚠️ Cache invalidation warning: No module named 'core.agents.domain_expert'
2026-01-18T23:43:38.3020419Z     🧠 Consulting AI (Vision-First) to find 'email'...
2026-01-18T23:43:38.3022613Z     🧠 [EXPERT] Strategy: Act as Senior SDET focusing on exploring the application to understand functional flow and identifying critical paths for end-to-end automation.
2026-01-18T23:43:38.3025976Z [CACHE HIT] e4478fe2... (hits: 78, misses: 38)
2026-01-18T23:43:38.3027024Z     ⚠️ Skipping duplicate injection: Logout
2026-01-18T23:43:38.3027802Z     🧠 Verifying step validity for 'email' after no candidates found...
2026-01-18T23:43:39.6645580Z [DEBUG] Sending request to gemini-2.0-flash. Number of parts: 2
2026-01-18T23:43:39.6646154Z [DEBUG] Received response (Length: 334)
2026-01-18T23:43:39.6647819Z     🗑️ Step deemed INVALID: The page at https://the-internet.herokuapp.com/secure after successful login does not contain an element with the label 'email'. The page displays a 'Secure Area' message and a 'Logout' button. Therefore, attempting to locate and interact with 'email' is not a valid step.. Removing from workflow.
2026-01-18T23:43:39.6649285Z     ⏭️ Skipping execution of invalid step: email
2026-01-18T23:43:39.6649647Z   ▶️ [STEP step_6] CLICK: Retrieve password
2026-01-18T23:43:39.6694215Z     🔍 Mining locators for: 'Retrieve password'
2026-01-18T23:43:39.6923826Z     🧠 Consulting AI (Vision-First) to find 'Retrieve password'...
2026-01-18T23:43:39.6925171Z     🧠 [EXPERT] Strategy: Act as Senior SDET focusing on exploring the application to understand functional flow and identifying critical paths for end-to-end automation.
2026-01-18T23:43:44.6006304Z [DEBUG] Sending request to gemini-2.0-flash. Number of parts: 2
2026-01-18T23:43:44.6006747Z [DEBUG] Received response (Length: 280)
2026-01-18T23:43:44.6007774Z     💡 Expert Suggestion: The 'Retrieve password' option is not visible on this page. It is likely available on the login page, which can be accessed after logging out.
2026-01-18T23:43:44.6008691Z     🛠️ Executing corrective action: click -> 'Logout'
2026-01-18T23:43:45.1429299Z     ✅ Executed corrective navigation
2026-01-18T23:43:47.1451347Z     🔄 Retry 1/3 mining locators for 'Retrieve password'...
2026-01-18T23:43:48.1713228Z     🧠 Consulting AI (Vision-First) to find 'Retrieve password'...
2026-01-18T23:43:48.1714975Z     🧠 [EXPERT] Strategy: Act as Senior SDET focusing on exploring the application to understand functional flow and identifying critical paths for end-to-end automation.
2026-01-18T23:43:48.1717929Z [CACHE HIT] f3326978... (hits: 79, misses: 40)
2026-01-18T23:43:48.1718563Z     ⚠️ Skipping duplicate injection: Logout
2026-01-18T23:43:48.1719131Z     🔄 Retry 2/3 mining locators for 'Retrieve password'...
2026-01-18T23:43:49.1731169Z     🗑️ Invalidating stale AI cache (retry 2)...
2026-01-18T23:43:49.1732685Z     ⚠️ Cache invalidation warning: No module named 'core.agents.domain_expert'
2026-01-18T23:43:49.2001451Z     🧠 Consulting AI (Vision-First) to find 'Retrieve password'...
2026-01-18T23:43:49.2003205Z     🧠 [EXPERT] Strategy: Act as Senior SDET focusing on exploring the application to understand functional flow and identifying critical paths for end-to-end automation.
2026-01-18T23:43:49.2006662Z [CACHE HIT] f3326978... (hits: 80, misses: 40)
2026-01-18T23:43:49.2007461Z     ⚠️ Skipping duplicate injection: Logout
2026-01-18T23:43:49.2008372Z     🧠 Verifying step validity for 'Retrieve password' after no candidates found...
2026-01-18T23:43:50.5851147Z [DEBUG] Sending request to gemini-2.0-flash. Number of parts: 2
2026-01-18T23:43:50.5852038Z [DEBUG] Received response (Length: 217)
2026-01-18T23:43:50.5853925Z     🗑️ Step deemed INVALID: The current page is the secure area, which is displayed after successful login. There is no "Retrieve password" option on this page. The task is invalid.. Removing from workflow.
2026-01-18T23:43:50.5855675Z     ⏭️ Skipping execution of invalid step: Retrieve password
2026-01-18T23:43:50.5856435Z   ▶️ [STEP step_7] ASSERT_VISIBLE: Your e-mail's been sent!
2026-01-18T23:43:50.5904751Z     🔍 Mining locators for: 'Your e-mail's been sent!'
2026-01-18T23:43:50.6175504Z     🧠 Consulting AI (Vision-First) to find 'Your e-mail's been sent!'...
2026-01-18T23:43:50.6177293Z     🧠 [EXPERT] Strategy: Act as Senior SDET focusing on exploring the application to understand functional flow and identifying critical paths for end-to-end automation.
2026-01-18T23:43:55.4961889Z [DEBUG] Sending request to gemini-2.0-flash. Number of parts: 2
2026-01-18T23:43:55.4962576Z [DEBUG] Received response (Length: 263)
2026-01-18T23:43:55.4964199Z     💡 Expert Suggestion: After submitting a form, clicking 'Logout' might redirect to a page displaying the success message 'Your e-mail's been sent!'
2026-01-18T23:43:55.4965512Z     🛠️ Executing corrective action: click -> 'Logout'
2026-01-18T23:43:56.0355460Z     ✅ Executed corrective navigation
2026-01-18T23:43:58.0377720Z     🔄 Retry 1/3 mining locators for 'Your e-mail's been sent!'...
2026-01-18T23:43:59.0676744Z     🧠 Consulting AI (Vision-First) to find 'Your e-mail's been sent!'...
2026-01-18T23:43:59.0678268Z     🧠 [EXPERT] Strategy: Act as Senior SDET focusing on exploring the application to understand functional flow and identifying critical paths for end-to-end automation.
2026-01-18T23:43:59.0682978Z [CACHE HIT] d43d9b15... (hits: 81, misses: 42)
2026-01-18T23:43:59.0683717Z     ⚠️ Skipping duplicate injection: Logout
2026-01-18T23:43:59.0684453Z     🔄 Retry 2/3 mining locators for 'Your e-mail's been sent!'...
2026-01-18T23:44:00.0695504Z     🗑️ Invalidating stale AI cache (retry 2)...
2026-01-18T23:44:00.0697407Z     ⚠️ Cache invalidation warning: No module named 'core.agents.domain_expert'
2026-01-18T23:44:00.1007945Z     🧠 Consulting AI (Vision-First) to find 'Your e-mail's been sent!'...
2026-01-18T23:44:00.1009498Z     🧠 [EXPERT] Strategy: Act as Senior SDET focusing on exploring the application to understand functional flow and identifying critical paths for end-to-end automation.
2026-01-18T23:44:00.1013229Z [CACHE HIT] d43d9b15... (hits: 82, misses: 42)
2026-01-18T23:44:00.1014277Z     ⚠️ Skipping duplicate injection: Logout
2026-01-18T23:44:00.1015165Z     🧠 Verifying step validity for 'Your e-mail's been sent!' after no candidates found...
2026-01-18T23:44:01.4373852Z [DEBUG] Sending request to gemini-2.0-flash. Number of parts: 2
2026-01-18T23:44:01.4374507Z [DEBUG] Received response (Length: 252)
2026-01-18T23:44:01.4375896Z     🗑️ Step deemed INVALID: The target element 'Your e-mail's been sent!' is not visible on the page. The page shows the secure area after successful login, not the confirmation message after requesting password reset.. Removing from workflow.
2026-01-18T23:44:01.4376969Z     ⏭️ Skipping execution of invalid step: Your e-mail's been sent!
2026-01-18T23:44:03.4684671Z 
2026-01-18T23:44:03.4685804Z [4/4] Exploring Scenario: Form Interaction - Inputs
2026-01-18T23:44:03.4687224Z     🧠 Initialized exploration context for goal: 'Test authentication and forms'
2026-01-18T23:44:03.4688496Z   ▶️ [STEP step_1] NAVIGATE: 
2026-01-18T23:44:04.7044414Z     ✅ Navigated to https://the-internet.herokuapp.com/
2026-01-18T23:44:04.7045097Z   ▶️ [STEP step_2] ASSERT_VISIBLE: The Internet
2026-01-18T23:44:04.7199180Z     🔍 Mining locators for: 'The Internet'
2026-01-18T23:44:04.7700578Z     🧠 Consulting AI (Vision-First) to find 'The Internet'...
2026-01-18T23:44:04.7701977Z     🧠 [EXPERT] Strategy: Act as Senior SDET focusing on exploring the application to understand functional flow and identifying critical paths for end-to-end automation.
2026-01-18T23:44:04.7705276Z [CACHE HIT] ffce21ed... (hits: 83, misses: 43)
2026-01-18T23:44:04.7705913Z     🔄 Retry 1/3 mining locators for 'The Internet'...
2026-01-18T23:44:05.8073638Z     🧠 Consulting AI (Vision-First) to find 'The Internet'...
2026-01-18T23:44:05.8074930Z     🧠 [EXPERT] Strategy: Act as Senior SDET focusing on exploring the application to understand functional flow and identifying critical paths for end-to-end automation.
2026-01-18T23:44:05.8079515Z [CACHE HIT] ffce21ed... (hits: 84, misses: 43)
2026-01-18T23:44:05.8079971Z     🔄 Retry 2/3 mining locators for 'The Internet'...
2026-01-18T23:44:06.8092203Z     🗑️ Invalidating stale AI cache (retry 2)...
2026-01-18T23:44:06.8093548Z     ⚠️ Cache invalidation warning: No module named 'core.agents.domain_expert'
2026-01-18T23:44:06.8434622Z     🧠 Consulting AI (Vision-First) to find 'The Internet'...
2026-01-18T23:44:06.8436139Z     🧠 [EXPERT] Strategy: Act as Senior SDET focusing on exploring the application to understand functional flow and identifying critical paths for end-to-end automation.
2026-01-18T23:44:06.8440153Z [CACHE HIT] ffce21ed... (hits: 85, misses: 43)
2026-01-18T23:44:06.8441003Z     🧠 Verifying step validity for 'The Internet' after mining failure...
2026-01-18T23:44:06.8444816Z [CACHE HIT] 40685f26... (hits: 86, misses: 43)
2026-01-18T23:44:06.8445285Z     🛠️ Self-Correction: Step is valid. Using new locator: h1
2026-01-18T23:44:09.8888118Z     ✅ State transitioned.
2026-01-18T23:44:09.9284735Z [CACHE HIT] 1139b769... (hits: 87, misses: 43)
2026-01-18T23:44:09.9285771Z     🤖 AI Next Step Suggestion: click -> Form Authentication
2026-01-18T23:44:09.9286501Z     🧩 Suggested Locator: a[href='/login']
2026-01-18T23:44:09.9287894Z     💭 Reasoning: The goal is to test authentication and forms. 'Form Authentication' is a direct link to a login form, which is the next logical step.
2026-01-18T23:44:09.9289173Z     ➕ Injected AI step: click -> Form Authentication
2026-01-18T23:44:09.9289831Z   ▶️ [STEP step_2_ai_1] CLICK: Form Authentication
2026-01-18T23:44:09.9335501Z     🎯 Using AI-provided locator: a[href='/login']
2026-01-18T23:44:09.9390658Z     ✅ Found 1 verified locators
2026-01-18T23:44:13.9920603Z     ✅ State transitioned.
2026-01-18T23:44:14.0354387Z [CACHE HIT] 394be78f... (hits: 88, misses: 43)
2026-01-18T23:44:14.0355269Z     🤖 AI Next Step Suggestion: fill -> Username
2026-01-18T23:44:14.0355840Z     🧩 Suggested Locator: #username
2026-01-18T23:44:14.0356742Z     💭 Reasoning: The page requires username and password. Filling the username field with the provided username 'tomsmith'.
2026-01-18T23:44:14.0357326Z     ➕ Injected AI step: fill -> Username
2026-01-18T23:44:14.0357638Z   ▶️ [STEP step_2_ai_2] FILL: Username
2026-01-18T23:44:14.0488510Z     🎯 Using AI-provided locator: #username
2026-01-18T23:44:14.0543082Z     ✅ Found 1 verified locators
2026-01-18T23:44:19.8894578Z     ✅ State transitioned.
2026-01-18T23:44:19.9358280Z [CACHE HIT] f3703cb9... (hits: 89, misses: 43)
2026-01-18T23:44:19.9359177Z     🤖 AI Next Step Suggestion: fill -> Password
2026-01-18T23:44:19.9359652Z     🧩 Suggested Locator: #password
2026-01-18T23:44:19.9360221Z     💭 Reasoning: The username field has been filled. Now filling the password field to complete the form.
2026-01-18T23:44:19.9360748Z     ➕ Injected AI step: fill -> Password
2026-01-18T23:44:19.9361056Z   ▶️ [STEP step_2_ai_3] FILL: Password
2026-01-18T23:44:19.9408555Z     🎯 Using AI-provided locator: #password
2026-01-18T23:44:19.9458921Z     ✅ Found 1 verified locators
2026-01-18T23:44:27.7997082Z     ✅ State transitioned.
2026-01-18T23:44:27.8356473Z [CACHE HIT] de91c85e... (hits: 90, misses: 43)
2026-01-18T23:44:27.8357241Z     🤖 AI Next Step Suggestion: click -> Login
2026-01-18T23:44:27.8357956Z     🧩 Suggested Locator: button
2026-01-18T23:44:27.8358679Z     💭 Reasoning: The username and password fields have been filled. Clicking the Login button is the next step to attempt authentication.
2026-01-18T23:44:27.8359330Z     ➕ Injected AI step: click -> Login
2026-01-18T23:44:27.8359631Z   ▶️ [STEP step_2_ai_4] CLICK: Login
2026-01-18T23:44:27.8404717Z     🎯 Using AI-provided locator: button
2026-01-18T23:44:27.8456618Z     ✅ Found 1 verified locators
2026-01-18T23:44:31.8872663Z     ✅ State transitioned.
2026-01-18T23:44:31.9191404Z [CACHE HIT] 688de34e... (hits: 91, misses: 43)
2026-01-18T23:44:31.9192446Z     🤖 AI Next Step Suggestion: click -> Logout
2026-01-18T23:44:31.9193040Z     🧩 Suggested Locator: a[href="/logout"]
2026-01-18T23:44:31.9194580Z     💭 Reasoning: The goal is to test authentication and forms. After logging in, the next logical step is to log out to complete the cycle.
2026-01-18T23:44:31.9195683Z     ➕ Injected AI step: click -> Logout
2026-01-18T23:44:31.9196084Z   ▶️ [STEP step_2_ai_5] CLICK: Logout
2026-01-18T23:44:31.9322806Z     🎯 Using AI-provided locator: a[href="/logout"]
2026-01-18T23:44:31.9377928Z     ✅ Found 1 verified locators
2026-01-18T23:44:35.9885560Z     ✅ State transitioned.
2026-01-18T23:44:36.0359830Z [CACHE HIT] fa74c8a7... (hits: 92, misses: 43)
2026-01-18T23:44:36.0360789Z     🤖 AI Next Step Suggestion: fill -> Username
2026-01-18T23:44:36.0361191Z     🧩 Suggested Locator: #username
2026-01-18T23:44:36.0361838Z     💭 Reasoning: The page instructs to use 'tomsmith' as the username.
2026-01-18T23:44:36.0362259Z     ➕ Injected AI step: fill -> Username
2026-01-18T23:44:36.0362562Z   ▶️ [STEP step_2_ai_6] FILL: Username
2026-01-18T23:44:36.0489454Z     🎯 Using AI-provided locator: #username
2026-01-18T23:44:36.0543360Z     ✅ Found 1 verified locators
2026-01-18T23:44:41.5576347Z     ✅ State transitioned.
2026-01-18T23:44:41.6024881Z [CACHE HIT] 803fca91... (hits: 93, misses: 43)
2026-01-18T23:44:41.6025603Z     🤖 AI Next Step Suggestion: fill -> Password
2026-01-18T23:44:41.6026125Z     🧩 Suggested Locator: #password
2026-01-18T23:44:41.6026708Z     💭 Reasoning: The username has been filled, now filling the password to attempt login.
2026-01-18T23:44:41.6027175Z     ➕ Injected AI step: fill -> Password
2026-01-18T23:44:41.6027488Z   ▶️ [STEP step_2_ai_7] FILL: Password
2026-01-18T23:44:41.6073654Z     🎯 Using AI-provided locator: #password
2026-01-18T23:44:41.6133369Z     ✅ Found 1 verified locators
2026-01-18T23:44:48.6818333Z     ✅ State transitioned.
2026-01-18T23:44:48.7187214Z [CACHE HIT] f070f4a5... (hits: 94, misses: 43)
2026-01-18T23:44:48.7188080Z     🤖 AI Next Step Suggestion: click -> Login
2026-01-18T23:44:48.7188485Z     🧩 Suggested Locator: button
2026-01-18T23:44:48.7189231Z     💭 Reasoning: The username and password fields have been filled. Clicking the Login button is the next logical step to attempt authentication.
2026-01-18T23:44:48.7189921Z     ➕ Injected AI step: click -> Login
2026-01-18T23:44:48.7190253Z   ▶️ [STEP step_2_ai_8] CLICK: Login
2026-01-18T23:44:48.7234935Z     🎯 Using AI-provided locator: button
2026-01-18T23:44:48.7286200Z     ✅ Found 1 verified locators
2026-01-18T23:44:52.7708952Z     ✅ State transitioned.
2026-01-18T23:44:52.7764346Z     🔄 Revisited state detected (count: 1)
2026-01-18T23:44:52.8033934Z [CACHE HIT] 8f488d49... (hits: 95, misses: 43)
2026-01-18T23:44:52.8034874Z     🤖 AI Next Step Suggestion: click -> Logout
2026-01-18T23:44:52.8035526Z     🧩 Suggested Locator: a[href="/logout"]
2026-01-18T23:44:52.8036912Z     💭 Reasoning: The goal is to test authentication and forms. We have successfully logged in. Now, we should test the logout functionality.
2026-01-18T23:44:52.8038086Z     ➕ Injected AI step: click -> Logout
2026-01-18T23:44:52.8038666Z   ▶️ [STEP step_2_ai_9] CLICK: Logout
2026-01-18T23:44:52.8167757Z     🎯 Using AI-provided locator: a[href="/logout"]
2026-01-18T23:44:52.8218409Z     ✅ Found 1 verified locators
2026-01-18T23:44:56.8723772Z     ✅ State transitioned.
2026-01-18T23:44:56.8781801Z     🔄 Revisited state detected (count: 2)
2026-01-18T23:44:56.9343327Z [CACHE HIT] 6ddf36e0... (hits: 96, misses: 43)
2026-01-18T23:44:56.9344287Z     🤖 AI Next Step Suggestion: click -> Login
2026-01-18T23:44:56.9344900Z     🧩 Suggested Locator: button
2026-01-18T23:44:56.9345986Z     💭 Reasoning: The form is complete, so clicking the login button is the next logical step to attempt authentication.
2026-01-18T23:44:56.9347045Z     ➕ Injected AI step: click -> Login
2026-01-18T23:44:56.9347580Z   ▶️ [STEP step_2_ai_10] CLICK: Login
2026-01-18T23:44:56.9390813Z     🎯 Using AI-provided locator: button
2026-01-18T23:44:56.9447562Z     ✅ Found 1 verified locators
2026-01-18T23:45:00.9889971Z     ✅ State transitioned.
2026-01-18T23:45:01.0343341Z [CACHE HIT] e70490d3... (hits: 97, misses: 43)
2026-01-18T23:45:01.0344226Z     🤖 AI Next Step Suggestion: fill -> Username
2026-01-18T23:45:01.0344805Z     🧩 Suggested Locator: #username
2026-01-18T23:45:01.0345506Z     💭 Reasoning: The page description indicates the username should be 'tomsmith'.
2026-01-18T23:45:01.0346026Z     ➕ Injected AI step: fill -> Username
2026-01-18T23:45:01.0346383Z   ▶️ [STEP step_2_ai_11] FILL: Username
2026-01-18T23:45:01.0475306Z     🎯 Using AI-provided locator: #username
2026-01-18T23:45:01.0530086Z     ✅ Found 1 verified locators
2026-01-18T23:45:06.5399598Z     ✅ State transitioned.
2026-01-18T23:45:06.5851389Z [CACHE HIT] e99c2545... (hits: 98, misses: 43)
2026-01-18T23:45:06.5852450Z     🤖 AI Next Step Suggestion: fill -> Password
2026-01-18T23:45:06.5853017Z     🧩 Suggested Locator: #password
2026-01-18T23:45:06.5853853Z     💭 Reasoning: The username has been filled, now filling the password to attempt login.
2026-01-18T23:45:06.5854664Z     ➕ Injected AI step: fill -> Password
2026-01-18T23:45:06.5854988Z   ▶️ [STEP step_2_ai_12] FILL: Password
2026-01-18T23:45:06.5900795Z     🎯 Using AI-provided locator: #password
2026-01-18T23:45:06.5951788Z     ✅ Found 1 verified locators
2026-01-18T23:45:13.2142587Z     ✅ State transitioned.
2026-01-18T23:45:13.2501864Z [CACHE HIT] 9fa19699... (hits: 99, misses: 43)
2026-01-18T23:45:13.2502733Z     🤖 AI Next Step Suggestion: click -> Login
2026-01-18T23:45:13.2503272Z     🧩 Suggested Locator: button
2026-01-18T23:45:13.2504274Z     💭 Reasoning: The username and password fields have been filled. Clicking the login button is the next logical step to attempt authentication.
2026-01-18T23:45:13.2504958Z     ➕ Injected AI step: click -> Login
2026-01-18T23:45:13.2505271Z   ▶️ [STEP step_2_ai_13] CLICK: Login
2026-01-18T23:45:13.2550505Z     🎯 Using AI-provided locator: button
2026-01-18T23:45:13.2601858Z     ✅ Found 1 verified locators
2026-01-18T23:45:17.3017053Z     ✅ State transitioned.
2026-01-18T23:45:17.3074879Z     🔄 Revisited state detected (count: 1)
2026-01-18T23:45:17.3491160Z [CACHE HIT] 734df930... (hits: 100, misses: 43)
2026-01-18T23:45:17.3492307Z     🤖 AI Next Step Suggestion: click -> Logout
2026-01-18T23:45:17.3493599Z     💭 Reasoning: The goal is to test authentication and forms. We have successfully logged in. Now we should test logging out.
2026-01-18T23:45:17.3494700Z     ➕ Injected AI step: click -> Logout
2026-01-18T23:45:17.3495252Z   ▶️ [STEP step_2_ai_14] CLICK: Logout
2026-01-18T23:45:17.3623576Z     🔍 Mining locators for: 'Logout'
2026-01-18T23:45:17.4146969Z     ✅ Found 3 verified locators
2026-01-18T23:45:20.9866790Z     ✅ State transitioned.
2026-01-18T23:45:20.9922965Z     🔄 Revisited state detected (count: 2)
2026-01-18T23:45:21.0499745Z [CACHE HIT] efc3db3a... (hits: 101, misses: 43)
2026-01-18T23:45:21.0500620Z     🤖 AI Next Step Suggestion: click -> Login
2026-01-18T23:45:21.0501162Z     🧩 Suggested Locator: button
2026-01-18T23:45:21.0502172Z     💭 Reasoning: The form is complete, and the login button is visible. Clicking it will attempt to log in.
2026-01-18T23:45:21.0502714Z     ➕ Injected AI step: click -> Login
2026-01-18T23:45:21.0503020Z   ▶️ [STEP step_2_ai_15] CLICK: Login
2026-01-18T23:45:21.0548129Z     🎯 Using AI-provided locator: button
2026-01-18T23:45:21.0598436Z     ✅ Found 1 verified locators
2026-01-18T23:45:25.1038616Z     ✅ State transitioned.
2026-01-18T23:45:25.1095150Z     🔄 Revisited state detected (count: 3)
2026-01-18T23:45:25.1096020Z     ⚠️ Too many revisits (3). Stopping AI step injection to prevent loops.
2026-01-18T23:45:25.1096738Z   ▶️ [STEP step_3] CLICK: Inputs
2026-01-18T23:45:25.1237199Z     🔍 Mining locators for: 'Inputs'
2026-01-18T23:45:25.1662044Z     🧠 Consulting AI (Vision-First) to find 'Inputs'...
2026-01-18T23:45:25.1663328Z     🧠 [EXPERT] Strategy: Act as Senior SDET focusing on exploring the application to understand functional flow and identifying critical paths for end-to-end automation.
2026-01-18T23:45:27.4963891Z [DEBUG] Sending request to gemini-2.0-flash. Number of parts: 2
2026-01-18T23:45:27.4964288Z [DEBUG] Received response (Length: 638)
2026-01-18T23:45:27.4964772Z     ⚠️ Critical step failure: 'priority'
2026-01-18T23:45:27.4965090Z   ▶️ [STEP step_4] ASSERT_URL: 
2026-01-18T23:45:32.5105742Z     ⚠️ Scroll into view failed for text=None. Proceeding anyway.
2026-01-18T23:45:34.5127671Z     ✅ State transitioned.
2026-01-18T23:45:34.5500600Z [CACHE HIT] 640f114c... (hits: 102, misses: 44)
2026-01-18T23:45:34.5501466Z     🤖 AI Next Step Suggestion: fill -> Username
2026-01-18T23:45:34.5502224Z     🧩 Suggested Locator: #username
2026-01-18T23:45:34.5502875Z     💭 Reasoning: The page description indicates the username should be 'tomsmith'.
2026-01-18T23:45:34.5503344Z     ➕ Injected AI step: fill -> Username
2026-01-18T23:45:34.5503660Z   ▶️ [STEP step_4_ai_1] FILL: Username
2026-01-18T23:45:34.5546614Z     🎯 Using AI-provided locator: #username
2026-01-18T23:45:34.5595607Z     ✅ Found 1 verified locators
2026-01-18T23:45:40.5081295Z     ✅ State transitioned.
2026-01-18T23:45:40.5122948Z     🔄 Revisited state detected (count: 1)
2026-01-18T23:45:40.5500958Z [CACHE HIT] 70549c5f... (hits: 103, misses: 44)
2026-01-18T23:45:40.5502155Z     🤖 AI Next Step Suggestion: fill -> Password
2026-01-18T23:45:40.5502829Z     🧩 Suggested Locator: #password
2026-01-18T23:45:40.5503773Z     💭 Reasoning: The username has been filled, now filling the password field to attempt login.
2026-01-18T23:45:40.5504682Z     ➕ Injected AI step: fill -> Password
2026-01-18T23:45:40.5505248Z   ▶️ [STEP step_4_ai_2] FILL: Password
2026-01-18T23:45:40.5549544Z     🎯 Using AI-provided locator: #password
2026-01-18T23:45:40.5599477Z     ✅ Found 1 verified locators
2026-01-18T23:45:48.2776007Z     ✅ State transitioned.
2026-01-18T23:45:48.2817950Z     🔄 Revisited state detected (count: 2)
2026-01-18T23:45:48.3226489Z [CACHE HIT] eca3d424... (hits: 104, misses: 44)
2026-01-18T23:45:48.3227366Z     🤖 AI Next Step Suggestion: click -> Login
2026-01-18T23:45:48.3227973Z     🧩 Suggested Locator: button
2026-01-18T23:45:48.3228816Z     💭 Reasoning: The form is complete, so clicking the login button is the next logical step to attempt authentication.
2026-01-18T23:45:48.3229434Z     ➕ Injected AI step: click -> Login
2026-01-18T23:45:48.3229764Z   ▶️ [STEP step_4_ai_3] CLICK: Login
2026-01-18T23:45:48.3273199Z     🎯 Using AI-provided locator: button
2026-01-18T23:45:48.3323758Z     ✅ Found 1 verified locators
2026-01-18T23:45:52.3677264Z     ✅ State transitioned.
2026-01-18T23:45:52.3734952Z     🔄 Revisited state detected (count: 3)
2026-01-18T23:45:52.3736250Z     ⚠️ Too many revisits (3). Stopping AI step injection to prevent loops.
2026-01-18T23:45:52.3737027Z   ▶️ [STEP step_5] FILL: number
2026-01-18T23:45:52.3875579Z     🔍 Mining locators for: 'number'
2026-01-18T23:45:52.4137916Z     🧠 Consulting AI (Vision-First) to find 'number'...
2026-01-18T23:45:52.4139363Z     🧠 [EXPERT] Strategy: Act as Senior SDET focusing on exploring the application to understand functional flow and identifying critical paths for end-to-end automation.
2026-01-18T23:45:53.8747934Z [DEBUG] Sending request to gemini-2.0-flash. Number of parts: 2
2026-01-18T23:45:53.8748358Z [DEBUG] Received response (Length: 318)
2026-01-18T23:45:53.8749772Z     💡 Expert Suggestion: The 'number' field is not visible on this page. It might be available after logging out and returning to the login form, or on a different page accessible from the main navigation.
2026-01-18T23:45:53.8750755Z     🛠️ Executing corrective action: click -> 'Logout'
2026-01-18T23:45:54.4155198Z     ✅ Executed corrective navigation
2026-01-18T23:45:56.4177473Z     🔄 Retry 1/3 mining locators for 'number'...
2026-01-18T23:45:57.4463677Z     🧠 Consulting AI (Vision-First) to find 'number'...
2026-01-18T23:45:57.4465268Z     🧠 [EXPERT] Strategy: Act as Senior SDET focusing on exploring the application to understand functional flow and identifying critical paths for end-to-end automation.
2026-01-18T23:45:57.4468844Z [CACHE HIT] 6a4498e9... (hits: 105, misses: 45)
2026-01-18T23:45:57.4469579Z     ⚠️ Skipping duplicate injection: Logout
2026-01-18T23:45:57.4470209Z     🔄 Retry 2/3 mining locators for 'number'...
2026-01-18T23:45:58.4481816Z     🗑️ Invalidating stale AI cache (retry 2)...
2026-01-18T23:45:58.4483246Z     ⚠️ Cache invalidation warning: No module named 'core.agents.domain_expert'
2026-01-18T23:45:58.4718453Z     🧠 Consulting AI (Vision-First) to find 'number'...
2026-01-18T23:45:58.4720052Z     🧠 [EXPERT] Strategy: Act as Senior SDET focusing on exploring the application to understand functional flow and identifying critical paths for end-to-end automation.
2026-01-18T23:45:58.4722755Z [CACHE HIT] 6a4498e9... (hits: 106, misses: 45)
2026-01-18T23:45:58.4723378Z     ⚠️ Skipping duplicate injection: Logout
2026-01-18T23:45:58.4724030Z     🧠 Verifying step validity for 'number' after no candidates found...
2026-01-18T23:45:59.6985214Z [DEBUG] Sending request to gemini-2.0-flash. Number of parts: 2
2026-01-18T23:45:59.6985797Z [DEBUG] Received response (Length: 164)
2026-01-18T23:45:59.6986951Z     🗑️ Step deemed INVALID: The element 'number' does not exist on the page. The page displays a secure area with a logout button.. Removing from workflow.
2026-01-18T23:45:59.6988195Z     ⏭️ Skipping execution of invalid step: number
2026-01-18T23:45:59.6988626Z   ▶️ [STEP step_6] ASSERT_VISIBLE: Powered by Elemental Selenium
2026-01-18T23:45:59.7035410Z     🔍 Mining locators for: 'Powered by Elemental Selenium'
2026-01-18T23:45:59.7282624Z     🧠 Consulting AI (Vision-First) to find 'Powered by Elemental Selenium'...
2026-01-18T23:45:59.7284375Z     🧠 [EXPERT] Strategy: Act as Senior SDET focusing on exploring the application to understand functional flow and identifying critical paths for end-to-end automation.
2026-01-18T23:46:05.7828224Z [DEBUG] Sending request to gemini-2.0-flash. Number of parts: 2
2026-01-18T23:46:05.7828658Z [DEBUG] Received response (Length: 628)
2026-01-18T23:46:05.7829331Z     🔄 Retry 1/3 mining locators for 'Powered by Elemental Selenium'...
2026-01-18T23:46:06.8117444Z     🧠 Consulting AI (Vision-First) to find 'Powered by Elemental Selenium'...
2026-01-18T23:46:06.8118680Z     🧠 [EXPERT] Strategy: Act as Senior SDET focusing on exploring the application to understand functional flow and identifying critical paths for end-to-end automation.
2026-01-18T23:46:06.8121756Z [CACHE HIT] 8d52d9d8... (hits: 107, misses: 47)
2026-01-18T23:46:06.8122351Z     🔄 Retry 2/3 mining locators for 'Powered by Elemental Selenium'...
2026-01-18T23:46:07.8134332Z     🗑️ Invalidating stale AI cache (retry 2)...
2026-01-18T23:46:07.8135710Z     ⚠️ Cache invalidation warning: No module named 'core.agents.domain_expert'
2026-01-18T23:46:07.8371492Z     🧠 Consulting AI (Vision-First) to find 'Powered by Elemental Selenium'...
2026-01-18T23:46:07.8373611Z     🧠 [EXPERT] Strategy: Act as Senior SDET focusing on exploring the application to understand functional flow and identifying critical paths for end-to-end automation.
2026-01-18T23:46:07.8387385Z [CACHE HIT] 8d52d9d8... (hits: 108, misses: 47)
2026-01-18T23:46:07.8388311Z     🧠 Verifying step validity for 'Powered by Elemental Selenium' after mining failure...
2026-01-18T23:46:10.2872711Z [DEBUG] Sending request to gemini-2.0-flash. Number of parts: 2
2026-01-18T23:46:10.2873165Z [DEBUG] Received response (Length: 268)
2026-01-18T23:46:10.2874005Z     🛠️ Self-Correction: Step is valid. Using new locator: div[class="example"] > div[class="large-4 large-centered columns"] > a
2026-01-18T23:46:15.7965803Z     ⚠️ Scroll into view failed for div[class="example"] > div[class="large-4 large-centered columns"] > a. Proceeding anyway.
2026-01-18T23:46:17.7988411Z     ✅ State transitioned.
2026-01-18T23:46:19.1829852Z [DEBUG] Sending request to gemini-2.0-flash. Number of parts: 2
2026-01-18T23:46:19.1830566Z [DEBUG] Received response (Length: 267)
2026-01-18T23:46:19.1831428Z     🤖 AI Next Step Suggestion: click -> Logout
2026-01-18T23:46:19.1832435Z     🧩 Suggested Locator: a[href="/logout"]
2026-01-18T23:46:19.1834303Z     💭 Reasoning: The goal is to test authentication and forms. We are currently logged in. Clicking logout will test the logout functionality and allow us to test the login form again.
2026-01-18T23:46:19.1836019Z     ➕ Injected AI step: click -> Logout
2026-01-18T23:46:19.1836648Z   ▶️ [STEP step_6_ai_1] CLICK: Logout
2026-01-18T23:46:19.1886970Z     🎯 Using AI-provided locator: a[href="/logout"]
2026-01-18T23:46:19.1938212Z     ✅ Found 1 verified locators
2026-01-18T23:46:23.2499012Z     ✅ State transitioned.
2026-01-18T23:46:23.2560740Z     🔄 Revisited state detected (count: 1)
2026-01-18T23:46:24.6882094Z [DEBUG] Sending request to gemini-2.0-flash. Number of parts: 2
2026-01-18T23:46:24.6882757Z [DEBUG] Received response (Length: 231)
2026-01-18T23:46:24.6883531Z     🤖 AI Next Step Suggestion: click -> Login
2026-01-18T23:46:24.6884068Z     🧩 Suggested Locator: button
2026-01-18T23:46:24.6884924Z     💭 Reasoning: The username and password fields have been filled. Clicking the Login button is the next logical step to attempt authentication.
2026-01-18T23:46:24.6885709Z     ➕ Injected AI step: click -> Login
2026-01-18T23:46:24.6886034Z   ▶️ [STEP step_6_ai_2] CLICK: Login
2026-01-18T23:46:24.7024783Z     🎯 Using AI-provided locator: button
2026-01-18T23:46:24.7078486Z     ✅ Found 1 verified locators
2026-01-18T23:46:28.7694758Z     ✅ State transitioned.
2026-01-18T23:46:28.7755809Z     🔄 Revisited state detected (count: 2)
2026-01-18T23:46:30.1039295Z [DEBUG] Sending request to gemini-2.0-flash. Number of parts: 2
2026-01-18T23:46:30.1039714Z [DEBUG] Received response (Length: 188)
2026-01-18T23:46:30.1040388Z     🤖 AI Next Step Suggestion: click -> Login
2026-01-18T23:46:30.1040926Z     🧩 Suggested Locator: button
2026-01-18T23:46:30.1042151Z     💭 Reasoning: The form is complete, so clicking the login button is the next logical step to attempt authentication.
2026-01-18T23:46:30.1043020Z ⚠️ Loop detected: same AI suggestion repeated 2 times. Moving to next step.
2026-01-18T23:46:32.1404618Z 🗂️  All generated tests written to /home/runner/work/build_qa_automation/build_qa_automation/projects/ci_the_internet_forms/tests/generated_scenarios.json
2026-01-18T23:46:32.1425605Z 🔄 Updated workflow.json with discovered steps and locators.
2026-01-18T23:46:32.1426061Z 
2026-01-18T23:46:32.1426327Z ✅ Deep Exploration Complete.
2026-01-18T23:50:18.7917862Z 
2026-01-18T23:50:18.7918628Z 🚀 [EXECUTE] Starting Automation Execution Engine
2026-01-18T23:50:18.7919322Z 📍 Project: ci_the_internet_forms
2026-01-18T23:50:18.7919608Z 🎬 Mode: Headless
2026-01-18T23:50:18.7919740Z 
2026-01-18T23:50:18.7919885Z --- Scenario: Authentication - Successful Login ---
2026-01-18T23:50:18.7920294Z   ▶️ [STEP step_1] NAVIGATE: Step step_1
2026-01-18T23:50:18.7920595Z     ✅ Step step_1 Passed.
2026-01-18T23:50:18.7920876Z   ▶️ [STEP step_2] ASSERT_VISIBLE: The Internet
2026-01-18T23:50:18.7921184Z     🎯 Using mined locator: h1
2026-01-18T23:50:18.7922025Z     ✅ Step step_2 Passed.
2026-01-18T23:50:18.7922339Z   ▶️ [STEP step_2_ai_1] CLICK: Form Authentication
2026-01-18T23:50:18.7922675Z     🎯 Using mined locator: a[href='/login']
2026-01-18T23:50:18.7922972Z     ✅ Step step_2_ai_1 Passed.
2026-01-18T23:50:18.7923251Z   ▶️ [STEP step_2_ai_2] FILL: Username
2026-01-18T23:50:18.7923805Z     🎯 Using mined locator: #username
2026-01-18T23:50:18.7924097Z     ✅ Step step_2_ai_2 Passed.
2026-01-18T23:50:18.7924364Z   ▶️ [STEP step_2_ai_3] FILL: Password
2026-01-18T23:50:18.7924658Z     🎯 Using mined locator: #password
2026-01-18T23:50:18.7925162Z     ✅ Step step_2_ai_3 Passed.
2026-01-18T23:50:18.7925663Z   ▶️ [STEP step_2_ai_4] CLICK: Login
2026-01-18T23:50:18.7926196Z     🎯 Using mined locator: button
2026-01-18T23:50:18.7926685Z     ✅ Step step_2_ai_4 Passed.
2026-01-18T23:50:18.7927197Z   ▶️ [STEP step_2_ai_5] CLICK: Logout
2026-01-18T23:50:18.7927769Z     🎯 Using mined locator: a[href="/logout"]
2026-01-18T23:50:18.7928120Z     ✅ Step step_2_ai_5 Passed.
2026-01-18T23:50:18.7928405Z   ▶️ [STEP step_2_ai_6] FILL: Username
2026-01-18T23:50:18.7928691Z     🎯 Using mined locator: #username
2026-01-18T23:50:18.7928955Z     ✅ Step step_2_ai_6 Passed.
2026-01-18T23:50:18.7929255Z   ▶️ [STEP step_2_ai_7] FILL: Password
2026-01-18T23:50:18.7929782Z     🎯 Using mined locator: #password
2026-01-18T23:50:18.7930267Z     ✅ Step step_2_ai_7 Passed.
2026-01-18T23:50:18.7930740Z   ▶️ [STEP step_2_ai_8] CLICK: Login
2026-01-18T23:50:18.7931257Z     🎯 Using mined locator: button
2026-01-18T23:50:18.7931978Z     ✅ Step step_2_ai_8 Passed.
2026-01-18T23:50:18.7932348Z   ▶️ [STEP step_2_ai_9] CLICK: Logout
2026-01-18T23:50:18.7932652Z     🎯 Using mined locator: a[href="/logout"]
2026-01-18T23:50:18.7933130Z     ✅ Step step_2_ai_9 Passed.
2026-01-18T23:50:18.7933398Z   ▶️ [STEP step_2_ai_10] CLICK: Login
2026-01-18T23:50:18.7933671Z     🎯 Using mined locator: button
2026-01-18T23:50:18.7933929Z     ✅ Step step_2_ai_10 Passed.
2026-01-18T23:50:18.7934208Z   ▶️ [STEP step_2_ai_11] FILL: Username
2026-01-18T23:50:18.7934642Z     🎯 Using mined locator: #username
2026-01-18T23:50:18.7935102Z     ✅ Step step_2_ai_11 Passed.
2026-01-18T23:50:18.7935437Z   ▶️ [STEP step_2_ai_12] FILL: Password
2026-01-18T23:50:18.7935977Z     🎯 Using mined locator: #password
2026-01-18T23:50:18.7936529Z     ✅ Step step_2_ai_12 Passed.
2026-01-18T23:50:18.7937060Z   ▶️ [STEP step_2_ai_13] CLICK: Login
2026-01-18T23:50:18.7937582Z     🎯 Using mined locator: button
2026-01-18T23:50:18.7938052Z     ✅ Step step_2_ai_13 Passed.
2026-01-18T23:50:18.7938553Z   ▶️ [STEP step_2_ai_14] CLICK: Logout
2026-01-18T23:50:18.7939143Z     🎯 Using mined locator: role=link[name='Logout']
2026-01-18T23:50:18.7939718Z     ✅ Step step_2_ai_14 Passed.
2026-01-18T23:50:18.7940189Z   ▶️ [STEP step_2_ai_15] CLICK: Login
2026-01-18T23:50:18.7940692Z     🎯 Using mined locator: button
2026-01-18T23:50:18.7941199Z     ✅ Step step_2_ai_15 Passed.
2026-01-18T23:50:18.7942015Z   ▶️ [STEP step_4] ASSERT_URL: Step step_4
2026-01-18T23:50:18.7942533Z     ✅ Step step_4 Passed.
2026-01-18T23:50:18.7943005Z   ▶️ [STEP step_4_ai_1] FILL: Username
2026-01-18T23:50:18.7943317Z     🎯 Using mined locator: #username
2026-01-18T23:50:18.7943642Z     ✅ Step step_4_ai_1 Passed.
2026-01-18T23:50:18.7944072Z   ▶️ [STEP step_4_ai_2] FILL: Password
2026-01-18T23:50:18.7944376Z     🎯 Using mined locator: #password
2026-01-18T23:50:18.7944649Z     ✅ Step step_4_ai_2 Passed.
2026-01-18T23:50:18.7944917Z   ▶️ [STEP step_4_ai_3] CLICK: Login
2026-01-18T23:50:18.7945188Z     🎯 Using mined locator: button
2026-01-18T23:50:18.7945455Z     ✅ Step step_4_ai_3 Passed.
2026-01-18T23:50:18.7945835Z   ▶️ [STEP step_8] ASSERT_VISIBLE: You logged into a secure area!
2026-01-18T23:50:18.7946684Z     🎯 Using mined locator: #flash
2026-01-18T23:50:18.7947173Z     ✅ Step step_8 Passed.
2026-01-18T23:50:18.7947668Z   ▶️ [STEP step_8_ai_1] CLICK: Logout
2026-01-18T23:50:18.7948227Z     🎯 Using mined locator: a[href="/logout"]
2026-01-18T23:50:18.7949100Z     ✅ Step step_8_ai_1 Passed.
2026-01-18T23:50:18.7949613Z   ▶️ [STEP step_8_ai_2] FILL: Username
2026-01-18T23:50:18.7950141Z     🎯 Using mined locator: #username
2026-01-18T23:50:18.7950622Z     ✅ Step step_8_ai_2 Passed.
2026-01-18T23:50:18.7951090Z   ▶️ [STEP step_8_ai_3] FILL: Password
2026-01-18T23:50:18.7952022Z     🎯 Using mined locator: #password
2026-01-18T23:50:18.7952561Z     ✅ Step step_8_ai_3 Passed.
2026-01-18T23:50:18.7953284Z ✅ Scenario 'Authentication - Successful Login' completed successfully!
2026-01-18T23:50:18.7953809Z 
2026-01-18T23:50:18.7954006Z --- Scenario: Authentication - Failed Login ---
2026-01-18T23:50:18.7954607Z   ▶️ [STEP step_1] NAVIGATE: Step step_1
2026-01-18T23:50:18.7956834Z     ✅ Step step_1 Passed.
2026-01-18T23:50:18.7957350Z   ▶️ [STEP step_2] ASSERT_VISIBLE: The Internet
2026-01-18T23:50:18.7957856Z     🎯 Using mined locator: h1
2026-01-18T23:50:18.7958286Z     ✅ Step step_2 Passed.
2026-01-18T23:50:18.7958782Z   ▶️ [STEP step_2_ai_1] CLICK: Form Authentication
2026-01-18T23:50:18.7959410Z     🎯 Using mined locator: a[href='/login']
2026-01-18T23:50:18.7959966Z     ✅ Step step_2_ai_1 Passed.
2026-01-18T23:50:18.7960478Z   ▶️ [STEP step_2_ai_2] FILL: Username
2026-01-18T23:50:18.7961029Z     🎯 Using mined locator: #username
2026-01-18T23:50:18.7961770Z     ✅ Step step_2_ai_2 Passed.
2026-01-18T23:50:18.7962161Z   ▶️ [STEP step_2_ai_3] FILL: Password
2026-01-18T23:50:18.7962463Z     🎯 Using mined locator: #password
2026-01-18T23:50:18.7962741Z     ✅ Step step_2_ai_3 Passed.
2026-01-18T23:50:18.7962994Z   ▶️ [STEP step_2_ai_4] CLICK: Login
2026-01-18T23:50:18.7963267Z     🎯 Using mined locator: button
2026-01-18T23:50:18.7963530Z     ✅ Step step_2_ai_4 Passed.
2026-01-18T23:50:18.7963786Z   ▶️ [STEP step_2_ai_5] CLICK: Logout
2026-01-18T23:50:18.7964074Z     🎯 Using mined locator: a[href="/logout"]
2026-01-18T23:50:18.7964570Z     ✅ Step step_2_ai_5 Passed.
2026-01-18T23:50:18.7965034Z   ▶️ [STEP step_2_ai_6] FILL: Username
2026-01-18T23:50:18.7965517Z     🎯 Using mined locator: #username
2026-01-18T23:50:18.7965997Z     ✅ Step step_2_ai_6 Passed.
2026-01-18T23:50:18.7966477Z   ▶️ [STEP step_2_ai_7] FILL: Password
2026-01-18T23:50:18.7966984Z     🎯 Using mined locator: #password
2026-01-18T23:50:18.7967466Z     ✅ Step step_2_ai_7 Passed.
2026-01-18T23:50:18.7967942Z   ▶️ [STEP step_2_ai_8] CLICK: Login
2026-01-18T23:50:18.7968410Z     🎯 Using mined locator: button
2026-01-18T23:50:18.7968876Z     ✅ Step step_2_ai_8 Passed.
2026-01-18T23:50:18.7969316Z   ▶️ [STEP step_2_ai_9] CLICK: Logout
2026-01-18T23:50:18.7969807Z     🎯 Using mined locator: a[href="/logout"]
2026-01-18T23:50:18.7970310Z     ✅ Step step_2_ai_9 Passed.
2026-01-18T23:50:18.7970755Z   ▶️ [STEP step_2_ai_10] CLICK: Login
2026-01-18T23:50:18.7971245Z     🎯 Using mined locator: button
2026-01-18T23:50:18.7971928Z     ✅ Step step_2_ai_10 Passed.
2026-01-18T23:50:18.7972406Z   ▶️ [STEP step_2_ai_11] FILL: Username
2026-01-18T23:50:18.7972875Z     🎯 Using mined locator: #username
2026-01-18T23:50:18.7973298Z     ✅ Step step_2_ai_11 Passed.
2026-01-18T23:50:18.7973833Z   ▶️ [STEP step_2_ai_12] FILL: Password
2026-01-18T23:50:18.7974281Z     🎯 Using mined locator: #password
2026-01-18T23:50:18.7974741Z     ✅ Step step_2_ai_12 Passed.
2026-01-18T23:50:18.7975022Z   ▶️ [STEP step_2_ai_13] CLICK: Login
2026-01-18T23:50:18.7975476Z     🎯 Using mined locator: button
2026-01-18T23:50:18.7975990Z     ✅ Step step_2_ai_13 Passed.
2026-01-18T23:50:18.7976514Z   ▶️ [STEP step_2_ai_14] CLICK: Logout
2026-01-18T23:50:18.7977102Z     🎯 Using mined locator: role=link[name='Logout']
2026-01-18T23:50:18.7977664Z     ✅ Step step_2_ai_14 Passed.
2026-01-18T23:50:18.7978112Z   ▶️ [STEP step_2_ai_15] CLICK: Login
2026-01-18T23:50:18.7978584Z     🎯 Using mined locator: button
2026-01-18T23:50:18.7978859Z     ✅ Step step_2_ai_15 Passed.
2026-01-18T23:50:18.7979135Z   ▶️ [STEP step_4] ASSERT_URL: Step step_4
2026-01-18T23:50:18.7979410Z     ✅ Step step_4 Passed.
2026-01-18T23:50:18.7979663Z   ▶️ [STEP step_4_ai_1] FILL: Username
2026-01-18T23:50:18.7980315Z     🎯 Using mined locator: #username
2026-01-18T23:50:18.7980815Z     ✅ Step step_4_ai_1 Passed.
2026-01-18T23:50:18.7981211Z   ▶️ [STEP step_4_ai_2] FILL: Password
2026-01-18T23:50:18.7981683Z     🎯 Using mined locator: #password
2026-01-18T23:50:18.7981997Z     ✅ Step step_4_ai_2 Passed.
2026-01-18T23:50:18.7982435Z   ▶️ [STEP step_4_ai_3] CLICK: Login
2026-01-18T23:50:18.7982723Z     🎯 Using mined locator: button
2026-01-18T23:50:18.7982988Z     ✅ Step step_4_ai_3 Passed.
2026-01-18T23:50:18.7983357Z ✅ Scenario 'Authentication - Failed Login' completed successfully!
2026-01-18T23:50:18.7983630Z 
2026-01-18T23:50:18.7983777Z --- Scenario: Form Interaction - Forgot Password ---
2026-01-18T23:50:18.7984130Z   ▶️ [STEP step_1] NAVIGATE: Step step_1
2026-01-18T23:50:18.7984408Z     ✅ Step step_1 Passed.
2026-01-18T23:50:18.7984690Z   ▶️ [STEP step_2] ASSERT_VISIBLE: The Internet
2026-01-18T23:50:18.7985072Z     🎯 Using mined locator: h1
2026-01-18T23:50:18.7985327Z     ✅ Step step_2 Passed.
2026-01-18T23:50:18.7985615Z   ▶️ [STEP step_2_ai_1] CLICK: Form Authentication
2026-01-18T23:50:18.7985944Z     🎯 Using mined locator: a[href='/login']
2026-01-18T23:50:18.7986231Z     ✅ Step step_2_ai_1 Passed.
2026-01-18T23:50:18.7986491Z   ▶️ [STEP step_2_ai_2] FILL: Username
2026-01-18T23:50:18.7986777Z     🎯 Using mined locator: #username
2026-01-18T23:50:18.7987055Z     ✅ Step step_2_ai_2 Passed.
2026-01-18T23:50:18.7987312Z   ▶️ [STEP step_2_ai_3] FILL: Password
2026-01-18T23:50:18.7987588Z     🎯 Using mined locator: #password
2026-01-18T23:50:18.7987849Z     ✅ Step step_2_ai_3 Passed.
2026-01-18T23:50:18.7988104Z   ▶️ [STEP step_2_ai_4] CLICK: Login
2026-01-18T23:50:18.7988375Z     🎯 Using mined locator: button
2026-01-18T23:50:18.7988634Z     ✅ Step step_2_ai_4 Passed.
2026-01-18T23:50:18.7988881Z   ▶️ [STEP step_2_ai_5] CLICK: Logout
2026-01-18T23:50:18.7989174Z     🎯 Using mined locator: a[href="/logout"]
2026-01-18T23:50:18.7989459Z     ✅ Step step_2_ai_5 Passed.
2026-01-18T23:50:18.7989722Z   ▶️ [STEP step_2_ai_6] FILL: Username
2026-01-18T23:50:18.7989990Z     🎯 Using mined locator: #username
2026-01-18T23:50:18.7990250Z     ✅ Step step_2_ai_6 Passed.
2026-01-18T23:50:18.7990503Z   ▶️ [STEP step_2_ai_7] FILL: Password
2026-01-18T23:50:18.7990777Z     🎯 Using mined locator: #password
2026-01-18T23:50:18.7991043Z     ✅ Step step_2_ai_7 Passed.
2026-01-18T23:50:18.7991294Z   ▶️ [STEP step_2_ai_8] CLICK: Login
2026-01-18T23:50:18.7991724Z     🎯 Using mined locator: button
2026-01-18T23:50:18.7991996Z     ✅ Step step_2_ai_8 Passed.
2026-01-18T23:50:18.7992244Z   ▶️ [STEP step_2_ai_9] CLICK: Logout
2026-01-18T23:50:18.7992530Z     🎯 Using mined locator: a[href="/logout"]
2026-01-18T23:50:18.7992816Z     ✅ Step step_2_ai_9 Passed.
2026-01-18T23:50:18.7993071Z   ▶️ [STEP step_2_ai_10] CLICK: Login
2026-01-18T23:50:18.7993334Z     🎯 Using mined locator: button
2026-01-18T23:50:18.7993599Z     ✅ Step step_2_ai_10 Passed.
2026-01-18T23:50:18.7993861Z   ▶️ [STEP step_2_ai_11] FILL: Username
2026-01-18T23:50:18.7994153Z     🎯 Using mined locator: #username
2026-01-18T23:50:18.7994413Z     ✅ Step step_2_ai_11 Passed.
2026-01-18T23:50:18.7994673Z   ▶️ [STEP step_2_ai_12] FILL: Password
2026-01-18T23:50:18.7994954Z     🎯 Using mined locator: #password
2026-01-18T23:50:18.7995224Z     ✅ Step step_2_ai_12 Passed.
2026-01-18T23:50:18.7995610Z   ▶️ [STEP step_2_ai_13] CLICK: Login
2026-01-18T23:50:18.7995885Z     🎯 Using mined locator: button
2026-01-18T23:50:18.7996143Z     ✅ Step step_2_ai_13 Passed.
2026-01-18T23:50:18.7996402Z   ▶️ [STEP step_2_ai_14] CLICK: Logout
2026-01-18T23:50:18.7996726Z     🎯 Using mined locator: role=link[name='Logout']
2026-01-18T23:50:18.7997034Z     ✅ Step step_2_ai_14 Passed.
2026-01-18T23:50:18.7997292Z   ▶️ [STEP step_2_ai_15] CLICK: Login
2026-01-18T23:50:18.7997558Z     🎯 Using mined locator: button
2026-01-18T23:50:18.7997818Z     ✅ Step step_2_ai_15 Passed.
2026-01-18T23:50:18.7998079Z   ▶️ [STEP step_4] ASSERT_URL: Step step_4
2026-01-18T23:50:18.7998523Z     ✅ Step step_4 Passed.
2026-01-18T23:50:18.7998770Z   ▶️ [STEP step_4_ai_1] FILL: Username
2026-01-18T23:50:18.7999047Z     🎯 Using mined locator: #username
2026-01-18T23:50:18.7999312Z     ✅ Step step_4_ai_1 Passed.
2026-01-18T23:50:18.7999569Z   ▶️ [STEP step_4_ai_2] FILL: Password
2026-01-18T23:50:18.7999850Z     🎯 Using mined locator: #password
2026-01-18T23:50:18.8000114Z     ✅ Step step_4_ai_2 Passed.
2026-01-18T23:50:18.8000369Z   ▶️ [STEP step_4_ai_3] CLICK: Login
2026-01-18T23:50:18.8000637Z     🎯 Using mined locator: button
2026-01-18T23:50:18.8000888Z     ✅ Step step_4_ai_3 Passed.
2026-01-18T23:50:18.8001265Z ✅ Scenario 'Form Interaction - Forgot Password' completed successfully!
2026-01-18T23:50:18.8001748Z 
2026-01-18T23:50:18.8001859Z --- Scenario: Form Interaction - Inputs ---
2026-01-18T23:52:14.5913867Z   ▶️ [STEP step_1] NAVIGATE: Step step_1
2026-01-18T23:52:14.5914423Z     ✅ Step step_1 Passed.
2026-01-18T23:52:14.5914986Z   ▶️ [STEP step_2] ASSERT_VISIBLE: The Internet
2026-01-18T23:52:14.5915651Z     🎯 Using mined locator: h1
2026-01-18T23:52:14.5916120Z     ✅ Step step_2 Passed.
2026-01-18T23:52:14.5916638Z   ▶️ [STEP step_2_ai_1] CLICK: Form Authentication
2026-01-18T23:52:14.5917235Z     🎯 Using mined locator: a[href='/login']
2026-01-18T23:52:14.5917754Z     ✅ Step step_2_ai_1 Passed.
2026-01-18T23:52:14.5918241Z   ▶️ [STEP step_2_ai_2] FILL: Username
2026-01-18T23:52:14.5918727Z     🎯 Using mined locator: #username
2026-01-18T23:52:14.5919020Z     ✅ Step step_2_ai_2 Passed.
2026-01-18T23:52:14.5919293Z   ▶️ [STEP step_2_ai_3] FILL: Password
2026-01-18T23:52:14.5919571Z     🎯 Using mined locator: #password
2026-01-18T23:52:14.5919838Z     ✅ Step step_2_ai_3 Passed.
2026-01-18T23:52:14.5920092Z   ▶️ [STEP step_2_ai_4] CLICK: Login
2026-01-18T23:52:14.5920368Z     🎯 Using mined locator: button
2026-01-18T23:52:14.5920633Z     ✅ Step step_2_ai_4 Passed.
2026-01-18T23:52:14.5920897Z   ▶️ [STEP step_2_ai_5] CLICK: Logout
2026-01-18T23:52:14.5921195Z     🎯 Using mined locator: a[href="/logout"]
2026-01-18T23:52:14.5921498Z     ✅ Step step_2_ai_5 Passed.
2026-01-18T23:52:14.5922011Z   ▶️ [STEP step_2_ai_6] FILL: Username
2026-01-18T23:52:14.5922290Z     🎯 Using mined locator: #username
2026-01-18T23:52:14.5922555Z     ✅ Step step_2_ai_6 Passed.
2026-01-18T23:52:14.5922821Z   ▶️ [STEP step_2_ai_7] FILL: Password
2026-01-18T23:52:14.5923092Z     🎯 Using mined locator: #password
2026-01-18T23:52:14.5923374Z     ✅ Step step_2_ai_7 Passed.
2026-01-18T23:52:14.5923635Z   ▶️ [STEP step_2_ai_8] CLICK: Login
2026-01-18T23:52:14.5923908Z     🎯 Using mined locator: button
2026-01-18T23:52:14.5924171Z     ✅ Step step_2_ai_8 Passed.
2026-01-18T23:52:14.5924419Z   ▶️ [STEP step_2_ai_9] CLICK: Logout
2026-01-18T23:52:14.5924712Z     🎯 Using mined locator: a[href="/logout"]
2026-01-18T23:52:14.5924998Z     ✅ Step step_2_ai_9 Passed.
2026-01-18T23:52:14.5925251Z   ▶️ [STEP step_2_ai_10] CLICK: Login
2026-01-18T23:52:14.5925516Z     🎯 Using mined locator: button
2026-01-18T23:52:14.5925803Z     ✅ Step step_2_ai_10 Passed.
2026-01-18T23:52:14.5926084Z   ▶️ [STEP step_2_ai_11] FILL: Username
2026-01-18T23:52:14.5926366Z     🎯 Using mined locator: #username
2026-01-18T23:52:14.5926627Z     ✅ Step step_2_ai_11 Passed.
2026-01-18T23:52:14.5926889Z   ▶️ [STEP step_2_ai_12] FILL: Password
2026-01-18T23:52:14.5927401Z     🎯 Using mined locator: #password
2026-01-18T23:52:14.5927684Z     ✅ Step step_2_ai_12 Passed.
2026-01-18T23:52:14.5927942Z   ▶️ [STEP step_2_ai_13] CLICK: Login
2026-01-18T23:52:14.5928207Z     🎯 Using mined locator: button
2026-01-18T23:52:14.5928468Z     ✅ Step step_2_ai_13 Passed.
2026-01-18T23:52:14.5928724Z   ▶️ [STEP step_2_ai_14] CLICK: Logout
2026-01-18T23:52:14.5929044Z     🎯 Using mined locator: role=link[name='Logout']
2026-01-18T23:52:14.5929352Z     ✅ Step step_2_ai_14 Passed.
2026-01-18T23:52:14.5929615Z   ▶️ [STEP step_2_ai_15] CLICK: Login
2026-01-18T23:52:14.5929890Z     🎯 Using mined locator: button
2026-01-18T23:52:14.5930152Z     ✅ Step step_2_ai_15 Passed.
2026-01-18T23:52:14.5930585Z   ▶️ [STEP step_3] CLICK: Inputs
2026-01-18T23:52:14.5931043Z     ❌ Attempt 1 failed (element_not_found): Locator.bounding_box: Timeout 30000ms exceeded.
2026-01-18T23:52:14.5931450Z Call log:
2026-01-18T23:52:14.5931870Z   - waiting for locator("text=Inputs")
2026-01-18T23:52:14.5932104Z ...
2026-01-18T23:52:14.5932404Z     🔧 [AUTO-HEAL] Re-mining page to find 'Inputs'...
2026-01-18T23:52:14.5932774Z [DEBUG] Sending request to gemini-2.0-flash. Number of parts: 2
2026-01-18T23:52:14.5933112Z [DEBUG] Received response (Length: 602)
2026-01-18T23:52:14.5933471Z     ✨ AI successfully healed the step! Found 2 alternatives.
2026-01-18T23:52:14.5933945Z     ✨ AI successfully healed the step! New selector: input[name='username']
2026-01-18T23:52:14.5934337Z     ✅ Step step_3 Passed.
2026-01-18T23:52:14.5934606Z   ▶️ [STEP step_4] ASSERT_URL: Step step_4
2026-01-18T23:52:14.5934881Z     ✅ Step step_4 Passed.
2026-01-18T23:52:14.5935131Z   ▶️ [STEP step_4_ai_1] FILL: Username
2026-01-18T23:52:14.5935428Z     🎯 Using mined locator: #username
2026-01-18T23:52:14.5935701Z     ✅ Step step_4_ai_1 Passed.
2026-01-18T23:52:14.5935958Z   ▶️ [STEP step_4_ai_2] FILL: Password
2026-01-18T23:52:14.5936240Z     🎯 Using mined locator: #password
2026-01-18T23:52:14.5936507Z     ✅ Step step_4_ai_2 Passed.
2026-01-18T23:52:14.5936770Z   ▶️ [STEP step_4_ai_3] CLICK: Login
2026-01-18T23:52:14.5937037Z     🎯 Using mined locator: button
2026-01-18T23:52:14.5937298Z     ✅ Step step_4_ai_3 Passed.
2026-01-18T23:52:14.5937637Z   ▶️ [STEP step_6] ASSERT_VISIBLE: Powered by Elemental Selenium
2026-01-18T23:52:14.5938103Z     ⚠️ Mined locators not found on page. Falling back to semantic search.
2026-01-18T23:52:14.5938475Z     ✅ Step step_6 Passed.
2026-01-18T23:52:14.5938716Z   ▶️ [STEP step_6_ai_1] CLICK: Logout
2026-01-18T23:52:14.5939010Z     🎯 Using mined locator: a[href="/logout"]
2026-01-18T23:52:14.5939298Z     ✅ Step step_6_ai_1 Passed.
2026-01-18T23:52:14.5939554Z   ▶️ [STEP step_6_ai_2] CLICK: Login
2026-01-18T23:52:14.5939832Z     🎯 Using mined locator: button
2026-01-18T23:52:14.5940091Z     ✅ Step step_6_ai_2 Passed.
2026-01-18T23:52:14.5940431Z ✅ Scenario 'Form Interaction - Inputs' completed successfully!
2026-01-18T23:52:14.5940693Z 
2026-01-18T23:52:14.5940795Z ============================================================
2026-01-18T23:52:14.5941089Z 🎯 EXECUTION SUMMARY
2026-01-18T23:52:14.5941302Z ============================================================
2026-01-18T23:52:14.5941488Z 
2026-01-18T23:52:14.5941856Z 📋 Scenario Overview:
2026-01-18T23:52:14.5942306Z    • Total Scenarios Planned: 4
2026-01-18T23:52:14.5942580Z    • Scenarios Executed: 4
2026-01-18T23:52:14.5942832Z    • Total Steps Executed: 92
2026-01-18T23:52:14.5942983Z 
2026-01-18T23:52:14.5943069Z ✅ Results:
2026-01-18T23:52:14.5943344Z    ✅ Passed: 4 (100%)
2026-01-18T23:52:14.5943465Z 
2026-01-18T23:52:14.5943563Z ============================================================
2026-01-18T23:52:14.5943747Z 
2026-01-18T23:52:14.5944267Z 🏁 Execution Finished. Report: /home/runner/work/build_qa_automation/build_qa_automation/projects/ci_the_internet_forms/execution.json
2026-01-18T23:52:14.6928659Z 
2026-01-18T23:52:14.6929278Z [PHASE] Running Phase: DISCOVERY
2026-01-18T23:52:14.6930832Z    Command: /opt/hostedtoolcache/Python/3.11.14/x64/bin/python /home/runner/work/build_qa_automation/build_qa_automation/core/agents/discovery.py --project /home/runner/work/build_qa_automation/build_qa_automation/projects/ci_the_internet_forms --url https://the-internet.herokuapp.com/ --deep
2026-01-18T23:52:14.6932738Z ✅ Phase 'discovery' completed successfully.
2026-01-18T23:52:14.6932944Z 
2026-01-18T23:52:14.6933043Z [PHASE] Running Phase: PLANNING
2026-01-18T23:52:14.6934295Z    Command: /opt/hostedtoolcache/Python/3.11.14/x64/bin/python /home/runner/work/build_qa_automation/build_qa_automation/core/agents/planner.py --project /home/runner/work/build_qa_automation/build_qa_automation/projects/ci_the_internet_forms --goal Test authentication and forms --url https://the-internet.herokuapp.com/ --deep
2026-01-18T23:52:14.6935844Z ✅ Phase 'planning' completed successfully.
2026-01-18T23:52:14.6936043Z 
2026-01-18T23:52:14.6936136Z [PHASE] Running Phase: EXPLORATION
2026-01-18T23:52:14.6937105Z    Command: /opt/hostedtoolcache/Python/3.11.14/x64/bin/python /home/runner/work/build_qa_automation/build_qa_automation/core/agents/deep_explorer.py --project /home/runner/work/build_qa_automation/build_qa_automation/projects/ci_the_internet_forms
2026-01-18T23:52:14.6938132Z ✅ Phase 'exploration' completed successfully.
2026-01-18T23:52:14.6938507Z 📊 Exploration Discovery Success Rate: 94.3%
2026-01-18T23:52:14.6938699Z 
2026-01-18T23:52:14.6938792Z [PHASE] Running Phase: EXECUTION
2026-01-18T23:52:14.6939712Z    Command: /opt/hostedtoolcache/Python/3.11.14/x64/bin/python /home/runner/work/build_qa_automation/build_qa_automation/core/agents/executor.py --project /home/runner/work/build_qa_automation/build_qa_automation/projects/ci_the_internet_forms
2026-01-18T23:52:14.6940715Z ✅ Phase 'execution' completed successfully.
2026-01-18T23:52:14.6940907Z 
2026-01-18T23:52:14.6941006Z [DONE] Pipeline Execution Finished! [DONE]
2026-01-18T23:52:14.7870146Z ##[group]Run RESULT_FILE="projects/ci_the_internet_forms/execution.json"
2026-01-18T23:52:14.7870701Z [36;1mRESULT_FILE="projects/ci_the_internet_forms/execution.json"[0m
2026-01-18T23:52:14.7871064Z [36;1mif [ -f "$RESULT_FILE" ]; then[0m
2026-01-18T23:52:14.7871405Z [36;1m  echo "✅ Results generated successfully: $RESULT_FILE"[0m
2026-01-18T23:52:14.7872014Z [36;1m  cat "$RESULT_FILE" | jq '.scenarios | length' || echo "Result file exists"[0m
2026-01-18T23:52:14.7872388Z [36;1melse[0m
2026-01-18T23:52:14.7872616Z [36;1m  echo "❌ No result file found at $RESULT_FILE"[0m
2026-01-18T23:52:14.7872901Z [36;1m  exit 1[0m
2026-01-18T23:52:14.7873078Z [36;1mfi[0m
2026-01-18T23:52:14.7916261Z shell: /usr/bin/bash -e {0}
2026-01-18T23:52:14.7916622Z env:
2026-01-18T23:52:14.7916997Z   pythonLocation: /opt/hostedtoolcache/Python/3.11.14/x64
2026-01-18T23:52:14.7917455Z   PKG_CONFIG_PATH: /opt/hostedtoolcache/Python/3.11.14/x64/lib/pkgconfig
2026-01-18T23:52:14.7917910Z   Python_ROOT_DIR: /opt/hostedtoolcache/Python/3.11.14/x64
2026-01-18T23:52:14.7918279Z   Python2_ROOT_DIR: /opt/hostedtoolcache/Python/3.11.14/x64
2026-01-18T23:52:14.7918662Z   Python3_ROOT_DIR: /opt/hostedtoolcache/Python/3.11.14/x64
2026-01-18T23:52:14.7919039Z   LD_LIBRARY_PATH: /opt/hostedtoolcache/Python/3.11.14/x64/lib
2026-01-18T23:52:14.7919348Z ##[endgroup]
2026-01-18T23:52:14.7973496Z ✅ Results generated successfully: projects/ci_the_internet_forms/execution.json
2026-01-18T23:52:14.8000689Z 4
2026-01-18T23:52:14.8218470Z ##[group]Run actions/upload-artifact@v4
2026-01-18T23:52:14.8218764Z with:
2026-01-18T23:52:14.8218976Z   name: the_internet_forms-execution-results
2026-01-18T23:52:14.8219466Z   path: projects/ci_the_internet_forms/execution.json
projects/ci_the_internet_forms/workflow.json

2026-01-18T23:52:14.8219924Z   retention-days: 30
2026-01-18T23:52:14.8220140Z   if-no-files-found: warn
2026-01-18T23:52:14.8220355Z   compression-level: 6
2026-01-18T23:52:14.8220551Z   overwrite: false
2026-01-18T23:52:14.8220745Z   include-hidden-files: false
2026-01-18T23:52:14.8220954Z env:
2026-01-18T23:52:14.8221186Z   pythonLocation: /opt/hostedtoolcache/Python/3.11.14/x64
2026-01-18T23:52:14.8221743Z   PKG_CONFIG_PATH: /opt/hostedtoolcache/Python/3.11.14/x64/lib/pkgconfig
2026-01-18T23:52:14.8222151Z   Python_ROOT_DIR: /opt/hostedtoolcache/Python/3.11.14/x64
2026-01-18T23:52:14.8222507Z   Python2_ROOT_DIR: /opt/hostedtoolcache/Python/3.11.14/x64
2026-01-18T23:52:14.8222893Z   Python3_ROOT_DIR: /opt/hostedtoolcache/Python/3.11.14/x64
2026-01-18T23:52:14.8223257Z   LD_LIBRARY_PATH: /opt/hostedtoolcache/Python/3.11.14/x64/lib
2026-01-18T23:52:14.8223553Z ##[endgroup]
2026-01-18T23:52:15.0339380Z Multiple search paths detected. Calculating the least common ancestor of all paths
2026-01-18T23:52:15.0342233Z The least common ancestor is /home/runner/work/build_qa_automation/build_qa_automation/projects/ci_the_internet_forms. This will be the root directory of the artifact
2026-01-18T23:52:15.0343952Z With the provided path, there will be 2 files uploaded
2026-01-18T23:52:15.0349738Z Artifact name is valid!
2026-01-18T23:52:15.0350912Z Root directory input is valid!
2026-01-18T23:52:15.2784795Z Beginning upload of artifact content to blob storage
2026-01-18T23:52:15.5652212Z Uploaded bytes 2292
2026-01-18T23:52:15.6368687Z Finished uploading artifact content to blob storage!
2026-01-18T23:52:15.6371864Z SHA256 digest of uploaded artifact zip is 1e1fa095113132ab9213c6cb595daf2da65935d293833b0a8e81df0cd05c6bc0
2026-01-18T23:52:15.6374660Z Finalizing artifact upload
2026-01-18T23:52:15.7665654Z Artifact the_internet_forms-execution-results.zip successfully finalized. Artifact ID 5171047715
2026-01-18T23:52:15.7667199Z Artifact the_internet_forms-execution-results has been successfully uploaded! Final size is 2292 bytes. Artifact ID is 5171047715
2026-01-18T23:52:15.7674286Z Artifact download URL: https://github.com/vishvasmca-cmd/build_qa_automation/actions/runs/21120211878/artifacts/5171047715
2026-01-18T23:52:15.7976151Z Post job cleanup.
2026-01-18T23:52:15.9467137Z Cache hit occurred on the primary key setup-python-Linux-x64-24.04-Ubuntu-python-3.11.14-pip-dde08d0e0b672972dcda9f1a063036a2e0c226f5d0a20362e9401931676d80a4, not saving cache.
2026-01-18T23:52:15.9896922Z Post job cleanup.
2026-01-18T23:52:16.0836200Z [command]/usr/bin/git version
2026-01-18T23:52:16.0877683Z git version 2.52.0
2026-01-18T23:52:16.0936022Z Temporarily overriding HOME='/home/runner/work/_temp/6eb9de6b-edef-4b2f-b157-f4e0b60588e2' before making global git config changes
2026-01-18T23:52:16.0937600Z Adding repository directory to the temporary git global config as a safe directory
2026-01-18T23:52:16.0950526Z [command]/usr/bin/git config --global --add safe.directory /home/runner/work/build_qa_automation/build_qa_automation
2026-01-18T23:52:16.0984658Z [command]/usr/bin/git config --local --name-only --get-regexp core\.sshCommand
2026-01-18T23:52:16.1016701Z [command]/usr/bin/git submodule foreach --recursive sh -c "git config --local --name-only --get-regexp 'core\.sshCommand' && git config --local --unset-all 'core.sshCommand' || :"
2026-01-18T23:52:16.1242826Z [command]/usr/bin/git config --local --name-only --get-regexp http\.https\:\/\/github\.com\/\.extraheader
2026-01-18T23:52:16.1262662Z http.https://github.com/.extraheader
2026-01-18T23:52:16.1275034Z [command]/usr/bin/git config --local --unset-all http.https://github.com/.extraheader
2026-01-18T23:52:16.1304782Z [command]/usr/bin/git submodule foreach --recursive sh -c "git config --local --name-only --get-regexp 'http\.https\:\/\/github\.com\/\.extraheader' && git config --local --unset-all 'http.https://github.com/.extraheader' || :"
2026-01-18T23:52:16.1522542Z [command]/usr/bin/git config --local --name-only --get-regexp ^includeIf\.gitdir:
2026-01-18T23:52:16.1552732Z [command]/usr/bin/git submodule foreach --recursive git config --local --show-origin --name-only --get-regexp remote.origin.url
2026-01-18T23:52:16.1874068Z Cleaning up orphan processes
