2026-01-20T00:06:16.5205432Z Current runner version: '2.331.0'
2026-01-20T00:06:16.5228365Z ##[group]Runner Image Provisioner
2026-01-20T00:06:16.5229722Z Hosted Compute Agent
2026-01-20T00:06:16.5230321Z Version: 20251211.462
2026-01-20T00:06:16.5230892Z Commit: 6cbad8c2bb55d58165063d031ccabf57e2d2db61
2026-01-20T00:06:16.5231630Z Build Date: 2025-12-11T16:28:49Z
2026-01-20T00:06:16.5232313Z Worker ID: {e2e8aa34-6cb8-4551-8ef2-b87a0f1fc833}
2026-01-20T00:06:16.5232988Z ##[endgroup]
2026-01-20T00:06:16.5233557Z ##[group]Operating System
2026-01-20T00:06:16.5234118Z Ubuntu
2026-01-20T00:06:16.5234549Z 24.04.3
2026-01-20T00:06:16.5235029Z LTS
2026-01-20T00:06:16.5235467Z ##[endgroup]
2026-01-20T00:06:16.5235999Z ##[group]Runner Image
2026-01-20T00:06:16.5236578Z Image: ubuntu-24.04
2026-01-20T00:06:16.5237069Z Version: 20260111.209.1
2026-01-20T00:06:16.5238072Z Included Software: https://github.com/actions/runner-images/blob/ubuntu24/20260111.209/images/ubuntu/Ubuntu2404-Readme.md
2026-01-20T00:06:16.5239873Z Image Release: https://github.com/actions/runner-images/releases/tag/ubuntu24%2F20260111.209
2026-01-20T00:06:16.5240876Z ##[endgroup]
2026-01-20T00:06:16.5242018Z ##[group]GITHUB_TOKEN Permissions
2026-01-20T00:06:16.5243811Z Contents: read
2026-01-20T00:06:16.5244332Z Metadata: read
2026-01-20T00:06:16.5244983Z Packages: read
2026-01-20T00:06:16.5245500Z ##[endgroup]
2026-01-20T00:06:16.5247874Z Secret source: Actions
2026-01-20T00:06:16.5248753Z Prepare workflow directory
2026-01-20T00:06:16.5583014Z Prepare all required actions
2026-01-20T00:06:16.5621259Z Getting action download info
2026-01-20T00:06:16.9293037Z Download action repository 'actions/checkout@v4' (SHA:34e114876b0b11c390a56381ad16ebd13914f8d5)
2026-01-20T00:06:17.0218451Z Download action repository 'actions/setup-python@v5' (SHA:a26af69be951a213d495a4c3e4e4022e16d87065)
2026-01-20T00:06:17.1058349Z Download action repository 'actions/upload-artifact@v4' (SHA:ea165f8d65b6e75b540449e92b4886f43607fa02)
2026-01-20T00:06:17.3323097Z Complete job name: test-websites-deep (saucedemo_locked, https://www.saucedemo.com/, Test locked user scenarios)
2026-01-20T00:06:17.4054438Z ##[group]Run actions/checkout@v4
2026-01-20T00:06:17.4055325Z with:
2026-01-20T00:06:17.4055816Z   repository: vishvasmca-cmd/build_qa_automation
2026-01-20T00:06:17.4056594Z   token: ***
2026-01-20T00:06:17.4057007Z   ssh-strict: true
2026-01-20T00:06:17.4057434Z   ssh-user: git
2026-01-20T00:06:17.4057864Z   persist-credentials: true
2026-01-20T00:06:17.4058349Z   clean: true
2026-01-20T00:06:17.4059148Z   sparse-checkout-cone-mode: true
2026-01-20T00:06:17.4059832Z   fetch-depth: 1
2026-01-20T00:06:17.4060267Z   fetch-tags: false
2026-01-20T00:06:17.4060700Z   show-progress: true
2026-01-20T00:06:17.4061142Z   lfs: false
2026-01-20T00:06:17.4061547Z   submodules: false
2026-01-20T00:06:17.4061977Z   set-safe-directory: true
2026-01-20T00:06:17.4062841Z ##[endgroup]
2026-01-20T00:06:17.5179380Z Syncing repository: vishvasmca-cmd/build_qa_automation
2026-01-20T00:06:17.5182624Z ##[group]Getting Git version info
2026-01-20T00:06:17.5184363Z Working directory is '/home/runner/work/build_qa_automation/build_qa_automation'
2026-01-20T00:06:17.5186622Z [command]/usr/bin/git version
2026-01-20T00:06:17.5237712Z git version 2.52.0
2026-01-20T00:06:17.5265524Z ##[endgroup]
2026-01-20T00:06:17.5289859Z Temporarily overriding HOME='/home/runner/work/_temp/8d713468-991d-4cce-bd61-3bfb81e1205e' before making global git config changes
2026-01-20T00:06:17.5292594Z Adding repository directory to the temporary git global config as a safe directory
2026-01-20T00:06:17.5296288Z [command]/usr/bin/git config --global --add safe.directory /home/runner/work/build_qa_automation/build_qa_automation
2026-01-20T00:06:17.5338474Z Deleting the contents of '/home/runner/work/build_qa_automation/build_qa_automation'
2026-01-20T00:06:17.5341809Z ##[group]Initializing the repository
2026-01-20T00:06:17.5345882Z [command]/usr/bin/git init /home/runner/work/build_qa_automation/build_qa_automation
2026-01-20T00:06:17.5468573Z hint: Using 'master' as the name for the initial branch. This default branch name
2026-01-20T00:06:17.5471024Z hint: will change to "main" in Git 3.0. To configure the initial branch name
2026-01-20T00:06:17.5473144Z hint: to use in all of your new repositories, which will suppress this warning,
2026-01-20T00:06:17.5474877Z hint: call:
2026-01-20T00:06:17.5475628Z hint:
2026-01-20T00:06:17.5476386Z hint: 	git config --global init.defaultBranch <name>
2026-01-20T00:06:17.5477138Z hint:
2026-01-20T00:06:17.5477827Z hint: Names commonly chosen instead of 'master' are 'main', 'trunk' and
2026-01-20T00:06:17.5479351Z hint: 'development'. The just-created branch can be renamed via this command:
2026-01-20T00:06:17.5480317Z hint:
2026-01-20T00:06:17.5480980Z hint: 	git branch -m <name>
2026-01-20T00:06:17.5481496Z hint:
2026-01-20T00:06:17.5482097Z hint: Disable this message with "git config set advice.defaultBranchName false"
2026-01-20T00:06:17.5483354Z Initialized empty Git repository in /home/runner/work/build_qa_automation/build_qa_automation/.git/
2026-01-20T00:06:17.5486110Z [command]/usr/bin/git remote add origin https://github.com/vishvasmca-cmd/build_qa_automation
2026-01-20T00:06:17.5521187Z ##[endgroup]
2026-01-20T00:06:17.5521940Z ##[group]Disabling automatic garbage collection
2026-01-20T00:06:17.5525077Z [command]/usr/bin/git config --local gc.auto 0
2026-01-20T00:06:17.5558080Z ##[endgroup]
2026-01-20T00:06:17.5559690Z ##[group]Setting up auth
2026-01-20T00:06:17.5566356Z [command]/usr/bin/git config --local --name-only --get-regexp core\.sshCommand
2026-01-20T00:06:17.5600813Z [command]/usr/bin/git submodule foreach --recursive sh -c "git config --local --name-only --get-regexp 'core\.sshCommand' && git config --local --unset-all 'core.sshCommand' || :"
2026-01-20T00:06:17.5947808Z [command]/usr/bin/git config --local --name-only --get-regexp http\.https\:\/\/github\.com\/\.extraheader
2026-01-20T00:06:17.5981087Z [command]/usr/bin/git submodule foreach --recursive sh -c "git config --local --name-only --get-regexp 'http\.https\:\/\/github\.com\/\.extraheader' && git config --local --unset-all 'http.https://github.com/.extraheader' || :"
2026-01-20T00:06:17.6217879Z [command]/usr/bin/git config --local --name-only --get-regexp ^includeIf\.gitdir:
2026-01-20T00:06:17.6251871Z [command]/usr/bin/git submodule foreach --recursive git config --local --show-origin --name-only --get-regexp remote.origin.url
2026-01-20T00:06:17.6478004Z [command]/usr/bin/git config --local http.https://github.com/.extraheader AUTHORIZATION: basic ***
2026-01-20T00:06:17.6554188Z ##[endgroup]
2026-01-20T00:06:17.6555645Z ##[group]Fetching the repository
2026-01-20T00:06:17.6564256Z [command]/usr/bin/git -c protocol.version=2 fetch --no-tags --prune --no-recurse-submodules --depth=1 origin +d25504decfc404871c7c3bd5ac186d61498b2813:refs/remotes/origin/main
2026-01-20T00:06:19.0201690Z From https://github.com/vishvasmca-cmd/build_qa_automation
2026-01-20T00:06:19.0204414Z  * [new ref]         d25504decfc404871c7c3bd5ac186d61498b2813 -> origin/main
2026-01-20T00:06:19.0235694Z ##[endgroup]
2026-01-20T00:06:19.0237610Z ##[group]Determining the checkout info
2026-01-20T00:06:19.0240292Z ##[endgroup]
2026-01-20T00:06:19.0244175Z [command]/usr/bin/git sparse-checkout disable
2026-01-20T00:06:19.0288477Z [command]/usr/bin/git config --local --unset-all extensions.worktreeConfig
2026-01-20T00:06:19.0315691Z ##[group]Checking out the ref
2026-01-20T00:06:19.0319986Z [command]/usr/bin/git checkout --progress --force -B main refs/remotes/origin/main
2026-01-20T00:06:19.1904172Z Switched to a new branch 'main'
2026-01-20T00:06:19.1905956Z branch 'main' set up to track 'origin/main'.
2026-01-20T00:06:19.1925423Z ##[endgroup]
2026-01-20T00:06:19.1963067Z [command]/usr/bin/git log -1 --format=%H
2026-01-20T00:06:19.1986117Z d25504decfc404871c7c3bd5ac186d61498b2813
2026-01-20T00:06:19.2317543Z ##[group]Run actions/setup-python@v5
2026-01-20T00:06:19.2318748Z with:
2026-01-20T00:06:19.2319783Z   python-version: 3.11
2026-01-20T00:06:19.2320743Z   cache: pip
2026-01-20T00:06:19.2321876Z   check-latest: false
2026-01-20T00:06:19.2323111Z   token: ***
2026-01-20T00:06:19.2324011Z   update-environment: true
2026-01-20T00:06:19.2325093Z   allow-prereleases: false
2026-01-20T00:06:19.2326150Z   freethreaded: false
2026-01-20T00:06:19.2327112Z ##[endgroup]
2026-01-20T00:06:19.4022778Z ##[group]Installed versions
2026-01-20T00:06:19.4653090Z Successfully set up CPython (3.11.14)
2026-01-20T00:06:19.4654324Z ##[endgroup]
2026-01-20T00:06:19.6038597Z [command]/opt/hostedtoolcache/Python/3.11.14/x64/bin/pip cache dir
2026-01-20T00:06:21.4230855Z /home/runner/.cache/pip
2026-01-20T00:06:21.6363897Z Cache hit for: setup-python-Linux-x64-24.04-Ubuntu-python-3.11.14-pip-dde08d0e0b672972dcda9f1a063036a2e0c226f5d0a20362e9401931676d80a4
2026-01-20T00:06:22.8428491Z Received 46137344 of 254742636 (18.1%), 44.0 MBs/sec
2026-01-20T00:06:23.8440810Z Received 197132288 of 254742636 (77.4%), 94.0 MBs/sec
2026-01-20T00:06:24.2019295Z Received 254742636 of 254742636 (100.0%), 103.0 MBs/sec
2026-01-20T00:06:24.2020700Z Cache Size: ~243 MB (254742636 B)
2026-01-20T00:06:24.2146233Z [command]/usr/bin/tar -xf /home/runner/work/_temp/f7f61246-262d-4f39-9dde-e5bd2ff94de5/cache.tzst -P -C /home/runner/work/build_qa_automation/build_qa_automation --use-compress-program unzstd
2026-01-20T00:06:24.6104357Z Cache restored successfully
2026-01-20T00:06:24.6590160Z Cache restored from key: setup-python-Linux-x64-24.04-Ubuntu-python-3.11.14-pip-dde08d0e0b672972dcda9f1a063036a2e0c226f5d0a20362e9401931676d80a4
2026-01-20T00:06:24.6808002Z ##[group]Run pip install -r requirements.txt
2026-01-20T00:06:24.6808407Z [36;1mpip install -r requirements.txt[0m
2026-01-20T00:06:24.6808706Z [36;1mplaywright install chromium[0m
2026-01-20T00:06:24.6848530Z shell: /usr/bin/bash -e {0}
2026-01-20T00:06:24.6848784Z env:
2026-01-20T00:06:24.6849249Z   pythonLocation: /opt/hostedtoolcache/Python/3.11.14/x64
2026-01-20T00:06:24.6849708Z   PKG_CONFIG_PATH: /opt/hostedtoolcache/Python/3.11.14/x64/lib/pkgconfig
2026-01-20T00:06:24.6850154Z   Python_ROOT_DIR: /opt/hostedtoolcache/Python/3.11.14/x64
2026-01-20T00:06:24.6850551Z   Python2_ROOT_DIR: /opt/hostedtoolcache/Python/3.11.14/x64
2026-01-20T00:06:24.6850929Z   Python3_ROOT_DIR: /opt/hostedtoolcache/Python/3.11.14/x64
2026-01-20T00:06:24.6851320Z   LD_LIBRARY_PATH: /opt/hostedtoolcache/Python/3.11.14/x64/lib
2026-01-20T00:06:24.6851640Z ##[endgroup]
2026-01-20T00:06:25.8829346Z Collecting playwright (from -r requirements.txt (line 1))
2026-01-20T00:06:25.8844866Z   Using cached playwright-1.57.0-py3-none-manylinux1_x86_64.whl.metadata (3.5 kB)
2026-01-20T00:06:25.9170322Z Collecting python-dotenv (from -r requirements.txt (line 2))
2026-01-20T00:06:25.9184674Z   Using cached python_dotenv-1.2.1-py3-none-any.whl.metadata (25 kB)
2026-01-20T00:06:25.9618485Z Collecting requests (from -r requirements.txt (line 3))
2026-01-20T00:06:25.9632713Z   Using cached requests-2.32.5-py3-none-any.whl.metadata (4.9 kB)
2026-01-20T00:06:26.2316305Z Collecting pillow (from -r requirements.txt (line 4))
2026-01-20T00:06:26.2333327Z   Using cached pillow-12.1.0-cp311-cp311-manylinux_2_27_x86_64.manylinux_2_28_x86_64.whl.metadata (8.8 kB)
2026-01-20T00:06:26.2743963Z Collecting google-genai>=0.3.0 (from -r requirements.txt (line 5))
2026-01-20T00:06:26.2757189Z   Using cached google_genai-1.59.0-py3-none-any.whl.metadata (53 kB)
2026-01-20T00:06:26.3038426Z Collecting termcolor (from -r requirements.txt (line 6))
2026-01-20T00:06:26.3052322Z   Using cached termcolor-3.3.0-py3-none-any.whl.metadata (6.5 kB)
2026-01-20T00:06:26.3546804Z Collecting PyYAML (from -r requirements.txt (line 7))
2026-01-20T00:06:26.3561394Z   Using cached pyyaml-6.0.3-cp311-cp311-manylinux2014_x86_64.manylinux_2_17_x86_64.manylinux_2_28_x86_64.whl.metadata (2.4 kB)
2026-01-20T00:06:26.4260458Z Collecting opencv-python-headless (from -r requirements.txt (line 8))
2026-01-20T00:06:26.4275157Z   Using cached opencv_python_headless-4.13.0.90-cp37-abi3-manylinux_2_28_x86_64.whl.metadata (19 kB)
2026-01-20T00:06:26.6338312Z Collecting numpy (from -r requirements.txt (line 9))
2026-01-20T00:06:26.6354059Z   Using cached numpy-2.4.1-cp311-cp311-manylinux_2_27_x86_64.manylinux_2_28_x86_64.whl.metadata (6.6 kB)
2026-01-20T00:06:26.7267849Z Collecting faker (from -r requirements.txt (line 10))
2026-01-20T00:06:26.7281773Z   Using cached faker-40.1.2-py3-none-any.whl.metadata (16 kB)
2026-01-20T00:06:26.7568063Z Collecting pyee<14,>=13 (from playwright->-r requirements.txt (line 1))
2026-01-20T00:06:26.7581838Z   Using cached pyee-13.0.0-py3-none-any.whl.metadata (2.9 kB)
2026-01-20T00:06:26.8885479Z Collecting greenlet<4.0.0,>=3.1.1 (from playwright->-r requirements.txt (line 1))
2026-01-20T00:06:26.8901024Z   Using cached greenlet-3.3.0-cp311-cp311-manylinux_2_24_x86_64.manylinux_2_28_x86_64.whl.metadata (4.1 kB)
2026-01-20T00:06:26.9217538Z Collecting typing-extensions (from pyee<14,>=13->playwright->-r requirements.txt (line 1))
2026-01-20T00:06:26.9231006Z   Using cached typing_extensions-4.15.0-py3-none-any.whl.metadata (3.3 kB)
2026-01-20T00:06:27.0242566Z Collecting charset_normalizer<4,>=2 (from requests->-r requirements.txt (line 3))
2026-01-20T00:06:27.0256611Z   Using cached charset_normalizer-3.4.4-cp311-cp311-manylinux2014_x86_64.manylinux_2_17_x86_64.manylinux_2_28_x86_64.whl.metadata (37 kB)
2026-01-20T00:06:27.0552431Z Collecting idna<4,>=2.5 (from requests->-r requirements.txt (line 3))
2026-01-20T00:06:27.0565801Z   Using cached idna-3.11-py3-none-any.whl.metadata (8.4 kB)
2026-01-20T00:06:27.0975675Z Collecting urllib3<3,>=1.21.1 (from requests->-r requirements.txt (line 3))
2026-01-20T00:06:27.0988300Z   Using cached urllib3-2.6.3-py3-none-any.whl.metadata (6.9 kB)
2026-01-20T00:06:27.1337173Z Collecting certifi>=2017.4.17 (from requests->-r requirements.txt (line 3))
2026-01-20T00:06:27.1350499Z   Using cached certifi-2026.1.4-py3-none-any.whl.metadata (2.5 kB)
2026-01-20T00:06:27.1700359Z Collecting anyio<5.0.0,>=4.8.0 (from google-genai>=0.3.0->-r requirements.txt (line 5))
2026-01-20T00:06:27.1713674Z   Using cached anyio-4.12.1-py3-none-any.whl.metadata (4.3 kB)
2026-01-20T00:06:27.2184623Z Collecting google-auth<3.0.0,>=2.47.0 (from google-auth[requests]<3.0.0,>=2.47.0->google-genai>=0.3.0->-r requirements.txt (line 5))
2026-01-20T00:06:27.2197962Z   Using cached google_auth-2.47.0-py3-none-any.whl.metadata (6.4 kB)
2026-01-20T00:06:27.2569570Z Collecting httpx<1.0.0,>=0.28.1 (from google-genai>=0.3.0->-r requirements.txt (line 5))
2026-01-20T00:06:27.2583283Z   Using cached httpx-0.28.1-py3-none-any.whl.metadata (7.1 kB)
2026-01-20T00:06:27.4099735Z Collecting pydantic<3.0.0,>=2.9.0 (from google-genai>=0.3.0->-r requirements.txt (line 5))
2026-01-20T00:06:27.4115115Z   Using cached pydantic-2.12.5-py3-none-any.whl.metadata (90 kB)
2026-01-20T00:06:27.4512528Z Collecting tenacity<9.2.0,>=8.2.3 (from google-genai>=0.3.0->-r requirements.txt (line 5))
2026-01-20T00:06:27.4525965Z   Using cached tenacity-9.1.2-py3-none-any.whl.metadata (1.2 kB)
2026-01-20T00:06:27.5495902Z Collecting websockets<15.1.0,>=13.0.0 (from google-genai>=0.3.0->-r requirements.txt (line 5))
2026-01-20T00:06:27.5511545Z   Using cached websockets-15.0.1-cp311-cp311-manylinux_2_5_x86_64.manylinux1_x86_64.manylinux_2_17_x86_64.manylinux2014_x86_64.whl.metadata (6.8 kB)
2026-01-20T00:06:27.5785805Z Collecting distro<2,>=1.7.0 (from google-genai>=0.3.0->-r requirements.txt (line 5))
2026-01-20T00:06:27.5799320Z   Using cached distro-1.9.0-py3-none-any.whl.metadata (6.8 kB)
2026-01-20T00:06:27.6029670Z Collecting sniffio (from google-genai>=0.3.0->-r requirements.txt (line 5))
2026-01-20T00:06:27.6043856Z   Using cached sniffio-1.3.1-py3-none-any.whl.metadata (3.9 kB)
2026-01-20T00:06:27.6443647Z Collecting pyasn1-modules>=0.2.1 (from google-auth<3.0.0,>=2.47.0->google-auth[requests]<3.0.0,>=2.47.0->google-genai>=0.3.0->-r requirements.txt (line 5))
2026-01-20T00:06:27.6456915Z   Using cached pyasn1_modules-0.4.2-py3-none-any.whl.metadata (3.5 kB)
2026-01-20T00:06:27.6743248Z Collecting rsa<5,>=3.1.4 (from google-auth<3.0.0,>=2.47.0->google-auth[requests]<3.0.0,>=2.47.0->google-genai>=0.3.0->-r requirements.txt (line 5))
2026-01-20T00:06:27.6756637Z   Using cached rsa-4.9.1-py3-none-any.whl.metadata (5.6 kB)
2026-01-20T00:06:27.7167106Z Collecting httpcore==1.* (from httpx<1.0.0,>=0.28.1->google-genai>=0.3.0->-r requirements.txt (line 5))
2026-01-20T00:06:27.7181589Z   Using cached httpcore-1.0.9-py3-none-any.whl.metadata (21 kB)
2026-01-20T00:06:27.7442324Z Collecting h11>=0.16 (from httpcore==1.*->httpx<1.0.0,>=0.28.1->google-genai>=0.3.0->-r requirements.txt (line 5))
2026-01-20T00:06:27.7455598Z   Using cached h11-0.16.0-py3-none-any.whl.metadata (8.3 kB)
2026-01-20T00:06:27.7698236Z Collecting annotated-types>=0.6.0 (from pydantic<3.0.0,>=2.9.0->google-genai>=0.3.0->-r requirements.txt (line 5))
2026-01-20T00:06:27.7711981Z   Using cached annotated_types-0.7.0-py3-none-any.whl.metadata (15 kB)
2026-01-20T00:06:28.4453736Z Collecting pydantic-core==2.41.5 (from pydantic<3.0.0,>=2.9.0->google-genai>=0.3.0->-r requirements.txt (line 5))
2026-01-20T00:06:28.4469520Z   Using cached pydantic_core-2.41.5-cp311-cp311-manylinux_2_17_x86_64.manylinux2014_x86_64.whl.metadata (7.3 kB)
2026-01-20T00:06:28.4745662Z Collecting typing-inspection>=0.4.2 (from pydantic<3.0.0,>=2.9.0->google-genai>=0.3.0->-r requirements.txt (line 5))
2026-01-20T00:06:28.4759280Z   Using cached typing_inspection-0.4.2-py3-none-any.whl.metadata (2.6 kB)
2026-01-20T00:06:28.5629126Z Collecting pyasn1>=0.1.3 (from rsa<5,>=3.1.4->google-auth<3.0.0,>=2.47.0->google-auth[requests]<3.0.0,>=2.47.0->google-genai>=0.3.0->-r requirements.txt (line 5))
2026-01-20T00:06:28.5644799Z   Using cached pyasn1-0.6.2-py3-none-any.whl.metadata (8.4 kB)
2026-01-20T00:06:28.5913747Z Using cached playwright-1.57.0-py3-none-manylinux1_x86_64.whl (46.0 MB)
2026-01-20T00:06:28.6351289Z Using cached greenlet-3.3.0-cp311-cp311-manylinux_2_24_x86_64.manylinux_2_28_x86_64.whl (590 kB)
2026-01-20T00:06:28.6367466Z Using cached pyee-13.0.0-py3-none-any.whl (15 kB)
2026-01-20T00:06:28.6381077Z Using cached python_dotenv-1.2.1-py3-none-any.whl (21 kB)
2026-01-20T00:06:28.6394320Z Using cached requests-2.32.5-py3-none-any.whl (64 kB)
2026-01-20T00:06:28.6409016Z Using cached charset_normalizer-3.4.4-cp311-cp311-manylinux2014_x86_64.manylinux_2_17_x86_64.manylinux_2_28_x86_64.whl (151 kB)
2026-01-20T00:06:28.6422736Z Using cached idna-3.11-py3-none-any.whl (71 kB)
2026-01-20T00:06:28.6436046Z Using cached urllib3-2.6.3-py3-none-any.whl (131 kB)
2026-01-20T00:06:28.6450901Z Using cached pillow-12.1.0-cp311-cp311-manylinux_2_27_x86_64.manylinux_2_28_x86_64.whl (7.0 MB)
2026-01-20T00:06:28.6515059Z Using cached google_genai-1.59.0-py3-none-any.whl (719 kB)
2026-01-20T00:06:28.6532777Z Using cached anyio-4.12.1-py3-none-any.whl (113 kB)
2026-01-20T00:06:28.6546353Z Using cached distro-1.9.0-py3-none-any.whl (20 kB)
2026-01-20T00:06:28.6559576Z Using cached google_auth-2.47.0-py3-none-any.whl (234 kB)
2026-01-20T00:06:28.6574229Z Using cached httpx-0.28.1-py3-none-any.whl (73 kB)
2026-01-20T00:06:28.6587396Z Using cached httpcore-1.0.9-py3-none-any.whl (78 kB)
2026-01-20T00:06:28.6600987Z Using cached pydantic-2.12.5-py3-none-any.whl (463 kB)
2026-01-20T00:06:28.6617467Z Using cached pydantic_core-2.41.5-cp311-cp311-manylinux_2_17_x86_64.manylinux2014_x86_64.whl (2.1 MB)
2026-01-20T00:06:28.6644819Z Using cached rsa-4.9.1-py3-none-any.whl (34 kB)
2026-01-20T00:06:28.6657914Z Using cached tenacity-9.1.2-py3-none-any.whl (28 kB)
2026-01-20T00:06:28.6671706Z Using cached typing_extensions-4.15.0-py3-none-any.whl (44 kB)
2026-01-20T00:06:28.6685644Z Using cached websockets-15.0.1-cp311-cp311-manylinux_2_5_x86_64.manylinux1_x86_64.manylinux_2_17_x86_64.manylinux2014_x86_64.whl (182 kB)
2026-01-20T00:06:28.6700866Z Using cached termcolor-3.3.0-py3-none-any.whl (7.7 kB)
2026-01-20T00:06:28.6714280Z Using cached pyyaml-6.0.3-cp311-cp311-manylinux2014_x86_64.manylinux_2_17_x86_64.manylinux_2_28_x86_64.whl (806 kB)
2026-01-20T00:06:28.6733196Z Using cached opencv_python_headless-4.13.0.90-cp37-abi3-manylinux_2_28_x86_64.whl (62.5 MB)
2026-01-20T00:06:28.7185552Z Using cached numpy-2.4.1-cp311-cp311-manylinux_2_27_x86_64.manylinux_2_28_x86_64.whl (16.7 MB)
2026-01-20T00:06:28.7314824Z Using cached faker-40.1.2-py3-none-any.whl (2.0 MB)
2026-01-20T00:06:28.7341894Z Using cached annotated_types-0.7.0-py3-none-any.whl (13 kB)
2026-01-20T00:06:28.7354838Z Using cached certifi-2026.1.4-py3-none-any.whl (152 kB)
2026-01-20T00:06:28.7368701Z Using cached h11-0.16.0-py3-none-any.whl (37 kB)
2026-01-20T00:06:28.7382804Z Using cached pyasn1-0.6.2-py3-none-any.whl (83 kB)
2026-01-20T00:06:28.7396452Z Using cached pyasn1_modules-0.4.2-py3-none-any.whl (181 kB)
2026-01-20T00:06:28.7411545Z Using cached typing_inspection-0.4.2-py3-none-any.whl (14 kB)
2026-01-20T00:06:28.7424585Z Using cached sniffio-1.3.1-py3-none-any.whl (10 kB)
2026-01-20T00:06:28.9811949Z Installing collected packages: websockets, urllib3, typing-extensions, termcolor, tenacity, sniffio, PyYAML, python-dotenv, pyasn1, pillow, numpy, idna, h11, greenlet, faker, distro, charset_normalizer, certifi, annotated-types, typing-inspection, rsa, requests, pyee, pydantic-core, pyasn1-modules, opencv-python-headless, httpcore, anyio, pydantic, playwright, httpx, google-auth, google-genai
2026-01-20T00:06:35.6983033Z 
2026-01-20T00:06:35.7005898Z Successfully installed PyYAML-6.0.3 annotated-types-0.7.0 anyio-4.12.1 certifi-2026.1.4 charset_normalizer-3.4.4 distro-1.9.0 faker-40.1.2 google-auth-2.47.0 google-genai-1.59.0 greenlet-3.3.0 h11-0.16.0 httpcore-1.0.9 httpx-0.28.1 idna-3.11 numpy-2.4.1 opencv-python-headless-4.13.0.90 pillow-12.1.0 playwright-1.57.0 pyasn1-0.6.2 pyasn1-modules-0.4.2 pydantic-2.12.5 pydantic-core-2.41.5 pyee-13.0.0 python-dotenv-1.2.1 requests-2.32.5 rsa-4.9.1 sniffio-1.3.1 tenacity-9.1.2 termcolor-3.3.0 typing-extensions-4.15.0 typing-inspection-0.4.2 urllib3-2.6.3 websockets-15.0.1
2026-01-20T00:06:36.2849098Z Downloading Chromium 143.0.7499.4 (playwright build v1200) from https://cdn.playwright.dev/dbazure/download/playwright/builds/chromium/1200/chromium-linux.zip
2026-01-20T00:06:36.3817303Z (node:2193) [DEP0169] DeprecationWarning: `url.parse()` behavior is not standardized and prone to errors that have security implications. Use the WHATWG URL API instead. CVEs are not issued for `url.parse()` vulnerabilities.
2026-01-20T00:06:36.3819329Z (Use `node --trace-deprecation ...` to show where the warning was created)
2026-01-20T00:06:36.4925961Z |                                                                                |   0% of 164.7 MiB
2026-01-20T00:06:36.6512221Z |■■■■■■■■                                                                        |  10% of 164.7 MiB
2026-01-20T00:06:36.7284955Z |■■■■■■■■■■■■■■■■                                                                |  20% of 164.7 MiB
2026-01-20T00:06:36.8055182Z |■■■■■■■■■■■■■■■■■■■■■■■■                                                        |  30% of 164.7 MiB
2026-01-20T00:06:36.8736042Z |■■■■■■■■■■■■■■■■■■■■■■■■■■■■■■■■                                                |  40% of 164.7 MiB
2026-01-20T00:06:36.9376313Z |■■■■■■■■■■■■■■■■■■■■■■■■■■■■■■■■■■■■■■■■                                        |  50% of 164.7 MiB
2026-01-20T00:06:36.9992188Z |■■■■■■■■■■■■■■■■■■■■■■■■■■■■■■■■■■■■■■■■■■■■■■■■                                |  60% of 164.7 MiB
2026-01-20T00:06:37.0581774Z |■■■■■■■■■■■■■■■■■■■■■■■■■■■■■■■■■■■■■■■■■■■■■■■■■■■■■■■■                        |  70% of 164.7 MiB
2026-01-20T00:06:37.1264389Z |■■■■■■■■■■■■■■■■■■■■■■■■■■■■■■■■■■■■■■■■■■■■■■■■■■■■■■■■■■■■■■■■                |  80% of 164.7 MiB
2026-01-20T00:06:37.1888749Z |■■■■■■■■■■■■■■■■■■■■■■■■■■■■■■■■■■■■■■■■■■■■■■■■■■■■■■■■■■■■■■■■■■■■■■■■        |  90% of 164.7 MiB
2026-01-20T00:06:37.2505361Z |■■■■■■■■■■■■■■■■■■■■■■■■■■■■■■■■■■■■■■■■■■■■■■■■■■■■■■■■■■■■■■■■■■■■■■■■■■■■■■■■| 100% of 164.7 MiB
2026-01-20T00:06:39.7709650Z Chromium 143.0.7499.4 (playwright build v1200) downloaded to /home/runner/.cache/ms-playwright/chromium-1200
2026-01-20T00:06:39.7714402Z Downloading FFMPEG playwright build v1011 from https://cdn.playwright.dev/dbazure/download/playwright/builds/ffmpeg/1011/ffmpeg-linux.zip
2026-01-20T00:06:39.8745120Z (node:2204) [DEP0169] DeprecationWarning: `url.parse()` behavior is not standardized and prone to errors that have security implications. Use the WHATWG URL API instead. CVEs are not issued for `url.parse()` vulnerabilities.
2026-01-20T00:06:39.8747056Z (Use `node --trace-deprecation ...` to show where the warning was created)
2026-01-20T00:06:39.9832921Z |                                                                                |   0% of 2.3 MiB
2026-01-20T00:06:40.0205173Z |■■■■■■■■                                                                        |  10% of 2.3 MiB
2026-01-20T00:06:40.0370623Z |■■■■■■■■■■■■■■■■                                                                |  20% of 2.3 MiB
2026-01-20T00:06:40.0480561Z |■■■■■■■■■■■■■■■■■■■■■■■■                                                        |  30% of 2.3 MiB
2026-01-20T00:06:40.0544042Z |■■■■■■■■■■■■■■■■■■■■■■■■■■■■■■■■                                                |  40% of 2.3 MiB
2026-01-20T00:06:40.0601441Z |■■■■■■■■■■■■■■■■■■■■■■■■■■■■■■■■■■■■■■■■                                        |  50% of 2.3 MiB
2026-01-20T00:06:40.0646525Z |■■■■■■■■■■■■■■■■■■■■■■■■■■■■■■■■■■■■■■■■■■■■■■■■                                |  60% of 2.3 MiB
2026-01-20T00:06:40.0692284Z |■■■■■■■■■■■■■■■■■■■■■■■■■■■■■■■■■■■■■■■■■■■■■■■■■■■■■■■■                        |  70% of 2.3 MiB
2026-01-20T00:06:40.0720784Z |■■■■■■■■■■■■■■■■■■■■■■■■■■■■■■■■■■■■■■■■■■■■■■■■■■■■■■■■■■■■■■■■                |  80% of 2.3 MiB
2026-01-20T00:06:40.0752067Z |■■■■■■■■■■■■■■■■■■■■■■■■■■■■■■■■■■■■■■■■■■■■■■■■■■■■■■■■■■■■■■■■■■■■■■■■        |  90% of 2.3 MiB
2026-01-20T00:06:40.0782231Z |■■■■■■■■■■■■■■■■■■■■■■■■■■■■■■■■■■■■■■■■■■■■■■■■■■■■■■■■■■■■■■■■■■■■■■■■■■■■■■■■| 100% of 2.3 MiB
2026-01-20T00:06:40.1396883Z FFMPEG playwright build v1011 downloaded to /home/runner/.cache/ms-playwright/ffmpeg-1011
2026-01-20T00:06:40.1401112Z Downloading Chromium Headless Shell 143.0.7499.4 (playwright build v1200) from https://cdn.playwright.dev/dbazure/download/playwright/builds/chromium/1200/chromium-headless-shell-linux.zip
2026-01-20T00:06:40.2358483Z (node:2215) [DEP0169] DeprecationWarning: `url.parse()` behavior is not standardized and prone to errors that have security implications. Use the WHATWG URL API instead. CVEs are not issued for `url.parse()` vulnerabilities.
2026-01-20T00:06:40.2360613Z (Use `node --trace-deprecation ...` to show where the warning was created)
2026-01-20T00:06:40.3457509Z |                                                                                |   0% of 109.7 MiB
2026-01-20T00:06:40.4753840Z |■■■■■■■■                                                                        |  10% of 109.7 MiB
2026-01-20T00:06:40.5346490Z |■■■■■■■■■■■■■■■■                                                                |  20% of 109.7 MiB
2026-01-20T00:06:40.5893583Z |■■■■■■■■■■■■■■■■■■■■■■■■                                                        |  30% of 109.7 MiB
2026-01-20T00:06:40.6423619Z |■■■■■■■■■■■■■■■■■■■■■■■■■■■■■■■■                                                |  40% of 109.7 MiB
2026-01-20T00:06:40.6982048Z |■■■■■■■■■■■■■■■■■■■■■■■■■■■■■■■■■■■■■■■■                                        |  50% of 109.7 MiB
2026-01-20T00:06:40.7571416Z |■■■■■■■■■■■■■■■■■■■■■■■■■■■■■■■■■■■■■■■■■■■■■■■■                                |  60% of 109.7 MiB
2026-01-20T00:06:40.8092890Z |■■■■■■■■■■■■■■■■■■■■■■■■■■■■■■■■■■■■■■■■■■■■■■■■■■■■■■■■                        |  70% of 109.7 MiB
2026-01-20T00:06:40.8572585Z |■■■■■■■■■■■■■■■■■■■■■■■■■■■■■■■■■■■■■■■■■■■■■■■■■■■■■■■■■■■■■■■■                |  80% of 109.7 MiB
2026-01-20T00:06:40.9066127Z |■■■■■■■■■■■■■■■■■■■■■■■■■■■■■■■■■■■■■■■■■■■■■■■■■■■■■■■■■■■■■■■■■■■■■■■■        |  90% of 109.7 MiB
2026-01-20T00:06:40.9521662Z |■■■■■■■■■■■■■■■■■■■■■■■■■■■■■■■■■■■■■■■■■■■■■■■■■■■■■■■■■■■■■■■■■■■■■■■■■■■■■■■■| 100% of 109.7 MiB
2026-01-20T00:06:42.8638444Z Chromium Headless Shell 143.0.7499.4 (playwright build v1200) downloaded to /home/runner/.cache/ms-playwright/chromium_headless_shell-1200
2026-01-20T00:06:42.8881042Z ##[group]Run mkdir -p projects/ci_saucedemo_locked
2026-01-20T00:06:42.8881494Z [36;1mmkdir -p projects/ci_saucedemo_locked[0m
2026-01-20T00:06:42.8881882Z [36;1mcat > projects/ci_saucedemo_locked/config.json << 'EOF'[0m
2026-01-20T00:06:42.8882207Z [36;1m{[0m
2026-01-20T00:06:42.8882428Z [36;1m  "project_name": "ci_saucedemo_locked",[0m
2026-01-20T00:06:42.8882793Z [36;1m  "target_url": "https://www.saucedemo.com/",[0m
2026-01-20T00:06:42.8883123Z [36;1m  "goal": "Test locked user scenarios",[0m
2026-01-20T00:06:42.8883407Z [36;1m  "headless": true[0m
2026-01-20T00:06:42.8883628Z [36;1m}[0m
2026-01-20T00:06:42.8883804Z [36;1mEOF[0m
2026-01-20T00:06:42.8915262Z shell: /usr/bin/bash -e {0}
2026-01-20T00:06:42.8915507Z env:
2026-01-20T00:06:42.8915771Z   pythonLocation: /opt/hostedtoolcache/Python/3.11.14/x64
2026-01-20T00:06:42.8916214Z   PKG_CONFIG_PATH: /opt/hostedtoolcache/Python/3.11.14/x64/lib/pkgconfig
2026-01-20T00:06:42.8916697Z   Python_ROOT_DIR: /opt/hostedtoolcache/Python/3.11.14/x64
2026-01-20T00:06:42.8917089Z   Python2_ROOT_DIR: /opt/hostedtoolcache/Python/3.11.14/x64
2026-01-20T00:06:42.8917462Z   Python3_ROOT_DIR: /opt/hostedtoolcache/Python/3.11.14/x64
2026-01-20T00:06:42.8917848Z   LD_LIBRARY_PATH: /opt/hostedtoolcache/Python/3.11.14/x64/lib
2026-01-20T00:06:42.8918168Z ##[endgroup]
2026-01-20T00:06:42.9024438Z ##[group]Run # Use --deep for comprehensive regression suite
2026-01-20T00:06:42.9025129Z [36;1m# Use --deep for comprehensive regression suite[0m
2026-01-20T00:06:42.9025611Z [36;1mpython orchestrator.py --project projects/ci_saucedemo_locked --deep --force[0m
2026-01-20T00:06:42.9055032Z shell: /usr/bin/bash -e {0}
2026-01-20T00:06:42.9055275Z env:
2026-01-20T00:06:42.9055538Z   pythonLocation: /opt/hostedtoolcache/Python/3.11.14/x64
2026-01-20T00:06:42.9056006Z   PKG_CONFIG_PATH: /opt/hostedtoolcache/Python/3.11.14/x64/lib/pkgconfig
2026-01-20T00:06:42.9056429Z   Python_ROOT_DIR: /opt/hostedtoolcache/Python/3.11.14/x64
2026-01-20T00:06:42.9056805Z   Python2_ROOT_DIR: /opt/hostedtoolcache/Python/3.11.14/x64
2026-01-20T00:06:42.9057349Z   Python3_ROOT_DIR: /opt/hostedtoolcache/Python/3.11.14/x64
2026-01-20T00:06:42.9057729Z   LD_LIBRARY_PATH: /opt/hostedtoolcache/Python/3.11.14/x64/lib
2026-01-20T00:06:42.9058193Z   GOOGLE_API_KEY: ***
2026-01-20T00:06:42.9058435Z   PYTHONPATH: .
2026-01-20T00:06:42.9058629Z ##[endgroup]
2026-01-20T00:06:44.8268343Z 🚀 [DEEP] Extensive mapping enabled (Depth: 3, Pages: 50)
2026-01-20T00:06:44.8269050Z 
2026-01-20T00:06:44.8269712Z 🗺️ [DISCOVERY] Starting Parallel Semantic Crawl on https://www.saucedemo.com/ (Workers: 3)
2026-01-20T00:06:46.3090497Z   🔍 [Worker 0] Visiting (0): https://www.saucedemo.com/
2026-01-20T00:06:46.7748276Z [CACHE HIT] 474f9e14... (hits: 1, misses: 0)
2026-01-20T00:06:46.7749472Z ✅ Discovery Complete. Mapped 1 pages.
2026-01-20T00:06:52.3932496Z 
2026-01-20T00:06:52.3932988Z [PLAN] PLANNER: Planning goal -> 'Test locked user scenarios' (Deep Mode: True)
2026-01-20T00:06:52.3933686Z 🗺️ [PLAN] Loaded Sitemap with 1 pages.
2026-01-20T00:06:52.3934041Z 📊 [KNOWLEDGE] Page types: ['homepage']
2026-01-20T00:06:52.3934345Z 🔄 [KNOWLEDGE] Flows: 0, Forms: 1
2026-01-20T00:06:52.3935245Z 🎭 [EXPERT] Detected Domain: GENERAL. Persona: Act as Senior SDET focusing on exploring the application to understand functional flow and identifying critical paths for end-to-end automation
2026-01-20T00:06:52.3936104Z [DEBUG] Sending request to gemini-2.0-flash. Number of parts: 1
2026-01-20T00:06:52.3936460Z [DEBUG] Received response (Length: 3242)
2026-01-20T00:06:52.3936809Z ✅ Planner generated 3 scenarios. Workflow updated.
2026-01-20T00:06:53.4117167Z 
2026-01-20T00:06:53.4118016Z 🕵️ [DEEP EXPLORER] Starting Multi-Scenario Exploration
2026-01-20T00:06:53.4118717Z 📋 Found 3 scenarios to explore.
2026-01-20T00:06:53.7743989Z 
2026-01-20T00:06:53.7744530Z [1/3] Exploring Scenario: Locked Out User Login Attempt
2026-01-20T00:06:53.7746104Z     🧠 Initialized exploration context for goal: 'Verify that a locked out user cannot log in and receives the correct error message.'
2026-01-20T00:06:53.7747356Z     🎯 Scenario: Locked Out User Login Attempt
2026-01-20T00:06:53.7754444Z   ▶️ [STEP step_1] NAVIGATE: 
2026-01-20T00:06:54.5358675Z     ✅ Navigated to https://www.saucedemo.com/
2026-01-20T00:06:54.5359981Z     ⚡ PARALLEL MODE: Batching 2 fill steps
2026-01-20T00:06:54.5360844Z     ⚡ Batch mining 2 fields in parallel...
2026-01-20T00:06:54.5839801Z     🔍 Trying smart selectors for 'user-name'...
2026-01-20T00:06:54.6076867Z     🔍 [SMART] Searching for: 'user-name' (trying 15+ strategies)
2026-01-20T00:06:54.6077951Z     ✅ Smart selector found 'user-name' via data-test-exact (confidence: 0.98)
2026-01-20T00:06:54.6078777Z     ✅ Batch mined 'user-name' (1 locators)
2026-01-20T00:06:54.6079624Z     ✅ Batch mined 'password' (6 locators)
2026-01-20T00:06:54.6080300Z     ✅ Batch mined 2/2 steps successfully
2026-01-20T00:06:54.6080864Z   ▶️ [STEP step_4] CLICK: Login
2026-01-20T00:06:54.6137209Z     🔍 Mining locators for: 'Login'
2026-01-20T00:06:54.6462927Z     🧠 Consulting AI (Vision-First) to find 'Login'...
2026-01-20T00:06:54.6463622Z     🔍 Trying smart selectors for 'Login'...
2026-01-20T00:06:54.6485642Z     🔍 [SMART] Searching for: 'Login' (trying 15+ strategies)
2026-01-20T00:06:54.6486736Z     ✅ Smart selector found 'Login' via role-button-exact (confidence: 0.96)
2026-01-20T00:06:54.6533993Z     ✅ Found 1 verified locators
2026-01-20T00:06:58.2452399Z     ✅ State transitioned.
2026-01-20T00:06:59.7437581Z [DEBUG] Sending request to gemini-2.0-flash. Number of parts: 2
2026-01-20T00:06:59.7438296Z [DEBUG] Received response (Length: 239)
2026-01-20T00:06:59.7439440Z     🤖 AI Next Step Suggestion: fill -> Username
2026-01-20T00:06:59.7440061Z     🧩 Suggested Locator: #user-name
2026-01-20T00:06:59.7441413Z     💭 Reasoning: The goal is to test the locked out user scenario. Filling the username field with 'locked_out_user' is the next step.
2026-01-20T00:06:59.7444548Z     ➕ Injected AI step: fill -> Username
2026-01-20T00:06:59.7444953Z   ▶️ [STEP step_4_ai_1] FILL: Username
2026-01-20T00:06:59.7823190Z     🎯 Using AI-provided locator: #user-name
2026-01-20T00:06:59.7883489Z     ✅ Found 1 verified locators
2026-01-20T00:07:06.8934705Z     ✅ State transitioned.
2026-01-20T00:07:08.1999660Z [DEBUG] Sending request to gemini-2.0-flash. Number of parts: 2
2026-01-20T00:07:08.2000530Z [DEBUG] Received response (Length: 206)
2026-01-20T00:07:08.2001582Z     🤖 AI Next Step Suggestion: fill -> Password
2026-01-20T00:07:08.2002338Z     🧩 Suggested Locator: #password
2026-01-20T00:07:08.2003620Z     💭 Reasoning: The username is already filled. Now we need to fill the password field to attempt login.
2026-01-20T00:07:08.2004895Z     ➕ Injected AI step: fill -> Password
2026-01-20T00:07:08.2005607Z   ▶️ [STEP step_4_ai_2] FILL: Password
2026-01-20T00:07:08.2066025Z     🎯 Using AI-provided locator: #password
2026-01-20T00:07:08.2124478Z     ✅ Found 1 verified locators
2026-01-20T00:07:14.2111462Z     ✅ State transitioned.
2026-01-20T00:07:16.1535321Z [DEBUG] Sending request to gemini-2.0-flash. Number of parts: 2
2026-01-20T00:07:16.1535905Z [DEBUG] Received response (Length: 442)
2026-01-20T00:07:16.1536600Z     🤖 AI Next Step Suggestion: click -> Login
2026-01-20T00:07:16.1537107Z     🧩 Suggested Locator: #login-button
2026-01-20T00:07:16.1538678Z     💭 Reasoning: The error message 'Epic sadface: Username is required' indicates that the username field is empty. The goal is to verify that a locked out user cannot log in and receives the correct error message. Since the username and password fields were filled in the previous steps, clicking the login button again should trigger the locked user error message.
2026-01-20T00:07:16.1540342Z     ➕ Injected AI step: click -> Login
2026-01-20T00:07:16.1540657Z   ▶️ [STEP step_4_ai_3] CLICK: Login
2026-01-20T00:07:16.1595217Z     🎯 Using AI-provided locator: #login-button
2026-01-20T00:07:16.1653327Z     ✅ Found 1 verified locators
2026-01-20T00:07:20.2207092Z     ✅ State transitioned.
2026-01-20T00:07:21.6540900Z [DEBUG] Sending request to gemini-2.0-flash. Number of parts: 2
2026-01-20T00:07:21.6541408Z [DEBUG] Received response (Length: 201)
2026-01-20T00:07:21.6541997Z     🤖 AI Next Step Suggestion: done -> N/A
2026-01-20T00:07:21.6542882Z     💭 Reasoning: The goal of verifying that a locked out user cannot log in and receives the correct error message has been achieved. The error message is displayed on the page.
2026-01-20T00:07:21.6543793Z   ▶️ [STEP step_5] ASSERT_VISIBLE: Epic sadface: Sorry, this user has been locked out.
2026-01-20T00:07:21.6609389Z     🔍 Mining locators for: 'Epic sadface: Sorry, this user has been locked out.'
2026-01-20T00:07:21.6996205Z     ✅ Found 1 verified locators
2026-01-20T00:07:24.2317824Z     ✅ State transitioned.
2026-01-20T00:07:24.2367787Z     🔄 Revisited state detected (count: 1)
2026-01-20T00:07:26.4359789Z [DEBUG] Sending request to gemini-2.0-flash. Number of parts: 2
2026-01-20T00:07:26.4360357Z [DEBUG] Received response (Length: 187)
2026-01-20T00:07:26.4360981Z     🤖 AI Next Step Suggestion: done -> N/A
2026-01-20T00:07:26.4361892Z     💭 Reasoning: The goal of verifying that a locked out user cannot log in and receives the correct error message has been achieved. The error message is visible.
2026-01-20T00:07:28.4711895Z 
2026-01-20T00:07:28.4712817Z [2/3] Exploring Scenario: Standard User Login and Logout
2026-01-20T00:07:28.4715742Z     🧠 Initialized exploration context for goal: 'Verify that a standard user can log in and log out successfully.'
2026-01-20T00:07:28.4716770Z     🎯 Scenario: Standard User Login and Logout
2026-01-20T00:07:28.4717332Z   ▶️ [STEP step_1] NAVIGATE: 
2026-01-20T00:07:29.2178186Z     ✅ Navigated to https://www.saucedemo.com/
2026-01-20T00:07:29.2179356Z     ⚡ PARALLEL MODE: Batching 2 fill steps
2026-01-20T00:07:29.2180052Z     ⚡ Batch mining 2 fields in parallel...
2026-01-20T00:07:29.2618972Z     🔍 Trying smart selectors for 'user-name'...
2026-01-20T00:07:29.2811851Z     🔍 [SMART] Searching for: 'user-name' (trying 15+ strategies)
2026-01-20T00:07:29.2813307Z     ✅ Smart selector found 'user-name' via data-test-exact (confidence: 0.98)
2026-01-20T00:07:29.2814050Z     ✅ Batch mined 'user-name' (1 locators)
2026-01-20T00:07:29.2815348Z     ✅ Batch mined 'password' (6 locators)
2026-01-20T00:07:29.2815908Z     ✅ Batch mined 2/2 steps successfully
2026-01-20T00:07:29.2816372Z   ▶️ [STEP step_4] CLICK: Login
2026-01-20T00:07:29.2864712Z     🔍 Mining locators for: 'Login'
2026-01-20T00:07:29.3295907Z     🧠 Consulting AI (Vision-First) to find 'Login'...
2026-01-20T00:07:29.3296593Z     🔍 Trying smart selectors for 'Login'...
2026-01-20T00:07:29.3320846Z     🔍 [SMART] Searching for: 'Login' (trying 15+ strategies)
2026-01-20T00:07:29.3321581Z     ✅ Smart selector found 'Login' via role-button-exact (confidence: 0.96)
2026-01-20T00:07:29.3364092Z     ✅ Found 1 verified locators
2026-01-20T00:07:32.9232801Z     ✅ State transitioned.
2026-01-20T00:07:34.3267111Z [DEBUG] Sending request to gemini-2.0-flash. Number of parts: 2
2026-01-20T00:07:34.3267768Z [DEBUG] Received response (Length: 306)
2026-01-20T00:07:34.3268477Z     🤖 AI Next Step Suggestion: fill -> Username
2026-01-20T00:07:34.3269109Z     🧩 Suggested Locator: #user-name
2026-01-20T00:07:34.3270149Z     💭 Reasoning: The error message indicates that the username is required. Filling the username field with 'locked_out_user' from the accepted usernames list is the next logical step to attempt login.
2026-01-20T00:07:34.3270977Z     ➕ Injected AI step: fill -> Username
2026-01-20T00:07:34.3271298Z   ▶️ [STEP step_4_ai_1] FILL: Username
2026-01-20T00:07:34.3330197Z     🎯 Using AI-provided locator: #user-name
2026-01-20T00:07:34.3389121Z     ✅ Found 1 verified locators
2026-01-20T00:07:40.8182753Z     ✅ State transitioned.
2026-01-20T00:07:42.4863911Z [DEBUG] Sending request to gemini-2.0-flash. Number of parts: 2
2026-01-20T00:07:42.4864580Z [DEBUG] Received response (Length: 211)
2026-01-20T00:07:42.4865414Z     🤖 AI Next Step Suggestion: fill -> Password
2026-01-20T00:07:42.4866051Z     🧩 Suggested Locator: #password
2026-01-20T00:07:42.4866784Z     💭 Reasoning: The username has been filled. Now, the password needs to be filled to proceed with the login.
2026-01-20T00:07:42.4867412Z     ➕ Injected AI step: fill -> Password
2026-01-20T00:07:42.4867833Z   ▶️ [STEP step_4_ai_2] FILL: Password
2026-01-20T00:07:42.4927323Z     🎯 Using AI-provided locator: #password
2026-01-20T00:07:42.4986866Z     ✅ Found 1 verified locators
2026-01-20T00:07:48.9490634Z     ✅ State transitioned.
2026-01-20T00:07:50.2989739Z [DEBUG] Sending request to gemini-2.0-flash. Number of parts: 2
2026-01-20T00:07:50.2990421Z [DEBUG] Received response (Length: 263)
2026-01-20T00:07:50.2991355Z     🤖 AI Next Step Suggestion: fill -> Username
2026-01-20T00:07:50.2991809Z     🧩 Suggested Locator: #user-name
2026-01-20T00:07:50.2993076Z     💭 Reasoning: The error message indicates that the username is required. Filling the username field with a valid username from the list provided on the page.
2026-01-20T00:07:50.2994456Z     ➕ Injected AI step: fill -> Username
2026-01-20T00:07:50.2995027Z   ▶️ [STEP step_4_ai_3] FILL: Username
2026-01-20T00:07:50.3047720Z     🎯 Using AI-provided locator: #user-name
2026-01-20T00:07:50.3105141Z     ✅ Found 1 verified locators
2026-01-20T00:07:56.9151932Z     ✅ State transitioned.
2026-01-20T00:07:58.3931466Z [DEBUG] Sending request to gemini-2.0-flash. Number of parts: 2
2026-01-20T00:07:58.3932180Z [DEBUG] Received response (Length: 294)
2026-01-20T00:07:58.3933034Z     🤖 AI Next Step Suggestion: fill -> Username
2026-01-20T00:07:58.3933650Z     🧩 Suggested Locator: #user-name
2026-01-20T00:07:58.3935323Z     💭 Reasoning: The error message 'Epic sadface: Username is required' indicates that the username field is empty. Filling it with a valid username is the next logical step to attempt login.
2026-01-20T00:07:58.3937184Z     🔄 Same AI suggestion but state changed (URL or DOM). Resetting loop counter.
2026-01-20T00:07:58.3938286Z     ⚠️ Skipping duplicate AI suggestion (just executed): ('fill', 'username')
2026-01-20T00:07:58.3939715Z   ▶️ [STEP step_5] ASSERT_URL: 
2026-01-20T00:08:03.4094582Z     ⚠️ Scroll into view failed for text=None. Proceeding anyway.
2026-01-20T00:08:05.4117981Z     ✅ State transitioned.
2026-01-20T00:08:05.4166152Z     🔄 Revisited state detected (count: 1)
2026-01-20T00:08:06.6639635Z [DEBUG] Sending request to gemini-2.0-flash. Number of parts: 2
2026-01-20T00:08:06.6640204Z [DEBUG] Received response (Length: 281)
2026-01-20T00:08:06.6640939Z     🤖 AI Next Step Suggestion: fill -> Username
2026-01-20T00:08:06.6641522Z     🧩 Suggested Locator: #user-name
2026-01-20T00:08:06.6642397Z     💭 Reasoning: The error message indicates that the username is required. The goal is to test locked user scenarios, so I will fill the username field with 'locked_out_user'.
2026-01-20T00:08:06.6643407Z ⚠️ Loop detected: same AI suggestion repeated 2 times without state change. Moving to next step.
2026-01-20T00:08:06.6643955Z   ▶️ [STEP step_6] CLICK: Open Menu
2026-01-20T00:08:06.6701299Z     🔍 Mining locators for: 'Open Menu'
2026-01-20T00:08:06.7115546Z     🧠 Consulting AI (Vision-First) to find 'Open Menu'...
2026-01-20T00:08:06.7116284Z     🔍 Trying smart selectors for 'Open Menu'...
2026-01-20T00:08:06.8044394Z     🔍 [SMART] Searching for: 'Open Menu' (trying 15+ strategies)
2026-01-20T00:08:06.8045316Z     ⚠️ Smart selectors failed (no unique match). Falling back to AI Vision...
2026-01-20T00:08:06.8046918Z     🧠 [EXPERT] Strategy: Act as Senior SDET focusing on exploring the application to understand functional flow and identifying critical paths for end-to-end automation.
2026-01-20T00:08:11.6510776Z [DEBUG] Sending request to gemini-2.0-flash. Number of parts: 2
2026-01-20T00:08:11.6511438Z [DEBUG] Received response (Length: 198)
2026-01-20T00:08:11.6512476Z     💡 Expert Suggestion: After logging in, the 'Open Menu' option should be available.
2026-01-20T00:08:11.6513367Z     🛠️ Executing corrective action: click -> 'Login'
2026-01-20T00:08:11.6937710Z     🔄 Retry 1/3 mining locators for 'Open Menu'...
2026-01-20T00:08:12.7264119Z     🧠 Consulting AI (Vision-First) to find 'Open Menu'...
2026-01-20T00:08:12.7264832Z     🔍 Trying smart selectors for 'Open Menu'...
2026-01-20T00:08:12.8177237Z     🔍 [SMART] Searching for: 'Open Menu' (trying 15+ strategies)
2026-01-20T00:08:12.8178071Z     ⚠️ Smart selectors failed (no unique match). Falling back to AI Vision...
2026-01-20T00:08:12.8180231Z     🧠 [EXPERT] Strategy: Act as Senior SDET focusing on exploring the application to understand functional flow and identifying critical paths for end-to-end automation.
2026-01-20T00:08:12.8183197Z [CACHE HIT] ff86f878... (hits: 1, misses: 11)
2026-01-20T00:08:12.8183734Z     ⚠️ Skipping duplicate injection: Login
2026-01-20T00:08:12.8184195Z     🔄 Retry 2/3 mining locators for 'Open Menu'...
2026-01-20T00:08:13.8197255Z     🗑️ Invalidating stale AI cache (retry 2)...
2026-01-20T00:08:13.8607918Z     🧠 Consulting AI (Vision-First) to find 'Open Menu'...
2026-01-20T00:08:13.8608772Z     🔍 Trying smart selectors for 'Open Menu'...
2026-01-20T00:08:13.9518074Z     🔍 [SMART] Searching for: 'Open Menu' (trying 15+ strategies)
2026-01-20T00:08:13.9519208Z     ⚠️ Smart selectors failed (no unique match). Falling back to AI Vision...
2026-01-20T00:08:13.9520462Z     🧠 [EXPERT] Strategy: Act as Senior SDET focusing on exploring the application to understand functional flow and identifying critical paths for end-to-end automation.
2026-01-20T00:08:13.9522921Z [CACHE HIT] ff86f878... (hits: 2, misses: 11)
2026-01-20T00:08:13.9523715Z     ⚠️ Skipping duplicate injection: Login
2026-01-20T00:08:13.9524347Z     🧠 Verifying step validity for 'Open Menu' after no candidates found...
2026-01-20T00:08:16.5650071Z [DEBUG] Sending request to gemini-2.0-flash. Number of parts: 2
2026-01-20T00:08:16.5650642Z [DEBUG] Received response (Length: 161)
2026-01-20T00:08:16.5652006Z     🗑️ Step deemed INVALID: The 'Open Menu' element is not present on the login page. It only appears after a successful login.. Removing from workflow.
2026-01-20T00:08:16.5653499Z     ⏭️ Skipping execution of invalid step: Open Menu
2026-01-20T00:08:16.5653897Z   ▶️ [STEP step_7] CLICK: Logout
2026-01-20T00:08:16.5710215Z     🔍 Mining locators for: 'Logout'
2026-01-20T00:08:16.6102141Z     🧠 Consulting AI (Vision-First) to find 'Logout'...
2026-01-20T00:08:16.6103707Z     🔍 Trying smart selectors for 'Logout'...
2026-01-20T00:08:16.6883977Z     🔍 [SMART] Searching for: 'Logout' (trying 15+ strategies)
2026-01-20T00:08:16.6884996Z     ⚠️ Smart selectors failed (no unique match). Falling back to AI Vision...
2026-01-20T00:08:16.6885987Z     🧠 [EXPERT] Strategy: Act as Senior SDET focusing on exploring the application to understand functional flow and identifying critical paths for end-to-end automation.
2026-01-20T00:08:21.7564045Z [DEBUG] Sending request to gemini-2.0-flash. Number of parts: 2
2026-01-20T00:08:21.7564703Z [DEBUG] Received response (Length: 224)
2026-01-20T00:08:21.7565505Z     💡 Expert Suggestion: The current page is the login page. Logout functionality is available after logging in.
2026-01-20T00:08:21.7566152Z     🛠️ Executing corrective action: click -> 'Login'
2026-01-20T00:08:21.7927965Z     🔄 Retry 1/3 mining locators for 'Logout'...
2026-01-20T00:08:22.8274277Z     🧠 Consulting AI (Vision-First) to find 'Logout'...
2026-01-20T00:08:22.8275199Z     🔍 Trying smart selectors for 'Logout'...
2026-01-20T00:08:22.9046670Z     🔍 [SMART] Searching for: 'Logout' (trying 15+ strategies)
2026-01-20T00:08:22.9047568Z     ⚠️ Smart selectors failed (no unique match). Falling back to AI Vision...
2026-01-20T00:08:22.9048555Z     🧠 [EXPERT] Strategy: Act as Senior SDET focusing on exploring the application to understand functional flow and identifying critical paths for end-to-end automation.
2026-01-20T00:08:22.9051661Z [CACHE HIT] 9d040d90... (hits: 3, misses: 13)
2026-01-20T00:08:22.9052367Z     ⚠️ Skipping duplicate injection: Login
2026-01-20T00:08:22.9052814Z     🔄 Retry 2/3 mining locators for 'Logout'...
2026-01-20T00:08:23.9065576Z     🗑️ Invalidating stale AI cache (retry 2)...
2026-01-20T00:08:23.9433364Z     🧠 Consulting AI (Vision-First) to find 'Logout'...
2026-01-20T00:08:23.9433843Z     🔍 Trying smart selectors for 'Logout'...
2026-01-20T00:08:24.0192613Z     🔍 [SMART] Searching for: 'Logout' (trying 15+ strategies)
2026-01-20T00:08:24.0193534Z     ⚠️ Smart selectors failed (no unique match). Falling back to AI Vision...
2026-01-20T00:08:24.0194707Z     🧠 [EXPERT] Strategy: Act as Senior SDET focusing on exploring the application to understand functional flow and identifying critical paths for end-to-end automation.
2026-01-20T00:08:24.0197252Z [CACHE HIT] 9d040d90... (hits: 4, misses: 13)
2026-01-20T00:08:24.0197874Z     ⚠️ Skipping duplicate injection: Login
2026-01-20T00:08:24.0198628Z     🧠 Verifying step validity for 'Logout' after no candidates found...
2026-01-20T00:08:26.7399040Z [DEBUG] Sending request to gemini-2.0-flash. Number of parts: 2
2026-01-20T00:08:26.7399721Z [DEBUG] Received response (Length: 238)
2026-01-20T00:08:26.7401739Z     🗑️ Step deemed INVALID: The current page is the login page. The user is not logged in. Therefore, the 'Logout' option is not available. It is not logical to try to interact with 'Logout' on this page.. Removing from workflow.
2026-01-20T00:08:26.7403220Z     ⏭️ Skipping execution of invalid step: Logout
2026-01-20T00:08:26.7403616Z   ▶️ [STEP step_8] ASSERT_URL: 
2026-01-20T00:08:31.7545780Z     ⚠️ Scroll into view failed for text=None. Proceeding anyway.
2026-01-20T00:08:33.7569044Z     ✅ State transitioned.
2026-01-20T00:08:33.7614983Z     🔄 Revisited state detected (count: 2)
2026-01-20T00:08:35.2259467Z [DEBUG] Sending request to gemini-2.0-flash. Number of parts: 2
2026-01-20T00:08:35.2260350Z [DEBUG] Received response (Length: 210)
2026-01-20T00:08:35.2261388Z     🤖 AI Next Step Suggestion: click -> login-button
2026-01-20T00:08:35.2262237Z     🧩 Suggested Locator: input[id='login-button']
2026-01-20T00:08:35.2263633Z     💭 Reasoning: The form is complete, and the login button is visible. Clicking it will attempt to log in the user.
2026-01-20T00:08:35.2265336Z     ➕ Injected AI step: click -> login-button
2026-01-20T00:08:35.2265970Z   ▶️ [STEP step_8_ai_1] CLICK: login-button
2026-01-20T00:08:35.2318185Z     🎯 Using AI-provided locator: input[id='login-button']
2026-01-20T00:08:35.2374418Z     ✅ Found 1 verified locators
2026-01-20T00:08:39.2972553Z     ✅ State transitioned.
2026-01-20T00:08:40.8486926Z [DEBUG] Sending request to gemini-2.0-flash. Number of parts: 2
2026-01-20T00:08:40.8487371Z [DEBUG] Received response (Length: 265)
2026-01-20T00:08:40.8487900Z     🤖 AI Next Step Suggestion: done -> N/A
2026-01-20T00:08:40.8506258Z     💭 Reasoning: The user has successfully logged in and is on the inventory page. The original goal was to verify that a standard user can log in and log out successfully. Logging out is not possible from this page, so the goal is complete.
2026-01-20T00:08:42.8923781Z 
2026-01-20T00:08:42.8924879Z [3/3] Exploring Scenario: Login with invalid credentials
2026-01-20T00:08:42.8926886Z     🧠 Initialized exploration context for goal: 'Verify that the user cannot login with invalid credentials'
2026-01-20T00:08:42.8928333Z     🎯 Scenario: Login with invalid credentials
2026-01-20T00:08:42.8930212Z   ▶️ [STEP step_1] NAVIGATE: 
2026-01-20T00:08:43.6380176Z     ✅ Navigated to https://www.saucedemo.com/
2026-01-20T00:08:43.6381307Z     ⚡ PARALLEL MODE: Batching 2 fill steps
2026-01-20T00:08:43.6382121Z     ⚡ Batch mining 2 fields in parallel...
2026-01-20T00:08:43.6766007Z     🔍 Trying smart selectors for 'user-name'...
2026-01-20T00:08:43.6968693Z     🔍 [SMART] Searching for: 'user-name' (trying 15+ strategies)
2026-01-20T00:08:43.6969961Z     ✅ Smart selector found 'user-name' via data-test-exact (confidence: 0.98)
2026-01-20T00:08:43.6970791Z     ✅ Batch mined 'user-name' (1 locators)
2026-01-20T00:08:43.6971403Z     ✅ Batch mined 'password' (6 locators)
2026-01-20T00:08:43.6972000Z     ✅ Batch mined 2/2 steps successfully
2026-01-20T00:08:43.6972596Z   ▶️ [STEP step_4] CLICK: Login
2026-01-20T00:08:43.7023778Z     🔍 Mining locators for: 'Login'
2026-01-20T00:08:43.7430493Z     🧠 Consulting AI (Vision-First) to find 'Login'...
2026-01-20T00:08:43.7431184Z     🔍 Trying smart selectors for 'Login'...
2026-01-20T00:08:43.7452146Z     🔍 [SMART] Searching for: 'Login' (trying 15+ strategies)
2026-01-20T00:08:43.7453037Z     ✅ Smart selector found 'Login' via role-button-exact (confidence: 0.96)
2026-01-20T00:08:43.7494947Z     ✅ Found 1 verified locators
2026-01-20T00:08:47.3347324Z     ✅ State transitioned.
2026-01-20T00:08:48.7269064Z [DEBUG] Sending request to gemini-2.0-flash. Number of parts: 2
2026-01-20T00:08:48.7269763Z [DEBUG] Received response (Length: 264)
2026-01-20T00:08:48.7270612Z     🤖 AI Next Step Suggestion: fill -> Username
2026-01-20T00:08:48.7271211Z     🧩 Suggested Locator: #user-name
2026-01-20T00:08:48.7272191Z     💭 Reasoning: The error message indicates that the username is required. Filling the username field with 'locked_out_user' to test the locked user scenario.
2026-01-20T00:08:48.7273341Z     ➕ Injected AI step: fill -> Username
2026-01-20T00:08:48.7273747Z   ▶️ [STEP step_4_ai_1] FILL: Username
2026-01-20T00:08:48.7331053Z     🎯 Using AI-provided locator: #user-name
2026-01-20T00:08:48.7387142Z     ✅ Found 1 verified locators
2026-01-20T00:08:54.9222707Z     ✅ State transitioned.
2026-01-20T00:08:56.2608146Z [DEBUG] Sending request to gemini-2.0-flash. Number of parts: 2
2026-01-20T00:08:56.2608785Z [DEBUG] Received response (Length: 239)
2026-01-20T00:08:56.2609710Z     🤖 AI Next Step Suggestion: fill -> Password
2026-01-20T00:08:56.2610119Z     🧩 Suggested Locator: #password
2026-01-20T00:08:56.2610847Z     💭 Reasoning: The username has been filled. Now, fill the password field with an invalid password to test the locked user scenario.
2026-01-20T00:08:56.2611534Z     ➕ Injected AI step: fill -> Password
2026-01-20T00:08:56.2611933Z   ▶️ [STEP step_4_ai_2] FILL: Password
2026-01-20T00:08:56.2668309Z     🎯 Using AI-provided locator: #password
2026-01-20T00:08:56.2727768Z     ✅ Found 1 verified locators
2026-01-20T00:09:02.6973422Z     ✅ State transitioned.
2026-01-20T00:09:04.3989551Z [DEBUG] Sending request to gemini-2.0-flash. Number of parts: 2
2026-01-20T00:09:04.3990275Z [DEBUG] Received response (Length: 270)
2026-01-20T00:09:04.3991092Z     🤖 AI Next Step Suggestion: click -> Login
2026-01-20T00:09:04.3991877Z     🧩 Suggested Locator: #login-button
2026-01-20T00:09:04.3993879Z     💭 Reasoning: The error message 'Epic sadface: Username is required' indicates that the username field is empty. Clicking login again with empty fields will help to confirm the error message.
2026-01-20T00:09:04.3995424Z     ➕ Injected AI step: click -> Login
2026-01-20T00:09:04.3995903Z   ▶️ [STEP step_4_ai_3] CLICK: Login
2026-01-20T00:09:04.4047865Z     🎯 Using AI-provided locator: #login-button
2026-01-20T00:09:04.4104046Z     ✅ Found 1 verified locators
2026-01-20T00:09:08.4684606Z     ✅ State transitioned.
2026-01-20T00:09:10.2371767Z [DEBUG] Sending request to gemini-2.0-flash. Number of parts: 2
2026-01-20T00:09:10.2372492Z [DEBUG] Received response (Length: 316)
2026-01-20T00:09:10.2373319Z     🤖 AI Next Step Suggestion: fill -> Username
2026-01-20T00:09:10.2373946Z     🧩 Suggested Locator: #user-name
2026-01-20T00:09:10.2375742Z     💭 Reasoning: The error message indicates that the username and password do not match. The goal is to test locked user scenarios, so I will use the 'locked_out_user' username from the accepted usernames list.
2026-01-20T00:09:10.2377282Z     ➕ Injected AI step: fill -> Username
2026-01-20T00:09:10.2377821Z   ▶️ [STEP step_4_ai_4] FILL: Username
2026-01-20T00:09:10.2433832Z     🎯 Using AI-provided locator: #user-name
2026-01-20T00:09:10.2491614Z     ✅ Found 1 verified locators
2026-01-20T00:09:17.5479890Z     ✅ State transitioned.
2026-01-20T00:09:17.5530275Z     🔄 Revisited state detected (count: 1)
2026-01-20T00:09:19.1129597Z [DEBUG] Sending request to gemini-2.0-flash. Number of parts: 2
2026-01-20T00:09:19.1130556Z [DEBUG] Received response (Length: 215)
2026-01-20T00:09:19.1131662Z     🤖 AI Next Step Suggestion: fill -> Password
2026-01-20T00:09:19.1132456Z     🧩 Suggested Locator: #password
2026-01-20T00:09:19.1133851Z     💭 Reasoning: The username is already filled. Now filling the password with the correct password for all users.
2026-01-20T00:09:19.1135182Z     ➕ Injected AI step: fill -> Password
2026-01-20T00:09:19.1135904Z   ▶️ [STEP step_4_ai_5] FILL: Password
2026-01-20T00:09:19.1192765Z     🎯 Using AI-provided locator: #password
2026-01-20T00:09:19.1250299Z     ✅ Found 1 verified locators
2026-01-20T00:09:25.8355199Z     ✅ State transitioned.
2026-01-20T00:09:27.9117558Z [DEBUG] Sending request to gemini-2.0-flash. Number of parts: 2
2026-01-20T00:09:27.9118288Z [DEBUG] Received response (Length: 421)
2026-01-20T00:09:27.9119210Z     🤖 AI Next Step Suggestion: click -> Login
2026-01-20T00:09:27.9119633Z     🧩 Suggested Locator: #login-button
2026-01-20T00:09:27.9121855Z     💭 Reasoning: The error message indicates that the username and password do not match. Since the goal is to test locked user scenarios, and the username and password fields have been filled, clicking the login button again will attempt to log in with the provided credentials and potentially trigger the locked user scenario.
2026-01-20T00:09:27.9123389Z     ➕ Injected AI step: click -> Login
2026-01-20T00:09:27.9123784Z   ▶️ [STEP step_4_ai_6] CLICK: Login
2026-01-20T00:09:27.9174876Z     🎯 Using AI-provided locator: #login-button
2026-01-20T00:09:27.9231005Z     ✅ Found 1 verified locators
2026-01-20T00:09:31.9835934Z     ✅ State transitioned.
2026-01-20T00:09:33.5238550Z [DEBUG] Sending request to gemini-2.0-flash. Number of parts: 2
2026-01-20T00:09:33.5239490Z [DEBUG] Received response (Length: 218)
2026-01-20T00:09:33.5240363Z     🤖 AI Next Step Suggestion: done -> N/A
2026-01-20T00:09:33.5242311Z     💭 Reasoning: The page indicates that the user is locked out, and the goal is to test locked user scenarios. Since the page already displays the locked-out message, the test case is complete.
2026-01-20T00:09:33.5244630Z   ▶️ [STEP step_5] ASSERT_VISIBLE: Epic sadface: Username and password do not match any user in this service
2026-01-20T00:09:33.5298082Z     🔍 Mining locators for: 'Epic sadface: Username and password do not match any user in this service'
2026-01-20T00:09:33.5730260Z     🧠 Consulting AI (Vision-First) to find 'Epic sadface: Username and password do not match any user in this service'...
2026-01-20T00:09:33.5731593Z     🔍 Trying smart selectors for 'Epic sadface: Username and password do not match any user in this service'...
2026-01-20T00:09:33.6496412Z     🔍 [SMART] Searching for: 'Epic sadface: Username and password do not match any user in this service' (trying 15+ strategies)
2026-01-20T00:09:33.6497556Z     ✅ Smart selector found 'Epic sadface: Username and password do not match any user in this service' via fuzzy-token (confidence: 0.75)
2026-01-20T00:09:33.6539154Z     ✅ Found 1 verified locators
2026-01-20T00:09:36.6764519Z     ✅ State transitioned.
2026-01-20T00:09:36.6815217Z     🔄 Revisited state detected (count: 1)
2026-01-20T00:09:38.6976209Z [DEBUG] Sending request to gemini-2.0-flash. Number of parts: 2
2026-01-20T00:09:38.6977004Z [DEBUG] Received response (Length: 370)
2026-01-20T00:09:38.6977715Z     🤖 AI Next Step Suggestion: click -> Login
2026-01-20T00:09:38.6978116Z     🧩 Suggested Locator: #login-button
2026-01-20T00:09:38.6979743Z     💭 Reasoning: The page shows that the user is locked out. To test this scenario, I need to attempt to log in with the 'locked_out_user' credentials. The username and password fields are already filled with the correct values for this scenario, so I need to click the Login button to proceed.
2026-01-20T00:09:38.6981146Z ⚠️ Loop detected: same AI suggestion repeated 2 times without state change. Moving to next step.
2026-01-20T00:09:40.7281897Z 🗂️  All generated tests written to /home/runner/work/build_qa_automation/build_qa_automation/projects/ci_saucedemo_locked/tests/generated_scenarios.json
2026-01-20T00:09:40.7282993Z 
2026-01-20T00:09:40.7283454Z 📝 Processing scenario 'Locked Out User Login Attempt' with 8 steps
2026-01-20T00:09:40.7284192Z   🔍 Step 1 (fill): Found 1 mined locators
2026-01-20T00:09:40.7284852Z       ✅ Kept robust locator (1.13): [data-test='username']...
2026-01-20T00:09:40.7285533Z   💾 Saved 1 robust locators (top stability: 1.00)
2026-01-20T00:09:40.7286109Z   🔍 Step 2 (fill): Found 6 mined locators
2026-01-20T00:09:40.7286790Z       ✅ Kept robust locator (0.80): role=textbox[name='Password']...
2026-01-20T00:09:40.7287510Z       ✅ Kept robust locator (0.70): text='Password'...
2026-01-20T00:09:40.7288295Z       ⚠️ Skipping low-confidence locator (0.60): [placeholder='Password']...
2026-01-20T00:09:40.7289240Z       ✅ Kept robust locator (0.85): #password...
2026-01-20T00:09:40.7289923Z       ✅ Kept robust locator (0.75): input[name='password']...
2026-01-20T00:09:40.7291014Z       ✅ Kept robust locator (0.70): text=Password for all users:...
2026-01-20T00:09:40.7291713Z   💾 Saved 3 robust locators (top stability: 0.85)
2026-01-20T00:09:40.7292286Z   🔍 Step 3 (click): Found 1 mined locators
2026-01-20T00:09:40.7293134Z       ✅ Kept robust locator (1.01): role=button[name='Login' i]...
2026-01-20T00:09:40.7293829Z   💾 Saved 1 robust locators (top stability: 1.00)
2026-01-20T00:09:40.7294414Z   🔍 Step 4 (fill): Found 1 mined locators
2026-01-20T00:09:40.7294966Z       ✅ Kept robust locator (0.95): #user-name...
2026-01-20T00:09:40.7295558Z   💾 Saved 1 robust locators (top stability: 0.95)
2026-01-20T00:09:40.7296119Z   🔍 Step 5 (fill): Found 1 mined locators
2026-01-20T00:09:40.7296670Z       ✅ Kept robust locator (0.95): #password...
2026-01-20T00:09:40.7297252Z   💾 Saved 1 robust locators (top stability: 0.95)
2026-01-20T00:09:40.7297817Z   🔍 Step 6 (click): Found 1 mined locators
2026-01-20T00:09:40.7298393Z       ✅ Kept robust locator (0.95): #login-button...
2026-01-20T00:09:40.7299289Z   💾 Saved 1 robust locators (top stability: 0.95)
2026-01-20T00:09:40.7299919Z   🔍 Step 7 (assert_visible): Found 1 mined locators
2026-01-20T00:09:40.7300750Z       ✅ Kept robust locator (0.70): text='Epic sadface: Sorry, this user has been lock...
2026-01-20T00:09:40.7301574Z   💾 Saved 1 robust locators (top stability: 0.70)
2026-01-20T00:09:40.7302341Z ✅ Updated scenario 'Locked Out User Login Attempt' with 8 validated steps
2026-01-20T00:09:40.7302836Z 
2026-01-20T00:09:40.7303250Z 📝 Processing scenario 'Standard User Login and Logout' with 10 steps
2026-01-20T00:09:40.7303938Z   🔍 Step 1 (fill): Found 1 mined locators
2026-01-20T00:09:40.7304554Z       ✅ Kept robust locator (1.13): [data-test='username']...
2026-01-20T00:09:40.7305209Z   💾 Saved 1 robust locators (top stability: 1.00)
2026-01-20T00:09:40.7305771Z   🔍 Step 2 (fill): Found 6 mined locators
2026-01-20T00:09:40.7306438Z       ✅ Kept robust locator (0.80): role=textbox[name='Password']...
2026-01-20T00:09:40.7307164Z       ✅ Kept robust locator (0.70): text='Password'...
2026-01-20T00:09:40.7307948Z       ⚠️ Skipping low-confidence locator (0.60): [placeholder='Password']...
2026-01-20T00:09:40.7308685Z       ✅ Kept robust locator (0.85): #password...
2026-01-20T00:09:40.7309737Z       ✅ Kept robust locator (0.75): input[name='password']...
2026-01-20T00:09:40.7310497Z       ✅ Kept robust locator (0.70): text=Password for all users:...
2026-01-20T00:09:40.7311187Z   💾 Saved 3 robust locators (top stability: 0.85)
2026-01-20T00:09:40.7311760Z   🔍 Step 3 (click): Found 1 mined locators
2026-01-20T00:09:40.7312412Z       ✅ Kept robust locator (1.01): role=button[name='Login' i]...
2026-01-20T00:09:40.7313092Z   💾 Saved 1 robust locators (top stability: 1.00)
2026-01-20T00:09:40.7313656Z   🔍 Step 4 (fill): Found 1 mined locators
2026-01-20T00:09:40.7314210Z       ✅ Kept robust locator (0.95): #user-name...
2026-01-20T00:09:40.7314798Z   💾 Saved 1 robust locators (top stability: 0.95)
2026-01-20T00:09:40.7315358Z   🔍 Step 5 (fill): Found 1 mined locators
2026-01-20T00:09:40.7315915Z       ✅ Kept robust locator (0.95): #password...
2026-01-20T00:09:40.7316515Z   💾 Saved 1 robust locators (top stability: 0.95)
2026-01-20T00:09:40.7317071Z   🔍 Step 6 (fill): Found 1 mined locators
2026-01-20T00:09:40.7317630Z       ✅ Kept robust locator (0.95): #user-name...
2026-01-20T00:09:40.7318218Z   💾 Saved 1 robust locators (top stability: 0.95)
2026-01-20T00:09:40.7318776Z   🔍 Step 9 (click): Found 1 mined locators
2026-01-20T00:09:40.7319580Z       ✅ Kept robust locator (1.05): input[id='login-button']...
2026-01-20T00:09:40.7320243Z   💾 Saved 1 robust locators (top stability: 1.00)
2026-01-20T00:09:40.7321029Z ✅ Updated scenario 'Standard User Login and Logout' with 10 validated steps
2026-01-20T00:09:40.7321531Z 
2026-01-20T00:09:40.7321940Z 📝 Processing scenario 'Login with invalid credentials' with 11 steps
2026-01-20T00:09:40.7322628Z   🔍 Step 1 (fill): Found 1 mined locators
2026-01-20T00:09:40.7323243Z       ✅ Kept robust locator (1.13): [data-test='username']...
2026-01-20T00:09:40.7324117Z   💾 Saved 1 robust locators (top stability: 1.00)
2026-01-20T00:09:40.7324678Z   🔍 Step 2 (fill): Found 6 mined locators
2026-01-20T00:09:40.7325334Z       ✅ Kept robust locator (0.80): role=textbox[name='Password']...
2026-01-20T00:09:40.7326211Z       ✅ Kept robust locator (0.70): text='Password'...
2026-01-20T00:09:40.7327014Z       ⚠️ Skipping low-confidence locator (0.60): [placeholder='Password']...
2026-01-20T00:09:40.7327926Z       ✅ Kept robust locator (0.85): #password...
2026-01-20T00:09:40.7328621Z       ✅ Kept robust locator (0.75): input[name='password']...
2026-01-20T00:09:40.7329578Z       ✅ Kept robust locator (0.70): text=Password for all users:...
2026-01-20T00:09:40.7330283Z   💾 Saved 3 robust locators (top stability: 0.85)
2026-01-20T00:09:40.7330883Z   🔍 Step 3 (click): Found 1 mined locators
2026-01-20T00:09:40.7331339Z       ✅ Kept robust locator (1.01): role=button[name='Login' i]...
2026-01-20T00:09:40.7331765Z   💾 Saved 1 robust locators (top stability: 1.00)
2026-01-20T00:09:40.7332092Z   🔍 Step 4 (fill): Found 1 mined locators
2026-01-20T00:09:40.7332427Z       ✅ Kept robust locator (0.95): #user-name...
2026-01-20T00:09:40.7332770Z   💾 Saved 1 robust locators (top stability: 0.95)
2026-01-20T00:09:40.7333097Z   🔍 Step 5 (fill): Found 1 mined locators
2026-01-20T00:09:40.7333417Z       ✅ Kept robust locator (0.95): #password...
2026-01-20T00:09:40.7333780Z   💾 Saved 1 robust locators (top stability: 0.95)
2026-01-20T00:09:40.7334118Z   🔍 Step 6 (click): Found 1 mined locators
2026-01-20T00:09:40.7334452Z       ✅ Kept robust locator (0.95): #login-button...
2026-01-20T00:09:40.7336532Z   💾 Saved 1 robust locators (top stability: 0.95)
2026-01-20T00:09:40.7337089Z   🔍 Step 7 (fill): Found 1 mined locators
2026-01-20T00:09:40.7337651Z       ✅ Kept robust locator (0.95): #user-name...
2026-01-20T00:09:40.7338236Z   💾 Saved 1 robust locators (top stability: 0.95)
2026-01-20T00:09:40.7339014Z   🔍 Step 8 (fill): Found 1 mined locators
2026-01-20T00:09:40.7339582Z       ✅ Kept robust locator (0.95): #password...
2026-01-20T00:09:40.7340188Z   💾 Saved 1 robust locators (top stability: 0.95)
2026-01-20T00:09:40.7340543Z   🔍 Step 9 (click): Found 1 mined locators
2026-01-20T00:09:40.7341144Z       ✅ Kept robust locator (0.95): #login-button...
2026-01-20T00:09:40.7341771Z   💾 Saved 1 robust locators (top stability: 0.95)
2026-01-20T00:09:40.7342443Z   🔍 Step 10 (assert_visible): Found 1 mined locators
2026-01-20T00:09:40.7343402Z       ✅ Kept robust locator (0.75): input[name*='password' i], input[id*='password' i]...
2026-01-20T00:09:40.7344325Z   💾 Saved 1 robust locators (top stability: 0.75)
2026-01-20T00:09:40.7345233Z ✅ Updated scenario 'Login with invalid credentials' with 11 validated steps
2026-01-20T00:09:40.7346275Z 🔄 Updated workflow.json with discovered steps and locators.
2026-01-20T00:09:40.7346746Z 
2026-01-20T00:09:40.7346935Z ============================================================
2026-01-20T00:09:40.7347628Z 📊 EXPLORER PERFORMANCE SUMMARY
2026-01-20T00:09:40.7348119Z ============================================================
2026-01-20T00:09:40.7348475Z 
2026-01-20T00:09:40.7348673Z 🔍 Locator Mining:
2026-01-20T00:09:40.7349391Z    • Total Locators Mined: 39
2026-01-20T00:09:40.7349906Z    • Filtered Out (Brittle): 3 (7.7%)
2026-01-20T00:09:40.7350450Z    • Saved to Golden Path: 30 (76.9%)
2026-01-20T00:09:40.7350787Z 
2026-01-20T00:09:40.7351000Z ⚠️  Filtering Breakdown:
2026-01-20T00:09:40.7351308Z    • Low Confidence (<0.75): 3
2026-01-20T00:09:40.7351465Z 
2026-01-20T00:09:40.7351580Z ✅ Golden Path Quality:
2026-01-20T00:09:40.7351901Z    🌟 EXCELLENT - 76.9% of mined locators are robust!
2026-01-20T00:09:40.7352122Z 
2026-01-20T00:09:40.7352225Z ============================================================
2026-01-20T00:09:40.7352422Z 
2026-01-20T00:09:40.7352547Z ✅ Deep Exploration Complete.
2026-01-20T00:11:41.6773554Z 
2026-01-20T00:11:41.6775760Z 🚀 [EXECUTE] Starting Automation Execution Engine
2026-01-20T00:11:41.6778755Z 📍 Project: ci_saucedemo_locked
2026-01-20T00:11:41.6779450Z 🎬 Mode: Headless
2026-01-20T00:11:41.6779642Z 
2026-01-20T00:11:41.6779841Z --- Scenario: Locked Out User Login Attempt ---
2026-01-20T00:11:41.6780787Z   ▶️  [STEP step_1] NAVIGATE: NAVIGATE
2026-01-20T00:11:41.6781307Z     ✅ Step step_1 Passed.
2026-01-20T00:11:41.6781745Z   ▶️  [STEP step_2] FILL: user-name
2026-01-20T00:11:41.6782305Z     🔍 Trying 1 validated locators from golden path...
2026-01-20T00:11:41.6783131Z     ✅ SUCCESS! Locator #1: [data-test='username']... (method: unknown, stability: 1.00)
2026-01-20T00:11:41.6783808Z     ✅ Step step_2 Passed.
2026-01-20T00:11:41.6784264Z   ▶️  [STEP step_3] FILL: password
2026-01-20T00:11:41.6784902Z     🔍 Trying 3 validated locators from golden path...
2026-01-20T00:11:41.6785759Z     ✅ SUCCESS! Locator #1: #password... (method: unknown, stability: 0.85)
2026-01-20T00:11:41.6786473Z     ✅ Step step_3 Passed.
2026-01-20T00:11:41.6786924Z   ▶️  [STEP step_4] CLICK: Login
2026-01-20T00:11:41.6787296Z     🔍 Trying 1 validated locators from golden path...
2026-01-20T00:11:41.6787816Z     ✅ SUCCESS! Locator #1: role=button[name='Login' i]... (method: unknown, stability: 1.00)
2026-01-20T00:11:41.6788265Z     ✅ Step step_4 Passed.
2026-01-20T00:11:41.6788548Z   ▶️  [STEP step_4_ai_1] FILL: Username
2026-01-20T00:11:41.6789153Z     🔍 Trying 1 validated locators from golden path...
2026-01-20T00:11:41.6789616Z     ✅ SUCCESS! Locator #1: #user-name... (method: unknown, stability: 0.95)
2026-01-20T00:11:41.6790012Z     ✅ Step step_4_ai_1 Passed.
2026-01-20T00:11:41.6790292Z   ▶️  [STEP step_4_ai_2] FILL: Password
2026-01-20T00:11:41.6790631Z     🔍 Trying 1 validated locators from golden path...
2026-01-20T00:11:41.6791074Z     ✅ SUCCESS! Locator #1: #password... (method: unknown, stability: 0.95)
2026-01-20T00:11:41.6791463Z     ✅ Step step_4_ai_2 Passed.
2026-01-20T00:11:41.6791746Z   ▶️  [STEP step_4_ai_3] CLICK: Login
2026-01-20T00:11:41.6792081Z     🔍 Trying 1 validated locators from golden path...
2026-01-20T00:11:41.6792563Z     ✅ SUCCESS! Locator #1: #login-button... (method: unknown, stability: 0.95)
2026-01-20T00:11:41.6792958Z     ✅ Step step_4_ai_3 Passed.
2026-01-20T00:11:41.6793380Z   ▶️  [STEP step_5] ASSERT_VISIBLE: Epic sadface: Sorry, this user has been locked out.
2026-01-20T00:11:41.6793857Z     🔍 Trying 1 validated locators from golden path...
2026-01-20T00:11:41.6794472Z     ✅ SUCCESS! Locator #1: text='Epic sadface: Sorry, this user has been locked out.'... (method: unknown, stability: 0.70)
2026-01-20T00:11:41.6794998Z     ✅ Step step_5 Passed.
2026-01-20T00:11:41.6795371Z ✅ Scenario 'Locked Out User Login Attempt' completed successfully!
2026-01-20T00:11:41.6795653Z 
2026-01-20T00:11:41.6795781Z --- Scenario: Standard User Login and Logout ---
2026-01-20T00:11:41.6796124Z   ▶️  [STEP step_1] NAVIGATE: NAVIGATE
2026-01-20T00:11:41.6796414Z     ✅ Step step_1 Passed.
2026-01-20T00:11:41.6796684Z   ▶️  [STEP step_2] FILL: user-name
2026-01-20T00:11:41.6797030Z     🔍 Trying 1 validated locators from golden path...
2026-01-20T00:11:41.6797512Z     ✅ SUCCESS! Locator #1: [data-test='username']... (method: unknown, stability: 1.00)
2026-01-20T00:11:41.6797941Z     ✅ Step step_2 Passed.
2026-01-20T00:11:41.6798212Z   ▶️  [STEP step_3] FILL: password
2026-01-20T00:11:41.6798542Z     🔍 Trying 3 validated locators from golden path...
2026-01-20T00:11:41.6799178Z     ✅ SUCCESS! Locator #1: #password... (method: unknown, stability: 0.85)
2026-01-20T00:11:41.6799571Z     ✅ Step step_3 Passed.
2026-01-20T00:11:41.6799827Z   ▶️  [STEP step_4] CLICK: Login
2026-01-20T00:11:41.6800146Z     🔍 Trying 1 validated locators from golden path...
2026-01-20T00:11:41.6800642Z     ✅ SUCCESS! Locator #1: role=button[name='Login' i]... (method: unknown, stability: 1.00)
2026-01-20T00:11:41.6801084Z     ✅ Step step_4 Passed.
2026-01-20T00:11:41.6801346Z   ▶️  [STEP step_4_ai_1] FILL: Username
2026-01-20T00:11:41.6801684Z     🔍 Trying 1 validated locators from golden path...
2026-01-20T00:11:41.6802250Z     ❌ Locator #1 found 0 elements: #user-name...
2026-01-20T00:11:41.6802670Z     ⚠️  All golden path locators failed. Will try text-based fallback.
2026-01-20T00:11:41.6803401Z     ❌ Attempt 1 failed (element_not_found): Locator.scroll_into_view_if_needed: Timeout 10000ms exceeded.
2026-01-20T00:11:41.6803857Z Call log:
2026-01-20T00:11:41.6804049Z   - waiting for locator("tex...
2026-01-20T00:11:41.6804401Z     🔧 [AUTO-HEAL] Re-mining page to find 'Username'...
2026-01-20T00:11:41.6804777Z [DEBUG] Sending request to gemini-2.0-flash. Number of parts: 2
2026-01-20T00:11:41.6805128Z [DEBUG] Received response (Length: 38)
2026-01-20T00:11:41.6805524Z     ❌ AI could not re-locate the element. Waiting 1s before next retry.
2026-01-20T00:11:41.6806128Z     ❌ Attempt 2 failed (element_not_found): Locator.scroll_into_view_if_needed: Timeout 10000ms exceeded.
2026-01-20T00:11:41.6806578Z Call log:
2026-01-20T00:11:41.6806763Z   - waiting for locator("tex...
2026-01-20T00:11:41.6807099Z     🔧 [AUTO-HEAL] Re-mining page to find 'Username'...
2026-01-20T00:11:41.6807407Z [CACHE HIT] ef1a131d... (hits: 1, misses: 1)
2026-01-20T00:11:41.6807811Z     ❌ AI could not re-locate the element. Waiting 1s before next retry.
2026-01-20T00:11:41.6808438Z     ❌ Attempt 3 failed (element_not_found): Locator.scroll_into_view_if_needed: Timeout 10000ms exceeded.
2026-01-20T00:11:41.6810236Z Call log:
2026-01-20T00:11:41.6810435Z   - waiting for locator("tex...
2026-01-20T00:11:41.6810794Z     💀 Step step_4_ai_1 failed after all retries.
2026-01-20T00:11:41.6811250Z 🛑 Scenario 'Standard User Login and Logout' aborted due to step failure.
2026-01-20T00:11:41.6811537Z 
2026-01-20T00:11:41.6811665Z --- Scenario: Login with invalid credentials ---
2026-01-20T00:11:41.6812005Z   ▶️  [STEP step_1] NAVIGATE: NAVIGATE
2026-01-20T00:11:41.6812284Z     ✅ Step step_1 Passed.
2026-01-20T00:11:41.6812572Z   ▶️  [STEP step_2] FILL: user-name
2026-01-20T00:11:41.6812904Z     🔍 Trying 1 validated locators from golden path...
2026-01-20T00:11:41.6813405Z     ✅ SUCCESS! Locator #1: [data-test='username']... (method: unknown, stability: 1.00)
2026-01-20T00:11:41.6813930Z     ✅ Step step_2 Passed.
2026-01-20T00:11:41.6814351Z   ▶️  [STEP step_3] FILL: password
2026-01-20T00:11:41.6814822Z     🔍 Trying 3 validated locators from golden path...
2026-01-20T00:11:41.6815327Z     ✅ SUCCESS! Locator #1: #password... (method: unknown, stability: 0.85)
2026-01-20T00:11:41.6815713Z     ✅ Step step_3 Passed.
2026-01-20T00:11:41.6815971Z   ▶️  [STEP step_4] CLICK: Login
2026-01-20T00:11:41.6816288Z     🔍 Trying 1 validated locators from golden path...
2026-01-20T00:11:41.6816778Z     ✅ SUCCESS! Locator #1: role=button[name='Login' i]... (method: unknown, stability: 1.00)
2026-01-20T00:11:41.6817218Z     ✅ Step step_4 Passed.
2026-01-20T00:11:41.6817486Z   ▶️  [STEP step_4_ai_1] FILL: Username
2026-01-20T00:11:41.6817827Z     🔍 Trying 1 validated locators from golden path...
2026-01-20T00:11:41.6818269Z     ✅ SUCCESS! Locator #1: #user-name... (method: unknown, stability: 0.95)
2026-01-20T00:11:41.6818673Z     ✅ Step step_4_ai_1 Passed.
2026-01-20T00:11:41.6819226Z   ▶️  [STEP step_4_ai_2] FILL: Password
2026-01-20T00:11:41.6819582Z     🔍 Trying 1 validated locators from golden path...
2026-01-20T00:11:41.6820190Z     ✅ SUCCESS! Locator #1: #password... (method: unknown, stability: 0.95)
2026-01-20T00:11:41.6820594Z     ✅ Step step_4_ai_2 Passed.
2026-01-20T00:11:41.6820874Z   ▶️  [STEP step_4_ai_3] CLICK: Login
2026-01-20T00:11:41.6821215Z     🔍 Trying 1 validated locators from golden path...
2026-01-20T00:11:41.6821672Z     ✅ SUCCESS! Locator #1: #login-button... (method: unknown, stability: 0.95)
2026-01-20T00:11:41.6822064Z     ✅ Step step_4_ai_3 Passed.
2026-01-20T00:11:41.6822339Z   ▶️  [STEP step_4_ai_4] FILL: Username
2026-01-20T00:11:41.6822667Z     🔍 Trying 1 validated locators from golden path...
2026-01-20T00:11:41.6823101Z     ✅ SUCCESS! Locator #1: #user-name... (method: unknown, stability: 0.95)
2026-01-20T00:11:41.6823617Z     ✅ Step step_4_ai_4 Passed.
2026-01-20T00:11:41.6823888Z   ▶️  [STEP step_4_ai_5] FILL: Password
2026-01-20T00:11:41.6824222Z     🔍 Trying 1 validated locators from golden path...
2026-01-20T00:11:41.6824658Z     ✅ SUCCESS! Locator #1: #password... (method: unknown, stability: 0.95)
2026-01-20T00:11:41.6825046Z     ✅ Step step_4_ai_5 Passed.
2026-01-20T00:11:41.6825316Z   ▶️  [STEP step_4_ai_6] CLICK: Login
2026-01-20T00:11:41.6825642Z     🔍 Trying 1 validated locators from golden path...
2026-01-20T00:11:41.6826088Z     ✅ SUCCESS! Locator #1: #login-button... (method: unknown, stability: 0.95)
2026-01-20T00:11:41.6826484Z     ✅ Step step_4_ai_6 Passed.
2026-01-20T00:11:41.6826990Z   ▶️  [STEP step_5] ASSERT_VISIBLE: Epic sadface: Username and password do not match any user in this service
2026-01-20T00:11:41.6827543Z     🔍 Trying 1 validated locators from golden path...
2026-01-20T00:11:41.6828173Z     ✅ SUCCESS! Locator #1: input[name*='password' i], input[id*='password' i], input[cl... (method: unknown, stability: 0.75)
2026-01-20T00:11:41.6828728Z     ✅ Step step_5 Passed.
2026-01-20T00:11:41.6829485Z ✅ Scenario 'Login with invalid credentials' completed successfully!
2026-01-20T00:11:41.6829768Z 
2026-01-20T00:11:41.6829871Z ============================================================
2026-01-20T00:11:41.6830187Z 🎯 EXECUTION SUMMARY
2026-01-20T00:11:41.6830410Z ============================================================
2026-01-20T00:11:41.6830599Z 
2026-01-20T00:11:41.6830711Z 📋 Scenario Overview:
2026-01-20T00:11:41.6830962Z    • Total Scenarios Planned: 3
2026-01-20T00:11:41.6831228Z    • Scenarios Executed: 3
2026-01-20T00:11:41.6831485Z    • Total Steps Executed: 24
2026-01-20T00:11:41.6831634Z 
2026-01-20T00:11:41.6831733Z ✅ Results:
2026-01-20T00:11:41.6831932Z    ✅ Passed: 2 (66%)
2026-01-20T00:11:41.6832155Z    ❌ Failed: 1 (33%)
2026-01-20T00:11:41.6832278Z 
2026-01-20T00:11:41.6832382Z ⚠️  Failed Scenarios:
2026-01-20T00:11:41.6832633Z    • Standard User Login and Logout
2026-01-20T00:11:41.6832811Z 
2026-01-20T00:11:41.6832909Z ============================================================
2026-01-20T00:11:41.6833130Z 
2026-01-20T00:11:41.6833630Z 🏁 Execution Finished. Report: /home/runner/work/build_qa_automation/build_qa_automation/projects/ci_saucedemo_locked/execution.json
2026-01-20T00:11:41.6834132Z 
2026-01-20T00:11:41.6834240Z ============================================================
2026-01-20T00:11:41.6834544Z 📊 EXECUTOR PERFORMANCE SUMMARY
2026-01-20T00:11:41.6834795Z ============================================================
2026-01-20T00:11:41.6834986Z 
2026-01-20T00:11:41.6835089Z 🎯 Execution Results:
2026-01-20T00:11:41.6835314Z    • Total Steps: 24
2026-01-20T00:11:41.6835566Z    • First-Attempt Success: 23 (95.8%)
2026-01-20T00:11:41.6835859Z    • Required AI Healing: 2 (8.3%)
2026-01-20T00:11:41.6836137Z    • Final Failures: 1 (4.2%)
2026-01-20T00:11:41.6836281Z 
2026-01-20T00:11:41.6836408Z 🛤️  Golden Path Effectiveness:
2026-01-20T00:11:41.6836681Z    • Steps with Mined Locators: 21
2026-01-20T00:11:41.6836967Z    • Golden Path Hits: 20 (95.2%)
2026-01-20T00:11:41.6837235Z    • Golden Path Misses: 1
2026-01-20T00:11:41.6837498Z    • Fallback Used (No Locators): 3
2026-01-20T00:11:41.6837659Z 
2026-01-20T00:11:41.6837770Z 📈 Overall Assessment:
2026-01-20T00:11:41.6838196Z    🌟 EXCELLENT! Golden path is working perfectly.
2026-01-20T00:11:41.6838418Z 
2026-01-20T00:11:41.6838582Z 🎯 vs Target (100% Flawless):
2026-01-20T00:11:41.6839045Z    📊 Gap: 4.2% from target
2026-01-20T00:11:41.6839361Z    💡 Recommendation: Review 1 golden path misses
2026-01-20T00:11:41.6839774Z    💡 Recommendation: Explorer needs to mine locators for 3 steps
2026-01-20T00:11:41.6840035Z 
2026-01-20T00:11:41.6840134Z ============================================================
2026-01-20T00:11:41.7855890Z 
2026-01-20T00:11:41.7856371Z [PHASE] Running Phase: DISCOVERY
2026-01-20T00:11:41.7858590Z    Command: /opt/hostedtoolcache/Python/3.11.14/x64/bin/python /home/runner/work/build_qa_automation/build_qa_automation/core/agents/discovery.py --project /home/runner/work/build_qa_automation/build_qa_automation/projects/ci_saucedemo_locked --url https://www.saucedemo.com/ --deep
2026-01-20T00:11:41.7861310Z ✅ Phase 'discovery' completed successfully.
2026-01-20T00:11:41.7861634Z 
2026-01-20T00:11:41.7861790Z [PHASE] Running Phase: PLANNING
2026-01-20T00:11:41.7863701Z    Command: /opt/hostedtoolcache/Python/3.11.14/x64/bin/python /home/runner/work/build_qa_automation/build_qa_automation/core/agents/planner.py --project /home/runner/work/build_qa_automation/build_qa_automation/projects/ci_saucedemo_locked --goal Test locked user scenarios --url https://www.saucedemo.com/ --deep
2026-01-20T00:11:41.7865720Z ✅ Phase 'planning' completed successfully.
2026-01-20T00:11:41.7866017Z 
2026-01-20T00:11:41.7866174Z [PHASE] Running Phase: EXPLORATION
2026-01-20T00:11:41.7867677Z    Command: /opt/hostedtoolcache/Python/3.11.14/x64/bin/python /home/runner/work/build_qa_automation/build_qa_automation/core/agents/deep_explorer.py --project /home/runner/work/build_qa_automation/build_qa_automation/projects/ci_saucedemo_locked
2026-01-20T00:11:41.7869589Z ✅ Phase 'exploration' completed successfully.
2026-01-20T00:11:41.7870143Z 📊 Exploration Discovery Success Rate: 92.3%
2026-01-20T00:11:41.7870449Z 
2026-01-20T00:11:41.7870597Z [PHASE] Running Phase: EXECUTION
2026-01-20T00:11:41.7872066Z    Command: /opt/hostedtoolcache/Python/3.11.14/x64/bin/python /home/runner/work/build_qa_automation/build_qa_automation/core/agents/executor.py --project /home/runner/work/build_qa_automation/build_qa_automation/projects/ci_saucedemo_locked
2026-01-20T00:11:41.7873655Z ✅ Phase 'execution' completed successfully.
2026-01-20T00:11:41.7873947Z 
2026-01-20T00:11:41.7874105Z [DONE] Pipeline Execution Finished! [DONE]
2026-01-20T00:11:41.8860641Z ##[group]Run RESULT_FILE="projects/ci_saucedemo_locked/execution.json"
2026-01-20T00:11:41.8861344Z [36;1mRESULT_FILE="projects/ci_saucedemo_locked/execution.json"[0m
2026-01-20T00:11:41.8861742Z [36;1mif [ -f "$RESULT_FILE" ]; then[0m
2026-01-20T00:11:41.8862249Z [36;1m  echo "✅ Results generated successfully: $RESULT_FILE"[0m
2026-01-20T00:11:41.8862815Z [36;1m  cat "$RESULT_FILE" | jq '.scenarios | length' || echo "Result file exists"[0m
2026-01-20T00:11:41.8863285Z [36;1melse[0m
2026-01-20T00:11:41.8863643Z [36;1m  echo "❌ No result file found at $RESULT_FILE"[0m
2026-01-20T00:11:41.8863984Z [36;1m  exit 1[0m
2026-01-20T00:11:41.8864171Z [36;1mfi[0m
2026-01-20T00:11:41.8895867Z shell: /usr/bin/bash -e {0}
2026-01-20T00:11:41.8896101Z env:
2026-01-20T00:11:41.8896400Z   pythonLocation: /opt/hostedtoolcache/Python/3.11.14/x64
2026-01-20T00:11:41.8896846Z   PKG_CONFIG_PATH: /opt/hostedtoolcache/Python/3.11.14/x64/lib/pkgconfig
2026-01-20T00:11:41.8897315Z   Python_ROOT_DIR: /opt/hostedtoolcache/Python/3.11.14/x64
2026-01-20T00:11:41.8897709Z   Python2_ROOT_DIR: /opt/hostedtoolcache/Python/3.11.14/x64
2026-01-20T00:11:41.8898112Z   Python3_ROOT_DIR: /opt/hostedtoolcache/Python/3.11.14/x64
2026-01-20T00:11:41.8898505Z   LD_LIBRARY_PATH: /opt/hostedtoolcache/Python/3.11.14/x64/lib
2026-01-20T00:11:41.8899061Z ##[endgroup]
2026-01-20T00:11:41.8950736Z ✅ Results generated successfully: projects/ci_saucedemo_locked/execution.json
2026-01-20T00:11:41.8977469Z 3
2026-01-20T00:11:41.9039135Z ##[group]Run actions/upload-artifact@v4
2026-01-20T00:11:41.9039441Z with:
2026-01-20T00:11:41.9039657Z   name: saucedemo_locked-execution-results
2026-01-20T00:11:41.9040123Z   path: projects/ci_saucedemo_locked/execution.json
projects/ci_saucedemo_locked/workflow.json

2026-01-20T00:11:41.9040574Z   retention-days: 30
2026-01-20T00:11:41.9040786Z   if-no-files-found: warn
2026-01-20T00:11:41.9041014Z   compression-level: 6
2026-01-20T00:11:41.9041218Z   overwrite: false
2026-01-20T00:11:41.9041426Z   include-hidden-files: false
2026-01-20T00:11:41.9041647Z env:
2026-01-20T00:11:41.9041923Z   pythonLocation: /opt/hostedtoolcache/Python/3.11.14/x64
2026-01-20T00:11:41.9042352Z   PKG_CONFIG_PATH: /opt/hostedtoolcache/Python/3.11.14/x64/lib/pkgconfig
2026-01-20T00:11:41.9042953Z   Python_ROOT_DIR: /opt/hostedtoolcache/Python/3.11.14/x64
2026-01-20T00:11:41.9043323Z   Python2_ROOT_DIR: /opt/hostedtoolcache/Python/3.11.14/x64
2026-01-20T00:11:41.9043723Z   Python3_ROOT_DIR: /opt/hostedtoolcache/Python/3.11.14/x64
2026-01-20T00:11:41.9044101Z   LD_LIBRARY_PATH: /opt/hostedtoolcache/Python/3.11.14/x64/lib
2026-01-20T00:11:41.9044413Z ##[endgroup]
2026-01-20T00:11:42.1197384Z Multiple search paths detected. Calculating the least common ancestor of all paths
2026-01-20T00:11:42.1202710Z The least common ancestor is /home/runner/work/build_qa_automation/build_qa_automation/projects/ci_saucedemo_locked. This will be the root directory of the artifact
2026-01-20T00:11:42.1204150Z With the provided path, there will be 2 files uploaded
2026-01-20T00:11:42.1209477Z Artifact name is valid!
2026-01-20T00:11:42.1211165Z Root directory input is valid!
2026-01-20T00:11:42.3210534Z Beginning upload of artifact content to blob storage
2026-01-20T00:11:42.5653728Z Uploaded bytes 1743
2026-01-20T00:11:42.6301765Z Finished uploading artifact content to blob storage!
2026-01-20T00:11:42.6305543Z SHA256 digest of uploaded artifact zip is ba5e48696548825265b8b3eb3dc989031e8085a3ea1a6a6f3dcc32c18a89ee38
2026-01-20T00:11:42.6307742Z Finalizing artifact upload
2026-01-20T00:11:42.7487795Z Artifact saucedemo_locked-execution-results.zip successfully finalized. Artifact ID 5183158590
2026-01-20T00:11:42.7489456Z Artifact saucedemo_locked-execution-results has been successfully uploaded! Final size is 1743 bytes. Artifact ID is 5183158590
2026-01-20T00:11:42.7496171Z Artifact download URL: https://github.com/vishvasmca-cmd/build_qa_automation/actions/runs/21154472744/artifacts/5183158590
2026-01-20T00:11:42.7618746Z Post job cleanup.
2026-01-20T00:11:42.9123200Z Cache hit occurred on the primary key setup-python-Linux-x64-24.04-Ubuntu-python-3.11.14-pip-dde08d0e0b672972dcda9f1a063036a2e0c226f5d0a20362e9401931676d80a4, not saving cache.
2026-01-20T00:11:42.9228403Z Post job cleanup.
2026-01-20T00:11:43.0171581Z [command]/usr/bin/git version
2026-01-20T00:11:43.0208431Z git version 2.52.0
2026-01-20T00:11:43.0251516Z Temporarily overriding HOME='/home/runner/work/_temp/20a5df46-3e89-4a08-a6fe-ad6ebbc917f2' before making global git config changes
2026-01-20T00:11:43.0252781Z Adding repository directory to the temporary git global config as a safe directory
2026-01-20T00:11:43.0257138Z [command]/usr/bin/git config --global --add safe.directory /home/runner/work/build_qa_automation/build_qa_automation
2026-01-20T00:11:43.0298214Z [command]/usr/bin/git config --local --name-only --get-regexp core\.sshCommand
2026-01-20T00:11:43.0331155Z [command]/usr/bin/git submodule foreach --recursive sh -c "git config --local --name-only --get-regexp 'core\.sshCommand' && git config --local --unset-all 'core.sshCommand' || :"
2026-01-20T00:11:43.0568545Z [command]/usr/bin/git config --local --name-only --get-regexp http\.https\:\/\/github\.com\/\.extraheader
2026-01-20T00:11:43.0592258Z http.https://github.com/.extraheader
2026-01-20T00:11:43.0606205Z [command]/usr/bin/git config --local --unset-all http.https://github.com/.extraheader
2026-01-20T00:11:43.0642370Z [command]/usr/bin/git submodule foreach --recursive sh -c "git config --local --name-only --get-regexp 'http\.https\:\/\/github\.com\/\.extraheader' && git config --local --unset-all 'http.https://github.com/.extraheader' || :"
2026-01-20T00:11:43.0896623Z [command]/usr/bin/git config --local --name-only --get-regexp ^includeIf\.gitdir:
2026-01-20T00:11:43.0931750Z [command]/usr/bin/git submodule foreach --recursive git config --local --show-origin --name-only --get-regexp remote.origin.url
2026-01-20T00:11:43.1298402Z Cleaning up orphan processes
