2026-01-19T01:54:49.5437712Z Current runner version: '2.331.0'
2026-01-19T01:54:49.5462076Z ##[group]Runner Image Provisioner
2026-01-19T01:54:49.5462945Z Hosted Compute Agent
2026-01-19T01:54:49.5463501Z Version: 20251211.462
2026-01-19T01:54:49.5464161Z Commit: 6cbad8c2bb55d58165063d031ccabf57e2d2db61
2026-01-19T01:54:49.5464855Z Build Date: 2025-12-11T16:28:49Z
2026-01-19T01:54:49.5465516Z Worker ID: {3c6e547c-5234-4dc4-bb0f-fbb98e6bb955}
2026-01-19T01:54:49.5466269Z ##[endgroup]
2026-01-19T01:54:49.5466789Z ##[group]Operating System
2026-01-19T01:54:49.5467341Z Ubuntu
2026-01-19T01:54:49.5468446Z 24.04.3
2026-01-19T01:54:49.5468973Z LTS
2026-01-19T01:54:49.5469440Z ##[endgroup]
2026-01-19T01:54:49.5469918Z ##[group]Runner Image
2026-01-19T01:54:49.5470549Z Image: ubuntu-24.04
2026-01-19T01:54:49.5471067Z Version: 20260111.209.1
2026-01-19T01:54:49.5472013Z Included Software: https://github.com/actions/runner-images/blob/ubuntu24/20260111.209/images/ubuntu/Ubuntu2404-Readme.md
2026-01-19T01:54:49.5473634Z Image Release: https://github.com/actions/runner-images/releases/tag/ubuntu24%2F20260111.209
2026-01-19T01:54:49.5474744Z ##[endgroup]
2026-01-19T01:54:49.5475839Z ##[group]GITHUB_TOKEN Permissions
2026-01-19T01:54:49.5478209Z Contents: read
2026-01-19T01:54:49.5478893Z Metadata: read
2026-01-19T01:54:49.5479376Z Packages: read
2026-01-19T01:54:49.5479879Z ##[endgroup]
2026-01-19T01:54:49.5482105Z Secret source: Actions
2026-01-19T01:54:49.5483103Z Prepare workflow directory
2026-01-19T01:54:49.5820819Z Prepare all required actions
2026-01-19T01:54:49.5860907Z Getting action download info
2026-01-19T01:54:49.9448916Z Download action repository 'actions/checkout@v4' (SHA:34e114876b0b11c390a56381ad16ebd13914f8d5)
2026-01-19T01:54:50.0618659Z Download action repository 'actions/setup-python@v5' (SHA:a26af69be951a213d495a4c3e4e4022e16d87065)
2026-01-19T01:54:50.1464939Z Download action repository 'actions/upload-artifact@v4' (SHA:ea165f8d65b6e75b540449e92b4886f43607fa02)
2026-01-19T01:54:50.3716327Z Complete job name: test-websites-deep (demoblaze_store, https://www.demoblaze.com/, Browse products and test purchas...
2026-01-19T01:54:50.4436384Z ##[group]Run actions/checkout@v4
2026-01-19T01:54:50.4437220Z with:
2026-01-19T01:54:50.4437881Z   repository: vishvasmca-cmd/build_qa_automation
2026-01-19T01:54:50.4438640Z   token: ***
2026-01-19T01:54:50.4439031Z   ssh-strict: true
2026-01-19T01:54:50.4439438Z   ssh-user: git
2026-01-19T01:54:50.4439849Z   persist-credentials: true
2026-01-19T01:54:50.4440319Z   clean: true
2026-01-19T01:54:50.4440748Z   sparse-checkout-cone-mode: true
2026-01-19T01:54:50.4441225Z   fetch-depth: 1
2026-01-19T01:54:50.4441624Z   fetch-tags: false
2026-01-19T01:54:50.4442030Z   show-progress: true
2026-01-19T01:54:50.4442483Z   lfs: false
2026-01-19T01:54:50.4442858Z   submodules: false
2026-01-19T01:54:50.4443266Z   set-safe-directory: true
2026-01-19T01:54:50.4443978Z ##[endgroup]
2026-01-19T01:54:50.5585078Z Syncing repository: vishvasmca-cmd/build_qa_automation
2026-01-19T01:54:50.5586855Z ##[group]Getting Git version info
2026-01-19T01:54:50.5588037Z Working directory is '/home/runner/work/build_qa_automation/build_qa_automation'
2026-01-19T01:54:50.5589132Z [command]/usr/bin/git version
2026-01-19T01:54:50.5680714Z git version 2.52.0
2026-01-19T01:54:50.5723135Z ##[endgroup]
2026-01-19T01:54:50.5743089Z Temporarily overriding HOME='/home/runner/work/_temp/5c11ee09-9c68-4008-8d05-84a4464933cd' before making global git config changes
2026-01-19T01:54:50.5744761Z Adding repository directory to the temporary git global config as a safe directory
2026-01-19T01:54:50.5759802Z [command]/usr/bin/git config --global --add safe.directory /home/runner/work/build_qa_automation/build_qa_automation
2026-01-19T01:54:50.5807095Z Deleting the contents of '/home/runner/work/build_qa_automation/build_qa_automation'
2026-01-19T01:54:50.5811934Z ##[group]Initializing the repository
2026-01-19T01:54:50.5818303Z [command]/usr/bin/git init /home/runner/work/build_qa_automation/build_qa_automation
2026-01-19T01:54:50.5952530Z hint: Using 'master' as the name for the initial branch. This default branch name
2026-01-19T01:54:50.5954501Z hint: will change to "main" in Git 3.0. To configure the initial branch name
2026-01-19T01:54:50.5956323Z hint: to use in all of your new repositories, which will suppress this warning,
2026-01-19T01:54:50.5957968Z hint: call:
2026-01-19T01:54:50.5958626Z hint:
2026-01-19T01:54:50.5959293Z hint: 	git config --global init.defaultBranch <name>
2026-01-19T01:54:50.5959941Z hint:
2026-01-19T01:54:50.5960533Z hint: Names commonly chosen instead of 'master' are 'main', 'trunk' and
2026-01-19T01:54:50.5961546Z hint: 'development'. The just-created branch can be renamed via this command:
2026-01-19T01:54:50.5962342Z hint:
2026-01-19T01:54:50.5962745Z hint: 	git branch -m <name>
2026-01-19T01:54:50.5963229Z hint:
2026-01-19T01:54:50.5963885Z hint: Disable this message with "git config set advice.defaultBranchName false"
2026-01-19T01:54:50.5965023Z Initialized empty Git repository in /home/runner/work/build_qa_automation/build_qa_automation/.git/
2026-01-19T01:54:50.5974483Z [command]/usr/bin/git remote add origin https://github.com/vishvasmca-cmd/build_qa_automation
2026-01-19T01:54:50.6012929Z ##[endgroup]
2026-01-19T01:54:50.6013662Z ##[group]Disabling automatic garbage collection
2026-01-19T01:54:50.6019992Z [command]/usr/bin/git config --local gc.auto 0
2026-01-19T01:54:50.6053354Z ##[endgroup]
2026-01-19T01:54:50.6054497Z ##[group]Setting up auth
2026-01-19T01:54:50.6064180Z [command]/usr/bin/git config --local --name-only --get-regexp core\.sshCommand
2026-01-19T01:54:50.6099120Z [command]/usr/bin/git submodule foreach --recursive sh -c "git config --local --name-only --get-regexp 'core\.sshCommand' && git config --local --unset-all 'core.sshCommand' || :"
2026-01-19T01:54:50.6450829Z [command]/usr/bin/git config --local --name-only --get-regexp http\.https\:\/\/github\.com\/\.extraheader
2026-01-19T01:54:50.6485432Z [command]/usr/bin/git submodule foreach --recursive sh -c "git config --local --name-only --get-regexp 'http\.https\:\/\/github\.com\/\.extraheader' && git config --local --unset-all 'http.https://github.com/.extraheader' || :"
2026-01-19T01:54:50.6705272Z [command]/usr/bin/git config --local --name-only --get-regexp ^includeIf\.gitdir:
2026-01-19T01:54:50.6734750Z [command]/usr/bin/git submodule foreach --recursive git config --local --show-origin --name-only --get-regexp remote.origin.url
2026-01-19T01:54:50.6965004Z [command]/usr/bin/git config --local http.https://github.com/.extraheader AUTHORIZATION: basic ***
2026-01-19T01:54:50.7008379Z ##[endgroup]
2026-01-19T01:54:50.7009291Z ##[group]Fetching the repository
2026-01-19T01:54:50.7016641Z [command]/usr/bin/git -c protocol.version=2 fetch --no-tags --prune --no-recurse-submodules --depth=1 origin +8ae9e7a98960844bdcef67161cbe93442a7431bc:refs/remotes/origin/main
2026-01-19T01:54:51.7814420Z From https://github.com/vishvasmca-cmd/build_qa_automation
2026-01-19T01:54:51.7816210Z  * [new ref]         8ae9e7a98960844bdcef67161cbe93442a7431bc -> origin/main
2026-01-19T01:54:51.7850543Z ##[endgroup]
2026-01-19T01:54:51.7851848Z ##[group]Determining the checkout info
2026-01-19T01:54:51.7854014Z ##[endgroup]
2026-01-19T01:54:51.7859166Z [command]/usr/bin/git sparse-checkout disable
2026-01-19T01:54:51.7903858Z [command]/usr/bin/git config --local --unset-all extensions.worktreeConfig
2026-01-19T01:54:51.7939829Z ##[group]Checking out the ref
2026-01-19T01:54:51.7940739Z [command]/usr/bin/git checkout --progress --force -B main refs/remotes/origin/main
2026-01-19T01:54:51.9294044Z Switched to a new branch 'main'
2026-01-19T01:54:51.9295835Z branch 'main' set up to track 'origin/main'.
2026-01-19T01:54:51.9313184Z ##[endgroup]
2026-01-19T01:54:51.9351931Z [command]/usr/bin/git log -1 --format=%H
2026-01-19T01:54:51.9373634Z 8ae9e7a98960844bdcef67161cbe93442a7431bc
2026-01-19T01:54:51.9687819Z ##[group]Run actions/setup-python@v5
2026-01-19T01:54:51.9688975Z with:
2026-01-19T01:54:51.9689782Z   python-version: 3.11
2026-01-19T01:54:51.9690687Z   cache: pip
2026-01-19T01:54:51.9691734Z   check-latest: false
2026-01-19T01:54:51.9692954Z   token: ***
2026-01-19T01:54:51.9693867Z   update-environment: true
2026-01-19T01:54:51.9694873Z   allow-prereleases: false
2026-01-19T01:54:51.9695870Z   freethreaded: false
2026-01-19T01:54:51.9696763Z ##[endgroup]
2026-01-19T01:54:52.1378719Z ##[group]Installed versions
2026-01-19T01:54:52.1507294Z Successfully set up CPython (3.11.14)
2026-01-19T01:54:52.1508319Z ##[endgroup]
2026-01-19T01:54:52.2523197Z [command]/opt/hostedtoolcache/Python/3.11.14/x64/bin/pip cache dir
2026-01-19T01:54:52.5585338Z /home/runner/.cache/pip
2026-01-19T01:54:52.7371575Z Cache hit for: setup-python-Linux-x64-24.04-Ubuntu-python-3.11.14-pip-dde08d0e0b672972dcda9f1a063036a2e0c226f5d0a20362e9401931676d80a4
2026-01-19T01:54:53.8878578Z Received 121634816 of 254742636 (47.7%), 116.0 MBs/sec
2026-01-19T01:54:54.7107334Z Received 254742636 of 254742636 (100.0%), 133.3 MBs/sec
2026-01-19T01:54:54.7109621Z Cache Size: ~243 MB (254742636 B)
2026-01-19T01:54:54.7153701Z [command]/usr/bin/tar -xf /home/runner/work/_temp/f22dfd61-2055-4360-9e57-20a29f6f7fb6/cache.tzst -P -C /home/runner/work/build_qa_automation/build_qa_automation --use-compress-program unzstd
2026-01-19T01:54:55.0968647Z Cache restored successfully
2026-01-19T01:54:55.1465054Z Cache restored from key: setup-python-Linux-x64-24.04-Ubuntu-python-3.11.14-pip-dde08d0e0b672972dcda9f1a063036a2e0c226f5d0a20362e9401931676d80a4
2026-01-19T01:54:55.1694431Z ##[group]Run pip install -r requirements.txt
2026-01-19T01:54:55.1694868Z [36;1mpip install -r requirements.txt[0m
2026-01-19T01:54:55.1695168Z [36;1mplaywright install chromium[0m
2026-01-19T01:54:55.1734578Z shell: /usr/bin/bash -e {0}
2026-01-19T01:54:55.1734845Z env:
2026-01-19T01:54:55.1735106Z   pythonLocation: /opt/hostedtoolcache/Python/3.11.14/x64
2026-01-19T01:54:55.1735576Z   PKG_CONFIG_PATH: /opt/hostedtoolcache/Python/3.11.14/x64/lib/pkgconfig
2026-01-19T01:54:55.1736021Z   Python_ROOT_DIR: /opt/hostedtoolcache/Python/3.11.14/x64
2026-01-19T01:54:55.1736413Z   Python2_ROOT_DIR: /opt/hostedtoolcache/Python/3.11.14/x64
2026-01-19T01:54:55.1736783Z   Python3_ROOT_DIR: /opt/hostedtoolcache/Python/3.11.14/x64
2026-01-19T01:54:55.1737147Z   LD_LIBRARY_PATH: /opt/hostedtoolcache/Python/3.11.14/x64/lib
2026-01-19T01:54:55.1737706Z ##[endgroup]
2026-01-19T01:54:55.8781487Z Collecting playwright (from -r requirements.txt (line 1))
2026-01-19T01:54:55.8798443Z   Using cached playwright-1.57.0-py3-none-manylinux1_x86_64.whl.metadata (3.5 kB)
2026-01-19T01:54:55.9086652Z Collecting python-dotenv (from -r requirements.txt (line 2))
2026-01-19T01:54:55.9101896Z   Using cached python_dotenv-1.2.1-py3-none-any.whl.metadata (25 kB)
2026-01-19T01:54:55.9456371Z Collecting requests (from -r requirements.txt (line 3))
2026-01-19T01:54:55.9471093Z   Using cached requests-2.32.5-py3-none-any.whl.metadata (4.9 kB)
2026-01-19T01:54:56.1266445Z Collecting pillow (from -r requirements.txt (line 4))
2026-01-19T01:54:56.1291687Z   Using cached pillow-12.1.0-cp311-cp311-manylinux_2_27_x86_64.manylinux_2_28_x86_64.whl.metadata (8.8 kB)
2026-01-19T01:54:56.1669166Z Collecting google-genai>=0.3.0 (from -r requirements.txt (line 5))
2026-01-19T01:54:56.1682490Z   Using cached google_genai-1.59.0-py3-none-any.whl.metadata (53 kB)
2026-01-19T01:54:56.1921362Z Collecting termcolor (from -r requirements.txt (line 6))
2026-01-19T01:54:56.1934268Z   Using cached termcolor-3.3.0-py3-none-any.whl.metadata (6.5 kB)
2026-01-19T01:54:56.2370668Z Collecting PyYAML (from -r requirements.txt (line 7))
2026-01-19T01:54:56.2384155Z   Using cached pyyaml-6.0.3-cp311-cp311-manylinux2014_x86_64.manylinux_2_17_x86_64.manylinux_2_28_x86_64.whl.metadata (2.4 kB)
2026-01-19T01:54:56.3188683Z Collecting opencv-python-headless (from -r requirements.txt (line 8))
2026-01-19T01:54:56.3204026Z   Using cached opencv_python_headless-4.13.0.90-cp37-abi3-manylinux_2_28_x86_64.whl.metadata (19 kB)
2026-01-19T01:54:56.5454393Z Collecting numpy (from -r requirements.txt (line 9))
2026-01-19T01:54:56.5470549Z   Using cached numpy-2.4.1-cp311-cp311-manylinux_2_27_x86_64.manylinux_2_28_x86_64.whl.metadata (6.6 kB)
2026-01-19T01:54:56.6338143Z Collecting faker (from -r requirements.txt (line 10))
2026-01-19T01:54:56.6352022Z   Using cached faker-40.1.2-py3-none-any.whl.metadata (16 kB)
2026-01-19T01:54:56.6589937Z Collecting pyee<14,>=13 (from playwright->-r requirements.txt (line 1))
2026-01-19T01:54:56.6602780Z   Using cached pyee-13.0.0-py3-none-any.whl.metadata (2.9 kB)
2026-01-19T01:54:56.7839569Z Collecting greenlet<4.0.0,>=3.1.1 (from playwright->-r requirements.txt (line 1))
2026-01-19T01:54:56.7854168Z   Using cached greenlet-3.3.0-cp311-cp311-manylinux_2_24_x86_64.manylinux_2_28_x86_64.whl.metadata (4.1 kB)
2026-01-19T01:54:56.8116521Z Collecting typing-extensions (from pyee<14,>=13->playwright->-r requirements.txt (line 1))
2026-01-19T01:54:56.8130182Z   Using cached typing_extensions-4.15.0-py3-none-any.whl.metadata (3.3 kB)
2026-01-19T01:54:56.9003561Z Collecting charset_normalizer<4,>=2 (from requests->-r requirements.txt (line 3))
2026-01-19T01:54:56.9018635Z   Using cached charset_normalizer-3.4.4-cp311-cp311-manylinux2014_x86_64.manylinux_2_17_x86_64.manylinux_2_28_x86_64.whl.metadata (37 kB)
2026-01-19T01:54:56.9263532Z Collecting idna<4,>=2.5 (from requests->-r requirements.txt (line 3))
2026-01-19T01:54:56.9277124Z   Using cached idna-3.11-py3-none-any.whl.metadata (8.4 kB)
2026-01-19T01:54:56.9645606Z Collecting urllib3<3,>=1.21.1 (from requests->-r requirements.txt (line 3))
2026-01-19T01:54:56.9664295Z   Using cached urllib3-2.6.3-py3-none-any.whl.metadata (6.9 kB)
2026-01-19T01:54:56.9952769Z Collecting certifi>=2017.4.17 (from requests->-r requirements.txt (line 3))
2026-01-19T01:54:56.9966543Z   Using cached certifi-2026.1.4-py3-none-any.whl.metadata (2.5 kB)
2026-01-19T01:54:57.0251719Z Collecting anyio<5.0.0,>=4.8.0 (from google-genai>=0.3.0->-r requirements.txt (line 5))
2026-01-19T01:54:57.0265392Z   Using cached anyio-4.12.1-py3-none-any.whl.metadata (4.3 kB)
2026-01-19T01:54:57.0741437Z Collecting google-auth<3.0.0,>=2.47.0 (from google-auth[requests]<3.0.0,>=2.47.0->google-genai>=0.3.0->-r requirements.txt (line 5))
2026-01-19T01:54:57.0756209Z   Using cached google_auth-2.47.0-py3-none-any.whl.metadata (6.4 kB)
2026-01-19T01:54:57.1093982Z Collecting httpx<1.0.0,>=0.28.1 (from google-genai>=0.3.0->-r requirements.txt (line 5))
2026-01-19T01:54:57.1107889Z   Using cached httpx-0.28.1-py3-none-any.whl.metadata (7.1 kB)
2026-01-19T01:54:57.2620836Z Collecting pydantic<3.0.0,>=2.9.0 (from google-genai>=0.3.0->-r requirements.txt (line 5))
2026-01-19T01:54:57.2635900Z   Using cached pydantic-2.12.5-py3-none-any.whl.metadata (90 kB)
2026-01-19T01:54:57.2986762Z Collecting tenacity<9.2.0,>=8.2.3 (from google-genai>=0.3.0->-r requirements.txt (line 5))
2026-01-19T01:54:57.3000785Z   Using cached tenacity-9.1.2-py3-none-any.whl.metadata (1.2 kB)
2026-01-19T01:54:57.3986227Z Collecting websockets<15.1.0,>=13.0.0 (from google-genai>=0.3.0->-r requirements.txt (line 5))
2026-01-19T01:54:57.4002169Z   Using cached websockets-15.0.1-cp311-cp311-manylinux_2_5_x86_64.manylinux1_x86_64.manylinux_2_17_x86_64.manylinux2014_x86_64.whl.metadata (6.8 kB)
2026-01-19T01:54:57.4234183Z Collecting distro<2,>=1.7.0 (from google-genai>=0.3.0->-r requirements.txt (line 5))
2026-01-19T01:54:57.4247335Z   Using cached distro-1.9.0-py3-none-any.whl.metadata (6.8 kB)
2026-01-19T01:54:57.4489117Z Collecting sniffio (from google-genai>=0.3.0->-r requirements.txt (line 5))
2026-01-19T01:54:57.4502823Z   Using cached sniffio-1.3.1-py3-none-any.whl.metadata (3.9 kB)
2026-01-19T01:54:57.4860197Z Collecting pyasn1-modules>=0.2.1 (from google-auth<3.0.0,>=2.47.0->google-auth[requests]<3.0.0,>=2.47.0->google-genai>=0.3.0->-r requirements.txt (line 5))
2026-01-19T01:54:57.4873744Z   Using cached pyasn1_modules-0.4.2-py3-none-any.whl.metadata (3.5 kB)
2026-01-19T01:54:57.5118730Z Collecting rsa<5,>=3.1.4 (from google-auth<3.0.0,>=2.47.0->google-auth[requests]<3.0.0,>=2.47.0->google-genai>=0.3.0->-r requirements.txt (line 5))
2026-01-19T01:54:57.5132299Z   Using cached rsa-4.9.1-py3-none-any.whl.metadata (5.6 kB)
2026-01-19T01:54:57.5481290Z Collecting httpcore==1.* (from httpx<1.0.0,>=0.28.1->google-genai>=0.3.0->-r requirements.txt (line 5))
2026-01-19T01:54:57.5495409Z   Using cached httpcore-1.0.9-py3-none-any.whl.metadata (21 kB)
2026-01-19T01:54:57.5708358Z Collecting h11>=0.16 (from httpcore==1.*->httpx<1.0.0,>=0.28.1->google-genai>=0.3.0->-r requirements.txt (line 5))
2026-01-19T01:54:57.5722319Z   Using cached h11-0.16.0-py3-none-any.whl.metadata (8.3 kB)
2026-01-19T01:54:57.5914549Z Collecting annotated-types>=0.6.0 (from pydantic<3.0.0,>=2.9.0->google-genai>=0.3.0->-r requirements.txt (line 5))
2026-01-19T01:54:57.5927811Z   Using cached annotated_types-0.7.0-py3-none-any.whl.metadata (15 kB)
2026-01-19T01:54:58.2609696Z Collecting pydantic-core==2.41.5 (from pydantic<3.0.0,>=2.9.0->google-genai>=0.3.0->-r requirements.txt (line 5))
2026-01-19T01:54:58.2625532Z   Using cached pydantic_core-2.41.5-cp311-cp311-manylinux_2_17_x86_64.manylinux2014_x86_64.whl.metadata (7.3 kB)
2026-01-19T01:54:58.2985517Z Collecting typing-inspection>=0.4.2 (from pydantic<3.0.0,>=2.9.0->google-genai>=0.3.0->-r requirements.txt (line 5))
2026-01-19T01:54:58.3001555Z   Using cached typing_inspection-0.4.2-py3-none-any.whl.metadata (2.6 kB)
2026-01-19T01:54:58.3825854Z Collecting pyasn1>=0.1.3 (from rsa<5,>=3.1.4->google-auth<3.0.0,>=2.47.0->google-auth[requests]<3.0.0,>=2.47.0->google-genai>=0.3.0->-r requirements.txt (line 5))
2026-01-19T01:54:58.3842722Z   Using cached pyasn1-0.6.2-py3-none-any.whl.metadata (8.4 kB)
2026-01-19T01:54:58.4103565Z Using cached playwright-1.57.0-py3-none-manylinux1_x86_64.whl (46.0 MB)
2026-01-19T01:54:58.4453246Z Using cached greenlet-3.3.0-cp311-cp311-manylinux_2_24_x86_64.manylinux_2_28_x86_64.whl (590 kB)
2026-01-19T01:54:58.4469651Z Using cached pyee-13.0.0-py3-none-any.whl (15 kB)
2026-01-19T01:54:58.4483021Z Using cached python_dotenv-1.2.1-py3-none-any.whl (21 kB)
2026-01-19T01:54:58.4496394Z Using cached requests-2.32.5-py3-none-any.whl (64 kB)
2026-01-19T01:54:58.4512324Z Using cached charset_normalizer-3.4.4-cp311-cp311-manylinux2014_x86_64.manylinux_2_17_x86_64.manylinux_2_28_x86_64.whl (151 kB)
2026-01-19T01:54:58.4526143Z Using cached idna-3.11-py3-none-any.whl (71 kB)
2026-01-19T01:54:58.4539805Z Using cached urllib3-2.6.3-py3-none-any.whl (131 kB)
2026-01-19T01:54:58.4554541Z Using cached pillow-12.1.0-cp311-cp311-manylinux_2_27_x86_64.manylinux_2_28_x86_64.whl (7.0 MB)
2026-01-19T01:54:58.4617364Z Using cached google_genai-1.59.0-py3-none-any.whl (719 kB)
2026-01-19T01:54:58.4635885Z Using cached anyio-4.12.1-py3-none-any.whl (113 kB)
2026-01-19T01:54:58.4649693Z Using cached distro-1.9.0-py3-none-any.whl (20 kB)
2026-01-19T01:54:58.4662916Z Using cached google_auth-2.47.0-py3-none-any.whl (234 kB)
2026-01-19T01:54:58.4677250Z Using cached httpx-0.28.1-py3-none-any.whl (73 kB)
2026-01-19T01:54:58.4690911Z Using cached httpcore-1.0.9-py3-none-any.whl (78 kB)
2026-01-19T01:54:58.4704504Z Using cached pydantic-2.12.5-py3-none-any.whl (463 kB)
2026-01-19T01:54:58.4721178Z Using cached pydantic_core-2.41.5-cp311-cp311-manylinux_2_17_x86_64.manylinux2014_x86_64.whl (2.1 MB)
2026-01-19T01:54:58.4748967Z Using cached rsa-4.9.1-py3-none-any.whl (34 kB)
2026-01-19T01:54:58.4762232Z Using cached tenacity-9.1.2-py3-none-any.whl (28 kB)
2026-01-19T01:54:58.4775536Z Using cached typing_extensions-4.15.0-py3-none-any.whl (44 kB)
2026-01-19T01:54:58.4789606Z Using cached websockets-15.0.1-cp311-cp311-manylinux_2_5_x86_64.manylinux1_x86_64.manylinux_2_17_x86_64.manylinux2014_x86_64.whl (182 kB)
2026-01-19T01:54:58.4803735Z Using cached termcolor-3.3.0-py3-none-any.whl (7.7 kB)
2026-01-19T01:54:58.4817777Z Using cached pyyaml-6.0.3-cp311-cp311-manylinux2014_x86_64.manylinux_2_17_x86_64.manylinux_2_28_x86_64.whl (806 kB)
2026-01-19T01:54:58.4836554Z Using cached opencv_python_headless-4.13.0.90-cp37-abi3-manylinux_2_28_x86_64.whl (62.5 MB)
2026-01-19T01:54:58.5295788Z Using cached numpy-2.4.1-cp311-cp311-manylinux_2_27_x86_64.manylinux_2_28_x86_64.whl (16.7 MB)
2026-01-19T01:54:58.5427123Z Using cached faker-40.1.2-py3-none-any.whl (2.0 MB)
2026-01-19T01:54:58.5454105Z Using cached annotated_types-0.7.0-py3-none-any.whl (13 kB)
2026-01-19T01:54:58.5467618Z Using cached certifi-2026.1.4-py3-none-any.whl (152 kB)
2026-01-19T01:54:58.5482253Z Using cached h11-0.16.0-py3-none-any.whl (37 kB)
2026-01-19T01:54:58.5495163Z Using cached pyasn1-0.6.2-py3-none-any.whl (83 kB)
2026-01-19T01:54:58.5512265Z Using cached pyasn1_modules-0.4.2-py3-none-any.whl (181 kB)
2026-01-19T01:54:58.5526813Z Using cached typing_inspection-0.4.2-py3-none-any.whl (14 kB)
2026-01-19T01:54:58.5540059Z Using cached sniffio-1.3.1-py3-none-any.whl (10 kB)
2026-01-19T01:54:58.7550366Z Installing collected packages: websockets, urllib3, typing-extensions, termcolor, tenacity, sniffio, PyYAML, python-dotenv, pyasn1, pillow, numpy, idna, h11, greenlet, faker, distro, charset_normalizer, certifi, annotated-types, typing-inspection, rsa, requests, pyee, pydantic-core, pyasn1-modules, opencv-python-headless, httpcore, anyio, pydantic, playwright, httpx, google-auth, google-genai
2026-01-19T01:55:05.7209398Z 
2026-01-19T01:55:05.7232856Z Successfully installed PyYAML-6.0.3 annotated-types-0.7.0 anyio-4.12.1 certifi-2026.1.4 charset_normalizer-3.4.4 distro-1.9.0 faker-40.1.2 google-auth-2.47.0 google-genai-1.59.0 greenlet-3.3.0 h11-0.16.0 httpcore-1.0.9 httpx-0.28.1 idna-3.11 numpy-2.4.1 opencv-python-headless-4.13.0.90 pillow-12.1.0 playwright-1.57.0 pyasn1-0.6.2 pyasn1-modules-0.4.2 pydantic-2.12.5 pydantic-core-2.41.5 pyee-13.0.0 python-dotenv-1.2.1 requests-2.32.5 rsa-4.9.1 sniffio-1.3.1 tenacity-9.1.2 termcolor-3.3.0 typing-extensions-4.15.0 typing-inspection-0.4.2 urllib3-2.6.3 websockets-15.0.1
2026-01-19T01:55:06.3702757Z Downloading Chromium 143.0.7499.4 (playwright build v1200) from https://cdn.playwright.dev/dbazure/download/playwright/builds/chromium/1200/chromium-linux.zip
2026-01-19T01:55:06.4692537Z (node:2188) [DEP0169] DeprecationWarning: `url.parse()` behavior is not standardized and prone to errors that have security implications. Use the WHATWG URL API instead. CVEs are not issued for `url.parse()` vulnerabilities.
2026-01-19T01:55:06.4693965Z (Use `node --trace-deprecation ...` to show where the warning was created)
2026-01-19T01:55:06.6008447Z |                                                                                |   0% of 164.7 MiB
2026-01-19T01:55:06.9049979Z |■■■■■■■■                                                                        |  10% of 164.7 MiB
2026-01-19T01:55:07.0207117Z |■■■■■■■■■■■■■■■■                                                                |  20% of 164.7 MiB
2026-01-19T01:55:07.1272215Z |■■■■■■■■■■■■■■■■■■■■■■■■                                                        |  30% of 164.7 MiB
2026-01-19T01:55:07.2344020Z |■■■■■■■■■■■■■■■■■■■■■■■■■■■■■■■■                                                |  40% of 164.7 MiB
2026-01-19T01:55:07.3395082Z |■■■■■■■■■■■■■■■■■■■■■■■■■■■■■■■■■■■■■■■■                                        |  50% of 164.7 MiB
2026-01-19T01:55:07.4443975Z |■■■■■■■■■■■■■■■■■■■■■■■■■■■■■■■■■■■■■■■■■■■■■■■■                                |  60% of 164.7 MiB
2026-01-19T01:55:07.5499720Z |■■■■■■■■■■■■■■■■■■■■■■■■■■■■■■■■■■■■■■■■■■■■■■■■■■■■■■■■                        |  70% of 164.7 MiB
2026-01-19T01:55:07.6539085Z |■■■■■■■■■■■■■■■■■■■■■■■■■■■■■■■■■■■■■■■■■■■■■■■■■■■■■■■■■■■■■■■■                |  80% of 164.7 MiB
2026-01-19T01:55:07.7612789Z |■■■■■■■■■■■■■■■■■■■■■■■■■■■■■■■■■■■■■■■■■■■■■■■■■■■■■■■■■■■■■■■■■■■■■■■■        |  90% of 164.7 MiB
2026-01-19T01:55:07.8700737Z |■■■■■■■■■■■■■■■■■■■■■■■■■■■■■■■■■■■■■■■■■■■■■■■■■■■■■■■■■■■■■■■■■■■■■■■■■■■■■■■■| 100% of 164.7 MiB
2026-01-19T01:55:10.5225280Z Chromium 143.0.7499.4 (playwright build v1200) downloaded to /home/runner/.cache/ms-playwright/chromium-1200
2026-01-19T01:55:10.5230060Z Downloading FFMPEG playwright build v1011 from https://cdn.playwright.dev/dbazure/download/playwright/builds/ffmpeg/1011/ffmpeg-linux.zip
2026-01-19T01:55:10.6248400Z (node:2199) [DEP0169] DeprecationWarning: `url.parse()` behavior is not standardized and prone to errors that have security implications. Use the WHATWG URL API instead. CVEs are not issued for `url.parse()` vulnerabilities.
2026-01-19T01:55:10.6252200Z (Use `node --trace-deprecation ...` to show where the warning was created)
2026-01-19T01:55:10.7045059Z |                                                                                |   0% of 2.3 MiB
2026-01-19T01:55:10.7362514Z |■■■■■■■■                                                                        |  10% of 2.3 MiB
2026-01-19T01:55:10.7502001Z |■■■■■■■■■■■■■■■■                                                                |  20% of 2.3 MiB
2026-01-19T01:55:10.7611056Z |■■■■■■■■■■■■■■■■■■■■■■■■                                                        |  30% of 2.3 MiB
2026-01-19T01:55:10.7642739Z |■■■■■■■■■■■■■■■■■■■■■■■■■■■■■■■■                                                |  40% of 2.3 MiB
2026-01-19T01:55:10.7689887Z |■■■■■■■■■■■■■■■■■■■■■■■■■■■■■■■■■■■■■■■■                                        |  50% of 2.3 MiB
2026-01-19T01:55:10.7743180Z |■■■■■■■■■■■■■■■■■■■■■■■■■■■■■■■■■■■■■■■■■■■■■■■■                                |  60% of 2.3 MiB
2026-01-19T01:55:10.7769104Z |■■■■■■■■■■■■■■■■■■■■■■■■■■■■■■■■■■■■■■■■■■■■■■■■■■■■■■■■                        |  70% of 2.3 MiB
2026-01-19T01:55:10.7799687Z |■■■■■■■■■■■■■■■■■■■■■■■■■■■■■■■■■■■■■■■■■■■■■■■■■■■■■■■■■■■■■■■■                |  80% of 2.3 MiB
2026-01-19T01:55:10.7813211Z |■■■■■■■■■■■■■■■■■■■■■■■■■■■■■■■■■■■■■■■■■■■■■■■■■■■■■■■■■■■■■■■■■■■■■■■■        |  90% of 2.3 MiB
2026-01-19T01:55:10.7827704Z |■■■■■■■■■■■■■■■■■■■■■■■■■■■■■■■■■■■■■■■■■■■■■■■■■■■■■■■■■■■■■■■■■■■■■■■■■■■■■■■■| 100% of 2.3 MiB
2026-01-19T01:55:10.8443016Z FFMPEG playwright build v1011 downloaded to /home/runner/.cache/ms-playwright/ffmpeg-1011
2026-01-19T01:55:10.8449344Z Downloading Chromium Headless Shell 143.0.7499.4 (playwright build v1200) from https://cdn.playwright.dev/dbazure/download/playwright/builds/chromium/1200/chromium-headless-shell-linux.zip
2026-01-19T01:55:10.9426708Z (node:2210) [DEP0169] DeprecationWarning: `url.parse()` behavior is not standardized and prone to errors that have security implications. Use the WHATWG URL API instead. CVEs are not issued for `url.parse()` vulnerabilities.
2026-01-19T01:55:10.9428818Z (Use `node --trace-deprecation ...` to show where the warning was created)
2026-01-19T01:55:11.0714706Z |                                                                                |   0% of 109.7 MiB
2026-01-19T01:55:11.3016666Z |■■■■■■■■                                                                        |  10% of 109.7 MiB
2026-01-19T01:55:11.3740132Z |■■■■■■■■■■■■■■■■                                                                |  20% of 109.7 MiB
2026-01-19T01:55:11.4393711Z |■■■■■■■■■■■■■■■■■■■■■■■■                                                        |  30% of 109.7 MiB
2026-01-19T01:55:11.4964671Z |■■■■■■■■■■■■■■■■■■■■■■■■■■■■■■■■                                                |  40% of 109.7 MiB
2026-01-19T01:55:11.5547273Z |■■■■■■■■■■■■■■■■■■■■■■■■■■■■■■■■■■■■■■■■                                        |  50% of 109.7 MiB
2026-01-19T01:55:11.6110225Z |■■■■■■■■■■■■■■■■■■■■■■■■■■■■■■■■■■■■■■■■■■■■■■■■                                |  60% of 109.7 MiB
2026-01-19T01:55:11.6689615Z |■■■■■■■■■■■■■■■■■■■■■■■■■■■■■■■■■■■■■■■■■■■■■■■■■■■■■■■■                        |  70% of 109.7 MiB
2026-01-19T01:55:11.7360823Z |■■■■■■■■■■■■■■■■■■■■■■■■■■■■■■■■■■■■■■■■■■■■■■■■■■■■■■■■■■■■■■■■                |  80% of 109.7 MiB
2026-01-19T01:55:11.7945595Z |■■■■■■■■■■■■■■■■■■■■■■■■■■■■■■■■■■■■■■■■■■■■■■■■■■■■■■■■■■■■■■■■■■■■■■■■        |  90% of 109.7 MiB
2026-01-19T01:55:11.8515767Z |■■■■■■■■■■■■■■■■■■■■■■■■■■■■■■■■■■■■■■■■■■■■■■■■■■■■■■■■■■■■■■■■■■■■■■■■■■■■■■■■| 100% of 109.7 MiB
2026-01-19T01:55:13.6815155Z Chromium Headless Shell 143.0.7499.4 (playwright build v1200) downloaded to /home/runner/.cache/ms-playwright/chromium_headless_shell-1200
2026-01-19T01:55:13.7042253Z ##[group]Run mkdir -p projects/ci_demoblaze_store
2026-01-19T01:55:13.7042664Z [36;1mmkdir -p projects/ci_demoblaze_store[0m
2026-01-19T01:55:13.7043080Z [36;1mcat > projects/ci_demoblaze_store/config.json << 'EOF'[0m
2026-01-19T01:55:13.7043417Z [36;1m{[0m
2026-01-19T01:55:13.7043656Z [36;1m  "project_name": "ci_demoblaze_store",[0m
2026-01-19T01:55:13.7044017Z [36;1m  "target_url": "https://www.demoblaze.com/",[0m
2026-01-19T01:55:13.7044386Z [36;1m  "goal": "Browse products and test purchase flow",[0m
2026-01-19T01:55:13.7044707Z [36;1m  "headless": true[0m
2026-01-19T01:55:13.7044933Z [36;1m}[0m
2026-01-19T01:55:13.7045112Z [36;1mEOF[0m
2026-01-19T01:55:13.7078817Z shell: /usr/bin/bash -e {0}
2026-01-19T01:55:13.7079081Z env:
2026-01-19T01:55:13.7079370Z   pythonLocation: /opt/hostedtoolcache/Python/3.11.14/x64
2026-01-19T01:55:13.7079812Z   PKG_CONFIG_PATH: /opt/hostedtoolcache/Python/3.11.14/x64/lib/pkgconfig
2026-01-19T01:55:13.7080300Z   Python_ROOT_DIR: /opt/hostedtoolcache/Python/3.11.14/x64
2026-01-19T01:55:13.7080693Z   Python2_ROOT_DIR: /opt/hostedtoolcache/Python/3.11.14/x64
2026-01-19T01:55:13.7081078Z   Python3_ROOT_DIR: /opt/hostedtoolcache/Python/3.11.14/x64
2026-01-19T01:55:13.7081472Z   LD_LIBRARY_PATH: /opt/hostedtoolcache/Python/3.11.14/x64/lib
2026-01-19T01:55:13.7081801Z ##[endgroup]
2026-01-19T01:55:13.7188358Z ##[group]Run # Use --deep for comprehensive regression suite
2026-01-19T01:55:13.7188863Z [36;1m# Use --deep for comprehensive regression suite[0m
2026-01-19T01:55:13.7189325Z [36;1mpython orchestrator.py --project projects/ci_demoblaze_store --deep --force[0m
2026-01-19T01:55:13.7219654Z shell: /usr/bin/bash -e {0}
2026-01-19T01:55:13.7219891Z env:
2026-01-19T01:55:13.7220139Z   pythonLocation: /opt/hostedtoolcache/Python/3.11.14/x64
2026-01-19T01:55:13.7220567Z   PKG_CONFIG_PATH: /opt/hostedtoolcache/Python/3.11.14/x64/lib/pkgconfig
2026-01-19T01:55:13.7220992Z   Python_ROOT_DIR: /opt/hostedtoolcache/Python/3.11.14/x64
2026-01-19T01:55:13.7221369Z   Python2_ROOT_DIR: /opt/hostedtoolcache/Python/3.11.14/x64
2026-01-19T01:55:13.7221732Z   Python3_ROOT_DIR: /opt/hostedtoolcache/Python/3.11.14/x64
2026-01-19T01:55:13.7222271Z   LD_LIBRARY_PATH: /opt/hostedtoolcache/Python/3.11.14/x64/lib
2026-01-19T01:55:13.7222785Z   GOOGLE_API_KEY: ***
2026-01-19T01:55:13.7223019Z   PYTHONPATH: .
2026-01-19T01:55:13.7223193Z ##[endgroup]
2026-01-19T01:55:15.4562065Z 🚀 [DEEP] Extensive mapping enabled (Depth: 3, Pages: 50)
2026-01-19T01:55:15.4562557Z 
2026-01-19T01:55:15.4563176Z 🗺️ [DISCOVERY] Starting Parallel Semantic Crawl on https://www.demoblaze.com/ (Workers: 3)
2026-01-19T01:55:15.9302663Z   🔍 [Worker 0] Visiting (0): https://www.demoblaze.com/
2026-01-19T01:55:17.2727967Z [DEBUG] Sending request to gemini-2.0-flash. Number of parts: 1
2026-01-19T01:55:17.2728694Z [DEBUG] Received response (Length: 303)
2026-01-19T01:55:17.2729619Z   🔍 [Worker 1] Visiting (1): https://www.demoblaze.com/cart.html
2026-01-19T01:55:17.2737047Z   🔍 [Worker 2] Visiting (1): https://www.demoblaze.com/index.html
2026-01-19T01:55:17.2757172Z   🔍 [Worker 0] Visiting (1): https://www.demoblaze.com
2026-01-19T01:55:22.4451463Z [CACHE HIT] 8ee35b98... (hits: 1, misses: 1)
2026-01-19T01:55:22.4454479Z [CACHE HIT] 8ee35b98... (hits: 2, misses: 1)
2026-01-19T01:55:22.4455159Z [DEBUG] Sending request to gemini-2.0-flash. Number of parts: 1
2026-01-19T01:55:22.4455754Z [DEBUG] Received response (Length: 417)
2026-01-19T01:55:22.4456471Z ✅ Discovery Complete. Mapped 4 pages.
2026-01-19T01:55:38.3007113Z 
2026-01-19T01:55:38.3008283Z [PLAN] PLANNER: Planning goal -> 'Browse products and test purchase flow' (Deep Mode: True)
2026-01-19T01:55:38.3009144Z 🗺️ [PLAN] Loaded Sitemap with 4 pages.
2026-01-19T01:55:38.3010021Z 🎭 [EXPERT] Detected Domain: ECOMMERCE. Persona: Act as a Senior SDET focusing on e-commerce flow automation and conversion funnel reliability
2026-01-19T01:55:38.3010880Z [DEBUG] Sending request to gemini-2.0-flash. Number of parts: 1
2026-01-19T01:55:38.3011255Z [DEBUG] Received response (Length: 5357)
2026-01-19T01:55:38.3011606Z ✅ Planner generated 3 scenarios. Workflow updated.
2026-01-19T01:55:39.3635477Z 
2026-01-19T01:55:39.3636400Z 🕵️ [DEEP EXPLORER] Starting Multi-Scenario Exploration
2026-01-19T01:55:39.3637408Z 📋 Found 3 scenarios to explore.
2026-01-19T01:55:39.7347303Z 
2026-01-19T01:55:39.7348318Z [1/3] Exploring Scenario: Browse and Purchase Flow
2026-01-19T01:55:39.7349570Z     🧠 Initialized exploration context for goal: 'Browse products and test purchase flow'
2026-01-19T01:55:39.7350396Z   ▶️ [STEP step_1] NAVIGATE: 
2026-01-19T01:55:40.5559656Z     ✅ Navigated to https://www.demoblaze.com/
2026-01-19T01:55:40.5560294Z   ▶️ [STEP step_2] ASSERT_URL: 
2026-01-19T01:55:46.0909452Z     ⚠️ Scroll into view failed for text=None. Proceeding anyway.
2026-01-19T01:55:48.0932375Z     ✅ State transitioned.
2026-01-19T01:55:49.8611421Z [DEBUG] Sending request to gemini-2.0-flash. Number of parts: 2
2026-01-19T01:55:49.8612276Z [DEBUG] Received response (Length: 196)
2026-01-19T01:55:49.8613394Z     🤖 AI Next Step Suggestion: click -> Samsung galaxy s6
2026-01-19T01:55:49.8614748Z     💭 Reasoning: To browse products and test purchase flow, I will select the first available product.
2026-01-19T01:55:49.8615948Z     ➕ Injected AI step: click -> Samsung galaxy s6
2026-01-19T01:55:49.8617110Z   ▶️ [STEP step_2_ai_1] CLICK: Samsung galaxy s6
2026-01-19T01:55:49.8686701Z     🔍 Mining locators for: 'Samsung galaxy s6'
2026-01-19T01:55:49.9712724Z     ✅ Found 4 verified locators
2026-01-19T01:55:53.5222291Z     ✅ State transitioned.
2026-01-19T01:55:55.5051030Z [DEBUG] Sending request to gemini-2.0-flash. Number of parts: 2
2026-01-19T01:55:55.5051667Z [DEBUG] Received response (Length: 259)
2026-01-19T01:55:55.5052581Z     🤖 AI Next Step Suggestion: click -> Add to cart
2026-01-19T01:55:55.5053506Z     💭 Reasoning: The goal is to browse products and test the purchase flow. The current page is a product page, so the next logical step is to add the product to the cart.
2026-01-19T01:55:55.5054235Z     ➕ Injected AI step: click -> Add to cart
2026-01-19T01:55:55.5054554Z   ▶️ [STEP step_2_ai_2] CLICK: Add to cart
2026-01-19T01:55:55.5207869Z     🔍 Mining locators for: 'Add to cart'
2026-01-19T01:55:55.5770837Z     ✅ Found 2 verified locators
2026-01-19T01:55:59.1548790Z     ✅ State transitioned.
2026-01-19T01:56:00.6882579Z [DEBUG] Sending request to gemini-2.0-flash. Number of parts: 2
2026-01-19T01:56:00.6883256Z [DEBUG] Received response (Length: 188)
2026-01-19T01:56:00.6884043Z     🤖 AI Next Step Suggestion: click -> Cart
2026-01-19T01:56:00.6884630Z     🧩 Suggested Locator: #cartur
2026-01-19T01:56:00.6885759Z     💭 Reasoning: The product has been added to the cart. Now proceed to view the cart to initiate the checkout process.
2026-01-19T01:56:00.6886751Z     ➕ Injected AI step: click -> Cart
2026-01-19T01:56:00.6887259Z   ▶️ [STEP step_2_ai_3] CLICK: Cart
2026-01-19T01:56:00.6947421Z     🎯 Using AI-provided locator: #cartur
2026-01-19T01:56:00.7011099Z     ✅ Found 1 verified locators
2026-01-19T01:56:04.7522153Z     ✅ State transitioned.
2026-01-19T01:56:06.5964546Z [DEBUG] Sending request to gemini-2.0-flash. Number of parts: 2
2026-01-19T01:56:06.5965177Z [DEBUG] Received response (Length: 207)
2026-01-19T01:56:06.5965988Z     🤖 AI Next Step Suggestion: click -> Place Order
2026-01-19T01:56:06.5966454Z     🧩 Suggested Locator: button:contains('Place Order')
2026-01-19T01:56:06.5966997Z     💭 Reasoning: The Samsung Galaxy S6 is in the cart. The next step is to place the order.
2026-01-19T01:56:06.5967679Z     ➕ Injected AI step: click -> Place Order
2026-01-19T01:56:06.5968018Z   ▶️ [STEP step_2_ai_4] CLICK: Place Order
2026-01-19T01:56:06.6117906Z     🎯 Using AI-provided locator: button:contains('Place Order')
2026-01-19T01:56:06.6155986Z     🔍 Mining locators for: 'Place Order'
2026-01-19T01:56:06.6770748Z     ✅ Found 2 verified locators
2026-01-19T01:56:10.2540876Z     ✅ State transitioned.
2026-01-19T01:56:11.8075137Z [DEBUG] Sending request to gemini-2.0-flash. Number of parts: 2
2026-01-19T01:56:11.8076484Z [DEBUG] Received response (Length: 215)
2026-01-19T01:56:11.8079127Z     🤖 AI Next Step Suggestion: fill -> Name:
2026-01-19T01:56:11.8079848Z     🧩 Suggested Locator: input[id='name']
2026-01-19T01:56:11.8081365Z     💭 Reasoning: The 'Place Order' form is open and requires filling. Filling the name field is the next logical step.
2026-01-19T01:56:11.8082659Z     ➕ Injected AI step: fill -> Name:
2026-01-19T01:56:11.8083313Z   ▶️ [STEP step_2_ai_5] FILL: Name:
2026-01-19T01:56:11.8144909Z     🎯 Using AI-provided locator: input[id='name']
2026-01-19T01:56:11.8210725Z     ✅ Found 1 verified locators
2026-01-19T01:56:17.3683929Z     ✅ State transitioned.
2026-01-19T01:56:19.0171819Z [DEBUG] Sending request to gemini-2.0-flash. Number of parts: 2
2026-01-19T01:56:19.0172518Z [DEBUG] Received response (Length: 161)
2026-01-19T01:56:19.0173368Z     🤖 AI Next Step Suggestion: fill -> Country:
2026-01-19T01:56:19.0173897Z     🧩 Suggested Locator: #country
2026-01-19T01:56:19.0174300Z     💭 Reasoning: Need to fill out the country field in the order form.
2026-01-19T01:56:19.0174760Z     ➕ Injected AI step: fill -> Country:
2026-01-19T01:56:19.0175066Z   ▶️ [STEP step_2_ai_6] FILL: Country:
2026-01-19T01:56:19.0235146Z     🎯 Using AI-provided locator: #country
2026-01-19T01:56:19.0295594Z     ✅ Found 1 verified locators
2026-01-19T01:56:24.5421927Z     ✅ State transitioned.
2026-01-19T01:56:26.1465918Z [DEBUG] Sending request to gemini-2.0-flash. Number of parts: 2
2026-01-19T01:56:26.1466557Z [DEBUG] Received response (Length: 159)
2026-01-19T01:56:26.1467317Z     🤖 AI Next Step Suggestion: fill -> City:
2026-01-19T01:56:26.1468044Z     🧩 Suggested Locator: input[id='city']
2026-01-19T01:56:26.1468686Z     💭 Reasoning: Filling the city field in the order form.
2026-01-19T01:56:26.1469292Z     ➕ Injected AI step: fill -> City:
2026-01-19T01:56:26.1469791Z   ▶️ [STEP step_2_ai_7] FILL: City:
2026-01-19T01:56:26.1533480Z     🎯 Using AI-provided locator: input[id='city']
2026-01-19T01:56:26.1593222Z     ✅ Found 1 verified locators
2026-01-19T01:56:32.1649774Z     ✅ State transitioned.
2026-01-19T01:56:33.8281795Z [DEBUG] Sending request to gemini-2.0-flash. Number of parts: 2
2026-01-19T01:56:33.8282337Z [DEBUG] Received response (Length: 176)
2026-01-19T01:56:33.8283025Z     🤖 AI Next Step Suggestion: fill -> Credit card:
2026-01-19T01:56:33.8283395Z     🧩 Suggested Locator: #card
2026-01-19T01:56:33.8283834Z     💭 Reasoning: Filling the credit card field to complete the purchase form.
2026-01-19T01:56:33.8284302Z     ➕ Injected AI step: fill -> Credit card:
2026-01-19T01:56:33.8284638Z   ▶️ [STEP step_2_ai_8] FILL: Credit card:
2026-01-19T01:56:33.8339314Z     🎯 Using AI-provided locator: #card
2026-01-19T01:56:33.8401193Z     ✅ Found 1 verified locators
2026-01-19T01:56:39.8679086Z     ✅ State transitioned.
2026-01-19T01:56:41.5290100Z [DEBUG] Sending request to gemini-2.0-flash. Number of parts: 2
2026-01-19T01:56:41.5290560Z [DEBUG] Received response (Length: 157)
2026-01-19T01:56:41.5291266Z     🤖 AI Next Step Suggestion: fill -> Month:
2026-01-19T01:56:41.5291872Z     🧩 Suggested Locator: input[id='month']
2026-01-19T01:56:41.5292523Z     💭 Reasoning: Need to fill the month for the credit card.
2026-01-19T01:56:41.5293139Z     ➕ Injected AI step: fill -> Month:
2026-01-19T01:56:41.5293654Z   ▶️ [STEP step_2_ai_9] FILL: Month:
2026-01-19T01:56:41.5353530Z     🎯 Using AI-provided locator: input[id='month']
2026-01-19T01:56:41.5410704Z     ✅ Found 1 verified locators
2026-01-19T01:56:46.7204257Z     ✅ State transitioned.
2026-01-19T01:56:48.3342275Z [DEBUG] Sending request to gemini-2.0-flash. Number of parts: 2
2026-01-19T01:56:48.3342722Z [DEBUG] Received response (Length: 200)
2026-01-19T01:56:48.3343405Z     🤖 AI Next Step Suggestion: fill -> Year:
2026-01-19T01:56:48.3343919Z     🧩 Suggested Locator: #year
2026-01-19T01:56:48.3344731Z     💭 Reasoning: The 'Year' field is the only remaining unfilled field in the form. Filling it completes the form.
2026-01-19T01:56:48.3345658Z     ➕ Injected AI step: fill -> Year:
2026-01-19T01:56:48.3346167Z   ▶️ [STEP step_2_ai_10] FILL: Year:
2026-01-19T01:56:48.3404053Z     🎯 Using AI-provided locator: #year
2026-01-19T01:56:48.3460157Z     ✅ Found 1 verified locators
2026-01-19T01:56:53.9446428Z     ✅ State transitioned.
2026-01-19T01:56:55.7421942Z [DEBUG] Sending request to gemini-2.0-flash. Number of parts: 2
2026-01-19T01:56:55.7422553Z [DEBUG] Received response (Length: 207)
2026-01-19T01:56:55.7423334Z     🤖 AI Next Step Suggestion: click -> Purchase
2026-01-19T01:56:55.7423721Z     🧩 Suggested Locator: button:contains('Purchase')
2026-01-19T01:56:55.7424330Z     💭 Reasoning: All the fields in the 'Place order' form are filled. Clicking 'Purchase' will complete the order.
2026-01-19T01:56:55.7424883Z     ➕ Injected AI step: click -> Purchase
2026-01-19T01:56:55.7425205Z   ▶️ [STEP step_2_ai_11] CLICK: Purchase
2026-01-19T01:56:55.7483015Z     🎯 Using AI-provided locator: button:contains('Purchase')
2026-01-19T01:56:55.7507071Z     🔍 Mining locators for: 'Purchase'
2026-01-19T01:56:55.8081394Z     ✅ Found 2 verified locators
2026-01-19T01:56:59.3751640Z     ✅ State transitioned.
2026-01-19T01:57:00.9719525Z [DEBUG] Sending request to gemini-2.0-flash. Number of parts: 2
2026-01-19T01:57:00.9720054Z [DEBUG] Received response (Length: 201)
2026-01-19T01:57:00.9722698Z     🤖 AI Next Step Suggestion: click -> OK
2026-01-19T01:57:00.9723307Z     🧩 Suggested Locator: button
2026-01-19T01:57:00.9724320Z     💭 Reasoning: The purchase is complete, and the 'Thank you' message is displayed. Clicking 'OK' will close the confirmation message.
2026-01-19T01:57:00.9725301Z     ➕ Injected AI step: click -> OK
2026-01-19T01:57:00.9725792Z   ▶️ [STEP step_2_ai_12] CLICK: OK
2026-01-19T01:57:00.9783102Z     🎯 Using AI-provided locator: button
2026-01-19T01:57:00.9804044Z     🔍 Mining locators for: 'OK'
2026-01-19T01:57:01.0446427Z     ✅ Found 2 verified locators
2026-01-19T01:57:04.6200303Z     ✅ State transitioned.
2026-01-19T01:57:06.3260107Z [DEBUG] Sending request to gemini-2.0-flash. Number of parts: 2
2026-01-19T01:57:06.3263271Z [DEBUG] Received response (Length: 280)
2026-01-19T01:57:06.3263848Z     🤖 AI Next Step Suggestion: click -> Samsung galaxy s6
2026-01-19T01:57:06.3264258Z     🧩 Suggested Locator: a:contains('Samsung galaxy s6')
2026-01-19T01:57:06.3265106Z     💭 Reasoning: The goal is to browse products and test the purchase flow. Clicking on the first available product (Samsung galaxy s6) will lead to the product details page.
2026-01-19T01:57:06.3265867Z     ➕ Injected AI step: click -> Samsung galaxy s6
2026-01-19T01:57:06.3266232Z   ▶️ [STEP step_2_ai_13] CLICK: Samsung galaxy s6
2026-01-19T01:57:06.3414624Z     🎯 Using AI-provided locator: a:contains('Samsung galaxy s6')
2026-01-19T01:57:06.3439830Z     🔍 Mining locators for: 'Samsung galaxy s6'
2026-01-19T01:57:06.4269679Z     ✅ Found 4 verified locators
2026-01-19T01:57:09.9836528Z     ✅ State transitioned.
2026-01-19T01:57:09.9944722Z     🔄 Revisited state detected (count: 1)
2026-01-19T01:57:11.8272838Z [DEBUG] Sending request to gemini-2.0-flash. Number of parts: 2
2026-01-19T01:57:11.8273524Z [DEBUG] Received response (Length: 259)
2026-01-19T01:57:11.8274333Z     🤖 AI Next Step Suggestion: click -> Add to cart
2026-01-19T01:57:11.8275273Z     💭 Reasoning: The goal is to browse products and test the purchase flow. The current page is a product page, so the next logical step is to add the product to the cart.
2026-01-19T01:57:11.8276009Z     ➕ Injected AI step: click -> Add to cart
2026-01-19T01:57:11.8276341Z   ▶️ [STEP step_2_ai_14] CLICK: Add to cart
2026-01-19T01:57:11.8425491Z     🔍 Mining locators for: 'Add to cart'
2026-01-19T01:57:11.9398709Z     ✅ Found 2 verified locators
2026-01-19T01:57:15.5172516Z     ✅ State transitioned.
2026-01-19T01:57:15.5256170Z     🔄 Revisited state detected (count: 2)
2026-01-19T01:57:17.2568929Z [DEBUG] Sending request to gemini-2.0-flash. Number of parts: 2
2026-01-19T01:57:17.2569631Z [DEBUG] Received response (Length: 255)
2026-01-19T01:57:17.2570464Z     🤖 AI Next Step Suggestion: click -> Cart
2026-01-19T01:57:17.2571064Z     🧩 Suggested Locator: #cartur
2026-01-19T01:57:17.2572636Z     💭 Reasoning: The goal is to test the purchase flow. The last action was adding an item to the cart. Now we should view the cart to proceed with the checkout process.
2026-01-19T01:57:17.2573967Z     ➕ Injected AI step: click -> Cart
2026-01-19T01:57:17.2574477Z   ▶️ [STEP step_2_ai_15] CLICK: Cart
2026-01-19T01:57:17.2633761Z     🎯 Using AI-provided locator: #cartur
2026-01-19T01:57:17.2687906Z     ✅ Found 1 verified locators
2026-01-19T01:57:21.3129610Z     ✅ State transitioned.
2026-01-19T01:57:21.3238089Z     🔄 Revisited state detected (count: 3)
2026-01-19T01:57:21.3238934Z     ⚠️ Too many revisits (3). Stopping AI step injection to prevent loops.
2026-01-19T01:57:21.3239604Z   ▶️ [STEP step_3] CLICK: Samsung galaxy s6
2026-01-19T01:57:21.3390180Z     🔍 Mining locators for: 'Samsung galaxy s6'
2026-01-19T01:57:21.3938509Z     🧠 Consulting AI (Vision-First) to find 'Samsung galaxy s6'...
2026-01-19T01:57:21.3948130Z     🔍 Trying smart selectors for 'Samsung galaxy s6'...
2026-01-19T01:57:21.4198455Z     ⚠️ Smart selectors failed (no unique match). Falling back to AI Vision...
2026-01-19T01:57:21.4199468Z     ⚠️ Critical step failure: name 'time' is not defined
2026-01-19T01:57:21.4199905Z   ▶️ [STEP step_4] ASSERT_VISIBLE: Product description
2026-01-19T01:57:21.4250316Z     🔍 Mining locators for: 'Product description'
2026-01-19T01:57:21.4609521Z     🧠 Consulting AI (Vision-First) to find 'Product description'...
2026-01-19T01:57:21.4610353Z     🔍 Trying smart selectors for 'Product description'...
2026-01-19T01:57:21.4843636Z     ⚠️ Smart selectors failed (no unique match). Falling back to AI Vision...
2026-01-19T01:57:21.4844496Z     ⚠️ Critical step failure: name 'time' is not defined
2026-01-19T01:57:21.4845095Z   ▶️ [STEP step_5] CLICK: Add to cart
2026-01-19T01:57:21.4894419Z     🔍 Mining locators for: 'Add to cart'
2026-01-19T01:57:21.5271628Z     🧠 Consulting AI (Vision-First) to find 'Add to cart'...
2026-01-19T01:57:21.5272555Z     🔍 Trying smart selectors for 'Add to cart'...
2026-01-19T01:57:21.5509276Z     ⚠️ Smart selectors failed (no unique match). Falling back to AI Vision...
2026-01-19T01:57:21.5510275Z     ⚠️ Critical step failure: name 'time' is not defined
2026-01-19T01:57:21.5510913Z   ▶️ [STEP step_6] WAIT: 
2026-01-19T01:57:27.0692416Z     ⚠️ Scroll into view failed for text=None. Proceeding anyway.
2026-01-19T01:57:29.0715728Z     ✅ State transitioned.
2026-01-19T01:57:30.9060194Z [DEBUG] Sending request to gemini-2.0-flash. Number of parts: 2
2026-01-19T01:57:30.9060695Z [DEBUG] Received response (Length: 188)
2026-01-19T01:57:30.9061370Z     🤖 AI Next Step Suggestion: click -> Place Order
2026-01-19T01:57:30.9061718Z     🧩 Suggested Locator: button
2026-01-19T01:57:30.9062447Z     💭 Reasoning: The cart has an item, and the next step is to place the order to proceed with the purchase flow.
2026-01-19T01:57:30.9062993Z     ➕ Injected AI step: click -> Place Order
2026-01-19T01:57:30.9063357Z   ▶️ [STEP step_6_ai_1] CLICK: Place Order
2026-01-19T01:57:30.9121630Z     🎯 Using AI-provided locator: button
2026-01-19T01:57:30.9140854Z     🔍 Mining locators for: 'Place Order'
2026-01-19T01:57:30.9711208Z     ✅ Found 2 verified locators
2026-01-19T01:57:34.5141407Z     ✅ State transitioned.
2026-01-19T01:57:34.5231528Z     🔄 Revisited state detected (count: 1)
2026-01-19T01:57:36.2892527Z [DEBUG] Sending request to gemini-2.0-flash. Number of parts: 2
2026-01-19T01:57:36.2893257Z [DEBUG] Received response (Length: 221)
2026-01-19T01:57:36.2894008Z     🤖 AI Next Step Suggestion: fill -> Name:
2026-01-19T01:57:36.2894618Z     🧩 Suggested Locator: input[id='name']
2026-01-19T01:57:36.2895877Z     💭 Reasoning: The 'Place order' form is open. Filling the 'Name' field is the next logical step to complete the purchase.
2026-01-19T01:57:36.2897060Z     ➕ Injected AI step: fill -> Name:
2026-01-19T01:57:36.2897896Z   ▶️ [STEP step_6_ai_2] FILL: Name:
2026-01-19T01:57:36.2958260Z     🎯 Using AI-provided locator: input[id='name']
2026-01-19T01:57:36.3018309Z     ✅ Found 1 verified locators
2026-01-19T01:57:41.6864512Z     ✅ State transitioned.
2026-01-19T01:57:41.6948800Z     🔄 Revisited state detected (count: 2)
2026-01-19T01:57:43.3169304Z [DEBUG] Sending request to gemini-2.0-flash. Number of parts: 2
2026-01-19T01:57:43.3169943Z [DEBUG] Received response (Length: 155)
2026-01-19T01:57:43.3170716Z     🤖 AI Next Step Suggestion: fill -> Country:
2026-01-19T01:57:43.3171282Z     🧩 Suggested Locator: #country
2026-01-19T01:57:43.3171709Z     💭 Reasoning: Filling the country field to complete the form.
2026-01-19T01:57:43.3172134Z     ➕ Injected AI step: fill -> Country:
2026-01-19T01:57:43.3172477Z   ▶️ [STEP step_6_ai_3] FILL: Country:
2026-01-19T01:57:43.3229016Z     🎯 Using AI-provided locator: #country
2026-01-19T01:57:43.3286127Z     ✅ Found 1 verified locators
2026-01-19T01:57:48.6731585Z     ✅ State transitioned.
2026-01-19T01:57:48.6812933Z     🔄 Revisited state detected (count: 3)
2026-01-19T01:57:48.6814182Z     ⚠️ Too many revisits (3). Stopping AI step injection to prevent loops.
2026-01-19T01:57:48.6814792Z   ▶️ [STEP step_7] CLICK: Cart
2026-01-19T01:57:48.6865058Z     🔍 Mining locators for: 'Cart'
2026-01-19T01:57:48.7402333Z     ✅ Found 2 verified locators
2026-01-19T01:57:52.2959200Z     ✅ State transitioned.
2026-01-19T01:57:53.7611409Z [DEBUG] Sending request to gemini-2.0-flash. Number of parts: 2
2026-01-19T01:57:53.7612028Z [DEBUG] Received response (Length: 176)
2026-01-19T01:57:53.7612830Z     🤖 AI Next Step Suggestion: click -> Place Order
2026-01-19T01:57:53.7613322Z     🧩 Suggested Locator: button:contains('Place Order')
2026-01-19T01:57:53.7614121Z     💭 Reasoning: The cart has items, and the next step is to place the order.
2026-01-19T01:57:53.7614801Z     ➕ Injected AI step: click -> Place Order
2026-01-19T01:57:53.7615163Z   ▶️ [STEP step_7_ai_1] CLICK: Place Order
2026-01-19T01:57:53.7672721Z     🎯 Using AI-provided locator: button:contains('Place Order')
2026-01-19T01:57:53.7698596Z     🔍 Mining locators for: 'Place Order'
2026-01-19T01:57:53.8199131Z     ✅ Found 2 verified locators
2026-01-19T01:57:57.3621489Z     ✅ State transitioned.
2026-01-19T01:57:57.3708624Z     🔄 Revisited state detected (count: 1)
2026-01-19T01:57:58.8434111Z [DEBUG] Sending request to gemini-2.0-flash. Number of parts: 2
2026-01-19T01:57:58.8435003Z [DEBUG] Received response (Length: 159)
2026-01-19T01:57:58.8435930Z     🤖 AI Next Step Suggestion: fill -> City:
2026-01-19T01:57:58.8436655Z     🧩 Suggested Locator: input[id='city']
2026-01-19T01:57:58.8437775Z     💭 Reasoning: Filling the city field in the order form.
2026-01-19T01:57:58.8438610Z     ➕ Injected AI step: fill -> City:
2026-01-19T01:57:58.8439270Z   ▶️ [STEP step_7_ai_2] FILL: City:
2026-01-19T01:57:58.8498179Z     🎯 Using AI-provided locator: input[id='city']
2026-01-19T01:57:58.8556764Z     ✅ Found 1 verified locators
2026-01-19T01:58:05.0169314Z     ✅ State transitioned.
2026-01-19T01:58:06.6815197Z [DEBUG] Sending request to gemini-2.0-flash. Number of parts: 2
2026-01-19T01:58:06.6815911Z [DEBUG] Received response (Length: 184)
2026-01-19T01:58:06.6816714Z     🤖 AI Next Step Suggestion: fill -> Credit card:
2026-01-19T01:58:06.6817334Z     🧩 Suggested Locator: input[id='card']
2026-01-19T01:58:06.6818281Z     💭 Reasoning: Filling the credit card field to complete the order form.
2026-01-19T01:58:06.6819015Z     ➕ Injected AI step: fill -> Credit card:
2026-01-19T01:58:06.6819514Z   ▶️ [STEP step_7_ai_3] FILL: Credit card:
2026-01-19T01:58:06.6874180Z     🎯 Using AI-provided locator: input[id='card']
2026-01-19T01:58:06.6928917Z     ✅ Found 1 verified locators
2026-01-19T01:58:12.6748534Z     ✅ State transitioned.
2026-01-19T01:58:14.2502597Z [DEBUG] Sending request to gemini-2.0-flash. Number of parts: 2
2026-01-19T01:58:14.2503329Z [DEBUG] Received response (Length: 161)
2026-01-19T01:58:14.2504122Z     🤖 AI Next Step Suggestion: fill -> Month:
2026-01-19T01:58:14.2504706Z     🧩 Suggested Locator: input[id='month']
2026-01-19T01:58:14.2505406Z     💭 Reasoning: Need to fill out the month for the credit card.
2026-01-19T01:58:14.2506059Z     ➕ Injected AI step: fill -> Month:
2026-01-19T01:58:14.2506580Z   ▶️ [STEP step_7_ai_4] FILL: Month:
2026-01-19T01:58:14.2564856Z     🎯 Using AI-provided locator: input[id='month']
2026-01-19T01:58:14.2629005Z     ✅ Found 1 verified locators
2026-01-19T01:58:19.4609414Z     ✅ State transitioned.
2026-01-19T01:58:21.1981744Z [DEBUG] Sending request to gemini-2.0-flash. Number of parts: 2
2026-01-19T01:58:21.1982451Z [DEBUG] Received response (Length: 172)
2026-01-19T01:58:21.1983205Z     🤖 AI Next Step Suggestion: fill -> Year:
2026-01-19T01:58:21.1983900Z     🧩 Suggested Locator: #year
2026-01-19T01:58:21.1984790Z     💭 Reasoning: The month has been filled, now filling the year to complete the form.
2026-01-19T01:58:21.1985619Z     ➕ Injected AI step: fill -> Year:
2026-01-19T01:58:21.1986136Z   ▶️ [STEP step_7_ai_5] FILL: Year:
2026-01-19T01:58:21.2043340Z     🎯 Using AI-provided locator: #year
2026-01-19T01:58:21.2098969Z     ✅ Found 1 verified locators
2026-01-19T01:58:26.5644217Z     ✅ State transitioned.
2026-01-19T01:58:28.3110929Z [DEBUG] Sending request to gemini-2.0-flash. Number of parts: 2
2026-01-19T01:58:28.3111942Z [DEBUG] Received response (Length: 205)
2026-01-19T01:58:28.3112601Z     🤖 AI Next Step Suggestion: click -> Purchase
2026-01-19T01:58:28.3113070Z     🧩 Suggested Locator: button:contains('Purchase')
2026-01-19T01:58:28.3113817Z     💭 Reasoning: All the fields in the 'Place order' form are filled. Clicking 'Purchase' will submit the order.
2026-01-19T01:58:28.3114476Z     ➕ Injected AI step: click -> Purchase
2026-01-19T01:58:28.3114865Z   ▶️ [STEP step_7_ai_6] CLICK: Purchase
2026-01-19T01:58:28.3171346Z     🎯 Using AI-provided locator: button:contains('Purchase')
2026-01-19T01:58:28.3194657Z     🔍 Mining locators for: 'Purchase'
2026-01-19T01:58:28.3712021Z     ✅ Found 2 verified locators
2026-01-19T01:58:31.9340927Z     ✅ State transitioned.
2026-01-19T01:58:33.4515573Z [DEBUG] Sending request to gemini-2.0-flash. Number of parts: 2
2026-01-19T01:58:33.4516312Z [DEBUG] Received response (Length: 216)
2026-01-19T01:58:33.4517130Z     🤖 AI Next Step Suggestion: click -> OK
2026-01-19T01:58:33.4517972Z     🧩 Suggested Locator: button:contains('OK')
2026-01-19T01:58:33.4519310Z     💭 Reasoning: The purchase is complete, and the 'Thank you' message is displayed. Clicking 'OK' will close the confirmation message.
2026-01-19T01:58:33.4520411Z     ➕ Injected AI step: click -> OK
2026-01-19T01:58:33.4520916Z   ▶️ [STEP step_7_ai_7] CLICK: OK
2026-01-19T01:58:33.4577369Z     🎯 Using AI-provided locator: button:contains('OK')
2026-01-19T01:58:33.4600821Z     🔍 Mining locators for: 'OK'
2026-01-19T01:58:33.5224695Z     ✅ Found 2 verified locators
2026-01-19T01:58:37.0990480Z     ✅ State transitioned.
2026-01-19T01:58:37.1101880Z     🔄 Revisited state detected (count: 1)
2026-01-19T01:58:38.6352451Z [DEBUG] Sending request to gemini-2.0-flash. Number of parts: 2
2026-01-19T01:58:38.6353234Z [DEBUG] Received response (Length: 168)
2026-01-19T01:58:38.6354058Z     🤖 AI Next Step Suggestion: click -> Samsung galaxy s6
2026-01-19T01:58:38.6354930Z     💭 Reasoning: To browse products, click on the first available product.
2026-01-19T01:58:38.6355724Z     ➕ Injected AI step: click -> Samsung galaxy s6
2026-01-19T01:58:38.6356356Z   ▶️ [STEP step_7_ai_8] CLICK: Samsung galaxy s6
2026-01-19T01:58:38.6511103Z     🔍 Mining locators for: 'Samsung galaxy s6'
2026-01-19T01:58:38.7409735Z     ✅ Found 4 verified locators
2026-01-19T01:58:42.3055116Z     ✅ State transitioned.
2026-01-19T01:58:42.3163862Z     🔄 Revisited state detected (count: 2)
2026-01-19T01:58:44.0415315Z [DEBUG] Sending request to gemini-2.0-flash. Number of parts: 2
2026-01-19T01:58:44.0416030Z [DEBUG] Received response (Length: 259)
2026-01-19T01:58:44.0416842Z     🤖 AI Next Step Suggestion: click -> Add to cart
2026-01-19T01:58:44.0418788Z     💭 Reasoning: The goal is to browse products and test the purchase flow. The current page is a product page, so the next logical step is to add the product to the cart.
2026-01-19T01:58:44.0420378Z     ➕ Injected AI step: click -> Add to cart
2026-01-19T01:58:44.0421036Z   ▶️ [STEP step_7_ai_9] CLICK: Add to cart
2026-01-19T01:58:44.0481760Z     🔍 Mining locators for: 'Add to cart'
2026-01-19T01:58:44.1030588Z     ✅ Found 2 verified locators
2026-01-19T01:58:47.6833009Z     ✅ State transitioned.
2026-01-19T01:58:47.6913354Z     🔄 Revisited state detected (count: 3)
2026-01-19T01:58:47.6914274Z     ⚠️ Too many revisits (3). Stopping AI step injection to prevent loops.
2026-01-19T01:58:47.6915033Z   ▶️ [STEP step_8] ASSERT_URL: 
2026-01-19T01:58:53.2088782Z     ⚠️ Scroll into view failed for text=None. Proceeding anyway.
2026-01-19T01:58:55.2111811Z     ✅ State transitioned.
2026-01-19T01:58:55.2194319Z     🔄 Revisited state detected (count: 4)
2026-01-19T01:58:55.2195178Z     ⚠️ Too many revisits (4). Stopping AI step injection to prevent loops.
2026-01-19T01:58:55.2196356Z   ▶️ [STEP step_9] CLICK: Place Order
2026-01-19T01:58:55.2255117Z     🔍 Mining locators for: 'Place Order'
2026-01-19T01:58:55.2733948Z     🧠 Consulting AI (Vision-First) to find 'Place Order'...
2026-01-19T01:58:55.2735076Z     🔍 Trying smart selectors for 'Place Order'...
2026-01-19T01:58:55.2958669Z     ⚠️ Smart selectors failed (no unique match). Falling back to AI Vision...
2026-01-19T01:58:55.2959605Z     ⚠️ Critical step failure: name 'time' is not defined
2026-01-19T01:58:55.2960325Z   ▶️ [STEP step_10] ASSERT_VISIBLE: Place order form
2026-01-19T01:58:55.3012397Z     🔍 Mining locators for: 'Place order form'
2026-01-19T01:58:55.3395251Z     🧠 Consulting AI (Vision-First) to find 'Place order form'...
2026-01-19T01:58:55.3395915Z     🔍 Trying smart selectors for 'Place order form'...
2026-01-19T01:58:55.3617932Z     ⚠️ Smart selectors failed (no unique match). Falling back to AI Vision...
2026-01-19T01:58:55.3618729Z     ⚠️ Critical step failure: name 'time' is not defined
2026-01-19T01:58:55.3619215Z   ▶️ [STEP step_11] FILL: name
2026-01-19T01:58:55.3675908Z     🔍 Mining locators for: 'name'
2026-01-19T01:58:55.4065163Z     🧠 Consulting AI (Vision-First) to find 'name'...
2026-01-19T01:58:55.4065900Z     🔍 Trying smart selectors for 'name'...
2026-01-19T01:58:55.4284381Z     ⚠️ Smart selectors failed (no unique match). Falling back to AI Vision...
2026-01-19T01:58:55.4285232Z     ⚠️ Critical step failure: name 'time' is not defined
2026-01-19T01:58:55.4285813Z   ▶️ [STEP step_12] FILL: country
2026-01-19T01:58:55.4333701Z     🔍 Mining locators for: 'country'
2026-01-19T01:58:55.4733848Z     🧠 Consulting AI (Vision-First) to find 'country'...
2026-01-19T01:58:55.4734563Z     🔍 Trying smart selectors for 'country'...
2026-01-19T01:58:55.4960466Z     ⚠️ Smart selectors failed (no unique match). Falling back to AI Vision...
2026-01-19T01:58:55.4961403Z     ⚠️ Critical step failure: name 'time' is not defined
2026-01-19T01:58:55.4962023Z   ▶️ [STEP step_13] FILL: city
2026-01-19T01:58:55.5018577Z     🔍 Mining locators for: 'city'
2026-01-19T01:58:55.5399466Z     🧠 Consulting AI (Vision-First) to find 'city'...
2026-01-19T01:58:55.5400151Z     🔍 Trying smart selectors for 'city'...
2026-01-19T01:58:55.5618318Z     ⚠️ Smart selectors failed (no unique match). Falling back to AI Vision...
2026-01-19T01:58:55.5619236Z     ⚠️ Critical step failure: name 'time' is not defined
2026-01-19T01:58:55.5619800Z   ▶️ [STEP step_14] FILL: card
2026-01-19T01:58:55.5670762Z     🔍 Mining locators for: 'card'
2026-01-19T01:58:55.6063305Z     🧠 Consulting AI (Vision-First) to find 'card'...
2026-01-19T01:58:55.6063964Z     🔍 Trying smart selectors for 'card'...
2026-01-19T01:58:55.6285496Z     ⚠️ Smart selectors failed (no unique match). Falling back to AI Vision...
2026-01-19T01:58:55.6286400Z     ⚠️ Critical step failure: name 'time' is not defined
2026-01-19T01:58:55.6287015Z   ▶️ [STEP step_15] FILL: month
2026-01-19T01:58:55.6340913Z     🔍 Mining locators for: 'month'
2026-01-19T01:58:55.6725359Z     🧠 Consulting AI (Vision-First) to find 'month'...
2026-01-19T01:58:55.6726131Z     🔍 Trying smart selectors for 'month'...
2026-01-19T01:58:55.6942164Z     ⚠️ Smart selectors failed (no unique match). Falling back to AI Vision...
2026-01-19T01:58:55.6943032Z     ⚠️ Critical step failure: name 'time' is not defined
2026-01-19T01:58:55.6943621Z   ▶️ [STEP step_16] FILL: year
2026-01-19T01:58:55.6990905Z     🔍 Mining locators for: 'year'
2026-01-19T01:58:55.7398286Z     🧠 Consulting AI (Vision-First) to find 'year'...
2026-01-19T01:58:55.7398968Z     🔍 Trying smart selectors for 'year'...
2026-01-19T01:58:55.7618879Z     ⚠️ Smart selectors failed (no unique match). Falling back to AI Vision...
2026-01-19T01:58:55.7619765Z     ⚠️ Critical step failure: name 'time' is not defined
2026-01-19T01:58:55.7620347Z   ▶️ [STEP step_17] CLICK: Purchase
2026-01-19T01:58:55.7674917Z     🔍 Mining locators for: 'Purchase'
2026-01-19T01:58:55.8060175Z     🧠 Consulting AI (Vision-First) to find 'Purchase'...
2026-01-19T01:58:55.8061074Z     🔍 Trying smart selectors for 'Purchase'...
2026-01-19T01:58:55.8278404Z     ⚠️ Smart selectors failed (no unique match). Falling back to AI Vision...
2026-01-19T01:58:55.8279666Z     ⚠️ Critical step failure: name 'time' is not defined
2026-01-19T01:58:55.8280175Z   ▶️ [STEP step_18] ASSERT_VISIBLE: Thank you for your purchase!
2026-01-19T01:58:55.8328184Z     🔍 Mining locators for: 'Thank you for your purchase!'
2026-01-19T01:58:55.8734007Z     🧠 Consulting AI (Vision-First) to find 'Thank you for your purchase!'...
2026-01-19T01:58:55.8734936Z     🔍 Trying smart selectors for 'Thank you for your purchase!'...
2026-01-19T01:58:55.8958950Z     ⚠️ Smart selectors failed (no unique match). Falling back to AI Vision...
2026-01-19T01:58:55.8959563Z     ⚠️ Critical step failure: name 'time' is not defined
2026-01-19T01:58:57.9439515Z 
2026-01-19T01:58:57.9440162Z [2/3] Exploring Scenario: Contact Us Flow
2026-01-19T01:58:57.9441304Z     🧠 Initialized exploration context for goal: 'Browse products and test purchase flow'
2026-01-19T01:58:57.9442156Z   ▶️ [STEP step_1] NAVIGATE: 
2026-01-19T01:58:58.7420627Z     ✅ Navigated to https://www.demoblaze.com/
2026-01-19T01:58:58.7421252Z   ▶️ [STEP step_2] CLICK: Contact
2026-01-19T01:58:58.7591059Z     🔍 Mining locators for: 'Contact'
2026-01-19T01:58:58.8922160Z     ✅ Found 2 verified locators
2026-01-19T01:59:02.4656975Z     ✅ State transitioned.
2026-01-19T01:59:04.1011867Z [DEBUG] Sending request to gemini-2.0-flash. Number of parts: 2
2026-01-19T01:59:04.1012558Z [DEBUG] Received response (Length: 186)
2026-01-19T01:59:04.1013199Z     🤖 AI Next Step Suggestion: click -> Close
2026-01-19T01:59:04.1013898Z     💭 Reasoning: The contact form is blocking the page. Closing it will allow me to browse the products.
2026-01-19T01:59:04.1014535Z     ➕ Injected AI step: click -> Close
2026-01-19T01:59:04.1014897Z   ▶️ [STEP step_2_ai_1] CLICK: Close
2026-01-19T01:59:04.1071443Z     🔍 Mining locators for: 'Close'
2026-01-19T01:59:04.1873893Z     ✅ Found 2 verified locators
2026-01-19T01:59:07.7453211Z     ✅ State transitioned.
2026-01-19T01:59:09.1714336Z [DEBUG] Sending request to gemini-2.0-flash. Number of parts: 2
2026-01-19T01:59:09.1715092Z [DEBUG] Received response (Length: 170)
2026-01-19T01:59:09.1716139Z     🤖 AI Next Step Suggestion: click -> Samsung galaxy s6
2026-01-19T01:59:09.1717120Z     💭 Reasoning: Clicking the first product to view details and add to cart.
2026-01-19T01:59:09.1718244Z     ➕ Injected AI step: click -> Samsung galaxy s6
2026-01-19T01:59:09.1718931Z   ▶️ [STEP step_2_ai_2] CLICK: Samsung galaxy s6
2026-01-19T01:59:09.1860445Z     🔍 Mining locators for: 'Samsung galaxy s6'
2026-01-19T01:59:09.2706521Z     ✅ Found 4 verified locators
2026-01-19T01:59:12.8467875Z     ✅ State transitioned.
2026-01-19T01:59:14.4903264Z [DEBUG] Sending request to gemini-2.0-flash. Number of parts: 2
2026-01-19T01:59:14.4903941Z [DEBUG] Received response (Length: 259)
2026-01-19T01:59:14.4904775Z     🤖 AI Next Step Suggestion: click -> Add to cart
2026-01-19T01:59:14.4906273Z     💭 Reasoning: The goal is to browse products and test the purchase flow. The current page is a product page, so the next logical step is to add the product to the cart.
2026-01-19T01:59:14.4907277Z     ➕ Injected AI step: click -> Add to cart
2026-01-19T01:59:14.4920850Z   ▶️ [STEP step_2_ai_3] CLICK: Add to cart
2026-01-19T01:59:14.5065409Z     🔍 Mining locators for: 'Add to cart'
2026-01-19T01:59:14.5677687Z     ✅ Found 2 verified locators
2026-01-19T01:59:18.1459274Z     ✅ State transitioned.
2026-01-19T01:59:19.2757263Z [DEBUG] Sending request to gemini-2.0-flash. Number of parts: 2
2026-01-19T01:59:19.2758102Z [DEBUG] Received response (Length: 189)
2026-01-19T01:59:19.2758858Z     🤖 AI Next Step Suggestion: click -> Cart
2026-01-19T01:59:19.2759389Z     🧩 Suggested Locator: #cartur
2026-01-19T01:59:19.2759989Z     💭 Reasoning: The product has been added to the cart. Now, proceed to view the cart to initiate the checkout process.
2026-01-19T01:59:19.2760551Z     ➕ Injected AI step: click -> Cart
2026-01-19T01:59:19.2761148Z   ▶️ [STEP step_2_ai_4] CLICK: Cart
2026-01-19T01:59:19.2817003Z     🎯 Using AI-provided locator: #cartur
2026-01-19T01:59:19.2876268Z     ✅ Found 1 verified locators
2026-01-19T01:59:23.3437719Z     ✅ State transitioned.
2026-01-19T01:59:24.9790222Z [DEBUG] Sending request to gemini-2.0-flash. Number of parts: 2
2026-01-19T01:59:24.9790866Z [DEBUG] Received response (Length: 156)
2026-01-19T01:59:24.9791687Z     🤖 AI Next Step Suggestion: click -> Place Order
2026-01-19T01:59:24.9792280Z     🧩 Suggested Locator: button
2026-01-19T01:59:24.9793009Z     💭 Reasoning: The item is in the cart, so the next step is to place the order.
2026-01-19T01:59:24.9793771Z     ➕ Injected AI step: click -> Place Order
2026-01-19T01:59:24.9794329Z   ▶️ [STEP step_2_ai_5] CLICK: Place Order
2026-01-19T01:59:24.9935352Z     🎯 Using AI-provided locator: button
2026-01-19T01:59:24.9954562Z     🔍 Mining locators for: 'Place Order'
2026-01-19T01:59:25.0523792Z     ✅ Found 2 verified locators
2026-01-19T01:59:28.6112442Z     ✅ State transitioned.
2026-01-19T01:59:30.2640664Z [DEBUG] Sending request to gemini-2.0-flash. Number of parts: 2
2026-01-19T01:59:30.2641352Z [DEBUG] Received response (Length: 217)
2026-01-19T01:59:30.2642124Z     🤖 AI Next Step Suggestion: fill -> Name:
2026-01-19T01:59:30.2642696Z     🧩 Suggested Locator: input[id='name']
2026-01-19T01:59:30.2643375Z     💭 Reasoning: The 'Place Order' form is open and needs to be filled. Filling the name field is the next logical step.
2026-01-19T01:59:30.2643940Z     ➕ Injected AI step: fill -> Name:
2026-01-19T01:59:30.2644247Z   ▶️ [STEP step_2_ai_6] FILL: Name:
2026-01-19T01:59:30.2702318Z     🎯 Using AI-provided locator: input[id='name']
2026-01-19T01:59:30.2763471Z     ✅ Found 1 verified locators
2026-01-19T01:59:35.7617018Z     ✅ State transitioned.
2026-01-19T01:59:37.1008845Z [DEBUG] Sending request to gemini-2.0-flash. Number of parts: 2
2026-01-19T01:59:37.1009410Z [DEBUG] Received response (Length: 163)
2026-01-19T01:59:37.1010190Z     🤖 AI Next Step Suggestion: fill -> Country:
2026-01-19T01:59:37.1010617Z     🧩 Suggested Locator: input[id='country']
2026-01-19T01:59:37.1011092Z     💭 Reasoning: Filling the country field in the order form.
2026-01-19T01:59:37.1011497Z     ➕ Injected AI step: fill -> Country:
2026-01-19T01:59:37.1011813Z   ▶️ [STEP step_2_ai_7] FILL: Country:
2026-01-19T01:59:37.1070342Z     🎯 Using AI-provided locator: input[id='country']
2026-01-19T01:59:37.1127228Z     ✅ Found 1 verified locators
2026-01-19T01:59:42.5232461Z     ✅ State transitioned.
2026-01-19T01:59:44.0420084Z [DEBUG] Sending request to gemini-2.0-flash. Number of parts: 2
2026-01-19T01:59:44.0420748Z [DEBUG] Received response (Length: 168)
2026-01-19T01:59:44.0421519Z     🤖 AI Next Step Suggestion: fill -> City:
2026-01-19T01:59:44.0422217Z     🧩 Suggested Locator: input[id='city']
2026-01-19T01:59:44.0423077Z     💭 Reasoning: Filling the city field to complete the order form.
2026-01-19T01:59:44.0423957Z     ➕ Injected AI step: fill -> City:
2026-01-19T01:59:44.0424580Z   ▶️ [STEP step_2_ai_8] FILL: City:
2026-01-19T01:59:44.0487847Z     🎯 Using AI-provided locator: input[id='city']
2026-01-19T01:59:44.0546214Z     ✅ Found 1 verified locators
2026-01-19T01:59:49.5510990Z     ✅ State transitioned.
2026-01-19T01:59:51.0697843Z [DEBUG] Sending request to gemini-2.0-flash. Number of parts: 2
2026-01-19T01:59:51.0698486Z [DEBUG] Received response (Length: 181)
2026-01-19T01:59:51.0699285Z     🤖 AI Next Step Suggestion: fill -> Credit card:
2026-01-19T01:59:51.0699858Z     🧩 Suggested Locator: #card
2026-01-19T01:59:51.0700400Z     💭 Reasoning: Need to fill in credit card information to complete the purchase.
2026-01-19T01:59:51.0700870Z     ➕ Injected AI step: fill -> Credit card:
2026-01-19T01:59:51.0701211Z   ▶️ [STEP step_2_ai_9] FILL: Credit card:
2026-01-19T01:59:51.0757952Z     🎯 Using AI-provided locator: #card
2026-01-19T01:59:51.0815144Z     ✅ Found 1 verified locators
2026-01-19T01:59:57.0935748Z     ✅ State transitioned.
2026-01-19T01:59:58.7178673Z [DEBUG] Sending request to gemini-2.0-flash. Number of parts: 2
2026-01-19T01:59:58.7179426Z [DEBUG] Received response (Length: 161)
2026-01-19T01:59:58.7182630Z     🤖 AI Next Step Suggestion: fill -> Month:
2026-01-19T01:59:58.7183470Z     🧩 Suggested Locator: input[id='month']
2026-01-19T01:59:58.7184332Z     💭 Reasoning: Need to fill out the month for the credit card.
2026-01-19T01:59:58.7185156Z     ➕ Injected AI step: fill -> Month:
2026-01-19T01:59:58.7185825Z   ▶️ [STEP step_2_ai_10] FILL: Month:
2026-01-19T01:59:58.7241510Z     🎯 Using AI-provided locator: input[id='month']
2026-01-19T01:59:58.7300700Z     ✅ Found 1 verified locators
2026-01-19T02:00:03.9422590Z     ✅ State transitioned.
2026-01-19T02:00:05.3776672Z [DEBUG] Sending request to gemini-2.0-flash. Number of parts: 2
2026-01-19T02:00:05.3777351Z [DEBUG] Received response (Length: 198)
2026-01-19T02:00:05.3778150Z     🤖 AI Next Step Suggestion: fill -> Year:
2026-01-19T02:00:05.3778510Z     🧩 Suggested Locator: #year
2026-01-19T02:00:05.3779078Z     💭 Reasoning: The year field is the only remaining unfilled field in the form. Filling it completes the form.
2026-01-19T02:00:05.3779648Z     ➕ Injected AI step: fill -> Year:
2026-01-19T02:00:05.3779955Z   ▶️ [STEP step_2_ai_11] FILL: Year:
2026-01-19T02:00:05.3835121Z     🎯 Using AI-provided locator: #year
2026-01-19T02:00:05.3897767Z     ✅ Found 1 verified locators
2026-01-19T02:00:10.7176626Z     ✅ State transitioned.
2026-01-19T02:00:12.2639465Z [DEBUG] Sending request to gemini-2.0-flash. Number of parts: 2
2026-01-19T02:00:12.2640123Z [DEBUG] Received response (Length: 214)
2026-01-19T02:00:12.2640836Z     🤖 AI Next Step Suggestion: click -> Purchase
2026-01-19T02:00:12.2641402Z     🧩 Suggested Locator: button:contains('Purchase')
2026-01-19T02:00:12.2642409Z     💭 Reasoning: All the required fields in the 'Place order' form are filled. Clicking 'Purchase' will submit the order.
2026-01-19T02:00:12.2643018Z     ➕ Injected AI step: click -> Purchase
2026-01-19T02:00:12.2643385Z   ▶️ [STEP step_2_ai_12] CLICK: Purchase
2026-01-19T02:00:12.2700437Z     🎯 Using AI-provided locator: button:contains('Purchase')
2026-01-19T02:00:12.2732639Z     🔍 Mining locators for: 'Purchase'
2026-01-19T02:00:12.3340547Z     ✅ Found 2 verified locators
2026-01-19T02:00:15.8974458Z     ✅ State transitioned.
2026-01-19T02:00:17.4773372Z [DEBUG] Sending request to gemini-2.0-flash. Number of parts: 2
2026-01-19T02:00:17.4774158Z [DEBUG] Received response (Length: 176)
2026-01-19T02:00:17.4775001Z     🤖 AI Next Step Suggestion: click -> OK
2026-01-19T02:00:17.4775798Z     🧩 Suggested Locator: button:contains('OK')
2026-01-19T02:00:17.4777061Z     💭 Reasoning: The purchase is complete, and the 'OK' button closes the confirmation message.
2026-01-19T02:00:17.4778462Z     ➕ Injected AI step: click -> OK
2026-01-19T02:00:17.4779143Z   ▶️ [STEP step_2_ai_13] CLICK: OK
2026-01-19T02:00:17.4836708Z     🎯 Using AI-provided locator: button:contains('OK')
2026-01-19T02:00:17.4861971Z     🔍 Mining locators for: 'OK'
2026-01-19T02:00:17.5522354Z     ✅ Found 2 verified locators
2026-01-19T02:00:21.1287214Z     ✅ State transitioned.
2026-01-19T02:00:22.6508775Z [DEBUG] Sending request to gemini-2.0-flash. Number of parts: 2
2026-01-19T02:00:22.6509617Z [DEBUG] Received response (Length: 270)
2026-01-19T02:00:22.6510630Z     🤖 AI Next Step Suggestion: click -> Samsung galaxy s6
2026-01-19T02:00:22.6512622Z     💭 Reasoning: To progress towards the goal of browsing products and testing the purchase flow, I should select a product. The first available product is 'Samsung galaxy s6'.
2026-01-19T02:00:22.6514379Z     ➕ Injected AI step: click -> Samsung galaxy s6
2026-01-19T02:00:22.6515166Z   ▶️ [STEP step_2_ai_14] CLICK: Samsung galaxy s6
2026-01-19T02:00:22.6660145Z     🔍 Mining locators for: 'Samsung galaxy s6'
2026-01-19T02:00:22.7526511Z     ✅ Found 4 verified locators
2026-01-19T02:00:26.3092994Z     ✅ State transitioned.
2026-01-19T02:00:26.3196828Z     🔄 Revisited state detected (count: 1)
2026-01-19T02:00:27.8383808Z [DEBUG] Sending request to gemini-2.0-flash. Number of parts: 2
2026-01-19T02:00:27.8384564Z [DEBUG] Received response (Length: 259)
2026-01-19T02:00:27.8385516Z     🤖 AI Next Step Suggestion: click -> Add to cart
2026-01-19T02:00:27.8387210Z     💭 Reasoning: The goal is to browse products and test the purchase flow. The current page is a product page, so the next logical step is to add the product to the cart.
2026-01-19T02:00:27.8388962Z     ➕ Injected AI step: click -> Add to cart
2026-01-19T02:00:27.8389622Z   ▶️ [STEP step_2_ai_15] CLICK: Add to cart
2026-01-19T02:00:27.8533226Z     🔍 Mining locators for: 'Add to cart'
2026-01-19T02:00:27.9170979Z     ✅ Found 2 verified locators
2026-01-19T02:00:31.4770299Z     ✅ State transitioned.
2026-01-19T02:00:31.4862893Z     🔄 Revisited state detected (count: 2)
2026-01-19T02:00:32.7474729Z [DEBUG] Sending request to gemini-2.0-flash. Number of parts: 2
2026-01-19T02:00:32.7475469Z [DEBUG] Received response (Length: 194)
2026-01-19T02:00:32.7476513Z     🤖 AI Next Step Suggestion: click -> Cart
2026-01-19T02:00:32.7477136Z     🧩 Suggested Locator: #cartur
2026-01-19T02:00:32.7478739Z     💭 Reasoning: The product has been added to the cart. Now, proceed to the cart to view the items and potentially checkout.
2026-01-19T02:00:32.7480047Z     ➕ Injected AI step: click -> Cart
2026-01-19T02:00:32.7482075Z   ▶️ [STEP step_2_ai_16] CLICK: Cart
2026-01-19T02:00:32.7540013Z     🎯 Using AI-provided locator: #cartur
2026-01-19T02:00:32.7593696Z     ✅ Found 1 verified locators
2026-01-19T02:00:36.8066519Z     ✅ State transitioned.
2026-01-19T02:00:36.8179329Z     🔄 Revisited state detected (count: 3)
2026-01-19T02:00:36.8180120Z     ⚠️ Too many revisits (3). Stopping AI step injection to prevent loops.
2026-01-19T02:00:36.8180803Z   ▶️ [STEP step_3] ASSERT_VISIBLE: Contact Email:
2026-01-19T02:00:36.8323167Z     🔍 Mining locators for: 'Contact Email:'
2026-01-19T02:00:36.8862397Z     🧠 Consulting AI (Vision-First) to find 'Contact Email:'...
2026-01-19T02:00:36.8863024Z     🔍 Trying smart selectors for 'Contact Email:'...
2026-01-19T02:00:36.9106669Z     ✅ Smart selector found 'Contact Email:' via label-for (confidence: 0.87)
2026-01-19T02:00:36.9145163Z     ✅ Found 1 verified locators
2026-01-19T02:00:42.9293920Z     ⚠️ Scroll into view failed for #recipient-name. Proceeding anyway.
2026-01-19T02:00:44.9316785Z     ✅ State transitioned.
2026-01-19T02:00:46.2593579Z [DEBUG] Sending request to gemini-2.0-flash. Number of parts: 2
2026-01-19T02:00:46.2594089Z [DEBUG] Received response (Length: 173)
2026-01-19T02:00:46.2594877Z     🤖 AI Next Step Suggestion: click -> Place Order
2026-01-19T02:00:46.2595298Z     🧩 Suggested Locator: button
2026-01-19T02:00:46.2595720Z     💭 Reasoning: The item is in the cart, so the next step is to place the order.
2026-01-19T02:00:46.2596157Z     ➕ Injected AI step: click -> Place Order
2026-01-19T02:00:46.2596473Z   ▶️ [STEP step_3_ai_1] CLICK: Place Order
2026-01-19T02:00:46.2653660Z     🎯 Using AI-provided locator: button
2026-01-19T02:00:46.2672780Z     🔍 Mining locators for: 'Place Order'
2026-01-19T02:00:46.3130985Z     ✅ Found 2 verified locators
2026-01-19T02:00:49.8590513Z     ✅ State transitioned.
2026-01-19T02:00:49.8681414Z     🔄 Revisited state detected (count: 1)
2026-01-19T02:00:51.4835686Z [DEBUG] Sending request to gemini-2.0-flash. Number of parts: 2
2026-01-19T02:00:51.4836420Z [DEBUG] Received response (Length: 149)
2026-01-19T02:00:51.4837243Z     🤖 AI Next Step Suggestion: fill -> Name:
2026-01-19T02:00:51.4838088Z     🧩 Suggested Locator: #name
2026-01-19T02:00:51.4838856Z     💭 Reasoning: Need to fill the name field in the order form.
2026-01-19T02:00:51.4839687Z     ➕ Injected AI step: fill -> Name:
2026-01-19T02:00:51.4840348Z   ▶️ [STEP step_3_ai_2] FILL: Name:
2026-01-19T02:00:51.4897240Z     🎯 Using AI-provided locator: #name
2026-01-19T02:00:51.4956367Z     ✅ Found 1 verified locators
2026-01-19T02:00:56.9728354Z     ✅ State transitioned.
2026-01-19T02:00:56.9811805Z     🔄 Revisited state detected (count: 2)
2026-01-19T02:00:58.4488279Z [DEBUG] Sending request to gemini-2.0-flash. Number of parts: 2
2026-01-19T02:00:58.4488841Z [DEBUG] Received response (Length: 211)
2026-01-19T02:00:58.4489572Z     🤖 AI Next Step Suggestion: click -> Purchase
2026-01-19T02:00:58.4490040Z     🧩 Suggested Locator: button:contains('Purchase')
2026-01-19T02:00:58.4490784Z     💭 Reasoning: The form is almost complete, and the 'Purchase' button is visible. Clicking it will submit the order.
2026-01-19T02:00:58.4491458Z     ➕ Injected AI step: click -> Purchase
2026-01-19T02:00:58.4491838Z   ▶️ [STEP step_3_ai_3] CLICK: Purchase
2026-01-19T02:00:58.4553448Z     🎯 Using AI-provided locator: button:contains('Purchase')
2026-01-19T02:00:58.4582543Z     🔍 Mining locators for: 'Purchase'
2026-01-19T02:00:58.5153105Z     ✅ Found 2 verified locators
2026-01-19T02:01:02.0724109Z     ✅ State transitioned.
2026-01-19T02:01:02.0813130Z     🔄 Revisited state detected (count: 3)
2026-01-19T02:01:02.0813963Z     ⚠️ Too many revisits (3). Stopping AI step injection to prevent loops.
2026-01-19T02:01:02.0814444Z   ▶️ [STEP step_4] FILL: Contact Email:
2026-01-19T02:01:02.0874603Z     🔍 Mining locators for: 'Contact Email:'
2026-01-19T02:01:02.1358011Z     🧠 Consulting AI (Vision-First) to find 'Contact Email:'...
2026-01-19T02:01:02.1358592Z     🔍 Trying smart selectors for 'Contact Email:'...
2026-01-19T02:01:02.1596055Z     ✅ Smart selector found 'Contact Email:' via label-for (confidence: 0.87)
2026-01-19T02:01:02.1633491Z     ✅ Found 1 verified locators
2026-01-19T02:01:08.1767039Z     ⚠️ Scroll into view failed for #recipient-name. Proceeding anyway.
2026-01-19T02:01:13.6781876Z     ⚠️ Action failed: Locator.click: Timeout 5000ms exceeded.
2026-01-19T02:01:13.6782506Z Call log:
2026-01-19T02:01:13.6782731Z ...
2026-01-19T02:01:14.9749563Z [DEBUG] Sending request to gemini-2.0-flash. Number of parts: 2
2026-01-19T02:01:14.9750243Z [DEBUG] Received response (Length: 124)
2026-01-19T02:01:14.9751121Z   ▶️ [STEP step_5] FILL: Contact Name:
2026-01-19T02:01:14.9808069Z     🔍 Mining locators for: 'Contact Name:'
2026-01-19T02:01:15.0186435Z     🧠 Consulting AI (Vision-First) to find 'Contact Name:'...
2026-01-19T02:01:15.0187249Z     🔍 Trying smart selectors for 'Contact Name:'...
2026-01-19T02:01:15.0419826Z     ✅ Smart selector found 'Contact Name:' via label-for (confidence: 0.87)
2026-01-19T02:01:15.0458543Z     ✅ Found 1 verified locators
2026-01-19T02:01:21.0585022Z     ⚠️ Scroll into view failed for #recipient-name. Proceeding anyway.
2026-01-19T02:01:26.5599013Z     ⚠️ Action failed: Locator.click: Timeout 5000ms exceeded.
2026-01-19T02:01:26.5599669Z Call log:
2026-01-19T02:01:26.5600012Z ...
2026-01-19T02:01:28.2489745Z [DEBUG] Sending request to gemini-2.0-flash. Number of parts: 2
2026-01-19T02:01:28.2491583Z [DEBUG] Received response (Length: 215)
2026-01-19T02:01:28.2493013Z     ✨ AI Heal Reasoning: The input field next to "Name:" is the best element to fill for "Contact Name:". It is an input field and is visible.
2026-01-19T02:01:28.2494462Z     ✨ AI healed exploration action! New selector: input[type="text"][placeholder=""]
2026-01-19T02:01:33.7551116Z     ⚠️ Scroll into view failed for input[type="text"][placeholder=""]. Proceeding anyway.
2026-01-19T02:01:39.2578805Z   ▶️ [STEP step_6] FILL: Message:
2026-01-19T02:01:39.2642873Z     🔍 Mining locators for: 'Message:'
2026-01-19T02:01:39.3177724Z     🧠 Consulting AI (Vision-First) to find 'Message:'...
2026-01-19T02:01:39.3178321Z     🔍 Trying smart selectors for 'Message:'...
2026-01-19T02:01:39.3333505Z     ✅ Smart selector found 'Message:' via id (confidence: 0.85)
2026-01-19T02:01:39.3372524Z     ✅ Found 1 verified locators
2026-01-19T02:01:45.3487934Z     ⚠️ Scroll into view failed for [id*='message']. Proceeding anyway.
2026-01-19T02:01:50.8499396Z     ⚠️ Action failed: Locator.click: Timeout 5000ms exceeded.
2026-01-19T02:01:50.8499810Z Call log:
2026-01-19T02:01:50.8499996Z ...
2026-01-19T02:01:52.2083248Z [DEBUG] Sending request to gemini-2.0-flash. Number of parts: 2
2026-01-19T02:01:52.2084287Z [DEBUG] Received response (Length: 227)
2026-01-19T02:01:52.2085867Z     ✨ AI Heal Reasoning: The input field with the placeholder 'Country' is visible and allows text input, making it suitable for filling in the 'Message:'.
2026-01-19T02:01:52.2087411Z     ✨ AI healed exploration action! New selector: input[type='text'][placeholder='Country']
2026-01-19T02:01:57.7148639Z     ⚠️ Scroll into view failed for input[type='text'][placeholder='Country']. Proceeding anyway.
2026-01-19T02:02:03.2178627Z   ▶️ [STEP step_7] CLICK: Send message
2026-01-19T02:02:03.2240069Z     🔍 Mining locators for: 'Send message'
2026-01-19T02:02:03.2670672Z     🧠 Consulting AI (Vision-First) to find 'Send message'...
2026-01-19T02:02:03.2671408Z     🔍 Trying smart selectors for 'Send message'...
2026-01-19T02:02:03.2882810Z     ✅ Smart selector found 'Send message' via button-text-exact (confidence: 0.9)
2026-01-19T02:02:03.2923495Z     ✅ Found 1 verified locators
2026-01-19T02:02:08.8029733Z     ⚠️ Scroll into view failed for button:has-text('Send message'). Proceeding anyway.
2026-01-19T02:02:09.3168593Z     ⚠️ Action failed: Locator.click: Element is not visible
2026-01-19T02:02:10.6872049Z Call log:
2026-01-19T02:02:10.6872410Z   ...
2026-01-19T02:02:10.6872901Z [DEBUG] Sending request to gemini-2.0-flash. Number of parts: 2
2026-01-19T02:02:10.6873682Z [DEBUG] Received response (Length: 212)
2026-01-19T02:02:10.6875576Z     ✨ AI Heal Reasoning: The button with the text 'Purchase' is the most relevant element for 'Send message' in this context, as it completes the purchase flow.
2026-01-19T02:02:10.6877376Z     ✨ AI healed exploration action! New selector: button[type='button']
2026-01-19T02:02:16.6942930Z     ⚠️ Scroll into view failed for button[type='button']. Proceeding anyway.
2026-01-19T02:02:17.2072386Z   ▶️ [STEP step_8] WAIT: 
2026-01-19T02:02:22.7237591Z     ⚠️ Scroll into view failed for text=None. Proceeding anyway.
2026-01-19T02:02:24.7260648Z     ✅ State transitioned.
2026-01-19T02:02:26.1321166Z [DEBUG] Sending request to gemini-2.0-flash. Number of parts: 2
2026-01-19T02:02:26.1321867Z [DEBUG] Received response (Length: 181)
2026-01-19T02:02:26.1322745Z     🤖 AI Next Step Suggestion: fill -> Country:
2026-01-19T02:02:26.1323314Z     🧩 Suggested Locator: #country
2026-01-19T02:02:26.1324262Z     💭 Reasoning: Filling the country field in the order form to proceed with the purchase.
2026-01-19T02:02:26.1325113Z     ➕ Injected AI step: fill -> Country:
2026-01-19T02:02:26.1325659Z   ▶️ [STEP step_8_ai_1] FILL: Country:
2026-01-19T02:02:26.1382997Z     🎯 Using AI-provided locator: #country
2026-01-19T02:02:26.1441073Z     ✅ Found 1 verified locators
2026-01-19T02:02:31.3873120Z     ✅ State transitioned.
2026-01-19T02:02:32.7644726Z [DEBUG] Sending request to gemini-2.0-flash. Number of parts: 2
2026-01-19T02:02:32.7645196Z [DEBUG] Received response (Length: 159)
2026-01-19T02:02:32.7645888Z     🤖 AI Next Step Suggestion: fill -> City:
2026-01-19T02:02:32.7646370Z     🧩 Suggested Locator: #city
2026-01-19T02:02:32.7646759Z     💭 Reasoning: Need to fill in the city to complete the order form.
2026-01-19T02:02:32.7647167Z     ➕ Injected AI step: fill -> City:
2026-01-19T02:02:32.7647961Z   ▶️ [STEP step_8_ai_2] FILL: City:
2026-01-19T02:02:32.7705744Z     🎯 Using AI-provided locator: #city
2026-01-19T02:02:32.7763551Z     ✅ Found 1 verified locators
2026-01-19T02:02:38.2354754Z     ✅ State transitioned.
2026-01-19T02:02:39.8820575Z [DEBUG] Sending request to gemini-2.0-flash. Number of parts: 2
2026-01-19T02:02:39.8821328Z [DEBUG] Received response (Length: 176)
2026-01-19T02:02:39.8822233Z     🤖 AI Next Step Suggestion: fill -> Credit card:
2026-01-19T02:02:39.8822840Z     🧩 Suggested Locator: #card
2026-01-19T02:02:39.8823736Z     💭 Reasoning: Filling the credit card field to complete the purchase form.
2026-01-19T02:02:39.8824703Z     ➕ Injected AI step: fill -> Credit card:
2026-01-19T02:02:39.8825404Z   ▶️ [STEP step_8_ai_3] FILL: Credit card:
2026-01-19T02:02:39.8881934Z     🎯 Using AI-provided locator: #card
2026-01-19T02:02:39.8937403Z     ✅ Found 1 verified locators
2026-01-19T02:02:46.3680934Z     ✅ State transitioned.
2026-01-19T02:02:47.9011826Z [DEBUG] Sending request to gemini-2.0-flash. Number of parts: 2
2026-01-19T02:02:47.9012306Z [DEBUG] Received response (Length: 187)
2026-01-19T02:02:47.9013049Z     🤖 AI Next Step Suggestion: fill -> Month:
2026-01-19T02:02:47.9013389Z     🧩 Suggested Locator: #month
2026-01-19T02:02:47.9013898Z     💭 Reasoning: Need to fill out the month for the credit card information to complete the purchase.
2026-01-19T02:02:47.9014401Z     ➕ Injected AI step: fill -> Month:
2026-01-19T02:02:47.9014705Z   ▶️ [STEP step_8_ai_4] FILL: Month:
2026-01-19T02:02:47.9076730Z     🎯 Using AI-provided locator: #month
2026-01-19T02:02:47.9136373Z     ✅ Found 1 verified locators
2026-01-19T02:02:53.1512427Z     ✅ State transitioned.
2026-01-19T02:02:54.6663810Z [DEBUG] Sending request to gemini-2.0-flash. Number of parts: 2
2026-01-19T02:02:54.6664597Z [DEBUG] Received response (Length: 153)
2026-01-19T02:02:54.6665412Z     🤖 AI Next Step Suggestion: fill -> Year:
2026-01-19T02:02:54.6665974Z     🧩 Suggested Locator: #year
2026-01-19T02:02:54.6666788Z     💭 Reasoning: Fill the year field to complete the purchase form.
2026-01-19T02:02:54.6667809Z     ➕ Injected AI step: fill -> Year:
2026-01-19T02:02:54.6668420Z   ▶️ [STEP step_8_ai_5] FILL: Year:
2026-01-19T02:02:54.6728209Z     🎯 Using AI-provided locator: #year
2026-01-19T02:02:54.6783155Z     ✅ Found 1 verified locators
2026-01-19T02:03:00.0647948Z     ✅ State transitioned.
2026-01-19T02:03:01.7299883Z [DEBUG] Sending request to gemini-2.0-flash. Number of parts: 2
2026-01-19T02:03:01.7300524Z [DEBUG] Received response (Length: 214)
2026-01-19T02:03:01.7301300Z     🤖 AI Next Step Suggestion: click -> Purchase
2026-01-19T02:03:01.7301933Z     🧩 Suggested Locator: button:has-text('Purchase')
2026-01-19T02:03:01.7302805Z     💭 Reasoning: All the required fields in the 'Place order' form are filled. Clicking 'Purchase' will submit the order.
2026-01-19T02:03:01.7303421Z     ➕ Injected AI step: click -> Purchase
2026-01-19T02:03:01.7303732Z   ▶️ [STEP step_8_ai_6] CLICK: Purchase
2026-01-19T02:03:01.7361690Z     🎯 Using AI-provided locator: button:has-text('Purchase')
2026-01-19T02:03:01.7423753Z     ✅ Found 1 verified locators
2026-01-19T02:03:05.2880148Z     ✅ State transitioned.
2026-01-19T02:03:07.1044309Z [DEBUG] Sending request to gemini-2.0-flash. Number of parts: 2
2026-01-19T02:03:07.1044956Z [DEBUG] Received response (Length: 216)
2026-01-19T02:03:07.1045751Z     🤖 AI Next Step Suggestion: click -> OK
2026-01-19T02:03:07.1046362Z     🧩 Suggested Locator: button:has-text('OK')
2026-01-19T02:03:07.1047974Z     💭 Reasoning: The purchase is complete, and the 'Thank you' message is displayed. Clicking 'OK' will close the confirmation message.
2026-01-19T02:03:07.1048757Z     ➕ Injected AI step: click -> OK
2026-01-19T02:03:07.1049110Z   ▶️ [STEP step_8_ai_7] CLICK: OK
2026-01-19T02:03:07.1105324Z     🎯 Using AI-provided locator: button:has-text('OK')
2026-01-19T02:03:07.1172327Z     ✅ Found 1 verified locators
2026-01-19T02:03:10.6898019Z     ✅ State transitioned.
2026-01-19T02:03:10.7012235Z     🔄 Revisited state detected (count: 1)
2026-01-19T02:03:12.1842595Z [DEBUG] Sending request to gemini-2.0-flash. Number of parts: 2
2026-01-19T02:03:12.1843254Z [DEBUG] Received response (Length: 192)
2026-01-19T02:03:12.1844097Z     🤖 AI Next Step Suggestion: click -> Samsung galaxy s6
2026-01-19T02:03:12.1844707Z     🧩 Suggested Locator: a:has-text('Samsung galaxy s6')
2026-01-19T02:03:12.1845332Z     💭 Reasoning: To browse products, click on the first available product in the list.
2026-01-19T02:03:12.1845936Z     ➕ Injected AI step: click -> Samsung galaxy s6
2026-01-19T02:03:12.1846379Z   ▶️ [STEP step_8_ai_8] CLICK: Samsung galaxy s6
2026-01-19T02:03:12.1987854Z     🎯 Using AI-provided locator: a:has-text('Samsung galaxy s6')
2026-01-19T02:03:12.2055430Z     ✅ Found 1 verified locators
2026-01-19T02:03:15.7682153Z     ✅ State transitioned.
2026-01-19T02:03:15.7795389Z     🔄 Revisited state detected (count: 2)
2026-01-19T02:03:17.1458483Z [DEBUG] Sending request to gemini-2.0-flash. Number of parts: 2
2026-01-19T02:03:17.1459055Z [DEBUG] Received response (Length: 265)
2026-01-19T02:03:17.1459834Z     🤖 AI Next Step Suggestion: click -> Add to cart
2026-01-19T02:03:17.1460240Z     🧩 Suggested Locator: a:has-text('Add to cart')
2026-01-19T02:03:17.1461062Z     💭 Reasoning: The goal is to browse products and test the purchase flow. The current page is a product page, so the next logical step is to add the product to the cart.
2026-01-19T02:03:17.1461791Z     ➕ Injected AI step: click -> Add to cart
2026-01-19T02:03:17.1462110Z   ▶️ [STEP step_8_ai_9] CLICK: Add to cart
2026-01-19T02:03:17.1524350Z     🎯 Using AI-provided locator: a:has-text('Add to cart')
2026-01-19T02:03:17.1586152Z     ✅ Found 1 verified locators
2026-01-19T02:03:20.7184367Z     ✅ State transitioned.
2026-01-19T02:03:20.7263261Z     🔄 Revisited state detected (count: 3)
2026-01-19T02:03:20.7264197Z     ⚠️ Too many revisits (3). Stopping AI step injection to prevent loops.
2026-01-19T02:03:22.7606886Z 
2026-01-19T02:03:22.7608111Z [3/3] Exploring Scenario: Add to Cart from Category
2026-01-19T02:03:22.7609567Z     🧠 Initialized exploration context for goal: 'Browse products and test purchase flow'
2026-01-19T02:03:22.7610791Z   ▶️ [STEP step_1] NAVIGATE: 
2026-01-19T02:03:23.5830869Z     ✅ Navigated to https://www.demoblaze.com/
2026-01-19T02:03:23.5831688Z   ▶️ [STEP step_2] CLICK: Laptops
2026-01-19T02:03:23.5994163Z     🔍 Mining locators for: 'Laptops'
2026-01-19T02:03:23.7026604Z     ✅ Found 3 verified locators
2026-01-19T02:03:27.2882635Z     ✅ State transitioned.
2026-01-19T02:03:29.0105726Z [DEBUG] Sending request to gemini-2.0-flash. Number of parts: 2
2026-01-19T02:03:29.0106248Z [DEBUG] Received response (Length: 298)
2026-01-19T02:03:29.0106812Z     🤖 AI Next Step Suggestion: click -> Sony vaio i5
2026-01-19T02:03:29.0108106Z     💭 Reasoning: Now that we are on the Laptops category page, we should select a product to view its details. Selecting the first available item 'Sony vaio i5' will allow us to proceed with the purchase flow.
2026-01-19T02:03:29.0108979Z     ➕ Injected AI step: click -> Sony vaio i5
2026-01-19T02:03:29.0109306Z   ▶️ [STEP step_2_ai_1] CLICK: Sony vaio i5
2026-01-19T02:03:29.0169148Z     🔍 Mining locators for: 'Sony vaio i5'
2026-01-19T02:03:29.0822415Z     ✅ Found 2 verified locators
2026-01-19T02:03:32.6539857Z     ✅ State transitioned.
2026-01-19T02:03:34.4274244Z [DEBUG] Sending request to gemini-2.0-flash. Number of parts: 2
2026-01-19T02:03:34.4275106Z [DEBUG] Received response (Length: 259)
2026-01-19T02:03:34.4276068Z     🤖 AI Next Step Suggestion: click -> Add to cart
2026-01-19T02:03:34.4278267Z     💭 Reasoning: The goal is to browse products and test the purchase flow. The current page is a product page, so the next logical step is to add the product to the cart.
2026-01-19T02:03:34.4280291Z     ➕ Injected AI step: click -> Add to cart
2026-01-19T02:03:34.4280987Z   ▶️ [STEP step_2_ai_2] CLICK: Add to cart
2026-01-19T02:03:34.4426186Z     🔍 Mining locators for: 'Add to cart'
2026-01-19T02:03:34.4913943Z     ✅ Found 2 verified locators
2026-01-19T02:03:38.0727215Z     ✅ State transitioned.
2026-01-19T02:03:39.6745585Z [DEBUG] Sending request to gemini-2.0-flash. Number of parts: 2
2026-01-19T02:03:39.6746246Z [DEBUG] Received response (Length: 186)
2026-01-19T02:03:39.6747036Z     🤖 AI Next Step Suggestion: click -> Cart
2026-01-19T02:03:39.6747758Z     🧩 Suggested Locator: #cartur
2026-01-19T02:03:39.6748451Z     💭 Reasoning: The item has been added to the cart. The next step is to view the cart to proceed with the purchase.
2026-01-19T02:03:39.6749010Z     ➕ Injected AI step: click -> Cart
2026-01-19T02:03:39.6749312Z   ▶️ [STEP step_2_ai_3] CLICK: Cart
2026-01-19T02:03:39.6807761Z     🎯 Using AI-provided locator: #cartur
2026-01-19T02:03:39.6864300Z     ✅ Found 1 verified locators
2026-01-19T02:03:43.7329777Z     ✅ State transitioned.
2026-01-19T02:03:45.3159779Z [DEBUG] Sending request to gemini-2.0-flash. Number of parts: 2
2026-01-19T02:03:45.3160521Z [DEBUG] Received response (Length: 169)
2026-01-19T02:03:45.3161378Z     🤖 AI Next Step Suggestion: click -> Place Order
2026-01-19T02:03:45.3162251Z     💭 Reasoning: The item is in the cart, so the next step is to place the order.
2026-01-19T02:03:45.3163052Z     ➕ Injected AI step: click -> Place Order
2026-01-19T02:03:45.3163650Z   ▶️ [STEP step_2_ai_4] CLICK: Place Order
2026-01-19T02:03:45.3305870Z     🔍 Mining locators for: 'Place Order'
2026-01-19T02:03:45.3908743Z     ✅ Found 2 verified locators
2026-01-19T02:03:48.9685960Z     ✅ State transitioned.
2026-01-19T02:03:50.4648201Z [DEBUG] Sending request to gemini-2.0-flash. Number of parts: 2
2026-01-19T02:03:50.4648677Z [DEBUG] Received response (Length: 184)
2026-01-19T02:03:50.4649389Z     🤖 AI Next Step Suggestion: fill -> Name:
2026-01-19T02:03:50.4649768Z     🧩 Suggested Locator: input[id='name']
2026-01-19T02:03:50.4650248Z     💭 Reasoning: The 'Place Order' form is open, and the first field to fill is 'Name'.
2026-01-19T02:03:50.4650726Z     ➕ Injected AI step: fill -> Name:
2026-01-19T02:03:50.4651072Z   ▶️ [STEP step_2_ai_5] FILL: Name:
2026-01-19T02:03:50.4708267Z     🎯 Using AI-provided locator: input[id='name']
2026-01-19T02:03:50.4769229Z     ✅ Found 1 verified locators
2026-01-19T02:03:56.0416351Z     ✅ State transitioned.
2026-01-19T02:03:57.5404024Z [DEBUG] Sending request to gemini-2.0-flash. Number of parts: 2
2026-01-19T02:03:57.5404708Z [DEBUG] Received response (Length: 152)
2026-01-19T02:03:57.5405547Z     🤖 AI Next Step Suggestion: fill -> Country:
2026-01-19T02:03:57.5406148Z     🧩 Suggested Locator: #country
2026-01-19T02:03:57.5406586Z     💭 Reasoning: Filling the country field in the order form.
2026-01-19T02:03:57.5407028Z     ➕ Injected AI step: fill -> Country:
2026-01-19T02:03:57.5407376Z   ▶️ [STEP step_2_ai_6] FILL: Country:
2026-01-19T02:03:57.5465672Z     🎯 Using AI-provided locator: #country
2026-01-19T02:03:57.5522413Z     ✅ Found 1 verified locators
2026-01-19T02:04:02.9887161Z     ✅ State transitioned.
2026-01-19T02:04:04.6211794Z [DEBUG] Sending request to gemini-2.0-flash. Number of parts: 2
2026-01-19T02:04:04.6212280Z [DEBUG] Received response (Length: 220)
2026-01-19T02:04:04.6212973Z     🤖 AI Next Step Suggestion: fill -> City:
2026-01-19T02:04:04.6213311Z     🧩 Suggested Locator: #city
2026-01-19T02:04:04.6213956Z     💭 Reasoning: The 'Place Order' form is partially filled. Filling the city field is the next logical step to complete the form.
2026-01-19T02:04:04.6214557Z     ➕ Injected AI step: fill -> City:
2026-01-19T02:04:04.6214860Z   ▶️ [STEP step_2_ai_7] FILL: City:
2026-01-19T02:04:04.6273405Z     🎯 Using AI-provided locator: #city
2026-01-19T02:04:04.6332621Z     ✅ Found 1 verified locators
2026-01-19T02:04:10.1200780Z     ✅ State transitioned.
2026-01-19T02:04:11.8537819Z [DEBUG] Sending request to gemini-2.0-flash. Number of parts: 2
2026-01-19T02:04:11.8538473Z [DEBUG] Received response (Length: 184)
2026-01-19T02:04:11.8539286Z     🤖 AI Next Step Suggestion: fill -> Credit card:
2026-01-19T02:04:11.8540254Z     🧩 Suggested Locator: input[id='card']
2026-01-19T02:04:11.8540751Z     💭 Reasoning: Filling the credit card field to complete the order form.
2026-01-19T02:04:11.8541190Z     ➕ Injected AI step: fill -> Credit card:
2026-01-19T02:04:11.8541508Z   ▶️ [STEP step_2_ai_8] FILL: Credit card:
2026-01-19T02:04:11.8602017Z     🎯 Using AI-provided locator: input[id='card']
2026-01-19T02:04:11.8658333Z     ✅ Found 1 verified locators
2026-01-19T02:04:18.0983325Z     ✅ State transitioned.
2026-01-19T02:04:19.7200617Z [DEBUG] Sending request to gemini-2.0-flash. Number of parts: 2
2026-01-19T02:04:19.7201343Z [DEBUG] Received response (Length: 161)
2026-01-19T02:04:19.7202121Z     🤖 AI Next Step Suggestion: fill -> Month:
2026-01-19T02:04:19.7202696Z     🧩 Suggested Locator: input[id='month']
2026-01-19T02:04:19.7203428Z     💭 Reasoning: Need to fill out the month for the credit card.
2026-01-19T02:04:19.7204087Z     ➕ Injected AI step: fill -> Month:
2026-01-19T02:04:19.7204611Z   ▶️ [STEP step_2_ai_9] FILL: Month:
2026-01-19T02:04:19.7262238Z     🎯 Using AI-provided locator: input[id='month']
2026-01-19T02:04:19.7318112Z     ✅ Found 1 verified locators
2026-01-19T02:04:25.0635937Z     ✅ State transitioned.
2026-01-19T02:04:26.6593873Z [DEBUG] Sending request to gemini-2.0-flash. Number of parts: 2
2026-01-19T02:04:26.6594471Z [DEBUG] Received response (Length: 200)
2026-01-19T02:04:26.6595121Z     🤖 AI Next Step Suggestion: fill -> Year:
2026-01-19T02:04:26.6595507Z     🧩 Suggested Locator: #year
2026-01-19T02:04:26.6596182Z     💭 Reasoning: The 'Year' field is the only remaining unfilled field in the form. Filling it completes the form.
2026-01-19T02:04:26.6596845Z     ➕ Injected AI step: fill -> Year:
2026-01-19T02:04:26.6597205Z   ▶️ [STEP step_2_ai_10] FILL: Year:
2026-01-19T02:04:26.6654129Z     🎯 Using AI-provided locator: #year
2026-01-19T02:04:26.6720127Z     ✅ Found 1 verified locators
2026-01-19T02:04:31.9608650Z     ✅ State transitioned.
2026-01-19T02:04:33.5483157Z [DEBUG] Sending request to gemini-2.0-flash. Number of parts: 2
2026-01-19T02:04:33.5484090Z [DEBUG] Received response (Length: 216)
2026-01-19T02:04:33.5485040Z     🤖 AI Next Step Suggestion: click -> Purchase
2026-01-19T02:04:33.5485898Z     🧩 Suggested Locator: button:contains('Purchase')
2026-01-19T02:04:33.5487360Z     💭 Reasoning: All the required fields in the 'Place order' form are filled. Clicking 'Purchase' will complete the order.
2026-01-19T02:04:33.5489071Z     ➕ Injected AI step: click -> Purchase
2026-01-19T02:04:33.5489755Z   ▶️ [STEP step_2_ai_11] CLICK: Purchase
2026-01-19T02:04:33.5546564Z     🎯 Using AI-provided locator: button:contains('Purchase')
2026-01-19T02:04:33.5580313Z     🔍 Mining locators for: 'Purchase'
2026-01-19T02:04:33.6223855Z     ✅ Found 2 verified locators
2026-01-19T02:04:37.1865336Z     ✅ State transitioned.
2026-01-19T02:04:38.8342587Z [DEBUG] Sending request to gemini-2.0-flash. Number of parts: 2
2026-01-19T02:04:38.8343275Z [DEBUG] Received response (Length: 230)
2026-01-19T02:04:38.8344117Z     🤖 AI Next Step Suggestion: click -> OK
2026-01-19T02:04:38.8344584Z     🧩 Suggested Locator: button
2026-01-19T02:04:38.8345298Z     💭 Reasoning: The 'Purchase' action was successful, and the 'Thank you' message is displayed. Clicking 'OK' will close the confirmation message.
2026-01-19T02:04:38.8345953Z     ➕ Injected AI step: click -> OK
2026-01-19T02:04:38.8346241Z   ▶️ [STEP step_2_ai_12] CLICK: OK
2026-01-19T02:04:38.8404215Z     🎯 Using AI-provided locator: button
2026-01-19T02:04:38.8424446Z     🔍 Mining locators for: 'OK'
2026-01-19T02:04:38.9071869Z     ✅ Found 2 verified locators
2026-01-19T02:04:42.4686011Z     ✅ State transitioned.
2026-01-19T02:04:42.5451294Z [CACHE HIT] 6515ed0c... (hits: 1, misses: 71)
2026-01-19T02:04:42.5452332Z     🤖 AI Next Step Suggestion: click -> Samsung galaxy s6
2026-01-19T02:04:42.5453504Z     🧩 Suggested Locator: a:contains('Samsung galaxy s6')
2026-01-19T02:04:42.5455306Z     💭 Reasoning: The goal is to browse products and test the purchase flow. Clicking on the first available product (Samsung galaxy s6) will lead to the product details page.
2026-01-19T02:04:42.5456727Z     ➕ Injected AI step: click -> Samsung galaxy s6
2026-01-19T02:04:42.5457388Z   ▶️ [STEP step_2_ai_13] CLICK: Samsung galaxy s6
2026-01-19T02:04:42.5597327Z     🎯 Using AI-provided locator: a:contains('Samsung galaxy s6')
2026-01-19T02:04:42.5621665Z     🔍 Mining locators for: 'Samsung galaxy s6'
2026-01-19T02:04:42.6412712Z     ✅ Found 4 verified locators
2026-01-19T02:04:46.1999808Z     ✅ State transitioned.
2026-01-19T02:04:47.8524502Z [DEBUG] Sending request to gemini-2.0-flash. Number of parts: 2
2026-01-19T02:04:47.8525118Z [DEBUG] Received response (Length: 197)
2026-01-19T02:04:47.8525781Z     🤖 AI Next Step Suggestion: click -> Add to cart
2026-01-19T02:04:47.8526430Z     💭 Reasoning: The current page is a product page. The next logical step is to add the product to the cart.
2026-01-19T02:04:47.8526974Z     ➕ Injected AI step: click -> Add to cart
2026-01-19T02:04:47.8527313Z   ▶️ [STEP step_2_ai_14] CLICK: Add to cart
2026-01-19T02:04:47.8672721Z     🔍 Mining locators for: 'Add to cart'
2026-01-19T02:04:47.9235166Z     ✅ Found 2 verified locators
2026-01-19T02:04:51.4828728Z     ✅ State transitioned.
2026-01-19T02:04:53.1960400Z [DEBUG] Sending request to gemini-2.0-flash. Number of parts: 2
2026-01-19T02:04:53.1961093Z [DEBUG] Received response (Length: 203)
2026-01-19T02:04:53.1961874Z     🤖 AI Next Step Suggestion: click -> Cart
2026-01-19T02:04:53.1962264Z     🧩 Suggested Locator: #cartur
2026-01-19T02:04:53.1962949Z     💭 Reasoning: The product has been added to the cart. Now, navigate to the cart to proceed with the purchase flow.
2026-01-19T02:04:53.1963608Z     ➕ Injected AI step: click -> Cart
2026-01-19T02:04:53.1963960Z   ▶️ [STEP step_2_ai_15] CLICK: Cart
2026-01-19T02:04:53.2020347Z     🎯 Using AI-provided locator: #cartur
2026-01-19T02:04:53.2075503Z     ✅ Found 1 verified locators
2026-01-19T02:04:57.2636286Z     ✅ State transitioned.
2026-01-19T02:04:57.2746836Z     🔄 Revisited state detected (count: 1)
2026-01-19T02:04:58.6166637Z [DEBUG] Sending request to gemini-2.0-flash. Number of parts: 2
2026-01-19T02:04:58.6167781Z [DEBUG] Received response (Length: 212)
2026-01-19T02:04:58.6168820Z     🤖 AI Next Step Suggestion: click -> Place Order
2026-01-19T02:04:58.6169701Z     🧩 Suggested Locator: button:contains('Place Order')
2026-01-19T02:04:58.6171040Z     💭 Reasoning: The cart has an item, and the next step is to place the order to proceed with the purchase flow.
2026-01-19T02:04:58.6172248Z     ➕ Injected AI step: click -> Place Order
2026-01-19T02:04:58.6172948Z   ▶️ [STEP step_2_ai_16] CLICK: Place Order
2026-01-19T02:04:58.6321025Z     🎯 Using AI-provided locator: button:contains('Place Order')
2026-01-19T02:04:58.6344601Z     🔍 Mining locators for: 'Place Order'
2026-01-19T02:04:58.6890343Z     ✅ Found 2 verified locators
2026-01-19T02:05:02.2646842Z     ✅ State transitioned.
2026-01-19T02:05:03.6987698Z [DEBUG] Sending request to gemini-2.0-flash. Number of parts: 2
2026-01-19T02:05:03.6988309Z [DEBUG] Received response (Length: 204)
2026-01-19T02:05:03.6988959Z     🤖 AI Next Step Suggestion: fill -> Name:
2026-01-19T02:05:03.6989377Z     🧩 Suggested Locator: input#name
2026-01-19T02:05:03.6990055Z     💭 Reasoning: The 'Place order' form is open and needs to be filled. Filling the name field is the first step.
2026-01-19T02:05:03.6990704Z     ➕ Injected AI step: fill -> Name:
2026-01-19T02:05:03.6991061Z   ▶️ [STEP step_2_ai_17] FILL: Name:
2026-01-19T02:05:03.7049337Z     🎯 Using AI-provided locator: input#name
2026-01-19T02:05:03.7113302Z     ✅ Found 1 verified locators
2026-01-19T02:05:08.9922598Z     ✅ State transitioned.
2026-01-19T02:05:10.3526285Z [DEBUG] Sending request to gemini-2.0-flash. Number of parts: 2
2026-01-19T02:05:10.3527286Z [DEBUG] Received response (Length: 152)
2026-01-19T02:05:10.3528294Z     🤖 AI Next Step Suggestion: fill -> Country:
2026-01-19T02:05:10.3528850Z     🧩 Suggested Locator: #country
2026-01-19T02:05:10.3529759Z     💭 Reasoning: Filling the country field in the order form.
2026-01-19T02:05:10.3530392Z     ➕ Injected AI step: fill -> Country:
2026-01-19T02:05:10.3530726Z   ▶️ [STEP step_2_ai_18] FILL: Country:
2026-01-19T02:05:10.3589056Z     🎯 Using AI-provided locator: #country
2026-01-19T02:05:10.3643855Z     ✅ Found 1 verified locators
2026-01-19T02:05:15.7392090Z     ✅ State transitioned.
2026-01-19T02:05:17.2648680Z [DEBUG] Sending request to gemini-2.0-flash. Number of parts: 2
2026-01-19T02:05:17.2649332Z [DEBUG] Received response (Length: 231)
2026-01-19T02:05:17.2650115Z     🤖 AI Next Step Suggestion: fill -> City:
2026-01-19T02:05:17.2650673Z     🧩 Suggested Locator: input[id='city']
2026-01-19T02:05:17.2651816Z     💭 Reasoning: The 'Place Order' form is partially filled. Filling the city field is the next logical step to complete the form.
2026-01-19T02:05:17.2652867Z     ➕ Injected AI step: fill -> City:
2026-01-19T02:05:17.2653181Z   ▶️ [STEP step_2_ai_19] FILL: City:
2026-01-19T02:05:17.2710459Z     🎯 Using AI-provided locator: input[id='city']
2026-01-19T02:05:17.2767645Z     ✅ Found 1 verified locators
2026-01-19T02:05:22.8321332Z     ✅ State transitioned.
2026-01-19T02:05:24.3031198Z [DEBUG] Sending request to gemini-2.0-flash. Number of parts: 2
2026-01-19T02:05:24.3032037Z [DEBUG] Received response (Length: 187)
2026-01-19T02:05:24.3032896Z     🤖 AI Next Step Suggestion: fill -> Credit card:
2026-01-19T02:05:24.3033675Z     🧩 Suggested Locator: input[id='card']
2026-01-19T02:05:24.3034723Z     💭 Reasoning: Filling the credit card field to complete the purchase form.
2026-01-19T02:05:24.3035784Z     ➕ Injected AI step: fill -> Credit card:
2026-01-19T02:05:24.3036543Z   ▶️ [STEP step_2_ai_20] FILL: Credit card:
2026-01-19T02:05:24.3093485Z     🎯 Using AI-provided locator: input[id='card']
2026-01-19T02:05:24.3154139Z     ✅ Found 1 verified locators
2026-01-19T02:05:29.9363209Z     ✅ State transitioned.
2026-01-19T02:05:31.6970049Z [DEBUG] Sending request to gemini-2.0-flash. Number of parts: 2
2026-01-19T02:05:31.6970803Z [DEBUG] Received response (Length: 163)
2026-01-19T02:05:31.6971651Z     🤖 AI Next Step Suggestion: fill -> Month:
2026-01-19T02:05:31.6972302Z     🧩 Suggested Locator: #month
2026-01-19T02:05:31.6973195Z     💭 Reasoning: Need to fill out the month field to complete the order form.
2026-01-19T02:05:31.6974118Z     ➕ Injected AI step: fill -> Month:
2026-01-19T02:05:31.6974776Z   ▶️ [STEP step_2_ai_21] FILL: Month:
2026-01-19T02:05:31.7032441Z     🎯 Using AI-provided locator: #month
2026-01-19T02:05:31.7088807Z     ✅ Found 1 verified locators
2026-01-19T02:05:37.0267154Z     ✅ State transitioned.
2026-01-19T02:05:38.6806019Z [DEBUG] Sending request to gemini-2.0-flash. Number of parts: 2
2026-01-19T02:05:38.6806640Z [DEBUG] Received response (Length: 191)
2026-01-19T02:05:38.6807406Z     🤖 AI Next Step Suggestion: fill -> Year:
2026-01-19T02:05:38.6808152Z     🧩 Suggested Locator: #year
2026-01-19T02:05:38.6808847Z     💭 Reasoning: The 'Place order' form is not yet complete. The 'Year' field is the next unfilled field.
2026-01-19T02:05:38.6809508Z     ➕ Injected AI step: fill -> Year:
2026-01-19T02:05:38.6809893Z   ▶️ [STEP step_2_ai_22] FILL: Year:
2026-01-19T02:05:38.6866800Z     🎯 Using AI-provided locator: #year
2026-01-19T02:05:38.6921546Z     ✅ Found 1 verified locators
2026-01-19T02:05:44.2435604Z     ✅ State transitioned.
2026-01-19T02:05:45.6554279Z [DEBUG] Sending request to gemini-2.0-flash. Number of parts: 2
2026-01-19T02:05:45.6554841Z [DEBUG] Received response (Length: 216)
2026-01-19T02:05:45.6555594Z     🤖 AI Next Step Suggestion: click -> Purchase
2026-01-19T02:05:45.6556029Z     🧩 Suggested Locator: button:contains('Purchase')
2026-01-19T02:05:45.6556742Z     💭 Reasoning: All the required fields in the 'Place order' form are filled. Clicking 'Purchase' will complete the order.
2026-01-19T02:05:45.6557886Z     ➕ Injected AI step: click -> Purchase
2026-01-19T02:05:45.6558238Z   ▶️ [STEP step_2_ai_23] CLICK: Purchase
2026-01-19T02:05:45.6613512Z     🎯 Using AI-provided locator: button:contains('Purchase')
2026-01-19T02:05:45.6636292Z     🔍 Mining locators for: 'Purchase'
2026-01-19T02:05:45.7199294Z     ✅ Found 2 verified locators
2026-01-19T02:05:49.2797289Z     ✅ State transitioned.
2026-01-19T02:05:50.9011959Z [DEBUG] Sending request to gemini-2.0-flash. Number of parts: 2
2026-01-19T02:05:50.9013543Z [DEBUG] Received response (Length: 216)
2026-01-19T02:05:50.9014406Z     🤖 AI Next Step Suggestion: click -> OK
2026-01-19T02:05:50.9015218Z     🧩 Suggested Locator: button:contains('OK')
2026-01-19T02:05:50.9016892Z     💭 Reasoning: The purchase is complete, and the 'Thank you' message is displayed. Clicking 'OK' will close the confirmation message.
2026-01-19T02:05:50.9018778Z     ➕ Injected AI step: click -> OK
2026-01-19T02:05:50.9019496Z   ▶️ [STEP step_2_ai_24] CLICK: OK
2026-01-19T02:05:50.9077682Z     🎯 Using AI-provided locator: button:contains('OK')
2026-01-19T02:05:50.9100810Z     🔍 Mining locators for: 'OK'
2026-01-19T02:05:51.0040199Z     ✅ Found 2 verified locators
2026-01-19T02:05:54.5647293Z     ✅ State transitioned.
2026-01-19T02:05:54.5754505Z     🔄 Revisited state detected (count: 1)
2026-01-19T02:05:56.0479688Z [DEBUG] Sending request to gemini-2.0-flash. Number of parts: 2
2026-01-19T02:05:56.0480179Z [DEBUG] Received response (Length: 280)
2026-01-19T02:05:56.0480935Z     🤖 AI Next Step Suggestion: click -> Samsung galaxy s6
2026-01-19T02:05:56.0481375Z     🧩 Suggested Locator: a:contains('Samsung galaxy s6')
2026-01-19T02:05:56.0482263Z     💭 Reasoning: The goal is to browse products and test the purchase flow. Clicking on the first available product (Samsung galaxy s6) will lead to the product details page.
2026-01-19T02:05:56.0483075Z     ➕ Injected AI step: click -> Samsung galaxy s6
2026-01-19T02:05:56.0483480Z   ▶️ [STEP step_2_ai_25] CLICK: Samsung galaxy s6
2026-01-19T02:05:56.0634896Z     🎯 Using AI-provided locator: a:contains('Samsung galaxy s6')
2026-01-19T02:05:56.0659201Z     🔍 Mining locators for: 'Samsung galaxy s6'
2026-01-19T02:05:56.1578519Z     ✅ Found 4 verified locators
2026-01-19T02:05:59.7300974Z     ✅ State transitioned.
2026-01-19T02:05:59.7408398Z     🔄 Revisited state detected (count: 2)
2026-01-19T02:06:01.5418886Z [DEBUG] Sending request to gemini-2.0-flash. Number of parts: 2
2026-01-19T02:06:01.5419445Z [DEBUG] Received response (Length: 282)
2026-01-19T02:06:01.5420117Z     🤖 AI Next Step Suggestion: click -> Add to cart
2026-01-19T02:06:01.5421044Z     💭 Reasoning: The current page is the product page for 'Samsung galaxy s6'. The goal is to browse products and test the purchase flow. The next logical step is to add the product to the cart.
2026-01-19T02:06:01.5421852Z     ➕ Injected AI step: click -> Add to cart
2026-01-19T02:06:01.5422174Z   ▶️ [STEP step_2_ai_26] CLICK: Add to cart
2026-01-19T02:06:01.5485499Z     🔍 Mining locators for: 'Add to cart'
2026-01-19T02:06:01.6029310Z     ✅ Found 2 verified locators
2026-01-19T02:06:05.1775944Z     ✅ State transitioned.
2026-01-19T02:06:05.1854138Z     🔄 Revisited state detected (count: 3)
2026-01-19T02:06:05.1854981Z     ⚠️ Too many revisits (3). Stopping AI step injection to prevent loops.
2026-01-19T02:06:05.1855669Z   ▶️ [STEP step_3] ASSERT_VISIBLE: Sony vaio i5
2026-01-19T02:06:05.1909029Z     🔍 Mining locators for: 'Sony vaio i5'
2026-01-19T02:06:05.2403537Z     🧠 Consulting AI (Vision-First) to find 'Sony vaio i5'...
2026-01-19T02:06:05.2404340Z     🔍 Trying smart selectors for 'Sony vaio i5'...
2026-01-19T02:06:05.2631879Z     ⚠️ Smart selectors failed (no unique match). Falling back to AI Vision...
2026-01-19T02:06:05.2632791Z     ⚠️ Critical step failure: name 'time' is not defined
2026-01-19T02:06:05.2633425Z   ▶️ [STEP step_4] CLICK: Sony vaio i5
2026-01-19T02:06:05.2681843Z     🔍 Mining locators for: 'Sony vaio i5'
2026-01-19T02:06:05.3050376Z     🧠 Consulting AI (Vision-First) to find 'Sony vaio i5'...
2026-01-19T02:06:05.3051128Z     🔍 Trying smart selectors for 'Sony vaio i5'...
2026-01-19T02:06:05.3263435Z     ⚠️ Smart selectors failed (no unique match). Falling back to AI Vision...
2026-01-19T02:06:05.3264278Z     ⚠️ Critical step failure: name 'time' is not defined
2026-01-19T02:06:05.3264764Z   ▶️ [STEP step_5] ASSERT_VISIBLE: Product description
2026-01-19T02:06:05.3314447Z     🔍 Mining locators for: 'Product description'
2026-01-19T02:06:05.3714137Z     🧠 Consulting AI (Vision-First) to find 'Product description'...
2026-01-19T02:06:05.3714772Z     🔍 Trying smart selectors for 'Product description'...
2026-01-19T02:06:05.3938124Z     ⚠️ Smart selectors failed (no unique match). Falling back to AI Vision...
2026-01-19T02:06:05.3939031Z     ⚠️ Critical step failure: name 'time' is not defined
2026-01-19T02:06:05.3939507Z   ▶️ [STEP step_6] CLICK: Add to cart
2026-01-19T02:06:05.3988891Z     🔍 Mining locators for: 'Add to cart'
2026-01-19T02:06:05.4491443Z     ✅ Found 2 verified locators
2026-01-19T02:06:08.9916845Z     ✅ State transitioned.
2026-01-19T02:06:08.9997088Z     🔄 Revisited state detected (count: 4)
2026-01-19T02:06:08.9998203Z     ⚠️ Too many revisits (4). Stopping AI step injection to prevent loops.
2026-01-19T02:06:08.9998798Z   ▶️ [STEP step_7] WAIT: 
2026-01-19T02:06:14.5157624Z     ⚠️ Scroll into view failed for text=None. Proceeding anyway.
2026-01-19T02:06:16.5180512Z     ✅ State transitioned.
2026-01-19T02:06:16.5271274Z     🔄 Revisited state detected (count: 5)
2026-01-19T02:06:16.5272126Z     ⚠️ Too many revisits (5). Stopping AI step injection to prevent loops.
2026-01-19T02:06:16.5272862Z   ▶️ [STEP step_8] CLICK: Cart
2026-01-19T02:06:16.5325001Z     🔍 Mining locators for: 'Cart'
2026-01-19T02:06:16.5970041Z     ✅ Found 5 verified locators
2026-01-19T02:06:20.1590837Z     ✅ State transitioned.
2026-01-19T02:06:20.1673769Z     🔄 Revisited state detected (count: 6)
2026-01-19T02:06:20.1674468Z     ⚠️ Too many revisits (6). Stopping AI step injection to prevent loops.
2026-01-19T02:06:20.1674953Z   ▶️ [STEP step_9] ASSERT_URL: 
2026-01-19T02:06:25.6833081Z     ⚠️ Scroll into view failed for text=None. Proceeding anyway.
2026-01-19T02:06:27.6855887Z     ✅ State transitioned.
2026-01-19T02:06:27.6936769Z     🔄 Revisited state detected (count: 7)
2026-01-19T02:06:27.6937618Z     ⚠️ Too many revisits (7). Stopping AI step injection to prevent loops.
2026-01-19T02:06:29.7308772Z 🗂️  All generated tests written to /home/runner/work/build_qa_automation/build_qa_automation/projects/ci_demoblaze_store/tests/generated_scenarios.json
2026-01-19T02:06:29.7338648Z 🔄 Updated workflow.json with discovered steps and locators.
2026-01-19T02:06:29.7339083Z 
2026-01-19T02:06:29.7339304Z ✅ Deep Exploration Complete.
2026-01-19T02:09:45.2856256Z 
2026-01-19T02:09:45.2857100Z 🚀 [EXECUTE] Starting Automation Execution Engine
2026-01-19T02:09:45.2857863Z 📍 Project: ci_demoblaze_store
2026-01-19T02:09:45.2858159Z 🎬 Mode: Headless
2026-01-19T02:09:45.2858273Z 
2026-01-19T02:09:45.2858397Z --- Scenario: Browse and Purchase Flow ---
2026-01-19T02:09:45.2858762Z   ▶️ [STEP step_1] NAVIGATE: Step step_1
2026-01-19T02:09:45.2859311Z     ✅ Step step_1 Passed.
2026-01-19T02:09:45.2859596Z   ▶️ [STEP step_2] ASSERT_URL: Step step_2
2026-01-19T02:09:45.2859873Z     ✅ Step step_2 Passed.
2026-01-19T02:09:45.2860144Z   ▶️ [STEP step_2_ai_1] CLICK: Samsung galaxy s6
2026-01-19T02:09:45.2860519Z     🎯 Using mined locator: role=link[name='Samsung galaxy s6']
2026-01-19T02:09:45.2860870Z     ✅ Step step_2_ai_1 Passed.
2026-01-19T02:09:45.2861141Z   ▶️ [STEP step_2_ai_2] CLICK: Add to cart
2026-01-19T02:09:45.2861478Z     🎯 Using mined locator: role=link[name='Add to cart']
2026-01-19T02:09:45.2861792Z     ✅ Step step_2_ai_2 Passed.
2026-01-19T02:09:45.2862047Z   ▶️ [STEP step_2_ai_3] CLICK: Cart
2026-01-19T02:09:45.2862316Z     🎯 Using mined locator: #cartur
2026-01-19T02:09:45.2862571Z     ✅ Step step_2_ai_3 Passed.
2026-01-19T02:09:45.2863009Z   ▶️ [STEP step_2_ai_4] CLICK: Place Order
2026-01-19T02:09:45.2863366Z     🎯 Using mined locator: role=button[name='Place Order']
2026-01-19T02:09:45.2863703Z     ✅ Step step_2_ai_4 Passed.
2026-01-19T02:09:45.2863969Z   ▶️ [STEP step_2_ai_5] FILL: Name:
2026-01-19T02:09:45.2864249Z     🎯 Using mined locator: input[id='name']
2026-01-19T02:09:45.2864524Z     ✅ Step step_2_ai_5 Passed.
2026-01-19T02:09:45.2864776Z   ▶️ [STEP step_2_ai_6] FILL: Country:
2026-01-19T02:09:45.2865054Z     🎯 Using mined locator: #country
2026-01-19T02:09:45.2865315Z     ✅ Step step_2_ai_6 Passed.
2026-01-19T02:09:45.2865555Z   ▶️ [STEP step_2_ai_7] FILL: City:
2026-01-19T02:09:45.2865829Z     🎯 Using mined locator: input[id='city']
2026-01-19T02:09:45.2866103Z     ✅ Step step_2_ai_7 Passed.
2026-01-19T02:09:45.2866576Z   ▶️ [STEP step_2_ai_8] FILL: Credit card:
2026-01-19T02:09:45.2867073Z     🎯 Using mined locator: #card
2026-01-19T02:09:45.2867698Z     ✅ Step step_2_ai_8 Passed.
2026-01-19T02:09:45.2868186Z   ▶️ [STEP step_2_ai_9] FILL: Month:
2026-01-19T02:09:45.2868724Z     🎯 Using mined locator: input[id='month']
2026-01-19T02:09:45.2869213Z     ✅ Step step_2_ai_9 Passed.
2026-01-19T02:09:45.2869494Z   ▶️ [STEP step_2_ai_10] FILL: Year:
2026-01-19T02:09:45.2869764Z     🎯 Using mined locator: #year
2026-01-19T02:09:45.2870023Z     ✅ Step step_2_ai_10 Passed.
2026-01-19T02:09:45.2870281Z   ▶️ [STEP step_2_ai_11] CLICK: Purchase
2026-01-19T02:09:45.2870702Z     🎯 Using mined locator: role=button[name='Purchase']
2026-01-19T02:09:45.2871270Z     ✅ Step step_2_ai_11 Passed.
2026-01-19T02:09:45.2871689Z   ▶️ [STEP step_2_ai_12] CLICK: OK
2026-01-19T02:09:45.2872002Z     🎯 Using mined locator: role=button[name='OK']
2026-01-19T02:09:45.2872311Z     ✅ Step step_2_ai_12 Passed.
2026-01-19T02:09:45.2872595Z   ▶️ [STEP step_2_ai_13] CLICK: Samsung galaxy s6
2026-01-19T02:09:45.2872964Z     🎯 Using mined locator: role=link[name='Samsung galaxy s6']
2026-01-19T02:09:45.2873562Z     ✅ Step step_2_ai_13 Passed.
2026-01-19T02:09:45.2874061Z   ▶️ [STEP step_2_ai_14] CLICK: Add to cart
2026-01-19T02:09:45.2874484Z     🎯 Using mined locator: role=link[name='Add to cart']
2026-01-19T02:09:45.2874856Z     ✅ Step step_2_ai_14 Passed.
2026-01-19T02:09:45.2875282Z   ▶️ [STEP step_2_ai_15] CLICK: Cart
2026-01-19T02:09:45.2875692Z     🎯 Using mined locator: #cartur
2026-01-19T02:09:45.2876050Z     ✅ Step step_2_ai_15 Passed.
2026-01-19T02:09:45.2876316Z   ▶️ [STEP step_3] CLICK: Samsung galaxy s6
2026-01-19T02:09:45.2876592Z     ✅ Step step_3 Passed.
2026-01-19T02:09:45.2876878Z   ▶️ [STEP step_4] ASSERT_VISIBLE: Product description
2026-01-19T02:09:45.2877307Z     ❌ Attempt 1 failed (element_not_found): Locator expected to be visible
2026-01-19T02:09:45.2877937Z Actual value: None
2026-01-19T02:09:45.2878171Z Error: element(s) not found 
2026-01-19T02:09:45.2878546Z Call log:
2026-01-19T02:09:45.2878792Z   - Expect ...
2026-01-19T02:09:45.2879357Z     🔧 [AUTO-HEAL] Re-mining page to find 'Product description'...
2026-01-19T02:09:45.2879799Z [DEBUG] Sending request to gemini-2.0-flash. Number of parts: 2
2026-01-19T02:09:45.2880128Z [DEBUG] Received response (Length: 743)
2026-01-19T02:09:45.2880658Z     ✨ AI successfully healed the step! Found 3 alternatives.
2026-01-19T02:09:45.2881122Z     ✨ AI successfully healed the step! New selector: td:nth-child(2)
2026-01-19T02:09:45.2881599Z     ✅ Step step_4 Passed.
2026-01-19T02:09:45.2881851Z   ▶️ [STEP step_5] CLICK: Add to cart
2026-01-19T02:09:45.2882304Z     ❌ Attempt 1 failed (element_not_found): Locator.bounding_box: Timeout 30000ms exceeded.
2026-01-19T02:09:45.2882690Z Call log:
2026-01-19T02:09:45.2882905Z   - waiting for locator("text=Add to cart"...
2026-01-19T02:09:45.2883260Z     🔧 [AUTO-HEAL] Re-mining page to find 'Add to cart'...
2026-01-19T02:09:45.2883618Z [DEBUG] Sending request to gemini-2.0-flash. Number of parts: 2
2026-01-19T02:09:45.2883948Z [DEBUG] Received response (Length: 487)
2026-01-19T02:09:45.2884298Z     ✨ AI successfully healed the step! Found 2 alternatives.
2026-01-19T02:09:45.2884898Z     ✨ AI successfully healed the step! New selector: a:contains('Place Order')
2026-01-19T02:09:45.2885669Z     ❌ Attempt 2 failed (unknown): Locator.count: SyntaxError: Failed to execute 'querySelectorAll' on 'Document': 'a:contains("Place O...
2026-01-19T02:09:45.2886320Z     🔧 [AUTO-HEAL] Re-mining page to find 'Add to cart'...
2026-01-19T02:09:45.2886618Z [CACHE HIT] 3123a077... (hits: 1, misses: 2)
2026-01-19T02:09:45.2886968Z     ✨ AI successfully healed the step! Found 2 alternatives.
2026-01-19T02:09:45.2889573Z     ✨ AI successfully healed the step! New selector: a:contains('Place Order')
2026-01-19T02:09:45.2890833Z     ❌ Attempt 3 failed (unknown): Locator.count: SyntaxError: Failed to execute 'querySelectorAll' on 'Document': 'a:contains("Place O...
2026-01-19T02:09:45.2891952Z     💀 Step step_5 failed after all retries.
2026-01-19T02:09:45.2892603Z 🛑 Scenario 'Browse and Purchase Flow' aborted due to step failure.
2026-01-19T02:09:45.2893124Z 
2026-01-19T02:09:45.2893279Z --- Scenario: Contact Us Flow ---
2026-01-19T02:09:45.2893822Z   ▶️ [STEP step_1] NAVIGATE: Step step_1
2026-01-19T02:09:45.2894352Z     ✅ Step step_1 Passed.
2026-01-19T02:09:45.2894829Z   ▶️ [STEP step_2] CLICK: Contact
2026-01-19T02:09:45.2895396Z     🎯 Using mined locator: role=link[name='Contact']
2026-01-19T02:09:45.2895965Z     ✅ Step step_2 Passed.
2026-01-19T02:09:45.2896436Z   ▶️ [STEP step_2_ai_1] CLICK: Close
2026-01-19T02:09:45.2897025Z     🎯 Using mined locator: role=button[name='Close']
2026-01-19T02:09:45.2897874Z     ✅ Step step_2_ai_1 Passed.
2026-01-19T02:09:45.2898429Z   ▶️ [STEP step_2_ai_2] CLICK: Samsung galaxy s6
2026-01-19T02:09:45.2899147Z     🎯 Using mined locator: role=link[name='Samsung galaxy s6']
2026-01-19T02:09:45.2899787Z     ✅ Step step_2_ai_2 Passed.
2026-01-19T02:09:45.2900298Z   ▶️ [STEP step_2_ai_3] CLICK: Add to cart
2026-01-19T02:09:45.2900931Z     🎯 Using mined locator: role=link[name='Add to cart']
2026-01-19T02:09:45.2901544Z     ✅ Step step_2_ai_3 Passed.
2026-01-19T02:09:45.2902012Z   ▶️ [STEP step_2_ai_4] CLICK: Cart
2026-01-19T02:09:45.2902509Z     🎯 Using mined locator: #cartur
2026-01-19T02:09:45.2903007Z     ✅ Step step_2_ai_4 Passed.
2026-01-19T02:09:45.2903518Z   ▶️ [STEP step_2_ai_5] CLICK: Place Order
2026-01-19T02:09:45.2904166Z     🎯 Using mined locator: role=button[name='Place Order']
2026-01-19T02:09:45.2904770Z     ✅ Step step_2_ai_5 Passed.
2026-01-19T02:09:45.2905256Z   ▶️ [STEP step_2_ai_6] FILL: Name:
2026-01-19T02:09:45.2905800Z     🎯 Using mined locator: input[id='name']
2026-01-19T02:09:45.2906306Z     ✅ Step step_2_ai_6 Passed.
2026-01-19T02:09:45.2906571Z   ▶️ [STEP step_2_ai_7] FILL: Country:
2026-01-19T02:09:45.2907101Z     🎯 Using mined locator: input[id='country']
2026-01-19T02:09:45.2907404Z     ✅ Step step_2_ai_7 Passed.
2026-01-19T02:09:45.2907889Z   ▶️ [STEP step_2_ai_8] FILL: City:
2026-01-19T02:09:45.2908181Z     🎯 Using mined locator: input[id='city']
2026-01-19T02:09:45.2908489Z     ✅ Step step_2_ai_8 Passed.
2026-01-19T02:09:45.2908757Z   ▶️ [STEP step_2_ai_9] FILL: Credit card:
2026-01-19T02:09:45.2909048Z     🎯 Using mined locator: #card
2026-01-19T02:09:45.2909312Z     ✅ Step step_2_ai_9 Passed.
2026-01-19T02:09:45.2909748Z   ▶️ [STEP step_2_ai_10] FILL: Month:
2026-01-19T02:09:45.2910056Z     🎯 Using mined locator: input[id='month']
2026-01-19T02:09:45.2910344Z     ✅ Step step_2_ai_10 Passed.
2026-01-19T02:09:45.2910599Z   ▶️ [STEP step_2_ai_11] FILL: Year:
2026-01-19T02:09:45.2910866Z     🎯 Using mined locator: #year
2026-01-19T02:09:45.2911123Z     ✅ Step step_2_ai_11 Passed.
2026-01-19T02:09:45.2911387Z   ▶️ [STEP step_2_ai_12] CLICK: Purchase
2026-01-19T02:09:45.2911719Z     🎯 Using mined locator: role=button[name='Purchase']
2026-01-19T02:09:45.2912043Z     ✅ Step step_2_ai_12 Passed.
2026-01-19T02:09:45.2912294Z   ▶️ [STEP step_2_ai_13] CLICK: OK
2026-01-19T02:09:45.2912593Z     🎯 Using mined locator: role=button[name='OK']
2026-01-19T02:09:45.2912885Z     ✅ Step step_2_ai_13 Passed.
2026-01-19T02:09:45.2913303Z   ▶️ [STEP step_2_ai_14] CLICK: Samsung galaxy s6
2026-01-19T02:09:45.2913676Z     🎯 Using mined locator: role=link[name='Samsung galaxy s6']
2026-01-19T02:09:45.2914023Z     ✅ Step step_2_ai_14 Passed.
2026-01-19T02:09:45.2914280Z   ▶️ [STEP step_2_ai_15] CLICK: Add to cart
2026-01-19T02:09:45.2914612Z     🎯 Using mined locator: role=link[name='Add to cart']
2026-01-19T02:09:45.2914923Z     ✅ Step step_2_ai_15 Passed.
2026-01-19T02:09:45.2915171Z   ▶️ [STEP step_2_ai_16] CLICK: Cart
2026-01-19T02:09:45.2915431Z     🎯 Using mined locator: #cartur
2026-01-19T02:09:45.2915690Z     ✅ Step step_2_ai_16 Passed.
2026-01-19T02:09:45.2915966Z   ▶️ [STEP step_3] ASSERT_VISIBLE: Contact Email:
2026-01-19T02:09:45.2916285Z     🎯 Using mined locator: #recipient-name
2026-01-19T02:09:45.2916685Z     ❌ Attempt 1 failed (element_not_found): Locator expected to be visible
2026-01-19T02:09:45.2917023Z Actual value: hidden 
2026-01-19T02:09:45.2917208Z Call log:
2026-01-19T02:09:45.2917406Z   - Expect "to_be_visible" with timeo...
2026-01-19T02:09:45.2918060Z     🔧 [AUTO-HEAL] Re-mining page to find 'Contact Email:'...
2026-01-19T02:09:45.2918433Z [DEBUG] Sending request to gemini-2.0-flash. Number of parts: 2
2026-01-19T02:09:45.2918770Z [DEBUG] Received response (Length: 471)
2026-01-19T02:09:45.2919124Z     ✨ AI successfully healed the step! Found 2 alternatives.
2026-01-19T02:09:45.2919600Z     ✨ AI successfully healed the step! New selector: a[href*='demo@blazemeter.com']
2026-01-19T02:09:45.2920117Z     ❌ Attempt 2 failed (element_not_found): Locator expected to be visible
2026-01-19T02:09:45.2920448Z Actual value: None
2026-01-19T02:09:45.2920637Z Error: element(s) not found 
2026-01-19T02:09:45.2920867Z Call log:
2026-01-19T02:09:45.2921139Z   - Expect ...
2026-01-19T02:09:45.2921661Z     🔧 [AUTO-HEAL] Re-mining page to find 'Contact Email:'...
2026-01-19T02:09:45.2922117Z [DEBUG] Sending request to gemini-2.0-flash. Number of parts: 2
2026-01-19T02:09:45.2922720Z [DEBUG] Received response (Length: 38)
2026-01-19T02:09:45.2923459Z     ❌ AI could not re-locate the element. Waiting 1s before next retry.
2026-01-19T02:09:45.2924398Z     ❌ Attempt 3 failed (element_not_found): Locator expected to be visible
2026-01-19T02:09:45.2925048Z Actual value: None
2026-01-19T02:09:45.2925404Z Error: element(s) not found 
2026-01-19T02:09:45.2925787Z Call log:
2026-01-19T02:09:45.2926082Z   - Expect ...
2026-01-19T02:09:45.2926545Z     💀 Step step_3 failed after all retries.
2026-01-19T02:09:45.2927222Z 🛑 Scenario 'Contact Us Flow' aborted due to step failure.
2026-01-19T02:09:45.2927881Z 
2026-01-19T02:09:45.2928074Z --- Scenario: Add to Cart from Category ---
2026-01-19T02:09:45.2928669Z   ▶️ [STEP step_1] NAVIGATE: Step step_1
2026-01-19T02:09:45.2929183Z     ✅ Step step_1 Passed.
2026-01-19T02:09:45.2929651Z   ▶️ [STEP step_2] CLICK: Laptops
2026-01-19T02:09:45.2930240Z     🎯 Using mined locator: role=link[name='Laptops']
2026-01-19T02:09:45.2930804Z     ✅ Step step_2 Passed.
2026-01-19T02:09:45.2931536Z   ▶️ [STEP step_2_ai_1] CLICK: Sony vaio i5
2026-01-19T02:09:45.2932166Z     🎯 Using mined locator: role=link[name='Sony vaio i5']
2026-01-19T02:09:45.2932769Z     ✅ Step step_2_ai_1 Passed.
2026-01-19T02:09:45.2933459Z   ▶️ [STEP step_2_ai_2] CLICK: Add to cart
2026-01-19T02:09:45.2934117Z     🎯 Using mined locator: role=link[name='Add to cart']
2026-01-19T02:09:45.2934736Z     ✅ Step step_2_ai_2 Passed.
2026-01-19T02:09:45.2935201Z   ▶️ [STEP step_2_ai_3] CLICK: Cart
2026-01-19T02:09:45.2935707Z     🎯 Using mined locator: #cartur
2026-01-19T02:09:45.2936188Z     ✅ Step step_2_ai_3 Passed.
2026-01-19T02:09:45.2936709Z   ▶️ [STEP step_2_ai_4] CLICK: Place Order
2026-01-19T02:11:38.9973139Z     🎯 Using mined locator: role=button[name='Place Order']
2026-01-19T02:11:38.9974032Z     ✅ Step step_2_ai_4 Passed.
2026-01-19T02:11:38.9974589Z   ▶️ [STEP step_2_ai_5] FILL: Name:
2026-01-19T02:11:38.9975137Z     🎯 Using mined locator: input[id='name']
2026-01-19T02:11:38.9975661Z     ✅ Step step_2_ai_5 Passed.
2026-01-19T02:11:38.9976283Z   ▶️ [STEP step_2_ai_6] FILL: Country:
2026-01-19T02:11:38.9976783Z     🎯 Using mined locator: #country
2026-01-19T02:11:38.9977120Z     ✅ Step step_2_ai_6 Passed.
2026-01-19T02:11:38.9977407Z   ▶️ [STEP step_2_ai_7] FILL: City:
2026-01-19T02:11:38.9978097Z     🎯 Using mined locator: #city
2026-01-19T02:11:38.9978425Z     ✅ Step step_2_ai_7 Passed.
2026-01-19T02:11:38.9978698Z   ▶️ [STEP step_2_ai_8] FILL: Credit card:
2026-01-19T02:11:38.9979013Z     🎯 Using mined locator: input[id='card']
2026-01-19T02:11:38.9979304Z     ✅ Step step_2_ai_8 Passed.
2026-01-19T02:11:38.9979577Z   ▶️ [STEP step_2_ai_9] FILL: Month:
2026-01-19T02:11:38.9979881Z     🎯 Using mined locator: input[id='month']
2026-01-19T02:11:38.9980179Z     ✅ Step step_2_ai_9 Passed.
2026-01-19T02:11:38.9980440Z   ▶️ [STEP step_2_ai_10] FILL: Year:
2026-01-19T02:11:38.9980709Z     🎯 Using mined locator: #year
2026-01-19T02:11:38.9980967Z     ✅ Step step_2_ai_10 Passed.
2026-01-19T02:11:38.9981251Z   ▶️ [STEP step_2_ai_11] CLICK: Purchase
2026-01-19T02:11:38.9981592Z     🎯 Using mined locator: role=button[name='Purchase']
2026-01-19T02:11:38.9981917Z     ✅ Step step_2_ai_11 Passed.
2026-01-19T02:11:38.9982183Z   ▶️ [STEP step_2_ai_12] CLICK: OK
2026-01-19T02:11:38.9982488Z     🎯 Using mined locator: role=button[name='OK']
2026-01-19T02:11:38.9982791Z     ✅ Step step_2_ai_12 Passed.
2026-01-19T02:11:38.9983076Z   ▶️ [STEP step_2_ai_13] CLICK: Samsung galaxy s6
2026-01-19T02:11:38.9983443Z     🎯 Using mined locator: role=link[name='Samsung galaxy s6']
2026-01-19T02:11:38.9983785Z     ✅ Step step_2_ai_13 Passed.
2026-01-19T02:11:38.9984056Z   ▶️ [STEP step_2_ai_14] CLICK: Add to cart
2026-01-19T02:11:38.9984395Z     🎯 Using mined locator: role=link[name='Add to cart']
2026-01-19T02:11:38.9984712Z     ✅ Step step_2_ai_14 Passed.
2026-01-19T02:11:38.9984967Z   ▶️ [STEP step_2_ai_15] CLICK: Cart
2026-01-19T02:11:38.9985247Z     🎯 Using mined locator: #cartur
2026-01-19T02:11:38.9985508Z     ✅ Step step_2_ai_15 Passed.
2026-01-19T02:11:38.9985786Z   ▶️ [STEP step_2_ai_16] CLICK: Place Order
2026-01-19T02:11:38.9986128Z     🎯 Using mined locator: role=button[name='Place Order']
2026-01-19T02:11:38.9986449Z     ✅ Step step_2_ai_16 Passed.
2026-01-19T02:11:38.9986737Z   ▶️ [STEP step_2_ai_17] FILL: Name:
2026-01-19T02:11:38.9987019Z     🎯 Using mined locator: input#name
2026-01-19T02:11:38.9987292Z     ✅ Step step_2_ai_17 Passed.
2026-01-19T02:11:38.9987875Z   ▶️ [STEP step_2_ai_18] FILL: Country:
2026-01-19T02:11:38.9988177Z     🎯 Using mined locator: #country
2026-01-19T02:11:38.9988456Z     ✅ Step step_2_ai_18 Passed.
2026-01-19T02:11:38.9988719Z   ▶️ [STEP step_2_ai_19] FILL: City:
2026-01-19T02:11:38.9989013Z     🎯 Using mined locator: input[id='city']
2026-01-19T02:11:38.9989306Z     ✅ Step step_2_ai_19 Passed.
2026-01-19T02:11:38.9997290Z   ▶️ [STEP step_2_ai_20] FILL: Credit card:
2026-01-19T02:11:38.9998118Z     🎯 Using mined locator: input[id='card']
2026-01-19T02:11:38.9998434Z     ✅ Step step_2_ai_20 Passed.
2026-01-19T02:11:38.9999037Z   ▶️ [STEP step_2_ai_21] FILL: Month:
2026-01-19T02:11:38.9999328Z     🎯 Using mined locator: #month
2026-01-19T02:11:38.9999601Z     ✅ Step step_2_ai_21 Passed.
2026-01-19T02:11:39.0000006Z   ▶️ [STEP step_2_ai_22] FILL: Year:
2026-01-19T02:11:39.0000290Z     🎯 Using mined locator: #year
2026-01-19T02:11:39.0000549Z     ✅ Step step_2_ai_22 Passed.
2026-01-19T02:11:39.0000816Z   ▶️ [STEP step_2_ai_23] CLICK: Purchase
2026-01-19T02:11:39.0001155Z     🎯 Using mined locator: role=button[name='Purchase']
2026-01-19T02:11:39.0001504Z     ✅ Step step_2_ai_23 Passed.
2026-01-19T02:11:39.0001770Z   ▶️ [STEP step_2_ai_24] CLICK: OK
2026-01-19T02:11:39.0002074Z     🎯 Using mined locator: role=button[name='OK']
2026-01-19T02:11:39.0002377Z     ✅ Step step_2_ai_24 Passed.
2026-01-19T02:11:39.0002666Z   ▶️ [STEP step_2_ai_25] CLICK: Samsung galaxy s6
2026-01-19T02:11:39.0003045Z     🎯 Using mined locator: role=link[name='Samsung galaxy s6']
2026-01-19T02:11:39.0003389Z     ✅ Step step_2_ai_25 Passed.
2026-01-19T02:11:39.0003672Z   ▶️ [STEP step_2_ai_26] CLICK: Add to cart
2026-01-19T02:11:39.0004012Z     🎯 Using mined locator: role=link[name='Add to cart']
2026-01-19T02:11:39.0004340Z     ✅ Step step_2_ai_26 Passed.
2026-01-19T02:11:39.0004628Z   ▶️ [STEP step_3] ASSERT_VISIBLE: Sony vaio i5
2026-01-19T02:11:39.0005049Z     ❌ Attempt 1 failed (element_not_found): Locator expected to be visible
2026-01-19T02:11:39.0005390Z Actual value: None
2026-01-19T02:11:39.0005585Z Error: element(s) not found 
2026-01-19T02:11:39.0005792Z Call log:
2026-01-19T02:11:39.0005953Z   - Expect ...
2026-01-19T02:11:39.0006241Z     🔧 [AUTO-HEAL] Re-mining page to find 'Sony vaio i5'...
2026-01-19T02:11:39.0006618Z [DEBUG] Sending request to gemini-2.0-flash. Number of parts: 2
2026-01-19T02:11:39.0006971Z [DEBUG] Received response (Length: 587)
2026-01-19T02:11:39.0007334Z     ✨ AI successfully healed the step! Found 2 alternatives.
2026-01-19T02:11:39.0008693Z     ✨ AI successfully healed the step! New selector: body > div > div:nth-child(2) > a
2026-01-19T02:11:39.0009625Z     ❌ Attempt 2 failed (element_not_found): Locator expected to be visible
2026-01-19T02:11:39.0009991Z Actual value: None
2026-01-19T02:11:39.0010198Z Error: element(s) not found 
2026-01-19T02:11:39.0010416Z Call log:
2026-01-19T02:11:39.0010576Z   - Expect ...
2026-01-19T02:11:39.0010866Z     🔧 [AUTO-HEAL] Re-mining page to find 'Sony vaio i5'...
2026-01-19T02:11:39.0011244Z [DEBUG] Sending request to gemini-2.0-flash. Number of parts: 2
2026-01-19T02:11:39.0011581Z [DEBUG] Received response (Length: 431)
2026-01-19T02:11:39.0011926Z     ✨ AI successfully healed the step! Found 2 alternatives.
2026-01-19T02:11:39.0012345Z     ✨ AI successfully healed the step! New selector: body > div > a
2026-01-19T02:11:39.0012808Z     ❌ Attempt 3 failed (element_not_found): Locator expected to be visible
2026-01-19T02:11:39.0013139Z Actual value: None
2026-01-19T02:11:39.0013325Z Error: element(s) not found 
2026-01-19T02:11:39.0013533Z Call log:
2026-01-19T02:11:39.0013690Z   - Expect ...
2026-01-19T02:11:39.0013923Z     💀 Step step_3 failed after all retries.
2026-01-19T02:11:39.0014310Z 🛑 Scenario 'Add to Cart from Category' aborted due to step failure.
2026-01-19T02:11:39.0014581Z 
2026-01-19T02:11:39.0014679Z ============================================================
2026-01-19T02:11:39.0014974Z 🎯 EXECUTION SUMMARY
2026-01-19T02:11:39.0015187Z ============================================================
2026-01-19T02:11:39.0015368Z 
2026-01-19T02:11:39.0015472Z 📋 Scenario Overview:
2026-01-19T02:11:39.0015705Z    • Total Scenarios Planned: 3
2026-01-19T02:11:39.0015958Z    • Scenarios Executed: 3
2026-01-19T02:11:39.0016200Z    • Total Steps Executed: 68
2026-01-19T02:11:39.0016339Z 
2026-01-19T02:11:39.0016427Z ✅ Results:
2026-01-19T02:11:39.0016609Z    ❌ Failed: 3 (100%)
2026-01-19T02:11:39.0016725Z 
2026-01-19T02:11:39.0016823Z ⚠️  Failed Scenarios:
2026-01-19T02:11:39.0017041Z    • Browse and Purchase Flow
2026-01-19T02:11:39.0017630Z    • Contact Us Flow
2026-01-19T02:11:39.0017965Z    • Add to Cart from Category
2026-01-19T02:11:39.0018113Z 
2026-01-19T02:11:39.0018202Z ============================================================
2026-01-19T02:11:39.0018391Z 
2026-01-19T02:11:39.0019017Z 🏁 Execution Finished. Report: /home/runner/work/build_qa_automation/build_qa_automation/projects/ci_demoblaze_store/execution.json
2026-01-19T02:11:39.1325190Z 
2026-01-19T02:11:39.1325772Z [PHASE] Running Phase: DISCOVERY
2026-01-19T02:11:39.1327951Z    Command: /opt/hostedtoolcache/Python/3.11.14/x64/bin/python /home/runner/work/build_qa_automation/build_qa_automation/core/agents/discovery.py --project /home/runner/work/build_qa_automation/build_qa_automation/projects/ci_demoblaze_store --url https://www.demoblaze.com/ --deep
2026-01-19T02:11:39.1330131Z ✅ Phase 'discovery' completed successfully.
2026-01-19T02:11:39.1330450Z 
2026-01-19T02:11:39.1330591Z [PHASE] Running Phase: PLANNING
2026-01-19T02:11:39.1332580Z    Command: /opt/hostedtoolcache/Python/3.11.14/x64/bin/python /home/runner/work/build_qa_automation/build_qa_automation/core/agents/planner.py --project /home/runner/work/build_qa_automation/build_qa_automation/projects/ci_demoblaze_store --goal Browse products and test purchase flow --url https://www.demoblaze.com/ --deep
2026-01-19T02:11:39.1334690Z ✅ Phase 'planning' completed successfully.
2026-01-19T02:11:39.1334987Z 
2026-01-19T02:11:39.1335127Z [PHASE] Running Phase: EXPLORATION
2026-01-19T02:11:39.1336636Z    Command: /opt/hostedtoolcache/Python/3.11.14/x64/bin/python /home/runner/work/build_qa_automation/build_qa_automation/core/agents/deep_explorer.py --project /home/runner/work/build_qa_automation/build_qa_automation/projects/ci_demoblaze_store
2026-01-19T02:11:39.1338441Z ✅ Phase 'exploration' completed successfully.
2026-01-19T02:11:39.1339012Z 📊 Exploration Discovery Success Rate: 80.5%
2026-01-19T02:11:39.1339300Z 
2026-01-19T02:11:39.1339435Z [PHASE] Running Phase: EXECUTION
2026-01-19T02:11:39.1340881Z    Command: /opt/hostedtoolcache/Python/3.11.14/x64/bin/python /home/runner/work/build_qa_automation/build_qa_automation/core/agents/executor.py --project /home/runner/work/build_qa_automation/build_qa_automation/projects/ci_demoblaze_store
2026-01-19T02:11:39.1342485Z ✅ Phase 'execution' completed successfully.
2026-01-19T02:11:39.1342777Z 
2026-01-19T02:11:39.1342936Z [DONE] Pipeline Execution Finished! [DONE]
2026-01-19T02:11:39.2474141Z ##[group]Run RESULT_FILE="projects/ci_demoblaze_store/execution.json"
2026-01-19T02:11:39.2474661Z [36;1mRESULT_FILE="projects/ci_demoblaze_store/execution.json"[0m
2026-01-19T02:11:39.2475023Z [36;1mif [ -f "$RESULT_FILE" ]; then[0m
2026-01-19T02:11:39.2475347Z [36;1m  echo "✅ Results generated successfully: $RESULT_FILE"[0m
2026-01-19T02:11:39.2475798Z [36;1m  cat "$RESULT_FILE" | jq '.scenarios | length' || echo "Result file exists"[0m
2026-01-19T02:11:39.2476179Z [36;1melse[0m
2026-01-19T02:11:39.2476425Z [36;1m  echo "❌ No result file found at $RESULT_FILE"[0m
2026-01-19T02:11:39.2476730Z [36;1m  exit 1[0m
2026-01-19T02:11:39.2476905Z [36;1mfi[0m
2026-01-19T02:11:39.2509710Z shell: /usr/bin/bash -e {0}
2026-01-19T02:11:39.2509954Z env:
2026-01-19T02:11:39.2510208Z   pythonLocation: /opt/hostedtoolcache/Python/3.11.14/x64
2026-01-19T02:11:39.2510635Z   PKG_CONFIG_PATH: /opt/hostedtoolcache/Python/3.11.14/x64/lib/pkgconfig
2026-01-19T02:11:39.2511090Z   Python_ROOT_DIR: /opt/hostedtoolcache/Python/3.11.14/x64
2026-01-19T02:11:39.2511469Z   Python2_ROOT_DIR: /opt/hostedtoolcache/Python/3.11.14/x64
2026-01-19T02:11:39.2511839Z   Python3_ROOT_DIR: /opt/hostedtoolcache/Python/3.11.14/x64
2026-01-19T02:11:39.2512208Z   LD_LIBRARY_PATH: /opt/hostedtoolcache/Python/3.11.14/x64/lib
2026-01-19T02:11:39.2512508Z ##[endgroup]
2026-01-19T02:11:39.2567339Z ✅ Results generated successfully: projects/ci_demoblaze_store/execution.json
2026-01-19T02:11:39.2595864Z 3
2026-01-19T02:11:39.2662937Z ##[group]Run actions/upload-artifact@v4
2026-01-19T02:11:39.2663227Z with:
2026-01-19T02:11:39.2663610Z   name: demoblaze_store-execution-results
2026-01-19T02:11:39.2664061Z   path: projects/ci_demoblaze_store/execution.json
projects/ci_demoblaze_store/workflow.json

2026-01-19T02:11:39.2664510Z   retention-days: 30
2026-01-19T02:11:39.2664722Z   if-no-files-found: warn
2026-01-19T02:11:39.2664940Z   compression-level: 6
2026-01-19T02:11:39.2665131Z   overwrite: false
2026-01-19T02:11:39.2665328Z   include-hidden-files: false
2026-01-19T02:11:39.2665545Z env:
2026-01-19T02:11:39.2665789Z   pythonLocation: /opt/hostedtoolcache/Python/3.11.14/x64
2026-01-19T02:11:39.2666204Z   PKG_CONFIG_PATH: /opt/hostedtoolcache/Python/3.11.14/x64/lib/pkgconfig
2026-01-19T02:11:39.2666607Z   Python_ROOT_DIR: /opt/hostedtoolcache/Python/3.11.14/x64
2026-01-19T02:11:39.2666967Z   Python2_ROOT_DIR: /opt/hostedtoolcache/Python/3.11.14/x64
2026-01-19T02:11:39.2667361Z   Python3_ROOT_DIR: /opt/hostedtoolcache/Python/3.11.14/x64
2026-01-19T02:11:39.2667962Z   LD_LIBRARY_PATH: /opt/hostedtoolcache/Python/3.11.14/x64/lib
2026-01-19T02:11:39.2668294Z ##[endgroup]
2026-01-19T02:11:39.4876293Z Multiple search paths detected. Calculating the least common ancestor of all paths
2026-01-19T02:11:39.4882102Z The least common ancestor is /home/runner/work/build_qa_automation/build_qa_automation/projects/ci_demoblaze_store. This will be the root directory of the artifact
2026-01-19T02:11:39.4884686Z With the provided path, there will be 2 files uploaded
2026-01-19T02:11:39.4887778Z Artifact name is valid!
2026-01-19T02:11:39.4890317Z Root directory input is valid!
2026-01-19T02:11:39.6302016Z Beginning upload of artifact content to blob storage
2026-01-19T02:11:39.7974799Z Uploaded bytes 4155
2026-01-19T02:11:39.8397995Z Finished uploading artifact content to blob storage!
2026-01-19T02:11:39.8401619Z SHA256 digest of uploaded artifact zip is 4f1df31066fb3ea6e89572a549e84fd1a5f382e0feae6a07a6b0925c00047bbc
2026-01-19T02:11:39.8404473Z Finalizing artifact upload
2026-01-19T02:11:39.9346318Z Artifact demoblaze_store-execution-results.zip successfully finalized. Artifact ID 5171707030
2026-01-19T02:11:39.9348050Z Artifact demoblaze_store-execution-results has been successfully uploaded! Final size is 4155 bytes. Artifact ID is 5171707030
2026-01-19T02:11:39.9354605Z Artifact download URL: https://github.com/vishvasmca-cmd/build_qa_automation/actions/runs/21122730879/artifacts/5171707030
2026-01-19T02:11:39.9483943Z Post job cleanup.
2026-01-19T02:11:40.1012542Z Cache hit occurred on the primary key setup-python-Linux-x64-24.04-Ubuntu-python-3.11.14-pip-dde08d0e0b672972dcda9f1a063036a2e0c226f5d0a20362e9401931676d80a4, not saving cache.
2026-01-19T02:11:40.1116974Z Post job cleanup.
2026-01-19T02:11:40.2082021Z [command]/usr/bin/git version
2026-01-19T02:11:40.2120325Z git version 2.52.0
2026-01-19T02:11:40.2164996Z Temporarily overriding HOME='/home/runner/work/_temp/1aedad11-593d-4f75-8989-66b1ef0c252f' before making global git config changes
2026-01-19T02:11:40.2166436Z Adding repository directory to the temporary git global config as a safe directory
2026-01-19T02:11:40.2179584Z [command]/usr/bin/git config --global --add safe.directory /home/runner/work/build_qa_automation/build_qa_automation
2026-01-19T02:11:40.2217313Z [command]/usr/bin/git config --local --name-only --get-regexp core\.sshCommand
2026-01-19T02:11:40.2251707Z [command]/usr/bin/git submodule foreach --recursive sh -c "git config --local --name-only --get-regexp 'core\.sshCommand' && git config --local --unset-all 'core.sshCommand' || :"
2026-01-19T02:11:40.2504106Z [command]/usr/bin/git config --local --name-only --get-regexp http\.https\:\/\/github\.com\/\.extraheader
2026-01-19T02:11:40.2530173Z http.https://github.com/.extraheader
2026-01-19T02:11:40.2544176Z [command]/usr/bin/git config --local --unset-all http.https://github.com/.extraheader
2026-01-19T02:11:40.2579762Z [command]/usr/bin/git submodule foreach --recursive sh -c "git config --local --name-only --get-regexp 'http\.https\:\/\/github\.com\/\.extraheader' && git config --local --unset-all 'http.https://github.com/.extraheader' || :"
2026-01-19T02:11:40.2832833Z [command]/usr/bin/git config --local --name-only --get-regexp ^includeIf\.gitdir:
2026-01-19T02:11:40.2868594Z [command]/usr/bin/git submodule foreach --recursive git config --local --show-origin --name-only --get-regexp remote.origin.url
2026-01-19T02:11:40.3240071Z Cleaning up orphan processes
