2026-01-20T00:01:15.7285178Z Current runner version: '2.331.0'
2026-01-20T00:01:15.7323565Z ##[group]Runner Image Provisioner
2026-01-20T00:01:15.7325021Z Hosted Compute Agent
2026-01-20T00:01:15.7325866Z Version: 20251211.462
2026-01-20T00:01:15.7326971Z Commit: 6cbad8c2bb55d58165063d031ccabf57e2d2db61
2026-01-20T00:01:15.7328118Z Build Date: 2025-12-11T16:28:49Z
2026-01-20T00:01:15.7329255Z Worker ID: {c31e8323-d23d-43ce-958d-edeef9cc1393}
2026-01-20T00:01:15.7331250Z ##[endgroup]
2026-01-20T00:01:15.7332056Z ##[group]Operating System
2026-01-20T00:01:15.7333177Z Ubuntu
2026-01-20T00:01:15.7334099Z 24.04.3
2026-01-20T00:01:15.7334778Z LTS
2026-01-20T00:01:15.7335575Z ##[endgroup]
2026-01-20T00:01:15.7336329Z ##[group]Runner Image
2026-01-20T00:01:15.7337225Z Image: ubuntu-24.04
2026-01-20T00:01:15.7338157Z Version: 20260111.209.1
2026-01-20T00:01:15.7339845Z Included Software: https://github.com/actions/runner-images/blob/ubuntu24/20260111.209/images/ubuntu/Ubuntu2404-Readme.md
2026-01-20T00:01:15.7343111Z Image Release: https://github.com/actions/runner-images/releases/tag/ubuntu24%2F20260111.209
2026-01-20T00:01:15.7345058Z ##[endgroup]
2026-01-20T00:01:15.7347102Z ##[group]GITHUB_TOKEN Permissions
2026-01-20T00:01:15.7350494Z Contents: read
2026-01-20T00:01:15.7351353Z Metadata: read
2026-01-20T00:01:15.7352258Z Packages: read
2026-01-20T00:01:15.7353300Z ##[endgroup]
2026-01-20T00:01:15.7356541Z Secret source: Actions
2026-01-20T00:01:15.7358145Z Prepare workflow directory
2026-01-20T00:01:15.7866947Z Prepare all required actions
2026-01-20T00:01:15.7927972Z Getting action download info
2026-01-20T00:01:16.0352462Z Download action repository 'actions/checkout@v4' (SHA:34e114876b0b11c390a56381ad16ebd13914f8d5)
2026-01-20T00:01:16.1295719Z Download action repository 'actions/setup-python@v5' (SHA:a26af69be951a213d495a4c3e4e4022e16d87065)
2026-01-20T00:01:16.2205872Z Download action repository 'actions/upload-artifact@v4' (SHA:ea165f8d65b6e75b540449e92b4886f43607fa02)
2026-01-20T00:01:16.4509454Z Complete job name: test-websites-deep (phptravels_demo, https://phptravels.com/demo/, Explore travel booking)
2026-01-20T00:01:16.5257105Z ##[group]Run actions/checkout@v4
2026-01-20T00:01:16.5257954Z with:
2026-01-20T00:01:16.5258407Z   repository: vishvasmca-cmd/build_qa_automation
2026-01-20T00:01:16.5259233Z   token: ***
2026-01-20T00:01:16.5259613Z   ssh-strict: true
2026-01-20T00:01:16.5259993Z   ssh-user: git
2026-01-20T00:01:16.5260384Z   persist-credentials: true
2026-01-20T00:01:16.5260814Z   clean: true
2026-01-20T00:01:16.5261194Z   sparse-checkout-cone-mode: true
2026-01-20T00:01:16.5261684Z   fetch-depth: 1
2026-01-20T00:01:16.5262056Z   fetch-tags: false
2026-01-20T00:01:16.5262450Z   show-progress: true
2026-01-20T00:01:16.5263262Z   lfs: false
2026-01-20T00:01:16.5263630Z   submodules: false
2026-01-20T00:01:16.5264034Z   set-safe-directory: true
2026-01-20T00:01:16.5264768Z ##[endgroup]
2026-01-20T00:01:16.6422981Z Syncing repository: vishvasmca-cmd/build_qa_automation
2026-01-20T00:01:16.6425073Z ##[group]Getting Git version info
2026-01-20T00:01:16.6425978Z Working directory is '/home/runner/work/build_qa_automation/build_qa_automation'
2026-01-20T00:01:16.6427042Z [command]/usr/bin/git version
2026-01-20T00:01:16.6504564Z git version 2.52.0
2026-01-20T00:01:16.6532958Z ##[endgroup]
2026-01-20T00:01:16.6556968Z Temporarily overriding HOME='/home/runner/work/_temp/7d9ffbd4-c078-46f2-8270-f3ef58ab6bd4' before making global git config changes
2026-01-20T00:01:16.6558779Z Adding repository directory to the temporary git global config as a safe directory
2026-01-20T00:01:16.6562940Z [command]/usr/bin/git config --global --add safe.directory /home/runner/work/build_qa_automation/build_qa_automation
2026-01-20T00:01:16.6604966Z Deleting the contents of '/home/runner/work/build_qa_automation/build_qa_automation'
2026-01-20T00:01:16.6608416Z ##[group]Initializing the repository
2026-01-20T00:01:16.6613175Z [command]/usr/bin/git init /home/runner/work/build_qa_automation/build_qa_automation
2026-01-20T00:01:16.6709545Z hint: Using 'master' as the name for the initial branch. This default branch name
2026-01-20T00:01:16.6711305Z hint: will change to "main" in Git 3.0. To configure the initial branch name
2026-01-20T00:01:16.6713147Z hint: to use in all of your new repositories, which will suppress this warning,
2026-01-20T00:01:16.6714186Z hint: call:
2026-01-20T00:01:16.6714974Z hint:
2026-01-20T00:01:16.6715656Z hint: 	git config --global init.defaultBranch <name>
2026-01-20T00:01:16.6716939Z hint:
2026-01-20T00:01:16.6718230Z hint: Names commonly chosen instead of 'master' are 'main', 'trunk' and
2026-01-20T00:01:16.6719260Z hint: 'development'. The just-created branch can be renamed via this command:
2026-01-20T00:01:16.6720040Z hint:
2026-01-20T00:01:16.6720441Z hint: 	git branch -m <name>
2026-01-20T00:01:16.6720921Z hint:
2026-01-20T00:01:16.6721560Z hint: Disable this message with "git config set advice.defaultBranchName false"
2026-01-20T00:01:16.6723184Z Initialized empty Git repository in /home/runner/work/build_qa_automation/build_qa_automation/.git/
2026-01-20T00:01:16.6729933Z [command]/usr/bin/git remote add origin https://github.com/vishvasmca-cmd/build_qa_automation
2026-01-20T00:01:16.6766719Z ##[endgroup]
2026-01-20T00:01:16.6767895Z ##[group]Disabling automatic garbage collection
2026-01-20T00:01:16.6771704Z [command]/usr/bin/git config --local gc.auto 0
2026-01-20T00:01:16.6802444Z ##[endgroup]
2026-01-20T00:01:16.6803822Z ##[group]Setting up auth
2026-01-20T00:01:16.6809962Z [command]/usr/bin/git config --local --name-only --get-regexp core\.sshCommand
2026-01-20T00:01:16.6846074Z [command]/usr/bin/git submodule foreach --recursive sh -c "git config --local --name-only --get-regexp 'core\.sshCommand' && git config --local --unset-all 'core.sshCommand' || :"
2026-01-20T00:01:16.7240948Z [command]/usr/bin/git config --local --name-only --get-regexp http\.https\:\/\/github\.com\/\.extraheader
2026-01-20T00:01:16.7280582Z [command]/usr/bin/git submodule foreach --recursive sh -c "git config --local --name-only --get-regexp 'http\.https\:\/\/github\.com\/\.extraheader' && git config --local --unset-all 'http.https://github.com/.extraheader' || :"
2026-01-20T00:01:16.7550831Z [command]/usr/bin/git config --local --name-only --get-regexp ^includeIf\.gitdir:
2026-01-20T00:01:16.7599553Z [command]/usr/bin/git submodule foreach --recursive git config --local --show-origin --name-only --get-regexp remote.origin.url
2026-01-20T00:01:16.7868534Z [command]/usr/bin/git config --local http.https://github.com/.extraheader AUTHORIZATION: basic ***
2026-01-20T00:01:16.7907665Z ##[endgroup]
2026-01-20T00:01:16.7908534Z ##[group]Fetching the repository
2026-01-20T00:01:16.7918248Z [command]/usr/bin/git -c protocol.version=2 fetch --no-tags --prune --no-recurse-submodules --depth=1 origin +d25504decfc404871c7c3bd5ac186d61498b2813:refs/remotes/origin/main
2026-01-20T00:01:17.8536287Z From https://github.com/vishvasmca-cmd/build_qa_automation
2026-01-20T00:01:17.8538375Z  * [new ref]         d25504decfc404871c7c3bd5ac186d61498b2813 -> origin/main
2026-01-20T00:01:17.8572521Z ##[endgroup]
2026-01-20T00:01:17.8574115Z ##[group]Determining the checkout info
2026-01-20T00:01:17.8575645Z ##[endgroup]
2026-01-20T00:01:17.8580281Z [command]/usr/bin/git sparse-checkout disable
2026-01-20T00:01:17.8625553Z [command]/usr/bin/git config --local --unset-all extensions.worktreeConfig
2026-01-20T00:01:17.8657943Z ##[group]Checking out the ref
2026-01-20T00:01:17.8661138Z [command]/usr/bin/git checkout --progress --force -B main refs/remotes/origin/main
2026-01-20T00:01:18.0258647Z Switched to a new branch 'main'
2026-01-20T00:01:18.0260290Z branch 'main' set up to track 'origin/main'.
2026-01-20T00:01:18.0279552Z ##[endgroup]
2026-01-20T00:01:18.0318015Z [command]/usr/bin/git log -1 --format=%H
2026-01-20T00:01:18.0341871Z d25504decfc404871c7c3bd5ac186d61498b2813
2026-01-20T00:01:18.0665986Z ##[group]Run actions/setup-python@v5
2026-01-20T00:01:18.0667644Z with:
2026-01-20T00:01:18.0668827Z   python-version: 3.11
2026-01-20T00:01:18.0669772Z   cache: pip
2026-01-20T00:01:18.0670884Z   check-latest: false
2026-01-20T00:01:18.0672174Z   token: ***
2026-01-20T00:01:18.0673292Z   update-environment: true
2026-01-20T00:01:18.0674310Z   allow-prereleases: false
2026-01-20T00:01:18.0675303Z   freethreaded: false
2026-01-20T00:01:18.0676204Z ##[endgroup]
2026-01-20T00:01:18.2435219Z ##[group]Installed versions
2026-01-20T00:01:18.2546166Z Successfully set up CPython (3.11.14)
2026-01-20T00:01:18.2548154Z ##[endgroup]
2026-01-20T00:01:18.3772224Z [command]/opt/hostedtoolcache/Python/3.11.14/x64/bin/pip cache dir
2026-01-20T00:01:20.0150067Z /home/runner/.cache/pip
2026-01-20T00:01:20.1140203Z Cache hit for: setup-python-Linux-x64-24.04-Ubuntu-python-3.11.14-pip-dde08d0e0b672972dcda9f1a063036a2e0c226f5d0a20362e9401931676d80a4
2026-01-20T00:01:21.1579406Z Received 230686720 of 254742636 (90.6%), 219.1 MBs/sec
2026-01-20T00:01:21.2721557Z Received 254742636 of 254742636 (100.0%), 217.3 MBs/sec
2026-01-20T00:01:21.2724520Z Cache Size: ~243 MB (254742636 B)
2026-01-20T00:01:21.2764750Z [command]/usr/bin/tar -xf /home/runner/work/_temp/47d5650b-c95b-4380-8850-9638b9a1639b/cache.tzst -P -C /home/runner/work/build_qa_automation/build_qa_automation --use-compress-program unzstd
2026-01-20T00:01:21.7099483Z Cache restored successfully
2026-01-20T00:01:21.7598710Z Cache restored from key: setup-python-Linux-x64-24.04-Ubuntu-python-3.11.14-pip-dde08d0e0b672972dcda9f1a063036a2e0c226f5d0a20362e9401931676d80a4
2026-01-20T00:01:21.7910742Z ##[group]Run pip install -r requirements.txt
2026-01-20T00:01:21.7911291Z [36;1mpip install -r requirements.txt[0m
2026-01-20T00:01:21.7911631Z [36;1mplaywright install chromium[0m
2026-01-20T00:01:21.7953913Z shell: /usr/bin/bash -e {0}
2026-01-20T00:01:21.7954258Z env:
2026-01-20T00:01:21.7954580Z   pythonLocation: /opt/hostedtoolcache/Python/3.11.14/x64
2026-01-20T00:01:21.7955155Z   PKG_CONFIG_PATH: /opt/hostedtoolcache/Python/3.11.14/x64/lib/pkgconfig
2026-01-20T00:01:21.7955716Z   Python_ROOT_DIR: /opt/hostedtoolcache/Python/3.11.14/x64
2026-01-20T00:01:21.7956206Z   Python2_ROOT_DIR: /opt/hostedtoolcache/Python/3.11.14/x64
2026-01-20T00:01:21.7956659Z   Python3_ROOT_DIR: /opt/hostedtoolcache/Python/3.11.14/x64
2026-01-20T00:01:21.7957117Z   LD_LIBRARY_PATH: /opt/hostedtoolcache/Python/3.11.14/x64/lib
2026-01-20T00:01:21.7957512Z ##[endgroup]
2026-01-20T00:01:23.2658940Z Collecting playwright (from -r requirements.txt (line 1))
2026-01-20T00:01:23.2677983Z   Using cached playwright-1.57.0-py3-none-manylinux1_x86_64.whl.metadata (3.5 kB)
2026-01-20T00:01:23.2843521Z Collecting python-dotenv (from -r requirements.txt (line 2))
2026-01-20T00:01:23.2867787Z   Using cached python_dotenv-1.2.1-py3-none-any.whl.metadata (25 kB)
2026-01-20T00:01:23.3160716Z Collecting requests (from -r requirements.txt (line 3))
2026-01-20T00:01:23.3178762Z   Using cached requests-2.32.5-py3-none-any.whl.metadata (4.9 kB)
2026-01-20T00:01:23.5219108Z Collecting pillow (from -r requirements.txt (line 4))
2026-01-20T00:01:23.5237053Z   Using cached pillow-12.1.0-cp311-cp311-manylinux_2_27_x86_64.manylinux_2_28_x86_64.whl.metadata (8.8 kB)
2026-01-20T00:01:23.5492017Z Collecting google-genai>=0.3.0 (from -r requirements.txt (line 5))
2026-01-20T00:01:23.5509147Z   Using cached google_genai-1.59.0-py3-none-any.whl.metadata (53 kB)
2026-01-20T00:01:23.5659793Z Collecting termcolor (from -r requirements.txt (line 6))
2026-01-20T00:01:23.5674760Z   Using cached termcolor-3.3.0-py3-none-any.whl.metadata (6.5 kB)
2026-01-20T00:01:23.6050253Z Collecting PyYAML (from -r requirements.txt (line 7))
2026-01-20T00:01:23.6066103Z   Using cached pyyaml-6.0.3-cp311-cp311-manylinux2014_x86_64.manylinux_2_17_x86_64.manylinux_2_28_x86_64.whl.metadata (2.4 kB)
2026-01-20T00:01:23.6615426Z Collecting opencv-python-headless (from -r requirements.txt (line 8))
2026-01-20T00:01:23.6635015Z   Using cached opencv_python_headless-4.13.0.90-cp37-abi3-manylinux_2_28_x86_64.whl.metadata (19 kB)
2026-01-20T00:01:23.8746349Z Collecting numpy (from -r requirements.txt (line 9))
2026-01-20T00:01:23.8764053Z   Using cached numpy-2.4.1-cp311-cp311-manylinux_2_27_x86_64.manylinux_2_28_x86_64.whl.metadata (6.6 kB)
2026-01-20T00:01:23.9583067Z Collecting faker (from -r requirements.txt (line 10))
2026-01-20T00:01:23.9599552Z   Using cached faker-40.1.2-py3-none-any.whl.metadata (16 kB)
2026-01-20T00:01:23.9759773Z Collecting pyee<14,>=13 (from playwright->-r requirements.txt (line 1))
2026-01-20T00:01:23.9782763Z   Using cached pyee-13.0.0-py3-none-any.whl.metadata (2.9 kB)
2026-01-20T00:01:24.1074806Z Collecting greenlet<4.0.0,>=3.1.1 (from playwright->-r requirements.txt (line 1))
2026-01-20T00:01:24.1093873Z   Using cached greenlet-3.3.0-cp311-cp311-manylinux_2_24_x86_64.manylinux_2_28_x86_64.whl.metadata (4.1 kB)
2026-01-20T00:01:24.1438683Z Collecting typing-extensions (from pyee<14,>=13->playwright->-r requirements.txt (line 1))
2026-01-20T00:01:24.1455676Z   Using cached typing_extensions-4.15.0-py3-none-any.whl.metadata (3.3 kB)
2026-01-20T00:01:24.7826554Z Collecting charset_normalizer<4,>=2 (from requests->-r requirements.txt (line 3))
2026-01-20T00:01:24.7844733Z   Using cached charset_normalizer-3.4.4-cp311-cp311-manylinux2014_x86_64.manylinux_2_17_x86_64.manylinux_2_28_x86_64.whl.metadata (37 kB)
2026-01-20T00:01:24.8016510Z Collecting idna<4,>=2.5 (from requests->-r requirements.txt (line 3))
2026-01-20T00:01:24.8032760Z   Using cached idna-3.11-py3-none-any.whl.metadata (8.4 kB)
2026-01-20T00:01:24.8334786Z Collecting urllib3<3,>=1.21.1 (from requests->-r requirements.txt (line 3))
2026-01-20T00:01:24.8350372Z   Using cached urllib3-2.6.3-py3-none-any.whl.metadata (6.9 kB)
2026-01-20T00:01:24.8553484Z Collecting certifi>=2017.4.17 (from requests->-r requirements.txt (line 3))
2026-01-20T00:01:24.8568479Z   Using cached certifi-2026.1.4-py3-none-any.whl.metadata (2.5 kB)
2026-01-20T00:01:24.8787499Z Collecting anyio<5.0.0,>=4.8.0 (from google-genai>=0.3.0->-r requirements.txt (line 5))
2026-01-20T00:01:24.8802252Z   Using cached anyio-4.12.1-py3-none-any.whl.metadata (4.3 kB)
2026-01-20T00:01:24.9206297Z Collecting google-auth<3.0.0,>=2.47.0 (from google-auth[requests]<3.0.0,>=2.47.0->google-genai>=0.3.0->-r requirements.txt (line 5))
2026-01-20T00:01:24.9221274Z   Using cached google_auth-2.47.0-py3-none-any.whl.metadata (6.4 kB)
2026-01-20T00:01:24.9451948Z Collecting httpx<1.0.0,>=0.28.1 (from google-genai>=0.3.0->-r requirements.txt (line 5))
2026-01-20T00:01:24.9466659Z   Using cached httpx-0.28.1-py3-none-any.whl.metadata (7.1 kB)
2026-01-20T00:01:25.1028047Z Collecting pydantic<3.0.0,>=2.9.0 (from google-genai>=0.3.0->-r requirements.txt (line 5))
2026-01-20T00:01:25.1044401Z   Using cached pydantic-2.12.5-py3-none-any.whl.metadata (90 kB)
2026-01-20T00:01:25.1326176Z Collecting tenacity<9.2.0,>=8.2.3 (from google-genai>=0.3.0->-r requirements.txt (line 5))
2026-01-20T00:01:25.1340374Z   Using cached tenacity-9.1.2-py3-none-any.whl.metadata (1.2 kB)
2026-01-20T00:01:25.2212410Z Collecting websockets<15.1.0,>=13.0.0 (from google-genai>=0.3.0->-r requirements.txt (line 5))
2026-01-20T00:01:25.2229456Z   Using cached websockets-15.0.1-cp311-cp311-manylinux_2_5_x86_64.manylinux1_x86_64.manylinux_2_17_x86_64.manylinux2014_x86_64.whl.metadata (6.8 kB)
2026-01-20T00:01:25.2362112Z Collecting distro<2,>=1.7.0 (from google-genai>=0.3.0->-r requirements.txt (line 5))
2026-01-20T00:01:25.2378035Z   Using cached distro-1.9.0-py3-none-any.whl.metadata (6.8 kB)
2026-01-20T00:01:25.2462889Z Collecting sniffio (from google-genai>=0.3.0->-r requirements.txt (line 5))
2026-01-20T00:01:25.2476824Z   Using cached sniffio-1.3.1-py3-none-any.whl.metadata (3.9 kB)
2026-01-20T00:01:25.2743020Z Collecting pyasn1-modules>=0.2.1 (from google-auth<3.0.0,>=2.47.0->google-auth[requests]<3.0.0,>=2.47.0->google-genai>=0.3.0->-r requirements.txt (line 5))
2026-01-20T00:01:25.2757782Z   Using cached pyasn1_modules-0.4.2-py3-none-any.whl.metadata (3.5 kB)
2026-01-20T00:01:25.2907365Z Collecting rsa<5,>=3.1.4 (from google-auth<3.0.0,>=2.47.0->google-auth[requests]<3.0.0,>=2.47.0->google-genai>=0.3.0->-r requirements.txt (line 5))
2026-01-20T00:01:25.2921561Z   Using cached rsa-4.9.1-py3-none-any.whl.metadata (5.6 kB)
2026-01-20T00:01:25.3223807Z Collecting httpcore==1.* (from httpx<1.0.0,>=0.28.1->google-genai>=0.3.0->-r requirements.txt (line 5))
2026-01-20T00:01:25.3240167Z   Using cached httpcore-1.0.9-py3-none-any.whl.metadata (21 kB)
2026-01-20T00:01:25.3394897Z Collecting h11>=0.16 (from httpcore==1.*->httpx<1.0.0,>=0.28.1->google-genai>=0.3.0->-r requirements.txt (line 5))
2026-01-20T00:01:25.3408371Z   Using cached h11-0.16.0-py3-none-any.whl.metadata (8.3 kB)
2026-01-20T00:01:25.3516084Z Collecting annotated-types>=0.6.0 (from pydantic<3.0.0,>=2.9.0->google-genai>=0.3.0->-r requirements.txt (line 5))
2026-01-20T00:01:25.3529515Z   Using cached annotated_types-0.7.0-py3-none-any.whl.metadata (15 kB)
2026-01-20T00:01:26.0334135Z Collecting pydantic-core==2.41.5 (from pydantic<3.0.0,>=2.9.0->google-genai>=0.3.0->-r requirements.txt (line 5))
2026-01-20T00:01:26.0350310Z   Using cached pydantic_core-2.41.5-cp311-cp311-manylinux_2_17_x86_64.manylinux2014_x86_64.whl.metadata (7.3 kB)
2026-01-20T00:01:26.0483041Z Collecting typing-inspection>=0.4.2 (from pydantic<3.0.0,>=2.9.0->google-genai>=0.3.0->-r requirements.txt (line 5))
2026-01-20T00:01:26.0497097Z   Using cached typing_inspection-0.4.2-py3-none-any.whl.metadata (2.6 kB)
2026-01-20T00:01:26.1359512Z Collecting pyasn1>=0.1.3 (from rsa<5,>=3.1.4->google-auth<3.0.0,>=2.47.0->google-auth[requests]<3.0.0,>=2.47.0->google-genai>=0.3.0->-r requirements.txt (line 5))
2026-01-20T00:01:26.1376961Z   Using cached pyasn1-0.6.2-py3-none-any.whl.metadata (8.4 kB)
2026-01-20T00:01:26.1662863Z Using cached playwright-1.57.0-py3-none-manylinux1_x86_64.whl (46.0 MB)
2026-01-20T00:01:26.2008449Z Using cached greenlet-3.3.0-cp311-cp311-manylinux_2_24_x86_64.manylinux_2_28_x86_64.whl (590 kB)
2026-01-20T00:01:26.2025620Z Using cached pyee-13.0.0-py3-none-any.whl (15 kB)
2026-01-20T00:01:26.2040981Z Using cached python_dotenv-1.2.1-py3-none-any.whl (21 kB)
2026-01-20T00:01:26.2055529Z Using cached requests-2.32.5-py3-none-any.whl (64 kB)
2026-01-20T00:01:26.2069991Z Using cached charset_normalizer-3.4.4-cp311-cp311-manylinux2014_x86_64.manylinux_2_17_x86_64.manylinux_2_28_x86_64.whl (151 kB)
2026-01-20T00:01:26.2084037Z Using cached idna-3.11-py3-none-any.whl (71 kB)
2026-01-20T00:01:26.2097853Z Using cached urllib3-2.6.3-py3-none-any.whl (131 kB)
2026-01-20T00:01:26.2112202Z Using cached pillow-12.1.0-cp311-cp311-manylinux_2_27_x86_64.manylinux_2_28_x86_64.whl (7.0 MB)
2026-01-20T00:01:26.2182160Z Using cached google_genai-1.59.0-py3-none-any.whl (719 kB)
2026-01-20T00:01:26.2201959Z Using cached anyio-4.12.1-py3-none-any.whl (113 kB)
2026-01-20T00:01:26.2217004Z Using cached distro-1.9.0-py3-none-any.whl (20 kB)
2026-01-20T00:01:26.2230666Z Using cached google_auth-2.47.0-py3-none-any.whl (234 kB)
2026-01-20T00:01:26.2245433Z Using cached httpx-0.28.1-py3-none-any.whl (73 kB)
2026-01-20T00:01:26.2258785Z Using cached httpcore-1.0.9-py3-none-any.whl (78 kB)
2026-01-20T00:01:26.2272538Z Using cached pydantic-2.12.5-py3-none-any.whl (463 kB)
2026-01-20T00:01:26.2290647Z Using cached pydantic_core-2.41.5-cp311-cp311-manylinux_2_17_x86_64.manylinux2014_x86_64.whl (2.1 MB)
2026-01-20T00:01:26.2320629Z Using cached rsa-4.9.1-py3-none-any.whl (34 kB)
2026-01-20T00:01:26.2334483Z Using cached tenacity-9.1.2-py3-none-any.whl (28 kB)
2026-01-20T00:01:26.2348167Z Using cached typing_extensions-4.15.0-py3-none-any.whl (44 kB)
2026-01-20T00:01:26.2362009Z Using cached websockets-15.0.1-cp311-cp311-manylinux_2_5_x86_64.manylinux1_x86_64.manylinux_2_17_x86_64.manylinux2014_x86_64.whl (182 kB)
2026-01-20T00:01:26.2376524Z Using cached termcolor-3.3.0-py3-none-any.whl (7.7 kB)
2026-01-20T00:01:26.2390293Z Using cached pyyaml-6.0.3-cp311-cp311-manylinux2014_x86_64.manylinux_2_17_x86_64.manylinux_2_28_x86_64.whl (806 kB)
2026-01-20T00:01:26.2409315Z Using cached opencv_python_headless-4.13.0.90-cp37-abi3-manylinux_2_28_x86_64.whl (62.5 MB)
2026-01-20T00:01:26.2870961Z Using cached numpy-2.4.1-cp311-cp311-manylinux_2_27_x86_64.manylinux_2_28_x86_64.whl (16.7 MB)
2026-01-20T00:01:26.3009143Z Using cached faker-40.1.2-py3-none-any.whl (2.0 MB)
2026-01-20T00:01:26.3038277Z Using cached annotated_types-0.7.0-py3-none-any.whl (13 kB)
2026-01-20T00:01:26.3053804Z Using cached certifi-2026.1.4-py3-none-any.whl (152 kB)
2026-01-20T00:01:26.3069117Z Using cached h11-0.16.0-py3-none-any.whl (37 kB)
2026-01-20T00:01:26.3083534Z Using cached pyasn1-0.6.2-py3-none-any.whl (83 kB)
2026-01-20T00:01:26.3098179Z Using cached pyasn1_modules-0.4.2-py3-none-any.whl (181 kB)
2026-01-20T00:01:26.3113094Z Using cached typing_inspection-0.4.2-py3-none-any.whl (14 kB)
2026-01-20T00:01:26.3126512Z Using cached sniffio-1.3.1-py3-none-any.whl (10 kB)
2026-01-20T00:01:26.5335535Z Installing collected packages: websockets, urllib3, typing-extensions, termcolor, tenacity, sniffio, PyYAML, python-dotenv, pyasn1, pillow, numpy, idna, h11, greenlet, faker, distro, charset_normalizer, certifi, annotated-types, typing-inspection, rsa, requests, pyee, pydantic-core, pyasn1-modules, opencv-python-headless, httpcore, anyio, pydantic, playwright, httpx, google-auth, google-genai
2026-01-20T00:01:33.7526483Z 
2026-01-20T00:01:33.7551396Z Successfully installed PyYAML-6.0.3 annotated-types-0.7.0 anyio-4.12.1 certifi-2026.1.4 charset_normalizer-3.4.4 distro-1.9.0 faker-40.1.2 google-auth-2.47.0 google-genai-1.59.0 greenlet-3.3.0 h11-0.16.0 httpcore-1.0.9 httpx-0.28.1 idna-3.11 numpy-2.4.1 opencv-python-headless-4.13.0.90 pillow-12.1.0 playwright-1.57.0 pyasn1-0.6.2 pyasn1-modules-0.4.2 pydantic-2.12.5 pydantic-core-2.41.5 pyee-13.0.0 python-dotenv-1.2.1 requests-2.32.5 rsa-4.9.1 sniffio-1.3.1 tenacity-9.1.2 termcolor-3.3.0 typing-extensions-4.15.0 typing-inspection-0.4.2 urllib3-2.6.3 websockets-15.0.1
2026-01-20T00:01:34.5939038Z Downloading Chromium 143.0.7499.4 (playwright build v1200) from https://cdn.playwright.dev/dbazure/download/playwright/builds/chromium/1200/chromium-linux.zip
2026-01-20T00:01:34.6978658Z (node:2182) [DEP0169] DeprecationWarning: `url.parse()` behavior is not standardized and prone to errors that have security implications. Use the WHATWG URL API instead. CVEs are not issued for `url.parse()` vulnerabilities.
2026-01-20T00:01:34.6981045Z (Use `node --trace-deprecation ...` to show where the warning was created)
2026-01-20T00:01:34.7981505Z |                                                                                |   0% of 164.7 MiB
2026-01-20T00:01:34.9421965Z |■■■■■■■■                                                                        |  10% of 164.7 MiB
2026-01-20T00:01:35.0345971Z |■■■■■■■■■■■■■■■■                                                                |  20% of 164.7 MiB
2026-01-20T00:01:35.1201162Z |■■■■■■■■■■■■■■■■■■■■■■■■                                                        |  30% of 164.7 MiB
2026-01-20T00:01:35.2032418Z |■■■■■■■■■■■■■■■■■■■■■■■■■■■■■■■■                                                |  40% of 164.7 MiB
2026-01-20T00:01:35.2850748Z |■■■■■■■■■■■■■■■■■■■■■■■■■■■■■■■■■■■■■■■■                                        |  50% of 164.7 MiB
2026-01-20T00:01:35.3574939Z |■■■■■■■■■■■■■■■■■■■■■■■■■■■■■■■■■■■■■■■■■■■■■■■■                                |  60% of 164.7 MiB
2026-01-20T00:01:35.4178161Z |■■■■■■■■■■■■■■■■■■■■■■■■■■■■■■■■■■■■■■■■■■■■■■■■■■■■■■■■                        |  70% of 164.7 MiB
2026-01-20T00:01:35.4789541Z |■■■■■■■■■■■■■■■■■■■■■■■■■■■■■■■■■■■■■■■■■■■■■■■■■■■■■■■■■■■■■■■■                |  80% of 164.7 MiB
2026-01-20T00:01:35.5327904Z |■■■■■■■■■■■■■■■■■■■■■■■■■■■■■■■■■■■■■■■■■■■■■■■■■■■■■■■■■■■■■■■■■■■■■■■■        |  90% of 164.7 MiB
2026-01-20T00:01:35.5950640Z |■■■■■■■■■■■■■■■■■■■■■■■■■■■■■■■■■■■■■■■■■■■■■■■■■■■■■■■■■■■■■■■■■■■■■■■■■■■■■■■■| 100% of 164.7 MiB
2026-01-20T00:01:38.0687403Z Chromium 143.0.7499.4 (playwright build v1200) downloaded to /home/runner/.cache/ms-playwright/chromium-1200
2026-01-20T00:01:38.0692390Z Downloading FFMPEG playwright build v1011 from https://cdn.playwright.dev/dbazure/download/playwright/builds/ffmpeg/1011/ffmpeg-linux.zip
2026-01-20T00:01:38.1699339Z (node:2193) [DEP0169] DeprecationWarning: `url.parse()` behavior is not standardized and prone to errors that have security implications. Use the WHATWG URL API instead. CVEs are not issued for `url.parse()` vulnerabilities.
2026-01-20T00:01:38.1702066Z (Use `node --trace-deprecation ...` to show where the warning was created)
2026-01-20T00:01:38.3282881Z |                                                                                |   0% of 2.3 MiB
2026-01-20T00:01:38.3436986Z |■■■■■■■■                                                                        |  10% of 2.3 MiB
2026-01-20T00:01:38.3503741Z |■■■■■■■■■■■■■■■■                                                                |  20% of 2.3 MiB
2026-01-20T00:01:38.3550775Z |■■■■■■■■■■■■■■■■■■■■■■■■                                                        |  30% of 2.3 MiB
2026-01-20T00:01:38.3578824Z |■■■■■■■■■■■■■■■■■■■■■■■■■■■■■■■■                                                |  40% of 2.3 MiB
2026-01-20T00:01:38.3616036Z |■■■■■■■■■■■■■■■■■■■■■■■■■■■■■■■■■■■■■■■■                                        |  50% of 2.3 MiB
2026-01-20T00:01:38.3629514Z |■■■■■■■■■■■■■■■■■■■■■■■■■■■■■■■■■■■■■■■■■■■■■■■■                                |  60% of 2.3 MiB
2026-01-20T00:01:38.3646403Z |■■■■■■■■■■■■■■■■■■■■■■■■■■■■■■■■■■■■■■■■■■■■■■■■■■■■■■■■                        |  70% of 2.3 MiB
2026-01-20T00:01:38.3664032Z |■■■■■■■■■■■■■■■■■■■■■■■■■■■■■■■■■■■■■■■■■■■■■■■■■■■■■■■■■■■■■■■■                |  80% of 2.3 MiB
2026-01-20T00:01:38.3681300Z |■■■■■■■■■■■■■■■■■■■■■■■■■■■■■■■■■■■■■■■■■■■■■■■■■■■■■■■■■■■■■■■■■■■■■■■■        |  90% of 2.3 MiB
2026-01-20T00:01:38.3690975Z |■■■■■■■■■■■■■■■■■■■■■■■■■■■■■■■■■■■■■■■■■■■■■■■■■■■■■■■■■■■■■■■■■■■■■■■■■■■■■■■■| 100% of 2.3 MiB
2026-01-20T00:01:38.4252066Z FFMPEG playwright build v1011 downloaded to /home/runner/.cache/ms-playwright/ffmpeg-1011
2026-01-20T00:01:38.4256125Z Downloading Chromium Headless Shell 143.0.7499.4 (playwright build v1200) from https://cdn.playwright.dev/dbazure/download/playwright/builds/chromium/1200/chromium-headless-shell-linux.zip
2026-01-20T00:01:38.5257528Z (node:2204) [DEP0169] DeprecationWarning: `url.parse()` behavior is not standardized and prone to errors that have security implications. Use the WHATWG URL API instead. CVEs are not issued for `url.parse()` vulnerabilities.
2026-01-20T00:01:38.5259302Z (Use `node --trace-deprecation ...` to show where the warning was created)
2026-01-20T00:01:38.5881706Z |                                                                                |   0% of 109.7 MiB
2026-01-20T00:01:38.6959224Z |■■■■■■■■                                                                        |  10% of 109.7 MiB
2026-01-20T00:01:38.7719689Z |■■■■■■■■■■■■■■■■                                                                |  20% of 109.7 MiB
2026-01-20T00:01:38.8365781Z |■■■■■■■■■■■■■■■■■■■■■■■■                                                        |  30% of 109.7 MiB
2026-01-20T00:01:38.8947625Z |■■■■■■■■■■■■■■■■■■■■■■■■■■■■■■■■                                                |  40% of 109.7 MiB
2026-01-20T00:01:38.9542157Z |■■■■■■■■■■■■■■■■■■■■■■■■■■■■■■■■■■■■■■■■                                        |  50% of 109.7 MiB
2026-01-20T00:01:39.0027057Z |■■■■■■■■■■■■■■■■■■■■■■■■■■■■■■■■■■■■■■■■■■■■■■■■                                |  60% of 109.7 MiB
2026-01-20T00:01:39.0489632Z |■■■■■■■■■■■■■■■■■■■■■■■■■■■■■■■■■■■■■■■■■■■■■■■■■■■■■■■■                        |  70% of 109.7 MiB
2026-01-20T00:01:39.0857703Z |■■■■■■■■■■■■■■■■■■■■■■■■■■■■■■■■■■■■■■■■■■■■■■■■■■■■■■■■■■■■■■■■                |  80% of 109.7 MiB
2026-01-20T00:01:39.1210179Z |■■■■■■■■■■■■■■■■■■■■■■■■■■■■■■■■■■■■■■■■■■■■■■■■■■■■■■■■■■■■■■■■■■■■■■■■        |  90% of 109.7 MiB
2026-01-20T00:01:39.1605569Z |■■■■■■■■■■■■■■■■■■■■■■■■■■■■■■■■■■■■■■■■■■■■■■■■■■■■■■■■■■■■■■■■■■■■■■■■■■■■■■■■| 100% of 109.7 MiB
2026-01-20T00:01:41.0037749Z Chromium Headless Shell 143.0.7499.4 (playwright build v1200) downloaded to /home/runner/.cache/ms-playwright/chromium_headless_shell-1200
2026-01-20T00:01:41.0295937Z ##[group]Run mkdir -p projects/ci_phptravels_demo
2026-01-20T00:01:41.0296338Z [36;1mmkdir -p projects/ci_phptravels_demo[0m
2026-01-20T00:01:41.0296745Z [36;1mcat > projects/ci_phptravels_demo/config.json << 'EOF'[0m
2026-01-20T00:01:41.0297065Z [36;1m{[0m
2026-01-20T00:01:41.0297272Z [36;1m  "project_name": "ci_phptravels_demo",[0m
2026-01-20T00:01:41.0297617Z [36;1m  "target_url": "https://phptravels.com/demo/",[0m
2026-01-20T00:01:41.0297955Z [36;1m  "goal": "Explore travel booking",[0m
2026-01-20T00:01:41.0298220Z [36;1m  "headless": true[0m
2026-01-20T00:01:41.0298436Z [36;1m}[0m
2026-01-20T00:01:41.0298598Z [36;1mEOF[0m
2026-01-20T00:01:41.0332244Z shell: /usr/bin/bash -e {0}
2026-01-20T00:01:41.0332501Z env:
2026-01-20T00:01:41.0332994Z   pythonLocation: /opt/hostedtoolcache/Python/3.11.14/x64
2026-01-20T00:01:41.0333442Z   PKG_CONFIG_PATH: /opt/hostedtoolcache/Python/3.11.14/x64/lib/pkgconfig
2026-01-20T00:01:41.0333910Z   Python_ROOT_DIR: /opt/hostedtoolcache/Python/3.11.14/x64
2026-01-20T00:01:41.0334306Z   Python2_ROOT_DIR: /opt/hostedtoolcache/Python/3.11.14/x64
2026-01-20T00:01:41.0334696Z   Python3_ROOT_DIR: /opt/hostedtoolcache/Python/3.11.14/x64
2026-01-20T00:01:41.0335077Z   LD_LIBRARY_PATH: /opt/hostedtoolcache/Python/3.11.14/x64/lib
2026-01-20T00:01:41.0335395Z ##[endgroup]
2026-01-20T00:01:41.0447824Z ##[group]Run # Use --deep for comprehensive regression suite
2026-01-20T00:01:41.0448288Z [36;1m# Use --deep for comprehensive regression suite[0m
2026-01-20T00:01:41.0448753Z [36;1mpython orchestrator.py --project projects/ci_phptravels_demo --deep --force[0m
2026-01-20T00:01:41.0480363Z shell: /usr/bin/bash -e {0}
2026-01-20T00:01:41.0480615Z env:
2026-01-20T00:01:41.0480862Z   pythonLocation: /opt/hostedtoolcache/Python/3.11.14/x64
2026-01-20T00:01:41.0481300Z   PKG_CONFIG_PATH: /opt/hostedtoolcache/Python/3.11.14/x64/lib/pkgconfig
2026-01-20T00:01:41.0481727Z   Python_ROOT_DIR: /opt/hostedtoolcache/Python/3.11.14/x64
2026-01-20T00:01:41.0482111Z   Python2_ROOT_DIR: /opt/hostedtoolcache/Python/3.11.14/x64
2026-01-20T00:01:41.0482493Z   Python3_ROOT_DIR: /opt/hostedtoolcache/Python/3.11.14/x64
2026-01-20T00:01:41.0483320Z   LD_LIBRARY_PATH: /opt/hostedtoolcache/Python/3.11.14/x64/lib
2026-01-20T00:01:41.0483886Z   GOOGLE_API_KEY: ***
2026-01-20T00:01:41.0484134Z   PYTHONPATH: .
2026-01-20T00:01:41.0484327Z ##[endgroup]
2026-01-20T00:01:42.9403160Z 🚀 [DEEP] Extensive mapping enabled (Depth: 3, Pages: 50)
2026-01-20T00:01:42.9403800Z 
2026-01-20T00:01:42.9404435Z 🗺️ [DISCOVERY] Starting Parallel Semantic Crawl on https://phptravels.com/demo/ (Workers: 3)
2026-01-20T00:01:45.1585494Z   🔍 [Worker 0] Visiting (0): https://phptravels.com/demo/
2026-01-20T00:01:46.6140562Z [DEBUG] Sending request to gemini-2.0-flash. Number of parts: 1
2026-01-20T00:01:46.6141306Z [DEBUG] Received response (Length: 266)
2026-01-20T00:01:46.6142149Z ✅ Discovery Complete. Mapped 1 pages.
2026-01-20T00:01:56.9859309Z 
2026-01-20T00:01:56.9860039Z [PLAN] PLANNER: Planning goal -> 'Explore travel booking' (Deep Mode: True)
2026-01-20T00:01:56.9860992Z 🗺️ [PLAN] Loaded Sitemap with 1 pages.
2026-01-20T00:01:56.9861528Z 📊 [KNOWLEDGE] Page types: ['unknown']
2026-01-20T00:01:56.9861988Z 🔄 [KNOWLEDGE] Flows: 0, Forms: 0
2026-01-20T00:01:56.9863651Z 🎭 [EXPERT] Detected Domain: GENERAL. Persona: Act as Senior SDET focusing on exploring the application to understand functional flow and identifying critical paths for end-to-end automation
2026-01-20T00:01:56.9865024Z [DEBUG] Sending request to gemini-2.0-flash. Number of parts: 1
2026-01-20T00:01:56.9865574Z [DEBUG] Received response (Length: 3782)
2026-01-20T00:01:56.9866127Z ✅ Planner generated 3 scenarios. Workflow updated.
2026-01-20T00:01:58.1069952Z 
2026-01-20T00:01:58.1070982Z 🕵️ [DEEP EXPLORER] Starting Multi-Scenario Exploration
2026-01-20T00:01:58.1071678Z 📋 Found 3 scenarios to explore.
2026-01-20T00:01:58.4920453Z 
2026-01-20T00:01:58.4920938Z [1/3] Exploring Scenario: Explore Flights Booking Flow
2026-01-20T00:01:58.4922170Z     🧠 Initialized exploration context for goal: 'This scenario covers the basic flight booking flow: searching for a flight, selecting a flight, and proceeding to the booking page.'
2026-01-20T00:01:58.4923248Z     🎯 Scenario: Explore Flights Booking Flow
2026-01-20T00:01:58.4932793Z   ▶️ [STEP step_1] NAVIGATE: 
2026-01-20T00:01:59.1677503Z     ✅ Navigated to https://phptravels.com/demo/
2026-01-20T00:01:59.1678256Z   ▶️ [STEP step_2] ASSERT_URL: 
2026-01-20T00:02:04.2345566Z     ⚠️ Scroll into view failed for text=None. Proceeding anyway.
2026-01-20T00:02:06.2368858Z     ✅ State transitioned.
2026-01-20T00:02:07.8528885Z [DEBUG] Sending request to gemini-2.0-flash. Number of parts: 2
2026-01-20T00:02:07.8529550Z [DEBUG] Received response (Length: 220)
2026-01-20T00:02:07.8530366Z     🤖 AI Next Step Suggestion: click -> Verify you are human
2026-01-20T00:02:07.8531006Z     🧩 Suggested Locator: input[type='checkbox']
2026-01-20T00:02:07.8532026Z     💭 Reasoning: The page requires human verification before proceeding. Clicking the checkbox is the next logical step.
2026-01-20T00:02:07.8535400Z     ➕ Injected AI step: click -> Verify you are human
2026-01-20T00:02:07.8536165Z   ▶️ [STEP step_2_ai_1] CLICK: Verify you are human
2026-01-20T00:02:07.8602296Z     🎯 Using AI-provided locator: input[type='checkbox']
2026-01-20T00:02:07.8626266Z     🔍 Mining locators for: 'Verify you are human'
2026-01-20T00:02:07.8932222Z     ✅ Found 1 verified locators
2026-01-20T00:02:11.4657792Z     ✅ State transitioned.
2026-01-20T00:02:13.1067958Z [DEBUG] Sending request to gemini-2.0-flash. Number of parts: 2
2026-01-20T00:02:13.1068510Z [DEBUG] Received response (Length: 230)
2026-01-20T00:02:13.1069368Z     🤖 AI Next Step Suggestion: click -> Verify you are human
2026-01-20T00:02:13.1070035Z     🧩 Suggested Locator: input[type='checkbox']
2026-01-20T00:02:13.1070835Z     💭 Reasoning: The page requires human verification. Clicking the checkbox is the next logical step to proceed.
2026-01-20T00:02:13.1071724Z     🔄 Same AI suggestion but state changed (URL or DOM). Resetting loop counter.
2026-01-20T00:02:13.1072498Z     ⚠️ Skipping duplicate AI suggestion (just executed): ('click', 'verify you are human')
2026-01-20T00:02:13.1073710Z   ▶️ [STEP step_3] CLICK: Flights
2026-01-20T00:02:13.1134063Z     🔍 Mining locators for: 'Flights'
2026-01-20T00:02:13.1396791Z     🧠 Consulting AI (Vision-First) to find 'Flights'...
2026-01-20T00:02:13.1432319Z     🔍 Trying smart selectors for 'Flights'...
2026-01-20T00:02:13.2296123Z     🔍 [SMART] Searching for: 'Flights' (trying 15+ strategies)
2026-01-20T00:02:13.2297160Z     ⚠️ Smart selectors failed (no unique match). Falling back to AI Vision...
2026-01-20T00:02:13.2299047Z     🧠 [EXPERT] Strategy: Act as Senior SDET focusing on exploring the application to understand functional flow and identifying critical paths for end-to-end automation.
2026-01-20T00:02:18.0005821Z [DEBUG] Sending request to gemini-2.0-flash. Number of parts: 2
2026-01-20T00:02:18.0006456Z [DEBUG] Received response (Length: 282)
2026-01-20T00:02:18.0007247Z     ⚠️ Skipping duplicate injection: Verify you are human
2026-01-20T00:02:18.0007922Z     🔄 Retry 1/3 mining locators for 'Flights'...
2026-01-20T00:02:19.0291743Z     🧠 Consulting AI (Vision-First) to find 'Flights'...
2026-01-20T00:02:19.0292857Z     🔍 Trying smart selectors for 'Flights'...
2026-01-20T00:02:19.1129233Z     🔍 [SMART] Searching for: 'Flights' (trying 15+ strategies)
2026-01-20T00:02:19.1130165Z     ⚠️ Smart selectors failed (no unique match). Falling back to AI Vision...
2026-01-20T00:02:19.1131758Z     🧠 [EXPERT] Strategy: Act as Senior SDET focusing on exploring the application to understand functional flow and identifying critical paths for end-to-end automation.
2026-01-20T00:02:19.1134356Z [CACHE HIT] ee6f507b... (hits: 1, misses: 3)
2026-01-20T00:02:19.1135029Z     ⚠️ Skipping duplicate injection: Verify you are human
2026-01-20T00:02:19.1135723Z     🔄 Retry 2/3 mining locators for 'Flights'...
2026-01-20T00:02:20.1148675Z     🗑️ Invalidating stale AI cache (retry 2)...
2026-01-20T00:02:20.1409753Z     🧠 Consulting AI (Vision-First) to find 'Flights'...
2026-01-20T00:02:20.1410376Z     🔍 Trying smart selectors for 'Flights'...
2026-01-20T00:02:20.2167658Z     🔍 [SMART] Searching for: 'Flights' (trying 15+ strategies)
2026-01-20T00:02:20.2168749Z     ⚠️ Smart selectors failed (no unique match). Falling back to AI Vision...
2026-01-20T00:02:20.2171061Z     🧠 [EXPERT] Strategy: Act as Senior SDET focusing on exploring the application to understand functional flow and identifying critical paths for end-to-end automation.
2026-01-20T00:02:20.2174404Z [CACHE HIT] ee6f507b... (hits: 2, misses: 3)
2026-01-20T00:02:20.2174921Z     ⚠️ Skipping duplicate injection: Verify you are human
2026-01-20T00:02:20.2175712Z     🧠 Verifying step validity for 'Flights' after no candidates found...
2026-01-20T00:02:22.7917330Z [DEBUG] Sending request to gemini-2.0-flash. Number of parts: 2
2026-01-20T00:02:22.7917922Z [DEBUG] Received response (Length: 232)
2026-01-20T00:02:22.7919448Z     🗑️ Step deemed INVALID: The current page is a Cloudflare security check. The 'Flights' element is not present on this page. We need to pass the security check before proceeding to the main page.. Removing from workflow.
2026-01-20T00:02:22.7920994Z     ⏭️ Skipping execution of invalid step: Flights
2026-01-20T00:02:22.7921482Z   ▶️ [STEP step_4] ASSERT_VISIBLE: flightSearchForm
2026-01-20T00:02:22.7982822Z     🔍 Mining locators for: 'flightSearchForm'
2026-01-20T00:02:22.8234220Z     🧠 Consulting AI (Vision-First) to find 'flightSearchForm'...
2026-01-20T00:02:22.8234788Z     🔍 Trying smart selectors for 'flightSearchForm'...
2026-01-20T00:02:22.9085835Z     🔍 [SMART] Searching for: 'flightSearchForm' (trying 15+ strategies)
2026-01-20T00:02:22.9086921Z     ⚠️ Smart selectors failed (no unique match). Falling back to AI Vision...
2026-01-20T00:02:22.9089040Z     🧠 [EXPERT] Strategy: Act as Senior SDET focusing on exploring the application to understand functional flow and identifying critical paths for end-to-end automation.
2026-01-20T00:02:27.9565548Z [DEBUG] Sending request to gemini-2.0-flash. Number of parts: 2
2026-01-20T00:02:27.9567110Z [DEBUG] Received response (Length: 272)
2026-01-20T00:02:27.9569582Z     💡 Expert Suggestion: The page is a Cloudflare verification page. After completing the verification, the flight search form should be visible.
2026-01-20T00:02:27.9571948Z     🛠️ Executing corrective action: click -> 'Verify you are human'
2026-01-20T00:02:28.5016240Z     ✅ Executed corrective navigation
2026-01-20T00:02:30.5039590Z     🔄 Retry 1/3 mining locators for 'flightSearchForm'...
2026-01-20T00:02:31.5311984Z     🧠 Consulting AI (Vision-First) to find 'flightSearchForm'...
2026-01-20T00:02:31.5312922Z     🔍 Trying smart selectors for 'flightSearchForm'...
2026-01-20T00:02:31.6159679Z     🔍 [SMART] Searching for: 'flightSearchForm' (trying 15+ strategies)
2026-01-20T00:02:31.6160717Z     ⚠️ Smart selectors failed (no unique match). Falling back to AI Vision...
2026-01-20T00:02:31.6162424Z     🧠 [EXPERT] Strategy: Act as Senior SDET focusing on exploring the application to understand functional flow and identifying critical paths for end-to-end automation.
2026-01-20T00:02:31.6165210Z [CACHE HIT] 32cd3813... (hits: 3, misses: 5)
2026-01-20T00:02:31.6165966Z     ⚠️ Skipping duplicate injection: Verify you are human
2026-01-20T00:02:31.6166719Z     🔄 Retry 2/3 mining locators for 'flightSearchForm'...
2026-01-20T00:02:32.6180652Z     🗑️ Invalidating stale AI cache (retry 2)...
2026-01-20T00:02:32.6468422Z     🧠 Consulting AI (Vision-First) to find 'flightSearchForm'...
2026-01-20T00:02:32.6469342Z     🔍 Trying smart selectors for 'flightSearchForm'...
2026-01-20T00:02:32.7317101Z     🔍 [SMART] Searching for: 'flightSearchForm' (trying 15+ strategies)
2026-01-20T00:02:32.7317979Z     ⚠️ Smart selectors failed (no unique match). Falling back to AI Vision...
2026-01-20T00:02:32.7318930Z     🧠 [EXPERT] Strategy: Act as Senior SDET focusing on exploring the application to understand functional flow and identifying critical paths for end-to-end automation.
2026-01-20T00:02:32.7322983Z [CACHE HIT] 32cd3813... (hits: 4, misses: 5)
2026-01-20T00:02:32.7323760Z     ⚠️ Skipping duplicate injection: Verify you are human
2026-01-20T00:02:32.7324449Z     🧠 Verifying step validity for 'flightSearchForm' after no candidates found...
2026-01-20T00:02:34.0565992Z [DEBUG] Sending request to gemini-2.0-flash. Number of parts: 2
2026-01-20T00:02:34.0566824Z [DEBUG] Received response (Length: 289)
2026-01-20T00:02:34.0570565Z     🗑️ Step deemed INVALID: The current page shows a Cloudflare verification challenge. The 'flightSearchForm' is not visible on this page until the verification is complete. Therefore, attempting to locate and interact with it is not valid at this stage.. Removing from workflow.
2026-01-20T00:02:34.0574280Z     ⏭️ Skipping execution of invalid step: flightSearchForm
2026-01-20T00:02:34.0575239Z     ⚡ PARALLEL MODE: Batching 2 fill steps
2026-01-20T00:02:34.0576080Z     ⚡ Batch mining 2 fields in parallel...
2026-01-20T00:02:34.0878023Z     🔍 Trying smart selectors for 'From'...
2026-01-20T00:02:34.0886261Z     🔍 [SMART] Searching for: 'From' (trying 15+ strategies)
2026-01-20T00:02:34.0886929Z     🔍 Trying smart selectors for 'To'...
2026-01-20T00:02:34.1688276Z     🔍 [SMART] Searching for: 'To' (trying 15+ strategies)
2026-01-20T00:02:34.1689560Z     ⚠️ Smart selectors failed (no unique match). Falling back to AI Vision...
2026-01-20T00:02:34.1691271Z     🧠 [EXPERT] Strategy: Act as Senior SDET focusing on exploring the application to understand functional flow and identifying critical paths for end-to-end automation.
2026-01-20T00:02:34.1695850Z     ⚠️ Smart selectors failed (no unique match). Falling back to AI Vision...
2026-01-20T00:02:34.1697004Z     🧠 [EXPERT] Strategy: Act as Senior SDET focusing on exploring the application to understand functional flow and identifying critical paths for end-to-end automation.
2026-01-20T00:02:39.3078152Z [DEBUG] Sending request to gemini-2.0-flash. Number of parts: 2
2026-01-20T00:02:39.3079291Z [DEBUG] Sending request to gemini-2.0-flash. Number of parts: 2
2026-01-20T00:02:39.3080952Z [DEBUG] Received response (Length: 300)
2026-01-20T00:02:39.3081755Z [DEBUG] Received response (Length: 320)
2026-01-20T00:02:39.3083231Z     ✅ Batch mined 'From' (1 locators)
2026-01-20T00:02:39.3084164Z     ✅ Batch mined 'To' (1 locators)
2026-01-20T00:02:39.3085013Z     ✅ Batch mined 2/2 steps successfully
2026-01-20T00:02:39.3085875Z   ▶️ [STEP step_7] CLICK: Search
2026-01-20T00:02:39.3144475Z     🔍 Mining locators for: 'Search'
2026-01-20T00:02:39.3392103Z     🧠 Consulting AI (Vision-First) to find 'Search'...
2026-01-20T00:02:39.3392750Z     🔍 Trying smart selectors for 'Search'...
2026-01-20T00:02:39.4249723Z     🔍 [SMART] Searching for: 'Search' (trying 15+ strategies)
2026-01-20T00:02:39.4250599Z     ⚠️ Smart selectors failed (no unique match). Falling back to AI Vision...
2026-01-20T00:02:39.4252222Z     🧠 [EXPERT] Strategy: Act as Senior SDET focusing on exploring the application to understand functional flow and identifying critical paths for end-to-end automation.
2026-01-20T00:02:44.0841946Z [DEBUG] Sending request to gemini-2.0-flash. Number of parts: 2
2026-01-20T00:02:44.0842860Z [DEBUG] Received response (Length: 295)
2026-01-20T00:02:44.0844559Z     💡 Expert Suggestion: The page is a Cloudflare verification page. We need to pass the verification to access the main page where the search functionality is located.
2026-01-20T00:02:44.0845551Z     🛠️ Executing corrective action: click -> 'Verify you are human'
2026-01-20T00:02:44.6297481Z     ✅ Executed corrective navigation
2026-01-20T00:02:46.6321691Z     🔄 Retry 1/3 mining locators for 'Search'...
2026-01-20T00:02:47.6600533Z     🧠 Consulting AI (Vision-First) to find 'Search'...
2026-01-20T00:02:47.6601267Z     🔍 Trying smart selectors for 'Search'...
2026-01-20T00:02:47.7458003Z     🔍 [SMART] Searching for: 'Search' (trying 15+ strategies)
2026-01-20T00:02:47.7459039Z     ⚠️ Smart selectors failed (no unique match). Falling back to AI Vision...
2026-01-20T00:02:47.7461438Z     🧠 [EXPERT] Strategy: Act as Senior SDET focusing on exploring the application to understand functional flow and identifying critical paths for end-to-end automation.
2026-01-20T00:02:47.7464911Z [CACHE HIT] bf9ff7b8... (hits: 5, misses: 9)
2026-01-20T00:02:47.7465615Z     ⚠️ Skipping duplicate injection: Verify you are human
2026-01-20T00:02:47.7466168Z     🔄 Retry 2/3 mining locators for 'Search'...
2026-01-20T00:02:48.7480495Z     🗑️ Invalidating stale AI cache (retry 2)...
2026-01-20T00:02:48.7752334Z     🧠 Consulting AI (Vision-First) to find 'Search'...
2026-01-20T00:02:48.7753290Z     🔍 Trying smart selectors for 'Search'...
2026-01-20T00:02:48.8615225Z     🔍 [SMART] Searching for: 'Search' (trying 15+ strategies)
2026-01-20T00:02:48.8616416Z     ⚠️ Smart selectors failed (no unique match). Falling back to AI Vision...
2026-01-20T00:02:48.8617406Z     🧠 [EXPERT] Strategy: Act as Senior SDET focusing on exploring the application to understand functional flow and identifying critical paths for end-to-end automation.
2026-01-20T00:02:48.8620992Z [CACHE HIT] bf9ff7b8... (hits: 6, misses: 9)
2026-01-20T00:02:48.8621839Z     ⚠️ Skipping duplicate injection: Verify you are human
2026-01-20T00:02:48.8623065Z     🧠 Verifying step validity for 'Search' after no candidates found...
2026-01-20T00:02:50.3162116Z [DEBUG] Sending request to gemini-2.0-flash. Number of parts: 2
2026-01-20T00:02:50.3163359Z [DEBUG] Received response (Length: 237)
2026-01-20T00:02:50.3166827Z     🗑️ Step deemed INVALID: The current page is a Cloudflare verification page. The 'Search' element is not present on this page. We need to pass the verification before proceeding to the actual website.. Removing from workflow.
2026-01-20T00:02:50.3169815Z     ⏭️ Skipping execution of invalid step: Search
2026-01-20T00:02:50.3170918Z   ▶️ [STEP step_8] ASSERT_VISIBLE: flightResultsTable
2026-01-20T00:02:50.3234973Z     🔍 Mining locators for: 'flightResultsTable'
2026-01-20T00:02:50.3542539Z     🧠 Consulting AI (Vision-First) to find 'flightResultsTable'...
2026-01-20T00:02:50.3543805Z     🔍 Trying smart selectors for 'flightResultsTable'...
2026-01-20T00:02:50.4379708Z     🔍 [SMART] Searching for: 'flightResultsTable' (trying 15+ strategies)
2026-01-20T00:02:50.4380797Z     ⚠️ Smart selectors failed (no unique match). Falling back to AI Vision...
2026-01-20T00:02:50.4382234Z     🧠 [EXPERT] Strategy: Act as Senior SDET focusing on exploring the application to understand functional flow and identifying critical paths for end-to-end automation.
2026-01-20T00:02:55.3194828Z [DEBUG] Sending request to gemini-2.0-flash. Number of parts: 2
2026-01-20T00:02:55.3195494Z [DEBUG] Received response (Length: 320)
2026-01-20T00:02:55.3196625Z     💡 Expert Suggestion: The page is a Cloudflare verification page. After completing the verification, the user will likely be redirected to the main page where flight search can be initiated.
2026-01-20T00:02:55.3197579Z     🛠️ Executing corrective action: click -> 'Verify you are human'
2026-01-20T00:02:55.8636782Z     ✅ Executed corrective navigation
2026-01-20T00:02:57.8660075Z     🔄 Retry 1/3 mining locators for 'flightResultsTable'...
2026-01-20T00:02:58.8963197Z     🧠 Consulting AI (Vision-First) to find 'flightResultsTable'...
2026-01-20T00:02:58.8964132Z     🔍 Trying smart selectors for 'flightResultsTable'...
2026-01-20T00:02:58.9694254Z     🔍 [SMART] Searching for: 'flightResultsTable' (trying 15+ strategies)
2026-01-20T00:02:58.9695114Z     ⚠️ Smart selectors failed (no unique match). Falling back to AI Vision...
2026-01-20T00:02:58.9696040Z     🧠 [EXPERT] Strategy: Act as Senior SDET focusing on exploring the application to understand functional flow and identifying critical paths for end-to-end automation.
2026-01-20T00:02:58.9699173Z [CACHE HIT] 2345d307... (hits: 7, misses: 11)
2026-01-20T00:02:58.9699861Z     ⚠️ Skipping duplicate injection: Verify you are human
2026-01-20T00:02:58.9700308Z     🔄 Retry 2/3 mining locators for 'flightResultsTable'...
2026-01-20T00:02:59.9714359Z     🗑️ Invalidating stale AI cache (retry 2)...
2026-01-20T00:03:00.0033126Z     🧠 Consulting AI (Vision-First) to find 'flightResultsTable'...
2026-01-20T00:03:00.0034303Z     🔍 Trying smart selectors for 'flightResultsTable'...
2026-01-20T00:03:00.0786437Z     🔍 [SMART] Searching for: 'flightResultsTable' (trying 15+ strategies)
2026-01-20T00:03:00.0787486Z     ⚠️ Smart selectors failed (no unique match). Falling back to AI Vision...
2026-01-20T00:03:00.0789049Z     🧠 [EXPERT] Strategy: Act as Senior SDET focusing on exploring the application to understand functional flow and identifying critical paths for end-to-end automation.
2026-01-20T00:03:00.0791602Z [CACHE HIT] 2345d307... (hits: 8, misses: 11)
2026-01-20T00:03:00.0792301Z     ⚠️ Skipping duplicate injection: Verify you are human
2026-01-20T00:03:00.0793375Z     🧠 Verifying step validity for 'flightResultsTable' after no candidates found...
2026-01-20T00:03:01.5792379Z [DEBUG] Sending request to gemini-2.0-flash. Number of parts: 2
2026-01-20T00:03:01.5793311Z [DEBUG] Received response (Length: 299)
2026-01-20T00:03:01.5795652Z     🗑️ Step deemed INVALID: The current page is a Cloudflare security check. The 'flightResultsTable' would only exist after this check is passed and the actual website content is loaded. Therefore, it's not valid to look for the flight results table at this stage.. Removing from workflow.
2026-01-20T00:03:01.5797445Z     ⏭️ Skipping execution of invalid step: flightResultsTable
2026-01-20T00:03:03.6181583Z 
2026-01-20T00:03:03.6184286Z [2/3] Exploring Scenario: Explore Hotels Booking Flow
2026-01-20T00:03:03.6186373Z     🧠 Initialized exploration context for goal: 'This scenario covers the basic hotel booking flow: searching for a hotel, selecting a hotel, and proceeding to the booking page.'
2026-01-20T00:03:03.6187927Z     🎯 Scenario: Explore Hotels Booking Flow
2026-01-20T00:03:03.6188522Z   ▶️ [STEP step_1] NAVIGATE: 
2026-01-20T00:03:04.3232500Z     ✅ Navigated to https://phptravels.com/demo/
2026-01-20T00:03:04.3234136Z   ▶️ [STEP step_2] ASSERT_URL: 
2026-01-20T00:03:09.3747067Z     ⚠️ Scroll into view failed for text=None. Proceeding anyway.
2026-01-20T00:03:11.3769297Z     ✅ State transitioned.
2026-01-20T00:03:13.0081007Z [DEBUG] Sending request to gemini-2.0-flash. Number of parts: 2
2026-01-20T00:03:13.0081693Z [DEBUG] Received response (Length: 272)
2026-01-20T00:03:13.0082761Z     🤖 AI Next Step Suggestion: click -> Verify you are human
2026-01-20T00:03:13.0083481Z     🧩 Suggested Locator: input[type='checkbox']
2026-01-20T00:03:13.0084837Z     💭 Reasoning: The page requires human verification before proceeding. Clicking the checkbox is the next logical step to pass the Cloudflare check and access the website.
2026-01-20T00:03:13.0085919Z     🔄 Same AI suggestion but state changed (URL or DOM). Resetting loop counter.
2026-01-20T00:03:13.0086472Z     ➕ Injected AI step: click -> Verify you are human
2026-01-20T00:03:13.0086918Z   ▶️ [STEP step_2_ai_1] CLICK: Verify you are human
2026-01-20T00:03:13.0142836Z     🎯 Using AI-provided locator: input[type='checkbox']
2026-01-20T00:03:13.0160741Z     🔍 Mining locators for: 'Verify you are human'
2026-01-20T00:03:13.0442053Z     ✅ Found 1 verified locators
2026-01-20T00:03:16.6109448Z     ✅ State transitioned.
2026-01-20T00:03:17.8702942Z [DEBUG] Sending request to gemini-2.0-flash. Number of parts: 2
2026-01-20T00:03:17.8703589Z [DEBUG] Received response (Length: 213)
2026-01-20T00:03:17.8704256Z     🤖 AI Next Step Suggestion: click -> Verify you are human
2026-01-20T00:03:17.8704700Z     🧩 Suggested Locator: input[type='checkbox']
2026-01-20T00:03:17.8705389Z     💭 Reasoning: The page requires human verification. Clicking the checkbox is the next logical step to proceed.
2026-01-20T00:03:17.8713920Z     🔄 Same AI suggestion but state changed (URL or DOM). Resetting loop counter.
2026-01-20T00:03:17.8714799Z     ⚠️ Skipping duplicate AI suggestion (just executed): ('click', 'verify you are human')
2026-01-20T00:03:17.8715309Z   ▶️ [STEP step_3] CLICK: Hotels
2026-01-20T00:03:17.8764277Z     🔍 Mining locators for: 'Hotels'
2026-01-20T00:03:17.9011357Z     🧠 Consulting AI (Vision-First) to find 'Hotels'...
2026-01-20T00:03:17.9012088Z     🔍 Trying smart selectors for 'Hotels'...
2026-01-20T00:03:17.9811778Z     🔍 [SMART] Searching for: 'Hotels' (trying 15+ strategies)
2026-01-20T00:03:17.9813064Z     ⚠️ Smart selectors failed (no unique match). Falling back to AI Vision...
2026-01-20T00:03:17.9815069Z     🧠 [EXPERT] Strategy: Act as Senior SDET focusing on exploring the application to understand functional flow and identifying critical paths for end-to-end automation.
2026-01-20T00:03:23.2386864Z [DEBUG] Sending request to gemini-2.0-flash. Number of parts: 2
2026-01-20T00:03:23.2387727Z [DEBUG] Received response (Length: 285)
2026-01-20T00:03:23.2388533Z     ⚠️ Skipping duplicate injection: Verify you are human
2026-01-20T00:03:23.2389005Z     🔄 Retry 1/3 mining locators for 'Hotels'...
2026-01-20T00:03:24.2698884Z     🧠 Consulting AI (Vision-First) to find 'Hotels'...
2026-01-20T00:03:24.2700120Z     🔍 Trying smart selectors for 'Hotels'...
2026-01-20T00:03:24.3529149Z     🔍 [SMART] Searching for: 'Hotels' (trying 15+ strategies)
2026-01-20T00:03:24.3530778Z     ⚠️ Smart selectors failed (no unique match). Falling back to AI Vision...
2026-01-20T00:03:24.3533461Z     🧠 [EXPERT] Strategy: Act as Senior SDET focusing on exploring the application to understand functional flow and identifying critical paths for end-to-end automation.
2026-01-20T00:03:24.3536400Z [CACHE HIT] b7a297d8... (hits: 9, misses: 15)
2026-01-20T00:03:24.3537096Z     ⚠️ Skipping duplicate injection: Verify you are human
2026-01-20T00:03:24.3537700Z     🔄 Retry 2/3 mining locators for 'Hotels'...
2026-01-20T00:03:25.3551652Z     🗑️ Invalidating stale AI cache (retry 2)...
2026-01-20T00:03:25.3851741Z     🧠 Consulting AI (Vision-First) to find 'Hotels'...
2026-01-20T00:03:25.3877841Z     🔍 Trying smart selectors for 'Hotels'...
2026-01-20T00:03:25.4674013Z     🔍 [SMART] Searching for: 'Hotels' (trying 15+ strategies)
2026-01-20T00:03:25.4675043Z     ⚠️ Smart selectors failed (no unique match). Falling back to AI Vision...
2026-01-20T00:03:25.4676353Z     🧠 [EXPERT] Strategy: Act as Senior SDET focusing on exploring the application to understand functional flow and identifying critical paths for end-to-end automation.
2026-01-20T00:03:25.4679380Z [CACHE HIT] b7a297d8... (hits: 10, misses: 15)
2026-01-20T00:03:25.4680166Z     ⚠️ Skipping duplicate injection: Verify you are human
2026-01-20T00:03:25.4680868Z     🧠 Verifying step validity for 'Hotels' after no candidates found...
2026-01-20T00:03:27.9690375Z [DEBUG] Sending request to gemini-2.0-flash. Number of parts: 2
2026-01-20T00:03:27.9691077Z [DEBUG] Received response (Length: 237)
2026-01-20T00:03:27.9693883Z     🗑️ Step deemed INVALID: The current page is a Cloudflare verification page. The 'Hotels' element is not present on this page. We need to pass the verification before proceeding to the actual website.. Removing from workflow.
2026-01-20T00:03:27.9695426Z     ⏭️ Skipping execution of invalid step: Hotels
2026-01-20T00:03:27.9695945Z   ▶️ [STEP step_4] ASSERT_VISIBLE: hotelSearchForm
2026-01-20T00:03:27.9745982Z     🔍 Mining locators for: 'hotelSearchForm'
2026-01-20T00:03:28.0080229Z     🧠 Consulting AI (Vision-First) to find 'hotelSearchForm'...
2026-01-20T00:03:28.0081032Z     🔍 Trying smart selectors for 'hotelSearchForm'...
2026-01-20T00:03:28.0908616Z     🔍 [SMART] Searching for: 'hotelSearchForm' (trying 15+ strategies)
2026-01-20T00:03:28.0910180Z     ⚠️ Smart selectors failed (no unique match). Falling back to AI Vision...
2026-01-20T00:03:28.0912867Z     🧠 [EXPERT] Strategy: Act as Senior SDET focusing on exploring the application to understand functional flow and identifying critical paths for end-to-end automation.
2026-01-20T00:03:33.1898563Z [DEBUG] Sending request to gemini-2.0-flash. Number of parts: 2
2026-01-20T00:03:33.1899234Z [DEBUG] Received response (Length: 273)
2026-01-20T00:03:33.1900336Z     💡 Expert Suggestion: The page is a Cloudflare verification page. After completing the verification, the hotel search form should be available.
2026-01-20T00:03:33.1901354Z     🛠️ Executing corrective action: click -> 'Verify you are human'
2026-01-20T00:03:33.7307343Z     ✅ Executed corrective navigation
2026-01-20T00:03:35.7331198Z     🔄 Retry 1/3 mining locators for 'hotelSearchForm'...
2026-01-20T00:03:36.7698256Z     🧠 Consulting AI (Vision-First) to find 'hotelSearchForm'...
2026-01-20T00:03:36.7698986Z     🔍 Trying smart selectors for 'hotelSearchForm'...
2026-01-20T00:03:36.8530972Z     🔍 [SMART] Searching for: 'hotelSearchForm' (trying 15+ strategies)
2026-01-20T00:03:36.8532223Z     ⚠️ Smart selectors failed (no unique match). Falling back to AI Vision...
2026-01-20T00:03:36.8534667Z     🧠 [EXPERT] Strategy: Act as Senior SDET focusing on exploring the application to understand functional flow and identifying critical paths for end-to-end automation.
2026-01-20T00:03:36.8537388Z [CACHE HIT] 079c003d... (hits: 11, misses: 17)
2026-01-20T00:03:36.8538381Z     ⚠️ Skipping duplicate injection: Verify you are human
2026-01-20T00:03:36.8538971Z     🔄 Retry 2/3 mining locators for 'hotelSearchForm'...
2026-01-20T00:03:37.8551380Z     🗑️ Invalidating stale AI cache (retry 2)...
2026-01-20T00:03:37.8846662Z     🧠 Consulting AI (Vision-First) to find 'hotelSearchForm'...
2026-01-20T00:03:37.8847472Z     🔍 Trying smart selectors for 'hotelSearchForm'...
2026-01-20T00:03:37.9675291Z     🔍 [SMART] Searching for: 'hotelSearchForm' (trying 15+ strategies)
2026-01-20T00:03:37.9676663Z     ⚠️ Smart selectors failed (no unique match). Falling back to AI Vision...
2026-01-20T00:03:37.9678865Z     🧠 [EXPERT] Strategy: Act as Senior SDET focusing on exploring the application to understand functional flow and identifying critical paths for end-to-end automation.
2026-01-20T00:03:37.9681494Z [CACHE HIT] 079c003d... (hits: 12, misses: 17)
2026-01-20T00:03:37.9682320Z     ⚠️ Skipping duplicate injection: Verify you are human
2026-01-20T00:03:37.9683298Z     🧠 Verifying step validity for 'hotelSearchForm' after no candidates found...
2026-01-20T00:03:39.2317321Z [DEBUG] Sending request to gemini-2.0-flash. Number of parts: 2
2026-01-20T00:03:39.2318014Z [DEBUG] Received response (Length: 196)
2026-01-20T00:03:39.2319573Z     🗑️ Step deemed INVALID: The page is showing a Cloudflare security check. The 'hotelSearchForm' is not visible on this page until the security check is passed.. Removing from workflow.
2026-01-20T00:03:39.2320856Z     ⏭️ Skipping execution of invalid step: hotelSearchForm
2026-01-20T00:03:39.2321379Z   ▶️ [STEP step_5] FILL: City name
2026-01-20T00:03:39.2375484Z     🔍 Mining locators for: 'City name'
2026-01-20T00:03:39.2690538Z     🧠 Consulting AI (Vision-First) to find 'City name'...
2026-01-20T00:03:39.2691190Z     🔍 Trying smart selectors for 'City name'...
2026-01-20T00:03:39.3657676Z     🔍 [SMART] Searching for: 'City name' (trying 15+ strategies)
2026-01-20T00:03:39.3658575Z     ⚠️ Smart selectors failed (no unique match). Falling back to AI Vision...
2026-01-20T00:03:39.3659690Z     🧠 [EXPERT] Strategy: Act as Senior SDET focusing on exploring the application to understand functional flow and identifying critical paths for end-to-end automation.
2026-01-20T00:03:44.5817192Z [DEBUG] Sending request to gemini-2.0-flash. Number of parts: 2
2026-01-20T00:03:44.5817791Z [DEBUG] Received response (Length: 270)
2026-01-20T00:03:44.5818957Z     💡 Expert Suggestion: The page is a Cloudflare security check. After passing the check, the main page with the search bar should be visible.
2026-01-20T00:03:44.5819944Z     🛠️ Executing corrective action: click -> 'Verify you are human'
2026-01-20T00:03:45.1286886Z     ✅ Executed corrective navigation
2026-01-20T00:03:47.1309602Z     🔄 Retry 1/3 mining locators for 'City name'...
2026-01-20T00:03:48.1592008Z     🧠 Consulting AI (Vision-First) to find 'City name'...
2026-01-20T00:03:48.1593012Z     🔍 Trying smart selectors for 'City name'...
2026-01-20T00:03:48.2567905Z     🔍 [SMART] Searching for: 'City name' (trying 15+ strategies)
2026-01-20T00:03:48.2569000Z     ⚠️ Smart selectors failed (no unique match). Falling back to AI Vision...
2026-01-20T00:03:48.2571314Z     🧠 [EXPERT] Strategy: Act as Senior SDET focusing on exploring the application to understand functional flow and identifying critical paths for end-to-end automation.
2026-01-20T00:03:48.2574527Z [CACHE HIT] 570dbd78... (hits: 13, misses: 19)
2026-01-20T00:03:48.2575368Z     ⚠️ Skipping duplicate injection: Verify you are human
2026-01-20T00:03:48.2576095Z     🔄 Retry 2/3 mining locators for 'City name'...
2026-01-20T00:03:49.2589069Z     🗑️ Invalidating stale AI cache (retry 2)...
2026-01-20T00:03:49.2881897Z     🧠 Consulting AI (Vision-First) to find 'City name'...
2026-01-20T00:03:49.2882945Z     🔍 Trying smart selectors for 'City name'...
2026-01-20T00:03:49.3832261Z     🔍 [SMART] Searching for: 'City name' (trying 15+ strategies)
2026-01-20T00:03:49.3833619Z     ⚠️ Smart selectors failed (no unique match). Falling back to AI Vision...
2026-01-20T00:03:49.3835929Z     🧠 [EXPERT] Strategy: Act as Senior SDET focusing on exploring the application to understand functional flow and identifying critical paths for end-to-end automation.
2026-01-20T00:03:49.3837377Z [CACHE HIT] 570dbd78... (hits: 14, misses: 19)
2026-01-20T00:03:49.3838130Z     ⚠️ Skipping duplicate injection: Verify you are human
2026-01-20T00:03:49.3838928Z     🧠 Verifying step validity for 'City name' after no candidates found...
2026-01-20T00:03:50.5930482Z [DEBUG] Sending request to gemini-2.0-flash. Number of parts: 2
2026-01-20T00:03:50.5931383Z [DEBUG] Received response (Length: 255)
2026-01-20T00:03:50.5934986Z     🗑️ Step deemed INVALID: The current page is a Cloudflare verification page. There is no travel booking form or "City name" element present on this page. We need to pass the verification to access the actual website.. Removing from workflow.
2026-01-20T00:03:50.5937998Z     ⏭️ Skipping execution of invalid step: City name
2026-01-20T00:03:50.5938936Z   ▶️ [STEP step_6] CLICK: Search
2026-01-20T00:03:50.5997204Z     🔍 Mining locators for: 'Search'
2026-01-20T00:03:50.6257630Z     🧠 Consulting AI (Vision-First) to find 'Search'...
2026-01-20T00:03:50.6259514Z     🔍 Trying smart selectors for 'Search'...
2026-01-20T00:03:50.7103244Z     🔍 [SMART] Searching for: 'Search' (trying 15+ strategies)
2026-01-20T00:03:50.7104082Z     ⚠️ Smart selectors failed (no unique match). Falling back to AI Vision...
2026-01-20T00:03:50.7105004Z     🧠 [EXPERT] Strategy: Act as Senior SDET focusing on exploring the application to understand functional flow and identifying critical paths for end-to-end automation.
2026-01-20T00:03:55.6847020Z [DEBUG] Sending request to gemini-2.0-flash. Number of parts: 2
2026-01-20T00:03:55.6847542Z [DEBUG] Received response (Length: 264)
2026-01-20T00:03:55.6848591Z     💡 Expert Suggestion: The page is a Cloudflare verification page. After completing the verification, the search bar should be visible.
2026-01-20T00:03:55.6849512Z     🛠️ Executing corrective action: click -> 'Verify you are human'
2026-01-20T00:03:56.2273802Z     ✅ Executed corrective navigation
2026-01-20T00:03:58.2296869Z     🔄 Retry 1/3 mining locators for 'Search'...
2026-01-20T00:03:59.2608242Z     🧠 Consulting AI (Vision-First) to find 'Search'...
2026-01-20T00:03:59.2608829Z     🔍 Trying smart selectors for 'Search'...
2026-01-20T00:03:59.3424098Z     🔍 [SMART] Searching for: 'Search' (trying 15+ strategies)
2026-01-20T00:03:59.3425129Z     ⚠️ Smart selectors failed (no unique match). Falling back to AI Vision...
2026-01-20T00:03:59.3426490Z     🧠 [EXPERT] Strategy: Act as Senior SDET focusing on exploring the application to understand functional flow and identifying critical paths for end-to-end automation.
2026-01-20T00:03:59.3429085Z [CACHE HIT] e05fe88a... (hits: 15, misses: 21)
2026-01-20T00:03:59.3429961Z     ⚠️ Skipping duplicate injection: Verify you are human
2026-01-20T00:03:59.3430646Z     🔄 Retry 2/3 mining locators for 'Search'...
2026-01-20T00:04:00.3443840Z     🗑️ Invalidating stale AI cache (retry 2)...
2026-01-20T00:04:00.3747224Z     🧠 Consulting AI (Vision-First) to find 'Search'...
2026-01-20T00:04:00.3748154Z     🔍 Trying smart selectors for 'Search'...
2026-01-20T00:04:00.4616623Z     🔍 [SMART] Searching for: 'Search' (trying 15+ strategies)
2026-01-20T00:04:00.4617865Z     ⚠️ Smart selectors failed (no unique match). Falling back to AI Vision...
2026-01-20T00:04:00.4620063Z     🧠 [EXPERT] Strategy: Act as Senior SDET focusing on exploring the application to understand functional flow and identifying critical paths for end-to-end automation.
2026-01-20T00:04:00.4622449Z [CACHE HIT] e05fe88a... (hits: 16, misses: 21)
2026-01-20T00:04:00.4623211Z     ⚠️ Skipping duplicate injection: Verify you are human
2026-01-20T00:04:00.4624093Z     🧠 Verifying step validity for 'Search' after no candidates found...
2026-01-20T00:04:01.5640696Z [DEBUG] Sending request to gemini-2.0-flash. Number of parts: 2
2026-01-20T00:04:01.5641673Z [DEBUG] Received response (Length: 237)
2026-01-20T00:04:01.5644029Z     🗑️ Step deemed INVALID: The current page is a Cloudflare verification page. The 'Search' element is not present on this page. We need to pass the verification before proceeding to the actual website.. Removing from workflow.
2026-01-20T00:04:01.5645543Z     ⏭️ Skipping execution of invalid step: Search
2026-01-20T00:04:01.5646098Z   ▶️ [STEP step_7] ASSERT_VISIBLE: hotelResultsTable
2026-01-20T00:04:01.5707687Z     🔍 Mining locators for: 'hotelResultsTable'
2026-01-20T00:04:01.6008581Z     🧠 Consulting AI (Vision-First) to find 'hotelResultsTable'...
2026-01-20T00:04:01.6009335Z     🔍 Trying smart selectors for 'hotelResultsTable'...
2026-01-20T00:04:01.6801494Z     🔍 [SMART] Searching for: 'hotelResultsTable' (trying 15+ strategies)
2026-01-20T00:04:01.6802455Z     ⚠️ Smart selectors failed (no unique match). Falling back to AI Vision...
2026-01-20T00:04:01.6803709Z     🧠 [EXPERT] Strategy: Act as Senior SDET focusing on exploring the application to understand functional flow and identifying critical paths for end-to-end automation.
2026-01-20T00:04:06.7653360Z [DEBUG] Sending request to gemini-2.0-flash. Number of parts: 2
2026-01-20T00:04:06.7653808Z [DEBUG] Received response (Length: 260)
2026-01-20T00:04:06.7654776Z     💡 Expert Suggestion: The page is a Cloudflare security check. After passing the check, the hotel results table should be visible.
2026-01-20T00:04:06.7655591Z     🛠️ Executing corrective action: click -> 'Verify you are human'
2026-01-20T00:04:07.3099720Z     ✅ Executed corrective navigation
2026-01-20T00:04:09.3123300Z     🔄 Retry 1/3 mining locators for 'hotelResultsTable'...
2026-01-20T00:04:10.3407634Z     🧠 Consulting AI (Vision-First) to find 'hotelResultsTable'...
2026-01-20T00:04:10.3408480Z     🔍 Trying smart selectors for 'hotelResultsTable'...
2026-01-20T00:04:10.4163697Z     🔍 [SMART] Searching for: 'hotelResultsTable' (trying 15+ strategies)
2026-01-20T00:04:10.4165819Z     ⚠️ Smart selectors failed (no unique match). Falling back to AI Vision...
2026-01-20T00:04:10.4167101Z     🧠 [EXPERT] Strategy: Act as Senior SDET focusing on exploring the application to understand functional flow and identifying critical paths for end-to-end automation.
2026-01-20T00:04:10.4168601Z [CACHE HIT] 573c6ad1... (hits: 17, misses: 23)
2026-01-20T00:04:10.4169277Z     ⚠️ Skipping duplicate injection: Verify you are human
2026-01-20T00:04:10.4170001Z     🔄 Retry 2/3 mining locators for 'hotelResultsTable'...
2026-01-20T00:04:11.4183960Z     🗑️ Invalidating stale AI cache (retry 2)...
2026-01-20T00:04:11.4513961Z     🧠 Consulting AI (Vision-First) to find 'hotelResultsTable'...
2026-01-20T00:04:11.4514780Z     🔍 Trying smart selectors for 'hotelResultsTable'...
2026-01-20T00:04:11.5294123Z     🔍 [SMART] Searching for: 'hotelResultsTable' (trying 15+ strategies)
2026-01-20T00:04:11.5295083Z     ⚠️ Smart selectors failed (no unique match). Falling back to AI Vision...
2026-01-20T00:04:11.5296634Z     🧠 [EXPERT] Strategy: Act as Senior SDET focusing on exploring the application to understand functional flow and identifying critical paths for end-to-end automation.
2026-01-20T00:04:11.5298560Z [CACHE HIT] 573c6ad1... (hits: 18, misses: 23)
2026-01-20T00:04:11.5299418Z     ⚠️ Skipping duplicate injection: Verify you are human
2026-01-20T00:04:11.5300156Z     🧠 Verifying step validity for 'hotelResultsTable' after no candidates found...
2026-01-20T00:04:12.8867201Z [DEBUG] Sending request to gemini-2.0-flash. Number of parts: 2
2026-01-20T00:04:12.8867956Z [DEBUG] Received response (Length: 261)
2026-01-20T00:04:12.8870775Z     🗑️ Step deemed INVALID: The page is showing a Cloudflare verification challenge. The 'hotelResultsTable' will not be present until the verification is complete. We are on the correct domain, but the page content is blocked.. Removing from workflow.
2026-01-20T00:04:12.8872518Z     ⏭️ Skipping execution of invalid step: hotelResultsTable
2026-01-20T00:04:14.9254599Z 
2026-01-20T00:04:14.9255804Z [3/3] Exploring Scenario: Explore Tours Booking Flow
2026-01-20T00:04:14.9259073Z     🧠 Initialized exploration context for goal: 'This scenario covers the basic tours booking flow: searching for a tour, selecting a tour, and proceeding to the booking page.'
2026-01-20T00:04:14.9260389Z     🎯 Scenario: Explore Tours Booking Flow
2026-01-20T00:04:14.9260913Z   ▶️ [STEP step_1] NAVIGATE: 
2026-01-20T00:04:15.5739104Z     ✅ Navigated to https://phptravels.com/demo/
2026-01-20T00:04:15.5739787Z   ▶️ [STEP step_2] ASSERT_URL: 
2026-01-20T00:04:20.6278988Z     ⚠️ Scroll into view failed for text=None. Proceeding anyway.
2026-01-20T00:04:22.6303092Z     ✅ State transitioned.
2026-01-20T00:04:24.1119393Z [DEBUG] Sending request to gemini-2.0-flash. Number of parts: 2
2026-01-20T00:04:24.1120306Z [DEBUG] Received response (Length: 282)
2026-01-20T00:04:24.1121399Z     🤖 AI Next Step Suggestion: click -> Verify you are human
2026-01-20T00:04:24.1122301Z     🧩 Suggested Locator: input[type='checkbox']
2026-01-20T00:04:24.1125081Z     💭 Reasoning: The page requires human verification before proceeding. Clicking the checkbox is the next logical step to access the website and continue with the tour booking flow.
2026-01-20T00:04:24.1127670Z     🔄 Same AI suggestion but state changed (URL or DOM). Resetting loop counter.
2026-01-20T00:04:24.1128905Z     ➕ Injected AI step: click -> Verify you are human
2026-01-20T00:04:24.1129874Z   ▶️ [STEP step_2_ai_1] CLICK: Verify you are human
2026-01-20T00:04:24.1188372Z     🎯 Using AI-provided locator: input[type='checkbox']
2026-01-20T00:04:24.1208193Z     🔍 Mining locators for: 'Verify you are human'
2026-01-20T00:04:24.1540342Z     ✅ Found 1 verified locators
2026-01-20T00:04:27.7252162Z     ✅ State transitioned.
2026-01-20T00:04:29.0736519Z [DEBUG] Sending request to gemini-2.0-flash. Number of parts: 2
2026-01-20T00:04:29.0737236Z [DEBUG] Received response (Length: 213)
2026-01-20T00:04:29.0738054Z     🤖 AI Next Step Suggestion: click -> Verify you are human
2026-01-20T00:04:29.0740253Z     🧩 Suggested Locator: input[type='checkbox']
2026-01-20T00:04:29.0741371Z     💭 Reasoning: The page requires human verification. Clicking the checkbox is the next logical step to proceed.
2026-01-20T00:04:29.0742485Z     🔄 Same AI suggestion but state changed (URL or DOM). Resetting loop counter.
2026-01-20T00:04:29.0743741Z     ⚠️ Skipping duplicate AI suggestion (just executed): ('click', 'verify you are human')
2026-01-20T00:04:29.0744469Z   ▶️ [STEP step_3] CLICK: Tours
2026-01-20T00:04:29.0810613Z     🔍 Mining locators for: 'Tours'
2026-01-20T00:04:29.1081770Z     🧠 Consulting AI (Vision-First) to find 'Tours'...
2026-01-20T00:04:29.1082395Z     🔍 Trying smart selectors for 'Tours'...
2026-01-20T00:04:29.1876742Z     🔍 [SMART] Searching for: 'Tours' (trying 15+ strategies)
2026-01-20T00:04:29.1877689Z     ⚠️ Smart selectors failed (no unique match). Falling back to AI Vision...
2026-01-20T00:04:29.1879851Z     🧠 [EXPERT] Strategy: Act as Senior SDET focusing on exploring the application to understand functional flow and identifying critical paths for end-to-end automation.
2026-01-20T00:04:34.4645634Z [DEBUG] Sending request to gemini-2.0-flash. Number of parts: 2
2026-01-20T00:04:34.4646367Z [DEBUG] Received response (Length: 301)
2026-01-20T00:04:34.4647229Z     ⚠️ Skipping duplicate injection: Verify you are human
2026-01-20T00:04:34.4647902Z     🔄 Retry 1/3 mining locators for 'Tours'...
2026-01-20T00:04:35.4921290Z     🧠 Consulting AI (Vision-First) to find 'Tours'...
2026-01-20T00:04:35.4921868Z     🔍 Trying smart selectors for 'Tours'...
2026-01-20T00:04:35.5663653Z     🔍 [SMART] Searching for: 'Tours' (trying 15+ strategies)
2026-01-20T00:04:35.5664812Z     ⚠️ Smart selectors failed (no unique match). Falling back to AI Vision...
2026-01-20T00:04:35.5667046Z     🧠 [EXPERT] Strategy: Act as Senior SDET focusing on exploring the application to understand functional flow and identifying critical paths for end-to-end automation.
2026-01-20T00:04:35.5670116Z [CACHE HIT] b9014db7... (hits: 19, misses: 27)
2026-01-20T00:04:35.5670671Z     ⚠️ Skipping duplicate injection: Verify you are human
2026-01-20T00:04:35.5671393Z     🔄 Retry 2/3 mining locators for 'Tours'...
2026-01-20T00:04:36.5685002Z     🗑️ Invalidating stale AI cache (retry 2)...
2026-01-20T00:04:36.6001340Z     🧠 Consulting AI (Vision-First) to find 'Tours'...
2026-01-20T00:04:36.6001916Z     🔍 Trying smart selectors for 'Tours'...
2026-01-20T00:04:36.6760225Z     🔍 [SMART] Searching for: 'Tours' (trying 15+ strategies)
2026-01-20T00:04:36.6761035Z     ⚠️ Smart selectors failed (no unique match). Falling back to AI Vision...
2026-01-20T00:04:36.6762018Z     🧠 [EXPERT] Strategy: Act as Senior SDET focusing on exploring the application to understand functional flow and identifying critical paths for end-to-end automation.
2026-01-20T00:04:36.6765307Z [CACHE HIT] b9014db7... (hits: 20, misses: 27)
2026-01-20T00:04:36.6766090Z     ⚠️ Skipping duplicate injection: Verify you are human
2026-01-20T00:04:36.6766793Z     🧠 Verifying step validity for 'Tours' after no candidates found...
2026-01-20T00:04:38.9149355Z [DEBUG] Sending request to gemini-2.0-flash. Number of parts: 2
2026-01-20T00:04:38.9150264Z [DEBUG] Received response (Length: 235)
2026-01-20T00:04:38.9153478Z     🗑️ Step deemed INVALID: The current page is a Cloudflare security check. The 'Tours' element is not present on this page. We need to pass the security check before proceeding to the actual website.. Removing from workflow.
2026-01-20T00:04:38.9156199Z     ⏭️ Skipping execution of invalid step: Tours
2026-01-20T00:04:38.9157132Z   ▶️ [STEP step_4] ASSERT_VISIBLE: toursSearchForm
2026-01-20T00:04:38.9213850Z     🔍 Mining locators for: 'toursSearchForm'
2026-01-20T00:04:38.9536366Z     🧠 Consulting AI (Vision-First) to find 'toursSearchForm'...
2026-01-20T00:04:38.9537233Z     🔍 Trying smart selectors for 'toursSearchForm'...
2026-01-20T00:04:39.0421524Z     🔍 [SMART] Searching for: 'toursSearchForm' (trying 15+ strategies)
2026-01-20T00:04:39.0422393Z     ⚠️ Smart selectors failed (no unique match). Falling back to AI Vision...
2026-01-20T00:04:39.0423511Z     🧠 [EXPERT] Strategy: Act as Senior SDET focusing on exploring the application to understand functional flow and identifying critical paths for end-to-end automation.
2026-01-20T00:04:44.3085361Z [DEBUG] Sending request to gemini-2.0-flash. Number of parts: 2
2026-01-20T00:04:44.3086339Z [DEBUG] Received response (Length: 284)
2026-01-20T00:04:44.3088997Z     💡 Expert Suggestion: The page is currently showing a Cloudflare verification. After completing the verification, the tours search form should be visible.
2026-01-20T00:04:44.3091496Z     🛠️ Executing corrective action: click -> 'Verify you are human'
2026-01-20T00:04:44.8530723Z     ✅ Executed corrective navigation
2026-01-20T00:04:46.8554495Z     🔄 Retry 1/3 mining locators for 'toursSearchForm'...
2026-01-20T00:04:47.8893701Z     🧠 Consulting AI (Vision-First) to find 'toursSearchForm'...
2026-01-20T00:04:47.8894260Z     🔍 Trying smart selectors for 'toursSearchForm'...
2026-01-20T00:04:47.9716462Z     🔍 [SMART] Searching for: 'toursSearchForm' (trying 15+ strategies)
2026-01-20T00:04:47.9717529Z     ⚠️ Smart selectors failed (no unique match). Falling back to AI Vision...
2026-01-20T00:04:47.9718583Z     🧠 [EXPERT] Strategy: Act as Senior SDET focusing on exploring the application to understand functional flow and identifying critical paths for end-to-end automation.
2026-01-20T00:04:47.9721518Z [CACHE HIT] 2429fec7... (hits: 21, misses: 29)
2026-01-20T00:04:47.9722188Z     ⚠️ Skipping duplicate injection: Verify you are human
2026-01-20T00:04:47.9722800Z     🔄 Retry 2/3 mining locators for 'toursSearchForm'...
2026-01-20T00:04:48.9735661Z     🗑️ Invalidating stale AI cache (retry 2)...
2026-01-20T00:04:49.0035736Z     🧠 Consulting AI (Vision-First) to find 'toursSearchForm'...
2026-01-20T00:04:49.0036333Z     🔍 Trying smart selectors for 'toursSearchForm'...
2026-01-20T00:04:49.0873390Z     🔍 [SMART] Searching for: 'toursSearchForm' (trying 15+ strategies)
2026-01-20T00:04:49.0874629Z     ⚠️ Smart selectors failed (no unique match). Falling back to AI Vision...
2026-01-20T00:04:49.0875757Z     🧠 [EXPERT] Strategy: Act as Senior SDET focusing on exploring the application to understand functional flow and identifying critical paths for end-to-end automation.
2026-01-20T00:04:49.0878539Z [CACHE HIT] 2429fec7... (hits: 22, misses: 29)
2026-01-20T00:04:49.0879319Z     ⚠️ Skipping duplicate injection: Verify you are human
2026-01-20T00:04:49.0880019Z     🧠 Verifying step validity for 'toursSearchForm' after no candidates found...
2026-01-20T00:04:50.3583846Z [DEBUG] Sending request to gemini-2.0-flash. Number of parts: 2
2026-01-20T00:04:50.3584563Z [DEBUG] Received response (Length: 289)
2026-01-20T00:04:50.3586522Z     🗑️ Step deemed INVALID: The current page is a Cloudflare verification page. The 'toursSearchForm' element is not present on this page. We need to pass the Cloudflare verification before we can interact with the intended elements on the actual website.. Removing from workflow.
2026-01-20T00:04:50.3588314Z     ⏭️ Skipping execution of invalid step: toursSearchForm
2026-01-20T00:04:50.3588785Z   ▶️ [STEP step_5] FILL: City name
2026-01-20T00:04:50.3670657Z     🔍 Mining locators for: 'City name'
2026-01-20T00:04:50.4057876Z     🧠 Consulting AI (Vision-First) to find 'City name'...
2026-01-20T00:04:50.4058388Z     🔍 Trying smart selectors for 'City name'...
2026-01-20T00:04:50.4990291Z     🔍 [SMART] Searching for: 'City name' (trying 15+ strategies)
2026-01-20T00:04:50.4991255Z     ⚠️ Smart selectors failed (no unique match). Falling back to AI Vision...
2026-01-20T00:04:50.4992327Z     🧠 [EXPERT] Strategy: Act as Senior SDET focusing on exploring the application to understand functional flow and identifying critical paths for end-to-end automation.
2026-01-20T00:04:55.3948326Z [DEBUG] Sending request to gemini-2.0-flash. Number of parts: 2
2026-01-20T00:04:55.3949281Z [DEBUG] Received response (Length: 251)
2026-01-20T00:04:55.3951324Z     💡 Expert Suggestion: The page is a Cloudflare security check. After passing the check, the search bar should be visible.
2026-01-20T00:04:55.3953591Z     🛠️ Executing corrective action: click -> 'Verify you are human'
2026-01-20T00:04:55.9427874Z     ✅ Executed corrective navigation
2026-01-20T00:04:57.9451653Z     🔄 Retry 1/3 mining locators for 'City name'...
2026-01-20T00:04:58.9735264Z     🧠 Consulting AI (Vision-First) to find 'City name'...
2026-01-20T00:04:58.9736057Z     🔍 Trying smart selectors for 'City name'...
2026-01-20T00:04:59.0782387Z     🔍 [SMART] Searching for: 'City name' (trying 15+ strategies)
2026-01-20T00:04:59.0783393Z     ⚠️ Smart selectors failed (no unique match). Falling back to AI Vision...
2026-01-20T00:04:59.0784407Z     🧠 [EXPERT] Strategy: Act as Senior SDET focusing on exploring the application to understand functional flow and identifying critical paths for end-to-end automation.
2026-01-20T00:04:59.0788210Z [CACHE HIT] 0041d22c... (hits: 23, misses: 31)
2026-01-20T00:04:59.0789020Z     ⚠️ Skipping duplicate injection: Verify you are human
2026-01-20T00:04:59.0789598Z     🔄 Retry 2/3 mining locators for 'City name'...
2026-01-20T00:05:00.0804702Z     🗑️ Invalidating stale AI cache (retry 2)...
2026-01-20T00:05:00.1097900Z     🧠 Consulting AI (Vision-First) to find 'City name'...
2026-01-20T00:05:00.1098478Z     🔍 Trying smart selectors for 'City name'...
2026-01-20T00:05:00.2112325Z     🔍 [SMART] Searching for: 'City name' (trying 15+ strategies)
2026-01-20T00:05:00.2113560Z     ⚠️ Smart selectors failed (no unique match). Falling back to AI Vision...
2026-01-20T00:05:00.2115444Z     🧠 [EXPERT] Strategy: Act as Senior SDET focusing on exploring the application to understand functional flow and identifying critical paths for end-to-end automation.
2026-01-20T00:05:00.2117063Z [CACHE HIT] 0041d22c... (hits: 24, misses: 31)
2026-01-20T00:05:00.2117833Z     ⚠️ Skipping duplicate injection: Verify you are human
2026-01-20T00:05:00.2119195Z     🧠 Verifying step validity for 'City name' after no candidates found...
2026-01-20T00:05:01.4954465Z [DEBUG] Sending request to gemini-2.0-flash. Number of parts: 2
2026-01-20T00:05:01.4955372Z [DEBUG] Received response (Length: 253)
2026-01-20T00:05:01.4957320Z     🗑️ Step deemed INVALID: The page is showing a Cloudflare verification challenge. There is no 'City name' element visible on this page. We need to pass the verification before proceeding with the travel booking task.. Removing from workflow.
2026-01-20T00:05:01.4958837Z     ⏭️ Skipping execution of invalid step: City name
2026-01-20T00:05:01.4959308Z   ▶️ [STEP step_6] CLICK: Search
2026-01-20T00:05:01.5019012Z     🔍 Mining locators for: 'Search'
2026-01-20T00:05:01.5328950Z     🧠 Consulting AI (Vision-First) to find 'Search'...
2026-01-20T00:05:01.5329536Z     🔍 Trying smart selectors for 'Search'...
2026-01-20T00:05:01.6215580Z     🔍 [SMART] Searching for: 'Search' (trying 15+ strategies)
2026-01-20T00:05:01.6216642Z     ⚠️ Smart selectors failed (no unique match). Falling back to AI Vision...
2026-01-20T00:05:01.6219935Z     🧠 [EXPERT] Strategy: Act as Senior SDET focusing on exploring the application to understand functional flow and identifying critical paths for end-to-end automation.
2026-01-20T00:05:06.5898004Z [DEBUG] Sending request to gemini-2.0-flash. Number of parts: 2
2026-01-20T00:05:06.5898787Z [DEBUG] Received response (Length: 252)
2026-01-20T00:05:06.5900011Z     💡 Expert Suggestion: The page is a security check. After passing the check, the search functionality should be available.
2026-01-20T00:05:06.5901164Z     🛠️ Executing corrective action: click -> 'Verify you are human'
2026-01-20T00:05:07.1347436Z     ✅ Executed corrective navigation
2026-01-20T00:05:09.1370875Z     🔄 Retry 1/3 mining locators for 'Search'...
2026-01-20T00:05:10.1647847Z     🧠 Consulting AI (Vision-First) to find 'Search'...
2026-01-20T00:05:10.1648596Z     🔍 Trying smart selectors for 'Search'...
2026-01-20T00:05:10.2543414Z     🔍 [SMART] Searching for: 'Search' (trying 15+ strategies)
2026-01-20T00:05:10.2544497Z     ⚠️ Smart selectors failed (no unique match). Falling back to AI Vision...
2026-01-20T00:05:10.2546845Z     🧠 [EXPERT] Strategy: Act as Senior SDET focusing on exploring the application to understand functional flow and identifying critical paths for end-to-end automation.
2026-01-20T00:05:10.2549913Z [CACHE HIT] 431ba3a6... (hits: 25, misses: 33)
2026-01-20T00:05:10.2550542Z     ⚠️ Skipping duplicate injection: Verify you are human
2026-01-20T00:05:10.2551076Z     🔄 Retry 2/3 mining locators for 'Search'...
2026-01-20T00:05:11.2565844Z     🗑️ Invalidating stale AI cache (retry 2)...
2026-01-20T00:05:11.2916055Z     🧠 Consulting AI (Vision-First) to find 'Search'...
2026-01-20T00:05:11.2916752Z     🔍 Trying smart selectors for 'Search'...
2026-01-20T00:05:11.3725672Z     🔍 [SMART] Searching for: 'Search' (trying 15+ strategies)
2026-01-20T00:05:11.3726582Z     ⚠️ Smart selectors failed (no unique match). Falling back to AI Vision...
2026-01-20T00:05:11.3727931Z     🧠 [EXPERT] Strategy: Act as Senior SDET focusing on exploring the application to understand functional flow and identifying critical paths for end-to-end automation.
2026-01-20T00:05:11.3730930Z [CACHE HIT] 431ba3a6... (hits: 26, misses: 33)
2026-01-20T00:05:11.3731710Z     ⚠️ Skipping duplicate injection: Verify you are human
2026-01-20T00:05:11.3732332Z     🧠 Verifying step validity for 'Search' after no candidates found...
2026-01-20T00:05:12.7204357Z [DEBUG] Sending request to gemini-2.0-flash. Number of parts: 2
2026-01-20T00:05:12.7204952Z [DEBUG] Received response (Length: 236)
2026-01-20T00:05:12.7206864Z     🗑️ Step deemed INVALID: The current page is a Cloudflare security check. The 'Search' element is not present on this page. We need to pass the security check before proceeding to the actual website.. Removing from workflow.
2026-01-20T00:05:12.7208589Z     ⏭️ Skipping execution of invalid step: Search
2026-01-20T00:05:12.7209247Z   ▶️ [STEP step_7] ASSERT_VISIBLE: toursResultsTable
2026-01-20T00:05:12.7274443Z     🔍 Mining locators for: 'toursResultsTable'
2026-01-20T00:05:12.7535684Z     🧠 Consulting AI (Vision-First) to find 'toursResultsTable'...
2026-01-20T00:05:12.7536241Z     🔍 Trying smart selectors for 'toursResultsTable'...
2026-01-20T00:05:12.8337560Z     🔍 [SMART] Searching for: 'toursResultsTable' (trying 15+ strategies)
2026-01-20T00:05:12.8338630Z     ⚠️ Smart selectors failed (no unique match). Falling back to AI Vision...
2026-01-20T00:05:12.8339713Z     🧠 [EXPERT] Strategy: Act as Senior SDET focusing on exploring the application to understand functional flow and identifying critical paths for end-to-end automation.
2026-01-20T00:05:17.6845625Z [DEBUG] Sending request to gemini-2.0-flash. Number of parts: 2
2026-01-20T00:05:17.6846488Z [DEBUG] Received response (Length: 299)
2026-01-20T00:05:17.6848932Z     💡 Expert Suggestion: The page is a Cloudflare verification page. We need to pass the verification to access the main content where 'toursResultsTable' might be located.
2026-01-20T00:05:17.6851300Z     🛠️ Executing corrective action: click -> 'Verify you are human'
2026-01-20T00:05:18.2268795Z     ✅ Executed corrective navigation
2026-01-20T00:05:20.2293064Z     🔄 Retry 1/3 mining locators for 'toursResultsTable'...
2026-01-20T00:05:21.2570757Z     🧠 Consulting AI (Vision-First) to find 'toursResultsTable'...
2026-01-20T00:05:21.2571662Z     🔍 Trying smart selectors for 'toursResultsTable'...
2026-01-20T00:05:21.3420055Z     🔍 [SMART] Searching for: 'toursResultsTable' (trying 15+ strategies)
2026-01-20T00:05:21.3421016Z     ⚠️ Smart selectors failed (no unique match). Falling back to AI Vision...
2026-01-20T00:05:21.3422775Z     🧠 [EXPERT] Strategy: Act as Senior SDET focusing on exploring the application to understand functional flow and identifying critical paths for end-to-end automation.
2026-01-20T00:05:21.3425518Z [CACHE HIT] 96066d82... (hits: 27, misses: 35)
2026-01-20T00:05:21.3426188Z     ⚠️ Skipping duplicate injection: Verify you are human
2026-01-20T00:05:21.3426872Z     🔄 Retry 2/3 mining locators for 'toursResultsTable'...
2026-01-20T00:05:22.3439219Z     🗑️ Invalidating stale AI cache (retry 2)...
2026-01-20T00:05:22.3747403Z     🧠 Consulting AI (Vision-First) to find 'toursResultsTable'...
2026-01-20T00:05:22.3747939Z     🔍 Trying smart selectors for 'toursResultsTable'...
2026-01-20T00:05:22.4594289Z     🔍 [SMART] Searching for: 'toursResultsTable' (trying 15+ strategies)
2026-01-20T00:05:22.4595618Z     ⚠️ Smart selectors failed (no unique match). Falling back to AI Vision...
2026-01-20T00:05:22.4597027Z     🧠 [EXPERT] Strategy: Act as Senior SDET focusing on exploring the application to understand functional flow and identifying critical paths for end-to-end automation.
2026-01-20T00:05:22.4599332Z [CACHE HIT] 96066d82... (hits: 28, misses: 35)
2026-01-20T00:05:22.4600215Z     ⚠️ Skipping duplicate injection: Verify you are human
2026-01-20T00:05:22.4601380Z     🧠 Verifying step validity for 'toursResultsTable' after no candidates found...
2026-01-20T00:05:23.9149575Z [DEBUG] Sending request to gemini-2.0-flash. Number of parts: 2
2026-01-20T00:05:23.9150392Z [DEBUG] Received response (Length: 272)
2026-01-20T00:05:23.9153050Z     🗑️ Step deemed INVALID: The page is currently displaying a Cloudflare security check. The 'toursResultsTable' element will not be present until the security check is passed. Therefore, attempting to locate it at this stage is invalid.. Removing from workflow.
2026-01-20T00:05:23.9154854Z     ⏭️ Skipping execution of invalid step: toursResultsTable
2026-01-20T00:05:25.9530755Z 🗂️  All generated tests written to /home/runner/work/build_qa_automation/build_qa_automation/projects/ci_phptravels_demo/tests/generated_scenarios.json
2026-01-20T00:05:25.9531788Z 
2026-01-20T00:05:25.9532222Z 📝 Processing scenario 'Explore Flights Booking Flow' with 5 steps
2026-01-20T00:05:25.9533162Z   🔍 Step 2 (click): Found 1 mined locators
2026-01-20T00:05:25.9533987Z       ✅ Kept robust locator (0.70): text=Verify you are human by completing the action...
2026-01-20T00:05:25.9535176Z   💾 Saved 1 robust locators (top stability: 0.70)
2026-01-20T00:05:25.9535785Z   🔍 Step 3 (fill): Found 1 mined locators
2026-01-20T00:05:25.9536378Z       ⚠️ Skipping low-confidence locator (0.60): ...
2026-01-20T00:05:25.9537245Z   ⚠️  No robust locators passed filtering. Executor will use fallback strategies.
2026-01-20T00:05:25.9537986Z   🔍 Step 4 (fill): Found 1 mined locators
2026-01-20T00:05:25.9538562Z       ⚠️ Skipping low-confidence locator (0.60): ...
2026-01-20T00:05:25.9539373Z   ⚠️  No robust locators passed filtering. Executor will use fallback strategies.
2026-01-20T00:05:25.9540316Z ✅ Updated scenario 'Explore Flights Booking Flow' with 5 validated steps
2026-01-20T00:05:25.9540799Z 
2026-01-20T00:05:25.9541188Z 📝 Processing scenario 'Explore Hotels Booking Flow' with 3 steps
2026-01-20T00:05:25.9541855Z   🔍 Step 2 (click): Found 1 mined locators
2026-01-20T00:05:25.9542415Z       ✅ Kept robust locator (0.70): text=Verify you are human by completing the action...
2026-01-20T00:05:25.9543118Z   💾 Saved 1 robust locators (top stability: 0.70)
2026-01-20T00:05:25.9543577Z ✅ Updated scenario 'Explore Hotels Booking Flow' with 3 validated steps
2026-01-20T00:05:25.9543850Z 
2026-01-20T00:05:25.9544058Z 📝 Processing scenario 'Explore Tours Booking Flow' with 3 steps
2026-01-20T00:05:25.9544438Z   🔍 Step 2 (click): Found 1 mined locators
2026-01-20T00:05:25.9544885Z       ✅ Kept robust locator (0.70): text=Verify you are human by completing the action...
2026-01-20T00:05:25.9545340Z   💾 Saved 1 robust locators (top stability: 0.70)
2026-01-20T00:05:25.9545760Z ✅ Updated scenario 'Explore Tours Booking Flow' with 3 validated steps
2026-01-20T00:05:25.9546551Z 🔄 Updated workflow.json with discovered steps and locators.
2026-01-20T00:05:25.9547466Z 
2026-01-20T00:05:25.9547696Z ============================================================
2026-01-20T00:05:25.9548265Z 📊 EXPLORER PERFORMANCE SUMMARY
2026-01-20T00:05:25.9548713Z ============================================================
2026-01-20T00:05:25.9549036Z 
2026-01-20T00:05:25.9549214Z 🔍 Locator Mining:
2026-01-20T00:05:25.9549620Z    • Total Locators Mined: 5
2026-01-20T00:05:25.9550078Z    • Filtered Out (Brittle): 2 (40.0%)
2026-01-20T00:05:25.9550570Z    • Saved to Golden Path: 3 (60.0%)
2026-01-20T00:05:25.9550857Z 
2026-01-20T00:05:25.9551049Z ⚠️  Filtering Breakdown:
2026-01-20T00:05:25.9551461Z    • Low Confidence (<0.75): 2
2026-01-20T00:05:25.9551719Z 
2026-01-20T00:05:25.9551901Z ✅ Golden Path Quality:
2026-01-20T00:05:25.9552896Z    ✅ GOOD - 60.0% of mined locators are robust.
2026-01-20T00:05:25.9553269Z 
2026-01-20T00:05:25.9553443Z ============================================================
2026-01-20T00:05:25.9553779Z 
2026-01-20T00:05:25.9554048Z ✅ Deep Exploration Complete.
2026-01-20T00:06:11.4617766Z 
2026-01-20T00:06:11.4618533Z 🚀 [EXECUTE] Starting Automation Execution Engine
2026-01-20T00:06:11.4619184Z 📍 Project: ci_phptravels_demo
2026-01-20T00:06:11.4619665Z 🎬 Mode: Headless
2026-01-20T00:06:11.4619859Z 
2026-01-20T00:06:11.4620084Z --- Scenario: Explore Flights Booking Flow ---
2026-01-20T00:06:11.4621244Z   ▶️  [STEP step_1] NAVIGATE: NAVIGATE
2026-01-20T00:06:11.4621853Z     ✅ Step step_1 Passed.
2026-01-20T00:06:11.4622372Z   ▶️  [STEP step_2] ASSERT_URL: ASSERT_URL
2026-01-20T00:06:11.4623216Z     ✅ Step step_2 Passed.
2026-01-20T00:06:11.4623748Z   ▶️  [STEP step_2_ai_1] CLICK: Verify you are human
2026-01-20T00:06:11.4624443Z     🔍 Trying 1 validated locators from golden path...
2026-01-20T00:06:11.4625220Z     ❌ Locator #1 found 0 elements: text=Verify you are human by completing ...
2026-01-20T00:06:11.4625838Z     ⚠️  All golden path locators failed. Will try text-based fallback.
2026-01-20T00:06:11.4626280Z     ✅ Step step_2_ai_1 Passed.
2026-01-20T00:06:11.4626587Z   ▶️  [STEP step_5] FILL: From
2026-01-20T00:06:11.4627199Z     ❌ Attempt 1 failed (element_not_found): Locator.scroll_into_view_if_needed: Timeout 10000ms exceeded.
2026-01-20T00:06:11.4627998Z Call log:
2026-01-20T00:06:11.4628209Z   - waiting for locator("tex...
2026-01-20T00:06:11.4628581Z     🔧 [AUTO-HEAL] Re-mining page to find 'From'...
2026-01-20T00:06:11.4629026Z [DEBUG] Sending request to gemini-2.0-flash. Number of parts: 2
2026-01-20T00:06:11.4629437Z [DEBUG] Received response (Length: 38)
2026-01-20T00:06:11.4629955Z     ❌ AI could not re-locate the element. Waiting 1s before next retry.
2026-01-20T00:06:11.4630691Z     ❌ Attempt 2 failed (element_not_found): Locator.scroll_into_view_if_needed: Timeout 10000ms exceeded.
2026-01-20T00:06:11.4631226Z Call log:
2026-01-20T00:06:11.4631436Z   - waiting for locator("tex...
2026-01-20T00:06:11.4631823Z     🔧 [AUTO-HEAL] Re-mining page to find 'From'...
2026-01-20T00:06:11.4632174Z [CACHE HIT] ed0f2124... (hits: 1, misses: 1)
2026-01-20T00:06:11.4632818Z     ❌ AI could not re-locate the element. Waiting 1s before next retry.
2026-01-20T00:06:11.4633558Z     ❌ Attempt 3 failed (element_not_found): Locator.scroll_into_view_if_needed: Timeout 10000ms exceeded.
2026-01-20T00:06:11.4634102Z Call log:
2026-01-20T00:06:11.4634311Z   - waiting for locator("tex...
2026-01-20T00:06:11.4634649Z     💀 Step step_5 failed after all retries.
2026-01-20T00:06:11.4635146Z 🛑 Scenario 'Explore Flights Booking Flow' aborted due to step failure.
2026-01-20T00:06:11.4635488Z 
2026-01-20T00:06:11.4635614Z --- Scenario: Explore Hotels Booking Flow ---
2026-01-20T00:06:11.4635998Z   ▶️  [STEP step_1] NAVIGATE: NAVIGATE
2026-01-20T00:06:11.4636324Z     ✅ Step step_1 Passed.
2026-01-20T00:06:11.4636583Z   ▶️  [STEP step_2] ASSERT_URL: ASSERT_URL
2026-01-20T00:06:11.4636858Z     ✅ Step step_2 Passed.
2026-01-20T00:06:11.4637145Z   ▶️  [STEP step_2_ai_1] CLICK: Verify you are human
2026-01-20T00:06:11.4637513Z     🔍 Trying 1 validated locators from golden path...
2026-01-20T00:06:11.4637950Z     ❌ Locator #1 found 0 elements: text=Verify you are human by completing ...
2026-01-20T00:06:11.4638455Z     ⚠️  All golden path locators failed. Will try text-based fallback.
2026-01-20T00:06:11.4638836Z     ✅ Step step_2_ai_1 Passed.
2026-01-20T00:06:11.4639194Z ✅ Scenario 'Explore Hotels Booking Flow' completed successfully!
2026-01-20T00:06:11.4639465Z 
2026-01-20T00:06:11.4639583Z --- Scenario: Explore Tours Booking Flow ---
2026-01-20T00:06:11.4639885Z   ▶️  [STEP step_1] NAVIGATE: NAVIGATE
2026-01-20T00:06:11.4640154Z     ✅ Step step_1 Passed.
2026-01-20T00:06:11.4640410Z   ▶️  [STEP step_2] ASSERT_URL: ASSERT_URL
2026-01-20T00:06:11.4640683Z     ✅ Step step_2 Passed.
2026-01-20T00:06:11.4640958Z   ▶️  [STEP step_2_ai_1] CLICK: Verify you are human
2026-01-20T00:06:11.4641313Z     🔍 Trying 1 validated locators from golden path...
2026-01-20T00:06:11.4641763Z     ❌ Locator #1 found 0 elements: text=Verify you are human by completing ...
2026-01-20T00:06:11.4642244Z     ⚠️  All golden path locators failed. Will try text-based fallback.
2026-01-20T00:06:11.4642963Z     ✅ Step step_2_ai_1 Passed.
2026-01-20T00:06:11.4643559Z ✅ Scenario 'Explore Tours Booking Flow' completed successfully!
2026-01-20T00:06:11.4644145Z 
2026-01-20T00:06:11.4644300Z ============================================================
2026-01-20T00:06:11.4644935Z 🎯 EXECUTION SUMMARY
2026-01-20T00:06:11.4645278Z ============================================================
2026-01-20T00:06:11.4645566Z 
2026-01-20T00:06:11.4645740Z 📋 Scenario Overview:
2026-01-20T00:06:11.4646110Z    • Total Scenarios Planned: 3
2026-01-20T00:06:11.4646504Z    • Scenarios Executed: 3
2026-01-20T00:06:11.4646904Z    • Total Steps Executed: 10
2026-01-20T00:06:11.4647056Z 
2026-01-20T00:06:11.4647151Z ✅ Results:
2026-01-20T00:06:11.4647354Z    ✅ Passed: 2 (66%)
2026-01-20T00:06:11.4647568Z    ❌ Failed: 1 (33%)
2026-01-20T00:06:11.4647693Z 
2026-01-20T00:06:11.4647800Z ⚠️  Failed Scenarios:
2026-01-20T00:06:11.4648060Z    • Explore Flights Booking Flow
2026-01-20T00:06:11.4648331Z 
2026-01-20T00:06:11.4648425Z ============================================================
2026-01-20T00:06:11.4650326Z 
2026-01-20T00:06:11.4651153Z 🏁 Execution Finished. Report: /home/runner/work/build_qa_automation/build_qa_automation/projects/ci_phptravels_demo/execution.json
2026-01-20T00:06:11.4651923Z 
2026-01-20T00:06:11.4652104Z ============================================================
2026-01-20T00:06:11.4652847Z 📊 EXECUTOR PERFORMANCE SUMMARY
2026-01-20T00:06:11.4653129Z ============================================================
2026-01-20T00:06:11.4653327Z 
2026-01-20T00:06:11.4653439Z 🎯 Execution Results:
2026-01-20T00:06:11.4653668Z    • Total Steps: 10
2026-01-20T00:06:11.4653912Z    • First-Attempt Success: 9 (90.0%)
2026-01-20T00:06:11.4654199Z    • Required AI Healing: 2 (20.0%)
2026-01-20T00:06:11.4654484Z    • Final Failures: 1 (10.0%)
2026-01-20T00:06:11.4654629Z 
2026-01-20T00:06:11.4654755Z 🛤️  Golden Path Effectiveness:
2026-01-20T00:06:11.4655023Z    • Steps with Mined Locators: 3
2026-01-20T00:06:11.4655282Z    • Golden Path Hits: 0 (0.0%)
2026-01-20T00:06:11.4655533Z    • Golden Path Misses: 3
2026-01-20T00:06:11.4656097Z    • Fallback Used (No Locators): 7
2026-01-20T00:06:11.4656369Z 
2026-01-20T00:06:11.4656571Z 📈 Overall Assessment:
2026-01-20T00:06:11.4657290Z    ❌ POOR. Golden path is not effective. Explorer may need better locator mining.
2026-01-20T00:06:11.4657844Z 
2026-01-20T00:06:11.4658077Z 🎯 vs Target (100% Flawless):
2026-01-20T00:06:11.4658432Z    📊 Gap: 10.0% from target
2026-01-20T00:06:11.4658744Z    💡 Recommendation: Review 3 golden path misses
2026-01-20T00:06:11.4659158Z    💡 Recommendation: Explorer needs to mine locators for 7 steps
2026-01-20T00:06:11.4659415Z 
2026-01-20T00:06:11.4659513Z ============================================================
2026-01-20T00:06:11.6224999Z 
2026-01-20T00:06:11.6225772Z [PHASE] Running Phase: DISCOVERY
2026-01-20T00:06:11.6228381Z    Command: /opt/hostedtoolcache/Python/3.11.14/x64/bin/python /home/runner/work/build_qa_automation/build_qa_automation/core/agents/discovery.py --project /home/runner/work/build_qa_automation/build_qa_automation/projects/ci_phptravels_demo --url https://phptravels.com/demo/ --deep
2026-01-20T00:06:11.6230747Z ✅ Phase 'discovery' completed successfully.
2026-01-20T00:06:11.6231067Z 
2026-01-20T00:06:11.6231235Z [PHASE] Running Phase: PLANNING
2026-01-20T00:06:11.6233415Z    Command: /opt/hostedtoolcache/Python/3.11.14/x64/bin/python /home/runner/work/build_qa_automation/build_qa_automation/core/agents/planner.py --project /home/runner/work/build_qa_automation/build_qa_automation/projects/ci_phptravels_demo --goal Explore travel booking --url https://phptravels.com/demo/ --deep
2026-01-20T00:06:11.6235492Z ✅ Phase 'planning' completed successfully.
2026-01-20T00:06:11.6235798Z 
2026-01-20T00:06:11.6235940Z [PHASE] Running Phase: EXPLORATION
2026-01-20T00:06:11.6237482Z    Command: /opt/hostedtoolcache/Python/3.11.14/x64/bin/python /home/runner/work/build_qa_automation/build_qa_automation/core/agents/deep_explorer.py --project /home/runner/work/build_qa_automation/build_qa_automation/projects/ci_phptravels_demo
2026-01-20T00:06:11.6239443Z ✅ Phase 'exploration' completed successfully.
2026-01-20T00:06:11.6239876Z 📊 Exploration Discovery Success Rate: 37.5%
2026-01-20T00:06:11.6240606Z ⚠️ Exploration failed to find stable locators for key steps. Execution might fail.
2026-01-20T00:06:11.6240994Z 
2026-01-20T00:06:11.6241099Z [PHASE] Running Phase: EXECUTION
2026-01-20T00:06:11.6242236Z    Command: /opt/hostedtoolcache/Python/3.11.14/x64/bin/python /home/runner/work/build_qa_automation/build_qa_automation/core/agents/executor.py --project /home/runner/work/build_qa_automation/build_qa_automation/projects/ci_phptravels_demo
2026-01-20T00:06:11.6243789Z ✅ Phase 'execution' completed successfully.
2026-01-20T00:06:11.6244017Z 
2026-01-20T00:06:11.6244143Z [DONE] Pipeline Execution Finished! [DONE]
2026-01-20T00:06:11.7819070Z ##[group]Run RESULT_FILE="projects/ci_phptravels_demo/execution.json"
2026-01-20T00:06:11.7819625Z [36;1mRESULT_FILE="projects/ci_phptravels_demo/execution.json"[0m
2026-01-20T00:06:11.7820009Z [36;1mif [ -f "$RESULT_FILE" ]; then[0m
2026-01-20T00:06:11.7820340Z [36;1m  echo "✅ Results generated successfully: $RESULT_FILE"[0m
2026-01-20T00:06:11.7820801Z [36;1m  cat "$RESULT_FILE" | jq '.scenarios | length' || echo "Result file exists"[0m
2026-01-20T00:06:11.7821179Z [36;1melse[0m
2026-01-20T00:06:11.7821414Z [36;1m  echo "❌ No result file found at $RESULT_FILE"[0m
2026-01-20T00:06:11.7821715Z [36;1m  exit 1[0m
2026-01-20T00:06:11.7821899Z [36;1mfi[0m
2026-01-20T00:06:11.7854302Z shell: /usr/bin/bash -e {0}
2026-01-20T00:06:11.7854553Z env:
2026-01-20T00:06:11.7854824Z   pythonLocation: /opt/hostedtoolcache/Python/3.11.14/x64
2026-01-20T00:06:11.7855297Z   PKG_CONFIG_PATH: /opt/hostedtoolcache/Python/3.11.14/x64/lib/pkgconfig
2026-01-20T00:06:11.7855787Z   Python_ROOT_DIR: /opt/hostedtoolcache/Python/3.11.14/x64
2026-01-20T00:06:11.7856194Z   Python2_ROOT_DIR: /opt/hostedtoolcache/Python/3.11.14/x64
2026-01-20T00:06:11.7856603Z   Python3_ROOT_DIR: /opt/hostedtoolcache/Python/3.11.14/x64
2026-01-20T00:06:11.7857038Z   LD_LIBRARY_PATH: /opt/hostedtoolcache/Python/3.11.14/x64/lib
2026-01-20T00:06:11.7857381Z ##[endgroup]
2026-01-20T00:06:11.7913246Z ✅ Results generated successfully: projects/ci_phptravels_demo/execution.json
2026-01-20T00:06:11.7939809Z 3
2026-01-20T00:06:11.8059385Z ##[group]Run actions/upload-artifact@v4
2026-01-20T00:06:11.8059675Z with:
2026-01-20T00:06:11.8059886Z   name: phptravels_demo-execution-results
2026-01-20T00:06:11.8060399Z   path: projects/ci_phptravels_demo/execution.json
projects/ci_phptravels_demo/workflow.json

2026-01-20T00:06:11.8060845Z   retention-days: 30
2026-01-20T00:06:11.8061053Z   if-no-files-found: warn
2026-01-20T00:06:11.8061271Z   compression-level: 6
2026-01-20T00:06:11.8061466Z   overwrite: false
2026-01-20T00:06:11.8061667Z   include-hidden-files: false
2026-01-20T00:06:11.8061892Z env:
2026-01-20T00:06:11.8062127Z   pythonLocation: /opt/hostedtoolcache/Python/3.11.14/x64
2026-01-20T00:06:11.8062532Z   PKG_CONFIG_PATH: /opt/hostedtoolcache/Python/3.11.14/x64/lib/pkgconfig
2026-01-20T00:06:11.8063165Z   Python_ROOT_DIR: /opt/hostedtoolcache/Python/3.11.14/x64
2026-01-20T00:06:11.8063531Z   Python2_ROOT_DIR: /opt/hostedtoolcache/Python/3.11.14/x64
2026-01-20T00:06:11.8063934Z   Python3_ROOT_DIR: /opt/hostedtoolcache/Python/3.11.14/x64
2026-01-20T00:06:11.8064309Z   LD_LIBRARY_PATH: /opt/hostedtoolcache/Python/3.11.14/x64/lib
2026-01-20T00:06:11.8064613Z ##[endgroup]
2026-01-20T00:06:12.0261160Z Multiple search paths detected. Calculating the least common ancestor of all paths
2026-01-20T00:06:12.0265895Z The least common ancestor is /home/runner/work/build_qa_automation/build_qa_automation/projects/ci_phptravels_demo. This will be the root directory of the artifact
2026-01-20T00:06:12.0267311Z With the provided path, there will be 2 files uploaded
2026-01-20T00:06:12.0272463Z Artifact name is valid!
2026-01-20T00:06:12.0274008Z Root directory input is valid!
2026-01-20T00:06:12.1011367Z Beginning upload of artifact content to blob storage
2026-01-20T00:06:12.1520393Z Uploaded bytes 1193
2026-01-20T00:06:12.1689913Z Finished uploading artifact content to blob storage!
2026-01-20T00:06:12.1693474Z SHA256 digest of uploaded artifact zip is 9746406ac20e99e2c3e8acb3a58c4c07cbcaedae817c5c849c158c60e32ca439
2026-01-20T00:06:12.1696856Z Finalizing artifact upload
2026-01-20T00:06:12.2513382Z Artifact phptravels_demo-execution-results.zip successfully finalized. Artifact ID 5183127238
2026-01-20T00:06:12.2515470Z Artifact phptravels_demo-execution-results has been successfully uploaded! Final size is 1193 bytes. Artifact ID is 5183127238
2026-01-20T00:06:12.2523381Z Artifact download URL: https://github.com/vishvasmca-cmd/build_qa_automation/actions/runs/21154472744/artifacts/5183127238
2026-01-20T00:06:12.2673325Z Post job cleanup.
2026-01-20T00:06:12.4223003Z Cache hit occurred on the primary key setup-python-Linux-x64-24.04-Ubuntu-python-3.11.14-pip-dde08d0e0b672972dcda9f1a063036a2e0c226f5d0a20362e9401931676d80a4, not saving cache.
2026-01-20T00:06:12.4343755Z Post job cleanup.
2026-01-20T00:06:12.5309971Z [command]/usr/bin/git version
2026-01-20T00:06:12.5346820Z git version 2.52.0
2026-01-20T00:06:12.5389859Z Temporarily overriding HOME='/home/runner/work/_temp/b94ebf78-02f1-44e9-a8a7-9a6b27c728ac' before making global git config changes
2026-01-20T00:06:12.5391252Z Adding repository directory to the temporary git global config as a safe directory
2026-01-20T00:06:12.5404382Z [command]/usr/bin/git config --global --add safe.directory /home/runner/work/build_qa_automation/build_qa_automation
2026-01-20T00:06:12.5440579Z [command]/usr/bin/git config --local --name-only --get-regexp core\.sshCommand
2026-01-20T00:06:12.5474513Z [command]/usr/bin/git submodule foreach --recursive sh -c "git config --local --name-only --get-regexp 'core\.sshCommand' && git config --local --unset-all 'core.sshCommand' || :"
2026-01-20T00:06:12.5714979Z [command]/usr/bin/git config --local --name-only --get-regexp http\.https\:\/\/github\.com\/\.extraheader
2026-01-20T00:06:12.5737809Z http.https://github.com/.extraheader
2026-01-20T00:06:12.5750228Z [command]/usr/bin/git config --local --unset-all http.https://github.com/.extraheader
2026-01-20T00:06:12.5780796Z [command]/usr/bin/git submodule foreach --recursive sh -c "git config --local --name-only --get-regexp 'http\.https\:\/\/github\.com\/\.extraheader' && git config --local --unset-all 'http.https://github.com/.extraheader' || :"
2026-01-20T00:06:12.6007522Z [command]/usr/bin/git config --local --name-only --get-regexp ^includeIf\.gitdir:
2026-01-20T00:06:12.6041074Z [command]/usr/bin/git submodule foreach --recursive git config --local --show-origin --name-only --get-regexp remote.origin.url
2026-01-20T00:06:12.6407536Z Cleaning up orphan processes
