2026-01-19T04:19:02.9198884Z Current runner version: '2.331.0'
2026-01-19T04:19:02.9231215Z ##[group]Runner Image Provisioner
2026-01-19T04:19:02.9232409Z Hosted Compute Agent
2026-01-19T04:19:02.9233218Z Version: 20251211.462
2026-01-19T04:19:02.9234276Z Commit: 6cbad8c2bb55d58165063d031ccabf57e2d2db61
2026-01-19T04:19:02.9235433Z Build Date: 2025-12-11T16:28:49Z
2026-01-19T04:19:02.9236459Z Worker ID: {47f2c76a-446d-49ef-b0ef-f9b532a42aa9}
2026-01-19T04:19:02.9237637Z ##[endgroup]
2026-01-19T04:19:02.9238640Z ##[group]Operating System
2026-01-19T04:19:02.9239548Z Ubuntu
2026-01-19T04:19:02.9240382Z 24.04.3
2026-01-19T04:19:02.9241078Z LTS
2026-01-19T04:19:02.9241915Z ##[endgroup]
2026-01-19T04:19:02.9242706Z ##[group]Runner Image
2026-01-19T04:19:02.9243586Z Image: ubuntu-24.04
2026-01-19T04:19:02.9244427Z Version: 20260111.209.1
2026-01-19T04:19:02.9246120Z Included Software: https://github.com/actions/runner-images/blob/ubuntu24/20260111.209/images/ubuntu/Ubuntu2404-Readme.md
2026-01-19T04:19:02.9249102Z Image Release: https://github.com/actions/runner-images/releases/tag/ubuntu24%2F20260111.209
2026-01-19T04:19:02.9250764Z ##[endgroup]
2026-01-19T04:19:02.9252553Z ##[group]GITHUB_TOKEN Permissions
2026-01-19T04:19:02.9255047Z Contents: read
2026-01-19T04:19:02.9255956Z Metadata: read
2026-01-19T04:19:02.9256831Z Packages: read
2026-01-19T04:19:02.9257630Z ##[endgroup]
2026-01-19T04:19:02.9260633Z Secret source: Actions
2026-01-19T04:19:02.9262605Z Prepare workflow directory
2026-01-19T04:19:03.0537350Z Prepare all required actions
2026-01-19T04:19:03.0574791Z Getting action download info
2026-01-19T04:19:03.2697472Z Download action repository 'actions/checkout@v4' (SHA:34e114876b0b11c390a56381ad16ebd13914f8d5)
2026-01-19T04:19:03.3555208Z Download action repository 'actions/setup-python@v5' (SHA:a26af69be951a213d495a4c3e4e4022e16d87065)
2026-01-19T04:19:03.4839026Z Download action repository 'actions/upload-artifact@v4' (SHA:ea165f8d65b6e75b540449e92b4886f43607fa02)
2026-01-19T04:19:03.7958946Z Complete job name: test-websites-deep (saucedemo_locked, https://www.saucedemo.com/, Test locked user scenarios)
2026-01-19T04:19:04.0017636Z ##[group]Run actions/checkout@v4
2026-01-19T04:19:04.0018654Z with:
2026-01-19T04:19:04.0019126Z   repository: vishvasmca-cmd/build_qa_automation
2026-01-19T04:19:04.0019903Z   token: ***
2026-01-19T04:19:04.0020323Z   ssh-strict: true
2026-01-19T04:19:04.0020719Z   ssh-user: git
2026-01-19T04:19:04.0021120Z   persist-credentials: true
2026-01-19T04:19:04.0021549Z   clean: true
2026-01-19T04:19:04.0021949Z   sparse-checkout-cone-mode: true
2026-01-19T04:19:04.0022411Z   fetch-depth: 1
2026-01-19T04:19:04.0022801Z   fetch-tags: false
2026-01-19T04:19:04.0023200Z   show-progress: true
2026-01-19T04:19:04.0023588Z   lfs: false
2026-01-19T04:19:04.0023957Z   submodules: false
2026-01-19T04:19:04.0024346Z   set-safe-directory: true
2026-01-19T04:19:04.0025034Z ##[endgroup]
2026-01-19T04:19:04.1130764Z Syncing repository: vishvasmca-cmd/build_qa_automation
2026-01-19T04:19:04.1132500Z ##[group]Getting Git version info
2026-01-19T04:19:04.1133427Z Working directory is '/home/runner/work/build_qa_automation/build_qa_automation'
2026-01-19T04:19:04.1134465Z [command]/usr/bin/git version
2026-01-19T04:19:04.1207045Z git version 2.52.0
2026-01-19T04:19:04.1232526Z ##[endgroup]
2026-01-19T04:19:04.1246270Z Temporarily overriding HOME='/home/runner/work/_temp/f27a5e40-d7c0-4de1-a792-df7a6811ef8f' before making global git config changes
2026-01-19T04:19:04.1247939Z Adding repository directory to the temporary git global config as a safe directory
2026-01-19T04:19:04.1258740Z [command]/usr/bin/git config --global --add safe.directory /home/runner/work/build_qa_automation/build_qa_automation
2026-01-19T04:19:04.1296601Z Deleting the contents of '/home/runner/work/build_qa_automation/build_qa_automation'
2026-01-19T04:19:04.1300155Z ##[group]Initializing the repository
2026-01-19T04:19:04.1304068Z [command]/usr/bin/git init /home/runner/work/build_qa_automation/build_qa_automation
2026-01-19T04:19:04.1405764Z hint: Using 'master' as the name for the initial branch. This default branch name
2026-01-19T04:19:04.1407255Z hint: will change to "main" in Git 3.0. To configure the initial branch name
2026-01-19T04:19:04.1408150Z hint: to use in all of your new repositories, which will suppress this warning,
2026-01-19T04:19:04.1409151Z hint: call:
2026-01-19T04:19:04.1409521Z hint:
2026-01-19T04:19:04.1410225Z hint: 	git config --global init.defaultBranch <name>
2026-01-19T04:19:04.1410983Z hint:
2026-01-19T04:19:04.1411536Z hint: Names commonly chosen instead of 'master' are 'main', 'trunk' and
2026-01-19T04:19:04.1412429Z hint: 'development'. The just-created branch can be renamed via this command:
2026-01-19T04:19:04.1413132Z hint:
2026-01-19T04:19:04.1413502Z hint: 	git branch -m <name>
2026-01-19T04:19:04.1413937Z hint:
2026-01-19T04:19:04.1414544Z hint: Disable this message with "git config set advice.defaultBranchName false"
2026-01-19T04:19:04.1416055Z Initialized empty Git repository in /home/runner/work/build_qa_automation/build_qa_automation/.git/
2026-01-19T04:19:04.1421352Z [command]/usr/bin/git remote add origin https://github.com/vishvasmca-cmd/build_qa_automation
2026-01-19T04:19:04.1453319Z ##[endgroup]
2026-01-19T04:19:04.1454021Z ##[group]Disabling automatic garbage collection
2026-01-19T04:19:04.1457068Z [command]/usr/bin/git config --local gc.auto 0
2026-01-19T04:19:04.1484508Z ##[endgroup]
2026-01-19T04:19:04.1485176Z ##[group]Setting up auth
2026-01-19T04:19:04.1490968Z [command]/usr/bin/git config --local --name-only --get-regexp core\.sshCommand
2026-01-19T04:19:04.1520110Z [command]/usr/bin/git submodule foreach --recursive sh -c "git config --local --name-only --get-regexp 'core\.sshCommand' && git config --local --unset-all 'core.sshCommand' || :"
2026-01-19T04:19:04.1855701Z [command]/usr/bin/git config --local --name-only --get-regexp http\.https\:\/\/github\.com\/\.extraheader
2026-01-19T04:19:04.1884815Z [command]/usr/bin/git submodule foreach --recursive sh -c "git config --local --name-only --get-regexp 'http\.https\:\/\/github\.com\/\.extraheader' && git config --local --unset-all 'http.https://github.com/.extraheader' || :"
2026-01-19T04:19:04.2101597Z [command]/usr/bin/git config --local --name-only --get-regexp ^includeIf\.gitdir:
2026-01-19T04:19:04.2130191Z [command]/usr/bin/git submodule foreach --recursive git config --local --show-origin --name-only --get-regexp remote.origin.url
2026-01-19T04:19:04.2356600Z [command]/usr/bin/git config --local http.https://github.com/.extraheader AUTHORIZATION: basic ***
2026-01-19T04:19:04.2390481Z ##[endgroup]
2026-01-19T04:19:04.2391718Z ##[group]Fetching the repository
2026-01-19T04:19:04.2399929Z [command]/usr/bin/git -c protocol.version=2 fetch --no-tags --prune --no-recurse-submodules --depth=1 origin +2f305d435d899f67f11ae5adc61ad536fdd999e8:refs/remotes/origin/main
2026-01-19T04:19:05.1711365Z From https://github.com/vishvasmca-cmd/build_qa_automation
2026-01-19T04:19:05.1712625Z  * [new ref]         2f305d435d899f67f11ae5adc61ad536fdd999e8 -> origin/main
2026-01-19T04:19:05.1747578Z ##[endgroup]
2026-01-19T04:19:05.1749104Z ##[group]Determining the checkout info
2026-01-19T04:19:05.1750833Z ##[endgroup]
2026-01-19T04:19:05.1754579Z [command]/usr/bin/git sparse-checkout disable
2026-01-19T04:19:05.1796373Z [command]/usr/bin/git config --local --unset-all extensions.worktreeConfig
2026-01-19T04:19:05.1826098Z ##[group]Checking out the ref
2026-01-19T04:19:05.1827543Z [command]/usr/bin/git checkout --progress --force -B main refs/remotes/origin/main
2026-01-19T04:19:05.3245897Z Switched to a new branch 'main'
2026-01-19T04:19:05.3247365Z branch 'main' set up to track 'origin/main'.
2026-01-19T04:19:05.3265057Z ##[endgroup]
2026-01-19T04:19:05.3302780Z [command]/usr/bin/git log -1 --format=%H
2026-01-19T04:19:05.3325404Z 2f305d435d899f67f11ae5adc61ad536fdd999e8
2026-01-19T04:19:05.4509113Z ##[group]Run actions/setup-python@v5
2026-01-19T04:19:05.4510304Z with:
2026-01-19T04:19:05.4511101Z   python-version: 3.11
2026-01-19T04:19:05.4512013Z   cache: pip
2026-01-19T04:19:05.4513057Z   check-latest: false
2026-01-19T04:19:05.4514232Z   token: ***
2026-01-19T04:19:05.4515083Z   update-environment: true
2026-01-19T04:19:05.4516064Z   allow-prereleases: false
2026-01-19T04:19:05.4517028Z   freethreaded: false
2026-01-19T04:19:05.4517918Z ##[endgroup]
2026-01-19T04:19:05.6193192Z ##[group]Installed versions
2026-01-19T04:19:05.6324214Z Successfully set up CPython (3.11.14)
2026-01-19T04:19:05.6326262Z ##[endgroup]
2026-01-19T04:19:05.7543107Z [command]/opt/hostedtoolcache/Python/3.11.14/x64/bin/pip cache dir
2026-01-19T04:19:07.1809325Z /home/runner/.cache/pip
2026-01-19T04:19:07.2758631Z Cache hit for: setup-python-Linux-x64-24.04-Ubuntu-python-3.11.14-pip-dde08d0e0b672972dcda9f1a063036a2e0c226f5d0a20362e9401931676d80a4
2026-01-19T04:19:08.3837940Z Received 254742636 of 254742636 (100.0%), 226.4 MBs/sec
2026-01-19T04:19:08.3839028Z Cache Size: ~243 MB (254742636 B)
2026-01-19T04:19:08.3880198Z [command]/usr/bin/tar -xf /home/runner/work/_temp/f33fd36b-502f-4a9c-b38d-52375cc98e1b/cache.tzst -P -C /home/runner/work/build_qa_automation/build_qa_automation --use-compress-program unzstd
2026-01-19T04:19:08.7497766Z Cache restored successfully
2026-01-19T04:19:08.7984639Z Cache restored from key: setup-python-Linux-x64-24.04-Ubuntu-python-3.11.14-pip-dde08d0e0b672972dcda9f1a063036a2e0c226f5d0a20362e9401931676d80a4
2026-01-19T04:19:08.8598653Z ##[group]Run pip install -r requirements.txt
2026-01-19T04:19:08.8599262Z [36;1mpip install -r requirements.txt[0m
2026-01-19T04:19:08.8599992Z [36;1mplaywright install chromium[0m
2026-01-19T04:19:08.8639106Z shell: /usr/bin/bash -e {0}
2026-01-19T04:19:08.8639469Z env:
2026-01-19T04:19:08.8639785Z   pythonLocation: /opt/hostedtoolcache/Python/3.11.14/x64
2026-01-19T04:19:08.8640449Z   PKG_CONFIG_PATH: /opt/hostedtoolcache/Python/3.11.14/x64/lib/pkgconfig
2026-01-19T04:19:08.8641003Z   Python_ROOT_DIR: /opt/hostedtoolcache/Python/3.11.14/x64
2026-01-19T04:19:08.8641551Z   Python2_ROOT_DIR: /opt/hostedtoolcache/Python/3.11.14/x64
2026-01-19T04:19:08.8642123Z   Python3_ROOT_DIR: /opt/hostedtoolcache/Python/3.11.14/x64
2026-01-19T04:19:08.8642583Z   LD_LIBRARY_PATH: /opt/hostedtoolcache/Python/3.11.14/x64/lib
2026-01-19T04:19:08.8643043Z ##[endgroup]
2026-01-19T04:19:09.8741026Z Collecting playwright (from -r requirements.txt (line 1))
2026-01-19T04:19:09.8758711Z   Using cached playwright-1.57.0-py3-none-manylinux1_x86_64.whl.metadata (3.5 kB)
2026-01-19T04:19:09.8932665Z Collecting python-dotenv (from -r requirements.txt (line 2))
2026-01-19T04:19:09.8947823Z   Using cached python_dotenv-1.2.1-py3-none-any.whl.metadata (25 kB)
2026-01-19T04:19:09.9211330Z Collecting requests (from -r requirements.txt (line 3))
2026-01-19T04:19:09.9225664Z   Using cached requests-2.32.5-py3-none-any.whl.metadata (4.9 kB)
2026-01-19T04:19:10.0908030Z Collecting pillow (from -r requirements.txt (line 4))
2026-01-19T04:19:10.0926127Z   Using cached pillow-12.1.0-cp311-cp311-manylinux_2_27_x86_64.manylinux_2_28_x86_64.whl.metadata (8.8 kB)
2026-01-19T04:19:10.1178951Z Collecting google-genai>=0.3.0 (from -r requirements.txt (line 5))
2026-01-19T04:19:10.1193616Z   Using cached google_genai-1.59.0-py3-none-any.whl.metadata (53 kB)
2026-01-19T04:19:10.1339845Z Collecting termcolor (from -r requirements.txt (line 6))
2026-01-19T04:19:10.1353803Z   Using cached termcolor-3.3.0-py3-none-any.whl.metadata (6.5 kB)
2026-01-19T04:19:10.1699111Z Collecting PyYAML (from -r requirements.txt (line 7))
2026-01-19T04:19:10.1714105Z   Using cached pyyaml-6.0.3-cp311-cp311-manylinux2014_x86_64.manylinux_2_17_x86_64.manylinux_2_28_x86_64.whl.metadata (2.4 kB)
2026-01-19T04:19:10.2254506Z Collecting opencv-python-headless (from -r requirements.txt (line 8))
2026-01-19T04:19:10.2269995Z   Using cached opencv_python_headless-4.13.0.90-cp37-abi3-manylinux_2_28_x86_64.whl.metadata (19 kB)
2026-01-19T04:19:10.4246840Z Collecting numpy (from -r requirements.txt (line 9))
2026-01-19T04:19:10.4262545Z   Using cached numpy-2.4.1-cp311-cp311-manylinux_2_27_x86_64.manylinux_2_28_x86_64.whl.metadata (6.6 kB)
2026-01-19T04:19:10.5044095Z Collecting faker (from -r requirements.txt (line 10))
2026-01-19T04:19:10.5059332Z   Using cached faker-40.1.2-py3-none-any.whl.metadata (16 kB)
2026-01-19T04:19:10.5214326Z Collecting pyee<14,>=13 (from playwright->-r requirements.txt (line 1))
2026-01-19T04:19:10.5226930Z   Using cached pyee-13.0.0-py3-none-any.whl.metadata (2.9 kB)
2026-01-19T04:19:10.6362175Z Collecting greenlet<4.0.0,>=3.1.1 (from playwright->-r requirements.txt (line 1))
2026-01-19T04:19:10.6376745Z   Using cached greenlet-3.3.0-cp311-cp311-manylinux_2_24_x86_64.manylinux_2_28_x86_64.whl.metadata (4.1 kB)
2026-01-19T04:19:10.6547538Z Collecting typing-extensions (from pyee<14,>=13->playwright->-r requirements.txt (line 1))
2026-01-19T04:19:10.6560964Z   Using cached typing_extensions-4.15.0-py3-none-any.whl.metadata (3.3 kB)
2026-01-19T04:19:10.7333498Z Collecting charset_normalizer<4,>=2 (from requests->-r requirements.txt (line 3))
2026-01-19T04:19:10.7349133Z   Using cached charset_normalizer-3.4.4-cp311-cp311-manylinux2014_x86_64.manylinux_2_17_x86_64.manylinux_2_28_x86_64.whl.metadata (37 kB)
2026-01-19T04:19:10.7493311Z Collecting idna<4,>=2.5 (from requests->-r requirements.txt (line 3))
2026-01-19T04:19:10.7506445Z   Using cached idna-3.11-py3-none-any.whl.metadata (8.4 kB)
2026-01-19T04:19:10.7758143Z Collecting urllib3<3,>=1.21.1 (from requests->-r requirements.txt (line 3))
2026-01-19T04:19:10.7771511Z   Using cached urllib3-2.6.3-py3-none-any.whl.metadata (6.9 kB)
2026-01-19T04:19:10.7967382Z Collecting certifi>=2017.4.17 (from requests->-r requirements.txt (line 3))
2026-01-19T04:19:10.7981133Z   Using cached certifi-2026.1.4-py3-none-any.whl.metadata (2.5 kB)
2026-01-19T04:19:10.8161014Z Collecting anyio<5.0.0,>=4.8.0 (from google-genai>=0.3.0->-r requirements.txt (line 5))
2026-01-19T04:19:10.8174330Z   Using cached anyio-4.12.1-py3-none-any.whl.metadata (4.3 kB)
2026-01-19T04:19:10.8489074Z Collecting google-auth<3.0.0,>=2.47.0 (from google-auth[requests]<3.0.0,>=2.47.0->google-genai>=0.3.0->-r requirements.txt (line 5))
2026-01-19T04:19:10.8502373Z   Using cached google_auth-2.47.0-py3-none-any.whl.metadata (6.4 kB)
2026-01-19T04:19:10.8731822Z Collecting httpx<1.0.0,>=0.28.1 (from google-genai>=0.3.0->-r requirements.txt (line 5))
2026-01-19T04:19:10.8744981Z   Using cached httpx-0.28.1-py3-none-any.whl.metadata (7.1 kB)
2026-01-19T04:19:11.0372886Z Collecting pydantic<3.0.0,>=2.9.0 (from google-genai>=0.3.0->-r requirements.txt (line 5))
2026-01-19T04:19:11.0387134Z   Using cached pydantic-2.12.5-py3-none-any.whl.metadata (90 kB)
2026-01-19T04:19:11.2150104Z Collecting tenacity<9.2.0,>=8.2.3 (from google-genai>=0.3.0->-r requirements.txt (line 5))
2026-01-19T04:19:11.2165690Z   Using cached tenacity-9.1.2-py3-none-any.whl.metadata (1.2 kB)
2026-01-19T04:19:11.3006065Z Collecting websockets<15.1.0,>=13.0.0 (from google-genai>=0.3.0->-r requirements.txt (line 5))
2026-01-19T04:19:11.3022224Z   Using cached websockets-15.0.1-cp311-cp311-manylinux_2_5_x86_64.manylinux1_x86_64.manylinux_2_17_x86_64.manylinux2014_x86_64.whl.metadata (6.8 kB)
2026-01-19T04:19:11.3158035Z Collecting distro<2,>=1.7.0 (from google-genai>=0.3.0->-r requirements.txt (line 5))
2026-01-19T04:19:11.3171067Z   Using cached distro-1.9.0-py3-none-any.whl.metadata (6.8 kB)
2026-01-19T04:19:11.3247588Z Collecting sniffio (from google-genai>=0.3.0->-r requirements.txt (line 5))
2026-01-19T04:19:11.3261343Z   Using cached sniffio-1.3.1-py3-none-any.whl.metadata (3.9 kB)
2026-01-19T04:19:11.3517600Z Collecting pyasn1-modules>=0.2.1 (from google-auth<3.0.0,>=2.47.0->google-auth[requests]<3.0.0,>=2.47.0->google-genai>=0.3.0->-r requirements.txt (line 5))
2026-01-19T04:19:11.3530972Z   Using cached pyasn1_modules-0.4.2-py3-none-any.whl.metadata (3.5 kB)
2026-01-19T04:19:11.3671739Z Collecting rsa<5,>=3.1.4 (from google-auth<3.0.0,>=2.47.0->google-auth[requests]<3.0.0,>=2.47.0->google-genai>=0.3.0->-r requirements.txt (line 5))
2026-01-19T04:19:11.3684379Z   Using cached rsa-4.9.1-py3-none-any.whl.metadata (5.6 kB)
2026-01-19T04:19:11.3936066Z Collecting httpcore==1.* (from httpx<1.0.0,>=0.28.1->google-genai>=0.3.0->-r requirements.txt (line 5))
2026-01-19T04:19:11.3948929Z   Using cached httpcore-1.0.9-py3-none-any.whl.metadata (21 kB)
2026-01-19T04:19:11.4127194Z Collecting h11>=0.16 (from httpcore==1.*->httpx<1.0.0,>=0.28.1->google-genai>=0.3.0->-r requirements.txt (line 5))
2026-01-19T04:19:11.4141123Z   Using cached h11-0.16.0-py3-none-any.whl.metadata (8.3 kB)
2026-01-19T04:19:11.4239282Z Collecting annotated-types>=0.6.0 (from pydantic<3.0.0,>=2.9.0->google-genai>=0.3.0->-r requirements.txt (line 5))
2026-01-19T04:19:11.4252228Z   Using cached annotated_types-0.7.0-py3-none-any.whl.metadata (15 kB)
2026-01-19T04:19:12.0799998Z Collecting pydantic-core==2.41.5 (from pydantic<3.0.0,>=2.9.0->google-genai>=0.3.0->-r requirements.txt (line 5))
2026-01-19T04:19:12.0815598Z   Using cached pydantic_core-2.41.5-cp311-cp311-manylinux_2_17_x86_64.manylinux2014_x86_64.whl.metadata (7.3 kB)
2026-01-19T04:19:12.0991955Z Collecting typing-inspection>=0.4.2 (from pydantic<3.0.0,>=2.9.0->google-genai>=0.3.0->-r requirements.txt (line 5))
2026-01-19T04:19:12.1005078Z   Using cached typing_inspection-0.4.2-py3-none-any.whl.metadata (2.6 kB)
2026-01-19T04:19:12.1683604Z Collecting pyasn1>=0.1.3 (from rsa<5,>=3.1.4->google-auth<3.0.0,>=2.47.0->google-auth[requests]<3.0.0,>=2.47.0->google-genai>=0.3.0->-r requirements.txt (line 5))
2026-01-19T04:19:12.1700978Z   Using cached pyasn1-0.6.2-py3-none-any.whl.metadata (8.4 kB)
2026-01-19T04:19:12.1974710Z Using cached playwright-1.57.0-py3-none-manylinux1_x86_64.whl (46.0 MB)
2026-01-19T04:19:12.2316325Z Using cached greenlet-3.3.0-cp311-cp311-manylinux_2_24_x86_64.manylinux_2_28_x86_64.whl (590 kB)
2026-01-19T04:19:12.2332997Z Using cached pyee-13.0.0-py3-none-any.whl (15 kB)
2026-01-19T04:19:12.2346372Z Using cached python_dotenv-1.2.1-py3-none-any.whl (21 kB)
2026-01-19T04:19:12.2359532Z Using cached requests-2.32.5-py3-none-any.whl (64 kB)
2026-01-19T04:19:12.2373742Z Using cached charset_normalizer-3.4.4-cp311-cp311-manylinux2014_x86_64.manylinux_2_17_x86_64.manylinux_2_28_x86_64.whl (151 kB)
2026-01-19T04:19:12.2387207Z Using cached idna-3.11-py3-none-any.whl (71 kB)
2026-01-19T04:19:12.2400802Z Using cached urllib3-2.6.3-py3-none-any.whl (131 kB)
2026-01-19T04:19:12.2414989Z Using cached pillow-12.1.0-cp311-cp311-manylinux_2_27_x86_64.manylinux_2_28_x86_64.whl (7.0 MB)
2026-01-19T04:19:12.2477088Z Using cached google_genai-1.59.0-py3-none-any.whl (719 kB)
2026-01-19T04:19:12.2494972Z Using cached anyio-4.12.1-py3-none-any.whl (113 kB)
2026-01-19T04:19:12.2508822Z Using cached distro-1.9.0-py3-none-any.whl (20 kB)
2026-01-19T04:19:12.2521989Z Using cached google_auth-2.47.0-py3-none-any.whl (234 kB)
2026-01-19T04:19:12.2536327Z Using cached httpx-0.28.1-py3-none-any.whl (73 kB)
2026-01-19T04:19:12.2549628Z Using cached httpcore-1.0.9-py3-none-any.whl (78 kB)
2026-01-19T04:19:12.2563073Z Using cached pydantic-2.12.5-py3-none-any.whl (463 kB)
2026-01-19T04:19:12.2579590Z Using cached pydantic_core-2.41.5-cp311-cp311-manylinux_2_17_x86_64.manylinux2014_x86_64.whl (2.1 MB)
2026-01-19T04:19:12.2607058Z Using cached rsa-4.9.1-py3-none-any.whl (34 kB)
2026-01-19T04:19:12.2620128Z Using cached tenacity-9.1.2-py3-none-any.whl (28 kB)
2026-01-19T04:19:12.2633350Z Using cached typing_extensions-4.15.0-py3-none-any.whl (44 kB)
2026-01-19T04:19:12.2647271Z Using cached websockets-15.0.1-cp311-cp311-manylinux_2_5_x86_64.manylinux1_x86_64.manylinux_2_17_x86_64.manylinux2014_x86_64.whl (182 kB)
2026-01-19T04:19:12.2661186Z Using cached termcolor-3.3.0-py3-none-any.whl (7.7 kB)
2026-01-19T04:19:12.2674877Z Using cached pyyaml-6.0.3-cp311-cp311-manylinux2014_x86_64.manylinux_2_17_x86_64.manylinux_2_28_x86_64.whl (806 kB)
2026-01-19T04:19:12.2693923Z Using cached opencv_python_headless-4.13.0.90-cp37-abi3-manylinux_2_28_x86_64.whl (62.5 MB)
2026-01-19T04:19:12.3149594Z Using cached numpy-2.4.1-cp311-cp311-manylinux_2_27_x86_64.manylinux_2_28_x86_64.whl (16.7 MB)
2026-01-19T04:19:12.3279839Z Using cached faker-40.1.2-py3-none-any.whl (2.0 MB)
2026-01-19T04:19:12.3307033Z Using cached annotated_types-0.7.0-py3-none-any.whl (13 kB)
2026-01-19T04:19:12.3320263Z Using cached certifi-2026.1.4-py3-none-any.whl (152 kB)
2026-01-19T04:19:12.3334287Z Using cached h11-0.16.0-py3-none-any.whl (37 kB)
2026-01-19T04:19:12.3347805Z Using cached pyasn1-0.6.2-py3-none-any.whl (83 kB)
2026-01-19T04:19:12.3361428Z Using cached pyasn1_modules-0.4.2-py3-none-any.whl (181 kB)
2026-01-19T04:19:12.3376000Z Using cached typing_inspection-0.4.2-py3-none-any.whl (14 kB)
2026-01-19T04:19:12.3389402Z Using cached sniffio-1.3.1-py3-none-any.whl (10 kB)
2026-01-19T04:19:12.8272191Z Installing collected packages: websockets, urllib3, typing-extensions, termcolor, tenacity, sniffio, PyYAML, python-dotenv, pyasn1, pillow, numpy, idna, h11, greenlet, faker, distro, charset_normalizer, certifi, annotated-types, typing-inspection, rsa, requests, pyee, pydantic-core, pyasn1-modules, opencv-python-headless, httpcore, anyio, pydantic, playwright, httpx, google-auth, google-genai
2026-01-19T04:19:19.6226903Z 
2026-01-19T04:19:19.6249625Z Successfully installed PyYAML-6.0.3 annotated-types-0.7.0 anyio-4.12.1 certifi-2026.1.4 charset_normalizer-3.4.4 distro-1.9.0 faker-40.1.2 google-auth-2.47.0 google-genai-1.59.0 greenlet-3.3.0 h11-0.16.0 httpcore-1.0.9 httpx-0.28.1 idna-3.11 numpy-2.4.1 opencv-python-headless-4.13.0.90 pillow-12.1.0 playwright-1.57.0 pyasn1-0.6.2 pyasn1-modules-0.4.2 pydantic-2.12.5 pydantic-core-2.41.5 pyee-13.0.0 python-dotenv-1.2.1 requests-2.32.5 rsa-4.9.1 sniffio-1.3.1 tenacity-9.1.2 termcolor-3.3.0 typing-extensions-4.15.0 typing-inspection-0.4.2 urllib3-2.6.3 websockets-15.0.1
2026-01-19T04:19:20.2320334Z Downloading Chromium 143.0.7499.4 (playwright build v1200) from https://cdn.playwright.dev/dbazure/download/playwright/builds/chromium/1200/chromium-linux.zip
2026-01-19T04:19:20.3276258Z (node:2195) [DEP0169] DeprecationWarning: `url.parse()` behavior is not standardized and prone to errors that have security implications. Use the WHATWG URL API instead. CVEs are not issued for `url.parse()` vulnerabilities.
2026-01-19T04:19:20.3278733Z (Use `node --trace-deprecation ...` to show where the warning was created)
2026-01-19T04:19:20.3963490Z |                                                                                |   0% of 164.7 MiB
2026-01-19T04:19:20.5252388Z |■■■■■■■■                                                                        |  10% of 164.7 MiB
2026-01-19T04:19:20.6196891Z |■■■■■■■■■■■■■■■■                                                                |  20% of 164.7 MiB
2026-01-19T04:19:20.7097117Z |■■■■■■■■■■■■■■■■■■■■■■■■                                                        |  30% of 164.7 MiB
2026-01-19T04:19:20.7751479Z |■■■■■■■■■■■■■■■■■■■■■■■■■■■■■■■■                                                |  40% of 164.7 MiB
2026-01-19T04:19:20.8377388Z |■■■■■■■■■■■■■■■■■■■■■■■■■■■■■■■■■■■■■■■■                                        |  50% of 164.7 MiB
2026-01-19T04:19:20.8972119Z |■■■■■■■■■■■■■■■■■■■■■■■■■■■■■■■■■■■■■■■■■■■■■■■■                                |  60% of 164.7 MiB
2026-01-19T04:19:20.9561465Z |■■■■■■■■■■■■■■■■■■■■■■■■■■■■■■■■■■■■■■■■■■■■■■■■■■■■■■■■                        |  70% of 164.7 MiB
2026-01-19T04:19:21.0171859Z |■■■■■■■■■■■■■■■■■■■■■■■■■■■■■■■■■■■■■■■■■■■■■■■■■■■■■■■■■■■■■■■■                |  80% of 164.7 MiB
2026-01-19T04:19:21.0777042Z |■■■■■■■■■■■■■■■■■■■■■■■■■■■■■■■■■■■■■■■■■■■■■■■■■■■■■■■■■■■■■■■■■■■■■■■■        |  90% of 164.7 MiB
2026-01-19T04:19:21.1413590Z |■■■■■■■■■■■■■■■■■■■■■■■■■■■■■■■■■■■■■■■■■■■■■■■■■■■■■■■■■■■■■■■■■■■■■■■■■■■■■■■■| 100% of 164.7 MiB
2026-01-19T04:19:23.6930914Z Chromium 143.0.7499.4 (playwright build v1200) downloaded to /home/runner/.cache/ms-playwright/chromium-1200
2026-01-19T04:19:23.6935184Z Downloading FFMPEG playwright build v1011 from https://cdn.playwright.dev/dbazure/download/playwright/builds/ffmpeg/1011/ffmpeg-linux.zip
2026-01-19T04:19:23.7901548Z (node:2206) [DEP0169] DeprecationWarning: `url.parse()` behavior is not standardized and prone to errors that have security implications. Use the WHATWG URL API instead. CVEs are not issued for `url.parse()` vulnerabilities.
2026-01-19T04:19:23.7903962Z (Use `node --trace-deprecation ...` to show where the warning was created)
2026-01-19T04:19:24.0496164Z |                                                                                |   0% of 2.3 MiB
2026-01-19T04:19:24.0664598Z |■■■■■■■■                                                                        |  10% of 2.3 MiB
2026-01-19T04:19:24.1449683Z |■■■■■■■■■■■■■■■■                                                                |  20% of 2.3 MiB
2026-01-19T04:19:24.1477123Z |■■■■■■■■■■■■■■■■■■■■■■■■                                                        |  30% of 2.3 MiB
2026-01-19T04:19:24.1586477Z |■■■■■■■■■■■■■■■■■■■■■■■■■■■■■■■■                                                |  40% of 2.3 MiB
2026-01-19T04:19:24.1618261Z |■■■■■■■■■■■■■■■■■■■■■■■■■■■■■■■■■■■■■■■■                                        |  50% of 2.3 MiB
2026-01-19T04:19:24.1945968Z |■■■■■■■■■■■■■■■■■■■■■■■■■■■■■■■■■■■■■■■■■■■■■■■■                                |  60% of 2.3 MiB
2026-01-19T04:19:24.2279374Z |■■■■■■■■■■■■■■■■■■■■■■■■■■■■■■■■■■■■■■■■■■■■■■■■■■■■■■■■                        |  70% of 2.3 MiB
2026-01-19T04:19:24.2392853Z |■■■■■■■■■■■■■■■■■■■■■■■■■■■■■■■■■■■■■■■■■■■■■■■■■■■■■■■■■■■■■■■■                |  80% of 2.3 MiB
2026-01-19T04:19:24.2416703Z |■■■■■■■■■■■■■■■■■■■■■■■■■■■■■■■■■■■■■■■■■■■■■■■■■■■■■■■■■■■■■■■■■■■■■■■■        |  90% of 2.3 MiB
2026-01-19T04:19:24.2432116Z |■■■■■■■■■■■■■■■■■■■■■■■■■■■■■■■■■■■■■■■■■■■■■■■■■■■■■■■■■■■■■■■■■■■■■■■■■■■■■■■■| 100% of 2.3 MiB
2026-01-19T04:19:24.3026889Z FFMPEG playwright build v1011 downloaded to /home/runner/.cache/ms-playwright/ffmpeg-1011
2026-01-19T04:19:24.3030684Z Downloading Chromium Headless Shell 143.0.7499.4 (playwright build v1200) from https://cdn.playwright.dev/dbazure/download/playwright/builds/chromium/1200/chromium-headless-shell-linux.zip
2026-01-19T04:19:24.3998126Z (node:2217) [DEP0169] DeprecationWarning: `url.parse()` behavior is not standardized and prone to errors that have security implications. Use the WHATWG URL API instead. CVEs are not issued for `url.parse()` vulnerabilities.
2026-01-19T04:19:24.4000261Z (Use `node --trace-deprecation ...` to show where the warning was created)
2026-01-19T04:19:24.4705018Z |                                                                                |   0% of 109.7 MiB
2026-01-19T04:19:24.5866530Z |■■■■■■■■                                                                        |  10% of 109.7 MiB
2026-01-19T04:19:24.6592330Z |■■■■■■■■■■■■■■■■                                                                |  20% of 109.7 MiB
2026-01-19T04:19:24.7125844Z |■■■■■■■■■■■■■■■■■■■■■■■■                                                        |  30% of 109.7 MiB
2026-01-19T04:19:24.7680597Z |■■■■■■■■■■■■■■■■■■■■■■■■■■■■■■■■                                                |  40% of 109.7 MiB
2026-01-19T04:19:24.8205720Z |■■■■■■■■■■■■■■■■■■■■■■■■■■■■■■■■■■■■■■■■                                        |  50% of 109.7 MiB
2026-01-19T04:19:24.8648407Z |■■■■■■■■■■■■■■■■■■■■■■■■■■■■■■■■■■■■■■■■■■■■■■■■                                |  60% of 109.7 MiB
2026-01-19T04:19:24.9069005Z |■■■■■■■■■■■■■■■■■■■■■■■■■■■■■■■■■■■■■■■■■■■■■■■■■■■■■■■■                        |  70% of 109.7 MiB
2026-01-19T04:19:24.9477282Z |■■■■■■■■■■■■■■■■■■■■■■■■■■■■■■■■■■■■■■■■■■■■■■■■■■■■■■■■■■■■■■■■                |  80% of 109.7 MiB
2026-01-19T04:19:24.9859808Z |■■■■■■■■■■■■■■■■■■■■■■■■■■■■■■■■■■■■■■■■■■■■■■■■■■■■■■■■■■■■■■■■■■■■■■■■        |  90% of 109.7 MiB
2026-01-19T04:19:25.0219180Z |■■■■■■■■■■■■■■■■■■■■■■■■■■■■■■■■■■■■■■■■■■■■■■■■■■■■■■■■■■■■■■■■■■■■■■■■■■■■■■■■| 100% of 109.7 MiB
2026-01-19T04:19:26.8132841Z Chromium Headless Shell 143.0.7499.4 (playwright build v1200) downloaded to /home/runner/.cache/ms-playwright/chromium_headless_shell-1200
2026-01-19T04:19:26.8458631Z ##[group]Run mkdir -p projects/ci_saucedemo_locked
2026-01-19T04:19:26.8459064Z [36;1mmkdir -p projects/ci_saucedemo_locked[0m
2026-01-19T04:19:26.8459468Z [36;1mcat > projects/ci_saucedemo_locked/config.json << 'EOF'[0m
2026-01-19T04:19:26.8459826Z [36;1m{[0m
2026-01-19T04:19:26.8460044Z [36;1m  "project_name": "ci_saucedemo_locked",[0m
2026-01-19T04:19:26.8460413Z [36;1m  "target_url": "https://www.saucedemo.com/",[0m
2026-01-19T04:19:26.8460749Z [36;1m  "goal": "Test locked user scenarios",[0m
2026-01-19T04:19:26.8461025Z [36;1m  "headless": true[0m
2026-01-19T04:19:26.8461243Z [36;1m}[0m
2026-01-19T04:19:26.8461410Z [36;1mEOF[0m
2026-01-19T04:19:26.8494400Z shell: /usr/bin/bash -e {0}
2026-01-19T04:19:26.8494631Z env:
2026-01-19T04:19:26.8494886Z   pythonLocation: /opt/hostedtoolcache/Python/3.11.14/x64
2026-01-19T04:19:26.8495318Z   PKG_CONFIG_PATH: /opt/hostedtoolcache/Python/3.11.14/x64/lib/pkgconfig
2026-01-19T04:19:26.8495763Z   Python_ROOT_DIR: /opt/hostedtoolcache/Python/3.11.14/x64
2026-01-19T04:19:26.8496134Z   Python2_ROOT_DIR: /opt/hostedtoolcache/Python/3.11.14/x64
2026-01-19T04:19:26.8496496Z   Python3_ROOT_DIR: /opt/hostedtoolcache/Python/3.11.14/x64
2026-01-19T04:19:26.8496891Z   LD_LIBRARY_PATH: /opt/hostedtoolcache/Python/3.11.14/x64/lib
2026-01-19T04:19:26.8497214Z ##[endgroup]
2026-01-19T04:19:26.8660081Z ##[group]Run # Use --deep for comprehensive regression suite
2026-01-19T04:19:26.8660551Z [36;1m# Use --deep for comprehensive regression suite[0m
2026-01-19T04:19:26.8661034Z [36;1mpython orchestrator.py --project projects/ci_saucedemo_locked --deep --force[0m
2026-01-19T04:19:26.8692207Z shell: /usr/bin/bash -e {0}
2026-01-19T04:19:26.8692442Z env:
2026-01-19T04:19:26.8692703Z   pythonLocation: /opt/hostedtoolcache/Python/3.11.14/x64
2026-01-19T04:19:26.8693140Z   PKG_CONFIG_PATH: /opt/hostedtoolcache/Python/3.11.14/x64/lib/pkgconfig
2026-01-19T04:19:26.8693558Z   Python_ROOT_DIR: /opt/hostedtoolcache/Python/3.11.14/x64
2026-01-19T04:19:26.8693921Z   Python2_ROOT_DIR: /opt/hostedtoolcache/Python/3.11.14/x64
2026-01-19T04:19:26.8694314Z   Python3_ROOT_DIR: /opt/hostedtoolcache/Python/3.11.14/x64
2026-01-19T04:19:26.8694709Z   LD_LIBRARY_PATH: /opt/hostedtoolcache/Python/3.11.14/x64/lib
2026-01-19T04:19:26.8695431Z   GOOGLE_API_KEY: ***
2026-01-19T04:19:26.8695667Z   PYTHONPATH: .
2026-01-19T04:19:26.8695863Z ##[endgroup]
2026-01-19T04:19:28.7849849Z 🚀 [DEEP] Extensive mapping enabled (Depth: 3, Pages: 50)
2026-01-19T04:19:28.7850351Z 
2026-01-19T04:19:28.7850982Z 🗺️ [DISCOVERY] Starting Parallel Semantic Crawl on https://www.saucedemo.com/ (Workers: 3)
2026-01-19T04:19:30.5875071Z   🔍 [Worker 0] Visiting (0): https://www.saucedemo.com/
2026-01-19T04:19:30.8780576Z [CACHE HIT] 474f9e14... (hits: 1, misses: 0)
2026-01-19T04:19:30.8781551Z ✅ Discovery Complete. Mapped 1 pages.
2026-01-19T04:19:36.5392808Z 
2026-01-19T04:19:36.5393429Z [PLAN] PLANNER: Planning goal -> 'Test locked user scenarios' (Deep Mode: True)
2026-01-19T04:19:36.5394226Z 🗺️ [PLAN] Loaded Sitemap with 1 pages.
2026-01-19T04:19:36.5395275Z 🎭 [EXPERT] Detected Domain: GENERAL. Persona: Act as Senior SDET focusing on exploring the application to understand functional flow and identifying critical paths for end-to-end automation
2026-01-19T04:19:36.5396220Z [DEBUG] Sending request to gemini-2.0-flash. Number of parts: 1
2026-01-19T04:19:36.5396581Z [DEBUG] Received response (Length: 3351)
2026-01-19T04:19:36.5396935Z ✅ Planner generated 3 scenarios. Workflow updated.
2026-01-19T04:19:37.5616078Z 
2026-01-19T04:19:37.5617175Z 🕵️ [DEEP EXPLORER] Starting Multi-Scenario Exploration
2026-01-19T04:19:37.5618046Z 📋 Found 3 scenarios to explore.
2026-01-19T04:19:37.9256199Z 
2026-01-19T04:19:37.9257178Z [1/3] Exploring Scenario: Locked Out User Login Attempt
2026-01-19T04:19:37.9258795Z     🧠 Initialized exploration context for goal: 'Test locked user scenarios'
2026-01-19T04:19:37.9259918Z   ▶️ [STEP step_1] NAVIGATE: 
2026-01-19T04:19:38.5955325Z     ✅ Navigated to https://www.saucedemo.com/
2026-01-19T04:19:38.5955989Z   ▶️ [STEP step_2] FILL: Username
2026-01-19T04:19:38.6133858Z     🔍 Mining locators for: 'Username'
2026-01-19T04:19:38.6724757Z     ✅ Found 5 verified locators
2026-01-19T04:19:45.2431300Z     ✅ State transitioned.
2026-01-19T04:19:46.8326198Z [DEBUG] Sending request to gemini-2.0-flash. Number of parts: 2
2026-01-19T04:19:46.8327204Z [DEBUG] Received response (Length: 220)
2026-01-19T04:19:46.8328248Z     🤖 AI Next Step Suggestion: fill -> Password
2026-01-19T04:19:46.8329292Z     🧩 Suggested Locator: #password
2026-01-19T04:19:46.8330758Z     💭 Reasoning: The username has been filled. Now, fill the password field with the correct password to attempt login.
2026-01-19T04:19:46.8332165Z     ➕ Injected AI step: fill -> Password
2026-01-19T04:19:46.8332896Z   ▶️ [STEP step_2_ai_1] FILL: Password
2026-01-19T04:19:46.8391406Z     🎯 Using AI-provided locator: #password
2026-01-19T04:19:46.8448232Z     ✅ Found 1 verified locators
2026-01-19T04:19:52.9311129Z     ✅ State transitioned.
2026-01-19T04:19:54.4614372Z [DEBUG] Sending request to gemini-2.0-flash. Number of parts: 2
2026-01-19T04:19:54.4615112Z [DEBUG] Received response (Length: 194)
2026-01-19T04:19:54.4615848Z     🤖 AI Next Step Suggestion: click -> login-button
2026-01-19T04:19:54.4616577Z     🧩 Suggested Locator: input[id='login-button']
2026-01-19T04:19:54.4617718Z     💭 Reasoning: Now that username and password are filled, click the login button to attempt login.
2026-01-19T04:19:54.4618666Z     ➕ Injected AI step: click -> login-button
2026-01-19T04:19:54.4619141Z   ▶️ [STEP step_2_ai_2] CLICK: login-button
2026-01-19T04:19:54.4683349Z     🎯 Using AI-provided locator: input[id='login-button']
2026-01-19T04:19:54.4743110Z     ✅ Found 1 verified locators
2026-01-19T04:19:58.5243197Z     ✅ State transitioned.
2026-01-19T04:20:00.1202634Z [DEBUG] Sending request to gemini-2.0-flash. Number of parts: 2
2026-01-19T04:20:00.1203294Z [DEBUG] Received response (Length: 152)
2026-01-19T04:20:00.1204068Z     🤖 AI Next Step Suggestion: done -> N/A
2026-01-19T04:20:00.1205207Z     💭 Reasoning: The user is locked, and there are no actions available to unlock the user from this page. The goal is achieved.
2026-01-19T04:20:00.1206407Z   ▶️ [STEP step_3] FILL: Password
2026-01-19T04:20:00.1260978Z     🔍 Mining locators for: 'Password'
2026-01-19T04:20:00.1832585Z     ✅ Found 5 verified locators
2026-01-19T04:20:05.9444612Z     ✅ State transitioned.
2026-01-19T04:20:07.4925343Z [DEBUG] Sending request to gemini-2.0-flash. Number of parts: 2
2026-01-19T04:20:07.4925881Z [DEBUG] Received response (Length: 142)
2026-01-19T04:20:07.4926434Z     🤖 AI Next Step Suggestion: done -> N/A
2026-01-19T04:20:07.4927095Z     💭 Reasoning: The user is locked, and there are no options to unlock the user from this page. The goal is achieved.
2026-01-19T04:20:07.4927689Z   ▶️ [STEP step_4] CLICK: Login
2026-01-19T04:20:07.4986356Z     🔍 Mining locators for: 'Login'
2026-01-19T04:20:07.5279922Z     🧠 Consulting AI (Vision-First) to find 'Login'...
2026-01-19T04:20:07.5302040Z     🔍 Trying smart selectors for 'Login'...
2026-01-19T04:20:07.5434124Z     ✅ Smart selector found 'Login' via name (confidence: 0.88)
2026-01-19T04:20:07.5473195Z     ✅ Found 1 verified locators
2026-01-19T04:20:11.6032792Z     ✅ State transitioned.
2026-01-19T04:20:11.6080351Z     🔄 Revisited state detected (count: 1)
2026-01-19T04:20:12.8026768Z [DEBUG] Sending request to gemini-2.0-flash. Number of parts: 2
2026-01-19T04:20:12.8027665Z [DEBUG] Received response (Length: 180)
2026-01-19T04:20:12.8028886Z     🤖 AI Next Step Suggestion: done -> N/A
2026-01-19T04:20:12.8030988Z     💭 Reasoning: The user is locked, and there are no options to unlock the user from this page. The goal is achieved by verifying the locked user scenario.
2026-01-19T04:20:12.8033335Z   ▶️ [STEP step_5] ASSERT_VISIBLE: Epic sadface: Sorry, this user has been locked out.
2026-01-19T04:20:12.8088306Z     🔍 Mining locators for: 'Epic sadface: Sorry, this user has been locked out.'
2026-01-19T04:20:12.8497219Z     ✅ Found 1 verified locators
2026-01-19T04:20:15.3818050Z     ✅ State transitioned.
2026-01-19T04:20:15.3865520Z     🔄 Revisited state detected (count: 2)
2026-01-19T04:20:17.8888935Z [DEBUG] Sending request to gemini-2.0-flash. Number of parts: 2
2026-01-19T04:20:17.8889593Z [DEBUG] Received response (Length: 248)
2026-01-19T04:20:17.8890437Z     🤖 AI Next Step Suggestion: done -> N/A
2026-01-19T04:20:17.8891994Z     💭 Reasoning: The goal is to test locked user scenarios, and the application is already displaying the message indicating that the user is locked out. There are no further actions to take on this page to achieve the goal.
2026-01-19T04:20:19.9249972Z 
2026-01-19T04:20:19.9250877Z [2/3] Exploring Scenario: Standard User Login and Logout
2026-01-19T04:20:19.9252175Z     🧠 Initialized exploration context for goal: 'Test locked user scenarios'
2026-01-19T04:20:19.9252956Z   ▶️ [STEP step_1] NAVIGATE: 
2026-01-19T04:20:20.5997088Z     ✅ Navigated to https://www.saucedemo.com/
2026-01-19T04:20:20.5997743Z   ▶️ [STEP step_2] FILL: Username
2026-01-19T04:20:20.6156940Z     🔍 Mining locators for: 'Username'
2026-01-19T04:20:20.6682670Z     ✅ Found 5 verified locators
2026-01-19T04:20:27.1083800Z     ✅ State transitioned.
2026-01-19T04:20:28.5427324Z [DEBUG] Sending request to gemini-2.0-flash. Number of parts: 2
2026-01-19T04:20:28.5428417Z [DEBUG] Received response (Length: 219)
2026-01-19T04:20:28.5429317Z     🤖 AI Next Step Suggestion: fill -> Password
2026-01-19T04:20:28.5429831Z     🧩 Suggested Locator: #password
2026-01-19T04:20:28.5430687Z     💭 Reasoning: Need to fill the password field to attempt login. The password for all users is provided on the page.
2026-01-19T04:20:28.5431412Z     ➕ Injected AI step: fill -> Password
2026-01-19T04:20:28.5431800Z   ▶️ [STEP step_2_ai_1] FILL: Password
2026-01-19T04:20:28.5484210Z     🎯 Using AI-provided locator: #password
2026-01-19T04:20:28.5538408Z     ✅ Found 1 verified locators
2026-01-19T04:20:35.4121312Z     ✅ State transitioned.
2026-01-19T04:20:37.2420371Z [DEBUG] Sending request to gemini-2.0-flash. Number of parts: 2
2026-01-19T04:20:37.2421074Z [DEBUG] Received response (Length: 194)
2026-01-19T04:20:37.2421909Z     🤖 AI Next Step Suggestion: click -> login-button
2026-01-19T04:20:37.2423024Z     🧩 Suggested Locator: input[id='login-button']
2026-01-19T04:20:37.2424059Z     💭 Reasoning: Now that username and password are filled, click the login button to attempt login.
2026-01-19T04:20:37.2424972Z     ➕ Injected AI step: click -> login-button
2026-01-19T04:20:37.2425531Z   ▶️ [STEP step_2_ai_2] CLICK: login-button
2026-01-19T04:20:37.2479082Z     🎯 Using AI-provided locator: input[id='login-button']
2026-01-19T04:20:37.2541823Z     ✅ Found 1 verified locators
2026-01-19T04:20:41.3397147Z     ✅ State transitioned.
2026-01-19T04:20:42.8421374Z [DEBUG] Sending request to gemini-2.0-flash. Number of parts: 2
2026-01-19T04:20:42.8421835Z [DEBUG] Received response (Length: 182)
2026-01-19T04:20:42.8422381Z     🤖 AI Next Step Suggestion: done -> N/A
2026-01-19T04:20:42.8423206Z     💭 Reasoning: The locked user is already logged in and on the inventory page. There is nothing more to do to test the locked user scenario from this point.
2026-01-19T04:20:42.8423970Z   ▶️ [STEP step_3] FILL: Password
2026-01-19T04:20:42.8479009Z     🔍 Mining locators for: 'Password'
2026-01-19T04:20:42.8847243Z     🧠 Consulting AI (Vision-First) to find 'Password'...
2026-01-19T04:20:42.8847720Z     🔍 Trying smart selectors for 'Password'...
2026-01-19T04:20:42.9248682Z     ⚠️ Smart selectors failed (no unique match). Falling back to AI Vision...
2026-01-19T04:20:42.9250723Z     🧠 [EXPERT] Strategy: Act as Senior SDET focusing on exploring the application to understand functional flow and identifying critical paths for end-to-end automation.
2026-01-19T04:20:47.9006346Z [DEBUG] Sending request to gemini-2.0-flash. Number of parts: 2
2026-01-19T04:20:47.9007053Z [DEBUG] Received response (Length: 279)
2026-01-19T04:20:47.9009194Z     💡 Expert Suggestion: The 'Password' field is likely located in the user profile or settings, which might be accessible through the 'Products' or a similar menu.
2026-01-19T04:20:47.9010336Z     🛠️ Executing corrective action: click -> 'Products'
2026-01-19T04:20:48.4562173Z     ✅ Executed corrective navigation
2026-01-19T04:20:50.4586299Z     🔄 Retry 1/3 mining locators for 'Password'...
2026-01-19T04:20:51.4974021Z     🧠 Consulting AI (Vision-First) to find 'Password'...
2026-01-19T04:20:51.4974773Z     🔍 Trying smart selectors for 'Password'...
2026-01-19T04:20:51.5343028Z     ⚠️ Smart selectors failed (no unique match). Falling back to AI Vision...
2026-01-19T04:20:51.5344396Z     🧠 [EXPERT] Strategy: Act as Senior SDET focusing on exploring the application to understand functional flow and identifying critical paths for end-to-end automation.
2026-01-19T04:20:51.5349460Z [CACHE HIT] 5c35f49d... (hits: 1, misses: 10)
2026-01-19T04:20:51.5350107Z     ⚠️ Skipping duplicate injection: Products
2026-01-19T04:20:51.5350496Z     🔄 Retry 2/3 mining locators for 'Password'...
2026-01-19T04:20:52.5361798Z     🗑️ Invalidating stale AI cache (retry 2)...
2026-01-19T04:20:52.5363397Z     ⚠️ Cache invalidation warning: No module named 'core.agents.domain_expert'
2026-01-19T04:20:52.5787878Z     🧠 Consulting AI (Vision-First) to find 'Password'...
2026-01-19T04:20:52.5789049Z     🔍 Trying smart selectors for 'Password'...
2026-01-19T04:20:52.6157950Z     ⚠️ Smart selectors failed (no unique match). Falling back to AI Vision...
2026-01-19T04:20:52.6160898Z     🧠 [EXPERT] Strategy: Act as Senior SDET focusing on exploring the application to understand functional flow and identifying critical paths for end-to-end automation.
2026-01-19T04:20:52.6167273Z [CACHE HIT] 5c35f49d... (hits: 2, misses: 10)
2026-01-19T04:20:52.6168113Z     ⚠️ Skipping duplicate injection: Products
2026-01-19T04:20:52.6169815Z     🧠 Verifying step validity for 'Password' after no candidates found...
2026-01-19T04:20:54.4702296Z [DEBUG] Sending request to gemini-2.0-flash. Number of parts: 2
2026-01-19T04:20:54.4703077Z [DEBUG] Received response (Length: 249)
2026-01-19T04:20:54.4704823Z     🗑️ Step deemed INVALID: The current page (inventory.html) displays a list of products. The element 'Password' is not present on this page. It is likely that the intended interaction target was on the login page.. Removing from workflow.
2026-01-19T04:20:54.4706718Z     ⏭️ Skipping execution of invalid step: Password
2026-01-19T04:20:54.4707146Z   ▶️ [STEP step_4] CLICK: Login
2026-01-19T04:20:54.4759456Z     🔍 Mining locators for: 'Login'
2026-01-19T04:20:54.5115263Z     🧠 Consulting AI (Vision-First) to find 'Login'...
2026-01-19T04:20:54.5116130Z     🔍 Trying smart selectors for 'Login'...
2026-01-19T04:20:54.5487631Z     ⚠️ Smart selectors failed (no unique match). Falling back to AI Vision...
2026-01-19T04:20:54.5489798Z     🧠 [EXPERT] Strategy: Act as Senior SDET focusing on exploring the application to understand functional flow and identifying critical paths for end-to-end automation.
2026-01-19T04:20:59.0273258Z [DEBUG] Sending request to gemini-2.0-flash. Number of parts: 2
2026-01-19T04:20:59.0273872Z [DEBUG] Received response (Length: 299)
2026-01-19T04:20:59.0275558Z     💡 Expert Suggestion: The login functionality is typically found within the user account or settings section, which is often accessible through a menu button.
2026-01-19T04:20:59.0277195Z     🛠️ Executing corrective action: click -> 'the menu button on the top left'
2026-01-19T04:20:59.0702200Z     🔄 Retry 1/3 mining locators for 'Login'...
2026-01-19T04:21:00.1111389Z     🧠 Consulting AI (Vision-First) to find 'Login'...
2026-01-19T04:21:00.1112149Z     🔍 Trying smart selectors for 'Login'...
2026-01-19T04:21:00.1483715Z     ⚠️ Smart selectors failed (no unique match). Falling back to AI Vision...
2026-01-19T04:21:00.1485413Z     🧠 [EXPERT] Strategy: Act as Senior SDET focusing on exploring the application to understand functional flow and identifying critical paths for end-to-end automation.
2026-01-19T04:21:00.1491366Z [CACHE HIT] 708ddf2c... (hits: 3, misses: 12)
2026-01-19T04:21:00.1491917Z     ⚠️ Skipping duplicate injection: the menu button on the top left
2026-01-19T04:21:00.1492386Z     🔄 Retry 2/3 mining locators for 'Login'...
2026-01-19T04:21:01.1505913Z     🗑️ Invalidating stale AI cache (retry 2)...
2026-01-19T04:21:01.1507040Z     ⚠️ Cache invalidation warning: No module named 'core.agents.domain_expert'
2026-01-19T04:21:01.1980995Z     🧠 Consulting AI (Vision-First) to find 'Login'...
2026-01-19T04:21:01.1981452Z     🔍 Trying smart selectors for 'Login'...
2026-01-19T04:21:01.2367290Z     ⚠️ Smart selectors failed (no unique match). Falling back to AI Vision...
2026-01-19T04:21:01.2368738Z     🧠 [EXPERT] Strategy: Act as Senior SDET focusing on exploring the application to understand functional flow and identifying critical paths for end-to-end automation.
2026-01-19T04:21:01.2373495Z [CACHE HIT] 708ddf2c... (hits: 4, misses: 12)
2026-01-19T04:21:01.2374346Z     ⚠️ Skipping duplicate injection: the menu button on the top left
2026-01-19T04:21:01.2374889Z     🧠 Verifying step validity for 'Login' after no candidates found...
2026-01-19T04:21:04.0160070Z [DEBUG] Sending request to gemini-2.0-flash. Number of parts: 2
2026-01-19T04:21:04.0160631Z [DEBUG] Received response (Length: 286)
2026-01-19T04:21:04.0162479Z     🗑️ Step deemed INVALID: The current page is the inventory page, which displays a list of products. The 'Login' button is only present on the login page. Therefore, attempting to locate and interact with 'Login' on this page is not logical or valid.. Removing from workflow.
2026-01-19T04:21:04.0163787Z     ⏭️ Skipping execution of invalid step: Login
2026-01-19T04:21:04.0164163Z   ▶️ [STEP step_5] ASSERT_URL: 
2026-01-19T04:21:09.0313850Z     ⚠️ Scroll into view failed for text=None. Proceeding anyway.
2026-01-19T04:21:11.0336613Z     ✅ State transitioned.
2026-01-19T04:21:12.6596430Z [DEBUG] Sending request to gemini-2.0-flash. Number of parts: 2
2026-01-19T04:21:12.6596995Z [DEBUG] Received response (Length: 214)
2026-01-19T04:21:12.6597566Z     🤖 AI Next Step Suggestion: done -> N/A
2026-01-19T04:21:12.6598860Z     💭 Reasoning: The user is already logged in and on the inventory page. The goal was to test locked user scenarios, which is not achievable from this page. Therefore, the task is complete.
2026-01-19T04:21:12.6600075Z   ▶️ [STEP step_6] CLICK: Open Menu
2026-01-19T04:21:12.6654407Z     🔍 Mining locators for: 'Open Menu'
2026-01-19T04:21:12.7152059Z     ✅ Found 3 verified locators
2026-01-19T04:21:16.2648325Z     ✅ State transitioned.
2026-01-19T04:21:17.9378328Z [DEBUG] Sending request to gemini-2.0-flash. Number of parts: 2
2026-01-19T04:21:17.9379331Z [DEBUG] Received response (Length: 242)
2026-01-19T04:21:17.9380294Z     🤖 AI Next Step Suggestion: click -> Logout
2026-01-19T04:21:17.9381058Z     🧩 Suggested Locator: a[id='logout_sidebar_link']
2026-01-19T04:21:17.9382895Z     💭 Reasoning: The goal is to test locked user scenarios. After logging in, the next step is to log out to prepare for testing locked user scenarios.
2026-01-19T04:21:17.9384519Z     ➕ Injected AI step: click -> Logout
2026-01-19T04:21:17.9385253Z   ▶️ [STEP step_6_ai_1] CLICK: Logout
2026-01-19T04:21:17.9438329Z     🎯 Using AI-provided locator: a[id='logout_sidebar_link']
2026-01-19T04:21:17.9494354Z     ✅ Found 1 verified locators
2026-01-19T04:21:21.9997525Z     ✅ State transitioned.
2026-01-19T04:21:23.4452678Z [DEBUG] Sending request to gemini-2.0-flash. Number of parts: 2
2026-01-19T04:21:23.4453566Z [DEBUG] Received response (Length: 214)
2026-01-19T04:21:23.4454508Z     🤖 AI Next Step Suggestion: fill -> Username
2026-01-19T04:21:23.4455312Z     🧩 Suggested Locator: #user-name
2026-01-19T04:21:23.4456827Z     💭 Reasoning: To test the locked user scenario, we need to fill the username field with 'locked_out_user'.
2026-01-19T04:21:23.4458263Z     ➕ Injected AI step: fill -> Username
2026-01-19T04:21:23.4459433Z   ▶️ [STEP step_6_ai_2] FILL: Username
2026-01-19T04:21:23.4513444Z     🎯 Using AI-provided locator: #user-name
2026-01-19T04:21:23.4568718Z     ✅ Found 1 verified locators
2026-01-19T04:21:29.5065609Z     ✅ State transitioned.
2026-01-19T04:21:31.4806121Z [DEBUG] Sending request to gemini-2.0-flash. Number of parts: 2
2026-01-19T04:21:31.4807428Z [DEBUG] Received response (Length: 235)
2026-01-19T04:21:31.4809234Z     🤖 AI Next Step Suggestion: fill -> Password
2026-01-19T04:21:31.4810315Z     🧩 Suggested Locator: #password
2026-01-19T04:21:31.4812123Z     💭 Reasoning: The username has been filled. Now, fill the password field with the correct password 'secret_sauce' to attempt login.
2026-01-19T04:21:31.4813801Z     ➕ Injected AI step: fill -> Password
2026-01-19T04:21:31.4814611Z   ▶️ [STEP step_6_ai_3] FILL: Password
2026-01-19T04:21:31.4868636Z     🎯 Using AI-provided locator: #password
2026-01-19T04:21:31.4923772Z     ✅ Found 1 verified locators
2026-01-19T04:21:37.9694364Z     ✅ State transitioned.
2026-01-19T04:21:39.2735570Z [DEBUG] Sending request to gemini-2.0-flash. Number of parts: 2
2026-01-19T04:21:39.2736385Z [DEBUG] Received response (Length: 246)
2026-01-19T04:21:39.2737190Z     🤖 AI Next Step Suggestion: click -> login-button
2026-01-19T04:21:39.2737877Z     🧩 Suggested Locator: input[id='login-button']
2026-01-19T04:21:39.2739315Z     💭 Reasoning: Now that the username and password have been entered, the next step is to click the login button to attempt to log in.
2026-01-19T04:21:39.2740065Z     ➕ Injected AI step: click -> login-button
2026-01-19T04:21:39.2740424Z   ▶️ [STEP step_6_ai_4] CLICK: login-button
2026-01-19T04:21:39.2792826Z     🎯 Using AI-provided locator: input[id='login-button']
2026-01-19T04:21:39.2846498Z     ✅ Found 1 verified locators
2026-01-19T04:21:43.3382387Z     ✅ State transitioned.
2026-01-19T04:21:44.7526014Z [DEBUG] Sending request to gemini-2.0-flash. Number of parts: 2
2026-01-19T04:21:44.7526659Z [DEBUG] Received response (Length: 283)
2026-01-19T04:21:44.7527362Z     🤖 AI Next Step Suggestion: done -> N/A
2026-01-19T04:21:44.7528901Z     💭 Reasoning: The user is locked, and the page indicates this with the message 'Epic sadface: Sorry, this user has been locked out.' There are no actions available to unlock the user from this page. The goal to test locked user scenarios has been achieved.
2026-01-19T04:21:44.7530248Z   ▶️ [STEP step_7] CLICK: Logout
2026-01-19T04:21:44.7583752Z     🔍 Mining locators for: 'Logout'
2026-01-19T04:21:44.7916351Z     🧠 Consulting AI (Vision-First) to find 'Logout'...
2026-01-19T04:21:44.7916985Z     🔍 Trying smart selectors for 'Logout'...
2026-01-19T04:21:44.8284658Z     ⚠️ Smart selectors failed (no unique match). Falling back to AI Vision...
2026-01-19T04:21:44.8287201Z     🧠 [EXPERT] Strategy: Act as Senior SDET focusing on exploring the application to understand functional flow and identifying critical paths for end-to-end automation.
2026-01-19T04:21:49.6486503Z [DEBUG] Sending request to gemini-2.0-flash. Number of parts: 2
2026-01-19T04:21:49.6487250Z [DEBUG] Received response (Length: 193)
2026-01-19T04:21:49.6488104Z     💡 Expert Suggestion: After logging in, the logout button should be available.
2026-01-19T04:21:49.6489092Z     🛠️ Executing corrective action: click -> 'Login'
2026-01-19T04:21:49.6920204Z     🔄 Retry 1/3 mining locators for 'Logout'...
2026-01-19T04:21:50.7254932Z     🧠 Consulting AI (Vision-First) to find 'Logout'...
2026-01-19T04:21:50.7255615Z     🔍 Trying smart selectors for 'Logout'...
2026-01-19T04:21:50.7675231Z     ⚠️ Smart selectors failed (no unique match). Falling back to AI Vision...
2026-01-19T04:21:50.7676475Z     🧠 [EXPERT] Strategy: Act as Senior SDET focusing on exploring the application to understand functional flow and identifying critical paths for end-to-end automation.
2026-01-19T04:21:50.7679561Z [CACHE HIT] d2cb08cd... (hits: 5, misses: 20)
2026-01-19T04:21:50.7680187Z     ⚠️ Skipping duplicate injection: Login
2026-01-19T04:21:50.7680827Z     🔄 Retry 2/3 mining locators for 'Logout'...
2026-01-19T04:21:51.7694086Z     🗑️ Invalidating stale AI cache (retry 2)...
2026-01-19T04:21:51.7695243Z     ⚠️ Cache invalidation warning: No module named 'core.agents.domain_expert'
2026-01-19T04:21:51.8079037Z     🧠 Consulting AI (Vision-First) to find 'Logout'...
2026-01-19T04:21:51.8079531Z     🔍 Trying smart selectors for 'Logout'...
2026-01-19T04:21:51.8434936Z     ⚠️ Smart selectors failed (no unique match). Falling back to AI Vision...
2026-01-19T04:21:51.8451082Z     🧠 [EXPERT] Strategy: Act as Senior SDET focusing on exploring the application to understand functional flow and identifying critical paths for end-to-end automation.
2026-01-19T04:21:51.8452233Z [CACHE HIT] d2cb08cd... (hits: 6, misses: 20)
2026-01-19T04:21:51.8452779Z     ⚠️ Skipping duplicate injection: Login
2026-01-19T04:21:51.8453413Z     🧠 Verifying step validity for 'Logout' after no candidates found...
2026-01-19T04:21:55.2109845Z [DEBUG] Sending request to gemini-2.0-flash. Number of parts: 2
2026-01-19T04:21:55.2111106Z [DEBUG] Received response (Length: 274)
2026-01-19T04:21:55.2115538Z     🗑️ Step deemed INVALID: The current page is the login page, and the user is locked out. The 'Logout' option is only available after a successful login. Therefore, attempting to locate and interact with 'Logout' at this stage is invalid.. Removing from workflow.
2026-01-19T04:21:55.2119772Z     ⏭️ Skipping execution of invalid step: Logout
2026-01-19T04:21:55.2120739Z   ▶️ [STEP step_8] ASSERT_URL: 
2026-01-19T04:22:00.2267712Z     ⚠️ Scroll into view failed for text=None. Proceeding anyway.
2026-01-19T04:22:02.2290707Z     ✅ State transitioned.
2026-01-19T04:22:03.6625740Z [DEBUG] Sending request to gemini-2.0-flash. Number of parts: 2
2026-01-19T04:22:03.6626250Z [DEBUG] Received response (Length: 335)
2026-01-19T04:22:03.6626966Z     🤖 AI Next Step Suggestion: click -> login-button
2026-01-19T04:22:03.6627471Z     🧩 Suggested Locator: #login-button
2026-01-19T04:22:03.6628866Z     💭 Reasoning: The page shows the locked out message. To re-test the locked user scenario, we need to attempt to login again after logging out. Clicking the login button will attempt to log in with the previously entered credentials.
2026-01-19T04:22:03.6630224Z ⚠️ Loop detected: same AI suggestion repeated 2 times. Moving to next step.
2026-01-19T04:22:05.7143635Z 
2026-01-19T04:22:05.7144369Z [3/3] Exploring Scenario: Problem User Login and Inventory Check
2026-01-19T04:22:05.7145572Z     🧠 Initialized exploration context for goal: 'Test locked user scenarios'
2026-01-19T04:22:05.7146364Z   ▶️ [STEP step_1] NAVIGATE: 
2026-01-19T04:22:06.3746815Z     ✅ Navigated to https://www.saucedemo.com/
2026-01-19T04:22:06.3747805Z   ▶️ [STEP step_2] FILL: Username
2026-01-19T04:22:06.3920316Z     🔍 Mining locators for: 'Username'
2026-01-19T04:22:06.4473491Z     ✅ Found 5 verified locators
2026-01-19T04:22:11.6583323Z     ✅ State transitioned.
2026-01-19T04:22:13.2441157Z [DEBUG] Sending request to gemini-2.0-flash. Number of parts: 2
2026-01-19T04:22:13.2441925Z [DEBUG] Received response (Length: 240)
2026-01-19T04:22:13.2442943Z     🤖 AI Next Step Suggestion: fill -> Password
2026-01-19T04:22:13.2443667Z     🧩 Suggested Locator: #password
2026-01-19T04:22:13.2445166Z     💭 Reasoning: The password field is visible and needs to be filled to attempt login. The password for all users is provided on the page.
2026-01-19T04:22:13.2446666Z     ➕ Injected AI step: fill -> Password
2026-01-19T04:22:13.2447336Z   ▶️ [STEP step_2_ai_1] FILL: Password
2026-01-19T04:22:13.2497850Z     🎯 Using AI-provided locator: #password
2026-01-19T04:22:13.2551782Z     ✅ Found 1 verified locators
2026-01-19T04:22:20.0629583Z     ✅ State transitioned.
2026-01-19T04:22:21.7835429Z [DEBUG] Sending request to gemini-2.0-flash. Number of parts: 2
2026-01-19T04:22:21.7836152Z [DEBUG] Received response (Length: 229)
2026-01-19T04:22:21.7837011Z     🤖 AI Next Step Suggestion: click -> login-button
2026-01-19T04:22:21.7837690Z     🧩 Suggested Locator: input[id='login-button']
2026-01-19T04:22:21.7839174Z     💭 Reasoning: Now that the username and password fields are filled, the next step is to click the login button to attempt to log in.
2026-01-19T04:22:21.7840327Z     ➕ Injected AI step: click -> login-button
2026-01-19T04:22:21.7840750Z   ▶️ [STEP step_2_ai_2] CLICK: login-button
2026-01-19T04:22:21.7895063Z     🎯 Using AI-provided locator: input[id='login-button']
2026-01-19T04:22:21.7951420Z     ✅ Found 1 verified locators
2026-01-19T04:22:25.8633546Z     ✅ State transitioned.
2026-01-19T04:22:27.3429176Z [DEBUG] Sending request to gemini-2.0-flash. Number of parts: 2
2026-01-19T04:22:27.3429634Z [DEBUG] Received response (Length: 194)
2026-01-19T04:22:27.3430183Z     🤖 AI Next Step Suggestion: done -> N/A
2026-01-19T04:22:27.3431048Z     💭 Reasoning: The user has successfully logged in. The goal is to test locked user scenarios, which cannot be achieved from this page. Therefore, the task is complete.
2026-01-19T04:22:27.3431844Z   ▶️ [STEP step_3] FILL: Password
2026-01-19T04:22:27.3484470Z     🔍 Mining locators for: 'Password'
2026-01-19T04:22:27.3844567Z     🧠 Consulting AI (Vision-First) to find 'Password'...
2026-01-19T04:22:27.3845134Z     🔍 Trying smart selectors for 'Password'...
2026-01-19T04:22:27.4224621Z     ⚠️ Smart selectors failed (no unique match). Falling back to AI Vision...
2026-01-19T04:22:27.4227648Z     🧠 [EXPERT] Strategy: Act as Senior SDET focusing on exploring the application to understand functional flow and identifying critical paths for end-to-end automation.
2026-01-19T04:22:32.3176536Z [DEBUG] Sending request to gemini-2.0-flash. Number of parts: 2
2026-01-19T04:22:32.3177423Z [DEBUG] Received response (Length: 296)
2026-01-19T04:22:32.3180280Z     💡 Expert Suggestion: The 'Password' field is likely located on the login or account settings page, which might be accessible through the 'Products' page via a user icon or menu.
2026-01-19T04:22:32.3181964Z     🛠️ Executing corrective action: click -> 'Products'
2026-01-19T04:22:32.8714363Z     ✅ Executed corrective navigation
2026-01-19T04:22:34.8738122Z     🔄 Retry 1/3 mining locators for 'Password'...
2026-01-19T04:22:35.9122872Z     🧠 Consulting AI (Vision-First) to find 'Password'...
2026-01-19T04:22:35.9123672Z     🔍 Trying smart selectors for 'Password'...
2026-01-19T04:22:35.9503345Z     ⚠️ Smart selectors failed (no unique match). Falling back to AI Vision...
2026-01-19T04:22:35.9504820Z     🧠 [EXPERT] Strategy: Act as Senior SDET focusing on exploring the application to understand functional flow and identifying critical paths for end-to-end automation.
2026-01-19T04:22:35.9510081Z [CACHE HIT] 6b70ac1a... (hits: 7, misses: 26)
2026-01-19T04:22:35.9510761Z     ⚠️ Skipping duplicate injection: Products
2026-01-19T04:22:35.9511406Z     🔄 Retry 2/3 mining locators for 'Password'...
2026-01-19T04:22:36.9524578Z     🗑️ Invalidating stale AI cache (retry 2)...
2026-01-19T04:22:36.9526092Z     ⚠️ Cache invalidation warning: No module named 'core.agents.domain_expert'
2026-01-19T04:22:36.9905633Z     🧠 Consulting AI (Vision-First) to find 'Password'...
2026-01-19T04:22:36.9906265Z     🔍 Trying smart selectors for 'Password'...
2026-01-19T04:22:37.0279984Z     ⚠️ Smart selectors failed (no unique match). Falling back to AI Vision...
2026-01-19T04:22:37.0282583Z     🧠 [EXPERT] Strategy: Act as Senior SDET focusing on exploring the application to understand functional flow and identifying critical paths for end-to-end automation.
2026-01-19T04:22:37.0289643Z [CACHE HIT] 6b70ac1a... (hits: 8, misses: 26)
2026-01-19T04:22:37.0290291Z     ⚠️ Skipping duplicate injection: Products
2026-01-19T04:22:37.0291295Z     🧠 Verifying step validity for 'Password' after no candidates found...
2026-01-19T04:22:38.4444744Z [DEBUG] Sending request to gemini-2.0-flash. Number of parts: 2
2026-01-19T04:22:38.4445521Z [DEBUG] Received response (Length: 324)
2026-01-19T04:22:38.4447538Z     🗑️ Step deemed INVALID: The current page is the inventory page, which displays a list of products. The 'Password' element is not present on this page. It is likely that the user is trying to interact with the password field on the login page, but the current page is the inventory page.. Removing from workflow.
2026-01-19T04:22:38.4449116Z     ⏭️ Skipping execution of invalid step: Password
2026-01-19T04:22:38.4449498Z   ▶️ [STEP step_4] CLICK: Login
2026-01-19T04:22:38.4500750Z     🔍 Mining locators for: 'Login'
2026-01-19T04:22:38.4920346Z     🧠 Consulting AI (Vision-First) to find 'Login'...
2026-01-19T04:22:38.4920804Z     🔍 Trying smart selectors for 'Login'...
2026-01-19T04:22:38.5305306Z     ⚠️ Smart selectors failed (no unique match). Falling back to AI Vision...
2026-01-19T04:22:38.5307819Z     🧠 [EXPERT] Strategy: Act as Senior SDET focusing on exploring the application to understand functional flow and identifying critical paths for end-to-end automation.
2026-01-19T04:22:43.7805963Z [DEBUG] Sending request to gemini-2.0-flash. Number of parts: 2
2026-01-19T04:22:43.7806917Z [DEBUG] Received response (Length: 293)
2026-01-19T04:22:43.7809819Z     💡 Expert Suggestion: The 'Login' button is not visible on the current page. It is likely accessible from the main menu, which can be opened by clicking the 'Products' button.
2026-01-19T04:22:43.7812154Z     🛠️ Executing corrective action: click -> 'Products'
2026-01-19T04:22:44.3349988Z     ✅ Executed corrective navigation
2026-01-19T04:22:46.3373214Z     🔄 Retry 1/3 mining locators for 'Login'...
2026-01-19T04:22:47.3774167Z     🧠 Consulting AI (Vision-First) to find 'Login'...
2026-01-19T04:22:47.3775024Z     🔍 Trying smart selectors for 'Login'...
2026-01-19T04:22:47.4610297Z     ⚠️ Smart selectors failed (no unique match). Falling back to AI Vision...
2026-01-19T04:22:47.4612114Z     🧠 [EXPERT] Strategy: Act as Senior SDET focusing on exploring the application to understand functional flow and identifying critical paths for end-to-end automation.
2026-01-19T04:22:47.4618719Z [CACHE HIT] b90d5a8d... (hits: 9, misses: 28)
2026-01-19T04:22:47.4619380Z     ⚠️ Skipping duplicate injection: Products
2026-01-19T04:22:47.4619998Z     🔄 Retry 2/3 mining locators for 'Login'...
2026-01-19T04:22:48.4633450Z     🗑️ Invalidating stale AI cache (retry 2)...
2026-01-19T04:22:48.4634890Z     ⚠️ Cache invalidation warning: No module named 'core.agents.domain_expert'
2026-01-19T04:22:48.5082994Z     🧠 Consulting AI (Vision-First) to find 'Login'...
2026-01-19T04:22:48.5083470Z     🔍 Trying smart selectors for 'Login'...
2026-01-19T04:22:48.5476730Z     ⚠️ Smart selectors failed (no unique match). Falling back to AI Vision...
2026-01-19T04:22:48.5479088Z     🧠 [EXPERT] Strategy: Act as Senior SDET focusing on exploring the application to understand functional flow and identifying critical paths for end-to-end automation.
2026-01-19T04:22:48.5485067Z [CACHE HIT] b90d5a8d... (hits: 10, misses: 28)
2026-01-19T04:22:48.5485718Z     ⚠️ Skipping duplicate injection: Products
2026-01-19T04:22:48.5486622Z     🧠 Verifying step validity for 'Login' after no candidates found...
2026-01-19T04:22:50.0062662Z [DEBUG] Sending request to gemini-2.0-flash. Number of parts: 2
2026-01-19T04:22:50.0063510Z [DEBUG] Received response (Length: 275)
2026-01-19T04:22:50.0067099Z     🗑️ Step deemed INVALID: The current page is the inventory page, which displays the list of products. The 'Login' button is only present on the login page. Therefore, attempting to locate and interact with 'Login' on this page is invalid.. Removing from workflow.
2026-01-19T04:22:50.0070394Z     ⏭️ Skipping execution of invalid step: Login
2026-01-19T04:22:50.0071248Z   ▶️ [STEP step_5] ASSERT_URL: 
2026-01-19T04:22:55.0223037Z     ⚠️ Scroll into view failed for text=None. Proceeding anyway.
2026-01-19T04:22:57.0245461Z     ✅ State transitioned.
2026-01-19T04:22:58.5579158Z [DEBUG] Sending request to gemini-2.0-flash. Number of parts: 2
2026-01-19T04:22:58.5580004Z [DEBUG] Received response (Length: 298)
2026-01-19T04:22:58.5580960Z     🤖 AI Next Step Suggestion: done -> N/A
2026-01-19T04:22:58.5584238Z     💭 Reasoning: The user has successfully logged in. The goal was to test locked user scenarios, and the current page indicates a successful login. Since the locked user scenario would have prevented login, this test is not applicable here. Therefore, the goal is complete.
2026-01-19T04:22:58.5587141Z   ▶️ [STEP step_6] ASSERT_VISIBLE: Sauce Labs Backpack
2026-01-19T04:22:58.5640640Z     🔍 Mining locators for: 'Sauce Labs Backpack'
2026-01-19T04:22:58.6330757Z     ✅ Found 4 verified locators
2026-01-19T04:23:01.1752334Z     ✅ State transitioned.
2026-01-19T04:23:01.1820837Z     🔄 Revisited state detected (count: 1)
2026-01-19T04:23:03.3704430Z [DEBUG] Sending request to gemini-2.0-flash. Number of parts: 2
2026-01-19T04:23:03.3705012Z [DEBUG] Received response (Length: 214)
2026-01-19T04:23:03.3705676Z     🤖 AI Next Step Suggestion: done -> N/A
2026-01-19T04:23:03.3706962Z     💭 Reasoning: The user is already logged in and on the inventory page. The goal is to test locked user scenarios, which cannot be achieved from this page. Therefore, the task is complete.
2026-01-19T04:23:05.4055194Z 🗂️  All generated tests written to /home/runner/work/build_qa_automation/build_qa_automation/projects/ci_saucedemo_locked/tests/generated_scenarios.json
2026-01-19T04:23:05.4063675Z 🔄 Updated workflow.json with discovered steps and locators.
2026-01-19T04:23:05.4064470Z 
2026-01-19T04:23:05.4064744Z ✅ Deep Exploration Complete.
2026-01-19T04:24:14.9163686Z 
2026-01-19T04:24:14.9164447Z 🚀 [EXECUTE] Starting Automation Execution Engine
2026-01-19T04:24:14.9165062Z 📍 Project: ci_saucedemo_locked
2026-01-19T04:24:14.9165457Z 🎬 Mode: Headless
2026-01-19T04:24:14.9165641Z 
2026-01-19T04:24:14.9165849Z --- Scenario: Locked Out User Login Attempt ---
2026-01-19T04:24:14.9166456Z   ▶️ [STEP step_1] NAVIGATE: Step step_1
2026-01-19T04:24:14.9166917Z     ✅ Step step_1 Passed.
2026-01-19T04:24:14.9167312Z   ▶️ [STEP step_2] FILL: Username
2026-01-19T04:24:14.9167845Z     🎯 Using mined locator: role=textbox[name='Username']
2026-01-19T04:24:14.9168388Z     ✅ Step step_2 Passed.
2026-01-19T04:24:14.9169082Z   ▶️ [STEP step_2_ai_1] FILL: Password
2026-01-19T04:24:14.9169558Z     🎯 Using mined locator: #password
2026-01-19T04:24:14.9169989Z     ✅ Step step_2_ai_1 Passed.
2026-01-19T04:24:14.9170413Z   ▶️ [STEP step_2_ai_2] CLICK: login-button
2026-01-19T04:24:14.9170980Z     🎯 Using mined locator: input[id='login-button']
2026-01-19T04:24:14.9171496Z     ✅ Step step_2_ai_2 Passed.
2026-01-19T04:24:14.9171892Z   ▶️ [STEP step_3] FILL: Password
2026-01-19T04:24:14.9172401Z     🎯 Using mined locator: role=textbox[name='Password']
2026-01-19T04:24:14.9172953Z     ✅ Step step_3 Passed.
2026-01-19T04:24:14.9173326Z   ▶️ [STEP step_4] CLICK: Login
2026-01-19T04:24:14.9173763Z     🎯 Using mined locator: [name*='login']
2026-01-19T04:24:14.9174196Z     ✅ Step step_4 Passed.
2026-01-19T04:24:14.9174837Z   ▶️ [STEP step_5] ASSERT_VISIBLE: Epic sadface: Sorry, this user has been locked out.
2026-01-19T04:24:14.9175732Z     🎯 Using mined locator: text='Epic sadface: Sorry, this user has been locked out.'
2026-01-19T04:24:14.9176374Z     ✅ Step step_5 Passed.
2026-01-19T04:24:14.9176906Z ✅ Scenario 'Locked Out User Login Attempt' completed successfully!
2026-01-19T04:24:14.9177317Z 
2026-01-19T04:24:14.9177495Z --- Scenario: Standard User Login and Logout ---
2026-01-19T04:24:14.9178027Z   ▶️ [STEP step_1] NAVIGATE: Step step_1
2026-01-19T04:24:14.9178967Z     ✅ Step step_1 Passed.
2026-01-19T04:24:14.9179388Z   ▶️ [STEP step_2] FILL: Username
2026-01-19T04:24:14.9179878Z     🎯 Using mined locator: role=textbox[name='Username']
2026-01-19T04:24:14.9180376Z     ✅ Step step_2 Passed.
2026-01-19T04:24:14.9180768Z   ▶️ [STEP step_2_ai_1] FILL: Password
2026-01-19T04:24:14.9181220Z     🎯 Using mined locator: #password
2026-01-19T04:24:14.9181648Z     ✅ Step step_2_ai_1 Passed.
2026-01-19T04:24:14.9182081Z   ▶️ [STEP step_2_ai_2] CLICK: login-button
2026-01-19T04:24:14.9182608Z     🎯 Using mined locator: input[id='login-button']
2026-01-19T04:24:14.9183087Z     ✅ Step step_2_ai_2 Passed.
2026-01-19T04:24:14.9183515Z   ▶️ [STEP step_5] ASSERT_URL: Step step_5
2026-01-19T04:24:14.9183949Z     ✅ Step step_5 Passed.
2026-01-19T04:24:14.9184338Z   ▶️ [STEP step_6] CLICK: Open Menu
2026-01-19T04:24:14.9184852Z     🎯 Using mined locator: role=button[name='Open Menu']
2026-01-19T04:24:14.9185344Z     ✅ Step step_6 Passed.
2026-01-19T04:24:14.9185744Z   ▶️ [STEP step_6_ai_1] CLICK: Logout
2026-01-19T04:24:14.9186251Z     🎯 Using mined locator: a[id='logout_sidebar_link']
2026-01-19T04:24:14.9186753Z     ✅ Step step_6_ai_1 Passed.
2026-01-19T04:24:14.9187143Z   ▶️ [STEP step_6_ai_2] FILL: Username
2026-01-19T04:24:14.9187580Z     🎯 Using mined locator: #user-name
2026-01-19T04:24:14.9188011Z     ✅ Step step_6_ai_2 Passed.
2026-01-19T04:24:14.9188413Z   ▶️ [STEP step_6_ai_3] FILL: Password
2026-01-19T04:24:14.9189067Z     🎯 Using mined locator: #password
2026-01-19T04:24:14.9189499Z     ✅ Step step_6_ai_3 Passed.
2026-01-19T04:24:14.9189904Z   ▶️ [STEP step_6_ai_4] CLICK: login-button
2026-01-19T04:24:14.9190412Z     🎯 Using mined locator: input[id='login-button']
2026-01-19T04:24:14.9190917Z     ✅ Step step_6_ai_4 Passed.
2026-01-19T04:24:14.9191326Z   ▶️ [STEP step_8] ASSERT_URL: Step step_8
2026-01-19T04:24:14.9191774Z     ✅ Step step_8 Passed.
2026-01-19T04:24:14.9192629Z ✅ Scenario 'Standard User Login and Logout' completed successfully!
2026-01-19T04:24:14.9193049Z 
2026-01-19T04:24:14.9193478Z --- Scenario: Problem User Login and Inventory Check ---
2026-01-19T04:24:14.9194046Z   ▶️ [STEP step_1] NAVIGATE: Step step_1
2026-01-19T04:24:14.9194471Z     ✅ Step step_1 Passed.
2026-01-19T04:24:14.9194849Z   ▶️ [STEP step_2] FILL: Username
2026-01-19T04:24:14.9195345Z     🎯 Using mined locator: role=textbox[name='Username']
2026-01-19T04:24:14.9195832Z     ✅ Step step_2 Passed.
2026-01-19T04:24:14.9196221Z   ▶️ [STEP step_2_ai_1] FILL: Password
2026-01-19T04:24:14.9196662Z     🎯 Using mined locator: #password
2026-01-19T04:24:14.9197111Z     ✅ Step step_2_ai_1 Passed.
2026-01-19T04:24:14.9197549Z   ▶️ [STEP step_2_ai_2] CLICK: login-button
2026-01-19T04:24:14.9198065Z     🎯 Using mined locator: input[id='login-button']
2026-01-19T04:24:14.9198693Z     ✅ Step step_2_ai_2 Passed.
2026-01-19T04:24:14.9199125Z   ▶️ [STEP step_5] ASSERT_URL: Step step_5
2026-01-19T04:24:14.9199577Z     ✅ Step step_5 Passed.
2026-01-19T04:24:14.9200024Z   ▶️ [STEP step_6] ASSERT_VISIBLE: Sauce Labs Backpack
2026-01-19T04:24:14.9200676Z     🎯 Using mined locator: role=link[name='Sauce Labs Backpack']
2026-01-19T04:24:14.9201208Z     ✅ Step step_6 Passed.
2026-01-19T04:24:14.9201809Z ✅ Scenario 'Problem User Login and Inventory Check' completed successfully!
2026-01-19T04:24:14.9202260Z 
2026-01-19T04:24:14.9202417Z ============================================================
2026-01-19T04:24:14.9202861Z 🎯 EXECUTION SUMMARY
2026-01-19T04:24:14.9203180Z ============================================================
2026-01-19T04:24:14.9203485Z 
2026-01-19T04:24:14.9203640Z 📋 Scenario Overview:
2026-01-19T04:24:14.9204007Z    • Total Scenarios Planned: 3
2026-01-19T04:24:14.9204389Z    • Scenarios Executed: 3
2026-01-19T04:24:14.9204769Z    • Total Steps Executed: 24
2026-01-19T04:24:14.9204995Z 
2026-01-19T04:24:14.9205129Z ✅ Results:
2026-01-19T04:24:14.9205428Z    ✅ Passed: 3 (100%)
2026-01-19T04:24:14.9205627Z 
2026-01-19T04:24:14.9205775Z ============================================================
2026-01-19T04:24:14.9206064Z 
2026-01-19T04:24:14.9206838Z 🏁 Execution Finished. Report: /home/runner/work/build_qa_automation/build_qa_automation/projects/ci_saucedemo_locked/execution.json
2026-01-19T04:24:15.0347880Z 
2026-01-19T04:24:15.0348360Z [PHASE] Running Phase: DISCOVERY
2026-01-19T04:24:15.0350580Z    Command: /opt/hostedtoolcache/Python/3.11.14/x64/bin/python /home/runner/work/build_qa_automation/build_qa_automation/core/agents/discovery.py --project /home/runner/work/build_qa_automation/build_qa_automation/projects/ci_saucedemo_locked --url https://www.saucedemo.com/ --deep
2026-01-19T04:24:15.0352784Z ✅ Phase 'discovery' completed successfully.
2026-01-19T04:24:15.0353095Z 
2026-01-19T04:24:15.0353238Z [PHASE] Running Phase: PLANNING
2026-01-19T04:24:15.0355253Z    Command: /opt/hostedtoolcache/Python/3.11.14/x64/bin/python /home/runner/work/build_qa_automation/build_qa_automation/core/agents/planner.py --project /home/runner/work/build_qa_automation/build_qa_automation/projects/ci_saucedemo_locked --goal Test locked user scenarios --url https://www.saucedemo.com/ --deep
2026-01-19T04:24:15.0357332Z ✅ Phase 'planning' completed successfully.
2026-01-19T04:24:15.0357631Z 
2026-01-19T04:24:15.0357768Z [PHASE] Running Phase: EXPLORATION
2026-01-19T04:24:15.0359416Z    Command: /opt/hostedtoolcache/Python/3.11.14/x64/bin/python /home/runner/work/build_qa_automation/build_qa_automation/core/agents/deep_explorer.py --project /home/runner/work/build_qa_automation/build_qa_automation/projects/ci_saucedemo_locked
2026-01-19T04:24:15.0361040Z ✅ Phase 'exploration' completed successfully.
2026-01-19T04:24:15.0361604Z 📊 Exploration Discovery Success Rate: 85.7%
2026-01-19T04:24:15.0361912Z 
2026-01-19T04:24:15.0362046Z [PHASE] Running Phase: EXECUTION
2026-01-19T04:24:15.0363523Z    Command: /opt/hostedtoolcache/Python/3.11.14/x64/bin/python /home/runner/work/build_qa_automation/build_qa_automation/core/agents/executor.py --project /home/runner/work/build_qa_automation/build_qa_automation/projects/ci_saucedemo_locked
2026-01-19T04:24:15.0365619Z ✅ Phase 'execution' completed successfully.
2026-01-19T04:24:15.0365920Z 
2026-01-19T04:24:15.0366086Z [DONE] Pipeline Execution Finished! [DONE]
2026-01-19T04:24:15.1524994Z ##[group]Run RESULT_FILE="projects/ci_saucedemo_locked/execution.json"
2026-01-19T04:24:15.1525522Z [36;1mRESULT_FILE="projects/ci_saucedemo_locked/execution.json"[0m
2026-01-19T04:24:15.1525890Z [36;1mif [ -f "$RESULT_FILE" ]; then[0m
2026-01-19T04:24:15.1526241Z [36;1m  echo "✅ Results generated successfully: $RESULT_FILE"[0m
2026-01-19T04:24:15.1526693Z [36;1m  cat "$RESULT_FILE" | jq '.scenarios | length' || echo "Result file exists"[0m
2026-01-19T04:24:15.1527055Z [36;1melse[0m
2026-01-19T04:24:15.1527295Z [36;1m  echo "❌ No result file found at $RESULT_FILE"[0m
2026-01-19T04:24:15.1527579Z [36;1m  exit 1[0m
2026-01-19T04:24:15.1527757Z [36;1mfi[0m
2026-01-19T04:24:15.1559885Z shell: /usr/bin/bash -e {0}
2026-01-19T04:24:15.1560121Z env:
2026-01-19T04:24:15.1560409Z   pythonLocation: /opt/hostedtoolcache/Python/3.11.14/x64
2026-01-19T04:24:15.1560831Z   PKG_CONFIG_PATH: /opt/hostedtoolcache/Python/3.11.14/x64/lib/pkgconfig
2026-01-19T04:24:15.1561277Z   Python_ROOT_DIR: /opt/hostedtoolcache/Python/3.11.14/x64
2026-01-19T04:24:15.1561645Z   Python2_ROOT_DIR: /opt/hostedtoolcache/Python/3.11.14/x64
2026-01-19T04:24:15.1562021Z   Python3_ROOT_DIR: /opt/hostedtoolcache/Python/3.11.14/x64
2026-01-19T04:24:15.1562408Z   LD_LIBRARY_PATH: /opt/hostedtoolcache/Python/3.11.14/x64/lib
2026-01-19T04:24:15.1562710Z ##[endgroup]
2026-01-19T04:24:15.1615044Z ✅ Results generated successfully: projects/ci_saucedemo_locked/execution.json
2026-01-19T04:24:15.1640963Z 3
2026-01-19T04:24:15.1926919Z ##[group]Run actions/upload-artifact@v4
2026-01-19T04:24:15.1927203Z with:
2026-01-19T04:24:15.1927406Z   name: saucedemo_locked-execution-results
2026-01-19T04:24:15.1927869Z   path: projects/ci_saucedemo_locked/execution.json
projects/ci_saucedemo_locked/workflow.json

2026-01-19T04:24:15.1928336Z   retention-days: 30
2026-01-19T04:24:15.1928729Z   if-no-files-found: warn
2026-01-19T04:24:15.1928945Z   compression-level: 6
2026-01-19T04:24:15.1929155Z   overwrite: false
2026-01-19T04:24:15.1929388Z   include-hidden-files: false
2026-01-19T04:24:15.1929600Z env:
2026-01-19T04:24:15.1929833Z   pythonLocation: /opt/hostedtoolcache/Python/3.11.14/x64
2026-01-19T04:24:15.1930243Z   PKG_CONFIG_PATH: /opt/hostedtoolcache/Python/3.11.14/x64/lib/pkgconfig
2026-01-19T04:24:15.1930645Z   Python_ROOT_DIR: /opt/hostedtoolcache/Python/3.11.14/x64
2026-01-19T04:24:15.1931000Z   Python2_ROOT_DIR: /opt/hostedtoolcache/Python/3.11.14/x64
2026-01-19T04:24:15.1931384Z   Python3_ROOT_DIR: /opt/hostedtoolcache/Python/3.11.14/x64
2026-01-19T04:24:15.1931747Z   LD_LIBRARY_PATH: /opt/hostedtoolcache/Python/3.11.14/x64/lib
2026-01-19T04:24:15.1932045Z ##[endgroup]
2026-01-19T04:24:15.4128716Z Multiple search paths detected. Calculating the least common ancestor of all paths
2026-01-19T04:24:15.4133372Z The least common ancestor is /home/runner/work/build_qa_automation/build_qa_automation/projects/ci_saucedemo_locked. This will be the root directory of the artifact
2026-01-19T04:24:15.4134807Z With the provided path, there will be 2 files uploaded
2026-01-19T04:24:15.4140878Z Artifact name is valid!
2026-01-19T04:24:15.4141757Z Root directory input is valid!
2026-01-19T04:24:15.4937798Z Beginning upload of artifact content to blob storage
2026-01-19T04:24:15.5628181Z Uploaded bytes 1675
2026-01-19T04:24:15.5823462Z Finished uploading artifact content to blob storage!
2026-01-19T04:24:15.5827222Z SHA256 digest of uploaded artifact zip is 6529f27ad36dde36f6e7a06d4f85a1c86b30f64bb6bb8a0f3685258557054715
2026-01-19T04:24:15.5829314Z Finalizing artifact upload
2026-01-19T04:24:15.6584751Z Artifact saucedemo_locked-execution-results.zip successfully finalized. Artifact ID 5172408976
2026-01-19T04:24:15.6586552Z Artifact saucedemo_locked-execution-results has been successfully uploaded! Final size is 1675 bytes. Artifact ID is 5172408976
2026-01-19T04:24:15.6593374Z Artifact download URL: https://github.com/vishvasmca-cmd/build_qa_automation/actions/runs/21124435194/artifacts/5172408976
2026-01-19T04:24:15.6929764Z Post job cleanup.
2026-01-19T04:24:15.8478096Z Cache hit occurred on the primary key setup-python-Linux-x64-24.04-Ubuntu-python-3.11.14-pip-dde08d0e0b672972dcda9f1a063036a2e0c226f5d0a20362e9401931676d80a4, not saving cache.
2026-01-19T04:24:15.8932513Z Post job cleanup.
2026-01-19T04:24:15.9891011Z [command]/usr/bin/git version
2026-01-19T04:24:15.9932490Z git version 2.52.0
2026-01-19T04:24:15.9975895Z Temporarily overriding HOME='/home/runner/work/_temp/f1d9f9b2-d557-4a50-8510-280e62f6a944' before making global git config changes
2026-01-19T04:24:15.9977284Z Adding repository directory to the temporary git global config as a safe directory
2026-01-19T04:24:15.9982553Z [command]/usr/bin/git config --global --add safe.directory /home/runner/work/build_qa_automation/build_qa_automation
2026-01-19T04:24:16.0022575Z [command]/usr/bin/git config --local --name-only --get-regexp core\.sshCommand
2026-01-19T04:24:16.0057808Z [command]/usr/bin/git submodule foreach --recursive sh -c "git config --local --name-only --get-regexp 'core\.sshCommand' && git config --local --unset-all 'core.sshCommand' || :"
2026-01-19T04:24:16.0312729Z [command]/usr/bin/git config --local --name-only --get-regexp http\.https\:\/\/github\.com\/\.extraheader
2026-01-19T04:24:16.0336904Z http.https://github.com/.extraheader
2026-01-19T04:24:16.0350045Z [command]/usr/bin/git config --local --unset-all http.https://github.com/.extraheader
2026-01-19T04:24:16.0383620Z [command]/usr/bin/git submodule foreach --recursive sh -c "git config --local --name-only --get-regexp 'http\.https\:\/\/github\.com\/\.extraheader' && git config --local --unset-all 'http.https://github.com/.extraheader' || :"
2026-01-19T04:24:16.0628275Z [command]/usr/bin/git config --local --name-only --get-regexp ^includeIf\.gitdir:
2026-01-19T04:24:16.0664429Z [command]/usr/bin/git submodule foreach --recursive git config --local --show-origin --name-only --get-regexp remote.origin.url
2026-01-19T04:24:16.1033713Z Cleaning up orphan processes
