2026-01-19T23:59:03.8715588Z Current runner version: '2.331.0'
2026-01-19T23:59:03.8749292Z ##[group]Runner Image Provisioner
2026-01-19T23:59:03.8750713Z Hosted Compute Agent
2026-01-19T23:59:03.8751880Z Version: 20251211.462
2026-01-19T23:59:03.8752795Z Commit: 6cbad8c2bb55d58165063d031ccabf57e2d2db61
2026-01-19T23:59:03.8754138Z Build Date: 2025-12-11T16:28:49Z
2026-01-19T23:59:03.8755139Z Worker ID: {2d8d37a2-788d-4f2e-b11e-4e940c66c3aa}
2026-01-19T23:59:03.8756241Z ##[endgroup]
2026-01-19T23:59:03.8757216Z ##[group]Operating System
2026-01-19T23:59:03.8758068Z Ubuntu
2026-01-19T23:59:03.8758857Z 24.04.3
2026-01-19T23:59:03.8759769Z LTS
2026-01-19T23:59:03.8760558Z ##[endgroup]
2026-01-19T23:59:03.8761628Z ##[group]Runner Image
2026-01-19T23:59:03.8762700Z Image: ubuntu-24.04
2026-01-19T23:59:03.8763625Z Version: 20260111.209.1
2026-01-19T23:59:03.8765423Z Included Software: https://github.com/actions/runner-images/blob/ubuntu24/20260111.209/images/ubuntu/Ubuntu2404-Readme.md
2026-01-19T23:59:03.8768437Z Image Release: https://github.com/actions/runner-images/releases/tag/ubuntu24%2F20260111.209
2026-01-19T23:59:03.8770164Z ##[endgroup]
2026-01-19T23:59:03.8772313Z ##[group]GITHUB_TOKEN Permissions
2026-01-19T23:59:03.8774768Z Contents: read
2026-01-19T23:59:03.8775871Z Metadata: read
2026-01-19T23:59:03.8776811Z Packages: read
2026-01-19T23:59:03.8777673Z ##[endgroup]
2026-01-19T23:59:03.8780712Z Secret source: Actions
2026-01-19T23:59:03.8782087Z Prepare workflow directory
2026-01-19T23:59:03.9259678Z Prepare all required actions
2026-01-19T23:59:03.9317701Z Getting action download info
2026-01-19T23:59:04.2014957Z Download action repository 'actions/checkout@v4' (SHA:34e114876b0b11c390a56381ad16ebd13914f8d5)
2026-01-19T23:59:04.2971839Z Download action repository 'actions/setup-python@v5' (SHA:a26af69be951a213d495a4c3e4e4022e16d87065)
2026-01-19T23:59:04.3780023Z Download action repository 'actions/upload-artifact@v4' (SHA:ea165f8d65b6e75b540449e92b4886f43607fa02)
2026-01-19T23:59:04.5965732Z Complete job name: test-websites-deep (seleniumeasy_forms, https://demo.seleniumeasy.com/basic-first-form-demo.html,...
2026-01-19T23:59:04.6655585Z ##[group]Run actions/checkout@v4
2026-01-19T23:59:04.6656408Z with:
2026-01-19T23:59:04.6656867Z   repository: vishvasmca-cmd/build_qa_automation
2026-01-19T23:59:04.6657590Z   token: ***
2026-01-19T23:59:04.6657982Z   ssh-strict: true
2026-01-19T23:59:04.6658381Z   ssh-user: git
2026-01-19T23:59:04.6658787Z   persist-credentials: true
2026-01-19T23:59:04.6659240Z   clean: true
2026-01-19T23:59:04.6659638Z   sparse-checkout-cone-mode: true
2026-01-19T23:59:04.6660124Z   fetch-depth: 1
2026-01-19T23:59:04.6660514Z   fetch-tags: false
2026-01-19T23:59:04.6660906Z   show-progress: true
2026-01-19T23:59:04.6661324Z   lfs: false
2026-01-19T23:59:04.6662008Z   submodules: false
2026-01-19T23:59:04.6662470Z   set-safe-directory: true
2026-01-19T23:59:04.6663225Z ##[endgroup]
2026-01-19T23:59:04.7705526Z Syncing repository: vishvasmca-cmd/build_qa_automation
2026-01-19T23:59:04.7707262Z ##[group]Getting Git version info
2026-01-19T23:59:04.7708163Z Working directory is '/home/runner/work/build_qa_automation/build_qa_automation'
2026-01-19T23:59:04.7709232Z [command]/usr/bin/git version
2026-01-19T23:59:04.7792677Z git version 2.52.0
2026-01-19T23:59:04.7817741Z ##[endgroup]
2026-01-19T23:59:04.7837700Z Temporarily overriding HOME='/home/runner/work/_temp/2a7e5029-e25d-4a7c-9d60-0d669433d99b' before making global git config changes
2026-01-19T23:59:04.7839270Z Adding repository directory to the temporary git global config as a safe directory
2026-01-19T23:59:04.7842938Z [command]/usr/bin/git config --global --add safe.directory /home/runner/work/build_qa_automation/build_qa_automation
2026-01-19T23:59:04.7879705Z Deleting the contents of '/home/runner/work/build_qa_automation/build_qa_automation'
2026-01-19T23:59:04.7883010Z ##[group]Initializing the repository
2026-01-19T23:59:04.7887229Z [command]/usr/bin/git init /home/runner/work/build_qa_automation/build_qa_automation
2026-01-19T23:59:04.7991832Z hint: Using 'master' as the name for the initial branch. This default branch name
2026-01-19T23:59:04.7993916Z hint: will change to "main" in Git 3.0. To configure the initial branch name
2026-01-19T23:59:04.7995540Z hint: to use in all of your new repositories, which will suppress this warning,
2026-01-19T23:59:04.7996802Z hint: call:
2026-01-19T23:59:04.7997579Z hint:
2026-01-19T23:59:04.7998172Z hint: 	git config --global init.defaultBranch <name>
2026-01-19T23:59:04.7998785Z hint:
2026-01-19T23:59:04.7999348Z hint: Names commonly chosen instead of 'master' are 'main', 'trunk' and
2026-01-19T23:59:04.8000297Z hint: 'development'. The just-created branch can be renamed via this command:
2026-01-19T23:59:04.8001070Z hint:
2026-01-19T23:59:04.8001720Z hint: 	git branch -m <name>
2026-01-19T23:59:04.8002479Z hint:
2026-01-19T23:59:04.8003223Z hint: Disable this message with "git config set advice.defaultBranchName false"
2026-01-19T23:59:04.8004481Z Initialized empty Git repository in /home/runner/work/build_qa_automation/build_qa_automation/.git/
2026-01-19T23:59:04.8007263Z [command]/usr/bin/git remote add origin https://github.com/vishvasmca-cmd/build_qa_automation
2026-01-19T23:59:04.8038994Z ##[endgroup]
2026-01-19T23:59:04.8039709Z ##[group]Disabling automatic garbage collection
2026-01-19T23:59:04.8042969Z [command]/usr/bin/git config --local gc.auto 0
2026-01-19T23:59:04.8070012Z ##[endgroup]
2026-01-19T23:59:04.8070728Z ##[group]Setting up auth
2026-01-19T23:59:04.8076337Z [command]/usr/bin/git config --local --name-only --get-regexp core\.sshCommand
2026-01-19T23:59:04.8104800Z [command]/usr/bin/git submodule foreach --recursive sh -c "git config --local --name-only --get-regexp 'core\.sshCommand' && git config --local --unset-all 'core.sshCommand' || :"
2026-01-19T23:59:04.8489841Z [command]/usr/bin/git config --local --name-only --get-regexp http\.https\:\/\/github\.com\/\.extraheader
2026-01-19T23:59:04.8518077Z [command]/usr/bin/git submodule foreach --recursive sh -c "git config --local --name-only --get-regexp 'http\.https\:\/\/github\.com\/\.extraheader' && git config --local --unset-all 'http.https://github.com/.extraheader' || :"
2026-01-19T23:59:04.8734896Z [command]/usr/bin/git config --local --name-only --get-regexp ^includeIf\.gitdir:
2026-01-19T23:59:04.8774214Z [command]/usr/bin/git submodule foreach --recursive git config --local --show-origin --name-only --get-regexp remote.origin.url
2026-01-19T23:59:04.9020035Z [command]/usr/bin/git config --local http.https://github.com/.extraheader AUTHORIZATION: basic ***
2026-01-19T23:59:04.9055322Z ##[endgroup]
2026-01-19T23:59:04.9056521Z ##[group]Fetching the repository
2026-01-19T23:59:04.9066022Z [command]/usr/bin/git -c protocol.version=2 fetch --no-tags --prune --no-recurse-submodules --depth=1 origin +d25504decfc404871c7c3bd5ac186d61498b2813:refs/remotes/origin/main
2026-01-19T23:59:05.9660045Z From https://github.com/vishvasmca-cmd/build_qa_automation
2026-01-19T23:59:05.9662727Z  * [new ref]         d25504decfc404871c7c3bd5ac186d61498b2813 -> origin/main
2026-01-19T23:59:05.9692171Z ##[endgroup]
2026-01-19T23:59:05.9693262Z ##[group]Determining the checkout info
2026-01-19T23:59:05.9694686Z ##[endgroup]
2026-01-19T23:59:05.9700472Z [command]/usr/bin/git sparse-checkout disable
2026-01-19T23:59:05.9757421Z [command]/usr/bin/git config --local --unset-all extensions.worktreeConfig
2026-01-19T23:59:05.9782942Z ##[group]Checking out the ref
2026-01-19T23:59:05.9785809Z [command]/usr/bin/git checkout --progress --force -B main refs/remotes/origin/main
2026-01-19T23:59:06.1340960Z Switched to a new branch 'main'
2026-01-19T23:59:06.1342813Z branch 'main' set up to track 'origin/main'.
2026-01-19T23:59:06.1362147Z ##[endgroup]
2026-01-19T23:59:06.1399673Z [command]/usr/bin/git log -1 --format=%H
2026-01-19T23:59:06.1422170Z d25504decfc404871c7c3bd5ac186d61498b2813
2026-01-19T23:59:06.1743517Z ##[group]Run actions/setup-python@v5
2026-01-19T23:59:06.1744783Z with:
2026-01-19T23:59:06.1745600Z   python-version: 3.11
2026-01-19T23:59:06.1746544Z   cache: pip
2026-01-19T23:59:06.1747604Z   check-latest: false
2026-01-19T23:59:06.1748846Z   token: ***
2026-01-19T23:59:06.1749725Z   update-environment: true
2026-01-19T23:59:06.1750769Z   allow-prereleases: false
2026-01-19T23:59:06.1751971Z   freethreaded: false
2026-01-19T23:59:06.1752889Z ##[endgroup]
2026-01-19T23:59:06.3419440Z ##[group]Installed versions
2026-01-19T23:59:06.3532976Z Successfully set up CPython (3.11.14)
2026-01-19T23:59:06.3535352Z ##[endgroup]
2026-01-19T23:59:06.4709667Z [command]/opt/hostedtoolcache/Python/3.11.14/x64/bin/pip cache dir
2026-01-19T23:59:06.8367178Z /home/runner/.cache/pip
2026-01-19T23:59:06.9807768Z Cache hit for: setup-python-Linux-x64-24.04-Ubuntu-python-3.11.14-pip-dde08d0e0b672972dcda9f1a063036a2e0c226f5d0a20362e9401931676d80a4
2026-01-19T23:59:08.0983230Z Received 134217728 of 254742636 (52.7%), 124.9 MBs/sec
2026-01-19T23:59:08.7963692Z Received 254742636 of 254742636 (100.0%), 140.9 MBs/sec
2026-01-19T23:59:08.7965005Z Cache Size: ~243 MB (254742636 B)
2026-01-19T23:59:08.8097653Z [command]/usr/bin/tar -xf /home/runner/work/_temp/0d405b9d-2cf5-43e8-a6af-ea42f2ee9d52/cache.tzst -P -C /home/runner/work/build_qa_automation/build_qa_automation --use-compress-program unzstd
2026-01-19T23:59:09.1843218Z Cache restored successfully
2026-01-19T23:59:09.2359376Z Cache restored from key: setup-python-Linux-x64-24.04-Ubuntu-python-3.11.14-pip-dde08d0e0b672972dcda9f1a063036a2e0c226f5d0a20362e9401931676d80a4
2026-01-19T23:59:09.2598684Z ##[group]Run pip install -r requirements.txt
2026-01-19T23:59:09.2599154Z [36;1mpip install -r requirements.txt[0m
2026-01-19T23:59:09.2599480Z [36;1mplaywright install chromium[0m
2026-01-19T23:59:09.2638602Z shell: /usr/bin/bash -e {0}
2026-01-19T23:59:09.2638885Z env:
2026-01-19T23:59:09.2639163Z   pythonLocation: /opt/hostedtoolcache/Python/3.11.14/x64
2026-01-19T23:59:09.2639637Z   PKG_CONFIG_PATH: /opt/hostedtoolcache/Python/3.11.14/x64/lib/pkgconfig
2026-01-19T23:59:09.2640109Z   Python_ROOT_DIR: /opt/hostedtoolcache/Python/3.11.14/x64
2026-01-19T23:59:09.2640528Z   Python2_ROOT_DIR: /opt/hostedtoolcache/Python/3.11.14/x64
2026-01-19T23:59:09.2640928Z   Python3_ROOT_DIR: /opt/hostedtoolcache/Python/3.11.14/x64
2026-01-19T23:59:09.2641348Z   LD_LIBRARY_PATH: /opt/hostedtoolcache/Python/3.11.14/x64/lib
2026-01-19T23:59:09.2642039Z ##[endgroup]
2026-01-19T23:59:09.9723524Z Collecting playwright (from -r requirements.txt (line 1))
2026-01-19T23:59:09.9740795Z   Using cached playwright-1.57.0-py3-none-manylinux1_x86_64.whl.metadata (3.5 kB)
2026-01-19T23:59:09.9933687Z Collecting python-dotenv (from -r requirements.txt (line 2))
2026-01-19T23:59:09.9948497Z   Using cached python_dotenv-1.2.1-py3-none-any.whl.metadata (25 kB)
2026-01-19T23:59:10.0215814Z Collecting requests (from -r requirements.txt (line 3))
2026-01-19T23:59:10.0230830Z   Using cached requests-2.32.5-py3-none-any.whl.metadata (4.9 kB)
2026-01-19T23:59:10.2173957Z Collecting pillow (from -r requirements.txt (line 4))
2026-01-19T23:59:10.2191878Z   Using cached pillow-12.1.0-cp311-cp311-manylinux_2_27_x86_64.manylinux_2_28_x86_64.whl.metadata (8.8 kB)
2026-01-19T23:59:10.2435987Z Collecting google-genai>=0.3.0 (from -r requirements.txt (line 5))
2026-01-19T23:59:10.2457809Z   Using cached google_genai-1.59.0-py3-none-any.whl.metadata (53 kB)
2026-01-19T23:59:10.2609729Z Collecting termcolor (from -r requirements.txt (line 6))
2026-01-19T23:59:10.2624932Z   Using cached termcolor-3.3.0-py3-none-any.whl.metadata (6.5 kB)
2026-01-19T23:59:10.2976412Z Collecting PyYAML (from -r requirements.txt (line 7))
2026-01-19T23:59:10.2992078Z   Using cached pyyaml-6.0.3-cp311-cp311-manylinux2014_x86_64.manylinux_2_17_x86_64.manylinux_2_28_x86_64.whl.metadata (2.4 kB)
2026-01-19T23:59:10.3574508Z Collecting opencv-python-headless (from -r requirements.txt (line 8))
2026-01-19T23:59:10.3592410Z   Using cached opencv_python_headless-4.13.0.90-cp37-abi3-manylinux_2_28_x86_64.whl.metadata (19 kB)
2026-01-19T23:59:10.5591306Z Collecting numpy (from -r requirements.txt (line 9))
2026-01-19T23:59:10.5608417Z   Using cached numpy-2.4.1-cp311-cp311-manylinux_2_27_x86_64.manylinux_2_28_x86_64.whl.metadata (6.6 kB)
2026-01-19T23:59:10.6392057Z Collecting faker (from -r requirements.txt (line 10))
2026-01-19T23:59:10.6408257Z   Using cached faker-40.1.2-py3-none-any.whl.metadata (16 kB)
2026-01-19T23:59:10.6566519Z Collecting pyee<14,>=13 (from playwright->-r requirements.txt (line 1))
2026-01-19T23:59:10.6580759Z   Using cached pyee-13.0.0-py3-none-any.whl.metadata (2.9 kB)
2026-01-19T23:59:10.7825516Z Collecting greenlet<4.0.0,>=3.1.1 (from playwright->-r requirements.txt (line 1))
2026-01-19T23:59:10.7842047Z   Using cached greenlet-3.3.0-cp311-cp311-manylinux_2_24_x86_64.manylinux_2_28_x86_64.whl.metadata (4.1 kB)
2026-01-19T23:59:10.8016808Z Collecting typing-extensions (from pyee<14,>=13->playwright->-r requirements.txt (line 1))
2026-01-19T23:59:10.8031265Z   Using cached typing_extensions-4.15.0-py3-none-any.whl.metadata (3.3 kB)
2026-01-19T23:59:10.8833786Z Collecting charset_normalizer<4,>=2 (from requests->-r requirements.txt (line 3))
2026-01-19T23:59:10.8850440Z   Using cached charset_normalizer-3.4.4-cp311-cp311-manylinux2014_x86_64.manylinux_2_17_x86_64.manylinux_2_28_x86_64.whl.metadata (37 kB)
2026-01-19T23:59:10.9018050Z Collecting idna<4,>=2.5 (from requests->-r requirements.txt (line 3))
2026-01-19T23:59:10.9032496Z   Using cached idna-3.11-py3-none-any.whl.metadata (8.4 kB)
2026-01-19T23:59:10.9303114Z Collecting urllib3<3,>=1.21.1 (from requests->-r requirements.txt (line 3))
2026-01-19T23:59:10.9327992Z   Using cached urllib3-2.6.3-py3-none-any.whl.metadata (6.9 kB)
2026-01-19T23:59:10.9537350Z Collecting certifi>=2017.4.17 (from requests->-r requirements.txt (line 3))
2026-01-19T23:59:10.9552803Z   Using cached certifi-2026.1.4-py3-none-any.whl.metadata (2.5 kB)
2026-01-19T23:59:10.9762072Z Collecting anyio<5.0.0,>=4.8.0 (from google-genai>=0.3.0->-r requirements.txt (line 5))
2026-01-19T23:59:10.9776731Z   Using cached anyio-4.12.1-py3-none-any.whl.metadata (4.3 kB)
2026-01-19T23:59:11.0196350Z Collecting google-auth<3.0.0,>=2.47.0 (from google-auth[requests]<3.0.0,>=2.47.0->google-genai>=0.3.0->-r requirements.txt (line 5))
2026-01-19T23:59:11.0212657Z   Using cached google_auth-2.47.0-py3-none-any.whl.metadata (6.4 kB)
2026-01-19T23:59:11.0438702Z Collecting httpx<1.0.0,>=0.28.1 (from google-genai>=0.3.0->-r requirements.txt (line 5))
2026-01-19T23:59:11.0452549Z   Using cached httpx-0.28.1-py3-none-any.whl.metadata (7.1 kB)
2026-01-19T23:59:11.1953004Z Collecting pydantic<3.0.0,>=2.9.0 (from google-genai>=0.3.0->-r requirements.txt (line 5))
2026-01-19T23:59:11.1968295Z   Using cached pydantic-2.12.5-py3-none-any.whl.metadata (90 kB)
2026-01-19T23:59:11.2235780Z Collecting tenacity<9.2.0,>=8.2.3 (from google-genai>=0.3.0->-r requirements.txt (line 5))
2026-01-19T23:59:11.2250606Z   Using cached tenacity-9.1.2-py3-none-any.whl.metadata (1.2 kB)
2026-01-19T23:59:11.3113500Z Collecting websockets<15.1.0,>=13.0.0 (from google-genai>=0.3.0->-r requirements.txt (line 5))
2026-01-19T23:59:11.3130202Z   Using cached websockets-15.0.1-cp311-cp311-manylinux_2_5_x86_64.manylinux1_x86_64.manylinux_2_17_x86_64.manylinux2014_x86_64.whl.metadata (6.8 kB)
2026-01-19T23:59:11.3266762Z Collecting distro<2,>=1.7.0 (from google-genai>=0.3.0->-r requirements.txt (line 5))
2026-01-19T23:59:11.3280481Z   Using cached distro-1.9.0-py3-none-any.whl.metadata (6.8 kB)
2026-01-19T23:59:11.3364034Z Collecting sniffio (from google-genai>=0.3.0->-r requirements.txt (line 5))
2026-01-19T23:59:11.3378730Z   Using cached sniffio-1.3.1-py3-none-any.whl.metadata (3.9 kB)
2026-01-19T23:59:11.3704092Z Collecting pyasn1-modules>=0.2.1 (from google-auth<3.0.0,>=2.47.0->google-auth[requests]<3.0.0,>=2.47.0->google-genai>=0.3.0->-r requirements.txt (line 5))
2026-01-19T23:59:11.3718628Z   Using cached pyasn1_modules-0.4.2-py3-none-any.whl.metadata (3.5 kB)
2026-01-19T23:59:11.3884862Z Collecting rsa<5,>=3.1.4 (from google-auth<3.0.0,>=2.47.0->google-auth[requests]<3.0.0,>=2.47.0->google-genai>=0.3.0->-r requirements.txt (line 5))
2026-01-19T23:59:11.3901022Z   Using cached rsa-4.9.1-py3-none-any.whl.metadata (5.6 kB)
2026-01-19T23:59:11.4191853Z Collecting httpcore==1.* (from httpx<1.0.0,>=0.28.1->google-genai>=0.3.0->-r requirements.txt (line 5))
2026-01-19T23:59:11.4205736Z   Using cached httpcore-1.0.9-py3-none-any.whl.metadata (21 kB)
2026-01-19T23:59:11.4330904Z Collecting h11>=0.16 (from httpcore==1.*->httpx<1.0.0,>=0.28.1->google-genai>=0.3.0->-r requirements.txt (line 5))
2026-01-19T23:59:11.4344641Z   Using cached h11-0.16.0-py3-none-any.whl.metadata (8.3 kB)
2026-01-19T23:59:11.4449566Z Collecting annotated-types>=0.6.0 (from pydantic<3.0.0,>=2.9.0->google-genai>=0.3.0->-r requirements.txt (line 5))
2026-01-19T23:59:11.4462920Z   Using cached annotated_types-0.7.0-py3-none-any.whl.metadata (15 kB)
2026-01-19T23:59:12.1047759Z Collecting pydantic-core==2.41.5 (from pydantic<3.0.0,>=2.9.0->google-genai>=0.3.0->-r requirements.txt (line 5))
2026-01-19T23:59:12.1064293Z   Using cached pydantic_core-2.41.5-cp311-cp311-manylinux_2_17_x86_64.manylinux2014_x86_64.whl.metadata (7.3 kB)
2026-01-19T23:59:12.1190389Z Collecting typing-inspection>=0.4.2 (from pydantic<3.0.0,>=2.9.0->google-genai>=0.3.0->-r requirements.txt (line 5))
2026-01-19T23:59:12.1204542Z   Using cached typing_inspection-0.4.2-py3-none-any.whl.metadata (2.6 kB)
2026-01-19T23:59:12.1954921Z Collecting pyasn1>=0.1.3 (from rsa<5,>=3.1.4->google-auth<3.0.0,>=2.47.0->google-auth[requests]<3.0.0,>=2.47.0->google-genai>=0.3.0->-r requirements.txt (line 5))
2026-01-19T23:59:12.1970549Z   Using cached pyasn1-0.6.2-py3-none-any.whl.metadata (8.4 kB)
2026-01-19T23:59:12.2239124Z Using cached playwright-1.57.0-py3-none-manylinux1_x86_64.whl (46.0 MB)
2026-01-19T23:59:12.2582163Z Using cached greenlet-3.3.0-cp311-cp311-manylinux_2_24_x86_64.manylinux_2_28_x86_64.whl (590 kB)
2026-01-19T23:59:12.2598379Z Using cached pyee-13.0.0-py3-none-any.whl (15 kB)
2026-01-19T23:59:12.2611681Z Using cached python_dotenv-1.2.1-py3-none-any.whl (21 kB)
2026-01-19T23:59:12.2623938Z Using cached requests-2.32.5-py3-none-any.whl (64 kB)
2026-01-19T23:59:12.2637552Z Using cached charset_normalizer-3.4.4-cp311-cp311-manylinux2014_x86_64.manylinux_2_17_x86_64.manylinux_2_28_x86_64.whl (151 kB)
2026-01-19T23:59:12.2650630Z Using cached idna-3.11-py3-none-any.whl (71 kB)
2026-01-19T23:59:12.2663698Z Using cached urllib3-2.6.3-py3-none-any.whl (131 kB)
2026-01-19T23:59:12.2677703Z Using cached pillow-12.1.0-cp311-cp311-manylinux_2_27_x86_64.manylinux_2_28_x86_64.whl (7.0 MB)
2026-01-19T23:59:12.2740579Z Using cached google_genai-1.59.0-py3-none-any.whl (719 kB)
2026-01-19T23:59:12.2758130Z Using cached anyio-4.12.1-py3-none-any.whl (113 kB)
2026-01-19T23:59:12.2771382Z Using cached distro-1.9.0-py3-none-any.whl (20 kB)
2026-01-19T23:59:12.2784310Z Using cached google_auth-2.47.0-py3-none-any.whl (234 kB)
2026-01-19T23:59:12.2798394Z Using cached httpx-0.28.1-py3-none-any.whl (73 kB)
2026-01-19T23:59:12.2811351Z Using cached httpcore-1.0.9-py3-none-any.whl (78 kB)
2026-01-19T23:59:12.2824711Z Using cached pydantic-2.12.5-py3-none-any.whl (463 kB)
2026-01-19T23:59:12.2840562Z Using cached pydantic_core-2.41.5-cp311-cp311-manylinux_2_17_x86_64.manylinux2014_x86_64.whl (2.1 MB)
2026-01-19T23:59:12.2867480Z Using cached rsa-4.9.1-py3-none-any.whl (34 kB)
2026-01-19T23:59:12.2880228Z Using cached tenacity-9.1.2-py3-none-any.whl (28 kB)
2026-01-19T23:59:12.2893227Z Using cached typing_extensions-4.15.0-py3-none-any.whl (44 kB)
2026-01-19T23:59:12.2906605Z Using cached websockets-15.0.1-cp311-cp311-manylinux_2_5_x86_64.manylinux1_x86_64.manylinux_2_17_x86_64.manylinux2014_x86_64.whl (182 kB)
2026-01-19T23:59:12.2919717Z Using cached termcolor-3.3.0-py3-none-any.whl (7.7 kB)
2026-01-19T23:59:12.2932803Z Using cached pyyaml-6.0.3-cp311-cp311-manylinux2014_x86_64.manylinux_2_17_x86_64.manylinux_2_28_x86_64.whl (806 kB)
2026-01-19T23:59:12.2950976Z Using cached opencv_python_headless-4.13.0.90-cp37-abi3-manylinux_2_28_x86_64.whl (62.5 MB)
2026-01-19T23:59:12.3409195Z Using cached numpy-2.4.1-cp311-cp311-manylinux_2_27_x86_64.manylinux_2_28_x86_64.whl (16.7 MB)
2026-01-19T23:59:12.3543294Z Using cached faker-40.1.2-py3-none-any.whl (2.0 MB)
2026-01-19T23:59:12.3569890Z Using cached annotated_types-0.7.0-py3-none-any.whl (13 kB)
2026-01-19T23:59:12.3584046Z Using cached certifi-2026.1.4-py3-none-any.whl (152 kB)
2026-01-19T23:59:12.3597929Z Using cached h11-0.16.0-py3-none-any.whl (37 kB)
2026-01-19T23:59:12.3611345Z Using cached pyasn1-0.6.2-py3-none-any.whl (83 kB)
2026-01-19T23:59:12.3626216Z Using cached pyasn1_modules-0.4.2-py3-none-any.whl (181 kB)
2026-01-19T23:59:12.3640593Z Using cached typing_inspection-0.4.2-py3-none-any.whl (14 kB)
2026-01-19T23:59:12.3653879Z Using cached sniffio-1.3.1-py3-none-any.whl (10 kB)
2026-01-19T23:59:12.5681745Z Installing collected packages: websockets, urllib3, typing-extensions, termcolor, tenacity, sniffio, PyYAML, python-dotenv, pyasn1, pillow, numpy, idna, h11, greenlet, faker, distro, charset_normalizer, certifi, annotated-types, typing-inspection, rsa, requests, pyee, pydantic-core, pyasn1-modules, opencv-python-headless, httpcore, anyio, pydantic, playwright, httpx, google-auth, google-genai
2026-01-19T23:59:19.3338583Z 
2026-01-19T23:59:19.3362972Z Successfully installed PyYAML-6.0.3 annotated-types-0.7.0 anyio-4.12.1 certifi-2026.1.4 charset_normalizer-3.4.4 distro-1.9.0 faker-40.1.2 google-auth-2.47.0 google-genai-1.59.0 greenlet-3.3.0 h11-0.16.0 httpcore-1.0.9 httpx-0.28.1 idna-3.11 numpy-2.4.1 opencv-python-headless-4.13.0.90 pillow-12.1.0 playwright-1.57.0 pyasn1-0.6.2 pyasn1-modules-0.4.2 pydantic-2.12.5 pydantic-core-2.41.5 pyee-13.0.0 python-dotenv-1.2.1 requests-2.32.5 rsa-4.9.1 sniffio-1.3.1 tenacity-9.1.2 termcolor-3.3.0 typing-extensions-4.15.0 typing-inspection-0.4.2 urllib3-2.6.3 websockets-15.0.1
2026-01-19T23:59:20.0489821Z Downloading Chromium 143.0.7499.4 (playwright build v1200) from https://cdn.playwright.dev/dbazure/download/playwright/builds/chromium/1200/chromium-linux.zip
2026-01-19T23:59:20.1514399Z (node:2194) [DEP0169] DeprecationWarning: `url.parse()` behavior is not standardized and prone to errors that have security implications. Use the WHATWG URL API instead. CVEs are not issued for `url.parse()` vulnerabilities.
2026-01-19T23:59:20.1516239Z (Use `node --trace-deprecation ...` to show where the warning was created)
2026-01-19T23:59:20.2512280Z |                                                                                |   0% of 164.7 MiB
2026-01-19T23:59:20.5044623Z |■■■■■■■■                                                                        |  10% of 164.7 MiB
2026-01-19T23:59:20.6738959Z |■■■■■■■■■■■■■■■■                                                                |  20% of 164.7 MiB
2026-01-19T23:59:20.8752198Z |■■■■■■■■■■■■■■■■■■■■■■■■                                                        |  30% of 164.7 MiB
2026-01-19T23:59:21.0604403Z |■■■■■■■■■■■■■■■■■■■■■■■■■■■■■■■■                                                |  40% of 164.7 MiB
2026-01-19T23:59:21.2243914Z |■■■■■■■■■■■■■■■■■■■■■■■■■■■■■■■■■■■■■■■■                                        |  50% of 164.7 MiB
2026-01-19T23:59:21.3907924Z |■■■■■■■■■■■■■■■■■■■■■■■■■■■■■■■■■■■■■■■■■■■■■■■■                                |  60% of 164.7 MiB
2026-01-19T23:59:21.5896813Z |■■■■■■■■■■■■■■■■■■■■■■■■■■■■■■■■■■■■■■■■■■■■■■■■■■■■■■■■                        |  70% of 164.7 MiB
2026-01-19T23:59:21.7798495Z |■■■■■■■■■■■■■■■■■■■■■■■■■■■■■■■■■■■■■■■■■■■■■■■■■■■■■■■■■■■■■■■■                |  80% of 164.7 MiB
2026-01-19T23:59:22.0302694Z |■■■■■■■■■■■■■■■■■■■■■■■■■■■■■■■■■■■■■■■■■■■■■■■■■■■■■■■■■■■■■■■■■■■■■■■■        |  90% of 164.7 MiB
2026-01-19T23:59:22.2023638Z |■■■■■■■■■■■■■■■■■■■■■■■■■■■■■■■■■■■■■■■■■■■■■■■■■■■■■■■■■■■■■■■■■■■■■■■■■■■■■■■■| 100% of 164.7 MiB
2026-01-19T23:59:24.6117646Z Chromium 143.0.7499.4 (playwright build v1200) downloaded to /home/runner/.cache/ms-playwright/chromium-1200
2026-01-19T23:59:24.6122087Z Downloading FFMPEG playwright build v1011 from https://cdn.playwright.dev/dbazure/download/playwright/builds/ffmpeg/1011/ffmpeg-linux.zip
2026-01-19T23:59:24.7104109Z (node:2205) [DEP0169] DeprecationWarning: `url.parse()` behavior is not standardized and prone to errors that have security implications. Use the WHATWG URL API instead. CVEs are not issued for `url.parse()` vulnerabilities.
2026-01-19T23:59:24.7106257Z (Use `node --trace-deprecation ...` to show where the warning was created)
2026-01-19T23:59:24.7505595Z |                                                                                |   0% of 2.3 MiB
2026-01-19T23:59:24.7549169Z |■■■■■■■■                                                                        |  10% of 2.3 MiB
2026-01-19T23:59:24.7569771Z |■■■■■■■■■■■■■■■■                                                                |  20% of 2.3 MiB
2026-01-19T23:59:24.7583956Z |■■■■■■■■■■■■■■■■■■■■■■■■                                                        |  30% of 2.3 MiB
2026-01-19T23:59:24.7603875Z |■■■■■■■■■■■■■■■■■■■■■■■■■■■■■■■■                                                |  40% of 2.3 MiB
2026-01-19T23:59:24.7616640Z |■■■■■■■■■■■■■■■■■■■■■■■■■■■■■■■■■■■■■■■■                                        |  50% of 2.3 MiB
2026-01-19T23:59:24.7637223Z |■■■■■■■■■■■■■■■■■■■■■■■■■■■■■■■■■■■■■■■■■■■■■■■■                                |  60% of 2.3 MiB
2026-01-19T23:59:24.7652334Z |■■■■■■■■■■■■■■■■■■■■■■■■■■■■■■■■■■■■■■■■■■■■■■■■■■■■■■■■                        |  70% of 2.3 MiB
2026-01-19T23:59:24.7663845Z |■■■■■■■■■■■■■■■■■■■■■■■■■■■■■■■■■■■■■■■■■■■■■■■■■■■■■■■■■■■■■■■■                |  80% of 2.3 MiB
2026-01-19T23:59:24.7682993Z |■■■■■■■■■■■■■■■■■■■■■■■■■■■■■■■■■■■■■■■■■■■■■■■■■■■■■■■■■■■■■■■■■■■■■■■■        |  90% of 2.3 MiB
2026-01-19T23:59:24.7691185Z |■■■■■■■■■■■■■■■■■■■■■■■■■■■■■■■■■■■■■■■■■■■■■■■■■■■■■■■■■■■■■■■■■■■■■■■■■■■■■■■■| 100% of 2.3 MiB
2026-01-19T23:59:24.8234993Z FFMPEG playwright build v1011 downloaded to /home/runner/.cache/ms-playwright/ffmpeg-1011
2026-01-19T23:59:24.8238542Z Downloading Chromium Headless Shell 143.0.7499.4 (playwright build v1200) from https://cdn.playwright.dev/dbazure/download/playwright/builds/chromium/1200/chromium-headless-shell-linux.zip
2026-01-19T23:59:24.9191939Z (node:2216) [DEP0169] DeprecationWarning: `url.parse()` behavior is not standardized and prone to errors that have security implications. Use the WHATWG URL API instead. CVEs are not issued for `url.parse()` vulnerabilities.
2026-01-19T23:59:24.9194138Z (Use `node --trace-deprecation ...` to show where the warning was created)
2026-01-19T23:59:25.0107853Z |                                                                                |   0% of 109.7 MiB
2026-01-19T23:59:25.1477277Z |■■■■■■■■                                                                        |  10% of 109.7 MiB
2026-01-19T23:59:25.2770548Z |■■■■■■■■■■■■■■■■                                                                |  20% of 109.7 MiB
2026-01-19T23:59:25.3927177Z |■■■■■■■■■■■■■■■■■■■■■■■■                                                        |  30% of 109.7 MiB
2026-01-19T23:59:25.4772150Z |■■■■■■■■■■■■■■■■■■■■■■■■■■■■■■■■                                                |  40% of 109.7 MiB
2026-01-19T23:59:25.5753928Z |■■■■■■■■■■■■■■■■■■■■■■■■■■■■■■■■■■■■■■■■                                        |  50% of 109.7 MiB
2026-01-19T23:59:25.6753866Z |■■■■■■■■■■■■■■■■■■■■■■■■■■■■■■■■■■■■■■■■■■■■■■■■                                |  60% of 109.7 MiB
2026-01-19T23:59:25.7753319Z |■■■■■■■■■■■■■■■■■■■■■■■■■■■■■■■■■■■■■■■■■■■■■■■■■■■■■■■■                        |  70% of 109.7 MiB
2026-01-19T23:59:25.8465536Z |■■■■■■■■■■■■■■■■■■■■■■■■■■■■■■■■■■■■■■■■■■■■■■■■■■■■■■■■■■■■■■■■                |  80% of 109.7 MiB
2026-01-19T23:59:25.9245050Z |■■■■■■■■■■■■■■■■■■■■■■■■■■■■■■■■■■■■■■■■■■■■■■■■■■■■■■■■■■■■■■■■■■■■■■■■        |  90% of 109.7 MiB
2026-01-19T23:59:26.0039091Z |■■■■■■■■■■■■■■■■■■■■■■■■■■■■■■■■■■■■■■■■■■■■■■■■■■■■■■■■■■■■■■■■■■■■■■■■■■■■■■■■| 100% of 109.7 MiB
2026-01-19T23:59:27.8128703Z Chromium Headless Shell 143.0.7499.4 (playwright build v1200) downloaded to /home/runner/.cache/ms-playwright/chromium_headless_shell-1200
2026-01-19T23:59:27.8363918Z ##[group]Run mkdir -p projects/ci_seleniumeasy_forms
2026-01-19T23:59:27.8364380Z [36;1mmkdir -p projects/ci_seleniumeasy_forms[0m
2026-01-19T23:59:27.8364759Z [36;1mcat > projects/ci_seleniumeasy_forms/config.json << 'EOF'[0m
2026-01-19T23:59:27.8365080Z [36;1m{[0m
2026-01-19T23:59:27.8365295Z [36;1m  "project_name": "ci_seleniumeasy_forms",[0m
2026-01-19T23:59:27.8365727Z [36;1m  "target_url": "https://demo.seleniumeasy.com/basic-first-form-demo.html",[0m
2026-01-19T23:59:27.8366141Z [36;1m  "goal": "Validate input forms",[0m
2026-01-19T23:59:27.8366407Z [36;1m  "headless": true[0m
2026-01-19T23:59:27.8366622Z [36;1m}[0m
2026-01-19T23:59:27.8366786Z [36;1mEOF[0m
2026-01-19T23:59:27.8400346Z shell: /usr/bin/bash -e {0}
2026-01-19T23:59:27.8400587Z env:
2026-01-19T23:59:27.8400844Z   pythonLocation: /opt/hostedtoolcache/Python/3.11.14/x64
2026-01-19T23:59:27.8401281Z   PKG_CONFIG_PATH: /opt/hostedtoolcache/Python/3.11.14/x64/lib/pkgconfig
2026-01-19T23:59:27.8401984Z   Python_ROOT_DIR: /opt/hostedtoolcache/Python/3.11.14/x64
2026-01-19T23:59:27.8402364Z   Python2_ROOT_DIR: /opt/hostedtoolcache/Python/3.11.14/x64
2026-01-19T23:59:27.8402744Z   Python3_ROOT_DIR: /opt/hostedtoolcache/Python/3.11.14/x64
2026-01-19T23:59:27.8403127Z   LD_LIBRARY_PATH: /opt/hostedtoolcache/Python/3.11.14/x64/lib
2026-01-19T23:59:27.8403438Z ##[endgroup]
2026-01-19T23:59:27.8513102Z ##[group]Run # Use --deep for comprehensive regression suite
2026-01-19T23:59:27.8513562Z [36;1m# Use --deep for comprehensive regression suite[0m
2026-01-19T23:59:27.8514047Z [36;1mpython orchestrator.py --project projects/ci_seleniumeasy_forms --deep --force[0m
2026-01-19T23:59:27.8545069Z shell: /usr/bin/bash -e {0}
2026-01-19T23:59:27.8545309Z env:
2026-01-19T23:59:27.8545563Z   pythonLocation: /opt/hostedtoolcache/Python/3.11.14/x64
2026-01-19T23:59:27.8545996Z   PKG_CONFIG_PATH: /opt/hostedtoolcache/Python/3.11.14/x64/lib/pkgconfig
2026-01-19T23:59:27.8546436Z   Python_ROOT_DIR: /opt/hostedtoolcache/Python/3.11.14/x64
2026-01-19T23:59:27.8546814Z   Python2_ROOT_DIR: /opt/hostedtoolcache/Python/3.11.14/x64
2026-01-19T23:59:27.8547376Z   Python3_ROOT_DIR: /opt/hostedtoolcache/Python/3.11.14/x64
2026-01-19T23:59:27.8547742Z   LD_LIBRARY_PATH: /opt/hostedtoolcache/Python/3.11.14/x64/lib
2026-01-19T23:59:27.8548253Z   GOOGLE_API_KEY: ***
2026-01-19T23:59:27.8548484Z   PYTHONPATH: .
2026-01-19T23:59:27.8548665Z ##[endgroup]
2026-01-19T23:59:29.5402464Z 🚀 [DEEP] Extensive mapping enabled (Depth: 3, Pages: 50)
2026-01-19T23:59:29.5402944Z 
2026-01-19T23:59:29.5403813Z 🗺️ [DISCOVERY] Starting Parallel Semantic Crawl on https://demo.seleniumeasy.com/basic-first-form-demo.html (Workers: 3)
2026-01-19T23:59:31.1554848Z   🔍 [Worker 0] Visiting (0): https://demo.seleniumeasy.com/basic-first-form-demo.html
2026-01-19T23:59:31.3060007Z     ❌ [Worker 0] Failed https://demo.seleniumeasy.com/basic-first-form-demo.html: Page.goto: net::ERR_NAME_NOT_RESOLVED at https://demo.seleniumeasy.com/basic-first-form-demo.html
2026-01-19T23:59:31.3061360Z Call log:
2026-01-19T23:59:31.3062385Z   - navigating to "https://demo.seleniumeasy.com/basic-first-form-demo.html", waiting until "domcontentloaded"
2026-01-19T23:59:31.3063240Z 
2026-01-19T23:59:31.3277960Z ✅ Discovery Complete. Mapped 0 pages.
2026-01-19T23:59:36.4745724Z 
2026-01-19T23:59:36.4746471Z [PLAN] PLANNER: Planning goal -> 'Validate input forms' (Deep Mode: True)
2026-01-19T23:59:36.4747387Z 🗺️ [PLAN] Loaded Sitemap with 0 pages.
2026-01-19T23:59:36.4747776Z 📊 [KNOWLEDGE] Page types: []
2026-01-19T23:59:36.4748137Z 🔄 [KNOWLEDGE] Flows: 0, Forms: 0
2026-01-19T23:59:36.4749324Z 🎭 [EXPERT] Detected Domain: GENERAL. Persona: Act as Senior SDET focusing on exploring the application to understand functional flow and identifying critical paths for end-to-end automation
2026-01-19T23:59:36.4750562Z [DEBUG] Sending request to gemini-2.0-flash. Number of parts: 1
2026-01-19T23:59:36.4751021Z [DEBUG] Received response (Length: 3053)
2026-01-19T23:59:36.4751687Z ✅ Planner generated 3 scenarios. Workflow updated.
2026-01-19T23:59:37.4765492Z 
2026-01-19T23:59:37.4766474Z 🕵️ [DEEP EXPLORER] Starting Multi-Scenario Exploration
2026-01-19T23:59:37.4767203Z 📋 Found 3 scenarios to explore.
2026-01-19T23:59:37.8415910Z 
2026-01-19T23:59:37.8416582Z [1/3] Exploring Scenario: Validate Single Input Form
2026-01-19T23:59:37.8417572Z     🧠 Initialized exploration context for goal: 'Verify the functionality of the single input form on the page.'
2026-01-19T23:59:37.8418165Z     🎯 Scenario: Validate Single Input Form
2026-01-19T23:59:37.8427575Z   ▶️ [STEP step_1] NAVIGATE: 
2026-01-19T23:59:38.4426222Z     ❌ Navigation failed to https://demo.seleniumeasy.com/basic-first-form-demo.html: Page.goto: net::ERR_NAME_NOT_RESOLVED at https://demo.seleniumeasy.com/basic-first-form-demo.html
2026-01-19T23:59:38.4428382Z Call log:
2026-01-19T23:59:38.4429553Z   - navigating to "https://demo.seleniumeasy.com/basic-first-form-demo.html", waiting until "domcontentloaded"
2026-01-19T23:59:38.4430772Z 
2026-01-19T23:59:38.4432370Z     ⚠️ Critical step failure: Page.goto: net::ERR_NAME_NOT_RESOLVED at https://demo.seleniumeasy.com/basic-first-form-demo.html
2026-01-19T23:59:38.4433872Z Ca
2026-01-19T23:59:38.4434556Z   ▶️ [STEP step_2] ASSERT_VISIBLE: Single Input Field
2026-01-19T23:59:38.4684205Z     🔍 Mining locators for: 'Single Input Field'
2026-01-19T23:59:38.4992877Z     🧠 Consulting AI (Vision-First) to find 'Single Input Field'...
2026-01-19T23:59:38.5024773Z     🔍 Trying smart selectors for 'Single Input Field'...
2026-01-19T23:59:38.6067240Z     🔍 [SMART] Searching for: 'Single Input Field' (trying 15+ strategies)
2026-01-19T23:59:38.6068356Z     ⚠️ Smart selectors failed (no unique match). Falling back to AI Vision...
2026-01-19T23:59:38.6070315Z     🧠 [EXPERT] Strategy: Act as Senior SDET focusing on exploring the application to understand functional flow and identifying critical paths for end-to-end automation.
2026-01-19T23:59:39.6020230Z [DEBUG] Sending request to gemini-2.0-flash. Number of parts: 2
2026-01-19T23:59:39.6020782Z [DEBUG] Received response (Length: 182)
2026-01-19T23:59:39.6021837Z     💡 Expert Suggestion: Search bar is likely on the Products page.
2026-01-19T23:59:39.6022911Z     🛠️ Executing corrective action: click -> 'Products'
2026-01-19T23:59:39.6305300Z     🔄 Retry 1/3 mining locators for 'Single Input Field'...
2026-01-19T23:59:40.6540713Z     🧠 Consulting AI (Vision-First) to find 'Single Input Field'...
2026-01-19T23:59:40.6541902Z     🔍 Trying smart selectors for 'Single Input Field'...
2026-01-19T23:59:40.7514956Z     🔍 [SMART] Searching for: 'Single Input Field' (trying 15+ strategies)
2026-01-19T23:59:40.7515877Z     ⚠️ Smart selectors failed (no unique match). Falling back to AI Vision...
2026-01-19T23:59:40.7516814Z     🧠 [EXPERT] Strategy: Act as Senior SDET focusing on exploring the application to understand functional flow and identifying critical paths for end-to-end automation.
2026-01-19T23:59:40.7519393Z [CACHE HIT] 5db13f02... (hits: 1, misses: 1)
2026-01-19T23:59:40.7520051Z     ⚠️ Skipping duplicate injection: Products
2026-01-19T23:59:40.7520465Z     🔄 Retry 2/3 mining locators for 'Single Input Field'...
2026-01-19T23:59:41.7533381Z     🗑️ Invalidating stale AI cache (retry 2)...
2026-01-19T23:59:41.7793363Z     🧠 Consulting AI (Vision-First) to find 'Single Input Field'...
2026-01-19T23:59:41.7794266Z     🔍 Trying smart selectors for 'Single Input Field'...
2026-01-19T23:59:41.8712780Z     🔍 [SMART] Searching for: 'Single Input Field' (trying 15+ strategies)
2026-01-19T23:59:41.8713821Z     ⚠️ Smart selectors failed (no unique match). Falling back to AI Vision...
2026-01-19T23:59:41.8715094Z     🧠 [EXPERT] Strategy: Act as Senior SDET focusing on exploring the application to understand functional flow and identifying critical paths for end-to-end automation.
2026-01-19T23:59:41.8717205Z [CACHE HIT] 5db13f02... (hits: 2, misses: 1)
2026-01-19T23:59:41.8717907Z     ⚠️ Skipping duplicate injection: Products
2026-01-19T23:59:41.8718647Z     🧠 Verifying step validity for 'Single Input Field' after no candidates found...
2026-01-19T23:59:44.8300855Z [DEBUG] Sending request to gemini-2.0-flash. Number of parts: 2
2026-01-19T23:59:44.8301979Z [DEBUG] Received response (Length: 191)
2026-01-19T23:59:44.8304432Z     🗑️ Step deemed INVALID: The current page is a Chrome error page. There are no input fields to interact with on this page. Therefore, the task is invalid.. Removing from workflow.
2026-01-19T23:59:44.8306110Z     ⏭️ Skipping execution of invalid step: Single Input Field
2026-01-19T23:59:44.8306697Z   ▶️ [STEP step_3] FILL: Enter message
2026-01-19T23:59:44.8358899Z     🔍 Mining locators for: 'Enter message'
2026-01-19T23:59:44.8642526Z     🧠 Consulting AI (Vision-First) to find 'Enter message'...
2026-01-19T23:59:44.8643125Z     🔍 Trying smart selectors for 'Enter message'...
2026-01-19T23:59:44.9531787Z     🔍 [SMART] Searching for: 'Enter message' (trying 15+ strategies)
2026-01-19T23:59:44.9532527Z     ⚠️ Smart selectors failed (no unique match). Falling back to AI Vision...
2026-01-19T23:59:44.9534143Z     🧠 [EXPERT] Strategy: Act as Senior SDET focusing on exploring the application to understand functional flow and identifying critical paths for end-to-end automation.
2026-01-19T23:59:49.6554146Z [DEBUG] Sending request to gemini-2.0-flash. Number of parts: 2
2026-01-19T23:59:49.6555508Z [DEBUG] Received response (Length: 201)
2026-01-19T23:59:49.6557184Z     💡 Expert Suggestion: An 'Enter message' field is typically found on a contact form.
2026-01-19T23:59:49.6558739Z     🛠️ Executing corrective action: click -> 'Contact'
2026-01-19T23:59:49.6965857Z     🔄 Retry 1/3 mining locators for 'Enter message'...
2026-01-19T23:59:50.7192904Z     🧠 Consulting AI (Vision-First) to find 'Enter message'...
2026-01-19T23:59:50.7193754Z     🔍 Trying smart selectors for 'Enter message'...
2026-01-19T23:59:50.8044749Z     🔍 [SMART] Searching for: 'Enter message' (trying 15+ strategies)
2026-01-19T23:59:50.8045601Z     ⚠️ Smart selectors failed (no unique match). Falling back to AI Vision...
2026-01-19T23:59:50.8046546Z     🧠 [EXPERT] Strategy: Act as Senior SDET focusing on exploring the application to understand functional flow and identifying critical paths for end-to-end automation.
2026-01-19T23:59:50.8049246Z [CACHE HIT] 63075162... (hits: 3, misses: 3)
2026-01-19T23:59:50.8049860Z     ⚠️ Skipping duplicate injection: Contact
2026-01-19T23:59:50.8050422Z     🔄 Retry 2/3 mining locators for 'Enter message'...
2026-01-19T23:59:51.8063781Z     🗑️ Invalidating stale AI cache (retry 2)...
2026-01-19T23:59:51.8284838Z     🧠 Consulting AI (Vision-First) to find 'Enter message'...
2026-01-19T23:59:51.8285549Z     🔍 Trying smart selectors for 'Enter message'...
2026-01-19T23:59:51.9123272Z     🔍 [SMART] Searching for: 'Enter message' (trying 15+ strategies)
2026-01-19T23:59:51.9124254Z     ⚠️ Smart selectors failed (no unique match). Falling back to AI Vision...
2026-01-19T23:59:51.9125220Z     🧠 [EXPERT] Strategy: Act as Senior SDET focusing on exploring the application to understand functional flow and identifying critical paths for end-to-end automation.
2026-01-19T23:59:51.9127731Z [CACHE HIT] 63075162... (hits: 4, misses: 3)
2026-01-19T23:59:51.9128409Z     ⚠️ Skipping duplicate injection: Contact
2026-01-19T23:59:51.9129131Z     🧠 Verifying step validity for 'Enter message' after no candidates found...
2026-01-19T23:59:54.4272825Z [DEBUG] Sending request to gemini-2.0-flash. Number of parts: 2
2026-01-19T23:59:54.4273565Z [DEBUG] Received response (Length: 146)
2026-01-19T23:59:54.4275221Z     🗑️ Step deemed INVALID: The current page is a Chrome error page. There is no input field to enter a message.. Removing from workflow.
2026-01-19T23:59:54.4276755Z     ⏭️ Skipping execution of invalid step: Enter message
2026-01-19T23:59:54.4277535Z   ▶️ [STEP step_4] CLICK: Show Message
2026-01-19T23:59:54.4330896Z     🔍 Mining locators for: 'Show Message'
2026-01-19T23:59:54.4539980Z     🧠 Consulting AI (Vision-First) to find 'Show Message'...
2026-01-19T23:59:54.4540798Z     🔍 Trying smart selectors for 'Show Message'...
2026-01-19T23:59:54.5390080Z     🔍 [SMART] Searching for: 'Show Message' (trying 15+ strategies)
2026-01-19T23:59:54.5390982Z     ⚠️ Smart selectors failed (no unique match). Falling back to AI Vision...
2026-01-19T23:59:54.5392188Z     🧠 [EXPERT] Strategy: Act as Senior SDET focusing on exploring the application to understand functional flow and identifying critical paths for end-to-end automation.
2026-01-19T23:59:59.6637243Z [DEBUG] Sending request to gemini-2.0-flash. Number of parts: 2
2026-01-19T23:59:59.6638065Z [DEBUG] Received response (Length: 244)
2026-01-19T23:59:59.6639989Z     💡 Expert Suggestion: The 'Show Message' button is likely located within the 'Home' section, where input forms are commonly found.
2026-01-19T23:59:59.6641877Z     🛠️ Executing corrective action: click -> 'Home'
2026-01-19T23:59:59.6953134Z     🔄 Retry 1/3 mining locators for 'Show Message'...
2026-01-20T00:00:00.7176786Z     🧠 Consulting AI (Vision-First) to find 'Show Message'...
2026-01-20T00:00:00.7177282Z     🔍 Trying smart selectors for 'Show Message'...
2026-01-20T00:00:00.8026084Z     🔍 [SMART] Searching for: 'Show Message' (trying 15+ strategies)
2026-01-20T00:00:00.8026962Z     ⚠️ Smart selectors failed (no unique match). Falling back to AI Vision...
2026-01-20T00:00:00.8028318Z     🧠 [EXPERT] Strategy: Act as Senior SDET focusing on exploring the application to understand functional flow and identifying critical paths for end-to-end automation.
2026-01-20T00:00:00.8031055Z [CACHE HIT] f3e9d20a... (hits: 5, misses: 5)
2026-01-20T00:00:00.8031905Z     ⚠️ Skipping duplicate injection: Home
2026-01-20T00:00:00.8032314Z     🔄 Retry 2/3 mining locators for 'Show Message'...
2026-01-20T00:00:01.8044634Z     🗑️ Invalidating stale AI cache (retry 2)...
2026-01-20T00:00:01.8283874Z     🧠 Consulting AI (Vision-First) to find 'Show Message'...
2026-01-20T00:00:01.8284670Z     🔍 Trying smart selectors for 'Show Message'...
2026-01-20T00:00:01.9140878Z     🔍 [SMART] Searching for: 'Show Message' (trying 15+ strategies)
2026-01-20T00:00:01.9142034Z     ⚠️ Smart selectors failed (no unique match). Falling back to AI Vision...
2026-01-20T00:00:01.9143540Z     🧠 [EXPERT] Strategy: Act as Senior SDET focusing on exploring the application to understand functional flow and identifying critical paths for end-to-end automation.
2026-01-20T00:00:01.9145333Z [CACHE HIT] f3e9d20a... (hits: 6, misses: 5)
2026-01-20T00:00:01.9146002Z     ⚠️ Skipping duplicate injection: Home
2026-01-20T00:00:01.9146783Z     🧠 Verifying step validity for 'Show Message' after no candidates found...
2026-01-20T00:00:04.6736194Z [DEBUG] Sending request to gemini-2.0-flash. Number of parts: 2
2026-01-20T00:00:04.6736941Z [DEBUG] Received response (Length: 184)
2026-01-20T00:00:04.6739151Z     🗑️ Step deemed INVALID: The current page is a Chrome error page. The 'Show Message' element does not exist on this page. We are on the wrong page.. Removing from workflow.
2026-01-20T00:00:04.6741149Z     ⏭️ Skipping execution of invalid step: Show Message
2026-01-20T00:00:04.6742237Z   ▶️ [STEP step_5] ASSERT_VISIBLE: Your Message:
2026-01-20T00:00:04.6793007Z     🔍 Mining locators for: 'Your Message:'
2026-01-20T00:00:04.6999988Z     🧠 Consulting AI (Vision-First) to find 'Your Message:'...
2026-01-20T00:00:04.7000539Z     🔍 Trying smart selectors for 'Your Message:'...
2026-01-20T00:00:04.7852371Z     🔍 [SMART] Searching for: 'Your Message:' (trying 15+ strategies)
2026-01-20T00:00:04.7853594Z     ⚠️ Smart selectors failed (no unique match). Falling back to AI Vision...
2026-01-20T00:00:04.7855562Z     🧠 [EXPERT] Strategy: Act as Senior SDET focusing on exploring the application to understand functional flow and identifying critical paths for end-to-end automation.
2026-01-20T00:00:09.6132714Z [DEBUG] Sending request to gemini-2.0-flash. Number of parts: 2
2026-01-20T00:00:09.6133512Z [DEBUG] Received response (Length: 202)
2026-01-20T00:00:09.6134878Z     💡 Expert Suggestion: The 'Your Message:' field is typically found on a contact form.
2026-01-20T00:00:09.6136267Z     🛠️ Executing corrective action: click -> 'Contact'
2026-01-20T00:00:09.6469826Z     🔄 Retry 1/3 mining locators for 'Your Message:'...
2026-01-20T00:00:10.6700413Z     🧠 Consulting AI (Vision-First) to find 'Your Message:'...
2026-01-20T00:00:10.6700950Z     🔍 Trying smart selectors for 'Your Message:'...
2026-01-20T00:00:10.7574938Z     🔍 [SMART] Searching for: 'Your Message:' (trying 15+ strategies)
2026-01-20T00:00:10.7576246Z     ⚠️ Smart selectors failed (no unique match). Falling back to AI Vision...
2026-01-20T00:00:10.7578361Z     🧠 [EXPERT] Strategy: Act as Senior SDET focusing on exploring the application to understand functional flow and identifying critical paths for end-to-end automation.
2026-01-20T00:00:10.7579731Z [CACHE HIT] 90adf715... (hits: 7, misses: 7)
2026-01-20T00:00:10.7580234Z     ⚠️ Skipping duplicate injection: Contact
2026-01-20T00:00:10.7580750Z     🔄 Retry 2/3 mining locators for 'Your Message:'...
2026-01-20T00:00:11.7594444Z     🗑️ Invalidating stale AI cache (retry 2)...
2026-01-20T00:00:11.7823960Z     🧠 Consulting AI (Vision-First) to find 'Your Message:'...
2026-01-20T00:00:11.7824795Z     🔍 Trying smart selectors for 'Your Message:'...
2026-01-20T00:00:11.8797264Z     🔍 [SMART] Searching for: 'Your Message:' (trying 15+ strategies)
2026-01-20T00:00:11.8798813Z     ⚠️ Smart selectors failed (no unique match). Falling back to AI Vision...
2026-01-20T00:00:11.8800134Z     🧠 [EXPERT] Strategy: Act as Senior SDET focusing on exploring the application to understand functional flow and identifying critical paths for end-to-end automation.
2026-01-20T00:00:11.8801595Z [CACHE HIT] 90adf715... (hits: 8, misses: 7)
2026-01-20T00:00:11.8802233Z     ⚠️ Skipping duplicate injection: Contact
2026-01-20T00:00:11.8802949Z     🧠 Verifying step validity for 'Your Message:' after no candidates found...
2026-01-20T00:00:14.4933126Z [DEBUG] Sending request to gemini-2.0-flash. Number of parts: 2
2026-01-20T00:00:14.4933921Z [DEBUG] Received response (Length: 174)
2026-01-20T00:00:14.4935389Z     🗑️ Step deemed INVALID: The current page is a Chrome error page. There is no form or element with the text 'Your Message:' on this page.. Removing from workflow.
2026-01-20T00:00:14.4937091Z     ⏭️ Skipping execution of invalid step: Your Message:
2026-01-20T00:00:16.5313680Z 
2026-01-20T00:00:16.5314679Z [2/3] Exploring Scenario: Validate Two Input Fields Form
2026-01-20T00:00:16.5324400Z     🧠 Initialized exploration context for goal: 'Verify the functionality of the two input fields form on the page.'
2026-01-20T00:00:16.5325528Z     🎯 Scenario: Validate Two Input Fields Form
2026-01-20T00:00:16.5326095Z   ▶️ [STEP step_1] NAVIGATE: 
2026-01-20T00:00:17.2006310Z     ❌ Navigation failed to https://demo.seleniumeasy.com/basic-first-form-demo.html: Page.goto: net::ERR_NAME_NOT_RESOLVED at https://demo.seleniumeasy.com/basic-first-form-demo.html
2026-01-20T00:00:17.2007373Z Call log:
2026-01-20T00:00:17.2007959Z   - navigating to "https://demo.seleniumeasy.com/basic-first-form-demo.html", waiting until "domcontentloaded"
2026-01-20T00:00:17.2008588Z 
2026-01-20T00:00:17.2011256Z     ⚠️ Critical step failure: Page.goto: net::ERR_NAME_NOT_RESOLVED at https://demo.seleniumeasy.com/basic-first-form-demo.html
2026-01-20T00:00:17.2012385Z Ca
2026-01-20T00:00:17.2012906Z   ▶️ [STEP step_2] ASSERT_VISIBLE: Enter value
2026-01-20T00:00:17.2256576Z     🔍 Mining locators for: 'Enter value'
2026-01-20T00:00:17.2519725Z     🧠 Consulting AI (Vision-First) to find 'Enter value'...
2026-01-20T00:00:17.2520235Z     🔍 Trying smart selectors for 'Enter value'...
2026-01-20T00:00:17.3474321Z     🔍 [SMART] Searching for: 'Enter value' (trying 15+ strategies)
2026-01-20T00:00:17.3475330Z     ⚠️ Smart selectors failed (no unique match). Falling back to AI Vision...
2026-01-20T00:00:17.3477010Z     🧠 [EXPERT] Strategy: Act as Senior SDET focusing on exploring the application to understand functional flow and identifying critical paths for end-to-end automation.
2026-01-20T00:00:19.5602729Z [DEBUG] Sending request to gemini-2.0-flash. Number of parts: 2
2026-01-20T00:00:19.5603457Z [DEBUG] Received response (Length: 182)
2026-01-20T00:00:19.5604510Z     💡 Expert Suggestion: Search bar is likely on the Products page.
2026-01-20T00:00:19.5605380Z     🛠️ Executing corrective action: click -> 'Products'
2026-01-20T00:00:19.5890464Z     🔄 Retry 1/3 mining locators for 'Enter value'...
2026-01-20T00:00:20.6113312Z     🧠 Consulting AI (Vision-First) to find 'Enter value'...
2026-01-20T00:00:20.6113848Z     🔍 Trying smart selectors for 'Enter value'...
2026-01-20T00:00:20.6952392Z     🔍 [SMART] Searching for: 'Enter value' (trying 15+ strategies)
2026-01-20T00:00:20.6953305Z     ⚠️ Smart selectors failed (no unique match). Falling back to AI Vision...
2026-01-20T00:00:20.6954257Z     🧠 [EXPERT] Strategy: Act as Senior SDET focusing on exploring the application to understand functional flow and identifying critical paths for end-to-end automation.
2026-01-20T00:00:20.6956932Z [CACHE HIT] 66ed93dc... (hits: 9, misses: 9)
2026-01-20T00:00:20.6957591Z     ⚠️ Skipping duplicate injection: Products
2026-01-20T00:00:20.6958025Z     🔄 Retry 2/3 mining locators for 'Enter value'...
2026-01-20T00:00:21.6970747Z     🗑️ Invalidating stale AI cache (retry 2)...
2026-01-20T00:00:21.7199557Z     🧠 Consulting AI (Vision-First) to find 'Enter value'...
2026-01-20T00:00:21.7200382Z     🔍 Trying smart selectors for 'Enter value'...
2026-01-20T00:00:21.8009595Z     🔍 [SMART] Searching for: 'Enter value' (trying 15+ strategies)
2026-01-20T00:00:21.8010555Z     ⚠️ Smart selectors failed (no unique match). Falling back to AI Vision...
2026-01-20T00:00:21.8011670Z     🧠 [EXPERT] Strategy: Act as Senior SDET focusing on exploring the application to understand functional flow and identifying critical paths for end-to-end automation.
2026-01-20T00:00:21.8014168Z [CACHE HIT] 66ed93dc... (hits: 10, misses: 9)
2026-01-20T00:00:21.8014867Z     ⚠️ Skipping duplicate injection: Products
2026-01-20T00:00:21.8015396Z     🧠 Verifying step validity for 'Enter value' after no candidates found...
2026-01-20T00:00:24.5458720Z [DEBUG] Sending request to gemini-2.0-flash. Number of parts: 2
2026-01-20T00:00:24.5459304Z [DEBUG] Received response (Length: 204)
2026-01-20T00:00:24.5460673Z     🗑️ Step deemed INVALID: The current page is a Chrome error page. There is no input form or element labeled 'Enter value' on this page. Therefore, the task is invalid.. Removing from workflow.
2026-01-20T00:00:24.5461984Z     ⏭️ Skipping execution of invalid step: Enter value
2026-01-20T00:00:24.5462412Z     ⚡ PARALLEL MODE: Batching 2 fill steps
2026-01-20T00:00:24.5462794Z     ⚡ Batch mining 2 fields in parallel...
2026-01-20T00:00:24.5670731Z     🔍 Trying smart selectors for 'Enter value'...
2026-01-20T00:00:24.5677917Z     🔍 [SMART] Searching for: 'Enter value' (trying 15+ strategies)
2026-01-20T00:00:24.5678711Z     🔍 Trying smart selectors for 'Enter value'...
2026-01-20T00:00:24.6575949Z     🔍 [SMART] Searching for: 'Enter value' (trying 15+ strategies)
2026-01-20T00:00:24.6577023Z     ⚠️ Smart selectors failed (no unique match). Falling back to AI Vision...
2026-01-20T00:00:24.6578829Z     🧠 [EXPERT] Strategy: Act as Senior SDET focusing on exploring the application to understand functional flow and identifying critical paths for end-to-end automation.
2026-01-20T00:00:24.6584177Z [CACHE HIT] 66ed93dc... (hits: 11, misses: 10)
2026-01-20T00:00:24.6585126Z     ⚠️ Smart selectors failed (no unique match). Falling back to AI Vision...
2026-01-20T00:00:24.6586256Z     🧠 [EXPERT] Strategy: Act as Senior SDET focusing on exploring the application to understand functional flow and identifying critical paths for end-to-end automation.
2026-01-20T00:00:24.6587980Z [CACHE HIT] 66ed93dc... (hits: 12, misses: 10)
2026-01-20T00:00:24.6588674Z     ✅ Batch mined 'Enter value' (1 locators)
2026-01-20T00:00:24.6589313Z     ✅ Batch mined 'Enter value' (1 locators)
2026-01-20T00:00:24.6589890Z     ✅ Batch mined 2/2 steps successfully
2026-01-20T00:00:24.6590463Z   ▶️ [STEP step_5] CLICK: Get Total
2026-01-20T00:00:24.6637167Z     🔍 Mining locators for: 'Get Total'
2026-01-20T00:00:24.6838907Z     🧠 Consulting AI (Vision-First) to find 'Get Total'...
2026-01-20T00:00:24.6839563Z     🔍 Trying smart selectors for 'Get Total'...
2026-01-20T00:00:24.7683527Z     🔍 [SMART] Searching for: 'Get Total' (trying 15+ strategies)
2026-01-20T00:00:24.7684514Z     ⚠️ Smart selectors failed (no unique match). Falling back to AI Vision...
2026-01-20T00:00:24.7685482Z     🧠 [EXPERT] Strategy: Act as Senior SDET focusing on exploring the application to understand functional flow and identifying critical paths for end-to-end automation.
2026-01-20T00:00:29.4912894Z [DEBUG] Sending request to gemini-2.0-flash. Number of parts: 2
2026-01-20T00:00:29.4915600Z [DEBUG] Received response (Length: 182)
2026-01-20T00:00:29.4916938Z     💡 Expert Suggestion: Search bar is likely on the Products page.
2026-01-20T00:00:29.4918036Z     🛠️ Executing corrective action: click -> 'Products'
2026-01-20T00:00:29.5187462Z     🔄 Retry 1/3 mining locators for 'Get Total'...
2026-01-20T00:00:30.5452455Z     🧠 Consulting AI (Vision-First) to find 'Get Total'...
2026-01-20T00:00:30.5453102Z     🔍 Trying smart selectors for 'Get Total'...
2026-01-20T00:00:30.6294164Z     🔍 [SMART] Searching for: 'Get Total' (trying 15+ strategies)
2026-01-20T00:00:30.6295171Z     ⚠️ Smart selectors failed (no unique match). Falling back to AI Vision...
2026-01-20T00:00:30.6296439Z     🧠 [EXPERT] Strategy: Act as Senior SDET focusing on exploring the application to understand functional flow and identifying critical paths for end-to-end automation.
2026-01-20T00:00:30.6298632Z [CACHE HIT] ba3f945a... (hits: 13, misses: 11)
2026-01-20T00:00:30.6299362Z     ⚠️ Skipping duplicate injection: Products
2026-01-20T00:00:30.6300008Z     🔄 Retry 2/3 mining locators for 'Get Total'...
2026-01-20T00:00:31.6313271Z     🗑️ Invalidating stale AI cache (retry 2)...
2026-01-20T00:00:31.6533638Z     🧠 Consulting AI (Vision-First) to find 'Get Total'...
2026-01-20T00:00:31.6534465Z     🔍 Trying smart selectors for 'Get Total'...
2026-01-20T00:00:31.7383583Z     🔍 [SMART] Searching for: 'Get Total' (trying 15+ strategies)
2026-01-20T00:00:31.7384646Z     ⚠️ Smart selectors failed (no unique match). Falling back to AI Vision...
2026-01-20T00:00:31.7386742Z     🧠 [EXPERT] Strategy: Act as Senior SDET focusing on exploring the application to understand functional flow and identifying critical paths for end-to-end automation.
2026-01-20T00:00:31.7388506Z [CACHE HIT] ba3f945a... (hits: 14, misses: 11)
2026-01-20T00:00:31.7389240Z     ⚠️ Skipping duplicate injection: Products
2026-01-20T00:00:31.7389890Z     🧠 Verifying step validity for 'Get Total' after no candidates found...
2026-01-20T00:00:34.6166882Z [DEBUG] Sending request to gemini-2.0-flash. Number of parts: 2
2026-01-20T00:00:34.6167639Z [DEBUG] Received response (Length: 181)
2026-01-20T00:00:34.6169500Z     🗑️ Step deemed INVALID: The current page is a Chrome error page. The 'Get Total' element does not exist on this page. We are on the wrong page.. Removing from workflow.
2026-01-20T00:00:34.6170722Z     ⏭️ Skipping execution of invalid step: Get Total
2026-01-20T00:00:34.6171195Z   ▶️ [STEP step_6] ASSERT_VISIBLE: Total a + b =
2026-01-20T00:00:34.6230680Z     🔍 Mining locators for: 'Total a + b ='
2026-01-20T00:00:34.6434896Z     🧠 Consulting AI (Vision-First) to find 'Total a + b ='...
2026-01-20T00:00:34.6435657Z     🔍 Trying smart selectors for 'Total a + b ='...
2026-01-20T00:00:34.7203285Z     🔍 [SMART] Searching for: 'Total a + b =' (trying 15+ strategies)
2026-01-20T00:00:34.7204388Z     ⚠️ Smart selectors failed (no unique match). Falling back to AI Vision...
2026-01-20T00:00:34.7206386Z     🧠 [EXPERT] Strategy: Act as Senior SDET focusing on exploring the application to understand functional flow and identifying critical paths for end-to-end automation.
2026-01-20T00:00:39.6117561Z [DEBUG] Sending request to gemini-2.0-flash. Number of parts: 2
2026-01-20T00:00:39.6118148Z [DEBUG] Received response (Length: 226)
2026-01-20T00:00:39.6119214Z     💡 Expert Suggestion: The 'Total a + b =' is likely on the Calculate page where calculations are performed.
2026-01-20T00:00:39.6120093Z     🛠️ Executing corrective action: click -> 'Calculate'
2026-01-20T00:00:39.6446868Z     🔄 Retry 1/3 mining locators for 'Total a + b ='...
2026-01-20T00:00:40.6678133Z     🧠 Consulting AI (Vision-First) to find 'Total a + b ='...
2026-01-20T00:00:40.6680145Z     🔍 Trying smart selectors for 'Total a + b ='...
2026-01-20T00:00:40.7420999Z     🔍 [SMART] Searching for: 'Total a + b =' (trying 15+ strategies)
2026-01-20T00:00:40.7422123Z     ⚠️ Smart selectors failed (no unique match). Falling back to AI Vision...
2026-01-20T00:00:40.7423355Z     🧠 [EXPERT] Strategy: Act as Senior SDET focusing on exploring the application to understand functional flow and identifying critical paths for end-to-end automation.
2026-01-20T00:00:40.7425019Z [CACHE HIT] 8e27abd3... (hits: 15, misses: 13)
2026-01-20T00:00:40.7425720Z     ⚠️ Skipping duplicate injection: Calculate
2026-01-20T00:00:40.7426920Z     🔄 Retry 2/3 mining locators for 'Total a + b ='...
2026-01-20T00:00:41.7439558Z     🗑️ Invalidating stale AI cache (retry 2)...
2026-01-20T00:00:41.7662274Z     🧠 Consulting AI (Vision-First) to find 'Total a + b ='...
2026-01-20T00:00:41.7663143Z     🔍 Trying smart selectors for 'Total a + b ='...
2026-01-20T00:00:41.8428908Z     🔍 [SMART] Searching for: 'Total a + b =' (trying 15+ strategies)
2026-01-20T00:00:41.8429814Z     ⚠️ Smart selectors failed (no unique match). Falling back to AI Vision...
2026-01-20T00:00:41.8430759Z     🧠 [EXPERT] Strategy: Act as Senior SDET focusing on exploring the application to understand functional flow and identifying critical paths for end-to-end automation.
2026-01-20T00:00:41.8433360Z [CACHE HIT] 8e27abd3... (hits: 16, misses: 13)
2026-01-20T00:00:41.8434076Z     ⚠️ Skipping duplicate injection: Calculate
2026-01-20T00:00:41.8434654Z     🧠 Verifying step validity for 'Total a + b =' after no candidates found...
2026-01-20T00:00:44.4705819Z [DEBUG] Sending request to gemini-2.0-flash. Number of parts: 2
2026-01-20T00:00:44.4706348Z [DEBUG] Received response (Length: 159)
2026-01-20T00:00:44.4707536Z     🗑️ Step deemed INVALID: The current page is a Chrome error page. The element 'Total a + b =' does not exist on this page.. Removing from workflow.
2026-01-20T00:00:44.4708473Z     ⏭️ Skipping execution of invalid step: Total a + b =
2026-01-20T00:00:46.5063304Z 
2026-01-20T00:00:46.5064649Z [3/3] Exploring Scenario: Validate Empty Input Fields Form
2026-01-20T00:00:46.5066600Z     🧠 Initialized exploration context for goal: 'Verify the behavior of the two input fields form when both fields are left empty.'
2026-01-20T00:00:46.5068466Z     🎯 Scenario: Validate Empty Input Fields Form
2026-01-20T00:00:46.5069348Z   ▶️ [STEP step_1] NAVIGATE: 
2026-01-20T00:00:47.1056552Z     ❌ Navigation failed to https://demo.seleniumeasy.com/basic-first-form-demo.html: Page.goto: net::ERR_NAME_NOT_RESOLVED at https://demo.seleniumeasy.com/basic-first-form-demo.html
2026-01-20T00:00:47.1057790Z Call log:
2026-01-20T00:00:47.1058457Z   - navigating to "https://demo.seleniumeasy.com/basic-first-form-demo.html", waiting until "domcontentloaded"
2026-01-20T00:00:47.1059127Z 
2026-01-20T00:00:47.1062411Z     ⚠️ Critical step failure: Page.goto: net::ERR_NAME_NOT_RESOLVED at https://demo.seleniumeasy.com/basic-first-form-demo.html
2026-01-20T00:00:47.1063404Z Ca
2026-01-20T00:00:47.1063897Z   ▶️ [STEP step_2] ASSERT_VISIBLE: Enter value
2026-01-20T00:00:47.1295339Z     🔍 Mining locators for: 'Enter value'
2026-01-20T00:00:47.1541820Z     🧠 Consulting AI (Vision-First) to find 'Enter value'...
2026-01-20T00:00:47.1542538Z     🔍 Trying smart selectors for 'Enter value'...
2026-01-20T00:00:47.2427612Z     🔍 [SMART] Searching for: 'Enter value' (trying 15+ strategies)
2026-01-20T00:00:47.2428469Z     ⚠️ Smart selectors failed (no unique match). Falling back to AI Vision...
2026-01-20T00:00:47.2429443Z     🧠 [EXPERT] Strategy: Act as Senior SDET focusing on exploring the application to understand functional flow and identifying critical paths for end-to-end automation.
2026-01-20T00:00:47.2431594Z [CACHE HIT] 66ed93dc... (hits: 17, misses: 14)
2026-01-20T00:00:47.2432462Z     💡 Expert Suggestion: Search bar is likely on the Products page.
2026-01-20T00:00:47.2442617Z     🛠️ Executing corrective action: click -> 'Products'
2026-01-20T00:00:47.2694673Z     🔄 Retry 1/3 mining locators for 'Enter value'...
2026-01-20T00:00:48.2937415Z     🧠 Consulting AI (Vision-First) to find 'Enter value'...
2026-01-20T00:00:48.2937885Z     🔍 Trying smart selectors for 'Enter value'...
2026-01-20T00:00:48.3803352Z     🔍 [SMART] Searching for: 'Enter value' (trying 15+ strategies)
2026-01-20T00:00:48.3804296Z     ⚠️ Smart selectors failed (no unique match). Falling back to AI Vision...
2026-01-20T00:00:48.3805268Z     🧠 [EXPERT] Strategy: Act as Senior SDET focusing on exploring the application to understand functional flow and identifying critical paths for end-to-end automation.
2026-01-20T00:00:48.3807623Z [CACHE HIT] 66ed93dc... (hits: 18, misses: 14)
2026-01-20T00:00:48.3808322Z     ⚠️ Skipping duplicate injection: Products
2026-01-20T00:00:48.3808812Z     🔄 Retry 2/3 mining locators for 'Enter value'...
2026-01-20T00:00:49.3822999Z     🗑️ Invalidating stale AI cache (retry 2)...
2026-01-20T00:00:49.4043868Z     🧠 Consulting AI (Vision-First) to find 'Enter value'...
2026-01-20T00:00:49.4044689Z     🔍 Trying smart selectors for 'Enter value'...
2026-01-20T00:00:49.4875465Z     🔍 [SMART] Searching for: 'Enter value' (trying 15+ strategies)
2026-01-20T00:00:49.4876700Z     ⚠️ Smart selectors failed (no unique match). Falling back to AI Vision...
2026-01-20T00:00:49.4877715Z     🧠 [EXPERT] Strategy: Act as Senior SDET focusing on exploring the application to understand functional flow and identifying critical paths for end-to-end automation.
2026-01-20T00:00:49.4879485Z [CACHE HIT] 66ed93dc... (hits: 19, misses: 14)
2026-01-20T00:00:49.4880173Z     ⚠️ Skipping duplicate injection: Products
2026-01-20T00:00:49.4880915Z     🧠 Verifying step validity for 'Enter value' after no candidates found...
2026-01-20T00:00:49.4883754Z [CACHE HIT] 847aba7a... (hits: 20, misses: 14)
2026-01-20T00:00:49.4885503Z     🗑️ Step deemed INVALID: The current page is a Chrome error page. There is no input form or element labeled 'Enter value' on this page. Therefore, the task is invalid.. Removing from workflow.
2026-01-20T00:00:49.4887334Z     ⏭️ Skipping execution of invalid step: Enter value
2026-01-20T00:00:49.4887992Z     ⚡ PARALLEL MODE: Batching 2 fill steps
2026-01-20T00:00:49.4888543Z     ⚡ Batch mining 2 fields in parallel...
2026-01-20T00:00:49.5106088Z     🔍 Trying smart selectors for 'Enter value'...
2026-01-20T00:00:49.5115369Z     🔍 [SMART] Searching for: 'Enter value' (trying 15+ strategies)
2026-01-20T00:00:49.5116256Z     🔍 Trying smart selectors for 'Enter value'...
2026-01-20T00:00:49.6025183Z     🔍 [SMART] Searching for: 'Enter value' (trying 15+ strategies)
2026-01-20T00:00:49.6026199Z     ⚠️ Smart selectors failed (no unique match). Falling back to AI Vision...
2026-01-20T00:00:49.6027196Z     🧠 [EXPERT] Strategy: Act as Senior SDET focusing on exploring the application to understand functional flow and identifying critical paths for end-to-end automation.
2026-01-20T00:00:49.6032409Z [CACHE HIT] 66ed93dc... (hits: 21, misses: 14)
2026-01-20T00:00:49.6033349Z     ⚠️ Smart selectors failed (no unique match). Falling back to AI Vision...
2026-01-20T00:00:49.6034394Z     🧠 [EXPERT] Strategy: Act as Senior SDET focusing on exploring the application to understand functional flow and identifying critical paths for end-to-end automation.
2026-01-20T00:00:49.6036448Z [CACHE HIT] 66ed93dc... (hits: 22, misses: 14)
2026-01-20T00:00:49.6037136Z     ✅ Batch mined 'Enter value' (1 locators)
2026-01-20T00:00:49.6037756Z     ✅ Batch mined 'Enter value' (1 locators)
2026-01-20T00:00:49.6038322Z     ✅ Batch mined 2/2 steps successfully
2026-01-20T00:00:49.6038884Z   ▶️ [STEP step_5] CLICK: Get Total
2026-01-20T00:00:49.6089116Z     🔍 Mining locators for: 'Get Total'
2026-01-20T00:00:49.6326345Z     🧠 Consulting AI (Vision-First) to find 'Get Total'...
2026-01-20T00:00:49.6327186Z     🔍 Trying smart selectors for 'Get Total'...
2026-01-20T00:00:49.7173367Z     🔍 [SMART] Searching for: 'Get Total' (trying 15+ strategies)
2026-01-20T00:00:49.7174377Z     ⚠️ Smart selectors failed (no unique match). Falling back to AI Vision...
2026-01-20T00:00:49.7176250Z     🧠 [EXPERT] Strategy: Act as Senior SDET focusing on exploring the application to understand functional flow and identifying critical paths for end-to-end automation.
2026-01-20T00:00:49.7177776Z [CACHE HIT] ba3f945a... (hits: 23, misses: 14)
2026-01-20T00:00:49.7178477Z     💡 Expert Suggestion: Search bar is likely on the Products page.
2026-01-20T00:00:49.7179071Z     🛠️ Executing corrective action: click -> 'Products'
2026-01-20T00:00:49.7442165Z     🔄 Retry 1/3 mining locators for 'Get Total'...
2026-01-20T00:00:50.7700641Z     🧠 Consulting AI (Vision-First) to find 'Get Total'...
2026-01-20T00:00:50.7701118Z     🔍 Trying smart selectors for 'Get Total'...
2026-01-20T00:00:50.8548018Z     🔍 [SMART] Searching for: 'Get Total' (trying 15+ strategies)
2026-01-20T00:00:50.8549195Z     ⚠️ Smart selectors failed (no unique match). Falling back to AI Vision...
2026-01-20T00:00:50.8550197Z     🧠 [EXPERT] Strategy: Act as Senior SDET focusing on exploring the application to understand functional flow and identifying critical paths for end-to-end automation.
2026-01-20T00:00:50.8552463Z [CACHE HIT] ba3f945a... (hits: 24, misses: 14)
2026-01-20T00:00:50.8553091Z     ⚠️ Skipping duplicate injection: Products
2026-01-20T00:00:50.8553695Z     🔄 Retry 2/3 mining locators for 'Get Total'...
2026-01-20T00:00:51.8567105Z     🗑️ Invalidating stale AI cache (retry 2)...
2026-01-20T00:00:51.8815145Z     🧠 Consulting AI (Vision-First) to find 'Get Total'...
2026-01-20T00:00:51.8815662Z     🔍 Trying smart selectors for 'Get Total'...
2026-01-20T00:00:51.9659561Z     🔍 [SMART] Searching for: 'Get Total' (trying 15+ strategies)
2026-01-20T00:00:51.9660518Z     ⚠️ Smart selectors failed (no unique match). Falling back to AI Vision...
2026-01-20T00:00:51.9662731Z     🧠 [EXPERT] Strategy: Act as Senior SDET focusing on exploring the application to understand functional flow and identifying critical paths for end-to-end automation.
2026-01-20T00:00:51.9664124Z [CACHE HIT] ba3f945a... (hits: 25, misses: 14)
2026-01-20T00:00:51.9664839Z     ⚠️ Skipping duplicate injection: Products
2026-01-20T00:00:51.9665805Z     🧠 Verifying step validity for 'Get Total' after no candidates found...
2026-01-20T00:00:51.9668315Z [CACHE HIT] d2bfa091... (hits: 26, misses: 14)
2026-01-20T00:00:51.9670029Z     🗑️ Step deemed INVALID: The current page is a Chrome error page. The 'Get Total' element does not exist on this page. We are on the wrong page.. Removing from workflow.
2026-01-20T00:00:51.9671315Z     ⏭️ Skipping execution of invalid step: Get Total
2026-01-20T00:00:51.9672007Z   ▶️ [STEP step_6] ASSERT_VISIBLE: Total a + b =
2026-01-20T00:00:51.9716619Z     🔍 Mining locators for: 'Total a + b ='
2026-01-20T00:00:51.9935130Z     🧠 Consulting AI (Vision-First) to find 'Total a + b ='...
2026-01-20T00:00:51.9935943Z     🔍 Trying smart selectors for 'Total a + b ='...
2026-01-20T00:00:52.0846138Z     🔍 [SMART] Searching for: 'Total a + b =' (trying 15+ strategies)
2026-01-20T00:00:52.0847096Z     ⚠️ Smart selectors failed (no unique match). Falling back to AI Vision...
2026-01-20T00:00:52.0848707Z     🧠 [EXPERT] Strategy: Act as Senior SDET focusing on exploring the application to understand functional flow and identifying critical paths for end-to-end automation.
2026-01-20T00:00:52.0849647Z [CACHE HIT] 8e27abd3... (hits: 27, misses: 14)
2026-01-20T00:00:52.0850646Z     💡 Expert Suggestion: The 'Total a + b =' is likely on the Calculate page where calculations are performed.
2026-01-20T00:00:52.0851828Z     🛠️ Executing corrective action: click -> 'Calculate'
2026-01-20T00:00:52.1178001Z     🔄 Retry 1/3 mining locators for 'Total a + b ='...
2026-01-20T00:00:53.1443008Z     🧠 Consulting AI (Vision-First) to find 'Total a + b ='...
2026-01-20T00:00:53.1443836Z     🔍 Trying smart selectors for 'Total a + b ='...
2026-01-20T00:00:53.2225026Z     🔍 [SMART] Searching for: 'Total a + b =' (trying 15+ strategies)
2026-01-20T00:00:53.2225848Z     ⚠️ Smart selectors failed (no unique match). Falling back to AI Vision...
2026-01-20T00:00:53.2226794Z     🧠 [EXPERT] Strategy: Act as Senior SDET focusing on exploring the application to understand functional flow and identifying critical paths for end-to-end automation.
2026-01-20T00:00:53.2228634Z [CACHE HIT] 8e27abd3... (hits: 28, misses: 14)
2026-01-20T00:00:53.2229319Z     ⚠️ Skipping duplicate injection: Calculate
2026-01-20T00:00:53.2229818Z     🔄 Retry 2/3 mining locators for 'Total a + b ='...
2026-01-20T00:00:54.2243337Z     🗑️ Invalidating stale AI cache (retry 2)...
2026-01-20T00:00:54.2471017Z     🧠 Consulting AI (Vision-First) to find 'Total a + b ='...
2026-01-20T00:00:54.2472075Z     🔍 Trying smart selectors for 'Total a + b ='...
2026-01-20T00:00:54.3227561Z     🔍 [SMART] Searching for: 'Total a + b =' (trying 15+ strategies)
2026-01-20T00:00:54.3231219Z     ⚠️ Smart selectors failed (no unique match). Falling back to AI Vision...
2026-01-20T00:00:54.3233727Z     🧠 [EXPERT] Strategy: Act as Senior SDET focusing on exploring the application to understand functional flow and identifying critical paths for end-to-end automation.
2026-01-20T00:00:54.3235510Z [CACHE HIT] 8e27abd3... (hits: 29, misses: 14)
2026-01-20T00:00:54.3236326Z     ⚠️ Skipping duplicate injection: Calculate
2026-01-20T00:00:54.3237254Z     🧠 Verifying step validity for 'Total a + b =' after no candidates found...
2026-01-20T00:00:54.3237933Z [CACHE HIT] 2755ca4e... (hits: 30, misses: 14)
2026-01-20T00:00:54.3239143Z     🗑️ Step deemed INVALID: The current page is a Chrome error page. The element 'Total a + b =' does not exist on this page.. Removing from workflow.
2026-01-20T00:00:54.3240242Z     ⏭️ Skipping execution of invalid step: Total a + b =
2026-01-20T00:00:56.3623529Z 🗂️  All generated tests written to /home/runner/work/build_qa_automation/build_qa_automation/projects/ci_seleniumeasy_forms/tests/generated_scenarios.json
2026-01-20T00:00:56.3624594Z 
2026-01-20T00:00:56.3625006Z 📝 Processing scenario 'Validate Single Input Form' with 1 steps
2026-01-20T00:00:56.3625878Z ✅ Updated scenario 'Validate Single Input Form' with 1 validated steps
2026-01-20T00:00:56.3626364Z 
2026-01-20T00:00:56.3626760Z 📝 Processing scenario 'Validate Two Input Fields Form' with 3 steps
2026-01-20T00:00:56.3627459Z   🔍 Step 1 (fill): Found 1 mined locators
2026-01-20T00:00:56.3628044Z       ⚠️ Skipping low-confidence locator (0.60): ...
2026-01-20T00:00:56.3628860Z   ⚠️  No robust locators passed filtering. Executor will use fallback strategies.
2026-01-20T00:00:56.3629619Z   🔍 Step 2 (fill): Found 1 mined locators
2026-01-20T00:00:56.3630196Z       ⚠️ Skipping low-confidence locator (0.60): ...
2026-01-20T00:00:56.3631025Z   ⚠️  No robust locators passed filtering. Executor will use fallback strategies.
2026-01-20T00:00:56.3632182Z ✅ Updated scenario 'Validate Two Input Fields Form' with 3 validated steps
2026-01-20T00:00:56.3632704Z 
2026-01-20T00:00:56.3633127Z 📝 Processing scenario 'Validate Empty Input Fields Form' with 3 steps
2026-01-20T00:00:56.3633777Z   🔍 Step 1 (fill): Found 1 mined locators
2026-01-20T00:00:56.3634124Z       ⚠️ Skipping low-confidence locator (0.60): ...
2026-01-20T00:00:56.3634616Z   ⚠️  No robust locators passed filtering. Executor will use fallback strategies.
2026-01-20T00:00:56.3635060Z   🔍 Step 2 (fill): Found 1 mined locators
2026-01-20T00:00:56.3635434Z       ⚠️ Skipping low-confidence locator (0.60): ...
2026-01-20T00:00:56.3636259Z   ⚠️  No robust locators passed filtering. Executor will use fallback strategies.
2026-01-20T00:00:56.3637241Z ✅ Updated scenario 'Validate Empty Input Fields Form' with 3 validated steps
2026-01-20T00:00:56.3638134Z 🔄 Updated workflow.json with discovered steps and locators.
2026-01-20T00:00:56.3638547Z 
2026-01-20T00:00:56.3638721Z ============================================================
2026-01-20T00:00:56.3639278Z 📊 EXPLORER PERFORMANCE SUMMARY
2026-01-20T00:00:56.3639709Z ============================================================
2026-01-20T00:00:56.3640029Z 
2026-01-20T00:00:56.3640206Z 🔍 Locator Mining:
2026-01-20T00:00:56.3640601Z    • Total Locators Mined: 4
2026-01-20T00:00:56.3641055Z    • Filtered Out (Brittle): 4 (100.0%)
2026-01-20T00:00:56.3641932Z    • Saved to Golden Path: 0 (0.0%)
2026-01-20T00:00:56.3642222Z 
2026-01-20T00:00:56.3642410Z ⚠️  Filtering Breakdown:
2026-01-20T00:00:56.3642841Z    • Low Confidence (<0.75): 4
2026-01-20T00:00:56.3643094Z 
2026-01-20T00:00:56.3643282Z ✅ Golden Path Quality:
2026-01-20T00:00:56.3643853Z    ❌ POOR - Only 0.0% of mined locators are robust. Site may have weak semantic HTML.
2026-01-20T00:00:56.3644250Z 
2026-01-20T00:00:56.3644749Z ============================================================
2026-01-20T00:00:56.3644954Z 
2026-01-20T00:00:56.3645101Z ✅ Deep Exploration Complete.
2026-01-20T00:01:10.1686890Z 
2026-01-20T00:01:10.1688165Z 🚀 [EXECUTE] Starting Automation Execution Engine
2026-01-20T00:01:10.1688786Z 📍 Project: ci_seleniumeasy_forms
2026-01-20T00:01:10.1689189Z 🎬 Mode: Headless
2026-01-20T00:01:10.1689364Z 
2026-01-20T00:01:10.1689538Z --- Scenario: Validate Single Input Form ---
2026-01-20T00:01:10.1690058Z   ▶️  [STEP step_1] NAVIGATE: NAVIGATE
2026-01-20T00:01:10.1691370Z     ❌ Attempt 1 failed (unknown): Page.goto: net::ERR_NAME_NOT_RESOLVED at https://demo.seleniumeasy.com/basic-first-form-demo.html
2026-01-20T00:01:10.1692553Z Ca...
2026-01-20T00:01:10.1692998Z     🔧 [AUTO-HEAL] Re-mining page to find 'NAVIGATE'...
2026-01-20T00:01:10.1693592Z [DEBUG] Sending request to gemini-2.0-flash. Number of parts: 2
2026-01-20T00:01:10.1694161Z [DEBUG] Received response (Length: 38)
2026-01-20T00:01:10.1694808Z     ❌ AI could not re-locate the element. Waiting 1s before next retry.
2026-01-20T00:01:10.1696024Z     ❌ Attempt 2 failed (unknown): Page.goto: net::ERR_NAME_NOT_RESOLVED at https://demo.seleniumeasy.com/basic-first-form-demo.html
2026-01-20T00:01:10.1696880Z Ca...
2026-01-20T00:01:10.1697280Z     🔧 [AUTO-HEAL] Re-mining page to find 'navigate'...
2026-01-20T00:01:10.1697742Z [CACHE HIT] 2cd6a610... (hits: 1, misses: 1)
2026-01-20T00:01:10.1698374Z     ❌ AI could not re-locate the element. Waiting 1s before next retry.
2026-01-20T00:01:10.1699530Z     ❌ Attempt 3 failed (unknown): Page.goto: net::ERR_NAME_NOT_RESOLVED at https://demo.seleniumeasy.com/basic-first-form-demo.html
2026-01-20T00:01:10.1700353Z Ca...
2026-01-20T00:01:10.1700704Z     💀 Step step_1 failed after all retries.
2026-01-20T00:01:10.1701342Z 🛑 Scenario 'Validate Single Input Form' aborted due to step failure.
2026-01-20T00:01:10.1701906Z 
2026-01-20T00:01:10.1702090Z --- Scenario: Validate Two Input Fields Form ---
2026-01-20T00:01:10.1702605Z   ▶️  [STEP step_1] NAVIGATE: NAVIGATE
2026-01-20T00:01:10.1703614Z     ❌ Attempt 1 failed (unknown): Page.goto: net::ERR_NAME_NOT_RESOLVED at https://demo.seleniumeasy.com/basic-first-form-demo.html
2026-01-20T00:01:10.1704421Z Ca...
2026-01-20T00:01:10.1704844Z     🔧 [AUTO-HEAL] Re-mining page to find 'NAVIGATE'...
2026-01-20T00:01:10.1705314Z [CACHE HIT] 2cd6a610... (hits: 2, misses: 1)
2026-01-20T00:01:10.1705918Z     ❌ AI could not re-locate the element. Waiting 1s before next retry.
2026-01-20T00:01:10.1707104Z     ❌ Attempt 2 failed (unknown): Page.goto: net::ERR_NAME_NOT_RESOLVED at https://demo.seleniumeasy.com/basic-first-form-demo.html
2026-01-20T00:01:10.1707938Z Ca...
2026-01-20T00:01:10.1708338Z     🔧 [AUTO-HEAL] Re-mining page to find 'navigate'...
2026-01-20T00:01:10.1708798Z [CACHE HIT] 2cd6a610... (hits: 3, misses: 1)
2026-01-20T00:01:10.1709407Z     ❌ AI could not re-locate the element. Waiting 1s before next retry.
2026-01-20T00:01:10.1710559Z     ❌ Attempt 3 failed (unknown): Page.goto: net::ERR_NAME_NOT_RESOLVED at https://demo.seleniumeasy.com/basic-first-form-demo.html
2026-01-20T00:01:10.1711536Z Ca...
2026-01-20T00:01:10.1711889Z     💀 Step step_1 failed after all retries.
2026-01-20T00:01:10.1712548Z 🛑 Scenario 'Validate Two Input Fields Form' aborted due to step failure.
2026-01-20T00:01:10.1712990Z 
2026-01-20T00:01:10.1713170Z --- Scenario: Validate Empty Input Fields Form ---
2026-01-20T00:01:10.1713683Z   ▶️  [STEP step_1] NAVIGATE: NAVIGATE
2026-01-20T00:01:10.1714706Z     ❌ Attempt 1 failed (unknown): Page.goto: net::ERR_NAME_NOT_RESOLVED at https://demo.seleniumeasy.com/basic-first-form-demo.html
2026-01-20T00:01:10.1715512Z Ca...
2026-01-20T00:01:10.1715906Z     🔧 [AUTO-HEAL] Re-mining page to find 'NAVIGATE'...
2026-01-20T00:01:10.1716401Z [CACHE HIT] 2cd6a610... (hits: 4, misses: 1)
2026-01-20T00:01:10.1717017Z     ❌ AI could not re-locate the element. Waiting 1s before next retry.
2026-01-20T00:01:10.1718161Z     ❌ Attempt 2 failed (unknown): Page.goto: net::ERR_NAME_NOT_RESOLVED at https://demo.seleniumeasy.com/basic-first-form-demo.html
2026-01-20T00:01:10.1719250Z Ca...
2026-01-20T00:01:10.1719640Z     🔧 [AUTO-HEAL] Re-mining page to find 'navigate'...
2026-01-20T00:01:10.1720272Z [CACHE HIT] 2cd6a610... (hits: 5, misses: 1)
2026-01-20T00:01:10.1720877Z     ❌ AI could not re-locate the element. Waiting 1s before next retry.
2026-01-20T00:01:10.1722327Z     ❌ Attempt 3 failed (unknown): Page.goto: net::ERR_NAME_NOT_RESOLVED at https://demo.seleniumeasy.com/basic-first-form-demo.html
2026-01-20T00:01:10.1723136Z Ca...
2026-01-20T00:01:10.1723487Z     💀 Step step_1 failed after all retries.
2026-01-20T00:01:10.1724136Z 🛑 Scenario 'Validate Empty Input Fields Form' aborted due to step failure.
2026-01-20T00:01:10.1724596Z 
2026-01-20T00:01:10.1724748Z ============================================================
2026-01-20T00:01:10.1725186Z 🎯 EXECUTION SUMMARY
2026-01-20T00:01:10.1725512Z ============================================================
2026-01-20T00:01:10.1725823Z 
2026-01-20T00:01:10.1725979Z 📋 Scenario Overview:
2026-01-20T00:01:10.1726351Z    • Total Scenarios Planned: 3
2026-01-20T00:01:10.1726744Z    • Scenarios Executed: 3
2026-01-20T00:01:10.1727127Z    • Total Steps Executed: 3
2026-01-20T00:01:10.1727361Z 
2026-01-20T00:01:10.1727496Z ✅ Results:
2026-01-20T00:01:10.1727804Z    ❌ Failed: 3 (100%)
2026-01-20T00:01:10.1727987Z 
2026-01-20T00:01:10.1728145Z ⚠️  Failed Scenarios:
2026-01-20T00:01:10.1728494Z    • Validate Single Input Form
2026-01-20T00:01:10.1728907Z    • Validate Two Input Fields Form
2026-01-20T00:01:10.1729349Z    • Validate Empty Input Fields Form
2026-01-20T00:01:10.1729641Z 
2026-01-20T00:01:10.1729783Z ============================================================
2026-01-20T00:01:10.1730217Z 
2026-01-20T00:01:10.1731015Z 🏁 Execution Finished. Report: /home/runner/work/build_qa_automation/build_qa_automation/projects/ci_seleniumeasy_forms/execution.json
2026-01-20T00:01:10.1731996Z 
2026-01-20T00:01:10.1732144Z ============================================================
2026-01-20T00:01:10.1732650Z 📊 EXECUTOR PERFORMANCE SUMMARY
2026-01-20T00:01:10.1733036Z ============================================================
2026-01-20T00:01:10.1733376Z 
2026-01-20T00:01:10.1733554Z 🎯 Execution Results:
2026-01-20T00:01:10.1733893Z    • Total Steps: 3
2026-01-20T00:01:10.1734244Z    • First-Attempt Success: 0 (0.0%)
2026-01-20T00:01:10.1734689Z    • Required AI Healing: 6 (200.0%)
2026-01-20T00:01:10.1735100Z    • Final Failures: 3 (100.0%)
2026-01-20T00:01:10.1735320Z 
2026-01-20T00:01:10.1735500Z 🛤️  Golden Path Effectiveness:
2026-01-20T00:01:10.1735906Z    • Steps with Mined Locators: 0
2026-01-20T00:01:10.1736312Z    • Golden Path Hits: 0 (0.0%)
2026-01-20T00:01:10.1736702Z    • Golden Path Misses: 0
2026-01-20T00:01:10.1737092Z    • Fallback Used (No Locators): 3
2026-01-20T00:01:10.1739123Z 
2026-01-20T00:01:10.1739338Z 📈 Overall Assessment:
2026-01-20T00:01:10.1739966Z    ❌ POOR. Golden path is not effective. Explorer may need better locator mining.
2026-01-20T00:01:10.1740472Z 
2026-01-20T00:01:10.1740646Z 🎯 vs Target (100% Flawless):
2026-01-20T00:01:10.1741029Z    📊 Gap: 100.0% from target
2026-01-20T00:01:10.1744174Z    💡 Recommendation: Explorer needs to mine locators for 3 steps
2026-01-20T00:01:10.1744606Z 
2026-01-20T00:01:10.1744768Z ============================================================
2026-01-20T00:01:10.3531332Z 
2026-01-20T00:01:10.3531997Z [PHASE] Running Phase: DISCOVERY
2026-01-20T00:01:10.3533663Z    Command: /opt/hostedtoolcache/Python/3.11.14/x64/bin/python /home/runner/work/build_qa_automation/build_qa_automation/core/agents/discovery.py --project /home/runner/work/build_qa_automation/build_qa_automation/projects/ci_seleniumeasy_forms --url https://demo.seleniumeasy.com/basic-first-form-demo.html --deep
2026-01-20T00:01:10.3535295Z ✅ Phase 'discovery' completed successfully.
2026-01-20T00:01:10.3535514Z 
2026-01-20T00:01:10.3535610Z [PHASE] Running Phase: PLANNING
2026-01-20T00:01:10.3537065Z    Command: /opt/hostedtoolcache/Python/3.11.14/x64/bin/python /home/runner/work/build_qa_automation/build_qa_automation/core/agents/planner.py --project /home/runner/work/build_qa_automation/build_qa_automation/projects/ci_seleniumeasy_forms --goal Validate input forms --url https://demo.seleniumeasy.com/basic-first-form-demo.html --deep
2026-01-20T00:01:10.3538930Z ✅ Phase 'planning' completed successfully.
2026-01-20T00:01:10.3539148Z 
2026-01-20T00:01:10.3539250Z [PHASE] Running Phase: EXPLORATION
2026-01-20T00:01:10.3540441Z    Command: /opt/hostedtoolcache/Python/3.11.14/x64/bin/python /home/runner/work/build_qa_automation/build_qa_automation/core/agents/deep_explorer.py --project /home/runner/work/build_qa_automation/build_qa_automation/projects/ci_seleniumeasy_forms
2026-01-20T00:01:10.3541907Z ✅ Phase 'exploration' completed successfully.
2026-01-20T00:01:10.3542311Z 📊 Exploration Discovery Success Rate: 0.0%
2026-01-20T00:01:10.3542841Z ⚠️ Exploration failed to find stable locators for key steps. Execution might fail.
2026-01-20T00:01:10.3543221Z 
2026-01-20T00:01:10.3543320Z [PHASE] Running Phase: EXECUTION
2026-01-20T00:01:10.3544419Z    Command: /opt/hostedtoolcache/Python/3.11.14/x64/bin/python /home/runner/work/build_qa_automation/build_qa_automation/core/agents/executor.py --project /home/runner/work/build_qa_automation/build_qa_automation/projects/ci_seleniumeasy_forms
2026-01-20T00:01:10.3545595Z ✅ Phase 'execution' completed successfully.
2026-01-20T00:01:10.3545805Z 
2026-01-20T00:01:10.3545924Z [DONE] Pipeline Execution Finished! [DONE]
2026-01-20T00:01:10.5004806Z ##[group]Run RESULT_FILE="projects/ci_seleniumeasy_forms/execution.json"
2026-01-20T00:01:10.5005348Z [36;1mRESULT_FILE="projects/ci_seleniumeasy_forms/execution.json"[0m
2026-01-20T00:01:10.5005709Z [36;1mif [ -f "$RESULT_FILE" ]; then[0m
2026-01-20T00:01:10.5006040Z [36;1m  echo "✅ Results generated successfully: $RESULT_FILE"[0m
2026-01-20T00:01:10.5006507Z [36;1m  cat "$RESULT_FILE" | jq '.scenarios | length' || echo "Result file exists"[0m
2026-01-20T00:01:10.5006883Z [36;1melse[0m
2026-01-20T00:01:10.5007115Z [36;1m  echo "❌ No result file found at $RESULT_FILE"[0m
2026-01-20T00:01:10.5007392Z [36;1m  exit 1[0m
2026-01-20T00:01:10.5007566Z [36;1mfi[0m
2026-01-20T00:01:10.5039785Z shell: /usr/bin/bash -e {0}
2026-01-20T00:01:10.5040022Z env:
2026-01-20T00:01:10.5040267Z   pythonLocation: /opt/hostedtoolcache/Python/3.11.14/x64
2026-01-20T00:01:10.5040699Z   PKG_CONFIG_PATH: /opt/hostedtoolcache/Python/3.11.14/x64/lib/pkgconfig
2026-01-20T00:01:10.5041149Z   Python_ROOT_DIR: /opt/hostedtoolcache/Python/3.11.14/x64
2026-01-20T00:01:10.5041758Z   Python2_ROOT_DIR: /opt/hostedtoolcache/Python/3.11.14/x64
2026-01-20T00:01:10.5042149Z   Python3_ROOT_DIR: /opt/hostedtoolcache/Python/3.11.14/x64
2026-01-20T00:01:10.5042516Z   LD_LIBRARY_PATH: /opt/hostedtoolcache/Python/3.11.14/x64/lib
2026-01-20T00:01:10.5042819Z ##[endgroup]
2026-01-20T00:01:10.5095116Z ✅ Results generated successfully: projects/ci_seleniumeasy_forms/execution.json
2026-01-20T00:01:10.5121242Z 3
2026-01-20T00:01:10.5188714Z ##[group]Run actions/upload-artifact@v4
2026-01-20T00:01:10.5188991Z with:
2026-01-20T00:01:10.5189199Z   name: seleniumeasy_forms-execution-results
2026-01-20T00:01:10.5189677Z   path: projects/ci_seleniumeasy_forms/execution.json
projects/ci_seleniumeasy_forms/workflow.json

2026-01-20T00:01:10.5190145Z   retention-days: 30
2026-01-20T00:01:10.5190348Z   if-no-files-found: warn
2026-01-20T00:01:10.5190565Z   compression-level: 6
2026-01-20T00:01:10.5190765Z   overwrite: false
2026-01-20T00:01:10.5190959Z   include-hidden-files: false
2026-01-20T00:01:10.5191175Z env:
2026-01-20T00:01:10.5191610Z   pythonLocation: /opt/hostedtoolcache/Python/3.11.14/x64
2026-01-20T00:01:10.5192043Z   PKG_CONFIG_PATH: /opt/hostedtoolcache/Python/3.11.14/x64/lib/pkgconfig
2026-01-20T00:01:10.5192450Z   Python_ROOT_DIR: /opt/hostedtoolcache/Python/3.11.14/x64
2026-01-20T00:01:10.5192806Z   Python2_ROOT_DIR: /opt/hostedtoolcache/Python/3.11.14/x64
2026-01-20T00:01:10.5193394Z   Python3_ROOT_DIR: /opt/hostedtoolcache/Python/3.11.14/x64
2026-01-20T00:01:10.5193767Z   LD_LIBRARY_PATH: /opt/hostedtoolcache/Python/3.11.14/x64/lib
2026-01-20T00:01:10.5194065Z ##[endgroup]
2026-01-20T00:01:10.7398408Z Multiple search paths detected. Calculating the least common ancestor of all paths
2026-01-20T00:01:10.7403130Z The least common ancestor is /home/runner/work/build_qa_automation/build_qa_automation/projects/ci_seleniumeasy_forms. This will be the root directory of the artifact
2026-01-20T00:01:10.7404588Z With the provided path, there will be 2 files uploaded
2026-01-20T00:01:10.7410165Z Artifact name is valid!
2026-01-20T00:01:10.7411694Z Root directory input is valid!
2026-01-20T00:01:10.8614030Z Beginning upload of artifact content to blob storage
2026-01-20T00:01:10.9762157Z Uploaded bytes 965
2026-01-20T00:01:11.0115221Z Finished uploading artifact content to blob storage!
2026-01-20T00:01:11.0118866Z SHA256 digest of uploaded artifact zip is 4ffcbc6e55566d37ce50fd650da18a2d10e83d0f6982c9e72dbac7cfe270e6eb
2026-01-20T00:01:11.0121133Z Finalizing artifact upload
2026-01-20T00:01:11.1032289Z Artifact seleniumeasy_forms-execution-results.zip successfully finalized. Artifact ID 5183099224
2026-01-20T00:01:11.1033732Z Artifact seleniumeasy_forms-execution-results has been successfully uploaded! Final size is 965 bytes. Artifact ID is 5183099224
2026-01-20T00:01:11.1039688Z Artifact download URL: https://github.com/vishvasmca-cmd/build_qa_automation/actions/runs/21154472744/artifacts/5183099224
2026-01-20T00:01:11.1151768Z Post job cleanup.
2026-01-20T00:01:11.2692771Z Cache hit occurred on the primary key setup-python-Linux-x64-24.04-Ubuntu-python-3.11.14-pip-dde08d0e0b672972dcda9f1a063036a2e0c226f5d0a20362e9401931676d80a4, not saving cache.
2026-01-20T00:01:11.2889612Z Post job cleanup.
2026-01-20T00:01:11.3837307Z [command]/usr/bin/git version
2026-01-20T00:01:11.3874277Z git version 2.52.0
2026-01-20T00:01:11.3918073Z Temporarily overriding HOME='/home/runner/work/_temp/c95293c1-c4ab-43b9-b4b2-6e10b8488c5b' before making global git config changes
2026-01-20T00:01:11.3919523Z Adding repository directory to the temporary git global config as a safe directory
2026-01-20T00:01:11.3924962Z [command]/usr/bin/git config --global --add safe.directory /home/runner/work/build_qa_automation/build_qa_automation
2026-01-20T00:01:11.3962242Z [command]/usr/bin/git config --local --name-only --get-regexp core\.sshCommand
2026-01-20T00:01:11.3994823Z [command]/usr/bin/git submodule foreach --recursive sh -c "git config --local --name-only --get-regexp 'core\.sshCommand' && git config --local --unset-all 'core.sshCommand' || :"
2026-01-20T00:01:11.4226916Z [command]/usr/bin/git config --local --name-only --get-regexp http\.https\:\/\/github\.com\/\.extraheader
2026-01-20T00:01:11.4247728Z http.https://github.com/.extraheader
2026-01-20T00:01:11.4260002Z [command]/usr/bin/git config --local --unset-all http.https://github.com/.extraheader
2026-01-20T00:01:11.4291643Z [command]/usr/bin/git submodule foreach --recursive sh -c "git config --local --name-only --get-regexp 'http\.https\:\/\/github\.com\/\.extraheader' && git config --local --unset-all 'http.https://github.com/.extraheader' || :"
2026-01-20T00:01:11.4515771Z [command]/usr/bin/git config --local --name-only --get-regexp ^includeIf\.gitdir:
2026-01-20T00:01:11.4547427Z [command]/usr/bin/git submodule foreach --recursive git config --local --show-origin --name-only --get-regexp remote.origin.url
2026-01-20T00:01:11.4885953Z Cleaning up orphan processes
