2026-01-19T02:25:01.8446573Z Current runner version: '2.331.0'
2026-01-19T02:25:01.8479685Z ##[group]Runner Image Provisioner
2026-01-19T02:25:01.8480915Z Hosted Compute Agent
2026-01-19T02:25:01.8481973Z Version: 20251211.462
2026-01-19T02:25:01.8483444Z Commit: 6cbad8c2bb55d58165063d031ccabf57e2d2db61
2026-01-19T02:25:01.8484645Z Build Date: 2025-12-11T16:28:49Z
2026-01-19T02:25:01.8485920Z Worker ID: {86de3bcd-9ff7-4a03-8136-cf8dae0ccb9d}
2026-01-19T02:25:01.8487111Z ##[endgroup]
2026-01-19T02:25:01.8487962Z ##[group]Operating System
2026-01-19T02:25:01.8489022Z Ubuntu
2026-01-19T02:25:01.8489775Z 24.04.3
2026-01-19T02:25:01.8490634Z LTS
2026-01-19T02:25:01.8491504Z ##[endgroup]
2026-01-19T02:25:01.8492712Z ##[group]Runner Image
2026-01-19T02:25:01.8493874Z Image: ubuntu-24.04
2026-01-19T02:25:01.8494996Z Version: 20260111.209.1
2026-01-19T02:25:01.8496687Z Included Software: https://github.com/actions/runner-images/blob/ubuntu24/20260111.209/images/ubuntu/Ubuntu2404-Readme.md
2026-01-19T02:25:01.8499407Z Image Release: https://github.com/actions/runner-images/releases/tag/ubuntu24%2F20260111.209
2026-01-19T02:25:01.8501201Z ##[endgroup]
2026-01-19T02:25:01.8503390Z ##[group]GITHUB_TOKEN Permissions
2026-01-19T02:25:01.8507081Z Contents: read
2026-01-19T02:25:01.8508134Z Metadata: read
2026-01-19T02:25:01.8509088Z Packages: read
2026-01-19T02:25:01.8509950Z ##[endgroup]
2026-01-19T02:25:01.8512902Z Secret source: Actions
2026-01-19T02:25:01.8514086Z Prepare workflow directory
2026-01-19T02:25:01.8990898Z Prepare all required actions
2026-01-19T02:25:01.9047456Z Getting action download info
2026-01-19T02:25:02.1834566Z Download action repository 'actions/checkout@v4' (SHA:34e114876b0b11c390a56381ad16ebd13914f8d5)
2026-01-19T02:25:02.6580171Z Download action repository 'actions/setup-python@v5' (SHA:a26af69be951a213d495a4c3e4e4022e16d87065)
2026-01-19T02:25:02.7846489Z Download action repository 'actions/upload-artifact@v4' (SHA:ea165f8d65b6e75b540449e92b4886f43607fa02)
2026-01-19T02:25:03.1316878Z Complete job name: test-websites-deep (blazedemo_travel, https://blazedemo.com/, Book a flight)
2026-01-19T02:25:03.2050061Z ##[group]Run actions/checkout@v4
2026-01-19T02:25:03.2050936Z with:
2026-01-19T02:25:03.2051411Z   repository: vishvasmca-cmd/build_qa_automation
2026-01-19T02:25:03.2052203Z   token: ***
2026-01-19T02:25:03.2052861Z   ssh-strict: true
2026-01-19T02:25:03.2053276Z   ssh-user: git
2026-01-19T02:25:03.2053716Z   persist-credentials: true
2026-01-19T02:25:03.2054175Z   clean: true
2026-01-19T02:25:03.2054597Z   sparse-checkout-cone-mode: true
2026-01-19T02:25:03.2055109Z   fetch-depth: 1
2026-01-19T02:25:03.2055513Z   fetch-tags: false
2026-01-19T02:25:03.2055947Z   show-progress: true
2026-01-19T02:25:03.2056377Z   lfs: false
2026-01-19T02:25:03.2056761Z   submodules: false
2026-01-19T02:25:03.2057188Z   set-safe-directory: true
2026-01-19T02:25:03.2057913Z ##[endgroup]
2026-01-19T02:25:03.3127377Z Syncing repository: vishvasmca-cmd/build_qa_automation
2026-01-19T02:25:03.3129229Z ##[group]Getting Git version info
2026-01-19T02:25:03.3130228Z Working directory is '/home/runner/work/build_qa_automation/build_qa_automation'
2026-01-19T02:25:03.3131373Z [command]/usr/bin/git version
2026-01-19T02:25:03.4353596Z git version 2.52.0
2026-01-19T02:25:03.4380536Z ##[endgroup]
2026-01-19T02:25:03.4402799Z Temporarily overriding HOME='/home/runner/work/_temp/77bc8edc-8169-4302-babc-ff49bb95af46' before making global git config changes
2026-01-19T02:25:03.4408382Z Adding repository directory to the temporary git global config as a safe directory
2026-01-19T02:25:03.4409837Z [command]/usr/bin/git config --global --add safe.directory /home/runner/work/build_qa_automation/build_qa_automation
2026-01-19T02:25:03.4501906Z Deleting the contents of '/home/runner/work/build_qa_automation/build_qa_automation'
2026-01-19T02:25:03.4505483Z ##[group]Initializing the repository
2026-01-19T02:25:03.4509788Z [command]/usr/bin/git init /home/runner/work/build_qa_automation/build_qa_automation
2026-01-19T02:25:03.5133813Z hint: Using 'master' as the name for the initial branch. This default branch name
2026-01-19T02:25:03.5135356Z hint: will change to "main" in Git 3.0. To configure the initial branch name
2026-01-19T02:25:03.5136418Z hint: to use in all of your new repositories, which will suppress this warning,
2026-01-19T02:25:03.5137163Z hint: call:
2026-01-19T02:25:03.5137535Z hint:
2026-01-19T02:25:03.5138061Z hint: 	git config --global init.defaultBranch <name>
2026-01-19T02:25:03.5138666Z hint:
2026-01-19T02:25:03.5139226Z hint: Names commonly chosen instead of 'master' are 'main', 'trunk' and
2026-01-19T02:25:03.5140173Z hint: 'development'. The just-created branch can be renamed via this command:
2026-01-19T02:25:03.5140959Z hint:
2026-01-19T02:25:03.5141341Z hint: 	git branch -m <name>
2026-01-19T02:25:03.5141817Z hint:
2026-01-19T02:25:03.5142586Z hint: Disable this message with "git config set advice.defaultBranchName false"
2026-01-19T02:25:03.5187693Z Initialized empty Git repository in /home/runner/work/build_qa_automation/build_qa_automation/.git/
2026-01-19T02:25:03.5203029Z [command]/usr/bin/git remote add origin https://github.com/vishvasmca-cmd/build_qa_automation
2026-01-19T02:25:03.5297712Z ##[endgroup]
2026-01-19T02:25:03.5298941Z ##[group]Disabling automatic garbage collection
2026-01-19T02:25:03.5302721Z [command]/usr/bin/git config --local gc.auto 0
2026-01-19T02:25:03.5331478Z ##[endgroup]
2026-01-19T02:25:03.5332934Z ##[group]Setting up auth
2026-01-19T02:25:03.5339364Z [command]/usr/bin/git config --local --name-only --get-regexp core\.sshCommand
2026-01-19T02:25:03.5369683Z [command]/usr/bin/git submodule foreach --recursive sh -c "git config --local --name-only --get-regexp 'core\.sshCommand' && git config --local --unset-all 'core.sshCommand' || :"
2026-01-19T02:25:03.7865871Z [command]/usr/bin/git config --local --name-only --get-regexp http\.https\:\/\/github\.com\/\.extraheader
2026-01-19T02:25:03.7896166Z [command]/usr/bin/git submodule foreach --recursive sh -c "git config --local --name-only --get-regexp 'http\.https\:\/\/github\.com\/\.extraheader' && git config --local --unset-all 'http.https://github.com/.extraheader' || :"
2026-01-19T02:25:03.8116158Z [command]/usr/bin/git config --local --name-only --get-regexp ^includeIf\.gitdir:
2026-01-19T02:25:03.8154154Z [command]/usr/bin/git submodule foreach --recursive git config --local --show-origin --name-only --get-regexp remote.origin.url
2026-01-19T02:25:03.8392536Z [command]/usr/bin/git config --local http.https://github.com/.extraheader AUTHORIZATION: basic ***
2026-01-19T02:25:03.8431038Z ##[endgroup]
2026-01-19T02:25:03.8434184Z ##[group]Fetching the repository
2026-01-19T02:25:03.8443908Z [command]/usr/bin/git -c protocol.version=2 fetch --no-tags --prune --no-recurse-submodules --depth=1 origin +8ae9e7a98960844bdcef67161cbe93442a7431bc:refs/remotes/origin/main
2026-01-19T02:25:05.2531500Z From https://github.com/vishvasmca-cmd/build_qa_automation
2026-01-19T02:25:05.2532629Z  * [new ref]         8ae9e7a98960844bdcef67161cbe93442a7431bc -> origin/main
2026-01-19T02:25:05.4162973Z ##[endgroup]
2026-01-19T02:25:05.4163542Z ##[group]Determining the checkout info
2026-01-19T02:25:05.4164635Z ##[endgroup]
2026-01-19T02:25:05.4169540Z [command]/usr/bin/git sparse-checkout disable
2026-01-19T02:25:05.4256330Z [command]/usr/bin/git config --local --unset-all extensions.worktreeConfig
2026-01-19T02:25:05.4282116Z ##[group]Checking out the ref
2026-01-19T02:25:05.4286350Z [command]/usr/bin/git checkout --progress --force -B main refs/remotes/origin/main
2026-01-19T02:25:05.7016383Z Switched to a new branch 'main'
2026-01-19T02:25:05.7017223Z branch 'main' set up to track 'origin/main'.
2026-01-19T02:25:05.7034108Z ##[endgroup]
2026-01-19T02:25:05.7078561Z [command]/usr/bin/git log -1 --format=%H
2026-01-19T02:25:05.7103301Z 8ae9e7a98960844bdcef67161cbe93442a7431bc
2026-01-19T02:25:05.7331331Z ##[group]Run actions/setup-python@v5
2026-01-19T02:25:05.7331653Z with:
2026-01-19T02:25:05.7331833Z   python-version: 3.11
2026-01-19T02:25:05.7332038Z   cache: pip
2026-01-19T02:25:05.7332210Z   check-latest: false
2026-01-19T02:25:05.7332997Z   token: ***
2026-01-19T02:25:05.7333190Z   update-environment: true
2026-01-19T02:25:05.7333451Z   allow-prereleases: false
2026-01-19T02:25:05.7333665Z   freethreaded: false
2026-01-19T02:25:05.7333856Z ##[endgroup]
2026-01-19T02:25:05.9013166Z ##[group]Installed versions
2026-01-19T02:25:06.2708556Z Successfully set up CPython (3.11.14)
2026-01-19T02:25:06.2709455Z ##[endgroup]
2026-01-19T02:25:06.4255419Z [command]/opt/hostedtoolcache/Python/3.11.14/x64/bin/pip cache dir
2026-01-19T02:25:08.0489713Z /home/runner/.cache/pip
2026-01-19T02:25:08.1901960Z Cache hit for: setup-python-Linux-x64-24.04-Ubuntu-python-3.11.14-pip-dde08d0e0b672972dcda9f1a063036a2e0c226f5d0a20362e9401931676d80a4
2026-01-19T02:25:09.2493795Z Received 226492416 of 254742636 (88.9%), 215.8 MBs/sec
2026-01-19T02:25:09.4052490Z Received 254742636 of 254742636 (100.0%), 209.4 MBs/sec
2026-01-19T02:25:09.4054384Z Cache Size: ~243 MB (254742636 B)
2026-01-19T02:25:09.4092090Z [command]/usr/bin/tar -xf /home/runner/work/_temp/3c9d042e-f43a-4677-98e1-411a160daf50/cache.tzst -P -C /home/runner/work/build_qa_automation/build_qa_automation --use-compress-program unzstd
2026-01-19T02:25:09.8302576Z Cache restored successfully
2026-01-19T02:25:09.8785586Z Cache restored from key: setup-python-Linux-x64-24.04-Ubuntu-python-3.11.14-pip-dde08d0e0b672972dcda9f1a063036a2e0c226f5d0a20362e9401931676d80a4
2026-01-19T02:25:09.9044512Z ##[group]Run pip install -r requirements.txt
2026-01-19T02:25:09.9044913Z [36;1mpip install -r requirements.txt[0m
2026-01-19T02:25:09.9045220Z [36;1mplaywright install chromium[0m
2026-01-19T02:25:09.9082514Z shell: /usr/bin/bash -e {0}
2026-01-19T02:25:09.9082779Z env:
2026-01-19T02:25:09.9083032Z   pythonLocation: /opt/hostedtoolcache/Python/3.11.14/x64
2026-01-19T02:25:09.9083464Z   PKG_CONFIG_PATH: /opt/hostedtoolcache/Python/3.11.14/x64/lib/pkgconfig
2026-01-19T02:25:09.9083890Z   Python_ROOT_DIR: /opt/hostedtoolcache/Python/3.11.14/x64
2026-01-19T02:25:09.9084259Z   Python2_ROOT_DIR: /opt/hostedtoolcache/Python/3.11.14/x64
2026-01-19T02:25:09.9084631Z   Python3_ROOT_DIR: /opt/hostedtoolcache/Python/3.11.14/x64
2026-01-19T02:25:09.9084998Z   LD_LIBRARY_PATH: /opt/hostedtoolcache/Python/3.11.14/x64/lib
2026-01-19T02:25:09.9085303Z ##[endgroup]
2026-01-19T02:25:11.3096742Z Collecting playwright (from -r requirements.txt (line 1))
2026-01-19T02:25:11.3113360Z   Using cached playwright-1.57.0-py3-none-manylinux1_x86_64.whl.metadata (3.5 kB)
2026-01-19T02:25:11.3306807Z Collecting python-dotenv (from -r requirements.txt (line 2))
2026-01-19T02:25:11.3321213Z   Using cached python_dotenv-1.2.1-py3-none-any.whl.metadata (25 kB)
2026-01-19T02:25:11.3615048Z Collecting requests (from -r requirements.txt (line 3))
2026-01-19T02:25:11.3628767Z   Using cached requests-2.32.5-py3-none-any.whl.metadata (4.9 kB)
2026-01-19T02:25:11.5322049Z Collecting pillow (from -r requirements.txt (line 4))
2026-01-19T02:25:11.5338814Z   Using cached pillow-12.1.0-cp311-cp311-manylinux_2_27_x86_64.manylinux_2_28_x86_64.whl.metadata (8.8 kB)
2026-01-19T02:25:11.5617400Z Collecting google-genai>=0.3.0 (from -r requirements.txt (line 5))
2026-01-19T02:25:11.5630618Z   Using cached google_genai-1.59.0-py3-none-any.whl.metadata (53 kB)
2026-01-19T02:25:11.5806829Z Collecting termcolor (from -r requirements.txt (line 6))
2026-01-19T02:25:11.5820995Z   Using cached termcolor-3.3.0-py3-none-any.whl.metadata (6.5 kB)
2026-01-19T02:25:11.6216456Z Collecting PyYAML (from -r requirements.txt (line 7))
2026-01-19T02:25:11.6232661Z   Using cached pyyaml-6.0.3-cp311-cp311-manylinux2014_x86_64.manylinux_2_17_x86_64.manylinux_2_28_x86_64.whl.metadata (2.4 kB)
2026-01-19T02:25:11.6815756Z Collecting opencv-python-headless (from -r requirements.txt (line 8))
2026-01-19T02:25:11.6831660Z   Using cached opencv_python_headless-4.13.0.90-cp37-abi3-manylinux_2_28_x86_64.whl.metadata (19 kB)
2026-01-19T02:25:11.8898153Z Collecting numpy (from -r requirements.txt (line 9))
2026-01-19T02:25:11.8913763Z   Using cached numpy-2.4.1-cp311-cp311-manylinux_2_27_x86_64.manylinux_2_28_x86_64.whl.metadata (6.6 kB)
2026-01-19T02:25:11.9713004Z Collecting faker (from -r requirements.txt (line 10))
2026-01-19T02:25:11.9728143Z   Using cached faker-40.1.2-py3-none-any.whl.metadata (16 kB)
2026-01-19T02:25:11.9910473Z Collecting pyee<14,>=13 (from playwright->-r requirements.txt (line 1))
2026-01-19T02:25:11.9924824Z   Using cached pyee-13.0.0-py3-none-any.whl.metadata (2.9 kB)
2026-01-19T02:25:12.1134712Z Collecting greenlet<4.0.0,>=3.1.1 (from playwright->-r requirements.txt (line 1))
2026-01-19T02:25:12.1150582Z   Using cached greenlet-3.3.0-cp311-cp311-manylinux_2_24_x86_64.manylinux_2_28_x86_64.whl.metadata (4.1 kB)
2026-01-19T02:25:12.1357561Z Collecting typing-extensions (from pyee<14,>=13->playwright->-r requirements.txt (line 1))
2026-01-19T02:25:12.1371036Z   Using cached typing_extensions-4.15.0-py3-none-any.whl.metadata (3.3 kB)
2026-01-19T02:25:12.2206010Z Collecting charset_normalizer<4,>=2 (from requests->-r requirements.txt (line 3))
2026-01-19T02:25:12.2221495Z   Using cached charset_normalizer-3.4.4-cp311-cp311-manylinux2014_x86_64.manylinux_2_17_x86_64.manylinux_2_28_x86_64.whl.metadata (37 kB)
2026-01-19T02:25:12.2408364Z Collecting idna<4,>=2.5 (from requests->-r requirements.txt (line 3))
2026-01-19T02:25:12.2421650Z   Using cached idna-3.11-py3-none-any.whl.metadata (8.4 kB)
2026-01-19T02:25:12.2712564Z Collecting urllib3<3,>=1.21.1 (from requests->-r requirements.txt (line 3))
2026-01-19T02:25:12.2726761Z   Using cached urllib3-2.6.3-py3-none-any.whl.metadata (6.9 kB)
2026-01-19T02:25:12.2967454Z Collecting certifi>=2017.4.17 (from requests->-r requirements.txt (line 3))
2026-01-19T02:25:12.2981503Z   Using cached certifi-2026.1.4-py3-none-any.whl.metadata (2.5 kB)
2026-01-19T02:25:12.3207763Z Collecting anyio<5.0.0,>=4.8.0 (from google-genai>=0.3.0->-r requirements.txt (line 5))
2026-01-19T02:25:12.3221306Z   Using cached anyio-4.12.1-py3-none-any.whl.metadata (4.3 kB)
2026-01-19T02:25:12.3583119Z Collecting google-auth<3.0.0,>=2.47.0 (from google-auth[requests]<3.0.0,>=2.47.0->google-genai>=0.3.0->-r requirements.txt (line 5))
2026-01-19T02:25:12.3597361Z   Using cached google_auth-2.47.0-py3-none-any.whl.metadata (6.4 kB)
2026-01-19T02:25:12.3857809Z Collecting httpx<1.0.0,>=0.28.1 (from google-genai>=0.3.0->-r requirements.txt (line 5))
2026-01-19T02:25:12.3871580Z   Using cached httpx-0.28.1-py3-none-any.whl.metadata (7.1 kB)
2026-01-19T02:25:12.5291155Z Collecting pydantic<3.0.0,>=2.9.0 (from google-genai>=0.3.0->-r requirements.txt (line 5))
2026-01-19T02:25:12.5305686Z   Using cached pydantic-2.12.5-py3-none-any.whl.metadata (90 kB)
2026-01-19T02:25:12.5573137Z Collecting tenacity<9.2.0,>=8.2.3 (from google-genai>=0.3.0->-r requirements.txt (line 5))
2026-01-19T02:25:12.5586471Z   Using cached tenacity-9.1.2-py3-none-any.whl.metadata (1.2 kB)
2026-01-19T02:25:12.6476733Z Collecting websockets<15.1.0,>=13.0.0 (from google-genai>=0.3.0->-r requirements.txt (line 5))
2026-01-19T02:25:12.6492026Z   Using cached websockets-15.0.1-cp311-cp311-manylinux_2_5_x86_64.manylinux1_x86_64.manylinux_2_17_x86_64.manylinux2014_x86_64.whl.metadata (6.8 kB)
2026-01-19T02:25:12.6655240Z Collecting distro<2,>=1.7.0 (from google-genai>=0.3.0->-r requirements.txt (line 5))
2026-01-19T02:25:12.6668048Z   Using cached distro-1.9.0-py3-none-any.whl.metadata (6.8 kB)
2026-01-19T02:25:12.6785755Z Collecting sniffio (from google-genai>=0.3.0->-r requirements.txt (line 5))
2026-01-19T02:25:12.6800219Z   Using cached sniffio-1.3.1-py3-none-any.whl.metadata (3.9 kB)
2026-01-19T02:25:12.7099738Z Collecting pyasn1-modules>=0.2.1 (from google-auth<3.0.0,>=2.47.0->google-auth[requests]<3.0.0,>=2.47.0->google-genai>=0.3.0->-r requirements.txt (line 5))
2026-01-19T02:25:12.7112930Z   Using cached pyasn1_modules-0.4.2-py3-none-any.whl.metadata (3.5 kB)
2026-01-19T02:25:12.7286346Z Collecting rsa<5,>=3.1.4 (from google-auth<3.0.0,>=2.47.0->google-auth[requests]<3.0.0,>=2.47.0->google-genai>=0.3.0->-r requirements.txt (line 5))
2026-01-19T02:25:12.7299086Z   Using cached rsa-4.9.1-py3-none-any.whl.metadata (5.6 kB)
2026-01-19T02:25:12.7589723Z Collecting httpcore==1.* (from httpx<1.0.0,>=0.28.1->google-genai>=0.3.0->-r requirements.txt (line 5))
2026-01-19T02:25:12.7602704Z   Using cached httpcore-1.0.9-py3-none-any.whl.metadata (21 kB)
2026-01-19T02:25:12.7748814Z Collecting h11>=0.16 (from httpcore==1.*->httpx<1.0.0,>=0.28.1->google-genai>=0.3.0->-r requirements.txt (line 5))
2026-01-19T02:25:12.7761537Z   Using cached h11-0.16.0-py3-none-any.whl.metadata (8.3 kB)
2026-01-19T02:25:12.7899124Z Collecting annotated-types>=0.6.0 (from pydantic<3.0.0,>=2.9.0->google-genai>=0.3.0->-r requirements.txt (line 5))
2026-01-19T02:25:12.7912047Z   Using cached annotated_types-0.7.0-py3-none-any.whl.metadata (15 kB)
2026-01-19T02:25:13.4435817Z Collecting pydantic-core==2.41.5 (from pydantic<3.0.0,>=2.9.0->google-genai>=0.3.0->-r requirements.txt (line 5))
2026-01-19T02:25:13.4451379Z   Using cached pydantic_core-2.41.5-cp311-cp311-manylinux_2_17_x86_64.manylinux2014_x86_64.whl.metadata (7.3 kB)
2026-01-19T02:25:13.4608509Z Collecting typing-inspection>=0.4.2 (from pydantic<3.0.0,>=2.9.0->google-genai>=0.3.0->-r requirements.txt (line 5))
2026-01-19T02:25:13.4622026Z   Using cached typing_inspection-0.4.2-py3-none-any.whl.metadata (2.6 kB)
2026-01-19T02:25:13.5327205Z Collecting pyasn1>=0.1.3 (from rsa<5,>=3.1.4->google-auth<3.0.0,>=2.47.0->google-auth[requests]<3.0.0,>=2.47.0->google-genai>=0.3.0->-r requirements.txt (line 5))
2026-01-19T02:25:13.5343226Z   Using cached pyasn1-0.6.2-py3-none-any.whl.metadata (8.4 kB)
2026-01-19T02:25:13.5615527Z Using cached playwright-1.57.0-py3-none-manylinux1_x86_64.whl (46.0 MB)
2026-01-19T02:25:13.5951587Z Using cached greenlet-3.3.0-cp311-cp311-manylinux_2_24_x86_64.manylinux_2_28_x86_64.whl (590 kB)
2026-01-19T02:25:13.5969744Z Using cached pyee-13.0.0-py3-none-any.whl (15 kB)
2026-01-19T02:25:13.5983413Z Using cached python_dotenv-1.2.1-py3-none-any.whl (21 kB)
2026-01-19T02:25:13.5997056Z Using cached requests-2.32.5-py3-none-any.whl (64 kB)
2026-01-19T02:25:13.6010985Z Using cached charset_normalizer-3.4.4-cp311-cp311-manylinux2014_x86_64.manylinux_2_17_x86_64.manylinux_2_28_x86_64.whl (151 kB)
2026-01-19T02:25:13.6024849Z Using cached idna-3.11-py3-none-any.whl (71 kB)
2026-01-19T02:25:13.6038197Z Using cached urllib3-2.6.3-py3-none-any.whl (131 kB)
2026-01-19T02:25:13.6052538Z Using cached pillow-12.1.0-cp311-cp311-manylinux_2_27_x86_64.manylinux_2_28_x86_64.whl (7.0 MB)
2026-01-19T02:25:13.6114733Z Using cached google_genai-1.59.0-py3-none-any.whl (719 kB)
2026-01-19T02:25:13.6132661Z Using cached anyio-4.12.1-py3-none-any.whl (113 kB)
2026-01-19T02:25:13.6147073Z Using cached distro-1.9.0-py3-none-any.whl (20 kB)
2026-01-19T02:25:13.6160627Z Using cached google_auth-2.47.0-py3-none-any.whl (234 kB)
2026-01-19T02:25:13.6175008Z Using cached httpx-0.28.1-py3-none-any.whl (73 kB)
2026-01-19T02:25:13.6188488Z Using cached httpcore-1.0.9-py3-none-any.whl (78 kB)
2026-01-19T02:25:13.6201866Z Using cached pydantic-2.12.5-py3-none-any.whl (463 kB)
2026-01-19T02:25:13.6218652Z Using cached pydantic_core-2.41.5-cp311-cp311-manylinux_2_17_x86_64.manylinux2014_x86_64.whl (2.1 MB)
2026-01-19T02:25:13.6245401Z Using cached rsa-4.9.1-py3-none-any.whl (34 kB)
2026-01-19T02:25:13.6258280Z Using cached tenacity-9.1.2-py3-none-any.whl (28 kB)
2026-01-19T02:25:13.6271235Z Using cached typing_extensions-4.15.0-py3-none-any.whl (44 kB)
2026-01-19T02:25:13.6285412Z Using cached websockets-15.0.1-cp311-cp311-manylinux_2_5_x86_64.manylinux1_x86_64.manylinux_2_17_x86_64.manylinux2014_x86_64.whl (182 kB)
2026-01-19T02:25:13.6299410Z Using cached termcolor-3.3.0-py3-none-any.whl (7.7 kB)
2026-01-19T02:25:13.6313040Z Using cached pyyaml-6.0.3-cp311-cp311-manylinux2014_x86_64.manylinux_2_17_x86_64.manylinux_2_28_x86_64.whl (806 kB)
2026-01-19T02:25:13.6331768Z Using cached opencv_python_headless-4.13.0.90-cp37-abi3-manylinux_2_28_x86_64.whl (62.5 MB)
2026-01-19T02:25:13.6782919Z Using cached numpy-2.4.1-cp311-cp311-manylinux_2_27_x86_64.manylinux_2_28_x86_64.whl (16.7 MB)
2026-01-19T02:25:13.6913836Z Using cached faker-40.1.2-py3-none-any.whl (2.0 MB)
2026-01-19T02:25:13.6942056Z Using cached annotated_types-0.7.0-py3-none-any.whl (13 kB)
2026-01-19T02:25:13.6956465Z Using cached certifi-2026.1.4-py3-none-any.whl (152 kB)
2026-01-19T02:25:13.6971100Z Using cached h11-0.16.0-py3-none-any.whl (37 kB)
2026-01-19T02:25:13.6984462Z Using cached pyasn1-0.6.2-py3-none-any.whl (83 kB)
2026-01-19T02:25:13.6997886Z Using cached pyasn1_modules-0.4.2-py3-none-any.whl (181 kB)
2026-01-19T02:25:13.7012002Z Using cached typing_inspection-0.4.2-py3-none-any.whl (14 kB)
2026-01-19T02:25:13.7025320Z Using cached sniffio-1.3.1-py3-none-any.whl (10 kB)
2026-01-19T02:25:13.9285462Z Installing collected packages: websockets, urllib3, typing-extensions, termcolor, tenacity, sniffio, PyYAML, python-dotenv, pyasn1, pillow, numpy, idna, h11, greenlet, faker, distro, charset_normalizer, certifi, annotated-types, typing-inspection, rsa, requests, pyee, pydantic-core, pyasn1-modules, opencv-python-headless, httpcore, anyio, pydantic, playwright, httpx, google-auth, google-genai
2026-01-19T02:25:20.7490325Z 
2026-01-19T02:25:20.7512159Z Successfully installed PyYAML-6.0.3 annotated-types-0.7.0 anyio-4.12.1 certifi-2026.1.4 charset_normalizer-3.4.4 distro-1.9.0 faker-40.1.2 google-auth-2.47.0 google-genai-1.59.0 greenlet-3.3.0 h11-0.16.0 httpcore-1.0.9 httpx-0.28.1 idna-3.11 numpy-2.4.1 opencv-python-headless-4.13.0.90 pillow-12.1.0 playwright-1.57.0 pyasn1-0.6.2 pyasn1-modules-0.4.2 pydantic-2.12.5 pydantic-core-2.41.5 pyee-13.0.0 python-dotenv-1.2.1 requests-2.32.5 rsa-4.9.1 sniffio-1.3.1 tenacity-9.1.2 termcolor-3.3.0 typing-extensions-4.15.0 typing-inspection-0.4.2 urllib3-2.6.3 websockets-15.0.1
2026-01-19T02:25:21.3553229Z Downloading Chromium 143.0.7499.4 (playwright build v1200) from https://cdn.playwright.dev/dbazure/download/playwright/builds/chromium/1200/chromium-linux.zip
2026-01-19T02:25:21.4504394Z (node:2196) [DEP0169] DeprecationWarning: `url.parse()` behavior is not standardized and prone to errors that have security implications. Use the WHATWG URL API instead. CVEs are not issued for `url.parse()` vulnerabilities.
2026-01-19T02:25:21.4506113Z (Use `node --trace-deprecation ...` to show where the warning was created)
2026-01-19T02:25:21.5299424Z |                                                                                |   0% of 164.7 MiB
2026-01-19T02:25:21.6538451Z |■■■■■■■■                                                                        |  10% of 164.7 MiB
2026-01-19T02:25:21.7235343Z |■■■■■■■■■■■■■■■■                                                                |  20% of 164.7 MiB
2026-01-19T02:25:21.7939419Z |■■■■■■■■■■■■■■■■■■■■■■■■                                                        |  30% of 164.7 MiB
2026-01-19T02:25:21.8605453Z |■■■■■■■■■■■■■■■■■■■■■■■■■■■■■■■■                                                |  40% of 164.7 MiB
2026-01-19T02:25:21.9280492Z |■■■■■■■■■■■■■■■■■■■■■■■■■■■■■■■■■■■■■■■■                                        |  50% of 164.7 MiB
2026-01-19T02:25:21.9888223Z |■■■■■■■■■■■■■■■■■■■■■■■■■■■■■■■■■■■■■■■■■■■■■■■■                                |  60% of 164.7 MiB
2026-01-19T02:25:22.0489132Z |■■■■■■■■■■■■■■■■■■■■■■■■■■■■■■■■■■■■■■■■■■■■■■■■■■■■■■■■                        |  70% of 164.7 MiB
2026-01-19T02:25:22.1162049Z |■■■■■■■■■■■■■■■■■■■■■■■■■■■■■■■■■■■■■■■■■■■■■■■■■■■■■■■■■■■■■■■■                |  80% of 164.7 MiB
2026-01-19T02:25:22.1889362Z |■■■■■■■■■■■■■■■■■■■■■■■■■■■■■■■■■■■■■■■■■■■■■■■■■■■■■■■■■■■■■■■■■■■■■■■■        |  90% of 164.7 MiB
2026-01-19T02:25:22.2427770Z |■■■■■■■■■■■■■■■■■■■■■■■■■■■■■■■■■■■■■■■■■■■■■■■■■■■■■■■■■■■■■■■■■■■■■■■■■■■■■■■■| 100% of 164.7 MiB
2026-01-19T02:25:24.7326707Z Chromium 143.0.7499.4 (playwright build v1200) downloaded to /home/runner/.cache/ms-playwright/chromium-1200
2026-01-19T02:25:24.7330861Z Downloading FFMPEG playwright build v1011 from https://cdn.playwright.dev/dbazure/download/playwright/builds/ffmpeg/1011/ffmpeg-linux.zip
2026-01-19T02:25:24.8311173Z (node:2207) [DEP0169] DeprecationWarning: `url.parse()` behavior is not standardized and prone to errors that have security implications. Use the WHATWG URL API instead. CVEs are not issued for `url.parse()` vulnerabilities.
2026-01-19T02:25:24.8312888Z (Use `node --trace-deprecation ...` to show where the warning was created)
2026-01-19T02:25:24.8868366Z |                                                                                |   0% of 2.3 MiB
2026-01-19T02:25:24.9000949Z |■■■■■■■■                                                                        |  10% of 2.3 MiB
2026-01-19T02:25:24.9037627Z |■■■■■■■■■■■■■■■■                                                                |  20% of 2.3 MiB
2026-01-19T02:25:24.9086462Z |■■■■■■■■■■■■■■■■■■■■■■■■                                                        |  30% of 2.3 MiB
2026-01-19T02:25:24.9109811Z |■■■■■■■■■■■■■■■■■■■■■■■■■■■■■■■■                                                |  40% of 2.3 MiB
2026-01-19T02:25:24.9128937Z |■■■■■■■■■■■■■■■■■■■■■■■■■■■■■■■■■■■■■■■■                                        |  50% of 2.3 MiB
2026-01-19T02:25:24.9178492Z |■■■■■■■■■■■■■■■■■■■■■■■■■■■■■■■■■■■■■■■■■■■■■■■■                                |  60% of 2.3 MiB
2026-01-19T02:25:24.9198445Z |■■■■■■■■■■■■■■■■■■■■■■■■■■■■■■■■■■■■■■■■■■■■■■■■■■■■■■■■                        |  70% of 2.3 MiB
2026-01-19T02:25:24.9213979Z |■■■■■■■■■■■■■■■■■■■■■■■■■■■■■■■■■■■■■■■■■■■■■■■■■■■■■■■■■■■■■■■■                |  80% of 2.3 MiB
2026-01-19T02:25:24.9226629Z |■■■■■■■■■■■■■■■■■■■■■■■■■■■■■■■■■■■■■■■■■■■■■■■■■■■■■■■■■■■■■■■■■■■■■■■■        |  90% of 2.3 MiB
2026-01-19T02:25:24.9240879Z |■■■■■■■■■■■■■■■■■■■■■■■■■■■■■■■■■■■■■■■■■■■■■■■■■■■■■■■■■■■■■■■■■■■■■■■■■■■■■■■■| 100% of 2.3 MiB
2026-01-19T02:25:24.9794667Z FFMPEG playwright build v1011 downloaded to /home/runner/.cache/ms-playwright/ffmpeg-1011
2026-01-19T02:25:24.9798674Z Downloading Chromium Headless Shell 143.0.7499.4 (playwright build v1200) from https://cdn.playwright.dev/dbazure/download/playwright/builds/chromium/1200/chromium-headless-shell-linux.zip
2026-01-19T02:25:25.0764420Z (node:2218) [DEP0169] DeprecationWarning: `url.parse()` behavior is not standardized and prone to errors that have security implications. Use the WHATWG URL API instead. CVEs are not issued for `url.parse()` vulnerabilities.
2026-01-19T02:25:25.0765554Z (Use `node --trace-deprecation ...` to show where the warning was created)
2026-01-19T02:25:25.1475982Z |                                                                                |   0% of 109.7 MiB
2026-01-19T02:25:25.2421163Z |■■■■■■■■                                                                        |  10% of 109.7 MiB
2026-01-19T02:25:25.3018607Z |■■■■■■■■■■■■■■■■                                                                |  20% of 109.7 MiB
2026-01-19T02:25:25.3428816Z |■■■■■■■■■■■■■■■■■■■■■■■■                                                        |  30% of 109.7 MiB
2026-01-19T02:25:25.3959042Z |■■■■■■■■■■■■■■■■■■■■■■■■■■■■■■■■                                                |  40% of 109.7 MiB
2026-01-19T02:25:25.4539512Z |■■■■■■■■■■■■■■■■■■■■■■■■■■■■■■■■■■■■■■■■                                        |  50% of 109.7 MiB
2026-01-19T02:25:25.4982081Z |■■■■■■■■■■■■■■■■■■■■■■■■■■■■■■■■■■■■■■■■■■■■■■■■                                |  60% of 109.7 MiB
2026-01-19T02:25:25.5435349Z |■■■■■■■■■■■■■■■■■■■■■■■■■■■■■■■■■■■■■■■■■■■■■■■■■■■■■■■■                        |  70% of 109.7 MiB
2026-01-19T02:25:25.5790618Z |■■■■■■■■■■■■■■■■■■■■■■■■■■■■■■■■■■■■■■■■■■■■■■■■■■■■■■■■■■■■■■■■                |  80% of 109.7 MiB
2026-01-19T02:25:25.6165488Z |■■■■■■■■■■■■■■■■■■■■■■■■■■■■■■■■■■■■■■■■■■■■■■■■■■■■■■■■■■■■■■■■■■■■■■■■        |  90% of 109.7 MiB
2026-01-19T02:25:25.6525199Z |■■■■■■■■■■■■■■■■■■■■■■■■■■■■■■■■■■■■■■■■■■■■■■■■■■■■■■■■■■■■■■■■■■■■■■■■■■■■■■■■| 100% of 109.7 MiB
2026-01-19T02:25:27.5036414Z Chromium Headless Shell 143.0.7499.4 (playwright build v1200) downloaded to /home/runner/.cache/ms-playwright/chromium_headless_shell-1200
2026-01-19T02:25:27.5290266Z ##[group]Run mkdir -p projects/ci_blazedemo_travel
2026-01-19T02:25:27.5290697Z [36;1mmkdir -p projects/ci_blazedemo_travel[0m
2026-01-19T02:25:27.5291113Z [36;1mcat > projects/ci_blazedemo_travel/config.json << 'EOF'[0m
2026-01-19T02:25:27.5291435Z [36;1m{[0m
2026-01-19T02:25:27.5291651Z [36;1m  "project_name": "ci_blazedemo_travel",[0m
2026-01-19T02:25:27.5291981Z [36;1m  "target_url": "https://blazedemo.com/",[0m
2026-01-19T02:25:27.5292436Z [36;1m  "goal": "Book a flight",[0m
2026-01-19T02:25:27.5292864Z [36;1m  "headless": true[0m
2026-01-19T02:25:27.5293079Z [36;1m}[0m
2026-01-19T02:25:27.5293239Z [36;1mEOF[0m
2026-01-19T02:25:27.5325418Z shell: /usr/bin/bash -e {0}
2026-01-19T02:25:27.5325653Z env:
2026-01-19T02:25:27.5325899Z   pythonLocation: /opt/hostedtoolcache/Python/3.11.14/x64
2026-01-19T02:25:27.5326333Z   PKG_CONFIG_PATH: /opt/hostedtoolcache/Python/3.11.14/x64/lib/pkgconfig
2026-01-19T02:25:27.5326802Z   Python_ROOT_DIR: /opt/hostedtoolcache/Python/3.11.14/x64
2026-01-19T02:25:27.5327176Z   Python2_ROOT_DIR: /opt/hostedtoolcache/Python/3.11.14/x64
2026-01-19T02:25:27.5327535Z   Python3_ROOT_DIR: /opt/hostedtoolcache/Python/3.11.14/x64
2026-01-19T02:25:27.5327909Z   LD_LIBRARY_PATH: /opt/hostedtoolcache/Python/3.11.14/x64/lib
2026-01-19T02:25:27.5328208Z ##[endgroup]
2026-01-19T02:25:27.5436187Z ##[group]Run # Use --deep for comprehensive regression suite
2026-01-19T02:25:27.5436643Z [36;1m# Use --deep for comprehensive regression suite[0m
2026-01-19T02:25:27.5437108Z [36;1mpython orchestrator.py --project projects/ci_blazedemo_travel --deep --force[0m
2026-01-19T02:25:27.5467029Z shell: /usr/bin/bash -e {0}
2026-01-19T02:25:27.5467263Z env:
2026-01-19T02:25:27.5467529Z   pythonLocation: /opt/hostedtoolcache/Python/3.11.14/x64
2026-01-19T02:25:27.5467947Z   PKG_CONFIG_PATH: /opt/hostedtoolcache/Python/3.11.14/x64/lib/pkgconfig
2026-01-19T02:25:27.5468355Z   Python_ROOT_DIR: /opt/hostedtoolcache/Python/3.11.14/x64
2026-01-19T02:25:27.5468712Z   Python2_ROOT_DIR: /opt/hostedtoolcache/Python/3.11.14/x64
2026-01-19T02:25:27.5469080Z   Python3_ROOT_DIR: /opt/hostedtoolcache/Python/3.11.14/x64
2026-01-19T02:25:27.5469649Z   LD_LIBRARY_PATH: /opt/hostedtoolcache/Python/3.11.14/x64/lib
2026-01-19T02:25:27.5470134Z   GOOGLE_API_KEY: ***
2026-01-19T02:25:27.5470366Z   PYTHONPATH: .
2026-01-19T02:25:27.5470666Z ##[endgroup]
2026-01-19T02:25:29.4128368Z 🚀 [DEEP] Extensive mapping enabled (Depth: 3, Pages: 50)
2026-01-19T02:25:29.4128865Z 
2026-01-19T02:25:29.4129464Z 🗺️ [DISCOVERY] Starting Parallel Semantic Crawl on https://blazedemo.com/ (Workers: 3)
2026-01-19T02:25:31.1629194Z   🔍 [Worker 0] Visiting (0): https://blazedemo.com/
2026-01-19T02:25:32.7869979Z [DEBUG] Sending request to gemini-2.0-flash. Number of parts: 1
2026-01-19T02:25:32.7870535Z [DEBUG] Received response (Length: 182)
2026-01-19T02:25:32.7871122Z   🔍 [Worker 1] Visiting (1): https://blazedemo.com/home
2026-01-19T02:25:32.7895218Z   🔍 [Worker 2] Visiting (1): https://blazedemo.com/vacation.html
2026-01-19T02:25:32.7898931Z   🔍 [Worker 0] Visiting (1): https://blazedemo.com/index.php
2026-01-19T02:25:37.8690045Z [CACHE HIT] fd8b1a4c... (hits: 1, misses: 2)
2026-01-19T02:25:37.8690782Z [DEBUG] Sending request to gemini-2.0-flash. Number of parts: 1
2026-01-19T02:25:37.8691522Z [DEBUG] Sending request to gemini-2.0-flash. Number of parts: 1
2026-01-19T02:25:37.8692119Z [DEBUG] Received response (Length: 117)
2026-01-19T02:25:37.8692782Z [DEBUG] Received response (Length: 213)
2026-01-19T02:25:37.8693699Z   🔍 [Worker 0] Visiting (2): https://blazedemo.com/password/reset
2026-01-19T02:25:37.8698653Z   🔍 [Worker 2] Visiting (2): https://blazedemo.com
2026-01-19T02:25:37.8720365Z   🔍 [Worker 1] Visiting (2): https://blazedemo.com/login
2026-01-19T02:25:38.0778912Z [CACHE HIT] fd8b1a4c... (hits: 2, misses: 3)
2026-01-19T02:25:38.0779870Z   🔍 [Worker 2] Visiting (2): https://blazedemo.com/register
2026-01-19T02:25:42.9361372Z [CACHE HIT] 6403e8b6... (hits: 3, misses: 3)
2026-01-19T02:25:42.9362058Z [DEBUG] Sending request to gemini-2.0-flash. Number of parts: 1
2026-01-19T02:25:42.9363002Z [DEBUG] Sending request to gemini-2.0-flash. Number of parts: 1
2026-01-19T02:25:42.9363675Z [DEBUG] Received response (Length: 126)
2026-01-19T02:25:42.9364157Z [DEBUG] Received response (Length: 185)
2026-01-19T02:25:42.9364940Z ✅ Discovery Complete. Mapped 8 pages.
2026-01-19T02:25:56.3028983Z 
2026-01-19T02:25:56.3029942Z [PLAN] PLANNER: Planning goal -> 'Book a flight' (Deep Mode: True)
2026-01-19T02:25:56.3030947Z 🗺️ [PLAN] Loaded Sitemap with 8 pages.
2026-01-19T02:25:56.3032981Z 🎭 [EXPERT] Detected Domain: GENERAL. Persona: Act as Senior SDET focusing on exploring the application to understand functional flow and identifying critical paths for end-to-end automation
2026-01-19T02:25:56.3034295Z [DEBUG] Sending request to gemini-2.0-flash. Number of parts: 1
2026-01-19T02:25:56.3034825Z [DEBUG] Received response (Length: 7015)
2026-01-19T02:25:56.3035477Z ✅ Planner generated 3 scenarios. Workflow updated.
2026-01-19T02:25:57.3731305Z 
2026-01-19T02:25:57.3732149Z 🕵️ [DEEP EXPLORER] Starting Multi-Scenario Exploration
2026-01-19T02:25:57.3733226Z 📋 Found 3 scenarios to explore.
2026-01-19T02:25:57.7376689Z 
2026-01-19T02:25:57.7377450Z [1/3] Exploring Scenario: Book a flight from New York to London
2026-01-19T02:25:57.7380186Z     🧠 Initialized exploration context for goal: 'Book a flight'
2026-01-19T02:25:57.7380904Z   ▶️ [STEP step_1] NAVIGATE: 
2026-01-19T02:26:01.0438243Z     ✅ Navigated to https://blazedemo.com/
2026-01-19T02:26:01.0438816Z   ▶️ [STEP step_2] ASSERT_VISIBLE: BlazeDemo
2026-01-19T02:26:01.0626398Z     🔍 Mining locators for: 'BlazeDemo'
2026-01-19T02:26:01.1001137Z     🧠 Consulting AI (Vision-First) to find 'BlazeDemo'...
2026-01-19T02:26:01.1010996Z     🔍 Trying smart selectors for 'BlazeDemo'...
2026-01-19T02:26:01.1283568Z     ⚠️ Smart selectors failed (no unique match). Falling back to AI Vision...
2026-01-19T02:26:01.1284420Z     ⚠️ Critical step failure: name 'time' is not defined
2026-01-19T02:26:01.1284879Z   ▶️ [STEP step_3] SELECT: fromPort
2026-01-19T02:26:01.1341484Z     🔍 Mining locators for: 'fromPort'
2026-01-19T02:26:01.1651112Z     🧠 Consulting AI (Vision-First) to find 'fromPort'...
2026-01-19T02:26:01.1651739Z     🔍 Trying smart selectors for 'fromPort'...
2026-01-19T02:26:01.1894040Z     ⚠️ Smart selectors failed (no unique match). Falling back to AI Vision...
2026-01-19T02:26:01.1894694Z     ⚠️ Critical step failure: name 'time' is not defined
2026-01-19T02:26:01.1895060Z   ▶️ [STEP step_4] SELECT: toPort
2026-01-19T02:26:01.2291097Z     🔍 Mining locators for: 'toPort'
2026-01-19T02:26:01.2657004Z     🧠 Consulting AI (Vision-First) to find 'toPort'...
2026-01-19T02:26:01.2657637Z     🔍 Trying smart selectors for 'toPort'...
2026-01-19T02:26:01.2895099Z     ⚠️ Smart selectors failed (no unique match). Falling back to AI Vision...
2026-01-19T02:26:01.2895672Z     ⚠️ Critical step failure: name 'time' is not defined
2026-01-19T02:26:01.2896037Z   ▶️ [STEP step_5] CLICK: Find Flights
2026-01-19T02:26:01.2952035Z     🔍 Mining locators for: 'Find Flights'
2026-01-19T02:26:01.3311997Z     🧠 Consulting AI (Vision-First) to find 'Find Flights'...
2026-01-19T02:26:01.3312955Z     🔍 Trying smart selectors for 'Find Flights'...
2026-01-19T02:26:01.3547424Z     ⚠️ Smart selectors failed (no unique match). Falling back to AI Vision...
2026-01-19T02:26:01.3547995Z     ⚠️ Critical step failure: name 'time' is not defined
2026-01-19T02:26:01.3548366Z   ▶️ [STEP step_6] ASSERT_VISIBLE: flights
2026-01-19T02:26:01.3601275Z     🔍 Mining locators for: 'flights'
2026-01-19T02:26:01.3987507Z     🧠 Consulting AI (Vision-First) to find 'flights'...
2026-01-19T02:26:01.3988282Z     🔍 Trying smart selectors for 'flights'...
2026-01-19T02:26:01.4218971Z     ⚠️ Smart selectors failed (no unique match). Falling back to AI Vision...
2026-01-19T02:26:01.4219913Z     ⚠️ Critical step failure: name 'time' is not defined
2026-01-19T02:26:01.4220598Z   ▶️ [STEP step_7] CLICK: Choose This Flight
2026-01-19T02:26:01.4278450Z     🔍 Mining locators for: 'Choose This Flight'
2026-01-19T02:26:01.4653035Z     🧠 Consulting AI (Vision-First) to find 'Choose This Flight'...
2026-01-19T02:26:01.4653616Z     🔍 Trying smart selectors for 'Choose This Flight'...
2026-01-19T02:26:01.4873865Z     ⚠️ Smart selectors failed (no unique match). Falling back to AI Vision...
2026-01-19T02:26:01.4874789Z     ⚠️ Critical step failure: name 'time' is not defined
2026-01-19T02:26:01.4875623Z   ▶️ [STEP step_8] ASSERT_VISIBLE: Please Confirm Your Reservation!
2026-01-19T02:26:01.4925582Z     🔍 Mining locators for: 'Please Confirm Your Reservation!'
2026-01-19T02:26:01.5321222Z     🧠 Consulting AI (Vision-First) to find 'Please Confirm Your Reservation!'...
2026-01-19T02:26:01.5322529Z     🔍 Trying smart selectors for 'Please Confirm Your Reservation!'...
2026-01-19T02:26:01.5539380Z     ⚠️ Smart selectors failed (no unique match). Falling back to AI Vision...
2026-01-19T02:26:01.5540298Z     ⚠️ Critical step failure: name 'time' is not defined
2026-01-19T02:26:01.5540944Z   ▶️ [STEP step_9] FILL: input Name
2026-01-19T02:26:01.5590277Z     🔍 Mining locators for: 'input Name'
2026-01-19T02:26:01.5979603Z     🧠 Consulting AI (Vision-First) to find 'input Name'...
2026-01-19T02:26:01.5980836Z     🔍 Trying smart selectors for 'input Name'...
2026-01-19T02:26:01.6201467Z     ⚠️ Smart selectors failed (no unique match). Falling back to AI Vision...
2026-01-19T02:26:01.6202611Z     ⚠️ Critical step failure: name 'time' is not defined
2026-01-19T02:26:01.6203271Z   ▶️ [STEP step_10] FILL: input address
2026-01-19T02:26:01.6257630Z     🔍 Mining locators for: 'input address'
2026-01-19T02:26:01.6650238Z     🧠 Consulting AI (Vision-First) to find 'input address'...
2026-01-19T02:26:01.6651000Z     🔍 Trying smart selectors for 'input address'...
2026-01-19T02:26:01.6868832Z     ⚠️ Smart selectors failed (no unique match). Falling back to AI Vision...
2026-01-19T02:26:01.6869685Z     ⚠️ Critical step failure: name 'time' is not defined
2026-01-19T02:26:01.6870270Z   ▶️ [STEP step_11] FILL: input city
2026-01-19T02:26:01.6917972Z     🔍 Mining locators for: 'input city'
2026-01-19T02:26:01.7315703Z     🧠 Consulting AI (Vision-First) to find 'input city'...
2026-01-19T02:26:01.7316416Z     🔍 Trying smart selectors for 'input city'...
2026-01-19T02:26:01.7534686Z     ⚠️ Smart selectors failed (no unique match). Falling back to AI Vision...
2026-01-19T02:26:01.7535638Z     ⚠️ Critical step failure: name 'time' is not defined
2026-01-19T02:26:01.7536276Z   ▶️ [STEP step_12] FILL: input state
2026-01-19T02:26:01.7585996Z     🔍 Mining locators for: 'input state'
2026-01-19T02:26:01.7982207Z     🧠 Consulting AI (Vision-First) to find 'input state'...
2026-01-19T02:26:01.7983236Z     🔍 Trying smart selectors for 'input state'...
2026-01-19T02:26:01.8202875Z     ⚠️ Smart selectors failed (no unique match). Falling back to AI Vision...
2026-01-19T02:26:01.8203726Z     ⚠️ Critical step failure: name 'time' is not defined
2026-01-19T02:26:01.8204327Z   ▶️ [STEP step_13] FILL: input zipCode
2026-01-19T02:26:01.8258328Z     🔍 Mining locators for: 'input zipCode'
2026-01-19T02:26:01.8649285Z     🧠 Consulting AI (Vision-First) to find 'input zipCode'...
2026-01-19T02:26:01.8650233Z     🔍 Trying smart selectors for 'input zipCode'...
2026-01-19T02:26:01.8866074Z     ⚠️ Smart selectors failed (no unique match). Falling back to AI Vision...
2026-01-19T02:26:01.8867034Z     ⚠️ Critical step failure: name 'time' is not defined
2026-01-19T02:26:01.8867690Z   ▶️ [STEP step_14] SELECT: creditCardType
2026-01-19T02:26:01.8920223Z     🔍 Mining locators for: 'creditCardType'
2026-01-19T02:26:01.9314524Z     🧠 Consulting AI (Vision-First) to find 'creditCardType'...
2026-01-19T02:26:01.9315363Z     🔍 Trying smart selectors for 'creditCardType'...
2026-01-19T02:26:01.9523628Z     ⚠️ Smart selectors failed (no unique match). Falling back to AI Vision...
2026-01-19T02:26:01.9524334Z     ⚠️ Critical step failure: name 'time' is not defined
2026-01-19T02:26:01.9524734Z   ▶️ [STEP step_15] FILL: creditCardNumber
2026-01-19T02:26:01.9574171Z     🔍 Mining locators for: 'creditCardNumber'
2026-01-19T02:26:01.9981089Z     🧠 Consulting AI (Vision-First) to find 'creditCardNumber'...
2026-01-19T02:26:01.9981895Z     🔍 Trying smart selectors for 'creditCardNumber'...
2026-01-19T02:26:02.0195298Z     ⚠️ Smart selectors failed (no unique match). Falling back to AI Vision...
2026-01-19T02:26:02.0196163Z     ⚠️ Critical step failure: name 'time' is not defined
2026-01-19T02:26:02.0196760Z   ▶️ [STEP step_16] FILL: creditCardMonth
2026-01-19T02:26:02.0254036Z     🔍 Mining locators for: 'creditCardMonth'
2026-01-19T02:26:02.0652590Z     🧠 Consulting AI (Vision-First) to find 'creditCardMonth'...
2026-01-19T02:26:02.0653466Z     🔍 Trying smart selectors for 'creditCardMonth'...
2026-01-19T02:26:02.0873174Z     ⚠️ Smart selectors failed (no unique match). Falling back to AI Vision...
2026-01-19T02:26:02.0874139Z     ⚠️ Critical step failure: name 'time' is not defined
2026-01-19T02:26:02.0874770Z   ▶️ [STEP step_17] FILL: nameOnCard
2026-01-19T02:26:02.0925589Z     🔍 Mining locators for: 'nameOnCard'
2026-01-19T02:26:02.1322549Z     🧠 Consulting AI (Vision-First) to find 'nameOnCard'...
2026-01-19T02:26:02.1323373Z     🔍 Trying smart selectors for 'nameOnCard'...
2026-01-19T02:26:02.1546157Z     ⚠️ Smart selectors failed (no unique match). Falling back to AI Vision...
2026-01-19T02:26:02.1547138Z     ⚠️ Critical step failure: name 'time' is not defined
2026-01-19T02:26:02.1547802Z   ▶️ [STEP step_18] CLICK: Purchase Flight
2026-01-19T02:26:02.1597135Z     🔍 Mining locators for: 'Purchase Flight'
2026-01-19T02:26:02.1983057Z     🧠 Consulting AI (Vision-First) to find 'Purchase Flight'...
2026-01-19T02:26:02.1983864Z     🔍 Trying smart selectors for 'Purchase Flight'...
2026-01-19T02:26:02.2202562Z     ⚠️ Smart selectors failed (no unique match). Falling back to AI Vision...
2026-01-19T02:26:02.2203173Z     ⚠️ Critical step failure: name 'time' is not defined
2026-01-19T02:26:02.2203629Z   ▶️ [STEP step_19] ASSERT_VISIBLE: Thank you for your purchase today!
2026-01-19T02:26:02.2261358Z     🔍 Mining locators for: 'Thank you for your purchase today!'
2026-01-19T02:26:02.2648730Z     🧠 Consulting AI (Vision-First) to find 'Thank you for your purchase today!'...
2026-01-19T02:26:02.2649782Z     🔍 Trying smart selectors for 'Thank you for your purchase today!'...
2026-01-19T02:26:02.2862552Z     ⚠️ Smart selectors failed (no unique match). Falling back to AI Vision...
2026-01-19T02:26:02.2863119Z     ⚠️ Critical step failure: name 'time' is not defined
2026-01-19T02:26:04.3214022Z 
2026-01-19T02:26:04.3215176Z [2/3] Exploring Scenario: Book a flight from Portland to Rome
2026-01-19T02:26:04.3216457Z     🧠 Initialized exploration context for goal: 'Book a flight'
2026-01-19T02:26:04.3218831Z   ▶️ [STEP step_1] NAVIGATE: 
2026-01-19T02:26:05.4380110Z     ✅ Navigated to https://blazedemo.com/
2026-01-19T02:26:05.4380669Z   ▶️ [STEP step_2] ASSERT_VISIBLE: BlazeDemo
2026-01-19T02:26:05.4547872Z     🔍 Mining locators for: 'BlazeDemo'
2026-01-19T02:26:05.4987832Z     🧠 Consulting AI (Vision-First) to find 'BlazeDemo'...
2026-01-19T02:26:05.4988657Z     🔍 Trying smart selectors for 'BlazeDemo'...
2026-01-19T02:26:05.5208687Z     ⚠️ Smart selectors failed (no unique match). Falling back to AI Vision...
2026-01-19T02:26:05.5209723Z     ⚠️ Critical step failure: name 'time' is not defined
2026-01-19T02:26:05.5210362Z   ▶️ [STEP step_3] SELECT: fromPort
2026-01-19T02:26:05.5261260Z     🔍 Mining locators for: 'fromPort'
2026-01-19T02:26:05.5650990Z     🧠 Consulting AI (Vision-First) to find 'fromPort'...
2026-01-19T02:26:05.5651707Z     🔍 Trying smart selectors for 'fromPort'...
2026-01-19T02:26:05.5872881Z     ⚠️ Smart selectors failed (no unique match). Falling back to AI Vision...
2026-01-19T02:26:05.5873451Z     ⚠️ Critical step failure: name 'time' is not defined
2026-01-19T02:26:05.5873827Z   ▶️ [STEP step_4] SELECT: toPort
2026-01-19T02:26:05.5921200Z     🔍 Mining locators for: 'toPort'
2026-01-19T02:26:05.6309946Z     🧠 Consulting AI (Vision-First) to find 'toPort'...
2026-01-19T02:26:05.6310703Z     🔍 Trying smart selectors for 'toPort'...
2026-01-19T02:26:05.6521720Z     ⚠️ Smart selectors failed (no unique match). Falling back to AI Vision...
2026-01-19T02:26:05.6522895Z     ⚠️ Critical step failure: name 'time' is not defined
2026-01-19T02:26:05.6523536Z   ▶️ [STEP step_5] CLICK: Find Flights
2026-01-19T02:26:05.6574524Z     🔍 Mining locators for: 'Find Flights'
2026-01-19T02:26:05.6986512Z     🧠 Consulting AI (Vision-First) to find 'Find Flights'...
2026-01-19T02:26:05.6987338Z     🔍 Trying smart selectors for 'Find Flights'...
2026-01-19T02:26:05.7199515Z     ⚠️ Smart selectors failed (no unique match). Falling back to AI Vision...
2026-01-19T02:26:05.7200460Z     ⚠️ Critical step failure: name 'time' is not defined
2026-01-19T02:26:05.7201125Z   ▶️ [STEP step_6] ASSERT_VISIBLE: flights
2026-01-19T02:26:05.7249171Z     🔍 Mining locators for: 'flights'
2026-01-19T02:26:05.7644997Z     🧠 Consulting AI (Vision-First) to find 'flights'...
2026-01-19T02:26:05.7645767Z     🔍 Trying smart selectors for 'flights'...
2026-01-19T02:26:05.7868289Z     ⚠️ Smart selectors failed (no unique match). Falling back to AI Vision...
2026-01-19T02:26:05.7869177Z     ⚠️ Critical step failure: name 'time' is not defined
2026-01-19T02:26:05.7869589Z   ▶️ [STEP step_7] CLICK: Choose This Flight
2026-01-19T02:26:05.7916382Z     🔍 Mining locators for: 'Choose This Flight'
2026-01-19T02:26:05.8314225Z     🧠 Consulting AI (Vision-First) to find 'Choose This Flight'...
2026-01-19T02:26:05.8315056Z     🔍 Trying smart selectors for 'Choose This Flight'...
2026-01-19T02:26:05.8525039Z     ⚠️ Smart selectors failed (no unique match). Falling back to AI Vision...
2026-01-19T02:26:05.8525855Z     ⚠️ Critical step failure: name 'time' is not defined
2026-01-19T02:26:05.8526343Z   ▶️ [STEP step_8] ASSERT_VISIBLE: Please Confirm Your Reservation!
2026-01-19T02:26:05.8572881Z     🔍 Mining locators for: 'Please Confirm Your Reservation!'
2026-01-19T02:26:05.8981193Z     🧠 Consulting AI (Vision-First) to find 'Please Confirm Your Reservation!'...
2026-01-19T02:26:05.8982220Z     🔍 Trying smart selectors for 'Please Confirm Your Reservation!'...
2026-01-19T02:26:05.9206431Z     ⚠️ Smart selectors failed (no unique match). Falling back to AI Vision...
2026-01-19T02:26:05.9207241Z     ⚠️ Critical step failure: name 'time' is not defined
2026-01-19T02:26:05.9207614Z   ▶️ [STEP step_9] FILL: input Name
2026-01-19T02:26:05.9255290Z     🔍 Mining locators for: 'input Name'
2026-01-19T02:26:05.9646110Z     🧠 Consulting AI (Vision-First) to find 'input Name'...
2026-01-19T02:26:05.9646821Z     🔍 Trying smart selectors for 'input Name'...
2026-01-19T02:26:05.9862797Z     ⚠️ Smart selectors failed (no unique match). Falling back to AI Vision...
2026-01-19T02:26:05.9863678Z     ⚠️ Critical step failure: name 'time' is not defined
2026-01-19T02:26:05.9864277Z   ▶️ [STEP step_10] FILL: input address
2026-01-19T02:26:05.9915417Z     🔍 Mining locators for: 'input address'
2026-01-19T02:26:06.0315095Z     🧠 Consulting AI (Vision-First) to find 'input address'...
2026-01-19T02:26:06.0315866Z     🔍 Trying smart selectors for 'input address'...
2026-01-19T02:26:06.0525443Z     ⚠️ Smart selectors failed (no unique match). Falling back to AI Vision...
2026-01-19T02:26:06.0526358Z     ⚠️ Critical step failure: name 'time' is not defined
2026-01-19T02:26:06.0526997Z   ▶️ [STEP step_11] FILL: input city
2026-01-19T02:26:06.0575225Z     🔍 Mining locators for: 'input city'
2026-01-19T02:26:06.0978866Z     🧠 Consulting AI (Vision-First) to find 'input city'...
2026-01-19T02:26:06.0979590Z     🔍 Trying smart selectors for 'input city'...
2026-01-19T02:26:06.1197670Z     ⚠️ Smart selectors failed (no unique match). Falling back to AI Vision...
2026-01-19T02:26:06.1198236Z     ⚠️ Critical step failure: name 'time' is not defined
2026-01-19T02:26:06.1198602Z   ▶️ [STEP step_12] FILL: input state
2026-01-19T02:26:06.1247010Z     🔍 Mining locators for: 'input state'
2026-01-19T02:26:06.1646790Z     🧠 Consulting AI (Vision-First) to find 'input state'...
2026-01-19T02:26:06.1647571Z     🔍 Trying smart selectors for 'input state'...
2026-01-19T02:26:06.1859570Z     ⚠️ Smart selectors failed (no unique match). Falling back to AI Vision...
2026-01-19T02:26:06.1860174Z     ⚠️ Critical step failure: name 'time' is not defined
2026-01-19T02:26:06.1860531Z   ▶️ [STEP step_13] FILL: input zipCode
2026-01-19T02:26:06.1908086Z     🔍 Mining locators for: 'input zipCode'
2026-01-19T02:26:06.2315613Z     🧠 Consulting AI (Vision-First) to find 'input zipCode'...
2026-01-19T02:26:06.2316386Z     🔍 Trying smart selectors for 'input zipCode'...
2026-01-19T02:26:06.2527077Z     ⚠️ Smart selectors failed (no unique match). Falling back to AI Vision...
2026-01-19T02:26:06.2527796Z     ⚠️ Critical step failure: name 'time' is not defined
2026-01-19T02:26:06.2528171Z   ▶️ [STEP step_14] SELECT: creditCardType
2026-01-19T02:26:06.2577174Z     🔍 Mining locators for: 'creditCardType'
2026-01-19T02:26:06.2982529Z     🧠 Consulting AI (Vision-First) to find 'creditCardType'...
2026-01-19T02:26:06.2983452Z     🔍 Trying smart selectors for 'creditCardType'...
2026-01-19T02:26:06.3190225Z     ⚠️ Smart selectors failed (no unique match). Falling back to AI Vision...
2026-01-19T02:26:06.3191417Z     ⚠️ Critical step failure: name 'time' is not defined
2026-01-19T02:26:06.3192038Z   ▶️ [STEP step_15] FILL: creditCardNumber
2026-01-19T02:26:06.3238079Z     🔍 Mining locators for: 'creditCardNumber'
2026-01-19T02:26:06.3648334Z     🧠 Consulting AI (Vision-First) to find 'creditCardNumber'...
2026-01-19T02:26:06.3649259Z     🔍 Trying smart selectors for 'creditCardNumber'...
2026-01-19T02:26:06.3858776Z     ⚠️ Smart selectors failed (no unique match). Falling back to AI Vision...
2026-01-19T02:26:06.3859607Z     ⚠️ Critical step failure: name 'time' is not defined
2026-01-19T02:26:06.3860213Z   ▶️ [STEP step_16] FILL: creditCardMonth
2026-01-19T02:26:06.3904972Z     🔍 Mining locators for: 'creditCardMonth'
2026-01-19T02:26:06.4315110Z     🧠 Consulting AI (Vision-First) to find 'creditCardMonth'...
2026-01-19T02:26:06.4315948Z     🔍 Trying smart selectors for 'creditCardMonth'...
2026-01-19T02:26:06.4515357Z     ⚠️ Smart selectors failed (no unique match). Falling back to AI Vision...
2026-01-19T02:26:06.4516191Z     ⚠️ Critical step failure: name 'time' is not defined
2026-01-19T02:26:06.4516696Z   ▶️ [STEP step_17] FILL: nameOnCard
2026-01-19T02:26:06.4561363Z     🔍 Mining locators for: 'nameOnCard'
2026-01-19T02:26:06.4979419Z     🧠 Consulting AI (Vision-First) to find 'nameOnCard'...
2026-01-19T02:26:06.4980152Z     🔍 Trying smart selectors for 'nameOnCard'...
2026-01-19T02:26:06.5193494Z     ⚠️ Smart selectors failed (no unique match). Falling back to AI Vision...
2026-01-19T02:26:06.5194434Z     ⚠️ Critical step failure: name 'time' is not defined
2026-01-19T02:26:06.5195100Z   ▶️ [STEP step_18] CLICK: Purchase Flight
2026-01-19T02:26:06.5244266Z     🔍 Mining locators for: 'Purchase Flight'
2026-01-19T02:26:06.5646252Z     🧠 Consulting AI (Vision-First) to find 'Purchase Flight'...
2026-01-19T02:26:06.5647155Z     🔍 Trying smart selectors for 'Purchase Flight'...
2026-01-19T02:26:06.5858886Z     ⚠️ Smart selectors failed (no unique match). Falling back to AI Vision...
2026-01-19T02:26:06.5859855Z     ⚠️ Critical step failure: name 'time' is not defined
2026-01-19T02:26:06.5860684Z   ▶️ [STEP step_19] ASSERT_VISIBLE: Thank you for your purchase today!
2026-01-19T02:26:06.5909214Z     🔍 Mining locators for: 'Thank you for your purchase today!'
2026-01-19T02:26:06.6316007Z     🧠 Consulting AI (Vision-First) to find 'Thank you for your purchase today!'...
2026-01-19T02:26:06.6316867Z     🔍 Trying smart selectors for 'Thank you for your purchase today!'...
2026-01-19T02:26:06.6522063Z     ⚠️ Smart selectors failed (no unique match). Falling back to AI Vision...
2026-01-19T02:26:06.6522977Z     ⚠️ Critical step failure: name 'time' is not defined
2026-01-19T02:26:08.6856833Z 
2026-01-19T02:26:08.6857715Z [3/3] Exploring Scenario: Attempt to book a flight without selecting destination
2026-01-19T02:26:08.6860802Z     🧠 Initialized exploration context for goal: 'Book a flight'
2026-01-19T02:26:08.6861479Z   ▶️ [STEP step_1] NAVIGATE: 
2026-01-19T02:26:11.6464126Z     ✅ Navigated to https://blazedemo.com/
2026-01-19T02:26:11.6464936Z   ▶️ [STEP step_2] ASSERT_VISIBLE: BlazeDemo
2026-01-19T02:26:11.6634408Z     🔍 Mining locators for: 'BlazeDemo'
2026-01-19T02:26:11.6981597Z     🧠 Consulting AI (Vision-First) to find 'BlazeDemo'...
2026-01-19T02:26:11.6982079Z     🔍 Trying smart selectors for 'BlazeDemo'...
2026-01-19T02:26:11.7199524Z     ⚠️ Smart selectors failed (no unique match). Falling back to AI Vision...
2026-01-19T02:26:11.7200468Z     ⚠️ Critical step failure: name 'time' is not defined
2026-01-19T02:26:11.7201110Z   ▶️ [STEP step_3] SELECT: fromPort
2026-01-19T02:26:11.7249919Z     🔍 Mining locators for: 'fromPort'
2026-01-19T02:26:11.7643086Z     🧠 Consulting AI (Vision-First) to find 'fromPort'...
2026-01-19T02:26:11.7643814Z     🔍 Trying smart selectors for 'fromPort'...
2026-01-19T02:26:11.7852908Z     ⚠️ Smart selectors failed (no unique match). Falling back to AI Vision...
2026-01-19T02:26:11.7853496Z     ⚠️ Critical step failure: name 'time' is not defined
2026-01-19T02:26:11.7854142Z   ▶️ [STEP step_4] CLICK: Find Flights
2026-01-19T02:26:11.7902195Z     🔍 Mining locators for: 'Find Flights'
2026-01-19T02:26:11.8316354Z     🧠 Consulting AI (Vision-First) to find 'Find Flights'...
2026-01-19T02:26:11.8316866Z     🔍 Trying smart selectors for 'Find Flights'...
2026-01-19T02:26:11.8528680Z     ⚠️ Smart selectors failed (no unique match). Falling back to AI Vision...
2026-01-19T02:26:11.8529340Z     ⚠️ Critical step failure: name 'time' is not defined
2026-01-19T02:26:11.8529732Z   ▶️ [STEP step_5] ASSERT_VISIBLE: flights
2026-01-19T02:26:11.8574947Z     🔍 Mining locators for: 'flights'
2026-01-19T02:26:11.8980801Z     🧠 Consulting AI (Vision-First) to find 'flights'...
2026-01-19T02:26:11.8981283Z     🔍 Trying smart selectors for 'flights'...
2026-01-19T02:26:11.9187598Z     ⚠️ Smart selectors failed (no unique match). Falling back to AI Vision...
2026-01-19T02:26:11.9188325Z     ⚠️ Critical step failure: name 'time' is not defined
2026-01-19T02:26:13.9514521Z 🗂️  All generated tests written to /home/runner/work/build_qa_automation/build_qa_automation/projects/ci_blazedemo_travel/tests/generated_scenarios.json
2026-01-19T02:26:13.9520145Z 🔄 Updated workflow.json with discovered steps and locators.
2026-01-19T02:26:13.9520531Z 
2026-01-19T02:26:13.9520678Z ✅ Deep Exploration Complete.
2026-01-19T02:28:30.9711300Z 
2026-01-19T02:28:30.9712172Z 🚀 [EXECUTE] Starting Automation Execution Engine
2026-01-19T02:28:30.9713451Z 📍 Project: ci_blazedemo_travel
2026-01-19T02:28:30.9713872Z 🎬 Mode: Headless
2026-01-19T02:28:30.9714084Z 
2026-01-19T02:28:30.9714311Z --- Scenario: Book a flight from New York to London ---
2026-01-19T02:28:30.9714986Z   ▶️ [STEP step_1] NAVIGATE: Step step_1
2026-01-19T02:28:30.9715436Z     ✅ Step step_1 Passed.
2026-01-19T02:28:30.9715730Z   ▶️ [STEP step_2] ASSERT_VISIBLE: BlazeDemo
2026-01-19T02:28:30.9716207Z     ❌ Attempt 1 failed (element_not_found): Locator expected to be visible
2026-01-19T02:28:30.9716562Z Actual value: None
2026-01-19T02:28:30.9716780Z Error: element(s) not found 
2026-01-19T02:28:30.9716989Z Call log:
2026-01-19T02:28:30.9717159Z   - Expect ...
2026-01-19T02:28:30.9717453Z     🔧 [AUTO-HEAL] Re-mining page to find 'BlazeDemo'...
2026-01-19T02:28:30.9717827Z [DEBUG] Sending request to gemini-2.0-flash. Number of parts: 2
2026-01-19T02:28:30.9718164Z [DEBUG] Received response (Length: 861)
2026-01-19T02:28:30.9718524Z     ✨ AI successfully healed the step! Found 3 alternatives.
2026-01-19T02:28:30.9719058Z     ✨ AI successfully healed the step! New selector: body > div.container > form > div > input
2026-01-19T02:28:30.9719506Z     ✅ Step step_2 Passed.
2026-01-19T02:28:30.9719763Z   ▶️ [STEP step_3] SELECT: fromPort
2026-01-19T02:28:30.9720028Z     ✅ Step step_3 Passed.
2026-01-19T02:28:30.9720284Z   ▶️ [STEP step_4] SELECT: toPort
2026-01-19T02:28:30.9720554Z     ✅ Step step_4 Passed.
2026-01-19T02:28:30.9720809Z   ▶️ [STEP step_5] CLICK: Find Flights
2026-01-19T02:28:30.9721078Z     ✅ Step step_5 Passed.
2026-01-19T02:28:30.9721345Z   ▶️ [STEP step_6] ASSERT_VISIBLE: flights
2026-01-19T02:28:30.9721627Z     ✅ Step step_6 Passed.
2026-01-19T02:28:30.9721888Z   ▶️ [STEP step_7] CLICK: Choose This Flight
2026-01-19T02:28:30.9722206Z     ✅ Step step_7 Passed.
2026-01-19T02:28:30.9723026Z   ▶️ [STEP step_8] ASSERT_VISIBLE: Please Confirm Your Reservation!
2026-01-19T02:28:30.9723854Z     ❌ Attempt 1 failed (element_not_found): Locator expected to be visible
2026-01-19T02:28:30.9724474Z Actual value: None
2026-01-19T02:28:30.9724679Z Error: element(s) not found 
2026-01-19T02:28:30.9724889Z Call log:
2026-01-19T02:28:30.9725047Z   - Expect ...
2026-01-19T02:28:30.9725423Z     🔧 [AUTO-HEAL] Re-mining page to find 'Please Confirm Your Reservation!'...
2026-01-19T02:28:30.9725870Z [DEBUG] Sending request to gemini-2.0-flash. Number of parts: 2
2026-01-19T02:28:30.9726542Z [DEBUG] Received response (Length: 460)
2026-01-19T02:28:30.9726900Z     ✨ AI successfully healed the step! Found 2 alternatives.
2026-01-19T02:28:30.9727586Z     ✨ AI successfully healed the step! New selector: body > div > p:nth-child(2)
2026-01-19T02:28:30.9728020Z     ✅ Step step_8 Passed.
2026-01-19T02:28:30.9728289Z   ▶️ [STEP step_9] FILL: input Name
2026-01-19T02:28:30.9728812Z     ❌ Attempt 1 failed (element_not_found): Locator.scroll_into_view_if_needed: Timeout 10000ms exceeded.
2026-01-19T02:28:30.9729254Z Call log:
2026-01-19T02:28:30.9729432Z   - waiting for locator("tex...
2026-01-19T02:28:30.9729754Z     🔧 [AUTO-HEAL] Re-mining page to find 'input Name'...
2026-01-19T02:28:30.9730127Z [DEBUG] Sending request to gemini-2.0-flash. Number of parts: 2
2026-01-19T02:28:30.9730456Z [DEBUG] Received response (Length: 526)
2026-01-19T02:28:30.9730809Z     ✨ AI successfully healed the step! Found 2 alternatives.
2026-01-19T02:28:30.9731255Z     ✨ AI successfully healed the step! New selector: input[name='name']
2026-01-19T02:28:30.9731880Z     ❌ Attempt 2 failed (element_not_found): Locator.scroll_into_view_if_needed: Timeout 10000ms exceeded.
2026-01-19T02:28:30.9732565Z Call log:
2026-01-19T02:28:30.9732871Z   - waiting for locator("inp...
2026-01-19T02:28:30.9733435Z     🔧 [AUTO-HEAL] Re-mining page to find 'input Name'...
2026-01-19T02:28:30.9733949Z [CACHE HIT] 926f0b96... (hits: 1, misses: 3)
2026-01-19T02:28:30.9734575Z     ✨ AI successfully healed the step! Found 2 alternatives.
2026-01-19T02:28:30.9735308Z     ✨ AI successfully healed the step! New selector: input[name='name']
2026-01-19T02:28:30.9736110Z     ❌ Attempt 3 failed (element_not_found): Locator.scroll_into_view_if_needed: Timeout 10000ms exceeded.
2026-01-19T02:28:30.9736552Z Call log:
2026-01-19T02:28:30.9736730Z   - waiting for locator("inp...
2026-01-19T02:28:30.9737012Z     💀 Step step_9 failed after all retries.
2026-01-19T02:28:30.9737457Z 🛑 Scenario 'Book a flight from New York to London' aborted due to step failure.
2026-01-19T02:28:30.9737782Z 
2026-01-19T02:28:30.9737913Z --- Scenario: Book a flight from Portland to Rome ---
2026-01-19T02:28:30.9738263Z   ▶️ [STEP step_1] NAVIGATE: Step step_1
2026-01-19T02:28:30.9738548Z     ✅ Step step_1 Passed.
2026-01-19T02:28:30.9738822Z   ▶️ [STEP step_2] ASSERT_VISIBLE: BlazeDemo
2026-01-19T02:28:30.9739295Z     ❌ Attempt 1 failed (element_not_found): Locator expected to be visible
2026-01-19T02:28:30.9739644Z Actual value: None
2026-01-19T02:28:30.9739838Z Error: element(s) not found 
2026-01-19T02:28:30.9740050Z Call log:
2026-01-19T02:28:30.9740213Z   - Expect ...
2026-01-19T02:28:30.9740496Z     🔧 [AUTO-HEAL] Re-mining page to find 'BlazeDemo'...
2026-01-19T02:28:30.9740811Z [CACHE HIT] a978c796... (hits: 2, misses: 3)
2026-01-19T02:28:30.9741174Z     ✨ AI successfully healed the step! Found 3 alternatives.
2026-01-19T02:28:30.9741693Z     ✨ AI successfully healed the step! New selector: body > div.container > form > div > input
2026-01-19T02:28:30.9742134Z     ✅ Step step_2 Passed.
2026-01-19T02:28:30.9742653Z   ▶️ [STEP step_3] SELECT: fromPort
2026-01-19T02:28:30.9742931Z     ✅ Step step_3 Passed.
2026-01-19T02:28:30.9743187Z   ▶️ [STEP step_4] SELECT: toPort
2026-01-19T02:28:30.9743445Z     ✅ Step step_4 Passed.
2026-01-19T02:28:30.9745353Z   ▶️ [STEP step_5] CLICK: Find Flights
2026-01-19T02:28:30.9745890Z     ✅ Step step_5 Passed.
2026-01-19T02:28:30.9746337Z   ▶️ [STEP step_6] ASSERT_VISIBLE: flights
2026-01-19T02:28:30.9746797Z     ✅ Step step_6 Passed.
2026-01-19T02:28:30.9747245Z   ▶️ [STEP step_7] CLICK: Choose This Flight
2026-01-19T02:28:30.9747722Z     ✅ Step step_7 Passed.
2026-01-19T02:28:30.9748272Z   ▶️ [STEP step_8] ASSERT_VISIBLE: Please Confirm Your Reservation!
2026-01-19T02:28:30.9749007Z     ❌ Attempt 1 failed (element_not_found): Locator expected to be visible
2026-01-19T02:28:30.9749377Z Actual value: None
2026-01-19T02:28:30.9749579Z Error: element(s) not found 
2026-01-19T02:28:30.9749789Z Call log:
2026-01-19T02:28:30.9749957Z   - Expect ...
2026-01-19T02:28:30.9750548Z     🔧 [AUTO-HEAL] Re-mining page to find 'Please Confirm Your Reservation!'...
2026-01-19T02:28:30.9750943Z [CACHE HIT] 93d70882... (hits: 3, misses: 3)
2026-01-19T02:28:30.9751431Z     ✨ AI successfully healed the step! Found 2 alternatives.
2026-01-19T02:28:30.9751931Z     ✨ AI successfully healed the step! New selector: body > div > p:nth-child(2)
2026-01-19T02:28:30.9752689Z     ✅ Step step_8 Passed.
2026-01-19T02:28:30.9752980Z   ▶️ [STEP step_9] FILL: input Name
2026-01-19T02:28:30.9753509Z     ❌ Attempt 1 failed (element_not_found): Locator.scroll_into_view_if_needed: Timeout 10000ms exceeded.
2026-01-19T02:28:30.9753990Z Call log:
2026-01-19T02:28:30.9754172Z   - waiting for locator("tex...
2026-01-19T02:28:30.9754501Z     🔧 [AUTO-HEAL] Re-mining page to find 'input Name'...
2026-01-19T02:28:30.9754816Z [CACHE HIT] 926f0b96... (hits: 4, misses: 3)
2026-01-19T02:28:30.9755174Z     ✨ AI successfully healed the step! Found 2 alternatives.
2026-01-19T02:28:30.9755618Z     ✨ AI successfully healed the step! New selector: input[name='name']
2026-01-19T02:28:30.9756255Z     ❌ Attempt 2 failed (element_not_found): Locator.scroll_into_view_if_needed: Timeout 10000ms exceeded.
2026-01-19T02:28:30.9756695Z Call log:
2026-01-19T02:28:30.9756869Z   - waiting for locator("inp...
2026-01-19T02:28:30.9757209Z     🔧 [AUTO-HEAL] Re-mining page to find 'input Name'...
2026-01-19T02:28:30.9757523Z [CACHE HIT] 926f0b96... (hits: 5, misses: 3)
2026-01-19T02:28:30.9757882Z     ✨ AI successfully healed the step! Found 2 alternatives.
2026-01-19T02:28:30.9758327Z     ✨ AI successfully healed the step! New selector: input[name='name']
2026-01-19T02:28:30.9758927Z     ❌ Attempt 3 failed (element_not_found): Locator.scroll_into_view_if_needed: Timeout 10000ms exceeded.
2026-01-19T02:28:30.9759365Z Call log:
2026-01-19T02:28:30.9759538Z   - waiting for locator("inp...
2026-01-19T02:28:30.9759820Z     💀 Step step_9 failed after all retries.
2026-01-19T02:28:30.9760253Z 🛑 Scenario 'Book a flight from Portland to Rome' aborted due to step failure.
2026-01-19T02:28:30.9760564Z 
2026-01-19T02:28:30.9760751Z --- Scenario: Attempt to book a flight without selecting destination ---
2026-01-19T02:28:30.9761169Z   ▶️ [STEP step_1] NAVIGATE: Step step_1
2026-01-19T02:28:30.9761453Z     ✅ Step step_1 Passed.
2026-01-19T02:28:30.9761717Z   ▶️ [STEP step_2] ASSERT_VISIBLE: BlazeDemo
2026-01-19T02:28:30.9762124Z     ❌ Attempt 1 failed (element_not_found): Locator expected to be visible
2026-01-19T02:28:30.9762697Z Actual value: None
2026-01-19T02:28:30.9762898Z Error: element(s) not found 
2026-01-19T02:28:30.9763110Z Call log:
2026-01-19T02:28:30.9763271Z   - Expect ...
2026-01-19T02:28:30.9763560Z     🔧 [AUTO-HEAL] Re-mining page to find 'BlazeDemo'...
2026-01-19T02:28:30.9763884Z [CACHE HIT] a978c796... (hits: 6, misses: 3)
2026-01-19T02:28:30.9764253Z     ✨ AI successfully healed the step! Found 3 alternatives.
2026-01-19T02:28:30.9764772Z     ✨ AI successfully healed the step! New selector: body > div.container > form > div > input
2026-01-19T02:28:30.9765224Z     ✅ Step step_2 Passed.
2026-01-19T02:28:30.9765482Z   ▶️ [STEP step_3] SELECT: fromPort
2026-01-19T02:28:30.9765755Z     ✅ Step step_3 Passed.
2026-01-19T02:28:30.9766009Z   ▶️ [STEP step_4] CLICK: Find Flights
2026-01-19T02:28:30.9766285Z     ✅ Step step_4 Passed.
2026-01-19T02:28:30.9766553Z   ▶️ [STEP step_5] ASSERT_VISIBLE: flights
2026-01-19T02:28:30.9766832Z     ✅ Step step_5 Passed.
2026-01-19T02:28:30.9767272Z ✅ Scenario 'Attempt to book a flight without selecting destination' completed successfully!
2026-01-19T02:28:30.9767624Z 
2026-01-19T02:28:30.9767728Z ============================================================
2026-01-19T02:28:30.9768026Z 🎯 EXECUTION SUMMARY
2026-01-19T02:28:30.9768242Z ============================================================
2026-01-19T02:28:30.9768431Z 
2026-01-19T02:28:30.9768535Z 📋 Scenario Overview:
2026-01-19T02:28:30.9768779Z    • Total Scenarios Planned: 3
2026-01-19T02:28:30.9769037Z    • Scenarios Executed: 3
2026-01-19T02:28:30.9769455Z    • Total Steps Executed: 23
2026-01-19T02:28:30.9769599Z 
2026-01-19T02:28:30.9769697Z ✅ Results:
2026-01-19T02:28:30.9769890Z    ✅ Passed: 1 (33%)
2026-01-19T02:28:30.9770367Z    ❌ Failed: 2 (66%)
2026-01-19T02:28:30.9770603Z 
2026-01-19T02:28:30.9770808Z ⚠️  Failed Scenarios:
2026-01-19T02:28:30.9771252Z    • Book a flight from New York to London
2026-01-19T02:28:30.9771793Z    • Book a flight from Portland to Rome
2026-01-19T02:28:30.9772109Z 
2026-01-19T02:28:30.9772456Z ============================================================
2026-01-19T02:28:30.9772813Z 
2026-01-19T02:28:30.9773755Z 🏁 Execution Finished. Report: /home/runner/work/build_qa_automation/build_qa_automation/projects/ci_blazedemo_travel/execution.json
2026-01-19T02:28:31.1014537Z 
2026-01-19T02:28:31.1015037Z [PHASE] Running Phase: DISCOVERY
2026-01-19T02:28:31.1017186Z    Command: /opt/hostedtoolcache/Python/3.11.14/x64/bin/python /home/runner/work/build_qa_automation/build_qa_automation/core/agents/discovery.py --project /home/runner/work/build_qa_automation/build_qa_automation/projects/ci_blazedemo_travel --url https://blazedemo.com/ --deep
2026-01-19T02:28:31.1019354Z ✅ Phase 'discovery' completed successfully.
2026-01-19T02:28:31.1019655Z 
2026-01-19T02:28:31.1019790Z [PHASE] Running Phase: PLANNING
2026-01-19T02:28:31.1021581Z    Command: /opt/hostedtoolcache/Python/3.11.14/x64/bin/python /home/runner/work/build_qa_automation/build_qa_automation/core/agents/planner.py --project /home/runner/work/build_qa_automation/build_qa_automation/projects/ci_blazedemo_travel --goal Book a flight --url https://blazedemo.com/ --deep
2026-01-19T02:28:31.1023717Z ✅ Phase 'planning' completed successfully.
2026-01-19T02:28:31.1024011Z 
2026-01-19T02:28:31.1024140Z [PHASE] Running Phase: EXPLORATION
2026-01-19T02:28:31.1025622Z    Command: /opt/hostedtoolcache/Python/3.11.14/x64/bin/python /home/runner/work/build_qa_automation/build_qa_automation/core/agents/deep_explorer.py --project /home/runner/work/build_qa_automation/build_qa_automation/projects/ci_blazedemo_travel
2026-01-19T02:28:31.1027292Z ✅ Phase 'exploration' completed successfully.
2026-01-19T02:28:31.1027854Z 📊 Exploration Discovery Success Rate: 0.0%
2026-01-19T02:28:31.1028573Z ⚠️ Exploration failed to find stable locators for key steps. Execution might fail.
2026-01-19T02:28:31.1029073Z 
2026-01-19T02:28:31.1029204Z [PHASE] Running Phase: EXECUTION
2026-01-19T02:28:31.1030653Z    Command: /opt/hostedtoolcache/Python/3.11.14/x64/bin/python /home/runner/work/build_qa_automation/build_qa_automation/core/agents/executor.py --project /home/runner/work/build_qa_automation/build_qa_automation/projects/ci_blazedemo_travel
2026-01-19T02:28:31.1032227Z ✅ Phase 'execution' completed successfully.
2026-01-19T02:28:31.1032669Z 
2026-01-19T02:28:31.1032813Z [DONE] Pipeline Execution Finished! [DONE]
2026-01-19T02:28:31.2132527Z ##[group]Run RESULT_FILE="projects/ci_blazedemo_travel/execution.json"
2026-01-19T02:28:31.2133054Z [36;1mRESULT_FILE="projects/ci_blazedemo_travel/execution.json"[0m
2026-01-19T02:28:31.2133425Z [36;1mif [ -f "$RESULT_FILE" ]; then[0m
2026-01-19T02:28:31.2133749Z [36;1m  echo "✅ Results generated successfully: $RESULT_FILE"[0m
2026-01-19T02:28:31.2134190Z [36;1m  cat "$RESULT_FILE" | jq '.scenarios | length' || echo "Result file exists"[0m
2026-01-19T02:28:31.2134554Z [36;1melse[0m
2026-01-19T02:28:31.2134779Z [36;1m  echo "❌ No result file found at $RESULT_FILE"[0m
2026-01-19T02:28:31.2135050Z [36;1m  exit 1[0m
2026-01-19T02:28:31.2135221Z [36;1mfi[0m
2026-01-19T02:28:31.2166436Z shell: /usr/bin/bash -e {0}
2026-01-19T02:28:31.2166665Z env:
2026-01-19T02:28:31.2166911Z   pythonLocation: /opt/hostedtoolcache/Python/3.11.14/x64
2026-01-19T02:28:31.2167329Z   PKG_CONFIG_PATH: /opt/hostedtoolcache/Python/3.11.14/x64/lib/pkgconfig
2026-01-19T02:28:31.2167773Z   Python_ROOT_DIR: /opt/hostedtoolcache/Python/3.11.14/x64
2026-01-19T02:28:31.2168147Z   Python2_ROOT_DIR: /opt/hostedtoolcache/Python/3.11.14/x64
2026-01-19T02:28:31.2168518Z   Python3_ROOT_DIR: /opt/hostedtoolcache/Python/3.11.14/x64
2026-01-19T02:28:31.2169059Z   LD_LIBRARY_PATH: /opt/hostedtoolcache/Python/3.11.14/x64/lib
2026-01-19T02:28:31.2169369Z ##[endgroup]
2026-01-19T02:28:31.2220047Z ✅ Results generated successfully: projects/ci_blazedemo_travel/execution.json
2026-01-19T02:28:31.2247014Z 3
2026-01-19T02:28:31.2308639Z ##[group]Run actions/upload-artifact@v4
2026-01-19T02:28:31.2308910Z with:
2026-01-19T02:28:31.2309114Z   name: blazedemo_travel-execution-results
2026-01-19T02:28:31.2309573Z   path: projects/ci_blazedemo_travel/execution.json
projects/ci_blazedemo_travel/workflow.json

2026-01-19T02:28:31.2310021Z   retention-days: 30
2026-01-19T02:28:31.2310221Z   if-no-files-found: warn
2026-01-19T02:28:31.2310470Z   compression-level: 6
2026-01-19T02:28:31.2310666Z   overwrite: false
2026-01-19T02:28:31.2310866Z   include-hidden-files: false
2026-01-19T02:28:31.2311081Z env:
2026-01-19T02:28:31.2311315Z   pythonLocation: /opt/hostedtoolcache/Python/3.11.14/x64
2026-01-19T02:28:31.2311733Z   PKG_CONFIG_PATH: /opt/hostedtoolcache/Python/3.11.14/x64/lib/pkgconfig
2026-01-19T02:28:31.2312143Z   Python_ROOT_DIR: /opt/hostedtoolcache/Python/3.11.14/x64
2026-01-19T02:28:31.2312820Z   Python2_ROOT_DIR: /opt/hostedtoolcache/Python/3.11.14/x64
2026-01-19T02:28:31.2313226Z   Python3_ROOT_DIR: /opt/hostedtoolcache/Python/3.11.14/x64
2026-01-19T02:28:31.2313607Z   LD_LIBRARY_PATH: /opt/hostedtoolcache/Python/3.11.14/x64/lib
2026-01-19T02:28:31.2313914Z ##[endgroup]
2026-01-19T02:28:31.4477752Z Multiple search paths detected. Calculating the least common ancestor of all paths
2026-01-19T02:28:31.4482207Z The least common ancestor is /home/runner/work/build_qa_automation/build_qa_automation/projects/ci_blazedemo_travel. This will be the root directory of the artifact
2026-01-19T02:28:31.4483790Z With the provided path, there will be 2 files uploaded
2026-01-19T02:28:31.4488958Z Artifact name is valid!
2026-01-19T02:28:31.4490348Z Root directory input is valid!
2026-01-19T02:28:31.5373241Z Beginning upload of artifact content to blob storage
2026-01-19T02:28:31.5801730Z Uploaded bytes 1956
2026-01-19T02:28:31.5943858Z Finished uploading artifact content to blob storage!
2026-01-19T02:28:31.5947079Z SHA256 digest of uploaded artifact zip is a0905ab94385faaa32a1cb231f71b121a953b001c6a03bd82fc3ff21edfc4da2
2026-01-19T02:28:31.5948609Z Finalizing artifact upload
2026-01-19T02:28:31.6721537Z Artifact blazedemo_travel-execution-results.zip successfully finalized. Artifact ID 5171778733
2026-01-19T02:28:31.6723233Z Artifact blazedemo_travel-execution-results has been successfully uploaded! Final size is 1956 bytes. Artifact ID is 5171778733
2026-01-19T02:28:31.6729867Z Artifact download URL: https://github.com/vishvasmca-cmd/build_qa_automation/actions/runs/21122730879/artifacts/5171778733
2026-01-19T02:28:31.6882801Z Post job cleanup.
2026-01-19T02:28:31.8416326Z Cache hit occurred on the primary key setup-python-Linux-x64-24.04-Ubuntu-python-3.11.14-pip-dde08d0e0b672972dcda9f1a063036a2e0c226f5d0a20362e9401931676d80a4, not saving cache.
2026-01-19T02:28:31.8536280Z Post job cleanup.
2026-01-19T02:28:31.9490518Z [command]/usr/bin/git version
2026-01-19T02:28:31.9531921Z git version 2.52.0
2026-01-19T02:28:31.9577378Z Temporarily overriding HOME='/home/runner/work/_temp/4f5896d9-4864-4b22-ace7-6f0732c421c9' before making global git config changes
2026-01-19T02:28:31.9578907Z Adding repository directory to the temporary git global config as a safe directory
2026-01-19T02:28:31.9584464Z [command]/usr/bin/git config --global --add safe.directory /home/runner/work/build_qa_automation/build_qa_automation
2026-01-19T02:28:31.9625240Z [command]/usr/bin/git config --local --name-only --get-regexp core\.sshCommand
2026-01-19T02:28:31.9660416Z [command]/usr/bin/git submodule foreach --recursive sh -c "git config --local --name-only --get-regexp 'core\.sshCommand' && git config --local --unset-all 'core.sshCommand' || :"
2026-01-19T02:28:31.9969933Z [command]/usr/bin/git config --local --name-only --get-regexp http\.https\:\/\/github\.com\/\.extraheader
2026-01-19T02:28:31.9995007Z http.https://github.com/.extraheader
2026-01-19T02:28:32.0008226Z [command]/usr/bin/git config --local --unset-all http.https://github.com/.extraheader
2026-01-19T02:28:32.0042757Z [command]/usr/bin/git submodule foreach --recursive sh -c "git config --local --name-only --get-regexp 'http\.https\:\/\/github\.com\/\.extraheader' && git config --local --unset-all 'http.https://github.com/.extraheader' || :"
2026-01-19T02:28:32.0343393Z [command]/usr/bin/git config --local --name-only --get-regexp ^includeIf\.gitdir:
2026-01-19T02:28:32.0346009Z [command]/usr/bin/git submodule foreach --recursive git config --local --show-origin --name-only --get-regexp remote.origin.url
2026-01-19T02:28:32.0678721Z Cleaning up orphan processes
