2026-01-19T03:36:47.1758077Z Current runner version: '2.331.0'
2026-01-19T03:36:47.1781819Z ##[group]Runner Image Provisioner
2026-01-19T03:36:47.1782761Z Hosted Compute Agent
2026-01-19T03:36:47.1783299Z Version: 20251211.462
2026-01-19T03:36:47.1783898Z Commit: 6cbad8c2bb55d58165063d031ccabf57e2d2db61
2026-01-19T03:36:47.1784646Z Build Date: 2025-12-11T16:28:49Z
2026-01-19T03:36:47.1785310Z Worker ID: {c28b0bb3-54d1-45e7-8143-5eca13e0c187}
2026-01-19T03:36:47.1786027Z ##[endgroup]
2026-01-19T03:36:47.1787071Z ##[group]Operating System
2026-01-19T03:36:47.1787656Z Ubuntu
2026-01-19T03:36:47.1788110Z 24.04.3
2026-01-19T03:36:47.1788631Z LTS
2026-01-19T03:36:47.1789102Z ##[endgroup]
2026-01-19T03:36:47.1789600Z ##[group]Runner Image
2026-01-19T03:36:47.1790220Z Image: ubuntu-24.04
2026-01-19T03:36:47.1790909Z Version: 20260111.209.1
2026-01-19T03:36:47.1791913Z Included Software: https://github.com/actions/runner-images/blob/ubuntu24/20260111.209/images/ubuntu/Ubuntu2404-Readme.md
2026-01-19T03:36:47.1793568Z Image Release: https://github.com/actions/runner-images/releases/tag/ubuntu24%2F20260111.209
2026-01-19T03:36:47.1794561Z ##[endgroup]
2026-01-19T03:36:47.1795712Z ##[group]GITHUB_TOKEN Permissions
2026-01-19T03:36:47.1798201Z Contents: read
2026-01-19T03:36:47.1798861Z Metadata: read
2026-01-19T03:36:47.1799351Z Packages: read
2026-01-19T03:36:47.1799860Z ##[endgroup]
2026-01-19T03:36:47.1802305Z Secret source: Actions
2026-01-19T03:36:47.1803027Z Prepare workflow directory
2026-01-19T03:36:47.2752323Z Prepare all required actions
2026-01-19T03:36:47.2789188Z Getting action download info
2026-01-19T03:36:47.5694950Z Download action repository 'actions/checkout@v4' (SHA:34e114876b0b11c390a56381ad16ebd13914f8d5)
2026-01-19T03:36:47.6744537Z Download action repository 'actions/setup-python@v5' (SHA:a26af69be951a213d495a4c3e4e4022e16d87065)
2026-01-19T03:36:47.7632498Z Download action repository 'actions/upload-artifact@v4' (SHA:ea165f8d65b6e75b540449e92b4886f43607fa02)
2026-01-19T03:36:48.1209836Z Complete job name: test-websites-deep (demoblaze_store, https://www.demoblaze.com/, Browse products and test purchas...
2026-01-19T03:36:48.3572593Z ##[group]Run actions/checkout@v4
2026-01-19T03:36:48.3573621Z with:
2026-01-19T03:36:48.3574098Z   repository: vishvasmca-cmd/build_qa_automation
2026-01-19T03:36:48.3574989Z   token: ***
2026-01-19T03:36:48.3575384Z   ssh-strict: true
2026-01-19T03:36:48.3575800Z   ssh-user: git
2026-01-19T03:36:48.3576219Z   persist-credentials: true
2026-01-19T03:36:48.3576703Z   clean: true
2026-01-19T03:36:48.3577116Z   sparse-checkout-cone-mode: true
2026-01-19T03:36:48.3577635Z   fetch-depth: 1
2026-01-19T03:36:48.3578039Z   fetch-tags: false
2026-01-19T03:36:48.3578467Z   show-progress: true
2026-01-19T03:36:48.3578909Z   lfs: false
2026-01-19T03:36:48.3579293Z   submodules: false
2026-01-19T03:36:48.3579743Z   set-safe-directory: true
2026-01-19T03:36:48.3580455Z ##[endgroup]
2026-01-19T03:36:48.4653921Z Syncing repository: vishvasmca-cmd/build_qa_automation
2026-01-19T03:36:48.4655878Z ##[group]Getting Git version info
2026-01-19T03:36:48.4656898Z Working directory is '/home/runner/work/build_qa_automation/build_qa_automation'
2026-01-19T03:36:48.4658116Z [command]/usr/bin/git version
2026-01-19T03:36:48.4733322Z git version 2.52.0
2026-01-19T03:36:48.4759688Z ##[endgroup]
2026-01-19T03:36:48.4774398Z Temporarily overriding HOME='/home/runner/work/_temp/436426d6-a468-4916-acf7-37865d822bc3' before making global git config changes
2026-01-19T03:36:48.4776123Z Adding repository directory to the temporary git global config as a safe directory
2026-01-19T03:36:48.4787951Z [command]/usr/bin/git config --global --add safe.directory /home/runner/work/build_qa_automation/build_qa_automation
2026-01-19T03:36:48.4828781Z Deleting the contents of '/home/runner/work/build_qa_automation/build_qa_automation'
2026-01-19T03:36:48.4832396Z ##[group]Initializing the repository
2026-01-19T03:36:48.4836253Z [command]/usr/bin/git init /home/runner/work/build_qa_automation/build_qa_automation
2026-01-19T03:36:48.4964386Z hint: Using 'master' as the name for the initial branch. This default branch name
2026-01-19T03:36:48.4966407Z hint: will change to "main" in Git 3.0. To configure the initial branch name
2026-01-19T03:36:48.4968363Z hint: to use in all of your new repositories, which will suppress this warning,
2026-01-19T03:36:48.4969772Z hint: call:
2026-01-19T03:36:48.4970382Z hint:
2026-01-19T03:36:48.4971349Z hint: 	git config --global init.defaultBranch <name>
2026-01-19T03:36:48.4972015Z hint:
2026-01-19T03:36:48.4972612Z hint: Names commonly chosen instead of 'master' are 'main', 'trunk' and
2026-01-19T03:36:48.4973621Z hint: 'development'. The just-created branch can be renamed via this command:
2026-01-19T03:36:48.4974402Z hint:
2026-01-19T03:36:48.4975005Z hint: 	git branch -m <name>
2026-01-19T03:36:48.4975749Z hint:
2026-01-19T03:36:48.4976398Z hint: Disable this message with "git config set advice.defaultBranchName false"
2026-01-19T03:36:48.4977677Z Initialized empty Git repository in /home/runner/work/build_qa_automation/build_qa_automation/.git/
2026-01-19T03:36:48.4980986Z [command]/usr/bin/git remote add origin https://github.com/vishvasmca-cmd/build_qa_automation
2026-01-19T03:36:48.5013747Z ##[endgroup]
2026-01-19T03:36:48.5014518Z ##[group]Disabling automatic garbage collection
2026-01-19T03:36:48.5017492Z [command]/usr/bin/git config --local gc.auto 0
2026-01-19T03:36:48.5044986Z ##[endgroup]
2026-01-19T03:36:48.5045708Z ##[group]Setting up auth
2026-01-19T03:36:48.5052015Z [command]/usr/bin/git config --local --name-only --get-regexp core\.sshCommand
2026-01-19T03:36:48.5081314Z [command]/usr/bin/git submodule foreach --recursive sh -c "git config --local --name-only --get-regexp 'core\.sshCommand' && git config --local --unset-all 'core.sshCommand' || :"
2026-01-19T03:36:48.5437997Z [command]/usr/bin/git config --local --name-only --get-regexp http\.https\:\/\/github\.com\/\.extraheader
2026-01-19T03:36:48.5468705Z [command]/usr/bin/git submodule foreach --recursive sh -c "git config --local --name-only --get-regexp 'http\.https\:\/\/github\.com\/\.extraheader' && git config --local --unset-all 'http.https://github.com/.extraheader' || :"
2026-01-19T03:36:48.5687885Z [command]/usr/bin/git config --local --name-only --get-regexp ^includeIf\.gitdir:
2026-01-19T03:36:48.5718726Z [command]/usr/bin/git submodule foreach --recursive git config --local --show-origin --name-only --get-regexp remote.origin.url
2026-01-19T03:36:48.5950987Z [command]/usr/bin/git config --local http.https://github.com/.extraheader AUTHORIZATION: basic ***
2026-01-19T03:36:48.5985783Z ##[endgroup]
2026-01-19T03:36:48.5987163Z ##[group]Fetching the repository
2026-01-19T03:36:48.5996296Z [command]/usr/bin/git -c protocol.version=2 fetch --no-tags --prune --no-recurse-submodules --depth=1 origin +2f305d435d899f67f11ae5adc61ad536fdd999e8:refs/remotes/origin/main
2026-01-19T03:36:49.5597585Z From https://github.com/vishvasmca-cmd/build_qa_automation
2026-01-19T03:36:49.5600253Z  * [new ref]         2f305d435d899f67f11ae5adc61ad536fdd999e8 -> origin/main
2026-01-19T03:36:49.5633942Z ##[endgroup]
2026-01-19T03:36:49.5635942Z ##[group]Determining the checkout info
2026-01-19T03:36:49.5638077Z ##[endgroup]
2026-01-19T03:36:49.5642148Z [command]/usr/bin/git sparse-checkout disable
2026-01-19T03:36:49.5687543Z [command]/usr/bin/git config --local --unset-all extensions.worktreeConfig
2026-01-19T03:36:49.5715760Z ##[group]Checking out the ref
2026-01-19T03:36:49.5719798Z [command]/usr/bin/git checkout --progress --force -B main refs/remotes/origin/main
2026-01-19T03:36:49.7196079Z Switched to a new branch 'main'
2026-01-19T03:36:49.7198006Z branch 'main' set up to track 'origin/main'.
2026-01-19T03:36:49.7220360Z ##[endgroup]
2026-01-19T03:36:49.7265551Z [command]/usr/bin/git log -1 --format=%H
2026-01-19T03:36:49.7291892Z 2f305d435d899f67f11ae5adc61ad536fdd999e8
2026-01-19T03:36:49.8964239Z ##[group]Run actions/setup-python@v5
2026-01-19T03:36:49.8965339Z with:
2026-01-19T03:36:49.8966081Z   python-version: 3.11
2026-01-19T03:36:49.8966938Z   cache: pip
2026-01-19T03:36:49.8968089Z   check-latest: false
2026-01-19T03:36:49.8969325Z   token: ***
2026-01-19T03:36:49.8970130Z   update-environment: true
2026-01-19T03:36:49.8971253Z   allow-prereleases: false
2026-01-19T03:36:49.8972217Z   freethreaded: false
2026-01-19T03:36:49.8973060Z ##[endgroup]
2026-01-19T03:36:50.0703459Z ##[group]Installed versions
2026-01-19T03:36:50.0820430Z Successfully set up CPython (3.11.14)
2026-01-19T03:36:50.0823380Z ##[endgroup]
2026-01-19T03:36:50.2011173Z [command]/opt/hostedtoolcache/Python/3.11.14/x64/bin/pip cache dir
2026-01-19T03:36:50.5289800Z /home/runner/.cache/pip
2026-01-19T03:36:50.6365601Z Cache hit for: setup-python-Linux-x64-24.04-Ubuntu-python-3.11.14-pip-dde08d0e0b672972dcda9f1a063036a2e0c226f5d0a20362e9401931676d80a4
2026-01-19T03:36:51.6956622Z Received 218103808 of 254742636 (85.6%), 207.4 MBs/sec
2026-01-19T03:36:51.8691106Z Received 254742636 of 254742636 (100.0%), 206.4 MBs/sec
2026-01-19T03:36:51.8692438Z Cache Size: ~243 MB (254742636 B)
2026-01-19T03:36:51.8736132Z [command]/usr/bin/tar -xf /home/runner/work/_temp/f3eb3909-fc7a-4cb4-856e-32ba4cade81c/cache.tzst -P -C /home/runner/work/build_qa_automation/build_qa_automation --use-compress-program unzstd
2026-01-19T03:36:52.2694835Z Cache restored successfully
2026-01-19T03:36:52.3177948Z Cache restored from key: setup-python-Linux-x64-24.04-Ubuntu-python-3.11.14-pip-dde08d0e0b672972dcda9f1a063036a2e0c226f5d0a20362e9401931676d80a4
2026-01-19T03:36:52.3447006Z ##[group]Run pip install -r requirements.txt
2026-01-19T03:36:52.3447641Z [36;1mpip install -r requirements.txt[0m
2026-01-19T03:36:52.3448032Z [36;1mplaywright install chromium[0m
2026-01-19T03:36:52.3487598Z shell: /usr/bin/bash -e {0}
2026-01-19T03:36:52.3487927Z env:
2026-01-19T03:36:52.3488387Z   pythonLocation: /opt/hostedtoolcache/Python/3.11.14/x64
2026-01-19T03:36:52.3488997Z   PKG_CONFIG_PATH: /opt/hostedtoolcache/Python/3.11.14/x64/lib/pkgconfig
2026-01-19T03:36:52.3489504Z   Python_ROOT_DIR: /opt/hostedtoolcache/Python/3.11.14/x64
2026-01-19T03:36:52.3490041Z   Python2_ROOT_DIR: /opt/hostedtoolcache/Python/3.11.14/x64
2026-01-19T03:36:52.3490468Z   Python3_ROOT_DIR: /opt/hostedtoolcache/Python/3.11.14/x64
2026-01-19T03:36:52.3491114Z   LD_LIBRARY_PATH: /opt/hostedtoolcache/Python/3.11.14/x64/lib
2026-01-19T03:36:52.3491586Z ##[endgroup]
2026-01-19T03:36:53.3428740Z Collecting playwright (from -r requirements.txt (line 1))
2026-01-19T03:36:53.3446742Z   Using cached playwright-1.57.0-py3-none-manylinux1_x86_64.whl.metadata (3.5 kB)
2026-01-19T03:36:53.3638328Z Collecting python-dotenv (from -r requirements.txt (line 2))
2026-01-19T03:36:53.3654444Z   Using cached python_dotenv-1.2.1-py3-none-any.whl.metadata (25 kB)
2026-01-19T03:36:53.3952220Z Collecting requests (from -r requirements.txt (line 3))
2026-01-19T03:36:53.3972739Z   Using cached requests-2.32.5-py3-none-any.whl.metadata (4.9 kB)
2026-01-19T03:36:53.5679146Z Collecting pillow (from -r requirements.txt (line 4))
2026-01-19T03:36:53.5696503Z   Using cached pillow-12.1.0-cp311-cp311-manylinux_2_27_x86_64.manylinux_2_28_x86_64.whl.metadata (8.8 kB)
2026-01-19T03:36:53.5986183Z Collecting google-genai>=0.3.0 (from -r requirements.txt (line 5))
2026-01-19T03:36:53.6001471Z   Using cached google_genai-1.59.0-py3-none-any.whl.metadata (53 kB)
2026-01-19T03:36:53.6215641Z Collecting termcolor (from -r requirements.txt (line 6))
2026-01-19T03:36:53.6230553Z   Using cached termcolor-3.3.0-py3-none-any.whl.metadata (6.5 kB)
2026-01-19T03:36:53.6607192Z Collecting PyYAML (from -r requirements.txt (line 7))
2026-01-19T03:36:53.6623229Z   Using cached pyyaml-6.0.3-cp311-cp311-manylinux2014_x86_64.manylinux_2_17_x86_64.manylinux_2_28_x86_64.whl.metadata (2.4 kB)
2026-01-19T03:36:53.7213485Z Collecting opencv-python-headless (from -r requirements.txt (line 8))
2026-01-19T03:36:53.7228230Z   Using cached opencv_python_headless-4.13.0.90-cp37-abi3-manylinux_2_28_x86_64.whl.metadata (19 kB)
2026-01-19T03:36:53.9216375Z Collecting numpy (from -r requirements.txt (line 9))
2026-01-19T03:36:53.9232004Z   Using cached numpy-2.4.1-cp311-cp311-manylinux_2_27_x86_64.manylinux_2_28_x86_64.whl.metadata (6.6 kB)
2026-01-19T03:36:54.0093909Z Collecting faker (from -r requirements.txt (line 10))
2026-01-19T03:36:54.0107603Z   Using cached faker-40.1.2-py3-none-any.whl.metadata (16 kB)
2026-01-19T03:36:54.0283183Z Collecting pyee<14,>=13 (from playwright->-r requirements.txt (line 1))
2026-01-19T03:36:54.0296451Z   Using cached pyee-13.0.0-py3-none-any.whl.metadata (2.9 kB)
2026-01-19T03:36:54.1490483Z Collecting greenlet<4.0.0,>=3.1.1 (from playwright->-r requirements.txt (line 1))
2026-01-19T03:36:54.1506522Z   Using cached greenlet-3.3.0-cp311-cp311-manylinux_2_24_x86_64.manylinux_2_28_x86_64.whl.metadata (4.1 kB)
2026-01-19T03:36:54.1706567Z Collecting typing-extensions (from pyee<14,>=13->playwright->-r requirements.txt (line 1))
2026-01-19T03:36:54.1720137Z   Using cached typing_extensions-4.15.0-py3-none-any.whl.metadata (3.3 kB)
2026-01-19T03:36:54.2529888Z Collecting charset_normalizer<4,>=2 (from requests->-r requirements.txt (line 3))
2026-01-19T03:36:54.2545895Z   Using cached charset_normalizer-3.4.4-cp311-cp311-manylinux2014_x86_64.manylinux_2_17_x86_64.manylinux_2_28_x86_64.whl.metadata (37 kB)
2026-01-19T03:36:54.2728669Z Collecting idna<4,>=2.5 (from requests->-r requirements.txt (line 3))
2026-01-19T03:36:54.2742280Z   Using cached idna-3.11-py3-none-any.whl.metadata (8.4 kB)
2026-01-19T03:36:54.3044960Z Collecting urllib3<3,>=1.21.1 (from requests->-r requirements.txt (line 3))
2026-01-19T03:36:54.3064352Z   Using cached urllib3-2.6.3-py3-none-any.whl.metadata (6.9 kB)
2026-01-19T03:36:54.3296083Z Collecting certifi>=2017.4.17 (from requests->-r requirements.txt (line 3))
2026-01-19T03:36:54.3309764Z   Using cached certifi-2026.1.4-py3-none-any.whl.metadata (2.5 kB)
2026-01-19T03:36:54.3534590Z Collecting anyio<5.0.0,>=4.8.0 (from google-genai>=0.3.0->-r requirements.txt (line 5))
2026-01-19T03:36:54.3547830Z   Using cached anyio-4.12.1-py3-none-any.whl.metadata (4.3 kB)
2026-01-19T03:36:54.3942541Z Collecting google-auth<3.0.0,>=2.47.0 (from google-auth[requests]<3.0.0,>=2.47.0->google-genai>=0.3.0->-r requirements.txt (line 5))
2026-01-19T03:36:54.3955558Z   Using cached google_auth-2.47.0-py3-none-any.whl.metadata (6.4 kB)
2026-01-19T03:36:54.4229197Z Collecting httpx<1.0.0,>=0.28.1 (from google-genai>=0.3.0->-r requirements.txt (line 5))
2026-01-19T03:36:54.4242852Z   Using cached httpx-0.28.1-py3-none-any.whl.metadata (7.1 kB)
2026-01-19T03:36:54.5648465Z Collecting pydantic<3.0.0,>=2.9.0 (from google-genai>=0.3.0->-r requirements.txt (line 5))
2026-01-19T03:36:54.5664139Z   Using cached pydantic-2.12.5-py3-none-any.whl.metadata (90 kB)
2026-01-19T03:36:54.5976183Z Collecting tenacity<9.2.0,>=8.2.3 (from google-genai>=0.3.0->-r requirements.txt (line 5))
2026-01-19T03:36:54.5989684Z   Using cached tenacity-9.1.2-py3-none-any.whl.metadata (1.2 kB)
2026-01-19T03:36:54.6848097Z Collecting websockets<15.1.0,>=13.0.0 (from google-genai>=0.3.0->-r requirements.txt (line 5))
2026-01-19T03:36:54.6863471Z   Using cached websockets-15.0.1-cp311-cp311-manylinux_2_5_x86_64.manylinux1_x86_64.manylinux_2_17_x86_64.manylinux2014_x86_64.whl.metadata (6.8 kB)
2026-01-19T03:36:54.7034116Z Collecting distro<2,>=1.7.0 (from google-genai>=0.3.0->-r requirements.txt (line 5))
2026-01-19T03:36:54.7047171Z   Using cached distro-1.9.0-py3-none-any.whl.metadata (6.8 kB)
2026-01-19T03:36:54.7163634Z Collecting sniffio (from google-genai>=0.3.0->-r requirements.txt (line 5))
2026-01-19T03:36:54.7176534Z   Using cached sniffio-1.3.1-py3-none-any.whl.metadata (3.9 kB)
2026-01-19T03:36:54.7473858Z Collecting pyasn1-modules>=0.2.1 (from google-auth<3.0.0,>=2.47.0->google-auth[requests]<3.0.0,>=2.47.0->google-genai>=0.3.0->-r requirements.txt (line 5))
2026-01-19T03:36:54.7486443Z   Using cached pyasn1_modules-0.4.2-py3-none-any.whl.metadata (3.5 kB)
2026-01-19T03:36:54.7671321Z Collecting rsa<5,>=3.1.4 (from google-auth<3.0.0,>=2.47.0->google-auth[requests]<3.0.0,>=2.47.0->google-genai>=0.3.0->-r requirements.txt (line 5))
2026-01-19T03:36:54.7683761Z   Using cached rsa-4.9.1-py3-none-any.whl.metadata (5.6 kB)
2026-01-19T03:36:54.7997183Z Collecting httpcore==1.* (from httpx<1.0.0,>=0.28.1->google-genai>=0.3.0->-r requirements.txt (line 5))
2026-01-19T03:36:54.8010112Z   Using cached httpcore-1.0.9-py3-none-any.whl.metadata (21 kB)
2026-01-19T03:36:54.8152227Z Collecting h11>=0.16 (from httpcore==1.*->httpx<1.0.0,>=0.28.1->google-genai>=0.3.0->-r requirements.txt (line 5))
2026-01-19T03:36:54.8164703Z   Using cached h11-0.16.0-py3-none-any.whl.metadata (8.3 kB)
2026-01-19T03:36:54.8293574Z Collecting annotated-types>=0.6.0 (from pydantic<3.0.0,>=2.9.0->google-genai>=0.3.0->-r requirements.txt (line 5))
2026-01-19T03:36:54.8306535Z   Using cached annotated_types-0.7.0-py3-none-any.whl.metadata (15 kB)
2026-01-19T03:36:55.4843772Z Collecting pydantic-core==2.41.5 (from pydantic<3.0.0,>=2.9.0->google-genai>=0.3.0->-r requirements.txt (line 5))
2026-01-19T03:36:55.4859839Z   Using cached pydantic_core-2.41.5-cp311-cp311-manylinux_2_17_x86_64.manylinux2014_x86_64.whl.metadata (7.3 kB)
2026-01-19T03:36:55.5010044Z Collecting typing-inspection>=0.4.2 (from pydantic<3.0.0,>=2.9.0->google-genai>=0.3.0->-r requirements.txt (line 5))
2026-01-19T03:36:55.5023923Z   Using cached typing_inspection-0.4.2-py3-none-any.whl.metadata (2.6 kB)
2026-01-19T03:36:55.5687563Z Collecting pyasn1>=0.1.3 (from rsa<5,>=3.1.4->google-auth<3.0.0,>=2.47.0->google-auth[requests]<3.0.0,>=2.47.0->google-genai>=0.3.0->-r requirements.txt (line 5))
2026-01-19T03:36:55.5703112Z   Using cached pyasn1-0.6.2-py3-none-any.whl.metadata (8.4 kB)
2026-01-19T03:36:55.5955568Z Using cached playwright-1.57.0-py3-none-manylinux1_x86_64.whl (46.0 MB)
2026-01-19T03:36:55.6291992Z Using cached greenlet-3.3.0-cp311-cp311-manylinux_2_24_x86_64.manylinux_2_28_x86_64.whl (590 kB)
2026-01-19T03:36:55.6310189Z Using cached pyee-13.0.0-py3-none-any.whl (15 kB)
2026-01-19T03:36:55.6323952Z Using cached python_dotenv-1.2.1-py3-none-any.whl (21 kB)
2026-01-19T03:36:55.6337243Z Using cached requests-2.32.5-py3-none-any.whl (64 kB)
2026-01-19T03:36:55.6351352Z Using cached charset_normalizer-3.4.4-cp311-cp311-manylinux2014_x86_64.manylinux_2_17_x86_64.manylinux_2_28_x86_64.whl (151 kB)
2026-01-19T03:36:55.6365136Z Using cached idna-3.11-py3-none-any.whl (71 kB)
2026-01-19T03:36:55.6378408Z Using cached urllib3-2.6.3-py3-none-any.whl (131 kB)
2026-01-19T03:36:55.6392699Z Using cached pillow-12.1.0-cp311-cp311-manylinux_2_27_x86_64.manylinux_2_28_x86_64.whl (7.0 MB)
2026-01-19T03:36:55.6454093Z Using cached google_genai-1.59.0-py3-none-any.whl (719 kB)
2026-01-19T03:36:55.6471786Z Using cached anyio-4.12.1-py3-none-any.whl (113 kB)
2026-01-19T03:36:55.6485461Z Using cached distro-1.9.0-py3-none-any.whl (20 kB)
2026-01-19T03:36:55.6498569Z Using cached google_auth-2.47.0-py3-none-any.whl (234 kB)
2026-01-19T03:36:55.6513263Z Using cached httpx-0.28.1-py3-none-any.whl (73 kB)
2026-01-19T03:36:55.6526497Z Using cached httpcore-1.0.9-py3-none-any.whl (78 kB)
2026-01-19T03:36:55.6540063Z Using cached pydantic-2.12.5-py3-none-any.whl (463 kB)
2026-01-19T03:36:55.6556724Z Using cached pydantic_core-2.41.5-cp311-cp311-manylinux_2_17_x86_64.manylinux2014_x86_64.whl (2.1 MB)
2026-01-19T03:36:55.6583397Z Using cached rsa-4.9.1-py3-none-any.whl (34 kB)
2026-01-19T03:36:55.6596394Z Using cached tenacity-9.1.2-py3-none-any.whl (28 kB)
2026-01-19T03:36:55.6609416Z Using cached typing_extensions-4.15.0-py3-none-any.whl (44 kB)
2026-01-19T03:36:55.6623430Z Using cached websockets-15.0.1-cp311-cp311-manylinux_2_5_x86_64.manylinux1_x86_64.manylinux_2_17_x86_64.manylinux2014_x86_64.whl (182 kB)
2026-01-19T03:36:55.6637195Z Using cached termcolor-3.3.0-py3-none-any.whl (7.7 kB)
2026-01-19T03:36:55.6652937Z Using cached pyyaml-6.0.3-cp311-cp311-manylinux2014_x86_64.manylinux_2_17_x86_64.manylinux_2_28_x86_64.whl (806 kB)
2026-01-19T03:36:55.6671465Z Using cached opencv_python_headless-4.13.0.90-cp37-abi3-manylinux_2_28_x86_64.whl (62.5 MB)
2026-01-19T03:36:55.7122914Z Using cached numpy-2.4.1-cp311-cp311-manylinux_2_27_x86_64.manylinux_2_28_x86_64.whl (16.7 MB)
2026-01-19T03:36:55.7251905Z Using cached faker-40.1.2-py3-none-any.whl (2.0 MB)
2026-01-19T03:36:55.7279276Z Using cached annotated_types-0.7.0-py3-none-any.whl (13 kB)
2026-01-19T03:36:55.7292726Z Using cached certifi-2026.1.4-py3-none-any.whl (152 kB)
2026-01-19T03:36:55.7306770Z Using cached h11-0.16.0-py3-none-any.whl (37 kB)
2026-01-19T03:36:55.7320128Z Using cached pyasn1-0.6.2-py3-none-any.whl (83 kB)
2026-01-19T03:36:55.7333749Z Using cached pyasn1_modules-0.4.2-py3-none-any.whl (181 kB)
2026-01-19T03:36:55.7347893Z Using cached typing_inspection-0.4.2-py3-none-any.whl (14 kB)
2026-01-19T03:36:55.7360962Z Using cached sniffio-1.3.1-py3-none-any.whl (10 kB)
2026-01-19T03:36:55.9378646Z Installing collected packages: websockets, urllib3, typing-extensions, termcolor, tenacity, sniffio, PyYAML, python-dotenv, pyasn1, pillow, numpy, idna, h11, greenlet, faker, distro, charset_normalizer, certifi, annotated-types, typing-inspection, rsa, requests, pyee, pydantic-core, pyasn1-modules, opencv-python-headless, httpcore, anyio, pydantic, playwright, httpx, google-auth, google-genai
2026-01-19T03:37:02.6795289Z 
2026-01-19T03:37:02.6820057Z Successfully installed PyYAML-6.0.3 annotated-types-0.7.0 anyio-4.12.1 certifi-2026.1.4 charset_normalizer-3.4.4 distro-1.9.0 faker-40.1.2 google-auth-2.47.0 google-genai-1.59.0 greenlet-3.3.0 h11-0.16.0 httpcore-1.0.9 httpx-0.28.1 idna-3.11 numpy-2.4.1 opencv-python-headless-4.13.0.90 pillow-12.1.0 playwright-1.57.0 pyasn1-0.6.2 pyasn1-modules-0.4.2 pydantic-2.12.5 pydantic-core-2.41.5 pyee-13.0.0 python-dotenv-1.2.1 requests-2.32.5 rsa-4.9.1 sniffio-1.3.1 tenacity-9.1.2 termcolor-3.3.0 typing-extensions-4.15.0 typing-inspection-0.4.2 urllib3-2.6.3 websockets-15.0.1
2026-01-19T03:37:03.2952489Z Downloading Chromium 143.0.7499.4 (playwright build v1200) from https://cdn.playwright.dev/dbazure/download/playwright/builds/chromium/1200/chromium-linux.zip
2026-01-19T03:37:03.3957818Z (node:2188) [DEP0169] DeprecationWarning: `url.parse()` behavior is not standardized and prone to errors that have security implications. Use the WHATWG URL API instead. CVEs are not issued for `url.parse()` vulnerabilities.
2026-01-19T03:37:03.3958995Z (Use `node --trace-deprecation ...` to show where the warning was created)
2026-01-19T03:37:03.4770442Z |                                                                                |   0% of 164.7 MiB
2026-01-19T03:37:03.6157115Z |■■■■■■■■                                                                        |  10% of 164.7 MiB
2026-01-19T03:37:03.7019838Z |■■■■■■■■■■■■■■■■                                                                |  20% of 164.7 MiB
2026-01-19T03:37:03.7885214Z |■■■■■■■■■■■■■■■■■■■■■■■■                                                        |  30% of 164.7 MiB
2026-01-19T03:37:03.8555639Z |■■■■■■■■■■■■■■■■■■■■■■■■■■■■■■■■                                                |  40% of 164.7 MiB
2026-01-19T03:37:03.9333594Z |■■■■■■■■■■■■■■■■■■■■■■■■■■■■■■■■■■■■■■■■                                        |  50% of 164.7 MiB
2026-01-19T03:37:04.0003292Z |■■■■■■■■■■■■■■■■■■■■■■■■■■■■■■■■■■■■■■■■■■■■■■■■                                |  60% of 164.7 MiB
2026-01-19T03:37:04.0550923Z |■■■■■■■■■■■■■■■■■■■■■■■■■■■■■■■■■■■■■■■■■■■■■■■■■■■■■■■■                        |  70% of 164.7 MiB
2026-01-19T03:37:04.1226434Z |■■■■■■■■■■■■■■■■■■■■■■■■■■■■■■■■■■■■■■■■■■■■■■■■■■■■■■■■■■■■■■■■                |  80% of 164.7 MiB
2026-01-19T03:37:04.1985478Z |■■■■■■■■■■■■■■■■■■■■■■■■■■■■■■■■■■■■■■■■■■■■■■■■■■■■■■■■■■■■■■■■■■■■■■■■        |  90% of 164.7 MiB
2026-01-19T03:37:04.2663502Z |■■■■■■■■■■■■■■■■■■■■■■■■■■■■■■■■■■■■■■■■■■■■■■■■■■■■■■■■■■■■■■■■■■■■■■■■■■■■■■■■| 100% of 164.7 MiB
2026-01-19T03:37:06.8460779Z Chromium 143.0.7499.4 (playwright build v1200) downloaded to /home/runner/.cache/ms-playwright/chromium-1200
2026-01-19T03:37:06.8465133Z Downloading FFMPEG playwright build v1011 from https://cdn.playwright.dev/dbazure/download/playwright/builds/ffmpeg/1011/ffmpeg-linux.zip
2026-01-19T03:37:06.9512505Z (node:2199) [DEP0169] DeprecationWarning: `url.parse()` behavior is not standardized and prone to errors that have security implications. Use the WHATWG URL API instead. CVEs are not issued for `url.parse()` vulnerabilities.
2026-01-19T03:37:06.9513956Z (Use `node --trace-deprecation ...` to show where the warning was created)
2026-01-19T03:37:07.1079789Z |                                                                                |   0% of 2.3 MiB
2026-01-19T03:37:07.1315688Z |■■■■■■■■                                                                        |  10% of 2.3 MiB
2026-01-19T03:37:07.1409397Z |■■■■■■■■■■■■■■■■                                                                |  20% of 2.3 MiB
2026-01-19T03:37:07.1476909Z |■■■■■■■■■■■■■■■■■■■■■■■■                                                        |  30% of 2.3 MiB
2026-01-19T03:37:07.1524284Z |■■■■■■■■■■■■■■■■■■■■■■■■■■■■■■■■                                                |  40% of 2.3 MiB
2026-01-19T03:37:07.1556201Z |■■■■■■■■■■■■■■■■■■■■■■■■■■■■■■■■■■■■■■■■                                        |  50% of 2.3 MiB
2026-01-19T03:37:07.1590044Z |■■■■■■■■■■■■■■■■■■■■■■■■■■■■■■■■■■■■■■■■■■■■■■■■                                |  60% of 2.3 MiB
2026-01-19T03:37:07.1612232Z |■■■■■■■■■■■■■■■■■■■■■■■■■■■■■■■■■■■■■■■■■■■■■■■■■■■■■■■■                        |  70% of 2.3 MiB
2026-01-19T03:37:07.1634423Z |■■■■■■■■■■■■■■■■■■■■■■■■■■■■■■■■■■■■■■■■■■■■■■■■■■■■■■■■■■■■■■■■                |  80% of 2.3 MiB
2026-01-19T03:37:07.1654331Z |■■■■■■■■■■■■■■■■■■■■■■■■■■■■■■■■■■■■■■■■■■■■■■■■■■■■■■■■■■■■■■■■■■■■■■■■        |  90% of 2.3 MiB
2026-01-19T03:37:07.1686250Z |■■■■■■■■■■■■■■■■■■■■■■■■■■■■■■■■■■■■■■■■■■■■■■■■■■■■■■■■■■■■■■■■■■■■■■■■■■■■■■■■| 100% of 2.3 MiB
2026-01-19T03:37:07.2275021Z FFMPEG playwright build v1011 downloaded to /home/runner/.cache/ms-playwright/ffmpeg-1011
2026-01-19T03:37:07.2278885Z Downloading Chromium Headless Shell 143.0.7499.4 (playwright build v1200) from https://cdn.playwright.dev/dbazure/download/playwright/builds/chromium/1200/chromium-headless-shell-linux.zip
2026-01-19T03:37:07.3279502Z (node:2210) [DEP0169] DeprecationWarning: `url.parse()` behavior is not standardized and prone to errors that have security implications. Use the WHATWG URL API instead. CVEs are not issued for `url.parse()` vulnerabilities.
2026-01-19T03:37:07.3281002Z (Use `node --trace-deprecation ...` to show where the warning was created)
2026-01-19T03:37:07.3959988Z |                                                                                |   0% of 109.7 MiB
2026-01-19T03:37:07.5016777Z |■■■■■■■■                                                                        |  10% of 109.7 MiB
2026-01-19T03:37:07.5593125Z |■■■■■■■■■■■■■■■■                                                                |  20% of 109.7 MiB
2026-01-19T03:37:07.6036837Z |■■■■■■■■■■■■■■■■■■■■■■■■                                                        |  30% of 109.7 MiB
2026-01-19T03:37:07.6594868Z |■■■■■■■■■■■■■■■■■■■■■■■■■■■■■■■■                                                |  40% of 109.7 MiB
2026-01-19T03:37:07.7136091Z |■■■■■■■■■■■■■■■■■■■■■■■■■■■■■■■■■■■■■■■■                                        |  50% of 109.7 MiB
2026-01-19T03:37:07.7607086Z |■■■■■■■■■■■■■■■■■■■■■■■■■■■■■■■■■■■■■■■■■■■■■■■■                                |  60% of 109.7 MiB
2026-01-19T03:37:07.8087504Z |■■■■■■■■■■■■■■■■■■■■■■■■■■■■■■■■■■■■■■■■■■■■■■■■■■■■■■■■                        |  70% of 109.7 MiB
2026-01-19T03:37:07.8567404Z |■■■■■■■■■■■■■■■■■■■■■■■■■■■■■■■■■■■■■■■■■■■■■■■■■■■■■■■■■■■■■■■■                |  80% of 109.7 MiB
2026-01-19T03:37:07.9049525Z |■■■■■■■■■■■■■■■■■■■■■■■■■■■■■■■■■■■■■■■■■■■■■■■■■■■■■■■■■■■■■■■■■■■■■■■■        |  90% of 109.7 MiB
2026-01-19T03:37:07.9501367Z |■■■■■■■■■■■■■■■■■■■■■■■■■■■■■■■■■■■■■■■■■■■■■■■■■■■■■■■■■■■■■■■■■■■■■■■■■■■■■■■■| 100% of 109.7 MiB
2026-01-19T03:37:09.8155049Z Chromium Headless Shell 143.0.7499.4 (playwright build v1200) downloaded to /home/runner/.cache/ms-playwright/chromium_headless_shell-1200
2026-01-19T03:37:09.8475380Z ##[group]Run mkdir -p projects/ci_demoblaze_store
2026-01-19T03:37:09.8475794Z [36;1mmkdir -p projects/ci_demoblaze_store[0m
2026-01-19T03:37:09.8476194Z [36;1mcat > projects/ci_demoblaze_store/config.json << 'EOF'[0m
2026-01-19T03:37:09.8476501Z [36;1m{[0m
2026-01-19T03:37:09.8476711Z [36;1m  "project_name": "ci_demoblaze_store",[0m
2026-01-19T03:37:09.8477060Z [36;1m  "target_url": "https://www.demoblaze.com/",[0m
2026-01-19T03:37:09.8477436Z [36;1m  "goal": "Browse products and test purchase flow",[0m
2026-01-19T03:37:09.8477744Z [36;1m  "headless": true[0m
2026-01-19T03:37:09.8477949Z [36;1m}[0m
2026-01-19T03:37:09.8478117Z [36;1mEOF[0m
2026-01-19T03:37:09.8510178Z shell: /usr/bin/bash -e {0}
2026-01-19T03:37:09.8510415Z env:
2026-01-19T03:37:09.8510854Z   pythonLocation: /opt/hostedtoolcache/Python/3.11.14/x64
2026-01-19T03:37:09.8511287Z   PKG_CONFIG_PATH: /opt/hostedtoolcache/Python/3.11.14/x64/lib/pkgconfig
2026-01-19T03:37:09.8511734Z   Python_ROOT_DIR: /opt/hostedtoolcache/Python/3.11.14/x64
2026-01-19T03:37:09.8512100Z   Python2_ROOT_DIR: /opt/hostedtoolcache/Python/3.11.14/x64
2026-01-19T03:37:09.8512456Z   Python3_ROOT_DIR: /opt/hostedtoolcache/Python/3.11.14/x64
2026-01-19T03:37:09.8512824Z   LD_LIBRARY_PATH: /opt/hostedtoolcache/Python/3.11.14/x64/lib
2026-01-19T03:37:09.8513128Z ##[endgroup]
2026-01-19T03:37:09.8672896Z ##[group]Run # Use --deep for comprehensive regression suite
2026-01-19T03:37:09.8673348Z [36;1m# Use --deep for comprehensive regression suite[0m
2026-01-19T03:37:09.8673800Z [36;1mpython orchestrator.py --project projects/ci_demoblaze_store --deep --force[0m
2026-01-19T03:37:09.8703046Z shell: /usr/bin/bash -e {0}
2026-01-19T03:37:09.8703284Z env:
2026-01-19T03:37:09.8703535Z   pythonLocation: /opt/hostedtoolcache/Python/3.11.14/x64
2026-01-19T03:37:09.8703971Z   PKG_CONFIG_PATH: /opt/hostedtoolcache/Python/3.11.14/x64/lib/pkgconfig
2026-01-19T03:37:09.8704381Z   Python_ROOT_DIR: /opt/hostedtoolcache/Python/3.11.14/x64
2026-01-19T03:37:09.8704740Z   Python2_ROOT_DIR: /opt/hostedtoolcache/Python/3.11.14/x64
2026-01-19T03:37:09.8705097Z   Python3_ROOT_DIR: /opt/hostedtoolcache/Python/3.11.14/x64
2026-01-19T03:37:09.8705650Z   LD_LIBRARY_PATH: /opt/hostedtoolcache/Python/3.11.14/x64/lib
2026-01-19T03:37:09.8706282Z   GOOGLE_API_KEY: ***
2026-01-19T03:37:09.8706533Z   PYTHONPATH: .
2026-01-19T03:37:09.8706720Z ##[endgroup]
2026-01-19T03:37:11.5916009Z 🚀 [DEEP] Extensive mapping enabled (Depth: 3, Pages: 50)
2026-01-19T03:37:11.5916487Z 
2026-01-19T03:37:11.5917169Z 🗺️ [DISCOVERY] Starting Parallel Semantic Crawl on https://www.demoblaze.com/ (Workers: 3)
2026-01-19T03:37:13.5025545Z   🔍 [Worker 0] Visiting (0): https://www.demoblaze.com/
2026-01-19T03:37:14.5887488Z [DEBUG] Sending request to gemini-2.0-flash. Number of parts: 1
2026-01-19T03:37:14.5888135Z [DEBUG] Received response (Length: 231)
2026-01-19T03:37:14.5888981Z   🔍 [Worker 1] Visiting (1): https://www.demoblaze.com
2026-01-19T03:37:14.5894724Z   🔍 [Worker 2] Visiting (1): https://www.demoblaze.com/cart.html
2026-01-19T03:37:14.5911804Z   🔍 [Worker 0] Visiting (1): https://www.demoblaze.com/index.html
2026-01-19T03:37:19.6251154Z [CACHE HIT] 8ee35b98... (hits: 1, misses: 1)
2026-01-19T03:37:19.6251753Z [CACHE HIT] 8ee35b98... (hits: 2, misses: 2)
2026-01-19T03:37:19.6252440Z [DEBUG] Sending request to gemini-2.0-flash. Number of parts: 1
2026-01-19T03:37:19.6253075Z [DEBUG] Received response (Length: 234)
2026-01-19T03:37:19.6253873Z ✅ Discovery Complete. Mapped 4 pages.
2026-01-19T03:37:33.1180925Z 
2026-01-19T03:37:33.1181503Z [PLAN] PLANNER: Planning goal -> 'Browse products and test purchase flow' (Deep Mode: True)
2026-01-19T03:37:33.1182263Z 🗺️ [PLAN] Loaded Sitemap with 4 pages.
2026-01-19T03:37:33.1183042Z 🎭 [EXPERT] Detected Domain: ECOMMERCE. Persona: Act as a Senior SDET focusing on e-commerce flow automation and conversion funnel reliability
2026-01-19T03:37:33.1183793Z [DEBUG] Sending request to gemini-2.0-flash. Number of parts: 1
2026-01-19T03:37:33.1184171Z [DEBUG] Received response (Length: 5763)
2026-01-19T03:37:33.1184543Z ✅ Planner generated 3 scenarios. Workflow updated.
2026-01-19T03:37:34.1642463Z 
2026-01-19T03:37:34.1643452Z 🕵️ [DEEP EXPLORER] Starting Multi-Scenario Exploration
2026-01-19T03:37:34.1644189Z 📋 Found 3 scenarios to explore.
2026-01-19T03:37:34.5290425Z 
2026-01-19T03:37:34.5291153Z [1/3] Exploring Scenario: Browse and Purchase Flow
2026-01-19T03:37:34.5292325Z     🧠 Initialized exploration context for goal: 'Browse products and test purchase flow'
2026-01-19T03:37:34.5292929Z   ▶️ [STEP step_1] NAVIGATE: 
2026-01-19T03:37:35.2666092Z     ✅ Navigated to https://www.demoblaze.com/
2026-01-19T03:37:35.2666660Z   ▶️ [STEP step_2] ASSERT_URL: 
2026-01-19T03:37:40.8029097Z     ⚠️ Scroll into view failed for text=None. Proceeding anyway.
2026-01-19T03:37:42.8052512Z     ✅ State transitioned.
2026-01-19T03:37:44.4786535Z [DEBUG] Sending request to gemini-2.0-flash. Number of parts: 2
2026-01-19T03:37:44.4787141Z [DEBUG] Received response (Length: 196)
2026-01-19T03:37:44.4787946Z     🤖 AI Next Step Suggestion: click -> Samsung galaxy s6
2026-01-19T03:37:44.4790814Z     💭 Reasoning: To browse products and test purchase flow, I will select the first available product.
2026-01-19T03:37:44.4791837Z     ➕ Injected AI step: click -> Samsung galaxy s6
2026-01-19T03:37:44.4792629Z   ▶️ [STEP step_2_ai_1] CLICK: Samsung galaxy s6
2026-01-19T03:37:44.4860882Z     🔍 Mining locators for: 'Samsung galaxy s6'
2026-01-19T03:37:44.5732574Z     ✅ Found 4 verified locators
2026-01-19T03:37:48.1448918Z     ✅ State transitioned.
2026-01-19T03:37:49.7599390Z [DEBUG] Sending request to gemini-2.0-flash. Number of parts: 2
2026-01-19T03:37:49.7600080Z [DEBUG] Received response (Length: 259)
2026-01-19T03:37:49.7601147Z     🤖 AI Next Step Suggestion: click -> Add to cart
2026-01-19T03:37:49.7602630Z     💭 Reasoning: The goal is to browse products and test the purchase flow. The current page is a product page, so the next logical step is to add the product to the cart.
2026-01-19T03:37:49.7603905Z     ➕ Injected AI step: click -> Add to cart
2026-01-19T03:37:49.7604441Z   ▶️ [STEP step_2_ai_2] CLICK: Add to cart
2026-01-19T03:37:49.7755930Z     🔍 Mining locators for: 'Add to cart'
2026-01-19T03:37:49.8329174Z     ✅ Found 2 verified locators
2026-01-19T03:37:53.3921893Z     ✅ State transitioned.
2026-01-19T03:37:54.6693882Z [DEBUG] Sending request to gemini-2.0-flash. Number of parts: 2
2026-01-19T03:37:54.6694522Z [DEBUG] Received response (Length: 188)
2026-01-19T03:37:54.6695270Z     🤖 AI Next Step Suggestion: click -> Cart
2026-01-19T03:37:54.6695792Z     🧩 Suggested Locator: #cartur
2026-01-19T03:37:54.6696742Z     💭 Reasoning: The product has been added to the cart. Now proceed to view the cart to initiate the checkout process.
2026-01-19T03:37:54.6697643Z     ➕ Injected AI step: click -> Cart
2026-01-19T03:37:54.6698131Z   ▶️ [STEP step_2_ai_3] CLICK: Cart
2026-01-19T03:37:54.6756752Z     🎯 Using AI-provided locator: #cartur
2026-01-19T03:37:54.6818042Z     ✅ Found 1 verified locators
2026-01-19T03:37:58.7395510Z     ✅ State transitioned.
2026-01-19T03:38:00.2331336Z [DEBUG] Sending request to gemini-2.0-flash. Number of parts: 2
2026-01-19T03:38:00.2332237Z [DEBUG] Received response (Length: 207)
2026-01-19T03:38:00.2332922Z     🤖 AI Next Step Suggestion: click -> Place Order
2026-01-19T03:38:00.2333430Z     🧩 Suggested Locator: button:contains('Place Order')
2026-01-19T03:38:00.2334037Z     💭 Reasoning: The Samsung Galaxy S6 is in the cart. The next step is to place the order.
2026-01-19T03:38:00.2334586Z     ➕ Injected AI step: click -> Place Order
2026-01-19T03:38:00.2334956Z   ▶️ [STEP step_2_ai_4] CLICK: Place Order
2026-01-19T03:38:00.2477447Z     🎯 Using AI-provided locator: button:contains('Place Order')
2026-01-19T03:38:00.2515007Z     🔍 Mining locators for: 'Place Order'
2026-01-19T03:38:00.2981524Z     ✅ Found 2 verified locators
2026-01-19T03:38:03.8759668Z     ✅ State transitioned.
2026-01-19T03:38:05.2615761Z [DEBUG] Sending request to gemini-2.0-flash. Number of parts: 2
2026-01-19T03:38:05.2616629Z [DEBUG] Received response (Length: 215)
2026-01-19T03:38:05.2617659Z     🤖 AI Next Step Suggestion: fill -> Name:
2026-01-19T03:38:05.2618411Z     🧩 Suggested Locator: input[id='name']
2026-01-19T03:38:05.2619945Z     💭 Reasoning: The 'Place Order' form is open and requires filling. Filling the name field is the next logical step.
2026-01-19T03:38:05.2621697Z     ➕ Injected AI step: fill -> Name:
2026-01-19T03:38:05.2622403Z   ▶️ [STEP step_2_ai_5] FILL: Name:
2026-01-19T03:38:05.2685463Z     🎯 Using AI-provided locator: input[id='name']
2026-01-19T03:38:05.2751267Z     ✅ Found 1 verified locators
2026-01-19T03:38:10.6545399Z     ✅ State transitioned.
2026-01-19T03:38:12.0971112Z [DEBUG] Sending request to gemini-2.0-flash. Number of parts: 2
2026-01-19T03:38:12.0971806Z [DEBUG] Received response (Length: 161)
2026-01-19T03:38:12.0972641Z     🤖 AI Next Step Suggestion: fill -> Country:
2026-01-19T03:38:12.0973213Z     🧩 Suggested Locator: #country
2026-01-19T03:38:12.0973964Z     💭 Reasoning: Need to fill out the country field in the order form.
2026-01-19T03:38:12.0974779Z     ➕ Injected AI step: fill -> Country:
2026-01-19T03:38:12.0975369Z   ▶️ [STEP step_2_ai_6] FILL: Country:
2026-01-19T03:38:12.1035747Z     🎯 Using AI-provided locator: #country
2026-01-19T03:38:12.1095387Z     ✅ Found 1 verified locators
2026-01-19T03:38:17.5867119Z     ✅ State transitioned.
2026-01-19T03:38:18.8388629Z [DEBUG] Sending request to gemini-2.0-flash. Number of parts: 2
2026-01-19T03:38:18.8389192Z [DEBUG] Received response (Length: 159)
2026-01-19T03:38:18.8389874Z     🤖 AI Next Step Suggestion: fill -> City:
2026-01-19T03:38:18.8390214Z     🧩 Suggested Locator: input[id='city']
2026-01-19T03:38:18.8390579Z     💭 Reasoning: Filling the city field in the order form.
2026-01-19T03:38:18.8391112Z     ➕ Injected AI step: fill -> City:
2026-01-19T03:38:18.8391420Z   ▶️ [STEP step_2_ai_7] FILL: City:
2026-01-19T03:38:18.8449602Z     🎯 Using AI-provided locator: input[id='city']
2026-01-19T03:38:18.8510160Z     ✅ Found 1 verified locators
2026-01-19T03:38:24.8960287Z     ✅ State transitioned.
2026-01-19T03:38:26.4437095Z [DEBUG] Sending request to gemini-2.0-flash. Number of parts: 2
2026-01-19T03:38:26.4437949Z [DEBUG] Received response (Length: 176)
2026-01-19T03:38:26.4438988Z     🤖 AI Next Step Suggestion: fill -> Credit card:
2026-01-19T03:38:26.4439696Z     🧩 Suggested Locator: #card
2026-01-19T03:38:26.4441052Z     💭 Reasoning: Filling the credit card field to complete the purchase form.
2026-01-19T03:38:26.4442050Z     ➕ Injected AI step: fill -> Credit card:
2026-01-19T03:38:26.4442760Z   ▶️ [STEP step_2_ai_8] FILL: Credit card:
2026-01-19T03:38:26.4503140Z     🎯 Using AI-provided locator: #card
2026-01-19T03:38:26.4565649Z     ✅ Found 1 verified locators
2026-01-19T03:38:32.5134154Z     ✅ State transitioned.
2026-01-19T03:38:34.1452985Z [DEBUG] Sending request to gemini-2.0-flash. Number of parts: 2
2026-01-19T03:38:34.1453828Z [DEBUG] Received response (Length: 157)
2026-01-19T03:38:34.1454774Z     🤖 AI Next Step Suggestion: fill -> Month:
2026-01-19T03:38:34.1455532Z     🧩 Suggested Locator: input[id='month']
2026-01-19T03:38:34.1456382Z     💭 Reasoning: Need to fill the month for the credit card.
2026-01-19T03:38:34.1457174Z     ➕ Injected AI step: fill -> Month:
2026-01-19T03:38:34.1457843Z   ▶️ [STEP step_2_ai_9] FILL: Month:
2026-01-19T03:38:34.1518933Z     🎯 Using AI-provided locator: input[id='month']
2026-01-19T03:38:34.1578310Z     ✅ Found 1 verified locators
2026-01-19T03:38:39.4543391Z     ✅ State transitioned.
2026-01-19T03:38:40.9745456Z [DEBUG] Sending request to gemini-2.0-flash. Number of parts: 2
2026-01-19T03:38:40.9746092Z [DEBUG] Received response (Length: 219)
2026-01-19T03:38:40.9746839Z     🤖 AI Next Step Suggestion: fill -> Year:
2026-01-19T03:38:40.9747371Z     🧩 Suggested Locator: input#year
2026-01-19T03:38:40.9748415Z     💭 Reasoning: The 'Year' field is the only remaining unfilled field in the 'Place order' form. Filling it completes the form.
2026-01-19T03:38:40.9749374Z     ➕ Injected AI step: fill -> Year:
2026-01-19T03:38:40.9749935Z   ▶️ [STEP step_2_ai_10] FILL: Year:
2026-01-19T03:38:40.9804374Z     🎯 Using AI-provided locator: input#year
2026-01-19T03:38:40.9859756Z     ✅ Found 1 verified locators
2026-01-19T03:38:46.3376893Z     ✅ State transitioned.
2026-01-19T03:38:47.8750354Z [DEBUG] Sending request to gemini-2.0-flash. Number of parts: 2
2026-01-19T03:38:47.8751245Z [DEBUG] Received response (Length: 220)
2026-01-19T03:38:47.8752070Z     🤖 AI Next Step Suggestion: click -> Purchase
2026-01-19T03:38:47.8752780Z     🧩 Suggested Locator: button:contains('Purchase')
2026-01-19T03:38:47.8753925Z     💭 Reasoning: All the required fields in the 'Place Order' form have been filled. Clicking 'Purchase' will submit the order.
2026-01-19T03:38:47.8754918Z     ➕ Injected AI step: click -> Purchase
2026-01-19T03:38:47.8755454Z   ▶️ [STEP step_2_ai_11] CLICK: Purchase
2026-01-19T03:38:47.8813395Z     🎯 Using AI-provided locator: button:contains('Purchase')
2026-01-19T03:38:47.8839019Z     🔍 Mining locators for: 'Purchase'
2026-01-19T03:38:47.9460118Z     ✅ Found 2 verified locators
2026-01-19T03:38:51.5083941Z     ✅ State transitioned.
2026-01-19T03:38:53.1119706Z [DEBUG] Sending request to gemini-2.0-flash. Number of parts: 2
2026-01-19T03:38:53.1122691Z [DEBUG] Received response (Length: 215)
2026-01-19T03:38:53.1123310Z     🤖 AI Next Step Suggestion: click -> OK
2026-01-19T03:38:53.1123673Z     🧩 Suggested Locator: button:contains('OK')
2026-01-19T03:38:53.1124357Z     💭 Reasoning: The purchase is complete, and the 'Thank you' message is displayed. Clicking 'OK' will close the confirmation dialog.
2026-01-19T03:38:53.1124969Z     ➕ Injected AI step: click -> OK
2026-01-19T03:38:53.1125269Z   ▶️ [STEP step_2_ai_12] CLICK: OK
2026-01-19T03:38:53.1182720Z     🎯 Using AI-provided locator: button:contains('OK')
2026-01-19T03:38:53.1206869Z     🔍 Mining locators for: 'OK'
2026-01-19T03:38:53.1813437Z     ✅ Found 2 verified locators
2026-01-19T03:38:56.7591627Z     ✅ State transitioned.
2026-01-19T03:38:58.4843854Z [DEBUG] Sending request to gemini-2.0-flash. Number of parts: 2
2026-01-19T03:38:58.4844670Z [DEBUG] Received response (Length: 272)
2026-01-19T03:38:58.4845282Z     🤖 AI Next Step Suggestion: click -> Samsung galaxy s6
2026-01-19T03:38:58.4846212Z     💭 Reasoning: The goal is to browse products and test the purchase flow. Clicking on the first available product (Samsung galaxy s6) will navigate to the product details page.
2026-01-19T03:38:58.4847013Z     ➕ Injected AI step: click -> Samsung galaxy s6
2026-01-19T03:38:58.4847378Z   ▶️ [STEP step_2_ai_13] CLICK: Samsung galaxy s6
2026-01-19T03:38:58.4995775Z     🔍 Mining locators for: 'Samsung galaxy s6'
2026-01-19T03:38:58.5814066Z     ✅ Found 4 verified locators
2026-01-19T03:39:02.1529372Z     ✅ State transitioned.
2026-01-19T03:39:02.1634673Z     🔄 Revisited state detected (count: 1)
2026-01-19T03:39:03.5475996Z [DEBUG] Sending request to gemini-2.0-flash. Number of parts: 2
2026-01-19T03:39:03.5476677Z [DEBUG] Received response (Length: 259)
2026-01-19T03:39:03.5477609Z     🤖 AI Next Step Suggestion: click -> Add to cart
2026-01-19T03:39:03.5479314Z     💭 Reasoning: The goal is to browse products and test the purchase flow. The current page is a product page, so the next logical step is to add the product to the cart.
2026-01-19T03:39:03.5481041Z     ➕ Injected AI step: click -> Add to cart
2026-01-19T03:39:03.5481693Z   ▶️ [STEP step_2_ai_14] CLICK: Add to cart
2026-01-19T03:39:03.5630332Z     🔍 Mining locators for: 'Add to cart'
2026-01-19T03:39:03.6622649Z     ✅ Found 2 verified locators
2026-01-19T03:39:07.2214890Z     ✅ State transitioned.
2026-01-19T03:39:07.2296677Z     🔄 Revisited state detected (count: 2)
2026-01-19T03:39:08.8443692Z [DEBUG] Sending request to gemini-2.0-flash. Number of parts: 2
2026-01-19T03:39:08.8444299Z [DEBUG] Received response (Length: 255)
2026-01-19T03:39:08.8444951Z     🤖 AI Next Step Suggestion: click -> Cart
2026-01-19T03:39:08.8445298Z     🧩 Suggested Locator: #cartur
2026-01-19T03:39:08.8446123Z     💭 Reasoning: The goal is to test the purchase flow. The last action was adding an item to the cart. Now we should view the cart to proceed with the checkout process.
2026-01-19T03:39:08.8446929Z     ➕ Injected AI step: click -> Cart
2026-01-19T03:39:08.8447268Z   ▶️ [STEP step_2_ai_15] CLICK: Cart
2026-01-19T03:39:08.8505489Z     🎯 Using AI-provided locator: #cartur
2026-01-19T03:39:08.8559211Z     ✅ Found 1 verified locators
2026-01-19T03:39:12.9023239Z     ✅ State transitioned.
2026-01-19T03:39:12.9128340Z     🔄 Revisited state detected (count: 3)
2026-01-19T03:39:12.9129072Z     ⚠️ Too many revisits (3). Stopping AI step injection to prevent loops.
2026-01-19T03:39:12.9129516Z   ▶️ [STEP step_3] CLICK: Samsung galaxy s6
2026-01-19T03:39:12.9278494Z     🔍 Mining locators for: 'Samsung galaxy s6'
2026-01-19T03:39:12.9656663Z     🧠 Consulting AI (Vision-First) to find 'Samsung galaxy s6'...
2026-01-19T03:39:12.9674121Z     🔍 Trying smart selectors for 'Samsung galaxy s6'...
2026-01-19T03:39:13.0350492Z     ⚠️ Smart selectors failed (no unique match). Falling back to AI Vision...
2026-01-19T03:39:13.0353415Z     🧠 [EXPERT] Strategy: Act as a Senior SDET focusing on e-commerce flow automation and conversion funnel reliability. Focus on the complete shopping funnel (Search -> Product Selection -> Add to Cart -> Checkout). CRITICAL: Identify SEARCH BARS, magnifying glass icons, and 'Add to Cart' buttons as primary automation targets. Dismiss popups that block the flow. For product lists, default to selecting the FIRST available item for consistent automation.
2026-01-19T03:39:15.2504228Z [DEBUG] Sending request to gemini-2.0-flash. Number of parts: 2
2026-01-19T03:39:15.2504897Z [DEBUG] Received response (Length: 562)
2026-01-19T03:39:15.2505696Z     ⚠️ Critical step failure: 'priority'
2026-01-19T03:39:15.2506320Z   ▶️ [STEP step_4] ASSERT_VISIBLE: Product description
2026-01-19T03:39:15.2556228Z     🔍 Mining locators for: 'Product description'
2026-01-19T03:39:15.2982132Z     🧠 Consulting AI (Vision-First) to find 'Product description'...
2026-01-19T03:39:15.2983497Z     🔍 Trying smart selectors for 'Product description'...
2026-01-19T03:39:15.3548903Z     ⚠️ Smart selectors failed (no unique match). Falling back to AI Vision...
2026-01-19T03:39:15.3551502Z     🧠 [EXPERT] Strategy: Act as a Senior SDET focusing on e-commerce flow automation and conversion funnel reliability. Focus on the complete shopping funnel (Search -> Product Selection -> Add to Cart -> Checkout). CRITICAL: Identify SEARCH BARS, magnifying glass icons, and 'Add to Cart' buttons as primary automation targets. Dismiss popups that block the flow. For product lists, default to selecting the FIRST available item for consistent automation.
2026-01-19T03:39:19.5115532Z [DEBUG] Sending request to gemini-2.0-flash. Number of parts: 2
2026-01-19T03:39:19.5116160Z [DEBUG] Received response (Length: 199)
2026-01-19T03:39:19.5116840Z     ⚠️ Skipping duplicate injection: Samsung galaxy s6
2026-01-19T03:39:19.5117302Z     🔄 Retry 1/3 mining locators for 'Product description'...
2026-01-19T03:39:20.5467205Z     🧠 Consulting AI (Vision-First) to find 'Product description'...
2026-01-19T03:39:20.5467765Z     🔍 Trying smart selectors for 'Product description'...
2026-01-19T03:39:20.6007431Z     ⚠️ Smart selectors failed (no unique match). Falling back to AI Vision...
2026-01-19T03:39:20.6009915Z     🧠 [EXPERT] Strategy: Act as a Senior SDET focusing on e-commerce flow automation and conversion funnel reliability. Focus on the complete shopping funnel (Search -> Product Selection -> Add to Cart -> Checkout). CRITICAL: Identify SEARCH BARS, magnifying glass icons, and 'Add to Cart' buttons as primary automation targets. Dismiss popups that block the flow. For product lists, default to selecting the FIRST available item for consistent automation.
2026-01-19T03:39:20.6012669Z [CACHE HIT] c5e0a429... (hits: 1, misses: 17)
2026-01-19T03:39:20.6013401Z     ⚠️ Skipping duplicate injection: Samsung galaxy s6
2026-01-19T03:39:20.6013864Z     🔄 Retry 2/3 mining locators for 'Product description'...
2026-01-19T03:39:21.6026616Z     🗑️ Invalidating stale AI cache (retry 2)...
2026-01-19T03:39:21.6027912Z     ⚠️ Cache invalidation warning: No module named 'core.agents.domain_expert'
2026-01-19T03:39:21.6471945Z     🧠 Consulting AI (Vision-First) to find 'Product description'...
2026-01-19T03:39:21.6472498Z     🔍 Trying smart selectors for 'Product description'...
2026-01-19T03:39:21.6991970Z     ⚠️ Smart selectors failed (no unique match). Falling back to AI Vision...
2026-01-19T03:39:21.6995388Z     🧠 [EXPERT] Strategy: Act as a Senior SDET focusing on e-commerce flow automation and conversion funnel reliability. Focus on the complete shopping funnel (Search -> Product Selection -> Add to Cart -> Checkout). CRITICAL: Identify SEARCH BARS, magnifying glass icons, and 'Add to Cart' buttons as primary automation targets. Dismiss popups that block the flow. For product lists, default to selecting the FIRST available item for consistent automation.
2026-01-19T03:39:21.6998182Z [CACHE HIT] c5e0a429... (hits: 2, misses: 17)
2026-01-19T03:39:21.6998985Z     ⚠️ Skipping duplicate injection: Samsung galaxy s6
2026-01-19T03:39:21.6999540Z     🧠 Verifying step validity for 'Product description' after no candidates found...
2026-01-19T03:39:24.2813054Z [DEBUG] Sending request to gemini-2.0-flash. Number of parts: 2
2026-01-19T03:39:24.2813516Z [DEBUG] Received response (Length: 195)
2026-01-19T03:39:24.2814596Z     🗑️ Step deemed INVALID: The 'Product description' is not visible on the cart page. The cart page only displays the product title, price, and a delete button.. Removing from workflow.
2026-01-19T03:39:24.2815460Z     ⏭️ Skipping execution of invalid step: Product description
2026-01-19T03:39:24.2815837Z   ▶️ [STEP step_5] CLICK: Add to cart
2026-01-19T03:39:24.2871340Z     🔍 Mining locators for: 'Add to cart'
2026-01-19T03:39:24.3298685Z     🧠 Consulting AI (Vision-First) to find 'Add to cart'...
2026-01-19T03:39:24.3299217Z     🔍 Trying smart selectors for 'Add to cart'...
2026-01-19T03:39:24.3905547Z     ⚠️ Smart selectors failed (no unique match). Falling back to AI Vision...
2026-01-19T03:39:24.3908101Z     🧠 [EXPERT] Strategy: Act as a Senior SDET focusing on e-commerce flow automation and conversion funnel reliability. Focus on the complete shopping funnel (Search -> Product Selection -> Add to Cart -> Checkout). CRITICAL: Identify SEARCH BARS, magnifying glass icons, and 'Add to Cart' buttons as primary automation targets. Dismiss popups that block the flow. For product lists, default to selecting the FIRST available item for consistent automation.
2026-01-19T03:39:29.5045840Z [DEBUG] Sending request to gemini-2.0-flash. Number of parts: 2
2026-01-19T03:39:29.5046295Z [DEBUG] Received response (Length: 266)
2026-01-19T03:39:29.5047268Z     💡 Expert Suggestion: The 'Add to cart' button is likely on the product details page. Clicking the product name will navigate to that page.
2026-01-19T03:39:29.5048081Z     🛠️ Executing corrective action: click -> 'Samsung galaxy s6'
2026-01-19T03:39:29.5472285Z     🔄 Retry 1/3 mining locators for 'Add to cart'...
2026-01-19T03:39:30.5964091Z     🧠 Consulting AI (Vision-First) to find 'Add to cart'...
2026-01-19T03:39:30.5964873Z     🔍 Trying smart selectors for 'Add to cart'...
2026-01-19T03:39:30.6508224Z     ⚠️ Smart selectors failed (no unique match). Falling back to AI Vision...
2026-01-19T03:39:30.6510946Z     🧠 [EXPERT] Strategy: Act as a Senior SDET focusing on e-commerce flow automation and conversion funnel reliability. Focus on the complete shopping funnel (Search -> Product Selection -> Add to Cart -> Checkout). CRITICAL: Identify SEARCH BARS, magnifying glass icons, and 'Add to Cart' buttons as primary automation targets. Dismiss popups that block the flow. For product lists, default to selecting the FIRST available item for consistent automation.
2026-01-19T03:39:30.6513435Z [CACHE HIT] 1397ec27... (hits: 3, misses: 19)
2026-01-19T03:39:30.6514164Z     ⚠️ Skipping duplicate injection: Samsung galaxy s6
2026-01-19T03:39:30.6514657Z     🔄 Retry 2/3 mining locators for 'Add to cart'...
2026-01-19T03:39:31.6527304Z     🗑️ Invalidating stale AI cache (retry 2)...
2026-01-19T03:39:31.6528992Z     ⚠️ Cache invalidation warning: No module named 'core.agents.domain_expert'
2026-01-19T03:39:31.6963170Z     🧠 Consulting AI (Vision-First) to find 'Add to cart'...
2026-01-19T03:39:31.6963970Z     🔍 Trying smart selectors for 'Add to cart'...
2026-01-19T03:39:31.7499128Z     ⚠️ Smart selectors failed (no unique match). Falling back to AI Vision...
2026-01-19T03:39:31.7502618Z     🧠 [EXPERT] Strategy: Act as a Senior SDET focusing on e-commerce flow automation and conversion funnel reliability. Focus on the complete shopping funnel (Search -> Product Selection -> Add to Cart -> Checkout). CRITICAL: Identify SEARCH BARS, magnifying glass icons, and 'Add to Cart' buttons as primary automation targets. Dismiss popups that block the flow. For product lists, default to selecting the FIRST available item for consistent automation.
2026-01-19T03:39:31.7505206Z [CACHE HIT] 1397ec27... (hits: 4, misses: 19)
2026-01-19T03:39:31.7505890Z     ⚠️ Skipping duplicate injection: Samsung galaxy s6
2026-01-19T03:39:31.7506674Z     🧠 Verifying step validity for 'Add to cart' after no candidates found...
2026-01-19T03:39:34.4378320Z [DEBUG] Sending request to gemini-2.0-flash. Number of parts: 2
2026-01-19T03:39:34.4379146Z [DEBUG] Received response (Length: 218)
2026-01-19T03:39:34.4381513Z     🗑️ Step deemed INVALID: The current page is the cart page. The 'Add to cart' button is used on the product page to add items to the cart. Therefore, it is not present on this page.. Removing from workflow.
2026-01-19T03:39:34.4382755Z     ⏭️ Skipping execution of invalid step: Add to cart
2026-01-19T03:39:34.4383160Z   ▶️ [STEP step_6] WAIT: 
2026-01-19T03:39:39.9542859Z     ⚠️ Scroll into view failed for text=None. Proceeding anyway.
2026-01-19T03:39:41.9566178Z     ✅ State transitioned.
2026-01-19T03:39:43.2896692Z [DEBUG] Sending request to gemini-2.0-flash. Number of parts: 2
2026-01-19T03:39:43.2897463Z [DEBUG] Received response (Length: 188)
2026-01-19T03:39:43.2898381Z     🤖 AI Next Step Suggestion: click -> Place Order
2026-01-19T03:39:43.2899071Z     🧩 Suggested Locator: button
2026-01-19T03:39:43.2900279Z     💭 Reasoning: The cart has an item, and the next step is to place the order to proceed with the purchase flow.
2026-01-19T03:39:43.2901762Z     ➕ Injected AI step: click -> Place Order
2026-01-19T03:39:43.2902475Z   ▶️ [STEP step_6_ai_1] CLICK: Place Order
2026-01-19T03:39:43.2958731Z     🎯 Using AI-provided locator: button
2026-01-19T03:39:43.2980202Z     🔍 Mining locators for: 'Place Order'
2026-01-19T03:39:43.3419299Z     ✅ Found 2 verified locators
2026-01-19T03:39:46.8844324Z     ✅ State transitioned.
2026-01-19T03:39:46.8923065Z     🔄 Revisited state detected (count: 1)
2026-01-19T03:39:48.5613251Z [DEBUG] Sending request to gemini-2.0-flash. Number of parts: 2
2026-01-19T03:39:48.5613987Z [DEBUG] Received response (Length: 221)
2026-01-19T03:39:48.5614618Z     🤖 AI Next Step Suggestion: fill -> Name:
2026-01-19T03:39:48.5615027Z     🧩 Suggested Locator: input[id='name']
2026-01-19T03:39:48.5615728Z     💭 Reasoning: The 'Place order' form is open. Filling the 'Name' field is the next logical step to complete the purchase.
2026-01-19T03:39:48.5616348Z     ➕ Injected AI step: fill -> Name:
2026-01-19T03:39:48.5616676Z   ▶️ [STEP step_6_ai_2] FILL: Name:
2026-01-19T03:39:48.5670804Z     🎯 Using AI-provided locator: input[id='name']
2026-01-19T03:39:48.5727498Z     ✅ Found 1 verified locators
2026-01-19T03:39:53.8673709Z     ✅ State transitioned.
2026-01-19T03:39:53.8751508Z     🔄 Revisited state detected (count: 2)
2026-01-19T03:39:55.1964835Z [DEBUG] Sending request to gemini-2.0-flash. Number of parts: 2
2026-01-19T03:39:55.1965524Z [DEBUG] Received response (Length: 155)
2026-01-19T03:39:55.1966340Z     🤖 AI Next Step Suggestion: fill -> Country:
2026-01-19T03:39:55.1967011Z     🧩 Suggested Locator: #country
2026-01-19T03:39:55.1967687Z     💭 Reasoning: Filling the country field to complete the form.
2026-01-19T03:39:55.1968389Z     ➕ Injected AI step: fill -> Country:
2026-01-19T03:39:55.1968939Z   ▶️ [STEP step_6_ai_3] FILL: Country:
2026-01-19T03:39:55.2026603Z     🎯 Using AI-provided locator: #country
2026-01-19T03:39:55.2079713Z     ✅ Found 1 verified locators
2026-01-19T03:40:00.4512025Z     ✅ State transitioned.
2026-01-19T03:40:00.4602666Z     🔄 Revisited state detected (count: 3)
2026-01-19T03:40:00.4603449Z     ⚠️ Too many revisits (3). Stopping AI step injection to prevent loops.
2026-01-19T03:40:00.4604123Z   ▶️ [STEP step_7] CLICK: Cart
2026-01-19T03:40:00.4652509Z     🔍 Mining locators for: 'Cart'
2026-01-19T03:40:00.5269440Z     ✅ Found 2 verified locators
2026-01-19T03:40:04.0847794Z     ✅ State transitioned.
2026-01-19T03:40:05.6842926Z [DEBUG] Sending request to gemini-2.0-flash. Number of parts: 2
2026-01-19T03:40:05.6843465Z [DEBUG] Received response (Length: 176)
2026-01-19T03:40:05.6844161Z     🤖 AI Next Step Suggestion: click -> Place Order
2026-01-19T03:40:05.6844861Z     🧩 Suggested Locator: button:contains('Place Order')
2026-01-19T03:40:05.6845333Z     💭 Reasoning: The cart has items, and the next step is to place the order.
2026-01-19T03:40:05.6845914Z     ➕ Injected AI step: click -> Place Order
2026-01-19T03:40:05.6846240Z   ▶️ [STEP step_7_ai_1] CLICK: Place Order
2026-01-19T03:40:05.6902677Z     🎯 Using AI-provided locator: button:contains('Place Order')
2026-01-19T03:40:05.6926504Z     🔍 Mining locators for: 'Place Order'
2026-01-19T03:40:05.7387324Z     ✅ Found 2 verified locators
2026-01-19T03:40:09.2855875Z     ✅ State transitioned.
2026-01-19T03:40:09.2944513Z     🔄 Revisited state detected (count: 1)
2026-01-19T03:40:11.3207912Z [DEBUG] Sending request to gemini-2.0-flash. Number of parts: 2
2026-01-19T03:40:11.3208546Z [DEBUG] Received response (Length: 159)
2026-01-19T03:40:11.3209232Z     🤖 AI Next Step Suggestion: fill -> City:
2026-01-19T03:40:11.3209802Z     🧩 Suggested Locator: input[id='city']
2026-01-19T03:40:11.3210219Z     💭 Reasoning: Filling the city field in the order form.
2026-01-19T03:40:11.3210757Z     ➕ Injected AI step: fill -> City:
2026-01-19T03:40:11.3211067Z   ▶️ [STEP step_7_ai_2] FILL: City:
2026-01-19T03:40:11.3267519Z     🎯 Using AI-provided locator: input[id='city']
2026-01-19T03:40:11.3324895Z     ✅ Found 1 verified locators
2026-01-19T03:40:17.2632191Z     ✅ State transitioned.
2026-01-19T03:40:18.7304097Z [DEBUG] Sending request to gemini-2.0-flash. Number of parts: 2
2026-01-19T03:40:18.7304701Z [DEBUG] Received response (Length: 184)
2026-01-19T03:40:18.7305611Z     🤖 AI Next Step Suggestion: fill -> Credit card:
2026-01-19T03:40:18.7306346Z     🧩 Suggested Locator: input[id='card']
2026-01-19T03:40:18.7307231Z     💭 Reasoning: Filling the credit card field to complete the order form.
2026-01-19T03:40:18.7308098Z     ➕ Injected AI step: fill -> Credit card:
2026-01-19T03:40:18.7308755Z   ▶️ [STEP step_7_ai_3] FILL: Credit card:
2026-01-19T03:40:18.7362187Z     🎯 Using AI-provided locator: input[id='card']
2026-01-19T03:40:18.7419467Z     ✅ Found 1 verified locators
2026-01-19T03:40:24.7316291Z     ✅ State transitioned.
2026-01-19T03:40:26.3117135Z [DEBUG] Sending request to gemini-2.0-flash. Number of parts: 2
2026-01-19T03:40:26.3118011Z [DEBUG] Received response (Length: 161)
2026-01-19T03:40:26.3118941Z     🤖 AI Next Step Suggestion: fill -> Month:
2026-01-19T03:40:26.3119627Z     🧩 Suggested Locator: input[id='month']
2026-01-19T03:40:26.3120181Z     💭 Reasoning: Need to fill out the month for the credit card.
2026-01-19T03:40:26.3120986Z     ➕ Injected AI step: fill -> Month:
2026-01-19T03:40:26.3121418Z   ▶️ [STEP step_7_ai_4] FILL: Month:
2026-01-19T03:40:26.3174049Z     🎯 Using AI-provided locator: input[id='month']
2026-01-19T03:40:26.3226772Z     ✅ Found 1 verified locators
2026-01-19T03:40:31.5490872Z     ✅ State transitioned.
2026-01-19T03:40:32.9244290Z [DEBUG] Sending request to gemini-2.0-flash. Number of parts: 2
2026-01-19T03:40:32.9244874Z [DEBUG] Received response (Length: 172)
2026-01-19T03:40:32.9245558Z     🤖 AI Next Step Suggestion: fill -> Year:
2026-01-19T03:40:32.9245894Z     🧩 Suggested Locator: #year
2026-01-19T03:40:32.9246362Z     💭 Reasoning: The month has been filled, now filling the year to complete the form.
2026-01-19T03:40:32.9246828Z     ➕ Injected AI step: fill -> Year:
2026-01-19T03:40:32.9247141Z   ▶️ [STEP step_7_ai_5] FILL: Year:
2026-01-19T03:40:32.9301667Z     🎯 Using AI-provided locator: #year
2026-01-19T03:40:32.9357716Z     ✅ Found 1 verified locators
2026-01-19T03:40:38.5945522Z     ✅ State transitioned.
2026-01-19T03:40:40.2339370Z [DEBUG] Sending request to gemini-2.0-flash. Number of parts: 2
2026-01-19T03:40:40.2340064Z [DEBUG] Received response (Length: 205)
2026-01-19T03:40:40.2341034Z     🤖 AI Next Step Suggestion: click -> Purchase
2026-01-19T03:40:40.2341720Z     🧩 Suggested Locator: button:contains('Purchase')
2026-01-19T03:40:40.2342745Z     💭 Reasoning: All the fields in the 'Place order' form are filled. Clicking 'Purchase' will submit the order.
2026-01-19T03:40:40.2343987Z     ➕ Injected AI step: click -> Purchase
2026-01-19T03:40:40.2344520Z   ▶️ [STEP step_7_ai_6] CLICK: Purchase
2026-01-19T03:40:40.2401736Z     🎯 Using AI-provided locator: button:contains('Purchase')
2026-01-19T03:40:40.2424875Z     🔍 Mining locators for: 'Purchase'
2026-01-19T03:40:40.2924576Z     ✅ Found 2 verified locators
2026-01-19T03:40:43.8528762Z     ✅ State transitioned.
2026-01-19T03:40:45.7418298Z [DEBUG] Sending request to gemini-2.0-flash. Number of parts: 2
2026-01-19T03:40:45.7418897Z [DEBUG] Received response (Length: 216)
2026-01-19T03:40:45.7419650Z     🤖 AI Next Step Suggestion: click -> OK
2026-01-19T03:40:45.7420296Z     🧩 Suggested Locator: button:contains('OK')
2026-01-19T03:40:45.7421976Z     💭 Reasoning: The purchase is complete, and the 'Thank you' message is displayed. Clicking 'OK' will close the confirmation message.
2026-01-19T03:40:45.7423247Z     ➕ Injected AI step: click -> OK
2026-01-19T03:40:45.7423853Z   ▶️ [STEP step_7_ai_7] CLICK: OK
2026-01-19T03:40:45.7485444Z     🎯 Using AI-provided locator: button:contains('OK')
2026-01-19T03:40:45.7509139Z     🔍 Mining locators for: 'OK'
2026-01-19T03:40:45.8083609Z     ✅ Found 2 verified locators
2026-01-19T03:40:49.3697954Z     ✅ State transitioned.
2026-01-19T03:40:49.3806417Z     🔄 Revisited state detected (count: 1)
2026-01-19T03:40:51.1304235Z [DEBUG] Sending request to gemini-2.0-flash. Number of parts: 2
2026-01-19T03:40:51.1304872Z [DEBUG] Received response (Length: 168)
2026-01-19T03:40:51.1305614Z     🤖 AI Next Step Suggestion: click -> Samsung galaxy s6
2026-01-19T03:40:51.1306108Z     💭 Reasoning: To browse products, click on the first available product.
2026-01-19T03:40:51.1306557Z     ➕ Injected AI step: click -> Samsung galaxy s6
2026-01-19T03:40:51.1306922Z   ▶️ [STEP step_7_ai_8] CLICK: Samsung galaxy s6
2026-01-19T03:40:51.1457825Z     🔍 Mining locators for: 'Samsung galaxy s6'
2026-01-19T03:40:51.2291983Z     ✅ Found 4 verified locators
2026-01-19T03:40:54.8348246Z     ✅ State transitioned.
2026-01-19T03:40:54.8459286Z     🔄 Revisited state detected (count: 2)
2026-01-19T03:40:56.4154155Z [DEBUG] Sending request to gemini-2.0-flash. Number of parts: 2
2026-01-19T03:40:56.4154803Z [DEBUG] Received response (Length: 255)
2026-01-19T03:40:56.4155372Z     🤖 AI Next Step Suggestion: click -> Add to cart
2026-01-19T03:40:56.4156229Z     💭 Reasoning: The goal is to browse products and test purchase flow. The current page is a product page, so the next logical step is to add the product to the cart.
2026-01-19T03:40:56.4156966Z     ➕ Injected AI step: click -> Add to cart
2026-01-19T03:40:56.4157302Z   ▶️ [STEP step_7_ai_9] CLICK: Add to cart
2026-01-19T03:40:56.4216951Z     🔍 Mining locators for: 'Add to cart'
2026-01-19T03:40:56.4743078Z     ✅ Found 2 verified locators
2026-01-19T03:41:00.0334282Z     ✅ State transitioned.
2026-01-19T03:41:00.0415958Z     🔄 Revisited state detected (count: 3)
2026-01-19T03:41:00.0416805Z     ⚠️ Too many revisits (3). Stopping AI step injection to prevent loops.
2026-01-19T03:41:00.0417581Z   ▶️ [STEP step_8] ASSERT_URL: 
2026-01-19T03:41:05.5591884Z     ⚠️ Scroll into view failed for text=None. Proceeding anyway.
2026-01-19T03:41:07.5614861Z     ✅ State transitioned.
2026-01-19T03:41:07.5694102Z     🔄 Revisited state detected (count: 4)
2026-01-19T03:41:07.5694899Z     ⚠️ Too many revisits (4). Stopping AI step injection to prevent loops.
2026-01-19T03:41:07.5695373Z   ▶️ [STEP step_9] CLICK: Place Order
2026-01-19T03:41:07.5745144Z     🔍 Mining locators for: 'Place Order'
2026-01-19T03:41:07.6105217Z     🧠 Consulting AI (Vision-First) to find 'Place Order'...
2026-01-19T03:41:07.6105697Z     🔍 Trying smart selectors for 'Place Order'...
2026-01-19T03:41:07.6645127Z     ⚠️ Smart selectors failed (no unique match). Falling back to AI Vision...
2026-01-19T03:41:07.6649047Z     🧠 [EXPERT] Strategy: Act as a Senior SDET focusing on e-commerce flow automation and conversion funnel reliability. Focus on the complete shopping funnel (Search -> Product Selection -> Add to Cart -> Checkout). CRITICAL: Identify SEARCH BARS, magnifying glass icons, and 'Add to Cart' buttons as primary automation targets. Dismiss popups that block the flow. For product lists, default to selecting the FIRST available item for consistent automation.
2026-01-19T03:41:09.2172195Z [DEBUG] Sending request to gemini-2.0-flash. Number of parts: 2
2026-01-19T03:41:09.2172659Z [DEBUG] Received response (Length: 240)
2026-01-19T03:41:09.2173611Z     💡 Expert Suggestion: The 'Place Order' button is typically found in the cart or checkout page after adding items to the cart.
2026-01-19T03:41:09.2174363Z     🛠️ Executing corrective action: click -> 'Cart'
2026-01-19T03:41:09.7723699Z     ✅ Executed corrective navigation
2026-01-19T03:41:11.7746989Z     🔄 Retry 1/3 mining locators for 'Place Order'...
2026-01-19T03:41:12.8104895Z     🧠 Consulting AI (Vision-First) to find 'Place Order'...
2026-01-19T03:41:12.8105696Z     🔍 Trying smart selectors for 'Place Order'...
2026-01-19T03:41:12.8638952Z     ⚠️ Smart selectors failed (no unique match). Falling back to AI Vision...
2026-01-19T03:41:12.8642465Z     🧠 [EXPERT] Strategy: Act as a Senior SDET focusing on e-commerce flow automation and conversion funnel reliability. Focus on the complete shopping funnel (Search -> Product Selection -> Add to Cart -> Checkout). CRITICAL: Identify SEARCH BARS, magnifying glass icons, and 'Add to Cart' buttons as primary automation targets. Dismiss popups that block the flow. For product lists, default to selecting the FIRST available item for consistent automation.
2026-01-19T03:41:12.8644703Z [CACHE HIT] 41c72eeb... (hits: 5, misses: 33)
2026-01-19T03:41:12.8645299Z     ⚠️ Skipping duplicate injection: Cart
2026-01-19T03:41:12.8645890Z     🔄 Retry 2/3 mining locators for 'Place Order'...
2026-01-19T03:41:13.8658662Z     🗑️ Invalidating stale AI cache (retry 2)...
2026-01-19T03:41:13.8660019Z     ⚠️ Cache invalidation warning: No module named 'core.agents.domain_expert'
2026-01-19T03:41:13.9089770Z     🧠 Consulting AI (Vision-First) to find 'Place Order'...
2026-01-19T03:41:13.9090531Z     🔍 Trying smart selectors for 'Place Order'...
2026-01-19T03:41:13.9611756Z     ⚠️ Smart selectors failed (no unique match). Falling back to AI Vision...
2026-01-19T03:41:13.9614151Z     🧠 [EXPERT] Strategy: Act as a Senior SDET focusing on e-commerce flow automation and conversion funnel reliability. Focus on the complete shopping funnel (Search -> Product Selection -> Add to Cart -> Checkout). CRITICAL: Identify SEARCH BARS, magnifying glass icons, and 'Add to Cart' buttons as primary automation targets. Dismiss popups that block the flow. For product lists, default to selecting the FIRST available item for consistent automation.
2026-01-19T03:41:13.9616566Z [CACHE HIT] 41c72eeb... (hits: 6, misses: 33)
2026-01-19T03:41:13.9617211Z     ⚠️ Skipping duplicate injection: Cart
2026-01-19T03:41:13.9618024Z     🧠 Verifying step validity for 'Place Order' after no candidates found...
2026-01-19T03:42:16.5889194Z [DEBUG] Sending request to gemini-2.0-flash. Number of parts: 2
2026-01-19T03:42:16.5891884Z [DEBUG] LLM Error: 429 RESOURCE_EXHAUSTED. {'error': {'code': 429, 'message': 'Resource exhausted. Please try again later. Please refer to https://cloud.google.com/vertex-ai/generative-ai/docs/error-code-429 for more details.', 'status': 'RESOURCE_EXHAUSTED'}}
2026-01-19T03:42:16.5894361Z ⚠️ 429 Rate Limit Hit. Cooling down for 60s...
2026-01-19T03:42:16.5895099Z [DEBUG] Sending request to gemini-2.0-flash. Number of parts: 2
2026-01-19T03:42:16.5895831Z [DEBUG] Received response (Length: 211)
2026-01-19T03:42:16.5897829Z     🗑️ Step deemed INVALID: The 'Place Order' button is not present on the product details page. It should appear after adding items to the cart and navigating to the cart page.. Removing from workflow.
2026-01-19T03:42:16.5899724Z     ⏭️ Skipping execution of invalid step: Place Order
2026-01-19T03:42:16.5900474Z   ▶️ [STEP step_10] ASSERT_VISIBLE: Place order form
2026-01-19T03:42:16.5956397Z     🔍 Mining locators for: 'Place order form'
2026-01-19T03:42:16.6400139Z     🧠 Consulting AI (Vision-First) to find 'Place order form'...
2026-01-19T03:42:16.6401215Z     🔍 Trying smart selectors for 'Place order form'...
2026-01-19T03:42:16.6834075Z     ✅ Smart selector found 'Place order form' via fuzzy-token (confidence: 0.75)
2026-01-19T03:42:16.6879651Z     ✅ Found 1 verified locators
2026-01-19T03:42:22.7002296Z     ⚠️ Scroll into view failed for textarea[name*='form' i], textarea[id*='form' i], textarea[class*='form' i]. Proceeding anyway.
2026-01-19T03:42:24.7024588Z     ✅ State transitioned.
2026-01-19T03:42:24.7102660Z     🔄 Revisited state detected (count: 5)
2026-01-19T03:42:24.7103527Z     ⚠️ Too many revisits (5). Stopping AI step injection to prevent loops.
2026-01-19T03:42:24.7104258Z   ▶️ [STEP step_11] FILL: Name
2026-01-19T03:42:24.7153594Z     🔍 Mining locators for: 'Name'
2026-01-19T03:42:24.7565474Z     🧠 Consulting AI (Vision-First) to find 'Name'...
2026-01-19T03:42:24.7566234Z     🔍 Trying smart selectors for 'Name'...
2026-01-19T03:42:24.8085124Z     ⚠️ Smart selectors failed (no unique match). Falling back to AI Vision...
2026-01-19T03:42:24.8087562Z     🧠 [EXPERT] Strategy: Act as a Senior SDET focusing on e-commerce flow automation and conversion funnel reliability. Focus on the complete shopping funnel (Search -> Product Selection -> Add to Cart -> Checkout). CRITICAL: Identify SEARCH BARS, magnifying glass icons, and 'Add to Cart' buttons as primary automation targets. Dismiss popups that block the flow. For product lists, default to selecting the FIRST available item for consistent automation.
2026-01-19T03:42:27.2843715Z [DEBUG] Sending request to gemini-2.0-flash. Number of parts: 2
2026-01-19T03:42:27.2844181Z [DEBUG] Received response (Length: 514)
2026-01-19T03:42:27.2844757Z     🔄 Retry 1/3 mining locators for 'Name'...
2026-01-19T03:42:28.3225696Z     🧠 Consulting AI (Vision-First) to find 'Name'...
2026-01-19T03:42:28.3226146Z     🔍 Trying smart selectors for 'Name'...
2026-01-19T03:42:28.3737708Z     ⚠️ Smart selectors failed (no unique match). Falling back to AI Vision...
2026-01-19T03:42:28.3740401Z     🧠 [EXPERT] Strategy: Act as a Senior SDET focusing on e-commerce flow automation and conversion funnel reliability. Focus on the complete shopping funnel (Search -> Product Selection -> Add to Cart -> Checkout). CRITICAL: Identify SEARCH BARS, magnifying glass icons, and 'Add to Cart' buttons as primary automation targets. Dismiss popups that block the flow. For product lists, default to selecting the FIRST available item for consistent automation.
2026-01-19T03:42:28.3799608Z [CACHE HIT] 7dfd5f50... (hits: 7, misses: 36)
2026-01-19T03:42:28.3800144Z     🔄 Retry 2/3 mining locators for 'Name'...
2026-01-19T03:42:29.3813633Z     🗑️ Invalidating stale AI cache (retry 2)...
2026-01-19T03:42:29.3815173Z     ⚠️ Cache invalidation warning: No module named 'core.agents.domain_expert'
2026-01-19T03:42:29.4220262Z     🧠 Consulting AI (Vision-First) to find 'Name'...
2026-01-19T03:42:29.4221333Z     🔍 Trying smart selectors for 'Name'...
2026-01-19T03:42:29.4733644Z     ⚠️ Smart selectors failed (no unique match). Falling back to AI Vision...
2026-01-19T03:42:29.4736168Z     🧠 [EXPERT] Strategy: Act as a Senior SDET focusing on e-commerce flow automation and conversion funnel reliability. Focus on the complete shopping funnel (Search -> Product Selection -> Add to Cart -> Checkout). CRITICAL: Identify SEARCH BARS, magnifying glass icons, and 'Add to Cart' buttons as primary automation targets. Dismiss popups that block the flow. For product lists, default to selecting the FIRST available item for consistent automation.
2026-01-19T03:42:29.4796588Z [CACHE HIT] 7dfd5f50... (hits: 8, misses: 36)
2026-01-19T03:42:29.4797274Z     🧠 Verifying step validity for 'Name' after mining failure...
2026-01-19T03:42:31.9133431Z [DEBUG] Sending request to gemini-2.0-flash. Number of parts: 2
2026-01-19T03:42:31.9133873Z [DEBUG] Received response (Length: 332)
2026-01-19T03:42:31.9136026Z     🗑️ Step deemed INVALID: The element 'Name' does not appear to be present on the current page. The page displays product details (Samsung galaxy s6) and an 'Add to cart' button. It's likely that the 'Name' field would appear during the checkout or sign-up process, which is not the current page.. Removing from workflow.
2026-01-19T03:42:31.9137279Z     ⏭️ Skipping execution of invalid step: Name
2026-01-19T03:42:31.9137596Z   ▶️ [STEP step_12] FILL: Country
2026-01-19T03:42:31.9195153Z     🔍 Mining locators for: 'Country'
2026-01-19T03:42:31.9562658Z     🧠 Consulting AI (Vision-First) to find 'Country'...
2026-01-19T03:42:31.9563293Z     🔍 Trying smart selectors for 'Country'...
2026-01-19T03:42:31.9967809Z     ⚠️ Smart selectors failed (no unique match). Falling back to AI Vision...
2026-01-19T03:42:31.9970393Z     🧠 [EXPERT] Strategy: Act as a Senior SDET focusing on e-commerce flow automation and conversion funnel reliability. Focus on the complete shopping funnel (Search -> Product Selection -> Add to Cart -> Checkout). CRITICAL: Identify SEARCH BARS, magnifying glass icons, and 'Add to Cart' buttons as primary automation targets. Dismiss popups that block the flow. For product lists, default to selecting the FIRST available item for consistent automation.
2026-01-19T03:42:36.6104250Z [DEBUG] Sending request to gemini-2.0-flash. Number of parts: 2
2026-01-19T03:42:36.6104881Z [DEBUG] Received response (Length: 240)
2026-01-19T03:42:36.6106207Z     💡 Expert Suggestion: The 'Country' field is likely located within the checkout process, which is accessible through the cart.
2026-01-19T03:42:36.6107173Z     🛠️ Executing corrective action: click -> 'Cart'
2026-01-19T03:42:37.1708667Z     ✅ Executed corrective navigation
2026-01-19T03:42:39.1731793Z     🔄 Retry 1/3 mining locators for 'Country'...
2026-01-19T03:42:40.2228358Z     🧠 Consulting AI (Vision-First) to find 'Country'...
2026-01-19T03:42:40.2229110Z     🔍 Trying smart selectors for 'Country'...
2026-01-19T03:42:40.2662907Z     ⚠️ Smart selectors failed (no unique match). Falling back to AI Vision...
2026-01-19T03:42:40.2666582Z     🧠 [EXPERT] Strategy: Act as a Senior SDET focusing on e-commerce flow automation and conversion funnel reliability. Focus on the complete shopping funnel (Search -> Product Selection -> Add to Cart -> Checkout). CRITICAL: Identify SEARCH BARS, magnifying glass icons, and 'Add to Cart' buttons as primary automation targets. Dismiss popups that block the flow. For product lists, default to selecting the FIRST available item for consistent automation.
2026-01-19T03:42:40.2670583Z [CACHE HIT] 2173f023... (hits: 9, misses: 38)
2026-01-19T03:42:40.2671400Z     ⚠️ Skipping duplicate injection: Cart
2026-01-19T03:42:40.2671970Z     🔄 Retry 2/3 mining locators for 'Country'...
2026-01-19T03:42:41.2684427Z     🗑️ Invalidating stale AI cache (retry 2)...
2026-01-19T03:42:41.2686017Z     ⚠️ Cache invalidation warning: No module named 'core.agents.domain_expert'
2026-01-19T03:42:41.3047838Z     🧠 Consulting AI (Vision-First) to find 'Country'...
2026-01-19T03:42:41.3048625Z     🔍 Trying smart selectors for 'Country'...
2026-01-19T03:42:41.3443032Z     ⚠️ Smart selectors failed (no unique match). Falling back to AI Vision...
2026-01-19T03:42:41.3446318Z     🧠 [EXPERT] Strategy: Act as a Senior SDET focusing on e-commerce flow automation and conversion funnel reliability. Focus on the complete shopping funnel (Search -> Product Selection -> Add to Cart -> Checkout). CRITICAL: Identify SEARCH BARS, magnifying glass icons, and 'Add to Cart' buttons as primary automation targets. Dismiss popups that block the flow. For product lists, default to selecting the FIRST available item for consistent automation.
2026-01-19T03:42:41.3448162Z [CACHE HIT] 2173f023... (hits: 10, misses: 38)
2026-01-19T03:42:41.3448744Z     ⚠️ Skipping duplicate injection: Cart
2026-01-19T03:42:41.3449437Z     🧠 Verifying step validity for 'Country' after no candidates found...
2026-01-19T03:42:43.2796422Z [DEBUG] Sending request to gemini-2.0-flash. Number of parts: 2
2026-01-19T03:42:43.2797181Z [DEBUG] Received response (Length: 315)
2026-01-19T03:42:43.2799312Z     🗑️ Step deemed INVALID: The element 'Country' does not exist on the product details page. The current page displays product information and an 'Add to cart' button. There is no form or section related to shipping or billing information where 'Country' would typically be found.. Removing from workflow.
2026-01-19T03:42:43.2801155Z     ⏭️ Skipping execution of invalid step: Country
2026-01-19T03:42:43.2801574Z   ▶️ [STEP step_13] FILL: City
2026-01-19T03:42:43.2853670Z     🔍 Mining locators for: 'City'
2026-01-19T03:42:43.3221472Z     🧠 Consulting AI (Vision-First) to find 'City'...
2026-01-19T03:42:43.3221915Z     🔍 Trying smart selectors for 'City'...
2026-01-19T03:42:43.3876628Z     ⚠️ Smart selectors failed (no unique match). Falling back to AI Vision...
2026-01-19T03:42:43.3879056Z     🧠 [EXPERT] Strategy: Act as a Senior SDET focusing on e-commerce flow automation and conversion funnel reliability. Focus on the complete shopping funnel (Search -> Product Selection -> Add to Cart -> Checkout). CRITICAL: Identify SEARCH BARS, magnifying glass icons, and 'Add to Cart' buttons as primary automation targets. Dismiss popups that block the flow. For product lists, default to selecting the FIRST available item for consistent automation.
2026-01-19T03:42:47.6465145Z [DEBUG] Sending request to gemini-2.0-flash. Number of parts: 2
2026-01-19T03:42:47.6465561Z [DEBUG] Received response (Length: 274)
2026-01-19T03:42:47.6466532Z     💡 Expert Suggestion: The search functionality or a list of products where 'City' might be found is likely on the home page or a dedicated product listing page.
2026-01-19T03:42:47.6467313Z     🛠️ Executing corrective action: click -> 'Home'
2026-01-19T03:42:48.2598908Z     ✅ Executed corrective navigation
2026-01-19T03:42:50.2622503Z     🔄 Retry 1/3 mining locators for 'City'...
2026-01-19T03:42:51.3401875Z     🧠 Consulting AI (Vision-First) to find 'City'...
2026-01-19T03:42:51.3402578Z     🔍 Trying smart selectors for 'City'...
2026-01-19T03:42:51.4153301Z     ⚠️ Smart selectors failed (no unique match). Falling back to AI Vision...
2026-01-19T03:42:51.4156595Z     🧠 [EXPERT] Strategy: Act as a Senior SDET focusing on e-commerce flow automation and conversion funnel reliability. Focus on the complete shopping funnel (Search -> Product Selection -> Add to Cart -> Checkout). CRITICAL: Identify SEARCH BARS, magnifying glass icons, and 'Add to Cart' buttons as primary automation targets. Dismiss popups that block the flow. For product lists, default to selecting the FIRST available item for consistent automation.
2026-01-19T03:42:52.7250933Z [DEBUG] Sending request to gemini-2.0-flash. Number of parts: 2
2026-01-19T03:42:52.7251725Z [DEBUG] Received response (Length: 197)
2026-01-19T03:42:52.7252619Z     ⚠️ Skipping duplicate injection: Home
2026-01-19T03:42:52.7253333Z     🔄 Retry 2/3 mining locators for 'City'...
2026-01-19T03:42:53.7264320Z     🗑️ Invalidating stale AI cache (retry 2)...
2026-01-19T03:42:53.7265893Z     ⚠️ Cache invalidation warning: No module named 'core.agents.domain_expert'
2026-01-19T03:42:53.7901836Z     🧠 Consulting AI (Vision-First) to find 'City'...
2026-01-19T03:42:53.7902969Z     🔍 Trying smart selectors for 'City'...
2026-01-19T03:42:53.8562766Z     ⚠️ Smart selectors failed (no unique match). Falling back to AI Vision...
2026-01-19T03:42:53.8565999Z     🧠 [EXPERT] Strategy: Act as a Senior SDET focusing on e-commerce flow automation and conversion funnel reliability. Focus on the complete shopping funnel (Search -> Product Selection -> Add to Cart -> Checkout). CRITICAL: Identify SEARCH BARS, magnifying glass icons, and 'Add to Cart' buttons as primary automation targets. Dismiss popups that block the flow. For product lists, default to selecting the FIRST available item for consistent automation.
2026-01-19T03:42:57.8802830Z [DEBUG] Sending request to gemini-2.0-flash. Number of parts: 2
2026-01-19T03:42:57.8803467Z [DEBUG] Received response (Length: 245)
2026-01-19T03:42:57.8804279Z     ⚠️ Skipping duplicate injection: Home
2026-01-19T03:42:57.8804758Z     🧠 Verifying step validity for 'City' after no candidates found...
2026-01-19T03:44:04.2859173Z [DEBUG] Sending request to gemini-2.0-flash. Number of parts: 2
2026-01-19T03:44:04.2860433Z [DEBUG] LLM Error: 429 RESOURCE_EXHAUSTED. {'error': {'code': 429, 'message': 'Resource exhausted. Please try again later. Please refer to https://cloud.google.com/vertex-ai/generative-ai/docs/error-code-429 for more details.', 'status': 'RESOURCE_EXHAUSTED'}}
2026-01-19T03:44:04.2861971Z ⚠️ 429 Rate Limit Hit. Cooling down for 60s...
2026-01-19T03:44:04.2862371Z [DEBUG] Sending request to gemini-2.0-flash. Number of parts: 2
2026-01-19T03:44:04.2862736Z [DEBUG] Received response (Length: 204)
2026-01-19T03:44:04.2863603Z     🗑️ Step deemed INVALID: The word 'City' is not visible on the current page. It's likely we are on the wrong page or the element is not present in the current context.. Removing from workflow.
2026-01-19T03:44:04.2864410Z     ⏭️ Skipping execution of invalid step: City
2026-01-19T03:44:04.2864736Z   ▶️ [STEP step_14] FILL: Credit card
2026-01-19T03:44:04.2922293Z     🔍 Mining locators for: 'Credit card'
2026-01-19T03:44:04.3546570Z     🧠 Consulting AI (Vision-First) to find 'Credit card'...
2026-01-19T03:44:04.3547085Z     🔍 Trying smart selectors for 'Credit card'...
2026-01-19T03:44:04.4125033Z     ⚠️ Smart selectors failed (no unique match). Falling back to AI Vision...
2026-01-19T03:44:04.4129206Z     🧠 [EXPERT] Strategy: Act as a Senior SDET focusing on e-commerce flow automation and conversion funnel reliability. Focus on the complete shopping funnel (Search -> Product Selection -> Add to Cart -> Checkout). CRITICAL: Identify SEARCH BARS, magnifying glass icons, and 'Add to Cart' buttons as primary automation targets. Dismiss popups that block the flow. For product lists, default to selecting the FIRST available item for consistent automation.
2026-01-19T03:44:09.1075163Z [DEBUG] Sending request to gemini-2.0-flash. Number of parts: 2
2026-01-19T03:44:09.1075631Z [DEBUG] Received response (Length: 241)
2026-01-19T03:44:09.1076527Z     💡 Expert Suggestion: The 'Credit card' information is likely found during the checkout process after adding items to the cart.
2026-01-19T03:44:09.1077204Z     🛠️ Executing corrective action: click -> 'Cart'
2026-01-19T03:44:09.7962648Z     ✅ Executed corrective navigation
2026-01-19T03:44:11.7985649Z     🔄 Retry 1/3 mining locators for 'Credit card'...
2026-01-19T03:44:12.8528132Z     🧠 Consulting AI (Vision-First) to find 'Credit card'...
2026-01-19T03:44:12.8528930Z     🔍 Trying smart selectors for 'Credit card'...
2026-01-19T03:44:12.8875261Z     ✅ Smart selector found 'Credit card' via label-for (confidence: 0.87)
2026-01-19T03:44:12.8916732Z     ✅ Found 1 verified locators
2026-01-19T03:44:18.9058085Z     ⚠️ Scroll into view failed for #card. Proceeding anyway.
2026-01-19T03:44:24.4076171Z     ⚠️ Action failed: Locator.click: Timeout 5000ms exceeded.
2026-01-19T03:44:24.4077054Z Call log:
2026-01-19T03:44:24.4077357Z ...
2026-01-19T03:44:25.9055753Z [DEBUG] Sending request to gemini-2.0-flash. Number of parts: 2
2026-01-19T03:44:25.9057046Z [DEBUG] Received response (Length: 121)
2026-01-19T03:44:25.9057988Z   ▶️ [STEP step_15] FILL: Month
2026-01-19T03:44:25.9116557Z     🔍 Mining locators for: 'Month'
2026-01-19T03:44:25.9502180Z     🧠 Consulting AI (Vision-First) to find 'Month'...
2026-01-19T03:44:25.9502898Z     🔍 Trying smart selectors for 'Month'...
2026-01-19T03:44:25.9650428Z     ✅ Smart selector found 'Month' via id (confidence: 0.85)
2026-01-19T03:44:25.9691160Z     ✅ Found 1 verified locators
2026-01-19T03:44:31.9806287Z     ⚠️ Scroll into view failed for [id*='month']. Proceeding anyway.
2026-01-19T03:44:37.4834084Z     ⚠️ Action failed: Locator.click: Timeout 5000ms exceeded.
2026-01-19T03:44:37.4834459Z Call log:
2026-01-19T03:44:37.4834627Z ...
2026-01-19T03:44:39.0639373Z [DEBUG] Sending request to gemini-2.0-flash. Number of parts: 2
2026-01-19T03:44:39.0640119Z [DEBUG] Received response (Length: 120)
2026-01-19T03:44:39.0640840Z   ▶️ [STEP step_16] FILL: Year
2026-01-19T03:44:39.0697139Z     🔍 Mining locators for: 'Year'
2026-01-19T03:44:39.1169897Z     🧠 Consulting AI (Vision-First) to find 'Year'...
2026-01-19T03:44:39.1170339Z     🔍 Trying smart selectors for 'Year'...
2026-01-19T03:44:39.1321160Z     ✅ Smart selector found 'Year' via id (confidence: 0.85)
2026-01-19T03:44:39.1362193Z     ✅ Found 1 verified locators
2026-01-19T03:44:45.1480174Z     ⚠️ Scroll into view failed for [id*='year']. Proceeding anyway.
2026-01-19T03:44:50.6515436Z     ⚠️ Action failed: Locator.click: Timeout 5000ms exceeded.
2026-01-19T03:44:50.6516189Z Call log:
2026-01-19T03:44:50.6516620Z ...
2026-01-19T03:44:51.9795029Z [DEBUG] Sending request to gemini-2.0-flash. Number of parts: 2
2026-01-19T03:44:51.9795891Z [DEBUG] Received response (Length: 194)
2026-01-19T03:44:51.9796839Z   ▶️ [STEP step_17] CLICK: Purchase
2026-01-19T03:44:51.9854915Z     🔍 Mining locators for: 'Purchase'
2026-01-19T03:44:52.0329945Z     🧠 Consulting AI (Vision-First) to find 'Purchase'...
2026-01-19T03:44:52.0330945Z     🔍 Trying smart selectors for 'Purchase'...
2026-01-19T03:44:52.0552943Z     ✅ Smart selector found 'Purchase' via button-text-exact (confidence: 0.9)
2026-01-19T03:44:52.0595206Z     ✅ Found 1 verified locators
2026-01-19T03:44:57.5726290Z     ⚠️ Scroll into view failed for button:has-text('Purchase'). Proceeding anyway.
2026-01-19T03:44:58.0854369Z     ⚠️ Action failed: Locator.click: Element is not visible
2026-01-19T03:44:58.0854754Z Call log:
2026-01-19T03:44:58.0854937Z   ...
2026-01-19T03:45:01.2887332Z [DEBUG] Sending request to gemini-2.0-flash. Number of parts: 2
2026-01-19T03:45:01.2888137Z [DEBUG] Received response (Length: 211)
2026-01-19T03:45:01.2889197Z     ✨ AI Heal Reasoning: The 'Place Order' button is the most prominent and visually clear element for initiating the purchase process.
2026-01-19T03:45:01.2890278Z     ✨ AI healed exploration action! New selector: body > div.container > div > div.col-md-3 > a
2026-01-19T03:45:06.7943713Z     ⚠️ Scroll into view failed for body > div.container > div > div.col-md-3 > a. Proceeding anyway.
2026-01-19T03:45:11.7976337Z   ▶️ [STEP step_18] ASSERT_VISIBLE: Thank you for your purchase!
2026-01-19T03:45:11.8039280Z     🔍 Mining locators for: 'Thank you for your purchase!'
2026-01-19T03:45:11.8500457Z     🧠 Consulting AI (Vision-First) to find 'Thank you for your purchase!'...
2026-01-19T03:45:11.8501687Z     🔍 Trying smart selectors for 'Thank you for your purchase!'...
2026-01-19T03:45:11.9028012Z     ✅ Smart selector found 'Thank you for your purchase!' via fuzzy-token (confidence: 0.75)
2026-01-19T03:45:11.9074952Z     ✅ Found 1 verified locators
2026-01-19T03:45:17.9184543Z     ⚠️ Scroll into view failed for textarea[name*='for' i], textarea[id*='for' i], textarea[class*='for' i]. Proceeding anyway.
2026-01-19T03:45:19.9207570Z     ✅ State transitioned.
2026-01-19T03:45:21.6224509Z [DEBUG] Sending request to gemini-2.0-flash. Number of parts: 2
2026-01-19T03:45:21.6225279Z [DEBUG] Received response (Length: 245)
2026-01-19T03:45:21.6226080Z     🤖 AI Next Step Suggestion: click -> Place Order
2026-01-19T03:45:21.6227172Z     🧩 Suggested Locator: button:has-text('Place Order')
2026-01-19T03:45:21.6228581Z     💭 Reasoning: The cart is populated, and the previous attempt to purchase failed. Clicking 'Place Order' will bring up the purchase form again.
2026-01-19T03:45:21.6229737Z     ➕ Injected AI step: click -> Place Order
2026-01-19T03:45:21.6230294Z   ▶️ [STEP step_18_ai_1] CLICK: Place Order
2026-01-19T03:45:21.6286250Z     🎯 Using AI-provided locator: button:has-text('Place Order')
2026-01-19T03:45:21.6350480Z     ✅ Found 1 verified locators
2026-01-19T03:45:25.1902560Z     ✅ State transitioned.
2026-01-19T03:45:26.8174713Z [DEBUG] Sending request to gemini-2.0-flash. Number of parts: 2
2026-01-19T03:45:26.8175434Z [DEBUG] Received response (Length: 151)
2026-01-19T03:45:26.8176182Z     🤖 AI Next Step Suggestion: fill -> Name
2026-01-19T03:45:26.8177250Z     🧩 Suggested Locator: input[id='name']
2026-01-19T03:45:26.8177970Z     💭 Reasoning: Fill the name field in the order form.
2026-01-19T03:45:26.8178693Z     ➕ Injected AI step: fill -> Name
2026-01-19T03:45:26.8179278Z   ▶️ [STEP step_18_ai_2] FILL: Name
2026-01-19T03:45:26.8236574Z     🎯 Using AI-provided locator: input[id='name']
2026-01-19T03:45:26.8294307Z     ✅ Found 1 verified locators
2026-01-19T03:45:32.2053100Z     ✅ State transitioned.
2026-01-19T03:45:33.7645356Z [DEBUG] Sending request to gemini-2.0-flash. Number of parts: 2
2026-01-19T03:45:33.7646027Z [DEBUG] Received response (Length: 177)
2026-01-19T03:45:33.7646799Z     🤖 AI Next Step Suggestion: fill -> Country
2026-01-19T03:45:33.7647401Z     🧩 Suggested Locator: [id='country']
2026-01-19T03:45:33.7648182Z     💭 Reasoning: Need to fill in the country field to complete the purchase form.
2026-01-19T03:45:33.7648949Z     ➕ Injected AI step: fill -> Country
2026-01-19T03:45:33.7649520Z   ▶️ [STEP step_18_ai_3] FILL: Country
2026-01-19T03:45:33.7709717Z     🎯 Using AI-provided locator: [id='country']
2026-01-19T03:45:33.7768974Z     ✅ Found 1 verified locators
2026-01-19T03:45:39.2427029Z     ✅ State transitioned.
2026-01-19T03:45:40.9499494Z [DEBUG] Sending request to gemini-2.0-flash. Number of parts: 2
2026-01-19T03:45:40.9500176Z [DEBUG] Received response (Length: 161)
2026-01-19T03:45:40.9501177Z     🤖 AI Next Step Suggestion: fill -> City
2026-01-19T03:45:40.9501743Z     🧩 Suggested Locator: [id='city']
2026-01-19T03:45:40.9502512Z     💭 Reasoning: Filling the city field to complete the purchase form.
2026-01-19T03:45:40.9503249Z     ➕ Injected AI step: fill -> City
2026-01-19T03:45:40.9503766Z   ▶️ [STEP step_18_ai_4] FILL: City
2026-01-19T03:45:40.9563267Z     🎯 Using AI-provided locator: [id='city']
2026-01-19T03:45:40.9624735Z     ✅ Found 1 verified locators
2026-01-19T03:45:46.4633861Z     ✅ State transitioned.
2026-01-19T03:45:48.2533927Z [DEBUG] Sending request to gemini-2.0-flash. Number of parts: 2
2026-01-19T03:45:48.2534604Z [DEBUG] Received response (Length: 212)
2026-01-19T03:45:48.2535404Z     🤖 AI Next Step Suggestion: fill -> Credit card:
2026-01-19T03:45:48.2535989Z     🧩 Suggested Locator: input[id='card']
2026-01-19T03:45:48.2536571Z     💭 Reasoning: Filling the credit card field is the next step in completing the purchase form.
2026-01-19T03:45:48.2537086Z     ➕ Injected AI step: fill -> Credit card:
2026-01-19T03:45:48.2537421Z   ▶️ [STEP step_18_ai_5] FILL: Credit card:
2026-01-19T03:45:48.2596528Z     🎯 Using AI-provided locator: input[id='card']
2026-01-19T03:45:48.2657557Z     ✅ Found 1 verified locators
2026-01-19T03:45:55.4117203Z     ✅ State transitioned.
2026-01-19T03:45:56.9837472Z [DEBUG] Sending request to gemini-2.0-flash. Number of parts: 2
2026-01-19T03:45:56.9838118Z [DEBUG] Received response (Length: 189)
2026-01-19T03:45:56.9838780Z     🤖 AI Next Step Suggestion: fill -> Month
2026-01-19T03:45:56.9839128Z     🧩 Suggested Locator: [id*='month']
2026-01-19T03:45:56.9839695Z     💭 Reasoning: The month field is visible and needs to be filled to complete the purchase form.
2026-01-19T03:45:56.9840188Z     ➕ Injected AI step: fill -> Month
2026-01-19T03:45:56.9840982Z   ▶️ [STEP step_18_ai_6] FILL: Month
2026-01-19T03:45:56.9898181Z     🎯 Using AI-provided locator: [id*='month']
2026-01-19T03:45:56.9957685Z     ✅ Found 1 verified locators
2026-01-19T03:46:02.1808935Z     ✅ State transitioned.
2026-01-19T03:46:03.6975634Z [DEBUG] Sending request to gemini-2.0-flash. Number of parts: 2
2026-01-19T03:46:03.6976187Z [DEBUG] Received response (Length: 191)
2026-01-19T03:46:03.6976832Z     🤖 AI Next Step Suggestion: fill -> Year:
2026-01-19T03:46:03.6977159Z     🧩 Suggested Locator: [id*='year']
2026-01-19T03:46:03.6977669Z     💭 Reasoning: The 'Year' field is visible and needs to be filled to complete the purchase form.
2026-01-19T03:46:03.6978159Z     ➕ Injected AI step: fill -> Year:
2026-01-19T03:46:03.6978454Z   ▶️ [STEP step_18_ai_7] FILL: Year:
2026-01-19T03:46:03.7035047Z     🎯 Using AI-provided locator: [id*='year']
2026-01-19T03:46:03.7091945Z     ✅ Found 1 verified locators
2026-01-19T03:46:09.1441226Z     ✅ State transitioned.
2026-01-19T03:46:10.9153846Z [DEBUG] Sending request to gemini-2.0-flash. Number of parts: 2
2026-01-19T03:46:10.9154444Z [DEBUG] Received response (Length: 211)
2026-01-19T03:46:10.9155239Z     🤖 AI Next Step Suggestion: click -> Purchase
2026-01-19T03:46:10.9155881Z     🧩 Suggested Locator: button:has-text('Purchase')
2026-01-19T03:46:10.9156932Z     💭 Reasoning: All the fields in the purchase form are filled. Clicking the purchase button will complete the order.
2026-01-19T03:46:10.9158312Z     ➕ Injected AI step: click -> Purchase
2026-01-19T03:46:10.9158993Z   ▶️ [STEP step_18_ai_8] CLICK: Purchase
2026-01-19T03:46:10.9214675Z     🎯 Using AI-provided locator: button:has-text('Purchase')
2026-01-19T03:46:10.9278747Z     ✅ Found 1 verified locators
2026-01-19T03:46:14.4706661Z     ✅ State transitioned.
2026-01-19T03:46:16.0986163Z [DEBUG] Sending request to gemini-2.0-flash. Number of parts: 2
2026-01-19T03:46:16.0987010Z [DEBUG] Received response (Length: 208)
2026-01-19T03:46:16.0988004Z     🤖 AI Next Step Suggestion: click -> OK
2026-01-19T03:46:16.0988731Z     🧩 Suggested Locator: button:has-text('OK')
2026-01-19T03:46:16.0990140Z     💭 Reasoning: The purchase is complete, and the 'Thank you' message is displayed. Clicking 'OK' will close the confirmation.
2026-01-19T03:46:16.0991732Z     ➕ Injected AI step: click -> OK
2026-01-19T03:46:16.0992357Z   ▶️ [STEP step_18_ai_9] CLICK: OK
2026-01-19T03:46:16.1048987Z     🎯 Using AI-provided locator: button:has-text('OK')
2026-01-19T03:46:16.1116912Z     ✅ Found 1 verified locators
2026-01-19T03:46:19.6739238Z     ✅ State transitioned.
2026-01-19T03:46:19.6847437Z     🔄 Revisited state detected (count: 1)
2026-01-19T03:46:21.1924339Z [DEBUG] Sending request to gemini-2.0-flash. Number of parts: 2
2026-01-19T03:46:21.1924988Z [DEBUG] Received response (Length: 286)
2026-01-19T03:46:21.1925884Z     🤖 AI Next Step Suggestion: click -> Samsung galaxy s6
2026-01-19T03:46:21.1926559Z     🧩 Suggested Locator: a:has-text('Samsung galaxy s6')
2026-01-19T03:46:21.1928051Z     💭 Reasoning: The goal is to browse products and test the purchase flow. Clicking on the first available product, 'Samsung galaxy s6', will navigate to the product details page.
2026-01-19T03:46:21.1929066Z     ➕ Injected AI step: click -> Samsung galaxy s6
2026-01-19T03:46:21.1929467Z   ▶️ [STEP step_18_ai_10] CLICK: Samsung galaxy s6
2026-01-19T03:46:21.2077651Z     🎯 Using AI-provided locator: a:has-text('Samsung galaxy s6')
2026-01-19T03:46:21.2153473Z     ✅ Found 1 verified locators
2026-01-19T03:46:24.7677583Z     ✅ State transitioned.
2026-01-19T03:46:24.7790117Z     🔄 Revisited state detected (count: 2)
2026-01-19T03:46:26.2656683Z [DEBUG] Sending request to gemini-2.0-flash. Number of parts: 2
2026-01-19T03:46:26.2657322Z [DEBUG] Received response (Length: 265)
2026-01-19T03:46:26.2658155Z     🤖 AI Next Step Suggestion: click -> Add to cart
2026-01-19T03:46:26.2658662Z     🧩 Suggested Locator: a:has-text('Add to cart')
2026-01-19T03:46:26.2659817Z     💭 Reasoning: The goal is to browse products and test the purchase flow. The current page is a product page, so the next logical step is to add the product to the cart.
2026-01-19T03:46:26.2660905Z     ➕ Injected AI step: click -> Add to cart
2026-01-19T03:46:26.2661331Z   ▶️ [STEP step_18_ai_11] CLICK: Add to cart
2026-01-19T03:46:26.2720514Z     🎯 Using AI-provided locator: a:has-text('Add to cart')
2026-01-19T03:46:26.2781074Z     ✅ Found 1 verified locators
2026-01-19T03:46:29.8342133Z     ✅ State transitioned.
2026-01-19T03:46:29.8420213Z     🔄 Revisited state detected (count: 3)
2026-01-19T03:46:29.8421248Z     ⚠️ Too many revisits (3). Stopping AI step injection to prevent loops.
2026-01-19T03:46:31.8913358Z 
2026-01-19T03:46:31.8913882Z [2/3] Exploring Scenario: Contact Us Form Submission
2026-01-19T03:46:31.8915065Z     🧠 Initialized exploration context for goal: 'Browse products and test purchase flow'
2026-01-19T03:46:31.8916280Z   ▶️ [STEP step_1] NAVIGATE: 
2026-01-19T03:46:32.6328354Z     ✅ Navigated to https://www.demoblaze.com/
2026-01-19T03:46:32.6329280Z   ▶️ [STEP step_2] CLICK: Contact
2026-01-19T03:46:32.6507278Z     🔍 Mining locators for: 'Contact'
2026-01-19T03:46:32.7528361Z     ✅ Found 2 verified locators
2026-01-19T03:46:36.3367250Z     ✅ State transitioned.
2026-01-19T03:46:38.2535837Z [DEBUG] Sending request to gemini-2.0-flash. Number of parts: 2
2026-01-19T03:46:38.2536506Z [DEBUG] Received response (Length: 186)
2026-01-19T03:46:38.2537325Z     🤖 AI Next Step Suggestion: click -> Close
2026-01-19T03:46:38.2538438Z     💭 Reasoning: The contact form is blocking the page. Closing it will allow me to browse the products.
2026-01-19T03:46:38.2539486Z     ➕ Injected AI step: click -> Close
2026-01-19T03:46:38.2540049Z   ▶️ [STEP step_2_ai_1] CLICK: Close
2026-01-19T03:46:38.2597276Z     🔍 Mining locators for: 'Close'
2026-01-19T03:46:38.3561991Z     ✅ Found 2 verified locators
2026-01-19T03:46:41.9184435Z     ✅ State transitioned.
2026-01-19T03:46:43.7343110Z [DEBUG] Sending request to gemini-2.0-flash. Number of parts: 2
2026-01-19T03:46:43.7343775Z [DEBUG] Received response (Length: 264)
2026-01-19T03:46:43.7344524Z     🤖 AI Next Step Suggestion: click -> Samsung galaxy s6
2026-01-19T03:46:43.7345459Z     💭 Reasoning: To progress towards the goal of browsing products and testing the purchase flow, I will select the first available product, which is 'Samsung galaxy s6'.
2026-01-19T03:46:43.7346283Z     ➕ Injected AI step: click -> Samsung galaxy s6
2026-01-19T03:46:43.7346669Z   ▶️ [STEP step_2_ai_2] CLICK: Samsung galaxy s6
2026-01-19T03:46:43.7402440Z     🔍 Mining locators for: 'Samsung galaxy s6'
2026-01-19T03:46:43.8273103Z     ✅ Found 4 verified locators
2026-01-19T03:46:47.3709911Z     ✅ State transitioned.
2026-01-19T03:46:49.2668248Z [DEBUG] Sending request to gemini-2.0-flash. Number of parts: 2
2026-01-19T03:46:49.2668784Z [DEBUG] Received response (Length: 259)
2026-01-19T03:46:49.2669638Z     🤖 AI Next Step Suggestion: click -> Add to cart
2026-01-19T03:46:49.2671151Z     💭 Reasoning: The goal is to browse products and test the purchase flow. The current page is a product page, so the next logical step is to add the product to the cart.
2026-01-19T03:46:49.2672094Z     ➕ Injected AI step: click -> Add to cart
2026-01-19T03:46:49.2672503Z   ▶️ [STEP step_2_ai_3] CLICK: Add to cart
2026-01-19T03:46:49.2812846Z     🔍 Mining locators for: 'Add to cart'
2026-01-19T03:46:49.3431708Z     ✅ Found 2 verified locators
2026-01-19T03:46:52.9013405Z     ✅ State transitioned.
2026-01-19T03:46:54.2826867Z [DEBUG] Sending request to gemini-2.0-flash. Number of parts: 2
2026-01-19T03:46:54.2827550Z [DEBUG] Received response (Length: 203)
2026-01-19T03:46:54.2828363Z     🤖 AI Next Step Suggestion: click -> Cart
2026-01-19T03:46:54.2828908Z     🧩 Suggested Locator: #cartur
2026-01-19T03:46:54.2830179Z     💭 Reasoning: The Samsung Galaxy S6 has been added to the cart. Now, proceed to the cart to view the item and potentially checkout.
2026-01-19T03:46:54.2832046Z     ➕ Injected AI step: click -> Cart
2026-01-19T03:46:54.2832880Z   ▶️ [STEP step_2_ai_4] CLICK: Cart
2026-01-19T03:46:54.2892981Z     🎯 Using AI-provided locator: #cartur
2026-01-19T03:46:54.2950066Z     ✅ Found 1 verified locators
2026-01-19T03:46:58.3509733Z     ✅ State transitioned.
2026-01-19T03:46:59.6041231Z [DEBUG] Sending request to gemini-2.0-flash. Number of parts: 2
2026-01-19T03:46:59.6041925Z [DEBUG] Received response (Length: 180)
2026-01-19T03:46:59.6042725Z     🤖 AI Next Step Suggestion: click -> Place Order
2026-01-19T03:46:59.6043389Z     🧩 Suggested Locator: button
2026-01-19T03:46:59.6044308Z     💭 Reasoning: The cart contains an item, and the next step in the purchase flow is to place the order.
2026-01-19T03:46:59.6045217Z     ➕ Injected AI step: click -> Place Order
2026-01-19T03:46:59.6045763Z   ▶️ [STEP step_2_ai_5] CLICK: Place Order
2026-01-19T03:46:59.6186642Z     🎯 Using AI-provided locator: button
2026-01-19T03:46:59.6206843Z     🔍 Mining locators for: 'Place Order'
2026-01-19T03:46:59.6766830Z     ✅ Found 2 verified locators
2026-01-19T03:47:03.2520100Z     ✅ State transitioned.
2026-01-19T03:47:04.8631290Z [DEBUG] Sending request to gemini-2.0-flash. Number of parts: 2
2026-01-19T03:47:04.8631911Z [DEBUG] Received response (Length: 217)
2026-01-19T03:47:04.8632701Z     🤖 AI Next Step Suggestion: fill -> Name:
2026-01-19T03:47:04.8633062Z     🧩 Suggested Locator: input[id='name']
2026-01-19T03:47:04.8633696Z     💭 Reasoning: The 'Place Order' form is open and needs to be filled. Filling the name field is the next logical step.
2026-01-19T03:47:04.8634264Z     ➕ Injected AI step: fill -> Name:
2026-01-19T03:47:04.8634577Z   ▶️ [STEP step_2_ai_6] FILL: Name:
2026-01-19T03:47:04.8693943Z     🎯 Using AI-provided locator: input[id='name']
2026-01-19T03:47:04.8757280Z     ✅ Found 1 verified locators
2026-01-19T03:47:10.3347444Z     ✅ State transitioned.
2026-01-19T03:47:11.9270393Z [DEBUG] Sending request to gemini-2.0-flash. Number of parts: 2
2026-01-19T03:47:11.9271267Z [DEBUG] Received response (Length: 163)
2026-01-19T03:47:11.9271969Z     🤖 AI Next Step Suggestion: fill -> Country:
2026-01-19T03:47:11.9272430Z     🧩 Suggested Locator: input[id='country']
2026-01-19T03:47:11.9272942Z     💭 Reasoning: Filling the country field in the order form.
2026-01-19T03:47:11.9273420Z     ➕ Injected AI step: fill -> Country:
2026-01-19T03:47:11.9273809Z   ▶️ [STEP step_2_ai_7] FILL: Country:
2026-01-19T03:47:11.9332945Z     🎯 Using AI-provided locator: input[id='country']
2026-01-19T03:47:11.9392769Z     ✅ Found 1 verified locators
2026-01-19T03:47:17.2018814Z     ✅ State transitioned.
2026-01-19T03:47:18.7885045Z [DEBUG] Sending request to gemini-2.0-flash. Number of parts: 2
2026-01-19T03:47:18.7885791Z [DEBUG] Received response (Length: 168)
2026-01-19T03:47:18.7886637Z     🤖 AI Next Step Suggestion: fill -> City:
2026-01-19T03:47:18.7887358Z     🧩 Suggested Locator: input[id='city']
2026-01-19T03:47:18.7888116Z     💭 Reasoning: Filling the city field to complete the order form.
2026-01-19T03:47:18.7888799Z     ➕ Injected AI step: fill -> City:
2026-01-19T03:47:18.7889344Z   ▶️ [STEP step_2_ai_8] FILL: City:
2026-01-19T03:47:18.7949652Z     🎯 Using AI-provided locator: input[id='city']
2026-01-19T03:47:18.8006173Z     ✅ Found 1 verified locators
2026-01-19T03:47:24.4779697Z     ✅ State transitioned.
2026-01-19T03:47:26.5429616Z [DEBUG] Sending request to gemini-2.0-flash. Number of parts: 2
2026-01-19T03:47:26.5430323Z [DEBUG] Received response (Length: 181)
2026-01-19T03:47:26.5431362Z     🤖 AI Next Step Suggestion: fill -> Credit card:
2026-01-19T03:47:26.5431994Z     🧩 Suggested Locator: #card
2026-01-19T03:47:26.5432789Z     💭 Reasoning: Need to fill in credit card information to complete the purchase.
2026-01-19T03:47:26.5433580Z     ➕ Injected AI step: fill -> Credit card:
2026-01-19T03:47:26.5434144Z   ▶️ [STEP step_2_ai_9] FILL: Credit card:
2026-01-19T03:47:26.5489691Z     🎯 Using AI-provided locator: #card
2026-01-19T03:47:26.5546757Z     ✅ Found 1 verified locators
2026-01-19T03:47:32.6177093Z     ✅ State transitioned.
2026-01-19T03:47:33.9934098Z [DEBUG] Sending request to gemini-2.0-flash. Number of parts: 2
2026-01-19T03:47:33.9934832Z [DEBUG] Received response (Length: 161)
2026-01-19T03:47:33.9935717Z     🤖 AI Next Step Suggestion: fill -> Month:
2026-01-19T03:47:33.9936321Z     🧩 Suggested Locator: input[id='month']
2026-01-19T03:47:33.9937173Z     💭 Reasoning: Need to fill out the month for the credit card.
2026-01-19T03:47:33.9937996Z     ➕ Injected AI step: fill -> Month:
2026-01-19T03:47:33.9938638Z   ▶️ [STEP step_2_ai_10] FILL: Month:
2026-01-19T03:47:33.9995592Z     🎯 Using AI-provided locator: input[id='month']
2026-01-19T03:47:34.0055223Z     ✅ Found 1 verified locators
2026-01-19T03:47:39.3437720Z     ✅ State transitioned.
2026-01-19T03:48:23.3309073Z [DEBUG] Sending request to gemini-2.0-flash. Number of parts: 2
2026-01-19T03:48:23.3309849Z [DEBUG] Received response (Length: 198)
2026-01-19T03:48:23.3310941Z     🤖 AI Next Step Suggestion: fill -> Year:
2026-01-19T03:48:23.3311526Z     🧩 Suggested Locator: #year
2026-01-19T03:48:23.3312687Z     💭 Reasoning: The year field is the only remaining unfilled field in the form. Filling it completes the form.
2026-01-19T03:48:23.3313912Z     ➕ Injected AI step: fill -> Year:
2026-01-19T03:48:23.3314563Z   ▶️ [STEP step_2_ai_11] FILL: Year:
2026-01-19T03:48:23.3372669Z     🎯 Using AI-provided locator: #year
2026-01-19T03:48:23.3428304Z     ✅ Found 1 verified locators
2026-01-19T03:48:28.7756752Z     ✅ State transitioned.
2026-01-19T03:48:30.4381725Z [DEBUG] Sending request to gemini-2.0-flash. Number of parts: 2
2026-01-19T03:48:30.4382351Z [DEBUG] Received response (Length: 214)
2026-01-19T03:48:30.4383210Z     🤖 AI Next Step Suggestion: click -> Purchase
2026-01-19T03:48:30.4383633Z     🧩 Suggested Locator: button:contains('Purchase')
2026-01-19T03:48:30.4384320Z     💭 Reasoning: All the required fields in the 'Place order' form are filled. Clicking 'Purchase' will submit the order.
2026-01-19T03:48:30.4384922Z     ➕ Injected AI step: click -> Purchase
2026-01-19T03:48:30.4385272Z   ▶️ [STEP step_2_ai_12] CLICK: Purchase
2026-01-19T03:48:30.4440789Z     🎯 Using AI-provided locator: button:contains('Purchase')
2026-01-19T03:48:30.4473446Z     🔍 Mining locators for: 'Purchase'
2026-01-19T03:48:30.5052239Z     ✅ Found 2 verified locators
2026-01-19T03:48:34.0695561Z     ✅ State transitioned.
2026-01-19T03:48:35.7218126Z [DEBUG] Sending request to gemini-2.0-flash. Number of parts: 2
2026-01-19T03:48:35.7218785Z [DEBUG] Received response (Length: 216)
2026-01-19T03:48:35.7219540Z     🤖 AI Next Step Suggestion: click -> OK
2026-01-19T03:48:35.7220064Z     🧩 Suggested Locator: button:contains('OK')
2026-01-19T03:48:35.7220959Z     💭 Reasoning: The purchase is complete, and the 'Thank you' message is displayed. Clicking 'OK' will close the confirmation message.
2026-01-19T03:48:35.7221623Z     ➕ Injected AI step: click -> OK
2026-01-19T03:48:35.7221930Z   ▶️ [STEP step_2_ai_13] CLICK: OK
2026-01-19T03:48:35.7279698Z     🎯 Using AI-provided locator: button:contains('OK')
2026-01-19T03:48:35.7303297Z     🔍 Mining locators for: 'OK'
2026-01-19T03:48:35.7917857Z     ✅ Found 2 verified locators
2026-01-19T03:48:39.3679271Z     ✅ State transitioned.
2026-01-19T03:48:41.2884125Z [DEBUG] Sending request to gemini-2.0-flash. Number of parts: 2
2026-01-19T03:48:41.2884820Z [DEBUG] Received response (Length: 304)
2026-01-19T03:48:41.2885675Z     🤖 AI Next Step Suggestion: click -> Samsung galaxy s6
2026-01-19T03:48:41.2886865Z     💭 Reasoning: The goal is to browse products and test the purchase flow. Clicking on the first product available (Samsung galaxy s6) will lead to the product details page, which is the next step in the flow.
2026-01-19T03:48:41.2887908Z     ➕ Injected AI step: click -> Samsung galaxy s6
2026-01-19T03:48:41.2888334Z   ▶️ [STEP step_2_ai_14] CLICK: Samsung galaxy s6
2026-01-19T03:48:41.3035923Z     🔍 Mining locators for: 'Samsung galaxy s6'
2026-01-19T03:48:41.3953684Z     ✅ Found 4 verified locators
2026-01-19T03:48:44.9658420Z     ✅ State transitioned.
2026-01-19T03:48:44.9773422Z     🔄 Revisited state detected (count: 1)
2026-01-19T03:48:46.3735827Z [DEBUG] Sending request to gemini-2.0-flash. Number of parts: 2
2026-01-19T03:48:46.3736477Z [DEBUG] Received response (Length: 259)
2026-01-19T03:48:46.3737320Z     🤖 AI Next Step Suggestion: click -> Add to cart
2026-01-19T03:48:46.3738772Z     💭 Reasoning: The goal is to browse products and test the purchase flow. The current page is a product page, so the next logical step is to add the product to the cart.
2026-01-19T03:48:46.3740020Z     ➕ Injected AI step: click -> Add to cart
2026-01-19T03:48:46.3740571Z   ▶️ [STEP step_2_ai_15] CLICK: Add to cart
2026-01-19T03:48:46.3891647Z     🔍 Mining locators for: 'Add to cart'
2026-01-19T03:48:46.4396181Z     ✅ Found 2 verified locators
2026-01-19T03:48:50.0004110Z     ✅ State transitioned.
2026-01-19T03:48:50.0084317Z     🔄 Revisited state detected (count: 2)
2026-01-19T03:48:51.5290821Z [DEBUG] Sending request to gemini-2.0-flash. Number of parts: 2
2026-01-19T03:48:51.5291509Z [DEBUG] Received response (Length: 194)
2026-01-19T03:48:51.5292325Z     🤖 AI Next Step Suggestion: click -> Cart
2026-01-19T03:48:51.5292849Z     🧩 Suggested Locator: #cartur
2026-01-19T03:48:51.5293523Z     💭 Reasoning: The product has been added to the cart. Now, proceed to the cart to view the items and potentially checkout.
2026-01-19T03:48:51.5294087Z     ➕ Injected AI step: click -> Cart
2026-01-19T03:48:51.5294392Z   ▶️ [STEP step_2_ai_16] CLICK: Cart
2026-01-19T03:48:51.5355619Z     🎯 Using AI-provided locator: #cartur
2026-01-19T03:48:51.5410920Z     ✅ Found 1 verified locators
2026-01-19T03:48:55.5969522Z     ✅ State transitioned.
2026-01-19T03:48:55.6073893Z     🔄 Revisited state detected (count: 3)
2026-01-19T03:48:55.6074758Z     ⚠️ Too many revisits (3). Stopping AI step injection to prevent loops.
2026-01-19T03:48:55.6075592Z   ▶️ [STEP step_3] ASSERT_VISIBLE: Contact Email:
2026-01-19T03:48:55.6216943Z     🔍 Mining locators for: 'Contact Email:'
2026-01-19T03:48:55.6758120Z     🧠 Consulting AI (Vision-First) to find 'Contact Email:'...
2026-01-19T03:48:55.6758950Z     🔍 Trying smart selectors for 'Contact Email:'...
2026-01-19T03:48:55.7016726Z     ✅ Smart selector found 'Contact Email:' via label-for (confidence: 0.87)
2026-01-19T03:48:55.7059210Z     ✅ Found 1 verified locators
2026-01-19T03:49:01.7178563Z     ⚠️ Scroll into view failed for #recipient-name. Proceeding anyway.
2026-01-19T03:49:03.7201667Z     ✅ State transitioned.
2026-01-19T03:49:05.2014845Z [DEBUG] Sending request to gemini-2.0-flash. Number of parts: 2
2026-01-19T03:49:05.2015556Z [DEBUG] Received response (Length: 173)
2026-01-19T03:49:05.2016379Z     🤖 AI Next Step Suggestion: click -> Place Order
2026-01-19T03:49:05.2016980Z     🧩 Suggested Locator: button
2026-01-19T03:49:05.2017844Z     💭 Reasoning: The item is in the cart, so the next step is to place the order.
2026-01-19T03:49:05.2018612Z     ➕ Injected AI step: click -> Place Order
2026-01-19T03:49:05.2019166Z   ▶️ [STEP step_3_ai_1] CLICK: Place Order
2026-01-19T03:49:05.2079955Z     🎯 Using AI-provided locator: button
2026-01-19T03:49:05.2100185Z     🔍 Mining locators for: 'Place Order'
2026-01-19T03:49:05.2712075Z     ✅ Found 2 verified locators
2026-01-19T03:49:08.8138410Z     ✅ State transitioned.
2026-01-19T03:49:08.8224867Z     🔄 Revisited state detected (count: 1)
2026-01-19T03:49:10.0905209Z [DEBUG] Sending request to gemini-2.0-flash. Number of parts: 2
2026-01-19T03:49:10.0905929Z [DEBUG] Received response (Length: 149)
2026-01-19T03:49:10.0906677Z     🤖 AI Next Step Suggestion: fill -> Name:
2026-01-19T03:49:10.0907283Z     🧩 Suggested Locator: #name
2026-01-19T03:49:10.0907998Z     💭 Reasoning: Need to fill the name field in the order form.
2026-01-19T03:49:10.0908652Z     ➕ Injected AI step: fill -> Name:
2026-01-19T03:49:10.0909508Z   ▶️ [STEP step_3_ai_2] FILL: Name:
2026-01-19T03:49:10.0971118Z     🎯 Using AI-provided locator: #name
2026-01-19T03:49:10.1037499Z     ✅ Found 1 verified locators
2026-01-19T03:49:15.3759567Z     ✅ State transitioned.
2026-01-19T03:49:15.3847344Z     🔄 Revisited state detected (count: 2)
2026-01-19T03:49:16.8309496Z [DEBUG] Sending request to gemini-2.0-flash. Number of parts: 2
2026-01-19T03:49:16.8310191Z [DEBUG] Received response (Length: 211)
2026-01-19T03:49:16.8311185Z     🤖 AI Next Step Suggestion: click -> Purchase
2026-01-19T03:49:16.8311725Z     🧩 Suggested Locator: button:contains('Purchase')
2026-01-19T03:49:16.8312565Z     💭 Reasoning: The form is almost complete, and the 'Purchase' button is visible. Clicking it will submit the order.
2026-01-19T03:49:16.8313227Z     ➕ Injected AI step: click -> Purchase
2026-01-19T03:49:16.8313569Z   ▶️ [STEP step_3_ai_3] CLICK: Purchase
2026-01-19T03:49:16.8369893Z     🎯 Using AI-provided locator: button:contains('Purchase')
2026-01-19T03:49:16.8397204Z     🔍 Mining locators for: 'Purchase'
2026-01-19T03:49:16.9044278Z     ✅ Found 2 verified locators
2026-01-19T03:49:20.4622507Z     ✅ State transitioned.
2026-01-19T03:49:20.4713672Z     🔄 Revisited state detected (count: 3)
2026-01-19T03:49:20.4714254Z     ⚠️ Too many revisits (3). Stopping AI step injection to prevent loops.
2026-01-19T03:49:20.4714693Z   ▶️ [STEP step_4] FILL: Contact Email:
2026-01-19T03:49:20.4769477Z     🔍 Mining locators for: 'Contact Email:'
2026-01-19T03:49:20.5253829Z     🧠 Consulting AI (Vision-First) to find 'Contact Email:'...
2026-01-19T03:49:20.5254429Z     🔍 Trying smart selectors for 'Contact Email:'...
2026-01-19T03:49:20.5487608Z     ✅ Smart selector found 'Contact Email:' via label-for (confidence: 0.87)
2026-01-19T03:49:20.5526679Z     ✅ Found 1 verified locators
2026-01-19T03:49:26.5651131Z     ⚠️ Scroll into view failed for #recipient-name. Proceeding anyway.
2026-01-19T03:49:32.0664349Z     ⚠️ Action failed: Locator.click: Timeout 5000ms exceeded.
2026-01-19T03:49:32.0665187Z Call log:
2026-01-19T03:49:32.0665590Z ...
2026-01-19T03:49:33.4791741Z [DEBUG] Sending request to gemini-2.0-flash. Number of parts: 2
2026-01-19T03:49:33.4792524Z [DEBUG] Received response (Length: 124)
2026-01-19T03:49:33.4793362Z   ▶️ [STEP step_5] FILL: Contact Name:
2026-01-19T03:49:33.4858230Z     🔍 Mining locators for: 'Contact Name:'
2026-01-19T03:49:33.5245284Z     🧠 Consulting AI (Vision-First) to find 'Contact Name:'...
2026-01-19T03:49:33.5246100Z     🔍 Trying smart selectors for 'Contact Name:'...
2026-01-19T03:49:33.5505086Z     ✅ Smart selector found 'Contact Name:' via label-for (confidence: 0.87)
2026-01-19T03:49:33.5543864Z     ✅ Found 1 verified locators
2026-01-19T03:49:39.5663582Z     ⚠️ Scroll into view failed for #recipient-name. Proceeding anyway.
2026-01-19T03:49:45.0681640Z     ⚠️ Action failed: Locator.click: Timeout 5000ms exceeded.
2026-01-19T03:49:45.0682121Z Call log:
2026-01-19T03:49:45.0682340Z ...
2026-01-19T03:49:46.5074383Z [DEBUG] Sending request to gemini-2.0-flash. Number of parts: 2
2026-01-19T03:49:46.5075049Z [DEBUG] Received response (Length: 221)
2026-01-19T03:49:46.5076767Z     ✨ AI Heal Reasoning: The input field next to "Name:" is the most appropriate element to fill for "Contact Name:". It is a visible text input field.
2026-01-19T03:49:46.5078396Z     ✨ AI healed exploration action! New selector: input[type="text"]:nth-of-type(1)
2026-01-19T03:49:52.5153865Z     ⚠️ Scroll into view failed for input[type="text"]:nth-of-type(1). Proceeding anyway.
2026-01-19T03:49:58.0187158Z   ▶️ [STEP step_6] FILL: Message:
2026-01-19T03:49:58.0244642Z     🔍 Mining locators for: 'Message:'
2026-01-19T03:49:58.0736634Z     🧠 Consulting AI (Vision-First) to find 'Message:'...
2026-01-19T03:49:58.0737399Z     🔍 Trying smart selectors for 'Message:'...
2026-01-19T03:49:58.0890429Z     ✅ Smart selector found 'Message:' via id (confidence: 0.85)
2026-01-19T03:49:58.0929287Z     ✅ Found 1 verified locators
2026-01-19T03:50:04.1042091Z     ⚠️ Scroll into view failed for [id*='message']. Proceeding anyway.
2026-01-19T03:50:09.6079084Z     ⚠️ Action failed: Locator.click: Timeout 5000ms exceeded.
2026-01-19T03:50:09.6079478Z Call log:
2026-01-19T03:50:09.6079657Z ...
2026-01-19T03:50:11.0364906Z [DEBUG] Sending request to gemini-2.0-flash. Number of parts: 2
2026-01-19T03:50:11.0365375Z [DEBUG] Received response (Length: 227)
2026-01-19T03:50:11.0366609Z     ✨ AI Heal Reasoning: The input field with the placeholder 'Country' is visible and allows text input, making it suitable for filling in the 'Message:'.
2026-01-19T03:50:11.0367725Z     ✨ AI healed exploration action! New selector: input[type='text'][placeholder='Country']
2026-01-19T03:50:16.5422842Z     ⚠️ Scroll into view failed for input[type='text'][placeholder='Country']. Proceeding anyway.
2026-01-19T03:50:22.0445075Z   ▶️ [STEP step_7] CLICK: Send message
2026-01-19T03:50:22.0507065Z     🔍 Mining locators for: 'Send message'
2026-01-19T03:50:22.0888836Z     🧠 Consulting AI (Vision-First) to find 'Send message'...
2026-01-19T03:50:22.0889768Z     🔍 Trying smart selectors for 'Send message'...
2026-01-19T03:50:22.1107323Z     ✅ Smart selector found 'Send message' via button-text-exact (confidence: 0.9)
2026-01-19T03:50:22.1148818Z     ✅ Found 1 verified locators
2026-01-19T03:50:27.6264065Z     ⚠️ Scroll into view failed for button:has-text('Send message'). Proceeding anyway.
2026-01-19T03:50:28.1400506Z     ⚠️ Action failed: Locator.click: Element is not visible
2026-01-19T03:50:28.1401615Z Call log:
2026-01-19T03:50:28.1402086Z   ...
2026-01-19T03:50:29.3859056Z [DEBUG] Sending request to gemini-2.0-flash. Number of parts: 2
2026-01-19T03:50:29.3859591Z [DEBUG] Received response (Length: 212)
2026-01-19T03:50:29.3861035Z     ✨ AI Heal Reasoning: The button with the text 'Purchase' is the most relevant element for 'Send message' in this context, as it completes the purchase flow.
2026-01-19T03:50:29.3862040Z     ✨ AI healed exploration action! New selector: button[type='button']
2026-01-19T03:50:35.3945836Z     ⚠️ Scroll into view failed for button[type='button']. Proceeding anyway.
2026-01-19T03:50:35.9097303Z   ▶️ [STEP step_8] WAIT: 
2026-01-19T03:50:41.4272325Z     ⚠️ Scroll into view failed for text=None. Proceeding anyway.
2026-01-19T03:50:43.4296022Z     ✅ State transitioned.
2026-01-19T03:50:44.8758952Z [DEBUG] Sending request to gemini-2.0-flash. Number of parts: 2
2026-01-19T03:50:44.8759861Z [DEBUG] Received response (Length: 181)
2026-01-19T03:50:44.8761099Z     🤖 AI Next Step Suggestion: fill -> Country:
2026-01-19T03:50:44.8761907Z     🧩 Suggested Locator: #country
2026-01-19T03:50:44.8763020Z     💭 Reasoning: Filling the country field in the order form to proceed with the purchase.
2026-01-19T03:50:44.8764147Z     ➕ Injected AI step: fill -> Country:
2026-01-19T03:50:44.8764859Z   ▶️ [STEP step_8_ai_1] FILL: Country:
2026-01-19T03:50:44.8822907Z     🎯 Using AI-provided locator: #country
2026-01-19T03:50:44.8883396Z     ✅ Found 1 verified locators
2026-01-19T03:50:50.3148350Z     ✅ State transitioned.
2026-01-19T03:50:51.6378821Z [DEBUG] Sending request to gemini-2.0-flash. Number of parts: 2
2026-01-19T03:50:51.6379549Z [DEBUG] Received response (Length: 159)
2026-01-19T03:50:51.6380490Z     🤖 AI Next Step Suggestion: fill -> City:
2026-01-19T03:50:51.6381362Z     🧩 Suggested Locator: #city
2026-01-19T03:50:51.6382250Z     💭 Reasoning: Need to fill in the city to complete the order form.
2026-01-19T03:50:51.6383130Z     ➕ Injected AI step: fill -> City:
2026-01-19T03:50:51.6383773Z   ▶️ [STEP step_8_ai_2] FILL: City:
2026-01-19T03:50:51.6438790Z     🎯 Using AI-provided locator: #city
2026-01-19T03:50:51.6493134Z     ✅ Found 1 verified locators
2026-01-19T03:50:57.4552129Z     ✅ State transitioned.
2026-01-19T03:50:59.0200457Z [DEBUG] Sending request to gemini-2.0-flash. Number of parts: 2
2026-01-19T03:50:59.0201247Z [DEBUG] Received response (Length: 176)
2026-01-19T03:50:59.0201838Z     🤖 AI Next Step Suggestion: fill -> Credit card:
2026-01-19T03:50:59.0202187Z     🧩 Suggested Locator: #card
2026-01-19T03:50:59.0202943Z     💭 Reasoning: Filling the credit card field to complete the purchase form.
2026-01-19T03:50:59.0203407Z     ➕ Injected AI step: fill -> Credit card:
2026-01-19T03:50:59.0203892Z   ▶️ [STEP step_8_ai_3] FILL: Credit card:
2026-01-19T03:50:59.0259168Z     🎯 Using AI-provided locator: #card
2026-01-19T03:50:59.0322192Z     ✅ Found 1 verified locators
2026-01-19T03:51:04.7223881Z     ✅ State transitioned.
2026-01-19T03:51:06.2049902Z [DEBUG] Sending request to gemini-2.0-flash. Number of parts: 2
2026-01-19T03:51:06.2050523Z [DEBUG] Received response (Length: 187)
2026-01-19T03:51:06.2051502Z     🤖 AI Next Step Suggestion: fill -> Month:
2026-01-19T03:51:06.2052022Z     🧩 Suggested Locator: #month
2026-01-19T03:51:06.2052711Z     💭 Reasoning: Need to fill out the month for the credit card information to complete the purchase.
2026-01-19T03:51:06.2053224Z     ➕ Injected AI step: fill -> Month:
2026-01-19T03:51:06.2053539Z   ▶️ [STEP step_8_ai_4] FILL: Month:
2026-01-19T03:51:06.2111738Z     🎯 Using AI-provided locator: #month
2026-01-19T03:51:06.2167835Z     ✅ Found 1 verified locators
2026-01-19T03:51:11.4546502Z     ✅ State transitioned.
2026-01-19T03:51:13.0693560Z [DEBUG] Sending request to gemini-2.0-flash. Number of parts: 2
2026-01-19T03:51:13.0694269Z [DEBUG] Received response (Length: 153)
2026-01-19T03:51:13.0694893Z     🤖 AI Next Step Suggestion: fill -> Year:
2026-01-19T03:51:13.0695262Z     🧩 Suggested Locator: #year
2026-01-19T03:51:13.0695712Z     💭 Reasoning: Fill the year field to complete the purchase form.
2026-01-19T03:51:13.0696168Z     ➕ Injected AI step: fill -> Year:
2026-01-19T03:51:13.0696489Z   ▶️ [STEP step_8_ai_5] FILL: Year:
2026-01-19T03:51:13.0751989Z     🎯 Using AI-provided locator: #year
2026-01-19T03:51:13.0806118Z     ✅ Found 1 verified locators
2026-01-19T03:51:18.6033422Z     ✅ State transitioned.
2026-01-19T03:51:21.0659158Z [DEBUG] Sending request to gemini-2.0-flash. Number of parts: 2
2026-01-19T03:51:21.0659943Z [DEBUG] Received response (Length: 214)
2026-01-19T03:51:21.0660948Z     🤖 AI Next Step Suggestion: click -> Purchase
2026-01-19T03:51:21.0661763Z     🧩 Suggested Locator: button:has-text('Purchase')
2026-01-19T03:51:21.0663275Z     💭 Reasoning: All the required fields in the 'Place order' form are filled. Clicking 'Purchase' will submit the order.
2026-01-19T03:51:21.0664462Z     ➕ Injected AI step: click -> Purchase
2026-01-19T03:51:21.0665135Z   ▶️ [STEP step_8_ai_6] CLICK: Purchase
2026-01-19T03:51:21.0719727Z     🎯 Using AI-provided locator: button:has-text('Purchase')
2026-01-19T03:51:21.0785220Z     ✅ Found 1 verified locators
2026-01-19T03:51:24.6275608Z     ✅ State transitioned.
2026-01-19T03:51:26.2061775Z [DEBUG] Sending request to gemini-2.0-flash. Number of parts: 2
2026-01-19T03:51:26.2062492Z [DEBUG] Received response (Length: 216)
2026-01-19T03:51:26.2063302Z     🤖 AI Next Step Suggestion: click -> OK
2026-01-19T03:51:26.2063891Z     🧩 Suggested Locator: button:has-text('OK')
2026-01-19T03:51:26.2065309Z     💭 Reasoning: The purchase is complete, and the 'Thank you' message is displayed. Clicking 'OK' will close the confirmation message.
2026-01-19T03:51:26.2066555Z     ➕ Injected AI step: click -> OK
2026-01-19T03:51:26.2067418Z   ▶️ [STEP step_8_ai_7] CLICK: OK
2026-01-19T03:51:26.2124678Z     🎯 Using AI-provided locator: button:has-text('OK')
2026-01-19T03:51:26.2193547Z     ✅ Found 1 verified locators
2026-01-19T03:51:29.7955794Z     ✅ State transitioned.
2026-01-19T03:51:29.8058357Z     🔄 Revisited state detected (count: 1)
2026-01-19T03:51:31.9360830Z [DEBUG] Sending request to gemini-2.0-flash. Number of parts: 2
2026-01-19T03:51:31.9361581Z [DEBUG] Received response (Length: 210)
2026-01-19T03:51:31.9362433Z     🤖 AI Next Step Suggestion: click -> Samsung galaxy s6
2026-01-19T03:51:31.9363337Z     🧩 Suggested Locator: a:has-text('Samsung galaxy s6')
2026-01-19T03:51:31.9364615Z     💭 Reasoning: To browse products, click on the first available product, which is 'Samsung galaxy s6'.
2026-01-19T03:51:31.9366183Z     ➕ Injected AI step: click -> Samsung galaxy s6
2026-01-19T03:51:31.9366951Z   ▶️ [STEP step_8_ai_8] CLICK: Samsung galaxy s6
2026-01-19T03:51:31.9514534Z     🎯 Using AI-provided locator: a:has-text('Samsung galaxy s6')
2026-01-19T03:51:31.9654102Z     ✅ Found 1 verified locators
2026-01-19T03:51:35.5617918Z     ✅ State transitioned.
2026-01-19T03:51:35.5730097Z     🔄 Revisited state detected (count: 2)
2026-01-19T03:51:37.5538442Z [DEBUG] Sending request to gemini-2.0-flash. Number of parts: 2
2026-01-19T03:51:37.5539040Z [DEBUG] Received response (Length: 265)
2026-01-19T03:51:37.5539632Z     🤖 AI Next Step Suggestion: click -> Add to cart
2026-01-19T03:51:37.5540046Z     🧩 Suggested Locator: a:has-text('Add to cart')
2026-01-19T03:51:37.5541202Z     💭 Reasoning: The goal is to browse products and test the purchase flow. The current page is a product page, so the next logical step is to add the product to the cart.
2026-01-19T03:51:37.5542016Z     ➕ Injected AI step: click -> Add to cart
2026-01-19T03:51:37.5542397Z   ▶️ [STEP step_8_ai_9] CLICK: Add to cart
2026-01-19T03:51:37.5601967Z     🎯 Using AI-provided locator: a:has-text('Add to cart')
2026-01-19T03:51:37.5665686Z     ✅ Found 1 verified locators
2026-01-19T03:51:41.1246832Z     ✅ State transitioned.
2026-01-19T03:51:41.1323661Z     🔄 Revisited state detected (count: 3)
2026-01-19T03:51:41.1324270Z     ⚠️ Too many revisits (3). Stopping AI step injection to prevent loops.
2026-01-19T03:51:43.1670451Z 
2026-01-19T03:51:43.1671283Z [3/3] Exploring Scenario: Add multiple items to cart
2026-01-19T03:51:43.1674808Z     🧠 Initialized exploration context for goal: 'Browse products and test purchase flow'
2026-01-19T03:51:43.1675672Z   ▶️ [STEP step_1] NAVIGATE: 
2026-01-19T03:51:43.8935414Z     ✅ Navigated to https://www.demoblaze.com/
2026-01-19T03:51:43.8936101Z   ▶️ [STEP step_2] CLICK: Samsung galaxy s6
2026-01-19T03:51:43.9098593Z     🔍 Mining locators for: 'Samsung galaxy s6'
2026-01-19T03:51:44.0211841Z     ✅ Found 4 verified locators
2026-01-19T03:51:47.5909233Z     ✅ State transitioned.
2026-01-19T03:51:49.3997344Z [DEBUG] Sending request to gemini-2.0-flash. Number of parts: 2
2026-01-19T03:51:49.3997995Z [DEBUG] Received response (Length: 241)
2026-01-19T03:51:49.3998685Z     🤖 AI Next Step Suggestion: click -> Add to cart
2026-01-19T03:51:49.3999027Z     🧩 Suggested Locator: a
2026-01-19T03:51:49.3999779Z     💭 Reasoning: The goal is to browse products and test the purchase flow. The current page is a product page, so the next logical step is to add the product to the cart.
2026-01-19T03:51:49.4000863Z ⚠️ Loop detected: same AI suggestion repeated 2 times. Moving to next step.
2026-01-19T03:51:49.4001571Z   ▶️ [STEP step_3] CLICK: Add to cart
2026-01-19T03:51:49.4142509Z     🔍 Mining locators for: 'Add to cart'
2026-01-19T03:51:49.4650226Z     ✅ Found 2 verified locators
2026-01-19T03:51:53.0404827Z     ✅ State transitioned.
2026-01-19T03:51:54.3321494Z [DEBUG] Sending request to gemini-2.0-flash. Number of parts: 2
2026-01-19T03:51:54.3322239Z [DEBUG] Received response (Length: 186)
2026-01-19T03:51:54.3323022Z     🤖 AI Next Step Suggestion: click -> Cart
2026-01-19T03:51:54.3323646Z     🧩 Suggested Locator: #cartur
2026-01-19T03:51:54.3325099Z     💭 Reasoning: The item has been added to the cart. The next step is to view the cart to proceed with the purchase.
2026-01-19T03:51:54.3326210Z     ➕ Injected AI step: click -> Cart
2026-01-19T03:51:54.3326793Z   ▶️ [STEP step_3_ai_1] CLICK: Cart
2026-01-19T03:51:54.3383521Z     🎯 Using AI-provided locator: #cartur
2026-01-19T03:51:54.3443260Z     ✅ Found 1 verified locators
2026-01-19T03:51:58.3895485Z     ✅ State transitioned.
2026-01-19T03:51:59.8653583Z [DEBUG] Sending request to gemini-2.0-flash. Number of parts: 2
2026-01-19T03:51:59.8654272Z [DEBUG] Received response (Length: 193)
2026-01-19T03:51:59.8655075Z     🤖 AI Next Step Suggestion: click -> Place Order
2026-01-19T03:51:59.8655740Z     🧩 Suggested Locator: button
2026-01-19T03:51:59.8657278Z     💭 Reasoning: The cart contains an item, and the next step is to place the order to proceed with the checkout flow.
2026-01-19T03:51:59.8658403Z     ➕ Injected AI step: click -> Place Order
2026-01-19T03:51:59.8659068Z   ▶️ [STEP step_3_ai_2] CLICK: Place Order
2026-01-19T03:51:59.8799576Z     🎯 Using AI-provided locator: button
2026-01-19T03:51:59.8819175Z     🔍 Mining locators for: 'Place Order'
2026-01-19T03:51:59.9309814Z     ✅ Found 2 verified locators
2026-01-19T03:52:03.5082536Z     ✅ State transitioned.
2026-01-19T03:52:04.7438414Z [DEBUG] Sending request to gemini-2.0-flash. Number of parts: 2
2026-01-19T03:52:04.7439051Z [DEBUG] Received response (Length: 160)
2026-01-19T03:52:04.7439666Z     🤖 AI Next Step Suggestion: fill -> Name:
2026-01-19T03:52:04.7440022Z     🧩 Suggested Locator: input[id='name']
2026-01-19T03:52:04.7440890Z     💭 Reasoning: Need to fill the name field in the order form.
2026-01-19T03:52:04.7441389Z     ➕ Injected AI step: fill -> Name:
2026-01-19T03:52:04.7441756Z   ▶️ [STEP step_3_ai_3] FILL: Name:
2026-01-19T03:52:04.7497139Z     🎯 Using AI-provided locator: input[id='name']
2026-01-19T03:52:04.7555129Z     ✅ Found 1 verified locators
2026-01-19T03:52:10.3196869Z     ✅ State transitioned.
2026-01-19T03:52:11.6673660Z [DEBUG] Sending request to gemini-2.0-flash. Number of parts: 2
2026-01-19T03:52:11.6674079Z [DEBUG] Received response (Length: 190)
2026-01-19T03:52:11.6674797Z     🤖 AI Next Step Suggestion: fill -> Country:
2026-01-19T03:52:11.6675414Z     🧩 Suggested Locator: #country
2026-01-19T03:52:11.6676270Z     💭 Reasoning: Need to fill out the country field in the order form to proceed with the purchase.
2026-01-19T03:52:11.6677080Z     ➕ Injected AI step: fill -> Country:
2026-01-19T03:52:11.6677581Z   ▶️ [STEP step_3_ai_4] FILL: Country:
2026-01-19T03:52:11.6732636Z     🎯 Using AI-provided locator: #country
2026-01-19T03:52:11.6789939Z     ✅ Found 1 verified locators
2026-01-19T03:52:17.0891292Z     ✅ State transitioned.
2026-01-19T03:52:18.9324326Z [DEBUG] Sending request to gemini-2.0-flash. Number of parts: 2
2026-01-19T03:52:18.9325065Z [DEBUG] Received response (Length: 167)
2026-01-19T03:52:18.9325830Z     🤖 AI Next Step Suggestion: fill -> City:
2026-01-19T03:52:18.9327742Z     🧩 Suggested Locator: input[id='city']
2026-01-19T03:52:18.9328673Z     💭 Reasoning: Filling the city field to complete the purchase form.
2026-01-19T03:52:18.9329486Z     ➕ Injected AI step: fill -> City:
2026-01-19T03:52:18.9330073Z   ▶️ [STEP step_3_ai_5] FILL: City:
2026-01-19T03:52:18.9386042Z     🎯 Using AI-provided locator: input[id='city']
2026-01-19T03:52:18.9442769Z     ✅ Found 1 verified locators
2026-01-19T03:52:24.5614222Z     ✅ State transitioned.
2026-01-19T03:52:26.0999618Z [DEBUG] Sending request to gemini-2.0-flash. Number of parts: 2
2026-01-19T03:52:26.1000357Z [DEBUG] Received response (Length: 184)
2026-01-19T03:52:26.1001577Z     🤖 AI Next Step Suggestion: fill -> Credit card:
2026-01-19T03:52:26.1002081Z     🧩 Suggested Locator: input[id='card']
2026-01-19T03:52:26.1002677Z     💭 Reasoning: Filling the credit card field to complete the order form.
2026-01-19T03:52:26.1003229Z     ➕ Injected AI step: fill -> Credit card:
2026-01-19T03:52:26.1007007Z   ▶️ [STEP step_3_ai_6] FILL: Credit card:
2026-01-19T03:52:26.1062676Z     🎯 Using AI-provided locator: input[id='card']
2026-01-19T03:52:26.1124477Z     ✅ Found 1 verified locators
2026-01-19T03:52:31.7071744Z     ✅ State transitioned.
2026-01-19T03:52:33.2597768Z [DEBUG] Sending request to gemini-2.0-flash. Number of parts: 2
2026-01-19T03:52:33.2598393Z [DEBUG] Received response (Length: 157)
2026-01-19T03:52:33.2599215Z     🤖 AI Next Step Suggestion: fill -> Month:
2026-01-19T03:52:33.2599775Z     🧩 Suggested Locator: input[id='month']
2026-01-19T03:52:33.2600218Z     💭 Reasoning: Need to fill the month for the credit card.
2026-01-19T03:52:33.2600590Z     ➕ Injected AI step: fill -> Month:
2026-01-19T03:52:33.2601086Z   ▶️ [STEP step_3_ai_7] FILL: Month:
2026-01-19T03:52:33.2659892Z     🎯 Using AI-provided locator: input[id='month']
2026-01-19T03:52:33.2719657Z     ✅ Found 1 verified locators
2026-01-19T03:52:38.5805240Z     ✅ State transitioned.
2026-01-19T03:52:40.2537357Z [DEBUG] Sending request to gemini-2.0-flash. Number of parts: 2
2026-01-19T03:52:40.2537965Z [DEBUG] Received response (Length: 172)
2026-01-19T03:52:40.2538709Z     🤖 AI Next Step Suggestion: fill -> Year:
2026-01-19T03:52:40.2539171Z     🧩 Suggested Locator: input#year
2026-01-19T03:52:40.2539637Z     💭 Reasoning: The year field is the only remaining unfilled field in the form.
2026-01-19T03:52:40.2540079Z     ➕ Injected AI step: fill -> Year:
2026-01-19T03:52:40.2540384Z   ▶️ [STEP step_3_ai_8] FILL: Year:
2026-01-19T03:52:40.2595651Z     🎯 Using AI-provided locator: input#year
2026-01-19T03:52:40.2651393Z     ✅ Found 1 verified locators
2026-01-19T03:52:45.8032210Z     ✅ State transitioned.
2026-01-19T03:52:47.3440990Z [DEBUG] Sending request to gemini-2.0-flash. Number of parts: 2
2026-01-19T03:52:47.3441591Z [DEBUG] Received response (Length: 216)
2026-01-19T03:52:47.3442352Z     🤖 AI Next Step Suggestion: click -> Purchase
2026-01-19T03:52:47.3442764Z     🧩 Suggested Locator: button:contains('Purchase')
2026-01-19T03:52:47.3443430Z     💭 Reasoning: All the required fields in the 'Place order' form are filled. Clicking 'Purchase' will complete the order.
2026-01-19T03:52:47.3443995Z     ➕ Injected AI step: click -> Purchase
2026-01-19T03:52:47.3444320Z   ▶️ [STEP step_3_ai_9] CLICK: Purchase
2026-01-19T03:52:47.3504252Z     🎯 Using AI-provided locator: button:contains('Purchase')
2026-01-19T03:52:47.3537586Z     🔍 Mining locators for: 'Purchase'
2026-01-19T03:52:47.4137338Z     ✅ Found 2 verified locators
2026-01-19T03:52:50.9752609Z     ✅ State transitioned.
2026-01-19T03:52:52.6605020Z [DEBUG] Sending request to gemini-2.0-flash. Number of parts: 2
2026-01-19T03:52:52.6605780Z [DEBUG] Received response (Length: 193)
2026-01-19T03:52:52.6606675Z     🤖 AI Next Step Suggestion: click -> OK
2026-01-19T03:52:52.6607335Z     🧩 Suggested Locator: button
2026-01-19T03:52:52.6607977Z     💭 Reasoning: The purchase is complete, and the 'Thank you' message is displayed. Clicking 'OK' will close the confirmation.
2026-01-19T03:52:52.6608878Z     ➕ Injected AI step: click -> OK
2026-01-19T03:52:52.6609259Z   ▶️ [STEP step_3_ai_10] CLICK: OK
2026-01-19T03:52:52.6669818Z     🎯 Using AI-provided locator: button
2026-01-19T03:52:52.6689177Z     🔍 Mining locators for: 'OK'
2026-01-19T03:52:52.7295183Z     ✅ Found 2 verified locators
2026-01-19T03:52:56.3073699Z     ✅ State transitioned.
2026-01-19T03:52:57.7848988Z [DEBUG] Sending request to gemini-2.0-flash. Number of parts: 2
2026-01-19T03:52:57.7850847Z [DEBUG] Received response (Length: 310)
2026-01-19T03:52:57.7851715Z     🤖 AI Next Step Suggestion: click -> Samsung galaxy s6
2026-01-19T03:52:57.7853055Z     💭 Reasoning: To progress towards the goal of browsing products and testing the purchase flow, I need to select a product. I'm selecting the first available product, 'Samsung galaxy s6', for consistent automation.
2026-01-19T03:52:57.7854089Z     ➕ Injected AI step: click -> Samsung galaxy s6
2026-01-19T03:52:57.7854478Z   ▶️ [STEP step_3_ai_11] CLICK: Samsung galaxy s6
2026-01-19T03:52:57.8000192Z     🔍 Mining locators for: 'Samsung galaxy s6'
2026-01-19T03:52:57.9346992Z     ✅ Found 4 verified locators
2026-01-19T03:53:01.5095085Z     ✅ State transitioned.
2026-01-19T03:53:01.5208912Z     🔄 Revisited state detected (count: 1)
2026-01-19T03:53:03.0155594Z [DEBUG] Sending request to gemini-2.0-flash. Number of parts: 2
2026-01-19T03:53:03.0156070Z [DEBUG] Received response (Length: 259)
2026-01-19T03:53:03.0156677Z     🤖 AI Next Step Suggestion: click -> Add to cart
2026-01-19T03:53:03.0157671Z     💭 Reasoning: The goal is to browse products and test the purchase flow. The current page is a product page, so the next logical step is to add the product to the cart.
2026-01-19T03:53:03.0158522Z     ➕ Injected AI step: click -> Add to cart
2026-01-19T03:53:03.0158901Z   ▶️ [STEP step_3_ai_12] CLICK: Add to cart
2026-01-19T03:53:03.0313852Z     🔍 Mining locators for: 'Add to cart'
2026-01-19T03:53:03.0972651Z     ✅ Found 2 verified locators
2026-01-19T03:53:06.6503681Z     ✅ State transitioned.
2026-01-19T03:53:06.6582862Z     🔄 Revisited state detected (count: 2)
2026-01-19T03:53:08.0277011Z [DEBUG] Sending request to gemini-2.0-flash. Number of parts: 2
2026-01-19T03:53:08.0277649Z [DEBUG] Received response (Length: 193)
2026-01-19T03:53:08.0278401Z     🤖 AI Next Step Suggestion: click -> Cart
2026-01-19T03:53:08.0278921Z     🧩 Suggested Locator: #cartur
2026-01-19T03:53:08.0279910Z     💭 Reasoning: The previous action was adding an item to the cart. Now, proceed to the cart to continue the purchase flow.
2026-01-19T03:53:08.0281069Z     ➕ Injected AI step: click -> Cart
2026-01-19T03:53:08.0281542Z   ▶️ [STEP step_3_ai_13] CLICK: Cart
2026-01-19T03:53:08.0345883Z     🎯 Using AI-provided locator: #cartur
2026-01-19T03:53:08.0407472Z     ✅ Found 1 verified locators
2026-01-19T03:53:12.0828131Z     ✅ State transitioned.
2026-01-19T03:53:12.0943544Z     🔄 Revisited state detected (count: 3)
2026-01-19T03:53:12.0944232Z     ⚠️ Too many revisits (3). Stopping AI step injection to prevent loops.
2026-01-19T03:53:12.0944720Z   ▶️ [STEP step_4] WAIT: 
2026-01-19T03:53:17.6202779Z     ⚠️ Scroll into view failed for text=None. Proceeding anyway.
2026-01-19T03:53:19.6225750Z     ✅ State transitioned.
2026-01-19T03:53:19.6322778Z     🔄 Revisited state detected (count: 4)
2026-01-19T03:53:19.6323567Z     ⚠️ Too many revisits (4). Stopping AI step injection to prevent loops.
2026-01-19T03:53:19.6324015Z   ▶️ [STEP step_5] NAVIGATE: 
2026-01-19T03:53:20.2482695Z     ✅ Navigated to https://www.demoblaze.com/
2026-01-19T03:53:20.2483147Z   ▶️ [STEP step_6] CLICK: Nokia lumia 1520
2026-01-19T03:53:20.2644588Z     🔍 Mining locators for: 'Nokia lumia 1520'
2026-01-19T03:53:20.3631574Z     ✅ Found 4 verified locators
2026-01-19T03:53:23.9390385Z     ✅ State transitioned.
2026-01-19T03:53:25.4998990Z [DEBUG] Sending request to gemini-2.0-flash. Number of parts: 2
2026-01-19T03:53:25.4999613Z [DEBUG] Received response (Length: 242)
2026-01-19T03:53:25.5000472Z     🤖 AI Next Step Suggestion: click -> Add to cart
2026-01-19T03:53:25.5001287Z     🧩 Suggested Locator: a
2026-01-19T03:53:25.5002282Z     💭 Reasoning: The goal is to browse products and test the purchase flow. The current page is a product page, and the next logical step is to add the product to the cart.
2026-01-19T03:53:25.5003035Z     ➕ Injected AI step: click -> Add to cart
2026-01-19T03:53:25.5003370Z   ▶️ [STEP step_6_ai_1] CLICK: Add to cart
2026-01-19T03:53:25.5149853Z     🎯 Using AI-provided locator: a
2026-01-19T03:53:25.5210126Z     ✅ Found 1 verified locators
2026-01-19T03:53:29.5880098Z     ✅ State transitioned.
2026-01-19T03:53:29.5986073Z     🔄 Revisited state detected (count: 1)
2026-01-19T03:53:31.3355843Z [DEBUG] Sending request to gemini-2.0-flash. Number of parts: 2
2026-01-19T03:53:31.3356472Z [DEBUG] Received response (Length: 222)
2026-01-19T03:53:31.3357256Z     🤖 AI Next Step Suggestion: click -> Nexus 6
2026-01-19T03:53:31.3358299Z     💭 Reasoning: To add another product to the cart and continue browsing, I will click on the next available product, which is 'Nexus 6'.
2026-01-19T03:53:31.3359003Z     ➕ Injected AI step: click -> Nexus 6
2026-01-19T03:53:31.3359338Z   ▶️ [STEP step_6_ai_2] CLICK: Nexus 6
2026-01-19T03:53:31.3509591Z     🔍 Mining locators for: 'Nexus 6'
2026-01-19T03:53:31.4521040Z     ✅ Found 4 verified locators
2026-01-19T03:53:35.0236343Z     ✅ State transitioned.
2026-01-19T03:53:36.5681911Z [DEBUG] Sending request to gemini-2.0-flash. Number of parts: 2
2026-01-19T03:53:36.5682641Z [DEBUG] Received response (Length: 251)
2026-01-19T03:53:36.5683517Z     🤖 AI Next Step Suggestion: click -> Add to cart
2026-01-19T03:53:36.5684162Z     🧩 Suggested Locator: a
2026-01-19T03:53:36.5685779Z     💭 Reasoning: The goal is to browse products and test the purchase flow. We are currently on a product page (Nexus 6) and the next logical step is to add the product to the cart.
2026-01-19T03:53:36.5687832Z     ➕ Injected AI step: click -> Add to cart
2026-01-19T03:53:36.5688445Z   ▶️ [STEP step_6_ai_3] CLICK: Add to cart
2026-01-19T03:53:36.5841542Z     🎯 Using AI-provided locator: a
2026-01-19T03:53:36.5901940Z     ✅ Found 1 verified locators
2026-01-19T03:53:40.6546938Z     ✅ State transitioned.
2026-01-19T03:53:40.6670284Z     🔄 Revisited state detected (count: 1)
2026-01-19T03:53:42.1940911Z [DEBUG] Sending request to gemini-2.0-flash. Number of parts: 2
2026-01-19T03:53:42.1941776Z [DEBUG] Received response (Length: 316)
2026-01-19T03:53:42.1942677Z     🤖 AI Next Step Suggestion: click -> Samsung galaxy s6
2026-01-19T03:53:42.1944346Z     💭 Reasoning: The goal is to browse products and test the purchase flow. The last actions were adding Nokia Lumia 1520 and Nexus 6 to the cart. Now, clicking on another product, Samsung galaxy s6, to add it to the cart.
2026-01-19T03:53:42.1945786Z     ➕ Injected AI step: click -> Samsung galaxy s6
2026-01-19T03:53:42.1964746Z   ▶️ [STEP step_6_ai_4] CLICK: Samsung galaxy s6
2026-01-19T03:53:42.2099810Z     🔍 Mining locators for: 'Samsung galaxy s6'
2026-01-19T03:53:42.2971975Z     ✅ Found 4 verified locators
2026-01-19T03:53:45.8711151Z     ✅ State transitioned.
2026-01-19T03:53:45.8817970Z     🔄 Revisited state detected (count: 2)
2026-01-19T03:53:47.3437920Z [DEBUG] Sending request to gemini-2.0-flash. Number of parts: 2
2026-01-19T03:53:47.3438661Z [DEBUG] Received response (Length: 260)
2026-01-19T03:53:47.3439311Z     🤖 AI Next Step Suggestion: click -> Add to cart
2026-01-19T03:53:47.3440321Z     💭 Reasoning: The goal is to browse products and test the purchase flow. The current page is a product page, and the next logical step is to add the product to the cart.
2026-01-19T03:53:47.3441354Z     ➕ Injected AI step: click -> Add to cart
2026-01-19T03:53:47.3441680Z   ▶️ [STEP step_6_ai_5] CLICK: Add to cart
2026-01-19T03:53:47.3504501Z     🔍 Mining locators for: 'Add to cart'
2026-01-19T03:53:47.4104810Z     ✅ Found 2 verified locators
2026-01-19T03:53:51.0204269Z     ✅ State transitioned.
2026-01-19T03:53:51.0283571Z     🔄 Revisited state detected (count: 3)
2026-01-19T03:53:51.0284495Z     ⚠️ Too many revisits (3). Stopping AI step injection to prevent loops.
2026-01-19T03:53:51.0285252Z   ▶️ [STEP step_7] CLICK: Add to cart
2026-01-19T03:53:51.0337281Z     🔍 Mining locators for: 'Add to cart'
2026-01-19T03:53:51.0916382Z     ✅ Found 2 verified locators
2026-01-19T03:53:54.6354648Z     ✅ State transitioned.
2026-01-19T03:53:54.6436980Z     🔄 Revisited state detected (count: 4)
2026-01-19T03:53:54.6437840Z     ⚠️ Too many revisits (4). Stopping AI step injection to prevent loops.
2026-01-19T03:53:54.6438552Z   ▶️ [STEP step_8] WAIT: 
2026-01-19T03:54:00.1596571Z     ⚠️ Scroll into view failed for text=None. Proceeding anyway.
2026-01-19T03:54:02.1619853Z     ✅ State transitioned.
2026-01-19T03:54:02.1697877Z     🔄 Revisited state detected (count: 5)
2026-01-19T03:54:02.1699164Z     ⚠️ Too many revisits (5). Stopping AI step injection to prevent loops.
2026-01-19T03:54:02.1699880Z   ▶️ [STEP step_9] CLICK: Cart
2026-01-19T03:54:02.1751359Z     🔍 Mining locators for: 'Cart'
2026-01-19T03:54:02.2380200Z     ✅ Found 5 verified locators
2026-01-19T03:54:05.8017242Z     ✅ State transitioned.
2026-01-19T03:54:05.8097550Z     🔄 Revisited state detected (count: 6)
2026-01-19T03:54:05.8098364Z     ⚠️ Too many revisits (6). Stopping AI step injection to prevent loops.
2026-01-19T03:54:05.8099057Z   ▶️ [STEP step_10] ASSERT_URL: 
2026-01-19T03:54:11.3260137Z     ⚠️ Scroll into view failed for text=None. Proceeding anyway.
2026-01-19T03:54:13.3283576Z     ✅ State transitioned.
2026-01-19T03:54:13.3361826Z     🔄 Revisited state detected (count: 7)
2026-01-19T03:54:13.3362788Z     ⚠️ Too many revisits (7). Stopping AI step injection to prevent loops.
2026-01-19T03:54:13.3363724Z   ▶️ [STEP step_11] ASSERT_VISIBLE: Samsung galaxy s6
2026-01-19T03:54:13.3412633Z     🔍 Mining locators for: 'Samsung galaxy s6'
2026-01-19T03:54:13.3888323Z     ✅ Found 2 verified locators
2026-01-19T03:54:15.9143318Z     ✅ State transitioned.
2026-01-19T03:54:15.9219018Z     🔄 Revisited state detected (count: 8)
2026-01-19T03:54:15.9219933Z     ⚠️ Too many revisits (8). Stopping AI step injection to prevent loops.
2026-01-19T03:54:15.9220972Z   ▶️ [STEP step_12] ASSERT_VISIBLE: Nokia lumia 1520
2026-01-19T03:54:15.9281306Z     🔍 Mining locators for: 'Nokia lumia 1520'
2026-01-19T03:54:15.9612601Z     🧠 Consulting AI (Vision-First) to find 'Nokia lumia 1520'...
2026-01-19T03:54:15.9613463Z     🔍 Trying smart selectors for 'Nokia lumia 1520'...
2026-01-19T03:54:16.0219858Z     ⚠️ Smart selectors failed (no unique match). Falling back to AI Vision...
2026-01-19T03:54:16.0222476Z     🧠 [EXPERT] Strategy: Act as a Senior SDET focusing on e-commerce flow automation and conversion funnel reliability. Focus on the complete shopping funnel (Search -> Product Selection -> Add to Cart -> Checkout). CRITICAL: Identify SEARCH BARS, magnifying glass icons, and 'Add to Cart' buttons as primary automation targets. Dismiss popups that block the flow. For product lists, default to selecting the FIRST available item for consistent automation.
2026-01-19T03:54:17.5140471Z [DEBUG] Sending request to gemini-2.0-flash. Number of parts: 2
2026-01-19T03:54:17.5141140Z [DEBUG] Received response (Length: 315)
2026-01-19T03:54:17.5142318Z     💡 Expert Suggestion: The target product 'Nokia lumia 1520' is not visible on the current page. Navigating to the 'Home' page might reveal a search bar or product listing where the target can be found.
2026-01-19T03:54:17.5143219Z     🛠️ Executing corrective action: click -> 'Home'
2026-01-19T03:54:18.1311398Z     ✅ Executed corrective navigation
2026-01-19T03:54:20.1334728Z     🔄 Retry 1/3 mining locators for 'Nokia lumia 1520'...
2026-01-19T03:54:21.2557794Z     ✅ Found 4 verified locators
2026-01-19T03:54:23.7973357Z     ✅ State transitioned.
2026-01-19T03:54:25.2559323Z [DEBUG] Sending request to gemini-2.0-flash. Number of parts: 2
2026-01-19T03:54:25.2559994Z [DEBUG] Received response (Length: 213)
2026-01-19T03:54:25.2561210Z     🤖 AI Next Step Suggestion: click -> Samsung galaxy s7
2026-01-19T03:54:25.2563908Z     💭 Reasoning: To continue browsing products, I will click on the next available product, which is Samsung galaxy s7.
2026-01-19T03:54:25.2564915Z     ➕ Injected AI step: click -> Samsung galaxy s7
2026-01-19T03:54:25.2565474Z   ▶️ [STEP step_12_ai_1] CLICK: Samsung galaxy s7
2026-01-19T03:54:25.2620359Z     🔍 Mining locators for: 'Samsung galaxy s7'
2026-01-19T03:54:25.3433870Z     ✅ Found 4 verified locators
2026-01-19T03:54:28.9191935Z     ✅ State transitioned.
2026-01-19T03:54:30.5048237Z [DEBUG] Sending request to gemini-2.0-flash. Number of parts: 2
2026-01-19T03:54:30.5048908Z [DEBUG] Received response (Length: 263)
2026-01-19T03:54:30.5049749Z     🤖 AI Next Step Suggestion: click -> Add to cart
2026-01-19T03:54:30.5051450Z     💭 Reasoning: The current page is a product page, and the goal is to test the purchase flow. Clicking 'Add to cart' is the next logical step to add the product to the cart.
2026-01-19T03:54:30.5053148Z     ➕ Injected AI step: click -> Add to cart
2026-01-19T03:54:30.5053937Z   ▶️ [STEP step_12_ai_2] CLICK: Add to cart
2026-01-19T03:54:30.5194195Z     🔍 Mining locators for: 'Add to cart'
2026-01-19T03:54:30.5756667Z     ✅ Found 2 verified locators
2026-01-19T03:54:34.1326459Z     ✅ State transitioned.
2026-01-19T03:54:35.6934850Z [DEBUG] Sending request to gemini-2.0-flash. Number of parts: 2
2026-01-19T03:54:35.6935472Z [DEBUG] Received response (Length: 266)
2026-01-19T03:54:35.6936232Z     🤖 AI Next Step Suggestion: click -> Add to cart
2026-01-19T03:54:35.6936626Z     🧩 Suggested Locator: a:contains('Add to cart')
2026-01-19T03:54:35.6937458Z     💭 Reasoning: The goal is to browse products and test the purchase flow. The current page is a product page, and the next logical step is to add the product to the cart.
2026-01-19T03:54:35.6938335Z ⚠️ Loop detected: same AI suggestion repeated 2 times. Moving to next step.
2026-01-19T03:54:37.7323723Z 🗂️  All generated tests written to /home/runner/work/build_qa_automation/build_qa_automation/projects/ci_demoblaze_store/tests/generated_scenarios.json
2026-01-19T03:54:37.7354483Z 🔄 Updated workflow.json with discovered steps and locators.
2026-01-19T03:54:37.7354872Z 
2026-01-19T03:54:37.7355018Z ✅ Deep Exploration Complete.
2026-01-19T03:57:39.1964918Z 
2026-01-19T03:57:39.1965715Z 🚀 [EXECUTE] Starting Automation Execution Engine
2026-01-19T03:57:39.1966577Z 📍 Project: ci_demoblaze_store
2026-01-19T03:57:39.1967025Z 🎬 Mode: Headless
2026-01-19T03:57:39.1967224Z 
2026-01-19T03:57:39.1967409Z --- Scenario: Browse and Purchase Flow ---
2026-01-19T03:57:39.1968013Z   ▶️ [STEP step_1] NAVIGATE: Step step_1
2026-01-19T03:57:39.1968512Z     ✅ Step step_1 Passed.
2026-01-19T03:57:39.1968982Z   ▶️ [STEP step_2] ASSERT_URL: Step step_2
2026-01-19T03:57:39.1969455Z     ✅ Step step_2 Passed.
2026-01-19T03:57:39.1969971Z   ▶️ [STEP step_2_ai_1] CLICK: Samsung galaxy s6
2026-01-19T03:57:39.1970857Z     🎯 Using mined locator: role=link[name='Samsung galaxy s6']
2026-01-19T03:57:39.1971484Z     ✅ Step step_2_ai_1 Passed.
2026-01-19T03:57:39.1972001Z   ▶️ [STEP step_2_ai_2] CLICK: Add to cart
2026-01-19T03:57:39.1972620Z     🎯 Using mined locator: role=link[name='Add to cart']
2026-01-19T03:57:39.1973183Z     ✅ Step step_2_ai_2 Passed.
2026-01-19T03:57:39.1973668Z   ▶️ [STEP step_2_ai_3] CLICK: Cart
2026-01-19T03:57:39.1974178Z     🎯 Using mined locator: #cartur
2026-01-19T03:57:39.1974677Z     ✅ Step step_2_ai_3 Passed.
2026-01-19T03:57:39.1975190Z   ▶️ [STEP step_2_ai_4] CLICK: Place Order
2026-01-19T03:57:39.1975784Z     🎯 Using mined locator: role=button[name='Place Order']
2026-01-19T03:57:39.1976144Z     ✅ Step step_2_ai_4 Passed.
2026-01-19T03:57:39.1976413Z   ▶️ [STEP step_2_ai_5] FILL: Name:
2026-01-19T03:57:39.1976706Z     🎯 Using mined locator: input[id='name']
2026-01-19T03:57:39.1976989Z     ✅ Step step_2_ai_5 Passed.
2026-01-19T03:57:39.1977273Z   ▶️ [STEP step_2_ai_6] FILL: Country:
2026-01-19T03:57:39.1977564Z     🎯 Using mined locator: #country
2026-01-19T03:57:39.1978083Z     ✅ Step step_2_ai_6 Passed.
2026-01-19T03:57:39.1978543Z   ▶️ [STEP step_2_ai_7] FILL: City:
2026-01-19T03:57:39.1978841Z     🎯 Using mined locator: input[id='city']
2026-01-19T03:57:39.1979126Z     ✅ Step step_2_ai_7 Passed.
2026-01-19T03:57:39.1979388Z   ▶️ [STEP step_2_ai_8] FILL: Credit card:
2026-01-19T03:57:39.1979669Z     🎯 Using mined locator: #card
2026-01-19T03:57:39.1979929Z     ✅ Step step_2_ai_8 Passed.
2026-01-19T03:57:39.1980181Z   ▶️ [STEP step_2_ai_9] FILL: Month:
2026-01-19T03:57:39.1980474Z     🎯 Using mined locator: input[id='month']
2026-01-19T03:57:39.1981228Z     ✅ Step step_2_ai_9 Passed.
2026-01-19T03:57:39.1981660Z   ▶️ [STEP step_2_ai_10] FILL: Year:
2026-01-19T03:57:39.1982105Z     🎯 Using mined locator: input#year
2026-01-19T03:57:39.1982583Z     ✅ Step step_2_ai_10 Passed.
2026-01-19T03:57:39.1983453Z   ▶️ [STEP step_2_ai_11] CLICK: Purchase
2026-01-19T03:57:39.1984024Z     🎯 Using mined locator: role=button[name='Purchase']
2026-01-19T03:57:39.1984552Z     ✅ Step step_2_ai_11 Passed.
2026-01-19T03:57:39.1985476Z   ▶️ [STEP step_2_ai_12] CLICK: OK
2026-01-19T03:57:39.1985885Z     🎯 Using mined locator: role=button[name='OK']
2026-01-19T03:57:39.1986223Z     ✅ Step step_2_ai_12 Passed.
2026-01-19T03:57:39.1986789Z   ▶️ [STEP step_2_ai_13] CLICK: Samsung galaxy s6
2026-01-19T03:57:39.1987537Z     🎯 Using mined locator: role=link[name='Samsung galaxy s6']
2026-01-19T03:57:39.1988203Z     ✅ Step step_2_ai_13 Passed.
2026-01-19T03:57:39.1988714Z   ▶️ [STEP step_2_ai_14] CLICK: Add to cart
2026-01-19T03:57:39.1989334Z     🎯 Using mined locator: role=link[name='Add to cart']
2026-01-19T03:57:39.1989931Z     ✅ Step step_2_ai_14 Passed.
2026-01-19T03:57:39.1990391Z   ▶️ [STEP step_2_ai_15] CLICK: Cart
2026-01-19T03:57:39.1991082Z     🎯 Using mined locator: #cartur
2026-01-19T03:57:39.1991560Z     ✅ Step step_2_ai_15 Passed.
2026-01-19T03:57:39.1992093Z   ▶️ [STEP step_3] CLICK: Samsung galaxy s6
2026-01-19T03:57:39.1992608Z     ✅ Step step_3 Passed.
2026-01-19T03:57:39.1993052Z   ▶️ [STEP step_6] WAIT: Step step_6
2026-01-19T03:57:39.1993593Z     ✅ Step step_6 Passed.
2026-01-19T03:57:39.1994034Z   ▶️ [STEP step_6_ai_1] CLICK: Place Order
2026-01-19T03:57:39.1994651Z     🎯 Using mined locator: role=button[name='Place Order']
2026-01-19T03:57:39.1995241Z     ✅ Step step_6_ai_1 Passed.
2026-01-19T03:57:39.1995699Z   ▶️ [STEP step_6_ai_2] FILL: Name:
2026-01-19T03:57:39.1996196Z     🎯 Using mined locator: input[id='name']
2026-01-19T03:57:39.1996697Z     ✅ Step step_6_ai_2 Passed.
2026-01-19T03:57:39.1997154Z   ▶️ [STEP step_6_ai_3] FILL: Country:
2026-01-19T03:57:39.1997677Z     🎯 Using mined locator: #country
2026-01-19T03:57:39.1998269Z     ✅ Step step_6_ai_3 Passed.
2026-01-19T03:57:39.1998766Z   ▶️ [STEP step_7] CLICK: Cart
2026-01-19T03:57:39.1999305Z     🎯 Using mined locator: role=link[name='Cart']
2026-01-19T03:57:39.1999850Z     ✅ Step step_7 Passed.
2026-01-19T03:57:39.2000125Z   ▶️ [STEP step_7_ai_1] CLICK: Place Order
2026-01-19T03:57:39.2000476Z     🎯 Using mined locator: role=button[name='Place Order']
2026-01-19T03:57:39.2001002Z     ✅ Step step_7_ai_1 Passed.
2026-01-19T03:57:39.2001474Z   ▶️ [STEP step_7_ai_2] FILL: City:
2026-01-19T03:57:39.2001975Z     🎯 Using mined locator: input[id='city']
2026-01-19T03:57:39.2002483Z     ❌ Attempt 1 failed (timeout): Locator.scroll_into_view_if_needed: Timeout 9995ms exceeded.
2026-01-19T03:57:39.2003011Z Call log:
2026-01-19T03:57:39.2003297Z   - attempting scroll into vi...
2026-01-19T03:57:39.2003830Z     🔧 [AUTO-HEAL] Re-mining page to find 'City:'...
2026-01-19T03:57:39.2004495Z [DEBUG] Sending request to gemini-2.0-flash. Number of parts: 2
2026-01-19T03:57:39.2005084Z [DEBUG] Received response (Length: 465)
2026-01-19T03:57:39.2007571Z     ✨ AI successfully healed the step! Found 2 alternatives.
2026-01-19T03:57:39.2008289Z     ✨ AI successfully healed the step! New selector: a[href*='order']
2026-01-19T03:57:39.2009310Z     ❌ Attempt 2 failed (element_not_found): Locator.scroll_into_view_if_needed: Timeout 10000ms exceeded.
2026-01-19T03:57:39.2009995Z Call log:
2026-01-19T03:57:39.2010298Z   - waiting for locator("a[h...
2026-01-19T03:57:39.2011027Z     🔧 [AUTO-HEAL] Re-mining page to find 'City:'...
2026-01-19T03:57:39.2011522Z [DEBUG] Sending request to gemini-2.0-flash. Number of parts: 2
2026-01-19T03:57:39.2011872Z [DEBUG] Received response (Length: 495)
2026-01-19T03:57:39.2012252Z     ✨ AI successfully healed the step! Found 2 alternatives.
2026-01-19T03:57:39.2012722Z     ✨ AI successfully healed the step! New selector: a:contains('Place Order')
2026-01-19T03:57:39.2013573Z     ❌ Attempt 3 failed (unknown): Locator.count: SyntaxError: Failed to execute 'querySelectorAll' on 'Document': 'a:contains("Place O...
2026-01-19T03:57:39.2014441Z     💀 Step step_7_ai_2 failed after all retries.
2026-01-19T03:57:39.2014854Z 🛑 Scenario 'Browse and Purchase Flow' aborted due to step failure.
2026-01-19T03:57:39.2015329Z 
2026-01-19T03:57:39.2015438Z --- Scenario: Contact Us Form Submission ---
2026-01-19T03:57:39.2015769Z   ▶️ [STEP step_1] NAVIGATE: Step step_1
2026-01-19T03:57:39.2016184Z     ✅ Step step_1 Passed.
2026-01-19T03:57:39.2016442Z   ▶️ [STEP step_2] CLICK: Contact
2026-01-19T03:57:39.2017118Z     🎯 Using mined locator: role=link[name='Contact']
2026-01-19T03:57:39.2017446Z     ✅ Step step_2 Passed.
2026-01-19T03:57:39.2017704Z   ▶️ [STEP step_2_ai_1] CLICK: Close
2026-01-19T03:57:39.2018016Z     🎯 Using mined locator: role=button[name='Close']
2026-01-19T03:57:39.2018325Z     ✅ Step step_2_ai_1 Passed.
2026-01-19T03:57:39.2018614Z   ▶️ [STEP step_2_ai_2] CLICK: Samsung galaxy s6
2026-01-19T03:57:39.2018990Z     🎯 Using mined locator: role=link[name='Samsung galaxy s6']
2026-01-19T03:57:39.2019328Z     ✅ Step step_2_ai_2 Passed.
2026-01-19T03:57:39.2019604Z   ▶️ [STEP step_2_ai_3] CLICK: Add to cart
2026-01-19T03:57:39.2019948Z     🎯 Using mined locator: role=link[name='Add to cart']
2026-01-19T03:57:39.2020287Z     ✅ Step step_2_ai_3 Passed.
2026-01-19T03:57:39.2020544Z   ▶️ [STEP step_2_ai_4] CLICK: Cart
2026-01-19T03:57:39.2021083Z     🎯 Using mined locator: #cartur
2026-01-19T03:57:39.2021352Z     ✅ Step step_2_ai_4 Passed.
2026-01-19T03:57:39.2021625Z   ▶️ [STEP step_2_ai_5] CLICK: Place Order
2026-01-19T03:57:39.2021971Z     🎯 Using mined locator: role=button[name='Place Order']
2026-01-19T03:57:39.2022302Z     ✅ Step step_2_ai_5 Passed.
2026-01-19T03:57:39.2022555Z   ▶️ [STEP step_2_ai_6] FILL: Name:
2026-01-19T03:57:39.2022836Z     🎯 Using mined locator: input[id='name']
2026-01-19T03:57:39.2023115Z     ✅ Step step_2_ai_6 Passed.
2026-01-19T03:57:39.2023366Z   ▶️ [STEP step_2_ai_7] FILL: Country:
2026-01-19T03:57:39.2023668Z     🎯 Using mined locator: input[id='country']
2026-01-19T03:57:39.2023958Z     ✅ Step step_2_ai_7 Passed.
2026-01-19T03:57:39.2024206Z   ▶️ [STEP step_2_ai_8] FILL: City:
2026-01-19T03:57:39.2024477Z     🎯 Using mined locator: input[id='city']
2026-01-19T03:57:39.2024770Z     ✅ Step step_2_ai_8 Passed.
2026-01-19T03:57:39.2025030Z   ▶️ [STEP step_2_ai_9] FILL: Credit card:
2026-01-19T03:57:39.2025310Z     🎯 Using mined locator: #card
2026-01-19T03:57:39.2025573Z     ✅ Step step_2_ai_9 Passed.
2026-01-19T03:57:39.2025831Z   ▶️ [STEP step_2_ai_10] FILL: Month:
2026-01-19T03:57:39.2026210Z     🎯 Using mined locator: input[id='month']
2026-01-19T03:57:39.2026501Z     ✅ Step step_2_ai_10 Passed.
2026-01-19T03:57:39.2026752Z   ▶️ [STEP step_2_ai_11] FILL: Year:
2026-01-19T03:57:39.2027019Z     🎯 Using mined locator: #year
2026-01-19T03:57:39.2027277Z     ✅ Step step_2_ai_11 Passed.
2026-01-19T03:57:39.2027541Z   ▶️ [STEP step_2_ai_12] CLICK: Purchase
2026-01-19T03:57:39.2027868Z     🎯 Using mined locator: role=button[name='Purchase']
2026-01-19T03:57:39.2028188Z     ✅ Step step_2_ai_12 Passed.
2026-01-19T03:57:39.2028445Z   ▶️ [STEP step_2_ai_13] CLICK: OK
2026-01-19T03:57:39.2028740Z     🎯 Using mined locator: role=button[name='OK']
2026-01-19T03:57:39.2029051Z     ✅ Step step_2_ai_13 Passed.
2026-01-19T03:57:39.2029328Z   ▶️ [STEP step_2_ai_14] CLICK: Samsung galaxy s6
2026-01-19T03:57:39.2029706Z     🎯 Using mined locator: role=link[name='Samsung galaxy s6']
2026-01-19T03:57:39.2030050Z     ✅ Step step_2_ai_14 Passed.
2026-01-19T03:57:39.2030311Z   ▶️ [STEP step_2_ai_15] CLICK: Add to cart
2026-01-19T03:57:39.2030826Z     🎯 Using mined locator: role=link[name='Add to cart']
2026-01-19T03:57:39.2031162Z     ✅ Step step_2_ai_15 Passed.
2026-01-19T03:57:39.2031416Z   ▶️ [STEP step_2_ai_16] CLICK: Cart
2026-01-19T03:57:39.2031690Z     🎯 Using mined locator: #cartur
2026-01-19T03:57:39.2031948Z     ✅ Step step_2_ai_16 Passed.
2026-01-19T03:57:39.2032229Z   ▶️ [STEP step_3] ASSERT_VISIBLE: Contact Email:
2026-01-19T03:57:39.2032548Z     🎯 Using mined locator: #recipient-name
2026-01-19T03:57:39.2032951Z     ❌ Attempt 1 failed (element_not_found): Locator expected to be visible
2026-01-19T03:57:39.2033294Z Actual value: hidden 
2026-01-19T03:57:39.2033652Z Call log:
2026-01-19T03:57:39.2033838Z   - Expect "to_be_visible" with timeo...
2026-01-19T03:57:39.2034201Z     🔧 [AUTO-HEAL] Re-mining page to find 'Contact Email:'...
2026-01-19T03:57:39.2034691Z [DEBUG] Sending request to gemini-2.0-flash. Number of parts: 2
2026-01-19T03:57:39.2035031Z [DEBUG] Received response (Length: 498)
2026-01-19T03:57:39.2035388Z     ✨ AI successfully healed the step! Found 2 alternatives.
2026-01-19T03:57:39.2035865Z     ✨ AI successfully healed the step! New selector: a[href*='demo@blazemeter.com']
2026-01-19T03:57:39.2036386Z     ❌ Attempt 2 failed (element_not_found): Locator expected to be visible
2026-01-19T03:57:39.2036715Z Actual value: None
2026-01-19T03:57:39.2036908Z Error: element(s) not found 
2026-01-19T03:57:39.2037111Z Call log:
2026-01-19T03:57:39.2037274Z   - Expect ...
2026-01-19T03:57:39.2037555Z     🔧 [AUTO-HEAL] Re-mining page to find 'Contact Email:'...
2026-01-19T03:57:39.2037925Z [DEBUG] Sending request to gemini-2.0-flash. Number of parts: 2
2026-01-19T03:57:39.2038264Z [DEBUG] Received response (Length: 38)
2026-01-19T03:57:39.2038644Z     ❌ AI could not re-locate the element. Waiting 1s before next retry.
2026-01-19T03:57:39.2039120Z     ❌ Attempt 3 failed (element_not_found): Locator expected to be visible
2026-01-19T03:57:39.2039448Z Actual value: None
2026-01-19T03:57:39.2039639Z Error: element(s) not found 
2026-01-19T03:57:39.2039839Z Call log:
2026-01-19T03:57:39.2039991Z   - Expect ...
2026-01-19T03:57:39.2040225Z     💀 Step step_3 failed after all retries.
2026-01-19T03:57:39.2040811Z 🛑 Scenario 'Contact Us Form Submission' aborted due to step failure.
2026-01-19T03:57:39.2041083Z 
2026-01-19T03:57:39.2041184Z --- Scenario: Add multiple items to cart ---
2026-01-19T03:57:39.2041507Z   ▶️ [STEP step_1] NAVIGATE: Step step_1
2026-01-19T03:57:39.2041786Z     ✅ Step step_1 Passed.
2026-01-19T03:57:39.2042040Z   ▶️ [STEP step_2] CLICK: Samsung galaxy s6
2026-01-19T03:57:39.2042401Z     🎯 Using mined locator: role=link[name='Samsung galaxy s6']
2026-01-19T03:57:39.2042741Z     ✅ Step step_2 Passed.
2026-01-19T03:57:39.2042990Z   ▶️ [STEP step_3] CLICK: Add to cart
2026-01-19T03:57:39.2043317Z     🎯 Using mined locator: role=link[name='Add to cart']
2026-01-19T03:57:39.2043628Z     ✅ Step step_3 Passed.
2026-01-19T03:59:12.7997372Z   ▶️ [STEP step_3_ai_1] CLICK: Cart
2026-01-19T03:59:12.7997972Z     🎯 Using mined locator: #cartur
2026-01-19T03:59:12.7998419Z     ✅ Step step_3_ai_1 Passed.
2026-01-19T03:59:12.7998859Z   ▶️ [STEP step_3_ai_2] CLICK: Place Order
2026-01-19T03:59:12.7999435Z     🎯 Using mined locator: role=button[name='Place Order']
2026-01-19T03:59:12.7999990Z     ✅ Step step_3_ai_2 Passed.
2026-01-19T03:59:12.8000401Z   ▶️ [STEP step_3_ai_3] FILL: Name:
2026-01-19T03:59:12.8001232Z     🎯 Using mined locator: input[id='name']
2026-01-19T03:59:12.8001691Z     ✅ Step step_3_ai_3 Passed.
2026-01-19T03:59:12.8002093Z   ▶️ [STEP step_3_ai_4] FILL: Country:
2026-01-19T03:59:12.8002531Z     🎯 Using mined locator: #country
2026-01-19T03:59:12.8002986Z     ✅ Step step_3_ai_4 Passed.
2026-01-19T03:59:12.8003373Z   ▶️ [STEP step_3_ai_5] FILL: City:
2026-01-19T03:59:12.8003823Z     🎯 Using mined locator: input[id='city']
2026-01-19T03:59:12.8005975Z     ✅ Step step_3_ai_5 Passed.
2026-01-19T03:59:12.8006604Z   ▶️ [STEP step_3_ai_6] FILL: Credit card:
2026-01-19T03:59:12.8007108Z     🎯 Using mined locator: input[id='card']
2026-01-19T03:59:12.8007568Z     ✅ Step step_3_ai_6 Passed.
2026-01-19T03:59:12.8007970Z   ▶️ [STEP step_3_ai_7] FILL: Month:
2026-01-19T03:59:12.8008434Z     🎯 Using mined locator: input[id='month']
2026-01-19T03:59:12.8008876Z     ✅ Step step_3_ai_7 Passed.
2026-01-19T03:59:12.8009254Z   ▶️ [STEP step_3_ai_8] FILL: Year:
2026-01-19T03:59:12.8009680Z     🎯 Using mined locator: input#year
2026-01-19T03:59:12.8010082Z     ✅ Step step_3_ai_8 Passed.
2026-01-19T03:59:12.8010492Z   ▶️ [STEP step_3_ai_9] CLICK: Purchase
2026-01-19T03:59:12.8011192Z     🎯 Using mined locator: role=button[name='Purchase']
2026-01-19T03:59:12.8011952Z     ✅ Step step_3_ai_9 Passed.
2026-01-19T03:59:12.8012332Z   ▶️ [STEP step_3_ai_10] CLICK: OK
2026-01-19T03:59:12.8012805Z     🎯 Using mined locator: role=button[name='OK']
2026-01-19T03:59:12.8013277Z     ✅ Step step_3_ai_10 Passed.
2026-01-19T03:59:12.8013718Z   ▶️ [STEP step_3_ai_11] CLICK: Samsung galaxy s6
2026-01-19T03:59:12.8014304Z     🎯 Using mined locator: role=link[name='Samsung galaxy s6']
2026-01-19T03:59:12.8014823Z     ✅ Step step_3_ai_11 Passed.
2026-01-19T03:59:12.8015237Z   ▶️ [STEP step_3_ai_12] CLICK: Add to cart
2026-01-19T03:59:12.8015752Z     🎯 Using mined locator: role=link[name='Add to cart']
2026-01-19T03:59:12.8016243Z     ✅ Step step_3_ai_12 Passed.
2026-01-19T03:59:12.8016653Z   ▶️ [STEP step_3_ai_13] CLICK: Cart
2026-01-19T03:59:12.8017060Z     🎯 Using mined locator: #cartur
2026-01-19T03:59:12.8017460Z     ✅ Step step_3_ai_13 Passed.
2026-01-19T03:59:12.8017852Z   ▶️ [STEP step_4] WAIT: Step step_4
2026-01-19T03:59:12.8018265Z     ✅ Step step_4 Passed.
2026-01-19T03:59:12.8018669Z   ▶️ [STEP step_5] NAVIGATE: Step step_5
2026-01-19T03:59:12.8019090Z     ✅ Step step_5 Passed.
2026-01-19T03:59:12.8019475Z   ▶️ [STEP step_6] CLICK: Nokia lumia 1520
2026-01-19T03:59:12.8020040Z     🎯 Using mined locator: role=link[name='Nokia lumia 1520']
2026-01-19T03:59:12.8020529Z     ✅ Step step_6 Passed.
2026-01-19T03:59:12.8021108Z   ▶️ [STEP step_6_ai_1] CLICK: Add to cart
2026-01-19T03:59:12.8021546Z     🎯 Using mined locator: a
2026-01-19T03:59:12.8021928Z     ✅ Step step_6_ai_1 Passed.
2026-01-19T03:59:12.8022335Z   ▶️ [STEP step_6_ai_2] CLICK: Nexus 6
2026-01-19T03:59:12.8022848Z     🎯 Using mined locator: role=link[name='Nexus 6']
2026-01-19T03:59:12.8023305Z     ✅ Step step_6_ai_2 Passed.
2026-01-19T03:59:12.8023698Z   ▶️ [STEP step_6_ai_3] CLICK: Add to cart
2026-01-19T03:59:12.8024121Z     🎯 Using mined locator: a
2026-01-19T03:59:12.8024483Z     ✅ Step step_6_ai_3 Passed.
2026-01-19T03:59:12.8024906Z   ▶️ [STEP step_6_ai_4] CLICK: Samsung galaxy s6
2026-01-19T03:59:12.8025489Z     🎯 Using mined locator: role=link[name='Samsung galaxy s6']
2026-01-19T03:59:12.8025991Z     ✅ Step step_6_ai_4 Passed.
2026-01-19T03:59:12.8026373Z   ▶️ [STEP step_6_ai_5] CLICK: Add to cart
2026-01-19T03:59:12.8026884Z     🎯 Using mined locator: role=link[name='Add to cart']
2026-01-19T03:59:12.8027363Z     ✅ Step step_6_ai_5 Passed.
2026-01-19T03:59:12.8027754Z   ▶️ [STEP step_7] CLICK: Add to cart
2026-01-19T03:59:12.8028222Z     🎯 Using mined locator: role=link[name='Add to cart']
2026-01-19T03:59:12.8028698Z     ✅ Step step_7 Passed.
2026-01-19T03:59:12.8029069Z   ▶️ [STEP step_8] WAIT: Step step_8
2026-01-19T03:59:12.8029458Z     ✅ Step step_8 Passed.
2026-01-19T03:59:12.8029807Z   ▶️ [STEP step_9] CLICK: Cart
2026-01-19T03:59:12.8030269Z     🎯 Using mined locator: role=link[name='Add to cart']
2026-01-19T03:59:12.8030900Z     ✅ Step step_9 Passed.
2026-01-19T03:59:12.8031490Z   ▶️ [STEP step_10] ASSERT_URL: Step step_10
2026-01-19T03:59:12.8031952Z     ✅ Step step_10 Passed.
2026-01-19T03:59:12.8032453Z   ▶️ [STEP step_11] ASSERT_VISIBLE: Samsung galaxy s6
2026-01-19T03:59:12.8033017Z     🎯 Using mined locator: text='Samsung galaxy s6'
2026-01-19T03:59:12.8033697Z     ✅ Step step_11 Passed.
2026-01-19T03:59:12.8034150Z   ▶️ [STEP step_12] ASSERT_VISIBLE: Nokia lumia 1520
2026-01-19T03:59:12.8034799Z     ⚠️ Mined locators not found on page. Falling back to semantic search.
2026-01-19T03:59:12.8035553Z     ❌ Attempt 1 failed (element_not_found): Locator expected to be visible
2026-01-19T03:59:12.8036069Z Actual value: None
2026-01-19T03:59:12.8036364Z Error: element(s) not found 
2026-01-19T03:59:12.8036670Z Call log:
2026-01-19T03:59:12.8036924Z   - Expect ...
2026-01-19T03:59:12.8037373Z     🔧 [AUTO-HEAL] Re-mining page to find 'Nokia lumia 1520'...
2026-01-19T03:59:12.8037945Z [DEBUG] Sending request to gemini-2.0-flash. Number of parts: 2
2026-01-19T03:59:12.8038429Z [DEBUG] Received response (Length: 507)
2026-01-19T03:59:12.8038965Z     ✨ AI successfully healed the step! Found 2 alternatives.
2026-01-19T03:59:12.8040086Z     ✨ AI successfully healed the step! New selector: body > div > div:nth-child(2) > div:nth-child(1) > a
2026-01-19T03:59:12.8041264Z     ❌ Attempt 2 failed (element_not_found): Locator expected to be visible
2026-01-19T03:59:12.8041769Z Actual value: None
2026-01-19T03:59:12.8042057Z Error: element(s) not found 
2026-01-19T03:59:12.8042368Z Call log:
2026-01-19T03:59:12.8042603Z   - Expect ...
2026-01-19T03:59:12.8043042Z     🔧 [AUTO-HEAL] Re-mining page to find 'Nokia lumia 1520'...
2026-01-19T03:59:12.8043616Z [DEBUG] Sending request to gemini-2.0-flash. Number of parts: 2
2026-01-19T03:59:12.8044124Z [DEBUG] Received response (Length: 440)
2026-01-19T03:59:12.8044649Z     ✨ AI successfully healed the step! Found 2 alternatives.
2026-01-19T03:59:12.8045396Z     ✨ AI successfully healed the step! New selector: body > div > div:nth-child(2) > a
2026-01-19T03:59:12.8046217Z     ❌ Attempt 3 failed (element_not_found): Locator expected to be visible
2026-01-19T03:59:12.8046743Z Actual value: None
2026-01-19T03:59:12.8047023Z Error: element(s) not found 
2026-01-19T03:59:12.8047330Z Call log:
2026-01-19T03:59:12.8047563Z   - Expect ...
2026-01-19T03:59:12.8047933Z     💀 Step step_12 failed after all retries.
2026-01-19T03:59:12.8048544Z 🛑 Scenario 'Add multiple items to cart' aborted due to step failure.
2026-01-19T03:59:12.8048953Z 
2026-01-19T03:59:12.8049106Z ============================================================
2026-01-19T03:59:12.8049544Z 🎯 EXECUTION SUMMARY
2026-01-19T03:59:12.8049854Z ============================================================
2026-01-19T03:59:12.8050147Z 
2026-01-19T03:59:12.8050305Z 📋 Scenario Overview:
2026-01-19T03:59:12.8050822Z    • Total Scenarios Planned: 3
2026-01-19T03:59:12.8051229Z    • Scenarios Executed: 3
2026-01-19T03:59:12.8051614Z    • Total Steps Executed: 74
2026-01-19T03:59:12.8051839Z 
2026-01-19T03:59:12.8051973Z ✅ Results:
2026-01-19T03:59:12.8052263Z    ❌ Failed: 3 (100%)
2026-01-19T03:59:12.8052454Z 
2026-01-19T03:59:12.8052615Z ⚠️  Failed Scenarios:
2026-01-19T03:59:12.8052957Z    • Browse and Purchase Flow
2026-01-19T03:59:12.8053342Z    • Contact Us Form Submission
2026-01-19T03:59:12.8053793Z    • Add multiple items to cart
2026-01-19T03:59:12.8054020Z 
2026-01-19T03:59:12.8054170Z ============================================================
2026-01-19T03:59:12.8054458Z 
2026-01-19T03:59:12.8055206Z 🏁 Execution Finished. Report: /home/runner/work/build_qa_automation/build_qa_automation/projects/ci_demoblaze_store/execution.json
2026-01-19T03:59:12.9100988Z 
2026-01-19T03:59:12.9101524Z [PHASE] Running Phase: DISCOVERY
2026-01-19T03:59:12.9103435Z    Command: /opt/hostedtoolcache/Python/3.11.14/x64/bin/python /home/runner/work/build_qa_automation/build_qa_automation/core/agents/discovery.py --project /home/runner/work/build_qa_automation/build_qa_automation/projects/ci_demoblaze_store --url https://www.demoblaze.com/ --deep
2026-01-19T03:59:12.9105176Z ✅ Phase 'discovery' completed successfully.
2026-01-19T03:59:12.9105412Z 
2026-01-19T03:59:12.9105532Z [PHASE] Running Phase: PLANNING
2026-01-19T03:59:12.9106992Z    Command: /opt/hostedtoolcache/Python/3.11.14/x64/bin/python /home/runner/work/build_qa_automation/build_qa_automation/core/agents/planner.py --project /home/runner/work/build_qa_automation/build_qa_automation/projects/ci_demoblaze_store --goal Browse products and test purchase flow --url https://www.demoblaze.com/ --deep
2026-01-19T03:59:12.9108326Z ✅ Phase 'planning' completed successfully.
2026-01-19T03:59:12.9108524Z 
2026-01-19T03:59:12.9108619Z [PHASE] Running Phase: EXPLORATION
2026-01-19T03:59:12.9109550Z    Command: /opt/hostedtoolcache/Python/3.11.14/x64/bin/python /home/runner/work/build_qa_automation/build_qa_automation/core/agents/deep_explorer.py --project /home/runner/work/build_qa_automation/build_qa_automation/projects/ci_demoblaze_store
2026-01-19T03:59:12.9110552Z ✅ Phase 'exploration' completed successfully.
2026-01-19T03:59:12.9111213Z 📊 Exploration Discovery Success Rate: 93.0%
2026-01-19T03:59:12.9111594Z 
2026-01-19T03:59:12.9111685Z [PHASE] Running Phase: EXECUTION
2026-01-19T03:59:12.9112702Z    Command: /opt/hostedtoolcache/Python/3.11.14/x64/bin/python /home/runner/work/build_qa_automation/build_qa_automation/core/agents/executor.py --project /home/runner/work/build_qa_automation/build_qa_automation/projects/ci_demoblaze_store
2026-01-19T03:59:12.9113686Z ✅ Phase 'execution' completed successfully.
2026-01-19T03:59:12.9113882Z 
2026-01-19T03:59:12.9113984Z [DONE] Pipeline Execution Finished! [DONE]
2026-01-19T03:59:13.0168539Z ##[group]Run RESULT_FILE="projects/ci_demoblaze_store/execution.json"
2026-01-19T03:59:13.0169065Z [36;1mRESULT_FILE="projects/ci_demoblaze_store/execution.json"[0m
2026-01-19T03:59:13.0169440Z [36;1mif [ -f "$RESULT_FILE" ]; then[0m
2026-01-19T03:59:13.0169781Z [36;1m  echo "✅ Results generated successfully: $RESULT_FILE"[0m
2026-01-19T03:59:13.0170225Z [36;1m  cat "$RESULT_FILE" | jq '.scenarios | length' || echo "Result file exists"[0m
2026-01-19T03:59:13.0170818Z [36;1melse[0m
2026-01-19T03:59:13.0171086Z [36;1m  echo "❌ No result file found at $RESULT_FILE"[0m
2026-01-19T03:59:13.0171370Z [36;1m  exit 1[0m
2026-01-19T03:59:13.0171550Z [36;1mfi[0m
2026-01-19T03:59:13.0202748Z shell: /usr/bin/bash -e {0}
2026-01-19T03:59:13.0202984Z env:
2026-01-19T03:59:13.0203237Z   pythonLocation: /opt/hostedtoolcache/Python/3.11.14/x64
2026-01-19T03:59:13.0203657Z   PKG_CONFIG_PATH: /opt/hostedtoolcache/Python/3.11.14/x64/lib/pkgconfig
2026-01-19T03:59:13.0204106Z   Python_ROOT_DIR: /opt/hostedtoolcache/Python/3.11.14/x64
2026-01-19T03:59:13.0204487Z   Python2_ROOT_DIR: /opt/hostedtoolcache/Python/3.11.14/x64
2026-01-19T03:59:13.0204848Z   Python3_ROOT_DIR: /opt/hostedtoolcache/Python/3.11.14/x64
2026-01-19T03:59:13.0205234Z   LD_LIBRARY_PATH: /opt/hostedtoolcache/Python/3.11.14/x64/lib
2026-01-19T03:59:13.0205535Z ##[endgroup]
2026-01-19T03:59:13.0257882Z ✅ Results generated successfully: projects/ci_demoblaze_store/execution.json
2026-01-19T03:59:13.0285053Z 3
2026-01-19T03:59:13.0496548Z ##[group]Run actions/upload-artifact@v4
2026-01-19T03:59:13.0496825Z with:
2026-01-19T03:59:13.0497025Z   name: demoblaze_store-execution-results
2026-01-19T03:59:13.0497467Z   path: projects/ci_demoblaze_store/execution.json
projects/ci_demoblaze_store/workflow.json

2026-01-19T03:59:13.0497893Z   retention-days: 30
2026-01-19T03:59:13.0498100Z   if-no-files-found: warn
2026-01-19T03:59:13.0498316Z   compression-level: 6
2026-01-19T03:59:13.0498514Z   overwrite: false
2026-01-19T03:59:13.0498708Z   include-hidden-files: false
2026-01-19T03:59:13.0498921Z env:
2026-01-19T03:59:13.0499155Z   pythonLocation: /opt/hostedtoolcache/Python/3.11.14/x64
2026-01-19T03:59:13.0499558Z   PKG_CONFIG_PATH: /opt/hostedtoolcache/Python/3.11.14/x64/lib/pkgconfig
2026-01-19T03:59:13.0499954Z   Python_ROOT_DIR: /opt/hostedtoolcache/Python/3.11.14/x64
2026-01-19T03:59:13.0500310Z   Python2_ROOT_DIR: /opt/hostedtoolcache/Python/3.11.14/x64
2026-01-19T03:59:13.0512144Z   Python3_ROOT_DIR: /opt/hostedtoolcache/Python/3.11.14/x64
2026-01-19T03:59:13.0512567Z   LD_LIBRARY_PATH: /opt/hostedtoolcache/Python/3.11.14/x64/lib
2026-01-19T03:59:13.0512875Z ##[endgroup]
2026-01-19T03:59:13.2703476Z Multiple search paths detected. Calculating the least common ancestor of all paths
2026-01-19T03:59:13.2708325Z The least common ancestor is /home/runner/work/build_qa_automation/build_qa_automation/projects/ci_demoblaze_store. This will be the root directory of the artifact
2026-01-19T03:59:13.2709654Z With the provided path, there will be 2 files uploaded
2026-01-19T03:59:13.2716580Z Artifact name is valid!
2026-01-19T03:59:13.2717854Z Root directory input is valid!
2026-01-19T03:59:13.3569707Z Beginning upload of artifact content to blob storage
2026-01-19T03:59:13.4123875Z Uploaded bytes 4388
2026-01-19T03:59:13.4260206Z Finished uploading artifact content to blob storage!
2026-01-19T03:59:13.4264162Z SHA256 digest of uploaded artifact zip is 3b897965684463b5d6d6a39aab0f8405c95273d931aa24426b8f65702ac5a423
2026-01-19T03:59:13.4266842Z Finalizing artifact upload
2026-01-19T03:59:13.5196389Z Artifact demoblaze_store-execution-results.zip successfully finalized. Artifact ID 5172272295
2026-01-19T03:59:13.5197743Z Artifact demoblaze_store-execution-results has been successfully uploaded! Final size is 4388 bytes. Artifact ID is 5172272295
2026-01-19T03:59:13.5206684Z Artifact download URL: https://github.com/vishvasmca-cmd/build_qa_automation/actions/runs/21124435194/artifacts/5172272295
2026-01-19T03:59:13.5550052Z Post job cleanup.
2026-01-19T03:59:13.7058143Z Cache hit occurred on the primary key setup-python-Linux-x64-24.04-Ubuntu-python-3.11.14-pip-dde08d0e0b672972dcda9f1a063036a2e0c226f5d0a20362e9401931676d80a4, not saving cache.
2026-01-19T03:59:13.7475512Z Post job cleanup.
2026-01-19T03:59:13.8417973Z [command]/usr/bin/git version
2026-01-19T03:59:13.8458863Z git version 2.52.0
2026-01-19T03:59:13.8503297Z Temporarily overriding HOME='/home/runner/work/_temp/2822c7a6-31e1-496a-ad36-d38284342743' before making global git config changes
2026-01-19T03:59:13.8504607Z Adding repository directory to the temporary git global config as a safe directory
2026-01-19T03:59:13.8509518Z [command]/usr/bin/git config --global --add safe.directory /home/runner/work/build_qa_automation/build_qa_automation
2026-01-19T03:59:13.8554777Z [command]/usr/bin/git config --local --name-only --get-regexp core\.sshCommand
2026-01-19T03:59:13.8590037Z [command]/usr/bin/git submodule foreach --recursive sh -c "git config --local --name-only --get-regexp 'core\.sshCommand' && git config --local --unset-all 'core.sshCommand' || :"
2026-01-19T03:59:13.8843312Z [command]/usr/bin/git config --local --name-only --get-regexp http\.https\:\/\/github\.com\/\.extraheader
2026-01-19T03:59:13.8866710Z http.https://github.com/.extraheader
2026-01-19T03:59:13.8879508Z [command]/usr/bin/git config --local --unset-all http.https://github.com/.extraheader
2026-01-19T03:59:13.8912688Z [command]/usr/bin/git submodule foreach --recursive sh -c "git config --local --name-only --get-regexp 'http\.https\:\/\/github\.com\/\.extraheader' && git config --local --unset-all 'http.https://github.com/.extraheader' || :"
2026-01-19T03:59:13.9160300Z [command]/usr/bin/git config --local --name-only --get-regexp ^includeIf\.gitdir:
2026-01-19T03:59:13.9197778Z [command]/usr/bin/git submodule foreach --recursive git config --local --show-origin --name-only --get-regexp remote.origin.url
2026-01-19T03:59:13.9545519Z Cleaning up orphan processes
